OpenJDK 64-Bit Server VM (25.252-b09) for linux-amd64 JRE (1.8.0_252-8u252-b09-1ubuntu1-b09), built on Apr 16 2020 08:47:49 by "buildd" with gcc 9.3.0
Memory: 4k page, physical 39286120k(39105932k free), swap 10485760k(10485760k free)
CommandLine flags: -XX:InitialHeapSize=536870912 -XX:MaxHeapSize=536870912 -XX:MaxNewSize=178958336 -XX:MaxTenuringThreshold=6 -XX:NewSize=178958336 -XX:OldPLABSize=16 -XX:OldSize=357912576 -XX:+PrintGC -XX:+PrintGCDateStamps -XX:+PrintGCDetails -XX:+PrintGCTimeStamps -XX:+UseCompressedClassPointers -XX:+UseCompressedOops -XX:+UseConcMarkSweepGC -XX:+UseParNewGC 
2021-01-21T22:11:35.809+0800: 0.121: [GC (Allocation Failure) 2021-01-21T22:11:35.824+0800: 0.137: [ParNew: 139776K->17472K(157248K), 0.0147227 secs] 139776K->43331K(506816K), 0.0303243 secs] [Times: user=0.03 sys=0.04, real=0.03 secs] 
2021-01-21T22:11:35.860+0800: 0.172: [GC (Allocation Failure) 2021-01-21T22:11:35.861+0800: 0.173: [ParNew: 157224K->17469K(157248K), 0.0172570 secs] 183083K->88955K(506816K), 0.0181781 secs] [Times: user=0.04 sys=0.03, real=0.02 secs] 
2021-01-21T22:11:35.899+0800: 0.211: [GC (Allocation Failure) 2021-01-21T22:11:35.899+0800: 0.211: [ParNew: 157245K->17472K(157248K), 0.0198130 secs] 228731K->138507K(506816K), 0.0207310 secs] [Times: user=0.14 sys=0.01, real=0.02 secs] 
2021-01-21T22:11:35.941+0800: 0.253: [GC (Allocation Failure) 2021-01-21T22:11:35.942+0800: 0.254: [ParNew: 157248K->17472K(157248K), 0.0171206 secs] 278283K->178042K(506816K), 0.0180605 secs] [Times: user=0.11 sys=0.01, real=0.02 secs] 
2021-01-21T22:11:35.978+0800: 0.291: [GC (Allocation Failure) 2021-01-21T22:11:35.979+0800: 0.291: [ParNew: 157248K->17470K(157248K), 0.0192775 secs] 317818K->223947K(506816K), 0.0203221 secs] [Times: user=0.11 sys=0.02, real=0.02 secs] 
2021-01-21T22:11:36.000+0800: 0.312: [GC (CMS Initial Mark) [1 CMS-initial-mark: 206476K(349568K)] 227011K(506816K), 0.0021645 secs] [Times: user=0.01 sys=0.00, real=0.00 secs] 
2021-01-21T22:11:36.003+0800: 0.315: [CMS-concurrent-mark-start]
2021-01-21T22:11:36.004+0800: 0.316: [CMS-concurrent-mark: 0.001/0.001 secs] [Times: user=0.00 sys=0.00, real=0.00 secs] 
2021-01-21T22:11:36.004+0800: 0.316: [CMS-concurrent-preclean-start]
2021-01-21T22:11:36.005+0800: 0.317: [CMS-concurrent-preclean: 0.000/0.000 secs] [Times: user=0.00 sys=0.00, real=0.00 secs] 
2021-01-21T22:11:36.005+0800: 0.317: [CMS-concurrent-abortable-preclean-start]
2021-01-21T22:11:36.024+0800: 0.336: [GC (Allocation Failure) 2021-01-21T22:11:36.024+0800: 0.336: [ParNew: 157246K->17470K(157248K), 0.0184232 secs] 363723K->268499K(506816K), 0.0195090 secs] [Times: user=0.12 sys=0.02, real=0.02 secs] 
2021-01-21T22:11:36.063+0800: 0.375: [GC (Allocation Failure) 2021-01-21T22:11:36.064+0800: 0.376: [ParNew: 157246K->17470K(157248K), 0.0183743 secs] 408275K->317105K(506816K), 0.0194264 secs] [Times: user=0.13 sys=0.00, real=0.02 secs] 
2021-01-21T22:11:36.101+0800: 0.413: [GC (Allocation Failure) 2021-01-21T22:11:36.102+0800: 0.414: [ParNew: 157246K->157246K(157248K), 0.0003440 secs]2021-01-21T22:11:36.102+0800: 0.414: [CMS2021-01-21T22:11:36.103+0800: 0.415: [CMS-concurrent-abortable-preclean: 0.002/0.098 secs] [Times: user=0.30 sys=0.03, real=0.10 secs] 
 (concurrent mode failure): 299635K->256387K(349568K), 0.0374737 secs] 456881K->256387K(506816K), [Metaspace: 2809K->2809K(1056768K)], 0.0390438 secs] [Times: user=0.04 sys=0.00, real=0.04 secs] 
2021-01-21T22:11:36.158+0800: 0.470: [GC (Allocation Failure) 2021-01-21T22:11:36.158+0800: 0.470: [ParNew: 139205K->17471K(157248K), 0.0060900 secs] 395592K->304640K(506816K), 0.0069400 secs] [Times: user=0.04 sys=0.01, real=0.01 secs] 
2021-01-21T22:11:36.166+0800: 0.478: [GC (CMS Initial Mark) [1 CMS-initial-mark: 287169K(349568K)] 308645K(506816K), 0.0012864 secs] [Times: user=0.01 sys=0.00, real=0.00 secs] 
2021-01-21T22:11:36.168+0800: 0.480: [CMS-concurrent-mark-start]
2021-01-21T22:11:36.169+0800: 0.481: [CMS-concurrent-mark: 0.001/0.001 secs] [Times: user=0.00 sys=0.00, real=0.01 secs] 
2021-01-21T22:11:36.169+0800: 0.482: [CMS-concurrent-preclean-start]
2021-01-21T22:11:36.170+0800: 0.482: [CMS-concurrent-preclean: 0.000/0.000 secs] [Times: user=0.00 sys=0.00, real=0.00 secs] 
2021-01-21T22:11:36.170+0800: 0.482: [CMS-concurrent-abortable-preclean-start]
2021-01-21T22:11:36.186+0800: 0.498: [GC (Allocation Failure) 2021-01-21T22:11:36.187+0800: 0.499: [ParNew: 157247K->17471K(157248K), 0.0166783 secs] 444416K->351669K(506816K), 0.0176876 secs] [Times: user=0.12 sys=0.00, real=0.02 secs] 
2021-01-21T22:11:36.204+0800: 0.517: [CMS-concurrent-abortable-preclean: 0.000/0.034 secs] [Times: user=0.14 sys=0.00, real=0.03 secs] 
2021-01-21T22:11:36.205+0800: 0.517: [GC (CMS Final Remark) [YG occupancy: 21130 K (157248 K)]2021-01-21T22:11:36.206+0800: 0.518: [Rescan (parallel) , 0.0011348 secs]2021-01-21T22:11:36.207+0800: 0.519: [weak refs processing, 0.0003044 secs]2021-01-21T22:11:36.208+0800: 0.520: [class unloading, 0.0004483 secs]2021-01-21T22:11:36.209+0800: 0.521: [scrub symbol table, 0.0005329 secs]2021-01-21T22:11:36.209+0800: 0.521: [scrub string table, 0.0004045 secs][1 CMS-remark: 334198K(349568K)] 355328K(506816K), 0.0048551 secs] [Times: user=0.00 sys=0.00, real=0.01 secs] 
2021-01-21T22:11:36.211+0800: 0.523: [CMS-concurrent-sweep-start]
2021-01-21T22:11:36.211+0800: 0.523: [CMS-concurrent-sweep: 0.000/0.000 secs] [Times: user=0.00 sys=0.00, real=0.00 secs] 
2021-01-21T22:11:36.211+0800: 0.523: [CMS-concurrent-reset-start]
2021-01-21T22:11:36.212+0800: 0.524: [CMS-concurrent-reset: 0.000/0.000 secs] [Times: user=0.00 sys=0.00, real=0.00 secs] 
2021-01-21T22:11:36.229+0800: 0.541: [GC (Allocation Failure) 2021-01-21T22:11:36.229+0800: 0.541: [ParNew: 157247K->157247K(157248K), 0.0002631 secs]2021-01-21T22:11:36.230+0800: 0.542: [CMS: 296964K->293603K(349568K), 0.0397473 secs] 454212K->293603K(506816K), [Metaspace: 2809K->2809K(1056768K)], 0.0413616 secs] [Times: user=0.04 sys=0.00, real=0.04 secs] 
2021-01-21T22:11:36.271+0800: 0.583: [GC (CMS Initial Mark) [1 CMS-initial-mark: 293603K(349568K)] 296438K(506816K), 0.0013604 secs] [Times: user=0.00 sys=0.00, real=0.00 secs] 
2021-01-21T22:11:36.273+0800: 0.585: [CMS-concurrent-mark-start]
2021-01-21T22:11:36.274+0800: 0.586: [CMS-concurrent-mark: 0.001/0.001 secs] [Times: user=0.00 sys=0.00, real=0.00 secs] 
2021-01-21T22:11:36.275+0800: 0.587: [CMS-concurrent-preclean-start]
2021-01-21T22:11:36.275+0800: 0.587: [CMS-concurrent-preclean: 0.000/0.000 secs] [Times: user=0.00 sys=0.00, real=0.00 secs] 
2021-01-21T22:11:36.275+0800: 0.587: [CMS-concurrent-abortable-preclean-start]
2021-01-21T22:11:36.292+0800: 0.604: [GC (Allocation Failure) 2021-01-21T22:11:36.292+0800: 0.604: [ParNew: 139776K->17470K(157248K), 0.0056635 secs] 433379K->337591K(506816K), 0.0065827 secs] [Times: user=0.04 sys=0.00, real=0.01 secs] 
2021-01-21T22:11:36.319+0800: 0.631: [GC (Allocation Failure) 2021-01-21T22:11:36.319+0800: 0.632: [ParNew: 157246K->157246K(157248K), 0.0003417 secs]2021-01-21T22:11:36.320+0800: 0.632: [CMS2021-01-21T22:11:36.321+0800: 0.633: [CMS-concurrent-abortable-preclean: 0.002/0.045 secs] [Times: user=0.07 sys=0.00, real=0.05 secs] 
 (concurrent mode failure): 320120K->315326K(349568K), 0.0419696 secs] 477367K->315326K(506816K), [Metaspace: 2809K->2809K(1056768K)], 0.0436913 secs] [Times: user=0.04 sys=0.00, real=0.04 secs] 
2021-01-21T22:11:36.383+0800: 0.695: [GC (Allocation Failure) 2021-01-21T22:11:36.384+0800: 0.696: [ParNew: 139776K->17469K(157248K), 0.0067863 secs] 455102K->356193K(506816K), 0.0076236 secs] [Times: user=0.05 sys=0.00, real=0.01 secs] 
2021-01-21T22:11:36.392+0800: 0.704: [GC (CMS Initial Mark) [1 CMS-initial-mark: 338723K(349568K)] 359335K(506816K), 0.0014826 secs] [Times: user=0.00 sys=0.00, real=0.00 secs] 
2021-01-21T22:11:36.394+0800: 0.706: [CMS-concurrent-mark-start]
2021-01-21T22:11:36.396+0800: 0.708: [CMS-concurrent-mark: 0.001/0.001 secs] [Times: user=0.00 sys=0.00, real=0.00 secs] 
2021-01-21T22:11:36.396+0800: 0.708: [CMS-concurrent-preclean-start]
2021-01-21T22:11:36.397+0800: 0.709: [CMS-concurrent-preclean: 0.001/0.001 secs] [Times: user=0.00 sys=0.00, real=0.00 secs] 
2021-01-21T22:11:36.397+0800: 0.709: [CMS-concurrent-abortable-preclean-start]
2021-01-21T22:11:36.397+0800: 0.709: [CMS-concurrent-abortable-preclean: 0.000/0.000 secs] [Times: user=0.00 sys=0.00, real=0.00 secs] 
2021-01-21T22:11:36.398+0800: 0.710: [GC (CMS Final Remark) [YG occupancy: 40794 K (157248 K)]2021-01-21T22:11:36.398+0800: 0.710: [Rescan (parallel) , 0.0007356 secs]2021-01-21T22:11:36.399+0800: 0.711: [weak refs processing, 0.0003201 secs]2021-01-21T22:11:36.400+0800: 0.712: [class unloading, 0.0004829 secs]2021-01-21T22:11:36.400+0800: 0.712: [scrub symbol table, 0.0006359 secs]2021-01-21T22:11:36.401+0800: 0.713: [scrub string table, 0.0004287 secs][1 CMS-remark: 338723K(349568K)] 379518K(506816K), 0.0044301 secs] [Times: user=0.00 sys=0.00, real=0.01 secs] 
2021-01-21T22:11:36.403+0800: 0.715: [CMS-concurrent-sweep-start]
2021-01-21T22:11:36.403+0800: 0.715: [CMS-concurrent-sweep: 0.000/0.000 secs] [Times: user=0.00 sys=0.00, real=0.00 secs] 
2021-01-21T22:11:36.403+0800: 0.715: [CMS-concurrent-reset-start]
2021-01-21T22:11:36.404+0800: 0.716: [CMS-concurrent-reset: 0.000/0.000 secs] [Times: user=0.00 sys=0.00, real=0.00 secs] 
2021-01-21T22:11:36.418+0800: 0.730: [GC (Allocation Failure) 2021-01-21T22:11:36.419+0800: 0.731: [ParNew (promotion failed): 157245K->157247K(157248K), 0.0123250 secs]2021-01-21T22:11:36.432+0800: 0.744: [CMS: 348134K->331038K(349568K), 0.0447477 secs] 459785K->331038K(506816K), [Metaspace: 2809K->2809K(1056768K)], 0.0584489 secs] [Times: user=0.12 sys=0.01, real=0.05 secs] 
2021-01-21T22:11:36.478+0800: 0.790: [GC (CMS Initial Mark) [1 CMS-initial-mark: 331038K(349568K)] 334431K(506816K), 0.0014147 secs] [Times: user=0.00 sys=0.00, real=0.01 secs] 
2021-01-21T22:11:36.480+0800: 0.792: [CMS-concurrent-mark-start]
2021-01-21T22:11:36.482+0800: 0.794: [CMS-concurrent-mark: 0.001/0.001 secs] [Times: user=0.00 sys=0.00, real=0.00 secs] 
2021-01-21T22:11:36.482+0800: 0.794: [CMS-concurrent-preclean-start]
2021-01-21T22:11:36.482+0800: 0.794: [CMS-concurrent-preclean: 0.000/0.000 secs] [Times: user=0.00 sys=0.00, real=0.00 secs] 
2021-01-21T22:11:36.483+0800: 0.795: [CMS-concurrent-abortable-preclean-start]
2021-01-21T22:11:36.498+0800: 0.810: [GC (Allocation Failure) 2021-01-21T22:11:36.498+0800: 0.810: [ParNew: 139765K->139765K(157248K), 0.0006098 secs]2021-01-21T22:11:36.499+0800: 0.811: [CMS2021-01-21T22:11:36.500+0800: 0.812: [CMS-concurrent-abortable-preclean: 0.000/0.017 secs] [Times: user=0.02 sys=0.00, real=0.02 secs] 
 (concurrent mode failure): 331038K->335550K(349568K), 0.0459000 secs] 470803K->335550K(506816K), [Metaspace: 2809K->2809K(1056768K)], 0.0480431 secs] [Times: user=0.04 sys=0.00, real=0.05 secs] 
2021-01-21T22:11:36.564+0800: 0.876: [GC (Allocation Failure) 2021-01-21T22:11:36.564+0800: 0.876: [ParNew: 139776K->139776K(157248K), 0.0004869 secs]2021-01-21T22:11:36.565+0800: 0.877: [CMS: 335550K->343832K(349568K), 0.0437927 secs] 475326K->343832K(506816K), [Metaspace: 2809K->2809K(1056768K)], 0.0458143 secs] [Times: user=0.05 sys=0.00, real=0.05 secs] 
2021-01-21T22:11:36.610+0800: 0.923: [GC (CMS Initial Mark) [1 CMS-initial-mark: 343832K(349568K)] 347169K(506816K), 0.0012311 secs] [Times: user=0.00 sys=0.00, real=0.00 secs] 
2021-01-21T22:11:36.612+0800: 0.924: [CMS-concurrent-mark-start]
2021-01-21T22:11:36.614+0800: 0.926: [CMS-concurrent-mark: 0.001/0.001 secs] [Times: user=0.00 sys=0.00, real=0.00 secs] 
2021-01-21T22:11:36.614+0800: 0.926: [CMS-concurrent-preclean-start]
2021-01-21T22:11:36.615+0800: 0.927: [CMS-concurrent-preclean: 0.000/0.000 secs] [Times: user=0.00 sys=0.00, real=0.00 secs] 
2021-01-21T22:11:36.615+0800: 0.927: [CMS-concurrent-abortable-preclean-start]
2021-01-21T22:11:36.615+0800: 0.927: [CMS-concurrent-abortable-preclean: 0.000/0.000 secs] [Times: user=0.00 sys=0.00, real=0.00 secs] 
2021-01-21T22:11:36.615+0800: 0.927: [GC (CMS Final Remark) [YG occupancy: 22632 K (157248 K)]2021-01-21T22:11:36.616+0800: 0.928: [Rescan (parallel) , 0.0006962 secs]2021-01-21T22:11:36.617+0800: 0.929: [weak refs processing, 0.0003714 secs]2021-01-21T22:11:36.617+0800: 0.929: [class unloading, 0.0005923 secs]2021-01-21T22:11:36.618+0800: 0.930: [scrub symbol table, 0.0006670 secs]2021-01-21T22:11:36.619+0800: 0.931: [scrub string table, 0.0003943 secs][1 CMS-remark: 343832K(349568K)] 366464K(506816K), 0.0042826 secs] [Times: user=0.01 sys=0.00, real=0.01 secs] 
2021-01-21T22:11:36.620+0800: 0.932: [CMS-concurrent-sweep-start]
2021-01-21T22:11:36.621+0800: 0.933: [CMS-concurrent-sweep: 0.000/0.000 secs] [Times: user=0.00 sys=0.00, real=0.00 secs] 
2021-01-21T22:11:36.621+0800: 0.933: [CMS-concurrent-reset-start]
2021-01-21T22:11:36.621+0800: 0.933: [CMS-concurrent-reset: 0.000/0.000 secs] [Times: user=0.00 sys=0.00, real=0.00 secs] 
2021-01-21T22:11:36.635+0800: 0.947: [GC (Allocation Failure) 2021-01-21T22:11:36.635+0800: 0.947: [ParNew: 139776K->139776K(157248K), 0.0003137 secs]2021-01-21T22:11:36.636+0800: 0.948: [CMS: 343596K->348867K(349568K), 0.0455308 secs] 483372K->348867K(506816K), [Metaspace: 2809K->2809K(1056768K)], 0.0471392 secs] [Times: user=0.05 sys=0.00, real=0.05 secs] 
2021-01-21T22:11:36.683+0800: 0.995: [GC (CMS Initial Mark) [1 CMS-initial-mark: 348867K(349568K)] 351702K(506816K), 0.0014924 secs] [Times: user=0.00 sys=0.00, real=0.00 secs] 
2021-01-21T22:11:36.685+0800: 0.997: [CMS-concurrent-mark-start]
2021-01-21T22:11:36.687+0800: 0.999: [CMS-concurrent-mark: 0.001/0.001 secs] [Times: user=0.00 sys=0.00, real=0.00 secs] 
2021-01-21T22:11:36.687+0800: 0.999: [CMS-concurrent-preclean-start]
2021-01-21T22:11:36.688+0800: 1.000: [CMS-concurrent-preclean: 0.001/0.001 secs] [Times: user=0.00 sys=0.00, real=0.00 secs] 
2021-01-21T22:11:36.688+0800: 1.000: [CMS-concurrent-abortable-preclean-start]
2021-01-21T22:11:36.688+0800: 1.000: [CMS-concurrent-abortable-preclean: 0.000/0.000 secs] [Times: user=0.00 sys=0.00, real=0.00 secs] 
2021-01-21T22:11:36.689+0800: 1.001: [GC (CMS Final Remark) [YG occupancy: 29790 K (157248 K)]2021-01-21T22:11:36.689+0800: 1.001: [Rescan (parallel) , 0.0012327 secs]2021-01-21T22:11:36.691+0800: 1.003: [weak refs processing, 0.0003250 secs]2021-01-21T22:11:36.691+0800: 1.003: [class unloading, 0.0004698 secs]2021-01-21T22:11:36.692+0800: 1.004: [scrub symbol table, 0.0007306 secs]2021-01-21T22:11:36.693+0800: 1.005: [scrub string table, 0.0004555 secs][1 CMS-remark: 348867K(349568K)] 378658K(506816K), 0.0049210 secs] [Times: user=0.00 sys=0.00, real=0.00 secs] 
2021-01-21T22:11:36.694+0800: 1.006: [CMS-concurrent-sweep-start]
2021-01-21T22:11:36.695+0800: 1.007: [CMS-concurrent-sweep: 0.000/0.000 secs] [Times: user=0.00 sys=0.00, real=0.00 secs] 
2021-01-21T22:11:36.695+0800: 1.007: [CMS-concurrent-reset-start]
2021-01-21T22:11:36.695+0800: 1.007: [CMS-concurrent-reset: 0.000/0.000 secs] [Times: user=0.00 sys=0.00, real=0.00 secs] 
2021-01-21T22:11:36.711+0800: 1.023: [GC (Allocation Failure) 2021-01-21T22:11:36.711+0800: 1.024: [ParNew: 139776K->139776K(157248K), 0.0003973 secs]2021-01-21T22:11:36.712+0800: 1.024: [CMS: 347501K->349246K(349568K), 0.0549905 secs] 487277K->350149K(506816K), [Metaspace: 2809K->2809K(1056768K)], 0.0567450 secs] [Times: user=0.05 sys=0.00, real=0.05 secs] 
2021-01-21T22:11:36.769+0800: 1.081: [GC (CMS Initial Mark) [1 CMS-initial-mark: 349246K(349568K)] 353048K(506816K), 0.0012206 secs] [Times: user=0.00 sys=0.00, real=0.00 secs] 
2021-01-21T22:11:36.771+0800: 1.083: [CMS-concurrent-mark-start]
2021-01-21T22:11:36.772+0800: 1.084: [CMS-concurrent-mark: 0.002/0.002 secs] [Times: user=0.00 sys=0.00, real=0.00 secs] 
2021-01-21T22:11:36.772+0800: 1.084: [CMS-concurrent-preclean-start]
2021-01-21T22:11:36.773+0800: 1.085: [CMS-concurrent-preclean: 0.001/0.001 secs] [Times: user=0.00 sys=0.00, real=0.00 secs] 
2021-01-21T22:11:36.774+0800: 1.086: [CMS-concurrent-abortable-preclean-start]
2021-01-21T22:11:36.774+0800: 1.086: [CMS-concurrent-abortable-preclean: 0.000/0.000 secs] [Times: user=0.00 sys=0.00, real=0.00 secs] 
2021-01-21T22:11:36.774+0800: 1.086: [GC (CMS Final Remark) [YG occupancy: 24144 K (157248 K)]2021-01-21T22:11:36.775+0800: 1.087: [Rescan (parallel) , 0.0015876 secs]2021-01-21T22:11:36.777+0800: 1.089: [weak refs processing, 0.0004278 secs]2021-01-21T22:11:36.778+0800: 1.090: [class unloading, 0.0007170 secs]2021-01-21T22:11:36.779+0800: 1.091: [scrub symbol table, 0.0005576 secs]2021-01-21T22:11:36.779+0800: 1.091: [scrub string table, 0.0005655 secs][1 CMS-remark: 349246K(349568K)] 373391K(506816K), 0.0060888 secs] [Times: user=0.01 sys=0.00, real=0.01 secs] 
2021-01-21T22:11:36.781+0800: 1.093: [CMS-concurrent-sweep-start]
2021-01-21T22:11:36.782+0800: 1.094: [CMS-concurrent-sweep: 0.000/0.000 secs] [Times: user=0.00 sys=0.00, real=0.00 secs] 
2021-01-21T22:11:36.782+0800: 1.094: [CMS-concurrent-reset-start]
2021-01-21T22:11:36.784+0800: 1.096: [CMS-concurrent-reset: 0.001/0.001 secs] [Times: user=0.00 sys=0.00, real=0.00 secs] 
2021-01-21T22:11:36.802+0800: 1.114: [GC (Allocation Failure) 2021-01-21T22:11:36.803+0800: 1.115: [ParNew: 156868K->156868K(157248K), 0.0004908 secs]2021-01-21T22:11:36.804+0800: 1.116: [CMS: 348946K->349365K(349568K), 0.0540739 secs] 505815K->351963K(506816K), [Metaspace: 2809K->2809K(1056768K)], 0.0558550 secs] [Times: user=0.06 sys=0.00, real=0.06 secs] 
2021-01-21T22:11:36.859+0800: 1.171: [GC (CMS Initial Mark) [1 CMS-initial-mark: 349365K(349568K)] 355882K(506816K), 0.0006416 secs] [Times: user=0.00 sys=0.00, real=0.00 secs] 
2021-01-21T22:11:36.860+0800: 1.172: [CMS-concurrent-mark-start]
2021-01-21T22:11:36.861+0800: 1.173: [CMS-concurrent-mark: 0.002/0.002 secs] [Times: user=0.00 sys=0.00, real=0.00 secs] 
2021-01-21T22:11:36.862+0800: 1.174: [CMS-concurrent-preclean-start]
2021-01-21T22:11:36.863+0800: 1.175: [CMS-concurrent-preclean: 0.001/0.001 secs] [Times: user=0.00 sys=0.00, real=0.00 secs] 
2021-01-21T22:11:36.863+0800: 1.175: [CMS-concurrent-abortable-preclean-start]
2021-01-21T22:11:36.863+0800: 1.175: [CMS-concurrent-abortable-preclean: 0.000/0.000 secs] [Times: user=0.00 sys=0.00, real=0.00 secs] 
2021-01-21T22:11:36.864+0800: 1.176: [GC (CMS Final Remark) [YG occupancy: 34329 K (157248 K)]2021-01-21T22:11:36.864+0800: 1.176: [Rescan (parallel) , 0.0045247 secs]2021-01-21T22:11:36.869+0800: 1.181: [weak refs processing, 0.0002784 secs]2021-01-21T22:11:36.869+0800: 1.181: [class unloading, 0.0004879 secs]2021-01-21T22:11:36.870+0800: 1.182: [scrub symbol table, 0.0008832 secs]2021-01-21T22:11:36.871+0800: 1.183: [scrub string table, 0.0003741 secs][1 CMS-remark: 349365K(349568K)] 383695K(506816K), 0.0081603 secs] [Times: user=0.01 sys=0.01, real=0.01 secs] 
2021-01-21T22:11:36.873+0800: 1.185: [CMS-concurrent-sweep-start]
2021-01-21T22:11:36.873+0800: 1.185: [CMS-concurrent-sweep: 0.000/0.000 secs] [Times: user=0.00 sys=0.00, real=0.00 secs] 
2021-01-21T22:11:36.873+0800: 1.185: [CMS-concurrent-reset-start]
2021-01-21T22:11:36.873+0800: 1.185: [CMS-concurrent-reset: 0.000/0.000 secs] [Times: user=0.00 sys=0.00, real=0.00 secs] 
2021-01-21T22:11:36.889+0800: 1.201: [GC (Allocation Failure) 2021-01-21T22:11:36.890+0800: 1.202: [ParNew: 157196K->157196K(157248K), 0.0003931 secs]2021-01-21T22:11:36.890+0800: 1.202: [CMS: 348291K->349461K(349568K), 0.0538638 secs] 505488K->352348K(506816K), [Metaspace: 2809K->2809K(1056768K)], 0.0555225 secs] [Times: user=0.06 sys=0.00, real=0.05 secs] 
2021-01-21T22:11:36.946+0800: 1.258: [GC (CMS Initial Mark) [1 CMS-initial-mark: 349461K(349568K)] 355356K(506816K), 0.0010877 secs] [Times: user=0.00 sys=0.00, real=0.00 secs] 
2021-01-21T22:11:36.948+0800: 1.260: [CMS-concurrent-mark-start]
2021-01-21T22:11:36.951+0800: 1.263: [CMS-concurrent-mark: 0.003/0.003 secs] [Times: user=0.00 sys=0.01, real=0.01 secs] 
2021-01-21T22:11:36.951+0800: 1.263: [CMS-concurrent-preclean-start]
2021-01-21T22:11:36.952+0800: 1.264: [CMS-concurrent-preclean: 0.001/0.001 secs] [Times: user=0.00 sys=0.00, real=0.00 secs] 
2021-01-21T22:11:36.953+0800: 1.265: [CMS-concurrent-abortable-preclean-start]
2021-01-21T22:11:36.953+0800: 1.265: [CMS-concurrent-abortable-preclean: 0.000/0.000 secs] [Times: user=0.00 sys=0.00, real=0.00 secs] 
2021-01-21T22:11:36.954+0800: 1.266: [GC (CMS Final Remark) [YG occupancy: 36929 K (157248 K)]2021-01-21T22:11:36.954+0800: 1.266: [Rescan (parallel) , 0.0012325 secs]2021-01-21T22:11:36.955+0800: 1.267: [weak refs processing, 0.0002832 secs]2021-01-21T22:11:36.956+0800: 1.268: [class unloading, 0.0003910 secs]2021-01-21T22:11:36.956+0800: 1.268: [scrub symbol table, 0.0005025 secs]2021-01-21T22:11:36.957+0800: 1.269: [scrub string table, 0.0003591 secs][1 CMS-remark: 349461K(349568K)] 386391K(506816K), 0.0039152 secs] [Times: user=0.01 sys=0.00, real=0.00 secs] 
2021-01-21T22:11:36.958+0800: 1.270: [CMS-concurrent-sweep-start]
2021-01-21T22:11:36.959+0800: 1.271: [CMS-concurrent-sweep: 0.000/0.000 secs] [Times: user=0.00 sys=0.00, real=0.00 secs] 
2021-01-21T22:11:36.959+0800: 1.271: [CMS-concurrent-reset-start]
2021-01-21T22:11:36.959+0800: 1.271: [CMS-concurrent-reset: 0.000/0.000 secs] [Times: user=0.00 sys=0.00, real=0.00 secs] 
2021-01-21T22:11:36.975+0800: 1.287: [GC (Allocation Failure) 2021-01-21T22:11:36.976+0800: 1.288: [ParNew: 156861K->156861K(157248K), 0.0003495 secs]2021-01-21T22:11:36.977+0800: 1.289: [CMS: 349279K->349499K(349568K), 0.0507542 secs] 506141K->354444K(506816K), [Metaspace: 2809K->2809K(1056768K)], 0.0523496 secs] [Times: user=0.05 sys=0.00, real=0.06 secs] 
2021-01-21T22:11:37.029+0800: 1.341: [GC (CMS Initial Mark) [1 CMS-initial-mark: 349499K(349568K)] 357893K(506816K), 0.0017106 secs] [Times: user=0.00 sys=0.00, real=0.00 secs] 
2021-01-21T22:11:37.032+0800: 1.344: [CMS-concurrent-mark-start]
2021-01-21T22:11:37.033+0800: 1.346: [CMS-concurrent-mark: 0.001/0.001 secs] [Times: user=0.00 sys=0.00, real=0.00 secs] 
2021-01-21T22:11:37.034+0800: 1.346: [CMS-concurrent-preclean-start]
2021-01-21T22:11:37.035+0800: 1.347: [CMS-concurrent-preclean: 0.001/0.001 secs] [Times: user=0.01 sys=0.00, real=0.00 secs] 
2021-01-21T22:11:37.035+0800: 1.347: [CMS-concurrent-abortable-preclean-start]
2021-01-21T22:11:37.035+0800: 1.347: [CMS-concurrent-abortable-preclean: 0.000/0.000 secs] [Times: user=0.00 sys=0.00, real=0.00 secs] 
2021-01-21T22:11:37.036+0800: 1.348: [GC (CMS Final Remark) [YG occupancy: 37956 K (157248 K)]2021-01-21T22:11:37.036+0800: 1.348: [Rescan (parallel) , 0.0011082 secs]2021-01-21T22:11:37.038+0800: 1.350: [weak refs processing, 0.0002063 secs]2021-01-21T22:11:37.038+0800: 1.350: [class unloading, 0.0004640 secs]2021-01-21T22:11:37.039+0800: 1.351: [scrub symbol table, 0.0005542 secs]2021-01-21T22:11:37.040+0800: 1.352: [scrub string table, 0.0004022 secs][1 CMS-remark: 349499K(349568K)] 387455K(506816K), 0.0043900 secs] [Times: user=0.00 sys=0.00, real=0.01 secs] 
2021-01-21T22:11:37.041+0800: 1.353: [CMS-concurrent-sweep-start]
2021-01-21T22:11:37.041+0800: 1.353: [CMS-concurrent-sweep: 0.000/0.000 secs] [Times: user=0.00 sys=0.00, real=0.00 secs] 
2021-01-21T22:11:37.041+0800: 1.354: [CMS-concurrent-reset-start]
2021-01-21T22:11:37.042+0800: 1.354: [CMS-concurrent-reset: 0.000/0.000 secs] [Times: user=0.00 sys=0.00, real=0.00 secs] 
2021-01-21T22:11:37.057+0800: 1.369: [GC (Allocation Failure) 2021-01-21T22:11:37.057+0800: 1.369: [ParNew: 157006K->157006K(157248K), 0.0003997 secs]2021-01-21T22:11:37.058+0800: 1.370: [CMS: 348739K->349547K(349568K), 0.0488860 secs] 505745K->357133K(506816K), [Metaspace: 2809K->2809K(1056768K)], 0.0506843 secs] [Times: user=0.05 sys=0.00, real=0.05 secs] 
2021-01-21T22:11:37.109+0800: 1.421: [GC (CMS Initial Mark) [1 CMS-initial-mark: 349547K(349568K)] 360215K(506816K), 0.0014277 secs] [Times: user=0.00 sys=0.00, real=0.00 secs] 
2021-01-21T22:11:37.111+0800: 1.423: [CMS-concurrent-mark-start]
2021-01-21T22:11:37.113+0800: 1.425: [CMS-concurrent-mark: 0.002/0.002 secs] [Times: user=0.00 sys=0.00, real=0.00 secs] 
2021-01-21T22:11:37.114+0800: 1.426: [CMS-concurrent-preclean-start]
2021-01-21T22:11:37.115+0800: 1.427: [CMS-concurrent-preclean: 0.001/0.001 secs] [Times: user=0.00 sys=0.00, real=0.00 secs] 
2021-01-21T22:11:37.115+0800: 1.427: [CMS-concurrent-abortable-preclean-start]
2021-01-21T22:11:37.115+0800: 1.427: [CMS-concurrent-abortable-preclean: 0.000/0.000 secs] [Times: user=0.00 sys=0.00, real=0.00 secs] 
2021-01-21T22:11:37.116+0800: 1.428: [GC (CMS Final Remark) [YG occupancy: 36346 K (157248 K)]2021-01-21T22:11:37.116+0800: 1.428: [Rescan (parallel) , 0.0012820 secs]2021-01-21T22:11:37.118+0800: 1.430: [weak refs processing, 0.0003648 secs]2021-01-21T22:11:37.118+0800: 1.430: [class unloading, 0.0004853 secs]2021-01-21T22:11:37.119+0800: 1.431: [scrub symbol table, 0.0006114 secs]2021-01-21T22:11:37.120+0800: 1.432: [scrub string table, 0.0004182 secs][1 CMS-remark: 349547K(349568K)] 385894K(506816K), 0.0049663 secs] [Times: user=0.00 sys=0.00, real=0.01 secs] 
2021-01-21T22:11:37.121+0800: 1.433: [CMS-concurrent-sweep-start]
2021-01-21T22:11:37.122+0800: 1.434: [CMS-concurrent-sweep: 0.000/0.000 secs] [Times: user=0.00 sys=0.00, real=0.00 secs] 
2021-01-21T22:11:37.122+0800: 1.434: [CMS-concurrent-reset-start]
2021-01-21T22:11:37.122+0800: 1.434: [CMS-concurrent-reset: 0.000/0.000 secs] [Times: user=0.00 sys=0.00, real=0.00 secs] 
2021-01-21T22:11:37.136+0800: 1.448: [GC (Allocation Failure) 2021-01-21T22:11:37.137+0800: 1.449: [ParNew: 157121K->157121K(157248K), 0.0004037 secs]2021-01-21T22:11:37.137+0800: 1.450: [CMS: 348634K->349209K(349568K), 0.0498459 secs] 505755K->357969K(506816K), [Metaspace: 2809K->2809K(1056768K)], 0.0516569 secs] [Times: user=0.05 sys=0.00, real=0.06 secs] 
2021-01-21T22:11:37.189+0800: 1.501: [GC (CMS Initial Mark) [1 CMS-initial-mark: 349209K(349568K)] 361215K(506816K), 0.0012846 secs] [Times: user=0.00 sys=0.00, real=0.00 secs] 
2021-01-21T22:11:37.191+0800: 1.503: [CMS-concurrent-mark-start]
2021-01-21T22:11:37.192+0800: 1.504: [CMS-concurrent-mark: 0.001/0.001 secs] [Times: user=0.00 sys=0.00, real=0.00 secs] 
2021-01-21T22:11:37.193+0800: 1.505: [CMS-concurrent-preclean-start]
2021-01-21T22:11:37.193+0800: 1.506: [CMS-concurrent-preclean: 0.001/0.001 secs] [Times: user=0.00 sys=0.00, real=0.00 secs] 
2021-01-21T22:11:37.194+0800: 1.506: [CMS-concurrent-abortable-preclean-start]
2021-01-21T22:11:37.194+0800: 1.506: [CMS-concurrent-abortable-preclean: 0.000/0.000 secs] [Times: user=0.00 sys=0.00, real=0.00 secs] 
2021-01-21T22:11:37.194+0800: 1.506: [GC (CMS Final Remark) [YG occupancy: 39160 K (157248 K)]2021-01-21T22:11:37.195+0800: 1.507: [Rescan (parallel) , 0.0013649 secs]2021-01-21T22:11:37.196+0800: 1.508: [weak refs processing, 0.0003170 secs]2021-01-21T22:11:37.197+0800: 1.509: [class unloading, 0.0004771 secs]2021-01-21T22:11:37.198+0800: 1.510: [scrub symbol table, 0.0005790 secs]2021-01-21T22:11:37.199+0800: 1.511: [scrub string table, 0.0003949 secs][1 CMS-remark: 349209K(349568K)] 388370K(506816K), 0.0049358 secs] [Times: user=0.01 sys=0.00, real=0.01 secs] 
2021-01-21T22:11:37.200+0800: 1.512: [CMS-concurrent-sweep-start]
2021-01-21T22:11:37.200+0800: 1.512: [CMS-concurrent-sweep: 0.000/0.000 secs] [Times: user=0.00 sys=0.00, real=0.00 secs] 
2021-01-21T22:11:37.200+0800: 1.512: [CMS-concurrent-reset-start]
2021-01-21T22:11:37.201+0800: 1.513: [CMS-concurrent-reset: 0.000/0.000 secs] [Times: user=0.00 sys=0.00, real=0.00 secs] 
2021-01-21T22:11:37.214+0800: 1.526: [GC (Allocation Failure) 2021-01-21T22:11:37.215+0800: 1.527: [ParNew: 157237K->157237K(157248K), 0.0003362 secs]2021-01-21T22:11:37.216+0800: 1.528: [CMS: 347803K->349365K(349568K), 0.0501756 secs] 505041K->362745K(506816K), [Metaspace: 2809K->2809K(1056768K)], 0.0518258 secs] [Times: user=0.05 sys=0.00, real=0.05 secs] 
2021-01-21T22:11:37.267+0800: 1.579: [GC (CMS Initial Mark) [1 CMS-initial-mark: 349365K(349568K)] 366334K(506816K), 0.0011191 secs] [Times: user=0.00 sys=0.01, real=0.01 secs] 
2021-01-21T22:11:37.269+0800: 1.581: [CMS-concurrent-mark-start]
2021-01-21T22:11:37.270+0800: 1.582: [CMS-concurrent-mark: 0.001/0.001 secs] [Times: user=0.00 sys=0.00, real=0.00 secs] 
2021-01-21T22:11:37.271+0800: 1.583: [CMS-concurrent-preclean-start]
2021-01-21T22:11:37.272+0800: 1.584: [CMS-concurrent-preclean: 0.001/0.001 secs] [Times: user=0.00 sys=0.00, real=0.00 secs] 
2021-01-21T22:11:37.272+0800: 1.584: [CMS-concurrent-abortable-preclean-start]
2021-01-21T22:11:37.272+0800: 1.584: [CMS-concurrent-abortable-preclean: 0.000/0.000 secs] [Times: user=0.00 sys=0.00, real=0.00 secs] 
2021-01-21T22:11:37.273+0800: 1.585: [GC (CMS Final Remark) [YG occupancy: 47605 K (157248 K)]2021-01-21T22:11:37.273+0800: 1.585: [Rescan (parallel) , 0.0010855 secs]2021-01-21T22:11:37.274+0800: 1.586: [weak refs processing, 0.0002809 secs]2021-01-21T22:11:37.275+0800: 1.587: [class unloading, 0.0005630 secs]2021-01-21T22:11:37.275+0800: 1.587: [scrub symbol table, 0.0004977 secs]2021-01-21T22:11:37.276+0800: 1.588: [scrub string table, 0.0003868 secs][1 CMS-remark: 349365K(349568K)] 396970K(506816K), 0.0042709 secs] [Times: user=0.01 sys=0.00, real=0.00 secs] 
2021-01-21T22:11:37.277+0800: 1.589: [CMS-concurrent-sweep-start]
2021-01-21T22:11:37.278+0800: 1.590: [CMS-concurrent-sweep: 0.000/0.000 secs] [Times: user=0.00 sys=0.00, real=0.00 secs] 
2021-01-21T22:11:37.278+0800: 1.590: [CMS-concurrent-reset-start]
2021-01-21T22:11:37.278+0800: 1.590: [CMS-concurrent-reset: 0.000/0.000 secs] [Times: user=0.00 sys=0.00, real=0.01 secs] 
2021-01-21T22:11:37.291+0800: 1.603: [GC (Allocation Failure) 2021-01-21T22:11:37.292+0800: 1.604: [ParNew: 157203K->157203K(157248K), 0.0004378 secs]2021-01-21T22:11:37.293+0800: 1.605: [CMS: 347835K->349471K(349568K), 0.0515459 secs] 505039K->366643K(506816K), [Metaspace: 2809K->2809K(1056768K)], 0.0534053 secs] [Times: user=0.05 sys=0.00, real=0.05 secs] 
2021-01-21T22:11:37.346+0800: 1.658: [GC (CMS Initial Mark) [1 CMS-initial-mark: 349471K(349568K)] 369583K(506816K), 0.0013567 secs] [Times: user=0.01 sys=0.00, real=0.00 secs] 
2021-01-21T22:11:37.348+0800: 1.660: [CMS-concurrent-mark-start]
2021-01-21T22:11:37.349+0800: 1.661: [CMS-concurrent-mark: 0.001/0.001 secs] [Times: user=0.00 sys=0.00, real=0.01 secs] 
2021-01-21T22:11:37.350+0800: 1.662: [CMS-concurrent-preclean-start]
2021-01-21T22:11:37.351+0800: 1.663: [CMS-concurrent-preclean: 0.001/0.001 secs] [Times: user=0.00 sys=0.00, real=0.00 secs] 
2021-01-21T22:11:37.351+0800: 1.664: [CMS-concurrent-abortable-preclean-start]
2021-01-21T22:11:37.351+0800: 1.664: [CMS-concurrent-abortable-preclean: 0.000/0.000 secs] [Times: user=0.00 sys=0.00, real=0.00 secs] 
2021-01-21T22:11:37.352+0800: 1.664: [GC (CMS Final Remark) [YG occupancy: 38549 K (157248 K)]2021-01-21T22:11:37.352+0800: 1.664: [Rescan (parallel) , 0.0011927 secs]2021-01-21T22:11:37.354+0800: 1.666: [weak refs processing, 0.0002950 secs]2021-01-21T22:11:37.354+0800: 1.666: [class unloading, 0.0004532 secs]2021-01-21T22:11:37.355+0800: 1.667: [scrub symbol table, 0.0005166 secs]2021-01-21T22:11:37.356+0800: 1.668: [scrub string table, 0.0003838 secs][1 CMS-remark: 349471K(349568K)] 388020K(506816K), 0.0043896 secs] [Times: user=0.01 sys=0.00, real=0.00 secs] 
2021-01-21T22:11:37.357+0800: 1.669: [CMS-concurrent-sweep-start]
2021-01-21T22:11:37.357+0800: 1.669: [CMS-concurrent-sweep: 0.000/0.000 secs] [Times: user=0.00 sys=0.00, real=0.00 secs] 
2021-01-21T22:11:37.358+0800: 1.670: [CMS-concurrent-reset-start]
2021-01-21T22:11:37.358+0800: 1.670: [CMS-concurrent-reset: 0.000/0.000 secs] [Times: user=0.00 sys=0.00, real=0.00 secs] 
2021-01-21T22:11:37.373+0800: 1.685: [GC (Allocation Failure) 2021-01-21T22:11:37.373+0800: 1.685: [ParNew: 157236K->157236K(157248K), 0.0003619 secs]2021-01-21T22:11:37.374+0800: 1.686: [CMS: 348499K->349157K(349568K), 0.0478878 secs] 505736K->369188K(506816K), [Metaspace: 2809K->2809K(1056768K)], 0.0496386 secs] [Times: user=0.05 sys=0.00, real=0.05 secs] 
2021-01-21T22:11:37.424+0800: 1.736: [GC (CMS Initial Mark) [1 CMS-initial-mark: 349157K(349568K)] 372197K(506816K), 0.0015813 secs] [Times: user=0.00 sys=0.00, real=0.00 secs] 
2021-01-21T22:11:37.426+0800: 1.739: [CMS-concurrent-mark-start]
2021-01-21T22:11:37.428+0800: 1.740: [CMS-concurrent-mark: 0.001/0.001 secs] [Times: user=0.00 sys=0.00, real=0.00 secs] 
2021-01-21T22:11:37.428+0800: 1.740: [CMS-concurrent-preclean-start]
2021-01-21T22:11:37.429+0800: 1.741: [CMS-concurrent-preclean: 0.001/0.001 secs] [Times: user=0.00 sys=0.00, real=0.00 secs] 
2021-01-21T22:11:37.430+0800: 1.742: [CMS-concurrent-abortable-preclean-start]
2021-01-21T22:11:37.430+0800: 1.742: [CMS-concurrent-abortable-preclean: 0.000/0.000 secs] [Times: user=0.00 sys=0.00, real=0.00 secs] 
2021-01-21T22:11:37.431+0800: 1.743: [GC (CMS Final Remark) [YG occupancy: 44661 K (157248 K)]2021-01-21T22:11:37.431+0800: 1.743: [Rescan (parallel) , 0.0007992 secs]2021-01-21T22:11:37.432+0800: 1.744: [weak refs processing, 0.0003296 secs]2021-01-21T22:11:37.433+0800: 1.745: [class unloading, 0.0004858 secs]2021-01-21T22:11:37.433+0800: 1.745: [scrub symbol table, 0.0005700 secs]2021-01-21T22:11:37.434+0800: 1.746: [scrub string table, 0.0005159 secs][1 CMS-remark: 349157K(349568K)] 393818K(506816K), 0.0045110 secs] [Times: user=0.00 sys=0.00, real=0.00 secs] 
2021-01-21T22:11:37.436+0800: 1.748: [CMS-concurrent-sweep-start]
2021-01-21T22:11:37.436+0800: 1.748: [CMS-concurrent-sweep: 0.000/0.000 secs] [Times: user=0.00 sys=0.00, real=0.00 secs] 
2021-01-21T22:11:37.436+0800: 1.748: [CMS-concurrent-reset-start]
2021-01-21T22:11:37.436+0800: 1.748: [CMS-concurrent-reset: 0.000/0.000 secs] [Times: user=0.00 sys=0.00, real=0.00 secs] 
2021-01-21T22:11:37.455+0800: 1.767: [GC (Allocation Failure) 2021-01-21T22:11:37.455+0800: 1.767: [ParNew: 157173K->157173K(157248K), 0.0002016 secs]2021-01-21T22:11:37.456+0800: 1.768: [CMS: 349157K->349134K(349568K), 0.0654534 secs] 506330K->367417K(506816K), [Metaspace: 2809K->2809K(1056768K)], 0.0666768 secs] [Times: user=0.07 sys=0.00, real=0.07 secs] 
2021-01-21T22:11:37.523+0800: 1.835: [GC (CMS Initial Mark) [1 CMS-initial-mark: 349134K(349568K)] 370790K(506816K), 0.0013472 secs] [Times: user=0.00 sys=0.00, real=0.00 secs] 
2021-01-21T22:11:37.524+0800: 1.837: [CMS-concurrent-mark-start]
2021-01-21T22:11:37.526+0800: 1.838: [CMS-concurrent-mark: 0.002/0.002 secs] [Times: user=0.00 sys=0.00, real=0.00 secs] 
2021-01-21T22:11:37.526+0800: 1.839: [CMS-concurrent-preclean-start]
2021-01-21T22:11:37.528+0800: 1.840: [CMS-concurrent-preclean: 0.001/0.001 secs] [Times: user=0.00 sys=0.00, real=0.00 secs] 
2021-01-21T22:11:37.528+0800: 1.840: [CMS-concurrent-abortable-preclean-start]
2021-01-21T22:11:37.528+0800: 1.840: [CMS-concurrent-abortable-preclean: 0.000/0.000 secs] [Times: user=0.00 sys=0.00, real=0.00 secs] 
2021-01-21T22:11:37.529+0800: 1.841: [GC (CMS Final Remark) [YG occupancy: 48498 K (157248 K)]2021-01-21T22:11:37.529+0800: 1.841: [Rescan (parallel) , 0.0011951 secs]2021-01-21T22:11:37.531+0800: 1.843: [weak refs processing, 0.0003941 secs]2021-01-21T22:11:37.532+0800: 1.844: [class unloading, 0.0005639 secs]2021-01-21T22:11:37.533+0800: 1.845: [scrub symbol table, 0.0006114 secs]2021-01-21T22:11:37.534+0800: 1.846: [scrub string table, 0.0004201 secs][1 CMS-remark: 349134K(349568K)] 397633K(506816K), 0.0054169 secs] [Times: user=0.00 sys=0.00, real=0.00 secs] 
2021-01-21T22:11:37.535+0800: 1.847: [CMS-concurrent-sweep-start]
2021-01-21T22:11:37.535+0800: 1.847: [CMS-concurrent-sweep: 0.000/0.000 secs] [Times: user=0.00 sys=0.00, real=0.00 secs] 
2021-01-21T22:11:37.536+0800: 1.848: [CMS-concurrent-reset-start]
2021-01-21T22:11:37.536+0800: 1.848: [CMS-concurrent-reset: 0.000/0.000 secs] [Times: user=0.00 sys=0.00, real=0.00 secs] 
2021-01-21T22:11:37.550+0800: 1.863: [GC (Allocation Failure) 2021-01-21T22:11:37.551+0800: 1.863: [ParNew: 157246K->157246K(157248K), 0.0003260 secs]2021-01-21T22:11:37.552+0800: 1.864: [CMS: 347661K->349496K(349568K), 0.0491497 secs] 504908K->372194K(506816K), [Metaspace: 2809K->2809K(1056768K)], 0.0507536 secs] [Times: user=0.05 sys=0.00, real=0.05 secs] 
2021-01-21T22:11:37.602+0800: 1.914: [GC (CMS Initial Mark) [1 CMS-initial-mark: 349496K(349568K)] 375072K(506816K), 0.0014111 secs] [Times: user=0.00 sys=0.00, real=0.00 secs] 
2021-01-21T22:11:37.604+0800: 1.916: [CMS-concurrent-mark-start]
2021-01-21T22:11:37.606+0800: 1.918: [CMS-concurrent-mark: 0.001/0.001 secs] [Times: user=0.00 sys=0.00, real=0.00 secs] 
2021-01-21T22:11:37.606+0800: 1.918: [CMS-concurrent-preclean-start]
2021-01-21T22:11:37.607+0800: 1.919: [CMS-concurrent-preclean: 0.001/0.001 secs] [Times: user=0.00 sys=0.00, real=0.00 secs] 
2021-01-21T22:11:37.607+0800: 1.920: [CMS-concurrent-abortable-preclean-start]
2021-01-21T22:11:37.607+0800: 1.920: [CMS-concurrent-abortable-preclean: 0.000/0.000 secs] [Times: user=0.00 sys=0.00, real=0.00 secs] 
2021-01-21T22:11:37.608+0800: 1.920: [GC (CMS Final Remark) [YG occupancy: 52132 K (157248 K)]2021-01-21T22:11:37.608+0800: 1.920: [Rescan (parallel) , 0.0009370 secs]2021-01-21T22:11:37.610+0800: 1.922: [weak refs processing, 0.0003055 secs]2021-01-21T22:11:37.610+0800: 1.922: [class unloading, 0.0006754 secs]2021-01-21T22:11:37.611+0800: 1.923: [scrub symbol table, 0.0005672 secs]2021-01-21T22:11:37.612+0800: 1.924: [scrub string table, 0.0006103 secs][1 CMS-remark: 349496K(349568K)] 401628K(506816K), 0.0051063 secs] [Times: user=0.00 sys=0.00, real=0.01 secs] 
2021-01-21T22:11:37.614+0800: 1.926: [CMS-concurrent-sweep-start]
2021-01-21T22:11:37.614+0800: 1.926: [CMS-concurrent-sweep: 0.000/0.000 secs] [Times: user=0.00 sys=0.00, real=0.00 secs] 
2021-01-21T22:11:37.614+0800: 1.926: [CMS-concurrent-reset-start]
2021-01-21T22:11:37.615+0800: 1.927: [CMS-concurrent-reset: 0.000/0.000 secs] [Times: user=0.00 sys=0.00, real=0.00 secs] 
2021-01-21T22:11:37.625+0800: 1.937: [GC (Allocation Failure) 2021-01-21T22:11:37.626+0800: 1.938: [ParNew: 156782K->156782K(157248K), 0.0003825 secs]2021-01-21T22:11:37.627+0800: 1.939: [CMS: 349455K->349396K(349568K), 0.0538217 secs] 506238K->375010K(506816K), [Metaspace: 2809K->2809K(1056768K)], 0.0556164 secs] [Times: user=0.06 sys=0.00, real=0.06 secs] 
2021-01-21T22:11:37.682+0800: 1.994: [GC (CMS Initial Mark) [1 CMS-initial-mark: 349396K(349568K)] 378225K(506816K), 0.0011212 secs] [Times: user=0.00 sys=0.00, real=0.00 secs] 
2021-01-21T22:11:37.684+0800: 1.996: [CMS-concurrent-mark-start]
2021-01-21T22:11:37.685+0800: 1.997: [CMS-concurrent-mark: 0.001/0.001 secs] [Times: user=0.00 sys=0.00, real=0.00 secs] 
2021-01-21T22:11:37.685+0800: 1.997: [CMS-concurrent-preclean-start]
2021-01-21T22:11:37.687+0800: 1.999: [CMS-concurrent-preclean: 0.001/0.001 secs] [Times: user=0.00 sys=0.00, real=0.00 secs] 
2021-01-21T22:11:37.687+0800: 1.999: [CMS-concurrent-abortable-preclean-start]
2021-01-21T22:11:37.687+0800: 1.999: [CMS-concurrent-abortable-preclean: 0.000/0.000 secs] [Times: user=0.00 sys=0.00, real=0.00 secs] 
2021-01-21T22:11:37.688+0800: 2.000: [GC (CMS Final Remark) [YG occupancy: 52895 K (157248 K)]2021-01-21T22:11:37.688+0800: 2.000: [Rescan (parallel) , 0.0011900 secs]2021-01-21T22:11:37.689+0800: 2.002: [weak refs processing, 0.0002584 secs]2021-01-21T22:11:37.690+0800: 2.002: [class unloading, 0.0003924 secs]2021-01-21T22:11:37.691+0800: 2.003: [scrub symbol table, 0.0005311 secs]2021-01-21T22:11:37.691+0800: 2.003: [scrub string table, 0.0003854 secs][1 CMS-remark: 349396K(349568K)] 402291K(506816K), 0.0043884 secs] [Times: user=0.00 sys=0.00, real=0.01 secs] 
2021-01-21T22:11:37.693+0800: 2.005: [CMS-concurrent-sweep-start]
2021-01-21T22:11:37.693+0800: 2.005: [CMS-concurrent-sweep: 0.000/0.000 secs] [Times: user=0.00 sys=0.00, real=0.00 secs] 
2021-01-21T22:11:37.693+0800: 2.005: [CMS-concurrent-reset-start]
2021-01-21T22:11:37.694+0800: 2.006: [CMS-concurrent-reset: 0.000/0.000 secs] [Times: user=0.00 sys=0.00, real=0.00 secs] 
2021-01-21T22:11:37.706+0800: 2.018: [GC (Allocation Failure) 2021-01-21T22:11:37.706+0800: 2.018: [ParNew: 157099K->157099K(157248K), 0.0004259 secs]2021-01-21T22:11:37.707+0800: 2.019: [CMS: 348505K->349492K(349568K), 0.0505558 secs] 505605K->367380K(506816K), [Metaspace: 2809K->2809K(1056768K)], 0.0524004 secs] [Times: user=0.05 sys=0.00, real=0.06 secs] 
2021-01-21T22:11:37.759+0800: 2.071: [GC (CMS Initial Mark) [1 CMS-initial-mark: 349492K(349568K)] 370543K(506816K), 0.0015710 secs] [Times: user=0.01 sys=0.00, real=0.00 secs] 
2021-01-21T22:11:37.761+0800: 2.073: [CMS-concurrent-mark-start]
2021-01-21T22:11:37.763+0800: 2.075: [CMS-concurrent-mark: 0.002/0.002 secs] [Times: user=0.00 sys=0.00, real=0.00 secs] 
2021-01-21T22:11:37.763+0800: 2.075: [CMS-concurrent-preclean-start]
2021-01-21T22:11:37.764+0800: 2.076: [CMS-concurrent-preclean: 0.001/0.001 secs] [Times: user=0.00 sys=0.00, real=0.00 secs] 
2021-01-21T22:11:37.765+0800: 2.077: [CMS-concurrent-abortable-preclean-start]
2021-01-21T22:11:37.765+0800: 2.077: [CMS-concurrent-abortable-preclean: 0.000/0.000 secs] [Times: user=0.00 sys=0.00, real=0.00 secs] 
2021-01-21T22:11:37.765+0800: 2.077: [GC (CMS Final Remark) [YG occupancy: 41461 K (157248 K)]2021-01-21T22:11:37.766+0800: 2.078: [Rescan (parallel) , 0.0013464 secs]2021-01-21T22:11:37.767+0800: 2.079: [weak refs processing, 0.0002235 secs]2021-01-21T22:11:37.768+0800: 2.080: [class unloading, 0.0005157 secs]2021-01-21T22:11:37.769+0800: 2.081: [scrub symbol table, 0.0006059 secs]2021-01-21T22:11:37.769+0800: 2.082: [scrub string table, 0.0006099 secs][1 CMS-remark: 349492K(349568K)] 390953K(506816K), 0.0051368 secs] [Times: user=0.01 sys=0.00, real=0.01 secs] 
2021-01-21T22:11:37.771+0800: 2.083: [CMS-concurrent-sweep-start]
2021-01-21T22:11:37.772+0800: 2.084: [CMS-concurrent-sweep: 0.000/0.000 secs] [Times: user=0.00 sys=0.00, real=0.00 secs] 
2021-01-21T22:11:37.772+0800: 2.084: [CMS-concurrent-reset-start]
2021-01-21T22:11:37.772+0800: 2.084: [CMS-concurrent-reset: 0.000/0.000 secs] [Times: user=0.00 sys=0.00, real=0.00 secs] 
2021-01-21T22:11:37.788+0800: 2.101: [GC (Allocation Failure) 2021-01-21T22:11:37.789+0800: 2.101: [ParNew: 157159K->157159K(157248K), 0.0003766 secs]2021-01-21T22:11:37.790+0800: 2.102: [CMS: 349435K->349540K(349568K), 0.0502304 secs] 506595K->361395K(506816K), [Metaspace: 2809K->2809K(1056768K)], 0.0520851 secs] [Times: user=0.05 sys=0.00, real=0.05 secs] 
2021-01-21T22:11:37.842+0800: 2.154: [GC (CMS Initial Mark) [1 CMS-initial-mark: 349540K(349568K)] 364261K(506816K), 0.0012174 secs] [Times: user=0.00 sys=0.00, real=0.00 secs] 
2021-01-21T22:11:37.843+0800: 2.155: [CMS-concurrent-mark-start]
2021-01-21T22:11:37.845+0800: 2.157: [CMS-concurrent-mark: 0.001/0.001 secs] [Times: user=0.00 sys=0.00, real=0.00 secs] 
2021-01-21T22:11:37.845+0800: 2.157: [CMS-concurrent-preclean-start]
2021-01-21T22:11:37.846+0800: 2.158: [CMS-concurrent-preclean: 0.001/0.001 secs] [Times: user=0.01 sys=0.00, real=0.00 secs] 
2021-01-21T22:11:37.847+0800: 2.159: [CMS-concurrent-abortable-preclean-start]
2021-01-21T22:11:37.847+0800: 2.159: [CMS-concurrent-abortable-preclean: 0.000/0.000 secs] [Times: user=0.00 sys=0.00, real=0.00 secs] 
2021-01-21T22:11:37.847+0800: 2.159: [GC (CMS Final Remark) [YG occupancy: 43758 K (157248 K)]2021-01-21T22:11:37.847+0800: 2.160: [Rescan (parallel) , 0.0010288 secs]2021-01-21T22:11:37.849+0800: 2.161: [weak refs processing, 0.0002590 secs]2021-01-21T22:11:37.849+0800: 2.161: [class unloading, 0.0003946 secs]2021-01-21T22:11:37.850+0800: 2.162: [scrub symbol table, 0.0004659 secs]2021-01-21T22:11:37.851+0800: 2.163: [scrub string table, 0.0003835 secs][1 CMS-remark: 349540K(349568K)] 393298K(506816K), 0.0038982 secs] [Times: user=0.00 sys=0.01, real=0.01 secs] 
2021-01-21T22:11:37.852+0800: 2.164: [CMS-concurrent-sweep-start]
2021-01-21T22:11:37.852+0800: 2.164: [CMS-concurrent-sweep: 0.000/0.000 secs] [Times: user=0.00 sys=0.00, real=0.00 secs] 
2021-01-21T22:11:37.852+0800: 2.164: [CMS-concurrent-reset-start]
2021-01-21T22:11:37.852+0800: 2.164: [CMS-concurrent-reset: 0.000/0.000 secs] [Times: user=0.00 sys=0.00, real=0.00 secs] 
2021-01-21T22:11:37.866+0800: 2.178: [GC (Allocation Failure) 2021-01-21T22:11:37.866+0800: 2.178: [ParNew: 157148K->157148K(157248K), 0.0003170 secs]2021-01-21T22:11:37.867+0800: 2.179: [CMS: 349540K->349442K(349568K), 0.0549867 secs] 506688K->367181K(506816K), [Metaspace: 2809K->2809K(1056768K)], 0.0567336 secs] [Times: user=0.06 sys=0.00, real=0.06 secs] 
2021-01-21T22:11:37.924+0800: 2.236: [GC (CMS Initial Mark) [1 CMS-initial-mark: 349442K(349568K)] 370357K(506816K), 0.0014163 secs] [Times: user=0.00 sys=0.00, real=0.00 secs] 
2021-01-21T22:11:37.926+0800: 2.238: [CMS-concurrent-mark-start]
2021-01-21T22:11:37.928+0800: 2.240: [CMS-concurrent-mark: 0.002/0.002 secs] [Times: user=0.00 sys=0.00, real=0.00 secs] 
2021-01-21T22:11:37.928+0800: 2.240: [CMS-concurrent-preclean-start]
2021-01-21T22:11:37.929+0800: 2.241: [CMS-concurrent-preclean: 0.001/0.001 secs] [Times: user=0.01 sys=0.00, real=0.00 secs] 
2021-01-21T22:11:37.930+0800: 2.242: [CMS-concurrent-abortable-preclean-start]
2021-01-21T22:11:37.930+0800: 2.242: [CMS-concurrent-abortable-preclean: 0.000/0.000 secs] [Times: user=0.00 sys=0.00, real=0.00 secs] 
2021-01-21T22:11:37.930+0800: 2.242: [GC (CMS Final Remark) [YG occupancy: 50022 K (157248 K)]2021-01-21T22:11:37.931+0800: 2.243: [Rescan (parallel) , 0.0021569 secs]2021-01-21T22:11:37.933+0800: 2.245: [weak refs processing, 0.0004045 secs]2021-01-21T22:11:37.934+0800: 2.246: [class unloading, 0.0004587 secs]2021-01-21T22:11:37.935+0800: 2.247: [scrub symbol table, 0.0007582 secs]2021-01-21T22:11:37.936+0800: 2.248: [scrub string table, 0.0004907 secs][1 CMS-remark: 349442K(349568K)] 399464K(506816K), 0.0060566 secs] [Times: user=0.01 sys=0.00, real=0.00 secs] 
2021-01-21T22:11:37.937+0800: 2.249: [CMS-concurrent-sweep-start]
2021-01-21T22:11:37.938+0800: 2.250: [CMS-concurrent-sweep: 0.000/0.000 secs] [Times: user=0.00 sys=0.00, real=0.00 secs] 
2021-01-21T22:11:37.938+0800: 2.250: [CMS-concurrent-reset-start]
2021-01-21T22:11:37.938+0800: 2.250: [CMS-concurrent-reset: 0.000/0.000 secs] [Times: user=0.00 sys=0.00, real=0.01 secs] 
2021-01-21T22:11:37.952+0800: 2.264: [GC (Allocation Failure) 2021-01-21T22:11:37.953+0800: 2.265: [ParNew: 157224K->157224K(157248K), 0.0003120 secs]2021-01-21T22:11:37.953+0800: 2.266: [CMS: 347018K->349513K(349568K), 0.0508980 secs] 504242K->370123K(506816K), [Metaspace: 2809K->2809K(1056768K)], 0.0579318 secs] [Times: user=0.06 sys=0.00, real=0.06 secs] 
2021-01-21T22:11:38.012+0800: 2.324: [GC (CMS Initial Mark) [1 CMS-initial-mark: 349513K(349568K)] 373402K(506816K), 0.0015029 secs] [Times: user=0.00 sys=0.00, real=0.00 secs] 
2021-01-21T22:11:38.014+0800: 2.326: [CMS-concurrent-mark-start]
2021-01-21T22:11:38.015+0800: 2.327: [CMS-concurrent-mark: 0.002/0.002 secs] [Times: user=0.00 sys=0.00, real=0.00 secs] 
2021-01-21T22:11:38.016+0800: 2.328: [CMS-concurrent-preclean-start]
2021-01-21T22:11:38.017+0800: 2.329: [CMS-concurrent-preclean: 0.001/0.001 secs] [Times: user=0.00 sys=0.00, real=0.00 secs] 
2021-01-21T22:11:38.017+0800: 2.329: [CMS-concurrent-abortable-preclean-start]
2021-01-21T22:11:38.017+0800: 2.329: [CMS-concurrent-abortable-preclean: 0.000/0.000 secs] [Times: user=0.00 sys=0.00, real=0.00 secs] 
2021-01-21T22:11:38.018+0800: 2.330: [GC (CMS Final Remark) [YG occupancy: 53579 K (157248 K)]2021-01-21T22:11:38.018+0800: 2.331: [Rescan (parallel) , 0.0012721 secs]2021-01-21T22:11:38.020+0800: 2.332: [weak refs processing, 0.0003225 secs]2021-01-21T22:11:38.021+0800: 2.333: [class unloading, 0.0004791 secs]2021-01-21T22:11:38.021+0800: 2.334: [scrub symbol table, 0.0005914 secs]2021-01-21T22:11:38.022+0800: 2.334: [scrub string table, 0.0004446 secs][1 CMS-remark: 349513K(349568K)] 403093K(506816K), 0.0049760 secs] [Times: user=0.00 sys=0.00, real=0.00 secs] 
2021-01-21T22:11:38.024+0800: 2.336: [CMS-concurrent-sweep-start]
2021-01-21T22:11:38.024+0800: 2.336: [CMS-concurrent-sweep: 0.000/0.000 secs] [Times: user=0.00 sys=0.00, real=0.00 secs] 
2021-01-21T22:11:38.024+0800: 2.336: [CMS-concurrent-reset-start]
2021-01-21T22:11:38.025+0800: 2.337: [CMS-concurrent-reset: 0.000/0.000 secs] [Times: user=0.00 sys=0.00, real=0.00 secs] 
2021-01-21T22:11:38.037+0800: 2.349: [GC (Allocation Failure) 2021-01-21T22:11:38.038+0800: 2.350: [ParNew: 157011K->157011K(157248K), 0.0003971 secs]2021-01-21T22:11:38.039+0800: 2.351: [CMS: 348815K->349524K(349568K), 0.0498325 secs] 505826K->377176K(506816K), [Metaspace: 2809K->2809K(1056768K)], 0.0515065 secs] [Times: user=0.05 sys=0.00, real=0.06 secs] 
2021-01-21T22:11:38.090+0800: 2.402: [GC (CMS Initial Mark) [1 CMS-initial-mark: 349524K(349568K)] 380320K(506816K), 0.0013899 secs] [Times: user=0.00 sys=0.00, real=0.00 secs] 
2021-01-21T22:11:38.092+0800: 2.405: [CMS-concurrent-mark-start]
2021-01-21T22:11:38.094+0800: 2.407: [CMS-concurrent-mark: 0.002/0.002 secs] [Times: user=0.00 sys=0.00, real=0.00 secs] 
2021-01-21T22:11:38.095+0800: 2.407: [CMS-concurrent-preclean-start]
2021-01-21T22:11:38.096+0800: 2.408: [CMS-concurrent-preclean: 0.001/0.001 secs] [Times: user=0.01 sys=0.00, real=0.00 secs] 
2021-01-21T22:11:38.097+0800: 2.409: [CMS-concurrent-abortable-preclean-start]
2021-01-21T22:11:38.097+0800: 2.409: [CMS-concurrent-abortable-preclean: 0.000/0.000 secs] [Times: user=0.00 sys=0.00, real=0.00 secs] 
2021-01-21T22:11:38.097+0800: 2.409: [GC (CMS Final Remark) [YG occupancy: 55918 K (157248 K)]2021-01-21T22:11:38.097+0800: 2.409: [Rescan (parallel) , 0.0008988 secs]2021-01-21T22:11:38.099+0800: 2.411: [weak refs processing, 0.0002934 secs]2021-01-21T22:11:38.099+0800: 2.411: [class unloading, 0.0004660 secs]2021-01-21T22:11:38.100+0800: 2.412: [scrub symbol table, 0.0005318 secs]2021-01-21T22:11:38.101+0800: 2.413: [scrub string table, 0.0004220 secs][1 CMS-remark: 349524K(349568K)] 405442K(506816K), 0.0044000 secs] [Times: user=0.00 sys=0.00, real=0.01 secs] 
2021-01-21T22:11:38.102+0800: 2.414: [CMS-concurrent-sweep-start]
2021-01-21T22:11:38.102+0800: 2.415: [CMS-concurrent-sweep: 0.000/0.000 secs] [Times: user=0.00 sys=0.00, real=0.00 secs] 
2021-01-21T22:11:38.103+0800: 2.415: [CMS-concurrent-reset-start]
2021-01-21T22:11:38.103+0800: 2.415: [CMS-concurrent-reset: 0.000/0.000 secs] [Times: user=0.00 sys=0.00, real=0.00 secs] 
2021-01-21T22:11:38.115+0800: 2.427: [GC (Allocation Failure) 2021-01-21T22:11:38.116+0800: 2.428: [ParNew: 157234K->157234K(157248K), 0.0003368 secs]2021-01-21T22:11:38.116+0800: 2.428: [CMS: 348393K->349564K(349568K), 0.0486698 secs] 505627K->380302K(506816K), [Metaspace: 2809K->2809K(1056768K)], 0.0502180 secs] [Times: user=0.05 sys=0.00, real=0.05 secs] 
2021-01-21T22:11:38.167+0800: 2.479: [GC (CMS Initial Mark) [1 CMS-initial-mark: 349564K(349568K)] 383421K(506816K), 0.0014331 secs] [Times: user=0.00 sys=0.00, real=0.01 secs] 
2021-01-21T22:11:38.169+0800: 2.481: [CMS-concurrent-mark-start]
2021-01-21T22:11:38.170+0800: 2.482: [CMS-concurrent-mark: 0.002/0.002 secs] [Times: user=0.00 sys=0.00, real=0.00 secs] 
2021-01-21T22:11:38.171+0800: 2.483: [CMS-concurrent-preclean-start]
2021-01-21T22:11:38.172+0800: 2.484: [CMS-concurrent-preclean: 0.001/0.001 secs] [Times: user=0.00 sys=0.00, real=0.00 secs] 
2021-01-21T22:11:38.172+0800: 2.484: [CMS-concurrent-abortable-preclean-start]
2021-01-21T22:11:38.172+0800: 2.484: [CMS-concurrent-abortable-preclean: 0.000/0.000 secs] [Times: user=0.00 sys=0.00, real=0.00 secs] 
2021-01-21T22:11:38.173+0800: 2.485: [GC (CMS Final Remark) [YG occupancy: 53046 K (157248 K)]2021-01-21T22:11:38.173+0800: 2.485: [Rescan (parallel) , 0.0015104 secs]2021-01-21T22:11:38.175+0800: 2.487: [weak refs processing, 0.0002861 secs]2021-01-21T22:11:38.176+0800: 2.488: [class unloading, 0.0004847 secs]2021-01-21T22:11:38.176+0800: 2.488: [scrub symbol table, 0.0005577 secs]2021-01-21T22:11:38.177+0800: 2.489: [scrub string table, 0.0004870 secs][1 CMS-remark: 349564K(349568K)] 402610K(506816K), 0.0050738 secs] [Times: user=0.00 sys=0.00, real=0.01 secs] 
2021-01-21T22:11:38.179+0800: 2.491: [CMS-concurrent-sweep-start]
2021-01-21T22:11:38.179+0800: 2.491: [CMS-concurrent-sweep: 0.000/0.000 secs] [Times: user=0.00 sys=0.00, real=0.00 secs] 
2021-01-21T22:11:38.179+0800: 2.491: [CMS-concurrent-reset-start]
2021-01-21T22:11:38.180+0800: 2.492: [CMS-concurrent-reset: 0.000/0.000 secs] [Times: user=0.00 sys=0.00, real=0.00 secs] 
2021-01-21T22:11:38.192+0800: 2.504: [GC (Allocation Failure) 2021-01-21T22:11:38.193+0800: 2.505: [ParNew: 157018K->157018K(157248K), 0.0003000 secs]2021-01-21T22:11:38.193+0800: 2.505: [CMS: 348673K->349551K(349568K), 0.0510492 secs] 505691K->381809K(506816K), [Metaspace: 2809K->2809K(1056768K)], 0.0525934 secs] [Times: user=0.05 sys=0.00, real=0.05 secs] 
2021-01-21T22:11:38.246+0800: 2.558: [GC (CMS Initial Mark) [1 CMS-initial-mark: 349551K(349568K)] 384699K(506816K), 0.0015224 secs] [Times: user=0.00 sys=0.00, real=0.00 secs] 
2021-01-21T22:11:38.248+0800: 2.560: [CMS-concurrent-mark-start]
2021-01-21T22:11:38.250+0800: 2.562: [CMS-concurrent-mark: 0.001/0.001 secs] [Times: user=0.00 sys=0.00, real=0.00 secs] 
2021-01-21T22:11:38.250+0800: 2.562: [CMS-concurrent-preclean-start]
2021-01-21T22:11:38.251+0800: 2.563: [CMS-concurrent-preclean: 0.001/0.001 secs] [Times: user=0.00 sys=0.00, real=0.00 secs] 
2021-01-21T22:11:38.252+0800: 2.564: [CMS-concurrent-abortable-preclean-start]
2021-01-21T22:11:38.252+0800: 2.564: [CMS-concurrent-abortable-preclean: 0.000/0.000 secs] [Times: user=0.00 sys=0.00, real=0.00 secs] 
2021-01-21T22:11:38.252+0800: 2.564: [GC (CMS Final Remark) [YG occupancy: 57957 K (157248 K)]2021-01-21T22:11:38.252+0800: 2.564: [Rescan (parallel) , 0.0011583 secs]2021-01-21T22:11:38.254+0800: 2.566: [weak refs processing, 0.0002932 secs]2021-01-21T22:11:38.254+0800: 2.566: [class unloading, 0.0004507 secs]2021-01-21T22:11:38.255+0800: 2.567: [scrub symbol table, 0.0004722 secs]2021-01-21T22:11:38.256+0800: 2.568: [scrub string table, 0.0003493 secs][1 CMS-remark: 349551K(349568K)] 407508K(506816K), 0.0042641 secs] [Times: user=0.00 sys=0.00, real=0.00 secs] 
2021-01-21T22:11:38.257+0800: 2.569: [CMS-concurrent-sweep-start]
2021-01-21T22:11:38.257+0800: 2.569: [CMS-concurrent-sweep: 0.000/0.000 secs] [Times: user=0.00 sys=0.00, real=0.00 secs] 
2021-01-21T22:11:38.257+0800: 2.569: [CMS-concurrent-reset-start]
2021-01-21T22:11:38.258+0800: 2.570: [CMS-concurrent-reset: 0.000/0.000 secs] [Times: user=0.00 sys=0.00, real=0.00 secs] 
2021-01-21T22:11:38.270+0800: 2.582: [GC (Allocation Failure) 2021-01-21T22:11:38.270+0800: 2.582: [ParNew: 157247K->157247K(157248K), 0.0002949 secs]2021-01-21T22:11:38.271+0800: 2.583: [CMS: 349123K->349426K(349568K), 0.0495893 secs] 506371K->386497K(506816K), [Metaspace: 2809K->2809K(1056768K)], 0.0509088 secs] [Times: user=0.05 sys=0.00, real=0.05 secs] 
2021-01-21T22:11:38.322+0800: 2.634: [GC (CMS Initial Mark) [1 CMS-initial-mark: 349426K(349568K)] 389130K(506816K), 0.0011560 secs] [Times: user=0.00 sys=0.00, real=0.00 secs] 
2021-01-21T22:11:38.323+0800: 2.636: [CMS-concurrent-mark-start]
2021-01-21T22:11:38.325+0800: 2.637: [CMS-concurrent-mark: 0.001/0.001 secs] [Times: user=0.00 sys=0.00, real=0.00 secs] 
2021-01-21T22:11:38.325+0800: 2.637: [CMS-concurrent-preclean-start]
2021-01-21T22:11:38.327+0800: 2.639: [CMS-concurrent-preclean: 0.002/0.002 secs] [Times: user=0.00 sys=0.00, real=0.00 secs] 
2021-01-21T22:11:38.328+0800: 2.640: [CMS-concurrent-abortable-preclean-start]
2021-01-21T22:11:38.328+0800: 2.640: [CMS-concurrent-abortable-preclean: 0.000/0.000 secs] [Times: user=0.00 sys=0.00, real=0.00 secs] 
2021-01-21T22:11:38.328+0800: 2.640: [GC (CMS Final Remark) [YG occupancy: 63431 K (157248 K)]2021-01-21T22:11:38.329+0800: 2.641: [Rescan (parallel) , 0.0007528 secs]2021-01-21T22:11:38.330+0800: 2.642: [weak refs processing, 0.0002747 secs]2021-01-21T22:11:38.330+0800: 2.642: [class unloading, 0.0003610 secs]2021-01-21T22:11:38.331+0800: 2.643: [scrub symbol table, 0.0005532 secs]2021-01-21T22:11:38.332+0800: 2.644: [scrub string table, 0.0003647 secs][1 CMS-remark: 349426K(349568K)] 412857K(506816K), 0.0039126 secs] [Times: user=0.00 sys=0.00, real=0.00 secs] 
2021-01-21T22:11:38.333+0800: 2.645: [CMS-concurrent-sweep-start]
2021-01-21T22:11:38.333+0800: 2.645: [CMS-concurrent-sweep: 0.000/0.000 secs] [Times: user=0.00 sys=0.00, real=0.00 secs] 
2021-01-21T22:11:38.333+0800: 2.645: [CMS-concurrent-reset-start]
2021-01-21T22:11:38.334+0800: 2.646: [CMS-concurrent-reset: 0.000/0.000 secs] [Times: user=0.00 sys=0.00, real=0.00 secs] 
2021-01-21T22:11:38.346+0800: 2.658: [GC (Allocation Failure) 2021-01-21T22:11:38.346+0800: 2.658: [ParNew: 157217K->157217K(157248K), 0.0003824 secs]2021-01-21T22:11:38.347+0800: 2.659: [CMS: 348214K->349403K(349568K), 0.0502470 secs] 505432K->383484K(506816K), [Metaspace: 2809K->2809K(1056768K)], 0.0520402 secs] [Times: user=0.05 sys=0.00, real=0.06 secs] 
2021-01-21T22:11:38.399+0800: 2.711: [GC (CMS Initial Mark) [1 CMS-initial-mark: 349403K(349568K)] 386451K(506816K), 0.0013092 secs] [Times: user=0.00 sys=0.00, real=0.00 secs] 
2021-01-21T22:11:38.401+0800: 2.713: [CMS-concurrent-mark-start]
2021-01-21T22:11:38.402+0800: 2.714: [CMS-concurrent-mark: 0.001/0.001 secs] [Times: user=0.00 sys=0.00, real=0.00 secs] 
2021-01-21T22:11:38.403+0800: 2.715: [CMS-concurrent-preclean-start]
2021-01-21T22:11:38.404+0800: 2.716: [CMS-concurrent-preclean: 0.001/0.001 secs] [Times: user=0.00 sys=0.00, real=0.00 secs] 
2021-01-21T22:11:38.404+0800: 2.716: [CMS-concurrent-abortable-preclean-start]
2021-01-21T22:11:38.404+0800: 2.716: [CMS-concurrent-abortable-preclean: 0.000/0.000 secs] [Times: user=0.00 sys=0.00, real=0.00 secs] 
2021-01-21T22:11:38.405+0800: 2.717: [GC (CMS Final Remark) [YG occupancy: 70253 K (157248 K)]2021-01-21T22:11:38.405+0800: 2.717: [Rescan (parallel) , 0.0010670 secs]2021-01-21T22:11:38.406+0800: 2.718: [weak refs processing, 0.0003001 secs]2021-01-21T22:11:38.407+0800: 2.719: [class unloading, 0.0004626 secs]2021-01-21T22:11:38.408+0800: 2.720: [scrub symbol table, 0.0004936 secs]2021-01-21T22:11:38.408+0800: 2.720: [scrub string table, 0.0003413 secs][1 CMS-remark: 349403K(349568K)] 419657K(506816K), 0.0042589 secs] [Times: user=0.01 sys=0.00, real=0.01 secs] 
2021-01-21T22:11:38.409+0800: 2.721: [CMS-concurrent-sweep-start]
2021-01-21T22:11:38.410+0800: 2.722: [CMS-concurrent-sweep: 0.000/0.000 secs] [Times: user=0.00 sys=0.00, real=0.00 secs] 
2021-01-21T22:11:38.410+0800: 2.722: [CMS-concurrent-reset-start]
2021-01-21T22:11:38.410+0800: 2.722: [CMS-concurrent-reset: 0.000/0.000 secs] [Times: user=0.00 sys=0.00, real=0.00 secs] 
2021-01-21T22:11:38.419+0800: 2.731: [GC (Allocation Failure) 2021-01-21T22:11:38.420+0800: 2.732: [ParNew: 157246K->157246K(157248K), 0.0003963 secs]2021-01-21T22:11:38.421+0800: 2.733: [CMS: 348525K->349415K(349568K), 0.0515792 secs] 505771K->385556K(506816K), [Metaspace: 2809K->2809K(1056768K)], 0.0533471 secs] [Times: user=0.05 sys=0.00, real=0.05 secs] 
2021-01-21T22:11:38.474+0800: 2.786: [GC (CMS Initial Mark) [1 CMS-initial-mark: 349415K(349568K)] 388156K(506816K), 0.0013005 secs] [Times: user=0.00 sys=0.00, real=0.00 secs] 
2021-01-21T22:11:38.476+0800: 2.788: [CMS-concurrent-mark-start]
2021-01-21T22:11:38.477+0800: 2.789: [CMS-concurrent-mark: 0.001/0.001 secs] [Times: user=0.00 sys=0.00, real=0.00 secs] 
2021-01-21T22:11:38.478+0800: 2.790: [CMS-concurrent-preclean-start]
2021-01-21T22:11:38.479+0800: 2.791: [CMS-concurrent-preclean: 0.001/0.001 secs] [Times: user=0.00 sys=0.00, real=0.01 secs] 
2021-01-21T22:11:38.479+0800: 2.791: [CMS-concurrent-abortable-preclean-start]
2021-01-21T22:11:38.479+0800: 2.791: [CMS-concurrent-abortable-preclean: 0.000/0.000 secs] [Times: user=0.00 sys=0.00, real=0.00 secs] 
2021-01-21T22:11:38.479+0800: 2.791: [GC (CMS Final Remark) [YG occupancy: 62044 K (157248 K)]2021-01-21T22:11:38.480+0800: 2.792: [Rescan (parallel) , 0.0014327 secs]2021-01-21T22:11:38.482+0800: 2.794: [weak refs processing, 0.0002493 secs]2021-01-21T22:11:38.482+0800: 2.794: [class unloading, 0.0003733 secs]2021-01-21T22:11:38.483+0800: 2.795: [scrub symbol table, 0.0004718 secs]2021-01-21T22:11:38.483+0800: 2.795: [scrub string table, 0.0003523 secs][1 CMS-remark: 349415K(349568K)] 411459K(506816K), 0.0043241 secs] [Times: user=0.00 sys=0.00, real=0.00 secs] 
2021-01-21T22:11:38.484+0800: 2.796: [CMS-concurrent-sweep-start]
2021-01-21T22:11:38.485+0800: 2.797: [CMS-concurrent-sweep: 0.000/0.000 secs] [Times: user=0.00 sys=0.00, real=0.00 secs] 
2021-01-21T22:11:38.485+0800: 2.797: [CMS-concurrent-reset-start]
2021-01-21T22:11:38.485+0800: 2.797: [CMS-concurrent-reset: 0.000/0.000 secs] [Times: user=0.00 sys=0.00, real=0.00 secs] 
2021-01-21T22:11:38.496+0800: 2.808: [GC (Allocation Failure) 2021-01-21T22:11:38.497+0800: 2.809: [ParNew: 157245K->157245K(157248K), 0.0004251 secs]2021-01-21T22:11:38.498+0800: 2.810: [CMS: 348772K->349008K(349568K), 0.0523758 secs] 506018K->387076K(506816K), [Metaspace: 2809K->2809K(1056768K)], 0.0539962 secs] [Times: user=0.05 sys=0.00, real=0.06 secs] 
2021-01-21T22:11:38.551+0800: 2.863: [GC (CMS Initial Mark) [1 CMS-initial-mark: 349008K(349568K)] 389554K(506816K), 0.0009558 secs] [Times: user=0.00 sys=0.00, real=0.00 secs] 
2021-01-21T22:11:38.552+0800: 2.864: [CMS-concurrent-mark-start]
2021-01-21T22:11:38.554+0800: 2.866: [CMS-concurrent-mark: 0.001/0.001 secs] [Times: user=0.00 sys=0.00, real=0.00 secs] 
2021-01-21T22:11:38.554+0800: 2.866: [CMS-concurrent-preclean-start]
2021-01-21T22:11:38.555+0800: 2.867: [CMS-concurrent-preclean: 0.001/0.001 secs] [Times: user=0.00 sys=0.00, real=0.00 secs] 
2021-01-21T22:11:38.556+0800: 2.868: [CMS-concurrent-abortable-preclean-start]
2021-01-21T22:11:38.556+0800: 2.868: [CMS-concurrent-abortable-preclean: 0.000/0.000 secs] [Times: user=0.00 sys=0.00, real=0.00 secs] 
2021-01-21T22:11:38.556+0800: 2.868: [GC (CMS Final Remark) [YG occupancy: 72169 K (157248 K)]2021-01-21T22:11:38.556+0800: 2.868: [Rescan (parallel) , 0.0010712 secs]2021-01-21T22:11:38.558+0800: 2.870: [weak refs processing, 0.0002549 secs]2021-01-21T22:11:38.558+0800: 2.870: [class unloading, 0.0003944 secs]2021-01-21T22:11:38.559+0800: 2.871: [scrub symbol table, 0.0004954 secs]2021-01-21T22:11:38.560+0800: 2.872: [scrub string table, 0.0004294 secs][1 CMS-remark: 349008K(349568K)] 421178K(506816K), 0.0043964 secs] [Times: user=0.00 sys=0.00, real=0.01 secs] 
2021-01-21T22:11:38.561+0800: 2.873: [CMS-concurrent-sweep-start]
2021-01-21T22:11:38.561+0800: 2.873: [CMS-concurrent-sweep: 0.000/0.000 secs] [Times: user=0.00 sys=0.00, real=0.00 secs] 
2021-01-21T22:11:38.562+0800: 2.874: [CMS-concurrent-reset-start]
2021-01-21T22:11:38.562+0800: 2.874: [CMS-concurrent-reset: 0.000/0.000 secs] [Times: user=0.00 sys=0.00, real=0.00 secs] 
2021-01-21T22:11:38.571+0800: 2.883: [GC (Allocation Failure) 2021-01-21T22:11:38.571+0800: 2.883: [ParNew: 157167K->157167K(157248K), 0.0003991 secs]2021-01-21T22:11:38.572+0800: 2.884: [CMS: 348077K->349509K(349568K), 0.0509388 secs] 505244K->390421K(506816K), [Metaspace: 2809K->2809K(1056768K)], 0.0526237 secs] [Times: user=0.05 sys=0.00, real=0.05 secs] 
2021-01-21T22:11:38.624+0800: 2.937: [GC (CMS Initial Mark) [1 CMS-initial-mark: 349509K(349568K)] 393271K(506816K), 0.0014216 secs] [Times: user=0.00 sys=0.00, real=0.00 secs] 
2021-01-21T22:11:38.627+0800: 2.939: [CMS-concurrent-mark-start]
2021-01-21T22:11:38.628+0800: 2.940: [CMS-concurrent-mark: 0.001/0.001 secs] [Times: user=0.00 sys=0.00, real=0.01 secs] 
2021-01-21T22:11:38.629+0800: 2.941: [CMS-concurrent-preclean-start]
2021-01-21T22:11:38.630+0800: 2.942: [CMS-concurrent-preclean: 0.001/0.001 secs] [Times: user=0.00 sys=0.00, real=0.00 secs] 
2021-01-21T22:11:38.630+0800: 2.942: [CMS-concurrent-abortable-preclean-start]
2021-01-21T22:11:38.630+0800: 2.942: [CMS-concurrent-abortable-preclean: 0.000/0.000 secs] [Times: user=0.00 sys=0.00, real=0.00 secs] 
2021-01-21T22:11:38.631+0800: 2.943: [GC (CMS Final Remark) [YG occupancy: 71002 K (157248 K)]2021-01-21T22:11:38.631+0800: 2.943: [Rescan (parallel) , 0.0012731 secs]2021-01-21T22:11:38.633+0800: 2.945: [weak refs processing, 0.0002493 secs]2021-01-21T22:11:38.633+0800: 2.945: [class unloading, 0.0004359 secs]2021-01-21T22:11:38.634+0800: 2.946: [scrub symbol table, 0.0004970 secs]2021-01-21T22:11:38.635+0800: 2.947: [scrub string table, 0.0004090 secs][1 CMS-remark: 349509K(349568K)] 420511K(506816K), 0.0045864 secs] [Times: user=0.00 sys=0.00, real=0.00 secs] 
2021-01-21T22:11:38.636+0800: 2.948: [CMS-concurrent-sweep-start]
2021-01-21T22:11:38.636+0800: 2.948: [CMS-concurrent-sweep: 0.000/0.000 secs] [Times: user=0.00 sys=0.00, real=0.00 secs] 
2021-01-21T22:11:38.637+0800: 2.949: [CMS-concurrent-reset-start]
2021-01-21T22:11:38.637+0800: 2.949: [CMS-concurrent-reset: 0.000/0.000 secs] [Times: user=0.00 sys=0.00, real=0.00 secs] 
2021-01-21T22:11:38.647+0800: 2.959: [GC (Allocation Failure) 2021-01-21T22:11:38.647+0800: 2.959: [ParNew: 156593K->156593K(157248K), 0.0002932 secs]2021-01-21T22:11:38.648+0800: 2.960: [CMS: 348561K->349309K(349568K), 0.0501263 secs] 505155K->390279K(506816K), [Metaspace: 2809K->2809K(1056768K)], 0.0517797 secs] [Times: user=0.05 sys=0.00, real=0.06 secs] 
2021-01-21T22:11:38.700+0800: 3.012: [GC (CMS Initial Mark) [1 CMS-initial-mark: 349309K(349568K)] 393419K(506816K), 0.0011116 secs] [Times: user=0.00 sys=0.00, real=0.00 secs] 
2021-01-21T22:11:38.702+0800: 3.014: [CMS-concurrent-mark-start]
2021-01-21T22:11:38.703+0800: 3.015: [CMS-concurrent-mark: 0.002/0.002 secs] [Times: user=0.01 sys=0.00, real=0.00 secs] 
2021-01-21T22:11:38.704+0800: 3.016: [CMS-concurrent-preclean-start]
2021-01-21T22:11:38.704+0800: 3.017: [CMS-concurrent-preclean: 0.001/0.001 secs] [Times: user=0.00 sys=0.00, real=0.00 secs] 
2021-01-21T22:11:38.705+0800: 3.017: [CMS-concurrent-abortable-preclean-start]
2021-01-21T22:11:38.705+0800: 3.017: [CMS-concurrent-abortable-preclean: 0.000/0.000 secs] [Times: user=0.00 sys=0.00, real=0.00 secs] 
2021-01-21T22:11:38.705+0800: 3.017: [GC (CMS Final Remark) [YG occupancy: 72724 K (157248 K)]2021-01-21T22:11:38.706+0800: 3.018: [Rescan (parallel) , 0.0007955 secs]2021-01-21T22:11:38.707+0800: 3.019: [weak refs processing, 0.0002590 secs]2021-01-21T22:11:38.707+0800: 3.019: [class unloading, 0.0003958 secs]2021-01-21T22:11:38.708+0800: 3.020: [scrub symbol table, 0.0004756 secs]2021-01-21T22:11:38.709+0800: 3.021: [scrub string table, 0.0004229 secs][1 CMS-remark: 349309K(349568K)] 422033K(506816K), 0.0040531 secs] [Times: user=0.00 sys=0.00, real=0.01 secs] 
2021-01-21T22:11:38.710+0800: 3.022: [CMS-concurrent-sweep-start]
2021-01-21T22:11:38.711+0800: 3.023: [CMS-concurrent-sweep: 0.000/0.000 secs] [Times: user=0.01 sys=0.00, real=0.00 secs] 
2021-01-21T22:11:38.711+0800: 3.023: [CMS-concurrent-reset-start]
2021-01-21T22:11:38.711+0800: 3.023: [CMS-concurrent-reset: 0.000/0.000 secs] [Times: user=0.00 sys=0.00, real=0.00 secs] 
2021-01-21T22:11:38.721+0800: 3.033: [GC (Allocation Failure) 2021-01-21T22:11:38.721+0800: 3.033: [ParNew: 157178K->157178K(157248K), 0.0002931 secs]2021-01-21T22:11:38.722+0800: 3.034: [CMS: 348407K->349263K(349568K), 0.0519940 secs] 505585K->393729K(506816K), [Metaspace: 2809K->2809K(1056768K)], 0.0534284 secs] [Times: user=0.05 sys=0.00, real=0.05 secs] 
2021-01-21T22:11:38.775+0800: 3.087: [GC (CMS Initial Mark) [1 CMS-initial-mark: 349263K(349568K)] 396620K(506816K), 0.0012191 secs] [Times: user=0.00 sys=0.00, real=0.00 secs] 
2021-01-21T22:11:38.777+0800: 3.089: [CMS-concurrent-mark-start]
2021-01-21T22:11:38.779+0800: 3.091: [CMS-concurrent-mark: 0.001/0.001 secs] [Times: user=0.00 sys=0.00, real=0.01 secs] 
2021-01-21T22:11:38.779+0800: 3.091: [CMS-concurrent-preclean-start]
2021-01-21T22:11:38.780+0800: 3.092: [CMS-concurrent-preclean: 0.001/0.001 secs] [Times: user=0.01 sys=0.00, real=0.00 secs] 
2021-01-21T22:11:38.781+0800: 3.093: [CMS-concurrent-abortable-preclean-start]
2021-01-21T22:11:38.781+0800: 3.093: [CMS-concurrent-abortable-preclean: 0.000/0.000 secs] [Times: user=0.00 sys=0.00, real=0.00 secs] 
2021-01-21T22:11:38.781+0800: 3.093: [GC (CMS Final Remark) [YG occupancy: 69487 K (157248 K)]2021-01-21T22:11:38.781+0800: 3.093: [Rescan (parallel) , 0.0010600 secs]2021-01-21T22:11:38.783+0800: 3.095: [weak refs processing, 0.0002858 secs]2021-01-21T22:11:38.783+0800: 3.095: [class unloading, 0.0004516 secs]2021-01-21T22:11:38.784+0800: 3.096: [scrub symbol table, 0.0005282 secs]2021-01-21T22:11:38.785+0800: 3.097: [scrub string table, 0.0004092 secs][1 CMS-remark: 349263K(349568K)] 418750K(506816K), 0.0042016 secs] [Times: user=0.00 sys=0.00, real=0.00 secs] 
2021-01-21T22:11:38.786+0800: 3.098: [CMS-concurrent-sweep-start]
2021-01-21T22:11:38.786+0800: 3.098: [CMS-concurrent-sweep: 0.000/0.000 secs] [Times: user=0.00 sys=0.00, real=0.00 secs] 
2021-01-21T22:11:38.786+0800: 3.098: [CMS-concurrent-reset-start]
2021-01-21T22:11:38.787+0800: 3.099: [CMS-concurrent-reset: 0.000/0.000 secs] [Times: user=0.00 sys=0.00, real=0.00 secs] 
2021-01-21T22:11:38.799+0800: 3.111: [GC (Allocation Failure) 2021-01-21T22:11:38.799+0800: 3.111: [ParNew: 157121K->157121K(157248K), 0.0002739 secs]2021-01-21T22:11:38.800+0800: 3.112: [CMS: 346946K->349540K(349568K), 0.0517383 secs] 504068K->390895K(506816K), [Metaspace: 2809K->2809K(1056768K)], 0.0531091 secs] [Times: user=0.05 sys=0.00, real=0.05 secs] 
2021-01-21T22:11:38.853+0800: 3.165: [GC (CMS Initial Mark) [1 CMS-initial-mark: 349540K(349568K)] 393416K(506816K), 0.0016291 secs] [Times: user=0.00 sys=0.00, real=0.00 secs] 
2021-01-21T22:11:38.855+0800: 3.167: [CMS-concurrent-mark-start]
2021-01-21T22:11:38.857+0800: 3.169: [CMS-concurrent-mark: 0.001/0.001 secs] [Times: user=0.00 sys=0.00, real=0.00 secs] 
2021-01-21T22:11:38.857+0800: 3.169: [CMS-concurrent-preclean-start]
2021-01-21T22:11:38.858+0800: 3.170: [CMS-concurrent-preclean: 0.001/0.001 secs] [Times: user=0.01 sys=0.00, real=0.00 secs] 
2021-01-21T22:11:38.858+0800: 3.170: [CMS-concurrent-abortable-preclean-start]
2021-01-21T22:11:38.858+0800: 3.170: [CMS-concurrent-abortable-preclean: 0.000/0.000 secs] [Times: user=0.00 sys=0.00, real=0.00 secs] 
2021-01-21T22:11:38.859+0800: 3.171: [GC (CMS Final Remark) [YG occupancy: 73848 K (157248 K)]2021-01-21T22:11:38.859+0800: 3.171: [Rescan (parallel) , 0.0014171 secs]2021-01-21T22:11:38.861+0800: 3.173: [weak refs processing, 0.0003254 secs]2021-01-21T22:11:38.861+0800: 3.174: [class unloading, 0.0004569 secs]2021-01-21T22:11:38.862+0800: 3.174: [scrub symbol table, 0.0006899 secs]2021-01-21T22:11:38.863+0800: 3.175: [scrub string table, 0.0004438 secs][1 CMS-remark: 349540K(349568K)] 423388K(506816K), 0.0051754 secs] [Times: user=0.00 sys=0.00, real=0.00 secs] 
2021-01-21T22:11:38.865+0800: 3.177: [CMS-concurrent-sweep-start]
2021-01-21T22:11:38.865+0800: 3.177: [CMS-concurrent-sweep: 0.000/0.000 secs] [Times: user=0.00 sys=0.00, real=0.00 secs] 
2021-01-21T22:11:38.865+0800: 3.177: [CMS-concurrent-reset-start]
2021-01-21T22:11:38.865+0800: 3.177: [CMS-concurrent-reset: 0.000/0.000 secs] [Times: user=0.00 sys=0.00, real=0.00 secs] 
2021-01-21T22:11:38.875+0800: 3.187: [GC (Allocation Failure) 2021-01-21T22:11:38.875+0800: 3.187: [ParNew: 157232K->157232K(157248K), 0.0003182 secs]2021-01-21T22:11:38.876+0800: 3.188: [CMS: 348305K->349540K(349568K), 0.0496213 secs] 505538K->392547K(506816K), [Metaspace: 2809K->2809K(1056768K)], 0.0512293 secs] [Times: user=0.05 sys=0.00, real=0.05 secs] 
2021-01-21T22:11:38.927+0800: 3.239: [GC (CMS Initial Mark) [1 CMS-initial-mark: 349540K(349568K)] 394971K(506816K), 0.0015393 secs] [Times: user=0.00 sys=0.00, real=0.01 secs] 
2021-01-21T22:11:38.929+0800: 3.241: [CMS-concurrent-mark-start]
2021-01-21T22:11:38.931+0800: 3.243: [CMS-concurrent-mark: 0.001/0.001 secs] [Times: user=0.00 sys=0.00, real=0.00 secs] 
2021-01-21T22:11:38.931+0800: 3.243: [CMS-concurrent-preclean-start]
2021-01-21T22:11:38.932+0800: 3.244: [CMS-concurrent-preclean: 0.001/0.001 secs] [Times: user=0.00 sys=0.00, real=0.00 secs] 
2021-01-21T22:11:38.932+0800: 3.244: [CMS-concurrent-abortable-preclean-start]
2021-01-21T22:11:38.932+0800: 3.244: [CMS-concurrent-abortable-preclean: 0.000/0.000 secs] [Times: user=0.00 sys=0.00, real=0.00 secs] 
2021-01-21T22:11:38.933+0800: 3.245: [GC (CMS Final Remark) [YG occupancy: 70023 K (157248 K)]2021-01-21T22:11:38.934+0800: 3.246: [Rescan (parallel) , 0.0023913 secs]2021-01-21T22:11:38.936+0800: 3.249: [weak refs processing, 0.0003041 secs]2021-01-21T22:11:38.937+0800: 3.249: [class unloading, 0.0004665 secs]2021-01-21T22:11:38.938+0800: 3.250: [scrub symbol table, 0.0005034 secs]2021-01-21T22:11:38.939+0800: 3.251: [scrub string table, 0.0004227 secs][1 CMS-remark: 349540K(349568K)] 419563K(506816K), 0.0062753 secs] [Times: user=0.01 sys=0.00, real=0.01 secs] 
2021-01-21T22:11:38.940+0800: 3.252: [CMS-concurrent-sweep-start]
2021-01-21T22:11:38.940+0800: 3.252: [CMS-concurrent-sweep: 0.000/0.000 secs] [Times: user=0.00 sys=0.00, real=0.00 secs] 
2021-01-21T22:11:38.941+0800: 3.253: [CMS-concurrent-reset-start]
2021-01-21T22:11:38.941+0800: 3.253: [CMS-concurrent-reset: 0.000/0.000 secs] [Times: user=0.00 sys=0.00, real=0.00 secs] 
2021-01-21T22:11:38.951+0800: 3.263: [GC (Allocation Failure) 2021-01-21T22:11:38.952+0800: 3.264: [ParNew: 157139K->157139K(157248K), 0.0003382 secs]2021-01-21T22:11:38.952+0800: 3.264: [CMS: 349540K->349517K(349568K), 0.0549228 secs] 506679K->390044K(506816K), [Metaspace: 2809K->2809K(1056768K)], 0.0566011 secs] [Times: user=0.05 sys=0.00, real=0.06 secs] 
2021-01-21T22:11:39.009+0800: 3.321: [GC (CMS Initial Mark) [1 CMS-initial-mark: 349517K(349568K)] 393332K(506816K), 0.0011956 secs] [Times: user=0.00 sys=0.00, real=0.01 secs] 
2021-01-21T22:11:39.020+0800: 3.332: [CMS-concurrent-mark-start]
2021-01-21T22:11:39.022+0800: 3.334: [CMS-concurrent-mark: 0.001/0.001 secs] [Times: user=0.00 sys=0.00, real=0.00 secs] 
2021-01-21T22:11:39.022+0800: 3.334: [CMS-concurrent-preclean-start]
2021-01-21T22:11:39.023+0800: 3.335: [CMS-concurrent-preclean: 0.001/0.001 secs] [Times: user=0.00 sys=0.00, real=0.00 secs] 
2021-01-21T22:11:39.024+0800: 3.336: [CMS-concurrent-abortable-preclean-start]
2021-01-21T22:11:39.024+0800: 3.336: [CMS-concurrent-abortable-preclean: 0.000/0.000 secs] [Times: user=0.00 sys=0.00, real=0.00 secs] 
2021-01-21T22:11:39.024+0800: 3.336: [GC (CMS Final Remark) [YG occupancy: 72566 K (157248 K)]2021-01-21T22:11:39.025+0800: 3.337: [Rescan (parallel) , 0.0067716 secs]2021-01-21T22:11:39.032+0800: 3.344: [weak refs processing, 0.0003629 secs]2021-01-21T22:11:39.033+0800: 3.345: [class unloading, 0.0004952 secs]2021-01-21T22:11:39.034+0800: 3.346: [scrub symbol table, 0.0006070 secs]2021-01-21T22:11:39.034+0800: 3.346: [scrub string table, 0.0005632 secs][1 CMS-remark: 349517K(349568K)] 422084K(506816K), 0.0108893 secs] [Times: user=0.04 sys=0.00, real=0.01 secs] 
2021-01-21T22:11:39.036+0800: 3.348: [CMS-concurrent-sweep-start]
2021-01-21T22:11:39.036+0800: 3.348: [CMS-concurrent-sweep: 0.000/0.000 secs] [Times: user=0.00 sys=0.00, real=0.00 secs] 
2021-01-21T22:11:39.037+0800: 3.349: [CMS-concurrent-reset-start]
2021-01-21T22:11:39.037+0800: 3.349: [CMS-concurrent-reset: 0.000/0.000 secs] [Times: user=0.00 sys=0.00, real=0.00 secs] 
2021-01-21T22:11:39.048+0800: 3.360: [GC (Allocation Failure) 2021-01-21T22:11:39.049+0800: 3.361: [ParNew: 157189K->157189K(157248K), 0.0002633 secs]2021-01-21T22:11:39.049+0800: 3.361: [CMS: 348422K->349179K(349568K), 0.0521815 secs] 505612K->386298K(506816K), [Metaspace: 2809K->2809K(1056768K)], 0.0534068 secs] [Times: user=0.05 sys=0.00, real=0.05 secs] 
2021-01-21T22:11:39.103+0800: 3.415: [GC (CMS Initial Mark) [1 CMS-initial-mark: 349179K(349568K)] 388848K(506816K), 0.0008626 secs] [Times: user=0.00 sys=0.00, real=0.00 secs] 
2021-01-21T22:11:39.104+0800: 3.416: [CMS-concurrent-mark-start]
2021-01-21T22:11:39.106+0800: 3.418: [CMS-concurrent-mark: 0.002/0.002 secs] [Times: user=0.00 sys=0.00, real=0.00 secs] 
2021-01-21T22:11:39.106+0800: 3.418: [CMS-concurrent-preclean-start]
2021-01-21T22:11:39.107+0800: 3.419: [CMS-concurrent-preclean: 0.001/0.001 secs] [Times: user=0.00 sys=0.00, real=0.00 secs] 
2021-01-21T22:11:39.108+0800: 3.420: [CMS-concurrent-abortable-preclean-start]
2021-01-21T22:11:39.108+0800: 3.420: [CMS-concurrent-abortable-preclean: 0.000/0.000 secs] [Times: user=0.00 sys=0.00, real=0.00 secs] 
2021-01-21T22:11:39.108+0800: 3.420: [GC (CMS Final Remark) [YG occupancy: 75361 K (157248 K)]2021-01-21T22:11:39.109+0800: 3.421: [Rescan (parallel) , 0.0026620 secs]2021-01-21T22:11:39.112+0800: 3.424: [weak refs processing, 0.0003631 secs]2021-01-21T22:11:39.113+0800: 3.425: [class unloading, 0.0004910 secs]2021-01-21T22:11:39.113+0800: 3.425: [scrub symbol table, 0.0006153 secs]2021-01-21T22:11:39.114+0800: 3.426: [scrub string table, 0.0004531 secs][1 CMS-remark: 349179K(349568K)] 424540K(506816K), 0.0069097 secs] [Times: user=0.01 sys=0.00, real=0.00 secs] 
2021-01-21T22:11:39.116+0800: 3.428: [CMS-concurrent-sweep-start]
2021-01-21T22:11:39.116+0800: 3.428: [CMS-concurrent-sweep: 0.000/0.000 secs] [Times: user=0.01 sys=0.00, real=0.00 secs] 
2021-01-21T22:11:39.117+0800: 3.429: [CMS-concurrent-reset-start]
2021-01-21T22:11:39.117+0800: 3.429: [CMS-concurrent-reset: 0.000/0.000 secs] [Times: user=0.00 sys=0.00, real=0.00 secs] 
2021-01-21T22:11:39.125+0800: 3.437: [GC (Allocation Failure) 2021-01-21T22:11:39.126+0800: 3.438: [ParNew: 157153K->157153K(157248K), 0.0003658 secs]2021-01-21T22:11:39.126+0800: 3.439: [CMS: 348565K->349282K(349568K), 0.0486254 secs] 505719K->385958K(506816K), [Metaspace: 2809K->2809K(1056768K)], 0.0501123 secs] [Times: user=0.04 sys=0.00, real=0.05 secs] 
2021-01-21T22:11:39.176+0800: 3.488: [GC (CMS Initial Mark) [1 CMS-initial-mark: 349282K(349568K)] 388583K(506816K), 0.0009932 secs] [Times: user=0.01 sys=0.00, real=0.00 secs] 
2021-01-21T22:11:39.178+0800: 3.490: [CMS-concurrent-mark-start]
2021-01-21T22:11:39.179+0800: 3.491: [CMS-concurrent-mark: 0.001/0.001 secs] [Times: user=0.00 sys=0.00, real=0.01 secs] 
2021-01-21T22:11:39.180+0800: 3.492: [CMS-concurrent-preclean-start]
2021-01-21T22:11:39.181+0800: 3.493: [CMS-concurrent-preclean: 0.001/0.001 secs] [Times: user=0.00 sys=0.00, real=0.00 secs] 
2021-01-21T22:11:39.181+0800: 3.493: [CMS-concurrent-abortable-preclean-start]
2021-01-21T22:11:39.181+0800: 3.493: [CMS-concurrent-abortable-preclean: 0.000/0.000 secs] [Times: user=0.00 sys=0.00, real=0.00 secs] 
2021-01-21T22:11:39.181+0800: 3.493: [GC (CMS Final Remark) [YG occupancy: 72049 K (157248 K)]2021-01-21T22:11:39.182+0800: 3.494: [Rescan (parallel) , 0.0011648 secs]2021-01-21T22:11:39.183+0800: 3.495: [weak refs processing, 0.0002803 secs]2021-01-21T22:11:39.184+0800: 3.496: [class unloading, 0.0004395 secs]2021-01-21T22:11:39.184+0800: 3.496: [scrub symbol table, 0.0005008 secs]2021-01-21T22:11:39.185+0800: 3.497: [scrub string table, 0.0003752 secs][1 CMS-remark: 349282K(349568K)] 421331K(506816K), 0.0043713 secs] [Times: user=0.01 sys=0.00, real=0.00 secs] 
2021-01-21T22:11:39.186+0800: 3.498: [CMS-concurrent-sweep-start]
2021-01-21T22:11:39.187+0800: 3.499: [CMS-concurrent-sweep: 0.000/0.000 secs] [Times: user=0.00 sys=0.00, real=0.00 secs] 
2021-01-21T22:11:39.187+0800: 3.499: [CMS-concurrent-reset-start]
2021-01-21T22:11:39.187+0800: 3.499: [CMS-concurrent-reset: 0.000/0.000 secs] [Times: user=0.00 sys=0.00, real=0.00 secs] 
2021-01-21T22:11:39.197+0800: 3.509: [GC (Allocation Failure) 2021-01-21T22:11:39.198+0800: 3.510: [ParNew: 157034K->157034K(157248K), 0.0003215 secs]2021-01-21T22:11:39.198+0800: 3.510: [CMS: 348362K->349248K(349568K), 0.0503938 secs] 505396K->384028K(506816K), [Metaspace: 2809K->2809K(1056768K)], 0.0520765 secs] [Times: user=0.05 sys=0.00, real=0.06 secs] 
2021-01-21T22:11:39.250+0800: 3.562: [GC (CMS Initial Mark) [1 CMS-initial-mark: 349248K(349568K)] 387313K(506816K), 0.0008852 secs] [Times: user=0.00 sys=0.00, real=0.00 secs] 
2021-01-21T22:11:39.251+0800: 3.563: [CMS-concurrent-mark-start]
2021-01-21T22:11:39.253+0800: 3.565: [CMS-concurrent-mark: 0.001/0.001 secs] [Times: user=0.00 sys=0.00, real=0.00 secs] 
2021-01-21T22:11:39.253+0800: 3.565: [CMS-concurrent-preclean-start]
2021-01-21T22:11:39.254+0800: 3.566: [CMS-concurrent-preclean: 0.001/0.001 secs] [Times: user=0.00 sys=0.00, real=0.00 secs] 
2021-01-21T22:11:39.254+0800: 3.566: [CMS-concurrent-abortable-preclean-start]
2021-01-21T22:11:39.254+0800: 3.566: [CMS-concurrent-abortable-preclean: 0.000/0.000 secs] [Times: user=0.00 sys=0.00, real=0.00 secs] 
2021-01-21T22:11:39.255+0800: 3.567: [GC (CMS Final Remark) [YG occupancy: 60438 K (157248 K)]2021-01-21T22:11:39.255+0800: 3.567: [Rescan (parallel) , 0.0009636 secs]2021-01-21T22:11:39.256+0800: 3.568: [weak refs processing, 0.0002060 secs]2021-01-21T22:11:39.256+0800: 3.568: [class unloading, 0.0003570 secs]2021-01-21T22:11:39.257+0800: 3.569: [scrub symbol table, 0.0005340 secs]2021-01-21T22:11:39.258+0800: 3.570: [scrub string table, 0.0003171 secs][1 CMS-remark: 349248K(349568K)] 409686K(506816K), 0.0035373 secs] [Times: user=0.00 sys=0.00, real=0.01 secs] 
2021-01-21T22:11:39.259+0800: 3.571: [CMS-concurrent-sweep-start]
2021-01-21T22:11:39.259+0800: 3.571: [CMS-concurrent-sweep: 0.000/0.000 secs] [Times: user=0.00 sys=0.00, real=0.00 secs] 
2021-01-21T22:11:39.259+0800: 3.571: [CMS-concurrent-reset-start]
2021-01-21T22:11:39.260+0800: 3.572: [CMS-concurrent-reset: 0.000/0.000 secs] [Times: user=0.00 sys=0.00, real=0.00 secs] 
2021-01-21T22:11:39.271+0800: 3.583: [GC (Allocation Failure) 2021-01-21T22:11:39.271+0800: 3.583: [ParNew: 156989K->156989K(157248K), 0.0003875 secs]2021-01-21T22:11:39.272+0800: 3.584: [CMS: 349248K->349481K(349568K), 0.0518546 secs] 506237K->387934K(506816K), [Metaspace: 2809K->2809K(1056768K)], 0.0535831 secs] [Times: user=0.06 sys=0.00, real=0.05 secs] 
2021-01-21T22:11:39.325+0800: 3.638: [GC (CMS Initial Mark) [1 CMS-initial-mark: 349481K(349568K)] 391183K(506816K), 0.0013828 secs] [Times: user=0.00 sys=0.00, real=0.00 secs] 
2021-01-21T22:11:39.328+0800: 3.640: [CMS-concurrent-mark-start]
2021-01-21T22:11:39.329+0800: 3.641: [CMS-concurrent-mark: 0.001/0.001 secs] [Times: user=0.00 sys=0.00, real=0.01 secs] 
2021-01-21T22:11:39.330+0800: 3.642: [CMS-concurrent-preclean-start]
2021-01-21T22:11:39.331+0800: 3.643: [CMS-concurrent-preclean: 0.002/0.002 secs] [Times: user=0.01 sys=0.00, real=0.00 secs] 
2021-01-21T22:11:39.332+0800: 3.644: [CMS-concurrent-abortable-preclean-start]
2021-01-21T22:11:39.332+0800: 3.644: [CMS-concurrent-abortable-preclean: 0.000/0.000 secs] [Times: user=0.00 sys=0.00, real=0.00 secs] 
2021-01-21T22:11:39.332+0800: 3.644: [GC (CMS Final Remark) [YG occupancy: 74674 K (157248 K)]2021-01-21T22:11:39.333+0800: 3.645: [Rescan (parallel) , 0.0013383 secs]2021-01-21T22:11:39.334+0800: 3.646: [weak refs processing, 0.0003792 secs]2021-01-21T22:11:39.335+0800: 3.647: [class unloading, 0.0004545 secs]2021-01-21T22:11:39.336+0800: 3.648: [scrub symbol table, 0.0005051 secs]2021-01-21T22:11:39.336+0800: 3.649: [scrub string table, 0.0003627 secs][1 CMS-remark: 349481K(349568K)] 424155K(506816K), 0.0046002 secs] [Times: user=0.00 sys=0.00, real=0.00 secs] 
2021-01-21T22:11:39.338+0800: 3.650: [CMS-concurrent-sweep-start]
2021-01-21T22:11:39.338+0800: 3.650: [CMS-concurrent-sweep: 0.000/0.000 secs] [Times: user=0.00 sys=0.00, real=0.00 secs] 
2021-01-21T22:11:39.338+0800: 3.650: [CMS-concurrent-reset-start]
2021-01-21T22:11:39.338+0800: 3.650: [CMS-concurrent-reset: 0.000/0.000 secs] [Times: user=0.00 sys=0.00, real=0.01 secs] 
2021-01-21T22:11:39.349+0800: 3.661: [GC (Allocation Failure) 2021-01-21T22:11:39.350+0800: 3.662: [ParNew: 157211K->157211K(157248K), 0.0003753 secs]2021-01-21T22:11:39.351+0800: 3.663: [CMS: 348501K->349560K(349568K), 0.0501600 secs] 505712K->391264K(506816K), [Metaspace: 2809K->2809K(1056768K)], 0.0517634 secs] [Times: user=0.05 sys=0.00, real=0.05 secs] 
2021-01-21T22:11:39.402+0800: 3.714: [GC (CMS Initial Mark) [1 CMS-initial-mark: 349560K(349568K)] 394261K(506816K), 0.0014553 secs] [Times: user=0.00 sys=0.00, real=0.00 secs] 
2021-01-21T22:11:39.404+0800: 3.716: [CMS-concurrent-mark-start]
2021-01-21T22:11:39.406+0800: 3.718: [CMS-concurrent-mark: 0.001/0.001 secs] [Times: user=0.00 sys=0.00, real=0.00 secs] 
2021-01-21T22:11:39.406+0800: 3.718: [CMS-concurrent-preclean-start]
2021-01-21T22:11:39.407+0800: 3.719: [CMS-concurrent-preclean: 0.001/0.001 secs] [Times: user=0.00 sys=0.00, real=0.00 secs] 
2021-01-21T22:11:39.407+0800: 3.719: [CMS-concurrent-abortable-preclean-start]
2021-01-21T22:11:39.407+0800: 3.719: [CMS-concurrent-abortable-preclean: 0.000/0.000 secs] [Times: user=0.00 sys=0.00, real=0.00 secs] 
2021-01-21T22:11:39.408+0800: 3.720: [GC (CMS Final Remark) [YG occupancy: 74794 K (157248 K)]2021-01-21T22:11:39.408+0800: 3.720: [Rescan (parallel) , 0.0007291 secs]2021-01-21T22:11:39.409+0800: 3.721: [weak refs processing, 0.0003086 secs]2021-01-21T22:11:39.410+0800: 3.722: [class unloading, 0.0005399 secs]2021-01-21T22:11:39.411+0800: 3.723: [scrub symbol table, 0.0008784 secs]2021-01-21T22:11:39.412+0800: 3.724: [scrub string table, 0.0004648 secs][1 CMS-remark: 349560K(349568K)] 424354K(506816K), 0.0051547 secs] [Times: user=0.00 sys=0.00, real=0.01 secs] 
2021-01-21T22:11:39.414+0800: 3.726: [CMS-concurrent-sweep-start]
2021-01-21T22:11:39.414+0800: 3.726: [CMS-concurrent-sweep: 0.000/0.000 secs] [Times: user=0.00 sys=0.00, real=0.00 secs] 
2021-01-21T22:11:39.414+0800: 3.726: [CMS-concurrent-reset-start]
2021-01-21T22:11:39.415+0800: 3.727: [CMS-concurrent-reset: 0.000/0.000 secs] [Times: user=0.00 sys=0.00, real=0.00 secs] 
2021-01-21T22:11:39.425+0800: 3.737: [GC (Allocation Failure) 2021-01-21T22:11:39.426+0800: 3.738: [ParNew: 157180K->157180K(157248K), 0.0003823 secs]2021-01-21T22:11:39.426+0800: 3.738: [CMS: 348629K->349112K(349568K), 0.0509855 secs] 505810K->387104K(506816K), [Metaspace: 2809K->2809K(1056768K)], 0.0524289 secs] [Times: user=0.05 sys=0.00, real=0.06 secs] 
2021-01-21T22:11:39.479+0800: 3.791: [GC (CMS Initial Mark) [1 CMS-initial-mark: 349112K(349568K)] 390702K(506816K), 0.0016434 secs] [Times: user=0.01 sys=0.00, real=0.00 secs] 
2021-01-21T22:11:39.482+0800: 3.794: [CMS-concurrent-mark-start]
2021-01-21T22:11:39.483+0800: 3.795: [CMS-concurrent-mark: 0.001/0.001 secs] [Times: user=0.00 sys=0.00, real=0.00 secs] 
2021-01-21T22:11:39.484+0800: 3.796: [CMS-concurrent-preclean-start]
2021-01-21T22:11:39.485+0800: 3.797: [CMS-concurrent-preclean: 0.001/0.001 secs] [Times: user=0.00 sys=0.00, real=0.00 secs] 
2021-01-21T22:11:39.485+0800: 3.797: [CMS-concurrent-abortable-preclean-start]
2021-01-21T22:11:39.485+0800: 3.797: [CMS-concurrent-abortable-preclean: 0.000/0.000 secs] [Times: user=0.00 sys=0.00, real=0.00 secs] 
2021-01-21T22:11:39.486+0800: 3.798: [GC (CMS Final Remark) [YG occupancy: 74977 K (157248 K)]2021-01-21T22:11:39.486+0800: 3.798: [Rescan (parallel) , 0.0014752 secs]2021-01-21T22:11:39.488+0800: 3.800: [weak refs processing, 0.0002878 secs]2021-01-21T22:11:39.488+0800: 3.800: [class unloading, 0.0004267 secs]2021-01-21T22:11:39.489+0800: 3.801: [scrub symbol table, 0.0005279 secs]2021-01-21T22:11:39.490+0800: 3.802: [scrub string table, 0.0003935 secs][1 CMS-remark: 349112K(349568K)] 424090K(506816K), 0.0048557 secs] [Times: user=0.00 sys=0.00, real=0.01 secs] 
2021-01-21T22:11:39.491+0800: 3.804: [CMS-concurrent-sweep-start]
2021-01-21T22:11:39.492+0800: 3.804: [CMS-concurrent-sweep: 0.000/0.000 secs] [Times: user=0.00 sys=0.00, real=0.00 secs] 
2021-01-21T22:11:39.492+0800: 3.804: [CMS-concurrent-reset-start]
2021-01-21T22:11:39.492+0800: 3.804: [CMS-concurrent-reset: 0.000/0.000 secs] [Times: user=0.00 sys=0.00, real=0.00 secs] 
2021-01-21T22:11:39.501+0800: 3.813: [GC (Allocation Failure) 2021-01-21T22:11:39.501+0800: 3.813: [ParNew: 157203K->157203K(157248K), 0.0003103 secs]2021-01-21T22:11:39.502+0800: 3.814: [CMS: 348511K->349061K(349568K), 0.0503258 secs] 505714K->391017K(506816K), [Metaspace: 2809K->2809K(1056768K)], 0.0517400 secs] [Times: user=0.05 sys=0.00, real=0.05 secs] 
2021-01-21T22:11:39.553+0800: 3.865: [GC (CMS Initial Mark) [1 CMS-initial-mark: 349061K(349568K)] 393592K(506816K), 0.0011623 secs] [Times: user=0.00 sys=0.00, real=0.00 secs] 
2021-01-21T22:11:39.555+0800: 3.867: [CMS-concurrent-mark-start]
2021-01-21T22:11:39.556+0800: 3.869: [CMS-concurrent-mark: 0.001/0.001 secs] [Times: user=0.00 sys=0.00, real=0.00 secs] 
2021-01-21T22:11:39.557+0800: 3.869: [CMS-concurrent-preclean-start]
2021-01-21T22:11:39.558+0800: 3.870: [CMS-concurrent-preclean: 0.001/0.001 secs] [Times: user=0.00 sys=0.00, real=0.00 secs] 
2021-01-21T22:11:39.558+0800: 3.870: [CMS-concurrent-abortable-preclean-start]
2021-01-21T22:11:39.558+0800: 3.870: [CMS-concurrent-abortable-preclean: 0.000/0.000 secs] [Times: user=0.00 sys=0.00, real=0.00 secs] 
2021-01-21T22:11:39.559+0800: 3.871: [GC (CMS Final Remark) [YG occupancy: 73120 K (157248 K)]2021-01-21T22:11:39.559+0800: 3.871: [Rescan (parallel) , 0.0016459 secs]2021-01-21T22:11:39.561+0800: 3.873: [weak refs processing, 0.0003724 secs]2021-01-21T22:11:39.562+0800: 3.874: [class unloading, 0.0004554 secs]2021-01-21T22:11:39.562+0800: 3.875: [scrub symbol table, 0.0005118 secs]2021-01-21T22:11:39.563+0800: 3.875: [scrub string table, 0.0005589 secs][1 CMS-remark: 349061K(349568K)] 422182K(506816K), 0.0054116 secs] [Times: user=0.00 sys=0.00, real=0.00 secs] 
2021-01-21T22:11:39.565+0800: 3.877: [CMS-concurrent-sweep-start]
2021-01-21T22:11:39.565+0800: 3.877: [CMS-concurrent-sweep: 0.000/0.000 secs] [Times: user=0.00 sys=0.00, real=0.00 secs] 
2021-01-21T22:11:39.566+0800: 3.878: [CMS-concurrent-reset-start]
2021-01-21T22:11:39.566+0800: 3.878: [CMS-concurrent-reset: 0.000/0.000 secs] [Times: user=0.00 sys=0.00, real=0.00 secs] 
2021-01-21T22:11:39.575+0800: 3.887: [GC (Allocation Failure) 2021-01-21T22:11:39.575+0800: 3.887: [ParNew: 156822K->156822K(157248K), 0.0003484 secs]2021-01-21T22:11:39.576+0800: 3.888: [CMS: 348385K->348927K(349568K), 0.0511974 secs] 505208K->392550K(506816K), [Metaspace: 2809K->2809K(1056768K)], 0.0529145 secs] [Times: user=0.05 sys=0.00, real=0.05 secs] 
2021-01-21T22:11:39.629+0800: 3.941: [GC (CMS Initial Mark) [1 CMS-initial-mark: 348927K(349568K)] 395613K(506816K), 0.0015399 secs] [Times: user=0.00 sys=0.00, real=0.00 secs] 
2021-01-21T22:11:39.631+0800: 3.943: [CMS-concurrent-mark-start]
2021-01-21T22:11:39.633+0800: 3.945: [CMS-concurrent-mark: 0.001/0.001 secs] [Times: user=0.00 sys=0.00, real=0.00 secs] 
2021-01-21T22:11:39.633+0800: 3.945: [CMS-concurrent-preclean-start]
2021-01-21T22:11:39.634+0800: 3.946: [CMS-concurrent-preclean: 0.001/0.001 secs] [Times: user=0.01 sys=0.00, real=0.00 secs] 
2021-01-21T22:11:39.635+0800: 3.947: [CMS-concurrent-abortable-preclean-start]
2021-01-21T22:11:39.635+0800: 3.947: [CMS-concurrent-abortable-preclean: 0.000/0.000 secs] [Times: user=0.00 sys=0.00, real=0.00 secs] 
2021-01-21T22:11:39.636+0800: 3.948: [GC (CMS Final Remark) [YG occupancy: 77885 K (157248 K)]2021-01-21T22:11:39.636+0800: 3.948: [Rescan (parallel) , 0.0007114 secs]2021-01-21T22:11:39.637+0800: 3.949: [weak refs processing, 0.0002972 secs]2021-01-21T22:11:39.638+0800: 3.950: [class unloading, 0.0003990 secs]2021-01-21T22:11:39.638+0800: 3.950: [scrub symbol table, 0.0005087 secs]2021-01-21T22:11:39.639+0800: 3.951: [scrub string table, 0.0003686 secs][1 CMS-remark: 348927K(349568K)] 426812K(506816K), 0.0041285 secs] [Times: user=0.00 sys=0.00, real=0.01 secs] 
2021-01-21T22:11:39.640+0800: 3.952: [CMS-concurrent-sweep-start]
2021-01-21T22:11:39.641+0800: 3.953: [CMS-concurrent-sweep: 0.000/0.000 secs] [Times: user=0.00 sys=0.00, real=0.00 secs] 
2021-01-21T22:11:39.641+0800: 3.953: [CMS-concurrent-reset-start]
2021-01-21T22:11:39.641+0800: 3.953: [CMS-concurrent-reset: 0.000/0.000 secs] [Times: user=0.00 sys=0.00, real=0.00 secs] 
2021-01-21T22:11:39.652+0800: 3.964: [GC (Allocation Failure) 2021-01-21T22:11:39.652+0800: 3.964: [ParNew: 157178K->157178K(157248K), 0.0003603 secs]2021-01-21T22:11:39.653+0800: 3.965: [CMS: 347697K->349553K(349568K), 0.0494072 secs] 504876K->386979K(506816K), [Metaspace: 2809K->2809K(1056768K)], 0.0510095 secs] [Times: user=0.05 sys=0.00, real=0.05 secs] 
2021-01-21T22:11:39.704+0800: 4.016: [GC (CMS Initial Mark) [1 CMS-initial-mark: 349553K(349568K)] 389504K(506816K), 0.0013097 secs] [Times: user=0.01 sys=0.00, real=0.00 secs] 
2021-01-21T22:11:39.706+0800: 4.018: [CMS-concurrent-mark-start]
2021-01-21T22:11:39.707+0800: 4.019: [CMS-concurrent-mark: 0.001/0.001 secs] [Times: user=0.00 sys=0.00, real=0.00 secs] 
2021-01-21T22:11:39.708+0800: 4.020: [CMS-concurrent-preclean-start]
2021-01-21T22:11:39.709+0800: 4.021: [CMS-concurrent-preclean: 0.001/0.001 secs] [Times: user=0.00 sys=0.00, real=0.01 secs] 
2021-01-21T22:11:39.709+0800: 4.021: [CMS-concurrent-abortable-preclean-start]
2021-01-21T22:11:39.709+0800: 4.021: [CMS-concurrent-abortable-preclean: 0.000/0.000 secs] [Times: user=0.00 sys=0.00, real=0.00 secs] 
2021-01-21T22:11:39.710+0800: 4.022: [GC (CMS Final Remark) [YG occupancy: 71832 K (157248 K)]2021-01-21T22:11:39.710+0800: 4.022: [Rescan (parallel) , 0.0021955 secs]2021-01-21T22:11:39.713+0800: 4.025: [weak refs processing, 0.0004804 secs]2021-01-21T22:11:39.714+0800: 4.026: [class unloading, 0.0008974 secs]2021-01-21T22:11:39.715+0800: 4.027: [scrub symbol table, 0.0005975 secs]2021-01-21T22:11:39.716+0800: 4.028: [scrub string table, 0.0004176 secs][1 CMS-remark: 349553K(349568K)] 421385K(506816K), 0.0066342 secs] [Times: user=0.01 sys=0.00, real=0.00 secs] 
2021-01-21T22:11:39.717+0800: 4.029: [CMS-concurrent-sweep-start]
2021-01-21T22:11:39.718+0800: 4.030: [CMS-concurrent-sweep: 0.000/0.000 secs] [Times: user=0.01 sys=0.00, real=0.00 secs] 
2021-01-21T22:11:39.718+0800: 4.030: [CMS-concurrent-reset-start]
2021-01-21T22:11:39.718+0800: 4.030: [CMS-concurrent-reset: 0.000/0.000 secs] [Times: user=0.00 sys=0.00, real=0.00 secs] 
2021-01-21T22:11:39.727+0800: 4.039: [GC (Allocation Failure) 2021-01-21T22:11:39.727+0800: 4.039: [ParNew: 157212K->157212K(157248K), 0.0003428 secs]2021-01-21T22:11:39.728+0800: 4.040: [CMS: 349089K->349514K(349568K), 0.0530811 secs] 506301K->392580K(506816K), [Metaspace: 2809K->2809K(1056768K)], 0.0549046 secs] [Times: user=0.05 sys=0.00, real=0.06 secs] 
2021-01-21T22:11:39.783+0800: 4.095: [GC (CMS Initial Mark) [1 CMS-initial-mark: 349514K(349568K)] 395024K(506816K), 0.0014061 secs] [Times: user=0.00 sys=0.00, real=0.00 secs] 
2021-01-21T22:11:39.785+0800: 4.097: [CMS-concurrent-mark-start]
2021-01-21T22:11:39.787+0800: 4.099: [CMS-concurrent-mark: 0.001/0.001 secs] [Times: user=0.00 sys=0.00, real=0.00 secs] 
2021-01-21T22:11:39.787+0800: 4.099: [CMS-concurrent-preclean-start]
2021-01-21T22:11:39.788+0800: 4.100: [CMS-concurrent-preclean: 0.001/0.001 secs] [Times: user=0.00 sys=0.00, real=0.01 secs] 
2021-01-21T22:11:39.789+0800: 4.101: [CMS-concurrent-abortable-preclean-start]
2021-01-21T22:11:39.789+0800: 4.101: [CMS-concurrent-abortable-preclean: 0.000/0.000 secs] [Times: user=0.00 sys=0.00, real=0.00 secs] 
2021-01-21T22:11:39.789+0800: 4.102: [GC (CMS Final Remark) [YG occupancy: 73355 K (157248 K)]2021-01-21T22:11:39.790+0800: 4.102: [Rescan (parallel) , 0.0013832 secs]2021-01-21T22:11:39.792+0800: 4.104: [weak refs processing, 0.0003157 secs]2021-01-21T22:11:39.792+0800: 4.104: [class unloading, 0.0005352 secs]2021-01-21T22:11:39.793+0800: 4.105: [scrub symbol table, 0.0007995 secs]2021-01-21T22:11:39.794+0800: 4.106: [scrub string table, 0.0004624 secs][1 CMS-remark: 349514K(349568K)] 422870K(506816K), 0.0055786 secs] [Times: user=0.00 sys=0.00, real=0.00 secs] 
2021-01-21T22:11:39.796+0800: 4.108: [CMS-concurrent-sweep-start]
2021-01-21T22:11:39.796+0800: 4.108: [CMS-concurrent-sweep: 0.000/0.000 secs] [Times: user=0.00 sys=0.00, real=0.00 secs] 
2021-01-21T22:11:39.797+0800: 4.109: [CMS-concurrent-reset-start]
2021-01-21T22:11:39.797+0800: 4.109: [CMS-concurrent-reset: 0.000/0.000 secs] [Times: user=0.00 sys=0.00, real=0.00 secs] 
2021-01-21T22:11:39.806+0800: 4.118: [GC (Allocation Failure) 2021-01-21T22:11:39.806+0800: 4.118: [ParNew: 157215K->157215K(157248K), 0.0004753 secs]2021-01-21T22:11:39.807+0800: 4.119: [CMS: 348548K->349541K(349568K), 0.0522800 secs] 505763K->391763K(506816K), [Metaspace: 2809K->2809K(1056768K)], 0.0542005 secs] [Times: user=0.05 sys=0.00, real=0.06 secs] 
2021-01-21T22:11:39.861+0800: 4.173: [GC (CMS Initial Mark) [1 CMS-initial-mark: 349541K(349568K)] 394435K(506816K), 0.0013435 secs] [Times: user=0.00 sys=0.00, real=0.00 secs] 
2021-01-21T22:11:39.863+0800: 4.175: [CMS-concurrent-mark-start]
2021-01-21T22:11:39.864+0800: 4.176: [CMS-concurrent-mark: 0.001/0.001 secs] [Times: user=0.00 sys=0.00, real=0.00 secs] 
2021-01-21T22:11:39.865+0800: 4.177: [CMS-concurrent-preclean-start]
2021-01-21T22:11:39.866+0800: 4.178: [CMS-concurrent-preclean: 0.001/0.001 secs] [Times: user=0.01 sys=0.00, real=0.00 secs] 
2021-01-21T22:11:39.866+0800: 4.178: [CMS-concurrent-abortable-preclean-start]
2021-01-21T22:11:39.866+0800: 4.178: [CMS-concurrent-abortable-preclean: 0.000/0.000 secs] [Times: user=0.00 sys=0.00, real=0.00 secs] 
2021-01-21T22:11:39.867+0800: 4.179: [GC (CMS Final Remark) [YG occupancy: 76496 K (157248 K)]2021-01-21T22:11:39.867+0800: 4.179: [Rescan (parallel) , 0.0008530 secs]2021-01-21T22:11:39.868+0800: 4.180: [weak refs processing, 0.0003294 secs]2021-01-21T22:11:39.869+0800: 4.181: [class unloading, 0.0006200 secs]2021-01-21T22:11:39.870+0800: 4.182: [scrub symbol table, 0.0005599 secs]2021-01-21T22:11:39.871+0800: 4.183: [scrub string table, 0.0003577 secs][1 CMS-remark: 349541K(349568K)] 426037K(506816K), 0.0046021 secs] [Times: user=0.00 sys=0.00, real=0.01 secs] 
2021-01-21T22:11:39.872+0800: 4.184: [CMS-concurrent-sweep-start]
2021-01-21T22:11:39.872+0800: 4.184: [CMS-concurrent-sweep: 0.000/0.000 secs] [Times: user=0.00 sys=0.00, real=0.00 secs] 
2021-01-21T22:11:39.872+0800: 4.184: [CMS-concurrent-reset-start]
2021-01-21T22:11:39.872+0800: 4.185: [CMS-concurrent-reset: 0.000/0.000 secs] [Times: user=0.00 sys=0.00, real=0.00 secs] 
2021-01-21T22:11:39.882+0800: 4.194: [GC (Allocation Failure) 2021-01-21T22:11:39.882+0800: 4.195: [ParNew: 157212K->157212K(157248K), 0.0003968 secs]2021-01-21T22:11:39.883+0800: 4.195: [CMS: 349074K->349519K(349568K), 0.0514934 secs] 506287K->394299K(506816K), [Metaspace: 2809K->2809K(1056768K)], 0.0532412 secs] [Times: user=0.05 sys=0.00, real=0.05 secs] 
2021-01-21T22:11:39.936+0800: 4.248: [GC (CMS Initial Mark) [1 CMS-initial-mark: 349519K(349568K)] 396881K(506816K), 0.0016114 secs] [Times: user=0.01 sys=0.00, real=0.01 secs] 
2021-01-21T22:11:39.939+0800: 4.251: [CMS-concurrent-mark-start]
2021-01-21T22:11:39.940+0800: 4.252: [CMS-concurrent-mark: 0.001/0.001 secs] [Times: user=0.00 sys=0.00, real=0.00 secs] 
2021-01-21T22:11:39.941+0800: 4.253: [CMS-concurrent-preclean-start]
2021-01-21T22:11:39.942+0800: 4.254: [CMS-concurrent-preclean: 0.001/0.001 secs] [Times: user=0.00 sys=0.00, real=0.00 secs] 
2021-01-21T22:11:39.942+0800: 4.255: [CMS-concurrent-abortable-preclean-start]
2021-01-21T22:11:39.943+0800: 4.255: [CMS-concurrent-abortable-preclean: 0.000/0.000 secs] [Times: user=0.00 sys=0.00, real=0.00 secs] 
2021-01-21T22:11:39.943+0800: 4.255: [GC (CMS Final Remark) [YG occupancy: 82843 K (157248 K)]2021-01-21T22:11:39.944+0800: 4.256: [Rescan (parallel) , 0.0009598 secs]2021-01-21T22:11:39.945+0800: 4.257: [weak refs processing, 0.0004399 secs]2021-01-21T22:11:39.946+0800: 4.258: [class unloading, 0.0007221 secs]2021-01-21T22:11:39.947+0800: 4.259: [scrub symbol table, 0.0006836 secs]2021-01-21T22:11:39.948+0800: 4.260: [scrub string table, 0.0006644 secs][1 CMS-remark: 349519K(349568K)] 432363K(506816K), 0.0061541 secs] [Times: user=0.00 sys=0.00, real=0.01 secs] 
2021-01-21T22:11:39.950+0800: 4.262: [CMS-concurrent-sweep-start]
2021-01-21T22:11:39.950+0800: 4.262: [CMS-concurrent-sweep: 0.000/0.000 secs] [Times: user=0.00 sys=0.00, real=0.00 secs] 
2021-01-21T22:11:39.950+0800: 4.263: [CMS-concurrent-reset-start]
2021-01-21T22:11:39.951+0800: 4.263: [CMS-concurrent-reset: 0.000/0.000 secs] [Times: user=0.00 sys=0.00, real=0.00 secs] 
2021-01-21T22:11:39.959+0800: 4.271: [GC (Allocation Failure) 2021-01-21T22:11:39.959+0800: 4.271: [ParNew: 157143K->157143K(157248K), 0.0003655 secs]2021-01-21T22:11:39.960+0800: 4.272: [CMS: 347267K->349538K(349568K), 0.0498765 secs] 504411K->393837K(506816K), [Metaspace: 2809K->2809K(1056768K)], 0.0517139 secs] [Times: user=0.05 sys=0.00, real=0.05 secs] 
2021-01-21T22:11:40.011+0800: 4.323: [GC (CMS Initial Mark) [1 CMS-initial-mark: 349538K(349568K)] 396531K(506816K), 0.0016589 secs] [Times: user=0.00 sys=0.00, real=0.00 secs] 
2021-01-21T22:11:40.014+0800: 4.326: [CMS-concurrent-mark-start]
2021-01-21T22:11:40.015+0800: 4.327: [CMS-concurrent-mark: 0.001/0.001 secs] [Times: user=0.00 sys=0.00, real=0.00 secs] 
2021-01-21T22:11:40.016+0800: 4.328: [CMS-concurrent-preclean-start]
2021-01-21T22:11:40.017+0800: 4.329: [CMS-concurrent-preclean: 0.001/0.001 secs] [Times: user=0.00 sys=0.00, real=0.00 secs] 
2021-01-21T22:11:40.017+0800: 4.329: [CMS-concurrent-abortable-preclean-start]
2021-01-21T22:11:40.017+0800: 4.329: [CMS-concurrent-abortable-preclean: 0.000/0.000 secs] [Times: user=0.00 sys=0.00, real=0.00 secs] 
2021-01-21T22:11:40.018+0800: 4.330: [GC (CMS Final Remark) [YG occupancy: 71749 K (157248 K)]2021-01-21T22:11:40.018+0800: 4.330: [Rescan (parallel) , 0.0009754 secs]2021-01-21T22:11:40.019+0800: 4.332: [weak refs processing, 0.0073564 secs]2021-01-21T22:11:40.027+0800: 4.339: [class unloading, 0.0005039 secs]2021-01-21T22:11:40.028+0800: 4.340: [scrub symbol table, 0.0006814 secs]2021-01-21T22:11:40.029+0800: 4.341: [scrub string table, 0.0005509 secs][1 CMS-remark: 349538K(349568K)] 421287K(506816K), 0.0122955 secs] [Times: user=0.00 sys=0.00, real=0.02 secs] 
2021-01-21T22:11:40.031+0800: 4.343: [CMS-concurrent-sweep-start]
2021-01-21T22:11:40.031+0800: 4.343: [CMS-concurrent-sweep: 0.000/0.000 secs] [Times: user=0.00 sys=0.00, real=0.00 secs] 
2021-01-21T22:11:40.031+0800: 4.344: [CMS-concurrent-reset-start]
2021-01-21T22:11:40.032+0800: 4.344: [CMS-concurrent-reset: 0.000/0.000 secs] [Times: user=0.00 sys=0.00, real=0.00 secs] 
2021-01-21T22:11:40.041+0800: 4.353: [GC (Allocation Failure) 2021-01-21T22:11:40.042+0800: 4.354: [ParNew: 157171K->157171K(157248K), 0.0003874 secs]2021-01-21T22:11:40.042+0800: 4.354: [CMS: 349345K->349503K(349568K), 0.0532798 secs] 506517K->391473K(506816K), [Metaspace: 2809K->2809K(1056768K)], 0.0550434 secs] [Times: user=0.06 sys=0.00, real=0.05 secs] 
2021-01-21T22:11:40.097+0800: 4.409: [GC (CMS Initial Mark) [1 CMS-initial-mark: 349503K(349568K)] 393897K(506816K), 0.0013968 secs] [Times: user=0.00 sys=0.00, real=0.01 secs] 
2021-01-21T22:11:40.099+0800: 4.411: [CMS-concurrent-mark-start]
2021-01-21T22:11:40.101+0800: 4.413: [CMS-concurrent-mark: 0.002/0.002 secs] [Times: user=0.00 sys=0.00, real=0.00 secs] 
2021-01-21T22:11:40.101+0800: 4.413: [CMS-concurrent-preclean-start]
2021-01-21T22:11:40.102+0800: 4.414: [CMS-concurrent-preclean: 0.001/0.001 secs] [Times: user=0.01 sys=0.00, real=0.00 secs] 
2021-01-21T22:11:40.103+0800: 4.415: [CMS-concurrent-abortable-preclean-start]
2021-01-21T22:11:40.103+0800: 4.415: [CMS-concurrent-abortable-preclean: 0.000/0.000 secs] [Times: user=0.00 sys=0.00, real=0.00 secs] 
2021-01-21T22:11:40.103+0800: 4.415: [GC (CMS Final Remark) [YG occupancy: 67711 K (157248 K)]2021-01-21T22:11:40.103+0800: 4.415: [Rescan (parallel) , 0.0033729 secs]2021-01-21T22:11:40.107+0800: 4.419: [weak refs processing, 0.0005185 secs]2021-01-21T22:11:40.108+0800: 4.420: [class unloading, 0.0005198 secs]2021-01-21T22:11:40.109+0800: 4.421: [scrub symbol table, 0.0006666 secs]2021-01-21T22:11:40.110+0800: 4.422: [scrub string table, 0.0005038 secs][1 CMS-remark: 349503K(349568K)] 417215K(506816K), 0.0075755 secs] [Times: user=0.02 sys=0.00, real=0.01 secs] 
2021-01-21T22:11:40.111+0800: 4.424: [CMS-concurrent-sweep-start]
2021-01-21T22:11:40.112+0800: 4.424: [CMS-concurrent-sweep: 0.000/0.000 secs] [Times: user=0.00 sys=0.00, real=0.00 secs] 
2021-01-21T22:11:40.112+0800: 4.424: [CMS-concurrent-reset-start]
2021-01-21T22:11:40.112+0800: 4.424: [CMS-concurrent-reset: 0.000/0.000 secs] [Times: user=0.00 sys=0.00, real=0.00 secs] 
2021-01-21T22:11:40.124+0800: 4.436: [GC (Allocation Failure) 2021-01-21T22:11:40.124+0800: 4.436: [ParNew: 157082K->157082K(157248K), 0.0003581 secs]2021-01-21T22:11:40.125+0800: 4.437: [CMS: 348645K->349476K(349568K), 0.0623134 secs] 505727K->387076K(506816K), [Metaspace: 2809K->2809K(1056768K)], 0.0640635 secs] [Times: user=0.06 sys=0.00, real=0.06 secs] 
2021-01-21T22:11:40.189+0800: 4.501: [GC (CMS Initial Mark) [1 CMS-initial-mark: 349476K(349568K)] 390656K(506816K), 0.0009963 secs] [Times: user=0.00 sys=0.00, real=0.00 secs] 
2021-01-21T22:11:40.190+0800: 4.502: [CMS-concurrent-mark-start]
2021-01-21T22:11:40.192+0800: 4.504: [CMS-concurrent-mark: 0.001/0.001 secs] [Times: user=0.00 sys=0.00, real=0.00 secs] 
2021-01-21T22:11:40.192+0800: 4.504: [CMS-concurrent-preclean-start]
2021-01-21T22:11:40.193+0800: 4.505: [CMS-concurrent-preclean: 0.001/0.001 secs] [Times: user=0.00 sys=0.00, real=0.00 secs] 
2021-01-21T22:11:40.194+0800: 4.506: [CMS-concurrent-abortable-preclean-start]
2021-01-21T22:11:40.194+0800: 4.506: [CMS-concurrent-abortable-preclean: 0.000/0.000 secs] [Times: user=0.00 sys=0.00, real=0.00 secs] 
2021-01-21T22:11:40.194+0800: 4.506: [GC (CMS Final Remark) [YG occupancy: 68407 K (157248 K)]2021-01-21T22:11:40.195+0800: 4.507: [Rescan (parallel) , 0.0011212 secs]2021-01-21T22:11:40.196+0800: 4.508: [weak refs processing, 0.0003104 secs]2021-01-21T22:11:40.197+0800: 4.509: [class unloading, 0.0004296 secs]2021-01-21T22:11:40.197+0800: 4.509: [scrub symbol table, 0.0007450 secs]2021-01-21T22:11:40.198+0800: 4.510: [scrub string table, 0.0004516 secs][1 CMS-remark: 349476K(349568K)] 417884K(506816K), 0.0048529 secs] [Times: user=0.01 sys=0.00, real=0.01 secs] 
2021-01-21T22:11:40.200+0800: 4.512: [CMS-concurrent-sweep-start]
2021-01-21T22:11:40.200+0800: 4.512: [CMS-concurrent-sweep: 0.000/0.000 secs] [Times: user=0.00 sys=0.00, real=0.00 secs] 
2021-01-21T22:11:40.201+0800: 4.513: [CMS-concurrent-reset-start]
2021-01-21T22:11:40.201+0800: 4.513: [CMS-concurrent-reset: 0.000/0.000 secs] [Times: user=0.00 sys=0.00, real=0.00 secs] 
2021-01-21T22:11:40.213+0800: 4.525: [GC (Allocation Failure) 2021-01-21T22:11:40.213+0800: 4.525: [ParNew: 157133K->157133K(157248K), 0.0002852 secs]2021-01-21T22:11:40.213+0800: 4.525: [CMS: 348750K->349424K(349568K), 0.0586812 secs] 505883K->388414K(506816K), [Metaspace: 2809K->2809K(1056768K)], 0.0598929 secs] [Times: user=0.06 sys=0.00, real=0.06 secs] 
2021-01-21T22:11:40.273+0800: 4.585: [GC (CMS Initial Mark) [1 CMS-initial-mark: 349424K(349568K)] 391160K(506816K), 0.0012453 secs] [Times: user=0.00 sys=0.00, real=0.00 secs] 
2021-01-21T22:11:40.275+0800: 4.587: [CMS-concurrent-mark-start]
2021-01-21T22:11:40.277+0800: 4.589: [CMS-concurrent-mark: 0.001/0.001 secs] [Times: user=0.00 sys=0.00, real=0.00 secs] 
2021-01-21T22:11:40.277+0800: 4.589: [CMS-concurrent-preclean-start]
2021-01-21T22:11:40.278+0800: 4.590: [CMS-concurrent-preclean: 0.001/0.001 secs] [Times: user=0.00 sys=0.00, real=0.00 secs] 
2021-01-21T22:11:40.278+0800: 4.590: [CMS-concurrent-abortable-preclean-start]
2021-01-21T22:11:40.278+0800: 4.590: [CMS-concurrent-abortable-preclean: 0.000/0.000 secs] [Times: user=0.00 sys=0.00, real=0.00 secs] 
2021-01-21T22:11:40.279+0800: 4.591: [GC (CMS Final Remark) [YG occupancy: 64956 K (157248 K)]2021-01-21T22:11:40.279+0800: 4.591: [Rescan (parallel) , 0.0009323 secs]2021-01-21T22:11:40.281+0800: 4.593: [weak refs processing, 0.0002958 secs]2021-01-21T22:11:40.281+0800: 4.593: [class unloading, 0.0004719 secs]2021-01-21T22:11:40.282+0800: 4.594: [scrub symbol table, 0.0007726 secs]2021-01-21T22:11:40.283+0800: 4.595: [scrub string table, 0.0004100 secs][1 CMS-remark: 349424K(349568K)] 414381K(506816K), 0.0045277 secs] [Times: user=0.00 sys=0.00, real=0.00 secs] 
2021-01-21T22:11:40.284+0800: 4.596: [CMS-concurrent-sweep-start]
2021-01-21T22:11:40.284+0800: 4.596: [CMS-concurrent-sweep: 0.000/0.000 secs] [Times: user=0.00 sys=0.00, real=0.00 secs] 
2021-01-21T22:11:40.285+0800: 4.597: [CMS-concurrent-reset-start]
2021-01-21T22:11:40.285+0800: 4.597: [CMS-concurrent-reset: 0.000/0.000 secs] [Times: user=0.00 sys=0.00, real=0.00 secs] 
2021-01-21T22:11:40.300+0800: 4.612: [GC (Allocation Failure) 2021-01-21T22:11:40.300+0800: 4.612: [ParNew: 157162K->157162K(157248K), 0.0003087 secs]2021-01-21T22:11:40.300+0800: 4.612: [CMS: 349378K->349358K(349568K), 0.0550604 secs] 506540K->389405K(506816K), [Metaspace: 2809K->2809K(1056768K)], 0.0563570 secs] [Times: user=0.06 sys=0.00, real=0.05 secs] 
2021-01-21T22:11:40.357+0800: 4.669: [GC (CMS Initial Mark) [1 CMS-initial-mark: 349358K(349568K)] 393103K(506816K), 0.0011529 secs] [Times: user=0.00 sys=0.00, real=0.00 secs] 
2021-01-21T22:11:40.359+0800: 4.671: [CMS-concurrent-mark-start]
2021-01-21T22:11:40.360+0800: 4.672: [CMS-concurrent-mark: 0.002/0.002 secs] [Times: user=0.00 sys=0.00, real=0.00 secs] 
2021-01-21T22:11:40.361+0800: 4.673: [CMS-concurrent-preclean-start]
2021-01-21T22:11:40.362+0800: 4.674: [CMS-concurrent-preclean: 0.001/0.001 secs] [Times: user=0.00 sys=0.00, real=0.00 secs] 
2021-01-21T22:11:40.362+0800: 4.674: [CMS-concurrent-abortable-preclean-start]
2021-01-21T22:11:40.362+0800: 4.674: [CMS-concurrent-abortable-preclean: 0.000/0.000 secs] [Times: user=0.00 sys=0.00, real=0.00 secs] 
2021-01-21T22:11:40.363+0800: 4.675: [GC (CMS Final Remark) [YG occupancy: 67479 K (157248 K)]2021-01-21T22:11:40.363+0800: 4.675: [Rescan (parallel) , 0.0009072 secs]2021-01-21T22:11:40.364+0800: 4.676: [weak refs processing, 0.0002751 secs]2021-01-21T22:11:40.365+0800: 4.677: [class unloading, 0.0004505 secs]2021-01-21T22:11:40.365+0800: 4.677: [scrub symbol table, 0.0005431 secs]2021-01-21T22:11:40.366+0800: 4.678: [scrub string table, 0.0004340 secs][1 CMS-remark: 349358K(349568K)] 416838K(506816K), 0.0043841 secs] [Times: user=0.00 sys=0.00, real=0.00 secs] 
2021-01-21T22:11:40.368+0800: 4.680: [CMS-concurrent-sweep-start]
2021-01-21T22:11:40.368+0800: 4.680: [CMS-concurrent-sweep: 0.000/0.000 secs] [Times: user=0.00 sys=0.00, real=0.00 secs] 
2021-01-21T22:11:40.368+0800: 4.680: [CMS-concurrent-reset-start]
2021-01-21T22:11:40.368+0800: 4.680: [CMS-concurrent-reset: 0.000/0.000 secs] [Times: user=0.00 sys=0.00, real=0.00 secs] 
2021-01-21T22:11:40.378+0800: 4.690: [GC (Allocation Failure) 2021-01-21T22:11:40.378+0800: 4.690: [ParNew: 157230K->157230K(157248K), 0.0004658 secs]2021-01-21T22:11:40.379+0800: 4.691: [CMS: 348154K->349550K(349568K), 0.0511050 secs] 505384K->387711K(506816K), [Metaspace: 2809K->2809K(1056768K)], 0.0528823 secs] [Times: user=0.05 sys=0.00, real=0.06 secs] 
2021-01-21T22:11:40.431+0800: 4.744: [GC (CMS Initial Mark) [1 CMS-initial-mark: 349550K(349568K)] 390328K(506816K), 0.0011931 secs] [Times: user=0.00 sys=0.00, real=0.00 secs] 
2021-01-21T22:11:40.433+0800: 4.745: [CMS-concurrent-mark-start]
2021-01-21T22:11:40.435+0800: 4.747: [CMS-concurrent-mark: 0.001/0.001 secs] [Times: user=0.01 sys=0.00, real=0.00 secs] 
2021-01-21T22:11:40.435+0800: 4.747: [CMS-concurrent-preclean-start]
2021-01-21T22:11:40.436+0800: 4.748: [CMS-concurrent-preclean: 0.001/0.001 secs] [Times: user=0.00 sys=0.00, real=0.00 secs] 
2021-01-21T22:11:40.436+0800: 4.748: [CMS-concurrent-abortable-preclean-start]
2021-01-21T22:11:40.436+0800: 4.748: [CMS-concurrent-abortable-preclean: 0.000/0.000 secs] [Times: user=0.00 sys=0.00, real=0.00 secs] 
2021-01-21T22:11:40.437+0800: 4.749: [GC (CMS Final Remark) [YG occupancy: 67024 K (157248 K)]2021-01-21T22:11:40.437+0800: 4.749: [Rescan (parallel) , 0.0027252 secs]2021-01-21T22:11:40.440+0800: 4.752: [weak refs processing, 0.0002815 secs]2021-01-21T22:11:40.441+0800: 4.753: [class unloading, 0.0004376 secs]2021-01-21T22:11:40.441+0800: 4.753: [scrub symbol table, 0.0007693 secs]2021-01-21T22:11:40.442+0800: 4.754: [scrub string table, 0.0004053 secs][1 CMS-remark: 349550K(349568K)] 416574K(506816K), 0.0064347 secs] [Times: user=0.01 sys=0.00, real=0.01 secs] 
2021-01-21T22:11:40.444+0800: 4.756: [CMS-concurrent-sweep-start]
2021-01-21T22:11:40.444+0800: 4.756: [CMS-concurrent-sweep: 0.000/0.000 secs] [Times: user=0.00 sys=0.00, real=0.00 secs] 
2021-01-21T22:11:40.444+0800: 4.756: [CMS-concurrent-reset-start]
2021-01-21T22:11:40.445+0800: 4.757: [CMS-concurrent-reset: 0.000/0.000 secs] [Times: user=0.00 sys=0.00, real=0.00 secs] 
2021-01-21T22:11:40.456+0800: 4.768: [GC (Allocation Failure) 2021-01-21T22:11:40.457+0800: 4.769: [ParNew: 156982K->156982K(157248K), 0.0003860 secs]2021-01-21T22:11:40.457+0800: 4.769: [CMS: 349255K->349566K(349568K), 0.0549192 secs] 506238K->385824K(506816K), [Metaspace: 2809K->2809K(1056768K)], 0.0565005 secs] [Times: user=0.06 sys=0.00, real=0.06 secs] 
2021-01-21T22:11:40.513+0800: 4.826: [GC (CMS Initial Mark) [1 CMS-initial-mark: 349566K(349568K)] 388454K(506816K), 0.0010711 secs] [Times: user=0.00 sys=0.00, real=0.00 secs] 
2021-01-21T22:11:40.515+0800: 4.827: [CMS-concurrent-mark-start]
2021-01-21T22:11:40.516+0800: 4.828: [CMS-concurrent-mark: 0.001/0.001 secs] [Times: user=0.00 sys=0.00, real=0.00 secs] 
2021-01-21T22:11:40.517+0800: 4.829: [CMS-concurrent-preclean-start]
2021-01-21T22:11:40.518+0800: 4.830: [CMS-concurrent-preclean: 0.001/0.001 secs] [Times: user=0.00 sys=0.00, real=0.00 secs] 
2021-01-21T22:11:40.518+0800: 4.830: [CMS-concurrent-abortable-preclean-start]
2021-01-21T22:11:40.518+0800: 4.830: [CMS-concurrent-abortable-preclean: 0.000/0.000 secs] [Times: user=0.00 sys=0.00, real=0.00 secs] 
2021-01-21T22:11:40.519+0800: 4.831: [GC (CMS Final Remark) [YG occupancy: 68898 K (157248 K)]2021-01-21T22:11:40.519+0800: 4.831: [Rescan (parallel) , 0.0072979 secs]2021-01-21T22:11:40.527+0800: 4.839: [weak refs processing, 0.0004603 secs]2021-01-21T22:11:40.528+0800: 4.840: [class unloading, 0.0006232 secs]2021-01-21T22:11:40.529+0800: 4.841: [scrub symbol table, 0.0005415 secs]2021-01-21T22:11:40.530+0800: 4.842: [scrub string table, 0.0004692 secs][1 CMS-remark: 349566K(349568K)] 418464K(506816K), 0.0116715 secs] [Times: user=0.04 sys=0.00, real=0.01 secs] 
2021-01-21T22:11:40.531+0800: 4.843: [CMS-concurrent-sweep-start]
2021-01-21T22:11:40.532+0800: 4.844: [CMS-concurrent-sweep: 0.000/0.000 secs] [Times: user=0.00 sys=0.00, real=0.00 secs] 
2021-01-21T22:11:40.532+0800: 4.844: [CMS-concurrent-reset-start]
2021-01-21T22:11:40.532+0800: 4.844: [CMS-concurrent-reset: 0.000/0.000 secs] [Times: user=0.00 sys=0.00, real=0.00 secs] 
2021-01-21T22:11:40.544+0800: 4.856: [GC (Allocation Failure) 2021-01-21T22:11:40.545+0800: 4.857: [ParNew: 156970K->156970K(157248K), 0.0003462 secs]2021-01-21T22:11:40.545+0800: 4.857: [CMS: 348127K->349461K(349568K), 0.0523007 secs] 505097K->391568K(506816K), [Metaspace: 2809K->2809K(1056768K)], 0.0539320 secs] [Times: user=0.06 sys=0.00, real=0.06 secs] 
2021-01-21T22:11:40.599+0800: 4.911: [GC (CMS Initial Mark) [1 CMS-initial-mark: 349461K(349568K)] 394220K(506816K), 0.0012932 secs] [Times: user=0.00 sys=0.00, real=0.00 secs] 
2021-01-21T22:11:40.601+0800: 4.913: [CMS-concurrent-mark-start]
2021-01-21T22:11:40.602+0800: 4.914: [CMS-concurrent-mark: 0.001/0.001 secs] [Times: user=0.00 sys=0.00, real=0.00 secs] 
2021-01-21T22:11:40.603+0800: 4.915: [CMS-concurrent-preclean-start]
2021-01-21T22:11:40.604+0800: 4.916: [CMS-concurrent-preclean: 0.001/0.001 secs] [Times: user=0.00 sys=0.00, real=0.00 secs] 
2021-01-21T22:11:40.604+0800: 4.916: [CMS-concurrent-abortable-preclean-start]
2021-01-21T22:11:40.604+0800: 4.916: [CMS-concurrent-abortable-preclean: 0.000/0.000 secs] [Times: user=0.00 sys=0.00, real=0.00 secs] 
2021-01-21T22:11:40.605+0800: 4.917: [GC (CMS Final Remark) [YG occupancy: 67038 K (157248 K)]2021-01-21T22:11:40.605+0800: 4.917: [Rescan (parallel) , 0.0010679 secs]2021-01-21T22:11:40.606+0800: 4.918: [weak refs processing, 0.0002717 secs]2021-01-21T22:11:40.607+0800: 4.919: [class unloading, 0.0004154 secs]2021-01-21T22:11:40.607+0800: 4.919: [scrub symbol table, 0.0005775 secs]2021-01-21T22:11:40.608+0800: 4.920: [scrub string table, 0.0003478 secs][1 CMS-remark: 349461K(349568K)] 416500K(506816K), 0.0042756 secs] [Times: user=0.00 sys=0.00, real=0.01 secs] 
2021-01-21T22:11:40.610+0800: 4.922: [CMS-concurrent-sweep-start]
2021-01-21T22:11:40.610+0800: 4.922: [CMS-concurrent-sweep: 0.000/0.000 secs] [Times: user=0.00 sys=0.00, real=0.00 secs] 
2021-01-21T22:11:40.610+0800: 4.922: [CMS-concurrent-reset-start]
2021-01-21T22:11:40.610+0800: 4.922: [CMS-concurrent-reset: 0.000/0.000 secs] [Times: user=0.00 sys=0.00, real=0.00 secs] 
2021-01-21T22:11:40.620+0800: 4.932: [GC (Allocation Failure) 2021-01-21T22:11:40.621+0800: 4.933: [ParNew: 156788K->156788K(157248K), 0.0004257 secs]2021-01-21T22:11:40.621+0800: 4.934: [CMS: 348632K->349493K(349568K), 0.0548992 secs] 505421K->393740K(506816K), [Metaspace: 2809K->2809K(1056768K)], 0.0566387 secs] [Times: user=0.06 sys=0.00, real=0.05 secs] 
2021-01-21T22:11:40.678+0800: 4.990: [GC (CMS Initial Mark) [1 CMS-initial-mark: 349493K(349568K)] 397121K(506816K), 0.0013248 secs] [Times: user=0.00 sys=0.00, real=0.01 secs] 
2021-01-21T22:11:40.680+0800: 4.992: [CMS-concurrent-mark-start]
2021-01-21T22:11:40.682+0800: 4.994: [CMS-concurrent-mark: 0.002/0.002 secs] [Times: user=0.00 sys=0.00, real=0.00 secs] 
2021-01-21T22:11:40.682+0800: 4.994: [CMS-concurrent-preclean-start]
2021-01-21T22:11:40.683+0800: 4.995: [CMS-concurrent-preclean: 0.001/0.001 secs] [Times: user=0.00 sys=0.00, real=0.00 secs] 
2021-01-21T22:11:40.684+0800: 4.996: [CMS-concurrent-abortable-preclean-start]
2021-01-21T22:11:40.684+0800: 4.996: [CMS-concurrent-abortable-preclean: 0.000/0.000 secs] [Times: user=0.00 sys=0.00, real=0.00 secs] 
2021-01-21T22:11:40.684+0800: 4.996: [GC (CMS Final Remark) [YG occupancy: 85738 K (157248 K)]2021-01-21T22:11:40.685+0800: 4.997: [Rescan (parallel) , 0.0009587 secs]2021-01-21T22:11:40.686+0800: 4.998: [weak refs processing, 0.0003404 secs]2021-01-21T22:11:40.687+0800: 4.999: [class unloading, 0.0005022 secs]2021-01-21T22:11:40.687+0800: 4.999: [scrub symbol table, 0.0005892 secs]2021-01-21T22:11:40.688+0800: 5.000: [scrub string table, 0.0003398 secs][1 CMS-remark: 349493K(349568K)] 435232K(506816K), 0.0045379 secs] [Times: user=0.00 sys=0.00, real=0.01 secs] 
2021-01-21T22:11:40.689+0800: 5.001: [CMS-concurrent-sweep-start]
2021-01-21T22:11:40.690+0800: 5.002: [CMS-concurrent-sweep: 0.000/0.000 secs] [Times: user=0.00 sys=0.00, real=0.00 secs] 
2021-01-21T22:11:40.690+0800: 5.002: [CMS-concurrent-reset-start]
2021-01-21T22:11:40.690+0800: 5.002: [CMS-concurrent-reset: 0.000/0.000 secs] [Times: user=0.00 sys=0.00, real=0.00 secs] 
2021-01-21T22:11:40.698+0800: 5.010: [GC (Allocation Failure) 2021-01-21T22:11:40.699+0800: 5.011: [ParNew: 157183K->157183K(157248K), 0.0003674 secs]2021-01-21T22:11:40.699+0800: 5.011: [CMS: 347812K->348969K(349568K), 0.0607011 secs] 504995K->400215K(506816K), [Metaspace: 2809K->2809K(1056768K)], 0.0624309 secs] [Times: user=0.06 sys=0.00, real=0.07 secs] 
2021-01-21T22:11:40.762+0800: 5.074: [GC (CMS Initial Mark) [1 CMS-initial-mark: 348969K(349568K)] 402712K(506816K), 0.0013595 secs] [Times: user=0.01 sys=0.00, real=0.00 secs] 
2021-01-21T22:11:40.764+0800: 5.076: [CMS-concurrent-mark-start]
2021-01-21T22:11:40.766+0800: 5.078: [CMS-concurrent-mark: 0.002/0.002 secs] [Times: user=0.00 sys=0.00, real=0.00 secs] 
2021-01-21T22:11:40.766+0800: 5.078: [CMS-concurrent-preclean-start]
2021-01-21T22:11:40.767+0800: 5.079: [CMS-concurrent-preclean: 0.001/0.001 secs] [Times: user=0.00 sys=0.00, real=0.00 secs] 
2021-01-21T22:11:40.767+0800: 5.079: [CMS-concurrent-abortable-preclean-start]
2021-01-21T22:11:40.767+0800: 5.079: [CMS-concurrent-abortable-preclean: 0.000/0.000 secs] [Times: user=0.00 sys=0.00, real=0.00 secs] 
2021-01-21T22:11:40.768+0800: 5.080: [GC (CMS Final Remark) [YG occupancy: 77209 K (157248 K)]2021-01-21T22:11:40.768+0800: 5.080: [Rescan (parallel) , 0.0013123 secs]2021-01-21T22:11:40.770+0800: 5.082: [weak refs processing, 0.0003329 secs]2021-01-21T22:11:40.771+0800: 5.083: [class unloading, 0.0004817 secs]2021-01-21T22:11:40.771+0800: 5.083: [scrub symbol table, 0.0005977 secs]2021-01-21T22:11:40.772+0800: 5.084: [scrub string table, 0.0004431 secs][1 CMS-remark: 348969K(349568K)] 426179K(506816K), 0.0048670 secs] [Times: user=0.01 sys=0.00, real=0.01 secs] 
2021-01-21T22:11:40.773+0800: 5.085: [CMS-concurrent-sweep-start]
2021-01-21T22:11:40.774+0800: 5.086: [CMS-concurrent-sweep: 0.000/0.000 secs] [Times: user=0.00 sys=0.00, real=0.00 secs] 
2021-01-21T22:11:40.774+0800: 5.086: [CMS-concurrent-reset-start]
2021-01-21T22:11:40.774+0800: 5.086: [CMS-concurrent-reset: 0.000/0.000 secs] [Times: user=0.00 sys=0.00, real=0.00 secs] 
2021-01-21T22:11:40.783+0800: 5.095: [GC (Allocation Failure) 2021-01-21T22:11:40.783+0800: 5.095: [ParNew: 157024K->157024K(157248K), 0.0003644 secs]2021-01-21T22:11:40.784+0800: 5.096: [CMS: 348705K->349373K(349568K), 0.0513971 secs] 505729K->401765K(506816K), [Metaspace: 2809K->2809K(1056768K)], 0.0530172 secs] [Times: user=0.05 sys=0.00, real=0.05 secs] 
2021-01-21T22:11:40.837+0800: 5.149: [GC (CMS Initial Mark) [1 CMS-initial-mark: 349373K(349568K)] 404364K(506816K), 0.0013994 secs] [Times: user=0.00 sys=0.00, real=0.01 secs] 
2021-01-21T22:11:40.839+0800: 5.151: [CMS-concurrent-mark-start]
2021-01-21T22:11:40.840+0800: 5.152: [CMS-concurrent-mark: 0.001/0.001 secs] [Times: user=0.00 sys=0.00, real=0.00 secs] 
2021-01-21T22:11:40.841+0800: 5.153: [CMS-concurrent-preclean-start]
2021-01-21T22:11:40.842+0800: 5.154: [CMS-concurrent-preclean: 0.001/0.001 secs] [Times: user=0.00 sys=0.00, real=0.00 secs] 
2021-01-21T22:11:40.842+0800: 5.154: [CMS-concurrent-abortable-preclean-start]
2021-01-21T22:11:40.842+0800: 5.154: [CMS-concurrent-abortable-preclean: 0.000/0.000 secs] [Times: user=0.00 sys=0.00, real=0.00 secs] 
2021-01-21T22:11:40.843+0800: 5.155: [GC (CMS Final Remark) [YG occupancy: 81745 K (157248 K)]2021-01-21T22:11:40.843+0800: 5.155: [Rescan (parallel) , 0.0013400 secs]2021-01-21T22:11:40.845+0800: 5.157: [weak refs processing, 0.0003093 secs]2021-01-21T22:11:40.845+0800: 5.157: [class unloading, 0.0006203 secs]2021-01-21T22:11:40.846+0800: 5.158: [scrub symbol table, 0.0004979 secs]2021-01-21T22:11:40.847+0800: 5.159: [scrub string table, 0.0003764 secs][1 CMS-remark: 349373K(349568K)] 431118K(506816K), 0.0047928 secs] [Times: user=0.00 sys=0.00, real=0.00 secs] 
2021-01-21T22:11:40.848+0800: 5.160: [CMS-concurrent-sweep-start]
2021-01-21T22:11:40.848+0800: 5.160: [CMS-concurrent-sweep: 0.000/0.000 secs] [Times: user=0.00 sys=0.00, real=0.00 secs] 
2021-01-21T22:11:40.849+0800: 5.161: [CMS-concurrent-reset-start]
2021-01-21T22:11:40.849+0800: 5.161: [CMS-concurrent-reset: 0.000/0.000 secs] [Times: user=0.00 sys=0.00, real=0.00 secs] 
2021-01-21T22:11:40.859+0800: 5.171: [GC (Allocation Failure) 2021-01-21T22:11:40.859+0800: 5.171: [ParNew: 157151K->157151K(157248K), 0.0004260 secs]2021-01-21T22:11:40.860+0800: 5.172: [CMS: 349013K->349545K(349568K), 0.0509580 secs] 506165K->402482K(506816K), [Metaspace: 2809K->2809K(1056768K)], 0.0529690 secs] [Times: user=0.05 sys=0.00, real=0.05 secs] 
2021-01-21T22:11:40.913+0800: 5.225: [GC (CMS Initial Mark) [1 CMS-initial-mark: 349545K(349568K)] 404810K(506816K), 0.0014224 secs] [Times: user=0.00 sys=0.00, real=0.00 secs] 
2021-01-21T22:11:40.915+0800: 5.227: [CMS-concurrent-mark-start]
2021-01-21T22:11:40.916+0800: 5.228: [CMS-concurrent-mark: 0.001/0.001 secs] [Times: user=0.00 sys=0.00, real=0.00 secs] 
2021-01-21T22:11:40.917+0800: 5.229: [CMS-concurrent-preclean-start]
2021-01-21T22:11:40.918+0800: 5.230: [CMS-concurrent-preclean: 0.002/0.002 secs] [Times: user=0.01 sys=0.00, real=0.01 secs] 
2021-01-21T22:11:40.919+0800: 5.231: [CMS-concurrent-abortable-preclean-start]
2021-01-21T22:11:40.919+0800: 5.231: [CMS-concurrent-abortable-preclean: 0.000/0.000 secs] [Times: user=0.00 sys=0.00, real=0.00 secs] 
2021-01-21T22:11:40.919+0800: 5.231: [GC (CMS Final Remark) [YG occupancy: 85173 K (157248 K)]2021-01-21T22:11:40.919+0800: 5.231: [Rescan (parallel) , 0.0010144 secs]2021-01-21T22:11:40.921+0800: 5.233: [weak refs processing, 0.0003210 secs]2021-01-21T22:11:40.921+0800: 5.233: [class unloading, 0.0004282 secs]2021-01-21T22:11:40.922+0800: 5.234: [scrub symbol table, 0.0005730 secs]2021-01-21T22:11:40.923+0800: 5.235: [scrub string table, 0.0003816 secs][1 CMS-remark: 349545K(349568K)] 434718K(506816K), 0.0044550 secs] [Times: user=0.00 sys=0.00, real=0.00 secs] 
2021-01-21T22:11:40.924+0800: 5.236: [CMS-concurrent-sweep-start]
2021-01-21T22:11:40.925+0800: 5.237: [CMS-concurrent-sweep: 0.000/0.000 secs] [Times: user=0.00 sys=0.00, real=0.00 secs] 
2021-01-21T22:11:40.925+0800: 5.237: [CMS-concurrent-reset-start]
2021-01-21T22:11:40.925+0800: 5.237: [CMS-concurrent-reset: 0.000/0.000 secs] [Times: user=0.00 sys=0.00, real=0.00 secs] 
2021-01-21T22:11:40.935+0800: 5.247: [GC (Allocation Failure) 2021-01-21T22:11:40.935+0800: 5.247: [ParNew: 157076K->157076K(157248K), 0.0003414 secs]2021-01-21T22:11:40.936+0800: 5.248: [CMS: 349313K->349403K(349568K), 0.0518563 secs] 506390K->398733K(506816K), [Metaspace: 2809K->2809K(1056768K)], 0.0534345 secs] [Times: user=0.06 sys=0.00, real=0.06 secs] 
2021-01-21T22:11:40.989+0800: 5.301: [GC (CMS Initial Mark) [1 CMS-initial-mark: 349403K(349568K)] 401598K(506816K), 0.0014303 secs] [Times: user=0.00 sys=0.00, real=0.00 secs] 
2021-01-21T22:11:40.991+0800: 5.303: [CMS-concurrent-mark-start]
2021-01-21T22:11:40.993+0800: 5.305: [CMS-concurrent-mark: 0.001/0.001 secs] [Times: user=0.00 sys=0.00, real=0.00 secs] 
2021-01-21T22:11:40.993+0800: 5.305: [CMS-concurrent-preclean-start]
2021-01-21T22:11:40.994+0800: 5.306: [CMS-concurrent-preclean: 0.001/0.001 secs] [Times: user=0.00 sys=0.00, real=0.00 secs] 
2021-01-21T22:11:40.994+0800: 5.306: [CMS-concurrent-abortable-preclean-start]
2021-01-21T22:11:40.994+0800: 5.306: [CMS-concurrent-abortable-preclean: 0.000/0.000 secs] [Times: user=0.00 sys=0.00, real=0.00 secs] 
2021-01-21T22:11:40.995+0800: 5.307: [GC (CMS Final Remark) [YG occupancy: 77793 K (157248 K)]2021-01-21T22:11:40.995+0800: 5.307: [Rescan (parallel) , 0.0019826 secs]2021-01-21T22:11:40.998+0800: 5.310: [weak refs processing, 0.0003809 secs]2021-01-21T22:11:40.998+0800: 5.310: [class unloading, 0.0004066 secs]2021-01-21T22:11:40.999+0800: 5.311: [scrub symbol table, 0.0005222 secs]2021-01-21T22:11:41.000+0800: 5.312: [scrub string table, 0.0003654 secs][1 CMS-remark: 349403K(349568K)] 427196K(506816K), 0.0054172 secs] [Times: user=0.00 sys=0.00, real=0.01 secs] 
2021-01-21T22:11:41.001+0800: 5.313: [CMS-concurrent-sweep-start]
2021-01-21T22:11:41.001+0800: 5.313: [CMS-concurrent-sweep: 0.000/0.000 secs] [Times: user=0.00 sys=0.00, real=0.00 secs] 
2021-01-21T22:11:41.002+0800: 5.314: [CMS-concurrent-reset-start]
2021-01-21T22:11:41.002+0800: 5.314: [CMS-concurrent-reset: 0.000/0.000 secs] [Times: user=0.00 sys=0.00, real=0.00 secs] 
2021-01-21T22:11:41.011+0800: 5.323: [GC (Allocation Failure) 2021-01-21T22:11:41.011+0800: 5.323: [ParNew: 157199K->157199K(157248K), 0.0003510 secs]2021-01-21T22:11:41.012+0800: 5.324: [CMS: 348919K->349535K(349568K), 0.0522908 secs] 506118K->397937K(506816K), [Metaspace: 2809K->2809K(1056768K)], 0.0538777 secs] [Times: user=0.05 sys=0.00, real=0.05 secs] 
2021-01-21T22:11:41.066+0800: 5.378: [GC (CMS Initial Mark) [1 CMS-initial-mark: 349535K(349568K)] 400227K(506816K), 0.0013658 secs] [Times: user=0.00 sys=0.00, real=0.00 secs] 
2021-01-21T22:11:41.068+0800: 5.380: [CMS-concurrent-mark-start]
2021-01-21T22:11:41.069+0800: 5.381: [CMS-concurrent-mark: 0.001/0.001 secs] [Times: user=0.00 sys=0.00, real=0.01 secs] 
2021-01-21T22:11:41.069+0800: 5.381: [CMS-concurrent-preclean-start]
2021-01-21T22:11:41.070+0800: 5.382: [CMS-concurrent-preclean: 0.001/0.001 secs] [Times: user=0.01 sys=0.00, real=0.00 secs] 
2021-01-21T22:11:41.071+0800: 5.383: [CMS-concurrent-abortable-preclean-start]
2021-01-21T22:11:41.071+0800: 5.383: [CMS-concurrent-abortable-preclean: 0.000/0.000 secs] [Times: user=0.00 sys=0.00, real=0.00 secs] 
2021-01-21T22:11:41.071+0800: 5.383: [GC (CMS Final Remark) [YG occupancy: 81557 K (157248 K)]2021-01-21T22:11:41.071+0800: 5.383: [Rescan (parallel) , 0.0011596 secs]2021-01-21T22:11:41.073+0800: 5.385: [weak refs processing, 0.0002908 secs]2021-01-21T22:11:41.073+0800: 5.385: [class unloading, 0.0004418 secs]2021-01-21T22:11:41.074+0800: 5.386: [scrub symbol table, 0.0006325 secs]2021-01-21T22:11:41.075+0800: 5.387: [scrub string table, 0.0004789 secs][1 CMS-remark: 349535K(349568K)] 431092K(506816K), 0.0045741 secs] [Times: user=0.00 sys=0.00, real=0.00 secs] 
2021-01-21T22:11:41.076+0800: 5.388: [CMS-concurrent-sweep-start]
2021-01-21T22:11:41.077+0800: 5.389: [CMS-concurrent-sweep: 0.000/0.000 secs] [Times: user=0.00 sys=0.00, real=0.00 secs] 
2021-01-21T22:11:41.077+0800: 5.389: [CMS-concurrent-reset-start]
2021-01-21T22:11:41.077+0800: 5.389: [CMS-concurrent-reset: 0.000/0.000 secs] [Times: user=0.00 sys=0.00, real=0.00 secs] 
2021-01-21T22:11:41.085+0800: 5.397: [GC (Allocation Failure) 2021-01-21T22:11:41.086+0800: 5.398: [ParNew: 157050K->157050K(157248K), 0.0003535 secs]2021-01-21T22:11:41.087+0800: 5.399: [CMS: 348884K->349309K(349568K), 0.0519728 secs] 505934K->399502K(506816K), [Metaspace: 2809K->2809K(1056768K)], 0.0536161 secs] [Times: user=0.05 sys=0.00, real=0.06 secs] 
2021-01-21T22:11:41.140+0800: 5.452: [GC (CMS Initial Mark) [1 CMS-initial-mark: 349309K(349568K)] 401987K(506816K), 0.0013556 secs] [Times: user=0.01 sys=0.00, real=0.00 secs] 
2021-01-21T22:11:41.142+0800: 5.454: [CMS-concurrent-mark-start]
2021-01-21T22:11:41.144+0800: 5.456: [CMS-concurrent-mark: 0.001/0.001 secs] [Times: user=0.00 sys=0.00, real=0.00 secs] 
2021-01-21T22:11:41.144+0800: 5.456: [CMS-concurrent-preclean-start]
2021-01-21T22:11:41.145+0800: 5.457: [CMS-concurrent-preclean: 0.001/0.001 secs] [Times: user=0.00 sys=0.00, real=0.00 secs] 
2021-01-21T22:11:41.146+0800: 5.458: [CMS-concurrent-abortable-preclean-start]
2021-01-21T22:11:41.146+0800: 5.458: [CMS-concurrent-abortable-preclean: 0.000/0.000 secs] [Times: user=0.00 sys=0.00, real=0.00 secs] 
2021-01-21T22:11:41.146+0800: 5.458: [GC (CMS Final Remark) [YG occupancy: 84723 K (157248 K)]2021-01-21T22:11:41.147+0800: 5.459: [Rescan (parallel) , 0.0038196 secs]2021-01-21T22:11:41.151+0800: 5.463: [weak refs processing, 0.0005163 secs]2021-01-21T22:11:41.152+0800: 5.464: [class unloading, 0.0004006 secs]2021-01-21T22:11:41.153+0800: 5.465: [scrub symbol table, 0.0005210 secs]2021-01-21T22:11:41.153+0800: 5.465: [scrub string table, 0.0003194 secs][1 CMS-remark: 349309K(349568K)] 434033K(506816K), 0.0073696 secs] [Times: user=0.03 sys=0.00, real=0.01 secs] 
2021-01-21T22:11:41.154+0800: 5.466: [CMS-concurrent-sweep-start]
2021-01-21T22:11:41.155+0800: 5.467: [CMS-concurrent-sweep: 0.000/0.000 secs] [Times: user=0.00 sys=0.00, real=0.00 secs] 
2021-01-21T22:11:41.155+0800: 5.467: [CMS-concurrent-reset-start]
2021-01-21T22:11:41.155+0800: 5.467: [CMS-concurrent-reset: 0.000/0.000 secs] [Times: user=0.00 sys=0.00, real=0.00 secs] 
2021-01-21T22:11:41.164+0800: 5.476: [GC (Allocation Failure) 2021-01-21T22:11:41.164+0800: 5.476: [ParNew: 157160K->157160K(157248K), 0.0003771 secs]2021-01-21T22:11:41.165+0800: 5.477: [CMS: 349166K->349053K(349568K), 0.0532961 secs] 506326K->402554K(506816K), [Metaspace: 2809K->2809K(1056768K)], 0.0549585 secs] [Times: user=0.05 sys=0.00, real=0.06 secs] 
2021-01-21T22:11:41.219+0800: 5.531: [GC (CMS Initial Mark) [1 CMS-initial-mark: 349053K(349568K)] 405235K(506816K), 0.0010751 secs] [Times: user=0.00 sys=0.00, real=0.00 secs] 
2021-01-21T22:11:41.221+0800: 5.533: [CMS-concurrent-mark-start]
2021-01-21T22:11:41.223+0800: 5.535: [CMS-concurrent-mark: 0.002/0.002 secs] [Times: user=0.01 sys=0.00, real=0.00 secs] 
2021-01-21T22:11:41.223+0800: 5.535: [CMS-concurrent-preclean-start]
2021-01-21T22:11:41.225+0800: 5.537: [CMS-concurrent-preclean: 0.001/0.001 secs] [Times: user=0.00 sys=0.00, real=0.00 secs] 
2021-01-21T22:11:41.225+0800: 5.537: [CMS-concurrent-abortable-preclean-start]
2021-01-21T22:11:41.225+0800: 5.537: [CMS-concurrent-abortable-preclean: 0.000/0.000 secs] [Times: user=0.00 sys=0.00, real=0.00 secs] 
2021-01-21T22:11:41.226+0800: 5.538: [GC (CMS Final Remark) [YG occupancy: 78612 K (157248 K)]2021-01-21T22:11:41.226+0800: 5.538: [Rescan (parallel) , 0.0013710 secs]2021-01-21T22:11:41.228+0800: 5.540: [weak refs processing, 0.0004637 secs]2021-01-21T22:11:41.229+0800: 5.541: [class unloading, 0.0005452 secs]2021-01-21T22:11:41.230+0800: 5.542: [scrub symbol table, 0.0006917 secs]2021-01-21T22:11:41.231+0800: 5.543: [scrub string table, 0.0005159 secs][1 CMS-remark: 349053K(349568K)] 427665K(506816K), 0.0057228 secs] [Times: user=0.01 sys=0.00, real=0.01 secs] 
2021-01-21T22:11:41.232+0800: 5.544: [CMS-concurrent-sweep-start]
2021-01-21T22:11:41.232+0800: 5.544: [CMS-concurrent-sweep: 0.000/0.000 secs] [Times: user=0.00 sys=0.00, real=0.00 secs] 
2021-01-21T22:11:41.233+0800: 5.545: [CMS-concurrent-reset-start]
2021-01-21T22:11:41.233+0800: 5.545: [CMS-concurrent-reset: 0.000/0.000 secs] [Times: user=0.00 sys=0.00, real=0.00 secs] 
2021-01-21T22:11:41.242+0800: 5.554: [GC (Allocation Failure) 2021-01-21T22:11:41.242+0800: 5.554: [ParNew: 157233K->157233K(157248K), 0.0003901 secs]2021-01-21T22:11:41.243+0800: 5.555: [CMS: 348510K->349035K(349568K), 0.0608851 secs] 505744K->397175K(506816K), [Metaspace: 2809K->2809K(1056768K)], 0.0624407 secs] [Times: user=0.06 sys=0.00, real=0.06 secs] 
2021-01-21T22:11:41.305+0800: 5.617: [GC (CMS Initial Mark) [1 CMS-initial-mark: 349035K(349568K)] 399958K(506816K), 0.0006809 secs] [Times: user=0.00 sys=0.00, real=0.00 secs] 
2021-01-21T22:11:41.306+0800: 5.618: [CMS-concurrent-mark-start]
2021-01-21T22:11:41.307+0800: 5.619: [CMS-concurrent-mark: 0.001/0.001 secs] [Times: user=0.00 sys=0.00, real=0.00 secs] 
2021-01-21T22:11:41.308+0800: 5.620: [CMS-concurrent-preclean-start]
2021-01-21T22:11:41.309+0800: 5.621: [CMS-concurrent-preclean: 0.001/0.001 secs] [Times: user=0.01 sys=0.00, real=0.01 secs] 
2021-01-21T22:11:41.309+0800: 5.621: [CMS-concurrent-abortable-preclean-start]
2021-01-21T22:11:41.309+0800: 5.621: [CMS-concurrent-abortable-preclean: 0.000/0.000 secs] [Times: user=0.00 sys=0.00, real=0.00 secs] 
2021-01-21T22:11:41.310+0800: 5.622: [GC (CMS Final Remark) [YG occupancy: 73206 K (157248 K)]2021-01-21T22:11:41.310+0800: 5.622: [Rescan (parallel) , 0.0013864 secs]2021-01-21T22:11:41.312+0800: 5.624: [weak refs processing, 0.0002991 secs]2021-01-21T22:11:41.312+0800: 5.624: [class unloading, 0.0004929 secs]2021-01-21T22:11:41.313+0800: 5.625: [scrub symbol table, 0.0005919 secs]2021-01-21T22:11:41.314+0800: 5.626: [scrub string table, 0.0002936 secs][1 CMS-remark: 349035K(349568K)] 422241K(506816K), 0.0047350 secs] [Times: user=0.00 sys=0.00, real=0.00 secs] 
2021-01-21T22:11:41.315+0800: 5.627: [CMS-concurrent-sweep-start]
2021-01-21T22:11:41.315+0800: 5.627: [CMS-concurrent-sweep: 0.000/0.000 secs] [Times: user=0.00 sys=0.00, real=0.00 secs] 
2021-01-21T22:11:41.315+0800: 5.627: [CMS-concurrent-reset-start]
2021-01-21T22:11:41.316+0800: 5.628: [CMS-concurrent-reset: 0.000/0.000 secs] [Times: user=0.00 sys=0.00, real=0.00 secs] 
2021-01-21T22:11:41.328+0800: 5.640: [GC (Allocation Failure) 2021-01-21T22:11:41.329+0800: 5.641: [ParNew: 157172K->157172K(157248K), 0.0002089 secs]2021-01-21T22:11:41.329+0800: 5.641: [CMS: 347418K->349143K(349568K), 0.0572323 secs] 504591K->385103K(506816K), [Metaspace: 2809K->2809K(1056768K)], 0.0586974 secs] [Times: user=0.05 sys=0.00, real=0.05 secs] 
2021-01-21T22:11:41.388+0800: 5.700: [GC (CMS Initial Mark) [1 CMS-initial-mark: 349143K(349568K)] 387349K(506816K), 0.0014159 secs] [Times: user=0.00 sys=0.00, real=0.01 secs] 
2021-01-21T22:11:41.390+0800: 5.702: [CMS-concurrent-mark-start]
2021-01-21T22:11:41.392+0800: 5.704: [CMS-concurrent-mark: 0.002/0.002 secs] [Times: user=0.01 sys=0.00, real=0.00 secs] 
2021-01-21T22:11:41.392+0800: 5.704: [CMS-concurrent-preclean-start]
2021-01-21T22:11:41.394+0800: 5.706: [CMS-concurrent-preclean: 0.001/0.001 secs] [Times: user=0.00 sys=0.00, real=0.00 secs] 
2021-01-21T22:11:41.394+0800: 5.706: [CMS-concurrent-abortable-preclean-start]
2021-01-21T22:11:41.394+0800: 5.707: [CMS-concurrent-abortable-preclean: 0.000/0.000 secs] [Times: user=0.00 sys=0.00, real=0.00 secs] 
2021-01-21T22:11:41.395+0800: 5.707: [GC (CMS Final Remark) [YG occupancy: 70707 K (157248 K)]2021-01-21T22:11:41.396+0800: 5.708: [Rescan (parallel) , 0.0013146 secs]2021-01-21T22:11:41.397+0800: 5.709: [weak refs processing, 0.0003150 secs]2021-01-21T22:11:41.398+0800: 5.710: [class unloading, 0.0005186 secs]2021-01-21T22:11:41.399+0800: 5.711: [scrub symbol table, 0.0005200 secs]2021-01-21T22:11:41.400+0800: 5.712: [scrub string table, 0.0004119 secs][1 CMS-remark: 349143K(349568K)] 419851K(506816K), 0.0049433 secs] [Times: user=0.00 sys=0.00, real=0.01 secs] 
2021-01-21T22:11:41.401+0800: 5.713: [CMS-concurrent-sweep-start]
2021-01-21T22:11:41.401+0800: 5.713: [CMS-concurrent-sweep: 0.000/0.000 secs] [Times: user=0.00 sys=0.00, real=0.00 secs] 
2021-01-21T22:11:41.401+0800: 5.713: [CMS-concurrent-reset-start]
2021-01-21T22:11:41.402+0800: 5.714: [CMS-concurrent-reset: 0.000/0.000 secs] [Times: user=0.00 sys=0.00, real=0.00 secs] 
2021-01-21T22:11:41.414+0800: 5.726: [GC (Allocation Failure) 2021-01-21T22:11:41.414+0800: 5.726: [ParNew: 157235K->157235K(157248K), 0.0004006 secs]2021-01-21T22:11:41.415+0800: 5.727: [CMS: 347766K->349425K(349568K), 0.0521376 secs] 505001K->383569K(506816K), [Metaspace: 2809K->2809K(1056768K)], 0.0538445 secs] [Times: user=0.06 sys=0.00, real=0.06 secs] 
2021-01-21T22:11:41.469+0800: 5.781: [GC (CMS Initial Mark) [1 CMS-initial-mark: 349425K(349568K)] 386333K(506816K), 0.0013713 secs] [Times: user=0.00 sys=0.00, real=0.00 secs] 
2021-01-21T22:11:41.471+0800: 5.783: [CMS-concurrent-mark-start]
2021-01-21T22:11:41.473+0800: 5.785: [CMS-concurrent-mark: 0.002/0.002 secs] [Times: user=0.00 sys=0.00, real=0.00 secs] 
2021-01-21T22:11:41.473+0800: 5.785: [CMS-concurrent-preclean-start]
2021-01-21T22:11:41.474+0800: 5.786: [CMS-concurrent-preclean: 0.001/0.001 secs] [Times: user=0.00 sys=0.00, real=0.00 secs] 
2021-01-21T22:11:41.475+0800: 5.787: [CMS-concurrent-abortable-preclean-start]
2021-01-21T22:11:41.475+0800: 5.787: [CMS-concurrent-abortable-preclean: 0.000/0.000 secs] [Times: user=0.00 sys=0.00, real=0.00 secs] 
2021-01-21T22:11:41.475+0800: 5.787: [GC (CMS Final Remark) [YG occupancy: 61244 K (157248 K)]2021-01-21T22:11:41.476+0800: 5.788: [Rescan (parallel) , 0.0015201 secs]2021-01-21T22:11:41.478+0800: 5.790: [weak refs processing, 0.0003182 secs]2021-01-21T22:11:41.478+0800: 5.790: [class unloading, 0.0004685 secs]2021-01-21T22:11:41.479+0800: 5.791: [scrub symbol table, 0.0007481 secs]2021-01-21T22:11:41.480+0800: 5.792: [scrub string table, 0.0004320 secs][1 CMS-remark: 349425K(349568K)] 410670K(506816K), 0.0054882 secs] [Times: user=0.00 sys=0.00, real=0.01 secs] 
2021-01-21T22:11:41.482+0800: 5.794: [CMS-concurrent-sweep-start]
2021-01-21T22:11:41.482+0800: 5.794: [CMS-concurrent-sweep: 0.000/0.000 secs] [Times: user=0.00 sys=0.00, real=0.00 secs] 
2021-01-21T22:11:41.482+0800: 5.794: [CMS-concurrent-reset-start]
2021-01-21T22:11:41.482+0800: 5.794: [CMS-concurrent-reset: 0.000/0.000 secs] [Times: user=0.00 sys=0.00, real=0.00 secs] 
2021-01-21T22:11:41.493+0800: 5.805: [GC (Allocation Failure) 2021-01-21T22:11:41.494+0800: 5.806: [ParNew: 157241K->157241K(157248K), 0.0003774 secs]2021-01-21T22:11:41.495+0800: 5.807: [CMS: 349329K->348918K(349568K), 0.0509722 secs] 506570K->376906K(506816K), [Metaspace: 2809K->2809K(1056768K)], 0.0526405 secs] [Times: user=0.05 sys=0.00, real=0.05 secs] 
2021-01-21T22:11:41.547+0800: 5.859: [GC (CMS Initial Mark) [1 CMS-initial-mark: 348918K(349568K)] 379252K(506816K), 0.0014904 secs] [Times: user=0.00 sys=0.00, real=0.01 secs] 
2021-01-21T22:11:41.549+0800: 5.861: [CMS-concurrent-mark-start]
2021-01-21T22:11:41.551+0800: 5.863: [CMS-concurrent-mark: 0.001/0.001 secs] [Times: user=0.00 sys=0.00, real=0.00 secs] 
2021-01-21T22:11:41.551+0800: 5.863: [CMS-concurrent-preclean-start]
2021-01-21T22:11:41.552+0800: 5.864: [CMS-concurrent-preclean: 0.001/0.001 secs] [Times: user=0.00 sys=0.01, real=0.00 secs] 
2021-01-21T22:11:41.552+0800: 5.865: [CMS-concurrent-abortable-preclean-start]
2021-01-21T22:11:41.552+0800: 5.865: [CMS-concurrent-abortable-preclean: 0.000/0.000 secs] [Times: user=0.00 sys=0.00, real=0.00 secs] 
2021-01-21T22:11:41.553+0800: 5.865: [GC (CMS Final Remark) [YG occupancy: 57179 K (157248 K)]2021-01-21T22:11:41.553+0800: 5.865: [Rescan (parallel) , 0.0007610 secs]2021-01-21T22:11:41.554+0800: 5.866: [weak refs processing, 0.0002536 secs]2021-01-21T22:11:41.555+0800: 5.867: [class unloading, 0.0004679 secs]2021-01-21T22:11:41.556+0800: 5.868: [scrub symbol table, 0.0005551 secs]2021-01-21T22:11:41.557+0800: 5.869: [scrub string table, 0.0004536 secs][1 CMS-remark: 348918K(349568K)] 406098K(506816K), 0.0044538 secs] [Times: user=0.00 sys=0.00, real=0.00 secs] 
2021-01-21T22:11:41.558+0800: 5.870: [CMS-concurrent-sweep-start]
2021-01-21T22:11:41.559+0800: 5.871: [CMS-concurrent-sweep: 0.000/0.000 secs] [Times: user=0.00 sys=0.00, real=0.00 secs] 
2021-01-21T22:11:41.559+0800: 5.871: [CMS-concurrent-reset-start]
2021-01-21T22:11:41.559+0800: 5.871: [CMS-concurrent-reset: 0.000/0.000 secs] [Times: user=0.00 sys=0.00, real=0.00 secs] 
2021-01-21T22:11:41.571+0800: 5.883: [GC (Allocation Failure) 2021-01-21T22:11:41.571+0800: 5.883: [ParNew: 157082K->157082K(157248K), 0.0003824 secs]2021-01-21T22:11:41.572+0800: 5.884: [CMS: 348690K->349327K(349568K), 0.0615511 secs] 505772K->378921K(506816K), [Metaspace: 2809K->2809K(1056768K)], 0.0633140 secs] [Times: user=0.07 sys=0.00, real=0.06 secs] 
2021-01-21T22:11:41.635+0800: 5.947: [GC (CMS Initial Mark) [1 CMS-initial-mark: 349327K(349568K)] 381849K(506816K), 0.0010745 secs] [Times: user=0.00 sys=0.00, real=0.00 secs] 
2021-01-21T22:11:41.636+0800: 5.948: [CMS-concurrent-mark-start]
2021-01-21T22:11:41.638+0800: 5.950: [CMS-concurrent-mark: 0.002/0.002 secs] [Times: user=0.00 sys=0.00, real=0.01 secs] 
2021-01-21T22:11:41.639+0800: 5.951: [CMS-concurrent-preclean-start]
2021-01-21T22:11:41.640+0800: 5.952: [CMS-concurrent-preclean: 0.001/0.001 secs] [Times: user=0.01 sys=0.00, real=0.00 secs] 
2021-01-21T22:11:41.640+0800: 5.952: [CMS-concurrent-abortable-preclean-start]
2021-01-21T22:11:41.640+0800: 5.952: [CMS-concurrent-abortable-preclean: 0.000/0.000 secs] [Times: user=0.00 sys=0.00, real=0.00 secs] 
2021-01-21T22:11:41.641+0800: 5.953: [GC (CMS Final Remark) [YG occupancy: 67425 K (157248 K)]2021-01-21T22:11:41.641+0800: 5.953: [Rescan (parallel) , 0.0019456 secs]2021-01-21T22:11:41.644+0800: 5.956: [weak refs processing, 0.0003561 secs]2021-01-21T22:11:41.644+0800: 5.956: [class unloading, 0.0005103 secs]2021-01-21T22:11:41.645+0800: 5.957: [scrub symbol table, 0.0009547 secs]2021-01-21T22:11:41.646+0800: 5.958: [scrub string table, 0.0005264 secs][1 CMS-remark: 349327K(349568K)] 416753K(506816K), 0.0065552 secs] [Times: user=0.01 sys=0.00, real=0.00 secs] 
2021-01-21T22:11:41.648+0800: 5.960: [CMS-concurrent-sweep-start]
2021-01-21T22:11:41.648+0800: 5.960: [CMS-concurrent-sweep: 0.000/0.000 secs] [Times: user=0.00 sys=0.00, real=0.01 secs] 
2021-01-21T22:11:41.648+0800: 5.961: [CMS-concurrent-reset-start]
2021-01-21T22:11:41.649+0800: 5.961: [CMS-concurrent-reset: 0.000/0.000 secs] [Times: user=0.00 sys=0.00, real=0.00 secs] 
2021-01-21T22:11:41.660+0800: 5.972: [GC (Allocation Failure) 2021-01-21T22:11:41.660+0800: 5.972: [ParNew: 157114K->157114K(157248K), 0.0007554 secs]2021-01-21T22:11:41.662+0800: 5.974: [CMS: 348791K->348946K(349568K), 0.0578092 secs] 505906K->380941K(506816K), [Metaspace: 2809K->2809K(1056768K)], 0.0599865 secs] [Times: user=0.06 sys=0.00, real=0.06 secs] 
2021-01-21T22:11:41.721+0800: 6.033: [GC (CMS Initial Mark) [1 CMS-initial-mark: 348946K(349568K)] 383534K(506816K), 0.0012762 secs] [Times: user=0.00 sys=0.00, real=0.00 secs] 
2021-01-21T22:11:41.723+0800: 6.035: [CMS-concurrent-mark-start]
2021-01-21T22:11:41.725+0800: 6.037: [CMS-concurrent-mark: 0.002/0.002 secs] [Times: user=0.01 sys=0.00, real=0.00 secs] 
2021-01-21T22:11:41.725+0800: 6.037: [CMS-concurrent-preclean-start]
2021-01-21T22:11:41.726+0800: 6.038: [CMS-concurrent-preclean: 0.001/0.001 secs] [Times: user=0.00 sys=0.00, real=0.00 secs] 
2021-01-21T22:11:41.727+0800: 6.039: [CMS-concurrent-abortable-preclean-start]
2021-01-21T22:11:41.727+0800: 6.039: [CMS-concurrent-abortable-preclean: 0.000/0.000 secs] [Times: user=0.00 sys=0.00, real=0.00 secs] 
2021-01-21T22:11:41.727+0800: 6.039: [GC (CMS Final Remark) [YG occupancy: 63057 K (157248 K)]2021-01-21T22:11:41.728+0800: 6.040: [Rescan (parallel) , 0.0013846 secs]2021-01-21T22:11:41.729+0800: 6.041: [weak refs processing, 0.0003587 secs]2021-01-21T22:11:41.730+0800: 6.042: [class unloading, 0.0004939 secs]2021-01-21T22:11:41.730+0800: 6.042: [scrub symbol table, 0.0005375 secs]2021-01-21T22:11:41.731+0800: 6.043: [scrub string table, 0.0003882 secs][1 CMS-remark: 348946K(349568K)] 412004K(506816K), 0.0045511 secs] [Times: user=0.01 sys=0.00, real=0.01 secs] 
2021-01-21T22:11:41.732+0800: 6.044: [CMS-concurrent-sweep-start]
2021-01-21T22:11:41.733+0800: 6.045: [CMS-concurrent-sweep: 0.000/0.000 secs] [Times: user=0.00 sys=0.00, real=0.00 secs] 
2021-01-21T22:11:41.733+0800: 6.045: [CMS-concurrent-reset-start]
2021-01-21T22:11:41.733+0800: 6.045: [CMS-concurrent-reset: 0.000/0.000 secs] [Times: user=0.00 sys=0.00, real=0.00 secs] 
2021-01-21T22:11:41.752+0800: 6.064: [GC (Allocation Failure) 2021-01-21T22:11:41.752+0800: 6.064: [ParNew: 157247K->157247K(157248K), 0.0002241 secs]2021-01-21T22:11:41.752+0800: 6.064: [CMS: 348511K->349556K(349568K), 0.0601231 secs] 505759K->385382K(506816K), [Metaspace: 2809K->2809K(1056768K)], 0.0613266 secs] [Times: user=0.06 sys=0.00, real=0.06 secs] 
2021-01-21T22:11:41.814+0800: 6.126: [GC (CMS Initial Mark) [1 CMS-initial-mark: 349556K(349568K)] 388338K(506816K), 0.0006382 secs] [Times: user=0.00 sys=0.00, real=0.00 secs] 
2021-01-21T22:11:41.815+0800: 6.127: [CMS-concurrent-mark-start]
2021-01-21T22:11:41.816+0800: 6.128: [CMS-concurrent-mark: 0.001/0.001 secs] [Times: user=0.00 sys=0.00, real=0.00 secs] 
2021-01-21T22:11:41.816+0800: 6.128: [CMS-concurrent-preclean-start]
2021-01-21T22:11:41.817+0800: 6.129: [CMS-concurrent-preclean: 0.001/0.001 secs] [Times: user=0.00 sys=0.00, real=0.00 secs] 
2021-01-21T22:11:41.817+0800: 6.129: [CMS-concurrent-abortable-preclean-start]
2021-01-21T22:11:41.817+0800: 6.129: [CMS-concurrent-abortable-preclean: 0.000/0.000 secs] [Times: user=0.00 sys=0.00, real=0.00 secs] 
2021-01-21T22:11:41.817+0800: 6.130: [GC (CMS Final Remark) [YG occupancy: 57224 K (157248 K)]2021-01-21T22:11:41.818+0800: 6.130: [Rescan (parallel) , 0.0006821 secs]2021-01-21T22:11:41.819+0800: 6.131: [weak refs processing, 0.0001634 secs]2021-01-21T22:11:41.819+0800: 6.131: [class unloading, 0.0003168 secs]2021-01-21T22:11:41.819+0800: 6.131: [scrub symbol table, 0.0004057 secs]2021-01-21T22:11:41.820+0800: 6.132: [scrub string table, 0.0002769 secs][1 CMS-remark: 349556K(349568K)] 406781K(506816K), 0.0027436 secs] [Times: user=0.00 sys=0.00, real=0.01 secs] 
2021-01-21T22:11:41.821+0800: 6.133: [CMS-concurrent-sweep-start]
2021-01-21T22:11:41.821+0800: 6.133: [CMS-concurrent-sweep: 0.000/0.000 secs] [Times: user=0.00 sys=0.00, real=0.00 secs] 
2021-01-21T22:11:41.821+0800: 6.133: [CMS-concurrent-reset-start]
2021-01-21T22:11:41.821+0800: 6.133: [CMS-concurrent-reset: 0.000/0.000 secs] [Times: user=0.00 sys=0.00, real=0.00 secs] 
2021-01-21T22:11:41.833+0800: 6.145: [GC (Allocation Failure) 2021-01-21T22:11:41.833+0800: 6.145: [ParNew: 157212K->157212K(157248K), 0.0001768 secs]2021-01-21T22:11:41.833+0800: 6.145: [CMS: 349319K->349300K(349568K), 0.0505711 secs] 506532K->381724K(506816K), [Metaspace: 2809K->2809K(1056768K)], 0.0515921 secs] [Times: user=0.05 sys=0.00, real=0.05 secs] 
2021-01-21T22:11:41.885+0800: 6.197: [GC (CMS Initial Mark) [1 CMS-initial-mark: 349300K(349568K)] 384460K(506816K), 0.0013231 secs] [Times: user=0.00 sys=0.00, real=0.00 secs] 
2021-01-21T22:11:41.887+0800: 6.199: [CMS-concurrent-mark-start]
2021-01-21T22:11:41.889+0800: 6.201: [CMS-concurrent-mark: 0.001/0.001 secs] [Times: user=0.00 sys=0.00, real=0.01 secs] 
2021-01-21T22:11:41.889+0800: 6.201: [CMS-concurrent-preclean-start]
2021-01-21T22:11:41.890+0800: 6.202: [CMS-concurrent-preclean: 0.001/0.001 secs] [Times: user=0.00 sys=0.00, real=0.00 secs] 
2021-01-21T22:11:41.891+0800: 6.203: [CMS-concurrent-abortable-preclean-start]
2021-01-21T22:11:41.891+0800: 6.203: [CMS-concurrent-abortable-preclean: 0.000/0.000 secs] [Times: user=0.00 sys=0.00, real=0.00 secs] 
2021-01-21T22:11:41.891+0800: 6.203: [GC (CMS Final Remark) [YG occupancy: 65203 K (157248 K)]2021-01-21T22:11:41.891+0800: 6.204: [Rescan (parallel) , 0.0006613 secs]2021-01-21T22:11:41.892+0800: 6.205: [weak refs processing, 0.0002508 secs]2021-01-21T22:11:41.893+0800: 6.205: [class unloading, 0.0004148 secs]2021-01-21T22:11:41.894+0800: 6.206: [scrub symbol table, 0.0007113 secs]2021-01-21T22:11:41.895+0800: 6.207: [scrub string table, 0.0004974 secs][1 CMS-remark: 349300K(349568K)] 414503K(506816K), 0.0043783 secs] [Times: user=0.00 sys=0.00, real=0.00 secs] 
2021-01-21T22:11:41.896+0800: 6.208: [CMS-concurrent-sweep-start]
2021-01-21T22:11:41.896+0800: 6.208: [CMS-concurrent-sweep: 0.000/0.000 secs] [Times: user=0.00 sys=0.00, real=0.00 secs] 
2021-01-21T22:11:41.897+0800: 6.209: [CMS-concurrent-reset-start]
2021-01-21T22:11:41.897+0800: 6.209: [CMS-concurrent-reset: 0.000/0.000 secs] [Times: user=0.00 sys=0.00, real=0.00 secs] 
2021-01-21T22:11:41.908+0800: 6.220: [GC (Allocation Failure) 2021-01-21T22:11:41.908+0800: 6.220: [ParNew: 157211K->157211K(157248K), 0.0003660 secs]2021-01-21T22:11:41.909+0800: 6.221: [CMS: 348510K->349499K(349568K), 0.0530526 secs] 505722K->385005K(506816K), [Metaspace: 2809K->2809K(1056768K)], 0.0549563 secs] [Times: user=0.06 sys=0.00, real=0.06 secs] 
2021-01-21T22:11:41.964+0800: 6.276: [GC (CMS Initial Mark) [1 CMS-initial-mark: 349499K(349568K)] 387682K(506816K), 0.0015250 secs] [Times: user=0.00 sys=0.00, real=0.00 secs] 
2021-01-21T22:11:41.966+0800: 6.278: [CMS-concurrent-mark-start]
2021-01-21T22:11:41.967+0800: 6.280: [CMS-concurrent-mark: 0.002/0.002 secs] [Times: user=0.00 sys=0.00, real=0.00 secs] 
2021-01-21T22:11:41.968+0800: 6.280: [CMS-concurrent-preclean-start]
2021-01-21T22:11:41.969+0800: 6.281: [CMS-concurrent-preclean: 0.001/0.001 secs] [Times: user=0.01 sys=0.00, real=0.01 secs] 
2021-01-21T22:11:41.969+0800: 6.281: [CMS-concurrent-abortable-preclean-start]
2021-01-21T22:11:41.969+0800: 6.281: [CMS-concurrent-abortable-preclean: 0.000/0.000 secs] [Times: user=0.00 sys=0.00, real=0.00 secs] 
2021-01-21T22:11:41.970+0800: 6.282: [GC (CMS Final Remark) [YG occupancy: 70762 K (157248 K)]2021-01-21T22:11:41.970+0800: 6.282: [Rescan (parallel) , 0.0011606 secs]2021-01-21T22:11:41.972+0800: 6.284: [weak refs processing, 0.0002989 secs]2021-01-21T22:11:41.972+0800: 6.284: [class unloading, 0.0004603 secs]2021-01-21T22:11:41.973+0800: 6.285: [scrub symbol table, 0.0008695 secs]2021-01-21T22:11:41.974+0800: 6.286: [scrub string table, 0.0006156 secs][1 CMS-remark: 349499K(349568K)] 420262K(506816K), 0.0052929 secs] [Times: user=0.00 sys=0.00, real=0.00 secs] 
2021-01-21T22:11:41.976+0800: 6.288: [CMS-concurrent-sweep-start]
2021-01-21T22:11:41.976+0800: 6.288: [CMS-concurrent-sweep: 0.000/0.000 secs] [Times: user=0.00 sys=0.00, real=0.00 secs] 
2021-01-21T22:11:41.977+0800: 6.289: [CMS-concurrent-reset-start]
2021-01-21T22:11:41.977+0800: 6.289: [CMS-concurrent-reset: 0.000/0.000 secs] [Times: user=0.00 sys=0.00, real=0.00 secs] 
2021-01-21T22:11:41.986+0800: 6.299: [GC (Allocation Failure) 2021-01-21T22:11:41.987+0800: 6.299: [ParNew: 157125K->157125K(157248K), 0.0004023 secs]2021-01-21T22:11:41.988+0800: 6.300: [CMS: 349134K->349377K(349568K), 0.0521441 secs] 506259K->386163K(506816K), [Metaspace: 2809K->2809K(1056768K)], 0.0605648 secs] [Times: user=0.06 sys=0.00, real=0.06 secs] 
2021-01-21T22:11:42.048+0800: 6.360: [GC (CMS Initial Mark) [1 CMS-initial-mark: 349377K(349568K)] 389042K(506816K), 0.0012776 secs] [Times: user=0.00 sys=0.00, real=0.01 secs] 
2021-01-21T22:11:42.050+0800: 6.362: [CMS-concurrent-mark-start]
2021-01-21T22:11:42.051+0800: 6.363: [CMS-concurrent-mark: 0.001/0.001 secs] [Times: user=0.00 sys=0.00, real=0.00 secs] 
2021-01-21T22:11:42.052+0800: 6.364: [CMS-concurrent-preclean-start]
2021-01-21T22:11:42.052+0800: 6.364: [CMS-concurrent-preclean: 0.001/0.001 secs] [Times: user=0.00 sys=0.00, real=0.00 secs] 
2021-01-21T22:11:42.053+0800: 6.365: [CMS-concurrent-abortable-preclean-start]
2021-01-21T22:11:42.053+0800: 6.365: [CMS-concurrent-abortable-preclean: 0.000/0.000 secs] [Times: user=0.00 sys=0.00, real=0.00 secs] 
2021-01-21T22:11:42.053+0800: 6.365: [GC (CMS Final Remark) [YG occupancy: 63527 K (157248 K)]2021-01-21T22:11:42.054+0800: 6.366: [Rescan (parallel) , 0.0007670 secs]2021-01-21T22:11:42.055+0800: 6.367: [weak refs processing, 0.0003312 secs]2021-01-21T22:11:42.055+0800: 6.367: [class unloading, 0.0006112 secs]2021-01-21T22:11:42.056+0800: 6.368: [scrub symbol table, 0.0011068 secs]2021-01-21T22:11:42.058+0800: 6.370: [scrub string table, 0.0005419 secs][1 CMS-remark: 349377K(349568K)] 412905K(506816K), 0.0052418 secs] [Times: user=0.01 sys=0.00, real=0.01 secs] 
2021-01-21T22:11:42.060+0800: 6.372: [CMS-concurrent-sweep-start]
2021-01-21T22:11:42.060+0800: 6.372: [CMS-concurrent-sweep: 0.000/0.000 secs] [Times: user=0.00 sys=0.00, real=0.00 secs] 
2021-01-21T22:11:42.060+0800: 6.372: [CMS-concurrent-reset-start]
2021-01-21T22:11:42.060+0800: 6.373: [CMS-concurrent-reset: 0.000/0.000 secs] [Times: user=0.00 sys=0.00, real=0.00 secs] 
2021-01-21T22:11:42.071+0800: 6.383: [GC (Allocation Failure) 2021-01-21T22:11:42.071+0800: 6.383: [ParNew: 156993K->156993K(157248K), 0.0003271 secs]2021-01-21T22:11:42.072+0800: 6.384: [CMS: 349377K->349512K(349568K), 0.0511812 secs] 506371K->383923K(506816K), [Metaspace: 2809K->2809K(1056768K)], 0.0529226 secs] [Times: user=0.05 sys=0.00, real=0.05 secs] 
2021-01-21T22:11:42.125+0800: 6.437: [GC (CMS Initial Mark) [1 CMS-initial-mark: 349512K(349568K)] 387376K(506816K), 0.0012015 secs] [Times: user=0.01 sys=0.00, real=0.00 secs] 
2021-01-21T22:11:42.127+0800: 6.439: [CMS-concurrent-mark-start]
2021-01-21T22:11:42.128+0800: 6.440: [CMS-concurrent-mark: 0.001/0.001 secs] [Times: user=0.00 sys=0.00, real=0.01 secs] 
2021-01-21T22:11:42.129+0800: 6.441: [CMS-concurrent-preclean-start]
2021-01-21T22:11:42.129+0800: 6.442: [CMS-concurrent-preclean: 0.001/0.001 secs] [Times: user=0.00 sys=0.00, real=0.00 secs] 
2021-01-21T22:11:42.130+0800: 6.442: [CMS-concurrent-abortable-preclean-start]
2021-01-21T22:11:42.130+0800: 6.442: [CMS-concurrent-abortable-preclean: 0.000/0.000 secs] [Times: user=0.00 sys=0.00, real=0.00 secs] 
2021-01-21T22:11:42.131+0800: 6.443: [GC (CMS Final Remark) [YG occupancy: 69468 K (157248 K)]2021-01-21T22:11:42.131+0800: 6.443: [Rescan (parallel) , 0.0010183 secs]2021-01-21T22:11:42.132+0800: 6.444: [weak refs processing, 0.0003083 secs]2021-01-21T22:11:42.133+0800: 6.445: [class unloading, 0.0004468 secs]2021-01-21T22:11:42.134+0800: 6.446: [scrub symbol table, 0.0005270 secs]2021-01-21T22:11:42.134+0800: 6.446: [scrub string table, 0.0004379 secs][1 CMS-remark: 349512K(349568K)] 418981K(506816K), 0.0044170 secs] [Times: user=0.01 sys=0.00, real=0.00 secs] 
2021-01-21T22:11:42.136+0800: 6.448: [CMS-concurrent-sweep-start]
2021-01-21T22:11:42.136+0800: 6.448: [CMS-concurrent-sweep: 0.000/0.000 secs] [Times: user=0.00 sys=0.00, real=0.00 secs] 
2021-01-21T22:11:42.136+0800: 6.448: [CMS-concurrent-reset-start]
2021-01-21T22:11:42.137+0800: 6.449: [CMS-concurrent-reset: 0.000/0.000 secs] [Times: user=0.00 sys=0.00, real=0.00 secs] 
2021-01-21T22:11:42.147+0800: 6.459: [GC (Allocation Failure) 2021-01-21T22:11:42.147+0800: 6.459: [ParNew: 157197K->157197K(157248K), 0.0003650 secs]2021-01-21T22:11:42.148+0800: 6.460: [CMS: 348236K->348938K(349568K), 0.0506695 secs] 505433K->389719K(506816K), [Metaspace: 2809K->2809K(1056768K)], 0.0523463 secs] [Times: user=0.05 sys=0.00, real=0.06 secs] 
2021-01-21T22:11:42.200+0800: 6.512: [GC (CMS Initial Mark) [1 CMS-initial-mark: 348938K(349568K)] 392297K(506816K), 0.0023761 secs] [Times: user=0.00 sys=0.00, real=0.00 secs] 
2021-01-21T22:11:42.203+0800: 6.515: [CMS-concurrent-mark-start]
2021-01-21T22:11:42.205+0800: 6.517: [CMS-concurrent-mark: 0.001/0.001 secs] [Times: user=0.01 sys=0.00, real=0.00 secs] 
2021-01-21T22:11:42.205+0800: 6.517: [CMS-concurrent-preclean-start]
2021-01-21T22:11:42.206+0800: 6.518: [CMS-concurrent-preclean: 0.001/0.001 secs] [Times: user=0.00 sys=0.00, real=0.00 secs] 
2021-01-21T22:11:42.207+0800: 6.519: [CMS-concurrent-abortable-preclean-start]
2021-01-21T22:11:42.207+0800: 6.519: [CMS-concurrent-abortable-preclean: 0.000/0.000 secs] [Times: user=0.00 sys=0.00, real=0.00 secs] 
2021-01-21T22:11:42.207+0800: 6.519: [GC (CMS Final Remark) [YG occupancy: 75748 K (157248 K)]2021-01-21T22:11:42.208+0800: 6.520: [Rescan (parallel) , 0.0012944 secs]2021-01-21T22:11:42.209+0800: 6.521: [weak refs processing, 0.0003062 secs]2021-01-21T22:11:42.210+0800: 6.522: [class unloading, 0.0004612 secs]2021-01-21T22:11:42.211+0800: 6.523: [scrub symbol table, 0.0005341 secs]2021-01-21T22:11:42.211+0800: 6.523: [scrub string table, 0.0004086 secs][1 CMS-remark: 348938K(349568K)] 424686K(506816K), 0.0046954 secs] [Times: user=0.00 sys=0.01, real=0.01 secs] 
2021-01-21T22:11:42.213+0800: 6.525: [CMS-concurrent-sweep-start]
2021-01-21T22:11:42.213+0800: 6.525: [CMS-concurrent-sweep: 0.000/0.000 secs] [Times: user=0.00 sys=0.00, real=0.00 secs] 
2021-01-21T22:11:42.213+0800: 6.525: [CMS-concurrent-reset-start]
2021-01-21T22:11:42.214+0800: 6.526: [CMS-concurrent-reset: 0.000/0.000 secs] [Times: user=0.00 sys=0.00, real=0.00 secs] 
2021-01-21T22:11:42.223+0800: 6.535: [GC (Allocation Failure) 2021-01-21T22:11:42.223+0800: 6.535: [ParNew: 156907K->156907K(157248K), 0.0004448 secs]2021-01-21T22:11:42.224+0800: 6.536: [CMS: 348740K->349403K(349568K), 0.0516231 secs] 505648K->392966K(506816K), [Metaspace: 2809K->2809K(1056768K)], 0.0533638 secs] [Times: user=0.05 sys=0.00, real=0.05 secs] 
2021-01-21T22:11:42.277+0800: 6.589: [GC (CMS Initial Mark) [1 CMS-initial-mark: 349403K(349568K)] 396227K(506816K), 0.0013920 secs] [Times: user=0.00 sys=0.00, real=0.01 secs] 
2021-01-21T22:11:42.279+0800: 6.591: [CMS-concurrent-mark-start]
2021-01-21T22:11:42.280+0800: 6.592: [CMS-concurrent-mark: 0.002/0.002 secs] [Times: user=0.00 sys=0.00, real=0.00 secs] 
2021-01-21T22:11:42.281+0800: 6.593: [CMS-concurrent-preclean-start]
2021-01-21T22:11:42.282+0800: 6.594: [CMS-concurrent-preclean: 0.001/0.001 secs] [Times: user=0.01 sys=0.00, real=0.00 secs] 
2021-01-21T22:11:42.282+0800: 6.594: [CMS-concurrent-abortable-preclean-start]
2021-01-21T22:11:42.282+0800: 6.594: [CMS-concurrent-abortable-preclean: 0.000/0.000 secs] [Times: user=0.00 sys=0.00, real=0.00 secs] 
2021-01-21T22:11:42.283+0800: 6.595: [GC (CMS Final Remark) [YG occupancy: 71914 K (157248 K)]2021-01-21T22:11:42.283+0800: 6.595: [Rescan (parallel) , 0.0008919 secs]2021-01-21T22:11:42.285+0800: 6.597: [weak refs processing, 0.0002978 secs]2021-01-21T22:11:42.285+0800: 6.597: [class unloading, 0.0004909 secs]2021-01-21T22:11:42.286+0800: 6.598: [scrub symbol table, 0.0005534 secs]2021-01-21T22:11:42.287+0800: 6.599: [scrub string table, 0.0004004 secs][1 CMS-remark: 349403K(349568K)] 421317K(506816K), 0.0044684 secs] [Times: user=0.00 sys=0.00, real=0.00 secs] 
2021-01-21T22:11:42.288+0800: 6.600: [CMS-concurrent-sweep-start]
2021-01-21T22:11:42.288+0800: 6.601: [CMS-concurrent-sweep: 0.000/0.000 secs] [Times: user=0.00 sys=0.00, real=0.00 secs] 
2021-01-21T22:11:42.289+0800: 6.601: [CMS-concurrent-reset-start]
2021-01-21T22:11:42.289+0800: 6.601: [CMS-concurrent-reset: 0.000/0.000 secs] [Times: user=0.00 sys=0.00, real=0.00 secs] 
2021-01-21T22:11:42.300+0800: 6.612: [GC (Allocation Failure) 2021-01-21T22:11:42.300+0800: 6.612: [ParNew: 157217K->157217K(157248K), 0.0003249 secs]2021-01-21T22:11:42.301+0800: 6.613: [CMS: 349050K->349488K(349568K), 0.0506270 secs] 506268K->389199K(506816K), [Metaspace: 2809K->2809K(1056768K)], 0.0521495 secs] [Times: user=0.06 sys=0.00, real=0.05 secs] 
2021-01-21T22:11:42.353+0800: 6.665: [GC (CMS Initial Mark) [1 CMS-initial-mark: 349488K(349568K)] 391827K(506816K), 0.0015472 secs] [Times: user=0.00 sys=0.00, real=0.00 secs] 
2021-01-21T22:11:42.355+0800: 6.667: [CMS-concurrent-mark-start]
2021-01-21T22:11:42.357+0800: 6.669: [CMS-concurrent-mark: 0.002/0.002 secs] [Times: user=0.00 sys=0.00, real=0.00 secs] 
2021-01-21T22:11:42.357+0800: 6.669: [CMS-concurrent-preclean-start]
2021-01-21T22:11:42.358+0800: 6.670: [CMS-concurrent-preclean: 0.001/0.001 secs] [Times: user=0.00 sys=0.00, real=0.01 secs] 
2021-01-21T22:11:42.359+0800: 6.671: [CMS-concurrent-abortable-preclean-start]
2021-01-21T22:11:42.359+0800: 6.671: [CMS-concurrent-abortable-preclean: 0.000/0.000 secs] [Times: user=0.00 sys=0.00, real=0.00 secs] 
2021-01-21T22:11:42.359+0800: 6.671: [GC (CMS Final Remark) [YG occupancy: 77850 K (157248 K)]2021-01-21T22:11:42.360+0800: 6.672: [Rescan (parallel) , 0.0013507 secs]2021-01-21T22:11:42.361+0800: 6.673: [weak refs processing, 0.0005103 secs]2021-01-21T22:11:42.362+0800: 6.674: [class unloading, 0.0006498 secs]2021-01-21T22:11:42.363+0800: 6.675: [scrub symbol table, 0.0006301 secs]2021-01-21T22:11:42.364+0800: 6.676: [scrub string table, 0.0004192 secs][1 CMS-remark: 349488K(349568K)] 427339K(506816K), 0.0056551 secs] [Times: user=0.00 sys=0.00, real=0.00 secs] 
2021-01-21T22:11:42.366+0800: 6.678: [CMS-concurrent-sweep-start]
2021-01-21T22:11:42.366+0800: 6.678: [CMS-concurrent-sweep: 0.000/0.000 secs] [Times: user=0.00 sys=0.00, real=0.00 secs] 
2021-01-21T22:11:42.366+0800: 6.678: [CMS-concurrent-reset-start]
2021-01-21T22:11:42.367+0800: 6.679: [CMS-concurrent-reset: 0.000/0.000 secs] [Times: user=0.00 sys=0.00, real=0.00 secs] 
2021-01-21T22:11:42.376+0800: 6.688: [GC (Allocation Failure) 2021-01-21T22:11:42.376+0800: 6.688: [ParNew: 156923K->156923K(157248K), 0.0003455 secs]2021-01-21T22:11:42.377+0800: 6.689: [CMS: 348610K->349157K(349568K), 0.0555752 secs] 505534K->388042K(506816K), [Metaspace: 2809K->2809K(1056768K)], 0.0570966 secs] [Times: user=0.06 sys=0.00, real=0.06 secs] 
2021-01-21T22:11:42.434+0800: 6.746: [GC (CMS Initial Mark) [1 CMS-initial-mark: 349157K(349568K)] 391106K(506816K), 0.0016639 secs] [Times: user=0.00 sys=0.00, real=0.00 secs] 
2021-01-21T22:11:42.436+0800: 6.748: [CMS-concurrent-mark-start]
2021-01-21T22:11:42.438+0800: 6.750: [CMS-concurrent-mark: 0.001/0.001 secs] [Times: user=0.00 sys=0.00, real=0.00 secs] 
2021-01-21T22:11:42.438+0800: 6.750: [CMS-concurrent-preclean-start]
2021-01-21T22:11:42.439+0800: 6.751: [CMS-concurrent-preclean: 0.001/0.001 secs] [Times: user=0.01 sys=0.00, real=0.01 secs] 
2021-01-21T22:11:42.439+0800: 6.751: [CMS-concurrent-abortable-preclean-start]
2021-01-21T22:11:42.439+0800: 6.751: [CMS-concurrent-abortable-preclean: 0.000/0.000 secs] [Times: user=0.00 sys=0.00, real=0.00 secs] 
2021-01-21T22:11:42.439+0800: 6.751: [GC (CMS Final Remark) [YG occupancy: 62680 K (157248 K)]2021-01-21T22:11:42.440+0800: 6.752: [Rescan (parallel) , 0.0055503 secs]2021-01-21T22:11:42.446+0800: 6.758: [weak refs processing, 0.0002976 secs]2021-01-21T22:11:42.446+0800: 6.758: [class unloading, 0.0005849 secs]2021-01-21T22:11:42.447+0800: 6.759: [scrub symbol table, 0.0007665 secs]2021-01-21T22:11:42.448+0800: 6.760: [scrub string table, 0.0004331 secs][1 CMS-remark: 349157K(349568K)] 411837K(506816K), 0.0094039 secs] [Times: user=0.03 sys=0.00, real=0.01 secs] 
2021-01-21T22:11:42.449+0800: 6.761: [CMS-concurrent-sweep-start]
2021-01-21T22:11:42.450+0800: 6.762: [CMS-concurrent-sweep: 0.000/0.000 secs] [Times: user=0.00 sys=0.00, real=0.00 secs] 
2021-01-21T22:11:42.450+0800: 6.762: [CMS-concurrent-reset-start]
2021-01-21T22:11:42.450+0800: 6.762: [CMS-concurrent-reset: 0.000/0.000 secs] [Times: user=0.00 sys=0.00, real=0.00 secs] 
2021-01-21T22:11:42.462+0800: 6.774: [GC (Allocation Failure) 2021-01-21T22:11:42.462+0800: 6.774: [ParNew: 157223K->157223K(157248K), 0.0003590 secs]2021-01-21T22:11:42.463+0800: 6.775: [CMS: 348122K->349467K(349568K), 0.0542148 secs] 505345K->387863K(506816K), [Metaspace: 2809K->2809K(1056768K)], 0.0559359 secs] [Times: user=0.05 sys=0.00, real=0.06 secs] 
2021-01-21T22:11:42.519+0800: 6.831: [GC (CMS Initial Mark) [1 CMS-initial-mark: 349467K(349568K)] 390788K(506816K), 0.0014249 secs] [Times: user=0.00 sys=0.00, real=0.00 secs] 
2021-01-21T22:11:42.521+0800: 6.833: [CMS-concurrent-mark-start]
2021-01-21T22:11:42.522+0800: 6.834: [CMS-concurrent-mark: 0.001/0.001 secs] [Times: user=0.00 sys=0.00, real=0.00 secs] 
2021-01-21T22:11:42.523+0800: 6.835: [CMS-concurrent-preclean-start]
2021-01-21T22:11:42.524+0800: 6.836: [CMS-concurrent-preclean: 0.001/0.001 secs] [Times: user=0.00 sys=0.00, real=0.00 secs] 
2021-01-21T22:11:42.525+0800: 6.837: [CMS-concurrent-abortable-preclean-start]
2021-01-21T22:11:42.525+0800: 6.837: [CMS-concurrent-abortable-preclean: 0.000/0.000 secs] [Times: user=0.00 sys=0.00, real=0.00 secs] 
2021-01-21T22:11:42.525+0800: 6.837: [GC (CMS Final Remark) [YG occupancy: 67480 K (157248 K)]2021-01-21T22:11:42.526+0800: 6.838: [Rescan (parallel) , 0.0011077 secs]2021-01-21T22:11:42.527+0800: 6.839: [weak refs processing, 0.0003189 secs]2021-01-21T22:11:42.528+0800: 6.840: [class unloading, 0.0004281 secs]2021-01-21T22:11:42.528+0800: 6.840: [scrub symbol table, 0.0005963 secs]2021-01-21T22:11:42.529+0800: 6.841: [scrub string table, 0.0003975 secs][1 CMS-remark: 349467K(349568K)] 416947K(506816K), 0.0048589 secs] [Times: user=0.01 sys=0.00, real=0.01 secs] 
2021-01-21T22:11:42.531+0800: 6.843: [CMS-concurrent-sweep-start]
2021-01-21T22:11:42.531+0800: 6.843: [CMS-concurrent-sweep: 0.000/0.000 secs] [Times: user=0.00 sys=0.00, real=0.00 secs] 
2021-01-21T22:11:42.532+0800: 6.844: [CMS-concurrent-reset-start]
2021-01-21T22:11:42.532+0800: 6.844: [CMS-concurrent-reset: 0.000/0.000 secs] [Times: user=0.00 sys=0.00, real=0.00 secs] 
2021-01-21T22:11:42.543+0800: 6.855: [GC (Allocation Failure) 2021-01-21T22:11:42.543+0800: 6.855: [ParNew: 156833K->156833K(157248K), 0.0003491 secs]2021-01-21T22:11:42.544+0800: 6.856: [CMS: 349004K->348900K(349568K), 0.0530562 secs] 505837K->388657K(506816K), [Metaspace: 2809K->2809K(1056768K)], 0.0548118 secs] [Times: user=0.05 sys=0.00, real=0.06 secs] 
2021-01-21T22:11:42.599+0800: 6.911: [GC (CMS Initial Mark) [1 CMS-initial-mark: 348900K(349568K)] 391764K(506816K), 0.0013160 secs] [Times: user=0.00 sys=0.00, real=0.00 secs] 
2021-01-21T22:11:42.601+0800: 6.913: [CMS-concurrent-mark-start]
2021-01-21T22:11:42.602+0800: 6.914: [CMS-concurrent-mark: 0.001/0.001 secs] [Times: user=0.01 sys=0.00, real=0.00 secs] 
2021-01-21T22:11:42.603+0800: 6.915: [CMS-concurrent-preclean-start]
2021-01-21T22:11:42.604+0800: 6.916: [CMS-concurrent-preclean: 0.001/0.001 secs] [Times: user=0.00 sys=0.00, real=0.00 secs] 
2021-01-21T22:11:42.604+0800: 6.916: [CMS-concurrent-abortable-preclean-start]
2021-01-21T22:11:42.604+0800: 6.916: [CMS-concurrent-abortable-preclean: 0.000/0.000 secs] [Times: user=0.00 sys=0.00, real=0.00 secs] 
2021-01-21T22:11:42.605+0800: 6.917: [GC (CMS Final Remark) [YG occupancy: 77380 K (157248 K)]2021-01-21T22:11:42.605+0800: 6.917: [Rescan (parallel) , 0.0010719 secs]2021-01-21T22:11:42.606+0800: 6.918: [weak refs processing, 0.0003220 secs]2021-01-21T22:11:42.607+0800: 6.919: [class unloading, 0.0004548 secs]2021-01-21T22:11:42.608+0800: 6.920: [scrub symbol table, 0.0008819 secs]2021-01-21T22:11:42.609+0800: 6.921: [scrub string table, 0.0004634 secs][1 CMS-remark: 348900K(349568K)] 426281K(506816K), 0.0050727 secs] [Times: user=0.01 sys=0.00, real=0.01 secs] 
2021-01-21T22:11:42.611+0800: 6.923: [CMS-concurrent-sweep-start]
2021-01-21T22:11:42.611+0800: 6.923: [CMS-concurrent-sweep: 0.000/0.000 secs] [Times: user=0.00 sys=0.00, real=0.00 secs] 
2021-01-21T22:11:42.611+0800: 6.923: [CMS-concurrent-reset-start]
2021-01-21T22:11:42.611+0800: 6.923: [CMS-concurrent-reset: 0.000/0.000 secs] [Times: user=0.00 sys=0.00, real=0.00 secs] 
2021-01-21T22:11:42.621+0800: 6.933: [GC (Allocation Failure) 2021-01-21T22:11:42.622+0800: 6.934: [ParNew: 157214K->157214K(157248K), 0.0003458 secs]2021-01-21T22:11:42.623+0800: 6.935: [CMS: 348283K->349522K(349568K), 0.0566949 secs] 505498K->389194K(506816K), [Metaspace: 2809K->2809K(1056768K)], 0.0583038 secs] [Times: user=0.05 sys=0.00, real=0.06 secs] 
2021-01-21T22:11:42.681+0800: 6.993: [GC (CMS Initial Mark) [1 CMS-initial-mark: 349522K(349568K)] 391685K(506816K), 0.0017867 secs] [Times: user=0.00 sys=0.00, real=0.00 secs] 
2021-01-21T22:11:42.683+0800: 6.995: [CMS-concurrent-mark-start]
2021-01-21T22:11:42.685+0800: 6.997: [CMS-concurrent-mark: 0.002/0.002 secs] [Times: user=0.00 sys=0.00, real=0.00 secs] 
2021-01-21T22:11:42.685+0800: 6.997: [CMS-concurrent-preclean-start]
2021-01-21T22:11:42.686+0800: 6.998: [CMS-concurrent-preclean: 0.001/0.001 secs] [Times: user=0.00 sys=0.00, real=0.00 secs] 
2021-01-21T22:11:42.687+0800: 6.999: [CMS-concurrent-abortable-preclean-start]
2021-01-21T22:11:42.687+0800: 6.999: [CMS-concurrent-abortable-preclean: 0.000/0.000 secs] [Times: user=0.00 sys=0.00, real=0.00 secs] 
2021-01-21T22:11:42.687+0800: 6.999: [GC (CMS Final Remark) [YG occupancy: 68277 K (157248 K)]2021-01-21T22:11:42.687+0800: 6.999: [Rescan (parallel) , 0.0011612 secs]2021-01-21T22:11:42.689+0800: 7.001: [weak refs processing, 0.0002815 secs]2021-01-21T22:11:42.689+0800: 7.002: [class unloading, 0.0004284 secs]2021-01-21T22:11:42.690+0800: 7.002: [scrub symbol table, 0.0006673 secs]2021-01-21T22:11:42.691+0800: 7.003: [scrub string table, 0.0004115 secs][1 CMS-remark: 349522K(349568K)] 417799K(506816K), 0.0047098 secs] [Times: user=0.00 sys=0.00, real=0.01 secs] 
2021-01-21T22:11:42.692+0800: 7.005: [CMS-concurrent-sweep-start]
2021-01-21T22:11:42.693+0800: 7.005: [CMS-concurrent-sweep: 0.000/0.000 secs] [Times: user=0.00 sys=0.00, real=0.00 secs] 
2021-01-21T22:11:42.693+0800: 7.005: [CMS-concurrent-reset-start]
2021-01-21T22:11:42.693+0800: 7.005: [CMS-concurrent-reset: 0.000/0.000 secs] [Times: user=0.00 sys=0.00, real=0.00 secs] 
2021-01-21T22:11:42.704+0800: 7.016: [GC (Allocation Failure) 2021-01-21T22:11:42.705+0800: 7.017: [ParNew: 157167K->157167K(157248K), 0.0003625 secs]2021-01-21T22:11:42.705+0800: 7.017: [CMS: 348345K->348954K(349568K), 0.0513485 secs] 505513K->384176K(506816K), [Metaspace: 2809K->2809K(1056768K)], 0.0529982 secs] [Times: user=0.05 sys=0.00, real=0.05 secs] 
2021-01-21T22:11:42.758+0800: 7.070: [GC (CMS Initial Mark) [1 CMS-initial-mark: 348954K(349568K)] 386809K(506816K), 0.0013716 secs] [Times: user=0.01 sys=0.00, real=0.00 secs] 
2021-01-21T22:11:42.760+0800: 7.072: [CMS-concurrent-mark-start]
2021-01-21T22:11:42.763+0800: 7.075: [CMS-concurrent-mark: 0.003/0.003 secs] [Times: user=0.00 sys=0.00, real=0.00 secs] 
2021-01-21T22:11:42.763+0800: 7.076: [CMS-concurrent-preclean-start]
2021-01-21T22:11:42.764+0800: 7.076: [CMS-concurrent-preclean: 0.001/0.001 secs] [Times: user=0.00 sys=0.00, real=0.00 secs] 
2021-01-21T22:11:42.765+0800: 7.077: [CMS-concurrent-abortable-preclean-start]
2021-01-21T22:11:42.765+0800: 7.077: [CMS-concurrent-abortable-preclean: 0.000/0.000 secs] [Times: user=0.00 sys=0.00, real=0.00 secs] 
2021-01-21T22:11:42.765+0800: 7.077: [GC (CMS Final Remark) [YG occupancy: 63661 K (157248 K)]2021-01-21T22:11:42.765+0800: 7.077: [Rescan (parallel) , 0.0012247 secs]2021-01-21T22:11:42.767+0800: 7.079: [weak refs processing, 0.0003224 secs]2021-01-21T22:11:42.768+0800: 7.080: [class unloading, 0.0005298 secs]2021-01-21T22:11:42.769+0800: 7.081: [scrub symbol table, 0.0006279 secs]2021-01-21T22:11:42.770+0800: 7.082: [scrub string table, 0.0004030 secs][1 CMS-remark: 348954K(349568K)] 412615K(506816K), 0.0050332 secs] [Times: user=0.00 sys=0.00, real=0.01 secs] 
2021-01-21T22:11:42.771+0800: 7.083: [CMS-concurrent-sweep-start]
2021-01-21T22:11:42.771+0800: 7.083: [CMS-concurrent-sweep: 0.000/0.000 secs] [Times: user=0.00 sys=0.00, real=0.00 secs] 
2021-01-21T22:11:42.771+0800: 7.084: [CMS-concurrent-reset-start]
2021-01-21T22:11:42.772+0800: 7.084: [CMS-concurrent-reset: 0.000/0.000 secs] [Times: user=0.00 sys=0.00, real=0.00 secs] 
2021-01-21T22:11:42.783+0800: 7.095: [GC (Allocation Failure) 2021-01-21T22:11:42.784+0800: 7.096: [ParNew: 157108K->157108K(157248K), 0.0003622 secs]2021-01-21T22:11:42.785+0800: 7.097: [CMS: 348138K->349520K(349568K), 0.0500058 secs] 505247K->385142K(506816K), [Metaspace: 2809K->2809K(1056768K)], 0.0516038 secs] [Times: user=0.06 sys=0.00, real=0.05 secs] 
2021-01-21T22:11:42.836+0800: 7.148: [GC (CMS Initial Mark) [1 CMS-initial-mark: 349520K(349568K)] 387804K(506816K), 0.0013039 secs] [Times: user=0.00 sys=0.00, real=0.00 secs] 
2021-01-21T22:11:42.838+0800: 7.150: [CMS-concurrent-mark-start]
2021-01-21T22:11:42.839+0800: 7.151: [CMS-concurrent-mark: 0.001/0.001 secs] [Times: user=0.00 sys=0.00, real=0.01 secs] 
2021-01-21T22:11:42.840+0800: 7.152: [CMS-concurrent-preclean-start]
2021-01-21T22:11:42.841+0800: 7.153: [CMS-concurrent-preclean: 0.001/0.001 secs] [Times: user=0.00 sys=0.00, real=0.00 secs] 
2021-01-21T22:11:42.842+0800: 7.154: [CMS-concurrent-abortable-preclean-start]
2021-01-21T22:11:42.842+0800: 7.154: [CMS-concurrent-abortable-preclean: 0.000/0.000 secs] [Times: user=0.00 sys=0.00, real=0.00 secs] 
2021-01-21T22:11:42.842+0800: 7.155: [GC (CMS Final Remark) [YG occupancy: 66247 K (157248 K)]2021-01-21T22:11:42.843+0800: 7.155: [Rescan (parallel) , 0.0008714 secs]2021-01-21T22:11:42.844+0800: 7.156: [weak refs processing, 0.0003395 secs]2021-01-21T22:11:42.845+0800: 7.157: [class unloading, 0.0004728 secs]2021-01-21T22:11:42.846+0800: 7.158: [scrub symbol table, 0.0007620 secs]2021-01-21T22:11:42.847+0800: 7.159: [scrub string table, 0.0004189 secs][1 CMS-remark: 349520K(349568K)] 415768K(506816K), 0.0050599 secs] [Times: user=0.00 sys=0.00, real=0.00 secs] 
2021-01-21T22:11:42.848+0800: 7.160: [CMS-concurrent-sweep-start]
2021-01-21T22:11:42.849+0800: 7.161: [CMS-concurrent-sweep: 0.000/0.000 secs] [Times: user=0.00 sys=0.00, real=0.00 secs] 
2021-01-21T22:11:42.849+0800: 7.161: [CMS-concurrent-reset-start]
2021-01-21T22:11:42.849+0800: 7.161: [CMS-concurrent-reset: 0.000/0.000 secs] [Times: user=0.00 sys=0.00, real=0.00 secs] 
2021-01-21T22:11:42.859+0800: 7.171: [GC (Allocation Failure) 2021-01-21T22:11:42.860+0800: 7.172: [ParNew: 157181K->157181K(157248K), 0.0003999 secs]2021-01-21T22:11:42.860+0800: 7.172: [CMS: 347839K->349374K(349568K), 0.0499058 secs] 505021K->384956K(506816K), [Metaspace: 2809K->2809K(1056768K)], 0.0515848 secs] [Times: user=0.05 sys=0.00, real=0.05 secs] 
2021-01-21T22:11:42.912+0800: 7.224: [GC (CMS Initial Mark) [1 CMS-initial-mark: 349374K(349568K)] 387776K(506816K), 0.0012354 secs] [Times: user=0.00 sys=0.00, real=0.00 secs] 
2021-01-21T22:11:42.914+0800: 7.226: [CMS-concurrent-mark-start]
2021-01-21T22:11:42.915+0800: 7.227: [CMS-concurrent-mark: 0.001/0.001 secs] [Times: user=0.01 sys=0.01, real=0.00 secs] 
2021-01-21T22:11:42.915+0800: 7.227: [CMS-concurrent-preclean-start]
2021-01-21T22:11:42.916+0800: 7.228: [CMS-concurrent-preclean: 0.001/0.001 secs] [Times: user=0.00 sys=0.00, real=0.00 secs] 
2021-01-21T22:11:42.916+0800: 7.228: [CMS-concurrent-abortable-preclean-start]
2021-01-21T22:11:42.916+0800: 7.228: [CMS-concurrent-abortable-preclean: 0.000/0.000 secs] [Times: user=0.00 sys=0.00, real=0.00 secs] 
2021-01-21T22:11:42.917+0800: 7.229: [GC (CMS Final Remark) [YG occupancy: 64872 K (157248 K)]2021-01-21T22:11:42.917+0800: 7.229: [Rescan (parallel) , 0.0011563 secs]2021-01-21T22:11:42.919+0800: 7.231: [weak refs processing, 0.0002901 secs]2021-01-21T22:11:42.919+0800: 7.231: [class unloading, 0.0005952 secs]2021-01-21T22:11:42.920+0800: 7.232: [scrub symbol table, 0.0006162 secs]2021-01-21T22:11:42.921+0800: 7.233: [scrub string table, 0.0003127 secs][1 CMS-remark: 349374K(349568K)] 414247K(506816K), 0.0046913 secs] [Times: user=0.00 sys=0.00, real=0.01 secs] 
2021-01-21T22:11:42.922+0800: 7.234: [CMS-concurrent-sweep-start]
2021-01-21T22:11:42.922+0800: 7.234: [CMS-concurrent-sweep: 0.000/0.000 secs] [Times: user=0.00 sys=0.00, real=0.00 secs] 
2021-01-21T22:11:42.923+0800: 7.235: [CMS-concurrent-reset-start]
2021-01-21T22:11:42.923+0800: 7.235: [CMS-concurrent-reset: 0.000/0.000 secs] [Times: user=0.00 sys=0.00, real=0.00 secs] 
2021-01-21T22:11:42.933+0800: 7.245: [GC (Allocation Failure) 2021-01-21T22:11:42.933+0800: 7.245: [ParNew: 157024K->157024K(157248K), 0.0003789 secs]2021-01-21T22:11:42.934+0800: 7.246: [CMS: 347688K->349429K(349568K), 0.0500415 secs] 504713K->383446K(506816K), [Metaspace: 2809K->2809K(1056768K)], 0.0517094 secs] [Times: user=0.05 sys=0.00, real=0.05 secs] 
2021-01-21T22:11:42.986+0800: 7.298: [GC (CMS Initial Mark) [1 CMS-initial-mark: 349429K(349568K)] 386895K(506816K), 0.0012350 secs] [Times: user=0.00 sys=0.00, real=0.00 secs] 
2021-01-21T22:11:42.988+0800: 7.300: [CMS-concurrent-mark-start]
2021-01-21T22:11:42.989+0800: 7.301: [CMS-concurrent-mark: 0.001/0.001 secs] [Times: user=0.00 sys=0.00, real=0.01 secs] 
2021-01-21T22:11:42.989+0800: 7.301: [CMS-concurrent-preclean-start]
2021-01-21T22:11:42.991+0800: 7.303: [CMS-concurrent-preclean: 0.001/0.001 secs] [Times: user=0.00 sys=0.00, real=0.00 secs] 
2021-01-21T22:11:42.991+0800: 7.303: [CMS-concurrent-abortable-preclean-start]
2021-01-21T22:11:42.991+0800: 7.303: [CMS-concurrent-abortable-preclean: 0.000/0.000 secs] [Times: user=0.00 sys=0.00, real=0.00 secs] 
2021-01-21T22:11:42.992+0800: 7.304: [GC (CMS Final Remark) [YG occupancy: 63144 K (157248 K)]2021-01-21T22:11:42.992+0800: 7.304: [Rescan (parallel) , 0.0010813 secs]2021-01-21T22:11:42.993+0800: 7.305: [weak refs processing, 0.0003011 secs]2021-01-21T22:11:42.994+0800: 7.306: [class unloading, 0.0003760 secs]2021-01-21T22:11:42.994+0800: 7.307: [scrub symbol table, 0.0004593 secs]2021-01-21T22:11:42.995+0800: 7.307: [scrub string table, 0.0003382 secs][1 CMS-remark: 349429K(349568K)] 412574K(506816K), 0.0038682 secs] [Times: user=0.00 sys=0.00, real=0.00 secs] 
2021-01-21T22:11:42.996+0800: 7.308: [CMS-concurrent-sweep-start]
2021-01-21T22:11:42.997+0800: 7.309: [CMS-concurrent-sweep: 0.000/0.000 secs] [Times: user=0.00 sys=0.00, real=0.00 secs] 
2021-01-21T22:11:42.997+0800: 7.309: [CMS-concurrent-reset-start]
2021-01-21T22:11:42.997+0800: 7.309: [CMS-concurrent-reset: 0.000/0.000 secs] [Times: user=0.00 sys=0.00, real=0.00 secs] 
2021-01-21T22:11:43.007+0800: 7.319: [GC (Allocation Failure) 2021-01-21T22:11:43.007+0800: 7.319: [ParNew: 157222K->157222K(157248K), 0.0003808 secs]2021-01-21T22:11:43.008+0800: 7.320: [CMS: 347934K->349526K(349568K), 0.0514643 secs] 505156K->375085K(506816K), [Metaspace: 2809K->2809K(1056768K)], 0.0531232 secs] [Times: user=0.05 sys=0.00, real=0.06 secs] 
2021-01-21T22:11:43.061+0800: 7.373: [GC (CMS Initial Mark) [1 CMS-initial-mark: 349526K(349568K)] 377631K(506816K), 0.0014662 secs] [Times: user=0.01 sys=0.00, real=0.00 secs] 
2021-01-21T22:11:43.063+0800: 7.375: [CMS-concurrent-mark-start]
2021-01-21T22:11:43.065+0800: 7.377: [CMS-concurrent-mark: 0.002/0.002 secs] [Times: user=0.00 sys=0.00, real=0.00 secs] 
2021-01-21T22:11:43.065+0800: 7.377: [CMS-concurrent-preclean-start]
2021-01-21T22:11:43.066+0800: 7.378: [CMS-concurrent-preclean: 0.001/0.001 secs] [Times: user=0.00 sys=0.00, real=0.00 secs] 
2021-01-21T22:11:43.067+0800: 7.379: [CMS-concurrent-abortable-preclean-start]
2021-01-21T22:11:43.067+0800: 7.379: [CMS-concurrent-abortable-preclean: 0.000/0.000 secs] [Times: user=0.00 sys=0.00, real=0.00 secs] 
2021-01-21T22:11:43.067+0800: 7.379: [GC (CMS Final Remark) [YG occupancy: 60828 K (157248 K)]2021-01-21T22:11:43.068+0800: 7.380: [Rescan (parallel) , 0.0013455 secs]2021-01-21T22:11:43.069+0800: 7.381: [weak refs processing, 0.0002838 secs]2021-01-21T22:11:43.070+0800: 7.382: [class unloading, 0.0004861 secs]2021-01-21T22:11:43.071+0800: 7.383: [scrub symbol table, 0.0005625 secs]2021-01-21T22:11:43.071+0800: 7.383: [scrub string table, 0.0004212 secs][1 CMS-remark: 349526K(349568K)] 410354K(506816K), 0.0047812 secs] [Times: user=0.01 sys=0.00, real=0.01 secs] 
2021-01-21T22:11:43.073+0800: 7.385: [CMS-concurrent-sweep-start]
2021-01-21T22:11:43.073+0800: 7.385: [CMS-concurrent-sweep: 0.000/0.000 secs] [Times: user=0.00 sys=0.00, real=0.00 secs] 
2021-01-21T22:11:43.073+0800: 7.385: [CMS-concurrent-reset-start]
2021-01-21T22:11:43.074+0800: 7.386: [CMS-concurrent-reset: 0.000/0.000 secs] [Times: user=0.00 sys=0.00, real=0.00 secs] 
2021-01-21T22:11:43.086+0800: 7.398: [GC (Allocation Failure) 2021-01-21T22:11:43.086+0800: 7.398: [ParNew: 156825K->156825K(157248K), 0.0003357 secs]2021-01-21T22:11:43.087+0800: 7.399: [CMS: 348919K->348985K(349568K), 0.0489805 secs] 505745K->378252K(506816K), [Metaspace: 2809K->2809K(1056768K)], 0.0505650 secs] [Times: user=0.05 sys=0.00, real=0.05 secs] 
2021-01-21T22:11:43.137+0800: 7.449: [GC (CMS Initial Mark) [1 CMS-initial-mark: 348985K(349568K)] 381480K(506816K), 0.0013901 secs] [Times: user=0.00 sys=0.00, real=0.01 secs] 
2021-01-21T22:11:43.139+0800: 7.452: [CMS-concurrent-mark-start]
2021-01-21T22:11:43.141+0800: 7.453: [CMS-concurrent-mark: 0.002/0.002 secs] [Times: user=0.01 sys=0.00, real=0.00 secs] 
2021-01-21T22:11:43.142+0800: 7.454: [CMS-concurrent-preclean-start]
2021-01-21T22:11:43.144+0800: 7.456: [CMS-concurrent-preclean: 0.001/0.002 secs] [Times: user=0.00 sys=0.00, real=0.00 secs] 
2021-01-21T22:11:43.144+0800: 7.456: [CMS-concurrent-abortable-preclean-start]
2021-01-21T22:11:43.144+0800: 7.456: [CMS-concurrent-abortable-preclean: 0.000/0.000 secs] [Times: user=0.00 sys=0.00, real=0.00 secs] 
2021-01-21T22:11:43.145+0800: 7.457: [GC (CMS Final Remark) [YG occupancy: 56299 K (157248 K)]2021-01-21T22:11:43.145+0800: 7.457: [Rescan (parallel) , 0.0016646 secs]2021-01-21T22:11:43.147+0800: 7.459: [weak refs processing, 0.0003634 secs]2021-01-21T22:11:43.148+0800: 7.460: [class unloading, 0.0005167 secs]2021-01-21T22:11:43.148+0800: 7.460: [scrub symbol table, 0.0006625 secs]2021-01-21T22:11:43.149+0800: 7.461: [scrub string table, 0.0004831 secs][1 CMS-remark: 348985K(349568K)] 405284K(506816K), 0.0054503 secs] [Times: user=0.01 sys=0.00, real=0.01 secs] 
2021-01-21T22:11:43.151+0800: 7.463: [CMS-concurrent-sweep-start]
2021-01-21T22:11:43.151+0800: 7.463: [CMS-concurrent-sweep: 0.000/0.000 secs] [Times: user=0.00 sys=0.00, real=0.00 secs] 
2021-01-21T22:11:43.151+0800: 7.463: [CMS-concurrent-reset-start]
2021-01-21T22:11:43.151+0800: 7.463: [CMS-concurrent-reset: 0.000/0.000 secs] [Times: user=0.00 sys=0.00, real=0.00 secs] 
2021-01-21T22:11:43.163+0800: 7.475: [GC (Allocation Failure) 2021-01-21T22:11:43.163+0800: 7.475: [ParNew: 156517K->156517K(157248K), 0.0003681 secs]2021-01-21T22:11:43.164+0800: 7.476: [CMS: 347958K->349465K(349568K), 0.0485406 secs] 504475K->374406K(506816K), [Metaspace: 2809K->2809K(1056768K)], 0.0503916 secs] [Times: user=0.05 sys=0.00, real=0.05 secs] 
2021-01-21T22:11:43.214+0800: 7.526: [GC (CMS Initial Mark) [1 CMS-initial-mark: 349465K(349568K)] 377699K(506816K), 0.0017811 secs] [Times: user=0.00 sys=0.00, real=0.00 secs] 
2021-01-21T22:11:43.217+0800: 7.529: [CMS-concurrent-mark-start]
2021-01-21T22:11:43.218+0800: 7.530: [CMS-concurrent-mark: 0.001/0.001 secs] [Times: user=0.01 sys=0.00, real=0.00 secs] 
2021-01-21T22:11:43.218+0800: 7.530: [CMS-concurrent-preclean-start]
2021-01-21T22:11:43.219+0800: 7.531: [CMS-concurrent-preclean: 0.001/0.001 secs] [Times: user=0.00 sys=0.00, real=0.00 secs] 
2021-01-21T22:11:43.220+0800: 7.532: [CMS-concurrent-abortable-preclean-start]
2021-01-21T22:11:43.220+0800: 7.532: [CMS-concurrent-abortable-preclean: 0.000/0.000 secs] [Times: user=0.00 sys=0.00, real=0.00 secs] 
2021-01-21T22:11:43.220+0800: 7.532: [GC (CMS Final Remark) [YG occupancy: 51578 K (157248 K)]2021-01-21T22:11:43.221+0800: 7.533: [Rescan (parallel) , 0.0011330 secs]2021-01-21T22:11:43.222+0800: 7.534: [weak refs processing, 0.0003056 secs]2021-01-21T22:11:43.223+0800: 7.535: [class unloading, 0.0004994 secs]2021-01-21T22:11:43.223+0800: 7.535: [scrub symbol table, 0.0005365 secs]2021-01-21T22:11:43.224+0800: 7.536: [scrub string table, 0.0004016 secs][1 CMS-remark: 349465K(349568K)] 401043K(506816K), 0.0046662 secs] [Times: user=0.00 sys=0.00, real=0.00 secs] 
2021-01-21T22:11:43.226+0800: 7.538: [CMS-concurrent-sweep-start]
2021-01-21T22:11:43.226+0800: 7.538: [CMS-concurrent-sweep: 0.000/0.000 secs] [Times: user=0.01 sys=0.00, real=0.00 secs] 
2021-01-21T22:11:43.226+0800: 7.538: [CMS-concurrent-reset-start]
2021-01-21T22:11:43.226+0800: 7.538: [CMS-concurrent-reset: 0.000/0.000 secs] [Times: user=0.00 sys=0.00, real=0.00 secs] 
2021-01-21T22:11:43.239+0800: 7.551: [GC (Allocation Failure) 2021-01-21T22:11:43.240+0800: 7.552: [ParNew: 157027K->157027K(157248K), 0.0004279 secs]2021-01-21T22:11:43.240+0800: 7.553: [CMS: 347655K->349523K(349568K), 0.0464105 secs] 504682K->371148K(506816K), [Metaspace: 2809K->2809K(1056768K)], 0.0481519 secs] [Times: user=0.05 sys=0.00, real=0.04 secs] 
2021-01-21T22:11:43.288+0800: 7.600: [GC (CMS Initial Mark) [1 CMS-initial-mark: 349523K(349568K)] 374832K(506816K), 0.0013689 secs] [Times: user=0.00 sys=0.00, real=0.00 secs] 
2021-01-21T22:11:43.291+0800: 7.603: [CMS-concurrent-mark-start]
2021-01-21T22:11:43.292+0800: 7.604: [CMS-concurrent-mark: 0.001/0.001 secs] [Times: user=0.00 sys=0.00, real=0.00 secs] 
2021-01-21T22:11:43.292+0800: 7.604: [CMS-concurrent-preclean-start]
2021-01-21T22:11:43.293+0800: 7.605: [CMS-concurrent-preclean: 0.001/0.001 secs] [Times: user=0.00 sys=0.00, real=0.00 secs] 
2021-01-21T22:11:43.294+0800: 7.606: [CMS-concurrent-abortable-preclean-start]
2021-01-21T22:11:43.294+0800: 7.606: [CMS-concurrent-abortable-preclean: 0.000/0.000 secs] [Times: user=0.00 sys=0.00, real=0.00 secs] 
2021-01-21T22:11:43.294+0800: 7.606: [GC (CMS Final Remark) [YG occupancy: 54177 K (157248 K)]2021-01-21T22:11:43.295+0800: 7.607: [Rescan (parallel) , 0.0014391 secs]2021-01-21T22:11:43.297+0800: 7.609: [weak refs processing, 0.0003071 secs]2021-01-21T22:11:43.297+0800: 7.609: [class unloading, 0.0006381 secs]2021-01-21T22:11:43.298+0800: 7.610: [scrub symbol table, 0.0005206 secs]2021-01-21T22:11:43.299+0800: 7.611: [scrub string table, 0.0004381 secs][1 CMS-remark: 349523K(349568K)] 403701K(506816K), 0.0054901 secs] [Times: user=0.00 sys=0.00, real=0.01 secs] 
2021-01-21T22:11:43.301+0800: 7.613: [CMS-concurrent-sweep-start]
2021-01-21T22:11:43.301+0800: 7.613: [CMS-concurrent-sweep: 0.000/0.000 secs] [Times: user=0.00 sys=0.00, real=0.00 secs] 
2021-01-21T22:11:43.301+0800: 7.613: [CMS-concurrent-reset-start]
2021-01-21T22:11:43.302+0800: 7.614: [CMS-concurrent-reset: 0.000/0.000 secs] [Times: user=0.00 sys=0.00, real=0.00 secs] 
2021-01-21T22:11:43.312+0800: 7.624: [GC (Allocation Failure) 2021-01-21T22:11:43.313+0800: 7.625: [ParNew: 157246K->157246K(157248K), 0.0003029 secs]2021-01-21T22:11:43.313+0800: 7.626: [CMS: 348655K->348963K(349568K), 0.0491207 secs] 505901K->379798K(506816K), [Metaspace: 2809K->2809K(1056768K)], 0.0509659 secs] [Times: user=0.05 sys=0.00, real=0.05 secs] 
2021-01-21T22:11:43.364+0800: 7.676: [GC (CMS Initial Mark) [1 CMS-initial-mark: 348963K(349568K)] 382726K(506816K), 0.0014150 secs] [Times: user=0.01 sys=0.01, real=0.00 secs] 
2021-01-21T22:11:43.366+0800: 7.678: [CMS-concurrent-mark-start]
2021-01-21T22:11:43.368+0800: 7.680: [CMS-concurrent-mark: 0.001/0.001 secs] [Times: user=0.00 sys=0.00, real=0.00 secs] 
2021-01-21T22:11:43.368+0800: 7.680: [CMS-concurrent-preclean-start]
2021-01-21T22:11:43.369+0800: 7.681: [CMS-concurrent-preclean: 0.001/0.001 secs] [Times: user=0.00 sys=0.00, real=0.00 secs] 
2021-01-21T22:11:43.369+0800: 7.681: [CMS-concurrent-abortable-preclean-start]
2021-01-21T22:11:43.369+0800: 7.681: [CMS-concurrent-abortable-preclean: 0.000/0.000 secs] [Times: user=0.00 sys=0.00, real=0.00 secs] 
2021-01-21T22:11:43.370+0800: 7.682: [GC (CMS Final Remark) [YG occupancy: 58981 K (157248 K)]2021-01-21T22:11:43.370+0800: 7.682: [Rescan (parallel) , 0.0007488 secs]2021-01-21T22:11:43.371+0800: 7.684: [weak refs processing, 0.0003371 secs]2021-01-21T22:11:43.372+0800: 7.684: [class unloading, 0.0005222 secs]2021-01-21T22:11:43.373+0800: 7.685: [scrub symbol table, 0.0006162 secs]2021-01-21T22:11:43.374+0800: 7.686: [scrub string table, 0.0004597 secs][1 CMS-remark: 348963K(349568K)] 407945K(506816K), 0.0045282 secs] [Times: user=0.01 sys=0.00, real=0.00 secs] 
2021-01-21T22:11:43.375+0800: 7.687: [CMS-concurrent-sweep-start]
2021-01-21T22:11:43.376+0800: 7.688: [CMS-concurrent-sweep: 0.000/0.000 secs] [Times: user=0.00 sys=0.00, real=0.00 secs] 
2021-01-21T22:11:43.376+0800: 7.688: [CMS-concurrent-reset-start]
2021-01-21T22:11:43.376+0800: 7.688: [CMS-concurrent-reset: 0.000/0.000 secs] [Times: user=0.00 sys=0.00, real=0.00 secs] 
2021-01-21T22:11:43.387+0800: 7.699: [GC (Allocation Failure) 2021-01-21T22:11:43.388+0800: 7.700: [ParNew: 157188K->157188K(157248K), 0.0003437 secs]2021-01-21T22:11:43.388+0800: 7.700: [CMS: 348289K->349386K(349568K), 0.0480997 secs] 505477K->371097K(506816K), [Metaspace: 2809K->2809K(1056768K)], 0.0497633 secs] [Times: user=0.05 sys=0.00, real=0.05 secs] 
2021-01-21T22:11:43.438+0800: 7.750: [GC (CMS Initial Mark) [1 CMS-initial-mark: 349386K(349568K)] 374447K(506816K), 0.0014837 secs] [Times: user=0.00 sys=0.00, real=0.01 secs] 
2021-01-21T22:11:43.440+0800: 7.752: [CMS-concurrent-mark-start]
2021-01-21T22:11:43.442+0800: 7.754: [CMS-concurrent-mark: 0.002/0.002 secs] [Times: user=0.00 sys=0.00, real=0.00 secs] 
2021-01-21T22:11:43.442+0800: 7.754: [CMS-concurrent-preclean-start]
2021-01-21T22:11:43.444+0800: 7.756: [CMS-concurrent-preclean: 0.001/0.001 secs] [Times: user=0.01 sys=0.00, real=0.00 secs] 
2021-01-21T22:11:43.444+0800: 7.756: [CMS-concurrent-abortable-preclean-start]
2021-01-21T22:11:43.444+0800: 7.756: [CMS-concurrent-abortable-preclean: 0.000/0.000 secs] [Times: user=0.00 sys=0.00, real=0.00 secs] 
2021-01-21T22:11:43.445+0800: 7.757: [GC (CMS Final Remark) [YG occupancy: 58687 K (157248 K)]2021-01-21T22:11:43.445+0800: 7.757: [Rescan (parallel) , 0.0008231 secs]2021-01-21T22:11:43.446+0800: 7.758: [weak refs processing, 0.0004189 secs]2021-01-21T22:11:43.447+0800: 7.759: [class unloading, 0.0007233 secs]2021-01-21T22:11:43.448+0800: 7.760: [scrub symbol table, 0.0006401 secs]2021-01-21T22:11:43.449+0800: 7.761: [scrub string table, 0.0004306 secs][1 CMS-remark: 349386K(349568K)] 408073K(506816K), 0.0049782 secs] [Times: user=0.00 sys=0.00, real=0.01 secs] 
2021-01-21T22:11:43.450+0800: 7.762: [CMS-concurrent-sweep-start]
2021-01-21T22:11:43.451+0800: 7.763: [CMS-concurrent-sweep: 0.000/0.000 secs] [Times: user=0.00 sys=0.00, real=0.00 secs] 
2021-01-21T22:11:43.451+0800: 7.763: [CMS-concurrent-reset-start]
2021-01-21T22:11:43.451+0800: 7.763: [CMS-concurrent-reset: 0.000/0.000 secs] [Times: user=0.00 sys=0.00, real=0.00 secs] 
2021-01-21T22:11:43.463+0800: 7.775: [GC (Allocation Failure) 2021-01-21T22:11:43.463+0800: 7.775: [ParNew: 157232K->157232K(157248K), 0.0004769 secs]2021-01-21T22:11:43.464+0800: 7.776: [CMS: 347190K->349549K(349568K), 0.0478365 secs] 504422K->373193K(506816K), [Metaspace: 2809K->2809K(1056768K)], 0.0500091 secs] [Times: user=0.04 sys=0.00, real=0.05 secs] 
2021-01-21T22:11:43.514+0800: 7.826: [GC (CMS Initial Mark) [1 CMS-initial-mark: 349549K(349568K)] 375941K(506816K), 0.0015145 secs] [Times: user=0.01 sys=0.00, real=0.00 secs] 
2021-01-21T22:11:43.516+0800: 7.829: [CMS-concurrent-mark-start]
2021-01-21T22:11:43.518+0800: 7.830: [CMS-concurrent-mark: 0.001/0.001 secs] [Times: user=0.00 sys=0.00, real=0.00 secs] 
2021-01-21T22:11:43.518+0800: 7.830: [CMS-concurrent-preclean-start]
2021-01-21T22:11:43.519+0800: 7.831: [CMS-concurrent-preclean: 0.001/0.001 secs] [Times: user=0.00 sys=0.00, real=0.00 secs] 
2021-01-21T22:11:43.520+0800: 7.832: [CMS-concurrent-abortable-preclean-start]
2021-01-21T22:11:43.520+0800: 7.832: [CMS-concurrent-abortable-preclean: 0.000/0.000 secs] [Times: user=0.00 sys=0.00, real=0.00 secs] 
2021-01-21T22:11:43.520+0800: 7.832: [GC (CMS Final Remark) [YG occupancy: 54224 K (157248 K)]2021-01-21T22:11:43.521+0800: 7.833: [Rescan (parallel) , 0.0007567 secs]2021-01-21T22:11:43.522+0800: 7.834: [weak refs processing, 0.0003421 secs]2021-01-21T22:11:43.522+0800: 7.834: [class unloading, 0.0005732 secs]2021-01-21T22:11:43.523+0800: 7.835: [scrub symbol table, 0.0005353 secs]2021-01-21T22:11:43.524+0800: 7.836: [scrub string table, 0.0004136 secs][1 CMS-remark: 349549K(349568K)] 403773K(506816K), 0.0045967 secs] [Times: user=0.00 sys=0.01, real=0.00 secs] 
2021-01-21T22:11:43.526+0800: 7.838: [CMS-concurrent-sweep-start]
2021-01-21T22:11:43.526+0800: 7.838: [CMS-concurrent-sweep: 0.000/0.000 secs] [Times: user=0.00 sys=0.00, real=0.00 secs] 
2021-01-21T22:11:43.526+0800: 7.838: [CMS-concurrent-reset-start]
2021-01-21T22:11:43.526+0800: 7.838: [CMS-concurrent-reset: 0.000/0.000 secs] [Times: user=0.00 sys=0.00, real=0.00 secs] 
2021-01-21T22:11:43.539+0800: 7.851: [GC (Allocation Failure) 2021-01-21T22:11:43.540+0800: 7.852: [ParNew: 157128K->157128K(157248K), 0.0003782 secs]2021-01-21T22:11:43.540+0800: 7.852: [CMS: 348469K->349362K(349568K), 0.0510042 secs] 505597K->373325K(506816K), [Metaspace: 2809K->2809K(1056768K)], 0.0525505 secs] [Times: user=0.05 sys=0.00, real=0.05 secs] 
2021-01-21T22:11:43.593+0800: 7.905: [GC (CMS Initial Mark) [1 CMS-initial-mark: 349362K(349568K)] 376572K(506816K), 0.0013739 secs] [Times: user=0.01 sys=0.00, real=0.00 secs] 
2021-01-21T22:11:43.594+0800: 7.907: [CMS-concurrent-mark-start]
2021-01-21T22:11:43.596+0800: 7.908: [CMS-concurrent-mark: 0.001/0.001 secs] [Times: user=0.00 sys=0.00, real=0.00 secs] 
2021-01-21T22:11:43.596+0800: 7.908: [CMS-concurrent-preclean-start]
2021-01-21T22:11:43.597+0800: 7.910: [CMS-concurrent-preclean: 0.001/0.001 secs] [Times: user=0.00 sys=0.00, real=0.00 secs] 
2021-01-21T22:11:43.598+0800: 7.910: [CMS-concurrent-abortable-preclean-start]
2021-01-21T22:11:43.598+0800: 7.910: [CMS-concurrent-abortable-preclean: 0.000/0.000 secs] [Times: user=0.00 sys=0.00, real=0.00 secs] 
2021-01-21T22:11:43.599+0800: 7.911: [GC (CMS Final Remark) [YG occupancy: 59407 K (157248 K)]2021-01-21T22:11:43.599+0800: 7.911: [Rescan (parallel) , 0.0037274 secs]2021-01-21T22:11:43.603+0800: 7.915: [weak refs processing, 0.0004057 secs]2021-01-21T22:11:43.604+0800: 7.916: [class unloading, 0.0006150 secs]2021-01-21T22:11:43.605+0800: 7.917: [scrub symbol table, 0.0004328 secs]2021-01-21T22:11:43.605+0800: 7.917: [scrub string table, 0.0003243 secs][1 CMS-remark: 349362K(349568K)] 408770K(506816K), 0.0071526 secs] [Times: user=0.03 sys=0.00, real=0.00 secs] 
2021-01-21T22:11:43.606+0800: 7.918: [CMS-concurrent-sweep-start]
2021-01-21T22:11:43.606+0800: 7.919: [CMS-concurrent-sweep: 0.000/0.000 secs] [Times: user=0.00 sys=0.00, real=0.00 secs] 
2021-01-21T22:11:43.607+0800: 7.919: [CMS-concurrent-reset-start]
2021-01-21T22:11:43.607+0800: 7.919: [CMS-concurrent-reset: 0.000/0.000 secs] [Times: user=0.00 sys=0.00, real=0.00 secs] 
2021-01-21T22:11:43.619+0800: 7.931: [GC (Allocation Failure) 2021-01-21T22:11:43.619+0800: 7.931: [ParNew: 157050K->157050K(157248K), 0.0004040 secs]2021-01-21T22:11:43.620+0800: 7.932: [CMS: 348186K->349516K(349568K), 0.0477272 secs] 505237K->377814K(506816K), [Metaspace: 2809K->2809K(1056768K)], 0.0495005 secs] [Times: user=0.05 sys=0.00, real=0.05 secs] 
2021-01-21T22:11:43.669+0800: 7.982: [GC (CMS Initial Mark) [1 CMS-initial-mark: 349516K(349568K)] 381195K(506816K), 0.0016896 secs] [Times: user=0.00 sys=0.00, real=0.00 secs] 
2021-01-21T22:11:43.672+0800: 7.984: [CMS-concurrent-mark-start]
2021-01-21T22:11:43.673+0800: 7.985: [CMS-concurrent-mark: 0.001/0.001 secs] [Times: user=0.00 sys=0.00, real=0.00 secs] 
2021-01-21T22:11:43.674+0800: 7.986: [CMS-concurrent-preclean-start]
2021-01-21T22:11:43.675+0800: 7.987: [CMS-concurrent-preclean: 0.001/0.001 secs] [Times: user=0.00 sys=0.00, real=0.00 secs] 
2021-01-21T22:11:43.675+0800: 7.987: [CMS-concurrent-abortable-preclean-start]
2021-01-21T22:11:43.675+0800: 7.987: [CMS-concurrent-abortable-preclean: 0.000/0.000 secs] [Times: user=0.00 sys=0.00, real=0.00 secs] 
2021-01-21T22:11:43.676+0800: 7.988: [GC (CMS Final Remark) [YG occupancy: 53372 K (157248 K)]2021-01-21T22:11:43.677+0800: 7.989: [Rescan (parallel) , 0.0014099 secs]2021-01-21T22:11:43.678+0800: 7.990: [weak refs processing, 0.0005994 secs]2021-01-21T22:11:43.679+0800: 7.991: [class unloading, 0.0006732 secs]2021-01-21T22:11:43.680+0800: 7.992: [scrub symbol table, 0.0005618 secs]2021-01-21T22:11:43.681+0800: 7.993: [scrub string table, 0.0003732 secs][1 CMS-remark: 349516K(349568K)] 402888K(506816K), 0.0055408 secs] [Times: user=0.00 sys=0.00, real=0.01 secs] 
2021-01-21T22:11:43.682+0800: 7.994: [CMS-concurrent-sweep-start]
2021-01-21T22:11:43.683+0800: 7.995: [CMS-concurrent-sweep: 0.000/0.000 secs] [Times: user=0.00 sys=0.00, real=0.00 secs] 
2021-01-21T22:11:43.683+0800: 7.995: [CMS-concurrent-reset-start]
2021-01-21T22:11:43.683+0800: 7.995: [CMS-concurrent-reset: 0.000/0.000 secs] [Times: user=0.00 sys=0.00, real=0.00 secs] 
2021-01-21T22:11:43.695+0800: 8.007: [GC (Allocation Failure) 2021-01-21T22:11:43.696+0800: 8.008: [ParNew: 157212K->157212K(157248K), 0.0003833 secs]2021-01-21T22:11:43.696+0800: 8.008: [CMS: 348718K->349515K(349568K), 0.0477711 secs] 505930K->374971K(506816K), [Metaspace: 2809K->2809K(1056768K)], 0.0494125 secs] [Times: user=0.04 sys=0.00, real=0.05 secs] 
2021-01-21T22:11:43.746+0800: 8.058: [GC (CMS Initial Mark) [1 CMS-initial-mark: 349515K(349568K)] 377717K(506816K), 0.0013932 secs] [Times: user=0.01 sys=0.00, real=0.00 secs] 
2021-01-21T22:11:43.748+0800: 8.060: [CMS-concurrent-mark-start]
2021-01-21T22:11:43.750+0800: 8.062: [CMS-concurrent-mark: 0.002/0.002 secs] [Times: user=0.00 sys=0.00, real=0.01 secs] 
2021-01-21T22:11:43.750+0800: 8.062: [CMS-concurrent-preclean-start]
2021-01-21T22:11:43.751+0800: 8.063: [CMS-concurrent-preclean: 0.001/0.001 secs] [Times: user=0.00 sys=0.00, real=0.00 secs] 
2021-01-21T22:11:43.752+0800: 8.064: [CMS-concurrent-abortable-preclean-start]
2021-01-21T22:11:43.752+0800: 8.064: [CMS-concurrent-abortable-preclean: 0.000/0.000 secs] [Times: user=0.00 sys=0.00, real=0.00 secs] 
2021-01-21T22:11:43.753+0800: 8.065: [GC (CMS Final Remark) [YG occupancy: 59533 K (157248 K)]2021-01-21T22:11:43.753+0800: 8.065: [Rescan (parallel) , 0.0012319 secs]2021-01-21T22:11:43.754+0800: 8.067: [weak refs processing, 0.0003351 secs]2021-01-21T22:11:43.755+0800: 8.067: [class unloading, 0.0005420 secs]2021-01-21T22:11:43.756+0800: 8.068: [scrub symbol table, 0.0006089 secs]2021-01-21T22:11:43.757+0800: 8.069: [scrub string table, 0.0003849 secs][1 CMS-remark: 349515K(349568K)] 409049K(506816K), 0.0049756 secs] [Times: user=0.00 sys=0.00, real=0.00 secs] 
2021-01-21T22:11:43.758+0800: 8.070: [CMS-concurrent-sweep-start]
2021-01-21T22:11:43.759+0800: 8.071: [CMS-concurrent-sweep: 0.000/0.000 secs] [Times: user=0.00 sys=0.00, real=0.00 secs] 
2021-01-21T22:11:43.759+0800: 8.071: [CMS-concurrent-reset-start]
2021-01-21T22:11:43.759+0800: 8.071: [CMS-concurrent-reset: 0.000/0.000 secs] [Times: user=0.00 sys=0.00, real=0.00 secs] 
2021-01-21T22:11:43.770+0800: 8.082: [GC (Allocation Failure) 2021-01-21T22:11:43.771+0800: 8.083: [ParNew: 157161K->157161K(157248K), 0.0003477 secs]2021-01-21T22:11:43.771+0800: 8.083: [CMS: 348550K->349492K(349568K), 0.0489970 secs] 505711K->375241K(506816K), [Metaspace: 2809K->2809K(1056768K)], 0.0507292 secs] [Times: user=0.05 sys=0.00, real=0.05 secs] 
2021-01-21T22:11:43.822+0800: 8.134: [GC (CMS Initial Mark) [1 CMS-initial-mark: 349492K(349568K)] 378267K(506816K), 0.0018757 secs] [Times: user=0.00 sys=0.00, real=0.00 secs] 
2021-01-21T22:11:43.825+0800: 8.137: [CMS-concurrent-mark-start]
2021-01-21T22:11:43.826+0800: 8.138: [CMS-concurrent-mark: 0.001/0.001 secs] [Times: user=0.01 sys=0.00, real=0.00 secs] 
2021-01-21T22:11:43.826+0800: 8.138: [CMS-concurrent-preclean-start]
2021-01-21T22:11:43.827+0800: 8.139: [CMS-concurrent-preclean: 0.001/0.001 secs] [Times: user=0.00 sys=0.00, real=0.00 secs] 
2021-01-21T22:11:43.828+0800: 8.140: [CMS-concurrent-abortable-preclean-start]
2021-01-21T22:11:43.828+0800: 8.140: [CMS-concurrent-abortable-preclean: 0.000/0.000 secs] [Times: user=0.00 sys=0.00, real=0.00 secs] 
2021-01-21T22:11:43.828+0800: 8.141: [GC (CMS Final Remark) [YG occupancy: 59436 K (157248 K)]2021-01-21T22:11:43.829+0800: 8.141: [Rescan (parallel) , 0.0016550 secs]2021-01-21T22:11:43.831+0800: 8.143: [weak refs processing, 0.0002873 secs]2021-01-21T22:11:43.832+0800: 8.144: [class unloading, 0.0004533 secs]2021-01-21T22:11:43.832+0800: 8.144: [scrub symbol table, 0.0005239 secs]2021-01-21T22:11:43.833+0800: 8.145: [scrub string table, 0.0004256 secs][1 CMS-remark: 349492K(349568K)] 408928K(506816K), 0.0051841 secs] [Times: user=0.01 sys=0.00, real=0.00 secs] 
2021-01-21T22:11:43.834+0800: 8.146: [CMS-concurrent-sweep-start]
2021-01-21T22:11:43.835+0800: 8.147: [CMS-concurrent-sweep: 0.000/0.000 secs] [Times: user=0.00 sys=0.00, real=0.00 secs] 
2021-01-21T22:11:43.835+0800: 8.147: [CMS-concurrent-reset-start]
2021-01-21T22:11:43.835+0800: 8.147: [CMS-concurrent-reset: 0.000/0.000 secs] [Times: user=0.00 sys=0.00, real=0.00 secs] 
2021-01-21T22:11:43.847+0800: 8.159: [GC (Allocation Failure) 2021-01-21T22:11:43.848+0800: 8.160: [ParNew: 157082K->157082K(157248K), 0.0003720 secs]2021-01-21T22:11:43.848+0800: 8.160: [CMS: 347087K->349567K(349568K), 0.0487793 secs] 504170K->374781K(506816K), [Metaspace: 2809K->2809K(1056768K)], 0.0504435 secs] [Times: user=0.05 sys=0.00, real=0.05 secs] 
2021-01-21T22:11:43.899+0800: 8.211: [GC (CMS Initial Mark) [1 CMS-initial-mark: 349567K(349568K)] 377645K(506816K), 0.0015377 secs] [Times: user=0.00 sys=0.00, real=0.00 secs] 
2021-01-21T22:11:43.901+0800: 8.213: [CMS-concurrent-mark-start]
2021-01-21T22:11:43.903+0800: 8.215: [CMS-concurrent-mark: 0.002/0.002 secs] [Times: user=0.01 sys=0.00, real=0.00 secs] 
2021-01-21T22:11:43.903+0800: 8.215: [CMS-concurrent-preclean-start]
2021-01-21T22:11:43.904+0800: 8.216: [CMS-concurrent-preclean: 0.001/0.001 secs] [Times: user=0.00 sys=0.00, real=0.00 secs] 
2021-01-21T22:11:43.905+0800: 8.217: [CMS-concurrent-abortable-preclean-start]
2021-01-21T22:11:43.905+0800: 8.217: [CMS-concurrent-abortable-preclean: 0.000/0.000 secs] [Times: user=0.00 sys=0.00, real=0.00 secs] 
2021-01-21T22:11:43.905+0800: 8.217: [GC (CMS Final Remark) [YG occupancy: 54104 K (157248 K)]2021-01-21T22:11:43.906+0800: 8.218: [Rescan (parallel) , 0.0008382 secs]2021-01-21T22:11:43.907+0800: 8.219: [weak refs processing, 0.0003307 secs]2021-01-21T22:11:43.908+0800: 8.220: [class unloading, 0.0004840 secs]2021-01-21T22:11:43.908+0800: 8.220: [scrub symbol table, 0.0006525 secs]2021-01-21T22:11:43.909+0800: 8.221: [scrub string table, 0.0004765 secs][1 CMS-remark: 349567K(349568K)] 403671K(506816K), 0.0048100 secs] [Times: user=0.01 sys=0.00, real=0.01 secs] 
2021-01-21T22:11:43.911+0800: 8.223: [CMS-concurrent-sweep-start]
2021-01-21T22:11:43.911+0800: 8.223: [CMS-concurrent-sweep: 0.000/0.000 secs] [Times: user=0.00 sys=0.00, real=0.00 secs] 
2021-01-21T22:11:43.911+0800: 8.224: [CMS-concurrent-reset-start]
2021-01-21T22:11:43.912+0800: 8.224: [CMS-concurrent-reset: 0.000/0.000 secs] [Times: user=0.00 sys=0.00, real=0.00 secs] 
2021-01-21T22:11:43.924+0800: 8.236: [GC (Allocation Failure) 2021-01-21T22:11:43.925+0800: 8.237: [ParNew: 157182K->157182K(157248K), 0.0003855 secs]2021-01-21T22:11:43.926+0800: 8.238: [CMS: 347614K->349541K(349568K), 0.0495650 secs] 504797K->379947K(506816K), [Metaspace: 2809K->2809K(1056768K)], 0.0512596 secs] [Times: user=0.05 sys=0.00, real=0.05 secs] 
2021-01-21T22:11:43.977+0800: 8.289: [GC (CMS Initial Mark) [1 CMS-initial-mark: 349541K(349568K)] 382999K(506816K), 0.0014524 secs] [Times: user=0.00 sys=0.00, real=0.01 secs] 
2021-01-21T22:11:43.979+0800: 8.291: [CMS-concurrent-mark-start]
2021-01-21T22:11:43.981+0800: 8.293: [CMS-concurrent-mark: 0.003/0.003 secs] [Times: user=0.00 sys=0.01, real=0.00 secs] 
2021-01-21T22:11:43.982+0800: 8.294: [CMS-concurrent-preclean-start]
2021-01-21T22:11:43.983+0800: 8.295: [CMS-concurrent-preclean: 0.001/0.001 secs] [Times: user=0.00 sys=0.00, real=0.00 secs] 
2021-01-21T22:11:43.983+0800: 8.295: [CMS-concurrent-abortable-preclean-start]
2021-01-21T22:11:43.983+0800: 8.295: [CMS-concurrent-abortable-preclean: 0.000/0.000 secs] [Times: user=0.00 sys=0.00, real=0.00 secs] 
2021-01-21T22:11:43.984+0800: 8.296: [GC (CMS Final Remark) [YG occupancy: 62402 K (157248 K)]2021-01-21T22:11:43.984+0800: 8.296: [Rescan (parallel) , 0.0013847 secs]2021-01-21T22:11:43.986+0800: 8.298: [weak refs processing, 0.0002668 secs]2021-01-21T22:11:43.986+0800: 8.298: [class unloading, 0.0003853 secs]2021-01-21T22:11:43.987+0800: 8.299: [scrub symbol table, 0.0004474 secs]2021-01-21T22:11:43.988+0800: 8.300: [scrub string table, 0.0002932 secs][1 CMS-remark: 349541K(349568K)] 411943K(506816K), 0.0041536 secs] [Times: user=0.01 sys=0.00, real=0.01 secs] 
2021-01-21T22:11:43.988+0800: 8.300: [CMS-concurrent-sweep-start]
2021-01-21T22:11:43.989+0800: 8.301: [CMS-concurrent-sweep: 0.000/0.000 secs] [Times: user=0.00 sys=0.00, real=0.00 secs] 
2021-01-21T22:11:43.989+0800: 8.301: [CMS-concurrent-reset-start]
2021-01-21T22:11:43.989+0800: 8.301: [CMS-concurrent-reset: 0.000/0.000 secs] [Times: user=0.00 sys=0.00, real=0.00 secs] 
2021-01-21T22:11:44.000+0800: 8.312: [GC (Allocation Failure) 2021-01-21T22:11:44.000+0800: 8.312: [ParNew: 157099K->157099K(157248K), 0.0003851 secs]2021-01-21T22:11:44.001+0800: 8.313: [CMS: 348648K->349502K(349568K), 0.0480890 secs] 505747K->382958K(506816K), [Metaspace: 2809K->2809K(1056768K)], 0.0497680 secs] [Times: user=0.05 sys=0.00, real=0.05 secs] 
2021-01-21T22:11:44.050+0800: 8.362: [GC (CMS Initial Mark) [1 CMS-initial-mark: 349502K(349568K)] 386614K(506816K), 0.0012741 secs] [Times: user=0.00 sys=0.00, real=0.00 secs] 
2021-01-21T22:11:44.052+0800: 8.364: [CMS-concurrent-mark-start]
2021-01-21T22:11:44.054+0800: 8.366: [CMS-concurrent-mark: 0.001/0.001 secs] [Times: user=0.00 sys=0.00, real=0.00 secs] 
2021-01-21T22:11:44.054+0800: 8.366: [CMS-concurrent-preclean-start]
2021-01-21T22:11:44.055+0800: 8.367: [CMS-concurrent-preclean: 0.001/0.001 secs] [Times: user=0.01 sys=0.00, real=0.00 secs] 
2021-01-21T22:11:44.056+0800: 8.368: [CMS-concurrent-abortable-preclean-start]
2021-01-21T22:11:44.056+0800: 8.368: [CMS-concurrent-abortable-preclean: 0.000/0.000 secs] [Times: user=0.00 sys=0.00, real=0.00 secs] 
2021-01-21T22:11:44.056+0800: 8.368: [GC (CMS Final Remark) [YG occupancy: 62576 K (157248 K)]2021-01-21T22:11:44.057+0800: 8.369: [Rescan (parallel) , 0.0007982 secs]2021-01-21T22:11:44.058+0800: 8.370: [weak refs processing, 0.0002900 secs]2021-01-21T22:11:44.059+0800: 8.371: [class unloading, 0.0005286 secs]2021-01-21T22:11:44.059+0800: 8.371: [scrub symbol table, 0.0008575 secs]2021-01-21T22:11:44.061+0800: 8.373: [scrub string table, 0.0005007 secs][1 CMS-remark: 349502K(349568K)] 412079K(506816K), 0.0049005 secs] [Times: user=0.00 sys=0.00, real=0.01 secs] 
2021-01-21T22:11:44.062+0800: 8.374: [CMS-concurrent-sweep-start]
2021-01-21T22:11:44.062+0800: 8.374: [CMS-concurrent-sweep: 0.000/0.000 secs] [Times: user=0.00 sys=0.00, real=0.00 secs] 
2021-01-21T22:11:44.063+0800: 8.375: [CMS-concurrent-reset-start]
2021-01-21T22:11:44.063+0800: 8.375: [CMS-concurrent-reset: 0.000/0.000 secs] [Times: user=0.00 sys=0.00, real=0.00 secs] 
2021-01-21T22:11:44.074+0800: 8.386: [GC (Allocation Failure) 2021-01-21T22:11:44.075+0800: 8.387: [ParNew: 157136K->157136K(157248K), 0.0004626 secs]2021-01-21T22:11:44.076+0800: 8.388: [CMS: 347992K->349486K(349568K), 0.0473463 secs] 505128K->378314K(506816K), [Metaspace: 2809K->2809K(1056768K)], 0.0493518 secs] [Times: user=0.04 sys=0.00, real=0.05 secs] 
2021-01-21T22:11:44.125+0800: 8.437: [GC (CMS Initial Mark) [1 CMS-initial-mark: 349486K(349568K)] 381001K(506816K), 0.0014427 secs] [Times: user=0.00 sys=0.00, real=0.00 secs] 
2021-01-21T22:11:44.127+0800: 8.439: [CMS-concurrent-mark-start]
2021-01-21T22:11:44.128+0800: 8.440: [CMS-concurrent-mark: 0.001/0.001 secs] [Times: user=0.00 sys=0.00, real=0.00 secs] 
2021-01-21T22:11:44.129+0800: 8.441: [CMS-concurrent-preclean-start]
2021-01-21T22:11:44.130+0800: 8.442: [CMS-concurrent-preclean: 0.001/0.001 secs] [Times: user=0.00 sys=0.00, real=0.00 secs] 
2021-01-21T22:11:44.130+0800: 8.442: [CMS-concurrent-abortable-preclean-start]
2021-01-21T22:11:44.130+0800: 8.442: [CMS-concurrent-abortable-preclean: 0.000/0.000 secs] [Times: user=0.00 sys=0.00, real=0.00 secs] 
2021-01-21T22:11:44.131+0800: 8.443: [GC (CMS Final Remark) [YG occupancy: 57417 K (157248 K)]2021-01-21T22:11:44.131+0800: 8.443: [Rescan (parallel) , 0.0015863 secs]2021-01-21T22:11:44.133+0800: 8.445: [weak refs processing, 0.0003242 secs]2021-01-21T22:11:44.133+0800: 8.446: [class unloading, 0.0005830 secs]2021-01-21T22:11:44.134+0800: 8.446: [scrub symbol table, 0.0007177 secs]2021-01-21T22:11:44.135+0800: 8.447: [scrub string table, 0.0004085 secs][1 CMS-remark: 349486K(349568K)] 406903K(506816K), 0.0055378 secs] [Times: user=0.01 sys=0.00, real=0.00 secs] 
2021-01-21T22:11:44.137+0800: 8.449: [CMS-concurrent-sweep-start]
2021-01-21T22:11:44.138+0800: 8.450: [CMS-concurrent-sweep: 0.000/0.000 secs] [Times: user=0.00 sys=0.00, real=0.00 secs] 
2021-01-21T22:11:44.138+0800: 8.450: [CMS-concurrent-reset-start]
2021-01-21T22:11:44.138+0800: 8.450: [CMS-concurrent-reset: 0.000/0.000 secs] [Times: user=0.00 sys=0.00, real=0.01 secs] 
2021-01-21T22:11:44.150+0800: 8.462: [GC (Allocation Failure) 2021-01-21T22:11:44.150+0800: 8.462: [ParNew: 156839K->156839K(157248K), 0.0004166 secs]2021-01-21T22:11:44.151+0800: 8.463: [CMS: 347952K->349015K(349568K), 0.0523564 secs] 504791K->380123K(506816K), [Metaspace: 2809K->2809K(1056768K)], 0.0539966 secs] [Times: user=0.06 sys=0.00, real=0.05 secs] 
2021-01-21T22:11:44.205+0800: 8.517: [GC (CMS Initial Mark) [1 CMS-initial-mark: 349015K(349568K)] 383122K(506816K), 0.0010539 secs] [Times: user=0.00 sys=0.00, real=0.00 secs] 
2021-01-21T22:11:44.207+0800: 8.519: [CMS-concurrent-mark-start]
2021-01-21T22:11:44.208+0800: 8.520: [CMS-concurrent-mark: 0.002/0.002 secs] [Times: user=0.00 sys=0.01, real=0.01 secs] 
2021-01-21T22:11:44.209+0800: 8.521: [CMS-concurrent-preclean-start]
2021-01-21T22:11:44.210+0800: 8.522: [CMS-concurrent-preclean: 0.001/0.001 secs] [Times: user=0.00 sys=0.00, real=0.00 secs] 
2021-01-21T22:11:44.210+0800: 8.522: [CMS-concurrent-abortable-preclean-start]
2021-01-21T22:11:44.210+0800: 8.522: [CMS-concurrent-abortable-preclean: 0.000/0.000 secs] [Times: user=0.00 sys=0.00, real=0.00 secs] 
2021-01-21T22:11:44.210+0800: 8.522: [GC (CMS Final Remark) [YG occupancy: 61114 K (157248 K)]2021-01-21T22:11:44.211+0800: 8.523: [Rescan (parallel) , 0.0008796 secs]2021-01-21T22:11:44.212+0800: 8.524: [weak refs processing, 0.0003520 secs]2021-01-21T22:11:44.213+0800: 8.525: [class unloading, 0.0005426 secs]2021-01-21T22:11:44.213+0800: 8.525: [scrub symbol table, 0.0006467 secs]2021-01-21T22:11:44.214+0800: 8.526: [scrub string table, 0.0003720 secs][1 CMS-remark: 349015K(349568K)] 410129K(506816K), 0.0044251 secs] [Times: user=0.00 sys=0.00, real=0.00 secs] 
2021-01-21T22:11:44.215+0800: 8.527: [CMS-concurrent-sweep-start]
2021-01-21T22:11:44.216+0800: 8.528: [CMS-concurrent-sweep: 0.000/0.000 secs] [Times: user=0.00 sys=0.00, real=0.00 secs] 
2021-01-21T22:11:44.216+0800: 8.528: [CMS-concurrent-reset-start]
2021-01-21T22:11:44.216+0800: 8.528: [CMS-concurrent-reset: 0.000/0.000 secs] [Times: user=0.00 sys=0.00, real=0.00 secs] 
2021-01-21T22:11:44.227+0800: 8.540: [GC (Allocation Failure) 2021-01-21T22:11:44.228+0800: 8.540: [ParNew: 157009K->157009K(157248K), 0.0003557 secs]2021-01-21T22:11:44.229+0800: 8.541: [CMS: 349015K->349105K(349568K), 0.0518136 secs] 506024K->379938K(506816K), [Metaspace: 2809K->2809K(1056768K)], 0.0536466 secs] [Times: user=0.06 sys=0.00, real=0.06 secs] 
2021-01-21T22:11:44.282+0800: 8.595: [GC (CMS Initial Mark) [1 CMS-initial-mark: 349105K(349568K)] 382825K(506816K), 0.0012972 secs] [Times: user=0.00 sys=0.00, real=0.00 secs] 
2021-01-21T22:11:44.285+0800: 8.597: [CMS-concurrent-mark-start]
2021-01-21T22:11:44.287+0800: 8.599: [CMS-concurrent-mark: 0.002/0.002 secs] [Times: user=0.00 sys=0.00, real=0.00 secs] 
2021-01-21T22:11:44.287+0800: 8.599: [CMS-concurrent-preclean-start]
2021-01-21T22:11:44.289+0800: 8.601: [CMS-concurrent-preclean: 0.001/0.001 secs] [Times: user=0.00 sys=0.00, real=0.01 secs] 
2021-01-21T22:11:44.289+0800: 8.601: [CMS-concurrent-abortable-preclean-start]
2021-01-21T22:11:44.289+0800: 8.601: [CMS-concurrent-abortable-preclean: 0.000/0.000 secs] [Times: user=0.00 sys=0.00, real=0.00 secs] 
2021-01-21T22:11:44.290+0800: 8.602: [GC (CMS Final Remark) [YG occupancy: 67822 K (157248 K)]2021-01-21T22:11:44.290+0800: 8.602: [Rescan (parallel) , 0.0007704 secs]2021-01-21T22:11:44.291+0800: 8.603: [weak refs processing, 0.0003432 secs]2021-01-21T22:11:44.292+0800: 8.604: [class unloading, 0.0004352 secs]2021-01-21T22:11:44.293+0800: 8.605: [scrub symbol table, 0.0005392 secs]2021-01-21T22:11:44.293+0800: 8.605: [scrub string table, 0.0003754 secs][1 CMS-remark: 349105K(349568K)] 416928K(506816K), 0.0042943 secs] [Times: user=0.00 sys=0.00, real=0.00 secs] 
2021-01-21T22:11:44.295+0800: 8.607: [CMS-concurrent-sweep-start]
2021-01-21T22:11:44.295+0800: 8.607: [CMS-concurrent-sweep: 0.000/0.000 secs] [Times: user=0.00 sys=0.00, real=0.00 secs] 
2021-01-21T22:11:44.295+0800: 8.607: [CMS-concurrent-reset-start]
2021-01-21T22:11:44.296+0800: 8.608: [CMS-concurrent-reset: 0.000/0.000 secs] [Times: user=0.00 sys=0.00, real=0.00 secs] 
2021-01-21T22:11:44.306+0800: 8.618: [GC (Allocation Failure) 2021-01-21T22:11:44.306+0800: 8.618: [ParNew: 157183K->157183K(157248K), 0.0004429 secs]2021-01-21T22:11:44.307+0800: 8.619: [CMS: 348011K->349278K(349568K), 0.0507805 secs] 505195K->377352K(506816K), [Metaspace: 2809K->2809K(1056768K)], 0.0524991 secs] [Times: user=0.05 sys=0.00, real=0.06 secs] 
2021-01-21T22:11:44.359+0800: 8.671: [GC (CMS Initial Mark) [1 CMS-initial-mark: 349278K(349568K)] 380022K(506816K), 0.0016788 secs] [Times: user=0.00 sys=0.00, real=0.00 secs] 
2021-01-21T22:11:44.362+0800: 8.674: [CMS-concurrent-mark-start]
2021-01-21T22:11:44.363+0800: 8.675: [CMS-concurrent-mark: 0.001/0.001 secs] [Times: user=0.00 sys=0.00, real=0.00 secs] 
2021-01-21T22:11:44.364+0800: 8.676: [CMS-concurrent-preclean-start]
2021-01-21T22:11:44.365+0800: 8.677: [CMS-concurrent-preclean: 0.001/0.001 secs] [Times: user=0.01 sys=0.00, real=0.00 secs] 
2021-01-21T22:11:44.365+0800: 8.677: [CMS-concurrent-abortable-preclean-start]
2021-01-21T22:11:44.365+0800: 8.677: [CMS-concurrent-abortable-preclean: 0.000/0.000 secs] [Times: user=0.00 sys=0.00, real=0.00 secs] 
2021-01-21T22:11:44.366+0800: 8.678: [GC (CMS Final Remark) [YG occupancy: 63023 K (157248 K)]2021-01-21T22:11:44.366+0800: 8.678: [Rescan (parallel) , 0.0011406 secs]2021-01-21T22:11:44.368+0800: 8.680: [weak refs processing, 0.0003386 secs]2021-01-21T22:11:44.369+0800: 8.681: [class unloading, 0.0004722 secs]2021-01-21T22:11:44.369+0800: 8.681: [scrub symbol table, 0.0006200 secs]2021-01-21T22:11:44.370+0800: 8.682: [scrub string table, 0.0004302 secs][1 CMS-remark: 349278K(349568K)] 412302K(506816K), 0.0050950 secs] [Times: user=0.00 sys=0.00, real=0.01 secs] 
2021-01-21T22:11:44.372+0800: 8.684: [CMS-concurrent-sweep-start]
2021-01-21T22:11:44.372+0800: 8.684: [CMS-concurrent-sweep: 0.000/0.000 secs] [Times: user=0.00 sys=0.00, real=0.00 secs] 
2021-01-21T22:11:44.373+0800: 8.685: [CMS-concurrent-reset-start]
2021-01-21T22:11:44.373+0800: 8.685: [CMS-concurrent-reset: 0.000/0.000 secs] [Times: user=0.00 sys=0.00, real=0.00 secs] 
2021-01-21T22:11:44.384+0800: 8.696: [GC (Allocation Failure) 2021-01-21T22:11:44.385+0800: 8.697: [ParNew: 157238K->157238K(157248K), 0.0003648 secs]2021-01-21T22:11:44.385+0800: 8.697: [CMS: 349143K->349452K(349568K), 0.0536451 secs] 506382K->382441K(506816K), [Metaspace: 2809K->2809K(1056768K)], 0.0552040 secs] [Times: user=0.05 sys=0.00, real=0.06 secs] 
2021-01-21T22:11:44.440+0800: 8.752: [GC (CMS Initial Mark) [1 CMS-initial-mark: 349452K(349568K)] 385585K(506816K), 0.0012888 secs] [Times: user=0.00 sys=0.00, real=0.00 secs] 
2021-01-21T22:11:44.442+0800: 8.754: [CMS-concurrent-mark-start]
2021-01-21T22:11:44.444+0800: 8.756: [CMS-concurrent-mark: 0.001/0.001 secs] [Times: user=0.00 sys=0.00, real=0.00 secs] 
2021-01-21T22:11:44.444+0800: 8.756: [CMS-concurrent-preclean-start]
2021-01-21T22:11:44.445+0800: 8.757: [CMS-concurrent-preclean: 0.001/0.001 secs] [Times: user=0.00 sys=0.00, real=0.00 secs] 
2021-01-21T22:11:44.445+0800: 8.758: [CMS-concurrent-abortable-preclean-start]
2021-01-21T22:11:44.445+0800: 8.758: [CMS-concurrent-abortable-preclean: 0.000/0.000 secs] [Times: user=0.00 sys=0.00, real=0.00 secs] 
2021-01-21T22:11:44.446+0800: 8.758: [GC (CMS Final Remark) [YG occupancy: 63419 K (157248 K)]2021-01-21T22:11:44.446+0800: 8.759: [Rescan (parallel) , 0.0006881 secs]2021-01-21T22:11:44.448+0800: 8.760: [weak refs processing, 0.0003155 secs]2021-01-21T22:11:44.448+0800: 8.760: [class unloading, 0.0004255 secs]2021-01-21T22:11:44.449+0800: 8.761: [scrub symbol table, 0.0005531 secs]2021-01-21T22:11:44.450+0800: 8.762: [scrub string table, 0.0003762 secs][1 CMS-remark: 349452K(349568K)] 412871K(506816K), 0.0042941 secs] [Times: user=0.00 sys=0.00, real=0.01 secs] 
2021-01-21T22:11:44.451+0800: 8.763: [CMS-concurrent-sweep-start]
2021-01-21T22:11:44.451+0800: 8.763: [CMS-concurrent-sweep: 0.000/0.000 secs] [Times: user=0.00 sys=0.00, real=0.00 secs] 
2021-01-21T22:11:44.452+0800: 8.764: [CMS-concurrent-reset-start]
2021-01-21T22:11:44.452+0800: 8.764: [CMS-concurrent-reset: 0.000/0.000 secs] [Times: user=0.00 sys=0.00, real=0.00 secs] 
2021-01-21T22:11:44.462+0800: 8.774: [GC (Allocation Failure) 2021-01-21T22:11:44.463+0800: 8.775: [ParNew: 157216K->157216K(157248K), 0.0003205 secs]2021-01-21T22:11:44.463+0800: 8.775: [CMS: 349113K->349384K(349568K), 0.0512673 secs] 506330K->391745K(506816K), [Metaspace: 2809K->2809K(1056768K)], 0.0526178 secs] [Times: user=0.05 sys=0.00, real=0.05 secs] 
2021-01-21T22:11:44.516+0800: 8.828: [GC (CMS Initial Mark) [1 CMS-initial-mark: 349384K(349568K)] 394638K(506816K), 0.0010384 secs] [Times: user=0.00 sys=0.00, real=0.00 secs] 
2021-01-21T22:11:44.517+0800: 8.829: [CMS-concurrent-mark-start]
2021-01-21T22:11:44.519+0800: 8.831: [CMS-concurrent-mark: 0.002/0.002 secs] [Times: user=0.00 sys=0.00, real=0.01 secs] 
2021-01-21T22:11:44.520+0800: 8.832: [CMS-concurrent-preclean-start]
2021-01-21T22:11:44.520+0800: 8.832: [CMS-concurrent-preclean: 0.001/0.001 secs] [Times: user=0.00 sys=0.00, real=0.00 secs] 
2021-01-21T22:11:44.521+0800: 8.833: [CMS-concurrent-abortable-preclean-start]
2021-01-21T22:11:44.521+0800: 8.833: [CMS-concurrent-abortable-preclean: 0.000/0.000 secs] [Times: user=0.00 sys=0.00, real=0.00 secs] 
2021-01-21T22:11:44.521+0800: 8.833: [GC (CMS Final Remark) [YG occupancy: 70672 K (157248 K)]2021-01-21T22:11:44.522+0800: 8.834: [Rescan (parallel) , 0.0012572 secs]2021-01-21T22:11:44.523+0800: 8.835: [weak refs processing, 0.0002407 secs]2021-01-21T22:11:44.524+0800: 8.836: [class unloading, 0.0003682 secs]2021-01-21T22:11:44.525+0800: 8.837: [scrub symbol table, 0.0005085 secs]2021-01-21T22:11:44.525+0800: 8.837: [scrub string table, 0.0003716 secs][1 CMS-remark: 349384K(349568K)] 420056K(506816K), 0.0046070 secs] [Times: user=0.00 sys=0.00, real=0.00 secs] 
2021-01-21T22:11:44.527+0800: 8.839: [CMS-concurrent-sweep-start]
2021-01-21T22:11:44.527+0800: 8.839: [CMS-concurrent-sweep: 0.000/0.000 secs] [Times: user=0.00 sys=0.00, real=0.00 secs] 
2021-01-21T22:11:44.527+0800: 8.839: [CMS-concurrent-reset-start]
2021-01-21T22:11:44.527+0800: 8.839: [CMS-concurrent-reset: 0.000/0.000 secs] [Times: user=0.00 sys=0.00, real=0.00 secs] 
2021-01-21T22:11:44.537+0800: 8.850: [GC (Allocation Failure) 2021-01-21T22:11:44.538+0800: 8.850: [ParNew: 157129K->157129K(157248K), 0.0002638 secs]2021-01-21T22:11:44.538+0800: 8.850: [CMS: 347539K->349188K(349568K), 0.0564266 secs] 504669K->394805K(506816K), [Metaspace: 2809K->2809K(1056768K)], 0.0578887 secs] [Times: user=0.06 sys=0.00, real=0.06 secs] 
2021-01-21T22:11:44.596+0800: 8.908: [GC (CMS Initial Mark) [1 CMS-initial-mark: 349188K(349568K)] 398012K(506816K), 0.0012979 secs] [Times: user=0.00 sys=0.00, real=0.00 secs] 
2021-01-21T22:11:44.598+0800: 8.910: [CMS-concurrent-mark-start]
2021-01-21T22:11:44.600+0800: 8.912: [CMS-concurrent-mark: 0.001/0.001 secs] [Times: user=0.00 sys=0.00, real=0.00 secs] 
2021-01-21T22:11:44.600+0800: 8.912: [CMS-concurrent-preclean-start]
2021-01-21T22:11:44.601+0800: 8.913: [CMS-concurrent-preclean: 0.001/0.001 secs] [Times: user=0.00 sys=0.00, real=0.00 secs] 
2021-01-21T22:11:44.602+0800: 8.914: [CMS-concurrent-abortable-preclean-start]
2021-01-21T22:11:44.602+0800: 8.914: [CMS-concurrent-abortable-preclean: 0.000/0.000 secs] [Times: user=0.00 sys=0.00, real=0.00 secs] 
2021-01-21T22:11:44.602+0800: 8.914: [GC (CMS Final Remark) [YG occupancy: 79887 K (157248 K)]2021-01-21T22:11:44.603+0800: 8.915: [Rescan (parallel) , 0.0015623 secs]2021-01-21T22:11:44.604+0800: 8.916: [weak refs processing, 0.0003363 secs]2021-01-21T22:11:44.605+0800: 8.917: [class unloading, 0.0005880 secs]2021-01-21T22:11:44.606+0800: 8.918: [scrub symbol table, 0.0005461 secs]2021-01-21T22:11:44.607+0800: 8.919: [scrub string table, 0.0004479 secs][1 CMS-remark: 349188K(349568K)] 429076K(506816K), 0.0053587 secs] [Times: user=0.00 sys=0.00, real=0.00 secs] 
2021-01-21T22:11:44.608+0800: 8.920: [CMS-concurrent-sweep-start]
2021-01-21T22:11:44.609+0800: 8.921: [CMS-concurrent-sweep: 0.000/0.000 secs] [Times: user=0.00 sys=0.00, real=0.00 secs] 
2021-01-21T22:11:44.609+0800: 8.921: [CMS-concurrent-reset-start]
2021-01-21T22:11:44.609+0800: 8.921: [CMS-concurrent-reset: 0.000/0.000 secs] [Times: user=0.00 sys=0.00, real=0.00 secs] 
2021-01-21T22:11:44.618+0800: 8.930: [GC (Allocation Failure) 2021-01-21T22:11:44.619+0800: 8.931: [ParNew: 157167K->157167K(157248K), 0.0004612 secs]2021-01-21T22:11:44.619+0800: 8.931: [CMS: 347309K->349005K(349568K), 0.0554003 secs] 504477K->389279K(506816K), [Metaspace: 2809K->2809K(1056768K)], 0.0573397 secs] [Times: user=0.06 sys=0.00, real=0.06 secs] 
2021-01-21T22:11:44.676+0800: 8.988: [GC (CMS Initial Mark) [1 CMS-initial-mark: 349005K(349568K)] 392348K(506816K), 0.0013111 secs] [Times: user=0.00 sys=0.00, real=0.01 secs] 
2021-01-21T22:11:44.679+0800: 8.991: [CMS-concurrent-mark-start]
2021-01-21T22:11:44.680+0800: 8.992: [CMS-concurrent-mark: 0.002/0.002 secs] [Times: user=0.00 sys=0.00, real=0.00 secs] 
2021-01-21T22:11:44.681+0800: 8.993: [CMS-concurrent-preclean-start]
2021-01-21T22:11:44.682+0800: 8.994: [CMS-concurrent-preclean: 0.001/0.001 secs] [Times: user=0.00 sys=0.00, real=0.00 secs] 
2021-01-21T22:11:44.682+0800: 8.994: [CMS-concurrent-abortable-preclean-start]
2021-01-21T22:11:44.682+0800: 8.994: [CMS-concurrent-abortable-preclean: 0.000/0.000 secs] [Times: user=0.00 sys=0.00, real=0.00 secs] 
2021-01-21T22:11:44.683+0800: 8.995: [GC (CMS Final Remark) [YG occupancy: 67921 K (157248 K)]2021-01-21T22:11:44.683+0800: 8.995: [Rescan (parallel) , 0.0037686 secs]2021-01-21T22:11:44.687+0800: 8.999: [weak refs processing, 0.0002574 secs]2021-01-21T22:11:44.687+0800: 8.999: [class unloading, 0.0005567 secs]2021-01-21T22:11:44.688+0800: 9.000: [scrub symbol table, 0.0008364 secs]2021-01-21T22:11:44.690+0800: 9.002: [scrub string table, 0.0006535 secs][1 CMS-remark: 349005K(349568K)] 416926K(506816K), 0.0083087 secs] [Times: user=0.03 sys=0.00, real=0.01 secs] 
2021-01-21T22:11:44.692+0800: 9.004: [CMS-concurrent-sweep-start]
2021-01-21T22:11:44.692+0800: 9.004: [CMS-concurrent-sweep: 0.000/0.000 secs] [Times: user=0.00 sys=0.00, real=0.00 secs] 
2021-01-21T22:11:44.692+0800: 9.005: [CMS-concurrent-reset-start]
2021-01-21T22:11:44.693+0800: 9.005: [CMS-concurrent-reset: 0.000/0.000 secs] [Times: user=0.00 sys=0.00, real=0.00 secs] 
2021-01-21T22:11:44.704+0800: 9.016: [GC (Allocation Failure) 2021-01-21T22:11:44.704+0800: 9.016: [ParNew: 156855K->156855K(157248K), 0.0001942 secs]2021-01-21T22:11:44.705+0800: 9.017: [CMS: 348930K->349441K(349568K), 0.0552447 secs] 505786K->391129K(506816K), [Metaspace: 2809K->2809K(1056768K)], 0.0562937 secs] [Times: user=0.06 sys=0.00, real=0.06 secs] 
2021-01-21T22:11:44.761+0800: 9.073: [GC (CMS Initial Mark) [1 CMS-initial-mark: 349441K(349568K)] 393966K(506816K), 0.0006667 secs] [Times: user=0.00 sys=0.00, real=0.00 secs] 
2021-01-21T22:11:44.762+0800: 9.074: [CMS-concurrent-mark-start]
2021-01-21T22:11:44.764+0800: 9.076: [CMS-concurrent-mark: 0.002/0.002 secs] [Times: user=0.00 sys=0.00, real=0.00 secs] 
2021-01-21T22:11:44.764+0800: 9.076: [CMS-concurrent-preclean-start]
2021-01-21T22:11:44.765+0800: 9.077: [CMS-concurrent-preclean: 0.001/0.001 secs] [Times: user=0.00 sys=0.00, real=0.00 secs] 
2021-01-21T22:11:44.765+0800: 9.077: [CMS-concurrent-abortable-preclean-start]
2021-01-21T22:11:44.765+0800: 9.077: [CMS-concurrent-abortable-preclean: 0.000/0.000 secs] [Times: user=0.00 sys=0.00, real=0.00 secs] 
2021-01-21T22:11:44.766+0800: 9.078: [GC (CMS Final Remark) [YG occupancy: 72263 K (157248 K)]2021-01-21T22:11:44.766+0800: 9.078: [Rescan (parallel) , 0.0011968 secs]2021-01-21T22:11:44.768+0800: 9.080: [weak refs processing, 0.0002999 secs]2021-01-21T22:11:44.768+0800: 9.080: [class unloading, 0.0004471 secs]2021-01-21T22:11:44.769+0800: 9.081: [scrub symbol table, 0.0005700 secs]2021-01-21T22:11:44.770+0800: 9.082: [scrub string table, 0.0004539 secs][1 CMS-remark: 349441K(349568K)] 421704K(506816K), 0.0045695 secs] [Times: user=0.00 sys=0.00, real=0.01 secs] 
2021-01-21T22:11:44.771+0800: 9.083: [CMS-concurrent-sweep-start]
2021-01-21T22:11:44.772+0800: 9.084: [CMS-concurrent-sweep: 0.000/0.000 secs] [Times: user=0.00 sys=0.00, real=0.00 secs] 
2021-01-21T22:11:44.772+0800: 9.084: [CMS-concurrent-reset-start]
2021-01-21T22:11:44.772+0800: 9.084: [CMS-concurrent-reset: 0.000/0.000 secs] [Times: user=0.00 sys=0.00, real=0.00 secs] 
2021-01-21T22:11:44.783+0800: 9.095: [GC (Allocation Failure) 2021-01-21T22:11:44.783+0800: 9.095: [ParNew: 157168K->157168K(157248K), 0.0002911 secs]2021-01-21T22:11:44.784+0800: 9.096: [CMS: 347722K->349537K(349568K), 0.0488486 secs] 504891K->386611K(506816K), [Metaspace: 2809K->2809K(1056768K)], 0.0502519 secs] [Times: user=0.05 sys=0.00, real=0.05 secs] 
2021-01-21T22:11:44.834+0800: 9.146: [GC (CMS Initial Mark) [1 CMS-initial-mark: 349537K(349568K)] 389139K(506816K), 0.0010755 secs] [Times: user=0.00 sys=0.00, real=0.00 secs] 
2021-01-21T22:11:44.836+0800: 9.148: [CMS-concurrent-mark-start]
2021-01-21T22:11:44.837+0800: 9.149: [CMS-concurrent-mark: 0.001/0.001 secs] [Times: user=0.01 sys=0.00, real=0.00 secs] 
2021-01-21T22:11:44.838+0800: 9.150: [CMS-concurrent-preclean-start]
2021-01-21T22:11:44.839+0800: 9.151: [CMS-concurrent-preclean: 0.001/0.001 secs] [Times: user=0.00 sys=0.00, real=0.01 secs] 
2021-01-21T22:11:44.839+0800: 9.151: [CMS-concurrent-abortable-preclean-start]
2021-01-21T22:11:44.839+0800: 9.151: [CMS-concurrent-abortable-preclean: 0.000/0.000 secs] [Times: user=0.00 sys=0.00, real=0.00 secs] 
2021-01-21T22:11:44.840+0800: 9.152: [GC (CMS Final Remark) [YG occupancy: 67493 K (157248 K)]2021-01-21T22:11:44.840+0800: 9.152: [Rescan (parallel) , 0.0007607 secs]2021-01-21T22:11:44.842+0800: 9.154: [weak refs processing, 0.0003215 secs]2021-01-21T22:11:44.842+0800: 9.154: [class unloading, 0.0004833 secs]2021-01-21T22:11:44.843+0800: 9.155: [scrub symbol table, 0.0005899 secs]2021-01-21T22:11:44.844+0800: 9.156: [scrub string table, 0.0003639 secs][1 CMS-remark: 349537K(349568K)] 417030K(506816K), 0.0043152 secs] [Times: user=0.01 sys=0.00, real=0.00 secs] 
2021-01-21T22:11:44.845+0800: 9.157: [CMS-concurrent-sweep-start]
2021-01-21T22:11:44.845+0800: 9.157: [CMS-concurrent-sweep: 0.000/0.000 secs] [Times: user=0.00 sys=0.00, real=0.00 secs] 
2021-01-21T22:11:44.846+0800: 9.158: [CMS-concurrent-reset-start]
2021-01-21T22:11:44.846+0800: 9.158: [CMS-concurrent-reset: 0.000/0.000 secs] [Times: user=0.00 sys=0.00, real=0.00 secs] 
2021-01-21T22:11:44.857+0800: 9.169: [GC (Allocation Failure) 2021-01-21T22:11:44.858+0800: 9.170: [ParNew: 157226K->157226K(157248K), 0.0003729 secs]2021-01-21T22:11:44.858+0800: 9.170: [CMS: 349163K->349314K(349568K), 0.0510083 secs] 506389K->384061K(506816K), [Metaspace: 2809K->2809K(1056768K)], 0.0528166 secs] [Times: user=0.05 sys=0.00, real=0.06 secs] 
2021-01-21T22:11:44.911+0800: 9.223: [GC (CMS Initial Mark) [1 CMS-initial-mark: 349314K(349568K)] 386466K(506816K), 0.0014579 secs] [Times: user=0.00 sys=0.00, real=0.00 secs] 
2021-01-21T22:11:44.913+0800: 9.226: [CMS-concurrent-mark-start]
2021-01-21T22:11:44.916+0800: 9.228: [CMS-concurrent-mark: 0.002/0.002 secs] [Times: user=0.01 sys=0.00, real=0.00 secs] 
2021-01-21T22:11:44.916+0800: 9.228: [CMS-concurrent-preclean-start]
2021-01-21T22:11:44.917+0800: 9.229: [CMS-concurrent-preclean: 0.001/0.001 secs] [Times: user=0.00 sys=0.00, real=0.00 secs] 
2021-01-21T22:11:44.918+0800: 9.230: [CMS-concurrent-abortable-preclean-start]
2021-01-21T22:11:44.918+0800: 9.230: [CMS-concurrent-abortable-preclean: 0.000/0.000 secs] [Times: user=0.00 sys=0.00, real=0.00 secs] 
2021-01-21T22:11:44.918+0800: 9.230: [GC (CMS Final Remark) [YG occupancy: 70927 K (157248 K)]2021-01-21T22:11:44.919+0800: 9.231: [Rescan (parallel) , 0.0007680 secs]2021-01-21T22:11:44.920+0800: 9.232: [weak refs processing, 0.0002959 secs]2021-01-21T22:11:44.921+0800: 9.233: [class unloading, 0.0004880 secs]2021-01-21T22:11:44.921+0800: 9.233: [scrub symbol table, 0.0006082 secs]2021-01-21T22:11:44.922+0800: 9.234: [scrub string table, 0.0004575 secs][1 CMS-remark: 349314K(349568K)] 420241K(506816K), 0.0045959 secs] [Times: user=0.01 sys=0.00, real=0.00 secs] 
2021-01-21T22:11:44.924+0800: 9.236: [CMS-concurrent-sweep-start]
2021-01-21T22:11:44.924+0800: 9.236: [CMS-concurrent-sweep: 0.000/0.000 secs] [Times: user=0.00 sys=0.00, real=0.00 secs] 
2021-01-21T22:11:44.924+0800: 9.236: [CMS-concurrent-reset-start]
2021-01-21T22:11:44.925+0800: 9.237: [CMS-concurrent-reset: 0.000/0.000 secs] [Times: user=0.00 sys=0.00, real=0.00 secs] 
2021-01-21T22:11:44.934+0800: 9.246: [GC (Allocation Failure) 2021-01-21T22:11:44.934+0800: 9.246: [ParNew: 157066K->157066K(157248K), 0.0003680 secs]2021-01-21T22:11:44.935+0800: 9.247: [CMS: 348345K->349259K(349568K), 0.0512125 secs] 505412K->385159K(506816K), [Metaspace: 2809K->2809K(1056768K)], 0.0530292 secs] [Times: user=0.05 sys=0.00, real=0.05 secs] 
2021-01-21T22:11:44.988+0800: 9.300: [GC (CMS Initial Mark) [1 CMS-initial-mark: 349259K(349568K)] 388719K(506816K), 0.0015401 secs] [Times: user=0.00 sys=0.00, real=0.01 secs] 
2021-01-21T22:11:44.990+0800: 9.302: [CMS-concurrent-mark-start]
2021-01-21T22:11:44.991+0800: 9.303: [CMS-concurrent-mark: 0.001/0.001 secs] [Times: user=0.00 sys=0.00, real=0.00 secs] 
2021-01-21T22:11:44.992+0800: 9.304: [CMS-concurrent-preclean-start]
2021-01-21T22:11:44.993+0800: 9.305: [CMS-concurrent-preclean: 0.001/0.001 secs] [Times: user=0.00 sys=0.00, real=0.00 secs] 
2021-01-21T22:11:44.993+0800: 9.305: [CMS-concurrent-abortable-preclean-start]
2021-01-21T22:11:44.993+0800: 9.305: [CMS-concurrent-abortable-preclean: 0.000/0.000 secs] [Times: user=0.00 sys=0.00, real=0.00 secs] 
2021-01-21T22:11:44.994+0800: 9.306: [GC (CMS Final Remark) [YG occupancy: 64339 K (157248 K)]2021-01-21T22:11:44.994+0800: 9.306: [Rescan (parallel) , 0.0014495 secs]2021-01-21T22:11:44.996+0800: 9.308: [weak refs processing, 0.0003176 secs]2021-01-21T22:11:44.997+0800: 9.309: [class unloading, 0.0005961 secs]2021-01-21T22:11:44.997+0800: 9.310: [scrub symbol table, 0.0006599 secs]2021-01-21T22:11:44.998+0800: 9.310: [scrub string table, 0.0004048 secs][1 CMS-remark: 349259K(349568K)] 413598K(506816K), 0.0052548 secs] [Times: user=0.00 sys=0.00, real=0.01 secs] 
2021-01-21T22:11:45.000+0800: 9.312: [CMS-concurrent-sweep-start]
2021-01-21T22:11:45.000+0800: 9.312: [CMS-concurrent-sweep: 0.000/0.000 secs] [Times: user=0.00 sys=0.00, real=0.00 secs] 
2021-01-21T22:11:45.000+0800: 9.312: [CMS-concurrent-reset-start]
2021-01-21T22:11:45.000+0800: 9.312: [CMS-concurrent-reset: 0.000/0.000 secs] [Times: user=0.01 sys=0.00, real=0.00 secs] 
2021-01-21T22:11:45.010+0800: 9.323: [GC (Allocation Failure) 2021-01-21T22:11:45.011+0800: 9.323: [ParNew: 157235K->157235K(157248K), 0.0005185 secs]2021-01-21T22:11:45.012+0800: 9.324: [CMS: 349076K->349519K(349568K), 0.0489298 secs] 506311K->379803K(506816K), [Metaspace: 2809K->2809K(1056768K)], 0.0512437 secs] [Times: user=0.04 sys=0.00, real=0.05 secs] 
2021-01-21T22:11:45.063+0800: 9.375: [GC (CMS Initial Mark) [1 CMS-initial-mark: 349519K(349568K)] 382244K(506816K), 0.0013065 secs] [Times: user=0.00 sys=0.00, real=0.00 secs] 
2021-01-21T22:11:45.065+0800: 9.377: [CMS-concurrent-mark-start]
2021-01-21T22:11:45.066+0800: 9.378: [CMS-concurrent-mark: 0.001/0.001 secs] [Times: user=0.00 sys=0.00, real=0.00 secs] 
2021-01-21T22:11:45.066+0800: 9.378: [CMS-concurrent-preclean-start]
2021-01-21T22:11:45.068+0800: 9.380: [CMS-concurrent-preclean: 0.001/0.001 secs] [Times: user=0.00 sys=0.00, real=0.00 secs] 
2021-01-21T22:11:45.068+0800: 9.380: [CMS-concurrent-abortable-preclean-start]
2021-01-21T22:11:45.068+0800: 9.380: [CMS-concurrent-abortable-preclean: 0.000/0.000 secs] [Times: user=0.00 sys=0.00, real=0.00 secs] 
2021-01-21T22:11:45.069+0800: 9.381: [GC (CMS Final Remark) [YG occupancy: 59179 K (157248 K)]2021-01-21T22:11:45.069+0800: 9.381: [Rescan (parallel) , 0.0082547 secs]2021-01-21T22:11:45.078+0800: 9.390: [weak refs processing, 0.0003768 secs]2021-01-21T22:11:45.078+0800: 9.390: [class unloading, 0.0005097 secs]2021-01-21T22:11:45.079+0800: 9.391: [scrub symbol table, 0.0009697 secs]2021-01-21T22:11:45.081+0800: 9.393: [scrub string table, 0.0004073 secs][1 CMS-remark: 349519K(349568K)] 408698K(506816K), 0.0127489 secs] [Times: user=0.06 sys=0.01, real=0.01 secs] 
2021-01-21T22:11:45.082+0800: 9.394: [CMS-concurrent-sweep-start]
2021-01-21T22:11:45.082+0800: 9.394: [CMS-concurrent-sweep: 0.000/0.000 secs] [Times: user=0.00 sys=0.00, real=0.00 secs] 
2021-01-21T22:11:45.083+0800: 9.395: [CMS-concurrent-reset-start]
2021-01-21T22:11:45.083+0800: 9.395: [CMS-concurrent-reset: 0.000/0.000 secs] [Times: user=0.00 sys=0.00, real=0.00 secs] 
2021-01-21T22:11:45.094+0800: 9.406: [GC (Allocation Failure) 2021-01-21T22:11:45.095+0800: 9.407: [ParNew: 157163K->157163K(157248K), 0.0003690 secs]2021-01-21T22:11:45.095+0800: 9.407: [CMS: 349378K->349535K(349568K), 0.0496165 secs] 506542K->376699K(506816K), [Metaspace: 2809K->2809K(1056768K)], 0.0511069 secs] [Times: user=0.05 sys=0.00, real=0.05 secs] 
2021-01-21T22:11:45.146+0800: 9.458: [GC (CMS Initial Mark) [1 CMS-initial-mark: 349535K(349568K)] 379778K(506816K), 0.0013122 secs] [Times: user=0.00 sys=0.00, real=0.00 secs] 
2021-01-21T22:11:45.148+0800: 9.460: [CMS-concurrent-mark-start]
2021-01-21T22:11:45.150+0800: 9.462: [CMS-concurrent-mark: 0.001/0.001 secs] [Times: user=0.00 sys=0.00, real=0.00 secs] 
2021-01-21T22:11:45.150+0800: 9.462: [CMS-concurrent-preclean-start]
2021-01-21T22:11:45.151+0800: 9.464: [CMS-concurrent-preclean: 0.001/0.001 secs] [Times: user=0.00 sys=0.00, real=0.00 secs] 
2021-01-21T22:11:45.152+0800: 9.464: [CMS-concurrent-abortable-preclean-start]
2021-01-21T22:11:45.152+0800: 9.464: [CMS-concurrent-abortable-preclean: 0.000/0.000 secs] [Times: user=0.00 sys=0.00, real=0.00 secs] 
2021-01-21T22:11:45.153+0800: 9.465: [GC (CMS Final Remark) [YG occupancy: 54527 K (157248 K)]2021-01-21T22:11:45.153+0800: 9.465: [Rescan (parallel) , 0.0016882 secs]2021-01-21T22:11:45.155+0800: 9.467: [weak refs processing, 0.0003431 secs]2021-01-21T22:11:45.156+0800: 9.468: [class unloading, 0.0004467 secs]2021-01-21T22:11:45.157+0800: 9.469: [scrub symbol table, 0.0006357 secs]2021-01-21T22:11:45.158+0800: 9.470: [scrub string table, 0.0006528 secs][1 CMS-remark: 349535K(349568K)] 404062K(506816K), 0.0059280 secs] [Times: user=0.01 sys=0.00, real=0.01 secs] 
2021-01-21T22:11:45.160+0800: 9.472: [CMS-concurrent-sweep-start]
2021-01-21T22:11:45.160+0800: 9.472: [CMS-concurrent-sweep: 0.000/0.000 secs] [Times: user=0.00 sys=0.00, real=0.00 secs] 
2021-01-21T22:11:45.160+0800: 9.472: [CMS-concurrent-reset-start]
2021-01-21T22:11:45.161+0800: 9.473: [CMS-concurrent-reset: 0.000/0.000 secs] [Times: user=0.00 sys=0.00, real=0.00 secs] 
2021-01-21T22:11:45.173+0800: 9.485: [GC (Allocation Failure) 2021-01-21T22:11:45.173+0800: 9.485: [ParNew: 157244K->157244K(157248K), 0.0003469 secs]2021-01-21T22:11:45.174+0800: 9.486: [CMS: 348247K->349443K(349568K), 0.0502284 secs] 505491K->376888K(506816K), [Metaspace: 2809K->2809K(1056768K)], 0.0517267 secs] [Times: user=0.05 sys=0.00, real=0.05 secs] 
2021-01-21T22:11:45.225+0800: 9.537: [GC (CMS Initial Mark) [1 CMS-initial-mark: 349443K(349568K)] 379597K(506816K), 0.0011936 secs] [Times: user=0.00 sys=0.00, real=0.00 secs] 
2021-01-21T22:11:45.227+0800: 9.539: [CMS-concurrent-mark-start]
2021-01-21T22:11:45.229+0800: 9.541: [CMS-concurrent-mark: 0.001/0.001 secs] [Times: user=0.01 sys=0.00, real=0.01 secs] 
2021-01-21T22:11:45.229+0800: 9.541: [CMS-concurrent-preclean-start]
2021-01-21T22:11:45.231+0800: 9.543: [CMS-concurrent-preclean: 0.002/0.002 secs] [Times: user=0.00 sys=0.00, real=0.00 secs] 
2021-01-21T22:11:45.231+0800: 9.543: [CMS-concurrent-abortable-preclean-start]
2021-01-21T22:11:45.231+0800: 9.543: [CMS-concurrent-abortable-preclean: 0.000/0.000 secs] [Times: user=0.00 sys=0.00, real=0.00 secs] 
2021-01-21T22:11:45.232+0800: 9.544: [GC (CMS Final Remark) [YG occupancy: 55769 K (157248 K)]2021-01-21T22:11:45.232+0800: 9.544: [Rescan (parallel) , 0.0009693 secs]2021-01-21T22:11:45.233+0800: 9.545: [weak refs processing, 0.0002037 secs]2021-01-21T22:11:45.234+0800: 9.546: [class unloading, 0.0003702 secs]2021-01-21T22:11:45.234+0800: 9.546: [scrub symbol table, 0.0004701 secs]2021-01-21T22:11:45.235+0800: 9.547: [scrub string table, 0.0003227 secs][1 CMS-remark: 349443K(349568K)] 405213K(506816K), 0.0035678 secs] [Times: user=0.01 sys=0.00, real=0.00 secs] 
2021-01-21T22:11:45.236+0800: 9.548: [CMS-concurrent-sweep-start]
2021-01-21T22:11:45.236+0800: 9.548: [CMS-concurrent-sweep: 0.000/0.000 secs] [Times: user=0.00 sys=0.00, real=0.00 secs] 
2021-01-21T22:11:45.236+0800: 9.548: [CMS-concurrent-reset-start]
2021-01-21T22:11:45.236+0800: 9.548: [CMS-concurrent-reset: 0.000/0.000 secs] [Times: user=0.00 sys=0.00, real=0.00 secs] 
2021-01-21T22:11:45.248+0800: 9.560: [GC (Allocation Failure) 2021-01-21T22:11:45.249+0800: 9.561: [ParNew: 157124K->157124K(157248K), 0.0002464 secs]2021-01-21T22:11:45.249+0800: 9.561: [CMS: 348325K->349447K(349568K), 0.0482945 secs] 505450K->374038K(506816K), [Metaspace: 2809K->2809K(1056768K)], 0.0497062 secs] [Times: user=0.05 sys=0.00, real=0.05 secs] 
2021-01-21T22:11:45.299+0800: 9.611: [GC (CMS Initial Mark) [1 CMS-initial-mark: 349447K(349568K)] 374326K(506816K), 0.0014003 secs] [Times: user=0.00 sys=0.00, real=0.00 secs] 
2021-01-21T22:11:45.301+0800: 9.613: [CMS-concurrent-mark-start]
2021-01-21T22:11:45.303+0800: 9.615: [CMS-concurrent-mark: 0.001/0.001 secs] [Times: user=0.00 sys=0.00, real=0.00 secs] 
2021-01-21T22:11:45.303+0800: 9.615: [CMS-concurrent-preclean-start]
2021-01-21T22:11:45.304+0800: 9.616: [CMS-concurrent-preclean: 0.001/0.001 secs] [Times: user=0.01 sys=0.00, real=0.00 secs] 
2021-01-21T22:11:45.305+0800: 9.617: [CMS-concurrent-abortable-preclean-start]
2021-01-21T22:11:45.305+0800: 9.617: [CMS-concurrent-abortable-preclean: 0.000/0.000 secs] [Times: user=0.00 sys=0.00, real=0.00 secs] 
2021-01-21T22:11:45.305+0800: 9.617: [GC (CMS Final Remark) [YG occupancy: 57517 K (157248 K)]2021-01-21T22:11:45.306+0800: 9.618: [Rescan (parallel) , 0.0014201 secs]2021-01-21T22:11:45.307+0800: 9.619: [weak refs processing, 0.0004214 secs]2021-01-21T22:11:45.308+0800: 9.620: [class unloading, 0.0004897 secs]2021-01-21T22:11:45.309+0800: 9.621: [scrub symbol table, 0.0005162 secs]2021-01-21T22:11:45.310+0800: 9.622: [scrub string table, 0.0004081 secs][1 CMS-remark: 349447K(349568K)] 406965K(506816K), 0.0052769 secs] [Times: user=0.00 sys=0.00, real=0.01 secs] 
2021-01-21T22:11:45.311+0800: 9.623: [CMS-concurrent-sweep-start]
2021-01-21T22:11:45.311+0800: 9.623: [CMS-concurrent-sweep: 0.000/0.000 secs] [Times: user=0.00 sys=0.00, real=0.00 secs] 
2021-01-21T22:11:45.312+0800: 9.624: [CMS-concurrent-reset-start]
2021-01-21T22:11:45.312+0800: 9.624: [CMS-concurrent-reset: 0.000/0.000 secs] [Times: user=0.00 sys=0.00, real=0.00 secs] 
2021-01-21T22:11:45.323+0800: 9.635: [GC (Allocation Failure) 2021-01-21T22:11:45.324+0800: 9.636: [ParNew: 157221K->157221K(157248K), 0.0003931 secs]2021-01-21T22:11:45.325+0800: 9.637: [CMS: 349242K->349473K(349568K), 0.0509908 secs] 506463K->373133K(506816K), [Metaspace: 2816K->2816K(1056768K)], 0.0526167 secs] [Times: user=0.05 sys=0.00, real=0.05 secs] 
2021-01-21T22:11:45.377+0800: 9.689: [GC (CMS Initial Mark) [1 CMS-initial-mark: 349473K(349568K)] 375843K(506816K), 0.0014300 secs] [Times: user=0.00 sys=0.00, real=0.01 secs] 
2021-01-21T22:11:45.379+0800: 9.691: [CMS-concurrent-mark-start]
2021-01-21T22:11:45.380+0800: 9.692: [CMS-concurrent-mark: 0.001/0.001 secs] [Times: user=0.00 sys=0.00, real=0.00 secs] 
2021-01-21T22:11:45.381+0800: 9.693: [CMS-concurrent-preclean-start]
2021-01-21T22:11:45.382+0800: 9.694: [CMS-concurrent-preclean: 0.001/0.001 secs] [Times: user=0.00 sys=0.00, real=0.00 secs] 
2021-01-21T22:11:45.382+0800: 9.694: [CMS-concurrent-abortable-preclean-start]
2021-01-21T22:11:45.382+0800: 9.694: [CMS-concurrent-abortable-preclean: 0.000/0.000 secs] [Times: user=0.00 sys=0.00, real=0.00 secs] 
2021-01-21T22:11:45.383+0800: 9.695: [GC (CMS Final Remark) [YG occupancy: 60371 K (157248 K)]2021-01-21T22:11:45.383+0800: 9.695: [Rescan (parallel) , 0.0059588 secs]2021-01-21T22:11:45.389+0800: 9.702: [weak refs processing, 0.0004202 secs]2021-01-21T22:11:45.390+0800: 9.702: [class unloading, 0.0005260 secs]2021-01-21T22:11:45.391+0800: 9.703: [scrub symbol table, 0.0006113 secs]2021-01-21T22:11:45.392+0800: 9.704: [scrub string table, 0.0005322 secs][1 CMS-remark: 349473K(349568K)] 409844K(506816K), 0.0100594 secs] [Times: user=0.04 sys=0.00, real=0.01 secs] 
2021-01-21T22:11:45.394+0800: 9.706: [CMS-concurrent-sweep-start]
2021-01-21T22:11:45.394+0800: 9.706: [CMS-concurrent-sweep: 0.000/0.000 secs] [Times: user=0.00 sys=0.00, real=0.00 secs] 
2021-01-21T22:11:45.395+0800: 9.707: [CMS-concurrent-reset-start]
2021-01-21T22:11:45.395+0800: 9.707: [CMS-concurrent-reset: 0.000/0.000 secs] [Times: user=0.00 sys=0.00, real=0.00 secs] 
2021-01-21T22:11:45.405+0800: 9.717: [GC (Allocation Failure) 2021-01-21T22:11:45.406+0800: 9.718: [ParNew: 157011K->157011K(157248K), 0.0004635 secs]2021-01-21T22:11:45.406+0800: 9.719: [CMS: 348628K->349391K(349568K), 0.0499723 secs] 505640K->376886K(506816K), [Metaspace: 2816K->2816K(1056768K)], 0.0518984 secs] [Times: user=0.05 sys=0.00, real=0.05 secs] 
2021-01-21T22:11:45.458+0800: 9.770: [GC (CMS Initial Mark) [1 CMS-initial-mark: 349391K(349568K)] 380058K(506816K), 0.0009318 secs] [Times: user=0.00 sys=0.00, real=0.01 secs] 
2021-01-21T22:11:45.459+0800: 9.771: [CMS-concurrent-mark-start]
2021-01-21T22:11:45.461+0800: 9.773: [CMS-concurrent-mark: 0.001/0.001 secs] [Times: user=0.00 sys=0.00, real=0.00 secs] 
2021-01-21T22:11:45.461+0800: 9.773: [CMS-concurrent-preclean-start]
2021-01-21T22:11:45.462+0800: 9.774: [CMS-concurrent-preclean: 0.001/0.001 secs] [Times: user=0.01 sys=0.00, real=0.00 secs] 
2021-01-21T22:11:45.463+0800: 9.775: [CMS-concurrent-abortable-preclean-start]
2021-01-21T22:11:45.463+0800: 9.775: [CMS-concurrent-abortable-preclean: 0.000/0.000 secs] [Times: user=0.00 sys=0.00, real=0.00 secs] 
2021-01-21T22:11:45.463+0800: 9.775: [GC (CMS Final Remark) [YG occupancy: 57636 K (157248 K)]2021-01-21T22:11:45.463+0800: 9.775: [Rescan (parallel) , 0.0011652 secs]2021-01-21T22:11:45.465+0800: 9.777: [weak refs processing, 0.0003316 secs]2021-01-21T22:11:45.465+0800: 9.777: [class unloading, 0.0004586 secs]2021-01-21T22:11:45.466+0800: 9.778: [scrub symbol table, 0.0005790 secs]2021-01-21T22:11:45.467+0800: 9.779: [scrub string table, 0.0004642 secs][1 CMS-remark: 349391K(349568K)] 407027K(506816K), 0.0049131 secs] [Times: user=0.00 sys=0.00, real=0.00 secs] 
2021-01-21T22:11:45.469+0800: 9.781: [CMS-concurrent-sweep-start]
2021-01-21T22:11:45.469+0800: 9.781: [CMS-concurrent-sweep: 0.000/0.000 secs] [Times: user=0.00 sys=0.00, real=0.00 secs] 
2021-01-21T22:11:45.469+0800: 9.781: [CMS-concurrent-reset-start]
2021-01-21T22:11:45.469+0800: 9.781: [CMS-concurrent-reset: 0.000/0.000 secs] [Times: user=0.00 sys=0.00, real=0.00 secs] 
2021-01-21T22:11:45.483+0800: 9.795: [GC (Allocation Failure) 2021-01-21T22:11:45.483+0800: 9.795: [ParNew: 157245K->157245K(157248K), 0.0004585 secs]2021-01-21T22:11:45.484+0800: 9.796: [CMS: 348860K->349510K(349568K), 0.0521088 secs] 506106K->379998K(506816K), [Metaspace: 2816K->2816K(1056768K)], 0.0538978 secs] [Times: user=0.05 sys=0.00, real=0.05 secs] 
2021-01-21T22:11:45.538+0800: 9.850: [GC (CMS Initial Mark) [1 CMS-initial-mark: 349510K(349568K)] 383178K(506816K), 0.0018970 secs] [Times: user=0.00 sys=0.00, real=0.01 secs] 
2021-01-21T22:11:45.540+0800: 9.852: [CMS-concurrent-mark-start]
2021-01-21T22:11:45.542+0800: 9.854: [CMS-concurrent-mark: 0.001/0.001 secs] [Times: user=0.00 sys=0.00, real=0.00 secs] 
2021-01-21T22:11:45.542+0800: 9.854: [CMS-concurrent-preclean-start]
2021-01-21T22:11:45.543+0800: 9.855: [CMS-concurrent-preclean: 0.001/0.001 secs] [Times: user=0.00 sys=0.00, real=0.00 secs] 
2021-01-21T22:11:45.544+0800: 9.856: [CMS-concurrent-abortable-preclean-start]
2021-01-21T22:11:45.544+0800: 9.856: [CMS-concurrent-abortable-preclean: 0.000/0.000 secs] [Times: user=0.00 sys=0.00, real=0.00 secs] 
2021-01-21T22:11:45.544+0800: 9.856: [GC (CMS Final Remark) [YG occupancy: 60036 K (157248 K)]2021-01-21T22:11:45.545+0800: 9.857: [Rescan (parallel) , 0.0008980 secs]2021-01-21T22:11:45.546+0800: 9.858: [weak refs processing, 0.0003783 secs]2021-01-21T22:11:45.547+0800: 9.859: [class unloading, 0.0007737 secs]2021-01-21T22:11:45.548+0800: 9.860: [scrub symbol table, 0.0007492 secs]2021-01-21T22:11:45.549+0800: 9.861: [scrub string table, 0.0003882 secs][1 CMS-remark: 349510K(349568K)] 409546K(506816K), 0.0050452 secs] [Times: user=0.01 sys=0.00, real=0.01 secs] 
2021-01-21T22:11:45.550+0800: 9.862: [CMS-concurrent-sweep-start]
2021-01-21T22:11:45.550+0800: 9.863: [CMS-concurrent-sweep: 0.000/0.000 secs] [Times: user=0.00 sys=0.00, real=0.00 secs] 
2021-01-21T22:11:45.551+0800: 9.863: [CMS-concurrent-reset-start]
2021-01-21T22:11:45.551+0800: 9.863: [CMS-concurrent-reset: 0.000/0.000 secs] [Times: user=0.00 sys=0.00, real=0.00 secs] 
2021-01-21T22:11:45.564+0800: 9.876: [GC (Allocation Failure) 2021-01-21T22:11:45.564+0800: 9.876: [ParNew: 156912K->156912K(157248K), 0.0003391 secs]2021-01-21T22:11:45.565+0800: 9.877: [CMS: 348899K->349498K(349568K), 0.0526551 secs] 505811K->383903K(506816K), [Metaspace: 2816K->2816K(1056768K)], 0.0543585 secs] [Times: user=0.05 sys=0.00, real=0.06 secs] 
2021-01-21T22:11:45.619+0800: 9.931: [GC (CMS Initial Mark) [1 CMS-initial-mark: 349498K(349568K)] 387705K(506816K), 0.0016064 secs] [Times: user=0.01 sys=0.00, real=0.00 secs] 
2021-01-21T22:11:45.622+0800: 9.934: [CMS-concurrent-mark-start]
2021-01-21T22:11:45.623+0800: 9.936: [CMS-concurrent-mark: 0.002/0.002 secs] [Times: user=0.00 sys=0.00, real=0.00 secs] 
2021-01-21T22:11:45.624+0800: 9.936: [CMS-concurrent-preclean-start]
2021-01-21T22:11:45.625+0800: 9.937: [CMS-concurrent-preclean: 0.001/0.001 secs] [Times: user=0.00 sys=0.00, real=0.00 secs] 
2021-01-21T22:11:45.625+0800: 9.937: [CMS-concurrent-abortable-preclean-start]
2021-01-21T22:11:45.625+0800: 9.937: [CMS-concurrent-abortable-preclean: 0.000/0.000 secs] [Times: user=0.00 sys=0.00, real=0.00 secs] 
2021-01-21T22:11:45.626+0800: 9.938: [GC (CMS Final Remark) [YG occupancy: 69642 K (157248 K)]2021-01-21T22:11:45.626+0800: 9.938: [Rescan (parallel) , 0.0007466 secs]2021-01-21T22:11:45.627+0800: 9.940: [weak refs processing, 0.0003309 secs]2021-01-21T22:11:45.628+0800: 9.940: [class unloading, 0.0004607 secs]2021-01-21T22:11:45.629+0800: 9.941: [scrub symbol table, 0.0008395 secs]2021-01-21T22:11:45.630+0800: 9.942: [scrub string table, 0.0005732 secs][1 CMS-remark: 349498K(349568K)] 419141K(506816K), 0.0049840 secs] [Times: user=0.01 sys=0.00, real=0.01 secs] 
2021-01-21T22:11:45.632+0800: 9.944: [CMS-concurrent-sweep-start]
2021-01-21T22:11:45.632+0800: 9.944: [CMS-concurrent-sweep: 0.000/0.000 secs] [Times: user=0.00 sys=0.00, real=0.00 secs] 
2021-01-21T22:11:45.632+0800: 9.944: [CMS-concurrent-reset-start]
2021-01-21T22:11:45.633+0800: 9.945: [CMS-concurrent-reset: 0.000/0.000 secs] [Times: user=0.00 sys=0.00, real=0.00 secs] 
2021-01-21T22:11:45.642+0800: 9.954: [GC (Allocation Failure) 2021-01-21T22:11:45.642+0800: 9.955: [ParNew: 157141K->157141K(157248K), 0.0003420 secs]2021-01-21T22:11:45.643+0800: 9.955: [CMS: 347437K->349552K(349568K), 0.0493761 secs] 504579K->381908K(506816K), [Metaspace: 2816K->2816K(1056768K)], 0.0509246 secs] [Times: user=0.05 sys=0.00, real=0.05 secs] 
2021-01-21T22:11:45.694+0800: 10.006: [GC (CMS Initial Mark) [1 CMS-initial-mark: 349552K(349568K)] 384576K(506816K), 0.0011891 secs] [Times: user=0.00 sys=0.00, real=0.00 secs] 
2021-01-21T22:11:45.696+0800: 10.008: [CMS-concurrent-mark-start]
2021-01-21T22:11:45.697+0800: 10.009: [CMS-concurrent-mark: 0.001/0.001 secs] [Times: user=0.01 sys=0.00, real=0.00 secs] 
2021-01-21T22:11:45.697+0800: 10.010: [CMS-concurrent-preclean-start]
2021-01-21T22:11:45.698+0800: 10.010: [CMS-concurrent-preclean: 0.001/0.001 secs] [Times: user=0.00 sys=0.00, real=0.01 secs] 
2021-01-21T22:11:45.699+0800: 10.011: [CMS-concurrent-abortable-preclean-start]
2021-01-21T22:11:45.699+0800: 10.011: [CMS-concurrent-abortable-preclean: 0.000/0.000 secs] [Times: user=0.00 sys=0.00, real=0.00 secs] 
2021-01-21T22:11:45.699+0800: 10.012: [GC (CMS Final Remark) [YG occupancy: 61131 K (157248 K)]2021-01-21T22:11:45.700+0800: 10.012: [Rescan (parallel) , 0.0013785 secs]2021-01-21T22:11:45.701+0800: 10.013: [weak refs processing, 0.0003188 secs]2021-01-21T22:11:45.702+0800: 10.014: [class unloading, 0.0003836 secs]2021-01-21T22:11:45.703+0800: 10.015: [scrub symbol table, 0.0005918 secs]2021-01-21T22:11:45.703+0800: 10.015: [scrub string table, 0.0004673 secs][1 CMS-remark: 349552K(349568K)] 410684K(506816K), 0.0046095 secs] [Times: user=0.01 sys=0.00, real=0.00 secs] 
2021-01-21T22:11:45.705+0800: 10.017: [CMS-concurrent-sweep-start]
2021-01-21T22:11:45.705+0800: 10.017: [CMS-concurrent-sweep: 0.000/0.000 secs] [Times: user=0.00 sys=0.00, real=0.00 secs] 
2021-01-21T22:11:45.705+0800: 10.017: [CMS-concurrent-reset-start]
2021-01-21T22:11:45.705+0800: 10.017: [CMS-concurrent-reset: 0.000/0.000 secs] [Times: user=0.00 sys=0.00, real=0.00 secs] 
2021-01-21T22:11:45.718+0800: 10.030: [GC (Allocation Failure) 2021-01-21T22:11:45.718+0800: 10.030: [ParNew: 157099K->157099K(157248K), 0.0003575 secs]2021-01-21T22:11:45.719+0800: 10.031: [CMS: 349230K->349002K(349568K), 0.0513919 secs] 506329K->391076K(506816K), [Metaspace: 2816K->2816K(1056768K)], 0.0531007 secs] [Times: user=0.05 sys=0.00, real=0.06 secs] 
2021-01-21T22:11:45.772+0800: 10.084: [GC (CMS Initial Mark) [1 CMS-initial-mark: 349002K(349568K)] 393738K(506816K), 0.0014519 secs] [Times: user=0.00 sys=0.00, real=0.00 secs] 
2021-01-21T22:11:45.774+0800: 10.086: [CMS-concurrent-mark-start]
2021-01-21T22:11:45.776+0800: 10.088: [CMS-concurrent-mark: 0.001/0.001 secs] [Times: user=0.01 sys=0.00, real=0.00 secs] 
2021-01-21T22:11:45.776+0800: 10.088: [CMS-concurrent-preclean-start]
2021-01-21T22:11:45.777+0800: 10.089: [CMS-concurrent-preclean: 0.001/0.001 secs] [Times: user=0.00 sys=0.00, real=0.00 secs] 
2021-01-21T22:11:45.778+0800: 10.090: [CMS-concurrent-abortable-preclean-start]
2021-01-21T22:11:45.778+0800: 10.090: [CMS-concurrent-abortable-preclean: 0.000/0.000 secs] [Times: user=0.00 sys=0.00, real=0.00 secs] 
2021-01-21T22:11:45.779+0800: 10.091: [GC (CMS Final Remark) [YG occupancy: 74049 K (157248 K)]2021-01-21T22:11:45.779+0800: 10.091: [Rescan (parallel) , 0.0013452 secs]2021-01-21T22:11:45.781+0800: 10.093: [weak refs processing, 0.0003027 secs]2021-01-21T22:11:45.781+0800: 10.093: [class unloading, 0.0004819 secs]2021-01-21T22:11:45.782+0800: 10.094: [scrub symbol table, 0.0005701 secs]2021-01-21T22:11:45.783+0800: 10.095: [scrub string table, 0.0004702 secs][1 CMS-remark: 349002K(349568K)] 423052K(506816K), 0.0050660 secs] [Times: user=0.01 sys=0.00, real=0.00 secs] 
2021-01-21T22:11:45.784+0800: 10.097: [CMS-concurrent-sweep-start]
2021-01-21T22:11:45.785+0800: 10.097: [CMS-concurrent-sweep: 0.000/0.000 secs] [Times: user=0.00 sys=0.00, real=0.00 secs] 
2021-01-21T22:11:45.785+0800: 10.097: [CMS-concurrent-reset-start]
2021-01-21T22:11:45.785+0800: 10.097: [CMS-concurrent-reset: 0.000/0.000 secs] [Times: user=0.00 sys=0.00, real=0.00 secs] 
2021-01-21T22:11:45.797+0800: 10.109: [GC (Allocation Failure) 2021-01-21T22:11:45.798+0800: 10.110: [ParNew: 157158K->157158K(157248K), 0.0003893 secs]2021-01-21T22:11:45.798+0800: 10.110: [CMS: 347571K->349557K(349568K), 0.0549499 secs] 504729K->387696K(506816K), [Metaspace: 2816K->2816K(1056768K)], 0.0566202 secs] [Times: user=0.06 sys=0.00, real=0.06 secs] 
2021-01-21T22:11:45.855+0800: 10.167: [GC (CMS Initial Mark) [1 CMS-initial-mark: 349557K(349568K)] 390914K(506816K), 0.0011662 secs] [Times: user=0.00 sys=0.00, real=0.00 secs] 
2021-01-21T22:11:45.856+0800: 10.168: [CMS-concurrent-mark-start]
2021-01-21T22:11:45.858+0800: 10.170: [CMS-concurrent-mark: 0.002/0.002 secs] [Times: user=0.00 sys=0.00, real=0.00 secs] 
2021-01-21T22:11:45.858+0800: 10.170: [CMS-concurrent-preclean-start]
2021-01-21T22:11:45.859+0800: 10.171: [CMS-concurrent-preclean: 0.001/0.001 secs] [Times: user=0.00 sys=0.00, real=0.00 secs] 
2021-01-21T22:11:45.860+0800: 10.172: [CMS-concurrent-abortable-preclean-start]
2021-01-21T22:11:45.860+0800: 10.172: [CMS-concurrent-abortable-preclean: 0.000/0.000 secs] [Times: user=0.00 sys=0.00, real=0.00 secs] 
2021-01-21T22:11:45.860+0800: 10.172: [GC (CMS Final Remark) [YG occupancy: 65679 K (157248 K)]2021-01-21T22:11:45.861+0800: 10.173: [Rescan (parallel) , 0.0014090 secs]2021-01-21T22:11:45.862+0800: 10.174: [weak refs processing, 0.0003084 secs]2021-01-21T22:11:45.863+0800: 10.175: [class unloading, 0.0004956 secs]2021-01-21T22:11:45.864+0800: 10.176: [scrub symbol table, 0.0008141 secs]2021-01-21T22:11:45.865+0800: 10.177: [scrub string table, 0.0005200 secs][1 CMS-remark: 349557K(349568K)] 415236K(506816K), 0.0055317 secs] [Times: user=0.00 sys=0.00, real=0.00 secs] 
2021-01-21T22:11:45.867+0800: 10.179: [CMS-concurrent-sweep-start]
2021-01-21T22:11:45.867+0800: 10.179: [CMS-concurrent-sweep: 0.000/0.000 secs] [Times: user=0.00 sys=0.00, real=0.00 secs] 
2021-01-21T22:11:45.867+0800: 10.179: [CMS-concurrent-reset-start]
2021-01-21T22:11:45.868+0800: 10.180: [CMS-concurrent-reset: 0.000/0.000 secs] [Times: user=0.00 sys=0.00, real=0.00 secs] 
2021-01-21T22:11:45.879+0800: 10.191: [GC (Allocation Failure) 2021-01-21T22:11:45.880+0800: 10.192: [ParNew: 157128K->157128K(157248K), 0.0002766 secs]2021-01-21T22:11:45.880+0800: 10.193: [CMS: 348572K->349538K(349568K), 0.0534750 secs] 505700K->392084K(506816K), [Metaspace: 2816K->2816K(1056768K)], 0.0551185 secs] [Times: user=0.06 sys=0.00, real=0.05 secs] 
2021-01-21T22:11:45.935+0800: 10.247: [GC (CMS Initial Mark) [1 CMS-initial-mark: 349538K(349568K)] 395030K(506816K), 0.0015014 secs] [Times: user=0.00 sys=0.00, real=0.00 secs] 
2021-01-21T22:11:45.938+0800: 10.250: [CMS-concurrent-mark-start]
2021-01-21T22:11:45.939+0800: 10.251: [CMS-concurrent-mark: 0.001/0.001 secs] [Times: user=0.00 sys=0.00, real=0.01 secs] 
2021-01-21T22:11:45.940+0800: 10.252: [CMS-concurrent-preclean-start]
2021-01-21T22:11:45.940+0800: 10.253: [CMS-concurrent-preclean: 0.001/0.001 secs] [Times: user=0.00 sys=0.00, real=0.00 secs] 
2021-01-21T22:11:45.941+0800: 10.253: [CMS-concurrent-abortable-preclean-start]
2021-01-21T22:11:45.941+0800: 10.253: [CMS-concurrent-abortable-preclean: 0.000/0.000 secs] [Times: user=0.00 sys=0.00, real=0.00 secs] 
2021-01-21T22:11:45.941+0800: 10.254: [GC (CMS Final Remark) [YG occupancy: 70909 K (157248 K)]2021-01-21T22:11:45.942+0800: 10.254: [Rescan (parallel) , 0.0014513 secs]2021-01-21T22:11:45.944+0800: 10.256: [weak refs processing, 0.0003423 secs]2021-01-21T22:11:45.944+0800: 10.256: [class unloading, 0.0004874 secs]2021-01-21T22:11:45.945+0800: 10.257: [scrub symbol table, 0.0008108 secs]2021-01-21T22:11:45.946+0800: 10.258: [scrub string table, 0.0006044 secs][1 CMS-remark: 349538K(349568K)] 420447K(506816K), 0.0056928 secs] [Times: user=0.00 sys=0.00, real=0.00 secs] 
2021-01-21T22:11:45.948+0800: 10.260: [CMS-concurrent-sweep-start]
2021-01-21T22:11:45.948+0800: 10.260: [CMS-concurrent-sweep: 0.000/0.000 secs] [Times: user=0.01 sys=0.00, real=0.01 secs] 
2021-01-21T22:11:45.948+0800: 10.260: [CMS-concurrent-reset-start]
2021-01-21T22:11:45.949+0800: 10.261: [CMS-concurrent-reset: 0.000/0.000 secs] [Times: user=0.00 sys=0.00, real=0.00 secs] 
2021-01-21T22:11:45.960+0800: 10.272: [GC (Allocation Failure) 2021-01-21T22:11:45.961+0800: 10.273: [ParNew: 157169K->157169K(157248K), 0.0004056 secs]2021-01-21T22:11:45.961+0800: 10.273: [CMS: 348144K->349480K(349568K), 0.0529712 secs] 505314K->391418K(506816K), [Metaspace: 2816K->2816K(1056768K)], 0.0549509 secs] [Times: user=0.05 sys=0.00, real=0.05 secs] 
2021-01-21T22:11:46.016+0800: 10.328: [GC (CMS Initial Mark) [1 CMS-initial-mark: 349480K(349568K)] 394028K(506816K), 0.0013178 secs] [Times: user=0.00 sys=0.00, real=0.00 secs] 
2021-01-21T22:11:46.018+0800: 10.330: [CMS-concurrent-mark-start]
2021-01-21T22:11:46.020+0800: 10.332: [CMS-concurrent-mark: 0.002/0.002 secs] [Times: user=0.01 sys=0.00, real=0.00 secs] 
2021-01-21T22:11:46.021+0800: 10.333: [CMS-concurrent-preclean-start]
2021-01-21T22:11:46.021+0800: 10.333: [CMS-concurrent-preclean: 0.001/0.001 secs] [Times: user=0.00 sys=0.00, real=0.00 secs] 
2021-01-21T22:11:46.022+0800: 10.334: [CMS-concurrent-abortable-preclean-start]
2021-01-21T22:11:46.022+0800: 10.334: [CMS-concurrent-abortable-preclean: 0.000/0.000 secs] [Times: user=0.00 sys=0.00, real=0.00 secs] 
2021-01-21T22:11:46.022+0800: 10.334: [GC (CMS Final Remark) [YG occupancy: 71904 K (157248 K)]2021-01-21T22:11:46.023+0800: 10.335: [Rescan (parallel) , 0.0013234 secs]2021-01-21T22:11:46.024+0800: 10.336: [weak refs processing, 0.0003583 secs]2021-01-21T22:11:46.025+0800: 10.337: [class unloading, 0.0004500 secs]2021-01-21T22:11:46.026+0800: 10.338: [scrub symbol table, 0.0005481 secs]2021-01-21T22:11:46.027+0800: 10.339: [scrub string table, 0.0003643 secs][1 CMS-remark: 349480K(349568K)] 421385K(506816K), 0.0048996 secs] [Times: user=0.01 sys=0.00, real=0.00 secs] 
2021-01-21T22:11:46.028+0800: 10.340: [CMS-concurrent-sweep-start]
2021-01-21T22:11:46.028+0800: 10.340: [CMS-concurrent-sweep: 0.000/0.000 secs] [Times: user=0.00 sys=0.00, real=0.01 secs] 
2021-01-21T22:11:46.029+0800: 10.341: [CMS-concurrent-reset-start]
2021-01-21T22:11:46.029+0800: 10.341: [CMS-concurrent-reset: 0.000/0.000 secs] [Times: user=0.00 sys=0.00, real=0.00 secs] 
2021-01-21T22:11:46.039+0800: 10.351: [GC (Allocation Failure) 2021-01-21T22:11:46.039+0800: 10.351: [ParNew: 157062K->157062K(157248K), 0.0004122 secs]2021-01-21T22:11:46.040+0800: 10.352: [CMS: 348308K->349528K(349568K), 0.0514995 secs] 505370K->390521K(506816K), [Metaspace: 2816K->2816K(1056768K)], 0.0530618 secs] [Times: user=0.05 sys=0.00, real=0.05 secs] 
2021-01-21T22:11:46.092+0800: 10.404: [GC (CMS Initial Mark) [1 CMS-initial-mark: 349528K(349568K)] 393233K(506816K), 0.0011161 secs] [Times: user=0.00 sys=0.00, real=0.00 secs] 
2021-01-21T22:11:46.094+0800: 10.406: [CMS-concurrent-mark-start]
2021-01-21T22:11:46.095+0800: 10.407: [CMS-concurrent-mark: 0.001/0.001 secs] [Times: user=0.00 sys=0.00, real=0.00 secs] 
2021-01-21T22:11:46.096+0800: 10.408: [CMS-concurrent-preclean-start]
2021-01-21T22:11:46.097+0800: 10.409: [CMS-concurrent-preclean: 0.001/0.001 secs] [Times: user=0.00 sys=0.00, real=0.00 secs] 
2021-01-21T22:11:46.097+0800: 10.409: [CMS-concurrent-abortable-preclean-start]
2021-01-21T22:11:46.097+0800: 10.409: [CMS-concurrent-abortable-preclean: 0.000/0.000 secs] [Times: user=0.00 sys=0.00, real=0.00 secs] 
2021-01-21T22:11:46.097+0800: 10.410: [GC (CMS Final Remark) [YG occupancy: 67859 K (157248 K)]2021-01-21T22:11:46.098+0800: 10.410: [Rescan (parallel) , 0.0010834 secs]2021-01-21T22:11:46.099+0800: 10.411: [weak refs processing, 0.0002301 secs]2021-01-21T22:11:46.099+0800: 10.411: [class unloading, 0.0003963 secs]2021-01-21T22:11:46.100+0800: 10.412: [scrub symbol table, 0.0005229 secs]2021-01-21T22:11:46.101+0800: 10.413: [scrub string table, 0.0003718 secs][1 CMS-remark: 349528K(349568K)] 417387K(506816K), 0.0037059 secs] [Times: user=0.00 sys=0.00, real=0.01 secs] 
2021-01-21T22:11:46.102+0800: 10.414: [CMS-concurrent-sweep-start]
2021-01-21T22:11:46.102+0800: 10.414: [CMS-concurrent-sweep: 0.000/0.000 secs] [Times: user=0.00 sys=0.00, real=0.00 secs] 
2021-01-21T22:11:46.102+0800: 10.414: [CMS-concurrent-reset-start]
2021-01-21T22:11:46.103+0800: 10.415: [CMS-concurrent-reset: 0.000/0.000 secs] [Times: user=0.00 sys=0.00, real=0.00 secs] 
2021-01-21T22:11:46.112+0800: 10.424: [GC (Allocation Failure) 2021-01-21T22:11:46.112+0800: 10.424: [ParNew: 157237K->157237K(157248K), 0.0003723 secs]2021-01-21T22:11:46.113+0800: 10.425: [CMS: 349146K->349467K(349568K), 0.0582527 secs] 506384K->400635K(506816K), [Metaspace: 2816K->2816K(1056768K)], 0.0600528 secs] [Times: user=0.05 sys=0.00, real=0.06 secs] 
2021-01-21T22:11:46.173+0800: 10.485: [GC (CMS Initial Mark) [1 CMS-initial-mark: 349467K(349568K)] 403022K(506816K), 0.0014164 secs] [Times: user=0.00 sys=0.00, real=0.00 secs] 
2021-01-21T22:11:46.175+0800: 10.487: [CMS-concurrent-mark-start]
2021-01-21T22:11:46.177+0800: 10.489: [CMS-concurrent-mark: 0.001/0.001 secs] [Times: user=0.00 sys=0.00, real=0.00 secs] 
2021-01-21T22:11:46.177+0800: 10.489: [CMS-concurrent-preclean-start]
2021-01-21T22:11:46.178+0800: 10.490: [CMS-concurrent-preclean: 0.001/0.001 secs] [Times: user=0.00 sys=0.00, real=0.01 secs] 
2021-01-21T22:11:46.179+0800: 10.491: [CMS-concurrent-abortable-preclean-start]
2021-01-21T22:11:46.179+0800: 10.491: [CMS-concurrent-abortable-preclean: 0.000/0.000 secs] [Times: user=0.00 sys=0.00, real=0.00 secs] 
2021-01-21T22:11:46.180+0800: 10.492: [GC (CMS Final Remark) [YG occupancy: 79949 K (157248 K)]2021-01-21T22:11:46.180+0800: 10.492: [Rescan (parallel) , 0.0013915 secs]2021-01-21T22:11:46.182+0800: 10.494: [weak refs processing, 0.0002435 secs]2021-01-21T22:11:46.182+0800: 10.494: [class unloading, 0.0003893 secs]2021-01-21T22:11:46.183+0800: 10.495: [scrub symbol table, 0.0004522 secs]2021-01-21T22:11:46.184+0800: 10.496: [scrub string table, 0.0003331 secs][1 CMS-remark: 349467K(349568K)] 429416K(506816K), 0.0047201 secs] [Times: user=0.00 sys=0.00, real=0.00 secs] 
2021-01-21T22:11:46.185+0800: 10.497: [CMS-concurrent-sweep-start]
2021-01-21T22:11:46.185+0800: 10.497: [CMS-concurrent-sweep: 0.000/0.000 secs] [Times: user=0.00 sys=0.00, real=0.00 secs] 
2021-01-21T22:11:46.185+0800: 10.498: [CMS-concurrent-reset-start]
2021-01-21T22:11:46.186+0800: 10.498: [CMS-concurrent-reset: 0.000/0.000 secs] [Times: user=0.00 sys=0.00, real=0.00 secs] 
2021-01-21T22:11:46.195+0800: 10.507: [GC (Allocation Failure) 2021-01-21T22:11:46.196+0800: 10.508: [ParNew: 157165K->157165K(157248K), 0.0003901 secs]2021-01-21T22:11:46.197+0800: 10.509: [CMS: 349284K->349207K(349568K), 0.0548733 secs] 506449K->394390K(506816K), [Metaspace: 2816K->2816K(1056768K)], 0.0565991 secs] [Times: user=0.06 sys=0.00, real=0.06 secs] 
2021-01-21T22:11:46.253+0800: 10.565: [GC (CMS Initial Mark) [1 CMS-initial-mark: 349207K(349568K)] 397669K(506816K), 0.0014773 secs] [Times: user=0.00 sys=0.00, real=0.00 secs] 
2021-01-21T22:11:46.255+0800: 10.567: [CMS-concurrent-mark-start]
2021-01-21T22:11:46.257+0800: 10.569: [CMS-concurrent-mark: 0.001/0.001 secs] [Times: user=0.00 sys=0.00, real=0.00 secs] 
2021-01-21T22:11:46.257+0800: 10.569: [CMS-concurrent-preclean-start]
2021-01-21T22:11:46.258+0800: 10.570: [CMS-concurrent-preclean: 0.001/0.001 secs] [Times: user=0.01 sys=0.00, real=0.01 secs] 
2021-01-21T22:11:46.259+0800: 10.571: [CMS-concurrent-abortable-preclean-start]
2021-01-21T22:11:46.259+0800: 10.571: [CMS-concurrent-abortable-preclean: 0.000/0.000 secs] [Times: user=0.00 sys=0.00, real=0.00 secs] 
2021-01-21T22:11:46.259+0800: 10.571: [GC (CMS Final Remark) [YG occupancy: 76994 K (157248 K)]2021-01-21T22:11:46.260+0800: 10.572: [Rescan (parallel) , 0.0011516 secs]2021-01-21T22:11:46.261+0800: 10.573: [weak refs processing, 0.0002812 secs]2021-01-21T22:11:46.262+0800: 10.574: [class unloading, 0.0005247 secs]2021-01-21T22:11:46.263+0800: 10.575: [scrub symbol table, 0.0006452 secs]2021-01-21T22:11:46.264+0800: 10.576: [scrub string table, 0.0004131 secs][1 CMS-remark: 349207K(349568K)] 426202K(506816K), 0.0048895 secs] [Times: user=0.00 sys=0.00, real=0.00 secs] 
2021-01-21T22:11:46.265+0800: 10.577: [CMS-concurrent-sweep-start]
2021-01-21T22:11:46.265+0800: 10.577: [CMS-concurrent-sweep: 0.000/0.000 secs] [Times: user=0.00 sys=0.00, real=0.00 secs] 
2021-01-21T22:11:46.265+0800: 10.577: [CMS-concurrent-reset-start]
2021-01-21T22:11:46.266+0800: 10.578: [CMS-concurrent-reset: 0.000/0.000 secs] [Times: user=0.00 sys=0.00, real=0.00 secs] 
2021-01-21T22:11:46.274+0800: 10.586: [GC (Allocation Failure) 2021-01-21T22:11:46.275+0800: 10.587: [ParNew: 157085K->157085K(157248K), 0.0003989 secs]2021-01-21T22:11:46.276+0800: 10.588: [CMS: 347935K->349180K(349568K), 0.0508594 secs] 505021K->393039K(506816K), [Metaspace: 2816K->2816K(1056768K)], 0.0525717 secs] [Times: user=0.05 sys=0.00, real=0.05 secs] 
2021-01-21T22:11:46.328+0800: 10.640: [GC (CMS Initial Mark) [1 CMS-initial-mark: 349180K(349568K)] 395466K(506816K), 0.0016253 secs] [Times: user=0.01 sys=0.00, real=0.01 secs] 
2021-01-21T22:11:46.330+0800: 10.642: [CMS-concurrent-mark-start]
2021-01-21T22:11:46.332+0800: 10.644: [CMS-concurrent-mark: 0.001/0.001 secs] [Times: user=0.00 sys=0.00, real=0.00 secs] 
2021-01-21T22:11:46.332+0800: 10.644: [CMS-concurrent-preclean-start]
2021-01-21T22:11:46.333+0800: 10.645: [CMS-concurrent-preclean: 0.001/0.001 secs] [Times: user=0.00 sys=0.00, real=0.00 secs] 
2021-01-21T22:11:46.333+0800: 10.646: [CMS-concurrent-abortable-preclean-start]
2021-01-21T22:11:46.333+0800: 10.646: [CMS-concurrent-abortable-preclean: 0.000/0.000 secs] [Times: user=0.00 sys=0.00, real=0.00 secs] 
2021-01-21T22:11:46.334+0800: 10.646: [GC (CMS Final Remark) [YG occupancy: 73153 K (157248 K)]2021-01-21T22:11:46.334+0800: 10.646: [Rescan (parallel) , 0.0009913 secs]2021-01-21T22:11:46.336+0800: 10.648: [weak refs processing, 0.0003345 secs]2021-01-21T22:11:46.336+0800: 10.648: [class unloading, 0.0005371 secs]2021-01-21T22:11:46.337+0800: 10.649: [scrub symbol table, 0.0006289 secs]2021-01-21T22:11:46.338+0800: 10.650: [scrub string table, 0.0004110 secs][1 CMS-remark: 349180K(349568K)] 422333K(506816K), 0.0046192 secs] [Times: user=0.01 sys=0.00, real=0.01 secs] 
2021-01-21T22:11:46.339+0800: 10.652: [CMS-concurrent-sweep-start]
2021-01-21T22:11:46.340+0800: 10.652: [CMS-concurrent-sweep: 0.000/0.000 secs] [Times: user=0.00 sys=0.00, real=0.00 secs] 
2021-01-21T22:11:46.340+0800: 10.652: [CMS-concurrent-reset-start]
2021-01-21T22:11:46.340+0800: 10.652: [CMS-concurrent-reset: 0.000/0.000 secs] [Times: user=0.00 sys=0.00, real=0.00 secs] 
2021-01-21T22:11:46.349+0800: 10.661: [GC (Allocation Failure) 2021-01-21T22:11:46.349+0800: 10.661: [ParNew: 157158K->157158K(157248K), 0.0003801 secs]2021-01-21T22:11:46.350+0800: 10.662: [CMS: 347916K->349519K(349568K), 0.0519492 secs] 505074K->400042K(506816K), [Metaspace: 2816K->2816K(1056768K)], 0.0537233 secs] [Times: user=0.05 sys=0.00, real=0.05 secs] 
2021-01-21T22:11:46.404+0800: 10.716: [GC (CMS Initial Mark) [1 CMS-initial-mark: 349519K(349568K)] 402485K(506816K), 0.0016055 secs] [Times: user=0.00 sys=0.00, real=0.00 secs] 
2021-01-21T22:11:46.406+0800: 10.718: [CMS-concurrent-mark-start]
2021-01-21T22:11:46.407+0800: 10.719: [CMS-concurrent-mark: 0.001/0.001 secs] [Times: user=0.00 sys=0.00, real=0.00 secs] 
2021-01-21T22:11:46.408+0800: 10.720: [CMS-concurrent-preclean-start]
2021-01-21T22:11:46.409+0800: 10.721: [CMS-concurrent-preclean: 0.001/0.001 secs] [Times: user=0.00 sys=0.00, real=0.01 secs] 
2021-01-21T22:11:46.409+0800: 10.721: [CMS-concurrent-abortable-preclean-start]
2021-01-21T22:11:46.409+0800: 10.721: [CMS-concurrent-abortable-preclean: 0.000/0.000 secs] [Times: user=0.00 sys=0.00, real=0.00 secs] 
2021-01-21T22:11:46.410+0800: 10.722: [GC (CMS Final Remark) [YG occupancy: 80539 K (157248 K)]2021-01-21T22:11:46.410+0800: 10.722: [Rescan (parallel) , 0.0011166 secs]2021-01-21T22:11:46.412+0800: 10.724: [weak refs processing, 0.0002755 secs]2021-01-21T22:11:46.412+0800: 10.724: [class unloading, 0.0004205 secs]2021-01-21T22:11:46.413+0800: 10.725: [scrub symbol table, 0.0004820 secs]2021-01-21T22:11:46.414+0800: 10.726: [scrub string table, 0.0005048 secs][1 CMS-remark: 349519K(349568K)] 430059K(506816K), 0.0043765 secs] [Times: user=0.00 sys=0.00, real=0.00 secs] 
2021-01-21T22:11:46.415+0800: 10.727: [CMS-concurrent-sweep-start]
2021-01-21T22:11:46.415+0800: 10.727: [CMS-concurrent-sweep: 0.000/0.000 secs] [Times: user=0.00 sys=0.00, real=0.00 secs] 
2021-01-21T22:11:46.415+0800: 10.727: [CMS-concurrent-reset-start]
2021-01-21T22:11:46.416+0800: 10.728: [CMS-concurrent-reset: 0.000/0.000 secs] [Times: user=0.00 sys=0.00, real=0.00 secs] 
2021-01-21T22:11:46.426+0800: 10.738: [GC (Allocation Failure) 2021-01-21T22:11:46.426+0800: 10.738: [ParNew: 157226K->157226K(157248K), 0.0003385 secs]2021-01-21T22:11:46.427+0800: 10.739: [CMS: 349072K->349567K(349568K), 0.0508062 secs] 506299K->394779K(506816K), [Metaspace: 2816K->2816K(1056768K)], 0.0524511 secs] [Times: user=0.05 sys=0.00, real=0.06 secs] 
2021-01-21T22:11:46.479+0800: 10.791: [GC (CMS Initial Mark) [1 CMS-initial-mark: 349567K(349568K)] 394923K(506816K), 0.0016783 secs] [Times: user=0.00 sys=0.00, real=0.00 secs] 
2021-01-21T22:11:46.482+0800: 10.794: [CMS-concurrent-mark-start]
2021-01-21T22:11:46.483+0800: 10.795: [CMS-concurrent-mark: 0.001/0.001 secs] [Times: user=0.00 sys=0.00, real=0.00 secs] 
2021-01-21T22:11:46.484+0800: 10.796: [CMS-concurrent-preclean-start]
2021-01-21T22:11:46.485+0800: 10.797: [CMS-concurrent-preclean: 0.001/0.001 secs] [Times: user=0.01 sys=0.00, real=0.00 secs] 
2021-01-21T22:11:46.485+0800: 10.797: [CMS-concurrent-abortable-preclean-start]
2021-01-21T22:11:46.485+0800: 10.797: [CMS-concurrent-abortable-preclean: 0.000/0.000 secs] [Times: user=0.00 sys=0.00, real=0.00 secs] 
2021-01-21T22:11:46.486+0800: 10.798: [GC (CMS Final Remark) [YG occupancy: 79027 K (157248 K)]2021-01-21T22:11:46.486+0800: 10.798: [Rescan (parallel) , 0.0021534 secs]2021-01-21T22:11:46.489+0800: 10.801: [weak refs processing, 0.0003740 secs]2021-01-21T22:11:46.489+0800: 10.801: [class unloading, 0.0004869 secs]2021-01-21T22:11:46.490+0800: 10.802: [scrub symbol table, 0.0007335 secs]2021-01-21T22:11:46.491+0800: 10.803: [scrub string table, 0.0004363 secs][1 CMS-remark: 349567K(349568K)] 428594K(506816K), 0.0061268 secs] [Times: user=0.00 sys=0.01, real=0.01 secs] 
2021-01-21T22:11:46.493+0800: 10.805: [CMS-concurrent-sweep-start]
2021-01-21T22:11:46.493+0800: 10.805: [CMS-concurrent-sweep: 0.000/0.000 secs] [Times: user=0.00 sys=0.00, real=0.00 secs] 
2021-01-21T22:11:46.493+0800: 10.805: [CMS-concurrent-reset-start]
2021-01-21T22:11:46.493+0800: 10.805: [CMS-concurrent-reset: 0.000/0.000 secs] [Times: user=0.00 sys=0.00, real=0.00 secs] 
2021-01-21T22:11:46.503+0800: 10.815: [GC (Allocation Failure) 2021-01-21T22:11:46.503+0800: 10.815: [ParNew: 157126K->157126K(157248K), 0.0004770 secs]2021-01-21T22:11:46.504+0800: 10.816: [CMS: 349567K->349462K(349568K), 0.0542682 secs] 506694K->401809K(506816K), [Metaspace: 2816K->2816K(1056768K)], 0.0561272 secs] [Times: user=0.05 sys=0.00, real=0.06 secs] 
2021-01-21T22:11:46.560+0800: 10.872: [GC (CMS Initial Mark) [1 CMS-initial-mark: 349462K(349568K)] 404167K(506816K), 0.0010913 secs] [Times: user=0.00 sys=0.00, real=0.00 secs] 
2021-01-21T22:11:46.561+0800: 10.873: [CMS-concurrent-mark-start]
2021-01-21T22:11:46.563+0800: 10.875: [CMS-concurrent-mark: 0.001/0.001 secs] [Times: user=0.00 sys=0.00, real=0.00 secs] 
2021-01-21T22:11:46.563+0800: 10.875: [CMS-concurrent-preclean-start]
2021-01-21T22:11:46.564+0800: 10.876: [CMS-concurrent-preclean: 0.001/0.001 secs] [Times: user=0.00 sys=0.00, real=0.00 secs] 
2021-01-21T22:11:46.565+0800: 10.877: [CMS-concurrent-abortable-preclean-start]
2021-01-21T22:11:46.565+0800: 10.877: [CMS-concurrent-abortable-preclean: 0.000/0.000 secs] [Times: user=0.00 sys=0.00, real=0.00 secs] 
2021-01-21T22:11:46.565+0800: 10.877: [GC (CMS Final Remark) [YG occupancy: 82889 K (157248 K)]2021-01-21T22:11:46.565+0800: 10.877: [Rescan (parallel) , 0.0009397 secs]2021-01-21T22:11:46.567+0800: 10.879: [weak refs processing, 0.0003166 secs]2021-01-21T22:11:46.567+0800: 10.879: [class unloading, 0.0004030 secs]2021-01-21T22:11:46.568+0800: 10.880: [scrub symbol table, 0.0005182 secs]2021-01-21T22:11:46.569+0800: 10.881: [scrub string table, 0.0004726 secs][1 CMS-remark: 349462K(349568K)] 432351K(506816K), 0.0043148 secs] [Times: user=0.01 sys=0.00, real=0.01 secs] 
2021-01-21T22:11:46.570+0800: 10.882: [CMS-concurrent-sweep-start]
2021-01-21T22:11:46.570+0800: 10.882: [CMS-concurrent-sweep: 0.000/0.000 secs] [Times: user=0.00 sys=0.00, real=0.00 secs] 
2021-01-21T22:11:46.571+0800: 10.883: [CMS-concurrent-reset-start]
2021-01-21T22:11:46.571+0800: 10.883: [CMS-concurrent-reset: 0.000/0.000 secs] [Times: user=0.00 sys=0.00, real=0.00 secs] 
2021-01-21T22:11:46.579+0800: 10.891: [GC (Allocation Failure) 2021-01-21T22:11:46.579+0800: 10.891: [ParNew: 156908K->156908K(157248K), 0.0003292 secs]2021-01-21T22:11:46.580+0800: 10.892: [CMS: 348713K->349389K(349568K), 0.0501968 secs] 505621K->398301K(506816K), [Metaspace: 2816K->2816K(1056768K)], 0.0517529 secs] [Times: user=0.05 sys=0.00, real=0.05 secs] 
2021-01-21T22:11:46.631+0800: 10.943: [GC (CMS Initial Mark) [1 CMS-initial-mark: 349389K(349568K)] 400988K(506816K), 0.0012998 secs] [Times: user=0.00 sys=0.00, real=0.00 secs] 
2021-01-21T22:11:46.633+0800: 10.945: [CMS-concurrent-mark-start]
2021-01-21T22:11:46.634+0800: 10.947: [CMS-concurrent-mark: 0.001/0.001 secs] [Times: user=0.00 sys=0.00, real=0.00 secs] 
2021-01-21T22:11:46.635+0800: 10.947: [CMS-concurrent-preclean-start]
2021-01-21T22:11:46.636+0800: 10.948: [CMS-concurrent-preclean: 0.001/0.001 secs] [Times: user=0.00 sys=0.00, real=0.00 secs] 
2021-01-21T22:11:46.637+0800: 10.949: [CMS-concurrent-abortable-preclean-start]
2021-01-21T22:11:46.637+0800: 10.949: [CMS-concurrent-abortable-preclean: 0.000/0.000 secs] [Times: user=0.00 sys=0.00, real=0.00 secs] 
2021-01-21T22:11:46.637+0800: 10.949: [GC (CMS Final Remark) [YG occupancy: 79176 K (157248 K)]2021-01-21T22:11:46.638+0800: 10.950: [Rescan (parallel) , 0.0007323 secs]2021-01-21T22:11:46.639+0800: 10.951: [weak refs processing, 0.0003407 secs]2021-01-21T22:11:46.639+0800: 10.951: [class unloading, 0.0004457 secs]2021-01-21T22:11:46.640+0800: 10.952: [scrub symbol table, 0.0005141 secs]2021-01-21T22:11:46.641+0800: 10.953: [scrub string table, 0.0004040 secs][1 CMS-remark: 349389K(349568K)] 428565K(506816K), 0.0044221 secs] [Times: user=0.00 sys=0.01, real=0.01 secs] 
2021-01-21T22:11:46.643+0800: 10.955: [CMS-concurrent-sweep-start]
2021-01-21T22:11:46.643+0800: 10.955: [CMS-concurrent-sweep: 0.000/0.000 secs] [Times: user=0.00 sys=0.00, real=0.00 secs] 
2021-01-21T22:11:46.643+0800: 10.955: [CMS-concurrent-reset-start]
2021-01-21T22:11:46.643+0800: 10.955: [CMS-concurrent-reset: 0.000/0.000 secs] [Times: user=0.00 sys=0.00, real=0.00 secs] 
2021-01-21T22:11:46.653+0800: 10.965: [GC (Allocation Failure) 2021-01-21T22:11:46.654+0800: 10.966: [ParNew: 157218K->157218K(157248K), 0.0003341 secs]2021-01-21T22:11:46.654+0800: 10.966: [CMS: 348118K->349189K(349568K), 0.0532370 secs] 505337K->394992K(506816K), [Metaspace: 2816K->2816K(1056768K)], 0.0547226 secs] [Times: user=0.05 sys=0.00, real=0.06 secs] 
2021-01-21T22:11:46.709+0800: 11.021: [GC (CMS Initial Mark) [1 CMS-initial-mark: 349189K(349568K)] 397491K(506816K), 0.0016742 secs] [Times: user=0.00 sys=0.00, real=0.00 secs] 
2021-01-21T22:11:46.712+0800: 11.024: [CMS-concurrent-mark-start]
2021-01-21T22:11:46.713+0800: 11.025: [CMS-concurrent-mark: 0.002/0.002 secs] [Times: user=0.00 sys=0.00, real=0.00 secs] 
2021-01-21T22:11:46.714+0800: 11.026: [CMS-concurrent-preclean-start]
2021-01-21T22:11:46.715+0800: 11.027: [CMS-concurrent-preclean: 0.001/0.001 secs] [Times: user=0.00 sys=0.00, real=0.00 secs] 
2021-01-21T22:11:46.715+0800: 11.027: [CMS-concurrent-abortable-preclean-start]
2021-01-21T22:11:46.715+0800: 11.027: [CMS-concurrent-abortable-preclean: 0.000/0.000 secs] [Times: user=0.00 sys=0.00, real=0.00 secs] 
2021-01-21T22:11:46.716+0800: 11.028: [GC (CMS Final Remark) [YG occupancy: 77344 K (157248 K)]2021-01-21T22:11:46.716+0800: 11.028: [Rescan (parallel) , 0.0011751 secs]2021-01-21T22:11:46.718+0800: 11.030: [weak refs processing, 0.0002571 secs]2021-01-21T22:11:46.718+0800: 11.030: [class unloading, 0.0004124 secs]2021-01-21T22:11:46.719+0800: 11.031: [scrub symbol table, 0.0004974 secs]2021-01-21T22:11:46.720+0800: 11.032: [scrub string table, 0.0004532 secs][1 CMS-remark: 349189K(349568K)] 426533K(506816K), 0.0044663 secs] [Times: user=0.00 sys=0.00, real=0.01 secs] 
2021-01-21T22:11:46.721+0800: 11.033: [CMS-concurrent-sweep-start]
2021-01-21T22:11:46.721+0800: 11.033: [CMS-concurrent-sweep: 0.000/0.000 secs] [Times: user=0.00 sys=0.00, real=0.00 secs] 
2021-01-21T22:11:46.721+0800: 11.033: [CMS-concurrent-reset-start]
2021-01-21T22:11:46.721+0800: 11.034: [CMS-concurrent-reset: 0.000/0.000 secs] [Times: user=0.00 sys=0.00, real=0.00 secs] 
2021-01-21T22:11:46.730+0800: 11.042: [GC (Allocation Failure) 2021-01-21T22:11:46.731+0800: 11.043: [ParNew: 156919K->156919K(157248K), 0.0003368 secs]2021-01-21T22:11:46.731+0800: 11.043: [CMS: 349189K->349406K(349568K), 0.0510324 secs] 506108K->388410K(506816K), [Metaspace: 2816K->2816K(1056768K)], 0.0525346 secs] [Times: user=0.05 sys=0.00, real=0.05 secs] 
2021-01-21T22:11:46.784+0800: 11.096: [GC (CMS Initial Mark) [1 CMS-initial-mark: 349406K(349568K)] 391679K(506816K), 0.0009645 secs] [Times: user=0.00 sys=0.00, real=0.00 secs] 
2021-01-21T22:11:46.785+0800: 11.097: [CMS-concurrent-mark-start]
2021-01-21T22:11:46.787+0800: 11.099: [CMS-concurrent-mark: 0.001/0.001 secs] [Times: user=0.00 sys=0.00, real=0.00 secs] 
2021-01-21T22:11:46.787+0800: 11.099: [CMS-concurrent-preclean-start]
2021-01-21T22:11:46.788+0800: 11.100: [CMS-concurrent-preclean: 0.001/0.001 secs] [Times: user=0.00 sys=0.00, real=0.01 secs] 
2021-01-21T22:11:46.789+0800: 11.101: [CMS-concurrent-abortable-preclean-start]
2021-01-21T22:11:46.789+0800: 11.101: [CMS-concurrent-abortable-preclean: 0.000/0.000 secs] [Times: user=0.00 sys=0.00, real=0.00 secs] 
2021-01-21T22:11:46.789+0800: 11.101: [GC (CMS Final Remark) [YG occupancy: 63572 K (157248 K)]2021-01-21T22:11:46.789+0800: 11.102: [Rescan (parallel) , 0.0017181 secs]2021-01-21T22:11:46.792+0800: 11.104: [weak refs processing, 0.0003026 secs]2021-01-21T22:11:46.792+0800: 11.104: [class unloading, 0.0005102 secs]2021-01-21T22:11:46.793+0800: 11.105: [scrub symbol table, 0.0006195 secs]2021-01-21T22:11:46.794+0800: 11.106: [scrub string table, 0.0004562 secs][1 CMS-remark: 349406K(349568K)] 412978K(506816K), 0.0056728 secs] [Times: user=0.01 sys=0.00, real=0.00 secs] 
2021-01-21T22:11:46.796+0800: 11.108: [CMS-concurrent-sweep-start]
2021-01-21T22:11:46.796+0800: 11.108: [CMS-concurrent-sweep: 0.000/0.000 secs] [Times: user=0.00 sys=0.00, real=0.00 secs] 
2021-01-21T22:11:46.797+0800: 11.109: [CMS-concurrent-reset-start]
2021-01-21T22:11:46.797+0800: 11.109: [CMS-concurrent-reset: 0.000/0.000 secs] [Times: user=0.00 sys=0.00, real=0.00 secs] 
2021-01-21T22:11:46.806+0800: 11.118: [GC (Allocation Failure) 2021-01-21T22:11:46.806+0800: 11.118: [ParNew: 157190K->157190K(157248K), 0.0003224 secs]2021-01-21T22:11:46.807+0800: 11.119: [CMS: 348227K->349471K(349568K), 0.0509189 secs] 505417K->379464K(506816K), [Metaspace: 2816K->2816K(1056768K)], 0.0524721 secs] [Times: user=0.05 sys=0.00, real=0.06 secs] 
2021-01-21T22:11:46.860+0800: 11.172: [GC (CMS Initial Mark) [1 CMS-initial-mark: 349471K(349568K)] 382463K(506816K), 0.0013389 secs] [Times: user=0.00 sys=0.00, real=0.00 secs] 
2021-01-21T22:11:46.862+0800: 11.174: [CMS-concurrent-mark-start]
2021-01-21T22:11:46.863+0800: 11.175: [CMS-concurrent-mark: 0.001/0.001 secs] [Times: user=0.00 sys=0.00, real=0.00 secs] 
2021-01-21T22:11:46.863+0800: 11.175: [CMS-concurrent-preclean-start]
2021-01-21T22:11:46.864+0800: 11.176: [CMS-concurrent-preclean: 0.001/0.001 secs] [Times: user=0.00 sys=0.00, real=0.00 secs] 
2021-01-21T22:11:46.865+0800: 11.177: [CMS-concurrent-abortable-preclean-start]
2021-01-21T22:11:46.865+0800: 11.177: [CMS-concurrent-abortable-preclean: 0.000/0.000 secs] [Times: user=0.00 sys=0.00, real=0.00 secs] 
2021-01-21T22:11:46.865+0800: 11.177: [GC (CMS Final Remark) [YG occupancy: 58324 K (157248 K)]2021-01-21T22:11:46.866+0800: 11.178: [Rescan (parallel) , 0.0007646 secs]2021-01-21T22:11:46.867+0800: 11.179: [weak refs processing, 0.0002783 secs]2021-01-21T22:11:46.867+0800: 11.179: [class unloading, 0.0004618 secs]2021-01-21T22:11:46.868+0800: 11.180: [scrub symbol table, 0.0008176 secs]2021-01-21T22:11:46.869+0800: 11.181: [scrub string table, 0.0005297 secs][1 CMS-remark: 349471K(349568K)] 407796K(506816K), 0.0048160 secs] [Times: user=0.00 sys=0.00, real=0.01 secs] 
2021-01-21T22:11:46.871+0800: 11.183: [CMS-concurrent-sweep-start]
2021-01-21T22:11:46.871+0800: 11.183: [CMS-concurrent-sweep: 0.000/0.000 secs] [Times: user=0.00 sys=0.00, real=0.00 secs] 
2021-01-21T22:11:46.871+0800: 11.183: [CMS-concurrent-reset-start]
2021-01-21T22:11:46.872+0800: 11.184: [CMS-concurrent-reset: 0.000/0.000 secs] [Times: user=0.00 sys=0.00, real=0.00 secs] 
2021-01-21T22:11:46.884+0800: 11.196: [GC (Allocation Failure) 2021-01-21T22:11:46.885+0800: 11.197: [ParNew: 157237K->157237K(157248K), 0.0002682 secs]2021-01-21T22:11:46.885+0800: 11.197: [CMS: 349043K->349303K(349568K), 0.0550775 secs] 506281K->378262K(506816K), [Metaspace: 2816K->2816K(1056768K)], 0.0563726 secs] [Times: user=0.06 sys=0.00, real=0.06 secs] 
2021-01-21T22:11:46.941+0800: 11.253: [GC (CMS Initial Mark) [1 CMS-initial-mark: 349303K(349568K)] 378406K(506816K), 0.0006283 secs] [Times: user=0.00 sys=0.00, real=0.00 secs] 
2021-01-21T22:11:46.942+0800: 11.254: [CMS-concurrent-mark-start]
2021-01-21T22:11:46.944+0800: 11.256: [CMS-concurrent-mark: 0.002/0.002 secs] [Times: user=0.00 sys=0.00, real=0.00 secs] 
2021-01-21T22:11:46.944+0800: 11.256: [CMS-concurrent-preclean-start]
2021-01-21T22:11:46.945+0800: 11.258: [CMS-concurrent-preclean: 0.001/0.001 secs] [Times: user=0.00 sys=0.00, real=0.00 secs] 
2021-01-21T22:11:46.946+0800: 11.258: [CMS-concurrent-abortable-preclean-start]
2021-01-21T22:11:46.946+0800: 11.258: [CMS-concurrent-abortable-preclean: 0.000/0.000 secs] [Times: user=0.00 sys=0.00, real=0.00 secs] 
2021-01-21T22:11:46.946+0800: 11.258: [GC (CMS Final Remark) [YG occupancy: 54221 K (157248 K)]2021-01-21T22:11:46.947+0800: 11.259: [Rescan (parallel) , 0.0012323 secs]2021-01-21T22:11:46.948+0800: 11.260: [weak refs processing, 0.0002493 secs]2021-01-21T22:11:46.949+0800: 11.261: [class unloading, 0.0005709 secs]2021-01-21T22:11:46.949+0800: 11.262: [scrub symbol table, 0.0006467 secs]2021-01-21T22:11:46.950+0800: 11.262: [scrub string table, 0.0003058 secs][1 CMS-remark: 349303K(349568K)] 403524K(506816K), 0.0044266 secs] [Times: user=0.01 sys=0.00, real=0.01 secs] 
2021-01-21T22:11:46.951+0800: 11.263: [CMS-concurrent-sweep-start]
2021-01-21T22:11:46.951+0800: 11.264: [CMS-concurrent-sweep: 0.000/0.000 secs] [Times: user=0.00 sys=0.00, real=0.00 secs] 
2021-01-21T22:11:46.952+0800: 11.264: [CMS-concurrent-reset-start]
2021-01-21T22:11:46.952+0800: 11.264: [CMS-concurrent-reset: 0.000/0.000 secs] [Times: user=0.00 sys=0.00, real=0.00 secs] 
2021-01-21T22:11:46.966+0800: 11.278: [GC (Allocation Failure) 2021-01-21T22:11:46.966+0800: 11.278: [ParNew: 157221K->157221K(157248K), 0.0004457 secs]2021-01-21T22:11:46.967+0800: 11.279: [CMS: 348185K->349419K(349568K), 0.0509631 secs] 505407K->371126K(506816K), [Metaspace: 2816K->2816K(1056768K)], 0.0525176 secs] [Times: user=0.05 sys=0.00, real=0.06 secs] 
2021-01-21T22:11:47.019+0800: 11.331: [GC (CMS Initial Mark) [1 CMS-initial-mark: 349419K(349568K)] 373759K(506816K), 0.0015198 secs] [Times: user=0.01 sys=0.00, real=0.00 secs] 
2021-01-21T22:11:47.021+0800: 11.333: [CMS-concurrent-mark-start]
2021-01-21T22:11:47.023+0800: 11.335: [CMS-concurrent-mark: 0.001/0.001 secs] [Times: user=0.00 sys=0.00, real=0.00 secs] 
2021-01-21T22:11:47.023+0800: 11.335: [CMS-concurrent-preclean-start]
2021-01-21T22:11:47.024+0800: 11.336: [CMS-concurrent-preclean: 0.001/0.001 secs] [Times: user=0.00 sys=0.00, real=0.00 secs] 
2021-01-21T22:11:47.024+0800: 11.337: [CMS-concurrent-abortable-preclean-start]
2021-01-21T22:11:47.025+0800: 11.337: [CMS-concurrent-abortable-preclean: 0.000/0.000 secs] [Times: user=0.00 sys=0.00, real=0.00 secs] 
2021-01-21T22:11:47.025+0800: 11.337: [GC (CMS Final Remark) [YG occupancy: 44483 K (157248 K)]2021-01-21T22:11:47.026+0800: 11.338: [Rescan (parallel) , 0.0013157 secs]2021-01-21T22:11:47.027+0800: 11.339: [weak refs processing, 0.0002363 secs]2021-01-21T22:11:47.028+0800: 11.340: [class unloading, 0.0004278 secs]2021-01-21T22:11:47.028+0800: 11.341: [scrub symbol table, 0.0005214 secs]2021-01-21T22:11:47.029+0800: 11.341: [scrub string table, 0.0004633 secs][1 CMS-remark: 349419K(349568K)] 393902K(506816K), 0.0047393 secs] [Times: user=0.01 sys=0.00, real=0.01 secs] 
2021-01-21T22:11:47.031+0800: 11.343: [CMS-concurrent-sweep-start]
2021-01-21T22:11:47.031+0800: 11.343: [CMS-concurrent-sweep: 0.000/0.000 secs] [Times: user=0.00 sys=0.00, real=0.00 secs] 
2021-01-21T22:11:47.031+0800: 11.343: [CMS-concurrent-reset-start]
2021-01-21T22:11:47.032+0800: 11.344: [CMS-concurrent-reset: 0.000/0.000 secs] [Times: user=0.00 sys=0.00, real=0.00 secs] 
2021-01-21T22:11:47.044+0800: 11.356: [GC (Allocation Failure) 2021-01-21T22:11:47.045+0800: 11.357: [ParNew: 157222K->157222K(157248K), 0.0002758 secs]2021-01-21T22:11:47.045+0800: 11.357: [CMS: 349419K->349410K(349568K), 0.0485554 secs] 506641K->375541K(506816K), [Metaspace: 2816K->2816K(1056768K)], 0.0501855 secs] [Times: user=0.05 sys=0.00, real=0.05 secs] 
2021-01-21T22:11:47.096+0800: 11.408: [GC (CMS Initial Mark) [1 CMS-initial-mark: 349410K(349568K)] 378344K(506816K), 0.0017505 secs] [Times: user=0.00 sys=0.00, real=0.00 secs] 
2021-01-21T22:11:47.098+0800: 11.410: [CMS-concurrent-mark-start]
2021-01-21T22:11:47.100+0800: 11.412: [CMS-concurrent-mark: 0.001/0.001 secs] [Times: user=0.00 sys=0.00, real=0.00 secs] 
2021-01-21T22:11:47.100+0800: 11.412: [CMS-concurrent-preclean-start]
2021-01-21T22:11:47.101+0800: 11.413: [CMS-concurrent-preclean: 0.001/0.001 secs] [Times: user=0.00 sys=0.00, real=0.00 secs] 
2021-01-21T22:11:47.102+0800: 11.414: [CMS-concurrent-abortable-preclean-start]
2021-01-21T22:11:47.102+0800: 11.414: [CMS-concurrent-abortable-preclean: 0.000/0.000 secs] [Times: user=0.00 sys=0.01, real=0.00 secs] 
2021-01-21T22:11:47.102+0800: 11.414: [GC (CMS Final Remark) [YG occupancy: 56693 K (157248 K)]2021-01-21T22:11:47.103+0800: 11.415: [Rescan (parallel) , 0.0060240 secs]2021-01-21T22:11:47.109+0800: 11.421: [weak refs processing, 0.0003713 secs]2021-01-21T22:11:47.110+0800: 11.422: [class unloading, 0.0005112 secs]2021-01-21T22:11:47.111+0800: 11.423: [scrub symbol table, 0.0006390 secs]2021-01-21T22:11:47.112+0800: 11.424: [scrub string table, 0.0005043 secs][1 CMS-remark: 349410K(349568K)] 406104K(506816K), 0.0103126 secs] [Times: user=0.04 sys=0.00, real=0.01 secs] 
2021-01-21T22:11:47.114+0800: 11.426: [CMS-concurrent-sweep-start]
2021-01-21T22:11:47.114+0800: 11.426: [CMS-concurrent-sweep: 0.000/0.000 secs] [Times: user=0.00 sys=0.00, real=0.00 secs] 
2021-01-21T22:11:47.114+0800: 11.426: [CMS-concurrent-reset-start]
2021-01-21T22:11:47.115+0800: 11.427: [CMS-concurrent-reset: 0.000/0.000 secs] [Times: user=0.00 sys=0.00, real=0.00 secs] 
2021-01-21T22:11:47.126+0800: 11.438: [GC (Allocation Failure) 2021-01-21T22:11:47.126+0800: 11.438: [ParNew: 156498K->156498K(157248K), 0.0003980 secs]2021-01-21T22:11:47.127+0800: 11.439: [CMS: 349150K->349290K(349568K), 0.0502764 secs] 505648K->376310K(506816K), [Metaspace: 2816K->2816K(1056768K)], 0.0519723 secs] [Times: user=0.05 sys=0.00, real=0.06 secs] 
2021-01-21T22:11:47.179+0800: 11.491: [GC (CMS Initial Mark) [1 CMS-initial-mark: 349290K(349568K)] 379714K(506816K), 0.0014185 secs] [Times: user=0.00 sys=0.00, real=0.00 secs] 
2021-01-21T22:11:47.182+0800: 11.494: [CMS-concurrent-mark-start]
2021-01-21T22:11:47.183+0800: 11.495: [CMS-concurrent-mark: 0.001/0.001 secs] [Times: user=0.00 sys=0.00, real=0.00 secs] 
2021-01-21T22:11:47.184+0800: 11.496: [CMS-concurrent-preclean-start]
2021-01-21T22:11:47.185+0800: 11.497: [CMS-concurrent-preclean: 0.001/0.001 secs] [Times: user=0.00 sys=0.00, real=0.00 secs] 
2021-01-21T22:11:47.185+0800: 11.497: [CMS-concurrent-abortable-preclean-start]
2021-01-21T22:11:47.185+0800: 11.497: [CMS-concurrent-abortable-preclean: 0.000/0.000 secs] [Times: user=0.00 sys=0.00, real=0.00 secs] 
2021-01-21T22:11:47.186+0800: 11.498: [GC (CMS Final Remark) [YG occupancy: 56545 K (157248 K)]2021-01-21T22:11:47.186+0800: 11.498: [Rescan (parallel) , 0.0008875 secs]2021-01-21T22:11:47.187+0800: 11.499: [weak refs processing, 0.0003380 secs]2021-01-21T22:11:47.188+0800: 11.500: [class unloading, 0.0004418 secs]2021-01-21T22:11:47.189+0800: 11.501: [scrub symbol table, 0.0006461 secs]2021-01-21T22:11:47.190+0800: 11.502: [scrub string table, 0.0004002 secs][1 CMS-remark: 349290K(349568K)] 405835K(506816K), 0.0046409 secs] [Times: user=0.00 sys=0.00, real=0.01 secs] 
2021-01-21T22:11:47.191+0800: 11.503: [CMS-concurrent-sweep-start]
2021-01-21T22:11:47.192+0800: 11.504: [CMS-concurrent-sweep: 0.000/0.000 secs] [Times: user=0.00 sys=0.00, real=0.00 secs] 
2021-01-21T22:11:47.192+0800: 11.504: [CMS-concurrent-reset-start]
2021-01-21T22:11:47.192+0800: 11.504: [CMS-concurrent-reset: 0.000/0.000 secs] [Times: user=0.00 sys=0.00, real=0.00 secs] 
2021-01-21T22:11:47.206+0800: 11.518: [GC (Allocation Failure) 2021-01-21T22:11:47.206+0800: 11.518: [ParNew: 157123K->157123K(157248K), 0.0002586 secs]2021-01-21T22:11:47.207+0800: 11.519: [CMS: 348150K->349465K(349568K), 0.0487043 secs] 505273K->371045K(506816K), [Metaspace: 2816K->2816K(1056768K)], 0.0501561 secs] [Times: user=0.05 sys=0.00, real=0.05 secs] 
2021-01-21T22:11:47.257+0800: 11.569: [GC (CMS Initial Mark) [1 CMS-initial-mark: 349465K(349568K)] 374219K(506816K), 0.0014196 secs] [Times: user=0.00 sys=0.00, real=0.01 secs] 
2021-01-21T22:11:47.259+0800: 11.571: [CMS-concurrent-mark-start]
2021-01-21T22:11:47.261+0800: 11.573: [CMS-concurrent-mark: 0.001/0.001 secs] [Times: user=0.00 sys=0.00, real=0.00 secs] 
2021-01-21T22:11:47.261+0800: 11.573: [CMS-concurrent-preclean-start]
2021-01-21T22:11:47.262+0800: 11.574: [CMS-concurrent-preclean: 0.001/0.001 secs] [Times: user=0.00 sys=0.00, real=0.00 secs] 
2021-01-21T22:11:47.263+0800: 11.575: [CMS-concurrent-abortable-preclean-start]
2021-01-21T22:11:47.263+0800: 11.575: [CMS-concurrent-abortable-preclean: 0.000/0.000 secs] [Times: user=0.00 sys=0.00, real=0.00 secs] 
2021-01-21T22:11:47.264+0800: 11.576: [GC (CMS Final Remark) [YG occupancy: 54828 K (157248 K)]2021-01-21T22:11:47.264+0800: 11.576: [Rescan (parallel) , 0.0011101 secs]2021-01-21T22:11:47.265+0800: 11.577: [weak refs processing, 0.0002968 secs]2021-01-21T22:11:47.266+0800: 11.578: [class unloading, 0.0004271 secs]2021-01-21T22:11:47.267+0800: 11.579: [scrub symbol table, 0.0005529 secs]2021-01-21T22:11:47.267+0800: 11.579: [scrub string table, 0.0003914 secs][1 CMS-remark: 349465K(349568K)] 404294K(506816K), 0.0044823 secs] [Times: user=0.00 sys=0.00, real=0.01 secs] 
2021-01-21T22:11:47.269+0800: 11.581: [CMS-concurrent-sweep-start]
2021-01-21T22:11:47.269+0800: 11.581: [CMS-concurrent-sweep: 0.000/0.000 secs] [Times: user=0.00 sys=0.00, real=0.00 secs] 
2021-01-21T22:11:47.269+0800: 11.581: [CMS-concurrent-reset-start]
2021-01-21T22:11:47.270+0800: 11.582: [CMS-concurrent-reset: 0.000/0.000 secs] [Times: user=0.00 sys=0.00, real=0.00 secs] 
2021-01-21T22:11:47.281+0800: 11.593: [GC (Allocation Failure) 2021-01-21T22:11:47.281+0800: 11.593: [ParNew: 156644K->156644K(157248K), 0.0002882 secs]2021-01-21T22:11:47.282+0800: 11.594: [CMS: 347051K->348980K(349568K), 0.0515290 secs] 503695K->368905K(506816K), [Metaspace: 2816K->2816K(1056768K)], 0.0530720 secs] [Times: user=0.05 sys=0.00, real=0.05 secs] 
2021-01-21T22:11:47.335+0800: 11.647: [GC (CMS Initial Mark) [1 CMS-initial-mark: 348980K(349568K)] 372270K(506816K), 0.0014093 secs] [Times: user=0.00 sys=0.00, real=0.00 secs] 
2021-01-21T22:11:47.337+0800: 11.649: [CMS-concurrent-mark-start]
2021-01-21T22:11:47.338+0800: 11.650: [CMS-concurrent-mark: 0.001/0.001 secs] [Times: user=0.00 sys=0.00, real=0.01 secs] 
2021-01-21T22:11:47.339+0800: 11.651: [CMS-concurrent-preclean-start]
2021-01-21T22:11:47.340+0800: 11.652: [CMS-concurrent-preclean: 0.001/0.001 secs] [Times: user=0.00 sys=0.00, real=0.00 secs] 
2021-01-21T22:11:47.340+0800: 11.652: [CMS-concurrent-abortable-preclean-start]
2021-01-21T22:11:47.340+0800: 11.652: [CMS-concurrent-abortable-preclean: 0.000/0.000 secs] [Times: user=0.00 sys=0.00, real=0.00 secs] 
2021-01-21T22:11:47.341+0800: 11.653: [GC (CMS Final Remark) [YG occupancy: 54807 K (157248 K)]2021-01-21T22:11:47.341+0800: 11.654: [Rescan (parallel) , 0.0014264 secs]2021-01-21T22:11:47.343+0800: 11.655: [weak refs processing, 0.0003127 secs]2021-01-21T22:11:47.344+0800: 11.656: [class unloading, 0.0005041 secs]2021-01-21T22:11:47.345+0800: 11.657: [scrub symbol table, 0.0007292 secs]2021-01-21T22:11:47.346+0800: 11.658: [scrub string table, 0.0003688 secs][1 CMS-remark: 348980K(349568K)] 403787K(506816K), 0.0051490 secs] [Times: user=0.00 sys=0.00, real=0.00 secs] 
2021-01-21T22:11:47.347+0800: 11.659: [CMS-concurrent-sweep-start]
2021-01-21T22:11:47.347+0800: 11.659: [CMS-concurrent-sweep: 0.000/0.000 secs] [Times: user=0.00 sys=0.00, real=0.00 secs] 
2021-01-21T22:11:47.347+0800: 11.659: [CMS-concurrent-reset-start]
2021-01-21T22:11:47.348+0800: 11.660: [CMS-concurrent-reset: 0.000/0.000 secs] [Times: user=0.00 sys=0.00, real=0.00 secs] 
2021-01-21T22:11:47.359+0800: 11.671: [GC (Allocation Failure) 2021-01-21T22:11:47.359+0800: 11.671: [ParNew: 157228K->157228K(157248K), 0.0002174 secs]2021-01-21T22:11:47.360+0800: 11.672: [CMS: 348023K->349247K(349568K), 0.0500139 secs] 505251K->365464K(506816K), [Metaspace: 2816K->2816K(1056768K)], 0.0513261 secs] [Times: user=0.05 sys=0.00, real=0.05 secs] 
2021-01-21T22:11:47.411+0800: 11.723: [GC (CMS Initial Mark) [1 CMS-initial-mark: 349247K(349568K)] 368258K(506816K), 0.0014416 secs] [Times: user=0.01 sys=0.00, real=0.00 secs] 
2021-01-21T22:11:47.413+0800: 11.725: [CMS-concurrent-mark-start]
2021-01-21T22:11:47.415+0800: 11.727: [CMS-concurrent-mark: 0.001/0.001 secs] [Times: user=0.00 sys=0.00, real=0.00 secs] 
2021-01-21T22:11:47.415+0800: 11.727: [CMS-concurrent-preclean-start]
2021-01-21T22:11:47.416+0800: 11.728: [CMS-concurrent-preclean: 0.001/0.001 secs] [Times: user=0.00 sys=0.00, real=0.00 secs] 
2021-01-21T22:11:47.417+0800: 11.729: [CMS-concurrent-abortable-preclean-start]
2021-01-21T22:11:47.417+0800: 11.729: [CMS-concurrent-abortable-preclean: 0.000/0.000 secs] [Times: user=0.00 sys=0.00, real=0.00 secs] 
2021-01-21T22:11:47.417+0800: 11.729: [GC (CMS Final Remark) [YG occupancy: 48310 K (157248 K)]2021-01-21T22:11:47.418+0800: 11.730: [Rescan (parallel) , 0.0017760 secs]2021-01-21T22:11:47.420+0800: 11.732: [weak refs processing, 0.0003617 secs]2021-01-21T22:11:47.421+0800: 11.733: [class unloading, 0.0004917 secs]2021-01-21T22:11:47.422+0800: 11.734: [scrub symbol table, 0.0007334 secs]2021-01-21T22:11:47.423+0800: 11.735: [scrub string table, 0.0004493 secs][1 CMS-remark: 349247K(349568K)] 397557K(506816K), 0.0059556 secs] [Times: user=0.00 sys=0.01, real=0.01 secs] 
2021-01-21T22:11:47.424+0800: 11.736: [CMS-concurrent-sweep-start]
2021-01-21T22:11:47.424+0800: 11.737: [CMS-concurrent-sweep: 0.000/0.000 secs] [Times: user=0.00 sys=0.00, real=0.00 secs] 
2021-01-21T22:11:47.425+0800: 11.737: [CMS-concurrent-reset-start]
2021-01-21T22:11:47.425+0800: 11.737: [CMS-concurrent-reset: 0.000/0.000 secs] [Times: user=0.00 sys=0.00, real=0.00 secs] 
2021-01-21T22:11:47.438+0800: 11.750: [GC (Allocation Failure) 2021-01-21T22:11:47.439+0800: 11.751: [ParNew: 156662K->156662K(157248K), 0.0003712 secs]2021-01-21T22:11:47.440+0800: 11.752: [CMS: 346609K->349291K(349568K), 0.0497273 secs] 503272K->361420K(506816K), [Metaspace: 2816K->2816K(1056768K)], 0.0514352 secs] [Times: user=0.05 sys=0.00, real=0.05 secs] 
2021-01-21T22:11:47.491+0800: 11.803: [GC (CMS Initial Mark) [1 CMS-initial-mark: 349291K(349568K)] 365571K(506816K), 0.0014589 secs] [Times: user=0.00 sys=0.00, real=0.00 secs] 
2021-01-21T22:11:47.493+0800: 11.805: [CMS-concurrent-mark-start]
2021-01-21T22:11:47.494+0800: 11.807: [CMS-concurrent-mark: 0.001/0.001 secs] [Times: user=0.01 sys=0.00, real=0.00 secs] 
2021-01-21T22:11:47.495+0800: 11.807: [CMS-concurrent-preclean-start]
2021-01-21T22:11:47.496+0800: 11.808: [CMS-concurrent-preclean: 0.001/0.001 secs] [Times: user=0.00 sys=0.00, real=0.00 secs] 
2021-01-21T22:11:47.497+0800: 11.809: [CMS-concurrent-abortable-preclean-start]
2021-01-21T22:11:47.497+0800: 11.809: [CMS-concurrent-abortable-preclean: 0.000/0.000 secs] [Times: user=0.00 sys=0.00, real=0.00 secs] 
2021-01-21T22:11:47.497+0800: 11.809: [GC (CMS Final Remark) [YG occupancy: 48990 K (157248 K)]2021-01-21T22:11:47.497+0800: 11.810: [Rescan (parallel) , 0.0014058 secs]2021-01-21T22:11:47.499+0800: 11.811: [weak refs processing, 0.0003755 secs]2021-01-21T22:11:47.500+0800: 11.812: [class unloading, 0.0006127 secs]2021-01-21T22:11:47.501+0800: 11.813: [scrub symbol table, 0.0006577 secs]2021-01-21T22:11:47.502+0800: 11.814: [scrub string table, 0.0004547 secs][1 CMS-remark: 349291K(349568K)] 398281K(506816K), 0.0056441 secs] [Times: user=0.01 sys=0.00, real=0.01 secs] 
2021-01-21T22:11:47.504+0800: 11.816: [CMS-concurrent-sweep-start]
2021-01-21T22:11:47.504+0800: 11.816: [CMS-concurrent-sweep: 0.000/0.000 secs] [Times: user=0.00 sys=0.00, real=0.00 secs] 
2021-01-21T22:11:47.504+0800: 11.816: [CMS-concurrent-reset-start]
2021-01-21T22:11:47.504+0800: 11.817: [CMS-concurrent-reset: 0.000/0.000 secs] [Times: user=0.00 sys=0.00, real=0.00 secs] 
2021-01-21T22:11:47.518+0800: 11.830: [GC (Allocation Failure) 2021-01-21T22:11:47.518+0800: 11.830: [ParNew: 157076K->157076K(157248K), 0.0006122 secs]2021-01-21T22:11:47.519+0800: 11.831: [CMS: 346048K->349545K(349568K), 0.0493721 secs] 503124K->363886K(506816K), [Metaspace: 2816K->2816K(1056768K)], 0.0515966 secs] [Times: user=0.05 sys=0.00, real=0.06 secs] 
2021-01-21T22:11:47.570+0800: 11.883: [GC (CMS Initial Mark) [1 CMS-initial-mark: 349545K(349568K)] 367022K(506816K), 0.0013764 secs] [Times: user=0.00 sys=0.00, real=0.00 secs] 
2021-01-21T22:11:47.573+0800: 11.885: [CMS-concurrent-mark-start]
2021-01-21T22:11:47.574+0800: 11.886: [CMS-concurrent-mark: 0.001/0.001 secs] [Times: user=0.01 sys=0.00, real=0.00 secs] 
2021-01-21T22:11:47.574+0800: 11.886: [CMS-concurrent-preclean-start]
2021-01-21T22:11:47.575+0800: 11.887: [CMS-concurrent-preclean: 0.001/0.001 secs] [Times: user=0.00 sys=0.00, real=0.00 secs] 
2021-01-21T22:11:47.576+0800: 11.888: [CMS-concurrent-abortable-preclean-start]
2021-01-21T22:11:47.576+0800: 11.888: [CMS-concurrent-abortable-preclean: 0.000/0.000 secs] [Times: user=0.00 sys=0.00, real=0.00 secs] 
2021-01-21T22:11:47.576+0800: 11.888: [GC (CMS Final Remark) [YG occupancy: 45091 K (157248 K)]2021-01-21T22:11:47.577+0800: 11.889: [Rescan (parallel) , 0.0020138 secs]2021-01-21T22:11:47.579+0800: 11.891: [weak refs processing, 0.0002951 secs]2021-01-21T22:11:47.580+0800: 11.892: [class unloading, 0.0007180 secs]2021-01-21T22:11:47.581+0800: 11.893: [scrub symbol table, 0.0005389 secs]2021-01-21T22:11:47.581+0800: 11.893: [scrub string table, 0.0003361 secs][1 CMS-remark: 349545K(349568K)] 394636K(506816K), 0.0056223 secs] [Times: user=0.01 sys=0.00, real=0.01 secs] 
2021-01-21T22:11:47.582+0800: 11.894: [CMS-concurrent-sweep-start]
2021-01-21T22:11:47.583+0800: 11.895: [CMS-concurrent-sweep: 0.000/0.000 secs] [Times: user=0.00 sys=0.00, real=0.00 secs] 
2021-01-21T22:11:47.583+0800: 11.895: [CMS-concurrent-reset-start]
2021-01-21T22:11:47.583+0800: 11.895: [CMS-concurrent-reset: 0.000/0.000 secs] [Times: user=0.00 sys=0.00, real=0.00 secs] 
2021-01-21T22:11:47.596+0800: 11.908: [GC (Allocation Failure) 2021-01-21T22:11:47.596+0800: 11.909: [ParNew: 157224K->157224K(157248K), 0.0003483 secs]2021-01-21T22:11:47.597+0800: 11.909: [CMS: 349096K->349235K(349568K), 0.0485981 secs] 506321K->364727K(506816K), [Metaspace: 2816K->2816K(1056768K)], 0.0501526 secs] [Times: user=0.04 sys=0.00, real=0.05 secs] 
2021-01-21T22:11:47.647+0800: 11.959: [GC (CMS Initial Mark) [1 CMS-initial-mark: 349235K(349568K)] 367590K(506816K), 0.0015444 secs] [Times: user=0.00 sys=0.00, real=0.01 secs] 
2021-01-21T22:11:47.650+0800: 11.962: [CMS-concurrent-mark-start]
2021-01-21T22:11:47.651+0800: 11.963: [CMS-concurrent-mark: 0.001/0.001 secs] [Times: user=0.00 sys=0.00, real=0.00 secs] 
2021-01-21T22:11:47.652+0800: 11.964: [CMS-concurrent-preclean-start]
2021-01-21T22:11:47.653+0800: 11.965: [CMS-concurrent-preclean: 0.001/0.001 secs] [Times: user=0.00 sys=0.01, real=0.00 secs] 
2021-01-21T22:11:47.653+0800: 11.965: [CMS-concurrent-abortable-preclean-start]
2021-01-21T22:11:47.653+0800: 11.965: [CMS-concurrent-abortable-preclean: 0.000/0.000 secs] [Times: user=0.00 sys=0.00, real=0.00 secs] 
2021-01-21T22:11:47.654+0800: 11.966: [GC (CMS Final Remark) [YG occupancy: 50554 K (157248 K)]2021-01-21T22:11:47.654+0800: 11.966: [Rescan (parallel) , 0.0012526 secs]2021-01-21T22:11:47.656+0800: 11.968: [weak refs processing, 0.0003099 secs]2021-01-21T22:11:47.656+0800: 11.968: [class unloading, 0.0007084 secs]2021-01-21T22:11:47.657+0800: 11.969: [scrub symbol table, 0.0005345 secs]2021-01-21T22:11:47.658+0800: 11.970: [scrub string table, 0.0003572 secs][1 CMS-remark: 349235K(349568K)] 399789K(506816K), 0.0050256 secs] [Times: user=0.01 sys=0.00, real=0.01 secs] 
2021-01-21T22:11:47.659+0800: 11.971: [CMS-concurrent-sweep-start]
2021-01-21T22:11:47.660+0800: 11.972: [CMS-concurrent-sweep: 0.000/0.000 secs] [Times: user=0.00 sys=0.00, real=0.00 secs] 
2021-01-21T22:11:47.660+0800: 11.972: [CMS-concurrent-reset-start]
2021-01-21T22:11:47.660+0800: 11.972: [CMS-concurrent-reset: 0.000/0.000 secs] [Times: user=0.00 sys=0.00, real=0.00 secs] 
2021-01-21T22:11:47.673+0800: 11.986: [GC (Allocation Failure) 2021-01-21T22:11:47.674+0800: 11.986: [ParNew: 157205K->157205K(157248K), 0.0002963 secs]2021-01-21T22:11:47.674+0800: 11.986: [CMS: 347332K->349412K(349568K), 0.0470784 secs] 504537K->365621K(506816K), [Metaspace: 2816K->2816K(1056768K)], 0.0484274 secs] [Times: user=0.05 sys=0.00, real=0.05 secs] 
2021-01-21T22:11:47.723+0800: 12.035: [GC (CMS Initial Mark) [1 CMS-initial-mark: 349412K(349568K)] 368990K(506816K), 0.0013144 secs] [Times: user=0.00 sys=0.00, real=0.00 secs] 
2021-01-21T22:11:47.725+0800: 12.037: [CMS-concurrent-mark-start]
2021-01-21T22:11:47.727+0800: 12.039: [CMS-concurrent-mark: 0.002/0.002 secs] [Times: user=0.01 sys=0.00, real=0.00 secs] 
2021-01-21T22:11:47.727+0800: 12.039: [CMS-concurrent-preclean-start]
2021-01-21T22:11:47.728+0800: 12.040: [CMS-concurrent-preclean: 0.001/0.001 secs] [Times: user=0.00 sys=0.00, real=0.01 secs] 
2021-01-21T22:11:47.729+0800: 12.041: [CMS-concurrent-abortable-preclean-start]
2021-01-21T22:11:47.729+0800: 12.041: [CMS-concurrent-abortable-preclean: 0.000/0.000 secs] [Times: user=0.00 sys=0.00, real=0.00 secs] 
2021-01-21T22:11:47.729+0800: 12.041: [GC (CMS Final Remark) [YG occupancy: 52129 K (157248 K)]2021-01-21T22:11:47.730+0800: 12.042: [Rescan (parallel) , 0.0017427 secs]2021-01-21T22:11:47.732+0800: 12.044: [weak refs processing, 0.0003159 secs]2021-01-21T22:11:47.732+0800: 12.044: [class unloading, 0.0004117 secs]2021-01-21T22:11:47.733+0800: 12.045: [scrub symbol table, 0.0005018 secs]2021-01-21T22:11:47.734+0800: 12.046: [scrub string table, 0.0003791 secs][1 CMS-remark: 349412K(349568K)] 401541K(506816K), 0.0052728 secs] [Times: user=0.01 sys=0.00, real=0.00 secs] 
2021-01-21T22:11:47.735+0800: 12.047: [CMS-concurrent-sweep-start]
2021-01-21T22:11:47.736+0800: 12.048: [CMS-concurrent-sweep: 0.000/0.000 secs] [Times: user=0.00 sys=0.00, real=0.00 secs] 
2021-01-21T22:11:47.736+0800: 12.048: [CMS-concurrent-reset-start]
2021-01-21T22:11:47.736+0800: 12.048: [CMS-concurrent-reset: 0.000/0.000 secs] [Times: user=0.00 sys=0.00, real=0.00 secs] 
2021-01-21T22:11:47.749+0800: 12.061: [GC (Allocation Failure) 2021-01-21T22:11:47.749+0800: 12.061: [ParNew: 157133K->157133K(157248K), 0.0003862 secs]2021-01-21T22:11:47.750+0800: 12.062: [CMS: 348061K->349564K(349568K), 0.0482373 secs] 505194K->366604K(506816K), [Metaspace: 2816K->2816K(1056768K)], 0.0499577 secs] [Times: user=0.05 sys=0.00, real=0.05 secs] 
2021-01-21T22:11:47.800+0800: 12.112: [GC (CMS Initial Mark) [1 CMS-initial-mark: 349564K(349568K)] 369671K(506816K), 0.0013361 secs] [Times: user=0.00 sys=0.00, real=0.00 secs] 
2021-01-21T22:11:47.802+0800: 12.114: [CMS-concurrent-mark-start]
2021-01-21T22:11:47.803+0800: 12.116: [CMS-concurrent-mark: 0.001/0.001 secs] [Times: user=0.00 sys=0.00, real=0.00 secs] 
2021-01-21T22:11:47.804+0800: 12.116: [CMS-concurrent-preclean-start]
2021-01-21T22:11:47.805+0800: 12.117: [CMS-concurrent-preclean: 0.001/0.001 secs] [Times: user=0.00 sys=0.00, real=0.00 secs] 
2021-01-21T22:11:47.806+0800: 12.118: [CMS-concurrent-abortable-preclean-start]
2021-01-21T22:11:47.806+0800: 12.118: [CMS-concurrent-abortable-preclean: 0.000/0.000 secs] [Times: user=0.00 sys=0.00, real=0.00 secs] 
2021-01-21T22:11:47.806+0800: 12.118: [GC (CMS Final Remark) [YG occupancy: 55835 K (157248 K)]2021-01-21T22:11:47.807+0800: 12.119: [Rescan (parallel) , 0.0008029 secs]2021-01-21T22:11:47.808+0800: 12.120: [weak refs processing, 0.0002959 secs]2021-01-21T22:11:47.809+0800: 12.121: [class unloading, 0.0005426 secs]2021-01-21T22:11:47.809+0800: 12.122: [scrub symbol table, 0.0005447 secs]2021-01-21T22:11:47.810+0800: 12.122: [scrub string table, 0.0004129 secs][1 CMS-remark: 349564K(349568K)] 405400K(506816K), 0.0047102 secs] [Times: user=0.01 sys=0.00, real=0.01 secs] 
2021-01-21T22:11:47.812+0800: 12.124: [CMS-concurrent-sweep-start]
2021-01-21T22:11:47.812+0800: 12.124: [CMS-concurrent-sweep: 0.000/0.000 secs] [Times: user=0.00 sys=0.00, real=0.00 secs] 
2021-01-21T22:11:47.812+0800: 12.124: [CMS-concurrent-reset-start]
2021-01-21T22:11:47.813+0800: 12.125: [CMS-concurrent-reset: 0.000/0.000 secs] [Times: user=0.00 sys=0.00, real=0.00 secs] 
2021-01-21T22:11:47.824+0800: 12.136: [GC (Allocation Failure) 2021-01-21T22:11:47.825+0800: 12.137: [ParNew: 157090K->157090K(157248K), 0.0003403 secs]2021-01-21T22:11:47.825+0800: 12.137: [CMS: 349336K->349294K(349568K), 0.0497465 secs] 506427K->369833K(506816K), [Metaspace: 2816K->2816K(1056768K)], 0.0513054 secs] [Times: user=0.05 sys=0.00, real=0.05 secs] 
2021-01-21T22:11:47.876+0800: 12.188: [GC (CMS Initial Mark) [1 CMS-initial-mark: 349294K(349568K)] 372813K(506816K), 0.0017352 secs] [Times: user=0.00 sys=0.00, real=0.01 secs] 
2021-01-21T22:11:47.879+0800: 12.191: [CMS-concurrent-mark-start]
2021-01-21T22:11:47.880+0800: 12.192: [CMS-concurrent-mark: 0.001/0.001 secs] [Times: user=0.00 sys=0.00, real=0.00 secs] 
2021-01-21T22:11:47.881+0800: 12.193: [CMS-concurrent-preclean-start]
2021-01-21T22:11:47.882+0800: 12.194: [CMS-concurrent-preclean: 0.001/0.001 secs] [Times: user=0.00 sys=0.00, real=0.00 secs] 
2021-01-21T22:11:47.882+0800: 12.194: [CMS-concurrent-abortable-preclean-start]
2021-01-21T22:11:47.882+0800: 12.194: [CMS-concurrent-abortable-preclean: 0.000/0.000 secs] [Times: user=0.00 sys=0.00, real=0.00 secs] 
2021-01-21T22:11:47.883+0800: 12.195: [GC (CMS Final Remark) [YG occupancy: 51129 K (157248 K)]2021-01-21T22:11:47.883+0800: 12.195: [Rescan (parallel) , 0.0007001 secs]2021-01-21T22:11:47.884+0800: 12.196: [weak refs processing, 0.0003083 secs]2021-01-21T22:11:47.884+0800: 12.197: [class unloading, 0.0005123 secs]2021-01-21T22:11:47.885+0800: 12.197: [scrub symbol table, 0.0007008 secs]2021-01-21T22:11:47.886+0800: 12.198: [scrub string table, 0.0004480 secs][1 CMS-remark: 349294K(349568K)] 400424K(506816K), 0.0045557 secs] [Times: user=0.01 sys=0.00, real=0.00 secs] 
2021-01-21T22:11:47.888+0800: 12.200: [CMS-concurrent-sweep-start]
2021-01-21T22:11:47.888+0800: 12.200: [CMS-concurrent-sweep: 0.000/0.000 secs] [Times: user=0.00 sys=0.00, real=0.01 secs] 
2021-01-21T22:11:47.888+0800: 12.200: [CMS-concurrent-reset-start]
2021-01-21T22:11:47.889+0800: 12.201: [CMS-concurrent-reset: 0.000/0.000 secs] [Times: user=0.00 sys=0.00, real=0.00 secs] 
2021-01-21T22:11:47.901+0800: 12.214: [GC (Allocation Failure) 2021-01-21T22:11:47.902+0800: 12.214: [ParNew: 157197K->157197K(157248K), 0.0005015 secs]2021-01-21T22:11:47.903+0800: 12.215: [CMS: 348557K->349179K(349568K), 0.0505990 secs] 505754K->373805K(506816K), [Metaspace: 2816K->2816K(1056768K)], 0.0523848 secs] [Times: user=0.05 sys=0.00, real=0.05 secs] 
2021-01-21T22:11:47.955+0800: 12.267: [GC (CMS Initial Mark) [1 CMS-initial-mark: 349179K(349568K)] 376999K(506816K), 0.0013590 secs] [Times: user=0.00 sys=0.00, real=0.00 secs] 
2021-01-21T22:11:47.957+0800: 12.269: [CMS-concurrent-mark-start]
2021-01-21T22:11:47.958+0800: 12.270: [CMS-concurrent-mark: 0.001/0.001 secs] [Times: user=0.00 sys=0.00, real=0.01 secs] 
2021-01-21T22:11:47.959+0800: 12.271: [CMS-concurrent-preclean-start]
2021-01-21T22:11:47.960+0800: 12.272: [CMS-concurrent-preclean: 0.001/0.001 secs] [Times: user=0.00 sys=0.00, real=0.00 secs] 
2021-01-21T22:11:47.960+0800: 12.272: [CMS-concurrent-abortable-preclean-start]
2021-01-21T22:11:47.960+0800: 12.272: [CMS-concurrent-abortable-preclean: 0.000/0.000 secs] [Times: user=0.00 sys=0.00, real=0.00 secs] 
2021-01-21T22:11:47.961+0800: 12.273: [GC (CMS Final Remark) [YG occupancy: 59168 K (157248 K)]2021-01-21T22:11:47.961+0800: 12.273: [Rescan (parallel) , 0.0011977 secs]2021-01-21T22:11:47.962+0800: 12.274: [weak refs processing, 0.0004032 secs]2021-01-21T22:11:47.963+0800: 12.275: [class unloading, 0.0007573 secs]2021-01-21T22:11:47.964+0800: 12.276: [scrub symbol table, 0.0005308 secs]2021-01-21T22:11:47.965+0800: 12.277: [scrub string table, 0.0003622 secs][1 CMS-remark: 349179K(349568K)] 408348K(506816K), 0.0050371 secs] [Times: user=0.01 sys=0.00, real=0.00 secs] 
2021-01-21T22:11:47.966+0800: 12.278: [CMS-concurrent-sweep-start]
2021-01-21T22:11:47.967+0800: 12.279: [CMS-concurrent-sweep: 0.000/0.000 secs] [Times: user=0.00 sys=0.00, real=0.00 secs] 
2021-01-21T22:11:47.967+0800: 12.279: [CMS-concurrent-reset-start]
2021-01-21T22:11:47.967+0800: 12.279: [CMS-concurrent-reset: 0.000/0.000 secs] [Times: user=0.00 sys=0.00, real=0.00 secs] 
2021-01-21T22:11:47.979+0800: 12.291: [GC (Allocation Failure) 2021-01-21T22:11:47.979+0800: 12.291: [ParNew: 157187K->157187K(157248K), 0.0004204 secs]2021-01-21T22:11:47.980+0800: 12.292: [CMS: 348395K->349350K(349568K), 0.0525296 secs] 505583K->373918K(506816K), [Metaspace: 2816K->2816K(1056768K)], 0.0542180 secs] [Times: user=0.05 sys=0.00, real=0.05 secs] 
2021-01-21T22:11:48.034+0800: 12.346: [GC (CMS Initial Mark) [1 CMS-initial-mark: 349350K(349568K)] 377321K(506816K), 0.0013303 secs] [Times: user=0.00 sys=0.00, real=0.00 secs] 
2021-01-21T22:11:48.036+0800: 12.348: [CMS-concurrent-mark-start]
2021-01-21T22:11:48.038+0800: 12.350: [CMS-concurrent-mark: 0.001/0.001 secs] [Times: user=0.01 sys=0.00, real=0.00 secs] 
2021-01-21T22:11:48.038+0800: 12.350: [CMS-concurrent-preclean-start]
2021-01-21T22:11:48.039+0800: 12.351: [CMS-concurrent-preclean: 0.001/0.001 secs] [Times: user=0.00 sys=0.00, real=0.00 secs] 
2021-01-21T22:11:48.040+0800: 12.352: [CMS-concurrent-abortable-preclean-start]
2021-01-21T22:11:48.040+0800: 12.352: [CMS-concurrent-abortable-preclean: 0.000/0.000 secs] [Times: user=0.00 sys=0.00, real=0.00 secs] 
2021-01-21T22:11:48.040+0800: 12.352: [GC (CMS Final Remark) [YG occupancy: 57200 K (157248 K)]2021-01-21T22:11:48.041+0800: 12.353: [Rescan (parallel) , 0.0014601 secs]2021-01-21T22:11:48.043+0800: 12.355: [weak refs processing, 0.0003356 secs]2021-01-21T22:11:48.043+0800: 12.355: [class unloading, 0.0006308 secs]2021-01-21T22:11:48.044+0800: 12.356: [scrub symbol table, 0.0005422 secs]2021-01-21T22:11:48.045+0800: 12.357: [scrub string table, 0.0004118 secs][1 CMS-remark: 349350K(349568K)] 406550K(506816K), 0.0051335 secs] [Times: user=0.01 sys=0.00, real=0.00 secs] 
2021-01-21T22:11:48.046+0800: 12.358: [CMS-concurrent-sweep-start]
2021-01-21T22:11:48.047+0800: 12.359: [CMS-concurrent-sweep: 0.000/0.000 secs] [Times: user=0.00 sys=0.00, real=0.00 secs] 
2021-01-21T22:11:48.047+0800: 12.359: [CMS-concurrent-reset-start]
2021-01-21T22:11:48.047+0800: 12.359: [CMS-concurrent-reset: 0.000/0.000 secs] [Times: user=0.00 sys=0.00, real=0.00 secs] 
2021-01-21T22:11:48.060+0800: 12.372: [GC (Allocation Failure) 2021-01-21T22:11:48.060+0800: 12.372: [ParNew: 156616K->156616K(157248K), 0.0003085 secs]2021-01-21T22:11:48.061+0800: 12.373: [CMS: 348110K->349330K(349568K), 0.0520266 secs] 504727K->379723K(506816K), [Metaspace: 2816K->2816K(1056768K)], 0.0534596 secs] [Times: user=0.05 sys=0.00, real=0.05 secs] 
2021-01-21T22:11:48.114+0800: 12.426: [GC (CMS Initial Mark) [1 CMS-initial-mark: 349330K(349568K)] 383554K(506816K), 0.0015946 secs] [Times: user=0.01 sys=0.00, real=0.00 secs] 
2021-01-21T22:11:48.117+0800: 12.429: [CMS-concurrent-mark-start]
2021-01-21T22:11:48.118+0800: 12.430: [CMS-concurrent-mark: 0.002/0.002 secs] [Times: user=0.00 sys=0.00, real=0.01 secs] 
2021-01-21T22:11:48.119+0800: 12.431: [CMS-concurrent-preclean-start]
2021-01-21T22:11:48.120+0800: 12.432: [CMS-concurrent-preclean: 0.001/0.001 secs] [Times: user=0.00 sys=0.00, real=0.00 secs] 
2021-01-21T22:11:48.120+0800: 12.432: [CMS-concurrent-abortable-preclean-start]
2021-01-21T22:11:48.120+0800: 12.432: [CMS-concurrent-abortable-preclean: 0.000/0.000 secs] [Times: user=0.00 sys=0.00, real=0.00 secs] 
2021-01-21T22:11:48.121+0800: 12.433: [GC (CMS Final Remark) [YG occupancy: 65100 K (157248 K)]2021-01-21T22:11:48.121+0800: 12.433: [Rescan (parallel) , 0.0022008 secs]2021-01-21T22:11:48.124+0800: 12.436: [weak refs processing, 0.0004479 secs]2021-01-21T22:11:48.125+0800: 12.437: [class unloading, 0.0004246 secs]2021-01-21T22:11:48.125+0800: 12.437: [scrub symbol table, 0.0005447 secs]2021-01-21T22:11:48.126+0800: 12.438: [scrub string table, 0.0003232 secs][1 CMS-remark: 349330K(349568K)] 414430K(506816K), 0.0058142 secs] [Times: user=0.01 sys=0.00, real=0.00 secs] 
2021-01-21T22:11:48.127+0800: 12.439: [CMS-concurrent-sweep-start]
2021-01-21T22:11:48.127+0800: 12.439: [CMS-concurrent-sweep: 0.000/0.000 secs] [Times: user=0.00 sys=0.00, real=0.00 secs] 
2021-01-21T22:11:48.127+0800: 12.439: [CMS-concurrent-reset-start]
2021-01-21T22:11:48.128+0800: 12.440: [CMS-concurrent-reset: 0.000/0.000 secs] [Times: user=0.00 sys=0.00, real=0.00 secs] 
2021-01-21T22:11:48.139+0800: 12.451: [GC (Allocation Failure) 2021-01-21T22:11:48.140+0800: 12.452: [ParNew: 157244K->157244K(157248K), 0.0003840 secs]2021-01-21T22:11:48.141+0800: 12.453: [CMS: 347917K->349499K(349568K), 0.0502570 secs] 505161K->383499K(506816K), [Metaspace: 2816K->2816K(1056768K)], 0.0519571 secs] [Times: user=0.05 sys=0.00, real=0.05 secs] 
2021-01-21T22:11:48.192+0800: 12.504: [GC (CMS Initial Mark) [1 CMS-initial-mark: 349499K(349568K)] 386165K(506816K), 0.0014840 secs] [Times: user=0.00 sys=0.00, real=0.00 secs] 
2021-01-21T22:11:48.195+0800: 12.507: [CMS-concurrent-mark-start]
2021-01-21T22:11:48.196+0800: 12.508: [CMS-concurrent-mark: 0.002/0.002 secs] [Times: user=0.01 sys=0.00, real=0.00 secs] 
2021-01-21T22:11:48.197+0800: 12.509: [CMS-concurrent-preclean-start]
2021-01-21T22:11:48.198+0800: 12.510: [CMS-concurrent-preclean: 0.001/0.001 secs] [Times: user=0.00 sys=0.00, real=0.00 secs] 
2021-01-21T22:11:48.198+0800: 12.511: [CMS-concurrent-abortable-preclean-start]
2021-01-21T22:11:48.198+0800: 12.511: [CMS-concurrent-abortable-preclean: 0.000/0.000 secs] [Times: user=0.00 sys=0.00, real=0.00 secs] 
2021-01-21T22:11:48.199+0800: 12.511: [GC (CMS Final Remark) [YG occupancy: 68040 K (157248 K)]2021-01-21T22:11:48.199+0800: 12.511: [Rescan (parallel) , 0.0011845 secs]2021-01-21T22:11:48.201+0800: 12.513: [weak refs processing, 0.0003534 secs]2021-01-21T22:11:48.202+0800: 12.514: [class unloading, 0.0004543 secs]2021-01-21T22:11:48.202+0800: 12.514: [scrub symbol table, 0.0005235 secs]2021-01-21T22:11:48.203+0800: 12.515: [scrub string table, 0.0004025 secs][1 CMS-remark: 349499K(349568K)] 417540K(506816K), 0.0048545 secs] [Times: user=0.01 sys=0.00, real=0.00 secs] 
2021-01-21T22:11:48.205+0800: 12.517: [CMS-concurrent-sweep-start]
2021-01-21T22:11:48.205+0800: 12.517: [CMS-concurrent-sweep: 0.000/0.000 secs] [Times: user=0.00 sys=0.00, real=0.00 secs] 
2021-01-21T22:11:48.205+0800: 12.517: [CMS-concurrent-reset-start]
2021-01-21T22:11:48.205+0800: 12.517: [CMS-concurrent-reset: 0.000/0.000 secs] [Times: user=0.00 sys=0.00, real=0.00 secs] 
2021-01-21T22:11:48.217+0800: 12.529: [GC (Allocation Failure) 2021-01-21T22:11:48.218+0800: 12.530: [ParNew: 157200K->157200K(157248K), 0.0004149 secs]2021-01-21T22:11:48.219+0800: 12.531: [CMS: 346534K->349215K(349568K), 0.0477990 secs] 503734K->375041K(506816K), [Metaspace: 2816K->2816K(1056768K)], 0.0499103 secs] [Times: user=0.05 sys=0.00, real=0.05 secs] 
2021-01-21T22:11:48.268+0800: 12.580: [GC (CMS Initial Mark) [1 CMS-initial-mark: 349215K(349568K)] 378261K(506816K), 0.0015915 secs] [Times: user=0.00 sys=0.00, real=0.00 secs] 
2021-01-21T22:11:48.271+0800: 12.583: [CMS-concurrent-mark-start]
2021-01-21T22:11:48.272+0800: 12.584: [CMS-concurrent-mark: 0.001/0.001 secs] [Times: user=0.00 sys=0.00, real=0.00 secs] 
2021-01-21T22:11:48.273+0800: 12.585: [CMS-concurrent-preclean-start]
2021-01-21T22:11:48.274+0800: 12.586: [CMS-concurrent-preclean: 0.001/0.001 secs] [Times: user=0.01 sys=0.00, real=0.00 secs] 
2021-01-21T22:11:48.275+0800: 12.587: [CMS-concurrent-abortable-preclean-start]
2021-01-21T22:11:48.275+0800: 12.587: [CMS-concurrent-abortable-preclean: 0.000/0.000 secs] [Times: user=0.00 sys=0.00, real=0.00 secs] 
2021-01-21T22:11:48.275+0800: 12.587: [GC (CMS Final Remark) [YG occupancy: 55217 K (157248 K)]2021-01-21T22:11:48.276+0800: 12.588: [Rescan (parallel) , 0.0013238 secs]2021-01-21T22:11:48.277+0800: 12.589: [weak refs processing, 0.0003404 secs]2021-01-21T22:11:48.278+0800: 12.590: [class unloading, 0.0004135 secs]2021-01-21T22:11:48.279+0800: 12.591: [scrub symbol table, 0.0005656 secs]2021-01-21T22:11:48.280+0800: 12.592: [scrub string table, 0.0004777 secs][1 CMS-remark: 349215K(349568K)] 404432K(506816K), 0.0052711 secs] [Times: user=0.00 sys=0.00, real=0.01 secs] 
2021-01-21T22:11:48.281+0800: 12.593: [CMS-concurrent-sweep-start]
2021-01-21T22:11:48.282+0800: 12.594: [CMS-concurrent-sweep: 0.000/0.000 secs] [Times: user=0.00 sys=0.00, real=0.00 secs] 
2021-01-21T22:11:48.282+0800: 12.594: [CMS-concurrent-reset-start]
2021-01-21T22:11:48.282+0800: 12.594: [CMS-concurrent-reset: 0.000/0.000 secs] [Times: user=0.00 sys=0.00, real=0.00 secs] 
2021-01-21T22:11:48.295+0800: 12.607: [GC (Allocation Failure) 2021-01-21T22:11:48.296+0800: 12.608: [ParNew: 157222K->157222K(157248K), 0.0003537 secs]2021-01-21T22:11:48.296+0800: 12.608: [CMS: 346534K->349524K(349568K), 0.0497543 secs] 503756K->374376K(506816K), [Metaspace: 2816K->2816K(1056768K)], 0.0514579 secs] [Times: user=0.05 sys=0.00, real=0.05 secs] 
2021-01-21T22:11:48.348+0800: 12.660: [GC (CMS Initial Mark) [1 CMS-initial-mark: 349524K(349568K)] 377071K(506816K), 0.0014762 secs] [Times: user=0.00 sys=0.00, real=0.01 secs] 
2021-01-21T22:11:48.350+0800: 12.662: [CMS-concurrent-mark-start]
2021-01-21T22:11:48.352+0800: 12.664: [CMS-concurrent-mark: 0.002/0.002 secs] [Times: user=0.00 sys=0.00, real=0.00 secs] 
2021-01-21T22:11:48.352+0800: 12.664: [CMS-concurrent-preclean-start]
2021-01-21T22:11:48.353+0800: 12.665: [CMS-concurrent-preclean: 0.001/0.001 secs] [Times: user=0.01 sys=0.00, real=0.00 secs] 
2021-01-21T22:11:48.354+0800: 12.666: [CMS-concurrent-abortable-preclean-start]
2021-01-21T22:11:48.354+0800: 12.666: [CMS-concurrent-abortable-preclean: 0.000/0.000 secs] [Times: user=0.00 sys=0.00, real=0.00 secs] 
2021-01-21T22:11:48.354+0800: 12.666: [GC (CMS Final Remark) [YG occupancy: 61297 K (157248 K)]2021-01-21T22:11:48.355+0800: 12.667: [Rescan (parallel) , 0.0018834 secs]2021-01-21T22:11:48.357+0800: 12.669: [weak refs processing, 0.0003041 secs]2021-01-21T22:11:48.357+0800: 12.670: [class unloading, 0.0004392 secs]2021-01-21T22:11:48.358+0800: 12.670: [scrub symbol table, 0.0005368 secs]2021-01-21T22:11:48.359+0800: 12.671: [scrub string table, 0.0003188 secs][1 CMS-remark: 349524K(349568K)] 410821K(506816K), 0.0052331 secs] [Times: user=0.00 sys=0.00, real=0.01 secs] 
2021-01-21T22:11:48.360+0800: 12.672: [CMS-concurrent-sweep-start]
2021-01-21T22:11:48.360+0800: 12.672: [CMS-concurrent-sweep: 0.000/0.000 secs] [Times: user=0.00 sys=0.00, real=0.00 secs] 
2021-01-21T22:11:48.361+0800: 12.673: [CMS-concurrent-reset-start]
2021-01-21T22:11:48.361+0800: 12.673: [CMS-concurrent-reset: 0.000/0.000 secs] [Times: user=0.00 sys=0.00, real=0.00 secs] 
2021-01-21T22:11:48.373+0800: 12.685: [GC (Allocation Failure) 2021-01-21T22:11:48.374+0800: 12.686: [ParNew: 156990K->156990K(157248K), 0.0003184 secs]2021-01-21T22:11:48.374+0800: 12.686: [CMS: 348747K->349006K(349568K), 0.0476718 secs] 505738K->374640K(506816K), [Metaspace: 2816K->2816K(1056768K)], 0.0491755 secs] [Times: user=0.04 sys=0.00, real=0.05 secs] 
2021-01-21T22:11:48.424+0800: 12.736: [GC (CMS Initial Mark) [1 CMS-initial-mark: 349006K(349568K)] 377772K(506816K), 0.0014334 secs] [Times: user=0.00 sys=0.00, real=0.00 secs] 
2021-01-21T22:11:48.426+0800: 12.738: [CMS-concurrent-mark-start]
2021-01-21T22:11:48.427+0800: 12.740: [CMS-concurrent-mark: 0.002/0.002 secs] [Times: user=0.00 sys=0.00, real=0.00 secs] 
2021-01-21T22:11:48.428+0800: 12.740: [CMS-concurrent-preclean-start]
2021-01-21T22:11:48.429+0800: 12.741: [CMS-concurrent-preclean: 0.001/0.001 secs] [Times: user=0.00 sys=0.00, real=0.01 secs] 
2021-01-21T22:11:48.430+0800: 12.742: [CMS-concurrent-abortable-preclean-start]
2021-01-21T22:11:48.430+0800: 12.742: [CMS-concurrent-abortable-preclean: 0.000/0.000 secs] [Times: user=0.00 sys=0.00, real=0.00 secs] 
2021-01-21T22:11:48.430+0800: 12.742: [GC (CMS Final Remark) [YG occupancy: 54933 K (157248 K)]2021-01-21T22:11:48.431+0800: 12.743: [Rescan (parallel) , 0.0007598 secs]2021-01-21T22:11:48.432+0800: 12.744: [weak refs processing, 0.0003449 secs]2021-01-21T22:11:48.432+0800: 12.744: [class unloading, 0.0004635 secs]2021-01-21T22:11:48.433+0800: 12.745: [scrub symbol table, 0.0008138 secs]2021-01-21T22:11:48.434+0800: 12.746: [scrub string table, 0.0004424 secs][1 CMS-remark: 349006K(349568K)] 403940K(506816K), 0.0048472 secs] [Times: user=0.00 sys=0.00, real=0.00 secs] 
2021-01-21T22:11:48.436+0800: 12.748: [CMS-concurrent-sweep-start]
2021-01-21T22:11:48.436+0800: 12.748: [CMS-concurrent-sweep: 0.000/0.000 secs] [Times: user=0.00 sys=0.00, real=0.00 secs] 
2021-01-21T22:11:48.437+0800: 12.749: [CMS-concurrent-reset-start]
2021-01-21T22:11:48.437+0800: 12.749: [CMS-concurrent-reset: 0.000/0.000 secs] [Times: user=0.00 sys=0.00, real=0.00 secs] 
2021-01-21T22:11:48.449+0800: 12.761: [GC (Allocation Failure) 2021-01-21T22:11:48.449+0800: 12.762: [ParNew: 156966K->156966K(157248K), 0.0003796 secs]2021-01-21T22:11:48.450+0800: 12.762: [CMS: 348975K->349526K(349568K), 0.0549629 secs] 505942K->380668K(506816K), [Metaspace: 2816K->2816K(1056768K)], 0.0569073 secs] [Times: user=0.06 sys=0.00, real=0.05 secs] 
2021-01-21T22:11:48.507+0800: 12.819: [GC (CMS Initial Mark) [1 CMS-initial-mark: 349526K(349568K)] 383823K(506816K), 0.0013792 secs] [Times: user=0.00 sys=0.00, real=0.01 secs] 
2021-01-21T22:11:48.509+0800: 12.821: [CMS-concurrent-mark-start]
2021-01-21T22:11:48.511+0800: 12.823: [CMS-concurrent-mark: 0.001/0.001 secs] [Times: user=0.00 sys=0.00, real=0.00 secs] 
2021-01-21T22:11:48.511+0800: 12.823: [CMS-concurrent-preclean-start]
2021-01-21T22:11:48.512+0800: 12.824: [CMS-concurrent-preclean: 0.001/0.001 secs] [Times: user=0.00 sys=0.00, real=0.00 secs] 
2021-01-21T22:11:48.512+0800: 12.825: [CMS-concurrent-abortable-preclean-start]
2021-01-21T22:11:48.512+0800: 12.825: [CMS-concurrent-abortable-preclean: 0.000/0.000 secs] [Times: user=0.00 sys=0.00, real=0.00 secs] 
2021-01-21T22:11:48.513+0800: 12.825: [GC (CMS Final Remark) [YG occupancy: 62216 K (157248 K)]2021-01-21T22:11:48.514+0800: 12.826: [Rescan (parallel) , 0.0012763 secs]2021-01-21T22:11:48.515+0800: 12.827: [weak refs processing, 0.0002246 secs]2021-01-21T22:11:48.516+0800: 12.828: [class unloading, 0.0003998 secs]2021-01-21T22:11:48.517+0800: 12.829: [scrub symbol table, 0.0009094 secs]2021-01-21T22:11:48.518+0800: 12.830: [scrub string table, 0.0006808 secs][1 CMS-remark: 349526K(349568K)] 411743K(506816K), 0.0056780 secs] [Times: user=0.01 sys=0.00, real=0.01 secs] 
2021-01-21T22:11:48.520+0800: 12.832: [CMS-concurrent-sweep-start]
2021-01-21T22:11:48.520+0800: 12.832: [CMS-concurrent-sweep: 0.000/0.000 secs] [Times: user=0.00 sys=0.00, real=0.00 secs] 
2021-01-21T22:11:48.521+0800: 12.833: [CMS-concurrent-reset-start]
2021-01-21T22:11:48.521+0800: 12.833: [CMS-concurrent-reset: 0.000/0.000 secs] [Times: user=0.00 sys=0.00, real=0.00 secs] 
2021-01-21T22:11:48.533+0800: 12.845: [GC (Allocation Failure) 2021-01-21T22:11:48.534+0800: 12.846: [ParNew: 157247K->157247K(157248K), 0.0003627 secs]2021-01-21T22:11:48.534+0800: 12.846: [CMS: 348942K->349514K(349568K), 0.0551024 secs] 506189K->383039K(506816K), [Metaspace: 2816K->2816K(1056768K)], 0.0568865 secs] [Times: user=0.06 sys=0.00, real=0.06 secs] 
2021-01-21T22:11:48.591+0800: 12.903: [GC (CMS Initial Mark) [1 CMS-initial-mark: 349514K(349568K)] 385822K(506816K), 0.0014105 secs] [Times: user=0.00 sys=0.00, real=0.00 secs] 
2021-01-21T22:11:48.593+0800: 12.905: [CMS-concurrent-mark-start]
2021-01-21T22:11:48.595+0800: 12.907: [CMS-concurrent-mark: 0.001/0.001 secs] [Times: user=0.00 sys=0.00, real=0.00 secs] 
2021-01-21T22:11:48.595+0800: 12.907: [CMS-concurrent-preclean-start]
2021-01-21T22:11:48.596+0800: 12.908: [CMS-concurrent-preclean: 0.001/0.001 secs] [Times: user=0.00 sys=0.00, real=0.00 secs] 
2021-01-21T22:11:48.596+0800: 12.908: [CMS-concurrent-abortable-preclean-start]
2021-01-21T22:11:48.596+0800: 12.908: [CMS-concurrent-abortable-preclean: 0.000/0.000 secs] [Times: user=0.00 sys=0.00, real=0.00 secs] 
2021-01-21T22:11:48.597+0800: 12.909: [GC (CMS Final Remark) [YG occupancy: 54410 K (157248 K)]2021-01-21T22:11:48.597+0800: 12.909: [Rescan (parallel) , 0.0007522 secs]2021-01-21T22:11:48.598+0800: 12.910: [weak refs processing, 0.0003180 secs]2021-01-21T22:11:48.599+0800: 12.911: [class unloading, 0.0005193 secs]2021-01-21T22:11:48.600+0800: 12.912: [scrub symbol table, 0.0008405 secs]2021-01-21T22:11:48.601+0800: 12.913: [scrub string table, 0.0004510 secs][1 CMS-remark: 349514K(349568K)] 403924K(506816K), 0.0050175 secs] [Times: user=0.00 sys=0.00, real=0.01 secs] 
2021-01-21T22:11:48.603+0800: 12.915: [CMS-concurrent-sweep-start]
2021-01-21T22:11:48.603+0800: 12.915: [CMS-concurrent-sweep: 0.000/0.000 secs] [Times: user=0.00 sys=0.00, real=0.00 secs] 
2021-01-21T22:11:48.603+0800: 12.915: [CMS-concurrent-reset-start]
2021-01-21T22:11:48.604+0800: 12.916: [CMS-concurrent-reset: 0.000/0.000 secs] [Times: user=0.00 sys=0.00, real=0.00 secs] 
2021-01-21T22:11:48.616+0800: 12.928: [GC (Allocation Failure) 2021-01-21T22:11:48.617+0800: 12.929: [ParNew: 157196K->157196K(157248K), 0.0003731 secs]2021-01-21T22:11:48.618+0800: 12.930: [CMS: 349061K->349538K(349568K), 0.0564231 secs] 506258K->386116K(506816K), [Metaspace: 2816K->2816K(1056768K)], 0.0581369 secs] [Times: user=0.06 sys=0.00, real=0.06 secs] 
2021-01-21T22:11:48.675+0800: 12.987: [GC (CMS Initial Mark) [1 CMS-initial-mark: 349538K(349568K)] 388855K(506816K), 0.0013616 secs] [Times: user=0.00 sys=0.00, real=0.00 secs] 
2021-01-21T22:11:48.677+0800: 12.989: [CMS-concurrent-mark-start]
2021-01-21T22:11:48.679+0800: 12.991: [CMS-concurrent-mark: 0.001/0.001 secs] [Times: user=0.01 sys=0.00, real=0.01 secs] 
2021-01-21T22:11:48.680+0800: 12.992: [CMS-concurrent-preclean-start]
2021-01-21T22:11:48.680+0800: 12.992: [CMS-concurrent-preclean: 0.001/0.001 secs] [Times: user=0.00 sys=0.00, real=0.00 secs] 
2021-01-21T22:11:48.681+0800: 12.993: [CMS-concurrent-abortable-preclean-start]
2021-01-21T22:11:48.681+0800: 12.993: [CMS-concurrent-abortable-preclean: 0.000/0.000 secs] [Times: user=0.00 sys=0.00, real=0.00 secs] 
2021-01-21T22:11:48.681+0800: 12.994: [GC (CMS Final Remark) [YG occupancy: 65719 K (157248 K)]2021-01-21T22:11:48.682+0800: 12.994: [Rescan (parallel) , 0.0009399 secs]2021-01-21T22:11:48.683+0800: 12.995: [weak refs processing, 0.0004332 secs]2021-01-21T22:11:48.684+0800: 12.996: [class unloading, 0.0005318 secs]2021-01-21T22:11:48.685+0800: 12.997: [scrub symbol table, 0.0006177 secs]2021-01-21T22:11:48.686+0800: 12.998: [scrub string table, 0.0004395 secs][1 CMS-remark: 349538K(349568K)] 415257K(506816K), 0.0052596 secs] [Times: user=0.01 sys=0.00, real=0.00 secs] 
2021-01-21T22:11:48.688+0800: 13.000: [CMS-concurrent-sweep-start]
2021-01-21T22:11:48.688+0800: 13.000: [CMS-concurrent-sweep: 0.001/0.001 secs] [Times: user=0.00 sys=0.00, real=0.01 secs] 
2021-01-21T22:11:48.689+0800: 13.001: [CMS-concurrent-reset-start]
2021-01-21T22:11:48.689+0800: 13.001: [CMS-concurrent-reset: 0.000/0.000 secs] [Times: user=0.00 sys=0.00, real=0.00 secs] 
2021-01-21T22:11:48.698+0800: 13.010: [GC (Allocation Failure) 2021-01-21T22:11:48.699+0800: 13.011: [ParNew: 156818K->156818K(157248K), 0.0004431 secs]2021-01-21T22:11:48.699+0800: 13.011: [CMS: 347310K->348988K(349568K), 0.0540481 secs] 504129K->380917K(506816K), [Metaspace: 2816K->2816K(1056768K)], 0.0558244 secs] [Times: user=0.05 sys=0.00, real=0.05 secs] 
2021-01-21T22:11:48.755+0800: 13.067: [GC (CMS Initial Mark) [1 CMS-initial-mark: 348988K(349568K)] 383977K(506816K), 0.0013649 secs] [Times: user=0.00 sys=0.00, real=0.00 secs] 
2021-01-21T22:11:48.757+0800: 13.069: [CMS-concurrent-mark-start]
2021-01-21T22:11:48.759+0800: 13.071: [CMS-concurrent-mark: 0.001/0.001 secs] [Times: user=0.01 sys=0.00, real=0.01 secs] 
2021-01-21T22:11:48.759+0800: 13.071: [CMS-concurrent-preclean-start]
2021-01-21T22:11:48.760+0800: 13.072: [CMS-concurrent-preclean: 0.001/0.001 secs] [Times: user=0.00 sys=0.00, real=0.00 secs] 
2021-01-21T22:11:48.761+0800: 13.073: [CMS-concurrent-abortable-preclean-start]
2021-01-21T22:11:48.761+0800: 13.073: [CMS-concurrent-abortable-preclean: 0.000/0.000 secs] [Times: user=0.00 sys=0.00, real=0.00 secs] 
2021-01-21T22:11:48.761+0800: 13.073: [GC (CMS Final Remark) [YG occupancy: 67923 K (157248 K)]2021-01-21T22:11:48.762+0800: 13.074: [Rescan (parallel) , 0.0014341 secs]2021-01-21T22:11:48.763+0800: 13.075: [weak refs processing, 0.0004445 secs]2021-01-21T22:11:48.764+0800: 13.077: [class unloading, 0.0006307 secs]2021-01-21T22:11:48.765+0800: 13.077: [scrub symbol table, 0.0005714 secs]2021-01-21T22:11:48.766+0800: 13.078: [scrub string table, 0.0005772 secs][1 CMS-remark: 348988K(349568K)] 416911K(506816K), 0.0061672 secs] [Times: user=0.01 sys=0.00, real=0.00 secs] 
2021-01-21T22:11:48.768+0800: 13.080: [CMS-concurrent-sweep-start]
2021-01-21T22:11:48.769+0800: 13.081: [CMS-concurrent-sweep: 0.000/0.000 secs] [Times: user=0.00 sys=0.00, real=0.00 secs] 
2021-01-21T22:11:48.769+0800: 13.081: [CMS-concurrent-reset-start]
2021-01-21T22:11:48.769+0800: 13.081: [CMS-concurrent-reset: 0.000/0.000 secs] [Times: user=0.00 sys=0.00, real=0.00 secs] 
2021-01-21T22:11:48.778+0800: 13.090: [GC (Allocation Failure) 2021-01-21T22:11:48.779+0800: 13.091: [ParNew: 157145K->157145K(157248K), 0.0003684 secs]2021-01-21T22:11:48.780+0800: 13.092: [CMS: 348889K->349549K(349568K), 0.0532801 secs] 506034K->380200K(506816K), [Metaspace: 2816K->2816K(1056768K)], 0.0549808 secs] [Times: user=0.05 sys=0.00, real=0.05 secs] 
2021-01-21T22:11:48.834+0800: 13.147: [GC (CMS Initial Mark) [1 CMS-initial-mark: 349549K(349568K)] 382869K(506816K), 0.0012207 secs] [Times: user=0.00 sys=0.00, real=0.00 secs] 
2021-01-21T22:11:48.836+0800: 13.149: [CMS-concurrent-mark-start]
2021-01-21T22:11:48.838+0800: 13.150: [CMS-concurrent-mark: 0.001/0.001 secs] [Times: user=0.00 sys=0.00, real=0.00 secs] 
2021-01-21T22:11:48.838+0800: 13.150: [CMS-concurrent-preclean-start]
2021-01-21T22:11:48.839+0800: 13.151: [CMS-concurrent-preclean: 0.001/0.001 secs] [Times: user=0.00 sys=0.00, real=0.00 secs] 
2021-01-21T22:11:48.839+0800: 13.152: [CMS-concurrent-abortable-preclean-start]
2021-01-21T22:11:48.839+0800: 13.152: [CMS-concurrent-abortable-preclean: 0.000/0.000 secs] [Times: user=0.00 sys=0.00, real=0.00 secs] 
2021-01-21T22:11:48.840+0800: 13.152: [GC (CMS Final Remark) [YG occupancy: 60412 K (157248 K)]2021-01-21T22:11:48.840+0800: 13.152: [Rescan (parallel) , 0.0011554 secs]2021-01-21T22:11:48.842+0800: 13.154: [weak refs processing, 0.0002993 secs]2021-01-21T22:11:48.843+0800: 13.155: [class unloading, 0.0005723 secs]2021-01-21T22:11:48.843+0800: 13.155: [scrub symbol table, 0.0005678 secs]2021-01-21T22:11:48.844+0800: 13.156: [scrub string table, 0.0004515 secs][1 CMS-remark: 349549K(349568K)] 409961K(506816K), 0.0048457 secs] [Times: user=0.01 sys=0.00, real=0.00 secs] 
2021-01-21T22:11:48.846+0800: 13.158: [CMS-concurrent-sweep-start]
2021-01-21T22:11:48.846+0800: 13.158: [CMS-concurrent-sweep: 0.000/0.000 secs] [Times: user=0.00 sys=0.00, real=0.00 secs] 
2021-01-21T22:11:48.847+0800: 13.159: [CMS-concurrent-reset-start]
2021-01-21T22:11:48.847+0800: 13.159: [CMS-concurrent-reset: 0.000/0.000 secs] [Times: user=0.00 sys=0.00, real=0.00 secs] 
2021-01-21T22:11:48.857+0800: 13.169: [GC (Allocation Failure) 2021-01-21T22:11:48.858+0800: 13.170: [ParNew: 157217K->157217K(157248K), 0.0003816 secs]2021-01-21T22:11:48.858+0800: 13.171: [CMS: 346594K->349558K(349568K), 0.0508976 secs] 503811K->380238K(506816K), [Metaspace: 2816K->2816K(1056768K)], 0.0525913 secs] [Times: user=0.05 sys=0.00, real=0.06 secs] 
2021-01-21T22:11:48.911+0800: 13.223: [GC (CMS Initial Mark) [1 CMS-initial-mark: 349558K(349568K)] 383005K(506816K), 0.0010729 secs] [Times: user=0.00 sys=0.00, real=0.00 secs] 
2021-01-21T22:11:48.912+0800: 13.224: [CMS-concurrent-mark-start]
2021-01-21T22:11:48.914+0800: 13.226: [CMS-concurrent-mark: 0.001/0.001 secs] [Times: user=0.00 sys=0.00, real=0.00 secs] 
2021-01-21T22:11:48.914+0800: 13.226: [CMS-concurrent-preclean-start]
2021-01-21T22:11:48.915+0800: 13.227: [CMS-concurrent-preclean: 0.001/0.001 secs] [Times: user=0.00 sys=0.00, real=0.00 secs] 
2021-01-21T22:11:48.915+0800: 13.227: [CMS-concurrent-abortable-preclean-start]
2021-01-21T22:11:48.915+0800: 13.227: [CMS-concurrent-abortable-preclean: 0.000/0.000 secs] [Times: user=0.00 sys=0.00, real=0.00 secs] 
2021-01-21T22:11:48.916+0800: 13.228: [GC (CMS Final Remark) [YG occupancy: 57647 K (157248 K)]2021-01-21T22:11:48.916+0800: 13.228: [Rescan (parallel) , 0.0014415 secs]2021-01-21T22:11:48.918+0800: 13.230: [weak refs processing, 0.0002648 secs]2021-01-21T22:11:48.918+0800: 13.230: [class unloading, 0.0004545 secs]2021-01-21T22:11:48.919+0800: 13.231: [scrub symbol table, 0.0005443 secs]2021-01-21T22:11:48.920+0800: 13.232: [scrub string table, 0.0004093 secs][1 CMS-remark: 349558K(349568K)] 407205K(506816K), 0.0047097 secs] [Times: user=0.00 sys=0.00, real=0.01 secs] 
2021-01-21T22:11:48.921+0800: 13.233: [CMS-concurrent-sweep-start]
2021-01-21T22:11:48.921+0800: 13.233: [CMS-concurrent-sweep: 0.000/0.000 secs] [Times: user=0.00 sys=0.00, real=0.00 secs] 
2021-01-21T22:11:48.922+0800: 13.234: [CMS-concurrent-reset-start]
2021-01-21T22:11:48.922+0800: 13.234: [CMS-concurrent-reset: 0.000/0.000 secs] [Times: user=0.00 sys=0.00, real=0.00 secs] 
2021-01-21T22:11:48.932+0800: 13.245: [GC (Allocation Failure) 2021-01-21T22:11:48.933+0800: 13.245: [ParNew: 157168K->157168K(157248K), 0.0003709 secs]2021-01-21T22:11:48.934+0800: 13.246: [CMS: 349355K->349107K(349568K), 0.0486583 secs] 506524K->379855K(506816K), [Metaspace: 2816K->2816K(1056768K)], 0.0503316 secs] [Times: user=0.05 sys=0.00, real=0.05 secs] 
2021-01-21T22:11:48.984+0800: 13.296: [GC (CMS Initial Mark) [1 CMS-initial-mark: 349107K(349568K)] 382731K(506816K), 0.0017176 secs] [Times: user=0.00 sys=0.00, real=0.00 secs] 
2021-01-21T22:11:48.987+0800: 13.299: [CMS-concurrent-mark-start]
2021-01-21T22:11:48.988+0800: 13.300: [CMS-concurrent-mark: 0.001/0.001 secs] [Times: user=0.00 sys=0.00, real=0.00 secs] 
2021-01-21T22:11:48.988+0800: 13.300: [CMS-concurrent-preclean-start]
2021-01-21T22:11:48.990+0800: 13.302: [CMS-concurrent-preclean: 0.001/0.001 secs] [Times: user=0.00 sys=0.00, real=0.00 secs] 
2021-01-21T22:11:48.990+0800: 13.302: [CMS-concurrent-abortable-preclean-start]
2021-01-21T22:11:48.990+0800: 13.302: [CMS-concurrent-abortable-preclean: 0.000/0.000 secs] [Times: user=0.00 sys=0.00, real=0.00 secs] 
2021-01-21T22:11:48.991+0800: 13.303: [GC (CMS Final Remark) [YG occupancy: 61419 K (157248 K)]2021-01-21T22:11:48.991+0800: 13.303: [Rescan (parallel) , 0.0007265 secs]2021-01-21T22:11:48.992+0800: 13.304: [weak refs processing, 0.0003539 secs]2021-01-21T22:11:48.993+0800: 13.305: [class unloading, 0.0005252 secs]2021-01-21T22:11:48.994+0800: 13.306: [scrub symbol table, 0.0006011 secs]2021-01-21T22:11:48.994+0800: 13.307: [scrub string table, 0.0004319 secs][1 CMS-remark: 349107K(349568K)] 410527K(506816K), 0.0046687 secs] [Times: user=0.00 sys=0.00, real=0.00 secs] 
2021-01-21T22:11:48.996+0800: 13.308: [CMS-concurrent-sweep-start]
2021-01-21T22:11:48.997+0800: 13.309: [CMS-concurrent-sweep: 0.001/0.001 secs] [Times: user=0.00 sys=0.00, real=0.00 secs] 
2021-01-21T22:11:48.997+0800: 13.309: [CMS-concurrent-reset-start]
2021-01-21T22:11:48.997+0800: 13.309: [CMS-concurrent-reset: 0.000/0.000 secs] [Times: user=0.00 sys=0.00, real=0.00 secs] 
2021-01-21T22:11:49.009+0800: 13.321: [GC (Allocation Failure) 2021-01-21T22:11:49.010+0800: 13.322: [ParNew: 157198K->157198K(157248K), 0.0003924 secs]2021-01-21T22:11:49.010+0800: 13.322: [CMS: 348275K->349013K(349568K), 0.0517627 secs] 505473K->377369K(506816K), [Metaspace: 2816K->2816K(1056768K)], 0.0535243 secs] [Times: user=0.06 sys=0.00, real=0.05 secs] 
2021-01-21T22:11:49.064+0800: 13.376: [GC (CMS Initial Mark) [1 CMS-initial-mark: 349013K(349568K)] 380185K(506816K), 0.0017668 secs] [Times: user=0.00 sys=0.00, real=0.00 secs] 
2021-01-21T22:11:49.066+0800: 13.378: [CMS-concurrent-mark-start]
2021-01-21T22:11:49.068+0800: 13.380: [CMS-concurrent-mark: 0.002/0.002 secs] [Times: user=0.00 sys=0.00, real=0.00 secs] 
2021-01-21T22:11:49.068+0800: 13.380: [CMS-concurrent-preclean-start]
2021-01-21T22:11:49.069+0800: 13.381: [CMS-concurrent-preclean: 0.001/0.001 secs] [Times: user=0.00 sys=0.00, real=0.00 secs] 
2021-01-21T22:11:49.070+0800: 13.382: [CMS-concurrent-abortable-preclean-start]
2021-01-21T22:11:49.070+0800: 13.382: [CMS-concurrent-abortable-preclean: 0.000/0.000 secs] [Times: user=0.00 sys=0.00, real=0.00 secs] 
2021-01-21T22:11:49.070+0800: 13.382: [GC (CMS Final Remark) [YG occupancy: 58936 K (157248 K)]2021-01-21T22:11:49.071+0800: 13.383: [Rescan (parallel) , 0.0014414 secs]2021-01-21T22:11:49.072+0800: 13.385: [weak refs processing, 0.0003019 secs]2021-01-21T22:11:49.073+0800: 13.385: [class unloading, 0.0004380 secs]2021-01-21T22:11:49.074+0800: 13.386: [scrub symbol table, 0.0005865 secs]2021-01-21T22:11:49.075+0800: 13.387: [scrub string table, 0.0004208 secs][1 CMS-remark: 349013K(349568K)] 407950K(506816K), 0.0050155 secs] [Times: user=0.00 sys=0.00, real=0.00 secs] 
2021-01-21T22:11:49.076+0800: 13.388: [CMS-concurrent-sweep-start]
2021-01-21T22:11:49.076+0800: 13.388: [CMS-concurrent-sweep: 0.000/0.000 secs] [Times: user=0.00 sys=0.00, real=0.00 secs] 
2021-01-21T22:11:49.077+0800: 13.389: [CMS-concurrent-reset-start]
2021-01-21T22:11:49.077+0800: 13.389: [CMS-concurrent-reset: 0.000/0.000 secs] [Times: user=0.00 sys=0.00, real=0.00 secs] 
2021-01-21T22:11:49.089+0800: 13.401: [GC (Allocation Failure) 2021-01-21T22:11:49.090+0800: 13.402: [ParNew: 157177K->157177K(157248K), 0.0003405 secs]2021-01-21T22:11:49.090+0800: 13.402: [CMS: 345612K->349464K(349568K), 0.0497347 secs] 502789K->366049K(506816K), [Metaspace: 2816K->2816K(1056768K)], 0.0513553 secs] [Times: user=0.05 sys=0.00, real=0.05 secs] 
2021-01-21T22:11:49.141+0800: 13.454: [GC (CMS Initial Mark) [1 CMS-initial-mark: 349464K(349568K)] 368693K(506816K), 0.0013507 secs] [Times: user=0.00 sys=0.00, real=0.00 secs] 
2021-01-21T22:11:49.144+0800: 13.456: [CMS-concurrent-mark-start]
2021-01-21T22:11:49.145+0800: 13.457: [CMS-concurrent-mark: 0.001/0.001 secs] [Times: user=0.00 sys=0.00, real=0.00 secs] 
2021-01-21T22:11:49.145+0800: 13.457: [CMS-concurrent-preclean-start]
2021-01-21T22:11:49.147+0800: 13.459: [CMS-concurrent-preclean: 0.002/0.002 secs] [Times: user=0.01 sys=0.00, real=0.00 secs] 
2021-01-21T22:11:49.147+0800: 13.459: [CMS-concurrent-abortable-preclean-start]
2021-01-21T22:11:49.147+0800: 13.459: [CMS-concurrent-abortable-preclean: 0.000/0.000 secs] [Times: user=0.00 sys=0.00, real=0.00 secs] 
2021-01-21T22:11:49.148+0800: 13.460: [GC (CMS Final Remark) [YG occupancy: 45956 K (157248 K)]2021-01-21T22:11:49.148+0800: 13.460: [Rescan (parallel) , 0.0082025 secs]2021-01-21T22:11:49.157+0800: 13.469: [weak refs processing, 0.0003734 secs]2021-01-21T22:11:49.158+0800: 13.470: [class unloading, 0.0006148 secs]2021-01-21T22:11:49.159+0800: 13.471: [scrub symbol table, 0.0006279 secs]2021-01-21T22:11:49.160+0800: 13.472: [scrub string table, 0.0005299 secs][1 CMS-remark: 349464K(349568K)] 395421K(506816K), 0.0124193 secs] [Times: user=0.06 sys=0.00, real=0.02 secs] 
2021-01-21T22:11:49.161+0800: 13.473: [CMS-concurrent-sweep-start]
2021-01-21T22:11:49.162+0800: 13.474: [CMS-concurrent-sweep: 0.000/0.000 secs] [Times: user=0.00 sys=0.00, real=0.00 secs] 
2021-01-21T22:11:49.162+0800: 13.474: [CMS-concurrent-reset-start]
2021-01-21T22:11:49.163+0800: 13.475: [CMS-concurrent-reset: 0.000/0.000 secs] [Times: user=0.00 sys=0.00, real=0.00 secs] 
2021-01-21T22:11:49.175+0800: 13.487: [GC (Allocation Failure) 2021-01-21T22:11:49.175+0800: 13.487: [ParNew: 156567K->156567K(157248K), 0.0002772 secs]2021-01-21T22:11:49.176+0800: 13.488: [CMS: 349213K->349469K(349568K), 0.0500892 secs] 505781K->371971K(506816K), [Metaspace: 2816K->2816K(1056768K)], 0.0512600 secs] [Times: user=0.05 sys=0.00, real=0.05 secs] 
2021-01-21T22:11:49.227+0800: 13.539: [GC (CMS Initial Mark) [1 CMS-initial-mark: 349469K(349568K)] 376008K(506816K), 0.0012725 secs] [Times: user=0.00 sys=0.00, real=0.01 secs] 
2021-01-21T22:11:49.229+0800: 13.541: [CMS-concurrent-mark-start]
2021-01-21T22:11:49.231+0800: 13.543: [CMS-concurrent-mark: 0.002/0.002 secs] [Times: user=0.00 sys=0.01, real=0.00 secs] 
2021-01-21T22:11:49.232+0800: 13.544: [CMS-concurrent-preclean-start]
2021-01-21T22:11:49.233+0800: 13.545: [CMS-concurrent-preclean: 0.001/0.001 secs] [Times: user=0.00 sys=0.00, real=0.00 secs] 
2021-01-21T22:11:49.233+0800: 13.545: [CMS-concurrent-abortable-preclean-start]
2021-01-21T22:11:49.233+0800: 13.545: [CMS-concurrent-abortable-preclean: 0.000/0.000 secs] [Times: user=0.00 sys=0.00, real=0.00 secs] 
2021-01-21T22:11:49.233+0800: 13.545: [GC (CMS Final Remark) [YG occupancy: 48496 K (157248 K)]2021-01-21T22:11:49.234+0800: 13.546: [Rescan (parallel) , 0.0009479 secs]2021-01-21T22:11:49.235+0800: 13.547: [weak refs processing, 0.0002539 secs]2021-01-21T22:11:49.235+0800: 13.547: [class unloading, 0.0003954 secs]2021-01-21T22:11:49.236+0800: 13.548: [scrub symbol table, 0.0004936 secs]2021-01-21T22:11:49.237+0800: 13.549: [scrub string table, 0.0003420 secs][1 CMS-remark: 349469K(349568K)] 397966K(506816K), 0.0037131 secs] [Times: user=0.00 sys=0.00, real=0.00 secs] 
2021-01-21T22:11:49.238+0800: 13.550: [CMS-concurrent-sweep-start]
2021-01-21T22:11:49.238+0800: 13.550: [CMS-concurrent-sweep: 0.000/0.000 secs] [Times: user=0.00 sys=0.00, real=0.00 secs] 
2021-01-21T22:11:49.238+0800: 13.550: [CMS-concurrent-reset-start]
2021-01-21T22:11:49.239+0800: 13.551: [CMS-concurrent-reset: 0.000/0.000 secs] [Times: user=0.00 sys=0.00, real=0.00 secs] 
2021-01-21T22:11:49.252+0800: 13.564: [GC (Allocation Failure) 2021-01-21T22:11:49.253+0800: 13.565: [ParNew: 156521K->156521K(157248K), 0.0003645 secs]2021-01-21T22:11:49.253+0800: 13.565: [CMS: 348483K->349503K(349568K), 0.0480657 secs] 505004K->368484K(506816K), [Metaspace: 2816K->2816K(1056768K)], 0.0496031 secs] [Times: user=0.05 sys=0.00, real=0.05 secs] 
2021-01-21T22:11:49.303+0800: 13.615: [GC (CMS Initial Mark) [1 CMS-initial-mark: 349503K(349568K)] 372159K(506816K), 0.0011636 secs] [Times: user=0.00 sys=0.00, real=0.00 secs] 
2021-01-21T22:11:49.304+0800: 13.616: [CMS-concurrent-mark-start]
2021-01-21T22:11:49.306+0800: 13.618: [CMS-concurrent-mark: 0.001/0.001 secs] [Times: user=0.01 sys=0.00, real=0.00 secs] 
2021-01-21T22:11:49.306+0800: 13.618: [CMS-concurrent-preclean-start]
2021-01-21T22:11:49.307+0800: 13.619: [CMS-concurrent-preclean: 0.001/0.001 secs] [Times: user=0.00 sys=0.00, real=0.00 secs] 
2021-01-21T22:11:49.308+0800: 13.620: [CMS-concurrent-abortable-preclean-start]
2021-01-21T22:11:49.308+0800: 13.620: [CMS-concurrent-abortable-preclean: 0.000/0.000 secs] [Times: user=0.00 sys=0.00, real=0.00 secs] 
2021-01-21T22:11:49.308+0800: 13.620: [GC (CMS Final Remark) [YG occupancy: 49361 K (157248 K)]2021-01-21T22:11:49.309+0800: 13.621: [Rescan (parallel) , 0.0007379 secs]2021-01-21T22:11:49.310+0800: 13.622: [weak refs processing, 0.0002918 secs]2021-01-21T22:11:49.310+0800: 13.622: [class unloading, 0.0004020 secs]2021-01-21T22:11:49.311+0800: 13.623: [scrub symbol table, 0.0005013 secs]2021-01-21T22:11:49.312+0800: 13.624: [scrub string table, 0.0003354 secs][1 CMS-remark: 349503K(349568K)] 398865K(506816K), 0.0038644 secs] [Times: user=0.00 sys=0.01, real=0.00 secs] 
2021-01-21T22:11:49.313+0800: 13.625: [CMS-concurrent-sweep-start]
2021-01-21T22:11:49.313+0800: 13.625: [CMS-concurrent-sweep: 0.000/0.000 secs] [Times: user=0.00 sys=0.00, real=0.00 secs] 
2021-01-21T22:11:49.313+0800: 13.625: [CMS-concurrent-reset-start]
2021-01-21T22:11:49.314+0800: 13.626: [CMS-concurrent-reset: 0.000/0.000 secs] [Times: user=0.00 sys=0.00, real=0.00 secs] 
2021-01-21T22:11:49.326+0800: 13.638: [GC (Allocation Failure) 2021-01-21T22:11:49.327+0800: 13.639: [ParNew: 157244K->157244K(157248K), 0.0005165 secs]2021-01-21T22:11:49.328+0800: 13.640: [CMS: 349432K->349180K(349568K), 0.0477802 secs] 506677K->369914K(506816K), [Metaspace: 2816K->2816K(1056768K)], 0.0496556 secs] [Times: user=0.05 sys=0.00, real=0.05 secs] 
2021-01-21T22:11:49.377+0800: 13.689: [GC (CMS Initial Mark) [1 CMS-initial-mark: 349180K(349568K)] 372710K(506816K), 0.0012782 secs] [Times: user=0.00 sys=0.00, real=0.01 secs] 
2021-01-21T22:11:49.379+0800: 13.691: [CMS-concurrent-mark-start]
2021-01-21T22:11:49.381+0800: 13.693: [CMS-concurrent-mark: 0.002/0.002 secs] [Times: user=0.00 sys=0.00, real=0.00 secs] 
2021-01-21T22:11:49.381+0800: 13.693: [CMS-concurrent-preclean-start]
2021-01-21T22:11:49.382+0800: 13.694: [CMS-concurrent-preclean: 0.001/0.001 secs] [Times: user=0.00 sys=0.00, real=0.00 secs] 
2021-01-21T22:11:49.382+0800: 13.694: [CMS-concurrent-abortable-preclean-start]
2021-01-21T22:11:49.382+0800: 13.694: [CMS-concurrent-abortable-preclean: 0.000/0.000 secs] [Times: user=0.00 sys=0.00, real=0.00 secs] 
2021-01-21T22:11:49.383+0800: 13.695: [GC (CMS Final Remark) [YG occupancy: 51214 K (157248 K)]2021-01-21T22:11:49.383+0800: 13.695: [Rescan (parallel) , 0.0008246 secs]2021-01-21T22:11:49.385+0800: 13.697: [weak refs processing, 0.0002966 secs]2021-01-21T22:11:49.385+0800: 13.697: [class unloading, 0.0004492 secs]2021-01-21T22:11:49.386+0800: 13.698: [scrub symbol table, 0.0006783 secs]2021-01-21T22:11:49.387+0800: 13.699: [scrub string table, 0.0004780 secs][1 CMS-remark: 349180K(349568K)] 400395K(506816K), 0.0045212 secs] [Times: user=0.00 sys=0.00, real=0.00 secs] 
2021-01-21T22:11:49.388+0800: 13.700: [CMS-concurrent-sweep-start]
2021-01-21T22:11:49.389+0800: 13.701: [CMS-concurrent-sweep: 0.000/0.000 secs] [Times: user=0.00 sys=0.00, real=0.00 secs] 
2021-01-21T22:11:49.389+0800: 13.701: [CMS-concurrent-reset-start]
2021-01-21T22:11:49.389+0800: 13.701: [CMS-concurrent-reset: 0.000/0.000 secs] [Times: user=0.00 sys=0.00, real=0.00 secs] 
2021-01-21T22:11:49.403+0800: 13.715: [GC (Allocation Failure) 2021-01-21T22:11:49.403+0800: 13.715: [ParNew: 157072K->157072K(157248K), 0.0003102 secs]2021-01-21T22:11:49.404+0800: 13.716: [CMS: 348638K->349484K(349568K), 0.0500040 secs] 505711K->370106K(506816K), [Metaspace: 2816K->2816K(1056768K)], 0.0515151 secs] [Times: user=0.05 sys=0.00, real=0.05 secs] 
2021-01-21T22:11:49.455+0800: 13.767: [GC (CMS Initial Mark) [1 CMS-initial-mark: 349484K(349568K)] 373050K(506816K), 0.0013464 secs] [Times: user=0.00 sys=0.00, real=0.00 secs] 
2021-01-21T22:11:49.457+0800: 13.769: [CMS-concurrent-mark-start]
2021-01-21T22:11:49.458+0800: 13.770: [CMS-concurrent-mark: 0.001/0.001 secs] [Times: user=0.01 sys=0.00, real=0.01 secs] 
2021-01-21T22:11:49.459+0800: 13.771: [CMS-concurrent-preclean-start]
2021-01-21T22:11:49.460+0800: 13.772: [CMS-concurrent-preclean: 0.001/0.001 secs] [Times: user=0.00 sys=0.00, real=0.00 secs] 
2021-01-21T22:11:49.460+0800: 13.772: [CMS-concurrent-abortable-preclean-start]
2021-01-21T22:11:49.460+0800: 13.772: [CMS-concurrent-abortable-preclean: 0.000/0.000 secs] [Times: user=0.00 sys=0.00, real=0.00 secs] 
2021-01-21T22:11:49.461+0800: 13.773: [GC (CMS Final Remark) [YG occupancy: 50378 K (157248 K)]2021-01-21T22:11:49.461+0800: 13.773: [Rescan (parallel) , 0.0013291 secs]2021-01-21T22:11:49.463+0800: 13.775: [weak refs processing, 0.0002581 secs]2021-01-21T22:11:49.463+0800: 13.775: [class unloading, 0.0006294 secs]2021-01-21T22:11:49.464+0800: 13.776: [scrub symbol table, 0.0005864 secs]2021-01-21T22:11:49.465+0800: 13.777: [scrub string table, 0.0004596 secs][1 CMS-remark: 349484K(349568K)] 399863K(506816K), 0.0052384 secs] [Times: user=0.00 sys=0.00, real=0.00 secs] 
2021-01-21T22:11:49.467+0800: 13.779: [CMS-concurrent-sweep-start]
2021-01-21T22:11:49.467+0800: 13.779: [CMS-concurrent-sweep: 0.000/0.000 secs] [Times: user=0.00 sys=0.00, real=0.00 secs] 
2021-01-21T22:11:49.467+0800: 13.779: [CMS-concurrent-reset-start]
2021-01-21T22:11:49.468+0800: 13.780: [CMS-concurrent-reset: 0.000/0.000 secs] [Times: user=0.00 sys=0.00, real=0.00 secs] 
2021-01-21T22:11:49.479+0800: 13.791: [GC (Allocation Failure) 2021-01-21T22:11:49.480+0800: 13.792: [ParNew: 156824K->156824K(157248K), 0.0003072 secs]2021-01-21T22:11:49.480+0800: 13.792: [CMS: 347676K->349539K(349568K), 0.0501538 secs] 504501K->374817K(506816K), [Metaspace: 2816K->2816K(1056768K)], 0.0518675 secs] [Times: user=0.05 sys=0.00, real=0.05 secs] 
2021-01-21T22:11:49.532+0800: 13.844: [GC (CMS Initial Mark) [1 CMS-initial-mark: 349539K(349568K)] 378108K(506816K), 0.0011512 secs] [Times: user=0.00 sys=0.00, real=0.00 secs] 
2021-01-21T22:11:49.534+0800: 13.846: [CMS-concurrent-mark-start]
2021-01-21T22:11:49.535+0800: 13.847: [CMS-concurrent-mark: 0.001/0.001 secs] [Times: user=0.00 sys=0.00, real=0.00 secs] 
2021-01-21T22:11:49.535+0800: 13.847: [CMS-concurrent-preclean-start]
2021-01-21T22:11:49.536+0800: 13.848: [CMS-concurrent-preclean: 0.001/0.001 secs] [Times: user=0.01 sys=0.00, real=0.00 secs] 
2021-01-21T22:11:49.537+0800: 13.849: [CMS-concurrent-abortable-preclean-start]
2021-01-21T22:11:49.537+0800: 13.849: [CMS-concurrent-abortable-preclean: 0.000/0.000 secs] [Times: user=0.00 sys=0.00, real=0.00 secs] 
2021-01-21T22:11:49.537+0800: 13.849: [GC (CMS Final Remark) [YG occupancy: 52568 K (157248 K)]2021-01-21T22:11:49.537+0800: 13.849: [Rescan (parallel) , 0.0007530 secs]2021-01-21T22:11:49.538+0800: 13.850: [weak refs processing, 0.0002588 secs]2021-01-21T22:11:49.539+0800: 13.851: [class unloading, 0.0004247 secs]2021-01-21T22:11:49.539+0800: 13.852: [scrub symbol table, 0.0005229 secs]2021-01-21T22:11:49.540+0800: 13.852: [scrub string table, 0.0003751 secs][1 CMS-remark: 349539K(349568K)] 402107K(506816K), 0.0038709 secs] [Times: user=0.00 sys=0.01, real=0.01 secs] 
2021-01-21T22:11:49.541+0800: 13.853: [CMS-concurrent-sweep-start]
2021-01-21T22:11:49.542+0800: 13.854: [CMS-concurrent-sweep: 0.000/0.000 secs] [Times: user=0.00 sys=0.00, real=0.00 secs] 
2021-01-21T22:11:49.542+0800: 13.854: [CMS-concurrent-reset-start]
2021-01-21T22:11:49.542+0800: 13.854: [CMS-concurrent-reset: 0.000/0.000 secs] [Times: user=0.00 sys=0.00, real=0.00 secs] 
2021-01-21T22:11:49.555+0800: 13.867: [GC (Allocation Failure) 2021-01-21T22:11:49.556+0800: 13.868: [ParNew: 157199K->157199K(157248K), 0.0004146 secs]2021-01-21T22:11:49.556+0800: 13.868: [CMS: 349256K->349009K(349568K), 0.0495270 secs] 506456K->378944K(506816K), [Metaspace: 2816K->2816K(1056768K)], 0.0515319 secs] [Times: user=0.05 sys=0.00, real=0.05 secs] 
2021-01-21T22:11:49.608+0800: 13.920: [GC (CMS Initial Mark) [1 CMS-initial-mark: 349009K(349568K)] 382048K(506816K), 0.0011748 secs] [Times: user=0.00 sys=0.00, real=0.00 secs] 
2021-01-21T22:11:49.610+0800: 13.922: [CMS-concurrent-mark-start]
2021-01-21T22:11:49.611+0800: 13.923: [CMS-concurrent-mark: 0.001/0.001 secs] [Times: user=0.00 sys=0.00, real=0.00 secs] 
2021-01-21T22:11:49.611+0800: 13.924: [CMS-concurrent-preclean-start]
2021-01-21T22:11:49.612+0800: 13.925: [CMS-concurrent-preclean: 0.001/0.001 secs] [Times: user=0.00 sys=0.00, real=0.00 secs] 
2021-01-21T22:11:49.613+0800: 13.925: [CMS-concurrent-abortable-preclean-start]
2021-01-21T22:11:49.613+0800: 13.925: [CMS-concurrent-abortable-preclean: 0.000/0.000 secs] [Times: user=0.00 sys=0.00, real=0.00 secs] 
2021-01-21T22:11:49.614+0800: 13.926: [GC (CMS Final Remark) [YG occupancy: 58573 K (157248 K)]2021-01-21T22:11:49.614+0800: 13.926: [Rescan (parallel) , 0.0008327 secs]2021-01-21T22:11:49.615+0800: 13.927: [weak refs processing, 0.0003476 secs]2021-01-21T22:11:49.616+0800: 13.928: [class unloading, 0.0005100 secs]2021-01-21T22:11:49.617+0800: 13.929: [scrub symbol table, 0.0007052 secs]2021-01-21T22:11:49.618+0800: 13.930: [scrub string table, 0.0004826 secs][1 CMS-remark: 349009K(349568K)] 407582K(506816K), 0.0046576 secs] [Times: user=0.00 sys=0.00, real=0.01 secs] 
2021-01-21T22:11:49.619+0800: 13.931: [CMS-concurrent-sweep-start]
2021-01-21T22:11:49.619+0800: 13.931: [CMS-concurrent-sweep: 0.000/0.000 secs] [Times: user=0.00 sys=0.00, real=0.00 secs] 
2021-01-21T22:11:49.620+0800: 13.932: [CMS-concurrent-reset-start]
2021-01-21T22:11:49.620+0800: 13.932: [CMS-concurrent-reset: 0.000/0.000 secs] [Times: user=0.00 sys=0.00, real=0.00 secs] 
2021-01-21T22:11:49.632+0800: 13.944: [GC (Allocation Failure) 2021-01-21T22:11:49.633+0800: 13.945: [ParNew: 157223K->157223K(157248K), 0.0006396 secs]2021-01-21T22:11:49.634+0800: 13.946: [CMS: 348865K->349320K(349568K), 0.0511048 secs] 506089K->374873K(506816K), [Metaspace: 2816K->2816K(1056768K)], 0.0533253 secs] [Times: user=0.06 sys=0.00, real=0.05 secs] 
2021-01-21T22:11:49.687+0800: 13.999: [GC (CMS Initial Mark) [1 CMS-initial-mark: 349320K(349568K)] 378107K(506816K), 0.0020876 secs] [Times: user=0.00 sys=0.00, real=0.01 secs] 
2021-01-21T22:11:49.690+0800: 14.002: [CMS-concurrent-mark-start]
2021-01-21T22:11:49.691+0800: 14.003: [CMS-concurrent-mark: 0.001/0.001 secs] [Times: user=0.00 sys=0.00, real=0.00 secs] 
2021-01-21T22:11:49.691+0800: 14.003: [CMS-concurrent-preclean-start]
2021-01-21T22:11:49.692+0800: 14.004: [CMS-concurrent-preclean: 0.001/0.001 secs] [Times: user=0.00 sys=0.00, real=0.00 secs] 
2021-01-21T22:11:49.693+0800: 14.005: [CMS-concurrent-abortable-preclean-start]
2021-01-21T22:11:49.693+0800: 14.005: [CMS-concurrent-abortable-preclean: 0.000/0.000 secs] [Times: user=0.00 sys=0.00, real=0.00 secs] 
2021-01-21T22:11:49.693+0800: 14.005: [GC (CMS Final Remark) [YG occupancy: 56289 K (157248 K)]2021-01-21T22:11:49.694+0800: 14.006: [Rescan (parallel) , 0.0007825 secs]2021-01-21T22:11:49.695+0800: 14.007: [weak refs processing, 0.0003205 secs]2021-01-21T22:11:49.695+0800: 14.007: [class unloading, 0.0005396 secs]2021-01-21T22:11:49.696+0800: 14.008: [scrub symbol table, 0.0005827 secs]2021-01-21T22:11:49.697+0800: 14.009: [scrub string table, 0.0005091 secs][1 CMS-remark: 349320K(349568K)] 405610K(506816K), 0.0047028 secs] [Times: user=0.00 sys=0.00, real=0.01 secs] 
2021-01-21T22:11:49.699+0800: 14.011: [CMS-concurrent-sweep-start]
2021-01-21T22:11:49.699+0800: 14.011: [CMS-concurrent-sweep: 0.000/0.000 secs] [Times: user=0.00 sys=0.00, real=0.00 secs] 
2021-01-21T22:11:49.699+0800: 14.011: [CMS-concurrent-reset-start]
2021-01-21T22:11:49.700+0800: 14.012: [CMS-concurrent-reset: 0.000/0.000 secs] [Times: user=0.00 sys=0.00, real=0.00 secs] 
2021-01-21T22:11:49.712+0800: 14.024: [GC (Allocation Failure) 2021-01-21T22:11:49.713+0800: 14.025: [ParNew: 156977K->156977K(157248K), 0.0004590 secs]2021-01-21T22:11:49.714+0800: 14.026: [CMS: 348405K->349546K(349568K), 0.0493432 secs] 505382K->379436K(506816K), [Metaspace: 2816K->2816K(1056768K)], 0.0516006 secs] [Times: user=0.05 sys=0.00, real=0.05 secs] 
2021-01-21T22:11:49.765+0800: 14.077: [GC (CMS Initial Mark) [1 CMS-initial-mark: 349546K(349568K)] 382516K(506816K), 0.0013954 secs] [Times: user=0.01 sys=0.00, real=0.00 secs] 
2021-01-21T22:11:49.767+0800: 14.079: [CMS-concurrent-mark-start]
2021-01-21T22:11:49.769+0800: 14.081: [CMS-concurrent-mark: 0.001/0.001 secs] [Times: user=0.00 sys=0.00, real=0.01 secs] 
2021-01-21T22:11:49.769+0800: 14.081: [CMS-concurrent-preclean-start]
2021-01-21T22:11:49.770+0800: 14.082: [CMS-concurrent-preclean: 0.001/0.001 secs] [Times: user=0.00 sys=0.00, real=0.00 secs] 
2021-01-21T22:11:49.771+0800: 14.083: [CMS-concurrent-abortable-preclean-start]
2021-01-21T22:11:49.771+0800: 14.083: [CMS-concurrent-abortable-preclean: 0.000/0.000 secs] [Times: user=0.00 sys=0.00, real=0.00 secs] 
2021-01-21T22:11:49.771+0800: 14.083: [GC (CMS Final Remark) [YG occupancy: 56411 K (157248 K)]2021-01-21T22:11:49.771+0800: 14.083: [Rescan (parallel) , 0.0011591 secs]2021-01-21T22:11:49.773+0800: 14.085: [weak refs processing, 0.0003175 secs]2021-01-21T22:11:49.773+0800: 14.086: [class unloading, 0.0004861 secs]2021-01-21T22:11:49.774+0800: 14.086: [scrub symbol table, 0.0005371 secs]2021-01-21T22:11:49.775+0800: 14.087: [scrub string table, 0.0003790 secs][1 CMS-remark: 349546K(349568K)] 405957K(506816K), 0.0046174 secs] [Times: user=0.01 sys=0.00, real=0.00 secs] 
2021-01-21T22:11:49.776+0800: 14.088: [CMS-concurrent-sweep-start]
2021-01-21T22:11:49.777+0800: 14.089: [CMS-concurrent-sweep: 0.000/0.000 secs] [Times: user=0.00 sys=0.00, real=0.00 secs] 
2021-01-21T22:11:49.777+0800: 14.089: [CMS-concurrent-reset-start]
2021-01-21T22:11:49.777+0800: 14.089: [CMS-concurrent-reset: 0.000/0.000 secs] [Times: user=0.00 sys=0.00, real=0.00 secs] 
2021-01-21T22:11:49.790+0800: 14.102: [GC (Allocation Failure) 2021-01-21T22:11:49.791+0800: 14.103: [ParNew: 157027K->157027K(157248K), 0.0003734 secs]2021-01-21T22:11:49.791+0800: 14.104: [CMS: 348125K->349329K(349568K), 0.0502096 secs] 505152K->376252K(506816K), [Metaspace: 2816K->2816K(1056768K)], 0.0518584 secs] [Times: user=0.05 sys=0.00, real=0.05 secs] 
2021-01-21T22:11:49.843+0800: 14.155: [GC (CMS Initial Mark) [1 CMS-initial-mark: 349329K(349568K)] 379364K(506816K), 0.0015254 secs] [Times: user=0.01 sys=0.00, real=0.00 secs] 
2021-01-21T22:11:49.846+0800: 14.158: [CMS-concurrent-mark-start]
2021-01-21T22:11:49.847+0800: 14.159: [CMS-concurrent-mark: 0.001/0.001 secs] [Times: user=0.00 sys=0.00, real=0.00 secs] 
2021-01-21T22:11:49.847+0800: 14.160: [CMS-concurrent-preclean-start]
2021-01-21T22:11:49.848+0800: 14.161: [CMS-concurrent-preclean: 0.001/0.001 secs] [Times: user=0.00 sys=0.00, real=0.01 secs] 
2021-01-21T22:11:49.849+0800: 14.161: [CMS-concurrent-abortable-preclean-start]
2021-01-21T22:11:49.849+0800: 14.161: [CMS-concurrent-abortable-preclean: 0.000/0.000 secs] [Times: user=0.00 sys=0.00, real=0.00 secs] 
2021-01-21T22:11:49.849+0800: 14.161: [GC (CMS Final Remark) [YG occupancy: 52911 K (157248 K)]2021-01-21T22:11:49.850+0800: 14.162: [Rescan (parallel) , 0.0008200 secs]2021-01-21T22:11:49.851+0800: 14.163: [weak refs processing, 0.0003049 secs]2021-01-21T22:11:49.852+0800: 14.164: [class unloading, 0.0004660 secs]2021-01-21T22:11:49.852+0800: 14.164: [scrub symbol table, 0.0005210 secs]2021-01-21T22:11:49.853+0800: 14.165: [scrub string table, 0.0004130 secs][1 CMS-remark: 349329K(349568K)] 402240K(506816K), 0.0044632 secs] [Times: user=0.01 sys=0.00, real=0.00 secs] 
2021-01-21T22:11:49.855+0800: 14.167: [CMS-concurrent-sweep-start]
2021-01-21T22:11:49.855+0800: 14.167: [CMS-concurrent-sweep: 0.000/0.000 secs] [Times: user=0.00 sys=0.00, real=0.00 secs] 
2021-01-21T22:11:49.855+0800: 14.167: [CMS-concurrent-reset-start]
2021-01-21T22:11:49.855+0800: 14.167: [CMS-concurrent-reset: 0.000/0.000 secs] [Times: user=0.00 sys=0.00, real=0.00 secs] 
2021-01-21T22:11:49.866+0800: 14.178: [GC (Allocation Failure) 2021-01-21T22:11:49.867+0800: 14.179: [ParNew: 157050K->157050K(157248K), 0.0004449 secs]2021-01-21T22:11:49.868+0800: 14.180: [CMS: 348936K->349292K(349568K), 0.0495560 secs] 505986K->379658K(506816K), [Metaspace: 2816K->2816K(1056768K)], 0.0511982 secs] [Times: user=0.04 sys=0.01, real=0.06 secs] 
2021-01-21T22:11:49.919+0800: 14.231: [GC (CMS Initial Mark) [1 CMS-initial-mark: 349292K(349568K)] 382584K(506816K), 0.0013493 secs] [Times: user=0.00 sys=0.00, real=0.00 secs] 
2021-01-21T22:11:49.921+0800: 14.233: [CMS-concurrent-mark-start]
2021-01-21T22:11:49.922+0800: 14.234: [CMS-concurrent-mark: 0.001/0.001 secs] [Times: user=0.01 sys=0.00, real=0.00 secs] 
2021-01-21T22:11:49.922+0800: 14.234: [CMS-concurrent-preclean-start]
2021-01-21T22:11:49.923+0800: 14.235: [CMS-concurrent-preclean: 0.001/0.001 secs] [Times: user=0.00 sys=0.00, real=0.00 secs] 
2021-01-21T22:11:49.924+0800: 14.236: [CMS-concurrent-abortable-preclean-start]
2021-01-21T22:11:49.924+0800: 14.236: [CMS-concurrent-abortable-preclean: 0.000/0.000 secs] [Times: user=0.00 sys=0.00, real=0.00 secs] 
2021-01-21T22:11:49.924+0800: 14.236: [GC (CMS Final Remark) [YG occupancy: 54864 K (157248 K)]2021-01-21T22:11:49.925+0800: 14.237: [Rescan (parallel) , 0.0014171 secs]2021-01-21T22:11:49.927+0800: 14.239: [weak refs processing, 0.0002900 secs]2021-01-21T22:11:49.927+0800: 14.239: [class unloading, 0.0004937 secs]2021-01-21T22:11:49.928+0800: 14.240: [scrub symbol table, 0.0005209 secs]2021-01-21T22:11:49.929+0800: 14.241: [scrub string table, 0.0004461 secs][1 CMS-remark: 349292K(349568K)] 404157K(506816K), 0.0052206 secs] [Times: user=0.01 sys=0.00, real=0.01 secs] 
2021-01-21T22:11:49.930+0800: 14.242: [CMS-concurrent-sweep-start]
2021-01-21T22:11:49.931+0800: 14.243: [CMS-concurrent-sweep: 0.000/0.000 secs] [Times: user=0.00 sys=0.00, real=0.00 secs] 
2021-01-21T22:11:49.931+0800: 14.243: [CMS-concurrent-reset-start]
2021-01-21T22:11:49.931+0800: 14.243: [CMS-concurrent-reset: 0.000/0.000 secs] [Times: user=0.00 sys=0.00, real=0.00 secs] 
2021-01-21T22:11:49.945+0800: 14.257: [GC (Allocation Failure) 2021-01-21T22:11:49.945+0800: 14.257: [ParNew: 157238K->157238K(157248K), 0.0003344 secs]2021-01-21T22:11:49.946+0800: 14.258: [CMS: 348133K->349410K(349568K), 0.0506317 secs] 505372K->378005K(506816K), [Metaspace: 2816K->2816K(1056768K)], 0.0524191 secs] [Times: user=0.05 sys=0.00, real=0.05 secs] 
2021-01-21T22:11:49.999+0800: 14.311: [GC (CMS Initial Mark) [1 CMS-initial-mark: 349410K(349568K)] 380965K(506816K), 0.0015565 secs] [Times: user=0.00 sys=0.00, real=0.00 secs] 
2021-01-21T22:11:50.001+0800: 14.313: [CMS-concurrent-mark-start]
2021-01-21T22:11:50.002+0800: 14.314: [CMS-concurrent-mark: 0.001/0.001 secs] [Times: user=0.01 sys=0.00, real=0.00 secs] 
2021-01-21T22:11:50.003+0800: 14.315: [CMS-concurrent-preclean-start]
2021-01-21T22:11:50.004+0800: 14.316: [CMS-concurrent-preclean: 0.001/0.001 secs] [Times: user=0.00 sys=0.00, real=0.00 secs] 
2021-01-21T22:11:50.004+0800: 14.316: [CMS-concurrent-abortable-preclean-start]
2021-01-21T22:11:50.004+0800: 14.316: [CMS-concurrent-abortable-preclean: 0.000/0.000 secs] [Times: user=0.00 sys=0.00, real=0.00 secs] 
2021-01-21T22:11:50.005+0800: 14.317: [GC (CMS Final Remark) [YG occupancy: 68663 K (157248 K)]2021-01-21T22:11:50.005+0800: 14.317: [Rescan (parallel) , 0.0009223 secs]2021-01-21T22:11:50.006+0800: 14.318: [weak refs processing, 0.0002383 secs]2021-01-21T22:11:50.007+0800: 14.319: [class unloading, 0.0004410 secs]2021-01-21T22:11:50.007+0800: 14.319: [scrub symbol table, 0.0005020 secs]2021-01-21T22:11:50.008+0800: 14.320: [scrub string table, 0.0003829 secs][1 CMS-remark: 349410K(349568K)] 418074K(506816K), 0.0041722 secs] [Times: user=0.01 sys=0.00, real=0.01 secs] 
2021-01-21T22:11:50.010+0800: 14.322: [CMS-concurrent-sweep-start]
2021-01-21T22:11:50.010+0800: 14.322: [CMS-concurrent-sweep: 0.000/0.000 secs] [Times: user=0.00 sys=0.00, real=0.00 secs] 
2021-01-21T22:11:50.010+0800: 14.322: [CMS-concurrent-reset-start]
2021-01-21T22:11:50.010+0800: 14.322: [CMS-concurrent-reset: 0.000/0.000 secs] [Times: user=0.00 sys=0.00, real=0.00 secs] 
2021-01-21T22:11:50.021+0800: 14.333: [GC (Allocation Failure) 2021-01-21T22:11:50.022+0800: 14.334: [ParNew: 157151K->157151K(157248K), 0.0004100 secs]2021-01-21T22:11:50.022+0800: 14.334: [CMS: 348654K->349453K(349568K), 0.0498947 secs] 505806K->381948K(506816K), [Metaspace: 2816K->2816K(1056768K)], 0.0514914 secs] [Times: user=0.05 sys=0.00, real=0.05 secs] 
2021-01-21T22:11:50.074+0800: 14.386: [GC (CMS Initial Mark) [1 CMS-initial-mark: 349453K(349568K)] 384644K(506816K), 0.0015956 secs] [Times: user=0.00 sys=0.00, real=0.00 secs] 
2021-01-21T22:11:50.076+0800: 14.388: [CMS-concurrent-mark-start]
2021-01-21T22:11:50.078+0800: 14.390: [CMS-concurrent-mark: 0.001/0.001 secs] [Times: user=0.00 sys=0.00, real=0.00 secs] 
2021-01-21T22:11:50.078+0800: 14.390: [CMS-concurrent-preclean-start]
2021-01-21T22:11:50.079+0800: 14.391: [CMS-concurrent-preclean: 0.001/0.001 secs] [Times: user=0.00 sys=0.00, real=0.00 secs] 
2021-01-21T22:11:50.080+0800: 14.392: [CMS-concurrent-abortable-preclean-start]
2021-01-21T22:11:50.080+0800: 14.392: [CMS-concurrent-abortable-preclean: 0.000/0.000 secs] [Times: user=0.00 sys=0.00, real=0.00 secs] 
2021-01-21T22:11:50.081+0800: 14.393: [GC (CMS Final Remark) [YG occupancy: 69480 K (157248 K)]2021-01-21T22:11:50.081+0800: 14.393: [Rescan (parallel) , 0.0010175 secs]2021-01-21T22:11:50.082+0800: 14.394: [weak refs processing, 0.0003048 secs]2021-01-21T22:11:50.083+0800: 14.395: [class unloading, 0.0006941 secs]2021-01-21T22:11:50.084+0800: 14.396: [scrub symbol table, 0.0007768 secs]2021-01-21T22:11:50.085+0800: 14.397: [scrub string table, 0.0004566 secs][1 CMS-remark: 349453K(349568K)] 418934K(506816K), 0.0055529 secs] [Times: user=0.00 sys=0.00, real=0.00 secs] 
2021-01-21T22:11:50.087+0800: 14.399: [CMS-concurrent-sweep-start]
2021-01-21T22:11:50.087+0800: 14.399: [CMS-concurrent-sweep: 0.000/0.000 secs] [Times: user=0.00 sys=0.00, real=0.00 secs] 
2021-01-21T22:11:50.088+0800: 14.400: [CMS-concurrent-reset-start]
2021-01-21T22:11:50.088+0800: 14.400: [CMS-concurrent-reset: 0.000/0.000 secs] [Times: user=0.00 sys=0.00, real=0.00 secs] 
2021-01-21T22:11:50.097+0800: 14.409: [GC (Allocation Failure) 2021-01-21T22:11:50.097+0800: 14.409: [ParNew: 157215K->157215K(157248K), 0.0003785 secs]2021-01-21T22:11:50.098+0800: 14.410: [CMS: 348585K->349564K(349568K), 0.0518207 secs] 505801K->383674K(506816K), [Metaspace: 2816K->2816K(1056768K)], 0.0537023 secs] [Times: user=0.06 sys=0.00, real=0.06 secs] 
2021-01-21T22:11:50.151+0800: 14.464: [GC (CMS Initial Mark) [1 CMS-initial-mark: 349564K(349568K)] 386317K(506816K), 0.0013231 secs] [Times: user=0.00 sys=0.00, real=0.00 secs] 
2021-01-21T22:11:50.154+0800: 14.466: [CMS-concurrent-mark-start]
2021-01-21T22:11:50.155+0800: 14.467: [CMS-concurrent-mark: 0.001/0.001 secs] [Times: user=0.00 sys=0.00, real=0.00 secs] 
2021-01-21T22:11:50.155+0800: 14.467: [CMS-concurrent-preclean-start]
2021-01-21T22:11:50.156+0800: 14.468: [CMS-concurrent-preclean: 0.001/0.001 secs] [Times: user=0.00 sys=0.00, real=0.00 secs] 
2021-01-21T22:11:50.157+0800: 14.469: [CMS-concurrent-abortable-preclean-start]
2021-01-21T22:11:50.157+0800: 14.469: [CMS-concurrent-abortable-preclean: 0.000/0.000 secs] [Times: user=0.00 sys=0.00, real=0.00 secs] 
2021-01-21T22:11:50.157+0800: 14.469: [GC (CMS Final Remark) [YG occupancy: 61764 K (157248 K)]2021-01-21T22:11:50.157+0800: 14.470: [Rescan (parallel) , 0.0015253 secs]2021-01-21T22:11:50.159+0800: 14.471: [weak refs processing, 0.0003349 secs]2021-01-21T22:11:50.160+0800: 14.472: [class unloading, 0.0004551 secs]2021-01-21T22:11:50.161+0800: 14.473: [scrub symbol table, 0.0005587 secs]2021-01-21T22:11:50.162+0800: 14.474: [scrub string table, 0.0003901 secs][1 CMS-remark: 349564K(349568K)] 411328K(506816K), 0.0050581 secs] [Times: user=0.00 sys=0.01, real=0.01 secs] 
2021-01-21T22:11:50.163+0800: 14.475: [CMS-concurrent-sweep-start]
2021-01-21T22:11:50.163+0800: 14.475: [CMS-concurrent-sweep: 0.000/0.000 secs] [Times: user=0.00 sys=0.00, real=0.00 secs] 
2021-01-21T22:11:50.163+0800: 14.475: [CMS-concurrent-reset-start]
2021-01-21T22:11:50.164+0800: 14.476: [CMS-concurrent-reset: 0.000/0.000 secs] [Times: user=0.00 sys=0.00, real=0.00 secs] 
2021-01-21T22:11:50.175+0800: 14.487: [GC (Allocation Failure) 2021-01-21T22:11:50.176+0800: 14.488: [ParNew: 157150K->157150K(157248K), 0.0004476 secs]2021-01-21T22:11:50.176+0800: 14.489: [CMS: 348227K->349322K(349568K), 0.0509653 secs] 505377K->382172K(506816K), [Metaspace: 2816K->2816K(1056768K)], 0.0526800 secs] [Times: user=0.05 sys=0.00, real=0.06 secs] 
2021-01-21T22:11:50.229+0800: 14.541: [GC (CMS Initial Mark) [1 CMS-initial-mark: 349322K(349568K)] 385109K(506816K), 0.0016607 secs] [Times: user=0.00 sys=0.00, real=0.00 secs] 
2021-01-21T22:11:50.231+0800: 14.543: [CMS-concurrent-mark-start]
2021-01-21T22:11:50.233+0800: 14.545: [CMS-concurrent-mark: 0.001/0.001 secs] [Times: user=0.00 sys=0.00, real=0.00 secs] 
2021-01-21T22:11:50.233+0800: 14.545: [CMS-concurrent-preclean-start]
2021-01-21T22:11:50.235+0800: 14.547: [CMS-concurrent-preclean: 0.001/0.001 secs] [Times: user=0.01 sys=0.00, real=0.00 secs] 
2021-01-21T22:11:50.235+0800: 14.547: [CMS-concurrent-abortable-preclean-start]
2021-01-21T22:11:50.235+0800: 14.547: [CMS-concurrent-abortable-preclean: 0.000/0.000 secs] [Times: user=0.00 sys=0.00, real=0.00 secs] 
2021-01-21T22:11:50.236+0800: 14.548: [GC (CMS Final Remark) [YG occupancy: 59049 K (157248 K)]2021-01-21T22:11:50.236+0800: 14.548: [Rescan (parallel) , 0.0011145 secs]2021-01-21T22:11:50.238+0800: 14.550: [weak refs processing, 0.0003723 secs]2021-01-21T22:11:50.238+0800: 14.550: [class unloading, 0.0004352 secs]2021-01-21T22:11:50.239+0800: 14.551: [scrub symbol table, 0.0005216 secs]2021-01-21T22:11:50.240+0800: 14.552: [scrub string table, 0.0004210 secs][1 CMS-remark: 349322K(349568K)] 408372K(506816K), 0.0043605 secs] [Times: user=0.00 sys=0.00, real=0.01 secs] 
2021-01-21T22:11:50.241+0800: 14.553: [CMS-concurrent-sweep-start]
2021-01-21T22:11:50.241+0800: 14.553: [CMS-concurrent-sweep: 0.000/0.000 secs] [Times: user=0.00 sys=0.00, real=0.00 secs] 
2021-01-21T22:11:50.241+0800: 14.553: [CMS-concurrent-reset-start]
2021-01-21T22:11:50.242+0800: 14.554: [CMS-concurrent-reset: 0.000/0.000 secs] [Times: user=0.00 sys=0.00, real=0.00 secs] 
2021-01-21T22:11:50.254+0800: 14.566: [GC (Allocation Failure) 2021-01-21T22:11:50.255+0800: 14.567: [ParNew: 157171K->157171K(157248K), 0.0002713 secs]2021-01-21T22:11:50.255+0800: 14.567: [CMS: 349105K->349471K(349568K), 0.0542546 secs] 506276K->379683K(506816K), [Metaspace: 2816K->2816K(1056768K)], 0.0555501 secs] [Times: user=0.05 sys=0.00, real=0.06 secs] 
2021-01-21T22:11:50.311+0800: 14.623: [GC (CMS Initial Mark) [1 CMS-initial-mark: 349471K(349568K)] 382391K(506816K), 0.0009071 secs] [Times: user=0.00 sys=0.00, real=0.00 secs] 
2021-01-21T22:11:50.312+0800: 14.624: [CMS-concurrent-mark-start]
2021-01-21T22:11:50.314+0800: 14.626: [CMS-concurrent-mark: 0.002/0.002 secs] [Times: user=0.01 sys=0.00, real=0.00 secs] 
2021-01-21T22:11:50.315+0800: 14.627: [CMS-concurrent-preclean-start]
2021-01-21T22:11:50.316+0800: 14.628: [CMS-concurrent-preclean: 0.001/0.001 secs] [Times: user=0.00 sys=0.00, real=0.00 secs] 
2021-01-21T22:11:50.316+0800: 14.628: [CMS-concurrent-abortable-preclean-start]
2021-01-21T22:11:50.316+0800: 14.628: [CMS-concurrent-abortable-preclean: 0.000/0.000 secs] [Times: user=0.00 sys=0.00, real=0.00 secs] 
2021-01-21T22:11:50.317+0800: 14.629: [GC (CMS Final Remark) [YG occupancy: 57519 K (157248 K)]2021-01-21T22:11:50.317+0800: 14.629: [Rescan (parallel) , 0.0035273 secs]2021-01-21T22:11:50.321+0800: 14.633: [weak refs processing, 0.0002782 secs]2021-01-21T22:11:50.321+0800: 14.634: [class unloading, 0.0004018 secs]2021-01-21T22:11:50.322+0800: 14.634: [scrub symbol table, 0.0006312 secs]2021-01-21T22:11:50.323+0800: 14.635: [scrub string table, 0.0003919 secs][1 CMS-remark: 349471K(349568K)] 406991K(506816K), 0.0071354 secs] [Times: user=0.02 sys=0.00, real=0.01 secs] 
2021-01-21T22:11:50.325+0800: 14.637: [CMS-concurrent-sweep-start]
2021-01-21T22:11:50.325+0800: 14.637: [CMS-concurrent-sweep: 0.000/0.000 secs] [Times: user=0.00 sys=0.00, real=0.00 secs] 
2021-01-21T22:11:50.325+0800: 14.637: [CMS-concurrent-reset-start]
2021-01-21T22:11:50.325+0800: 14.637: [CMS-concurrent-reset: 0.000/0.000 secs] [Times: user=0.00 sys=0.00, real=0.00 secs] 
2021-01-21T22:11:50.337+0800: 14.649: [GC (Allocation Failure) 2021-01-21T22:11:50.337+0800: 14.649: [ParNew: 157047K->157047K(157248K), 0.0003213 secs]2021-01-21T22:11:50.338+0800: 14.650: [CMS: 348436K->349336K(349568K), 0.0502844 secs] 505483K->372975K(506816K), [Metaspace: 2816K->2816K(1056768K)], 0.0516253 secs] [Times: user=0.05 sys=0.00, real=0.06 secs] 
2021-01-21T22:11:50.389+0800: 14.701: [GC (CMS Initial Mark) [1 CMS-initial-mark: 349336K(349568K)] 375769K(506816K), 0.0013687 secs] [Times: user=0.00 sys=0.00, real=0.00 secs] 
2021-01-21T22:11:50.391+0800: 14.703: [CMS-concurrent-mark-start]
2021-01-21T22:11:50.393+0800: 14.705: [CMS-concurrent-mark: 0.001/0.001 secs] [Times: user=0.00 sys=0.00, real=0.00 secs] 
2021-01-21T22:11:50.393+0800: 14.705: [CMS-concurrent-preclean-start]
2021-01-21T22:11:50.394+0800: 14.706: [CMS-concurrent-preclean: 0.001/0.001 secs] [Times: user=0.00 sys=0.00, real=0.00 secs] 
2021-01-21T22:11:50.394+0800: 14.706: [CMS-concurrent-abortable-preclean-start]
2021-01-21T22:11:50.394+0800: 14.706: [CMS-concurrent-abortable-preclean: 0.000/0.000 secs] [Times: user=0.00 sys=0.00, real=0.00 secs] 
2021-01-21T22:11:50.395+0800: 14.707: [GC (CMS Final Remark) [YG occupancy: 48824 K (157248 K)]2021-01-21T22:11:50.395+0800: 14.707: [Rescan (parallel) , 0.0013605 secs]2021-01-21T22:11:50.397+0800: 14.709: [weak refs processing, 0.0003178 secs]2021-01-21T22:11:50.398+0800: 14.710: [class unloading, 0.0005518 secs]2021-01-21T22:11:50.399+0800: 14.711: [scrub symbol table, 0.0007127 secs]2021-01-21T22:11:50.400+0800: 14.712: [scrub string table, 0.0004141 secs][1 CMS-remark: 349336K(349568K)] 398160K(506816K), 0.0051119 secs] [Times: user=0.00 sys=0.00, real=0.01 secs] 
2021-01-21T22:11:50.401+0800: 14.713: [CMS-concurrent-sweep-start]
2021-01-21T22:11:50.401+0800: 14.713: [CMS-concurrent-sweep: 0.000/0.000 secs] [Times: user=0.00 sys=0.00, real=0.00 secs] 
2021-01-21T22:11:50.401+0800: 14.713: [CMS-concurrent-reset-start]
2021-01-21T22:11:50.402+0800: 14.714: [CMS-concurrent-reset: 0.000/0.000 secs] [Times: user=0.00 sys=0.00, real=0.00 secs] 
2021-01-21T22:11:50.413+0800: 14.725: [GC (Allocation Failure) 2021-01-21T22:11:50.413+0800: 14.725: [ParNew: 157191K->157191K(157248K), 0.0004365 secs]2021-01-21T22:11:50.414+0800: 14.726: [CMS: 347800K->349257K(349568K), 0.0486492 secs] 504992K->371687K(506816K), [Metaspace: 2816K->2816K(1056768K)], 0.0506916 secs] [Times: user=0.05 sys=0.00, real=0.05 secs] 
2021-01-21T22:11:50.464+0800: 14.776: [GC (CMS Initial Mark) [1 CMS-initial-mark: 349257K(349568K)] 374445K(506816K), 0.0012692 secs] [Times: user=0.01 sys=0.00, real=0.00 secs] 
2021-01-21T22:11:50.466+0800: 14.778: [CMS-concurrent-mark-start]
2021-01-21T22:11:50.468+0800: 14.780: [CMS-concurrent-mark: 0.001/0.001 secs] [Times: user=0.00 sys=0.00, real=0.00 secs] 
2021-01-21T22:11:50.468+0800: 14.780: [CMS-concurrent-preclean-start]
2021-01-21T22:11:50.469+0800: 14.782: [CMS-concurrent-preclean: 0.001/0.001 secs] [Times: user=0.00 sys=0.00, real=0.00 secs] 
2021-01-21T22:11:50.470+0800: 14.782: [CMS-concurrent-abortable-preclean-start]
2021-01-21T22:11:50.470+0800: 14.782: [CMS-concurrent-abortable-preclean: 0.000/0.000 secs] [Times: user=0.00 sys=0.00, real=0.00 secs] 
2021-01-21T22:11:50.471+0800: 14.783: [GC (CMS Final Remark) [YG occupancy: 57425 K (157248 K)]2021-01-21T22:11:50.471+0800: 14.783: [Rescan (parallel) , 0.0009264 secs]2021-01-21T22:11:50.472+0800: 14.784: [weak refs processing, 0.0002855 secs]2021-01-21T22:11:50.473+0800: 14.785: [class unloading, 0.0004112 secs]2021-01-21T22:11:50.474+0800: 14.786: [scrub symbol table, 0.0005401 secs]2021-01-21T22:11:50.474+0800: 14.786: [scrub string table, 0.0003806 secs][1 CMS-remark: 349257K(349568K)] 406682K(506816K), 0.0043186 secs] [Times: user=0.01 sys=0.00, real=0.00 secs] 
2021-01-21T22:11:50.476+0800: 14.788: [CMS-concurrent-sweep-start]
2021-01-21T22:11:50.476+0800: 14.788: [CMS-concurrent-sweep: 0.000/0.000 secs] [Times: user=0.00 sys=0.00, real=0.00 secs] 
2021-01-21T22:11:50.476+0800: 14.788: [CMS-concurrent-reset-start]
2021-01-21T22:11:50.476+0800: 14.788: [CMS-concurrent-reset: 0.000/0.000 secs] [Times: user=0.00 sys=0.00, real=0.00 secs] 
2021-01-21T22:11:50.488+0800: 14.800: [GC (Allocation Failure) 2021-01-21T22:11:50.488+0800: 14.800: [ParNew: 157216K->157216K(157248K), 0.0002802 secs]2021-01-21T22:11:50.489+0800: 14.801: [CMS: 348733K->348876K(349568K), 0.0483241 secs] 505949K->369055K(506816K), [Metaspace: 2816K->2816K(1056768K)], 0.0497867 secs] [Times: user=0.05 sys=0.00, real=0.05 secs] 
2021-01-21T22:11:50.539+0800: 14.851: [GC (CMS Initial Mark) [1 CMS-initial-mark: 348876K(349568K)] 371737K(506816K), 0.0013777 secs] [Times: user=0.00 sys=0.00, real=0.00 secs] 
2021-01-21T22:11:50.541+0800: 14.853: [CMS-concurrent-mark-start]
2021-01-21T22:11:50.543+0800: 14.855: [CMS-concurrent-mark: 0.002/0.002 secs] [Times: user=0.01 sys=0.00, real=0.00 secs] 
2021-01-21T22:11:50.543+0800: 14.855: [CMS-concurrent-preclean-start]
2021-01-21T22:11:50.544+0800: 14.856: [CMS-concurrent-preclean: 0.001/0.001 secs] [Times: user=0.00 sys=0.00, real=0.00 secs] 
2021-01-21T22:11:50.545+0800: 14.857: [CMS-concurrent-abortable-preclean-start]
2021-01-21T22:11:50.545+0800: 14.857: [CMS-concurrent-abortable-preclean: 0.000/0.000 secs] [Times: user=0.00 sys=0.00, real=0.00 secs] 
2021-01-21T22:11:50.545+0800: 14.857: [GC (CMS Final Remark) [YG occupancy: 45641 K (157248 K)]2021-01-21T22:11:50.546+0800: 14.858: [Rescan (parallel) , 0.0007713 secs]2021-01-21T22:11:50.547+0800: 14.859: [weak refs processing, 0.0004395 secs]2021-01-21T22:11:50.548+0800: 14.860: [class unloading, 0.0005060 secs]2021-01-21T22:11:50.548+0800: 14.860: [scrub symbol table, 0.0009244 secs]2021-01-21T22:11:50.550+0800: 14.862: [scrub string table, 0.0005028 secs][1 CMS-remark: 348876K(349568K)] 394517K(506816K), 0.0053745 secs] [Times: user=0.01 sys=0.00, real=0.01 secs] 
2021-01-21T22:11:50.551+0800: 14.863: [CMS-concurrent-sweep-start]
2021-01-21T22:11:50.552+0800: 14.864: [CMS-concurrent-sweep: 0.000/0.000 secs] [Times: user=0.00 sys=0.00, real=0.00 secs] 
2021-01-21T22:11:50.552+0800: 14.864: [CMS-concurrent-reset-start]
2021-01-21T22:11:50.552+0800: 14.864: [CMS-concurrent-reset: 0.000/0.000 secs] [Times: user=0.00 sys=0.00, real=0.00 secs] 
2021-01-21T22:11:50.564+0800: 14.876: [GC (Allocation Failure) 2021-01-21T22:11:50.564+0800: 14.876: [ParNew: 156941K->156941K(157248K), 0.0003546 secs]2021-01-21T22:11:50.565+0800: 14.877: [CMS: 346865K->349162K(349568K), 0.0484864 secs] 503806K->369439K(506816K), [Metaspace: 2816K->2816K(1056768K)], 0.0502492 secs] [Times: user=0.05 sys=0.00, real=0.05 secs] 
2021-01-21T22:11:50.615+0800: 14.927: [GC (CMS Initial Mark) [1 CMS-initial-mark: 349162K(349568K)] 372435K(506816K), 0.0014702 secs] [Times: user=0.00 sys=0.00, real=0.00 secs] 
2021-01-21T22:11:50.617+0800: 14.929: [CMS-concurrent-mark-start]
2021-01-21T22:11:50.619+0800: 14.931: [CMS-concurrent-mark: 0.001/0.001 secs] [Times: user=0.01 sys=0.00, real=0.01 secs] 
2021-01-21T22:11:50.619+0800: 14.931: [CMS-concurrent-preclean-start]
2021-01-21T22:11:50.620+0800: 14.932: [CMS-concurrent-preclean: 0.001/0.001 secs] [Times: user=0.00 sys=0.00, real=0.00 secs] 
2021-01-21T22:11:50.621+0800: 14.933: [CMS-concurrent-abortable-preclean-start]
2021-01-21T22:11:50.621+0800: 14.933: [CMS-concurrent-abortable-preclean: 0.000/0.000 secs] [Times: user=0.00 sys=0.00, real=0.00 secs] 
2021-01-21T22:11:50.621+0800: 14.933: [GC (CMS Final Remark) [YG occupancy: 52380 K (157248 K)]2021-01-21T22:11:50.622+0800: 14.934: [Rescan (parallel) , 0.0015120 secs]2021-01-21T22:11:50.624+0800: 14.936: [weak refs processing, 0.0003245 secs]2021-01-21T22:11:50.624+0800: 14.936: [class unloading, 0.0004621 secs]2021-01-21T22:11:50.625+0800: 14.937: [scrub symbol table, 0.0005526 secs]2021-01-21T22:11:50.626+0800: 14.938: [scrub string table, 0.0003878 secs][1 CMS-remark: 349162K(349568K)] 401542K(506816K), 0.0052189 secs] [Times: user=0.00 sys=0.00, real=0.00 secs] 
2021-01-21T22:11:50.627+0800: 14.939: [CMS-concurrent-sweep-start]
2021-01-21T22:11:50.627+0800: 14.939: [CMS-concurrent-sweep: 0.000/0.000 secs] [Times: user=0.00 sys=0.00, real=0.00 secs] 
2021-01-21T22:11:50.628+0800: 14.940: [CMS-concurrent-reset-start]
2021-01-21T22:11:50.628+0800: 14.940: [CMS-concurrent-reset: 0.000/0.000 secs] [Times: user=0.00 sys=0.00, real=0.00 secs] 
2021-01-21T22:11:50.639+0800: 14.951: [GC (Allocation Failure) 2021-01-21T22:11:50.640+0800: 14.952: [ParNew: 156805K->156805K(157248K), 0.0003213 secs]2021-01-21T22:11:50.640+0800: 14.952: [CMS: 348411K->349506K(349568K), 0.0492630 secs] 505217K->367240K(506816K), [Metaspace: 2816K->2816K(1056768K)], 0.0506841 secs] [Times: user=0.05 sys=0.00, real=0.05 secs] 
2021-01-21T22:11:50.691+0800: 15.003: [GC (CMS Initial Mark) [1 CMS-initial-mark: 349506K(349568K)] 370775K(506816K), 0.0010445 secs] [Times: user=0.00 sys=0.00, real=0.00 secs] 
2021-01-21T22:11:50.692+0800: 15.004: [CMS-concurrent-mark-start]
2021-01-21T22:11:50.694+0800: 15.006: [CMS-concurrent-mark: 0.001/0.001 secs] [Times: user=0.00 sys=0.00, real=0.00 secs] 
2021-01-21T22:11:50.694+0800: 15.006: [CMS-concurrent-preclean-start]
2021-01-21T22:11:50.695+0800: 15.007: [CMS-concurrent-preclean: 0.001/0.001 secs] [Times: user=0.00 sys=0.00, real=0.00 secs] 
2021-01-21T22:11:50.695+0800: 15.008: [CMS-concurrent-abortable-preclean-start]
2021-01-21T22:11:50.695+0800: 15.008: [CMS-concurrent-abortable-preclean: 0.000/0.000 secs] [Times: user=0.00 sys=0.00, real=0.00 secs] 
2021-01-21T22:11:50.696+0800: 15.008: [GC (CMS Final Remark) [YG occupancy: 53100 K (157248 K)]2021-01-21T22:11:50.696+0800: 15.008: [Rescan (parallel) , 0.0011815 secs]2021-01-21T22:11:50.698+0800: 15.010: [weak refs processing, 0.0002800 secs]2021-01-21T22:11:50.698+0800: 15.010: [class unloading, 0.0005860 secs]2021-01-21T22:11:50.699+0800: 15.011: [scrub symbol table, 0.0006504 secs]2021-01-21T22:11:50.700+0800: 15.012: [scrub string table, 0.0005476 secs][1 CMS-remark: 349506K(349568K)] 402607K(506816K), 0.0051936 secs] [Times: user=0.00 sys=0.00, real=0.01 secs] 
2021-01-21T22:11:50.702+0800: 15.014: [CMS-concurrent-sweep-start]
2021-01-21T22:11:50.702+0800: 15.014: [CMS-concurrent-sweep: 0.000/0.000 secs] [Times: user=0.00 sys=0.00, real=0.00 secs] 
2021-01-21T22:11:50.703+0800: 15.015: [CMS-concurrent-reset-start]
2021-01-21T22:11:50.703+0800: 15.015: [CMS-concurrent-reset: 0.000/0.000 secs] [Times: user=0.00 sys=0.00, real=0.00 secs] 
2021-01-21T22:11:50.715+0800: 15.027: [GC (Allocation Failure) 2021-01-21T22:11:50.715+0800: 15.027: [ParNew: 157073K->157073K(157248K), 0.0003276 secs]2021-01-21T22:11:50.716+0800: 15.028: [CMS: 347971K->349554K(349568K), 0.0459298 secs] 505044K->365504K(506816K), [Metaspace: 2816K->2816K(1056768K)], 0.0479285 secs] [Times: user=0.05 sys=0.00, real=0.05 secs] 
2021-01-21T22:11:50.764+0800: 15.076: [GC (CMS Initial Mark) [1 CMS-initial-mark: 349554K(349568K)] 368750K(506816K), 0.0017002 secs] [Times: user=0.00 sys=0.00, real=0.00 secs] 
2021-01-21T22:11:50.766+0800: 15.078: [CMS-concurrent-mark-start]
2021-01-21T22:11:50.768+0800: 15.080: [CMS-concurrent-mark: 0.002/0.002 secs] [Times: user=0.01 sys=0.00, real=0.00 secs] 
2021-01-21T22:11:50.768+0800: 15.080: [CMS-concurrent-preclean-start]
2021-01-21T22:11:50.769+0800: 15.081: [CMS-concurrent-preclean: 0.001/0.001 secs] [Times: user=0.00 sys=0.00, real=0.00 secs] 
2021-01-21T22:11:50.770+0800: 15.082: [CMS-concurrent-abortable-preclean-start]
2021-01-21T22:11:50.770+0800: 15.082: [CMS-concurrent-abortable-preclean: 0.000/0.000 secs] [Times: user=0.00 sys=0.00, real=0.00 secs] 
2021-01-21T22:11:50.770+0800: 15.082: [GC (CMS Final Remark) [YG occupancy: 44232 K (157248 K)]2021-01-21T22:11:50.771+0800: 15.083: [Rescan (parallel) , 0.0008424 secs]2021-01-21T22:11:50.772+0800: 15.084: [weak refs processing, 0.0003149 secs]2021-01-21T22:11:50.772+0800: 15.084: [class unloading, 0.0005048 secs]2021-01-21T22:11:50.773+0800: 15.085: [scrub symbol table, 0.0006050 secs]2021-01-21T22:11:50.774+0800: 15.086: [scrub string table, 0.0004001 secs][1 CMS-remark: 349554K(349568K)] 393787K(506816K), 0.0045534 secs] [Times: user=0.01 sys=0.00, real=0.00 secs] 
2021-01-21T22:11:50.776+0800: 15.088: [CMS-concurrent-sweep-start]
2021-01-21T22:11:50.776+0800: 15.088: [CMS-concurrent-sweep: 0.000/0.000 secs] [Times: user=0.00 sys=0.00, real=0.00 secs] 
2021-01-21T22:11:50.776+0800: 15.088: [CMS-concurrent-reset-start]
2021-01-21T22:11:50.776+0800: 15.088: [CMS-concurrent-reset: 0.000/0.000 secs] [Times: user=0.00 sys=0.00, real=0.00 secs] 
2021-01-21T22:11:50.789+0800: 15.102: [GC (Allocation Failure) 2021-01-21T22:11:50.790+0800: 15.102: [ParNew: 157076K->157076K(157248K), 0.0003407 secs]2021-01-21T22:11:50.791+0800: 15.103: [CMS: 349059K->348990K(349568K), 0.0482806 secs] 506135K->370465K(506816K), [Metaspace: 2816K->2816K(1056768K)], 0.0499452 secs] [Times: user=0.05 sys=0.00, real=0.05 secs] 
2021-01-21T22:11:50.841+0800: 15.153: [GC (CMS Initial Mark) [1 CMS-initial-mark: 348990K(349568K)] 373430K(506816K), 0.0013904 secs] [Times: user=0.00 sys=0.00, real=0.00 secs] 
2021-01-21T22:11:50.843+0800: 15.155: [CMS-concurrent-mark-start]
2021-01-21T22:11:50.844+0800: 15.156: [CMS-concurrent-mark: 0.001/0.001 secs] [Times: user=0.00 sys=0.00, real=0.00 secs] 
2021-01-21T22:11:50.845+0800: 15.157: [CMS-concurrent-preclean-start]
2021-01-21T22:11:50.846+0800: 15.158: [CMS-concurrent-preclean: 0.001/0.001 secs] [Times: user=0.00 sys=0.00, real=0.00 secs] 
2021-01-21T22:11:50.846+0800: 15.158: [CMS-concurrent-abortable-preclean-start]
2021-01-21T22:11:50.846+0800: 15.158: [CMS-concurrent-abortable-preclean: 0.000/0.000 secs] [Times: user=0.00 sys=0.00, real=0.00 secs] 
2021-01-21T22:11:50.847+0800: 15.159: [GC (CMS Final Remark) [YG occupancy: 50627 K (157248 K)]2021-01-21T22:11:50.847+0800: 15.159: [Rescan (parallel) , 0.0016619 secs]2021-01-21T22:11:50.849+0800: 15.161: [weak refs processing, 0.0004487 secs]2021-01-21T22:11:50.850+0800: 15.162: [class unloading, 0.0006306 secs]2021-01-21T22:11:50.851+0800: 15.163: [scrub symbol table, 0.0005898 secs]2021-01-21T22:11:50.852+0800: 15.164: [scrub string table, 0.0004578 secs][1 CMS-remark: 348990K(349568K)] 399617K(506816K), 0.0060418 secs] [Times: user=0.01 sys=0.00, real=0.01 secs] 
2021-01-21T22:11:50.854+0800: 15.166: [CMS-concurrent-sweep-start]
2021-01-21T22:11:50.854+0800: 15.166: [CMS-concurrent-sweep: 0.000/0.000 secs] [Times: user=0.00 sys=0.00, real=0.00 secs] 
2021-01-21T22:11:50.854+0800: 15.166: [CMS-concurrent-reset-start]
2021-01-21T22:11:50.855+0800: 15.167: [CMS-concurrent-reset: 0.000/0.000 secs] [Times: user=0.00 sys=0.00, real=0.00 secs] 
2021-01-21T22:11:50.867+0800: 15.179: [GC (Allocation Failure) 2021-01-21T22:11:50.868+0800: 15.180: [ParNew: 157209K->157209K(157248K), 0.0003750 secs]2021-01-21T22:11:50.868+0800: 15.180: [CMS: 347778K->349036K(349568K), 0.0489768 secs] 504987K->373314K(506816K), [Metaspace: 2816K->2816K(1056768K)], 0.0505895 secs] [Times: user=0.05 sys=0.00, real=0.06 secs] 
2021-01-21T22:11:50.919+0800: 15.231: [GC (CMS Initial Mark) [1 CMS-initial-mark: 349036K(349568K)] 377088K(506816K), 0.0013117 secs] [Times: user=0.00 sys=0.00, real=0.00 secs] 
2021-01-21T22:11:50.921+0800: 15.233: [CMS-concurrent-mark-start]
2021-01-21T22:11:50.922+0800: 15.234: [CMS-concurrent-mark: 0.001/0.001 secs] [Times: user=0.01 sys=0.00, real=0.00 secs] 
2021-01-21T22:11:50.923+0800: 15.235: [CMS-concurrent-preclean-start]
2021-01-21T22:11:50.924+0800: 15.236: [CMS-concurrent-preclean: 0.001/0.001 secs] [Times: user=0.00 sys=0.00, real=0.00 secs] 
2021-01-21T22:11:50.924+0800: 15.236: [CMS-concurrent-abortable-preclean-start]
2021-01-21T22:11:50.924+0800: 15.236: [CMS-concurrent-abortable-preclean: 0.000/0.000 secs] [Times: user=0.00 sys=0.00, real=0.00 secs] 
2021-01-21T22:11:50.925+0800: 15.237: [GC (CMS Final Remark) [YG occupancy: 51319 K (157248 K)]2021-01-21T22:11:50.925+0800: 15.237: [Rescan (parallel) , 0.0012679 secs]2021-01-21T22:11:50.927+0800: 15.239: [weak refs processing, 0.0002761 secs]2021-01-21T22:11:50.928+0800: 15.240: [class unloading, 0.0004452 secs]2021-01-21T22:11:50.928+0800: 15.240: [scrub symbol table, 0.0004772 secs]2021-01-21T22:11:50.929+0800: 15.241: [scrub string table, 0.0003542 secs][1 CMS-remark: 349036K(349568K)] 400355K(506816K), 0.0045279 secs] [Times: user=0.01 sys=0.00, real=0.01 secs] 
2021-01-21T22:11:50.930+0800: 15.242: [CMS-concurrent-sweep-start]
2021-01-21T22:11:50.930+0800: 15.242: [CMS-concurrent-sweep: 0.000/0.000 secs] [Times: user=0.00 sys=0.00, real=0.00 secs] 
2021-01-21T22:11:50.931+0800: 15.243: [CMS-concurrent-reset-start]
2021-01-21T22:11:50.931+0800: 15.243: [CMS-concurrent-reset: 0.000/0.000 secs] [Times: user=0.00 sys=0.00, real=0.00 secs] 
2021-01-21T22:11:50.945+0800: 15.257: [GC (Allocation Failure) 2021-01-21T22:11:50.945+0800: 15.257: [ParNew: 157098K->157098K(157248K), 0.0003872 secs]2021-01-21T22:11:50.946+0800: 15.258: [CMS: 345671K->349344K(349568K), 0.0485609 secs] 502769K->373968K(506816K), [Metaspace: 2816K->2816K(1056768K)], 0.0501706 secs] [Times: user=0.05 sys=0.00, real=0.05 secs] 
2021-01-21T22:11:50.996+0800: 15.308: [GC (CMS Initial Mark) [1 CMS-initial-mark: 349344K(349568K)] 377561K(506816K), 0.0018497 secs] [Times: user=0.00 sys=0.00, real=0.01 secs] 
2021-01-21T22:11:50.999+0800: 15.311: [CMS-concurrent-mark-start]
2021-01-21T22:11:51.000+0800: 15.312: [CMS-concurrent-mark: 0.001/0.001 secs] [Times: user=0.01 sys=0.00, real=0.00 secs] 
2021-01-21T22:11:51.001+0800: 15.313: [CMS-concurrent-preclean-start]
2021-01-21T22:11:51.002+0800: 15.314: [CMS-concurrent-preclean: 0.001/0.001 secs] [Times: user=0.00 sys=0.00, real=0.00 secs] 
2021-01-21T22:11:51.002+0800: 15.314: [CMS-concurrent-abortable-preclean-start]
2021-01-21T22:11:51.002+0800: 15.314: [CMS-concurrent-abortable-preclean: 0.000/0.000 secs] [Times: user=0.00 sys=0.00, real=0.00 secs] 
2021-01-21T22:11:51.003+0800: 15.315: [GC (CMS Final Remark) [YG occupancy: 53862 K (157248 K)]2021-01-21T22:11:51.003+0800: 15.315: [Rescan (parallel) , 0.0010020 secs]2021-01-21T22:11:51.005+0800: 15.317: [weak refs processing, 0.0002682 secs]2021-01-21T22:11:51.005+0800: 15.317: [class unloading, 0.0003787 secs]2021-01-21T22:11:51.006+0800: 15.318: [scrub symbol table, 0.0004962 secs]2021-01-21T22:11:51.007+0800: 15.319: [scrub string table, 0.0003494 secs][1 CMS-remark: 349344K(349568K)] 403207K(506816K), 0.0042469 secs] [Times: user=0.00 sys=0.00, real=0.00 secs] 
2021-01-21T22:11:51.008+0800: 15.320: [CMS-concurrent-sweep-start]
2021-01-21T22:11:51.008+0800: 15.320: [CMS-concurrent-sweep: 0.000/0.000 secs] [Times: user=0.00 sys=0.00, real=0.00 secs] 
2021-01-21T22:11:51.008+0800: 15.320: [CMS-concurrent-reset-start]
2021-01-21T22:11:51.008+0800: 15.320: [CMS-concurrent-reset: 0.000/0.000 secs] [Times: user=0.00 sys=0.00, real=0.00 secs] 
2021-01-21T22:11:51.020+0800: 15.332: [GC (Allocation Failure) 2021-01-21T22:11:51.020+0800: 15.332: [ParNew: 156655K->156655K(157248K), 0.0004018 secs]2021-01-21T22:11:51.021+0800: 15.333: [CMS: 349126K->349414K(349568K), 0.0495036 secs] 505781K->374616K(506816K), [Metaspace: 2816K->2816K(1056768K)], 0.0511686 secs] [Times: user=0.05 sys=0.00, real=0.05 secs] 
2021-01-21T22:11:51.072+0800: 15.384: [GC (CMS Initial Mark) [1 CMS-initial-mark: 349414K(349568K)] 378375K(506816K), 0.0013401 secs] [Times: user=0.00 sys=0.00, real=0.00 secs] 
2021-01-21T22:11:51.074+0800: 15.386: [CMS-concurrent-mark-start]
2021-01-21T22:11:51.075+0800: 15.387: [CMS-concurrent-mark: 0.001/0.001 secs] [Times: user=0.00 sys=0.00, real=0.00 secs] 
2021-01-21T22:11:51.075+0800: 15.387: [CMS-concurrent-preclean-start]
2021-01-21T22:11:51.076+0800: 15.388: [CMS-concurrent-preclean: 0.001/0.001 secs] [Times: user=0.00 sys=0.00, real=0.00 secs] 
2021-01-21T22:11:51.077+0800: 15.389: [CMS-concurrent-abortable-preclean-start]
2021-01-21T22:11:51.077+0800: 15.389: [CMS-concurrent-abortable-preclean: 0.000/0.000 secs] [Times: user=0.00 sys=0.00, real=0.00 secs] 
2021-01-21T22:11:51.077+0800: 15.389: [GC (CMS Final Remark) [YG occupancy: 61321 K (157248 K)]2021-01-21T22:11:51.078+0800: 15.390: [Rescan (parallel) , 0.0012316 secs]2021-01-21T22:11:51.079+0800: 15.391: [weak refs processing, 0.0002697 secs]2021-01-21T22:11:51.080+0800: 15.392: [class unloading, 0.0006176 secs]2021-01-21T22:11:51.081+0800: 15.393: [scrub symbol table, 0.0007227 secs]2021-01-21T22:11:51.082+0800: 15.394: [scrub string table, 0.0005337 secs][1 CMS-remark: 349414K(349568K)] 410736K(506816K), 0.0054204 secs] [Times: user=0.00 sys=0.01, real=0.01 secs] 
2021-01-21T22:11:51.084+0800: 15.396: [CMS-concurrent-sweep-start]
2021-01-21T22:11:51.084+0800: 15.396: [CMS-concurrent-sweep: 0.000/0.000 secs] [Times: user=0.00 sys=0.00, real=0.00 secs] 
2021-01-21T22:11:51.084+0800: 15.396: [CMS-concurrent-reset-start]
2021-01-21T22:11:51.084+0800: 15.396: [CMS-concurrent-reset: 0.000/0.000 secs] [Times: user=0.00 sys=0.00, real=0.00 secs] 
2021-01-21T22:11:51.095+0800: 15.407: [GC (Allocation Failure) 2021-01-21T22:11:51.095+0800: 15.407: [ParNew: 156711K->156711K(157248K), 0.0003781 secs]2021-01-21T22:11:51.096+0800: 15.408: [CMS: 347594K->349496K(349568K), 0.0502573 secs] 504306K->381684K(506816K), [Metaspace: 2816K->2816K(1056768K)], 0.0519670 secs] [Times: user=0.05 sys=0.00, real=0.05 secs] 
2021-01-21T22:11:51.148+0800: 15.460: [GC (CMS Initial Mark) [1 CMS-initial-mark: 349496K(349568K)] 385027K(506816K), 0.0016521 secs] [Times: user=0.00 sys=0.00, real=0.01 secs] 
2021-01-21T22:11:51.150+0800: 15.462: [CMS-concurrent-mark-start]
2021-01-21T22:11:51.152+0800: 15.464: [CMS-concurrent-mark: 0.001/0.001 secs] [Times: user=0.00 sys=0.00, real=0.00 secs] 
2021-01-21T22:11:51.152+0800: 15.464: [CMS-concurrent-preclean-start]
2021-01-21T22:11:51.153+0800: 15.465: [CMS-concurrent-preclean: 0.001/0.001 secs] [Times: user=0.00 sys=0.00, real=0.00 secs] 
2021-01-21T22:11:51.153+0800: 15.465: [CMS-concurrent-abortable-preclean-start]
2021-01-21T22:11:51.153+0800: 15.466: [CMS-concurrent-abortable-preclean: 0.000/0.000 secs] [Times: user=0.00 sys=0.00, real=0.00 secs] 
2021-01-21T22:11:51.154+0800: 15.466: [GC (CMS Final Remark) [YG occupancy: 70208 K (157248 K)]2021-01-21T22:11:51.154+0800: 15.466: [Rescan (parallel) , 0.0007636 secs]2021-01-21T22:11:51.156+0800: 15.468: [weak refs processing, 0.0003230 secs]2021-01-21T22:11:51.156+0800: 15.468: [class unloading, 0.0004461 secs]2021-01-21T22:11:51.157+0800: 15.469: [scrub symbol table, 0.0005124 secs]2021-01-21T22:11:51.158+0800: 15.470: [scrub string table, 0.0004238 secs][1 CMS-remark: 349496K(349568K)] 419705K(506816K), 0.0043212 secs] [Times: user=0.00 sys=0.00, real=0.01 secs] 
2021-01-21T22:11:51.159+0800: 15.471: [CMS-concurrent-sweep-start]
2021-01-21T22:11:51.159+0800: 15.471: [CMS-concurrent-sweep: 0.000/0.000 secs] [Times: user=0.00 sys=0.00, real=0.00 secs] 
2021-01-21T22:11:51.159+0800: 15.472: [CMS-concurrent-reset-start]
2021-01-21T22:11:51.160+0800: 15.472: [CMS-concurrent-reset: 0.000/0.000 secs] [Times: user=0.00 sys=0.01, real=0.00 secs] 
2021-01-21T22:11:51.170+0800: 15.482: [GC (Allocation Failure) 2021-01-21T22:11:51.170+0800: 15.482: [ParNew: 157244K->157244K(157248K), 0.0003345 secs]2021-01-21T22:11:51.171+0800: 15.483: [CMS: 348048K->349550K(349568K), 0.0516674 secs] 505292K->384232K(506816K), [Metaspace: 2816K->2816K(1056768K)], 0.0531500 secs] [Times: user=0.05 sys=0.00, real=0.05 secs] 
2021-01-21T22:11:51.224+0800: 15.536: [GC (CMS Initial Mark) [1 CMS-initial-mark: 349550K(349568K)] 386972K(506816K), 0.0012918 secs] [Times: user=0.00 sys=0.00, real=0.00 secs] 
2021-01-21T22:11:51.226+0800: 15.538: [CMS-concurrent-mark-start]
2021-01-21T22:11:51.228+0800: 15.540: [CMS-concurrent-mark: 0.001/0.001 secs] [Times: user=0.00 sys=0.00, real=0.00 secs] 
2021-01-21T22:11:51.228+0800: 15.540: [CMS-concurrent-preclean-start]
2021-01-21T22:11:51.229+0800: 15.541: [CMS-concurrent-preclean: 0.001/0.001 secs] [Times: user=0.00 sys=0.00, real=0.00 secs] 
2021-01-21T22:11:51.230+0800: 15.542: [CMS-concurrent-abortable-preclean-start]
2021-01-21T22:11:51.230+0800: 15.542: [CMS-concurrent-abortable-preclean: 0.000/0.000 secs] [Times: user=0.00 sys=0.00, real=0.00 secs] 
2021-01-21T22:11:51.230+0800: 15.542: [GC (CMS Final Remark) [YG occupancy: 71580 K (157248 K)]2021-01-21T22:11:51.231+0800: 15.543: [Rescan (parallel) , 0.0014242 secs]2021-01-21T22:11:51.233+0800: 15.545: [weak refs processing, 0.0004362 secs]2021-01-21T22:11:51.234+0800: 15.546: [class unloading, 0.0005631 secs]2021-01-21T22:11:51.235+0800: 15.547: [scrub symbol table, 0.0005634 secs]2021-01-21T22:11:51.236+0800: 15.548: [scrub string table, 0.0004445 secs][1 CMS-remark: 349550K(349568K)] 421131K(506816K), 0.0058894 secs] [Times: user=0.01 sys=0.00, real=0.00 secs] 
2021-01-21T22:11:51.237+0800: 15.549: [CMS-concurrent-sweep-start]
2021-01-21T22:11:51.237+0800: 15.549: [CMS-concurrent-sweep: 0.000/0.000 secs] [Times: user=0.00 sys=0.00, real=0.00 secs] 
2021-01-21T22:11:51.238+0800: 15.550: [CMS-concurrent-reset-start]
2021-01-21T22:11:51.238+0800: 15.550: [CMS-concurrent-reset: 0.000/0.000 secs] [Times: user=0.00 sys=0.00, real=0.00 secs] 
2021-01-21T22:11:51.249+0800: 15.561: [GC (Allocation Failure) 2021-01-21T22:11:51.249+0800: 15.561: [ParNew: 157209K->157209K(157248K), 0.0003207 secs]2021-01-21T22:11:51.250+0800: 15.562: [CMS: 349487K->349266K(349568K), 0.0494405 secs] 506697K->377519K(506816K), [Metaspace: 2816K->2816K(1056768K)], 0.0509889 secs] [Times: user=0.05 sys=0.00, real=0.05 secs] 
2021-01-21T22:11:51.301+0800: 15.613: [GC (CMS Initial Mark) [1 CMS-initial-mark: 349266K(349568K)] 380562K(506816K), 0.0011584 secs] [Times: user=0.00 sys=0.00, real=0.00 secs] 
2021-01-21T22:11:51.303+0800: 15.615: [CMS-concurrent-mark-start]
2021-01-21T22:11:51.304+0800: 15.616: [CMS-concurrent-mark: 0.001/0.001 secs] [Times: user=0.01 sys=0.00, real=0.00 secs] 
2021-01-21T22:11:51.304+0800: 15.616: [CMS-concurrent-preclean-start]
2021-01-21T22:11:51.305+0800: 15.617: [CMS-concurrent-preclean: 0.001/0.001 secs] [Times: user=0.00 sys=0.00, real=0.00 secs] 
2021-01-21T22:11:51.305+0800: 15.618: [CMS-concurrent-abortable-preclean-start]
2021-01-21T22:11:51.305+0800: 15.618: [CMS-concurrent-abortable-preclean: 0.000/0.000 secs] [Times: user=0.00 sys=0.00, real=0.00 secs] 
2021-01-21T22:11:51.306+0800: 15.618: [GC (CMS Final Remark) [YG occupancy: 56825 K (157248 K)]2021-01-21T22:11:51.306+0800: 15.618: [Rescan (parallel) , 0.0007179 secs]2021-01-21T22:11:51.307+0800: 15.619: [weak refs processing, 0.0002554 secs]2021-01-21T22:11:51.308+0800: 15.620: [class unloading, 0.0004171 secs]2021-01-21T22:11:51.309+0800: 15.621: [scrub symbol table, 0.0004998 secs]2021-01-21T22:11:51.309+0800: 15.621: [scrub string table, 0.0004204 secs][1 CMS-remark: 349266K(349568K)] 406092K(506816K), 0.0039523 secs] [Times: user=0.00 sys=0.00, real=0.01 secs] 
2021-01-21T22:11:51.311+0800: 15.623: [CMS-concurrent-sweep-start]
2021-01-21T22:11:51.311+0800: 15.623: [CMS-concurrent-sweep: 0.000/0.000 secs] [Times: user=0.00 sys=0.00, real=0.00 secs] 
2021-01-21T22:11:51.311+0800: 15.623: [CMS-concurrent-reset-start]
2021-01-21T22:11:51.311+0800: 15.623: [CMS-concurrent-reset: 0.000/0.000 secs] [Times: user=0.01 sys=0.00, real=0.00 secs] 
2021-01-21T22:11:51.323+0800: 15.635: [GC (Allocation Failure) 2021-01-21T22:11:51.323+0800: 15.635: [ParNew: 157242K->157242K(157248K), 0.0003809 secs]2021-01-21T22:11:51.324+0800: 15.636: [CMS: 348847K->349310K(349568K), 0.0499189 secs] 506090K->375500K(506816K), [Metaspace: 2816K->2816K(1056768K)], 0.0515338 secs] [Times: user=0.05 sys=0.00, real=0.05 secs] 
2021-01-21T22:11:51.375+0800: 15.687: [GC (CMS Initial Mark) [1 CMS-initial-mark: 349310K(349568K)] 378078K(506816K), 0.0011214 secs] [Times: user=0.00 sys=0.00, real=0.00 secs] 
2021-01-21T22:11:51.377+0800: 15.689: [CMS-concurrent-mark-start]
2021-01-21T22:11:51.378+0800: 15.690: [CMS-concurrent-mark: 0.001/0.001 secs] [Times: user=0.00 sys=0.00, real=0.01 secs] 
2021-01-21T22:11:51.379+0800: 15.691: [CMS-concurrent-preclean-start]
2021-01-21T22:11:51.380+0800: 15.692: [CMS-concurrent-preclean: 0.001/0.001 secs] [Times: user=0.00 sys=0.00, real=0.00 secs] 
2021-01-21T22:11:51.380+0800: 15.692: [CMS-concurrent-abortable-preclean-start]
2021-01-21T22:11:51.380+0800: 15.692: [CMS-concurrent-abortable-preclean: 0.000/0.000 secs] [Times: user=0.00 sys=0.00, real=0.00 secs] 
2021-01-21T22:11:51.381+0800: 15.693: [GC (CMS Final Remark) [YG occupancy: 52327 K (157248 K)]2021-01-21T22:11:51.381+0800: 15.693: [Rescan (parallel) , 0.0007984 secs]2021-01-21T22:11:51.382+0800: 15.694: [weak refs processing, 0.0002720 secs]2021-01-21T22:11:51.383+0800: 15.695: [class unloading, 0.0005991 secs]2021-01-21T22:11:51.384+0800: 15.696: [scrub symbol table, 0.0006323 secs]2021-01-21T22:11:51.385+0800: 15.697: [scrub string table, 0.0006864 secs][1 CMS-remark: 349310K(349568K)] 401637K(506816K), 0.0053421 secs] [Times: user=0.00 sys=0.00, real=0.00 secs] 
2021-01-21T22:11:51.387+0800: 15.699: [CMS-concurrent-sweep-start]
2021-01-21T22:11:51.387+0800: 15.699: [CMS-concurrent-sweep: 0.000/0.000 secs] [Times: user=0.00 sys=0.00, real=0.00 secs] 
2021-01-21T22:11:51.387+0800: 15.699: [CMS-concurrent-reset-start]
2021-01-21T22:11:51.387+0800: 15.699: [CMS-concurrent-reset: 0.000/0.000 secs] [Times: user=0.00 sys=0.00, real=0.00 secs] 
2021-01-21T22:11:51.400+0800: 15.712: [GC (Allocation Failure) 2021-01-21T22:11:51.400+0800: 15.712: [ParNew: 157221K->157221K(157248K), 0.0002300 secs]2021-01-21T22:11:51.401+0800: 15.713: [CMS: 349071K->349416K(349568K), 0.0550417 secs] 506293K->372800K(506816K), [Metaspace: 2816K->2816K(1056768K)], 0.0565681 secs] [Times: user=0.06 sys=0.00, real=0.05 secs] 
2021-01-21T22:11:51.457+0800: 15.769: [GC (CMS Initial Mark) [1 CMS-initial-mark: 349416K(349568K)] 375570K(506816K), 0.0014901 secs] [Times: user=0.00 sys=0.00, real=0.01 secs] 
2021-01-21T22:11:51.460+0800: 15.772: [CMS-concurrent-mark-start]
2021-01-21T22:11:51.461+0800: 15.773: [CMS-concurrent-mark: 0.001/0.001 secs] [Times: user=0.01 sys=0.00, real=0.00 secs] 
2021-01-21T22:11:51.461+0800: 15.773: [CMS-concurrent-preclean-start]
2021-01-21T22:11:51.463+0800: 15.775: [CMS-concurrent-preclean: 0.001/0.001 secs] [Times: user=0.00 sys=0.00, real=0.00 secs] 
2021-01-21T22:11:51.463+0800: 15.775: [CMS-concurrent-abortable-preclean-start]
2021-01-21T22:11:51.463+0800: 15.775: [CMS-concurrent-abortable-preclean: 0.000/0.000 secs] [Times: user=0.00 sys=0.00, real=0.00 secs] 
2021-01-21T22:11:51.464+0800: 15.776: [GC (CMS Final Remark) [YG occupancy: 55149 K (157248 K)]2021-01-21T22:11:51.465+0800: 15.777: [Rescan (parallel) , 0.0014012 secs]2021-01-21T22:11:51.466+0800: 15.778: [weak refs processing, 0.0003926 secs]2021-01-21T22:11:51.467+0800: 15.779: [class unloading, 0.0006171 secs]2021-01-21T22:11:51.468+0800: 15.780: [scrub symbol table, 0.0005775 secs]2021-01-21T22:11:51.469+0800: 15.781: [scrub string table, 0.0004712 secs][1 CMS-remark: 349416K(349568K)] 404565K(506816K), 0.0058437 secs] [Times: user=0.01 sys=0.00, real=0.01 secs] 
2021-01-21T22:11:51.470+0800: 15.782: [CMS-concurrent-sweep-start]
2021-01-21T22:11:51.471+0800: 15.783: [CMS-concurrent-sweep: 0.000/0.000 secs] [Times: user=0.00 sys=0.00, real=0.00 secs] 
2021-01-21T22:11:51.471+0800: 15.783: [CMS-concurrent-reset-start]
2021-01-21T22:11:51.472+0800: 15.784: [CMS-concurrent-reset: 0.000/0.000 secs] [Times: user=0.00 sys=0.00, real=0.00 secs] 
2021-01-21T22:11:51.485+0800: 15.797: [GC (Allocation Failure) 2021-01-21T22:11:51.486+0800: 15.798: [ParNew: 157239K->157239K(157248K), 0.0002536 secs]2021-01-21T22:11:51.486+0800: 15.798: [CMS: 349284K->349232K(349568K), 0.0499330 secs] 506524K->377683K(506816K), [Metaspace: 2816K->2816K(1056768K)], 0.0513047 secs] [Times: user=0.05 sys=0.00, real=0.05 secs] 
2021-01-21T22:11:51.537+0800: 15.849: [GC (CMS Initial Mark) [1 CMS-initial-mark: 349232K(349568K)] 380396K(506816K), 0.0014551 secs] [Times: user=0.00 sys=0.00, real=0.01 secs] 
2021-01-21T22:11:51.540+0800: 15.852: [CMS-concurrent-mark-start]
2021-01-21T22:11:51.541+0800: 15.853: [CMS-concurrent-mark: 0.001/0.001 secs] [Times: user=0.01 sys=0.00, real=0.00 secs] 
2021-01-21T22:11:51.541+0800: 15.854: [CMS-concurrent-preclean-start]
2021-01-21T22:11:51.542+0800: 15.854: [CMS-concurrent-preclean: 0.001/0.001 secs] [Times: user=0.00 sys=0.00, real=0.00 secs] 
2021-01-21T22:11:51.543+0800: 15.855: [CMS-concurrent-abortable-preclean-start]
2021-01-21T22:11:51.543+0800: 15.855: [CMS-concurrent-abortable-preclean: 0.000/0.000 secs] [Times: user=0.00 sys=0.00, real=0.00 secs] 
2021-01-21T22:11:51.543+0800: 15.855: [GC (CMS Final Remark) [YG occupancy: 58737 K (157248 K)]2021-01-21T22:11:51.544+0800: 15.856: [Rescan (parallel) , 0.0016169 secs]2021-01-21T22:11:51.546+0800: 15.858: [weak refs processing, 0.0003109 secs]2021-01-21T22:11:51.546+0800: 15.858: [class unloading, 0.0005650 secs]2021-01-21T22:11:51.547+0800: 15.859: [scrub symbol table, 0.0006662 secs]2021-01-21T22:11:51.548+0800: 15.860: [scrub string table, 0.0006291 secs][1 CMS-remark: 349232K(349568K)] 407969K(506816K), 0.0059141 secs] [Times: user=0.01 sys=0.00, real=0.01 secs] 
2021-01-21T22:11:51.550+0800: 15.862: [CMS-concurrent-sweep-start]
2021-01-21T22:11:51.550+0800: 15.862: [CMS-concurrent-sweep: 0.000/0.000 secs] [Times: user=0.00 sys=0.00, real=0.00 secs] 
2021-01-21T22:11:51.551+0800: 15.863: [CMS-concurrent-reset-start]
2021-01-21T22:11:51.551+0800: 15.863: [CMS-concurrent-reset: 0.000/0.000 secs] [Times: user=0.00 sys=0.00, real=0.00 secs] 
2021-01-21T22:11:51.563+0800: 15.875: [GC (Allocation Failure) 2021-01-21T22:11:51.564+0800: 15.876: [ParNew: 157156K->157156K(157248K), 0.0003296 secs]2021-01-21T22:11:51.564+0800: 15.876: [CMS: 349183K->349396K(349568K), 0.0480742 secs] 506340K->370756K(506816K), [Metaspace: 2816K->2816K(1056768K)], 0.0499495 secs] [Times: user=0.05 sys=0.00, real=0.05 secs] 
2021-01-21T22:11:51.614+0800: 15.926: [GC (CMS Initial Mark) [1 CMS-initial-mark: 349396K(349568K)] 373630K(506816K), 0.0017019 secs] [Times: user=0.00 sys=0.00, real=0.00 secs] 
2021-01-21T22:11:51.617+0800: 15.929: [CMS-concurrent-mark-start]
2021-01-21T22:11:51.618+0800: 15.930: [CMS-concurrent-mark: 0.001/0.001 secs] [Times: user=0.01 sys=0.00, real=0.01 secs] 
2021-01-21T22:11:51.619+0800: 15.931: [CMS-concurrent-preclean-start]
2021-01-21T22:11:51.620+0800: 15.932: [CMS-concurrent-preclean: 0.001/0.001 secs] [Times: user=0.00 sys=0.00, real=0.00 secs] 
2021-01-21T22:11:51.620+0800: 15.932: [CMS-concurrent-abortable-preclean-start]
2021-01-21T22:11:51.620+0800: 15.932: [CMS-concurrent-abortable-preclean: 0.000/0.000 secs] [Times: user=0.00 sys=0.00, real=0.00 secs] 
2021-01-21T22:11:51.621+0800: 15.933: [GC (CMS Final Remark) [YG occupancy: 50654 K (157248 K)]2021-01-21T22:11:51.621+0800: 15.933: [Rescan (parallel) , 0.0008966 secs]2021-01-21T22:11:51.622+0800: 15.934: [weak refs processing, 0.0003099 secs]2021-01-21T22:11:51.623+0800: 15.935: [class unloading, 0.0005792 secs]2021-01-21T22:11:51.624+0800: 15.936: [scrub symbol table, 0.0007222 secs]2021-01-21T22:11:51.625+0800: 15.937: [scrub string table, 0.0005007 secs][1 CMS-remark: 349396K(349568K)] 400050K(506816K), 0.0048342 secs] [Times: user=0.01 sys=0.00, real=0.00 secs] 
2021-01-21T22:11:51.626+0800: 15.938: [CMS-concurrent-sweep-start]
2021-01-21T22:11:51.627+0800: 15.939: [CMS-concurrent-sweep: 0.000/0.000 secs] [Times: user=0.00 sys=0.00, real=0.00 secs] 
2021-01-21T22:11:51.627+0800: 15.939: [CMS-concurrent-reset-start]
2021-01-21T22:11:51.627+0800: 15.939: [CMS-concurrent-reset: 0.000/0.000 secs] [Times: user=0.00 sys=0.00, real=0.00 secs] 
2021-01-21T22:11:51.639+0800: 15.951: [GC (Allocation Failure) 2021-01-21T22:11:51.640+0800: 15.952: [ParNew: 157221K->157221K(157248K), 0.0005108 secs]2021-01-21T22:11:51.641+0800: 15.953: [CMS: 348210K->349378K(349568K), 0.0473448 secs] 505432K->366104K(506816K), [Metaspace: 2816K->2816K(1056768K)], 0.0495889 secs] [Times: user=0.05 sys=0.00, real=0.05 secs] 
2021-01-21T22:11:51.690+0800: 16.002: [GC (CMS Initial Mark) [1 CMS-initial-mark: 349378K(349568K)] 369654K(506816K), 0.0013890 secs] [Times: user=0.00 sys=0.00, real=0.00 secs] 
2021-01-21T22:11:51.692+0800: 16.004: [CMS-concurrent-mark-start]
2021-01-21T22:11:51.693+0800: 16.005: [CMS-concurrent-mark: 0.001/0.001 secs] [Times: user=0.00 sys=0.00, real=0.00 secs] 
2021-01-21T22:11:51.694+0800: 16.006: [CMS-concurrent-preclean-start]
2021-01-21T22:11:51.695+0800: 16.007: [CMS-concurrent-preclean: 0.001/0.001 secs] [Times: user=0.01 sys=0.00, real=0.00 secs] 
2021-01-21T22:11:51.695+0800: 16.007: [CMS-concurrent-abortable-preclean-start]
2021-01-21T22:11:51.695+0800: 16.007: [CMS-concurrent-abortable-preclean: 0.000/0.000 secs] [Times: user=0.00 sys=0.00, real=0.00 secs] 
2021-01-21T22:11:51.696+0800: 16.008: [GC (CMS Final Remark) [YG occupancy: 49677 K (157248 K)]2021-01-21T22:11:51.696+0800: 16.008: [Rescan (parallel) , 0.0013229 secs]2021-01-21T22:11:51.698+0800: 16.010: [weak refs processing, 0.0003845 secs]2021-01-21T22:11:51.698+0800: 16.010: [class unloading, 0.0004705 secs]2021-01-21T22:11:51.699+0800: 16.011: [scrub symbol table, 0.0005514 secs]2021-01-21T22:11:51.700+0800: 16.012: [scrub string table, 0.0004433 secs][1 CMS-remark: 349378K(349568K)] 399056K(506816K), 0.0050699 secs] [Times: user=0.00 sys=0.00, real=0.01 secs] 
2021-01-21T22:11:51.702+0800: 16.014: [CMS-concurrent-sweep-start]
2021-01-21T22:11:51.702+0800: 16.014: [CMS-concurrent-sweep: 0.000/0.000 secs] [Times: user=0.00 sys=0.00, real=0.00 secs] 
2021-01-21T22:11:51.702+0800: 16.014: [CMS-concurrent-reset-start]
2021-01-21T22:11:51.703+0800: 16.015: [CMS-concurrent-reset: 0.000/0.000 secs] [Times: user=0.00 sys=0.00, real=0.00 secs] 
2021-01-21T22:11:51.715+0800: 16.027: [GC (Allocation Failure) 2021-01-21T22:11:51.715+0800: 16.027: [ParNew: 157193K->157193K(157248K), 0.0003510 secs]2021-01-21T22:11:51.716+0800: 16.028: [CMS: 348897K->349406K(349568K), 0.0458859 secs] 506090K->367846K(506816K), [Metaspace: 2816K->2816K(1056768K)], 0.0475065 secs] [Times: user=0.04 sys=0.00, real=0.05 secs] 
2021-01-21T22:11:51.763+0800: 16.075: [GC (CMS Initial Mark) [1 CMS-initial-mark: 349406K(349568K)] 370750K(506816K), 0.0016374 secs] [Times: user=0.00 sys=0.00, real=0.00 secs] 
2021-01-21T22:11:51.766+0800: 16.078: [CMS-concurrent-mark-start]
2021-01-21T22:11:51.768+0800: 16.080: [CMS-concurrent-mark: 0.001/0.001 secs] [Times: user=0.00 sys=0.00, real=0.00 secs] 
2021-01-21T22:11:51.768+0800: 16.080: [CMS-concurrent-preclean-start]
2021-01-21T22:11:51.769+0800: 16.081: [CMS-concurrent-preclean: 0.001/0.001 secs] [Times: user=0.00 sys=0.00, real=0.00 secs] 
2021-01-21T22:11:51.770+0800: 16.082: [CMS-concurrent-abortable-preclean-start]
2021-01-21T22:11:51.770+0800: 16.082: [CMS-concurrent-abortable-preclean: 0.000/0.000 secs] [Times: user=0.00 sys=0.00, real=0.00 secs] 
2021-01-21T22:11:51.770+0800: 16.083: [GC (CMS Final Remark) [YG occupancy: 53273 K (157248 K)]2021-01-21T22:11:51.771+0800: 16.083: [Rescan (parallel) , 0.0008569 secs]2021-01-21T22:11:51.772+0800: 16.084: [weak refs processing, 0.0003422 secs]2021-01-21T22:11:51.773+0800: 16.085: [class unloading, 0.0004900 secs]2021-01-21T22:11:51.774+0800: 16.086: [scrub symbol table, 0.0005673 secs]2021-01-21T22:11:51.774+0800: 16.086: [scrub string table, 0.0004047 secs][1 CMS-remark: 349406K(349568K)] 402680K(506816K), 0.0045477 secs] [Times: user=0.01 sys=0.00, real=0.00 secs] 
2021-01-21T22:11:51.776+0800: 16.088: [CMS-concurrent-sweep-start]
2021-01-21T22:11:51.776+0800: 16.088: [CMS-concurrent-sweep: 0.000/0.000 secs] [Times: user=0.00 sys=0.00, real=0.00 secs] 
2021-01-21T22:11:51.776+0800: 16.088: [CMS-concurrent-reset-start]
2021-01-21T22:11:51.776+0800: 16.088: [CMS-concurrent-reset: 0.000/0.000 secs] [Times: user=0.00 sys=0.00, real=0.00 secs] 
2021-01-21T22:11:51.788+0800: 16.101: [GC (Allocation Failure) 2021-01-21T22:11:51.789+0800: 16.101: [ParNew: 156610K->156610K(157248K), 0.0003607 secs]2021-01-21T22:11:51.790+0800: 16.102: [CMS: 349306K->349365K(349568K), 0.0489579 secs] 505916K->371065K(506816K), [Metaspace: 2816K->2816K(1056768K)], 0.0506593 secs] [Times: user=0.05 sys=0.00, real=0.05 secs] 
2021-01-21T22:11:51.840+0800: 16.152: [GC (CMS Initial Mark) [1 CMS-initial-mark: 349365K(349568K)] 374753K(506816K), 0.0018059 secs] [Times: user=0.00 sys=0.00, real=0.00 secs] 
2021-01-21T22:11:51.843+0800: 16.155: [CMS-concurrent-mark-start]
2021-01-21T22:11:51.844+0800: 16.156: [CMS-concurrent-mark: 0.001/0.001 secs] [Times: user=0.01 sys=0.00, real=0.00 secs] 
2021-01-21T22:11:51.845+0800: 16.157: [CMS-concurrent-preclean-start]
2021-01-21T22:11:51.847+0800: 16.159: [CMS-concurrent-preclean: 0.002/0.002 secs] [Times: user=0.00 sys=0.00, real=0.00 secs] 
2021-01-21T22:11:51.847+0800: 16.159: [CMS-concurrent-abortable-preclean-start]
2021-01-21T22:11:51.847+0800: 16.159: [CMS-concurrent-abortable-preclean: 0.000/0.000 secs] [Times: user=0.00 sys=0.00, real=0.00 secs] 
2021-01-21T22:11:51.848+0800: 16.160: [GC (CMS Final Remark) [YG occupancy: 58864 K (157248 K)]2021-01-21T22:11:51.848+0800: 16.160: [Rescan (parallel) , 0.0014126 secs]2021-01-21T22:11:51.850+0800: 16.162: [weak refs processing, 0.0003235 secs]2021-01-21T22:11:51.851+0800: 16.163: [class unloading, 0.0004689 secs]2021-01-21T22:11:51.852+0800: 16.164: [scrub symbol table, 0.0005402 secs]2021-01-21T22:11:51.852+0800: 16.164: [scrub string table, 0.0003973 secs][1 CMS-remark: 349365K(349568K)] 408230K(506816K), 0.0050453 secs] [Times: user=0.01 sys=0.00, real=0.01 secs] 
2021-01-21T22:11:51.854+0800: 16.166: [CMS-concurrent-sweep-start]
2021-01-21T22:11:51.854+0800: 16.166: [CMS-concurrent-sweep: 0.000/0.000 secs] [Times: user=0.00 sys=0.00, real=0.00 secs] 
2021-01-21T22:11:51.854+0800: 16.166: [CMS-concurrent-reset-start]
2021-01-21T22:11:51.854+0800: 16.167: [CMS-concurrent-reset: 0.000/0.000 secs] [Times: user=0.00 sys=0.00, real=0.00 secs] 
2021-01-21T22:11:51.866+0800: 16.178: [GC (Allocation Failure) 2021-01-21T22:11:51.866+0800: 16.178: [ParNew: 157240K->157240K(157248K), 0.0003811 secs]2021-01-21T22:11:51.867+0800: 16.179: [CMS: 347420K->349496K(349568K), 0.0486658 secs] 504661K->373504K(506816K), [Metaspace: 2816K->2816K(1056768K)], 0.0504616 secs] [Times: user=0.05 sys=0.00, real=0.05 secs] 
2021-01-21T22:11:51.917+0800: 16.229: [GC (CMS Initial Mark) [1 CMS-initial-mark: 349496K(349568K)] 376263K(506816K), 0.0014000 secs] [Times: user=0.00 sys=0.00, real=0.01 secs] 
2021-01-21T22:11:51.919+0800: 16.231: [CMS-concurrent-mark-start]
2021-01-21T22:11:51.921+0800: 16.233: [CMS-concurrent-mark: 0.001/0.001 secs] [Times: user=0.01 sys=0.00, real=0.00 secs] 
2021-01-21T22:11:51.921+0800: 16.233: [CMS-concurrent-preclean-start]
2021-01-21T22:11:51.922+0800: 16.234: [CMS-concurrent-preclean: 0.001/0.001 secs] [Times: user=0.00 sys=0.00, real=0.00 secs] 
2021-01-21T22:11:51.923+0800: 16.235: [CMS-concurrent-abortable-preclean-start]
2021-01-21T22:11:51.923+0800: 16.235: [CMS-concurrent-abortable-preclean: 0.000/0.000 secs] [Times: user=0.00 sys=0.00, real=0.00 secs] 
2021-01-21T22:11:51.923+0800: 16.235: [GC (CMS Final Remark) [YG occupancy: 53682 K (157248 K)]2021-01-21T22:11:51.924+0800: 16.236: [Rescan (parallel) , 0.0008444 secs]2021-01-21T22:11:51.925+0800: 16.237: [weak refs processing, 0.0002864 secs]2021-01-21T22:11:51.926+0800: 16.238: [class unloading, 0.0008132 secs]2021-01-21T22:11:51.927+0800: 16.239: [scrub symbol table, 0.0005929 secs]2021-01-21T22:11:51.928+0800: 16.240: [scrub string table, 0.0004685 secs][1 CMS-remark: 349496K(349568K)] 403179K(506816K), 0.0051189 secs] [Times: user=0.01 sys=0.00, real=0.01 secs] 
2021-01-21T22:11:51.929+0800: 16.241: [CMS-concurrent-sweep-start]
2021-01-21T22:11:51.930+0800: 16.242: [CMS-concurrent-sweep: 0.000/0.000 secs] [Times: user=0.00 sys=0.00, real=0.00 secs] 
2021-01-21T22:11:51.930+0800: 16.242: [CMS-concurrent-reset-start]
2021-01-21T22:11:51.930+0800: 16.243: [CMS-concurrent-reset: 0.000/0.000 secs] [Times: user=0.00 sys=0.00, real=0.00 secs] 
2021-01-21T22:11:51.944+0800: 16.256: [GC (Allocation Failure) 2021-01-21T22:11:51.944+0800: 16.256: [ParNew: 157232K->157232K(157248K), 0.0002930 secs]2021-01-21T22:11:51.945+0800: 16.257: [CMS: 348213K->349140K(349568K), 0.0473235 secs] 505446K->374423K(506816K), [Metaspace: 2816K->2816K(1056768K)], 0.0488401 secs] [Times: user=0.05 sys=0.00, real=0.05 secs] 
2021-01-21T22:11:51.994+0800: 16.306: [GC (CMS Initial Mark) [1 CMS-initial-mark: 349140K(349568K)] 377254K(506816K), 0.0014681 secs] [Times: user=0.00 sys=0.00, real=0.00 secs] 
2021-01-21T22:11:51.996+0800: 16.308: [CMS-concurrent-mark-start]
2021-01-21T22:11:51.998+0800: 16.310: [CMS-concurrent-mark: 0.002/0.002 secs] [Times: user=0.01 sys=0.00, real=0.00 secs] 
2021-01-21T22:11:51.998+0800: 16.310: [CMS-concurrent-preclean-start]
2021-01-21T22:11:51.999+0800: 16.312: [CMS-concurrent-preclean: 0.001/0.001 secs] [Times: user=0.00 sys=0.00, real=0.00 secs] 
2021-01-21T22:11:52.000+0800: 16.312: [CMS-concurrent-abortable-preclean-start]
2021-01-21T22:11:52.000+0800: 16.312: [CMS-concurrent-abortable-preclean: 0.000/0.000 secs] [Times: user=0.00 sys=0.00, real=0.00 secs] 
2021-01-21T22:11:52.001+0800: 16.313: [GC (CMS Final Remark) [YG occupancy: 58689 K (157248 K)]2021-01-21T22:11:52.001+0800: 16.313: [Rescan (parallel) , 0.0008904 secs]2021-01-21T22:11:52.002+0800: 16.314: [weak refs processing, 0.0003384 secs]2021-01-21T22:11:52.003+0800: 16.315: [class unloading, 0.0004796 secs]2021-01-21T22:11:52.004+0800: 16.316: [scrub symbol table, 0.0005201 secs]2021-01-21T22:11:52.005+0800: 16.317: [scrub string table, 0.0006814 secs][1 CMS-remark: 349140K(349568K)] 407830K(506816K), 0.0048495 secs] [Times: user=0.01 sys=0.00, real=0.00 secs] 
2021-01-21T22:11:52.006+0800: 16.318: [CMS-concurrent-sweep-start]
2021-01-21T22:11:52.007+0800: 16.319: [CMS-concurrent-sweep: 0.000/0.000 secs] [Times: user=0.00 sys=0.00, real=0.00 secs] 
2021-01-21T22:11:52.007+0800: 16.319: [CMS-concurrent-reset-start]
2021-01-21T22:11:52.007+0800: 16.319: [CMS-concurrent-reset: 0.000/0.000 secs] [Times: user=0.00 sys=0.00, real=0.00 secs] 
2021-01-21T22:11:52.018+0800: 16.330: [GC (Allocation Failure) 2021-01-21T22:11:52.018+0800: 16.330: [ParNew: 157074K->157074K(157248K), 0.0003081 secs]2021-01-21T22:11:52.019+0800: 16.331: [CMS: 347695K->349553K(349568K), 0.0502697 secs] 504770K->381504K(506816K), [Metaspace: 2816K->2816K(1056768K)], 0.0518735 secs] [Times: user=0.04 sys=0.01, real=0.06 secs] 
2021-01-21T22:11:52.071+0800: 16.383: [GC (CMS Initial Mark) [1 CMS-initial-mark: 349553K(349568K)] 384457K(506816K), 0.0012173 secs] [Times: user=0.00 sys=0.00, real=0.00 secs] 
2021-01-21T22:11:52.072+0800: 16.384: [CMS-concurrent-mark-start]
2021-01-21T22:11:52.074+0800: 16.386: [CMS-concurrent-mark: 0.001/0.001 secs] [Times: user=0.00 sys=0.00, real=0.00 secs] 
2021-01-21T22:11:52.074+0800: 16.386: [CMS-concurrent-preclean-start]
2021-01-21T22:11:52.075+0800: 16.387: [CMS-concurrent-preclean: 0.001/0.001 secs] [Times: user=0.00 sys=0.00, real=0.00 secs] 
2021-01-21T22:11:52.076+0800: 16.388: [CMS-concurrent-abortable-preclean-start]
2021-01-21T22:11:52.076+0800: 16.388: [CMS-concurrent-abortable-preclean: 0.000/0.000 secs] [Times: user=0.00 sys=0.00, real=0.00 secs] 
2021-01-21T22:11:52.076+0800: 16.388: [GC (CMS Final Remark) [YG occupancy: 62496 K (157248 K)]2021-01-21T22:11:52.077+0800: 16.389: [Rescan (parallel) , 0.0007260 secs]2021-01-21T22:11:52.078+0800: 16.390: [weak refs processing, 0.0004041 secs]2021-01-21T22:11:52.078+0800: 16.391: [class unloading, 0.0004403 secs]2021-01-21T22:11:52.079+0800: 16.391: [scrub symbol table, 0.0005305 secs]2021-01-21T22:11:52.080+0800: 16.392: [scrub string table, 0.0005739 secs][1 CMS-remark: 349553K(349568K)] 412049K(506816K), 0.0047381 secs] [Times: user=0.00 sys=0.00, real=0.01 secs] 
2021-01-21T22:11:52.082+0800: 16.394: [CMS-concurrent-sweep-start]
2021-01-21T22:11:52.082+0800: 16.395: [CMS-concurrent-sweep: 0.000/0.000 secs] [Times: user=0.00 sys=0.00, real=0.00 secs] 
2021-01-21T22:11:52.083+0800: 16.395: [CMS-concurrent-reset-start]
2021-01-21T22:11:52.083+0800: 16.395: [CMS-concurrent-reset: 0.000/0.000 secs] [Times: user=0.00 sys=0.00, real=0.00 secs] 
2021-01-21T22:11:52.095+0800: 16.407: [GC (Allocation Failure) 2021-01-21T22:11:52.095+0800: 16.407: [ParNew: 157079K->157079K(157248K), 0.0003519 secs]2021-01-21T22:11:52.096+0800: 16.408: [CMS: 349241K->349324K(349568K), 0.0502952 secs] 506321K->387715K(506816K), [Metaspace: 2816K->2816K(1056768K)], 0.0521425 secs] [Times: user=0.05 sys=0.00, real=0.05 secs] 
2021-01-21T22:11:52.148+0800: 16.460: [GC (CMS Initial Mark) [1 CMS-initial-mark: 349324K(349568K)] 390837K(506816K), 0.0015281 secs] [Times: user=0.00 sys=0.00, real=0.01 secs] 
2021-01-21T22:11:52.150+0800: 16.462: [CMS-concurrent-mark-start]
2021-01-21T22:11:52.152+0800: 16.464: [CMS-concurrent-mark: 0.001/0.001 secs] [Times: user=0.00 sys=0.00, real=0.00 secs] 
2021-01-21T22:11:52.152+0800: 16.464: [CMS-concurrent-preclean-start]
2021-01-21T22:11:52.153+0800: 16.465: [CMS-concurrent-preclean: 0.001/0.001 secs] [Times: user=0.01 sys=0.00, real=0.00 secs] 
2021-01-21T22:11:52.153+0800: 16.465: [CMS-concurrent-abortable-preclean-start]
2021-01-21T22:11:52.153+0800: 16.465: [CMS-concurrent-abortable-preclean: 0.000/0.000 secs] [Times: user=0.00 sys=0.00, real=0.00 secs] 
2021-01-21T22:11:52.154+0800: 16.466: [GC (CMS Final Remark) [YG occupancy: 69058 K (157248 K)]2021-01-21T22:11:52.154+0800: 16.466: [Rescan (parallel) , 0.0012761 secs]2021-01-21T22:11:52.156+0800: 16.468: [weak refs processing, 0.0003151 secs]2021-01-21T22:11:52.157+0800: 16.469: [class unloading, 0.0004876 secs]2021-01-21T22:11:52.157+0800: 16.469: [scrub symbol table, 0.0005641 secs]2021-01-21T22:11:52.158+0800: 16.470: [scrub string table, 0.0004143 secs][1 CMS-remark: 349324K(349568K)] 418383K(506816K), 0.0049588 secs] [Times: user=0.00 sys=0.00, real=0.01 secs] 
2021-01-21T22:11:52.160+0800: 16.472: [CMS-concurrent-sweep-start]
2021-01-21T22:11:52.160+0800: 16.472: [CMS-concurrent-sweep: 0.000/0.000 secs] [Times: user=0.00 sys=0.00, real=0.00 secs] 
2021-01-21T22:11:52.160+0800: 16.472: [CMS-concurrent-reset-start]
2021-01-21T22:11:52.161+0800: 16.473: [CMS-concurrent-reset: 0.000/0.000 secs] [Times: user=0.00 sys=0.00, real=0.00 secs] 
2021-01-21T22:11:52.170+0800: 16.482: [GC (Allocation Failure) 2021-01-21T22:11:52.171+0800: 16.483: [ParNew: 157113K->157113K(157248K), 0.0003289 secs]2021-01-21T22:11:52.172+0800: 16.484: [CMS: 349111K->349567K(349568K), 0.0513167 secs] 506224K->389264K(506816K), [Metaspace: 2816K->2816K(1056768K)], 0.0530672 secs] [Times: user=0.05 sys=0.00, real=0.05 secs] 
2021-01-21T22:11:52.224+0800: 16.536: [GC (CMS Initial Mark) [1 CMS-initial-mark: 349567K(349568K)] 392491K(506816K), 0.0012836 secs] [Times: user=0.00 sys=0.00, real=0.00 secs] 
2021-01-21T22:11:52.226+0800: 16.538: [CMS-concurrent-mark-start]
2021-01-21T22:11:52.228+0800: 16.540: [CMS-concurrent-mark: 0.001/0.001 secs] [Times: user=0.00 sys=0.00, real=0.00 secs] 
2021-01-21T22:11:52.228+0800: 16.540: [CMS-concurrent-preclean-start]
2021-01-21T22:11:52.230+0800: 16.542: [CMS-concurrent-preclean: 0.001/0.001 secs] [Times: user=0.00 sys=0.00, real=0.00 secs] 
2021-01-21T22:11:52.230+0800: 16.542: [CMS-concurrent-abortable-preclean-start]
2021-01-21T22:11:52.230+0800: 16.542: [CMS-concurrent-abortable-preclean: 0.000/0.000 secs] [Times: user=0.00 sys=0.00, real=0.00 secs] 
2021-01-21T22:11:52.231+0800: 16.543: [GC (CMS Final Remark) [YG occupancy: 71720 K (157248 K)]2021-01-21T22:11:52.231+0800: 16.543: [Rescan (parallel) , 0.0009250 secs]2021-01-21T22:11:52.233+0800: 16.545: [weak refs processing, 0.0003636 secs]2021-01-21T22:11:52.233+0800: 16.545: [class unloading, 0.0005208 secs]2021-01-21T22:11:52.234+0800: 16.546: [scrub symbol table, 0.0007477 secs]2021-01-21T22:11:52.235+0800: 16.547: [scrub string table, 0.0004331 secs][1 CMS-remark: 349567K(349568K)] 421287K(506816K), 0.0052078 secs] [Times: user=0.00 sys=0.00, real=0.00 secs] 
2021-01-21T22:11:52.237+0800: 16.549: [CMS-concurrent-sweep-start]
2021-01-21T22:11:52.237+0800: 16.549: [CMS-concurrent-sweep: 0.000/0.000 secs] [Times: user=0.00 sys=0.00, real=0.00 secs] 
2021-01-21T22:11:52.237+0800: 16.549: [CMS-concurrent-reset-start]
2021-01-21T22:11:52.238+0800: 16.550: [CMS-concurrent-reset: 0.000/0.000 secs] [Times: user=0.00 sys=0.00, real=0.00 secs] 
2021-01-21T22:11:52.248+0800: 16.560: [GC (Allocation Failure) 2021-01-21T22:11:52.249+0800: 16.561: [ParNew: 157053K->157053K(157248K), 0.0002915 secs]2021-01-21T22:11:52.249+0800: 16.561: [CMS: 349440K->349251K(349568K), 0.0509188 secs] 506494K->384104K(506816K), [Metaspace: 2816K->2816K(1056768K)], 0.0523721 secs] [Times: user=0.05 sys=0.00, real=0.05 secs] 
2021-01-21T22:11:52.302+0800: 16.614: [GC (CMS Initial Mark) [1 CMS-initial-mark: 349251K(349568K)] 387262K(506816K), 0.0013731 secs] [Times: user=0.00 sys=0.00, real=0.00 secs] 
2021-01-21T22:11:52.304+0800: 16.616: [CMS-concurrent-mark-start]
2021-01-21T22:11:52.305+0800: 16.617: [CMS-concurrent-mark: 0.001/0.001 secs] [Times: user=0.01 sys=0.00, real=0.00 secs] 
2021-01-21T22:11:52.306+0800: 16.618: [CMS-concurrent-preclean-start]
2021-01-21T22:11:52.306+0800: 16.619: [CMS-concurrent-preclean: 0.001/0.001 secs] [Times: user=0.00 sys=0.00, real=0.00 secs] 
2021-01-21T22:11:52.307+0800: 16.619: [CMS-concurrent-abortable-preclean-start]
2021-01-21T22:11:52.307+0800: 16.619: [CMS-concurrent-abortable-preclean: 0.000/0.000 secs] [Times: user=0.00 sys=0.00, real=0.00 secs] 
2021-01-21T22:11:52.308+0800: 16.620: [GC (CMS Final Remark) [YG occupancy: 56377 K (157248 K)]2021-01-21T22:11:52.308+0800: 16.620: [Rescan (parallel) , 0.0008837 secs]2021-01-21T22:11:52.309+0800: 16.621: [weak refs processing, 0.0002945 secs]2021-01-21T22:11:52.310+0800: 16.622: [class unloading, 0.0004755 secs]2021-01-21T22:11:52.311+0800: 16.623: [scrub symbol table, 0.0005765 secs]2021-01-21T22:11:52.312+0800: 16.624: [scrub string table, 0.0004484 secs][1 CMS-remark: 349251K(349568K)] 405629K(506816K), 0.0045150 secs] [Times: user=0.01 sys=0.00, real=0.01 secs] 
2021-01-21T22:11:52.313+0800: 16.625: [CMS-concurrent-sweep-start]
2021-01-21T22:11:52.314+0800: 16.626: [CMS-concurrent-sweep: 0.000/0.000 secs] [Times: user=0.00 sys=0.00, real=0.00 secs] 
2021-01-21T22:11:52.314+0800: 16.626: [CMS-concurrent-reset-start]
2021-01-21T22:11:52.314+0800: 16.626: [CMS-concurrent-reset: 0.000/0.000 secs] [Times: user=0.00 sys=0.00, real=0.00 secs] 
2021-01-21T22:11:52.326+0800: 16.638: [GC (Allocation Failure) 2021-01-21T22:11:52.327+0800: 16.639: [ParNew: 157024K->157024K(157248K), 0.0002871 secs]2021-01-21T22:11:52.327+0800: 16.639: [CMS: 349018K->349406K(349568K), 0.0491902 secs] 506043K->380394K(506816K), [Metaspace: 2816K->2816K(1056768K)], 0.0505937 secs] [Times: user=0.05 sys=0.00, real=0.05 secs] 
2021-01-21T22:11:52.378+0800: 16.690: [GC (CMS Initial Mark) [1 CMS-initial-mark: 349406K(349568K)] 384267K(506816K), 0.0013252 secs] [Times: user=0.00 sys=0.00, real=0.01 secs] 
2021-01-21T22:11:52.380+0800: 16.692: [CMS-concurrent-mark-start]
2021-01-21T22:11:52.382+0800: 16.694: [CMS-concurrent-mark: 0.001/0.001 secs] [Times: user=0.01 sys=0.00, real=0.00 secs] 
2021-01-21T22:11:52.382+0800: 16.694: [CMS-concurrent-preclean-start]
2021-01-21T22:11:52.383+0800: 16.695: [CMS-concurrent-preclean: 0.001/0.001 secs] [Times: user=0.00 sys=0.00, real=0.00 secs] 
2021-01-21T22:11:52.384+0800: 16.696: [CMS-concurrent-abortable-preclean-start]
2021-01-21T22:11:52.384+0800: 16.696: [CMS-concurrent-abortable-preclean: 0.000/0.000 secs] [Times: user=0.00 sys=0.00, real=0.00 secs] 
2021-01-21T22:11:52.384+0800: 16.696: [GC (CMS Final Remark) [YG occupancy: 60275 K (157248 K)]2021-01-21T22:11:52.385+0800: 16.697: [Rescan (parallel) , 0.0007615 secs]2021-01-21T22:11:52.386+0800: 16.698: [weak refs processing, 0.0003521 secs]2021-01-21T22:11:52.386+0800: 16.698: [class unloading, 0.0008210 secs]2021-01-21T22:11:52.388+0800: 16.700: [scrub symbol table, 0.0009363 secs]2021-01-21T22:11:52.389+0800: 16.701: [scrub string table, 0.0004977 secs][1 CMS-remark: 349406K(349568K)] 409682K(506816K), 0.0055666 secs] [Times: user=0.01 sys=0.00, real=0.01 secs] 
2021-01-21T22:11:52.390+0800: 16.702: [CMS-concurrent-sweep-start]
2021-01-21T22:11:52.391+0800: 16.703: [CMS-concurrent-sweep: 0.000/0.000 secs] [Times: user=0.00 sys=0.00, real=0.00 secs] 
2021-01-21T22:11:52.391+0800: 16.703: [CMS-concurrent-reset-start]
2021-01-21T22:11:52.391+0800: 16.703: [CMS-concurrent-reset: 0.000/0.000 secs] [Times: user=0.00 sys=0.00, real=0.00 secs] 
2021-01-21T22:11:52.400+0800: 16.712: [GC (Allocation Failure) 2021-01-21T22:11:52.401+0800: 16.713: [ParNew: 157148K->157148K(157248K), 0.0003393 secs]2021-01-21T22:11:52.402+0800: 16.714: [CMS: 348087K->349394K(349568K), 0.0479434 secs] 505236K->379299K(506816K), [Metaspace: 2816K->2816K(1056768K)], 0.0496207 secs] [Times: user=0.04 sys=0.00, real=0.05 secs] 
2021-01-21T22:11:52.451+0800: 16.763: [GC (CMS Initial Mark) [1 CMS-initial-mark: 349394K(349568K)] 382335K(506816K), 0.0019515 secs] [Times: user=0.00 sys=0.00, real=0.00 secs] 
2021-01-21T22:11:52.454+0800: 16.766: [CMS-concurrent-mark-start]
2021-01-21T22:11:52.455+0800: 16.767: [CMS-concurrent-mark: 0.001/0.001 secs] [Times: user=0.00 sys=0.00, real=0.00 secs] 
2021-01-21T22:11:52.456+0800: 16.768: [CMS-concurrent-preclean-start]
2021-01-21T22:11:52.457+0800: 16.769: [CMS-concurrent-preclean: 0.001/0.001 secs] [Times: user=0.00 sys=0.00, real=0.00 secs] 
2021-01-21T22:11:52.457+0800: 16.769: [CMS-concurrent-abortable-preclean-start]
2021-01-21T22:11:52.457+0800: 16.769: [CMS-concurrent-abortable-preclean: 0.000/0.000 secs] [Times: user=0.00 sys=0.00, real=0.00 secs] 
2021-01-21T22:11:52.458+0800: 16.770: [GC (CMS Final Remark) [YG occupancy: 57694 K (157248 K)]2021-01-21T22:11:52.458+0800: 16.770: [Rescan (parallel) , 0.0013976 secs]2021-01-21T22:11:52.460+0800: 16.772: [weak refs processing, 0.0002927 secs]2021-01-21T22:11:52.460+0800: 16.772: [class unloading, 0.0003998 secs]2021-01-21T22:11:52.461+0800: 16.773: [scrub symbol table, 0.0005091 secs]2021-01-21T22:11:52.462+0800: 16.774: [scrub string table, 0.0003544 secs][1 CMS-remark: 349394K(349568K)] 407089K(506816K), 0.0046258 secs] [Times: user=0.00 sys=0.01, real=0.01 secs] 
2021-01-21T22:11:52.463+0800: 16.775: [CMS-concurrent-sweep-start]
2021-01-21T22:11:52.463+0800: 16.775: [CMS-concurrent-sweep: 0.000/0.000 secs] [Times: user=0.00 sys=0.00, real=0.00 secs] 
2021-01-21T22:11:52.464+0800: 16.776: [CMS-concurrent-reset-start]
2021-01-21T22:11:52.464+0800: 16.776: [CMS-concurrent-reset: 0.000/0.000 secs] [Times: user=0.00 sys=0.00, real=0.00 secs] 
2021-01-21T22:11:52.476+0800: 16.788: [GC (Allocation Failure) 2021-01-21T22:11:52.476+0800: 16.788: [ParNew: 157231K->157231K(157248K), 0.0003533 secs]2021-01-21T22:11:52.477+0800: 16.789: [CMS: 348696K->349535K(349568K), 0.0481550 secs] 505928K->382819K(506816K), [Metaspace: 2816K->2816K(1056768K)], 0.0498219 secs] [Times: user=0.05 sys=0.00, real=0.05 secs] 
2021-01-21T22:11:52.527+0800: 16.839: [GC (CMS Initial Mark) [1 CMS-initial-mark: 349535K(349568K)] 385420K(506816K), 0.0013998 secs] [Times: user=0.00 sys=0.00, real=0.01 secs] 
2021-01-21T22:11:52.529+0800: 16.841: [CMS-concurrent-mark-start]
2021-01-21T22:11:52.530+0800: 16.842: [CMS-concurrent-mark: 0.002/0.002 secs] [Times: user=0.01 sys=0.00, real=0.00 secs] 
2021-01-21T22:11:52.531+0800: 16.843: [CMS-concurrent-preclean-start]
2021-01-21T22:11:52.532+0800: 16.844: [CMS-concurrent-preclean: 0.001/0.001 secs] [Times: user=0.00 sys=0.00, real=0.00 secs] 
2021-01-21T22:11:52.533+0800: 16.845: [CMS-concurrent-abortable-preclean-start]
2021-01-21T22:11:52.533+0800: 16.845: [CMS-concurrent-abortable-preclean: 0.000/0.000 secs] [Times: user=0.00 sys=0.00, real=0.00 secs] 
2021-01-21T22:11:52.533+0800: 16.845: [GC (CMS Final Remark) [YG occupancy: 70171 K (157248 K)]2021-01-21T22:11:52.534+0800: 16.846: [Rescan (parallel) , 0.0019547 secs]2021-01-21T22:11:52.536+0800: 16.848: [weak refs processing, 0.0004211 secs]2021-01-21T22:11:52.537+0800: 16.849: [class unloading, 0.0005475 secs]2021-01-21T22:11:52.538+0800: 16.850: [scrub symbol table, 0.0007242 secs]2021-01-21T22:11:52.539+0800: 16.851: [scrub string table, 0.0004509 secs][1 CMS-remark: 349535K(349568K)] 419707K(506816K), 0.0062369 secs] [Times: user=0.01 sys=0.00, real=0.01 secs] 
2021-01-21T22:11:52.540+0800: 16.852: [CMS-concurrent-sweep-start]
2021-01-21T22:11:52.541+0800: 16.853: [CMS-concurrent-sweep: 0.000/0.000 secs] [Times: user=0.00 sys=0.00, real=0.00 secs] 
2021-01-21T22:11:52.541+0800: 16.853: [CMS-concurrent-reset-start]
2021-01-21T22:11:52.541+0800: 16.853: [CMS-concurrent-reset: 0.000/0.000 secs] [Times: user=0.00 sys=0.00, real=0.00 secs] 
2021-01-21T22:11:52.553+0800: 16.865: [GC (Allocation Failure) 2021-01-21T22:11:52.553+0800: 16.865: [ParNew: 156925K->156925K(157248K), 0.0003790 secs]2021-01-21T22:11:52.554+0800: 16.866: [CMS: 347232K->349438K(349568K), 0.0514435 secs] 504158K->381156K(506816K), [Metaspace: 2816K->2816K(1056768K)], 0.0530840 secs] [Times: user=0.05 sys=0.00, real=0.05 secs] 
2021-01-21T22:11:52.606+0800: 16.919: [GC (CMS Initial Mark) [1 CMS-initial-mark: 349438K(349568K)] 384390K(506816K), 0.0007958 secs] [Times: user=0.00 sys=0.00, real=0.00 secs] 
2021-01-21T22:11:52.608+0800: 16.920: [CMS-concurrent-mark-start]
2021-01-21T22:11:52.609+0800: 16.921: [CMS-concurrent-mark: 0.002/0.002 secs] [Times: user=0.00 sys=0.00, real=0.01 secs] 
2021-01-21T22:11:52.610+0800: 16.922: [CMS-concurrent-preclean-start]
2021-01-21T22:11:52.611+0800: 16.923: [CMS-concurrent-preclean: 0.001/0.001 secs] [Times: user=0.00 sys=0.00, real=0.00 secs] 
2021-01-21T22:11:52.611+0800: 16.923: [CMS-concurrent-abortable-preclean-start]
2021-01-21T22:11:52.611+0800: 16.923: [CMS-concurrent-abortable-preclean: 0.000/0.000 secs] [Times: user=0.00 sys=0.00, real=0.00 secs] 
2021-01-21T22:11:52.612+0800: 16.924: [GC (CMS Final Remark) [YG occupancy: 61926 K (157248 K)]2021-01-21T22:11:52.612+0800: 16.924: [Rescan (parallel) , 0.0011316 secs]2021-01-21T22:11:52.613+0800: 16.925: [weak refs processing, 0.0003124 secs]2021-01-21T22:11:52.614+0800: 16.926: [class unloading, 0.0004224 secs]2021-01-21T22:11:52.615+0800: 16.927: [scrub symbol table, 0.0008516 secs]2021-01-21T22:11:52.616+0800: 16.928: [scrub string table, 0.0004332 secs][1 CMS-remark: 349438K(349568K)] 411365K(506816K), 0.0047704 secs] [Times: user=0.00 sys=0.00, real=0.00 secs] 
2021-01-21T22:11:52.617+0800: 16.929: [CMS-concurrent-sweep-start]
2021-01-21T22:11:52.617+0800: 16.929: [CMS-concurrent-sweep: 0.000/0.000 secs] [Times: user=0.00 sys=0.00, real=0.00 secs] 
2021-01-21T22:11:52.617+0800: 16.929: [CMS-concurrent-reset-start]
2021-01-21T22:11:52.618+0800: 16.930: [CMS-concurrent-reset: 0.000/0.000 secs] [Times: user=0.00 sys=0.00, real=0.00 secs] 
2021-01-21T22:11:52.628+0800: 16.940: [GC (Allocation Failure) 2021-01-21T22:11:52.629+0800: 16.941: [ParNew: 157193K->157193K(157248K), 0.0003160 secs]2021-01-21T22:11:52.629+0800: 16.941: [CMS: 349267K->349344K(349568K), 0.0500874 secs] 506461K->380949K(506816K), [Metaspace: 2816K->2816K(1056768K)], 0.0516976 secs] [Times: user=0.06 sys=0.00, real=0.05 secs] 
2021-01-21T22:11:52.681+0800: 16.993: [GC (CMS Initial Mark) [1 CMS-initial-mark: 349344K(349568K)] 383925K(506816K), 0.0014247 secs] [Times: user=0.00 sys=0.00, real=0.00 secs] 
2021-01-21T22:11:52.683+0800: 16.995: [CMS-concurrent-mark-start]
2021-01-21T22:11:52.685+0800: 16.997: [CMS-concurrent-mark: 0.001/0.001 secs] [Times: user=0.00 sys=0.00, real=0.00 secs] 
2021-01-21T22:11:52.685+0800: 16.997: [CMS-concurrent-preclean-start]
2021-01-21T22:11:52.686+0800: 16.998: [CMS-concurrent-preclean: 0.001/0.001 secs] [Times: user=0.00 sys=0.00, real=0.00 secs] 
2021-01-21T22:11:52.686+0800: 16.998: [CMS-concurrent-abortable-preclean-start]
2021-01-21T22:11:52.686+0800: 16.998: [CMS-concurrent-abortable-preclean: 0.000/0.000 secs] [Times: user=0.00 sys=0.00, real=0.00 secs] 
2021-01-21T22:11:52.687+0800: 16.999: [GC (CMS Final Remark) [YG occupancy: 62238 K (157248 K)]2021-01-21T22:11:52.687+0800: 16.999: [Rescan (parallel) , 0.0010877 secs]2021-01-21T22:11:52.688+0800: 17.000: [weak refs processing, 0.0002826 secs]2021-01-21T22:11:52.689+0800: 17.001: [class unloading, 0.0005178 secs]2021-01-21T22:11:52.690+0800: 17.002: [scrub symbol table, 0.0009437 secs]2021-01-21T22:11:52.691+0800: 17.003: [scrub string table, 0.0003235 secs][1 CMS-remark: 349344K(349568K)] 411582K(506816K), 0.0046944 secs] [Times: user=0.00 sys=0.00, real=0.01 secs] 
2021-01-21T22:11:52.692+0800: 17.004: [CMS-concurrent-sweep-start]
2021-01-21T22:11:52.692+0800: 17.004: [CMS-concurrent-sweep: 0.000/0.000 secs] [Times: user=0.00 sys=0.00, real=0.00 secs] 
2021-01-21T22:11:52.693+0800: 17.005: [CMS-concurrent-reset-start]
2021-01-21T22:11:52.693+0800: 17.005: [CMS-concurrent-reset: 0.000/0.000 secs] [Times: user=0.00 sys=0.00, real=0.00 secs] 
2021-01-21T22:11:52.703+0800: 17.015: [GC (Allocation Failure) 2021-01-21T22:11:52.704+0800: 17.016: [ParNew: 157239K->157239K(157248K), 0.0002440 secs]2021-01-21T22:11:52.704+0800: 17.016: [CMS: 347965K->349334K(349568K), 0.0500414 secs] 505204K->386422K(506816K), [Metaspace: 2816K->2816K(1056768K)], 0.0513370 secs] [Times: user=0.05 sys=0.00, real=0.05 secs] 
2021-01-21T22:11:52.756+0800: 17.068: [GC (CMS Initial Mark) [1 CMS-initial-mark: 349334K(349568K)] 389346K(506816K), 0.0014051 secs] [Times: user=0.00 sys=0.00, real=0.00 secs] 
2021-01-21T22:11:52.758+0800: 17.070: [CMS-concurrent-mark-start]
2021-01-21T22:11:52.759+0800: 17.071: [CMS-concurrent-mark: 0.001/0.001 secs] [Times: user=0.01 sys=0.00, real=0.01 secs] 
2021-01-21T22:11:52.760+0800: 17.072: [CMS-concurrent-preclean-start]
2021-01-21T22:11:52.761+0800: 17.073: [CMS-concurrent-preclean: 0.001/0.001 secs] [Times: user=0.00 sys=0.00, real=0.00 secs] 
2021-01-21T22:11:52.761+0800: 17.073: [CMS-concurrent-abortable-preclean-start]
2021-01-21T22:11:52.761+0800: 17.073: [CMS-concurrent-abortable-preclean: 0.000/0.000 secs] [Times: user=0.00 sys=0.00, real=0.00 secs] 
2021-01-21T22:11:52.762+0800: 17.074: [GC (CMS Final Remark) [YG occupancy: 72005 K (157248 K)]2021-01-21T22:11:52.762+0800: 17.074: [Rescan (parallel) , 0.0012591 secs]2021-01-21T22:11:52.764+0800: 17.076: [weak refs processing, 0.0004887 secs]2021-01-21T22:11:52.765+0800: 17.077: [class unloading, 0.0005458 secs]2021-01-21T22:11:52.766+0800: 17.078: [scrub symbol table, 0.0006227 secs]2021-01-21T22:11:52.767+0800: 17.079: [scrub string table, 0.0004819 secs][1 CMS-remark: 349334K(349568K)] 421339K(506816K), 0.0055725 secs] [Times: user=0.01 sys=0.00, real=0.00 secs] 
2021-01-21T22:11:52.768+0800: 17.080: [CMS-concurrent-sweep-start]
2021-01-21T22:11:52.769+0800: 17.081: [CMS-concurrent-sweep: 0.000/0.000 secs] [Times: user=0.00 sys=0.00, real=0.00 secs] 
2021-01-21T22:11:52.769+0800: 17.081: [CMS-concurrent-reset-start]
2021-01-21T22:11:52.769+0800: 17.081: [CMS-concurrent-reset: 0.000/0.000 secs] [Times: user=0.00 sys=0.00, real=0.00 secs] 
2021-01-21T22:11:52.778+0800: 17.090: [GC (Allocation Failure) 2021-01-21T22:11:52.779+0800: 17.091: [ParNew: 157246K->157246K(157248K), 0.0003955 secs]2021-01-21T22:11:52.779+0800: 17.092: [CMS: 348557K->349366K(349568K), 0.0477781 secs] 505804K->383334K(506816K), [Metaspace: 2816K->2816K(1056768K)], 0.0496842 secs] [Times: user=0.05 sys=0.00, real=0.05 secs] 
2021-01-21T22:11:52.829+0800: 17.141: [GC (CMS Initial Mark) [1 CMS-initial-mark: 349366K(349568K)] 385844K(506816K), 0.0012712 secs] [Times: user=0.00 sys=0.00, real=0.00 secs] 
2021-01-21T22:11:52.831+0800: 17.143: [CMS-concurrent-mark-start]
2021-01-21T22:11:52.833+0800: 17.145: [CMS-concurrent-mark: 0.002/0.002 secs] [Times: user=0.00 sys=0.00, real=0.00 secs] 
2021-01-21T22:11:52.833+0800: 17.145: [CMS-concurrent-preclean-start]
2021-01-21T22:11:52.834+0800: 17.146: [CMS-concurrent-preclean: 0.001/0.001 secs] [Times: user=0.00 sys=0.00, real=0.00 secs] 
2021-01-21T22:11:52.835+0800: 17.147: [CMS-concurrent-abortable-preclean-start]
2021-01-21T22:11:52.835+0800: 17.147: [CMS-concurrent-abortable-preclean: 0.000/0.000 secs] [Times: user=0.00 sys=0.00, real=0.00 secs] 
2021-01-21T22:11:52.835+0800: 17.147: [GC (CMS Final Remark) [YG occupancy: 56991 K (157248 K)]2021-01-21T22:11:52.836+0800: 17.148: [Rescan (parallel) , 0.0013732 secs]2021-01-21T22:11:52.838+0800: 17.150: [weak refs processing, 0.0003769 secs]2021-01-21T22:11:52.838+0800: 17.150: [class unloading, 0.0005852 secs]2021-01-21T22:11:52.839+0800: 17.151: [scrub symbol table, 0.0006250 secs]2021-01-21T22:11:52.840+0800: 17.152: [scrub string table, 0.0004273 secs][1 CMS-remark: 349366K(349568K)] 406358K(506816K), 0.0053998 secs] [Times: user=0.00 sys=0.00, real=0.01 secs] 
2021-01-21T22:11:52.842+0800: 17.154: [CMS-concurrent-sweep-start]
2021-01-21T22:11:52.842+0800: 17.154: [CMS-concurrent-sweep: 0.000/0.000 secs] [Times: user=0.00 sys=0.00, real=0.00 secs] 
2021-01-21T22:11:52.842+0800: 17.154: [CMS-concurrent-reset-start]
2021-01-21T22:11:52.842+0800: 17.154: [CMS-concurrent-reset: 0.000/0.000 secs] [Times: user=0.00 sys=0.00, real=0.00 secs] 
2021-01-21T22:11:52.853+0800: 17.165: [GC (Allocation Failure) 2021-01-21T22:11:52.854+0800: 17.166: [ParNew: 157074K->157074K(157248K), 0.0003404 secs]2021-01-21T22:11:52.854+0800: 17.166: [CMS: 348606K->349550K(349568K), 0.0498805 secs] 505681K->382388K(506816K), [Metaspace: 2816K->2816K(1056768K)], 0.0514147 secs] [Times: user=0.05 sys=0.00, real=0.05 secs] 
2021-01-21T22:11:52.906+0800: 17.218: [GC (CMS Initial Mark) [1 CMS-initial-mark: 349550K(349568K)] 385390K(506816K), 0.0013053 secs] [Times: user=0.01 sys=0.00, real=0.00 secs] 
2021-01-21T22:11:52.908+0800: 17.220: [CMS-concurrent-mark-start]
2021-01-21T22:11:52.909+0800: 17.221: [CMS-concurrent-mark: 0.001/0.001 secs] [Times: user=0.00 sys=0.00, real=0.01 secs] 
2021-01-21T22:11:52.910+0800: 17.222: [CMS-concurrent-preclean-start]
2021-01-21T22:11:52.911+0800: 17.223: [CMS-concurrent-preclean: 0.001/0.001 secs] [Times: user=0.00 sys=0.00, real=0.00 secs] 
2021-01-21T22:11:52.911+0800: 17.223: [CMS-concurrent-abortable-preclean-start]
2021-01-21T22:11:52.911+0800: 17.223: [CMS-concurrent-abortable-preclean: 0.000/0.000 secs] [Times: user=0.00 sys=0.00, real=0.00 secs] 
2021-01-21T22:11:52.912+0800: 17.224: [GC (CMS Final Remark) [YG occupancy: 66659 K (157248 K)]2021-01-21T22:11:52.912+0800: 17.224: [Rescan (parallel) , 0.0018517 secs]2021-01-21T22:11:52.915+0800: 17.227: [weak refs processing, 0.0003497 secs]2021-01-21T22:11:52.915+0800: 17.227: [class unloading, 0.0005064 secs]2021-01-21T22:11:52.916+0800: 17.228: [scrub symbol table, 0.0006175 secs]2021-01-21T22:11:52.917+0800: 17.229: [scrub string table, 0.0004607 secs][1 CMS-remark: 349550K(349568K)] 416210K(506816K), 0.0059039 secs] [Times: user=0.00 sys=0.00, real=0.01 secs] 
2021-01-21T22:11:52.919+0800: 17.231: [CMS-concurrent-sweep-start]
2021-01-21T22:11:52.919+0800: 17.231: [CMS-concurrent-sweep: 0.000/0.000 secs] [Times: user=0.00 sys=0.00, real=0.00 secs] 
2021-01-21T22:11:52.919+0800: 17.231: [CMS-concurrent-reset-start]
2021-01-21T22:11:52.920+0800: 17.232: [CMS-concurrent-reset: 0.000/0.000 secs] [Times: user=0.00 sys=0.00, real=0.00 secs] 
2021-01-21T22:11:52.931+0800: 17.243: [GC (Allocation Failure) 2021-01-21T22:11:52.932+0800: 17.244: [ParNew: 157224K->157224K(157248K), 0.0003495 secs]2021-01-21T22:11:52.933+0800: 17.245: [CMS: 349198K->349259K(349568K), 0.0484434 secs] 506422K->383798K(506816K), [Metaspace: 2816K->2816K(1056768K)], 0.0500572 secs] [Times: user=0.04 sys=0.00, real=0.05 secs] 
2021-01-21T22:11:52.982+0800: 17.295: [GC (CMS Initial Mark) [1 CMS-initial-mark: 349259K(349568K)] 386693K(506816K), 0.0013455 secs] [Times: user=0.00 sys=0.00, real=0.00 secs] 
2021-01-21T22:11:52.985+0800: 17.297: [CMS-concurrent-mark-start]
2021-01-21T22:11:52.986+0800: 17.298: [CMS-concurrent-mark: 0.001/0.001 secs] [Times: user=0.00 sys=0.00, real=0.00 secs] 
2021-01-21T22:11:52.986+0800: 17.298: [CMS-concurrent-preclean-start]
2021-01-21T22:11:52.987+0800: 17.299: [CMS-concurrent-preclean: 0.001/0.001 secs] [Times: user=0.00 sys=0.00, real=0.00 secs] 
2021-01-21T22:11:52.988+0800: 17.300: [CMS-concurrent-abortable-preclean-start]
2021-01-21T22:11:52.988+0800: 17.300: [CMS-concurrent-abortable-preclean: 0.000/0.000 secs] [Times: user=0.00 sys=0.00, real=0.00 secs] 
2021-01-21T22:11:52.988+0800: 17.300: [GC (CMS Final Remark) [YG occupancy: 59971 K (157248 K)]2021-01-21T22:11:52.989+0800: 17.301: [Rescan (parallel) , 0.0015326 secs]2021-01-21T22:11:52.991+0800: 17.303: [weak refs processing, 0.0002590 secs]2021-01-21T22:11:52.991+0800: 17.303: [class unloading, 0.0004114 secs]2021-01-21T22:11:52.992+0800: 17.304: [scrub symbol table, 0.0005084 secs]2021-01-21T22:11:52.993+0800: 17.305: [scrub string table, 0.0003555 secs][1 CMS-remark: 349259K(349568K)] 409230K(506816K), 0.0048725 secs] [Times: user=0.01 sys=0.00, real=0.00 secs] 
2021-01-21T22:11:52.994+0800: 17.306: [CMS-concurrent-sweep-start]
2021-01-21T22:11:52.994+0800: 17.306: [CMS-concurrent-sweep: 0.000/0.000 secs] [Times: user=0.00 sys=0.00, real=0.00 secs] 
2021-01-21T22:11:52.994+0800: 17.306: [CMS-concurrent-reset-start]
2021-01-21T22:11:52.994+0800: 17.307: [CMS-concurrent-reset: 0.000/0.000 secs] [Times: user=0.00 sys=0.00, real=0.00 secs] 
2021-01-21T22:11:53.006+0800: 17.318: [GC (Allocation Failure) 2021-01-21T22:11:53.006+0800: 17.318: [ParNew: 157241K->157241K(157248K), 0.0003645 secs]2021-01-21T22:11:53.007+0800: 17.319: [CMS: 348934K->349333K(349568K), 0.0517433 secs] 506176K->379494K(506816K), [Metaspace: 2816K->2816K(1056768K)], 0.0533965 secs] [Times: user=0.05 sys=0.00, real=0.06 secs] 
2021-01-21T22:11:53.060+0800: 17.372: [GC (CMS Initial Mark) [1 CMS-initial-mark: 349333K(349568K)] 382059K(506816K), 0.0010889 secs] [Times: user=0.01 sys=0.00, real=0.00 secs] 
2021-01-21T22:11:53.062+0800: 17.374: [CMS-concurrent-mark-start]
2021-01-21T22:11:53.063+0800: 17.375: [CMS-concurrent-mark: 0.001/0.001 secs] [Times: user=0.00 sys=0.00, real=0.00 secs] 
2021-01-21T22:11:53.064+0800: 17.376: [CMS-concurrent-preclean-start]
2021-01-21T22:11:53.065+0800: 17.377: [CMS-concurrent-preclean: 0.001/0.001 secs] [Times: user=0.00 sys=0.00, real=0.00 secs] 
2021-01-21T22:11:53.065+0800: 17.377: [CMS-concurrent-abortable-preclean-start]
2021-01-21T22:11:53.065+0800: 17.377: [CMS-concurrent-abortable-preclean: 0.000/0.000 secs] [Times: user=0.00 sys=0.00, real=0.00 secs] 
2021-01-21T22:11:53.065+0800: 17.378: [GC (CMS Final Remark) [YG occupancy: 61718 K (157248 K)]2021-01-21T22:11:53.066+0800: 17.378: [Rescan (parallel) , 0.0012474 secs]2021-01-21T22:11:53.067+0800: 17.379: [weak refs processing, 0.0002784 secs]2021-01-21T22:11:53.068+0800: 17.380: [class unloading, 0.0003551 secs]2021-01-21T22:11:53.069+0800: 17.381: [scrub symbol table, 0.0004859 secs]2021-01-21T22:11:53.069+0800: 17.381: [scrub string table, 0.0004937 secs][1 CMS-remark: 349333K(349568K)] 411051K(506816K), 0.0045776 secs] [Times: user=0.01 sys=0.00, real=0.01 secs] 
2021-01-21T22:11:53.071+0800: 17.383: [CMS-concurrent-sweep-start]
2021-01-21T22:11:53.071+0800: 17.383: [CMS-concurrent-sweep: 0.000/0.000 secs] [Times: user=0.00 sys=0.00, real=0.00 secs] 
2021-01-21T22:11:53.071+0800: 17.383: [CMS-concurrent-reset-start]
2021-01-21T22:11:53.071+0800: 17.384: [CMS-concurrent-reset: 0.000/0.000 secs] [Times: user=0.00 sys=0.00, real=0.00 secs] 
2021-01-21T22:11:53.085+0800: 17.397: [GC (Allocation Failure) 2021-01-21T22:11:53.085+0800: 17.397: [ParNew: 157036K->157036K(157248K), 0.0003197 secs]2021-01-21T22:11:53.086+0800: 17.398: [CMS: 348638K->349518K(349568K), 0.0488623 secs] 505674K->375798K(506816K), [Metaspace: 2816K->2816K(1056768K)], 0.0504037 secs] [Times: user=0.05 sys=0.00, real=0.05 secs] 
2021-01-21T22:11:53.136+0800: 17.448: [GC (CMS Initial Mark) [1 CMS-initial-mark: 349518K(349568K)] 378674K(506816K), 0.0016661 secs] [Times: user=0.00 sys=0.00, real=0.01 secs] 
2021-01-21T22:11:53.139+0800: 17.451: [CMS-concurrent-mark-start]
2021-01-21T22:11:53.140+0800: 17.452: [CMS-concurrent-mark: 0.001/0.001 secs] [Times: user=0.01 sys=0.00, real=0.00 secs] 
2021-01-21T22:11:53.140+0800: 17.452: [CMS-concurrent-preclean-start]
2021-01-21T22:11:53.142+0800: 17.454: [CMS-concurrent-preclean: 0.001/0.001 secs] [Times: user=0.00 sys=0.00, real=0.00 secs] 
2021-01-21T22:11:53.142+0800: 17.454: [CMS-concurrent-abortable-preclean-start]
2021-01-21T22:11:53.142+0800: 17.454: [CMS-concurrent-abortable-preclean: 0.000/0.000 secs] [Times: user=0.00 sys=0.00, real=0.00 secs] 
2021-01-21T22:11:53.142+0800: 17.455: [GC (CMS Final Remark) [YG occupancy: 56949 K (157248 K)]2021-01-21T22:11:53.143+0800: 17.455: [Rescan (parallel) , 0.0013159 secs]2021-01-21T22:11:53.144+0800: 17.456: [weak refs processing, 0.0003702 secs]2021-01-21T22:11:53.145+0800: 17.457: [class unloading, 0.0004919 secs]2021-01-21T22:11:53.146+0800: 17.458: [scrub symbol table, 0.0007331 secs]2021-01-21T22:11:53.147+0800: 17.459: [scrub string table, 0.0004903 secs][1 CMS-remark: 349518K(349568K)] 406467K(506816K), 0.0053294 secs] [Times: user=0.01 sys=0.00, real=0.01 secs] 
2021-01-21T22:11:53.149+0800: 17.461: [CMS-concurrent-sweep-start]
2021-01-21T22:11:53.149+0800: 17.461: [CMS-concurrent-sweep: 0.000/0.000 secs] [Times: user=0.00 sys=0.00, real=0.00 secs] 
2021-01-21T22:11:53.149+0800: 17.461: [CMS-concurrent-reset-start]
2021-01-21T22:11:53.150+0800: 17.462: [CMS-concurrent-reset: 0.000/0.000 secs] [Times: user=0.00 sys=0.00, real=0.00 secs] 
2021-01-21T22:11:53.161+0800: 17.473: [GC (Allocation Failure) 2021-01-21T22:11:53.161+0800: 17.473: [ParNew: 157186K->157186K(157248K), 0.0003438 secs]2021-01-21T22:11:53.162+0800: 17.474: [CMS: 348460K->349478K(349568K), 0.0537619 secs] 505647K->377301K(506816K), [Metaspace: 2816K->2816K(1056768K)], 0.0554118 secs] [Times: user=0.05 sys=0.00, real=0.05 secs] 
2021-01-21T22:11:53.217+0800: 17.529: [GC (CMS Initial Mark) [1 CMS-initial-mark: 349478K(349568K)] 379910K(506816K), 0.0012543 secs] [Times: user=0.00 sys=0.00, real=0.01 secs] 
2021-01-21T22:11:53.219+0800: 17.531: [CMS-concurrent-mark-start]
2021-01-21T22:11:53.220+0800: 17.532: [CMS-concurrent-mark: 0.001/0.001 secs] [Times: user=0.00 sys=0.00, real=0.00 secs] 
2021-01-21T22:11:53.220+0800: 17.532: [CMS-concurrent-preclean-start]
2021-01-21T22:11:53.221+0800: 17.533: [CMS-concurrent-preclean: 0.001/0.001 secs] [Times: user=0.00 sys=0.00, real=0.00 secs] 
2021-01-21T22:11:53.222+0800: 17.534: [CMS-concurrent-abortable-preclean-start]
2021-01-21T22:11:53.222+0800: 17.534: [CMS-concurrent-abortable-preclean: 0.000/0.000 secs] [Times: user=0.00 sys=0.00, real=0.00 secs] 
2021-01-21T22:11:53.222+0800: 17.534: [GC (CMS Final Remark) [YG occupancy: 55998 K (157248 K)]2021-01-21T22:11:53.223+0800: 17.535: [Rescan (parallel) , 0.0007424 secs]2021-01-21T22:11:53.224+0800: 17.536: [weak refs processing, 0.0003242 secs]2021-01-21T22:11:53.224+0800: 17.536: [class unloading, 0.0004238 secs]2021-01-21T22:11:53.225+0800: 17.537: [scrub symbol table, 0.0005322 secs]2021-01-21T22:11:53.226+0800: 17.538: [scrub string table, 0.0003900 secs][1 CMS-remark: 349478K(349568K)] 405476K(506816K), 0.0040937 secs] [Times: user=0.01 sys=0.01, real=0.00 secs] 
2021-01-21T22:11:53.227+0800: 17.539: [CMS-concurrent-sweep-start]
2021-01-21T22:11:53.227+0800: 17.539: [CMS-concurrent-sweep: 0.000/0.000 secs] [Times: user=0.00 sys=0.00, real=0.00 secs] 
2021-01-21T22:11:53.228+0800: 17.540: [CMS-concurrent-reset-start]
2021-01-21T22:11:53.228+0800: 17.540: [CMS-concurrent-reset: 0.000/0.000 secs] [Times: user=0.00 sys=0.00, real=0.00 secs] 
2021-01-21T22:11:53.241+0800: 17.553: [GC (Allocation Failure) 2021-01-21T22:11:53.241+0800: 17.553: [ParNew: 157124K->157124K(157248K), 0.0003970 secs]2021-01-21T22:11:53.242+0800: 17.554: [CMS: 349010K->349198K(349568K), 0.0485626 secs] 506134K->377705K(506816K), [Metaspace: 2816K->2816K(1056768K)], 0.0502430 secs] [Times: user=0.05 sys=0.00, real=0.05 secs] 
2021-01-21T22:11:53.292+0800: 17.604: [GC (CMS Initial Mark) [1 CMS-initial-mark: 349198K(349568K)] 380392K(506816K), 0.0013714 secs] [Times: user=0.00 sys=0.00, real=0.00 secs] 
2021-01-21T22:11:53.294+0800: 17.606: [CMS-concurrent-mark-start]
2021-01-21T22:11:53.296+0800: 17.608: [CMS-concurrent-mark: 0.002/0.002 secs] [Times: user=0.01 sys=0.00, real=0.00 secs] 
2021-01-21T22:11:53.296+0800: 17.608: [CMS-concurrent-preclean-start]
2021-01-21T22:11:53.299+0800: 17.611: [CMS-concurrent-preclean: 0.002/0.002 secs] [Times: user=0.00 sys=0.00, real=0.01 secs] 
2021-01-21T22:11:53.299+0800: 17.611: [CMS-concurrent-abortable-preclean-start]
2021-01-21T22:11:53.299+0800: 17.611: [CMS-concurrent-abortable-preclean: 0.000/0.000 secs] [Times: user=0.00 sys=0.00, real=0.00 secs] 
2021-01-21T22:11:53.300+0800: 17.612: [GC (CMS Final Remark) [YG occupancy: 59895 K (157248 K)]2021-01-21T22:11:53.300+0800: 17.612: [Rescan (parallel) , 0.0011770 secs]2021-01-21T22:11:53.301+0800: 17.613: [weak refs processing, 0.0002957 secs]2021-01-21T22:11:53.302+0800: 17.614: [class unloading, 0.0004414 secs]2021-01-21T22:11:53.303+0800: 17.615: [scrub symbol table, 0.0005645 secs]2021-01-21T22:11:53.304+0800: 17.616: [scrub string table, 0.0004183 secs][1 CMS-remark: 349198K(349568K)] 409093K(506816K), 0.0046377 secs] [Times: user=0.01 sys=0.00, real=0.00 secs] 
2021-01-21T22:11:53.305+0800: 17.617: [CMS-concurrent-sweep-start]
2021-01-21T22:11:53.305+0800: 17.617: [CMS-concurrent-sweep: 0.000/0.000 secs] [Times: user=0.00 sys=0.00, real=0.00 secs] 
2021-01-21T22:11:53.305+0800: 17.618: [CMS-concurrent-reset-start]
2021-01-21T22:11:53.306+0800: 17.618: [CMS-concurrent-reset: 0.000/0.000 secs] [Times: user=0.00 sys=0.00, real=0.00 secs] 
2021-01-21T22:11:53.316+0800: 17.628: [GC (Allocation Failure) 2021-01-21T22:11:53.316+0800: 17.628: [ParNew: 157139K->157139K(157248K), 0.0003229 secs]2021-01-21T22:11:53.317+0800: 17.629: [CMS: 349099K->349487K(349568K), 0.0503960 secs] 506238K->380507K(506816K), [Metaspace: 2816K->2816K(1056768K)], 0.0519657 secs] [Times: user=0.05 sys=0.00, real=0.06 secs] 
2021-01-21T22:11:53.369+0800: 17.681: [GC (CMS Initial Mark) [1 CMS-initial-mark: 349487K(349568K)] 383579K(506816K), 0.0013080 secs] [Times: user=0.00 sys=0.00, real=0.00 secs] 
2021-01-21T22:11:53.371+0800: 17.683: [CMS-concurrent-mark-start]
2021-01-21T22:11:53.372+0800: 17.684: [CMS-concurrent-mark: 0.001/0.001 secs] [Times: user=0.00 sys=0.00, real=0.00 secs] 
2021-01-21T22:11:53.373+0800: 17.685: [CMS-concurrent-preclean-start]
2021-01-21T22:11:53.374+0800: 17.686: [CMS-concurrent-preclean: 0.001/0.001 secs] [Times: user=0.00 sys=0.00, real=0.00 secs] 
2021-01-21T22:11:53.374+0800: 17.686: [CMS-concurrent-abortable-preclean-start]
2021-01-21T22:11:53.374+0800: 17.686: [CMS-concurrent-abortable-preclean: 0.000/0.000 secs] [Times: user=0.00 sys=0.00, real=0.00 secs] 
2021-01-21T22:11:53.375+0800: 17.687: [GC (CMS Final Remark) [YG occupancy: 69132 K (157248 K)]2021-01-21T22:11:53.375+0800: 17.687: [Rescan (parallel) , 0.0012310 secs]2021-01-21T22:11:53.377+0800: 17.689: [weak refs processing, 0.0002895 secs]2021-01-21T22:11:53.377+0800: 17.689: [class unloading, 0.0003980 secs]2021-01-21T22:11:53.378+0800: 17.690: [scrub symbol table, 0.0004844 secs]2021-01-21T22:11:53.379+0800: 17.691: [scrub string table, 0.0005089 secs][1 CMS-remark: 349487K(349568K)] 418620K(506816K), 0.0046960 secs] [Times: user=0.00 sys=0.00, real=0.01 secs] 
2021-01-21T22:11:53.380+0800: 17.692: [CMS-concurrent-sweep-start]
2021-01-21T22:11:53.381+0800: 17.693: [CMS-concurrent-sweep: 0.000/0.000 secs] [Times: user=0.00 sys=0.00, real=0.00 secs] 
2021-01-21T22:11:53.381+0800: 17.693: [CMS-concurrent-reset-start]
2021-01-21T22:11:53.381+0800: 17.693: [CMS-concurrent-reset: 0.000/0.000 secs] [Times: user=0.00 sys=0.00, real=0.00 secs] 
2021-01-21T22:11:53.392+0800: 17.704: [GC (Allocation Failure) 2021-01-21T22:11:53.392+0800: 17.705: [ParNew: 156765K->156765K(157248K), 0.0003462 secs]2021-01-21T22:11:53.393+0800: 17.705: [CMS: 347730K->349031K(349568K), 0.0492553 secs] 504495K->373737K(506816K), [Metaspace: 2816K->2816K(1056768K)], 0.0509674 secs] [Times: user=0.05 sys=0.00, real=0.05 secs] 
2021-01-21T22:11:53.444+0800: 17.756: [GC (CMS Initial Mark) [1 CMS-initial-mark: 349031K(349568K)] 377147K(506816K), 0.0012522 secs] [Times: user=0.00 sys=0.00, real=0.00 secs] 
2021-01-21T22:11:53.446+0800: 17.758: [CMS-concurrent-mark-start]
2021-01-21T22:11:53.448+0800: 17.760: [CMS-concurrent-mark: 0.002/0.002 secs] [Times: user=0.00 sys=0.00, real=0.00 secs] 
2021-01-21T22:11:53.448+0800: 17.760: [CMS-concurrent-preclean-start]
2021-01-21T22:11:53.449+0800: 17.761: [CMS-concurrent-preclean: 0.001/0.001 secs] [Times: user=0.01 sys=0.00, real=0.01 secs] 
2021-01-21T22:11:53.449+0800: 17.762: [CMS-concurrent-abortable-preclean-start]
2021-01-21T22:11:53.449+0800: 17.762: [CMS-concurrent-abortable-preclean: 0.000/0.000 secs] [Times: user=0.00 sys=0.00, real=0.00 secs] 
2021-01-21T22:11:53.450+0800: 17.762: [GC (CMS Final Remark) [YG occupancy: 60054 K (157248 K)]2021-01-21T22:11:53.450+0800: 17.763: [Rescan (parallel) , 0.0015263 secs]2021-01-21T22:11:53.452+0800: 17.765: [weak refs processing, 0.0004497 secs]2021-01-21T22:11:53.453+0800: 17.765: [class unloading, 0.0006501 secs]2021-01-21T22:11:53.454+0800: 17.766: [scrub symbol table, 0.0007652 secs]2021-01-21T22:11:53.455+0800: 17.767: [scrub string table, 0.0004213 secs][1 CMS-remark: 349031K(349568K)] 409086K(506816K), 0.0060682 secs] [Times: user=0.00 sys=0.00, real=0.00 secs] 
2021-01-21T22:11:53.457+0800: 17.769: [CMS-concurrent-sweep-start]
2021-01-21T22:11:53.457+0800: 17.769: [CMS-concurrent-sweep: 0.000/0.000 secs] [Times: user=0.00 sys=0.00, real=0.00 secs] 
2021-01-21T22:11:53.457+0800: 17.770: [CMS-concurrent-reset-start]
2021-01-21T22:11:53.458+0800: 17.770: [CMS-concurrent-reset: 0.000/0.000 secs] [Times: user=0.00 sys=0.00, real=0.00 secs] 
2021-01-21T22:11:53.470+0800: 17.782: [GC (Allocation Failure) 2021-01-21T22:11:53.470+0800: 17.782: [ParNew: 156679K->156679K(157248K), 0.0003643 secs]2021-01-21T22:11:53.471+0800: 17.783: [CMS: 348879K->349388K(349568K), 0.0492469 secs] 505559K->371418K(506816K), [Metaspace: 2816K->2816K(1056768K)], 0.0509555 secs] [Times: user=0.05 sys=0.00, real=0.05 secs] 
2021-01-21T22:11:53.522+0800: 17.834: [GC (CMS Initial Mark) [1 CMS-initial-mark: 349388K(349568K)] 374680K(506816K), 0.0013420 secs] [Times: user=0.00 sys=0.00, real=0.00 secs] 
2021-01-21T22:11:53.524+0800: 17.836: [CMS-concurrent-mark-start]
2021-01-21T22:11:53.525+0800: 17.837: [CMS-concurrent-mark: 0.001/0.001 secs] [Times: user=0.00 sys=0.00, real=0.00 secs] 
2021-01-21T22:11:53.526+0800: 17.838: [CMS-concurrent-preclean-start]
2021-01-21T22:11:53.527+0800: 17.839: [CMS-concurrent-preclean: 0.001/0.001 secs] [Times: user=0.00 sys=0.00, real=0.00 secs] 
2021-01-21T22:11:53.527+0800: 17.839: [CMS-concurrent-abortable-preclean-start]
2021-01-21T22:11:53.527+0800: 17.839: [CMS-concurrent-abortable-preclean: 0.000/0.000 secs] [Times: user=0.00 sys=0.00, real=0.00 secs] 
2021-01-21T22:11:53.528+0800: 17.840: [GC (CMS Final Remark) [YG occupancy: 52878 K (157248 K)]2021-01-21T22:11:53.528+0800: 17.840: [Rescan (parallel) , 0.0013953 secs]2021-01-21T22:11:53.530+0800: 17.842: [weak refs processing, 0.0003758 secs]2021-01-21T22:11:53.531+0800: 17.843: [class unloading, 0.0008764 secs]2021-01-21T22:11:53.532+0800: 17.844: [scrub symbol table, 0.0005279 secs]2021-01-21T22:11:53.533+0800: 17.845: [scrub string table, 0.0005309 secs][1 CMS-remark: 349388K(349568K)] 402266K(506816K), 0.0060078 secs] [Times: user=0.00 sys=0.00, real=0.01 secs] 
2021-01-21T22:11:53.535+0800: 17.847: [CMS-concurrent-sweep-start]
2021-01-21T22:11:53.535+0800: 17.847: [CMS-concurrent-sweep: 0.000/0.000 secs] [Times: user=0.00 sys=0.00, real=0.00 secs] 
2021-01-21T22:11:53.535+0800: 17.847: [CMS-concurrent-reset-start]
2021-01-21T22:11:53.535+0800: 17.847: [CMS-concurrent-reset: 0.000/0.000 secs] [Times: user=0.00 sys=0.00, real=0.00 secs] 
2021-01-21T22:11:53.549+0800: 17.861: [GC (Allocation Failure) 2021-01-21T22:11:53.550+0800: 17.862: [ParNew: 157194K->157194K(157248K), 0.0003472 secs]2021-01-21T22:11:53.550+0800: 17.862: [CMS: 347633K->349468K(349568K), 0.0477762 secs] 504828K->368081K(506816K), [Metaspace: 2816K->2816K(1056768K)], 0.0495717 secs] [Times: user=0.03 sys=0.01, real=0.05 secs] 
2021-01-21T22:11:53.600+0800: 17.912: [GC (CMS Initial Mark) [1 CMS-initial-mark: 349468K(349568K)] 371272K(506816K), 0.0012390 secs] [Times: user=0.00 sys=0.00, real=0.00 secs] 
2021-01-21T22:11:53.602+0800: 17.914: [CMS-concurrent-mark-start]
2021-01-21T22:11:53.603+0800: 17.915: [CMS-concurrent-mark: 0.001/0.001 secs] [Times: user=0.00 sys=0.00, real=0.00 secs] 
2021-01-21T22:11:53.603+0800: 17.915: [CMS-concurrent-preclean-start]
2021-01-21T22:11:53.605+0800: 17.917: [CMS-concurrent-preclean: 0.001/0.001 secs] [Times: user=0.00 sys=0.00, real=0.00 secs] 
2021-01-21T22:11:53.605+0800: 17.917: [CMS-concurrent-abortable-preclean-start]
2021-01-21T22:11:53.605+0800: 17.917: [CMS-concurrent-abortable-preclean: 0.000/0.000 secs] [Times: user=0.00 sys=0.00, real=0.00 secs] 
2021-01-21T22:11:53.606+0800: 17.918: [GC (CMS Final Remark) [YG occupancy: 57641 K (157248 K)]2021-01-21T22:11:53.606+0800: 17.918: [Rescan (parallel) , 0.0008901 secs]2021-01-21T22:11:53.608+0800: 17.920: [weak refs processing, 0.0003113 secs]2021-01-21T22:11:53.608+0800: 17.920: [class unloading, 0.0004724 secs]2021-01-21T22:11:53.609+0800: 17.921: [scrub symbol table, 0.0005909 secs]2021-01-21T22:11:53.610+0800: 17.922: [scrub string table, 0.0004390 secs][1 CMS-remark: 349468K(349568K)] 407110K(506816K), 0.0044258 secs] [Times: user=0.00 sys=0.00, real=0.01 secs] 
2021-01-21T22:11:53.611+0800: 17.923: [CMS-concurrent-sweep-start]
2021-01-21T22:11:53.611+0800: 17.923: [CMS-concurrent-sweep: 0.000/0.000 secs] [Times: user=0.00 sys=0.00, real=0.00 secs] 
2021-01-21T22:11:53.612+0800: 17.924: [CMS-concurrent-reset-start]
2021-01-21T22:11:53.612+0800: 17.924: [CMS-concurrent-reset: 0.000/0.000 secs] [Times: user=0.00 sys=0.00, real=0.00 secs] 
2021-01-21T22:11:53.622+0800: 17.934: [GC (Allocation Failure) 2021-01-21T22:11:53.623+0800: 17.935: [ParNew: 157237K->157237K(157248K), 0.0003609 secs]2021-01-21T22:11:53.624+0800: 17.936: [CMS: 348557K->349515K(349568K), 0.0534153 secs] 505794K->369640K(506816K), [Metaspace: 2816K->2816K(1056768K)], 0.0552579 secs] [Times: user=0.05 sys=0.00, real=0.05 secs] 
2021-01-21T22:11:53.679+0800: 17.991: [GC (CMS Initial Mark) [1 CMS-initial-mark: 349515K(349568K)] 372411K(506816K), 0.0013398 secs] [Times: user=0.00 sys=0.00, real=0.00 secs] 
2021-01-21T22:11:53.681+0800: 17.993: [CMS-concurrent-mark-start]
2021-01-21T22:11:53.682+0800: 17.994: [CMS-concurrent-mark: 0.001/0.001 secs] [Times: user=0.00 sys=0.00, real=0.00 secs] 
2021-01-21T22:11:53.683+0800: 17.995: [CMS-concurrent-preclean-start]
2021-01-21T22:11:53.684+0800: 17.996: [CMS-concurrent-preclean: 0.001/0.001 secs] [Times: user=0.00 sys=0.00, real=0.00 secs] 
2021-01-21T22:11:53.684+0800: 17.996: [CMS-concurrent-abortable-preclean-start]
2021-01-21T22:11:53.684+0800: 17.996: [CMS-concurrent-abortable-preclean: 0.000/0.000 secs] [Times: user=0.00 sys=0.00, real=0.00 secs] 
2021-01-21T22:11:53.685+0800: 17.997: [GC (CMS Final Remark) [YG occupancy: 49020 K (157248 K)]2021-01-21T22:11:53.685+0800: 17.997: [Rescan (parallel) , 0.0011690 secs]2021-01-21T22:11:53.687+0800: 17.999: [weak refs processing, 0.0002549 secs]2021-01-21T22:11:53.687+0800: 17.999: [class unloading, 0.0003903 secs]2021-01-21T22:11:53.688+0800: 18.000: [scrub symbol table, 0.0005431 secs]2021-01-21T22:11:53.689+0800: 18.001: [scrub string table, 0.0003838 secs][1 CMS-remark: 349515K(349568K)] 398536K(506816K), 0.0045372 secs] [Times: user=0.00 sys=0.00, real=0.01 secs] 
2021-01-21T22:11:53.690+0800: 18.002: [CMS-concurrent-sweep-start]
2021-01-21T22:11:53.690+0800: 18.002: [CMS-concurrent-sweep: 0.000/0.000 secs] [Times: user=0.00 sys=0.00, real=0.00 secs] 
2021-01-21T22:11:53.691+0800: 18.003: [CMS-concurrent-reset-start]
2021-01-21T22:11:53.691+0800: 18.003: [CMS-concurrent-reset: 0.000/0.000 secs] [Times: user=0.00 sys=0.00, real=0.00 secs] 
2021-01-21T22:11:53.705+0800: 18.017: [GC (Allocation Failure) 2021-01-21T22:11:53.705+0800: 18.017: [ParNew: 156579K->156579K(157248K), 0.0002755 secs]2021-01-21T22:11:53.706+0800: 18.018: [CMS: 349447K->349455K(349568K), 0.0509122 secs] 506027K->367961K(506816K), [Metaspace: 2816K->2816K(1056768K)], 0.0523321 secs] [Times: user=0.06 sys=0.00, real=0.05 secs] 
2021-01-21T22:11:53.758+0800: 18.070: [GC (CMS Initial Mark) [1 CMS-initial-mark: 349455K(349568K)] 371884K(506816K), 0.0008009 secs] [Times: user=0.00 sys=0.00, real=0.01 secs] 
2021-01-21T22:11:53.759+0800: 18.071: [CMS-concurrent-mark-start]
2021-01-21T22:11:53.761+0800: 18.073: [CMS-concurrent-mark: 0.001/0.001 secs] [Times: user=0.00 sys=0.00, real=0.00 secs] 
2021-01-21T22:11:53.761+0800: 18.073: [CMS-concurrent-preclean-start]
2021-01-21T22:11:53.762+0800: 18.074: [CMS-concurrent-preclean: 0.001/0.001 secs] [Times: user=0.00 sys=0.00, real=0.00 secs] 
2021-01-21T22:11:53.763+0800: 18.075: [CMS-concurrent-abortable-preclean-start]
2021-01-21T22:11:53.763+0800: 18.075: [CMS-concurrent-abortable-preclean: 0.000/0.000 secs] [Times: user=0.00 sys=0.00, real=0.00 secs] 
2021-01-21T22:11:53.763+0800: 18.075: [GC (CMS Final Remark) [YG occupancy: 52611 K (157248 K)]2021-01-21T22:11:53.764+0800: 18.076: [Rescan (parallel) , 0.0015981 secs]2021-01-21T22:11:53.766+0800: 18.078: [weak refs processing, 0.0003417 secs]2021-01-21T22:11:53.766+0800: 18.078: [class unloading, 0.0005658 secs]2021-01-21T22:11:53.767+0800: 18.079: [scrub symbol table, 0.0006191 secs]2021-01-21T22:11:53.768+0800: 18.080: [scrub string table, 0.0004603 secs][1 CMS-remark: 349455K(349568K)] 402066K(506816K), 0.0057259 secs] [Times: user=0.00 sys=0.00, real=0.01 secs] 
2021-01-21T22:11:53.770+0800: 18.082: [CMS-concurrent-sweep-start]
2021-01-21T22:11:53.770+0800: 18.082: [CMS-concurrent-sweep: 0.000/0.000 secs] [Times: user=0.00 sys=0.00, real=0.00 secs] 
2021-01-21T22:11:53.770+0800: 18.082: [CMS-concurrent-reset-start]
2021-01-21T22:11:53.771+0800: 18.083: [CMS-concurrent-reset: 0.000/0.000 secs] [Times: user=0.00 sys=0.00, real=0.00 secs] 
2021-01-21T22:11:53.782+0800: 18.094: [GC (Allocation Failure) 2021-01-21T22:11:53.782+0800: 18.094: [ParNew: 157199K->157199K(157248K), 0.0004106 secs]2021-01-21T22:11:53.783+0800: 18.095: [CMS: 349235K->349429K(349568K), 0.0489401 secs] 506434K->374871K(506816K), [Metaspace: 2816K->2816K(1056768K)], 0.0506466 secs] [Times: user=0.05 sys=0.00, real=0.05 secs] 
2021-01-21T22:11:53.834+0800: 18.146: [GC (CMS Initial Mark) [1 CMS-initial-mark: 349429K(349568K)] 378210K(506816K), 0.0013036 secs] [Times: user=0.00 sys=0.00, real=0.00 secs] 
2021-01-21T22:11:53.836+0800: 18.148: [CMS-concurrent-mark-start]
2021-01-21T22:11:53.837+0800: 18.149: [CMS-concurrent-mark: 0.001/0.001 secs] [Times: user=0.01 sys=0.00, real=0.00 secs] 
2021-01-21T22:11:53.837+0800: 18.149: [CMS-concurrent-preclean-start]
2021-01-21T22:11:53.839+0800: 18.151: [CMS-concurrent-preclean: 0.001/0.001 secs] [Times: user=0.00 sys=0.00, real=0.01 secs] 
2021-01-21T22:11:53.839+0800: 18.151: [CMS-concurrent-abortable-preclean-start]
2021-01-21T22:11:53.839+0800: 18.151: [CMS-concurrent-abortable-preclean: 0.000/0.000 secs] [Times: user=0.00 sys=0.00, real=0.00 secs] 
2021-01-21T22:11:53.840+0800: 18.152: [GC (CMS Final Remark) [YG occupancy: 53677 K (157248 K)]2021-01-21T22:11:53.840+0800: 18.152: [Rescan (parallel) , 0.0011219 secs]2021-01-21T22:11:53.841+0800: 18.153: [weak refs processing, 0.0002922 secs]2021-01-21T22:11:53.842+0800: 18.154: [class unloading, 0.0004586 secs]2021-01-21T22:11:53.843+0800: 18.155: [scrub symbol table, 0.0005689 secs]2021-01-21T22:11:53.843+0800: 18.156: [scrub string table, 0.0004290 secs][1 CMS-remark: 349429K(349568K)] 403107K(506816K), 0.0046628 secs] [Times: user=0.01 sys=0.00, real=0.00 secs] 
2021-01-21T22:11:53.845+0800: 18.157: [CMS-concurrent-sweep-start]
2021-01-21T22:11:53.845+0800: 18.157: [CMS-concurrent-sweep: 0.000/0.000 secs] [Times: user=0.00 sys=0.00, real=0.00 secs] 
2021-01-21T22:11:53.846+0800: 18.158: [CMS-concurrent-reset-start]
2021-01-21T22:11:53.846+0800: 18.158: [CMS-concurrent-reset: 0.000/0.000 secs] [Times: user=0.00 sys=0.00, real=0.00 secs] 
2021-01-21T22:11:53.858+0800: 18.170: [GC (Allocation Failure) 2021-01-21T22:11:53.858+0800: 18.170: [ParNew: 157208K->157208K(157248K), 0.0003451 secs]2021-01-21T22:11:53.859+0800: 18.171: [CMS: 348164K->349484K(349568K), 0.0496108 secs] 505373K->368803K(506816K), [Metaspace: 2816K->2816K(1056768K)], 0.0512090 secs] [Times: user=0.05 sys=0.00, real=0.06 secs] 
2021-01-21T22:11:53.910+0800: 18.222: [GC (CMS Initial Mark) [1 CMS-initial-mark: 349484K(349568K)] 371699K(506816K), 0.0014590 secs] [Times: user=0.00 sys=0.00, real=0.00 secs] 
2021-01-21T22:11:53.912+0800: 18.224: [CMS-concurrent-mark-start]
2021-01-21T22:11:53.915+0800: 18.227: [CMS-concurrent-mark: 0.002/0.002 secs] [Times: user=0.01 sys=0.00, real=0.00 secs] 
2021-01-21T22:11:53.915+0800: 18.227: [CMS-concurrent-preclean-start]
2021-01-21T22:11:53.917+0800: 18.229: [CMS-concurrent-preclean: 0.001/0.001 secs] [Times: user=0.00 sys=0.00, real=0.00 secs] 
2021-01-21T22:11:53.917+0800: 18.229: [CMS-concurrent-abortable-preclean-start]
2021-01-21T22:11:53.917+0800: 18.229: [CMS-concurrent-abortable-preclean: 0.000/0.000 secs] [Times: user=0.00 sys=0.00, real=0.00 secs] 
2021-01-21T22:11:53.918+0800: 18.230: [GC (CMS Final Remark) [YG occupancy: 59954 K (157248 K)]2021-01-21T22:11:53.918+0800: 18.230: [Rescan (parallel) , 0.0014343 secs]2021-01-21T22:11:53.920+0800: 18.232: [weak refs processing, 0.0003422 secs]2021-01-21T22:11:53.921+0800: 18.233: [class unloading, 0.0004470 secs]2021-01-21T22:11:53.921+0800: 18.233: [scrub symbol table, 0.0005374 secs]2021-01-21T22:11:53.922+0800: 18.234: [scrub string table, 0.0004510 secs][1 CMS-remark: 349484K(349568K)] 409439K(506816K), 0.0052226 secs] [Times: user=0.00 sys=0.00, real=0.01 secs] 
2021-01-21T22:11:53.924+0800: 18.236: [CMS-concurrent-sweep-start]
2021-01-21T22:11:53.924+0800: 18.236: [CMS-concurrent-sweep: 0.000/0.000 secs] [Times: user=0.00 sys=0.00, real=0.00 secs] 
2021-01-21T22:11:53.924+0800: 18.236: [CMS-concurrent-reset-start]
2021-01-21T22:11:53.925+0800: 18.237: [CMS-concurrent-reset: 0.000/0.000 secs] [Times: user=0.00 sys=0.00, real=0.00 secs] 
2021-01-21T22:11:53.936+0800: 18.248: [GC (Allocation Failure) 2021-01-21T22:11:53.937+0800: 18.249: [ParNew: 156544K->156544K(157248K), 0.0003171 secs]2021-01-21T22:11:53.937+0800: 18.249: [CMS: 348975K->349301K(349568K), 0.0469381 secs] 505520K->363772K(506816K), [Metaspace: 2816K->2816K(1056768K)], 0.0484979 secs] [Times: user=0.05 sys=0.00, real=0.05 secs] 
2021-01-21T22:11:53.986+0800: 18.298: [GC (CMS Initial Mark) [1 CMS-initial-mark: 349301K(349568K)] 367216K(506816K), 0.0012254 secs] [Times: user=0.00 sys=0.00, real=0.00 secs] 
2021-01-21T22:11:53.988+0800: 18.300: [CMS-concurrent-mark-start]
2021-01-21T22:11:53.989+0800: 18.301: [CMS-concurrent-mark: 0.001/0.001 secs] [Times: user=0.00 sys=0.00, real=0.01 secs] 
2021-01-21T22:11:53.990+0800: 18.302: [CMS-concurrent-preclean-start]
2021-01-21T22:11:53.991+0800: 18.303: [CMS-concurrent-preclean: 0.001/0.001 secs] [Times: user=0.00 sys=0.00, real=0.00 secs] 
2021-01-21T22:11:53.991+0800: 18.303: [CMS-concurrent-abortable-preclean-start]
2021-01-21T22:11:53.991+0800: 18.303: [CMS-concurrent-abortable-preclean: 0.000/0.000 secs] [Times: user=0.00 sys=0.00, real=0.00 secs] 
2021-01-21T22:11:53.991+0800: 18.303: [GC (CMS Final Remark) [YG occupancy: 45803 K (157248 K)]2021-01-21T22:11:53.992+0800: 18.304: [Rescan (parallel) , 0.0011324 secs]2021-01-21T22:11:53.993+0800: 18.305: [weak refs processing, 0.0003620 secs]2021-01-21T22:11:53.994+0800: 18.306: [class unloading, 0.0004768 secs]2021-01-21T22:11:53.995+0800: 18.307: [scrub symbol table, 0.0005240 secs]2021-01-21T22:11:53.995+0800: 18.307: [scrub string table, 0.0003830 secs][1 CMS-remark: 349301K(349568K)] 395104K(506816K), 0.0045025 secs] [Times: user=0.00 sys=0.00, real=0.00 secs] 
2021-01-21T22:11:53.996+0800: 18.308: [CMS-concurrent-sweep-start]
2021-01-21T22:11:53.997+0800: 18.309: [CMS-concurrent-sweep: 0.000/0.000 secs] [Times: user=0.00 sys=0.00, real=0.00 secs] 
2021-01-21T22:11:53.997+0800: 18.309: [CMS-concurrent-reset-start]
2021-01-21T22:11:53.997+0800: 18.309: [CMS-concurrent-reset: 0.000/0.000 secs] [Times: user=0.00 sys=0.00, real=0.00 secs] 
2021-01-21T22:11:54.009+0800: 18.321: [GC (Allocation Failure) 2021-01-21T22:11:54.009+0800: 18.321: [ParNew: 157169K->157169K(157248K), 0.0003599 secs]2021-01-21T22:11:54.009+0800: 18.322: [CMS: 348343K->349548K(349568K), 0.0461653 secs] 505513K->359088K(506816K), [Metaspace: 2816K->2816K(1056768K)], 0.0475543 secs] [Times: user=0.04 sys=0.00, real=0.04 secs] 
2021-01-21T22:11:54.057+0800: 18.369: [GC (CMS Initial Mark) [1 CMS-initial-mark: 349548K(349568K)] 362252K(506816K), 0.0011630 secs] [Times: user=0.00 sys=0.00, real=0.01 secs] 
2021-01-21T22:11:54.059+0800: 18.371: [CMS-concurrent-mark-start]
2021-01-21T22:11:54.060+0800: 18.372: [CMS-concurrent-mark: 0.001/0.001 secs] [Times: user=0.00 sys=0.00, real=0.00 secs] 
2021-01-21T22:11:54.061+0800: 18.373: [CMS-concurrent-preclean-start]
2021-01-21T22:11:54.062+0800: 18.374: [CMS-concurrent-preclean: 0.001/0.001 secs] [Times: user=0.00 sys=0.01, real=0.00 secs] 
2021-01-21T22:11:54.062+0800: 18.374: [CMS-concurrent-abortable-preclean-start]
2021-01-21T22:11:54.062+0800: 18.374: [CMS-concurrent-abortable-preclean: 0.000/0.000 secs] [Times: user=0.00 sys=0.00, real=0.00 secs] 
2021-01-21T22:11:54.063+0800: 18.375: [GC (CMS Final Remark) [YG occupancy: 39078 K (157248 K)]2021-01-21T22:11:54.063+0800: 18.375: [Rescan (parallel) , 0.0010749 secs]2021-01-21T22:11:54.064+0800: 18.376: [weak refs processing, 0.0002829 secs]2021-01-21T22:11:54.065+0800: 18.377: [class unloading, 0.0004385 secs]2021-01-21T22:11:54.066+0800: 18.378: [scrub symbol table, 0.0005189 secs]2021-01-21T22:11:54.066+0800: 18.378: [scrub string table, 0.0003877 secs][1 CMS-remark: 349548K(349568K)] 388626K(506816K), 0.0043284 secs] [Times: user=0.01 sys=0.00, real=0.00 secs] 
2021-01-21T22:11:54.068+0800: 18.380: [CMS-concurrent-sweep-start]
2021-01-21T22:11:54.068+0800: 18.380: [CMS-concurrent-sweep: 0.000/0.000 secs] [Times: user=0.00 sys=0.00, real=0.00 secs] 
2021-01-21T22:11:54.068+0800: 18.380: [CMS-concurrent-reset-start]
2021-01-21T22:11:54.068+0800: 18.380: [CMS-concurrent-reset: 0.000/0.000 secs] [Times: user=0.00 sys=0.00, real=0.00 secs] 
2021-01-21T22:11:54.085+0800: 18.397: [GC (Allocation Failure) 2021-01-21T22:11:54.085+0800: 18.397: [ParNew: 157197K->157197K(157248K), 0.0004095 secs]2021-01-21T22:11:54.086+0800: 18.398: [CMS: 348732K->349475K(349568K), 0.0463351 secs] 505930K->357784K(506816K), [Metaspace: 2816K->2816K(1056768K)], 0.0479887 secs] [Times: user=0.05 sys=0.00, real=0.05 secs] 
2021-01-21T22:11:54.134+0800: 18.446: [GC (CMS Initial Mark) [1 CMS-initial-mark: 349475K(349568K)] 360752K(506816K), 0.0013831 secs] [Times: user=0.00 sys=0.00, real=0.00 secs] 
2021-01-21T22:11:54.136+0800: 18.448: [CMS-concurrent-mark-start]
2021-01-21T22:11:54.137+0800: 18.449: [CMS-concurrent-mark: 0.001/0.001 secs] [Times: user=0.01 sys=0.00, real=0.00 secs] 
2021-01-21T22:11:54.138+0800: 18.450: [CMS-concurrent-preclean-start]
2021-01-21T22:11:54.139+0800: 18.451: [CMS-concurrent-preclean: 0.001/0.001 secs] [Times: user=0.00 sys=0.00, real=0.01 secs] 
2021-01-21T22:11:54.139+0800: 18.451: [CMS-concurrent-abortable-preclean-start]
2021-01-21T22:11:54.139+0800: 18.451: [CMS-concurrent-abortable-preclean: 0.000/0.000 secs] [Times: user=0.00 sys=0.00, real=0.00 secs] 
2021-01-21T22:11:54.140+0800: 18.452: [GC (CMS Final Remark) [YG occupancy: 40933 K (157248 K)]2021-01-21T22:11:54.140+0800: 18.452: [Rescan (parallel) , 0.0007193 secs]2021-01-21T22:11:54.141+0800: 18.453: [weak refs processing, 0.0002503 secs]2021-01-21T22:11:54.142+0800: 18.454: [class unloading, 0.0004119 secs]2021-01-21T22:11:54.143+0800: 18.455: [scrub symbol table, 0.0005082 secs]2021-01-21T22:11:54.143+0800: 18.455: [scrub string table, 0.0003838 secs][1 CMS-remark: 349475K(349568K)] 390408K(506816K), 0.0039859 secs] [Times: user=0.00 sys=0.00, real=0.00 secs] 
2021-01-21T22:11:54.145+0800: 18.457: [CMS-concurrent-sweep-start]
2021-01-21T22:11:54.145+0800: 18.457: [CMS-concurrent-sweep: 0.000/0.000 secs] [Times: user=0.00 sys=0.00, real=0.00 secs] 
2021-01-21T22:11:54.145+0800: 18.457: [CMS-concurrent-reset-start]
2021-01-21T22:11:54.146+0800: 18.458: [CMS-concurrent-reset: 0.000/0.000 secs] [Times: user=0.00 sys=0.00, real=0.00 secs] 
2021-01-21T22:11:54.160+0800: 18.472: [GC (Allocation Failure) 2021-01-21T22:11:54.161+0800: 18.473: [ParNew: 156929K->156929K(157248K), 0.0003489 secs]2021-01-21T22:11:54.161+0800: 18.473: [CMS: 348980K->349175K(349568K), 0.0466410 secs] 505909K->362163K(506816K), [Metaspace: 2816K->2816K(1056768K)], 0.0482314 secs] [Times: user=0.05 sys=0.00, real=0.05 secs] 
2021-01-21T22:11:54.209+0800: 18.521: [GC (CMS Initial Mark) [1 CMS-initial-mark: 349175K(349568K)] 365560K(506816K), 0.0011892 secs] [Times: user=0.00 sys=0.00, real=0.00 secs] 
2021-01-21T22:11:54.211+0800: 18.523: [CMS-concurrent-mark-start]
2021-01-21T22:11:54.213+0800: 18.525: [CMS-concurrent-mark: 0.002/0.002 secs] [Times: user=0.00 sys=0.00, real=0.00 secs] 
2021-01-21T22:11:54.213+0800: 18.525: [CMS-concurrent-preclean-start]
2021-01-21T22:11:54.214+0800: 18.526: [CMS-concurrent-preclean: 0.001/0.001 secs] [Times: user=0.00 sys=0.00, real=0.00 secs] 
2021-01-21T22:11:54.215+0800: 18.527: [CMS-concurrent-abortable-preclean-start]
2021-01-21T22:11:54.215+0800: 18.527: [CMS-concurrent-abortable-preclean: 0.000/0.000 secs] [Times: user=0.00 sys=0.00, real=0.00 secs] 
2021-01-21T22:11:54.215+0800: 18.527: [GC (CMS Final Remark) [YG occupancy: 39799 K (157248 K)]2021-01-21T22:11:54.216+0800: 18.528: [Rescan (parallel) , 0.0010795 secs]2021-01-21T22:11:54.217+0800: 18.529: [weak refs processing, 0.0002983 secs]2021-01-21T22:11:54.218+0800: 18.530: [class unloading, 0.0004381 secs]2021-01-21T22:11:54.218+0800: 18.530: [scrub symbol table, 0.0006607 secs]2021-01-21T22:11:54.219+0800: 18.531: [scrub string table, 0.0004298 secs][1 CMS-remark: 349175K(349568K)] 388975K(506816K), 0.0046217 secs] [Times: user=0.00 sys=0.00, real=0.01 secs] 
2021-01-21T22:11:54.221+0800: 18.533: [CMS-concurrent-sweep-start]
2021-01-21T22:11:54.221+0800: 18.533: [CMS-concurrent-sweep: 0.000/0.000 secs] [Times: user=0.00 sys=0.00, real=0.00 secs] 
2021-01-21T22:11:54.221+0800: 18.533: [CMS-concurrent-reset-start]
2021-01-21T22:11:54.221+0800: 18.533: [CMS-concurrent-reset: 0.000/0.000 secs] [Times: user=0.00 sys=0.00, real=0.00 secs] 
2021-01-21T22:11:54.234+0800: 18.546: [GC (Allocation Failure) 2021-01-21T22:11:54.235+0800: 18.547: [ParNew: 157099K->157099K(157248K), 0.0003633 secs]2021-01-21T22:11:54.236+0800: 18.548: [CMS: 348349K->349312K(349568K), 0.0486252 secs] 505449K->367336K(506816K), [Metaspace: 2816K->2816K(1056768K)], 0.0503171 secs] [Times: user=0.05 sys=0.00, real=0.05 secs] 
2021-01-21T22:11:54.285+0800: 18.598: [GC (CMS Initial Mark) [1 CMS-initial-mark: 349312K(349568K)] 370961K(506816K), 0.0011109 secs] [Times: user=0.00 sys=0.00, real=0.00 secs] 
2021-01-21T22:11:54.287+0800: 18.599: [CMS-concurrent-mark-start]
2021-01-21T22:11:54.288+0800: 18.601: [CMS-concurrent-mark: 0.001/0.001 secs] [Times: user=0.00 sys=0.00, real=0.01 secs] 
2021-01-21T22:11:54.289+0800: 18.601: [CMS-concurrent-preclean-start]
2021-01-21T22:11:54.290+0800: 18.602: [CMS-concurrent-preclean: 0.001/0.001 secs] [Times: user=0.00 sys=0.00, real=0.00 secs] 
2021-01-21T22:11:54.290+0800: 18.602: [CMS-concurrent-abortable-preclean-start]
2021-01-21T22:11:54.290+0800: 18.602: [CMS-concurrent-abortable-preclean: 0.000/0.000 secs] [Times: user=0.00 sys=0.00, real=0.00 secs] 
2021-01-21T22:11:54.291+0800: 18.603: [GC (CMS Final Remark) [YG occupancy: 44478 K (157248 K)]2021-01-21T22:11:54.291+0800: 18.603: [Rescan (parallel) , 0.0011206 secs]2021-01-21T22:11:54.293+0800: 18.605: [weak refs processing, 0.0002862 secs]2021-01-21T22:11:54.293+0800: 18.605: [class unloading, 0.0004547 secs]2021-01-21T22:11:54.294+0800: 18.606: [scrub symbol table, 0.0006062 secs]2021-01-21T22:11:54.295+0800: 18.607: [scrub string table, 0.0006777 secs][1 CMS-remark: 349312K(349568K)] 393790K(506816K), 0.0049978 secs] [Times: user=0.00 sys=0.00, real=0.00 secs] 
2021-01-21T22:11:54.296+0800: 18.609: [CMS-concurrent-sweep-start]
2021-01-21T22:11:54.297+0800: 18.609: [CMS-concurrent-sweep: 0.000/0.000 secs] [Times: user=0.00 sys=0.00, real=0.00 secs] 
2021-01-21T22:11:54.297+0800: 18.609: [CMS-concurrent-reset-start]
2021-01-21T22:11:54.298+0800: 18.610: [CMS-concurrent-reset: 0.000/0.000 secs] [Times: user=0.00 sys=0.00, real=0.00 secs] 
2021-01-21T22:11:54.311+0800: 18.623: [GC (Allocation Failure) 2021-01-21T22:11:54.311+0800: 18.623: [ParNew: 156992K->156992K(157248K), 0.0003607 secs]2021-01-21T22:11:54.312+0800: 18.624: [CMS: 348039K->349517K(349568K), 0.0499533 secs] 505032K->368322K(506816K), [Metaspace: 2816K->2816K(1056768K)], 0.0516411 secs] [Times: user=0.05 sys=0.00, real=0.05 secs] 
2021-01-21T22:11:54.363+0800: 18.675: [GC (CMS Initial Mark) [1 CMS-initial-mark: 349517K(349568K)] 371383K(506816K), 0.0015994 secs] [Times: user=0.00 sys=0.00, real=0.00 secs] 
2021-01-21T22:11:54.366+0800: 18.678: [CMS-concurrent-mark-start]
2021-01-21T22:11:54.367+0800: 18.679: [CMS-concurrent-mark: 0.001/0.001 secs] [Times: user=0.00 sys=0.00, real=0.00 secs] 
2021-01-21T22:11:54.367+0800: 18.679: [CMS-concurrent-preclean-start]
2021-01-21T22:11:54.368+0800: 18.680: [CMS-concurrent-preclean: 0.001/0.001 secs] [Times: user=0.00 sys=0.00, real=0.01 secs] 
2021-01-21T22:11:54.369+0800: 18.681: [CMS-concurrent-abortable-preclean-start]
2021-01-21T22:11:54.369+0800: 18.681: [CMS-concurrent-abortable-preclean: 0.000/0.000 secs] [Times: user=0.00 sys=0.00, real=0.00 secs] 
2021-01-21T22:11:54.369+0800: 18.681: [GC (CMS Final Remark) [YG occupancy: 55195 K (157248 K)]2021-01-21T22:11:54.370+0800: 18.682: [Rescan (parallel) , 0.0013232 secs]2021-01-21T22:11:54.371+0800: 18.683: [weak refs processing, 0.0002524 secs]2021-01-21T22:11:54.372+0800: 18.684: [class unloading, 0.0004039 secs]2021-01-21T22:11:54.373+0800: 18.685: [scrub symbol table, 0.0004736 secs]2021-01-21T22:11:54.373+0800: 18.685: [scrub string table, 0.0003407 secs][1 CMS-remark: 349517K(349568K)] 404712K(506816K), 0.0042469 secs] [Times: user=0.00 sys=0.00, real=0.00 secs] 
2021-01-21T22:11:54.374+0800: 18.686: [CMS-concurrent-sweep-start]
2021-01-21T22:11:54.375+0800: 18.687: [CMS-concurrent-sweep: 0.000/0.000 secs] [Times: user=0.00 sys=0.00, real=0.00 secs] 
2021-01-21T22:11:54.375+0800: 18.687: [CMS-concurrent-reset-start]
2021-01-21T22:11:54.375+0800: 18.687: [CMS-concurrent-reset: 0.000/0.000 secs] [Times: user=0.00 sys=0.00, real=0.00 secs] 
2021-01-21T22:11:54.387+0800: 18.699: [GC (Allocation Failure) 2021-01-21T22:11:54.387+0800: 18.699: [ParNew: 156808K->156808K(157248K), 0.0003591 secs]2021-01-21T22:11:54.388+0800: 18.700: [CMS: 348810K->349437K(349568K), 0.0495801 secs] 505618K->367670K(506816K), [Metaspace: 2816K->2816K(1056768K)], 0.0516474 secs] [Times: user=0.05 sys=0.00, real=0.06 secs] 
2021-01-21T22:11:54.440+0800: 18.752: [GC (CMS Initial Mark) [1 CMS-initial-mark: 349437K(349568K)] 371087K(506816K), 0.0011881 secs] [Times: user=0.00 sys=0.00, real=0.00 secs] 
2021-01-21T22:11:54.441+0800: 18.754: [CMS-concurrent-mark-start]
2021-01-21T22:11:54.443+0800: 18.755: [CMS-concurrent-mark: 0.001/0.001 secs] [Times: user=0.01 sys=0.00, real=0.00 secs] 
2021-01-21T22:11:54.443+0800: 18.755: [CMS-concurrent-preclean-start]
2021-01-21T22:11:54.444+0800: 18.756: [CMS-concurrent-preclean: 0.001/0.001 secs] [Times: user=0.00 sys=0.00, real=0.00 secs] 
2021-01-21T22:11:54.445+0800: 18.757: [CMS-concurrent-abortable-preclean-start]
2021-01-21T22:11:54.445+0800: 18.757: [CMS-concurrent-abortable-preclean: 0.000/0.000 secs] [Times: user=0.00 sys=0.00, real=0.00 secs] 
2021-01-21T22:11:54.445+0800: 18.757: [GC (CMS Final Remark) [YG occupancy: 44115 K (157248 K)]2021-01-21T22:11:54.446+0800: 18.758: [Rescan (parallel) , 0.0016290 secs]2021-01-21T22:11:54.448+0800: 18.760: [weak refs processing, 0.0002937 secs]2021-01-21T22:11:54.448+0800: 18.760: [class unloading, 0.0004369 secs]2021-01-21T22:11:54.449+0800: 18.761: [scrub symbol table, 0.0005150 secs]2021-01-21T22:11:54.450+0800: 18.762: [scrub string table, 0.0003940 secs][1 CMS-remark: 349437K(349568K)] 393552K(506816K), 0.0049237 secs] [Times: user=0.01 sys=0.00, real=0.01 secs] 
2021-01-21T22:11:54.451+0800: 18.763: [CMS-concurrent-sweep-start]
2021-01-21T22:11:54.451+0800: 18.763: [CMS-concurrent-sweep: 0.000/0.000 secs] [Times: user=0.00 sys=0.00, real=0.00 secs] 
2021-01-21T22:11:54.451+0800: 18.763: [CMS-concurrent-reset-start]
2021-01-21T22:11:54.451+0800: 18.763: [CMS-concurrent-reset: 0.000/0.000 secs] [Times: user=0.00 sys=0.00, real=0.00 secs] 
2021-01-21T22:11:54.466+0800: 18.778: [GC (Allocation Failure) 2021-01-21T22:11:54.466+0800: 18.778: [ParNew: 157073K->157073K(157248K), 0.0002750 secs]2021-01-21T22:11:54.467+0800: 18.779: [CMS: 348966K->349514K(349568K), 0.0480056 secs] 506039K->364374K(506816K), [Metaspace: 2816K->2816K(1056768K)], 0.0494235 secs] [Times: user=0.05 sys=0.00, real=0.05 secs] 
2021-01-21T22:11:54.516+0800: 18.828: [GC (CMS Initial Mark) [1 CMS-initial-mark: 349514K(349568K)] 367778K(506816K), 0.0014438 secs] [Times: user=0.00 sys=0.00, real=0.00 secs] 
2021-01-21T22:11:54.518+0800: 18.830: [CMS-concurrent-mark-start]
2021-01-21T22:11:54.520+0800: 18.832: [CMS-concurrent-mark: 0.001/0.001 secs] [Times: user=0.01 sys=0.00, real=0.00 secs] 
2021-01-21T22:11:54.520+0800: 18.832: [CMS-concurrent-preclean-start]
2021-01-21T22:11:54.521+0800: 18.833: [CMS-concurrent-preclean: 0.001/0.001 secs] [Times: user=0.00 sys=0.00, real=0.00 secs] 
2021-01-21T22:11:54.521+0800: 18.833: [CMS-concurrent-abortable-preclean-start]
2021-01-21T22:11:54.521+0800: 18.833: [CMS-concurrent-abortable-preclean: 0.000/0.000 secs] [Times: user=0.00 sys=0.00, real=0.00 secs] 
2021-01-21T22:11:54.522+0800: 18.834: [GC (CMS Final Remark) [YG occupancy: 49956 K (157248 K)]2021-01-21T22:11:54.522+0800: 18.834: [Rescan (parallel) , 0.0011314 secs]2021-01-21T22:11:54.523+0800: 18.836: [weak refs processing, 0.0002825 secs]2021-01-21T22:11:54.524+0800: 18.836: [class unloading, 0.0003656 secs]2021-01-21T22:11:54.525+0800: 18.837: [scrub symbol table, 0.0004627 secs]2021-01-21T22:11:54.525+0800: 18.837: [scrub string table, 0.0003327 secs][1 CMS-remark: 349514K(349568K)] 399470K(506816K), 0.0039332 secs] [Times: user=0.00 sys=0.00, real=0.00 secs] 
2021-01-21T22:11:54.526+0800: 18.838: [CMS-concurrent-sweep-start]
2021-01-21T22:11:54.526+0800: 18.839: [CMS-concurrent-sweep: 0.000/0.000 secs] [Times: user=0.00 sys=0.00, real=0.00 secs] 
2021-01-21T22:11:54.527+0800: 18.839: [CMS-concurrent-reset-start]
2021-01-21T22:11:54.527+0800: 18.839: [CMS-concurrent-reset: 0.000/0.000 secs] [Times: user=0.00 sys=0.00, real=0.00 secs] 
2021-01-21T22:11:54.540+0800: 18.852: [GC (Allocation Failure) 2021-01-21T22:11:54.541+0800: 18.853: [ParNew: 157002K->157002K(157248K), 0.0003092 secs]2021-01-21T22:11:54.541+0800: 18.853: [CMS: 347786K->349559K(349568K), 0.0465439 secs] 504789K->364609K(506816K), [Metaspace: 2816K->2816K(1056768K)], 0.0480871 secs] [Times: user=0.05 sys=0.00, real=0.05 secs] 
2021-01-21T22:11:54.589+0800: 18.902: [GC (CMS Initial Mark) [1 CMS-initial-mark: 349559K(349568K)] 368081K(506816K), 0.0015205 secs] [Times: user=0.00 sys=0.00, real=0.00 secs] 
2021-01-21T22:11:54.592+0800: 18.904: [CMS-concurrent-mark-start]
2021-01-21T22:11:54.593+0800: 18.905: [CMS-concurrent-mark: 0.001/0.001 secs] [Times: user=0.00 sys=0.00, real=0.00 secs] 
2021-01-21T22:11:54.594+0800: 18.906: [CMS-concurrent-preclean-start]
2021-01-21T22:11:54.595+0800: 18.907: [CMS-concurrent-preclean: 0.001/0.001 secs] [Times: user=0.00 sys=0.00, real=0.00 secs] 
2021-01-21T22:11:54.595+0800: 18.907: [CMS-concurrent-abortable-preclean-start]
2021-01-21T22:11:54.595+0800: 18.907: [CMS-concurrent-abortable-preclean: 0.000/0.000 secs] [Times: user=0.00 sys=0.00, real=0.00 secs] 
2021-01-21T22:11:54.596+0800: 18.908: [GC (CMS Final Remark) [YG occupancy: 43211 K (157248 K)]2021-01-21T22:11:54.596+0800: 18.908: [Rescan (parallel) , 0.0014811 secs]2021-01-21T22:11:54.598+0800: 18.910: [weak refs processing, 0.0002922 secs]2021-01-21T22:11:54.598+0800: 18.910: [class unloading, 0.0004267 secs]2021-01-21T22:11:54.599+0800: 18.911: [scrub symbol table, 0.0005982 secs]2021-01-21T22:11:54.600+0800: 18.912: [scrub string table, 0.0005424 secs][1 CMS-remark: 349559K(349568K)] 392771K(506816K), 0.0053622 secs] [Times: user=0.00 sys=0.00, real=0.01 secs] 
2021-01-21T22:11:54.602+0800: 18.914: [CMS-concurrent-sweep-start]
2021-01-21T22:11:54.602+0800: 18.914: [CMS-concurrent-sweep: 0.000/0.000 secs] [Times: user=0.00 sys=0.00, real=0.00 secs] 
2021-01-21T22:11:54.602+0800: 18.914: [CMS-concurrent-reset-start]
2021-01-21T22:11:54.603+0800: 18.915: [CMS-concurrent-reset: 0.000/0.000 secs] [Times: user=0.00 sys=0.00, real=0.00 secs] 
2021-01-21T22:11:54.616+0800: 18.928: [GC (Allocation Failure) 2021-01-21T22:11:54.616+0800: 18.928: [ParNew: 157068K->157068K(157248K), 0.0003264 secs]2021-01-21T22:11:54.617+0800: 18.929: [CMS: 349169K->349230K(349568K), 0.0472807 secs] 506238K->368808K(506816K), [Metaspace: 2816K->2816K(1056768K)], 0.0487802 secs] [Times: user=0.04 sys=0.00, real=0.05 secs] 
2021-01-21T22:11:54.666+0800: 18.978: [GC (CMS Initial Mark) [1 CMS-initial-mark: 349230K(349568K)] 372176K(506816K), 0.0012180 secs] [Times: user=0.01 sys=0.00, real=0.00 secs] 
2021-01-21T22:11:54.668+0800: 18.980: [CMS-concurrent-mark-start]
2021-01-21T22:11:54.669+0800: 18.981: [CMS-concurrent-mark: 0.001/0.001 secs] [Times: user=0.00 sys=0.00, real=0.01 secs] 
2021-01-21T22:11:54.670+0800: 18.982: [CMS-concurrent-preclean-start]
2021-01-21T22:11:54.671+0800: 18.983: [CMS-concurrent-preclean: 0.001/0.001 secs] [Times: user=0.00 sys=0.00, real=0.00 secs] 
2021-01-21T22:11:54.671+0800: 18.983: [CMS-concurrent-abortable-preclean-start]
2021-01-21T22:11:54.671+0800: 18.983: [CMS-concurrent-abortable-preclean: 0.000/0.000 secs] [Times: user=0.00 sys=0.00, real=0.00 secs] 
2021-01-21T22:11:54.672+0800: 18.984: [GC (CMS Final Remark) [YG occupancy: 56967 K (157248 K)]2021-01-21T22:11:54.672+0800: 18.984: [Rescan (parallel) , 0.0011258 secs]2021-01-21T22:11:54.673+0800: 18.985: [weak refs processing, 0.0002660 secs]2021-01-21T22:11:54.674+0800: 18.986: [class unloading, 0.0004679 secs]2021-01-21T22:11:54.675+0800: 18.987: [scrub symbol table, 0.0006387 secs]2021-01-21T22:11:54.675+0800: 18.988: [scrub string table, 0.0004591 secs][1 CMS-remark: 349230K(349568K)] 406197K(506816K), 0.0047096 secs] [Times: user=0.01 sys=0.00, real=0.00 secs] 
2021-01-21T22:11:54.677+0800: 18.989: [CMS-concurrent-sweep-start]
2021-01-21T22:11:54.677+0800: 18.989: [CMS-concurrent-sweep: 0.000/0.000 secs] [Times: user=0.00 sys=0.00, real=0.00 secs] 
2021-01-21T22:11:54.678+0800: 18.990: [CMS-concurrent-reset-start]
2021-01-21T22:11:54.678+0800: 18.990: [CMS-concurrent-reset: 0.000/0.000 secs] [Times: user=0.00 sys=0.00, real=0.00 secs] 
2021-01-21T22:11:54.690+0800: 19.002: [GC (Allocation Failure) 2021-01-21T22:11:54.690+0800: 19.002: [ParNew: 157153K->157153K(157248K), 0.0003936 secs]2021-01-21T22:11:54.691+0800: 19.003: [CMS: 348091K->349529K(349568K), 0.0499082 secs] 505245K->375217K(506816K), [Metaspace: 2816K->2816K(1056768K)], 0.0517377 secs] [Times: user=0.05 sys=0.00, real=0.05 secs] 
2021-01-21T22:11:54.742+0800: 19.055: [GC (CMS Initial Mark) [1 CMS-initial-mark: 349529K(349568K)] 378631K(506816K), 0.0012346 secs] [Times: user=0.00 sys=0.00, real=0.00 secs] 
2021-01-21T22:11:54.745+0800: 19.057: [CMS-concurrent-mark-start]
2021-01-21T22:11:54.746+0800: 19.058: [CMS-concurrent-mark: 0.001/0.001 secs] [Times: user=0.01 sys=0.00, real=0.00 secs] 
2021-01-21T22:11:54.746+0800: 19.058: [CMS-concurrent-preclean-start]
2021-01-21T22:11:54.747+0800: 19.060: [CMS-concurrent-preclean: 0.001/0.001 secs] [Times: user=0.00 sys=0.00, real=0.00 secs] 
2021-01-21T22:11:54.748+0800: 19.060: [CMS-concurrent-abortable-preclean-start]
2021-01-21T22:11:54.748+0800: 19.060: [CMS-concurrent-abortable-preclean: 0.000/0.000 secs] [Times: user=0.00 sys=0.00, real=0.00 secs] 
2021-01-21T22:11:54.748+0800: 19.061: [GC (CMS Final Remark) [YG occupancy: 53095 K (157248 K)]2021-01-21T22:11:54.749+0800: 19.061: [Rescan (parallel) , 0.0012102 secs]2021-01-21T22:11:54.750+0800: 19.062: [weak refs processing, 0.0002616 secs]2021-01-21T22:11:54.751+0800: 19.063: [class unloading, 0.0004775 secs]2021-01-21T22:11:54.752+0800: 19.064: [scrub symbol table, 0.0004955 secs]2021-01-21T22:11:54.752+0800: 19.064: [scrub string table, 0.0003675 secs][1 CMS-remark: 349529K(349568K)] 402624K(506816K), 0.0045817 secs] [Times: user=0.00 sys=0.00, real=0.00 secs] 
2021-01-21T22:11:54.754+0800: 19.066: [CMS-concurrent-sweep-start]
2021-01-21T22:11:54.754+0800: 19.066: [CMS-concurrent-sweep: 0.000/0.000 secs] [Times: user=0.00 sys=0.00, real=0.00 secs] 
2021-01-21T22:11:54.754+0800: 19.066: [CMS-concurrent-reset-start]
2021-01-21T22:11:54.755+0800: 19.067: [CMS-concurrent-reset: 0.000/0.000 secs] [Times: user=0.00 sys=0.00, real=0.00 secs] 
2021-01-21T22:11:54.767+0800: 19.079: [GC (Allocation Failure) 2021-01-21T22:11:54.767+0800: 19.079: [ParNew: 157200K->157200K(157248K), 0.0003672 secs]2021-01-21T22:11:54.768+0800: 19.080: [CMS: 347878K->349536K(349568K), 0.0551244 secs] 505078K->376099K(506816K), [Metaspace: 2816K->2816K(1056768K)], 0.0567705 secs] [Times: user=0.06 sys=0.00, real=0.06 secs] 
2021-01-21T22:11:54.824+0800: 19.136: [GC (CMS Initial Mark) [1 CMS-initial-mark: 349536K(349568K)] 379318K(506816K), 0.0010283 secs] [Times: user=0.00 sys=0.00, real=0.00 secs] 
2021-01-21T22:11:54.826+0800: 19.138: [CMS-concurrent-mark-start]
2021-01-21T22:11:54.827+0800: 19.139: [CMS-concurrent-mark: 0.001/0.001 secs] [Times: user=0.00 sys=0.00, real=0.00 secs] 
2021-01-21T22:11:54.828+0800: 19.140: [CMS-concurrent-preclean-start]
2021-01-21T22:11:54.829+0800: 19.141: [CMS-concurrent-preclean: 0.002/0.002 secs] [Times: user=0.00 sys=0.00, real=0.01 secs] 
2021-01-21T22:11:54.830+0800: 19.142: [CMS-concurrent-abortable-preclean-start]
2021-01-21T22:11:54.830+0800: 19.142: [CMS-concurrent-abortable-preclean: 0.000/0.000 secs] [Times: user=0.00 sys=0.00, real=0.00 secs] 
2021-01-21T22:11:54.831+0800: 19.143: [GC (CMS Final Remark) [YG occupancy: 62471 K (157248 K)]2021-01-21T22:11:54.831+0800: 19.143: [Rescan (parallel) , 0.0013409 secs]2021-01-21T22:11:54.833+0800: 19.145: [weak refs processing, 0.0002530 secs]2021-01-21T22:11:54.833+0800: 19.145: [class unloading, 0.0003030 secs]2021-01-21T22:11:54.833+0800: 19.146: [scrub symbol table, 0.0004319 secs]2021-01-21T22:11:54.834+0800: 19.146: [scrub string table, 0.0003040 secs][1 CMS-remark: 349536K(349568K)] 412008K(506816K), 0.0039530 secs] [Times: user=0.00 sys=0.00, real=0.00 secs] 
2021-01-21T22:11:54.835+0800: 19.147: [CMS-concurrent-sweep-start]
2021-01-21T22:11:54.835+0800: 19.147: [CMS-concurrent-sweep: 0.000/0.000 secs] [Times: user=0.00 sys=0.00, real=0.00 secs] 
2021-01-21T22:11:54.835+0800: 19.147: [CMS-concurrent-reset-start]
2021-01-21T22:11:54.836+0800: 19.148: [CMS-concurrent-reset: 0.000/0.000 secs] [Times: user=0.00 sys=0.00, real=0.00 secs] 
2021-01-21T22:11:54.847+0800: 19.159: [GC (Allocation Failure) 2021-01-21T22:11:54.847+0800: 19.159: [ParNew: 157195K->157195K(157248K), 0.0003789 secs]2021-01-21T22:11:54.848+0800: 19.160: [CMS: 348702K->349311K(349568K), 0.0507304 secs] 505898K->376545K(506816K), [Metaspace: 2816K->2816K(1056768K)], 0.0524183 secs] [Times: user=0.05 sys=0.00, real=0.06 secs] 
2021-01-21T22:11:54.900+0800: 19.212: [GC (CMS Initial Mark) [1 CMS-initial-mark: 349311K(349568K)] 379365K(506816K), 0.0013138 secs] [Times: user=0.00 sys=0.00, real=0.00 secs] 
2021-01-21T22:11:54.902+0800: 19.214: [CMS-concurrent-mark-start]
2021-01-21T22:11:54.904+0800: 19.216: [CMS-concurrent-mark: 0.001/0.001 secs] [Times: user=0.00 sys=0.00, real=0.00 secs] 
2021-01-21T22:11:54.904+0800: 19.216: [CMS-concurrent-preclean-start]
2021-01-21T22:11:54.905+0800: 19.217: [CMS-concurrent-preclean: 0.001/0.001 secs] [Times: user=0.00 sys=0.00, real=0.00 secs] 
2021-01-21T22:11:54.905+0800: 19.217: [CMS-concurrent-abortable-preclean-start]
2021-01-21T22:11:54.905+0800: 19.217: [CMS-concurrent-abortable-preclean: 0.000/0.000 secs] [Times: user=0.00 sys=0.00, real=0.00 secs] 
2021-01-21T22:11:54.906+0800: 19.218: [GC (CMS Final Remark) [YG occupancy: 55618 K (157248 K)]2021-01-21T22:11:54.906+0800: 19.218: [Rescan (parallel) , 0.0012941 secs]2021-01-21T22:11:54.908+0800: 19.220: [weak refs processing, 0.0002431 secs]2021-01-21T22:11:54.908+0800: 19.220: [class unloading, 0.0004302 secs]2021-01-21T22:11:54.909+0800: 19.221: [scrub symbol table, 0.0007031 secs]2021-01-21T22:11:54.910+0800: 19.222: [scrub string table, 0.0004555 secs][1 CMS-remark: 349311K(349568K)] 404929K(506816K), 0.0047465 secs] [Times: user=0.01 sys=0.00, real=0.01 secs] 
2021-01-21T22:11:54.911+0800: 19.224: [CMS-concurrent-sweep-start]
2021-01-21T22:11:54.912+0800: 19.224: [CMS-concurrent-sweep: 0.000/0.000 secs] [Times: user=0.00 sys=0.00, real=0.00 secs] 
2021-01-21T22:11:54.912+0800: 19.224: [CMS-concurrent-reset-start]
2021-01-21T22:11:54.912+0800: 19.224: [CMS-concurrent-reset: 0.000/0.000 secs] [Times: user=0.00 sys=0.00, real=0.00 secs] 
2021-01-21T22:11:54.923+0800: 19.235: [GC (Allocation Failure) 2021-01-21T22:11:54.924+0800: 19.236: [ParNew: 156918K->156918K(157248K), 0.0003789 secs]2021-01-21T22:11:54.925+0800: 19.237: [CMS: 348815K->349044K(349568K), 0.0540791 secs] 505734K->379839K(506816K), [Metaspace: 2816K->2816K(1056768K)], 0.0559901 secs] [Times: user=0.06 sys=0.00, real=0.06 secs] 
2021-01-21T22:11:54.981+0800: 19.293: [GC (CMS Initial Mark) [1 CMS-initial-mark: 349044K(349568K)] 383180K(506816K), 0.0013129 secs] [Times: user=0.00 sys=0.00, real=0.00 secs] 
2021-01-21T22:11:54.983+0800: 19.295: [CMS-concurrent-mark-start]
2021-01-21T22:11:54.984+0800: 19.296: [CMS-concurrent-mark: 0.001/0.001 secs] [Times: user=0.00 sys=0.00, real=0.00 secs] 
2021-01-21T22:11:54.984+0800: 19.296: [CMS-concurrent-preclean-start]
2021-01-21T22:11:54.985+0800: 19.297: [CMS-concurrent-preclean: 0.001/0.001 secs] [Times: user=0.00 sys=0.00, real=0.00 secs] 
2021-01-21T22:11:54.986+0800: 19.298: [CMS-concurrent-abortable-preclean-start]
2021-01-21T22:11:54.986+0800: 19.298: [CMS-concurrent-abortable-preclean: 0.000/0.000 secs] [Times: user=0.00 sys=0.00, real=0.00 secs] 
2021-01-21T22:11:54.986+0800: 19.298: [GC (CMS Final Remark) [YG occupancy: 66818 K (157248 K)]2021-01-21T22:11:54.987+0800: 19.299: [Rescan (parallel) , 0.0007359 secs]2021-01-21T22:11:54.988+0800: 19.300: [weak refs processing, 0.0002655 secs]2021-01-21T22:11:54.988+0800: 19.300: [class unloading, 0.0004992 secs]2021-01-21T22:11:54.989+0800: 19.301: [scrub symbol table, 0.0005164 secs]2021-01-21T22:11:54.990+0800: 19.302: [scrub string table, 0.0003851 secs][1 CMS-remark: 349044K(349568K)] 415862K(506816K), 0.0040787 secs] [Times: user=0.00 sys=0.00, real=0.01 secs] 
2021-01-21T22:11:54.991+0800: 19.303: [CMS-concurrent-sweep-start]
2021-01-21T22:11:54.991+0800: 19.303: [CMS-concurrent-sweep: 0.000/0.000 secs] [Times: user=0.00 sys=0.00, real=0.00 secs] 
2021-01-21T22:11:54.991+0800: 19.304: [CMS-concurrent-reset-start]
2021-01-21T22:11:54.992+0800: 19.304: [CMS-concurrent-reset: 0.000/0.000 secs] [Times: user=0.00 sys=0.00, real=0.00 secs] 
2021-01-21T22:11:55.002+0800: 19.314: [GC (Allocation Failure) 2021-01-21T22:11:55.002+0800: 19.315: [ParNew: 157185K->157185K(157248K), 0.0003451 secs]2021-01-21T22:11:55.003+0800: 19.315: [CMS: 347002K->349332K(349568K), 0.0487539 secs] 504187K->382813K(506816K), [Metaspace: 2816K->2816K(1056768K)], 0.0505168 secs] [Times: user=0.05 sys=0.00, real=0.05 secs] 
2021-01-21T22:11:55.054+0800: 19.366: [GC (CMS Initial Mark) [1 CMS-initial-mark: 349332K(349568K)] 385627K(506816K), 0.0012480 secs] [Times: user=0.00 sys=0.00, real=0.00 secs] 
2021-01-21T22:11:55.056+0800: 19.368: [CMS-concurrent-mark-start]
2021-01-21T22:11:55.057+0800: 19.369: [CMS-concurrent-mark: 0.001/0.001 secs] [Times: user=0.00 sys=0.00, real=0.00 secs] 
2021-01-21T22:11:55.057+0800: 19.369: [CMS-concurrent-preclean-start]
2021-01-21T22:11:55.058+0800: 19.370: [CMS-concurrent-preclean: 0.001/0.001 secs] [Times: user=0.00 sys=0.00, real=0.01 secs] 
2021-01-21T22:11:55.059+0800: 19.371: [CMS-concurrent-abortable-preclean-start]
2021-01-21T22:11:55.059+0800: 19.371: [CMS-concurrent-abortable-preclean: 0.000/0.000 secs] [Times: user=0.00 sys=0.00, real=0.00 secs] 
2021-01-21T22:11:55.059+0800: 19.371: [GC (CMS Final Remark) [YG occupancy: 67171 K (157248 K)]2021-01-21T22:11:55.060+0800: 19.372: [Rescan (parallel) , 0.0011713 secs]2021-01-21T22:11:55.061+0800: 19.373: [weak refs processing, 0.0003698 secs]2021-01-21T22:11:55.062+0800: 19.374: [class unloading, 0.0006249 secs]2021-01-21T22:11:55.063+0800: 19.375: [scrub symbol table, 0.0007228 secs]2021-01-21T22:11:55.064+0800: 19.376: [scrub string table, 0.0003224 secs][1 CMS-remark: 349332K(349568K)] 416504K(506816K), 0.0051670 secs] [Times: user=0.00 sys=0.00, real=0.00 secs] 
2021-01-21T22:11:55.065+0800: 19.377: [CMS-concurrent-sweep-start]
2021-01-21T22:11:55.066+0800: 19.378: [CMS-concurrent-sweep: 0.000/0.000 secs] [Times: user=0.00 sys=0.00, real=0.00 secs] 
2021-01-21T22:11:55.066+0800: 19.378: [CMS-concurrent-reset-start]
2021-01-21T22:11:55.066+0800: 19.378: [CMS-concurrent-reset: 0.000/0.000 secs] [Times: user=0.00 sys=0.00, real=0.00 secs] 
2021-01-21T22:11:55.076+0800: 19.388: [GC (Allocation Failure) 2021-01-21T22:11:55.076+0800: 19.388: [ParNew: 156855K->156855K(157248K), 0.0003815 secs]2021-01-21T22:11:55.077+0800: 19.389: [CMS: 347100K->348891K(349568K), 0.0492606 secs] 503956K->381280K(506816K), [Metaspace: 2816K->2816K(1056768K)], 0.0509782 secs] [Times: user=0.05 sys=0.00, real=0.05 secs] 
2021-01-21T22:11:55.128+0800: 19.440: [GC (CMS Initial Mark) [1 CMS-initial-mark: 348891K(349568K)] 384224K(506816K), 0.0017244 secs] [Times: user=0.00 sys=0.00, real=0.01 secs] 
2021-01-21T22:11:55.131+0800: 19.443: [CMS-concurrent-mark-start]
2021-01-21T22:11:55.132+0800: 19.444: [CMS-concurrent-mark: 0.001/0.001 secs] [Times: user=0.00 sys=0.00, real=0.00 secs] 
2021-01-21T22:11:55.133+0800: 19.445: [CMS-concurrent-preclean-start]
2021-01-21T22:11:55.134+0800: 19.446: [CMS-concurrent-preclean: 0.001/0.001 secs] [Times: user=0.00 sys=0.00, real=0.00 secs] 
2021-01-21T22:11:55.134+0800: 19.446: [CMS-concurrent-abortable-preclean-start]
2021-01-21T22:11:55.134+0800: 19.446: [CMS-concurrent-abortable-preclean: 0.000/0.000 secs] [Times: user=0.00 sys=0.00, real=0.00 secs] 
2021-01-21T22:11:55.135+0800: 19.447: [GC (CMS Final Remark) [YG occupancy: 70155 K (157248 K)]2021-01-21T22:11:55.135+0800: 19.447: [Rescan (parallel) , 0.0007872 secs]2021-01-21T22:11:55.136+0800: 19.448: [weak refs processing, 0.0003184 secs]2021-01-21T22:11:55.137+0800: 19.449: [class unloading, 0.0004211 secs]2021-01-21T22:11:55.137+0800: 19.449: [scrub symbol table, 0.0005490 secs]2021-01-21T22:11:55.138+0800: 19.450: [scrub string table, 0.0003797 secs][1 CMS-remark: 348891K(349568K)] 419046K(506816K), 0.0042814 secs] [Times: user=0.00 sys=0.00, real=0.01 secs] 
2021-01-21T22:11:55.140+0800: 19.452: [CMS-concurrent-sweep-start]
2021-01-21T22:11:55.140+0800: 19.452: [CMS-concurrent-sweep: 0.000/0.000 secs] [Times: user=0.00 sys=0.00, real=0.00 secs] 
2021-01-21T22:11:55.140+0800: 19.452: [CMS-concurrent-reset-start]
2021-01-21T22:11:55.140+0800: 19.452: [CMS-concurrent-reset: 0.000/0.000 secs] [Times: user=0.00 sys=0.00, real=0.00 secs] 
2021-01-21T22:11:55.151+0800: 19.463: [GC (Allocation Failure) 2021-01-21T22:11:55.152+0800: 19.464: [ParNew: 157033K->157033K(157248K), 0.0003566 secs]2021-01-21T22:11:55.152+0800: 19.464: [CMS: 346871K->349446K(349568K), 0.0521353 secs] 503904K->374709K(506816K), [Metaspace: 2816K->2816K(1056768K)], 0.0538021 secs] [Times: user=0.05 sys=0.00, real=0.05 secs] 
2021-01-21T22:11:55.206+0800: 19.518: [GC (CMS Initial Mark) [1 CMS-initial-mark: 349446K(349568K)] 377632K(506816K), 0.0012552 secs] [Times: user=0.00 sys=0.00, real=0.00 secs] 
2021-01-21T22:11:55.208+0800: 19.520: [CMS-concurrent-mark-start]
2021-01-21T22:11:55.210+0800: 19.522: [CMS-concurrent-mark: 0.002/0.002 secs] [Times: user=0.00 sys=0.00, real=0.00 secs] 
2021-01-21T22:11:55.210+0800: 19.522: [CMS-concurrent-preclean-start]
2021-01-21T22:11:55.212+0800: 19.524: [CMS-concurrent-preclean: 0.001/0.001 secs] [Times: user=0.00 sys=0.00, real=0.00 secs] 
2021-01-21T22:11:55.212+0800: 19.524: [CMS-concurrent-abortable-preclean-start]
2021-01-21T22:11:55.212+0800: 19.524: [CMS-concurrent-abortable-preclean: 0.000/0.000 secs] [Times: user=0.00 sys=0.00, real=0.00 secs] 
2021-01-21T22:11:55.213+0800: 19.525: [GC (CMS Final Remark) [YG occupancy: 56433 K (157248 K)]2021-01-21T22:11:55.213+0800: 19.525: [Rescan (parallel) , 0.0007311 secs]2021-01-21T22:11:55.214+0800: 19.526: [weak refs processing, 0.0003370 secs]2021-01-21T22:11:55.215+0800: 19.527: [class unloading, 0.0004563 secs]2021-01-21T22:11:55.215+0800: 19.527: [scrub symbol table, 0.0005315 secs]2021-01-21T22:11:55.216+0800: 19.528: [scrub string table, 0.0004141 secs][1 CMS-remark: 349446K(349568K)] 405879K(506816K), 0.0042844 secs] [Times: user=0.00 sys=0.00, real=0.00 secs] 
2021-01-21T22:11:55.218+0800: 19.530: [CMS-concurrent-sweep-start]
2021-01-21T22:11:55.218+0800: 19.530: [CMS-concurrent-sweep: 0.000/0.000 secs] [Times: user=0.00 sys=0.00, real=0.00 secs] 
2021-01-21T22:11:55.218+0800: 19.530: [CMS-concurrent-reset-start]
2021-01-21T22:11:55.218+0800: 19.530: [CMS-concurrent-reset: 0.000/0.000 secs] [Times: user=0.00 sys=0.00, real=0.00 secs] 
2021-01-21T22:11:55.233+0800: 19.545: [GC (Allocation Failure) 2021-01-21T22:11:55.234+0800: 19.546: [ParNew: 156937K->156937K(157248K), 0.0003427 secs]2021-01-21T22:11:55.234+0800: 19.546: [CMS: 349111K->349187K(349568K), 0.0502971 secs] 506048K->375756K(506816K), [Metaspace: 2816K->2816K(1056768K)], 0.0520970 secs] [Times: user=0.05 sys=0.00, real=0.05 secs] 
2021-01-21T22:11:55.286+0800: 19.598: [GC (CMS Initial Mark) [1 CMS-initial-mark: 349187K(349568K)] 378734K(506816K), 0.0013911 secs] [Times: user=0.00 sys=0.00, real=0.01 secs] 
2021-01-21T22:11:55.289+0800: 19.601: [CMS-concurrent-mark-start]
2021-01-21T22:11:55.290+0800: 19.602: [CMS-concurrent-mark: 0.001/0.001 secs] [Times: user=0.00 sys=0.00, real=0.00 secs] 
2021-01-21T22:11:55.290+0800: 19.602: [CMS-concurrent-preclean-start]
2021-01-21T22:11:55.291+0800: 19.603: [CMS-concurrent-preclean: 0.001/0.001 secs] [Times: user=0.01 sys=0.00, real=0.00 secs] 
2021-01-21T22:11:55.292+0800: 19.604: [CMS-concurrent-abortable-preclean-start]
2021-01-21T22:11:55.292+0800: 19.604: [CMS-concurrent-abortable-preclean: 0.000/0.000 secs] [Times: user=0.00 sys=0.00, real=0.00 secs] 
2021-01-21T22:11:55.292+0800: 19.604: [GC (CMS Final Remark) [YG occupancy: 48433 K (157248 K)]2021-01-21T22:11:55.293+0800: 19.605: [Rescan (parallel) , 0.0007477 secs]2021-01-21T22:11:55.294+0800: 19.606: [weak refs processing, 0.0003158 secs]2021-01-21T22:11:55.294+0800: 19.606: [class unloading, 0.0004744 secs]2021-01-21T22:11:55.295+0800: 19.607: [scrub symbol table, 0.0005602 secs]2021-01-21T22:11:55.296+0800: 19.608: [scrub string table, 0.0006186 secs][1 CMS-remark: 349187K(349568K)] 397620K(506816K), 0.0046644 secs] [Times: user=0.00 sys=0.00, real=0.00 secs] 
2021-01-21T22:11:55.298+0800: 19.610: [CMS-concurrent-sweep-start]
2021-01-21T22:11:55.298+0800: 19.610: [CMS-concurrent-sweep: 0.000/0.000 secs] [Times: user=0.00 sys=0.00, real=0.01 secs] 
2021-01-21T22:11:55.298+0800: 19.610: [CMS-concurrent-reset-start]
2021-01-21T22:11:55.299+0800: 19.611: [CMS-concurrent-reset: 0.000/0.000 secs] [Times: user=0.00 sys=0.00, real=0.00 secs] 
2021-01-21T22:11:55.310+0800: 19.622: [GC (Allocation Failure) 2021-01-21T22:11:55.310+0800: 19.622: [ParNew: 157214K->157214K(157248K), 0.0003462 secs]2021-01-21T22:11:55.311+0800: 19.623: [CMS: 348021K->349342K(349568K), 0.0480415 secs] 505236K->377020K(506816K), [Metaspace: 2816K->2816K(1056768K)], 0.0497961 secs] [Times: user=0.05 sys=0.00, real=0.05 secs] 
2021-01-21T22:11:55.360+0800: 19.673: [GC (CMS Initial Mark) [1 CMS-initial-mark: 349342K(349568K)] 379735K(506816K), 0.0015735 secs] [Times: user=0.01 sys=0.00, real=0.00 secs] 
2021-01-21T22:11:55.363+0800: 19.675: [CMS-concurrent-mark-start]
2021-01-21T22:11:55.365+0800: 19.677: [CMS-concurrent-mark: 0.002/0.002 secs] [Times: user=0.00 sys=0.00, real=0.00 secs] 
2021-01-21T22:11:55.366+0800: 19.678: [CMS-concurrent-preclean-start]
2021-01-21T22:11:55.367+0800: 19.679: [CMS-concurrent-preclean: 0.001/0.001 secs] [Times: user=0.00 sys=0.00, real=0.00 secs] 
2021-01-21T22:11:55.367+0800: 19.679: [CMS-concurrent-abortable-preclean-start]
2021-01-21T22:11:55.367+0800: 19.679: [CMS-concurrent-abortable-preclean: 0.000/0.000 secs] [Times: user=0.00 sys=0.00, real=0.00 secs] 
2021-01-21T22:11:55.368+0800: 19.680: [GC (CMS Final Remark) [YG occupancy: 57102 K (157248 K)]2021-01-21T22:11:55.368+0800: 19.680: [Rescan (parallel) , 0.0012006 secs]2021-01-21T22:11:55.370+0800: 19.682: [weak refs processing, 0.0003259 secs]2021-01-21T22:11:55.371+0800: 19.683: [class unloading, 0.0005575 secs]2021-01-21T22:11:55.372+0800: 19.684: [scrub symbol table, 0.0005574 secs]2021-01-21T22:11:55.372+0800: 19.684: [scrub string table, 0.0004401 secs][1 CMS-remark: 349342K(349568K)] 406444K(506816K), 0.0052002 secs] [Times: user=0.00 sys=0.00, real=0.01 secs] 
2021-01-21T22:11:55.374+0800: 19.686: [CMS-concurrent-sweep-start]
2021-01-21T22:11:55.374+0800: 19.687: [CMS-concurrent-sweep: 0.000/0.000 secs] [Times: user=0.00 sys=0.00, real=0.00 secs] 
2021-01-21T22:11:55.375+0800: 19.687: [CMS-concurrent-reset-start]
2021-01-21T22:11:55.375+0800: 19.687: [CMS-concurrent-reset: 0.000/0.000 secs] [Times: user=0.00 sys=0.00, real=0.00 secs] 
2021-01-21T22:11:55.387+0800: 19.699: [GC (Allocation Failure) 2021-01-21T22:11:55.387+0800: 19.699: [ParNew: 157246K->157246K(157248K), 0.0003423 secs]2021-01-21T22:11:55.388+0800: 19.700: [CMS: 348842K->349466K(349568K), 0.0515703 secs] 506088K->377127K(506816K), [Metaspace: 2816K->2816K(1056768K)], 0.0531244 secs] [Times: user=0.05 sys=0.00, real=0.06 secs] 
2021-01-21T22:11:55.441+0800: 19.753: [GC (CMS Initial Mark) [1 CMS-initial-mark: 349466K(349568K)] 379730K(506816K), 0.0012373 secs] [Times: user=0.00 sys=0.00, real=0.00 secs] 
2021-01-21T22:11:55.443+0800: 19.755: [CMS-concurrent-mark-start]
2021-01-21T22:11:55.445+0800: 19.757: [CMS-concurrent-mark: 0.002/0.002 secs] [Times: user=0.00 sys=0.00, real=0.00 secs] 
2021-01-21T22:11:55.445+0800: 19.757: [CMS-concurrent-preclean-start]
2021-01-21T22:11:55.447+0800: 19.759: [CMS-concurrent-preclean: 0.001/0.001 secs] [Times: user=0.01 sys=0.00, real=0.00 secs] 
2021-01-21T22:11:55.447+0800: 19.759: [CMS-concurrent-abortable-preclean-start]
2021-01-21T22:11:55.447+0800: 19.759: [CMS-concurrent-abortable-preclean: 0.000/0.000 secs] [Times: user=0.00 sys=0.00, real=0.00 secs] 
2021-01-21T22:11:55.448+0800: 19.760: [GC (CMS Final Remark) [YG occupancy: 57422 K (157248 K)]2021-01-21T22:11:55.448+0800: 19.760: [Rescan (parallel) , 0.0011882 secs]2021-01-21T22:11:55.449+0800: 19.761: [weak refs processing, 0.0003022 secs]2021-01-21T22:11:55.450+0800: 19.762: [class unloading, 0.0004521 secs]2021-01-21T22:11:55.451+0800: 19.763: [scrub symbol table, 0.0005691 secs]2021-01-21T22:11:55.451+0800: 19.763: [scrub string table, 0.0003564 secs][1 CMS-remark: 349466K(349568K)] 406888K(506816K), 0.0043235 secs] [Times: user=0.00 sys=0.00, real=0.01 secs] 
2021-01-21T22:11:55.452+0800: 19.765: [CMS-concurrent-sweep-start]
2021-01-21T22:11:55.453+0800: 19.765: [CMS-concurrent-sweep: 0.000/0.000 secs] [Times: user=0.00 sys=0.00, real=0.00 secs] 
2021-01-21T22:11:55.453+0800: 19.765: [CMS-concurrent-reset-start]
2021-01-21T22:11:55.453+0800: 19.765: [CMS-concurrent-reset: 0.000/0.000 secs] [Times: user=0.00 sys=0.00, real=0.00 secs] 
2021-01-21T22:11:55.465+0800: 19.777: [GC (Allocation Failure) 2021-01-21T22:11:55.466+0800: 19.778: [ParNew: 156936K->156936K(157248K), 0.0002905 secs]2021-01-21T22:11:55.466+0800: 19.778: [CMS: 349381K->349308K(349568K), 0.0507281 secs] 506317K->378099K(506816K), [Metaspace: 2816K->2816K(1056768K)], 0.0521502 secs] [Times: user=0.05 sys=0.00, real=0.05 secs] 
2021-01-21T22:11:55.519+0800: 19.831: [GC (CMS Initial Mark) [1 CMS-initial-mark: 349308K(349568K)] 381665K(506816K), 0.0014494 secs] [Times: user=0.00 sys=0.00, real=0.00 secs] 
2021-01-21T22:11:55.521+0800: 19.833: [CMS-concurrent-mark-start]
2021-01-21T22:11:55.522+0800: 19.834: [CMS-concurrent-mark: 0.001/0.001 secs] [Times: user=0.00 sys=0.00, real=0.00 secs] 
2021-01-21T22:11:55.523+0800: 19.835: [CMS-concurrent-preclean-start]
2021-01-21T22:11:55.524+0800: 19.836: [CMS-concurrent-preclean: 0.001/0.001 secs] [Times: user=0.00 sys=0.00, real=0.00 secs] 
2021-01-21T22:11:55.524+0800: 19.836: [CMS-concurrent-abortable-preclean-start]
2021-01-21T22:11:55.524+0800: 19.836: [CMS-concurrent-abortable-preclean: 0.000/0.000 secs] [Times: user=0.00 sys=0.00, real=0.00 secs] 
2021-01-21T22:11:55.525+0800: 19.837: [GC (CMS Final Remark) [YG occupancy: 65366 K (157248 K)]2021-01-21T22:11:55.525+0800: 19.837: [Rescan (parallel) , 0.0013898 secs]2021-01-21T22:11:55.527+0800: 19.839: [weak refs processing, 0.0003512 secs]2021-01-21T22:11:55.527+0800: 19.839: [class unloading, 0.0004687 secs]2021-01-21T22:11:55.528+0800: 19.840: [scrub symbol table, 0.0007044 secs]2021-01-21T22:11:55.529+0800: 19.841: [scrub string table, 0.0006595 secs][1 CMS-remark: 349308K(349568K)] 414675K(506816K), 0.0054685 secs] [Times: user=0.00 sys=0.00, real=0.01 secs] 
2021-01-21T22:11:55.531+0800: 19.843: [CMS-concurrent-sweep-start]
2021-01-21T22:11:55.531+0800: 19.843: [CMS-concurrent-sweep: 0.000/0.000 secs] [Times: user=0.00 sys=0.00, real=0.00 secs] 
2021-01-21T22:11:55.531+0800: 19.843: [CMS-concurrent-reset-start]
2021-01-21T22:11:55.532+0800: 19.844: [CMS-concurrent-reset: 0.000/0.000 secs] [Times: user=0.00 sys=0.00, real=0.00 secs] 
2021-01-21T22:11:55.543+0800: 19.855: [GC (Allocation Failure) 2021-01-21T22:11:55.543+0800: 19.855: [ParNew: 156993K->156993K(157248K), 0.0003580 secs]2021-01-21T22:11:55.544+0800: 19.856: [CMS: 347271K->349480K(349568K), 0.0514713 secs] 504264K->375851K(506816K), [Metaspace: 2816K->2816K(1056768K)], 0.0529749 secs] [Times: user=0.06 sys=0.00, real=0.05 secs] 
2021-01-21T22:11:55.597+0800: 19.909: [GC (CMS Initial Mark) [1 CMS-initial-mark: 349480K(349568K)] 379056K(506816K), 0.0010885 secs] [Times: user=0.00 sys=0.00, real=0.00 secs] 
2021-01-21T22:11:55.598+0800: 19.910: [CMS-concurrent-mark-start]
2021-01-21T22:11:55.600+0800: 19.912: [CMS-concurrent-mark: 0.001/0.001 secs] [Times: user=0.00 sys=0.00, real=0.00 secs] 
2021-01-21T22:11:55.600+0800: 19.912: [CMS-concurrent-preclean-start]
2021-01-21T22:11:55.601+0800: 19.913: [CMS-concurrent-preclean: 0.001/0.001 secs] [Times: user=0.00 sys=0.00, real=0.00 secs] 
2021-01-21T22:11:55.602+0800: 19.914: [CMS-concurrent-abortable-preclean-start]
2021-01-21T22:11:55.602+0800: 19.914: [CMS-concurrent-abortable-preclean: 0.000/0.000 secs] [Times: user=0.00 sys=0.00, real=0.00 secs] 
2021-01-21T22:11:55.602+0800: 19.914: [GC (CMS Final Remark) [YG occupancy: 57220 K (157248 K)]2021-01-21T22:11:55.602+0800: 19.914: [Rescan (parallel) , 0.0008625 secs]2021-01-21T22:11:55.604+0800: 19.916: [weak refs processing, 0.0003234 secs]2021-01-21T22:11:55.604+0800: 19.916: [class unloading, 0.0004832 secs]2021-01-21T22:11:55.605+0800: 19.917: [scrub symbol table, 0.0005203 secs]2021-01-21T22:11:55.606+0800: 19.918: [scrub string table, 0.0005026 secs][1 CMS-remark: 349480K(349568K)] 406701K(506816K), 0.0045322 secs] [Times: user=0.00 sys=0.00, real=0.00 secs] 
2021-01-21T22:11:55.607+0800: 19.919: [CMS-concurrent-sweep-start]
2021-01-21T22:11:55.608+0800: 19.920: [CMS-concurrent-sweep: 0.000/0.000 secs] [Times: user=0.00 sys=0.00, real=0.00 secs] 
2021-01-21T22:11:55.608+0800: 19.920: [CMS-concurrent-reset-start]
2021-01-21T22:11:55.608+0800: 19.920: [CMS-concurrent-reset: 0.000/0.000 secs] [Times: user=0.00 sys=0.00, real=0.00 secs] 
2021-01-21T22:11:55.621+0800: 19.933: [GC (Allocation Failure) 2021-01-21T22:11:55.621+0800: 19.933: [ParNew: 157209K->157209K(157248K), 0.0002166 secs]2021-01-21T22:11:55.621+0800: 19.933: [CMS: 348758K->349251K(349568K), 0.0492857 secs] 505967K->382656K(506816K), [Metaspace: 2816K->2816K(1056768K)], 0.0505087 secs] [Times: user=0.05 sys=0.00, real=0.05 secs] 
2021-01-21T22:11:55.672+0800: 19.984: [GC (CMS Initial Mark) [1 CMS-initial-mark: 349251K(349568K)] 385466K(506816K), 0.0013693 secs] [Times: user=0.01 sys=0.00, real=0.00 secs] 
2021-01-21T22:11:55.674+0800: 19.986: [CMS-concurrent-mark-start]
2021-01-21T22:11:55.676+0800: 19.988: [CMS-concurrent-mark: 0.001/0.001 secs] [Times: user=0.00 sys=0.00, real=0.00 secs] 
2021-01-21T22:11:55.676+0800: 19.988: [CMS-concurrent-preclean-start]
2021-01-21T22:11:55.677+0800: 19.989: [CMS-concurrent-preclean: 0.001/0.001 secs] [Times: user=0.00 sys=0.00, real=0.00 secs] 
2021-01-21T22:11:55.678+0800: 19.990: [CMS-concurrent-abortable-preclean-start]
2021-01-21T22:11:55.678+0800: 19.990: [CMS-concurrent-abortable-preclean: 0.000/0.000 secs] [Times: user=0.00 sys=0.00, real=0.00 secs] 
2021-01-21T22:11:55.679+0800: 19.991: [GC (CMS Final Remark) [YG occupancy: 61400 K (157248 K)]2021-01-21T22:11:55.679+0800: 19.991: [Rescan (parallel) , 0.0019234 secs]2021-01-21T22:11:55.681+0800: 19.993: [weak refs processing, 0.0004573 secs]2021-01-21T22:11:55.682+0800: 19.994: [class unloading, 0.0005809 secs]2021-01-21T22:11:55.683+0800: 19.995: [scrub symbol table, 0.0004984 secs]2021-01-21T22:11:55.684+0800: 19.996: [scrub string table, 0.0003896 secs][1 CMS-remark: 349251K(349568K)] 410651K(506816K), 0.0058800 secs] [Times: user=0.00 sys=0.01, real=0.00 secs] 
2021-01-21T22:11:55.685+0800: 19.997: [CMS-concurrent-sweep-start]
2021-01-21T22:11:55.685+0800: 19.997: [CMS-concurrent-sweep: 0.000/0.000 secs] [Times: user=0.00 sys=0.00, real=0.00 secs] 
2021-01-21T22:11:55.686+0800: 19.998: [CMS-concurrent-reset-start]
2021-01-21T22:11:55.686+0800: 19.998: [CMS-concurrent-reset: 0.000/0.000 secs] [Times: user=0.00 sys=0.00, real=0.00 secs] 
2021-01-21T22:11:55.698+0800: 20.010: [GC (Allocation Failure) 2021-01-21T22:11:55.698+0800: 20.010: [ParNew: 157240K->157240K(157248K), 0.0003843 secs]2021-01-21T22:11:55.699+0800: 20.011: [CMS: 347889K->349523K(349568K), 0.0522645 secs] 505130K->385975K(506816K), [Metaspace: 2816K->2816K(1056768K)], 0.0541876 secs] [Times: user=0.05 sys=0.00, real=0.06 secs] 
2021-01-21T22:11:55.753+0800: 20.065: [GC (CMS Initial Mark) [1 CMS-initial-mark: 349523K(349568K)] 388839K(506816K), 0.0011299 secs] [Times: user=0.00 sys=0.00, real=0.00 secs] 
2021-01-21T22:11:55.755+0800: 20.067: [CMS-concurrent-mark-start]
2021-01-21T22:11:55.756+0800: 20.068: [CMS-concurrent-mark: 0.001/0.001 secs] [Times: user=0.00 sys=0.00, real=0.00 secs] 
2021-01-21T22:11:55.756+0800: 20.068: [CMS-concurrent-preclean-start]
2021-01-21T22:11:55.757+0800: 20.069: [CMS-concurrent-preclean: 0.001/0.001 secs] [Times: user=0.01 sys=0.00, real=0.00 secs] 
2021-01-21T22:11:55.758+0800: 20.070: [CMS-concurrent-abortable-preclean-start]
2021-01-21T22:11:55.758+0800: 20.070: [CMS-concurrent-abortable-preclean: 0.000/0.000 secs] [Times: user=0.00 sys=0.00, real=0.00 secs] 
2021-01-21T22:11:55.758+0800: 20.070: [GC (CMS Final Remark) [YG occupancy: 65490 K (157248 K)]2021-01-21T22:11:55.759+0800: 20.071: [Rescan (parallel) , 0.0013898 secs]2021-01-21T22:11:55.761+0800: 20.073: [weak refs processing, 0.0003403 secs]2021-01-21T22:11:55.761+0800: 20.073: [class unloading, 0.0006642 secs]2021-01-21T22:11:55.762+0800: 20.074: [scrub symbol table, 0.0006474 secs]2021-01-21T22:11:55.763+0800: 20.075: [scrub string table, 0.0003965 secs][1 CMS-remark: 349523K(349568K)] 415013K(506816K), 0.0053319 secs] [Times: user=0.00 sys=0.01, real=0.00 secs] 
2021-01-21T22:11:55.764+0800: 20.076: [CMS-concurrent-sweep-start]
2021-01-21T22:11:55.765+0800: 20.077: [CMS-concurrent-sweep: 0.000/0.000 secs] [Times: user=0.00 sys=0.00, real=0.00 secs] 
2021-01-21T22:11:55.765+0800: 20.077: [CMS-concurrent-reset-start]
2021-01-21T22:11:55.765+0800: 20.077: [CMS-concurrent-reset: 0.000/0.000 secs] [Times: user=0.00 sys=0.00, real=0.00 secs] 
2021-01-21T22:11:55.774+0800: 20.086: [GC (Allocation Failure) 2021-01-21T22:11:55.775+0800: 20.087: [ParNew: 157052K->157052K(157248K), 0.0003641 secs]2021-01-21T22:11:55.775+0800: 20.087: [CMS: 349172K->349214K(349568K), 0.0528841 secs] 506225K->394044K(506816K), [Metaspace: 2816K->2816K(1056768K)], 0.0545515 secs] [Times: user=0.05 sys=0.00, real=0.06 secs] 
2021-01-21T22:11:55.830+0800: 20.142: [GC (CMS Initial Mark) [1 CMS-initial-mark: 349214K(349568K)] 396824K(506816K), 0.0013272 secs] [Times: user=0.00 sys=0.00, real=0.00 secs] 
2021-01-21T22:11:55.831+0800: 20.144: [CMS-concurrent-mark-start]
2021-01-21T22:11:55.833+0800: 20.145: [CMS-concurrent-mark: 0.001/0.001 secs] [Times: user=0.00 sys=0.00, real=0.00 secs] 
2021-01-21T22:11:55.833+0800: 20.145: [CMS-concurrent-preclean-start]
2021-01-21T22:11:55.834+0800: 20.146: [CMS-concurrent-preclean: 0.001/0.001 secs] [Times: user=0.00 sys=0.00, real=0.00 secs] 
2021-01-21T22:11:55.834+0800: 20.146: [CMS-concurrent-abortable-preclean-start]
2021-01-21T22:11:55.834+0800: 20.146: [CMS-concurrent-abortable-preclean: 0.000/0.000 secs] [Times: user=0.00 sys=0.00, real=0.00 secs] 
2021-01-21T22:11:55.835+0800: 20.147: [GC (CMS Final Remark) [YG occupancy: 72505 K (157248 K)]2021-01-21T22:11:55.835+0800: 20.147: [Rescan (parallel) , 0.0011345 secs]2021-01-21T22:11:55.836+0800: 20.149: [weak refs processing, 0.0002724 secs]2021-01-21T22:11:55.837+0800: 20.149: [class unloading, 0.0004262 secs]2021-01-21T22:11:55.838+0800: 20.150: [scrub symbol table, 0.0005531 secs]2021-01-21T22:11:55.838+0800: 20.150: [scrub string table, 0.0003160 secs][1 CMS-remark: 349214K(349568K)] 421720K(506816K), 0.0041189 secs] [Times: user=0.00 sys=0.00, real=0.01 secs] 
2021-01-21T22:11:55.839+0800: 20.151: [CMS-concurrent-sweep-start]
2021-01-21T22:11:55.840+0800: 20.152: [CMS-concurrent-sweep: 0.000/0.000 secs] [Times: user=0.00 sys=0.00, real=0.00 secs] 
2021-01-21T22:11:55.840+0800: 20.152: [CMS-concurrent-reset-start]
2021-01-21T22:11:55.840+0800: 20.152: [CMS-concurrent-reset: 0.000/0.000 secs] [Times: user=0.00 sys=0.00, real=0.00 secs] 
2021-01-21T22:11:55.850+0800: 20.162: [GC (Allocation Failure) 2021-01-21T22:11:55.850+0800: 20.162: [ParNew: 157093K->157093K(157248K), 0.0003128 secs]2021-01-21T22:11:55.851+0800: 20.163: [CMS: 349048K->349512K(349568K), 0.0518375 secs] 506141K->390127K(506816K), [Metaspace: 2816K->2816K(1056768K)], 0.0534194 secs] [Times: user=0.06 sys=0.00, real=0.05 secs] 
2021-01-21T22:11:55.904+0800: 20.216: [GC (CMS Initial Mark) [1 CMS-initial-mark: 349512K(349568K)] 393427K(506816K), 0.0013385 secs] [Times: user=0.00 sys=0.00, real=0.00 secs] 
2021-01-21T22:11:55.907+0800: 20.219: [CMS-concurrent-mark-start]
2021-01-21T22:11:55.908+0800: 20.220: [CMS-concurrent-mark: 0.001/0.001 secs] [Times: user=0.00 sys=0.00, real=0.00 secs] 
2021-01-21T22:11:55.908+0800: 20.220: [CMS-concurrent-preclean-start]
2021-01-21T22:11:55.909+0800: 20.221: [CMS-concurrent-preclean: 0.001/0.001 secs] [Times: user=0.00 sys=0.00, real=0.01 secs] 
2021-01-21T22:11:55.910+0800: 20.222: [CMS-concurrent-abortable-preclean-start]
2021-01-21T22:11:55.910+0800: 20.222: [CMS-concurrent-abortable-preclean: 0.000/0.000 secs] [Times: user=0.00 sys=0.00, real=0.00 secs] 
2021-01-21T22:11:55.911+0800: 20.223: [GC (CMS Final Remark) [YG occupancy: 74608 K (157248 K)]2021-01-21T22:11:55.911+0800: 20.223: [Rescan (parallel) , 0.0014833 secs]2021-01-21T22:11:55.913+0800: 20.225: [weak refs processing, 0.0003134 secs]2021-01-21T22:11:55.913+0800: 20.225: [class unloading, 0.0005911 secs]2021-01-21T22:11:55.914+0800: 20.226: [scrub symbol table, 0.0005738 secs]2021-01-21T22:11:55.915+0800: 20.227: [scrub string table, 0.0004292 secs][1 CMS-remark: 349512K(349568K)] 424120K(506816K), 0.0053014 secs] [Times: user=0.00 sys=0.00, real=0.00 secs] 
2021-01-21T22:11:55.917+0800: 20.229: [CMS-concurrent-sweep-start]
2021-01-21T22:11:55.917+0800: 20.229: [CMS-concurrent-sweep: 0.000/0.000 secs] [Times: user=0.00 sys=0.00, real=0.00 secs] 
2021-01-21T22:11:55.917+0800: 20.229: [CMS-concurrent-reset-start]
2021-01-21T22:11:55.917+0800: 20.229: [CMS-concurrent-reset: 0.000/0.000 secs] [Times: user=0.00 sys=0.00, real=0.00 secs] 
2021-01-21T22:11:55.927+0800: 20.239: [GC (Allocation Failure) 2021-01-21T22:11:55.927+0800: 20.239: [ParNew: 156752K->156752K(157248K), 0.0003772 secs]2021-01-21T22:11:55.928+0800: 20.240: [CMS: 347902K->349549K(349568K), 0.0567200 secs] 504655K->388870K(506816K), [Metaspace: 2816K->2816K(1056768K)], 0.0584014 secs] [Times: user=0.06 sys=0.00, real=0.06 secs] 
2021-01-21T22:11:55.986+0800: 20.298: [GC (CMS Initial Mark) [1 CMS-initial-mark: 349549K(349568K)] 391817K(506816K), 0.0011558 secs] [Times: user=0.00 sys=0.00, real=0.00 secs] 
2021-01-21T22:11:55.988+0800: 20.300: [CMS-concurrent-mark-start]
2021-01-21T22:11:55.990+0800: 20.302: [CMS-concurrent-mark: 0.002/0.002 secs] [Times: user=0.01 sys=0.00, real=0.01 secs] 
2021-01-21T22:11:55.990+0800: 20.302: [CMS-concurrent-preclean-start]
2021-01-21T22:11:55.991+0800: 20.303: [CMS-concurrent-preclean: 0.001/0.001 secs] [Times: user=0.00 sys=0.00, real=0.00 secs] 
2021-01-21T22:11:55.991+0800: 20.304: [CMS-concurrent-abortable-preclean-start]
2021-01-21T22:11:55.991+0800: 20.304: [CMS-concurrent-abortable-preclean: 0.000/0.000 secs] [Times: user=0.00 sys=0.00, real=0.00 secs] 
2021-01-21T22:11:55.992+0800: 20.304: [GC (CMS Final Remark) [YG occupancy: 67581 K (157248 K)]2021-01-21T22:11:55.993+0800: 20.305: [Rescan (parallel) , 0.0011865 secs]2021-01-21T22:11:55.994+0800: 20.306: [weak refs processing, 0.0003596 secs]2021-01-21T22:11:55.995+0800: 20.307: [class unloading, 0.0004915 secs]2021-01-21T22:11:55.996+0800: 20.308: [scrub symbol table, 0.0005767 secs]2021-01-21T22:11:55.996+0800: 20.308: [scrub string table, 0.0005234 secs][1 CMS-remark: 349549K(349568K)] 417130K(506816K), 0.0051118 secs] [Times: user=0.01 sys=0.00, real=0.00 secs] 
2021-01-21T22:11:55.998+0800: 20.310: [CMS-concurrent-sweep-start]
2021-01-21T22:11:55.999+0800: 20.311: [CMS-concurrent-sweep: 0.000/0.000 secs] [Times: user=0.00 sys=0.00, real=0.00 secs] 
2021-01-21T22:11:55.999+0800: 20.311: [CMS-concurrent-reset-start]
2021-01-21T22:11:55.999+0800: 20.311: [CMS-concurrent-reset: 0.000/0.000 secs] [Times: user=0.00 sys=0.00, real=0.00 secs] 
2021-01-21T22:11:56.012+0800: 20.324: [GC (Allocation Failure) 2021-01-21T22:11:56.012+0800: 20.324: [ParNew: 157025K->157025K(157248K), 0.0002351 secs]2021-01-21T22:11:56.013+0800: 20.325: [CMS: 349251K->349543K(349568K), 0.0523438 secs] 506277K->378317K(506816K), [Metaspace: 2816K->2816K(1056768K)], 0.0538112 secs] [Times: user=0.06 sys=0.00, real=0.05 secs] 
2021-01-21T22:11:56.067+0800: 20.379: [GC (CMS Initial Mark) [1 CMS-initial-mark: 349543K(349568K)] 380967K(506816K), 0.0012295 secs] [Times: user=0.00 sys=0.00, real=0.01 secs] 
2021-01-21T22:11:56.069+0800: 20.381: [CMS-concurrent-mark-start]
2021-01-21T22:11:56.070+0800: 20.382: [CMS-concurrent-mark: 0.001/0.001 secs] [Times: user=0.00 sys=0.00, real=0.00 secs] 
2021-01-21T22:11:56.070+0800: 20.383: [CMS-concurrent-preclean-start]
2021-01-21T22:11:56.072+0800: 20.384: [CMS-concurrent-preclean: 0.001/0.001 secs] [Times: user=0.01 sys=0.00, real=0.00 secs] 
2021-01-21T22:11:56.072+0800: 20.384: [CMS-concurrent-abortable-preclean-start]
2021-01-21T22:11:56.072+0800: 20.384: [CMS-concurrent-abortable-preclean: 0.000/0.000 secs] [Times: user=0.00 sys=0.00, real=0.00 secs] 
2021-01-21T22:11:56.073+0800: 20.385: [GC (CMS Final Remark) [YG occupancy: 58605 K (157248 K)]2021-01-21T22:11:56.073+0800: 20.385: [Rescan (parallel) , 0.0008519 secs]2021-01-21T22:11:56.074+0800: 20.386: [weak refs processing, 0.0003032 secs]2021-01-21T22:11:56.075+0800: 20.387: [class unloading, 0.0004088 secs]2021-01-21T22:11:56.075+0800: 20.387: [scrub symbol table, 0.0004767 secs]2021-01-21T22:11:56.076+0800: 20.388: [scrub string table, 0.0004512 secs][1 CMS-remark: 349543K(349568K)] 408149K(506816K), 0.0040269 secs] [Times: user=0.00 sys=0.00, real=0.00 secs] 
2021-01-21T22:11:56.077+0800: 20.389: [CMS-concurrent-sweep-start]
2021-01-21T22:11:56.078+0800: 20.390: [CMS-concurrent-sweep: 0.000/0.000 secs] [Times: user=0.00 sys=0.00, real=0.00 secs] 
2021-01-21T22:11:56.078+0800: 20.390: [CMS-concurrent-reset-start]
2021-01-21T22:11:56.078+0800: 20.390: [CMS-concurrent-reset: 0.000/0.000 secs] [Times: user=0.00 sys=0.00, real=0.00 secs] 
2021-01-21T22:11:56.090+0800: 20.402: [GC (Allocation Failure) 2021-01-21T22:11:56.090+0800: 20.402: [ParNew: 157045K->157045K(157248K), 0.0003706 secs]2021-01-21T22:11:56.091+0800: 20.403: [CMS: 348530K->349468K(349568K), 0.0485561 secs] 505575K->373949K(506816K), [Metaspace: 2816K->2816K(1056768K)], 0.0502501 secs] [Times: user=0.05 sys=0.00, real=0.05 secs] 
2021-01-21T22:11:56.141+0800: 20.453: [GC (CMS Initial Mark) [1 CMS-initial-mark: 349468K(349568K)] 376947K(506816K), 0.0015475 secs] [Times: user=0.01 sys=0.00, real=0.00 secs] 
2021-01-21T22:11:56.143+0800: 20.455: [CMS-concurrent-mark-start]
2021-01-21T22:11:56.145+0800: 20.457: [CMS-concurrent-mark: 0.002/0.002 secs] [Times: user=0.00 sys=0.00, real=0.00 secs] 
2021-01-21T22:11:56.146+0800: 20.458: [CMS-concurrent-preclean-start]
2021-01-21T22:11:56.147+0800: 20.459: [CMS-concurrent-preclean: 0.001/0.001 secs] [Times: user=0.00 sys=0.00, real=0.00 secs] 
2021-01-21T22:11:56.147+0800: 20.459: [CMS-concurrent-abortable-preclean-start]
2021-01-21T22:11:56.147+0800: 20.459: [CMS-concurrent-abortable-preclean: 0.000/0.000 secs] [Times: user=0.00 sys=0.00, real=0.00 secs] 
2021-01-21T22:11:56.148+0800: 20.460: [GC (CMS Final Remark) [YG occupancy: 62810 K (157248 K)]2021-01-21T22:11:56.149+0800: 20.461: [Rescan (parallel) , 0.0014133 secs]2021-01-21T22:11:56.150+0800: 20.462: [weak refs processing, 0.0003644 secs]2021-01-21T22:11:56.151+0800: 20.463: [class unloading, 0.0004999 secs]2021-01-21T22:11:56.152+0800: 20.464: [scrub symbol table, 0.0005964 secs]2021-01-21T22:11:56.153+0800: 20.465: [scrub string table, 0.0004534 secs][1 CMS-remark: 349468K(349568K)] 412278K(506816K), 0.0055634 secs] [Times: user=0.00 sys=0.00, real=0.01 secs] 
2021-01-21T22:11:56.154+0800: 20.466: [CMS-concurrent-sweep-start]
2021-01-21T22:11:56.155+0800: 20.467: [CMS-concurrent-sweep: 0.000/0.000 secs] [Times: user=0.00 sys=0.00, real=0.00 secs] 
2021-01-21T22:11:56.155+0800: 20.467: [CMS-concurrent-reset-start]
2021-01-21T22:11:56.155+0800: 20.467: [CMS-concurrent-reset: 0.000/0.000 secs] [Times: user=0.00 sys=0.00, real=0.00 secs] 
2021-01-21T22:11:56.166+0800: 20.478: [GC (Allocation Failure) 2021-01-21T22:11:56.166+0800: 20.478: [ParNew: 156877K->156877K(157248K), 0.0003791 secs]2021-01-21T22:11:56.167+0800: 20.479: [CMS: 348875K->349532K(349568K), 0.0526059 secs] 505753K->374335K(506816K), [Metaspace: 2816K->2816K(1056768K)], 0.0542304 secs] [Times: user=0.06 sys=0.00, real=0.06 secs] 
2021-01-21T22:11:56.221+0800: 20.533: [GC (CMS Initial Mark) [1 CMS-initial-mark: 349532K(349568K)] 377264K(506816K), 0.0008672 secs] [Times: user=0.00 sys=0.00, real=0.00 secs] 
2021-01-21T22:11:56.222+0800: 20.535: [CMS-concurrent-mark-start]
2021-01-21T22:11:56.225+0800: 20.537: [CMS-concurrent-mark: 0.002/0.002 secs] [Times: user=0.00 sys=0.00, real=0.00 secs] 
2021-01-21T22:11:56.225+0800: 20.537: [CMS-concurrent-preclean-start]
2021-01-21T22:11:56.227+0800: 20.539: [CMS-concurrent-preclean: 0.002/0.002 secs] [Times: user=0.00 sys=0.00, real=0.00 secs] 
2021-01-21T22:11:56.227+0800: 20.539: [CMS-concurrent-abortable-preclean-start]
2021-01-21T22:11:56.227+0800: 20.539: [CMS-concurrent-abortable-preclean: 0.000/0.000 secs] [Times: user=0.00 sys=0.00, real=0.00 secs] 
2021-01-21T22:11:56.228+0800: 20.540: [GC (CMS Final Remark) [YG occupancy: 51278 K (157248 K)]2021-01-21T22:11:56.228+0800: 20.540: [Rescan (parallel) , 0.0055940 secs]2021-01-21T22:11:56.234+0800: 20.546: [weak refs processing, 0.0004094 secs]2021-01-21T22:11:56.235+0800: 20.547: [class unloading, 0.0006534 secs]2021-01-21T22:11:56.236+0800: 20.548: [scrub symbol table, 0.0008063 secs]2021-01-21T22:11:56.237+0800: 20.549: [scrub string table, 0.0004609 secs][1 CMS-remark: 349532K(349568K)] 400811K(506816K), 0.0098868 secs] [Times: user=0.04 sys=0.00, real=0.01 secs] 
2021-01-21T22:11:56.239+0800: 20.551: [CMS-concurrent-sweep-start]
2021-01-21T22:11:56.239+0800: 20.551: [CMS-concurrent-sweep: 0.000/0.000 secs] [Times: user=0.00 sys=0.00, real=0.00 secs] 
2021-01-21T22:11:56.239+0800: 20.551: [CMS-concurrent-reset-start]
2021-01-21T22:11:56.240+0800: 20.552: [CMS-concurrent-reset: 0.000/0.000 secs] [Times: user=0.00 sys=0.00, real=0.00 secs] 
2021-01-21T22:11:56.260+0800: 20.573: [GC (Allocation Failure) 2021-01-21T22:11:56.261+0800: 20.573: [ParNew: 157084K->157084K(157248K), 0.0004429 secs]2021-01-21T22:11:56.262+0800: 20.574: [CMS: 348684K->349520K(349568K), 0.0573322 secs] 505768K->369561K(506816K), [Metaspace: 2816K->2816K(1056768K)], 0.0593084 secs] [Times: user=0.06 sys=0.00, real=0.06 secs] 
2021-01-21T22:11:56.321+0800: 20.633: [GC (CMS Initial Mark) [1 CMS-initial-mark: 349520K(349568K)] 372862K(506816K), 0.0011244 secs] [Times: user=0.00 sys=0.00, real=0.00 secs] 
2021-01-21T22:11:56.322+0800: 20.634: [CMS-concurrent-mark-start]
2021-01-21T22:11:56.324+0800: 20.636: [CMS-concurrent-mark: 0.001/0.001 secs] [Times: user=0.01 sys=0.00, real=0.00 secs] 
2021-01-21T22:11:56.324+0800: 20.636: [CMS-concurrent-preclean-start]
2021-01-21T22:11:56.325+0800: 20.637: [CMS-concurrent-preclean: 0.001/0.001 secs] [Times: user=0.00 sys=0.00, real=0.00 secs] 
2021-01-21T22:11:56.325+0800: 20.638: [CMS-concurrent-abortable-preclean-start]
2021-01-21T22:11:56.325+0800: 20.638: [CMS-concurrent-abortable-preclean: 0.000/0.000 secs] [Times: user=0.00 sys=0.00, real=0.00 secs] 
2021-01-21T22:11:56.326+0800: 20.638: [GC (CMS Final Remark) [YG occupancy: 51897 K (157248 K)]2021-01-21T22:11:56.327+0800: 20.639: [Rescan (parallel) , 0.0009296 secs]2021-01-21T22:11:56.328+0800: 20.640: [weak refs processing, 0.0003752 secs]2021-01-21T22:11:56.329+0800: 20.641: [class unloading, 0.0005786 secs]2021-01-21T22:11:56.329+0800: 20.642: [scrub symbol table, 0.0007092 secs]2021-01-21T22:11:56.331+0800: 20.643: [scrub string table, 0.0005419 secs][1 CMS-remark: 349520K(349568K)] 401418K(506816K), 0.0051547 secs] [Times: user=0.01 sys=0.00, real=0.01 secs] 
2021-01-21T22:11:56.332+0800: 20.644: [CMS-concurrent-sweep-start]
2021-01-21T22:11:56.332+0800: 20.644: [CMS-concurrent-sweep: 0.000/0.000 secs] [Times: user=0.00 sys=0.00, real=0.00 secs] 
2021-01-21T22:11:56.332+0800: 20.644: [CMS-concurrent-reset-start]
2021-01-21T22:11:56.333+0800: 20.645: [CMS-concurrent-reset: 0.000/0.000 secs] [Times: user=0.00 sys=0.00, real=0.00 secs] 
2021-01-21T22:11:56.345+0800: 20.657: [GC (Allocation Failure) 2021-01-21T22:11:56.345+0800: 20.657: [ParNew: 157216K->157216K(157248K), 0.0003918 secs]2021-01-21T22:11:56.346+0800: 20.658: [CMS: 348427K->349472K(349568K), 0.0471923 secs] 505643K->365263K(506816K), [Metaspace: 2816K->2816K(1056768K)], 0.0488933 secs] [Times: user=0.05 sys=0.00, real=0.05 secs] 
2021-01-21T22:11:56.395+0800: 20.707: [GC (CMS Initial Mark) [1 CMS-initial-mark: 349472K(349568K)] 367928K(506816K), 0.0014095 secs] [Times: user=0.00 sys=0.00, real=0.00 secs] 
2021-01-21T22:11:56.397+0800: 20.709: [CMS-concurrent-mark-start]
2021-01-21T22:11:56.398+0800: 20.710: [CMS-concurrent-mark: 0.001/0.001 secs] [Times: user=0.00 sys=0.00, real=0.01 secs] 
2021-01-21T22:11:56.399+0800: 20.711: [CMS-concurrent-preclean-start]
2021-01-21T22:11:56.400+0800: 20.712: [CMS-concurrent-preclean: 0.001/0.001 secs] [Times: user=0.01 sys=0.00, real=0.00 secs] 
2021-01-21T22:11:56.400+0800: 20.712: [CMS-concurrent-abortable-preclean-start]
2021-01-21T22:11:56.400+0800: 20.712: [CMS-concurrent-abortable-preclean: 0.000/0.000 secs] [Times: user=0.00 sys=0.00, real=0.00 secs] 
2021-01-21T22:11:56.400+0800: 20.712: [GC (CMS Final Remark) [YG occupancy: 41190 K (157248 K)]2021-01-21T22:11:56.401+0800: 20.713: [Rescan (parallel) , 0.0007937 secs]2021-01-21T22:11:56.402+0800: 20.714: [weak refs processing, 0.0003490 secs]2021-01-21T22:11:56.402+0800: 20.714: [class unloading, 0.0004716 secs]2021-01-21T22:11:56.403+0800: 20.715: [scrub symbol table, 0.0005602 secs]2021-01-21T22:11:56.404+0800: 20.716: [scrub string table, 0.0004249 secs][1 CMS-remark: 349472K(349568K)] 390662K(506816K), 0.0042661 secs] [Times: user=0.00 sys=0.00, real=0.00 secs] 
2021-01-21T22:11:56.405+0800: 20.717: [CMS-concurrent-sweep-start]
2021-01-21T22:11:56.406+0800: 20.718: [CMS-concurrent-sweep: 0.000/0.000 secs] [Times: user=0.00 sys=0.00, real=0.00 secs] 
2021-01-21T22:11:56.406+0800: 20.718: [CMS-concurrent-reset-start]
2021-01-21T22:11:56.406+0800: 20.718: [CMS-concurrent-reset: 0.000/0.000 secs] [Times: user=0.00 sys=0.00, real=0.00 secs] 
2021-01-21T22:11:56.420+0800: 20.732: [GC (Allocation Failure) 2021-01-21T22:11:56.420+0800: 20.732: [ParNew: 157115K->157115K(157248K), 0.0003198 secs]2021-01-21T22:11:56.421+0800: 20.733: [CMS: 348251K->349478K(349568K), 0.0492266 secs] 505367K->366533K(506816K), [Metaspace: 2816K->2816K(1056768K)], 0.0507316 secs] [Times: user=0.05 sys=0.00, real=0.05 secs] 
2021-01-21T22:11:56.471+0800: 20.784: [GC (CMS Initial Mark) [1 CMS-initial-mark: 349478K(349568K)] 369735K(506816K), 0.0014118 secs] [Times: user=0.00 sys=0.00, real=0.00 secs] 
2021-01-21T22:11:56.474+0800: 20.786: [CMS-concurrent-mark-start]
2021-01-21T22:11:56.475+0800: 20.787: [CMS-concurrent-mark: 0.001/0.001 secs] [Times: user=0.00 sys=0.00, real=0.00 secs] 
2021-01-21T22:11:56.476+0800: 20.788: [CMS-concurrent-preclean-start]
2021-01-21T22:11:56.477+0800: 20.789: [CMS-concurrent-preclean: 0.001/0.001 secs] [Times: user=0.00 sys=0.00, real=0.00 secs] 
2021-01-21T22:11:56.477+0800: 20.789: [CMS-concurrent-abortable-preclean-start]
2021-01-21T22:11:56.477+0800: 20.789: [CMS-concurrent-abortable-preclean: 0.000/0.000 secs] [Times: user=0.00 sys=0.00, real=0.00 secs] 
2021-01-21T22:11:56.478+0800: 20.790: [GC (CMS Final Remark) [YG occupancy: 47583 K (157248 K)]2021-01-21T22:11:56.478+0800: 20.790: [Rescan (parallel) , 0.0014962 secs]2021-01-21T22:11:56.480+0800: 20.792: [weak refs processing, 0.0003562 secs]2021-01-21T22:11:56.481+0800: 20.793: [class unloading, 0.0006441 secs]2021-01-21T22:11:56.482+0800: 20.794: [scrub symbol table, 0.0005423 secs]2021-01-21T22:11:56.483+0800: 20.795: [scrub string table, 0.0003638 secs][1 CMS-remark: 349478K(349568K)] 397062K(506816K), 0.0053537 secs] [Times: user=0.00 sys=0.00, real=0.01 secs] 
2021-01-21T22:11:56.484+0800: 20.796: [CMS-concurrent-sweep-start]
2021-01-21T22:11:56.484+0800: 20.796: [CMS-concurrent-sweep: 0.000/0.000 secs] [Times: user=0.00 sys=0.00, real=0.00 secs] 
2021-01-21T22:11:56.484+0800: 20.796: [CMS-concurrent-reset-start]
2021-01-21T22:11:56.485+0800: 20.797: [CMS-concurrent-reset: 0.000/0.000 secs] [Times: user=0.00 sys=0.00, real=0.00 secs] 
2021-01-21T22:11:56.498+0800: 20.810: [GC (Allocation Failure) 2021-01-21T22:11:56.499+0800: 20.811: [ParNew: 157180K->157180K(157248K), 0.0003457 secs]2021-01-21T22:11:56.499+0800: 20.811: [CMS: 348420K->349528K(349568K), 0.0499123 secs] 505601K->363545K(506816K), [Metaspace: 2816K->2816K(1056768K)], 0.0514936 secs] [Times: user=0.05 sys=0.00, real=0.05 secs] 
2021-01-21T22:11:56.550+0800: 20.863: [GC (CMS Initial Mark) [1 CMS-initial-mark: 349528K(349568K)] 366423K(506816K), 0.0011229 secs] [Times: user=0.00 sys=0.00, real=0.00 secs] 
2021-01-21T22:11:56.552+0800: 20.864: [CMS-concurrent-mark-start]
2021-01-21T22:11:56.554+0800: 20.866: [CMS-concurrent-mark: 0.002/0.002 secs] [Times: user=0.00 sys=0.00, real=0.00 secs] 
2021-01-21T22:11:56.554+0800: 20.866: [CMS-concurrent-preclean-start]
2021-01-21T22:11:56.556+0800: 20.868: [CMS-concurrent-preclean: 0.001/0.001 secs] [Times: user=0.00 sys=0.00, real=0.00 secs] 
2021-01-21T22:11:56.556+0800: 20.868: [CMS-concurrent-abortable-preclean-start]
2021-01-21T22:11:56.556+0800: 20.868: [CMS-concurrent-abortable-preclean: 0.000/0.000 secs] [Times: user=0.00 sys=0.00, real=0.00 secs] 
2021-01-21T22:11:56.557+0800: 20.869: [GC (CMS Final Remark) [YG occupancy: 41608 K (157248 K)]2021-01-21T22:11:56.557+0800: 20.869: [Rescan (parallel) , 0.0010260 secs]2021-01-21T22:11:56.558+0800: 20.870: [weak refs processing, 0.0002648 secs]2021-01-21T22:11:56.559+0800: 20.871: [class unloading, 0.0005290 secs]2021-01-21T22:11:56.560+0800: 20.872: [scrub symbol table, 0.0007320 secs]2021-01-21T22:11:56.561+0800: 20.873: [scrub string table, 0.0004782 secs][1 CMS-remark: 349528K(349568K)] 391136K(506816K), 0.0049580 secs] [Times: user=0.01 sys=0.00, real=0.01 secs] 
2021-01-21T22:11:56.563+0800: 20.875: [CMS-concurrent-sweep-start]
2021-01-21T22:11:56.563+0800: 20.875: [CMS-concurrent-sweep: 0.000/0.000 secs] [Times: user=0.00 sys=0.00, real=0.00 secs] 
2021-01-21T22:11:56.563+0800: 20.875: [CMS-concurrent-reset-start]
2021-01-21T22:11:56.564+0800: 20.876: [CMS-concurrent-reset: 0.000/0.000 secs] [Times: user=0.00 sys=0.00, real=0.00 secs] 
2021-01-21T22:11:56.579+0800: 20.891: [GC (Allocation Failure) 2021-01-21T22:11:56.580+0800: 20.892: [ParNew: 157171K->157171K(157248K), 0.0003659 secs]2021-01-21T22:11:56.580+0800: 20.892: [CMS: 349014K->349490K(349568K), 0.0514473 secs] 506186K->362919K(506816K), [Metaspace: 2816K->2816K(1056768K)], 0.0531022 secs] [Times: user=0.05 sys=0.00, real=0.05 secs] 
2021-01-21T22:11:56.633+0800: 20.945: [GC (CMS Initial Mark) [1 CMS-initial-mark: 349490K(349568K)] 366543K(506816K), 0.0012887 secs] [Times: user=0.00 sys=0.00, real=0.00 secs] 
2021-01-21T22:11:56.636+0800: 20.948: [CMS-concurrent-mark-start]
2021-01-21T22:11:56.637+0800: 20.949: [CMS-concurrent-mark: 0.002/0.002 secs] [Times: user=0.00 sys=0.00, real=0.00 secs] 
2021-01-21T22:11:56.638+0800: 20.950: [CMS-concurrent-preclean-start]
2021-01-21T22:11:56.639+0800: 20.951: [CMS-concurrent-preclean: 0.001/0.001 secs] [Times: user=0.00 sys=0.00, real=0.01 secs] 
2021-01-21T22:11:56.639+0800: 20.951: [CMS-concurrent-abortable-preclean-start]
2021-01-21T22:11:56.639+0800: 20.951: [CMS-concurrent-abortable-preclean: 0.000/0.000 secs] [Times: user=0.00 sys=0.00, real=0.00 secs] 
2021-01-21T22:11:56.640+0800: 20.952: [GC (CMS Final Remark) [YG occupancy: 44812 K (157248 K)]2021-01-21T22:11:56.640+0800: 20.952: [Rescan (parallel) , 0.0013175 secs]2021-01-21T22:11:56.642+0800: 20.954: [weak refs processing, 0.0002998 secs]2021-01-21T22:11:56.643+0800: 20.955: [class unloading, 0.0005936 secs]2021-01-21T22:11:56.644+0800: 20.956: [scrub symbol table, 0.0006616 secs]2021-01-21T22:11:56.644+0800: 20.956: [scrub string table, 0.0003603 secs][1 CMS-remark: 349490K(349568K)] 394303K(506816K), 0.0050414 secs] [Times: user=0.00 sys=0.00, real=0.00 secs] 
2021-01-21T22:11:56.646+0800: 20.958: [CMS-concurrent-sweep-start]
2021-01-21T22:11:56.646+0800: 20.958: [CMS-concurrent-sweep: 0.000/0.000 secs] [Times: user=0.00 sys=0.00, real=0.00 secs] 
2021-01-21T22:11:56.647+0800: 20.959: [CMS-concurrent-reset-start]
2021-01-21T22:11:56.647+0800: 20.959: [CMS-concurrent-reset: 0.000/0.000 secs] [Times: user=0.00 sys=0.00, real=0.00 secs] 
2021-01-21T22:11:56.660+0800: 20.972: [GC (Allocation Failure) 2021-01-21T22:11:56.661+0800: 20.973: [ParNew: 156864K->156864K(157248K), 0.0003593 secs]2021-01-21T22:11:56.661+0800: 20.973: [CMS: 349273K->349013K(349568K), 0.0500329 secs] 506138K->364867K(506816K), [Metaspace: 2816K->2816K(1056768K)], 0.0515864 secs] [Times: user=0.05 sys=0.00, real=0.05 secs] 
2021-01-21T22:11:56.713+0800: 21.025: [GC (CMS Initial Mark) [1 CMS-initial-mark: 349013K(349568K)] 368718K(506816K), 0.0016377 secs] [Times: user=0.00 sys=0.00, real=0.00 secs] 
2021-01-21T22:11:56.715+0800: 21.027: [CMS-concurrent-mark-start]
2021-01-21T22:11:56.717+0800: 21.029: [CMS-concurrent-mark: 0.001/0.001 secs] [Times: user=0.00 sys=0.00, real=0.00 secs] 
2021-01-21T22:11:56.717+0800: 21.029: [CMS-concurrent-preclean-start]
2021-01-21T22:11:56.718+0800: 21.030: [CMS-concurrent-preclean: 0.001/0.001 secs] [Times: user=0.01 sys=0.00, real=0.00 secs] 
2021-01-21T22:11:56.718+0800: 21.030: [CMS-concurrent-abortable-preclean-start]
2021-01-21T22:11:56.718+0800: 21.030: [CMS-concurrent-abortable-preclean: 0.000/0.000 secs] [Times: user=0.00 sys=0.00, real=0.00 secs] 
2021-01-21T22:11:56.719+0800: 21.031: [GC (CMS Final Remark) [YG occupancy: 52527 K (157248 K)]2021-01-21T22:11:56.719+0800: 21.031: [Rescan (parallel) , 0.0008066 secs]2021-01-21T22:11:56.720+0800: 21.032: [weak refs processing, 0.0002875 secs]2021-01-21T22:11:56.721+0800: 21.033: [class unloading, 0.0004258 secs]2021-01-21T22:11:56.722+0800: 21.034: [scrub symbol table, 0.0005143 secs]2021-01-21T22:11:56.722+0800: 21.034: [scrub string table, 0.0003312 secs][1 CMS-remark: 349013K(349568K)] 401541K(506816K), 0.0040512 secs] [Times: user=0.00 sys=0.00, real=0.00 secs] 
2021-01-21T22:11:56.724+0800: 21.036: [CMS-concurrent-sweep-start]
2021-01-21T22:11:56.724+0800: 21.036: [CMS-concurrent-sweep: 0.000/0.000 secs] [Times: user=0.00 sys=0.00, real=0.00 secs] 
2021-01-21T22:11:56.724+0800: 21.036: [CMS-concurrent-reset-start]
2021-01-21T22:11:56.724+0800: 21.036: [CMS-concurrent-reset: 0.000/0.000 secs] [Times: user=0.00 sys=0.00, real=0.00 secs] 
2021-01-21T22:11:56.737+0800: 21.049: [GC (Allocation Failure) 2021-01-21T22:11:56.737+0800: 21.049: [ParNew: 157074K->157074K(157248K), 0.0004139 secs]2021-01-21T22:11:56.738+0800: 21.050: [CMS: 348011K->349478K(349568K), 0.0489579 secs] 505085K->371496K(506816K), [Metaspace: 2816K->2816K(1056768K)], 0.0507384 secs] [Times: user=0.04 sys=0.00, real=0.05 secs] 
2021-01-21T22:11:56.788+0800: 21.100: [GC (CMS Initial Mark) [1 CMS-initial-mark: 349478K(349568K)] 374465K(506816K), 0.0014622 secs] [Times: user=0.01 sys=0.00, real=0.00 secs] 
2021-01-21T22:11:56.791+0800: 21.103: [CMS-concurrent-mark-start]
2021-01-21T22:11:56.792+0800: 21.104: [CMS-concurrent-mark: 0.001/0.001 secs] [Times: user=0.00 sys=0.00, real=0.00 secs] 
2021-01-21T22:11:56.793+0800: 21.105: [CMS-concurrent-preclean-start]
2021-01-21T22:11:56.794+0800: 21.106: [CMS-concurrent-preclean: 0.001/0.001 secs] [Times: user=0.00 sys=0.00, real=0.00 secs] 
2021-01-21T22:11:56.794+0800: 21.106: [CMS-concurrent-abortable-preclean-start]
2021-01-21T22:11:56.794+0800: 21.106: [CMS-concurrent-abortable-preclean: 0.000/0.000 secs] [Times: user=0.00 sys=0.00, real=0.00 secs] 
2021-01-21T22:11:56.795+0800: 21.107: [GC (CMS Final Remark) [YG occupancy: 57769 K (157248 K)]2021-01-21T22:11:56.795+0800: 21.107: [Rescan (parallel) , 0.0015288 secs]2021-01-21T22:11:56.797+0800: 21.109: [weak refs processing, 0.0002781 secs]2021-01-21T22:11:56.798+0800: 21.110: [class unloading, 0.0004639 secs]2021-01-21T22:11:56.799+0800: 21.111: [scrub symbol table, 0.0006321 secs]2021-01-21T22:11:56.799+0800: 21.111: [scrub string table, 0.0004809 secs][1 CMS-remark: 349478K(349568K)] 407247K(506816K), 0.0052681 secs] [Times: user=0.00 sys=0.00, real=0.01 secs] 
2021-01-21T22:11:56.801+0800: 21.113: [CMS-concurrent-sweep-start]
2021-01-21T22:11:56.801+0800: 21.113: [CMS-concurrent-sweep: 0.000/0.000 secs] [Times: user=0.00 sys=0.00, real=0.00 secs] 
2021-01-21T22:11:56.802+0800: 21.114: [CMS-concurrent-reset-start]
2021-01-21T22:11:56.802+0800: 21.114: [CMS-concurrent-reset: 0.000/0.000 secs] [Times: user=0.00 sys=0.00, real=0.00 secs] 
2021-01-21T22:11:56.815+0800: 21.127: [GC (Allocation Failure) 2021-01-21T22:11:56.815+0800: 21.127: [ParNew: 156927K->156927K(157248K), 0.0003161 secs]2021-01-21T22:11:56.815+0800: 21.128: [CMS: 347051K->349428K(349568K), 0.0469842 secs] 503979K->367545K(506816K), [Metaspace: 2816K->2816K(1056768K)], 0.0484554 secs] [Times: user=0.05 sys=0.00, real=0.05 secs] 
2021-01-21T22:11:56.864+0800: 21.176: [GC (CMS Initial Mark) [1 CMS-initial-mark: 349428K(349568K)] 370979K(506816K), 0.0014016 secs] [Times: user=0.00 sys=0.00, real=0.00 secs] 
2021-01-21T22:11:56.866+0800: 21.178: [CMS-concurrent-mark-start]
2021-01-21T22:11:56.867+0800: 21.179: [CMS-concurrent-mark: 0.001/0.001 secs] [Times: user=0.01 sys=0.00, real=0.00 secs] 
2021-01-21T22:11:56.868+0800: 21.180: [CMS-concurrent-preclean-start]
2021-01-21T22:11:56.869+0800: 21.181: [CMS-concurrent-preclean: 0.001/0.001 secs] [Times: user=0.00 sys=0.00, real=0.01 secs] 
2021-01-21T22:11:56.869+0800: 21.181: [CMS-concurrent-abortable-preclean-start]
2021-01-21T22:11:56.869+0800: 21.181: [CMS-concurrent-abortable-preclean: 0.000/0.000 secs] [Times: user=0.00 sys=0.00, real=0.00 secs] 
2021-01-21T22:11:56.870+0800: 21.182: [GC (CMS Final Remark) [YG occupancy: 46120 K (157248 K)]2021-01-21T22:11:56.870+0800: 21.182: [Rescan (parallel) , 0.0011167 secs]2021-01-21T22:11:56.872+0800: 21.184: [weak refs processing, 0.0003000 secs]2021-01-21T22:11:56.872+0800: 21.184: [class unloading, 0.0003871 secs]2021-01-21T22:11:56.873+0800: 21.185: [scrub symbol table, 0.0006287 secs]2021-01-21T22:11:56.874+0800: 21.186: [scrub string table, 0.0005745 secs][1 CMS-remark: 349428K(349568K)] 395549K(506816K), 0.0047881 secs] [Times: user=0.01 sys=0.00, real=0.00 secs] 
2021-01-21T22:11:56.875+0800: 21.187: [CMS-concurrent-sweep-start]
2021-01-21T22:11:56.876+0800: 21.188: [CMS-concurrent-sweep: 0.000/0.000 secs] [Times: user=0.00 sys=0.00, real=0.00 secs] 
2021-01-21T22:11:56.876+0800: 21.188: [CMS-concurrent-reset-start]
2021-01-21T22:11:56.876+0800: 21.188: [CMS-concurrent-reset: 0.000/0.000 secs] [Times: user=0.00 sys=0.00, real=0.00 secs] 
2021-01-21T22:11:56.887+0800: 21.199: [GC (Allocation Failure) 2021-01-21T22:11:56.887+0800: 21.199: [ParNew: 157240K->157240K(157248K), 0.0003665 secs]2021-01-21T22:11:56.888+0800: 21.200: [CMS: 349183K->349474K(349568K), 0.0482561 secs] 506423K->371987K(506816K), [Metaspace: 2816K->2816K(1056768K)], 0.0499275 secs] [Times: user=0.05 sys=0.00, real=0.05 secs] 
2021-01-21T22:11:56.938+0800: 21.250: [GC (CMS Initial Mark) [1 CMS-initial-mark: 349474K(349568K)] 374767K(506816K), 0.0016221 secs] [Times: user=0.00 sys=0.00, real=0.01 secs] 
2021-01-21T22:11:56.940+0800: 21.252: [CMS-concurrent-mark-start]
2021-01-21T22:11:56.942+0800: 21.254: [CMS-concurrent-mark: 0.001/0.001 secs] [Times: user=0.00 sys=0.00, real=0.00 secs] 
2021-01-21T22:11:56.942+0800: 21.254: [CMS-concurrent-preclean-start]
2021-01-21T22:11:56.943+0800: 21.255: [CMS-concurrent-preclean: 0.001/0.001 secs] [Times: user=0.01 sys=0.00, real=0.00 secs] 
2021-01-21T22:11:56.944+0800: 21.256: [CMS-concurrent-abortable-preclean-start]
2021-01-21T22:11:56.944+0800: 21.256: [CMS-concurrent-abortable-preclean: 0.000/0.000 secs] [Times: user=0.00 sys=0.00, real=0.00 secs] 
2021-01-21T22:11:56.944+0800: 21.256: [GC (CMS Final Remark) [YG occupancy: 55500 K (157248 K)]2021-01-21T22:11:56.945+0800: 21.257: [Rescan (parallel) , 0.0013156 secs]2021-01-21T22:11:56.946+0800: 21.258: [weak refs processing, 0.0003169 secs]2021-01-21T22:11:56.947+0800: 21.259: [class unloading, 0.0004545 secs]2021-01-21T22:11:56.948+0800: 21.260: [scrub symbol table, 0.0005415 secs]2021-01-21T22:11:56.949+0800: 21.261: [scrub string table, 0.0003372 secs][1 CMS-remark: 349474K(349568K)] 404974K(506816K), 0.0047445 secs] [Times: user=0.00 sys=0.00, real=0.01 secs] 
2021-01-21T22:11:56.950+0800: 21.262: [CMS-concurrent-sweep-start]
2021-01-21T22:11:56.950+0800: 21.262: [CMS-concurrent-sweep: 0.000/0.000 secs] [Times: user=0.00 sys=0.00, real=0.00 secs] 
2021-01-21T22:11:56.950+0800: 21.262: [CMS-concurrent-reset-start]
2021-01-21T22:11:56.950+0800: 21.263: [CMS-concurrent-reset: 0.000/0.000 secs] [Times: user=0.00 sys=0.00, real=0.00 secs] 
2021-01-21T22:11:56.964+0800: 21.276: [GC (Allocation Failure) 2021-01-21T22:11:56.965+0800: 21.277: [ParNew: 157152K->157152K(157248K), 0.0003485 secs]2021-01-21T22:11:56.965+0800: 21.277: [CMS: 347776K->349172K(349568K), 0.0480059 secs] 504929K->371192K(506816K), [Metaspace: 2816K->2816K(1056768K)], 0.0496860 secs] [Times: user=0.05 sys=0.00, real=0.05 secs] 
2021-01-21T22:11:57.015+0800: 21.327: [GC (CMS Initial Mark) [1 CMS-initial-mark: 349172K(349568K)] 374405K(506816K), 0.0013370 secs] [Times: user=0.00 sys=0.00, real=0.00 secs] 
2021-01-21T22:11:57.017+0800: 21.329: [CMS-concurrent-mark-start]
2021-01-21T22:11:57.019+0800: 21.331: [CMS-concurrent-mark: 0.002/0.002 secs] [Times: user=0.00 sys=0.00, real=0.01 secs] 
2021-01-21T22:11:57.020+0800: 21.332: [CMS-concurrent-preclean-start]
2021-01-21T22:11:57.021+0800: 21.333: [CMS-concurrent-preclean: 0.001/0.001 secs] [Times: user=0.00 sys=0.00, real=0.00 secs] 
2021-01-21T22:11:57.021+0800: 21.333: [CMS-concurrent-abortable-preclean-start]
2021-01-21T22:11:57.021+0800: 21.333: [CMS-concurrent-abortable-preclean: 0.000/0.000 secs] [Times: user=0.00 sys=0.00, real=0.00 secs] 
2021-01-21T22:11:57.022+0800: 21.334: [GC (CMS Final Remark) [YG occupancy: 60167 K (157248 K)]2021-01-21T22:11:57.022+0800: 21.334: [Rescan (parallel) , 0.0013990 secs]2021-01-21T22:11:57.024+0800: 21.336: [weak refs processing, 0.0003325 secs]2021-01-21T22:11:57.025+0800: 21.337: [class unloading, 0.0004853 secs]2021-01-21T22:11:57.026+0800: 21.338: [scrub symbol table, 0.0006082 secs]2021-01-21T22:11:57.026+0800: 21.338: [scrub string table, 0.0004081 secs][1 CMS-remark: 349172K(349568K)] 409339K(506816K), 0.0049858 secs] [Times: user=0.00 sys=0.00, real=0.00 secs] 
2021-01-21T22:11:57.028+0800: 21.340: [CMS-concurrent-sweep-start]
2021-01-21T22:11:57.028+0800: 21.340: [CMS-concurrent-sweep: 0.000/0.000 secs] [Times: user=0.00 sys=0.00, real=0.00 secs] 
2021-01-21T22:11:57.028+0800: 21.340: [CMS-concurrent-reset-start]
2021-01-21T22:11:57.028+0800: 21.340: [CMS-concurrent-reset: 0.000/0.000 secs] [Times: user=0.00 sys=0.00, real=0.01 secs] 
2021-01-21T22:11:57.040+0800: 21.352: [GC (Allocation Failure) 2021-01-21T22:11:57.040+0800: 21.352: [ParNew: 156897K->156897K(157248K), 0.0003823 secs]2021-01-21T22:11:57.041+0800: 21.353: [CMS: 346412K->349155K(349568K), 0.0592720 secs] 503310K->370678K(506816K), [Metaspace: 2816K->2816K(1056768K)], 0.0609583 secs] [Times: user=0.06 sys=0.00, real=0.06 secs] 
2021-01-21T22:11:57.102+0800: 21.414: [GC (CMS Initial Mark) [1 CMS-initial-mark: 349155K(349568K)] 373786K(506816K), 0.0012027 secs] [Times: user=0.00 sys=0.00, real=0.00 secs] 
2021-01-21T22:11:57.103+0800: 21.416: [CMS-concurrent-mark-start]
2021-01-21T22:11:57.106+0800: 21.418: [CMS-concurrent-mark: 0.002/0.002 secs] [Times: user=0.00 sys=0.00, real=0.00 secs] 
2021-01-21T22:11:57.106+0800: 21.418: [CMS-concurrent-preclean-start]
2021-01-21T22:11:57.107+0800: 21.419: [CMS-concurrent-preclean: 0.001/0.001 secs] [Times: user=0.01 sys=0.00, real=0.00 secs] 
2021-01-21T22:11:57.107+0800: 21.419: [CMS-concurrent-abortable-preclean-start]
2021-01-21T22:11:57.107+0800: 21.420: [CMS-concurrent-abortable-preclean: 0.000/0.000 secs] [Times: user=0.00 sys=0.00, real=0.00 secs] 
2021-01-21T22:11:57.108+0800: 21.420: [GC (CMS Final Remark) [YG occupancy: 55776 K (157248 K)]2021-01-21T22:11:57.108+0800: 21.420: [Rescan (parallel) , 0.0007992 secs]2021-01-21T22:11:57.110+0800: 21.422: [weak refs processing, 0.0002925 secs]2021-01-21T22:11:57.110+0800: 21.422: [class unloading, 0.0005822 secs]2021-01-21T22:11:57.111+0800: 21.423: [scrub symbol table, 0.0007412 secs]2021-01-21T22:11:57.112+0800: 21.424: [scrub string table, 0.0004171 secs][1 CMS-remark: 349155K(349568K)] 404932K(506816K), 0.0049968 secs] [Times: user=0.00 sys=0.00, real=0.01 secs] 
2021-01-21T22:11:57.114+0800: 21.426: [CMS-concurrent-sweep-start]
2021-01-21T22:11:57.114+0800: 21.426: [CMS-concurrent-sweep: 0.000/0.000 secs] [Times: user=0.00 sys=0.00, real=0.00 secs] 
2021-01-21T22:11:57.115+0800: 21.427: [CMS-concurrent-reset-start]
2021-01-21T22:11:57.115+0800: 21.427: [CMS-concurrent-reset: 0.000/0.000 secs] [Times: user=0.00 sys=0.00, real=0.00 secs] 
2021-01-21T22:11:57.129+0800: 21.441: [GC (Allocation Failure) 2021-01-21T22:11:57.129+0800: 21.441: [ParNew: 157238K->157238K(157248K), 0.0001897 secs]2021-01-21T22:11:57.129+0800: 21.441: [CMS: 347764K->349537K(349568K), 0.0523133 secs] 505003K->372745K(506816K), [Metaspace: 2816K->2816K(1056768K)], 0.0534271 secs] [Times: user=0.05 sys=0.00, real=0.05 secs] 
2021-01-21T22:11:57.183+0800: 21.495: [GC (CMS Initial Mark) [1 CMS-initial-mark: 349537K(349568K)] 375563K(506816K), 0.0012712 secs] [Times: user=0.00 sys=0.00, real=0.00 secs] 
2021-01-21T22:11:57.185+0800: 21.497: [CMS-concurrent-mark-start]
2021-01-21T22:11:57.186+0800: 21.498: [CMS-concurrent-mark: 0.001/0.001 secs] [Times: user=0.01 sys=0.00, real=0.00 secs] 
2021-01-21T22:11:57.187+0800: 21.499: [CMS-concurrent-preclean-start]
2021-01-21T22:11:57.188+0800: 21.500: [CMS-concurrent-preclean: 0.001/0.001 secs] [Times: user=0.00 sys=0.00, real=0.00 secs] 
2021-01-21T22:11:57.188+0800: 21.500: [CMS-concurrent-abortable-preclean-start]
2021-01-21T22:11:57.188+0800: 21.500: [CMS-concurrent-abortable-preclean: 0.000/0.000 secs] [Times: user=0.00 sys=0.00, real=0.00 secs] 
2021-01-21T22:11:57.189+0800: 21.501: [GC (CMS Final Remark) [YG occupancy: 51933 K (157248 K)]2021-01-21T22:11:57.189+0800: 21.501: [Rescan (parallel) , 0.0009766 secs]2021-01-21T22:11:57.190+0800: 21.502: [weak refs processing, 0.0002455 secs]2021-01-21T22:11:57.191+0800: 21.503: [class unloading, 0.0005125 secs]2021-01-21T22:11:57.191+0800: 21.503: [scrub symbol table, 0.0007443 secs]2021-01-21T22:11:57.192+0800: 21.504: [scrub string table, 0.0005070 secs][1 CMS-remark: 349537K(349568K)] 401470K(506816K), 0.0045403 secs] [Times: user=0.00 sys=0.00, real=0.00 secs] 
2021-01-21T22:11:57.194+0800: 21.506: [CMS-concurrent-sweep-start]
2021-01-21T22:11:57.194+0800: 21.506: [CMS-concurrent-sweep: 0.000/0.000 secs] [Times: user=0.01 sys=0.00, real=0.00 secs] 
2021-01-21T22:11:57.194+0800: 21.506: [CMS-concurrent-reset-start]
2021-01-21T22:11:57.195+0800: 21.507: [CMS-concurrent-reset: 0.000/0.000 secs] [Times: user=0.00 sys=0.00, real=0.00 secs] 
2021-01-21T22:11:57.207+0800: 21.519: [GC (Allocation Failure) 2021-01-21T22:11:57.208+0800: 21.520: [ParNew: 156734K->156734K(157248K), 0.0002673 secs]2021-01-21T22:11:57.208+0800: 21.520: [CMS: 349039K->349559K(349568K), 0.0478057 secs] 505774K->360561K(506816K), [Metaspace: 2816K->2816K(1056768K)], 0.0494200 secs] [Times: user=0.05 sys=0.00, real=0.05 secs] 
2021-01-21T22:11:57.258+0800: 21.570: [GC (CMS Initial Mark) [1 CMS-initial-mark: 349559K(349568K)] 364020K(506816K), 0.0010385 secs] [Times: user=0.00 sys=0.01, real=0.01 secs] 
2021-01-21T22:11:57.259+0800: 21.571: [CMS-concurrent-mark-start]
2021-01-21T22:11:57.261+0800: 21.573: [CMS-concurrent-mark: 0.001/0.001 secs] [Times: user=0.00 sys=0.00, real=0.00 secs] 
2021-01-21T22:11:57.261+0800: 21.573: [CMS-concurrent-preclean-start]
2021-01-21T22:11:57.262+0800: 21.574: [CMS-concurrent-preclean: 0.001/0.001 secs] [Times: user=0.00 sys=0.00, real=0.00 secs] 
2021-01-21T22:11:57.263+0800: 21.575: [CMS-concurrent-abortable-preclean-start]
2021-01-21T22:11:57.263+0800: 21.575: [CMS-concurrent-abortable-preclean: 0.000/0.000 secs] [Times: user=0.00 sys=0.00, real=0.00 secs] 
2021-01-21T22:11:57.263+0800: 21.575: [GC (CMS Final Remark) [YG occupancy: 45492 K (157248 K)]2021-01-21T22:11:57.263+0800: 21.575: [Rescan (parallel) , 0.0005981 secs]2021-01-21T22:11:57.264+0800: 21.576: [weak refs processing, 0.0002978 secs]2021-01-21T22:11:57.265+0800: 21.577: [class unloading, 0.0004293 secs]2021-01-21T22:11:57.266+0800: 21.578: [scrub symbol table, 0.0005206 secs]2021-01-21T22:11:57.266+0800: 21.578: [scrub string table, 0.0003641 secs][1 CMS-remark: 349559K(349568K)] 395052K(506816K), 0.0037703 secs] [Times: user=0.00 sys=0.00, real=0.00 secs] 
2021-01-21T22:11:57.268+0800: 21.580: [CMS-concurrent-sweep-start]
2021-01-21T22:11:57.268+0800: 21.580: [CMS-concurrent-sweep: 0.000/0.000 secs] [Times: user=0.00 sys=0.00, real=0.00 secs] 
2021-01-21T22:11:57.268+0800: 21.580: [CMS-concurrent-reset-start]
2021-01-21T22:11:57.268+0800: 21.580: [CMS-concurrent-reset: 0.000/0.000 secs] [Times: user=0.00 sys=0.00, real=0.01 secs] 
2021-01-21T22:11:57.282+0800: 21.594: [GC (Allocation Failure) 2021-01-21T22:11:57.282+0800: 21.594: [ParNew: 156938K->156938K(157248K), 0.0002882 secs]2021-01-21T22:11:57.283+0800: 21.595: [CMS: 347239K->349273K(349568K), 0.0481520 secs] 504177K->360124K(506816K), [Metaspace: 2816K->2816K(1056768K)], 0.0495645 secs] [Times: user=0.04 sys=0.00, real=0.05 secs] 
2021-01-21T22:11:57.332+0800: 21.644: [GC (CMS Initial Mark) [1 CMS-initial-mark: 349273K(349568K)] 363165K(506816K), 0.0010686 secs] [Times: user=0.01 sys=0.00, real=0.00 secs] 
2021-01-21T22:11:57.334+0800: 21.646: [CMS-concurrent-mark-start]
2021-01-21T22:11:57.335+0800: 21.647: [CMS-concurrent-mark: 0.001/0.001 secs] [Times: user=0.00 sys=0.00, real=0.00 secs] 
2021-01-21T22:11:57.335+0800: 21.648: [CMS-concurrent-preclean-start]
2021-01-21T22:11:57.336+0800: 21.648: [CMS-concurrent-preclean: 0.001/0.001 secs] [Times: user=0.00 sys=0.00, real=0.00 secs] 
2021-01-21T22:11:57.337+0800: 21.649: [CMS-concurrent-abortable-preclean-start]
2021-01-21T22:11:57.337+0800: 21.649: [CMS-concurrent-abortable-preclean: 0.000/0.000 secs] [Times: user=0.00 sys=0.00, real=0.00 secs] 
2021-01-21T22:11:57.337+0800: 21.649: [GC (CMS Final Remark) [YG occupancy: 39626 K (157248 K)]2021-01-21T22:11:57.337+0800: 21.649: [Rescan (parallel) , 0.0011066 secs]2021-01-21T22:11:57.339+0800: 21.651: [weak refs processing, 0.0003218 secs]2021-01-21T22:11:57.339+0800: 21.651: [class unloading, 0.0004902 secs]2021-01-21T22:11:57.340+0800: 21.652: [scrub symbol table, 0.0005678 secs]2021-01-21T22:11:57.341+0800: 21.653: [scrub string table, 0.0003639 secs][1 CMS-remark: 349273K(349568K)] 388899K(506816K), 0.0043943 secs] [Times: user=0.01 sys=0.00, real=0.01 secs] 
2021-01-21T22:11:57.342+0800: 21.654: [CMS-concurrent-sweep-start]
2021-01-21T22:11:57.342+0800: 21.654: [CMS-concurrent-sweep: 0.000/0.000 secs] [Times: user=0.00 sys=0.00, real=0.00 secs] 
2021-01-21T22:11:57.343+0800: 21.655: [CMS-concurrent-reset-start]
2021-01-21T22:11:57.343+0800: 21.655: [CMS-concurrent-reset: 0.000/0.000 secs] [Times: user=0.00 sys=0.00, real=0.00 secs] 
2021-01-21T22:11:57.358+0800: 21.670: [GC (Allocation Failure) 2021-01-21T22:11:57.358+0800: 21.670: [ParNew: 157165K->157165K(157248K), 0.0006080 secs]2021-01-21T22:11:57.359+0800: 21.671: [CMS: 347702K->349536K(349568K), 0.0484397 secs] 504867K->363650K(506816K), [Metaspace: 2816K->2816K(1056768K)], 0.0505055 secs] [Times: user=0.05 sys=0.00, real=0.06 secs] 
2021-01-21T22:11:57.409+0800: 21.721: [GC (CMS Initial Mark) [1 CMS-initial-mark: 349536K(349568K)] 366546K(506816K), 0.0013511 secs] [Times: user=0.00 sys=0.00, real=0.00 secs] 
2021-01-21T22:11:57.411+0800: 21.723: [CMS-concurrent-mark-start]
2021-01-21T22:11:57.413+0800: 21.725: [CMS-concurrent-mark: 0.001/0.001 secs] [Times: user=0.01 sys=0.00, real=0.00 secs] 
2021-01-21T22:11:57.413+0800: 21.725: [CMS-concurrent-preclean-start]
2021-01-21T22:11:57.414+0800: 21.727: [CMS-concurrent-preclean: 0.001/0.001 secs] [Times: user=0.00 sys=0.00, real=0.00 secs] 
2021-01-21T22:11:57.415+0800: 21.727: [CMS-concurrent-abortable-preclean-start]
2021-01-21T22:11:57.415+0800: 21.727: [CMS-concurrent-abortable-preclean: 0.000/0.000 secs] [Times: user=0.00 sys=0.00, real=0.00 secs] 
2021-01-21T22:11:57.416+0800: 21.728: [GC (CMS Final Remark) [YG occupancy: 41056 K (157248 K)]2021-01-21T22:11:57.416+0800: 21.728: [Rescan (parallel) , 0.0006890 secs]2021-01-21T22:11:57.417+0800: 21.729: [weak refs processing, 0.0002721 secs]2021-01-21T22:11:57.417+0800: 21.730: [class unloading, 0.0004460 secs]2021-01-21T22:11:57.418+0800: 21.730: [scrub symbol table, 0.0006513 secs]2021-01-21T22:11:57.419+0800: 21.731: [scrub string table, 0.0004516 secs][1 CMS-remark: 349536K(349568K)] 390592K(506816K), 0.0044116 secs] [Times: user=0.01 sys=0.00, real=0.01 secs] 
2021-01-21T22:11:57.421+0800: 21.733: [CMS-concurrent-sweep-start]
2021-01-21T22:11:57.421+0800: 21.733: [CMS-concurrent-sweep: 0.000/0.000 secs] [Times: user=0.00 sys=0.00, real=0.00 secs] 
2021-01-21T22:11:57.421+0800: 21.733: [CMS-concurrent-reset-start]
2021-01-21T22:11:57.422+0800: 21.734: [CMS-concurrent-reset: 0.000/0.000 secs] [Times: user=0.00 sys=0.00, real=0.00 secs] 
2021-01-21T22:11:57.436+0800: 21.748: [GC (Allocation Failure) 2021-01-21T22:11:57.436+0800: 21.748: [ParNew: 157169K->157169K(157248K), 0.0003887 secs]2021-01-21T22:11:57.437+0800: 21.749: [CMS: 348840K->349430K(349568K), 0.0518024 secs] 506009K->370963K(506816K), [Metaspace: 2816K->2816K(1056768K)], 0.0534921 secs] [Times: user=0.05 sys=0.00, real=0.06 secs] 
2021-01-21T22:11:57.490+0800: 21.802: [GC (CMS Initial Mark) [1 CMS-initial-mark: 349430K(349568K)] 376713K(506816K), 0.0013918 secs] [Times: user=0.01 sys=0.00, real=0.00 secs] 
2021-01-21T22:11:57.493+0800: 21.805: [CMS-concurrent-mark-start]
2021-01-21T22:11:57.494+0800: 21.806: [CMS-concurrent-mark: 0.002/0.002 secs] [Times: user=0.00 sys=0.00, real=0.00 secs] 
2021-01-21T22:11:57.495+0800: 21.807: [CMS-concurrent-preclean-start]
2021-01-21T22:11:57.496+0800: 21.808: [CMS-concurrent-preclean: 0.002/0.002 secs] [Times: user=0.00 sys=0.00, real=0.00 secs] 
2021-01-21T22:11:57.497+0800: 21.809: [CMS-concurrent-abortable-preclean-start]
2021-01-21T22:11:57.497+0800: 21.809: [CMS-concurrent-abortable-preclean: 0.000/0.000 secs] [Times: user=0.00 sys=0.00, real=0.00 secs] 
2021-01-21T22:11:57.497+0800: 21.809: [GC (CMS Final Remark) [YG occupancy: 55336 K (157248 K)]2021-01-21T22:11:57.498+0800: 21.810: [Rescan (parallel) , 0.0011020 secs]2021-01-21T22:11:57.499+0800: 21.811: [weak refs processing, 0.0002704 secs]2021-01-21T22:11:57.500+0800: 21.812: [class unloading, 0.0003900 secs]2021-01-21T22:11:57.500+0800: 21.812: [scrub symbol table, 0.0004959 secs]2021-01-21T22:11:57.501+0800: 21.813: [scrub string table, 0.0003760 secs][1 CMS-remark: 349430K(349568K)] 404767K(506816K), 0.0042636 secs] [Times: user=0.00 sys=0.01, real=0.01 secs] 
2021-01-21T22:11:57.502+0800: 21.814: [CMS-concurrent-sweep-start]
2021-01-21T22:11:57.503+0800: 21.815: [CMS-concurrent-sweep: 0.000/0.000 secs] [Times: user=0.00 sys=0.00, real=0.00 secs] 
2021-01-21T22:11:57.503+0800: 21.815: [CMS-concurrent-reset-start]
2021-01-21T22:11:57.503+0800: 21.815: [CMS-concurrent-reset: 0.000/0.000 secs] [Times: user=0.00 sys=0.00, real=0.00 secs] 
2021-01-21T22:11:57.516+0800: 21.828: [GC (Allocation Failure) 2021-01-21T22:11:57.516+0800: 21.828: [ParNew: 156903K->156903K(157248K), 0.0004252 secs]2021-01-21T22:11:57.517+0800: 21.829: [CMS: 348210K->349464K(349568K), 0.0482754 secs] 505113K->366868K(506816K), [Metaspace: 2816K->2816K(1056768K)], 0.0501205 secs] [Times: user=0.05 sys=0.00, real=0.05 secs] 
2021-01-21T22:11:57.567+0800: 21.879: [GC (CMS Initial Mark) [1 CMS-initial-mark: 349464K(349568K)] 370626K(506816K), 0.0015081 secs] [Times: user=0.00 sys=0.00, real=0.01 secs] 
2021-01-21T22:11:57.569+0800: 21.881: [CMS-concurrent-mark-start]
2021-01-21T22:11:57.571+0800: 21.883: [CMS-concurrent-mark: 0.001/0.001 secs] [Times: user=0.01 sys=0.00, real=0.00 secs] 
2021-01-21T22:11:57.571+0800: 21.883: [CMS-concurrent-preclean-start]
2021-01-21T22:11:57.572+0800: 21.884: [CMS-concurrent-preclean: 0.001/0.001 secs] [Times: user=0.00 sys=0.00, real=0.00 secs] 
2021-01-21T22:11:57.573+0800: 21.885: [CMS-concurrent-abortable-preclean-start]
2021-01-21T22:11:57.573+0800: 21.885: [CMS-concurrent-abortable-preclean: 0.000/0.000 secs] [Times: user=0.00 sys=0.00, real=0.00 secs] 
2021-01-21T22:11:57.573+0800: 21.885: [GC (CMS Final Remark) [YG occupancy: 48065 K (157248 K)]2021-01-21T22:11:57.574+0800: 21.886: [Rescan (parallel) , 0.0012744 secs]2021-01-21T22:11:57.575+0800: 21.887: [weak refs processing, 0.0003261 secs]2021-01-21T22:11:57.576+0800: 21.888: [class unloading, 0.0006936 secs]2021-01-21T22:11:57.577+0800: 21.889: [scrub symbol table, 0.0006400 secs]2021-01-21T22:11:57.578+0800: 21.890: [scrub string table, 0.0005313 secs][1 CMS-remark: 349464K(349568K)] 397529K(506816K), 0.0058034 secs] [Times: user=0.01 sys=0.00, real=0.01 secs] 
2021-01-21T22:11:57.580+0800: 21.892: [CMS-concurrent-sweep-start]
2021-01-21T22:11:57.580+0800: 21.892: [CMS-concurrent-sweep: 0.000/0.000 secs] [Times: user=0.00 sys=0.00, real=0.00 secs] 
2021-01-21T22:11:57.581+0800: 21.893: [CMS-concurrent-reset-start]
2021-01-21T22:11:57.581+0800: 21.893: [CMS-concurrent-reset: 0.000/0.000 secs] [Times: user=0.00 sys=0.00, real=0.00 secs] 
2021-01-21T22:11:57.593+0800: 21.905: [GC (Allocation Failure) 2021-01-21T22:11:57.594+0800: 21.906: [ParNew: 157105K->157105K(157248K), 0.0003169 secs]2021-01-21T22:11:57.594+0800: 21.906: [CMS: 348782K->349357K(349568K), 0.0476920 secs] 505887K->368148K(506816K), [Metaspace: 2816K->2816K(1056768K)], 0.0493422 secs] [Times: user=0.05 sys=0.00, real=0.05 secs] 
2021-01-21T22:11:57.644+0800: 21.956: [GC (CMS Initial Mark) [1 CMS-initial-mark: 349357K(349568K)] 371338K(506816K), 0.0016387 secs] [Times: user=0.00 sys=0.00, real=0.00 secs] 
2021-01-21T22:11:57.646+0800: 21.958: [CMS-concurrent-mark-start]
2021-01-21T22:11:57.648+0800: 21.960: [CMS-concurrent-mark: 0.001/0.001 secs] [Times: user=0.00 sys=0.00, real=0.00 secs] 
2021-01-21T22:11:57.648+0800: 21.960: [CMS-concurrent-preclean-start]
2021-01-21T22:11:57.649+0800: 21.961: [CMS-concurrent-preclean: 0.001/0.001 secs] [Times: user=0.00 sys=0.00, real=0.00 secs] 
2021-01-21T22:11:57.650+0800: 21.962: [CMS-concurrent-abortable-preclean-start]
2021-01-21T22:11:57.650+0800: 21.962: [CMS-concurrent-abortable-preclean: 0.000/0.000 secs] [Times: user=0.00 sys=0.00, real=0.00 secs] 
2021-01-21T22:11:57.650+0800: 21.962: [GC (CMS Final Remark) [YG occupancy: 43581 K (157248 K)]2021-01-21T22:11:57.650+0800: 21.962: [Rescan (parallel) , 0.0008299 secs]2021-01-21T22:11:57.652+0800: 21.964: [weak refs processing, 0.0002963 secs]2021-01-21T22:11:57.652+0800: 21.964: [class unloading, 0.0004746 secs]2021-01-21T22:11:57.653+0800: 21.965: [scrub symbol table, 0.0007616 secs]2021-01-21T22:11:57.654+0800: 21.966: [scrub string table, 0.0003897 secs][1 CMS-remark: 349357K(349568K)] 392938K(506816K), 0.0046151 secs] [Times: user=0.00 sys=0.00, real=0.00 secs] 
2021-01-21T22:11:57.655+0800: 21.967: [CMS-concurrent-sweep-start]
2021-01-21T22:11:57.656+0800: 21.968: [CMS-concurrent-sweep: 0.000/0.000 secs] [Times: user=0.00 sys=0.00, real=0.00 secs] 
2021-01-21T22:11:57.656+0800: 21.968: [CMS-concurrent-reset-start]
2021-01-21T22:11:57.656+0800: 21.968: [CMS-concurrent-reset: 0.000/0.000 secs] [Times: user=0.00 sys=0.00, real=0.00 secs] 
2021-01-21T22:11:57.669+0800: 21.981: [GC (Allocation Failure) 2021-01-21T22:11:57.669+0800: 21.981: [ParNew: 157183K->157183K(157248K), 0.0003925 secs]2021-01-21T22:11:57.670+0800: 21.982: [CMS: 348220K->349161K(349568K), 0.0500423 secs] 505403K->372295K(506816K), [Metaspace: 2816K->2816K(1056768K)], 0.0519023 secs] [Times: user=0.05 sys=0.00, real=0.05 secs] 
2021-01-21T22:11:57.722+0800: 22.034: [GC (CMS Initial Mark) [1 CMS-initial-mark: 349161K(349568K)] 375266K(506816K), 0.0010780 secs] [Times: user=0.00 sys=0.00, real=0.00 secs] 
2021-01-21T22:11:57.723+0800: 22.035: [CMS-concurrent-mark-start]
2021-01-21T22:11:57.725+0800: 22.037: [CMS-concurrent-mark: 0.001/0.001 secs] [Times: user=0.00 sys=0.00, real=0.00 secs] 
2021-01-21T22:11:57.725+0800: 22.037: [CMS-concurrent-preclean-start]
2021-01-21T22:11:57.727+0800: 22.039: [CMS-concurrent-preclean: 0.001/0.001 secs] [Times: user=0.01 sys=0.00, real=0.00 secs] 
2021-01-21T22:11:57.727+0800: 22.039: [CMS-concurrent-abortable-preclean-start]
2021-01-21T22:11:57.727+0800: 22.039: [CMS-concurrent-abortable-preclean: 0.000/0.000 secs] [Times: user=0.00 sys=0.00, real=0.00 secs] 
2021-01-21T22:11:57.728+0800: 22.040: [GC (CMS Final Remark) [YG occupancy: 55843 K (157248 K)]2021-01-21T22:11:57.728+0800: 22.040: [Rescan (parallel) , 0.0044717 secs]2021-01-21T22:11:57.733+0800: 22.045: [weak refs processing, 0.0002945 secs]2021-01-21T22:11:57.734+0800: 22.046: [class unloading, 0.0005213 secs]2021-01-21T22:11:57.735+0800: 22.047: [scrub symbol table, 0.0006606 secs]2021-01-21T22:11:57.736+0800: 22.048: [scrub string table, 0.0006068 secs][1 CMS-remark: 349161K(349568K)] 405004K(506816K), 0.0088611 secs] [Times: user=0.03 sys=0.00, real=0.01 secs] 
2021-01-21T22:11:57.737+0800: 22.049: [CMS-concurrent-sweep-start]
2021-01-21T22:11:57.738+0800: 22.050: [CMS-concurrent-sweep: 0.000/0.000 secs] [Times: user=0.00 sys=0.00, real=0.00 secs] 
2021-01-21T22:11:57.738+0800: 22.050: [CMS-concurrent-reset-start]
2021-01-21T22:11:57.738+0800: 22.050: [CMS-concurrent-reset: 0.000/0.000 secs] [Times: user=0.00 sys=0.00, real=0.01 secs] 
2021-01-21T22:11:57.751+0800: 22.063: [GC (Allocation Failure) 2021-01-21T22:11:57.752+0800: 22.064: [ParNew: 157145K->157145K(157248K), 0.0004159 secs]2021-01-21T22:11:57.753+0800: 22.065: [CMS: 347907K->349494K(349568K), 0.0484165 secs] 505053K->373115K(506816K), [Metaspace: 2816K->2816K(1056768K)], 0.0501325 secs] [Times: user=0.05 sys=0.00, real=0.05 secs] 
2021-01-21T22:11:57.802+0800: 22.115: [GC (CMS Initial Mark) [1 CMS-initial-mark: 349494K(349568K)] 376562K(506816K), 0.0013350 secs] [Times: user=0.00 sys=0.00, real=0.00 secs] 
2021-01-21T22:11:57.804+0800: 22.117: [CMS-concurrent-mark-start]
2021-01-21T22:11:57.806+0800: 22.118: [CMS-concurrent-mark: 0.001/0.001 secs] [Times: user=0.01 sys=0.00, real=0.00 secs] 
2021-01-21T22:11:57.806+0800: 22.118: [CMS-concurrent-preclean-start]
2021-01-21T22:11:57.807+0800: 22.119: [CMS-concurrent-preclean: 0.001/0.001 secs] [Times: user=0.00 sys=0.00, real=0.00 secs] 
2021-01-21T22:11:57.808+0800: 22.120: [CMS-concurrent-abortable-preclean-start]
2021-01-21T22:11:57.808+0800: 22.120: [CMS-concurrent-abortable-preclean: 0.000/0.000 secs] [Times: user=0.00 sys=0.00, real=0.00 secs] 
2021-01-21T22:11:57.808+0800: 22.120: [GC (CMS Final Remark) [YG occupancy: 60053 K (157248 K)]2021-01-21T22:11:57.809+0800: 22.121: [Rescan (parallel) , 0.0008679 secs]2021-01-21T22:11:57.810+0800: 22.122: [weak refs processing, 0.0002626 secs]2021-01-21T22:11:57.811+0800: 22.123: [class unloading, 0.0004600 secs]2021-01-21T22:11:57.811+0800: 22.123: [scrub symbol table, 0.0008334 secs]2021-01-21T22:11:57.812+0800: 22.124: [scrub string table, 0.0004495 secs][1 CMS-remark: 349494K(349568K)] 409547K(506816K), 0.0046629 secs] [Times: user=0.01 sys=0.00, real=0.00 secs] 
2021-01-21T22:11:57.814+0800: 22.126: [CMS-concurrent-sweep-start]
2021-01-21T22:11:57.814+0800: 22.126: [CMS-concurrent-sweep: 0.000/0.000 secs] [Times: user=0.00 sys=0.00, real=0.00 secs] 
2021-01-21T22:11:57.814+0800: 22.126: [CMS-concurrent-reset-start]
2021-01-21T22:11:57.814+0800: 22.126: [CMS-concurrent-reset: 0.000/0.000 secs] [Times: user=0.00 sys=0.00, real=0.00 secs] 
2021-01-21T22:11:57.825+0800: 22.137: [GC (Allocation Failure) 2021-01-21T22:11:57.826+0800: 22.138: [ParNew: 156760K->156760K(157248K), 0.0004066 secs]2021-01-21T22:11:57.826+0800: 22.138: [CMS: 348827K->349328K(349568K), 0.0475585 secs] 505588K->369684K(506816K), [Metaspace: 2816K->2816K(1056768K)], 0.0493867 secs] [Times: user=0.05 sys=0.00, real=0.05 secs] 
2021-01-21T22:11:57.875+0800: 22.188: [GC (CMS Initial Mark) [1 CMS-initial-mark: 349328K(349568K)] 373236K(506816K), 0.0017512 secs] [Times: user=0.00 sys=0.00, real=0.00 secs] 
2021-01-21T22:11:57.878+0800: 22.190: [CMS-concurrent-mark-start]
2021-01-21T22:11:57.879+0800: 22.191: [CMS-concurrent-mark: 0.001/0.001 secs] [Times: user=0.00 sys=0.00, real=0.01 secs] 
2021-01-21T22:11:57.880+0800: 22.192: [CMS-concurrent-preclean-start]
2021-01-21T22:11:57.881+0800: 22.193: [CMS-concurrent-preclean: 0.001/0.001 secs] [Times: user=0.01 sys=0.00, real=0.00 secs] 
2021-01-21T22:11:57.881+0800: 22.193: [CMS-concurrent-abortable-preclean-start]
2021-01-21T22:11:57.881+0800: 22.193: [CMS-concurrent-abortable-preclean: 0.000/0.000 secs] [Times: user=0.00 sys=0.00, real=0.00 secs] 
2021-01-21T22:11:57.882+0800: 22.194: [GC (CMS Final Remark) [YG occupancy: 50984 K (157248 K)]2021-01-21T22:11:57.882+0800: 22.194: [Rescan (parallel) , 0.0008447 secs]2021-01-21T22:11:57.883+0800: 22.195: [weak refs processing, 0.0003475 secs]2021-01-21T22:11:57.884+0800: 22.196: [class unloading, 0.0003874 secs]2021-01-21T22:11:57.884+0800: 22.196: [scrub symbol table, 0.0005510 secs]2021-01-21T22:11:57.885+0800: 22.197: [scrub string table, 0.0004571 secs][1 CMS-remark: 349328K(349568K)] 400312K(506816K), 0.0042525 secs] [Times: user=0.00 sys=0.00, real=0.00 secs] 
2021-01-21T22:11:57.887+0800: 22.199: [CMS-concurrent-sweep-start]
2021-01-21T22:11:57.887+0800: 22.199: [CMS-concurrent-sweep: 0.000/0.000 secs] [Times: user=0.00 sys=0.00, real=0.00 secs] 
2021-01-21T22:11:57.887+0800: 22.199: [CMS-concurrent-reset-start]
2021-01-21T22:11:57.887+0800: 22.199: [CMS-concurrent-reset: 0.000/0.000 secs] [Times: user=0.00 sys=0.00, real=0.00 secs] 
2021-01-21T22:11:57.900+0800: 22.212: [GC (Allocation Failure) 2021-01-21T22:11:57.900+0800: 22.212: [ParNew: 157134K->157134K(157248K), 0.0003992 secs]2021-01-21T22:11:57.901+0800: 22.213: [CMS: 348053K->348926K(349568K), 0.0507165 secs] 505187K->369425K(506816K), [Metaspace: 2816K->2816K(1056768K)], 0.0523383 secs] [Times: user=0.05 sys=0.00, real=0.05 secs] 
2021-01-21T22:11:57.953+0800: 22.265: [GC (CMS Initial Mark) [1 CMS-initial-mark: 348926K(349568K)] 372654K(506816K), 0.0012292 secs] [Times: user=0.00 sys=0.00, real=0.00 secs] 
2021-01-21T22:11:57.955+0800: 22.267: [CMS-concurrent-mark-start]
2021-01-21T22:11:57.957+0800: 22.269: [CMS-concurrent-mark: 0.001/0.001 secs] [Times: user=0.00 sys=0.00, real=0.00 secs] 
2021-01-21T22:11:57.957+0800: 22.269: [CMS-concurrent-preclean-start]
2021-01-21T22:11:57.959+0800: 22.271: [CMS-concurrent-preclean: 0.001/0.001 secs] [Times: user=0.01 sys=0.00, real=0.01 secs] 
2021-01-21T22:11:57.959+0800: 22.271: [CMS-concurrent-abortable-preclean-start]
2021-01-21T22:11:57.959+0800: 22.271: [CMS-concurrent-abortable-preclean: 0.000/0.000 secs] [Times: user=0.00 sys=0.00, real=0.00 secs] 
2021-01-21T22:11:57.960+0800: 22.272: [GC (CMS Final Remark) [YG occupancy: 54679 K (157248 K)]2021-01-21T22:11:57.960+0800: 22.272: [Rescan (parallel) , 0.0014622 secs]2021-01-21T22:11:57.962+0800: 22.274: [weak refs processing, 0.0002768 secs]2021-01-21T22:11:57.962+0800: 22.274: [class unloading, 0.0005776 secs]2021-01-21T22:11:57.963+0800: 22.275: [scrub symbol table, 0.0005852 secs]2021-01-21T22:11:57.964+0800: 22.276: [scrub string table, 0.0003015 secs][1 CMS-remark: 348926K(349568K)] 403606K(506816K), 0.0049606 secs] [Times: user=0.00 sys=0.00, real=0.00 secs] 
2021-01-21T22:11:57.965+0800: 22.277: [CMS-concurrent-sweep-start]
2021-01-21T22:11:57.966+0800: 22.278: [CMS-concurrent-sweep: 0.000/0.000 secs] [Times: user=0.00 sys=0.00, real=0.00 secs] 
2021-01-21T22:11:57.966+0800: 22.278: [CMS-concurrent-reset-start]
2021-01-21T22:11:57.966+0800: 22.278: [CMS-concurrent-reset: 0.000/0.000 secs] [Times: user=0.00 sys=0.00, real=0.00 secs] 
2021-01-21T22:11:57.979+0800: 22.291: [GC (Allocation Failure) 2021-01-21T22:11:57.979+0800: 22.291: [ParNew: 157121K->157121K(157248K), 0.0004377 secs]2021-01-21T22:11:57.980+0800: 22.292: [CMS: 346746K->349523K(349568K), 0.0510837 secs] 503867K->374952K(506816K), [Metaspace: 2816K->2816K(1056768K)], 0.0528877 secs] [Times: user=0.05 sys=0.00, real=0.05 secs] 
2021-01-21T22:11:58.033+0800: 22.345: [GC (CMS Initial Mark) [1 CMS-initial-mark: 349523K(349568K)] 377921K(506816K), 0.0011986 secs] [Times: user=0.00 sys=0.00, real=0.00 secs] 
2021-01-21T22:11:58.034+0800: 22.346: [CMS-concurrent-mark-start]
2021-01-21T22:11:58.036+0800: 22.348: [CMS-concurrent-mark: 0.001/0.001 secs] [Times: user=0.00 sys=0.00, real=0.00 secs] 
2021-01-21T22:11:58.036+0800: 22.348: [CMS-concurrent-preclean-start]
2021-01-21T22:11:58.037+0800: 22.349: [CMS-concurrent-preclean: 0.001/0.001 secs] [Times: user=0.00 sys=0.00, real=0.00 secs] 
2021-01-21T22:11:58.038+0800: 22.350: [CMS-concurrent-abortable-preclean-start]
2021-01-21T22:11:58.038+0800: 22.350: [CMS-concurrent-abortable-preclean: 0.000/0.000 secs] [Times: user=0.00 sys=0.00, real=0.00 secs] 
2021-01-21T22:11:58.038+0800: 22.350: [GC (CMS Final Remark) [YG occupancy: 56926 K (157248 K)]2021-01-21T22:11:58.039+0800: 22.351: [Rescan (parallel) , 0.0010430 secs]2021-01-21T22:11:58.040+0800: 22.352: [weak refs processing, 0.0003704 secs]2021-01-21T22:11:58.041+0800: 22.353: [class unloading, 0.0006343 secs]2021-01-21T22:11:58.041+0800: 22.354: [scrub symbol table, 0.0005361 secs]2021-01-21T22:11:58.042+0800: 22.354: [scrub string table, 0.0004096 secs][1 CMS-remark: 349523K(349568K)] 406449K(506816K), 0.0048924 secs] [Times: user=0.00 sys=0.00, real=0.00 secs] 
2021-01-21T22:11:58.044+0800: 22.356: [CMS-concurrent-sweep-start]
2021-01-21T22:11:58.044+0800: 22.356: [CMS-concurrent-sweep: 0.000/0.000 secs] [Times: user=0.00 sys=0.00, real=0.00 secs] 
2021-01-21T22:11:58.044+0800: 22.356: [CMS-concurrent-reset-start]
2021-01-21T22:11:58.045+0800: 22.357: [CMS-concurrent-reset: 0.000/0.000 secs] [Times: user=0.00 sys=0.00, real=0.00 secs] 
2021-01-21T22:11:58.057+0800: 22.369: [GC (Allocation Failure) 2021-01-21T22:11:58.057+0800: 22.369: [ParNew: 156975K->156975K(157248K), 0.0003610 secs]2021-01-21T22:11:58.058+0800: 22.370: [CMS: 349393K->349271K(349568K), 0.0487879 secs] 506368K->374023K(506816K), [Metaspace: 2816K->2816K(1056768K)], 0.0506124 secs] [Times: user=0.05 sys=0.00, real=0.05 secs] 
2021-01-21T22:11:58.108+0800: 22.420: [GC (CMS Initial Mark) [1 CMS-initial-mark: 349271K(349568K)] 377114K(506816K), 0.0017509 secs] [Times: user=0.00 sys=0.00, real=0.00 secs] 
2021-01-21T22:11:58.111+0800: 22.423: [CMS-concurrent-mark-start]
2021-01-21T22:11:58.112+0800: 22.424: [CMS-concurrent-mark: 0.001/0.001 secs] [Times: user=0.00 sys=0.00, real=0.00 secs] 
2021-01-21T22:11:58.113+0800: 22.425: [CMS-concurrent-preclean-start]
2021-01-21T22:11:58.114+0800: 22.426: [CMS-concurrent-preclean: 0.001/0.001 secs] [Times: user=0.00 sys=0.00, real=0.00 secs] 
2021-01-21T22:11:58.114+0800: 22.426: [CMS-concurrent-abortable-preclean-start]
2021-01-21T22:11:58.114+0800: 22.426: [CMS-concurrent-abortable-preclean: 0.000/0.000 secs] [Times: user=0.00 sys=0.00, real=0.00 secs] 
2021-01-21T22:11:58.115+0800: 22.427: [GC (CMS Final Remark) [YG occupancy: 51249 K (157248 K)]2021-01-21T22:11:58.115+0800: 22.427: [Rescan (parallel) , 0.0009284 secs]2021-01-21T22:11:58.116+0800: 22.428: [weak refs processing, 0.0002963 secs]2021-01-21T22:11:58.117+0800: 22.429: [class unloading, 0.0004342 secs]2021-01-21T22:11:58.118+0800: 22.430: [scrub symbol table, 0.0006011 secs]2021-01-21T22:11:58.118+0800: 22.430: [scrub string table, 0.0004230 secs][1 CMS-remark: 349271K(349568K)] 400520K(506816K), 0.0043083 secs] [Times: user=0.00 sys=0.00, real=0.01 secs] 
2021-01-21T22:11:58.120+0800: 22.432: [CMS-concurrent-sweep-start]
2021-01-21T22:11:58.120+0800: 22.432: [CMS-concurrent-sweep: 0.000/0.000 secs] [Times: user=0.00 sys=0.00, real=0.00 secs] 
2021-01-21T22:11:58.120+0800: 22.432: [CMS-concurrent-reset-start]
2021-01-21T22:11:58.120+0800: 22.432: [CMS-concurrent-reset: 0.000/0.000 secs] [Times: user=0.00 sys=0.00, real=0.00 secs] 
2021-01-21T22:11:58.133+0800: 22.445: [GC (Allocation Failure) 2021-01-21T22:11:58.134+0800: 22.446: [ParNew: 157131K->157131K(157248K), 0.0003440 secs]2021-01-21T22:11:58.134+0800: 22.446: [CMS: 348613K->349537K(349568K), 0.0497299 secs] 505745K->375435K(506816K), [Metaspace: 2816K->2816K(1056768K)], 0.0513039 secs] [Times: user=0.05 sys=0.00, real=0.05 secs] 
2021-01-21T22:11:58.186+0800: 22.498: [GC (CMS Initial Mark) [1 CMS-initial-mark: 349537K(349568K)] 378901K(506816K), 0.0012716 secs] [Times: user=0.00 sys=0.00, real=0.00 secs] 
2021-01-21T22:11:58.188+0800: 22.500: [CMS-concurrent-mark-start]
2021-01-21T22:11:58.189+0800: 22.501: [CMS-concurrent-mark: 0.002/0.002 secs] [Times: user=0.00 sys=0.00, real=0.01 secs] 
2021-01-21T22:11:58.190+0800: 22.502: [CMS-concurrent-preclean-start]
2021-01-21T22:11:58.191+0800: 22.503: [CMS-concurrent-preclean: 0.001/0.001 secs] [Times: user=0.00 sys=0.00, real=0.00 secs] 
2021-01-21T22:11:58.191+0800: 22.504: [CMS-concurrent-abortable-preclean-start]
2021-01-21T22:11:58.191+0800: 22.504: [CMS-concurrent-abortable-preclean: 0.000/0.000 secs] [Times: user=0.00 sys=0.00, real=0.00 secs] 
2021-01-21T22:11:58.192+0800: 22.504: [GC (CMS Final Remark) [YG occupancy: 58377 K (157248 K)]2021-01-21T22:11:58.193+0800: 22.505: [Rescan (parallel) , 0.0070803 secs]2021-01-21T22:11:58.200+0800: 22.512: [weak refs processing, 0.0006170 secs]2021-01-21T22:11:58.201+0800: 22.513: [class unloading, 0.0005595 secs]2021-01-21T22:11:58.202+0800: 22.514: [scrub symbol table, 0.0006655 secs]2021-01-21T22:11:58.203+0800: 22.515: [scrub string table, 0.0005129 secs][1 CMS-remark: 349537K(349568K)] 407915K(506816K), 0.0119011 secs] [Times: user=0.05 sys=0.00, real=0.01 secs] 
2021-01-21T22:11:58.205+0800: 22.517: [CMS-concurrent-sweep-start]
2021-01-21T22:11:58.205+0800: 22.517: [CMS-concurrent-sweep: 0.000/0.000 secs] [Times: user=0.00 sys=0.00, real=0.00 secs] 
2021-01-21T22:11:58.205+0800: 22.517: [CMS-concurrent-reset-start]
2021-01-21T22:11:58.206+0800: 22.518: [CMS-concurrent-reset: 0.000/0.000 secs] [Times: user=0.00 sys=0.00, real=0.00 secs] 
2021-01-21T22:11:58.219+0800: 22.531: [GC (Allocation Failure) 2021-01-21T22:11:58.219+0800: 22.532: [ParNew: 157130K->157130K(157248K), 0.0003173 secs]2021-01-21T22:11:58.220+0800: 22.532: [CMS: 349372K->349554K(349568K), 0.0536779 secs] 506503K->375050K(506816K), [Metaspace: 2816K->2816K(1056768K)], 0.0551994 secs] [Times: user=0.06 sys=0.00, real=0.05 secs] 
2021-01-21T22:11:58.275+0800: 22.587: [GC (CMS Initial Mark) [1 CMS-initial-mark: 349554K(349568K)] 378441K(506816K), 0.0010390 secs] [Times: user=0.00 sys=0.00, real=0.00 secs] 
2021-01-21T22:11:58.277+0800: 22.589: [CMS-concurrent-mark-start]
2021-01-21T22:11:58.279+0800: 22.591: [CMS-concurrent-mark: 0.002/0.002 secs] [Times: user=0.00 sys=0.00, real=0.01 secs] 
2021-01-21T22:11:58.279+0800: 22.591: [CMS-concurrent-preclean-start]
2021-01-21T22:11:58.280+0800: 22.592: [CMS-concurrent-preclean: 0.001/0.001 secs] [Times: user=0.00 sys=0.00, real=0.00 secs] 
2021-01-21T22:11:58.280+0800: 22.593: [CMS-concurrent-abortable-preclean-start]
2021-01-21T22:11:58.280+0800: 22.593: [CMS-concurrent-abortable-preclean: 0.000/0.000 secs] [Times: user=0.00 sys=0.00, real=0.00 secs] 
2021-01-21T22:11:58.281+0800: 22.593: [GC (CMS Final Remark) [YG occupancy: 54870 K (157248 K)]2021-01-21T22:11:58.281+0800: 22.593: [Rescan (parallel) , 0.0010067 secs]2021-01-21T22:11:58.282+0800: 22.594: [weak refs processing, 0.0002249 secs]2021-01-21T22:11:58.283+0800: 22.595: [class unloading, 0.0003890 secs]2021-01-21T22:11:58.283+0800: 22.595: [scrub symbol table, 0.0004977 secs]2021-01-21T22:11:58.284+0800: 22.596: [scrub string table, 0.0004175 secs][1 CMS-remark: 349554K(349568K)] 404424K(506816K), 0.0038750 secs] [Times: user=0.00 sys=0.00, real=0.00 secs] 
2021-01-21T22:11:58.285+0800: 22.597: [CMS-concurrent-sweep-start]
2021-01-21T22:11:58.286+0800: 22.598: [CMS-concurrent-sweep: 0.000/0.000 secs] [Times: user=0.00 sys=0.00, real=0.00 secs] 
2021-01-21T22:11:58.286+0800: 22.598: [CMS-concurrent-reset-start]
2021-01-21T22:11:58.286+0800: 22.598: [CMS-concurrent-reset: 0.000/0.000 secs] [Times: user=0.00 sys=0.00, real=0.00 secs] 
2021-01-21T22:11:58.300+0800: 22.612: [GC (Allocation Failure) 2021-01-21T22:11:58.301+0800: 22.613: [ParNew: 157157K->157157K(157248K), 0.0006546 secs]2021-01-21T22:11:58.302+0800: 22.614: [CMS: 348799K->349520K(349568K), 0.0493366 secs] 505956K->372993K(506816K), [Metaspace: 2816K->2816K(1056768K)], 0.0511837 secs] [Times: user=0.05 sys=0.00, real=0.05 secs] 
2021-01-21T22:11:58.352+0800: 22.664: [GC (CMS Initial Mark) [1 CMS-initial-mark: 349520K(349568K)] 376445K(506816K), 0.0012900 secs] [Times: user=0.00 sys=0.00, real=0.00 secs] 
2021-01-21T22:11:58.354+0800: 22.666: [CMS-concurrent-mark-start]
2021-01-21T22:11:58.356+0800: 22.668: [CMS-concurrent-mark: 0.001/0.001 secs] [Times: user=0.00 sys=0.00, real=0.00 secs] 
2021-01-21T22:11:58.356+0800: 22.668: [CMS-concurrent-preclean-start]
2021-01-21T22:11:58.358+0800: 22.670: [CMS-concurrent-preclean: 0.001/0.001 secs] [Times: user=0.00 sys=0.00, real=0.00 secs] 
2021-01-21T22:11:58.358+0800: 22.670: [CMS-concurrent-abortable-preclean-start]
2021-01-21T22:11:58.358+0800: 22.670: [CMS-concurrent-abortable-preclean: 0.000/0.000 secs] [Times: user=0.00 sys=0.00, real=0.00 secs] 
2021-01-21T22:11:58.359+0800: 22.671: [GC (CMS Final Remark) [YG occupancy: 58716 K (157248 K)]2021-01-21T22:11:58.359+0800: 22.671: [Rescan (parallel) , 0.0012075 secs]2021-01-21T22:11:58.361+0800: 22.673: [weak refs processing, 0.0002967 secs]2021-01-21T22:11:58.361+0800: 22.673: [class unloading, 0.0004211 secs]2021-01-21T22:11:58.362+0800: 22.674: [scrub symbol table, 0.0006226 secs]2021-01-21T22:11:58.363+0800: 22.675: [scrub string table, 0.0004318 secs][1 CMS-remark: 349520K(349568K)] 408236K(506816K), 0.0046287 secs] [Times: user=0.00 sys=0.00, real=0.00 secs] 
2021-01-21T22:11:58.364+0800: 22.676: [CMS-concurrent-sweep-start]
2021-01-21T22:11:58.364+0800: 22.676: [CMS-concurrent-sweep: 0.000/0.000 secs] [Times: user=0.00 sys=0.00, real=0.00 secs] 
2021-01-21T22:11:58.365+0800: 22.677: [CMS-concurrent-reset-start]
2021-01-21T22:11:58.365+0800: 22.677: [CMS-concurrent-reset: 0.000/0.000 secs] [Times: user=0.00 sys=0.00, real=0.00 secs] 
2021-01-21T22:11:58.377+0800: 22.689: [GC (Allocation Failure) 2021-01-21T22:11:58.377+0800: 22.689: [ParNew: 157076K->157076K(157248K), 0.0003540 secs]2021-01-21T22:11:58.378+0800: 22.690: [CMS: 348854K->349346K(349568K), 0.0507314 secs] 505930K->375692K(506816K), [Metaspace: 2816K->2816K(1056768K)], 0.0522239 secs] [Times: user=0.06 sys=0.00, real=0.06 secs] 
2021-01-21T22:11:58.430+0800: 22.742: [GC (CMS Initial Mark) [1 CMS-initial-mark: 349346K(349568K)] 378696K(506816K), 0.0011774 secs] [Times: user=0.00 sys=0.00, real=0.00 secs] 
2021-01-21T22:11:58.432+0800: 22.744: [CMS-concurrent-mark-start]
2021-01-21T22:11:58.433+0800: 22.745: [CMS-concurrent-mark: 0.001/0.001 secs] [Times: user=0.00 sys=0.00, real=0.00 secs] 
2021-01-21T22:11:58.434+0800: 22.746: [CMS-concurrent-preclean-start]
2021-01-21T22:11:58.434+0800: 22.747: [CMS-concurrent-preclean: 0.001/0.001 secs] [Times: user=0.00 sys=0.00, real=0.00 secs] 
2021-01-21T22:11:58.435+0800: 22.747: [CMS-concurrent-abortable-preclean-start]
2021-01-21T22:11:58.435+0800: 22.747: [CMS-concurrent-abortable-preclean: 0.000/0.000 secs] [Times: user=0.00 sys=0.00, real=0.00 secs] 
2021-01-21T22:11:58.436+0800: 22.748: [GC (CMS Final Remark) [YG occupancy: 59252 K (157248 K)]2021-01-21T22:11:58.436+0800: 22.748: [Rescan (parallel) , 0.0011410 secs]2021-01-21T22:11:58.437+0800: 22.749: [weak refs processing, 0.0002891 secs]2021-01-21T22:11:58.438+0800: 22.750: [class unloading, 0.0005839 secs]2021-01-21T22:11:58.439+0800: 22.751: [scrub symbol table, 0.0005849 secs]2021-01-21T22:11:58.440+0800: 22.752: [scrub string table, 0.0003983 secs][1 CMS-remark: 349346K(349568K)] 408598K(506816K), 0.0047480 secs] [Times: user=0.00 sys=0.00, real=0.01 secs] 
2021-01-21T22:11:58.441+0800: 22.753: [CMS-concurrent-sweep-start]
2021-01-21T22:11:58.441+0800: 22.753: [CMS-concurrent-sweep: 0.000/0.000 secs] [Times: user=0.00 sys=0.00, real=0.00 secs] 
2021-01-21T22:11:58.442+0800: 22.754: [CMS-concurrent-reset-start]
2021-01-21T22:11:58.442+0800: 22.754: [CMS-concurrent-reset: 0.000/0.000 secs] [Times: user=0.00 sys=0.00, real=0.00 secs] 
2021-01-21T22:11:58.454+0800: 22.766: [GC (Allocation Failure) 2021-01-21T22:11:58.454+0800: 22.766: [ParNew: 157216K->157216K(157248K), 0.0004298 secs]2021-01-21T22:11:58.455+0800: 22.767: [CMS: 348064K->349345K(349568K), 0.0498272 secs] 505281K->372858K(506816K), [Metaspace: 2816K->2816K(1056768K)], 0.0515465 secs] [Times: user=0.05 sys=0.00, real=0.05 secs] 
2021-01-21T22:11:58.506+0800: 22.818: [GC (CMS Initial Mark) [1 CMS-initial-mark: 349345K(349568K)] 375795K(506816K), 0.0016488 secs] [Times: user=0.01 sys=0.00, real=0.01 secs] 
2021-01-21T22:11:58.509+0800: 22.821: [CMS-concurrent-mark-start]
2021-01-21T22:11:58.511+0800: 22.823: [CMS-concurrent-mark: 0.002/0.002 secs] [Times: user=0.00 sys=0.00, real=0.00 secs] 
2021-01-21T22:11:58.511+0800: 22.823: [CMS-concurrent-preclean-start]
2021-01-21T22:11:58.512+0800: 22.824: [CMS-concurrent-preclean: 0.001/0.001 secs] [Times: user=0.00 sys=0.00, real=0.00 secs] 
2021-01-21T22:11:58.513+0800: 22.825: [CMS-concurrent-abortable-preclean-start]
2021-01-21T22:11:58.513+0800: 22.825: [CMS-concurrent-abortable-preclean: 0.000/0.000 secs] [Times: user=0.00 sys=0.00, real=0.00 secs] 
2021-01-21T22:11:58.514+0800: 22.826: [GC (CMS Final Remark) [YG occupancy: 57044 K (157248 K)]2021-01-21T22:11:58.514+0800: 22.826: [Rescan (parallel) , 0.0011597 secs]2021-01-21T22:11:58.515+0800: 22.827: [weak refs processing, 0.0002720 secs]2021-01-21T22:11:58.516+0800: 22.828: [class unloading, 0.0003729 secs]2021-01-21T22:11:58.517+0800: 22.829: [scrub symbol table, 0.0004980 secs]2021-01-21T22:11:58.517+0800: 22.829: [scrub string table, 0.0003646 secs][1 CMS-remark: 349345K(349568K)] 406389K(506816K), 0.0042401 secs] [Times: user=0.00 sys=0.00, real=0.00 secs] 
2021-01-21T22:11:58.519+0800: 22.831: [CMS-concurrent-sweep-start]
2021-01-21T22:11:58.519+0800: 22.831: [CMS-concurrent-sweep: 0.000/0.000 secs] [Times: user=0.00 sys=0.00, real=0.00 secs] 
2021-01-21T22:11:58.519+0800: 22.831: [CMS-concurrent-reset-start]
2021-01-21T22:11:58.519+0800: 22.831: [CMS-concurrent-reset: 0.000/0.000 secs] [Times: user=0.00 sys=0.00, real=0.00 secs] 
2021-01-21T22:11:58.531+0800: 22.843: [GC (Allocation Failure) 2021-01-21T22:11:58.531+0800: 22.843: [ParNew: 157069K->157069K(157248K), 0.0003170 secs]2021-01-21T22:11:58.532+0800: 22.844: [CMS: 348568K->349473K(349568K), 0.0499769 secs] 505638K->374138K(506816K), [Metaspace: 2816K->2816K(1056768K)], 0.0514614 secs] [Times: user=0.05 sys=0.00, real=0.05 secs] 
2021-01-21T22:11:58.583+0800: 22.895: [GC (CMS Initial Mark) [1 CMS-initial-mark: 349473K(349568K)] 377381K(506816K), 0.0010771 secs] [Times: user=0.01 sys=0.00, real=0.00 secs] 
2021-01-21T22:11:58.585+0800: 22.897: [CMS-concurrent-mark-start]
2021-01-21T22:11:58.586+0800: 22.898: [CMS-concurrent-mark: 0.001/0.001 secs] [Times: user=0.00 sys=0.00, real=0.00 secs] 
2021-01-21T22:11:58.586+0800: 22.898: [CMS-concurrent-preclean-start]
2021-01-21T22:11:58.587+0800: 22.899: [CMS-concurrent-preclean: 0.001/0.001 secs] [Times: user=0.00 sys=0.00, real=0.00 secs] 
2021-01-21T22:11:58.588+0800: 22.900: [CMS-concurrent-abortable-preclean-start]
2021-01-21T22:11:58.588+0800: 22.900: [CMS-concurrent-abortable-preclean: 0.000/0.000 secs] [Times: user=0.00 sys=0.00, real=0.00 secs] 
2021-01-21T22:11:58.588+0800: 22.900: [GC (CMS Final Remark) [YG occupancy: 56476 K (157248 K)]2021-01-21T22:11:58.588+0800: 22.900: [Rescan (parallel) , 0.0006515 secs]2021-01-21T22:11:58.589+0800: 22.901: [weak refs processing, 0.0002546 secs]2021-01-21T22:11:58.590+0800: 22.902: [class unloading, 0.0003995 secs]2021-01-21T22:11:58.590+0800: 22.902: [scrub symbol table, 0.0005182 secs]2021-01-21T22:11:58.591+0800: 22.903: [scrub string table, 0.0003715 secs][1 CMS-remark: 349473K(349568K)] 405949K(506816K), 0.0037818 secs] [Times: user=0.01 sys=0.00, real=0.01 secs] 
2021-01-21T22:11:58.592+0800: 22.904: [CMS-concurrent-sweep-start]
2021-01-21T22:11:58.593+0800: 22.905: [CMS-concurrent-sweep: 0.000/0.000 secs] [Times: user=0.00 sys=0.00, real=0.00 secs] 
2021-01-21T22:11:58.593+0800: 22.905: [CMS-concurrent-reset-start]
2021-01-21T22:11:58.593+0800: 22.905: [CMS-concurrent-reset: 0.000/0.000 secs] [Times: user=0.00 sys=0.00, real=0.00 secs] 
2021-01-21T22:11:58.606+0800: 22.918: [GC (Allocation Failure) 2021-01-21T22:11:58.607+0800: 22.919: [ParNew: 157091K->157091K(157248K), 0.0003736 secs]2021-01-21T22:11:58.608+0800: 22.920: [CMS: 348983K->349439K(349568K), 0.0497205 secs] 506074K->374305K(506816K), [Metaspace: 2816K->2816K(1056768K)], 0.0513591 secs] [Times: user=0.05 sys=0.00, real=0.06 secs] 
2021-01-21T22:11:58.659+0800: 22.971: [GC (CMS Initial Mark) [1 CMS-initial-mark: 349439K(349568K)] 377233K(506816K), 0.0014320 secs] [Times: user=0.00 sys=0.00, real=0.00 secs] 
2021-01-21T22:11:58.661+0800: 22.973: [CMS-concurrent-mark-start]
2021-01-21T22:11:58.663+0800: 22.975: [CMS-concurrent-mark: 0.002/0.002 secs] [Times: user=0.01 sys=0.00, real=0.00 secs] 
2021-01-21T22:11:58.663+0800: 22.976: [CMS-concurrent-preclean-start]
2021-01-21T22:11:58.665+0800: 22.977: [CMS-concurrent-preclean: 0.001/0.001 secs] [Times: user=0.00 sys=0.00, real=0.00 secs] 
2021-01-21T22:11:58.665+0800: 22.977: [CMS-concurrent-abortable-preclean-start]
2021-01-21T22:11:58.665+0800: 22.977: [CMS-concurrent-abortable-preclean: 0.000/0.000 secs] [Times: user=0.00 sys=0.00, real=0.00 secs] 
2021-01-21T22:11:58.666+0800: 22.978: [GC (CMS Final Remark) [YG occupancy: 58089 K (157248 K)]2021-01-21T22:11:58.666+0800: 22.978: [Rescan (parallel) , 0.0013338 secs]2021-01-21T22:11:58.668+0800: 22.980: [weak refs processing, 0.0002606 secs]2021-01-21T22:11:58.668+0800: 22.980: [class unloading, 0.0005109 secs]2021-01-21T22:11:58.669+0800: 22.981: [scrub symbol table, 0.0006191 secs]2021-01-21T22:11:58.670+0800: 22.982: [scrub string table, 0.0004337 secs][1 CMS-remark: 349439K(349568K)] 407528K(506816K), 0.0049608 secs] [Times: user=0.01 sys=0.00, real=0.01 secs] 
2021-01-21T22:11:58.671+0800: 22.984: [CMS-concurrent-sweep-start]
2021-01-21T22:11:58.672+0800: 22.984: [CMS-concurrent-sweep: 0.000/0.000 secs] [Times: user=0.00 sys=0.00, real=0.00 secs] 
2021-01-21T22:11:58.672+0800: 22.984: [CMS-concurrent-reset-start]
2021-01-21T22:11:58.672+0800: 22.984: [CMS-concurrent-reset: 0.000/0.000 secs] [Times: user=0.00 sys=0.00, real=0.00 secs] 
2021-01-21T22:11:58.684+0800: 22.996: [GC (Allocation Failure) 2021-01-21T22:11:58.684+0800: 22.996: [ParNew: 157233K->157233K(157248K), 0.0003358 secs]2021-01-21T22:11:58.685+0800: 22.997: [CMS: 348451K->349531K(349568K), 0.0494095 secs] 505685K->380655K(506816K), [Metaspace: 2816K->2816K(1056768K)], 0.0509109 secs] [Times: user=0.05 sys=0.00, real=0.05 secs] 
2021-01-21T22:11:58.736+0800: 23.048: [GC (CMS Initial Mark) [1 CMS-initial-mark: 349531K(349568K)] 383346K(506816K), 0.0012582 secs] [Times: user=0.00 sys=0.00, real=0.00 secs] 
2021-01-21T22:11:58.738+0800: 23.050: [CMS-concurrent-mark-start]
2021-01-21T22:11:58.739+0800: 23.051: [CMS-concurrent-mark: 0.001/0.001 secs] [Times: user=0.01 sys=0.00, real=0.01 secs] 
2021-01-21T22:11:58.739+0800: 23.051: [CMS-concurrent-preclean-start]
2021-01-21T22:11:58.741+0800: 23.053: [CMS-concurrent-preclean: 0.001/0.001 secs] [Times: user=0.00 sys=0.00, real=0.00 secs] 
2021-01-21T22:11:58.741+0800: 23.053: [CMS-concurrent-abortable-preclean-start]
2021-01-21T22:11:58.741+0800: 23.053: [CMS-concurrent-abortable-preclean: 0.000/0.000 secs] [Times: user=0.00 sys=0.00, real=0.00 secs] 
2021-01-21T22:11:58.742+0800: 23.054: [GC (CMS Final Remark) [YG occupancy: 68748 K (157248 K)]2021-01-21T22:11:58.742+0800: 23.054: [Rescan (parallel) , 0.0011423 secs]2021-01-21T22:11:58.743+0800: 23.056: [weak refs processing, 0.0003227 secs]2021-01-21T22:11:58.744+0800: 23.056: [class unloading, 0.0005930 secs]2021-01-21T22:11:58.745+0800: 23.057: [scrub symbol table, 0.0006408 secs]2021-01-21T22:11:58.746+0800: 23.058: [scrub string table, 0.0003090 secs][1 CMS-remark: 349531K(349568K)] 418280K(506816K), 0.0049023 secs] [Times: user=0.01 sys=0.00, real=0.00 secs] 
2021-01-21T22:11:58.747+0800: 23.059: [CMS-concurrent-sweep-start]
2021-01-21T22:11:58.747+0800: 23.059: [CMS-concurrent-sweep: 0.000/0.000 secs] [Times: user=0.00 sys=0.00, real=0.00 secs] 
2021-01-21T22:11:58.748+0800: 23.060: [CMS-concurrent-reset-start]
2021-01-21T22:11:58.748+0800: 23.060: [CMS-concurrent-reset: 0.000/0.000 secs] [Times: user=0.00 sys=0.00, real=0.00 secs] 
2021-01-21T22:11:58.758+0800: 23.070: [GC (Allocation Failure) 2021-01-21T22:11:58.759+0800: 23.071: [ParNew: 157120K->157120K(157248K), 0.0004161 secs]2021-01-21T22:11:58.759+0800: 23.071: [CMS: 349072K->349530K(349568K), 0.0481320 secs] 506192K->382643K(506816K), [Metaspace: 2816K->2816K(1056768K)], 0.0497416 secs] [Times: user=0.05 sys=0.00, real=0.05 secs] 
2021-01-21T22:11:58.809+0800: 23.121: [GC (CMS Initial Mark) [1 CMS-initial-mark: 349530K(349568K)] 385545K(506816K), 0.0014176 secs] [Times: user=0.00 sys=0.00, real=0.00 secs] 
2021-01-21T22:11:58.811+0800: 23.123: [CMS-concurrent-mark-start]
2021-01-21T22:11:58.813+0800: 23.125: [CMS-concurrent-mark: 0.002/0.002 secs] [Times: user=0.00 sys=0.00, real=0.00 secs] 
2021-01-21T22:11:58.813+0800: 23.125: [CMS-concurrent-preclean-start]
2021-01-21T22:11:58.814+0800: 23.126: [CMS-concurrent-preclean: 0.001/0.001 secs] [Times: user=0.00 sys=0.00, real=0.00 secs] 
2021-01-21T22:11:58.815+0800: 23.127: [CMS-concurrent-abortable-preclean-start]
2021-01-21T22:11:58.815+0800: 23.127: [CMS-concurrent-abortable-preclean: 0.000/0.000 secs] [Times: user=0.00 sys=0.00, real=0.00 secs] 
2021-01-21T22:11:58.815+0800: 23.127: [GC (CMS Final Remark) [YG occupancy: 60665 K (157248 K)]2021-01-21T22:11:58.816+0800: 23.128: [Rescan (parallel) , 0.0007693 secs]2021-01-21T22:11:58.817+0800: 23.129: [weak refs processing, 0.0004832 secs]2021-01-21T22:11:58.818+0800: 23.130: [class unloading, 0.0006531 secs]2021-01-21T22:11:58.819+0800: 23.131: [scrub symbol table, 0.0008212 secs]2021-01-21T22:11:58.820+0800: 23.132: [scrub string table, 0.0004667 secs][1 CMS-remark: 349530K(349568K)] 410195K(506816K), 0.0051213 secs] [Times: user=0.00 sys=0.00, real=0.01 secs] 
2021-01-21T22:11:58.821+0800: 23.133: [CMS-concurrent-sweep-start]
2021-01-21T22:11:58.821+0800: 23.134: [CMS-concurrent-sweep: 0.000/0.000 secs] [Times: user=0.00 sys=0.00, real=0.00 secs] 
2021-01-21T22:11:58.822+0800: 23.134: [CMS-concurrent-reset-start]
2021-01-21T22:11:58.822+0800: 23.134: [CMS-concurrent-reset: 0.000/0.000 secs] [Times: user=0.00 sys=0.00, real=0.00 secs] 
2021-01-21T22:11:58.834+0800: 23.146: [GC (Allocation Failure) 2021-01-21T22:11:58.834+0800: 23.146: [ParNew: 156797K->156797K(157248K), 0.0003585 secs]2021-01-21T22:11:58.835+0800: 23.147: [CMS: 349499K->349514K(349568K), 0.0504341 secs] 506296K->377849K(506816K), [Metaspace: 2816K->2816K(1056768K)], 0.0520842 secs] [Times: user=0.05 sys=0.00, real=0.05 secs] 
2021-01-21T22:11:58.887+0800: 23.199: [GC (CMS Initial Mark) [1 CMS-initial-mark: 349514K(349568K)] 380996K(506816K), 0.0015033 secs] [Times: user=0.01 sys=0.00, real=0.01 secs] 
2021-01-21T22:11:58.889+0800: 23.201: [CMS-concurrent-mark-start]
2021-01-21T22:11:58.891+0800: 23.203: [CMS-concurrent-mark: 0.002/0.002 secs] [Times: user=0.00 sys=0.00, real=0.00 secs] 
2021-01-21T22:11:58.891+0800: 23.203: [CMS-concurrent-preclean-start]
2021-01-21T22:11:58.893+0800: 23.205: [CMS-concurrent-preclean: 0.001/0.001 secs] [Times: user=0.00 sys=0.00, real=0.00 secs] 
2021-01-21T22:11:58.893+0800: 23.205: [CMS-concurrent-abortable-preclean-start]
2021-01-21T22:11:58.893+0800: 23.205: [CMS-concurrent-abortable-preclean: 0.000/0.000 secs] [Times: user=0.00 sys=0.00, real=0.00 secs] 
2021-01-21T22:11:58.894+0800: 23.206: [GC (CMS Final Remark) [YG occupancy: 59556 K (157248 K)]2021-01-21T22:11:58.894+0800: 23.206: [Rescan (parallel) , 0.0007434 secs]2021-01-21T22:11:58.895+0800: 23.207: [weak refs processing, 0.0003800 secs]2021-01-21T22:11:58.896+0800: 23.208: [class unloading, 0.0004700 secs]2021-01-21T22:11:58.896+0800: 23.208: [scrub symbol table, 0.0005412 secs]2021-01-21T22:11:58.897+0800: 23.209: [scrub string table, 0.0004122 secs][1 CMS-remark: 349514K(349568K)] 409071K(506816K), 0.0042451 secs] [Times: user=0.00 sys=0.00, real=0.00 secs] 
2021-01-21T22:11:58.898+0800: 23.211: [CMS-concurrent-sweep-start]
2021-01-21T22:11:58.899+0800: 23.211: [CMS-concurrent-sweep: 0.000/0.000 secs] [Times: user=0.00 sys=0.00, real=0.00 secs] 
2021-01-21T22:11:58.899+0800: 23.211: [CMS-concurrent-reset-start]
2021-01-21T22:11:58.899+0800: 23.211: [CMS-concurrent-reset: 0.000/0.000 secs] [Times: user=0.00 sys=0.00, real=0.00 secs] 
2021-01-21T22:11:58.912+0800: 23.224: [GC (Allocation Failure) 2021-01-21T22:11:58.912+0800: 23.224: [ParNew: 157181K->157181K(157248K), 0.0003770 secs]2021-01-21T22:11:58.913+0800: 23.225: [CMS: 348606K->349361K(349568K), 0.0492537 secs] 505787K->377594K(506816K), [Metaspace: 2816K->2816K(1056768K)], 0.0509698 secs] [Times: user=0.05 sys=0.00, real=0.05 secs] 
2021-01-21T22:11:58.964+0800: 23.276: [GC (CMS Initial Mark) [1 CMS-initial-mark: 349361K(349568K)] 380733K(506816K), 0.0012207 secs] [Times: user=0.00 sys=0.00, real=0.00 secs] 
2021-01-21T22:11:58.966+0800: 23.278: [CMS-concurrent-mark-start]
2021-01-21T22:11:58.967+0800: 23.279: [CMS-concurrent-mark: 0.001/0.001 secs] [Times: user=0.00 sys=0.00, real=0.00 secs] 
2021-01-21T22:11:58.967+0800: 23.279: [CMS-concurrent-preclean-start]
2021-01-21T22:11:58.968+0800: 23.280: [CMS-concurrent-preclean: 0.001/0.001 secs] [Times: user=0.00 sys=0.00, real=0.01 secs] 
2021-01-21T22:11:58.968+0800: 23.280: [CMS-concurrent-abortable-preclean-start]
2021-01-21T22:11:58.968+0800: 23.280: [CMS-concurrent-abortable-preclean: 0.000/0.000 secs] [Times: user=0.00 sys=0.00, real=0.00 secs] 
2021-01-21T22:11:58.969+0800: 23.281: [GC (CMS Final Remark) [YG occupancy: 55160 K (157248 K)]2021-01-21T22:11:58.969+0800: 23.281: [Rescan (parallel) , 0.0011009 secs]2021-01-21T22:11:58.970+0800: 23.283: [weak refs processing, 0.0002801 secs]2021-01-21T22:11:58.971+0800: 23.283: [class unloading, 0.0004766 secs]2021-01-21T22:11:58.972+0800: 23.284: [scrub symbol table, 0.0006053 secs]2021-01-21T22:11:58.973+0800: 23.285: [scrub string table, 0.0004461 secs][1 CMS-remark: 349361K(349568K)] 404521K(506816K), 0.0046276 secs] [Times: user=0.01 sys=0.00, real=0.00 secs] 
2021-01-21T22:11:58.974+0800: 23.286: [CMS-concurrent-sweep-start]
2021-01-21T22:11:58.975+0800: 23.287: [CMS-concurrent-sweep: 0.000/0.000 secs] [Times: user=0.00 sys=0.00, real=0.00 secs] 
2021-01-21T22:11:58.975+0800: 23.287: [CMS-concurrent-reset-start]
2021-01-21T22:11:58.975+0800: 23.287: [CMS-concurrent-reset: 0.000/0.000 secs] [Times: user=0.00 sys=0.00, real=0.00 secs] 
2021-01-21T22:11:58.986+0800: 23.298: [GC (Allocation Failure) 2021-01-21T22:11:58.987+0800: 23.299: [ParNew: 157170K->157170K(157248K), 0.0002819 secs]2021-01-21T22:11:58.987+0800: 23.299: [CMS: 349062K->349437K(349568K), 0.0475480 secs] 506233K->374225K(506816K), [Metaspace: 2816K->2816K(1056768K)], 0.0491392 secs] [Times: user=0.05 sys=0.00, real=0.05 secs] 
2021-01-21T22:11:59.036+0800: 23.348: [GC (CMS Initial Mark) [1 CMS-initial-mark: 349437K(349568K)] 377215K(506816K), 0.0014452 secs] [Times: user=0.00 sys=0.00, real=0.00 secs] 
2021-01-21T22:11:59.038+0800: 23.350: [CMS-concurrent-mark-start]
2021-01-21T22:11:59.040+0800: 23.352: [CMS-concurrent-mark: 0.001/0.001 secs] [Times: user=0.00 sys=0.00, real=0.00 secs] 
2021-01-21T22:11:59.040+0800: 23.352: [CMS-concurrent-preclean-start]
2021-01-21T22:11:59.041+0800: 23.353: [CMS-concurrent-preclean: 0.001/0.001 secs] [Times: user=0.00 sys=0.00, real=0.00 secs] 
2021-01-21T22:11:59.041+0800: 23.354: [CMS-concurrent-abortable-preclean-start]
2021-01-21T22:11:59.041+0800: 23.354: [CMS-concurrent-abortable-preclean: 0.000/0.000 secs] [Times: user=0.00 sys=0.00, real=0.00 secs] 
2021-01-21T22:11:59.042+0800: 23.354: [GC (CMS Final Remark) [YG occupancy: 48087 K (157248 K)]2021-01-21T22:11:59.042+0800: 23.354: [Rescan (parallel) , 0.0010092 secs]2021-01-21T22:11:59.043+0800: 23.356: [weak refs processing, 0.0002490 secs]2021-01-21T22:11:59.044+0800: 23.356: [class unloading, 0.0005525 secs]2021-01-21T22:11:59.045+0800: 23.357: [scrub symbol table, 0.0006037 secs]2021-01-21T22:11:59.046+0800: 23.358: [scrub string table, 0.0003465 secs][1 CMS-remark: 349437K(349568K)] 397524K(506816K), 0.0046243 secs] [Times: user=0.00 sys=0.00, real=0.00 secs] 
2021-01-21T22:11:59.047+0800: 23.359: [CMS-concurrent-sweep-start]
2021-01-21T22:11:59.047+0800: 23.359: [CMS-concurrent-sweep: 0.000/0.000 secs] [Times: user=0.00 sys=0.00, real=0.00 secs] 
2021-01-21T22:11:59.048+0800: 23.360: [CMS-concurrent-reset-start]
2021-01-21T22:11:59.048+0800: 23.360: [CMS-concurrent-reset: 0.000/0.000 secs] [Times: user=0.00 sys=0.00, real=0.00 secs] 
2021-01-21T22:11:59.059+0800: 23.371: [GC (Allocation Failure) 2021-01-21T22:11:59.060+0800: 23.372: [ParNew: 157047K->157047K(157248K), 0.0004300 secs]2021-01-21T22:11:59.061+0800: 23.373: [CMS: 349145K->349529K(349568K), 0.0488679 secs] 506192K->373379K(506816K), [Metaspace: 2816K->2816K(1056768K)], 0.0508442 secs] [Times: user=0.05 sys=0.00, real=0.05 secs] 
2021-01-21T22:11:59.111+0800: 23.423: [GC (CMS Initial Mark) [1 CMS-initial-mark: 349529K(349568K)] 376764K(506816K), 0.0012688 secs] [Times: user=0.00 sys=0.00, real=0.00 secs] 
2021-01-21T22:11:59.113+0800: 23.425: [CMS-concurrent-mark-start]
2021-01-21T22:11:59.114+0800: 23.426: [CMS-concurrent-mark: 0.001/0.001 secs] [Times: user=0.01 sys=0.00, real=0.00 secs] 
2021-01-21T22:11:59.115+0800: 23.427: [CMS-concurrent-preclean-start]
2021-01-21T22:11:59.116+0800: 23.428: [CMS-concurrent-preclean: 0.001/0.001 secs] [Times: user=0.00 sys=0.00, real=0.00 secs] 
2021-01-21T22:11:59.116+0800: 23.428: [CMS-concurrent-abortable-preclean-start]
2021-01-21T22:11:59.116+0800: 23.428: [CMS-concurrent-abortable-preclean: 0.000/0.000 secs] [Times: user=0.00 sys=0.00, real=0.00 secs] 
2021-01-21T22:11:59.116+0800: 23.428: [GC (CMS Final Remark) [YG occupancy: 44324 K (157248 K)]2021-01-21T22:11:59.117+0800: 23.429: [Rescan (parallel) , 0.0006320 secs]2021-01-21T22:11:59.118+0800: 23.430: [weak refs processing, 0.0002287 secs]2021-01-21T22:11:59.118+0800: 23.430: [class unloading, 0.0004495 secs]2021-01-21T22:11:59.119+0800: 23.431: [scrub symbol table, 0.0005176 secs]2021-01-21T22:11:59.120+0800: 23.432: [scrub string table, 0.0003901 secs][1 CMS-remark: 349529K(349568K)] 393853K(506816K), 0.0037364 secs] [Times: user=0.01 sys=0.00, real=0.01 secs] 
2021-01-21T22:11:59.121+0800: 23.433: [CMS-concurrent-sweep-start]
2021-01-21T22:11:59.121+0800: 23.433: [CMS-concurrent-sweep: 0.000/0.000 secs] [Times: user=0.00 sys=0.00, real=0.00 secs] 
2021-01-21T22:11:59.121+0800: 23.433: [CMS-concurrent-reset-start]
2021-01-21T22:11:59.121+0800: 23.434: [CMS-concurrent-reset: 0.000/0.000 secs] [Times: user=0.00 sys=0.00, real=0.00 secs] 
2021-01-21T22:11:59.136+0800: 23.449: [GC (Allocation Failure) 2021-01-21T22:11:59.137+0800: 23.449: [ParNew: 157146K->157146K(157248K), 0.0003972 secs]2021-01-21T22:11:59.138+0800: 23.450: [CMS: 347427K->349561K(349568K), 0.0475617 secs] 504574K->367395K(506816K), [Metaspace: 2816K->2816K(1056768K)], 0.0492148 secs] [Times: user=0.05 sys=0.00, real=0.05 secs] 
2021-01-21T22:11:59.186+0800: 23.498: [GC (CMS Initial Mark) [1 CMS-initial-mark: 349561K(349568K)] 370231K(506816K), 0.0009875 secs] [Times: user=0.00 sys=0.00, real=0.00 secs] 
2021-01-21T22:11:59.188+0800: 23.500: [CMS-concurrent-mark-start]
2021-01-21T22:11:59.190+0800: 23.502: [CMS-concurrent-mark: 0.002/0.002 secs] [Times: user=0.01 sys=0.00, real=0.01 secs] 
2021-01-21T22:11:59.190+0800: 23.502: [CMS-concurrent-preclean-start]
2021-01-21T22:11:59.191+0800: 23.503: [CMS-concurrent-preclean: 0.001/0.001 secs] [Times: user=0.00 sys=0.00, real=0.00 secs] 
2021-01-21T22:11:59.192+0800: 23.504: [CMS-concurrent-abortable-preclean-start]
2021-01-21T22:11:59.192+0800: 23.504: [CMS-concurrent-abortable-preclean: 0.000/0.000 secs] [Times: user=0.00 sys=0.00, real=0.00 secs] 
2021-01-21T22:11:59.192+0800: 23.504: [GC (CMS Final Remark) [YG occupancy: 47096 K (157248 K)]2021-01-21T22:11:59.193+0800: 23.505: [Rescan (parallel) , 0.0012361 secs]2021-01-21T22:11:59.194+0800: 23.506: [weak refs processing, 0.0002962 secs]2021-01-21T22:11:59.195+0800: 23.507: [class unloading, 0.0005894 secs]2021-01-21T22:11:59.196+0800: 23.508: [scrub symbol table, 0.0006347 secs]2021-01-21T22:11:59.197+0800: 23.509: [scrub string table, 0.0003974 secs][1 CMS-remark: 349561K(349568K)] 396658K(506816K), 0.0048963 secs] [Times: user=0.00 sys=0.00, real=0.00 secs] 
2021-01-21T22:11:59.198+0800: 23.510: [CMS-concurrent-sweep-start]
2021-01-21T22:11:59.198+0800: 23.510: [CMS-concurrent-sweep: 0.000/0.000 secs] [Times: user=0.00 sys=0.00, real=0.00 secs] 
2021-01-21T22:11:59.198+0800: 23.510: [CMS-concurrent-reset-start]
2021-01-21T22:11:59.198+0800: 23.511: [CMS-concurrent-reset: 0.000/0.000 secs] [Times: user=0.00 sys=0.00, real=0.00 secs] 
2021-01-21T22:11:59.212+0800: 23.524: [GC (Allocation Failure) 2021-01-21T22:11:59.212+0800: 23.524: [ParNew: 157059K->157059K(157248K), 0.0004448 secs]2021-01-21T22:11:59.213+0800: 23.525: [CMS: 348797K->349565K(349568K), 0.0471685 secs] 505856K->363364K(506816K), [Metaspace: 2816K->2816K(1056768K)], 0.0488314 secs] [Times: user=0.05 sys=0.00, real=0.05 secs] 
2021-01-21T22:11:59.261+0800: 23.574: [GC (CMS Initial Mark) [1 CMS-initial-mark: 349565K(349568K)] 366631K(506816K), 0.0015878 secs] [Times: user=0.00 sys=0.00, real=0.00 secs] 
2021-01-21T22:11:59.264+0800: 23.576: [CMS-concurrent-mark-start]
2021-01-21T22:11:59.265+0800: 23.577: [CMS-concurrent-mark: 0.001/0.001 secs] [Times: user=0.00 sys=0.00, real=0.00 secs] 
2021-01-21T22:11:59.266+0800: 23.578: [CMS-concurrent-preclean-start]
2021-01-21T22:11:59.267+0800: 23.579: [CMS-concurrent-preclean: 0.001/0.001 secs] [Times: user=0.01 sys=0.00, real=0.00 secs] 
2021-01-21T22:11:59.267+0800: 23.579: [CMS-concurrent-abortable-preclean-start]
2021-01-21T22:11:59.267+0800: 23.579: [CMS-concurrent-abortable-preclean: 0.000/0.000 secs] [Times: user=0.00 sys=0.00, real=0.00 secs] 
2021-01-21T22:11:59.268+0800: 23.580: [GC (CMS Final Remark) [YG occupancy: 43999 K (157248 K)]2021-01-21T22:11:59.268+0800: 23.580: [Rescan (parallel) , 0.0011017 secs]2021-01-21T22:11:59.269+0800: 23.581: [weak refs processing, 0.0002598 secs]2021-01-21T22:11:59.270+0800: 23.582: [class unloading, 0.0004035 secs]2021-01-21T22:11:59.271+0800: 23.583: [scrub symbol table, 0.0005021 secs]2021-01-21T22:11:59.271+0800: 23.583: [scrub string table, 0.0003611 secs][1 CMS-remark: 349565K(349568K)] 393564K(506816K), 0.0042221 secs] [Times: user=0.00 sys=0.00, real=0.01 secs] 
2021-01-21T22:11:59.273+0800: 23.585: [CMS-concurrent-sweep-start]
2021-01-21T22:11:59.273+0800: 23.585: [CMS-concurrent-sweep: 0.000/0.000 secs] [Times: user=0.00 sys=0.00, real=0.00 secs] 
2021-01-21T22:11:59.273+0800: 23.585: [CMS-concurrent-reset-start]
2021-01-21T22:11:59.273+0800: 23.586: [CMS-concurrent-reset: 0.000/0.000 secs] [Times: user=0.00 sys=0.00, real=0.00 secs] 
2021-01-21T22:11:59.288+0800: 23.600: [GC (Allocation Failure) 2021-01-21T22:11:59.289+0800: 23.601: [ParNew: 157168K->157168K(157248K), 0.0003501 secs]2021-01-21T22:11:59.289+0800: 23.601: [CMS: 347810K->349427K(349568K), 0.0524631 secs] 504979K->359359K(506816K), [Metaspace: 2816K->2816K(1056768K)], 0.0540793 secs] [Times: user=0.05 sys=0.00, real=0.05 secs] 
2021-01-21T22:11:59.343+0800: 23.655: [GC (CMS Initial Mark) [1 CMS-initial-mark: 349427K(349568K)] 362502K(506816K), 0.0009086 secs] [Times: user=0.00 sys=0.00, real=0.00 secs] 
2021-01-21T22:11:59.344+0800: 23.656: [CMS-concurrent-mark-start]
2021-01-21T22:11:59.346+0800: 23.658: [CMS-concurrent-mark: 0.001/0.001 secs] [Times: user=0.00 sys=0.00, real=0.00 secs] 
2021-01-21T22:11:59.346+0800: 23.658: [CMS-concurrent-preclean-start]
2021-01-21T22:11:59.347+0800: 23.659: [CMS-concurrent-preclean: 0.001/0.001 secs] [Times: user=0.00 sys=0.00, real=0.00 secs] 
2021-01-21T22:11:59.348+0800: 23.660: [CMS-concurrent-abortable-preclean-start]
2021-01-21T22:11:59.348+0800: 23.660: [CMS-concurrent-abortable-preclean: 0.000/0.000 secs] [Times: user=0.00 sys=0.00, real=0.00 secs] 
2021-01-21T22:11:59.348+0800: 23.661: [GC (CMS Final Remark) [YG occupancy: 36971 K (157248 K)]2021-01-21T22:11:59.349+0800: 23.661: [Rescan (parallel) , 0.0014784 secs]2021-01-21T22:11:59.351+0800: 23.663: [weak refs processing, 0.0003454 secs]2021-01-21T22:11:59.351+0800: 23.663: [class unloading, 0.0003506 secs]2021-01-21T22:11:59.352+0800: 23.664: [scrub symbol table, 0.0004112 secs]2021-01-21T22:11:59.352+0800: 23.664: [scrub string table, 0.0002934 secs][1 CMS-remark: 349427K(349568K)] 386399K(506816K), 0.0042099 secs] [Times: user=0.00 sys=0.00, real=0.00 secs] 
2021-01-21T22:11:59.353+0800: 23.665: [CMS-concurrent-sweep-start]
2021-01-21T22:11:59.353+0800: 23.665: [CMS-concurrent-sweep: 0.000/0.000 secs] [Times: user=0.00 sys=0.00, real=0.00 secs] 
2021-01-21T22:11:59.354+0800: 23.666: [CMS-concurrent-reset-start]
2021-01-21T22:11:59.354+0800: 23.666: [CMS-concurrent-reset: 0.000/0.000 secs] [Times: user=0.00 sys=0.00, real=0.00 secs] 
2021-01-21T22:11:59.369+0800: 23.681: [GC (Allocation Failure) 2021-01-21T22:11:59.370+0800: 23.682: [ParNew: 157018K->157018K(157248K), 0.0002561 secs]2021-01-21T22:11:59.370+0800: 23.682: [CMS: 348663K->349557K(349568K), 0.0492677 secs] 505682K->363926K(506816K), [Metaspace: 2816K->2816K(1056768K)], 0.0508353 secs] [Times: user=0.05 sys=0.00, real=0.05 secs] 
2021-01-21T22:11:59.421+0800: 23.733: [GC (CMS Initial Mark) [1 CMS-initial-mark: 349557K(349568K)] 367009K(506816K), 0.0014838 secs] [Times: user=0.00 sys=0.00, real=0.00 secs] 
2021-01-21T22:11:59.424+0800: 23.736: [CMS-concurrent-mark-start]
2021-01-21T22:11:59.425+0800: 23.737: [CMS-concurrent-mark: 0.002/0.002 secs] [Times: user=0.01 sys=0.00, real=0.00 secs] 
2021-01-21T22:11:59.426+0800: 23.738: [CMS-concurrent-preclean-start]
2021-01-21T22:11:59.427+0800: 23.739: [CMS-concurrent-preclean: 0.001/0.001 secs] [Times: user=0.00 sys=0.00, real=0.00 secs] 
2021-01-21T22:11:59.427+0800: 23.739: [CMS-concurrent-abortable-preclean-start]
2021-01-21T22:11:59.427+0800: 23.739: [CMS-concurrent-abortable-preclean: 0.000/0.000 secs] [Times: user=0.00 sys=0.00, real=0.00 secs] 
2021-01-21T22:11:59.428+0800: 23.740: [GC (CMS Final Remark) [YG occupancy: 44685 K (157248 K)]2021-01-21T22:11:59.428+0800: 23.740: [Rescan (parallel) , 0.0008841 secs]2021-01-21T22:11:59.429+0800: 23.741: [weak refs processing, 0.0003200 secs]2021-01-21T22:11:59.430+0800: 23.742: [class unloading, 0.0005104 secs]2021-01-21T22:11:59.431+0800: 23.743: [scrub symbol table, 0.0006041 secs]2021-01-21T22:11:59.432+0800: 23.744: [scrub string table, 0.0004630 secs][1 CMS-remark: 349557K(349568K)] 394242K(506816K), 0.0047894 secs] [Times: user=0.01 sys=0.00, real=0.01 secs] 
2021-01-21T22:11:59.433+0800: 23.745: [CMS-concurrent-sweep-start]
2021-01-21T22:11:59.434+0800: 23.746: [CMS-concurrent-sweep: 0.000/0.000 secs] [Times: user=0.00 sys=0.00, real=0.00 secs] 
2021-01-21T22:11:59.434+0800: 23.746: [CMS-concurrent-reset-start]
2021-01-21T22:11:59.434+0800: 23.746: [CMS-concurrent-reset: 0.000/0.000 secs] [Times: user=0.00 sys=0.00, real=0.00 secs] 
2021-01-21T22:11:59.448+0800: 23.760: [GC (Allocation Failure) 2021-01-21T22:11:59.448+0800: 23.760: [ParNew: 156674K->156674K(157248K), 0.0003558 secs]2021-01-21T22:11:59.449+0800: 23.761: [CMS: 345630K->349547K(349568K), 0.0484223 secs] 502305K->370328K(506816K), [Metaspace: 2816K->2816K(1056768K)], 0.0500542 secs] [Times: user=0.05 sys=0.00, real=0.06 secs] 
2021-01-21T22:11:59.499+0800: 23.811: [GC (CMS Initial Mark) [1 CMS-initial-mark: 349547K(349568K)] 373671K(506816K), 0.0012043 secs] [Times: user=0.00 sys=0.00, real=0.00 secs] 
2021-01-21T22:11:59.501+0800: 23.813: [CMS-concurrent-mark-start]
2021-01-21T22:11:59.502+0800: 23.814: [CMS-concurrent-mark: 0.001/0.001 secs] [Times: user=0.01 sys=0.00, real=0.00 secs] 
2021-01-21T22:11:59.502+0800: 23.814: [CMS-concurrent-preclean-start]
2021-01-21T22:11:59.503+0800: 23.815: [CMS-concurrent-preclean: 0.001/0.001 secs] [Times: user=0.00 sys=0.00, real=0.00 secs] 
2021-01-21T22:11:59.503+0800: 23.815: [CMS-concurrent-abortable-preclean-start]
2021-01-21T22:11:59.503+0800: 23.815: [CMS-concurrent-abortable-preclean: 0.000/0.000 secs] [Times: user=0.00 sys=0.00, real=0.00 secs] 
2021-01-21T22:11:59.504+0800: 23.816: [GC (CMS Final Remark) [YG occupancy: 45059 K (157248 K)]2021-01-21T22:11:59.504+0800: 23.816: [Rescan (parallel) , 0.0011705 secs]2021-01-21T22:11:59.506+0800: 23.818: [weak refs processing, 0.0003104 secs]2021-01-21T22:11:59.506+0800: 23.818: [class unloading, 0.0004645 secs]2021-01-21T22:11:59.507+0800: 23.819: [scrub symbol table, 0.0005252 secs]2021-01-21T22:11:59.508+0800: 23.820: [scrub string table, 0.0005037 secs][1 CMS-remark: 349547K(349568K)] 394606K(506816K), 0.0047366 secs] [Times: user=0.00 sys=0.00, real=0.01 secs] 
2021-01-21T22:11:59.509+0800: 23.821: [CMS-concurrent-sweep-start]
2021-01-21T22:11:59.510+0800: 23.822: [CMS-concurrent-sweep: 0.000/0.000 secs] [Times: user=0.00 sys=0.00, real=0.00 secs] 
2021-01-21T22:11:59.510+0800: 23.822: [CMS-concurrent-reset-start]
2021-01-21T22:11:59.510+0800: 23.822: [CMS-concurrent-reset: 0.000/0.000 secs] [Times: user=0.00 sys=0.00, real=0.00 secs] 
2021-01-21T22:11:59.522+0800: 23.834: [GC (Allocation Failure) 2021-01-21T22:11:59.522+0800: 23.834: [ParNew: 157127K->157127K(157248K), 0.0004087 secs]2021-01-21T22:11:59.523+0800: 23.835: [CMS: 348636K->349532K(349568K), 0.0474496 secs] 505763K->362216K(506816K), [Metaspace: 2816K->2816K(1056768K)], 0.0491679 secs] [Times: user=0.04 sys=0.00, real=0.05 secs] 
2021-01-21T22:11:59.572+0800: 23.884: [GC (CMS Initial Mark) [1 CMS-initial-mark: 349532K(349568K)] 365253K(506816K), 0.0015036 secs] [Times: user=0.01 sys=0.00, real=0.00 secs] 
2021-01-21T22:11:59.574+0800: 23.886: [CMS-concurrent-mark-start]
2021-01-21T22:11:59.576+0800: 23.888: [CMS-concurrent-mark: 0.002/0.002 secs] [Times: user=0.00 sys=0.00, real=0.00 secs] 
2021-01-21T22:11:59.576+0800: 23.888: [CMS-concurrent-preclean-start]
2021-01-21T22:11:59.577+0800: 23.889: [CMS-concurrent-preclean: 0.001/0.001 secs] [Times: user=0.00 sys=0.00, real=0.00 secs] 
2021-01-21T22:11:59.577+0800: 23.889: [CMS-concurrent-abortable-preclean-start]
2021-01-21T22:11:59.577+0800: 23.889: [CMS-concurrent-abortable-preclean: 0.000/0.000 secs] [Times: user=0.00 sys=0.00, real=0.00 secs] 
2021-01-21T22:11:59.578+0800: 23.890: [GC (CMS Final Remark) [YG occupancy: 36632 K (157248 K)]2021-01-21T22:11:59.578+0800: 23.890: [Rescan (parallel) , 0.0007937 secs]2021-01-21T22:11:59.579+0800: 23.891: [weak refs processing, 0.0004437 secs]2021-01-21T22:11:59.580+0800: 23.892: [class unloading, 0.0006476 secs]2021-01-21T22:11:59.581+0800: 23.893: [scrub symbol table, 0.0005578 secs]2021-01-21T22:11:59.582+0800: 23.894: [scrub string table, 0.0004232 secs][1 CMS-remark: 349532K(349568K)] 386164K(506816K), 0.0047060 secs] [Times: user=0.00 sys=0.00, real=0.01 secs] 
2021-01-21T22:11:59.583+0800: 23.895: [CMS-concurrent-sweep-start]
2021-01-21T22:11:59.583+0800: 23.895: [CMS-concurrent-sweep: 0.000/0.000 secs] [Times: user=0.00 sys=0.00, real=0.00 secs] 
2021-01-21T22:11:59.584+0800: 23.896: [CMS-concurrent-reset-start]
2021-01-21T22:11:59.584+0800: 23.896: [CMS-concurrent-reset: 0.000/0.000 secs] [Times: user=0.00 sys=0.00, real=0.00 secs] 
2021-01-21T22:11:59.597+0800: 23.909: [GC (Allocation Failure) 2021-01-21T22:11:59.598+0800: 23.910: [ParNew: 157174K->157174K(157248K), 0.0002947 secs]2021-01-21T22:11:59.598+0800: 23.910: [CMS: 348189K->349429K(349568K), 0.0462456 secs] 505364K->364978K(506816K), [Metaspace: 2816K->2816K(1056768K)], 0.0477436 secs] [Times: user=0.05 sys=0.00, real=0.05 secs] 
2021-01-21T22:11:59.646+0800: 23.958: [GC (CMS Initial Mark) [1 CMS-initial-mark: 349429K(349568K)] 368307K(506816K), 0.0017098 secs] [Times: user=0.00 sys=0.00, real=0.01 secs] 
2021-01-21T22:11:59.649+0800: 23.961: [CMS-concurrent-mark-start]
2021-01-21T22:11:59.650+0800: 23.962: [CMS-concurrent-mark: 0.001/0.001 secs] [Times: user=0.00 sys=0.00, real=0.00 secs] 
2021-01-21T22:11:59.651+0800: 23.963: [CMS-concurrent-preclean-start]
2021-01-21T22:11:59.652+0800: 23.964: [CMS-concurrent-preclean: 0.001/0.001 secs] [Times: user=0.00 sys=0.00, real=0.00 secs] 
2021-01-21T22:11:59.652+0800: 23.964: [CMS-concurrent-abortable-preclean-start]
2021-01-21T22:11:59.652+0800: 23.964: [CMS-concurrent-abortable-preclean: 0.000/0.000 secs] [Times: user=0.00 sys=0.00, real=0.00 secs] 
2021-01-21T22:11:59.652+0800: 23.965: [GC (CMS Final Remark) [YG occupancy: 47004 K (157248 K)]2021-01-21T22:11:59.653+0800: 23.965: [Rescan (parallel) , 0.0012036 secs]2021-01-21T22:11:59.654+0800: 23.966: [weak refs processing, 0.0002887 secs]2021-01-21T22:11:59.655+0800: 23.967: [class unloading, 0.0004338 secs]2021-01-21T22:11:59.656+0800: 23.968: [scrub symbol table, 0.0006171 secs]2021-01-21T22:11:59.657+0800: 23.969: [scrub string table, 0.0005202 secs][1 CMS-remark: 349429K(349568K)] 396434K(506816K), 0.0048516 secs] [Times: user=0.00 sys=0.00, real=0.00 secs] 
2021-01-21T22:11:59.658+0800: 23.970: [CMS-concurrent-sweep-start]
2021-01-21T22:11:59.659+0800: 23.971: [CMS-concurrent-sweep: 0.000/0.000 secs] [Times: user=0.00 sys=0.00, real=0.00 secs] 
2021-01-21T22:11:59.659+0800: 23.971: [CMS-concurrent-reset-start]
2021-01-21T22:11:59.659+0800: 23.971: [CMS-concurrent-reset: 0.000/0.000 secs] [Times: user=0.00 sys=0.00, real=0.00 secs] 
2021-01-21T22:11:59.671+0800: 23.983: [GC (Allocation Failure) 2021-01-21T22:11:59.672+0800: 23.984: [ParNew: 156884K->156884K(157248K), 0.0003567 secs]2021-01-21T22:11:59.672+0800: 23.984: [CMS: 349081K->349502K(349568K), 0.0494332 secs] 505966K->368188K(506816K), [Metaspace: 2816K->2816K(1056768K)], 0.0510696 secs] [Times: user=0.05 sys=0.00, real=0.05 secs] 
2021-01-21T22:11:59.724+0800: 24.036: [GC (CMS Initial Mark) [1 CMS-initial-mark: 349502K(349568K)] 371804K(506816K), 0.0018698 secs] [Times: user=0.00 sys=0.00, real=0.00 secs] 
2021-01-21T22:11:59.727+0800: 24.039: [CMS-concurrent-mark-start]
2021-01-21T22:11:59.728+0800: 24.040: [CMS-concurrent-mark: 0.002/0.002 secs] [Times: user=0.01 sys=0.00, real=0.01 secs] 
2021-01-21T22:11:59.729+0800: 24.041: [CMS-concurrent-preclean-start]
2021-01-21T22:11:59.730+0800: 24.042: [CMS-concurrent-preclean: 0.001/0.001 secs] [Times: user=0.00 sys=0.00, real=0.00 secs] 
2021-01-21T22:11:59.730+0800: 24.042: [CMS-concurrent-abortable-preclean-start]
2021-01-21T22:11:59.730+0800: 24.042: [CMS-concurrent-abortable-preclean: 0.000/0.000 secs] [Times: user=0.00 sys=0.00, real=0.00 secs] 
2021-01-21T22:11:59.731+0800: 24.043: [GC (CMS Final Remark) [YG occupancy: 50816 K (157248 K)]2021-01-21T22:11:59.731+0800: 24.043: [Rescan (parallel) , 0.0021850 secs]2021-01-21T22:11:59.734+0800: 24.046: [weak refs processing, 0.0002954 secs]2021-01-21T22:11:59.734+0800: 24.046: [class unloading, 0.0004565 secs]2021-01-21T22:11:59.735+0800: 24.047: [scrub symbol table, 0.0005344 secs]2021-01-21T22:11:59.736+0800: 24.048: [scrub string table, 0.0003771 secs][1 CMS-remark: 349502K(349568K)] 400319K(506816K), 0.0055522 secs] [Times: user=0.01 sys=0.00, real=0.00 secs] 
2021-01-21T22:11:59.737+0800: 24.049: [CMS-concurrent-sweep-start]
2021-01-21T22:11:59.737+0800: 24.049: [CMS-concurrent-sweep: 0.000/0.000 secs] [Times: user=0.00 sys=0.00, real=0.00 secs] 
2021-01-21T22:11:59.737+0800: 24.049: [CMS-concurrent-reset-start]
2021-01-21T22:11:59.738+0800: 24.050: [CMS-concurrent-reset: 0.000/0.000 secs] [Times: user=0.00 sys=0.00, real=0.00 secs] 
2021-01-21T22:11:59.751+0800: 24.063: [GC (Allocation Failure) 2021-01-21T22:11:59.751+0800: 24.063: [ParNew: 157173K->157173K(157248K), 0.0003348 secs]2021-01-21T22:11:59.752+0800: 24.064: [CMS: 348961K->349556K(349568K), 0.0499052 secs] 506135K->374310K(506816K), [Metaspace: 2816K->2816K(1056768K)], 0.0514238 secs] [Times: user=0.05 sys=0.00, real=0.05 secs] 
2021-01-21T22:11:59.803+0800: 24.115: [GC (CMS Initial Mark) [1 CMS-initial-mark: 349556K(349568K)] 377671K(506816K), 0.0013397 secs] [Times: user=0.00 sys=0.00, real=0.00 secs] 
2021-01-21T22:11:59.805+0800: 24.117: [CMS-concurrent-mark-start]
2021-01-21T22:11:59.807+0800: 24.119: [CMS-concurrent-mark: 0.002/0.002 secs] [Times: user=0.00 sys=0.00, real=0.00 secs] 
2021-01-21T22:11:59.808+0800: 24.120: [CMS-concurrent-preclean-start]
2021-01-21T22:11:59.809+0800: 24.121: [CMS-concurrent-preclean: 0.001/0.001 secs] [Times: user=0.01 sys=0.00, real=0.01 secs] 
2021-01-21T22:11:59.809+0800: 24.121: [CMS-concurrent-abortable-preclean-start]
2021-01-21T22:11:59.809+0800: 24.121: [CMS-concurrent-abortable-preclean: 0.000/0.000 secs] [Times: user=0.00 sys=0.00, real=0.00 secs] 
2021-01-21T22:11:59.810+0800: 24.122: [GC (CMS Final Remark) [YG occupancy: 55962 K (157248 K)]2021-01-21T22:11:59.811+0800: 24.123: [Rescan (parallel) , 0.0073607 secs]2021-01-21T22:11:59.818+0800: 24.130: [weak refs processing, 0.0004117 secs]2021-01-21T22:11:59.819+0800: 24.131: [class unloading, 0.0005943 secs]2021-01-21T22:11:59.820+0800: 24.132: [scrub symbol table, 0.0006332 secs]2021-01-21T22:11:59.821+0800: 24.133: [scrub string table, 0.0004788 secs][1 CMS-remark: 349556K(349568K)] 405519K(506816K), 0.0115839 secs] [Times: user=0.05 sys=0.00, real=0.01 secs] 
2021-01-21T22:11:59.823+0800: 24.135: [CMS-concurrent-sweep-start]
2021-01-21T22:11:59.823+0800: 24.135: [CMS-concurrent-sweep: 0.001/0.001 secs] [Times: user=0.00 sys=0.00, real=0.00 secs] 
2021-01-21T22:11:59.824+0800: 24.136: [CMS-concurrent-reset-start]
2021-01-21T22:11:59.824+0800: 24.136: [CMS-concurrent-reset: 0.000/0.000 secs] [Times: user=0.00 sys=0.00, real=0.00 secs] 
2021-01-21T22:11:59.836+0800: 24.148: [GC (Allocation Failure) 2021-01-21T22:11:59.836+0800: 24.148: [ParNew: 157119K->157119K(157248K), 0.0003460 secs]2021-01-21T22:11:59.837+0800: 24.149: [CMS: 346803K->349541K(349568K), 0.0483022 secs] 503922K->380865K(506816K), [Metaspace: 2816K->2816K(1056768K)], 0.0498228 secs] [Times: user=0.05 sys=0.00, real=0.05 secs] 
2021-01-21T22:11:59.886+0800: 24.198: [GC (CMS Initial Mark) [1 CMS-initial-mark: 349541K(349568K)] 383730K(506816K), 0.0012238 secs] [Times: user=0.00 sys=0.00, real=0.00 secs] 
2021-01-21T22:11:59.888+0800: 24.201: [CMS-concurrent-mark-start]
2021-01-21T22:11:59.890+0800: 24.202: [CMS-concurrent-mark: 0.002/0.002 secs] [Times: user=0.01 sys=0.00, real=0.00 secs] 
2021-01-21T22:11:59.891+0800: 24.203: [CMS-concurrent-preclean-start]
2021-01-21T22:11:59.892+0800: 24.204: [CMS-concurrent-preclean: 0.001/0.001 secs] [Times: user=0.00 sys=0.00, real=0.00 secs] 
2021-01-21T22:11:59.892+0800: 24.204: [CMS-concurrent-abortable-preclean-start]
2021-01-21T22:11:59.892+0800: 24.204: [CMS-concurrent-abortable-preclean: 0.000/0.000 secs] [Times: user=0.00 sys=0.00, real=0.00 secs] 
2021-01-21T22:11:59.893+0800: 24.205: [GC (CMS Final Remark) [YG occupancy: 67569 K (157248 K)]2021-01-21T22:11:59.893+0800: 24.205: [Rescan (parallel) , 0.0006889 secs]2021-01-21T22:11:59.894+0800: 24.206: [weak refs processing, 0.0002856 secs]2021-01-21T22:11:59.894+0800: 24.206: [class unloading, 0.0004084 secs]2021-01-21T22:11:59.895+0800: 24.207: [scrub symbol table, 0.0005999 secs]2021-01-21T22:11:59.896+0800: 24.208: [scrub string table, 0.0003709 secs][1 CMS-remark: 349541K(349568K)] 417111K(506816K), 0.0040035 secs] [Times: user=0.01 sys=0.00, real=0.00 secs] 
2021-01-21T22:11:59.897+0800: 24.209: [CMS-concurrent-sweep-start]
2021-01-21T22:11:59.898+0800: 24.210: [CMS-concurrent-sweep: 0.000/0.000 secs] [Times: user=0.00 sys=0.00, real=0.00 secs] 
2021-01-21T22:11:59.898+0800: 24.210: [CMS-concurrent-reset-start]
2021-01-21T22:11:59.898+0800: 24.210: [CMS-concurrent-reset: 0.000/0.000 secs] [Times: user=0.00 sys=0.00, real=0.00 secs] 
2021-01-21T22:11:59.909+0800: 24.222: [GC (Allocation Failure) 2021-01-21T22:11:59.910+0800: 24.222: [ParNew: 157188K->157188K(157248K), 0.0003629 secs]2021-01-21T22:11:59.911+0800: 24.223: [CMS: 348709K->349363K(349568K), 0.0494888 secs] 505898K->381306K(506816K), [Metaspace: 2816K->2816K(1056768K)], 0.0509867 secs] [Times: user=0.05 sys=0.00, real=0.05 secs] 
2021-01-21T22:11:59.961+0800: 24.273: [GC (CMS Initial Mark) [1 CMS-initial-mark: 349363K(349568K)] 384694K(506816K), 0.0011325 secs] [Times: user=0.00 sys=0.00, real=0.00 secs] 
2021-01-21T22:11:59.963+0800: 24.275: [CMS-concurrent-mark-start]
2021-01-21T22:11:59.964+0800: 24.276: [CMS-concurrent-mark: 0.001/0.001 secs] [Times: user=0.00 sys=0.00, real=0.00 secs] 
2021-01-21T22:11:59.965+0800: 24.277: [CMS-concurrent-preclean-start]
2021-01-21T22:11:59.966+0800: 24.278: [CMS-concurrent-preclean: 0.001/0.001 secs] [Times: user=0.00 sys=0.00, real=0.00 secs] 
2021-01-21T22:11:59.966+0800: 24.278: [CMS-concurrent-abortable-preclean-start]
2021-01-21T22:11:59.966+0800: 24.278: [CMS-concurrent-abortable-preclean: 0.000/0.000 secs] [Times: user=0.00 sys=0.00, real=0.00 secs] 
2021-01-21T22:11:59.967+0800: 24.279: [GC (CMS Final Remark) [YG occupancy: 61689 K (157248 K)]2021-01-21T22:11:59.967+0800: 24.279: [Rescan (parallel) , 0.0015351 secs]2021-01-21T22:11:59.969+0800: 24.281: [weak refs processing, 0.0003779 secs]2021-01-21T22:11:59.969+0800: 24.281: [class unloading, 0.0004662 secs]2021-01-21T22:11:59.970+0800: 24.282: [scrub symbol table, 0.0004619 secs]2021-01-21T22:11:59.971+0800: 24.283: [scrub string table, 0.0003833 secs][1 CMS-remark: 349363K(349568K)] 411053K(506816K), 0.0047897 secs] [Times: user=0.00 sys=0.00, real=0.01 secs] 
2021-01-21T22:11:59.972+0800: 24.284: [CMS-concurrent-sweep-start]
2021-01-21T22:11:59.972+0800: 24.284: [CMS-concurrent-sweep: 0.000/0.000 secs] [Times: user=0.00 sys=0.00, real=0.00 secs] 
2021-01-21T22:11:59.973+0800: 24.285: [CMS-concurrent-reset-start]
2021-01-21T22:11:59.973+0800: 24.285: [CMS-concurrent-reset: 0.000/0.000 secs] [Times: user=0.00 sys=0.00, real=0.00 secs] 
2021-01-21T22:11:59.984+0800: 24.296: [GC (Allocation Failure) 2021-01-21T22:11:59.985+0800: 24.297: [ParNew: 156880K->156880K(157248K), 0.0003117 secs]2021-01-21T22:11:59.985+0800: 24.297: [CMS: 348798K->348958K(349568K), 0.0485546 secs] 505678K->374835K(506816K), [Metaspace: 2816K->2816K(1056768K)], 0.0500335 secs] [Times: user=0.04 sys=0.00, real=0.05 secs] 
2021-01-21T22:12:00.035+0800: 24.347: [GC (CMS Initial Mark) [1 CMS-initial-mark: 348958K(349568K)] 378512K(506816K), 0.0011951 secs] [Times: user=0.01 sys=0.00, real=0.00 secs] 
2021-01-21T22:12:00.037+0800: 24.349: [CMS-concurrent-mark-start]
2021-01-21T22:12:00.038+0800: 24.350: [CMS-concurrent-mark: 0.001/0.001 secs] [Times: user=0.00 sys=0.00, real=0.01 secs] 
2021-01-21T22:12:00.039+0800: 24.351: [CMS-concurrent-preclean-start]
2021-01-21T22:12:00.040+0800: 24.352: [CMS-concurrent-preclean: 0.001/0.001 secs] [Times: user=0.00 sys=0.00, real=0.00 secs] 
2021-01-21T22:12:00.041+0800: 24.353: [CMS-concurrent-abortable-preclean-start]
2021-01-21T22:12:00.041+0800: 24.353: [CMS-concurrent-abortable-preclean: 0.000/0.000 secs] [Times: user=0.00 sys=0.00, real=0.00 secs] 
2021-01-21T22:12:00.041+0800: 24.353: [GC (CMS Final Remark) [YG occupancy: 59716 K (157248 K)]2021-01-21T22:12:00.041+0800: 24.353: [Rescan (parallel) , 0.0015350 secs]2021-01-21T22:12:00.043+0800: 24.355: [weak refs processing, 0.0004102 secs]2021-01-21T22:12:00.044+0800: 24.356: [class unloading, 0.0004740 secs]2021-01-21T22:12:00.045+0800: 24.357: [scrub symbol table, 0.0006810 secs]2021-01-21T22:12:00.046+0800: 24.358: [scrub string table, 0.0006398 secs][1 CMS-remark: 348958K(349568K)] 408674K(506816K), 0.0055811 secs] [Times: user=0.01 sys=0.00, real=0.00 secs] 
2021-01-21T22:12:00.047+0800: 24.359: [CMS-concurrent-sweep-start]
2021-01-21T22:12:00.048+0800: 24.360: [CMS-concurrent-sweep: 0.000/0.000 secs] [Times: user=0.00 sys=0.00, real=0.00 secs] 
2021-01-21T22:12:00.048+0800: 24.360: [CMS-concurrent-reset-start]
2021-01-21T22:12:00.048+0800: 24.360: [CMS-concurrent-reset: 0.000/0.000 secs] [Times: user=0.00 sys=0.00, real=0.00 secs] 
2021-01-21T22:12:00.059+0800: 24.372: [GC (Allocation Failure) 2021-01-21T22:12:00.060+0800: 24.372: [ParNew: 157167K->157167K(157248K), 0.0003369 secs]2021-01-21T22:12:00.061+0800: 24.373: [CMS: 348001K->348965K(349568K), 0.0486194 secs] 505168K->374865K(506816K), [Metaspace: 2816K->2816K(1056768K)], 0.0503207 secs] [Times: user=0.05 sys=0.00, real=0.05 secs] 
2021-01-21T22:12:00.111+0800: 24.423: [GC (CMS Initial Mark) [1 CMS-initial-mark: 348965K(349568K)] 377608K(506816K), 0.0015787 secs] [Times: user=0.00 sys=0.00, real=0.00 secs] 
2021-01-21T22:12:00.113+0800: 24.426: [CMS-concurrent-mark-start]
2021-01-21T22:12:00.115+0800: 24.427: [CMS-concurrent-mark: 0.001/0.001 secs] [Times: user=0.01 sys=0.00, real=0.00 secs] 
2021-01-21T22:12:00.115+0800: 24.427: [CMS-concurrent-preclean-start]
2021-01-21T22:12:00.116+0800: 24.428: [CMS-concurrent-preclean: 0.001/0.001 secs] [Times: user=0.00 sys=0.00, real=0.00 secs] 
2021-01-21T22:12:00.117+0800: 24.429: [CMS-concurrent-abortable-preclean-start]
2021-01-21T22:12:00.117+0800: 24.429: [CMS-concurrent-abortable-preclean: 0.000/0.000 secs] [Times: user=0.00 sys=0.00, real=0.00 secs] 
2021-01-21T22:12:00.117+0800: 24.429: [GC (CMS Final Remark) [YG occupancy: 50076 K (157248 K)]2021-01-21T22:12:00.118+0800: 24.430: [Rescan (parallel) , 0.0011344 secs]2021-01-21T22:12:00.119+0800: 24.431: [weak refs processing, 0.0002894 secs]2021-01-21T22:12:00.120+0800: 24.432: [class unloading, 0.0003924 secs]2021-01-21T22:12:00.120+0800: 24.432: [scrub symbol table, 0.0004883 secs]2021-01-21T22:12:00.121+0800: 24.433: [scrub string table, 0.0003316 secs][1 CMS-remark: 348965K(349568K)] 399041K(506816K), 0.0040708 secs] [Times: user=0.00 sys=0.00, real=0.01 secs] 
2021-01-21T22:12:00.122+0800: 24.434: [CMS-concurrent-sweep-start]
2021-01-21T22:12:00.122+0800: 24.434: [CMS-concurrent-sweep: 0.000/0.000 secs] [Times: user=0.00 sys=0.00, real=0.00 secs] 
2021-01-21T22:12:00.122+0800: 24.434: [CMS-concurrent-reset-start]
2021-01-21T22:12:00.123+0800: 24.435: [CMS-concurrent-reset: 0.000/0.000 secs] [Times: user=0.00 sys=0.00, real=0.00 secs] 
2021-01-21T22:12:00.135+0800: 24.447: [GC (Allocation Failure) 2021-01-21T22:12:00.135+0800: 24.447: [ParNew: 157152K->157152K(157248K), 0.0003005 secs]2021-01-21T22:12:00.136+0800: 24.448: [CMS: 348242K->349454K(349568K), 0.0484029 secs] 505394K->371095K(506816K), [Metaspace: 2816K->2816K(1056768K)], 0.0500401 secs] [Times: user=0.05 sys=0.00, real=0.05 secs] 
2021-01-21T22:12:00.186+0800: 24.498: [GC (CMS Initial Mark) [1 CMS-initial-mark: 349454K(349568K)] 374478K(506816K), 0.0015074 secs] [Times: user=0.00 sys=0.00, real=0.00 secs] 
2021-01-21T22:12:00.188+0800: 24.500: [CMS-concurrent-mark-start]
2021-01-21T22:12:00.190+0800: 24.502: [CMS-concurrent-mark: 0.002/0.002 secs] [Times: user=0.00 sys=0.00, real=0.00 secs] 
2021-01-21T22:12:00.191+0800: 24.503: [CMS-concurrent-preclean-start]
2021-01-21T22:12:00.192+0800: 24.504: [CMS-concurrent-preclean: 0.001/0.001 secs] [Times: user=0.00 sys=0.00, real=0.00 secs] 
2021-01-21T22:12:00.192+0800: 24.504: [CMS-concurrent-abortable-preclean-start]
2021-01-21T22:12:00.192+0800: 24.504: [CMS-concurrent-abortable-preclean: 0.000/0.000 secs] [Times: user=0.00 sys=0.00, real=0.00 secs] 
2021-01-21T22:12:00.193+0800: 24.505: [GC (CMS Final Remark) [YG occupancy: 63668 K (157248 K)]2021-01-21T22:12:00.193+0800: 24.505: [Rescan (parallel) , 0.0013165 secs]2021-01-21T22:12:00.195+0800: 24.507: [weak refs processing, 0.0003164 secs]2021-01-21T22:12:00.195+0800: 24.507: [class unloading, 0.0004689 secs]2021-01-21T22:12:00.196+0800: 24.508: [scrub symbol table, 0.0005657 secs]2021-01-21T22:12:00.197+0800: 24.509: [scrub string table, 0.0003806 secs][1 CMS-remark: 349454K(349568K)] 413123K(506816K), 0.0046115 secs] [Times: user=0.00 sys=0.00, real=0.00 secs] 
2021-01-21T22:12:00.198+0800: 24.510: [CMS-concurrent-sweep-start]
2021-01-21T22:12:00.198+0800: 24.510: [CMS-concurrent-sweep: 0.000/0.000 secs] [Times: user=0.00 sys=0.00, real=0.01 secs] 
2021-01-21T22:12:00.199+0800: 24.511: [CMS-concurrent-reset-start]
2021-01-21T22:12:00.199+0800: 24.511: [CMS-concurrent-reset: 0.000/0.000 secs] [Times: user=0.00 sys=0.00, real=0.00 secs] 
2021-01-21T22:12:00.210+0800: 24.522: [GC (Allocation Failure) 2021-01-21T22:12:00.211+0800: 24.523: [ParNew: 157165K->157165K(157248K), 0.0004705 secs]2021-01-21T22:12:00.212+0800: 24.524: [CMS: 349165K->349274K(349568K), 0.0484851 secs] 506330K->370493K(506816K), [Metaspace: 2816K->2816K(1056768K)], 0.0502595 secs] [Times: user=0.05 sys=0.00, real=0.05 secs] 
2021-01-21T22:12:00.262+0800: 24.574: [GC (CMS Initial Mark) [1 CMS-initial-mark: 349274K(349568K)] 373595K(506816K), 0.0017798 secs] [Times: user=0.00 sys=0.00, real=0.00 secs] 
2021-01-21T22:12:00.265+0800: 24.577: [CMS-concurrent-mark-start]
2021-01-21T22:12:00.266+0800: 24.578: [CMS-concurrent-mark: 0.002/0.002 secs] [Times: user=0.00 sys=0.00, real=0.00 secs] 
2021-01-21T22:12:00.267+0800: 24.579: [CMS-concurrent-preclean-start]
2021-01-21T22:12:00.268+0800: 24.580: [CMS-concurrent-preclean: 0.001/0.001 secs] [Times: user=0.01 sys=0.00, real=0.00 secs] 
2021-01-21T22:12:00.268+0800: 24.580: [CMS-concurrent-abortable-preclean-start]
2021-01-21T22:12:00.268+0800: 24.580: [CMS-concurrent-abortable-preclean: 0.000/0.000 secs] [Times: user=0.00 sys=0.00, real=0.00 secs] 
2021-01-21T22:12:00.269+0800: 24.581: [GC (CMS Final Remark) [YG occupancy: 57279 K (157248 K)]2021-01-21T22:12:00.269+0800: 24.581: [Rescan (parallel) , 0.0007392 secs]2021-01-21T22:12:00.270+0800: 24.582: [weak refs processing, 0.0004442 secs]2021-01-21T22:12:00.271+0800: 24.583: [class unloading, 0.0006460 secs]2021-01-21T22:12:00.272+0800: 24.584: [scrub symbol table, 0.0005697 secs]2021-01-21T22:12:00.273+0800: 24.585: [scrub string table, 0.0004004 secs][1 CMS-remark: 349274K(349568K)] 406554K(506816K), 0.0047436 secs] [Times: user=0.00 sys=0.00, real=0.00 secs] 
2021-01-21T22:12:00.274+0800: 24.586: [CMS-concurrent-sweep-start]
2021-01-21T22:12:00.275+0800: 24.587: [CMS-concurrent-sweep: 0.000/0.000 secs] [Times: user=0.00 sys=0.00, real=0.00 secs] 
2021-01-21T22:12:00.275+0800: 24.587: [CMS-concurrent-reset-start]
2021-01-21T22:12:00.275+0800: 24.587: [CMS-concurrent-reset: 0.000/0.000 secs] [Times: user=0.00 sys=0.00, real=0.00 secs] 
2021-01-21T22:12:00.287+0800: 24.599: [GC (Allocation Failure) 2021-01-21T22:12:00.288+0800: 24.600: [ParNew: 156983K->156983K(157248K), 0.0003435 secs]2021-01-21T22:12:00.288+0800: 24.601: [CMS: 346580K->349083K(349568K), 0.0469342 secs] 503563K->363614K(506816K), [Metaspace: 2816K->2816K(1056768K)], 0.0485667 secs] [Times: user=0.04 sys=0.00, real=0.05 secs] 
2021-01-21T22:12:00.337+0800: 24.649: [GC (CMS Initial Mark) [1 CMS-initial-mark: 349083K(349568K)] 366961K(506816K), 0.0012554 secs] [Times: user=0.00 sys=0.00, real=0.01 secs] 
2021-01-21T22:12:00.339+0800: 24.651: [CMS-concurrent-mark-start]
2021-01-21T22:12:00.340+0800: 24.652: [CMS-concurrent-mark: 0.001/0.001 secs] [Times: user=0.01 sys=0.00, real=0.00 secs] 
2021-01-21T22:12:00.341+0800: 24.653: [CMS-concurrent-preclean-start]
2021-01-21T22:12:00.342+0800: 24.654: [CMS-concurrent-preclean: 0.001/0.001 secs] [Times: user=0.00 sys=0.00, real=0.00 secs] 
2021-01-21T22:12:00.342+0800: 24.654: [CMS-concurrent-abortable-preclean-start]
2021-01-21T22:12:00.342+0800: 24.654: [CMS-concurrent-abortable-preclean: 0.000/0.000 secs] [Times: user=0.00 sys=0.00, real=0.00 secs] 
2021-01-21T22:12:00.343+0800: 24.655: [GC (CMS Final Remark) [YG occupancy: 41753 K (157248 K)]2021-01-21T22:12:00.343+0800: 24.655: [Rescan (parallel) , 0.0007272 secs]2021-01-21T22:12:00.344+0800: 24.656: [weak refs processing, 0.0003186 secs]2021-01-21T22:12:00.345+0800: 24.657: [class unloading, 0.0005576 secs]2021-01-21T22:12:00.346+0800: 24.658: [scrub symbol table, 0.0005766 secs]2021-01-21T22:12:00.346+0800: 24.658: [scrub string table, 0.0003898 secs][1 CMS-remark: 349083K(349568K)] 390836K(506816K), 0.0041435 secs] [Times: user=0.01 sys=0.00, real=0.00 secs] 
2021-01-21T22:12:00.348+0800: 24.660: [CMS-concurrent-sweep-start]
2021-01-21T22:12:00.348+0800: 24.660: [CMS-concurrent-sweep: 0.000/0.000 secs] [Times: user=0.00 sys=0.00, real=0.00 secs] 
2021-01-21T22:12:00.348+0800: 24.660: [CMS-concurrent-reset-start]
2021-01-21T22:12:00.348+0800: 24.660: [CMS-concurrent-reset: 0.000/0.000 secs] [Times: user=0.00 sys=0.00, real=0.00 secs] 
2021-01-21T22:12:00.361+0800: 24.673: [GC (Allocation Failure) 2021-01-21T22:12:00.361+0800: 24.673: [ParNew: 156702K->156702K(157248K), 0.0004106 secs]2021-01-21T22:12:00.362+0800: 24.674: [CMS: 349083K->348936K(349568K), 0.0474614 secs] 505785K->363868K(506816K), [Metaspace: 2816K->2816K(1056768K)], 0.0493766 secs] [Times: user=0.05 sys=0.00, real=0.05 secs] 
2021-01-21T22:12:00.411+0800: 24.723: [GC (CMS Initial Mark) [1 CMS-initial-mark: 348936K(349568K)] 367644K(506816K), 0.0019342 secs] [Times: user=0.00 sys=0.00, real=0.00 secs] 
2021-01-21T22:12:00.414+0800: 24.726: [CMS-concurrent-mark-start]
2021-01-21T22:12:00.415+0800: 24.728: [CMS-concurrent-mark: 0.001/0.001 secs] [Times: user=0.00 sys=0.00, real=0.00 secs] 
2021-01-21T22:12:00.416+0800: 24.728: [CMS-concurrent-preclean-start]
2021-01-21T22:12:00.417+0800: 24.729: [CMS-concurrent-preclean: 0.001/0.001 secs] [Times: user=0.00 sys=0.00, real=0.00 secs] 
2021-01-21T22:12:00.417+0800: 24.729: [CMS-concurrent-abortable-preclean-start]
2021-01-21T22:12:00.417+0800: 24.729: [CMS-concurrent-abortable-preclean: 0.000/0.000 secs] [Times: user=0.00 sys=0.00, real=0.00 secs] 
2021-01-21T22:12:00.418+0800: 24.730: [GC (CMS Final Remark) [YG occupancy: 46049 K (157248 K)]2021-01-21T22:12:00.418+0800: 24.730: [Rescan (parallel) , 0.0007543 secs]2021-01-21T22:12:00.419+0800: 24.731: [weak refs processing, 0.0003014 secs]2021-01-21T22:12:00.420+0800: 24.732: [class unloading, 0.0004831 secs]2021-01-21T22:12:00.421+0800: 24.733: [scrub symbol table, 0.0005206 secs]2021-01-21T22:12:00.421+0800: 24.733: [scrub string table, 0.0003896 secs][1 CMS-remark: 348936K(349568K)] 394985K(506816K), 0.0042393 secs] [Times: user=0.00 sys=0.00, real=0.01 secs] 
2021-01-21T22:12:00.423+0800: 24.735: [CMS-concurrent-sweep-start]
2021-01-21T22:12:00.423+0800: 24.735: [CMS-concurrent-sweep: 0.000/0.000 secs] [Times: user=0.00 sys=0.00, real=0.00 secs] 
2021-01-21T22:12:00.423+0800: 24.735: [CMS-concurrent-reset-start]
2021-01-21T22:12:00.423+0800: 24.736: [CMS-concurrent-reset: 0.000/0.000 secs] [Times: user=0.00 sys=0.00, real=0.00 secs] 
2021-01-21T22:12:00.438+0800: 24.750: [GC (Allocation Failure) 2021-01-21T22:12:00.438+0800: 24.750: [ParNew: 157168K->157168K(157248K), 0.0003897 secs]2021-01-21T22:12:00.439+0800: 24.751: [CMS: 346693K->349334K(349568K), 0.0533993 secs] 503861K->368824K(506816K), [Metaspace: 2816K->2816K(1056768K)], 0.0551289 secs] [Times: user=0.05 sys=0.00, real=0.06 secs] 
2021-01-21T22:12:00.494+0800: 24.806: [GC (CMS Initial Mark) [1 CMS-initial-mark: 349334K(349568K)] 371701K(506816K), 0.0015929 secs] [Times: user=0.00 sys=0.00, real=0.00 secs] 
2021-01-21T22:12:00.496+0800: 24.808: [CMS-concurrent-mark-start]
2021-01-21T22:12:00.498+0800: 24.810: [CMS-concurrent-mark: 0.002/0.002 secs] [Times: user=0.01 sys=0.00, real=0.00 secs] 
2021-01-21T22:12:00.498+0800: 24.810: [CMS-concurrent-preclean-start]
2021-01-21T22:12:00.499+0800: 24.811: [CMS-concurrent-preclean: 0.001/0.001 secs] [Times: user=0.00 sys=0.00, real=0.00 secs] 
2021-01-21T22:12:00.500+0800: 24.812: [CMS-concurrent-abortable-preclean-start]
2021-01-21T22:12:00.500+0800: 24.812: [CMS-concurrent-abortable-preclean: 0.000/0.000 secs] [Times: user=0.00 sys=0.00, real=0.00 secs] 
2021-01-21T22:12:00.500+0800: 24.812: [GC (CMS Final Remark) [YG occupancy: 50057 K (157248 K)]2021-01-21T22:12:00.501+0800: 24.813: [Rescan (parallel) , 0.0020146 secs]2021-01-21T22:12:00.503+0800: 24.815: [weak refs processing, 0.0003915 secs]2021-01-21T22:12:00.504+0800: 24.816: [class unloading, 0.0006111 secs]2021-01-21T22:12:00.505+0800: 24.817: [scrub symbol table, 0.0008435 secs]2021-01-21T22:12:00.506+0800: 24.818: [scrub string table, 0.0004857 secs][1 CMS-remark: 349334K(349568K)] 399392K(506816K), 0.0063538 secs] [Times: user=0.02 sys=0.00, real=0.00 secs] 
2021-01-21T22:12:00.507+0800: 24.819: [CMS-concurrent-sweep-start]
2021-01-21T22:12:00.507+0800: 24.819: [CMS-concurrent-sweep: 0.000/0.000 secs] [Times: user=0.00 sys=0.00, real=0.00 secs] 
2021-01-21T22:12:00.507+0800: 24.820: [CMS-concurrent-reset-start]
2021-01-21T22:12:00.508+0800: 24.820: [CMS-concurrent-reset: 0.000/0.000 secs] [Times: user=0.00 sys=0.00, real=0.00 secs] 
2021-01-21T22:12:00.521+0800: 24.833: [GC (Allocation Failure) 2021-01-21T22:12:00.521+0800: 24.833: [ParNew: 156751K->156751K(157248K), 0.0003196 secs]2021-01-21T22:12:00.522+0800: 24.834: [CMS: 348703K->348821K(349568K), 0.0527454 secs] 505455K->368945K(506816K), [Metaspace: 2816K->2816K(1056768K)], 0.0543010 secs] [Times: user=0.05 sys=0.00, real=0.05 secs] 
2021-01-21T22:12:00.576+0800: 24.888: [GC (CMS Initial Mark) [1 CMS-initial-mark: 348821K(349568K)] 372701K(506816K), 0.0014497 secs] [Times: user=0.01 sys=0.00, real=0.00 secs] 
2021-01-21T22:12:00.578+0800: 24.890: [CMS-concurrent-mark-start]
2021-01-21T22:12:00.580+0800: 24.892: [CMS-concurrent-mark: 0.002/0.002 secs] [Times: user=0.00 sys=0.00, real=0.00 secs] 
2021-01-21T22:12:00.581+0800: 24.893: [CMS-concurrent-preclean-start]
2021-01-21T22:12:00.582+0800: 24.894: [CMS-concurrent-preclean: 0.001/0.001 secs] [Times: user=0.00 sys=0.00, real=0.00 secs] 
2021-01-21T22:12:00.582+0800: 24.894: [CMS-concurrent-abortable-preclean-start]
2021-01-21T22:12:00.582+0800: 24.894: [CMS-concurrent-abortable-preclean: 0.000/0.000 secs] [Times: user=0.00 sys=0.00, real=0.00 secs] 
2021-01-21T22:12:00.583+0800: 24.895: [GC (CMS Final Remark) [YG occupancy: 57144 K (157248 K)]2021-01-21T22:12:00.583+0800: 24.895: [Rescan (parallel) , 0.0015315 secs]2021-01-21T22:12:00.585+0800: 24.897: [weak refs processing, 0.0003414 secs]2021-01-21T22:12:00.586+0800: 24.898: [class unloading, 0.0004990 secs]2021-01-21T22:12:00.586+0800: 24.899: [scrub symbol table, 0.0006210 secs]2021-01-21T22:12:00.587+0800: 24.899: [scrub string table, 0.0004334 secs][1 CMS-remark: 348821K(349568K)] 405966K(506816K), 0.0053094 secs] [Times: user=0.00 sys=0.00, real=0.01 secs] 
2021-01-21T22:12:00.589+0800: 24.901: [CMS-concurrent-sweep-start]
2021-01-21T22:12:00.590+0800: 24.902: [CMS-concurrent-sweep: 0.001/0.001 secs] [Times: user=0.00 sys=0.00, real=0.00 secs] 
2021-01-21T22:12:00.590+0800: 24.902: [CMS-concurrent-reset-start]
2021-01-21T22:12:00.591+0800: 24.903: [CMS-concurrent-reset: 0.001/0.001 secs] [Times: user=0.00 sys=0.00, real=0.00 secs] 
2021-01-21T22:12:00.602+0800: 24.914: [GC (Allocation Failure) 2021-01-21T22:12:00.603+0800: 24.915: [ParNew: 157187K->157187K(157248K), 0.0003664 secs]2021-01-21T22:12:00.604+0800: 24.916: [CMS: 347900K->349422K(349568K), 0.0507538 secs] 505088K->363455K(506816K), [Metaspace: 2816K->2816K(1056768K)], 0.0525183 secs] [Times: user=0.05 sys=0.00, real=0.05 secs] 
2021-01-21T22:12:00.656+0800: 24.968: [GC (CMS Initial Mark) [1 CMS-initial-mark: 349422K(349568K)] 366333K(506816K), 0.0016194 secs] [Times: user=0.00 sys=0.00, real=0.01 secs] 
2021-01-21T22:12:00.659+0800: 24.971: [CMS-concurrent-mark-start]
2021-01-21T22:12:00.660+0800: 24.972: [CMS-concurrent-mark: 0.001/0.001 secs] [Times: user=0.00 sys=0.00, real=0.00 secs] 
2021-01-21T22:12:00.660+0800: 24.972: [CMS-concurrent-preclean-start]
2021-01-21T22:12:00.661+0800: 24.973: [CMS-concurrent-preclean: 0.001/0.001 secs] [Times: user=0.00 sys=0.00, real=0.00 secs] 
2021-01-21T22:12:00.662+0800: 24.974: [CMS-concurrent-abortable-preclean-start]
2021-01-21T22:12:00.662+0800: 24.974: [CMS-concurrent-abortable-preclean: 0.000/0.000 secs] [Times: user=0.00 sys=0.00, real=0.00 secs] 
2021-01-21T22:12:00.663+0800: 24.975: [GC (CMS Final Remark) [YG occupancy: 51595 K (157248 K)]2021-01-21T22:12:00.663+0800: 24.975: [Rescan (parallel) , 0.0070937 secs]2021-01-21T22:12:00.670+0800: 24.982: [weak refs processing, 0.0003610 secs]2021-01-21T22:12:00.671+0800: 24.983: [class unloading, 0.0007458 secs]2021-01-21T22:12:00.672+0800: 24.984: [scrub symbol table, 0.0006949 secs]2021-01-21T22:12:00.673+0800: 24.986: [scrub string table, 0.0006374 secs][1 CMS-remark: 349422K(349568K)] 401018K(506816K), 0.0118606 secs] [Times: user=0.04 sys=0.00, real=0.01 secs] 
2021-01-21T22:12:00.675+0800: 24.987: [CMS-concurrent-sweep-start]
2021-01-21T22:12:00.676+0800: 24.988: [CMS-concurrent-sweep: 0.000/0.000 secs] [Times: user=0.00 sys=0.00, real=0.00 secs] 
2021-01-21T22:12:00.676+0800: 24.988: [CMS-concurrent-reset-start]
2021-01-21T22:12:00.676+0800: 24.988: [CMS-concurrent-reset: 0.000/0.000 secs] [Times: user=0.00 sys=0.00, real=0.00 secs] 
2021-01-21T22:12:00.688+0800: 25.000: [GC (Allocation Failure) 2021-01-21T22:12:00.689+0800: 25.001: [ParNew: 157227K->157227K(157248K), 0.0003624 secs]2021-01-21T22:12:00.689+0800: 25.002: [CMS: 348302K->349340K(349568K), 0.0531244 secs] 505530K->367624K(506816K), [Metaspace: 2816K->2816K(1056768K)], 0.0549119 secs] [Times: user=0.05 sys=0.00, real=0.05 secs] 
2021-01-21T22:12:00.744+0800: 25.056: [GC (CMS Initial Mark) [1 CMS-initial-mark: 349340K(349568K)] 370487K(506816K), 0.0016707 secs] [Times: user=0.00 sys=0.00, real=0.00 secs] 
2021-01-21T22:12:00.747+0800: 25.059: [CMS-concurrent-mark-start]
2021-01-21T22:12:00.749+0800: 25.061: [CMS-concurrent-mark: 0.002/0.002 secs] [Times: user=0.01 sys=0.00, real=0.01 secs] 
2021-01-21T22:12:00.749+0800: 25.061: [CMS-concurrent-preclean-start]
2021-01-21T22:12:00.750+0800: 25.062: [CMS-concurrent-preclean: 0.001/0.001 secs] [Times: user=0.00 sys=0.00, real=0.00 secs] 
2021-01-21T22:12:00.750+0800: 25.062: [CMS-concurrent-abortable-preclean-start]
2021-01-21T22:12:00.750+0800: 25.062: [CMS-concurrent-abortable-preclean: 0.000/0.000 secs] [Times: user=0.00 sys=0.00, real=0.00 secs] 
2021-01-21T22:12:00.751+0800: 25.063: [GC (CMS Final Remark) [YG occupancy: 46125 K (157248 K)]2021-01-21T22:12:00.751+0800: 25.063: [Rescan (parallel) , 0.0012914 secs]2021-01-21T22:12:00.753+0800: 25.065: [weak refs processing, 0.0003313 secs]2021-01-21T22:12:00.753+0800: 25.066: [class unloading, 0.0005182 secs]2021-01-21T22:12:00.754+0800: 25.066: [scrub symbol table, 0.0007113 secs]2021-01-21T22:12:00.755+0800: 25.067: [scrub string table, 0.0005550 secs][1 CMS-remark: 349340K(349568K)] 395466K(506816K), 0.0052841 secs] [Times: user=0.01 sys=0.00, real=0.00 secs] 
2021-01-21T22:12:00.757+0800: 25.069: [CMS-concurrent-sweep-start]
2021-01-21T22:12:00.758+0800: 25.070: [CMS-concurrent-sweep: 0.000/0.000 secs] [Times: user=0.00 sys=0.00, real=0.00 secs] 
2021-01-21T22:12:00.758+0800: 25.070: [CMS-concurrent-reset-start]
2021-01-21T22:12:00.758+0800: 25.070: [CMS-concurrent-reset: 0.000/0.000 secs] [Times: user=0.00 sys=0.00, real=0.01 secs] 
2021-01-21T22:12:00.772+0800: 25.084: [GC (Allocation Failure) 2021-01-21T22:12:00.773+0800: 25.085: [ParNew: 157067K->157067K(157248K), 0.0003740 secs]2021-01-21T22:12:00.774+0800: 25.086: [CMS: 348806K->349480K(349568K), 0.0508873 secs] 505873K->366954K(506816K), [Metaspace: 2816K->2816K(1056768K)], 0.0525088 secs] [Times: user=0.05 sys=0.00, real=0.05 secs] 
2021-01-21T22:12:00.826+0800: 25.138: [GC (CMS Initial Mark) [1 CMS-initial-mark: 349480K(349568K)] 370201K(506816K), 0.0012402 secs] [Times: user=0.00 sys=0.00, real=0.00 secs] 
2021-01-21T22:12:00.828+0800: 25.140: [CMS-concurrent-mark-start]
2021-01-21T22:12:00.829+0800: 25.141: [CMS-concurrent-mark: 0.001/0.001 secs] [Times: user=0.00 sys=0.00, real=0.01 secs] 
2021-01-21T22:12:00.830+0800: 25.142: [CMS-concurrent-preclean-start]
2021-01-21T22:12:00.831+0800: 25.143: [CMS-concurrent-preclean: 0.001/0.001 secs] [Times: user=0.00 sys=0.00, real=0.00 secs] 
2021-01-21T22:12:00.831+0800: 25.144: [CMS-concurrent-abortable-preclean-start]
2021-01-21T22:12:00.831+0800: 25.144: [CMS-concurrent-abortable-preclean: 0.000/0.000 secs] [Times: user=0.00 sys=0.00, real=0.00 secs] 
2021-01-21T22:12:00.832+0800: 25.144: [GC (CMS Final Remark) [YG occupancy: 46697 K (157248 K)]2021-01-21T22:12:00.833+0800: 25.145: [Rescan (parallel) , 0.0012930 secs]2021-01-21T22:12:00.834+0800: 25.146: [weak refs processing, 0.0003387 secs]2021-01-21T22:12:00.835+0800: 25.147: [class unloading, 0.0005223 secs]2021-01-21T22:12:00.836+0800: 25.148: [scrub symbol table, 0.0006173 secs]2021-01-21T22:12:00.836+0800: 25.148: [scrub string table, 0.0003990 secs][1 CMS-remark: 349480K(349568K)] 396177K(506816K), 0.0047953 secs] [Times: user=0.00 sys=0.00, real=0.00 secs] 
2021-01-21T22:12:00.838+0800: 25.150: [CMS-concurrent-sweep-start]
2021-01-21T22:12:00.838+0800: 25.150: [CMS-concurrent-sweep: 0.000/0.000 secs] [Times: user=0.00 sys=0.00, real=0.00 secs] 
2021-01-21T22:12:00.838+0800: 25.150: [CMS-concurrent-reset-start]
2021-01-21T22:12:00.838+0800: 25.150: [CMS-concurrent-reset: 0.000/0.000 secs] [Times: user=0.00 sys=0.00, real=0.00 secs] 
2021-01-21T22:12:00.851+0800: 25.163: [GC (Allocation Failure) 2021-01-21T22:12:00.852+0800: 25.164: [ParNew: 157151K->157151K(157248K), 0.0003440 secs]2021-01-21T22:12:00.852+0800: 25.164: [CMS: 348639K->349092K(349568K), 0.0609100 secs] 505790K->372166K(506816K), [Metaspace: 2816K->2816K(1056768K)], 0.0625925 secs] [Times: user=0.07 sys=0.00, real=0.06 secs] 
2021-01-21T22:12:00.915+0800: 25.227: [GC (CMS Initial Mark) [1 CMS-initial-mark: 349092K(349568K)] 375251K(506816K), 0.0013867 secs] [Times: user=0.00 sys=0.00, real=0.00 secs] 
2021-01-21T22:12:00.917+0800: 25.229: [CMS-concurrent-mark-start]
2021-01-21T22:12:00.919+0800: 25.231: [CMS-concurrent-mark: 0.002/0.002 secs] [Times: user=0.00 sys=0.00, real=0.01 secs] 
2021-01-21T22:12:00.919+0800: 25.231: [CMS-concurrent-preclean-start]
2021-01-21T22:12:00.920+0800: 25.232: [CMS-concurrent-preclean: 0.001/0.001 secs] [Times: user=0.00 sys=0.00, real=0.00 secs] 
2021-01-21T22:12:00.921+0800: 25.233: [CMS-concurrent-abortable-preclean-start]
2021-01-21T22:12:00.921+0800: 25.233: [CMS-concurrent-abortable-preclean: 0.000/0.000 secs] [Times: user=0.00 sys=0.00, real=0.00 secs] 
2021-01-21T22:12:00.922+0800: 25.234: [GC (CMS Final Remark) [YG occupancy: 60897 K (157248 K)]2021-01-21T22:12:00.922+0800: 25.234: [Rescan (parallel) , 0.0019022 secs]2021-01-21T22:12:00.924+0800: 25.236: [weak refs processing, 0.0003588 secs]2021-01-21T22:12:00.925+0800: 25.237: [class unloading, 0.0005103 secs]2021-01-21T22:12:00.926+0800: 25.238: [scrub symbol table, 0.0006401 secs]2021-01-21T22:12:00.927+0800: 25.239: [scrub string table, 0.0004808 secs][1 CMS-remark: 349092K(349568K)] 409989K(506816K), 0.0059933 secs] [Times: user=0.01 sys=0.00, real=0.00 secs] 
2021-01-21T22:12:00.928+0800: 25.240: [CMS-concurrent-sweep-start]
2021-01-21T22:12:00.929+0800: 25.241: [CMS-concurrent-sweep: 0.000/0.000 secs] [Times: user=0.00 sys=0.00, real=0.00 secs] 
2021-01-21T22:12:00.929+0800: 25.241: [CMS-concurrent-reset-start]
2021-01-21T22:12:00.929+0800: 25.241: [CMS-concurrent-reset: 0.000/0.000 secs] [Times: user=0.00 sys=0.00, real=0.00 secs] 
2021-01-21T22:12:00.942+0800: 25.254: [GC (Allocation Failure) 2021-01-21T22:12:00.942+0800: 25.254: [ParNew: 157152K->157152K(157248K), 0.0003275 secs]2021-01-21T22:12:00.943+0800: 25.255: [CMS: 347707K->349474K(349568K), 0.0530864 secs] 504859K->372268K(506816K), [Metaspace: 2816K->2816K(1056768K)], 0.0546800 secs] [Times: user=0.06 sys=0.00, real=0.05 secs] 
2021-01-21T22:12:00.998+0800: 25.310: [GC (CMS Initial Mark) [1 CMS-initial-mark: 349474K(349568K)] 375433K(506816K), 0.0012879 secs] [Times: user=0.00 sys=0.00, real=0.01 secs] 
2021-01-21T22:12:00.999+0800: 25.312: [CMS-concurrent-mark-start]
2021-01-21T22:12:01.001+0800: 25.313: [CMS-concurrent-mark: 0.001/0.001 secs] [Times: user=0.00 sys=0.00, real=0.00 secs] 
2021-01-21T22:12:01.001+0800: 25.313: [CMS-concurrent-preclean-start]
2021-01-21T22:12:01.002+0800: 25.314: [CMS-concurrent-preclean: 0.001/0.001 secs] [Times: user=0.01 sys=0.00, real=0.00 secs] 
2021-01-21T22:12:01.002+0800: 25.314: [CMS-concurrent-abortable-preclean-start]
2021-01-21T22:12:01.002+0800: 25.314: [CMS-concurrent-abortable-preclean: 0.000/0.000 secs] [Times: user=0.00 sys=0.00, real=0.00 secs] 
2021-01-21T22:12:01.003+0800: 25.315: [GC (CMS Final Remark) [YG occupancy: 45971 K (157248 K)]2021-01-21T22:12:01.003+0800: 25.315: [Rescan (parallel) , 0.0010550 secs]2021-01-21T22:12:01.004+0800: 25.316: [weak refs processing, 0.0002670 secs]2021-01-21T22:12:01.005+0800: 25.317: [class unloading, 0.0003921 secs]2021-01-21T22:12:01.006+0800: 25.318: [scrub symbol table, 0.0005268 secs]2021-01-21T22:12:01.006+0800: 25.318: [scrub string table, 0.0003694 secs][1 CMS-remark: 349474K(349568K)] 395445K(506816K), 0.0042275 secs] [Times: user=0.00 sys=0.00, real=0.00 secs] 
2021-01-21T22:12:01.008+0800: 25.320: [CMS-concurrent-sweep-start]
2021-01-21T22:12:01.008+0800: 25.320: [CMS-concurrent-sweep: 0.000/0.000 secs] [Times: user=0.00 sys=0.00, real=0.00 secs] 
2021-01-21T22:12:01.008+0800: 25.320: [CMS-concurrent-reset-start]
2021-01-21T22:12:01.008+0800: 25.321: [CMS-concurrent-reset: 0.000/0.000 secs] [Times: user=0.00 sys=0.00, real=0.00 secs] 
2021-01-21T22:12:01.021+0800: 25.333: [GC (Allocation Failure) 2021-01-21T22:12:01.022+0800: 25.334: [ParNew: 157158K->157158K(157248K), 0.0003041 secs]2021-01-21T22:12:01.022+0800: 25.334: [CMS: 347993K->349546K(349568K), 0.0469415 secs] 505151K->368645K(506816K), [Metaspace: 2816K->2816K(1056768K)], 0.0486457 secs] [Times: user=0.04 sys=0.00, real=0.05 secs] 
2021-01-21T22:12:01.071+0800: 25.383: [GC (CMS Initial Mark) [1 CMS-initial-mark: 349546K(349568K)] 371661K(506816K), 0.0014360 secs] [Times: user=0.00 sys=0.00, real=0.00 secs] 
2021-01-21T22:12:01.073+0800: 25.385: [CMS-concurrent-mark-start]
2021-01-21T22:12:01.074+0800: 25.386: [CMS-concurrent-mark: 0.001/0.001 secs] [Times: user=0.00 sys=0.00, real=0.00 secs] 
2021-01-21T22:12:01.075+0800: 25.387: [CMS-concurrent-preclean-start]
2021-01-21T22:12:01.076+0800: 25.388: [CMS-concurrent-preclean: 0.001/0.001 secs] [Times: user=0.00 sys=0.00, real=0.00 secs] 
2021-01-21T22:12:01.076+0800: 25.388: [CMS-concurrent-abortable-preclean-start]
2021-01-21T22:12:01.076+0800: 25.388: [CMS-concurrent-abortable-preclean: 0.000/0.000 secs] [Times: user=0.00 sys=0.00, real=0.00 secs] 
2021-01-21T22:12:01.077+0800: 25.389: [GC (CMS Final Remark) [YG occupancy: 53216 K (157248 K)]2021-01-21T22:12:01.077+0800: 25.389: [Rescan (parallel) , 0.0011838 secs]2021-01-21T22:12:01.079+0800: 25.391: [weak refs processing, 0.0003507 secs]2021-01-21T22:12:01.079+0800: 25.391: [class unloading, 0.0004476 secs]2021-01-21T22:12:01.080+0800: 25.392: [scrub symbol table, 0.0005415 secs]2021-01-21T22:12:01.081+0800: 25.393: [scrub string table, 0.0003545 secs][1 CMS-remark: 349546K(349568K)] 402763K(506816K), 0.0045975 secs] [Times: user=0.00 sys=0.00, real=0.01 secs] 
2021-01-21T22:12:01.082+0800: 25.394: [CMS-concurrent-sweep-start]
2021-01-21T22:12:01.083+0800: 25.395: [CMS-concurrent-sweep: 0.000/0.000 secs] [Times: user=0.00 sys=0.00, real=0.00 secs] 
2021-01-21T22:12:01.083+0800: 25.395: [CMS-concurrent-reset-start]
2021-01-21T22:12:01.083+0800: 25.395: [CMS-concurrent-reset: 0.000/0.000 secs] [Times: user=0.00 sys=0.00, real=0.00 secs] 
2021-01-21T22:12:01.095+0800: 25.407: [GC (Allocation Failure) 2021-01-21T22:12:01.096+0800: 25.408: [ParNew: 157036K->157036K(157248K), 0.0004174 secs]2021-01-21T22:12:01.097+0800: 25.409: [CMS: 348015K->349470K(349568K), 0.0473106 secs] 505052K->371246K(506816K), [Metaspace: 2816K->2816K(1056768K)], 0.0490680 secs] [Times: user=0.05 sys=0.00, real=0.05 secs] 
2021-01-21T22:12:01.146+0800: 25.458: [GC (CMS Initial Mark) [1 CMS-initial-mark: 349470K(349568K)] 374353K(506816K), 0.0017478 secs] [Times: user=0.00 sys=0.00, real=0.00 secs] 
2021-01-21T22:12:01.148+0800: 25.460: [CMS-concurrent-mark-start]
2021-01-21T22:12:01.150+0800: 25.462: [CMS-concurrent-mark: 0.002/0.002 secs] [Times: user=0.00 sys=0.00, real=0.01 secs] 
2021-01-21T22:12:01.150+0800: 25.462: [CMS-concurrent-preclean-start]
2021-01-21T22:12:01.151+0800: 25.463: [CMS-concurrent-preclean: 0.001/0.001 secs] [Times: user=0.00 sys=0.00, real=0.00 secs] 
2021-01-21T22:12:01.151+0800: 25.463: [CMS-concurrent-abortable-preclean-start]
2021-01-21T22:12:01.151+0800: 25.464: [CMS-concurrent-abortable-preclean: 0.000/0.000 secs] [Times: user=0.00 sys=0.00, real=0.00 secs] 
2021-01-21T22:12:01.152+0800: 25.464: [GC (CMS Final Remark) [YG occupancy: 54699 K (157248 K)]2021-01-21T22:12:01.152+0800: 25.464: [Rescan (parallel) , 0.0014278 secs]2021-01-21T22:12:01.154+0800: 25.466: [weak refs processing, 0.0003557 secs]2021-01-21T22:12:01.155+0800: 25.467: [class unloading, 0.0006714 secs]2021-01-21T22:12:01.156+0800: 25.468: [scrub symbol table, 0.0009777 secs]2021-01-21T22:12:01.157+0800: 25.469: [scrub string table, 0.0004382 secs][1 CMS-remark: 349470K(349568K)] 404169K(506816K), 0.0057684 secs] [Times: user=0.01 sys=0.00, real=0.00 secs] 
2021-01-21T22:12:01.159+0800: 25.471: [CMS-concurrent-sweep-start]
2021-01-21T22:12:01.159+0800: 25.471: [CMS-concurrent-sweep: 0.000/0.000 secs] [Times: user=0.00 sys=0.00, real=0.00 secs] 
2021-01-21T22:12:01.159+0800: 25.471: [CMS-concurrent-reset-start]
2021-01-21T22:12:01.159+0800: 25.471: [CMS-concurrent-reset: 0.000/0.000 secs] [Times: user=0.00 sys=0.00, real=0.00 secs] 
2021-01-21T22:12:01.171+0800: 25.483: [GC (Allocation Failure) 2021-01-21T22:12:01.172+0800: 25.484: [ParNew: 156965K->156965K(157248K), 0.0006337 secs]2021-01-21T22:12:01.173+0800: 25.485: [CMS: 348156K->349387K(349568K), 0.0495431 secs] 505122K->376177K(506816K), [Metaspace: 2816K->2816K(1056768K)], 0.0518098 secs] [Times: user=0.05 sys=0.00, real=0.05 secs] 
2021-01-21T22:12:01.224+0800: 25.536: [GC (CMS Initial Mark) [1 CMS-initial-mark: 349387K(349568K)] 379659K(506816K), 0.0012259 secs] [Times: user=0.00 sys=0.00, real=0.00 secs] 
2021-01-21T22:12:01.226+0800: 25.538: [CMS-concurrent-mark-start]
2021-01-21T22:12:01.227+0800: 25.539: [CMS-concurrent-mark: 0.001/0.001 secs] [Times: user=0.01 sys=0.00, real=0.00 secs] 
2021-01-21T22:12:01.228+0800: 25.540: [CMS-concurrent-preclean-start]
2021-01-21T22:12:01.229+0800: 25.541: [CMS-concurrent-preclean: 0.001/0.001 secs] [Times: user=0.00 sys=0.00, real=0.01 secs] 
2021-01-21T22:12:01.229+0800: 25.541: [CMS-concurrent-abortable-preclean-start]
2021-01-21T22:12:01.229+0800: 25.541: [CMS-concurrent-abortable-preclean: 0.000/0.000 secs] [Times: user=0.00 sys=0.00, real=0.00 secs] 
2021-01-21T22:12:01.230+0800: 25.542: [GC (CMS Final Remark) [YG occupancy: 59649 K (157248 K)]2021-01-21T22:12:01.230+0800: 25.542: [Rescan (parallel) , 0.0007517 secs]2021-01-21T22:12:01.231+0800: 25.543: [weak refs processing, 0.0003391 secs]2021-01-21T22:12:01.232+0800: 25.544: [class unloading, 0.0004888 secs]2021-01-21T22:12:01.233+0800: 25.545: [scrub symbol table, 0.0005315 secs]2021-01-21T22:12:01.233+0800: 25.545: [scrub string table, 0.0003445 secs][1 CMS-remark: 349387K(349568K)] 409036K(506816K), 0.0040620 secs] [Times: user=0.00 sys=0.00, real=0.00 secs] 
2021-01-21T22:12:01.234+0800: 25.546: [CMS-concurrent-sweep-start]
2021-01-21T22:12:01.235+0800: 25.547: [CMS-concurrent-sweep: 0.000/0.000 secs] [Times: user=0.00 sys=0.00, real=0.00 secs] 
2021-01-21T22:12:01.235+0800: 25.547: [CMS-concurrent-reset-start]
2021-01-21T22:12:01.235+0800: 25.547: [CMS-concurrent-reset: 0.000/0.000 secs] [Times: user=0.00 sys=0.00, real=0.00 secs] 
2021-01-21T22:12:01.245+0800: 25.557: [GC (Allocation Failure) 2021-01-21T22:12:01.245+0800: 25.557: [ParNew: 157120K->157120K(157248K), 0.0003668 secs]2021-01-21T22:12:01.246+0800: 25.558: [CMS: 346701K->349342K(349568K), 0.0523624 secs] 503821K->381201K(506816K), [Metaspace: 2816K->2816K(1056768K)], 0.0540706 secs] [Times: user=0.05 sys=0.00, real=0.06 secs] 
2021-01-21T22:12:01.300+0800: 25.612: [GC (CMS Initial Mark) [1 CMS-initial-mark: 349342K(349568K)] 384130K(506816K), 0.0013394 secs] [Times: user=0.00 sys=0.00, real=0.00 secs] 
2021-01-21T22:12:01.302+0800: 25.614: [CMS-concurrent-mark-start]
2021-01-21T22:12:01.303+0800: 25.615: [CMS-concurrent-mark: 0.001/0.001 secs] [Times: user=0.00 sys=0.00, real=0.00 secs] 
2021-01-21T22:12:01.304+0800: 25.616: [CMS-concurrent-preclean-start]
2021-01-21T22:12:01.305+0800: 25.617: [CMS-concurrent-preclean: 0.001/0.001 secs] [Times: user=0.00 sys=0.00, real=0.00 secs] 
2021-01-21T22:12:01.305+0800: 25.617: [CMS-concurrent-abortable-preclean-start]
2021-01-21T22:12:01.305+0800: 25.617: [CMS-concurrent-abortable-preclean: 0.000/0.000 secs] [Times: user=0.00 sys=0.00, real=0.00 secs] 
2021-01-21T22:12:01.306+0800: 25.618: [GC (CMS Final Remark) [YG occupancy: 71293 K (157248 K)]2021-01-21T22:12:01.306+0800: 25.618: [Rescan (parallel) , 0.0012665 secs]2021-01-21T22:12:01.308+0800: 25.620: [weak refs processing, 0.0002468 secs]2021-01-21T22:12:01.308+0800: 25.620: [class unloading, 0.0005118 secs]2021-01-21T22:12:01.309+0800: 25.621: [scrub symbol table, 0.0005463 secs]2021-01-21T22:12:01.310+0800: 25.622: [scrub string table, 0.0004337 secs][1 CMS-remark: 349342K(349568K)] 420636K(506816K), 0.0048407 secs] [Times: user=0.00 sys=0.00, real=0.01 secs] 
2021-01-21T22:12:01.311+0800: 25.624: [CMS-concurrent-sweep-start]
2021-01-21T22:12:01.312+0800: 25.624: [CMS-concurrent-sweep: 0.000/0.000 secs] [Times: user=0.00 sys=0.00, real=0.00 secs] 
2021-01-21T22:12:01.312+0800: 25.624: [CMS-concurrent-reset-start]
2021-01-21T22:12:01.313+0800: 25.625: [CMS-concurrent-reset: 0.000/0.000 secs] [Times: user=0.00 sys=0.00, real=0.00 secs] 
2021-01-21T22:12:01.322+0800: 25.634: [GC (Allocation Failure) 2021-01-21T22:12:01.323+0800: 25.635: [ParNew: 157144K->157144K(157248K), 0.0004826 secs]2021-01-21T22:12:01.324+0800: 25.636: [CMS: 348271K->349526K(349568K), 0.0491918 secs] 505415K->381648K(506816K), [Metaspace: 2816K->2816K(1056768K)], 0.0510958 secs] [Times: user=0.04 sys=0.00, real=0.05 secs] 
2021-01-21T22:12:01.374+0800: 25.686: [GC (CMS Initial Mark) [1 CMS-initial-mark: 349526K(349568K)] 384402K(506816K), 0.0014121 secs] [Times: user=0.00 sys=0.00, real=0.00 secs] 
2021-01-21T22:12:01.377+0800: 25.689: [CMS-concurrent-mark-start]
2021-01-21T22:12:01.378+0800: 25.690: [CMS-concurrent-mark: 0.002/0.002 secs] [Times: user=0.00 sys=0.00, real=0.01 secs] 
2021-01-21T22:12:01.379+0800: 25.691: [CMS-concurrent-preclean-start]
2021-01-21T22:12:01.380+0800: 25.692: [CMS-concurrent-preclean: 0.001/0.001 secs] [Times: user=0.00 sys=0.00, real=0.00 secs] 
2021-01-21T22:12:01.380+0800: 25.692: [CMS-concurrent-abortable-preclean-start]
2021-01-21T22:12:01.380+0800: 25.692: [CMS-concurrent-abortable-preclean: 0.000/0.000 secs] [Times: user=0.00 sys=0.00, real=0.00 secs] 
2021-01-21T22:12:01.381+0800: 25.693: [GC (CMS Final Remark) [YG occupancy: 64791 K (157248 K)]2021-01-21T22:12:01.381+0800: 25.693: [Rescan (parallel) , 0.0007254 secs]2021-01-21T22:12:01.382+0800: 25.694: [weak refs processing, 0.0003278 secs]2021-01-21T22:12:01.383+0800: 25.695: [class unloading, 0.0004132 secs]2021-01-21T22:12:01.384+0800: 25.696: [scrub symbol table, 0.0005235 secs]2021-01-21T22:12:01.384+0800: 25.696: [scrub string table, 0.0003799 secs][1 CMS-remark: 349526K(349568K)] 414318K(506816K), 0.0041667 secs] [Times: user=0.00 sys=0.00, real=0.00 secs] 
2021-01-21T22:12:01.386+0800: 25.698: [CMS-concurrent-sweep-start]
2021-01-21T22:12:01.386+0800: 25.698: [CMS-concurrent-sweep: 0.000/0.000 secs] [Times: user=0.00 sys=0.00, real=0.00 secs] 
2021-01-21T22:12:01.386+0800: 25.698: [CMS-concurrent-reset-start]
2021-01-21T22:12:01.386+0800: 25.698: [CMS-concurrent-reset: 0.000/0.000 secs] [Times: user=0.00 sys=0.00, real=0.00 secs] 
2021-01-21T22:12:01.399+0800: 25.711: [GC (Allocation Failure) 2021-01-21T22:12:01.399+0800: 25.712: [ParNew: 157244K->157244K(157248K), 0.0003628 secs]2021-01-21T22:12:01.400+0800: 25.712: [CMS: 347832K->349353K(349568K), 0.0517408 secs] 505076K->389925K(506816K), [Metaspace: 2816K->2816K(1056768K)], 0.0534709 secs] [Times: user=0.06 sys=0.00, real=0.05 secs] 
2021-01-21T22:12:01.454+0800: 25.766: [GC (CMS Initial Mark) [1 CMS-initial-mark: 349353K(349568K)] 393193K(506816K), 0.0016321 secs] [Times: user=0.00 sys=0.00, real=0.00 secs] 
2021-01-21T22:12:01.456+0800: 25.768: [CMS-concurrent-mark-start]
2021-01-21T22:12:01.458+0800: 25.770: [CMS-concurrent-mark: 0.002/0.002 secs] [Times: user=0.00 sys=0.00, real=0.00 secs] 
2021-01-21T22:12:01.458+0800: 25.770: [CMS-concurrent-preclean-start]
2021-01-21T22:12:01.459+0800: 25.771: [CMS-concurrent-preclean: 0.001/0.001 secs] [Times: user=0.01 sys=0.00, real=0.01 secs] 
2021-01-21T22:12:01.459+0800: 25.771: [CMS-concurrent-abortable-preclean-start]
2021-01-21T22:12:01.459+0800: 25.771: [CMS-concurrent-abortable-preclean: 0.000/0.000 secs] [Times: user=0.00 sys=0.00, real=0.00 secs] 
2021-01-21T22:12:01.460+0800: 25.772: [GC (CMS Final Remark) [YG occupancy: 70773 K (157248 K)]2021-01-21T22:12:01.460+0800: 25.772: [Rescan (parallel) , 0.0013454 secs]2021-01-21T22:12:01.462+0800: 25.774: [weak refs processing, 0.0003064 secs]2021-01-21T22:12:01.462+0800: 25.775: [class unloading, 0.0006226 secs]2021-01-21T22:12:01.463+0800: 25.775: [scrub symbol table, 0.0007370 secs]2021-01-21T22:12:01.464+0800: 25.776: [scrub string table, 0.0003664 secs][1 CMS-remark: 349353K(349568K)] 420126K(506816K), 0.0051219 secs] [Times: user=0.00 sys=0.00, real=0.00 secs] 
2021-01-21T22:12:01.466+0800: 25.778: [CMS-concurrent-sweep-start]
2021-01-21T22:12:01.466+0800: 25.778: [CMS-concurrent-sweep: 0.000/0.000 secs] [Times: user=0.00 sys=0.00, real=0.00 secs] 
2021-01-21T22:12:01.466+0800: 25.778: [CMS-concurrent-reset-start]
2021-01-21T22:12:01.466+0800: 25.778: [CMS-concurrent-reset: 0.000/0.000 secs] [Times: user=0.00 sys=0.00, real=0.00 secs] 
2021-01-21T22:12:01.476+0800: 25.788: [GC (Allocation Failure) 2021-01-21T22:12:01.476+0800: 25.788: [ParNew: 156680K->156680K(157248K), 0.0003233 secs]2021-01-21T22:12:01.477+0800: 25.789: [CMS: 346367K->349548K(349568K), 0.0500118 secs] 503048K->383029K(506816K), [Metaspace: 2816K->2816K(1056768K)], 0.0515706 secs] [Times: user=0.05 sys=0.00, real=0.05 secs] 
2021-01-21T22:12:01.528+0800: 25.840: [GC (CMS Initial Mark) [1 CMS-initial-mark: 349548K(349568K)] 386282K(506816K), 0.0016216 secs] [Times: user=0.00 sys=0.00, real=0.00 secs] 
2021-01-21T22:12:01.531+0800: 25.843: [CMS-concurrent-mark-start]
2021-01-21T22:12:01.532+0800: 25.844: [CMS-concurrent-mark: 0.001/0.001 secs] [Times: user=0.00 sys=0.00, real=0.00 secs] 
2021-01-21T22:12:01.532+0800: 25.844: [CMS-concurrent-preclean-start]
2021-01-21T22:12:01.533+0800: 25.845: [CMS-concurrent-preclean: 0.001/0.001 secs] [Times: user=0.00 sys=0.00, real=0.00 secs] 
2021-01-21T22:12:01.534+0800: 25.846: [CMS-concurrent-abortable-preclean-start]
2021-01-21T22:12:01.534+0800: 25.846: [CMS-concurrent-abortable-preclean: 0.000/0.000 secs] [Times: user=0.00 sys=0.00, real=0.00 secs] 
2021-01-21T22:12:01.534+0800: 25.846: [GC (CMS Final Remark) [YG occupancy: 68101 K (157248 K)]2021-01-21T22:12:01.534+0800: 25.846: [Rescan (parallel) , 0.0012570 secs]2021-01-21T22:12:01.536+0800: 25.848: [weak refs processing, 0.0003116 secs]2021-01-21T22:12:01.537+0800: 25.849: [class unloading, 0.0004675 secs]2021-01-21T22:12:01.537+0800: 25.849: [scrub symbol table, 0.0006673 secs]2021-01-21T22:12:01.538+0800: 25.850: [scrub string table, 0.0004481 secs][1 CMS-remark: 349548K(349568K)] 417649K(506816K), 0.0048264 secs] [Times: user=0.01 sys=0.00, real=0.01 secs] 
2021-01-21T22:12:01.540+0800: 25.852: [CMS-concurrent-sweep-start]
2021-01-21T22:12:01.540+0800: 25.852: [CMS-concurrent-sweep: 0.000/0.000 secs] [Times: user=0.00 sys=0.00, real=0.00 secs] 
2021-01-21T22:12:01.540+0800: 25.852: [CMS-concurrent-reset-start]
2021-01-21T22:12:01.540+0800: 25.852: [CMS-concurrent-reset: 0.000/0.000 secs] [Times: user=0.00 sys=0.00, real=0.00 secs] 
2021-01-21T22:12:01.552+0800: 25.864: [GC (Allocation Failure) 2021-01-21T22:12:01.552+0800: 25.865: [ParNew: 157179K->157179K(157248K), 0.0003332 secs]2021-01-21T22:12:01.553+0800: 25.865: [CMS: 349399K->349383K(349568K), 0.0561556 secs] 506578K->377462K(506816K), [Metaspace: 2816K->2816K(1056768K)], 0.0578659 secs] [Times: user=0.06 sys=0.00, real=0.06 secs] 
2021-01-21T22:12:01.611+0800: 25.923: [GC (CMS Initial Mark) [1 CMS-initial-mark: 349383K(349568K)] 380416K(506816K), 0.0013834 secs] [Times: user=0.00 sys=0.00, real=0.00 secs] 
2021-01-21T22:12:01.613+0800: 25.925: [CMS-concurrent-mark-start]
2021-01-21T22:12:01.614+0800: 25.927: [CMS-concurrent-mark: 0.001/0.001 secs] [Times: user=0.00 sys=0.00, real=0.00 secs] 
2021-01-21T22:12:01.615+0800: 25.927: [CMS-concurrent-preclean-start]
2021-01-21T22:12:01.616+0800: 25.928: [CMS-concurrent-preclean: 0.001/0.001 secs] [Times: user=0.01 sys=0.00, real=0.00 secs] 
2021-01-21T22:12:01.616+0800: 25.928: [CMS-concurrent-abortable-preclean-start]
2021-01-21T22:12:01.616+0800: 25.928: [CMS-concurrent-abortable-preclean: 0.000/0.000 secs] [Times: user=0.00 sys=0.00, real=0.00 secs] 
2021-01-21T22:12:01.617+0800: 25.929: [GC (CMS Final Remark) [YG occupancy: 54858 K (157248 K)]2021-01-21T22:12:01.617+0800: 25.929: [Rescan (parallel) , 0.0008563 secs]2021-01-21T22:12:01.618+0800: 25.931: [weak refs processing, 0.0002985 secs]2021-01-21T22:12:01.619+0800: 25.931: [class unloading, 0.0004940 secs]2021-01-21T22:12:01.620+0800: 25.932: [scrub symbol table, 0.0007941 secs]2021-01-21T22:12:01.621+0800: 25.933: [scrub string table, 0.0005116 secs][1 CMS-remark: 349383K(349568K)] 404241K(506816K), 0.0050085 secs] [Times: user=0.00 sys=0.00, real=0.01 secs] 
2021-01-21T22:12:01.623+0800: 25.935: [CMS-concurrent-sweep-start]
2021-01-21T22:12:01.623+0800: 25.935: [CMS-concurrent-sweep: 0.000/0.000 secs] [Times: user=0.00 sys=0.00, real=0.00 secs] 
2021-01-21T22:12:01.624+0800: 25.936: [CMS-concurrent-reset-start]
2021-01-21T22:12:01.624+0800: 25.936: [CMS-concurrent-reset: 0.000/0.000 secs] [Times: user=0.00 sys=0.00, real=0.00 secs] 
2021-01-21T22:12:01.636+0800: 25.948: [GC (Allocation Failure) 2021-01-21T22:12:01.636+0800: 25.948: [ParNew: 156902K->156902K(157248K), 0.0001995 secs]2021-01-21T22:12:01.637+0800: 25.949: [CMS: 348973K->349376K(349568K), 0.0519164 secs] 505876K->381977K(506816K), [Metaspace: 2816K->2816K(1056768K)], 0.0531810 secs] [Times: user=0.05 sys=0.00, real=0.06 secs] 
2021-01-21T22:12:01.690+0800: 26.002: [GC (CMS Initial Mark) [1 CMS-initial-mark: 349376K(349568K)] 385085K(506816K), 0.0015548 secs] [Times: user=0.00 sys=0.00, real=0.00 secs] 
2021-01-21T22:12:01.692+0800: 26.004: [CMS-concurrent-mark-start]
2021-01-21T22:12:01.694+0800: 26.006: [CMS-concurrent-mark: 0.001/0.001 secs] [Times: user=0.00 sys=0.00, real=0.00 secs] 
2021-01-21T22:12:01.694+0800: 26.006: [CMS-concurrent-preclean-start]
2021-01-21T22:12:01.695+0800: 26.008: [CMS-concurrent-preclean: 0.001/0.001 secs] [Times: user=0.00 sys=0.00, real=0.00 secs] 
2021-01-21T22:12:01.696+0800: 26.008: [CMS-concurrent-abortable-preclean-start]
2021-01-21T22:12:01.696+0800: 26.008: [CMS-concurrent-abortable-preclean: 0.000/0.000 secs] [Times: user=0.00 sys=0.00, real=0.00 secs] 
2021-01-21T22:12:01.697+0800: 26.009: [GC (CMS Final Remark) [YG occupancy: 65832 K (157248 K)]2021-01-21T22:12:01.697+0800: 26.009: [Rescan (parallel) , 0.0016388 secs]2021-01-21T22:12:01.699+0800: 26.011: [weak refs processing, 0.0004888 secs]2021-01-21T22:12:01.700+0800: 26.012: [class unloading, 0.0004351 secs]2021-01-21T22:12:01.700+0800: 26.012: [scrub symbol table, 0.0005480 secs]2021-01-21T22:12:01.701+0800: 26.013: [scrub string table, 0.0003926 secs][1 CMS-remark: 349376K(349568K)] 415208K(506816K), 0.0052543 secs] [Times: user=0.00 sys=0.00, real=0.01 secs] 
2021-01-21T22:12:01.703+0800: 26.015: [CMS-concurrent-sweep-start]
2021-01-21T22:12:01.703+0800: 26.015: [CMS-concurrent-sweep: 0.000/0.000 secs] [Times: user=0.00 sys=0.00, real=0.00 secs] 
2021-01-21T22:12:01.703+0800: 26.015: [CMS-concurrent-reset-start]
2021-01-21T22:12:01.703+0800: 26.015: [CMS-concurrent-reset: 0.000/0.000 secs] [Times: user=0.00 sys=0.00, real=0.00 secs] 
2021-01-21T22:12:01.716+0800: 26.028: [GC (Allocation Failure) 2021-01-21T22:12:01.716+0800: 26.028: [ParNew: 157161K->157161K(157248K), 0.0003860 secs]2021-01-21T22:12:01.717+0800: 26.029: [CMS: 348393K->349471K(349568K), 0.0553662 secs] 505554K->386471K(506816K), [Metaspace: 2816K->2816K(1056768K)], 0.0571637 secs] [Times: user=0.05 sys=0.00, real=0.06 secs] 
2021-01-21T22:12:01.774+0800: 26.086: [GC (CMS Initial Mark) [1 CMS-initial-mark: 349471K(349568K)] 389163K(506816K), 0.0013047 secs] [Times: user=0.01 sys=0.00, real=0.00 secs] 
2021-01-21T22:12:01.776+0800: 26.088: [CMS-concurrent-mark-start]
2021-01-21T22:12:01.777+0800: 26.089: [CMS-concurrent-mark: 0.001/0.001 secs] [Times: user=0.00 sys=0.00, real=0.00 secs] 
2021-01-21T22:12:01.777+0800: 26.090: [CMS-concurrent-preclean-start]
2021-01-21T22:12:01.778+0800: 26.090: [CMS-concurrent-preclean: 0.001/0.001 secs] [Times: user=0.00 sys=0.00, real=0.01 secs] 
2021-01-21T22:12:01.779+0800: 26.091: [CMS-concurrent-abortable-preclean-start]
2021-01-21T22:12:01.779+0800: 26.091: [CMS-concurrent-abortable-preclean: 0.000/0.000 secs] [Times: user=0.00 sys=0.00, real=0.00 secs] 
2021-01-21T22:12:01.779+0800: 26.091: [GC (CMS Final Remark) [YG occupancy: 67871 K (157248 K)]2021-01-21T22:12:01.780+0800: 26.092: [Rescan (parallel) , 0.0012948 secs]2021-01-21T22:12:01.781+0800: 26.093: [weak refs processing, 0.0003106 secs]2021-01-21T22:12:01.782+0800: 26.094: [class unloading, 0.0004553 secs]2021-01-21T22:12:01.783+0800: 26.095: [scrub symbol table, 0.0005271 secs]2021-01-21T22:12:01.784+0800: 26.096: [scrub string table, 0.0003445 secs][1 CMS-remark: 349471K(349568K)] 417342K(506816K), 0.0048455 secs] [Times: user=0.01 sys=0.00, real=0.00 secs] 
2021-01-21T22:12:01.785+0800: 26.097: [CMS-concurrent-sweep-start]
2021-01-21T22:12:01.785+0800: 26.097: [CMS-concurrent-sweep: 0.000/0.000 secs] [Times: user=0.00 sys=0.00, real=0.00 secs] 
2021-01-21T22:12:01.786+0800: 26.098: [CMS-concurrent-reset-start]
2021-01-21T22:12:01.786+0800: 26.098: [CMS-concurrent-reset: 0.000/0.000 secs] [Times: user=0.00 sys=0.00, real=0.00 secs] 
2021-01-21T22:12:01.797+0800: 26.109: [GC (Allocation Failure) 2021-01-21T22:12:01.797+0800: 26.109: [ParNew: 157057K->157057K(157248K), 0.0003121 secs]2021-01-21T22:12:01.798+0800: 26.110: [CMS: 346687K->349476K(349568K), 0.0492558 secs] 503745K->378496K(506816K), [Metaspace: 2816K->2816K(1056768K)], 0.0509372 secs] [Times: user=0.05 sys=0.00, real=0.06 secs] 
2021-01-21T22:12:01.849+0800: 26.161: [GC (CMS Initial Mark) [1 CMS-initial-mark: 349476K(349568K)] 381276K(506816K), 0.0011428 secs] [Times: user=0.00 sys=0.00, real=0.00 secs] 
2021-01-21T22:12:01.851+0800: 26.163: [CMS-concurrent-mark-start]
2021-01-21T22:12:01.852+0800: 26.164: [CMS-concurrent-mark: 0.001/0.001 secs] [Times: user=0.00 sys=0.00, real=0.00 secs] 
2021-01-21T22:12:01.852+0800: 26.165: [CMS-concurrent-preclean-start]
2021-01-21T22:12:01.854+0800: 26.166: [CMS-concurrent-preclean: 0.001/0.001 secs] [Times: user=0.00 sys=0.00, real=0.00 secs] 
2021-01-21T22:12:01.854+0800: 26.166: [CMS-concurrent-abortable-preclean-start]
2021-01-21T22:12:01.854+0800: 26.166: [CMS-concurrent-abortable-preclean: 0.000/0.000 secs] [Times: user=0.00 sys=0.00, real=0.00 secs] 
2021-01-21T22:12:01.855+0800: 26.167: [GC (CMS Final Remark) [YG occupancy: 59277 K (157248 K)]2021-01-21T22:12:01.855+0800: 26.167: [Rescan (parallel) , 0.0009955 secs]2021-01-21T22:12:01.857+0800: 26.169: [weak refs processing, 0.0002780 secs]2021-01-21T22:12:01.857+0800: 26.169: [class unloading, 0.0003819 secs]2021-01-21T22:12:01.858+0800: 26.170: [scrub symbol table, 0.0004916 secs]2021-01-21T22:12:01.858+0800: 26.171: [scrub string table, 0.0003758 secs][1 CMS-remark: 349476K(349568K)] 408753K(506816K), 0.0041160 secs] [Times: user=0.00 sys=0.00, real=0.01 secs] 
2021-01-21T22:12:01.860+0800: 26.172: [CMS-concurrent-sweep-start]
2021-01-21T22:12:01.860+0800: 26.172: [CMS-concurrent-sweep: 0.000/0.000 secs] [Times: user=0.00 sys=0.00, real=0.00 secs] 
2021-01-21T22:12:01.860+0800: 26.172: [CMS-concurrent-reset-start]
2021-01-21T22:12:01.860+0800: 26.172: [CMS-concurrent-reset: 0.000/0.000 secs] [Times: user=0.00 sys=0.00, real=0.00 secs] 
2021-01-21T22:12:01.872+0800: 26.184: [GC (Allocation Failure) 2021-01-21T22:12:01.873+0800: 26.185: [ParNew: 156917K->156917K(157248K), 0.0003292 secs]2021-01-21T22:12:01.873+0800: 26.185: [CMS: 348296K->349085K(349568K), 0.0493269 secs] 505214K->372948K(506816K), [Metaspace: 2816K->2816K(1056768K)], 0.0508418 secs] [Times: user=0.05 sys=0.00, real=0.05 secs] 
2021-01-21T22:12:01.924+0800: 26.236: [GC (CMS Initial Mark) [1 CMS-initial-mark: 349085K(349568K)] 376195K(506816K), 0.0012464 secs] [Times: user=0.00 sys=0.00, real=0.00 secs] 
2021-01-21T22:12:01.926+0800: 26.238: [CMS-concurrent-mark-start]
2021-01-21T22:12:01.927+0800: 26.239: [CMS-concurrent-mark: 0.001/0.001 secs] [Times: user=0.00 sys=0.00, real=0.00 secs] 
2021-01-21T22:12:01.927+0800: 26.239: [CMS-concurrent-preclean-start]
2021-01-21T22:12:01.928+0800: 26.240: [CMS-concurrent-preclean: 0.001/0.001 secs] [Times: user=0.01 sys=0.00, real=0.01 secs] 
2021-01-21T22:12:01.929+0800: 26.241: [CMS-concurrent-abortable-preclean-start]
2021-01-21T22:12:01.929+0800: 26.241: [CMS-concurrent-abortable-preclean: 0.000/0.000 secs] [Times: user=0.00 sys=0.00, real=0.00 secs] 
2021-01-21T22:12:01.929+0800: 26.241: [GC (CMS Final Remark) [YG occupancy: 50463 K (157248 K)]2021-01-21T22:12:01.930+0800: 26.242: [Rescan (parallel) , 0.0009914 secs]2021-01-21T22:12:01.931+0800: 26.243: [weak refs processing, 0.0003761 secs]2021-01-21T22:12:01.932+0800: 26.244: [class unloading, 0.0004358 secs]2021-01-21T22:12:01.932+0800: 26.244: [scrub symbol table, 0.0005600 secs]2021-01-21T22:12:01.933+0800: 26.245: [scrub string table, 0.0004057 secs][1 CMS-remark: 349085K(349568K)] 399549K(506816K), 0.0046425 secs] [Times: user=0.00 sys=0.00, real=0.00 secs] 
2021-01-21T22:12:01.935+0800: 26.247: [CMS-concurrent-sweep-start]
2021-01-21T22:12:01.935+0800: 26.247: [CMS-concurrent-sweep: 0.000/0.000 secs] [Times: user=0.00 sys=0.00, real=0.00 secs] 
2021-01-21T22:12:01.935+0800: 26.247: [CMS-concurrent-reset-start]
2021-01-21T22:12:01.936+0800: 26.248: [CMS-concurrent-reset: 0.000/0.000 secs] [Times: user=0.00 sys=0.00, real=0.00 secs] 
2021-01-21T22:12:01.947+0800: 26.260: [GC (Allocation Failure) 2021-01-21T22:12:01.948+0800: 26.260: [ParNew: 157044K->157044K(157248K), 0.0003076 secs]2021-01-21T22:12:01.948+0800: 26.261: [CMS: 348706K->349347K(349568K), 0.0491655 secs] 505751K->371513K(506816K), [Metaspace: 2816K->2816K(1056768K)], 0.0506565 secs] [Times: user=0.05 sys=0.00, real=0.06 secs] 
2021-01-21T22:12:01.999+0800: 26.311: [GC (CMS Initial Mark) [1 CMS-initial-mark: 349347K(349568K)] 374851K(506816K), 0.0012252 secs] [Times: user=0.01 sys=0.00, real=0.00 secs] 
2021-01-21T22:12:02.001+0800: 26.313: [CMS-concurrent-mark-start]
2021-01-21T22:12:02.002+0800: 26.314: [CMS-concurrent-mark: 0.001/0.001 secs] [Times: user=0.00 sys=0.00, real=0.00 secs] 
2021-01-21T22:12:02.003+0800: 26.315: [CMS-concurrent-preclean-start]
2021-01-21T22:12:02.004+0800: 26.316: [CMS-concurrent-preclean: 0.001/0.001 secs] [Times: user=0.00 sys=0.00, real=0.00 secs] 
2021-01-21T22:12:02.004+0800: 26.316: [CMS-concurrent-abortable-preclean-start]
2021-01-21T22:12:02.004+0800: 26.316: [CMS-concurrent-abortable-preclean: 0.000/0.000 secs] [Times: user=0.00 sys=0.00, real=0.00 secs] 
2021-01-21T22:12:02.005+0800: 26.317: [GC (CMS Final Remark) [YG occupancy: 55878 K (157248 K)]2021-01-21T22:12:02.005+0800: 26.317: [Rescan (parallel) , 0.0007007 secs]2021-01-21T22:12:02.006+0800: 26.318: [weak refs processing, 0.0003950 secs]2021-01-21T22:12:02.007+0800: 26.319: [class unloading, 0.0004319 secs]2021-01-21T22:12:02.008+0800: 26.320: [scrub symbol table, 0.0006073 secs]2021-01-21T22:12:02.009+0800: 26.321: [scrub string table, 0.0004633 secs][1 CMS-remark: 349347K(349568K)] 405225K(506816K), 0.0045175 secs] [Times: user=0.01 sys=0.00, real=0.01 secs] 
2021-01-21T22:12:02.010+0800: 26.322: [CMS-concurrent-sweep-start]
2021-01-21T22:12:02.011+0800: 26.323: [CMS-concurrent-sweep: 0.000/0.000 secs] [Times: user=0.00 sys=0.00, real=0.00 secs] 
2021-01-21T22:12:02.011+0800: 26.323: [CMS-concurrent-reset-start]
2021-01-21T22:12:02.011+0800: 26.323: [CMS-concurrent-reset: 0.000/0.000 secs] [Times: user=0.00 sys=0.00, real=0.00 secs] 
2021-01-21T22:12:02.027+0800: 26.339: [GC (Allocation Failure) 2021-01-21T22:12:02.027+0800: 26.339: [ParNew: 157244K->157244K(157248K), 0.0004074 secs]2021-01-21T22:12:02.028+0800: 26.340: [CMS: 347415K->349122K(349568K), 0.0494367 secs] 504659K->368803K(506816K), [Metaspace: 2816K->2816K(1056768K)], 0.0512819 secs] [Times: user=0.05 sys=0.00, real=0.06 secs] 
2021-01-21T22:12:02.079+0800: 26.391: [GC (CMS Initial Mark) [1 CMS-initial-mark: 349122K(349568K)] 371475K(506816K), 0.0011244 secs] [Times: user=0.00 sys=0.00, real=0.00 secs] 
2021-01-21T22:12:02.081+0800: 26.393: [CMS-concurrent-mark-start]
2021-01-21T22:12:02.082+0800: 26.394: [CMS-concurrent-mark: 0.002/0.002 secs] [Times: user=0.00 sys=0.00, real=0.00 secs] 
2021-01-21T22:12:02.083+0800: 26.395: [CMS-concurrent-preclean-start]
2021-01-21T22:12:02.084+0800: 26.396: [CMS-concurrent-preclean: 0.001/0.001 secs] [Times: user=0.00 sys=0.00, real=0.00 secs] 
2021-01-21T22:12:02.084+0800: 26.397: [CMS-concurrent-abortable-preclean-start]
2021-01-21T22:12:02.084+0800: 26.397: [CMS-concurrent-abortable-preclean: 0.000/0.000 secs] [Times: user=0.00 sys=0.00, real=0.00 secs] 
2021-01-21T22:12:02.085+0800: 26.397: [GC (CMS Final Remark) [YG occupancy: 49746 K (157248 K)]2021-01-21T22:12:02.085+0800: 26.397: [Rescan (parallel) , 0.0014300 secs]2021-01-21T22:12:02.087+0800: 26.399: [weak refs processing, 0.0003589 secs]2021-01-21T22:12:02.088+0800: 26.400: [class unloading, 0.0005220 secs]2021-01-21T22:12:02.089+0800: 26.401: [scrub symbol table, 0.0006721 secs]2021-01-21T22:12:02.090+0800: 26.402: [scrub string table, 0.0005475 secs][1 CMS-remark: 349122K(349568K)] 398869K(506816K), 0.0056417 secs] [Times: user=0.00 sys=0.00, real=0.01 secs] 
2021-01-21T22:12:02.091+0800: 26.404: [CMS-concurrent-sweep-start]
2021-01-21T22:12:02.092+0800: 26.404: [CMS-concurrent-sweep: 0.000/0.000 secs] [Times: user=0.00 sys=0.00, real=0.00 secs] 
2021-01-21T22:12:02.092+0800: 26.404: [CMS-concurrent-reset-start]
2021-01-21T22:12:02.093+0800: 26.405: [CMS-concurrent-reset: 0.000/0.000 secs] [Times: user=0.00 sys=0.00, real=0.00 secs] 
2021-01-21T22:12:02.105+0800: 26.417: [GC (Allocation Failure) 2021-01-21T22:12:02.106+0800: 26.418: [ParNew: 156963K->156963K(157248K), 0.0004405 secs]2021-01-21T22:12:02.107+0800: 26.419: [CMS: 347672K->349532K(349568K), 0.0485348 secs] 504635K->370656K(506816K), [Metaspace: 2816K->2816K(1056768K)], 0.0504928 secs] [Times: user=0.04 sys=0.00, real=0.05 secs] 
2021-01-21T22:12:02.157+0800: 26.469: [GC (CMS Initial Mark) [1 CMS-initial-mark: 349532K(349568K)] 374133K(506816K), 0.0013659 secs] [Times: user=0.00 sys=0.00, real=0.01 secs] 
2021-01-21T22:12:02.159+0800: 26.471: [CMS-concurrent-mark-start]
2021-01-21T22:12:02.160+0800: 26.472: [CMS-concurrent-mark: 0.001/0.001 secs] [Times: user=0.00 sys=0.00, real=0.00 secs] 
2021-01-21T22:12:02.161+0800: 26.473: [CMS-concurrent-preclean-start]
2021-01-21T22:12:02.162+0800: 26.474: [CMS-concurrent-preclean: 0.001/0.001 secs] [Times: user=0.00 sys=0.00, real=0.00 secs] 
2021-01-21T22:12:02.162+0800: 26.474: [CMS-concurrent-abortable-preclean-start]
2021-01-21T22:12:02.162+0800: 26.474: [CMS-concurrent-abortable-preclean: 0.000/0.000 secs] [Times: user=0.00 sys=0.00, real=0.00 secs] 
2021-01-21T22:12:02.163+0800: 26.475: [GC (CMS Final Remark) [YG occupancy: 48955 K (157248 K)]2021-01-21T22:12:02.163+0800: 26.475: [Rescan (parallel) , 0.0009315 secs]2021-01-21T22:12:02.164+0800: 26.476: [weak refs processing, 0.0003289 secs]2021-01-21T22:12:02.165+0800: 26.477: [class unloading, 0.0004683 secs]2021-01-21T22:12:02.166+0800: 26.478: [scrub symbol table, 0.0005675 secs]2021-01-21T22:12:02.167+0800: 26.479: [scrub string table, 0.0004262 secs][1 CMS-remark: 349532K(349568K)] 398488K(506816K), 0.0047538 secs] [Times: user=0.00 sys=0.00, real=0.00 secs] 
2021-01-21T22:12:02.168+0800: 26.480: [CMS-concurrent-sweep-start]
2021-01-21T22:12:02.168+0800: 26.481: [CMS-concurrent-sweep: 0.000/0.000 secs] [Times: user=0.00 sys=0.00, real=0.00 secs] 
2021-01-21T22:12:02.169+0800: 26.481: [CMS-concurrent-reset-start]
2021-01-21T22:12:02.169+0800: 26.481: [CMS-concurrent-reset: 0.000/0.000 secs] [Times: user=0.00 sys=0.00, real=0.00 secs] 
2021-01-21T22:12:02.183+0800: 26.495: [GC (Allocation Failure) 2021-01-21T22:12:02.183+0800: 26.495: [ParNew: 157222K->157222K(157248K), 0.0003711 secs]2021-01-21T22:12:02.184+0800: 26.496: [CMS: 347718K->348999K(349568K), 0.0487171 secs] 504941K->364030K(506816K), [Metaspace: 2816K->2816K(1056768K)], 0.0504546 secs] [Times: user=0.05 sys=0.00, real=0.05 secs] 
2021-01-21T22:12:02.234+0800: 26.546: [GC (CMS Initial Mark) [1 CMS-initial-mark: 348999K(349568K)] 366841K(506816K), 0.0015993 secs] [Times: user=0.01 sys=0.00, real=0.00 secs] 
2021-01-21T22:12:02.237+0800: 26.549: [CMS-concurrent-mark-start]
2021-01-21T22:12:02.239+0800: 26.551: [CMS-concurrent-mark: 0.002/0.002 secs] [Times: user=0.00 sys=0.00, real=0.01 secs] 
2021-01-21T22:12:02.239+0800: 26.552: [CMS-concurrent-preclean-start]
2021-01-21T22:12:02.241+0800: 26.553: [CMS-concurrent-preclean: 0.001/0.001 secs] [Times: user=0.01 sys=0.00, real=0.00 secs] 
2021-01-21T22:12:02.241+0800: 26.553: [CMS-concurrent-abortable-preclean-start]
2021-01-21T22:12:02.241+0800: 26.553: [CMS-concurrent-abortable-preclean: 0.000/0.000 secs] [Times: user=0.00 sys=0.00, real=0.00 secs] 
2021-01-21T22:12:02.242+0800: 26.554: [GC (CMS Final Remark) [YG occupancy: 52340 K (157248 K)]2021-01-21T22:12:02.242+0800: 26.554: [Rescan (parallel) , 0.0007828 secs]2021-01-21T22:12:02.243+0800: 26.555: [weak refs processing, 0.0003340 secs]2021-01-21T22:12:02.244+0800: 26.556: [class unloading, 0.0004656 secs]2021-01-21T22:12:02.244+0800: 26.557: [scrub symbol table, 0.0005146 secs]2021-01-21T22:12:02.245+0800: 26.557: [scrub string table, 0.0005662 secs][1 CMS-remark: 348999K(349568K)] 401339K(506816K), 0.0046677 secs] [Times: user=0.00 sys=0.00, real=0.00 secs] 
2021-01-21T22:12:02.247+0800: 26.559: [CMS-concurrent-sweep-start]
2021-01-21T22:12:02.247+0800: 26.559: [CMS-concurrent-sweep: 0.000/0.000 secs] [Times: user=0.00 sys=0.00, real=0.00 secs] 
2021-01-21T22:12:02.248+0800: 26.560: [CMS-concurrent-reset-start]
2021-01-21T22:12:02.248+0800: 26.560: [CMS-concurrent-reset: 0.000/0.000 secs] [Times: user=0.00 sys=0.00, real=0.00 secs] 
2021-01-21T22:12:02.262+0800: 26.574: [GC (Allocation Failure) 2021-01-21T22:12:02.262+0800: 26.574: [ParNew: 157031K->157031K(157248K), 0.0003829 secs]2021-01-21T22:12:02.263+0800: 26.575: [CMS: 347771K->349520K(349568K), 0.0468766 secs] 504802K->368254K(506816K), [Metaspace: 2816K->2816K(1056768K)], 0.0487145 secs] [Times: user=0.04 sys=0.00, real=0.05 secs] 
2021-01-21T22:12:02.311+0800: 26.623: [GC (CMS Initial Mark) [1 CMS-initial-mark: 349520K(349568K)] 371318K(506816K), 0.0015682 secs] [Times: user=0.01 sys=0.00, real=0.00 secs] 
2021-01-21T22:12:02.314+0800: 26.626: [CMS-concurrent-mark-start]
2021-01-21T22:12:02.315+0800: 26.627: [CMS-concurrent-mark: 0.001/0.001 secs] [Times: user=0.00 sys=0.00, real=0.00 secs] 
2021-01-21T22:12:02.316+0800: 26.628: [CMS-concurrent-preclean-start]
2021-01-21T22:12:02.317+0800: 26.629: [CMS-concurrent-preclean: 0.001/0.001 secs] [Times: user=0.00 sys=0.00, real=0.00 secs] 
2021-01-21T22:12:02.317+0800: 26.629: [CMS-concurrent-abortable-preclean-start]
2021-01-21T22:12:02.317+0800: 26.629: [CMS-concurrent-abortable-preclean: 0.000/0.000 secs] [Times: user=0.00 sys=0.00, real=0.00 secs] 
2021-01-21T22:12:02.318+0800: 26.630: [GC (CMS Final Remark) [YG occupancy: 43994 K (157248 K)]2021-01-21T22:12:02.318+0800: 26.630: [Rescan (parallel) , 0.0011917 secs]2021-01-21T22:12:02.320+0800: 26.632: [weak refs processing, 0.0003034 secs]2021-01-21T22:12:02.321+0800: 26.633: [class unloading, 0.0004995 secs]2021-01-21T22:12:02.321+0800: 26.633: [scrub symbol table, 0.0006800 secs]2021-01-21T22:12:02.322+0800: 26.634: [scrub string table, 0.0003899 secs][1 CMS-remark: 349520K(349568K)] 393515K(506816K), 0.0053964 secs] [Times: user=0.01 sys=0.00, real=0.01 secs] 
2021-01-21T22:12:02.324+0800: 26.636: [CMS-concurrent-sweep-start]
2021-01-21T22:12:02.324+0800: 26.636: [CMS-concurrent-sweep: 0.000/0.000 secs] [Times: user=0.00 sys=0.00, real=0.00 secs] 
2021-01-21T22:12:02.324+0800: 26.636: [CMS-concurrent-reset-start]
2021-01-21T22:12:02.324+0800: 26.636: [CMS-concurrent-reset: 0.000/0.000 secs] [Times: user=0.00 sys=0.00, real=0.00 secs] 
2021-01-21T22:12:02.337+0800: 26.649: [GC (Allocation Failure) 2021-01-21T22:12:02.337+0800: 26.649: [ParNew: 157239K->157239K(157248K), 0.0003699 secs]2021-01-21T22:12:02.338+0800: 26.650: [CMS: 348915K->349399K(349568K), 0.0482059 secs] 506155K->363997K(506816K), [Metaspace: 2816K->2816K(1056768K)], 0.0499316 secs] [Times: user=0.05 sys=0.00, real=0.05 secs] 
2021-01-21T22:12:02.388+0800: 26.700: [GC (CMS Initial Mark) [1 CMS-initial-mark: 349399K(349568K)] 366832K(506816K), 0.0014488 secs] [Times: user=0.00 sys=0.00, real=0.01 secs] 
2021-01-21T22:12:02.390+0800: 26.702: [CMS-concurrent-mark-start]
2021-01-21T22:12:02.391+0800: 26.703: [CMS-concurrent-mark: 0.001/0.001 secs] [Times: user=0.00 sys=0.01, real=0.00 secs] 
2021-01-21T22:12:02.392+0800: 26.704: [CMS-concurrent-preclean-start]
2021-01-21T22:12:02.393+0800: 26.705: [CMS-concurrent-preclean: 0.001/0.001 secs] [Times: user=0.00 sys=0.00, real=0.00 secs] 
2021-01-21T22:12:02.393+0800: 26.705: [CMS-concurrent-abortable-preclean-start]
2021-01-21T22:12:02.393+0800: 26.705: [CMS-concurrent-abortable-preclean: 0.000/0.000 secs] [Times: user=0.00 sys=0.00, real=0.00 secs] 
2021-01-21T22:12:02.394+0800: 26.706: [GC (CMS Final Remark) [YG occupancy: 45416 K (157248 K)]2021-01-21T22:12:02.394+0800: 26.706: [Rescan (parallel) , 0.0008950 secs]2021-01-21T22:12:02.395+0800: 26.707: [weak refs processing, 0.0003531 secs]2021-01-21T22:12:02.396+0800: 26.708: [class unloading, 0.0005613 secs]2021-01-21T22:12:02.397+0800: 26.709: [scrub symbol table, 0.0004906 secs]2021-01-21T22:12:02.398+0800: 26.710: [scrub string table, 0.0004325 secs][1 CMS-remark: 349399K(349568K)] 394815K(506816K), 0.0046205 secs] [Times: user=0.00 sys=0.00, real=0.01 secs] 
2021-01-21T22:12:02.399+0800: 26.711: [CMS-concurrent-sweep-start]
2021-01-21T22:12:02.399+0800: 26.711: [CMS-concurrent-sweep: 0.000/0.000 secs] [Times: user=0.00 sys=0.00, real=0.00 secs] 
2021-01-21T22:12:02.399+0800: 26.711: [CMS-concurrent-reset-start]
2021-01-21T22:12:02.400+0800: 26.712: [CMS-concurrent-reset: 0.000/0.000 secs] [Times: user=0.00 sys=0.00, real=0.00 secs] 
2021-01-21T22:12:02.411+0800: 26.723: [GC (Allocation Failure) 2021-01-21T22:12:02.412+0800: 26.724: [ParNew: 156906K->156906K(157248K), 0.0004346 secs]2021-01-21T22:12:02.413+0800: 26.725: [CMS: 348209K->349525K(349568K), 0.0475317 secs] 505116K->368047K(506816K), [Metaspace: 2816K->2816K(1056768K)], 0.0493214 secs] [Times: user=0.05 sys=0.00, real=0.05 secs] 
2021-01-21T22:12:02.462+0800: 26.774: [GC (CMS Initial Mark) [1 CMS-initial-mark: 349525K(349568K)] 371140K(506816K), 0.0012649 secs] [Times: user=0.00 sys=0.00, real=0.00 secs] 
2021-01-21T22:12:02.464+0800: 26.776: [CMS-concurrent-mark-start]
2021-01-21T22:12:02.465+0800: 26.777: [CMS-concurrent-mark: 0.001/0.001 secs] [Times: user=0.00 sys=0.00, real=0.00 secs] 
2021-01-21T22:12:02.466+0800: 26.778: [CMS-concurrent-preclean-start]
2021-01-21T22:12:02.467+0800: 26.779: [CMS-concurrent-preclean: 0.001/0.001 secs] [Times: user=0.00 sys=0.00, real=0.00 secs] 
2021-01-21T22:12:02.467+0800: 26.779: [CMS-concurrent-abortable-preclean-start]
2021-01-21T22:12:02.467+0800: 26.779: [CMS-concurrent-abortable-preclean: 0.000/0.000 secs] [Times: user=0.00 sys=0.00, real=0.00 secs] 
2021-01-21T22:12:02.468+0800: 26.780: [GC (CMS Final Remark) [YG occupancy: 44263 K (157248 K)]2021-01-21T22:12:02.468+0800: 26.780: [Rescan (parallel) , 0.0015082 secs]2021-01-21T22:12:02.470+0800: 26.782: [weak refs processing, 0.0003630 secs]2021-01-21T22:12:02.471+0800: 26.783: [class unloading, 0.0008011 secs]2021-01-21T22:12:02.472+0800: 26.784: [scrub symbol table, 0.0006191 secs]2021-01-21T22:12:02.473+0800: 26.785: [scrub string table, 0.0004061 secs][1 CMS-remark: 349525K(349568K)] 393789K(506816K), 0.0057096 secs] [Times: user=0.00 sys=0.00, real=0.01 secs] 
2021-01-21T22:12:02.474+0800: 26.786: [CMS-concurrent-sweep-start]
2021-01-21T22:12:02.474+0800: 26.786: [CMS-concurrent-sweep: 0.000/0.000 secs] [Times: user=0.00 sys=0.00, real=0.00 secs] 
2021-01-21T22:12:02.475+0800: 26.787: [CMS-concurrent-reset-start]
2021-01-21T22:12:02.475+0800: 26.787: [CMS-concurrent-reset: 0.000/0.000 secs] [Times: user=0.00 sys=0.00, real=0.00 secs] 
2021-01-21T22:12:02.488+0800: 26.800: [GC (Allocation Failure) 2021-01-21T22:12:02.488+0800: 26.800: [ParNew: 157169K->157169K(157248K), 0.0003658 secs]2021-01-21T22:12:02.489+0800: 26.801: [CMS: 349180K->349405K(349568K), 0.0464630 secs] 506350K->360410K(506816K), [Metaspace: 2816K->2816K(1056768K)], 0.0481511 secs] [Times: user=0.04 sys=0.00, real=0.05 secs] 
2021-01-21T22:12:02.537+0800: 26.849: [GC (CMS Initial Mark) [1 CMS-initial-mark: 349405K(349568K)] 363309K(506816K), 0.0016164 secs] [Times: user=0.00 sys=0.00, real=0.01 secs] 
2021-01-21T22:12:02.540+0800: 26.852: [CMS-concurrent-mark-start]
2021-01-21T22:12:02.541+0800: 26.853: [CMS-concurrent-mark: 0.001/0.001 secs] [Times: user=0.01 sys=0.00, real=0.00 secs] 
2021-01-21T22:12:02.541+0800: 26.854: [CMS-concurrent-preclean-start]
2021-01-21T22:12:02.542+0800: 26.855: [CMS-concurrent-preclean: 0.001/0.001 secs] [Times: user=0.00 sys=0.00, real=0.00 secs] 
2021-01-21T22:12:02.543+0800: 26.855: [CMS-concurrent-abortable-preclean-start]
2021-01-21T22:12:02.543+0800: 26.855: [CMS-concurrent-abortable-preclean: 0.000/0.000 secs] [Times: user=0.00 sys=0.00, real=0.00 secs] 
2021-01-21T22:12:02.543+0800: 26.855: [GC (CMS Final Remark) [YG occupancy: 46772 K (157248 K)]2021-01-21T22:12:02.544+0800: 26.856: [Rescan (parallel) , 0.0006777 secs]2021-01-21T22:12:02.545+0800: 26.857: [weak refs processing, 0.0002700 secs]2021-01-21T22:12:02.545+0800: 26.857: [class unloading, 0.0004814 secs]2021-01-21T22:12:02.546+0800: 26.858: [scrub symbol table, 0.0004930 secs]2021-01-21T22:12:02.547+0800: 26.859: [scrub string table, 0.0003349 secs][1 CMS-remark: 349405K(349568K)] 396177K(506816K), 0.0038145 secs] [Times: user=0.01 sys=0.00, real=0.00 secs] 
2021-01-21T22:12:02.548+0800: 26.860: [CMS-concurrent-sweep-start]
2021-01-21T22:12:02.548+0800: 26.860: [CMS-concurrent-sweep: 0.000/0.000 secs] [Times: user=0.00 sys=0.00, real=0.00 secs] 
2021-01-21T22:12:02.548+0800: 26.860: [CMS-concurrent-reset-start]
2021-01-21T22:12:02.548+0800: 26.860: [CMS-concurrent-reset: 0.000/0.000 secs] [Times: user=0.00 sys=0.00, real=0.00 secs] 
2021-01-21T22:12:02.562+0800: 26.874: [GC (Allocation Failure) 2021-01-21T22:12:02.563+0800: 26.875: [ParNew: 157185K->157185K(157248K), 0.0003933 secs]2021-01-21T22:12:02.564+0800: 26.876: [CMS: 348242K->349564K(349568K), 0.0551922 secs] 505428K->366621K(506816K), [Metaspace: 2816K->2816K(1056768K)], 0.0569497 secs] [Times: user=0.06 sys=0.00, real=0.06 secs] 
2021-01-21T22:12:02.620+0800: 26.932: [GC (CMS Initial Mark) [1 CMS-initial-mark: 349564K(349568K)] 366765K(506816K), 0.0016840 secs] [Times: user=0.00 sys=0.00, real=0.00 secs] 
2021-01-21T22:12:02.623+0800: 26.935: [CMS-concurrent-mark-start]
2021-01-21T22:12:02.624+0800: 26.937: [CMS-concurrent-mark: 0.002/0.002 secs] [Times: user=0.00 sys=0.00, real=0.00 secs] 
2021-01-21T22:12:02.625+0800: 26.937: [CMS-concurrent-preclean-start]
2021-01-21T22:12:02.626+0800: 26.938: [CMS-concurrent-preclean: 0.001/0.001 secs] [Times: user=0.01 sys=0.00, real=0.00 secs] 
2021-01-21T22:12:02.627+0800: 26.939: [CMS-concurrent-abortable-preclean-start]
2021-01-21T22:12:02.627+0800: 26.939: [CMS-concurrent-abortable-preclean: 0.000/0.000 secs] [Times: user=0.00 sys=0.00, real=0.00 secs] 
2021-01-21T22:12:02.628+0800: 26.940: [GC (CMS Final Remark) [YG occupancy: 52272 K (157248 K)]2021-01-21T22:12:02.628+0800: 26.940: [Rescan (parallel) , 0.0015127 secs]2021-01-21T22:12:02.630+0800: 26.942: [weak refs processing, 0.0003404 secs]2021-01-21T22:12:02.631+0800: 26.943: [class unloading, 0.0005251 secs]2021-01-21T22:12:02.631+0800: 26.943: [scrub symbol table, 0.0006393 secs]2021-01-21T22:12:02.632+0800: 26.944: [scrub string table, 0.0004328 secs][1 CMS-remark: 349564K(349568K)] 401836K(506816K), 0.0054399 secs] [Times: user=0.00 sys=0.00, real=0.01 secs] 
2021-01-21T22:12:02.634+0800: 26.946: [CMS-concurrent-sweep-start]
2021-01-21T22:12:02.634+0800: 26.946: [CMS-concurrent-sweep: 0.000/0.000 secs] [Times: user=0.00 sys=0.00, real=0.00 secs] 
2021-01-21T22:12:02.634+0800: 26.946: [CMS-concurrent-reset-start]
2021-01-21T22:12:02.635+0800: 26.947: [CMS-concurrent-reset: 0.000/0.000 secs] [Times: user=0.00 sys=0.00, real=0.00 secs] 
2021-01-21T22:12:02.646+0800: 26.958: [GC (Allocation Failure) 2021-01-21T22:12:02.647+0800: 26.959: [ParNew: 156988K->156988K(157248K), 0.0003761 secs]2021-01-21T22:12:02.647+0800: 26.960: [CMS: 347279K->349382K(349568K), 0.0568706 secs] 504268K->370601K(506816K), [Metaspace: 2816K->2816K(1056768K)], 0.0587073 secs] [Times: user=0.05 sys=0.00, real=0.06 secs] 
2021-01-21T22:12:02.706+0800: 27.018: [GC (CMS Initial Mark) [1 CMS-initial-mark: 349382K(349568K)] 374034K(506816K), 0.0010645 secs] [Times: user=0.00 sys=0.00, real=0.00 secs] 
2021-01-21T22:12:02.708+0800: 27.020: [CMS-concurrent-mark-start]
2021-01-21T22:12:02.709+0800: 27.021: [CMS-concurrent-mark: 0.001/0.001 secs] [Times: user=0.01 sys=0.00, real=0.01 secs] 
2021-01-21T22:12:02.709+0800: 27.021: [CMS-concurrent-preclean-start]
2021-01-21T22:12:02.710+0800: 27.023: [CMS-concurrent-preclean: 0.001/0.001 secs] [Times: user=0.00 sys=0.00, real=0.00 secs] 
2021-01-21T22:12:02.711+0800: 27.023: [CMS-concurrent-abortable-preclean-start]
2021-01-21T22:12:02.711+0800: 27.023: [CMS-concurrent-abortable-preclean: 0.000/0.000 secs] [Times: user=0.00 sys=0.00, real=0.00 secs] 
2021-01-21T22:12:02.711+0800: 27.023: [GC (CMS Final Remark) [YG occupancy: 48169 K (157248 K)]2021-01-21T22:12:02.712+0800: 27.024: [Rescan (parallel) , 0.0038744 secs]2021-01-21T22:12:02.716+0800: 27.028: [weak refs processing, 0.0002100 secs]2021-01-21T22:12:02.716+0800: 27.028: [class unloading, 0.0005286 secs]2021-01-21T22:12:02.717+0800: 27.029: [scrub symbol table, 0.0008837 secs]2021-01-21T22:12:02.718+0800: 27.030: [scrub string table, 0.0007223 secs][1 CMS-remark: 349382K(349568K)] 397552K(506816K), 0.0081074 secs] [Times: user=0.03 sys=0.00, real=0.01 secs] 
2021-01-21T22:12:02.720+0800: 27.032: [CMS-concurrent-sweep-start]
2021-01-21T22:12:02.721+0800: 27.033: [CMS-concurrent-sweep: 0.000/0.000 secs] [Times: user=0.00 sys=0.00, real=0.00 secs] 
2021-01-21T22:12:02.721+0800: 27.033: [CMS-concurrent-reset-start]
2021-01-21T22:12:02.721+0800: 27.033: [CMS-concurrent-reset: 0.000/0.000 secs] [Times: user=0.00 sys=0.00, real=0.00 secs] 
2021-01-21T22:12:02.736+0800: 27.048: [GC (Allocation Failure) 2021-01-21T22:12:02.737+0800: 27.049: [ParNew: 157238K->157238K(157248K), 0.0004445 secs]2021-01-21T22:12:02.738+0800: 27.050: [CMS: 348152K->349404K(349568K), 0.0570092 secs] 505391K->375407K(506816K), [Metaspace: 2816K->2816K(1056768K)], 0.0588594 secs] [Times: user=0.06 sys=0.00, real=0.06 secs] 
2021-01-21T22:12:02.796+0800: 27.108: [GC (CMS Initial Mark) [1 CMS-initial-mark: 349404K(349568K)] 378373K(506816K), 0.0007008 secs] [Times: user=0.00 sys=0.00, real=0.00 secs] 
2021-01-21T22:12:02.797+0800: 27.109: [CMS-concurrent-mark-start]
2021-01-21T22:12:02.799+0800: 27.111: [CMS-concurrent-mark: 0.002/0.002 secs] [Times: user=0.01 sys=0.00, real=0.01 secs] 
2021-01-21T22:12:02.799+0800: 27.111: [CMS-concurrent-preclean-start]
2021-01-21T22:12:02.800+0800: 27.112: [CMS-concurrent-preclean: 0.001/0.001 secs] [Times: user=0.00 sys=0.00, real=0.00 secs] 
2021-01-21T22:12:02.800+0800: 27.113: [CMS-concurrent-abortable-preclean-start]
2021-01-21T22:12:02.800+0800: 27.113: [CMS-concurrent-abortable-preclean: 0.000/0.000 secs] [Times: user=0.00 sys=0.00, real=0.00 secs] 
2021-01-21T22:12:02.801+0800: 27.113: [GC (CMS Final Remark) [YG occupancy: 55544 K (157248 K)]2021-01-21T22:12:02.801+0800: 27.113: [Rescan (parallel) , 0.0061196 secs]2021-01-21T22:12:02.808+0800: 27.120: [weak refs processing, 0.0005107 secs]2021-01-21T22:12:02.809+0800: 27.121: [class unloading, 0.0006209 secs]2021-01-21T22:12:02.810+0800: 27.122: [scrub symbol table, 0.0006891 secs]2021-01-21T22:12:02.811+0800: 27.123: [scrub string table, 0.0003927 secs][1 CMS-remark: 349404K(349568K)] 404948K(506816K), 0.0107051 secs] [Times: user=0.04 sys=0.00, real=0.01 secs] 
2021-01-21T22:12:02.813+0800: 27.125: [CMS-concurrent-sweep-start]
2021-01-21T22:12:02.813+0800: 27.125: [CMS-concurrent-sweep: 0.000/0.000 secs] [Times: user=0.01 sys=0.00, real=0.00 secs] 
2021-01-21T22:12:02.814+0800: 27.126: [CMS-concurrent-reset-start]
2021-01-21T22:12:02.814+0800: 27.126: [CMS-concurrent-reset: 0.000/0.000 secs] [Times: user=0.00 sys=0.00, real=0.00 secs] 
2021-01-21T22:12:02.830+0800: 27.142: [GC (Allocation Failure) 2021-01-21T22:12:02.830+0800: 27.142: [ParNew: 157236K->157236K(157248K), 0.0003140 secs]2021-01-21T22:12:02.831+0800: 27.143: [CMS: 348154K->349440K(349568K), 0.0541297 secs] 505390K->377740K(506816K), [Metaspace: 2816K->2816K(1056768K)], 0.0691562 secs] [Times: user=0.06 sys=0.00, real=0.07 secs] 
2021-01-21T22:12:02.900+0800: 27.212: [GC (CMS Initial Mark) [1 CMS-initial-mark: 349440K(349568K)] 380642K(506816K), 0.0008683 secs] [Times: user=0.00 sys=0.00, real=0.00 secs] 
2021-01-21T22:12:02.902+0800: 27.214: [CMS-concurrent-mark-start]
2021-01-21T22:12:02.904+0800: 27.216: [CMS-concurrent-mark: 0.002/0.002 secs] [Times: user=0.00 sys=0.00, real=0.00 secs] 
2021-01-21T22:12:02.904+0800: 27.216: [CMS-concurrent-preclean-start]
2021-01-21T22:12:02.906+0800: 27.218: [CMS-concurrent-preclean: 0.002/0.002 secs] [Times: user=0.00 sys=0.00, real=0.00 secs] 
2021-01-21T22:12:02.906+0800: 27.218: [CMS-concurrent-abortable-preclean-start]
2021-01-21T22:12:02.906+0800: 27.218: [CMS-concurrent-abortable-preclean: 0.000/0.000 secs] [Times: user=0.00 sys=0.00, real=0.00 secs] 
2021-01-21T22:12:02.907+0800: 27.219: [GC (CMS Final Remark) [YG occupancy: 63243 K (157248 K)]2021-01-21T22:12:02.907+0800: 27.219: [Rescan (parallel) , 0.0036322 secs]2021-01-21T22:12:02.911+0800: 27.223: [weak refs processing, 0.0003512 secs]2021-01-21T22:12:02.912+0800: 27.224: [class unloading, 0.0005678 secs]2021-01-21T22:12:02.913+0800: 27.225: [scrub symbol table, 0.0007339 secs]2021-01-21T22:12:02.914+0800: 27.226: [scrub string table, 0.0003790 secs][1 CMS-remark: 349440K(349568K)] 412684K(506816K), 0.0076838 secs] [Times: user=0.02 sys=0.00, real=0.01 secs] 
2021-01-21T22:12:02.915+0800: 27.227: [CMS-concurrent-sweep-start]
2021-01-21T22:12:02.916+0800: 27.228: [CMS-concurrent-sweep: 0.000/0.000 secs] [Times: user=0.00 sys=0.00, real=0.00 secs] 
2021-01-21T22:12:02.916+0800: 27.228: [CMS-concurrent-reset-start]
2021-01-21T22:12:02.916+0800: 27.228: [CMS-concurrent-reset: 0.000/0.000 secs] [Times: user=0.00 sys=0.00, real=0.00 secs] 
2021-01-21T22:12:02.931+0800: 27.243: [GC (Allocation Failure) 2021-01-21T22:12:02.931+0800: 27.243: [ParNew: 156938K->156938K(157248K), 0.0002866 secs]2021-01-21T22:12:02.932+0800: 27.244: [CMS: 348629K->349431K(349568K), 0.0527031 secs] 505567K->379998K(506816K), [Metaspace: 2816K->2816K(1056768K)], 0.0540578 secs] [Times: user=0.05 sys=0.00, real=0.05 secs] 
2021-01-21T22:12:02.985+0800: 27.297: [GC (CMS Initial Mark) [1 CMS-initial-mark: 349431K(349568K)] 383557K(506816K), 0.0009870 secs] [Times: user=0.00 sys=0.00, real=0.00 secs] 
2021-01-21T22:12:02.987+0800: 27.299: [CMS-concurrent-mark-start]
2021-01-21T22:12:02.988+0800: 27.300: [CMS-concurrent-mark: 0.001/0.001 secs] [Times: user=0.01 sys=0.00, real=0.01 secs] 
2021-01-21T22:12:02.989+0800: 27.301: [CMS-concurrent-preclean-start]
2021-01-21T22:12:02.990+0800: 27.302: [CMS-concurrent-preclean: 0.001/0.001 secs] [Times: user=0.00 sys=0.00, real=0.00 secs] 
2021-01-21T22:12:02.990+0800: 27.302: [CMS-concurrent-abortable-preclean-start]
2021-01-21T22:12:02.990+0800: 27.302: [CMS-concurrent-abortable-preclean: 0.000/0.000 secs] [Times: user=0.00 sys=0.00, real=0.00 secs] 
2021-01-21T22:12:02.990+0800: 27.302: [GC (CMS Final Remark) [YG occupancy: 59459 K (157248 K)]2021-01-21T22:12:02.991+0800: 27.303: [Rescan (parallel) , 0.0009694 secs]2021-01-21T22:12:02.992+0800: 27.304: [weak refs processing, 0.0002127 secs]2021-01-21T22:12:02.992+0800: 27.304: [class unloading, 0.0003663 secs]2021-01-21T22:12:02.993+0800: 27.305: [scrub symbol table, 0.0004771 secs]2021-01-21T22:12:02.993+0800: 27.305: [scrub string table, 0.0003426 secs][1 CMS-remark: 349431K(349568K)] 408891K(506816K), 0.0034118 secs] [Times: user=0.01 sys=0.00, real=0.00 secs] 
2021-01-21T22:12:02.994+0800: 27.306: [CMS-concurrent-sweep-start]
2021-01-21T22:12:02.995+0800: 27.307: [CMS-concurrent-sweep: 0.000/0.000 secs] [Times: user=0.00 sys=0.00, real=0.00 secs] 
2021-01-21T22:12:02.995+0800: 27.307: [CMS-concurrent-reset-start]
2021-01-21T22:12:02.995+0800: 27.307: [CMS-concurrent-reset: 0.000/0.000 secs] [Times: user=0.00 sys=0.00, real=0.00 secs] 
2021-01-21T22:12:03.007+0800: 27.319: [GC (Allocation Failure) 2021-01-21T22:12:03.008+0800: 27.320: [ParNew: 157245K->157245K(157248K), 0.0002161 secs]2021-01-21T22:12:03.008+0800: 27.320: [CMS: 347816K->349041K(349568K), 0.0512123 secs] 505062K->375080K(506816K), [Metaspace: 2816K->2816K(1056768K)], 0.0525075 secs] [Times: user=0.05 sys=0.00, real=0.06 secs] 
2021-01-21T22:12:03.061+0800: 27.373: [GC (CMS Initial Mark) [1 CMS-initial-mark: 349041K(349568K)] 377714K(506816K), 0.0012715 secs] [Times: user=0.00 sys=0.00, real=0.00 secs] 
2021-01-21T22:12:03.063+0800: 27.375: [CMS-concurrent-mark-start]
2021-01-21T22:12:03.064+0800: 27.376: [CMS-concurrent-mark: 0.002/0.002 secs] [Times: user=0.01 sys=0.00, real=0.00 secs] 
2021-01-21T22:12:03.065+0800: 27.377: [CMS-concurrent-preclean-start]
2021-01-21T22:12:03.066+0800: 27.378: [CMS-concurrent-preclean: 0.001/0.001 secs] [Times: user=0.00 sys=0.00, real=0.00 secs] 
2021-01-21T22:12:03.066+0800: 27.378: [CMS-concurrent-abortable-preclean-start]
2021-01-21T22:12:03.066+0800: 27.378: [CMS-concurrent-abortable-preclean: 0.000/0.000 secs] [Times: user=0.00 sys=0.00, real=0.00 secs] 
2021-01-21T22:12:03.067+0800: 27.379: [GC (CMS Final Remark) [YG occupancy: 58799 K (157248 K)]2021-01-21T22:12:03.067+0800: 27.379: [Rescan (parallel) , 0.0012028 secs]2021-01-21T22:12:03.069+0800: 27.381: [weak refs processing, 0.0003668 secs]2021-01-21T22:12:03.070+0800: 27.382: [class unloading, 0.0004524 secs]2021-01-21T22:12:03.070+0800: 27.382: [scrub symbol table, 0.0006384 secs]2021-01-21T22:12:03.071+0800: 27.383: [scrub string table, 0.0004279 secs][1 CMS-remark: 349041K(349568K)] 407841K(506816K), 0.0049320 secs] [Times: user=0.00 sys=0.01, real=0.01 secs] 
2021-01-21T22:12:03.072+0800: 27.384: [CMS-concurrent-sweep-start]
2021-01-21T22:12:03.073+0800: 27.385: [CMS-concurrent-sweep: 0.000/0.000 secs] [Times: user=0.00 sys=0.00, real=0.00 secs] 
2021-01-21T22:12:03.073+0800: 27.385: [CMS-concurrent-reset-start]
2021-01-21T22:12:03.073+0800: 27.385: [CMS-concurrent-reset: 0.000/0.000 secs] [Times: user=0.00 sys=0.00, real=0.00 secs] 
2021-01-21T22:12:03.083+0800: 27.396: [GC (Allocation Failure) 2021-01-21T22:12:03.084+0800: 27.396: [ParNew: 157232K->157232K(157248K), 0.0003038 secs]2021-01-21T22:12:03.085+0800: 27.397: [CMS: 348480K->349272K(349568K), 0.0503743 secs] 505712K->377420K(506816K), [Metaspace: 2816K->2816K(1056768K)], 0.0519606 secs] [Times: user=0.05 sys=0.00, real=0.05 secs] 
2021-01-21T22:12:03.136+0800: 27.448: [GC (CMS Initial Mark) [1 CMS-initial-mark: 349272K(349568K)] 380246K(506816K), 0.0014832 secs] [Times: user=0.00 sys=0.00, real=0.01 secs] 
2021-01-21T22:12:03.139+0800: 27.451: [CMS-concurrent-mark-start]
2021-01-21T22:12:03.140+0800: 27.452: [CMS-concurrent-mark: 0.001/0.001 secs] [Times: user=0.00 sys=0.00, real=0.00 secs] 
2021-01-21T22:12:03.140+0800: 27.452: [CMS-concurrent-preclean-start]
2021-01-21T22:12:03.141+0800: 27.453: [CMS-concurrent-preclean: 0.001/0.001 secs] [Times: user=0.00 sys=0.00, real=0.00 secs] 
2021-01-21T22:12:03.142+0800: 27.454: [CMS-concurrent-abortable-preclean-start]
2021-01-21T22:12:03.142+0800: 27.454: [CMS-concurrent-abortable-preclean: 0.000/0.000 secs] [Times: user=0.00 sys=0.00, real=0.00 secs] 
2021-01-21T22:12:03.142+0800: 27.454: [GC (CMS Final Remark) [YG occupancy: 56736 K (157248 K)]2021-01-21T22:12:03.143+0800: 27.455: [Rescan (parallel) , 0.0013157 secs]2021-01-21T22:12:03.144+0800: 27.456: [weak refs processing, 0.0002888 secs]2021-01-21T22:12:03.145+0800: 27.457: [class unloading, 0.0006916 secs]2021-01-21T22:12:03.146+0800: 27.458: [scrub symbol table, 0.0005697 secs]2021-01-21T22:12:03.147+0800: 27.459: [scrub string table, 0.0004720 secs][1 CMS-remark: 349272K(349568K)] 406009K(506816K), 0.0051207 secs] [Times: user=0.00 sys=0.00, real=0.00 secs] 
2021-01-21T22:12:03.148+0800: 27.460: [CMS-concurrent-sweep-start]
2021-01-21T22:12:03.148+0800: 27.460: [CMS-concurrent-sweep: 0.000/0.000 secs] [Times: user=0.00 sys=0.00, real=0.01 secs] 
2021-01-21T22:12:03.149+0800: 27.461: [CMS-concurrent-reset-start]
2021-01-21T22:12:03.149+0800: 27.461: [CMS-concurrent-reset: 0.000/0.000 secs] [Times: user=0.00 sys=0.00, real=0.00 secs] 
2021-01-21T22:12:03.160+0800: 27.472: [GC (Allocation Failure) 2021-01-21T22:12:03.161+0800: 27.473: [ParNew: 157216K->157216K(157248K), 0.0005358 secs]2021-01-21T22:12:03.162+0800: 27.474: [CMS: 348889K->349526K(349568K), 0.0487780 secs] 506106K->373692K(506816K), [Metaspace: 2816K->2816K(1056768K)], 0.0508629 secs] [Times: user=0.04 sys=0.00, real=0.05 secs] 
2021-01-21T22:12:03.212+0800: 27.524: [GC (CMS Initial Mark) [1 CMS-initial-mark: 349526K(349568K)] 377110K(506816K), 0.0011816 secs] [Times: user=0.00 sys=0.00, real=0.00 secs] 
2021-01-21T22:12:03.214+0800: 27.526: [CMS-concurrent-mark-start]
2021-01-21T22:12:03.215+0800: 27.527: [CMS-concurrent-mark: 0.001/0.001 secs] [Times: user=0.00 sys=0.00, real=0.00 secs] 
2021-01-21T22:12:03.216+0800: 27.528: [CMS-concurrent-preclean-start]
2021-01-21T22:12:03.216+0800: 27.528: [CMS-concurrent-preclean: 0.001/0.001 secs] [Times: user=0.00 sys=0.00, real=0.00 secs] 
2021-01-21T22:12:03.217+0800: 27.529: [CMS-concurrent-abortable-preclean-start]
2021-01-21T22:12:03.217+0800: 27.529: [CMS-concurrent-abortable-preclean: 0.000/0.000 secs] [Times: user=0.00 sys=0.00, real=0.00 secs] 
2021-01-21T22:12:03.217+0800: 27.530: [GC (CMS Final Remark) [YG occupancy: 56632 K (157248 K)]2021-01-21T22:12:03.218+0800: 27.530: [Rescan (parallel) , 0.0011435 secs]2021-01-21T22:12:03.219+0800: 27.531: [weak refs processing, 0.0003699 secs]2021-01-21T22:12:03.220+0800: 27.532: [class unloading, 0.0004983 secs]2021-01-21T22:12:03.221+0800: 27.533: [scrub symbol table, 0.0005506 secs]2021-01-21T22:12:03.222+0800: 27.534: [scrub string table, 0.0004566 secs][1 CMS-remark: 349526K(349568K)] 406158K(506816K), 0.0048117 secs] [Times: user=0.01 sys=0.00, real=0.01 secs] 
2021-01-21T22:12:03.223+0800: 27.535: [CMS-concurrent-sweep-start]
2021-01-21T22:12:03.223+0800: 27.535: [CMS-concurrent-sweep: 0.000/0.000 secs] [Times: user=0.00 sys=0.00, real=0.00 secs] 
2021-01-21T22:12:03.224+0800: 27.536: [CMS-concurrent-reset-start]
2021-01-21T22:12:03.224+0800: 27.536: [CMS-concurrent-reset: 0.000/0.000 secs] [Times: user=0.00 sys=0.00, real=0.00 secs] 
2021-01-21T22:12:03.235+0800: 27.548: [GC (Allocation Failure) 2021-01-21T22:12:03.236+0800: 27.548: [ParNew: 156970K->156970K(157248K), 0.0003348 secs]2021-01-21T22:12:03.237+0800: 27.549: [CMS: 347351K->349520K(349568K), 0.0507757 secs] 504322K->376234K(506816K), [Metaspace: 2816K->2816K(1056768K)], 0.0524794 secs] [Times: user=0.05 sys=0.00, real=0.06 secs] 
2021-01-21T22:12:03.289+0800: 27.601: [GC (CMS Initial Mark) [1 CMS-initial-mark: 349520K(349568K)] 379192K(506816K), 0.0013302 secs] [Times: user=0.00 sys=0.00, real=0.00 secs] 
2021-01-21T22:12:03.291+0800: 27.603: [CMS-concurrent-mark-start]
2021-01-21T22:12:03.292+0800: 27.604: [CMS-concurrent-mark: 0.001/0.001 secs] [Times: user=0.01 sys=0.00, real=0.00 secs] 
2021-01-21T22:12:03.292+0800: 27.605: [CMS-concurrent-preclean-start]
2021-01-21T22:12:03.293+0800: 27.605: [CMS-concurrent-preclean: 0.001/0.001 secs] [Times: user=0.00 sys=0.00, real=0.00 secs] 
2021-01-21T22:12:03.294+0800: 27.606: [CMS-concurrent-abortable-preclean-start]
2021-01-21T22:12:03.294+0800: 27.606: [CMS-concurrent-abortable-preclean: 0.000/0.000 secs] [Times: user=0.00 sys=0.00, real=0.00 secs] 
2021-01-21T22:12:03.294+0800: 27.606: [GC (CMS Final Remark) [YG occupancy: 55748 K (157248 K)]2021-01-21T22:12:03.294+0800: 27.606: [Rescan (parallel) , 0.0006924 secs]2021-01-21T22:12:03.295+0800: 27.608: [weak refs processing, 0.0002959 secs]2021-01-21T22:12:03.296+0800: 27.608: [class unloading, 0.0007181 secs]2021-01-21T22:12:03.297+0800: 27.609: [scrub symbol table, 0.0005098 secs]2021-01-21T22:12:03.298+0800: 27.610: [scrub string table, 0.0003998 secs][1 CMS-remark: 349520K(349568K)] 405269K(506816K), 0.0043737 secs] [Times: user=0.01 sys=0.00, real=0.01 secs] 
2021-01-21T22:12:03.299+0800: 27.611: [CMS-concurrent-sweep-start]
2021-01-21T22:12:03.299+0800: 27.611: [CMS-concurrent-sweep: 0.000/0.000 secs] [Times: user=0.00 sys=0.00, real=0.00 secs] 
2021-01-21T22:12:03.300+0800: 27.612: [CMS-concurrent-reset-start]
2021-01-21T22:12:03.300+0800: 27.612: [CMS-concurrent-reset: 0.000/0.000 secs] [Times: user=0.00 sys=0.00, real=0.00 secs] 
2021-01-21T22:12:03.310+0800: 27.622: [GC (Allocation Failure) 2021-01-21T22:12:03.310+0800: 27.623: [ParNew: 157015K->157015K(157248K), 0.0003593 secs]2021-01-21T22:12:03.311+0800: 27.623: [CMS: 348501K->349400K(349568K), 0.0486678 secs] 505516K->375424K(506816K), [Metaspace: 2816K->2816K(1056768K)], 0.0502729 secs] [Times: user=0.05 sys=0.00, real=0.05 secs] 
2021-01-21T22:12:03.361+0800: 27.673: [GC (CMS Initial Mark) [1 CMS-initial-mark: 349400K(349568K)] 378316K(506816K), 0.0016179 secs] [Times: user=0.00 sys=0.00, real=0.00 secs] 
2021-01-21T22:12:03.364+0800: 27.676: [CMS-concurrent-mark-start]
2021-01-21T22:12:03.365+0800: 27.677: [CMS-concurrent-mark: 0.001/0.001 secs] [Times: user=0.00 sys=0.00, real=0.00 secs] 
2021-01-21T22:12:03.366+0800: 27.678: [CMS-concurrent-preclean-start]
2021-01-21T22:12:03.367+0800: 27.679: [CMS-concurrent-preclean: 0.001/0.001 secs] [Times: user=0.01 sys=0.00, real=0.00 secs] 
2021-01-21T22:12:03.368+0800: 27.680: [CMS-concurrent-abortable-preclean-start]
2021-01-21T22:12:03.368+0800: 27.680: [CMS-concurrent-abortable-preclean: 0.000/0.000 secs] [Times: user=0.00 sys=0.00, real=0.00 secs] 
2021-01-21T22:12:03.369+0800: 27.681: [GC (CMS Final Remark) [YG occupancy: 54523 K (157248 K)]2021-01-21T22:12:03.369+0800: 27.681: [Rescan (parallel) , 0.0013097 secs]2021-01-21T22:12:03.371+0800: 27.683: [weak refs processing, 0.0003585 secs]2021-01-21T22:12:03.371+0800: 27.683: [class unloading, 0.0004564 secs]2021-01-21T22:12:03.372+0800: 27.684: [scrub symbol table, 0.0005622 secs]2021-01-21T22:12:03.373+0800: 27.685: [scrub string table, 0.0004202 secs][1 CMS-remark: 349400K(349568K)] 403924K(506816K), 0.0049942 secs] [Times: user=0.00 sys=0.00, real=0.00 secs] 
2021-01-21T22:12:03.374+0800: 27.686: [CMS-concurrent-sweep-start]
2021-01-21T22:12:03.375+0800: 27.687: [CMS-concurrent-sweep: 0.000/0.000 secs] [Times: user=0.00 sys=0.00, real=0.00 secs] 
2021-01-21T22:12:03.375+0800: 27.687: [CMS-concurrent-reset-start]
2021-01-21T22:12:03.375+0800: 27.687: [CMS-concurrent-reset: 0.000/0.000 secs] [Times: user=0.00 sys=0.00, real=0.00 secs] 
2021-01-21T22:12:03.387+0800: 27.699: [GC (Allocation Failure) 2021-01-21T22:12:03.388+0800: 27.700: [ParNew: 156786K->156786K(157248K), 0.0003159 secs]2021-01-21T22:12:03.388+0800: 27.700: [CMS: 348861K->349472K(349568K), 0.0502445 secs] 505648K->377659K(506816K), [Metaspace: 2816K->2816K(1056768K)], 0.0517701 secs] [Times: user=0.05 sys=0.00, real=0.06 secs] 
2021-01-21T22:12:03.440+0800: 27.752: [GC (CMS Initial Mark) [1 CMS-initial-mark: 349472K(349568K)] 380917K(506816K), 0.0013020 secs] [Times: user=0.00 sys=0.00, real=0.00 secs] 
2021-01-21T22:12:03.442+0800: 27.754: [CMS-concurrent-mark-start]
2021-01-21T22:12:03.444+0800: 27.756: [CMS-concurrent-mark: 0.002/0.002 secs] [Times: user=0.00 sys=0.00, real=0.00 secs] 
2021-01-21T22:12:03.444+0800: 27.756: [CMS-concurrent-preclean-start]
2021-01-21T22:12:03.445+0800: 27.757: [CMS-concurrent-preclean: 0.001/0.001 secs] [Times: user=0.00 sys=0.00, real=0.00 secs] 
2021-01-21T22:12:03.446+0800: 27.758: [CMS-concurrent-abortable-preclean-start]
2021-01-21T22:12:03.446+0800: 27.758: [CMS-concurrent-abortable-preclean: 0.000/0.000 secs] [Times: user=0.00 sys=0.00, real=0.00 secs] 
2021-01-21T22:12:03.447+0800: 27.759: [GC (CMS Final Remark) [YG occupancy: 58859 K (157248 K)]2021-01-21T22:12:03.447+0800: 27.759: [Rescan (parallel) , 0.0011496 secs]2021-01-21T22:12:03.448+0800: 27.760: [weak refs processing, 0.0002904 secs]2021-01-21T22:12:03.449+0800: 27.761: [class unloading, 0.0004332 secs]2021-01-21T22:12:03.450+0800: 27.762: [scrub symbol table, 0.0005563 secs]2021-01-21T22:12:03.450+0800: 27.762: [scrub string table, 0.0004254 secs][1 CMS-remark: 349472K(349568K)] 408331K(506816K), 0.0046394 secs] [Times: user=0.00 sys=0.00, real=0.01 secs] 
2021-01-21T22:12:03.452+0800: 27.764: [CMS-concurrent-sweep-start]
2021-01-21T22:12:03.452+0800: 27.764: [CMS-concurrent-sweep: 0.000/0.000 secs] [Times: user=0.00 sys=0.00, real=0.00 secs] 
2021-01-21T22:12:03.453+0800: 27.765: [CMS-concurrent-reset-start]
2021-01-21T22:12:03.453+0800: 27.765: [CMS-concurrent-reset: 0.000/0.000 secs] [Times: user=0.00 sys=0.00, real=0.00 secs] 
2021-01-21T22:12:03.464+0800: 27.776: [GC (Allocation Failure) 2021-01-21T22:12:03.465+0800: 27.777: [ParNew: 157041K->157041K(157248K), 0.0003131 secs]2021-01-21T22:12:03.465+0800: 27.777: [CMS: 348398K->349465K(349568K), 0.0511553 secs] 505439K->380069K(506816K), [Metaspace: 2816K->2816K(1056768K)], 0.0526492 secs] [Times: user=0.05 sys=0.00, real=0.05 secs] 
2021-01-21T22:12:03.518+0800: 27.830: [GC (CMS Initial Mark) [1 CMS-initial-mark: 349465K(349568K)] 383005K(506816K), 0.0010947 secs] [Times: user=0.00 sys=0.00, real=0.01 secs] 
2021-01-21T22:12:03.520+0800: 27.832: [CMS-concurrent-mark-start]
2021-01-21T22:12:03.522+0800: 27.834: [CMS-concurrent-mark: 0.002/0.002 secs] [Times: user=0.00 sys=0.00, real=0.00 secs] 
2021-01-21T22:12:03.522+0800: 27.834: [CMS-concurrent-preclean-start]
2021-01-21T22:12:03.523+0800: 27.835: [CMS-concurrent-preclean: 0.001/0.001 secs] [Times: user=0.00 sys=0.00, real=0.00 secs] 
2021-01-21T22:12:03.524+0800: 27.836: [CMS-concurrent-abortable-preclean-start]
2021-01-21T22:12:03.524+0800: 27.836: [CMS-concurrent-abortable-preclean: 0.000/0.000 secs] [Times: user=0.00 sys=0.00, real=0.00 secs] 
2021-01-21T22:12:03.524+0800: 27.836: [GC (CMS Final Remark) [YG occupancy: 57095 K (157248 K)]2021-01-21T22:12:03.525+0800: 27.837: [Rescan (parallel) , 0.0027011 secs]2021-01-21T22:12:03.528+0800: 27.840: [weak refs processing, 0.0003005 secs]2021-01-21T22:12:03.528+0800: 27.840: [class unloading, 0.0006126 secs]2021-01-21T22:12:03.529+0800: 27.841: [scrub symbol table, 0.0005635 secs]2021-01-21T22:12:03.530+0800: 27.842: [scrub string table, 0.0004526 secs][1 CMS-remark: 349465K(349568K)] 406561K(506816K), 0.0066639 secs] [Times: user=0.02 sys=0.00, real=0.01 secs] 
2021-01-21T22:12:03.532+0800: 27.844: [CMS-concurrent-sweep-start]
2021-01-21T22:12:03.532+0800: 27.844: [CMS-concurrent-sweep: 0.000/0.000 secs] [Times: user=0.00 sys=0.00, real=0.00 secs] 
2021-01-21T22:12:03.533+0800: 27.845: [CMS-concurrent-reset-start]
2021-01-21T22:12:03.533+0800: 27.845: [CMS-concurrent-reset: 0.000/0.000 secs] [Times: user=0.00 sys=0.00, real=0.00 secs] 
2021-01-21T22:12:03.547+0800: 27.859: [GC (Allocation Failure) 2021-01-21T22:12:03.547+0800: 27.859: [ParNew: 156948K->156948K(157248K), 0.0002927 secs]2021-01-21T22:12:03.548+0800: 27.860: [CMS: 349080K->349321K(349568K), 0.0570216 secs] 506028K->385229K(506816K), [Metaspace: 2816K->2816K(1056768K)], 0.0584948 secs] [Times: user=0.06 sys=0.00, real=0.06 secs] 
2021-01-21T22:12:03.607+0800: 27.919: [GC (CMS Initial Mark) [1 CMS-initial-mark: 349321K(349568K)] 388597K(506816K), 0.0015076 secs] [Times: user=0.00 sys=0.00, real=0.01 secs] 
2021-01-21T22:12:03.609+0800: 27.921: [CMS-concurrent-mark-start]
2021-01-21T22:12:03.610+0800: 27.922: [CMS-concurrent-mark: 0.001/0.001 secs] [Times: user=0.00 sys=0.00, real=0.00 secs] 
2021-01-21T22:12:03.611+0800: 27.923: [CMS-concurrent-preclean-start]
2021-01-21T22:12:03.612+0800: 27.924: [CMS-concurrent-preclean: 0.001/0.001 secs] [Times: user=0.00 sys=0.00, real=0.00 secs] 
2021-01-21T22:12:03.612+0800: 27.924: [CMS-concurrent-abortable-preclean-start]
2021-01-21T22:12:03.612+0800: 27.924: [CMS-concurrent-abortable-preclean: 0.000/0.000 secs] [Times: user=0.00 sys=0.00, real=0.00 secs] 
2021-01-21T22:12:03.613+0800: 27.925: [GC (CMS Final Remark) [YG occupancy: 67231 K (157248 K)]2021-01-21T22:12:03.613+0800: 27.925: [Rescan (parallel) , 0.0065132 secs]2021-01-21T22:12:03.620+0800: 27.933: [weak refs processing, 0.0005010 secs]2021-01-21T22:12:03.621+0800: 27.933: [class unloading, 0.0006207 secs]2021-01-21T22:12:03.622+0800: 27.934: [scrub symbol table, 0.0007531 secs]2021-01-21T22:12:03.623+0800: 27.935: [scrub string table, 0.0005219 secs][1 CMS-remark: 349321K(349568K)] 416553K(506816K), 0.0116344 secs] [Times: user=0.04 sys=0.00, real=0.01 secs] 
2021-01-21T22:12:03.625+0800: 27.937: [CMS-concurrent-sweep-start]
2021-01-21T22:12:03.626+0800: 27.938: [CMS-concurrent-sweep: 0.001/0.001 secs] [Times: user=0.00 sys=0.00, real=0.00 secs] 
2021-01-21T22:12:03.626+0800: 27.938: [CMS-concurrent-reset-start]
2021-01-21T22:12:03.627+0800: 27.939: [CMS-concurrent-reset: 0.000/0.000 secs] [Times: user=0.00 sys=0.00, real=0.00 secs] 
2021-01-21T22:12:03.639+0800: 27.951: [GC (Allocation Failure) 2021-01-21T22:12:03.639+0800: 27.951: [ParNew: 156650K->156650K(157248K), 0.0003577 secs]2021-01-21T22:12:03.640+0800: 27.952: [CMS: 347723K->349485K(349568K), 0.0566704 secs] 504373K->387103K(506816K), [Metaspace: 2816K->2816K(1056768K)], 0.0583793 secs] [Times: user=0.06 sys=0.00, real=0.05 secs] 
2021-01-21T22:12:03.698+0800: 28.010: [GC (CMS Initial Mark) [1 CMS-initial-mark: 349485K(349568K)] 390368K(506816K), 0.0013397 secs] [Times: user=0.00 sys=0.00, real=0.01 secs] 
2021-01-21T22:12:03.700+0800: 28.012: [CMS-concurrent-mark-start]
2021-01-21T22:12:03.701+0800: 28.013: [CMS-concurrent-mark: 0.001/0.001 secs] [Times: user=0.01 sys=0.00, real=0.00 secs] 
2021-01-21T22:12:03.702+0800: 28.014: [CMS-concurrent-preclean-start]
2021-01-21T22:12:03.704+0800: 28.016: [CMS-concurrent-preclean: 0.002/0.002 secs] [Times: user=0.00 sys=0.00, real=0.00 secs] 
2021-01-21T22:12:03.704+0800: 28.016: [CMS-concurrent-abortable-preclean-start]
2021-01-21T22:12:03.704+0800: 28.016: [CMS-concurrent-abortable-preclean: 0.000/0.000 secs] [Times: user=0.00 sys=0.00, real=0.00 secs] 
2021-01-21T22:12:03.705+0800: 28.017: [GC (CMS Final Remark) [YG occupancy: 75268 K (157248 K)]2021-01-21T22:12:03.705+0800: 28.017: [Rescan (parallel) , 0.0029178 secs]2021-01-21T22:12:03.708+0800: 28.020: [weak refs processing, 0.0004738 secs]2021-01-21T22:12:03.709+0800: 28.021: [class unloading, 0.0006665 secs]2021-01-21T22:12:03.710+0800: 28.022: [scrub symbol table, 0.0010523 secs]2021-01-21T22:12:03.712+0800: 28.024: [scrub string table, 0.0004506 secs][1 CMS-remark: 349485K(349568K)] 424754K(506816K), 0.0076357 secs] [Times: user=0.02 sys=0.00, real=0.01 secs] 
2021-01-21T22:12:03.713+0800: 28.025: [CMS-concurrent-sweep-start]
2021-01-21T22:12:03.713+0800: 28.025: [CMS-concurrent-sweep: 0.000/0.000 secs] [Times: user=0.01 sys=0.00, real=0.00 secs] 
2021-01-21T22:12:03.713+0800: 28.026: [CMS-concurrent-reset-start]
2021-01-21T22:12:03.714+0800: 28.026: [CMS-concurrent-reset: 0.000/0.000 secs] [Times: user=0.00 sys=0.00, real=0.00 secs] 
2021-01-21T22:12:03.725+0800: 28.037: [GC (Allocation Failure) 2021-01-21T22:12:03.726+0800: 28.038: [ParNew: 156847K->156847K(157248K), 0.0004059 secs]2021-01-21T22:12:03.726+0800: 28.038: [CMS: 348153K->349479K(349568K), 0.0546744 secs] 505000K->379246K(506816K), [Metaspace: 2816K->2816K(1056768K)], 0.0564065 secs] [Times: user=0.05 sys=0.00, real=0.06 secs] 
2021-01-21T22:12:03.782+0800: 28.095: [GC (CMS Initial Mark) [1 CMS-initial-mark: 349479K(349568K)] 382490K(506816K), 0.0013284 secs] [Times: user=0.00 sys=0.00, real=0.00 secs] 
2021-01-21T22:12:03.784+0800: 28.097: [CMS-concurrent-mark-start]
2021-01-21T22:12:03.786+0800: 28.098: [CMS-concurrent-mark: 0.002/0.002 secs] [Times: user=0.01 sys=0.00, real=0.00 secs] 
2021-01-21T22:12:03.787+0800: 28.099: [CMS-concurrent-preclean-start]
2021-01-21T22:12:03.788+0800: 28.100: [CMS-concurrent-preclean: 0.001/0.001 secs] [Times: user=0.00 sys=0.00, real=0.00 secs] 
2021-01-21T22:12:03.788+0800: 28.100: [CMS-concurrent-abortable-preclean-start]
2021-01-21T22:12:03.788+0800: 28.100: [CMS-concurrent-abortable-preclean: 0.000/0.000 secs] [Times: user=0.00 sys=0.00, real=0.00 secs] 
2021-01-21T22:12:03.789+0800: 28.101: [GC (CMS Final Remark) [YG occupancy: 63579 K (157248 K)]2021-01-21T22:12:03.789+0800: 28.101: [Rescan (parallel) , 0.0007723 secs]2021-01-21T22:12:03.791+0800: 28.103: [weak refs processing, 0.0003175 secs]2021-01-21T22:12:03.791+0800: 28.103: [class unloading, 0.0005049 secs]2021-01-21T22:12:03.792+0800: 28.104: [scrub symbol table, 0.0005681 secs]2021-01-21T22:12:03.793+0800: 28.105: [scrub string table, 0.0004732 secs][1 CMS-remark: 349479K(349568K)] 413058K(506816K), 0.0046109 secs] [Times: user=0.01 sys=0.00, real=0.00 secs] 
2021-01-21T22:12:03.794+0800: 28.106: [CMS-concurrent-sweep-start]
2021-01-21T22:12:03.795+0800: 28.107: [CMS-concurrent-sweep: 0.000/0.000 secs] [Times: user=0.00 sys=0.00, real=0.00 secs] 
2021-01-21T22:12:03.795+0800: 28.107: [CMS-concurrent-reset-start]
2021-01-21T22:12:03.795+0800: 28.107: [CMS-concurrent-reset: 0.000/0.000 secs] [Times: user=0.00 sys=0.00, real=0.00 secs] 
2021-01-21T22:12:03.807+0800: 28.119: [GC (Allocation Failure) 2021-01-21T22:12:03.807+0800: 28.119: [ParNew: 156938K->156938K(157248K), 0.0003595 secs]2021-01-21T22:12:03.808+0800: 28.120: [CMS: 347988K->349469K(349568K), 0.0754220 secs] 504927K->376907K(506816K), [Metaspace: 2816K->2816K(1056768K)], 0.0772239 secs] [Times: user=0.08 sys=0.00, real=0.08 secs] 
2021-01-21T22:12:03.885+0800: 28.197: [GC (CMS Initial Mark) [1 CMS-initial-mark: 349469K(349568K)] 380115K(506816K), 0.0013914 secs] [Times: user=0.00 sys=0.00, real=0.00 secs] 
2021-01-21T22:12:03.887+0800: 28.199: [CMS-concurrent-mark-start]
2021-01-21T22:12:03.889+0800: 28.201: [CMS-concurrent-mark: 0.001/0.001 secs] [Times: user=0.00 sys=0.00, real=0.01 secs] 
2021-01-21T22:12:03.890+0800: 28.202: [CMS-concurrent-preclean-start]
2021-01-21T22:12:03.891+0800: 28.203: [CMS-concurrent-preclean: 0.001/0.001 secs] [Times: user=0.01 sys=0.00, real=0.00 secs] 
2021-01-21T22:12:03.891+0800: 28.203: [CMS-concurrent-abortable-preclean-start]
2021-01-21T22:12:03.891+0800: 28.203: [CMS-concurrent-abortable-preclean: 0.000/0.000 secs] [Times: user=0.00 sys=0.00, real=0.00 secs] 
2021-01-21T22:12:03.892+0800: 28.204: [GC (CMS Final Remark) [YG occupancy: 64642 K (157248 K)]2021-01-21T22:12:03.892+0800: 28.204: [Rescan (parallel) , 0.0012940 secs]2021-01-21T22:12:03.894+0800: 28.206: [weak refs processing, 0.0003180 secs]2021-01-21T22:12:03.894+0800: 28.206: [class unloading, 0.0004758 secs]2021-01-21T22:12:03.895+0800: 28.207: [scrub symbol table, 0.0005542 secs]2021-01-21T22:12:03.896+0800: 28.208: [scrub string table, 0.0003078 secs][1 CMS-remark: 349469K(349568K)] 414112K(506816K), 0.0044246 secs] [Times: user=0.00 sys=0.00, real=0.00 secs] 
2021-01-21T22:12:03.897+0800: 28.209: [CMS-concurrent-sweep-start]
2021-01-21T22:12:03.897+0800: 28.209: [CMS-concurrent-sweep: 0.000/0.000 secs] [Times: user=0.00 sys=0.00, real=0.00 secs] 
2021-01-21T22:12:03.897+0800: 28.209: [CMS-concurrent-reset-start]
2021-01-21T22:12:03.897+0800: 28.209: [CMS-concurrent-reset: 0.000/0.000 secs] [Times: user=0.00 sys=0.00, real=0.00 secs] 
2021-01-21T22:12:03.910+0800: 28.222: [GC (Allocation Failure) 2021-01-21T22:12:03.911+0800: 28.223: [ParNew: 157242K->157242K(157248K), 0.0003539 secs]2021-01-21T22:12:03.911+0800: 28.223: [CMS: 349157K->349448K(349568K), 0.0527384 secs] 506400K->375962K(506816K), [Metaspace: 2816K->2816K(1056768K)], 0.0544630 secs] [Times: user=0.05 sys=0.00, real=0.05 secs] 
2021-01-21T22:12:03.965+0800: 28.278: [GC (CMS Initial Mark) [1 CMS-initial-mark: 349448K(349568K)] 378537K(506816K), 0.0014365 secs] [Times: user=0.00 sys=0.00, real=0.00 secs] 
2021-01-21T22:12:03.968+0800: 28.280: [CMS-concurrent-mark-start]
2021-01-21T22:12:03.969+0800: 28.281: [CMS-concurrent-mark: 0.001/0.001 secs] [Times: user=0.00 sys=0.00, real=0.01 secs] 
2021-01-21T22:12:03.969+0800: 28.281: [CMS-concurrent-preclean-start]
2021-01-21T22:12:03.971+0800: 28.283: [CMS-concurrent-preclean: 0.001/0.001 secs] [Times: user=0.00 sys=0.00, real=0.00 secs] 
2021-01-21T22:12:03.971+0800: 28.283: [CMS-concurrent-abortable-preclean-start]
2021-01-21T22:12:03.971+0800: 28.283: [CMS-concurrent-abortable-preclean: 0.000/0.000 secs] [Times: user=0.00 sys=0.00, real=0.00 secs] 
2021-01-21T22:12:03.972+0800: 28.284: [GC (CMS Final Remark) [YG occupancy: 49318 K (157248 K)]2021-01-21T22:12:03.972+0800: 28.284: [Rescan (parallel) , 0.0011403 secs]2021-01-21T22:12:03.973+0800: 28.286: [weak refs processing, 0.0002979 secs]2021-01-21T22:12:03.974+0800: 28.286: [class unloading, 0.0004892 secs]2021-01-21T22:12:03.975+0800: 28.287: [scrub symbol table, 0.0005822 secs]2021-01-21T22:12:03.976+0800: 28.288: [scrub string table, 0.0004128 secs][1 CMS-remark: 349448K(349568K)] 398766K(506816K), 0.0046891 secs] [Times: user=0.00 sys=0.00, real=0.00 secs] 
2021-01-21T22:12:03.977+0800: 28.289: [CMS-concurrent-sweep-start]
2021-01-21T22:12:03.978+0800: 28.290: [CMS-concurrent-sweep: 0.000/0.000 secs] [Times: user=0.00 sys=0.00, real=0.00 secs] 
2021-01-21T22:12:03.978+0800: 28.290: [CMS-concurrent-reset-start]
2021-01-21T22:12:03.978+0800: 28.290: [CMS-concurrent-reset: 0.000/0.000 secs] [Times: user=0.00 sys=0.00, real=0.01 secs] 
2021-01-21T22:12:03.992+0800: 28.304: [GC (Allocation Failure) 2021-01-21T22:12:03.992+0800: 28.304: [ParNew: 157203K->157203K(157248K), 0.0003355 secs]2021-01-21T22:12:03.993+0800: 28.305: [CMS: 349448K->349359K(349568K), 0.0487070 secs] 506651K->373135K(506816K), [Metaspace: 2816K->2816K(1056768K)], 0.0504893 secs] [Times: user=0.05 sys=0.00, real=0.05 secs] 
2021-01-21T22:12:04.043+0800: 28.355: [GC (CMS Initial Mark) [1 CMS-initial-mark: 349359K(349568K)] 376275K(506816K), 0.0009868 secs] [Times: user=0.00 sys=0.00, real=0.00 secs] 
2021-01-21T22:12:04.045+0800: 28.357: [CMS-concurrent-mark-start]
2021-01-21T22:12:04.046+0800: 28.359: [CMS-concurrent-mark: 0.001/0.001 secs] [Times: user=0.00 sys=0.00, real=0.00 secs] 
2021-01-21T22:12:04.047+0800: 28.359: [CMS-concurrent-preclean-start]
2021-01-21T22:12:04.048+0800: 28.360: [CMS-concurrent-preclean: 0.001/0.001 secs] [Times: user=0.00 sys=0.00, real=0.00 secs] 
2021-01-21T22:12:04.048+0800: 28.360: [CMS-concurrent-abortable-preclean-start]
2021-01-21T22:12:04.048+0800: 28.360: [CMS-concurrent-abortable-preclean: 0.000/0.000 secs] [Times: user=0.00 sys=0.00, real=0.00 secs] 
2021-01-21T22:12:04.048+0800: 28.361: [GC (CMS Final Remark) [YG occupancy: 54695 K (157248 K)]2021-01-21T22:12:04.049+0800: 28.361: [Rescan (parallel) , 0.0007281 secs]2021-01-21T22:12:04.050+0800: 28.362: [weak refs processing, 0.0004147 secs]2021-01-21T22:12:04.050+0800: 28.363: [class unloading, 0.0005493 secs]2021-01-21T22:12:04.051+0800: 28.363: [scrub symbol table, 0.0007703 secs]2021-01-21T22:12:04.052+0800: 28.364: [scrub string table, 0.0004678 secs][1 CMS-remark: 349359K(349568K)] 404054K(506816K), 0.0046779 secs] [Times: user=0.00 sys=0.00, real=0.00 secs] 
2021-01-21T22:12:04.054+0800: 28.366: [CMS-concurrent-sweep-start]
2021-01-21T22:12:04.054+0800: 28.366: [CMS-concurrent-sweep: 0.000/0.000 secs] [Times: user=0.00 sys=0.00, real=0.00 secs] 
2021-01-21T22:12:04.054+0800: 28.366: [CMS-concurrent-reset-start]
2021-01-21T22:12:04.055+0800: 28.367: [CMS-concurrent-reset: 0.000/0.000 secs] [Times: user=0.00 sys=0.00, real=0.00 secs] 
2021-01-21T22:12:04.065+0800: 28.377: [GC (Allocation Failure) 2021-01-21T22:12:04.065+0800: 28.377: [ParNew: 156949K->156949K(157248K), 0.0002262 secs]2021-01-21T22:12:04.066+0800: 28.378: [CMS: 349034K->349503K(349568K), 0.0490642 secs] 505983K->376882K(506816K), [Metaspace: 2816K->2816K(1056768K)], 0.0504488 secs] [Times: user=0.05 sys=0.00, real=0.05 secs] 
2021-01-21T22:12:04.116+0800: 28.428: [GC (CMS Initial Mark) [1 CMS-initial-mark: 349503K(349568K)] 380449K(506816K), 0.0012375 secs] [Times: user=0.01 sys=0.00, real=0.00 secs] 
2021-01-21T22:12:04.118+0800: 28.430: [CMS-concurrent-mark-start]
2021-01-21T22:12:04.120+0800: 28.432: [CMS-concurrent-mark: 0.002/0.002 secs] [Times: user=0.00 sys=0.00, real=0.00 secs] 
2021-01-21T22:12:04.120+0800: 28.432: [CMS-concurrent-preclean-start]
2021-01-21T22:12:04.122+0800: 28.434: [CMS-concurrent-preclean: 0.001/0.001 secs] [Times: user=0.00 sys=0.00, real=0.00 secs] 
2021-01-21T22:12:04.122+0800: 28.434: [CMS-concurrent-abortable-preclean-start]
2021-01-21T22:12:04.122+0800: 28.434: [CMS-concurrent-abortable-preclean: 0.000/0.000 secs] [Times: user=0.00 sys=0.00, real=0.00 secs] 
2021-01-21T22:12:04.123+0800: 28.435: [GC (CMS Final Remark) [YG occupancy: 62052 K (157248 K)]2021-01-21T22:12:04.123+0800: 28.435: [Rescan (parallel) , 0.0007891 secs]2021-01-21T22:12:04.124+0800: 28.436: [weak refs processing, 0.0002500 secs]2021-01-21T22:12:04.125+0800: 28.437: [class unloading, 0.0004454 secs]2021-01-21T22:12:04.125+0800: 28.438: [scrub symbol table, 0.0005381 secs]2021-01-21T22:12:04.126+0800: 28.438: [scrub string table, 0.0004031 secs][1 CMS-remark: 349503K(349568K)] 411555K(506816K), 0.0042101 secs] [Times: user=0.00 sys=0.00, real=0.00 secs] 
2021-01-21T22:12:04.128+0800: 28.440: [CMS-concurrent-sweep-start]
2021-01-21T22:12:04.128+0800: 28.440: [CMS-concurrent-sweep: 0.000/0.000 secs] [Times: user=0.00 sys=0.00, real=0.00 secs] 
2021-01-21T22:12:04.128+0800: 28.440: [CMS-concurrent-reset-start]
2021-01-21T22:12:04.128+0800: 28.441: [CMS-concurrent-reset: 0.000/0.000 secs] [Times: user=0.00 sys=0.00, real=0.00 secs] 
2021-01-21T22:12:04.139+0800: 28.451: [GC (Allocation Failure) 2021-01-21T22:12:04.139+0800: 28.451: [ParNew: 157242K->157242K(157248K), 0.0003513 secs]2021-01-21T22:12:04.140+0800: 28.452: [CMS: 348713K->349457K(349568K), 0.0485377 secs] 505956K->379727K(506816K), [Metaspace: 2816K->2816K(1056768K)], 0.0499620 secs] [Times: user=0.05 sys=0.00, real=0.05 secs] 
2021-01-21T22:12:04.190+0800: 28.502: [GC (CMS Initial Mark) [1 CMS-initial-mark: 349457K(349568K)] 382690K(506816K), 0.0013165 secs] [Times: user=0.00 sys=0.00, real=0.00 secs] 
2021-01-21T22:12:04.192+0800: 28.504: [CMS-concurrent-mark-start]
2021-01-21T22:12:04.193+0800: 28.505: [CMS-concurrent-mark: 0.001/0.001 secs] [Times: user=0.00 sys=0.00, real=0.00 secs] 
2021-01-21T22:12:04.194+0800: 28.506: [CMS-concurrent-preclean-start]
2021-01-21T22:12:04.195+0800: 28.507: [CMS-concurrent-preclean: 0.001/0.001 secs] [Times: user=0.00 sys=0.00, real=0.00 secs] 
2021-01-21T22:12:04.195+0800: 28.507: [CMS-concurrent-abortable-preclean-start]
2021-01-21T22:12:04.195+0800: 28.507: [CMS-concurrent-abortable-preclean: 0.000/0.000 secs] [Times: user=0.00 sys=0.00, real=0.00 secs] 
2021-01-21T22:12:04.196+0800: 28.508: [GC (CMS Final Remark) [YG occupancy: 69030 K (157248 K)]2021-01-21T22:12:04.196+0800: 28.508: [Rescan (parallel) , 0.0015826 secs]2021-01-21T22:12:04.198+0800: 28.510: [weak refs processing, 0.0004050 secs]2021-01-21T22:12:04.199+0800: 28.511: [class unloading, 0.0004533 secs]2021-01-21T22:12:04.199+0800: 28.511: [scrub symbol table, 0.0005181 secs]2021-01-21T22:12:04.200+0800: 28.512: [scrub string table, 0.0005118 secs][1 CMS-remark: 349457K(349568K)] 418487K(506816K), 0.0052099 secs] [Times: user=0.01 sys=0.00, real=0.01 secs] 
2021-01-21T22:12:04.202+0800: 28.514: [CMS-concurrent-sweep-start]
2021-01-21T22:12:04.202+0800: 28.514: [CMS-concurrent-sweep: 0.000/0.000 secs] [Times: user=0.00 sys=0.00, real=0.00 secs] 
2021-01-21T22:12:04.202+0800: 28.514: [CMS-concurrent-reset-start]
2021-01-21T22:12:04.202+0800: 28.514: [CMS-concurrent-reset: 0.000/0.000 secs] [Times: user=0.00 sys=0.00, real=0.00 secs] 
2021-01-21T22:12:04.212+0800: 28.524: [GC (Allocation Failure) 2021-01-21T22:12:04.212+0800: 28.524: [ParNew: 157188K->157188K(157248K), 0.0003345 secs]2021-01-21T22:12:04.213+0800: 28.525: [CMS: 348563K->349438K(349568K), 0.0559298 secs] 505751K->378775K(506816K), [Metaspace: 2816K->2816K(1056768K)], 0.0575134 secs] [Times: user=0.05 sys=0.00, real=0.06 secs] 
2021-01-21T22:12:04.270+0800: 28.582: [GC (CMS Initial Mark) [1 CMS-initial-mark: 349438K(349568K)] 382203K(506816K), 0.0014206 secs] [Times: user=0.01 sys=0.00, real=0.00 secs] 
2021-01-21T22:12:04.272+0800: 28.584: [CMS-concurrent-mark-start]
2021-01-21T22:12:04.274+0800: 28.586: [CMS-concurrent-mark: 0.001/0.001 secs] [Times: user=0.00 sys=0.00, real=0.00 secs] 
2021-01-21T22:12:04.274+0800: 28.586: [CMS-concurrent-preclean-start]
2021-01-21T22:12:04.275+0800: 28.587: [CMS-concurrent-preclean: 0.001/0.001 secs] [Times: user=0.00 sys=0.00, real=0.00 secs] 
2021-01-21T22:12:04.276+0800: 28.588: [CMS-concurrent-abortable-preclean-start]
2021-01-21T22:12:04.276+0800: 28.588: [CMS-concurrent-abortable-preclean: 0.000/0.000 secs] [Times: user=0.00 sys=0.00, real=0.00 secs] 
2021-01-21T22:12:04.276+0800: 28.588: [GC (CMS Final Remark) [YG occupancy: 62539 K (157248 K)]2021-01-21T22:12:04.276+0800: 28.588: [Rescan (parallel) , 0.0080644 secs]2021-01-21T22:12:04.285+0800: 28.597: [weak refs processing, 0.0002350 secs]2021-01-21T22:12:04.285+0800: 28.597: [class unloading, 0.0004605 secs]2021-01-21T22:12:04.286+0800: 28.598: [scrub symbol table, 0.0004511 secs]2021-01-21T22:12:04.286+0800: 28.598: [scrub string table, 0.0003058 secs][1 CMS-remark: 349438K(349568K)] 411977K(506816K), 0.0108740 secs] [Times: user=0.05 sys=0.01, real=0.01 secs] 
2021-01-21T22:12:04.287+0800: 28.599: [CMS-concurrent-sweep-start]
2021-01-21T22:12:04.288+0800: 28.600: [CMS-concurrent-sweep: 0.000/0.000 secs] [Times: user=0.00 sys=0.00, real=0.00 secs] 
2021-01-21T22:12:04.288+0800: 28.600: [CMS-concurrent-reset-start]
2021-01-21T22:12:04.288+0800: 28.600: [CMS-concurrent-reset: 0.000/0.000 secs] [Times: user=0.00 sys=0.00, real=0.01 secs] 
2021-01-21T22:12:04.300+0800: 28.612: [GC (Allocation Failure) 2021-01-21T22:12:04.301+0800: 28.613: [ParNew: 157210K->157210K(157248K), 0.0002387 secs]2021-01-21T22:12:04.301+0800: 28.613: [CMS: 348532K->349439K(349568K), 0.0547098 secs] 505743K->380937K(506816K), [Metaspace: 2816K->2816K(1056768K)], 0.0558252 secs] [Times: user=0.06 sys=0.00, real=0.05 secs] 
2021-01-21T22:12:04.357+0800: 28.669: [GC (CMS Initial Mark) [1 CMS-initial-mark: 349439K(349568K)] 383844K(506816K), 0.0005919 secs] [Times: user=0.00 sys=0.00, real=0.00 secs] 
2021-01-21T22:12:04.358+0800: 28.670: [CMS-concurrent-mark-start]
2021-01-21T22:12:04.359+0800: 28.671: [CMS-concurrent-mark: 0.001/0.001 secs] [Times: user=0.00 sys=0.00, real=0.01 secs] 
2021-01-21T22:12:04.359+0800: 28.671: [CMS-concurrent-preclean-start]
2021-01-21T22:12:04.360+0800: 28.672: [CMS-concurrent-preclean: 0.001/0.001 secs] [Times: user=0.00 sys=0.00, real=0.00 secs] 
2021-01-21T22:12:04.360+0800: 28.673: [CMS-concurrent-abortable-preclean-start]
2021-01-21T22:12:04.360+0800: 28.673: [CMS-concurrent-abortable-preclean: 0.000/0.000 secs] [Times: user=0.00 sys=0.00, real=0.00 secs] 
2021-01-21T22:12:04.361+0800: 28.673: [GC (CMS Final Remark) [YG occupancy: 63035 K (157248 K)]2021-01-21T22:12:04.361+0800: 28.673: [Rescan (parallel) , 0.0007165 secs]2021-01-21T22:12:04.362+0800: 28.674: [weak refs processing, 0.0001529 secs]2021-01-21T22:12:04.362+0800: 28.674: [class unloading, 0.0003107 secs]2021-01-21T22:12:04.363+0800: 28.675: [scrub symbol table, 0.0004333 secs]2021-01-21T22:12:04.363+0800: 28.675: [scrub string table, 0.0003116 secs][1 CMS-remark: 349439K(349568K)] 412474K(506816K), 0.0028559 secs] [Times: user=0.00 sys=0.00, real=0.00 secs] 
2021-01-21T22:12:04.364+0800: 28.676: [CMS-concurrent-sweep-start]
2021-01-21T22:12:04.364+0800: 28.676: [CMS-concurrent-sweep: 0.000/0.000 secs] [Times: user=0.00 sys=0.00, real=0.00 secs] 
2021-01-21T22:12:04.365+0800: 28.677: [CMS-concurrent-reset-start]
2021-01-21T22:12:04.365+0800: 28.677: [CMS-concurrent-reset: 0.000/0.000 secs] [Times: user=0.00 sys=0.00, real=0.00 secs] 
2021-01-21T22:12:04.374+0800: 28.686: [GC (Allocation Failure) 2021-01-21T22:12:04.374+0800: 28.687: [ParNew: 157051K->157051K(157248K), 0.0001689 secs]2021-01-21T22:12:04.375+0800: 28.687: [CMS: 347614K->348868K(349568K), 0.0460144 secs] 504665K->381852K(506816K), [Metaspace: 2816K->2816K(1056768K)], 0.0470132 secs] [Times: user=0.05 sys=0.00, real=0.05 secs] 
2021-01-21T22:12:04.422+0800: 28.734: [GC (CMS Initial Mark) [1 CMS-initial-mark: 348868K(349568K)] 384996K(506816K), 0.0010523 secs] [Times: user=0.00 sys=0.00, real=0.00 secs] 
2021-01-21T22:12:04.424+0800: 28.736: [CMS-concurrent-mark-start]
2021-01-21T22:12:04.425+0800: 28.737: [CMS-concurrent-mark: 0.001/0.001 secs] [Times: user=0.00 sys=0.00, real=0.00 secs] 
2021-01-21T22:12:04.426+0800: 28.738: [CMS-concurrent-preclean-start]
2021-01-21T22:12:04.427+0800: 28.739: [CMS-concurrent-preclean: 0.001/0.001 secs] [Times: user=0.00 sys=0.00, real=0.00 secs] 
2021-01-21T22:12:04.427+0800: 28.739: [CMS-concurrent-abortable-preclean-start]
2021-01-21T22:12:04.427+0800: 28.739: [CMS-concurrent-abortable-preclean: 0.000/0.000 secs] [Times: user=0.00 sys=0.00, real=0.00 secs] 
2021-01-21T22:12:04.428+0800: 28.740: [GC (CMS Final Remark) [YG occupancy: 62333 K (157248 K)]2021-01-21T22:12:04.428+0800: 28.740: [Rescan (parallel) , 0.0011023 secs]2021-01-21T22:12:04.429+0800: 28.741: [weak refs processing, 0.0003614 secs]2021-01-21T22:12:04.430+0800: 28.742: [class unloading, 0.0003762 secs]2021-01-21T22:12:04.430+0800: 28.742: [scrub symbol table, 0.0004611 secs]2021-01-21T22:12:04.431+0800: 28.743: [scrub string table, 0.0003442 secs][1 CMS-remark: 348868K(349568K)] 411202K(506816K), 0.0037662 secs] [Times: user=0.00 sys=0.00, real=0.01 secs] 
2021-01-21T22:12:04.432+0800: 28.744: [CMS-concurrent-sweep-start]
2021-01-21T22:12:04.432+0800: 28.744: [CMS-concurrent-sweep: 0.000/0.000 secs] [Times: user=0.00 sys=0.00, real=0.00 secs] 
2021-01-21T22:12:04.433+0800: 28.745: [CMS-concurrent-reset-start]
2021-01-21T22:12:04.433+0800: 28.745: [CMS-concurrent-reset: 0.000/0.000 secs] [Times: user=0.00 sys=0.00, real=0.00 secs] 
2021-01-21T22:12:04.443+0800: 28.755: [GC (Allocation Failure) 2021-01-21T22:12:04.443+0800: 28.755: [ParNew: 156889K->156889K(157248K), 0.0003706 secs]2021-01-21T22:12:04.444+0800: 28.756: [CMS: 348632K->349466K(349568K), 0.0497708 secs] 505521K->384199K(506816K), [Metaspace: 2816K->2816K(1056768K)], 0.0514059 secs] [Times: user=0.05 sys=0.00, real=0.05 secs] 
2021-01-21T22:12:04.495+0800: 28.807: [GC (CMS Initial Mark) [1 CMS-initial-mark: 349466K(349568K)] 387746K(506816K), 0.0014183 secs] [Times: user=0.00 sys=0.00, real=0.00 secs] 
2021-01-21T22:12:04.497+0800: 28.809: [CMS-concurrent-mark-start]
2021-01-21T22:12:04.499+0800: 28.811: [CMS-concurrent-mark: 0.001/0.001 secs] [Times: user=0.01 sys=0.00, real=0.01 secs] 
2021-01-21T22:12:04.499+0800: 28.811: [CMS-concurrent-preclean-start]
2021-01-21T22:12:04.500+0800: 28.812: [CMS-concurrent-preclean: 0.001/0.001 secs] [Times: user=0.00 sys=0.00, real=0.00 secs] 
2021-01-21T22:12:04.500+0800: 28.812: [CMS-concurrent-abortable-preclean-start]
2021-01-21T22:12:04.500+0800: 28.812: [CMS-concurrent-abortable-preclean: 0.000/0.000 secs] [Times: user=0.00 sys=0.00, real=0.00 secs] 
2021-01-21T22:12:04.501+0800: 28.813: [GC (CMS Final Remark) [YG occupancy: 67490 K (157248 K)]2021-01-21T22:12:04.501+0800: 28.813: [Rescan (parallel) , 0.0013695 secs]2021-01-21T22:12:04.503+0800: 28.815: [weak refs processing, 0.0003046 secs]2021-01-21T22:12:04.504+0800: 28.816: [class unloading, 0.0004435 secs]2021-01-21T22:12:04.504+0800: 28.816: [scrub symbol table, 0.0005311 secs]2021-01-21T22:12:04.505+0800: 28.817: [scrub string table, 0.0003921 secs][1 CMS-remark: 349466K(349568K)] 416957K(506816K), 0.0046847 secs] [Times: user=0.01 sys=0.00, real=0.00 secs] 
2021-01-21T22:12:04.506+0800: 28.818: [CMS-concurrent-sweep-start]
2021-01-21T22:12:04.507+0800: 28.819: [CMS-concurrent-sweep: 0.000/0.000 secs] [Times: user=0.00 sys=0.00, real=0.00 secs] 
2021-01-21T22:12:04.507+0800: 28.819: [CMS-concurrent-reset-start]
2021-01-21T22:12:04.507+0800: 28.819: [CMS-concurrent-reset: 0.000/0.000 secs] [Times: user=0.00 sys=0.00, real=0.00 secs] 
2021-01-21T22:12:04.517+0800: 28.830: [GC (Allocation Failure) 2021-01-21T22:12:04.518+0800: 28.830: [ParNew: 157242K->157242K(157248K), 0.0002749 secs]2021-01-21T22:12:04.518+0800: 28.831: [CMS: 348864K->348962K(349568K), 0.0491134 secs] 506106K->379824K(506816K), [Metaspace: 2816K->2816K(1056768K)], 0.0507688 secs] [Times: user=0.05 sys=0.00, real=0.06 secs] 
2021-01-21T22:12:04.569+0800: 28.881: [GC (CMS Initial Mark) [1 CMS-initial-mark: 348962K(349568K)] 382337K(506816K), 0.0013166 secs] [Times: user=0.00 sys=0.00, real=0.00 secs] 
2021-01-21T22:12:04.571+0800: 28.883: [CMS-concurrent-mark-start]
2021-01-21T22:12:04.573+0800: 28.885: [CMS-concurrent-mark: 0.001/0.001 secs] [Times: user=0.00 sys=0.00, real=0.00 secs] 
2021-01-21T22:12:04.573+0800: 28.885: [CMS-concurrent-preclean-start]
2021-01-21T22:12:04.574+0800: 28.886: [CMS-concurrent-preclean: 0.001/0.001 secs] [Times: user=0.00 sys=0.00, real=0.00 secs] 
2021-01-21T22:12:04.574+0800: 28.886: [CMS-concurrent-abortable-preclean-start]
2021-01-21T22:12:04.574+0800: 28.886: [CMS-concurrent-abortable-preclean: 0.000/0.000 secs] [Times: user=0.00 sys=0.00, real=0.00 secs] 
2021-01-21T22:12:04.575+0800: 28.887: [GC (CMS Final Remark) [YG occupancy: 58660 K (157248 K)]2021-01-21T22:12:04.575+0800: 28.887: [Rescan (parallel) , 0.0011435 secs]2021-01-21T22:12:04.577+0800: 28.889: [weak refs processing, 0.0003174 secs]2021-01-21T22:12:04.577+0800: 28.889: [class unloading, 0.0004517 secs]2021-01-21T22:12:04.578+0800: 28.890: [scrub symbol table, 0.0006327 secs]2021-01-21T22:12:04.579+0800: 28.891: [scrub string table, 0.0004755 secs][1 CMS-remark: 348962K(349568K)] 407623K(506816K), 0.0049285 secs] [Times: user=0.00 sys=0.00, real=0.01 secs] 
2021-01-21T22:12:04.580+0800: 28.893: [CMS-concurrent-sweep-start]
2021-01-21T22:12:04.581+0800: 28.893: [CMS-concurrent-sweep: 0.000/0.000 secs] [Times: user=0.00 sys=0.00, real=0.00 secs] 
2021-01-21T22:12:04.581+0800: 28.893: [CMS-concurrent-reset-start]
2021-01-21T22:12:04.581+0800: 28.893: [CMS-concurrent-reset: 0.000/0.000 secs] [Times: user=0.00 sys=0.00, real=0.00 secs] 
2021-01-21T22:12:04.592+0800: 28.904: [GC (Allocation Failure) 2021-01-21T22:12:04.592+0800: 28.904: [ParNew: 156807K->156807K(157248K), 0.0003552 secs]2021-01-21T22:12:04.593+0800: 28.905: [CMS: 348286K->349561K(349568K), 0.0473285 secs] 505093K->373641K(506816K), [Metaspace: 2816K->2816K(1056768K)], 0.0490076 secs] [Times: user=0.05 sys=0.00, real=0.05 secs] 
2021-01-21T22:12:04.642+0800: 28.954: [GC (CMS Initial Mark) [1 CMS-initial-mark: 349561K(349568K)] 377145K(506816K), 0.0015729 secs] [Times: user=0.00 sys=0.00, real=0.00 secs] 
2021-01-21T22:12:04.644+0800: 28.956: [CMS-concurrent-mark-start]
2021-01-21T22:12:04.646+0800: 28.958: [CMS-concurrent-mark: 0.002/0.002 secs] [Times: user=0.01 sys=0.00, real=0.00 secs] 
2021-01-21T22:12:04.646+0800: 28.958: [CMS-concurrent-preclean-start]
2021-01-21T22:12:04.647+0800: 28.959: [CMS-concurrent-preclean: 0.001/0.001 secs] [Times: user=0.00 sys=0.00, real=0.00 secs] 
2021-01-21T22:12:04.647+0800: 28.959: [CMS-concurrent-abortable-preclean-start]
2021-01-21T22:12:04.647+0800: 28.959: [CMS-concurrent-abortable-preclean: 0.000/0.000 secs] [Times: user=0.00 sys=0.00, real=0.00 secs] 
2021-01-21T22:12:04.648+0800: 28.960: [GC (CMS Final Remark) [YG occupancy: 49136 K (157248 K)]2021-01-21T22:12:04.648+0800: 28.960: [Rescan (parallel) , 0.0007938 secs]2021-01-21T22:12:04.650+0800: 28.962: [weak refs processing, 0.0003548 secs]2021-01-21T22:12:04.650+0800: 28.962: [class unloading, 0.0004358 secs]2021-01-21T22:12:04.651+0800: 28.963: [scrub symbol table, 0.0008882 secs]2021-01-21T22:12:04.652+0800: 28.964: [scrub string table, 0.0004946 secs][1 CMS-remark: 349561K(349568K)] 398697K(506816K), 0.0050937 secs] [Times: user=0.01 sys=0.00, real=0.01 secs] 
2021-01-21T22:12:04.654+0800: 28.966: [CMS-concurrent-sweep-start]
2021-01-21T22:12:04.654+0800: 28.966: [CMS-concurrent-sweep: 0.000/0.000 secs] [Times: user=0.00 sys=0.00, real=0.00 secs] 
2021-01-21T22:12:04.655+0800: 28.967: [CMS-concurrent-reset-start]
2021-01-21T22:12:04.655+0800: 28.967: [CMS-concurrent-reset: 0.000/0.000 secs] [Times: user=0.00 sys=0.00, real=0.00 secs] 
2021-01-21T22:12:04.664+0800: 28.977: [GC (Allocation Failure) 2021-01-21T22:12:04.665+0800: 28.977: [ParNew: 157221K->157221K(157248K), 0.0003297 secs]2021-01-21T22:12:04.665+0800: 28.978: [CMS: 347814K->349320K(349568K), 0.0482595 secs] 505035K->378602K(506816K), [Metaspace: 2816K->2816K(1056768K)], 0.0497389 secs] [Times: user=0.05 sys=0.00, real=0.05 secs] 
2021-01-21T22:12:04.715+0800: 29.027: [GC (CMS Initial Mark) [1 CMS-initial-mark: 349320K(349568K)] 381259K(506816K), 0.0012953 secs] [Times: user=0.00 sys=0.00, real=0.00 secs] 
2021-01-21T22:12:04.717+0800: 29.029: [CMS-concurrent-mark-start]
2021-01-21T22:12:04.719+0800: 29.031: [CMS-concurrent-mark: 0.002/0.002 secs] [Times: user=0.00 sys=0.00, real=0.01 secs] 
2021-01-21T22:12:04.719+0800: 29.031: [CMS-concurrent-preclean-start]
2021-01-21T22:12:04.721+0800: 29.033: [CMS-concurrent-preclean: 0.002/0.002 secs] [Times: user=0.01 sys=0.00, real=0.00 secs] 
2021-01-21T22:12:04.721+0800: 29.033: [CMS-concurrent-abortable-preclean-start]
2021-01-21T22:12:04.721+0800: 29.033: [CMS-concurrent-abortable-preclean: 0.000/0.000 secs] [Times: user=0.00 sys=0.00, real=0.00 secs] 
2021-01-21T22:12:04.722+0800: 29.034: [GC (CMS Final Remark) [YG occupancy: 56277 K (157248 K)]2021-01-21T22:12:04.722+0800: 29.034: [Rescan (parallel) , 0.0005997 secs]2021-01-21T22:12:04.723+0800: 29.035: [weak refs processing, 0.0002144 secs]2021-01-21T22:12:04.724+0800: 29.036: [class unloading, 0.0003859 secs]2021-01-21T22:12:04.724+0800: 29.036: [scrub symbol table, 0.0004435 secs]2021-01-21T22:12:04.725+0800: 29.037: [scrub string table, 0.0003683 secs][1 CMS-remark: 349320K(349568K)] 405597K(506816K), 0.0036402 secs] [Times: user=0.00 sys=0.00, real=0.00 secs] 
2021-01-21T22:12:04.726+0800: 29.038: [CMS-concurrent-sweep-start]
2021-01-21T22:12:04.726+0800: 29.038: [CMS-concurrent-sweep: 0.000/0.000 secs] [Times: user=0.00 sys=0.00, real=0.00 secs] 
2021-01-21T22:12:04.727+0800: 29.039: [CMS-concurrent-reset-start]
2021-01-21T22:12:04.727+0800: 29.039: [CMS-concurrent-reset: 0.000/0.000 secs] [Times: user=0.00 sys=0.00, real=0.00 secs] 
2021-01-21T22:12:04.739+0800: 29.052: [GC (Allocation Failure) 2021-01-21T22:12:04.740+0800: 29.052: [ParNew: 157001K->157001K(157248K), 0.0003562 secs]2021-01-21T22:12:04.741+0800: 29.053: [CMS: 348124K->349349K(349568K), 0.0504571 secs] 505126K->374664K(506816K), [Metaspace: 2816K->2816K(1056768K)], 0.0520721 secs] [Times: user=0.05 sys=0.00, real=0.05 secs] 
2021-01-21T22:12:04.792+0800: 29.105: [GC (CMS Initial Mark) [1 CMS-initial-mark: 349349K(349568K)] 378058K(506816K), 0.0011004 secs] [Times: user=0.00 sys=0.00, real=0.00 secs] 
2021-01-21T22:12:04.794+0800: 29.106: [CMS-concurrent-mark-start]
2021-01-21T22:12:04.796+0800: 29.108: [CMS-concurrent-mark: 0.001/0.001 secs] [Times: user=0.00 sys=0.00, real=0.00 secs] 
2021-01-21T22:12:04.796+0800: 29.108: [CMS-concurrent-preclean-start]
2021-01-21T22:12:04.797+0800: 29.109: [CMS-concurrent-preclean: 0.001/0.001 secs] [Times: user=0.00 sys=0.00, real=0.00 secs] 
2021-01-21T22:12:04.797+0800: 29.110: [CMS-concurrent-abortable-preclean-start]
2021-01-21T22:12:04.797+0800: 29.110: [CMS-concurrent-abortable-preclean: 0.000/0.000 secs] [Times: user=0.00 sys=0.00, real=0.00 secs] 
2021-01-21T22:12:04.798+0800: 29.110: [GC (CMS Final Remark) [YG occupancy: 48955 K (157248 K)]2021-01-21T22:12:04.798+0800: 29.110: [Rescan (parallel) , 0.0011294 secs]2021-01-21T22:12:04.800+0800: 29.112: [weak refs processing, 0.0002898 secs]2021-01-21T22:12:04.800+0800: 29.112: [class unloading, 0.0006846 secs]2021-01-21T22:12:04.801+0800: 29.113: [scrub symbol table, 0.0005200 secs]2021-01-21T22:12:04.802+0800: 29.114: [scrub string table, 0.0003610 secs][1 CMS-remark: 349349K(349568K)] 398305K(506816K), 0.0049490 secs] [Times: user=0.00 sys=0.00, real=0.01 secs] 
2021-01-21T22:12:04.804+0800: 29.116: [CMS-concurrent-sweep-start]
2021-01-21T22:12:04.804+0800: 29.116: [CMS-concurrent-sweep: 0.000/0.000 secs] [Times: user=0.00 sys=0.00, real=0.00 secs] 
2021-01-21T22:12:04.804+0800: 29.116: [CMS-concurrent-reset-start]
2021-01-21T22:12:04.804+0800: 29.116: [CMS-concurrent-reset: 0.000/0.000 secs] [Times: user=0.00 sys=0.00, real=0.00 secs] 
2021-01-21T22:12:04.818+0800: 29.130: [GC (Allocation Failure) 2021-01-21T22:12:04.818+0800: 29.130: [ParNew: 157238K->157238K(157248K), 0.0003506 secs]2021-01-21T22:12:04.819+0800: 29.131: [CMS: 347743K->349499K(349568K), 0.0515376 secs] 504982K->369136K(506816K), [Metaspace: 2816K->2816K(1056768K)], 0.0531930 secs] [Times: user=0.05 sys=0.00, real=0.06 secs] 
2021-01-21T22:12:04.872+0800: 29.184: [GC (CMS Initial Mark) [1 CMS-initial-mark: 349499K(349568K)] 371831K(506816K), 0.0011921 secs] [Times: user=0.00 sys=0.00, real=0.00 secs] 
2021-01-21T22:12:04.874+0800: 29.186: [CMS-concurrent-mark-start]
2021-01-21T22:12:04.875+0800: 29.187: [CMS-concurrent-mark: 0.001/0.001 secs] [Times: user=0.00 sys=0.00, real=0.00 secs] 
2021-01-21T22:12:04.875+0800: 29.187: [CMS-concurrent-preclean-start]
2021-01-21T22:12:04.876+0800: 29.188: [CMS-concurrent-preclean: 0.001/0.001 secs] [Times: user=0.00 sys=0.00, real=0.00 secs] 
2021-01-21T22:12:04.877+0800: 29.189: [CMS-concurrent-abortable-preclean-start]
2021-01-21T22:12:04.877+0800: 29.189: [CMS-concurrent-abortable-preclean: 0.000/0.000 secs] [Times: user=0.00 sys=0.00, real=0.00 secs] 
2021-01-21T22:12:04.877+0800: 29.189: [GC (CMS Final Remark) [YG occupancy: 53196 K (157248 K)]2021-01-21T22:12:04.878+0800: 29.190: [Rescan (parallel) , 0.0013981 secs]2021-01-21T22:12:04.879+0800: 29.191: [weak refs processing, 0.0003395 secs]2021-01-21T22:12:04.880+0800: 29.192: [class unloading, 0.0005234 secs]2021-01-21T22:12:04.881+0800: 29.193: [scrub symbol table, 0.0007537 secs]2021-01-21T22:12:04.882+0800: 29.194: [scrub string table, 0.0003804 secs][1 CMS-remark: 349499K(349568K)] 402696K(506816K), 0.0050591 secs] [Times: user=0.00 sys=0.01, real=0.01 secs] 
2021-01-21T22:12:04.883+0800: 29.195: [CMS-concurrent-sweep-start]
2021-01-21T22:12:04.883+0800: 29.195: [CMS-concurrent-sweep: 0.000/0.000 secs] [Times: user=0.00 sys=0.00, real=0.00 secs] 
2021-01-21T22:12:04.883+0800: 29.195: [CMS-concurrent-reset-start]
2021-01-21T22:12:04.884+0800: 29.196: [CMS-concurrent-reset: 0.000/0.000 secs] [Times: user=0.00 sys=0.00, real=0.00 secs] 
2021-01-21T22:12:04.896+0800: 29.208: [GC (Allocation Failure) 2021-01-21T22:12:04.897+0800: 29.209: [ParNew: 157036K->157036K(157248K), 0.0004145 secs]2021-01-21T22:12:04.898+0800: 29.210: [CMS: 349380K->349465K(349568K), 0.0488890 secs] 506417K->365123K(506816K), [Metaspace: 2816K->2816K(1056768K)], 0.0506816 secs] [Times: user=0.05 sys=0.00, real=0.05 secs] 
2021-01-21T22:12:04.948+0800: 29.260: [GC (CMS Initial Mark) [1 CMS-initial-mark: 349465K(349568K)] 368938K(506816K), 0.0013102 secs] [Times: user=0.00 sys=0.00, real=0.01 secs] 
2021-01-21T22:12:04.950+0800: 29.262: [CMS-concurrent-mark-start]
2021-01-21T22:12:04.951+0800: 29.263: [CMS-concurrent-mark: 0.002/0.002 secs] [Times: user=0.00 sys=0.00, real=0.00 secs] 
2021-01-21T22:12:04.952+0800: 29.264: [CMS-concurrent-preclean-start]
2021-01-21T22:12:04.953+0800: 29.265: [CMS-concurrent-preclean: 0.001/0.001 secs] [Times: user=0.00 sys=0.00, real=0.00 secs] 
2021-01-21T22:12:04.953+0800: 29.265: [CMS-concurrent-abortable-preclean-start]
2021-01-21T22:12:04.953+0800: 29.265: [CMS-concurrent-abortable-preclean: 0.000/0.000 secs] [Times: user=0.00 sys=0.00, real=0.00 secs] 
2021-01-21T22:12:04.954+0800: 29.266: [GC (CMS Final Remark) [YG occupancy: 43207 K (157248 K)]2021-01-21T22:12:04.954+0800: 29.266: [Rescan (parallel) , 0.0010761 secs]2021-01-21T22:12:04.955+0800: 29.267: [weak refs processing, 0.0003123 secs]2021-01-21T22:12:04.956+0800: 29.268: [class unloading, 0.0003772 secs]2021-01-21T22:12:04.956+0800: 29.269: [scrub symbol table, 0.0004706 secs]2021-01-21T22:12:04.957+0800: 29.269: [scrub string table, 0.0002979 secs][1 CMS-remark: 349465K(349568K)] 392673K(506816K), 0.0040569 secs] [Times: user=0.00 sys=0.00, real=0.00 secs] 
2021-01-21T22:12:04.958+0800: 29.270: [CMS-concurrent-sweep-start]
2021-01-21T22:12:04.959+0800: 29.271: [CMS-concurrent-sweep: 0.000/0.000 secs] [Times: user=0.00 sys=0.00, real=0.00 secs] 
2021-01-21T22:12:04.959+0800: 29.271: [CMS-concurrent-reset-start]
2021-01-21T22:12:04.959+0800: 29.271: [CMS-concurrent-reset: 0.000/0.000 secs] [Times: user=0.00 sys=0.00, real=0.00 secs] 
2021-01-21T22:12:04.973+0800: 29.285: [GC (Allocation Failure) 2021-01-21T22:12:04.973+0800: 29.285: [ParNew: 157247K->157247K(157248K), 0.0003680 secs]2021-01-21T22:12:04.974+0800: 29.286: [CMS: 349350K->349547K(349568K), 0.0537139 secs] 506598K->358626K(506816K), [Metaspace: 2816K->2816K(1056768K)], 0.0550521 secs] [Times: user=0.06 sys=0.00, real=0.05 secs] 
2021-01-21T22:12:05.028+0800: 29.340: [GC (CMS Initial Mark) [1 CMS-initial-mark: 349547K(349568K)] 361460K(506816K), 0.0007804 secs] [Times: user=0.00 sys=0.00, real=0.00 secs] 
2021-01-21T22:12:05.029+0800: 29.342: [CMS-concurrent-mark-start]
2021-01-21T22:12:05.031+0800: 29.343: [CMS-concurrent-mark: 0.001/0.001 secs] [Times: user=0.00 sys=0.00, real=0.00 secs] 
2021-01-21T22:12:05.031+0800: 29.343: [CMS-concurrent-preclean-start]
2021-01-21T22:12:05.032+0800: 29.344: [CMS-concurrent-preclean: 0.001/0.001 secs] [Times: user=0.01 sys=0.00, real=0.00 secs] 
2021-01-21T22:12:05.033+0800: 29.345: [CMS-concurrent-abortable-preclean-start]
2021-01-21T22:12:05.033+0800: 29.345: [CMS-concurrent-abortable-preclean: 0.000/0.000 secs] [Times: user=0.00 sys=0.00, real=0.00 secs] 
2021-01-21T22:12:05.033+0800: 29.345: [GC (CMS Final Remark) [YG occupancy: 39563 K (157248 K)]2021-01-21T22:12:05.033+0800: 29.345: [Rescan (parallel) , 0.0023456 secs]2021-01-21T22:12:05.036+0800: 29.348: [weak refs processing, 0.0004540 secs]2021-01-21T22:12:05.037+0800: 29.349: [class unloading, 0.0006721 secs]2021-01-21T22:12:05.038+0800: 29.350: [scrub symbol table, 0.0004770 secs]2021-01-21T22:12:05.039+0800: 29.351: [scrub string table, 0.0002870 secs][1 CMS-remark: 349547K(349568K)] 389111K(506816K), 0.0060021 secs] [Times: user=0.01 sys=0.00, real=0.01 secs] 
2021-01-21T22:12:05.039+0800: 29.351: [CMS-concurrent-sweep-start]
2021-01-21T22:12:05.040+0800: 29.352: [CMS-concurrent-sweep: 0.000/0.000 secs] [Times: user=0.00 sys=0.00, real=0.00 secs] 
2021-01-21T22:12:05.040+0800: 29.352: [CMS-concurrent-reset-start]
2021-01-21T22:12:05.040+0800: 29.352: [CMS-concurrent-reset: 0.000/0.000 secs] [Times: user=0.00 sys=0.00, real=0.00 secs] 
2021-01-21T22:12:05.055+0800: 29.368: [GC (Allocation Failure) 2021-01-21T22:12:05.056+0800: 29.368: [ParNew: 157077K->157077K(157248K), 0.0003314 secs]2021-01-21T22:12:05.057+0800: 29.369: [CMS: 348952K->349441K(349568K), 0.0480928 secs] 506029K->362877K(506816K), [Metaspace: 2816K->2816K(1056768K)], 0.0495811 secs] [Times: user=0.05 sys=0.00, real=0.05 secs] 
2021-01-21T22:12:05.106+0800: 29.418: [GC (CMS Initial Mark) [1 CMS-initial-mark: 349441K(349568K)] 365891K(506816K), 0.0013459 secs] [Times: user=0.00 sys=0.00, real=0.00 secs] 
2021-01-21T22:12:05.108+0800: 29.420: [CMS-concurrent-mark-start]
2021-01-21T22:12:05.110+0800: 29.422: [CMS-concurrent-mark: 0.001/0.001 secs] [Times: user=0.00 sys=0.01, real=0.00 secs] 
2021-01-21T22:12:05.110+0800: 29.422: [CMS-concurrent-preclean-start]
2021-01-21T22:12:05.111+0800: 29.423: [CMS-concurrent-preclean: 0.001/0.001 secs] [Times: user=0.00 sys=0.00, real=0.00 secs] 
2021-01-21T22:12:05.111+0800: 29.424: [CMS-concurrent-abortable-preclean-start]
2021-01-21T22:12:05.111+0800: 29.424: [CMS-concurrent-abortable-preclean: 0.000/0.000 secs] [Times: user=0.00 sys=0.00, real=0.00 secs] 
2021-01-21T22:12:05.112+0800: 29.424: [GC (CMS Final Remark) [YG occupancy: 43788 K (157248 K)]2021-01-21T22:12:05.113+0800: 29.425: [Rescan (parallel) , 0.0014506 secs]2021-01-21T22:12:05.115+0800: 29.427: [weak refs processing, 0.0002589 secs]2021-01-21T22:12:05.115+0800: 29.427: [class unloading, 0.0005735 secs]2021-01-21T22:12:05.116+0800: 29.428: [scrub symbol table, 0.0005637 secs]2021-01-21T22:12:05.117+0800: 29.429: [scrub string table, 0.0006171 secs][1 CMS-remark: 349441K(349568K)] 393230K(506816K), 0.0054431 secs] [Times: user=0.00 sys=0.00, real=0.00 secs] 
2021-01-21T22:12:05.119+0800: 29.431: [CMS-concurrent-sweep-start]
2021-01-21T22:12:05.119+0800: 29.431: [CMS-concurrent-sweep: 0.000/0.000 secs] [Times: user=0.00 sys=0.00, real=0.00 secs] 
2021-01-21T22:12:05.119+0800: 29.431: [CMS-concurrent-reset-start]
2021-01-21T22:12:05.120+0800: 29.432: [CMS-concurrent-reset: 0.000/0.000 secs] [Times: user=0.00 sys=0.00, real=0.00 secs] 
2021-01-21T22:12:05.133+0800: 29.445: [GC (Allocation Failure) 2021-01-21T22:12:05.133+0800: 29.445: [ParNew: 156969K->156969K(157248K), 0.0002916 secs]2021-01-21T22:12:05.134+0800: 29.446: [CMS: 348510K->349006K(349568K), 0.0470264 secs] 505479K->362261K(506816K), [Metaspace: 2816K->2816K(1056768K)], 0.0484324 secs] [Times: user=0.04 sys=0.00, real=0.05 secs] 
2021-01-21T22:12:05.182+0800: 29.494: [GC (CMS Initial Mark) [1 CMS-initial-mark: 349006K(349568K)] 365597K(506816K), 0.0018668 secs] [Times: user=0.01 sys=0.00, real=0.00 secs] 
2021-01-21T22:12:05.185+0800: 29.497: [CMS-concurrent-mark-start]
2021-01-21T22:12:05.186+0800: 29.498: [CMS-concurrent-mark: 0.001/0.001 secs] [Times: user=0.00 sys=0.00, real=0.00 secs] 
2021-01-21T22:12:05.187+0800: 29.499: [CMS-concurrent-preclean-start]
2021-01-21T22:12:05.188+0800: 29.500: [CMS-concurrent-preclean: 0.001/0.001 secs] [Times: user=0.00 sys=0.00, real=0.00 secs] 
2021-01-21T22:12:05.188+0800: 29.500: [CMS-concurrent-abortable-preclean-start]
2021-01-21T22:12:05.188+0800: 29.500: [CMS-concurrent-abortable-preclean: 0.000/0.000 secs] [Times: user=0.00 sys=0.00, real=0.01 secs] 
2021-01-21T22:12:05.189+0800: 29.501: [GC (CMS Final Remark) [YG occupancy: 46341 K (157248 K)]2021-01-21T22:12:05.189+0800: 29.501: [Rescan (parallel) , 0.0012273 secs]2021-01-21T22:12:05.191+0800: 29.503: [weak refs processing, 0.0002868 secs]2021-01-21T22:12:05.191+0800: 29.503: [class unloading, 0.0004549 secs]2021-01-21T22:12:05.192+0800: 29.504: [scrub symbol table, 0.0004911 secs]2021-01-21T22:12:05.193+0800: 29.505: [scrub string table, 0.0003545 secs][1 CMS-remark: 349006K(349568K)] 395348K(506816K), 0.0044832 secs] [Times: user=0.00 sys=0.00, real=0.00 secs] 
2021-01-21T22:12:05.194+0800: 29.506: [CMS-concurrent-sweep-start]
2021-01-21T22:12:05.194+0800: 29.506: [CMS-concurrent-sweep: 0.000/0.000 secs] [Times: user=0.00 sys=0.00, real=0.00 secs] 
2021-01-21T22:12:05.194+0800: 29.506: [CMS-concurrent-reset-start]
2021-01-21T22:12:05.195+0800: 29.507: [CMS-concurrent-reset: 0.000/0.000 secs] [Times: user=0.00 sys=0.00, real=0.00 secs] 
2021-01-21T22:12:05.207+0800: 29.519: [GC (Allocation Failure) 2021-01-21T22:12:05.208+0800: 29.520: [ParNew: 156578K->156578K(157248K), 0.0003550 secs]2021-01-21T22:12:05.208+0800: 29.520: [CMS: 347521K->349554K(349568K), 0.0470943 secs] 504099K->367307K(506816K), [Metaspace: 2816K->2816K(1056768K)], 0.0486629 secs] [Times: user=0.04 sys=0.01, real=0.05 secs] 
2021-01-21T22:12:05.257+0800: 29.569: [GC (CMS Initial Mark) [1 CMS-initial-mark: 349554K(349568K)] 371087K(506816K), 0.0013677 secs] [Times: user=0.00 sys=0.00, real=0.01 secs] 
2021-01-21T22:12:05.259+0800: 29.571: [CMS-concurrent-mark-start]
2021-01-21T22:12:05.261+0800: 29.573: [CMS-concurrent-mark: 0.002/0.002 secs] [Times: user=0.01 sys=0.00, real=0.00 secs] 
2021-01-21T22:12:05.261+0800: 29.574: [CMS-concurrent-preclean-start]
2021-01-21T22:12:05.263+0800: 29.575: [CMS-concurrent-preclean: 0.001/0.001 secs] [Times: user=0.00 sys=0.00, real=0.00 secs] 
2021-01-21T22:12:05.263+0800: 29.575: [CMS-concurrent-abortable-preclean-start]
2021-01-21T22:12:05.263+0800: 29.575: [CMS-concurrent-abortable-preclean: 0.000/0.000 secs] [Times: user=0.00 sys=0.00, real=0.00 secs] 
2021-01-21T22:12:05.264+0800: 29.576: [GC (CMS Final Remark) [YG occupancy: 44515 K (157248 K)]2021-01-21T22:12:05.264+0800: 29.576: [Rescan (parallel) , 0.0007257 secs]2021-01-21T22:12:05.265+0800: 29.577: [weak refs processing, 0.0003825 secs]2021-01-21T22:12:05.266+0800: 29.578: [class unloading, 0.0004643 secs]2021-01-21T22:12:05.267+0800: 29.579: [scrub symbol table, 0.0007303 secs]2021-01-21T22:12:05.268+0800: 29.580: [scrub string table, 0.0004497 secs][1 CMS-remark: 349554K(349568K)] 394070K(506816K), 0.0120222 secs] [Times: user=0.01 sys=0.00, real=0.01 secs] 
2021-01-21T22:12:05.277+0800: 29.589: [CMS-concurrent-sweep-start]
2021-01-21T22:12:05.277+0800: 29.589: [CMS-concurrent-sweep: 0.001/0.001 secs] [Times: user=0.00 sys=0.00, real=0.00 secs] 
2021-01-21T22:12:05.278+0800: 29.590: [CMS-concurrent-reset-start]
2021-01-21T22:12:05.278+0800: 29.590: [CMS-concurrent-reset: 0.000/0.000 secs] [Times: user=0.00 sys=0.00, real=0.00 secs] 
2021-01-21T22:12:05.291+0800: 29.603: [GC (Allocation Failure) 2021-01-21T22:12:05.291+0800: 29.603: [ParNew: 156966K->156966K(157248K), 0.0004759 secs]2021-01-21T22:12:05.292+0800: 29.604: [CMS: 349160K->349448K(349568K), 0.0471371 secs] 506126K->369042K(506816K), [Metaspace: 2816K->2816K(1056768K)], 0.0489098 secs] [Times: user=0.05 sys=0.00, real=0.05 secs] 
2021-01-21T22:12:05.340+0800: 29.652: [GC (CMS Initial Mark) [1 CMS-initial-mark: 349448K(349568K)] 372916K(506816K), 0.0016141 secs] [Times: user=0.00 sys=0.00, real=0.00 secs] 
2021-01-21T22:12:05.343+0800: 29.655: [CMS-concurrent-mark-start]
2021-01-21T22:12:05.344+0800: 29.656: [CMS-concurrent-mark: 0.001/0.001 secs] [Times: user=0.00 sys=0.00, real=0.00 secs] 
2021-01-21T22:12:05.345+0800: 29.657: [CMS-concurrent-preclean-start]
2021-01-21T22:12:05.346+0800: 29.658: [CMS-concurrent-preclean: 0.001/0.001 secs] [Times: user=0.00 sys=0.00, real=0.00 secs] 
2021-01-21T22:12:05.346+0800: 29.658: [CMS-concurrent-abortable-preclean-start]
2021-01-21T22:12:05.346+0800: 29.658: [CMS-concurrent-abortable-preclean: 0.000/0.000 secs] [Times: user=0.00 sys=0.00, real=0.00 secs] 
2021-01-21T22:12:05.347+0800: 29.659: [GC (CMS Final Remark) [YG occupancy: 56476 K (157248 K)]2021-01-21T22:12:05.347+0800: 29.660: [Rescan (parallel) , 0.0013971 secs]2021-01-21T22:12:05.349+0800: 29.661: [weak refs processing, 0.0003612 secs]2021-01-21T22:12:05.350+0800: 29.662: [class unloading, 0.0005533 secs]2021-01-21T22:12:05.351+0800: 29.663: [scrub symbol table, 0.0006250 secs]2021-01-21T22:12:05.352+0800: 29.664: [scrub string table, 0.0004166 secs][1 CMS-remark: 349448K(349568K)] 405925K(506816K), 0.0050970 secs] [Times: user=0.00 sys=0.00, real=0.01 secs] 
2021-01-21T22:12:05.353+0800: 29.665: [CMS-concurrent-sweep-start]
2021-01-21T22:12:05.353+0800: 29.665: [CMS-concurrent-sweep: 0.000/0.000 secs] [Times: user=0.00 sys=0.00, real=0.00 secs] 
2021-01-21T22:12:05.354+0800: 29.666: [CMS-concurrent-reset-start]
2021-01-21T22:12:05.354+0800: 29.666: [CMS-concurrent-reset: 0.000/0.000 secs] [Times: user=0.00 sys=0.00, real=0.00 secs] 
2021-01-21T22:12:05.367+0800: 29.679: [GC (Allocation Failure) 2021-01-21T22:12:05.368+0800: 29.680: [ParNew: 157117K->157117K(157248K), 0.0003553 secs]2021-01-21T22:12:05.369+0800: 29.681: [CMS: 348400K->349012K(349568K), 0.0501344 secs] 505518K->371246K(506816K), [Metaspace: 2816K->2816K(1056768K)], 0.0519718 secs] [Times: user=0.05 sys=0.00, real=0.06 secs] 
2021-01-21T22:12:05.420+0800: 29.732: [GC (CMS Initial Mark) [1 CMS-initial-mark: 349012K(349568K)] 374404K(506816K), 0.0016076 secs] [Times: user=0.00 sys=0.00, real=0.00 secs] 
2021-01-21T22:12:05.423+0800: 29.735: [CMS-concurrent-mark-start]
2021-01-21T22:12:05.424+0800: 29.736: [CMS-concurrent-mark: 0.002/0.002 secs] [Times: user=0.01 sys=0.00, real=0.00 secs] 
2021-01-21T22:12:05.425+0800: 29.737: [CMS-concurrent-preclean-start]
2021-01-21T22:12:05.426+0800: 29.738: [CMS-concurrent-preclean: 0.001/0.001 secs] [Times: user=0.00 sys=0.00, real=0.00 secs] 
2021-01-21T22:12:05.426+0800: 29.738: [CMS-concurrent-abortable-preclean-start]
2021-01-21T22:12:05.426+0800: 29.738: [CMS-concurrent-abortable-preclean: 0.000/0.000 secs] [Times: user=0.00 sys=0.00, real=0.00 secs] 
2021-01-21T22:12:05.427+0800: 29.739: [GC (CMS Final Remark) [YG occupancy: 54780 K (157248 K)]2021-01-21T22:12:05.427+0800: 29.739: [Rescan (parallel) , 0.0040940 secs]2021-01-21T22:12:05.432+0800: 29.744: [weak refs processing, 0.0003823 secs]2021-01-21T22:12:05.433+0800: 29.745: [class unloading, 0.0005646 secs]2021-01-21T22:12:05.434+0800: 29.746: [scrub symbol table, 0.0007105 secs]2021-01-21T22:12:05.435+0800: 29.747: [scrub string table, 0.0005781 secs][1 CMS-remark: 349012K(349568K)] 403793K(506816K), 0.0087378 secs] [Times: user=0.02 sys=0.01, real=0.01 secs] 
2021-01-21T22:12:05.437+0800: 29.749: [CMS-concurrent-sweep-start]
2021-01-21T22:12:05.437+0800: 29.749: [CMS-concurrent-sweep: 0.001/0.001 secs] [Times: user=0.00 sys=0.00, real=0.00 secs] 
2021-01-21T22:12:05.438+0800: 29.750: [CMS-concurrent-reset-start]
2021-01-21T22:12:05.438+0800: 29.750: [CMS-concurrent-reset: 0.000/0.000 secs] [Times: user=0.00 sys=0.00, real=0.00 secs] 
2021-01-21T22:12:05.448+0800: 29.760: [GC (Allocation Failure) 2021-01-21T22:12:05.448+0800: 29.760: [ParNew: 157174K->157174K(157248K), 0.0003567 secs]2021-01-21T22:12:05.449+0800: 29.761: [CMS: 348721K->349494K(349568K), 0.0503556 secs] 505896K->376194K(506816K), [Metaspace: 2816K->2816K(1056768K)], 0.0518442 secs] [Times: user=0.05 sys=0.00, real=0.06 secs] 
2021-01-21T22:12:05.501+0800: 29.813: [GC (CMS Initial Mark) [1 CMS-initial-mark: 349494K(349568K)] 379067K(506816K), 0.0013023 secs] [Times: user=0.00 sys=0.00, real=0.00 secs] 
2021-01-21T22:12:05.503+0800: 29.815: [CMS-concurrent-mark-start]
2021-01-21T22:12:05.504+0800: 29.816: [CMS-concurrent-mark: 0.001/0.001 secs] [Times: user=0.01 sys=0.00, real=0.00 secs] 
2021-01-21T22:12:05.505+0800: 29.817: [CMS-concurrent-preclean-start]
2021-01-21T22:12:05.506+0800: 29.818: [CMS-concurrent-preclean: 0.001/0.001 secs] [Times: user=0.00 sys=0.00, real=0.00 secs] 
2021-01-21T22:12:05.506+0800: 29.818: [CMS-concurrent-abortable-preclean-start]
2021-01-21T22:12:05.506+0800: 29.818: [CMS-concurrent-abortable-preclean: 0.000/0.000 secs] [Times: user=0.00 sys=0.00, real=0.00 secs] 
2021-01-21T22:12:05.507+0800: 29.819: [GC (CMS Final Remark) [YG occupancy: 62570 K (157248 K)]2021-01-21T22:12:05.507+0800: 29.819: [Rescan (parallel) , 0.0012135 secs]2021-01-21T22:12:05.509+0800: 29.821: [weak refs processing, 0.0003128 secs]2021-01-21T22:12:05.509+0800: 29.821: [class unloading, 0.0005562 secs]2021-01-21T22:12:05.510+0800: 29.822: [scrub symbol table, 0.0006356 secs]2021-01-21T22:12:05.511+0800: 29.823: [scrub string table, 0.0004252 secs][1 CMS-remark: 349494K(349568K)] 412064K(506816K), 0.0049575 secs] [Times: user=0.00 sys=0.01, real=0.01 secs] 
2021-01-21T22:12:05.512+0800: 29.824: [CMS-concurrent-sweep-start]
2021-01-21T22:12:05.513+0800: 29.825: [CMS-concurrent-sweep: 0.000/0.000 secs] [Times: user=0.00 sys=0.00, real=0.00 secs] 
2021-01-21T22:12:05.513+0800: 29.825: [CMS-concurrent-reset-start]
2021-01-21T22:12:05.513+0800: 29.825: [CMS-concurrent-reset: 0.000/0.000 secs] [Times: user=0.00 sys=0.00, real=0.00 secs] 
2021-01-21T22:12:05.525+0800: 29.837: [GC (Allocation Failure) 2021-01-21T22:12:05.526+0800: 29.838: [ParNew: 157236K->157236K(157248K), 0.0003257 secs]2021-01-21T22:12:05.526+0800: 29.838: [CMS: 348909K->349487K(349568K), 0.0489809 secs] 506146K->373147K(506816K), [Metaspace: 2816K->2816K(1056768K)], 0.0505887 secs] [Times: user=0.05 sys=0.00, real=0.05 secs] 
2021-01-21T22:12:05.577+0800: 29.889: [GC (CMS Initial Mark) [1 CMS-initial-mark: 349487K(349568K)] 375886K(506816K), 0.0011685 secs] [Times: user=0.00 sys=0.00, real=0.01 secs] 
2021-01-21T22:12:05.579+0800: 29.891: [CMS-concurrent-mark-start]
2021-01-21T22:12:05.580+0800: 29.892: [CMS-concurrent-mark: 0.001/0.001 secs] [Times: user=0.00 sys=0.00, real=0.00 secs] 
2021-01-21T22:12:05.581+0800: 29.893: [CMS-concurrent-preclean-start]
2021-01-21T22:12:05.582+0800: 29.894: [CMS-concurrent-preclean: 0.001/0.001 secs] [Times: user=0.00 sys=0.00, real=0.00 secs] 
2021-01-21T22:12:05.582+0800: 29.894: [CMS-concurrent-abortable-preclean-start]
2021-01-21T22:12:05.582+0800: 29.894: [CMS-concurrent-abortable-preclean: 0.000/0.000 secs] [Times: user=0.00 sys=0.00, real=0.00 secs] 
2021-01-21T22:12:05.583+0800: 29.895: [GC (CMS Final Remark) [YG occupancy: 55465 K (157248 K)]2021-01-21T22:12:05.583+0800: 29.895: [Rescan (parallel) , 0.0029714 secs]2021-01-21T22:12:05.586+0800: 29.898: [weak refs processing, 0.0003272 secs]2021-01-21T22:12:05.587+0800: 29.899: [class unloading, 0.0004843 secs]2021-01-21T22:12:05.588+0800: 29.900: [scrub symbol table, 0.0005477 secs]2021-01-21T22:12:05.589+0800: 29.901: [scrub string table, 0.0005610 secs][1 CMS-remark: 349487K(349568K)] 404952K(506816K), 0.0068091 secs] [Times: user=0.02 sys=0.00, real=0.01 secs] 
2021-01-21T22:12:05.590+0800: 29.902: [CMS-concurrent-sweep-start]
2021-01-21T22:12:05.590+0800: 29.902: [CMS-concurrent-sweep: 0.000/0.000 secs] [Times: user=0.00 sys=0.00, real=0.00 secs] 
2021-01-21T22:12:05.591+0800: 29.903: [CMS-concurrent-reset-start]
2021-01-21T22:12:05.591+0800: 29.903: [CMS-concurrent-reset: 0.000/0.000 secs] [Times: user=0.00 sys=0.00, real=0.00 secs] 
2021-01-21T22:12:05.603+0800: 29.915: [GC (Allocation Failure) 2021-01-21T22:12:05.603+0800: 29.915: [ParNew: 156895K->156895K(157248K), 0.0002957 secs]2021-01-21T22:12:05.604+0800: 29.916: [CMS: 348640K->349220K(349568K), 0.0486102 secs] 505535K->380988K(506816K), [Metaspace: 2816K->2816K(1056768K)], 0.0500217 secs] [Times: user=0.05 sys=0.00, real=0.05 secs] 
2021-01-21T22:12:05.654+0800: 29.966: [GC (CMS Initial Mark) [1 CMS-initial-mark: 349220K(349568K)] 384360K(506816K), 0.0011342 secs] [Times: user=0.00 sys=0.00, real=0.00 secs] 
2021-01-21T22:12:05.656+0800: 29.968: [CMS-concurrent-mark-start]
2021-01-21T22:12:05.657+0800: 29.969: [CMS-concurrent-mark: 0.001/0.001 secs] [Times: user=0.00 sys=0.00, real=0.00 secs] 
2021-01-21T22:12:05.657+0800: 29.969: [CMS-concurrent-preclean-start]
2021-01-21T22:12:05.659+0800: 29.971: [CMS-concurrent-preclean: 0.001/0.001 secs] [Times: user=0.00 sys=0.00, real=0.01 secs] 
2021-01-21T22:12:05.659+0800: 29.971: [CMS-concurrent-abortable-preclean-start]
2021-01-21T22:12:05.659+0800: 29.971: [CMS-concurrent-abortable-preclean: 0.000/0.000 secs] [Times: user=0.00 sys=0.00, real=0.00 secs] 
2021-01-21T22:12:05.660+0800: 29.972: [GC (CMS Final Remark) [YG occupancy: 66211 K (157248 K)]2021-01-21T22:12:05.660+0800: 29.972: [Rescan (parallel) , 0.0010472 secs]2021-01-21T22:12:05.661+0800: 29.973: [weak refs processing, 0.0002980 secs]2021-01-21T22:12:05.662+0800: 29.974: [class unloading, 0.0004491 secs]2021-01-21T22:12:05.663+0800: 29.975: [scrub symbol table, 0.0005652 secs]2021-01-21T22:12:05.664+0800: 29.976: [scrub string table, 0.0004344 secs][1 CMS-remark: 349220K(349568K)] 415432K(506816K), 0.0044879 secs] [Times: user=0.00 sys=0.00, real=0.00 secs] 
2021-01-21T22:12:05.665+0800: 29.977: [CMS-concurrent-sweep-start]
2021-01-21T22:12:05.665+0800: 29.977: [CMS-concurrent-sweep: 0.000/0.000 secs] [Times: user=0.00 sys=0.00, real=0.00 secs] 
2021-01-21T22:12:05.665+0800: 29.977: [CMS-concurrent-reset-start]
2021-01-21T22:12:05.666+0800: 29.978: [CMS-concurrent-reset: 0.000/0.000 secs] [Times: user=0.00 sys=0.00, real=0.00 secs] 
2021-01-21T22:12:05.677+0800: 29.989: [GC (Allocation Failure) 2021-01-21T22:12:05.678+0800: 29.990: [ParNew: 156946K->156946K(157248K), 0.0002685 secs]2021-01-21T22:12:05.678+0800: 29.990: [CMS: 348627K->349178K(349568K), 0.0506494 secs] 505574K->384536K(506816K), [Metaspace: 2816K->2816K(1056768K)], 0.0521072 secs] [Times: user=0.05 sys=0.00, real=0.06 secs] 
2021-01-21T22:12:05.731+0800: 30.043: [GC (CMS Initial Mark) [1 CMS-initial-mark: 349178K(349568K)] 387660K(506816K), 0.0011445 secs] [Times: user=0.00 sys=0.00, real=0.00 secs] 
2021-01-21T22:12:05.732+0800: 30.044: [CMS-concurrent-mark-start]
2021-01-21T22:12:05.734+0800: 30.046: [CMS-concurrent-mark: 0.001/0.001 secs] [Times: user=0.00 sys=0.00, real=0.00 secs] 
2021-01-21T22:12:05.734+0800: 30.046: [CMS-concurrent-preclean-start]
2021-01-21T22:12:05.735+0800: 30.047: [CMS-concurrent-preclean: 0.001/0.001 secs] [Times: user=0.01 sys=0.00, real=0.00 secs] 
2021-01-21T22:12:05.736+0800: 30.048: [CMS-concurrent-abortable-preclean-start]
2021-01-21T22:12:05.736+0800: 30.048: [CMS-concurrent-abortable-preclean: 0.000/0.000 secs] [Times: user=0.00 sys=0.00, real=0.00 secs] 
2021-01-21T22:12:05.736+0800: 30.048: [GC (CMS Final Remark) [YG occupancy: 69384 K (157248 K)]2021-01-21T22:12:05.736+0800: 30.049: [Rescan (parallel) , 0.0011679 secs]2021-01-21T22:12:05.738+0800: 30.050: [weak refs processing, 0.0002596 secs]2021-01-21T22:12:05.738+0800: 30.050: [class unloading, 0.0004084 secs]2021-01-21T22:12:05.739+0800: 30.051: [scrub symbol table, 0.0004898 secs]2021-01-21T22:12:05.740+0800: 30.052: [scrub string table, 0.0003711 secs][1 CMS-remark: 349178K(349568K)] 418562K(506816K), 0.0041754 secs] [Times: user=0.00 sys=0.00, real=0.01 secs] 
2021-01-21T22:12:05.741+0800: 30.053: [CMS-concurrent-sweep-start]
2021-01-21T22:12:05.741+0800: 30.053: [CMS-concurrent-sweep: 0.000/0.000 secs] [Times: user=0.00 sys=0.00, real=0.00 secs] 
2021-01-21T22:12:05.742+0800: 30.054: [CMS-concurrent-reset-start]
2021-01-21T22:12:05.742+0800: 30.054: [CMS-concurrent-reset: 0.000/0.000 secs] [Times: user=0.00 sys=0.00, real=0.00 secs] 
2021-01-21T22:12:05.752+0800: 30.064: [GC (Allocation Failure) 2021-01-21T22:12:05.752+0800: 30.064: [ParNew: 156635K->156635K(157248K), 0.0003467 secs]2021-01-21T22:12:05.753+0800: 30.065: [CMS: 347510K->349396K(349568K), 0.0492560 secs] 504146K->381819K(506816K), [Metaspace: 2816K->2816K(1056768K)], 0.0509812 secs] [Times: user=0.05 sys=0.00, real=0.05 secs] 
2021-01-21T22:12:05.804+0800: 30.116: [GC (CMS Initial Mark) [1 CMS-initial-mark: 349396K(349568K)] 385185K(506816K), 0.0013212 secs] [Times: user=0.01 sys=0.00, real=0.00 secs] 
2021-01-21T22:12:05.806+0800: 30.118: [CMS-concurrent-mark-start]
2021-01-21T22:12:05.807+0800: 30.119: [CMS-concurrent-mark: 0.001/0.001 secs] [Times: user=0.00 sys=0.00, real=0.00 secs] 
2021-01-21T22:12:05.808+0800: 30.120: [CMS-concurrent-preclean-start]
2021-01-21T22:12:05.809+0800: 30.121: [CMS-concurrent-preclean: 0.001/0.001 secs] [Times: user=0.00 sys=0.00, real=0.01 secs] 
2021-01-21T22:12:05.809+0800: 30.121: [CMS-concurrent-abortable-preclean-start]
2021-01-21T22:12:05.809+0800: 30.121: [CMS-concurrent-abortable-preclean: 0.000/0.000 secs] [Times: user=0.00 sys=0.00, real=0.00 secs] 
2021-01-21T22:12:05.809+0800: 30.121: [GC (CMS Final Remark) [YG occupancy: 63443 K (157248 K)]2021-01-21T22:12:05.810+0800: 30.122: [Rescan (parallel) , 0.0010948 secs]2021-01-21T22:12:05.811+0800: 30.123: [weak refs processing, 0.0002701 secs]2021-01-21T22:12:05.812+0800: 30.124: [class unloading, 0.0006615 secs]2021-01-21T22:12:05.812+0800: 30.125: [scrub symbol table, 0.0007636 secs]2021-01-21T22:12:05.813+0800: 30.126: [scrub string table, 0.0004268 secs][1 CMS-remark: 349396K(349568K)] 412839K(506816K), 0.0047561 secs] [Times: user=0.01 sys=0.00, real=0.00 secs] 
2021-01-21T22:12:05.815+0800: 30.127: [CMS-concurrent-sweep-start]
2021-01-21T22:12:05.815+0800: 30.127: [CMS-concurrent-sweep: 0.000/0.000 secs] [Times: user=0.00 sys=0.00, real=0.00 secs] 
2021-01-21T22:12:05.815+0800: 30.127: [CMS-concurrent-reset-start]
2021-01-21T22:12:05.816+0800: 30.128: [CMS-concurrent-reset: 0.000/0.000 secs] [Times: user=0.00 sys=0.00, real=0.00 secs] 
2021-01-21T22:12:05.828+0800: 30.140: [GC (Allocation Failure) 2021-01-21T22:12:05.828+0800: 30.140: [ParNew: 157236K->157236K(157248K), 0.0003969 secs]2021-01-21T22:12:05.829+0800: 30.141: [CMS: 348877K->349225K(349568K), 0.0487433 secs] 506114K->380238K(506816K), [Metaspace: 2816K->2816K(1056768K)], 0.0504961 secs] [Times: user=0.05 sys=0.00, real=0.06 secs] 
2021-01-21T22:12:05.879+0800: 30.191: [GC (CMS Initial Mark) [1 CMS-initial-mark: 349225K(349568K)] 382904K(506816K), 0.0017369 secs] [Times: user=0.00 sys=0.00, real=0.00 secs] 
2021-01-21T22:12:05.882+0800: 30.194: [CMS-concurrent-mark-start]
2021-01-21T22:12:05.883+0800: 30.195: [CMS-concurrent-mark: 0.001/0.001 secs] [Times: user=0.00 sys=0.00, real=0.00 secs] 
2021-01-21T22:12:05.883+0800: 30.195: [CMS-concurrent-preclean-start]
2021-01-21T22:12:05.885+0800: 30.197: [CMS-concurrent-preclean: 0.001/0.001 secs] [Times: user=0.00 sys=0.00, real=0.00 secs] 
2021-01-21T22:12:05.885+0800: 30.197: [CMS-concurrent-abortable-preclean-start]
2021-01-21T22:12:05.885+0800: 30.197: [CMS-concurrent-abortable-preclean: 0.000/0.000 secs] [Times: user=0.00 sys=0.00, real=0.00 secs] 
2021-01-21T22:12:05.886+0800: 30.198: [GC (CMS Final Remark) [YG occupancy: 57620 K (157248 K)]2021-01-21T22:12:05.886+0800: 30.198: [Rescan (parallel) , 0.0010122 secs]2021-01-21T22:12:05.887+0800: 30.199: [weak refs processing, 0.0002777 secs]2021-01-21T22:12:05.888+0800: 30.200: [class unloading, 0.0004501 secs]2021-01-21T22:12:05.889+0800: 30.201: [scrub symbol table, 0.0004972 secs]2021-01-21T22:12:05.890+0800: 30.202: [scrub string table, 0.0003894 secs][1 CMS-remark: 349225K(349568K)] 406845K(506816K), 0.0045936 secs] [Times: user=0.00 sys=0.00, real=0.01 secs] 
2021-01-21T22:12:05.891+0800: 30.203: [CMS-concurrent-sweep-start]
2021-01-21T22:12:05.891+0800: 30.203: [CMS-concurrent-sweep: 0.000/0.000 secs] [Times: user=0.00 sys=0.00, real=0.00 secs] 
2021-01-21T22:12:05.891+0800: 30.203: [CMS-concurrent-reset-start]
2021-01-21T22:12:05.891+0800: 30.203: [CMS-concurrent-reset: 0.000/0.000 secs] [Times: user=0.00 sys=0.00, real=0.00 secs] 
2021-01-21T22:12:05.903+0800: 30.215: [GC (Allocation Failure) 2021-01-21T22:12:05.903+0800: 30.216: [ParNew: 157160K->157160K(157248K), 0.0003686 secs]2021-01-21T22:12:05.904+0800: 30.216: [CMS: 348832K->349540K(349568K), 0.0537934 secs] 505993K->388516K(506816K), [Metaspace: 2816K->2816K(1056768K)], 0.0559258 secs] [Times: user=0.05 sys=0.00, real=0.06 secs] 
2021-01-21T22:12:05.960+0800: 30.272: [GC (CMS Initial Mark) [1 CMS-initial-mark: 349540K(349568K)] 391707K(506816K), 0.0015560 secs] [Times: user=0.00 sys=0.00, real=0.00 secs] 
2021-01-21T22:12:05.963+0800: 30.275: [CMS-concurrent-mark-start]
2021-01-21T22:12:05.965+0800: 30.277: [CMS-concurrent-mark: 0.002/0.002 secs] [Times: user=0.01 sys=0.00, real=0.00 secs] 
2021-01-21T22:12:05.965+0800: 30.277: [CMS-concurrent-preclean-start]
2021-01-21T22:12:05.966+0800: 30.278: [CMS-concurrent-preclean: 0.001/0.001 secs] [Times: user=0.00 sys=0.00, real=0.00 secs] 
2021-01-21T22:12:05.967+0800: 30.279: [CMS-concurrent-abortable-preclean-start]
2021-01-21T22:12:05.967+0800: 30.279: [CMS-concurrent-abortable-preclean: 0.000/0.000 secs] [Times: user=0.00 sys=0.00, real=0.00 secs] 
2021-01-21T22:12:05.967+0800: 30.279: [GC (CMS Final Remark) [YG occupancy: 64700 K (157248 K)]2021-01-21T22:12:05.968+0800: 30.280: [Rescan (parallel) , 0.0014948 secs]2021-01-21T22:12:05.970+0800: 30.282: [weak refs processing, 0.0003167 secs]2021-01-21T22:12:05.970+0800: 30.282: [class unloading, 0.0005028 secs]2021-01-21T22:12:05.971+0800: 30.283: [scrub symbol table, 0.0006905 secs]2021-01-21T22:12:05.972+0800: 30.284: [scrub string table, 0.0005016 secs][1 CMS-remark: 349540K(349568K)] 414241K(506816K), 0.0056252 secs] [Times: user=0.01 sys=0.00, real=0.01 secs] 
2021-01-21T22:12:05.974+0800: 30.286: [CMS-concurrent-sweep-start]
2021-01-21T22:12:05.974+0800: 30.286: [CMS-concurrent-sweep: 0.000/0.000 secs] [Times: user=0.00 sys=0.00, real=0.00 secs] 
2021-01-21T22:12:05.974+0800: 30.286: [CMS-concurrent-reset-start]
2021-01-21T22:12:05.974+0800: 30.287: [CMS-concurrent-reset: 0.000/0.000 secs] [Times: user=0.00 sys=0.00, real=0.00 secs] 
2021-01-21T22:12:05.987+0800: 30.299: [GC (Allocation Failure) 2021-01-21T22:12:05.988+0800: 30.300: [ParNew: 156974K->156974K(157248K), 0.0003347 secs]2021-01-21T22:12:05.988+0800: 30.300: [CMS: 349449K->349560K(349568K), 0.0522690 secs] 506423K->384477K(506816K), [Metaspace: 2816K->2816K(1056768K)], 0.0537511 secs] [Times: user=0.06 sys=0.00, real=0.06 secs] 
2021-01-21T22:12:06.042+0800: 30.354: [GC (CMS Initial Mark) [1 CMS-initial-mark: 349560K(349568K)] 387376K(506816K), 0.0010960 secs] [Times: user=0.00 sys=0.00, real=0.00 secs] 
2021-01-21T22:12:06.043+0800: 30.355: [CMS-concurrent-mark-start]
2021-01-21T22:12:06.045+0800: 30.357: [CMS-concurrent-mark: 0.001/0.001 secs] [Times: user=0.00 sys=0.00, real=0.00 secs] 
2021-01-21T22:12:06.045+0800: 30.357: [CMS-concurrent-preclean-start]
2021-01-21T22:12:06.046+0800: 30.358: [CMS-concurrent-preclean: 0.001/0.001 secs] [Times: user=0.00 sys=0.00, real=0.00 secs] 
2021-01-21T22:12:06.047+0800: 30.359: [CMS-concurrent-abortable-preclean-start]
2021-01-21T22:12:06.047+0800: 30.359: [CMS-concurrent-abortable-preclean: 0.000/0.000 secs] [Times: user=0.00 sys=0.00, real=0.00 secs] 
2021-01-21T22:12:06.047+0800: 30.359: [GC (CMS Final Remark) [YG occupancy: 62347 K (157248 K)]2021-01-21T22:12:06.048+0800: 30.360: [Rescan (parallel) , 0.0010306 secs]2021-01-21T22:12:06.049+0800: 30.361: [weak refs processing, 0.0002028 secs]2021-01-21T22:12:06.049+0800: 30.361: [class unloading, 0.0003763 secs]2021-01-21T22:12:06.050+0800: 30.362: [scrub symbol table, 0.0005006 secs]2021-01-21T22:12:06.051+0800: 30.363: [scrub string table, 0.0003654 secs][1 CMS-remark: 349560K(349568K)] 411907K(506816K), 0.0038670 secs] [Times: user=0.00 sys=0.00, real=0.01 secs] 
2021-01-21T22:12:06.052+0800: 30.364: [CMS-concurrent-sweep-start]
2021-01-21T22:12:06.052+0800: 30.364: [CMS-concurrent-sweep: 0.000/0.000 secs] [Times: user=0.00 sys=0.00, real=0.00 secs] 
2021-01-21T22:12:06.052+0800: 30.364: [CMS-concurrent-reset-start]
2021-01-21T22:12:06.052+0800: 30.364: [CMS-concurrent-reset: 0.000/0.000 secs] [Times: user=0.00 sys=0.00, real=0.00 secs] 
2021-01-21T22:12:06.063+0800: 30.375: [GC (Allocation Failure) 2021-01-21T22:12:06.063+0800: 30.376: [ParNew: 157233K->157233K(157248K), 0.0003742 secs]2021-01-21T22:12:06.064+0800: 30.376: [CMS: 349460K->349399K(349568K), 0.0535516 secs] 506694K->382010K(506816K), [Metaspace: 2816K->2816K(1056768K)], 0.0556686 secs] [Times: user=0.05 sys=0.00, real=0.06 secs] 
2021-01-21T22:12:06.120+0800: 30.432: [GC (CMS Initial Mark) [1 CMS-initial-mark: 349399K(349568K)] 384581K(506816K), 0.0013448 secs] [Times: user=0.01 sys=0.00, real=0.00 secs] 
2021-01-21T22:12:06.122+0800: 30.434: [CMS-concurrent-mark-start]
2021-01-21T22:12:06.123+0800: 30.435: [CMS-concurrent-mark: 0.001/0.001 secs] [Times: user=0.00 sys=0.00, real=0.00 secs] 
2021-01-21T22:12:06.124+0800: 30.436: [CMS-concurrent-preclean-start]
2021-01-21T22:12:06.124+0800: 30.437: [CMS-concurrent-preclean: 0.001/0.001 secs] [Times: user=0.00 sys=0.00, real=0.00 secs] 
2021-01-21T22:12:06.125+0800: 30.437: [CMS-concurrent-abortable-preclean-start]
2021-01-21T22:12:06.125+0800: 30.437: [CMS-concurrent-abortable-preclean: 0.000/0.000 secs] [Times: user=0.00 sys=0.00, real=0.00 secs] 
2021-01-21T22:12:06.125+0800: 30.438: [GC (CMS Final Remark) [YG occupancy: 58864 K (157248 K)]2021-01-21T22:12:06.126+0800: 30.438: [Rescan (parallel) , 0.0013134 secs]2021-01-21T22:12:06.128+0800: 30.440: [weak refs processing, 0.0002796 secs]2021-01-21T22:12:06.128+0800: 30.440: [class unloading, 0.0004690 secs]2021-01-21T22:12:06.129+0800: 30.441: [scrub symbol table, 0.0007376 secs]2021-01-21T22:12:06.130+0800: 30.442: [scrub string table, 0.0004064 secs][1 CMS-remark: 349399K(349568K)] 408263K(506816K), 0.0051094 secs] [Times: user=0.01 sys=0.00, real=0.01 secs] 
2021-01-21T22:12:06.131+0800: 30.443: [CMS-concurrent-sweep-start]
2021-01-21T22:12:06.132+0800: 30.444: [CMS-concurrent-sweep: 0.000/0.000 secs] [Times: user=0.00 sys=0.00, real=0.00 secs] 
2021-01-21T22:12:06.132+0800: 30.444: [CMS-concurrent-reset-start]
2021-01-21T22:12:06.132+0800: 30.444: [CMS-concurrent-reset: 0.000/0.000 secs] [Times: user=0.00 sys=0.00, real=0.00 secs] 
2021-01-21T22:12:06.145+0800: 30.458: [GC (Allocation Failure) 2021-01-21T22:12:06.146+0800: 30.458: [ParNew: 157141K->157141K(157248K), 0.0002701 secs]2021-01-21T22:12:06.146+0800: 30.458: [CMS: 347939K->349295K(349568K), 0.0578643 secs] 505081K->383544K(506816K), [Metaspace: 2816K->2816K(1056768K)], 0.0591049 secs] [Times: user=0.06 sys=0.00, real=0.06 secs] 
2021-01-21T22:12:06.205+0800: 30.517: [GC (CMS Initial Mark) [1 CMS-initial-mark: 349295K(349568K)] 386646K(506816K), 0.0009608 secs] [Times: user=0.00 sys=0.00, real=0.00 secs] 
2021-01-21T22:12:06.207+0800: 30.519: [CMS-concurrent-mark-start]
2021-01-21T22:12:06.208+0800: 30.520: [CMS-concurrent-mark: 0.001/0.001 secs] [Times: user=0.01 sys=0.00, real=0.00 secs] 
2021-01-21T22:12:06.208+0800: 30.520: [CMS-concurrent-preclean-start]
2021-01-21T22:12:06.209+0800: 30.521: [CMS-concurrent-preclean: 0.001/0.001 secs] [Times: user=0.00 sys=0.00, real=0.00 secs] 
2021-01-21T22:12:06.210+0800: 30.522: [CMS-concurrent-abortable-preclean-start]
2021-01-21T22:12:06.210+0800: 30.522: [CMS-concurrent-abortable-preclean: 0.000/0.000 secs] [Times: user=0.00 sys=0.00, real=0.00 secs] 
2021-01-21T22:12:06.210+0800: 30.522: [GC (CMS Final Remark) [YG occupancy: 60027 K (157248 K)]2021-01-21T22:12:06.210+0800: 30.522: [Rescan (parallel) , 0.0011560 secs]2021-01-21T22:12:06.212+0800: 30.524: [weak refs processing, 0.0002587 secs]2021-01-21T22:12:06.212+0800: 30.524: [class unloading, 0.0003872 secs]2021-01-21T22:12:06.213+0800: 30.525: [scrub symbol table, 0.0005512 secs]2021-01-21T22:12:06.214+0800: 30.526: [scrub string table, 0.0003654 secs][1 CMS-remark: 349295K(349568K)] 409323K(506816K), 0.0041446 secs] [Times: user=0.00 sys=0.00, real=0.00 secs] 
2021-01-21T22:12:06.215+0800: 30.527: [CMS-concurrent-sweep-start]
2021-01-21T22:12:06.215+0800: 30.527: [CMS-concurrent-sweep: 0.000/0.000 secs] [Times: user=0.00 sys=0.00, real=0.00 secs] 
2021-01-21T22:12:06.215+0800: 30.527: [CMS-concurrent-reset-start]
2021-01-21T22:12:06.216+0800: 30.528: [CMS-concurrent-reset: 0.000/0.000 secs] [Times: user=0.00 sys=0.00, real=0.00 secs] 
2021-01-21T22:12:06.227+0800: 30.539: [GC (Allocation Failure) 2021-01-21T22:12:06.227+0800: 30.539: [ParNew: 157222K->157222K(157248K), 0.0003806 secs]2021-01-21T22:12:06.228+0800: 30.540: [CMS: 348340K->348956K(349568K), 0.0546898 secs] 505562K->379634K(506816K), [Metaspace: 2816K->2816K(1056768K)], 0.0606814 secs] [Times: user=0.05 sys=0.00, real=0.06 secs] 
2021-01-21T22:12:06.289+0800: 30.601: [GC (CMS Initial Mark) [1 CMS-initial-mark: 348956K(349568K)] 382476K(506816K), 0.0018703 secs] [Times: user=0.00 sys=0.00, real=0.00 secs] 
2021-01-21T22:12:06.291+0800: 30.603: [CMS-concurrent-mark-start]
2021-01-21T22:12:06.292+0800: 30.604: [CMS-concurrent-mark: 0.001/0.001 secs] [Times: user=0.01 sys=0.00, real=0.00 secs] 
2021-01-21T22:12:06.293+0800: 30.605: [CMS-concurrent-preclean-start]
2021-01-21T22:12:06.294+0800: 30.606: [CMS-concurrent-preclean: 0.001/0.001 secs] [Times: user=0.00 sys=0.00, real=0.00 secs] 
2021-01-21T22:12:06.294+0800: 30.606: [CMS-concurrent-abortable-preclean-start]
2021-01-21T22:12:06.294+0800: 30.606: [CMS-concurrent-abortable-preclean: 0.000/0.000 secs] [Times: user=0.00 sys=0.00, real=0.00 secs] 
2021-01-21T22:12:06.294+0800: 30.606: [GC (CMS Final Remark) [YG occupancy: 64054 K (157248 K)]2021-01-21T22:12:06.295+0800: 30.607: [Rescan (parallel) , 0.0010481 secs]2021-01-21T22:12:06.296+0800: 30.608: [weak refs processing, 0.0001832 secs]2021-01-21T22:12:06.296+0800: 30.608: [class unloading, 0.0003341 secs]2021-01-21T22:12:06.297+0800: 30.609: [scrub symbol table, 0.0004348 secs]2021-01-21T22:12:06.298+0800: 30.610: [scrub string table, 0.0003079 secs][1 CMS-remark: 348956K(349568K)] 413010K(506816K), 0.0037242 secs] [Times: user=0.00 sys=0.00, real=0.01 secs] 
2021-01-21T22:12:06.299+0800: 30.611: [CMS-concurrent-sweep-start]
2021-01-21T22:12:06.299+0800: 30.611: [CMS-concurrent-sweep: 0.000/0.000 secs] [Times: user=0.00 sys=0.00, real=0.00 secs] 
2021-01-21T22:12:06.299+0800: 30.611: [CMS-concurrent-reset-start]
2021-01-21T22:12:06.300+0800: 30.612: [CMS-concurrent-reset: 0.000/0.000 secs] [Times: user=0.00 sys=0.00, real=0.00 secs] 
2021-01-21T22:12:06.311+0800: 30.623: [GC (Allocation Failure) 2021-01-21T22:12:06.311+0800: 30.623: [ParNew: 156887K->156887K(157248K), 0.0003323 secs]2021-01-21T22:12:06.312+0800: 30.624: [CMS: 347962K->349439K(349568K), 0.0500546 secs] 504850K->375931K(506816K), [Metaspace: 2816K->2816K(1056768K)], 0.0517947 secs] [Times: user=0.05 sys=0.00, real=0.05 secs] 
2021-01-21T22:12:06.363+0800: 30.675: [GC (CMS Initial Mark) [1 CMS-initial-mark: 349439K(349568K)] 379346K(506816K), 0.0013504 secs] [Times: user=0.00 sys=0.00, real=0.00 secs] 
2021-01-21T22:12:06.365+0800: 30.677: [CMS-concurrent-mark-start]
2021-01-21T22:12:06.367+0800: 30.679: [CMS-concurrent-mark: 0.002/0.002 secs] [Times: user=0.00 sys=0.00, real=0.00 secs] 
2021-01-21T22:12:06.368+0800: 30.680: [CMS-concurrent-preclean-start]
2021-01-21T22:12:06.369+0800: 30.681: [CMS-concurrent-preclean: 0.001/0.001 secs] [Times: user=0.00 sys=0.00, real=0.01 secs] 
2021-01-21T22:12:06.369+0800: 30.681: [CMS-concurrent-abortable-preclean-start]
2021-01-21T22:12:06.369+0800: 30.681: [CMS-concurrent-abortable-preclean: 0.000/0.000 secs] [Times: user=0.00 sys=0.00, real=0.00 secs] 
2021-01-21T22:12:06.370+0800: 30.682: [GC (CMS Final Remark) [YG occupancy: 61343 K (157248 K)]2021-01-21T22:12:06.370+0800: 30.682: [Rescan (parallel) , 0.0007367 secs]2021-01-21T22:12:06.371+0800: 30.683: [weak refs processing, 0.0003246 secs]2021-01-21T22:12:06.372+0800: 30.684: [class unloading, 0.0006757 secs]2021-01-21T22:12:06.373+0800: 30.685: [scrub symbol table, 0.0005938 secs]2021-01-21T22:12:06.373+0800: 30.685: [scrub string table, 0.0003950 secs][1 CMS-remark: 349439K(349568K)] 410782K(506816K), 0.0044962 secs] [Times: user=0.00 sys=0.00, real=0.00 secs] 
2021-01-21T22:12:06.375+0800: 30.687: [CMS-concurrent-sweep-start]
2021-01-21T22:12:06.375+0800: 30.687: [CMS-concurrent-sweep: 0.000/0.000 secs] [Times: user=0.00 sys=0.00, real=0.00 secs] 
2021-01-21T22:12:06.375+0800: 30.687: [CMS-concurrent-reset-start]
2021-01-21T22:12:06.375+0800: 30.688: [CMS-concurrent-reset: 0.000/0.000 secs] [Times: user=0.00 sys=0.00, real=0.00 secs] 
2021-01-21T22:12:06.387+0800: 30.699: [GC (Allocation Failure) 2021-01-21T22:12:06.387+0800: 30.699: [ParNew: 157059K->157059K(157248K), 0.0003786 secs]2021-01-21T22:12:06.388+0800: 30.700: [CMS: 348492K->349541K(349568K), 0.0500699 secs] 505552K->369542K(506816K), [Metaspace: 2816K->2816K(1056768K)], 0.0518025 secs] [Times: user=0.05 sys=0.00, real=0.06 secs] 
2021-01-21T22:12:06.439+0800: 30.751: [GC (CMS Initial Mark) [1 CMS-initial-mark: 349541K(349568K)] 372683K(506816K), 0.0010177 secs] [Times: user=0.00 sys=0.00, real=0.00 secs] 
2021-01-21T22:12:06.441+0800: 30.753: [CMS-concurrent-mark-start]
2021-01-21T22:12:06.442+0800: 30.754: [CMS-concurrent-mark: 0.001/0.001 secs] [Times: user=0.00 sys=0.00, real=0.00 secs] 
2021-01-21T22:12:06.442+0800: 30.754: [CMS-concurrent-preclean-start]
2021-01-21T22:12:06.443+0800: 30.755: [CMS-concurrent-preclean: 0.001/0.001 secs] [Times: user=0.00 sys=0.00, real=0.00 secs] 
2021-01-21T22:12:06.444+0800: 30.756: [CMS-concurrent-abortable-preclean-start]
2021-01-21T22:12:06.444+0800: 30.756: [CMS-concurrent-abortable-preclean: 0.000/0.000 secs] [Times: user=0.00 sys=0.00, real=0.00 secs] 
2021-01-21T22:12:06.444+0800: 30.756: [GC (CMS Final Remark) [YG occupancy: 50824 K (157248 K)]2021-01-21T22:12:06.445+0800: 30.757: [Rescan (parallel) , 0.0012580 secs]2021-01-21T22:12:06.446+0800: 30.758: [weak refs processing, 0.0002585 secs]2021-01-21T22:12:06.447+0800: 30.759: [class unloading, 0.0003775 secs]2021-01-21T22:12:06.448+0800: 30.760: [scrub symbol table, 0.0005502 secs]2021-01-21T22:12:06.448+0800: 30.760: [scrub string table, 0.0003727 secs][1 CMS-remark: 349541K(349568K)] 400366K(506816K), 0.0045534 secs] [Times: user=0.00 sys=0.00, real=0.01 secs] 
2021-01-21T22:12:06.450+0800: 30.762: [CMS-concurrent-sweep-start]
2021-01-21T22:12:06.450+0800: 30.762: [CMS-concurrent-sweep: 0.000/0.000 secs] [Times: user=0.00 sys=0.00, real=0.00 secs] 
2021-01-21T22:12:06.450+0800: 30.762: [CMS-concurrent-reset-start]
2021-01-21T22:12:06.450+0800: 30.762: [CMS-concurrent-reset: 0.000/0.000 secs] [Times: user=0.00 sys=0.00, real=0.00 secs] 
2021-01-21T22:12:06.464+0800: 30.776: [GC (Allocation Failure) 2021-01-21T22:12:06.464+0800: 30.776: [ParNew: 157171K->157171K(157248K), 0.0003585 secs]2021-01-21T22:12:06.465+0800: 30.777: [CMS: 348034K->349418K(349568K), 0.0510964 secs] 505206K->367031K(506816K), [Metaspace: 2816K->2816K(1056768K)], 0.0527370 secs] [Times: user=0.06 sys=0.00, real=0.05 secs] 
2021-01-21T22:12:06.517+0800: 30.830: [GC (CMS Initial Mark) [1 CMS-initial-mark: 349418K(349568K)] 369932K(506816K), 0.0013671 secs] [Times: user=0.00 sys=0.00, real=0.01 secs] 
2021-01-21T22:12:06.520+0800: 30.832: [CMS-concurrent-mark-start]
2021-01-21T22:12:06.521+0800: 30.833: [CMS-concurrent-mark: 0.001/0.001 secs] [Times: user=0.00 sys=0.00, real=0.00 secs] 
2021-01-21T22:12:06.521+0800: 30.833: [CMS-concurrent-preclean-start]
2021-01-21T22:12:06.522+0800: 30.834: [CMS-concurrent-preclean: 0.001/0.001 secs] [Times: user=0.00 sys=0.00, real=0.00 secs] 
2021-01-21T22:12:06.523+0800: 30.835: [CMS-concurrent-abortable-preclean-start]
2021-01-21T22:12:06.523+0800: 30.835: [CMS-concurrent-abortable-preclean: 0.000/0.000 secs] [Times: user=0.00 sys=0.00, real=0.00 secs] 
2021-01-21T22:12:06.523+0800: 30.835: [GC (CMS Final Remark) [YG occupancy: 51432 K (157248 K)]2021-01-21T22:12:06.524+0800: 30.836: [Rescan (parallel) , 0.0008477 secs]2021-01-21T22:12:06.525+0800: 30.837: [weak refs processing, 0.0003149 secs]2021-01-21T22:12:06.525+0800: 30.838: [class unloading, 0.0006234 secs]2021-01-21T22:12:06.526+0800: 30.838: [scrub symbol table, 0.0004589 secs]2021-01-21T22:12:06.527+0800: 30.839: [scrub string table, 0.0003179 secs][1 CMS-remark: 349418K(349568K)] 400851K(506816K), 0.0042357 secs] [Times: user=0.00 sys=0.00, real=0.00 secs] 
2021-01-21T22:12:06.528+0800: 30.840: [CMS-concurrent-sweep-start]
2021-01-21T22:12:06.528+0800: 30.840: [CMS-concurrent-sweep: 0.000/0.000 secs] [Times: user=0.00 sys=0.00, real=0.01 secs] 
2021-01-21T22:12:06.529+0800: 30.841: [CMS-concurrent-reset-start]
2021-01-21T22:12:06.529+0800: 30.841: [CMS-concurrent-reset: 0.000/0.000 secs] [Times: user=0.00 sys=0.00, real=0.00 secs] 
2021-01-21T22:12:06.541+0800: 30.853: [GC (Allocation Failure) 2021-01-21T22:12:06.541+0800: 30.853: [ParNew: 157224K->157224K(157248K), 0.0003598 secs]2021-01-21T22:12:06.542+0800: 30.854: [CMS: 349232K->349415K(349568K), 0.0495359 secs] 506456K->376818K(506816K), [Metaspace: 2816K->2816K(1056768K)], 0.0511939 secs] [Times: user=0.05 sys=0.00, real=0.05 secs] 
2021-01-21T22:12:06.593+0800: 30.905: [GC (CMS Initial Mark) [1 CMS-initial-mark: 349415K(349568K)] 379763K(506816K), 0.0011429 secs] [Times: user=0.00 sys=0.00, real=0.00 secs] 
2021-01-21T22:12:06.594+0800: 30.906: [CMS-concurrent-mark-start]
2021-01-21T22:12:06.596+0800: 30.908: [CMS-concurrent-mark: 0.002/0.002 secs] [Times: user=0.01 sys=0.00, real=0.00 secs] 
2021-01-21T22:12:06.597+0800: 30.909: [CMS-concurrent-preclean-start]
2021-01-21T22:12:06.598+0800: 30.910: [CMS-concurrent-preclean: 0.001/0.001 secs] [Times: user=0.00 sys=0.00, real=0.00 secs] 
2021-01-21T22:12:06.598+0800: 30.910: [CMS-concurrent-abortable-preclean-start]
2021-01-21T22:12:06.598+0800: 30.910: [CMS-concurrent-abortable-preclean: 0.000/0.000 secs] [Times: user=0.00 sys=0.00, real=0.00 secs] 
2021-01-21T22:12:06.599+0800: 30.911: [GC (CMS Final Remark) [YG occupancy: 55037 K (157248 K)]2021-01-21T22:12:06.599+0800: 30.911: [Rescan (parallel) , 0.0010434 secs]2021-01-21T22:12:06.600+0800: 30.913: [weak refs processing, 0.0003016 secs]2021-01-21T22:12:06.601+0800: 30.913: [class unloading, 0.0005847 secs]2021-01-21T22:12:06.602+0800: 30.914: [scrub symbol table, 0.0005577 secs]2021-01-21T22:12:06.603+0800: 30.915: [scrub string table, 0.0004118 secs][1 CMS-remark: 349415K(349568K)] 404453K(506816K), 0.0047553 secs] [Times: user=0.01 sys=0.00, real=0.00 secs] 
2021-01-21T22:12:06.604+0800: 30.916: [CMS-concurrent-sweep-start]
2021-01-21T22:12:06.604+0800: 30.916: [CMS-concurrent-sweep: 0.000/0.000 secs] [Times: user=0.00 sys=0.00, real=0.00 secs] 
2021-01-21T22:12:06.605+0800: 30.917: [CMS-concurrent-reset-start]
2021-01-21T22:12:06.605+0800: 30.917: [CMS-concurrent-reset: 0.000/0.000 secs] [Times: user=0.00 sys=0.00, real=0.00 secs] 
2021-01-21T22:12:06.617+0800: 30.930: [GC (Allocation Failure) 2021-01-21T22:12:06.618+0800: 30.930: [ParNew: 157132K->157132K(157248K), 0.0003384 secs]2021-01-21T22:12:06.619+0800: 30.931: [CMS: 349394K->349254K(349568K), 0.0508018 secs] 506526K->383429K(506816K), [Metaspace: 2816K->2816K(1056768K)], 0.0523633 secs] [Times: user=0.05 sys=0.00, real=0.06 secs] 
2021-01-21T22:12:06.671+0800: 30.983: [GC (CMS Initial Mark) [1 CMS-initial-mark: 349254K(349568K)] 386231K(506816K), 0.0011420 secs] [Times: user=0.00 sys=0.00, real=0.00 secs] 
2021-01-21T22:12:06.673+0800: 30.985: [CMS-concurrent-mark-start]
2021-01-21T22:12:06.674+0800: 30.986: [CMS-concurrent-mark: 0.001/0.001 secs] [Times: user=0.01 sys=0.00, real=0.00 secs] 
2021-01-21T22:12:06.674+0800: 30.986: [CMS-concurrent-preclean-start]
2021-01-21T22:12:06.675+0800: 30.987: [CMS-concurrent-preclean: 0.001/0.001 secs] [Times: user=0.00 sys=0.00, real=0.00 secs] 
2021-01-21T22:12:06.676+0800: 30.988: [CMS-concurrent-abortable-preclean-start]
2021-01-21T22:12:06.676+0800: 30.988: [CMS-concurrent-abortable-preclean: 0.000/0.000 secs] [Times: user=0.00 sys=0.00, real=0.00 secs] 
2021-01-21T22:12:06.676+0800: 30.988: [GC (CMS Final Remark) [YG occupancy: 61346 K (157248 K)]2021-01-21T22:12:06.676+0800: 30.988: [Rescan (parallel) , 0.0010194 secs]2021-01-21T22:12:06.678+0800: 30.990: [weak refs processing, 0.0002471 secs]2021-01-21T22:12:06.678+0800: 30.990: [class unloading, 0.0005260 secs]2021-01-21T22:12:06.679+0800: 30.991: [scrub symbol table, 0.0006289 secs]2021-01-21T22:12:06.680+0800: 30.992: [scrub string table, 0.0003912 secs][1 CMS-remark: 349254K(349568K)] 410600K(506816K), 0.0044188 secs] [Times: user=0.01 sys=0.00, real=0.01 secs] 
2021-01-21T22:12:06.681+0800: 30.993: [CMS-concurrent-sweep-start]
2021-01-21T22:12:06.681+0800: 30.993: [CMS-concurrent-sweep: 0.000/0.000 secs] [Times: user=0.00 sys=0.00, real=0.00 secs] 
2021-01-21T22:12:06.682+0800: 30.994: [CMS-concurrent-reset-start]
2021-01-21T22:12:06.682+0800: 30.994: [CMS-concurrent-reset: 0.000/0.000 secs] [Times: user=0.00 sys=0.00, real=0.00 secs] 
2021-01-21T22:12:06.695+0800: 31.007: [GC (Allocation Failure) 2021-01-21T22:12:06.695+0800: 31.007: [ParNew: 157177K->157177K(157248K), 0.0003581 secs]2021-01-21T22:12:06.696+0800: 31.008: [CMS: 349160K->349522K(349568K), 0.0493374 secs] 506337K->384740K(506816K), [Metaspace: 2816K->2816K(1056768K)], 0.0509278 secs] [Times: user=0.05 sys=0.00, real=0.05 secs] 
2021-01-21T22:12:06.747+0800: 31.059: [GC (CMS Initial Mark) [1 CMS-initial-mark: 349522K(349568K)] 387637K(506816K), 0.0011910 secs] [Times: user=0.00 sys=0.00, real=0.01 secs] 
2021-01-21T22:12:06.749+0800: 31.061: [CMS-concurrent-mark-start]
2021-01-21T22:12:06.750+0800: 31.062: [CMS-concurrent-mark: 0.002/0.002 secs] [Times: user=0.00 sys=0.00, real=0.00 secs] 
2021-01-21T22:12:06.751+0800: 31.063: [CMS-concurrent-preclean-start]
2021-01-21T22:12:06.752+0800: 31.064: [CMS-concurrent-preclean: 0.001/0.001 secs] [Times: user=0.00 sys=0.00, real=0.00 secs] 
2021-01-21T22:12:06.752+0800: 31.064: [CMS-concurrent-abortable-preclean-start]
2021-01-21T22:12:06.752+0800: 31.064: [CMS-concurrent-abortable-preclean: 0.000/0.000 secs] [Times: user=0.00 sys=0.00, real=0.00 secs] 
2021-01-21T22:12:06.753+0800: 31.065: [GC (CMS Final Remark) [YG occupancy: 63081 K (157248 K)]2021-01-21T22:12:06.753+0800: 31.065: [Rescan (parallel) , 0.0006683 secs]2021-01-21T22:12:06.754+0800: 31.066: [weak refs processing, 0.0003383 secs]2021-01-21T22:12:06.755+0800: 31.067: [class unloading, 0.0004538 secs]2021-01-21T22:12:06.755+0800: 31.067: [scrub symbol table, 0.0004849 secs]2021-01-21T22:12:06.756+0800: 31.068: [scrub string table, 0.0003659 secs][1 CMS-remark: 349522K(349568K)] 412604K(506816K), 0.0041204 secs] [Times: user=0.00 sys=0.00, real=0.00 secs] 
2021-01-21T22:12:06.757+0800: 31.069: [CMS-concurrent-sweep-start]
2021-01-21T22:12:06.758+0800: 31.070: [CMS-concurrent-sweep: 0.000/0.000 secs] [Times: user=0.00 sys=0.00, real=0.00 secs] 
2021-01-21T22:12:06.758+0800: 31.070: [CMS-concurrent-reset-start]
2021-01-21T22:12:06.758+0800: 31.070: [CMS-concurrent-reset: 0.000/0.000 secs] [Times: user=0.00 sys=0.00, real=0.00 secs] 
2021-01-21T22:12:06.769+0800: 31.081: [GC (Allocation Failure) 2021-01-21T22:12:06.769+0800: 31.082: [ParNew: 157242K->157242K(157248K), 0.0003281 secs]2021-01-21T22:12:06.770+0800: 31.082: [CMS: 348100K->349439K(349568K), 0.0498450 secs] 505343K->383536K(506816K), [Metaspace: 2816K->2816K(1056768K)], 0.0513846 secs] [Times: user=0.05 sys=0.00, real=0.05 secs] 
2021-01-21T22:12:06.821+0800: 31.133: [GC (CMS Initial Mark) [1 CMS-initial-mark: 349439K(349568K)] 386087K(506816K), 0.0013635 secs] [Times: user=0.00 sys=0.00, real=0.00 secs] 
2021-01-21T22:12:06.824+0800: 31.136: [CMS-concurrent-mark-start]
2021-01-21T22:12:06.825+0800: 31.137: [CMS-concurrent-mark: 0.001/0.001 secs] [Times: user=0.00 sys=0.00, real=0.00 secs] 
2021-01-21T22:12:06.825+0800: 31.137: [CMS-concurrent-preclean-start]
2021-01-21T22:12:06.826+0800: 31.138: [CMS-concurrent-preclean: 0.001/0.001 secs] [Times: user=0.00 sys=0.00, real=0.00 secs] 
2021-01-21T22:12:06.827+0800: 31.139: [CMS-concurrent-abortable-preclean-start]
2021-01-21T22:12:06.827+0800: 31.139: [CMS-concurrent-abortable-preclean: 0.000/0.000 secs] [Times: user=0.00 sys=0.00, real=0.00 secs] 
2021-01-21T22:12:06.828+0800: 31.140: [GC (CMS Final Remark) [YG occupancy: 62585 K (157248 K)]2021-01-21T22:12:06.828+0800: 31.140: [Rescan (parallel) , 0.0009542 secs]2021-01-21T22:12:06.829+0800: 31.141: [weak refs processing, 0.0002558 secs]2021-01-21T22:12:06.830+0800: 31.142: [class unloading, 0.0007747 secs]2021-01-21T22:12:06.831+0800: 31.143: [scrub symbol table, 0.0005967 secs]2021-01-21T22:12:06.832+0800: 31.144: [scrub string table, 0.0006667 secs][1 CMS-remark: 349439K(349568K)] 412024K(506816K), 0.0053124 secs] [Times: user=0.00 sys=0.00, real=0.01 secs] 
2021-01-21T22:12:06.834+0800: 31.146: [CMS-concurrent-sweep-start]
2021-01-21T22:12:06.834+0800: 31.146: [CMS-concurrent-sweep: 0.000/0.000 secs] [Times: user=0.00 sys=0.00, real=0.00 secs] 
2021-01-21T22:12:06.835+0800: 31.147: [CMS-concurrent-reset-start]
2021-01-21T22:12:06.835+0800: 31.147: [CMS-concurrent-reset: 0.000/0.000 secs] [Times: user=0.00 sys=0.00, real=0.00 secs] 
2021-01-21T22:12:06.845+0800: 31.157: [GC (Allocation Failure) 2021-01-21T22:12:06.845+0800: 31.157: [ParNew: 157061K->157061K(157248K), 0.0003116 secs]2021-01-21T22:12:06.846+0800: 31.158: [CMS: 348390K->349086K(349568K), 0.0514563 secs] 505451K->383817K(506816K), [Metaspace: 2816K->2816K(1056768K)], 0.0532274 secs] [Times: user=0.05 sys=0.00, real=0.06 secs] 
2021-01-21T22:12:06.899+0800: 31.211: [GC (CMS Initial Mark) [1 CMS-initial-mark: 349086K(349568K)] 386929K(506816K), 0.0013772 secs] [Times: user=0.00 sys=0.00, real=0.00 secs] 
2021-01-21T22:12:06.901+0800: 31.213: [CMS-concurrent-mark-start]
2021-01-21T22:12:06.903+0800: 31.215: [CMS-concurrent-mark: 0.001/0.001 secs] [Times: user=0.00 sys=0.00, real=0.00 secs] 
2021-01-21T22:12:06.903+0800: 31.215: [CMS-concurrent-preclean-start]
2021-01-21T22:12:06.904+0800: 31.216: [CMS-concurrent-preclean: 0.001/0.001 secs] [Times: user=0.00 sys=0.00, real=0.00 secs] 
2021-01-21T22:12:06.904+0800: 31.216: [CMS-concurrent-abortable-preclean-start]
2021-01-21T22:12:06.904+0800: 31.216: [CMS-concurrent-abortable-preclean: 0.000/0.000 secs] [Times: user=0.00 sys=0.00, real=0.00 secs] 
2021-01-21T22:12:06.905+0800: 31.217: [GC (CMS Final Remark) [YG occupancy: 64495 K (157248 K)]2021-01-21T22:12:06.905+0800: 31.217: [Rescan (parallel) , 0.0010957 secs]2021-01-21T22:12:06.907+0800: 31.219: [weak refs processing, 0.0002739 secs]2021-01-21T22:12:06.907+0800: 31.219: [class unloading, 0.0004009 secs]2021-01-21T22:12:06.908+0800: 31.220: [scrub symbol table, 0.0005544 secs]2021-01-21T22:12:06.909+0800: 31.221: [scrub string table, 0.0004431 secs][1 CMS-remark: 349086K(349568K)] 413581K(506816K), 0.0044288 secs] [Times: user=0.01 sys=0.00, real=0.01 secs] 
2021-01-21T22:12:06.910+0800: 31.222: [CMS-concurrent-sweep-start]
2021-01-21T22:12:06.910+0800: 31.222: [CMS-concurrent-sweep: 0.000/0.000 secs] [Times: user=0.00 sys=0.00, real=0.00 secs] 
2021-01-21T22:12:06.911+0800: 31.223: [CMS-concurrent-reset-start]
2021-01-21T22:12:06.911+0800: 31.223: [CMS-concurrent-reset: 0.000/0.000 secs] [Times: user=0.00 sys=0.00, real=0.00 secs] 
2021-01-21T22:12:06.921+0800: 31.233: [GC (Allocation Failure) 2021-01-21T22:12:06.921+0800: 31.233: [ParNew: 156932K->156932K(157248K), 0.0003264 secs]2021-01-21T22:12:06.922+0800: 31.234: [CMS: 348757K->349525K(349568K), 0.0509000 secs] 505689K->385930K(506816K), [Metaspace: 2816K->2816K(1056768K)], 0.0524662 secs] [Times: user=0.05 sys=0.00, real=0.05 secs] 
2021-01-21T22:12:06.974+0800: 31.286: [GC (CMS Initial Mark) [1 CMS-initial-mark: 349525K(349568K)] 389560K(506816K), 0.0013288 secs] [Times: user=0.00 sys=0.00, real=0.00 secs] 
2021-01-21T22:12:06.976+0800: 31.288: [CMS-concurrent-mark-start]
2021-01-21T22:12:06.977+0800: 31.290: [CMS-concurrent-mark: 0.001/0.001 secs] [Times: user=0.01 sys=0.00, real=0.00 secs] 
2021-01-21T22:12:06.978+0800: 31.290: [CMS-concurrent-preclean-start]
2021-01-21T22:12:06.979+0800: 31.291: [CMS-concurrent-preclean: 0.001/0.001 secs] [Times: user=0.00 sys=0.00, real=0.01 secs] 
2021-01-21T22:12:06.980+0800: 31.292: [CMS-concurrent-abortable-preclean-start]
2021-01-21T22:12:06.980+0800: 31.292: [CMS-concurrent-abortable-preclean: 0.000/0.000 secs] [Times: user=0.00 sys=0.00, real=0.00 secs] 
2021-01-21T22:12:06.980+0800: 31.292: [GC (CMS Final Remark) [YG occupancy: 65489 K (157248 K)]2021-01-21T22:12:06.980+0800: 31.292: [Rescan (parallel) , 0.0012337 secs]2021-01-21T22:12:06.982+0800: 31.294: [weak refs processing, 0.0004838 secs]2021-01-21T22:12:06.983+0800: 31.295: [class unloading, 0.0004357 secs]2021-01-21T22:12:06.984+0800: 31.296: [scrub symbol table, 0.0005377 secs]2021-01-21T22:12:06.984+0800: 31.296: [scrub string table, 0.0004045 secs][1 CMS-remark: 349525K(349568K)] 415014K(506816K), 0.0048878 secs] [Times: user=0.01 sys=0.00, real=0.00 secs] 
2021-01-21T22:12:06.986+0800: 31.298: [CMS-concurrent-sweep-start]
2021-01-21T22:12:06.986+0800: 31.298: [CMS-concurrent-sweep: 0.000/0.000 secs] [Times: user=0.00 sys=0.00, real=0.00 secs] 
2021-01-21T22:12:06.986+0800: 31.298: [CMS-concurrent-reset-start]
2021-01-21T22:12:06.986+0800: 31.298: [CMS-concurrent-reset: 0.000/0.000 secs] [Times: user=0.00 sys=0.00, real=0.00 secs] 
2021-01-21T22:12:06.996+0800: 31.308: [GC (Allocation Failure) 2021-01-21T22:12:06.997+0800: 31.309: [ParNew: 157226K->157226K(157248K), 0.0003409 secs]2021-01-21T22:12:06.998+0800: 31.310: [CMS: 346715K->349104K(349568K), 0.0474047 secs] 503942K->384632K(506816K), [Metaspace: 2816K->2816K(1056768K)], 0.0491655 secs] [Times: user=0.05 sys=0.00, real=0.05 secs] 
2021-01-21T22:12:07.046+0800: 31.359: [GC (CMS Initial Mark) [1 CMS-initial-mark: 349104K(349568K)] 387276K(506816K), 0.0015744 secs] [Times: user=0.00 sys=0.00, real=0.01 secs] 
2021-01-21T22:12:07.049+0800: 31.361: [CMS-concurrent-mark-start]
2021-01-21T22:12:07.050+0800: 31.362: [CMS-concurrent-mark: 0.001/0.001 secs] [Times: user=0.00 sys=0.00, real=0.00 secs] 
2021-01-21T22:12:07.051+0800: 31.363: [CMS-concurrent-preclean-start]
2021-01-21T22:12:07.052+0800: 31.364: [CMS-concurrent-preclean: 0.001/0.001 secs] [Times: user=0.00 sys=0.00, real=0.00 secs] 
2021-01-21T22:12:07.052+0800: 31.364: [CMS-concurrent-abortable-preclean-start]
2021-01-21T22:12:07.052+0800: 31.364: [CMS-concurrent-abortable-preclean: 0.000/0.000 secs] [Times: user=0.00 sys=0.00, real=0.00 secs] 
2021-01-21T22:12:07.053+0800: 31.365: [GC (CMS Final Remark) [YG occupancy: 68933 K (157248 K)]2021-01-21T22:12:07.053+0800: 31.365: [Rescan (parallel) , 0.0007315 secs]2021-01-21T22:12:07.054+0800: 31.366: [weak refs processing, 0.0003165 secs]2021-01-21T22:12:07.055+0800: 31.367: [class unloading, 0.0005057 secs]2021-01-21T22:12:07.056+0800: 31.368: [scrub symbol table, 0.0005514 secs]2021-01-21T22:12:07.057+0800: 31.369: [scrub string table, 0.0004433 secs][1 CMS-remark: 349104K(349568K)] 418038K(506816K), 0.0044482 secs] [Times: user=0.00 sys=0.00, real=0.00 secs] 
2021-01-21T22:12:07.058+0800: 31.370: [CMS-concurrent-sweep-start]
2021-01-21T22:12:07.058+0800: 31.370: [CMS-concurrent-sweep: 0.000/0.000 secs] [Times: user=0.00 sys=0.00, real=0.01 secs] 
2021-01-21T22:12:07.059+0800: 31.371: [CMS-concurrent-reset-start]
2021-01-21T22:12:07.059+0800: 31.371: [CMS-concurrent-reset: 0.000/0.000 secs] [Times: user=0.00 sys=0.00, real=0.00 secs] 
2021-01-21T22:12:07.070+0800: 31.382: [GC (Allocation Failure) 2021-01-21T22:12:07.070+0800: 31.382: [ParNew: 157122K->157122K(157248K), 0.0003909 secs]2021-01-21T22:12:07.071+0800: 31.383: [CMS: 347839K->349512K(349568K), 0.0538014 secs] 504962K->383664K(506816K), [Metaspace: 2816K->2816K(1056768K)], 0.0555145 secs] [Times: user=0.06 sys=0.00, real=0.05 secs] 
2021-01-21T22:12:07.126+0800: 31.438: [GC (CMS Initial Mark) [1 CMS-initial-mark: 349512K(349568K)] 386496K(506816K), 0.0013983 secs] [Times: user=0.00 sys=0.00, real=0.00 secs] 
2021-01-21T22:12:07.128+0800: 31.441: [CMS-concurrent-mark-start]
2021-01-21T22:12:07.130+0800: 31.442: [CMS-concurrent-mark: 0.002/0.002 secs] [Times: user=0.00 sys=0.00, real=0.00 secs] 
2021-01-21T22:12:07.131+0800: 31.443: [CMS-concurrent-preclean-start]
2021-01-21T22:12:07.131+0800: 31.443: [CMS-concurrent-preclean: 0.001/0.001 secs] [Times: user=0.00 sys=0.00, real=0.00 secs] 
2021-01-21T22:12:07.132+0800: 31.444: [CMS-concurrent-abortable-preclean-start]
2021-01-21T22:12:07.132+0800: 31.444: [CMS-concurrent-abortable-preclean: 0.000/0.000 secs] [Times: user=0.00 sys=0.00, real=0.00 secs] 
2021-01-21T22:12:07.132+0800: 31.444: [GC (CMS Final Remark) [YG occupancy: 62067 K (157248 K)]2021-01-21T22:12:07.133+0800: 31.445: [Rescan (parallel) , 0.0013588 secs]2021-01-21T22:12:07.135+0800: 31.447: [weak refs processing, 0.0002985 secs]2021-01-21T22:12:07.135+0800: 31.447: [class unloading, 0.0004245 secs]2021-01-21T22:12:07.136+0800: 31.448: [scrub symbol table, 0.0005119 secs]2021-01-21T22:12:07.137+0800: 31.449: [scrub string table, 0.0003913 secs][1 CMS-remark: 349512K(349568K)] 411580K(506816K), 0.0048856 secs] [Times: user=0.00 sys=0.00, real=0.00 secs] 
2021-01-21T22:12:07.138+0800: 31.450: [CMS-concurrent-sweep-start]
2021-01-21T22:12:07.138+0800: 31.450: [CMS-concurrent-sweep: 0.000/0.000 secs] [Times: user=0.00 sys=0.00, real=0.01 secs] 
2021-01-21T22:12:07.139+0800: 31.451: [CMS-concurrent-reset-start]
2021-01-21T22:12:07.139+0800: 31.451: [CMS-concurrent-reset: 0.000/0.000 secs] [Times: user=0.00 sys=0.00, real=0.00 secs] 
2021-01-21T22:12:07.150+0800: 31.462: [GC (Allocation Failure) 2021-01-21T22:12:07.151+0800: 31.463: [ParNew: 157147K->157147K(157248K), 0.0003809 secs]2021-01-21T22:12:07.152+0800: 31.464: [CMS: 347430K->349340K(349568K), 0.0502964 secs] 504578K->383175K(506816K), [Metaspace: 2816K->2816K(1056768K)], 0.0519734 secs] [Times: user=0.06 sys=0.00, real=0.05 secs] 
2021-01-21T22:12:07.203+0800: 31.516: [GC (CMS Initial Mark) [1 CMS-initial-mark: 349340K(349568K)] 388493K(506816K), 0.0013211 secs] [Times: user=0.00 sys=0.00, real=0.00 secs] 
2021-01-21T22:12:07.205+0800: 31.518: [CMS-concurrent-mark-start]
2021-01-21T22:12:07.207+0800: 31.519: [CMS-concurrent-mark: 0.001/0.001 secs] [Times: user=0.00 sys=0.00, real=0.00 secs] 
2021-01-21T22:12:07.207+0800: 31.519: [CMS-concurrent-preclean-start]
2021-01-21T22:12:07.208+0800: 31.520: [CMS-concurrent-preclean: 0.001/0.001 secs] [Times: user=0.00 sys=0.00, real=0.01 secs] 
2021-01-21T22:12:07.209+0800: 31.521: [CMS-concurrent-abortable-preclean-start]
2021-01-21T22:12:07.209+0800: 31.521: [CMS-concurrent-abortable-preclean: 0.000/0.000 secs] [Times: user=0.00 sys=0.00, real=0.00 secs] 
2021-01-21T22:12:07.209+0800: 31.521: [GC (CMS Final Remark) [YG occupancy: 62711 K (157248 K)]2021-01-21T22:12:07.210+0800: 31.522: [Rescan (parallel) , 0.0007701 secs]2021-01-21T22:12:07.211+0800: 31.523: [weak refs processing, 0.0004342 secs]2021-01-21T22:12:07.212+0800: 31.524: [class unloading, 0.0004984 secs]2021-01-21T22:12:07.212+0800: 31.525: [scrub symbol table, 0.0010774 secs]2021-01-21T22:12:07.214+0800: 31.526: [scrub string table, 0.0005395 secs][1 CMS-remark: 349340K(349568K)] 412052K(506816K), 0.0055123 secs] [Times: user=0.00 sys=0.00, real=0.00 secs] 
2021-01-21T22:12:07.216+0800: 31.528: [CMS-concurrent-sweep-start]
2021-01-21T22:12:07.216+0800: 31.528: [CMS-concurrent-sweep: 0.000/0.000 secs] [Times: user=0.00 sys=0.00, real=0.00 secs] 
2021-01-21T22:12:07.216+0800: 31.528: [CMS-concurrent-reset-start]
2021-01-21T22:12:07.217+0800: 31.529: [CMS-concurrent-reset: 0.000/0.000 secs] [Times: user=0.00 sys=0.00, real=0.00 secs] 
2021-01-21T22:12:07.227+0800: 31.539: [GC (Allocation Failure) 2021-01-21T22:12:07.227+0800: 31.539: [ParNew: 157216K->157216K(157248K), 0.0003349 secs]2021-01-21T22:12:07.228+0800: 31.540: [CMS: 348435K->349487K(349568K), 0.0560123 secs] 505652K->379617K(506816K), [Metaspace: 2816K->2816K(1056768K)], 0.0575537 secs] [Times: user=0.05 sys=0.01, real=0.06 secs] 
2021-01-21T22:12:07.285+0800: 31.597: [GC (CMS Initial Mark) [1 CMS-initial-mark: 349487K(349568K)] 382597K(506816K), 0.0010056 secs] [Times: user=0.00 sys=0.00, real=0.00 secs] 
2021-01-21T22:12:07.286+0800: 31.598: [CMS-concurrent-mark-start]
2021-01-21T22:12:07.287+0800: 31.600: [CMS-concurrent-mark: 0.001/0.001 secs] [Times: user=0.00 sys=0.00, real=0.00 secs] 
2021-01-21T22:12:07.288+0800: 31.600: [CMS-concurrent-preclean-start]
2021-01-21T22:12:07.289+0800: 31.601: [CMS-concurrent-preclean: 0.001/0.001 secs] [Times: user=0.01 sys=0.00, real=0.01 secs] 
2021-01-21T22:12:07.289+0800: 31.601: [CMS-concurrent-abortable-preclean-start]
2021-01-21T22:12:07.289+0800: 31.601: [CMS-concurrent-abortable-preclean: 0.000/0.000 secs] [Times: user=0.00 sys=0.00, real=0.00 secs] 
2021-01-21T22:12:07.289+0800: 31.601: [GC (CMS Final Remark) [YG occupancy: 55128 K (157248 K)]2021-01-21T22:12:07.290+0800: 31.602: [Rescan (parallel) , 0.0063045 secs]2021-01-21T22:12:07.296+0800: 31.608: [weak refs processing, 0.0004185 secs]2021-01-21T22:12:07.297+0800: 31.609: [class unloading, 0.0007874 secs]2021-01-21T22:12:07.298+0800: 31.610: [scrub symbol table, 0.0007839 secs]2021-01-21T22:12:07.299+0800: 31.611: [scrub string table, 0.0005271 secs][1 CMS-remark: 349487K(349568K)] 404616K(506816K), 0.0106003 secs] [Times: user=0.04 sys=0.00, real=0.01 secs] 
2021-01-21T22:12:07.301+0800: 31.613: [CMS-concurrent-sweep-start]
2021-01-21T22:12:07.301+0800: 31.613: [CMS-concurrent-sweep: 0.000/0.000 secs] [Times: user=0.00 sys=0.00, real=0.00 secs] 
2021-01-21T22:12:07.302+0800: 31.614: [CMS-concurrent-reset-start]
2021-01-21T22:12:07.302+0800: 31.614: [CMS-concurrent-reset: 0.000/0.000 secs] [Times: user=0.00 sys=0.00, real=0.00 secs] 
2021-01-21T22:12:07.315+0800: 31.627: [GC (Allocation Failure) 2021-01-21T22:12:07.316+0800: 31.628: [ParNew: 157247K->157247K(157248K), 0.0002166 secs]2021-01-21T22:12:07.316+0800: 31.628: [CMS: 349318K->349561K(349568K), 0.0500798 secs] 506565K->378250K(506816K), [Metaspace: 2816K->2816K(1056768K)], 0.0515610 secs] [Times: user=0.05 sys=0.00, real=0.05 secs] 
2021-01-21T22:12:07.368+0800: 31.680: [GC (CMS Initial Mark) [1 CMS-initial-mark: 349561K(349568K)] 380943K(506816K), 0.0013145 secs] [Times: user=0.00 sys=0.00, real=0.01 secs] 
2021-01-21T22:12:07.370+0800: 31.682: [CMS-concurrent-mark-start]
2021-01-21T22:12:07.372+0800: 31.684: [CMS-concurrent-mark: 0.002/0.002 secs] [Times: user=0.01 sys=0.00, real=0.00 secs] 
2021-01-21T22:12:07.372+0800: 31.684: [CMS-concurrent-preclean-start]
2021-01-21T22:12:07.373+0800: 31.685: [CMS-concurrent-preclean: 0.001/0.001 secs] [Times: user=0.00 sys=0.00, real=0.00 secs] 
2021-01-21T22:12:07.374+0800: 31.686: [CMS-concurrent-abortable-preclean-start]
2021-01-21T22:12:07.374+0800: 31.686: [CMS-concurrent-abortable-preclean: 0.000/0.000 secs] [Times: user=0.00 sys=0.00, real=0.00 secs] 
2021-01-21T22:12:07.374+0800: 31.686: [GC (CMS Final Remark) [YG occupancy: 59169 K (157248 K)]2021-01-21T22:12:07.375+0800: 31.687: [Rescan (parallel) , 0.0010591 secs]2021-01-21T22:12:07.376+0800: 31.688: [weak refs processing, 0.0002987 secs]2021-01-21T22:12:07.377+0800: 31.689: [class unloading, 0.0004487 secs]2021-01-21T22:12:07.377+0800: 31.689: [scrub symbol table, 0.0005588 secs]2021-01-21T22:12:07.378+0800: 31.690: [scrub string table, 0.0003957 secs][1 CMS-remark: 349561K(349568K)] 408730K(506816K), 0.0045244 secs] [Times: user=0.01 sys=0.00, real=0.01 secs] 
2021-01-21T22:12:07.380+0800: 31.692: [CMS-concurrent-sweep-start]
2021-01-21T22:12:07.380+0800: 31.692: [CMS-concurrent-sweep: 0.000/0.000 secs] [Times: user=0.00 sys=0.00, real=0.00 secs] 
2021-01-21T22:12:07.380+0800: 31.692: [CMS-concurrent-reset-start]
2021-01-21T22:12:07.380+0800: 31.692: [CMS-concurrent-reset: 0.000/0.000 secs] [Times: user=0.00 sys=0.00, real=0.00 secs] 
2021-01-21T22:12:07.393+0800: 31.705: [GC (Allocation Failure) 2021-01-21T22:12:07.394+0800: 31.706: [ParNew: 157246K->157246K(157248K), 0.0003965 secs]2021-01-21T22:12:07.394+0800: 31.706: [CMS: 348002K->349393K(349568K), 0.0501011 secs] 505248K->377980K(506816K), [Metaspace: 2816K->2816K(1056768K)], 0.0519247 secs] [Times: user=0.05 sys=0.00, real=0.05 secs] 
2021-01-21T22:12:07.446+0800: 31.758: [GC (CMS Initial Mark) [1 CMS-initial-mark: 349393K(349568K)] 380500K(506816K), 0.0012725 secs] [Times: user=0.00 sys=0.00, real=0.00 secs] 
2021-01-21T22:12:07.448+0800: 31.760: [CMS-concurrent-mark-start]
2021-01-21T22:12:07.450+0800: 31.762: [CMS-concurrent-mark: 0.002/0.002 secs] [Times: user=0.00 sys=0.00, real=0.01 secs] 
2021-01-21T22:12:07.450+0800: 31.762: [CMS-concurrent-preclean-start]
2021-01-21T22:12:07.451+0800: 31.763: [CMS-concurrent-preclean: 0.001/0.001 secs] [Times: user=0.00 sys=0.00, real=0.00 secs] 
2021-01-21T22:12:07.452+0800: 31.764: [CMS-concurrent-abortable-preclean-start]
2021-01-21T22:12:07.452+0800: 31.764: [CMS-concurrent-abortable-preclean: 0.000/0.000 secs] [Times: user=0.00 sys=0.00, real=0.00 secs] 
2021-01-21T22:12:07.452+0800: 31.764: [GC (CMS Final Remark) [YG occupancy: 60547 K (157248 K)]2021-01-21T22:12:07.453+0800: 31.765: [Rescan (parallel) , 0.0012961 secs]2021-01-21T22:12:07.454+0800: 31.766: [weak refs processing, 0.0003639 secs]2021-01-21T22:12:07.455+0800: 31.767: [class unloading, 0.0004580 secs]2021-01-21T22:12:07.456+0800: 31.768: [scrub symbol table, 0.0006250 secs]2021-01-21T22:12:07.457+0800: 31.769: [scrub string table, 0.0004025 secs][1 CMS-remark: 349393K(349568K)] 409941K(506816K), 0.0049433 secs] [Times: user=0.01 sys=0.00, real=0.00 secs] 
2021-01-21T22:12:07.458+0800: 31.770: [CMS-concurrent-sweep-start]
2021-01-21T22:12:07.458+0800: 31.770: [CMS-concurrent-sweep: 0.000/0.000 secs] [Times: user=0.00 sys=0.00, real=0.01 secs] 
2021-01-21T22:12:07.458+0800: 31.771: [CMS-concurrent-reset-start]
2021-01-21T22:12:07.459+0800: 31.771: [CMS-concurrent-reset: 0.000/0.000 secs] [Times: user=0.00 sys=0.00, real=0.00 secs] 
2021-01-21T22:12:07.470+0800: 31.782: [GC (Allocation Failure) 2021-01-21T22:12:07.470+0800: 31.783: [ParNew: 157234K->157234K(157248K), 0.0003250 secs]2021-01-21T22:12:07.471+0800: 31.783: [CMS: 349099K->349017K(349568K), 0.0498951 secs] 506333K->377174K(506816K), [Metaspace: 2816K->2816K(1056768K)], 0.0513489 secs] [Times: user=0.05 sys=0.00, real=0.05 secs] 
2021-01-21T22:12:07.522+0800: 31.834: [GC (CMS Initial Mark) [1 CMS-initial-mark: 349017K(349568K)] 379845K(506816K), 0.0010922 secs] [Times: user=0.00 sys=0.00, real=0.00 secs] 
2021-01-21T22:12:07.524+0800: 31.836: [CMS-concurrent-mark-start]
2021-01-21T22:12:07.525+0800: 31.837: [CMS-concurrent-mark: 0.001/0.001 secs] [Times: user=0.00 sys=0.00, real=0.00 secs] 
2021-01-21T22:12:07.526+0800: 31.838: [CMS-concurrent-preclean-start]
2021-01-21T22:12:07.527+0800: 31.839: [CMS-concurrent-preclean: 0.001/0.001 secs] [Times: user=0.00 sys=0.00, real=0.00 secs] 
2021-01-21T22:12:07.527+0800: 31.839: [CMS-concurrent-abortable-preclean-start]
2021-01-21T22:12:07.527+0800: 31.839: [CMS-concurrent-abortable-preclean: 0.000/0.000 secs] [Times: user=0.00 sys=0.00, real=0.00 secs] 
2021-01-21T22:12:07.528+0800: 31.840: [GC (CMS Final Remark) [YG occupancy: 62087 K (157248 K)]2021-01-21T22:12:07.528+0800: 31.840: [Rescan (parallel) , 0.0013144 secs]2021-01-21T22:12:07.529+0800: 31.842: [weak refs processing, 0.0002981 secs]2021-01-21T22:12:07.530+0800: 31.842: [class unloading, 0.0004475 secs]2021-01-21T22:12:07.531+0800: 31.843: [scrub symbol table, 0.0005713 secs]2021-01-21T22:12:07.532+0800: 31.844: [scrub string table, 0.0004023 secs][1 CMS-remark: 349017K(349568K)] 411105K(506816K), 0.0047279 secs] [Times: user=0.00 sys=0.00, real=0.01 secs] 
2021-01-21T22:12:07.533+0800: 31.845: [CMS-concurrent-sweep-start]
2021-01-21T22:12:07.533+0800: 31.845: [CMS-concurrent-sweep: 0.000/0.000 secs] [Times: user=0.00 sys=0.00, real=0.00 secs] 
2021-01-21T22:12:07.534+0800: 31.846: [CMS-concurrent-reset-start]
2021-01-21T22:12:07.534+0800: 31.846: [CMS-concurrent-reset: 0.000/0.000 secs] [Times: user=0.00 sys=0.00, real=0.00 secs] 
2021-01-21T22:12:07.543+0800: 31.855: [GC (Allocation Failure) 2021-01-21T22:12:07.544+0800: 31.856: [ParNew: 157196K->157196K(157248K), 0.0003325 secs]2021-01-21T22:12:07.544+0800: 31.856: [CMS: 348680K->349377K(349568K), 0.0509650 secs] 505877K->375790K(506816K), [Metaspace: 2816K->2816K(1056768K)], 0.0525526 secs] [Times: user=0.05 sys=0.00, real=0.05 secs] 
2021-01-21T22:12:07.597+0800: 31.909: [GC (CMS Initial Mark) [1 CMS-initial-mark: 349377K(349568K)] 378600K(506816K), 0.0010982 secs] [Times: user=0.00 sys=0.00, real=0.00 secs] 
2021-01-21T22:12:07.598+0800: 31.910: [CMS-concurrent-mark-start]
2021-01-21T22:12:07.600+0800: 31.912: [CMS-concurrent-mark: 0.001/0.001 secs] [Times: user=0.00 sys=0.00, real=0.00 secs] 
2021-01-21T22:12:07.600+0800: 31.912: [CMS-concurrent-preclean-start]
2021-01-21T22:12:07.601+0800: 31.913: [CMS-concurrent-preclean: 0.001/0.001 secs] [Times: user=0.00 sys=0.00, real=0.00 secs] 
2021-01-21T22:12:07.602+0800: 31.914: [CMS-concurrent-abortable-preclean-start]
2021-01-21T22:12:07.602+0800: 31.914: [CMS-concurrent-abortable-preclean: 0.000/0.000 secs] [Times: user=0.00 sys=0.00, real=0.00 secs] 
2021-01-21T22:12:07.602+0800: 31.914: [GC (CMS Final Remark) [YG occupancy: 64249 K (157248 K)]2021-01-21T22:12:07.602+0800: 31.914: [Rescan (parallel) , 0.0011754 secs]2021-01-21T22:12:07.604+0800: 31.916: [weak refs processing, 0.0002690 secs]2021-01-21T22:12:07.604+0800: 31.916: [class unloading, 0.0004022 secs]2021-01-21T22:12:07.605+0800: 31.917: [scrub symbol table, 0.0005320 secs]2021-01-21T22:12:07.606+0800: 31.918: [scrub string table, 0.0004130 secs][1 CMS-remark: 349377K(349568K)] 413626K(506816K), 0.0043598 secs] [Times: user=0.00 sys=0.00, real=0.00 secs] 
2021-01-21T22:12:07.607+0800: 31.919: [CMS-concurrent-sweep-start]
2021-01-21T22:12:07.608+0800: 31.920: [CMS-concurrent-sweep: 0.000/0.000 secs] [Times: user=0.00 sys=0.00, real=0.00 secs] 
2021-01-21T22:12:07.608+0800: 31.920: [CMS-concurrent-reset-start]
2021-01-21T22:12:07.608+0800: 31.920: [CMS-concurrent-reset: 0.000/0.000 secs] [Times: user=0.00 sys=0.00, real=0.01 secs] 
2021-01-21T22:12:07.619+0800: 31.931: [GC (Allocation Failure) 2021-01-21T22:12:07.620+0800: 31.932: [ParNew: 157086K->157086K(157248K), 0.0003512 secs]2021-01-21T22:12:07.621+0800: 31.933: [CMS: 348049K->349461K(349568K), 0.0489842 secs] 505135K->382429K(506816K), [Metaspace: 2816K->2816K(1056768K)], 0.0506762 secs] [Times: user=0.05 sys=0.00, real=0.05 secs] 
2021-01-21T22:12:07.671+0800: 31.983: [GC (CMS Initial Mark) [1 CMS-initial-mark: 349461K(349568K)] 385786K(506816K), 0.0017339 secs] [Times: user=0.01 sys=0.00, real=0.00 secs] 
2021-01-21T22:12:07.674+0800: 31.986: [CMS-concurrent-mark-start]
2021-01-21T22:12:07.675+0800: 31.987: [CMS-concurrent-mark: 0.001/0.001 secs] [Times: user=0.00 sys=0.00, real=0.00 secs] 
2021-01-21T22:12:07.676+0800: 31.988: [CMS-concurrent-preclean-start]
2021-01-21T22:12:07.677+0800: 31.989: [CMS-concurrent-preclean: 0.001/0.001 secs] [Times: user=0.00 sys=0.00, real=0.00 secs] 
2021-01-21T22:12:07.677+0800: 31.989: [CMS-concurrent-abortable-preclean-start]
2021-01-21T22:12:07.677+0800: 31.989: [CMS-concurrent-abortable-preclean: 0.000/0.000 secs] [Times: user=0.00 sys=0.00, real=0.00 secs] 
2021-01-21T22:12:07.678+0800: 31.990: [GC (CMS Final Remark) [YG occupancy: 60040 K (157248 K)]2021-01-21T22:12:07.678+0800: 31.990: [Rescan (parallel) , 0.0013868 secs]2021-01-21T22:12:07.680+0800: 31.992: [weak refs processing, 0.0003053 secs]2021-01-21T22:12:07.680+0800: 31.992: [class unloading, 0.0004408 secs]2021-01-21T22:12:07.681+0800: 31.993: [scrub symbol table, 0.0007010 secs]2021-01-21T22:12:07.682+0800: 31.994: [scrub string table, 0.0005060 secs][1 CMS-remark: 349461K(349568K)] 409501K(506816K), 0.0051221 secs] [Times: user=0.01 sys=0.00, real=0.01 secs] 
2021-01-21T22:12:07.683+0800: 31.996: [CMS-concurrent-sweep-start]
2021-01-21T22:12:07.684+0800: 31.996: [CMS-concurrent-sweep: 0.000/0.000 secs] [Times: user=0.00 sys=0.00, real=0.00 secs] 
2021-01-21T22:12:07.684+0800: 31.996: [CMS-concurrent-reset-start]
2021-01-21T22:12:07.684+0800: 31.996: [CMS-concurrent-reset: 0.000/0.000 secs] [Times: user=0.00 sys=0.00, real=0.00 secs] 
2021-01-21T22:12:07.696+0800: 32.008: [GC (Allocation Failure) 2021-01-21T22:12:07.696+0800: 32.008: [ParNew: 157222K->157222K(157248K), 0.0003513 secs]2021-01-21T22:12:07.697+0800: 32.009: [CMS: 349176K->349300K(349568K), 0.0499988 secs] 506399K->376671K(506816K), [Metaspace: 2816K->2816K(1056768K)], 0.0517063 secs] [Times: user=0.05 sys=0.00, real=0.05 secs] 
2021-01-21T22:12:07.749+0800: 32.061: [GC (CMS Initial Mark) [1 CMS-initial-mark: 349300K(349568K)] 379590K(506816K), 0.0018588 secs] [Times: user=0.00 sys=0.00, real=0.00 secs] 
2021-01-21T22:12:07.751+0800: 32.063: [CMS-concurrent-mark-start]
2021-01-21T22:12:07.753+0800: 32.065: [CMS-concurrent-mark: 0.001/0.001 secs] [Times: user=0.01 sys=0.00, real=0.00 secs] 
2021-01-21T22:12:07.753+0800: 32.065: [CMS-concurrent-preclean-start]
2021-01-21T22:12:07.754+0800: 32.066: [CMS-concurrent-preclean: 0.001/0.001 secs] [Times: user=0.00 sys=0.00, real=0.00 secs] 
2021-01-21T22:12:07.754+0800: 32.067: [CMS-concurrent-abortable-preclean-start]
2021-01-21T22:12:07.754+0800: 32.067: [CMS-concurrent-abortable-preclean: 0.000/0.000 secs] [Times: user=0.00 sys=0.00, real=0.00 secs] 
2021-01-21T22:12:07.755+0800: 32.067: [GC (CMS Final Remark) [YG occupancy: 61595 K (157248 K)]2021-01-21T22:12:07.756+0800: 32.068: [Rescan (parallel) , 0.0013780 secs]2021-01-21T22:12:07.757+0800: 32.069: [weak refs processing, 0.0003176 secs]2021-01-21T22:12:07.758+0800: 32.070: [class unloading, 0.0004715 secs]2021-01-21T22:12:07.759+0800: 32.071: [scrub symbol table, 0.0005382 secs]2021-01-21T22:12:07.759+0800: 32.071: [scrub string table, 0.0004049 secs][1 CMS-remark: 349300K(349568K)] 410895K(506816K), 0.0049070 secs] [Times: user=0.01 sys=0.00, real=0.01 secs] 
2021-01-21T22:12:07.761+0800: 32.073: [CMS-concurrent-sweep-start]
2021-01-21T22:12:07.761+0800: 32.073: [CMS-concurrent-sweep: 0.000/0.000 secs] [Times: user=0.00 sys=0.00, real=0.00 secs] 
2021-01-21T22:12:07.761+0800: 32.073: [CMS-concurrent-reset-start]
2021-01-21T22:12:07.762+0800: 32.074: [CMS-concurrent-reset: 0.000/0.000 secs] [Times: user=0.00 sys=0.00, real=0.00 secs] 
2021-01-21T22:12:07.773+0800: 32.085: [GC (Allocation Failure) 2021-01-21T22:12:07.773+0800: 32.085: [ParNew: 157220K->157220K(157248K), 0.0003755 secs]2021-01-21T22:12:07.774+0800: 32.086: [CMS: 348049K->349463K(349568K), 0.0489541 secs] 505270K->376926K(506816K), [Metaspace: 2816K->2816K(1056768K)], 0.0506073 secs] [Times: user=0.05 sys=0.00, real=0.05 secs] 
2021-01-21T22:12:07.824+0800: 32.136: [GC (CMS Initial Mark) [1 CMS-initial-mark: 349463K(349568K)] 379548K(506816K), 0.0014630 secs] [Times: user=0.00 sys=0.00, real=0.00 secs] 
2021-01-21T22:12:07.827+0800: 32.139: [CMS-concurrent-mark-start]
2021-01-21T22:12:07.828+0800: 32.140: [CMS-concurrent-mark: 0.002/0.002 secs] [Times: user=0.01 sys=0.00, real=0.01 secs] 
2021-01-21T22:12:07.829+0800: 32.141: [CMS-concurrent-preclean-start]
2021-01-21T22:12:07.830+0800: 32.142: [CMS-concurrent-preclean: 0.001/0.001 secs] [Times: user=0.00 sys=0.00, real=0.00 secs] 
2021-01-21T22:12:07.831+0800: 32.143: [CMS-concurrent-abortable-preclean-start]
2021-01-21T22:12:07.831+0800: 32.143: [CMS-concurrent-abortable-preclean: 0.000/0.000 secs] [Times: user=0.00 sys=0.00, real=0.00 secs] 
2021-01-21T22:12:07.831+0800: 32.143: [GC (CMS Final Remark) [YG occupancy: 61706 K (157248 K)]2021-01-21T22:12:07.831+0800: 32.144: [Rescan (parallel) , 0.0015687 secs]2021-01-21T22:12:07.833+0800: 32.145: [weak refs processing, 0.0003121 secs]2021-01-21T22:12:07.834+0800: 32.146: [class unloading, 0.0004716 secs]2021-01-21T22:12:07.835+0800: 32.147: [scrub symbol table, 0.0005909 secs]2021-01-21T22:12:07.836+0800: 32.148: [scrub string table, 0.0004219 secs][1 CMS-remark: 349463K(349568K)] 411170K(506816K), 0.0051785 secs] [Times: user=0.01 sys=0.00, real=0.00 secs] 
2021-01-21T22:12:07.837+0800: 32.149: [CMS-concurrent-sweep-start]
2021-01-21T22:12:07.837+0800: 32.149: [CMS-concurrent-sweep: 0.000/0.000 secs] [Times: user=0.00 sys=0.00, real=0.00 secs] 
2021-01-21T22:12:07.838+0800: 32.150: [CMS-concurrent-reset-start]
2021-01-21T22:12:07.838+0800: 32.150: [CMS-concurrent-reset: 0.000/0.000 secs] [Times: user=0.00 sys=0.00, real=0.00 secs] 
2021-01-21T22:12:07.850+0800: 32.162: [GC (Allocation Failure) 2021-01-21T22:12:07.851+0800: 32.163: [ParNew: 157182K->157182K(157248K), 0.0003333 secs]2021-01-21T22:12:07.851+0800: 32.163: [CMS: 348424K->349485K(349568K), 0.0501598 secs] 505606K->380376K(506816K), [Metaspace: 2816K->2816K(1056768K)], 0.0516971 secs] [Times: user=0.05 sys=0.00, real=0.05 secs] 
2021-01-21T22:12:07.903+0800: 32.215: [GC (CMS Initial Mark) [1 CMS-initial-mark: 349485K(349568K)] 383098K(506816K), 0.0010945 secs] [Times: user=0.00 sys=0.00, real=0.00 secs] 
2021-01-21T22:12:07.905+0800: 32.217: [CMS-concurrent-mark-start]
2021-01-21T22:12:07.906+0800: 32.218: [CMS-concurrent-mark: 0.001/0.001 secs] [Times: user=0.00 sys=0.00, real=0.00 secs] 
2021-01-21T22:12:07.906+0800: 32.219: [CMS-concurrent-preclean-start]
2021-01-21T22:12:07.907+0800: 32.220: [CMS-concurrent-preclean: 0.001/0.001 secs] [Times: user=0.00 sys=0.00, real=0.00 secs] 
2021-01-21T22:12:07.908+0800: 32.220: [CMS-concurrent-abortable-preclean-start]
2021-01-21T22:12:07.908+0800: 32.220: [CMS-concurrent-abortable-preclean: 0.000/0.000 secs] [Times: user=0.00 sys=0.00, real=0.00 secs] 
2021-01-21T22:12:07.908+0800: 32.220: [GC (CMS Final Remark) [YG occupancy: 56086 K (157248 K)]2021-01-21T22:12:07.909+0800: 32.221: [Rescan (parallel) , 0.0012279 secs]2021-01-21T22:12:07.910+0800: 32.222: [weak refs processing, 0.0003402 secs]2021-01-21T22:12:07.911+0800: 32.223: [class unloading, 0.0005195 secs]2021-01-21T22:12:07.912+0800: 32.224: [scrub symbol table, 0.0006073 secs]2021-01-21T22:12:07.913+0800: 32.225: [scrub string table, 0.0004185 secs][1 CMS-remark: 349485K(349568K)] 405571K(506816K), 0.0049539 secs] [Times: user=0.00 sys=0.00, real=0.00 secs] 
2021-01-21T22:12:07.914+0800: 32.226: [CMS-concurrent-sweep-start]
2021-01-21T22:12:07.914+0800: 32.227: [CMS-concurrent-sweep: 0.000/0.000 secs] [Times: user=0.00 sys=0.00, real=0.00 secs] 
2021-01-21T22:12:07.915+0800: 32.227: [CMS-concurrent-reset-start]
2021-01-21T22:12:07.915+0800: 32.227: [CMS-concurrent-reset: 0.000/0.000 secs] [Times: user=0.00 sys=0.00, real=0.00 secs] 
2021-01-21T22:12:07.927+0800: 32.239: [GC (Allocation Failure) 2021-01-21T22:12:07.928+0800: 32.240: [ParNew: 157244K->157244K(157248K), 0.0003130 secs]2021-01-21T22:12:07.928+0800: 32.240: [CMS: 349152K->349273K(349568K), 0.0488765 secs] 506397K->376790K(506816K), [Metaspace: 2816K->2816K(1056768K)], 0.0504205 secs] [Times: user=0.05 sys=0.00, real=0.06 secs] 
2021-01-21T22:12:07.979+0800: 32.291: [GC (CMS Initial Mark) [1 CMS-initial-mark: 349273K(349568K)] 379624K(506816K), 0.0014047 secs] [Times: user=0.00 sys=0.00, real=0.00 secs] 
2021-01-21T22:12:07.981+0800: 32.293: [CMS-concurrent-mark-start]
2021-01-21T22:12:07.983+0800: 32.295: [CMS-concurrent-mark: 0.002/0.002 secs] [Times: user=0.00 sys=0.00, real=0.00 secs] 
2021-01-21T22:12:07.984+0800: 32.296: [CMS-concurrent-preclean-start]
2021-01-21T22:12:07.985+0800: 32.297: [CMS-concurrent-preclean: 0.001/0.001 secs] [Times: user=0.00 sys=0.00, real=0.00 secs] 
2021-01-21T22:12:07.985+0800: 32.297: [CMS-concurrent-abortable-preclean-start]
2021-01-21T22:12:07.985+0800: 32.297: [CMS-concurrent-abortable-preclean: 0.000/0.000 secs] [Times: user=0.00 sys=0.00, real=0.00 secs] 
2021-01-21T22:12:07.986+0800: 32.298: [GC (CMS Final Remark) [YG occupancy: 62321 K (157248 K)]2021-01-21T22:12:07.986+0800: 32.299: [Rescan (parallel) , 0.0015932 secs]2021-01-21T22:12:07.988+0800: 32.300: [weak refs processing, 0.0003765 secs]2021-01-21T22:12:07.989+0800: 32.301: [class unloading, 0.0005209 secs]2021-01-21T22:12:07.990+0800: 32.302: [scrub symbol table, 0.0006546 secs]2021-01-21T22:12:07.991+0800: 32.303: [scrub string table, 0.0004587 secs][1 CMS-remark: 349273K(349568K)] 411595K(506816K), 0.0056982 secs] [Times: user=0.00 sys=0.00, real=0.01 secs] 
2021-01-21T22:12:07.993+0800: 32.305: [CMS-concurrent-sweep-start]
2021-01-21T22:12:07.993+0800: 32.305: [CMS-concurrent-sweep: 0.000/0.000 secs] [Times: user=0.00 sys=0.00, real=0.00 secs] 
2021-01-21T22:12:07.993+0800: 32.305: [CMS-concurrent-reset-start]
2021-01-21T22:12:07.993+0800: 32.306: [CMS-concurrent-reset: 0.000/0.000 secs] [Times: user=0.00 sys=0.00, real=0.00 secs] 
2021-01-21T22:12:08.004+0800: 32.316: [GC (Allocation Failure) 2021-01-21T22:12:08.004+0800: 32.316: [ParNew: 157068K->157068K(157248K), 0.0003243 secs]2021-01-21T22:12:08.005+0800: 32.317: [CMS: 349049K->349552K(349568K), 0.0501907 secs] 506117K->372883K(506816K), [Metaspace: 2816K->2816K(1056768K)], 0.0517696 secs] [Times: user=0.05 sys=0.00, real=0.05 secs] 
2021-01-21T22:12:08.057+0800: 32.369: [GC (CMS Initial Mark) [1 CMS-initial-mark: 349552K(349568K)] 376413K(506816K), 0.0013688 secs] [Times: user=0.00 sys=0.00, real=0.01 secs] 
2021-01-21T22:12:08.059+0800: 32.371: [CMS-concurrent-mark-start]
2021-01-21T22:12:08.060+0800: 32.372: [CMS-concurrent-mark: 0.001/0.001 secs] [Times: user=0.00 sys=0.00, real=0.00 secs] 
2021-01-21T22:12:08.061+0800: 32.373: [CMS-concurrent-preclean-start]
2021-01-21T22:12:08.062+0800: 32.374: [CMS-concurrent-preclean: 0.001/0.001 secs] [Times: user=0.00 sys=0.00, real=0.00 secs] 
2021-01-21T22:12:08.062+0800: 32.374: [CMS-concurrent-abortable-preclean-start]
2021-01-21T22:12:08.062+0800: 32.374: [CMS-concurrent-abortable-preclean: 0.000/0.000 secs] [Times: user=0.00 sys=0.00, real=0.00 secs] 
2021-01-21T22:12:08.063+0800: 32.375: [GC (CMS Final Remark) [YG occupancy: 54088 K (157248 K)]2021-01-21T22:12:08.064+0800: 32.376: [Rescan (parallel) , 0.0017328 secs]2021-01-21T22:12:08.066+0800: 32.378: [weak refs processing, 0.0002485 secs]2021-01-21T22:12:08.066+0800: 32.378: [class unloading, 0.0005991 secs]2021-01-21T22:12:08.067+0800: 32.379: [scrub symbol table, 0.0005429 secs]2021-01-21T22:12:08.068+0800: 32.380: [scrub string table, 0.0005097 secs][1 CMS-remark: 349552K(349568K)] 403640K(506816K), 0.0054872 secs] [Times: user=0.00 sys=0.00, real=0.01 secs] 
2021-01-21T22:12:08.069+0800: 32.381: [CMS-concurrent-sweep-start]
2021-01-21T22:12:08.069+0800: 32.382: [CMS-concurrent-sweep: 0.000/0.000 secs] [Times: user=0.00 sys=0.00, real=0.00 secs] 
2021-01-21T22:12:08.070+0800: 32.382: [CMS-concurrent-reset-start]
2021-01-21T22:12:08.070+0800: 32.382: [CMS-concurrent-reset: 0.000/0.000 secs] [Times: user=0.00 sys=0.00, real=0.00 secs] 
2021-01-21T22:12:08.084+0800: 32.396: [GC (Allocation Failure) 2021-01-21T22:12:08.084+0800: 32.396: [ParNew: 157214K->157214K(157248K), 0.0002892 secs]2021-01-21T22:12:08.085+0800: 32.397: [CMS: 348640K->349035K(349568K), 0.0465210 secs] 505854K->367876K(506816K), [Metaspace: 2816K->2816K(1056768K)], 0.0479676 secs] [Times: user=0.04 sys=0.00, real=0.05 secs] 
2021-01-21T22:12:08.132+0800: 32.445: [GC (CMS Initial Mark) [1 CMS-initial-mark: 349035K(349568K)] 370674K(506816K), 0.0010391 secs] [Times: user=0.01 sys=0.00, real=0.00 secs] 
2021-01-21T22:12:08.134+0800: 32.446: [CMS-concurrent-mark-start]
2021-01-21T22:12:08.135+0800: 32.447: [CMS-concurrent-mark: 0.001/0.001 secs] [Times: user=0.00 sys=0.00, real=0.00 secs] 
2021-01-21T22:12:08.136+0800: 32.448: [CMS-concurrent-preclean-start]
2021-01-21T22:12:08.137+0800: 32.449: [CMS-concurrent-preclean: 0.001/0.001 secs] [Times: user=0.00 sys=0.00, real=0.00 secs] 
2021-01-21T22:12:08.137+0800: 32.449: [CMS-concurrent-abortable-preclean-start]
2021-01-21T22:12:08.137+0800: 32.449: [CMS-concurrent-abortable-preclean: 0.000/0.000 secs] [Times: user=0.00 sys=0.00, real=0.00 secs] 
2021-01-21T22:12:08.138+0800: 32.450: [GC (CMS Final Remark) [YG occupancy: 48417 K (157248 K)]2021-01-21T22:12:08.138+0800: 32.450: [Rescan (parallel) , 0.0013988 secs]2021-01-21T22:12:08.140+0800: 32.452: [weak refs processing, 0.0002595 secs]2021-01-21T22:12:08.140+0800: 32.452: [class unloading, 0.0003911 secs]2021-01-21T22:12:08.141+0800: 32.453: [scrub symbol table, 0.0005026 secs]2021-01-21T22:12:08.142+0800: 32.454: [scrub string table, 0.0003657 secs][1 CMS-remark: 349035K(349568K)] 397452K(506816K), 0.0044773 secs] [Times: user=0.01 sys=0.00, real=0.01 secs] 
2021-01-21T22:12:08.143+0800: 32.455: [CMS-concurrent-sweep-start]
2021-01-21T22:12:08.143+0800: 32.455: [CMS-concurrent-sweep: 0.000/0.000 secs] [Times: user=0.00 sys=0.00, real=0.00 secs] 
2021-01-21T22:12:08.143+0800: 32.455: [CMS-concurrent-reset-start]
2021-01-21T22:12:08.144+0800: 32.456: [CMS-concurrent-reset: 0.000/0.000 secs] [Times: user=0.00 sys=0.00, real=0.00 secs] 
2021-01-21T22:12:08.156+0800: 32.468: [GC (Allocation Failure) 2021-01-21T22:12:08.156+0800: 32.468: [ParNew: 156899K->156899K(157248K), 0.0003512 secs]2021-01-21T22:12:08.157+0800: 32.469: [CMS: 347395K->349566K(349568K), 0.0497967 secs] 504294K->367013K(506816K), [Metaspace: 2816K->2816K(1056768K)], 0.0513319 secs] [Times: user=0.05 sys=0.00, real=0.05 secs] 
2021-01-21T22:12:08.208+0800: 32.520: [GC (CMS Initial Mark) [1 CMS-initial-mark: 349566K(349568K)] 370226K(506816K), 0.0012625 secs] [Times: user=0.00 sys=0.00, real=0.00 secs] 
2021-01-21T22:12:08.210+0800: 32.522: [CMS-concurrent-mark-start]
2021-01-21T22:12:08.212+0800: 32.524: [CMS-concurrent-mark: 0.002/0.002 secs] [Times: user=0.01 sys=0.00, real=0.00 secs] 
2021-01-21T22:12:08.212+0800: 32.524: [CMS-concurrent-preclean-start]
2021-01-21T22:12:08.213+0800: 32.525: [CMS-concurrent-preclean: 0.001/0.001 secs] [Times: user=0.00 sys=0.00, real=0.00 secs] 
2021-01-21T22:12:08.214+0800: 32.526: [CMS-concurrent-abortable-preclean-start]
2021-01-21T22:12:08.214+0800: 32.526: [CMS-concurrent-abortable-preclean: 0.000/0.000 secs] [Times: user=0.00 sys=0.00, real=0.00 secs] 
2021-01-21T22:12:08.214+0800: 32.526: [GC (CMS Final Remark) [YG occupancy: 40824 K (157248 K)]2021-01-21T22:12:08.215+0800: 32.527: [Rescan (parallel) , 0.0015125 secs]2021-01-21T22:12:08.217+0800: 32.529: [weak refs processing, 0.0003350 secs]2021-01-21T22:12:08.217+0800: 32.529: [class unloading, 0.0005232 secs]2021-01-21T22:12:08.218+0800: 32.530: [scrub symbol table, 0.0007189 secs]2021-01-21T22:12:08.219+0800: 32.531: [scrub string table, 0.0004456 secs][1 CMS-remark: 349566K(349568K)] 390390K(506816K), 0.0055660 secs] [Times: user=0.01 sys=0.00, real=0.01 secs] 
2021-01-21T22:12:08.221+0800: 32.533: [CMS-concurrent-sweep-start]
2021-01-21T22:12:08.221+0800: 32.533: [CMS-concurrent-sweep: 0.000/0.000 secs] [Times: user=0.00 sys=0.00, real=0.00 secs] 
2021-01-21T22:12:08.221+0800: 32.533: [CMS-concurrent-reset-start]
2021-01-21T22:12:08.221+0800: 32.533: [CMS-concurrent-reset: 0.000/0.000 secs] [Times: user=0.00 sys=0.00, real=0.00 secs] 
2021-01-21T22:12:08.235+0800: 32.547: [GC (Allocation Failure) 2021-01-21T22:12:08.235+0800: 32.547: [ParNew: 157043K->157043K(157248K), 0.0003001 secs]2021-01-21T22:12:08.236+0800: 32.548: [CMS: 349499K->349364K(349568K), 0.0480044 secs] 506543K->364141K(506816K), [Metaspace: 2816K->2816K(1056768K)], 0.0494611 secs] [Times: user=0.05 sys=0.00, real=0.05 secs] 
2021-01-21T22:12:08.285+0800: 32.597: [GC (CMS Initial Mark) [1 CMS-initial-mark: 349364K(349568K)] 367336K(506816K), 0.0012174 secs] [Times: user=0.00 sys=0.00, real=0.00 secs] 
2021-01-21T22:12:08.287+0800: 32.599: [CMS-concurrent-mark-start]
2021-01-21T22:12:08.289+0800: 32.601: [CMS-concurrent-mark: 0.002/0.002 secs] [Times: user=0.01 sys=0.00, real=0.01 secs] 
2021-01-21T22:12:08.289+0800: 32.601: [CMS-concurrent-preclean-start]
2021-01-21T22:12:08.290+0800: 32.602: [CMS-concurrent-preclean: 0.001/0.001 secs] [Times: user=0.00 sys=0.00, real=0.00 secs] 
2021-01-21T22:12:08.291+0800: 32.603: [CMS-concurrent-abortable-preclean-start]
2021-01-21T22:12:08.291+0800: 32.603: [CMS-concurrent-abortable-preclean: 0.000/0.000 secs] [Times: user=0.00 sys=0.00, real=0.00 secs] 
2021-01-21T22:12:08.291+0800: 32.603: [GC (CMS Final Remark) [YG occupancy: 35129 K (157248 K)]2021-01-21T22:12:08.291+0800: 32.603: [Rescan (parallel) , 0.0014083 secs]2021-01-21T22:12:08.293+0800: 32.605: [weak refs processing, 0.0003160 secs]2021-01-21T22:12:08.294+0800: 32.606: [class unloading, 0.0006039 secs]2021-01-21T22:12:08.294+0800: 32.607: [scrub symbol table, 0.0007300 secs]2021-01-21T22:12:08.295+0800: 32.608: [scrub string table, 0.0004671 secs][1 CMS-remark: 349364K(349568K)] 384493K(506816K), 0.0053422 secs] [Times: user=0.00 sys=0.00, real=0.00 secs] 
2021-01-21T22:12:08.297+0800: 32.609: [CMS-concurrent-sweep-start]
2021-01-21T22:12:08.297+0800: 32.609: [CMS-concurrent-sweep: 0.000/0.000 secs] [Times: user=0.01 sys=0.00, real=0.00 secs] 
2021-01-21T22:12:08.298+0800: 32.610: [CMS-concurrent-reset-start]
2021-01-21T22:12:08.298+0800: 32.610: [CMS-concurrent-reset: 0.000/0.000 secs] [Times: user=0.00 sys=0.00, real=0.00 secs] 
2021-01-21T22:12:08.315+0800: 32.627: [GC (Allocation Failure) 2021-01-21T22:12:08.315+0800: 32.628: [ParNew: 157220K->157220K(157248K), 0.0004683 secs]2021-01-21T22:12:08.316+0800: 32.628: [CMS: 347729K->349538K(349568K), 0.0540188 secs] 504949K->366650K(506816K), [Metaspace: 2816K->2816K(1056768K)], 0.0559288 secs] [Times: user=0.06 sys=0.00, real=0.06 secs] 
2021-01-21T22:12:08.372+0800: 32.684: [GC (CMS Initial Mark) [1 CMS-initial-mark: 349538K(349568K)] 369487K(506816K), 0.0010438 secs] [Times: user=0.00 sys=0.00, real=0.00 secs] 
2021-01-21T22:12:08.374+0800: 32.686: [CMS-concurrent-mark-start]
2021-01-21T22:12:08.375+0800: 32.687: [CMS-concurrent-mark: 0.001/0.001 secs] [Times: user=0.00 sys=0.00, real=0.00 secs] 
2021-01-21T22:12:08.375+0800: 32.687: [CMS-concurrent-preclean-start]
2021-01-21T22:12:08.376+0800: 32.688: [CMS-concurrent-preclean: 0.001/0.001 secs] [Times: user=0.01 sys=0.00, real=0.00 secs] 
2021-01-21T22:12:08.377+0800: 32.689: [CMS-concurrent-abortable-preclean-start]
2021-01-21T22:12:08.377+0800: 32.689: [CMS-concurrent-abortable-preclean: 0.000/0.000 secs] [Times: user=0.00 sys=0.00, real=0.00 secs] 
2021-01-21T22:12:08.377+0800: 32.689: [GC (CMS Final Remark) [YG occupancy: 44345 K (157248 K)]2021-01-21T22:12:08.378+0800: 32.690: [Rescan (parallel) , 0.0014280 secs]2021-01-21T22:12:08.380+0800: 32.692: [weak refs processing, 0.0003534 secs]2021-01-21T22:12:08.380+0800: 32.692: [class unloading, 0.0007046 secs]2021-01-21T22:12:08.381+0800: 32.693: [scrub symbol table, 0.0007884 secs]2021-01-21T22:12:08.382+0800: 32.694: [scrub string table, 0.0004440 secs][1 CMS-remark: 349538K(349568K)] 393883K(506816K), 0.0056196 secs] [Times: user=0.00 sys=0.00, real=0.01 secs] 
2021-01-21T22:12:08.384+0800: 32.696: [CMS-concurrent-sweep-start]
2021-01-21T22:12:08.384+0800: 32.696: [CMS-concurrent-sweep: 0.000/0.000 secs] [Times: user=0.00 sys=0.00, real=0.00 secs] 
2021-01-21T22:12:08.385+0800: 32.697: [CMS-concurrent-reset-start]
2021-01-21T22:12:08.385+0800: 32.697: [CMS-concurrent-reset: 0.000/0.000 secs] [Times: user=0.00 sys=0.00, real=0.00 secs] 
2021-01-21T22:12:08.399+0800: 32.711: [GC (Allocation Failure) 2021-01-21T22:12:08.400+0800: 32.712: [ParNew: 157243K->157243K(157248K), 0.0002671 secs]2021-01-21T22:12:08.400+0800: 32.712: [CMS: 348798K->349453K(349568K), 0.0513096 secs] 506041K->364368K(506816K), [Metaspace: 2816K->2816K(1056768K)], 0.0526918 secs] [Times: user=0.05 sys=0.00, real=0.05 secs] 
2021-01-21T22:12:08.453+0800: 32.765: [GC (CMS Initial Mark) [1 CMS-initial-mark: 349453K(349568K)] 367264K(506816K), 0.0013280 secs] [Times: user=0.00 sys=0.00, real=0.00 secs] 
2021-01-21T22:12:08.455+0800: 32.767: [CMS-concurrent-mark-start]
2021-01-21T22:12:08.457+0800: 32.769: [CMS-concurrent-mark: 0.002/0.002 secs] [Times: user=0.01 sys=0.00, real=0.00 secs] 
2021-01-21T22:12:08.458+0800: 32.770: [CMS-concurrent-preclean-start]
2021-01-21T22:12:08.459+0800: 32.771: [CMS-concurrent-preclean: 0.001/0.001 secs] [Times: user=0.00 sys=0.00, real=0.01 secs] 
2021-01-21T22:12:08.460+0800: 32.772: [CMS-concurrent-abortable-preclean-start]
2021-01-21T22:12:08.460+0800: 32.772: [CMS-concurrent-abortable-preclean: 0.000/0.000 secs] [Times: user=0.00 sys=0.00, real=0.00 secs] 
2021-01-21T22:12:08.460+0800: 32.772: [GC (CMS Final Remark) [YG occupancy: 49524 K (157248 K)]2021-01-21T22:12:08.460+0800: 32.773: [Rescan (parallel) , 0.0013852 secs]2021-01-21T22:12:08.462+0800: 32.774: [weak refs processing, 0.0002384 secs]2021-01-21T22:12:08.463+0800: 32.775: [class unloading, 0.0003922 secs]2021-01-21T22:12:08.463+0800: 32.775: [scrub symbol table, 0.0006443 secs]2021-01-21T22:12:08.464+0800: 32.776: [scrub string table, 0.0006071 secs][1 CMS-remark: 349453K(349568K)] 398977K(506816K), 0.0052055 secs] [Times: user=0.01 sys=0.00, real=0.00 secs] 
2021-01-21T22:12:08.466+0800: 32.779: [CMS-concurrent-sweep-start]
2021-01-21T22:12:08.467+0800: 32.779: [CMS-concurrent-sweep: 0.000/0.000 secs] [Times: user=0.00 sys=0.00, real=0.00 secs] 
2021-01-21T22:12:08.467+0800: 32.779: [CMS-concurrent-reset-start]
2021-01-21T22:12:08.467+0800: 32.779: [CMS-concurrent-reset: 0.000/0.000 secs] [Times: user=0.00 sys=0.00, real=0.00 secs] 
2021-01-21T22:12:08.479+0800: 32.791: [GC (Allocation Failure) 2021-01-21T22:12:08.479+0800: 32.791: [ParNew: 156673K->156673K(157248K), 0.0004219 secs]2021-01-21T22:12:08.480+0800: 32.792: [CMS: 348822K->349445K(349568K), 0.0473395 secs] 505496K->367632K(506816K), [Metaspace: 2816K->2816K(1056768K)], 0.0491466 secs] [Times: user=0.05 sys=0.00, real=0.05 secs] 
2021-01-21T22:12:08.529+0800: 32.841: [GC (CMS Initial Mark) [1 CMS-initial-mark: 349445K(349568K)] 371218K(506816K), 0.0015513 secs] [Times: user=0.00 sys=0.00, real=0.00 secs] 
2021-01-21T22:12:08.531+0800: 32.843: [CMS-concurrent-mark-start]
2021-01-21T22:12:08.533+0800: 32.845: [CMS-concurrent-mark: 0.001/0.001 secs] [Times: user=0.01 sys=0.00, real=0.00 secs] 
2021-01-21T22:12:08.533+0800: 32.845: [CMS-concurrent-preclean-start]
2021-01-21T22:12:08.534+0800: 32.846: [CMS-concurrent-preclean: 0.001/0.001 secs] [Times: user=0.00 sys=0.00, real=0.00 secs] 
2021-01-21T22:12:08.535+0800: 32.847: [CMS-concurrent-abortable-preclean-start]
2021-01-21T22:12:08.535+0800: 32.847: [CMS-concurrent-abortable-preclean: 0.000/0.000 secs] [Times: user=0.00 sys=0.00, real=0.00 secs] 
2021-01-21T22:12:08.535+0800: 32.847: [GC (CMS Final Remark) [YG occupancy: 56273 K (157248 K)]2021-01-21T22:12:08.535+0800: 32.848: [Rescan (parallel) , 0.0007435 secs]2021-01-21T22:12:08.536+0800: 32.849: [weak refs processing, 0.0003480 secs]2021-01-21T22:12:08.537+0800: 32.849: [class unloading, 0.0005135 secs]2021-01-21T22:12:08.538+0800: 32.850: [scrub symbol table, 0.0005434 secs]2021-01-21T22:12:08.539+0800: 32.851: [scrub string table, 0.0005043 secs][1 CMS-remark: 349445K(349568K)] 405719K(506816K), 0.0044531 secs] [Times: user=0.00 sys=0.00, real=0.01 secs] 
2021-01-21T22:12:08.540+0800: 32.852: [CMS-concurrent-sweep-start]
2021-01-21T22:12:08.541+0800: 32.853: [CMS-concurrent-sweep: 0.000/0.000 secs] [Times: user=0.01 sys=0.00, real=0.00 secs] 
2021-01-21T22:12:08.541+0800: 32.853: [CMS-concurrent-reset-start]
2021-01-21T22:12:08.541+0800: 32.853: [CMS-concurrent-reset: 0.000/0.000 secs] [Times: user=0.00 sys=0.00, real=0.00 secs] 
2021-01-21T22:12:08.552+0800: 32.864: [GC (Allocation Failure) 2021-01-21T22:12:08.552+0800: 32.864: [ParNew: 156585K->156585K(157248K), 0.0003090 secs]2021-01-21T22:12:08.553+0800: 32.865: [CMS: 348996K->349390K(349568K), 0.0461126 secs] 505581K->364882K(506816K), [Metaspace: 2816K->2816K(1056768K)], 0.0475324 secs] [Times: user=0.04 sys=0.00, real=0.05 secs] 
2021-01-21T22:12:08.600+0800: 32.912: [GC (CMS Initial Mark) [1 CMS-initial-mark: 349390K(349568K)] 368345K(506816K), 0.0013424 secs] [Times: user=0.00 sys=0.00, real=0.00 secs] 
2021-01-21T22:12:08.602+0800: 32.914: [CMS-concurrent-mark-start]
2021-01-21T22:12:08.604+0800: 32.916: [CMS-concurrent-mark: 0.002/0.002 secs] [Times: user=0.00 sys=0.00, real=0.00 secs] 
2021-01-21T22:12:08.604+0800: 32.916: [CMS-concurrent-preclean-start]
2021-01-21T22:12:08.605+0800: 32.917: [CMS-concurrent-preclean: 0.001/0.001 secs] [Times: user=0.00 sys=0.00, real=0.00 secs] 
2021-01-21T22:12:08.606+0800: 32.918: [CMS-concurrent-abortable-preclean-start]
2021-01-21T22:12:08.606+0800: 32.918: [CMS-concurrent-abortable-preclean: 0.000/0.000 secs] [Times: user=0.00 sys=0.00, real=0.00 secs] 
2021-01-21T22:12:08.606+0800: 32.918: [GC (CMS Final Remark) [YG occupancy: 43985 K (157248 K)]2021-01-21T22:12:08.607+0800: 32.919: [Rescan (parallel) , 0.0008309 secs]2021-01-21T22:12:08.608+0800: 32.920: [weak refs processing, 0.0003330 secs]2021-01-21T22:12:08.608+0800: 32.920: [class unloading, 0.0006591 secs]2021-01-21T22:12:08.609+0800: 32.921: [scrub symbol table, 0.0007553 secs]2021-01-21T22:12:08.610+0800: 32.922: [scrub string table, 0.0003827 secs][1 CMS-remark: 349390K(349568K)] 393376K(506816K), 0.0048019 secs] [Times: user=0.01 sys=0.00, real=0.01 secs] 
2021-01-21T22:12:08.612+0800: 32.924: [CMS-concurrent-sweep-start]
2021-01-21T22:12:08.612+0800: 32.924: [CMS-concurrent-sweep: 0.000/0.000 secs] [Times: user=0.00 sys=0.00, real=0.00 secs] 
2021-01-21T22:12:08.612+0800: 32.924: [CMS-concurrent-reset-start]
2021-01-21T22:12:08.612+0800: 32.925: [CMS-concurrent-reset: 0.000/0.000 secs] [Times: user=0.00 sys=0.00, real=0.00 secs] 
2021-01-21T22:12:08.624+0800: 32.936: [GC (Allocation Failure) 2021-01-21T22:12:08.624+0800: 32.936: [ParNew: 157128K->157128K(157248K), 0.0003906 secs]2021-01-21T22:12:08.625+0800: 32.937: [CMS: 348969K->349512K(349568K), 0.0515760 secs] 506098K->371098K(506816K), [Metaspace: 2816K->2816K(1056768K)], 0.0533713 secs] [Times: user=0.05 sys=0.00, real=0.05 secs] 
2021-01-21T22:12:08.678+0800: 32.990: [GC (CMS Initial Mark) [1 CMS-initial-mark: 349512K(349568K)] 374304K(506816K), 0.0016455 secs] [Times: user=0.00 sys=0.00, real=0.00 secs] 
2021-01-21T22:12:08.681+0800: 32.993: [CMS-concurrent-mark-start]
2021-01-21T22:12:08.683+0800: 32.995: [CMS-concurrent-mark: 0.002/0.002 secs] [Times: user=0.00 sys=0.00, real=0.00 secs] 
2021-01-21T22:12:08.683+0800: 32.995: [CMS-concurrent-preclean-start]
2021-01-21T22:12:08.684+0800: 32.996: [CMS-concurrent-preclean: 0.001/0.001 secs] [Times: user=0.00 sys=0.00, real=0.00 secs] 
2021-01-21T22:12:08.685+0800: 32.997: [CMS-concurrent-abortable-preclean-start]
2021-01-21T22:12:08.685+0800: 32.997: [CMS-concurrent-abortable-preclean: 0.000/0.000 secs] [Times: user=0.00 sys=0.00, real=0.00 secs] 
2021-01-21T22:12:08.685+0800: 32.997: [GC (CMS Final Remark) [YG occupancy: 59445 K (157248 K)]2021-01-21T22:12:08.686+0800: 32.998: [Rescan (parallel) , 0.0007628 secs]2021-01-21T22:12:08.687+0800: 32.999: [weak refs processing, 0.0003419 secs]2021-01-21T22:12:08.687+0800: 32.999: [class unloading, 0.0004355 secs]2021-01-21T22:12:08.688+0800: 33.000: [scrub symbol table, 0.0007514 secs]2021-01-21T22:12:08.689+0800: 33.001: [scrub string table, 0.0005919 secs][1 CMS-remark: 349512K(349568K)] 408957K(506816K), 0.0047724 secs] [Times: user=0.00 sys=0.00, real=0.01 secs] 
2021-01-21T22:12:08.691+0800: 33.003: [CMS-concurrent-sweep-start]
2021-01-21T22:12:08.691+0800: 33.003: [CMS-concurrent-sweep: 0.000/0.000 secs] [Times: user=0.00 sys=0.00, real=0.00 secs] 
2021-01-21T22:12:08.691+0800: 33.003: [CMS-concurrent-reset-start]
2021-01-21T22:12:08.691+0800: 33.003: [CMS-concurrent-reset: 0.000/0.000 secs] [Times: user=0.00 sys=0.00, real=0.00 secs] 
2021-01-21T22:12:08.704+0800: 33.016: [GC (Allocation Failure) 2021-01-21T22:12:08.704+0800: 33.016: [ParNew: 157125K->157125K(157248K), 0.0003746 secs]2021-01-21T22:12:08.705+0800: 33.017: [CMS: 349081K->349414K(349568K), 0.0486877 secs] 506206K->371527K(506816K), [Metaspace: 2816K->2816K(1056768K)], 0.0503173 secs] [Times: user=0.05 sys=0.00, real=0.05 secs] 
2021-01-21T22:12:08.755+0800: 33.067: [GC (CMS Initial Mark) [1 CMS-initial-mark: 349414K(349568K)] 374531K(506816K), 0.0016380 secs] [Times: user=0.00 sys=0.00, real=0.00 secs] 
2021-01-21T22:12:08.758+0800: 33.070: [CMS-concurrent-mark-start]
2021-01-21T22:12:08.759+0800: 33.071: [CMS-concurrent-mark: 0.001/0.001 secs] [Times: user=0.01 sys=0.00, real=0.01 secs] 
2021-01-21T22:12:08.759+0800: 33.071: [CMS-concurrent-preclean-start]
2021-01-21T22:12:08.760+0800: 33.072: [CMS-concurrent-preclean: 0.001/0.001 secs] [Times: user=0.00 sys=0.00, real=0.00 secs] 
2021-01-21T22:12:08.761+0800: 33.073: [CMS-concurrent-abortable-preclean-start]
2021-01-21T22:12:08.761+0800: 33.073: [CMS-concurrent-abortable-preclean: 0.000/0.000 secs] [Times: user=0.00 sys=0.00, real=0.00 secs] 
2021-01-21T22:12:08.761+0800: 33.073: [GC (CMS Final Remark) [YG occupancy: 51323 K (157248 K)]2021-01-21T22:12:08.761+0800: 33.074: [Rescan (parallel) , 0.0014542 secs]2021-01-21T22:12:08.763+0800: 33.075: [weak refs processing, 0.0003410 secs]2021-01-21T22:12:08.764+0800: 33.076: [class unloading, 0.0005056 secs]2021-01-21T22:12:08.765+0800: 33.077: [scrub symbol table, 0.0005653 secs]2021-01-21T22:12:08.766+0800: 33.078: [scrub string table, 0.0004615 secs][1 CMS-remark: 349414K(349568K)] 400738K(506816K), 0.0051248 secs] [Times: user=0.01 sys=0.00, real=0.00 secs] 
2021-01-21T22:12:08.767+0800: 33.079: [CMS-concurrent-sweep-start]
2021-01-21T22:12:08.767+0800: 33.079: [CMS-concurrent-sweep: 0.000/0.000 secs] [Times: user=0.00 sys=0.00, real=0.00 secs] 
2021-01-21T22:12:08.768+0800: 33.080: [CMS-concurrent-reset-start]
2021-01-21T22:12:08.768+0800: 33.080: [CMS-concurrent-reset: 0.000/0.000 secs] [Times: user=0.00 sys=0.00, real=0.00 secs] 
2021-01-21T22:12:08.779+0800: 33.091: [GC (Allocation Failure) 2021-01-21T22:12:08.780+0800: 33.092: [ParNew: 156888K->156888K(157248K), 0.0004556 secs]2021-01-21T22:12:08.781+0800: 33.093: [CMS: 348436K->349515K(349568K), 0.0553034 secs] 505324K->372977K(506816K), [Metaspace: 2816K->2816K(1056768K)], 0.0574416 secs] [Times: user=0.06 sys=0.00, real=0.05 secs] 
2021-01-21T22:12:08.838+0800: 33.150: [GC (CMS Initial Mark) [1 CMS-initial-mark: 349515K(349568K)] 376439K(506816K), 0.0013922 secs] [Times: user=0.00 sys=0.00, real=0.01 secs] 
2021-01-21T22:12:08.840+0800: 33.152: [CMS-concurrent-mark-start]
2021-01-21T22:12:08.841+0800: 33.154: [CMS-concurrent-mark: 0.001/0.001 secs] [Times: user=0.00 sys=0.00, real=0.00 secs] 
2021-01-21T22:12:08.842+0800: 33.154: [CMS-concurrent-preclean-start]
2021-01-21T22:12:08.843+0800: 33.155: [CMS-concurrent-preclean: 0.001/0.001 secs] [Times: user=0.00 sys=0.00, real=0.00 secs] 
2021-01-21T22:12:08.844+0800: 33.156: [CMS-concurrent-abortable-preclean-start]
2021-01-21T22:12:08.844+0800: 33.156: [CMS-concurrent-abortable-preclean: 0.000/0.000 secs] [Times: user=0.00 sys=0.00, real=0.00 secs] 
2021-01-21T22:12:08.844+0800: 33.156: [GC (CMS Final Remark) [YG occupancy: 54725 K (157248 K)]2021-01-21T22:12:08.845+0800: 33.157: [Rescan (parallel) , 0.0017037 secs]2021-01-21T22:12:08.847+0800: 33.159: [weak refs processing, 0.0003926 secs]2021-01-21T22:12:08.848+0800: 33.160: [class unloading, 0.0006455 secs]2021-01-21T22:12:08.849+0800: 33.161: [scrub symbol table, 0.0006413 secs]2021-01-21T22:12:08.850+0800: 33.162: [scrub string table, 0.0005093 secs][1 CMS-remark: 349515K(349568K)] 404240K(506816K), 0.0061525 secs] [Times: user=0.00 sys=0.00, real=0.01 secs] 
2021-01-21T22:12:08.851+0800: 33.163: [CMS-concurrent-sweep-start]
2021-01-21T22:12:08.851+0800: 33.163: [CMS-concurrent-sweep: 0.000/0.000 secs] [Times: user=0.00 sys=0.00, real=0.00 secs] 
2021-01-21T22:12:08.852+0800: 33.164: [CMS-concurrent-reset-start]
2021-01-21T22:12:08.852+0800: 33.164: [CMS-concurrent-reset: 0.000/0.000 secs] [Times: user=0.00 sys=0.00, real=0.00 secs] 
2021-01-21T22:12:08.865+0800: 33.177: [GC (Allocation Failure) 2021-01-21T22:12:08.865+0800: 33.177: [ParNew: 157218K->157218K(157248K), 0.0004885 secs]2021-01-21T22:12:08.866+0800: 33.178: [CMS: 348872K->349495K(349568K), 0.0523215 secs] 506091K->371368K(506816K), [Metaspace: 2816K->2816K(1056768K)], 0.0620573 secs] [Times: user=0.05 sys=0.00, real=0.06 secs] 
2021-01-21T22:12:08.929+0800: 33.241: [GC (CMS Initial Mark) [1 CMS-initial-mark: 349495K(349568K)] 374285K(506816K), 0.0025071 secs] [Times: user=0.00 sys=0.00, real=0.00 secs] 
2021-01-21T22:12:08.933+0800: 33.245: [CMS-concurrent-mark-start]
2021-01-21T22:12:08.935+0800: 33.248: [CMS-concurrent-mark: 0.003/0.003 secs] [Times: user=0.01 sys=0.00, real=0.00 secs] 
2021-01-21T22:12:08.936+0800: 33.248: [CMS-concurrent-preclean-start]
2021-01-21T22:12:08.937+0800: 33.250: [CMS-concurrent-preclean: 0.001/0.001 secs] [Times: user=0.00 sys=0.00, real=0.00 secs] 
2021-01-21T22:12:08.938+0800: 33.250: [CMS-concurrent-abortable-preclean-start]
2021-01-21T22:12:08.938+0800: 33.250: [CMS-concurrent-abortable-preclean: 0.000/0.000 secs] [Times: user=0.00 sys=0.00, real=0.00 secs] 
2021-01-21T22:12:08.939+0800: 33.251: [GC (CMS Final Remark) [YG occupancy: 48449 K (157248 K)]2021-01-21T22:12:08.939+0800: 33.251: [Rescan (parallel) , 0.0012201 secs]2021-01-21T22:12:08.941+0800: 33.253: [weak refs processing, 0.0004563 secs]2021-01-21T22:12:08.942+0800: 33.254: [class unloading, 0.0006345 secs]2021-01-21T22:12:08.943+0800: 33.255: [scrub symbol table, 0.0007074 secs]2021-01-21T22:12:08.944+0800: 33.256: [scrub string table, 0.0004651 secs][1 CMS-remark: 349495K(349568K)] 397945K(506816K), 0.0058502 secs] [Times: user=0.00 sys=0.00, real=0.00 secs] 
2021-01-21T22:12:08.945+0800: 33.257: [CMS-concurrent-sweep-start]
2021-01-21T22:12:08.945+0800: 33.258: [CMS-concurrent-sweep: 0.000/0.000 secs] [Times: user=0.00 sys=0.00, real=0.00 secs] 
2021-01-21T22:12:08.946+0800: 33.258: [CMS-concurrent-reset-start]
2021-01-21T22:12:08.946+0800: 33.258: [CMS-concurrent-reset: 0.000/0.000 secs] [Times: user=0.00 sys=0.00, real=0.00 secs] 
2021-01-21T22:12:08.959+0800: 33.271: [GC (Allocation Failure) 2021-01-21T22:12:08.959+0800: 33.271: [ParNew: 156697K->156697K(157248K), 0.0003097 secs]2021-01-21T22:12:08.960+0800: 33.272: [CMS: 347976K->349379K(349568K), 0.0549082 secs] 504673K->367881K(506816K), [Metaspace: 2816K->2816K(1056768K)], 0.0569147 secs] [Times: user=0.05 sys=0.00, real=0.05 secs] 
2021-01-21T22:12:09.017+0800: 33.329: [GC (CMS Initial Mark) [1 CMS-initial-mark: 349379K(349568K)] 371172K(506816K), 0.0015259 secs] [Times: user=0.00 sys=0.00, real=0.01 secs] 
2021-01-21T22:12:09.019+0800: 33.331: [CMS-concurrent-mark-start]
2021-01-21T22:12:09.021+0800: 33.333: [CMS-concurrent-mark: 0.001/0.001 secs] [Times: user=0.01 sys=0.00, real=0.00 secs] 
2021-01-21T22:12:09.021+0800: 33.333: [CMS-concurrent-preclean-start]
2021-01-21T22:12:09.022+0800: 33.334: [CMS-concurrent-preclean: 0.001/0.001 secs] [Times: user=0.00 sys=0.00, real=0.00 secs] 
2021-01-21T22:12:09.023+0800: 33.335: [CMS-concurrent-abortable-preclean-start]
2021-01-21T22:12:09.023+0800: 33.335: [CMS-concurrent-abortable-preclean: 0.000/0.000 secs] [Times: user=0.00 sys=0.00, real=0.00 secs] 
2021-01-21T22:12:09.023+0800: 33.335: [GC (CMS Final Remark) [YG occupancy: 53968 K (157248 K)]2021-01-21T22:12:09.024+0800: 33.336: [Rescan (parallel) , 0.0007379 secs]2021-01-21T22:12:09.025+0800: 33.337: [weak refs processing, 0.0003485 secs]2021-01-21T22:12:09.025+0800: 33.337: [class unloading, 0.0005276 secs]2021-01-21T22:12:09.026+0800: 33.338: [scrub symbol table, 0.0006069 secs]2021-01-21T22:12:09.027+0800: 33.339: [scrub string table, 0.0004651 secs][1 CMS-remark: 349379K(349568K)] 403347K(506816K), 0.0047027 secs] [Times: user=0.00 sys=0.00, real=0.01 secs] 
2021-01-21T22:12:09.029+0800: 33.341: [CMS-concurrent-sweep-start]
2021-01-21T22:12:09.030+0800: 33.342: [CMS-concurrent-sweep: 0.000/0.000 secs] [Times: user=0.01 sys=0.00, real=0.00 secs] 
2021-01-21T22:12:09.030+0800: 33.342: [CMS-concurrent-reset-start]
2021-01-21T22:12:09.030+0800: 33.342: [CMS-concurrent-reset: 0.000/0.000 secs] [Times: user=0.00 sys=0.00, real=0.00 secs] 
2021-01-21T22:12:09.042+0800: 33.354: [GC (Allocation Failure) 2021-01-21T22:12:09.043+0800: 33.355: [ParNew: 156988K->156988K(157248K), 0.0003606 secs]2021-01-21T22:12:09.043+0800: 33.355: [CMS: 348479K->349479K(349568K), 0.0550803 secs] 505467K->369821K(506816K), [Metaspace: 2816K->2816K(1056768K)], 0.0567923 secs] [Times: user=0.05 sys=0.00, real=0.06 secs] 
2021-01-21T22:12:09.100+0800: 33.412: [GC (CMS Initial Mark) [1 CMS-initial-mark: 349479K(349568K)] 373055K(506816K), 0.0012820 secs] [Times: user=0.01 sys=0.00, real=0.00 secs] 
2021-01-21T22:12:09.102+0800: 33.414: [CMS-concurrent-mark-start]
2021-01-21T22:12:09.104+0800: 33.416: [CMS-concurrent-mark: 0.002/0.002 secs] [Times: user=0.00 sys=0.00, real=0.00 secs] 
2021-01-21T22:12:09.105+0800: 33.417: [CMS-concurrent-preclean-start]
2021-01-21T22:12:09.106+0800: 33.418: [CMS-concurrent-preclean: 0.001/0.001 secs] [Times: user=0.00 sys=0.00, real=0.00 secs] 
2021-01-21T22:12:09.118+0800: 33.430: [CMS-concurrent-abortable-preclean-start]
2021-01-21T22:12:09.118+0800: 33.430: [CMS-concurrent-abortable-preclean: 0.000/0.000 secs] [Times: user=0.00 sys=0.00, real=0.00 secs] 
2021-01-21T22:12:09.124+0800: 33.436: [GC (CMS Final Remark) [YG occupancy: 102911 K (157248 K)]2021-01-21T22:12:09.124+0800: 33.436: [Rescan (parallel) , 0.0118498 secs]2021-01-21T22:12:09.140+0800: 33.452: [weak refs processing, 0.0003573 secs]2021-01-21T22:12:09.140+0800: 33.452: [class unloading, 0.0004764 secs]2021-01-21T22:12:09.141+0800: 33.453: [scrub symbol table, 0.0006354 secs]2021-01-21T22:12:09.142+0800: 33.454: [scrub string table, 0.0004731 secs][1 CMS-remark: 349479K(349568K)] 452391K(506816K), 0.0184465 secs] [Times: user=0.05 sys=0.00, real=0.02 secs] 
2021-01-21T22:12:09.143+0800: 33.455: [CMS-concurrent-sweep-start]
2021-01-21T22:12:09.143+0800: 33.455: [CMS-concurrent-sweep: 0.000/0.000 secs] [Times: user=0.00 sys=0.00, real=0.00 secs] 
2021-01-21T22:12:09.144+0800: 33.456: [CMS-concurrent-reset-start]
2021-01-21T22:12:09.144+0800: 33.456: [CMS-concurrent-reset: 0.000/0.000 secs] [Times: user=0.00 sys=0.00, real=0.00 secs] 
2021-01-21T22:12:09.153+0800: 33.465: [GC (Allocation Failure) 2021-01-21T22:12:09.153+0800: 33.465: [ParNew: 157231K->157231K(157248K), 0.0002299 secs]2021-01-21T22:12:09.154+0800: 33.466: [CMS: 348840K->349451K(349568K), 0.0549113 secs] 506072K->375701K(506816K), [Metaspace: 2816K->2816K(1056768K)], 0.0563982 secs] [Times: user=0.05 sys=0.00, real=0.06 secs] 
2021-01-21T22:12:09.210+0800: 33.522: [GC (CMS Initial Mark) [1 CMS-initial-mark: 349451K(349568K)] 378688K(506816K), 0.0012836 secs] [Times: user=0.01 sys=0.00, real=0.00 secs] 
2021-01-21T22:12:09.212+0800: 33.524: [CMS-concurrent-mark-start]
2021-01-21T22:12:09.214+0800: 33.526: [CMS-concurrent-mark: 0.002/0.002 secs] [Times: user=0.00 sys=0.00, real=0.00 secs] 
2021-01-21T22:12:09.214+0800: 33.526: [CMS-concurrent-preclean-start]
2021-01-21T22:12:09.216+0800: 33.528: [CMS-concurrent-preclean: 0.001/0.001 secs] [Times: user=0.00 sys=0.00, real=0.00 secs] 
2021-01-21T22:12:09.216+0800: 33.528: [CMS-concurrent-abortable-preclean-start]
2021-01-21T22:12:09.216+0800: 33.528: [CMS-concurrent-abortable-preclean: 0.000/0.000 secs] [Times: user=0.00 sys=0.00, real=0.00 secs] 
2021-01-21T22:12:09.217+0800: 33.529: [GC (CMS Final Remark) [YG occupancy: 61394 K (157248 K)]2021-01-21T22:12:09.217+0800: 33.529: [Rescan (parallel) , 0.0009875 secs]2021-01-21T22:12:09.218+0800: 33.530: [weak refs processing, 0.0002512 secs]2021-01-21T22:12:09.219+0800: 33.531: [class unloading, 0.0003850 secs]2021-01-21T22:12:09.219+0800: 33.531: [scrub symbol table, 0.0004459 secs]2021-01-21T22:12:09.220+0800: 33.532: [scrub string table, 0.0003342 secs][1 CMS-remark: 349451K(349568K)] 410845K(506816K), 0.0036860 secs] [Times: user=0.00 sys=0.00, real=0.01 secs] 
2021-01-21T22:12:09.221+0800: 33.533: [CMS-concurrent-sweep-start]
2021-01-21T22:12:09.221+0800: 33.533: [CMS-concurrent-sweep: 0.000/0.000 secs] [Times: user=0.00 sys=0.00, real=0.00 secs] 
2021-01-21T22:12:09.221+0800: 33.533: [CMS-concurrent-reset-start]
2021-01-21T22:12:09.222+0800: 33.534: [CMS-concurrent-reset: 0.000/0.000 secs] [Times: user=0.00 sys=0.00, real=0.00 secs] 
2021-01-21T22:12:09.234+0800: 33.546: [GC (Allocation Failure) 2021-01-21T22:12:09.234+0800: 33.546: [ParNew: 157184K->157184K(157248K), 0.0002811 secs]2021-01-21T22:12:09.235+0800: 33.547: [CMS: 348439K->349481K(349568K), 0.0469959 secs] 505624K->374160K(506816K), [Metaspace: 2816K->2816K(1056768K)], 0.0483352 secs] [Times: user=0.05 sys=0.00, real=0.05 secs] 
2021-01-21T22:12:09.283+0800: 33.595: [GC (CMS Initial Mark) [1 CMS-initial-mark: 349481K(349568K)] 377234K(506816K), 0.0011431 secs] [Times: user=0.00 sys=0.00, real=0.00 secs] 
2021-01-21T22:12:09.285+0800: 33.597: [CMS-concurrent-mark-start]
2021-01-21T22:12:09.286+0800: 33.598: [CMS-concurrent-mark: 0.001/0.001 secs] [Times: user=0.00 sys=0.00, real=0.00 secs] 
2021-01-21T22:12:09.287+0800: 33.599: [CMS-concurrent-preclean-start]
2021-01-21T22:12:09.288+0800: 33.600: [CMS-concurrent-preclean: 0.001/0.001 secs] [Times: user=0.00 sys=0.00, real=0.01 secs] 
2021-01-21T22:12:09.289+0800: 33.601: [CMS-concurrent-abortable-preclean-start]
2021-01-21T22:12:09.289+0800: 33.601: [CMS-concurrent-abortable-preclean: 0.000/0.000 secs] [Times: user=0.00 sys=0.00, real=0.00 secs] 
2021-01-21T22:12:09.289+0800: 33.601: [GC (CMS Final Remark) [YG occupancy: 57602 K (157248 K)]2021-01-21T22:12:09.290+0800: 33.602: [Rescan (parallel) , 0.0010483 secs]2021-01-21T22:12:09.291+0800: 33.603: [weak refs processing, 0.0003005 secs]2021-01-21T22:12:09.291+0800: 33.603: [class unloading, 0.0003934 secs]2021-01-21T22:12:09.292+0800: 33.604: [scrub symbol table, 0.0004963 secs]2021-01-21T22:12:09.293+0800: 33.605: [scrub string table, 0.0003401 secs][1 CMS-remark: 349481K(349568K)] 407084K(506816K), 0.0042546 secs] [Times: user=0.00 sys=0.00, real=0.00 secs] 
2021-01-21T22:12:09.294+0800: 33.606: [CMS-concurrent-sweep-start]
2021-01-21T22:12:09.294+0800: 33.606: [CMS-concurrent-sweep: 0.000/0.000 secs] [Times: user=0.00 sys=0.00, real=0.00 secs] 
2021-01-21T22:12:09.294+0800: 33.606: [CMS-concurrent-reset-start]
2021-01-21T22:12:09.295+0800: 33.607: [CMS-concurrent-reset: 0.000/0.000 secs] [Times: user=0.00 sys=0.00, real=0.00 secs] 
2021-01-21T22:12:09.306+0800: 33.618: [GC (Allocation Failure) 2021-01-21T22:12:09.307+0800: 33.619: [ParNew: 157087K->157087K(157248K), 0.0003571 secs]2021-01-21T22:12:09.307+0800: 33.619: [CMS: 348094K->349517K(349568K), 0.0496698 secs] 505181K->383448K(506816K), [Metaspace: 2816K->2816K(1056768K)], 0.0514081 secs] [Times: user=0.05 sys=0.00, real=0.05 secs] 
2021-01-21T22:12:09.358+0800: 33.670: [GC (CMS Initial Mark) [1 CMS-initial-mark: 349517K(349568K)] 386522K(506816K), 0.0014050 secs] [Times: user=0.00 sys=0.00, real=0.00 secs] 
2021-01-21T22:12:09.361+0800: 33.673: [CMS-concurrent-mark-start]
2021-01-21T22:12:09.362+0800: 33.674: [CMS-concurrent-mark: 0.001/0.001 secs] [Times: user=0.00 sys=0.00, real=0.00 secs] 
2021-01-21T22:12:09.363+0800: 33.675: [CMS-concurrent-preclean-start]
2021-01-21T22:12:09.364+0800: 33.676: [CMS-concurrent-preclean: 0.002/0.002 secs] [Times: user=0.01 sys=0.00, real=0.00 secs] 
2021-01-21T22:12:09.365+0800: 33.677: [CMS-concurrent-abortable-preclean-start]
2021-01-21T22:12:09.365+0800: 33.677: [CMS-concurrent-abortable-preclean: 0.000/0.000 secs] [Times: user=0.00 sys=0.00, real=0.00 secs] 
2021-01-21T22:12:09.366+0800: 33.678: [GC (CMS Final Remark) [YG occupancy: 68625 K (157248 K)]2021-01-21T22:12:09.366+0800: 33.678: [Rescan (parallel) , 0.0014383 secs]2021-01-21T22:12:09.368+0800: 33.680: [weak refs processing, 0.0003030 secs]2021-01-21T22:12:09.368+0800: 33.680: [class unloading, 0.0004413 secs]2021-01-21T22:12:09.369+0800: 33.681: [scrub symbol table, 0.0007230 secs]2021-01-21T22:12:09.370+0800: 33.682: [scrub string table, 0.0004386 secs][1 CMS-remark: 349517K(349568K)] 418143K(506816K), 0.0050548 secs] [Times: user=0.00 sys=0.00, real=0.01 secs] 
2021-01-21T22:12:09.371+0800: 33.683: [CMS-concurrent-sweep-start]
2021-01-21T22:12:09.372+0800: 33.684: [CMS-concurrent-sweep: 0.000/0.000 secs] [Times: user=0.00 sys=0.00, real=0.00 secs] 
2021-01-21T22:12:09.372+0800: 33.684: [CMS-concurrent-reset-start]
2021-01-21T22:12:09.372+0800: 33.684: [CMS-concurrent-reset: 0.000/0.000 secs] [Times: user=0.00 sys=0.00, real=0.00 secs] 
2021-01-21T22:12:09.382+0800: 33.694: [GC (Allocation Failure) 2021-01-21T22:12:09.383+0800: 33.695: [ParNew: 157234K->157234K(157248K), 0.0003414 secs]2021-01-21T22:12:09.383+0800: 33.695: [CMS: 347272K->349465K(349568K), 0.0510085 secs] 504506K->379866K(506816K), [Metaspace: 2816K->2816K(1056768K)], 0.0527963 secs] [Times: user=0.05 sys=0.00, real=0.05 secs] 
2021-01-21T22:12:09.436+0800: 33.748: [GC (CMS Initial Mark) [1 CMS-initial-mark: 349465K(349568K)] 382952K(506816K), 0.0011516 secs] [Times: user=0.00 sys=0.00, real=0.00 secs] 
2021-01-21T22:12:09.438+0800: 33.750: [CMS-concurrent-mark-start]
2021-01-21T22:12:09.439+0800: 33.751: [CMS-concurrent-mark: 0.001/0.001 secs] [Times: user=0.00 sys=0.00, real=0.01 secs] 
2021-01-21T22:12:09.439+0800: 33.751: [CMS-concurrent-preclean-start]
2021-01-21T22:12:09.440+0800: 33.752: [CMS-concurrent-preclean: 0.001/0.001 secs] [Times: user=0.00 sys=0.00, real=0.00 secs] 
2021-01-21T22:12:09.441+0800: 33.753: [CMS-concurrent-abortable-preclean-start]
2021-01-21T22:12:09.441+0800: 33.753: [CMS-concurrent-abortable-preclean: 0.000/0.000 secs] [Times: user=0.00 sys=0.00, real=0.00 secs] 
2021-01-21T22:12:09.441+0800: 33.753: [GC (CMS Final Remark) [YG occupancy: 66889 K (157248 K)]2021-01-21T22:12:09.442+0800: 33.754: [Rescan (parallel) , 0.0014454 secs]2021-01-21T22:12:09.443+0800: 33.755: [weak refs processing, 0.0003053 secs]2021-01-21T22:12:09.444+0800: 33.756: [class unloading, 0.0004284 secs]2021-01-21T22:12:09.445+0800: 33.757: [scrub symbol table, 0.0005382 secs]2021-01-21T22:12:09.445+0800: 33.757: [scrub string table, 0.0003852 secs][1 CMS-remark: 349465K(349568K)] 416355K(506816K), 0.0047648 secs] [Times: user=0.00 sys=0.00, real=0.00 secs] 
2021-01-21T22:12:09.447+0800: 33.759: [CMS-concurrent-sweep-start]
2021-01-21T22:12:09.447+0800: 33.759: [CMS-concurrent-sweep: 0.000/0.000 secs] [Times: user=0.00 sys=0.00, real=0.00 secs] 
2021-01-21T22:12:09.447+0800: 33.759: [CMS-concurrent-reset-start]
2021-01-21T22:12:09.448+0800: 33.760: [CMS-concurrent-reset: 0.000/0.000 secs] [Times: user=0.00 sys=0.00, real=0.00 secs] 
2021-01-21T22:12:09.456+0800: 33.768: [GC (Allocation Failure) 2021-01-21T22:12:09.456+0800: 33.768: [ParNew: 157095K->157095K(157248K), 0.0003090 secs]2021-01-21T22:12:09.457+0800: 33.769: [CMS: 347701K->349226K(349568K), 0.0554939 secs] 504796K->390036K(506816K), [Metaspace: 2816K->2816K(1056768K)], 0.0572317 secs] [Times: user=0.06 sys=0.00, real=0.06 secs] 
2021-01-21T22:12:09.514+0800: 33.826: [GC (CMS Initial Mark) [1 CMS-initial-mark: 349226K(349568K)] 392785K(506816K), 0.0019545 secs] [Times: user=0.00 sys=0.00, real=0.00 secs] 
2021-01-21T22:12:09.517+0800: 33.829: [CMS-concurrent-mark-start]
2021-01-21T22:12:09.518+0800: 33.830: [CMS-concurrent-mark: 0.001/0.001 secs] [Times: user=0.00 sys=0.00, real=0.01 secs] 
2021-01-21T22:12:09.519+0800: 33.831: [CMS-concurrent-preclean-start]
2021-01-21T22:12:09.520+0800: 33.832: [CMS-concurrent-preclean: 0.001/0.001 secs] [Times: user=0.00 sys=0.00, real=0.00 secs] 
2021-01-21T22:12:09.520+0800: 33.832: [CMS-concurrent-abortable-preclean-start]
2021-01-21T22:12:09.520+0800: 33.832: [CMS-concurrent-abortable-preclean: 0.000/0.000 secs] [Times: user=0.00 sys=0.00, real=0.00 secs] 
2021-01-21T22:12:09.521+0800: 33.833: [GC (CMS Final Remark) [YG occupancy: 72932 K (157248 K)]2021-01-21T22:12:09.521+0800: 33.833: [Rescan (parallel) , 0.0011984 secs]2021-01-21T22:12:09.522+0800: 33.835: [weak refs processing, 0.0002768 secs]2021-01-21T22:12:09.523+0800: 33.835: [class unloading, 0.0004974 secs]2021-01-21T22:12:09.524+0800: 33.836: [scrub symbol table, 0.0004155 secs]2021-01-21T22:12:09.524+0800: 33.836: [scrub string table, 0.0002854 secs][1 CMS-remark: 349226K(349568K)] 422159K(506816K), 0.0042482 secs] [Times: user=0.00 sys=0.00, real=0.00 secs] 
2021-01-21T22:12:09.525+0800: 33.837: [CMS-concurrent-sweep-start]
2021-01-21T22:12:09.526+0800: 33.838: [CMS-concurrent-sweep: 0.000/0.000 secs] [Times: user=0.00 sys=0.00, real=0.00 secs] 
2021-01-21T22:12:09.526+0800: 33.838: [CMS-concurrent-reset-start]
2021-01-21T22:12:09.526+0800: 33.838: [CMS-concurrent-reset: 0.000/0.000 secs] [Times: user=0.00 sys=0.00, real=0.00 secs] 
2021-01-21T22:12:09.536+0800: 33.848: [GC (Allocation Failure) 2021-01-21T22:12:09.536+0800: 33.848: [ParNew: 157209K->157209K(157248K), 0.0002283 secs]2021-01-21T22:12:09.537+0800: 33.849: [CMS: 348643K->348971K(349568K), 0.0515994 secs] 505852K->393436K(506816K), [Metaspace: 2816K->2816K(1056768K)], 0.0530672 secs] [Times: user=0.06 sys=0.00, real=0.06 secs] 
2021-01-21T22:12:09.590+0800: 33.902: [GC (CMS Initial Mark) [1 CMS-initial-mark: 348971K(349568K)] 396060K(506816K), 0.0014488 secs] [Times: user=0.00 sys=0.00, real=0.00 secs] 
2021-01-21T22:12:09.592+0800: 33.904: [CMS-concurrent-mark-start]
2021-01-21T22:12:09.594+0800: 33.906: [CMS-concurrent-mark: 0.002/0.002 secs] [Times: user=0.00 sys=0.00, real=0.00 secs] 
2021-01-21T22:12:09.595+0800: 33.907: [CMS-concurrent-preclean-start]
2021-01-21T22:12:09.596+0800: 33.908: [CMS-concurrent-preclean: 0.002/0.002 secs] [Times: user=0.01 sys=0.00, real=0.00 secs] 
2021-01-21T22:12:09.597+0800: 33.909: [CMS-concurrent-abortable-preclean-start]
2021-01-21T22:12:09.597+0800: 33.909: [CMS-concurrent-abortable-preclean: 0.000/0.000 secs] [Times: user=0.00 sys=0.00, real=0.00 secs] 
2021-01-21T22:12:09.597+0800: 33.909: [GC (CMS Final Remark) [YG occupancy: 82395 K (157248 K)]2021-01-21T22:12:09.598+0800: 33.910: [Rescan (parallel) , 0.0013318 secs]2021-01-21T22:12:09.599+0800: 33.911: [weak refs processing, 0.0002876 secs]2021-01-21T22:12:09.600+0800: 33.912: [class unloading, 0.0004844 secs]2021-01-21T22:12:09.601+0800: 33.913: [scrub symbol table, 0.0005617 secs]2021-01-21T22:12:09.602+0800: 33.914: [scrub string table, 0.0004019 secs][1 CMS-remark: 348971K(349568K)] 431367K(506816K), 0.0048772 secs] [Times: user=0.00 sys=0.00, real=0.01 secs] 
2021-01-21T22:12:09.603+0800: 33.915: [CMS-concurrent-sweep-start]
2021-01-21T22:12:09.603+0800: 33.915: [CMS-concurrent-sweep: 0.000/0.000 secs] [Times: user=0.00 sys=0.01, real=0.00 secs] 
2021-01-21T22:12:09.604+0800: 33.916: [CMS-concurrent-reset-start]
2021-01-21T22:12:09.604+0800: 33.916: [CMS-concurrent-reset: 0.000/0.000 secs] [Times: user=0.00 sys=0.00, real=0.00 secs] 
2021-01-21T22:12:09.612+0800: 33.924: [GC (Allocation Failure) 2021-01-21T22:12:09.613+0800: 33.925: [ParNew: 156777K->156777K(157248K), 0.0004696 secs]2021-01-21T22:12:09.614+0800: 33.926: [CMS: 348936K->349507K(349568K), 0.0506839 secs] 505713K->392393K(506816K), [Metaspace: 2816K->2816K(1056768K)], 0.0525245 secs] [Times: user=0.05 sys=0.00, real=0.05 secs] 
2021-01-21T22:12:09.666+0800: 33.978: [GC (CMS Initial Mark) [1 CMS-initial-mark: 349507K(349568K)] 395269K(506816K), 0.0013314 secs] [Times: user=0.01 sys=0.00, real=0.00 secs] 
2021-01-21T22:12:09.668+0800: 33.980: [CMS-concurrent-mark-start]
2021-01-21T22:12:09.669+0800: 33.981: [CMS-concurrent-mark: 0.001/0.001 secs] [Times: user=0.00 sys=0.00, real=0.01 secs] 
2021-01-21T22:12:09.670+0800: 33.982: [CMS-concurrent-preclean-start]
2021-01-21T22:12:09.671+0800: 33.983: [CMS-concurrent-preclean: 0.001/0.001 secs] [Times: user=0.00 sys=0.00, real=0.00 secs] 
2021-01-21T22:12:09.671+0800: 33.983: [CMS-concurrent-abortable-preclean-start]
2021-01-21T22:12:09.671+0800: 33.983: [CMS-concurrent-abortable-preclean: 0.000/0.000 secs] [Times: user=0.00 sys=0.00, real=0.00 secs] 
2021-01-21T22:12:09.672+0800: 33.984: [GC (CMS Final Remark) [YG occupancy: 78425 K (157248 K)]2021-01-21T22:12:09.672+0800: 33.984: [Rescan (parallel) , 0.0014149 secs]2021-01-21T22:12:09.674+0800: 33.986: [weak refs processing, 0.0002967 secs]2021-01-21T22:12:09.675+0800: 33.987: [class unloading, 0.0004166 secs]2021-01-21T22:12:09.675+0800: 33.987: [scrub symbol table, 0.0005329 secs]2021-01-21T22:12:09.676+0800: 33.988: [scrub string table, 0.0003573 secs][1 CMS-remark: 349507K(349568K)] 427933K(506816K), 0.0047789 secs] [Times: user=0.01 sys=0.00, real=0.00 secs] 
2021-01-21T22:12:09.677+0800: 33.989: [CMS-concurrent-sweep-start]
2021-01-21T22:12:09.678+0800: 33.990: [CMS-concurrent-sweep: 0.000/0.000 secs] [Times: user=0.00 sys=0.00, real=0.00 secs] 
2021-01-21T22:12:09.678+0800: 33.990: [CMS-concurrent-reset-start]
2021-01-21T22:12:09.678+0800: 33.990: [CMS-concurrent-reset: 0.000/0.000 secs] [Times: user=0.00 sys=0.00, real=0.00 secs] 
2021-01-21T22:12:09.686+0800: 33.998: [GC (Allocation Failure) 2021-01-21T22:12:09.687+0800: 33.999: [ParNew: 157148K->157148K(157248K), 0.0003301 secs]2021-01-21T22:12:09.687+0800: 33.999: [CMS: 348520K->349349K(349568K), 0.0495220 secs] 505668K->389272K(506816K), [Metaspace: 2816K->2816K(1056768K)], 0.0510627 secs] [Times: user=0.05 sys=0.00, real=0.05 secs] 
2021-01-21T22:12:09.738+0800: 34.050: [GC (CMS Initial Mark) [1 CMS-initial-mark: 349349K(349568K)] 392033K(506816K), 0.0015390 secs] [Times: user=0.00 sys=0.00, real=0.00 secs] 
2021-01-21T22:12:09.741+0800: 34.053: [CMS-concurrent-mark-start]
2021-01-21T22:12:09.742+0800: 34.054: [CMS-concurrent-mark: 0.001/0.001 secs] [Times: user=0.00 sys=0.00, real=0.00 secs] 
2021-01-21T22:12:09.742+0800: 34.054: [CMS-concurrent-preclean-start]
2021-01-21T22:12:09.743+0800: 34.055: [CMS-concurrent-preclean: 0.001/0.001 secs] [Times: user=0.00 sys=0.00, real=0.00 secs] 
2021-01-21T22:12:09.744+0800: 34.056: [CMS-concurrent-abortable-preclean-start]
2021-01-21T22:12:09.744+0800: 34.056: [CMS-concurrent-abortable-preclean: 0.000/0.000 secs] [Times: user=0.00 sys=0.00, real=0.00 secs] 
2021-01-21T22:12:09.744+0800: 34.057: [GC (CMS Final Remark) [YG occupancy: 72050 K (157248 K)]2021-01-21T22:12:09.745+0800: 34.057: [Rescan (parallel) , 0.0038581 secs]2021-01-21T22:12:09.749+0800: 34.061: [weak refs processing, 0.0003215 secs]2021-01-21T22:12:09.750+0800: 34.062: [class unloading, 0.0005525 secs]2021-01-21T22:12:09.750+0800: 34.063: [scrub symbol table, 0.0005634 secs]2021-01-21T22:12:09.751+0800: 34.063: [scrub string table, 0.0004693 secs][1 CMS-remark: 349349K(349568K)] 421399K(506816K), 0.0077306 secs] [Times: user=0.02 sys=0.00, real=0.01 secs] 
2021-01-21T22:12:09.753+0800: 34.065: [CMS-concurrent-sweep-start]
2021-01-21T22:12:09.753+0800: 34.065: [CMS-concurrent-sweep: 0.000/0.000 secs] [Times: user=0.00 sys=0.00, real=0.00 secs] 
2021-01-21T22:12:09.754+0800: 34.066: [CMS-concurrent-reset-start]
2021-01-21T22:12:09.754+0800: 34.066: [CMS-concurrent-reset: 0.000/0.000 secs] [Times: user=0.00 sys=0.00, real=0.00 secs] 
2021-01-21T22:12:09.763+0800: 34.075: [GC (Allocation Failure) 2021-01-21T22:12:09.763+0800: 34.075: [ParNew: 156666K->156666K(157248K), 0.0004975 secs]2021-01-21T22:12:09.764+0800: 34.076: [CMS: 347682K->349008K(349568K), 0.0483511 secs] 504348K->382554K(506816K), [Metaspace: 2816K->2816K(1056768K)], 0.0503912 secs] [Times: user=0.05 sys=0.00, real=0.05 secs] 
2021-01-21T22:12:09.814+0800: 34.126: [GC (CMS Initial Mark) [1 CMS-initial-mark: 349008K(349568K)] 385753K(506816K), 0.0015481 secs] [Times: user=0.01 sys=0.00, real=0.00 secs] 
2021-01-21T22:12:09.817+0800: 34.129: [CMS-concurrent-mark-start]
2021-01-21T22:12:09.818+0800: 34.131: [CMS-concurrent-mark: 0.002/0.002 secs] [Times: user=0.00 sys=0.00, real=0.01 secs] 
2021-01-21T22:12:09.819+0800: 34.131: [CMS-concurrent-preclean-start]
2021-01-21T22:12:09.820+0800: 34.132: [CMS-concurrent-preclean: 0.001/0.001 secs] [Times: user=0.00 sys=0.00, real=0.00 secs] 
2021-01-21T22:12:09.820+0800: 34.132: [CMS-concurrent-abortable-preclean-start]
2021-01-21T22:12:09.820+0800: 34.132: [CMS-concurrent-abortable-preclean: 0.000/0.000 secs] [Times: user=0.00 sys=0.00, real=0.00 secs] 
2021-01-21T22:12:09.821+0800: 34.133: [GC (CMS Final Remark) [YG occupancy: 64002 K (157248 K)]2021-01-21T22:12:09.821+0800: 34.133: [Rescan (parallel) , 0.0016766 secs]2021-01-21T22:12:09.823+0800: 34.135: [weak refs processing, 0.0003708 secs]2021-01-21T22:12:09.824+0800: 34.136: [class unloading, 0.0005654 secs]2021-01-21T22:12:09.825+0800: 34.137: [scrub symbol table, 0.0007082 secs]2021-01-21T22:12:09.826+0800: 34.138: [scrub string table, 0.0005075 secs][1 CMS-remark: 349008K(349568K)] 413011K(506816K), 0.0059706 secs] [Times: user=0.00 sys=0.00, real=0.00 secs] 
2021-01-21T22:12:09.828+0800: 34.140: [CMS-concurrent-sweep-start]
2021-01-21T22:12:09.828+0800: 34.140: [CMS-concurrent-sweep: 0.000/0.000 secs] [Times: user=0.01 sys=0.00, real=0.01 secs] 
2021-01-21T22:12:09.829+0800: 34.141: [CMS-concurrent-reset-start]
2021-01-21T22:12:09.829+0800: 34.141: [CMS-concurrent-reset: 0.000/0.000 secs] [Times: user=0.00 sys=0.00, real=0.00 secs] 
2021-01-21T22:12:09.840+0800: 34.152: [GC (Allocation Failure) 2021-01-21T22:12:09.841+0800: 34.153: [ParNew: 157227K->157227K(157248K), 0.0003903 secs]2021-01-21T22:12:09.841+0800: 34.153: [CMS: 348942K->349501K(349568K), 0.0496382 secs] 506170K->379733K(506816K), [Metaspace: 2816K->2816K(1056768K)], 0.0514052 secs] [Times: user=0.05 sys=0.00, real=0.05 secs] 
2021-01-21T22:12:09.893+0800: 34.205: [GC (CMS Initial Mark) [1 CMS-initial-mark: 349501K(349568K)] 382346K(506816K), 0.0017101 secs] [Times: user=0.00 sys=0.00, real=0.00 secs] 
2021-01-21T22:12:09.895+0800: 34.207: [CMS-concurrent-mark-start]
2021-01-21T22:12:09.897+0800: 34.209: [CMS-concurrent-mark: 0.002/0.002 secs] [Times: user=0.00 sys=0.00, real=0.00 secs] 
2021-01-21T22:12:09.898+0800: 34.210: [CMS-concurrent-preclean-start]
2021-01-21T22:12:09.899+0800: 34.211: [CMS-concurrent-preclean: 0.001/0.001 secs] [Times: user=0.00 sys=0.00, real=0.01 secs] 
2021-01-21T22:12:09.899+0800: 34.211: [CMS-concurrent-abortable-preclean-start]
2021-01-21T22:12:09.899+0800: 34.211: [CMS-concurrent-abortable-preclean: 0.000/0.000 secs] [Times: user=0.00 sys=0.00, real=0.00 secs] 
2021-01-21T22:12:09.900+0800: 34.212: [GC (CMS Final Remark) [YG occupancy: 54912 K (157248 K)]2021-01-21T22:12:09.900+0800: 34.212: [Rescan (parallel) , 0.0011855 secs]2021-01-21T22:12:09.902+0800: 34.214: [weak refs processing, 0.0003474 secs]2021-01-21T22:12:09.902+0800: 34.214: [class unloading, 0.0005656 secs]2021-01-21T22:12:09.903+0800: 34.215: [scrub symbol table, 0.0004974 secs]2021-01-21T22:12:09.904+0800: 34.216: [scrub string table, 0.0003676 secs][1 CMS-remark: 349501K(349568K)] 404414K(506816K), 0.0048961 secs] [Times: user=0.00 sys=0.00, real=0.00 secs] 
2021-01-21T22:12:09.905+0800: 34.217: [CMS-concurrent-sweep-start]
2021-01-21T22:12:09.906+0800: 34.218: [CMS-concurrent-sweep: 0.000/0.000 secs] [Times: user=0.00 sys=0.00, real=0.00 secs] 
2021-01-21T22:12:09.906+0800: 34.218: [CMS-concurrent-reset-start]
2021-01-21T22:12:09.906+0800: 34.218: [CMS-concurrent-reset: 0.000/0.000 secs] [Times: user=0.00 sys=0.00, real=0.00 secs] 
2021-01-21T22:12:09.918+0800: 34.230: [GC (Allocation Failure) 2021-01-21T22:12:09.919+0800: 34.231: [ParNew: 157216K->157216K(157248K), 0.0003520 secs]2021-01-21T22:12:09.919+0800: 34.231: [CMS: 348124K->349521K(349568K), 0.0508125 secs] 505341K->378909K(506816K), [Metaspace: 2816K->2816K(1056768K)], 0.0525281 secs] [Times: user=0.05 sys=0.00, real=0.06 secs] 
2021-01-21T22:12:09.972+0800: 34.284: [GC (CMS Initial Mark) [1 CMS-initial-mark: 349521K(349568K)] 381452K(506816K), 0.0012118 secs] [Times: user=0.00 sys=0.00, real=0.00 secs] 
2021-01-21T22:12:09.973+0800: 34.285: [CMS-concurrent-mark-start]
2021-01-21T22:12:09.975+0800: 34.287: [CMS-concurrent-mark: 0.002/0.002 secs] [Times: user=0.00 sys=0.00, real=0.00 secs] 
2021-01-21T22:12:09.975+0800: 34.287: [CMS-concurrent-preclean-start]
2021-01-21T22:12:09.976+0800: 34.289: [CMS-concurrent-preclean: 0.001/0.001 secs] [Times: user=0.00 sys=0.00, real=0.00 secs] 
2021-01-21T22:12:09.977+0800: 34.289: [CMS-concurrent-abortable-preclean-start]
2021-01-21T22:12:09.977+0800: 34.289: [CMS-concurrent-abortable-preclean: 0.000/0.000 secs] [Times: user=0.00 sys=0.00, real=0.00 secs] 
2021-01-21T22:12:09.978+0800: 34.290: [GC (CMS Final Remark) [YG occupancy: 66036 K (157248 K)]2021-01-21T22:12:09.978+0800: 34.290: [Rescan (parallel) , 0.0006637 secs]2021-01-21T22:12:09.979+0800: 34.291: [weak refs processing, 0.0003601 secs]2021-01-21T22:12:09.979+0800: 34.291: [class unloading, 0.0005359 secs]2021-01-21T22:12:09.980+0800: 34.292: [scrub symbol table, 0.0006668 secs]2021-01-21T22:12:09.981+0800: 34.293: [scrub string table, 0.0005321 secs][1 CMS-remark: 349521K(349568K)] 415557K(506816K), 0.0046038 secs] [Times: user=0.00 sys=0.00, real=0.01 secs] 
2021-01-21T22:12:09.983+0800: 34.295: [CMS-concurrent-sweep-start]
2021-01-21T22:12:09.983+0800: 34.295: [CMS-concurrent-sweep: 0.000/0.000 secs] [Times: user=0.00 sys=0.01, real=0.00 secs] 
2021-01-21T22:12:09.984+0800: 34.296: [CMS-concurrent-reset-start]
2021-01-21T22:12:09.984+0800: 34.296: [CMS-concurrent-reset: 0.000/0.000 secs] [Times: user=0.00 sys=0.00, real=0.00 secs] 
2021-01-21T22:12:09.995+0800: 34.307: [GC (Allocation Failure) 2021-01-21T22:12:09.996+0800: 34.308: [ParNew: 157019K->157019K(157248K), 0.0005425 secs]2021-01-21T22:12:09.996+0800: 34.308: [CMS: 348714K->349510K(349568K), 0.0499399 secs] 505734K->379048K(506816K), [Metaspace: 2816K->2816K(1056768K)], 0.0520288 secs] [Times: user=0.05 sys=0.00, real=0.05 secs] 
2021-01-21T22:12:10.048+0800: 34.360: [GC (CMS Initial Mark) [1 CMS-initial-mark: 349510K(349568K)] 381809K(506816K), 0.0016796 secs] [Times: user=0.00 sys=0.00, real=0.00 secs] 
2021-01-21T22:12:10.051+0800: 34.363: [CMS-concurrent-mark-start]
2021-01-21T22:12:10.052+0800: 34.364: [CMS-concurrent-mark: 0.001/0.001 secs] [Times: user=0.00 sys=0.00, real=0.00 secs] 
2021-01-21T22:12:10.052+0800: 34.364: [CMS-concurrent-preclean-start]
2021-01-21T22:12:10.053+0800: 34.365: [CMS-concurrent-preclean: 0.001/0.001 secs] [Times: user=0.00 sys=0.00, real=0.00 secs] 
2021-01-21T22:12:10.054+0800: 34.366: [CMS-concurrent-abortable-preclean-start]
2021-01-21T22:12:10.054+0800: 34.366: [CMS-concurrent-abortable-preclean: 0.000/0.000 secs] [Times: user=0.00 sys=0.00, real=0.00 secs] 
2021-01-21T22:12:10.055+0800: 34.367: [GC (CMS Final Remark) [YG occupancy: 60440 K (157248 K)]2021-01-21T22:12:10.055+0800: 34.367: [Rescan (parallel) , 0.0011590 secs]2021-01-21T22:12:10.057+0800: 34.369: [weak refs processing, 0.0003122 secs]2021-01-21T22:12:10.057+0800: 34.369: [class unloading, 0.0003777 secs]2021-01-21T22:12:10.058+0800: 34.370: [scrub symbol table, 0.0004755 secs]2021-01-21T22:12:10.058+0800: 34.370: [scrub string table, 0.0003791 secs][1 CMS-remark: 349510K(349568K)] 409951K(506816K), 0.0043008 secs] [Times: user=0.00 sys=0.00, real=0.01 secs] 
2021-01-21T22:12:10.060+0800: 34.372: [CMS-concurrent-sweep-start]
2021-01-21T22:12:10.060+0800: 34.372: [CMS-concurrent-sweep: 0.000/0.000 secs] [Times: user=0.00 sys=0.00, real=0.00 secs] 
2021-01-21T22:12:10.060+0800: 34.372: [CMS-concurrent-reset-start]
2021-01-21T22:12:10.060+0800: 34.372: [CMS-concurrent-reset: 0.000/0.000 secs] [Times: user=0.00 sys=0.00, real=0.00 secs] 
2021-01-21T22:12:10.072+0800: 34.385: [GC (Allocation Failure) 2021-01-21T22:12:10.073+0800: 34.385: [ParNew: 157224K->157224K(157248K), 0.0003515 secs]2021-01-21T22:12:10.074+0800: 34.386: [CMS: 348495K->349519K(349568K), 0.0511783 secs] 505719K->375859K(506816K), [Metaspace: 2816K->2816K(1056768K)], 0.0528266 secs] [Times: user=0.05 sys=0.00, real=0.05 secs] 
2021-01-21T22:12:10.126+0800: 34.438: [GC (CMS Initial Mark) [1 CMS-initial-mark: 349519K(349568K)] 378464K(506816K), 0.0013440 secs] [Times: user=0.00 sys=0.00, real=0.00 secs] 
2021-01-21T22:12:10.129+0800: 34.441: [CMS-concurrent-mark-start]
2021-01-21T22:12:10.130+0800: 34.442: [CMS-concurrent-mark: 0.002/0.002 secs] [Times: user=0.00 sys=0.00, real=0.00 secs] 
2021-01-21T22:12:10.131+0800: 34.443: [CMS-concurrent-preclean-start]
2021-01-21T22:12:10.132+0800: 34.444: [CMS-concurrent-preclean: 0.001/0.001 secs] [Times: user=0.00 sys=0.00, real=0.00 secs] 
2021-01-21T22:12:10.132+0800: 34.444: [CMS-concurrent-abortable-preclean-start]
2021-01-21T22:12:10.132+0800: 34.444: [CMS-concurrent-abortable-preclean: 0.000/0.000 secs] [Times: user=0.00 sys=0.00, real=0.00 secs] 
2021-01-21T22:12:10.133+0800: 34.445: [GC (CMS Final Remark) [YG occupancy: 50073 K (157248 K)]2021-01-21T22:12:10.133+0800: 34.445: [Rescan (parallel) , 0.0019554 secs]2021-01-21T22:12:10.136+0800: 34.448: [weak refs processing, 0.0003364 secs]2021-01-21T22:12:10.136+0800: 34.448: [class unloading, 0.0005793 secs]2021-01-21T22:12:10.137+0800: 34.449: [scrub symbol table, 0.0006919 secs]2021-01-21T22:12:10.138+0800: 34.450: [scrub string table, 0.0003982 secs][1 CMS-remark: 349519K(349568K)] 399592K(506816K), 0.0059417 secs] [Times: user=0.01 sys=0.00, real=0.01 secs] 
2021-01-21T22:12:10.140+0800: 34.452: [CMS-concurrent-sweep-start]
2021-01-21T22:12:10.140+0800: 34.452: [CMS-concurrent-sweep: 0.000/0.000 secs] [Times: user=0.00 sys=0.00, real=0.00 secs] 
2021-01-21T22:12:10.140+0800: 34.452: [CMS-concurrent-reset-start]
2021-01-21T22:12:10.140+0800: 34.452: [CMS-concurrent-reset: 0.000/0.000 secs] [Times: user=0.00 sys=0.00, real=0.00 secs] 
2021-01-21T22:12:10.154+0800: 34.467: [GC (Allocation Failure) 2021-01-21T22:12:10.155+0800: 34.467: [ParNew: 157231K->157231K(157248K), 0.0003564 secs]2021-01-21T22:12:10.156+0800: 34.468: [CMS: 349482K->349529K(349568K), 0.0511263 secs] 506713K->375692K(506816K), [Metaspace: 2816K->2816K(1056768K)], 0.0528012 secs] [Times: user=0.05 sys=0.00, real=0.05 secs] 
2021-01-21T22:12:10.208+0800: 34.520: [GC (CMS Initial Mark) [1 CMS-initial-mark: 349529K(349568K)] 378383K(506816K), 0.0011455 secs] [Times: user=0.01 sys=0.00, real=0.01 secs] 
2021-01-21T22:12:10.210+0800: 34.522: [CMS-concurrent-mark-start]
2021-01-21T22:12:10.211+0800: 34.523: [CMS-concurrent-mark: 0.001/0.001 secs] [Times: user=0.00 sys=0.00, real=0.00 secs] 
2021-01-21T22:12:10.212+0800: 34.524: [CMS-concurrent-preclean-start]
2021-01-21T22:12:10.213+0800: 34.525: [CMS-concurrent-preclean: 0.001/0.001 secs] [Times: user=0.00 sys=0.00, real=0.00 secs] 
2021-01-21T22:12:10.214+0800: 34.526: [CMS-concurrent-abortable-preclean-start]
2021-01-21T22:12:10.214+0800: 34.526: [CMS-concurrent-abortable-preclean: 0.000/0.000 secs] [Times: user=0.00 sys=0.00, real=0.00 secs] 
2021-01-21T22:12:10.214+0800: 34.526: [GC (CMS Final Remark) [YG occupancy: 58723 K (157248 K)]2021-01-21T22:12:10.215+0800: 34.527: [Rescan (parallel) , 0.0012214 secs]2021-01-21T22:12:10.216+0800: 34.528: [weak refs processing, 0.0003027 secs]2021-01-21T22:12:10.217+0800: 34.529: [class unloading, 0.0004227 secs]2021-01-21T22:12:10.218+0800: 34.530: [scrub symbol table, 0.0004891 secs]2021-01-21T22:12:10.218+0800: 34.530: [scrub string table, 0.0004406 secs][1 CMS-remark: 349529K(349568K)] 408253K(506816K), 0.0047024 secs] [Times: user=0.00 sys=0.00, real=0.01 secs] 
2021-01-21T22:12:10.220+0800: 34.532: [CMS-concurrent-sweep-start]
2021-01-21T22:12:10.220+0800: 34.532: [CMS-concurrent-sweep: 0.000/0.000 secs] [Times: user=0.00 sys=0.00, real=0.00 secs] 
2021-01-21T22:12:10.220+0800: 34.532: [CMS-concurrent-reset-start]
2021-01-21T22:12:10.221+0800: 34.533: [CMS-concurrent-reset: 0.000/0.000 secs] [Times: user=0.00 sys=0.00, real=0.00 secs] 
2021-01-21T22:12:10.232+0800: 34.544: [GC (Allocation Failure) 2021-01-21T22:12:10.232+0800: 34.544: [ParNew: 157078K->157078K(157248K), 0.0003198 secs]2021-01-21T22:12:10.233+0800: 34.545: [CMS: 348925K->349028K(349568K), 0.0534994 secs] 506004K->385175K(506816K), [Metaspace: 2816K->2816K(1056768K)], 0.0574134 secs] [Times: user=0.06 sys=0.00, real=0.06 secs] 
2021-01-21T22:12:10.290+0800: 34.602: [GC (CMS Initial Mark) [1 CMS-initial-mark: 349028K(349568K)] 388637K(506816K), 0.0011545 secs] [Times: user=0.00 sys=0.00, real=0.00 secs] 
2021-01-21T22:12:10.292+0800: 34.604: [CMS-concurrent-mark-start]
2021-01-21T22:12:10.293+0800: 34.605: [CMS-concurrent-mark: 0.001/0.001 secs] [Times: user=0.00 sys=0.00, real=0.00 secs] 
2021-01-21T22:12:10.294+0800: 34.606: [CMS-concurrent-preclean-start]
2021-01-21T22:12:10.295+0800: 34.607: [CMS-concurrent-preclean: 0.001/0.001 secs] [Times: user=0.00 sys=0.00, real=0.00 secs] 
2021-01-21T22:12:10.295+0800: 34.607: [CMS-concurrent-abortable-preclean-start]
2021-01-21T22:12:10.295+0800: 34.607: [CMS-concurrent-abortable-preclean: 0.000/0.000 secs] [Times: user=0.00 sys=0.00, real=0.00 secs] 
2021-01-21T22:12:10.296+0800: 34.608: [GC (CMS Final Remark) [YG occupancy: 66372 K (157248 K)]2021-01-21T22:12:10.296+0800: 34.608: [Rescan (parallel) , 0.0014000 secs]2021-01-21T22:12:10.298+0800: 34.610: [weak refs processing, 0.0003601 secs]2021-01-21T22:12:10.298+0800: 34.610: [class unloading, 0.0006304 secs]2021-01-21T22:12:10.299+0800: 34.611: [scrub symbol table, 0.0005193 secs]2021-01-21T22:12:10.300+0800: 34.612: [scrub string table, 0.0004016 secs][1 CMS-remark: 349028K(349568K)] 415400K(506816K), 0.0050960 secs] [Times: user=0.00 sys=0.00, real=0.01 secs] 
2021-01-21T22:12:10.301+0800: 34.613: [CMS-concurrent-sweep-start]
2021-01-21T22:12:10.302+0800: 34.614: [CMS-concurrent-sweep: 0.000/0.000 secs] [Times: user=0.00 sys=0.00, real=0.00 secs] 
2021-01-21T22:12:10.302+0800: 34.614: [CMS-concurrent-reset-start]
2021-01-21T22:12:10.302+0800: 34.614: [CMS-concurrent-reset: 0.000/0.000 secs] [Times: user=0.00 sys=0.00, real=0.00 secs] 
2021-01-21T22:12:10.315+0800: 34.627: [GC (Allocation Failure) 2021-01-21T22:12:10.315+0800: 34.627: [ParNew: 157041K->157041K(157248K), 0.0002630 secs]2021-01-21T22:12:10.315+0800: 34.627: [CMS: 348720K->349528K(349568K), 0.0537329 secs] 505761K->385610K(506816K), [Metaspace: 2816K->2816K(1056768K)], 0.0550845 secs] [Times: user=0.06 sys=0.00, real=0.06 secs] 
2021-01-21T22:12:10.371+0800: 34.683: [GC (CMS Initial Mark) [1 CMS-initial-mark: 349528K(349568K)] 388415K(506816K), 0.0013775 secs] [Times: user=0.00 sys=0.00, real=0.00 secs] 
2021-01-21T22:12:10.373+0800: 34.685: [CMS-concurrent-mark-start]
2021-01-21T22:12:10.375+0800: 34.687: [CMS-concurrent-mark: 0.002/0.002 secs] [Times: user=0.00 sys=0.00, real=0.00 secs] 
2021-01-21T22:12:10.375+0800: 34.687: [CMS-concurrent-preclean-start]
2021-01-21T22:12:10.376+0800: 34.688: [CMS-concurrent-preclean: 0.001/0.001 secs] [Times: user=0.00 sys=0.00, real=0.00 secs] 
2021-01-21T22:12:10.376+0800: 34.689: [CMS-concurrent-abortable-preclean-start]
2021-01-21T22:12:10.376+0800: 34.689: [CMS-concurrent-abortable-preclean: 0.000/0.000 secs] [Times: user=0.00 sys=0.00, real=0.00 secs] 
2021-01-21T22:12:10.377+0800: 34.689: [GC (CMS Final Remark) [YG occupancy: 62754 K (157248 K)]2021-01-21T22:12:10.377+0800: 34.689: [Rescan (parallel) , 0.0016143 secs]2021-01-21T22:12:10.379+0800: 34.692: [weak refs processing, 0.0003562 secs]2021-01-21T22:12:10.380+0800: 34.692: [class unloading, 0.0004502 secs]2021-01-21T22:12:10.381+0800: 34.693: [scrub symbol table, 0.0005476 secs]2021-01-21T22:12:10.382+0800: 34.694: [scrub string table, 0.0004700 secs][1 CMS-remark: 349528K(349568K)] 412283K(506816K), 0.0054235 secs] [Times: user=0.00 sys=0.00, real=0.01 secs] 
2021-01-21T22:12:10.383+0800: 34.695: [CMS-concurrent-sweep-start]
2021-01-21T22:12:10.384+0800: 34.696: [CMS-concurrent-sweep: 0.000/0.000 secs] [Times: user=0.00 sys=0.00, real=0.00 secs] 
2021-01-21T22:12:10.384+0800: 34.696: [CMS-concurrent-reset-start]
2021-01-21T22:12:10.384+0800: 34.696: [CMS-concurrent-reset: 0.000/0.000 secs] [Times: user=0.00 sys=0.00, real=0.00 secs] 
2021-01-21T22:12:10.397+0800: 34.709: [GC (Allocation Failure) 2021-01-21T22:12:10.398+0800: 34.710: [ParNew: 157047K->157047K(157248K), 0.0003950 secs]2021-01-21T22:12:10.398+0800: 34.710: [CMS: 348251K->349205K(349568K), 0.0525915 secs] 505298K->388362K(506816K), [Metaspace: 2816K->2816K(1056768K)], 0.0541101 secs] [Times: user=0.05 sys=0.00, real=0.06 secs] 
2021-01-21T22:12:10.452+0800: 34.764: [GC (CMS Initial Mark) [1 CMS-initial-mark: 349205K(349568K)] 391265K(506816K), 0.0010603 secs] [Times: user=0.00 sys=0.00, real=0.00 secs] 
2021-01-21T22:12:10.454+0800: 34.766: [CMS-concurrent-mark-start]
2021-01-21T22:12:10.455+0800: 34.767: [CMS-concurrent-mark: 0.001/0.001 secs] [Times: user=0.01 sys=0.00, real=0.00 secs] 
2021-01-21T22:12:10.455+0800: 34.767: [CMS-concurrent-preclean-start]
2021-01-21T22:12:10.456+0800: 34.768: [CMS-concurrent-preclean: 0.001/0.001 secs] [Times: user=0.00 sys=0.00, real=0.00 secs] 
2021-01-21T22:12:10.457+0800: 34.769: [CMS-concurrent-abortable-preclean-start]
2021-01-21T22:12:10.457+0800: 34.769: [CMS-concurrent-abortable-preclean: 0.000/0.000 secs] [Times: user=0.00 sys=0.00, real=0.00 secs] 
2021-01-21T22:12:10.457+0800: 34.769: [GC (CMS Final Remark) [YG occupancy: 65337 K (157248 K)]2021-01-21T22:12:10.457+0800: 34.770: [Rescan (parallel) , 0.0010910 secs]2021-01-21T22:12:10.459+0800: 34.771: [weak refs processing, 0.0002944 secs]2021-01-21T22:12:10.459+0800: 34.771: [class unloading, 0.0004215 secs]2021-01-21T22:12:10.460+0800: 34.772: [scrub symbol table, 0.0004986 secs]2021-01-21T22:12:10.461+0800: 34.773: [scrub string table, 0.0004074 secs][1 CMS-remark: 349205K(349568K)] 414543K(506816K), 0.0042888 secs] [Times: user=0.00 sys=0.00, real=0.01 secs] 
2021-01-21T22:12:10.462+0800: 34.774: [CMS-concurrent-sweep-start]
2021-01-21T22:12:10.463+0800: 34.775: [CMS-concurrent-sweep: 0.000/0.000 secs] [Times: user=0.00 sys=0.00, real=0.00 secs] 
2021-01-21T22:12:10.463+0800: 34.775: [CMS-concurrent-reset-start]
2021-01-21T22:12:10.463+0800: 34.775: [CMS-concurrent-reset: 0.000/0.000 secs] [Times: user=0.00 sys=0.00, real=0.00 secs] 
2021-01-21T22:12:10.473+0800: 34.785: [GC (Allocation Failure) 2021-01-21T22:12:10.473+0800: 34.785: [ParNew: 157203K->157203K(157248K), 0.0003717 secs]2021-01-21T22:12:10.474+0800: 34.786: [CMS: 348056K->349448K(349568K), 0.0553069 secs] 505259K->393927K(506816K), [Metaspace: 2816K->2816K(1056768K)], 0.0570150 secs] [Times: user=0.05 sys=0.00, real=0.06 secs] 
2021-01-21T22:12:10.531+0800: 34.843: [GC (CMS Initial Mark) [1 CMS-initial-mark: 349448K(349568K)] 396727K(506816K), 0.0013665 secs] [Times: user=0.00 sys=0.00, real=0.00 secs] 
2021-01-21T22:12:10.533+0800: 34.845: [CMS-concurrent-mark-start]
2021-01-21T22:12:10.534+0800: 34.846: [CMS-concurrent-mark: 0.001/0.001 secs] [Times: user=0.01 sys=0.00, real=0.00 secs] 
2021-01-21T22:12:10.535+0800: 34.847: [CMS-concurrent-preclean-start]
2021-01-21T22:12:10.536+0800: 34.848: [CMS-concurrent-preclean: 0.001/0.001 secs] [Times: user=0.00 sys=0.00, real=0.00 secs] 
2021-01-21T22:12:10.536+0800: 34.848: [CMS-concurrent-abortable-preclean-start]
2021-01-21T22:12:10.536+0800: 34.848: [CMS-concurrent-abortable-preclean: 0.000/0.000 secs] [Times: user=0.00 sys=0.00, real=0.00 secs] 
2021-01-21T22:12:10.537+0800: 34.849: [GC (CMS Final Remark) [YG occupancy: 75684 K (157248 K)]2021-01-21T22:12:10.537+0800: 34.849: [Rescan (parallel) , 0.0034346 secs]2021-01-21T22:12:10.541+0800: 34.853: [weak refs processing, 0.0003593 secs]2021-01-21T22:12:10.542+0800: 34.854: [class unloading, 0.0005470 secs]2021-01-21T22:12:10.543+0800: 34.855: [scrub symbol table, 0.0006317 secs]2021-01-21T22:12:10.544+0800: 34.856: [scrub string table, 0.0004403 secs][1 CMS-remark: 349448K(349568K)] 425132K(506816K), 0.0077645 secs] [Times: user=0.03 sys=0.00, real=0.01 secs] 
2021-01-21T22:12:10.545+0800: 34.858: [CMS-concurrent-sweep-start]
2021-01-21T22:12:10.546+0800: 34.858: [CMS-concurrent-sweep: 0.000/0.000 secs] [Times: user=0.00 sys=0.00, real=0.00 secs] 
2021-01-21T22:12:10.546+0800: 34.858: [CMS-concurrent-reset-start]
2021-01-21T22:12:10.546+0800: 34.858: [CMS-concurrent-reset: 0.000/0.000 secs] [Times: user=0.00 sys=0.00, real=0.00 secs] 
2021-01-21T22:12:10.557+0800: 34.869: [GC (Allocation Failure) 2021-01-21T22:12:10.557+0800: 34.869: [ParNew: 157124K->157124K(157248K), 0.0003486 secs]2021-01-21T22:12:10.558+0800: 34.870: [CMS: 347515K->349271K(349568K), 0.0533845 secs] 504639K->396687K(506816K), [Metaspace: 2816K->2816K(1056768K)], 0.0551097 secs] [Times: user=0.05 sys=0.00, real=0.06 secs] 
2021-01-21T22:12:10.613+0800: 34.925: [GC (CMS Initial Mark) [1 CMS-initial-mark: 349271K(349568K)] 400027K(506816K), 0.0017265 secs] [Times: user=0.00 sys=0.00, real=0.00 secs] 
2021-01-21T22:12:10.616+0800: 34.928: [CMS-concurrent-mark-start]
2021-01-21T22:12:10.617+0800: 34.929: [CMS-concurrent-mark: 0.001/0.001 secs] [Times: user=0.01 sys=0.00, real=0.00 secs] 
2021-01-21T22:12:10.618+0800: 34.930: [CMS-concurrent-preclean-start]
2021-01-21T22:12:10.619+0800: 34.931: [CMS-concurrent-preclean: 0.001/0.001 secs] [Times: user=0.00 sys=0.00, real=0.01 secs] 
2021-01-21T22:12:10.619+0800: 34.931: [CMS-concurrent-abortable-preclean-start]
2021-01-21T22:12:10.619+0800: 34.931: [CMS-concurrent-abortable-preclean: 0.000/0.000 secs] [Times: user=0.00 sys=0.00, real=0.00 secs] 
2021-01-21T22:12:10.620+0800: 34.932: [GC (CMS Final Remark) [YG occupancy: 83306 K (157248 K)]2021-01-21T22:12:10.620+0800: 34.932: [Rescan (parallel) , 0.0012589 secs]2021-01-21T22:12:10.622+0800: 34.934: [weak refs processing, 0.0003851 secs]2021-01-21T22:12:10.622+0800: 34.934: [class unloading, 0.0006212 secs]2021-01-21T22:12:10.623+0800: 34.935: [scrub symbol table, 0.0008819 secs]2021-01-21T22:12:10.625+0800: 34.937: [scrub string table, 0.0004168 secs][1 CMS-remark: 349271K(349568K)] 432577K(506816K), 0.0055357 secs] [Times: user=0.01 sys=0.00, real=0.00 secs] 
2021-01-21T22:12:10.626+0800: 34.938: [CMS-concurrent-sweep-start]
2021-01-21T22:12:10.627+0800: 34.939: [CMS-concurrent-sweep: 0.001/0.001 secs] [Times: user=0.00 sys=0.00, real=0.00 secs] 
2021-01-21T22:12:10.627+0800: 34.939: [CMS-concurrent-reset-start]
2021-01-21T22:12:10.628+0800: 34.940: [CMS-concurrent-reset: 0.000/0.000 secs] [Times: user=0.00 sys=0.00, real=0.00 secs] 
2021-01-21T22:12:10.640+0800: 34.952: [GC (Allocation Failure) 2021-01-21T22:12:10.640+0800: 34.952: [ParNew: 157231K->157231K(157248K), 0.0003385 secs]2021-01-21T22:12:10.641+0800: 34.953: [CMS: 349271K->349481K(349568K), 0.0635505 secs] 506503K->397697K(506816K), [Metaspace: 2816K->2816K(1056768K)], 0.0650949 secs] [Times: user=0.07 sys=0.00, real=0.06 secs] 
2021-01-21T22:12:10.706+0800: 35.018: [GC (CMS Initial Mark) [1 CMS-initial-mark: 349481K(349568K)] 400431K(506816K), 0.0009958 secs] [Times: user=0.00 sys=0.00, real=0.00 secs] 
2021-01-21T22:12:10.707+0800: 35.019: [CMS-concurrent-mark-start]
2021-01-21T22:12:10.709+0800: 35.021: [CMS-concurrent-mark: 0.002/0.002 secs] [Times: user=0.00 sys=0.00, real=0.01 secs] 
2021-01-21T22:12:10.710+0800: 35.022: [CMS-concurrent-preclean-start]
2021-01-21T22:12:10.711+0800: 35.023: [CMS-concurrent-preclean: 0.001/0.001 secs] [Times: user=0.01 sys=0.00, real=0.00 secs] 
2021-01-21T22:12:10.711+0800: 35.023: [CMS-concurrent-abortable-preclean-start]
2021-01-21T22:12:10.711+0800: 35.023: [CMS-concurrent-abortable-preclean: 0.000/0.000 secs] [Times: user=0.00 sys=0.00, real=0.00 secs] 
2021-01-21T22:12:10.712+0800: 35.024: [GC (CMS Final Remark) [YG occupancy: 73557 K (157248 K)]2021-01-21T22:12:10.712+0800: 35.024: [Rescan (parallel) , 0.0063880 secs]2021-01-21T22:12:10.719+0800: 35.031: [weak refs processing, 0.0002373 secs]2021-01-21T22:12:10.719+0800: 35.032: [class unloading, 0.0003397 secs]2021-01-21T22:12:10.720+0800: 35.032: [scrub symbol table, 0.0004271 secs]2021-01-21T22:12:10.721+0800: 35.033: [scrub string table, 0.0002915 secs][1 CMS-remark: 349481K(349568K)] 423039K(506816K), 0.0092281 secs] [Times: user=0.03 sys=0.00, real=0.01 secs] 
2021-01-21T22:12:10.722+0800: 35.034: [CMS-concurrent-sweep-start]
2021-01-21T22:12:10.722+0800: 35.034: [CMS-concurrent-sweep: 0.000/0.000 secs] [Times: user=0.00 sys=0.00, real=0.00 secs] 
2021-01-21T22:12:10.722+0800: 35.034: [CMS-concurrent-reset-start]
2021-01-21T22:12:10.722+0800: 35.034: [CMS-concurrent-reset: 0.000/0.000 secs] [Times: user=0.00 sys=0.00, real=0.00 secs] 
2021-01-21T22:12:10.736+0800: 35.048: [GC (Allocation Failure) 2021-01-21T22:12:10.736+0800: 35.048: [ParNew: 157206K->157206K(157248K), 0.0001961 secs]2021-01-21T22:12:10.736+0800: 35.048: [CMS: 348947K->349544K(349568K), 0.0495533 secs] 506153K->396726K(506816K), [Metaspace: 2816K->2816K(1056768K)], 0.0505453 secs] [Times: user=0.05 sys=0.00, real=0.05 secs] 
2021-01-21T22:12:10.787+0800: 35.099: [GC (CMS Initial Mark) [1 CMS-initial-mark: 349544K(349568K)] 399270K(506816K), 0.0007976 secs] [Times: user=0.00 sys=0.00, real=0.00 secs] 
2021-01-21T22:12:10.788+0800: 35.100: [CMS-concurrent-mark-start]
2021-01-21T22:12:10.789+0800: 35.101: [CMS-concurrent-mark: 0.001/0.001 secs] [Times: user=0.00 sys=0.00, real=0.01 secs] 
2021-01-21T22:12:10.790+0800: 35.102: [CMS-concurrent-preclean-start]
2021-01-21T22:12:10.791+0800: 35.103: [CMS-concurrent-preclean: 0.001/0.001 secs] [Times: user=0.00 sys=0.00, real=0.00 secs] 
2021-01-21T22:12:10.791+0800: 35.103: [CMS-concurrent-abortable-preclean-start]
2021-01-21T22:12:10.791+0800: 35.103: [CMS-concurrent-abortable-preclean: 0.000/0.000 secs] [Times: user=0.00 sys=0.00, real=0.00 secs] 
2021-01-21T22:12:10.792+0800: 35.104: [GC (CMS Final Remark) [YG occupancy: 78019 K (157248 K)]2021-01-21T22:12:10.792+0800: 35.104: [Rescan (parallel) , 0.0009747 secs]2021-01-21T22:12:10.793+0800: 35.105: [weak refs processing, 0.0001873 secs]2021-01-21T22:12:10.793+0800: 35.105: [class unloading, 0.0003700 secs]2021-01-21T22:12:10.794+0800: 35.106: [scrub symbol table, 0.0004308 secs]2021-01-21T22:12:10.794+0800: 35.106: [scrub string table, 0.0003412 secs][1 CMS-remark: 349544K(349568K)] 427564K(506816K), 0.0032686 secs] [Times: user=0.00 sys=0.00, real=0.00 secs] 
2021-01-21T22:12:10.795+0800: 35.107: [CMS-concurrent-sweep-start]
2021-01-21T22:12:10.796+0800: 35.108: [CMS-concurrent-sweep: 0.000/0.000 secs] [Times: user=0.00 sys=0.00, real=0.00 secs] 
2021-01-21T22:12:10.796+0800: 35.108: [CMS-concurrent-reset-start]
2021-01-21T22:12:10.796+0800: 35.108: [CMS-concurrent-reset: 0.000/0.000 secs] [Times: user=0.00 sys=0.00, real=0.00 secs] 
2021-01-21T22:12:10.805+0800: 35.117: [GC (Allocation Failure) 2021-01-21T22:12:10.805+0800: 35.117: [ParNew: 157240K->157240K(157248K), 0.0001702 secs]2021-01-21T22:12:10.805+0800: 35.117: [CMS: 348821K->349543K(349568K), 0.0496142 secs] 506061K->402640K(506816K), [Metaspace: 2816K->2816K(1056768K)], 0.0507382 secs] [Times: user=0.05 sys=0.00, real=0.05 secs] 
2021-01-21T22:12:10.857+0800: 35.169: [GC (CMS Initial Mark) [1 CMS-initial-mark: 349543K(349568K)] 405306K(506816K), 0.0015616 secs] [Times: user=0.00 sys=0.00, real=0.01 secs] 
2021-01-21T22:12:10.859+0800: 35.171: [CMS-concurrent-mark-start]
2021-01-21T22:12:10.861+0800: 35.173: [CMS-concurrent-mark: 0.002/0.002 secs] [Times: user=0.00 sys=0.00, real=0.00 secs] 
2021-01-21T22:12:10.861+0800: 35.173: [CMS-concurrent-preclean-start]
2021-01-21T22:12:10.863+0800: 35.175: [CMS-concurrent-preclean: 0.002/0.002 secs] [Times: user=0.00 sys=0.00, real=0.00 secs] 
2021-01-21T22:12:10.864+0800: 35.176: [CMS-concurrent-abortable-preclean-start]
2021-01-21T22:12:10.864+0800: 35.176: [CMS-concurrent-abortable-preclean: 0.000/0.000 secs] [Times: user=0.00 sys=0.00, real=0.00 secs] 
2021-01-21T22:12:10.864+0800: 35.176: [GC (CMS Final Remark) [YG occupancy: 84436 K (157248 K)]2021-01-21T22:12:10.865+0800: 35.177: [Rescan (parallel) , 0.0007679 secs]2021-01-21T22:12:10.866+0800: 35.178: [weak refs processing, 0.0003795 secs]2021-01-21T22:12:10.867+0800: 35.179: [class unloading, 0.0005321 secs]2021-01-21T22:12:10.867+0800: 35.179: [scrub symbol table, 0.0008373 secs]2021-01-21T22:12:10.869+0800: 35.181: [scrub string table, 0.0004900 secs][1 CMS-remark: 349543K(349568K)] 433979K(506816K), 0.0051427 secs] [Times: user=0.00 sys=0.00, real=0.01 secs] 
2021-01-21T22:12:10.870+0800: 35.182: [CMS-concurrent-sweep-start]
2021-01-21T22:12:10.871+0800: 35.183: [CMS-concurrent-sweep: 0.000/0.000 secs] [Times: user=0.00 sys=0.00, real=0.00 secs] 
2021-01-21T22:12:10.871+0800: 35.183: [CMS-concurrent-reset-start]
2021-01-21T22:12:10.871+0800: 35.183: [CMS-concurrent-reset: 0.000/0.000 secs] [Times: user=0.00 sys=0.00, real=0.00 secs] 
2021-01-21T22:12:10.880+0800: 35.192: [GC (Allocation Failure) 2021-01-21T22:12:10.881+0800: 35.193: [ParNew: 157097K->157097K(157248K), 0.0003225 secs]2021-01-21T22:12:10.881+0800: 35.193: [CMS: 347511K->349407K(349568K), 0.0517985 secs] 504609K->398095K(506816K), [Metaspace: 2816K->2816K(1056768K)], 0.0533774 secs] [Times: user=0.05 sys=0.00, real=0.05 secs] 
2021-01-21T22:12:10.935+0800: 35.247: [GC (CMS Initial Mark) [1 CMS-initial-mark: 349407K(349568K)] 401541K(506816K), 0.0018102 secs] [Times: user=0.01 sys=0.00, real=0.00 secs] 
2021-01-21T22:12:10.938+0800: 35.250: [CMS-concurrent-mark-start]
2021-01-21T22:12:10.940+0800: 35.252: [CMS-concurrent-mark: 0.002/0.002 secs] [Times: user=0.00 sys=0.00, real=0.01 secs] 
2021-01-21T22:12:10.940+0800: 35.252: [CMS-concurrent-preclean-start]
2021-01-21T22:12:10.942+0800: 35.254: [CMS-concurrent-preclean: 0.002/0.002 secs] [Times: user=0.00 sys=0.00, real=0.00 secs] 
2021-01-21T22:12:10.942+0800: 35.254: [CMS-concurrent-abortable-preclean-start]
2021-01-21T22:12:10.942+0800: 35.254: [CMS-concurrent-abortable-preclean: 0.000/0.000 secs] [Times: user=0.00 sys=0.00, real=0.00 secs] 
2021-01-21T22:12:10.943+0800: 35.255: [GC (CMS Final Remark) [YG occupancy: 77469 K (157248 K)]2021-01-21T22:12:10.943+0800: 35.255: [Rescan (parallel) , 0.0006861 secs]2021-01-21T22:12:10.944+0800: 35.256: [weak refs processing, 0.0002558 secs]2021-01-21T22:12:10.944+0800: 35.256: [class unloading, 0.0005015 secs]2021-01-21T22:12:10.945+0800: 35.257: [scrub symbol table, 0.0007309 secs]2021-01-21T22:12:10.946+0800: 35.258: [scrub string table, 0.0003552 secs][1 CMS-remark: 349407K(349568K)] 426877K(506816K), 0.0041614 secs] [Times: user=0.00 sys=0.00, real=0.00 secs] 
2021-01-21T22:12:10.948+0800: 35.260: [CMS-concurrent-sweep-start]
2021-01-21T22:12:10.948+0800: 35.260: [CMS-concurrent-sweep: 0.000/0.000 secs] [Times: user=0.00 sys=0.00, real=0.00 secs] 
2021-01-21T22:12:10.948+0800: 35.260: [CMS-concurrent-reset-start]
2021-01-21T22:12:10.948+0800: 35.260: [CMS-concurrent-reset: 0.000/0.000 secs] [Times: user=0.00 sys=0.00, real=0.01 secs] 
2021-01-21T22:12:10.959+0800: 35.271: [GC (Allocation Failure) 2021-01-21T22:12:10.959+0800: 35.271: [ParNew: 157227K->157227K(157248K), 0.0003375 secs]2021-01-21T22:12:10.960+0800: 35.272: [CMS: 347316K->349503K(349568K), 0.0553805 secs] 504543K->390194K(506816K), [Metaspace: 2816K->2816K(1056768K)], 0.0568278 secs] [Times: user=0.06 sys=0.00, real=0.05 secs] 
2021-01-21T22:12:11.017+0800: 35.329: [GC (CMS Initial Mark) [1 CMS-initial-mark: 349503K(349568K)] 392580K(506816K), 0.0015698 secs] [Times: user=0.00 sys=0.00, real=0.01 secs] 
2021-01-21T22:12:11.019+0800: 35.331: [CMS-concurrent-mark-start]
2021-01-21T22:12:11.020+0800: 35.332: [CMS-concurrent-mark: 0.001/0.001 secs] [Times: user=0.00 sys=0.00, real=0.00 secs] 
2021-01-21T22:12:11.021+0800: 35.333: [CMS-concurrent-preclean-start]
2021-01-21T22:12:11.022+0800: 35.334: [CMS-concurrent-preclean: 0.001/0.001 secs] [Times: user=0.01 sys=0.00, real=0.00 secs] 
2021-01-21T22:12:11.022+0800: 35.334: [CMS-concurrent-abortable-preclean-start]
2021-01-21T22:12:11.022+0800: 35.334: [CMS-concurrent-abortable-preclean: 0.000/0.000 secs] [Times: user=0.00 sys=0.00, real=0.00 secs] 
2021-01-21T22:12:11.023+0800: 35.335: [GC (CMS Final Remark) [YG occupancy: 67456 K (157248 K)]2021-01-21T22:12:11.023+0800: 35.335: [Rescan (parallel) , 0.0013420 secs]2021-01-21T22:12:11.025+0800: 35.337: [weak refs processing, 0.0002709 secs]2021-01-21T22:12:11.025+0800: 35.337: [class unloading, 0.0004086 secs]2021-01-21T22:12:11.026+0800: 35.338: [scrub symbol table, 0.0004978 secs]2021-01-21T22:12:11.027+0800: 35.339: [scrub string table, 0.0003467 secs][1 CMS-remark: 349503K(349568K)] 416959K(506816K), 0.0044398 secs] [Times: user=0.00 sys=0.00, real=0.00 secs] 
2021-01-21T22:12:11.028+0800: 35.340: [CMS-concurrent-sweep-start]
2021-01-21T22:12:11.028+0800: 35.340: [CMS-concurrent-sweep: 0.000/0.000 secs] [Times: user=0.00 sys=0.00, real=0.01 secs] 
2021-01-21T22:12:11.029+0800: 35.341: [CMS-concurrent-reset-start]
2021-01-21T22:12:11.029+0800: 35.341: [CMS-concurrent-reset: 0.000/0.000 secs] [Times: user=0.00 sys=0.00, real=0.00 secs] 
2021-01-21T22:12:11.039+0800: 35.351: [GC (Allocation Failure) 2021-01-21T22:12:11.039+0800: 35.351: [ParNew: 157163K->157163K(157248K), 0.0003743 secs]2021-01-21T22:12:11.040+0800: 35.352: [CMS: 348284K->349513K(349568K), 0.0529058 secs] 505448K->386826K(506816K), [Metaspace: 2816K->2816K(1056768K)], 0.0547018 secs] [Times: user=0.06 sys=0.00, real=0.05 secs] 
2021-01-21T22:12:11.095+0800: 35.407: [GC (CMS Initial Mark) [1 CMS-initial-mark: 349513K(349568K)] 389774K(506816K), 0.0014457 secs] [Times: user=0.00 sys=0.00, real=0.00 secs] 
2021-01-21T22:12:11.097+0800: 35.409: [CMS-concurrent-mark-start]
2021-01-21T22:12:11.099+0800: 35.411: [CMS-concurrent-mark: 0.002/0.002 secs] [Times: user=0.01 sys=0.00, real=0.01 secs] 
2021-01-21T22:12:11.099+0800: 35.411: [CMS-concurrent-preclean-start]
2021-01-21T22:12:11.100+0800: 35.413: [CMS-concurrent-preclean: 0.001/0.001 secs] [Times: user=0.00 sys=0.00, real=0.00 secs] 
2021-01-21T22:12:11.101+0800: 35.413: [CMS-concurrent-abortable-preclean-start]
2021-01-21T22:12:11.101+0800: 35.413: [CMS-concurrent-abortable-preclean: 0.000/0.000 secs] [Times: user=0.00 sys=0.00, real=0.00 secs] 
2021-01-21T22:12:11.101+0800: 35.414: [GC (CMS Final Remark) [YG occupancy: 70781 K (157248 K)]2021-01-21T22:12:11.102+0800: 35.414: [Rescan (parallel) , 0.0009049 secs]2021-01-21T22:12:11.103+0800: 35.415: [weak refs processing, 0.0003243 secs]2021-01-21T22:12:11.104+0800: 35.416: [class unloading, 0.0004668 secs]2021-01-21T22:12:11.104+0800: 35.416: [scrub symbol table, 0.0005030 secs]2021-01-21T22:12:11.105+0800: 35.417: [scrub string table, 0.0003914 secs][1 CMS-remark: 349513K(349568K)] 420294K(506816K), 0.0043269 secs] [Times: user=0.00 sys=0.00, real=0.00 secs] 
2021-01-21T22:12:11.106+0800: 35.418: [CMS-concurrent-sweep-start]
2021-01-21T22:12:11.107+0800: 35.419: [CMS-concurrent-sweep: 0.000/0.000 secs] [Times: user=0.00 sys=0.00, real=0.00 secs] 
2021-01-21T22:12:11.107+0800: 35.419: [CMS-concurrent-reset-start]
2021-01-21T22:12:11.107+0800: 35.419: [CMS-concurrent-reset: 0.000/0.000 secs] [Times: user=0.00 sys=0.00, real=0.00 secs] 
2021-01-21T22:12:11.118+0800: 35.430: [GC (Allocation Failure) 2021-01-21T22:12:11.119+0800: 35.431: [ParNew: 157204K->157204K(157248K), 0.0003744 secs]2021-01-21T22:12:11.119+0800: 35.431: [CMS: 347539K->349499K(349568K), 0.0507171 secs] 504743K->385252K(506816K), [Metaspace: 2816K->2816K(1056768K)], 0.0524922 secs] [Times: user=0.05 sys=0.00, real=0.06 secs] 
2021-01-21T22:12:11.172+0800: 35.484: [GC (CMS Initial Mark) [1 CMS-initial-mark: 349499K(349568K)] 387965K(506816K), 0.0013746 secs] [Times: user=0.00 sys=0.00, real=0.00 secs] 
2021-01-21T22:12:11.174+0800: 35.486: [CMS-concurrent-mark-start]
2021-01-21T22:12:11.175+0800: 35.487: [CMS-concurrent-mark: 0.001/0.001 secs] [Times: user=0.00 sys=0.00, real=0.00 secs] 
2021-01-21T22:12:11.176+0800: 35.488: [CMS-concurrent-preclean-start]
2021-01-21T22:12:11.177+0800: 35.489: [CMS-concurrent-preclean: 0.001/0.001 secs] [Times: user=0.01 sys=0.00, real=0.00 secs] 
2021-01-21T22:12:11.177+0800: 35.489: [CMS-concurrent-abortable-preclean-start]
2021-01-21T22:12:11.177+0800: 35.489: [CMS-concurrent-abortable-preclean: 0.000/0.000 secs] [Times: user=0.00 sys=0.00, real=0.00 secs] 
2021-01-21T22:12:11.178+0800: 35.490: [GC (CMS Final Remark) [YG occupancy: 68312 K (157248 K)]2021-01-21T22:12:11.178+0800: 35.490: [Rescan (parallel) , 0.0011986 secs]2021-01-21T22:12:11.180+0800: 35.492: [weak refs processing, 0.0002841 secs]2021-01-21T22:12:11.180+0800: 35.492: [class unloading, 0.0004322 secs]2021-01-21T22:12:11.181+0800: 35.493: [scrub symbol table, 0.0005506 secs]2021-01-21T22:12:11.182+0800: 35.494: [scrub string table, 0.0004221 secs][1 CMS-remark: 349499K(349568K)] 417812K(506816K), 0.0047029 secs] [Times: user=0.00 sys=0.00, real=0.01 secs] 
2021-01-21T22:12:11.183+0800: 35.495: [CMS-concurrent-sweep-start]
2021-01-21T22:12:11.183+0800: 35.495: [CMS-concurrent-sweep: 0.000/0.000 secs] [Times: user=0.00 sys=0.00, real=0.00 secs] 
2021-01-21T22:12:11.184+0800: 35.496: [CMS-concurrent-reset-start]
2021-01-21T22:12:11.184+0800: 35.496: [CMS-concurrent-reset: 0.000/0.000 secs] [Times: user=0.00 sys=0.00, real=0.00 secs] 
2021-01-21T22:12:11.194+0800: 35.506: [GC (Allocation Failure) 2021-01-21T22:12:11.195+0800: 35.507: [ParNew: 157054K->157054K(157248K), 0.0004880 secs]2021-01-21T22:12:11.196+0800: 35.508: [CMS: 349184K->349166K(349568K), 0.0509895 secs] 506238K->390815K(506816K), [Metaspace: 2816K->2816K(1056768K)], 0.0529098 secs] [Times: user=0.06 sys=0.00, real=0.05 secs] 
2021-01-21T22:12:11.249+0800: 35.561: [GC (CMS Initial Mark) [1 CMS-initial-mark: 349166K(349568K)] 394175K(506816K), 0.0013977 secs] [Times: user=0.00 sys=0.00, real=0.00 secs] 
2021-01-21T22:12:11.251+0800: 35.563: [CMS-concurrent-mark-start]
2021-01-21T22:12:11.252+0800: 35.564: [CMS-concurrent-mark: 0.001/0.001 secs] [Times: user=0.00 sys=0.00, real=0.00 secs] 
2021-01-21T22:12:11.252+0800: 35.564: [CMS-concurrent-preclean-start]
2021-01-21T22:12:11.253+0800: 35.565: [CMS-concurrent-preclean: 0.001/0.001 secs] [Times: user=0.00 sys=0.00, real=0.00 secs] 
2021-01-21T22:12:11.254+0800: 35.566: [CMS-concurrent-abortable-preclean-start]
2021-01-21T22:12:11.254+0800: 35.566: [CMS-concurrent-abortable-preclean: 0.000/0.000 secs] [Times: user=0.00 sys=0.00, real=0.00 secs] 
2021-01-21T22:12:11.254+0800: 35.566: [GC (CMS Final Remark) [YG occupancy: 76833 K (157248 K)]2021-01-21T22:12:11.255+0800: 35.567: [Rescan (parallel) , 0.0021861 secs]2021-01-21T22:12:11.257+0800: 35.569: [weak refs processing, 0.0003755 secs]2021-01-21T22:12:11.258+0800: 35.570: [class unloading, 0.0004936 secs]2021-01-21T22:12:11.259+0800: 35.571: [scrub symbol table, 0.0007053 secs]2021-01-21T22:12:11.260+0800: 35.572: [scrub string table, 0.0005109 secs][1 CMS-remark: 349166K(349568K)] 425999K(506816K), 0.0062598 secs] [Times: user=0.01 sys=0.00, real=0.01 secs] 
2021-01-21T22:12:11.261+0800: 35.573: [CMS-concurrent-sweep-start]
2021-01-21T22:12:11.262+0800: 35.574: [CMS-concurrent-sweep: 0.000/0.000 secs] [Times: user=0.00 sys=0.00, real=0.00 secs] 
2021-01-21T22:12:11.262+0800: 35.574: [CMS-concurrent-reset-start]
2021-01-21T22:12:11.263+0800: 35.575: [CMS-concurrent-reset: 0.000/0.000 secs] [Times: user=0.00 sys=0.00, real=0.00 secs] 
2021-01-21T22:12:11.272+0800: 35.584: [GC (Allocation Failure) 2021-01-21T22:12:11.272+0800: 35.584: [ParNew: 157168K->157168K(157248K), 0.0003500 secs]2021-01-21T22:12:11.273+0800: 35.585: [CMS: 346624K->349157K(349568K), 0.0574874 secs] 503793K->390430K(506816K), [Metaspace: 2816K->2816K(1056768K)], 0.0597239 secs] [Times: user=0.06 sys=0.00, real=0.06 secs] 
2021-01-21T22:12:11.334+0800: 35.646: [GC (CMS Initial Mark) [1 CMS-initial-mark: 349157K(349568K)] 392893K(506816K), 0.0016773 secs] [Times: user=0.00 sys=0.00, real=0.00 secs] 
2021-01-21T22:12:11.336+0800: 35.649: [CMS-concurrent-mark-start]
2021-01-21T22:12:11.338+0800: 35.650: [CMS-concurrent-mark: 0.001/0.001 secs] [Times: user=0.00 sys=0.00, real=0.00 secs] 
2021-01-21T22:12:11.338+0800: 35.650: [CMS-concurrent-preclean-start]
2021-01-21T22:12:11.340+0800: 35.652: [CMS-concurrent-preclean: 0.001/0.001 secs] [Times: user=0.01 sys=0.00, real=0.00 secs] 
2021-01-21T22:12:11.340+0800: 35.652: [CMS-concurrent-abortable-preclean-start]
2021-01-21T22:12:11.340+0800: 35.652: [CMS-concurrent-abortable-preclean: 0.000/0.000 secs] [Times: user=0.00 sys=0.00, real=0.00 secs] 
2021-01-21T22:12:11.341+0800: 35.653: [GC (CMS Final Remark) [YG occupancy: 68153 K (157248 K)]2021-01-21T22:12:11.341+0800: 35.653: [Rescan (parallel) , 0.0035647 secs]2021-01-21T22:12:11.345+0800: 35.657: [weak refs processing, 0.0002917 secs]2021-01-21T22:12:11.346+0800: 35.658: [class unloading, 0.0008128 secs]2021-01-21T22:12:11.347+0800: 35.659: [scrub symbol table, 0.0006334 secs]2021-01-21T22:12:11.348+0800: 35.660: [scrub string table, 0.0004296 secs][1 CMS-remark: 349157K(349568K)] 417310K(506816K), 0.0078111 secs] [Times: user=0.02 sys=0.00, real=0.01 secs] 
2021-01-21T22:12:11.350+0800: 35.662: [CMS-concurrent-sweep-start]
2021-01-21T22:12:11.350+0800: 35.662: [CMS-concurrent-sweep: 0.000/0.000 secs] [Times: user=0.00 sys=0.00, real=0.00 secs] 
2021-01-21T22:12:11.350+0800: 35.663: [CMS-concurrent-reset-start]
2021-01-21T22:12:11.351+0800: 35.663: [CMS-concurrent-reset: 0.000/0.000 secs] [Times: user=0.00 sys=0.00, real=0.00 secs] 
2021-01-21T22:12:11.361+0800: 35.673: [GC (Allocation Failure) 2021-01-21T22:12:11.362+0800: 35.674: [ParNew: 157188K->157188K(157248K), 0.0003208 secs]2021-01-21T22:12:11.362+0800: 35.674: [CMS: 348415K->349393K(349568K), 0.0562865 secs] 505603K->383592K(506816K), [Metaspace: 2816K->2816K(1056768K)], 0.0579003 secs] [Times: user=0.06 sys=0.00, real=0.06 secs] 
2021-01-21T22:12:11.420+0800: 35.732: [GC (CMS Initial Mark) [1 CMS-initial-mark: 349393K(349568K)] 386015K(506816K), 0.0012394 secs] [Times: user=0.00 sys=0.00, real=0.00 secs] 
2021-01-21T22:12:11.422+0800: 35.734: [CMS-concurrent-mark-start]
2021-01-21T22:12:11.424+0800: 35.736: [CMS-concurrent-mark: 0.002/0.002 secs] [Times: user=0.01 sys=0.00, real=0.00 secs] 
2021-01-21T22:12:11.424+0800: 35.736: [CMS-concurrent-preclean-start]
2021-01-21T22:12:11.425+0800: 35.737: [CMS-concurrent-preclean: 0.001/0.001 secs] [Times: user=0.00 sys=0.00, real=0.00 secs] 
2021-01-21T22:12:11.426+0800: 35.738: [CMS-concurrent-abortable-preclean-start]
2021-01-21T22:12:11.426+0800: 35.738: [CMS-concurrent-abortable-preclean: 0.000/0.000 secs] [Times: user=0.00 sys=0.00, real=0.00 secs] 
2021-01-21T22:12:11.426+0800: 35.738: [GC (CMS Final Remark) [YG occupancy: 65930 K (157248 K)]2021-01-21T22:12:11.427+0800: 35.739: [Rescan (parallel) , 0.0052458 secs]2021-01-21T22:12:11.432+0800: 35.744: [weak refs processing, 0.0002862 secs]2021-01-21T22:12:11.433+0800: 35.745: [class unloading, 0.0005102 secs]2021-01-21T22:12:11.434+0800: 35.746: [scrub symbol table, 0.0006858 secs]2021-01-21T22:12:11.435+0800: 35.747: [scrub string table, 0.0004721 secs][1 CMS-remark: 349393K(349568K)] 415323K(506816K), 0.0090136 secs] [Times: user=0.03 sys=0.00, real=0.01 secs] 
2021-01-21T22:12:11.436+0800: 35.748: [CMS-concurrent-sweep-start]
2021-01-21T22:12:11.436+0800: 35.748: [CMS-concurrent-sweep: 0.000/0.000 secs] [Times: user=0.00 sys=0.00, real=0.00 secs] 
2021-01-21T22:12:11.437+0800: 35.749: [CMS-concurrent-reset-start]
2021-01-21T22:12:11.437+0800: 35.749: [CMS-concurrent-reset: 0.000/0.000 secs] [Times: user=0.00 sys=0.00, real=0.00 secs] 
2021-01-21T22:12:11.448+0800: 35.760: [GC (Allocation Failure) 2021-01-21T22:12:11.448+0800: 35.760: [ParNew: 157197K->157197K(157248K), 0.0003093 secs]2021-01-21T22:12:11.449+0800: 35.761: [CMS: 349393K->349551K(349568K), 0.0548841 secs] 506590K->389573K(506816K), [Metaspace: 2816K->2816K(1056768K)], 0.0562694 secs] [Times: user=0.05 sys=0.00, real=0.06 secs] 
2021-01-21T22:12:11.505+0800: 35.817: [GC (CMS Initial Mark) [1 CMS-initial-mark: 349551K(349568K)] 389717K(506816K), 0.0006277 secs] [Times: user=0.00 sys=0.00, real=0.00 secs] 
2021-01-21T22:12:11.506+0800: 35.818: [CMS-concurrent-mark-start]
2021-01-21T22:12:11.507+0800: 35.819: [CMS-concurrent-mark: 0.001/0.001 secs] [Times: user=0.01 sys=0.00, real=0.00 secs] 
2021-01-21T22:12:11.508+0800: 35.820: [CMS-concurrent-preclean-start]
2021-01-21T22:12:11.509+0800: 35.821: [CMS-concurrent-preclean: 0.001/0.001 secs] [Times: user=0.00 sys=0.00, real=0.01 secs] 
2021-01-21T22:12:11.509+0800: 35.821: [CMS-concurrent-abortable-preclean-start]
2021-01-21T22:12:11.509+0800: 35.821: [CMS-concurrent-abortable-preclean: 0.000/0.000 secs] [Times: user=0.00 sys=0.00, real=0.00 secs] 
2021-01-21T22:12:11.510+0800: 35.822: [GC (CMS Final Remark) [YG occupancy: 60477 K (157248 K)]2021-01-21T22:12:11.510+0800: 35.822: [Rescan (parallel) , 0.0019310 secs]2021-01-21T22:12:11.512+0800: 35.824: [weak refs processing, 0.0002405 secs]2021-01-21T22:12:11.513+0800: 35.825: [class unloading, 0.0004247 secs]2021-01-21T22:12:11.513+0800: 35.825: [scrub symbol table, 0.0006029 secs]2021-01-21T22:12:11.514+0800: 35.826: [scrub string table, 0.0003738 secs][1 CMS-remark: 349551K(349568K)] 410028K(506816K), 0.0051495 secs] [Times: user=0.01 sys=0.00, real=0.00 secs] 
2021-01-21T22:12:11.515+0800: 35.828: [CMS-concurrent-sweep-start]
2021-01-21T22:12:11.516+0800: 35.828: [CMS-concurrent-sweep: 0.000/0.000 secs] [Times: user=0.00 sys=0.00, real=0.00 secs] 
2021-01-21T22:12:11.516+0800: 35.828: [CMS-concurrent-reset-start]
2021-01-21T22:12:11.517+0800: 35.829: [CMS-concurrent-reset: 0.000/0.000 secs] [Times: user=0.00 sys=0.00, real=0.00 secs] 
2021-01-21T22:12:11.530+0800: 35.842: [GC (Allocation Failure) 2021-01-21T22:12:11.530+0800: 35.842: [ParNew: 157029K->157029K(157248K), 0.0003067 secs]2021-01-21T22:12:11.531+0800: 35.843: [CMS: 348809K->349454K(349568K), 0.0509744 secs] 505839K->388347K(506816K), [Metaspace: 2816K->2816K(1056768K)], 0.0522915 secs] [Times: user=0.05 sys=0.00, real=0.05 secs] 
2021-01-21T22:12:11.583+0800: 35.895: [GC (CMS Initial Mark) [1 CMS-initial-mark: 349454K(349568K)] 391299K(506816K), 0.0008982 secs] [Times: user=0.00 sys=0.00, real=0.00 secs] 
2021-01-21T22:12:11.584+0800: 35.896: [CMS-concurrent-mark-start]
2021-01-21T22:12:11.586+0800: 35.898: [CMS-concurrent-mark: 0.001/0.001 secs] [Times: user=0.00 sys=0.00, real=0.00 secs] 
2021-01-21T22:12:11.586+0800: 35.898: [CMS-concurrent-preclean-start]
2021-01-21T22:12:11.587+0800: 35.899: [CMS-concurrent-preclean: 0.001/0.001 secs] [Times: user=0.00 sys=0.00, real=0.00 secs] 
2021-01-21T22:12:11.587+0800: 35.899: [CMS-concurrent-abortable-preclean-start]
2021-01-21T22:12:11.587+0800: 35.899: [CMS-concurrent-abortable-preclean: 0.000/0.000 secs] [Times: user=0.00 sys=0.00, real=0.00 secs] 
2021-01-21T22:12:11.587+0800: 35.899: [GC (CMS Final Remark) [YG occupancy: 63870 K (157248 K)]2021-01-21T22:12:11.588+0800: 35.900: [Rescan (parallel) , 0.0009613 secs]2021-01-21T22:12:11.589+0800: 35.901: [weak refs processing, 0.0002066 secs]2021-01-21T22:12:11.589+0800: 35.901: [class unloading, 0.0004137 secs]2021-01-21T22:12:11.590+0800: 35.902: [scrub symbol table, 0.0005616 secs]2021-01-21T22:12:11.591+0800: 35.903: [scrub string table, 0.0004110 secs][1 CMS-remark: 349454K(349568K)] 413324K(506816K), 0.0040191 secs] [Times: user=0.00 sys=0.00, real=0.01 secs] 
2021-01-21T22:12:11.592+0800: 35.904: [CMS-concurrent-sweep-start]
2021-01-21T22:12:11.593+0800: 35.905: [CMS-concurrent-sweep: 0.000/0.000 secs] [Times: user=0.00 sys=0.00, real=0.00 secs] 
2021-01-21T22:12:11.593+0800: 35.905: [CMS-concurrent-reset-start]
2021-01-21T22:12:11.593+0800: 35.905: [CMS-concurrent-reset: 0.000/0.000 secs] [Times: user=0.00 sys=0.00, real=0.00 secs] 
2021-01-21T22:12:11.605+0800: 35.917: [GC (Allocation Failure) 2021-01-21T22:12:11.606+0800: 35.918: [ParNew: 157055K->157055K(157248K), 0.0002961 secs]2021-01-21T22:12:11.606+0800: 35.918: [CMS: 347654K->349004K(349568K), 0.0548672 secs] 504709K->382421K(506816K), [Metaspace: 2816K->2816K(1056768K)], 0.0562398 secs] [Times: user=0.06 sys=0.00, real=0.06 secs] 
2021-01-21T22:12:11.662+0800: 35.975: [GC (CMS Initial Mark) [1 CMS-initial-mark: 349004K(349568K)] 385561K(506816K), 0.0012450 secs] [Times: user=0.00 sys=0.00, real=0.00 secs] 
2021-01-21T22:12:11.664+0800: 35.976: [CMS-concurrent-mark-start]
2021-01-21T22:12:11.666+0800: 35.978: [CMS-concurrent-mark: 0.001/0.001 secs] [Times: user=0.00 sys=0.00, real=0.00 secs] 
2021-01-21T22:12:11.666+0800: 35.978: [CMS-concurrent-preclean-start]
2021-01-21T22:12:11.667+0800: 35.980: [CMS-concurrent-preclean: 0.001/0.001 secs] [Times: user=0.01 sys=0.00, real=0.00 secs] 
2021-01-21T22:12:11.668+0800: 35.980: [CMS-concurrent-abortable-preclean-start]
2021-01-21T22:12:11.668+0800: 35.980: [CMS-concurrent-abortable-preclean: 0.000/0.000 secs] [Times: user=0.00 sys=0.00, real=0.00 secs] 
2021-01-21T22:12:11.668+0800: 35.980: [GC (CMS Final Remark) [YG occupancy: 57651 K (157248 K)]2021-01-21T22:12:11.668+0800: 35.980: [Rescan (parallel) , 0.0011767 secs]2021-01-21T22:12:11.670+0800: 35.982: [weak refs processing, 0.0002454 secs]2021-01-21T22:12:11.670+0800: 35.982: [class unloading, 0.0004047 secs]2021-01-21T22:12:11.671+0800: 35.983: [scrub symbol table, 0.0004714 secs]2021-01-21T22:12:11.672+0800: 35.984: [scrub string table, 0.0003276 secs][1 CMS-remark: 349004K(349568K)] 406656K(506816K), 0.0040968 secs] [Times: user=0.00 sys=0.00, real=0.00 secs] 
2021-01-21T22:12:11.673+0800: 35.985: [CMS-concurrent-sweep-start]
2021-01-21T22:12:11.673+0800: 35.985: [CMS-concurrent-sweep: 0.000/0.000 secs] [Times: user=0.00 sys=0.00, real=0.00 secs] 
2021-01-21T22:12:11.673+0800: 35.985: [CMS-concurrent-reset-start]
2021-01-21T22:12:11.673+0800: 35.985: [CMS-concurrent-reset: 0.000/0.000 secs] [Times: user=0.00 sys=0.00, real=0.00 secs] 
2021-01-21T22:12:11.686+0800: 35.998: [GC (Allocation Failure) 2021-01-21T22:12:11.686+0800: 35.998: [ParNew: 157186K->157186K(157248K), 0.0003506 secs]2021-01-21T22:12:11.687+0800: 35.999: [CMS: 348644K->349479K(349568K), 0.0539893 secs] 505831K->381874K(506816K), [Metaspace: 2816K->2816K(1056768K)], 0.0556996 secs] [Times: user=0.05 sys=0.00, real=0.06 secs] 
2021-01-21T22:12:11.743+0800: 36.055: [GC (CMS Initial Mark) [1 CMS-initial-mark: 349479K(349568K)] 384410K(506816K), 0.0014204 secs] [Times: user=0.00 sys=0.00, real=0.00 secs] 
2021-01-21T22:12:11.745+0800: 36.057: [CMS-concurrent-mark-start]
2021-01-21T22:12:11.747+0800: 36.059: [CMS-concurrent-mark: 0.002/0.002 secs] [Times: user=0.01 sys=0.00, real=0.00 secs] 
2021-01-21T22:12:11.747+0800: 36.060: [CMS-concurrent-preclean-start]
2021-01-21T22:12:11.749+0800: 36.061: [CMS-concurrent-preclean: 0.001/0.001 secs] [Times: user=0.00 sys=0.00, real=0.01 secs] 
2021-01-21T22:12:11.749+0800: 36.061: [CMS-concurrent-abortable-preclean-start]
2021-01-21T22:12:11.749+0800: 36.061: [CMS-concurrent-abortable-preclean: 0.000/0.000 secs] [Times: user=0.00 sys=0.00, real=0.00 secs] 
2021-01-21T22:12:11.750+0800: 36.062: [GC (CMS Final Remark) [YG occupancy: 67075 K (157248 K)]2021-01-21T22:12:11.750+0800: 36.062: [Rescan (parallel) , 0.0007932 secs]2021-01-21T22:12:11.751+0800: 36.063: [weak refs processing, 0.0003403 secs]2021-01-21T22:12:11.752+0800: 36.064: [class unloading, 0.0004902 secs]2021-01-21T22:12:11.753+0800: 36.065: [scrub symbol table, 0.0005908 secs]2021-01-21T22:12:11.754+0800: 36.066: [scrub string table, 0.0004309 secs][1 CMS-remark: 349479K(349568K)] 416555K(506816K), 0.0047010 secs] [Times: user=0.01 sys=0.00, real=0.00 secs] 
2021-01-21T22:12:11.755+0800: 36.067: [CMS-concurrent-sweep-start]
2021-01-21T22:12:11.756+0800: 36.068: [CMS-concurrent-sweep: 0.000/0.000 secs] [Times: user=0.00 sys=0.00, real=0.00 secs] 
2021-01-21T22:12:11.756+0800: 36.068: [CMS-concurrent-reset-start]
2021-01-21T22:12:11.756+0800: 36.068: [CMS-concurrent-reset: 0.000/0.000 secs] [Times: user=0.00 sys=0.00, real=0.00 secs] 
2021-01-21T22:12:11.767+0800: 36.079: [GC (Allocation Failure) 2021-01-21T22:12:11.768+0800: 36.080: [ParNew: 156822K->156822K(157248K), 0.0003553 secs]2021-01-21T22:12:11.769+0800: 36.081: [CMS: 349180K->349538K(349568K), 0.0567349 secs] 506002K->383667K(506816K), [Metaspace: 2816K->2816K(1056768K)], 0.0582934 secs] [Times: user=0.06 sys=0.00, real=0.06 secs] 
2021-01-21T22:12:11.826+0800: 36.138: [GC (CMS Initial Mark) [1 CMS-initial-mark: 349538K(349568K)] 386969K(506816K), 0.0009310 secs] [Times: user=0.00 sys=0.00, real=0.00 secs] 
2021-01-21T22:12:11.828+0800: 36.140: [CMS-concurrent-mark-start]
2021-01-21T22:12:11.830+0800: 36.142: [CMS-concurrent-mark: 0.002/0.002 secs] [Times: user=0.00 sys=0.00, real=0.01 secs] 
2021-01-21T22:12:11.831+0800: 36.143: [CMS-concurrent-preclean-start]
2021-01-21T22:12:11.832+0800: 36.144: [CMS-concurrent-preclean: 0.001/0.001 secs] [Times: user=0.00 sys=0.00, real=0.00 secs] 
2021-01-21T22:12:11.832+0800: 36.144: [CMS-concurrent-abortable-preclean-start]
2021-01-21T22:12:11.832+0800: 36.144: [CMS-concurrent-abortable-preclean: 0.000/0.000 secs] [Times: user=0.00 sys=0.00, real=0.00 secs] 
2021-01-21T22:12:11.833+0800: 36.145: [GC (CMS Final Remark) [YG occupancy: 69638 K (157248 K)]2021-01-21T22:12:11.833+0800: 36.145: [Rescan (parallel) , 0.0014195 secs]2021-01-21T22:12:11.835+0800: 36.147: [weak refs processing, 0.0003016 secs]2021-01-21T22:12:11.836+0800: 36.148: [class unloading, 0.0004427 secs]2021-01-21T22:12:11.836+0800: 36.148: [scrub symbol table, 0.0007243 secs]2021-01-21T22:12:11.837+0800: 36.149: [scrub string table, 0.0004533 secs][1 CMS-remark: 349538K(349568K)] 419177K(506816K), 0.0052633 secs] [Times: user=0.00 sys=0.00, real=0.01 secs] 
2021-01-21T22:12:11.839+0800: 36.151: [CMS-concurrent-sweep-start]
2021-01-21T22:12:11.839+0800: 36.151: [CMS-concurrent-sweep: 0.000/0.000 secs] [Times: user=0.01 sys=0.00, real=0.00 secs] 
2021-01-21T22:12:11.839+0800: 36.151: [CMS-concurrent-reset-start]
2021-01-21T22:12:11.839+0800: 36.151: [CMS-concurrent-reset: 0.000/0.000 secs] [Times: user=0.00 sys=0.00, real=0.00 secs] 
2021-01-21T22:12:11.850+0800: 36.162: [GC (Allocation Failure) 2021-01-21T22:12:11.850+0800: 36.162: [ParNew: 156907K->156907K(157248K), 0.0002930 secs]2021-01-21T22:12:11.851+0800: 36.163: [CMS: 346491K->349461K(349568K), 0.0526967 secs] 503399K->385145K(506816K), [Metaspace: 2816K->2816K(1056768K)], 0.0541039 secs] [Times: user=0.05 sys=0.00, real=0.05 secs] 
2021-01-21T22:12:11.905+0800: 36.217: [GC (CMS Initial Mark) [1 CMS-initial-mark: 349461K(349568K)] 388405K(506816K), 0.0010917 secs] [Times: user=0.00 sys=0.00, real=0.00 secs] 
2021-01-21T22:12:11.907+0800: 36.219: [CMS-concurrent-mark-start]
2021-01-21T22:12:11.908+0800: 36.220: [CMS-concurrent-mark: 0.001/0.001 secs] [Times: user=0.01 sys=0.00, real=0.01 secs] 
2021-01-21T22:12:11.909+0800: 36.221: [CMS-concurrent-preclean-start]
2021-01-21T22:12:11.910+0800: 36.222: [CMS-concurrent-preclean: 0.001/0.001 secs] [Times: user=0.00 sys=0.00, real=0.00 secs] 
2021-01-21T22:12:11.910+0800: 36.222: [CMS-concurrent-abortable-preclean-start]
2021-01-21T22:12:11.910+0800: 36.222: [CMS-concurrent-abortable-preclean: 0.000/0.000 secs] [Times: user=0.00 sys=0.00, real=0.00 secs] 
2021-01-21T22:12:11.911+0800: 36.223: [GC (CMS Final Remark) [YG occupancy: 64928 K (157248 K)]2021-01-21T22:12:11.911+0800: 36.223: [Rescan (parallel) , 0.0015000 secs]2021-01-21T22:12:11.913+0800: 36.225: [weak refs processing, 0.0003141 secs]2021-01-21T22:12:11.913+0800: 36.225: [class unloading, 0.0004794 secs]2021-01-21T22:12:11.914+0800: 36.226: [scrub symbol table, 0.0005553 secs]2021-01-21T22:12:11.915+0800: 36.227: [scrub string table, 0.0004049 secs][1 CMS-remark: 349461K(349568K)] 414389K(506816K), 0.0049345 secs] [Times: user=0.01 sys=0.00, real=0.00 secs] 
2021-01-21T22:12:11.916+0800: 36.228: [CMS-concurrent-sweep-start]
2021-01-21T22:12:11.917+0800: 36.229: [CMS-concurrent-sweep: 0.000/0.000 secs] [Times: user=0.00 sys=0.00, real=0.00 secs] 
2021-01-21T22:12:11.917+0800: 36.229: [CMS-concurrent-reset-start]
2021-01-21T22:12:11.917+0800: 36.229: [CMS-concurrent-reset: 0.000/0.000 secs] [Times: user=0.00 sys=0.00, real=0.00 secs] 
2021-01-21T22:12:11.928+0800: 36.240: [GC (Allocation Failure) 2021-01-21T22:12:11.928+0800: 36.241: [ParNew: 157179K->157179K(157248K), 0.0003516 secs]2021-01-21T22:12:11.929+0800: 36.241: [CMS: 348298K->349193K(349568K), 0.0520062 secs] 505478K->384920K(506816K), [Metaspace: 2816K->2816K(1056768K)], 0.0535986 secs] [Times: user=0.05 sys=0.00, real=0.06 secs] 
2021-01-21T22:12:11.983+0800: 36.295: [GC (CMS Initial Mark) [1 CMS-initial-mark: 349193K(349568K)] 387634K(506816K), 0.0013555 secs] [Times: user=0.00 sys=0.00, real=0.00 secs] 
2021-01-21T22:12:11.985+0800: 36.297: [CMS-concurrent-mark-start]
2021-01-21T22:12:11.987+0800: 36.299: [CMS-concurrent-mark: 0.002/0.002 secs] [Times: user=0.01 sys=0.00, real=0.00 secs] 
2021-01-21T22:12:11.987+0800: 36.299: [CMS-concurrent-preclean-start]
2021-01-21T22:12:11.988+0800: 36.300: [CMS-concurrent-preclean: 0.001/0.001 secs] [Times: user=0.00 sys=0.00, real=0.00 secs] 
2021-01-21T22:12:11.988+0800: 36.300: [CMS-concurrent-abortable-preclean-start]
2021-01-21T22:12:11.988+0800: 36.300: [CMS-concurrent-abortable-preclean: 0.000/0.000 secs] [Times: user=0.00 sys=0.00, real=0.00 secs] 
2021-01-21T22:12:11.989+0800: 36.301: [GC (CMS Final Remark) [YG occupancy: 70231 K (157248 K)]2021-01-21T22:12:11.989+0800: 36.302: [Rescan (parallel) , 0.0017180 secs]2021-01-21T22:12:11.992+0800: 36.304: [weak refs processing, 0.0003217 secs]2021-01-21T22:12:11.992+0800: 36.304: [class unloading, 0.0004677 secs]2021-01-21T22:12:11.993+0800: 36.305: [scrub symbol table, 0.0005029 secs]2021-01-21T22:12:11.994+0800: 36.306: [scrub string table, 0.0003805 secs][1 CMS-remark: 349193K(349568K)] 419424K(506816K), 0.0053575 secs] [Times: user=0.01 sys=0.00, real=0.00 secs] 
2021-01-21T22:12:11.995+0800: 36.307: [CMS-concurrent-sweep-start]
2021-01-21T22:12:11.996+0800: 36.308: [CMS-concurrent-sweep: 0.001/0.001 secs] [Times: user=0.00 sys=0.00, real=0.00 secs] 
2021-01-21T22:12:11.996+0800: 36.308: [CMS-concurrent-reset-start]
2021-01-21T22:12:11.997+0800: 36.309: [CMS-concurrent-reset: 0.000/0.000 secs] [Times: user=0.00 sys=0.00, real=0.00 secs] 
2021-01-21T22:12:12.006+0800: 36.318: [GC (Allocation Failure) 2021-01-21T22:12:12.007+0800: 36.319: [ParNew: 157238K->157238K(157248K), 0.0003946 secs]2021-01-21T22:12:12.007+0800: 36.319: [CMS: 348306K->349533K(349568K), 0.0507032 secs] 505545K->381012K(506816K), [Metaspace: 2816K->2816K(1056768K)], 0.0523762 secs] [Times: user=0.05 sys=0.00, real=0.06 secs] 
2021-01-21T22:12:12.059+0800: 36.371: [GC (CMS Initial Mark) [1 CMS-initial-mark: 349533K(349568K)] 383714K(506816K), 0.0011376 secs] [Times: user=0.00 sys=0.00, real=0.00 secs] 
2021-01-21T22:12:12.061+0800: 36.373: [CMS-concurrent-mark-start]
2021-01-21T22:12:12.063+0800: 36.375: [CMS-concurrent-mark: 0.002/0.002 secs] [Times: user=0.01 sys=0.00, real=0.00 secs] 
2021-01-21T22:12:12.063+0800: 36.375: [CMS-concurrent-preclean-start]
2021-01-21T22:12:12.064+0800: 36.376: [CMS-concurrent-preclean: 0.001/0.001 secs] [Times: user=0.00 sys=0.00, real=0.00 secs] 
2021-01-21T22:12:12.065+0800: 36.377: [CMS-concurrent-abortable-preclean-start]
2021-01-21T22:12:12.065+0800: 36.377: [CMS-concurrent-abortable-preclean: 0.000/0.000 secs] [Times: user=0.00 sys=0.00, real=0.00 secs] 
2021-01-21T22:12:12.065+0800: 36.377: [GC (CMS Final Remark) [YG occupancy: 64254 K (157248 K)]2021-01-21T22:12:12.066+0800: 36.378: [Rescan (parallel) , 0.0012187 secs]2021-01-21T22:12:12.067+0800: 36.379: [weak refs processing, 0.0002964 secs]2021-01-21T22:12:12.068+0800: 36.380: [class unloading, 0.0003916 secs]2021-01-21T22:12:12.068+0800: 36.380: [scrub symbol table, 0.0007041 secs]2021-01-21T22:12:12.069+0800: 36.381: [scrub string table, 0.0004426 secs][1 CMS-remark: 349533K(349568K)] 413787K(506816K), 0.0047222 secs] [Times: user=0.00 sys=0.00, real=0.01 secs] 
2021-01-21T22:12:12.071+0800: 36.383: [CMS-concurrent-sweep-start]
2021-01-21T22:12:12.071+0800: 36.383: [CMS-concurrent-sweep: 0.000/0.000 secs] [Times: user=0.00 sys=0.00, real=0.00 secs] 
2021-01-21T22:12:12.071+0800: 36.383: [CMS-concurrent-reset-start]
2021-01-21T22:12:12.071+0800: 36.383: [CMS-concurrent-reset: 0.000/0.000 secs] [Times: user=0.00 sys=0.00, real=0.00 secs] 
2021-01-21T22:12:12.083+0800: 36.395: [GC (Allocation Failure) 2021-01-21T22:12:12.083+0800: 36.395: [ParNew: 157227K->157227K(157248K), 0.0002739 secs]2021-01-21T22:12:12.084+0800: 36.396: [CMS: 348840K->349034K(349568K), 0.0482402 secs] 506068K->381005K(506816K), [Metaspace: 2816K->2816K(1056768K)], 0.0496988 secs] [Times: user=0.05 sys=0.00, real=0.05 secs] 
2021-01-21T22:12:12.134+0800: 36.446: [GC (CMS Initial Mark) [1 CMS-initial-mark: 349034K(349568K)] 383745K(506816K), 0.0014198 secs] [Times: user=0.00 sys=0.00, real=0.00 secs] 
2021-01-21T22:12:12.136+0800: 36.448: [CMS-concurrent-mark-start]
2021-01-21T22:12:12.137+0800: 36.449: [CMS-concurrent-mark: 0.001/0.001 secs] [Times: user=0.00 sys=0.00, real=0.00 secs] 
2021-01-21T22:12:12.138+0800: 36.450: [CMS-concurrent-preclean-start]
2021-01-21T22:12:12.139+0800: 36.451: [CMS-concurrent-preclean: 0.001/0.001 secs] [Times: user=0.00 sys=0.00, real=0.01 secs] 
2021-01-21T22:12:12.139+0800: 36.451: [CMS-concurrent-abortable-preclean-start]
2021-01-21T22:12:12.139+0800: 36.451: [CMS-concurrent-abortable-preclean: 0.000/0.000 secs] [Times: user=0.00 sys=0.00, real=0.00 secs] 
2021-01-21T22:12:12.140+0800: 36.452: [GC (CMS Final Remark) [YG occupancy: 61412 K (157248 K)]2021-01-21T22:12:12.140+0800: 36.453: [Rescan (parallel) , 0.0012626 secs]2021-01-21T22:12:12.142+0800: 36.454: [weak refs processing, 0.0003166 secs]2021-01-21T22:12:12.143+0800: 36.455: [class unloading, 0.0004740 secs]2021-01-21T22:12:12.143+0800: 36.455: [scrub symbol table, 0.0008208 secs]2021-01-21T22:12:12.145+0800: 36.457: [scrub string table, 0.0005119 secs][1 CMS-remark: 349034K(349568K)] 410447K(506816K), 0.0052159 secs] [Times: user=0.00 sys=0.00, real=0.00 secs] 
2021-01-21T22:12:12.146+0800: 36.458: [CMS-concurrent-sweep-start]
2021-01-21T22:12:12.147+0800: 36.459: [CMS-concurrent-sweep: 0.000/0.000 secs] [Times: user=0.00 sys=0.00, real=0.00 secs] 
2021-01-21T22:12:12.147+0800: 36.459: [CMS-concurrent-reset-start]
2021-01-21T22:12:12.147+0800: 36.459: [CMS-concurrent-reset: 0.000/0.000 secs] [Times: user=0.00 sys=0.00, real=0.00 secs] 
2021-01-21T22:12:12.158+0800: 36.470: [GC (Allocation Failure) 2021-01-21T22:12:12.158+0800: 36.470: [ParNew: 156677K->156677K(157248K), 0.0003243 secs]2021-01-21T22:12:12.159+0800: 36.471: [CMS: 348410K->349550K(349568K), 0.0481687 secs] 505088K->372641K(506816K), [Metaspace: 2816K->2816K(1056768K)], 0.0498152 secs] [Times: user=0.05 sys=0.00, real=0.05 secs] 
2021-01-21T22:12:12.209+0800: 36.521: [GC (CMS Initial Mark) [1 CMS-initial-mark: 349550K(349568K)] 376018K(506816K), 0.0015536 secs] [Times: user=0.00 sys=0.00, real=0.00 secs] 
2021-01-21T22:12:12.211+0800: 36.523: [CMS-concurrent-mark-start]
2021-01-21T22:12:12.213+0800: 36.525: [CMS-concurrent-mark: 0.002/0.002 secs] [Times: user=0.01 sys=0.00, real=0.00 secs] 
2021-01-21T22:12:12.213+0800: 36.525: [CMS-concurrent-preclean-start]
2021-01-21T22:12:12.214+0800: 36.526: [CMS-concurrent-preclean: 0.001/0.001 secs] [Times: user=0.00 sys=0.00, real=0.00 secs] 
2021-01-21T22:12:12.215+0800: 36.527: [CMS-concurrent-abortable-preclean-start]
2021-01-21T22:12:12.215+0800: 36.527: [CMS-concurrent-abortable-preclean: 0.000/0.000 secs] [Times: user=0.00 sys=0.00, real=0.00 secs] 
2021-01-21T22:12:12.215+0800: 36.527: [GC (CMS Final Remark) [YG occupancy: 53228 K (157248 K)]2021-01-21T22:12:12.216+0800: 36.528: [Rescan (parallel) , 0.0011476 secs]2021-01-21T22:12:12.217+0800: 36.529: [weak refs processing, 0.0003031 secs]2021-01-21T22:12:12.218+0800: 36.530: [class unloading, 0.0004215 secs]2021-01-21T22:12:12.218+0800: 36.530: [scrub symbol table, 0.0005831 secs]2021-01-21T22:12:12.219+0800: 36.531: [scrub string table, 0.0003913 secs][1 CMS-remark: 349550K(349568K)] 402778K(506816K), 0.0044808 secs] [Times: user=0.01 sys=0.00, real=0.01 secs] 
2021-01-21T22:12:12.220+0800: 36.533: [CMS-concurrent-sweep-start]
2021-01-21T22:12:12.221+0800: 36.533: [CMS-concurrent-sweep: 0.000/0.000 secs] [Times: user=0.00 sys=0.00, real=0.00 secs] 
2021-01-21T22:12:12.221+0800: 36.533: [CMS-concurrent-reset-start]
2021-01-21T22:12:12.221+0800: 36.533: [CMS-concurrent-reset: 0.000/0.000 secs] [Times: user=0.00 sys=0.00, real=0.00 secs] 
2021-01-21T22:12:12.234+0800: 36.547: [GC (Allocation Failure) 2021-01-21T22:12:12.235+0800: 36.547: [ParNew: 157098K->157098K(157248K), 0.0003728 secs]2021-01-21T22:12:12.236+0800: 36.548: [CMS: 348625K->349221K(349568K), 0.0492233 secs] 505724K->371394K(506816K), [Metaspace: 2816K->2816K(1056768K)], 0.0507632 secs] [Times: user=0.05 sys=0.00, real=0.05 secs] 
2021-01-21T22:12:12.286+0800: 36.598: [GC (CMS Initial Mark) [1 CMS-initial-mark: 349221K(349568K)] 374705K(506816K), 0.0013079 secs] [Times: user=0.00 sys=0.00, real=0.00 secs] 
2021-01-21T22:12:12.288+0800: 36.600: [CMS-concurrent-mark-start]
2021-01-21T22:12:12.290+0800: 36.602: [CMS-concurrent-mark: 0.001/0.001 secs] [Times: user=0.01 sys=0.00, real=0.00 secs] 
2021-01-21T22:12:12.290+0800: 36.602: [CMS-concurrent-preclean-start]
2021-01-21T22:12:12.291+0800: 36.603: [CMS-concurrent-preclean: 0.001/0.001 secs] [Times: user=0.00 sys=0.00, real=0.00 secs] 
2021-01-21T22:12:12.291+0800: 36.603: [CMS-concurrent-abortable-preclean-start]
2021-01-21T22:12:12.291+0800: 36.603: [CMS-concurrent-abortable-preclean: 0.000/0.000 secs] [Times: user=0.00 sys=0.00, real=0.00 secs] 
2021-01-21T22:12:12.292+0800: 36.604: [GC (CMS Final Remark) [YG occupancy: 56302 K (157248 K)]2021-01-21T22:12:12.292+0800: 36.604: [Rescan (parallel) , 0.0013079 secs]2021-01-21T22:12:12.294+0800: 36.606: [weak refs processing, 0.0003268 secs]2021-01-21T22:12:12.295+0800: 36.607: [class unloading, 0.0008869 secs]2021-01-21T22:12:12.296+0800: 36.608: [scrub symbol table, 0.0008563 secs]2021-01-21T22:12:12.297+0800: 36.609: [scrub string table, 0.0004301 secs][1 CMS-remark: 349221K(349568K)] 405524K(506816K), 0.0059873 secs] [Times: user=0.01 sys=0.00, real=0.01 secs] 
2021-01-21T22:12:12.299+0800: 36.611: [CMS-concurrent-sweep-start]
2021-01-21T22:12:12.299+0800: 36.611: [CMS-concurrent-sweep: 0.001/0.001 secs] [Times: user=0.00 sys=0.00, real=0.00 secs] 
2021-01-21T22:12:12.300+0800: 36.612: [CMS-concurrent-reset-start]
2021-01-21T22:12:12.300+0800: 36.612: [CMS-concurrent-reset: 0.000/0.000 secs] [Times: user=0.00 sys=0.00, real=0.00 secs] 
2021-01-21T22:12:12.316+0800: 36.628: [GC (Allocation Failure) 2021-01-21T22:12:12.316+0800: 36.628: [ParNew: 157176K->157176K(157248K), 0.0003595 secs]2021-01-21T22:12:12.317+0800: 36.629: [CMS: 348221K->349510K(349568K), 0.0487492 secs] 505397K->362006K(506816K), [Metaspace: 2816K->2816K(1056768K)], 0.0503129 secs] [Times: user=0.05 sys=0.00, real=0.05 secs] 
2021-01-21T22:12:12.367+0800: 36.679: [GC (CMS Initial Mark) [1 CMS-initial-mark: 349510K(349568K)] 364687K(506816K), 0.0015546 secs] [Times: user=0.00 sys=0.00, real=0.01 secs] 
2021-01-21T22:12:12.369+0800: 36.681: [CMS-concurrent-mark-start]
2021-01-21T22:12:12.371+0800: 36.683: [CMS-concurrent-mark: 0.001/0.001 secs] [Times: user=0.00 sys=0.00, real=0.00 secs] 
2021-01-21T22:12:12.371+0800: 36.683: [CMS-concurrent-preclean-start]
2021-01-21T22:12:12.372+0800: 36.684: [CMS-concurrent-preclean: 0.001/0.001 secs] [Times: user=0.00 sys=0.00, real=0.00 secs] 
2021-01-21T22:12:12.373+0800: 36.685: [CMS-concurrent-abortable-preclean-start]
2021-01-21T22:12:12.373+0800: 36.685: [CMS-concurrent-abortable-preclean: 0.000/0.000 secs] [Times: user=0.00 sys=0.00, real=0.00 secs] 
2021-01-21T22:12:12.373+0800: 36.685: [GC (CMS Final Remark) [YG occupancy: 44042 K (157248 K)]2021-01-21T22:12:12.373+0800: 36.685: [Rescan (parallel) , 0.0012566 secs]2021-01-21T22:12:12.375+0800: 36.687: [weak refs processing, 0.0002902 secs]2021-01-21T22:12:12.376+0800: 36.688: [class unloading, 0.0004996 secs]2021-01-21T22:12:12.376+0800: 36.688: [scrub symbol table, 0.0007598 secs]2021-01-21T22:12:12.377+0800: 36.690: [scrub string table, 0.0005113 secs][1 CMS-remark: 349510K(349568K)] 393553K(506816K), 0.0051862 secs] [Times: user=0.01 sys=0.00, real=0.01 secs] 
2021-01-21T22:12:12.379+0800: 36.691: [CMS-concurrent-sweep-start]
2021-01-21T22:12:12.380+0800: 36.692: [CMS-concurrent-sweep: 0.000/0.000 secs] [Times: user=0.00 sys=0.00, real=0.00 secs] 
2021-01-21T22:12:12.380+0800: 36.692: [CMS-concurrent-reset-start]
2021-01-21T22:12:12.380+0800: 36.692: [CMS-concurrent-reset: 0.000/0.000 secs] [Times: user=0.00 sys=0.00, real=0.00 secs] 
2021-01-21T22:12:12.392+0800: 36.704: [GC (Allocation Failure) 2021-01-21T22:12:12.393+0800: 36.705: [ParNew: 157184K->157184K(157248K), 0.0004729 secs]2021-01-21T22:12:12.394+0800: 36.706: [CMS: 348996K->349386K(349568K), 0.0475911 secs] 506180K->368410K(506816K), [Metaspace: 2816K->2816K(1056768K)], 0.0495465 secs] [Times: user=0.05 sys=0.00, real=0.05 secs] 
2021-01-21T22:12:12.443+0800: 36.755: [GC (CMS Initial Mark) [1 CMS-initial-mark: 349386K(349568K)] 371298K(506816K), 0.0018883 secs] [Times: user=0.00 sys=0.00, real=0.00 secs] 
2021-01-21T22:12:12.446+0800: 36.758: [CMS-concurrent-mark-start]
2021-01-21T22:12:12.447+0800: 36.759: [CMS-concurrent-mark: 0.001/0.001 secs] [Times: user=0.01 sys=0.00, real=0.00 secs] 
2021-01-21T22:12:12.448+0800: 36.760: [CMS-concurrent-preclean-start]
2021-01-21T22:12:12.449+0800: 36.761: [CMS-concurrent-preclean: 0.001/0.001 secs] [Times: user=0.00 sys=0.00, real=0.01 secs] 
2021-01-21T22:12:12.449+0800: 36.761: [CMS-concurrent-abortable-preclean-start]
2021-01-21T22:12:12.449+0800: 36.761: [CMS-concurrent-abortable-preclean: 0.000/0.000 secs] [Times: user=0.00 sys=0.00, real=0.00 secs] 
2021-01-21T22:12:12.450+0800: 36.762: [GC (CMS Final Remark) [YG occupancy: 46855 K (157248 K)]2021-01-21T22:12:12.450+0800: 36.762: [Rescan (parallel) , 0.0007694 secs]2021-01-21T22:12:12.451+0800: 36.763: [weak refs processing, 0.0003540 secs]2021-01-21T22:12:12.452+0800: 36.764: [class unloading, 0.0004689 secs]2021-01-21T22:12:12.453+0800: 36.765: [scrub symbol table, 0.0005974 secs]2021-01-21T22:12:12.454+0800: 36.766: [scrub string table, 0.0005306 secs][1 CMS-remark: 349386K(349568K)] 396242K(506816K), 0.0047749 secs] [Times: user=0.01 sys=0.00, real=0.00 secs] 
2021-01-21T22:12:12.455+0800: 36.767: [CMS-concurrent-sweep-start]
2021-01-21T22:12:12.456+0800: 36.768: [CMS-concurrent-sweep: 0.000/0.000 secs] [Times: user=0.00 sys=0.00, real=0.00 secs] 
2021-01-21T22:12:12.456+0800: 36.768: [CMS-concurrent-reset-start]
2021-01-21T22:12:12.456+0800: 36.768: [CMS-concurrent-reset: 0.000/0.000 secs] [Times: user=0.00 sys=0.00, real=0.00 secs] 
2021-01-21T22:12:12.470+0800: 36.782: [GC (Allocation Failure) 2021-01-21T22:12:12.471+0800: 36.783: [ParNew: 157035K->157035K(157248K), 0.0003408 secs]2021-01-21T22:12:12.471+0800: 36.783: [CMS: 348314K->349475K(349568K), 0.0475466 secs] 505350K->366487K(506816K), [Metaspace: 2816K->2816K(1056768K)], 0.0491128 secs] [Times: user=0.05 sys=0.00, real=0.05 secs] 
2021-01-21T22:12:12.520+0800: 36.832: [GC (CMS Initial Mark) [1 CMS-initial-mark: 349475K(349568K)] 370145K(506816K), 0.0013664 secs] [Times: user=0.00 sys=0.00, real=0.00 secs] 
2021-01-21T22:12:12.523+0800: 36.835: [CMS-concurrent-mark-start]
2021-01-21T22:12:12.524+0800: 36.836: [CMS-concurrent-mark: 0.002/0.002 secs] [Times: user=0.00 sys=0.00, real=0.00 secs] 
2021-01-21T22:12:12.525+0800: 36.837: [CMS-concurrent-preclean-start]
2021-01-21T22:12:12.526+0800: 36.838: [CMS-concurrent-preclean: 0.001/0.001 secs] [Times: user=0.00 sys=0.00, real=0.00 secs] 
2021-01-21T22:12:12.526+0800: 36.838: [CMS-concurrent-abortable-preclean-start]
2021-01-21T22:12:12.526+0800: 36.838: [CMS-concurrent-abortable-preclean: 0.000/0.000 secs] [Times: user=0.00 sys=0.00, real=0.00 secs] 
2021-01-21T22:12:12.527+0800: 36.839: [GC (CMS Final Remark) [YG occupancy: 55946 K (157248 K)]2021-01-21T22:12:12.527+0800: 36.839: [Rescan (parallel) , 0.0013906 secs]2021-01-21T22:12:12.529+0800: 36.841: [weak refs processing, 0.0002981 secs]2021-01-21T22:12:12.529+0800: 36.841: [class unloading, 0.0004584 secs]2021-01-21T22:12:12.530+0800: 36.842: [scrub symbol table, 0.0005888 secs]2021-01-21T22:12:12.531+0800: 36.843: [scrub string table, 0.0004390 secs][1 CMS-remark: 349475K(349568K)] 405421K(506816K), 0.0049610 secs] [Times: user=0.00 sys=0.00, real=0.01 secs] 
2021-01-21T22:12:12.532+0800: 36.844: [CMS-concurrent-sweep-start]
2021-01-21T22:12:12.533+0800: 36.845: [CMS-concurrent-sweep: 0.000/0.000 secs] [Times: user=0.00 sys=0.00, real=0.00 secs] 
2021-01-21T22:12:12.533+0800: 36.845: [CMS-concurrent-reset-start]
2021-01-21T22:12:12.533+0800: 36.845: [CMS-concurrent-reset: 0.000/0.000 secs] [Times: user=0.00 sys=0.00, real=0.00 secs] 
2021-01-21T22:12:12.546+0800: 36.858: [GC (Allocation Failure) 2021-01-21T22:12:12.547+0800: 36.859: [ParNew: 157178K->157178K(157248K), 0.0004490 secs]2021-01-21T22:12:12.547+0800: 36.860: [CMS: 348058K->349327K(349568K), 0.0480327 secs] 505236K->363121K(506816K), [Metaspace: 2816K->2816K(1056768K)], 0.0500144 secs] [Times: user=0.05 sys=0.00, real=0.05 secs] 
2021-01-21T22:12:12.597+0800: 36.909: [GC (CMS Initial Mark) [1 CMS-initial-mark: 349327K(349568K)] 366066K(506816K), 0.0012099 secs] [Times: user=0.00 sys=0.00, real=0.01 secs] 
2021-01-21T22:12:12.599+0800: 36.911: [CMS-concurrent-mark-start]
2021-01-21T22:12:12.600+0800: 36.912: [CMS-concurrent-mark: 0.001/0.001 secs] [Times: user=0.00 sys=0.00, real=0.00 secs] 
2021-01-21T22:12:12.601+0800: 36.913: [CMS-concurrent-preclean-start]
2021-01-21T22:12:12.602+0800: 36.914: [CMS-concurrent-preclean: 0.001/0.001 secs] [Times: user=0.00 sys=0.00, real=0.00 secs] 
2021-01-21T22:12:12.602+0800: 36.914: [CMS-concurrent-abortable-preclean-start]
2021-01-21T22:12:12.602+0800: 36.914: [CMS-concurrent-abortable-preclean: 0.000/0.000 secs] [Times: user=0.00 sys=0.00, real=0.00 secs] 
2021-01-21T22:12:12.603+0800: 36.915: [GC (CMS Final Remark) [YG occupancy: 46763 K (157248 K)]2021-01-21T22:12:12.603+0800: 36.915: [Rescan (parallel) , 0.0008727 secs]2021-01-21T22:12:12.605+0800: 36.917: [weak refs processing, 0.0003436 secs]2021-01-21T22:12:12.605+0800: 36.917: [class unloading, 0.0006466 secs]2021-01-21T22:12:12.606+0800: 36.918: [scrub symbol table, 0.0008610 secs]2021-01-21T22:12:12.607+0800: 36.919: [scrub string table, 0.0004163 secs][1 CMS-remark: 349327K(349568K)] 396090K(506816K), 0.0053046 secs] [Times: user=0.00 sys=0.00, real=0.01 secs] 
2021-01-21T22:12:12.609+0800: 36.921: [CMS-concurrent-sweep-start]
2021-01-21T22:12:12.609+0800: 36.921: [CMS-concurrent-sweep: 0.000/0.000 secs] [Times: user=0.00 sys=0.00, real=0.00 secs] 
2021-01-21T22:12:12.609+0800: 36.922: [CMS-concurrent-reset-start]
2021-01-21T22:12:12.610+0800: 36.922: [CMS-concurrent-reset: 0.000/0.000 secs] [Times: user=0.00 sys=0.00, real=0.00 secs] 
2021-01-21T22:12:12.624+0800: 36.936: [GC (Allocation Failure) 2021-01-21T22:12:12.625+0800: 36.937: [ParNew: 157240K->157240K(157248K), 0.0002802 secs]2021-01-21T22:12:12.625+0800: 36.937: [CMS: 348175K->349172K(349568K), 0.0481234 secs] 505416K->365101K(506816K), [Metaspace: 2816K->2816K(1056768K)], 0.0496510 secs] [Times: user=0.05 sys=0.00, real=0.05 secs] 
2021-01-21T22:12:12.675+0800: 36.987: [GC (CMS Initial Mark) [1 CMS-initial-mark: 349172K(349568K)] 367904K(506816K), 0.0012871 secs] [Times: user=0.00 sys=0.00, real=0.00 secs] 
2021-01-21T22:12:12.677+0800: 36.989: [CMS-concurrent-mark-start]
2021-01-21T22:12:12.679+0800: 36.991: [CMS-concurrent-mark: 0.002/0.002 secs] [Times: user=0.00 sys=0.00, real=0.01 secs] 
2021-01-21T22:12:12.679+0800: 36.991: [CMS-concurrent-preclean-start]
2021-01-21T22:12:12.680+0800: 36.992: [CMS-concurrent-preclean: 0.001/0.001 secs] [Times: user=0.00 sys=0.00, real=0.00 secs] 
2021-01-21T22:12:12.681+0800: 36.993: [CMS-concurrent-abortable-preclean-start]
2021-01-21T22:12:12.681+0800: 36.993: [CMS-concurrent-abortable-preclean: 0.000/0.000 secs] [Times: user=0.00 sys=0.00, real=0.00 secs] 
2021-01-21T22:12:12.681+0800: 36.993: [GC (CMS Final Remark) [YG occupancy: 51473 K (157248 K)]2021-01-21T22:12:12.682+0800: 36.994: [Rescan (parallel) , 0.0010013 secs]2021-01-21T22:12:12.683+0800: 36.995: [weak refs processing, 0.0002931 secs]2021-01-21T22:12:12.683+0800: 36.996: [class unloading, 0.0004434 secs]2021-01-21T22:12:12.684+0800: 36.996: [scrub symbol table, 0.0005000 secs]2021-01-21T22:12:12.685+0800: 36.997: [scrub string table, 0.0003733 secs][1 CMS-remark: 349172K(349568K)] 400645K(506816K), 0.0041661 secs] [Times: user=0.00 sys=0.00, real=0.00 secs] 
2021-01-21T22:12:12.686+0800: 36.998: [CMS-concurrent-sweep-start]
2021-01-21T22:12:12.687+0800: 36.999: [CMS-concurrent-sweep: 0.000/0.000 secs] [Times: user=0.00 sys=0.00, real=0.00 secs] 
2021-01-21T22:12:12.687+0800: 36.999: [CMS-concurrent-reset-start]
2021-01-21T22:12:12.687+0800: 36.999: [CMS-concurrent-reset: 0.000/0.000 secs] [Times: user=0.00 sys=0.00, real=0.00 secs] 
2021-01-21T22:12:12.698+0800: 37.011: [GC (Allocation Failure) 2021-01-21T22:12:12.699+0800: 37.011: [ParNew: 157230K->157230K(157248K), 0.0004045 secs]2021-01-21T22:12:12.700+0800: 37.012: [CMS: 348685K->349476K(349568K), 0.0491346 secs] 505915K->367710K(506816K), [Metaspace: 2816K->2816K(1056768K)], 0.0510094 secs] [Times: user=0.05 sys=0.00, real=0.05 secs] 
2021-01-21T22:12:12.750+0800: 37.062: [GC (CMS Initial Mark) [1 CMS-initial-mark: 349476K(349568K)] 371040K(506816K), 0.0013258 secs] [Times: user=0.01 sys=0.00, real=0.00 secs] 
2021-01-21T22:12:12.752+0800: 37.064: [CMS-concurrent-mark-start]
2021-01-21T22:12:12.754+0800: 37.066: [CMS-concurrent-mark: 0.001/0.001 secs] [Times: user=0.00 sys=0.00, real=0.00 secs] 
2021-01-21T22:12:12.754+0800: 37.066: [CMS-concurrent-preclean-start]
2021-01-21T22:12:12.755+0800: 37.067: [CMS-concurrent-preclean: 0.001/0.001 secs] [Times: user=0.00 sys=0.00, real=0.00 secs] 
2021-01-21T22:12:12.756+0800: 37.068: [CMS-concurrent-abortable-preclean-start]
2021-01-21T22:12:12.756+0800: 37.068: [CMS-concurrent-abortable-preclean: 0.000/0.000 secs] [Times: user=0.00 sys=0.00, real=0.00 secs] 
2021-01-21T22:12:12.756+0800: 37.068: [GC (CMS Final Remark) [YG occupancy: 57144 K (157248 K)]2021-01-21T22:12:12.757+0800: 37.069: [Rescan (parallel) , 0.0012769 secs]2021-01-21T22:12:12.758+0800: 37.070: [weak refs processing, 0.0002661 secs]2021-01-21T22:12:12.759+0800: 37.071: [class unloading, 0.0004216 secs]2021-01-21T22:12:12.759+0800: 37.071: [scrub symbol table, 0.0007397 secs]2021-01-21T22:12:12.761+0800: 37.073: [scrub string table, 0.0004015 secs][1 CMS-remark: 349476K(349568K)] 406621K(506816K), 0.0049538 secs] [Times: user=0.01 sys=0.00, real=0.01 secs] 
2021-01-21T22:12:12.762+0800: 37.074: [CMS-concurrent-sweep-start]
2021-01-21T22:12:12.762+0800: 37.074: [CMS-concurrent-sweep: 0.000/0.000 secs] [Times: user=0.00 sys=0.00, real=0.00 secs] 
2021-01-21T22:12:12.763+0800: 37.075: [CMS-concurrent-reset-start]
2021-01-21T22:12:12.763+0800: 37.075: [CMS-concurrent-reset: 0.000/0.000 secs] [Times: user=0.00 sys=0.00, real=0.00 secs] 
2021-01-21T22:12:12.774+0800: 37.086: [GC (Allocation Failure) 2021-01-21T22:12:12.774+0800: 37.086: [ParNew: 156806K->156806K(157248K), 0.0003638 secs]2021-01-21T22:12:12.775+0800: 37.087: [CMS: 349168K->349302K(349568K), 0.0485262 secs] 505975K->369127K(506816K), [Metaspace: 2816K->2816K(1056768K)], 0.0501603 secs] [Times: user=0.05 sys=0.00, real=0.05 secs] 
2021-01-21T22:12:12.825+0800: 37.137: [GC (CMS Initial Mark) [1 CMS-initial-mark: 349302K(349568K)] 373295K(506816K), 0.0014411 secs] [Times: user=0.00 sys=0.00, real=0.00 secs] 
2021-01-21T22:12:12.827+0800: 37.139: [CMS-concurrent-mark-start]
2021-01-21T22:12:12.829+0800: 37.141: [CMS-concurrent-mark: 0.002/0.002 secs] [Times: user=0.01 sys=0.00, real=0.01 secs] 
2021-01-21T22:12:12.830+0800: 37.142: [CMS-concurrent-preclean-start]
2021-01-21T22:12:12.831+0800: 37.143: [CMS-concurrent-preclean: 0.001/0.001 secs] [Times: user=0.00 sys=0.00, real=0.00 secs] 
2021-01-21T22:12:12.831+0800: 37.143: [CMS-concurrent-abortable-preclean-start]
2021-01-21T22:12:12.831+0800: 37.143: [CMS-concurrent-abortable-preclean: 0.000/0.000 secs] [Times: user=0.00 sys=0.00, real=0.00 secs] 
2021-01-21T22:12:12.832+0800: 37.144: [GC (CMS Final Remark) [YG occupancy: 57354 K (157248 K)]2021-01-21T22:12:12.832+0800: 37.144: [Rescan (parallel) , 0.0012624 secs]2021-01-21T22:12:12.834+0800: 37.146: [weak refs processing, 0.0003020 secs]2021-01-21T22:12:12.834+0800: 37.146: [class unloading, 0.0004431 secs]2021-01-21T22:12:12.835+0800: 37.147: [scrub symbol table, 0.0005263 secs]2021-01-21T22:12:12.836+0800: 37.148: [scrub string table, 0.0004108 secs][1 CMS-remark: 349302K(349568K)] 406656K(506816K), 0.0046679 secs] [Times: user=0.01 sys=0.00, real=0.00 secs] 
2021-01-21T22:12:12.837+0800: 37.149: [CMS-concurrent-sweep-start]
2021-01-21T22:12:12.837+0800: 37.149: [CMS-concurrent-sweep: 0.000/0.000 secs] [Times: user=0.00 sys=0.00, real=0.00 secs] 
2021-01-21T22:12:12.838+0800: 37.150: [CMS-concurrent-reset-start]
2021-01-21T22:12:12.838+0800: 37.150: [CMS-concurrent-reset: 0.000/0.000 secs] [Times: user=0.00 sys=0.00, real=0.00 secs] 
2021-01-21T22:12:12.851+0800: 37.163: [GC (Allocation Failure) 2021-01-21T22:12:12.851+0800: 37.163: [ParNew: 157162K->157162K(157248K), 0.0003783 secs]2021-01-21T22:12:12.852+0800: 37.164: [CMS: 348031K->349265K(349568K), 0.0498620 secs] 505194K->375038K(506816K), [Metaspace: 2816K->2816K(1056768K)], 0.0514918 secs] [Times: user=0.05 sys=0.00, real=0.05 secs] 
2021-01-21T22:12:12.903+0800: 37.215: [GC (CMS Initial Mark) [1 CMS-initial-mark: 349265K(349568K)] 378585K(506816K), 0.0014369 secs] [Times: user=0.00 sys=0.00, real=0.00 secs] 
2021-01-21T22:12:12.906+0800: 37.218: [CMS-concurrent-mark-start]
2021-01-21T22:12:12.907+0800: 37.219: [CMS-concurrent-mark: 0.001/0.001 secs] [Times: user=0.01 sys=0.00, real=0.00 secs] 
2021-01-21T22:12:12.908+0800: 37.220: [CMS-concurrent-preclean-start]
2021-01-21T22:12:12.909+0800: 37.221: [CMS-concurrent-preclean: 0.001/0.001 secs] [Times: user=0.00 sys=0.00, real=0.01 secs] 
2021-01-21T22:12:12.909+0800: 37.222: [CMS-concurrent-abortable-preclean-start]
2021-01-21T22:12:12.909+0800: 37.222: [CMS-concurrent-abortable-preclean: 0.000/0.000 secs] [Times: user=0.00 sys=0.00, real=0.00 secs] 
2021-01-21T22:12:12.910+0800: 37.222: [GC (CMS Final Remark) [YG occupancy: 60627 K (157248 K)]2021-01-21T22:12:12.910+0800: 37.222: [Rescan (parallel) , 0.0012793 secs]2021-01-21T22:12:12.912+0800: 37.224: [weak refs processing, 0.0003123 secs]2021-01-21T22:12:12.913+0800: 37.225: [class unloading, 0.0004847 secs]2021-01-21T22:12:12.913+0800: 37.226: [scrub symbol table, 0.0005727 secs]2021-01-21T22:12:12.914+0800: 37.226: [scrub string table, 0.0004633 secs][1 CMS-remark: 349265K(349568K)] 409892K(506816K), 0.0049908 secs] [Times: user=0.01 sys=0.00, real=0.00 secs] 
2021-01-21T22:12:12.916+0800: 37.228: [CMS-concurrent-sweep-start]
2021-01-21T22:12:12.916+0800: 37.228: [CMS-concurrent-sweep: 0.000/0.000 secs] [Times: user=0.00 sys=0.00, real=0.00 secs] 
2021-01-21T22:12:12.916+0800: 37.228: [CMS-concurrent-reset-start]
2021-01-21T22:12:12.917+0800: 37.229: [CMS-concurrent-reset: 0.000/0.000 secs] [Times: user=0.00 sys=0.00, real=0.00 secs] 
2021-01-21T22:12:12.929+0800: 37.241: [GC (Allocation Failure) 2021-01-21T22:12:12.930+0800: 37.242: [ParNew: 157110K->157110K(157248K), 0.0003667 secs]2021-01-21T22:12:12.931+0800: 37.243: [CMS: 348658K->349549K(349568K), 0.0516028 secs] 505768K->374907K(506816K), [Metaspace: 2816K->2816K(1056768K)], 0.0533639 secs] [Times: user=0.05 sys=0.00, real=0.05 secs] 
2021-01-21T22:12:12.984+0800: 37.296: [GC (CMS Initial Mark) [1 CMS-initial-mark: 349549K(349568K)] 378043K(506816K), 0.0015702 secs] [Times: user=0.01 sys=0.00, real=0.00 secs] 
2021-01-21T22:12:12.986+0800: 37.298: [CMS-concurrent-mark-start]
2021-01-21T22:12:12.987+0800: 37.299: [CMS-concurrent-mark: 0.001/0.001 secs] [Times: user=0.00 sys=0.00, real=0.00 secs] 
2021-01-21T22:12:12.988+0800: 37.300: [CMS-concurrent-preclean-start]
2021-01-21T22:12:12.989+0800: 37.301: [CMS-concurrent-preclean: 0.001/0.001 secs] [Times: user=0.00 sys=0.00, real=0.01 secs] 
2021-01-21T22:12:12.989+0800: 37.301: [CMS-concurrent-abortable-preclean-start]
2021-01-21T22:12:12.989+0800: 37.301: [CMS-concurrent-abortable-preclean: 0.000/0.000 secs] [Times: user=0.00 sys=0.00, real=0.00 secs] 
2021-01-21T22:12:12.990+0800: 37.302: [GC (CMS Final Remark) [YG occupancy: 50236 K (157248 K)]2021-01-21T22:12:12.990+0800: 37.302: [Rescan (parallel) , 0.0012603 secs]2021-01-21T22:12:12.992+0800: 37.304: [weak refs processing, 0.0002100 secs]2021-01-21T22:12:12.992+0800: 37.304: [class unloading, 0.0003761 secs]2021-01-21T22:12:12.993+0800: 37.305: [scrub symbol table, 0.0007517 secs]2021-01-21T22:12:12.994+0800: 37.306: [scrub string table, 0.0004071 secs][1 CMS-remark: 349549K(349568K)] 399786K(506816K), 0.0044535 secs] [Times: user=0.01 sys=0.00, real=0.00 secs] 
2021-01-21T22:12:12.995+0800: 37.307: [CMS-concurrent-sweep-start]
2021-01-21T22:12:12.995+0800: 37.307: [CMS-concurrent-sweep: 0.000/0.000 secs] [Times: user=0.00 sys=0.00, real=0.00 secs] 
2021-01-21T22:12:12.995+0800: 37.307: [CMS-concurrent-reset-start]
2021-01-21T22:12:12.996+0800: 37.308: [CMS-concurrent-reset: 0.000/0.000 secs] [Times: user=0.00 sys=0.00, real=0.00 secs] 
2021-01-21T22:12:13.009+0800: 37.321: [GC (Allocation Failure) 2021-01-21T22:12:13.009+0800: 37.321: [ParNew: 156996K->156996K(157248K), 0.0004540 secs]2021-01-21T22:12:13.010+0800: 37.322: [CMS: 349505K->349540K(349568K), 0.0485684 secs] 506501K->373012K(506816K), [Metaspace: 2816K->2816K(1056768K)], 0.0503178 secs] [Times: user=0.05 sys=0.00, real=0.05 secs] 
2021-01-21T22:12:13.060+0800: 37.372: [GC (CMS Initial Mark) [1 CMS-initial-mark: 349540K(349568K)] 375974K(506816K), 0.0017231 secs] [Times: user=0.01 sys=0.00, real=0.00 secs] 
2021-01-21T22:12:13.063+0800: 37.375: [CMS-concurrent-mark-start]
2021-01-21T22:12:13.064+0800: 37.376: [CMS-concurrent-mark: 0.001/0.001 secs] [Times: user=0.00 sys=0.00, real=0.00 secs] 
2021-01-21T22:12:13.065+0800: 37.377: [CMS-concurrent-preclean-start]
2021-01-21T22:12:13.066+0800: 37.378: [CMS-concurrent-preclean: 0.001/0.001 secs] [Times: user=0.00 sys=0.00, real=0.00 secs] 
2021-01-21T22:12:13.066+0800: 37.378: [CMS-concurrent-abortable-preclean-start]
2021-01-21T22:12:13.066+0800: 37.378: [CMS-concurrent-abortable-preclean: 0.000/0.000 secs] [Times: user=0.00 sys=0.00, real=0.00 secs] 
2021-01-21T22:12:13.067+0800: 37.379: [GC (CMS Final Remark) [YG occupancy: 49361 K (157248 K)]2021-01-21T22:12:13.067+0800: 37.379: [Rescan (parallel) , 0.0011621 secs]2021-01-21T22:12:13.069+0800: 37.381: [weak refs processing, 0.0002888 secs]2021-01-21T22:12:13.069+0800: 37.381: [class unloading, 0.0004856 secs]2021-01-21T22:12:13.070+0800: 37.382: [scrub symbol table, 0.0005216 secs]2021-01-21T22:12:13.071+0800: 37.383: [scrub string table, 0.0003873 secs][1 CMS-remark: 349540K(349568K)] 398901K(506816K), 0.0045299 secs] [Times: user=0.00 sys=0.00, real=0.01 secs] 
2021-01-21T22:12:13.072+0800: 37.384: [CMS-concurrent-sweep-start]
2021-01-21T22:12:13.073+0800: 37.385: [CMS-concurrent-sweep: 0.000/0.000 secs] [Times: user=0.00 sys=0.00, real=0.00 secs] 
2021-01-21T22:12:13.073+0800: 37.385: [CMS-concurrent-reset-start]
2021-01-21T22:12:13.073+0800: 37.385: [CMS-concurrent-reset: 0.000/0.000 secs] [Times: user=0.00 sys=0.00, real=0.00 secs] 
2021-01-21T22:12:13.085+0800: 37.397: [GC (Allocation Failure) 2021-01-21T22:12:13.085+0800: 37.397: [ParNew: 157243K->157243K(157248K), 0.0002826 secs]2021-01-21T22:12:13.086+0800: 37.398: [CMS: 349271K->349300K(349568K), 0.0465782 secs] 506515K->369915K(506816K), [Metaspace: 2816K->2816K(1056768K)], 0.0478797 secs] [Times: user=0.04 sys=0.00, real=0.05 secs] 
2021-01-21T22:12:13.134+0800: 37.446: [GC (CMS Initial Mark) [1 CMS-initial-mark: 349300K(349568K)] 372680K(506816K), 0.0009510 secs] [Times: user=0.00 sys=0.00, real=0.00 secs] 
2021-01-21T22:12:13.135+0800: 37.447: [CMS-concurrent-mark-start]
2021-01-21T22:12:13.137+0800: 37.449: [CMS-concurrent-mark: 0.002/0.002 secs] [Times: user=0.01 sys=0.00, real=0.00 secs] 
2021-01-21T22:12:13.137+0800: 37.449: [CMS-concurrent-preclean-start]
2021-01-21T22:12:13.138+0800: 37.450: [CMS-concurrent-preclean: 0.001/0.001 secs] [Times: user=0.00 sys=0.00, real=0.01 secs] 
2021-01-21T22:12:13.139+0800: 37.451: [CMS-concurrent-abortable-preclean-start]
2021-01-21T22:12:13.139+0800: 37.451: [CMS-concurrent-abortable-preclean: 0.000/0.000 secs] [Times: user=0.00 sys=0.00, real=0.00 secs] 
2021-01-21T22:12:13.139+0800: 37.451: [GC (CMS Final Remark) [YG occupancy: 45319 K (157248 K)]2021-01-21T22:12:13.139+0800: 37.451: [Rescan (parallel) , 0.0006801 secs]2021-01-21T22:12:13.140+0800: 37.452: [weak refs processing, 0.0002818 secs]2021-01-21T22:12:13.141+0800: 37.453: [class unloading, 0.0004534 secs]2021-01-21T22:12:13.142+0800: 37.454: [scrub symbol table, 0.0005033 secs]2021-01-21T22:12:13.142+0800: 37.454: [scrub string table, 0.0004449 secs][1 CMS-remark: 349300K(349568K)] 394619K(506816K), 0.0039815 secs] [Times: user=0.01 sys=0.00, real=0.00 secs] 
2021-01-21T22:12:13.144+0800: 37.456: [CMS-concurrent-sweep-start]
2021-01-21T22:12:13.144+0800: 37.456: [CMS-concurrent-sweep: 0.000/0.000 secs] [Times: user=0.00 sys=0.00, real=0.00 secs] 
2021-01-21T22:12:13.144+0800: 37.456: [CMS-concurrent-reset-start]
2021-01-21T22:12:13.144+0800: 37.456: [CMS-concurrent-reset: 0.000/0.000 secs] [Times: user=0.00 sys=0.00, real=0.00 secs] 
2021-01-21T22:12:13.158+0800: 37.470: [GC (Allocation Failure) 2021-01-21T22:12:13.158+0800: 37.470: [ParNew: 157246K->157246K(157248K), 0.0003284 secs]2021-01-21T22:12:13.159+0800: 37.471: [CMS: 349300K->349001K(349568K), 0.0476744 secs] 506546K->369525K(506816K), [Metaspace: 2816K->2816K(1056768K)], 0.0491656 secs] [Times: user=0.05 sys=0.00, real=0.05 secs] 
2021-01-21T22:12:13.208+0800: 37.520: [GC (CMS Initial Mark) [1 CMS-initial-mark: 349001K(349568K)] 372266K(506816K), 0.0016101 secs] [Times: user=0.00 sys=0.00, real=0.01 secs] 
2021-01-21T22:12:13.210+0800: 37.522: [CMS-concurrent-mark-start]
2021-01-21T22:12:13.211+0800: 37.523: [CMS-concurrent-mark: 0.001/0.001 secs] [Times: user=0.00 sys=0.00, real=0.00 secs] 
2021-01-21T22:12:13.212+0800: 37.524: [CMS-concurrent-preclean-start]
2021-01-21T22:12:13.213+0800: 37.525: [CMS-concurrent-preclean: 0.001/0.001 secs] [Times: user=0.00 sys=0.00, real=0.00 secs] 
2021-01-21T22:12:13.213+0800: 37.525: [CMS-concurrent-abortable-preclean-start]
2021-01-21T22:12:13.213+0800: 37.525: [CMS-concurrent-abortable-preclean: 0.000/0.000 secs] [Times: user=0.00 sys=0.00, real=0.00 secs] 
2021-01-21T22:12:13.214+0800: 37.526: [GC (CMS Final Remark) [YG occupancy: 47626 K (157248 K)]2021-01-21T22:12:13.214+0800: 37.526: [Rescan (parallel) , 0.0010749 secs]2021-01-21T22:12:13.215+0800: 37.527: [weak refs processing, 0.0002447 secs]2021-01-21T22:12:13.216+0800: 37.528: [class unloading, 0.0004237 secs]2021-01-21T22:12:13.217+0800: 37.529: [scrub symbol table, 0.0005283 secs]2021-01-21T22:12:13.217+0800: 37.529: [scrub string table, 0.0004057 secs][1 CMS-remark: 349001K(349568K)] 396627K(506816K), 0.0043429 secs] [Times: user=0.00 sys=0.00, real=0.01 secs] 
2021-01-21T22:12:13.219+0800: 37.531: [CMS-concurrent-sweep-start]
2021-01-21T22:12:13.219+0800: 37.531: [CMS-concurrent-sweep: 0.000/0.000 secs] [Times: user=0.00 sys=0.00, real=0.00 secs] 
2021-01-21T22:12:13.219+0800: 37.531: [CMS-concurrent-reset-start]
2021-01-21T22:12:13.220+0800: 37.532: [CMS-concurrent-reset: 0.000/0.000 secs] [Times: user=0.00 sys=0.00, real=0.00 secs] 
2021-01-21T22:12:13.234+0800: 37.546: [GC (Allocation Failure) 2021-01-21T22:12:13.234+0800: 37.546: [ParNew: 157114K->157114K(157248K), 0.0002953 secs]2021-01-21T22:12:13.235+0800: 37.547: [CMS: 347488K->349498K(349568K), 0.0474229 secs] 504603K->364582K(506816K), [Metaspace: 2816K->2816K(1056768K)], 0.0487874 secs] [Times: user=0.05 sys=0.00, real=0.05 secs] 
2021-01-21T22:12:13.284+0800: 37.596: [GC (CMS Initial Mark) [1 CMS-initial-mark: 349498K(349568K)] 367712K(506816K), 0.0013810 secs] [Times: user=0.00 sys=0.00, real=0.00 secs] 
2021-01-21T22:12:13.286+0800: 37.598: [CMS-concurrent-mark-start]
2021-01-21T22:12:13.287+0800: 37.599: [CMS-concurrent-mark: 0.001/0.001 secs] [Times: user=0.00 sys=0.00, real=0.00 secs] 
2021-01-21T22:12:13.288+0800: 37.600: [CMS-concurrent-preclean-start]
2021-01-21T22:12:13.289+0800: 37.601: [CMS-concurrent-preclean: 0.001/0.001 secs] [Times: user=0.00 sys=0.00, real=0.01 secs] 
2021-01-21T22:12:13.289+0800: 37.601: [CMS-concurrent-abortable-preclean-start]
2021-01-21T22:12:13.289+0800: 37.601: [CMS-concurrent-abortable-preclean: 0.000/0.000 secs] [Times: user=0.00 sys=0.00, real=0.00 secs] 
2021-01-21T22:12:13.290+0800: 37.602: [GC (CMS Final Remark) [YG occupancy: 52086 K (157248 K)]2021-01-21T22:12:13.290+0800: 37.602: [Rescan (parallel) , 0.0013406 secs]2021-01-21T22:12:13.292+0800: 37.604: [weak refs processing, 0.0003041 secs]2021-01-21T22:12:13.293+0800: 37.605: [class unloading, 0.0006582 secs]2021-01-21T22:12:13.294+0800: 37.606: [scrub symbol table, 0.0008456 secs]2021-01-21T22:12:13.295+0800: 37.607: [scrub string table, 0.0005882 secs][1 CMS-remark: 349498K(349568K)] 401584K(506816K), 0.0059557 secs] [Times: user=0.00 sys=0.00, real=0.00 secs] 
2021-01-21T22:12:13.297+0800: 37.609: [CMS-concurrent-sweep-start]
2021-01-21T22:12:13.298+0800: 37.610: [CMS-concurrent-sweep: 0.001/0.001 secs] [Times: user=0.00 sys=0.00, real=0.00 secs] 
2021-01-21T22:12:13.298+0800: 37.610: [CMS-concurrent-reset-start]
2021-01-21T22:12:13.298+0800: 37.610: [CMS-concurrent-reset: 0.000/0.000 secs] [Times: user=0.00 sys=0.00, real=0.01 secs] 
2021-01-21T22:12:13.310+0800: 37.622: [GC (Allocation Failure) 2021-01-21T22:12:13.311+0800: 37.623: [ParNew: 157246K->157246K(157248K), 0.0003509 secs]2021-01-21T22:12:13.311+0800: 37.623: [CMS: 349095K->349521K(349568K), 0.0460623 secs] 506341K->370377K(506816K), [Metaspace: 2816K->2816K(1056768K)], 0.0477000 secs] [Times: user=0.04 sys=0.00, real=0.05 secs] 
2021-01-21T22:12:13.359+0800: 37.671: [GC (CMS Initial Mark) [1 CMS-initial-mark: 349521K(349568K)] 373122K(506816K), 0.0014704 secs] [Times: user=0.01 sys=0.00, real=0.00 secs] 
2021-01-21T22:12:13.361+0800: 37.673: [CMS-concurrent-mark-start]
2021-01-21T22:12:13.363+0800: 37.675: [CMS-concurrent-mark: 0.002/0.002 secs] [Times: user=0.00 sys=0.00, real=0.00 secs] 
2021-01-21T22:12:13.363+0800: 37.675: [CMS-concurrent-preclean-start]
2021-01-21T22:12:13.364+0800: 37.676: [CMS-concurrent-preclean: 0.001/0.001 secs] [Times: user=0.00 sys=0.00, real=0.00 secs] 
2021-01-21T22:12:13.364+0800: 37.676: [CMS-concurrent-abortable-preclean-start]
2021-01-21T22:12:13.364+0800: 37.676: [CMS-concurrent-abortable-preclean: 0.000/0.000 secs] [Times: user=0.00 sys=0.00, real=0.00 secs] 
2021-01-21T22:12:13.365+0800: 37.677: [GC (CMS Final Remark) [YG occupancy: 49252 K (157248 K)]2021-01-21T22:12:13.365+0800: 37.677: [Rescan (parallel) , 0.0013108 secs]2021-01-21T22:12:13.367+0800: 37.679: [weak refs processing, 0.0003104 secs]2021-01-21T22:12:13.368+0800: 37.680: [class unloading, 0.0004795 secs]2021-01-21T22:12:13.368+0800: 37.680: [scrub symbol table, 0.0005546 secs]2021-01-21T22:12:13.369+0800: 37.681: [scrub string table, 0.0004487 secs][1 CMS-remark: 349521K(349568K)] 398774K(506816K), 0.0049606 secs] [Times: user=0.01 sys=0.00, real=0.01 secs] 
2021-01-21T22:12:13.370+0800: 37.683: [CMS-concurrent-sweep-start]
2021-01-21T22:12:13.371+0800: 37.683: [CMS-concurrent-sweep: 0.000/0.000 secs] [Times: user=0.00 sys=0.00, real=0.00 secs] 
2021-01-21T22:12:13.371+0800: 37.683: [CMS-concurrent-reset-start]
2021-01-21T22:12:13.371+0800: 37.683: [CMS-concurrent-reset: 0.000/0.000 secs] [Times: user=0.00 sys=0.00, real=0.00 secs] 
2021-01-21T22:12:13.384+0800: 37.696: [GC (Allocation Failure) 2021-01-21T22:12:13.384+0800: 37.697: [ParNew: 157169K->157169K(157248K), 0.0003531 secs]2021-01-21T22:12:13.385+0800: 37.697: [CMS: 347315K->349553K(349568K), 0.0481163 secs] 504485K->374858K(506816K), [Metaspace: 2816K->2816K(1056768K)], 0.0497589 secs] [Times: user=0.05 sys=0.00, real=0.05 secs] 
2021-01-21T22:12:13.435+0800: 37.747: [GC (CMS Initial Mark) [1 CMS-initial-mark: 349553K(349568K)] 378092K(506816K), 0.0013425 secs] [Times: user=0.00 sys=0.00, real=0.00 secs] 
2021-01-21T22:12:13.437+0800: 37.749: [CMS-concurrent-mark-start]
2021-01-21T22:12:13.438+0800: 37.750: [CMS-concurrent-mark: 0.001/0.001 secs] [Times: user=0.01 sys=0.00, real=0.01 secs] 
2021-01-21T22:12:13.439+0800: 37.751: [CMS-concurrent-preclean-start]
2021-01-21T22:12:13.439+0800: 37.751: [CMS-concurrent-preclean: 0.001/0.001 secs] [Times: user=0.00 sys=0.00, real=0.00 secs] 
2021-01-21T22:12:13.440+0800: 37.752: [CMS-concurrent-abortable-preclean-start]
2021-01-21T22:12:13.440+0800: 37.752: [CMS-concurrent-abortable-preclean: 0.000/0.000 secs] [Times: user=0.00 sys=0.00, real=0.00 secs] 
2021-01-21T22:12:13.440+0800: 37.752: [GC (CMS Final Remark) [YG occupancy: 56121 K (157248 K)]2021-01-21T22:12:13.441+0800: 37.753: [Rescan (parallel) , 0.0013280 secs]2021-01-21T22:12:13.442+0800: 37.754: [weak refs processing, 0.0002519 secs]2021-01-21T22:12:13.443+0800: 37.755: [class unloading, 0.0005819 secs]2021-01-21T22:12:13.444+0800: 37.756: [scrub symbol table, 0.0009151 secs]2021-01-21T22:12:13.445+0800: 37.757: [scrub string table, 0.0003820 secs][1 CMS-remark: 349553K(349568K)] 405674K(506816K), 0.0052478 secs] [Times: user=0.00 sys=0.00, real=0.00 secs] 
2021-01-21T22:12:13.446+0800: 37.758: [CMS-concurrent-sweep-start]
2021-01-21T22:12:13.446+0800: 37.759: [CMS-concurrent-sweep: 0.000/0.000 secs] [Times: user=0.00 sys=0.00, real=0.00 secs] 
2021-01-21T22:12:13.447+0800: 37.759: [CMS-concurrent-reset-start]
2021-01-21T22:12:13.447+0800: 37.759: [CMS-concurrent-reset: 0.000/0.000 secs] [Times: user=0.01 sys=0.00, real=0.00 secs] 
2021-01-21T22:12:13.459+0800: 37.771: [GC (Allocation Failure) 2021-01-21T22:12:13.460+0800: 37.772: [ParNew: 156553K->156553K(157248K), 0.0006921 secs]2021-01-21T22:12:13.461+0800: 37.773: [CMS: 347247K->349275K(349568K), 0.0503952 secs] 503800K->380009K(506816K), [Metaspace: 2816K->2816K(1056768K)], 0.0529032 secs] [Times: user=0.05 sys=0.00, real=0.05 secs] 
2021-01-21T22:12:13.514+0800: 37.826: [GC (CMS Initial Mark) [1 CMS-initial-mark: 349275K(349568K)] 383505K(506816K), 0.0015615 secs] [Times: user=0.00 sys=0.00, real=0.00 secs] 
2021-01-21T22:12:13.516+0800: 37.828: [CMS-concurrent-mark-start]
2021-01-21T22:12:13.517+0800: 37.829: [CMS-concurrent-mark: 0.001/0.001 secs] [Times: user=0.00 sys=0.00, real=0.00 secs] 
2021-01-21T22:12:13.518+0800: 37.830: [CMS-concurrent-preclean-start]
2021-01-21T22:12:13.519+0800: 37.831: [CMS-concurrent-preclean: 0.001/0.001 secs] [Times: user=0.00 sys=0.00, real=0.01 secs] 
2021-01-21T22:12:13.519+0800: 37.831: [CMS-concurrent-abortable-preclean-start]
2021-01-21T22:12:13.519+0800: 37.831: [CMS-concurrent-abortable-preclean: 0.000/0.000 secs] [Times: user=0.00 sys=0.00, real=0.00 secs] 
2021-01-21T22:12:13.520+0800: 37.832: [GC (CMS Final Remark) [YG occupancy: 62990 K (157248 K)]2021-01-21T22:12:13.520+0800: 37.832: [Rescan (parallel) , 0.0011768 secs]2021-01-21T22:12:13.521+0800: 37.833: [weak refs processing, 0.0002527 secs]2021-01-21T22:12:13.522+0800: 37.834: [class unloading, 0.0004119 secs]2021-01-21T22:12:13.523+0800: 37.835: [scrub symbol table, 0.0005275 secs]2021-01-21T22:12:13.523+0800: 37.835: [scrub string table, 0.0003810 secs][1 CMS-remark: 349275K(349568K)] 412266K(506816K), 0.0043987 secs] [Times: user=0.00 sys=0.00, real=0.00 secs] 
2021-01-21T22:12:13.525+0800: 37.837: [CMS-concurrent-sweep-start]
2021-01-21T22:12:13.525+0800: 37.837: [CMS-concurrent-sweep: 0.000/0.000 secs] [Times: user=0.00 sys=0.00, real=0.00 secs] 
2021-01-21T22:12:13.525+0800: 37.837: [CMS-concurrent-reset-start]
2021-01-21T22:12:13.525+0800: 37.837: [CMS-concurrent-reset: 0.000/0.000 secs] [Times: user=0.00 sys=0.00, real=0.00 secs] 
2021-01-21T22:12:13.536+0800: 37.848: [GC (Allocation Failure) 2021-01-21T22:12:13.537+0800: 37.849: [ParNew: 157102K->157102K(157248K), 0.0003450 secs]2021-01-21T22:12:13.538+0800: 37.850: [CMS: 349192K->349553K(349568K), 0.0495426 secs] 506294K->379593K(506816K), [Metaspace: 2816K->2816K(1056768K)], 0.0511920 secs] [Times: user=0.05 sys=0.00, real=0.05 secs] 
2021-01-21T22:12:13.589+0800: 37.901: [GC (CMS Initial Mark) [1 CMS-initial-mark: 349553K(349568K)] 382494K(506816K), 0.0014841 secs] [Times: user=0.00 sys=0.00, real=0.00 secs] 
2021-01-21T22:12:13.591+0800: 37.903: [CMS-concurrent-mark-start]
2021-01-21T22:12:13.592+0800: 37.904: [CMS-concurrent-mark: 0.001/0.001 secs] [Times: user=0.00 sys=0.00, real=0.00 secs] 
2021-01-21T22:12:13.593+0800: 37.905: [CMS-concurrent-preclean-start]
2021-01-21T22:12:13.594+0800: 37.906: [CMS-concurrent-preclean: 0.001/0.001 secs] [Times: user=0.00 sys=0.00, real=0.00 secs] 
2021-01-21T22:12:13.594+0800: 37.906: [CMS-concurrent-abortable-preclean-start]
2021-01-21T22:12:13.594+0800: 37.906: [CMS-concurrent-abortable-preclean: 0.000/0.000 secs] [Times: user=0.00 sys=0.00, real=0.00 secs] 
2021-01-21T22:12:13.595+0800: 37.907: [GC (CMS Final Remark) [YG occupancy: 67365 K (157248 K)]2021-01-21T22:12:13.595+0800: 37.907: [Rescan (parallel) , 0.0019327 secs]2021-01-21T22:12:13.598+0800: 37.910: [weak refs processing, 0.0002699 secs]2021-01-21T22:12:13.598+0800: 37.910: [class unloading, 0.0003769 secs]2021-01-21T22:12:13.599+0800: 37.911: [scrub symbol table, 0.0004723 secs]2021-01-21T22:12:13.599+0800: 37.911: [scrub string table, 0.0003718 secs][1 CMS-remark: 349553K(349568K)] 416918K(506816K), 0.0051470 secs] [Times: user=0.00 sys=0.00, real=0.01 secs] 
2021-01-21T22:12:13.601+0800: 37.913: [CMS-concurrent-sweep-start]
2021-01-21T22:12:13.601+0800: 37.913: [CMS-concurrent-sweep: 0.000/0.000 secs] [Times: user=0.00 sys=0.00, real=0.00 secs] 
2021-01-21T22:12:13.601+0800: 37.913: [CMS-concurrent-reset-start]
2021-01-21T22:12:13.602+0800: 37.914: [CMS-concurrent-reset: 0.000/0.000 secs] [Times: user=0.00 sys=0.00, real=0.00 secs] 
2021-01-21T22:12:13.611+0800: 37.923: [GC (Allocation Failure) 2021-01-21T22:12:13.612+0800: 37.924: [ParNew: 157186K->157186K(157248K), 0.0005153 secs]2021-01-21T22:12:13.612+0800: 37.924: [CMS: 347806K->349333K(349568K), 0.0481187 secs] 504993K->378324K(506816K), [Metaspace: 2816K->2816K(1056768K)], 0.0501204 secs] [Times: user=0.05 sys=0.00, real=0.05 secs] 
2021-01-21T22:12:13.662+0800: 37.974: [GC (CMS Initial Mark) [1 CMS-initial-mark: 349333K(349568K)] 381224K(506816K), 0.0013009 secs] [Times: user=0.00 sys=0.00, real=0.00 secs] 
2021-01-21T22:12:13.664+0800: 37.976: [CMS-concurrent-mark-start]
2021-01-21T22:12:13.665+0800: 37.977: [CMS-concurrent-mark: 0.001/0.001 secs] [Times: user=0.00 sys=0.00, real=0.00 secs] 
2021-01-21T22:12:13.666+0800: 37.978: [CMS-concurrent-preclean-start]
2021-01-21T22:12:13.667+0800: 37.979: [CMS-concurrent-preclean: 0.001/0.001 secs] [Times: user=0.00 sys=0.00, real=0.00 secs] 
2021-01-21T22:12:13.667+0800: 37.979: [CMS-concurrent-abortable-preclean-start]
2021-01-21T22:12:13.667+0800: 37.979: [CMS-concurrent-abortable-preclean: 0.000/0.000 secs] [Times: user=0.00 sys=0.00, real=0.00 secs] 
2021-01-21T22:12:13.668+0800: 37.980: [GC (CMS Final Remark) [YG occupancy: 57302 K (157248 K)]2021-01-21T22:12:13.668+0800: 37.980: [Rescan (parallel) , 0.0011967 secs]2021-01-21T22:12:13.670+0800: 37.982: [weak refs processing, 0.0002854 secs]2021-01-21T22:12:13.670+0800: 37.982: [class unloading, 0.0004445 secs]2021-01-21T22:12:13.671+0800: 37.983: [scrub symbol table, 0.0005674 secs]2021-01-21T22:12:13.672+0800: 37.984: [scrub string table, 0.0003732 secs][1 CMS-remark: 349333K(349568K)] 406635K(506816K), 0.0044197 secs] [Times: user=0.00 sys=0.00, real=0.01 secs] 
2021-01-21T22:12:13.673+0800: 37.985: [CMS-concurrent-sweep-start]
2021-01-21T22:12:13.673+0800: 37.985: [CMS-concurrent-sweep: 0.000/0.000 secs] [Times: user=0.00 sys=0.00, real=0.00 secs] 
2021-01-21T22:12:13.673+0800: 37.985: [CMS-concurrent-reset-start]
2021-01-21T22:12:13.673+0800: 37.985: [CMS-concurrent-reset: 0.000/0.000 secs] [Times: user=0.00 sys=0.00, real=0.00 secs] 
2021-01-21T22:12:13.685+0800: 37.997: [GC (Allocation Failure) 2021-01-21T22:12:13.686+0800: 37.998: [ParNew: 157242K->157242K(157248K), 0.0003120 secs]2021-01-21T22:12:13.686+0800: 37.998: [CMS: 348971K->348958K(349568K), 0.0489272 secs] 506213K->373304K(506816K), [Metaspace: 2816K->2816K(1056768K)], 0.0503395 secs] [Times: user=0.05 sys=0.00, real=0.05 secs] 
2021-01-21T22:12:13.736+0800: 38.049: [GC (CMS Initial Mark) [1 CMS-initial-mark: 348958K(349568K)] 376101K(506816K), 0.0011862 secs] [Times: user=0.00 sys=0.00, real=0.00 secs] 
2021-01-21T22:12:13.738+0800: 38.050: [CMS-concurrent-mark-start]
2021-01-21T22:12:13.740+0800: 38.052: [CMS-concurrent-mark: 0.001/0.001 secs] [Times: user=0.00 sys=0.00, real=0.00 secs] 
2021-01-21T22:12:13.740+0800: 38.052: [CMS-concurrent-preclean-start]
2021-01-21T22:12:13.741+0800: 38.053: [CMS-concurrent-preclean: 0.001/0.001 secs] [Times: user=0.00 sys=0.00, real=0.00 secs] 
2021-01-21T22:12:13.742+0800: 38.054: [CMS-concurrent-abortable-preclean-start]
2021-01-21T22:12:13.742+0800: 38.054: [CMS-concurrent-abortable-preclean: 0.000/0.000 secs] [Times: user=0.00 sys=0.00, real=0.00 secs] 
2021-01-21T22:12:13.742+0800: 38.054: [GC (CMS Final Remark) [YG occupancy: 57064 K (157248 K)]2021-01-21T22:12:13.742+0800: 38.054: [Rescan (parallel) , 0.0015134 secs]2021-01-21T22:12:13.744+0800: 38.056: [weak refs processing, 0.0002491 secs]2021-01-21T22:12:13.745+0800: 38.057: [class unloading, 0.0004844 secs]2021-01-21T22:12:13.746+0800: 38.058: [scrub symbol table, 0.0006237 secs]2021-01-21T22:12:13.747+0800: 38.059: [scrub string table, 0.0004871 secs][1 CMS-remark: 348958K(349568K)] 406022K(506816K), 0.0051313 secs] [Times: user=0.00 sys=0.00, real=0.00 secs] 
2021-01-21T22:12:13.748+0800: 38.060: [CMS-concurrent-sweep-start]
2021-01-21T22:12:13.748+0800: 38.060: [CMS-concurrent-sweep: 0.000/0.000 secs] [Times: user=0.00 sys=0.00, real=0.01 secs] 
2021-01-21T22:12:13.749+0800: 38.061: [CMS-concurrent-reset-start]
2021-01-21T22:12:13.749+0800: 38.061: [CMS-concurrent-reset: 0.000/0.000 secs] [Times: user=0.00 sys=0.00, real=0.00 secs] 
2021-01-21T22:12:13.761+0800: 38.073: [GC (Allocation Failure) 2021-01-21T22:12:13.762+0800: 38.074: [ParNew: 157170K->157170K(157248K), 0.0004144 secs]2021-01-21T22:12:13.763+0800: 38.075: [CMS: 348876K->348906K(349568K), 0.0478641 secs] 506047K->379629K(506816K), [Metaspace: 2816K->2816K(1056768K)], 0.0494687 secs] [Times: user=0.05 sys=0.00, real=0.05 secs] 
2021-01-21T22:12:13.812+0800: 38.124: [GC (CMS Initial Mark) [1 CMS-initial-mark: 348906K(349568K)] 382377K(506816K), 0.0012129 secs] [Times: user=0.00 sys=0.00, real=0.00 secs] 
2021-01-21T22:12:13.814+0800: 38.126: [CMS-concurrent-mark-start]
2021-01-21T22:12:13.815+0800: 38.127: [CMS-concurrent-mark: 0.001/0.001 secs] [Times: user=0.01 sys=0.00, real=0.00 secs] 
2021-01-21T22:12:13.815+0800: 38.127: [CMS-concurrent-preclean-start]
2021-01-21T22:12:13.816+0800: 38.128: [CMS-concurrent-preclean: 0.001/0.001 secs] [Times: user=0.00 sys=0.00, real=0.00 secs] 
2021-01-21T22:12:13.817+0800: 38.129: [CMS-concurrent-abortable-preclean-start]
2021-01-21T22:12:13.817+0800: 38.129: [CMS-concurrent-abortable-preclean: 0.000/0.000 secs] [Times: user=0.00 sys=0.00, real=0.00 secs] 
2021-01-21T22:12:13.817+0800: 38.129: [GC (CMS Final Remark) [YG occupancy: 60770 K (157248 K)]2021-01-21T22:12:13.818+0800: 38.130: [Rescan (parallel) , 0.0011043 secs]2021-01-21T22:12:13.819+0800: 38.131: [weak refs processing, 0.0003437 secs]2021-01-21T22:12:13.820+0800: 38.132: [class unloading, 0.0005145 secs]2021-01-21T22:12:13.821+0800: 38.133: [scrub symbol table, 0.0005336 secs]2021-01-21T22:12:13.821+0800: 38.133: [scrub string table, 0.0003588 secs][1 CMS-remark: 348906K(349568K)] 409677K(506816K), 0.0045649 secs] [Times: user=0.01 sys=0.00, real=0.01 secs] 
2021-01-21T22:12:13.823+0800: 38.135: [CMS-concurrent-sweep-start]
2021-01-21T22:12:13.823+0800: 38.135: [CMS-concurrent-sweep: 0.000/0.000 secs] [Times: user=0.00 sys=0.00, real=0.00 secs] 
2021-01-21T22:12:13.823+0800: 38.135: [CMS-concurrent-reset-start]
2021-01-21T22:12:13.824+0800: 38.136: [CMS-concurrent-reset: 0.000/0.000 secs] [Times: user=0.00 sys=0.00, real=0.00 secs] 
2021-01-21T22:12:13.834+0800: 38.146: [GC (Allocation Failure) 2021-01-21T22:12:13.835+0800: 38.147: [ParNew: 157226K->157226K(157248K), 0.0003477 secs]2021-01-21T22:12:13.835+0800: 38.147: [CMS: 348778K->349424K(349568K), 0.0489704 secs] 506004K->373818K(506816K), [Metaspace: 2816K->2816K(1056768K)], 0.0505983 secs] [Times: user=0.05 sys=0.00, real=0.05 secs] 
2021-01-21T22:12:13.886+0800: 38.198: [GC (CMS Initial Mark) [1 CMS-initial-mark: 349424K(349568K)] 376675K(506816K), 0.0013313 secs] [Times: user=0.00 sys=0.00, real=0.00 secs] 
2021-01-21T22:12:13.888+0800: 38.200: [CMS-concurrent-mark-start]
2021-01-21T22:12:13.889+0800: 38.202: [CMS-concurrent-mark: 0.001/0.001 secs] [Times: user=0.00 sys=0.00, real=0.00 secs] 
2021-01-21T22:12:13.890+0800: 38.202: [CMS-concurrent-preclean-start]
2021-01-21T22:12:13.891+0800: 38.203: [CMS-concurrent-preclean: 0.001/0.001 secs] [Times: user=0.01 sys=0.00, real=0.00 secs] 
2021-01-21T22:12:13.891+0800: 38.203: [CMS-concurrent-abortable-preclean-start]
2021-01-21T22:12:13.891+0800: 38.203: [CMS-concurrent-abortable-preclean: 0.000/0.000 secs] [Times: user=0.00 sys=0.00, real=0.00 secs] 
2021-01-21T22:12:13.892+0800: 38.204: [GC (CMS Final Remark) [YG occupancy: 53383 K (157248 K)]2021-01-21T22:12:13.892+0800: 38.204: [Rescan (parallel) , 0.0013155 secs]2021-01-21T22:12:13.894+0800: 38.206: [weak refs processing, 0.0002880 secs]2021-01-21T22:12:13.894+0800: 38.206: [class unloading, 0.0004444 secs]2021-01-21T22:12:13.895+0800: 38.207: [scrub symbol table, 0.0005001 secs]2021-01-21T22:12:13.896+0800: 38.208: [scrub string table, 0.0004068 secs][1 CMS-remark: 349424K(349568K)] 402807K(506816K), 0.0045426 secs] [Times: user=0.00 sys=0.00, real=0.00 secs] 
2021-01-21T22:12:13.897+0800: 38.209: [CMS-concurrent-sweep-start]
2021-01-21T22:12:13.897+0800: 38.209: [CMS-concurrent-sweep: 0.000/0.000 secs] [Times: user=0.00 sys=0.00, real=0.00 secs] 
2021-01-21T22:12:13.898+0800: 38.210: [CMS-concurrent-reset-start]
2021-01-21T22:12:13.898+0800: 38.210: [CMS-concurrent-reset: 0.000/0.000 secs] [Times: user=0.00 sys=0.00, real=0.00 secs] 
2021-01-21T22:12:13.909+0800: 38.221: [GC (Allocation Failure) 2021-01-21T22:12:13.910+0800: 38.222: [ParNew: 157219K->157219K(157248K), 0.0004071 secs]2021-01-21T22:12:13.910+0800: 38.222: [CMS: 348900K->349214K(349568K), 0.0473021 secs] 506120K->368278K(506816K), [Metaspace: 2816K->2816K(1056768K)], 0.0489063 secs] [Times: user=0.04 sys=0.00, real=0.05 secs] 
2021-01-21T22:12:13.959+0800: 38.271: [GC (CMS Initial Mark) [1 CMS-initial-mark: 349214K(349568K)] 371093K(506816K), 0.0014890 secs] [Times: user=0.01 sys=0.00, real=0.00 secs] 
2021-01-21T22:12:13.961+0800: 38.273: [CMS-concurrent-mark-start]
2021-01-21T22:12:13.963+0800: 38.275: [CMS-concurrent-mark: 0.002/0.002 secs] [Times: user=0.00 sys=0.00, real=0.00 secs] 
2021-01-21T22:12:13.963+0800: 38.275: [CMS-concurrent-preclean-start]
2021-01-21T22:12:13.965+0800: 38.277: [CMS-concurrent-preclean: 0.001/0.001 secs] [Times: user=0.00 sys=0.00, real=0.00 secs] 
2021-01-21T22:12:13.965+0800: 38.277: [CMS-concurrent-abortable-preclean-start]
2021-01-21T22:12:13.965+0800: 38.277: [CMS-concurrent-abortable-preclean: 0.000/0.000 secs] [Times: user=0.00 sys=0.00, real=0.00 secs] 
2021-01-21T22:12:13.966+0800: 38.278: [GC (CMS Final Remark) [YG occupancy: 51923 K (157248 K)]2021-01-21T22:12:13.966+0800: 38.278: [Rescan (parallel) , 0.0007316 secs]2021-01-21T22:12:13.967+0800: 38.279: [weak refs processing, 0.0003106 secs]2021-01-21T22:12:13.968+0800: 38.280: [class unloading, 0.0004988 secs]2021-01-21T22:12:13.969+0800: 38.281: [scrub symbol table, 0.0005349 secs]2021-01-21T22:12:13.969+0800: 38.281: [scrub string table, 0.0003630 secs][1 CMS-remark: 349214K(349568K)] 401138K(506816K), 0.0042791 secs] [Times: user=0.01 sys=0.00, real=0.01 secs] 
2021-01-21T22:12:13.971+0800: 38.283: [CMS-concurrent-sweep-start]
2021-01-21T22:12:13.971+0800: 38.283: [CMS-concurrent-sweep: 0.000/0.000 secs] [Times: user=0.00 sys=0.00, real=0.00 secs] 
2021-01-21T22:12:13.971+0800: 38.283: [CMS-concurrent-reset-start]
2021-01-21T22:12:13.971+0800: 38.283: [CMS-concurrent-reset: 0.000/0.000 secs] [Times: user=0.00 sys=0.00, real=0.00 secs] 
2021-01-21T22:12:13.984+0800: 38.296: [GC (Allocation Failure) 2021-01-21T22:12:13.985+0800: 38.297: [ParNew: 156808K->156808K(157248K), 0.0003739 secs]2021-01-21T22:12:13.985+0800: 38.297: [CMS: 349197K->349305K(349568K), 0.0516630 secs] 506006K->370872K(506816K), [Metaspace: 2816K->2816K(1056768K)], 0.0534273 secs] [Times: user=0.05 sys=0.00, real=0.05 secs] 
2021-01-21T22:12:14.039+0800: 38.351: [GC (CMS Initial Mark) [1 CMS-initial-mark: 349305K(349568K)] 374109K(506816K), 0.0014924 secs] [Times: user=0.01 sys=0.00, real=0.00 secs] 
2021-01-21T22:12:14.041+0800: 38.353: [CMS-concurrent-mark-start]
2021-01-21T22:12:14.043+0800: 38.355: [CMS-concurrent-mark: 0.002/0.002 secs] [Times: user=0.00 sys=0.00, real=0.00 secs] 
2021-01-21T22:12:14.043+0800: 38.355: [CMS-concurrent-preclean-start]
2021-01-21T22:12:14.044+0800: 38.356: [CMS-concurrent-preclean: 0.001/0.001 secs] [Times: user=0.00 sys=0.00, real=0.00 secs] 
2021-01-21T22:12:14.045+0800: 38.357: [CMS-concurrent-abortable-preclean-start]
2021-01-21T22:12:14.045+0800: 38.357: [CMS-concurrent-abortable-preclean: 0.000/0.000 secs] [Times: user=0.00 sys=0.00, real=0.00 secs] 
2021-01-21T22:12:14.045+0800: 38.357: [GC (CMS Final Remark) [YG occupancy: 47894 K (157248 K)]2021-01-21T22:12:14.046+0800: 38.358: [Rescan (parallel) , 0.0018151 secs]2021-01-21T22:12:14.048+0800: 38.360: [weak refs processing, 0.0005001 secs]2021-01-21T22:12:14.049+0800: 38.361: [class unloading, 0.0005201 secs]2021-01-21T22:12:14.050+0800: 38.362: [scrub symbol table, 0.0004844 secs]2021-01-21T22:12:14.051+0800: 38.363: [scrub string table, 0.0003059 secs][1 CMS-remark: 349305K(349568K)] 397200K(506816K), 0.0055772 secs] [Times: user=0.00 sys=0.00, real=0.01 secs] 
2021-01-21T22:12:14.051+0800: 38.363: [CMS-concurrent-sweep-start]
2021-01-21T22:12:14.052+0800: 38.364: [CMS-concurrent-sweep: 0.000/0.000 secs] [Times: user=0.00 sys=0.00, real=0.00 secs] 
2021-01-21T22:12:14.052+0800: 38.364: [CMS-concurrent-reset-start]
2021-01-21T22:12:14.052+0800: 38.364: [CMS-concurrent-reset: 0.000/0.000 secs] [Times: user=0.00 sys=0.00, real=0.00 secs] 
2021-01-21T22:12:14.066+0800: 38.378: [GC (Allocation Failure) 2021-01-21T22:12:14.067+0800: 38.379: [ParNew: 157247K->157247K(157248K), 0.0003665 secs]2021-01-21T22:12:14.067+0800: 38.379: [CMS: 347753K->349502K(349568K), 0.0504754 secs] 505001K->375298K(506816K), [Metaspace: 2816K->2816K(1056768K)], 0.0521848 secs] [Times: user=0.05 sys=0.00, real=0.06 secs] 
2021-01-21T22:12:14.119+0800: 38.431: [GC (CMS Initial Mark) [1 CMS-initial-mark: 349502K(349568K)] 378235K(506816K), 0.0012988 secs] [Times: user=0.00 sys=0.00, real=0.00 secs] 
2021-01-21T22:12:14.121+0800: 38.433: [CMS-concurrent-mark-start]
2021-01-21T22:12:14.123+0800: 38.435: [CMS-concurrent-mark: 0.001/0.001 secs] [Times: user=0.00 sys=0.00, real=0.00 secs] 
2021-01-21T22:12:14.123+0800: 38.435: [CMS-concurrent-preclean-start]
2021-01-21T22:12:14.124+0800: 38.436: [CMS-concurrent-preclean: 0.001/0.001 secs] [Times: user=0.00 sys=0.00, real=0.00 secs] 
2021-01-21T22:12:14.125+0800: 38.437: [CMS-concurrent-abortable-preclean-start]
2021-01-21T22:12:14.125+0800: 38.437: [CMS-concurrent-abortable-preclean: 0.000/0.000 secs] [Times: user=0.00 sys=0.00, real=0.00 secs] 
2021-01-21T22:12:14.125+0800: 38.438: [GC (CMS Final Remark) [YG occupancy: 60301 K (157248 K)]2021-01-21T22:12:14.126+0800: 38.438: [Rescan (parallel) , 0.0037384 secs]2021-01-21T22:12:14.130+0800: 38.442: [weak refs processing, 0.0003557 secs]2021-01-21T22:12:14.131+0800: 38.443: [class unloading, 0.0005246 secs]2021-01-21T22:12:14.131+0800: 38.444: [scrub symbol table, 0.0006033 secs]2021-01-21T22:12:14.132+0800: 38.444: [scrub string table, 0.0004636 secs][1 CMS-remark: 349502K(349568K)] 409804K(506816K), 0.0077169 secs] [Times: user=0.02 sys=0.00, real=0.01 secs] 
2021-01-21T22:12:14.134+0800: 38.446: [CMS-concurrent-sweep-start]
2021-01-21T22:12:14.134+0800: 38.446: [CMS-concurrent-sweep: 0.000/0.000 secs] [Times: user=0.00 sys=0.00, real=0.00 secs] 
2021-01-21T22:12:14.135+0800: 38.447: [CMS-concurrent-reset-start]
2021-01-21T22:12:14.135+0800: 38.447: [CMS-concurrent-reset: 0.000/0.000 secs] [Times: user=0.00 sys=0.00, real=0.00 secs] 
2021-01-21T22:12:14.146+0800: 38.458: [GC (Allocation Failure) 2021-01-21T22:12:14.146+0800: 38.458: [ParNew: 157154K->157154K(157248K), 0.0003301 secs]2021-01-21T22:12:14.147+0800: 38.459: [CMS: 348534K->348936K(349568K), 0.0487947 secs] 505689K->379018K(506816K), [Metaspace: 2816K->2816K(1056768K)], 0.0504240 secs] [Times: user=0.05 sys=0.00, real=0.05 secs] 
2021-01-21T22:12:14.197+0800: 38.509: [GC (CMS Initial Mark) [1 CMS-initial-mark: 348936K(349568K)] 382065K(506816K), 0.0013344 secs] [Times: user=0.00 sys=0.00, real=0.01 secs] 
2021-01-21T22:12:14.199+0800: 38.511: [CMS-concurrent-mark-start]
2021-01-21T22:12:14.201+0800: 38.513: [CMS-concurrent-mark: 0.001/0.001 secs] [Times: user=0.01 sys=0.00, real=0.00 secs] 
2021-01-21T22:12:14.201+0800: 38.513: [CMS-concurrent-preclean-start]
2021-01-21T22:12:14.202+0800: 38.514: [CMS-concurrent-preclean: 0.001/0.001 secs] [Times: user=0.00 sys=0.00, real=0.00 secs] 
2021-01-21T22:12:14.203+0800: 38.515: [CMS-concurrent-abortable-preclean-start]
2021-01-21T22:12:14.203+0800: 38.515: [CMS-concurrent-abortable-preclean: 0.000/0.000 secs] [Times: user=0.00 sys=0.00, real=0.00 secs] 
2021-01-21T22:12:14.203+0800: 38.515: [GC (CMS Final Remark) [YG occupancy: 58427 K (157248 K)]2021-01-21T22:12:14.204+0800: 38.516: [Rescan (parallel) , 0.0013891 secs]2021-01-21T22:12:14.206+0800: 38.518: [weak refs processing, 0.0003211 secs]2021-01-21T22:12:14.206+0800: 38.518: [class unloading, 0.0004629 secs]2021-01-21T22:12:14.207+0800: 38.519: [scrub symbol table, 0.0005341 secs]2021-01-21T22:12:14.208+0800: 38.520: [scrub string table, 0.0004648 secs][1 CMS-remark: 348936K(349568K)] 407364K(506816K), 0.0052685 secs] [Times: user=0.01 sys=0.00, real=0.01 secs] 
2021-01-21T22:12:14.209+0800: 38.521: [CMS-concurrent-sweep-start]
2021-01-21T22:12:14.210+0800: 38.522: [CMS-concurrent-sweep: 0.000/0.000 secs] [Times: user=0.00 sys=0.00, real=0.00 secs] 
2021-01-21T22:12:14.210+0800: 38.522: [CMS-concurrent-reset-start]
2021-01-21T22:12:14.210+0800: 38.522: [CMS-concurrent-reset: 0.000/0.000 secs] [Times: user=0.00 sys=0.00, real=0.00 secs] 
2021-01-21T22:12:14.221+0800: 38.533: [GC (Allocation Failure) 2021-01-21T22:12:14.221+0800: 38.533: [ParNew: 157189K->157189K(157248K), 0.0002849 secs]2021-01-21T22:12:14.222+0800: 38.534: [CMS: 348002K->349261K(349568K), 0.0503071 secs] 505191K->382614K(506816K), [Metaspace: 2816K->2816K(1056768K)], 0.0516384 secs] [Times: user=0.05 sys=0.00, real=0.05 secs] 
2021-01-21T22:12:14.274+0800: 38.586: [GC (CMS Initial Mark) [1 CMS-initial-mark: 349261K(349568K)] 385397K(506816K), 0.0012458 secs] [Times: user=0.00 sys=0.00, real=0.00 secs] 
2021-01-21T22:12:14.276+0800: 38.588: [CMS-concurrent-mark-start]
2021-01-21T22:12:14.277+0800: 38.589: [CMS-concurrent-mark: 0.001/0.001 secs] [Times: user=0.00 sys=0.00, real=0.00 secs] 
2021-01-21T22:12:14.277+0800: 38.590: [CMS-concurrent-preclean-start]
2021-01-21T22:12:14.279+0800: 38.591: [CMS-concurrent-preclean: 0.001/0.001 secs] [Times: user=0.00 sys=0.00, real=0.01 secs] 
2021-01-21T22:12:14.279+0800: 38.591: [CMS-concurrent-abortable-preclean-start]
2021-01-21T22:12:14.279+0800: 38.591: [CMS-concurrent-abortable-preclean: 0.000/0.000 secs] [Times: user=0.00 sys=0.00, real=0.00 secs] 
2021-01-21T22:12:14.280+0800: 38.592: [GC (CMS Final Remark) [YG occupancy: 71313 K (157248 K)]2021-01-21T22:12:14.281+0800: 38.593: [Rescan (parallel) , 0.0012871 secs]2021-01-21T22:12:14.282+0800: 38.594: [weak refs processing, 0.0002784 secs]2021-01-21T22:12:14.283+0800: 38.595: [class unloading, 0.0005201 secs]2021-01-21T22:12:14.284+0800: 38.596: [scrub symbol table, 0.0005084 secs]2021-01-21T22:12:14.284+0800: 38.596: [scrub string table, 0.0003742 secs][1 CMS-remark: 349261K(349568K)] 420575K(506816K), 0.0048957 secs] [Times: user=0.00 sys=0.00, real=0.00 secs] 
2021-01-21T22:12:14.286+0800: 38.598: [CMS-concurrent-sweep-start]
2021-01-21T22:12:14.286+0800: 38.598: [CMS-concurrent-sweep: 0.000/0.000 secs] [Times: user=0.00 sys=0.00, real=0.00 secs] 
2021-01-21T22:12:14.286+0800: 38.598: [CMS-concurrent-reset-start]
2021-01-21T22:12:14.286+0800: 38.598: [CMS-concurrent-reset: 0.000/0.000 secs] [Times: user=0.01 sys=0.00, real=0.00 secs] 
2021-01-21T22:12:14.296+0800: 38.608: [GC (Allocation Failure) 2021-01-21T22:12:14.296+0800: 38.608: [ParNew: 157219K->157219K(157248K), 0.0003700 secs]2021-01-21T22:12:14.297+0800: 38.609: [CMS: 345432K->349381K(349568K), 0.0472011 secs] 502652K->381234K(506816K), [Metaspace: 2816K->2816K(1056768K)], 0.0491300 secs] [Times: user=0.05 sys=0.00, real=0.05 secs] 
2021-01-21T22:12:14.346+0800: 38.658: [GC (CMS Initial Mark) [1 CMS-initial-mark: 349381K(349568K)] 383936K(506816K), 0.0018411 secs] [Times: user=0.01 sys=0.00, real=0.01 secs] 
2021-01-21T22:12:14.349+0800: 38.661: [CMS-concurrent-mark-start]
2021-01-21T22:12:14.350+0800: 38.662: [CMS-concurrent-mark: 0.001/0.001 secs] [Times: user=0.00 sys=0.00, real=0.00 secs] 
2021-01-21T22:12:14.350+0800: 38.663: [CMS-concurrent-preclean-start]
2021-01-21T22:12:14.351+0800: 38.663: [CMS-concurrent-preclean: 0.001/0.001 secs] [Times: user=0.00 sys=0.00, real=0.00 secs] 
2021-01-21T22:12:14.352+0800: 38.664: [CMS-concurrent-abortable-preclean-start]
2021-01-21T22:12:14.352+0800: 38.664: [CMS-concurrent-abortable-preclean: 0.000/0.000 secs] [Times: user=0.00 sys=0.00, real=0.00 secs] 
2021-01-21T22:12:14.352+0800: 38.664: [GC (CMS Final Remark) [YG occupancy: 63059 K (157248 K)]2021-01-21T22:12:14.353+0800: 38.665: [Rescan (parallel) , 0.0062693 secs]2021-01-21T22:12:14.359+0800: 38.672: [weak refs processing, 0.0003310 secs]2021-01-21T22:12:14.360+0800: 38.672: [class unloading, 0.0006388 secs]2021-01-21T22:12:14.361+0800: 38.673: [scrub symbol table, 0.0006772 secs]2021-01-21T22:12:14.362+0800: 38.674: [scrub string table, 0.0005477 secs][1 CMS-remark: 349381K(349568K)] 412440K(506816K), 0.0107674 secs] [Times: user=0.04 sys=0.00, real=0.01 secs] 
2021-01-21T22:12:14.364+0800: 38.676: [CMS-concurrent-sweep-start]
2021-01-21T22:12:14.364+0800: 38.676: [CMS-concurrent-sweep: 0.000/0.000 secs] [Times: user=0.00 sys=0.00, real=0.00 secs] 
2021-01-21T22:12:14.365+0800: 38.677: [CMS-concurrent-reset-start]
2021-01-21T22:12:14.365+0800: 38.677: [CMS-concurrent-reset: 0.000/0.000 secs] [Times: user=0.00 sys=0.00, real=0.00 secs] 
2021-01-21T22:12:14.374+0800: 38.686: [GC (Allocation Failure) 2021-01-21T22:12:14.374+0800: 38.686: [ParNew: 157159K->157159K(157248K), 0.0003575 secs]2021-01-21T22:12:14.375+0800: 38.687: [CMS: 347977K->349120K(349568K), 0.0506636 secs] 505136K->387272K(506816K), [Metaspace: 2816K->2816K(1056768K)], 0.0525093 secs] [Times: user=0.05 sys=0.00, real=0.05 secs] 
2021-01-21T22:12:14.428+0800: 38.740: [GC (CMS Initial Mark) [1 CMS-initial-mark: 349120K(349568K)] 390240K(506816K), 0.0016346 secs] [Times: user=0.00 sys=0.00, real=0.01 secs] 
2021-01-21T22:12:14.430+0800: 38.742: [CMS-concurrent-mark-start]
2021-01-21T22:12:14.431+0800: 38.744: [CMS-concurrent-mark: 0.001/0.001 secs] [Times: user=0.00 sys=0.00, real=0.00 secs] 
2021-01-21T22:12:14.432+0800: 38.744: [CMS-concurrent-preclean-start]
2021-01-21T22:12:14.433+0800: 38.745: [CMS-concurrent-preclean: 0.001/0.001 secs] [Times: user=0.00 sys=0.00, real=0.00 secs] 
2021-01-21T22:12:14.433+0800: 38.745: [CMS-concurrent-abortable-preclean-start]
2021-01-21T22:12:14.433+0800: 38.745: [CMS-concurrent-abortable-preclean: 0.000/0.000 secs] [Times: user=0.00 sys=0.00, real=0.00 secs] 
2021-01-21T22:12:14.434+0800: 38.746: [GC (CMS Final Remark) [YG occupancy: 72153 K (157248 K)]2021-01-21T22:12:14.434+0800: 38.746: [Rescan (parallel) , 0.0012568 secs]2021-01-21T22:12:14.436+0800: 38.748: [weak refs processing, 0.0002807 secs]2021-01-21T22:12:14.436+0800: 38.748: [class unloading, 0.0004459 secs]2021-01-21T22:12:14.437+0800: 38.749: [scrub symbol table, 0.0005438 secs]2021-01-21T22:12:14.438+0800: 38.750: [scrub string table, 0.0004007 secs][1 CMS-remark: 349120K(349568K)] 421273K(506816K), 0.0045372 secs] [Times: user=0.00 sys=0.00, real=0.01 secs] 
2021-01-21T22:12:14.439+0800: 38.751: [CMS-concurrent-sweep-start]
2021-01-21T22:12:14.439+0800: 38.751: [CMS-concurrent-sweep: 0.000/0.000 secs] [Times: user=0.00 sys=0.00, real=0.00 secs] 
2021-01-21T22:12:14.440+0800: 38.752: [CMS-concurrent-reset-start]
2021-01-21T22:12:14.440+0800: 38.752: [CMS-concurrent-reset: 0.000/0.000 secs] [Times: user=0.00 sys=0.00, real=0.00 secs] 
2021-01-21T22:12:14.449+0800: 38.761: [GC (Allocation Failure) 2021-01-21T22:12:14.450+0800: 38.762: [ParNew: 156956K->156956K(157248K), 0.0003598 secs]2021-01-21T22:12:14.450+0800: 38.762: [CMS: 348329K->349275K(349568K), 0.0505566 secs] 505285K->382308K(506816K), [Metaspace: 2816K->2816K(1056768K)], 0.0521758 secs] [Times: user=0.05 sys=0.00, real=0.05 secs] 
2021-01-21T22:12:14.502+0800: 38.814: [GC (CMS Initial Mark) [1 CMS-initial-mark: 349275K(349568K)] 385122K(506816K), 0.0014910 secs] [Times: user=0.00 sys=0.00, real=0.00 secs] 
2021-01-21T22:12:14.505+0800: 38.817: [CMS-concurrent-mark-start]
2021-01-21T22:12:14.506+0800: 38.818: [CMS-concurrent-mark: 0.001/0.001 secs] [Times: user=0.01 sys=0.00, real=0.00 secs] 
2021-01-21T22:12:14.506+0800: 38.818: [CMS-concurrent-preclean-start]
2021-01-21T22:12:14.507+0800: 38.819: [CMS-concurrent-preclean: 0.001/0.001 secs] [Times: user=0.00 sys=0.00, real=0.00 secs] 
2021-01-21T22:12:14.508+0800: 38.820: [CMS-concurrent-abortable-preclean-start]
2021-01-21T22:12:14.508+0800: 38.820: [CMS-concurrent-abortable-preclean: 0.000/0.000 secs] [Times: user=0.00 sys=0.00, real=0.00 secs] 
2021-01-21T22:12:14.508+0800: 38.820: [GC (CMS Final Remark) [YG occupancy: 63230 K (157248 K)]2021-01-21T22:12:14.509+0800: 38.821: [Rescan (parallel) , 0.0013971 secs]2021-01-21T22:12:14.511+0800: 38.823: [weak refs processing, 0.0003477 secs]2021-01-21T22:12:14.511+0800: 38.823: [class unloading, 0.0004719 secs]2021-01-21T22:12:14.512+0800: 38.824: [scrub symbol table, 0.0005788 secs]2021-01-21T22:12:14.513+0800: 38.825: [scrub string table, 0.0004855 secs][1 CMS-remark: 349275K(349568K)] 412506K(506816K), 0.0052476 secs] [Times: user=0.01 sys=0.00, real=0.00 secs] 
2021-01-21T22:12:14.514+0800: 38.826: [CMS-concurrent-sweep-start]
2021-01-21T22:12:14.515+0800: 38.827: [CMS-concurrent-sweep: 0.000/0.000 secs] [Times: user=0.00 sys=0.00, real=0.00 secs] 
2021-01-21T22:12:14.515+0800: 38.827: [CMS-concurrent-reset-start]
2021-01-21T22:12:14.515+0800: 38.827: [CMS-concurrent-reset: 0.000/0.000 secs] [Times: user=0.00 sys=0.00, real=0.00 secs] 
2021-01-21T22:12:14.526+0800: 38.838: [GC (Allocation Failure) 2021-01-21T22:12:14.526+0800: 38.838: [ParNew: 157185K->157185K(157248K), 0.0003626 secs]2021-01-21T22:12:14.527+0800: 38.839: [CMS: 348009K->349553K(349568K), 0.0482779 secs] 505195K->382673K(506816K), [Metaspace: 2816K->2816K(1056768K)], 0.0499830 secs] [Times: user=0.05 sys=0.00, real=0.05 secs] 
2021-01-21T22:12:14.577+0800: 38.889: [GC (CMS Initial Mark) [1 CMS-initial-mark: 349553K(349568K)] 385921K(506816K), 0.0014383 secs] [Times: user=0.00 sys=0.00, real=0.01 secs] 
2021-01-21T22:12:14.580+0800: 38.892: [CMS-concurrent-mark-start]
2021-01-21T22:12:14.581+0800: 38.893: [CMS-concurrent-mark: 0.001/0.001 secs] [Times: user=0.00 sys=0.00, real=0.00 secs] 
2021-01-21T22:12:14.581+0800: 38.893: [CMS-concurrent-preclean-start]
2021-01-21T22:12:14.582+0800: 38.894: [CMS-concurrent-preclean: 0.001/0.001 secs] [Times: user=0.00 sys=0.00, real=0.00 secs] 
2021-01-21T22:12:14.583+0800: 38.895: [CMS-concurrent-abortable-preclean-start]
2021-01-21T22:12:14.583+0800: 38.895: [CMS-concurrent-abortable-preclean: 0.000/0.000 secs] [Times: user=0.00 sys=0.00, real=0.00 secs] 
2021-01-21T22:12:14.583+0800: 38.895: [GC (CMS Final Remark) [YG occupancy: 62760 K (157248 K)]2021-01-21T22:12:14.584+0800: 38.896: [Rescan (parallel) , 0.0008403 secs]2021-01-21T22:12:14.585+0800: 38.897: [weak refs processing, 0.0002899 secs]2021-01-21T22:12:14.585+0800: 38.897: [class unloading, 0.0004827 secs]2021-01-21T22:12:14.586+0800: 38.898: [scrub symbol table, 0.0005635 secs]2021-01-21T22:12:14.587+0800: 38.899: [scrub string table, 0.0004393 secs][1 CMS-remark: 349553K(349568K)] 412314K(506816K), 0.0044607 secs] [Times: user=0.00 sys=0.00, real=0.00 secs] 
2021-01-21T22:12:14.588+0800: 38.900: [CMS-concurrent-sweep-start]
2021-01-21T22:12:14.589+0800: 38.901: [CMS-concurrent-sweep: 0.000/0.000 secs] [Times: user=0.00 sys=0.00, real=0.00 secs] 
2021-01-21T22:12:14.589+0800: 38.901: [CMS-concurrent-reset-start]
2021-01-21T22:12:14.589+0800: 38.901: [CMS-concurrent-reset: 0.000/0.000 secs] [Times: user=0.00 sys=0.00, real=0.00 secs] 
2021-01-21T22:12:14.600+0800: 38.912: [GC (Allocation Failure) 2021-01-21T22:12:14.601+0800: 38.913: [ParNew: 156874K->156874K(157248K), 0.0003619 secs]2021-01-21T22:12:14.601+0800: 38.913: [CMS: 347826K->349549K(349568K), 0.0478614 secs] 504700K->380255K(506816K), [Metaspace: 2816K->2816K(1056768K)], 0.0495450 secs] [Times: user=0.05 sys=0.00, real=0.05 secs] 
2021-01-21T22:12:14.651+0800: 38.963: [GC (CMS Initial Mark) [1 CMS-initial-mark: 349549K(349568K)] 383353K(506816K), 0.0014458 secs] [Times: user=0.00 sys=0.00, real=0.00 secs] 
2021-01-21T22:12:14.653+0800: 38.965: [CMS-concurrent-mark-start]
2021-01-21T22:12:14.655+0800: 38.967: [CMS-concurrent-mark: 0.001/0.001 secs] [Times: user=0.01 sys=0.00, real=0.00 secs] 
2021-01-21T22:12:14.655+0800: 38.967: [CMS-concurrent-preclean-start]
2021-01-21T22:12:14.656+0800: 38.968: [CMS-concurrent-preclean: 0.001/0.001 secs] [Times: user=0.00 sys=0.00, real=0.00 secs] 
2021-01-21T22:12:14.656+0800: 38.968: [CMS-concurrent-abortable-preclean-start]
2021-01-21T22:12:14.656+0800: 38.968: [CMS-concurrent-abortable-preclean: 0.000/0.000 secs] [Times: user=0.00 sys=0.00, real=0.00 secs] 
2021-01-21T22:12:14.657+0800: 38.969: [GC (CMS Final Remark) [YG occupancy: 56935 K (157248 K)]2021-01-21T22:12:14.657+0800: 38.969: [Rescan (parallel) , 0.0008742 secs]2021-01-21T22:12:14.658+0800: 38.971: [weak refs processing, 0.0003541 secs]2021-01-21T22:12:14.659+0800: 38.971: [class unloading, 0.0005375 secs]2021-01-21T22:12:14.660+0800: 38.972: [scrub symbol table, 0.0008042 secs]2021-01-21T22:12:14.661+0800: 38.973: [scrub string table, 0.0005296 secs][1 CMS-remark: 349549K(349568K)] 406485K(506816K), 0.0050040 secs] [Times: user=0.00 sys=0.01, real=0.01 secs] 
2021-01-21T22:12:14.663+0800: 38.975: [CMS-concurrent-sweep-start]
2021-01-21T22:12:14.663+0800: 38.975: [CMS-concurrent-sweep: 0.000/0.000 secs] [Times: user=0.00 sys=0.00, real=0.00 secs] 
2021-01-21T22:12:14.663+0800: 38.975: [CMS-concurrent-reset-start]
2021-01-21T22:12:14.663+0800: 38.975: [CMS-concurrent-reset: 0.000/0.000 secs] [Times: user=0.00 sys=0.00, real=0.00 secs] 
2021-01-21T22:12:14.676+0800: 38.988: [GC (Allocation Failure) 2021-01-21T22:12:14.676+0800: 38.988: [ParNew: 157218K->157218K(157248K), 0.0003545 secs]2021-01-21T22:12:14.677+0800: 38.989: [CMS: 348001K->349543K(349568K), 0.0510305 secs] 505220K->379813K(506816K), [Metaspace: 2816K->2816K(1056768K)], 0.0526734 secs] [Times: user=0.05 sys=0.00, real=0.06 secs] 
2021-01-21T22:12:14.730+0800: 39.042: [GC (CMS Initial Mark) [1 CMS-initial-mark: 349543K(349568K)] 382988K(506816K), 0.0013015 secs] [Times: user=0.00 sys=0.00, real=0.00 secs] 
2021-01-21T22:12:14.732+0800: 39.044: [CMS-concurrent-mark-start]
2021-01-21T22:12:14.733+0800: 39.045: [CMS-concurrent-mark: 0.001/0.001 secs] [Times: user=0.01 sys=0.00, real=0.00 secs] 
2021-01-21T22:12:14.733+0800: 39.045: [CMS-concurrent-preclean-start]
2021-01-21T22:12:14.734+0800: 39.046: [CMS-concurrent-preclean: 0.001/0.001 secs] [Times: user=0.00 sys=0.00, real=0.00 secs] 
2021-01-21T22:12:14.735+0800: 39.047: [CMS-concurrent-abortable-preclean-start]
2021-01-21T22:12:14.735+0800: 39.047: [CMS-concurrent-abortable-preclean: 0.000/0.000 secs] [Times: user=0.00 sys=0.00, real=0.00 secs] 
2021-01-21T22:12:14.735+0800: 39.047: [GC (CMS Final Remark) [YG occupancy: 59473 K (157248 K)]2021-01-21T22:12:14.735+0800: 39.047: [Rescan (parallel) , 0.0010276 secs]2021-01-21T22:12:14.737+0800: 39.049: [weak refs processing, 0.0002865 secs]2021-01-21T22:12:14.737+0800: 39.049: [class unloading, 0.0004424 secs]2021-01-21T22:12:14.738+0800: 39.050: [scrub symbol table, 0.0005911 secs]2021-01-21T22:12:14.739+0800: 39.051: [scrub string table, 0.0004985 secs][1 CMS-remark: 349543K(349568K)] 409017K(506816K), 0.0045640 secs] [Times: user=0.00 sys=0.00, real=0.01 secs] 
2021-01-21T22:12:14.740+0800: 39.052: [CMS-concurrent-sweep-start]
2021-01-21T22:12:14.741+0800: 39.053: [CMS-concurrent-sweep: 0.000/0.000 secs] [Times: user=0.01 sys=0.00, real=0.00 secs] 
2021-01-21T22:12:14.741+0800: 39.053: [CMS-concurrent-reset-start]
2021-01-21T22:12:14.741+0800: 39.053: [CMS-concurrent-reset: 0.000/0.000 secs] [Times: user=0.00 sys=0.00, real=0.00 secs] 
2021-01-21T22:12:14.754+0800: 39.066: [GC (Allocation Failure) 2021-01-21T22:12:14.755+0800: 39.067: [ParNew: 157209K->157209K(157248K), 0.0003449 secs]2021-01-21T22:12:14.755+0800: 39.067: [CMS: 348628K->349318K(349568K), 0.0482678 secs] 505837K->380312K(506816K), [Metaspace: 2816K->2816K(1056768K)], 0.0497963 secs] [Times: user=0.05 sys=0.00, real=0.05 secs] 
2021-01-21T22:12:14.805+0800: 39.117: [GC (CMS Initial Mark) [1 CMS-initial-mark: 349318K(349568K)] 383551K(506816K), 0.0011293 secs] [Times: user=0.00 sys=0.00, real=0.00 secs] 
2021-01-21T22:12:14.807+0800: 39.119: [CMS-concurrent-mark-start]
2021-01-21T22:12:14.808+0800: 39.120: [CMS-concurrent-mark: 0.001/0.001 secs] [Times: user=0.00 sys=0.01, real=0.01 secs] 
2021-01-21T22:12:14.809+0800: 39.121: [CMS-concurrent-preclean-start]
2021-01-21T22:12:14.810+0800: 39.122: [CMS-concurrent-preclean: 0.001/0.001 secs] [Times: user=0.00 sys=0.00, real=0.00 secs] 
2021-01-21T22:12:14.810+0800: 39.122: [CMS-concurrent-abortable-preclean-start]
2021-01-21T22:12:14.810+0800: 39.122: [CMS-concurrent-abortable-preclean: 0.000/0.000 secs] [Times: user=0.00 sys=0.00, real=0.00 secs] 
2021-01-21T22:12:14.811+0800: 39.123: [GC (CMS Final Remark) [YG occupancy: 63035 K (157248 K)]2021-01-21T22:12:14.811+0800: 39.123: [Rescan (parallel) , 0.0014622 secs]2021-01-21T22:12:14.813+0800: 39.125: [weak refs processing, 0.0003241 secs]2021-01-21T22:12:14.814+0800: 39.126: [class unloading, 0.0004404 secs]2021-01-21T22:12:14.815+0800: 39.127: [scrub symbol table, 0.0005377 secs]2021-01-21T22:12:14.815+0800: 39.127: [scrub string table, 0.0004698 secs][1 CMS-remark: 349318K(349568K)] 412354K(506816K), 0.0052219 secs] [Times: user=0.00 sys=0.00, real=0.00 secs] 
2021-01-21T22:12:14.817+0800: 39.129: [CMS-concurrent-sweep-start]
2021-01-21T22:12:14.817+0800: 39.129: [CMS-concurrent-sweep: 0.000/0.000 secs] [Times: user=0.00 sys=0.00, real=0.00 secs] 
2021-01-21T22:12:14.817+0800: 39.129: [CMS-concurrent-reset-start]
2021-01-21T22:12:14.818+0800: 39.130: [CMS-concurrent-reset: 0.000/0.000 secs] [Times: user=0.00 sys=0.00, real=0.00 secs] 
2021-01-21T22:12:14.829+0800: 39.141: [GC (Allocation Failure) 2021-01-21T22:12:14.829+0800: 39.141: [ParNew: 156924K->156924K(157248K), 0.0003152 secs]2021-01-21T22:12:14.830+0800: 39.142: [CMS: 347109K->349406K(349568K), 0.0491953 secs] 504034K->375110K(506816K), [Metaspace: 2816K->2816K(1056768K)], 0.0505371 secs] [Times: user=0.04 sys=0.00, real=0.05 secs] 
2021-01-21T22:12:14.880+0800: 39.192: [GC (CMS Initial Mark) [1 CMS-initial-mark: 349406K(349568K)] 378266K(506816K), 0.0011360 secs] [Times: user=0.01 sys=0.00, real=0.00 secs] 
2021-01-21T22:12:14.882+0800: 39.194: [CMS-concurrent-mark-start]
2021-01-21T22:12:14.884+0800: 39.196: [CMS-concurrent-mark: 0.001/0.001 secs] [Times: user=0.00 sys=0.00, real=0.00 secs] 
2021-01-21T22:12:14.884+0800: 39.196: [CMS-concurrent-preclean-start]
2021-01-21T22:12:14.885+0800: 39.197: [CMS-concurrent-preclean: 0.001/0.001 secs] [Times: user=0.00 sys=0.00, real=0.00 secs] 
2021-01-21T22:12:14.886+0800: 39.198: [CMS-concurrent-abortable-preclean-start]
2021-01-21T22:12:14.886+0800: 39.198: [CMS-concurrent-abortable-preclean: 0.000/0.000 secs] [Times: user=0.00 sys=0.00, real=0.00 secs] 
2021-01-21T22:12:14.886+0800: 39.198: [GC (CMS Final Remark) [YG occupancy: 55940 K (157248 K)]2021-01-21T22:12:14.886+0800: 39.198: [Rescan (parallel) , 0.0011381 secs]2021-01-21T22:12:14.888+0800: 39.200: [weak refs processing, 0.0002488 secs]2021-01-21T22:12:14.888+0800: 39.200: [class unloading, 0.0003997 secs]2021-01-21T22:12:14.889+0800: 39.201: [scrub symbol table, 0.0004855 secs]2021-01-21T22:12:14.890+0800: 39.202: [scrub string table, 0.0003745 secs][1 CMS-remark: 349406K(349568K)] 405346K(506816K), 0.0042875 secs] [Times: user=0.01 sys=0.00, real=0.01 secs] 
2021-01-21T22:12:14.891+0800: 39.203: [CMS-concurrent-sweep-start]
2021-01-21T22:12:14.891+0800: 39.203: [CMS-concurrent-sweep: 0.000/0.000 secs] [Times: user=0.00 sys=0.00, real=0.00 secs] 
2021-01-21T22:12:14.892+0800: 39.204: [CMS-concurrent-reset-start]
2021-01-21T22:12:14.892+0800: 39.204: [CMS-concurrent-reset: 0.000/0.000 secs] [Times: user=0.00 sys=0.00, real=0.00 secs] 
2021-01-21T22:12:14.903+0800: 39.216: [GC (Allocation Failure) 2021-01-21T22:12:14.904+0800: 39.216: [ParNew: 157214K->157214K(157248K), 0.0003656 secs]2021-01-21T22:12:14.905+0800: 39.217: [CMS: 349300K->349258K(349568K), 0.0481538 secs] 506514K->373283K(506816K), [Metaspace: 2816K->2816K(1056768K)], 0.0497308 secs] [Times: user=0.05 sys=0.00, real=0.05 secs] 
2021-01-21T22:12:14.954+0800: 39.266: [GC (CMS Initial Mark) [1 CMS-initial-mark: 349258K(349568K)] 375935K(506816K), 0.0013864 secs] [Times: user=0.00 sys=0.00, real=0.00 secs] 
2021-01-21T22:12:14.956+0800: 39.268: [CMS-concurrent-mark-start]
2021-01-21T22:12:14.958+0800: 39.270: [CMS-concurrent-mark: 0.001/0.001 secs] [Times: user=0.00 sys=0.00, real=0.00 secs] 
2021-01-21T22:12:14.958+0800: 39.270: [CMS-concurrent-preclean-start]
2021-01-21T22:12:14.959+0800: 39.271: [CMS-concurrent-preclean: 0.001/0.001 secs] [Times: user=0.00 sys=0.00, real=0.00 secs] 
2021-01-21T22:12:14.960+0800: 39.272: [CMS-concurrent-abortable-preclean-start]
2021-01-21T22:12:14.960+0800: 39.272: [CMS-concurrent-abortable-preclean: 0.000/0.000 secs] [Times: user=0.00 sys=0.00, real=0.00 secs] 
2021-01-21T22:12:14.960+0800: 39.272: [GC (CMS Final Remark) [YG occupancy: 53258 K (157248 K)]2021-01-21T22:12:14.961+0800: 39.273: [Rescan (parallel) , 0.0013686 secs]2021-01-21T22:12:14.962+0800: 39.274: [weak refs processing, 0.0003562 secs]2021-01-21T22:12:14.963+0800: 39.275: [class unloading, 0.0007168 secs]2021-01-21T22:12:14.964+0800: 39.276: [scrub symbol table, 0.0006887 secs]2021-01-21T22:12:14.965+0800: 39.277: [scrub string table, 0.0005686 secs][1 CMS-remark: 349258K(349568K)] 402516K(506816K), 0.0056756 secs] [Times: user=0.00 sys=0.00, real=0.00 secs] 
2021-01-21T22:12:14.967+0800: 39.279: [CMS-concurrent-sweep-start]
2021-01-21T22:12:14.967+0800: 39.279: [CMS-concurrent-sweep: 0.000/0.000 secs] [Times: user=0.01 sys=0.00, real=0.00 secs] 
2021-01-21T22:12:14.967+0800: 39.279: [CMS-concurrent-reset-start]
2021-01-21T22:12:14.968+0800: 39.280: [CMS-concurrent-reset: 0.000/0.000 secs] [Times: user=0.00 sys=0.00, real=0.00 secs] 
2021-01-21T22:12:14.980+0800: 39.292: [GC (Allocation Failure) 2021-01-21T22:12:14.981+0800: 39.293: [ParNew: 157177K->157177K(157248K), 0.0003472 secs]2021-01-21T22:12:14.981+0800: 39.293: [CMS: 348539K->349253K(349568K), 0.0478290 secs] 505716K->372096K(506816K), [Metaspace: 2816K->2816K(1056768K)], 0.0496476 secs] [Times: user=0.05 sys=0.00, real=0.05 secs] 
2021-01-21T22:12:15.031+0800: 39.343: [GC (CMS Initial Mark) [1 CMS-initial-mark: 349253K(349568K)] 375340K(506816K), 0.0010514 secs] [Times: user=0.00 sys=0.00, real=0.00 secs] 
2021-01-21T22:12:15.032+0800: 39.344: [CMS-concurrent-mark-start]
2021-01-21T22:12:15.034+0800: 39.346: [CMS-concurrent-mark: 0.001/0.001 secs] [Times: user=0.00 sys=0.00, real=0.00 secs] 
2021-01-21T22:12:15.034+0800: 39.346: [CMS-concurrent-preclean-start]
2021-01-21T22:12:15.035+0800: 39.347: [CMS-concurrent-preclean: 0.001/0.001 secs] [Times: user=0.00 sys=0.00, real=0.00 secs] 
2021-01-21T22:12:15.035+0800: 39.347: [CMS-concurrent-abortable-preclean-start]
2021-01-21T22:12:15.035+0800: 39.347: [CMS-concurrent-abortable-preclean: 0.000/0.000 secs] [Times: user=0.00 sys=0.00, real=0.00 secs] 
2021-01-21T22:12:15.036+0800: 39.348: [GC (CMS Final Remark) [YG occupancy: 59653 K (157248 K)]2021-01-21T22:12:15.036+0800: 39.348: [Rescan (parallel) , 0.0011597 secs]2021-01-21T22:12:15.038+0800: 39.350: [weak refs processing, 0.0003260 secs]2021-01-21T22:12:15.038+0800: 39.350: [class unloading, 0.0004694 secs]2021-01-21T22:12:15.039+0800: 39.351: [scrub symbol table, 0.0005756 secs]2021-01-21T22:12:15.040+0800: 39.352: [scrub string table, 0.0004717 secs][1 CMS-remark: 349253K(349568K)] 408906K(506816K), 0.0049467 secs] [Times: user=0.00 sys=0.00, real=0.01 secs] 
2021-01-21T22:12:15.042+0800: 39.354: [CMS-concurrent-sweep-start]
2021-01-21T22:12:15.042+0800: 39.354: [CMS-concurrent-sweep: 0.000/0.000 secs] [Times: user=0.00 sys=0.00, real=0.00 secs] 
2021-01-21T22:12:15.042+0800: 39.354: [CMS-concurrent-reset-start]
2021-01-21T22:12:15.042+0800: 39.354: [CMS-concurrent-reset: 0.000/0.000 secs] [Times: user=0.00 sys=0.00, real=0.00 secs] 
2021-01-21T22:12:15.054+0800: 39.366: [GC (Allocation Failure) 2021-01-21T22:12:15.054+0800: 39.366: [ParNew: 156909K->156909K(157248K), 0.0003629 secs]2021-01-21T22:12:15.055+0800: 39.367: [CMS: 347636K->349551K(349568K), 0.0495001 secs] 504546K->375537K(506816K), [Metaspace: 2816K->2816K(1056768K)], 0.0510952 secs] [Times: user=0.05 sys=0.00, real=0.05 secs] 
2021-01-21T22:12:15.106+0800: 39.418: [GC (CMS Initial Mark) [1 CMS-initial-mark: 349551K(349568K)] 378967K(506816K), 0.0013703 secs] [Times: user=0.01 sys=0.00, real=0.00 secs] 
2021-01-21T22:12:15.108+0800: 39.420: [CMS-concurrent-mark-start]
2021-01-21T22:12:15.109+0800: 39.421: [CMS-concurrent-mark: 0.002/0.002 secs] [Times: user=0.00 sys=0.00, real=0.01 secs] 
2021-01-21T22:12:15.110+0800: 39.422: [CMS-concurrent-preclean-start]
2021-01-21T22:12:15.111+0800: 39.423: [CMS-concurrent-preclean: 0.001/0.001 secs] [Times: user=0.00 sys=0.00, real=0.00 secs] 
2021-01-21T22:12:15.111+0800: 39.423: [CMS-concurrent-abortable-preclean-start]
2021-01-21T22:12:15.111+0800: 39.423: [CMS-concurrent-abortable-preclean: 0.000/0.000 secs] [Times: user=0.00 sys=0.00, real=0.00 secs] 
2021-01-21T22:12:15.112+0800: 39.424: [GC (CMS Final Remark) [YG occupancy: 55614 K (157248 K)]2021-01-21T22:12:15.112+0800: 39.424: [Rescan (parallel) , 0.0011409 secs]2021-01-21T22:12:15.114+0800: 39.426: [weak refs processing, 0.0002951 secs]2021-01-21T22:12:15.114+0800: 39.426: [class unloading, 0.0004681 secs]2021-01-21T22:12:15.115+0800: 39.427: [scrub symbol table, 0.0007351 secs]2021-01-21T22:12:15.116+0800: 39.428: [scrub string table, 0.0004641 secs][1 CMS-remark: 349551K(349568K)] 405166K(506816K), 0.0050191 secs] [Times: user=0.00 sys=0.00, real=0.00 secs] 
2021-01-21T22:12:15.118+0800: 39.430: [CMS-concurrent-sweep-start]
2021-01-21T22:12:15.118+0800: 39.430: [CMS-concurrent-sweep: 0.000/0.000 secs] [Times: user=0.00 sys=0.00, real=0.01 secs] 
2021-01-21T22:12:15.119+0800: 39.431: [CMS-concurrent-reset-start]
2021-01-21T22:12:15.119+0800: 39.431: [CMS-concurrent-reset: 0.000/0.000 secs] [Times: user=0.00 sys=0.00, real=0.00 secs] 
2021-01-21T22:12:15.130+0800: 39.442: [GC (Allocation Failure) 2021-01-21T22:12:15.130+0800: 39.442: [ParNew: 157228K->157228K(157248K), 0.0003816 secs]2021-01-21T22:12:15.131+0800: 39.443: [CMS: 349374K->349184K(349568K), 0.0549987 secs] 506602K->374931K(506816K), [Metaspace: 2816K->2816K(1056768K)], 0.0565258 secs] [Times: user=0.06 sys=0.00, real=0.05 secs] 
2021-01-21T22:12:15.187+0800: 39.499: [GC (CMS Initial Mark) [1 CMS-initial-mark: 349184K(349568K)] 377928K(506816K), 0.0008407 secs] [Times: user=0.00 sys=0.00, real=0.01 secs] 
2021-01-21T22:12:15.189+0800: 39.501: [CMS-concurrent-mark-start]
2021-01-21T22:12:15.190+0800: 39.502: [CMS-concurrent-mark: 0.001/0.001 secs] [Times: user=0.00 sys=0.00, real=0.00 secs] 
2021-01-21T22:12:15.190+0800: 39.502: [CMS-concurrent-preclean-start]
2021-01-21T22:12:15.191+0800: 39.503: [CMS-concurrent-preclean: 0.001/0.001 secs] [Times: user=0.00 sys=0.00, real=0.00 secs] 
2021-01-21T22:12:15.192+0800: 39.504: [CMS-concurrent-abortable-preclean-start]
2021-01-21T22:12:15.192+0800: 39.504: [CMS-concurrent-abortable-preclean: 0.000/0.000 secs] [Times: user=0.00 sys=0.00, real=0.00 secs] 
2021-01-21T22:12:15.192+0800: 39.504: [GC (CMS Final Remark) [YG occupancy: 50903 K (157248 K)]2021-01-21T22:12:15.192+0800: 39.504: [Rescan (parallel) , 0.0010037 secs]2021-01-21T22:12:15.194+0800: 39.506: [weak refs processing, 0.0002894 secs]2021-01-21T22:12:15.194+0800: 39.506: [class unloading, 0.0004087 secs]2021-01-21T22:12:15.195+0800: 39.507: [scrub symbol table, 0.0005979 secs]2021-01-21T22:12:15.196+0800: 39.508: [scrub string table, 0.0004132 secs][1 CMS-remark: 349184K(349568K)] 400088K(506816K), 0.0043501 secs] [Times: user=0.00 sys=0.00, real=0.00 secs] 
2021-01-21T22:12:15.197+0800: 39.509: [CMS-concurrent-sweep-start]
2021-01-21T22:12:15.197+0800: 39.509: [CMS-concurrent-sweep: 0.000/0.000 secs] [Times: user=0.00 sys=0.00, real=0.00 secs] 
2021-01-21T22:12:15.197+0800: 39.509: [CMS-concurrent-reset-start]
2021-01-21T22:12:15.198+0800: 39.510: [CMS-concurrent-reset: 0.000/0.000 secs] [Times: user=0.00 sys=0.00, real=0.00 secs] 
2021-01-21T22:12:15.211+0800: 39.523: [GC (Allocation Failure) 2021-01-21T22:12:15.211+0800: 39.524: [ParNew: 157125K->157125K(157248K), 0.0002263 secs]2021-01-21T22:12:15.212+0800: 39.524: [CMS: 348186K->349467K(349568K), 0.0492198 secs] 505311K->372252K(506816K), [Metaspace: 2816K->2816K(1056768K)], 0.0508523 secs] [Times: user=0.05 sys=0.00, real=0.05 secs] 
2021-01-21T22:12:15.263+0800: 39.575: [GC (CMS Initial Mark) [1 CMS-initial-mark: 349467K(349568K)] 375758K(506816K), 0.0013702 secs] [Times: user=0.00 sys=0.00, real=0.00 secs] 
2021-01-21T22:12:15.266+0800: 39.578: [CMS-concurrent-mark-start]
2021-01-21T22:12:15.267+0800: 39.579: [CMS-concurrent-mark: 0.001/0.001 secs] [Times: user=0.00 sys=0.00, real=0.00 secs] 
2021-01-21T22:12:15.268+0800: 39.580: [CMS-concurrent-preclean-start]
2021-01-21T22:12:15.269+0800: 39.581: [CMS-concurrent-preclean: 0.001/0.001 secs] [Times: user=0.00 sys=0.00, real=0.01 secs] 
2021-01-21T22:12:15.269+0800: 39.581: [CMS-concurrent-abortable-preclean-start]
2021-01-21T22:12:15.269+0800: 39.581: [CMS-concurrent-abortable-preclean: 0.000/0.000 secs] [Times: user=0.00 sys=0.00, real=0.00 secs] 
2021-01-21T22:12:15.270+0800: 39.582: [GC (CMS Final Remark) [YG occupancy: 55680 K (157248 K)]2021-01-21T22:12:15.270+0800: 39.582: [Rescan (parallel) , 0.0015186 secs]2021-01-21T22:12:15.272+0800: 39.584: [weak refs processing, 0.0002848 secs]2021-01-21T22:12:15.273+0800: 39.585: [class unloading, 0.0004362 secs]2021-01-21T22:12:15.273+0800: 39.585: [scrub symbol table, 0.0008689 secs]2021-01-21T22:12:15.275+0800: 39.587: [scrub string table, 0.0006084 secs][1 CMS-remark: 349467K(349568K)] 405148K(506816K), 0.0056187 secs] [Times: user=0.00 sys=0.00, real=0.00 secs] 
2021-01-21T22:12:15.276+0800: 39.588: [CMS-concurrent-sweep-start]
2021-01-21T22:12:15.276+0800: 39.588: [CMS-concurrent-sweep: 0.000/0.000 secs] [Times: user=0.00 sys=0.00, real=0.00 secs] 
2021-01-21T22:12:15.277+0800: 39.589: [CMS-concurrent-reset-start]
2021-01-21T22:12:15.277+0800: 39.589: [CMS-concurrent-reset: 0.000/0.000 secs] [Times: user=0.00 sys=0.00, real=0.00 secs] 
2021-01-21T22:12:15.288+0800: 39.600: [GC (Allocation Failure) 2021-01-21T22:12:15.288+0800: 39.601: [ParNew: 156678K->156678K(157248K), 0.0003432 secs]2021-01-21T22:12:15.289+0800: 39.601: [CMS: 349089K->348929K(349568K), 0.0485033 secs] 505767K->374775K(506816K), [Metaspace: 2816K->2816K(1056768K)], 0.0502222 secs] [Times: user=0.05 sys=0.00, real=0.06 secs] 
2021-01-21T22:12:15.340+0800: 39.652: [GC (CMS Initial Mark) [1 CMS-initial-mark: 348929K(349568K)] 378725K(506816K), 0.0015008 secs] [Times: user=0.01 sys=0.00, real=0.00 secs] 
2021-01-21T22:12:15.342+0800: 39.654: [CMS-concurrent-mark-start]
2021-01-21T22:12:15.343+0800: 39.655: [CMS-concurrent-mark: 0.001/0.001 secs] [Times: user=0.00 sys=0.00, real=0.00 secs] 
2021-01-21T22:12:15.344+0800: 39.656: [CMS-concurrent-preclean-start]
2021-01-21T22:12:15.345+0800: 39.657: [CMS-concurrent-preclean: 0.001/0.001 secs] [Times: user=0.00 sys=0.00, real=0.00 secs] 
2021-01-21T22:12:15.345+0800: 39.657: [CMS-concurrent-abortable-preclean-start]
2021-01-21T22:12:15.345+0800: 39.657: [CMS-concurrent-abortable-preclean: 0.000/0.000 secs] [Times: user=0.00 sys=0.00, real=0.00 secs] 
2021-01-21T22:12:15.346+0800: 39.658: [GC (CMS Final Remark) [YG occupancy: 61765 K (157248 K)]2021-01-21T22:12:15.346+0800: 39.658: [Rescan (parallel) , 0.0013675 secs]2021-01-21T22:12:15.348+0800: 39.660: [weak refs processing, 0.0003503 secs]2021-01-21T22:12:15.348+0800: 39.660: [class unloading, 0.0004996 secs]2021-01-21T22:12:15.349+0800: 39.661: [scrub symbol table, 0.0005942 secs]2021-01-21T22:12:15.350+0800: 39.662: [scrub string table, 0.0004559 secs][1 CMS-remark: 348929K(349568K)] 410694K(506816K), 0.0053919 secs] [Times: user=0.01 sys=0.00, real=0.01 secs] 
2021-01-21T22:12:15.352+0800: 39.664: [CMS-concurrent-sweep-start]
2021-01-21T22:12:15.352+0800: 39.664: [CMS-concurrent-sweep: 0.000/0.000 secs] [Times: user=0.00 sys=0.00, real=0.00 secs] 
2021-01-21T22:12:15.352+0800: 39.664: [CMS-concurrent-reset-start]
2021-01-21T22:12:15.353+0800: 39.665: [CMS-concurrent-reset: 0.000/0.000 secs] [Times: user=0.00 sys=0.00, real=0.00 secs] 
2021-01-21T22:12:15.363+0800: 39.675: [GC (Allocation Failure) 2021-01-21T22:12:15.363+0800: 39.675: [ParNew: 157222K->157222K(157248K), 0.0004708 secs]2021-01-21T22:12:15.364+0800: 39.676: [CMS: 347037K->349535K(349568K), 0.0498930 secs] 504260K->382817K(506816K), [Metaspace: 2816K->2816K(1056768K)], 0.0517343 secs] [Times: user=0.05 sys=0.00, real=0.05 secs] 
2021-01-21T22:12:15.415+0800: 39.727: [GC (CMS Initial Mark) [1 CMS-initial-mark: 349535K(349568K)] 385593K(506816K), 0.0013464 secs] [Times: user=0.00 sys=0.00, real=0.00 secs] 
2021-01-21T22:12:15.417+0800: 39.729: [CMS-concurrent-mark-start]
2021-01-21T22:12:15.419+0800: 39.731: [CMS-concurrent-mark: 0.001/0.001 secs] [Times: user=0.01 sys=0.00, real=0.01 secs] 
2021-01-21T22:12:15.419+0800: 39.731: [CMS-concurrent-preclean-start]
2021-01-21T22:12:15.420+0800: 39.732: [CMS-concurrent-preclean: 0.001/0.001 secs] [Times: user=0.00 sys=0.00, real=0.00 secs] 
2021-01-21T22:12:15.421+0800: 39.733: [CMS-concurrent-abortable-preclean-start]
2021-01-21T22:12:15.421+0800: 39.733: [CMS-concurrent-abortable-preclean: 0.000/0.000 secs] [Times: user=0.00 sys=0.00, real=0.00 secs] 
2021-01-21T22:12:15.421+0800: 39.733: [GC (CMS Final Remark) [YG occupancy: 61757 K (157248 K)]2021-01-21T22:12:15.422+0800: 39.734: [Rescan (parallel) , 0.0011276 secs]2021-01-21T22:12:15.423+0800: 39.735: [weak refs processing, 0.0003159 secs]2021-01-21T22:12:15.424+0800: 39.736: [class unloading, 0.0007065 secs]2021-01-21T22:12:15.425+0800: 39.737: [scrub symbol table, 0.0005171 secs]2021-01-21T22:12:15.425+0800: 39.738: [scrub string table, 0.0003932 secs][1 CMS-remark: 349535K(349568K)] 411293K(506816K), 0.0049842 secs] [Times: user=0.00 sys=0.00, real=0.00 secs] 
2021-01-21T22:12:15.427+0800: 39.739: [CMS-concurrent-sweep-start]
2021-01-21T22:12:15.427+0800: 39.739: [CMS-concurrent-sweep: 0.000/0.000 secs] [Times: user=0.00 sys=0.00, real=0.00 secs] 
2021-01-21T22:12:15.427+0800: 39.739: [CMS-concurrent-reset-start]
2021-01-21T22:12:15.428+0800: 39.740: [CMS-concurrent-reset: 0.000/0.000 secs] [Times: user=0.00 sys=0.00, real=0.00 secs] 
2021-01-21T22:12:15.438+0800: 39.750: [GC (Allocation Failure) 2021-01-21T22:12:15.439+0800: 39.751: [ParNew: 157163K->157163K(157248K), 0.0004735 secs]2021-01-21T22:12:15.440+0800: 39.752: [CMS: 348953K->349195K(349568K), 0.0498181 secs] 506116K->375156K(506816K), [Metaspace: 2816K->2816K(1056768K)], 0.0520129 secs] [Times: user=0.05 sys=0.00, real=0.05 secs] 
2021-01-21T22:12:15.492+0800: 39.804: [GC (CMS Initial Mark) [1 CMS-initial-mark: 349195K(349568K)] 378113K(506816K), 0.0017311 secs] [Times: user=0.00 sys=0.00, real=0.00 secs] 
2021-01-21T22:12:15.494+0800: 39.806: [CMS-concurrent-mark-start]
2021-01-21T22:12:15.496+0800: 39.808: [CMS-concurrent-mark: 0.002/0.002 secs] [Times: user=0.00 sys=0.00, real=0.00 secs] 
2021-01-21T22:12:15.496+0800: 39.808: [CMS-concurrent-preclean-start]
2021-01-21T22:12:15.497+0800: 39.809: [CMS-concurrent-preclean: 0.001/0.001 secs] [Times: user=0.01 sys=0.00, real=0.00 secs] 
2021-01-21T22:12:15.498+0800: 39.810: [CMS-concurrent-abortable-preclean-start]
2021-01-21T22:12:15.498+0800: 39.810: [CMS-concurrent-abortable-preclean: 0.000/0.000 secs] [Times: user=0.00 sys=0.00, real=0.00 secs] 
2021-01-21T22:12:15.498+0800: 39.810: [GC (CMS Final Remark) [YG occupancy: 54881 K (157248 K)]2021-01-21T22:12:15.499+0800: 39.811: [Rescan (parallel) , 0.0013285 secs]2021-01-21T22:12:15.500+0800: 39.812: [weak refs processing, 0.0003157 secs]2021-01-21T22:12:15.501+0800: 39.813: [class unloading, 0.0004579 secs]2021-01-21T22:12:15.502+0800: 39.814: [scrub symbol table, 0.0006385 secs]2021-01-21T22:12:15.503+0800: 39.815: [scrub string table, 0.0003596 secs][1 CMS-remark: 349195K(349568K)] 404077K(506816K), 0.0048313 secs] [Times: user=0.00 sys=0.00, real=0.00 secs] 
2021-01-21T22:12:15.504+0800: 39.816: [CMS-concurrent-sweep-start]
2021-01-21T22:12:15.504+0800: 39.816: [CMS-concurrent-sweep: 0.000/0.000 secs] [Times: user=0.00 sys=0.00, real=0.00 secs] 
2021-01-21T22:12:15.504+0800: 39.816: [CMS-concurrent-reset-start]
2021-01-21T22:12:15.505+0800: 39.817: [CMS-concurrent-reset: 0.000/0.000 secs] [Times: user=0.00 sys=0.00, real=0.00 secs] 
2021-01-21T22:12:15.516+0800: 39.828: [GC (Allocation Failure) 2021-01-21T22:12:15.516+0800: 39.829: [ParNew: 157107K->157107K(157248K), 0.0004589 secs]2021-01-21T22:12:15.517+0800: 39.829: [CMS: 348381K->349312K(349568K), 0.0498460 secs] 505489K->378825K(506816K), [Metaspace: 2816K->2816K(1056768K)], 0.0515584 secs] [Times: user=0.05 sys=0.00, real=0.05 secs] 
2021-01-21T22:12:15.569+0800: 39.881: [GC (CMS Initial Mark) [1 CMS-initial-mark: 349312K(349568K)] 382394K(506816K), 0.0011950 secs] [Times: user=0.00 sys=0.00, real=0.00 secs] 
2021-01-21T22:12:15.571+0800: 39.883: [CMS-concurrent-mark-start]
2021-01-21T22:12:15.572+0800: 39.884: [CMS-concurrent-mark: 0.001/0.001 secs] [Times: user=0.00 sys=0.00, real=0.00 secs] 
2021-01-21T22:12:15.572+0800: 39.884: [CMS-concurrent-preclean-start]
2021-01-21T22:12:15.573+0800: 39.885: [CMS-concurrent-preclean: 0.001/0.001 secs] [Times: user=0.00 sys=0.00, real=0.00 secs] 
2021-01-21T22:12:15.574+0800: 39.886: [CMS-concurrent-abortable-preclean-start]
2021-01-21T22:12:15.574+0800: 39.886: [CMS-concurrent-abortable-preclean: 0.000/0.000 secs] [Times: user=0.00 sys=0.00, real=0.00 secs] 
2021-01-21T22:12:15.575+0800: 39.887: [GC (CMS Final Remark) [YG occupancy: 64917 K (157248 K)]2021-01-21T22:12:15.575+0800: 39.887: [Rescan (parallel) , 0.0014072 secs]2021-01-21T22:12:15.577+0800: 39.889: [weak refs processing, 0.0003583 secs]2021-01-21T22:12:15.577+0800: 39.890: [class unloading, 0.0004967 secs]2021-01-21T22:12:15.578+0800: 39.890: [scrub symbol table, 0.0008989 secs]2021-01-21T22:12:15.579+0800: 39.892: [scrub string table, 0.0005827 secs][1 CMS-remark: 349312K(349568K)] 414229K(506816K), 0.0056615 secs] [Times: user=0.00 sys=0.00, real=0.01 secs] 
2021-01-21T22:12:15.581+0800: 39.893: [CMS-concurrent-sweep-start]
2021-01-21T22:12:15.581+0800: 39.893: [CMS-concurrent-sweep: 0.000/0.000 secs] [Times: user=0.00 sys=0.00, real=0.00 secs] 
2021-01-21T22:12:15.581+0800: 39.893: [CMS-concurrent-reset-start]
2021-01-21T22:12:15.581+0800: 39.894: [CMS-concurrent-reset: 0.000/0.000 secs] [Times: user=0.00 sys=0.00, real=0.00 secs] 
2021-01-21T22:12:15.592+0800: 39.904: [GC (Allocation Failure) 2021-01-21T22:12:15.592+0800: 39.904: [ParNew: 157194K->157194K(157248K), 0.0003800 secs]2021-01-21T22:12:15.593+0800: 39.905: [CMS: 347869K->349472K(349568K), 0.0479668 secs] 505064K->374820K(506816K), [Metaspace: 2816K->2816K(1056768K)], 0.0496964 secs] [Times: user=0.05 sys=0.00, real=0.05 secs] 
2021-01-21T22:12:15.643+0800: 39.955: [GC (CMS Initial Mark) [1 CMS-initial-mark: 349472K(349568K)] 378044K(506816K), 0.0016065 secs] [Times: user=0.00 sys=0.00, real=0.00 secs] 
2021-01-21T22:12:15.645+0800: 39.957: [CMS-concurrent-mark-start]
2021-01-21T22:12:15.647+0800: 39.959: [CMS-concurrent-mark: 0.002/0.002 secs] [Times: user=0.01 sys=0.00, real=0.00 secs] 
2021-01-21T22:12:15.647+0800: 39.959: [CMS-concurrent-preclean-start]
2021-01-21T22:12:15.648+0800: 39.960: [CMS-concurrent-preclean: 0.001/0.001 secs] [Times: user=0.00 sys=0.00, real=0.01 secs] 
2021-01-21T22:12:15.649+0800: 39.961: [CMS-concurrent-abortable-preclean-start]
2021-01-21T22:12:15.649+0800: 39.961: [CMS-concurrent-abortable-preclean: 0.000/0.000 secs] [Times: user=0.00 sys=0.00, real=0.00 secs] 
2021-01-21T22:12:15.649+0800: 39.961: [GC (CMS Final Remark) [YG occupancy: 51045 K (157248 K)]2021-01-21T22:12:15.650+0800: 39.962: [Rescan (parallel) , 0.0008606 secs]2021-01-21T22:12:15.651+0800: 39.963: [weak refs processing, 0.0003744 secs]2021-01-21T22:12:15.652+0800: 39.964: [class unloading, 0.0004978 secs]2021-01-21T22:12:15.652+0800: 39.964: [scrub symbol table, 0.0005495 secs]2021-01-21T22:12:15.653+0800: 39.965: [scrub string table, 0.0004275 secs][1 CMS-remark: 349472K(349568K)] 400518K(506816K), 0.0045416 secs] [Times: user=0.01 sys=0.00, real=0.00 secs] 
2021-01-21T22:12:15.655+0800: 39.967: [CMS-concurrent-sweep-start]
2021-01-21T22:12:15.655+0800: 39.967: [CMS-concurrent-sweep: 0.000/0.000 secs] [Times: user=0.00 sys=0.00, real=0.00 secs] 
2021-01-21T22:12:15.655+0800: 39.967: [CMS-concurrent-reset-start]
2021-01-21T22:12:15.656+0800: 39.968: [CMS-concurrent-reset: 0.000/0.000 secs] [Times: user=0.00 sys=0.00, real=0.00 secs] 
2021-01-21T22:12:15.668+0800: 39.980: [GC (Allocation Failure) 2021-01-21T22:12:15.668+0800: 39.980: [ParNew: 157244K->157244K(157248K), 0.0003305 secs]2021-01-21T22:12:15.669+0800: 39.981: [CMS: 349319K->349408K(349568K), 0.0484170 secs] 506563K->372200K(506816K), [Metaspace: 2816K->2816K(1056768K)], 0.0500409 secs] [Times: user=0.05 sys=0.00, real=0.06 secs] 
2021-01-21T22:12:15.719+0800: 40.031: [GC (CMS Initial Mark) [1 CMS-initial-mark: 349408K(349568K)] 374817K(506816K), 0.0013696 secs] [Times: user=0.00 sys=0.00, real=0.00 secs] 
2021-01-21T22:12:15.721+0800: 40.033: [CMS-concurrent-mark-start]
2021-01-21T22:12:15.723+0800: 40.035: [CMS-concurrent-mark: 0.001/0.001 secs] [Times: user=0.01 sys=0.00, real=0.00 secs] 
2021-01-21T22:12:15.723+0800: 40.035: [CMS-concurrent-preclean-start]
2021-01-21T22:12:15.724+0800: 40.037: [CMS-concurrent-preclean: 0.001/0.001 secs] [Times: user=0.00 sys=0.00, real=0.00 secs] 
2021-01-21T22:12:15.725+0800: 40.037: [CMS-concurrent-abortable-preclean-start]
2021-01-21T22:12:15.725+0800: 40.037: [CMS-concurrent-abortable-preclean: 0.000/0.000 secs] [Times: user=0.00 sys=0.00, real=0.00 secs] 
2021-01-21T22:12:15.726+0800: 40.038: [GC (CMS Final Remark) [YG occupancy: 50610 K (157248 K)]2021-01-21T22:12:15.727+0800: 40.039: [Rescan (parallel) , 0.0016259 secs]2021-01-21T22:12:15.729+0800: 40.041: [weak refs processing, 0.0002358 secs]2021-01-21T22:12:15.729+0800: 40.041: [class unloading, 0.0004672 secs]2021-01-21T22:12:15.730+0800: 40.042: [scrub symbol table, 0.0005910 secs]2021-01-21T22:12:15.731+0800: 40.043: [scrub string table, 0.0003943 secs][1 CMS-remark: 349408K(349568K)] 400019K(506816K), 0.0051188 secs] [Times: user=0.00 sys=0.01, real=0.01 secs] 
2021-01-21T22:12:15.732+0800: 40.044: [CMS-concurrent-sweep-start]
2021-01-21T22:12:15.732+0800: 40.044: [CMS-concurrent-sweep: 0.000/0.000 secs] [Times: user=0.00 sys=0.00, real=0.00 secs] 
2021-01-21T22:12:15.732+0800: 40.044: [CMS-concurrent-reset-start]
2021-01-21T22:12:15.733+0800: 40.045: [CMS-concurrent-reset: 0.000/0.000 secs] [Times: user=0.00 sys=0.00, real=0.00 secs] 
2021-01-21T22:12:15.746+0800: 40.058: [GC (Allocation Failure) 2021-01-21T22:12:15.747+0800: 40.059: [ParNew: 156615K->156615K(157248K), 0.0003333 secs]2021-01-21T22:12:15.748+0800: 40.060: [CMS: 348868K->349521K(349568K), 0.0481080 secs] 505483K->373583K(506816K), [Metaspace: 2816K->2816K(1056768K)], 0.0497692 secs] [Times: user=0.05 sys=0.00, real=0.05 secs] 
2021-01-21T22:12:15.797+0800: 40.109: [GC (CMS Initial Mark) [1 CMS-initial-mark: 349521K(349568K)] 376987K(506816K), 0.0013393 secs] [Times: user=0.00 sys=0.00, real=0.01 secs] 
2021-01-21T22:12:15.799+0800: 40.111: [CMS-concurrent-mark-start]
2021-01-21T22:12:15.800+0800: 40.113: [CMS-concurrent-mark: 0.001/0.001 secs] [Times: user=0.01 sys=0.00, real=0.00 secs] 
2021-01-21T22:12:15.801+0800: 40.113: [CMS-concurrent-preclean-start]
2021-01-21T22:12:15.802+0800: 40.114: [CMS-concurrent-preclean: 0.001/0.001 secs] [Times: user=0.00 sys=0.00, real=0.00 secs] 
2021-01-21T22:12:15.803+0800: 40.115: [CMS-concurrent-abortable-preclean-start]
2021-01-21T22:12:15.803+0800: 40.115: [CMS-concurrent-abortable-preclean: 0.000/0.000 secs] [Times: user=0.00 sys=0.00, real=0.00 secs] 
2021-01-21T22:12:15.803+0800: 40.115: [GC (CMS Final Remark) [YG occupancy: 51997 K (157248 K)]2021-01-21T22:12:15.804+0800: 40.116: [Rescan (parallel) , 0.0012259 secs]2021-01-21T22:12:15.805+0800: 40.117: [weak refs processing, 0.0002802 secs]2021-01-21T22:12:15.806+0800: 40.118: [class unloading, 0.0004650 secs]2021-01-21T22:12:15.806+0800: 40.118: [scrub symbol table, 0.0006333 secs]2021-01-21T22:12:15.807+0800: 40.119: [scrub string table, 0.0003365 secs][1 CMS-remark: 349521K(349568K)] 401518K(506816K), 0.0046784 secs] [Times: user=0.00 sys=0.00, real=0.00 secs] 
2021-01-21T22:12:15.808+0800: 40.120: [CMS-concurrent-sweep-start]
2021-01-21T22:12:15.809+0800: 40.121: [CMS-concurrent-sweep: 0.000/0.000 secs] [Times: user=0.00 sys=0.00, real=0.00 secs] 
2021-01-21T22:12:15.809+0800: 40.121: [CMS-concurrent-reset-start]
2021-01-21T22:12:15.809+0800: 40.121: [CMS-concurrent-reset: 0.000/0.000 secs] [Times: user=0.00 sys=0.00, real=0.00 secs] 
2021-01-21T22:12:15.821+0800: 40.133: [GC (Allocation Failure) 2021-01-21T22:12:15.821+0800: 40.134: [ParNew: 156841K->156841K(157248K), 0.0003021 secs]2021-01-21T22:12:15.822+0800: 40.134: [CMS: 349521K->349503K(349568K), 0.0479775 secs] 506362K->367306K(506816K), [Metaspace: 2816K->2816K(1056768K)], 0.0494140 secs] [Times: user=0.05 sys=0.00, real=0.05 secs] 
2021-01-21T22:12:15.871+0800: 40.183: [GC (CMS Initial Mark) [1 CMS-initial-mark: 349503K(349568K)] 370622K(506816K), 0.0011244 secs] [Times: user=0.00 sys=0.00, real=0.00 secs] 
2021-01-21T22:12:15.873+0800: 40.185: [CMS-concurrent-mark-start]
2021-01-21T22:12:15.875+0800: 40.187: [CMS-concurrent-mark: 0.002/0.002 secs] [Times: user=0.00 sys=0.00, real=0.00 secs] 
2021-01-21T22:12:15.875+0800: 40.187: [CMS-concurrent-preclean-start]
2021-01-21T22:12:15.876+0800: 40.188: [CMS-concurrent-preclean: 0.001/0.001 secs] [Times: user=0.00 sys=0.00, real=0.00 secs] 
2021-01-21T22:12:15.877+0800: 40.189: [CMS-concurrent-abortable-preclean-start]
2021-01-21T22:12:15.877+0800: 40.189: [CMS-concurrent-abortable-preclean: 0.000/0.000 secs] [Times: user=0.00 sys=0.00, real=0.00 secs] 
2021-01-21T22:12:15.877+0800: 40.189: [GC (CMS Final Remark) [YG occupancy: 51466 K (157248 K)]2021-01-21T22:12:15.877+0800: 40.189: [Rescan (parallel) , 0.0011833 secs]2021-01-21T22:12:15.879+0800: 40.191: [weak refs processing, 0.0003127 secs]2021-01-21T22:12:15.880+0800: 40.192: [class unloading, 0.0004762 secs]2021-01-21T22:12:15.880+0800: 40.192: [scrub symbol table, 0.0005954 secs]2021-01-21T22:12:15.881+0800: 40.193: [scrub string table, 0.0004139 secs][1 CMS-remark: 349503K(349568K)] 400970K(506816K), 0.0048641 secs] [Times: user=0.00 sys=0.00, real=0.01 secs] 
2021-01-21T22:12:15.883+0800: 40.195: [CMS-concurrent-sweep-start]
2021-01-21T22:12:15.883+0800: 40.195: [CMS-concurrent-sweep: 0.000/0.000 secs] [Times: user=0.00 sys=0.00, real=0.00 secs] 
2021-01-21T22:12:15.883+0800: 40.195: [CMS-concurrent-reset-start]
2021-01-21T22:12:15.883+0800: 40.196: [CMS-concurrent-reset: 0.000/0.000 secs] [Times: user=0.00 sys=0.00, real=0.00 secs] 
2021-01-21T22:12:15.896+0800: 40.208: [GC (Allocation Failure) 2021-01-21T22:12:15.896+0800: 40.208: [ParNew: 157187K->157187K(157248K), 0.0005100 secs]2021-01-21T22:12:15.897+0800: 40.209: [CMS: 349003K->349512K(349568K), 0.0475243 secs] 506190K->363591K(506816K), [Metaspace: 2816K->2816K(1056768K)], 0.0494927 secs] [Times: user=0.04 sys=0.00, real=0.05 secs] 
2021-01-21T22:12:15.946+0800: 40.258: [GC (CMS Initial Mark) [1 CMS-initial-mark: 349512K(349568K)] 366486K(506816K), 0.0014348 secs] [Times: user=0.01 sys=0.00, real=0.01 secs] 
2021-01-21T22:12:15.949+0800: 40.261: [CMS-concurrent-mark-start]
2021-01-21T22:12:15.950+0800: 40.262: [CMS-concurrent-mark: 0.002/0.002 secs] [Times: user=0.00 sys=0.00, real=0.00 secs] 
2021-01-21T22:12:15.951+0800: 40.263: [CMS-concurrent-preclean-start]
2021-01-21T22:12:15.952+0800: 40.264: [CMS-concurrent-preclean: 0.001/0.001 secs] [Times: user=0.00 sys=0.00, real=0.00 secs] 
2021-01-21T22:12:15.952+0800: 40.264: [CMS-concurrent-abortable-preclean-start]
2021-01-21T22:12:15.952+0800: 40.264: [CMS-concurrent-abortable-preclean: 0.000/0.000 secs] [Times: user=0.00 sys=0.00, real=0.00 secs] 
2021-01-21T22:12:15.953+0800: 40.265: [GC (CMS Final Remark) [YG occupancy: 45754 K (157248 K)]2021-01-21T22:12:15.953+0800: 40.265: [Rescan (parallel) , 0.0008232 secs]2021-01-21T22:12:15.954+0800: 40.266: [weak refs processing, 0.0003494 secs]2021-01-21T22:12:15.955+0800: 40.267: [class unloading, 0.0004488 secs]2021-01-21T22:12:15.956+0800: 40.268: [scrub symbol table, 0.0006106 secs]2021-01-21T22:12:15.957+0800: 40.269: [scrub string table, 0.0004538 secs][1 CMS-remark: 349512K(349568K)] 395266K(506816K), 0.0046900 secs] [Times: user=0.01 sys=0.00, real=0.00 secs] 
2021-01-21T22:12:15.958+0800: 40.270: [CMS-concurrent-sweep-start]
2021-01-21T22:12:15.959+0800: 40.271: [CMS-concurrent-sweep: 0.000/0.000 secs] [Times: user=0.00 sys=0.00, real=0.00 secs] 
2021-01-21T22:12:15.959+0800: 40.271: [CMS-concurrent-reset-start]
2021-01-21T22:12:15.959+0800: 40.271: [CMS-concurrent-reset: 0.000/0.000 secs] [Times: user=0.00 sys=0.00, real=0.00 secs] 
2021-01-21T22:12:15.972+0800: 40.284: [GC (Allocation Failure) 2021-01-21T22:12:15.972+0800: 40.284: [ParNew: 157221K->157221K(157248K), 0.0003493 secs]2021-01-21T22:12:15.973+0800: 40.285: [CMS: 346916K->349485K(349568K), 0.0491394 secs] 504137K->365270K(506816K), [Metaspace: 2816K->2816K(1056768K)], 0.0507785 secs] [Times: user=0.05 sys=0.00, real=0.05 secs] 
2021-01-21T22:12:16.024+0800: 40.336: [GC (CMS Initial Mark) [1 CMS-initial-mark: 349485K(349568K)] 368118K(506816K), 0.0014814 secs] [Times: user=0.00 sys=0.00, real=0.00 secs] 
2021-01-21T22:12:16.026+0800: 40.338: [CMS-concurrent-mark-start]
2021-01-21T22:12:16.028+0800: 40.340: [CMS-concurrent-mark: 0.001/0.001 secs] [Times: user=0.01 sys=0.00, real=0.00 secs] 
2021-01-21T22:12:16.028+0800: 40.340: [CMS-concurrent-preclean-start]
2021-01-21T22:12:16.030+0800: 40.342: [CMS-concurrent-preclean: 0.001/0.001 secs] [Times: user=0.00 sys=0.00, real=0.00 secs] 
2021-01-21T22:12:16.030+0800: 40.342: [CMS-concurrent-abortable-preclean-start]
2021-01-21T22:12:16.030+0800: 40.342: [CMS-concurrent-abortable-preclean: 0.000/0.000 secs] [Times: user=0.00 sys=0.00, real=0.00 secs] 
2021-01-21T22:12:16.030+0800: 40.343: [GC (CMS Final Remark) [YG occupancy: 38728 K (157248 K)]2021-01-21T22:12:16.031+0800: 40.343: [Rescan (parallel) , 0.0006207 secs]2021-01-21T22:12:16.032+0800: 40.344: [weak refs processing, 0.0002411 secs]2021-01-21T22:12:16.032+0800: 40.344: [class unloading, 0.0003976 secs]2021-01-21T22:12:16.033+0800: 40.345: [scrub symbol table, 0.0004287 secs]2021-01-21T22:12:16.033+0800: 40.346: [scrub string table, 0.0003708 secs][1 CMS-remark: 349485K(349568K)] 388213K(506816K), 0.0036051 secs] [Times: user=0.00 sys=0.00, real=0.00 secs] 
2021-01-21T22:12:16.035+0800: 40.347: [CMS-concurrent-sweep-start]
2021-01-21T22:12:16.035+0800: 40.347: [CMS-concurrent-sweep: 0.000/0.000 secs] [Times: user=0.00 sys=0.00, real=0.00 secs] 
2021-01-21T22:12:16.035+0800: 40.347: [CMS-concurrent-reset-start]
2021-01-21T22:12:16.035+0800: 40.347: [CMS-concurrent-reset: 0.000/0.000 secs] [Times: user=0.00 sys=0.01, real=0.00 secs] 
2021-01-21T22:12:16.050+0800: 40.362: [GC (Allocation Failure) 2021-01-21T22:12:16.050+0800: 40.362: [ParNew: 157242K->157242K(157248K), 0.0003849 secs]2021-01-21T22:12:16.051+0800: 40.363: [CMS: 348881K->349552K(349568K), 0.0468295 secs] 506124K->367314K(506816K), [Metaspace: 2816K->2816K(1056768K)], 0.0485069 secs] [Times: user=0.05 sys=0.00, real=0.05 secs] 
2021-01-21T22:12:16.099+0800: 40.411: [GC (CMS Initial Mark) [1 CMS-initial-mark: 349552K(349568K)] 370348K(506816K), 0.0013920 secs] [Times: user=0.00 sys=0.00, real=0.00 secs] 
2021-01-21T22:12:16.102+0800: 40.414: [CMS-concurrent-mark-start]
2021-01-21T22:12:16.103+0800: 40.415: [CMS-concurrent-mark: 0.001/0.001 secs] [Times: user=0.00 sys=0.00, real=0.00 secs] 
2021-01-21T22:12:16.104+0800: 40.416: [CMS-concurrent-preclean-start]
2021-01-21T22:12:16.105+0800: 40.417: [CMS-concurrent-preclean: 0.001/0.001 secs] [Times: user=0.01 sys=0.00, real=0.00 secs] 
2021-01-21T22:12:16.105+0800: 40.417: [CMS-concurrent-abortable-preclean-start]
2021-01-21T22:12:16.105+0800: 40.417: [CMS-concurrent-abortable-preclean: 0.000/0.000 secs] [Times: user=0.00 sys=0.00, real=0.00 secs] 
2021-01-21T22:12:16.106+0800: 40.418: [GC (CMS Final Remark) [YG occupancy: 48622 K (157248 K)]2021-01-21T22:12:16.106+0800: 40.418: [Rescan (parallel) , 0.0013889 secs]2021-01-21T22:12:16.108+0800: 40.420: [weak refs processing, 0.0003381 secs]2021-01-21T22:12:16.109+0800: 40.421: [class unloading, 0.0006198 secs]2021-01-21T22:12:16.110+0800: 40.422: [scrub symbol table, 0.0005533 secs]2021-01-21T22:12:16.111+0800: 40.423: [scrub string table, 0.0004041 secs][1 CMS-remark: 349552K(349568K)] 398175K(506816K), 0.0054947 secs] [Times: user=0.00 sys=0.00, real=0.01 secs] 
2021-01-21T22:12:16.112+0800: 40.424: [CMS-concurrent-sweep-start]
2021-01-21T22:12:16.113+0800: 40.425: [CMS-concurrent-sweep: 0.000/0.000 secs] [Times: user=0.00 sys=0.00, real=0.00 secs] 
2021-01-21T22:12:16.113+0800: 40.425: [CMS-concurrent-reset-start]
2021-01-21T22:12:16.113+0800: 40.425: [CMS-concurrent-reset: 0.000/0.000 secs] [Times: user=0.00 sys=0.00, real=0.00 secs] 
2021-01-21T22:12:16.126+0800: 40.438: [GC (Allocation Failure) 2021-01-21T22:12:16.126+0800: 40.438: [ParNew: 157194K->157194K(157248K), 0.0002871 secs]2021-01-21T22:12:16.126+0800: 40.439: [CMS: 348659K->349533K(349568K), 0.0480617 secs] 505854K->376184K(506816K), [Metaspace: 2816K->2816K(1056768K)], 0.0495260 secs] [Times: user=0.05 sys=0.00, real=0.05 secs] 
2021-01-21T22:12:16.176+0800: 40.488: [GC (CMS Initial Mark) [1 CMS-initial-mark: 349533K(349568K)] 379071K(506816K), 0.0013319 secs] [Times: user=0.00 sys=0.00, real=0.00 secs] 
2021-01-21T22:12:16.178+0800: 40.490: [CMS-concurrent-mark-start]
2021-01-21T22:12:16.180+0800: 40.492: [CMS-concurrent-mark: 0.002/0.002 secs] [Times: user=0.00 sys=0.00, real=0.01 secs] 
2021-01-21T22:12:16.180+0800: 40.492: [CMS-concurrent-preclean-start]
2021-01-21T22:12:16.181+0800: 40.493: [CMS-concurrent-preclean: 0.001/0.001 secs] [Times: user=0.00 sys=0.00, real=0.00 secs] 
2021-01-21T22:12:16.181+0800: 40.493: [CMS-concurrent-abortable-preclean-start]
2021-01-21T22:12:16.181+0800: 40.493: [CMS-concurrent-abortable-preclean: 0.000/0.000 secs] [Times: user=0.00 sys=0.00, real=0.00 secs] 
2021-01-21T22:12:16.182+0800: 40.494: [GC (CMS Final Remark) [YG occupancy: 59615 K (157248 K)]2021-01-21T22:12:16.182+0800: 40.494: [Rescan (parallel) , 0.0011409 secs]2021-01-21T22:12:16.184+0800: 40.496: [weak refs processing, 0.0002932 secs]2021-01-21T22:12:16.184+0800: 40.496: [class unloading, 0.0005770 secs]2021-01-21T22:12:16.185+0800: 40.497: [scrub symbol table, 0.0005659 secs]2021-01-21T22:12:16.186+0800: 40.498: [scrub string table, 0.0004318 secs][1 CMS-remark: 349533K(349568K)] 409149K(506816K), 0.0048155 secs] [Times: user=0.00 sys=0.01, real=0.00 secs] 
2021-01-21T22:12:16.188+0800: 40.500: [CMS-concurrent-sweep-start]
2021-01-21T22:12:16.188+0800: 40.500: [CMS-concurrent-sweep: 0.000/0.000 secs] [Times: user=0.00 sys=0.00, real=0.00 secs] 
2021-01-21T22:12:16.188+0800: 40.500: [CMS-concurrent-reset-start]
2021-01-21T22:12:16.188+0800: 40.501: [CMS-concurrent-reset: 0.000/0.000 secs] [Times: user=0.00 sys=0.00, real=0.00 secs] 
2021-01-21T22:12:16.198+0800: 40.510: [GC (Allocation Failure) 2021-01-21T22:12:16.199+0800: 40.511: [ParNew: 156794K->156794K(157248K), 0.0003568 secs]2021-01-21T22:12:16.200+0800: 40.512: [CMS: 349533K->349432K(349568K), 0.0502859 secs] 506328K->373559K(506816K), [Metaspace: 2816K->2816K(1056768K)], 0.0519254 secs] [Times: user=0.05 sys=0.00, real=0.05 secs] 
2021-01-21T22:12:16.251+0800: 40.563: [GC (CMS Initial Mark) [1 CMS-initial-mark: 349432K(349568K)] 377074K(506816K), 0.0012910 secs] [Times: user=0.01 sys=0.00, real=0.00 secs] 
2021-01-21T22:12:16.253+0800: 40.565: [CMS-concurrent-mark-start]
2021-01-21T22:12:16.255+0800: 40.567: [CMS-concurrent-mark: 0.001/0.001 secs] [Times: user=0.00 sys=0.00, real=0.00 secs] 
2021-01-21T22:12:16.255+0800: 40.567: [CMS-concurrent-preclean-start]
2021-01-21T22:12:16.256+0800: 40.568: [CMS-concurrent-preclean: 0.001/0.001 secs] [Times: user=0.00 sys=0.00, real=0.00 secs] 
2021-01-21T22:12:16.257+0800: 40.569: [CMS-concurrent-abortable-preclean-start]
2021-01-21T22:12:16.257+0800: 40.569: [CMS-concurrent-abortable-preclean: 0.000/0.000 secs] [Times: user=0.00 sys=0.00, real=0.00 secs] 
2021-01-21T22:12:16.257+0800: 40.569: [GC (CMS Final Remark) [YG occupancy: 58169 K (157248 K)]2021-01-21T22:12:16.258+0800: 40.570: [Rescan (parallel) , 0.0008257 secs]2021-01-21T22:12:16.259+0800: 40.571: [weak refs processing, 0.0003223 secs]2021-01-21T22:12:16.259+0800: 40.571: [class unloading, 0.0004671 secs]2021-01-21T22:12:16.260+0800: 40.572: [scrub symbol table, 0.0005509 secs]2021-01-21T22:12:16.261+0800: 40.573: [scrub string table, 0.0006054 secs][1 CMS-remark: 349432K(349568K)] 407602K(506816K), 0.0048074 secs] [Times: user=0.01 sys=0.00, real=0.01 secs] 
2021-01-21T22:12:16.263+0800: 40.575: [CMS-concurrent-sweep-start]
2021-01-21T22:12:16.264+0800: 40.576: [CMS-concurrent-sweep: 0.000/0.000 secs] [Times: user=0.00 sys=0.00, real=0.00 secs] 
2021-01-21T22:12:16.264+0800: 40.576: [CMS-concurrent-reset-start]
2021-01-21T22:12:16.264+0800: 40.576: [CMS-concurrent-reset: 0.000/0.000 secs] [Times: user=0.00 sys=0.00, real=0.00 secs] 
2021-01-21T22:12:16.275+0800: 40.587: [GC (Allocation Failure) 2021-01-21T22:12:16.276+0800: 40.588: [ParNew: 157118K->157118K(157248K), 0.0004113 secs]2021-01-21T22:12:16.276+0800: 40.588: [CMS: 347751K->349491K(349568K), 0.0558612 secs] 504869K->374408K(506816K), [Metaspace: 2816K->2816K(1056768K)], 0.0576492 secs] [Times: user=0.06 sys=0.00, real=0.06 secs] 
2021-01-21T22:12:16.333+0800: 40.645: [GC (CMS Initial Mark) [1 CMS-initial-mark: 349491K(349568K)] 377521K(506816K), 0.0007569 secs] [Times: user=0.00 sys=0.00, real=0.00 secs] 
2021-01-21T22:12:16.335+0800: 40.647: [CMS-concurrent-mark-start]
2021-01-21T22:12:16.336+0800: 40.648: [CMS-concurrent-mark: 0.002/0.002 secs] [Times: user=0.00 sys=0.00, real=0.00 secs] 
2021-01-21T22:12:16.337+0800: 40.649: [CMS-concurrent-preclean-start]
2021-01-21T22:12:16.338+0800: 40.650: [CMS-concurrent-preclean: 0.001/0.001 secs] [Times: user=0.01 sys=0.00, real=0.00 secs] 
2021-01-21T22:12:16.338+0800: 40.650: [CMS-concurrent-abortable-preclean-start]
2021-01-21T22:12:16.338+0800: 40.650: [CMS-concurrent-abortable-preclean: 0.000/0.000 secs] [Times: user=0.00 sys=0.00, real=0.00 secs] 
2021-01-21T22:12:16.339+0800: 40.651: [GC (CMS Final Remark) [YG occupancy: 50697 K (157248 K)]2021-01-21T22:12:16.339+0800: 40.651: [Rescan (parallel) , 0.0011196 secs]2021-01-21T22:12:16.340+0800: 40.652: [weak refs processing, 0.0003334 secs]2021-01-21T22:12:16.341+0800: 40.653: [class unloading, 0.0005917 secs]2021-01-21T22:12:16.342+0800: 40.654: [scrub symbol table, 0.0007671 secs]2021-01-21T22:12:16.343+0800: 40.655: [scrub string table, 0.0006026 secs][1 CMS-remark: 349491K(349568K)] 400189K(506816K), 0.0051380 secs] [Times: user=0.00 sys=0.00, real=0.00 secs] 
2021-01-21T22:12:16.345+0800: 40.657: [CMS-concurrent-sweep-start]
2021-01-21T22:12:16.345+0800: 40.657: [CMS-concurrent-sweep: 0.000/0.000 secs] [Times: user=0.01 sys=0.00, real=0.00 secs] 
2021-01-21T22:12:16.345+0800: 40.657: [CMS-concurrent-reset-start]
2021-01-21T22:12:16.346+0800: 40.658: [CMS-concurrent-reset: 0.000/0.000 secs] [Times: user=0.00 sys=0.00, real=0.00 secs] 
2021-01-21T22:12:16.359+0800: 40.671: [GC (Allocation Failure) 2021-01-21T22:12:16.359+0800: 40.672: [ParNew: 157229K->157229K(157248K), 0.0003829 secs]2021-01-21T22:12:16.360+0800: 40.672: [CMS: 349030K->349567K(349568K), 0.0518347 secs] 506259K->375590K(506816K), [Metaspace: 2816K->2816K(1056768K)], 0.0532798 secs] [Times: user=0.05 sys=0.00, real=0.05 secs] 
2021-01-21T22:12:16.413+0800: 40.725: [GC (CMS Initial Mark) [1 CMS-initial-mark: 349567K(349568K)] 378399K(506816K), 0.0013524 secs] [Times: user=0.00 sys=0.00, real=0.00 secs] 
2021-01-21T22:12:16.415+0800: 40.727: [CMS-concurrent-mark-start]
2021-01-21T22:12:16.417+0800: 40.729: [CMS-concurrent-mark: 0.001/0.001 secs] [Times: user=0.01 sys=0.00, real=0.00 secs] 
2021-01-21T22:12:16.417+0800: 40.729: [CMS-concurrent-preclean-start]
2021-01-21T22:12:16.418+0800: 40.730: [CMS-concurrent-preclean: 0.001/0.001 secs] [Times: user=0.00 sys=0.00, real=0.01 secs] 
2021-01-21T22:12:16.419+0800: 40.731: [CMS-concurrent-abortable-preclean-start]
2021-01-21T22:12:16.419+0800: 40.731: [CMS-concurrent-abortable-preclean: 0.000/0.000 secs] [Times: user=0.00 sys=0.00, real=0.00 secs] 
2021-01-21T22:12:16.419+0800: 40.731: [GC (CMS Final Remark) [YG occupancy: 64002 K (157248 K)]2021-01-21T22:12:16.420+0800: 40.732: [Rescan (parallel) , 0.0010470 secs]2021-01-21T22:12:16.421+0800: 40.733: [weak refs processing, 0.0003316 secs]2021-01-21T22:12:16.422+0800: 40.734: [class unloading, 0.0005907 secs]2021-01-21T22:12:16.423+0800: 40.735: [scrub symbol table, 0.0008834 secs]2021-01-21T22:12:16.424+0800: 40.736: [scrub string table, 0.0004755 secs][1 CMS-remark: 349567K(349568K)] 413570K(506816K), 0.0055905 secs] [Times: user=0.01 sys=0.00, real=0.00 secs] 
2021-01-21T22:12:16.426+0800: 40.738: [CMS-concurrent-sweep-start]
2021-01-21T22:12:16.426+0800: 40.738: [CMS-concurrent-sweep: 0.000/0.000 secs] [Times: user=0.00 sys=0.00, real=0.00 secs] 
2021-01-21T22:12:16.427+0800: 40.739: [CMS-concurrent-reset-start]
2021-01-21T22:12:16.427+0800: 40.739: [CMS-concurrent-reset: 0.000/0.000 secs] [Times: user=0.00 sys=0.00, real=0.00 secs] 
2021-01-21T22:12:16.438+0800: 40.750: [GC (Allocation Failure) 2021-01-21T22:12:16.439+0800: 40.751: [ParNew: 156539K->156539K(157248K), 0.0004006 secs]2021-01-21T22:12:16.440+0800: 40.752: [CMS: 346633K->349298K(349568K), 0.0495129 secs] 503173K->376663K(506816K), [Metaspace: 2816K->2816K(1056768K)], 0.0515364 secs] [Times: user=0.05 sys=0.00, real=0.06 secs] 
2021-01-21T22:12:16.491+0800: 40.803: [GC (CMS Initial Mark) [1 CMS-initial-mark: 349298K(349568K)] 380307K(506816K), 0.0015163 secs] [Times: user=0.00 sys=0.00, real=0.00 secs] 
2021-01-21T22:12:16.493+0800: 40.805: [CMS-concurrent-mark-start]
2021-01-21T22:12:16.494+0800: 40.807: [CMS-concurrent-mark: 0.001/0.001 secs] [Times: user=0.01 sys=0.00, real=0.00 secs] 
2021-01-21T22:12:16.495+0800: 40.807: [CMS-concurrent-preclean-start]
2021-01-21T22:12:16.497+0800: 40.809: [CMS-concurrent-preclean: 0.001/0.001 secs] [Times: user=0.00 sys=0.00, real=0.00 secs] 
2021-01-21T22:12:16.497+0800: 40.809: [CMS-concurrent-abortable-preclean-start]
2021-01-21T22:12:16.497+0800: 40.809: [CMS-concurrent-abortable-preclean: 0.000/0.000 secs] [Times: user=0.00 sys=0.00, real=0.00 secs] 
2021-01-21T22:12:16.497+0800: 40.810: [GC (CMS Final Remark) [YG occupancy: 62161 K (157248 K)]2021-01-21T22:12:16.498+0800: 40.810: [Rescan (parallel) , 0.0010568 secs]2021-01-21T22:12:16.499+0800: 40.811: [weak refs processing, 0.0003168 secs]2021-01-21T22:12:16.500+0800: 40.812: [class unloading, 0.0004189 secs]2021-01-21T22:12:16.500+0800: 40.813: [scrub symbol table, 0.0005161 secs]2021-01-21T22:12:16.501+0800: 40.813: [scrub string table, 0.0003960 secs][1 CMS-remark: 349298K(349568K)] 411460K(506816K), 0.0043248 secs] [Times: user=0.00 sys=0.00, real=0.01 secs] 
2021-01-21T22:12:16.502+0800: 40.814: [CMS-concurrent-sweep-start]
2021-01-21T22:12:16.503+0800: 40.815: [CMS-concurrent-sweep: 0.000/0.000 secs] [Times: user=0.00 sys=0.00, real=0.00 secs] 
2021-01-21T22:12:16.503+0800: 40.815: [CMS-concurrent-reset-start]
2021-01-21T22:12:16.503+0800: 40.815: [CMS-concurrent-reset: 0.000/0.000 secs] [Times: user=0.00 sys=0.00, real=0.00 secs] 
2021-01-21T22:12:16.515+0800: 40.827: [GC (Allocation Failure) 2021-01-21T22:12:16.515+0800: 40.827: [ParNew: 156981K->156981K(157248K), 0.0003987 secs]2021-01-21T22:12:16.516+0800: 40.828: [CMS: 346728K->349256K(349568K), 0.0490421 secs] 503710K->372515K(506816K), [Metaspace: 2816K->2816K(1056768K)], 0.0506938 secs] [Times: user=0.05 sys=0.00, real=0.05 secs] 
2021-01-21T22:12:16.566+0800: 40.878: [GC (CMS Initial Mark) [1 CMS-initial-mark: 349256K(349568K)] 375938K(506816K), 0.0009974 secs] [Times: user=0.00 sys=0.00, real=0.00 secs] 
2021-01-21T22:12:16.568+0800: 40.880: [CMS-concurrent-mark-start]
2021-01-21T22:12:16.569+0800: 40.881: [CMS-concurrent-mark: 0.001/0.001 secs] [Times: user=0.00 sys=0.00, real=0.01 secs] 
2021-01-21T22:12:16.569+0800: 40.881: [CMS-concurrent-preclean-start]
2021-01-21T22:12:16.570+0800: 40.882: [CMS-concurrent-preclean: 0.001/0.001 secs] [Times: user=0.00 sys=0.00, real=0.00 secs] 
2021-01-21T22:12:16.571+0800: 40.883: [CMS-concurrent-abortable-preclean-start]
2021-01-21T22:12:16.571+0800: 40.883: [CMS-concurrent-abortable-preclean: 0.000/0.000 secs] [Times: user=0.00 sys=0.00, real=0.00 secs] 
2021-01-21T22:12:16.571+0800: 40.883: [GC (CMS Final Remark) [YG occupancy: 52585 K (157248 K)]2021-01-21T22:12:16.572+0800: 40.884: [Rescan (parallel) , 0.0011318 secs]2021-01-21T22:12:16.573+0800: 40.885: [weak refs processing, 0.0004088 secs]2021-01-21T22:12:16.574+0800: 40.886: [class unloading, 0.0005095 secs]2021-01-21T22:12:16.574+0800: 40.887: [scrub symbol table, 0.0005745 secs]2021-01-21T22:12:16.575+0800: 40.887: [scrub string table, 0.0004996 secs][1 CMS-remark: 349256K(349568K)] 401841K(506816K), 0.0049455 secs] [Times: user=0.00 sys=0.00, real=0.00 secs] 
2021-01-21T22:12:16.577+0800: 40.889: [CMS-concurrent-sweep-start]
2021-01-21T22:12:16.577+0800: 40.889: [CMS-concurrent-sweep: 0.000/0.000 secs] [Times: user=0.00 sys=0.00, real=0.00 secs] 
2021-01-21T22:12:16.577+0800: 40.889: [CMS-concurrent-reset-start]
2021-01-21T22:12:16.578+0800: 40.890: [CMS-concurrent-reset: 0.000/0.000 secs] [Times: user=0.00 sys=0.00, real=0.00 secs] 
2021-01-21T22:12:16.589+0800: 40.901: [GC (Allocation Failure) 2021-01-21T22:12:16.589+0800: 40.901: [ParNew: 157231K->157231K(157248K), 0.0004354 secs]2021-01-21T22:12:16.590+0800: 40.902: [CMS: 348840K->349438K(349568K), 0.0495952 secs] 506071K->374538K(506816K), [Metaspace: 2816K->2816K(1056768K)], 0.0514760 secs] [Times: user=0.05 sys=0.00, real=0.05 secs] 
2021-01-21T22:12:16.642+0800: 40.954: [GC (CMS Initial Mark) [1 CMS-initial-mark: 349438K(349568K)] 377267K(506816K), 0.0013657 secs] [Times: user=0.00 sys=0.00, real=0.00 secs] 
2021-01-21T22:12:16.644+0800: 40.956: [CMS-concurrent-mark-start]
2021-01-21T22:12:16.645+0800: 40.958: [CMS-concurrent-mark: 0.002/0.002 secs] [Times: user=0.00 sys=0.00, real=0.00 secs] 
2021-01-21T22:12:16.646+0800: 40.958: [CMS-concurrent-preclean-start]
2021-01-21T22:12:16.647+0800: 40.959: [CMS-concurrent-preclean: 0.001/0.001 secs] [Times: user=0.00 sys=0.00, real=0.00 secs] 
2021-01-21T22:12:16.647+0800: 40.959: [CMS-concurrent-abortable-preclean-start]
2021-01-21T22:12:16.647+0800: 40.959: [CMS-concurrent-abortable-preclean: 0.000/0.000 secs] [Times: user=0.00 sys=0.00, real=0.00 secs] 
2021-01-21T22:12:16.648+0800: 40.960: [GC (CMS Final Remark) [YG occupancy: 55660 K (157248 K)]2021-01-21T22:12:16.648+0800: 40.960: [Rescan (parallel) , 0.0007529 secs]2021-01-21T22:12:16.649+0800: 40.961: [weak refs processing, 0.0003296 secs]2021-01-21T22:12:16.650+0800: 40.962: [class unloading, 0.0004666 secs]2021-01-21T22:12:16.651+0800: 40.963: [scrub symbol table, 0.0005892 secs]2021-01-21T22:12:16.652+0800: 40.964: [scrub string table, 0.0004249 secs][1 CMS-remark: 349438K(349568K)] 405098K(506816K), 0.0045376 secs] [Times: user=0.00 sys=0.00, real=0.01 secs] 
2021-01-21T22:12:16.653+0800: 40.965: [CMS-concurrent-sweep-start]
2021-01-21T22:12:16.653+0800: 40.965: [CMS-concurrent-sweep: 0.000/0.000 secs] [Times: user=0.00 sys=0.00, real=0.00 secs] 
2021-01-21T22:12:16.654+0800: 40.966: [CMS-concurrent-reset-start]
2021-01-21T22:12:16.654+0800: 40.966: [CMS-concurrent-reset: 0.000/0.000 secs] [Times: user=0.00 sys=0.00, real=0.00 secs] 
2021-01-21T22:12:16.666+0800: 40.978: [GC (Allocation Failure) 2021-01-21T22:12:16.666+0800: 40.978: [ParNew: 156603K->156603K(157248K), 0.0003571 secs]2021-01-21T22:12:16.667+0800: 40.979: [CMS: 348630K->349456K(349568K), 0.0494159 secs] 505234K->377846K(506816K), [Metaspace: 2816K->2816K(1056768K)], 0.0510597 secs] [Times: user=0.05 sys=0.00, real=0.05 secs] 
2021-01-21T22:12:16.718+0800: 41.030: [GC (CMS Initial Mark) [1 CMS-initial-mark: 349456K(349568K)] 381748K(506816K), 0.0013600 secs] [Times: user=0.01 sys=0.00, real=0.01 secs] 
2021-01-21T22:12:16.720+0800: 41.032: [CMS-concurrent-mark-start]
2021-01-21T22:12:16.722+0800: 41.034: [CMS-concurrent-mark: 0.001/0.001 secs] [Times: user=0.00 sys=0.00, real=0.00 secs] 
2021-01-21T22:12:16.722+0800: 41.034: [CMS-concurrent-preclean-start]
2021-01-21T22:12:16.724+0800: 41.036: [CMS-concurrent-preclean: 0.001/0.001 secs] [Times: user=0.00 sys=0.00, real=0.00 secs] 
2021-01-21T22:12:16.724+0800: 41.036: [CMS-concurrent-abortable-preclean-start]
2021-01-21T22:12:16.724+0800: 41.036: [CMS-concurrent-abortable-preclean: 0.000/0.000 secs] [Times: user=0.00 sys=0.00, real=0.00 secs] 
2021-01-21T22:12:16.725+0800: 41.037: [GC (CMS Final Remark) [YG occupancy: 55522 K (157248 K)]2021-01-21T22:12:16.725+0800: 41.037: [Rescan (parallel) , 0.0012187 secs]2021-01-21T22:12:16.727+0800: 41.039: [weak refs processing, 0.0003944 secs]2021-01-21T22:12:16.727+0800: 41.039: [class unloading, 0.0004798 secs]2021-01-21T22:12:16.728+0800: 41.040: [scrub symbol table, 0.0005891 secs]2021-01-21T22:12:16.729+0800: 41.041: [scrub string table, 0.0005888 secs][1 CMS-remark: 349456K(349568K)] 404979K(506816K), 0.0053432 secs] [Times: user=0.00 sys=0.00, real=0.01 secs] 
2021-01-21T22:12:16.731+0800: 41.043: [CMS-concurrent-sweep-start]
2021-01-21T22:12:16.731+0800: 41.043: [CMS-concurrent-sweep: 0.000/0.000 secs] [Times: user=0.00 sys=0.00, real=0.00 secs] 
2021-01-21T22:12:16.732+0800: 41.044: [CMS-concurrent-reset-start]
2021-01-21T22:12:16.732+0800: 41.044: [CMS-concurrent-reset: 0.000/0.000 secs] [Times: user=0.00 sys=0.00, real=0.00 secs] 
2021-01-21T22:12:16.744+0800: 41.056: [GC (Allocation Failure) 2021-01-21T22:12:16.744+0800: 41.056: [ParNew: 157020K->157020K(157248K), 0.0003978 secs]2021-01-21T22:12:16.745+0800: 41.057: [CMS: 348999K->349440K(349568K), 0.0491649 secs] 506020K->379403K(506816K), [Metaspace: 2816K->2816K(1056768K)], 0.0509369 secs] [Times: user=0.05 sys=0.00, real=0.05 secs] 
2021-01-21T22:12:16.796+0800: 41.108: [GC (CMS Initial Mark) [1 CMS-initial-mark: 349440K(349568K)] 382297K(506816K), 0.0014410 secs] [Times: user=0.01 sys=0.00, real=0.00 secs] 
2021-01-21T22:12:16.798+0800: 41.110: [CMS-concurrent-mark-start]
2021-01-21T22:12:16.799+0800: 41.111: [CMS-concurrent-mark: 0.001/0.001 secs] [Times: user=0.00 sys=0.00, real=0.01 secs] 
2021-01-21T22:12:16.800+0800: 41.112: [CMS-concurrent-preclean-start]
2021-01-21T22:12:16.801+0800: 41.113: [CMS-concurrent-preclean: 0.001/0.001 secs] [Times: user=0.00 sys=0.00, real=0.00 secs] 
2021-01-21T22:12:16.801+0800: 41.113: [CMS-concurrent-abortable-preclean-start]
2021-01-21T22:12:16.801+0800: 41.113: [CMS-concurrent-abortable-preclean: 0.000/0.000 secs] [Times: user=0.00 sys=0.00, real=0.00 secs] 
2021-01-21T22:12:16.802+0800: 41.114: [GC (CMS Final Remark) [YG occupancy: 57234 K (157248 K)]2021-01-21T22:12:16.802+0800: 41.114: [Rescan (parallel) , 0.0010862 secs]2021-01-21T22:12:16.803+0800: 41.115: [weak refs processing, 0.0002953 secs]2021-01-21T22:12:16.804+0800: 41.116: [class unloading, 0.0004460 secs]2021-01-21T22:12:16.804+0800: 41.116: [scrub symbol table, 0.0005456 secs]2021-01-21T22:12:16.805+0800: 41.117: [scrub string table, 0.0004278 secs][1 CMS-remark: 349440K(349568K)] 406675K(506816K), 0.0044578 secs] [Times: user=0.01 sys=0.00, real=0.00 secs] 
2021-01-21T22:12:16.807+0800: 41.119: [CMS-concurrent-sweep-start]
2021-01-21T22:12:16.807+0800: 41.119: [CMS-concurrent-sweep: 0.000/0.000 secs] [Times: user=0.00 sys=0.00, real=0.00 secs] 
2021-01-21T22:12:16.808+0800: 41.120: [CMS-concurrent-reset-start]
2021-01-21T22:12:16.808+0800: 41.120: [CMS-concurrent-reset: 0.000/0.000 secs] [Times: user=0.00 sys=0.00, real=0.00 secs] 
2021-01-21T22:12:16.820+0800: 41.132: [GC (Allocation Failure) 2021-01-21T22:12:16.820+0800: 41.132: [ParNew: 157071K->157071K(157248K), 0.0003030 secs]2021-01-21T22:12:16.821+0800: 41.133: [CMS: 348388K->349264K(349568K), 0.0494927 secs] 505459K->376156K(506816K), [Metaspace: 2816K->2816K(1056768K)], 0.0510981 secs] [Times: user=0.05 sys=0.00, real=0.05 secs] 
2021-01-21T22:12:16.872+0800: 41.184: [GC (CMS Initial Mark) [1 CMS-initial-mark: 349264K(349568K)] 379018K(506816K), 0.0014643 secs] [Times: user=0.00 sys=0.00, real=0.00 secs] 
2021-01-21T22:12:16.874+0800: 41.186: [CMS-concurrent-mark-start]
2021-01-21T22:12:16.875+0800: 41.187: [CMS-concurrent-mark: 0.001/0.001 secs] [Times: user=0.01 sys=0.00, real=0.00 secs] 
2021-01-21T22:12:16.876+0800: 41.188: [CMS-concurrent-preclean-start]
2021-01-21T22:12:16.877+0800: 41.189: [CMS-concurrent-preclean: 0.001/0.001 secs] [Times: user=0.00 sys=0.00, real=0.00 secs] 
2021-01-21T22:12:16.877+0800: 41.189: [CMS-concurrent-abortable-preclean-start]
2021-01-21T22:12:16.877+0800: 41.189: [CMS-concurrent-abortable-preclean: 0.000/0.000 secs] [Times: user=0.00 sys=0.00, real=0.00 secs] 
2021-01-21T22:12:16.878+0800: 41.190: [GC (CMS Final Remark) [YG occupancy: 58489 K (157248 K)]2021-01-21T22:12:16.878+0800: 41.190: [Rescan (parallel) , 0.0012586 secs]2021-01-21T22:12:16.880+0800: 41.192: [weak refs processing, 0.0003302 secs]2021-01-21T22:12:16.880+0800: 41.192: [class unloading, 0.0004499 secs]2021-01-21T22:12:16.881+0800: 41.193: [scrub symbol table, 0.0005467 secs]2021-01-21T22:12:16.882+0800: 41.194: [scrub string table, 0.0004452 secs][1 CMS-remark: 349264K(349568K)] 407753K(506816K), 0.0047264 secs] [Times: user=0.00 sys=0.00, real=0.01 secs] 
2021-01-21T22:12:16.883+0800: 41.195: [CMS-concurrent-sweep-start]
2021-01-21T22:12:16.883+0800: 41.195: [CMS-concurrent-sweep: 0.000/0.000 secs] [Times: user=0.00 sys=0.00, real=0.00 secs] 
2021-01-21T22:12:16.884+0800: 41.196: [CMS-concurrent-reset-start]
2021-01-21T22:12:16.884+0800: 41.196: [CMS-concurrent-reset: 0.000/0.000 secs] [Times: user=0.00 sys=0.00, real=0.00 secs] 
2021-01-21T22:12:16.896+0800: 41.208: [GC (Allocation Failure) 2021-01-21T22:12:16.896+0800: 41.208: [ParNew: 157157K->157157K(157248K), 0.0003322 secs]2021-01-21T22:12:16.897+0800: 41.209: [CMS: 348729K->349396K(349568K), 0.0496263 secs] 505886K->374485K(506816K), [Metaspace: 2816K->2816K(1056768K)], 0.0513545 secs] [Times: user=0.05 sys=0.00, real=0.05 secs] 
2021-01-21T22:12:16.949+0800: 41.261: [GC (CMS Initial Mark) [1 CMS-initial-mark: 349396K(349568K)] 377463K(506816K), 0.0015541 secs] [Times: user=0.00 sys=0.00, real=0.00 secs] 
2021-01-21T22:12:16.951+0800: 41.263: [CMS-concurrent-mark-start]
2021-01-21T22:12:16.953+0800: 41.265: [CMS-concurrent-mark: 0.001/0.001 secs] [Times: user=0.00 sys=0.00, real=0.00 secs] 
2021-01-21T22:12:16.953+0800: 41.265: [CMS-concurrent-preclean-start]
2021-01-21T22:12:16.954+0800: 41.266: [CMS-concurrent-preclean: 0.001/0.001 secs] [Times: user=0.00 sys=0.00, real=0.00 secs] 
2021-01-21T22:12:16.954+0800: 41.266: [CMS-concurrent-abortable-preclean-start]
2021-01-21T22:12:16.954+0800: 41.266: [CMS-concurrent-abortable-preclean: 0.000/0.000 secs] [Times: user=0.00 sys=0.00, real=0.00 secs] 
2021-01-21T22:12:16.955+0800: 41.267: [GC (CMS Final Remark) [YG occupancy: 52762 K (157248 K)]2021-01-21T22:12:16.955+0800: 41.268: [Rescan (parallel) , 0.0017495 secs]2021-01-21T22:12:16.958+0800: 41.270: [weak refs processing, 0.0003240 secs]2021-01-21T22:12:16.958+0800: 41.271: [class unloading, 0.0005122 secs]2021-01-21T22:12:16.959+0800: 41.271: [scrub symbol table, 0.0006411 secs]2021-01-21T22:12:16.960+0800: 41.272: [scrub string table, 0.0004547 secs][1 CMS-remark: 349396K(349568K)] 402158K(506816K), 0.0058708 secs] [Times: user=0.01 sys=0.00, real=0.01 secs] 
2021-01-21T22:12:16.962+0800: 41.274: [CMS-concurrent-sweep-start]
2021-01-21T22:12:16.962+0800: 41.274: [CMS-concurrent-sweep: 0.000/0.000 secs] [Times: user=0.00 sys=0.00, real=0.00 secs] 
2021-01-21T22:12:16.962+0800: 41.275: [CMS-concurrent-reset-start]
2021-01-21T22:12:16.963+0800: 41.275: [CMS-concurrent-reset: 0.000/0.000 secs] [Times: user=0.00 sys=0.00, real=0.00 secs] 
2021-01-21T22:12:16.975+0800: 41.287: [GC (Allocation Failure) 2021-01-21T22:12:16.975+0800: 41.287: [ParNew: 157211K->157211K(157248K), 0.0003286 secs]2021-01-21T22:12:16.976+0800: 41.288: [CMS: 347381K->349234K(349568K), 0.0501649 secs] 504593K->376428K(506816K), [Metaspace: 2816K->2816K(1056768K)], 0.0517651 secs] [Times: user=0.05 sys=0.00, real=0.05 secs] 
2021-01-21T22:12:17.027+0800: 41.339: [GC (CMS Initial Mark) [1 CMS-initial-mark: 349234K(349568K)] 379678K(506816K), 0.0016537 secs] [Times: user=0.00 sys=0.00, real=0.01 secs] 
2021-01-21T22:12:17.030+0800: 41.342: [CMS-concurrent-mark-start]
2021-01-21T22:12:17.031+0800: 41.343: [CMS-concurrent-mark: 0.001/0.001 secs] [Times: user=0.01 sys=0.00, real=0.00 secs] 
2021-01-21T22:12:17.032+0800: 41.344: [CMS-concurrent-preclean-start]
2021-01-21T22:12:17.033+0800: 41.345: [CMS-concurrent-preclean: 0.001/0.001 secs] [Times: user=0.00 sys=0.00, real=0.00 secs] 
2021-01-21T22:12:17.033+0800: 41.345: [CMS-concurrent-abortable-preclean-start]
2021-01-21T22:12:17.033+0800: 41.345: [CMS-concurrent-abortable-preclean: 0.000/0.000 secs] [Times: user=0.00 sys=0.00, real=0.00 secs] 
2021-01-21T22:12:17.034+0800: 41.346: [GC (CMS Final Remark) [YG occupancy: 68447 K (157248 K)]2021-01-21T22:12:17.034+0800: 41.346: [Rescan (parallel) , 0.0010778 secs]2021-01-21T22:12:17.035+0800: 41.347: [weak refs processing, 0.0002743 secs]2021-01-21T22:12:17.036+0800: 41.348: [class unloading, 0.0004182 secs]2021-01-21T22:12:17.036+0800: 41.349: [scrub symbol table, 0.0006706 secs]2021-01-21T22:12:17.037+0800: 41.349: [scrub string table, 0.0003779 secs][1 CMS-remark: 349234K(349568K)] 417681K(506816K), 0.0043822 secs] [Times: user=0.00 sys=0.00, real=0.01 secs] 
2021-01-21T22:12:17.039+0800: 41.351: [CMS-concurrent-sweep-start]
2021-01-21T22:12:17.039+0800: 41.351: [CMS-concurrent-sweep: 0.001/0.001 secs] [Times: user=0.01 sys=0.00, real=0.00 secs] 
2021-01-21T22:12:17.040+0800: 41.352: [CMS-concurrent-reset-start]
2021-01-21T22:12:17.040+0800: 41.352: [CMS-concurrent-reset: 0.000/0.000 secs] [Times: user=0.00 sys=0.00, real=0.00 secs] 
2021-01-21T22:12:17.050+0800: 41.362: [GC (Allocation Failure) 2021-01-21T22:12:17.051+0800: 41.363: [ParNew: 157244K->157244K(157248K), 0.0003624 secs]2021-01-21T22:12:17.051+0800: 41.363: [CMS: 347923K->349395K(349568K), 0.0497078 secs] 505168K->376882K(506816K), [Metaspace: 2816K->2816K(1056768K)], 0.0512572 secs] [Times: user=0.05 sys=0.00, real=0.05 secs] 
2021-01-21T22:12:17.102+0800: 41.414: [GC (CMS Initial Mark) [1 CMS-initial-mark: 349395K(349568K)] 379696K(506816K), 0.0013110 secs] [Times: user=0.00 sys=0.00, real=0.00 secs] 
2021-01-21T22:12:17.105+0800: 41.417: [CMS-concurrent-mark-start]
2021-01-21T22:12:17.107+0800: 41.419: [CMS-concurrent-mark: 0.002/0.002 secs] [Times: user=0.00 sys=0.00, real=0.00 secs] 
2021-01-21T22:12:17.107+0800: 41.419: [CMS-concurrent-preclean-start]
2021-01-21T22:12:17.108+0800: 41.420: [CMS-concurrent-preclean: 0.001/0.001 secs] [Times: user=0.00 sys=0.00, real=0.01 secs] 
2021-01-21T22:12:17.109+0800: 41.421: [CMS-concurrent-abortable-preclean-start]
2021-01-21T22:12:17.109+0800: 41.421: [CMS-concurrent-abortable-preclean: 0.000/0.000 secs] [Times: user=0.00 sys=0.00, real=0.00 secs] 
2021-01-21T22:12:17.109+0800: 41.421: [GC (CMS Final Remark) [YG occupancy: 64259 K (157248 K)]2021-01-21T22:12:17.110+0800: 41.422: [Rescan (parallel) , 0.0011971 secs]2021-01-21T22:12:17.111+0800: 41.423: [weak refs processing, 0.0002571 secs]2021-01-21T22:12:17.112+0800: 41.424: [class unloading, 0.0004961 secs]2021-01-21T22:12:17.113+0800: 41.425: [scrub symbol table, 0.0006087 secs]2021-01-21T22:12:17.113+0800: 41.426: [scrub string table, 0.0003851 secs][1 CMS-remark: 349395K(349568K)] 413655K(506816K), 0.0048106 secs] [Times: user=0.00 sys=0.00, real=0.00 secs] 
2021-01-21T22:12:17.115+0800: 41.427: [CMS-concurrent-sweep-start]
2021-01-21T22:12:17.115+0800: 41.427: [CMS-concurrent-sweep: 0.000/0.000 secs] [Times: user=0.00 sys=0.00, real=0.00 secs] 
2021-01-21T22:12:17.115+0800: 41.428: [CMS-concurrent-reset-start]
2021-01-21T22:12:17.116+0800: 41.428: [CMS-concurrent-reset: 0.000/0.000 secs] [Times: user=0.01 sys=0.00, real=0.00 secs] 
2021-01-21T22:12:17.125+0800: 41.437: [GC (Allocation Failure) 2021-01-21T22:12:17.125+0800: 41.437: [ParNew: 157185K->157185K(157248K), 0.0003204 secs]2021-01-21T22:12:17.126+0800: 41.438: [CMS: 349245K->349387K(349568K), 0.0510078 secs] 506431K->375907K(506816K), [Metaspace: 2816K->2816K(1056768K)], 0.0525411 secs] [Times: user=0.06 sys=0.00, real=0.05 secs] 
2021-01-21T22:12:17.178+0800: 41.491: [GC (CMS Initial Mark) [1 CMS-initial-mark: 349387K(349568K)] 378571K(506816K), 0.0013679 secs] [Times: user=0.00 sys=0.00, real=0.00 secs] 
2021-01-21T22:12:17.181+0800: 41.493: [CMS-concurrent-mark-start]
2021-01-21T22:12:17.182+0800: 41.494: [CMS-concurrent-mark: 0.001/0.001 secs] [Times: user=0.00 sys=0.00, real=0.00 secs] 
2021-01-21T22:12:17.182+0800: 41.495: [CMS-concurrent-preclean-start]
2021-01-21T22:12:17.183+0800: 41.496: [CMS-concurrent-preclean: 0.001/0.001 secs] [Times: user=0.00 sys=0.00, real=0.00 secs] 
2021-01-21T22:12:17.184+0800: 41.496: [CMS-concurrent-abortable-preclean-start]
2021-01-21T22:12:17.184+0800: 41.496: [CMS-concurrent-abortable-preclean: 0.000/0.000 secs] [Times: user=0.00 sys=0.00, real=0.00 secs] 
2021-01-21T22:12:17.185+0800: 41.497: [GC (CMS Final Remark) [YG occupancy: 61172 K (157248 K)]2021-01-21T22:12:17.185+0800: 41.497: [Rescan (parallel) , 0.0008350 secs]2021-01-21T22:12:17.186+0800: 41.498: [weak refs processing, 0.0002964 secs]2021-01-21T22:12:17.187+0800: 41.499: [class unloading, 0.0004745 secs]2021-01-21T22:12:17.188+0800: 41.500: [scrub symbol table, 0.0005359 secs]2021-01-21T22:12:17.188+0800: 41.500: [scrub string table, 0.0004977 secs][1 CMS-remark: 349387K(349568K)] 410559K(506816K), 0.0044727 secs] [Times: user=0.00 sys=0.00, real=0.01 secs] 
2021-01-21T22:12:17.190+0800: 41.502: [CMS-concurrent-sweep-start]
2021-01-21T22:12:17.190+0800: 41.502: [CMS-concurrent-sweep: 0.000/0.000 secs] [Times: user=0.00 sys=0.00, real=0.00 secs] 
2021-01-21T22:12:17.191+0800: 41.503: [CMS-concurrent-reset-start]
2021-01-21T22:12:17.191+0800: 41.503: [CMS-concurrent-reset: 0.000/0.000 secs] [Times: user=0.00 sys=0.00, real=0.00 secs] 
2021-01-21T22:12:17.201+0800: 41.513: [GC (Allocation Failure) 2021-01-21T22:12:17.202+0800: 41.514: [ParNew: 156661K->156661K(157248K), 0.0003340 secs]2021-01-21T22:12:17.202+0800: 41.514: [CMS: 348152K->349524K(349568K), 0.0486963 secs] 504814K->381523K(506816K), [Metaspace: 2816K->2816K(1056768K)], 0.0502562 secs] [Times: user=0.05 sys=0.00, real=0.05 secs] 
2021-01-21T22:12:17.253+0800: 41.565: [GC (CMS Initial Mark) [1 CMS-initial-mark: 349524K(349568K)] 384969K(506816K), 0.0013175 secs] [Times: user=0.00 sys=0.00, real=0.00 secs] 
2021-01-21T22:12:17.255+0800: 41.567: [CMS-concurrent-mark-start]
2021-01-21T22:12:17.256+0800: 41.568: [CMS-concurrent-mark: 0.002/0.002 secs] [Times: user=0.01 sys=0.00, real=0.00 secs] 
2021-01-21T22:12:17.257+0800: 41.569: [CMS-concurrent-preclean-start]
2021-01-21T22:12:17.258+0800: 41.570: [CMS-concurrent-preclean: 0.001/0.001 secs] [Times: user=0.00 sys=0.00, real=0.00 secs] 
2021-01-21T22:12:17.258+0800: 41.570: [CMS-concurrent-abortable-preclean-start]
2021-01-21T22:12:17.258+0800: 41.570: [CMS-concurrent-abortable-preclean: 0.000/0.000 secs] [Times: user=0.00 sys=0.00, real=0.00 secs] 
2021-01-21T22:12:17.259+0800: 41.571: [GC (CMS Final Remark) [YG occupancy: 57427 K (157248 K)]2021-01-21T22:12:17.259+0800: 41.571: [Rescan (parallel) , 0.0014921 secs]2021-01-21T22:12:17.261+0800: 41.573: [weak refs processing, 0.0002916 secs]2021-01-21T22:12:17.262+0800: 41.574: [class unloading, 0.0005745 secs]2021-01-21T22:12:17.263+0800: 41.575: [scrub symbol table, 0.0006824 secs]2021-01-21T22:12:17.264+0800: 41.576: [scrub string table, 0.0003108 secs][1 CMS-remark: 349524K(349568K)] 406951K(506816K), 0.0054678 secs] [Times: user=0.01 sys=0.00, real=0.00 secs] 
2021-01-21T22:12:17.265+0800: 41.577: [CMS-concurrent-sweep-start]
2021-01-21T22:12:17.265+0800: 41.577: [CMS-concurrent-sweep: 0.000/0.000 secs] [Times: user=0.00 sys=0.00, real=0.00 secs] 
2021-01-21T22:12:17.266+0800: 41.578: [CMS-concurrent-reset-start]
2021-01-21T22:12:17.266+0800: 41.578: [CMS-concurrent-reset: 0.000/0.000 secs] [Times: user=0.00 sys=0.00, real=0.00 secs] 
2021-01-21T22:12:17.276+0800: 41.588: [GC (Allocation Failure) 2021-01-21T22:12:17.277+0800: 41.589: [ParNew: 157111K->157111K(157248K), 0.0003560 secs]2021-01-21T22:12:17.277+0800: 41.589: [CMS: 348857K->349191K(349568K), 0.0519701 secs] 505968K->385951K(506816K), [Metaspace: 2816K->2816K(1056768K)], 0.0536077 secs] [Times: user=0.05 sys=0.00, real=0.06 secs] 
2021-01-21T22:12:17.331+0800: 41.643: [GC (CMS Initial Mark) [1 CMS-initial-mark: 349191K(349568K)] 389861K(506816K), 0.0013814 secs] [Times: user=0.00 sys=0.00, real=0.00 secs] 
2021-01-21T22:12:17.333+0800: 41.645: [CMS-concurrent-mark-start]
2021-01-21T22:12:17.334+0800: 41.646: [CMS-concurrent-mark: 0.002/0.002 secs] [Times: user=0.01 sys=0.00, real=0.00 secs] 
2021-01-21T22:12:17.335+0800: 41.647: [CMS-concurrent-preclean-start]
2021-01-21T22:12:17.336+0800: 41.648: [CMS-concurrent-preclean: 0.001/0.001 secs] [Times: user=0.00 sys=0.00, real=0.00 secs] 
2021-01-21T22:12:17.337+0800: 41.649: [CMS-concurrent-abortable-preclean-start]
2021-01-21T22:12:17.337+0800: 41.649: [CMS-concurrent-abortable-preclean: 0.000/0.000 secs] [Times: user=0.00 sys=0.00, real=0.00 secs] 
2021-01-21T22:12:17.337+0800: 41.649: [GC (CMS Final Remark) [YG occupancy: 82232 K (157248 K)]2021-01-21T22:12:17.338+0800: 41.650: [Rescan (parallel) , 0.0011182 secs]2021-01-21T22:12:17.339+0800: 41.651: [weak refs processing, 0.0003995 secs]2021-01-21T22:12:17.340+0800: 41.652: [class unloading, 0.0006428 secs]2021-01-21T22:12:17.341+0800: 41.653: [scrub symbol table, 0.0005900 secs]2021-01-21T22:12:17.342+0800: 41.654: [scrub string table, 0.0004428 secs][1 CMS-remark: 349191K(349568K)] 431423K(506816K), 0.0053697 secs] [Times: user=0.00 sys=0.00, real=0.01 secs] 
2021-01-21T22:12:17.343+0800: 41.655: [CMS-concurrent-sweep-start]
2021-01-21T22:12:17.344+0800: 41.656: [CMS-concurrent-sweep: 0.000/0.000 secs] [Times: user=0.00 sys=0.00, real=0.00 secs] 
2021-01-21T22:12:17.344+0800: 41.656: [CMS-concurrent-reset-start]
2021-01-21T22:12:17.344+0800: 41.656: [CMS-concurrent-reset: 0.000/0.000 secs] [Times: user=0.00 sys=0.00, real=0.00 secs] 
2021-01-21T22:12:17.353+0800: 41.665: [GC (Allocation Failure) 2021-01-21T22:12:17.353+0800: 41.665: [ParNew: 157155K->157155K(157248K), 0.0004527 secs]2021-01-21T22:12:17.354+0800: 41.666: [CMS: 348075K->349333K(349568K), 0.0560785 secs] 505231K->389571K(506816K), [Metaspace: 2816K->2816K(1056768K)], 0.0579068 secs] [Times: user=0.06 sys=0.00, real=0.06 secs] 
2021-01-21T22:12:17.412+0800: 41.724: [GC (CMS Initial Mark) [1 CMS-initial-mark: 349333K(349568K)] 392504K(506816K), 0.0013807 secs] [Times: user=0.00 sys=0.00, real=0.00 secs] 
2021-01-21T22:12:17.414+0800: 41.726: [CMS-concurrent-mark-start]
2021-01-21T22:12:17.415+0800: 41.727: [CMS-concurrent-mark: 0.001/0.001 secs] [Times: user=0.00 sys=0.00, real=0.00 secs] 
2021-01-21T22:12:17.416+0800: 41.728: [CMS-concurrent-preclean-start]
2021-01-21T22:12:17.417+0800: 41.729: [CMS-concurrent-preclean: 0.001/0.001 secs] [Times: user=0.00 sys=0.00, real=0.00 secs] 
2021-01-21T22:12:17.418+0800: 41.730: [CMS-concurrent-abortable-preclean-start]
2021-01-21T22:12:17.418+0800: 41.730: [CMS-concurrent-abortable-preclean: 0.000/0.000 secs] [Times: user=0.00 sys=0.00, real=0.00 secs] 
2021-01-21T22:12:17.418+0800: 41.730: [GC (CMS Final Remark) [YG occupancy: 67283 K (157248 K)]2021-01-21T22:12:17.418+0800: 41.730: [Rescan (parallel) , 0.0007260 secs]2021-01-21T22:12:17.419+0800: 41.732: [weak refs processing, 0.0003159 secs]2021-01-21T22:12:17.420+0800: 41.732: [class unloading, 0.0005336 secs]2021-01-21T22:12:17.421+0800: 41.733: [scrub symbol table, 0.0005980 secs]2021-01-21T22:12:17.422+0800: 41.734: [scrub string table, 0.0004256 secs][1 CMS-remark: 349333K(349568K)] 416616K(506816K), 0.0040494 secs] [Times: user=0.00 sys=0.00, real=0.00 secs] 
2021-01-21T22:12:17.423+0800: 41.735: [CMS-concurrent-sweep-start]
2021-01-21T22:12:17.423+0800: 41.735: [CMS-concurrent-sweep: 0.000/0.000 secs] [Times: user=0.00 sys=0.00, real=0.00 secs] 
2021-01-21T22:12:17.424+0800: 41.736: [CMS-concurrent-reset-start]
2021-01-21T22:12:17.424+0800: 41.736: [CMS-concurrent-reset: 0.000/0.000 secs] [Times: user=0.00 sys=0.00, real=0.00 secs] 
2021-01-21T22:12:17.436+0800: 41.748: [GC (Allocation Failure) 2021-01-21T22:12:17.436+0800: 41.748: [ParNew: 157128K->157128K(157248K), 0.0002758 secs]2021-01-21T22:12:17.437+0800: 41.749: [CMS: 348978K->349363K(349568K), 0.0546768 secs] 506106K->384120K(506816K), [Metaspace: 2816K->2816K(1056768K)], 0.0560032 secs] [Times: user=0.06 sys=0.00, real=0.06 secs] 
2021-01-21T22:12:17.492+0800: 41.804: [GC (CMS Initial Mark) [1 CMS-initial-mark: 349363K(349568K)] 386704K(506816K), 0.0012430 secs] [Times: user=0.00 sys=0.00, real=0.00 secs] 
2021-01-21T22:12:17.494+0800: 41.806: [CMS-concurrent-mark-start]
2021-01-21T22:12:17.496+0800: 41.808: [CMS-concurrent-mark: 0.002/0.002 secs] [Times: user=0.00 sys=0.00, real=0.00 secs] 
2021-01-21T22:12:17.496+0800: 41.808: [CMS-concurrent-preclean-start]
2021-01-21T22:12:17.497+0800: 41.809: [CMS-concurrent-preclean: 0.001/0.001 secs] [Times: user=0.00 sys=0.00, real=0.00 secs] 
2021-01-21T22:12:17.498+0800: 41.810: [CMS-concurrent-abortable-preclean-start]
2021-01-21T22:12:17.498+0800: 41.810: [CMS-concurrent-abortable-preclean: 0.000/0.000 secs] [Times: user=0.00 sys=0.00, real=0.00 secs] 
2021-01-21T22:12:17.498+0800: 41.810: [GC (CMS Final Remark) [YG occupancy: 64800 K (157248 K)]2021-01-21T22:12:17.498+0800: 41.810: [Rescan (parallel) , 0.0011005 secs]2021-01-21T22:12:17.500+0800: 41.812: [weak refs processing, 0.0003166 secs]2021-01-21T22:12:17.500+0800: 41.812: [class unloading, 0.0004242 secs]2021-01-21T22:12:17.501+0800: 41.813: [scrub symbol table, 0.0005366 secs]2021-01-21T22:12:17.502+0800: 41.814: [scrub string table, 0.0004212 secs][1 CMS-remark: 349363K(349568K)] 414163K(506816K), 0.0042868 secs] [Times: user=0.00 sys=0.00, real=0.00 secs] 
2021-01-21T22:12:17.503+0800: 41.815: [CMS-concurrent-sweep-start]
2021-01-21T22:12:17.504+0800: 41.816: [CMS-concurrent-sweep: 0.000/0.000 secs] [Times: user=0.00 sys=0.00, real=0.00 secs] 
2021-01-21T22:12:17.504+0800: 41.816: [CMS-concurrent-reset-start]
2021-01-21T22:12:17.504+0800: 41.816: [CMS-concurrent-reset: 0.000/0.000 secs] [Times: user=0.00 sys=0.00, real=0.00 secs] 
2021-01-21T22:12:17.516+0800: 41.828: [GC (Allocation Failure) 2021-01-21T22:12:17.516+0800: 41.828: [ParNew: 157026K->157026K(157248K), 0.0003027 secs]2021-01-21T22:12:17.517+0800: 41.829: [CMS: 348499K->349544K(349568K), 0.0487272 secs] 505525K->378091K(506816K), [Metaspace: 2816K->2816K(1056768K)], 0.0501763 secs] [Times: user=0.05 sys=0.00, real=0.05 secs] 
2021-01-21T22:12:17.567+0800: 41.879: [GC (CMS Initial Mark) [1 CMS-initial-mark: 349544K(349568K)] 381481K(506816K), 0.0012399 secs] [Times: user=0.00 sys=0.00, real=0.01 secs] 
2021-01-21T22:12:17.569+0800: 41.881: [CMS-concurrent-mark-start]
2021-01-21T22:12:17.570+0800: 41.882: [CMS-concurrent-mark: 0.001/0.001 secs] [Times: user=0.00 sys=0.00, real=0.00 secs] 
2021-01-21T22:12:17.571+0800: 41.883: [CMS-concurrent-preclean-start]
2021-01-21T22:12:17.571+0800: 41.884: [CMS-concurrent-preclean: 0.001/0.001 secs] [Times: user=0.00 sys=0.00, real=0.00 secs] 
2021-01-21T22:12:17.572+0800: 41.884: [CMS-concurrent-abortable-preclean-start]
2021-01-21T22:12:17.572+0800: 41.884: [CMS-concurrent-abortable-preclean: 0.000/0.000 secs] [Times: user=0.00 sys=0.00, real=0.00 secs] 
2021-01-21T22:12:17.573+0800: 41.885: [GC (CMS Final Remark) [YG occupancy: 58999 K (157248 K)]2021-01-21T22:12:17.573+0800: 41.885: [Rescan (parallel) , 0.0009323 secs]2021-01-21T22:12:17.575+0800: 41.887: [weak refs processing, 0.0003207 secs]2021-01-21T22:12:17.575+0800: 41.887: [class unloading, 0.0004326 secs]2021-01-21T22:12:17.576+0800: 41.888: [scrub symbol table, 0.0007968 secs]2021-01-21T22:12:17.577+0800: 41.889: [scrub string table, 0.0006249 secs][1 CMS-remark: 349544K(349568K)] 408544K(506816K), 0.0050654 secs] [Times: user=0.00 sys=0.00, real=0.01 secs] 
2021-01-21T22:12:17.579+0800: 41.891: [CMS-concurrent-sweep-start]
2021-01-21T22:12:17.579+0800: 41.891: [CMS-concurrent-sweep: 0.000/0.000 secs] [Times: user=0.00 sys=0.00, real=0.00 secs] 
2021-01-21T22:12:17.579+0800: 41.891: [CMS-concurrent-reset-start]
2021-01-21T22:12:17.579+0800: 41.891: [CMS-concurrent-reset: 0.000/0.000 secs] [Times: user=0.00 sys=0.00, real=0.00 secs] 
2021-01-21T22:12:17.590+0800: 41.903: [GC (Allocation Failure) 2021-01-21T22:12:17.591+0800: 41.903: [ParNew: 157145K->157145K(157248K), 0.0003178 secs]2021-01-21T22:12:17.592+0800: 41.904: [CMS: 347937K->349555K(349568K), 0.0489184 secs] 505083K->378641K(506816K), [Metaspace: 2816K->2816K(1056768K)], 0.0506457 secs] [Times: user=0.05 sys=0.00, real=0.05 secs] 
2021-01-21T22:12:17.642+0800: 41.954: [GC (CMS Initial Mark) [1 CMS-initial-mark: 349555K(349568K)] 381676K(506816K), 0.0015685 secs] [Times: user=0.00 sys=0.00, real=0.00 secs] 
2021-01-21T22:12:17.644+0800: 41.957: [CMS-concurrent-mark-start]
2021-01-21T22:12:17.646+0800: 41.958: [CMS-concurrent-mark: 0.001/0.001 secs] [Times: user=0.01 sys=0.00, real=0.00 secs] 
2021-01-21T22:12:17.646+0800: 41.958: [CMS-concurrent-preclean-start]
2021-01-21T22:12:17.647+0800: 41.959: [CMS-concurrent-preclean: 0.001/0.001 secs] [Times: user=0.00 sys=0.00, real=0.00 secs] 
2021-01-21T22:12:17.648+0800: 41.960: [CMS-concurrent-abortable-preclean-start]
2021-01-21T22:12:17.648+0800: 41.960: [CMS-concurrent-abortable-preclean: 0.000/0.000 secs] [Times: user=0.00 sys=0.00, real=0.00 secs] 
2021-01-21T22:12:17.648+0800: 41.960: [GC (CMS Final Remark) [YG occupancy: 61398 K (157248 K)]2021-01-21T22:12:17.649+0800: 41.961: [Rescan (parallel) , 0.0008545 secs]2021-01-21T22:12:17.650+0800: 41.962: [weak refs processing, 0.0002917 secs]2021-01-21T22:12:17.650+0800: 41.963: [class unloading, 0.0004289 secs]2021-01-21T22:12:17.651+0800: 41.963: [scrub symbol table, 0.0005443 secs]2021-01-21T22:12:17.652+0800: 41.964: [scrub string table, 0.0003983 secs][1 CMS-remark: 349555K(349568K)] 410954K(506816K), 0.0042911 secs] [Times: user=0.00 sys=0.00, real=0.00 secs] 
2021-01-21T22:12:17.653+0800: 41.965: [CMS-concurrent-sweep-start]
2021-01-21T22:12:17.654+0800: 41.966: [CMS-concurrent-sweep: 0.000/0.000 secs] [Times: user=0.00 sys=0.00, real=0.00 secs] 
2021-01-21T22:12:17.654+0800: 41.966: [CMS-concurrent-reset-start]
2021-01-21T22:12:17.654+0800: 41.966: [CMS-concurrent-reset: 0.000/0.000 secs] [Times: user=0.00 sys=0.00, real=0.00 secs] 
2021-01-21T22:12:17.666+0800: 41.978: [GC (Allocation Failure) 2021-01-21T22:12:17.666+0800: 41.978: [ParNew: 156626K->156626K(157248K), 0.0004020 secs]2021-01-21T22:12:17.667+0800: 41.979: [CMS: 346908K->349335K(349568K), 0.0479604 secs] 503535K->370479K(506816K), [Metaspace: 2816K->2816K(1056768K)], 0.0496670 secs] [Times: user=0.05 sys=0.00, real=0.05 secs] 
2021-01-21T22:12:17.716+0800: 42.029: [GC (CMS Initial Mark) [1 CMS-initial-mark: 349335K(349568K)] 373610K(506816K), 0.0015519 secs] [Times: user=0.00 sys=0.00, real=0.01 secs] 
2021-01-21T22:12:17.719+0800: 42.031: [CMS-concurrent-mark-start]
2021-01-21T22:12:17.720+0800: 42.032: [CMS-concurrent-mark: 0.001/0.001 secs] [Times: user=0.00 sys=0.00, real=0.00 secs] 
2021-01-21T22:12:17.720+0800: 42.033: [CMS-concurrent-preclean-start]
2021-01-21T22:12:17.721+0800: 42.033: [CMS-concurrent-preclean: 0.001/0.001 secs] [Times: user=0.01 sys=0.00, real=0.00 secs] 
2021-01-21T22:12:17.722+0800: 42.034: [CMS-concurrent-abortable-preclean-start]
2021-01-21T22:12:17.722+0800: 42.034: [CMS-concurrent-abortable-preclean: 0.000/0.000 secs] [Times: user=0.00 sys=0.00, real=0.00 secs] 
2021-01-21T22:12:17.722+0800: 42.035: [GC (CMS Final Remark) [YG occupancy: 51122 K (157248 K)]2021-01-21T22:12:17.723+0800: 42.035: [Rescan (parallel) , 0.0012753 secs]2021-01-21T22:12:17.724+0800: 42.037: [weak refs processing, 0.0003360 secs]2021-01-21T22:12:17.725+0800: 42.037: [class unloading, 0.0004780 secs]2021-01-21T22:12:17.726+0800: 42.038: [scrub symbol table, 0.0005107 secs]2021-01-21T22:12:17.727+0800: 42.039: [scrub string table, 0.0003654 secs][1 CMS-remark: 349335K(349568K)] 400458K(506816K), 0.0047074 secs] [Times: user=0.00 sys=0.00, real=0.00 secs] 
2021-01-21T22:12:17.728+0800: 42.040: [CMS-concurrent-sweep-start]
2021-01-21T22:12:17.728+0800: 42.040: [CMS-concurrent-sweep: 0.000/0.000 secs] [Times: user=0.00 sys=0.00, real=0.00 secs] 
2021-01-21T22:12:17.728+0800: 42.040: [CMS-concurrent-reset-start]
2021-01-21T22:12:17.729+0800: 42.041: [CMS-concurrent-reset: 0.000/0.000 secs] [Times: user=0.00 sys=0.00, real=0.00 secs] 
2021-01-21T22:12:17.740+0800: 42.052: [GC (Allocation Failure) 2021-01-21T22:12:17.741+0800: 42.053: [ParNew: 157201K->157201K(157248K), 0.0003677 secs]2021-01-21T22:12:17.742+0800: 42.054: [CMS: 349135K->349559K(349568K), 0.0497533 secs] 506337K->374520K(506816K), [Metaspace: 2816K->2816K(1056768K)], 0.0513925 secs] [Times: user=0.05 sys=0.00, real=0.05 secs] 
2021-01-21T22:12:17.793+0800: 42.105: [GC (CMS Initial Mark) [1 CMS-initial-mark: 349559K(349568K)] 377397K(506816K), 0.0013712 secs] [Times: user=0.00 sys=0.00, real=0.00 secs] 
2021-01-21T22:12:17.795+0800: 42.107: [CMS-concurrent-mark-start]
2021-01-21T22:12:17.797+0800: 42.109: [CMS-concurrent-mark: 0.002/0.002 secs] [Times: user=0.00 sys=0.00, real=0.00 secs] 
2021-01-21T22:12:17.798+0800: 42.110: [CMS-concurrent-preclean-start]
2021-01-21T22:12:17.799+0800: 42.111: [CMS-concurrent-preclean: 0.001/0.001 secs] [Times: user=0.01 sys=0.00, real=0.01 secs] 
2021-01-21T22:12:17.799+0800: 42.111: [CMS-concurrent-abortable-preclean-start]
2021-01-21T22:12:17.799+0800: 42.111: [CMS-concurrent-abortable-preclean: 0.000/0.000 secs] [Times: user=0.00 sys=0.00, real=0.00 secs] 
2021-01-21T22:12:17.800+0800: 42.112: [GC (CMS Final Remark) [YG occupancy: 56783 K (157248 K)]2021-01-21T22:12:17.800+0800: 42.112: [Rescan (parallel) , 0.0013650 secs]2021-01-21T22:12:17.802+0800: 42.114: [weak refs processing, 0.0003386 secs]2021-01-21T22:12:17.802+0800: 42.114: [class unloading, 0.0004844 secs]2021-01-21T22:12:17.803+0800: 42.115: [scrub symbol table, 0.0005747 secs]2021-01-21T22:12:17.804+0800: 42.116: [scrub string table, 0.0004223 secs][1 CMS-remark: 349559K(349568K)] 406343K(506816K), 0.0049791 secs] [Times: user=0.00 sys=0.00, real=0.00 secs] 
2021-01-21T22:12:17.805+0800: 42.117: [CMS-concurrent-sweep-start]
2021-01-21T22:12:17.806+0800: 42.118: [CMS-concurrent-sweep: 0.000/0.000 secs] [Times: user=0.00 sys=0.00, real=0.00 secs] 
2021-01-21T22:12:17.806+0800: 42.118: [CMS-concurrent-reset-start]
2021-01-21T22:12:17.806+0800: 42.118: [CMS-concurrent-reset: 0.000/0.000 secs] [Times: user=0.00 sys=0.00, real=0.00 secs] 
2021-01-21T22:12:17.819+0800: 42.131: [GC (Allocation Failure) 2021-01-21T22:12:17.819+0800: 42.131: [ParNew: 157122K->157122K(157248K), 0.0003742 secs]2021-01-21T22:12:17.820+0800: 42.132: [CMS: 349146K->349452K(349568K), 0.0485038 secs] 506269K->376275K(506816K), [Metaspace: 2816K->2816K(1056768K)], 0.0501644 secs] [Times: user=0.04 sys=0.00, real=0.05 secs] 
2021-01-21T22:12:17.870+0800: 42.182: [GC (CMS Initial Mark) [1 CMS-initial-mark: 349452K(349568K)] 379013K(506816K), 0.0015169 secs] [Times: user=0.00 sys=0.00, real=0.00 secs] 
2021-01-21T22:12:17.873+0800: 42.185: [CMS-concurrent-mark-start]
2021-01-21T22:12:17.874+0800: 42.186: [CMS-concurrent-mark: 0.001/0.001 secs] [Times: user=0.00 sys=0.00, real=0.00 secs] 
2021-01-21T22:12:17.874+0800: 42.186: [CMS-concurrent-preclean-start]
2021-01-21T22:12:17.875+0800: 42.187: [CMS-concurrent-preclean: 0.001/0.001 secs] [Times: user=0.00 sys=0.00, real=0.00 secs] 
2021-01-21T22:12:17.876+0800: 42.188: [CMS-concurrent-abortable-preclean-start]
2021-01-21T22:12:17.876+0800: 42.188: [CMS-concurrent-abortable-preclean: 0.000/0.000 secs] [Times: user=0.00 sys=0.00, real=0.00 secs] 
2021-01-21T22:12:17.876+0800: 42.188: [GC (CMS Final Remark) [YG occupancy: 57829 K (157248 K)]2021-01-21T22:12:17.877+0800: 42.189: [Rescan (parallel) , 0.0014111 secs]2021-01-21T22:12:17.878+0800: 42.191: [weak refs processing, 0.0003970 secs]2021-01-21T22:12:17.879+0800: 42.191: [class unloading, 0.0004728 secs]2021-01-21T22:12:17.880+0800: 42.192: [scrub symbol table, 0.0005812 secs]2021-01-21T22:12:17.881+0800: 42.193: [scrub string table, 0.0004306 secs][1 CMS-remark: 349452K(349568K)] 407282K(506816K), 0.0053414 secs] [Times: user=0.00 sys=0.00, real=0.01 secs] 
2021-01-21T22:12:17.882+0800: 42.194: [CMS-concurrent-sweep-start]
2021-01-21T22:12:17.883+0800: 42.195: [CMS-concurrent-sweep: 0.000/0.000 secs] [Times: user=0.00 sys=0.00, real=0.00 secs] 
2021-01-21T22:12:17.883+0800: 42.195: [CMS-concurrent-reset-start]
2021-01-21T22:12:17.883+0800: 42.195: [CMS-concurrent-reset: 0.000/0.000 secs] [Times: user=0.00 sys=0.00, real=0.00 secs] 
2021-01-21T22:12:17.895+0800: 42.207: [GC (Allocation Failure) 2021-01-21T22:12:17.896+0800: 42.208: [ParNew: 157016K->157016K(157248K), 0.0003288 secs]2021-01-21T22:12:17.896+0800: 42.208: [CMS: 349328K->349427K(349568K), 0.0488444 secs] 506344K->377743K(506816K), [Metaspace: 2816K->2816K(1056768K)], 0.0503808 secs] [Times: user=0.05 sys=0.00, real=0.05 secs] 
2021-01-21T22:12:17.947+0800: 42.259: [GC (CMS Initial Mark) [1 CMS-initial-mark: 349427K(349568K)] 380624K(506816K), 0.0013950 secs] [Times: user=0.00 sys=0.00, real=0.01 secs] 
2021-01-21T22:12:17.949+0800: 42.261: [CMS-concurrent-mark-start]
2021-01-21T22:12:17.951+0800: 42.263: [CMS-concurrent-mark: 0.001/0.001 secs] [Times: user=0.00 sys=0.00, real=0.00 secs] 
2021-01-21T22:12:17.951+0800: 42.263: [CMS-concurrent-preclean-start]
2021-01-21T22:12:17.952+0800: 42.264: [CMS-concurrent-preclean: 0.001/0.001 secs] [Times: user=0.00 sys=0.00, real=0.00 secs] 
2021-01-21T22:12:17.952+0800: 42.265: [CMS-concurrent-abortable-preclean-start]
2021-01-21T22:12:17.952+0800: 42.265: [CMS-concurrent-abortable-preclean: 0.000/0.000 secs] [Times: user=0.00 sys=0.00, real=0.00 secs] 
2021-01-21T22:12:17.953+0800: 42.265: [GC (CMS Final Remark) [YG occupancy: 64111 K (157248 K)]2021-01-21T22:12:17.953+0800: 42.265: [Rescan (parallel) , 0.0009443 secs]2021-01-21T22:12:17.955+0800: 42.267: [weak refs processing, 0.0002500 secs]2021-01-21T22:12:17.955+0800: 42.267: [class unloading, 0.0004378 secs]2021-01-21T22:12:17.956+0800: 42.268: [scrub symbol table, 0.0005793 secs]2021-01-21T22:12:17.957+0800: 42.269: [scrub string table, 0.0003995 secs][1 CMS-remark: 349427K(349568K)] 413538K(506816K), 0.0043921 secs] [Times: user=0.01 sys=0.00, real=0.00 secs] 
2021-01-21T22:12:17.958+0800: 42.270: [CMS-concurrent-sweep-start]
2021-01-21T22:12:17.958+0800: 42.270: [CMS-concurrent-sweep: 0.000/0.000 secs] [Times: user=0.00 sys=0.00, real=0.01 secs] 
2021-01-21T22:12:17.959+0800: 42.271: [CMS-concurrent-reset-start]
2021-01-21T22:12:17.959+0800: 42.271: [CMS-concurrent-reset: 0.000/0.000 secs] [Times: user=0.00 sys=0.00, real=0.00 secs] 
2021-01-21T22:12:17.970+0800: 42.282: [GC (Allocation Failure) 2021-01-21T22:12:17.970+0800: 42.282: [ParNew: 157207K->157207K(157248K), 0.0003780 secs]2021-01-21T22:12:17.971+0800: 42.283: [CMS: 349180K->349538K(349568K), 0.0501190 secs] 506387K->379605K(506816K), [Metaspace: 2816K->2816K(1056768K)], 0.0518139 secs] [Times: user=0.05 sys=0.00, real=0.05 secs] 
2021-01-21T22:12:18.022+0800: 42.334: [GC (CMS Initial Mark) [1 CMS-initial-mark: 349538K(349568K)] 382477K(506816K), 0.0013256 secs] [Times: user=0.00 sys=0.00, real=0.00 secs] 
2021-01-21T22:12:18.024+0800: 42.337: [CMS-concurrent-mark-start]
2021-01-21T22:12:18.026+0800: 42.338: [CMS-concurrent-mark: 0.001/0.001 secs] [Times: user=0.00 sys=0.00, real=0.00 secs] 
2021-01-21T22:12:18.026+0800: 42.338: [CMS-concurrent-preclean-start]
2021-01-21T22:12:18.027+0800: 42.339: [CMS-concurrent-preclean: 0.001/0.001 secs] [Times: user=0.00 sys=0.00, real=0.00 secs] 
2021-01-21T22:12:18.028+0800: 42.340: [CMS-concurrent-abortable-preclean-start]
2021-01-21T22:12:18.028+0800: 42.340: [CMS-concurrent-abortable-preclean: 0.000/0.000 secs] [Times: user=0.00 sys=0.00, real=0.00 secs] 
2021-01-21T22:12:18.028+0800: 42.340: [GC (CMS Final Remark) [YG occupancy: 58507 K (157248 K)]2021-01-21T22:12:18.029+0800: 42.341: [Rescan (parallel) , 0.0015179 secs]2021-01-21T22:12:18.031+0800: 42.343: [weak refs processing, 0.0002590 secs]2021-01-21T22:12:18.031+0800: 42.343: [class unloading, 0.0003897 secs]2021-01-21T22:12:18.032+0800: 42.344: [scrub symbol table, 0.0004969 secs]2021-01-21T22:12:18.032+0800: 42.344: [scrub string table, 0.0004509 secs][1 CMS-remark: 349538K(349568K)] 408045K(506816K), 0.0048491 secs] [Times: user=0.00 sys=0.00, real=0.00 secs] 
2021-01-21T22:12:18.034+0800: 42.346: [CMS-concurrent-sweep-start]
2021-01-21T22:12:18.034+0800: 42.346: [CMS-concurrent-sweep: 0.000/0.000 secs] [Times: user=0.00 sys=0.00, real=0.00 secs] 
2021-01-21T22:12:18.034+0800: 42.346: [CMS-concurrent-reset-start]
2021-01-21T22:12:18.034+0800: 42.346: [CMS-concurrent-reset: 0.000/0.000 secs] [Times: user=0.00 sys=0.00, real=0.00 secs] 
2021-01-21T22:12:18.045+0800: 42.357: [GC (Allocation Failure) 2021-01-21T22:12:18.045+0800: 42.357: [ParNew: 157048K->157048K(157248K), 0.0005089 secs]2021-01-21T22:12:18.046+0800: 42.358: [CMS: 349494K->349458K(349568K), 0.0475514 secs] 506543K->374875K(506816K), [Metaspace: 2816K->2816K(1056768K)], 0.0495687 secs] [Times: user=0.04 sys=0.00, real=0.05 secs] 
2021-01-21T22:12:18.095+0800: 42.407: [GC (CMS Initial Mark) [1 CMS-initial-mark: 349458K(349568K)] 378112K(506816K), 0.0017187 secs] [Times: user=0.01 sys=0.00, real=0.00 secs] 
2021-01-21T22:12:18.098+0800: 42.410: [CMS-concurrent-mark-start]
2021-01-21T22:12:18.099+0800: 42.411: [CMS-concurrent-mark: 0.001/0.001 secs] [Times: user=0.00 sys=0.00, real=0.01 secs] 
2021-01-21T22:12:18.100+0800: 42.412: [CMS-concurrent-preclean-start]
2021-01-21T22:12:18.101+0800: 42.413: [CMS-concurrent-preclean: 0.001/0.001 secs] [Times: user=0.00 sys=0.00, real=0.00 secs] 
2021-01-21T22:12:18.101+0800: 42.413: [CMS-concurrent-abortable-preclean-start]
2021-01-21T22:12:18.101+0800: 42.413: [CMS-concurrent-abortable-preclean: 0.000/0.000 secs] [Times: user=0.00 sys=0.00, real=0.00 secs] 
2021-01-21T22:12:18.102+0800: 42.414: [GC (CMS Final Remark) [YG occupancy: 64238 K (157248 K)]2021-01-21T22:12:18.102+0800: 42.414: [Rescan (parallel) , 0.0011719 secs]2021-01-21T22:12:18.104+0800: 42.416: [weak refs processing, 0.0003003 secs]2021-01-21T22:12:18.104+0800: 42.416: [class unloading, 0.0005368 secs]2021-01-21T22:12:18.105+0800: 42.417: [scrub symbol table, 0.0006783 secs]2021-01-21T22:12:18.106+0800: 42.418: [scrub string table, 0.0004117 secs][1 CMS-remark: 349458K(349568K)] 413696K(506816K), 0.0048675 secs] [Times: user=0.01 sys=0.00, real=0.00 secs] 
2021-01-21T22:12:18.107+0800: 42.419: [CMS-concurrent-sweep-start]
2021-01-21T22:12:18.108+0800: 42.420: [CMS-concurrent-sweep: 0.000/0.000 secs] [Times: user=0.00 sys=0.00, real=0.00 secs] 
2021-01-21T22:12:18.108+0800: 42.420: [CMS-concurrent-reset-start]
2021-01-21T22:12:18.108+0800: 42.420: [CMS-concurrent-reset: 0.000/0.000 secs] [Times: user=0.00 sys=0.00, real=0.00 secs] 
2021-01-21T22:12:18.118+0800: 42.430: [GC (Allocation Failure) 2021-01-21T22:12:18.118+0800: 42.430: [ParNew: 157236K->157236K(157248K), 0.0003722 secs]2021-01-21T22:12:18.119+0800: 42.431: [CMS: 349458K->349529K(349568K), 0.0483681 secs] 506694K->374611K(506816K), [Metaspace: 2816K->2816K(1056768K)], 0.0500628 secs] [Times: user=0.05 sys=0.00, real=0.06 secs] 
2021-01-21T22:12:18.169+0800: 42.481: [GC (CMS Initial Mark) [1 CMS-initial-mark: 349529K(349568K)] 377305K(506816K), 0.0012473 secs] [Times: user=0.00 sys=0.00, real=0.00 secs] 
2021-01-21T22:12:18.171+0800: 42.483: [CMS-concurrent-mark-start]
2021-01-21T22:12:18.173+0800: 42.485: [CMS-concurrent-mark: 0.001/0.001 secs] [Times: user=0.00 sys=0.00, real=0.00 secs] 
2021-01-21T22:12:18.173+0800: 42.485: [CMS-concurrent-preclean-start]
2021-01-21T22:12:18.174+0800: 42.486: [CMS-concurrent-preclean: 0.001/0.001 secs] [Times: user=0.00 sys=0.00, real=0.00 secs] 
2021-01-21T22:12:18.174+0800: 42.486: [CMS-concurrent-abortable-preclean-start]
2021-01-21T22:12:18.174+0800: 42.487: [CMS-concurrent-abortable-preclean: 0.000/0.000 secs] [Times: user=0.00 sys=0.00, real=0.00 secs] 
2021-01-21T22:12:18.175+0800: 42.487: [GC (CMS Final Remark) [YG occupancy: 55552 K (157248 K)]2021-01-21T22:12:18.175+0800: 42.487: [Rescan (parallel) , 0.0015887 secs]2021-01-21T22:12:18.177+0800: 42.489: [weak refs processing, 0.0003111 secs]2021-01-21T22:12:18.178+0800: 42.490: [class unloading, 0.0004680 secs]2021-01-21T22:12:18.179+0800: 42.491: [scrub symbol table, 0.0005296 secs]2021-01-21T22:12:18.179+0800: 42.491: [scrub string table, 0.0003492 secs][1 CMS-remark: 349529K(349568K)] 405082K(506816K), 0.0049167 secs] [Times: user=0.00 sys=0.00, real=0.01 secs] 
2021-01-21T22:12:18.180+0800: 42.492: [CMS-concurrent-sweep-start]
2021-01-21T22:12:18.181+0800: 42.493: [CMS-concurrent-sweep: 0.000/0.000 secs] [Times: user=0.00 sys=0.00, real=0.00 secs] 
2021-01-21T22:12:18.181+0800: 42.493: [CMS-concurrent-reset-start]
2021-01-21T22:12:18.181+0800: 42.493: [CMS-concurrent-reset: 0.000/0.000 secs] [Times: user=0.00 sys=0.00, real=0.00 secs] 
2021-01-21T22:12:18.195+0800: 42.507: [GC (Allocation Failure) 2021-01-21T22:12:18.195+0800: 42.507: [ParNew: 157118K->157118K(157248K), 0.0003901 secs]2021-01-21T22:12:18.196+0800: 42.508: [CMS: 349295K->349467K(349568K), 0.0493072 secs] 506413K->374151K(506816K), [Metaspace: 2816K->2816K(1056768K)], 0.0511447 secs] [Times: user=0.05 sys=0.00, real=0.05 secs] 
2021-01-21T22:12:18.247+0800: 42.559: [GC (CMS Initial Mark) [1 CMS-initial-mark: 349467K(349568K)] 376925K(506816K), 0.0010622 secs] [Times: user=0.00 sys=0.00, real=0.00 secs] 
2021-01-21T22:12:18.248+0800: 42.560: [CMS-concurrent-mark-start]
2021-01-21T22:12:18.249+0800: 42.562: [CMS-concurrent-mark: 0.001/0.001 secs] [Times: user=0.00 sys=0.00, real=0.00 secs] 
2021-01-21T22:12:18.250+0800: 42.562: [CMS-concurrent-preclean-start]
2021-01-21T22:12:18.251+0800: 42.563: [CMS-concurrent-preclean: 0.001/0.001 secs] [Times: user=0.00 sys=0.00, real=0.00 secs] 
2021-01-21T22:12:18.251+0800: 42.563: [CMS-concurrent-abortable-preclean-start]
2021-01-21T22:12:18.251+0800: 42.563: [CMS-concurrent-abortable-preclean: 0.000/0.000 secs] [Times: user=0.00 sys=0.00, real=0.00 secs] 
2021-01-21T22:12:18.252+0800: 42.564: [GC (CMS Final Remark) [YG occupancy: 55919 K (157248 K)]2021-01-21T22:12:18.252+0800: 42.564: [Rescan (parallel) , 0.0009815 secs]2021-01-21T22:12:18.253+0800: 42.565: [weak refs processing, 0.0003008 secs]2021-01-21T22:12:18.254+0800: 42.566: [class unloading, 0.0003789 secs]2021-01-21T22:12:18.254+0800: 42.567: [scrub symbol table, 0.0006930 secs]2021-01-21T22:12:18.255+0800: 42.567: [scrub string table, 0.0004826 secs][1 CMS-remark: 349467K(349568K)] 405386K(506816K), 0.0043938 secs] [Times: user=0.00 sys=0.01, real=0.00 secs] 
2021-01-21T22:12:18.257+0800: 42.569: [CMS-concurrent-sweep-start]
2021-01-21T22:12:18.257+0800: 42.569: [CMS-concurrent-sweep: 0.000/0.000 secs] [Times: user=0.00 sys=0.00, real=0.00 secs] 
2021-01-21T22:12:18.257+0800: 42.569: [CMS-concurrent-reset-start]
2021-01-21T22:12:18.258+0800: 42.570: [CMS-concurrent-reset: 0.000/0.000 secs] [Times: user=0.00 sys=0.00, real=0.00 secs] 
2021-01-21T22:12:18.269+0800: 42.581: [GC (Allocation Failure) 2021-01-21T22:12:18.269+0800: 42.581: [ParNew: 157028K->157028K(157248K), 0.0003296 secs]2021-01-21T22:12:18.270+0800: 42.582: [CMS: 348892K->348937K(349568K), 0.0484856 secs] 505921K->375351K(506816K), [Metaspace: 2816K->2816K(1056768K)], 0.0501997 secs] [Times: user=0.05 sys=0.00, real=0.05 secs] 
2021-01-21T22:12:18.320+0800: 42.632: [GC (CMS Initial Mark) [1 CMS-initial-mark: 348937K(349568K)] 378410K(506816K), 0.0014203 secs] [Times: user=0.01 sys=0.00, real=0.00 secs] 
2021-01-21T22:12:18.322+0800: 42.634: [CMS-concurrent-mark-start]
2021-01-21T22:12:18.324+0800: 42.636: [CMS-concurrent-mark: 0.001/0.001 secs] [Times: user=0.00 sys=0.00, real=0.00 secs] 
2021-01-21T22:12:18.324+0800: 42.636: [CMS-concurrent-preclean-start]
2021-01-21T22:12:18.325+0800: 42.637: [CMS-concurrent-preclean: 0.001/0.001 secs] [Times: user=0.00 sys=0.00, real=0.00 secs] 
2021-01-21T22:12:18.326+0800: 42.638: [CMS-concurrent-abortable-preclean-start]
2021-01-21T22:12:18.326+0800: 42.638: [CMS-concurrent-abortable-preclean: 0.000/0.000 secs] [Times: user=0.00 sys=0.00, real=0.00 secs] 
2021-01-21T22:12:18.326+0800: 42.638: [GC (CMS Final Remark) [YG occupancy: 64095 K (157248 K)]2021-01-21T22:12:18.326+0800: 42.638: [Rescan (parallel) , 0.0011234 secs]2021-01-21T22:12:18.328+0800: 42.640: [weak refs processing, 0.0002715 secs]2021-01-21T22:12:18.329+0800: 42.641: [class unloading, 0.0004474 secs]2021-01-21T22:12:18.329+0800: 42.641: [scrub symbol table, 0.0004946 secs]2021-01-21T22:12:18.330+0800: 42.642: [scrub string table, 0.0003738 secs][1 CMS-remark: 348937K(349568K)] 413032K(506816K), 0.0045553 secs] [Times: user=0.01 sys=0.00, real=0.01 secs] 
2021-01-21T22:12:18.331+0800: 42.643: [CMS-concurrent-sweep-start]
2021-01-21T22:12:18.332+0800: 42.644: [CMS-concurrent-sweep: 0.000/0.000 secs] [Times: user=0.00 sys=0.00, real=0.00 secs] 
2021-01-21T22:12:18.332+0800: 42.644: [CMS-concurrent-reset-start]
2021-01-21T22:12:18.332+0800: 42.644: [CMS-concurrent-reset: 0.000/0.000 secs] [Times: user=0.00 sys=0.00, real=0.00 secs] 
2021-01-21T22:12:18.343+0800: 42.655: [GC (Allocation Failure) 2021-01-21T22:12:18.343+0800: 42.655: [ParNew: 156660K->156660K(157248K), 0.0003385 secs]2021-01-21T22:12:18.344+0800: 42.656: [CMS: 348937K->349463K(349568K), 0.0491589 secs] 505597K->374171K(506816K), [Metaspace: 2816K->2816K(1056768K)], 0.0507744 secs] [Times: user=0.05 sys=0.00, real=0.05 secs] 
2021-01-21T22:12:18.394+0800: 42.706: [GC (CMS Initial Mark) [1 CMS-initial-mark: 349463K(349568K)] 377542K(506816K), 0.0010870 secs] [Times: user=0.00 sys=0.00, real=0.00 secs] 
2021-01-21T22:12:18.396+0800: 42.708: [CMS-concurrent-mark-start]
2021-01-21T22:12:18.397+0800: 42.709: [CMS-concurrent-mark: 0.001/0.001 secs] [Times: user=0.00 sys=0.00, real=0.00 secs] 
2021-01-21T22:12:18.398+0800: 42.710: [CMS-concurrent-preclean-start]
2021-01-21T22:12:18.399+0800: 42.711: [CMS-concurrent-preclean: 0.001/0.001 secs] [Times: user=0.00 sys=0.00, real=0.01 secs] 
2021-01-21T22:12:18.399+0800: 42.711: [CMS-concurrent-abortable-preclean-start]
2021-01-21T22:12:18.399+0800: 42.711: [CMS-concurrent-abortable-preclean: 0.000/0.000 secs] [Times: user=0.00 sys=0.00, real=0.00 secs] 
2021-01-21T22:12:18.400+0800: 42.712: [GC (CMS Final Remark) [YG occupancy: 55019 K (157248 K)]2021-01-21T22:12:18.400+0800: 42.712: [Rescan (parallel) , 0.0011507 secs]2021-01-21T22:12:18.402+0800: 42.714: [weak refs processing, 0.0002824 secs]2021-01-21T22:12:18.402+0800: 42.714: [class unloading, 0.0004122 secs]2021-01-21T22:12:18.403+0800: 42.715: [scrub symbol table, 0.0004894 secs]2021-01-21T22:12:18.404+0800: 42.716: [scrub string table, 0.0003800 secs][1 CMS-remark: 349463K(349568K)] 404482K(506816K), 0.0044517 secs] [Times: user=0.00 sys=0.00, real=0.00 secs] 
2021-01-21T22:12:18.405+0800: 42.717: [CMS-concurrent-sweep-start]
2021-01-21T22:12:18.406+0800: 42.718: [CMS-concurrent-sweep: 0.000/0.000 secs] [Times: user=0.00 sys=0.00, real=0.00 secs] 
2021-01-21T22:12:18.406+0800: 42.718: [CMS-concurrent-reset-start]
2021-01-21T22:12:18.406+0800: 42.718: [CMS-concurrent-reset: 0.000/0.000 secs] [Times: user=0.00 sys=0.00, real=0.00 secs] 
2021-01-21T22:12:18.418+0800: 42.730: [GC (Allocation Failure) 2021-01-21T22:12:18.419+0800: 42.731: [ParNew: 157024K->157024K(157248K), 0.0003537 secs]2021-01-21T22:12:18.419+0800: 42.731: [CMS: 347932K->349462K(349568K), 0.0478318 secs] 504957K->367268K(506816K), [Metaspace: 2816K->2816K(1056768K)], 0.0494778 secs] [Times: user=0.04 sys=0.00, real=0.04 secs] 
2021-01-21T22:12:18.469+0800: 42.781: [GC (CMS Initial Mark) [1 CMS-initial-mark: 349462K(349568K)] 370172K(506816K), 0.0014319 secs] [Times: user=0.00 sys=0.00, real=0.00 secs] 
2021-01-21T22:12:18.471+0800: 42.783: [CMS-concurrent-mark-start]
2021-01-21T22:12:18.472+0800: 42.784: [CMS-concurrent-mark: 0.001/0.001 secs] [Times: user=0.00 sys=0.00, real=0.00 secs] 
2021-01-21T22:12:18.473+0800: 42.785: [CMS-concurrent-preclean-start]
2021-01-21T22:12:18.474+0800: 42.786: [CMS-concurrent-preclean: 0.001/0.001 secs] [Times: user=0.00 sys=0.00, real=0.00 secs] 
2021-01-21T22:12:18.474+0800: 42.786: [CMS-concurrent-abortable-preclean-start]
2021-01-21T22:12:18.474+0800: 42.786: [CMS-concurrent-abortable-preclean: 0.000/0.000 secs] [Times: user=0.00 sys=0.00, real=0.00 secs] 
2021-01-21T22:12:18.475+0800: 42.787: [GC (CMS Final Remark) [YG occupancy: 49092 K (157248 K)]2021-01-21T22:12:18.475+0800: 42.787: [Rescan (parallel) , 0.0007888 secs]2021-01-21T22:12:18.476+0800: 42.788: [weak refs processing, 0.0003308 secs]2021-01-21T22:12:18.477+0800: 42.789: [class unloading, 0.0004602 secs]2021-01-21T22:12:18.478+0800: 42.790: [scrub symbol table, 0.0006179 secs]2021-01-21T22:12:18.479+0800: 42.791: [scrub string table, 0.0004325 secs][1 CMS-remark: 349462K(349568K)] 398555K(506816K), 0.0044057 secs] [Times: user=0.00 sys=0.00, real=0.01 secs] 
2021-01-21T22:12:18.480+0800: 42.792: [CMS-concurrent-sweep-start]
2021-01-21T22:12:18.480+0800: 42.792: [CMS-concurrent-sweep: 0.000/0.000 secs] [Times: user=0.00 sys=0.00, real=0.00 secs] 
2021-01-21T22:12:18.481+0800: 42.793: [CMS-concurrent-reset-start]
2021-01-21T22:12:18.481+0800: 42.793: [CMS-concurrent-reset: 0.000/0.000 secs] [Times: user=0.00 sys=0.00, real=0.00 secs] 
2021-01-21T22:12:18.491+0800: 42.803: [GC (Allocation Failure) 2021-01-21T22:12:18.492+0800: 42.804: [ParNew: 156910K->156910K(157248K), 0.0003794 secs]2021-01-21T22:12:18.493+0800: 42.805: [CMS: 348385K->349553K(349568K), 0.0555453 secs] 505296K->374566K(506816K), [Metaspace: 2816K->2816K(1056768K)], 0.0572746 secs] [Times: user=0.06 sys=0.00, real=0.06 secs] 
2021-01-21T22:12:18.550+0800: 42.862: [GC (CMS Initial Mark) [1 CMS-initial-mark: 349553K(349568K)] 378023K(506816K), 0.0015081 secs] [Times: user=0.00 sys=0.00, real=0.00 secs] 
2021-01-21T22:12:18.552+0800: 42.864: [CMS-concurrent-mark-start]
2021-01-21T22:12:18.553+0800: 42.865: [CMS-concurrent-mark: 0.001/0.001 secs] [Times: user=0.00 sys=0.00, real=0.00 secs] 
2021-01-21T22:12:18.553+0800: 42.865: [CMS-concurrent-preclean-start]
2021-01-21T22:12:18.555+0800: 42.867: [CMS-concurrent-preclean: 0.001/0.001 secs] [Times: user=0.01 sys=0.00, real=0.00 secs] 
2021-01-21T22:12:18.555+0800: 42.867: [CMS-concurrent-abortable-preclean-start]
2021-01-21T22:12:18.555+0800: 42.867: [CMS-concurrent-abortable-preclean: 0.000/0.000 secs] [Times: user=0.00 sys=0.00, real=0.00 secs] 
2021-01-21T22:12:18.556+0800: 42.868: [GC (CMS Final Remark) [YG occupancy: 61322 K (157248 K)]2021-01-21T22:12:18.556+0800: 42.868: [Rescan (parallel) , 0.0009428 secs]2021-01-21T22:12:18.557+0800: 42.869: [weak refs processing, 0.0002715 secs]2021-01-21T22:12:18.558+0800: 42.870: [class unloading, 0.0003387 secs]2021-01-21T22:12:18.558+0800: 42.870: [scrub symbol table, 0.0004719 secs]2021-01-21T22:12:18.559+0800: 42.871: [scrub string table, 0.0003530 secs][1 CMS-remark: 349553K(349568K)] 410875K(506816K), 0.0037511 secs] [Times: user=0.00 sys=0.00, real=0.01 secs] 
2021-01-21T22:12:18.560+0800: 42.872: [CMS-concurrent-sweep-start]
2021-01-21T22:12:18.560+0800: 42.872: [CMS-concurrent-sweep: 0.000/0.000 secs] [Times: user=0.00 sys=0.00, real=0.00 secs] 
2021-01-21T22:12:18.561+0800: 42.873: [CMS-concurrent-reset-start]
2021-01-21T22:12:18.561+0800: 42.873: [CMS-concurrent-reset: 0.000/0.000 secs] [Times: user=0.00 sys=0.00, real=0.00 secs] 
2021-01-21T22:12:18.572+0800: 42.884: [GC (Allocation Failure) 2021-01-21T22:12:18.572+0800: 42.884: [ParNew: 156590K->156590K(157248K), 0.0002715 secs]2021-01-21T22:12:18.573+0800: 42.885: [CMS: 348970K->349389K(349568K), 0.0512036 secs] 505561K->378101K(506816K), [Metaspace: 2816K->2816K(1056768K)], 0.0525718 secs] [Times: user=0.06 sys=0.00, real=0.05 secs] 
2021-01-21T22:12:18.625+0800: 42.937: [GC (CMS Initial Mark) [1 CMS-initial-mark: 349389K(349568K)] 381551K(506816K), 0.0011395 secs] [Times: user=0.00 sys=0.00, real=0.00 secs] 
2021-01-21T22:12:18.627+0800: 42.939: [CMS-concurrent-mark-start]
2021-01-21T22:12:18.629+0800: 42.941: [CMS-concurrent-mark: 0.001/0.001 secs] [Times: user=0.00 sys=0.00, real=0.01 secs] 
2021-01-21T22:12:18.629+0800: 42.941: [CMS-concurrent-preclean-start]
2021-01-21T22:12:18.630+0800: 42.942: [CMS-concurrent-preclean: 0.001/0.001 secs] [Times: user=0.00 sys=0.00, real=0.00 secs] 
2021-01-21T22:12:18.631+0800: 42.943: [CMS-concurrent-abortable-preclean-start]
2021-01-21T22:12:18.631+0800: 42.943: [CMS-concurrent-abortable-preclean: 0.000/0.000 secs] [Times: user=0.00 sys=0.00, real=0.00 secs] 
2021-01-21T22:12:18.631+0800: 42.943: [GC (CMS Final Remark) [YG occupancy: 60476 K (157248 K)]2021-01-21T22:12:18.632+0800: 42.944: [Rescan (parallel) , 0.0007610 secs]2021-01-21T22:12:18.633+0800: 42.945: [weak refs processing, 0.0003528 secs]2021-01-21T22:12:18.633+0800: 42.945: [class unloading, 0.0004741 secs]2021-01-21T22:12:18.634+0800: 42.946: [scrub symbol table, 0.0006211 secs]2021-01-21T22:12:18.635+0800: 42.947: [scrub string table, 0.0004615 secs][1 CMS-remark: 349389K(349568K)] 409865K(506816K), 0.0046851 secs] [Times: user=0.00 sys=0.00, real=0.00 secs] 
2021-01-21T22:12:18.637+0800: 42.949: [CMS-concurrent-sweep-start]
2021-01-21T22:12:18.637+0800: 42.949: [CMS-concurrent-sweep: 0.000/0.000 secs] [Times: user=0.00 sys=0.00, real=0.00 secs] 
2021-01-21T22:12:18.638+0800: 42.950: [CMS-concurrent-reset-start]
2021-01-21T22:12:18.638+0800: 42.950: [CMS-concurrent-reset: 0.000/0.000 secs] [Times: user=0.00 sys=0.00, real=0.00 secs] 
2021-01-21T22:12:18.648+0800: 42.960: [GC (Allocation Failure) 2021-01-21T22:12:18.648+0800: 42.960: [ParNew: 157035K->157035K(157248K), 0.0003630 secs]2021-01-21T22:12:18.649+0800: 42.961: [CMS: 348148K->349443K(349568K), 0.0486507 secs] 505184K->377053K(506816K), [Metaspace: 2816K->2816K(1056768K)], 0.0503323 secs] [Times: user=0.05 sys=0.00, real=0.06 secs] 
2021-01-21T22:12:18.699+0800: 43.011: [GC (CMS Initial Mark) [1 CMS-initial-mark: 349443K(349568K)] 379924K(506816K), 0.0018460 secs] [Times: user=0.00 sys=0.00, real=0.00 secs] 
2021-01-21T22:12:18.702+0800: 43.014: [CMS-concurrent-mark-start]
2021-01-21T22:12:18.703+0800: 43.015: [CMS-concurrent-mark: 0.001/0.001 secs] [Times: user=0.01 sys=0.00, real=0.00 secs] 
2021-01-21T22:12:18.704+0800: 43.016: [CMS-concurrent-preclean-start]
2021-01-21T22:12:18.705+0800: 43.017: [CMS-concurrent-preclean: 0.001/0.001 secs] [Times: user=0.00 sys=0.00, real=0.00 secs] 
2021-01-21T22:12:18.705+0800: 43.017: [CMS-concurrent-abortable-preclean-start]
2021-01-21T22:12:18.705+0800: 43.017: [CMS-concurrent-abortable-preclean: 0.000/0.000 secs] [Times: user=0.00 sys=0.00, real=0.00 secs] 
2021-01-21T22:12:18.706+0800: 43.018: [GC (CMS Final Remark) [YG occupancy: 62365 K (157248 K)]2021-01-21T22:12:18.706+0800: 43.018: [Rescan (parallel) , 0.0011102 secs]2021-01-21T22:12:18.708+0800: 43.020: [weak refs processing, 0.0003378 secs]2021-01-21T22:12:18.709+0800: 43.021: [class unloading, 0.0005210 secs]2021-01-21T22:12:18.710+0800: 43.022: [scrub symbol table, 0.0005564 secs]2021-01-21T22:12:18.710+0800: 43.022: [scrub string table, 0.0004318 secs][1 CMS-remark: 349443K(349568K)] 411809K(506816K), 0.0050053 secs] [Times: user=0.01 sys=0.00, real=0.01 secs] 
2021-01-21T22:12:18.712+0800: 43.024: [CMS-concurrent-sweep-start]
2021-01-21T22:12:18.712+0800: 43.024: [CMS-concurrent-sweep: 0.000/0.000 secs] [Times: user=0.00 sys=0.00, real=0.00 secs] 
2021-01-21T22:12:18.713+0800: 43.025: [CMS-concurrent-reset-start]
2021-01-21T22:12:18.713+0800: 43.025: [CMS-concurrent-reset: 0.000/0.000 secs] [Times: user=0.00 sys=0.00, real=0.00 secs] 
2021-01-21T22:12:18.724+0800: 43.036: [GC (Allocation Failure) 2021-01-21T22:12:18.725+0800: 43.037: [ParNew: 156905K->156905K(157248K), 0.0003356 secs]2021-01-21T22:12:18.725+0800: 43.037: [CMS: 348740K->349519K(349568K), 0.0495517 secs] 505646K->378913K(506816K), [Metaspace: 2816K->2816K(1056768K)], 0.0512709 secs] [Times: user=0.05 sys=0.00, real=0.05 secs] 
2021-01-21T22:12:18.777+0800: 43.089: [GC (CMS Initial Mark) [1 CMS-initial-mark: 349519K(349568K)] 381976K(506816K), 0.0013567 secs] [Times: user=0.00 sys=0.00, real=0.01 secs] 
2021-01-21T22:12:18.779+0800: 43.091: [CMS-concurrent-mark-start]
2021-01-21T22:12:18.781+0800: 43.093: [CMS-concurrent-mark: 0.002/0.002 secs] [Times: user=0.01 sys=0.00, real=0.00 secs] 
2021-01-21T22:12:18.781+0800: 43.093: [CMS-concurrent-preclean-start]
2021-01-21T22:12:18.782+0800: 43.094: [CMS-concurrent-preclean: 0.001/0.001 secs] [Times: user=0.00 sys=0.00, real=0.00 secs] 
2021-01-21T22:12:18.782+0800: 43.094: [CMS-concurrent-abortable-preclean-start]
2021-01-21T22:12:18.782+0800: 43.094: [CMS-concurrent-abortable-preclean: 0.000/0.000 secs] [Times: user=0.00 sys=0.00, real=0.00 secs] 
2021-01-21T22:12:18.783+0800: 43.095: [GC (CMS Final Remark) [YG occupancy: 59232 K (157248 K)]2021-01-21T22:12:18.783+0800: 43.095: [Rescan (parallel) , 0.0007273 secs]2021-01-21T22:12:18.784+0800: 43.096: [weak refs processing, 0.0002717 secs]2021-01-21T22:12:18.785+0800: 43.097: [class unloading, 0.0004717 secs]2021-01-21T22:12:18.786+0800: 43.098: [scrub symbol table, 0.0005722 secs]2021-01-21T22:12:18.786+0800: 43.099: [scrub string table, 0.0004256 secs][1 CMS-remark: 349519K(349568K)] 408751K(506816K), 0.0043366 secs] [Times: user=0.00 sys=0.00, real=0.00 secs] 
2021-01-21T22:12:18.788+0800: 43.100: [CMS-concurrent-sweep-start]
2021-01-21T22:12:18.789+0800: 43.101: [CMS-concurrent-sweep: 0.000/0.000 secs] [Times: user=0.00 sys=0.00, real=0.00 secs] 
2021-01-21T22:12:18.789+0800: 43.101: [CMS-concurrent-reset-start]
2021-01-21T22:12:18.789+0800: 43.101: [CMS-concurrent-reset: 0.000/0.000 secs] [Times: user=0.00 sys=0.00, real=0.00 secs] 
2021-01-21T22:12:18.800+0800: 43.112: [GC (Allocation Failure) 2021-01-21T22:12:18.801+0800: 43.113: [ParNew: 157112K->157112K(157248K), 0.0003937 secs]2021-01-21T22:12:18.801+0800: 43.113: [CMS: 348711K->349509K(349568K), 0.0492659 secs] 505824K->373878K(506816K), [Metaspace: 2816K->2816K(1056768K)], 0.0509448 secs] [Times: user=0.05 sys=0.00, real=0.05 secs] 
2021-01-21T22:12:18.852+0800: 43.164: [GC (CMS Initial Mark) [1 CMS-initial-mark: 349509K(349568K)] 376602K(506816K), 0.0012334 secs] [Times: user=0.00 sys=0.00, real=0.00 secs] 
2021-01-21T22:12:18.854+0800: 43.166: [CMS-concurrent-mark-start]
2021-01-21T22:12:18.855+0800: 43.167: [CMS-concurrent-mark: 0.001/0.001 secs] [Times: user=0.00 sys=0.00, real=0.00 secs] 
2021-01-21T22:12:18.856+0800: 43.168: [CMS-concurrent-preclean-start]
2021-01-21T22:12:18.857+0800: 43.169: [CMS-concurrent-preclean: 0.001/0.001 secs] [Times: user=0.00 sys=0.00, real=0.00 secs] 
2021-01-21T22:12:18.857+0800: 43.169: [CMS-concurrent-abortable-preclean-start]
2021-01-21T22:12:18.857+0800: 43.169: [CMS-concurrent-abortable-preclean: 0.000/0.000 secs] [Times: user=0.00 sys=0.00, real=0.00 secs] 
2021-01-21T22:12:18.858+0800: 43.170: [GC (CMS Final Remark) [YG occupancy: 57843 K (157248 K)]2021-01-21T22:12:18.858+0800: 43.170: [Rescan (parallel) , 0.0011975 secs]2021-01-21T22:12:18.859+0800: 43.172: [weak refs processing, 0.0005501 secs]2021-01-21T22:12:18.860+0800: 43.172: [class unloading, 0.0007514 secs]2021-01-21T22:12:18.861+0800: 43.174: [scrub symbol table, 0.0006142 secs]2021-01-21T22:12:18.862+0800: 43.174: [scrub string table, 0.0004456 secs][1 CMS-remark: 349509K(349568K)] 407353K(506816K), 0.0053926 secs] [Times: user=0.00 sys=0.00, real=0.01 secs] 
2021-01-21T22:12:18.864+0800: 43.176: [CMS-concurrent-sweep-start]
2021-01-21T22:12:18.864+0800: 43.176: [CMS-concurrent-sweep: 0.000/0.000 secs] [Times: user=0.00 sys=0.00, real=0.00 secs] 
2021-01-21T22:12:18.865+0800: 43.177: [CMS-concurrent-reset-start]
2021-01-21T22:12:18.865+0800: 43.177: [CMS-concurrent-reset: 0.000/0.000 secs] [Times: user=0.00 sys=0.00, real=0.00 secs] 
2021-01-21T22:12:18.877+0800: 43.189: [GC (Allocation Failure) 2021-01-21T22:12:18.877+0800: 43.189: [ParNew: 157199K->157199K(157248K), 0.0002726 secs]2021-01-21T22:12:18.877+0800: 43.190: [CMS: 349043K->349562K(349568K), 0.0487141 secs] 506242K->377550K(506816K), [Metaspace: 2816K->2816K(1056768K)], 0.0500302 secs] [Times: user=0.05 sys=0.00, real=0.05 secs] 
2021-01-21T22:12:18.928+0800: 43.240: [GC (CMS Initial Mark) [1 CMS-initial-mark: 349562K(349568K)] 380386K(506816K), 0.0014476 secs] [Times: user=0.01 sys=0.00, real=0.01 secs] 
2021-01-21T22:12:18.930+0800: 43.242: [CMS-concurrent-mark-start]
2021-01-21T22:12:18.931+0800: 43.243: [CMS-concurrent-mark: 0.001/0.001 secs] [Times: user=0.00 sys=0.00, real=0.00 secs] 
2021-01-21T22:12:18.932+0800: 43.244: [CMS-concurrent-preclean-start]
2021-01-21T22:12:18.933+0800: 43.245: [CMS-concurrent-preclean: 0.001/0.001 secs] [Times: user=0.00 sys=0.00, real=0.00 secs] 
2021-01-21T22:12:18.933+0800: 43.245: [CMS-concurrent-abortable-preclean-start]
2021-01-21T22:12:18.933+0800: 43.245: [CMS-concurrent-abortable-preclean: 0.000/0.000 secs] [Times: user=0.00 sys=0.00, real=0.00 secs] 
2021-01-21T22:12:18.934+0800: 43.246: [GC (CMS Final Remark) [YG occupancy: 58706 K (157248 K)]2021-01-21T22:12:18.934+0800: 43.246: [Rescan (parallel) , 0.0008193 secs]2021-01-21T22:12:18.935+0800: 43.247: [weak refs processing, 0.0003359 secs]2021-01-21T22:12:18.936+0800: 43.248: [class unloading, 0.0004574 secs]2021-01-21T22:12:18.937+0800: 43.249: [scrub symbol table, 0.0006326 secs]2021-01-21T22:12:18.938+0800: 43.250: [scrub string table, 0.0003785 secs][1 CMS-remark: 349562K(349568K)] 408269K(506816K), 0.0043614 secs] [Times: user=0.01 sys=0.00, real=0.01 secs] 
2021-01-21T22:12:18.939+0800: 43.251: [CMS-concurrent-sweep-start]
2021-01-21T22:12:18.939+0800: 43.251: [CMS-concurrent-sweep: 0.000/0.000 secs] [Times: user=0.00 sys=0.00, real=0.00 secs] 
2021-01-21T22:12:18.940+0800: 43.252: [CMS-concurrent-reset-start]
2021-01-21T22:12:18.940+0800: 43.252: [CMS-concurrent-reset: 0.000/0.000 secs] [Times: user=0.00 sys=0.00, real=0.00 secs] 
2021-01-21T22:12:18.950+0800: 43.262: [GC (Allocation Failure) 2021-01-21T22:12:18.951+0800: 43.263: [ParNew: 157223K->157223K(157248K), 0.0004163 secs]2021-01-21T22:12:18.952+0800: 43.264: [CMS: 349052K->349560K(349568K), 0.0509617 secs] 506275K->380238K(506816K), [Metaspace: 2816K->2816K(1056768K)], 0.0526789 secs] [Times: user=0.05 sys=0.00, real=0.05 secs] 
2021-01-21T22:12:19.004+0800: 43.316: [GC (CMS Initial Mark) [1 CMS-initial-mark: 349560K(349568K)] 383059K(506816K), 0.0014555 secs] [Times: user=0.00 sys=0.00, real=0.00 secs] 
2021-01-21T22:12:19.006+0800: 43.318: [CMS-concurrent-mark-start]
2021-01-21T22:12:19.008+0800: 43.320: [CMS-concurrent-mark: 0.001/0.001 secs] [Times: user=0.01 sys=0.00, real=0.00 secs] 
2021-01-21T22:12:19.008+0800: 43.320: [CMS-concurrent-preclean-start]
2021-01-21T22:12:19.009+0800: 43.321: [CMS-concurrent-preclean: 0.001/0.001 secs] [Times: user=0.00 sys=0.00, real=0.01 secs] 
2021-01-21T22:12:19.009+0800: 43.322: [CMS-concurrent-abortable-preclean-start]
2021-01-21T22:12:19.009+0800: 43.322: [CMS-concurrent-abortable-preclean: 0.000/0.000 secs] [Times: user=0.00 sys=0.00, real=0.00 secs] 
2021-01-21T22:12:19.010+0800: 43.322: [GC (CMS Final Remark) [YG occupancy: 61620 K (157248 K)]2021-01-21T22:12:19.010+0800: 43.323: [Rescan (parallel) , 0.0009334 secs]2021-01-21T22:12:19.012+0800: 43.324: [weak refs processing, 0.0002779 secs]2021-01-21T22:12:19.012+0800: 43.324: [class unloading, 0.0005591 secs]2021-01-21T22:12:19.013+0800: 43.325: [scrub symbol table, 0.0005792 secs]2021-01-21T22:12:19.014+0800: 43.326: [scrub string table, 0.0003994 secs][1 CMS-remark: 349560K(349568K)] 411180K(506816K), 0.0046276 secs] [Times: user=0.01 sys=0.00, real=0.00 secs] 
2021-01-21T22:12:19.015+0800: 43.327: [CMS-concurrent-sweep-start]
2021-01-21T22:12:19.016+0800: 43.328: [CMS-concurrent-sweep: 0.000/0.000 secs] [Times: user=0.00 sys=0.00, real=0.00 secs] 
2021-01-21T22:12:19.016+0800: 43.328: [CMS-concurrent-reset-start]
2021-01-21T22:12:19.016+0800: 43.328: [CMS-concurrent-reset: 0.000/0.000 secs] [Times: user=0.00 sys=0.00, real=0.00 secs] 
2021-01-21T22:12:19.029+0800: 43.341: [GC (Allocation Failure) 2021-01-21T22:12:19.029+0800: 43.341: [ParNew: 157239K->157239K(157248K), 0.0005061 secs]2021-01-21T22:12:19.030+0800: 43.342: [CMS: 347956K->349431K(349568K), 0.0511422 secs] 505195K->376429K(506816K), [Metaspace: 2816K->2816K(1056768K)], 0.0528192 secs] [Times: user=0.05 sys=0.00, real=0.05 secs] 
2021-01-21T22:12:19.083+0800: 43.395: [GC (CMS Initial Mark) [1 CMS-initial-mark: 349431K(349568K)] 379024K(506816K), 0.0012318 secs] [Times: user=0.00 sys=0.00, real=0.00 secs] 
2021-01-21T22:12:19.085+0800: 43.397: [CMS-concurrent-mark-start]
2021-01-21T22:12:19.086+0800: 43.398: [CMS-concurrent-mark: 0.001/0.001 secs] [Times: user=0.01 sys=0.00, real=0.00 secs] 
2021-01-21T22:12:19.086+0800: 43.398: [CMS-concurrent-preclean-start]
2021-01-21T22:12:19.088+0800: 43.400: [CMS-concurrent-preclean: 0.001/0.001 secs] [Times: user=0.00 sys=0.00, real=0.00 secs] 
2021-01-21T22:12:19.088+0800: 43.400: [CMS-concurrent-abortable-preclean-start]
2021-01-21T22:12:19.088+0800: 43.400: [CMS-concurrent-abortable-preclean: 0.000/0.000 secs] [Times: user=0.00 sys=0.00, real=0.00 secs] 
2021-01-21T22:12:19.089+0800: 43.401: [GC (CMS Final Remark) [YG occupancy: 57714 K (157248 K)]2021-01-21T22:12:19.089+0800: 43.401: [Rescan (parallel) , 0.0012087 secs]2021-01-21T22:12:19.091+0800: 43.403: [weak refs processing, 0.0002828 secs]2021-01-21T22:12:19.091+0800: 43.403: [class unloading, 0.0004522 secs]2021-01-21T22:12:19.092+0800: 43.404: [scrub symbol table, 0.0005397 secs]2021-01-21T22:12:19.093+0800: 43.405: [scrub string table, 0.0004011 secs][1 CMS-remark: 349431K(349568K)] 407146K(506816K), 0.0045879 secs] [Times: user=0.01 sys=0.00, real=0.00 secs] 
2021-01-21T22:12:19.094+0800: 43.406: [CMS-concurrent-sweep-start]
2021-01-21T22:12:19.094+0800: 43.406: [CMS-concurrent-sweep: 0.000/0.000 secs] [Times: user=0.00 sys=0.00, real=0.00 secs] 
2021-01-21T22:12:19.095+0800: 43.407: [CMS-concurrent-reset-start]
2021-01-21T22:12:19.095+0800: 43.407: [CMS-concurrent-reset: 0.000/0.000 secs] [Times: user=0.00 sys=0.00, real=0.00 secs] 
2021-01-21T22:12:19.108+0800: 43.420: [GC (Allocation Failure) 2021-01-21T22:12:19.108+0800: 43.420: [ParNew: 157057K->157057K(157248K), 0.0003288 secs]2021-01-21T22:12:19.109+0800: 43.421: [CMS: 349263K->349294K(349568K), 0.0506542 secs] 506320K->381722K(506816K), [Metaspace: 2816K->2816K(1056768K)], 0.0522162 secs] [Times: user=0.05 sys=0.00, real=0.06 secs] 
2021-01-21T22:12:19.161+0800: 43.473: [GC (CMS Initial Mark) [1 CMS-initial-mark: 349294K(349568K)] 384586K(506816K), 0.0014950 secs] [Times: user=0.00 sys=0.00, real=0.00 secs] 
2021-01-21T22:12:19.164+0800: 43.476: [CMS-concurrent-mark-start]
2021-01-21T22:12:19.165+0800: 43.477: [CMS-concurrent-mark: 0.001/0.001 secs] [Times: user=0.00 sys=0.00, real=0.00 secs] 
2021-01-21T22:12:19.165+0800: 43.477: [CMS-concurrent-preclean-start]
2021-01-21T22:12:19.166+0800: 43.478: [CMS-concurrent-preclean: 0.001/0.001 secs] [Times: user=0.00 sys=0.00, real=0.00 secs] 
2021-01-21T22:12:19.167+0800: 43.479: [CMS-concurrent-abortable-preclean-start]
2021-01-21T22:12:19.167+0800: 43.479: [CMS-concurrent-abortable-preclean: 0.000/0.000 secs] [Times: user=0.00 sys=0.00, real=0.00 secs] 
2021-01-21T22:12:19.167+0800: 43.479: [GC (CMS Final Remark) [YG occupancy: 63899 K (157248 K)]2021-01-21T22:12:19.168+0800: 43.480: [Rescan (parallel) , 0.0007175 secs]2021-01-21T22:12:19.169+0800: 43.481: [weak refs processing, 0.0003587 secs]2021-01-21T22:12:19.169+0800: 43.481: [class unloading, 0.0004671 secs]2021-01-21T22:12:19.170+0800: 43.482: [scrub symbol table, 0.0007491 secs]2021-01-21T22:12:19.171+0800: 43.483: [scrub string table, 0.0004453 secs][1 CMS-remark: 349294K(349568K)] 413193K(506816K), 0.0045690 secs] [Times: user=0.01 sys=0.00, real=0.01 secs] 
2021-01-21T22:12:19.172+0800: 43.485: [CMS-concurrent-sweep-start]
2021-01-21T22:12:19.173+0800: 43.485: [CMS-concurrent-sweep: 0.000/0.000 secs] [Times: user=0.00 sys=0.00, real=0.00 secs] 
2021-01-21T22:12:19.173+0800: 43.485: [CMS-concurrent-reset-start]
2021-01-21T22:12:19.173+0800: 43.485: [CMS-concurrent-reset: 0.000/0.000 secs] [Times: user=0.00 sys=0.00, real=0.00 secs] 
2021-01-21T22:12:19.184+0800: 43.496: [GC (Allocation Failure) 2021-01-21T22:12:19.184+0800: 43.496: [ParNew: 157244K->157244K(157248K), 0.0003871 secs]2021-01-21T22:12:19.185+0800: 43.497: [CMS: 348657K->349321K(349568K), 0.0486043 secs] 505901K->380899K(506816K), [Metaspace: 2816K->2816K(1056768K)], 0.0503141 secs] [Times: user=0.05 sys=0.00, real=0.05 secs] 
2021-01-21T22:12:19.235+0800: 43.547: [GC (CMS Initial Mark) [1 CMS-initial-mark: 349321K(349568K)] 383637K(506816K), 0.0013975 secs] [Times: user=0.00 sys=0.00, real=0.00 secs] 
2021-01-21T22:12:19.237+0800: 43.549: [CMS-concurrent-mark-start]
2021-01-21T22:12:19.239+0800: 43.551: [CMS-concurrent-mark: 0.001/0.001 secs] [Times: user=0.00 sys=0.00, real=0.01 secs] 
2021-01-21T22:12:19.239+0800: 43.551: [CMS-concurrent-preclean-start]
2021-01-21T22:12:19.240+0800: 43.552: [CMS-concurrent-preclean: 0.001/0.001 secs] [Times: user=0.00 sys=0.00, real=0.00 secs] 
2021-01-21T22:12:19.241+0800: 43.553: [CMS-concurrent-abortable-preclean-start]
2021-01-21T22:12:19.241+0800: 43.553: [CMS-concurrent-abortable-preclean: 0.000/0.000 secs] [Times: user=0.00 sys=0.00, real=0.00 secs] 
2021-01-21T22:12:19.241+0800: 43.553: [GC (CMS Final Remark) [YG occupancy: 63940 K (157248 K)]2021-01-21T22:12:19.242+0800: 43.554: [Rescan (parallel) , 0.0007253 secs]2021-01-21T22:12:19.243+0800: 43.555: [weak refs processing, 0.0002971 secs]2021-01-21T22:12:19.243+0800: 43.555: [class unloading, 0.0005851 secs]2021-01-21T22:12:19.244+0800: 43.556: [scrub symbol table, 0.0005411 secs]2021-01-21T22:12:19.245+0800: 43.557: [scrub string table, 0.0005609 secs][1 CMS-remark: 349321K(349568K)] 413261K(506816K), 0.0048513 secs] [Times: user=0.00 sys=0.00, real=0.00 secs] 
2021-01-21T22:12:19.247+0800: 43.559: [CMS-concurrent-sweep-start]
2021-01-21T22:12:19.248+0800: 43.560: [CMS-concurrent-sweep: 0.000/0.000 secs] [Times: user=0.00 sys=0.00, real=0.00 secs] 
2021-01-21T22:12:19.248+0800: 43.560: [CMS-concurrent-reset-start]
2021-01-21T22:12:19.248+0800: 43.560: [CMS-concurrent-reset: 0.000/0.000 secs] [Times: user=0.00 sys=0.00, real=0.01 secs] 
2021-01-21T22:12:19.260+0800: 43.572: [GC (Allocation Failure) 2021-01-21T22:12:19.260+0800: 43.572: [ParNew: 157227K->157227K(157248K), 0.0003248 secs]2021-01-21T22:12:19.261+0800: 43.573: [CMS: 346716K->349493K(349568K), 0.0484615 secs] 503944K->379780K(506816K), [Metaspace: 2816K->2816K(1056768K)], 0.0500014 secs] [Times: user=0.04 sys=0.00, real=0.05 secs] 
2021-01-21T22:12:19.311+0800: 43.623: [GC (CMS Initial Mark) [1 CMS-initial-mark: 349493K(349568K)] 382538K(506816K), 0.0015254 secs] [Times: user=0.00 sys=0.00, real=0.00 secs] 
2021-01-21T22:12:19.313+0800: 43.625: [CMS-concurrent-mark-start]
2021-01-21T22:12:19.315+0800: 43.627: [CMS-concurrent-mark: 0.001/0.001 secs] [Times: user=0.00 sys=0.00, real=0.00 secs] 
2021-01-21T22:12:19.315+0800: 43.627: [CMS-concurrent-preclean-start]
2021-01-21T22:12:19.316+0800: 43.628: [CMS-concurrent-preclean: 0.001/0.001 secs] [Times: user=0.00 sys=0.00, real=0.00 secs] 
2021-01-21T22:12:19.316+0800: 43.628: [CMS-concurrent-abortable-preclean-start]
2021-01-21T22:12:19.316+0800: 43.628: [CMS-concurrent-abortable-preclean: 0.000/0.000 secs] [Times: user=0.00 sys=0.00, real=0.00 secs] 
2021-01-21T22:12:19.317+0800: 43.629: [GC (CMS Final Remark) [YG occupancy: 56811 K (157248 K)]2021-01-21T22:12:19.317+0800: 43.630: [Rescan (parallel) , 0.0012382 secs]2021-01-21T22:12:19.319+0800: 43.631: [weak refs processing, 0.0003583 secs]2021-01-21T22:12:19.320+0800: 43.632: [class unloading, 0.0005252 secs]2021-01-21T22:12:19.321+0800: 43.633: [scrub symbol table, 0.0006883 secs]2021-01-21T22:12:19.322+0800: 43.634: [scrub string table, 0.0005052 secs][1 CMS-remark: 349493K(349568K)] 406305K(506816K), 0.0054919 secs] [Times: user=0.00 sys=0.00, real=0.01 secs] 
2021-01-21T22:12:19.323+0800: 43.635: [CMS-concurrent-sweep-start]
2021-01-21T22:12:19.323+0800: 43.636: [CMS-concurrent-sweep: 0.000/0.000 secs] [Times: user=0.00 sys=0.00, real=0.00 secs] 
2021-01-21T22:12:19.324+0800: 43.636: [CMS-concurrent-reset-start]
2021-01-21T22:12:19.324+0800: 43.636: [CMS-concurrent-reset: 0.000/0.000 secs] [Times: user=0.00 sys=0.00, real=0.00 secs] 
2021-01-21T22:12:19.334+0800: 43.646: [GC (Allocation Failure) 2021-01-21T22:12:19.334+0800: 43.646: [ParNew: 157216K->157216K(157248K), 0.0003464 secs]2021-01-21T22:12:19.335+0800: 43.647: [CMS: 349467K->349452K(349568K), 0.0518325 secs] 506683K->385829K(506816K), [Metaspace: 2816K->2816K(1056768K)], 0.0535001 secs] [Times: user=0.06 sys=0.00, real=0.05 secs] 
2021-01-21T22:12:19.388+0800: 43.700: [GC (CMS Initial Mark) [1 CMS-initial-mark: 349452K(349568K)] 388456K(506816K), 0.0013751 secs] [Times: user=0.00 sys=0.00, real=0.00 secs] 
2021-01-21T22:12:19.390+0800: 43.702: [CMS-concurrent-mark-start]
2021-01-21T22:12:19.392+0800: 43.704: [CMS-concurrent-mark: 0.001/0.001 secs] [Times: user=0.00 sys=0.00, real=0.00 secs] 
2021-01-21T22:12:19.392+0800: 43.704: [CMS-concurrent-preclean-start]
2021-01-21T22:12:19.393+0800: 43.705: [CMS-concurrent-preclean: 0.001/0.001 secs] [Times: user=0.00 sys=0.00, real=0.00 secs] 
2021-01-21T22:12:19.393+0800: 43.705: [CMS-concurrent-abortable-preclean-start]
2021-01-21T22:12:19.393+0800: 43.705: [CMS-concurrent-abortable-preclean: 0.000/0.000 secs] [Times: user=0.00 sys=0.00, real=0.00 secs] 
2021-01-21T22:12:19.394+0800: 43.706: [GC (CMS Final Remark) [YG occupancy: 61526 K (157248 K)]2021-01-21T22:12:19.394+0800: 43.706: [Rescan (parallel) , 0.0015214 secs]2021-01-21T22:12:19.396+0800: 43.708: [weak refs processing, 0.0003295 secs]2021-01-21T22:12:19.397+0800: 43.709: [class unloading, 0.0004444 secs]2021-01-21T22:12:19.398+0800: 43.710: [scrub symbol table, 0.0006319 secs]2021-01-21T22:12:19.399+0800: 43.711: [scrub string table, 0.0004982 secs][1 CMS-remark: 349452K(349568K)] 410979K(506816K), 0.0053064 secs] [Times: user=0.00 sys=0.00, real=0.01 secs] 
2021-01-21T22:12:19.400+0800: 43.712: [CMS-concurrent-sweep-start]
2021-01-21T22:12:19.401+0800: 43.713: [CMS-concurrent-sweep: 0.000/0.000 secs] [Times: user=0.00 sys=0.00, real=0.00 secs] 
2021-01-21T22:12:19.401+0800: 43.713: [CMS-concurrent-reset-start]
2021-01-21T22:12:19.401+0800: 43.713: [CMS-concurrent-reset: 0.000/0.000 secs] [Times: user=0.00 sys=0.00, real=0.00 secs] 
2021-01-21T22:12:19.413+0800: 43.726: [GC (Allocation Failure) 2021-01-21T22:12:19.414+0800: 43.726: [ParNew: 156842K->156842K(157248K), 0.0003431 secs]2021-01-21T22:12:19.415+0800: 43.727: [CMS: 348753K->349413K(349568K), 0.0529540 secs] 505596K->386015K(506816K), [Metaspace: 2816K->2816K(1056768K)], 0.0545539 secs] [Times: user=0.05 sys=0.00, real=0.06 secs] 
2021-01-21T22:12:19.469+0800: 43.781: [GC (CMS Initial Mark) [1 CMS-initial-mark: 349413K(349568K)] 389031K(506816K), 0.0014733 secs] [Times: user=0.00 sys=0.00, real=0.00 secs] 
2021-01-21T22:12:19.472+0800: 43.784: [CMS-concurrent-mark-start]
2021-01-21T22:12:19.473+0800: 43.785: [CMS-concurrent-mark: 0.002/0.002 secs] [Times: user=0.00 sys=0.00, real=0.00 secs] 
2021-01-21T22:12:19.474+0800: 43.786: [CMS-concurrent-preclean-start]
2021-01-21T22:12:19.475+0800: 43.787: [CMS-concurrent-preclean: 0.001/0.001 secs] [Times: user=0.00 sys=0.00, real=0.00 secs] 
2021-01-21T22:12:19.475+0800: 43.787: [CMS-concurrent-abortable-preclean-start]
2021-01-21T22:12:19.475+0800: 43.787: [CMS-concurrent-abortable-preclean: 0.000/0.000 secs] [Times: user=0.00 sys=0.00, real=0.00 secs] 
2021-01-21T22:12:19.476+0800: 43.788: [GC (CMS Final Remark) [YG occupancy: 69267 K (157248 K)]2021-01-21T22:12:19.476+0800: 43.788: [Rescan (parallel) , 0.0014091 secs]2021-01-21T22:12:19.478+0800: 43.790: [weak refs processing, 0.0002516 secs]2021-01-21T22:12:19.479+0800: 43.791: [class unloading, 0.0005677 secs]2021-01-21T22:12:19.480+0800: 43.792: [scrub symbol table, 0.0005577 secs]2021-01-21T22:12:19.480+0800: 43.792: [scrub string table, 0.0004956 secs][1 CMS-remark: 349413K(349568K)] 418680K(506816K), 0.0053845 secs] [Times: user=0.01 sys=0.00, real=0.01 secs] 
2021-01-21T22:12:19.482+0800: 43.794: [CMS-concurrent-sweep-start]
2021-01-21T22:12:19.482+0800: 43.794: [CMS-concurrent-sweep: 0.000/0.000 secs] [Times: user=0.00 sys=0.00, real=0.00 secs] 
2021-01-21T22:12:19.483+0800: 43.795: [CMS-concurrent-reset-start]
2021-01-21T22:12:19.483+0800: 43.795: [CMS-concurrent-reset: 0.000/0.000 secs] [Times: user=0.00 sys=0.00, real=0.00 secs] 
2021-01-21T22:12:19.493+0800: 43.805: [GC (Allocation Failure) 2021-01-21T22:12:19.493+0800: 43.805: [ParNew: 157159K->157159K(157248K), 0.0003674 secs]2021-01-21T22:12:19.494+0800: 43.806: [CMS: 348544K->349388K(349568K), 0.0502415 secs] 505704K->386249K(506816K), [Metaspace: 2816K->2816K(1056768K)], 0.0518676 secs] [Times: user=0.05 sys=0.00, real=0.05 secs] 
2021-01-21T22:12:19.545+0800: 43.857: [GC (CMS Initial Mark) [1 CMS-initial-mark: 349388K(349568K)] 388991K(506816K), 0.0007832 secs] [Times: user=0.00 sys=0.00, real=0.00 secs] 
2021-01-21T22:12:19.547+0800: 43.859: [CMS-concurrent-mark-start]
2021-01-21T22:12:19.548+0800: 43.860: [CMS-concurrent-mark: 0.001/0.001 secs] [Times: user=0.00 sys=0.00, real=0.00 secs] 
2021-01-21T22:12:19.548+0800: 43.860: [CMS-concurrent-preclean-start]
2021-01-21T22:12:19.549+0800: 43.861: [CMS-concurrent-preclean: 0.001/0.001 secs] [Times: user=0.00 sys=0.00, real=0.00 secs] 
2021-01-21T22:12:19.549+0800: 43.861: [CMS-concurrent-abortable-preclean-start]
2021-01-21T22:12:19.549+0800: 43.861: [CMS-concurrent-abortable-preclean: 0.000/0.000 secs] [Times: user=0.00 sys=0.00, real=0.00 secs] 
2021-01-21T22:12:19.550+0800: 43.862: [GC (CMS Final Remark) [YG occupancy: 57277 K (157248 K)]2021-01-21T22:12:19.550+0800: 43.862: [Rescan (parallel) , 0.0009092 secs]2021-01-21T22:12:19.551+0800: 43.863: [weak refs processing, 0.0001649 secs]2021-01-21T22:12:19.551+0800: 43.863: [class unloading, 0.0003642 secs]2021-01-21T22:12:19.552+0800: 43.864: [scrub symbol table, 0.0004408 secs]2021-01-21T22:12:19.553+0800: 43.865: [scrub string table, 0.0004156 secs][1 CMS-remark: 349388K(349568K)] 406665K(506816K), 0.0036001 secs] [Times: user=0.00 sys=0.00, real=0.00 secs] 
2021-01-21T22:12:19.554+0800: 43.866: [CMS-concurrent-sweep-start]
2021-01-21T22:12:19.554+0800: 43.866: [CMS-concurrent-sweep: 0.000/0.000 secs] [Times: user=0.00 sys=0.00, real=0.00 secs] 
2021-01-21T22:12:19.554+0800: 43.866: [CMS-concurrent-reset-start]
2021-01-21T22:12:19.555+0800: 43.867: [CMS-concurrent-reset: 0.000/0.000 secs] [Times: user=0.00 sys=0.00, real=0.00 secs] 
2021-01-21T22:12:19.566+0800: 43.878: [GC (Allocation Failure) 2021-01-21T22:12:19.566+0800: 43.878: [ParNew: 156919K->156919K(157248K), 0.0003128 secs]2021-01-21T22:12:19.567+0800: 43.879: [CMS: 348918K->349482K(349568K), 0.0493141 secs] 505838K->386665K(506816K), [Metaspace: 2816K->2816K(1056768K)], 0.0508753 secs] [Times: user=0.05 sys=0.00, real=0.05 secs] 
2021-01-21T22:12:19.618+0800: 43.930: [GC (CMS Initial Mark) [1 CMS-initial-mark: 349482K(349568K)] 389566K(506816K), 0.0014389 secs] [Times: user=0.00 sys=0.00, real=0.01 secs] 
2021-01-21T22:12:19.620+0800: 43.932: [CMS-concurrent-mark-start]
2021-01-21T22:12:19.622+0800: 43.934: [CMS-concurrent-mark: 0.002/0.002 secs] [Times: user=0.01 sys=0.00, real=0.00 secs] 
2021-01-21T22:12:19.622+0800: 43.934: [CMS-concurrent-preclean-start]
2021-01-21T22:12:19.623+0800: 43.935: [CMS-concurrent-preclean: 0.001/0.001 secs] [Times: user=0.00 sys=0.00, real=0.00 secs] 
2021-01-21T22:12:19.624+0800: 43.936: [CMS-concurrent-abortable-preclean-start]
2021-01-21T22:12:19.624+0800: 43.936: [CMS-concurrent-abortable-preclean: 0.000/0.000 secs] [Times: user=0.00 sys=0.00, real=0.00 secs] 
2021-01-21T22:12:19.624+0800: 43.936: [GC (CMS Final Remark) [YG occupancy: 65307 K (157248 K)]2021-01-21T22:12:19.625+0800: 43.937: [Rescan (parallel) , 0.0007396 secs]2021-01-21T22:12:19.626+0800: 43.938: [weak refs processing, 0.0004175 secs]2021-01-21T22:12:19.627+0800: 43.939: [class unloading, 0.0004620 secs]2021-01-21T22:12:19.627+0800: 43.940: [scrub symbol table, 0.0007646 secs]2021-01-21T22:12:19.629+0800: 43.941: [scrub string table, 0.0008159 secs][1 CMS-remark: 349482K(349568K)] 414790K(506816K), 0.0053234 secs] [Times: user=0.01 sys=0.00, real=0.01 secs] 
2021-01-21T22:12:19.630+0800: 43.942: [CMS-concurrent-sweep-start]
2021-01-21T22:12:19.631+0800: 43.943: [CMS-concurrent-sweep: 0.000/0.000 secs] [Times: user=0.00 sys=0.00, real=0.00 secs] 
2021-01-21T22:12:19.631+0800: 43.943: [CMS-concurrent-reset-start]
2021-01-21T22:12:19.631+0800: 43.943: [CMS-concurrent-reset: 0.000/0.000 secs] [Times: user=0.00 sys=0.00, real=0.00 secs] 
2021-01-21T22:12:19.642+0800: 43.954: [GC (Allocation Failure) 2021-01-21T22:12:19.642+0800: 43.954: [ParNew: 156637K->156637K(157248K), 0.0003454 secs]2021-01-21T22:12:19.643+0800: 43.955: [CMS: 348188K->349268K(349568K), 0.0565973 secs] 504826K->386424K(506816K), [Metaspace: 2816K->2816K(1056768K)], 0.0583170 secs] [Times: user=0.06 sys=0.00, real=0.06 secs] 
2021-01-21T22:12:19.701+0800: 44.013: [GC (CMS Initial Mark) [1 CMS-initial-mark: 349268K(349568K)] 389604K(506816K), 0.0014427 secs] [Times: user=0.00 sys=0.00, real=0.00 secs] 
2021-01-21T22:12:19.703+0800: 44.015: [CMS-concurrent-mark-start]
2021-01-21T22:12:19.705+0800: 44.017: [CMS-concurrent-mark: 0.001/0.001 secs] [Times: user=0.00 sys=0.00, real=0.00 secs] 
2021-01-21T22:12:19.705+0800: 44.017: [CMS-concurrent-preclean-start]
2021-01-21T22:12:19.706+0800: 44.018: [CMS-concurrent-preclean: 0.001/0.001 secs] [Times: user=0.00 sys=0.00, real=0.00 secs] 
2021-01-21T22:12:19.707+0800: 44.019: [CMS-concurrent-abortable-preclean-start]
2021-01-21T22:12:19.707+0800: 44.019: [CMS-concurrent-abortable-preclean: 0.000/0.000 secs] [Times: user=0.00 sys=0.00, real=0.00 secs] 
2021-01-21T22:12:19.708+0800: 44.020: [GC (CMS Final Remark) [YG occupancy: 70500 K (157248 K)]2021-01-21T22:12:19.708+0800: 44.020: [Rescan (parallel) , 0.0012935 secs]2021-01-21T22:12:19.710+0800: 44.022: [weak refs processing, 0.0003198 secs]2021-01-21T22:12:19.710+0800: 44.022: [class unloading, 0.0004272 secs]2021-01-21T22:12:19.711+0800: 44.023: [scrub symbol table, 0.0007278 secs]2021-01-21T22:12:19.712+0800: 44.024: [scrub string table, 0.0003327 secs][1 CMS-remark: 349268K(349568K)] 419768K(506816K), 0.0047770 secs] [Times: user=0.00 sys=0.00, real=0.01 secs] 
2021-01-21T22:12:19.713+0800: 44.025: [CMS-concurrent-sweep-start]
2021-01-21T22:12:19.713+0800: 44.025: [CMS-concurrent-sweep: 0.000/0.000 secs] [Times: user=0.00 sys=0.00, real=0.00 secs] 
2021-01-21T22:12:19.714+0800: 44.026: [CMS-concurrent-reset-start]
2021-01-21T22:12:19.714+0800: 44.026: [CMS-concurrent-reset: 0.000/0.000 secs] [Times: user=0.00 sys=0.00, real=0.00 secs] 
2021-01-21T22:12:19.726+0800: 44.038: [GC (Allocation Failure) 2021-01-21T22:12:19.726+0800: 44.038: [ParNew: 157197K->157197K(157248K), 0.0002713 secs]2021-01-21T22:12:19.727+0800: 44.039: [CMS: 347391K->348985K(349568K), 0.0514114 secs] 504588K->381481K(506816K), [Metaspace: 2816K->2816K(1056768K)], 0.0528177 secs] [Times: user=0.05 sys=0.00, real=0.06 secs] 
2021-01-21T22:12:19.780+0800: 44.092: [GC (CMS Initial Mark) [1 CMS-initial-mark: 348985K(349568K)] 384193K(506816K), 0.0015709 secs] [Times: user=0.00 sys=0.00, real=0.00 secs] 
2021-01-21T22:12:19.782+0800: 44.094: [CMS-concurrent-mark-start]
2021-01-21T22:12:19.783+0800: 44.095: [CMS-concurrent-mark: 0.001/0.001 secs] [Times: user=0.00 sys=0.00, real=0.00 secs] 
2021-01-21T22:12:19.784+0800: 44.096: [CMS-concurrent-preclean-start]
2021-01-21T22:12:19.785+0800: 44.097: [CMS-concurrent-preclean: 0.001/0.001 secs] [Times: user=0.01 sys=0.00, real=0.00 secs] 
2021-01-21T22:12:19.785+0800: 44.097: [CMS-concurrent-abortable-preclean-start]
2021-01-21T22:12:19.785+0800: 44.097: [CMS-concurrent-abortable-preclean: 0.000/0.000 secs] [Times: user=0.00 sys=0.00, real=0.00 secs] 
2021-01-21T22:12:19.786+0800: 44.098: [GC (CMS Final Remark) [YG occupancy: 64853 K (157248 K)]2021-01-21T22:12:19.786+0800: 44.098: [Rescan (parallel) , 0.0015521 secs]2021-01-21T22:12:19.788+0800: 44.100: [weak refs processing, 0.0003266 secs]2021-01-21T22:12:19.789+0800: 44.101: [class unloading, 0.0004614 secs]2021-01-21T22:12:19.789+0800: 44.101: [scrub symbol table, 0.0005785 secs]2021-01-21T22:12:19.790+0800: 44.102: [scrub string table, 0.0004483 secs][1 CMS-remark: 348985K(349568K)] 413838K(506816K), 0.0053628 secs] [Times: user=0.00 sys=0.00, real=0.01 secs] 
2021-01-21T22:12:19.792+0800: 44.104: [CMS-concurrent-sweep-start]
2021-01-21T22:12:19.792+0800: 44.104: [CMS-concurrent-sweep: 0.000/0.000 secs] [Times: user=0.00 sys=0.00, real=0.00 secs] 
2021-01-21T22:12:19.792+0800: 44.105: [CMS-concurrent-reset-start]
2021-01-21T22:12:19.793+0800: 44.105: [CMS-concurrent-reset: 0.000/0.000 secs] [Times: user=0.00 sys=0.00, real=0.00 secs] 
2021-01-21T22:12:19.804+0800: 44.116: [GC (Allocation Failure) 2021-01-21T22:12:19.804+0800: 44.116: [ParNew: 157104K->157104K(157248K), 0.0003675 secs]2021-01-21T22:12:19.805+0800: 44.117: [CMS: 347892K->349323K(349568K), 0.0516262 secs] 504996K->378108K(506816K), [Metaspace: 2816K->2816K(1056768K)], 0.0533304 secs] [Times: user=0.05 sys=0.00, real=0.05 secs] 
2021-01-21T22:12:19.858+0800: 44.170: [GC (CMS Initial Mark) [1 CMS-initial-mark: 349323K(349568K)] 380966K(506816K), 0.0014259 secs] [Times: user=0.00 sys=0.00, real=0.00 secs] 
2021-01-21T22:12:19.861+0800: 44.173: [CMS-concurrent-mark-start]
2021-01-21T22:12:19.862+0800: 44.174: [CMS-concurrent-mark: 0.001/0.001 secs] [Times: user=0.00 sys=0.00, real=0.00 secs] 
2021-01-21T22:12:19.863+0800: 44.175: [CMS-concurrent-preclean-start]
2021-01-21T22:12:19.864+0800: 44.176: [CMS-concurrent-preclean: 0.001/0.001 secs] [Times: user=0.01 sys=0.00, real=0.00 secs] 
2021-01-21T22:12:19.864+0800: 44.176: [CMS-concurrent-abortable-preclean-start]
2021-01-21T22:12:19.864+0800: 44.176: [CMS-concurrent-abortable-preclean: 0.000/0.000 secs] [Times: user=0.00 sys=0.00, real=0.00 secs] 
2021-01-21T22:12:19.865+0800: 44.177: [GC (CMS Final Remark) [YG occupancy: 58846 K (157248 K)]2021-01-21T22:12:19.865+0800: 44.177: [Rescan (parallel) , 0.0019755 secs]2021-01-21T22:12:19.868+0800: 44.180: [weak refs processing, 0.0004272 secs]2021-01-21T22:12:19.868+0800: 44.180: [class unloading, 0.0008362 secs]2021-01-21T22:12:19.870+0800: 44.182: [scrub symbol table, 0.0007135 secs]2021-01-21T22:12:19.871+0800: 44.183: [scrub string table, 0.0004477 secs][1 CMS-remark: 349323K(349568K)] 408170K(506816K), 0.0066690 secs] [Times: user=0.01 sys=0.00, real=0.01 secs] 
2021-01-21T22:12:19.872+0800: 44.184: [CMS-concurrent-sweep-start]
2021-01-21T22:12:19.873+0800: 44.185: [CMS-concurrent-sweep: 0.000/0.000 secs] [Times: user=0.00 sys=0.00, real=0.00 secs] 
2021-01-21T22:12:19.873+0800: 44.185: [CMS-concurrent-reset-start]
2021-01-21T22:12:19.873+0800: 44.185: [CMS-concurrent-reset: 0.000/0.000 secs] [Times: user=0.00 sys=0.00, real=0.00 secs] 
2021-01-21T22:12:19.886+0800: 44.198: [GC (Allocation Failure) 2021-01-21T22:12:19.886+0800: 44.198: [ParNew: 157092K->157092K(157248K), 0.0003556 secs]2021-01-21T22:12:19.887+0800: 44.199: [CMS: 347826K->349526K(349568K), 0.0485596 secs] 504919K->369009K(506816K), [Metaspace: 2816K->2816K(1056768K)], 0.0502741 secs] [Times: user=0.05 sys=0.00, real=0.05 secs] 
2021-01-21T22:12:19.937+0800: 44.249: [GC (CMS Initial Mark) [1 CMS-initial-mark: 349526K(349568K)] 371773K(506816K), 0.0014260 secs] [Times: user=0.00 sys=0.00, real=0.01 secs] 
2021-01-21T22:12:19.939+0800: 44.251: [CMS-concurrent-mark-start]
2021-01-21T22:12:19.941+0800: 44.253: [CMS-concurrent-mark: 0.002/0.002 secs] [Times: user=0.01 sys=0.00, real=0.00 secs] 
2021-01-21T22:12:19.942+0800: 44.254: [CMS-concurrent-preclean-start]
2021-01-21T22:12:19.942+0800: 44.254: [CMS-concurrent-preclean: 0.001/0.001 secs] [Times: user=0.00 sys=0.00, real=0.00 secs] 
2021-01-21T22:12:19.943+0800: 44.255: [CMS-concurrent-abortable-preclean-start]
2021-01-21T22:12:19.943+0800: 44.255: [CMS-concurrent-abortable-preclean: 0.000/0.000 secs] [Times: user=0.00 sys=0.00, real=0.00 secs] 
2021-01-21T22:12:19.943+0800: 44.256: [GC (CMS Final Remark) [YG occupancy: 50629 K (157248 K)]2021-01-21T22:12:19.944+0800: 44.256: [Rescan (parallel) , 0.0008167 secs]2021-01-21T22:12:19.945+0800: 44.257: [weak refs processing, 0.0003382 secs]2021-01-21T22:12:19.946+0800: 44.258: [class unloading, 0.0004795 secs]2021-01-21T22:12:19.946+0800: 44.258: [scrub symbol table, 0.0005855 secs]2021-01-21T22:12:19.947+0800: 44.259: [scrub string table, 0.0004623 secs][1 CMS-remark: 349526K(349568K)] 400155K(506816K), 0.0046172 secs] [Times: user=0.01 sys=0.00, real=0.01 secs] 
2021-01-21T22:12:19.949+0800: 44.261: [CMS-concurrent-sweep-start]
2021-01-21T22:12:19.949+0800: 44.261: [CMS-concurrent-sweep: 0.000/0.000 secs] [Times: user=0.00 sys=0.00, real=0.00 secs] 
2021-01-21T22:12:19.950+0800: 44.262: [CMS-concurrent-reset-start]
2021-01-21T22:12:19.950+0800: 44.262: [CMS-concurrent-reset: 0.000/0.000 secs] [Times: user=0.00 sys=0.00, real=0.00 secs] 
2021-01-21T22:12:19.963+0800: 44.275: [GC (Allocation Failure) 2021-01-21T22:12:19.964+0800: 44.276: [ParNew: 157196K->157196K(157248K), 0.0003412 secs]2021-01-21T22:12:19.964+0800: 44.276: [CMS: 349037K->349533K(349568K), 0.0465070 secs] 506233K->369584K(506816K), [Metaspace: 2816K->2816K(1056768K)], 0.0482864 secs] [Times: user=0.05 sys=0.00, real=0.05 secs] 
2021-01-21T22:12:20.013+0800: 44.325: [GC (CMS Initial Mark) [1 CMS-initial-mark: 349533K(349568K)] 372244K(506816K), 0.0018534 secs] [Times: user=0.00 sys=0.00, real=0.00 secs] 
2021-01-21T22:12:20.015+0800: 44.327: [CMS-concurrent-mark-start]
2021-01-21T22:12:20.017+0800: 44.329: [CMS-concurrent-mark: 0.001/0.001 secs] [Times: user=0.00 sys=0.00, real=0.00 secs] 
2021-01-21T22:12:20.017+0800: 44.329: [CMS-concurrent-preclean-start]
2021-01-21T22:12:20.018+0800: 44.330: [CMS-concurrent-preclean: 0.001/0.001 secs] [Times: user=0.00 sys=0.00, real=0.00 secs] 
2021-01-21T22:12:20.019+0800: 44.331: [CMS-concurrent-abortable-preclean-start]
2021-01-21T22:12:20.019+0800: 44.331: [CMS-concurrent-abortable-preclean: 0.000/0.000 secs] [Times: user=0.00 sys=0.00, real=0.00 secs] 
2021-01-21T22:12:20.019+0800: 44.331: [GC (CMS Final Remark) [YG occupancy: 47267 K (157248 K)]2021-01-21T22:12:20.020+0800: 44.332: [Rescan (parallel) , 0.0009519 secs]2021-01-21T22:12:20.021+0800: 44.333: [weak refs processing, 0.0003828 secs]2021-01-21T22:12:20.022+0800: 44.334: [class unloading, 0.0004642 secs]2021-01-21T22:12:20.023+0800: 44.335: [scrub symbol table, 0.0005816 secs]2021-01-21T22:12:20.024+0800: 44.336: [scrub string table, 0.0004140 secs][1 CMS-remark: 349533K(349568K)] 396801K(506816K), 0.0050190 secs] [Times: user=0.00 sys=0.00, real=0.00 secs] 
2021-01-21T22:12:20.025+0800: 44.337: [CMS-concurrent-sweep-start]
2021-01-21T22:12:20.025+0800: 44.337: [CMS-concurrent-sweep: 0.000/0.000 secs] [Times: user=0.00 sys=0.00, real=0.00 secs] 
2021-01-21T22:12:20.026+0800: 44.338: [CMS-concurrent-reset-start]
2021-01-21T22:12:20.026+0800: 44.338: [CMS-concurrent-reset: 0.000/0.000 secs] [Times: user=0.00 sys=0.00, real=0.00 secs] 
2021-01-21T22:12:20.039+0800: 44.351: [GC (Allocation Failure) 2021-01-21T22:12:20.040+0800: 44.352: [ParNew: 157191K->157191K(157248K), 0.0003452 secs]2021-01-21T22:12:20.040+0800: 44.352: [CMS: 348532K->349316K(349568K), 0.0494075 secs] 505723K->371490K(506816K), [Metaspace: 2816K->2816K(1056768K)], 0.0510443 secs] [Times: user=0.05 sys=0.00, real=0.05 secs] 
2021-01-21T22:12:20.091+0800: 44.403: [GC (CMS Initial Mark) [1 CMS-initial-mark: 349316K(349568K)] 374547K(506816K), 0.0012595 secs] [Times: user=0.00 sys=0.00, real=0.00 secs] 
2021-01-21T22:12:20.093+0800: 44.405: [CMS-concurrent-mark-start]
2021-01-21T22:12:20.095+0800: 44.407: [CMS-concurrent-mark: 0.001/0.001 secs] [Times: user=0.00 sys=0.00, real=0.00 secs] 
2021-01-21T22:12:20.095+0800: 44.407: [CMS-concurrent-preclean-start]
2021-01-21T22:12:20.096+0800: 44.408: [CMS-concurrent-preclean: 0.001/0.001 secs] [Times: user=0.01 sys=0.00, real=0.00 secs] 
2021-01-21T22:12:20.097+0800: 44.409: [CMS-concurrent-abortable-preclean-start]
2021-01-21T22:12:20.097+0800: 44.409: [CMS-concurrent-abortable-preclean: 0.000/0.000 secs] [Times: user=0.00 sys=0.00, real=0.00 secs] 
2021-01-21T22:12:20.097+0800: 44.409: [GC (CMS Final Remark) [YG occupancy: 46435 K (157248 K)]2021-01-21T22:12:20.098+0800: 44.410: [Rescan (parallel) , 0.0011265 secs]2021-01-21T22:12:20.099+0800: 44.411: [weak refs processing, 0.0003198 secs]2021-01-21T22:12:20.100+0800: 44.412: [class unloading, 0.0004410 secs]2021-01-21T22:12:20.100+0800: 44.412: [scrub symbol table, 0.0005096 secs]2021-01-21T22:12:20.101+0800: 44.413: [scrub string table, 0.0003728 secs][1 CMS-remark: 349316K(349568K)] 395751K(506816K), 0.0042828 secs] [Times: user=0.00 sys=0.00, real=0.01 secs] 
2021-01-21T22:12:20.102+0800: 44.414: [CMS-concurrent-sweep-start]
2021-01-21T22:12:20.103+0800: 44.415: [CMS-concurrent-sweep: 0.000/0.000 secs] [Times: user=0.00 sys=0.00, real=0.00 secs] 
2021-01-21T22:12:20.103+0800: 44.415: [CMS-concurrent-reset-start]
2021-01-21T22:12:20.103+0800: 44.415: [CMS-concurrent-reset: 0.000/0.000 secs] [Times: user=0.00 sys=0.00, real=0.00 secs] 
2021-01-21T22:12:20.117+0800: 44.429: [GC (Allocation Failure) 2021-01-21T22:12:20.117+0800: 44.429: [ParNew: 156717K->156717K(157248K), 0.0003280 secs]2021-01-21T22:12:20.118+0800: 44.430: [CMS: 349095K->349474K(349568K), 0.0479628 secs] 505812K->365229K(506816K), [Metaspace: 2816K->2816K(1056768K)], 0.0495589 secs] [Times: user=0.05 sys=0.00, real=0.05 secs] 
2021-01-21T22:12:20.167+0800: 44.479: [GC (CMS Initial Mark) [1 CMS-initial-mark: 349474K(349568K)] 368857K(506816K), 0.0014345 secs] [Times: user=0.00 sys=0.00, real=0.01 secs] 
2021-01-21T22:12:20.170+0800: 44.482: [CMS-concurrent-mark-start]
2021-01-21T22:12:20.171+0800: 44.483: [CMS-concurrent-mark: 0.001/0.001 secs] [Times: user=0.00 sys=0.00, real=0.00 secs] 
2021-01-21T22:12:20.172+0800: 44.484: [CMS-concurrent-preclean-start]
2021-01-21T22:12:20.173+0800: 44.485: [CMS-concurrent-preclean: 0.001/0.001 secs] [Times: user=0.00 sys=0.00, real=0.00 secs] 
2021-01-21T22:12:20.173+0800: 44.485: [CMS-concurrent-abortable-preclean-start]
2021-01-21T22:12:20.173+0800: 44.485: [CMS-concurrent-abortable-preclean: 0.000/0.000 secs] [Times: user=0.00 sys=0.00, real=0.00 secs] 
2021-01-21T22:12:20.174+0800: 44.486: [GC (CMS Final Remark) [YG occupancy: 44727 K (157248 K)]2021-01-21T22:12:20.174+0800: 44.486: [Rescan (parallel) , 0.0014606 secs]2021-01-21T22:12:20.176+0800: 44.488: [weak refs processing, 0.0003501 secs]2021-01-21T22:12:20.177+0800: 44.489: [class unloading, 0.0005573 secs]2021-01-21T22:12:20.177+0800: 44.489: [scrub symbol table, 0.0005736 secs]2021-01-21T22:12:20.178+0800: 44.490: [scrub string table, 0.0005471 secs][1 CMS-remark: 349474K(349568K)] 394201K(506816K), 0.0056211 secs] [Times: user=0.00 sys=0.00, real=0.01 secs] 
2021-01-21T22:12:20.180+0800: 44.492: [CMS-concurrent-sweep-start]
2021-01-21T22:12:20.180+0800: 44.492: [CMS-concurrent-sweep: 0.000/0.000 secs] [Times: user=0.00 sys=0.00, real=0.00 secs] 
2021-01-21T22:12:20.181+0800: 44.493: [CMS-concurrent-reset-start]
2021-01-21T22:12:20.181+0800: 44.493: [CMS-concurrent-reset: 0.000/0.000 secs] [Times: user=0.00 sys=0.00, real=0.00 secs] 
2021-01-21T22:12:20.193+0800: 44.505: [GC (Allocation Failure) 2021-01-21T22:12:20.194+0800: 44.506: [ParNew: 156839K->156839K(157248K), 0.0002820 secs]2021-01-21T22:12:20.194+0800: 44.506: [CMS: 347111K->349551K(349568K), 0.0458404 secs] 503950K->358370K(506816K), [Metaspace: 2816K->2816K(1056768K)], 0.0473312 secs] [Times: user=0.04 sys=0.00, real=0.05 secs] 
2021-01-21T22:12:20.242+0800: 44.554: [GC (CMS Initial Mark) [1 CMS-initial-mark: 349551K(349568K)] 361746K(506816K), 0.0014836 secs] [Times: user=0.01 sys=0.00, real=0.00 secs] 
2021-01-21T22:12:20.244+0800: 44.556: [CMS-concurrent-mark-start]
2021-01-21T22:12:20.245+0800: 44.557: [CMS-concurrent-mark: 0.001/0.001 secs] [Times: user=0.00 sys=0.00, real=0.00 secs] 
2021-01-21T22:12:20.246+0800: 44.558: [CMS-concurrent-preclean-start]
2021-01-21T22:12:20.247+0800: 44.559: [CMS-concurrent-preclean: 0.001/0.002 secs] [Times: user=0.00 sys=0.00, real=0.00 secs] 
2021-01-21T22:12:20.248+0800: 44.560: [CMS-concurrent-abortable-preclean-start]
2021-01-21T22:12:20.248+0800: 44.560: [CMS-concurrent-abortable-preclean: 0.000/0.000 secs] [Times: user=0.00 sys=0.00, real=0.00 secs] 
2021-01-21T22:12:20.248+0800: 44.560: [GC (CMS Final Remark) [YG occupancy: 34955 K (157248 K)]2021-01-21T22:12:20.249+0800: 44.561: [Rescan (parallel) , 0.0006082 secs]2021-01-21T22:12:20.250+0800: 44.562: [weak refs processing, 0.0002750 secs]2021-01-21T22:12:20.250+0800: 44.562: [class unloading, 0.0004190 secs]2021-01-21T22:12:20.251+0800: 44.563: [scrub symbol table, 0.0005322 secs]2021-01-21T22:12:20.252+0800: 44.564: [scrub string table, 0.0003837 secs][1 CMS-remark: 349551K(349568K)] 384507K(506816K), 0.0039327 secs] [Times: user=0.00 sys=0.00, real=0.00 secs] 
2021-01-21T22:12:20.253+0800: 44.565: [CMS-concurrent-sweep-start]
2021-01-21T22:12:20.253+0800: 44.565: [CMS-concurrent-sweep: 0.000/0.000 secs] [Times: user=0.00 sys=0.00, real=0.00 secs] 
2021-01-21T22:12:20.254+0800: 44.566: [CMS-concurrent-reset-start]
2021-01-21T22:12:20.254+0800: 44.566: [CMS-concurrent-reset: 0.000/0.000 secs] [Times: user=0.00 sys=0.00, real=0.00 secs] 
2021-01-21T22:12:20.266+0800: 44.578: [GC (Allocation Failure) 2021-01-21T22:12:20.267+0800: 44.579: [ParNew: 157072K->157072K(157248K), 0.0003548 secs]2021-01-21T22:12:20.267+0800: 44.579: [CMS: 349251K->349554K(349568K), 0.0481364 secs] 506323K->369133K(506816K), [Metaspace: 2816K->2816K(1056768K)], 0.0497335 secs] [Times: user=0.04 sys=0.01, real=0.05 secs] 
2021-01-21T22:12:20.317+0800: 44.629: [GC (CMS Initial Mark) [1 CMS-initial-mark: 349554K(349568K)] 372054K(506816K), 0.0012219 secs] [Times: user=0.00 sys=0.00, real=0.01 secs] 
2021-01-21T22:12:20.319+0800: 44.631: [CMS-concurrent-mark-start]
2021-01-21T22:12:20.320+0800: 44.632: [CMS-concurrent-mark: 0.002/0.002 secs] [Times: user=0.00 sys=0.00, real=0.00 secs] 
2021-01-21T22:12:20.321+0800: 44.633: [CMS-concurrent-preclean-start]
2021-01-21T22:12:20.322+0800: 44.634: [CMS-concurrent-preclean: 0.001/0.001 secs] [Times: user=0.00 sys=0.00, real=0.00 secs] 
2021-01-21T22:12:20.322+0800: 44.634: [CMS-concurrent-abortable-preclean-start]
2021-01-21T22:12:20.322+0800: 44.634: [CMS-concurrent-abortable-preclean: 0.000/0.000 secs] [Times: user=0.00 sys=0.00, real=0.00 secs] 
2021-01-21T22:12:20.322+0800: 44.635: [GC (CMS Final Remark) [YG occupancy: 49571 K (157248 K)]2021-01-21T22:12:20.323+0800: 44.635: [Rescan (parallel) , 0.0010757 secs]2021-01-21T22:12:20.324+0800: 44.636: [weak refs processing, 0.0002728 secs]2021-01-21T22:12:20.325+0800: 44.637: [class unloading, 0.0004109 secs]2021-01-21T22:12:20.325+0800: 44.637: [scrub symbol table, 0.0005001 secs]2021-01-21T22:12:20.326+0800: 44.638: [scrub string table, 0.0003352 secs][1 CMS-remark: 349554K(349568K)] 399126K(506816K), 0.0040614 secs] [Times: user=0.00 sys=0.00, real=0.00 secs] 
2021-01-21T22:12:20.327+0800: 44.639: [CMS-concurrent-sweep-start]
2021-01-21T22:12:20.327+0800: 44.639: [CMS-concurrent-sweep: 0.000/0.000 secs] [Times: user=0.00 sys=0.00, real=0.00 secs] 
2021-01-21T22:12:20.328+0800: 44.640: [CMS-concurrent-reset-start]
2021-01-21T22:12:20.328+0800: 44.640: [CMS-concurrent-reset: 0.000/0.000 secs] [Times: user=0.00 sys=0.00, real=0.00 secs] 
2021-01-21T22:12:20.341+0800: 44.653: [GC (Allocation Failure) 2021-01-21T22:12:20.341+0800: 44.653: [ParNew: 157157K->157157K(157248K), 0.0003649 secs]2021-01-21T22:12:20.342+0800: 44.654: [CMS: 349061K->349482K(349568K), 0.0472693 secs] 506218K->362931K(506816K), [Metaspace: 2816K->2816K(1056768K)], 0.0490473 secs] [Times: user=0.05 sys=0.00, real=0.05 secs] 
2021-01-21T22:12:20.391+0800: 44.703: [GC (CMS Initial Mark) [1 CMS-initial-mark: 349482K(349568K)] 365787K(506816K), 0.0013947 secs] [Times: user=0.00 sys=0.00, real=0.00 secs] 
2021-01-21T22:12:20.393+0800: 44.705: [CMS-concurrent-mark-start]
2021-01-21T22:12:20.394+0800: 44.706: [CMS-concurrent-mark: 0.001/0.001 secs] [Times: user=0.00 sys=0.00, real=0.00 secs] 
2021-01-21T22:12:20.395+0800: 44.707: [CMS-concurrent-preclean-start]
2021-01-21T22:12:20.397+0800: 44.709: [CMS-concurrent-preclean: 0.002/0.002 secs] [Times: user=0.00 sys=0.00, real=0.00 secs] 
2021-01-21T22:12:20.397+0800: 44.709: [CMS-concurrent-abortable-preclean-start]
2021-01-21T22:12:20.397+0800: 44.709: [CMS-concurrent-abortable-preclean: 0.000/0.000 secs] [Times: user=0.00 sys=0.00, real=0.00 secs] 
2021-01-21T22:12:20.398+0800: 44.710: [GC (CMS Final Remark) [YG occupancy: 44759 K (157248 K)]2021-01-21T22:12:20.398+0800: 44.710: [Rescan (parallel) , 0.0009829 secs]2021-01-21T22:12:20.399+0800: 44.711: [weak refs processing, 0.0003070 secs]2021-01-21T22:12:20.400+0800: 44.712: [class unloading, 0.0004544 secs]2021-01-21T22:12:20.400+0800: 44.713: [scrub symbol table, 0.0005629 secs]2021-01-21T22:12:20.401+0800: 44.713: [scrub string table, 0.0003689 secs][1 CMS-remark: 349482K(349568K)] 394242K(506816K), 0.0042904 secs] [Times: user=0.00 sys=0.00, real=0.01 secs] 
2021-01-21T22:12:20.403+0800: 44.715: [CMS-concurrent-sweep-start]
2021-01-21T22:12:20.403+0800: 44.715: [CMS-concurrent-sweep: 0.000/0.000 secs] [Times: user=0.00 sys=0.00, real=0.00 secs] 
2021-01-21T22:12:20.403+0800: 44.715: [CMS-concurrent-reset-start]
2021-01-21T22:12:20.404+0800: 44.716: [CMS-concurrent-reset: 0.000/0.000 secs] [Times: user=0.00 sys=0.00, real=0.00 secs] 
2021-01-21T22:12:20.416+0800: 44.728: [GC (Allocation Failure) 2021-01-21T22:12:20.416+0800: 44.728: [ParNew: 156963K->156963K(157248K), 0.0003636 secs]2021-01-21T22:12:20.417+0800: 44.729: [CMS: 348051K->349557K(349568K), 0.0471498 secs] 505015K->362805K(506816K), [Metaspace: 2816K->2816K(1056768K)], 0.0487252 secs] [Times: user=0.05 sys=0.00, real=0.05 secs] 
2021-01-21T22:12:20.465+0800: 44.777: [GC (CMS Initial Mark) [1 CMS-initial-mark: 349557K(349568K)] 366589K(506816K), 0.0013390 secs] [Times: user=0.00 sys=0.00, real=0.00 secs] 
2021-01-21T22:12:20.467+0800: 44.779: [CMS-concurrent-mark-start]
2021-01-21T22:12:20.469+0800: 44.781: [CMS-concurrent-mark: 0.001/0.001 secs] [Times: user=0.01 sys=0.00, real=0.01 secs] 
2021-01-21T22:12:20.469+0800: 44.781: [CMS-concurrent-preclean-start]
2021-01-21T22:12:20.470+0800: 44.783: [CMS-concurrent-preclean: 0.001/0.001 secs] [Times: user=0.00 sys=0.00, real=0.00 secs] 
2021-01-21T22:12:20.471+0800: 44.783: [CMS-concurrent-abortable-preclean-start]
2021-01-21T22:12:20.471+0800: 44.783: [CMS-concurrent-abortable-preclean: 0.000/0.000 secs] [Times: user=0.00 sys=0.00, real=0.00 secs] 
2021-01-21T22:12:20.472+0800: 44.784: [GC (CMS Final Remark) [YG occupancy: 40330 K (157248 K)]2021-01-21T22:12:20.472+0800: 44.784: [Rescan (parallel) , 0.0011105 secs]2021-01-21T22:12:20.474+0800: 44.786: [weak refs processing, 0.0003081 secs]2021-01-21T22:12:20.474+0800: 44.786: [class unloading, 0.0005253 secs]2021-01-21T22:12:20.475+0800: 44.787: [scrub symbol table, 0.0005204 secs]2021-01-21T22:12:20.476+0800: 44.788: [scrub string table, 0.0003733 secs][1 CMS-remark: 349557K(349568K)] 389887K(506816K), 0.0045948 secs] [Times: user=0.01 sys=0.00, real=0.00 secs] 
2021-01-21T22:12:20.477+0800: 44.789: [CMS-concurrent-sweep-start]
2021-01-21T22:12:20.477+0800: 44.789: [CMS-concurrent-sweep: 0.000/0.000 secs] [Times: user=0.00 sys=0.00, real=0.00 secs] 
2021-01-21T22:12:20.478+0800: 44.790: [CMS-concurrent-reset-start]
2021-01-21T22:12:20.478+0800: 44.790: [CMS-concurrent-reset: 0.000/0.000 secs] [Times: user=0.00 sys=0.00, real=0.00 secs] 
2021-01-21T22:12:20.491+0800: 44.803: [GC (Allocation Failure) 2021-01-21T22:12:20.492+0800: 44.804: [ParNew: 157174K->157174K(157248K), 0.0003130 secs]2021-01-21T22:12:20.493+0800: 44.805: [CMS: 348668K->349543K(349568K), 0.0470848 secs] 505843K->372717K(506816K), [Metaspace: 2816K->2816K(1056768K)], 0.0491874 secs] [Times: user=0.05 sys=0.00, real=0.05 secs] 
2021-01-21T22:12:20.541+0800: 44.853: [GC (CMS Initial Mark) [1 CMS-initial-mark: 349543K(349568K)] 376399K(506816K), 0.0014031 secs] [Times: user=0.00 sys=0.00, real=0.00 secs] 
2021-01-21T22:12:20.544+0800: 44.856: [CMS-concurrent-mark-start]
2021-01-21T22:12:20.545+0800: 44.857: [CMS-concurrent-mark: 0.001/0.001 secs] [Times: user=0.00 sys=0.00, real=0.00 secs] 
2021-01-21T22:12:20.545+0800: 44.857: [CMS-concurrent-preclean-start]
2021-01-21T22:12:20.546+0800: 44.858: [CMS-concurrent-preclean: 0.001/0.001 secs] [Times: user=0.00 sys=0.00, real=0.00 secs] 
2021-01-21T22:12:20.547+0800: 44.859: [CMS-concurrent-abortable-preclean-start]
2021-01-21T22:12:20.547+0800: 44.859: [CMS-concurrent-abortable-preclean: 0.000/0.000 secs] [Times: user=0.00 sys=0.00, real=0.00 secs] 
2021-01-21T22:12:20.547+0800: 44.859: [GC (CMS Final Remark) [YG occupancy: 58727 K (157248 K)]2021-01-21T22:12:20.548+0800: 44.860: [Rescan (parallel) , 0.0011744 secs]2021-01-21T22:12:20.549+0800: 44.861: [weak refs processing, 0.0003230 secs]2021-01-21T22:12:20.550+0800: 44.862: [class unloading, 0.0004690 secs]2021-01-21T22:12:20.551+0800: 44.863: [scrub symbol table, 0.0005492 secs]2021-01-21T22:12:20.552+0800: 44.864: [scrub string table, 0.0004484 secs][1 CMS-remark: 349543K(349568K)] 408271K(506816K), 0.0048462 secs] [Times: user=0.00 sys=0.00, real=0.01 secs] 
2021-01-21T22:12:20.553+0800: 44.865: [CMS-concurrent-sweep-start]
2021-01-21T22:12:20.554+0800: 44.866: [CMS-concurrent-sweep: 0.000/0.000 secs] [Times: user=0.00 sys=0.00, real=0.00 secs] 
2021-01-21T22:12:20.554+0800: 44.866: [CMS-concurrent-reset-start]
2021-01-21T22:12:20.554+0800: 44.866: [CMS-concurrent-reset: 0.000/0.000 secs] [Times: user=0.00 sys=0.00, real=0.00 secs] 
2021-01-21T22:12:20.565+0800: 44.877: [GC (Allocation Failure) 2021-01-21T22:12:20.566+0800: 44.878: [ParNew: 157022K->157022K(157248K), 0.0003556 secs]2021-01-21T22:12:20.566+0800: 44.878: [CMS: 347180K->349504K(349568K), 0.0479971 secs] 504202K->373586K(506816K), [Metaspace: 2816K->2816K(1056768K)], 0.0496782 secs] [Times: user=0.05 sys=0.00, real=0.05 secs] 
2021-01-21T22:12:20.616+0800: 44.928: [GC (CMS Initial Mark) [1 CMS-initial-mark: 349504K(349568K)] 376607K(506816K), 0.0013842 secs] [Times: user=0.00 sys=0.00, real=0.00 secs] 
2021-01-21T22:12:20.618+0800: 44.930: [CMS-concurrent-mark-start]
2021-01-21T22:12:20.620+0800: 44.932: [CMS-concurrent-mark: 0.002/0.002 secs] [Times: user=0.00 sys=0.00, real=0.00 secs] 
2021-01-21T22:12:20.620+0800: 44.932: [CMS-concurrent-preclean-start]
2021-01-21T22:12:20.621+0800: 44.933: [CMS-concurrent-preclean: 0.001/0.001 secs] [Times: user=0.00 sys=0.00, real=0.00 secs] 
2021-01-21T22:12:20.622+0800: 44.934: [CMS-concurrent-abortable-preclean-start]
2021-01-21T22:12:20.622+0800: 44.934: [CMS-concurrent-abortable-preclean: 0.000/0.000 secs] [Times: user=0.00 sys=0.00, real=0.00 secs] 
2021-01-21T22:12:20.622+0800: 44.934: [GC (CMS Final Remark) [YG occupancy: 60229 K (157248 K)]2021-01-21T22:12:20.623+0800: 44.935: [Rescan (parallel) , 0.0012568 secs]2021-01-21T22:12:20.624+0800: 44.936: [weak refs processing, 0.0002782 secs]2021-01-21T22:12:20.625+0800: 44.937: [class unloading, 0.0004283 secs]2021-01-21T22:12:20.625+0800: 44.937: [scrub symbol table, 0.0005230 secs]2021-01-21T22:12:20.626+0800: 44.938: [scrub string table, 0.0003821 secs][1 CMS-remark: 349504K(349568K)] 409734K(506816K), 0.0044377 secs] [Times: user=0.00 sys=0.00, real=0.00 secs] 
2021-01-21T22:12:20.627+0800: 44.939: [CMS-concurrent-sweep-start]
2021-01-21T22:12:20.628+0800: 44.940: [CMS-concurrent-sweep: 0.000/0.000 secs] [Times: user=0.00 sys=0.00, real=0.00 secs] 
2021-01-21T22:12:20.628+0800: 44.940: [CMS-concurrent-reset-start]
2021-01-21T22:12:20.628+0800: 44.940: [CMS-concurrent-reset: 0.000/0.000 secs] [Times: user=0.00 sys=0.00, real=0.01 secs] 
2021-01-21T22:12:20.639+0800: 44.951: [GC (Allocation Failure) 2021-01-21T22:12:20.639+0800: 44.951: [ParNew: 157246K->157246K(157248K), 0.0003632 secs]2021-01-21T22:12:20.640+0800: 44.952: [CMS: 348807K->349409K(349568K), 0.0479196 secs] 506054K->373326K(506816K), [Metaspace: 2816K->2816K(1056768K)], 0.0495558 secs] [Times: user=0.05 sys=0.00, real=0.05 secs] 
2021-01-21T22:12:20.689+0800: 45.002: [GC (CMS Initial Mark) [1 CMS-initial-mark: 349409K(349568K)] 376038K(506816K), 0.0014268 secs] [Times: user=0.00 sys=0.00, real=0.00 secs] 
2021-01-21T22:12:20.692+0800: 45.004: [CMS-concurrent-mark-start]
2021-01-21T22:12:20.693+0800: 45.005: [CMS-concurrent-mark: 0.001/0.001 secs] [Times: user=0.01 sys=0.00, real=0.00 secs] 
2021-01-21T22:12:20.693+0800: 45.005: [CMS-concurrent-preclean-start]
2021-01-21T22:12:20.694+0800: 45.006: [CMS-concurrent-preclean: 0.001/0.001 secs] [Times: user=0.00 sys=0.00, real=0.00 secs] 
2021-01-21T22:12:20.695+0800: 45.007: [CMS-concurrent-abortable-preclean-start]
2021-01-21T22:12:20.695+0800: 45.007: [CMS-concurrent-abortable-preclean: 0.000/0.000 secs] [Times: user=0.00 sys=0.00, real=0.00 secs] 
2021-01-21T22:12:20.695+0800: 45.007: [GC (CMS Final Remark) [YG occupancy: 55167 K (157248 K)]2021-01-21T22:12:20.696+0800: 45.008: [Rescan (parallel) , 0.0014405 secs]2021-01-21T22:12:20.698+0800: 45.010: [weak refs processing, 0.0004215 secs]2021-01-21T22:12:20.699+0800: 45.011: [class unloading, 0.0005743 secs]2021-01-21T22:12:20.699+0800: 45.011: [scrub symbol table, 0.0005624 secs]2021-01-21T22:12:20.700+0800: 45.012: [scrub string table, 0.0004028 secs][1 CMS-remark: 349409K(349568K)] 404577K(506816K), 0.0055148 secs] [Times: user=0.01 sys=0.00, real=0.01 secs] 
2021-01-21T22:12:20.702+0800: 45.014: [CMS-concurrent-sweep-start]
2021-01-21T22:12:20.702+0800: 45.014: [CMS-concurrent-sweep: 0.000/0.000 secs] [Times: user=0.00 sys=0.00, real=0.00 secs] 
2021-01-21T22:12:20.702+0800: 45.014: [CMS-concurrent-reset-start]
2021-01-21T22:12:20.702+0800: 45.014: [CMS-concurrent-reset: 0.000/0.000 secs] [Times: user=0.00 sys=0.00, real=0.00 secs] 
2021-01-21T22:12:20.713+0800: 45.025: [GC (Allocation Failure) 2021-01-21T22:12:20.713+0800: 45.025: [ParNew: 156633K->156633K(157248K), 0.0004740 secs]2021-01-21T22:12:20.714+0800: 45.026: [CMS: 348948K->349506K(349568K), 0.0486082 secs] 505581K->374884K(506816K), [Metaspace: 2816K->2816K(1056768K)], 0.0505409 secs] [Times: user=0.05 sys=0.00, real=0.05 secs] 
2021-01-21T22:12:20.764+0800: 45.076: [GC (CMS Initial Mark) [1 CMS-initial-mark: 349506K(349568K)] 379084K(506816K), 0.0015452 secs] [Times: user=0.00 sys=0.00, real=0.00 secs] 
2021-01-21T22:12:20.767+0800: 45.079: [CMS-concurrent-mark-start]
2021-01-21T22:12:20.768+0800: 45.081: [CMS-concurrent-mark: 0.002/0.002 secs] [Times: user=0.00 sys=0.00, real=0.01 secs] 
2021-01-21T22:12:20.769+0800: 45.081: [CMS-concurrent-preclean-start]
2021-01-21T22:12:20.770+0800: 45.082: [CMS-concurrent-preclean: 0.001/0.001 secs] [Times: user=0.00 sys=0.00, real=0.00 secs] 
2021-01-21T22:12:20.771+0800: 45.083: [CMS-concurrent-abortable-preclean-start]
2021-01-21T22:12:20.771+0800: 45.083: [CMS-concurrent-abortable-preclean: 0.000/0.000 secs] [Times: user=0.00 sys=0.00, real=0.00 secs] 
2021-01-21T22:12:20.771+0800: 45.083: [GC (CMS Final Remark) [YG occupancy: 55944 K (157248 K)]2021-01-21T22:12:20.772+0800: 45.084: [Rescan (parallel) , 0.0008442 secs]2021-01-21T22:12:20.773+0800: 45.085: [weak refs processing, 0.0003841 secs]2021-01-21T22:12:20.774+0800: 45.086: [class unloading, 0.0004925 secs]2021-01-21T22:12:20.774+0800: 45.086: [scrub symbol table, 0.0005909 secs]2021-01-21T22:12:20.775+0800: 45.087: [scrub string table, 0.0004249 secs][1 CMS-remark: 349506K(349568K)] 405450K(506816K), 0.0046220 secs] [Times: user=0.00 sys=0.00, real=0.00 secs] 
2021-01-21T22:12:20.776+0800: 45.089: [CMS-concurrent-sweep-start]
2021-01-21T22:12:20.777+0800: 45.089: [CMS-concurrent-sweep: 0.000/0.000 secs] [Times: user=0.00 sys=0.00, real=0.00 secs] 
2021-01-21T22:12:20.777+0800: 45.089: [CMS-concurrent-reset-start]
2021-01-21T22:12:20.777+0800: 45.089: [CMS-concurrent-reset: 0.000/0.000 secs] [Times: user=0.00 sys=0.00, real=0.00 secs] 
2021-01-21T22:12:20.795+0800: 45.108: [GC (Allocation Failure) 2021-01-21T22:12:20.796+0800: 45.108: [ParNew: 156788K->156788K(157248K), 0.0002261 secs]2021-01-21T22:12:20.796+0800: 45.109: [CMS: 349140K->349045K(349568K), 0.0506946 secs] 505928K->374520K(506816K), [Metaspace: 2816K->2816K(1056768K)], 0.0521153 secs] [Times: user=0.05 sys=0.00, real=0.05 secs] 
2021-01-21T22:12:20.849+0800: 45.161: [GC (CMS Initial Mark) [1 CMS-initial-mark: 349045K(349568K)] 378298K(506816K), 0.0013094 secs] [Times: user=0.01 sys=0.00, real=0.00 secs] 
2021-01-21T22:12:20.851+0800: 45.163: [CMS-concurrent-mark-start]
2021-01-21T22:12:20.852+0800: 45.164: [CMS-concurrent-mark: 0.002/0.002 secs] [Times: user=0.00 sys=0.00, real=0.00 secs] 
2021-01-21T22:12:20.852+0800: 45.164: [CMS-concurrent-preclean-start]
2021-01-21T22:12:20.853+0800: 45.165: [CMS-concurrent-preclean: 0.001/0.001 secs] [Times: user=0.00 sys=0.00, real=0.00 secs] 
2021-01-21T22:12:20.854+0800: 45.166: [CMS-concurrent-abortable-preclean-start]
2021-01-21T22:12:20.854+0800: 45.166: [CMS-concurrent-abortable-preclean: 0.000/0.000 secs] [Times: user=0.00 sys=0.00, real=0.00 secs] 
2021-01-21T22:12:20.854+0800: 45.166: [GC (CMS Final Remark) [YG occupancy: 60617 K (157248 K)]2021-01-21T22:12:20.855+0800: 45.167: [Rescan (parallel) , 0.0012843 secs]2021-01-21T22:12:20.856+0800: 45.168: [weak refs processing, 0.0002738 secs]2021-01-21T22:12:20.857+0800: 45.169: [class unloading, 0.0003315 secs]2021-01-21T22:12:20.857+0800: 45.169: [scrub symbol table, 0.0004324 secs]2021-01-21T22:12:20.858+0800: 45.170: [scrub string table, 0.0003781 secs][1 CMS-remark: 349045K(349568K)] 409662K(506816K), 0.0042363 secs] [Times: user=0.01 sys=0.00, real=0.01 secs] 
2021-01-21T22:12:20.859+0800: 45.171: [CMS-concurrent-sweep-start]
2021-01-21T22:12:20.859+0800: 45.171: [CMS-concurrent-sweep: 0.000/0.000 secs] [Times: user=0.00 sys=0.00, real=0.00 secs] 
2021-01-21T22:12:20.860+0800: 45.172: [CMS-concurrent-reset-start]
2021-01-21T22:12:20.860+0800: 45.172: [CMS-concurrent-reset: 0.000/0.000 secs] [Times: user=0.00 sys=0.00, real=0.00 secs] 
2021-01-21T22:12:20.872+0800: 45.184: [GC (Allocation Failure) 2021-01-21T22:12:20.872+0800: 45.184: [ParNew: 157246K->157246K(157248K), 0.0001882 secs]2021-01-21T22:12:20.872+0800: 45.184: [CMS: 348224K->349501K(349568K), 0.0483007 secs] 505471K->376834K(506816K), [Metaspace: 2816K->2816K(1056768K)], 0.0493121 secs] [Times: user=0.05 sys=0.00, real=0.05 secs] 
2021-01-21T22:12:20.922+0800: 45.234: [GC (CMS Initial Mark) [1 CMS-initial-mark: 349501K(349568K)] 379589K(506816K), 0.0013668 secs] [Times: user=0.00 sys=0.00, real=0.00 secs] 
2021-01-21T22:12:20.924+0800: 45.236: [CMS-concurrent-mark-start]
2021-01-21T22:12:20.925+0800: 45.237: [CMS-concurrent-mark: 0.001/0.001 secs] [Times: user=0.01 sys=0.00, real=0.00 secs] 
2021-01-21T22:12:20.926+0800: 45.238: [CMS-concurrent-preclean-start]
2021-01-21T22:12:20.927+0800: 45.239: [CMS-concurrent-preclean: 0.001/0.001 secs] [Times: user=0.00 sys=0.00, real=0.00 secs] 
2021-01-21T22:12:20.927+0800: 45.239: [CMS-concurrent-abortable-preclean-start]
2021-01-21T22:12:20.927+0800: 45.239: [CMS-concurrent-abortable-preclean: 0.000/0.000 secs] [Times: user=0.00 sys=0.00, real=0.00 secs] 
2021-01-21T22:12:20.928+0800: 45.240: [GC (CMS Final Remark) [YG occupancy: 59856 K (157248 K)]2021-01-21T22:12:20.928+0800: 45.240: [Rescan (parallel) , 0.0012750 secs]2021-01-21T22:12:20.930+0800: 45.242: [weak refs processing, 0.0003451 secs]2021-01-21T22:12:20.930+0800: 45.242: [class unloading, 0.0004689 secs]2021-01-21T22:12:20.931+0800: 45.243: [scrub symbol table, 0.0005560 secs]2021-01-21T22:12:20.932+0800: 45.244: [scrub string table, 0.0003995 secs][1 CMS-remark: 349501K(349568K)] 409358K(506816K), 0.0049016 secs] [Times: user=0.00 sys=0.00, real=0.01 secs] 
2021-01-21T22:12:20.933+0800: 45.245: [CMS-concurrent-sweep-start]
2021-01-21T22:12:20.934+0800: 45.246: [CMS-concurrent-sweep: 0.000/0.000 secs] [Times: user=0.01 sys=0.00, real=0.00 secs] 
2021-01-21T22:12:20.934+0800: 45.246: [CMS-concurrent-reset-start]
2021-01-21T22:12:20.934+0800: 45.246: [CMS-concurrent-reset: 0.000/0.000 secs] [Times: user=0.00 sys=0.00, real=0.00 secs] 
2021-01-21T22:12:20.947+0800: 45.259: [GC (Allocation Failure) 2021-01-21T22:12:20.947+0800: 45.259: [ParNew: 157118K->157118K(157248K), 0.0003657 secs]2021-01-21T22:12:20.948+0800: 45.260: [CMS: 349422K->349344K(349568K), 0.0499262 secs] 506541K->376095K(506816K), [Metaspace: 2816K->2816K(1056768K)], 0.0516354 secs] [Times: user=0.05 sys=0.00, real=0.06 secs] 
2021-01-21T22:12:21.000+0800: 45.312: [GC (CMS Initial Mark) [1 CMS-initial-mark: 349344K(349568K)] 378960K(506816K), 0.0013724 secs] [Times: user=0.00 sys=0.00, real=0.00 secs] 
2021-01-21T22:12:21.002+0800: 45.314: [CMS-concurrent-mark-start]
2021-01-21T22:12:21.003+0800: 45.315: [CMS-concurrent-mark: 0.001/0.001 secs] [Times: user=0.00 sys=0.00, real=0.00 secs] 
2021-01-21T22:12:21.004+0800: 45.316: [CMS-concurrent-preclean-start]
2021-01-21T22:12:21.005+0800: 45.317: [CMS-concurrent-preclean: 0.001/0.001 secs] [Times: user=0.00 sys=0.00, real=0.00 secs] 
2021-01-21T22:12:21.005+0800: 45.317: [CMS-concurrent-abortable-preclean-start]
2021-01-21T22:12:21.005+0800: 45.317: [CMS-concurrent-abortable-preclean: 0.000/0.000 secs] [Times: user=0.00 sys=0.00, real=0.00 secs] 
2021-01-21T22:12:21.006+0800: 45.318: [GC (CMS Final Remark) [YG occupancy: 68232 K (157248 K)]2021-01-21T22:12:21.006+0800: 45.318: [Rescan (parallel) , 0.0010884 secs]2021-01-21T22:12:21.007+0800: 45.319: [weak refs processing, 0.0002741 secs]2021-01-21T22:12:21.008+0800: 45.320: [class unloading, 0.0004082 secs]2021-01-21T22:12:21.009+0800: 45.321: [scrub symbol table, 0.0005287 secs]2021-01-21T22:12:21.009+0800: 45.321: [scrub string table, 0.0003979 secs][1 CMS-remark: 349344K(349568K)] 417576K(506816K), 0.0044563 secs] [Times: user=0.00 sys=0.00, real=0.01 secs] 
2021-01-21T22:12:21.011+0800: 45.323: [CMS-concurrent-sweep-start]
2021-01-21T22:12:21.011+0800: 45.323: [CMS-concurrent-sweep: 0.000/0.000 secs] [Times: user=0.00 sys=0.00, real=0.00 secs] 
2021-01-21T22:12:21.012+0800: 45.324: [CMS-concurrent-reset-start]
2021-01-21T22:12:21.012+0800: 45.324: [CMS-concurrent-reset: 0.000/0.000 secs] [Times: user=0.00 sys=0.00, real=0.00 secs] 
2021-01-21T22:12:21.023+0800: 45.335: [GC (Allocation Failure) 2021-01-21T22:12:21.023+0800: 45.335: [ParNew: 157151K->157151K(157248K), 0.0003413 secs]2021-01-21T22:12:21.024+0800: 45.336: [CMS: 348532K->349403K(349568K), 0.0490654 secs] 505684K->377860K(506816K), [Metaspace: 2816K->2816K(1056768K)], 0.0505604 secs] [Times: user=0.05 sys=0.00, real=0.05 secs] 
2021-01-21T22:12:21.074+0800: 45.387: [GC (CMS Initial Mark) [1 CMS-initial-mark: 349403K(349568K)] 380663K(506816K), 0.0013852 secs] [Times: user=0.00 sys=0.00, real=0.00 secs] 
2021-01-21T22:12:21.077+0800: 45.389: [CMS-concurrent-mark-start]
2021-01-21T22:12:21.079+0800: 45.391: [CMS-concurrent-mark: 0.002/0.002 secs] [Times: user=0.00 sys=0.00, real=0.01 secs] 
2021-01-21T22:12:21.079+0800: 45.391: [CMS-concurrent-preclean-start]
2021-01-21T22:12:21.080+0800: 45.392: [CMS-concurrent-preclean: 0.001/0.001 secs] [Times: user=0.01 sys=0.00, real=0.00 secs] 
2021-01-21T22:12:21.081+0800: 45.393: [CMS-concurrent-abortable-preclean-start]
2021-01-21T22:12:21.081+0800: 45.393: [CMS-concurrent-abortable-preclean: 0.000/0.000 secs] [Times: user=0.00 sys=0.00, real=0.00 secs] 
2021-01-21T22:12:21.082+0800: 45.394: [GC (CMS Final Remark) [YG occupancy: 62195 K (157248 K)]2021-01-21T22:12:21.082+0800: 45.394: [Rescan (parallel) , 0.0016525 secs]2021-01-21T22:12:21.084+0800: 45.396: [weak refs processing, 0.0003097 secs]2021-01-21T22:12:21.084+0800: 45.397: [class unloading, 0.0006510 secs]2021-01-21T22:12:21.085+0800: 45.398: [scrub symbol table, 0.0006430 secs]2021-01-21T22:12:21.086+0800: 45.398: [scrub string table, 0.0004393 secs][1 CMS-remark: 349403K(349568K)] 411598K(506816K), 0.0056424 secs] [Times: user=0.00 sys=0.00, real=0.00 secs] 
2021-01-21T22:12:21.088+0800: 45.400: [CMS-concurrent-sweep-start]
2021-01-21T22:12:21.088+0800: 45.400: [CMS-concurrent-sweep: 0.000/0.000 secs] [Times: user=0.00 sys=0.00, real=0.01 secs] 
2021-01-21T22:12:21.089+0800: 45.401: [CMS-concurrent-reset-start]
2021-01-21T22:12:21.089+0800: 45.401: [CMS-concurrent-reset: 0.000/0.000 secs] [Times: user=0.00 sys=0.00, real=0.00 secs] 
2021-01-21T22:12:21.099+0800: 45.411: [GC (Allocation Failure) 2021-01-21T22:12:21.099+0800: 45.411: [ParNew: 157177K->157177K(157248K), 0.0003333 secs]2021-01-21T22:12:21.100+0800: 45.412: [CMS: 348440K->349564K(349568K), 0.0482004 secs] 505617K->374921K(506816K), [Metaspace: 2816K->2816K(1056768K)], 0.0498152 secs] [Times: user=0.04 sys=0.00, real=0.05 secs] 
2021-01-21T22:12:21.150+0800: 45.462: [GC (CMS Initial Mark) [1 CMS-initial-mark: 349564K(349568K)] 377662K(506816K), 0.0013808 secs] [Times: user=0.01 sys=0.00, real=0.00 secs] 
2021-01-21T22:12:21.152+0800: 45.464: [CMS-concurrent-mark-start]
2021-01-21T22:12:21.153+0800: 45.465: [CMS-concurrent-mark: 0.001/0.001 secs] [Times: user=0.00 sys=0.00, real=0.00 secs] 
2021-01-21T22:12:21.154+0800: 45.466: [CMS-concurrent-preclean-start]
2021-01-21T22:12:21.155+0800: 45.467: [CMS-concurrent-preclean: 0.001/0.001 secs] [Times: user=0.00 sys=0.00, real=0.00 secs] 
2021-01-21T22:12:21.155+0800: 45.467: [CMS-concurrent-abortable-preclean-start]
2021-01-21T22:12:21.155+0800: 45.467: [CMS-concurrent-abortable-preclean: 0.000/0.000 secs] [Times: user=0.00 sys=0.00, real=0.00 secs] 
2021-01-21T22:12:21.156+0800: 45.468: [GC (CMS Final Remark) [YG occupancy: 58716 K (157248 K)]2021-01-21T22:12:21.156+0800: 45.468: [Rescan (parallel) , 0.0012024 secs]2021-01-21T22:12:21.158+0800: 45.470: [weak refs processing, 0.0003719 secs]2021-01-21T22:12:21.158+0800: 45.470: [class unloading, 0.0004720 secs]2021-01-21T22:12:21.159+0800: 45.471: [scrub symbol table, 0.0005618 secs]2021-01-21T22:12:21.160+0800: 45.472: [scrub string table, 0.0004366 secs][1 CMS-remark: 349564K(349568K)] 408280K(506816K), 0.0048913 secs] [Times: user=0.01 sys=0.00, real=0.01 secs] 
2021-01-21T22:12:21.162+0800: 45.474: [CMS-concurrent-sweep-start]
2021-01-21T22:12:21.162+0800: 45.474: [CMS-concurrent-sweep: 0.000/0.000 secs] [Times: user=0.00 sys=0.00, real=0.00 secs] 
2021-01-21T22:12:21.162+0800: 45.474: [CMS-concurrent-reset-start]
2021-01-21T22:12:21.162+0800: 45.474: [CMS-concurrent-reset: 0.000/0.000 secs] [Times: user=0.00 sys=0.00, real=0.00 secs] 
2021-01-21T22:12:21.173+0800: 45.485: [GC (Allocation Failure) 2021-01-21T22:12:21.173+0800: 45.485: [ParNew: 157219K->157219K(157248K), 0.0005139 secs]2021-01-21T22:12:21.174+0800: 45.486: [CMS: 347742K->349363K(349568K), 0.0493456 secs] 504962K->376944K(506816K), [Metaspace: 2816K->2816K(1056768K)], 0.0514600 secs] [Times: user=0.05 sys=0.00, real=0.05 secs] 
2021-01-21T22:12:21.225+0800: 45.537: [GC (CMS Initial Mark) [1 CMS-initial-mark: 349363K(349568K)] 379775K(506816K), 0.0012438 secs] [Times: user=0.00 sys=0.00, real=0.00 secs] 
2021-01-21T22:12:21.227+0800: 45.539: [CMS-concurrent-mark-start]
2021-01-21T22:12:21.229+0800: 45.541: [CMS-concurrent-mark: 0.002/0.002 secs] [Times: user=0.01 sys=0.00, real=0.01 secs] 
2021-01-21T22:12:21.230+0800: 45.542: [CMS-concurrent-preclean-start]
2021-01-21T22:12:21.231+0800: 45.543: [CMS-concurrent-preclean: 0.001/0.001 secs] [Times: user=0.00 sys=0.00, real=0.00 secs] 
2021-01-21T22:12:21.231+0800: 45.543: [CMS-concurrent-abortable-preclean-start]
2021-01-21T22:12:21.231+0800: 45.543: [CMS-concurrent-abortable-preclean: 0.000/0.000 secs] [Times: user=0.00 sys=0.00, real=0.00 secs] 
2021-01-21T22:12:21.232+0800: 45.544: [GC (CMS Final Remark) [YG occupancy: 64253 K (157248 K)]2021-01-21T22:12:21.232+0800: 45.544: [Rescan (parallel) , 0.0014087 secs]2021-01-21T22:12:21.234+0800: 45.546: [weak refs processing, 0.0003533 secs]2021-01-21T22:12:21.235+0800: 45.547: [class unloading, 0.0005573 secs]2021-01-21T22:12:21.235+0800: 45.547: [scrub symbol table, 0.0005616 secs]2021-01-21T22:12:21.236+0800: 45.548: [scrub string table, 0.0005169 secs][1 CMS-remark: 349363K(349568K)] 413617K(506816K), 0.0053146 secs] [Times: user=0.01 sys=0.00, real=0.00 secs] 
2021-01-21T22:12:21.238+0800: 45.550: [CMS-concurrent-sweep-start]
2021-01-21T22:12:21.238+0800: 45.550: [CMS-concurrent-sweep: 0.000/0.000 secs] [Times: user=0.00 sys=0.00, real=0.01 secs] 
2021-01-21T22:12:21.238+0800: 45.550: [CMS-concurrent-reset-start]
2021-01-21T22:12:21.239+0800: 45.551: [CMS-concurrent-reset: 0.000/0.000 secs] [Times: user=0.00 sys=0.00, real=0.00 secs] 
2021-01-21T22:12:21.250+0800: 45.562: [GC (Allocation Failure) 2021-01-21T22:12:21.251+0800: 45.563: [ParNew: 156860K->156860K(157248K), 0.0003390 secs]2021-01-21T22:12:21.251+0800: 45.563: [CMS: 348370K->349539K(349568K), 0.0504426 secs] 505231K->374565K(506816K), [Metaspace: 2816K->2816K(1056768K)], 0.0519985 secs] [Times: user=0.05 sys=0.00, real=0.05 secs] 
2021-01-21T22:12:21.303+0800: 45.615: [GC (CMS Initial Mark) [1 CMS-initial-mark: 349539K(349568K)] 377920K(506816K), 0.0011465 secs] [Times: user=0.00 sys=0.00, real=0.00 secs] 
2021-01-21T22:12:21.305+0800: 45.617: [CMS-concurrent-mark-start]
2021-01-21T22:12:21.306+0800: 45.618: [CMS-concurrent-mark: 0.001/0.001 secs] [Times: user=0.01 sys=0.00, real=0.00 secs] 
2021-01-21T22:12:21.307+0800: 45.619: [CMS-concurrent-preclean-start]
2021-01-21T22:12:21.308+0800: 45.620: [CMS-concurrent-preclean: 0.001/0.001 secs] [Times: user=0.00 sys=0.00, real=0.00 secs] 
2021-01-21T22:12:21.308+0800: 45.620: [CMS-concurrent-abortable-preclean-start]
2021-01-21T22:12:21.308+0800: 45.620: [CMS-concurrent-abortable-preclean: 0.000/0.000 secs] [Times: user=0.00 sys=0.00, real=0.00 secs] 
2021-01-21T22:12:21.309+0800: 45.621: [GC (CMS Final Remark) [YG occupancy: 53809 K (157248 K)]2021-01-21T22:12:21.309+0800: 45.621: [Rescan (parallel) , 0.0011947 secs]2021-01-21T22:12:21.310+0800: 45.622: [weak refs processing, 0.0003032 secs]2021-01-21T22:12:21.311+0800: 45.623: [class unloading, 0.0004300 secs]2021-01-21T22:12:21.312+0800: 45.624: [scrub symbol table, 0.0006817 secs]2021-01-21T22:12:21.313+0800: 45.625: [scrub string table, 0.0003492 secs][1 CMS-remark: 349539K(349568K)] 403348K(506816K), 0.0045366 secs] [Times: user=0.00 sys=0.00, real=0.00 secs] 
2021-01-21T22:12:21.314+0800: 45.626: [CMS-concurrent-sweep-start]
2021-01-21T22:12:21.314+0800: 45.626: [CMS-concurrent-sweep: 0.000/0.000 secs] [Times: user=0.00 sys=0.00, real=0.00 secs] 
2021-01-21T22:12:21.314+0800: 45.626: [CMS-concurrent-reset-start]
2021-01-21T22:12:21.314+0800: 45.626: [CMS-concurrent-reset: 0.000/0.000 secs] [Times: user=0.00 sys=0.00, real=0.00 secs] 
2021-01-21T22:12:21.325+0800: 45.637: [GC (Allocation Failure) 2021-01-21T22:12:21.325+0800: 45.638: [ParNew: 157063K->157063K(157248K), 0.0003890 secs]2021-01-21T22:12:21.326+0800: 45.638: [CMS: 348581K->349395K(349568K), 0.0528484 secs] 505644K->381671K(506816K), [Metaspace: 2816K->2816K(1056768K)], 0.0545304 secs] [Times: user=0.05 sys=0.00, real=0.06 secs] 
2021-01-21T22:12:21.381+0800: 45.693: [GC (CMS Initial Mark) [1 CMS-initial-mark: 349395K(349568K)] 384567K(506816K), 0.0011976 secs] [Times: user=0.00 sys=0.00, real=0.00 secs] 
2021-01-21T22:12:21.382+0800: 45.694: [CMS-concurrent-mark-start]
2021-01-21T22:12:21.384+0800: 45.696: [CMS-concurrent-mark: 0.002/0.002 secs] [Times: user=0.00 sys=0.00, real=0.00 secs] 
2021-01-21T22:12:21.384+0800: 45.696: [CMS-concurrent-preclean-start]
2021-01-21T22:12:21.385+0800: 45.697: [CMS-concurrent-preclean: 0.001/0.001 secs] [Times: user=0.00 sys=0.00, real=0.00 secs] 
2021-01-21T22:12:21.386+0800: 45.698: [CMS-concurrent-abortable-preclean-start]
2021-01-21T22:12:21.386+0800: 45.698: [CMS-concurrent-abortable-preclean: 0.000/0.000 secs] [Times: user=0.00 sys=0.00, real=0.00 secs] 
2021-01-21T22:12:21.386+0800: 45.698: [GC (CMS Final Remark) [YG occupancy: 53776 K (157248 K)]2021-01-21T22:12:21.387+0800: 45.699: [Rescan (parallel) , 0.0006981 secs]2021-01-21T22:12:21.388+0800: 45.700: [weak refs processing, 0.0003248 secs]2021-01-21T22:12:21.388+0800: 45.700: [class unloading, 0.0004291 secs]2021-01-21T22:12:21.389+0800: 45.701: [scrub symbol table, 0.0005630 secs]2021-01-21T22:12:21.390+0800: 45.702: [scrub string table, 0.0005668 secs][1 CMS-remark: 349395K(349568K)] 403172K(506816K), 0.0042889 secs] [Times: user=0.00 sys=0.00, real=0.01 secs] 
2021-01-21T22:12:21.391+0800: 45.703: [CMS-concurrent-sweep-start]
2021-01-21T22:12:21.392+0800: 45.704: [CMS-concurrent-sweep: 0.000/0.000 secs] [Times: user=0.00 sys=0.00, real=0.00 secs] 
2021-01-21T22:12:21.392+0800: 45.704: [CMS-concurrent-reset-start]
2021-01-21T22:12:21.392+0800: 45.704: [CMS-concurrent-reset: 0.000/0.000 secs] [Times: user=0.00 sys=0.00, real=0.00 secs] 
2021-01-21T22:12:21.405+0800: 45.717: [GC (Allocation Failure) 2021-01-21T22:12:21.405+0800: 45.718: [ParNew: 157197K->157197K(157248K), 0.0003966 secs]2021-01-21T22:12:21.406+0800: 45.718: [CMS: 349331K->349343K(349568K), 0.0514098 secs] 506529K->378970K(506816K), [Metaspace: 2816K->2816K(1056768K)], 0.0530513 secs] [Times: user=0.05 sys=0.00, real=0.06 secs] 
2021-01-21T22:12:21.459+0800: 45.771: [GC (CMS Initial Mark) [1 CMS-initial-mark: 349343K(349568K)] 381828K(506816K), 0.0012313 secs] [Times: user=0.00 sys=0.00, real=0.00 secs] 
2021-01-21T22:12:21.461+0800: 45.773: [CMS-concurrent-mark-start]
2021-01-21T22:12:21.463+0800: 45.775: [CMS-concurrent-mark: 0.002/0.002 secs] [Times: user=0.01 sys=0.00, real=0.00 secs] 
2021-01-21T22:12:21.463+0800: 45.775: [CMS-concurrent-preclean-start]
2021-01-21T22:12:21.464+0800: 45.776: [CMS-concurrent-preclean: 0.001/0.001 secs] [Times: user=0.00 sys=0.00, real=0.00 secs] 
2021-01-21T22:12:21.464+0800: 45.777: [CMS-concurrent-abortable-preclean-start]
2021-01-21T22:12:21.464+0800: 45.777: [CMS-concurrent-abortable-preclean: 0.000/0.000 secs] [Times: user=0.00 sys=0.00, real=0.00 secs] 
2021-01-21T22:12:21.465+0800: 45.777: [GC (CMS Final Remark) [YG occupancy: 55265 K (157248 K)]2021-01-21T22:12:21.465+0800: 45.777: [Rescan (parallel) , 0.0009564 secs]2021-01-21T22:12:21.466+0800: 45.778: [weak refs processing, 0.0002128 secs]2021-01-21T22:12:21.467+0800: 45.779: [class unloading, 0.0004028 secs]2021-01-21T22:12:21.467+0800: 45.779: [scrub symbol table, 0.0006050 secs]2021-01-21T22:12:21.468+0800: 45.780: [scrub string table, 0.0003483 secs][1 CMS-remark: 349343K(349568K)] 404609K(506816K), 0.0037268 secs] [Times: user=0.00 sys=0.00, real=0.01 secs] 
2021-01-21T22:12:21.469+0800: 45.781: [CMS-concurrent-sweep-start]
2021-01-21T22:12:21.470+0800: 45.782: [CMS-concurrent-sweep: 0.000/0.000 secs] [Times: user=0.00 sys=0.00, real=0.00 secs] 
2021-01-21T22:12:21.470+0800: 45.782: [CMS-concurrent-reset-start]
2021-01-21T22:12:21.470+0800: 45.782: [CMS-concurrent-reset: 0.000/0.000 secs] [Times: user=0.00 sys=0.00, real=0.00 secs] 
2021-01-21T22:12:21.483+0800: 45.795: [GC (Allocation Failure) 2021-01-21T22:12:21.484+0800: 45.796: [ParNew: 156709K->156709K(157248K), 0.0002728 secs]2021-01-21T22:12:21.484+0800: 45.796: [CMS: 348504K->349349K(349568K), 0.0493117 secs] 505214K->378261K(506816K), [Metaspace: 2816K->2816K(1056768K)], 0.0507808 secs] [Times: user=0.05 sys=0.00, real=0.05 secs] 
2021-01-21T22:12:21.535+0800: 45.847: [GC (CMS Initial Mark) [1 CMS-initial-mark: 349349K(349568K)] 381532K(506816K), 0.0014602 secs] [Times: user=0.00 sys=0.00, real=0.00 secs] 
2021-01-21T22:12:21.537+0800: 45.849: [CMS-concurrent-mark-start]
2021-01-21T22:12:21.539+0800: 45.851: [CMS-concurrent-mark: 0.001/0.001 secs] [Times: user=0.01 sys=0.00, real=0.01 secs] 
2021-01-21T22:12:21.539+0800: 45.851: [CMS-concurrent-preclean-start]
2021-01-21T22:12:21.540+0800: 45.852: [CMS-concurrent-preclean: 0.001/0.001 secs] [Times: user=0.00 sys=0.00, real=0.00 secs] 
2021-01-21T22:12:21.541+0800: 45.853: [CMS-concurrent-abortable-preclean-start]
2021-01-21T22:12:21.541+0800: 45.853: [CMS-concurrent-abortable-preclean: 0.000/0.000 secs] [Times: user=0.00 sys=0.00, real=0.00 secs] 
2021-01-21T22:12:21.541+0800: 45.853: [GC (CMS Final Remark) [YG occupancy: 69974 K (157248 K)]2021-01-21T22:12:21.541+0800: 45.853: [Rescan (parallel) , 0.0012062 secs]2021-01-21T22:12:21.543+0800: 45.855: [weak refs processing, 0.0003702 secs]2021-01-21T22:12:21.544+0800: 45.856: [class unloading, 0.0004793 secs]2021-01-21T22:12:21.544+0800: 45.856: [scrub symbol table, 0.0008310 secs]2021-01-21T22:12:21.546+0800: 45.858: [scrub string table, 0.0005992 secs][1 CMS-remark: 349349K(349568K)] 419323K(506816K), 0.0055707 secs] [Times: user=0.00 sys=0.00, real=0.00 secs] 
2021-01-21T22:12:21.547+0800: 45.860: [CMS-concurrent-sweep-start]
2021-01-21T22:12:21.548+0800: 45.860: [CMS-concurrent-sweep: 0.000/0.000 secs] [Times: user=0.00 sys=0.00, real=0.00 secs] 
2021-01-21T22:12:21.548+0800: 45.860: [CMS-concurrent-reset-start]
2021-01-21T22:12:21.548+0800: 45.860: [CMS-concurrent-reset: 0.000/0.000 secs] [Times: user=0.00 sys=0.00, real=0.01 secs] 
2021-01-21T22:12:21.559+0800: 45.871: [GC (Allocation Failure) 2021-01-21T22:12:21.559+0800: 45.871: [ParNew: 157170K->157170K(157248K), 0.0003425 secs]2021-01-21T22:12:21.560+0800: 45.872: [CMS: 347711K->349458K(349568K), 0.0505762 secs] 504881K->380832K(506816K), [Metaspace: 2816K->2816K(1056768K)], 0.0521609 secs] [Times: user=0.05 sys=0.00, real=0.05 secs] 
2021-01-21T22:12:21.612+0800: 45.924: [GC (CMS Initial Mark) [1 CMS-initial-mark: 349458K(349568K)] 383661K(506816K), 0.0010515 secs] [Times: user=0.00 sys=0.00, real=0.00 secs] 
2021-01-21T22:12:21.613+0800: 45.925: [CMS-concurrent-mark-start]
2021-01-21T22:12:21.615+0800: 45.927: [CMS-concurrent-mark: 0.002/0.002 secs] [Times: user=0.00 sys=0.00, real=0.00 secs] 
2021-01-21T22:12:21.616+0800: 45.928: [CMS-concurrent-preclean-start]
2021-01-21T22:12:21.617+0800: 45.929: [CMS-concurrent-preclean: 0.001/0.001 secs] [Times: user=0.00 sys=0.00, real=0.00 secs] 
2021-01-21T22:12:21.617+0800: 45.929: [CMS-concurrent-abortable-preclean-start]
2021-01-21T22:12:21.617+0800: 45.929: [CMS-concurrent-abortable-preclean: 0.000/0.000 secs] [Times: user=0.00 sys=0.00, real=0.00 secs] 
2021-01-21T22:12:21.618+0800: 45.930: [GC (CMS Final Remark) [YG occupancy: 69737 K (157248 K)]2021-01-21T22:12:21.618+0800: 45.930: [Rescan (parallel) , 0.0013511 secs]2021-01-21T22:12:21.620+0800: 45.932: [weak refs processing, 0.0003076 secs]2021-01-21T22:12:21.620+0800: 45.932: [class unloading, 0.0005737 secs]2021-01-21T22:12:21.621+0800: 45.933: [scrub symbol table, 0.0004430 secs]2021-01-21T22:12:21.622+0800: 45.934: [scrub string table, 0.0003941 secs][1 CMS-remark: 349458K(349568K)] 419196K(506816K), 0.0046487 secs] [Times: user=0.00 sys=0.00, real=0.01 secs] 
2021-01-21T22:12:21.623+0800: 45.935: [CMS-concurrent-sweep-start]
2021-01-21T22:12:21.623+0800: 45.935: [CMS-concurrent-sweep: 0.000/0.000 secs] [Times: user=0.00 sys=0.00, real=0.00 secs] 
2021-01-21T22:12:21.624+0800: 45.936: [CMS-concurrent-reset-start]
2021-01-21T22:12:21.624+0800: 45.936: [CMS-concurrent-reset: 0.000/0.000 secs] [Times: user=0.00 sys=0.00, real=0.00 secs] 
2021-01-21T22:12:21.635+0800: 45.947: [GC (Allocation Failure) 2021-01-21T22:12:21.636+0800: 45.948: [ParNew: 157186K->157186K(157248K), 0.0003486 secs]2021-01-21T22:12:21.636+0800: 45.948: [CMS: 349125K->349561K(349568K), 0.0514014 secs] 506312K->379909K(506816K), [Metaspace: 2816K->2816K(1056768K)], 0.0529062 secs] [Times: user=0.05 sys=0.00, real=0.06 secs] 
2021-01-21T22:12:21.689+0800: 46.001: [GC (CMS Initial Mark) [1 CMS-initial-mark: 349561K(349568K)] 383349K(506816K), 0.0013988 secs] [Times: user=0.00 sys=0.00, real=0.00 secs] 
2021-01-21T22:12:21.691+0800: 46.003: [CMS-concurrent-mark-start]
2021-01-21T22:12:21.693+0800: 46.005: [CMS-concurrent-mark: 0.001/0.001 secs] [Times: user=0.00 sys=0.00, real=0.00 secs] 
2021-01-21T22:12:21.693+0800: 46.005: [CMS-concurrent-preclean-start]
2021-01-21T22:12:21.694+0800: 46.006: [CMS-concurrent-preclean: 0.001/0.001 secs] [Times: user=0.00 sys=0.00, real=0.00 secs] 
2021-01-21T22:12:21.695+0800: 46.007: [CMS-concurrent-abortable-preclean-start]
2021-01-21T22:12:21.695+0800: 46.007: [CMS-concurrent-abortable-preclean: 0.000/0.000 secs] [Times: user=0.00 sys=0.00, real=0.00 secs] 
2021-01-21T22:12:21.695+0800: 46.007: [GC (CMS Final Remark) [YG occupancy: 63298 K (157248 K)]2021-01-21T22:12:21.696+0800: 46.008: [Rescan (parallel) , 0.0011910 secs]2021-01-21T22:12:21.697+0800: 46.009: [weak refs processing, 0.0002776 secs]2021-01-21T22:12:21.698+0800: 46.010: [class unloading, 0.0005635 secs]2021-01-21T22:12:21.699+0800: 46.011: [scrub symbol table, 0.0007977 secs]2021-01-21T22:12:21.700+0800: 46.012: [scrub string table, 0.0005530 secs][1 CMS-remark: 349561K(349568K)] 412860K(506816K), 0.0052457 secs] [Times: user=0.00 sys=0.00, real=0.01 secs] 
2021-01-21T22:12:21.701+0800: 46.014: [CMS-concurrent-sweep-start]
2021-01-21T22:12:21.702+0800: 46.014: [CMS-concurrent-sweep: 0.000/0.000 secs] [Times: user=0.00 sys=0.00, real=0.00 secs] 
2021-01-21T22:12:21.702+0800: 46.014: [CMS-concurrent-reset-start]
2021-01-21T22:12:21.703+0800: 46.015: [CMS-concurrent-reset: 0.000/0.000 secs] [Times: user=0.00 sys=0.00, real=0.00 secs] 
2021-01-21T22:12:21.713+0800: 46.025: [GC (Allocation Failure) 2021-01-21T22:12:21.713+0800: 46.026: [ParNew: 157179K->157179K(157248K), 0.0002939 secs]2021-01-21T22:12:21.714+0800: 46.026: [CMS: 349037K->349484K(349568K), 0.0523189 secs] 506216K->378401K(506816K), [Metaspace: 2816K->2816K(1056768K)], 0.0537782 secs] [Times: user=0.05 sys=0.00, real=0.05 secs] 
2021-01-21T22:12:21.768+0800: 46.080: [GC (CMS Initial Mark) [1 CMS-initial-mark: 349484K(349568K)] 381193K(506816K), 0.0017901 secs] [Times: user=0.00 sys=0.00, real=0.01 secs] 
2021-01-21T22:12:21.771+0800: 46.083: [CMS-concurrent-mark-start]
2021-01-21T22:12:21.773+0800: 46.085: [CMS-concurrent-mark: 0.002/0.002 secs] [Times: user=0.00 sys=0.01, real=0.00 secs] 
2021-01-21T22:12:21.773+0800: 46.085: [CMS-concurrent-preclean-start]
2021-01-21T22:12:21.774+0800: 46.086: [CMS-concurrent-preclean: 0.001/0.001 secs] [Times: user=0.00 sys=0.00, real=0.00 secs] 
2021-01-21T22:12:21.775+0800: 46.087: [CMS-concurrent-abortable-preclean-start]
2021-01-21T22:12:21.775+0800: 46.087: [CMS-concurrent-abortable-preclean: 0.000/0.000 secs] [Times: user=0.00 sys=0.00, real=0.00 secs] 
2021-01-21T22:12:21.775+0800: 46.087: [GC (CMS Final Remark) [YG occupancy: 61157 K (157248 K)]2021-01-21T22:12:21.776+0800: 46.088: [Rescan (parallel) , 0.0013845 secs]2021-01-21T22:12:21.777+0800: 46.089: [weak refs processing, 0.0003483 secs]2021-01-21T22:12:21.778+0800: 46.090: [class unloading, 0.0003995 secs]2021-01-21T22:12:21.779+0800: 46.091: [scrub symbol table, 0.0007752 secs]2021-01-21T22:12:21.780+0800: 46.092: [scrub string table, 0.0004362 secs][1 CMS-remark: 349484K(349568K)] 410641K(506816K), 0.0052760 secs] [Times: user=0.01 sys=0.00, real=0.01 secs] 
2021-01-21T22:12:21.781+0800: 46.093: [CMS-concurrent-sweep-start]
2021-01-21T22:12:21.782+0800: 46.094: [CMS-concurrent-sweep: 0.000/0.000 secs] [Times: user=0.00 sys=0.00, real=0.00 secs] 
2021-01-21T22:12:21.782+0800: 46.094: [CMS-concurrent-reset-start]
2021-01-21T22:12:21.782+0800: 46.094: [CMS-concurrent-reset: 0.000/0.000 secs] [Times: user=0.00 sys=0.00, real=0.00 secs] 
2021-01-21T22:12:21.794+0800: 46.106: [GC (Allocation Failure) 2021-01-21T22:12:21.794+0800: 46.106: [ParNew: 157224K->157224K(157248K), 0.0004450 secs]2021-01-21T22:12:21.795+0800: 46.107: [CMS: 347335K->349558K(349568K), 0.0519629 secs] 504560K->378227K(506816K), [Metaspace: 2816K->2816K(1056768K)], 0.0537941 secs] [Times: user=0.05 sys=0.00, real=0.05 secs] 
2021-01-21T22:12:21.849+0800: 46.161: [GC (CMS Initial Mark) [1 CMS-initial-mark: 349558K(349568K)] 380923K(506816K), 0.0012459 secs] [Times: user=0.01 sys=0.00, real=0.00 secs] 
2021-01-21T22:12:21.851+0800: 46.163: [CMS-concurrent-mark-start]
2021-01-21T22:12:21.853+0800: 46.165: [CMS-concurrent-mark: 0.002/0.002 secs] [Times: user=0.00 sys=0.00, real=0.00 secs] 
2021-01-21T22:12:21.853+0800: 46.165: [CMS-concurrent-preclean-start]
2021-01-21T22:12:21.854+0800: 46.167: [CMS-concurrent-preclean: 0.001/0.001 secs] [Times: user=0.00 sys=0.00, real=0.00 secs] 
2021-01-21T22:12:21.855+0800: 46.167: [CMS-concurrent-abortable-preclean-start]
2021-01-21T22:12:21.855+0800: 46.167: [CMS-concurrent-abortable-preclean: 0.000/0.000 secs] [Times: user=0.00 sys=0.00, real=0.00 secs] 
2021-01-21T22:12:21.855+0800: 46.167: [GC (CMS Final Remark) [YG occupancy: 64151 K (157248 K)]2021-01-21T22:12:21.856+0800: 46.168: [Rescan (parallel) , 0.0007456 secs]2021-01-21T22:12:21.857+0800: 46.169: [weak refs processing, 0.0003053 secs]2021-01-21T22:12:21.857+0800: 46.169: [class unloading, 0.0005953 secs]2021-01-21T22:12:21.858+0800: 46.170: [scrub symbol table, 0.0006501 secs]2021-01-21T22:12:21.859+0800: 46.171: [scrub string table, 0.0004395 secs][1 CMS-remark: 349558K(349568K)] 413710K(506816K), 0.0045090 secs] [Times: user=0.00 sys=0.00, real=0.01 secs] 
2021-01-21T22:12:21.861+0800: 46.173: [CMS-concurrent-sweep-start]
2021-01-21T22:12:21.861+0800: 46.173: [CMS-concurrent-sweep: 0.000/0.000 secs] [Times: user=0.00 sys=0.00, real=0.00 secs] 
2021-01-21T22:12:21.861+0800: 46.173: [CMS-concurrent-reset-start]
2021-01-21T22:12:21.861+0800: 46.174: [CMS-concurrent-reset: 0.000/0.000 secs] [Times: user=0.00 sys=0.00, real=0.00 secs] 
2021-01-21T22:12:21.873+0800: 46.185: [GC (Allocation Failure) 2021-01-21T22:12:21.873+0800: 46.185: [ParNew: 157182K->157182K(157248K), 0.0004516 secs]2021-01-21T22:12:21.874+0800: 46.186: [CMS: 349126K->349404K(349568K), 0.0564615 secs] 506309K->378586K(506816K), [Metaspace: 2816K->2816K(1056768K)], 0.0584653 secs] [Times: user=0.06 sys=0.00, real=0.06 secs] 
2021-01-21T22:12:21.932+0800: 46.244: [GC (CMS Initial Mark) [1 CMS-initial-mark: 349404K(349568K)] 381261K(506816K), 0.0010092 secs] [Times: user=0.00 sys=0.00, real=0.00 secs] 
2021-01-21T22:12:21.933+0800: 46.245: [CMS-concurrent-mark-start]
2021-01-21T22:12:21.935+0800: 46.247: [CMS-concurrent-mark: 0.002/0.002 secs] [Times: user=0.01 sys=0.00, real=0.00 secs] 
2021-01-21T22:12:21.936+0800: 46.248: [CMS-concurrent-preclean-start]
2021-01-21T22:12:21.936+0800: 46.249: [CMS-concurrent-preclean: 0.001/0.001 secs] [Times: user=0.00 sys=0.00, real=0.00 secs] 
2021-01-21T22:12:21.937+0800: 46.249: [CMS-concurrent-abortable-preclean-start]
2021-01-21T22:12:21.937+0800: 46.249: [CMS-concurrent-abortable-preclean: 0.000/0.000 secs] [Times: user=0.00 sys=0.00, real=0.00 secs] 
2021-01-21T22:12:21.938+0800: 46.250: [GC (CMS Final Remark) [YG occupancy: 57763 K (157248 K)]2021-01-21T22:12:21.938+0800: 46.250: [Rescan (parallel) , 0.0012491 secs]2021-01-21T22:12:21.940+0800: 46.252: [weak refs processing, 0.0002736 secs]2021-01-21T22:12:21.940+0800: 46.252: [class unloading, 0.0005432 secs]2021-01-21T22:12:21.941+0800: 46.253: [scrub symbol table, 0.0007600 secs]2021-01-21T22:12:21.942+0800: 46.254: [scrub string table, 0.0003391 secs][1 CMS-remark: 349404K(349568K)] 407168K(506816K), 0.0047315 secs] [Times: user=0.00 sys=0.00, real=0.01 secs] 
2021-01-21T22:12:21.943+0800: 46.255: [CMS-concurrent-sweep-start]
2021-01-21T22:12:21.944+0800: 46.256: [CMS-concurrent-sweep: 0.000/0.000 secs] [Times: user=0.01 sys=0.00, real=0.00 secs] 
2021-01-21T22:12:21.944+0800: 46.256: [CMS-concurrent-reset-start]
2021-01-21T22:12:21.944+0800: 46.256: [CMS-concurrent-reset: 0.000/0.000 secs] [Times: user=0.00 sys=0.00, real=0.00 secs] 
2021-01-21T22:12:21.957+0800: 46.269: [GC (Allocation Failure) 2021-01-21T22:12:21.957+0800: 46.269: [ParNew: 157235K->157235K(157248K), 0.0003952 secs]2021-01-21T22:12:21.958+0800: 46.270: [CMS: 348767K->349555K(349568K), 0.0530133 secs] 506002K->378470K(506816K), [Metaspace: 2816K->2816K(1056768K)], 0.0544340 secs] [Times: user=0.05 sys=0.00, real=0.06 secs] 
2021-01-21T22:12:22.012+0800: 46.324: [GC (CMS Initial Mark) [1 CMS-initial-mark: 349555K(349568K)] 381527K(506816K), 0.0007567 secs] [Times: user=0.00 sys=0.00, real=0.00 secs] 
2021-01-21T22:12:22.013+0800: 46.325: [CMS-concurrent-mark-start]
2021-01-21T22:12:22.014+0800: 46.326: [CMS-concurrent-mark: 0.002/0.002 secs] [Times: user=0.01 sys=0.00, real=0.00 secs] 
2021-01-21T22:12:22.015+0800: 46.327: [CMS-concurrent-preclean-start]
2021-01-21T22:12:22.016+0800: 46.328: [CMS-concurrent-preclean: 0.001/0.001 secs] [Times: user=0.00 sys=0.00, real=0.00 secs] 
2021-01-21T22:12:22.016+0800: 46.328: [CMS-concurrent-abortable-preclean-start]
2021-01-21T22:12:22.016+0800: 46.328: [CMS-concurrent-abortable-preclean: 0.000/0.000 secs] [Times: user=0.00 sys=0.00, real=0.00 secs] 
2021-01-21T22:12:22.016+0800: 46.329: [GC (CMS Final Remark) [YG occupancy: 60314 K (157248 K)]2021-01-21T22:12:22.017+0800: 46.329: [Rescan (parallel) , 0.0023966 secs]2021-01-21T22:12:22.020+0800: 46.332: [weak refs processing, 0.0004234 secs]2021-01-21T22:12:22.021+0800: 46.333: [class unloading, 0.0005603 secs]2021-01-21T22:12:22.022+0800: 46.334: [scrub symbol table, 0.0005305 secs]2021-01-21T22:12:22.022+0800: 46.334: [scrub string table, 0.0003786 secs][1 CMS-remark: 349555K(349568K)] 409869K(506816K), 0.0064289 secs] [Times: user=0.01 sys=0.00, real=0.01 secs] 
2021-01-21T22:12:22.024+0800: 46.336: [CMS-concurrent-sweep-start]
2021-01-21T22:12:22.024+0800: 46.336: [CMS-concurrent-sweep: 0.000/0.000 secs] [Times: user=0.00 sys=0.00, real=0.00 secs] 
2021-01-21T22:12:22.024+0800: 46.336: [CMS-concurrent-reset-start]
2021-01-21T22:12:22.025+0800: 46.337: [CMS-concurrent-reset: 0.000/0.000 secs] [Times: user=0.00 sys=0.00, real=0.00 secs] 
2021-01-21T22:12:22.036+0800: 46.348: [GC (Allocation Failure) 2021-01-21T22:12:22.036+0800: 46.348: [ParNew: 157161K->157161K(157248K), 0.0002937 secs]2021-01-21T22:12:22.037+0800: 46.349: [CMS: 347183K->349426K(349568K), 0.0574493 secs] 504345K->379172K(506816K), [Metaspace: 2816K->2816K(1056768K)], 0.0588729 secs] [Times: user=0.06 sys=0.00, real=0.06 secs] 
2021-01-21T22:12:22.096+0800: 46.408: [GC (CMS Initial Mark) [1 CMS-initial-mark: 349426K(349568K)] 382155K(506816K), 0.0012394 secs] [Times: user=0.00 sys=0.00, real=0.00 secs] 
2021-01-21T22:12:22.098+0800: 46.410: [CMS-concurrent-mark-start]
2021-01-21T22:12:22.100+0800: 46.412: [CMS-concurrent-mark: 0.002/0.002 secs] [Times: user=0.00 sys=0.00, real=0.01 secs] 
2021-01-21T22:12:22.100+0800: 46.412: [CMS-concurrent-preclean-start]
2021-01-21T22:12:22.102+0800: 46.414: [CMS-concurrent-preclean: 0.001/0.001 secs] [Times: user=0.01 sys=0.00, real=0.00 secs] 
2021-01-21T22:12:22.102+0800: 46.414: [CMS-concurrent-abortable-preclean-start]
2021-01-21T22:12:22.102+0800: 46.414: [CMS-concurrent-abortable-preclean: 0.000/0.000 secs] [Times: user=0.00 sys=0.00, real=0.00 secs] 
2021-01-21T22:12:22.103+0800: 46.415: [GC (CMS Final Remark) [YG occupancy: 59872 K (157248 K)]2021-01-21T22:12:22.103+0800: 46.415: [Rescan (parallel) , 0.0012501 secs]2021-01-21T22:12:22.105+0800: 46.417: [weak refs processing, 0.0002535 secs]2021-01-21T22:12:22.105+0800: 46.417: [class unloading, 0.0007630 secs]2021-01-21T22:12:22.107+0800: 46.419: [scrub symbol table, 0.0007438 secs]2021-01-21T22:12:22.109+0800: 46.421: [scrub string table, 0.0064562 secs][1 CMS-remark: 349426K(349568K)] 409298K(506816K), 0.0130707 secs] [Times: user=0.00 sys=0.00, real=0.01 secs] 
2021-01-21T22:12:22.117+0800: 46.429: [CMS-concurrent-sweep-start]
2021-01-21T22:12:22.117+0800: 46.429: [CMS-concurrent-sweep: 0.000/0.000 secs] [Times: user=0.00 sys=0.00, real=0.00 secs] 
2021-01-21T22:12:22.119+0800: 46.431: [CMS-concurrent-reset-start]
2021-01-21T22:12:22.120+0800: 46.432: [CMS-concurrent-reset: 0.001/0.001 secs] [Times: user=0.00 sys=0.00, real=0.00 secs] 
2021-01-21T22:12:22.138+0800: 46.451: [GC (Allocation Failure) 2021-01-21T22:12:22.139+0800: 46.451: [ParNew: 156928K->156928K(157248K), 0.0002895 secs]2021-01-21T22:12:22.139+0800: 46.451: [CMS: 349392K->348961K(349568K), 0.0583677 secs] 506320K->377001K(506816K), [Metaspace: 2816K->2816K(1056768K)], 0.0597482 secs] [Times: user=0.06 sys=0.00, real=0.06 secs] 
2021-01-21T22:12:22.199+0800: 46.511: [GC (CMS Initial Mark) [1 CMS-initial-mark: 348961K(349568K)] 380140K(506816K), 0.0009655 secs] [Times: user=0.00 sys=0.00, real=0.00 secs] 
2021-01-21T22:12:22.200+0800: 46.513: [CMS-concurrent-mark-start]
2021-01-21T22:12:22.202+0800: 46.514: [CMS-concurrent-mark: 0.001/0.001 secs] [Times: user=0.00 sys=0.00, real=0.00 secs] 
2021-01-21T22:12:22.202+0800: 46.514: [CMS-concurrent-preclean-start]
2021-01-21T22:12:22.203+0800: 46.515: [CMS-concurrent-preclean: 0.001/0.001 secs] [Times: user=0.00 sys=0.00, real=0.00 secs] 
2021-01-21T22:12:22.204+0800: 46.516: [CMS-concurrent-abortable-preclean-start]
2021-01-21T22:12:22.204+0800: 46.516: [CMS-concurrent-abortable-preclean: 0.000/0.000 secs] [Times: user=0.00 sys=0.00, real=0.00 secs] 
2021-01-21T22:12:22.204+0800: 46.516: [GC (CMS Final Remark) [YG occupancy: 50142 K (157248 K)]2021-01-21T22:12:22.204+0800: 46.516: [Rescan (parallel) , 0.0063585 secs]2021-01-21T22:12:22.211+0800: 46.523: [weak refs processing, 0.0002171 secs]2021-01-21T22:12:22.211+0800: 46.523: [class unloading, 0.0003547 secs]2021-01-21T22:12:22.212+0800: 46.524: [scrub symbol table, 0.0004510 secs]2021-01-21T22:12:22.212+0800: 46.524: [scrub string table, 0.0004229 secs][1 CMS-remark: 348961K(349568K)] 399103K(506816K), 0.0091697 secs] [Times: user=0.05 sys=0.00, real=0.01 secs] 
2021-01-21T22:12:22.214+0800: 46.526: [CMS-concurrent-sweep-start]
2021-01-21T22:12:22.214+0800: 46.526: [CMS-concurrent-sweep: 0.000/0.000 secs] [Times: user=0.00 sys=0.00, real=0.00 secs] 
2021-01-21T22:12:22.214+0800: 46.526: [CMS-concurrent-reset-start]
2021-01-21T22:12:22.214+0800: 46.526: [CMS-concurrent-reset: 0.000/0.000 secs] [Times: user=0.00 sys=0.00, real=0.00 secs] 
2021-01-21T22:12:22.226+0800: 46.538: [GC (Allocation Failure) 2021-01-21T22:12:22.226+0800: 46.538: [ParNew: 156910K->156910K(157248K), 0.0002147 secs]2021-01-21T22:12:22.227+0800: 46.539: [CMS: 348505K->349542K(349568K), 0.0481741 secs] 505415K->376171K(506816K), [Metaspace: 2816K->2816K(1056768K)], 0.0494142 secs] [Times: user=0.05 sys=0.00, real=0.05 secs] 
2021-01-21T22:12:22.276+0800: 46.588: [GC (CMS Initial Mark) [1 CMS-initial-mark: 349542K(349568K)] 379731K(506816K), 0.0011031 secs] [Times: user=0.00 sys=0.00, real=0.00 secs] 
2021-01-21T22:12:22.278+0800: 46.590: [CMS-concurrent-mark-start]
2021-01-21T22:12:22.279+0800: 46.591: [CMS-concurrent-mark: 0.001/0.001 secs] [Times: user=0.00 sys=0.00, real=0.01 secs] 
2021-01-21T22:12:22.280+0800: 46.592: [CMS-concurrent-preclean-start]
2021-01-21T22:12:22.281+0800: 46.593: [CMS-concurrent-preclean: 0.001/0.001 secs] [Times: user=0.00 sys=0.00, real=0.00 secs] 
2021-01-21T22:12:22.281+0800: 46.593: [CMS-concurrent-abortable-preclean-start]
2021-01-21T22:12:22.281+0800: 46.593: [CMS-concurrent-abortable-preclean: 0.000/0.000 secs] [Times: user=0.00 sys=0.00, real=0.00 secs] 
2021-01-21T22:12:22.282+0800: 46.594: [GC (CMS Final Remark) [YG occupancy: 54618 K (157248 K)]2021-01-21T22:12:22.282+0800: 46.594: [Rescan (parallel) , 0.0012082 secs]2021-01-21T22:12:22.284+0800: 46.596: [weak refs processing, 0.0003586 secs]2021-01-21T22:12:22.284+0800: 46.596: [class unloading, 0.0004206 secs]2021-01-21T22:12:22.285+0800: 46.597: [scrub symbol table, 0.0005324 secs]2021-01-21T22:12:22.286+0800: 46.598: [scrub string table, 0.0004455 secs][1 CMS-remark: 349542K(349568K)] 404160K(506816K), 0.0048183 secs] [Times: user=0.00 sys=0.00, real=0.00 secs] 
2021-01-21T22:12:22.287+0800: 46.599: [CMS-concurrent-sweep-start]
2021-01-21T22:12:22.288+0800: 46.600: [CMS-concurrent-sweep: 0.000/0.000 secs] [Times: user=0.00 sys=0.00, real=0.00 secs] 
2021-01-21T22:12:22.288+0800: 46.600: [CMS-concurrent-reset-start]
2021-01-21T22:12:22.288+0800: 46.600: [CMS-concurrent-reset: 0.000/0.000 secs] [Times: user=0.00 sys=0.00, real=0.01 secs] 
2021-01-21T22:12:22.300+0800: 46.612: [GC (Allocation Failure) 2021-01-21T22:12:22.300+0800: 46.612: [ParNew: 156781K->156781K(157248K), 0.0003540 secs]2021-01-21T22:12:22.301+0800: 46.613: [CMS: 348946K->349460K(349568K), 0.0469874 secs] 505727K->376756K(506816K), [Metaspace: 2816K->2816K(1056768K)], 0.0485630 secs] [Times: user=0.04 sys=0.00, real=0.05 secs] 
2021-01-21T22:12:22.349+0800: 46.661: [GC (CMS Initial Mark) [1 CMS-initial-mark: 349460K(349568K)] 379922K(506816K), 0.0014799 secs] [Times: user=0.01 sys=0.00, real=0.00 secs] 
2021-01-21T22:12:22.351+0800: 46.663: [CMS-concurrent-mark-start]
2021-01-21T22:12:22.353+0800: 46.665: [CMS-concurrent-mark: 0.002/0.002 secs] [Times: user=0.00 sys=0.00, real=0.00 secs] 
2021-01-21T22:12:22.354+0800: 46.666: [CMS-concurrent-preclean-start]
2021-01-21T22:12:22.355+0800: 46.667: [CMS-concurrent-preclean: 0.001/0.001 secs] [Times: user=0.00 sys=0.00, real=0.00 secs] 
2021-01-21T22:12:22.355+0800: 46.667: [CMS-concurrent-abortable-preclean-start]
2021-01-21T22:12:22.355+0800: 46.667: [CMS-concurrent-abortable-preclean: 0.000/0.000 secs] [Times: user=0.00 sys=0.00, real=0.00 secs] 
2021-01-21T22:12:22.356+0800: 46.668: [GC (CMS Final Remark) [YG occupancy: 58803 K (157248 K)]2021-01-21T22:12:22.356+0800: 46.668: [Rescan (parallel) , 0.0012158 secs]2021-01-21T22:12:22.358+0800: 46.670: [weak refs processing, 0.0002861 secs]2021-01-21T22:12:22.358+0800: 46.670: [class unloading, 0.0004632 secs]2021-01-21T22:12:22.359+0800: 46.671: [scrub symbol table, 0.0005350 secs]2021-01-21T22:12:22.360+0800: 46.672: [scrub string table, 0.0003518 secs][1 CMS-remark: 349460K(349568K)] 408263K(506816K), 0.0048362 secs] [Times: user=0.00 sys=0.00, real=0.01 secs] 
2021-01-21T22:12:22.362+0800: 46.674: [CMS-concurrent-sweep-start]
2021-01-21T22:12:22.362+0800: 46.674: [CMS-concurrent-sweep: 0.000/0.000 secs] [Times: user=0.00 sys=0.00, real=0.00 secs] 
2021-01-21T22:12:22.362+0800: 46.674: [CMS-concurrent-reset-start]
2021-01-21T22:12:22.363+0800: 46.675: [CMS-concurrent-reset: 0.000/0.000 secs] [Times: user=0.00 sys=0.00, real=0.00 secs] 
2021-01-21T22:12:22.374+0800: 46.686: [GC (Allocation Failure) 2021-01-21T22:12:22.374+0800: 46.686: [ParNew: 157247K->157247K(157248K), 0.0003423 secs]2021-01-21T22:12:22.375+0800: 46.687: [CMS: 348013K->349483K(349568K), 0.0499127 secs] 505261K->373928K(506816K), [Metaspace: 2816K->2816K(1056768K)], 0.0514842 secs] [Times: user=0.05 sys=0.00, real=0.05 secs] 
2021-01-21T22:12:22.426+0800: 46.738: [GC (CMS Initial Mark) [1 CMS-initial-mark: 349483K(349568K)] 376670K(506816K), 0.0012046 secs] [Times: user=0.01 sys=0.00, real=0.00 secs] 
2021-01-21T22:12:22.428+0800: 46.740: [CMS-concurrent-mark-start]
2021-01-21T22:12:22.430+0800: 46.742: [CMS-concurrent-mark: 0.002/0.002 secs] [Times: user=0.00 sys=0.00, real=0.01 secs] 
2021-01-21T22:12:22.430+0800: 46.742: [CMS-concurrent-preclean-start]
2021-01-21T22:12:22.431+0800: 46.743: [CMS-concurrent-preclean: 0.001/0.001 secs] [Times: user=0.00 sys=0.00, real=0.00 secs] 
2021-01-21T22:12:22.432+0800: 46.744: [CMS-concurrent-abortable-preclean-start]
2021-01-21T22:12:22.432+0800: 46.744: [CMS-concurrent-abortable-preclean: 0.000/0.000 secs] [Times: user=0.00 sys=0.00, real=0.00 secs] 
2021-01-21T22:12:22.432+0800: 46.744: [GC (CMS Final Remark) [YG occupancy: 52140 K (157248 K)]2021-01-21T22:12:22.432+0800: 46.744: [Rescan (parallel) , 0.0007863 secs]2021-01-21T22:12:22.434+0800: 46.746: [weak refs processing, 0.0002820 secs]2021-01-21T22:12:22.434+0800: 46.746: [class unloading, 0.0005272 secs]2021-01-21T22:12:22.435+0800: 46.747: [scrub symbol table, 0.0006159 secs]2021-01-21T22:12:22.436+0800: 46.748: [scrub string table, 0.0003906 secs][1 CMS-remark: 349483K(349568K)] 401623K(506816K), 0.0043620 secs] [Times: user=0.00 sys=0.00, real=0.00 secs] 
2021-01-21T22:12:22.437+0800: 46.749: [CMS-concurrent-sweep-start]
2021-01-21T22:12:22.437+0800: 46.749: [CMS-concurrent-sweep: 0.000/0.000 secs] [Times: user=0.00 sys=0.00, real=0.00 secs] 
2021-01-21T22:12:22.438+0800: 46.750: [CMS-concurrent-reset-start]
2021-01-21T22:12:22.438+0800: 46.750: [CMS-concurrent-reset: 0.000/0.000 secs] [Times: user=0.00 sys=0.00, real=0.00 secs] 
2021-01-21T22:12:22.449+0800: 46.761: [GC (Allocation Failure) 2021-01-21T22:12:22.450+0800: 46.762: [ParNew: 157123K->157123K(157248K), 0.0003836 secs]2021-01-21T22:12:22.451+0800: 46.763: [CMS: 348985K->349217K(349568K), 0.0506753 secs] 506109K->372295K(506816K), [Metaspace: 2816K->2816K(1056768K)], 0.0523764 secs] [Times: user=0.05 sys=0.00, real=0.05 secs] 
2021-01-21T22:12:22.503+0800: 46.815: [GC (CMS Initial Mark) [1 CMS-initial-mark: 349217K(349568K)] 375804K(506816K), 0.0013135 secs] [Times: user=0.00 sys=0.00, real=0.00 secs] 
2021-01-21T22:12:22.505+0800: 46.817: [CMS-concurrent-mark-start]
2021-01-21T22:12:22.506+0800: 46.818: [CMS-concurrent-mark: 0.001/0.001 secs] [Times: user=0.00 sys=0.00, real=0.00 secs] 
2021-01-21T22:12:22.507+0800: 46.819: [CMS-concurrent-preclean-start]
2021-01-21T22:12:22.508+0800: 46.820: [CMS-concurrent-preclean: 0.001/0.001 secs] [Times: user=0.00 sys=0.00, real=0.00 secs] 
2021-01-21T22:12:22.508+0800: 46.820: [CMS-concurrent-abortable-preclean-start]
2021-01-21T22:12:22.508+0800: 46.820: [CMS-concurrent-abortable-preclean: 0.000/0.000 secs] [Times: user=0.00 sys=0.00, real=0.00 secs] 
2021-01-21T22:12:22.509+0800: 46.821: [GC (CMS Final Remark) [YG occupancy: 56721 K (157248 K)]2021-01-21T22:12:22.509+0800: 46.821: [Rescan (parallel) , 0.0013134 secs]2021-01-21T22:12:22.511+0800: 46.823: [weak refs processing, 0.0003305 secs]2021-01-21T22:12:22.511+0800: 46.823: [class unloading, 0.0005634 secs]2021-01-21T22:12:22.512+0800: 46.824: [scrub symbol table, 0.0005929 secs]2021-01-21T22:12:22.513+0800: 46.825: [scrub string table, 0.0004020 secs][1 CMS-remark: 349217K(349568K)] 405938K(506816K), 0.0047528 secs] [Times: user=0.01 sys=0.00, real=0.00 secs] 
2021-01-21T22:12:22.514+0800: 46.826: [CMS-concurrent-sweep-start]
2021-01-21T22:12:22.514+0800: 46.826: [CMS-concurrent-sweep: 0.000/0.000 secs] [Times: user=0.00 sys=0.00, real=0.00 secs] 
2021-01-21T22:12:22.515+0800: 46.827: [CMS-concurrent-reset-start]
2021-01-21T22:12:22.515+0800: 46.827: [CMS-concurrent-reset: 0.000/0.000 secs] [Times: user=0.00 sys=0.00, real=0.00 secs] 
2021-01-21T22:12:22.529+0800: 46.841: [GC (Allocation Failure) 2021-01-21T22:12:22.530+0800: 46.842: [ParNew: 157242K->157242K(157248K), 0.0003833 secs]2021-01-21T22:12:22.530+0800: 46.843: [CMS: 347851K->349530K(349568K), 0.0585364 secs] 505094K->373632K(506816K), [Metaspace: 2816K->2816K(1056768K)], 0.0602675 secs] [Times: user=0.05 sys=0.00, real=0.06 secs] 
2021-01-21T22:12:22.591+0800: 46.903: [GC (CMS Initial Mark) [1 CMS-initial-mark: 349530K(349568K)] 376969K(506816K), 0.0012222 secs] [Times: user=0.00 sys=0.00, real=0.00 secs] 
2021-01-21T22:12:22.593+0800: 46.905: [CMS-concurrent-mark-start]
2021-01-21T22:12:22.594+0800: 46.906: [CMS-concurrent-mark: 0.001/0.001 secs] [Times: user=0.00 sys=0.00, real=0.00 secs] 
2021-01-21T22:12:22.594+0800: 46.906: [CMS-concurrent-preclean-start]
2021-01-21T22:12:22.596+0800: 46.908: [CMS-concurrent-preclean: 0.001/0.001 secs] [Times: user=0.00 sys=0.00, real=0.00 secs] 
2021-01-21T22:12:22.596+0800: 46.908: [CMS-concurrent-abortable-preclean-start]
2021-01-21T22:12:22.596+0800: 46.908: [CMS-concurrent-abortable-preclean: 0.000/0.000 secs] [Times: user=0.00 sys=0.00, real=0.00 secs] 
2021-01-21T22:12:22.596+0800: 46.909: [GC (CMS Final Remark) [YG occupancy: 49756 K (157248 K)]2021-01-21T22:12:22.597+0800: 46.909: [Rescan (parallel) , 0.0010877 secs]2021-01-21T22:12:22.598+0800: 46.910: [weak refs processing, 0.0002798 secs]2021-01-21T22:12:22.599+0800: 46.911: [class unloading, 0.0005210 secs]2021-01-21T22:12:22.599+0800: 46.911: [scrub symbol table, 0.0005757 secs]2021-01-21T22:12:22.600+0800: 46.912: [scrub string table, 0.0003181 secs][1 CMS-remark: 349530K(349568K)] 399286K(506816K), 0.0042463 secs] [Times: user=0.01 sys=0.00, real=0.01 secs] 
2021-01-21T22:12:22.601+0800: 46.914: [CMS-concurrent-sweep-start]
2021-01-21T22:12:22.602+0800: 46.914: [CMS-concurrent-sweep: 0.001/0.001 secs] [Times: user=0.00 sys=0.00, real=0.00 secs] 
2021-01-21T22:12:22.603+0800: 46.915: [CMS-concurrent-reset-start]
2021-01-21T22:12:22.603+0800: 46.915: [CMS-concurrent-reset: 0.000/0.000 secs] [Times: user=0.00 sys=0.00, real=0.00 secs] 
2021-01-21T22:12:22.616+0800: 46.928: [GC (Allocation Failure) 2021-01-21T22:12:22.616+0800: 46.928: [ParNew: 156978K->156978K(157248K), 0.0003726 secs]2021-01-21T22:12:22.617+0800: 46.929: [CMS: 349409K->349414K(349568K), 0.0552861 secs] 506388K->379201K(506816K), [Metaspace: 2816K->2816K(1056768K)], 0.0568163 secs] [Times: user=0.06 sys=0.00, real=0.06 secs] 
2021-01-21T22:12:22.674+0800: 46.986: [GC (CMS Initial Mark) [1 CMS-initial-mark: 349414K(349568K)] 382390K(506816K), 0.0013142 secs] [Times: user=0.00 sys=0.00, real=0.00 secs] 
2021-01-21T22:12:22.676+0800: 46.988: [CMS-concurrent-mark-start]
2021-01-21T22:12:22.677+0800: 46.989: [CMS-concurrent-mark: 0.001/0.001 secs] [Times: user=0.00 sys=0.00, real=0.00 secs] 
2021-01-21T22:12:22.677+0800: 46.990: [CMS-concurrent-preclean-start]
2021-01-21T22:12:22.679+0800: 46.991: [CMS-concurrent-preclean: 0.001/0.001 secs] [Times: user=0.00 sys=0.00, real=0.01 secs] 
2021-01-21T22:12:22.679+0800: 46.991: [CMS-concurrent-abortable-preclean-start]
2021-01-21T22:12:22.679+0800: 46.991: [CMS-concurrent-abortable-preclean: 0.000/0.000 secs] [Times: user=0.00 sys=0.00, real=0.00 secs] 
2021-01-21T22:12:22.680+0800: 46.992: [GC (CMS Final Remark) [YG occupancy: 55093 K (157248 K)]2021-01-21T22:12:22.680+0800: 46.992: [Rescan (parallel) , 0.0006703 secs]2021-01-21T22:12:22.681+0800: 46.993: [weak refs processing, 0.0003375 secs]2021-01-21T22:12:22.682+0800: 46.994: [class unloading, 0.0004653 secs]2021-01-21T22:12:22.682+0800: 46.994: [scrub symbol table, 0.0005484 secs]2021-01-21T22:12:22.683+0800: 46.995: [scrub string table, 0.0003961 secs][1 CMS-remark: 349414K(349568K)] 404508K(506816K), 0.0041691 secs] [Times: user=0.00 sys=0.00, real=0.00 secs] 
2021-01-21T22:12:22.685+0800: 46.997: [CMS-concurrent-sweep-start]
2021-01-21T22:12:22.685+0800: 46.997: [CMS-concurrent-sweep: 0.000/0.000 secs] [Times: user=0.01 sys=0.00, real=0.00 secs] 
2021-01-21T22:12:22.685+0800: 46.998: [CMS-concurrent-reset-start]
2021-01-21T22:12:22.686+0800: 46.998: [CMS-concurrent-reset: 0.000/0.000 secs] [Times: user=0.00 sys=0.00, real=0.00 secs] 
2021-01-21T22:12:22.698+0800: 47.010: [GC (Allocation Failure) 2021-01-21T22:12:22.699+0800: 47.011: [ParNew: 157170K->157170K(157248K), 0.0004704 secs]2021-01-21T22:12:22.700+0800: 47.012: [CMS: 348791K->348934K(349568K), 0.0494904 secs] 505961K->370664K(506816K), [Metaspace: 2816K->2816K(1056768K)], 0.0511723 secs] [Times: user=0.05 sys=0.00, real=0.05 secs] 
2021-01-21T22:12:22.751+0800: 47.063: [GC (CMS Initial Mark) [1 CMS-initial-mark: 348934K(349568K)] 373597K(506816K), 0.0014579 secs] [Times: user=0.00 sys=0.00, real=0.00 secs] 
2021-01-21T22:12:22.753+0800: 47.065: [CMS-concurrent-mark-start]
2021-01-21T22:12:22.754+0800: 47.066: [CMS-concurrent-mark: 0.001/0.001 secs] [Times: user=0.00 sys=0.00, real=0.00 secs] 
2021-01-21T22:12:22.755+0800: 47.067: [CMS-concurrent-preclean-start]
2021-01-21T22:12:22.756+0800: 47.068: [CMS-concurrent-preclean: 0.001/0.001 secs] [Times: user=0.00 sys=0.00, real=0.00 secs] 
2021-01-21T22:12:22.756+0800: 47.068: [CMS-concurrent-abortable-preclean-start]
2021-01-21T22:12:22.756+0800: 47.068: [CMS-concurrent-abortable-preclean: 0.000/0.000 secs] [Times: user=0.00 sys=0.00, real=0.00 secs] 
2021-01-21T22:12:22.757+0800: 47.069: [GC (CMS Final Remark) [YG occupancy: 53506 K (157248 K)]2021-01-21T22:12:22.757+0800: 47.069: [Rescan (parallel) , 0.0011429 secs]2021-01-21T22:12:22.758+0800: 47.070: [weak refs processing, 0.0003979 secs]2021-01-21T22:12:22.759+0800: 47.071: [class unloading, 0.0004275 secs]2021-01-21T22:12:22.760+0800: 47.072: [scrub symbol table, 0.0006883 secs]2021-01-21T22:12:22.761+0800: 47.073: [scrub string table, 0.0004703 secs][1 CMS-remark: 348934K(349568K)] 402440K(506816K), 0.0047979 secs] [Times: user=0.00 sys=0.00, real=0.01 secs] 
2021-01-21T22:12:22.762+0800: 47.074: [CMS-concurrent-sweep-start]
2021-01-21T22:12:22.762+0800: 47.075: [CMS-concurrent-sweep: 0.000/0.000 secs] [Times: user=0.00 sys=0.00, real=0.00 secs] 
2021-01-21T22:12:22.763+0800: 47.075: [CMS-concurrent-reset-start]
2021-01-21T22:12:22.763+0800: 47.075: [CMS-concurrent-reset: 0.000/0.000 secs] [Times: user=0.01 sys=0.00, real=0.00 secs] 
2021-01-21T22:12:22.776+0800: 47.088: [GC (Allocation Failure) 2021-01-21T22:12:22.776+0800: 47.088: [ParNew: 157220K->157220K(157248K), 0.0003835 secs]2021-01-21T22:12:22.777+0800: 47.089: [CMS: 348058K->349246K(349568K), 0.0600110 secs] 505279K->382641K(506816K), [Metaspace: 2816K->2816K(1056768K)], 0.0618573 secs] [Times: user=0.06 sys=0.00, real=0.06 secs] 
2021-01-21T22:12:22.838+0800: 47.150: [GC (CMS Initial Mark) [1 CMS-initial-mark: 349246K(349568K)] 385345K(506816K), 0.0014194 secs] [Times: user=0.00 sys=0.00, real=0.00 secs] 
2021-01-21T22:12:22.840+0800: 47.152: [CMS-concurrent-mark-start]
2021-01-21T22:12:22.842+0800: 47.154: [CMS-concurrent-mark: 0.001/0.001 secs] [Times: user=0.00 sys=0.00, real=0.00 secs] 
2021-01-21T22:12:22.842+0800: 47.154: [CMS-concurrent-preclean-start]
2021-01-21T22:12:22.843+0800: 47.155: [CMS-concurrent-preclean: 0.001/0.001 secs] [Times: user=0.00 sys=0.00, real=0.00 secs] 
2021-01-21T22:12:22.844+0800: 47.156: [CMS-concurrent-abortable-preclean-start]
2021-01-21T22:12:22.844+0800: 47.156: [CMS-concurrent-abortable-preclean: 0.000/0.000 secs] [Times: user=0.00 sys=0.00, real=0.00 secs] 
2021-01-21T22:12:22.844+0800: 47.156: [GC (CMS Final Remark) [YG occupancy: 61590 K (157248 K)]2021-01-21T22:12:22.844+0800: 47.157: [Rescan (parallel) , 0.0015120 secs]2021-01-21T22:12:22.846+0800: 47.159: [weak refs processing, 0.0003631 secs]2021-01-21T22:12:22.847+0800: 47.159: [class unloading, 0.0004152 secs]2021-01-21T22:12:22.848+0800: 47.160: [scrub symbol table, 0.0005600 secs]2021-01-21T22:12:22.849+0800: 47.161: [scrub string table, 0.0003832 secs][1 CMS-remark: 349246K(349568K)] 410837K(506816K), 0.0051568 secs] [Times: user=0.01 sys=0.00, real=0.01 secs] 
2021-01-21T22:12:22.850+0800: 47.162: [CMS-concurrent-sweep-start]
2021-01-21T22:12:22.850+0800: 47.162: [CMS-concurrent-sweep: 0.000/0.000 secs] [Times: user=0.00 sys=0.00, real=0.00 secs] 
2021-01-21T22:12:22.851+0800: 47.163: [CMS-concurrent-reset-start]
2021-01-21T22:12:22.851+0800: 47.163: [CMS-concurrent-reset: 0.000/0.000 secs] [Times: user=0.00 sys=0.00, real=0.00 secs] 
2021-01-21T22:12:22.866+0800: 47.178: [GC (Allocation Failure) 2021-01-21T22:12:22.866+0800: 47.178: [ParNew: 157157K->157157K(157248K), 0.0003431 secs]2021-01-21T22:12:22.867+0800: 47.179: [CMS: 347727K->349517K(349568K), 0.0613241 secs] 504884K->379788K(506816K), [Metaspace: 2816K->2816K(1056768K)], 0.0628552 secs] [Times: user=0.06 sys=0.00, real=0.07 secs] 
2021-01-21T22:12:22.930+0800: 47.242: [GC (CMS Initial Mark) [1 CMS-initial-mark: 349517K(349568K)] 383080K(506816K), 0.0012514 secs] [Times: user=0.01 sys=0.00, real=0.00 secs] 
2021-01-21T22:12:22.931+0800: 47.243: [CMS-concurrent-mark-start]
2021-01-21T22:12:22.933+0800: 47.245: [CMS-concurrent-mark: 0.001/0.001 secs] [Times: user=0.00 sys=0.00, real=0.00 secs] 
2021-01-21T22:12:22.933+0800: 47.245: [CMS-concurrent-preclean-start]
2021-01-21T22:12:22.935+0800: 47.247: [CMS-concurrent-preclean: 0.002/0.002 secs] [Times: user=0.00 sys=0.00, real=0.00 secs] 
2021-01-21T22:12:22.936+0800: 47.248: [CMS-concurrent-abortable-preclean-start]
2021-01-21T22:12:22.936+0800: 47.248: [CMS-concurrent-abortable-preclean: 0.000/0.000 secs] [Times: user=0.00 sys=0.00, real=0.00 secs] 
2021-01-21T22:12:22.937+0800: 47.249: [GC (CMS Final Remark) [YG occupancy: 61339 K (157248 K)]2021-01-21T22:12:22.937+0800: 47.249: [Rescan (parallel) , 0.0010564 secs]2021-01-21T22:12:22.938+0800: 47.250: [weak refs processing, 0.0002876 secs]2021-01-21T22:12:22.939+0800: 47.251: [class unloading, 0.0005943 secs]2021-01-21T22:12:22.940+0800: 47.252: [scrub symbol table, 0.0007429 secs]2021-01-21T22:12:22.941+0800: 47.253: [scrub string table, 0.0005228 secs][1 CMS-remark: 349517K(349568K)] 410857K(506816K), 0.0051647 secs] [Times: user=0.00 sys=0.00, real=0.01 secs] 
2021-01-21T22:12:22.943+0800: 47.255: [CMS-concurrent-sweep-start]
2021-01-21T22:12:22.943+0800: 47.255: [CMS-concurrent-sweep: 0.001/0.001 secs] [Times: user=0.00 sys=0.00, real=0.00 secs] 
2021-01-21T22:12:22.943+0800: 47.255: [CMS-concurrent-reset-start]
2021-01-21T22:12:22.944+0800: 47.256: [CMS-concurrent-reset: 0.000/0.000 secs] [Times: user=0.00 sys=0.00, real=0.00 secs] 
2021-01-21T22:12:22.957+0800: 47.269: [GC (Allocation Failure) 2021-01-21T22:12:22.958+0800: 47.270: [ParNew: 157135K->157135K(157248K), 0.0003320 secs]2021-01-21T22:12:22.958+0800: 47.270: [CMS: 348968K->349551K(349568K), 0.0585738 secs] 506104K->385656K(506816K), [Metaspace: 2816K->2816K(1056768K)], 0.0600549 secs] [Times: user=0.05 sys=0.00, real=0.06 secs] 
2021-01-21T22:12:23.019+0800: 47.331: [GC (CMS Initial Mark) [1 CMS-initial-mark: 349551K(349568K)] 388812K(506816K), 0.0017932 secs] [Times: user=0.00 sys=0.00, real=0.00 secs] 
2021-01-21T22:12:23.021+0800: 47.333: [CMS-concurrent-mark-start]
2021-01-21T22:12:23.023+0800: 47.336: [CMS-concurrent-mark: 0.002/0.002 secs] [Times: user=0.00 sys=0.00, real=0.00 secs] 
2021-01-21T22:12:23.024+0800: 47.336: [CMS-concurrent-preclean-start]
2021-01-21T22:12:23.025+0800: 47.337: [CMS-concurrent-preclean: 0.001/0.001 secs] [Times: user=0.00 sys=0.00, real=0.00 secs] 
2021-01-21T22:12:23.026+0800: 47.338: [CMS-concurrent-abortable-preclean-start]
2021-01-21T22:12:23.026+0800: 47.338: [CMS-concurrent-abortable-preclean: 0.000/0.000 secs] [Times: user=0.00 sys=0.00, real=0.00 secs] 
2021-01-21T22:12:23.026+0800: 47.338: [GC (CMS Final Remark) [YG occupancy: 71997 K (157248 K)]2021-01-21T22:12:23.027+0800: 47.339: [Rescan (parallel) , 0.0013889 secs]2021-01-21T22:12:23.028+0800: 47.340: [weak refs processing, 0.0004502 secs]2021-01-21T22:12:23.029+0800: 47.341: [class unloading, 0.0006146 secs]2021-01-21T22:12:23.030+0800: 47.342: [scrub symbol table, 0.0006520 secs]2021-01-21T22:12:23.031+0800: 47.343: [scrub string table, 0.0004547 secs][1 CMS-remark: 349551K(349568K)] 421549K(506816K), 0.0055873 secs] [Times: user=0.00 sys=0.01, real=0.01 secs] 
2021-01-21T22:12:23.033+0800: 47.345: [CMS-concurrent-sweep-start]
2021-01-21T22:12:23.033+0800: 47.345: [CMS-concurrent-sweep: 0.000/0.000 secs] [Times: user=0.00 sys=0.00, real=0.00 secs] 
2021-01-21T22:12:23.034+0800: 47.346: [CMS-concurrent-reset-start]
2021-01-21T22:12:23.034+0800: 47.346: [CMS-concurrent-reset: 0.000/0.000 secs] [Times: user=0.00 sys=0.00, real=0.00 secs] 
2021-01-21T22:12:23.052+0800: 47.364: [GC (Allocation Failure) 2021-01-21T22:12:23.053+0800: 47.365: [ParNew: 157237K->157237K(157248K), 0.0004084 secs]2021-01-21T22:12:23.053+0800: 47.365: [CMS: 348244K->349561K(349568K), 0.0669221 secs] 505481K->390175K(506816K), [Metaspace: 2816K->2816K(1056768K)], 0.0687283 secs] [Times: user=0.07 sys=0.00, real=0.07 secs] 
2021-01-21T22:12:23.122+0800: 47.434: [GC (CMS Initial Mark) [1 CMS-initial-mark: 349561K(349568K)] 392706K(506816K), 0.0008993 secs] [Times: user=0.00 sys=0.00, real=0.00 secs] 
2021-01-21T22:12:23.123+0800: 47.435: [CMS-concurrent-mark-start]
2021-01-21T22:12:23.124+0800: 47.436: [CMS-concurrent-mark: 0.002/0.002 secs] [Times: user=0.00 sys=0.00, real=0.00 secs] 
2021-01-21T22:12:23.125+0800: 47.437: [CMS-concurrent-preclean-start]
2021-01-21T22:12:23.126+0800: 47.438: [CMS-concurrent-preclean: 0.001/0.001 secs] [Times: user=0.00 sys=0.00, real=0.00 secs] 
2021-01-21T22:12:23.127+0800: 47.439: [CMS-concurrent-abortable-preclean-start]
2021-01-21T22:12:23.127+0800: 47.439: [CMS-concurrent-abortable-preclean: 0.000/0.000 secs] [Times: user=0.00 sys=0.00, real=0.00 secs] 
2021-01-21T22:12:23.127+0800: 47.439: [GC (CMS Final Remark) [YG occupancy: 73108 K (157248 K)]2021-01-21T22:12:23.127+0800: 47.440: [Rescan (parallel) , 0.0032295 secs]2021-01-21T22:12:23.131+0800: 47.443: [weak refs processing, 0.0005139 secs]2021-01-21T22:12:23.132+0800: 47.444: [class unloading, 0.0005969 secs]2021-01-21T22:12:23.133+0800: 47.445: [scrub symbol table, 0.0007167 secs]2021-01-21T22:12:23.134+0800: 47.446: [scrub string table, 0.0003969 secs][1 CMS-remark: 349561K(349568K)] 422669K(506816K), 0.0075544 secs] [Times: user=0.02 sys=0.00, real=0.01 secs] 
2021-01-21T22:12:23.135+0800: 47.447: [CMS-concurrent-sweep-start]
2021-01-21T22:12:23.136+0800: 47.448: [CMS-concurrent-sweep: 0.000/0.000 secs] [Times: user=0.00 sys=0.00, real=0.00 secs] 
2021-01-21T22:12:23.136+0800: 47.448: [CMS-concurrent-reset-start]
2021-01-21T22:12:23.136+0800: 47.448: [CMS-concurrent-reset: 0.000/0.000 secs] [Times: user=0.00 sys=0.00, real=0.00 secs] 
2021-01-21T22:12:23.151+0800: 47.463: [GC (Allocation Failure) 2021-01-21T22:12:23.151+0800: 47.463: [ParNew: 156977K->156977K(157248K), 0.0007051 secs]2021-01-21T22:12:23.152+0800: 47.464: [CMS: 347950K->349517K(349568K), 0.0562226 secs] 504927K->387356K(506816K), [Metaspace: 2816K->2816K(1056768K)], 0.0581167 secs] [Times: user=0.05 sys=0.00, real=0.06 secs] 
2021-01-21T22:12:23.210+0800: 47.522: [GC (CMS Initial Mark) [1 CMS-initial-mark: 349517K(349568K)] 390085K(506816K), 0.0014146 secs] [Times: user=0.00 sys=0.00, real=0.00 secs] 
2021-01-21T22:12:23.212+0800: 47.524: [CMS-concurrent-mark-start]
2021-01-21T22:12:23.213+0800: 47.525: [CMS-concurrent-mark: 0.001/0.001 secs] [Times: user=0.01 sys=0.00, real=0.00 secs] 
2021-01-21T22:12:23.214+0800: 47.526: [CMS-concurrent-preclean-start]
2021-01-21T22:12:23.215+0800: 47.527: [CMS-concurrent-preclean: 0.001/0.001 secs] [Times: user=0.00 sys=0.00, real=0.00 secs] 
2021-01-21T22:12:23.215+0800: 47.527: [CMS-concurrent-abortable-preclean-start]
2021-01-21T22:12:23.215+0800: 47.527: [CMS-concurrent-abortable-preclean: 0.000/0.000 secs] [Times: user=0.00 sys=0.00, real=0.00 secs] 
2021-01-21T22:12:23.216+0800: 47.528: [GC (CMS Final Remark) [YG occupancy: 62159 K (157248 K)]2021-01-21T22:12:23.216+0800: 47.528: [Rescan (parallel) , 0.0011024 secs]2021-01-21T22:12:23.217+0800: 47.529: [weak refs processing, 0.0002698 secs]2021-01-21T22:12:23.218+0800: 47.530: [class unloading, 0.0006538 secs]2021-01-21T22:12:23.219+0800: 47.531: [scrub symbol table, 0.0006170 secs]2021-01-21T22:12:23.220+0800: 47.532: [scrub string table, 0.0004367 secs][1 CMS-remark: 349517K(349568K)] 411676K(506816K), 0.0048960 secs] [Times: user=0.01 sys=0.00, real=0.01 secs] 
2021-01-21T22:12:23.221+0800: 47.533: [CMS-concurrent-sweep-start]
2021-01-21T22:12:23.222+0800: 47.534: [CMS-concurrent-sweep: 0.000/0.000 secs] [Times: user=0.00 sys=0.00, real=0.00 secs] 
2021-01-21T22:12:23.222+0800: 47.534: [CMS-concurrent-reset-start]
2021-01-21T22:12:23.222+0800: 47.534: [CMS-concurrent-reset: 0.000/0.000 secs] [Times: user=0.00 sys=0.00, real=0.00 secs] 
2021-01-21T22:12:23.234+0800: 47.546: [GC (Allocation Failure) 2021-01-21T22:12:23.235+0800: 47.547: [ParNew: 157236K->157236K(157248K), 0.0002801 secs]2021-01-21T22:12:23.236+0800: 47.548: [CMS: 348307K->349186K(349568K), 0.0622304 secs] 505544K->385573K(506816K), [Metaspace: 2816K->2816K(1056768K)], 0.0638015 secs] [Times: user=0.06 sys=0.00, real=0.07 secs] 
2021-01-21T22:12:23.299+0800: 47.611: [GC (CMS Initial Mark) [1 CMS-initial-mark: 349186K(349568K)] 388099K(506816K), 0.0010290 secs] [Times: user=0.01 sys=0.00, real=0.00 secs] 
2021-01-21T22:12:23.301+0800: 47.613: [CMS-concurrent-mark-start]
2021-01-21T22:12:23.303+0800: 47.615: [CMS-concurrent-mark: 0.002/0.002 secs] [Times: user=0.00 sys=0.00, real=0.00 secs] 
2021-01-21T22:12:23.303+0800: 47.615: [CMS-concurrent-preclean-start]
2021-01-21T22:12:23.304+0800: 47.616: [CMS-concurrent-preclean: 0.001/0.001 secs] [Times: user=0.00 sys=0.00, real=0.00 secs] 
2021-01-21T22:12:23.305+0800: 47.617: [CMS-concurrent-abortable-preclean-start]
2021-01-21T22:12:23.305+0800: 47.617: [CMS-concurrent-abortable-preclean: 0.000/0.000 secs] [Times: user=0.00 sys=0.00, real=0.00 secs] 
2021-01-21T22:12:23.305+0800: 47.617: [GC (CMS Final Remark) [YG occupancy: 66682 K (157248 K)]2021-01-21T22:12:23.306+0800: 47.618: [Rescan (parallel) , 0.0011419 secs]2021-01-21T22:12:23.307+0800: 47.619: [weak refs processing, 0.0003046 secs]2021-01-21T22:12:23.308+0800: 47.620: [class unloading, 0.0004323 secs]2021-01-21T22:12:23.308+0800: 47.620: [scrub symbol table, 0.0005131 secs]2021-01-21T22:12:23.309+0800: 47.621: [scrub string table, 0.0004478 secs][1 CMS-remark: 349186K(349568K)] 415868K(506816K), 0.0042957 secs] [Times: user=0.00 sys=0.00, real=0.01 secs] 
2021-01-21T22:12:23.310+0800: 47.622: [CMS-concurrent-sweep-start]
2021-01-21T22:12:23.311+0800: 47.623: [CMS-concurrent-sweep: 0.000/0.000 secs] [Times: user=0.00 sys=0.00, real=0.00 secs] 
2021-01-21T22:12:23.311+0800: 47.623: [CMS-concurrent-reset-start]
2021-01-21T22:12:23.311+0800: 47.624: [CMS-concurrent-reset: 0.000/0.000 secs] [Times: user=0.00 sys=0.00, real=0.00 secs] 
2021-01-21T22:12:23.321+0800: 47.633: [GC (Allocation Failure) 2021-01-21T22:12:23.322+0800: 47.634: [ParNew: 157216K->157216K(157248K), 0.0002765 secs]2021-01-21T22:12:23.322+0800: 47.634: [CMS: 348660K->349459K(349568K), 0.0507814 secs] 505877K->383389K(506816K), [Metaspace: 2816K->2816K(1056768K)], 0.0521284 secs] [Times: user=0.05 sys=0.00, real=0.05 secs] 
2021-01-21T22:12:23.374+0800: 47.686: [GC (CMS Initial Mark) [1 CMS-initial-mark: 349459K(349568K)] 386687K(506816K), 0.0010528 secs] [Times: user=0.00 sys=0.00, real=0.00 secs] 
2021-01-21T22:12:23.376+0800: 47.688: [CMS-concurrent-mark-start]
2021-01-21T22:12:23.377+0800: 47.689: [CMS-concurrent-mark: 0.001/0.001 secs] [Times: user=0.01 sys=0.00, real=0.00 secs] 
2021-01-21T22:12:23.378+0800: 47.690: [CMS-concurrent-preclean-start]
2021-01-21T22:12:23.379+0800: 47.691: [CMS-concurrent-preclean: 0.001/0.001 secs] [Times: user=0.00 sys=0.00, real=0.01 secs] 
2021-01-21T22:12:23.379+0800: 47.691: [CMS-concurrent-abortable-preclean-start]
2021-01-21T22:12:23.379+0800: 47.691: [CMS-concurrent-abortable-preclean: 0.000/0.000 secs] [Times: user=0.00 sys=0.00, real=0.00 secs] 
2021-01-21T22:12:23.380+0800: 47.692: [GC (CMS Final Remark) [YG occupancy: 66768 K (157248 K)]2021-01-21T22:12:23.380+0800: 47.692: [Rescan (parallel) , 0.0007782 secs]2021-01-21T22:12:23.381+0800: 47.693: [weak refs processing, 0.0002586 secs]2021-01-21T22:12:23.381+0800: 47.693: [class unloading, 0.0004070 secs]2021-01-21T22:12:23.382+0800: 47.694: [scrub symbol table, 0.0008459 secs]2021-01-21T22:12:23.383+0800: 47.695: [scrub string table, 0.0004156 secs][1 CMS-remark: 349459K(349568K)] 416227K(506816K), 0.0042498 secs] [Times: user=0.01 sys=0.00, real=0.00 secs] 
2021-01-21T22:12:23.384+0800: 47.696: [CMS-concurrent-sweep-start]
2021-01-21T22:12:23.385+0800: 47.697: [CMS-concurrent-sweep: 0.000/0.000 secs] [Times: user=0.00 sys=0.00, real=0.00 secs] 
2021-01-21T22:12:23.385+0800: 47.697: [CMS-concurrent-reset-start]
2021-01-21T22:12:23.385+0800: 47.697: [CMS-concurrent-reset: 0.000/0.000 secs] [Times: user=0.00 sys=0.00, real=0.00 secs] 
2021-01-21T22:12:23.397+0800: 47.709: [GC (Allocation Failure) 2021-01-21T22:12:23.398+0800: 47.710: [ParNew: 156830K->156830K(157248K), 0.0003984 secs]2021-01-21T22:12:23.398+0800: 47.710: [CMS: 348561K->349551K(349568K), 0.0530070 secs] 505391K->382071K(506816K), [Metaspace: 2816K->2816K(1056768K)], 0.0546229 secs] [Times: user=0.05 sys=0.00, real=0.06 secs] 
2021-01-21T22:12:23.453+0800: 47.765: [GC (CMS Initial Mark) [1 CMS-initial-mark: 349551K(349568K)] 385424K(506816K), 0.0014775 secs] [Times: user=0.01 sys=0.00, real=0.00 secs] 
2021-01-21T22:12:23.455+0800: 47.767: [CMS-concurrent-mark-start]
2021-01-21T22:12:23.456+0800: 47.768: [CMS-concurrent-mark: 0.001/0.001 secs] [Times: user=0.00 sys=0.00, real=0.00 secs] 
2021-01-21T22:12:23.457+0800: 47.769: [CMS-concurrent-preclean-start]
2021-01-21T22:12:23.458+0800: 47.770: [CMS-concurrent-preclean: 0.001/0.001 secs] [Times: user=0.00 sys=0.00, real=0.00 secs] 
2021-01-21T22:12:23.458+0800: 47.770: [CMS-concurrent-abortable-preclean-start]
2021-01-21T22:12:23.458+0800: 47.770: [CMS-concurrent-abortable-preclean: 0.000/0.000 secs] [Times: user=0.00 sys=0.00, real=0.00 secs] 
2021-01-21T22:12:23.458+0800: 47.770: [GC (CMS Final Remark) [YG occupancy: 63273 K (157248 K)]2021-01-21T22:12:23.459+0800: 47.771: [Rescan (parallel) , 0.0008109 secs]2021-01-21T22:12:23.460+0800: 47.772: [weak refs processing, 0.0002797 secs]2021-01-21T22:12:23.461+0800: 47.773: [class unloading, 0.0004656 secs]2021-01-21T22:12:23.461+0800: 47.773: [scrub symbol table, 0.0006495 secs]2021-01-21T22:12:23.462+0800: 47.774: [scrub string table, 0.0004648 secs][1 CMS-remark: 349551K(349568K)] 412824K(506816K), 0.0045059 secs] [Times: user=0.00 sys=0.00, real=0.00 secs] 
2021-01-21T22:12:23.464+0800: 47.776: [CMS-concurrent-sweep-start]
2021-01-21T22:12:23.464+0800: 47.776: [CMS-concurrent-sweep: 0.000/0.000 secs] [Times: user=0.00 sys=0.00, real=0.00 secs] 
2021-01-21T22:12:23.464+0800: 47.776: [CMS-concurrent-reset-start]
2021-01-21T22:12:23.464+0800: 47.776: [CMS-concurrent-reset: 0.000/0.000 secs] [Times: user=0.00 sys=0.00, real=0.00 secs] 
2021-01-21T22:12:23.475+0800: 47.787: [GC (Allocation Failure) 2021-01-21T22:12:23.475+0800: 47.787: [ParNew: 157146K->157146K(157248K), 0.0003379 secs]2021-01-21T22:12:23.476+0800: 47.788: [CMS: 347898K->349322K(349568K), 0.0511241 secs] 505045K->378601K(506816K), [Metaspace: 2816K->2816K(1056768K)], 0.0527716 secs] [Times: user=0.05 sys=0.00, real=0.05 secs] 
2021-01-21T22:12:23.528+0800: 47.841: [GC (CMS Initial Mark) [1 CMS-initial-mark: 349322K(349568K)] 378745K(506816K), 0.0016785 secs] [Times: user=0.00 sys=0.00, real=0.00 secs] 
2021-01-21T22:12:23.531+0800: 47.843: [CMS-concurrent-mark-start]
2021-01-21T22:12:23.532+0800: 47.844: [CMS-concurrent-mark: 0.001/0.001 secs] [Times: user=0.01 sys=0.00, real=0.00 secs] 
2021-01-21T22:12:23.533+0800: 47.845: [CMS-concurrent-preclean-start]
2021-01-21T22:12:23.534+0800: 47.846: [CMS-concurrent-preclean: 0.001/0.001 secs] [Times: user=0.00 sys=0.00, real=0.00 secs] 
2021-01-21T22:12:23.534+0800: 47.846: [CMS-concurrent-abortable-preclean-start]
2021-01-21T22:12:23.534+0800: 47.846: [CMS-concurrent-abortable-preclean: 0.000/0.000 secs] [Times: user=0.00 sys=0.00, real=0.00 secs] 
2021-01-21T22:12:23.535+0800: 47.847: [GC (CMS Final Remark) [YG occupancy: 53772 K (157248 K)]2021-01-21T22:12:23.535+0800: 47.847: [Rescan (parallel) , 0.0013246 secs]2021-01-21T22:12:23.537+0800: 47.849: [weak refs processing, 0.0003021 secs]2021-01-21T22:12:23.538+0800: 47.850: [class unloading, 0.0004853 secs]2021-01-21T22:12:23.538+0800: 47.850: [scrub symbol table, 0.0005146 secs]2021-01-21T22:12:23.539+0800: 47.851: [scrub string table, 0.0003916 secs][1 CMS-remark: 349322K(349568K)] 403094K(506816K), 0.0045984 secs] [Times: user=0.01 sys=0.00, real=0.01 secs] 
2021-01-21T22:12:23.540+0800: 47.852: [CMS-concurrent-sweep-start]
2021-01-21T22:12:23.541+0800: 47.853: [CMS-concurrent-sweep: 0.000/0.000 secs] [Times: user=0.00 sys=0.00, real=0.00 secs] 
2021-01-21T22:12:23.541+0800: 47.853: [CMS-concurrent-reset-start]
2021-01-21T22:12:23.541+0800: 47.853: [CMS-concurrent-reset: 0.000/0.000 secs] [Times: user=0.00 sys=0.00, real=0.00 secs] 
2021-01-21T22:12:23.554+0800: 47.866: [GC (Allocation Failure) 2021-01-21T22:12:23.555+0800: 47.867: [ParNew: 157220K->157220K(157248K), 0.0003541 secs]2021-01-21T22:12:23.555+0800: 47.867: [CMS: 348580K->349238K(349568K), 0.0601228 secs] 505800K->378820K(506816K), [Metaspace: 2816K->2816K(1056768K)], 0.0618763 secs] [Times: user=0.06 sys=0.00, real=0.06 secs] 
2021-01-21T22:12:23.617+0800: 47.929: [GC (CMS Initial Mark) [1 CMS-initial-mark: 349238K(349568K)] 381373K(506816K), 0.0016505 secs] [Times: user=0.00 sys=0.00, real=0.01 secs] 
2021-01-21T22:12:23.620+0800: 47.932: [CMS-concurrent-mark-start]
2021-01-21T22:12:23.621+0800: 47.933: [CMS-concurrent-mark: 0.001/0.001 secs] [Times: user=0.00 sys=0.00, real=0.00 secs] 
2021-01-21T22:12:23.622+0800: 47.934: [CMS-concurrent-preclean-start]
2021-01-21T22:12:23.623+0800: 47.935: [CMS-concurrent-preclean: 0.001/0.001 secs] [Times: user=0.00 sys=0.01, real=0.00 secs] 
2021-01-21T22:12:23.623+0800: 47.935: [CMS-concurrent-abortable-preclean-start]
2021-01-21T22:12:23.623+0800: 47.935: [CMS-concurrent-abortable-preclean: 0.000/0.000 secs] [Times: user=0.00 sys=0.00, real=0.00 secs] 
2021-01-21T22:12:23.624+0800: 47.936: [GC (CMS Final Remark) [YG occupancy: 55268 K (157248 K)]2021-01-21T22:12:23.624+0800: 47.936: [Rescan (parallel) , 0.0014538 secs]2021-01-21T22:12:23.626+0800: 47.938: [weak refs processing, 0.0003514 secs]2021-01-21T22:12:23.626+0800: 47.938: [class unloading, 0.0006679 secs]2021-01-21T22:12:23.627+0800: 47.939: [scrub symbol table, 0.0005136 secs]2021-01-21T22:12:23.628+0800: 47.940: [scrub string table, 0.0004734 secs][1 CMS-remark: 349238K(349568K)] 404506K(506816K), 0.0052695 secs] [Times: user=0.01 sys=0.00, real=0.01 secs] 
2021-01-21T22:12:23.630+0800: 47.942: [CMS-concurrent-sweep-start]
2021-01-21T22:12:23.630+0800: 47.942: [CMS-concurrent-sweep: 0.000/0.000 secs] [Times: user=0.00 sys=0.00, real=0.00 secs] 
2021-01-21T22:12:23.630+0800: 47.942: [CMS-concurrent-reset-start]
2021-01-21T22:12:23.631+0800: 47.943: [CMS-concurrent-reset: 0.000/0.000 secs] [Times: user=0.00 sys=0.00, real=0.00 secs] 
2021-01-21T22:12:23.643+0800: 47.955: [GC (Allocation Failure) 2021-01-21T22:12:23.643+0800: 47.955: [ParNew: 157235K->157235K(157248K), 0.0002996 secs]2021-01-21T22:12:23.644+0800: 47.956: [CMS: 348173K->349033K(349568K), 0.0520973 secs] 505409K->383810K(506816K), [Metaspace: 2816K->2816K(1056768K)], 0.0537370 secs] [Times: user=0.05 sys=0.00, real=0.05 secs] 
2021-01-21T22:12:23.698+0800: 48.010: [GC (CMS Initial Mark) [1 CMS-initial-mark: 349033K(349568K)] 386367K(506816K), 0.0011750 secs] [Times: user=0.00 sys=0.00, real=0.01 secs] 
2021-01-21T22:12:23.699+0800: 48.011: [CMS-concurrent-mark-start]
2021-01-21T22:12:23.701+0800: 48.013: [CMS-concurrent-mark: 0.001/0.001 secs] [Times: user=0.01 sys=0.00, real=0.00 secs] 
2021-01-21T22:12:23.701+0800: 48.013: [CMS-concurrent-preclean-start]
2021-01-21T22:12:23.702+0800: 48.014: [CMS-concurrent-preclean: 0.001/0.001 secs] [Times: user=0.00 sys=0.00, real=0.00 secs] 
2021-01-21T22:12:23.702+0800: 48.014: [CMS-concurrent-abortable-preclean-start]
2021-01-21T22:12:23.702+0800: 48.014: [CMS-concurrent-abortable-preclean: 0.000/0.000 secs] [Times: user=0.00 sys=0.00, real=0.00 secs] 
2021-01-21T22:12:23.703+0800: 48.015: [GC (CMS Final Remark) [YG occupancy: 61773 K (157248 K)]2021-01-21T22:12:23.703+0800: 48.015: [Rescan (parallel) , 0.0011448 secs]2021-01-21T22:12:23.705+0800: 48.017: [weak refs processing, 0.0002314 secs]2021-01-21T22:12:23.705+0800: 48.017: [class unloading, 0.0004157 secs]2021-01-21T22:12:23.706+0800: 48.018: [scrub symbol table, 0.0005179 secs]2021-01-21T22:12:23.706+0800: 48.018: [scrub string table, 0.0003611 secs][1 CMS-remark: 349033K(349568K)] 410806K(506816K), 0.0040853 secs] [Times: user=0.00 sys=0.00, real=0.00 secs] 
2021-01-21T22:12:23.708+0800: 48.020: [CMS-concurrent-sweep-start]
2021-01-21T22:12:23.708+0800: 48.020: [CMS-concurrent-sweep: 0.000/0.000 secs] [Times: user=0.00 sys=0.00, real=0.00 secs] 
2021-01-21T22:12:23.708+0800: 48.020: [CMS-concurrent-reset-start]
2021-01-21T22:12:23.708+0800: 48.020: [CMS-concurrent-reset: 0.000/0.000 secs] [Times: user=0.00 sys=0.00, real=0.00 secs] 
2021-01-21T22:12:23.720+0800: 48.032: [GC (Allocation Failure) 2021-01-21T22:12:23.721+0800: 48.033: [ParNew: 157042K->157042K(157248K), 0.0003541 secs]2021-01-21T22:12:23.721+0800: 48.033: [CMS: 346465K->349378K(349568K), 0.0503559 secs] 503508K->374734K(506816K), [Metaspace: 2816K->2816K(1056768K)], 0.0519885 secs] [Times: user=0.05 sys=0.00, real=0.05 secs] 
2021-01-21T22:12:23.773+0800: 48.085: [GC (CMS Initial Mark) [1 CMS-initial-mark: 349378K(349568K)] 378108K(506816K), 0.0013529 secs] [Times: user=0.00 sys=0.00, real=0.00 secs] 
2021-01-21T22:12:23.775+0800: 48.087: [CMS-concurrent-mark-start]
2021-01-21T22:12:23.777+0800: 48.089: [CMS-concurrent-mark: 0.002/0.002 secs] [Times: user=0.01 sys=0.00, real=0.00 secs] 
2021-01-21T22:12:23.778+0800: 48.090: [CMS-concurrent-preclean-start]
2021-01-21T22:12:23.779+0800: 48.091: [CMS-concurrent-preclean: 0.002/0.002 secs] [Times: user=0.00 sys=0.00, real=0.01 secs] 
2021-01-21T22:12:23.780+0800: 48.092: [CMS-concurrent-abortable-preclean-start]
2021-01-21T22:12:23.780+0800: 48.092: [CMS-concurrent-abortable-preclean: 0.000/0.000 secs] [Times: user=0.00 sys=0.00, real=0.00 secs] 
2021-01-21T22:12:23.780+0800: 48.092: [GC (CMS Final Remark) [YG occupancy: 52427 K (157248 K)]2021-01-21T22:12:23.781+0800: 48.093: [Rescan (parallel) , 0.0007652 secs]2021-01-21T22:12:23.782+0800: 48.094: [weak refs processing, 0.0002991 secs]2021-01-21T22:12:23.782+0800: 48.094: [class unloading, 0.0004730 secs]2021-01-21T22:12:23.783+0800: 48.095: [scrub symbol table, 0.0006677 secs]2021-01-21T22:12:23.784+0800: 48.096: [scrub string table, 0.0003752 secs][1 CMS-remark: 349378K(349568K)] 401806K(506816K), 0.0044575 secs] [Times: user=0.01 sys=0.00, real=0.00 secs] 
2021-01-21T22:12:23.786+0800: 48.098: [CMS-concurrent-sweep-start]
2021-01-21T22:12:23.786+0800: 48.098: [CMS-concurrent-sweep: 0.000/0.000 secs] [Times: user=0.00 sys=0.00, real=0.00 secs] 
2021-01-21T22:12:23.786+0800: 48.098: [CMS-concurrent-reset-start]
2021-01-21T22:12:23.786+0800: 48.098: [CMS-concurrent-reset: 0.000/0.000 secs] [Times: user=0.00 sys=0.00, real=0.00 secs] 
2021-01-21T22:12:23.800+0800: 48.112: [GC (Allocation Failure) 2021-01-21T22:12:23.800+0800: 48.112: [ParNew: 157030K->157030K(157248K), 0.0002904 secs]2021-01-21T22:12:23.801+0800: 48.113: [CMS: 348007K->349284K(349568K), 0.0573381 secs] 505037K->382091K(506816K), [Metaspace: 2816K->2816K(1056768K)], 0.0588345 secs] [Times: user=0.06 sys=0.00, real=0.06 secs] 
2021-01-21T22:12:23.860+0800: 48.172: [GC (CMS Initial Mark) [1 CMS-initial-mark: 349284K(349568K)] 385782K(506816K), 0.0016540 secs] [Times: user=0.00 sys=0.00, real=0.00 secs] 
2021-01-21T22:12:23.862+0800: 48.174: [CMS-concurrent-mark-start]
2021-01-21T22:12:23.864+0800: 48.176: [CMS-concurrent-mark: 0.001/0.001 secs] [Times: user=0.00 sys=0.00, real=0.00 secs] 
2021-01-21T22:12:23.864+0800: 48.176: [CMS-concurrent-preclean-start]
2021-01-21T22:12:23.865+0800: 48.177: [CMS-concurrent-preclean: 0.001/0.001 secs] [Times: user=0.00 sys=0.00, real=0.00 secs] 
2021-01-21T22:12:23.865+0800: 48.177: [CMS-concurrent-abortable-preclean-start]
2021-01-21T22:12:23.865+0800: 48.177: [CMS-concurrent-abortable-preclean: 0.000/0.000 secs] [Times: user=0.00 sys=0.00, real=0.00 secs] 
2021-01-21T22:12:23.866+0800: 48.178: [GC (CMS Final Remark) [YG occupancy: 57558 K (157248 K)]2021-01-21T22:12:23.866+0800: 48.178: [Rescan (parallel) , 0.0007043 secs]2021-01-21T22:12:23.867+0800: 48.179: [weak refs processing, 0.0002778 secs]2021-01-21T22:12:23.868+0800: 48.180: [class unloading, 0.0004581 secs]2021-01-21T22:12:23.869+0800: 48.181: [scrub symbol table, 0.0007575 secs]2021-01-21T22:12:23.870+0800: 48.182: [scrub string table, 0.0004297 secs][1 CMS-remark: 349284K(349568K)] 406842K(506816K), 0.0045262 secs] [Times: user=0.00 sys=0.00, real=0.01 secs] 
2021-01-21T22:12:23.871+0800: 48.183: [CMS-concurrent-sweep-start]
2021-01-21T22:12:23.872+0800: 48.184: [CMS-concurrent-sweep: 0.000/0.000 secs] [Times: user=0.00 sys=0.00, real=0.00 secs] 
2021-01-21T22:12:23.872+0800: 48.184: [CMS-concurrent-reset-start]
2021-01-21T22:12:23.872+0800: 48.184: [CMS-concurrent-reset: 0.000/0.000 secs] [Times: user=0.00 sys=0.00, real=0.00 secs] 
2021-01-21T22:12:23.883+0800: 48.195: [GC (Allocation Failure) 2021-01-21T22:12:23.883+0800: 48.195: [ParNew: 157063K->157063K(157248K), 0.0004277 secs]2021-01-21T22:12:23.884+0800: 48.196: [CMS: 348199K->349551K(349568K), 0.0683624 secs] 505263K->385383K(506816K), [Metaspace: 2816K->2816K(1056768K)], 0.0701361 secs] [Times: user=0.06 sys=0.00, real=0.07 secs] 
2021-01-21T22:12:23.954+0800: 48.266: [GC (CMS Initial Mark) [1 CMS-initial-mark: 349551K(349568K)] 388276K(506816K), 0.0014008 secs] [Times: user=0.01 sys=0.00, real=0.00 secs] 
2021-01-21T22:12:23.956+0800: 48.268: [CMS-concurrent-mark-start]
2021-01-21T22:12:23.958+0800: 48.270: [CMS-concurrent-mark: 0.001/0.001 secs] [Times: user=0.00 sys=0.00, real=0.00 secs] 
2021-01-21T22:12:23.958+0800: 48.270: [CMS-concurrent-preclean-start]
2021-01-21T22:12:23.959+0800: 48.271: [CMS-concurrent-preclean: 0.001/0.001 secs] [Times: user=0.00 sys=0.00, real=0.01 secs] 
2021-01-21T22:12:23.959+0800: 48.271: [CMS-concurrent-abortable-preclean-start]
2021-01-21T22:12:23.959+0800: 48.271: [CMS-concurrent-abortable-preclean: 0.000/0.000 secs] [Times: user=0.00 sys=0.00, real=0.00 secs] 
2021-01-21T22:12:23.960+0800: 48.272: [GC (CMS Final Remark) [YG occupancy: 58997 K (157248 K)]2021-01-21T22:12:23.960+0800: 48.272: [Rescan (parallel) , 0.0034177 secs]2021-01-21T22:12:23.964+0800: 48.276: [weak refs processing, 0.0003446 secs]2021-01-21T22:12:23.965+0800: 48.277: [class unloading, 0.0005605 secs]2021-01-21T22:12:23.966+0800: 48.278: [scrub symbol table, 0.0005292 secs]2021-01-21T22:12:23.966+0800: 48.278: [scrub string table, 0.0005530 secs][1 CMS-remark: 349551K(349568K)] 408548K(506816K), 0.0073648 secs] [Times: user=0.03 sys=0.00, real=0.00 secs] 
2021-01-21T22:12:23.968+0800: 48.280: [CMS-concurrent-sweep-start]
2021-01-21T22:12:23.969+0800: 48.281: [CMS-concurrent-sweep: 0.000/0.000 secs] [Times: user=0.00 sys=0.00, real=0.00 secs] 
2021-01-21T22:12:23.969+0800: 48.281: [CMS-concurrent-reset-start]
2021-01-21T22:12:23.969+0800: 48.281: [CMS-concurrent-reset: 0.000/0.000 secs] [Times: user=0.00 sys=0.00, real=0.00 secs] 
2021-01-21T22:12:23.984+0800: 48.297: [GC (Allocation Failure) 2021-01-21T22:12:23.985+0800: 48.297: [ParNew: 157240K->157240K(157248K), 0.0003246 secs]2021-01-21T22:12:23.985+0800: 48.297: [CMS: 348981K->349124K(349568K), 0.0531012 secs] 506221K->379323K(506816K), [Metaspace: 2816K->2816K(1056768K)], 0.0544705 secs] [Times: user=0.05 sys=0.00, real=0.06 secs] 
2021-01-21T22:12:24.040+0800: 48.352: [GC (CMS Initial Mark) [1 CMS-initial-mark: 349124K(349568K)] 382088K(506816K), 0.0013541 secs] [Times: user=0.00 sys=0.00, real=0.00 secs] 
2021-01-21T22:12:24.042+0800: 48.354: [CMS-concurrent-mark-start]
2021-01-21T22:12:24.043+0800: 48.355: [CMS-concurrent-mark: 0.001/0.001 secs] [Times: user=0.00 sys=0.00, real=0.00 secs] 
2021-01-21T22:12:24.044+0800: 48.356: [CMS-concurrent-preclean-start]
2021-01-21T22:12:24.045+0800: 48.357: [CMS-concurrent-preclean: 0.001/0.001 secs] [Times: user=0.00 sys=0.00, real=0.00 secs] 
2021-01-21T22:12:24.046+0800: 48.358: [CMS-concurrent-abortable-preclean-start]
2021-01-21T22:12:24.046+0800: 48.358: [CMS-concurrent-abortable-preclean: 0.000/0.000 secs] [Times: user=0.00 sys=0.00, real=0.00 secs] 
2021-01-21T22:12:24.046+0800: 48.358: [GC (CMS Final Remark) [YG occupancy: 56228 K (157248 K)]2021-01-21T22:12:24.047+0800: 48.359: [Rescan (parallel) , 0.0006947 secs]2021-01-21T22:12:24.048+0800: 48.360: [weak refs processing, 0.0002470 secs]2021-01-21T22:12:24.048+0800: 48.360: [class unloading, 0.0004367 secs]2021-01-21T22:12:24.049+0800: 48.361: [scrub symbol table, 0.0005509 secs]2021-01-21T22:12:24.050+0800: 48.362: [scrub string table, 0.0004365 secs][1 CMS-remark: 349124K(349568K)] 405352K(506816K), 0.0041829 secs] [Times: user=0.00 sys=0.00, real=0.01 secs] 
2021-01-21T22:12:24.051+0800: 48.363: [CMS-concurrent-sweep-start]
2021-01-21T22:12:24.051+0800: 48.363: [CMS-concurrent-sweep: 0.000/0.000 secs] [Times: user=0.00 sys=0.00, real=0.00 secs] 
2021-01-21T22:12:24.052+0800: 48.364: [CMS-concurrent-reset-start]
2021-01-21T22:12:24.052+0800: 48.364: [CMS-concurrent-reset: 0.000/0.000 secs] [Times: user=0.00 sys=0.00, real=0.00 secs] 
2021-01-21T22:12:24.063+0800: 48.375: [GC (Allocation Failure) 2021-01-21T22:12:24.063+0800: 48.375: [ParNew: 156926K->156926K(157248K), 0.0003052 secs]2021-01-21T22:12:24.064+0800: 48.376: [CMS: 347596K->349413K(349568K), 0.0480366 secs] 504522K->373933K(506816K), [Metaspace: 2816K->2816K(1056768K)], 0.0496631 secs] [Times: user=0.04 sys=0.00, real=0.05 secs] 
2021-01-21T22:12:24.114+0800: 48.426: [GC (CMS Initial Mark) [1 CMS-initial-mark: 349413K(349568K)] 376916K(506816K), 0.0013171 secs] [Times: user=0.00 sys=0.00, real=0.00 secs] 
2021-01-21T22:12:24.116+0800: 48.428: [CMS-concurrent-mark-start]
2021-01-21T22:12:24.117+0800: 48.430: [CMS-concurrent-mark: 0.002/0.002 secs] [Times: user=0.00 sys=0.00, real=0.00 secs] 
2021-01-21T22:12:24.118+0800: 48.430: [CMS-concurrent-preclean-start]
2021-01-21T22:12:24.119+0800: 48.431: [CMS-concurrent-preclean: 0.001/0.001 secs] [Times: user=0.00 sys=0.00, real=0.01 secs] 
2021-01-21T22:12:24.119+0800: 48.431: [CMS-concurrent-abortable-preclean-start]
2021-01-21T22:12:24.119+0800: 48.431: [CMS-concurrent-abortable-preclean: 0.000/0.000 secs] [Times: user=0.00 sys=0.00, real=0.00 secs] 
2021-01-21T22:12:24.120+0800: 48.432: [GC (CMS Final Remark) [YG occupancy: 57591 K (157248 K)]2021-01-21T22:12:24.120+0800: 48.432: [Rescan (parallel) , 0.0015413 secs]2021-01-21T22:12:24.122+0800: 48.434: [weak refs processing, 0.0003870 secs]2021-01-21T22:12:24.123+0800: 48.435: [class unloading, 0.0004226 secs]2021-01-21T22:12:24.124+0800: 48.436: [scrub symbol table, 0.0006899 secs]2021-01-21T22:12:24.125+0800: 48.437: [scrub string table, 0.0004228 secs][1 CMS-remark: 349413K(349568K)] 407004K(506816K), 0.0053942 secs] [Times: user=0.00 sys=0.00, real=0.00 secs] 
2021-01-21T22:12:24.126+0800: 48.438: [CMS-concurrent-sweep-start]
2021-01-21T22:12:24.127+0800: 48.439: [CMS-concurrent-sweep: 0.000/0.000 secs] [Times: user=0.00 sys=0.00, real=0.00 secs] 
2021-01-21T22:12:24.127+0800: 48.439: [CMS-concurrent-reset-start]
2021-01-21T22:12:24.127+0800: 48.439: [CMS-concurrent-reset: 0.000/0.000 secs] [Times: user=0.00 sys=0.00, real=0.00 secs] 
2021-01-21T22:12:24.139+0800: 48.451: [GC (Allocation Failure) 2021-01-21T22:12:24.140+0800: 48.452: [ParNew: 157244K->157244K(157248K), 0.0003186 secs]2021-01-21T22:12:24.140+0800: 48.452: [CMS: 348579K->349341K(349568K), 0.0610348 secs] 505823K->376393K(506816K), [Metaspace: 2816K->2816K(1056768K)], 0.0628747 secs] [Times: user=0.07 sys=0.00, real=0.06 secs] 
2021-01-21T22:12:24.203+0800: 48.515: [GC (CMS Initial Mark) [1 CMS-initial-mark: 349341K(349568K)] 379041K(506816K), 0.0008074 secs] [Times: user=0.00 sys=0.00, real=0.00 secs] 
2021-01-21T22:12:24.204+0800: 48.516: [CMS-concurrent-mark-start]
2021-01-21T22:12:24.205+0800: 48.517: [CMS-concurrent-mark: 0.001/0.001 secs] [Times: user=0.00 sys=0.00, real=0.00 secs] 
2021-01-21T22:12:24.205+0800: 48.517: [CMS-concurrent-preclean-start]
2021-01-21T22:12:24.206+0800: 48.518: [CMS-concurrent-preclean: 0.001/0.001 secs] [Times: user=0.00 sys=0.00, real=0.00 secs] 
2021-01-21T22:12:24.207+0800: 48.519: [CMS-concurrent-abortable-preclean-start]
2021-01-21T22:12:24.207+0800: 48.519: [CMS-concurrent-abortable-preclean: 0.000/0.000 secs] [Times: user=0.00 sys=0.00, real=0.00 secs] 
2021-01-21T22:12:24.207+0800: 48.519: [GC (CMS Final Remark) [YG occupancy: 60312 K (157248 K)]2021-01-21T22:12:24.207+0800: 48.519: [Rescan (parallel) , 0.0013097 secs]2021-01-21T22:12:24.209+0800: 48.521: [weak refs processing, 0.0004749 secs]2021-01-21T22:12:24.210+0800: 48.522: [class unloading, 0.0006666 secs]2021-01-21T22:12:24.211+0800: 48.523: [scrub symbol table, 0.0005865 secs]2021-01-21T22:12:24.211+0800: 48.524: [scrub string table, 0.0003540 secs][1 CMS-remark: 349341K(349568K)] 409654K(506816K), 0.0049598 secs] [Times: user=0.00 sys=0.00, real=0.01 secs] 
2021-01-21T22:12:24.213+0800: 48.525: [CMS-concurrent-sweep-start]
2021-01-21T22:12:24.213+0800: 48.525: [CMS-concurrent-sweep: 0.000/0.000 secs] [Times: user=0.00 sys=0.00, real=0.00 secs] 
2021-01-21T22:12:24.213+0800: 48.525: [CMS-concurrent-reset-start]
2021-01-21T22:12:24.213+0800: 48.525: [CMS-concurrent-reset: 0.000/0.000 secs] [Times: user=0.00 sys=0.00, real=0.00 secs] 
2021-01-21T22:12:24.226+0800: 48.538: [GC (Allocation Failure) 2021-01-21T22:12:24.226+0800: 48.538: [ParNew: 156870K->156870K(157248K), 0.0003742 secs]2021-01-21T22:12:24.227+0800: 48.539: [CMS: 349248K->348822K(349568K), 0.0571008 secs] 506118K->379387K(506816K), [Metaspace: 2816K->2816K(1056768K)], 0.0585641 secs] [Times: user=0.06 sys=0.00, real=0.06 secs] 
2021-01-21T22:12:24.286+0800: 48.598: [GC (CMS Initial Mark) [1 CMS-initial-mark: 348822K(349568K)] 382719K(506816K), 0.0011152 secs] [Times: user=0.00 sys=0.00, real=0.00 secs] 
2021-01-21T22:12:24.287+0800: 48.599: [CMS-concurrent-mark-start]
2021-01-21T22:12:24.289+0800: 48.601: [CMS-concurrent-mark: 0.001/0.001 secs] [Times: user=0.01 sys=0.00, real=0.01 secs] 
2021-01-21T22:12:24.289+0800: 48.601: [CMS-concurrent-preclean-start]
2021-01-21T22:12:24.290+0800: 48.602: [CMS-concurrent-preclean: 0.001/0.001 secs] [Times: user=0.00 sys=0.00, real=0.00 secs] 
2021-01-21T22:12:24.291+0800: 48.603: [CMS-concurrent-abortable-preclean-start]
2021-01-21T22:12:24.291+0800: 48.603: [CMS-concurrent-abortable-preclean: 0.000/0.000 secs] [Times: user=0.00 sys=0.00, real=0.00 secs] 
2021-01-21T22:12:24.291+0800: 48.603: [GC (CMS Final Remark) [YG occupancy: 57847 K (157248 K)]2021-01-21T22:12:24.292+0800: 48.604: [Rescan (parallel) , 0.0017131 secs]2021-01-21T22:12:24.294+0800: 48.606: [weak refs processing, 0.0002844 secs]2021-01-21T22:12:24.294+0800: 48.606: [class unloading, 0.0004909 secs]2021-01-21T22:12:24.295+0800: 48.607: [scrub symbol table, 0.0006410 secs]2021-01-21T22:12:24.296+0800: 48.608: [scrub string table, 0.0005417 secs][1 CMS-remark: 348822K(349568K)] 406669K(506816K), 0.0052827 secs] [Times: user=0.01 sys=0.00, real=0.00 secs] 
2021-01-21T22:12:24.297+0800: 48.609: [CMS-concurrent-sweep-start]
2021-01-21T22:12:24.298+0800: 48.610: [CMS-concurrent-sweep: 0.000/0.000 secs] [Times: user=0.00 sys=0.00, real=0.00 secs] 
2021-01-21T22:12:24.298+0800: 48.610: [CMS-concurrent-reset-start]
2021-01-21T22:12:24.298+0800: 48.610: [CMS-concurrent-reset: 0.000/0.000 secs] [Times: user=0.00 sys=0.00, real=0.00 secs] 
2021-01-21T22:12:24.310+0800: 48.623: [GC (Allocation Failure) 2021-01-21T22:12:24.311+0800: 48.623: [ParNew: 157201K->157201K(157248K), 0.0004494 secs]2021-01-21T22:12:24.312+0800: 48.624: [CMS: 347842K->349148K(349568K), 0.0530801 secs] 505043K->382511K(506816K), [Metaspace: 2816K->2816K(1056768K)], 0.0548495 secs] [Times: user=0.05 sys=0.00, real=0.05 secs] 
2021-01-21T22:12:24.367+0800: 48.679: [GC (CMS Initial Mark) [1 CMS-initial-mark: 349148K(349568K)] 385189K(506816K), 0.0014000 secs] [Times: user=0.00 sys=0.00, real=0.01 secs] 
2021-01-21T22:12:24.369+0800: 48.681: [CMS-concurrent-mark-start]
2021-01-21T22:12:24.370+0800: 48.682: [CMS-concurrent-mark: 0.001/0.001 secs] [Times: user=0.00 sys=0.00, real=0.00 secs] 
2021-01-21T22:12:24.371+0800: 48.683: [CMS-concurrent-preclean-start]
2021-01-21T22:12:24.372+0800: 48.684: [CMS-concurrent-preclean: 0.001/0.001 secs] [Times: user=0.00 sys=0.00, real=0.00 secs] 
2021-01-21T22:12:24.372+0800: 48.684: [CMS-concurrent-abortable-preclean-start]
2021-01-21T22:12:24.372+0800: 48.684: [CMS-concurrent-abortable-preclean: 0.000/0.000 secs] [Times: user=0.00 sys=0.00, real=0.00 secs] 
2021-01-21T22:12:24.373+0800: 48.685: [GC (CMS Final Remark) [YG occupancy: 65043 K (157248 K)]2021-01-21T22:12:24.373+0800: 48.685: [Rescan (parallel) , 0.0011546 secs]2021-01-21T22:12:24.375+0800: 48.687: [weak refs processing, 0.0002917 secs]2021-01-21T22:12:24.375+0800: 48.687: [class unloading, 0.0004591 secs]2021-01-21T22:12:24.376+0800: 48.688: [scrub symbol table, 0.0004802 secs]2021-01-21T22:12:24.376+0800: 48.688: [scrub string table, 0.0003765 secs][1 CMS-remark: 349148K(349568K)] 414192K(506816K), 0.0043741 secs] [Times: user=0.00 sys=0.00, real=0.00 secs] 
2021-01-21T22:12:24.378+0800: 48.690: [CMS-concurrent-sweep-start]
2021-01-21T22:12:24.378+0800: 48.690: [CMS-concurrent-sweep: 0.000/0.000 secs] [Times: user=0.00 sys=0.00, real=0.00 secs] 
2021-01-21T22:12:24.378+0800: 48.690: [CMS-concurrent-reset-start]
2021-01-21T22:12:24.378+0800: 48.690: [CMS-concurrent-reset: 0.000/0.000 secs] [Times: user=0.00 sys=0.00, real=0.01 secs] 
2021-01-21T22:12:24.391+0800: 48.703: [GC (Allocation Failure) 2021-01-21T22:12:24.391+0800: 48.703: [ParNew: 157219K->157219K(157248K), 0.0002420 secs]2021-01-21T22:12:24.392+0800: 48.704: [CMS: 348272K->349520K(349568K), 0.0531246 secs] 505491K->379295K(506816K), [Metaspace: 2816K->2816K(1056768K)], 0.0543608 secs] [Times: user=0.05 sys=0.00, real=0.05 secs] 
2021-01-21T22:12:24.446+0800: 48.758: [GC (CMS Initial Mark) [1 CMS-initial-mark: 349520K(349568K)] 382304K(506816K), 0.0011262 secs] [Times: user=0.00 sys=0.00, real=0.01 secs] 
2021-01-21T22:12:24.456+0800: 48.768: [CMS-concurrent-mark-start]
2021-01-21T22:12:24.457+0800: 48.770: [CMS-concurrent-mark: 0.001/0.001 secs] [Times: user=0.01 sys=0.00, real=0.00 secs] 
2021-01-21T22:12:24.458+0800: 48.770: [CMS-concurrent-preclean-start]
2021-01-21T22:12:24.459+0800: 48.771: [CMS-concurrent-preclean: 0.001/0.001 secs] [Times: user=0.00 sys=0.00, real=0.01 secs] 
2021-01-21T22:12:24.459+0800: 48.771: [CMS-concurrent-abortable-preclean-start]
2021-01-21T22:12:24.459+0800: 48.771: [CMS-concurrent-abortable-preclean: 0.000/0.000 secs] [Times: user=0.00 sys=0.00, real=0.00 secs] 
2021-01-21T22:12:24.460+0800: 48.772: [GC (CMS Final Remark) [YG occupancy: 61947 K (157248 K)]2021-01-21T22:12:24.460+0800: 48.772: [Rescan (parallel) , 0.0011559 secs]2021-01-21T22:12:24.462+0800: 48.774: [weak refs processing, 0.0003548 secs]2021-01-21T22:12:24.463+0800: 48.775: [class unloading, 0.0004163 secs]2021-01-21T22:12:24.463+0800: 48.776: [scrub symbol table, 0.0005070 secs]2021-01-21T22:12:24.464+0800: 48.776: [scrub string table, 0.0003653 secs][1 CMS-remark: 349520K(349568K)] 411468K(506816K), 0.0047437 secs] [Times: user=0.01 sys=0.00, real=0.00 secs] 
2021-01-21T22:12:24.466+0800: 48.778: [CMS-concurrent-sweep-start]
2021-01-21T22:12:24.466+0800: 48.778: [CMS-concurrent-sweep: 0.000/0.000 secs] [Times: user=0.00 sys=0.00, real=0.00 secs] 
2021-01-21T22:12:24.466+0800: 48.778: [CMS-concurrent-reset-start]
2021-01-21T22:12:24.467+0800: 48.779: [CMS-concurrent-reset: 0.000/0.000 secs] [Times: user=0.00 sys=0.00, real=0.00 secs] 
2021-01-21T22:12:24.477+0800: 48.789: [GC (Allocation Failure) 2021-01-21T22:12:24.478+0800: 48.790: [ParNew: 157242K->157242K(157248K), 0.0004363 secs]2021-01-21T22:12:24.478+0800: 48.790: [CMS: 349320K->349560K(349568K), 0.0506212 secs] 506562K->379581K(506816K), [Metaspace: 2816K->2816K(1056768K)], 0.0524106 secs] [Times: user=0.05 sys=0.00, real=0.06 secs] 
2021-01-21T22:12:24.530+0800: 48.842: [GC (CMS Initial Mark) [1 CMS-initial-mark: 349560K(349568K)] 382249K(506816K), 0.0013341 secs] [Times: user=0.00 sys=0.00, real=0.00 secs] 
2021-01-21T22:12:24.532+0800: 48.844: [CMS-concurrent-mark-start]
2021-01-21T22:12:24.534+0800: 48.846: [CMS-concurrent-mark: 0.001/0.001 secs] [Times: user=0.00 sys=0.00, real=0.00 secs] 
2021-01-21T22:12:24.534+0800: 48.846: [CMS-concurrent-preclean-start]
2021-01-21T22:12:24.535+0800: 48.847: [CMS-concurrent-preclean: 0.001/0.001 secs] [Times: user=0.00 sys=0.00, real=0.00 secs] 
2021-01-21T22:12:24.536+0800: 48.848: [CMS-concurrent-abortable-preclean-start]
2021-01-21T22:12:24.536+0800: 48.848: [CMS-concurrent-abortable-preclean: 0.000/0.000 secs] [Times: user=0.00 sys=0.00, real=0.00 secs] 
2021-01-21T22:12:24.536+0800: 48.848: [GC (CMS Final Remark) [YG occupancy: 67703 K (157248 K)]2021-01-21T22:12:24.536+0800: 48.848: [Rescan (parallel) , 0.0009859 secs]2021-01-21T22:12:24.538+0800: 48.850: [weak refs processing, 0.0002457 secs]2021-01-21T22:12:24.538+0800: 48.850: [class unloading, 0.0004278 secs]2021-01-21T22:12:24.539+0800: 48.851: [scrub symbol table, 0.0005028 secs]2021-01-21T22:12:24.540+0800: 48.852: [scrub string table, 0.0003977 secs][1 CMS-remark: 349560K(349568K)] 417263K(506816K), 0.0039724 secs] [Times: user=0.00 sys=0.00, real=0.01 secs] 
2021-01-21T22:12:24.541+0800: 48.853: [CMS-concurrent-sweep-start]
2021-01-21T22:12:24.541+0800: 48.853: [CMS-concurrent-sweep: 0.000/0.000 secs] [Times: user=0.00 sys=0.00, real=0.00 secs] 
2021-01-21T22:12:24.541+0800: 48.853: [CMS-concurrent-reset-start]
2021-01-21T22:12:24.541+0800: 48.853: [CMS-concurrent-reset: 0.000/0.000 secs] [Times: user=0.00 sys=0.00, real=0.00 secs] 
2021-01-21T22:12:24.552+0800: 48.864: [GC (Allocation Failure) 2021-01-21T22:12:24.553+0800: 48.865: [ParNew: 157088K->157088K(157248K), 0.0002811 secs]2021-01-21T22:12:24.553+0800: 48.865: [CMS: 348547K->349334K(349568K), 0.0508403 secs] 505636K->381508K(506816K), [Metaspace: 2816K->2816K(1056768K)], 0.0521779 secs] [Times: user=0.05 sys=0.00, real=0.05 secs] 
2021-01-21T22:12:24.605+0800: 48.917: [GC (CMS Initial Mark) [1 CMS-initial-mark: 349334K(349568K)] 384315K(506816K), 0.0013686 secs] [Times: user=0.00 sys=0.00, real=0.00 secs] 
2021-01-21T22:12:24.607+0800: 48.919: [CMS-concurrent-mark-start]
2021-01-21T22:12:24.608+0800: 48.920: [CMS-concurrent-mark: 0.001/0.001 secs] [Times: user=0.00 sys=0.00, real=0.01 secs] 
2021-01-21T22:12:24.609+0800: 48.921: [CMS-concurrent-preclean-start]
2021-01-21T22:12:24.610+0800: 48.923: [CMS-concurrent-preclean: 0.002/0.002 secs] [Times: user=0.00 sys=0.00, real=0.00 secs] 
2021-01-21T22:12:24.611+0800: 48.923: [CMS-concurrent-abortable-preclean-start]
2021-01-21T22:12:24.611+0800: 48.923: [CMS-concurrent-abortable-preclean: 0.000/0.000 secs] [Times: user=0.00 sys=0.00, real=0.00 secs] 
2021-01-21T22:12:24.612+0800: 48.924: [GC (CMS Final Remark) [YG occupancy: 63599 K (157248 K)]2021-01-21T22:12:24.612+0800: 48.924: [Rescan (parallel) , 0.0011676 secs]2021-01-21T22:12:24.613+0800: 48.925: [weak refs processing, 0.0002588 secs]2021-01-21T22:12:24.614+0800: 48.926: [class unloading, 0.0005936 secs]2021-01-21T22:12:24.615+0800: 48.927: [scrub symbol table, 0.0005857 secs]2021-01-21T22:12:24.615+0800: 48.927: [scrub string table, 0.0003908 secs][1 CMS-remark: 349334K(349568K)] 412934K(506816K), 0.0044212 secs] [Times: user=0.00 sys=0.00, real=0.00 secs] 
2021-01-21T22:12:24.616+0800: 48.929: [CMS-concurrent-sweep-start]
2021-01-21T22:12:24.617+0800: 48.929: [CMS-concurrent-sweep: 0.000/0.000 secs] [Times: user=0.00 sys=0.00, real=0.00 secs] 
2021-01-21T22:12:24.617+0800: 48.929: [CMS-concurrent-reset-start]
2021-01-21T22:12:24.617+0800: 48.929: [CMS-concurrent-reset: 0.000/0.000 secs] [Times: user=0.00 sys=0.00, real=0.00 secs] 
2021-01-21T22:12:24.628+0800: 48.941: [GC (Allocation Failure) 2021-01-21T22:12:24.629+0800: 48.941: [ParNew: 157209K->157209K(157248K), 0.0002916 secs]2021-01-21T22:12:24.629+0800: 48.941: [CMS: 348704K->349381K(349568K), 0.0555514 secs] 505914K->381479K(506816K), [Metaspace: 2816K->2816K(1056768K)], 0.0570864 secs] [Times: user=0.06 sys=0.00, real=0.05 secs] 
2021-01-21T22:12:24.687+0800: 48.999: [GC (CMS Initial Mark) [1 CMS-initial-mark: 349381K(349568K)] 384281K(506816K), 0.0012874 secs] [Times: user=0.00 sys=0.00, real=0.01 secs] 
2021-01-21T22:12:24.689+0800: 49.001: [CMS-concurrent-mark-start]
2021-01-21T22:12:24.691+0800: 49.003: [CMS-concurrent-mark: 0.001/0.001 secs] [Times: user=0.00 sys=0.00, real=0.00 secs] 
2021-01-21T22:12:24.691+0800: 49.003: [CMS-concurrent-preclean-start]
2021-01-21T22:12:24.692+0800: 49.004: [CMS-concurrent-preclean: 0.001/0.001 secs] [Times: user=0.00 sys=0.01, real=0.00 secs] 
2021-01-21T22:12:24.692+0800: 49.004: [CMS-concurrent-abortable-preclean-start]
2021-01-21T22:12:24.692+0800: 49.005: [CMS-concurrent-abortable-preclean: 0.000/0.000 secs] [Times: user=0.00 sys=0.00, real=0.00 secs] 
2021-01-21T22:12:24.693+0800: 49.005: [GC (CMS Final Remark) [YG occupancy: 69343 K (157248 K)]2021-01-21T22:12:24.693+0800: 49.005: [Rescan (parallel) , 0.0016364 secs]2021-01-21T22:12:24.695+0800: 49.007: [weak refs processing, 0.0003511 secs]2021-01-21T22:12:24.696+0800: 49.008: [class unloading, 0.0004741 secs]2021-01-21T22:12:24.697+0800: 49.009: [scrub symbol table, 0.0005443 secs]2021-01-21T22:12:24.697+0800: 49.010: [scrub string table, 0.0004315 secs][1 CMS-remark: 349381K(349568K)] 418724K(506816K), 0.0051803 secs] [Times: user=0.01 sys=0.00, real=0.01 secs] 
2021-01-21T22:12:24.699+0800: 49.011: [CMS-concurrent-sweep-start]
2021-01-21T22:12:24.700+0800: 49.012: [CMS-concurrent-sweep: 0.001/0.001 secs] [Times: user=0.00 sys=0.00, real=0.00 secs] 
2021-01-21T22:12:24.701+0800: 49.013: [CMS-concurrent-reset-start]
2021-01-21T22:12:24.701+0800: 49.013: [CMS-concurrent-reset: 0.000/0.000 secs] [Times: user=0.00 sys=0.00, real=0.00 secs] 
2021-01-21T22:12:24.712+0800: 49.024: [GC (Allocation Failure) 2021-01-21T22:12:24.712+0800: 49.024: [ParNew: 157145K->157145K(157248K), 0.0004691 secs]2021-01-21T22:12:24.713+0800: 49.025: [CMS: 347281K->349387K(349568K), 0.0545989 secs] 504426K->384747K(506816K), [Metaspace: 2816K->2816K(1056768K)], 0.0564578 secs] [Times: user=0.06 sys=0.00, real=0.06 secs] 
2021-01-21T22:12:24.770+0800: 49.082: [GC (CMS Initial Mark) [1 CMS-initial-mark: 349387K(349568K)] 387398K(506816K), 0.0013644 secs] [Times: user=0.00 sys=0.00, real=0.00 secs] 
2021-01-21T22:12:24.772+0800: 49.084: [CMS-concurrent-mark-start]
2021-01-21T22:12:24.773+0800: 49.085: [CMS-concurrent-mark: 0.001/0.001 secs] [Times: user=0.00 sys=0.00, real=0.00 secs] 
2021-01-21T22:12:24.773+0800: 49.085: [CMS-concurrent-preclean-start]
2021-01-21T22:12:24.774+0800: 49.086: [CMS-concurrent-preclean: 0.001/0.001 secs] [Times: user=0.01 sys=0.00, real=0.00 secs] 
2021-01-21T22:12:24.775+0800: 49.087: [CMS-concurrent-abortable-preclean-start]
2021-01-21T22:12:24.775+0800: 49.087: [CMS-concurrent-abortable-preclean: 0.000/0.000 secs] [Times: user=0.00 sys=0.00, real=0.00 secs] 
2021-01-21T22:12:24.776+0800: 49.088: [GC (CMS Final Remark) [YG occupancy: 61778 K (157248 K)]2021-01-21T22:12:24.776+0800: 49.088: [Rescan (parallel) , 0.0044708 secs]2021-01-21T22:12:24.781+0800: 49.093: [weak refs processing, 0.0003687 secs]2021-01-21T22:12:24.781+0800: 49.094: [class unloading, 0.0005936 secs]2021-01-21T22:12:24.782+0800: 49.094: [scrub symbol table, 0.0007125 secs]2021-01-21T22:12:24.784+0800: 49.096: [scrub string table, 0.0006304 secs][1 CMS-remark: 349387K(349568K)] 411165K(506816K), 0.0089604 secs] [Times: user=0.03 sys=0.00, real=0.01 secs] 
2021-01-21T22:12:24.786+0800: 49.098: [CMS-concurrent-sweep-start]
2021-01-21T22:12:24.786+0800: 49.098: [CMS-concurrent-sweep: 0.000/0.000 secs] [Times: user=0.00 sys=0.00, real=0.00 secs] 
2021-01-21T22:12:24.786+0800: 49.098: [CMS-concurrent-reset-start]
2021-01-21T22:12:24.786+0800: 49.098: [CMS-concurrent-reset: 0.000/0.000 secs] [Times: user=0.00 sys=0.00, real=0.00 secs] 
2021-01-21T22:12:24.798+0800: 49.110: [GC (Allocation Failure) 2021-01-21T22:12:24.799+0800: 49.111: [ParNew: 156975K->156975K(157248K), 0.0004386 secs]2021-01-21T22:12:24.800+0800: 49.112: [CMS: 347063K->348980K(349568K), 0.0516277 secs] 504039K->381063K(506816K), [Metaspace: 2816K->2816K(1056768K)], 0.0539388 secs] [Times: user=0.05 sys=0.00, real=0.05 secs] 
2021-01-21T22:12:24.853+0800: 49.165: [GC (CMS Initial Mark) [1 CMS-initial-mark: 348980K(349568K)] 384529K(506816K), 0.0014105 secs] [Times: user=0.00 sys=0.00, real=0.00 secs] 
2021-01-21T22:12:24.855+0800: 49.167: [CMS-concurrent-mark-start]
2021-01-21T22:12:24.857+0800: 49.169: [CMS-concurrent-mark: 0.001/0.001 secs] [Times: user=0.01 sys=0.00, real=0.00 secs] 
2021-01-21T22:12:24.857+0800: 49.169: [CMS-concurrent-preclean-start]
2021-01-21T22:12:24.858+0800: 49.170: [CMS-concurrent-preclean: 0.001/0.001 secs] [Times: user=0.00 sys=0.00, real=0.00 secs] 
2021-01-21T22:12:24.858+0800: 49.170: [CMS-concurrent-abortable-preclean-start]
2021-01-21T22:12:24.858+0800: 49.170: [CMS-concurrent-abortable-preclean: 0.000/0.000 secs] [Times: user=0.00 sys=0.00, real=0.00 secs] 
2021-01-21T22:12:24.859+0800: 49.171: [GC (CMS Final Remark) [YG occupancy: 64812 K (157248 K)]2021-01-21T22:12:24.860+0800: 49.172: [Rescan (parallel) , 0.0013603 secs]2021-01-21T22:12:24.861+0800: 49.173: [weak refs processing, 0.0003588 secs]2021-01-21T22:12:24.862+0800: 49.174: [class unloading, 0.0005872 secs]2021-01-21T22:12:24.863+0800: 49.175: [scrub symbol table, 0.0005862 secs]2021-01-21T22:12:24.864+0800: 49.176: [scrub string table, 0.0004160 secs][1 CMS-remark: 348980K(349568K)] 413792K(506816K), 0.0051487 secs] [Times: user=0.01 sys=0.00, real=0.00 secs] 
2021-01-21T22:12:24.865+0800: 49.177: [CMS-concurrent-sweep-start]
2021-01-21T22:12:24.866+0800: 49.178: [CMS-concurrent-sweep: 0.000/0.000 secs] [Times: user=0.00 sys=0.00, real=0.00 secs] 
2021-01-21T22:12:24.866+0800: 49.178: [CMS-concurrent-reset-start]
2021-01-21T22:12:24.866+0800: 49.178: [CMS-concurrent-reset: 0.000/0.000 secs] [Times: user=0.00 sys=0.00, real=0.00 secs] 
2021-01-21T22:12:24.876+0800: 49.188: [GC (Allocation Failure) 2021-01-21T22:12:24.877+0800: 49.189: [ParNew: 157080K->157080K(157248K), 0.0003762 secs]2021-01-21T22:12:24.877+0800: 49.189: [CMS: 347445K->349559K(349568K), 0.0534990 secs] 504526K->385184K(506816K), [Metaspace: 2816K->2816K(1056768K)], 0.0553024 secs] [Times: user=0.05 sys=0.00, real=0.06 secs] 
2021-01-21T22:12:24.933+0800: 49.245: [GC (CMS Initial Mark) [1 CMS-initial-mark: 349559K(349568K)] 388201K(506816K), 0.0017171 secs] [Times: user=0.01 sys=0.00, real=0.00 secs] 
2021-01-21T22:12:24.936+0800: 49.248: [CMS-concurrent-mark-start]
2021-01-21T22:12:24.937+0800: 49.249: [CMS-concurrent-mark: 0.001/0.001 secs] [Times: user=0.00 sys=0.00, real=0.00 secs] 
2021-01-21T22:12:24.938+0800: 49.250: [CMS-concurrent-preclean-start]
2021-01-21T22:12:24.939+0800: 49.251: [CMS-concurrent-preclean: 0.001/0.001 secs] [Times: user=0.00 sys=0.00, real=0.01 secs] 
2021-01-21T22:12:24.939+0800: 49.251: [CMS-concurrent-abortable-preclean-start]
2021-01-21T22:12:24.939+0800: 49.251: [CMS-concurrent-abortable-preclean: 0.000/0.000 secs] [Times: user=0.00 sys=0.00, real=0.00 secs] 
2021-01-21T22:12:24.940+0800: 49.252: [GC (CMS Final Remark) [YG occupancy: 61797 K (157248 K)]2021-01-21T22:12:24.940+0800: 49.252: [Rescan (parallel) , 0.0012114 secs]2021-01-21T22:12:24.942+0800: 49.254: [weak refs processing, 0.0001998 secs]2021-01-21T22:12:24.942+0800: 49.254: [class unloading, 0.0005799 secs]2021-01-21T22:12:24.943+0800: 49.255: [scrub symbol table, 0.0006146 secs]2021-01-21T22:12:24.944+0800: 49.256: [scrub string table, 0.0004365 secs][1 CMS-remark: 349559K(349568K)] 411357K(506816K), 0.0049562 secs] [Times: user=0.00 sys=0.00, real=0.00 secs] 
2021-01-21T22:12:24.946+0800: 49.258: [CMS-concurrent-sweep-start]
2021-01-21T22:12:24.946+0800: 49.258: [CMS-concurrent-sweep: 0.000/0.000 secs] [Times: user=0.00 sys=0.00, real=0.00 secs] 
2021-01-21T22:12:24.946+0800: 49.258: [CMS-concurrent-reset-start]
2021-01-21T22:12:24.946+0800: 49.259: [CMS-concurrent-reset: 0.000/0.000 secs] [Times: user=0.00 sys=0.00, real=0.00 secs] 
2021-01-21T22:12:24.958+0800: 49.270: [GC (Allocation Failure) 2021-01-21T22:12:24.958+0800: 49.271: [ParNew: 157213K->157213K(157248K), 0.0003332 secs]2021-01-21T22:12:24.959+0800: 49.271: [CMS: 348338K->349500K(349568K), 0.0524404 secs] 505552K->379624K(506816K), [Metaspace: 2816K->2816K(1056768K)], 0.0543616 secs] [Times: user=0.06 sys=0.00, real=0.06 secs] 
2021-01-21T22:12:25.014+0800: 49.326: [GC (CMS Initial Mark) [1 CMS-initial-mark: 349500K(349568K)] 382300K(506816K), 0.0013969 secs] [Times: user=0.00 sys=0.00, real=0.00 secs] 
2021-01-21T22:12:25.016+0800: 49.328: [CMS-concurrent-mark-start]
2021-01-21T22:12:25.018+0800: 49.330: [CMS-concurrent-mark: 0.002/0.002 secs] [Times: user=0.00 sys=0.00, real=0.00 secs] 
2021-01-21T22:12:25.018+0800: 49.330: [CMS-concurrent-preclean-start]
2021-01-21T22:12:25.019+0800: 49.331: [CMS-concurrent-preclean: 0.001/0.001 secs] [Times: user=0.00 sys=0.00, real=0.00 secs] 
2021-01-21T22:12:25.020+0800: 49.332: [CMS-concurrent-abortable-preclean-start]
2021-01-21T22:12:25.020+0800: 49.332: [CMS-concurrent-abortable-preclean: 0.000/0.000 secs] [Times: user=0.00 sys=0.00, real=0.00 secs] 
2021-01-21T22:12:25.021+0800: 49.333: [GC (CMS Final Remark) [YG occupancy: 64410 K (157248 K)]2021-01-21T22:12:25.021+0800: 49.333: [Rescan (parallel) , 0.0012929 secs]2021-01-21T22:12:25.023+0800: 49.335: [weak refs processing, 0.0002644 secs]2021-01-21T22:12:25.023+0800: 49.335: [class unloading, 0.0004775 secs]2021-01-21T22:12:25.024+0800: 49.336: [scrub symbol table, 0.0005246 secs]2021-01-21T22:12:25.025+0800: 49.337: [scrub string table, 0.0003687 secs][1 CMS-remark: 349500K(349568K)] 413910K(506816K), 0.0048846 secs] [Times: user=0.00 sys=0.00, real=0.00 secs] 
2021-01-21T22:12:25.026+0800: 49.338: [CMS-concurrent-sweep-start]
2021-01-21T22:12:25.027+0800: 49.339: [CMS-concurrent-sweep: 0.000/0.000 secs] [Times: user=0.00 sys=0.00, real=0.00 secs] 
2021-01-21T22:12:25.027+0800: 49.339: [CMS-concurrent-reset-start]
2021-01-21T22:12:25.027+0800: 49.339: [CMS-concurrent-reset: 0.000/0.000 secs] [Times: user=0.00 sys=0.00, real=0.00 secs] 
2021-01-21T22:12:25.038+0800: 49.350: [GC (Allocation Failure) 2021-01-21T22:12:25.039+0800: 49.351: [ParNew: 157026K->157026K(157248K), 0.0004011 secs]2021-01-21T22:12:25.040+0800: 49.352: [CMS: 348758K->349185K(349568K), 0.0491442 secs] 505784K->379263K(506816K), [Metaspace: 2816K->2816K(1056768K)], 0.0509756 secs] [Times: user=0.05 sys=0.00, real=0.05 secs] 
2021-01-21T22:12:25.091+0800: 49.403: [GC (CMS Initial Mark) [1 CMS-initial-mark: 349185K(349568K)] 382034K(506816K), 0.0014020 secs] [Times: user=0.00 sys=0.00, real=0.00 secs] 
2021-01-21T22:12:25.093+0800: 49.405: [CMS-concurrent-mark-start]
2021-01-21T22:12:25.094+0800: 49.406: [CMS-concurrent-mark: 0.001/0.001 secs] [Times: user=0.00 sys=0.00, real=0.00 secs] 
2021-01-21T22:12:25.094+0800: 49.406: [CMS-concurrent-preclean-start]
2021-01-21T22:12:25.095+0800: 49.408: [CMS-concurrent-preclean: 0.001/0.001 secs] [Times: user=0.00 sys=0.00, real=0.00 secs] 
2021-01-21T22:12:25.096+0800: 49.408: [CMS-concurrent-abortable-preclean-start]
2021-01-21T22:12:25.096+0800: 49.408: [CMS-concurrent-abortable-preclean: 0.000/0.000 secs] [Times: user=0.00 sys=0.00, real=0.00 secs] 
2021-01-21T22:12:25.097+0800: 49.409: [GC (CMS Final Remark) [YG occupancy: 56023 K (157248 K)]2021-01-21T22:12:25.097+0800: 49.409: [Rescan (parallel) , 0.0012553 secs]2021-01-21T22:12:25.099+0800: 49.411: [weak refs processing, 0.0004338 secs]2021-01-21T22:12:25.099+0800: 49.412: [class unloading, 0.0005301 secs]2021-01-21T22:12:25.100+0800: 49.412: [scrub symbol table, 0.0006248 secs]2021-01-21T22:12:25.101+0800: 49.413: [scrub string table, 0.0004315 secs][1 CMS-remark: 349185K(349568K)] 405208K(506816K), 0.0052076 secs] [Times: user=0.01 sys=0.00, real=0.01 secs] 
2021-01-21T22:12:25.103+0800: 49.415: [CMS-concurrent-sweep-start]
2021-01-21T22:12:25.103+0800: 49.415: [CMS-concurrent-sweep: 0.000/0.000 secs] [Times: user=0.00 sys=0.00, real=0.00 secs] 
2021-01-21T22:12:25.103+0800: 49.415: [CMS-concurrent-reset-start]
2021-01-21T22:12:25.104+0800: 49.416: [CMS-concurrent-reset: 0.000/0.000 secs] [Times: user=0.00 sys=0.00, real=0.00 secs] 
2021-01-21T22:12:25.115+0800: 49.427: [GC (Allocation Failure) 2021-01-21T22:12:25.115+0800: 49.427: [ParNew: 157058K->157058K(157248K), 0.0004783 secs]2021-01-21T22:12:25.116+0800: 49.428: [CMS: 349185K->349423K(349568K), 0.0492849 secs] 506243K->377516K(506816K), [Metaspace: 2816K->2816K(1056768K)], 0.0511938 secs] [Times: user=0.05 sys=0.00, real=0.05 secs] 
2021-01-21T22:12:25.167+0800: 49.479: [GC (CMS Initial Mark) [1 CMS-initial-mark: 349423K(349568K)] 380564K(506816K), 0.0013541 secs] [Times: user=0.00 sys=0.00, real=0.01 secs] 
2021-01-21T22:12:25.169+0800: 49.481: [CMS-concurrent-mark-start]
2021-01-21T22:12:25.170+0800: 49.482: [CMS-concurrent-mark: 0.001/0.001 secs] [Times: user=0.00 sys=0.00, real=0.00 secs] 
2021-01-21T22:12:25.171+0800: 49.483: [CMS-concurrent-preclean-start]
2021-01-21T22:12:25.171+0800: 49.484: [CMS-concurrent-preclean: 0.001/0.001 secs] [Times: user=0.00 sys=0.01, real=0.00 secs] 
2021-01-21T22:12:25.172+0800: 49.484: [CMS-concurrent-abortable-preclean-start]
2021-01-21T22:12:25.172+0800: 49.484: [CMS-concurrent-abortable-preclean: 0.000/0.000 secs] [Times: user=0.00 sys=0.00, real=0.00 secs] 
2021-01-21T22:12:25.172+0800: 49.484: [GC (CMS Final Remark) [YG occupancy: 63279 K (157248 K)]2021-01-21T22:12:25.173+0800: 49.485: [Rescan (parallel) , 0.0012398 secs]2021-01-21T22:12:25.174+0800: 49.486: [weak refs processing, 0.0002437 secs]2021-01-21T22:12:25.175+0800: 49.487: [class unloading, 0.0004064 secs]2021-01-21T22:12:25.175+0800: 49.487: [scrub symbol table, 0.0005393 secs]2021-01-21T22:12:25.176+0800: 49.488: [scrub string table, 0.0003484 secs][1 CMS-remark: 349423K(349568K)] 412702K(506816K), 0.0043393 secs] [Times: user=0.00 sys=0.00, real=0.00 secs] 
2021-01-21T22:12:25.178+0800: 49.490: [CMS-concurrent-sweep-start]
2021-01-21T22:12:25.178+0800: 49.490: [CMS-concurrent-sweep: 0.000/0.000 secs] [Times: user=0.00 sys=0.00, real=0.00 secs] 
2021-01-21T22:12:25.178+0800: 49.490: [CMS-concurrent-reset-start]
2021-01-21T22:12:25.178+0800: 49.490: [CMS-concurrent-reset: 0.000/0.000 secs] [Times: user=0.00 sys=0.00, real=0.01 secs] 
2021-01-21T22:12:25.190+0800: 49.502: [GC (Allocation Failure) 2021-01-21T22:12:25.190+0800: 49.502: [ParNew: 157185K->157185K(157248K), 0.0004068 secs]2021-01-21T22:12:25.191+0800: 49.503: [CMS: 345639K->349467K(349568K), 0.0505996 secs] 502825K->377451K(506816K), [Metaspace: 2816K->2816K(1056768K)], 0.0523815 secs] [Times: user=0.05 sys=0.00, real=0.05 secs] 
2021-01-21T22:12:25.243+0800: 49.555: [GC (CMS Initial Mark) [1 CMS-initial-mark: 349467K(349568K)] 380119K(506816K), 0.0016128 secs] [Times: user=0.01 sys=0.00, real=0.00 secs] 
2021-01-21T22:12:25.246+0800: 49.558: [CMS-concurrent-mark-start]
2021-01-21T22:12:25.247+0800: 49.559: [CMS-concurrent-mark: 0.001/0.001 secs] [Times: user=0.00 sys=0.00, real=0.00 secs] 
2021-01-21T22:12:25.248+0800: 49.560: [CMS-concurrent-preclean-start]
2021-01-21T22:12:25.249+0800: 49.561: [CMS-concurrent-preclean: 0.002/0.002 secs] [Times: user=0.00 sys=0.00, real=0.01 secs] 
2021-01-21T22:12:25.250+0800: 49.562: [CMS-concurrent-abortable-preclean-start]
2021-01-21T22:12:25.250+0800: 49.562: [CMS-concurrent-abortable-preclean: 0.000/0.000 secs] [Times: user=0.00 sys=0.00, real=0.00 secs] 
2021-01-21T22:12:25.250+0800: 49.563: [GC (CMS Final Remark) [YG occupancy: 60147 K (157248 K)]2021-01-21T22:12:25.251+0800: 49.563: [Rescan (parallel) , 0.0008870 secs]2021-01-21T22:12:25.252+0800: 49.564: [weak refs processing, 0.0003162 secs]2021-01-21T22:12:25.253+0800: 49.565: [class unloading, 0.0005106 secs]2021-01-21T22:12:25.253+0800: 49.565: [scrub symbol table, 0.0005775 secs]2021-01-21T22:12:25.254+0800: 49.566: [scrub string table, 0.0004527 secs][1 CMS-remark: 349467K(349568K)] 409614K(506816K), 0.0046344 secs] [Times: user=0.00 sys=0.00, real=0.00 secs] 
2021-01-21T22:12:25.256+0800: 49.568: [CMS-concurrent-sweep-start]
2021-01-21T22:12:25.256+0800: 49.568: [CMS-concurrent-sweep: 0.000/0.000 secs] [Times: user=0.00 sys=0.00, real=0.00 secs] 
2021-01-21T22:12:25.256+0800: 49.568: [CMS-concurrent-reset-start]
2021-01-21T22:12:25.257+0800: 49.569: [CMS-concurrent-reset: 0.000/0.000 secs] [Times: user=0.00 sys=0.00, real=0.00 secs] 
2021-01-21T22:12:25.268+0800: 49.580: [GC (Allocation Failure) 2021-01-21T22:12:25.268+0800: 49.580: [ParNew: 156569K->156569K(157248K), 0.0003549 secs]2021-01-21T22:12:25.269+0800: 49.581: [CMS: 348158K->349384K(349568K), 0.0544440 secs] 504728K->375950K(506816K), [Metaspace: 2816K->2816K(1056768K)], 0.0559591 secs] [Times: user=0.06 sys=0.00, real=0.06 secs] 
2021-01-21T22:12:25.325+0800: 49.637: [GC (CMS Initial Mark) [1 CMS-initial-mark: 349384K(349568K)] 379192K(506816K), 0.0012817 secs] [Times: user=0.00 sys=0.00, real=0.00 secs] 
2021-01-21T22:12:25.326+0800: 49.638: [CMS-concurrent-mark-start]
2021-01-21T22:12:25.328+0800: 49.640: [CMS-concurrent-mark: 0.002/0.002 secs] [Times: user=0.00 sys=0.00, real=0.00 secs] 
2021-01-21T22:12:25.329+0800: 49.641: [CMS-concurrent-preclean-start]
2021-01-21T22:12:25.330+0800: 49.642: [CMS-concurrent-preclean: 0.001/0.001 secs] [Times: user=0.00 sys=0.00, real=0.00 secs] 
2021-01-21T22:12:25.330+0800: 49.642: [CMS-concurrent-abortable-preclean-start]
2021-01-21T22:12:25.330+0800: 49.642: [CMS-concurrent-abortable-preclean: 0.000/0.000 secs] [Times: user=0.00 sys=0.00, real=0.00 secs] 
2021-01-21T22:12:25.331+0800: 49.643: [GC (CMS Final Remark) [YG occupancy: 58630 K (157248 K)]2021-01-21T22:12:25.331+0800: 49.643: [Rescan (parallel) , 0.0007434 secs]2021-01-21T22:12:25.332+0800: 49.644: [weak refs processing, 0.0003205 secs]2021-01-21T22:12:25.333+0800: 49.645: [class unloading, 0.0007267 secs]2021-01-21T22:12:25.334+0800: 49.646: [scrub symbol table, 0.0008874 secs]2021-01-21T22:12:25.335+0800: 49.647: [scrub string table, 0.0005217 secs][1 CMS-remark: 349384K(349568K)] 408014K(506816K), 0.0051936 secs] [Times: user=0.00 sys=0.00, real=0.00 secs] 
2021-01-21T22:12:25.336+0800: 49.648: [CMS-concurrent-sweep-start]
2021-01-21T22:12:25.337+0800: 49.649: [CMS-concurrent-sweep: 0.000/0.000 secs] [Times: user=0.00 sys=0.00, real=0.00 secs] 
2021-01-21T22:12:25.337+0800: 49.649: [CMS-concurrent-reset-start]
2021-01-21T22:12:25.337+0800: 49.649: [CMS-concurrent-reset: 0.000/0.000 secs] [Times: user=0.00 sys=0.00, real=0.00 secs] 
2021-01-21T22:12:25.349+0800: 49.661: [GC (Allocation Failure) 2021-01-21T22:12:25.350+0800: 49.662: [ParNew: 157241K->157241K(157248K), 0.0003300 secs]2021-01-21T22:12:25.350+0800: 49.662: [CMS: 347067K->348851K(349568K), 0.0525440 secs] 504308K->375123K(506816K), [Metaspace: 2816K->2816K(1056768K)], 0.0540915 secs] [Times: user=0.05 sys=0.00, real=0.05 secs] 
2021-01-21T22:12:25.404+0800: 49.716: [GC (CMS Initial Mark) [1 CMS-initial-mark: 348851K(349568K)] 377892K(506816K), 0.0011173 secs] [Times: user=0.00 sys=0.00, real=0.00 secs] 
2021-01-21T22:12:25.406+0800: 49.718: [CMS-concurrent-mark-start]
2021-01-21T22:12:25.407+0800: 49.719: [CMS-concurrent-mark: 0.001/0.001 secs] [Times: user=0.00 sys=0.00, real=0.00 secs] 
2021-01-21T22:12:25.408+0800: 49.720: [CMS-concurrent-preclean-start]
2021-01-21T22:12:25.409+0800: 49.721: [CMS-concurrent-preclean: 0.001/0.001 secs] [Times: user=0.00 sys=0.00, real=0.01 secs] 
2021-01-21T22:12:25.409+0800: 49.721: [CMS-concurrent-abortable-preclean-start]
2021-01-21T22:12:25.409+0800: 49.721: [CMS-concurrent-abortable-preclean: 0.000/0.000 secs] [Times: user=0.00 sys=0.00, real=0.00 secs] 
2021-01-21T22:12:25.410+0800: 49.722: [GC (CMS Final Remark) [YG occupancy: 55499 K (157248 K)]2021-01-21T22:12:25.410+0800: 49.722: [Rescan (parallel) , 0.0010800 secs]2021-01-21T22:12:25.412+0800: 49.724: [weak refs processing, 0.0004197 secs]2021-01-21T22:12:25.412+0800: 49.724: [class unloading, 0.0005296 secs]2021-01-21T22:12:25.413+0800: 49.725: [scrub symbol table, 0.0008790 secs]2021-01-21T22:12:25.415+0800: 49.727: [scrub string table, 0.0004709 secs][1 CMS-remark: 348851K(349568K)] 404350K(506816K), 0.0052385 secs] [Times: user=0.00 sys=0.00, real=0.00 secs] 
2021-01-21T22:12:25.416+0800: 49.728: [CMS-concurrent-sweep-start]
2021-01-21T22:12:25.416+0800: 49.728: [CMS-concurrent-sweep: 0.000/0.000 secs] [Times: user=0.01 sys=0.00, real=0.00 secs] 
2021-01-21T22:12:25.416+0800: 49.729: [CMS-concurrent-reset-start]
2021-01-21T22:12:25.417+0800: 49.729: [CMS-concurrent-reset: 0.000/0.000 secs] [Times: user=0.00 sys=0.00, real=0.00 secs] 
2021-01-21T22:12:25.428+0800: 49.740: [GC (Allocation Failure) 2021-01-21T22:12:25.428+0800: 49.740: [ParNew: 157127K->157127K(157248K), 0.0003688 secs]2021-01-21T22:12:25.429+0800: 49.741: [CMS: 347992K->349124K(349568K), 0.0486160 secs] 505120K->374056K(506816K), [Metaspace: 2816K->2816K(1056768K)], 0.0505215 secs] [Times: user=0.05 sys=0.00, real=0.06 secs] 
2021-01-21T22:12:25.479+0800: 49.791: [GC (CMS Initial Mark) [1 CMS-initial-mark: 349124K(349568K)] 377015K(506816K), 0.0014268 secs] [Times: user=0.00 sys=0.00, real=0.00 secs] 
2021-01-21T22:12:25.481+0800: 49.793: [CMS-concurrent-mark-start]
2021-01-21T22:12:25.483+0800: 49.795: [CMS-concurrent-mark: 0.001/0.001 secs] [Times: user=0.00 sys=0.00, real=0.00 secs] 
2021-01-21T22:12:25.483+0800: 49.795: [CMS-concurrent-preclean-start]
2021-01-21T22:12:25.484+0800: 49.796: [CMS-concurrent-preclean: 0.001/0.001 secs] [Times: user=0.00 sys=0.00, real=0.00 secs] 
2021-01-21T22:12:25.485+0800: 49.797: [CMS-concurrent-abortable-preclean-start]
2021-01-21T22:12:25.485+0800: 49.797: [CMS-concurrent-abortable-preclean: 0.000/0.000 secs] [Times: user=0.00 sys=0.00, real=0.00 secs] 
2021-01-21T22:12:25.485+0800: 49.797: [GC (CMS Final Remark) [YG occupancy: 55605 K (157248 K)]2021-01-21T22:12:25.486+0800: 49.798: [Rescan (parallel) , 0.0007394 secs]2021-01-21T22:12:25.487+0800: 49.799: [weak refs processing, 0.0003420 secs]2021-01-21T22:12:25.488+0800: 49.800: [class unloading, 0.0005219 secs]2021-01-21T22:12:25.489+0800: 49.801: [scrub symbol table, 0.0005555 secs]2021-01-21T22:12:25.489+0800: 49.801: [scrub string table, 0.0004117 secs][1 CMS-remark: 349124K(349568K)] 404729K(506816K), 0.0045236 secs] [Times: user=0.00 sys=0.00, real=0.01 secs] 
2021-01-21T22:12:25.491+0800: 49.803: [CMS-concurrent-sweep-start]
2021-01-21T22:12:25.491+0800: 49.803: [CMS-concurrent-sweep: 0.000/0.000 secs] [Times: user=0.00 sys=0.00, real=0.00 secs] 
2021-01-21T22:12:25.491+0800: 49.803: [CMS-concurrent-reset-start]
2021-01-21T22:12:25.491+0800: 49.803: [CMS-concurrent-reset: 0.000/0.000 secs] [Times: user=0.00 sys=0.00, real=0.00 secs] 
2021-01-21T22:12:25.504+0800: 49.816: [GC (Allocation Failure) 2021-01-21T22:12:25.505+0800: 49.817: [ParNew: 157061K->157061K(157248K), 0.0003518 secs]2021-01-21T22:12:25.505+0800: 49.817: [CMS: 348375K->349550K(349568K), 0.0518682 secs] 505437K->371540K(506816K), [Metaspace: 2816K->2816K(1056768K)], 0.0535165 secs] [Times: user=0.05 sys=0.00, real=0.05 secs] 
2021-01-21T22:12:25.559+0800: 49.871: [GC (CMS Initial Mark) [1 CMS-initial-mark: 349550K(349568K)] 374512K(506816K), 0.0010521 secs] [Times: user=0.00 sys=0.00, real=0.00 secs] 
2021-01-21T22:12:25.560+0800: 49.872: [CMS-concurrent-mark-start]
2021-01-21T22:12:25.562+0800: 49.874: [CMS-concurrent-mark: 0.001/0.001 secs] [Times: user=0.00 sys=0.00, real=0.00 secs] 
2021-01-21T22:12:25.562+0800: 49.874: [CMS-concurrent-preclean-start]
2021-01-21T22:12:25.563+0800: 49.875: [CMS-concurrent-preclean: 0.001/0.001 secs] [Times: user=0.01 sys=0.00, real=0.00 secs] 
2021-01-21T22:12:25.563+0800: 49.875: [CMS-concurrent-abortable-preclean-start]
2021-01-21T22:12:25.563+0800: 49.875: [CMS-concurrent-abortable-preclean: 0.000/0.000 secs] [Times: user=0.00 sys=0.00, real=0.00 secs] 
2021-01-21T22:12:25.564+0800: 49.876: [GC (CMS Final Remark) [YG occupancy: 49142 K (157248 K)]2021-01-21T22:12:25.564+0800: 49.876: [Rescan (parallel) , 0.0015619 secs]2021-01-21T22:12:25.566+0800: 49.878: [weak refs processing, 0.0003628 secs]2021-01-21T22:12:25.567+0800: 49.879: [class unloading, 0.0005858 secs]2021-01-21T22:12:25.568+0800: 49.880: [scrub symbol table, 0.0005944 secs]2021-01-21T22:12:25.569+0800: 49.881: [scrub string table, 0.0004089 secs][1 CMS-remark: 349550K(349568K)] 398693K(506816K), 0.0054746 secs] [Times: user=0.01 sys=0.00, real=0.01 secs] 
2021-01-21T22:12:25.570+0800: 49.882: [CMS-concurrent-sweep-start]
2021-01-21T22:12:25.570+0800: 49.882: [CMS-concurrent-sweep: 0.000/0.000 secs] [Times: user=0.00 sys=0.00, real=0.00 secs] 
2021-01-21T22:12:25.571+0800: 49.883: [CMS-concurrent-reset-start]
2021-01-21T22:12:25.571+0800: 49.883: [CMS-concurrent-reset: 0.000/0.000 secs] [Times: user=0.00 sys=0.00, real=0.00 secs] 
2021-01-21T22:12:25.584+0800: 49.897: [GC (Allocation Failure) 2021-01-21T22:12:25.585+0800: 49.897: [ParNew: 157094K->157094K(157248K), 0.0003661 secs]2021-01-21T22:12:25.586+0800: 49.898: [CMS: 349304K->349375K(349568K), 0.0511570 secs] 506399K->377494K(506816K), [Metaspace: 2816K->2816K(1056768K)], 0.0527223 secs] [Times: user=0.05 sys=0.00, real=0.05 secs] 
2021-01-21T22:12:25.638+0800: 49.950: [GC (CMS Initial Mark) [1 CMS-initial-mark: 349375K(349568K)] 380406K(506816K), 0.0009626 secs] [Times: user=0.01 sys=0.00, real=0.01 secs] 
2021-01-21T22:12:25.640+0800: 49.952: [CMS-concurrent-mark-start]
2021-01-21T22:12:25.641+0800: 49.953: [CMS-concurrent-mark: 0.001/0.001 secs] [Times: user=0.00 sys=0.00, real=0.00 secs] 
2021-01-21T22:12:25.641+0800: 49.953: [CMS-concurrent-preclean-start]
2021-01-21T22:12:25.642+0800: 49.954: [CMS-concurrent-preclean: 0.001/0.001 secs] [Times: user=0.00 sys=0.00, real=0.00 secs] 
2021-01-21T22:12:25.642+0800: 49.954: [CMS-concurrent-abortable-preclean-start]
2021-01-21T22:12:25.642+0800: 49.954: [CMS-concurrent-abortable-preclean: 0.000/0.000 secs] [Times: user=0.00 sys=0.00, real=0.00 secs] 
2021-01-21T22:12:25.643+0800: 49.955: [GC (CMS Final Remark) [YG occupancy: 55743 K (157248 K)]2021-01-21T22:12:25.643+0800: 49.955: [Rescan (parallel) , 0.0011353 secs]2021-01-21T22:12:25.645+0800: 49.957: [weak refs processing, 0.0003821 secs]2021-01-21T22:12:25.646+0800: 49.958: [class unloading, 0.0004690 secs]2021-01-21T22:12:25.646+0800: 49.958: [scrub symbol table, 0.0007386 secs]2021-01-21T22:12:25.647+0800: 49.959: [scrub string table, 0.0005849 secs][1 CMS-remark: 349375K(349568K)] 405118K(506816K), 0.0052185 secs] [Times: user=0.01 sys=0.00, real=0.01 secs] 
2021-01-21T22:12:25.649+0800: 49.961: [CMS-concurrent-sweep-start]
2021-01-21T22:12:25.650+0800: 49.962: [CMS-concurrent-sweep: 0.000/0.000 secs] [Times: user=0.00 sys=0.00, real=0.00 secs] 
2021-01-21T22:12:25.650+0800: 49.962: [CMS-concurrent-reset-start]
2021-01-21T22:12:25.650+0800: 49.962: [CMS-concurrent-reset: 0.000/0.000 secs] [Times: user=0.00 sys=0.00, real=0.00 secs] 
2021-01-21T22:12:25.663+0800: 49.975: [GC (Allocation Failure) 2021-01-21T22:12:25.663+0800: 49.975: [ParNew: 157046K->157046K(157248K), 0.0003055 secs]2021-01-21T22:12:25.664+0800: 49.976: [CMS: 349295K->349511K(349568K), 0.0531831 secs] 506341K->378734K(506816K), [Metaspace: 2816K->2816K(1056768K)], 0.0548411 secs] [Times: user=0.06 sys=0.00, real=0.05 secs] 
2021-01-21T22:12:25.719+0800: 50.031: [GC (CMS Initial Mark) [1 CMS-initial-mark: 349511K(349568K)] 381630K(506816K), 0.0012087 secs] [Times: user=0.00 sys=0.00, real=0.00 secs] 
2021-01-21T22:12:25.721+0800: 50.033: [CMS-concurrent-mark-start]
2021-01-21T22:12:25.722+0800: 50.034: [CMS-concurrent-mark: 0.001/0.001 secs] [Times: user=0.00 sys=0.00, real=0.00 secs] 
2021-01-21T22:12:25.722+0800: 50.034: [CMS-concurrent-preclean-start]
2021-01-21T22:12:25.723+0800: 50.035: [CMS-concurrent-preclean: 0.001/0.001 secs] [Times: user=0.00 sys=0.00, real=0.00 secs] 
2021-01-21T22:12:25.724+0800: 50.036: [CMS-concurrent-abortable-preclean-start]
2021-01-21T22:12:25.724+0800: 50.036: [CMS-concurrent-abortable-preclean: 0.000/0.000 secs] [Times: user=0.00 sys=0.00, real=0.00 secs] 
2021-01-21T22:12:25.724+0800: 50.036: [GC (CMS Final Remark) [YG occupancy: 65877 K (157248 K)]2021-01-21T22:12:25.725+0800: 50.037: [Rescan (parallel) , 0.0010213 secs]2021-01-21T22:12:25.726+0800: 50.038: [weak refs processing, 0.0003534 secs]2021-01-21T22:12:25.727+0800: 50.039: [class unloading, 0.0004262 secs]2021-01-21T22:12:25.727+0800: 50.039: [scrub symbol table, 0.0004735 secs]2021-01-21T22:12:25.728+0800: 50.040: [scrub string table, 0.0003520 secs][1 CMS-remark: 349511K(349568K)] 415388K(506816K), 0.0042397 secs] [Times: user=0.00 sys=0.00, real=0.01 secs] 
2021-01-21T22:12:25.729+0800: 50.041: [CMS-concurrent-sweep-start]
2021-01-21T22:12:25.730+0800: 50.042: [CMS-concurrent-sweep: 0.000/0.000 secs] [Times: user=0.00 sys=0.00, real=0.00 secs] 
2021-01-21T22:12:25.730+0800: 50.042: [CMS-concurrent-reset-start]
2021-01-21T22:12:25.730+0800: 50.042: [CMS-concurrent-reset: 0.000/0.000 secs] [Times: user=0.00 sys=0.00, real=0.00 secs] 
2021-01-21T22:12:25.740+0800: 50.052: [GC (Allocation Failure) 2021-01-21T22:12:25.741+0800: 50.053: [ParNew: 156699K->156699K(157248K), 0.0003656 secs]2021-01-21T22:12:25.741+0800: 50.053: [CMS: 349082K->349265K(349568K), 0.0537731 secs] 505782K->381263K(506816K), [Metaspace: 2816K->2816K(1056768K)], 0.0554057 secs] [Times: user=0.06 sys=0.00, real=0.05 secs] 
2021-01-21T22:12:25.796+0800: 50.108: [GC (CMS Initial Mark) [1 CMS-initial-mark: 349265K(349568K)] 384504K(506816K), 0.0009810 secs] [Times: user=0.00 sys=0.00, real=0.00 secs] 
2021-01-21T22:12:25.798+0800: 50.110: [CMS-concurrent-mark-start]
2021-01-21T22:12:25.799+0800: 50.112: [CMS-concurrent-mark: 0.001/0.001 secs] [Times: user=0.00 sys=0.00, real=0.01 secs] 
2021-01-21T22:12:25.800+0800: 50.112: [CMS-concurrent-preclean-start]
2021-01-21T22:12:25.801+0800: 50.113: [CMS-concurrent-preclean: 0.001/0.001 secs] [Times: user=0.00 sys=0.00, real=0.00 secs] 
2021-01-21T22:12:25.801+0800: 50.114: [CMS-concurrent-abortable-preclean-start]
2021-01-21T22:12:25.801+0800: 50.114: [CMS-concurrent-abortable-preclean: 0.000/0.000 secs] [Times: user=0.00 sys=0.00, real=0.00 secs] 
2021-01-21T22:12:25.802+0800: 50.114: [GC (CMS Final Remark) [YG occupancy: 62489 K (157248 K)]2021-01-21T22:12:25.802+0800: 50.114: [Rescan (parallel) , 0.0012180 secs]2021-01-21T22:12:25.804+0800: 50.116: [weak refs processing, 0.0002498 secs]2021-01-21T22:12:25.804+0800: 50.116: [class unloading, 0.0003813 secs]2021-01-21T22:12:25.805+0800: 50.117: [scrub symbol table, 0.0004692 secs]2021-01-21T22:12:25.806+0800: 50.118: [scrub string table, 0.0003584 secs][1 CMS-remark: 349265K(349568K)] 411754K(506816K), 0.0042033 secs] [Times: user=0.00 sys=0.00, real=0.00 secs] 
2021-01-21T22:12:25.807+0800: 50.119: [CMS-concurrent-sweep-start]
2021-01-21T22:12:25.807+0800: 50.119: [CMS-concurrent-sweep: 0.000/0.000 secs] [Times: user=0.00 sys=0.00, real=0.00 secs] 
2021-01-21T22:12:25.807+0800: 50.119: [CMS-concurrent-reset-start]
2021-01-21T22:12:25.808+0800: 50.120: [CMS-concurrent-reset: 0.000/0.000 secs] [Times: user=0.00 sys=0.00, real=0.00 secs] 
2021-01-21T22:12:25.820+0800: 50.132: [GC (Allocation Failure) 2021-01-21T22:12:25.820+0800: 50.132: [ParNew: 157173K->157173K(157248K), 0.0003406 secs]2021-01-21T22:12:25.821+0800: 50.133: [CMS: 348559K->349539K(349568K), 0.0522526 secs] 505733K->381315K(506816K), [Metaspace: 2816K->2816K(1056768K)], 0.0538076 secs] [Times: user=0.06 sys=0.00, real=0.05 secs] 
2021-01-21T22:12:25.874+0800: 50.187: [GC (CMS Initial Mark) [1 CMS-initial-mark: 349539K(349568K)] 384155K(506816K), 0.0011718 secs] [Times: user=0.00 sys=0.00, real=0.00 secs] 
2021-01-21T22:12:25.876+0800: 50.188: [CMS-concurrent-mark-start]
2021-01-21T22:12:25.878+0800: 50.190: [CMS-concurrent-mark: 0.001/0.001 secs] [Times: user=0.00 sys=0.00, real=0.00 secs] 
2021-01-21T22:12:25.878+0800: 50.190: [CMS-concurrent-preclean-start]
2021-01-21T22:12:25.879+0800: 50.192: [CMS-concurrent-preclean: 0.002/0.002 secs] [Times: user=0.00 sys=0.00, real=0.01 secs] 
2021-01-21T22:12:25.880+0800: 50.192: [CMS-concurrent-abortable-preclean-start]
2021-01-21T22:12:25.880+0800: 50.192: [CMS-concurrent-abortable-preclean: 0.000/0.000 secs] [Times: user=0.00 sys=0.00, real=0.00 secs] 
2021-01-21T22:12:25.880+0800: 50.192: [GC (CMS Final Remark) [YG occupancy: 56371 K (157248 K)]2021-01-21T22:12:25.881+0800: 50.193: [Rescan (parallel) , 0.0011685 secs]2021-01-21T22:12:25.882+0800: 50.194: [weak refs processing, 0.0003833 secs]2021-01-21T22:12:25.883+0800: 50.195: [class unloading, 0.0006100 secs]2021-01-21T22:12:25.884+0800: 50.196: [scrub symbol table, 0.0004875 secs]2021-01-21T22:12:25.885+0800: 50.197: [scrub string table, 0.0003631 secs][1 CMS-remark: 349539K(349568K)] 405911K(506816K), 0.0048337 secs] [Times: user=0.00 sys=0.00, real=0.00 secs] 
2021-01-21T22:12:25.886+0800: 50.198: [CMS-concurrent-sweep-start]
2021-01-21T22:12:25.886+0800: 50.198: [CMS-concurrent-sweep: 0.000/0.000 secs] [Times: user=0.00 sys=0.00, real=0.00 secs] 
2021-01-21T22:12:25.887+0800: 50.199: [CMS-concurrent-reset-start]
2021-01-21T22:12:25.887+0800: 50.199: [CMS-concurrent-reset: 0.000/0.000 secs] [Times: user=0.00 sys=0.00, real=0.00 secs] 
2021-01-21T22:12:25.898+0800: 50.210: [GC (Allocation Failure) 2021-01-21T22:12:25.899+0800: 50.211: [ParNew: 157180K->157180K(157248K), 0.0004666 secs]2021-01-21T22:12:25.900+0800: 50.212: [CMS: 349243K->349339K(349568K), 0.0547871 secs] 506424K->385321K(506816K), [Metaspace: 2816K->2816K(1056768K)], 0.0565806 secs] [Times: user=0.06 sys=0.00, real=0.05 secs] 
2021-01-21T22:12:25.956+0800: 50.268: [GC (CMS Initial Mark) [1 CMS-initial-mark: 349339K(349568K)] 388285K(506816K), 0.0008834 secs] [Times: user=0.00 sys=0.00, real=0.00 secs] 
2021-01-21T22:12:25.957+0800: 50.269: [CMS-concurrent-mark-start]
2021-01-21T22:12:25.958+0800: 50.271: [CMS-concurrent-mark: 0.001/0.001 secs] [Times: user=0.01 sys=0.00, real=0.01 secs] 
2021-01-21T22:12:25.959+0800: 50.271: [CMS-concurrent-preclean-start]
2021-01-21T22:12:25.960+0800: 50.272: [CMS-concurrent-preclean: 0.001/0.001 secs] [Times: user=0.00 sys=0.00, real=0.00 secs] 
2021-01-21T22:12:25.960+0800: 50.272: [CMS-concurrent-abortable-preclean-start]
2021-01-21T22:12:25.960+0800: 50.272: [CMS-concurrent-abortable-preclean: 0.000/0.000 secs] [Times: user=0.00 sys=0.00, real=0.00 secs] 
2021-01-21T22:12:25.961+0800: 50.273: [GC (CMS Final Remark) [YG occupancy: 58949 K (157248 K)]2021-01-21T22:12:25.961+0800: 50.273: [Rescan (parallel) , 0.0012080 secs]2021-01-21T22:12:25.962+0800: 50.274: [weak refs processing, 0.0002854 secs]2021-01-21T22:12:25.963+0800: 50.275: [class unloading, 0.0005349 secs]2021-01-21T22:12:25.964+0800: 50.276: [scrub symbol table, 0.0005208 secs]2021-01-21T22:12:25.965+0800: 50.277: [scrub string table, 0.0005078 secs][1 CMS-remark: 349339K(349568K)] 408289K(506816K), 0.0047202 secs] [Times: user=0.00 sys=0.00, real=0.00 secs] 
2021-01-21T22:12:25.966+0800: 50.278: [CMS-concurrent-sweep-start]
2021-01-21T22:12:25.966+0800: 50.278: [CMS-concurrent-sweep: 0.000/0.000 secs] [Times: user=0.00 sys=0.00, real=0.00 secs] 
2021-01-21T22:12:25.967+0800: 50.279: [CMS-concurrent-reset-start]
2021-01-21T22:12:25.967+0800: 50.279: [CMS-concurrent-reset: 0.000/0.000 secs] [Times: user=0.00 sys=0.00, real=0.00 secs] 
2021-01-21T22:12:25.978+0800: 50.290: [GC (Allocation Failure) 2021-01-21T22:12:25.979+0800: 50.291: [ParNew: 157185K->157185K(157248K), 0.0002587 secs]2021-01-21T22:12:25.979+0800: 50.291: [CMS: 348634K->349069K(349568K), 0.0526820 secs] 505819K->380964K(506816K), [Metaspace: 2816K->2816K(1056768K)], 0.0542831 secs] [Times: user=0.05 sys=0.00, real=0.05 secs] 
2021-01-21T22:12:26.034+0800: 50.346: [GC (CMS Initial Mark) [1 CMS-initial-mark: 349069K(349568K)] 383670K(506816K), 0.0015726 secs] [Times: user=0.00 sys=0.00, real=0.00 secs] 
2021-01-21T22:12:26.036+0800: 50.348: [CMS-concurrent-mark-start]
2021-01-21T22:12:26.038+0800: 50.350: [CMS-concurrent-mark: 0.002/0.002 secs] [Times: user=0.00 sys=0.00, real=0.01 secs] 
2021-01-21T22:12:26.039+0800: 50.351: [CMS-concurrent-preclean-start]
2021-01-21T22:12:26.040+0800: 50.352: [CMS-concurrent-preclean: 0.001/0.001 secs] [Times: user=0.00 sys=0.00, real=0.00 secs] 
2021-01-21T22:12:26.040+0800: 50.352: [CMS-concurrent-abortable-preclean-start]
2021-01-21T22:12:26.040+0800: 50.352: [CMS-concurrent-abortable-preclean: 0.000/0.000 secs] [Times: user=0.00 sys=0.00, real=0.00 secs] 
2021-01-21T22:12:26.041+0800: 50.353: [GC (CMS Final Remark) [YG occupancy: 68876 K (157248 K)]2021-01-21T22:12:26.041+0800: 50.353: [Rescan (parallel) , 0.0012153 secs]2021-01-21T22:12:26.043+0800: 50.355: [weak refs processing, 0.0003017 secs]2021-01-21T22:12:26.043+0800: 50.355: [class unloading, 0.0003882 secs]2021-01-21T22:12:26.044+0800: 50.356: [scrub symbol table, 0.0006312 secs]2021-01-21T22:12:26.045+0800: 50.357: [scrub string table, 0.0003736 secs][1 CMS-remark: 349069K(349568K)] 417946K(506816K), 0.0045313 secs] [Times: user=0.01 sys=0.00, real=0.00 secs] 
2021-01-21T22:12:26.046+0800: 50.358: [CMS-concurrent-sweep-start]
2021-01-21T22:12:26.046+0800: 50.358: [CMS-concurrent-sweep: 0.000/0.000 secs] [Times: user=0.00 sys=0.00, real=0.00 secs] 
2021-01-21T22:12:26.046+0800: 50.358: [CMS-concurrent-reset-start]
2021-01-21T22:12:26.047+0800: 50.359: [CMS-concurrent-reset: 0.000/0.000 secs] [Times: user=0.00 sys=0.00, real=0.00 secs] 
2021-01-21T22:12:26.057+0800: 50.369: [GC (Allocation Failure) 2021-01-21T22:12:26.058+0800: 50.370: [ParNew: 157215K->157215K(157248K), 0.0003847 secs]2021-01-21T22:12:26.059+0800: 50.371: [CMS: 347009K->349163K(349568K), 0.0535379 secs] 504224K->380905K(506816K), [Metaspace: 2816K->2816K(1056768K)], 0.0551974 secs] [Times: user=0.05 sys=0.00, real=0.06 secs] 
2021-01-21T22:12:26.113+0800: 50.426: [GC (CMS Initial Mark) [1 CMS-initial-mark: 349163K(349568K)] 383868K(506816K), 0.0010832 secs] [Times: user=0.01 sys=0.00, real=0.00 secs] 
2021-01-21T22:12:26.115+0800: 50.428: [CMS-concurrent-mark-start]
2021-01-21T22:12:26.117+0800: 50.429: [CMS-concurrent-mark: 0.002/0.002 secs] [Times: user=0.00 sys=0.00, real=0.00 secs] 
2021-01-21T22:12:26.118+0800: 50.430: [CMS-concurrent-preclean-start]
2021-01-21T22:12:26.119+0800: 50.431: [CMS-concurrent-preclean: 0.001/0.001 secs] [Times: user=0.00 sys=0.00, real=0.01 secs] 
2021-01-21T22:12:26.119+0800: 50.432: [CMS-concurrent-abortable-preclean-start]
2021-01-21T22:12:26.119+0800: 50.432: [CMS-concurrent-abortable-preclean: 0.000/0.000 secs] [Times: user=0.00 sys=0.00, real=0.00 secs] 
2021-01-21T22:12:26.120+0800: 50.432: [GC (CMS Final Remark) [YG occupancy: 64142 K (157248 K)]2021-01-21T22:12:26.120+0800: 50.432: [Rescan (parallel) , 0.0011387 secs]2021-01-21T22:12:26.122+0800: 50.434: [weak refs processing, 0.0003006 secs]2021-01-21T22:12:26.122+0800: 50.434: [class unloading, 0.0004390 secs]2021-01-21T22:12:26.123+0800: 50.435: [scrub symbol table, 0.0004553 secs]2021-01-21T22:12:26.123+0800: 50.435: [scrub string table, 0.0003654 secs][1 CMS-remark: 349163K(349568K)] 413305K(506816K), 0.0039882 secs] [Times: user=0.00 sys=0.00, real=0.00 secs] 
2021-01-21T22:12:26.124+0800: 50.436: [CMS-concurrent-sweep-start]
2021-01-21T22:12:26.125+0800: 50.437: [CMS-concurrent-sweep: 0.000/0.000 secs] [Times: user=0.00 sys=0.00, real=0.00 secs] 
2021-01-21T22:12:26.125+0800: 50.437: [CMS-concurrent-reset-start]
2021-01-21T22:12:26.125+0800: 50.437: [CMS-concurrent-reset: 0.000/0.000 secs] [Times: user=0.00 sys=0.00, real=0.00 secs] 
2021-01-21T22:12:26.138+0800: 50.450: [GC (Allocation Failure) 2021-01-21T22:12:26.139+0800: 50.451: [ParNew: 156891K->156891K(157248K), 0.0003885 secs]2021-01-21T22:12:26.139+0800: 50.451: [CMS: 347636K->349509K(349568K), 0.0520999 secs] 504528K->386858K(506816K), [Metaspace: 2816K->2816K(1056768K)], 0.0537478 secs] [Times: user=0.06 sys=0.00, real=0.05 secs] 
2021-01-21T22:12:26.193+0800: 50.505: [GC (CMS Initial Mark) [1 CMS-initial-mark: 349509K(349568K)] 390828K(506816K), 0.0012571 secs] [Times: user=0.00 sys=0.00, real=0.00 secs] 
2021-01-21T22:12:26.195+0800: 50.507: [CMS-concurrent-mark-start]
2021-01-21T22:12:26.196+0800: 50.508: [CMS-concurrent-mark: 0.001/0.001 secs] [Times: user=0.00 sys=0.00, real=0.00 secs] 
2021-01-21T22:12:26.197+0800: 50.509: [CMS-concurrent-preclean-start]
2021-01-21T22:12:26.198+0800: 50.510: [CMS-concurrent-preclean: 0.001/0.001 secs] [Times: user=0.01 sys=0.00, real=0.01 secs] 
2021-01-21T22:12:26.199+0800: 50.511: [CMS-concurrent-abortable-preclean-start]
2021-01-21T22:12:26.199+0800: 50.511: [CMS-concurrent-abortable-preclean: 0.000/0.000 secs] [Times: user=0.00 sys=0.00, real=0.00 secs] 
2021-01-21T22:12:26.199+0800: 50.512: [GC (CMS Final Remark) [YG occupancy: 70403 K (157248 K)]2021-01-21T22:12:26.200+0800: 50.512: [Rescan (parallel) , 0.0009197 secs]2021-01-21T22:12:26.201+0800: 50.513: [weak refs processing, 0.0003479 secs]2021-01-21T22:12:26.202+0800: 50.514: [class unloading, 0.0004678 secs]2021-01-21T22:12:26.203+0800: 50.515: [scrub symbol table, 0.0005210 secs]2021-01-21T22:12:26.203+0800: 50.515: [scrub string table, 0.0003922 secs][1 CMS-remark: 349509K(349568K)] 419913K(506816K), 0.0045225 secs] [Times: user=0.00 sys=0.00, real=0.00 secs] 
2021-01-21T22:12:26.205+0800: 50.517: [CMS-concurrent-sweep-start]
2021-01-21T22:12:26.205+0800: 50.517: [CMS-concurrent-sweep: 0.000/0.000 secs] [Times: user=0.00 sys=0.00, real=0.00 secs] 
2021-01-21T22:12:26.206+0800: 50.518: [CMS-concurrent-reset-start]
2021-01-21T22:12:26.206+0800: 50.518: [CMS-concurrent-reset: 0.000/0.000 secs] [Times: user=0.00 sys=0.00, real=0.00 secs] 
2021-01-21T22:12:26.216+0800: 50.528: [GC (Allocation Failure) 2021-01-21T22:12:26.217+0800: 50.529: [ParNew: 157178K->157178K(157248K), 0.0003742 secs]2021-01-21T22:12:26.218+0800: 50.530: [CMS: 348665K->349541K(349568K), 0.0504222 secs] 505844K->385184K(506816K), [Metaspace: 2816K->2816K(1056768K)], 0.0521969 secs] [Times: user=0.05 sys=0.00, real=0.06 secs] 
2021-01-21T22:12:26.270+0800: 50.582: [GC (CMS Initial Mark) [1 CMS-initial-mark: 349541K(349568K)] 388105K(506816K), 0.0012659 secs] [Times: user=0.00 sys=0.00, real=0.00 secs] 
2021-01-21T22:12:26.272+0800: 50.584: [CMS-concurrent-mark-start]
2021-01-21T22:12:26.273+0800: 50.586: [CMS-concurrent-mark: 0.002/0.002 secs] [Times: user=0.00 sys=0.00, real=0.00 secs] 
2021-01-21T22:12:26.274+0800: 50.586: [CMS-concurrent-preclean-start]
2021-01-21T22:12:26.275+0800: 50.587: [CMS-concurrent-preclean: 0.001/0.001 secs] [Times: user=0.00 sys=0.00, real=0.00 secs] 
2021-01-21T22:12:26.276+0800: 50.588: [CMS-concurrent-abortable-preclean-start]
2021-01-21T22:12:26.276+0800: 50.588: [CMS-concurrent-abortable-preclean: 0.000/0.000 secs] [Times: user=0.00 sys=0.00, real=0.00 secs] 
2021-01-21T22:12:26.276+0800: 50.588: [GC (CMS Final Remark) [YG occupancy: 60358 K (157248 K)]2021-01-21T22:12:26.277+0800: 50.589: [Rescan (parallel) , 0.0013365 secs]2021-01-21T22:12:26.278+0800: 50.590: [weak refs processing, 0.0003589 secs]2021-01-21T22:12:26.279+0800: 50.591: [class unloading, 0.0005301 secs]2021-01-21T22:12:26.280+0800: 50.592: [scrub symbol table, 0.0007548 secs]2021-01-21T22:12:26.281+0800: 50.593: [scrub string table, 0.0004306 secs][1 CMS-remark: 349541K(349568K)] 409899K(506816K), 0.0053703 secs] [Times: user=0.00 sys=0.00, real=0.01 secs] 
2021-01-21T22:12:26.282+0800: 50.594: [CMS-concurrent-sweep-start]
2021-01-21T22:12:26.283+0800: 50.595: [CMS-concurrent-sweep: 0.000/0.000 secs] [Times: user=0.00 sys=0.00, real=0.00 secs] 
2021-01-21T22:12:26.283+0800: 50.595: [CMS-concurrent-reset-start]
2021-01-21T22:12:26.283+0800: 50.595: [CMS-concurrent-reset: 0.000/0.000 secs] [Times: user=0.00 sys=0.00, real=0.00 secs] 
2021-01-21T22:12:26.300+0800: 50.612: [GC (Allocation Failure) 2021-01-21T22:12:26.300+0800: 50.612: [ParNew: 157076K->157076K(157248K), 0.0003561 secs]2021-01-21T22:12:26.301+0800: 50.613: [CMS: 349199K->349464K(349568K), 0.0557566 secs] 506275K->385468K(506816K), [Metaspace: 2816K->2816K(1056768K)], 0.0574282 secs] [Times: user=0.06 sys=0.00, real=0.05 secs] 
2021-01-21T22:12:26.358+0800: 50.670: [GC (CMS Initial Mark) [1 CMS-initial-mark: 349464K(349568K)] 388275K(506816K), 0.0012935 secs] [Times: user=0.00 sys=0.00, real=0.00 secs] 
2021-01-21T22:12:26.360+0800: 50.672: [CMS-concurrent-mark-start]
2021-01-21T22:12:26.362+0800: 50.674: [CMS-concurrent-mark: 0.002/0.002 secs] [Times: user=0.00 sys=0.00, real=0.00 secs] 
2021-01-21T22:12:26.363+0800: 50.675: [CMS-concurrent-preclean-start]
2021-01-21T22:12:26.364+0800: 50.676: [CMS-concurrent-preclean: 0.002/0.002 secs] [Times: user=0.01 sys=0.00, real=0.00 secs] 
2021-01-21T22:12:26.365+0800: 50.677: [CMS-concurrent-abortable-preclean-start]
2021-01-21T22:12:26.365+0800: 50.677: [CMS-concurrent-abortable-preclean: 0.000/0.000 secs] [Times: user=0.00 sys=0.00, real=0.00 secs] 
2021-01-21T22:12:26.366+0800: 50.678: [GC (CMS Final Remark) [YG occupancy: 66523 K (157248 K)]2021-01-21T22:12:26.366+0800: 50.678: [Rescan (parallel) , 0.0014699 secs]2021-01-21T22:12:26.368+0800: 50.680: [weak refs processing, 0.0002652 secs]2021-01-21T22:12:26.369+0800: 50.681: [class unloading, 0.0005237 secs]2021-01-21T22:12:26.370+0800: 50.682: [scrub symbol table, 0.0005933 secs]2021-01-21T22:12:26.370+0800: 50.683: [scrub string table, 0.0003854 secs][1 CMS-remark: 349464K(349568K)] 415988K(506816K), 0.0053103 secs] [Times: user=0.00 sys=0.00, real=0.01 secs] 
2021-01-21T22:12:26.372+0800: 50.684: [CMS-concurrent-sweep-start]
2021-01-21T22:12:26.372+0800: 50.684: [CMS-concurrent-sweep: 0.000/0.000 secs] [Times: user=0.00 sys=0.00, real=0.00 secs] 
2021-01-21T22:12:26.373+0800: 50.685: [CMS-concurrent-reset-start]
2021-01-21T22:12:26.373+0800: 50.685: [CMS-concurrent-reset: 0.000/0.000 secs] [Times: user=0.00 sys=0.00, real=0.00 secs] 
2021-01-21T22:12:26.384+0800: 50.696: [GC (Allocation Failure) 2021-01-21T22:12:26.384+0800: 50.696: [ParNew: 157237K->157237K(157248K), 0.0002515 secs]2021-01-21T22:12:26.384+0800: 50.696: [CMS: 348553K->349428K(349568K), 0.0558155 secs] 505790K->383794K(506816K), [Metaspace: 2816K->2816K(1056768K)], 0.0572846 secs] [Times: user=0.05 sys=0.00, real=0.06 secs] 
2021-01-21T22:12:26.442+0800: 50.754: [GC (CMS Initial Mark) [1 CMS-initial-mark: 349428K(349568K)] 386514K(506816K), 0.0015659 secs] [Times: user=0.00 sys=0.00, real=0.00 secs] 
2021-01-21T22:12:26.444+0800: 50.756: [CMS-concurrent-mark-start]
2021-01-21T22:12:26.446+0800: 50.758: [CMS-concurrent-mark: 0.002/0.002 secs] [Times: user=0.01 sys=0.00, real=0.00 secs] 
2021-01-21T22:12:26.446+0800: 50.759: [CMS-concurrent-preclean-start]
2021-01-21T22:12:26.448+0800: 50.760: [CMS-concurrent-preclean: 0.001/0.001 secs] [Times: user=0.00 sys=0.00, real=0.00 secs] 
2021-01-21T22:12:26.448+0800: 50.760: [CMS-concurrent-abortable-preclean-start]
2021-01-21T22:12:26.448+0800: 50.760: [CMS-concurrent-abortable-preclean: 0.000/0.000 secs] [Times: user=0.00 sys=0.00, real=0.00 secs] 
2021-01-21T22:12:26.449+0800: 50.761: [GC (CMS Final Remark) [YG occupancy: 57886 K (157248 K)]2021-01-21T22:12:26.449+0800: 50.761: [Rescan (parallel) , 0.0013350 secs]2021-01-21T22:12:26.451+0800: 50.763: [weak refs processing, 0.0002694 secs]2021-01-21T22:12:26.451+0800: 50.764: [class unloading, 0.0004596 secs]2021-01-21T22:12:26.452+0800: 50.764: [scrub symbol table, 0.0005457 secs]2021-01-21T22:12:26.453+0800: 50.765: [scrub string table, 0.0003952 secs][1 CMS-remark: 349428K(349568K)] 407314K(506816K), 0.0046606 secs] [Times: user=0.01 sys=0.00, real=0.00 secs] 
2021-01-21T22:12:26.454+0800: 50.766: [CMS-concurrent-sweep-start]
2021-01-21T22:12:26.455+0800: 50.767: [CMS-concurrent-sweep: 0.000/0.000 secs] [Times: user=0.00 sys=0.00, real=0.00 secs] 
2021-01-21T22:12:26.455+0800: 50.767: [CMS-concurrent-reset-start]
2021-01-21T22:12:26.455+0800: 50.767: [CMS-concurrent-reset: 0.000/0.000 secs] [Times: user=0.00 sys=0.00, real=0.00 secs] 
2021-01-21T22:12:26.469+0800: 50.781: [GC (Allocation Failure) 2021-01-21T22:12:26.469+0800: 50.781: [ParNew: 156975K->156975K(157248K), 0.0002668 secs]2021-01-21T22:12:26.470+0800: 50.782: [CMS: 349118K->349504K(349568K), 0.0535049 secs] 506093K->379877K(506816K), [Metaspace: 2816K->2816K(1056768K)], 0.0549940 secs] [Times: user=0.06 sys=0.00, real=0.05 secs] 
2021-01-21T22:12:26.524+0800: 50.836: [GC (CMS Initial Mark) [1 CMS-initial-mark: 349504K(349568K)] 383003K(506816K), 0.0010443 secs] [Times: user=0.00 sys=0.00, real=0.00 secs] 
2021-01-21T22:12:26.526+0800: 50.838: [CMS-concurrent-mark-start]
2021-01-21T22:12:26.528+0800: 50.840: [CMS-concurrent-mark: 0.001/0.001 secs] [Times: user=0.00 sys=0.00, real=0.00 secs] 
2021-01-21T22:12:26.528+0800: 50.840: [CMS-concurrent-preclean-start]
2021-01-21T22:12:26.529+0800: 50.841: [CMS-concurrent-preclean: 0.001/0.001 secs] [Times: user=0.01 sys=0.00, real=0.01 secs] 
2021-01-21T22:12:26.530+0800: 50.842: [CMS-concurrent-abortable-preclean-start]
2021-01-21T22:12:26.530+0800: 50.842: [CMS-concurrent-abortable-preclean: 0.000/0.000 secs] [Times: user=0.00 sys=0.00, real=0.00 secs] 
2021-01-21T22:12:26.530+0800: 50.842: [GC (CMS Final Remark) [YG occupancy: 60389 K (157248 K)]2021-01-21T22:12:26.531+0800: 50.843: [Rescan (parallel) , 0.0008394 secs]2021-01-21T22:12:26.532+0800: 50.844: [weak refs processing, 0.0003091 secs]2021-01-21T22:12:26.532+0800: 50.844: [class unloading, 0.0004889 secs]2021-01-21T22:12:26.533+0800: 50.845: [scrub symbol table, 0.0006151 secs]2021-01-21T22:12:26.534+0800: 50.846: [scrub string table, 0.0004978 secs][1 CMS-remark: 349504K(349568K)] 409894K(506816K), 0.0048271 secs] [Times: user=0.00 sys=0.00, real=0.00 secs] 
2021-01-21T22:12:26.536+0800: 50.848: [CMS-concurrent-sweep-start]
2021-01-21T22:12:26.536+0800: 50.848: [CMS-concurrent-sweep: 0.000/0.000 secs] [Times: user=0.00 sys=0.00, real=0.00 secs] 
2021-01-21T22:12:26.536+0800: 50.848: [CMS-concurrent-reset-start]
2021-01-21T22:12:26.536+0800: 50.849: [CMS-concurrent-reset: 0.000/0.000 secs] [Times: user=0.00 sys=0.00, real=0.00 secs] 
2021-01-21T22:12:26.548+0800: 50.860: [GC (Allocation Failure) 2021-01-21T22:12:26.549+0800: 50.861: [ParNew: 157231K->157231K(157248K), 0.0002861 secs]2021-01-21T22:12:26.549+0800: 50.861: [CMS: 349504K->349265K(349568K), 0.0493268 secs] 506736K->379024K(506816K), [Metaspace: 2816K->2816K(1056768K)], 0.0509130 secs] [Times: user=0.05 sys=0.00, real=0.05 secs] 
2021-01-21T22:12:26.600+0800: 50.912: [GC (CMS Initial Mark) [1 CMS-initial-mark: 349265K(349568K)] 381707K(506816K), 0.0013245 secs] [Times: user=0.00 sys=0.00, real=0.00 secs] 
2021-01-21T22:12:26.602+0800: 50.914: [CMS-concurrent-mark-start]
2021-01-21T22:12:26.604+0800: 50.916: [CMS-concurrent-mark: 0.002/0.002 secs] [Times: user=0.00 sys=0.00, real=0.00 secs] 
2021-01-21T22:12:26.604+0800: 50.916: [CMS-concurrent-preclean-start]
2021-01-21T22:12:26.605+0800: 50.917: [CMS-concurrent-preclean: 0.001/0.001 secs] [Times: user=0.00 sys=0.00, real=0.00 secs] 
2021-01-21T22:12:26.606+0800: 50.918: [CMS-concurrent-abortable-preclean-start]
2021-01-21T22:12:26.606+0800: 50.918: [CMS-concurrent-abortable-preclean: 0.000/0.000 secs] [Times: user=0.00 sys=0.00, real=0.00 secs] 
2021-01-21T22:12:26.606+0800: 50.918: [GC (CMS Final Remark) [YG occupancy: 61671 K (157248 K)]2021-01-21T22:12:26.607+0800: 50.919: [Rescan (parallel) , 0.0012588 secs]2021-01-21T22:12:26.608+0800: 50.920: [weak refs processing, 0.0003703 secs]2021-01-21T22:12:26.609+0800: 50.921: [class unloading, 0.0004157 secs]2021-01-21T22:12:26.609+0800: 50.921: [scrub symbol table, 0.0005252 secs]2021-01-21T22:12:26.610+0800: 50.922: [scrub string table, 0.0004279 secs][1 CMS-remark: 349265K(349568K)] 410936K(506816K), 0.0045860 secs] [Times: user=0.00 sys=0.00, real=0.01 secs] 
2021-01-21T22:12:26.611+0800: 50.923: [CMS-concurrent-sweep-start]
2021-01-21T22:12:26.612+0800: 50.924: [CMS-concurrent-sweep: 0.000/0.000 secs] [Times: user=0.00 sys=0.00, real=0.00 secs] 
2021-01-21T22:12:26.612+0800: 50.924: [CMS-concurrent-reset-start]
2021-01-21T22:12:26.612+0800: 50.925: [CMS-concurrent-reset: 0.000/0.000 secs] [Times: user=0.00 sys=0.00, real=0.00 secs] 
2021-01-21T22:12:26.623+0800: 50.935: [GC (Allocation Failure) 2021-01-21T22:12:26.624+0800: 50.936: [ParNew: 157223K->157223K(157248K), 0.0003781 secs]2021-01-21T22:12:26.625+0800: 50.937: [CMS: 348632K->349521K(349568K), 0.0524401 secs] 505856K->379523K(506816K), [Metaspace: 2816K->2816K(1056768K)], 0.0541482 secs] [Times: user=0.06 sys=0.00, real=0.05 secs] 
2021-01-21T22:12:26.679+0800: 50.991: [GC (CMS Initial Mark) [1 CMS-initial-mark: 349521K(349568K)] 379667K(506816K), 0.0013430 secs] [Times: user=0.00 sys=0.00, real=0.00 secs] 
2021-01-21T22:12:26.681+0800: 50.993: [CMS-concurrent-mark-start]
2021-01-21T22:12:26.682+0800: 50.995: [CMS-concurrent-mark: 0.001/0.001 secs] [Times: user=0.00 sys=0.00, real=0.00 secs] 
2021-01-21T22:12:26.683+0800: 50.995: [CMS-concurrent-preclean-start]
2021-01-21T22:12:26.684+0800: 50.996: [CMS-concurrent-preclean: 0.001/0.001 secs] [Times: user=0.00 sys=0.00, real=0.00 secs] 
2021-01-21T22:12:26.685+0800: 50.997: [CMS-concurrent-abortable-preclean-start]
2021-01-21T22:12:26.685+0800: 50.997: [CMS-concurrent-abortable-preclean: 0.000/0.000 secs] [Times: user=0.00 sys=0.00, real=0.00 secs] 
2021-01-21T22:12:26.685+0800: 50.997: [GC (CMS Final Remark) [YG occupancy: 61301 K (157248 K)]2021-01-21T22:12:26.686+0800: 50.998: [Rescan (parallel) , 0.0010733 secs]2021-01-21T22:12:26.687+0800: 50.999: [weak refs processing, 0.0003750 secs]2021-01-21T22:12:26.688+0800: 51.000: [class unloading, 0.0006020 secs]2021-01-21T22:12:26.689+0800: 51.001: [scrub symbol table, 0.0006565 secs]2021-01-21T22:12:26.690+0800: 51.002: [scrub string table, 0.0004631 secs][1 CMS-remark: 349521K(349568K)] 410823K(506816K), 0.0050965 secs] [Times: user=0.00 sys=0.00, real=0.01 secs] 
2021-01-21T22:12:26.691+0800: 51.003: [CMS-concurrent-sweep-start]
2021-01-21T22:12:26.691+0800: 51.003: [CMS-concurrent-sweep: 0.000/0.000 secs] [Times: user=0.00 sys=0.00, real=0.00 secs] 
2021-01-21T22:12:26.692+0800: 51.004: [CMS-concurrent-reset-start]
2021-01-21T22:12:26.692+0800: 51.004: [CMS-concurrent-reset: 0.000/0.000 secs] [Times: user=0.00 sys=0.00, real=0.00 secs] 
2021-01-21T22:12:26.703+0800: 51.015: [GC (Allocation Failure) 2021-01-21T22:12:26.704+0800: 51.016: [ParNew: 157184K->157184K(157248K), 0.0003760 secs]2021-01-21T22:12:26.705+0800: 51.017: [CMS: 349443K->349396K(349568K), 0.0541660 secs] 506627K->382662K(506816K), [Metaspace: 2816K->2816K(1056768K)], 0.0558763 secs] [Times: user=0.06 sys=0.00, real=0.06 secs] 
2021-01-21T22:12:26.760+0800: 51.073: [GC (CMS Initial Mark) [1 CMS-initial-mark: 349396K(349568K)] 385550K(506816K), 0.0014814 secs] [Times: user=0.00 sys=0.00, real=0.00 secs] 
2021-01-21T22:12:26.763+0800: 51.075: [CMS-concurrent-mark-start]
2021-01-21T22:12:26.765+0800: 51.077: [CMS-concurrent-mark: 0.002/0.002 secs] [Times: user=0.01 sys=0.00, real=0.00 secs] 
2021-01-21T22:12:26.765+0800: 51.077: [CMS-concurrent-preclean-start]
2021-01-21T22:12:26.767+0800: 51.079: [CMS-concurrent-preclean: 0.001/0.001 secs] [Times: user=0.00 sys=0.00, real=0.00 secs] 
2021-01-21T22:12:26.767+0800: 51.079: [CMS-concurrent-abortable-preclean-start]
2021-01-21T22:12:26.767+0800: 51.079: [CMS-concurrent-abortable-preclean: 0.000/0.000 secs] [Times: user=0.00 sys=0.00, real=0.00 secs] 
2021-01-21T22:12:26.767+0800: 51.079: [GC (CMS Final Remark) [YG occupancy: 66762 K (157248 K)]2021-01-21T22:12:26.768+0800: 51.080: [Rescan (parallel) , 0.0012867 secs]2021-01-21T22:12:26.769+0800: 51.081: [weak refs processing, 0.0003003 secs]2021-01-21T22:12:26.770+0800: 51.082: [class unloading, 0.0004265 secs]2021-01-21T22:12:26.771+0800: 51.083: [scrub symbol table, 0.0005547 secs]2021-01-21T22:12:26.771+0800: 51.083: [scrub string table, 0.0003961 secs][1 CMS-remark: 349396K(349568K)] 416159K(506816K), 0.0046057 secs] [Times: user=0.00 sys=0.00, real=0.01 secs] 
2021-01-21T22:12:26.773+0800: 51.085: [CMS-concurrent-sweep-start]
2021-01-21T22:12:26.773+0800: 51.085: [CMS-concurrent-sweep: 0.000/0.000 secs] [Times: user=0.00 sys=0.00, real=0.00 secs] 
2021-01-21T22:12:26.773+0800: 51.085: [CMS-concurrent-reset-start]
2021-01-21T22:12:26.773+0800: 51.085: [CMS-concurrent-reset: 0.000/0.000 secs] [Times: user=0.00 sys=0.00, real=0.00 secs] 
2021-01-21T22:12:26.786+0800: 51.098: [GC (Allocation Failure) 2021-01-21T22:12:26.786+0800: 51.098: [ParNew: 157176K->157176K(157248K), 0.0003203 secs]2021-01-21T22:12:26.787+0800: 51.099: [CMS: 349274K->349434K(349568K), 0.0536768 secs] 506451K->385713K(506816K), [Metaspace: 2816K->2816K(1056768K)], 0.0553540 secs] [Times: user=0.05 sys=0.00, real=0.06 secs] 
2021-01-21T22:12:26.842+0800: 51.154: [GC (CMS Initial Mark) [1 CMS-initial-mark: 349434K(349568K)] 388349K(506816K), 0.0012314 secs] [Times: user=0.01 sys=0.00, real=0.00 secs] 
2021-01-21T22:12:26.844+0800: 51.156: [CMS-concurrent-mark-start]
2021-01-21T22:12:26.845+0800: 51.158: [CMS-concurrent-mark: 0.001/0.001 secs] [Times: user=0.00 sys=0.00, real=0.00 secs] 
2021-01-21T22:12:26.846+0800: 51.158: [CMS-concurrent-preclean-start]
2021-01-21T22:12:26.847+0800: 51.159: [CMS-concurrent-preclean: 0.001/0.001 secs] [Times: user=0.00 sys=0.00, real=0.00 secs] 
2021-01-21T22:12:26.848+0800: 51.160: [CMS-concurrent-abortable-preclean-start]
2021-01-21T22:12:26.848+0800: 51.160: [CMS-concurrent-abortable-preclean: 0.000/0.000 secs] [Times: user=0.00 sys=0.00, real=0.00 secs] 
2021-01-21T22:12:26.848+0800: 51.160: [GC (CMS Final Remark) [YG occupancy: 68333 K (157248 K)]2021-01-21T22:12:26.849+0800: 51.161: [Rescan (parallel) , 0.0011272 secs]2021-01-21T22:12:26.850+0800: 51.162: [weak refs processing, 0.0002145 secs]2021-01-21T22:12:26.850+0800: 51.162: [class unloading, 0.0003577 secs]2021-01-21T22:12:26.851+0800: 51.163: [scrub symbol table, 0.0004619 secs]2021-01-21T22:12:26.851+0800: 51.164: [scrub string table, 0.0003390 secs][1 CMS-remark: 349434K(349568K)] 417768K(506816K), 0.0037868 secs] [Times: user=0.00 sys=0.00, real=0.00 secs] 
2021-01-21T22:12:26.852+0800: 51.165: [CMS-concurrent-sweep-start]
2021-01-21T22:12:26.853+0800: 51.165: [CMS-concurrent-sweep: 0.000/0.000 secs] [Times: user=0.00 sys=0.00, real=0.00 secs] 
2021-01-21T22:12:26.853+0800: 51.165: [CMS-concurrent-reset-start]
2021-01-21T22:12:26.854+0800: 51.166: [CMS-concurrent-reset: 0.000/0.000 secs] [Times: user=0.00 sys=0.00, real=0.00 secs] 
2021-01-21T22:12:26.865+0800: 51.177: [GC (Allocation Failure) 2021-01-21T22:12:26.866+0800: 51.178: [ParNew: 157130K->157130K(157248K), 0.0004029 secs]2021-01-21T22:12:26.866+0800: 51.178: [CMS: 348564K->349516K(349568K), 0.0580997 secs] 505695K->384307K(506816K), [Metaspace: 2816K->2816K(1056768K)], 0.0599601 secs] [Times: user=0.06 sys=0.00, real=0.06 secs] 
2021-01-21T22:12:26.926+0800: 51.238: [GC (CMS Initial Mark) [1 CMS-initial-mark: 349516K(349568K)] 386914K(506816K), 0.0014265 secs] [Times: user=0.00 sys=0.00, real=0.00 secs] 
2021-01-21T22:12:26.928+0800: 51.240: [CMS-concurrent-mark-start]
2021-01-21T22:12:26.930+0800: 51.242: [CMS-concurrent-mark: 0.002/0.002 secs] [Times: user=0.00 sys=0.00, real=0.01 secs] 
2021-01-21T22:12:26.930+0800: 51.242: [CMS-concurrent-preclean-start]
2021-01-21T22:12:26.932+0800: 51.244: [CMS-concurrent-preclean: 0.002/0.002 secs] [Times: user=0.00 sys=0.00, real=0.00 secs] 
2021-01-21T22:12:26.933+0800: 51.245: [CMS-concurrent-abortable-preclean-start]
2021-01-21T22:12:26.933+0800: 51.245: [CMS-concurrent-abortable-preclean: 0.000/0.000 secs] [Times: user=0.00 sys=0.00, real=0.00 secs] 
2021-01-21T22:12:26.933+0800: 51.245: [GC (CMS Final Remark) [YG occupancy: 63046 K (157248 K)]2021-01-21T22:12:26.933+0800: 51.246: [Rescan (parallel) , 0.0012877 secs]2021-01-21T22:12:26.935+0800: 51.247: [weak refs processing, 0.0003422 secs]2021-01-21T22:12:26.936+0800: 51.248: [class unloading, 0.0006673 secs]2021-01-21T22:12:26.937+0800: 51.249: [scrub symbol table, 0.0005582 secs]2021-01-21T22:12:26.938+0800: 51.250: [scrub string table, 0.0004313 secs][1 CMS-remark: 349516K(349568K)] 412562K(506816K), 0.0052504 secs] [Times: user=0.01 sys=0.00, real=0.01 secs] 
2021-01-21T22:12:26.939+0800: 51.251: [CMS-concurrent-sweep-start]
2021-01-21T22:12:26.939+0800: 51.251: [CMS-concurrent-sweep: 0.000/0.000 secs] [Times: user=0.00 sys=0.00, real=0.00 secs] 
2021-01-21T22:12:26.940+0800: 51.252: [CMS-concurrent-reset-start]
2021-01-21T22:12:26.940+0800: 51.252: [CMS-concurrent-reset: 0.000/0.000 secs] [Times: user=0.00 sys=0.00, real=0.00 secs] 
2021-01-21T22:12:26.954+0800: 51.266: [GC (Allocation Failure) 2021-01-21T22:12:26.954+0800: 51.266: [ParNew: 157189K->157189K(157248K), 0.0003731 secs]2021-01-21T22:12:26.955+0800: 51.267: [CMS: 348344K->349274K(349568K), 0.0558828 secs] 505533K->387914K(506816K), [Metaspace: 2816K->2816K(1056768K)], 0.0574667 secs] [Times: user=0.06 sys=0.00, real=0.06 secs] 
2021-01-21T22:12:27.013+0800: 51.325: [GC (CMS Initial Mark) [1 CMS-initial-mark: 349274K(349568K)] 390584K(506816K), 0.0013408 secs] [Times: user=0.00 sys=0.00, real=0.00 secs] 
2021-01-21T22:12:27.015+0800: 51.327: [CMS-concurrent-mark-start]
2021-01-21T22:12:27.017+0800: 51.329: [CMS-concurrent-mark: 0.002/0.002 secs] [Times: user=0.00 sys=0.00, real=0.00 secs] 
2021-01-21T22:12:27.017+0800: 51.329: [CMS-concurrent-preclean-start]
2021-01-21T22:12:27.018+0800: 51.330: [CMS-concurrent-preclean: 0.001/0.001 secs] [Times: user=0.00 sys=0.00, real=0.01 secs] 
2021-01-21T22:12:27.019+0800: 51.331: [CMS-concurrent-abortable-preclean-start]
2021-01-21T22:12:27.019+0800: 51.331: [CMS-concurrent-abortable-preclean: 0.000/0.000 secs] [Times: user=0.00 sys=0.00, real=0.00 secs] 
2021-01-21T22:12:27.020+0800: 51.332: [GC (CMS Final Remark) [YG occupancy: 72584 K (157248 K)]2021-01-21T22:12:27.020+0800: 51.332: [Rescan (parallel) , 0.0035417 secs]2021-01-21T22:12:27.024+0800: 51.336: [weak refs processing, 0.0004170 secs]2021-01-21T22:12:27.025+0800: 51.337: [class unloading, 0.0007599 secs]2021-01-21T22:12:27.026+0800: 51.338: [scrub symbol table, 0.0006404 secs]2021-01-21T22:12:27.027+0800: 51.339: [scrub string table, 0.0004947 secs][1 CMS-remark: 349274K(349568K)] 421858K(506816K), 0.0081931 secs] [Times: user=0.02 sys=0.00, real=0.01 secs] 
2021-01-21T22:12:27.029+0800: 51.341: [CMS-concurrent-sweep-start]
2021-01-21T22:12:27.029+0800: 51.341: [CMS-concurrent-sweep: 0.000/0.000 secs] [Times: user=0.00 sys=0.00, real=0.00 secs] 
2021-01-21T22:12:27.030+0800: 51.342: [CMS-concurrent-reset-start]
2021-01-21T22:12:27.030+0800: 51.342: [CMS-concurrent-reset: 0.000/0.000 secs] [Times: user=0.00 sys=0.00, real=0.00 secs] 
2021-01-21T22:12:27.043+0800: 51.355: [GC (Allocation Failure) 2021-01-21T22:12:27.043+0800: 51.355: [ParNew: 156713K->156713K(157248K), 0.0003261 secs]2021-01-21T22:12:27.044+0800: 51.356: [CMS: 347829K->349563K(349568K), 0.0587043 secs] 504543K->386520K(506816K), [Metaspace: 2816K->2816K(1056768K)], 0.0603915 secs] [Times: user=0.06 sys=0.00, real=0.06 secs] 
2021-01-21T22:12:27.104+0800: 51.416: [GC (CMS Initial Mark) [1 CMS-initial-mark: 349563K(349568K)] 389576K(506816K), 0.0012388 secs] [Times: user=0.00 sys=0.00, real=0.00 secs] 
2021-01-21T22:12:27.106+0800: 51.418: [CMS-concurrent-mark-start]
2021-01-21T22:12:27.107+0800: 51.419: [CMS-concurrent-mark: 0.001/0.001 secs] [Times: user=0.00 sys=0.00, real=0.00 secs] 
2021-01-21T22:12:27.107+0800: 51.419: [CMS-concurrent-preclean-start]
2021-01-21T22:12:27.108+0800: 51.420: [CMS-concurrent-preclean: 0.001/0.001 secs] [Times: user=0.00 sys=0.00, real=0.01 secs] 
2021-01-21T22:12:27.109+0800: 51.421: [CMS-concurrent-abortable-preclean-start]
2021-01-21T22:12:27.109+0800: 51.421: [CMS-concurrent-abortable-preclean: 0.000/0.000 secs] [Times: user=0.00 sys=0.00, real=0.00 secs] 
2021-01-21T22:12:27.109+0800: 51.422: [GC (CMS Final Remark) [YG occupancy: 65993 K (157248 K)]2021-01-21T22:12:27.110+0800: 51.422: [Rescan (parallel) , 0.0015089 secs]2021-01-21T22:12:27.112+0800: 51.424: [weak refs processing, 0.0002610 secs]2021-01-21T22:12:27.112+0800: 51.424: [class unloading, 0.0005037 secs]2021-01-21T22:12:27.113+0800: 51.425: [scrub symbol table, 0.0008028 secs]2021-01-21T22:12:27.114+0800: 51.426: [scrub string table, 0.0006711 secs][1 CMS-remark: 349563K(349568K)] 415556K(506816K), 0.0057255 secs] [Times: user=0.00 sys=0.00, real=0.00 secs] 
2021-01-21T22:12:27.116+0800: 51.428: [CMS-concurrent-sweep-start]
2021-01-21T22:12:27.116+0800: 51.428: [CMS-concurrent-sweep: 0.000/0.000 secs] [Times: user=0.00 sys=0.00, real=0.00 secs] 
2021-01-21T22:12:27.117+0800: 51.429: [CMS-concurrent-reset-start]
2021-01-21T22:12:27.117+0800: 51.429: [CMS-concurrent-reset: 0.000/0.000 secs] [Times: user=0.00 sys=0.00, real=0.00 secs] 
2021-01-21T22:12:27.128+0800: 51.440: [GC (Allocation Failure) 2021-01-21T22:12:27.128+0800: 51.440: [ParNew: 157128K->157128K(157248K), 0.0003386 secs]2021-01-21T22:12:27.129+0800: 51.441: [CMS: 348547K->349295K(349568K), 0.0599985 secs] 505675K->381362K(506816K), [Metaspace: 2816K->2816K(1056768K)], 0.0619140 secs] [Times: user=0.06 sys=0.00, real=0.07 secs] 
2021-01-21T22:12:27.191+0800: 51.503: [GC (CMS Initial Mark) [1 CMS-initial-mark: 349295K(349568K)] 384061K(506816K), 0.0011221 secs] [Times: user=0.01 sys=0.00, real=0.00 secs] 
2021-01-21T22:12:27.192+0800: 51.504: [CMS-concurrent-mark-start]
2021-01-21T22:12:27.194+0800: 51.506: [CMS-concurrent-mark: 0.001/0.001 secs] [Times: user=0.00 sys=0.00, real=0.00 secs] 
2021-01-21T22:12:27.194+0800: 51.506: [CMS-concurrent-preclean-start]
2021-01-21T22:12:27.195+0800: 51.507: [CMS-concurrent-preclean: 0.001/0.001 secs] [Times: user=0.00 sys=0.00, real=0.00 secs] 
2021-01-21T22:12:27.196+0800: 51.508: [CMS-concurrent-abortable-preclean-start]
2021-01-21T22:12:27.196+0800: 51.508: [CMS-concurrent-abortable-preclean: 0.000/0.000 secs] [Times: user=0.00 sys=0.00, real=0.00 secs] 
2021-01-21T22:12:27.196+0800: 51.508: [GC (CMS Final Remark) [YG occupancy: 60611 K (157248 K)]2021-01-21T22:12:27.197+0800: 51.509: [Rescan (parallel) , 0.0015211 secs]2021-01-21T22:12:27.199+0800: 51.511: [weak refs processing, 0.0005899 secs]2021-01-21T22:12:27.200+0800: 51.512: [class unloading, 0.0006490 secs]2021-01-21T22:12:27.201+0800: 51.513: [scrub symbol table, 0.0005413 secs]2021-01-21T22:12:27.202+0800: 51.514: [scrub string table, 0.0003946 secs][1 CMS-remark: 349295K(349568K)] 409906K(506816K), 0.0060330 secs] [Times: user=0.01 sys=0.00, real=0.01 secs] 
2021-01-21T22:12:27.203+0800: 51.515: [CMS-concurrent-sweep-start]
2021-01-21T22:12:27.203+0800: 51.515: [CMS-concurrent-sweep: 0.000/0.000 secs] [Times: user=0.00 sys=0.00, real=0.00 secs] 
2021-01-21T22:12:27.204+0800: 51.516: [CMS-concurrent-reset-start]
2021-01-21T22:12:27.204+0800: 51.516: [CMS-concurrent-reset: 0.000/0.000 secs] [Times: user=0.00 sys=0.00, real=0.00 secs] 
2021-01-21T22:12:27.218+0800: 51.530: [GC (Allocation Failure) 2021-01-21T22:12:27.218+0800: 51.530: [ParNew: 156918K->156918K(157248K), 0.0003453 secs]2021-01-21T22:12:27.219+0800: 51.531: [CMS: 348429K->349544K(349568K), 0.0523783 secs] 505347K->372765K(506816K), [Metaspace: 2816K->2816K(1056768K)], 0.0539842 secs] [Times: user=0.05 sys=0.00, real=0.06 secs] 
2021-01-21T22:12:27.272+0800: 51.585: [GC (CMS Initial Mark) [1 CMS-initial-mark: 349544K(349568K)] 378321K(506816K), 0.0013351 secs] [Times: user=0.00 sys=0.00, real=0.00 secs] 
2021-01-21T22:12:27.275+0800: 51.587: [CMS-concurrent-mark-start]
2021-01-21T22:12:27.276+0800: 51.588: [CMS-concurrent-mark: 0.001/0.001 secs] [Times: user=0.00 sys=0.00, real=0.00 secs] 
2021-01-21T22:12:27.276+0800: 51.588: [CMS-concurrent-preclean-start]
2021-01-21T22:12:27.277+0800: 51.589: [CMS-concurrent-preclean: 0.001/0.001 secs] [Times: user=0.00 sys=0.00, real=0.00 secs] 
2021-01-21T22:12:27.278+0800: 51.590: [CMS-concurrent-abortable-preclean-start]
2021-01-21T22:12:27.278+0800: 51.590: [CMS-concurrent-abortable-preclean: 0.000/0.000 secs] [Times: user=0.00 sys=0.00, real=0.00 secs] 
2021-01-21T22:12:27.278+0800: 51.590: [GC (CMS Final Remark) [YG occupancy: 53594 K (157248 K)]2021-01-21T22:12:27.279+0800: 51.591: [Rescan (parallel) , 0.0011007 secs]2021-01-21T22:12:27.280+0800: 51.592: [weak refs processing, 0.0002928 secs]2021-01-21T22:12:27.281+0800: 51.593: [class unloading, 0.0004913 secs]2021-01-21T22:12:27.282+0800: 51.594: [scrub symbol table, 0.0005328 secs]2021-01-21T22:12:27.283+0800: 51.595: [scrub string table, 0.0003664 secs][1 CMS-remark: 349544K(349568K)] 403138K(506816K), 0.0048283 secs] [Times: user=0.00 sys=0.00, real=0.00 secs] 
2021-01-21T22:12:27.284+0800: 51.596: [CMS-concurrent-sweep-start]
2021-01-21T22:12:27.284+0800: 51.596: [CMS-concurrent-sweep: 0.000/0.000 secs] [Times: user=0.00 sys=0.00, real=0.00 secs] 
2021-01-21T22:12:27.284+0800: 51.596: [CMS-concurrent-reset-start]
2021-01-21T22:12:27.285+0800: 51.597: [CMS-concurrent-reset: 0.000/0.000 secs] [Times: user=0.00 sys=0.00, real=0.00 secs] 
2021-01-21T22:12:27.297+0800: 51.609: [GC (Allocation Failure) 2021-01-21T22:12:27.297+0800: 51.610: [ParNew: 157193K->157193K(157248K), 0.0003716 secs]2021-01-21T22:12:27.298+0800: 51.610: [CMS: 347118K->349210K(349568K), 0.0530751 secs] 504312K->380862K(506816K), [Metaspace: 2816K->2816K(1056768K)], 0.0548602 secs] [Times: user=0.05 sys=0.00, real=0.06 secs] 
2021-01-21T22:12:27.353+0800: 51.665: [GC (CMS Initial Mark) [1 CMS-initial-mark: 349210K(349568K)] 383940K(506816K), 0.0012983 secs] [Times: user=0.00 sys=0.00, real=0.00 secs] 
2021-01-21T22:12:27.355+0800: 51.667: [CMS-concurrent-mark-start]
2021-01-21T22:12:27.356+0800: 51.668: [CMS-concurrent-mark: 0.001/0.001 secs] [Times: user=0.01 sys=0.00, real=0.00 secs] 
2021-01-21T22:12:27.357+0800: 51.669: [CMS-concurrent-preclean-start]
2021-01-21T22:12:27.358+0800: 51.670: [CMS-concurrent-preclean: 0.001/0.001 secs] [Times: user=0.00 sys=0.00, real=0.00 secs] 
2021-01-21T22:12:27.358+0800: 51.670: [CMS-concurrent-abortable-preclean-start]
2021-01-21T22:12:27.358+0800: 51.670: [CMS-concurrent-abortable-preclean: 0.000/0.000 secs] [Times: user=0.00 sys=0.00, real=0.00 secs] 
2021-01-21T22:12:27.359+0800: 51.671: [GC (CMS Final Remark) [YG occupancy: 62844 K (157248 K)]2021-01-21T22:12:27.359+0800: 51.671: [Rescan (parallel) , 0.0012450 secs]2021-01-21T22:12:27.360+0800: 51.672: [weak refs processing, 0.0002709 secs]2021-01-21T22:12:27.361+0800: 51.673: [class unloading, 0.0003997 secs]2021-01-21T22:12:27.362+0800: 51.674: [scrub symbol table, 0.0009400 secs]2021-01-21T22:12:27.363+0800: 51.675: [scrub string table, 0.0004100 secs][1 CMS-remark: 349210K(349568K)] 412054K(506816K), 0.0050502 secs] [Times: user=0.00 sys=0.00, real=0.00 secs] 
2021-01-21T22:12:27.364+0800: 51.676: [CMS-concurrent-sweep-start]
2021-01-21T22:12:27.365+0800: 51.677: [CMS-concurrent-sweep: 0.000/0.000 secs] [Times: user=0.00 sys=0.00, real=0.00 secs] 
2021-01-21T22:12:27.365+0800: 51.677: [CMS-concurrent-reset-start]
2021-01-21T22:12:27.365+0800: 51.677: [CMS-concurrent-reset: 0.000/0.000 secs] [Times: user=0.00 sys=0.00, real=0.00 secs] 
2021-01-21T22:12:27.376+0800: 51.688: [GC (Allocation Failure) 2021-01-21T22:12:27.376+0800: 51.688: [ParNew: 157212K->157212K(157248K), 0.0003678 secs]2021-01-21T22:12:27.377+0800: 51.689: [CMS: 348272K->349565K(349568K), 0.0489166 secs] 505485K->382447K(506816K), [Metaspace: 2816K->2816K(1056768K)], 0.0506028 secs] [Times: user=0.05 sys=0.00, real=0.05 secs] 
2021-01-21T22:12:27.428+0800: 51.740: [GC (CMS Initial Mark) [1 CMS-initial-mark: 349565K(349568K)] 387640K(506816K), 0.0011512 secs] [Times: user=0.00 sys=0.00, real=0.00 secs] 
2021-01-21T22:12:27.430+0800: 51.742: [CMS-concurrent-mark-start]
2021-01-21T22:12:27.432+0800: 51.744: [CMS-concurrent-mark: 0.002/0.002 secs] [Times: user=0.00 sys=0.01, real=0.00 secs] 
2021-01-21T22:12:27.433+0800: 51.745: [CMS-concurrent-preclean-start]
2021-01-21T22:12:27.434+0800: 51.746: [CMS-concurrent-preclean: 0.001/0.001 secs] [Times: user=0.00 sys=0.00, real=0.00 secs] 
2021-01-21T22:12:27.434+0800: 51.746: [CMS-concurrent-abortable-preclean-start]
2021-01-21T22:12:27.434+0800: 51.746: [CMS-concurrent-abortable-preclean: 0.000/0.000 secs] [Times: user=0.00 sys=0.00, real=0.00 secs] 
2021-01-21T22:12:27.435+0800: 51.747: [GC (CMS Final Remark) [YG occupancy: 65266 K (157248 K)]2021-01-21T22:12:27.435+0800: 51.747: [Rescan (parallel) , 0.0042924 secs]2021-01-21T22:12:27.440+0800: 51.752: [weak refs processing, 0.0002547 secs]2021-01-21T22:12:27.440+0800: 51.752: [class unloading, 0.0005795 secs]2021-01-21T22:12:27.441+0800: 51.753: [scrub symbol table, 0.0006916 secs]2021-01-21T22:12:27.442+0800: 51.754: [scrub string table, 0.0004585 secs][1 CMS-remark: 349565K(349568K)] 414832K(506816K), 0.0083612 secs] [Times: user=0.03 sys=0.00, real=0.01 secs] 
2021-01-21T22:12:27.444+0800: 51.756: [CMS-concurrent-sweep-start]
2021-01-21T22:12:27.444+0800: 51.756: [CMS-concurrent-sweep: 0.000/0.000 secs] [Times: user=0.00 sys=0.00, real=0.00 secs] 
2021-01-21T22:12:27.445+0800: 51.757: [CMS-concurrent-reset-start]
2021-01-21T22:12:27.445+0800: 51.757: [CMS-concurrent-reset: 0.000/0.000 secs] [Times: user=0.00 sys=0.00, real=0.00 secs] 
2021-01-21T22:12:27.456+0800: 51.768: [GC (Allocation Failure) 2021-01-21T22:12:27.456+0800: 51.768: [ParNew: 157228K->157228K(157248K), 0.0003579 secs]2021-01-21T22:12:27.457+0800: 51.769: [CMS: 347190K->348958K(349568K), 0.0515601 secs] 504419K->382515K(506816K), [Metaspace: 2816K->2816K(1056768K)], 0.0532264 secs] [Times: user=0.05 sys=0.00, real=0.06 secs] 
2021-01-21T22:12:27.510+0800: 51.822: [GC (CMS Initial Mark) [1 CMS-initial-mark: 348958K(349568K)] 385122K(506816K), 0.0014988 secs] [Times: user=0.00 sys=0.00, real=0.00 secs] 
2021-01-21T22:12:27.513+0800: 51.825: [CMS-concurrent-mark-start]
2021-01-21T22:12:27.514+0800: 51.826: [CMS-concurrent-mark: 0.002/0.002 secs] [Times: user=0.01 sys=0.00, real=0.00 secs] 
2021-01-21T22:12:27.515+0800: 51.827: [CMS-concurrent-preclean-start]
2021-01-21T22:12:27.516+0800: 51.828: [CMS-concurrent-preclean: 0.001/0.001 secs] [Times: user=0.00 sys=0.00, real=0.00 secs] 
2021-01-21T22:12:27.516+0800: 51.828: [CMS-concurrent-abortable-preclean-start]
2021-01-21T22:12:27.516+0800: 51.828: [CMS-concurrent-abortable-preclean: 0.000/0.000 secs] [Times: user=0.00 sys=0.00, real=0.00 secs] 
2021-01-21T22:12:27.517+0800: 51.829: [GC (CMS Final Remark) [YG occupancy: 64369 K (157248 K)]2021-01-21T22:12:27.517+0800: 51.829: [Rescan (parallel) , 0.0011604 secs]2021-01-21T22:12:27.519+0800: 51.831: [weak refs processing, 0.0002866 secs]2021-01-21T22:12:27.519+0800: 51.831: [class unloading, 0.0004599 secs]2021-01-21T22:12:27.520+0800: 51.832: [scrub symbol table, 0.0005148 secs]2021-01-21T22:12:27.521+0800: 51.833: [scrub string table, 0.0003429 secs][1 CMS-remark: 348958K(349568K)] 413328K(506816K), 0.0042618 secs] [Times: user=0.01 sys=0.00, real=0.01 secs] 
2021-01-21T22:12:27.522+0800: 51.834: [CMS-concurrent-sweep-start]
2021-01-21T22:12:27.522+0800: 51.834: [CMS-concurrent-sweep: 0.000/0.000 secs] [Times: user=0.00 sys=0.00, real=0.00 secs] 
2021-01-21T22:12:27.522+0800: 51.834: [CMS-concurrent-reset-start]
2021-01-21T22:12:27.522+0800: 51.835: [CMS-concurrent-reset: 0.000/0.000 secs] [Times: user=0.00 sys=0.00, real=0.00 secs] 
2021-01-21T22:12:27.533+0800: 51.845: [GC (Allocation Failure) 2021-01-21T22:12:27.534+0800: 51.846: [ParNew: 157198K->157198K(157248K), 0.0003669 secs]2021-01-21T22:12:27.534+0800: 51.846: [CMS: 348958K->349440K(349568K), 0.0555258 secs] 506157K->383563K(506816K), [Metaspace: 2816K->2816K(1056768K)], 0.0571414 secs] [Times: user=0.06 sys=0.00, real=0.06 secs] 
2021-01-21T22:12:27.592+0800: 51.904: [GC (CMS Initial Mark) [1 CMS-initial-mark: 349440K(349568K)] 386480K(506816K), 0.0013500 secs] [Times: user=0.00 sys=0.00, real=0.00 secs] 
2021-01-21T22:12:27.594+0800: 51.906: [CMS-concurrent-mark-start]
2021-01-21T22:12:27.596+0800: 51.908: [CMS-concurrent-mark: 0.002/0.002 secs] [Times: user=0.00 sys=0.00, real=0.00 secs] 
2021-01-21T22:12:27.596+0800: 51.908: [CMS-concurrent-preclean-start]
2021-01-21T22:12:27.597+0800: 51.909: [CMS-concurrent-preclean: 0.001/0.001 secs] [Times: user=0.01 sys=0.00, real=0.00 secs] 
2021-01-21T22:12:27.598+0800: 51.910: [CMS-concurrent-abortable-preclean-start]
2021-01-21T22:12:27.598+0800: 51.910: [CMS-concurrent-abortable-preclean: 0.000/0.000 secs] [Times: user=0.00 sys=0.00, real=0.00 secs] 
2021-01-21T22:12:27.598+0800: 51.910: [GC (CMS Final Remark) [YG occupancy: 65783 K (157248 K)]2021-01-21T22:12:27.599+0800: 51.911: [Rescan (parallel) , 0.0012818 secs]2021-01-21T22:12:27.600+0800: 51.912: [weak refs processing, 0.0003317 secs]2021-01-21T22:12:27.601+0800: 51.913: [class unloading, 0.0004590 secs]2021-01-21T22:12:27.602+0800: 51.914: [scrub symbol table, 0.0005317 secs]2021-01-21T22:12:27.602+0800: 51.914: [scrub string table, 0.0006296 secs][1 CMS-remark: 349440K(349568K)] 415223K(506816K), 0.0049352 secs] [Times: user=0.00 sys=0.00, real=0.00 secs] 
2021-01-21T22:12:27.604+0800: 51.916: [CMS-concurrent-sweep-start]
2021-01-21T22:12:27.604+0800: 51.916: [CMS-concurrent-sweep: 0.000/0.000 secs] [Times: user=0.00 sys=0.00, real=0.00 secs] 
2021-01-21T22:12:27.604+0800: 51.916: [CMS-concurrent-reset-start]
2021-01-21T22:12:27.604+0800: 51.916: [CMS-concurrent-reset: 0.000/0.000 secs] [Times: user=0.00 sys=0.00, real=0.00 secs] 
2021-01-21T22:12:27.617+0800: 51.929: [GC (Allocation Failure) 2021-01-21T22:12:27.617+0800: 51.929: [ParNew: 157220K->157220K(157248K), 0.0002532 secs]2021-01-21T22:12:27.618+0800: 51.930: [CMS: 349440K->348982K(349568K), 0.0537971 secs] 506661K->383884K(506816K), [Metaspace: 2816K->2816K(1056768K)], 0.0552105 secs] [Times: user=0.05 sys=0.00, real=0.06 secs] 
2021-01-21T22:12:27.673+0800: 51.985: [GC (CMS Initial Mark) [1 CMS-initial-mark: 348982K(349568K)] 386465K(506816K), 0.0011061 secs] [Times: user=0.00 sys=0.00, real=0.00 secs] 
2021-01-21T22:12:27.674+0800: 51.986: [CMS-concurrent-mark-start]
2021-01-21T22:12:27.676+0800: 51.989: [CMS-concurrent-mark: 0.002/0.002 secs] [Times: user=0.01 sys=0.00, real=0.00 secs] 
2021-01-21T22:12:27.677+0800: 51.989: [CMS-concurrent-preclean-start]
2021-01-21T22:12:27.678+0800: 51.990: [CMS-concurrent-preclean: 0.001/0.001 secs] [Times: user=0.00 sys=0.00, real=0.01 secs] 
2021-01-21T22:12:27.679+0800: 51.991: [CMS-concurrent-abortable-preclean-start]
2021-01-21T22:12:27.679+0800: 51.991: [CMS-concurrent-abortable-preclean: 0.000/0.000 secs] [Times: user=0.00 sys=0.00, real=0.00 secs] 
2021-01-21T22:12:27.679+0800: 51.991: [GC (CMS Final Remark) [YG occupancy: 69067 K (157248 K)]2021-01-21T22:12:27.680+0800: 51.992: [Rescan (parallel) , 0.0011536 secs]2021-01-21T22:12:27.681+0800: 51.993: [weak refs processing, 0.0003224 secs]2021-01-21T22:12:27.682+0800: 51.994: [class unloading, 0.0004525 secs]2021-01-21T22:12:27.682+0800: 51.995: [scrub symbol table, 0.0007216 secs]2021-01-21T22:12:27.684+0800: 51.996: [scrub string table, 0.0005366 secs][1 CMS-remark: 348982K(349568K)] 418050K(506816K), 0.0050688 secs] [Times: user=0.01 sys=0.00, real=0.00 secs] 
2021-01-21T22:12:27.685+0800: 51.997: [CMS-concurrent-sweep-start]
2021-01-21T22:12:27.685+0800: 51.997: [CMS-concurrent-sweep: 0.000/0.000 secs] [Times: user=0.00 sys=0.00, real=0.00 secs] 
2021-01-21T22:12:27.686+0800: 51.998: [CMS-concurrent-reset-start]
2021-01-21T22:12:27.686+0800: 51.998: [CMS-concurrent-reset: 0.000/0.000 secs] [Times: user=0.00 sys=0.00, real=0.00 secs] 
2021-01-21T22:12:27.696+0800: 52.008: [GC (Allocation Failure) 2021-01-21T22:12:27.696+0800: 52.008: [ParNew: 157017K->157017K(157248K), 0.0003452 secs]2021-01-21T22:12:27.697+0800: 52.009: [CMS: 347886K->349161K(349568K), 0.0516547 secs] 504903K->385461K(506816K), [Metaspace: 2816K->2816K(1056768K)], 0.0532976 secs] [Times: user=0.05 sys=0.00, real=0.06 secs] 
2021-01-21T22:12:27.750+0800: 52.062: [GC (CMS Initial Mark) [1 CMS-initial-mark: 349161K(349568K)] 388634K(506816K), 0.0013688 secs] [Times: user=0.00 sys=0.00, real=0.00 secs] 
2021-01-21T22:12:27.752+0800: 52.064: [CMS-concurrent-mark-start]
2021-01-21T22:12:27.754+0800: 52.066: [CMS-concurrent-mark: 0.001/0.001 secs] [Times: user=0.01 sys=0.00, real=0.00 secs] 
2021-01-21T22:12:27.754+0800: 52.066: [CMS-concurrent-preclean-start]
2021-01-21T22:12:27.755+0800: 52.067: [CMS-concurrent-preclean: 0.001/0.001 secs] [Times: user=0.00 sys=0.00, real=0.00 secs] 
2021-01-21T22:12:27.756+0800: 52.068: [CMS-concurrent-abortable-preclean-start]
2021-01-21T22:12:27.756+0800: 52.068: [CMS-concurrent-abortable-preclean: 0.000/0.000 secs] [Times: user=0.00 sys=0.00, real=0.00 secs] 
2021-01-21T22:12:27.756+0800: 52.068: [GC (CMS Final Remark) [YG occupancy: 75013 K (157248 K)]2021-01-21T22:12:27.757+0800: 52.069: [Rescan (parallel) , 0.0007635 secs]2021-01-21T22:12:27.758+0800: 52.070: [weak refs processing, 0.0002557 secs]2021-01-21T22:12:27.759+0800: 52.071: [class unloading, 0.0005757 secs]2021-01-21T22:12:27.759+0800: 52.071: [scrub symbol table, 0.0006231 secs]2021-01-21T22:12:27.760+0800: 52.072: [scrub string table, 0.0003530 secs][1 CMS-remark: 349161K(349568K)] 424174K(506816K), 0.0043687 secs] [Times: user=0.01 sys=0.00, real=0.01 secs] 
2021-01-21T22:12:27.761+0800: 52.074: [CMS-concurrent-sweep-start]
2021-01-21T22:12:27.762+0800: 52.074: [CMS-concurrent-sweep: 0.000/0.000 secs] [Times: user=0.00 sys=0.00, real=0.00 secs] 
2021-01-21T22:12:27.762+0800: 52.074: [CMS-concurrent-reset-start]
2021-01-21T22:12:27.763+0800: 52.075: [CMS-concurrent-reset: 0.000/0.000 secs] [Times: user=0.00 sys=0.00, real=0.00 secs] 
2021-01-21T22:12:27.772+0800: 52.084: [GC (Allocation Failure) 2021-01-21T22:12:27.773+0800: 52.085: [ParNew: 157056K->157056K(157248K), 0.0003354 secs]2021-01-21T22:12:27.773+0800: 52.086: [CMS: 347663K->349271K(349568K), 0.0559769 secs] 504720K->384091K(506816K), [Metaspace: 2816K->2816K(1056768K)], 0.0577397 secs] [Times: user=0.05 sys=0.00, real=0.06 secs] 
2021-01-21T22:12:27.831+0800: 52.143: [GC (CMS Initial Mark) [1 CMS-initial-mark: 349271K(349568K)] 386862K(506816K), 0.0010155 secs] [Times: user=0.01 sys=0.00, real=0.00 secs] 
2021-01-21T22:12:27.833+0800: 52.145: [CMS-concurrent-mark-start]
2021-01-21T22:12:27.834+0800: 52.146: [CMS-concurrent-mark: 0.001/0.001 secs] [Times: user=0.00 sys=0.00, real=0.00 secs] 
2021-01-21T22:12:27.834+0800: 52.146: [CMS-concurrent-preclean-start]
2021-01-21T22:12:27.835+0800: 52.147: [CMS-concurrent-preclean: 0.001/0.001 secs] [Times: user=0.00 sys=0.00, real=0.00 secs] 
2021-01-21T22:12:27.836+0800: 52.148: [CMS-concurrent-abortable-preclean-start]
2021-01-21T22:12:27.836+0800: 52.148: [CMS-concurrent-abortable-preclean: 0.000/0.000 secs] [Times: user=0.00 sys=0.00, real=0.00 secs] 
2021-01-21T22:12:27.836+0800: 52.148: [GC (CMS Final Remark) [YG occupancy: 62734 K (157248 K)]2021-01-21T22:12:27.836+0800: 52.148: [Rescan (parallel) , 0.0010380 secs]2021-01-21T22:12:27.838+0800: 52.150: [weak refs processing, 0.0003177 secs]2021-01-21T22:12:27.838+0800: 52.150: [class unloading, 0.0005209 secs]2021-01-21T22:12:27.839+0800: 52.151: [scrub symbol table, 0.0005179 secs]2021-01-21T22:12:27.840+0800: 52.152: [scrub string table, 0.0003661 secs][1 CMS-remark: 349271K(349568K)] 412006K(506816K), 0.0043646 secs] [Times: user=0.01 sys=0.00, real=0.01 secs] 
2021-01-21T22:12:27.841+0800: 52.153: [CMS-concurrent-sweep-start]
2021-01-21T22:12:27.841+0800: 52.154: [CMS-concurrent-sweep: 0.000/0.000 secs] [Times: user=0.00 sys=0.00, real=0.00 secs] 
2021-01-21T22:12:27.842+0800: 52.154: [CMS-concurrent-reset-start]
2021-01-21T22:12:27.842+0800: 52.154: [CMS-concurrent-reset: 0.000/0.000 secs] [Times: user=0.00 sys=0.00, real=0.00 secs] 
2021-01-21T22:12:27.854+0800: 52.166: [GC (Allocation Failure) 2021-01-21T22:12:27.854+0800: 52.166: [ParNew: 157176K->157176K(157248K), 0.0004896 secs]2021-01-21T22:12:27.855+0800: 52.167: [CMS: 348648K->349495K(349568K), 0.0514249 secs] 505825K->379637K(506816K), [Metaspace: 2816K->2816K(1056768K)], 0.0533230 secs] [Times: user=0.05 sys=0.00, real=0.05 secs] 
2021-01-21T22:12:27.908+0800: 52.220: [GC (CMS Initial Mark) [1 CMS-initial-mark: 349495K(349568K)] 382155K(506816K), 0.0012891 secs] [Times: user=0.00 sys=0.00, real=0.00 secs] 
2021-01-21T22:12:27.910+0800: 52.222: [CMS-concurrent-mark-start]
2021-01-21T22:12:27.912+0800: 52.224: [CMS-concurrent-mark: 0.002/0.002 secs] [Times: user=0.01 sys=0.00, real=0.00 secs] 
2021-01-21T22:12:27.912+0800: 52.224: [CMS-concurrent-preclean-start]
2021-01-21T22:12:27.913+0800: 52.225: [CMS-concurrent-preclean: 0.001/0.001 secs] [Times: user=0.00 sys=0.00, real=0.00 secs] 
2021-01-21T22:12:27.914+0800: 52.226: [CMS-concurrent-abortable-preclean-start]
2021-01-21T22:12:27.914+0800: 52.226: [CMS-concurrent-abortable-preclean: 0.000/0.000 secs] [Times: user=0.00 sys=0.00, real=0.00 secs] 
2021-01-21T22:12:27.915+0800: 52.227: [GC (CMS Final Remark) [YG occupancy: 61073 K (157248 K)]2021-01-21T22:12:27.915+0800: 52.227: [Rescan (parallel) , 0.0006811 secs]2021-01-21T22:12:27.916+0800: 52.228: [weak refs processing, 0.0002888 secs]2021-01-21T22:12:27.916+0800: 52.229: [class unloading, 0.0003827 secs]2021-01-21T22:12:27.917+0800: 52.229: [scrub symbol table, 0.0004724 secs]2021-01-21T22:12:27.918+0800: 52.230: [scrub string table, 0.0004107 secs][1 CMS-remark: 349495K(349568K)] 410569K(506816K), 0.0038203 secs] [Times: user=0.01 sys=0.00, real=0.01 secs] 
2021-01-21T22:12:27.919+0800: 52.231: [CMS-concurrent-sweep-start]
2021-01-21T22:12:27.919+0800: 52.231: [CMS-concurrent-sweep: 0.000/0.000 secs] [Times: user=0.00 sys=0.00, real=0.00 secs] 
2021-01-21T22:12:27.920+0800: 52.232: [CMS-concurrent-reset-start]
2021-01-21T22:12:27.920+0800: 52.232: [CMS-concurrent-reset: 0.000/0.000 secs] [Times: user=0.00 sys=0.00, real=0.00 secs] 
2021-01-21T22:12:27.931+0800: 52.244: [GC (Allocation Failure) 2021-01-21T22:12:27.932+0800: 52.244: [ParNew: 157161K->157161K(157248K), 0.0003588 secs]2021-01-21T22:12:27.933+0800: 52.245: [CMS: 349264K->349378K(349568K), 0.0484639 secs] 506426K->375861K(506816K), [Metaspace: 2816K->2816K(1056768K)], 0.0500762 secs] [Times: user=0.05 sys=0.00, real=0.05 secs] 
2021-01-21T22:12:27.983+0800: 52.295: [GC (CMS Initial Mark) [1 CMS-initial-mark: 349378K(349568K)] 378571K(506816K), 0.0013565 secs] [Times: user=0.00 sys=0.00, real=0.00 secs] 
2021-01-21T22:12:27.985+0800: 52.297: [CMS-concurrent-mark-start]
2021-01-21T22:12:27.986+0800: 52.298: [CMS-concurrent-mark: 0.001/0.001 secs] [Times: user=0.00 sys=0.00, real=0.00 secs] 
2021-01-21T22:12:27.987+0800: 52.299: [CMS-concurrent-preclean-start]
2021-01-21T22:12:27.987+0800: 52.299: [CMS-concurrent-preclean: 0.001/0.001 secs] [Times: user=0.00 sys=0.00, real=0.00 secs] 
2021-01-21T22:12:27.988+0800: 52.300: [CMS-concurrent-abortable-preclean-start]
2021-01-21T22:12:27.988+0800: 52.300: [CMS-concurrent-abortable-preclean: 0.000/0.000 secs] [Times: user=0.00 sys=0.00, real=0.00 secs] 
2021-01-21T22:12:27.989+0800: 52.301: [GC (CMS Final Remark) [YG occupancy: 52190 K (157248 K)]2021-01-21T22:12:27.989+0800: 52.301: [Rescan (parallel) , 0.0011361 secs]2021-01-21T22:12:27.990+0800: 52.302: [weak refs processing, 0.0002574 secs]2021-01-21T22:12:27.991+0800: 52.303: [class unloading, 0.0003976 secs]2021-01-21T22:12:27.991+0800: 52.304: [scrub symbol table, 0.0004996 secs]2021-01-21T22:12:27.992+0800: 52.304: [scrub string table, 0.0003820 secs][1 CMS-remark: 349378K(349568K)] 401568K(506816K), 0.0043483 secs] [Times: user=0.00 sys=0.00, real=0.00 secs] 
2021-01-21T22:12:27.993+0800: 52.305: [CMS-concurrent-sweep-start]
2021-01-21T22:12:27.994+0800: 52.306: [CMS-concurrent-sweep: 0.000/0.000 secs] [Times: user=0.00 sys=0.00, real=0.00 secs] 
2021-01-21T22:12:27.994+0800: 52.306: [CMS-concurrent-reset-start]
2021-01-21T22:12:27.994+0800: 52.306: [CMS-concurrent-reset: 0.000/0.000 secs] [Times: user=0.01 sys=0.00, real=0.00 secs] 
2021-01-21T22:12:28.008+0800: 52.320: [GC (Allocation Failure) 2021-01-21T22:12:28.008+0800: 52.320: [ParNew: 157243K->157243K(157248K), 0.0003899 secs]2021-01-21T22:12:28.009+0800: 52.321: [CMS: 347997K->349557K(349568K), 0.0477080 secs] 505240K->372265K(506816K), [Metaspace: 2816K->2816K(1056768K)], 0.0493744 secs] [Times: user=0.05 sys=0.00, real=0.05 secs] 
2021-01-21T22:12:28.058+0800: 52.370: [GC (CMS Initial Mark) [1 CMS-initial-mark: 349557K(349568K)] 374998K(506816K), 0.0013085 secs] [Times: user=0.00 sys=0.00, real=0.00 secs] 
2021-01-21T22:12:28.060+0800: 52.372: [CMS-concurrent-mark-start]
2021-01-21T22:12:28.062+0800: 52.374: [CMS-concurrent-mark: 0.001/0.001 secs] [Times: user=0.00 sys=0.00, real=0.00 secs] 
2021-01-21T22:12:28.062+0800: 52.374: [CMS-concurrent-preclean-start]
2021-01-21T22:12:28.064+0800: 52.376: [CMS-concurrent-preclean: 0.001/0.001 secs] [Times: user=0.00 sys=0.01, real=0.00 secs] 
2021-01-21T22:12:28.064+0800: 52.376: [CMS-concurrent-abortable-preclean-start]
2021-01-21T22:12:28.064+0800: 52.376: [CMS-concurrent-abortable-preclean: 0.000/0.000 secs] [Times: user=0.00 sys=0.00, real=0.00 secs] 
2021-01-21T22:12:28.065+0800: 52.377: [GC (CMS Final Remark) [YG occupancy: 55358 K (157248 K)]2021-01-21T22:12:28.066+0800: 52.378: [Rescan (parallel) , 0.0013498 secs]2021-01-21T22:12:28.067+0800: 52.379: [weak refs processing, 0.0003067 secs]2021-01-21T22:12:28.068+0800: 52.380: [class unloading, 0.0004452 secs]2021-01-21T22:12:28.069+0800: 52.381: [scrub symbol table, 0.0004843 secs]2021-01-21T22:12:28.069+0800: 52.381: [scrub string table, 0.0004258 secs][1 CMS-remark: 349557K(349568K)] 404915K(506816K), 0.0049897 secs] [Times: user=0.00 sys=0.00, real=0.01 secs] 
2021-01-21T22:12:28.071+0800: 52.383: [CMS-concurrent-sweep-start]
2021-01-21T22:12:28.071+0800: 52.383: [CMS-concurrent-sweep: 0.000/0.000 secs] [Times: user=0.00 sys=0.00, real=0.00 secs] 
2021-01-21T22:12:28.071+0800: 52.383: [CMS-concurrent-reset-start]
2021-01-21T22:12:28.071+0800: 52.383: [CMS-concurrent-reset: 0.000/0.000 secs] [Times: user=0.00 sys=0.00, real=0.00 secs] 
2021-01-21T22:12:28.084+0800: 52.396: [GC (Allocation Failure) 2021-01-21T22:12:28.084+0800: 52.396: [ParNew: 157209K->157209K(157248K), 0.0003195 secs]2021-01-21T22:12:28.085+0800: 52.397: [CMS: 349274K->349391K(349568K), 0.0496157 secs] 506483K->372062K(506816K), [Metaspace: 2816K->2816K(1056768K)], 0.0511591 secs] [Times: user=0.05 sys=0.00, real=0.05 secs] 
2021-01-21T22:12:28.136+0800: 52.448: [GC (CMS Initial Mark) [1 CMS-initial-mark: 349391K(349568K)] 375080K(506816K), 0.0012806 secs] [Times: user=0.00 sys=0.00, real=0.00 secs] 
2021-01-21T22:12:28.138+0800: 52.450: [CMS-concurrent-mark-start]
2021-01-21T22:12:28.139+0800: 52.451: [CMS-concurrent-mark: 0.001/0.001 secs] [Times: user=0.00 sys=0.00, real=0.01 secs] 
2021-01-21T22:12:28.140+0800: 52.452: [CMS-concurrent-preclean-start]
2021-01-21T22:12:28.141+0800: 52.453: [CMS-concurrent-preclean: 0.001/0.002 secs] [Times: user=0.01 sys=0.00, real=0.00 secs] 
2021-01-21T22:12:28.142+0800: 52.454: [CMS-concurrent-abortable-preclean-start]
2021-01-21T22:12:28.142+0800: 52.454: [CMS-concurrent-abortable-preclean: 0.000/0.000 secs] [Times: user=0.00 sys=0.00, real=0.00 secs] 
2021-01-21T22:12:28.142+0800: 52.455: [GC (CMS Final Remark) [YG occupancy: 50505 K (157248 K)]2021-01-21T22:12:28.143+0800: 52.455: [Rescan (parallel) , 0.0012469 secs]2021-01-21T22:12:28.144+0800: 52.456: [weak refs processing, 0.0003783 secs]2021-01-21T22:12:28.145+0800: 52.457: [class unloading, 0.0005370 secs]2021-01-21T22:12:28.146+0800: 52.458: [scrub symbol table, 0.0009257 secs]2021-01-21T22:12:28.147+0800: 52.459: [scrub string table, 0.0006323 secs][1 CMS-remark: 349391K(349568K)] 399896K(506816K), 0.0058687 secs] [Times: user=0.00 sys=0.00, real=0.01 secs] 
2021-01-21T22:12:28.149+0800: 52.461: [CMS-concurrent-sweep-start]
2021-01-21T22:12:28.150+0800: 52.462: [CMS-concurrent-sweep: 0.000/0.000 secs] [Times: user=0.00 sys=0.00, real=0.00 secs] 
2021-01-21T22:12:28.150+0800: 52.462: [CMS-concurrent-reset-start]
2021-01-21T22:12:28.151+0800: 52.463: [CMS-concurrent-reset: 0.000/0.000 secs] [Times: user=0.00 sys=0.00, real=0.00 secs] 
2021-01-21T22:12:28.164+0800: 52.476: [GC (Allocation Failure) 2021-01-21T22:12:28.164+0800: 52.476: [ParNew: 157241K->157241K(157248K), 0.0003397 secs]2021-01-21T22:12:28.165+0800: 52.477: [CMS: 347801K->349427K(349568K), 0.0487445 secs] 505042K->365504K(506816K), [Metaspace: 2816K->2816K(1056768K)], 0.0505235 secs] [Times: user=0.05 sys=0.00, real=0.05 secs] 
2021-01-21T22:12:28.216+0800: 52.528: [GC (CMS Initial Mark) [1 CMS-initial-mark: 349427K(349568K)] 368168K(506816K), 0.0012954 secs] [Times: user=0.00 sys=0.00, real=0.00 secs] 
2021-01-21T22:12:28.217+0800: 52.529: [CMS-concurrent-mark-start]
2021-01-21T22:12:28.219+0800: 52.531: [CMS-concurrent-mark: 0.001/0.001 secs] [Times: user=0.00 sys=0.00, real=0.01 secs] 
2021-01-21T22:12:28.220+0800: 52.532: [CMS-concurrent-preclean-start]
2021-01-21T22:12:28.221+0800: 52.533: [CMS-concurrent-preclean: 0.001/0.001 secs] [Times: user=0.00 sys=0.00, real=0.00 secs] 
2021-01-21T22:12:28.221+0800: 52.533: [CMS-concurrent-abortable-preclean-start]
2021-01-21T22:12:28.221+0800: 52.533: [CMS-concurrent-abortable-preclean: 0.000/0.000 secs] [Times: user=0.00 sys=0.00, real=0.00 secs] 
2021-01-21T22:12:28.222+0800: 52.534: [GC (CMS Final Remark) [YG occupancy: 45156 K (157248 K)]2021-01-21T22:12:28.222+0800: 52.534: [Rescan (parallel) , 0.0008478 secs]2021-01-21T22:12:28.223+0800: 52.535: [weak refs processing, 0.0002657 secs]2021-01-21T22:12:28.224+0800: 52.536: [class unloading, 0.0004402 secs]2021-01-21T22:12:28.225+0800: 52.537: [scrub symbol table, 0.0005006 secs]2021-01-21T22:12:28.225+0800: 52.537: [scrub string table, 0.0003669 secs][1 CMS-remark: 349427K(349568K)] 394583K(506816K), 0.0040781 secs] [Times: user=0.00 sys=0.00, real=0.00 secs] 
2021-01-21T22:12:28.227+0800: 52.539: [CMS-concurrent-sweep-start]
2021-01-21T22:12:28.227+0800: 52.539: [CMS-concurrent-sweep: 0.000/0.000 secs] [Times: user=0.00 sys=0.00, real=0.00 secs] 
2021-01-21T22:12:28.227+0800: 52.539: [CMS-concurrent-reset-start]
2021-01-21T22:12:28.227+0800: 52.539: [CMS-concurrent-reset: 0.000/0.000 secs] [Times: user=0.00 sys=0.00, real=0.00 secs] 
2021-01-21T22:12:28.240+0800: 52.552: [GC (Allocation Failure) 2021-01-21T22:12:28.241+0800: 52.553: [ParNew: 157005K->157005K(157248K), 0.0003428 secs]2021-01-21T22:12:28.241+0800: 52.553: [CMS: 347134K->349013K(349568K), 0.0490294 secs] 504140K->362103K(506816K), [Metaspace: 2816K->2816K(1056768K)], 0.0505544 secs] [Times: user=0.05 sys=0.00, real=0.05 secs] 
2021-01-21T22:12:28.292+0800: 52.604: [GC (CMS Initial Mark) [1 CMS-initial-mark: 349013K(349568K)] 365139K(506816K), 0.0012786 secs] [Times: user=0.00 sys=0.00, real=0.00 secs] 
2021-01-21T22:12:28.294+0800: 52.606: [CMS-concurrent-mark-start]
2021-01-21T22:12:28.296+0800: 52.608: [CMS-concurrent-mark: 0.002/0.002 secs] [Times: user=0.00 sys=0.00, real=0.00 secs] 
2021-01-21T22:12:28.296+0800: 52.608: [CMS-concurrent-preclean-start]
2021-01-21T22:12:28.297+0800: 52.609: [CMS-concurrent-preclean: 0.001/0.001 secs] [Times: user=0.01 sys=0.00, real=0.00 secs] 
2021-01-21T22:12:28.298+0800: 52.610: [CMS-concurrent-abortable-preclean-start]
2021-01-21T22:12:28.298+0800: 52.610: [CMS-concurrent-abortable-preclean: 0.000/0.000 secs] [Times: user=0.00 sys=0.00, real=0.00 secs] 
2021-01-21T22:12:28.298+0800: 52.610: [GC (CMS Final Remark) [YG occupancy: 40256 K (157248 K)]2021-01-21T22:12:28.299+0800: 52.611: [Rescan (parallel) , 0.0008515 secs]2021-01-21T22:12:28.300+0800: 52.612: [weak refs processing, 0.0003478 secs]2021-01-21T22:12:28.300+0800: 52.612: [class unloading, 0.0004790 secs]2021-01-21T22:12:28.301+0800: 52.613: [scrub symbol table, 0.0005967 secs]2021-01-21T22:12:28.302+0800: 52.614: [scrub string table, 0.0004778 secs][1 CMS-remark: 349013K(349568K)] 389269K(506816K), 0.0046022 secs] [Times: user=0.00 sys=0.00, real=0.00 secs] 
2021-01-21T22:12:28.304+0800: 52.616: [CMS-concurrent-sweep-start]
2021-01-21T22:12:28.304+0800: 52.616: [CMS-concurrent-sweep: 0.000/0.000 secs] [Times: user=0.00 sys=0.00, real=0.00 secs] 
2021-01-21T22:12:28.304+0800: 52.616: [CMS-concurrent-reset-start]
2021-01-21T22:12:28.305+0800: 52.617: [CMS-concurrent-reset: 0.000/0.000 secs] [Times: user=0.00 sys=0.00, real=0.00 secs] 
2021-01-21T22:12:28.318+0800: 52.630: [GC (Allocation Failure) 2021-01-21T22:12:28.319+0800: 52.631: [ParNew: 156817K->156817K(157248K), 0.0003394 secs]2021-01-21T22:12:28.319+0800: 52.631: [CMS: 348831K->349143K(349568K), 0.0526186 secs] 505648K->365155K(506816K), [Metaspace: 2816K->2816K(1056768K)], 0.0542178 secs] [Times: user=0.05 sys=0.00, real=0.05 secs] 
2021-01-21T22:12:28.373+0800: 52.685: [GC (CMS Initial Mark) [1 CMS-initial-mark: 349143K(349568K)] 368684K(506816K), 0.0019003 secs] [Times: user=0.00 sys=0.00, real=0.00 secs] 
2021-01-21T22:12:28.376+0800: 52.688: [CMS-concurrent-mark-start]
2021-01-21T22:12:28.378+0800: 52.690: [CMS-concurrent-mark: 0.002/0.002 secs] [Times: user=0.01 sys=0.00, real=0.00 secs] 
2021-01-21T22:12:28.378+0800: 52.690: [CMS-concurrent-preclean-start]
2021-01-21T22:12:28.380+0800: 52.692: [CMS-concurrent-preclean: 0.001/0.001 secs] [Times: user=0.00 sys=0.00, real=0.00 secs] 
2021-01-21T22:12:28.380+0800: 52.692: [CMS-concurrent-abortable-preclean-start]
2021-01-21T22:12:28.380+0800: 52.692: [CMS-concurrent-abortable-preclean: 0.000/0.000 secs] [Times: user=0.00 sys=0.00, real=0.00 secs] 
2021-01-21T22:12:28.381+0800: 52.693: [GC (CMS Final Remark) [YG occupancy: 49415 K (157248 K)]2021-01-21T22:12:28.381+0800: 52.693: [Rescan (parallel) , 0.0010271 secs]2021-01-21T22:12:28.383+0800: 52.695: [weak refs processing, 0.0003357 secs]2021-01-21T22:12:28.383+0800: 52.695: [class unloading, 0.0004915 secs]2021-01-21T22:12:28.384+0800: 52.696: [scrub symbol table, 0.0005586 secs]2021-01-21T22:12:28.385+0800: 52.697: [scrub string table, 0.0004369 secs][1 CMS-remark: 349143K(349568K)] 398558K(506816K), 0.0047335 secs] [Times: user=0.01 sys=0.00, real=0.00 secs] 
2021-01-21T22:12:28.386+0800: 52.698: [CMS-concurrent-sweep-start]
2021-01-21T22:12:28.387+0800: 52.699: [CMS-concurrent-sweep: 0.000/0.000 secs] [Times: user=0.00 sys=0.00, real=0.00 secs] 
2021-01-21T22:12:28.387+0800: 52.699: [CMS-concurrent-reset-start]
2021-01-21T22:12:28.387+0800: 52.699: [CMS-concurrent-reset: 0.000/0.000 secs] [Times: user=0.00 sys=0.00, real=0.00 secs] 
2021-01-21T22:12:28.399+0800: 52.712: [GC (Allocation Failure) 2021-01-21T22:12:28.400+0800: 52.712: [ParNew: 156653K->156653K(157248K), 0.0003513 secs]2021-01-21T22:12:28.401+0800: 52.713: [CMS: 348630K->349133K(349568K), 0.0475377 secs] 505283K->365115K(506816K), [Metaspace: 2816K->2816K(1056768K)], 0.0491421 secs] [Times: user=0.05 sys=0.00, real=0.05 secs] 
2021-01-21T22:12:28.450+0800: 52.762: [GC (CMS Initial Mark) [1 CMS-initial-mark: 349133K(349568K)] 368504K(506816K), 0.0012634 secs] [Times: user=0.00 sys=0.00, real=0.00 secs] 
2021-01-21T22:12:28.452+0800: 52.764: [CMS-concurrent-mark-start]
2021-01-21T22:12:28.453+0800: 52.765: [CMS-concurrent-mark: 0.001/0.001 secs] [Times: user=0.00 sys=0.00, real=0.00 secs] 
2021-01-21T22:12:28.453+0800: 52.765: [CMS-concurrent-preclean-start]
2021-01-21T22:12:28.455+0800: 52.767: [CMS-concurrent-preclean: 0.001/0.001 secs] [Times: user=0.00 sys=0.00, real=0.00 secs] 
2021-01-21T22:12:28.455+0800: 52.767: [CMS-concurrent-abortable-preclean-start]
2021-01-21T22:12:28.455+0800: 52.767: [CMS-concurrent-abortable-preclean: 0.000/0.000 secs] [Times: user=0.00 sys=0.00, real=0.00 secs] 
2021-01-21T22:12:28.456+0800: 52.768: [GC (CMS Final Remark) [YG occupancy: 50887 K (157248 K)]2021-01-21T22:12:28.456+0800: 52.768: [Rescan (parallel) , 0.0010143 secs]2021-01-21T22:12:28.457+0800: 52.770: [weak refs processing, 0.0002682 secs]2021-01-21T22:12:28.458+0800: 52.770: [class unloading, 0.0003946 secs]2021-01-21T22:12:28.459+0800: 52.771: [scrub symbol table, 0.0005575 secs]2021-01-21T22:12:28.459+0800: 52.772: [scrub string table, 0.0004654 secs][1 CMS-remark: 349133K(349568K)] 400020K(506816K), 0.0043594 secs] [Times: user=0.00 sys=0.00, real=0.01 secs] 
2021-01-21T22:12:28.461+0800: 52.773: [CMS-concurrent-sweep-start]
2021-01-21T22:12:28.461+0800: 52.773: [CMS-concurrent-sweep: 0.000/0.000 secs] [Times: user=0.00 sys=0.00, real=0.00 secs] 
2021-01-21T22:12:28.462+0800: 52.774: [CMS-concurrent-reset-start]
2021-01-21T22:12:28.462+0800: 52.774: [CMS-concurrent-reset: 0.000/0.000 secs] [Times: user=0.00 sys=0.00, real=0.00 secs] 
2021-01-21T22:12:28.475+0800: 52.787: [GC (Allocation Failure) 2021-01-21T22:12:28.476+0800: 52.788: [ParNew: 157133K->157133K(157248K), 0.0003066 secs]2021-01-21T22:12:28.476+0800: 52.788: [CMS: 347184K->349515K(349568K), 0.0476192 secs] 504317K->367211K(506816K), [Metaspace: 2816K->2816K(1056768K)], 0.0493595 secs] [Times: user=0.05 sys=0.00, real=0.05 secs] 
2021-01-21T22:12:28.526+0800: 52.838: [GC (CMS Initial Mark) [1 CMS-initial-mark: 349515K(349568K)] 370747K(506816K), 0.0019674 secs] [Times: user=0.00 sys=0.00, real=0.00 secs] 
2021-01-21T22:12:28.528+0800: 52.840: [CMS-concurrent-mark-start]
2021-01-21T22:12:28.530+0800: 52.842: [CMS-concurrent-mark: 0.001/0.001 secs] [Times: user=0.00 sys=0.00, real=0.00 secs] 
2021-01-21T22:12:28.530+0800: 52.842: [CMS-concurrent-preclean-start]
2021-01-21T22:12:28.531+0800: 52.843: [CMS-concurrent-preclean: 0.001/0.001 secs] [Times: user=0.00 sys=0.00, real=0.00 secs] 
2021-01-21T22:12:28.532+0800: 52.844: [CMS-concurrent-abortable-preclean-start]
2021-01-21T22:12:28.532+0800: 52.844: [CMS-concurrent-abortable-preclean: 0.000/0.000 secs] [Times: user=0.00 sys=0.00, real=0.00 secs] 
2021-01-21T22:12:28.532+0800: 52.844: [GC (CMS Final Remark) [YG occupancy: 54788 K (157248 K)]2021-01-21T22:12:28.533+0800: 52.845: [Rescan (parallel) , 0.0012870 secs]2021-01-21T22:12:28.534+0800: 52.846: [weak refs processing, 0.0002960 secs]2021-01-21T22:12:28.535+0800: 52.847: [class unloading, 0.0004429 secs]2021-01-21T22:12:28.536+0800: 52.848: [scrub symbol table, 0.0005611 secs]2021-01-21T22:12:28.536+0800: 52.848: [scrub string table, 0.0004088 secs][1 CMS-remark: 349515K(349568K)] 404304K(506816K), 0.0048209 secs] [Times: user=0.00 sys=0.00, real=0.00 secs] 
2021-01-21T22:12:28.538+0800: 52.850: [CMS-concurrent-sweep-start]
2021-01-21T22:12:28.538+0800: 52.850: [CMS-concurrent-sweep: 0.000/0.000 secs] [Times: user=0.00 sys=0.00, real=0.01 secs] 
2021-01-21T22:12:28.538+0800: 52.851: [CMS-concurrent-reset-start]
2021-01-21T22:12:28.539+0800: 52.851: [CMS-concurrent-reset: 0.000/0.000 secs] [Times: user=0.00 sys=0.00, real=0.00 secs] 
2021-01-21T22:12:28.551+0800: 52.863: [GC (Allocation Failure) 2021-01-21T22:12:28.552+0800: 52.864: [ParNew: 157134K->157134K(157248K), 0.0003532 secs]2021-01-21T22:12:28.552+0800: 52.864: [CMS: 348971K->349334K(349568K), 0.0471384 secs] 506105K->365240K(506816K), [Metaspace: 2816K->2816K(1056768K)], 0.0488810 secs] [Times: user=0.04 sys=0.00, real=0.05 secs] 
2021-01-21T22:12:28.601+0800: 52.913: [GC (CMS Initial Mark) [1 CMS-initial-mark: 349334K(349568K)] 368191K(506816K), 0.0013690 secs] [Times: user=0.01 sys=0.00, real=0.00 secs] 
2021-01-21T22:12:28.603+0800: 52.915: [CMS-concurrent-mark-start]
2021-01-21T22:12:28.605+0800: 52.917: [CMS-concurrent-mark: 0.001/0.001 secs] [Times: user=0.00 sys=0.00, real=0.00 secs] 
2021-01-21T22:12:28.605+0800: 52.917: [CMS-concurrent-preclean-start]
2021-01-21T22:12:28.606+0800: 52.918: [CMS-concurrent-preclean: 0.001/0.001 secs] [Times: user=0.00 sys=0.00, real=0.00 secs] 
2021-01-21T22:12:28.606+0800: 52.918: [CMS-concurrent-abortable-preclean-start]
2021-01-21T22:12:28.606+0800: 52.918: [CMS-concurrent-abortable-preclean: 0.000/0.000 secs] [Times: user=0.00 sys=0.00, real=0.00 secs] 
2021-01-21T22:12:28.607+0800: 52.919: [GC (CMS Final Remark) [YG occupancy: 43082 K (157248 K)]2021-01-21T22:12:28.607+0800: 52.919: [Rescan (parallel) , 0.0012817 secs]2021-01-21T22:12:28.609+0800: 52.921: [weak refs processing, 0.0003571 secs]2021-01-21T22:12:28.610+0800: 52.922: [class unloading, 0.0004732 secs]2021-01-21T22:12:28.610+0800: 52.922: [scrub symbol table, 0.0009926 secs]2021-01-21T22:12:28.612+0800: 52.924: [scrub string table, 0.0005562 secs][1 CMS-remark: 349334K(349568K)] 392417K(506816K), 0.0055801 secs] [Times: user=0.00 sys=0.00, real=0.01 secs] 
2021-01-21T22:12:28.613+0800: 52.925: [CMS-concurrent-sweep-start]
2021-01-21T22:12:28.614+0800: 52.926: [CMS-concurrent-sweep: 0.001/0.001 secs] [Times: user=0.00 sys=0.00, real=0.00 secs] 
2021-01-21T22:12:28.615+0800: 52.927: [CMS-concurrent-reset-start]
2021-01-21T22:12:28.615+0800: 52.927: [CMS-concurrent-reset: 0.000/0.000 secs] [Times: user=0.00 sys=0.00, real=0.00 secs] 
2021-01-21T22:12:28.627+0800: 52.939: [GC (Allocation Failure) 2021-01-21T22:12:28.628+0800: 52.940: [ParNew: 157231K->157231K(157248K), 0.0004567 secs]2021-01-21T22:12:28.628+0800: 52.940: [CMS: 348911K->348863K(349568K), 0.0512885 secs] 506143K->369049K(506816K), [Metaspace: 2816K->2816K(1056768K)], 0.0531159 secs] [Times: user=0.05 sys=0.00, real=0.06 secs] 
2021-01-21T22:12:28.682+0800: 52.994: [GC (CMS Initial Mark) [1 CMS-initial-mark: 348863K(349568K)] 372114K(506816K), 0.0015220 secs] [Times: user=0.00 sys=0.00, real=0.00 secs] 
2021-01-21T22:12:28.684+0800: 52.996: [CMS-concurrent-mark-start]
2021-01-21T22:12:28.685+0800: 52.997: [CMS-concurrent-mark: 0.001/0.001 secs] [Times: user=0.00 sys=0.00, real=0.00 secs] 
2021-01-21T22:12:28.686+0800: 52.998: [CMS-concurrent-preclean-start]
2021-01-21T22:12:28.687+0800: 52.999: [CMS-concurrent-preclean: 0.001/0.001 secs] [Times: user=0.00 sys=0.00, real=0.00 secs] 
2021-01-21T22:12:28.687+0800: 52.999: [CMS-concurrent-abortable-preclean-start]
2021-01-21T22:12:28.687+0800: 52.999: [CMS-concurrent-abortable-preclean: 0.000/0.000 secs] [Times: user=0.00 sys=0.00, real=0.00 secs] 
2021-01-21T22:12:28.688+0800: 53.000: [GC (CMS Final Remark) [YG occupancy: 49956 K (157248 K)]2021-01-21T22:12:28.688+0800: 53.000: [Rescan (parallel) , 0.0014307 secs]2021-01-21T22:12:28.690+0800: 53.002: [weak refs processing, 0.0003056 secs]2021-01-21T22:12:28.690+0800: 53.003: [class unloading, 0.0004696 secs]2021-01-21T22:12:28.691+0800: 53.003: [scrub symbol table, 0.0005935 secs]2021-01-21T22:12:28.692+0800: 53.004: [scrub string table, 0.0003881 secs][1 CMS-remark: 348863K(349568K)] 398820K(506816K), 0.0049925 secs] [Times: user=0.00 sys=0.00, real=0.01 secs] 
2021-01-21T22:12:28.693+0800: 53.006: [CMS-concurrent-sweep-start]
2021-01-21T22:12:28.694+0800: 53.006: [CMS-concurrent-sweep: 0.000/0.000 secs] [Times: user=0.00 sys=0.00, real=0.00 secs] 
2021-01-21T22:12:28.694+0800: 53.006: [CMS-concurrent-reset-start]
2021-01-21T22:12:28.694+0800: 53.006: [CMS-concurrent-reset: 0.000/0.000 secs] [Times: user=0.00 sys=0.00, real=0.00 secs] 
2021-01-21T22:12:28.709+0800: 53.021: [GC (Allocation Failure) 2021-01-21T22:12:28.709+0800: 53.021: [ParNew: 157209K->157209K(157248K), 0.0002720 secs]2021-01-21T22:12:28.710+0800: 53.022: [CMS: 348048K->349544K(349568K), 0.0557633 secs] 505257K->367136K(506816K), [Metaspace: 2816K->2816K(1056768K)], 0.0571798 secs] [Times: user=0.06 sys=0.00, real=0.05 secs] 
2021-01-21T22:12:28.767+0800: 53.079: [GC (CMS Initial Mark) [1 CMS-initial-mark: 349544K(349568K)] 370128K(506816K), 0.0011363 secs] [Times: user=0.00 sys=0.00, real=0.01 secs] 
2021-01-21T22:12:28.769+0800: 53.081: [CMS-concurrent-mark-start]
2021-01-21T22:12:28.770+0800: 53.082: [CMS-concurrent-mark: 0.001/0.001 secs] [Times: user=0.00 sys=0.00, real=0.00 secs] 
2021-01-21T22:12:28.771+0800: 53.083: [CMS-concurrent-preclean-start]
2021-01-21T22:12:28.772+0800: 53.084: [CMS-concurrent-preclean: 0.001/0.001 secs] [Times: user=0.00 sys=0.00, real=0.00 secs] 
2021-01-21T22:12:28.772+0800: 53.084: [CMS-concurrent-abortable-preclean-start]
2021-01-21T22:12:28.772+0800: 53.084: [CMS-concurrent-abortable-preclean: 0.000/0.000 secs] [Times: user=0.00 sys=0.00, real=0.00 secs] 
2021-01-21T22:12:28.773+0800: 53.085: [GC (CMS Final Remark) [YG occupancy: 43503 K (157248 K)]2021-01-21T22:12:28.773+0800: 53.085: [Rescan (parallel) , 0.0049019 secs]2021-01-21T22:12:28.778+0800: 53.090: [weak refs processing, 0.0003437 secs]2021-01-21T22:12:28.779+0800: 53.091: [class unloading, 0.0007774 secs]2021-01-21T22:12:28.780+0800: 53.092: [scrub symbol table, 0.0006311 secs]2021-01-21T22:12:28.781+0800: 53.093: [scrub string table, 0.0006536 secs][1 CMS-remark: 349544K(349568K)] 393048K(506816K), 0.0093126 secs] [Times: user=0.03 sys=0.00, real=0.01 secs] 
2021-01-21T22:12:28.783+0800: 53.095: [CMS-concurrent-sweep-start]
2021-01-21T22:12:28.783+0800: 53.095: [CMS-concurrent-sweep: 0.000/0.000 secs] [Times: user=0.00 sys=0.00, real=0.00 secs] 
2021-01-21T22:12:28.783+0800: 53.095: [CMS-concurrent-reset-start]
2021-01-21T22:12:28.783+0800: 53.095: [CMS-concurrent-reset: 0.000/0.000 secs] [Times: user=0.00 sys=0.00, real=0.00 secs] 
2021-01-21T22:12:28.799+0800: 53.111: [GC (Allocation Failure) 2021-01-21T22:12:28.799+0800: 53.111: [ParNew: 157208K->157208K(157248K), 0.0003858 secs]2021-01-21T22:12:28.800+0800: 53.112: [CMS: 348951K->349256K(349568K), 0.0522415 secs] 506159K->371139K(506816K), [Metaspace: 2816K->2816K(1056768K)], 0.0538662 secs] [Times: user=0.05 sys=0.00, real=0.05 secs] 
2021-01-21T22:12:28.854+0800: 53.166: [GC (CMS Initial Mark) [1 CMS-initial-mark: 349256K(349568K)] 374220K(506816K), 0.0013077 secs] [Times: user=0.00 sys=0.00, real=0.00 secs] 
2021-01-21T22:12:28.856+0800: 53.168: [CMS-concurrent-mark-start]
2021-01-21T22:12:28.857+0800: 53.169: [CMS-concurrent-mark: 0.002/0.002 secs] [Times: user=0.00 sys=0.00, real=0.00 secs] 
2021-01-21T22:12:28.858+0800: 53.170: [CMS-concurrent-preclean-start]
2021-01-21T22:12:28.859+0800: 53.171: [CMS-concurrent-preclean: 0.001/0.001 secs] [Times: user=0.00 sys=0.00, real=0.01 secs] 
2021-01-21T22:12:28.859+0800: 53.171: [CMS-concurrent-abortable-preclean-start]
2021-01-21T22:12:28.859+0800: 53.171: [CMS-concurrent-abortable-preclean: 0.000/0.000 secs] [Times: user=0.00 sys=0.00, real=0.00 secs] 
2021-01-21T22:12:28.860+0800: 53.172: [GC (CMS Final Remark) [YG occupancy: 50883 K (157248 K)]2021-01-21T22:12:28.860+0800: 53.172: [Rescan (parallel) , 0.0020312 secs]2021-01-21T22:12:28.863+0800: 53.175: [weak refs processing, 0.0004181 secs]2021-01-21T22:12:28.864+0800: 53.176: [class unloading, 0.0004872 secs]2021-01-21T22:12:28.864+0800: 53.176: [scrub symbol table, 0.0005792 secs]2021-01-21T22:12:28.865+0800: 53.177: [scrub string table, 0.0004527 secs][1 CMS-remark: 349256K(349568K)] 400140K(506816K), 0.0061185 secs] [Times: user=0.01 sys=0.00, real=0.00 secs] 
2021-01-21T22:12:28.867+0800: 53.179: [CMS-concurrent-sweep-start]
2021-01-21T22:12:28.867+0800: 53.179: [CMS-concurrent-sweep: 0.000/0.000 secs] [Times: user=0.00 sys=0.00, real=0.00 secs] 
2021-01-21T22:12:28.867+0800: 53.179: [CMS-concurrent-reset-start]
2021-01-21T22:12:28.868+0800: 53.180: [CMS-concurrent-reset: 0.000/0.000 secs] [Times: user=0.00 sys=0.00, real=0.00 secs] 
2021-01-21T22:12:28.881+0800: 53.193: [GC (Allocation Failure) 2021-01-21T22:12:28.882+0800: 53.194: [ParNew: 157208K->157208K(157248K), 0.0003716 secs]2021-01-21T22:12:28.882+0800: 53.194: [CMS: 347812K->349314K(349568K), 0.0540394 secs] 505020K->374162K(506816K), [Metaspace: 2816K->2816K(1056768K)], 0.0556240 secs] [Times: user=0.06 sys=0.00, real=0.05 secs] 
2021-01-21T22:12:28.938+0800: 53.250: [GC (CMS Initial Mark) [1 CMS-initial-mark: 349314K(349568K)] 377400K(506816K), 0.0012285 secs] [Times: user=0.00 sys=0.00, real=0.01 secs] 
2021-01-21T22:12:28.940+0800: 53.252: [CMS-concurrent-mark-start]
2021-01-21T22:12:28.941+0800: 53.253: [CMS-concurrent-mark: 0.001/0.001 secs] [Times: user=0.00 sys=0.00, real=0.00 secs] 
2021-01-21T22:12:28.941+0800: 53.253: [CMS-concurrent-preclean-start]
2021-01-21T22:12:28.942+0800: 53.254: [CMS-concurrent-preclean: 0.001/0.001 secs] [Times: user=0.00 sys=0.00, real=0.00 secs] 
2021-01-21T22:12:28.943+0800: 53.255: [CMS-concurrent-abortable-preclean-start]
2021-01-21T22:12:28.943+0800: 53.255: [CMS-concurrent-abortable-preclean: 0.000/0.000 secs] [Times: user=0.00 sys=0.00, real=0.00 secs] 
2021-01-21T22:12:28.943+0800: 53.255: [GC (CMS Final Remark) [YG occupancy: 50608 K (157248 K)]2021-01-21T22:12:28.943+0800: 53.255: [Rescan (parallel) , 0.0015641 secs]2021-01-21T22:12:28.945+0800: 53.257: [weak refs processing, 0.0004821 secs]2021-01-21T22:12:28.946+0800: 53.258: [class unloading, 0.0005495 secs]2021-01-21T22:12:28.947+0800: 53.259: [scrub symbol table, 0.0007075 secs]2021-01-21T22:12:28.948+0800: 53.260: [scrub string table, 0.0004674 secs][1 CMS-remark: 349314K(349568K)] 399922K(506816K), 0.0058078 secs] [Times: user=0.01 sys=0.00, real=0.01 secs] 
2021-01-21T22:12:28.950+0800: 53.262: [CMS-concurrent-sweep-start]
2021-01-21T22:12:28.950+0800: 53.262: [CMS-concurrent-sweep: 0.000/0.000 secs] [Times: user=0.00 sys=0.00, real=0.00 secs] 
2021-01-21T22:12:28.950+0800: 53.263: [CMS-concurrent-reset-start]
2021-01-21T22:12:28.951+0800: 53.263: [CMS-concurrent-reset: 0.000/0.000 secs] [Times: user=0.00 sys=0.00, real=0.00 secs] 
2021-01-21T22:12:28.964+0800: 53.276: [GC (Allocation Failure) 2021-01-21T22:12:28.965+0800: 53.277: [ParNew: 156986K->156986K(157248K), 0.0003671 secs]2021-01-21T22:12:28.965+0800: 53.277: [CMS: 349245K->349491K(349568K), 0.0522885 secs] 506231K->373654K(506816K), [Metaspace: 2816K->2816K(1056768K)], 0.0538861 secs] [Times: user=0.06 sys=0.00, real=0.06 secs] 
2021-01-21T22:12:29.019+0800: 53.331: [GC (CMS Initial Mark) [1 CMS-initial-mark: 349491K(349568K)] 377209K(506816K), 0.0015233 secs] [Times: user=0.00 sys=0.00, real=0.00 secs] 
2021-01-21T22:12:29.022+0800: 53.334: [CMS-concurrent-mark-start]
2021-01-21T22:12:29.023+0800: 53.335: [CMS-concurrent-mark: 0.002/0.002 secs] [Times: user=0.00 sys=0.00, real=0.00 secs] 
2021-01-21T22:12:29.023+0800: 53.335: [CMS-concurrent-preclean-start]
2021-01-21T22:12:29.024+0800: 53.336: [CMS-concurrent-preclean: 0.001/0.001 secs] [Times: user=0.00 sys=0.00, real=0.00 secs] 
2021-01-21T22:12:29.025+0800: 53.337: [CMS-concurrent-abortable-preclean-start]
2021-01-21T22:12:29.025+0800: 53.337: [CMS-concurrent-abortable-preclean: 0.000/0.000 secs] [Times: user=0.00 sys=0.00, real=0.00 secs] 
2021-01-21T22:12:29.025+0800: 53.337: [GC (CMS Final Remark) [YG occupancy: 54717 K (157248 K)]2021-01-21T22:12:29.026+0800: 53.338: [Rescan (parallel) , 0.0013374 secs]2021-01-21T22:12:29.027+0800: 53.340: [weak refs processing, 0.0002408 secs]2021-01-21T22:12:29.028+0800: 53.340: [class unloading, 0.0007103 secs]2021-01-21T22:12:29.029+0800: 53.341: [scrub symbol table, 0.0009771 secs]2021-01-21T22:12:29.030+0800: 53.342: [scrub string table, 0.0006351 secs][1 CMS-remark: 349491K(349568K)] 404209K(506816K), 0.0059853 secs] [Times: user=0.00 sys=0.00, real=0.01 secs] 
2021-01-21T22:12:29.032+0800: 53.344: [CMS-concurrent-sweep-start]
2021-01-21T22:12:29.032+0800: 53.344: [CMS-concurrent-sweep: 0.000/0.000 secs] [Times: user=0.00 sys=0.00, real=0.00 secs] 
2021-01-21T22:12:29.033+0800: 53.345: [CMS-concurrent-reset-start]
2021-01-21T22:12:29.033+0800: 53.345: [CMS-concurrent-reset: 0.000/0.000 secs] [Times: user=0.00 sys=0.00, real=0.00 secs] 
2021-01-21T22:12:29.044+0800: 53.356: [GC (Allocation Failure) 2021-01-21T22:12:29.045+0800: 53.357: [ParNew: 157040K->157040K(157248K), 0.0004627 secs]2021-01-21T22:12:29.046+0800: 53.358: [CMS: 344970K->349449K(349568K), 0.0469961 secs] 502010K->369834K(506816K), [Metaspace: 2816K->2816K(1056768K)], 0.0494464 secs] [Times: user=0.05 sys=0.00, real=0.05 secs] 
2021-01-21T22:12:29.095+0800: 53.407: [GC (CMS Initial Mark) [1 CMS-initial-mark: 349449K(349568K)] 373612K(506816K), 0.0017093 secs] [Times: user=0.00 sys=0.00, real=0.00 secs] 
2021-01-21T22:12:29.098+0800: 53.410: [CMS-concurrent-mark-start]
2021-01-21T22:12:29.099+0800: 53.411: [CMS-concurrent-mark: 0.001/0.001 secs] [Times: user=0.01 sys=0.00, real=0.01 secs] 
2021-01-21T22:12:29.100+0800: 53.412: [CMS-concurrent-preclean-start]
2021-01-21T22:12:29.101+0800: 53.413: [CMS-concurrent-preclean: 0.001/0.001 secs] [Times: user=0.00 sys=0.00, real=0.00 secs] 
2021-01-21T22:12:29.101+0800: 53.413: [CMS-concurrent-abortable-preclean-start]
2021-01-21T22:12:29.101+0800: 53.413: [CMS-concurrent-abortable-preclean: 0.000/0.000 secs] [Times: user=0.00 sys=0.00, real=0.00 secs] 
2021-01-21T22:12:29.102+0800: 53.414: [GC (CMS Final Remark) [YG occupancy: 60213 K (157248 K)]2021-01-21T22:12:29.103+0800: 53.415: [Rescan (parallel) , 0.0017374 secs]2021-01-21T22:12:29.105+0800: 53.417: [weak refs processing, 0.0003397 secs]2021-01-21T22:12:29.105+0800: 53.417: [class unloading, 0.0004861 secs]2021-01-21T22:12:29.106+0800: 53.418: [scrub symbol table, 0.0005604 secs]2021-01-21T22:12:29.107+0800: 53.419: [scrub string table, 0.0004322 secs][1 CMS-remark: 349449K(349568K)] 409663K(506816K), 0.0054855 secs] [Times: user=0.01 sys=0.00, real=0.00 secs] 
2021-01-21T22:12:29.108+0800: 53.420: [CMS-concurrent-sweep-start]
2021-01-21T22:12:29.109+0800: 53.421: [CMS-concurrent-sweep: 0.000/0.000 secs] [Times: user=0.00 sys=0.00, real=0.00 secs] 
2021-01-21T22:12:29.109+0800: 53.421: [CMS-concurrent-reset-start]
2021-01-21T22:12:29.109+0800: 53.422: [CMS-concurrent-reset: 0.000/0.000 secs] [Times: user=0.00 sys=0.00, real=0.00 secs] 
2021-01-21T22:12:29.119+0800: 53.431: [GC (Allocation Failure) 2021-01-21T22:12:29.120+0800: 53.432: [ParNew: 157226K->157226K(157248K), 0.0003444 secs]2021-01-21T22:12:29.120+0800: 53.432: [CMS: 347736K->349281K(349568K), 0.0475108 secs] 504963K->367405K(506816K), [Metaspace: 2816K->2816K(1056768K)], 0.0491220 secs] [Times: user=0.05 sys=0.00, real=0.05 secs] 
2021-01-21T22:12:29.169+0800: 53.481: [GC (CMS Initial Mark) [1 CMS-initial-mark: 349281K(349568K)] 370319K(506816K), 0.0013894 secs] [Times: user=0.00 sys=0.00, real=0.00 secs] 
2021-01-21T22:12:29.171+0800: 53.484: [CMS-concurrent-mark-start]
2021-01-21T22:12:29.173+0800: 53.485: [CMS-concurrent-mark: 0.002/0.002 secs] [Times: user=0.00 sys=0.00, real=0.00 secs] 
2021-01-21T22:12:29.174+0800: 53.486: [CMS-concurrent-preclean-start]
2021-01-21T22:12:29.175+0800: 53.487: [CMS-concurrent-preclean: 0.001/0.001 secs] [Times: user=0.01 sys=0.00, real=0.00 secs] 
2021-01-21T22:12:29.175+0800: 53.487: [CMS-concurrent-abortable-preclean-start]
2021-01-21T22:12:29.175+0800: 53.487: [CMS-concurrent-abortable-preclean: 0.000/0.000 secs] [Times: user=0.00 sys=0.00, real=0.00 secs] 
2021-01-21T22:12:29.176+0800: 53.488: [GC (CMS Final Remark) [YG occupancy: 44796 K (157248 K)]2021-01-21T22:12:29.176+0800: 53.488: [Rescan (parallel) , 0.0013827 secs]2021-01-21T22:12:29.178+0800: 53.490: [weak refs processing, 0.0003680 secs]2021-01-21T22:12:29.178+0800: 53.490: [class unloading, 0.0005857 secs]2021-01-21T22:12:29.179+0800: 53.491: [scrub symbol table, 0.0007087 secs]2021-01-21T22:12:29.180+0800: 53.492: [scrub string table, 0.0004457 secs][1 CMS-remark: 349281K(349568K)] 394078K(506816K), 0.0053871 secs] [Times: user=0.00 sys=0.00, real=0.01 secs] 
2021-01-21T22:12:29.182+0800: 53.494: [CMS-concurrent-sweep-start]
2021-01-21T22:12:29.182+0800: 53.494: [CMS-concurrent-sweep: 0.000/0.000 secs] [Times: user=0.00 sys=0.00, real=0.00 secs] 
2021-01-21T22:12:29.182+0800: 53.494: [CMS-concurrent-reset-start]
2021-01-21T22:12:29.183+0800: 53.495: [CMS-concurrent-reset: 0.000/0.000 secs] [Times: user=0.00 sys=0.00, real=0.00 secs] 
2021-01-21T22:12:29.196+0800: 53.508: [GC (Allocation Failure) 2021-01-21T22:12:29.196+0800: 53.508: [ParNew: 157185K->157185K(157248K), 0.0003618 secs]2021-01-21T22:12:29.197+0800: 53.509: [CMS: 348997K->349387K(349568K), 0.0512266 secs] 506182K->370706K(506816K), [Metaspace: 2816K->2816K(1056768K)], 0.0528591 secs] [Times: user=0.05 sys=0.00, real=0.06 secs] 
2021-01-21T22:12:29.249+0800: 53.561: [GC (CMS Initial Mark) [1 CMS-initial-mark: 349387K(349568K)] 374327K(506816K), 0.0009853 secs] [Times: user=0.00 sys=0.00, real=0.00 secs] 
2021-01-21T22:12:29.251+0800: 53.563: [CMS-concurrent-mark-start]
2021-01-21T22:12:29.253+0800: 53.566: [CMS-concurrent-mark: 0.003/0.003 secs] [Times: user=0.01 sys=0.00, real=0.00 secs] 
2021-01-21T22:12:29.254+0800: 53.566: [CMS-concurrent-preclean-start]
2021-01-21T22:12:29.255+0800: 53.567: [CMS-concurrent-preclean: 0.001/0.001 secs] [Times: user=0.00 sys=0.00, real=0.00 secs] 
2021-01-21T22:12:29.256+0800: 53.568: [CMS-concurrent-abortable-preclean-start]
2021-01-21T22:12:29.256+0800: 53.568: [CMS-concurrent-abortable-preclean: 0.000/0.000 secs] [Times: user=0.00 sys=0.00, real=0.00 secs] 
2021-01-21T22:12:29.258+0800: 53.570: [GC (CMS Final Remark) [YG occupancy: 62558 K (157248 K)]2021-01-21T22:12:29.258+0800: 53.570: [Rescan (parallel) , 0.0065662 secs]2021-01-21T22:12:29.266+0800: 53.578: [weak refs processing, 0.0005491 secs]2021-01-21T22:12:29.266+0800: 53.578: [class unloading, 0.0005593 secs]2021-01-21T22:12:29.268+0800: 53.580: [scrub symbol table, 0.0006519 secs]2021-01-21T22:12:29.269+0800: 53.581: [scrub string table, 0.0004387 secs][1 CMS-remark: 349387K(349568K)] 411946K(506816K), 0.0117054 secs] [Times: user=0.04 sys=0.00, real=0.02 secs] 
2021-01-21T22:12:29.271+0800: 53.583: [CMS-concurrent-sweep-start]
2021-01-21T22:12:29.271+0800: 53.583: [CMS-concurrent-sweep: 0.000/0.000 secs] [Times: user=0.00 sys=0.00, real=0.00 secs] 
2021-01-21T22:12:29.272+0800: 53.584: [CMS-concurrent-reset-start]
2021-01-21T22:12:29.272+0800: 53.584: [CMS-concurrent-reset: 0.000/0.000 secs] [Times: user=0.00 sys=0.00, real=0.00 secs] 
2021-01-21T22:12:29.287+0800: 53.599: [GC (Allocation Failure) 2021-01-21T22:12:29.288+0800: 53.600: [ParNew: 157011K->157011K(157248K), 0.0004966 secs]2021-01-21T22:12:29.289+0800: 53.601: [CMS: 348832K->349489K(349568K), 0.0608253 secs] 505844K->370548K(506816K), [Metaspace: 2816K->2816K(1056768K)], 0.0627820 secs] [Times: user=0.07 sys=0.00, real=0.07 secs] 
2021-01-21T22:12:29.351+0800: 53.663: [GC (CMS Initial Mark) [1 CMS-initial-mark: 349489K(349568K)] 373939K(506816K), 0.0008546 secs] [Times: user=0.00 sys=0.00, real=0.00 secs] 
2021-01-21T22:12:29.352+0800: 53.664: [CMS-concurrent-mark-start]
2021-01-21T22:12:29.354+0800: 53.666: [CMS-concurrent-mark: 0.001/0.001 secs] [Times: user=0.00 sys=0.00, real=0.00 secs] 
2021-01-21T22:12:29.354+0800: 53.666: [CMS-concurrent-preclean-start]
2021-01-21T22:12:29.355+0800: 53.667: [CMS-concurrent-preclean: 0.001/0.001 secs] [Times: user=0.00 sys=0.00, real=0.00 secs] 
2021-01-21T22:12:29.356+0800: 53.668: [CMS-concurrent-abortable-preclean-start]
2021-01-21T22:12:29.356+0800: 53.668: [CMS-concurrent-abortable-preclean: 0.000/0.000 secs] [Times: user=0.00 sys=0.00, real=0.00 secs] 
2021-01-21T22:12:29.356+0800: 53.668: [GC (CMS Final Remark) [YG occupancy: 48757 K (157248 K)]2021-01-21T22:12:29.357+0800: 53.669: [Rescan (parallel) , 0.0013676 secs]2021-01-21T22:12:29.358+0800: 53.670: [weak refs processing, 0.0002460 secs]2021-01-21T22:12:29.359+0800: 53.671: [class unloading, 0.0004066 secs]2021-01-21T22:12:29.359+0800: 53.671: [scrub symbol table, 0.0005154 secs]2021-01-21T22:12:29.360+0800: 53.672: [scrub string table, 0.0003660 secs][1 CMS-remark: 349489K(349568K)] 398247K(506816K), 0.0044100 secs] [Times: user=0.00 sys=0.00, real=0.01 secs] 
2021-01-21T22:12:29.361+0800: 53.673: [CMS-concurrent-sweep-start]
2021-01-21T22:12:29.362+0800: 53.674: [CMS-concurrent-sweep: 0.000/0.000 secs] [Times: user=0.00 sys=0.00, real=0.00 secs] 
2021-01-21T22:12:29.362+0800: 53.674: [CMS-concurrent-reset-start]
2021-01-21T22:12:29.362+0800: 53.675: [CMS-concurrent-reset: 0.000/0.000 secs] [Times: user=0.00 sys=0.00, real=0.00 secs] 
2021-01-21T22:12:29.379+0800: 53.691: [GC (Allocation Failure) 2021-01-21T22:12:29.380+0800: 53.692: [ParNew: 157163K->157163K(157248K), 0.0003523 secs]2021-01-21T22:12:29.380+0800: 53.692: [CMS: 348475K->349513K(349568K), 0.0509015 secs] 505639K->374241K(506816K), [Metaspace: 2816K->2816K(1056768K)], 0.0525702 secs] [Times: user=0.05 sys=0.00, real=0.05 secs] 
2021-01-21T22:12:29.433+0800: 53.745: [GC (CMS Initial Mark) [1 CMS-initial-mark: 349513K(349568K)] 377121K(506816K), 0.0012035 secs] [Times: user=0.00 sys=0.00, real=0.00 secs] 
2021-01-21T22:12:29.435+0800: 53.747: [CMS-concurrent-mark-start]
2021-01-21T22:12:29.436+0800: 53.748: [CMS-concurrent-mark: 0.001/0.001 secs] [Times: user=0.00 sys=0.00, real=0.00 secs] 
2021-01-21T22:12:29.436+0800: 53.748: [CMS-concurrent-preclean-start]
2021-01-21T22:12:29.437+0800: 53.749: [CMS-concurrent-preclean: 0.001/0.001 secs] [Times: user=0.00 sys=0.00, real=0.00 secs] 
2021-01-21T22:12:29.438+0800: 53.750: [CMS-concurrent-abortable-preclean-start]
2021-01-21T22:12:29.438+0800: 53.750: [CMS-concurrent-abortable-preclean: 0.000/0.000 secs] [Times: user=0.00 sys=0.00, real=0.00 secs] 
2021-01-21T22:12:29.438+0800: 53.750: [GC (CMS Final Remark) [YG occupancy: 56992 K (157248 K)]2021-01-21T22:12:29.439+0800: 53.751: [Rescan (parallel) , 0.0010765 secs]2021-01-21T22:12:29.440+0800: 53.752: [weak refs processing, 0.0002831 secs]2021-01-21T22:12:29.441+0800: 53.753: [class unloading, 0.0004377 secs]2021-01-21T22:12:29.441+0800: 53.753: [scrub symbol table, 0.0006853 secs]2021-01-21T22:12:29.442+0800: 53.754: [scrub string table, 0.0004008 secs][1 CMS-remark: 349513K(349568K)] 406506K(506816K), 0.0045084 secs] [Times: user=0.00 sys=0.00, real=0.00 secs] 
2021-01-21T22:12:29.443+0800: 53.755: [CMS-concurrent-sweep-start]
2021-01-21T22:12:29.444+0800: 53.756: [CMS-concurrent-sweep: 0.000/0.000 secs] [Times: user=0.00 sys=0.00, real=0.00 secs] 
2021-01-21T22:12:29.444+0800: 53.756: [CMS-concurrent-reset-start]
2021-01-21T22:12:29.445+0800: 53.757: [CMS-concurrent-reset: 0.001/0.001 secs] [Times: user=0.00 sys=0.00, real=0.00 secs] 
2021-01-21T22:12:29.457+0800: 53.769: [GC (Allocation Failure) 2021-01-21T22:12:29.457+0800: 53.769: [ParNew: 157181K->157181K(157248K), 0.0004468 secs]2021-01-21T22:12:29.458+0800: 53.770: [CMS: 349025K->349416K(349568K), 0.0679232 secs] 506207K->371921K(506816K), [Metaspace: 2816K->2816K(1056768K)], 0.0696492 secs] [Times: user=0.07 sys=0.00, real=0.07 secs] 
2021-01-21T22:12:29.527+0800: 53.839: [GC (CMS Initial Mark) [1 CMS-initial-mark: 349416K(349568K)] 375683K(506816K), 0.0010669 secs] [Times: user=0.00 sys=0.00, real=0.01 secs] 
2021-01-21T22:12:29.529+0800: 53.841: [CMS-concurrent-mark-start]
2021-01-21T22:12:29.532+0800: 53.844: [CMS-concurrent-mark: 0.002/0.002 secs] [Times: user=0.00 sys=0.01, real=0.00 secs] 
2021-01-21T22:12:29.532+0800: 53.844: [CMS-concurrent-preclean-start]
2021-01-21T22:12:29.533+0800: 53.845: [CMS-concurrent-preclean: 0.001/0.001 secs] [Times: user=0.00 sys=0.00, real=0.00 secs] 
2021-01-21T22:12:29.534+0800: 53.846: [CMS-concurrent-abortable-preclean-start]
2021-01-21T22:12:29.534+0800: 53.846: [CMS-concurrent-abortable-preclean: 0.000/0.000 secs] [Times: user=0.00 sys=0.00, real=0.00 secs] 
2021-01-21T22:12:29.534+0800: 53.846: [GC (CMS Final Remark) [YG occupancy: 52301 K (157248 K)]2021-01-21T22:12:29.535+0800: 53.847: [Rescan (parallel) , 0.0009402 secs]2021-01-21T22:12:29.536+0800: 53.848: [weak refs processing, 0.0002844 secs]2021-01-21T22:12:29.537+0800: 53.849: [class unloading, 0.0005016 secs]2021-01-21T22:12:29.537+0800: 53.849: [scrub symbol table, 0.0007504 secs]2021-01-21T22:12:29.538+0800: 53.850: [scrub string table, 0.0004520 secs][1 CMS-remark: 349416K(349568K)] 401718K(506816K), 0.0047716 secs] [Times: user=0.00 sys=0.00, real=0.01 secs] 
2021-01-21T22:12:29.540+0800: 53.852: [CMS-concurrent-sweep-start]
2021-01-21T22:12:29.540+0800: 53.852: [CMS-concurrent-sweep: 0.000/0.000 secs] [Times: user=0.00 sys=0.01, real=0.00 secs] 
2021-01-21T22:12:29.541+0800: 53.853: [CMS-concurrent-reset-start]
2021-01-21T22:12:29.542+0800: 53.854: [CMS-concurrent-reset: 0.001/0.001 secs] [Times: user=0.00 sys=0.00, real=0.00 secs] 
2021-01-21T22:12:29.559+0800: 53.871: [GC (Allocation Failure) 2021-01-21T22:12:29.560+0800: 53.872: [ParNew: 157214K->157214K(157248K), 0.0001934 secs]2021-01-21T22:12:29.560+0800: 53.872: [CMS: 348853K->349491K(349568K), 0.0569370 secs] 506068K->368643K(506816K), [Metaspace: 2816K->2816K(1056768K)], 0.0579368 secs] [Times: user=0.05 sys=0.00, real=0.05 secs] 
2021-01-21T22:12:29.618+0800: 53.930: [GC (CMS Initial Mark) [1 CMS-initial-mark: 349491K(349568K)] 368787K(506816K), 0.0006636 secs] [Times: user=0.00 sys=0.00, real=0.01 secs] 
2021-01-21T22:12:29.619+0800: 53.931: [CMS-concurrent-mark-start]
2021-01-21T22:12:29.620+0800: 53.932: [CMS-concurrent-mark: 0.002/0.002 secs] [Times: user=0.00 sys=0.00, real=0.00 secs] 
2021-01-21T22:12:29.621+0800: 53.933: [CMS-concurrent-preclean-start]
2021-01-21T22:12:29.622+0800: 53.934: [CMS-concurrent-preclean: 0.001/0.001 secs] [Times: user=0.00 sys=0.00, real=0.00 secs] 
2021-01-21T22:12:29.622+0800: 53.934: [CMS-concurrent-abortable-preclean-start]
2021-01-21T22:12:29.622+0800: 53.934: [CMS-concurrent-abortable-preclean: 0.000/0.000 secs] [Times: user=0.00 sys=0.00, real=0.00 secs] 
2021-01-21T22:12:29.623+0800: 53.935: [GC (CMS Final Remark) [YG occupancy: 51977 K (157248 K)]2021-01-21T22:12:29.623+0800: 53.935: [Rescan (parallel) , 0.0063415 secs]2021-01-21T22:12:29.630+0800: 53.942: [weak refs processing, 0.0004300 secs]2021-01-21T22:12:29.630+0800: 53.942: [class unloading, 0.0004691 secs]2021-01-21T22:12:29.631+0800: 53.943: [scrub symbol table, 0.0005575 secs]2021-01-21T22:12:29.632+0800: 53.944: [scrub string table, 0.0003227 secs][1 CMS-remark: 349491K(349568K)] 401469K(506816K), 0.0095831 secs] [Times: user=0.04 sys=0.00, real=0.01 secs] 
2021-01-21T22:12:29.633+0800: 53.945: [CMS-concurrent-sweep-start]
2021-01-21T22:12:29.633+0800: 53.945: [CMS-concurrent-sweep: 0.000/0.000 secs] [Times: user=0.00 sys=0.00, real=0.00 secs] 
2021-01-21T22:12:29.633+0800: 53.945: [CMS-concurrent-reset-start]
2021-01-21T22:12:29.633+0800: 53.945: [CMS-concurrent-reset: 0.000/0.000 secs] [Times: user=0.00 sys=0.00, real=0.00 secs] 
2021-01-21T22:12:29.649+0800: 53.962: [GC (Allocation Failure) 2021-01-21T22:12:29.650+0800: 53.962: [ParNew: 157174K->157174K(157248K), 0.0001915 secs]2021-01-21T22:12:29.650+0800: 53.962: [CMS: 349165K->349401K(349568K), 0.0515956 secs] 506340K->374291K(506816K), [Metaspace: 2816K->2816K(1056768K)], 0.0525685 secs] [Times: user=0.05 sys=0.00, real=0.05 secs] 
2021-01-21T22:12:29.703+0800: 54.015: [GC (CMS Initial Mark) [1 CMS-initial-mark: 349401K(349568K)] 374579K(506816K), 0.0006007 secs] [Times: user=0.00 sys=0.00, real=0.00 secs] 
2021-01-21T22:12:29.704+0800: 54.016: [CMS-concurrent-mark-start]
2021-01-21T22:12:29.705+0800: 54.017: [CMS-concurrent-mark: 0.001/0.001 secs] [Times: user=0.01 sys=0.00, real=0.00 secs] 
2021-01-21T22:12:29.705+0800: 54.017: [CMS-concurrent-preclean-start]
2021-01-21T22:12:29.706+0800: 54.018: [CMS-concurrent-preclean: 0.001/0.001 secs] [Times: user=0.00 sys=0.00, real=0.00 secs] 
2021-01-21T22:12:29.706+0800: 54.018: [CMS-concurrent-abortable-preclean-start]
2021-01-21T22:12:29.706+0800: 54.018: [CMS-concurrent-abortable-preclean: 0.000/0.000 secs] [Times: user=0.00 sys=0.00, real=0.00 secs] 
2021-01-21T22:12:29.707+0800: 54.019: [GC (CMS Final Remark) [YG occupancy: 53632 K (157248 K)]2021-01-21T22:12:29.707+0800: 54.019: [Rescan (parallel) , 0.0007041 secs]2021-01-21T22:12:29.708+0800: 54.020: [weak refs processing, 0.0001498 secs]2021-01-21T22:12:29.708+0800: 54.020: [class unloading, 0.0003075 secs]2021-01-21T22:12:29.708+0800: 54.020: [scrub symbol table, 0.0006724 secs]2021-01-21T22:12:29.709+0800: 54.021: [scrub string table, 0.0002995 secs][1 CMS-remark: 349401K(349568K)] 403034K(506816K), 0.0030519 secs] [Times: user=0.00 sys=0.00, real=0.01 secs] 
2021-01-21T22:12:29.710+0800: 54.022: [CMS-concurrent-sweep-start]
2021-01-21T22:12:29.711+0800: 54.023: [CMS-concurrent-sweep: 0.001/0.001 secs] [Times: user=0.00 sys=0.00, real=0.00 secs] 
2021-01-21T22:12:29.711+0800: 54.023: [CMS-concurrent-reset-start]
2021-01-21T22:12:29.712+0800: 54.024: [CMS-concurrent-reset: 0.000/0.000 secs] [Times: user=0.00 sys=0.00, real=0.00 secs] 
2021-01-21T22:12:29.723+0800: 54.035: [GC (Allocation Failure) 2021-01-21T22:12:29.723+0800: 54.035: [ParNew: 157188K->157188K(157248K), 0.0003052 secs]2021-01-21T22:12:29.724+0800: 54.036: [CMS: 348853K->349086K(349568K), 0.0510616 secs] 506041K->372536K(506816K), [Metaspace: 2816K->2816K(1056768K)], 0.0524823 secs] [Times: user=0.05 sys=0.00, real=0.05 secs] 
2021-01-21T22:12:29.776+0800: 54.088: [GC (CMS Initial Mark) [1 CMS-initial-mark: 349086K(349568K)] 376094K(506816K), 0.0014345 secs] [Times: user=0.00 sys=0.00, real=0.00 secs] 
2021-01-21T22:12:29.779+0800: 54.091: [CMS-concurrent-mark-start]
2021-01-21T22:12:29.780+0800: 54.092: [CMS-concurrent-mark: 0.002/0.002 secs] [Times: user=0.00 sys=0.00, real=0.00 secs] 
2021-01-21T22:12:29.781+0800: 54.093: [CMS-concurrent-preclean-start]
2021-01-21T22:12:29.782+0800: 54.094: [CMS-concurrent-preclean: 0.001/0.001 secs] [Times: user=0.00 sys=0.00, real=0.00 secs] 
2021-01-21T22:12:29.782+0800: 54.094: [CMS-concurrent-abortable-preclean-start]
2021-01-21T22:12:29.782+0800: 54.094: [CMS-concurrent-abortable-preclean: 0.000/0.000 secs] [Times: user=0.00 sys=0.00, real=0.00 secs] 
2021-01-21T22:12:29.783+0800: 54.095: [GC (CMS Final Remark) [YG occupancy: 60623 K (157248 K)]2021-01-21T22:12:29.783+0800: 54.096: [Rescan (parallel) , 0.0012577 secs]2021-01-21T22:12:29.785+0800: 54.097: [weak refs processing, 0.0002900 secs]2021-01-21T22:12:29.786+0800: 54.098: [class unloading, 0.0004561 secs]2021-01-21T22:12:29.786+0800: 54.098: [scrub symbol table, 0.0007116 secs]2021-01-21T22:12:29.787+0800: 54.099: [scrub string table, 0.0003609 secs][1 CMS-remark: 349086K(349568K)] 409710K(506816K), 0.0046607 secs] [Times: user=0.00 sys=0.00, real=0.00 secs] 
2021-01-21T22:12:29.788+0800: 54.100: [CMS-concurrent-sweep-start]
2021-01-21T22:12:29.789+0800: 54.101: [CMS-concurrent-sweep: 0.000/0.000 secs] [Times: user=0.00 sys=0.00, real=0.00 secs] 
2021-01-21T22:12:29.789+0800: 54.101: [CMS-concurrent-reset-start]
2021-01-21T22:12:29.789+0800: 54.101: [CMS-concurrent-reset: 0.000/0.000 secs] [Times: user=0.00 sys=0.00, real=0.00 secs] 
2021-01-21T22:12:29.801+0800: 54.113: [GC (Allocation Failure) 2021-01-21T22:12:29.802+0800: 54.114: [ParNew: 157223K->157223K(157248K), 0.0003623 secs]2021-01-21T22:12:29.802+0800: 54.114: [CMS: 348670K->349336K(349568K), 0.0709653 secs] 505894K->377375K(506816K), [Metaspace: 2816K->2816K(1056768K)], 0.0725662 secs] [Times: user=0.07 sys=0.00, real=0.07 secs] 
2021-01-21T22:12:29.875+0800: 54.187: [GC (CMS Initial Mark) [1 CMS-initial-mark: 349336K(349568K)] 380719K(506816K), 0.0012256 secs] [Times: user=0.00 sys=0.00, real=0.00 secs] 
2021-01-21T22:12:29.877+0800: 54.189: [CMS-concurrent-mark-start]
2021-01-21T22:12:29.880+0800: 54.192: [CMS-concurrent-mark: 0.003/0.003 secs] [Times: user=0.01 sys=0.00, real=0.01 secs] 
2021-01-21T22:12:29.880+0800: 54.192: [CMS-concurrent-preclean-start]
2021-01-21T22:12:29.882+0800: 54.194: [CMS-concurrent-preclean: 0.002/0.002 secs] [Times: user=0.00 sys=0.00, real=0.00 secs] 
2021-01-21T22:12:29.882+0800: 54.194: [CMS-concurrent-abortable-preclean-start]
2021-01-21T22:12:29.882+0800: 54.194: [CMS-concurrent-abortable-preclean: 0.000/0.000 secs] [Times: user=0.00 sys=0.00, real=0.00 secs] 
2021-01-21T22:12:29.883+0800: 54.195: [GC (CMS Final Remark) [YG occupancy: 56855 K (157248 K)]2021-01-21T22:12:29.883+0800: 54.195: [Rescan (parallel) , 0.0012980 secs]2021-01-21T22:12:29.884+0800: 54.197: [weak refs processing, 0.0003919 secs]2021-01-21T22:12:29.885+0800: 54.197: [class unloading, 0.0007188 secs]2021-01-21T22:12:29.886+0800: 54.198: [scrub symbol table, 0.0008239 secs]2021-01-21T22:12:29.887+0800: 54.199: [scrub string table, 0.0003803 secs][1 CMS-remark: 349336K(349568K)] 406192K(506816K), 0.0052943 secs] [Times: user=0.01 sys=0.00, real=0.01 secs] 
2021-01-21T22:12:29.888+0800: 54.201: [CMS-concurrent-sweep-start]
2021-01-21T22:12:29.889+0800: 54.201: [CMS-concurrent-sweep: 0.000/0.000 secs] [Times: user=0.00 sys=0.00, real=0.00 secs] 
2021-01-21T22:12:29.889+0800: 54.201: [CMS-concurrent-reset-start]
2021-01-21T22:12:29.889+0800: 54.202: [CMS-concurrent-reset: 0.000/0.000 secs] [Times: user=0.00 sys=0.00, real=0.00 secs] 
2021-01-21T22:12:29.903+0800: 54.215: [GC (Allocation Failure) 2021-01-21T22:12:29.904+0800: 54.216: [ParNew: 157096K->157096K(157248K), 0.0002684 secs]2021-01-21T22:12:29.904+0800: 54.216: [CMS: 349028K->349184K(349568K), 0.0659522 secs] 506125K->380571K(506816K), [Metaspace: 2816K->2816K(1056768K)], 0.0671579 secs] [Times: user=0.07 sys=0.00, real=0.07 secs] 
2021-01-21T22:12:29.971+0800: 54.283: [GC (CMS Initial Mark) [1 CMS-initial-mark: 349184K(349568K)] 384310K(506816K), 0.0006326 secs] [Times: user=0.00 sys=0.00, real=0.00 secs] 
2021-01-21T22:12:29.972+0800: 54.284: [CMS-concurrent-mark-start]
2021-01-21T22:12:29.973+0800: 54.285: [CMS-concurrent-mark: 0.001/0.001 secs] [Times: user=0.00 sys=0.00, real=0.00 secs] 
2021-01-21T22:12:29.973+0800: 54.286: [CMS-concurrent-preclean-start]
2021-01-21T22:12:29.975+0800: 54.287: [CMS-concurrent-preclean: 0.001/0.001 secs] [Times: user=0.00 sys=0.00, real=0.00 secs] 
2021-01-21T22:12:29.975+0800: 54.287: [CMS-concurrent-abortable-preclean-start]
2021-01-21T22:12:29.975+0800: 54.287: [CMS-concurrent-abortable-preclean: 0.000/0.000 secs] [Times: user=0.00 sys=0.00, real=0.00 secs] 
2021-01-21T22:12:29.975+0800: 54.287: [GC (CMS Final Remark) [YG occupancy: 64585 K (157248 K)]2021-01-21T22:12:29.975+0800: 54.287: [Rescan (parallel) , 0.0023819 secs]2021-01-21T22:12:29.978+0800: 54.290: [weak refs processing, 0.0002022 secs]2021-01-21T22:12:29.978+0800: 54.290: [class unloading, 0.0003747 secs]2021-01-21T22:12:29.979+0800: 54.291: [scrub symbol table, 0.0005141 secs]2021-01-21T22:12:29.980+0800: 54.292: [scrub string table, 0.0002894 secs][1 CMS-remark: 349184K(349568K)] 413769K(506816K), 0.0048712 secs] [Times: user=0.02 sys=0.00, real=0.01 secs] 
2021-01-21T22:12:29.981+0800: 54.293: [CMS-concurrent-sweep-start]
2021-01-21T22:12:29.981+0800: 54.293: [CMS-concurrent-sweep: 0.000/0.000 secs] [Times: user=0.00 sys=0.00, real=0.00 secs] 
2021-01-21T22:12:29.981+0800: 54.293: [CMS-concurrent-reset-start]
2021-01-21T22:12:29.981+0800: 54.293: [CMS-concurrent-reset: 0.000/0.000 secs] [Times: user=0.00 sys=0.00, real=0.00 secs] 
2021-01-21T22:12:29.992+0800: 54.304: [GC (Allocation Failure) 2021-01-21T22:12:29.992+0800: 54.304: [ParNew: 157225K->157225K(157248K), 0.0001774 secs]2021-01-21T22:12:29.992+0800: 54.304: [CMS: 348746K->348856K(349568K), 0.0512451 secs] 505971K->382762K(506816K), [Metaspace: 2816K->2816K(1056768K)], 0.0521864 secs] [Times: user=0.05 sys=0.00, real=0.05 secs] 
2021-01-21T22:12:30.045+0800: 54.357: [GC (CMS Initial Mark) [1 CMS-initial-mark: 348856K(349568K)] 385462K(506816K), 0.0008239 secs] [Times: user=0.00 sys=0.00, real=0.00 secs] 
2021-01-21T22:12:30.046+0800: 54.358: [CMS-concurrent-mark-start]
2021-01-21T22:12:30.048+0800: 54.360: [CMS-concurrent-mark: 0.001/0.001 secs] [Times: user=0.01 sys=0.00, real=0.00 secs] 
2021-01-21T22:12:30.048+0800: 54.360: [CMS-concurrent-preclean-start]
2021-01-21T22:12:30.049+0800: 54.361: [CMS-concurrent-preclean: 0.001/0.001 secs] [Times: user=0.00 sys=0.00, real=0.00 secs] 
2021-01-21T22:12:30.050+0800: 54.362: [CMS-concurrent-abortable-preclean-start]
2021-01-21T22:12:30.050+0800: 54.362: [CMS-concurrent-abortable-preclean: 0.000/0.000 secs] [Times: user=0.00 sys=0.00, real=0.00 secs] 
2021-01-21T22:12:30.050+0800: 54.362: [GC (CMS Final Remark) [YG occupancy: 61411 K (157248 K)]2021-01-21T22:12:30.050+0800: 54.362: [Rescan (parallel) , 0.0010301 secs]2021-01-21T22:12:30.051+0800: 54.364: [weak refs processing, 0.0002495 secs]2021-01-21T22:12:30.052+0800: 54.364: [class unloading, 0.0003824 secs]2021-01-21T22:12:30.053+0800: 54.365: [scrub symbol table, 0.0004776 secs]2021-01-21T22:12:30.053+0800: 54.365: [scrub string table, 0.0003051 secs][1 CMS-remark: 348856K(349568K)] 410268K(506816K), 0.0036991 secs] [Times: user=0.00 sys=0.00, real=0.00 secs] 
2021-01-21T22:12:30.054+0800: 54.366: [CMS-concurrent-sweep-start]
2021-01-21T22:12:30.055+0800: 54.367: [CMS-concurrent-sweep: 0.000/0.000 secs] [Times: user=0.00 sys=0.00, real=0.00 secs] 
2021-01-21T22:12:30.055+0800: 54.367: [CMS-concurrent-reset-start]
2021-01-21T22:12:30.055+0800: 54.367: [CMS-concurrent-reset: 0.000/0.000 secs] [Times: user=0.00 sys=0.00, real=0.00 secs] 
2021-01-21T22:12:30.068+0800: 54.380: [GC (Allocation Failure) 2021-01-21T22:12:30.068+0800: 54.380: [ParNew: 157001K->157001K(157248K), 0.0002188 secs]2021-01-21T22:12:30.069+0800: 54.381: [CMS: 346729K->349089K(349568K), 0.0512011 secs] 503731K->381840K(506816K), [Metaspace: 2816K->2816K(1056768K)], 0.0522512 secs] [Times: user=0.05 sys=0.00, real=0.05 secs] 
2021-01-21T22:12:30.121+0800: 54.433: [GC (CMS Initial Mark) [1 CMS-initial-mark: 349089K(349568K)] 384670K(506816K), 0.0008817 secs] [Times: user=0.00 sys=0.00, real=0.00 secs] 
2021-01-21T22:12:30.122+0800: 54.434: [CMS-concurrent-mark-start]
2021-01-21T22:12:30.124+0800: 54.436: [CMS-concurrent-mark: 0.002/0.002 secs] [Times: user=0.01 sys=0.00, real=0.00 secs] 
2021-01-21T22:12:30.124+0800: 54.437: [CMS-concurrent-preclean-start]
2021-01-21T22:12:30.125+0800: 54.437: [CMS-concurrent-preclean: 0.001/0.001 secs] [Times: user=0.00 sys=0.00, real=0.00 secs] 
2021-01-21T22:12:30.126+0800: 54.438: [CMS-concurrent-abortable-preclean-start]
2021-01-21T22:12:30.126+0800: 54.438: [CMS-concurrent-abortable-preclean: 0.000/0.000 secs] [Times: user=0.00 sys=0.00, real=0.00 secs] 
2021-01-21T22:12:30.126+0800: 54.438: [GC (CMS Final Remark) [YG occupancy: 66262 K (157248 K)]2021-01-21T22:12:30.127+0800: 54.439: [Rescan (parallel) , 0.0007982 secs]2021-01-21T22:12:30.128+0800: 54.440: [weak refs processing, 0.0003136 secs]2021-01-21T22:12:30.129+0800: 54.441: [class unloading, 0.0004221 secs]2021-01-21T22:12:30.129+0800: 54.441: [scrub symbol table, 0.0005656 secs]2021-01-21T22:12:30.130+0800: 54.442: [scrub string table, 0.0004479 secs][1 CMS-remark: 349089K(349568K)] 415352K(506816K), 0.0043876 secs] [Times: user=0.01 sys=0.00, real=0.01 secs] 
2021-01-21T22:12:30.131+0800: 54.443: [CMS-concurrent-sweep-start]
2021-01-21T22:12:30.132+0800: 54.444: [CMS-concurrent-sweep: 0.000/0.000 secs] [Times: user=0.00 sys=0.00, real=0.00 secs] 
2021-01-21T22:12:30.132+0800: 54.444: [CMS-concurrent-reset-start]
2021-01-21T22:12:30.132+0800: 54.444: [CMS-concurrent-reset: 0.000/0.000 secs] [Times: user=0.00 sys=0.00, real=0.00 secs] 
2021-01-21T22:12:30.145+0800: 54.457: [GC (Allocation Failure) 2021-01-21T22:12:30.145+0800: 54.458: [ParNew: 157222K->157222K(157248K), 0.0002219 secs]2021-01-21T22:12:30.146+0800: 54.458: [CMS: 349089K->349398K(349568K), 0.0512379 secs] 506311K->387150K(506816K), [Metaspace: 2816K->2816K(1056768K)], 0.0525043 secs] [Times: user=0.05 sys=0.00, real=0.05 secs] 
2021-01-21T22:12:30.199+0800: 54.511: [GC (CMS Initial Mark) [1 CMS-initial-mark: 349398K(349568K)] 389698K(506816K), 0.0012530 secs] [Times: user=0.00 sys=0.00, real=0.00 secs] 
2021-01-21T22:12:30.200+0800: 54.512: [CMS-concurrent-mark-start]
2021-01-21T22:12:30.202+0800: 54.514: [CMS-concurrent-mark: 0.002/0.002 secs] [Times: user=0.01 sys=0.00, real=0.00 secs] 
2021-01-21T22:12:30.203+0800: 54.515: [CMS-concurrent-preclean-start]
2021-01-21T22:12:30.204+0800: 54.516: [CMS-concurrent-preclean: 0.001/0.001 secs] [Times: user=0.00 sys=0.00, real=0.00 secs] 
2021-01-21T22:12:30.204+0800: 54.517: [CMS-concurrent-abortable-preclean-start]
2021-01-21T22:12:30.205+0800: 54.517: [CMS-concurrent-abortable-preclean: 0.000/0.000 secs] [Times: user=0.00 sys=0.00, real=0.00 secs] 
2021-01-21T22:12:30.205+0800: 54.517: [GC (CMS Final Remark) [YG occupancy: 71731 K (157248 K)]2021-01-21T22:12:30.205+0800: 54.517: [Rescan (parallel) , 0.0060208 secs]2021-01-21T22:12:30.212+0800: 54.524: [weak refs processing, 0.0003266 secs]2021-01-21T22:12:30.212+0800: 54.524: [class unloading, 0.0004311 secs]2021-01-21T22:12:30.213+0800: 54.525: [scrub symbol table, 0.0005788 secs]2021-01-21T22:12:30.214+0800: 54.526: [scrub string table, 0.0004093 secs][1 CMS-remark: 349398K(349568K)] 421129K(506816K), 0.0093409 secs] [Times: user=0.04 sys=0.00, real=0.01 secs] 
2021-01-21T22:12:30.215+0800: 54.527: [CMS-concurrent-sweep-start]
2021-01-21T22:12:30.215+0800: 54.527: [CMS-concurrent-sweep: 0.000/0.000 secs] [Times: user=0.01 sys=0.00, real=0.00 secs] 
2021-01-21T22:12:30.216+0800: 54.528: [CMS-concurrent-reset-start]
2021-01-21T22:12:30.216+0800: 54.528: [CMS-concurrent-reset: 0.000/0.000 secs] [Times: user=0.00 sys=0.00, real=0.00 secs] 
2021-01-21T22:12:30.227+0800: 54.539: [GC (Allocation Failure) 2021-01-21T22:12:30.227+0800: 54.539: [ParNew: 157088K->157088K(157248K), 0.0003171 secs]2021-01-21T22:12:30.228+0800: 54.540: [CMS: 349011K->349385K(349568K), 0.0574295 secs] 506100K->383171K(506816K), [Metaspace: 2816K->2816K(1056768K)], 0.0587698 secs] [Times: user=0.05 sys=0.00, real=0.06 secs] 
2021-01-21T22:12:30.286+0800: 54.598: [GC (CMS Initial Mark) [1 CMS-initial-mark: 349385K(349568K)] 385928K(506816K), 0.0008559 secs] [Times: user=0.00 sys=0.00, real=0.00 secs] 
2021-01-21T22:12:30.287+0800: 54.599: [CMS-concurrent-mark-start]
2021-01-21T22:12:30.289+0800: 54.601: [CMS-concurrent-mark: 0.001/0.001 secs] [Times: user=0.00 sys=0.00, real=0.01 secs] 
2021-01-21T22:12:30.289+0800: 54.601: [CMS-concurrent-preclean-start]
2021-01-21T22:12:30.291+0800: 54.603: [CMS-concurrent-preclean: 0.001/0.001 secs] [Times: user=0.00 sys=0.00, real=0.00 secs] 
2021-01-21T22:12:30.291+0800: 54.603: [CMS-concurrent-abortable-preclean-start]
2021-01-21T22:12:30.291+0800: 54.603: [CMS-concurrent-abortable-preclean: 0.000/0.000 secs] [Times: user=0.00 sys=0.00, real=0.00 secs] 
2021-01-21T22:12:30.292+0800: 54.604: [GC (CMS Final Remark) [YG occupancy: 63762 K (157248 K)]2021-01-21T22:12:30.292+0800: 54.604: [Rescan (parallel) , 0.0012224 secs]2021-01-21T22:12:30.294+0800: 54.606: [weak refs processing, 0.0002168 secs]2021-01-21T22:12:30.294+0800: 54.606: [class unloading, 0.0003389 secs]2021-01-21T22:12:30.295+0800: 54.607: [scrub symbol table, 0.0004086 secs]2021-01-21T22:12:30.296+0800: 54.608: [scrub string table, 0.0004855 secs][1 CMS-remark: 349385K(349568K)] 413148K(506816K), 0.0043631 secs] [Times: user=0.00 sys=0.00, real=0.00 secs] 
2021-01-21T22:12:30.297+0800: 54.609: [CMS-concurrent-sweep-start]
2021-01-21T22:12:30.297+0800: 54.609: [CMS-concurrent-sweep: 0.000/0.000 secs] [Times: user=0.00 sys=0.00, real=0.00 secs] 
2021-01-21T22:12:30.298+0800: 54.610: [CMS-concurrent-reset-start]
2021-01-21T22:12:30.298+0800: 54.610: [CMS-concurrent-reset: 0.000/0.000 secs] [Times: user=0.00 sys=0.00, real=0.00 secs] 
2021-01-21T22:12:30.308+0800: 54.620: [GC (Allocation Failure) 2021-01-21T22:12:30.309+0800: 54.621: [ParNew: 157238K->157238K(157248K), 0.0002513 secs]2021-01-21T22:12:30.309+0800: 54.621: [CMS: 349385K->349054K(349568K), 0.0538197 secs] 506624K->377930K(506816K), [Metaspace: 2816K->2816K(1056768K)], 0.0550590 secs] [Times: user=0.06 sys=0.00, real=0.05 secs] 
2021-01-21T22:12:30.364+0800: 54.676: [GC (CMS Initial Mark) [1 CMS-initial-mark: 349054K(349568K)] 380503K(506816K), 0.0010975 secs] [Times: user=0.00 sys=0.00, real=0.00 secs] 
2021-01-21T22:12:30.366+0800: 54.678: [CMS-concurrent-mark-start]
2021-01-21T22:12:30.367+0800: 54.679: [CMS-concurrent-mark: 0.001/0.001 secs] [Times: user=0.00 sys=0.00, real=0.00 secs] 
2021-01-21T22:12:30.368+0800: 54.680: [CMS-concurrent-preclean-start]
2021-01-21T22:12:30.369+0800: 54.681: [CMS-concurrent-preclean: 0.001/0.001 secs] [Times: user=0.00 sys=0.00, real=0.01 secs] 
2021-01-21T22:12:30.369+0800: 54.681: [CMS-concurrent-abortable-preclean-start]
2021-01-21T22:12:30.369+0800: 54.681: [CMS-concurrent-abortable-preclean: 0.000/0.000 secs] [Times: user=0.00 sys=0.00, real=0.00 secs] 
2021-01-21T22:12:30.370+0800: 54.682: [GC (CMS Final Remark) [YG occupancy: 55675 K (157248 K)]2021-01-21T22:12:30.370+0800: 54.682: [Rescan (parallel) , 0.0008937 secs]2021-01-21T22:12:30.371+0800: 54.683: [weak refs processing, 0.0002803 secs]2021-01-21T22:12:30.372+0800: 54.684: [class unloading, 0.0004980 secs]2021-01-21T22:12:30.372+0800: 54.684: [scrub symbol table, 0.0005992 secs]2021-01-21T22:12:30.373+0800: 54.685: [scrub string table, 0.0005526 secs][1 CMS-remark: 349054K(349568K)] 404730K(506816K), 0.0044925 secs] [Times: user=0.00 sys=0.00, real=0.00 secs] 
2021-01-21T22:12:30.375+0800: 54.687: [CMS-concurrent-sweep-start]
2021-01-21T22:12:30.375+0800: 54.688: [CMS-concurrent-sweep: 0.000/0.000 secs] [Times: user=0.00 sys=0.00, real=0.00 secs] 
2021-01-21T22:12:30.376+0800: 54.688: [CMS-concurrent-reset-start]
2021-01-21T22:12:30.376+0800: 54.689: [CMS-concurrent-reset: 0.000/0.000 secs] [Times: user=0.00 sys=0.00, real=0.00 secs] 
2021-01-21T22:12:30.388+0800: 54.700: [GC (Allocation Failure) 2021-01-21T22:12:30.388+0800: 54.700: [ParNew: 157157K->157157K(157248K), 0.0002926 secs]2021-01-21T22:12:30.388+0800: 54.701: [CMS: 348276K->349489K(349568K), 0.0632949 secs] 505433K->379136K(506816K), [Metaspace: 2816K->2816K(1056768K)], 0.0646483 secs] [Times: user=0.06 sys=0.00, real=0.07 secs] 
2021-01-21T22:12:30.453+0800: 54.765: [GC (CMS Initial Mark) [1 CMS-initial-mark: 349489K(349568K)] 381776K(506816K), 0.0008211 secs] [Times: user=0.00 sys=0.00, real=0.00 secs] 
2021-01-21T22:12:30.454+0800: 54.766: [CMS-concurrent-mark-start]
2021-01-21T22:12:30.456+0800: 54.768: [CMS-concurrent-mark: 0.002/0.002 secs] [Times: user=0.01 sys=0.00, real=0.00 secs] 
2021-01-21T22:12:30.456+0800: 54.768: [CMS-concurrent-preclean-start]
2021-01-21T22:12:30.457+0800: 54.769: [CMS-concurrent-preclean: 0.001/0.001 secs] [Times: user=0.00 sys=0.00, real=0.00 secs] 
2021-01-21T22:12:30.458+0800: 54.770: [CMS-concurrent-abortable-preclean-start]
2021-01-21T22:12:30.458+0800: 54.770: [CMS-concurrent-abortable-preclean: 0.000/0.000 secs] [Times: user=0.00 sys=0.00, real=0.00 secs] 
2021-01-21T22:12:30.458+0800: 54.770: [GC (CMS Final Remark) [YG occupancy: 62269 K (157248 K)]2021-01-21T22:12:30.458+0800: 54.770: [Rescan (parallel) , 0.0026079 secs]2021-01-21T22:12:30.461+0800: 54.773: [weak refs processing, 0.0001904 secs]2021-01-21T22:12:30.462+0800: 54.774: [class unloading, 0.0004385 secs]2021-01-21T22:12:30.462+0800: 54.774: [scrub symbol table, 0.0005721 secs]2021-01-21T22:12:30.463+0800: 54.775: [scrub string table, 0.0003775 secs][1 CMS-remark: 349489K(349568K)] 411759K(506816K), 0.0057923 secs] [Times: user=0.02 sys=0.00, real=0.01 secs] 
2021-01-21T22:12:30.464+0800: 54.776: [CMS-concurrent-sweep-start]
2021-01-21T22:12:30.465+0800: 54.777: [CMS-concurrent-sweep: 0.000/0.000 secs] [Times: user=0.00 sys=0.00, real=0.00 secs] 
2021-01-21T22:12:30.465+0800: 54.777: [CMS-concurrent-reset-start]
2021-01-21T22:12:30.465+0800: 54.777: [CMS-concurrent-reset: 0.000/0.000 secs] [Times: user=0.00 sys=0.00, real=0.00 secs] 
2021-01-21T22:12:30.475+0800: 54.787: [GC (Allocation Failure) 2021-01-21T22:12:30.475+0800: 54.787: [ParNew: 156794K->156794K(157248K), 0.0003154 secs]2021-01-21T22:12:30.476+0800: 54.788: [CMS: 348136K->349535K(349568K), 0.0565990 secs] 504931K->380334K(506816K), [Metaspace: 2816K->2816K(1056768K)], 0.0578541 secs] [Times: user=0.05 sys=0.00, real=0.06 secs] 
2021-01-21T22:12:30.534+0800: 54.846: [GC (CMS Initial Mark) [1 CMS-initial-mark: 349535K(349568K)] 383760K(506816K), 0.0009617 secs] [Times: user=0.01 sys=0.00, real=0.00 secs] 
2021-01-21T22:12:30.535+0800: 54.847: [CMS-concurrent-mark-start]
2021-01-21T22:12:30.537+0800: 54.849: [CMS-concurrent-mark: 0.002/0.002 secs] [Times: user=0.00 sys=0.00, real=0.00 secs] 
2021-01-21T22:12:30.537+0800: 54.849: [CMS-concurrent-preclean-start]
2021-01-21T22:12:30.538+0800: 54.850: [CMS-concurrent-preclean: 0.001/0.001 secs] [Times: user=0.00 sys=0.00, real=0.01 secs] 
2021-01-21T22:12:30.539+0800: 54.851: [CMS-concurrent-abortable-preclean-start]
2021-01-21T22:12:30.539+0800: 54.851: [CMS-concurrent-abortable-preclean: 0.000/0.000 secs] [Times: user=0.00 sys=0.00, real=0.00 secs] 
2021-01-21T22:12:30.540+0800: 54.852: [GC (CMS Final Remark) [YG occupancy: 59599 K (157248 K)]2021-01-21T22:12:30.540+0800: 54.852: [Rescan (parallel) , 0.0069815 secs]2021-01-21T22:12:30.547+0800: 54.859: [weak refs processing, 0.0002397 secs]2021-01-21T22:12:30.548+0800: 54.860: [class unloading, 0.0004054 secs]2021-01-21T22:12:30.548+0800: 54.860: [scrub symbol table, 0.0005977 secs]2021-01-21T22:12:30.549+0800: 54.861: [scrub string table, 0.0004418 secs][1 CMS-remark: 349535K(349568K)] 409134K(506816K), 0.0102117 secs] [Times: user=0.04 sys=0.00, real=0.01 secs] 
2021-01-21T22:12:30.551+0800: 54.863: [CMS-concurrent-sweep-start]
2021-01-21T22:12:30.551+0800: 54.863: [CMS-concurrent-sweep: 0.000/0.000 secs] [Times: user=0.00 sys=0.00, real=0.00 secs] 
2021-01-21T22:12:30.551+0800: 54.863: [CMS-concurrent-reset-start]
2021-01-21T22:12:30.552+0800: 54.864: [CMS-concurrent-reset: 0.000/0.000 secs] [Times: user=0.00 sys=0.00, real=0.00 secs] 
2021-01-21T22:12:30.568+0800: 54.880: [GC (Allocation Failure) 2021-01-21T22:12:30.568+0800: 54.880: [ParNew: 156674K->156674K(157248K), 0.0002020 secs]2021-01-21T22:12:30.569+0800: 54.881: [CMS: 349395K->349472K(349568K), 0.0557502 secs] 506069K->380626K(506816K), [Metaspace: 2816K->2816K(1056768K)], 0.0568014 secs] [Times: user=0.06 sys=0.00, real=0.06 secs] 
2021-01-21T22:12:30.625+0800: 54.937: [GC (CMS Initial Mark) [1 CMS-initial-mark: 349472K(349568K)] 384187K(506816K), 0.0007823 secs] [Times: user=0.00 sys=0.00, real=0.00 secs] 
2021-01-21T22:12:30.626+0800: 54.938: [CMS-concurrent-mark-start]
2021-01-21T22:12:30.628+0800: 54.940: [CMS-concurrent-mark: 0.002/0.002 secs] [Times: user=0.00 sys=0.00, real=0.01 secs] 
2021-01-21T22:12:30.629+0800: 54.941: [CMS-concurrent-preclean-start]
2021-01-21T22:12:30.630+0800: 54.942: [CMS-concurrent-preclean: 0.001/0.001 secs] [Times: user=0.00 sys=0.00, real=0.00 secs] 
2021-01-21T22:12:30.630+0800: 54.942: [CMS-concurrent-abortable-preclean-start]
2021-01-21T22:12:30.630+0800: 54.942: [CMS-concurrent-abortable-preclean: 0.000/0.000 secs] [Times: user=0.00 sys=0.00, real=0.00 secs] 
2021-01-21T22:12:30.631+0800: 54.943: [GC (CMS Final Remark) [YG occupancy: 56089 K (157248 K)]2021-01-21T22:12:30.631+0800: 54.943: [Rescan (parallel) , 0.0055200 secs]2021-01-21T22:12:30.637+0800: 54.949: [weak refs processing, 0.0002041 secs]2021-01-21T22:12:30.637+0800: 54.949: [class unloading, 0.0003135 secs]2021-01-21T22:12:30.638+0800: 54.950: [scrub symbol table, 0.0004548 secs]2021-01-21T22:12:30.638+0800: 54.950: [scrub string table, 0.0003518 secs][1 CMS-remark: 349472K(349568K)] 405562K(506816K), 0.0080054 secs] [Times: user=0.04 sys=0.00, real=0.01 secs] 
2021-01-21T22:12:30.639+0800: 54.951: [CMS-concurrent-sweep-start]
2021-01-21T22:12:30.639+0800: 54.952: [CMS-concurrent-sweep: 0.000/0.000 secs] [Times: user=0.00 sys=0.00, real=0.00 secs] 
2021-01-21T22:12:30.640+0800: 54.952: [CMS-concurrent-reset-start]
2021-01-21T22:12:30.640+0800: 54.952: [CMS-concurrent-reset: 0.000/0.000 secs] [Times: user=0.00 sys=0.00, real=0.00 secs] 
2021-01-21T22:12:30.656+0800: 54.968: [GC (Allocation Failure) 2021-01-21T22:12:30.656+0800: 54.968: [ParNew: 157200K->157200K(157248K), 0.0001931 secs]2021-01-21T22:12:30.656+0800: 54.968: [CMS: 348779K->348904K(349568K), 0.0537298 secs] 505979K->380971K(506816K), [Metaspace: 2816K->2816K(1056768K)], 0.0549012 secs] [Times: user=0.06 sys=0.00, real=0.06 secs] 
2021-01-21T22:12:30.712+0800: 55.024: [GC (CMS Initial Mark) [1 CMS-initial-mark: 348904K(349568K)] 383715K(506816K), 0.0012527 secs] [Times: user=0.00 sys=0.00, real=0.00 secs] 
2021-01-21T22:12:30.713+0800: 55.025: [CMS-concurrent-mark-start]
2021-01-21T22:12:30.715+0800: 55.027: [CMS-concurrent-mark: 0.001/0.001 secs] [Times: user=0.00 sys=0.00, real=0.00 secs] 
2021-01-21T22:12:30.715+0800: 55.027: [CMS-concurrent-preclean-start]
2021-01-21T22:12:30.716+0800: 55.028: [CMS-concurrent-preclean: 0.001/0.001 secs] [Times: user=0.00 sys=0.00, real=0.00 secs] 
2021-01-21T22:12:30.717+0800: 55.029: [CMS-concurrent-abortable-preclean-start]
2021-01-21T22:12:30.717+0800: 55.029: [CMS-concurrent-abortable-preclean: 0.000/0.000 secs] [Times: user=0.00 sys=0.00, real=0.00 secs] 
2021-01-21T22:12:30.717+0800: 55.029: [GC (CMS Final Remark) [YG occupancy: 70208 K (157248 K)]2021-01-21T22:12:30.718+0800: 55.030: [Rescan (parallel) , 0.0040487 secs]2021-01-21T22:12:30.722+0800: 55.034: [weak refs processing, 0.0002326 secs]2021-01-21T22:12:30.722+0800: 55.035: [class unloading, 0.0004577 secs]2021-01-21T22:12:30.723+0800: 55.035: [scrub symbol table, 0.0005524 secs]2021-01-21T22:12:30.724+0800: 55.036: [scrub string table, 0.0004289 secs][1 CMS-remark: 348904K(349568K)] 419113K(506816K), 0.0074852 secs] [Times: user=0.02 sys=0.01, real=0.01 secs] 
2021-01-21T22:12:30.726+0800: 55.038: [CMS-concurrent-sweep-start]
2021-01-21T22:12:30.726+0800: 55.038: [CMS-concurrent-sweep: 0.000/0.000 secs] [Times: user=0.00 sys=0.00, real=0.00 secs] 
2021-01-21T22:12:30.726+0800: 55.038: [CMS-concurrent-reset-start]
2021-01-21T22:12:30.727+0800: 55.039: [CMS-concurrent-reset: 0.000/0.000 secs] [Times: user=0.00 sys=0.00, real=0.00 secs] 
2021-01-21T22:12:30.737+0800: 55.049: [GC (Allocation Failure) 2021-01-21T22:12:30.737+0800: 55.049: [ParNew: 157097K->157097K(157248K), 0.0003413 secs]2021-01-21T22:12:30.738+0800: 55.050: [CMS: 347103K->349513K(349568K), 0.0541765 secs] 504201K->381551K(506816K), [Metaspace: 2816K->2816K(1056768K)], 0.0556358 secs] [Times: user=0.05 sys=0.00, real=0.06 secs] 
2021-01-21T22:12:30.793+0800: 55.105: [GC (CMS Initial Mark) [1 CMS-initial-mark: 349513K(349568K)] 384342K(506816K), 0.0010459 secs] [Times: user=0.00 sys=0.00, real=0.00 secs] 
2021-01-21T22:12:30.795+0800: 55.107: [CMS-concurrent-mark-start]
2021-01-21T22:12:30.796+0800: 55.108: [CMS-concurrent-mark: 0.002/0.002 secs] [Times: user=0.01 sys=0.00, real=0.00 secs] 
2021-01-21T22:12:30.797+0800: 55.109: [CMS-concurrent-preclean-start]
2021-01-21T22:12:30.798+0800: 55.110: [CMS-concurrent-preclean: 0.001/0.001 secs] [Times: user=0.00 sys=0.00, real=0.00 secs] 
2021-01-21T22:12:30.798+0800: 55.110: [CMS-concurrent-abortable-preclean-start]
2021-01-21T22:12:30.798+0800: 55.110: [CMS-concurrent-abortable-preclean: 0.000/0.000 secs] [Times: user=0.00 sys=0.00, real=0.00 secs] 
2021-01-21T22:12:30.799+0800: 55.111: [GC (CMS Final Remark) [YG occupancy: 60416 K (157248 K)]2021-01-21T22:12:30.799+0800: 55.111: [Rescan (parallel) , 0.0045667 secs]2021-01-21T22:12:30.804+0800: 55.116: [weak refs processing, 0.0003007 secs]2021-01-21T22:12:30.804+0800: 55.116: [class unloading, 0.0004915 secs]2021-01-21T22:12:30.805+0800: 55.117: [scrub symbol table, 0.0006994 secs]2021-01-21T22:12:30.806+0800: 55.118: [scrub string table, 0.0004121 secs][1 CMS-remark: 349513K(349568K)] 409929K(506816K), 0.0079999 secs] [Times: user=0.04 sys=0.00, real=0.00 secs] 
2021-01-21T22:12:30.808+0800: 55.120: [CMS-concurrent-sweep-start]
2021-01-21T22:12:30.808+0800: 55.120: [CMS-concurrent-sweep: 0.000/0.000 secs] [Times: user=0.00 sys=0.00, real=0.00 secs] 
2021-01-21T22:12:30.808+0800: 55.120: [CMS-concurrent-reset-start]
2021-01-21T22:12:30.809+0800: 55.121: [CMS-concurrent-reset: 0.001/0.001 secs] [Times: user=0.00 sys=0.00, real=0.00 secs] 
2021-01-21T22:12:30.822+0800: 55.134: [GC (Allocation Failure) 2021-01-21T22:12:30.822+0800: 55.134: [ParNew: 157200K->157200K(157248K), 0.0002501 secs]2021-01-21T22:12:30.823+0800: 55.135: [CMS: 348964K->349458K(349568K), 0.0621684 secs] 506164K->389025K(506816K), [Metaspace: 2816K->2816K(1056768K)], 0.0634334 secs] [Times: user=0.07 sys=0.00, real=0.06 secs] 
2021-01-21T22:12:30.887+0800: 55.199: [GC (CMS Initial Mark) [1 CMS-initial-mark: 349458K(349568K)] 391780K(506816K), 0.0009668 secs] [Times: user=0.00 sys=0.00, real=0.00 secs] 
2021-01-21T22:12:30.888+0800: 55.200: [CMS-concurrent-mark-start]
2021-01-21T22:12:30.891+0800: 55.203: [CMS-concurrent-mark: 0.002/0.002 secs] [Times: user=0.00 sys=0.00, real=0.00 secs] 
2021-01-21T22:12:30.891+0800: 55.203: [CMS-concurrent-preclean-start]
2021-01-21T22:12:30.892+0800: 55.204: [CMS-concurrent-preclean: 0.001/0.001 secs] [Times: user=0.01 sys=0.00, real=0.00 secs] 
2021-01-21T22:12:30.893+0800: 55.205: [CMS-concurrent-abortable-preclean-start]
2021-01-21T22:12:30.893+0800: 55.205: [CMS-concurrent-abortable-preclean: 0.000/0.000 secs] [Times: user=0.00 sys=0.00, real=0.00 secs] 
2021-01-21T22:12:30.893+0800: 55.205: [GC (CMS Final Remark) [YG occupancy: 73117 K (157248 K)]2021-01-21T22:12:30.893+0800: 55.206: [Rescan (parallel) , 0.0070092 secs]2021-01-21T22:12:30.901+0800: 55.213: [weak refs processing, 0.0002493 secs]2021-01-21T22:12:30.901+0800: 55.213: [class unloading, 0.0004071 secs]2021-01-21T22:12:30.902+0800: 55.214: [scrub symbol table, 0.0004833 secs]2021-01-21T22:12:30.903+0800: 55.215: [scrub string table, 0.0003103 secs][1 CMS-remark: 349458K(349568K)] 422576K(506816K), 0.0098405 secs] [Times: user=0.04 sys=0.00, real=0.01 secs] 
2021-01-21T22:12:30.903+0800: 55.215: [CMS-concurrent-sweep-start]
2021-01-21T22:12:30.904+0800: 55.216: [CMS-concurrent-sweep: 0.000/0.000 secs] [Times: user=0.00 sys=0.00, real=0.00 secs] 
2021-01-21T22:12:30.904+0800: 55.216: [CMS-concurrent-reset-start]
2021-01-21T22:12:30.904+0800: 55.216: [CMS-concurrent-reset: 0.000/0.000 secs] [Times: user=0.00 sys=0.00, real=0.00 secs] 
2021-01-21T22:12:30.917+0800: 55.229: [GC (Allocation Failure) 2021-01-21T22:12:30.917+0800: 55.229: [ParNew: 156947K->156947K(157248K), 0.0003125 secs]2021-01-21T22:12:30.918+0800: 55.230: [CMS: 348580K->348940K(349568K), 0.0609006 secs] 505527K->388593K(506816K), [Metaspace: 2816K->2816K(1056768K)], 0.0623959 secs] [Times: user=0.06 sys=0.00, real=0.07 secs] 
2021-01-21T22:12:30.980+0800: 55.292: [GC (CMS Initial Mark) [1 CMS-initial-mark: 348940K(349568K)] 391772K(506816K), 0.0007592 secs] [Times: user=0.00 sys=0.00, real=0.00 secs] 
2021-01-21T22:12:30.981+0800: 55.293: [CMS-concurrent-mark-start]
2021-01-21T22:12:30.983+0800: 55.295: [CMS-concurrent-mark: 0.002/0.002 secs] [Times: user=0.00 sys=0.00, real=0.00 secs] 
2021-01-21T22:12:30.984+0800: 55.296: [CMS-concurrent-preclean-start]
2021-01-21T22:12:30.985+0800: 55.297: [CMS-concurrent-preclean: 0.001/0.001 secs] [Times: user=0.00 sys=0.00, real=0.00 secs] 
2021-01-21T22:12:30.985+0800: 55.297: [CMS-concurrent-abortable-preclean-start]
2021-01-21T22:12:30.985+0800: 55.297: [CMS-concurrent-abortable-preclean: 0.000/0.000 secs] [Times: user=0.00 sys=0.00, real=0.00 secs] 
2021-01-21T22:12:30.986+0800: 55.298: [GC (CMS Final Remark) [YG occupancy: 66622 K (157248 K)]2021-01-21T22:12:30.986+0800: 55.298: [Rescan (parallel) , 0.0010109 secs]2021-01-21T22:12:30.987+0800: 55.300: [weak refs processing, 0.0002491 secs]2021-01-21T22:12:30.988+0800: 55.300: [class unloading, 0.0004894 secs]2021-01-21T22:12:30.989+0800: 55.301: [scrub symbol table, 0.0008293 secs]2021-01-21T22:12:30.990+0800: 55.302: [scrub string table, 0.0004061 secs][1 CMS-remark: 348940K(349568K)] 415562K(506816K), 0.0045583 secs] [Times: user=0.00 sys=0.00, real=0.01 secs] 
2021-01-21T22:12:30.991+0800: 55.303: [CMS-concurrent-sweep-start]
2021-01-21T22:12:30.992+0800: 55.304: [CMS-concurrent-sweep: 0.000/0.000 secs] [Times: user=0.00 sys=0.00, real=0.00 secs] 
2021-01-21T22:12:30.992+0800: 55.304: [CMS-concurrent-reset-start]
2021-01-21T22:12:30.993+0800: 55.305: [CMS-concurrent-reset: 0.000/0.000 secs] [Times: user=0.00 sys=0.00, real=0.00 secs] 
2021-01-21T22:12:31.009+0800: 55.321: [GC (Allocation Failure) 2021-01-21T22:12:31.011+0800: 55.323: [ParNew: 157201K->157201K(157248K), 0.0003410 secs]2021-01-21T22:12:31.012+0800: 55.324: [CMS: 347315K->349283K(349568K), 0.0581694 secs] 504516K->389610K(506816K), [Metaspace: 2816K->2816K(1056768K)], 0.0616299 secs] [Times: user=0.06 sys=0.00, real=0.06 secs] 
2021-01-21T22:12:31.074+0800: 55.386: [GC (CMS Initial Mark) [1 CMS-initial-mark: 349283K(349568K)] 392089K(506816K), 0.0007044 secs] [Times: user=0.00 sys=0.00, real=0.00 secs] 
2021-01-21T22:12:31.075+0800: 55.387: [CMS-concurrent-mark-start]
2021-01-21T22:12:31.076+0800: 55.388: [CMS-concurrent-mark: 0.002/0.002 secs] [Times: user=0.01 sys=0.00, real=0.00 secs] 
2021-01-21T22:12:31.077+0800: 55.389: [CMS-concurrent-preclean-start]
2021-01-21T22:12:31.078+0800: 55.390: [CMS-concurrent-preclean: 0.001/0.001 secs] [Times: user=0.00 sys=0.00, real=0.00 secs] 
2021-01-21T22:12:31.078+0800: 55.390: [CMS-concurrent-abortable-preclean-start]
2021-01-21T22:12:31.078+0800: 55.390: [CMS-concurrent-abortable-preclean: 0.000/0.000 secs] [Times: user=0.00 sys=0.00, real=0.00 secs] 
2021-01-21T22:12:31.079+0800: 55.391: [GC (CMS Final Remark) [YG occupancy: 66513 K (157248 K)]2021-01-21T22:12:31.079+0800: 55.391: [Rescan (parallel) , 0.0025840 secs]2021-01-21T22:12:31.082+0800: 55.394: [weak refs processing, 0.0001547 secs]2021-01-21T22:12:31.082+0800: 55.394: [class unloading, 0.0003089 secs]2021-01-21T22:12:31.083+0800: 55.395: [scrub symbol table, 0.0004248 secs]2021-01-21T22:12:31.083+0800: 55.395: [scrub string table, 0.0003014 secs][1 CMS-remark: 349283K(349568K)] 415797K(506816K), 0.0047537 secs] [Times: user=0.01 sys=0.00, real=0.00 secs] 
2021-01-21T22:12:31.084+0800: 55.396: [CMS-concurrent-sweep-start]
2021-01-21T22:12:31.084+0800: 55.396: [CMS-concurrent-sweep: 0.000/0.000 secs] [Times: user=0.00 sys=0.00, real=0.00 secs] 
2021-01-21T22:12:31.085+0800: 55.397: [CMS-concurrent-reset-start]
2021-01-21T22:12:31.085+0800: 55.397: [CMS-concurrent-reset: 0.000/0.000 secs] [Times: user=0.00 sys=0.00, real=0.00 secs] 
2021-01-21T22:12:31.095+0800: 55.407: [GC (Allocation Failure) 2021-01-21T22:12:31.095+0800: 55.407: [ParNew: 157196K->157196K(157248K), 0.0001814 secs]2021-01-21T22:12:31.095+0800: 55.407: [CMS: 348564K->349435K(349568K), 0.0532472 secs] 505760K->389561K(506816K), [Metaspace: 2816K->2816K(1056768K)], 0.0542131 secs] [Times: user=0.06 sys=0.00, real=0.06 secs] 
2021-01-21T22:12:31.150+0800: 55.462: [GC (CMS Initial Mark) [1 CMS-initial-mark: 349435K(349568K)] 392432K(506816K), 0.0007804 secs] [Times: user=0.00 sys=0.00, real=0.00 secs] 
2021-01-21T22:12:31.151+0800: 55.463: [CMS-concurrent-mark-start]
2021-01-21T22:12:31.153+0800: 55.465: [CMS-concurrent-mark: 0.002/0.002 secs] [Times: user=0.00 sys=0.00, real=0.00 secs] 
2021-01-21T22:12:31.153+0800: 55.465: [CMS-concurrent-preclean-start]
2021-01-21T22:12:31.154+0800: 55.466: [CMS-concurrent-preclean: 0.001/0.001 secs] [Times: user=0.00 sys=0.00, real=0.00 secs] 
2021-01-21T22:12:31.154+0800: 55.466: [CMS-concurrent-abortable-preclean-start]
2021-01-21T22:12:31.154+0800: 55.466: [CMS-concurrent-abortable-preclean: 0.000/0.000 secs] [Times: user=0.00 sys=0.00, real=0.00 secs] 
2021-01-21T22:12:31.155+0800: 55.467: [GC (CMS Final Remark) [YG occupancy: 66268 K (157248 K)]2021-01-21T22:12:31.155+0800: 55.467: [Rescan (parallel) , 0.0061362 secs]2021-01-21T22:12:31.161+0800: 55.473: [weak refs processing, 0.0002184 secs]2021-01-21T22:12:31.162+0800: 55.474: [class unloading, 0.0003297 secs]2021-01-21T22:12:31.162+0800: 55.474: [scrub symbol table, 0.0005355 secs]2021-01-21T22:12:31.163+0800: 55.475: [scrub string table, 0.0002996 secs][1 CMS-remark: 349435K(349568K)] 415703K(506816K), 0.0087349 secs] [Times: user=0.04 sys=0.00, real=0.01 secs] 
2021-01-21T22:12:31.164+0800: 55.476: [CMS-concurrent-sweep-start]
2021-01-21T22:12:31.164+0800: 55.476: [CMS-concurrent-sweep: 0.000/0.000 secs] [Times: user=0.00 sys=0.00, real=0.00 secs] 
2021-01-21T22:12:31.164+0800: 55.476: [CMS-concurrent-reset-start]
2021-01-21T22:12:31.165+0800: 55.477: [CMS-concurrent-reset: 0.000/0.000 secs] [Times: user=0.00 sys=0.00, real=0.00 secs] 
2021-01-21T22:12:31.175+0800: 55.487: [GC (Allocation Failure) 2021-01-21T22:12:31.176+0800: 55.488: [ParNew: 157231K->157231K(157248K), 0.0002863 secs]2021-01-21T22:12:31.176+0800: 55.488: [CMS: 348528K->349436K(349568K), 0.0506692 secs] 505759K->391903K(506816K), [Metaspace: 2816K->2816K(1056768K)], 0.0519812 secs] [Times: user=0.05 sys=0.00, real=0.05 secs] 
2021-01-21T22:12:31.228+0800: 55.540: [GC (CMS Initial Mark) [1 CMS-initial-mark: 349436K(349568K)] 394554K(506816K), 0.0012431 secs] [Times: user=0.00 sys=0.00, real=0.01 secs] 
2021-01-21T22:12:31.230+0800: 55.542: [CMS-concurrent-mark-start]
2021-01-21T22:12:31.231+0800: 55.543: [CMS-concurrent-mark: 0.001/0.001 secs] [Times: user=0.01 sys=0.00, real=0.00 secs] 
2021-01-21T22:12:31.232+0800: 55.544: [CMS-concurrent-preclean-start]
2021-01-21T22:12:31.233+0800: 55.545: [CMS-concurrent-preclean: 0.001/0.001 secs] [Times: user=0.00 sys=0.00, real=0.00 secs] 
2021-01-21T22:12:31.233+0800: 55.545: [CMS-concurrent-abortable-preclean-start]
2021-01-21T22:12:31.233+0800: 55.545: [CMS-concurrent-abortable-preclean: 0.000/0.000 secs] [Times: user=0.00 sys=0.00, real=0.00 secs] 
2021-01-21T22:12:31.234+0800: 55.546: [GC (CMS Final Remark) [YG occupancy: 76502 K (157248 K)]2021-01-21T22:12:31.234+0800: 55.546: [Rescan (parallel) , 0.0009031 secs]2021-01-21T22:12:31.235+0800: 55.547: [weak refs processing, 0.0002649 secs]2021-01-21T22:12:31.236+0800: 55.548: [class unloading, 0.0003123 secs]2021-01-21T22:12:31.236+0800: 55.548: [scrub symbol table, 0.0004127 secs]2021-01-21T22:12:31.237+0800: 55.549: [scrub string table, 0.0003378 secs][1 CMS-remark: 349436K(349568K)] 425938K(506816K), 0.0036447 secs] [Times: user=0.00 sys=0.00, real=0.00 secs] 
2021-01-21T22:12:31.238+0800: 55.550: [CMS-concurrent-sweep-start]
2021-01-21T22:12:31.238+0800: 55.550: [CMS-concurrent-sweep: 0.000/0.000 secs] [Times: user=0.00 sys=0.00, real=0.01 secs] 
2021-01-21T22:12:31.238+0800: 55.550: [CMS-concurrent-reset-start]
2021-01-21T22:12:31.239+0800: 55.551: [CMS-concurrent-reset: 0.000/0.000 secs] [Times: user=0.00 sys=0.00, real=0.00 secs] 
2021-01-21T22:12:31.249+0800: 55.561: [GC (Allocation Failure) 2021-01-21T22:12:31.250+0800: 55.562: [ParNew: 157182K->157182K(157248K), 0.0003391 secs]2021-01-21T22:12:31.250+0800: 55.562: [CMS: 348792K->349225K(349568K), 0.0480110 secs] 505974K->387102K(506816K), [Metaspace: 2816K->2816K(1056768K)], 0.0494822 secs] [Times: user=0.04 sys=0.00, real=0.05 secs] 
2021-01-21T22:12:31.300+0800: 55.612: [GC (CMS Initial Mark) [1 CMS-initial-mark: 349225K(349568K)] 389819K(506816K), 0.0011945 secs] [Times: user=0.00 sys=0.00, real=0.00 secs] 
2021-01-21T22:12:31.302+0800: 55.614: [CMS-concurrent-mark-start]
2021-01-21T22:12:31.303+0800: 55.615: [CMS-concurrent-mark: 0.001/0.001 secs] [Times: user=0.00 sys=0.00, real=0.00 secs] 
2021-01-21T22:12:31.303+0800: 55.615: [CMS-concurrent-preclean-start]
2021-01-21T22:12:31.304+0800: 55.616: [CMS-concurrent-preclean: 0.001/0.001 secs] [Times: user=0.00 sys=0.00, real=0.00 secs] 
2021-01-21T22:12:31.305+0800: 55.617: [CMS-concurrent-abortable-preclean-start]
2021-01-21T22:12:31.305+0800: 55.617: [CMS-concurrent-abortable-preclean: 0.000/0.000 secs] [Times: user=0.00 sys=0.00, real=0.00 secs] 
2021-01-21T22:12:31.305+0800: 55.617: [GC (CMS Final Remark) [YG occupancy: 69081 K (157248 K)]2021-01-21T22:12:31.306+0800: 55.618: [Rescan (parallel) , 0.0006646 secs]2021-01-21T22:12:31.307+0800: 55.619: [weak refs processing, 0.0002153 secs]2021-01-21T22:12:31.307+0800: 55.619: [class unloading, 0.0004806 secs]2021-01-21T22:12:31.308+0800: 55.620: [scrub symbol table, 0.0005637 secs]2021-01-21T22:12:31.309+0800: 55.621: [scrub string table, 0.0003831 secs][1 CMS-remark: 349225K(349568K)] 418307K(506816K), 0.0040519 secs] [Times: user=0.01 sys=0.00, real=0.01 secs] 
2021-01-21T22:12:31.310+0800: 55.622: [CMS-concurrent-sweep-start]
2021-01-21T22:12:31.310+0800: 55.622: [CMS-concurrent-sweep: 0.000/0.000 secs] [Times: user=0.00 sys=0.00, real=0.00 secs] 
2021-01-21T22:12:31.311+0800: 55.623: [CMS-concurrent-reset-start]
2021-01-21T22:12:31.311+0800: 55.623: [CMS-concurrent-reset: 0.000/0.000 secs] [Times: user=0.00 sys=0.00, real=0.00 secs] 
2021-01-21T22:12:31.320+0800: 55.632: [GC (Allocation Failure) 2021-01-21T22:12:31.321+0800: 55.633: [ParNew: 156985K->156985K(157248K), 0.0003480 secs]2021-01-21T22:12:31.321+0800: 55.633: [CMS: 348507K->349071K(349568K), 0.0498523 secs] 505493K->382394K(506816K), [Metaspace: 2816K->2816K(1056768K)], 0.0513893 secs] [Times: user=0.05 sys=0.00, real=0.05 secs] 
2021-01-21T22:12:31.373+0800: 55.685: [GC (CMS Initial Mark) [1 CMS-initial-mark: 349071K(349568K)] 385374K(506816K), 0.0014709 secs] [Times: user=0.00 sys=0.00, real=0.00 secs] 
2021-01-21T22:12:31.375+0800: 55.687: [CMS-concurrent-mark-start]
2021-01-21T22:12:31.376+0800: 55.688: [CMS-concurrent-mark: 0.002/0.002 secs] [Times: user=0.01 sys=0.00, real=0.00 secs] 
2021-01-21T22:12:31.377+0800: 55.689: [CMS-concurrent-preclean-start]
2021-01-21T22:12:31.378+0800: 55.690: [CMS-concurrent-preclean: 0.001/0.001 secs] [Times: user=0.00 sys=0.00, real=0.00 secs] 
2021-01-21T22:12:31.378+0800: 55.690: [CMS-concurrent-abortable-preclean-start]
2021-01-21T22:12:31.378+0800: 55.690: [CMS-concurrent-abortable-preclean: 0.000/0.000 secs] [Times: user=0.00 sys=0.00, real=0.00 secs] 
2021-01-21T22:12:31.379+0800: 55.691: [GC (CMS Final Remark) [YG occupancy: 54227 K (157248 K)]2021-01-21T22:12:31.379+0800: 55.691: [Rescan (parallel) , 0.0012847 secs]2021-01-21T22:12:31.381+0800: 55.693: [weak refs processing, 0.0003616 secs]2021-01-21T22:12:31.381+0800: 55.694: [class unloading, 0.0004118 secs]2021-01-21T22:12:31.382+0800: 55.694: [scrub symbol table, 0.0006431 secs]2021-01-21T22:12:31.385+0800: 55.697: [scrub string table, 0.0009023 secs][1 CMS-remark: 349071K(349568K)] 403299K(506816K), 0.0074948 secs] [Times: user=0.01 sys=0.00, real=0.00 secs] 
2021-01-21T22:12:31.388+0800: 55.700: [CMS-concurrent-sweep-start]
2021-01-21T22:12:31.388+0800: 55.700: [CMS-concurrent-sweep: 0.000/0.000 secs] [Times: user=0.00 sys=0.00, real=0.00 secs] 
2021-01-21T22:12:31.390+0800: 55.702: [CMS-concurrent-reset-start]
2021-01-21T22:12:31.390+0800: 55.702: [CMS-concurrent-reset: 0.000/0.000 secs] [Times: user=0.00 sys=0.00, real=0.00 secs] 
2021-01-21T22:12:31.407+0800: 55.719: [GC (Allocation Failure) 2021-01-21T22:12:31.407+0800: 55.719: [ParNew: 157239K->157239K(157248K), 0.0003203 secs]2021-01-21T22:12:31.408+0800: 55.720: [CMS: 349022K->349085K(349568K), 0.0600395 secs] 506262K->375505K(506816K), [Metaspace: 2816K->2816K(1056768K)], 0.0614732 secs] [Times: user=0.06 sys=0.00, real=0.07 secs] 
2021-01-21T22:12:31.469+0800: 55.781: [GC (CMS Initial Mark) [1 CMS-initial-mark: 349085K(349568K)] 378581K(506816K), 0.0011793 secs] [Times: user=0.00 sys=0.00, real=0.00 secs] 
2021-01-21T22:12:31.471+0800: 55.783: [CMS-concurrent-mark-start]
2021-01-21T22:12:31.473+0800: 55.785: [CMS-concurrent-mark: 0.001/0.001 secs] [Times: user=0.00 sys=0.00, real=0.00 secs] 
2021-01-21T22:12:31.473+0800: 55.785: [CMS-concurrent-preclean-start]
2021-01-21T22:12:31.474+0800: 55.786: [CMS-concurrent-preclean: 0.001/0.001 secs] [Times: user=0.00 sys=0.00, real=0.00 secs] 
2021-01-21T22:12:31.474+0800: 55.786: [CMS-concurrent-abortable-preclean-start]
2021-01-21T22:12:31.474+0800: 55.786: [CMS-concurrent-abortable-preclean: 0.000/0.000 secs] [Times: user=0.00 sys=0.00, real=0.00 secs] 
2021-01-21T22:12:31.475+0800: 55.787: [GC (CMS Final Remark) [YG occupancy: 51654 K (157248 K)]2021-01-21T22:12:31.475+0800: 55.787: [Rescan (parallel) , 0.0033124 secs]2021-01-21T22:12:31.479+0800: 55.791: [weak refs processing, 0.0003385 secs]2021-01-21T22:12:31.480+0800: 55.792: [class unloading, 0.0008134 secs]2021-01-21T22:12:31.481+0800: 55.793: [scrub symbol table, 0.0007059 secs]2021-01-21T22:12:31.482+0800: 55.794: [scrub string table, 0.0004864 secs][1 CMS-remark: 349085K(349568K)] 400739K(506816K), 0.0078167 secs] [Times: user=0.02 sys=0.00, real=0.01 secs] 
2021-01-21T22:12:31.484+0800: 55.796: [CMS-concurrent-sweep-start]
2021-01-21T22:12:31.484+0800: 55.796: [CMS-concurrent-sweep: 0.000/0.000 secs] [Times: user=0.00 sys=0.00, real=0.00 secs] 
2021-01-21T22:12:31.498+0800: 55.810: [CMS-concurrent-reset-start]
2021-01-21T22:12:31.498+0800: 55.811: [CMS-concurrent-reset: 0.000/0.000 secs] [Times: user=0.00 sys=0.00, real=0.00 secs] 
2021-01-21T22:12:31.500+0800: 55.812: [GC (Allocation Failure) 2021-01-21T22:12:31.500+0800: 55.812: [ParNew: 157163K->157163K(157248K), 0.0003823 secs]2021-01-21T22:12:31.501+0800: 55.813: [CMS: 348852K->349330K(349568K), 0.0564128 secs] 506016K->376780K(506816K), [Metaspace: 2816K->2816K(1056768K)], 0.0581114 secs] [Times: user=0.06 sys=0.00, real=0.05 secs] 
2021-01-21T22:12:31.559+0800: 55.871: [GC (CMS Initial Mark) [1 CMS-initial-mark: 349330K(349568K)] 379533K(506816K), 0.0018732 secs] [Times: user=0.00 sys=0.00, real=0.00 secs] 
2021-01-21T22:12:31.561+0800: 55.873: [CMS-concurrent-mark-start]
2021-01-21T22:12:31.563+0800: 55.875: [CMS-concurrent-mark: 0.002/0.002 secs] [Times: user=0.01 sys=0.00, real=0.00 secs] 
2021-01-21T22:12:31.564+0800: 55.876: [CMS-concurrent-preclean-start]
2021-01-21T22:12:31.565+0800: 55.877: [CMS-concurrent-preclean: 0.001/0.001 secs] [Times: user=0.00 sys=0.00, real=0.00 secs] 
2021-01-21T22:12:31.565+0800: 55.878: [CMS-concurrent-abortable-preclean-start]
2021-01-21T22:12:31.565+0800: 55.878: [CMS-concurrent-abortable-preclean: 0.000/0.000 secs] [Times: user=0.00 sys=0.00, real=0.00 secs] 
2021-01-21T22:12:31.566+0800: 55.878: [GC (CMS Final Remark) [YG occupancy: 58229 K (157248 K)]2021-01-21T22:12:31.567+0800: 55.879: [Rescan (parallel) , 0.0014714 secs]2021-01-21T22:12:31.568+0800: 55.880: [weak refs processing, 0.0004125 secs]2021-01-21T22:12:31.569+0800: 55.881: [class unloading, 0.0005258 secs]2021-01-21T22:12:31.570+0800: 55.882: [scrub symbol table, 0.0006788 secs]2021-01-21T22:12:31.571+0800: 55.883: [scrub string table, 0.0004368 secs][1 CMS-remark: 349330K(349568K)] 407559K(506816K), 0.0054974 secs] [Times: user=0.00 sys=0.01, real=0.01 secs] 
2021-01-21T22:12:31.572+0800: 55.885: [CMS-concurrent-sweep-start]
2021-01-21T22:12:31.573+0800: 55.885: [CMS-concurrent-sweep: 0.000/0.000 secs] [Times: user=0.00 sys=0.00, real=0.00 secs] 
2021-01-21T22:12:31.573+0800: 55.885: [CMS-concurrent-reset-start]
2021-01-21T22:12:31.573+0800: 55.885: [CMS-concurrent-reset: 0.000/0.000 secs] [Times: user=0.00 sys=0.00, real=0.00 secs] 
2021-01-21T22:12:31.588+0800: 55.900: [GC (Allocation Failure) 2021-01-21T22:12:31.588+0800: 55.900: [ParNew: 157121K->157121K(157248K), 0.0004690 secs]2021-01-21T22:12:31.589+0800: 55.901: [CMS: 349310K->349559K(349568K), 0.0595259 secs] 506431K->382814K(506816K), [Metaspace: 2816K->2816K(1056768K)], 0.0614044 secs] [Times: user=0.06 sys=0.00, real=0.07 secs] 
2021-01-21T22:12:31.650+0800: 55.962: [GC (CMS Initial Mark) [1 CMS-initial-mark: 349559K(349568K)] 385866K(506816K), 0.0014160 secs] [Times: user=0.00 sys=0.00, real=0.00 secs] 
2021-01-21T22:12:31.652+0800: 55.964: [CMS-concurrent-mark-start]
2021-01-21T22:12:31.654+0800: 55.966: [CMS-concurrent-mark: 0.001/0.001 secs] [Times: user=0.00 sys=0.00, real=0.00 secs] 
2021-01-21T22:12:31.654+0800: 55.966: [CMS-concurrent-preclean-start]
2021-01-21T22:12:31.655+0800: 55.967: [CMS-concurrent-preclean: 0.001/0.001 secs] [Times: user=0.00 sys=0.00, real=0.00 secs] 
2021-01-21T22:12:31.656+0800: 55.968: [CMS-concurrent-abortable-preclean-start]
2021-01-21T22:12:31.656+0800: 55.968: [CMS-concurrent-abortable-preclean: 0.000/0.000 secs] [Times: user=0.00 sys=0.00, real=0.00 secs] 
2021-01-21T22:12:31.656+0800: 55.968: [GC (CMS Final Remark) [YG occupancy: 63875 K (157248 K)]2021-01-21T22:12:31.656+0800: 55.968: [Rescan (parallel) , 0.0013465 secs]2021-01-21T22:12:31.658+0800: 55.970: [weak refs processing, 0.0002910 secs]2021-01-21T22:12:31.659+0800: 55.971: [class unloading, 0.0009380 secs]2021-01-21T22:12:31.660+0800: 55.972: [scrub symbol table, 0.0009104 secs]2021-01-21T22:12:31.661+0800: 55.973: [scrub string table, 0.0004912 secs][1 CMS-remark: 349559K(349568K)] 413435K(506816K), 0.0060987 secs] [Times: user=0.00 sys=0.00, real=0.01 secs] 
2021-01-21T22:12:31.663+0800: 55.975: [CMS-concurrent-sweep-start]
2021-01-21T22:12:31.664+0800: 55.976: [CMS-concurrent-sweep: 0.001/0.001 secs] [Times: user=0.00 sys=0.00, real=0.00 secs] 
2021-01-21T22:12:31.664+0800: 55.976: [CMS-concurrent-reset-start]
2021-01-21T22:12:31.664+0800: 55.976: [CMS-concurrent-reset: 0.000/0.000 secs] [Times: user=0.00 sys=0.00, real=0.00 secs] 
2021-01-21T22:12:31.676+0800: 55.988: [GC (Allocation Failure) 2021-01-21T22:12:31.677+0800: 55.989: [ParNew: 157238K->157238K(157248K), 0.0004138 secs]2021-01-21T22:12:31.678+0800: 55.990: [CMS: 348470K->349346K(349568K), 0.0575868 secs] 505709K->382025K(506816K), [Metaspace: 2816K->2816K(1056768K)], 0.0599541 secs] [Times: user=0.05 sys=0.00, real=0.06 secs] 
2021-01-21T22:12:31.737+0800: 56.049: [GC (CMS Initial Mark) [1 CMS-initial-mark: 349346K(349568K)] 384572K(506816K), 0.0014624 secs] [Times: user=0.00 sys=0.00, real=0.01 secs] 
2021-01-21T22:12:31.739+0800: 56.051: [CMS-concurrent-mark-start]
2021-01-21T22:12:31.742+0800: 56.054: [CMS-concurrent-mark: 0.003/0.003 secs] [Times: user=0.00 sys=0.01, real=0.00 secs] 
2021-01-21T22:12:31.742+0800: 56.054: [CMS-concurrent-preclean-start]
2021-01-21T22:12:31.744+0800: 56.056: [CMS-concurrent-preclean: 0.002/0.002 secs] [Times: user=0.01 sys=0.00, real=0.00 secs] 
2021-01-21T22:12:31.745+0800: 56.057: [CMS-concurrent-abortable-preclean-start]
2021-01-21T22:12:31.745+0800: 56.057: [CMS-concurrent-abortable-preclean: 0.000/0.000 secs] [Times: user=0.00 sys=0.00, real=0.00 secs] 
2021-01-21T22:12:31.746+0800: 56.058: [GC (CMS Final Remark) [YG occupancy: 61823 K (157248 K)]2021-01-21T22:12:31.746+0800: 56.058: [Rescan (parallel) , 0.0009239 secs]2021-01-21T22:12:31.747+0800: 56.059: [weak refs processing, 0.0003043 secs]2021-01-21T22:12:31.748+0800: 56.060: [class unloading, 0.0004696 secs]2021-01-21T22:12:31.749+0800: 56.061: [scrub symbol table, 0.0005573 secs]2021-01-21T22:12:31.750+0800: 56.062: [scrub string table, 0.0004256 secs][1 CMS-remark: 349346K(349568K)] 411170K(506816K), 0.0048722 secs] [Times: user=0.00 sys=0.00, real=0.01 secs] 
2021-01-21T22:12:31.751+0800: 56.063: [CMS-concurrent-sweep-start]
2021-01-21T22:12:31.752+0800: 56.064: [CMS-concurrent-sweep: 0.000/0.000 secs] [Times: user=0.00 sys=0.00, real=0.00 secs] 
2021-01-21T22:12:31.752+0800: 56.064: [CMS-concurrent-reset-start]
2021-01-21T22:12:31.752+0800: 56.064: [CMS-concurrent-reset: 0.000/0.000 secs] [Times: user=0.00 sys=0.00, real=0.00 secs] 
2021-01-21T22:12:31.766+0800: 56.078: [GC (Allocation Failure) 2021-01-21T22:12:31.767+0800: 56.079: [ParNew: 157078K->157078K(157248K), 0.0003749 secs]2021-01-21T22:12:31.767+0800: 56.079: [CMS: 348718K->349457K(349568K), 0.0607710 secs] 505796K->380942K(506816K), [Metaspace: 2816K->2816K(1056768K)], 0.0625220 secs] [Times: user=0.06 sys=0.00, real=0.07 secs] 
2021-01-21T22:12:31.830+0800: 56.142: [GC (CMS Initial Mark) [1 CMS-initial-mark: 349457K(349568K)] 383992K(506816K), 0.0016240 secs] [Times: user=0.00 sys=0.00, real=0.00 secs] 
2021-01-21T22:12:31.832+0800: 56.144: [CMS-concurrent-mark-start]
2021-01-21T22:12:31.833+0800: 56.145: [CMS-concurrent-mark: 0.001/0.001 secs] [Times: user=0.01 sys=0.00, real=0.00 secs] 
2021-01-21T22:12:31.834+0800: 56.146: [CMS-concurrent-preclean-start]
2021-01-21T22:12:31.835+0800: 56.147: [CMS-concurrent-preclean: 0.001/0.001 secs] [Times: user=0.00 sys=0.00, real=0.00 secs] 
2021-01-21T22:12:31.835+0800: 56.147: [CMS-concurrent-abortable-preclean-start]
2021-01-21T22:12:31.835+0800: 56.147: [CMS-concurrent-abortable-preclean: 0.000/0.000 secs] [Times: user=0.00 sys=0.00, real=0.00 secs] 
2021-01-21T22:12:31.836+0800: 56.148: [GC (CMS Final Remark) [YG occupancy: 59262 K (157248 K)]2021-01-21T22:12:31.836+0800: 56.148: [Rescan (parallel) , 0.0007802 secs]2021-01-21T22:12:31.837+0800: 56.149: [weak refs processing, 0.0003237 secs]2021-01-21T22:12:31.838+0800: 56.150: [class unloading, 0.0004857 secs]2021-01-21T22:12:31.839+0800: 56.151: [scrub symbol table, 0.0005678 secs]2021-01-21T22:12:31.840+0800: 56.152: [scrub string table, 0.0004640 secs][1 CMS-remark: 349457K(349568K)] 408720K(506816K), 0.0045375 secs] [Times: user=0.00 sys=0.00, real=0.01 secs] 
2021-01-21T22:12:31.841+0800: 56.153: [CMS-concurrent-sweep-start]
2021-01-21T22:12:31.841+0800: 56.153: [CMS-concurrent-sweep: 0.000/0.000 secs] [Times: user=0.00 sys=0.00, real=0.00 secs] 
2021-01-21T22:12:31.842+0800: 56.154: [CMS-concurrent-reset-start]
2021-01-21T22:12:31.842+0800: 56.154: [CMS-concurrent-reset: 0.000/0.000 secs] [Times: user=0.01 sys=0.00, real=0.00 secs] 
2021-01-21T22:12:31.855+0800: 56.167: [GC (Allocation Failure) 2021-01-21T22:12:31.855+0800: 56.167: [ParNew: 157108K->157108K(157248K), 0.0004180 secs]2021-01-21T22:12:31.856+0800: 56.168: [CMS: 347349K->349506K(349568K), 0.0586702 secs] 504458K->383432K(506816K), [Metaspace: 2816K->2816K(1056768K)], 0.0604229 secs] [Times: user=0.06 sys=0.00, real=0.06 secs] 
2021-01-21T22:12:31.916+0800: 56.228: [GC (CMS Initial Mark) [1 CMS-initial-mark: 349506K(349568K)] 386115K(506816K), 0.0013855 secs] [Times: user=0.00 sys=0.00, real=0.00 secs] 
2021-01-21T22:12:31.918+0800: 56.230: [CMS-concurrent-mark-start]
2021-01-21T22:12:31.920+0800: 56.232: [CMS-concurrent-mark: 0.001/0.001 secs] [Times: user=0.00 sys=0.00, real=0.00 secs] 
2021-01-21T22:12:31.920+0800: 56.232: [CMS-concurrent-preclean-start]
2021-01-21T22:12:31.921+0800: 56.233: [CMS-concurrent-preclean: 0.001/0.001 secs] [Times: user=0.00 sys=0.00, real=0.00 secs] 
2021-01-21T22:12:31.921+0800: 56.233: [CMS-concurrent-abortable-preclean-start]
2021-01-21T22:12:31.921+0800: 56.233: [CMS-concurrent-abortable-preclean: 0.000/0.000 secs] [Times: user=0.00 sys=0.00, real=0.00 secs] 
2021-01-21T22:12:31.922+0800: 56.234: [GC (CMS Final Remark) [YG occupancy: 65714 K (157248 K)]2021-01-21T22:12:31.922+0800: 56.234: [Rescan (parallel) , 0.0009885 secs]2021-01-21T22:12:31.924+0800: 56.236: [weak refs processing, 0.0002816 secs]2021-01-21T22:12:31.924+0800: 56.236: [class unloading, 0.0004880 secs]2021-01-21T22:12:31.925+0800: 56.237: [scrub symbol table, 0.0013820 secs]2021-01-21T22:12:31.927+0800: 56.239: [scrub string table, 0.0005321 secs][1 CMS-remark: 349506K(349568K)] 415220K(506816K), 0.0058473 secs] [Times: user=0.00 sys=0.00, real=0.00 secs] 
2021-01-21T22:12:31.929+0800: 56.241: [CMS-concurrent-sweep-start]
2021-01-21T22:12:31.929+0800: 56.241: [CMS-concurrent-sweep: 0.001/0.001 secs] [Times: user=0.00 sys=0.00, real=0.00 secs] 
2021-01-21T22:12:31.930+0800: 56.242: [CMS-concurrent-reset-start]
2021-01-21T22:12:31.930+0800: 56.242: [CMS-concurrent-reset: 0.000/0.000 secs] [Times: user=0.00 sys=0.00, real=0.00 secs] 
2021-01-21T22:12:31.940+0800: 56.252: [GC (Allocation Failure) 2021-01-21T22:12:31.940+0800: 56.252: [ParNew: 157117K->157117K(157248K), 0.0003728 secs]2021-01-21T22:12:31.941+0800: 56.253: [CMS: 348750K->349561K(349568K), 0.0607895 secs] 505867K->381992K(506816K), [Metaspace: 2816K->2816K(1056768K)], 0.0624565 secs] [Times: user=0.07 sys=0.00, real=0.06 secs] 
2021-01-21T22:12:32.003+0800: 56.315: [GC (CMS Initial Mark) [1 CMS-initial-mark: 349561K(349568K)] 382136K(506816K), 0.0012515 secs] [Times: user=0.00 sys=0.00, real=0.00 secs] 
2021-01-21T22:12:32.005+0800: 56.317: [CMS-concurrent-mark-start]
2021-01-21T22:12:32.006+0800: 56.319: [CMS-concurrent-mark: 0.001/0.001 secs] [Times: user=0.00 sys=0.00, real=0.00 secs] 
2021-01-21T22:12:32.007+0800: 56.319: [CMS-concurrent-preclean-start]
2021-01-21T22:12:32.008+0800: 56.320: [CMS-concurrent-preclean: 0.001/0.001 secs] [Times: user=0.00 sys=0.00, real=0.00 secs] 
2021-01-21T22:12:32.009+0800: 56.321: [CMS-concurrent-abortable-preclean-start]
2021-01-21T22:12:32.009+0800: 56.321: [CMS-concurrent-abortable-preclean: 0.000/0.000 secs] [Times: user=0.00 sys=0.00, real=0.00 secs] 
2021-01-21T22:12:32.010+0800: 56.322: [GC (CMS Final Remark) [YG occupancy: 59891 K (157248 K)]2021-01-21T22:12:32.011+0800: 56.323: [Rescan (parallel) , 0.0013762 secs]2021-01-21T22:12:32.013+0800: 56.325: [weak refs processing, 0.0004391 secs]2021-01-21T22:12:32.013+0800: 56.325: [class unloading, 0.0006172 secs]2021-01-21T22:12:32.014+0800: 56.326: [scrub symbol table, 0.0006231 secs]2021-01-21T22:12:32.015+0800: 56.327: [scrub string table, 0.0004762 secs][1 CMS-remark: 349561K(349568K)] 409453K(506816K), 0.0058234 secs] [Times: user=0.00 sys=0.00, real=0.00 secs] 
2021-01-21T22:12:32.017+0800: 56.329: [CMS-concurrent-sweep-start]
2021-01-21T22:12:32.017+0800: 56.329: [CMS-concurrent-sweep: 0.000/0.000 secs] [Times: user=0.00 sys=0.00, real=0.00 secs] 
2021-01-21T22:12:32.017+0800: 56.329: [CMS-concurrent-reset-start]
2021-01-21T22:12:32.018+0800: 56.330: [CMS-concurrent-reset: 0.000/0.000 secs] [Times: user=0.00 sys=0.00, real=0.00 secs] 
2021-01-21T22:12:32.030+0800: 56.342: [GC (Allocation Failure) 2021-01-21T22:12:32.030+0800: 56.342: [ParNew: 156874K->156874K(157248K), 0.0004246 secs]2021-01-21T22:12:32.031+0800: 56.343: [CMS: 349426K->349486K(349568K), 0.0563533 secs] 506300K->381823K(506816K), [Metaspace: 2816K->2816K(1056768K)], 0.0582574 secs] [Times: user=0.05 sys=0.00, real=0.06 secs] 
2021-01-21T22:12:32.089+0800: 56.401: [GC (CMS Initial Mark) [1 CMS-initial-mark: 349486K(349568K)] 385231K(506816K), 0.0013922 secs] [Times: user=0.01 sys=0.00, real=0.00 secs] 
2021-01-21T22:12:32.091+0800: 56.403: [CMS-concurrent-mark-start]
2021-01-21T22:12:32.094+0800: 56.406: [CMS-concurrent-mark: 0.002/0.002 secs] [Times: user=0.00 sys=0.00, real=0.00 secs] 
2021-01-21T22:12:32.094+0800: 56.406: [CMS-concurrent-preclean-start]
2021-01-21T22:12:32.095+0800: 56.407: [CMS-concurrent-preclean: 0.001/0.001 secs] [Times: user=0.00 sys=0.00, real=0.00 secs] 
2021-01-21T22:12:32.096+0800: 56.408: [CMS-concurrent-abortable-preclean-start]
2021-01-21T22:12:32.096+0800: 56.408: [CMS-concurrent-abortable-preclean: 0.000/0.000 secs] [Times: user=0.00 sys=0.00, real=0.00 secs] 
2021-01-21T22:12:32.097+0800: 56.409: [GC (CMS Final Remark) [YG occupancy: 57828 K (157248 K)]2021-01-21T22:12:32.097+0800: 56.409: [Rescan (parallel) , 0.0018090 secs]2021-01-21T22:12:32.099+0800: 56.411: [weak refs processing, 0.0004453 secs]2021-01-21T22:12:32.100+0800: 56.412: [class unloading, 0.0005169 secs]2021-01-21T22:12:32.101+0800: 56.413: [scrub symbol table, 0.0006922 secs]2021-01-21T22:12:32.102+0800: 56.414: [scrub string table, 0.0006376 secs][1 CMS-remark: 349486K(349568K)] 407314K(506816K), 0.0063422 secs] [Times: user=0.01 sys=0.00, real=0.01 secs] 
2021-01-21T22:12:32.104+0800: 56.416: [CMS-concurrent-sweep-start]
2021-01-21T22:12:32.104+0800: 56.416: [CMS-concurrent-sweep: 0.000/0.000 secs] [Times: user=0.00 sys=0.00, real=0.00 secs] 
2021-01-21T22:12:32.105+0800: 56.417: [CMS-concurrent-reset-start]
2021-01-21T22:12:32.105+0800: 56.417: [CMS-concurrent-reset: 0.000/0.000 secs] [Times: user=0.00 sys=0.00, real=0.00 secs] 
2021-01-21T22:12:32.118+0800: 56.430: [GC (Allocation Failure) 2021-01-21T22:12:32.119+0800: 56.431: [ParNew: 157052K->157052K(157248K), 0.0003531 secs]2021-01-21T22:12:32.119+0800: 56.431: [CMS: 348915K->349398K(349568K), 0.0633505 secs] 505967K->379329K(506816K), [Metaspace: 2816K->2816K(1056768K)], 0.0647447 secs] [Times: user=0.07 sys=0.00, real=0.07 secs] 
2021-01-21T22:12:32.183+0800: 56.496: [GC (CMS Initial Mark) [1 CMS-initial-mark: 349398K(349568K)] 382909K(506816K), 0.0008583 secs] [Times: user=0.00 sys=0.00, real=0.00 secs] 
2021-01-21T22:12:32.185+0800: 56.497: [CMS-concurrent-mark-start]
2021-01-21T22:12:32.186+0800: 56.498: [CMS-concurrent-mark: 0.001/0.001 secs] [Times: user=0.00 sys=0.00, real=0.00 secs] 
2021-01-21T22:12:32.187+0800: 56.499: [CMS-concurrent-preclean-start]
2021-01-21T22:12:32.187+0800: 56.500: [CMS-concurrent-preclean: 0.001/0.001 secs] [Times: user=0.00 sys=0.00, real=0.00 secs] 
2021-01-21T22:12:32.188+0800: 56.500: [CMS-concurrent-abortable-preclean-start]
2021-01-21T22:12:32.188+0800: 56.500: [CMS-concurrent-abortable-preclean: 0.000/0.000 secs] [Times: user=0.00 sys=0.00, real=0.00 secs] 
2021-01-21T22:12:32.188+0800: 56.500: [GC (CMS Final Remark) [YG occupancy: 58806 K (157248 K)]2021-01-21T22:12:32.188+0800: 56.501: [Rescan (parallel) , 0.0020210 secs]2021-01-21T22:12:32.191+0800: 56.503: [weak refs processing, 0.0002426 secs]2021-01-21T22:12:32.191+0800: 56.503: [class unloading, 0.0005406 secs]2021-01-21T22:12:32.192+0800: 56.504: [scrub symbol table, 0.0012404 secs]2021-01-21T22:12:32.194+0800: 56.506: [scrub string table, 0.0004415 secs][1 CMS-remark: 349398K(349568K)] 408205K(506816K), 0.0065031 secs] [Times: user=0.01 sys=0.00, real=0.00 secs] 
2021-01-21T22:12:32.196+0800: 56.508: [CMS-concurrent-sweep-start]
2021-01-21T22:12:32.196+0800: 56.508: [CMS-concurrent-sweep: 0.000/0.000 secs] [Times: user=0.00 sys=0.00, real=0.00 secs] 
2021-01-21T22:12:32.196+0800: 56.508: [CMS-concurrent-reset-start]
2021-01-21T22:12:32.196+0800: 56.508: [CMS-concurrent-reset: 0.000/0.000 secs] [Times: user=0.00 sys=0.00, real=0.00 secs] 
2021-01-21T22:12:32.212+0800: 56.524: [GC (Allocation Failure) 2021-01-21T22:12:32.212+0800: 56.524: [ParNew: 157233K->157233K(157248K), 0.0004210 secs]2021-01-21T22:12:32.213+0800: 56.525: [CMS: 347641K->349058K(349568K), 0.0565931 secs] 504874K->376658K(506816K), [Metaspace: 2816K->2816K(1056768K)], 0.0581563 secs] [Times: user=0.05 sys=0.00, real=0.06 secs] 
2021-01-21T22:12:32.271+0800: 56.583: [GC (CMS Initial Mark) [1 CMS-initial-mark: 349058K(349568K)] 379477K(506816K), 0.0012716 secs] [Times: user=0.00 sys=0.00, real=0.00 secs] 
2021-01-21T22:12:32.273+0800: 56.585: [CMS-concurrent-mark-start]
2021-01-21T22:12:32.275+0800: 56.587: [CMS-concurrent-mark: 0.002/0.002 secs] [Times: user=0.00 sys=0.00, real=0.00 secs] 
2021-01-21T22:12:32.275+0800: 56.587: [CMS-concurrent-preclean-start]
2021-01-21T22:12:32.278+0800: 56.590: [CMS-concurrent-preclean: 0.002/0.002 secs] [Times: user=0.00 sys=0.00, real=0.00 secs] 
2021-01-21T22:12:32.279+0800: 56.591: [CMS-concurrent-abortable-preclean-start]
2021-01-21T22:12:32.279+0800: 56.591: [CMS-concurrent-abortable-preclean: 0.000/0.000 secs] [Times: user=0.00 sys=0.00, real=0.00 secs] 
2021-01-21T22:12:32.280+0800: 56.592: [GC (CMS Final Remark) [YG occupancy: 58524 K (157248 K)]2021-01-21T22:12:32.280+0800: 56.592: [Rescan (parallel) , 0.0012996 secs]2021-01-21T22:12:32.282+0800: 56.594: [weak refs processing, 0.0003067 secs]2021-01-21T22:12:32.282+0800: 56.594: [class unloading, 0.0004479 secs]2021-01-21T22:12:32.283+0800: 56.595: [scrub symbol table, 0.0005588 secs]2021-01-21T22:12:32.284+0800: 56.596: [scrub string table, 0.0003561 secs][1 CMS-remark: 349058K(349568K)] 407582K(506816K), 0.0045907 secs] [Times: user=0.00 sys=0.00, real=0.00 secs] 
2021-01-21T22:12:32.285+0800: 56.597: [CMS-concurrent-sweep-start]
2021-01-21T22:12:32.285+0800: 56.597: [CMS-concurrent-sweep: 0.000/0.000 secs] [Times: user=0.00 sys=0.00, real=0.00 secs] 
2021-01-21T22:12:32.285+0800: 56.597: [CMS-concurrent-reset-start]
2021-01-21T22:12:32.285+0800: 56.598: [CMS-concurrent-reset: 0.000/0.000 secs] [Times: user=0.00 sys=0.00, real=0.00 secs] 
2021-01-21T22:12:32.299+0800: 56.612: [GC (Allocation Failure) 2021-01-21T22:12:32.300+0800: 56.612: [ParNew: 157126K->157126K(157248K), 0.0003946 secs]2021-01-21T22:12:32.301+0800: 56.613: [CMS: 348861K->349420K(349568K), 0.0553145 secs] 505987K->378229K(506816K), [Metaspace: 2816K->2816K(1056768K)], 0.0570970 secs] [Times: user=0.05 sys=0.00, real=0.05 secs] 
2021-01-21T22:12:32.358+0800: 56.670: [GC (CMS Initial Mark) [1 CMS-initial-mark: 349420K(349568K)] 381241K(506816K), 0.0011989 secs] [Times: user=0.00 sys=0.01, real=0.01 secs] 
2021-01-21T22:12:32.360+0800: 56.672: [CMS-concurrent-mark-start]
2021-01-21T22:12:32.363+0800: 56.675: [CMS-concurrent-mark: 0.003/0.003 secs] [Times: user=0.00 sys=0.00, real=0.00 secs] 
2021-01-21T22:12:32.364+0800: 56.676: [CMS-concurrent-preclean-start]
2021-01-21T22:12:32.365+0800: 56.677: [CMS-concurrent-preclean: 0.001/0.001 secs] [Times: user=0.00 sys=0.00, real=0.00 secs] 
2021-01-21T22:12:32.365+0800: 56.677: [CMS-concurrent-abortable-preclean-start]
2021-01-21T22:12:32.365+0800: 56.677: [CMS-concurrent-abortable-preclean: 0.000/0.000 secs] [Times: user=0.00 sys=0.00, real=0.00 secs] 
2021-01-21T22:12:32.366+0800: 56.678: [GC (CMS Final Remark) [YG occupancy: 63572 K (157248 K)]2021-01-21T22:12:32.366+0800: 56.678: [Rescan (parallel) , 0.0014441 secs]2021-01-21T22:12:32.368+0800: 56.680: [weak refs processing, 0.0002704 secs]2021-01-21T22:12:32.368+0800: 56.680: [class unloading, 0.0004716 secs]2021-01-21T22:12:32.369+0800: 56.681: [scrub symbol table, 0.0005445 secs]2021-01-21T22:12:32.370+0800: 56.682: [scrub string table, 0.0003944 secs][1 CMS-remark: 349420K(349568K)] 412993K(506816K), 0.0050492 secs] [Times: user=0.00 sys=0.00, real=0.01 secs] 
2021-01-21T22:12:32.371+0800: 56.683: [CMS-concurrent-sweep-start]
2021-01-21T22:12:32.372+0800: 56.684: [CMS-concurrent-sweep: 0.000/0.000 secs] [Times: user=0.00 sys=0.00, real=0.00 secs] 
2021-01-21T22:12:32.372+0800: 56.684: [CMS-concurrent-reset-start]
2021-01-21T22:12:32.372+0800: 56.684: [CMS-concurrent-reset: 0.000/0.000 secs] [Times: user=0.01 sys=0.00, real=0.00 secs] 
2021-01-21T22:12:32.385+0800: 56.697: [GC (Allocation Failure) 2021-01-21T22:12:32.385+0800: 56.697: [ParNew: 157191K->157191K(157248K), 0.0003880 secs]2021-01-21T22:12:32.386+0800: 56.698: [CMS: 349420K->349536K(349568K), 0.0607509 secs] 506612K->383633K(506816K), [Metaspace: 2816K->2816K(1056768K)], 0.0624608 secs] [Times: user=0.06 sys=0.00, real=0.06 secs] 
2021-01-21T22:12:32.448+0800: 56.760: [GC (CMS Initial Mark) [1 CMS-initial-mark: 349536K(349568K)] 387300K(506816K), 0.0012162 secs] [Times: user=0.00 sys=0.01, real=0.00 secs] 
2021-01-21T22:12:32.450+0800: 56.762: [CMS-concurrent-mark-start]
2021-01-21T22:12:32.452+0800: 56.764: [CMS-concurrent-mark: 0.001/0.001 secs] [Times: user=0.00 sys=0.00, real=0.00 secs] 
2021-01-21T22:12:32.452+0800: 56.764: [CMS-concurrent-preclean-start]
2021-01-21T22:12:32.453+0800: 56.765: [CMS-concurrent-preclean: 0.001/0.001 secs] [Times: user=0.00 sys=0.00, real=0.00 secs] 
2021-01-21T22:12:32.454+0800: 56.766: [CMS-concurrent-abortable-preclean-start]
2021-01-21T22:12:32.454+0800: 56.766: [CMS-concurrent-abortable-preclean: 0.000/0.000 secs] [Times: user=0.00 sys=0.00, real=0.00 secs] 
2021-01-21T22:12:32.454+0800: 56.767: [GC (CMS Final Remark) [YG occupancy: 69097 K (157248 K)]2021-01-21T22:12:32.455+0800: 56.767: [Rescan (parallel) , 0.0013034 secs]2021-01-21T22:12:32.456+0800: 56.769: [weak refs processing, 0.0003140 secs]2021-01-21T22:12:32.457+0800: 56.769: [class unloading, 0.0005156 secs]2021-01-21T22:12:32.458+0800: 56.770: [scrub symbol table, 0.0011753 secs]2021-01-21T22:12:32.460+0800: 56.772: [scrub string table, 0.0005539 secs][1 CMS-remark: 349536K(349568K)] 418634K(506816K), 0.0064556 secs] [Times: user=0.00 sys=0.00, real=0.01 secs] 
2021-01-21T22:12:32.462+0800: 56.774: [CMS-concurrent-sweep-start]
2021-01-21T22:12:32.463+0800: 56.775: [CMS-concurrent-sweep: 0.001/0.001 secs] [Times: user=0.01 sys=0.00, real=0.00 secs] 
2021-01-21T22:12:32.463+0800: 56.775: [CMS-concurrent-reset-start]
2021-01-21T22:12:32.463+0800: 56.775: [CMS-concurrent-reset: 0.000/0.000 secs] [Times: user=0.00 sys=0.00, real=0.00 secs] 
2021-01-21T22:12:32.474+0800: 56.786: [GC (Allocation Failure) 2021-01-21T22:12:32.474+0800: 56.786: [ParNew: 157180K->157180K(157248K), 0.0004048 secs]2021-01-21T22:12:32.475+0800: 56.787: [CMS: 347454K->349524K(349568K), 0.0610654 secs] 504635K->372710K(506816K), [Metaspace: 2816K->2816K(1056768K)], 0.0629312 secs] [Times: user=0.06 sys=0.00, real=0.06 secs] 
2021-01-21T22:12:32.538+0800: 56.850: [GC (CMS Initial Mark) [1 CMS-initial-mark: 349524K(349568K)] 375432K(506816K), 0.0014123 secs] [Times: user=0.00 sys=0.00, real=0.01 secs] 
2021-01-21T22:12:32.540+0800: 56.852: [CMS-concurrent-mark-start]
2021-01-21T22:12:32.542+0800: 56.854: [CMS-concurrent-mark: 0.002/0.002 secs] [Times: user=0.01 sys=0.00, real=0.00 secs] 
2021-01-21T22:12:32.543+0800: 56.855: [CMS-concurrent-preclean-start]
2021-01-21T22:12:32.545+0800: 56.857: [CMS-concurrent-preclean: 0.002/0.002 secs] [Times: user=0.00 sys=0.00, real=0.00 secs] 
2021-01-21T22:12:32.546+0800: 56.858: [CMS-concurrent-abortable-preclean-start]
2021-01-21T22:12:32.546+0800: 56.858: [CMS-concurrent-abortable-preclean: 0.000/0.000 secs] [Times: user=0.00 sys=0.00, real=0.00 secs] 
2021-01-21T22:12:32.547+0800: 56.859: [GC (CMS Final Remark) [YG occupancy: 60610 K (157248 K)]2021-01-21T22:12:32.547+0800: 56.859: [Rescan (parallel) , 0.0015369 secs]2021-01-21T22:12:32.549+0800: 56.861: [weak refs processing, 0.0002585 secs]2021-01-21T22:12:32.550+0800: 56.862: [class unloading, 0.0004463 secs]2021-01-21T22:12:32.550+0800: 56.862: [scrub symbol table, 0.0006913 secs]2021-01-21T22:12:32.551+0800: 56.863: [scrub string table, 0.0004806 secs][1 CMS-remark: 349524K(349568K)] 410134K(506816K), 0.0053522 secs] [Times: user=0.01 sys=0.00, real=0.01 secs] 
2021-01-21T22:12:32.553+0800: 56.865: [CMS-concurrent-sweep-start]
2021-01-21T22:12:32.553+0800: 56.865: [CMS-concurrent-sweep: 0.000/0.000 secs] [Times: user=0.00 sys=0.00, real=0.00 secs] 
2021-01-21T22:12:32.554+0800: 56.866: [CMS-concurrent-reset-start]
2021-01-21T22:12:32.554+0800: 56.866: [CMS-concurrent-reset: 0.000/0.000 secs] [Times: user=0.00 sys=0.00, real=0.00 secs] 
2021-01-21T22:12:32.567+0800: 56.879: [GC (Allocation Failure) 2021-01-21T22:12:32.567+0800: 56.879: [ParNew: 157243K->157243K(157248K), 0.0003212 secs]2021-01-21T22:12:32.568+0800: 56.880: [CMS: 348859K->349399K(349568K), 0.0552806 secs] 506102K->369292K(506816K), [Metaspace: 2816K->2816K(1056768K)], 0.0569018 secs] [Times: user=0.06 sys=0.00, real=0.06 secs] 
2021-01-21T22:12:32.624+0800: 56.937: [GC (CMS Initial Mark) [1 CMS-initial-mark: 349399K(349568K)] 372647K(506816K), 0.0018451 secs] [Times: user=0.00 sys=0.00, real=0.00 secs] 
2021-01-21T22:12:32.627+0800: 56.939: [CMS-concurrent-mark-start]
2021-01-21T22:12:32.629+0800: 56.941: [CMS-concurrent-mark: 0.002/0.002 secs] [Times: user=0.01 sys=0.00, real=0.01 secs] 
2021-01-21T22:12:32.630+0800: 56.942: [CMS-concurrent-preclean-start]
2021-01-21T22:12:32.631+0800: 56.943: [CMS-concurrent-preclean: 0.001/0.001 secs] [Times: user=0.00 sys=0.00, real=0.00 secs] 
2021-01-21T22:12:32.631+0800: 56.943: [CMS-concurrent-abortable-preclean-start]
2021-01-21T22:12:32.631+0800: 56.943: [CMS-concurrent-abortable-preclean: 0.000/0.000 secs] [Times: user=0.00 sys=0.00, real=0.00 secs] 
2021-01-21T22:12:32.632+0800: 56.944: [GC (CMS Final Remark) [YG occupancy: 55338 K (157248 K)]2021-01-21T22:12:32.632+0800: 56.944: [Rescan (parallel) , 0.0012698 secs]2021-01-21T22:12:32.634+0800: 56.946: [weak refs processing, 0.0003670 secs]2021-01-21T22:12:32.635+0800: 56.947: [class unloading, 0.0004651 secs]2021-01-21T22:12:32.636+0800: 56.948: [scrub symbol table, 0.0005386 secs]2021-01-21T22:12:32.636+0800: 56.948: [scrub string table, 0.0004290 secs][1 CMS-remark: 349399K(349568K)] 404737K(506816K), 0.0049688 secs] [Times: user=0.01 sys=0.00, real=0.00 secs] 
2021-01-21T22:12:32.638+0800: 56.950: [CMS-concurrent-sweep-start]
2021-01-21T22:12:32.638+0800: 56.950: [CMS-concurrent-sweep: 0.000/0.000 secs] [Times: user=0.00 sys=0.00, real=0.00 secs] 
2021-01-21T22:12:32.638+0800: 56.950: [CMS-concurrent-reset-start]
2021-01-21T22:12:32.639+0800: 56.951: [CMS-concurrent-reset: 0.000/0.000 secs] [Times: user=0.00 sys=0.00, real=0.00 secs] 
2021-01-21T22:12:32.653+0800: 56.965: [GC (Allocation Failure) 2021-01-21T22:12:32.653+0800: 56.965: [ParNew: 157081K->157081K(157248K), 0.0003604 secs]2021-01-21T22:12:32.654+0800: 56.966: [CMS: 347667K->349108K(349568K), 0.0580193 secs] 504748K->374330K(506816K), [Metaspace: 2816K->2816K(1056768K)], 0.0596487 secs] [Times: user=0.06 sys=0.00, real=0.06 secs] 
2021-01-21T22:12:32.713+0800: 57.025: [GC (CMS Initial Mark) [1 CMS-initial-mark: 349108K(349568K)] 378144K(506816K), 0.0016627 secs] [Times: user=0.00 sys=0.00, real=0.00 secs] 
2021-01-21T22:12:32.716+0800: 57.028: [CMS-concurrent-mark-start]
2021-01-21T22:12:32.717+0800: 57.029: [CMS-concurrent-mark: 0.002/0.002 secs] [Times: user=0.01 sys=0.00, real=0.00 secs] 
2021-01-21T22:12:32.718+0800: 57.030: [CMS-concurrent-preclean-start]
2021-01-21T22:12:32.719+0800: 57.031: [CMS-concurrent-preclean: 0.001/0.001 secs] [Times: user=0.00 sys=0.00, real=0.01 secs] 
2021-01-21T22:12:32.720+0800: 57.032: [CMS-concurrent-abortable-preclean-start]
2021-01-21T22:12:32.720+0800: 57.032: [CMS-concurrent-abortable-preclean: 0.000/0.000 secs] [Times: user=0.00 sys=0.00, real=0.00 secs] 
2021-01-21T22:12:32.720+0800: 57.032: [GC (CMS Final Remark) [YG occupancy: 66005 K (157248 K)]2021-01-21T22:12:32.721+0800: 57.033: [Rescan (parallel) , 0.0010088 secs]2021-01-21T22:12:32.722+0800: 57.034: [weak refs processing, 0.0003443 secs]2021-01-21T22:12:32.723+0800: 57.035: [class unloading, 0.0006839 secs]2021-01-21T22:12:32.724+0800: 57.036: [scrub symbol table, 0.0005776 secs]2021-01-21T22:12:32.725+0800: 57.037: [scrub string table, 0.0007959 secs][1 CMS-remark: 349108K(349568K)] 415113K(506816K), 0.0054935 secs] [Times: user=0.01 sys=0.00, real=0.00 secs] 
2021-01-21T22:12:32.726+0800: 57.038: [CMS-concurrent-sweep-start]
2021-01-21T22:12:32.727+0800: 57.039: [CMS-concurrent-sweep: 0.000/0.000 secs] [Times: user=0.00 sys=0.00, real=0.00 secs] 
2021-01-21T22:12:32.727+0800: 57.040: [CMS-concurrent-reset-start]
2021-01-21T22:12:32.728+0800: 57.040: [CMS-concurrent-reset: 0.000/0.000 secs] [Times: user=0.00 sys=0.00, real=0.00 secs] 
2021-01-21T22:12:32.739+0800: 57.051: [GC (Allocation Failure) 2021-01-21T22:12:32.739+0800: 57.051: [ParNew: 157160K->157160K(157248K), 0.0004338 secs]2021-01-21T22:12:32.740+0800: 57.052: [CMS: 345572K->349329K(349568K), 0.0584053 secs] 502732K->375863K(506816K), [Metaspace: 2816K->2816K(1056768K)], 0.0602380 secs] [Times: user=0.06 sys=0.00, real=0.06 secs] 
2021-01-21T22:12:32.800+0800: 57.112: [GC (CMS Initial Mark) [1 CMS-initial-mark: 349329K(349568K)] 379537K(506816K), 0.0015219 secs] [Times: user=0.00 sys=0.00, real=0.00 secs] 
2021-01-21T22:12:32.802+0800: 57.114: [CMS-concurrent-mark-start]
2021-01-21T22:12:32.804+0800: 57.116: [CMS-concurrent-mark: 0.001/0.001 secs] [Times: user=0.01 sys=0.00, real=0.00 secs] 
2021-01-21T22:12:32.804+0800: 57.116: [CMS-concurrent-preclean-start]
2021-01-21T22:12:32.805+0800: 57.117: [CMS-concurrent-preclean: 0.001/0.001 secs] [Times: user=0.00 sys=0.00, real=0.00 secs] 
2021-01-21T22:12:32.806+0800: 57.118: [CMS-concurrent-abortable-preclean-start]
2021-01-21T22:12:32.806+0800: 57.118: [CMS-concurrent-abortable-preclean: 0.000/0.000 secs] [Times: user=0.00 sys=0.00, real=0.00 secs] 
2021-01-21T22:12:32.807+0800: 57.119: [GC (CMS Final Remark) [YG occupancy: 65752 K (157248 K)]2021-01-21T22:12:32.807+0800: 57.119: [Rescan (parallel) , 0.0013945 secs]2021-01-21T22:12:32.809+0800: 57.121: [weak refs processing, 0.0004138 secs]2021-01-21T22:12:32.810+0800: 57.122: [class unloading, 0.0008677 secs]2021-01-21T22:12:32.811+0800: 57.123: [scrub symbol table, 0.0007862 secs]2021-01-21T22:12:32.812+0800: 57.124: [scrub string table, 0.0005509 secs][1 CMS-remark: 349329K(349568K)] 415082K(506816K), 0.0064037 secs] [Times: user=0.01 sys=0.00, real=0.01 secs] 
2021-01-21T22:12:32.814+0800: 57.126: [CMS-concurrent-sweep-start]
2021-01-21T22:12:32.814+0800: 57.126: [CMS-concurrent-sweep: 0.000/0.000 secs] [Times: user=0.00 sys=0.00, real=0.00 secs] 
2021-01-21T22:12:32.814+0800: 57.126: [CMS-concurrent-reset-start]
2021-01-21T22:12:32.814+0800: 57.127: [CMS-concurrent-reset: 0.000/0.000 secs] [Times: user=0.00 sys=0.00, real=0.00 secs] 
2021-01-21T22:12:32.824+0800: 57.136: [GC (Allocation Failure) 2021-01-21T22:12:32.825+0800: 57.137: [ParNew: 157241K->157241K(157248K), 0.0005454 secs]2021-01-21T22:12:32.826+0800: 57.138: [CMS: 346683K->349226K(349568K), 0.0556936 secs] 503924K->372786K(506816K), [Metaspace: 2816K->2816K(1056768K)], 0.0579877 secs] [Times: user=0.05 sys=0.00, real=0.06 secs] 
2021-01-21T22:12:32.883+0800: 57.195: [GC (CMS Initial Mark) [1 CMS-initial-mark: 349226K(349568K)] 375511K(506816K), 0.0011971 secs] [Times: user=0.01 sys=0.00, real=0.00 secs] 
2021-01-21T22:12:32.885+0800: 57.197: [CMS-concurrent-mark-start]
2021-01-21T22:12:32.886+0800: 57.198: [CMS-concurrent-mark: 0.001/0.001 secs] [Times: user=0.00 sys=0.00, real=0.00 secs] 
2021-01-21T22:12:32.887+0800: 57.199: [CMS-concurrent-preclean-start]
2021-01-21T22:12:32.888+0800: 57.200: [CMS-concurrent-preclean: 0.001/0.001 secs] [Times: user=0.00 sys=0.00, real=0.00 secs] 
2021-01-21T22:12:32.888+0800: 57.200: [CMS-concurrent-abortable-preclean-start]
2021-01-21T22:12:32.888+0800: 57.200: [CMS-concurrent-abortable-preclean: 0.000/0.000 secs] [Times: user=0.00 sys=0.00, real=0.00 secs] 
2021-01-21T22:12:32.889+0800: 57.201: [GC (CMS Final Remark) [YG occupancy: 53876 K (157248 K)]2021-01-21T22:12:32.889+0800: 57.201: [Rescan (parallel) , 0.0012874 secs]2021-01-21T22:12:32.890+0800: 57.202: [weak refs processing, 0.0002307 secs]2021-01-21T22:12:32.891+0800: 57.203: [class unloading, 0.0009233 secs]2021-01-21T22:12:32.892+0800: 57.204: [scrub symbol table, 0.0006703 secs]2021-01-21T22:12:32.893+0800: 57.205: [scrub string table, 0.0004252 secs][1 CMS-remark: 349226K(349568K)] 403103K(506816K), 0.0054748 secs] [Times: user=0.01 sys=0.00, real=0.00 secs] 
2021-01-21T22:12:32.895+0800: 57.207: [CMS-concurrent-sweep-start]
2021-01-21T22:12:32.895+0800: 57.207: [CMS-concurrent-sweep: 0.000/0.000 secs] [Times: user=0.00 sys=0.00, real=0.00 secs] 
2021-01-21T22:12:32.895+0800: 57.207: [CMS-concurrent-reset-start]
2021-01-21T22:12:32.896+0800: 57.208: [CMS-concurrent-reset: 0.000/0.000 secs] [Times: user=0.00 sys=0.00, real=0.00 secs] 
2021-01-21T22:12:32.910+0800: 57.222: [GC (Allocation Failure) 2021-01-21T22:12:32.910+0800: 57.223: [ParNew: 156746K->156746K(157248K), 0.0004395 secs]2021-01-21T22:12:32.911+0800: 57.223: [CMS: 348753K->349520K(349568K), 0.0553296 secs] 505499K->373270K(506816K), [Metaspace: 2816K->2816K(1056768K)], 0.0572522 secs] [Times: user=0.05 sys=0.00, real=0.05 secs] 
2021-01-21T22:12:32.968+0800: 57.280: [GC (CMS Initial Mark) [1 CMS-initial-mark: 349520K(349568K)] 376999K(506816K), 0.0014886 secs] [Times: user=0.00 sys=0.00, real=0.01 secs] 
2021-01-21T22:12:32.970+0800: 57.282: [CMS-concurrent-mark-start]
2021-01-21T22:12:32.972+0800: 57.284: [CMS-concurrent-mark: 0.001/0.001 secs] [Times: user=0.01 sys=0.00, real=0.00 secs] 
2021-01-21T22:12:32.972+0800: 57.284: [CMS-concurrent-preclean-start]
2021-01-21T22:12:32.973+0800: 57.285: [CMS-concurrent-preclean: 0.001/0.001 secs] [Times: user=0.00 sys=0.00, real=0.00 secs] 
2021-01-21T22:12:32.974+0800: 57.286: [CMS-concurrent-abortable-preclean-start]
2021-01-21T22:12:32.974+0800: 57.286: [CMS-concurrent-abortable-preclean: 0.000/0.000 secs] [Times: user=0.00 sys=0.00, real=0.00 secs] 
2021-01-21T22:12:32.974+0800: 57.286: [GC (CMS Final Remark) [YG occupancy: 54083 K (157248 K)]2021-01-21T22:12:32.975+0800: 57.287: [Rescan (parallel) , 0.0013785 secs]2021-01-21T22:12:32.977+0800: 57.289: [weak refs processing, 0.0004146 secs]2021-01-21T22:12:32.977+0800: 57.289: [class unloading, 0.0006643 secs]2021-01-21T22:12:32.978+0800: 57.290: [scrub symbol table, 0.0005595 secs]2021-01-21T22:12:32.979+0800: 57.291: [scrub string table, 0.0004347 secs][1 CMS-remark: 349520K(349568K)] 403603K(506816K), 0.0056719 secs] [Times: user=0.01 sys=0.00, real=0.01 secs] 
2021-01-21T22:12:32.981+0800: 57.293: [CMS-concurrent-sweep-start]
2021-01-21T22:12:32.981+0800: 57.293: [CMS-concurrent-sweep: 0.000/0.000 secs] [Times: user=0.00 sys=0.00, real=0.00 secs] 
2021-01-21T22:12:32.981+0800: 57.293: [CMS-concurrent-reset-start]
2021-01-21T22:12:32.982+0800: 57.294: [CMS-concurrent-reset: 0.000/0.000 secs] [Times: user=0.00 sys=0.00, real=0.00 secs] 
2021-01-21T22:12:32.995+0800: 57.307: [GC (Allocation Failure) 2021-01-21T22:12:32.996+0800: 57.308: [ParNew: 157209K->157209K(157248K), 0.0004351 secs]2021-01-21T22:12:32.996+0800: 57.308: [CMS: 349246K->349538K(349568K), 0.0489232 secs] 506456K->374214K(506816K), [Metaspace: 2816K->2816K(1056768K)], 0.0506742 secs] [Times: user=0.04 sys=0.00, real=0.05 secs] 
2021-01-21T22:12:33.047+0800: 57.359: [GC (CMS Initial Mark) [1 CMS-initial-mark: 349538K(349568K)] 376998K(506816K), 0.0013447 secs] [Times: user=0.00 sys=0.00, real=0.01 secs] 
2021-01-21T22:12:33.049+0800: 57.361: [CMS-concurrent-mark-start]
2021-01-21T22:12:33.050+0800: 57.362: [CMS-concurrent-mark: 0.001/0.001 secs] [Times: user=0.00 sys=0.00, real=0.00 secs] 
2021-01-21T22:12:33.051+0800: 57.363: [CMS-concurrent-preclean-start]
2021-01-21T22:12:33.052+0800: 57.364: [CMS-concurrent-preclean: 0.001/0.001 secs] [Times: user=0.00 sys=0.00, real=0.00 secs] 
2021-01-21T22:12:33.052+0800: 57.364: [CMS-concurrent-abortable-preclean-start]
2021-01-21T22:12:33.052+0800: 57.364: [CMS-concurrent-abortable-preclean: 0.000/0.000 secs] [Times: user=0.00 sys=0.00, real=0.00 secs] 
2021-01-21T22:12:33.053+0800: 57.365: [GC (CMS Final Remark) [YG occupancy: 65302 K (157248 K)]2021-01-21T22:12:33.053+0800: 57.365: [Rescan (parallel) , 0.0007483 secs]2021-01-21T22:12:33.054+0800: 57.366: [weak refs processing, 0.0002854 secs]2021-01-21T22:12:33.055+0800: 57.367: [class unloading, 0.0004235 secs]2021-01-21T22:12:33.055+0800: 57.367: [scrub symbol table, 0.0005429 secs]2021-01-21T22:12:33.056+0800: 57.368: [scrub string table, 0.0004184 secs][1 CMS-remark: 349538K(349568K)] 414841K(506816K), 0.0041300 secs] [Times: user=0.00 sys=0.00, real=0.00 secs] 
2021-01-21T22:12:33.058+0800: 57.370: [CMS-concurrent-sweep-start]
2021-01-21T22:12:33.058+0800: 57.370: [CMS-concurrent-sweep: 0.000/0.000 secs] [Times: user=0.00 sys=0.00, real=0.01 secs] 
2021-01-21T22:12:33.059+0800: 57.371: [CMS-concurrent-reset-start]
2021-01-21T22:12:33.059+0800: 57.371: [CMS-concurrent-reset: 0.000/0.000 secs] [Times: user=0.00 sys=0.00, real=0.00 secs] 
2021-01-21T22:12:33.070+0800: 57.382: [GC (Allocation Failure) 2021-01-21T22:12:33.070+0800: 57.382: [ParNew: 157241K->157241K(157248K), 0.0003854 secs]2021-01-21T22:12:33.071+0800: 57.383: [CMS: 348548K->349227K(349568K), 0.0602533 secs] 505790K->373803K(506816K), [Metaspace: 2816K->2816K(1056768K)], 0.0620251 secs] [Times: user=0.06 sys=0.00, real=0.06 secs] 
2021-01-21T22:12:33.133+0800: 57.445: [GC (CMS Initial Mark) [1 CMS-initial-mark: 349227K(349568K)] 376899K(506816K), 0.0015559 secs] [Times: user=0.01 sys=0.00, real=0.00 secs] 
2021-01-21T22:12:33.135+0800: 57.447: [CMS-concurrent-mark-start]
2021-01-21T22:12:33.137+0800: 57.449: [CMS-concurrent-mark: 0.002/0.002 secs] [Times: user=0.00 sys=0.00, real=0.00 secs] 
2021-01-21T22:12:33.137+0800: 57.449: [CMS-concurrent-preclean-start]
2021-01-21T22:12:33.138+0800: 57.450: [CMS-concurrent-preclean: 0.001/0.001 secs] [Times: user=0.00 sys=0.00, real=0.01 secs] 
2021-01-21T22:12:33.139+0800: 57.451: [CMS-concurrent-abortable-preclean-start]
2021-01-21T22:12:33.139+0800: 57.451: [CMS-concurrent-abortable-preclean: 0.000/0.000 secs] [Times: user=0.00 sys=0.00, real=0.00 secs] 
2021-01-21T22:12:33.139+0800: 57.451: [GC (CMS Final Remark) [YG occupancy: 56387 K (157248 K)]2021-01-21T22:12:33.140+0800: 57.452: [Rescan (parallel) , 0.0016642 secs]2021-01-21T22:12:33.142+0800: 57.454: [weak refs processing, 0.0004336 secs]2021-01-21T22:12:33.143+0800: 57.455: [class unloading, 0.0005180 secs]2021-01-21T22:12:33.143+0800: 57.455: [scrub symbol table, 0.0005896 secs]2021-01-21T22:12:33.144+0800: 57.456: [scrub string table, 0.0004570 secs][1 CMS-remark: 349227K(349568K)] 405614K(506816K), 0.0057715 secs] [Times: user=0.00 sys=0.00, real=0.00 secs] 
2021-01-21T22:12:33.146+0800: 57.458: [CMS-concurrent-sweep-start]
2021-01-21T22:12:33.146+0800: 57.458: [CMS-concurrent-sweep: 0.000/0.000 secs] [Times: user=0.00 sys=0.00, real=0.00 secs] 
2021-01-21T22:12:33.147+0800: 57.459: [CMS-concurrent-reset-start]
2021-01-21T22:12:33.147+0800: 57.459: [CMS-concurrent-reset: 0.000/0.000 secs] [Times: user=0.00 sys=0.00, real=0.00 secs] 
2021-01-21T22:12:33.159+0800: 57.471: [GC (Allocation Failure) 2021-01-21T22:12:33.160+0800: 57.472: [ParNew: 157137K->157137K(157248K), 0.0003107 secs]2021-01-21T22:12:33.160+0800: 57.472: [CMS: 345953K->349534K(349568K), 0.0493820 secs] 503091K->374911K(506816K), [Metaspace: 2816K->2816K(1056768K)], 0.0509064 secs] [Times: user=0.05 sys=0.00, real=0.05 secs] 
2021-01-21T22:12:33.211+0800: 57.524: [GC (CMS Initial Mark) [1 CMS-initial-mark: 349534K(349568K)] 377694K(506816K), 0.0014267 secs] [Times: user=0.00 sys=0.00, real=0.00 secs] 
2021-01-21T22:12:33.214+0800: 57.526: [CMS-concurrent-mark-start]
2021-01-21T22:12:33.215+0800: 57.527: [CMS-concurrent-mark: 0.001/0.001 secs] [Times: user=0.00 sys=0.00, real=0.00 secs] 
2021-01-21T22:12:33.215+0800: 57.527: [CMS-concurrent-preclean-start]
2021-01-21T22:12:33.216+0800: 57.528: [CMS-concurrent-preclean: 0.001/0.001 secs] [Times: user=0.00 sys=0.00, real=0.00 secs] 
2021-01-21T22:12:33.217+0800: 57.529: [CMS-concurrent-abortable-preclean-start]
2021-01-21T22:12:33.217+0800: 57.529: [CMS-concurrent-abortable-preclean: 0.000/0.000 secs] [Times: user=0.00 sys=0.00, real=0.00 secs] 
2021-01-21T22:12:33.217+0800: 57.530: [GC (CMS Final Remark) [YG occupancy: 55126 K (157248 K)]2021-01-21T22:12:33.218+0800: 57.530: [Rescan (parallel) , 0.0014317 secs]2021-01-21T22:12:33.220+0800: 57.532: [weak refs processing, 0.0003167 secs]2021-01-21T22:12:33.220+0800: 57.532: [class unloading, 0.0004481 secs]2021-01-21T22:12:33.221+0800: 57.533: [scrub symbol table, 0.0005529 secs]2021-01-21T22:12:33.222+0800: 57.534: [scrub string table, 0.0004426 secs][1 CMS-remark: 349534K(349568K)] 404660K(506816K), 0.0052733 secs] [Times: user=0.00 sys=0.00, real=0.01 secs] 
2021-01-21T22:12:33.224+0800: 57.536: [CMS-concurrent-sweep-start]
2021-01-21T22:12:33.224+0800: 57.536: [CMS-concurrent-sweep: 0.000/0.000 secs] [Times: user=0.00 sys=0.00, real=0.00 secs] 
2021-01-21T22:12:33.224+0800: 57.536: [CMS-concurrent-reset-start]
2021-01-21T22:12:33.225+0800: 57.537: [CMS-concurrent-reset: 0.000/0.000 secs] [Times: user=0.00 sys=0.00, real=0.00 secs] 
2021-01-21T22:12:33.237+0800: 57.549: [GC (Allocation Failure) 2021-01-21T22:12:33.237+0800: 57.549: [ParNew: 156616K->156616K(157248K), 0.0003372 secs]2021-01-21T22:12:33.238+0800: 57.550: [CMS: 347999K->349553K(349568K), 0.0548104 secs] 504616K->369146K(506816K), [Metaspace: 2816K->2816K(1056768K)], 0.0562995 secs] [Times: user=0.05 sys=0.00, real=0.06 secs] 
2021-01-21T22:12:33.294+0800: 57.606: [GC (CMS Initial Mark) [1 CMS-initial-mark: 349553K(349568K)] 372457K(506816K), 0.0008554 secs] [Times: user=0.00 sys=0.00, real=0.00 secs] 
2021-01-21T22:12:33.295+0800: 57.607: [CMS-concurrent-mark-start]
2021-01-21T22:12:33.297+0800: 57.609: [CMS-concurrent-mark: 0.002/0.002 secs] [Times: user=0.01 sys=0.00, real=0.00 secs] 
2021-01-21T22:12:33.297+0800: 57.609: [CMS-concurrent-preclean-start]
2021-01-21T22:12:33.298+0800: 57.610: [CMS-concurrent-preclean: 0.001/0.001 secs] [Times: user=0.00 sys=0.00, real=0.01 secs] 
2021-01-21T22:12:33.299+0800: 57.611: [CMS-concurrent-abortable-preclean-start]
2021-01-21T22:12:33.299+0800: 57.611: [CMS-concurrent-abortable-preclean: 0.000/0.000 secs] [Times: user=0.00 sys=0.00, real=0.00 secs] 
2021-01-21T22:12:33.299+0800: 57.611: [GC (CMS Final Remark) [YG occupancy: 52733 K (157248 K)]2021-01-21T22:12:33.300+0800: 57.612: [Rescan (parallel) , 0.0014649 secs]2021-01-21T22:12:33.301+0800: 57.614: [weak refs processing, 0.0002625 secs]2021-01-21T22:12:33.302+0800: 57.614: [class unloading, 0.0005936 secs]2021-01-21T22:12:33.303+0800: 57.615: [scrub symbol table, 0.0005846 secs]2021-01-21T22:12:33.304+0800: 57.616: [scrub string table, 0.0003881 secs][1 CMS-remark: 349553K(349568K)] 402287K(506816K), 0.0051445 secs] [Times: user=0.01 sys=0.00, real=0.00 secs] 
2021-01-21T22:12:33.305+0800: 57.617: [CMS-concurrent-sweep-start]
2021-01-21T22:12:33.305+0800: 57.617: [CMS-concurrent-sweep: 0.000/0.000 secs] [Times: user=0.00 sys=0.00, real=0.00 secs] 
2021-01-21T22:12:33.318+0800: 57.630: [GC (Allocation Failure) 2021-01-21T22:12:33.319+0800: 57.631: [ParNew: 156966K->156966K(157248K), 0.0004196 secs]2021-01-21T22:12:33.319+0800: 57.631: [CMS: 347774K->349394K(349568K), 0.0474395 secs] 504741K->366542K(506816K), [Metaspace: 2816K->2816K(1056768K)], 0.0491682 secs] [Times: user=0.05 sys=0.00, real=0.04 secs] 
2021-01-21T22:12:33.384+0800: 57.696: [Full GC (Allocation Failure) 2021-01-21T22:12:33.384+0800: 57.696: [CMS: 349394K->349264K(349568K), 0.0475182 secs] 506085K->371202K(506816K), [Metaspace: 2816K->2816K(1056768K)], 0.0483846 secs] [Times: user=0.05 sys=0.00, real=0.05 secs] 
2021-01-21T22:12:33.433+0800: 57.745: [GC (CMS Initial Mark) [1 CMS-initial-mark: 349264K(349568K)] 374624K(506816K), 0.0013450 secs] [Times: user=0.00 sys=0.00, real=0.00 secs] 
2021-01-21T22:12:33.435+0800: 57.747: [CMS-concurrent-mark-start]
2021-01-21T22:12:33.437+0800: 57.749: [CMS-concurrent-mark: 0.002/0.002 secs] [Times: user=0.01 sys=0.00, real=0.00 secs] 
2021-01-21T22:12:33.437+0800: 57.749: [CMS-concurrent-preclean-start]
2021-01-21T22:12:33.438+0800: 57.751: [CMS-concurrent-preclean: 0.001/0.001 secs] [Times: user=0.00 sys=0.00, real=0.01 secs] 
2021-01-21T22:12:33.439+0800: 57.751: [CMS-concurrent-abortable-preclean-start]
2021-01-21T22:12:33.439+0800: 57.751: [CMS-concurrent-abortable-preclean: 0.000/0.000 secs] [Times: user=0.00 sys=0.00, real=0.00 secs] 
2021-01-21T22:12:33.439+0800: 57.751: [GC (CMS Final Remark) [YG occupancy: 42747 K (157248 K)]2021-01-21T22:12:33.440+0800: 57.752: [Rescan (parallel) , 0.0014404 secs]2021-01-21T22:12:33.441+0800: 57.753: [weak refs processing, 0.0003051 secs]2021-01-21T22:12:33.442+0800: 57.754: [class unloading, 0.0004407 secs]2021-01-21T22:12:33.443+0800: 57.755: [scrub symbol table, 0.0005618 secs]2021-01-21T22:12:33.444+0800: 57.756: [scrub string table, 0.0006365 secs][1 CMS-remark: 349264K(349568K)] 392012K(506816K), 0.0051718 secs] [Times: user=0.01 sys=0.00, real=0.00 secs] 
2021-01-21T22:12:33.445+0800: 57.757: [CMS-concurrent-sweep-start]
2021-01-21T22:12:33.446+0800: 57.758: [CMS-concurrent-sweep: 0.000/0.000 secs] [Times: user=0.00 sys=0.00, real=0.00 secs] 
2021-01-21T22:12:33.446+0800: 57.758: [CMS-concurrent-reset-start]
2021-01-21T22:12:33.446+0800: 57.758: [CMS-concurrent-reset: 0.000/0.000 secs] [Times: user=0.00 sys=0.00, real=0.00 secs] 
2021-01-21T22:12:33.461+0800: 57.773: [GC (Allocation Failure) 2021-01-21T22:12:33.461+0800: 57.773: [ParNew: 157206K->157206K(157248K), 0.0003145 secs]2021-01-21T22:12:33.462+0800: 57.774: [CMS: 348735K->349494K(349568K), 0.0506050 secs] 505941K->365478K(506816K), [Metaspace: 2816K->2816K(1056768K)], 0.0520885 secs] [Times: user=0.05 sys=0.00, real=0.05 secs] 
2021-01-21T22:12:33.514+0800: 57.826: [GC (CMS Initial Mark) [1 CMS-initial-mark: 349494K(349568K)] 368467K(506816K), 0.0011222 secs] [Times: user=0.00 sys=0.00, real=0.00 secs] 
2021-01-21T22:12:33.516+0800: 57.828: [CMS-concurrent-mark-start]
2021-01-21T22:12:33.517+0800: 57.829: [CMS-concurrent-mark: 0.002/0.002 secs] [Times: user=0.00 sys=0.00, real=0.00 secs] 
2021-01-21T22:12:33.518+0800: 57.830: [CMS-concurrent-preclean-start]
2021-01-21T22:12:33.519+0800: 57.831: [CMS-concurrent-preclean: 0.001/0.001 secs] [Times: user=0.00 sys=0.00, real=0.01 secs] 
2021-01-21T22:12:33.519+0800: 57.831: [CMS-concurrent-abortable-preclean-start]
2021-01-21T22:12:33.519+0800: 57.831: [CMS-concurrent-abortable-preclean: 0.000/0.000 secs] [Times: user=0.00 sys=0.00, real=0.00 secs] 
2021-01-21T22:12:33.520+0800: 57.832: [GC (CMS Final Remark) [YG occupancy: 51824 K (157248 K)]2021-01-21T22:12:33.520+0800: 57.832: [Rescan (parallel) , 0.0012274 secs]2021-01-21T22:12:33.522+0800: 57.834: [weak refs processing, 0.0002542 secs]2021-01-21T22:12:33.522+0800: 57.834: [class unloading, 0.0003770 secs]2021-01-21T22:12:33.523+0800: 57.835: [scrub symbol table, 0.0006554 secs]2021-01-21T22:12:33.523+0800: 57.835: [scrub string table, 0.0003345 secs][1 CMS-remark: 349494K(349568K)] 401318K(506816K), 0.0042248 secs] [Times: user=0.00 sys=0.00, real=0.00 secs] 
2021-01-21T22:12:33.524+0800: 57.837: [CMS-concurrent-sweep-start]
2021-01-21T22:12:33.525+0800: 57.837: [CMS-concurrent-sweep: 0.000/0.000 secs] [Times: user=0.00 sys=0.00, real=0.00 secs] 
2021-01-21T22:12:33.525+0800: 57.837: [CMS-concurrent-reset-start]
2021-01-21T22:12:33.525+0800: 57.837: [CMS-concurrent-reset: 0.000/0.000 secs] [Times: user=0.00 sys=0.00, real=0.00 secs] 
2021-01-21T22:12:33.538+0800: 57.850: [GC (Allocation Failure) 2021-01-21T22:12:33.539+0800: 57.851: [ParNew: 157016K->157016K(157248K), 0.0003877 secs]2021-01-21T22:12:33.539+0800: 57.851: [CMS: 348715K->349372K(349568K), 0.0476777 secs] 505731K->370710K(506816K), [Metaspace: 2816K->2816K(1056768K)], 0.0493198 secs] [Times: user=0.05 sys=0.00, real=0.04 secs] 
2021-01-21T22:12:33.589+0800: 57.901: [GC (CMS Initial Mark) [1 CMS-initial-mark: 349372K(349568K)] 373861K(506816K), 0.0012048 secs] [Times: user=0.00 sys=0.00, real=0.00 secs] 
2021-01-21T22:12:33.591+0800: 57.903: [CMS-concurrent-mark-start]
2021-01-21T22:12:33.592+0800: 57.904: [CMS-concurrent-mark: 0.001/0.001 secs] [Times: user=0.01 sys=0.00, real=0.00 secs] 
2021-01-21T22:12:33.593+0800: 57.905: [CMS-concurrent-preclean-start]
2021-01-21T22:12:33.594+0800: 57.906: [CMS-concurrent-preclean: 0.001/0.001 secs] [Times: user=0.00 sys=0.00, real=0.00 secs] 
2021-01-21T22:12:33.594+0800: 57.906: [CMS-concurrent-abortable-preclean-start]
2021-01-21T22:12:33.594+0800: 57.906: [CMS-concurrent-abortable-preclean: 0.000/0.000 secs] [Times: user=0.00 sys=0.00, real=0.00 secs] 
2021-01-21T22:12:33.595+0800: 57.907: [GC (CMS Final Remark) [YG occupancy: 50446 K (157248 K)]2021-01-21T22:12:33.595+0800: 57.907: [Rescan (parallel) , 0.0015250 secs]2021-01-21T22:12:33.597+0800: 57.909: [weak refs processing, 0.0003468 secs]2021-01-21T22:12:33.598+0800: 57.910: [class unloading, 0.0004979 secs]2021-01-21T22:12:33.599+0800: 57.911: [scrub symbol table, 0.0005697 secs]2021-01-21T22:12:33.599+0800: 57.911: [scrub string table, 0.0003866 secs][1 CMS-remark: 349372K(349568K)] 399819K(506816K), 0.0052008 secs] [Times: user=0.01 sys=0.00, real=0.01 secs] 
2021-01-21T22:12:33.601+0800: 57.913: [CMS-concurrent-sweep-start]
2021-01-21T22:12:33.601+0800: 57.913: [CMS-concurrent-sweep: 0.000/0.000 secs] [Times: user=0.00 sys=0.00, real=0.00 secs] 
2021-01-21T22:12:33.601+0800: 57.913: [CMS-concurrent-reset-start]
2021-01-21T22:12:33.601+0800: 57.913: [CMS-concurrent-reset: 0.000/0.000 secs] [Times: user=0.00 sys=0.00, real=0.00 secs] 
2021-01-21T22:12:33.614+0800: 57.926: [GC (Allocation Failure) 2021-01-21T22:12:33.614+0800: 57.926: [ParNew: 157224K->157224K(157248K), 0.0003292 secs]2021-01-21T22:12:33.615+0800: 57.927: [CMS: 348547K->349328K(349568K), 0.0490520 secs] 505771K->371431K(506816K), [Metaspace: 2816K->2816K(1056768K)], 0.0506046 secs] [Times: user=0.05 sys=0.00, real=0.05 secs] 
2021-01-21T22:12:33.665+0800: 57.978: [GC (CMS Initial Mark) [1 CMS-initial-mark: 349328K(349568K)] 374263K(506816K), 0.0013508 secs] [Times: user=0.00 sys=0.00, real=0.00 secs] 
2021-01-21T22:12:33.667+0800: 57.980: [CMS-concurrent-mark-start]
2021-01-21T22:12:33.669+0800: 57.981: [CMS-concurrent-mark: 0.001/0.001 secs] [Times: user=0.01 sys=0.00, real=0.01 secs] 
2021-01-21T22:12:33.669+0800: 57.981: [CMS-concurrent-preclean-start]
2021-01-21T22:12:33.670+0800: 57.982: [CMS-concurrent-preclean: 0.001/0.001 secs] [Times: user=0.00 sys=0.00, real=0.00 secs] 
2021-01-21T22:12:33.671+0800: 57.983: [CMS-concurrent-abortable-preclean-start]
2021-01-21T22:12:33.671+0800: 57.983: [CMS-concurrent-abortable-preclean: 0.000/0.000 secs] [Times: user=0.00 sys=0.00, real=0.00 secs] 
2021-01-21T22:12:33.671+0800: 57.983: [GC (CMS Final Remark) [YG occupancy: 47706 K (157248 K)]2021-01-21T22:12:33.672+0800: 57.984: [Rescan (parallel) , 0.0014010 secs]2021-01-21T22:12:33.673+0800: 57.985: [weak refs processing, 0.0003156 secs]2021-01-21T22:12:33.674+0800: 57.986: [class unloading, 0.0004210 secs]2021-01-21T22:12:33.675+0800: 57.987: [scrub symbol table, 0.0006418 secs]2021-01-21T22:12:33.676+0800: 57.988: [scrub string table, 0.0005753 secs][1 CMS-remark: 349328K(349568K)] 397035K(506816K), 0.0054146 secs] [Times: user=0.01 sys=0.00, real=0.00 secs] 
2021-01-21T22:12:33.678+0800: 57.990: [CMS-concurrent-sweep-start]
2021-01-21T22:12:33.678+0800: 57.990: [CMS-concurrent-sweep: 0.000/0.000 secs] [Times: user=0.00 sys=0.00, real=0.00 secs] 
2021-01-21T22:12:33.678+0800: 57.990: [CMS-concurrent-reset-start]
2021-01-21T22:12:33.678+0800: 57.990: [CMS-concurrent-reset: 0.000/0.000 secs] [Times: user=0.00 sys=0.00, real=0.00 secs] 
2021-01-21T22:12:33.691+0800: 58.003: [GC (Allocation Failure) 2021-01-21T22:12:33.692+0800: 58.004: [ParNew: 157235K->157235K(157248K), 0.0005819 secs]2021-01-21T22:12:33.693+0800: 58.005: [CMS: 348574K->349373K(349568K), 0.0464558 secs] 505810K->372333K(506816K), [Metaspace: 2816K->2816K(1056768K)], 0.0487887 secs] [Times: user=0.05 sys=0.00, real=0.05 secs] 
2021-01-21T22:12:33.741+0800: 58.053: [GC (CMS Initial Mark) [1 CMS-initial-mark: 349373K(349568K)] 375260K(506816K), 0.0013944 secs] [Times: user=0.00 sys=0.00, real=0.00 secs] 
2021-01-21T22:12:33.743+0800: 58.055: [CMS-concurrent-mark-start]
2021-01-21T22:12:33.745+0800: 58.057: [CMS-concurrent-mark: 0.001/0.001 secs] [Times: user=0.00 sys=0.00, real=0.00 secs] 
2021-01-21T22:12:33.745+0800: 58.057: [CMS-concurrent-preclean-start]
2021-01-21T22:12:33.746+0800: 58.058: [CMS-concurrent-preclean: 0.001/0.001 secs] [Times: user=0.00 sys=0.00, real=0.00 secs] 
2021-01-21T22:12:33.747+0800: 58.059: [CMS-concurrent-abortable-preclean-start]
2021-01-21T22:12:33.747+0800: 58.059: [CMS-concurrent-abortable-preclean: 0.000/0.000 secs] [Times: user=0.00 sys=0.00, real=0.00 secs] 
2021-01-21T22:12:33.747+0800: 58.059: [GC (CMS Final Remark) [YG occupancy: 45898 K (157248 K)]2021-01-21T22:12:33.747+0800: 58.059: [Rescan (parallel) , 0.0010521 secs]2021-01-21T22:12:33.749+0800: 58.061: [weak refs processing, 0.0002746 secs]2021-01-21T22:12:33.749+0800: 58.061: [class unloading, 0.0005405 secs]2021-01-21T22:12:33.750+0800: 58.062: [scrub symbol table, 0.0004857 secs]2021-01-21T22:12:33.751+0800: 58.063: [scrub string table, 0.0003044 secs][1 CMS-remark: 349373K(349568K)] 395271K(506816K), 0.0042225 secs] [Times: user=0.00 sys=0.00, real=0.01 secs] 
2021-01-21T22:12:33.752+0800: 58.064: [CMS-concurrent-sweep-start]
2021-01-21T22:12:33.752+0800: 58.064: [CMS-concurrent-sweep: 0.000/0.000 secs] [Times: user=0.00 sys=0.00, real=0.00 secs] 
2021-01-21T22:12:33.752+0800: 58.064: [CMS-concurrent-reset-start]
2021-01-21T22:12:33.752+0800: 58.064: [CMS-concurrent-reset: 0.000/0.000 secs] [Times: user=0.00 sys=0.00, real=0.00 secs] 
2021-01-21T22:12:33.767+0800: 58.079: [GC (Allocation Failure) 2021-01-21T22:12:33.767+0800: 58.079: [ParNew: 157191K->157191K(157248K), 0.0003186 secs]2021-01-21T22:12:33.768+0800: 58.080: [CMS: 348533K->349473K(349568K), 0.0494053 secs] 505724K->372928K(506816K), [Metaspace: 2816K->2816K(1056768K)], 0.0509507 secs] [Times: user=0.05 sys=0.00, real=0.05 secs] 
2021-01-21T22:12:33.819+0800: 58.131: [GC (CMS Initial Mark) [1 CMS-initial-mark: 349473K(349568K)] 376268K(506816K), 0.0015057 secs] [Times: user=0.00 sys=0.00, real=0.00 secs] 
2021-01-21T22:12:33.821+0800: 58.133: [CMS-concurrent-mark-start]
2021-01-21T22:12:33.823+0800: 58.135: [CMS-concurrent-mark: 0.001/0.001 secs] [Times: user=0.00 sys=0.00, real=0.00 secs] 
2021-01-21T22:12:33.823+0800: 58.135: [CMS-concurrent-preclean-start]
2021-01-21T22:12:33.824+0800: 58.136: [CMS-concurrent-preclean: 0.001/0.001 secs] [Times: user=0.01 sys=0.00, real=0.00 secs] 
2021-01-21T22:12:33.824+0800: 58.136: [CMS-concurrent-abortable-preclean-start]
2021-01-21T22:12:33.824+0800: 58.136: [CMS-concurrent-abortable-preclean: 0.000/0.000 secs] [Times: user=0.00 sys=0.00, real=0.00 secs] 
2021-01-21T22:12:33.825+0800: 58.137: [GC (CMS Final Remark) [YG occupancy: 51038 K (157248 K)]2021-01-21T22:12:33.825+0800: 58.137: [Rescan (parallel) , 0.0053268 secs]2021-01-21T22:12:33.831+0800: 58.143: [weak refs processing, 0.0004318 secs]2021-01-21T22:12:33.832+0800: 58.144: [class unloading, 0.0005303 secs]2021-01-21T22:12:33.833+0800: 58.145: [scrub symbol table, 0.0006089 secs]2021-01-21T22:12:33.834+0800: 58.146: [scrub string table, 0.0004680 secs][1 CMS-remark: 349473K(349568K)] 400511K(506816K), 0.0095338 secs] [Times: user=0.03 sys=0.00, real=0.01 secs] 
2021-01-21T22:12:33.835+0800: 58.147: [CMS-concurrent-sweep-start]
2021-01-21T22:12:33.836+0800: 58.148: [CMS-concurrent-sweep: 0.000/0.000 secs] [Times: user=0.00 sys=0.00, real=0.00 secs] 
2021-01-21T22:12:33.836+0800: 58.148: [CMS-concurrent-reset-start]
2021-01-21T22:12:33.836+0800: 58.148: [CMS-concurrent-reset: 0.000/0.000 secs] [Times: user=0.00 sys=0.00, real=0.00 secs] 
2021-01-21T22:12:33.848+0800: 58.160: [GC (Allocation Failure) 2021-01-21T22:12:33.848+0800: 58.160: [ParNew: 157067K->157067K(157248K), 0.0003120 secs]2021-01-21T22:12:33.849+0800: 58.161: [CMS: 349135K->349555K(349568K), 0.0485222 secs] 506203K->373287K(506816K), [Metaspace: 2816K->2816K(1056768K)], 0.0499447 secs] [Times: user=0.05 sys=0.00, real=0.05 secs] 
2021-01-21T22:12:33.899+0800: 58.211: [GC (CMS Initial Mark) [1 CMS-initial-mark: 349555K(349568K)] 376414K(506816K), 0.0012361 secs] [Times: user=0.00 sys=0.00, real=0.00 secs] 
2021-01-21T22:12:33.901+0800: 58.213: [CMS-concurrent-mark-start]
2021-01-21T22:12:33.902+0800: 58.214: [CMS-concurrent-mark: 0.001/0.001 secs] [Times: user=0.00 sys=0.00, real=0.00 secs] 
2021-01-21T22:12:33.903+0800: 58.215: [CMS-concurrent-preclean-start]
2021-01-21T22:12:33.904+0800: 58.216: [CMS-concurrent-preclean: 0.001/0.001 secs] [Times: user=0.00 sys=0.00, real=0.00 secs] 
2021-01-21T22:12:33.904+0800: 58.216: [CMS-concurrent-abortable-preclean-start]
2021-01-21T22:12:33.904+0800: 58.216: [CMS-concurrent-abortable-preclean: 0.000/0.000 secs] [Times: user=0.00 sys=0.00, real=0.00 secs] 
2021-01-21T22:12:33.904+0800: 58.217: [GC (CMS Final Remark) [YG occupancy: 51898 K (157248 K)]2021-01-21T22:12:33.905+0800: 58.217: [Rescan (parallel) , 0.0010149 secs]2021-01-21T22:12:33.906+0800: 58.218: [weak refs processing, 0.0003176 secs]2021-01-21T22:12:33.907+0800: 58.219: [class unloading, 0.0004288 secs]2021-01-21T22:12:33.907+0800: 58.219: [scrub symbol table, 0.0006182 secs]2021-01-21T22:12:33.908+0800: 58.220: [scrub string table, 0.0003321 secs][1 CMS-remark: 349555K(349568K)] 401454K(506816K), 0.0042877 secs] [Times: user=0.00 sys=0.00, real=0.01 secs] 
2021-01-21T22:12:33.909+0800: 58.221: [CMS-concurrent-sweep-start]
2021-01-21T22:12:33.910+0800: 58.222: [CMS-concurrent-sweep: 0.000/0.000 secs] [Times: user=0.00 sys=0.00, real=0.00 secs] 
2021-01-21T22:12:33.910+0800: 58.222: [CMS-concurrent-reset-start]
2021-01-21T22:12:33.910+0800: 58.222: [CMS-concurrent-reset: 0.000/0.000 secs] [Times: user=0.00 sys=0.00, real=0.00 secs] 
2021-01-21T22:12:33.926+0800: 58.238: [GC (Allocation Failure) 2021-01-21T22:12:33.927+0800: 58.239: [ParNew: 157220K->157220K(157248K), 0.0004099 secs]2021-01-21T22:12:33.928+0800: 58.240: [CMS: 347393K->349506K(349568K), 0.0529454 secs] 504613K->371442K(506816K), [Metaspace: 2816K->2816K(1056768K)], 0.0550266 secs] [Times: user=0.05 sys=0.00, real=0.06 secs] 
2021-01-21T22:12:33.982+0800: 58.294: [GC (CMS Initial Mark) [1 CMS-initial-mark: 349506K(349568K)] 374333K(506816K), 0.0008461 secs] [Times: user=0.00 sys=0.00, real=0.00 secs] 
2021-01-21T22:12:33.983+0800: 58.295: [CMS-concurrent-mark-start]
2021-01-21T22:12:33.985+0800: 58.297: [CMS-concurrent-mark: 0.001/0.001 secs] [Times: user=0.00 sys=0.00, real=0.00 secs] 
2021-01-21T22:12:33.985+0800: 58.297: [CMS-concurrent-preclean-start]
2021-01-21T22:12:33.986+0800: 58.298: [CMS-concurrent-preclean: 0.001/0.001 secs] [Times: user=0.00 sys=0.00, real=0.00 secs] 
2021-01-21T22:12:33.986+0800: 58.298: [CMS-concurrent-abortable-preclean-start]
2021-01-21T22:12:33.986+0800: 58.298: [CMS-concurrent-abortable-preclean: 0.000/0.000 secs] [Times: user=0.00 sys=0.00, real=0.00 secs] 
2021-01-21T22:12:33.987+0800: 58.299: [GC (CMS Final Remark) [YG occupancy: 48885 K (157248 K)]2021-01-21T22:12:33.987+0800: 58.299: [Rescan (parallel) , 0.0012619 secs]2021-01-21T22:12:33.989+0800: 58.301: [weak refs processing, 0.0003225 secs]2021-01-21T22:12:33.989+0800: 58.301: [class unloading, 0.0004458 secs]2021-01-21T22:12:33.990+0800: 58.302: [scrub symbol table, 0.0008749 secs]2021-01-21T22:12:33.991+0800: 58.303: [scrub string table, 0.0004518 secs][1 CMS-remark: 349506K(349568K)] 398392K(506816K), 0.0053649 secs] [Times: user=0.00 sys=0.00, real=0.01 secs] 
2021-01-21T22:12:33.993+0800: 58.305: [CMS-concurrent-sweep-start]
2021-01-21T22:12:33.993+0800: 58.305: [CMS-concurrent-sweep: 0.000/0.000 secs] [Times: user=0.00 sys=0.00, real=0.00 secs] 
2021-01-21T22:12:33.994+0800: 58.306: [CMS-concurrent-reset-start]
2021-01-21T22:12:33.994+0800: 58.306: [CMS-concurrent-reset: 0.000/0.000 secs] [Times: user=0.00 sys=0.00, real=0.00 secs] 
2021-01-21T22:12:34.006+0800: 58.318: [GC (Allocation Failure) 2021-01-21T22:12:34.006+0800: 58.318: [ParNew: 157231K->157231K(157248K), 0.0003949 secs]2021-01-21T22:12:34.007+0800: 58.319: [CMS: 349388K->349456K(349568K), 0.0578219 secs] 506619K->364025K(506816K), [Metaspace: 2816K->2816K(1056768K)], 0.0594702 secs] [Times: user=0.06 sys=0.00, real=0.06 secs] 
2021-01-21T22:12:34.066+0800: 58.378: [GC (CMS Initial Mark) [1 CMS-initial-mark: 349456K(349568K)] 366851K(506816K), 0.0012431 secs] [Times: user=0.00 sys=0.00, real=0.00 secs] 
2021-01-21T22:12:34.068+0800: 58.380: [CMS-concurrent-mark-start]
2021-01-21T22:12:34.070+0800: 58.382: [CMS-concurrent-mark: 0.002/0.002 secs] [Times: user=0.00 sys=0.00, real=0.00 secs] 
2021-01-21T22:12:34.070+0800: 58.382: [CMS-concurrent-preclean-start]
2021-01-21T22:12:34.071+0800: 58.383: [CMS-concurrent-preclean: 0.001/0.001 secs] [Times: user=0.00 sys=0.00, real=0.00 secs] 
2021-01-21T22:12:34.072+0800: 58.384: [CMS-concurrent-abortable-preclean-start]
2021-01-21T22:12:34.072+0800: 58.384: [CMS-concurrent-abortable-preclean: 0.000/0.000 secs] [Times: user=0.00 sys=0.00, real=0.00 secs] 
2021-01-21T22:12:34.072+0800: 58.384: [GC (CMS Final Remark) [YG occupancy: 44080 K (157248 K)]2021-01-21T22:12:34.073+0800: 58.385: [Rescan (parallel) , 0.0084231 secs]2021-01-21T22:12:34.081+0800: 58.393: [weak refs processing, 0.0002807 secs]2021-01-21T22:12:34.082+0800: 58.394: [class unloading, 0.0004501 secs]2021-01-21T22:12:34.083+0800: 58.395: [scrub symbol table, 0.0005822 secs]2021-01-21T22:12:34.084+0800: 58.396: [scrub string table, 0.0003769 secs][1 CMS-remark: 349456K(349568K)] 393537K(506816K), 0.0120380 secs] [Times: user=0.05 sys=0.00, real=0.01 secs] 
2021-01-21T22:12:34.085+0800: 58.397: [CMS-concurrent-sweep-start]
2021-01-21T22:12:34.085+0800: 58.397: [CMS-concurrent-sweep: 0.000/0.000 secs] [Times: user=0.00 sys=0.00, real=0.00 secs] 
2021-01-21T22:12:34.086+0800: 58.398: [CMS-concurrent-reset-start]
2021-01-21T22:12:34.086+0800: 58.398: [CMS-concurrent-reset: 0.000/0.000 secs] [Times: user=0.00 sys=0.00, real=0.00 secs] 
2021-01-21T22:12:34.101+0800: 58.413: [GC (Allocation Failure) 2021-01-21T22:12:34.101+0800: 58.413: [ParNew: 157245K->157245K(157248K), 0.0003634 secs]2021-01-21T22:12:34.102+0800: 58.414: [CMS: 348790K->349169K(349568K), 0.0486486 secs] 506035K->360376K(506816K), [Metaspace: 2816K->2816K(1056768K)], 0.0503389 secs] [Times: user=0.05 sys=0.00, real=0.05 secs] 
2021-01-21T22:12:34.152+0800: 58.464: [GC (CMS Initial Mark) [1 CMS-initial-mark: 349169K(349568K)] 363125K(506816K), 0.0012254 secs] [Times: user=0.00 sys=0.00, real=0.00 secs] 
2021-01-21T22:12:34.154+0800: 58.466: [CMS-concurrent-mark-start]
2021-01-21T22:12:34.155+0800: 58.467: [CMS-concurrent-mark: 0.001/0.001 secs] [Times: user=0.00 sys=0.00, real=0.00 secs] 
2021-01-21T22:12:34.156+0800: 58.468: [CMS-concurrent-preclean-start]
2021-01-21T22:12:34.157+0800: 58.469: [CMS-concurrent-preclean: 0.001/0.001 secs] [Times: user=0.01 sys=0.00, real=0.00 secs] 
2021-01-21T22:12:34.157+0800: 58.469: [CMS-concurrent-abortable-preclean-start]
2021-01-21T22:12:34.157+0800: 58.469: [CMS-concurrent-abortable-preclean: 0.000/0.000 secs] [Times: user=0.00 sys=0.00, real=0.00 secs] 
2021-01-21T22:12:34.158+0800: 58.470: [GC (CMS Final Remark) [YG occupancy: 42471 K (157248 K)]2021-01-21T22:12:34.158+0800: 58.470: [Rescan (parallel) , 0.0007261 secs]2021-01-21T22:12:34.159+0800: 58.471: [weak refs processing, 0.0003556 secs]2021-01-21T22:12:34.160+0800: 58.472: [class unloading, 0.0006940 secs]2021-01-21T22:12:34.161+0800: 58.473: [scrub symbol table, 0.0006911 secs]2021-01-21T22:12:34.162+0800: 58.474: [scrub string table, 0.0003456 secs][1 CMS-remark: 349169K(349568K)] 391640K(506816K), 0.0045838 secs] [Times: user=0.00 sys=0.00, real=0.01 secs] 
2021-01-21T22:12:34.163+0800: 58.475: [CMS-concurrent-sweep-start]
2021-01-21T22:12:34.164+0800: 58.476: [CMS-concurrent-sweep: 0.000/0.000 secs] [Times: user=0.00 sys=0.00, real=0.00 secs] 
2021-01-21T22:12:34.164+0800: 58.476: [CMS-concurrent-reset-start]
2021-01-21T22:12:34.164+0800: 58.476: [CMS-concurrent-reset: 0.000/0.000 secs] [Times: user=0.00 sys=0.00, real=0.00 secs] 
2021-01-21T22:12:34.176+0800: 58.488: [GC (Allocation Failure) 2021-01-21T22:12:34.177+0800: 58.489: [ParNew: 157211K->157211K(157248K), 0.0003266 secs]2021-01-21T22:12:34.177+0800: 58.489: [CMS: 348537K->349374K(349568K), 0.0479759 secs] 505748K->360321K(506816K), [Metaspace: 2816K->2816K(1056768K)], 0.0494934 secs] [Times: user=0.04 sys=0.00, real=0.05 secs] 
2021-01-21T22:12:34.227+0800: 58.539: [GC (CMS Initial Mark) [1 CMS-initial-mark: 349374K(349568K)] 363164K(506816K), 0.0014013 secs] [Times: user=0.01 sys=0.00, real=0.01 secs] 
2021-01-21T22:12:34.229+0800: 58.541: [CMS-concurrent-mark-start]
2021-01-21T22:12:34.230+0800: 58.542: [CMS-concurrent-mark: 0.002/0.002 secs] [Times: user=0.00 sys=0.00, real=0.00 secs] 
2021-01-21T22:12:34.231+0800: 58.543: [CMS-concurrent-preclean-start]
2021-01-21T22:12:34.232+0800: 58.544: [CMS-concurrent-preclean: 0.001/0.001 secs] [Times: user=0.00 sys=0.00, real=0.00 secs] 
2021-01-21T22:12:34.232+0800: 58.544: [CMS-concurrent-abortable-preclean-start]
2021-01-21T22:12:34.232+0800: 58.544: [CMS-concurrent-abortable-preclean: 0.000/0.000 secs] [Times: user=0.00 sys=0.00, real=0.00 secs] 
2021-01-21T22:12:34.233+0800: 58.545: [GC (CMS Final Remark) [YG occupancy: 47115 K (157248 K)]2021-01-21T22:12:34.233+0800: 58.545: [Rescan (parallel) , 0.0010431 secs]2021-01-21T22:12:34.234+0800: 58.546: [weak refs processing, 0.0002688 secs]2021-01-21T22:12:34.235+0800: 58.547: [class unloading, 0.0003923 secs]2021-01-21T22:12:34.235+0800: 58.547: [scrub symbol table, 0.0005012 secs]2021-01-21T22:12:34.236+0800: 58.548: [scrub string table, 0.0003268 secs][1 CMS-remark: 349374K(349568K)] 396489K(506816K), 0.0039514 secs] [Times: user=0.00 sys=0.00, real=0.00 secs] 
2021-01-21T22:12:34.237+0800: 58.549: [CMS-concurrent-sweep-start]
2021-01-21T22:12:34.238+0800: 58.550: [CMS-concurrent-sweep: 0.000/0.000 secs] [Times: user=0.00 sys=0.00, real=0.00 secs] 
2021-01-21T22:12:34.238+0800: 58.550: [CMS-concurrent-reset-start]
2021-01-21T22:12:34.239+0800: 58.551: [CMS-concurrent-reset: 0.000/0.000 secs] [Times: user=0.00 sys=0.00, real=0.01 secs] 
2021-01-21T22:12:34.252+0800: 58.564: [GC (Allocation Failure) 2021-01-21T22:12:34.253+0800: 58.565: [ParNew: 157142K->157142K(157248K), 0.0002830 secs]2021-01-21T22:12:34.253+0800: 58.565: [CMS: 347536K->348931K(349568K), 0.0479594 secs] 504679K->362695K(506816K), [Metaspace: 2816K->2816K(1056768K)], 0.0493176 secs] [Times: user=0.05 sys=0.00, real=0.05 secs] 
2021-01-21T22:12:34.303+0800: 58.615: [GC (CMS Initial Mark) [1 CMS-initial-mark: 348931K(349568K)] 365846K(506816K), 0.0014086 secs] [Times: user=0.01 sys=0.00, real=0.00 secs] 
2021-01-21T22:12:34.305+0800: 58.617: [CMS-concurrent-mark-start]
2021-01-21T22:12:34.307+0800: 58.619: [CMS-concurrent-mark: 0.002/0.002 secs] [Times: user=0.00 sys=0.00, real=0.00 secs] 
2021-01-21T22:12:34.307+0800: 58.619: [CMS-concurrent-preclean-start]
2021-01-21T22:12:34.308+0800: 58.620: [CMS-concurrent-preclean: 0.001/0.001 secs] [Times: user=0.00 sys=0.00, real=0.01 secs] 
2021-01-21T22:12:34.309+0800: 58.621: [CMS-concurrent-abortable-preclean-start]
2021-01-21T22:12:34.309+0800: 58.621: [CMS-concurrent-abortable-preclean: 0.000/0.000 secs] [Times: user=0.00 sys=0.00, real=0.00 secs] 
2021-01-21T22:12:34.309+0800: 58.621: [GC (CMS Final Remark) [YG occupancy: 45968 K (157248 K)]2021-01-21T22:12:34.309+0800: 58.622: [Rescan (parallel) , 0.0012688 secs]2021-01-21T22:12:34.311+0800: 58.623: [weak refs processing, 0.0003026 secs]2021-01-21T22:12:34.312+0800: 58.624: [class unloading, 0.0004697 secs]2021-01-21T22:12:34.313+0800: 58.625: [scrub symbol table, 0.0005561 secs]2021-01-21T22:12:34.313+0800: 58.625: [scrub string table, 0.0004075 secs][1 CMS-remark: 348931K(349568K)] 394900K(506816K), 0.0049332 secs] [Times: user=0.00 sys=0.00, real=0.00 secs] 
2021-01-21T22:12:34.315+0800: 58.627: [CMS-concurrent-sweep-start]
2021-01-21T22:12:34.315+0800: 58.627: [CMS-concurrent-sweep: 0.000/0.000 secs] [Times: user=0.00 sys=0.00, real=0.00 secs] 
2021-01-21T22:12:34.315+0800: 58.627: [CMS-concurrent-reset-start]
2021-01-21T22:12:34.316+0800: 58.628: [CMS-concurrent-reset: 0.000/0.000 secs] [Times: user=0.00 sys=0.00, real=0.00 secs] 
2021-01-21T22:12:34.329+0800: 58.641: [GC (Allocation Failure) 2021-01-21T22:12:34.329+0800: 58.641: [ParNew: 157115K->157115K(157248K), 0.0003899 secs]2021-01-21T22:12:34.330+0800: 58.642: [CMS: 347808K->349210K(349568K), 0.0527055 secs] 504923K->367867K(506816K), [Metaspace: 2816K->2816K(1056768K)], 0.0544906 secs] [Times: user=0.05 sys=0.00, real=0.05 secs] 
2021-01-21T22:12:34.384+0800: 58.696: [GC (CMS Initial Mark) [1 CMS-initial-mark: 349210K(349568K)] 370776K(506816K), 0.0015524 secs] [Times: user=0.00 sys=0.00, real=0.00 secs] 
2021-01-21T22:12:34.387+0800: 58.699: [CMS-concurrent-mark-start]
2021-01-21T22:12:34.389+0800: 58.701: [CMS-concurrent-mark: 0.002/0.002 secs] [Times: user=0.01 sys=0.00, real=0.01 secs] 
2021-01-21T22:12:34.389+0800: 58.701: [CMS-concurrent-preclean-start]
2021-01-21T22:12:34.391+0800: 58.703: [CMS-concurrent-preclean: 0.002/0.002 secs] [Times: user=0.00 sys=0.00, real=0.00 secs] 
2021-01-21T22:12:34.391+0800: 58.703: [CMS-concurrent-abortable-preclean-start]
2021-01-21T22:12:34.391+0800: 58.703: [CMS-concurrent-abortable-preclean: 0.000/0.000 secs] [Times: user=0.00 sys=0.00, real=0.00 secs] 
2021-01-21T22:12:34.392+0800: 58.704: [GC (CMS Final Remark) [YG occupancy: 54974 K (157248 K)]2021-01-21T22:12:34.392+0800: 58.704: [Rescan (parallel) , 0.0007526 secs]2021-01-21T22:12:34.393+0800: 58.705: [weak refs processing, 0.0003406 secs]2021-01-21T22:12:34.394+0800: 58.706: [class unloading, 0.0006430 secs]2021-01-21T22:12:34.395+0800: 58.707: [scrub symbol table, 0.0007189 secs]2021-01-21T22:12:34.396+0800: 58.708: [scrub string table, 0.0006236 secs][1 CMS-remark: 349210K(349568K)] 404185K(506816K), 0.0051299 secs] [Times: user=0.01 sys=0.00, real=0.00 secs] 
2021-01-21T22:12:34.397+0800: 58.709: [CMS-concurrent-sweep-start]
2021-01-21T22:12:34.398+0800: 58.710: [CMS-concurrent-sweep: 0.000/0.000 secs] [Times: user=0.00 sys=0.00, real=0.00 secs] 
2021-01-21T22:12:34.398+0800: 58.710: [CMS-concurrent-reset-start]
2021-01-21T22:12:34.398+0800: 58.710: [CMS-concurrent-reset: 0.000/0.000 secs] [Times: user=0.00 sys=0.00, real=0.01 secs] 
2021-01-21T22:12:34.414+0800: 58.726: [GC (Allocation Failure) 2021-01-21T22:12:34.414+0800: 58.726: [ParNew: 156551K->156551K(157248K), 0.0004176 secs]2021-01-21T22:12:34.415+0800: 58.727: [CMS: 349210K->349478K(349568K), 0.0605525 secs] 505761K->370942K(506816K), [Metaspace: 2816K->2816K(1056768K)], 0.0625027 secs] [Times: user=0.07 sys=0.00, real=0.06 secs] 
2021-01-21T22:12:34.478+0800: 58.790: [GC (CMS Initial Mark) [1 CMS-initial-mark: 349478K(349568K)] 374986K(506816K), 0.0013571 secs] [Times: user=0.00 sys=0.00, real=0.01 secs] 
2021-01-21T22:12:34.480+0800: 58.792: [CMS-concurrent-mark-start]
2021-01-21T22:12:34.481+0800: 58.793: [CMS-concurrent-mark: 0.001/0.001 secs] [Times: user=0.00 sys=0.00, real=0.00 secs] 
2021-01-21T22:12:34.482+0800: 58.794: [CMS-concurrent-preclean-start]
2021-01-21T22:12:34.483+0800: 58.795: [CMS-concurrent-preclean: 0.002/0.002 secs] [Times: user=0.00 sys=0.00, real=0.00 secs] 
2021-01-21T22:12:34.484+0800: 58.796: [CMS-concurrent-abortable-preclean-start]
2021-01-21T22:12:34.484+0800: 58.796: [CMS-concurrent-abortable-preclean: 0.000/0.000 secs] [Times: user=0.00 sys=0.00, real=0.00 secs] 
2021-01-21T22:12:34.484+0800: 58.796: [GC (CMS Final Remark) [YG occupancy: 51249 K (157248 K)]2021-01-21T22:12:34.484+0800: 58.797: [Rescan (parallel) , 0.0009731 secs]2021-01-21T22:12:34.486+0800: 58.798: [weak refs processing, 0.0002631 secs]2021-01-21T22:12:34.486+0800: 58.798: [class unloading, 0.0004119 secs]2021-01-21T22:12:34.487+0800: 58.799: [scrub symbol table, 0.0005474 secs]2021-01-21T22:12:34.488+0800: 58.800: [scrub string table, 0.0003574 secs][1 CMS-remark: 349478K(349568K)] 400728K(506816K), 0.0040379 secs] [Times: user=0.00 sys=0.00, real=0.01 secs] 
2021-01-21T22:12:34.489+0800: 58.801: [CMS-concurrent-sweep-start]
2021-01-21T22:12:34.489+0800: 58.801: [CMS-concurrent-sweep: 0.000/0.000 secs] [Times: user=0.00 sys=0.00, real=0.00 secs] 
2021-01-21T22:12:34.490+0800: 58.802: [CMS-concurrent-reset-start]
2021-01-21T22:12:34.491+0800: 58.803: [CMS-concurrent-reset: 0.001/0.001 secs] [Times: user=0.01 sys=0.00, real=0.00 secs] 
2021-01-21T22:12:34.505+0800: 58.817: [GC (Allocation Failure) 2021-01-21T22:12:34.505+0800: 58.817: [ParNew: 157226K->157226K(157248K), 0.0004221 secs]2021-01-21T22:12:34.506+0800: 58.818: [CMS: 349329K->349223K(349568K), 0.0568905 secs] 506556K->370317K(506816K), [Metaspace: 2816K->2816K(1056768K)], 0.0585997 secs] [Times: user=0.06 sys=0.00, real=0.06 secs] 
2021-01-21T22:12:34.564+0800: 58.876: [GC (CMS Initial Mark) [1 CMS-initial-mark: 349223K(349568K)] 373155K(506816K), 0.0010804 secs] [Times: user=0.00 sys=0.00, real=0.00 secs] 
2021-01-21T22:12:34.566+0800: 58.878: [CMS-concurrent-mark-start]
2021-01-21T22:12:34.567+0800: 58.880: [CMS-concurrent-mark: 0.001/0.001 secs] [Times: user=0.00 sys=0.00, real=0.00 secs] 
2021-01-21T22:12:34.568+0800: 58.880: [CMS-concurrent-preclean-start]
2021-01-21T22:12:34.569+0800: 58.881: [CMS-concurrent-preclean: 0.001/0.001 secs] [Times: user=0.01 sys=0.00, real=0.01 secs] 
2021-01-21T22:12:34.569+0800: 58.881: [CMS-concurrent-abortable-preclean-start]
2021-01-21T22:12:34.569+0800: 58.881: [CMS-concurrent-abortable-preclean: 0.000/0.000 secs] [Times: user=0.00 sys=0.00, real=0.00 secs] 
2021-01-21T22:12:34.570+0800: 58.882: [GC (CMS Final Remark) [YG occupancy: 60837 K (157248 K)]2021-01-21T22:12:34.570+0800: 58.882: [Rescan (parallel) , 0.0012940 secs]2021-01-21T22:12:34.572+0800: 58.884: [weak refs processing, 0.0002093 secs]2021-01-21T22:12:34.572+0800: 58.884: [class unloading, 0.0008300 secs]2021-01-21T22:12:34.573+0800: 58.886: [scrub symbol table, 0.0007028 secs]2021-01-21T22:12:34.574+0800: 58.887: [scrub string table, 0.0004527 secs][1 CMS-remark: 349223K(349568K)] 410060K(506816K), 0.0050402 secs] [Times: user=0.00 sys=0.00, real=0.00 secs] 
2021-01-21T22:12:34.576+0800: 58.888: [CMS-concurrent-sweep-start]
2021-01-21T22:12:34.577+0800: 58.889: [CMS-concurrent-sweep: 0.001/0.001 secs] [Times: user=0.00 sys=0.00, real=0.00 secs] 
2021-01-21T22:12:34.577+0800: 58.889: [CMS-concurrent-reset-start]
2021-01-21T22:12:34.578+0800: 58.890: [CMS-concurrent-reset: 0.000/0.000 secs] [Times: user=0.01 sys=0.00, real=0.00 secs] 
2021-01-21T22:12:34.588+0800: 58.900: [GC (Allocation Failure) 2021-01-21T22:12:34.588+0800: 58.900: [ParNew: 157018K->157018K(157248K), 0.0004266 secs]2021-01-21T22:12:34.589+0800: 58.901: [CMS: 348482K->349329K(349568K), 0.0577815 secs] 505500K->368290K(506816K), [Metaspace: 2816K->2816K(1056768K)], 0.0594796 secs] [Times: user=0.05 sys=0.00, real=0.06 secs] 
2021-01-21T22:12:34.648+0800: 58.960: [GC (CMS Initial Mark) [1 CMS-initial-mark: 349329K(349568K)] 371486K(506816K), 0.0011993 secs] [Times: user=0.01 sys=0.00, real=0.01 secs] 
2021-01-21T22:12:34.650+0800: 58.962: [CMS-concurrent-mark-start]
2021-01-21T22:12:34.651+0800: 58.963: [CMS-concurrent-mark: 0.001/0.001 secs] [Times: user=0.00 sys=0.00, real=0.00 secs] 
2021-01-21T22:12:34.652+0800: 58.964: [CMS-concurrent-preclean-start]
2021-01-21T22:12:34.653+0800: 58.965: [CMS-concurrent-preclean: 0.001/0.001 secs] [Times: user=0.00 sys=0.00, real=0.00 secs] 
2021-01-21T22:12:34.653+0800: 58.965: [CMS-concurrent-abortable-preclean-start]
2021-01-21T22:12:34.653+0800: 58.965: [CMS-concurrent-abortable-preclean: 0.000/0.000 secs] [Times: user=0.00 sys=0.00, real=0.00 secs] 
2021-01-21T22:12:34.654+0800: 58.966: [GC (CMS Final Remark) [YG occupancy: 48129 K (157248 K)]2021-01-21T22:12:34.654+0800: 58.966: [Rescan (parallel) , 0.0010479 secs]2021-01-21T22:12:34.655+0800: 58.967: [weak refs processing, 0.0003578 secs]2021-01-21T22:12:34.656+0800: 58.968: [class unloading, 0.0011972 secs]2021-01-21T22:12:34.658+0800: 58.970: [scrub symbol table, 0.0009466 secs]2021-01-21T22:12:34.659+0800: 58.971: [scrub string table, 0.0006538 secs][1 CMS-remark: 349329K(349568K)] 397459K(506816K), 0.0062267 secs] [Times: user=0.01 sys=0.00, real=0.01 secs] 
2021-01-21T22:12:34.661+0800: 58.973: [CMS-concurrent-sweep-start]
2021-01-21T22:12:34.661+0800: 58.973: [CMS-concurrent-sweep: 0.000/0.000 secs] [Times: user=0.00 sys=0.00, real=0.00 secs] 
2021-01-21T22:12:34.661+0800: 58.973: [CMS-concurrent-reset-start]
2021-01-21T22:12:34.662+0800: 58.974: [CMS-concurrent-reset: 0.000/0.000 secs] [Times: user=0.00 sys=0.00, real=0.00 secs] 
2021-01-21T22:12:34.677+0800: 58.989: [GC (Allocation Failure) 2021-01-21T22:12:34.677+0800: 58.989: [ParNew: 157196K->157196K(157248K), 0.0002755 secs]2021-01-21T22:12:34.677+0800: 58.989: [CMS: 348542K->349453K(349568K), 0.0541309 secs] 505739K->368010K(506816K), [Metaspace: 2816K->2816K(1056768K)], 0.0554746 secs] [Times: user=0.05 sys=0.00, real=0.06 secs] 
2021-01-21T22:12:34.733+0800: 59.045: [GC (CMS Initial Mark) [1 CMS-initial-mark: 349453K(349568K)] 371959K(506816K), 0.0014147 secs] [Times: user=0.00 sys=0.00, real=0.00 secs] 
2021-01-21T22:12:34.735+0800: 59.047: [CMS-concurrent-mark-start]
2021-01-21T22:12:34.737+0800: 59.049: [CMS-concurrent-mark: 0.002/0.002 secs] [Times: user=0.01 sys=0.00, real=0.00 secs] 
2021-01-21T22:12:34.737+0800: 59.049: [CMS-concurrent-preclean-start]
2021-01-21T22:12:34.738+0800: 59.051: [CMS-concurrent-preclean: 0.001/0.001 secs] [Times: user=0.00 sys=0.00, real=0.01 secs] 
2021-01-21T22:12:34.739+0800: 59.051: [CMS-concurrent-abortable-preclean-start]
2021-01-21T22:12:34.739+0800: 59.051: [CMS-concurrent-abortable-preclean: 0.000/0.000 secs] [Times: user=0.00 sys=0.00, real=0.00 secs] 
2021-01-21T22:12:34.740+0800: 59.052: [GC (CMS Final Remark) [YG occupancy: 52828 K (157248 K)]2021-01-21T22:12:34.740+0800: 59.052: [Rescan (parallel) , 0.0019097 secs]2021-01-21T22:12:34.742+0800: 59.054: [weak refs processing, 0.0003478 secs]2021-01-21T22:12:34.743+0800: 59.055: [class unloading, 0.0007523 secs]2021-01-21T22:12:34.744+0800: 59.057: [scrub symbol table, 0.0012700 secs]2021-01-21T22:12:34.746+0800: 59.058: [scrub string table, 0.0008476 secs][1 CMS-remark: 349453K(349568K)] 402281K(506816K), 0.0079495 secs] [Times: user=0.01 sys=0.00, real=0.00 secs] 
2021-01-21T22:12:34.748+0800: 59.060: [CMS-concurrent-sweep-start]
2021-01-21T22:12:34.749+0800: 59.061: [CMS-concurrent-sweep: 0.000/0.000 secs] [Times: user=0.00 sys=0.00, real=0.00 secs] 
2021-01-21T22:12:34.749+0800: 59.061: [CMS-concurrent-reset-start]
2021-01-21T22:12:34.749+0800: 59.061: [CMS-concurrent-reset: 0.000/0.000 secs] [Times: user=0.00 sys=0.00, real=0.00 secs] 
2021-01-21T22:12:34.763+0800: 59.075: [GC (Allocation Failure) 2021-01-21T22:12:34.763+0800: 59.075: [ParNew: 156902K->156902K(157248K), 0.0003402 secs]2021-01-21T22:12:34.764+0800: 59.076: [CMS: 347540K->349214K(349568K), 0.0558572 secs] 504443K->370725K(506816K), [Metaspace: 2816K->2816K(1056768K)], 0.0575425 secs] [Times: user=0.05 sys=0.00, real=0.06 secs] 
2021-01-21T22:12:34.821+0800: 59.133: [GC (CMS Initial Mark) [1 CMS-initial-mark: 349214K(349568K)] 374104K(506816K), 0.0010887 secs] [Times: user=0.00 sys=0.00, real=0.00 secs] 
2021-01-21T22:12:34.824+0800: 59.136: [CMS-concurrent-mark-start]
2021-01-21T22:12:34.826+0800: 59.138: [CMS-concurrent-mark: 0.002/0.002 secs] [Times: user=0.01 sys=0.00, real=0.00 secs] 
2021-01-21T22:12:34.827+0800: 59.139: [CMS-concurrent-preclean-start]
2021-01-21T22:12:34.828+0800: 59.140: [CMS-concurrent-preclean: 0.001/0.001 secs] [Times: user=0.00 sys=0.00, real=0.01 secs] 
2021-01-21T22:12:34.829+0800: 59.141: [CMS-concurrent-abortable-preclean-start]
2021-01-21T22:12:34.829+0800: 59.141: [CMS-concurrent-abortable-preclean: 0.000/0.000 secs] [Times: user=0.00 sys=0.00, real=0.00 secs] 
2021-01-21T22:12:34.829+0800: 59.141: [GC (CMS Final Remark) [YG occupancy: 50625 K (157248 K)]2021-01-21T22:12:34.830+0800: 59.142: [Rescan (parallel) , 0.0013510 secs]2021-01-21T22:12:34.831+0800: 59.143: [weak refs processing, 0.0003197 secs]2021-01-21T22:12:34.832+0800: 59.144: [class unloading, 0.0004744 secs]2021-01-21T22:12:34.833+0800: 59.145: [scrub symbol table, 0.0005533 secs]2021-01-21T22:12:34.833+0800: 59.145: [scrub string table, 0.0004026 secs][1 CMS-remark: 349214K(349568K)] 399840K(506816K), 0.0048975 secs] [Times: user=0.00 sys=0.00, real=0.00 secs] 
2021-01-21T22:12:34.835+0800: 59.147: [CMS-concurrent-sweep-start]
2021-01-21T22:12:34.835+0800: 59.147: [CMS-concurrent-sweep: 0.000/0.000 secs] [Times: user=0.00 sys=0.00, real=0.00 secs] 
2021-01-21T22:12:34.835+0800: 59.147: [CMS-concurrent-reset-start]
2021-01-21T22:12:34.836+0800: 59.148: [CMS-concurrent-reset: 0.000/0.000 secs] [Times: user=0.00 sys=0.00, real=0.00 secs] 
2021-01-21T22:12:34.851+0800: 59.163: [GC (Allocation Failure) 2021-01-21T22:12:34.851+0800: 59.163: [ParNew: 156915K->156915K(157248K), 0.0003624 secs]2021-01-21T22:12:34.852+0800: 59.164: [CMS: 347954K->349363K(349568K), 0.0591667 secs] 504870K->366310K(506816K), [Metaspace: 2816K->2816K(1056768K)], 0.0606739 secs] [Times: user=0.06 sys=0.00, real=0.06 secs] 
2021-01-21T22:12:34.912+0800: 59.224: [GC (CMS Initial Mark) [1 CMS-initial-mark: 349363K(349568K)] 369806K(506816K), 0.0010992 secs] [Times: user=0.00 sys=0.00, real=0.00 secs] 
2021-01-21T22:12:34.914+0800: 59.226: [CMS-concurrent-mark-start]
2021-01-21T22:12:34.915+0800: 59.227: [CMS-concurrent-mark: 0.001/0.001 secs] [Times: user=0.00 sys=0.00, real=0.00 secs] 
2021-01-21T22:12:34.916+0800: 59.228: [CMS-concurrent-preclean-start]
2021-01-21T22:12:34.916+0800: 59.229: [CMS-concurrent-preclean: 0.001/0.001 secs] [Times: user=0.00 sys=0.00, real=0.00 secs] 
2021-01-21T22:12:34.917+0800: 59.229: [CMS-concurrent-abortable-preclean-start]
2021-01-21T22:12:34.917+0800: 59.229: [CMS-concurrent-abortable-preclean: 0.000/0.000 secs] [Times: user=0.00 sys=0.00, real=0.00 secs] 
2021-01-21T22:12:34.917+0800: 59.229: [GC (CMS Final Remark) [YG occupancy: 52763 K (157248 K)]2021-01-21T22:12:34.918+0800: 59.230: [Rescan (parallel) , 0.0006194 secs]2021-01-21T22:12:34.919+0800: 59.231: [weak refs processing, 0.0002319 secs]2021-01-21T22:12:34.919+0800: 59.231: [class unloading, 0.0004121 secs]2021-01-21T22:12:34.920+0800: 59.232: [scrub symbol table, 0.0005162 secs]2021-01-21T22:12:34.921+0800: 59.233: [scrub string table, 0.0003498 secs][1 CMS-remark: 349363K(349568K)] 402126K(506816K), 0.0037589 secs] [Times: user=0.00 sys=0.00, real=0.01 secs] 
2021-01-21T22:12:34.922+0800: 59.234: [CMS-concurrent-sweep-start]
2021-01-21T22:12:34.922+0800: 59.234: [CMS-concurrent-sweep: 0.001/0.001 secs] [Times: user=0.00 sys=0.00, real=0.00 secs] 
2021-01-21T22:12:34.923+0800: 59.235: [CMS-concurrent-reset-start]
2021-01-21T22:12:34.924+0800: 59.236: [CMS-concurrent-reset: 0.001/0.001 secs] [Times: user=0.00 sys=0.00, real=0.00 secs] 
2021-01-21T22:12:34.937+0800: 59.249: [GC (Allocation Failure) 2021-01-21T22:12:34.937+0800: 59.249: [ParNew: 157224K->157224K(157248K), 0.0003118 secs]2021-01-21T22:12:34.938+0800: 59.250: [CMS: 348583K->349501K(349568K), 0.0562511 secs] 505808K->373810K(506816K), [Metaspace: 2816K->2816K(1056768K)], 0.0578427 secs] [Times: user=0.05 sys=0.00, real=0.06 secs] 
2021-01-21T22:12:34.996+0800: 59.308: [GC (CMS Initial Mark) [1 CMS-initial-mark: 349501K(349568K)] 376668K(506816K), 0.0015835 secs] [Times: user=0.01 sys=0.00, real=0.00 secs] 
2021-01-21T22:12:34.998+0800: 59.310: [CMS-concurrent-mark-start]
2021-01-21T22:12:35.000+0800: 59.312: [CMS-concurrent-mark: 0.001/0.001 secs] [Times: user=0.00 sys=0.00, real=0.00 secs] 
2021-01-21T22:12:35.000+0800: 59.312: [CMS-concurrent-preclean-start]
2021-01-21T22:12:35.001+0800: 59.313: [CMS-concurrent-preclean: 0.001/0.001 secs] [Times: user=0.00 sys=0.00, real=0.00 secs] 
2021-01-21T22:12:35.002+0800: 59.314: [CMS-concurrent-abortable-preclean-start]
2021-01-21T22:12:35.002+0800: 59.314: [CMS-concurrent-abortable-preclean: 0.000/0.000 secs] [Times: user=0.00 sys=0.00, real=0.00 secs] 
2021-01-21T22:12:35.002+0800: 59.314: [GC (CMS Final Remark) [YG occupancy: 63052 K (157248 K)]2021-01-21T22:12:35.003+0800: 59.315: [Rescan (parallel) , 0.0009419 secs]2021-01-21T22:12:35.004+0800: 59.316: [weak refs processing, 0.0003730 secs]2021-01-21T22:12:35.005+0800: 59.317: [class unloading, 0.0004871 secs]2021-01-21T22:12:35.006+0800: 59.318: [scrub symbol table, 0.0012130 secs]2021-01-21T22:12:35.007+0800: 59.319: [scrub string table, 0.0005321 secs][1 CMS-remark: 349501K(349568K)] 412553K(506816K), 0.0058786 secs] [Times: user=0.01 sys=0.01, real=0.01 secs] 
2021-01-21T22:12:35.009+0800: 59.321: [CMS-concurrent-sweep-start]
2021-01-21T22:12:35.010+0800: 59.322: [CMS-concurrent-sweep: 0.001/0.001 secs] [Times: user=0.00 sys=0.00, real=0.00 secs] 
2021-01-21T22:12:35.010+0800: 59.322: [CMS-concurrent-reset-start]
2021-01-21T22:12:35.010+0800: 59.323: [CMS-concurrent-reset: 0.000/0.000 secs] [Times: user=0.00 sys=0.00, real=0.00 secs] 
2021-01-21T22:12:35.021+0800: 59.333: [GC (Allocation Failure) 2021-01-21T22:12:35.022+0800: 59.334: [ParNew: 157202K->157202K(157248K), 0.0003303 secs]2021-01-21T22:12:35.022+0800: 59.334: [CMS: 349148K->349506K(349568K), 0.0533680 secs] 506351K->376979K(506816K), [Metaspace: 2816K->2816K(1056768K)], 0.0548413 secs] [Times: user=0.06 sys=0.00, real=0.05 secs] 
2021-01-21T22:12:35.077+0800: 59.389: [GC (CMS Initial Mark) [1 CMS-initial-mark: 349506K(349568K)] 379764K(506816K), 0.0015198 secs] [Times: user=0.00 sys=0.00, real=0.01 secs] 
2021-01-21T22:12:35.080+0800: 59.392: [CMS-concurrent-mark-start]
2021-01-21T22:12:35.081+0800: 59.393: [CMS-concurrent-mark: 0.001/0.001 secs] [Times: user=0.00 sys=0.00, real=0.00 secs] 
2021-01-21T22:12:35.081+0800: 59.393: [CMS-concurrent-preclean-start]
2021-01-21T22:12:35.082+0800: 59.394: [CMS-concurrent-preclean: 0.001/0.001 secs] [Times: user=0.00 sys=0.00, real=0.00 secs] 
2021-01-21T22:12:35.083+0800: 59.395: [CMS-concurrent-abortable-preclean-start]
2021-01-21T22:12:35.083+0800: 59.395: [CMS-concurrent-abortable-preclean: 0.000/0.000 secs] [Times: user=0.00 sys=0.00, real=0.00 secs] 
2021-01-21T22:12:35.083+0800: 59.395: [GC (CMS Final Remark) [YG occupancy: 58351 K (157248 K)]2021-01-21T22:12:35.084+0800: 59.396: [Rescan (parallel) , 0.0011376 secs]2021-01-21T22:12:35.085+0800: 59.397: [weak refs processing, 0.0003083 secs]2021-01-21T22:12:35.086+0800: 59.398: [class unloading, 0.0003998 secs]2021-01-21T22:12:35.086+0800: 59.399: [scrub symbol table, 0.0005086 secs]2021-01-21T22:12:35.087+0800: 59.399: [scrub string table, 0.0003540 secs][1 CMS-remark: 349506K(349568K)] 407858K(506816K), 0.0044474 secs] [Times: user=0.00 sys=0.00, real=0.01 secs] 
2021-01-21T22:12:35.089+0800: 59.401: [CMS-concurrent-sweep-start]
2021-01-21T22:12:35.089+0800: 59.401: [CMS-concurrent-sweep: 0.000/0.000 secs] [Times: user=0.00 sys=0.00, real=0.00 secs] 
2021-01-21T22:12:35.089+0800: 59.401: [CMS-concurrent-reset-start]
2021-01-21T22:12:35.090+0800: 59.402: [CMS-concurrent-reset: 0.000/0.000 secs] [Times: user=0.00 sys=0.00, real=0.00 secs] 
2021-01-21T22:12:35.103+0800: 59.415: [GC (Allocation Failure) 2021-01-21T22:12:35.103+0800: 59.415: [ParNew: 156748K->156748K(157248K), 0.0003296 secs]2021-01-21T22:12:35.104+0800: 59.416: [CMS: 348010K->349435K(349568K), 0.0490855 secs] 504759K->380745K(506816K), [Metaspace: 2816K->2816K(1056768K)], 0.0506759 secs] [Times: user=0.05 sys=0.00, real=0.05 secs] 
2021-01-21T22:12:35.154+0800: 59.466: [GC (CMS Initial Mark) [1 CMS-initial-mark: 349435K(349568K)] 383992K(506816K), 0.0015539 secs] [Times: user=0.01 sys=0.00, real=0.00 secs] 
2021-01-21T22:12:35.157+0800: 59.469: [CMS-concurrent-mark-start]
2021-01-21T22:12:35.158+0800: 59.470: [CMS-concurrent-mark: 0.002/0.002 secs] [Times: user=0.00 sys=0.00, real=0.01 secs] 
2021-01-21T22:12:35.159+0800: 59.471: [CMS-concurrent-preclean-start]
2021-01-21T22:12:35.160+0800: 59.472: [CMS-concurrent-preclean: 0.001/0.001 secs] [Times: user=0.00 sys=0.00, real=0.00 secs] 
2021-01-21T22:12:35.161+0800: 59.473: [CMS-concurrent-abortable-preclean-start]
2021-01-21T22:12:35.161+0800: 59.473: [CMS-concurrent-abortable-preclean: 0.000/0.000 secs] [Times: user=0.00 sys=0.00, real=0.00 secs] 
2021-01-21T22:12:35.161+0800: 59.473: [GC (CMS Final Remark) [YG occupancy: 61543 K (157248 K)]2021-01-21T22:12:35.162+0800: 59.474: [Rescan (parallel) , 0.0012337 secs]2021-01-21T22:12:35.163+0800: 59.475: [weak refs processing, 0.0003336 secs]2021-01-21T22:12:35.164+0800: 59.476: [class unloading, 0.0005331 secs]2021-01-21T22:12:35.165+0800: 59.477: [scrub symbol table, 0.0007975 secs]2021-01-21T22:12:35.166+0800: 59.478: [scrub string table, 0.0005060 secs][1 CMS-remark: 349435K(349568K)] 410978K(506816K), 0.0055909 secs] [Times: user=0.00 sys=0.00, real=0.00 secs] 
2021-01-21T22:12:35.168+0800: 59.480: [CMS-concurrent-sweep-start]
2021-01-21T22:12:35.168+0800: 59.480: [CMS-concurrent-sweep: 0.000/0.000 secs] [Times: user=0.00 sys=0.00, real=0.00 secs] 
2021-01-21T22:12:35.168+0800: 59.480: [CMS-concurrent-reset-start]
2021-01-21T22:12:35.169+0800: 59.481: [CMS-concurrent-reset: 0.000/0.000 secs] [Times: user=0.00 sys=0.00, real=0.00 secs] 
2021-01-21T22:12:35.184+0800: 59.496: [GC (Allocation Failure) 2021-01-21T22:12:35.185+0800: 59.497: [ParNew: 157165K->157165K(157248K), 0.0004085 secs]2021-01-21T22:12:35.185+0800: 59.497: [CMS: 347278K->349478K(349568K), 0.0616799 secs] 504443K->392059K(506816K), [Metaspace: 2816K->2816K(1056768K)], 0.0633665 secs] [Times: user=0.06 sys=0.00, real=0.06 secs] 
2021-01-21T22:12:35.248+0800: 59.561: [GC (CMS Initial Mark) [1 CMS-initial-mark: 349478K(349568K)] 395054K(506816K), 0.0009849 secs] [Times: user=0.00 sys=0.00, real=0.00 secs] 
2021-01-21T22:12:35.250+0800: 59.562: [CMS-concurrent-mark-start]
2021-01-21T22:12:35.251+0800: 59.563: [CMS-concurrent-mark: 0.001/0.001 secs] [Times: user=0.00 sys=0.00, real=0.00 secs] 
2021-01-21T22:12:35.251+0800: 59.563: [CMS-concurrent-preclean-start]
2021-01-21T22:12:35.252+0800: 59.564: [CMS-concurrent-preclean: 0.001/0.001 secs] [Times: user=0.00 sys=0.00, real=0.00 secs] 
2021-01-21T22:12:35.253+0800: 59.565: [CMS-concurrent-abortable-preclean-start]
2021-01-21T22:12:35.253+0800: 59.565: [CMS-concurrent-abortable-preclean: 0.000/0.000 secs] [Times: user=0.00 sys=0.00, real=0.00 secs] 
2021-01-21T22:12:35.253+0800: 59.565: [GC (CMS Final Remark) [YG occupancy: 69704 K (157248 K)]2021-01-21T22:12:35.253+0800: 59.565: [Rescan (parallel) , 0.0049263 secs]2021-01-21T22:12:35.259+0800: 59.571: [weak refs processing, 0.0002779 secs]2021-01-21T22:12:35.259+0800: 59.571: [class unloading, 0.0006193 secs]2021-01-21T22:12:35.260+0800: 59.572: [scrub symbol table, 0.0007075 secs]2021-01-21T22:12:35.261+0800: 59.573: [scrub string table, 0.0005332 secs][1 CMS-remark: 349478K(349568K)] 419182K(506816K), 0.0089550 secs] [Times: user=0.03 sys=0.00, real=0.01 secs] 
2021-01-21T22:12:35.263+0800: 59.575: [CMS-concurrent-sweep-start]
2021-01-21T22:12:35.263+0800: 59.575: [CMS-concurrent-sweep: 0.000/0.000 secs] [Times: user=0.00 sys=0.00, real=0.00 secs] 
2021-01-21T22:12:35.264+0800: 59.576: [CMS-concurrent-reset-start]
2021-01-21T22:12:35.264+0800: 59.576: [CMS-concurrent-reset: 0.000/0.000 secs] [Times: user=0.01 sys=0.00, real=0.00 secs] 
2021-01-21T22:12:35.274+0800: 59.586: [GC (Allocation Failure) 2021-01-21T22:12:35.275+0800: 59.587: [ParNew: 157190K->157190K(157248K), 0.0005142 secs]2021-01-21T22:12:35.276+0800: 59.588: [CMS: 348082K->349371K(349568K), 0.0525342 secs] 505273K->386206K(506816K), [Metaspace: 2816K->2816K(1056768K)], 0.0542174 secs] [Times: user=0.05 sys=0.00, real=0.06 secs] 
2021-01-21T22:12:35.330+0800: 59.642: [GC (CMS Initial Mark) [1 CMS-initial-mark: 349371K(349568K)] 388961K(506816K), 0.0012502 secs] [Times: user=0.00 sys=0.00, real=0.00 secs] 
2021-01-21T22:12:35.331+0800: 59.644: [CMS-concurrent-mark-start]
2021-01-21T22:12:35.333+0800: 59.645: [CMS-concurrent-mark: 0.001/0.001 secs] [Times: user=0.00 sys=0.00, real=0.00 secs] 
2021-01-21T22:12:35.333+0800: 59.645: [CMS-concurrent-preclean-start]
2021-01-21T22:12:35.334+0800: 59.646: [CMS-concurrent-preclean: 0.001/0.001 secs] [Times: user=0.01 sys=0.00, real=0.00 secs] 
2021-01-21T22:12:35.335+0800: 59.647: [CMS-concurrent-abortable-preclean-start]
2021-01-21T22:12:35.335+0800: 59.647: [CMS-concurrent-abortable-preclean: 0.000/0.000 secs] [Times: user=0.00 sys=0.00, real=0.00 secs] 
2021-01-21T22:12:35.335+0800: 59.647: [GC (CMS Final Remark) [YG occupancy: 58252 K (157248 K)]2021-01-21T22:12:35.335+0800: 59.647: [Rescan (parallel) , 0.0052884 secs]2021-01-21T22:12:35.341+0800: 59.653: [weak refs processing, 0.0003558 secs]2021-01-21T22:12:35.342+0800: 59.654: [class unloading, 0.0006778 secs]2021-01-21T22:12:35.343+0800: 59.655: [scrub symbol table, 0.0007406 secs]2021-01-21T22:12:35.344+0800: 59.656: [scrub string table, 0.0005032 secs][1 CMS-remark: 349371K(349568K)] 407623K(506816K), 0.0097698 secs] [Times: user=0.03 sys=0.00, real=0.01 secs] 
2021-01-21T22:12:35.346+0800: 59.658: [CMS-concurrent-sweep-start]
2021-01-21T22:12:35.346+0800: 59.658: [CMS-concurrent-sweep: 0.000/0.000 secs] [Times: user=0.00 sys=0.00, real=0.00 secs] 
2021-01-21T22:12:35.346+0800: 59.658: [CMS-concurrent-reset-start]
2021-01-21T22:12:35.347+0800: 59.659: [CMS-concurrent-reset: 0.000/0.000 secs] [Times: user=0.00 sys=0.00, real=0.00 secs] 
2021-01-21T22:12:35.362+0800: 59.674: [GC (Allocation Failure) 2021-01-21T22:12:35.362+0800: 59.674: [ParNew: 157124K->157124K(157248K), 0.0004506 secs]2021-01-21T22:12:35.363+0800: 59.675: [CMS: 349371K->348895K(349568K), 0.0625172 secs] 506496K->382412K(506816K), [Metaspace: 2816K->2816K(1056768K)], 0.0644428 secs] [Times: user=0.06 sys=0.00, real=0.06 secs] 
2021-01-21T22:12:35.427+0800: 59.739: [GC (CMS Initial Mark) [1 CMS-initial-mark: 348895K(349568K)] 385015K(506816K), 0.0015043 secs] [Times: user=0.00 sys=0.00, real=0.01 secs] 
2021-01-21T22:12:35.430+0800: 59.742: [CMS-concurrent-mark-start]
2021-01-21T22:12:35.431+0800: 59.743: [CMS-concurrent-mark: 0.001/0.001 secs] [Times: user=0.00 sys=0.00, real=0.00 secs] 
2021-01-21T22:12:35.431+0800: 59.743: [CMS-concurrent-preclean-start]
2021-01-21T22:12:35.433+0800: 59.745: [CMS-concurrent-preclean: 0.001/0.001 secs] [Times: user=0.01 sys=0.00, real=0.00 secs] 
2021-01-21T22:12:35.433+0800: 59.745: [CMS-concurrent-abortable-preclean-start]
2021-01-21T22:12:35.433+0800: 59.745: [CMS-concurrent-abortable-preclean: 0.000/0.000 secs] [Times: user=0.00 sys=0.00, real=0.00 secs] 
2021-01-21T22:12:35.434+0800: 59.746: [GC (CMS Final Remark) [YG occupancy: 59266 K (157248 K)]2021-01-21T22:12:35.434+0800: 59.746: [Rescan (parallel) , 0.0017237 secs]2021-01-21T22:12:35.436+0800: 59.749: [weak refs processing, 0.0003028 secs]2021-01-21T22:12:35.437+0800: 59.749: [class unloading, 0.0006133 secs]2021-01-21T22:12:35.438+0800: 59.750: [scrub symbol table, 0.0007105 secs]2021-01-21T22:12:35.439+0800: 59.751: [scrub string table, 0.0008660 secs][1 CMS-remark: 348895K(349568K)] 408162K(506816K), 0.0063845 secs] [Times: user=0.01 sys=0.00, real=0.01 secs] 
2021-01-21T22:12:35.441+0800: 59.754: [CMS-concurrent-sweep-start]
2021-01-21T22:12:35.442+0800: 59.754: [CMS-concurrent-sweep: 0.000/0.000 secs] [Times: user=0.00 sys=0.00, real=0.00 secs] 
2021-01-21T22:12:35.442+0800: 59.754: [CMS-concurrent-reset-start]
2021-01-21T22:12:35.442+0800: 59.755: [CMS-concurrent-reset: 0.000/0.000 secs] [Times: user=0.00 sys=0.00, real=0.00 secs] 
2021-01-21T22:12:35.455+0800: 59.767: [GC (Allocation Failure) 2021-01-21T22:12:35.455+0800: 59.767: [ParNew: 157246K->157246K(157248K), 0.0002654 secs]2021-01-21T22:12:35.456+0800: 59.768: [CMS: 347305K->349537K(349568K), 0.0635070 secs] 504551K->380028K(506816K), [Metaspace: 2816K->2816K(1056768K)], 0.0648317 secs] [Times: user=0.07 sys=0.00, real=0.07 secs] 
2021-01-21T22:12:35.520+0800: 59.832: [GC (CMS Initial Mark) [1 CMS-initial-mark: 349537K(349568K)] 382544K(506816K), 0.0010362 secs] [Times: user=0.00 sys=0.00, real=0.00 secs] 
2021-01-21T22:12:35.522+0800: 59.834: [CMS-concurrent-mark-start]
2021-01-21T22:12:35.524+0800: 59.836: [CMS-concurrent-mark: 0.002/0.002 secs] [Times: user=0.00 sys=0.00, real=0.00 secs] 
2021-01-21T22:12:35.525+0800: 59.837: [CMS-concurrent-preclean-start]
2021-01-21T22:12:35.526+0800: 59.838: [CMS-concurrent-preclean: 0.001/0.001 secs] [Times: user=0.00 sys=0.00, real=0.00 secs] 
2021-01-21T22:12:35.526+0800: 59.838: [CMS-concurrent-abortable-preclean-start]
2021-01-21T22:12:35.526+0800: 59.838: [CMS-concurrent-abortable-preclean: 0.000/0.000 secs] [Times: user=0.00 sys=0.00, real=0.00 secs] 
2021-01-21T22:12:35.527+0800: 59.839: [GC (CMS Final Remark) [YG occupancy: 53396 K (157248 K)]2021-01-21T22:12:35.527+0800: 59.839: [Rescan (parallel) , 0.0017745 secs]2021-01-21T22:12:35.529+0800: 59.841: [weak refs processing, 0.0003839 secs]2021-01-21T22:12:35.530+0800: 59.842: [class unloading, 0.0004066 secs]2021-01-21T22:12:35.530+0800: 59.842: [scrub symbol table, 0.0006496 secs]2021-01-21T22:12:35.531+0800: 59.843: [scrub string table, 0.0003333 secs][1 CMS-remark: 349537K(349568K)] 402933K(506816K), 0.0050800 secs] [Times: user=0.01 sys=0.00, real=0.01 secs] 
2021-01-21T22:12:35.532+0800: 59.844: [CMS-concurrent-sweep-start]
2021-01-21T22:12:35.533+0800: 59.845: [CMS-concurrent-sweep: 0.000/0.000 secs] [Times: user=0.00 sys=0.00, real=0.00 secs] 
2021-01-21T22:12:35.533+0800: 59.845: [CMS-concurrent-reset-start]
2021-01-21T22:12:35.533+0800: 59.845: [CMS-concurrent-reset: 0.000/0.000 secs] [Times: user=0.00 sys=0.00, real=0.00 secs] 
2021-01-21T22:12:35.548+0800: 59.860: [GC (Allocation Failure) 2021-01-21T22:12:35.548+0800: 59.860: [ParNew: 157240K->157240K(157248K), 0.0002960 secs]2021-01-21T22:12:35.548+0800: 59.860: [CMS: 348450K->349527K(349568K), 0.0582235 secs] 505691K->376472K(506816K), [Metaspace: 2816K->2816K(1056768K)], 0.0597024 secs] [Times: user=0.06 sys=0.00, real=0.06 secs] 
2021-01-21T22:12:35.608+0800: 59.920: [GC (CMS Initial Mark) [1 CMS-initial-mark: 349527K(349568K)] 379063K(506816K), 0.0008903 secs] [Times: user=0.00 sys=0.00, real=0.00 secs] 
2021-01-21T22:12:35.609+0800: 59.922: [CMS-concurrent-mark-start]
2021-01-21T22:12:35.611+0800: 59.923: [CMS-concurrent-mark: 0.001/0.001 secs] [Times: user=0.01 sys=0.00, real=0.00 secs] 
2021-01-21T22:12:35.611+0800: 59.923: [CMS-concurrent-preclean-start]
2021-01-21T22:12:35.612+0800: 59.924: [CMS-concurrent-preclean: 0.001/0.001 secs] [Times: user=0.00 sys=0.00, real=0.00 secs] 
2021-01-21T22:12:35.612+0800: 59.924: [CMS-concurrent-abortable-preclean-start]
2021-01-21T22:12:35.612+0800: 59.924: [CMS-concurrent-abortable-preclean: 0.000/0.000 secs] [Times: user=0.00 sys=0.00, real=0.00 secs] 
2021-01-21T22:12:35.613+0800: 59.925: [GC (CMS Final Remark) [YG occupancy: 50084 K (157248 K)]2021-01-21T22:12:35.613+0800: 59.925: [Rescan (parallel) , 0.0007853 secs]2021-01-21T22:12:35.614+0800: 59.926: [weak refs processing, 0.0001896 secs]2021-01-21T22:12:35.614+0800: 59.926: [class unloading, 0.0003249 secs]2021-01-21T22:12:35.615+0800: 59.927: [scrub symbol table, 0.0004182 secs]2021-01-21T22:12:35.615+0800: 59.927: [scrub string table, 0.0003038 secs][1 CMS-remark: 349527K(349568K)] 399611K(506816K), 0.0029644 secs] [Times: user=0.00 sys=0.00, real=0.00 secs] 
2021-01-21T22:12:35.616+0800: 59.928: [CMS-concurrent-sweep-start]
2021-01-21T22:12:35.616+0800: 59.928: [CMS-concurrent-sweep: 0.000/0.000 secs] [Times: user=0.01 sys=0.00, real=0.00 secs] 
2021-01-21T22:12:35.617+0800: 59.929: [CMS-concurrent-reset-start]
2021-01-21T22:12:35.617+0800: 59.929: [CMS-concurrent-reset: 0.000/0.000 secs] [Times: user=0.00 sys=0.00, real=0.00 secs] 
2021-01-21T22:12:35.630+0800: 59.942: [GC (Allocation Failure) 2021-01-21T22:12:35.631+0800: 59.943: [ParNew: 157049K->157049K(157248K), 0.0001785 secs]2021-01-21T22:12:35.631+0800: 59.943: [CMS: 348575K->349471K(349568K), 0.0531697 secs] 505625K->376745K(506816K), [Metaspace: 2816K->2816K(1056768K)], 0.0542956 secs] [Times: user=0.05 sys=0.00, real=0.05 secs] 
2021-01-21T22:12:35.685+0800: 59.997: [GC (CMS Initial Mark) [1 CMS-initial-mark: 349471K(349568K)] 379704K(506816K), 0.0013972 secs] [Times: user=0.01 sys=0.00, real=0.00 secs] 
2021-01-21T22:12:35.687+0800: 60.000: [CMS-concurrent-mark-start]
2021-01-21T22:12:35.690+0800: 60.002: [CMS-concurrent-mark: 0.002/0.002 secs] [Times: user=0.00 sys=0.00, real=0.01 secs] 
2021-01-21T22:12:35.690+0800: 60.003: [CMS-concurrent-preclean-start]
2021-01-21T22:12:35.692+0800: 60.004: [CMS-concurrent-preclean: 0.001/0.001 secs] [Times: user=0.00 sys=0.00, real=0.00 secs] 
2021-01-21T22:12:35.692+0800: 60.004: [CMS-concurrent-abortable-preclean-start]
2021-01-21T22:12:35.692+0800: 60.004: [CMS-concurrent-abortable-preclean: 0.000/0.000 secs] [Times: user=0.00 sys=0.00, real=0.00 secs] 
2021-01-21T22:12:35.693+0800: 60.005: [GC (CMS Final Remark) [YG occupancy: 56432 K (157248 K)]2021-01-21T22:12:35.693+0800: 60.005: [Rescan (parallel) , 0.0017267 secs]2021-01-21T22:12:35.695+0800: 60.007: [weak refs processing, 0.0002665 secs]2021-01-21T22:12:35.696+0800: 60.008: [class unloading, 0.0004447 secs]2021-01-21T22:12:35.696+0800: 60.008: [scrub symbol table, 0.0005329 secs]2021-01-21T22:12:35.697+0800: 60.009: [scrub string table, 0.0003804 secs][1 CMS-remark: 349471K(349568K)] 405904K(506816K), 0.0047966 secs] [Times: user=0.00 sys=0.00, real=0.00 secs] 
2021-01-21T22:12:35.698+0800: 60.010: [CMS-concurrent-sweep-start]
2021-01-21T22:12:35.698+0800: 60.011: [CMS-concurrent-sweep: 0.000/0.000 secs] [Times: user=0.00 sys=0.00, real=0.00 secs] 
2021-01-21T22:12:35.699+0800: 60.011: [CMS-concurrent-reset-start]
2021-01-21T22:12:35.699+0800: 60.011: [CMS-concurrent-reset: 0.000/0.000 secs] [Times: user=0.00 sys=0.00, real=0.00 secs] 
2021-01-21T22:12:35.712+0800: 60.024: [GC (Allocation Failure) 2021-01-21T22:12:35.712+0800: 60.024: [ParNew: 157143K->157143K(157248K), 0.0003186 secs]2021-01-21T22:12:35.713+0800: 60.025: [CMS: 349190K->349334K(349568K), 0.0561825 secs] 506334K->381797K(506816K), [Metaspace: 2816K->2816K(1056768K)], 0.0576601 secs] [Times: user=0.06 sys=0.00, real=0.06 secs] 
2021-01-21T22:12:35.771+0800: 60.083: [GC (CMS Initial Mark) [1 CMS-initial-mark: 349334K(349568K)] 384629K(506816K), 0.0017308 secs] [Times: user=0.00 sys=0.00, real=0.00 secs] 
2021-01-21T22:12:35.774+0800: 60.086: [CMS-concurrent-mark-start]
Heap
 par new generation   total 157248K, used 38091K [0x00000000e0000000, 0x00000000eaaa0000, 0x00000000eaaa0000)
  eden space 139776K,  27% used [0x00000000e0000000, 0x00000000e2532c88, 0x00000000e8880000)
  from space 17472K,   0% used [0x00000000e8880000, 0x00000000e8880000, 0x00000000e9990000)
  to   space 17472K,   0% used [0x00000000e9990000, 0x00000000e9990000, 0x00000000eaaa0000)
 concurrent mark-sweep generation total 349568K, used 349334K [0x00000000eaaa0000, 0x0000000100000000, 0x0000000100000000)
 Metaspace       used 2823K, capacity 4490K, committed 4864K, reserved 1056768K
  class space    used 293K, capacity 386K, committed 512K, reserved 1048576K
2021-01-21T22:12:35.775+0800: 60.087: [CMS-concurrent-mark: 0.002/0.002 secs] [Times: user=0.00 sys=0.00, real=0.00 secs] 
