OpenJDK 64-Bit Server VM (25.252-b09) for linux-amd64 JRE (1.8.0_252-8u252-b09-1ubuntu1-b09), built on Apr 16 2020 08:47:49 by "buildd" with gcc 9.3.0
Memory: 4k page, physical 39286120k(39105656k free), swap 10485760k(10485760k free)
CommandLine flags: -XX:InitialHeapSize=2147483648 -XX:MaxHeapSize=2147483648 -XX:MaxNewSize=697933824 -XX:MaxTenuringThreshold=6 -XX:NewSize=697933824 -XX:OldPLABSize=16 -XX:OldSize=1395867648 -XX:+PrintGC -XX:+PrintGCDateStamps -XX:+PrintGCDetails -XX:+PrintGCTimeStamps -XX:+UseCompressedClassPointers -XX:+UseCompressedOops -XX:+UseConcMarkSweepGC -XX:+UseParNewGC 
2021-01-22T01:09:02.676+0800: 0.245: [GC (Allocation Failure) 2021-01-22T01:09:02.676+0800: 0.245: [ParNew: 545344K->68096K(613440K), 0.0516208 secs] 545344K->148718K(2029056K), 0.0527076 secs] [Times: user=0.15 sys=0.12, real=0.06 secs] 
2021-01-22T01:09:02.807+0800: 0.376: [GC (Allocation Failure) 2021-01-22T01:09:02.808+0800: 0.377: [ParNew: 613440K->68096K(613440K), 0.0512030 secs] 694062K->271714K(2029056K), 0.0520315 secs] [Times: user=0.09 sys=0.15, real=0.06 secs] 
2021-01-22T01:09:02.925+0800: 0.494: [GC (Allocation Failure) 2021-01-22T01:09:02.926+0800: 0.495: [ParNew: 613440K->68096K(613440K), 0.0490228 secs] 817058K->389494K(2029056K), 0.0497395 secs] [Times: user=0.35 sys=0.01, real=0.05 secs] 
2021-01-22T01:09:03.042+0800: 0.612: [GC (Allocation Failure) 2021-01-22T01:09:03.043+0800: 0.612: [ParNew: 613440K->68094K(613440K), 0.0535089 secs] 934838K->513709K(2029056K), 0.0541907 secs] [Times: user=0.35 sys=0.05, real=0.05 secs] 
2021-01-22T01:09:03.162+0800: 0.731: [GC (Allocation Failure) 2021-01-22T01:09:03.162+0800: 0.731: [ParNew: 613438K->68094K(613440K), 0.0535851 secs] 1059053K->645184K(2029056K), 0.0542685 secs] [Times: user=0.38 sys=0.04, real=0.05 secs] 
2021-01-22T01:09:03.282+0800: 0.851: [GC (Allocation Failure) 2021-01-22T01:09:03.282+0800: 0.851: [ParNew: 613438K->68095K(613440K), 0.0512117 secs] 1190528K->770284K(2029056K), 0.0519089 secs] [Times: user=0.37 sys=0.02, real=0.05 secs] 
2021-01-22T01:09:03.400+0800: 0.969: [GC (Allocation Failure) 2021-01-22T01:09:03.400+0800: 0.970: [ParNew: 613439K->68095K(613440K), 0.0530856 secs] 1315628K->893088K(2029056K), 0.0536807 secs] [Times: user=0.39 sys=0.02, real=0.05 secs] 
2021-01-22T01:09:03.455+0800: 1.024: [GC (CMS Initial Mark) [1 CMS-initial-mark: 824993K(1415616K)] 904154K(2029056K), 0.0018744 secs] [Times: user=0.01 sys=0.01, real=0.00 secs] 
2021-01-22T01:09:03.457+0800: 1.026: [CMS-concurrent-mark-start]
2021-01-22T01:09:03.460+0800: 1.029: [CMS-concurrent-mark: 0.003/0.003 secs] [Times: user=0.00 sys=0.00, real=0.01 secs] 
2021-01-22T01:09:03.460+0800: 1.029: [CMS-concurrent-preclean-start]
2021-01-22T01:09:03.462+0800: 1.031: [CMS-concurrent-preclean: 0.001/0.001 secs] [Times: user=0.00 sys=0.00, real=0.00 secs] 
2021-01-22T01:09:03.462+0800: 1.031: [CMS-concurrent-abortable-preclean-start]
2021-01-22T01:09:03.528+0800: 1.097: [GC (Allocation Failure) 2021-01-22T01:09:03.528+0800: 1.097: [ParNew2021-01-22T01:09:03.563+0800: 1.133: [CMS-concurrent-abortable-preclean: 0.001/0.102 secs] [Times: user=0.30 sys=0.04, real=0.10 secs] 
: 613439K->68095K(613440K), 0.0532746 secs] 1438432K->1009841K(2029056K), 0.0538686 secs] [Times: user=0.36 sys=0.05, real=0.06 secs] 
2021-01-22T01:09:03.582+0800: 1.151: [GC (CMS Final Remark) [YG occupancy: 79376 K (613440 K)]2021-01-22T01:09:03.582+0800: 1.151: [Rescan (parallel) , 0.0014440 secs]2021-01-22T01:09:03.584+0800: 1.153: [weak refs processing, 0.0002328 secs]2021-01-22T01:09:03.585+0800: 1.154: [class unloading, 0.0003678 secs]2021-01-22T01:09:03.585+0800: 1.154: [scrub symbol table, 0.0004535 secs]2021-01-22T01:09:03.586+0800: 1.155: [scrub string table, 0.0002680 secs][1 CMS-remark: 941746K(1415616K)] 1021123K(2029056K), 0.0038657 secs] [Times: user=0.01 sys=0.00, real=0.00 secs] 
2021-01-22T01:09:03.587+0800: 1.156: [CMS-concurrent-sweep-start]
2021-01-22T01:09:03.588+0800: 1.157: [CMS-concurrent-sweep: 0.001/0.001 secs] [Times: user=0.00 sys=0.00, real=0.00 secs] 
2021-01-22T01:09:03.588+0800: 1.157: [CMS-concurrent-reset-start]
2021-01-22T01:09:03.591+0800: 1.160: [CMS-concurrent-reset: 0.002/0.002 secs] [Times: user=0.00 sys=0.00, real=0.00 secs] 
2021-01-22T01:09:03.652+0800: 1.221: [GC (Allocation Failure) 2021-01-22T01:09:03.652+0800: 1.221: [ParNew: 613439K->68095K(613440K), 0.0239697 secs] 1026210K->600474K(2029056K), 0.0245955 secs] [Times: user=0.18 sys=0.00, real=0.02 secs] 
2021-01-22T01:09:03.742+0800: 1.311: [GC (Allocation Failure) 2021-01-22T01:09:03.742+0800: 1.311: [ParNew: 613439K->68095K(613440K), 0.0242356 secs] 1145818K->725284K(2029056K), 0.0251537 secs] [Times: user=0.19 sys=0.01, real=0.02 secs] 
2021-01-22T01:09:03.833+0800: 1.402: [GC (Allocation Failure) 2021-01-22T01:09:03.834+0800: 1.403: [ParNew: 613439K->68095K(613440K), 0.0333737 secs] 1270628K->845982K(2029056K), 0.0342185 secs] [Times: user=0.26 sys=0.00, real=0.03 secs] 
2021-01-22T01:09:03.933+0800: 1.502: [GC (Allocation Failure) 2021-01-22T01:09:03.933+0800: 1.502: [ParNew: 613439K->68094K(613440K), 0.0264277 secs] 1391326K->982598K(2029056K), 0.0271538 secs] [Times: user=0.21 sys=0.00, real=0.03 secs] 
2021-01-22T01:09:04.028+0800: 1.597: [GC (Allocation Failure) 2021-01-22T01:09:04.028+0800: 1.597: [ParNew: 613438K->68095K(613440K), 0.0462632 secs] 1527942K->1100205K(2029056K), 0.0469376 secs] [Times: user=0.32 sys=0.02, real=0.05 secs] 
2021-01-22T01:09:04.075+0800: 1.644: [GC (CMS Initial Mark) [1 CMS-initial-mark: 1032109K(1415616K)] 1100349K(2029056K), 0.0009320 secs] [Times: user=0.00 sys=0.00, real=0.00 secs] 
2021-01-22T01:09:04.077+0800: 1.646: [CMS-concurrent-mark-start]
2021-01-22T01:09:04.080+0800: 1.649: [CMS-concurrent-mark: 0.003/0.003 secs] [Times: user=0.01 sys=0.00, real=0.01 secs] 
2021-01-22T01:09:04.080+0800: 1.649: [CMS-concurrent-preclean-start]
2021-01-22T01:09:04.082+0800: 1.651: [CMS-concurrent-preclean: 0.002/0.002 secs] [Times: user=0.00 sys=0.00, real=0.00 secs] 
2021-01-22T01:09:04.083+0800: 1.652: [CMS-concurrent-abortable-preclean-start]
2021-01-22T01:09:04.139+0800: 1.708: [GC (Allocation Failure) 2021-01-22T01:09:04.140+0800: 1.709: [ParNew2021-01-22T01:09:04.184+0800: 1.753: [CMS-concurrent-abortable-preclean: 0.002/0.102 secs] [Times: user=0.38 sys=0.03, real=0.10 secs] 
: 613439K->68095K(613440K), 0.0551296 secs] 1645549K->1229518K(2029056K), 0.0557419 secs] [Times: user=0.38 sys=0.04, real=0.05 secs] 
2021-01-22T01:09:04.196+0800: 1.765: [GC (CMS Final Remark) [YG occupancy: 79492 K (613440 K)]2021-01-22T01:09:04.196+0800: 1.765: [Rescan (parallel) , 0.0011829 secs]2021-01-22T01:09:04.197+0800: 1.766: [weak refs processing, 0.0002013 secs]2021-01-22T01:09:04.198+0800: 1.767: [class unloading, 0.0003420 secs]2021-01-22T01:09:04.198+0800: 1.767: [scrub symbol table, 0.0004337 secs]2021-01-22T01:09:04.199+0800: 1.768: [scrub string table, 0.0003203 secs][1 CMS-remark: 1161423K(1415616K)] 1240916K(2029056K), 0.0035596 secs] [Times: user=0.00 sys=0.00, real=0.01 secs] 
2021-01-22T01:09:04.200+0800: 1.769: [CMS-concurrent-sweep-start]
2021-01-22T01:09:04.202+0800: 1.771: [CMS-concurrent-sweep: 0.002/0.002 secs] [Times: user=0.00 sys=0.01, real=0.00 secs] 
2021-01-22T01:09:04.202+0800: 1.771: [CMS-concurrent-reset-start]
2021-01-22T01:09:04.203+0800: 1.772: [CMS-concurrent-reset: 0.001/0.001 secs] [Times: user=0.00 sys=0.00, real=0.00 secs] 
2021-01-22T01:09:04.263+0800: 1.832: [GC (Allocation Failure) 2021-01-22T01:09:04.264+0800: 1.833: [ParNew: 613439K->68095K(613440K), 0.0251045 secs] 1058743K->634477K(2029056K), 0.0257644 secs] [Times: user=0.19 sys=0.00, real=0.03 secs] 
2021-01-22T01:09:04.357+0800: 1.926: [GC (Allocation Failure) 2021-01-22T01:09:04.358+0800: 1.927: [ParNew: 613439K->68094K(613440K), 0.0244418 secs] 1179821K->756825K(2029056K), 0.0252147 secs] [Times: user=0.19 sys=0.00, real=0.03 secs] 
2021-01-22T01:09:04.448+0800: 2.017: [GC (Allocation Failure) 2021-01-22T01:09:04.448+0800: 2.017: [ParNew: 613438K->68095K(613440K), 0.0244760 secs] 1302169K->880861K(2029056K), 0.0252569 secs] [Times: user=0.19 sys=0.00, real=0.03 secs] 
2021-01-22T01:09:04.539+0800: 2.108: [GC (Allocation Failure) 2021-01-22T01:09:04.540+0800: 2.109: [ParNew: 613439K->68095K(613440K), 0.0241326 secs] 1426205K->997694K(2029056K), 0.0250092 secs] [Times: user=0.18 sys=0.00, real=0.02 secs] 
2021-01-22T01:09:04.632+0800: 2.201: [GC (Allocation Failure) 2021-01-22T01:09:04.632+0800: 2.201: [ParNew: 613439K->68095K(613440K), 0.0258516 secs] 1543038K->1128694K(2029056K), 0.0267954 secs] [Times: user=0.19 sys=0.00, real=0.03 secs] 
2021-01-22T01:09:04.660+0800: 2.229: [GC (CMS Initial Mark) [1 CMS-initial-mark: 1060599K(1415616K)] 1140328K(2029056K), 0.0015991 secs] [Times: user=0.00 sys=0.00, real=0.00 secs] 
2021-01-22T01:09:04.662+0800: 2.231: [CMS-concurrent-mark-start]
2021-01-22T01:09:04.665+0800: 2.234: [CMS-concurrent-mark: 0.003/0.003 secs] [Times: user=0.01 sys=0.01, real=0.00 secs] 
2021-01-22T01:09:04.666+0800: 2.235: [CMS-concurrent-preclean-start]
2021-01-22T01:09:04.667+0800: 2.237: [CMS-concurrent-preclean: 0.002/0.002 secs] [Times: user=0.00 sys=0.00, real=0.00 secs] 
2021-01-22T01:09:04.668+0800: 2.237: [CMS-concurrent-abortable-preclean-start]
2021-01-22T01:09:04.730+0800: 2.299: [GC (Allocation Failure) 2021-01-22T01:09:04.731+0800: 2.300: [ParNew: 613439K->68095K(613440K), 0.0292240 secs] 1674038K->1252483K(2029056K), 0.0300382 secs] [Times: user=0.22 sys=0.00, real=0.03 secs] 
2021-01-22T01:09:04.830+0800: 2.399: [GC (Allocation Failure) 2021-01-22T01:09:04.830+0800: 2.399: [ParNew2021-01-22T01:09:04.865+0800: 2.434: [CMS-concurrent-abortable-preclean: 0.005/0.197 secs] [Times: user=0.61 sys=0.01, real=0.20 secs] 
: 613439K->68095K(613440K), 0.0545734 secs] 1797827K->1378831K(2029056K), 0.0554003 secs] [Times: user=0.39 sys=0.02, real=0.05 secs] 
2021-01-22T01:09:04.886+0800: 2.455: [GC (CMS Final Remark) [YG occupancy: 79085 K (613440 K)]2021-01-22T01:09:04.886+0800: 2.455: [Rescan (parallel) , 0.0014986 secs]2021-01-22T01:09:04.888+0800: 2.457: [weak refs processing, 0.0002764 secs]2021-01-22T01:09:04.889+0800: 2.458: [class unloading, 0.0003646 secs]2021-01-22T01:09:04.889+0800: 2.458: [scrub symbol table, 0.0004801 secs]2021-01-22T01:09:04.890+0800: 2.459: [scrub string table, 0.0003752 secs][1 CMS-remark: 1310735K(1415616K)] 1389820K(2029056K), 0.0045751 secs] [Times: user=0.01 sys=0.00, real=0.01 secs] 
2021-01-22T01:09:04.891+0800: 2.460: [CMS-concurrent-sweep-start]
2021-01-22T01:09:04.893+0800: 2.462: [CMS-concurrent-sweep: 0.002/0.002 secs] [Times: user=0.00 sys=0.00, real=0.00 secs] 
2021-01-22T01:09:04.894+0800: 2.463: [CMS-concurrent-reset-start]
2021-01-22T01:09:04.895+0800: 2.464: [CMS-concurrent-reset: 0.001/0.001 secs] [Times: user=0.00 sys=0.00, real=0.00 secs] 
2021-01-22T01:09:04.962+0800: 2.531: [GC (Allocation Failure) 2021-01-22T01:09:04.962+0800: 2.531: [ParNew: 613439K->68094K(613440K), 0.0291345 secs] 1174833K->750100K(2029056K), 0.0298478 secs] [Times: user=0.23 sys=0.00, real=0.03 secs] 
2021-01-22T01:09:05.065+0800: 2.634: [GC (Allocation Failure) 2021-01-22T01:09:05.065+0800: 2.634: [ParNew: 613438K->68094K(613440K), 0.0265922 secs] 1295444K->872757K(2029056K), 0.0273730 secs] [Times: user=0.21 sys=0.00, real=0.03 secs] 
2021-01-22T01:09:05.161+0800: 2.730: [GC (Allocation Failure) 2021-01-22T01:09:05.161+0800: 2.730: [ParNew: 613438K->68094K(613440K), 0.0259258 secs] 1418101K->998815K(2029056K), 0.0269344 secs] [Times: user=0.19 sys=0.00, real=0.02 secs] 
2021-01-22T01:09:05.189+0800: 2.758: [GC (CMS Initial Mark) [1 CMS-initial-mark: 930720K(1415616K)] 1010084K(2029056K), 0.0015499 secs] [Times: user=0.01 sys=0.00, real=0.00 secs] 
2021-01-22T01:09:05.191+0800: 2.760: [CMS-concurrent-mark-start]
2021-01-22T01:09:05.194+0800: 2.763: [CMS-concurrent-mark: 0.003/0.003 secs] [Times: user=0.00 sys=0.00, real=0.00 secs] 
2021-01-22T01:09:05.194+0800: 2.764: [CMS-concurrent-preclean-start]
2021-01-22T01:09:05.196+0800: 2.765: [CMS-concurrent-preclean: 0.002/0.002 secs] [Times: user=0.00 sys=0.00, real=0.00 secs] 
2021-01-22T01:09:05.197+0800: 2.766: [CMS-concurrent-abortable-preclean-start]
2021-01-22T01:09:05.256+0800: 2.826: [GC (Allocation Failure) 2021-01-22T01:09:05.257+0800: 2.826: [ParNew: 613438K->68095K(613440K), 0.0247335 secs] 1544159K->1121056K(2029056K), 0.0256168 secs] [Times: user=0.19 sys=0.00, real=0.03 secs] 
2021-01-22T01:09:05.351+0800: 2.920: [GC (Allocation Failure) 2021-01-22T01:09:05.351+0800: 2.920: [ParNew: 613439K->68095K(613440K), 0.0230996 secs] 1666400K->1238459K(2029056K), 0.0241064 secs] [Times: user=0.18 sys=0.00, real=0.02 secs] 
2021-01-22T01:09:05.437+0800: 3.006: [GC (Allocation Failure) 2021-01-22T01:09:05.438+0800: 3.007: [ParNew: 613439K->68095K(613440K), 0.0241990 secs] 1783803K->1363307K(2029056K), 0.0252463 secs] [Times: user=0.19 sys=0.00, real=0.03 secs] 
2021-01-22T01:09:05.527+0800: 3.096: [GC (Allocation Failure) 2021-01-22T01:09:05.527+0800: 3.096: [ParNew: 613439K->613439K(613440K), 0.0002656 secs]2021-01-22T01:09:05.528+0800: 3.097: [CMS2021-01-22T01:09:05.528+0800: 3.097: [CMS-concurrent-abortable-preclean: 0.013/0.331 secs] [Times: user=0.82 sys=0.00, real=0.33 secs] 
 (concurrent mode failure): 1295211K->380444K(1415616K), 0.0561583 secs] 1908651K->380444K(2029056K), [Metaspace: 2809K->2809K(1056768K)], 0.0575584 secs] [Times: user=0.06 sys=0.00, real=0.06 secs] 
2021-01-22T01:09:05.653+0800: 3.222: [GC (Allocation Failure) 2021-01-22T01:09:05.653+0800: 3.222: [ParNew: 545344K->68095K(613440K), 0.0201949 secs] 925788K->528826K(2029056K), 0.0212060 secs] [Times: user=0.15 sys=0.00, real=0.02 secs] 
2021-01-22T01:09:05.744+0800: 3.313: [GC (Allocation Failure) 2021-01-22T01:09:05.744+0800: 3.313: [ParNew: 613439K->68094K(613440K), 0.0239663 secs] 1074170K->640726K(2029056K), 0.0248065 secs] [Times: user=0.18 sys=0.00, real=0.03 secs] 
2021-01-22T01:09:05.835+0800: 3.404: [GC (Allocation Failure) 2021-01-22T01:09:05.835+0800: 3.404: [ParNew: 613438K->68095K(613440K), 0.0300067 secs] 1186070K->767844K(2029056K), 0.0307703 secs] [Times: user=0.22 sys=0.01, real=0.03 secs] 
2021-01-22T01:09:05.931+0800: 3.500: [GC (Allocation Failure) 2021-01-22T01:09:05.931+0800: 3.500: [ParNew: 613423K->68095K(613440K), 0.0247526 secs] 1313172K->888105K(2029056K), 0.0256524 secs] [Times: user=0.18 sys=0.00, real=0.02 secs] 
2021-01-22T01:09:06.029+0800: 3.598: [GC (Allocation Failure) 2021-01-22T01:09:06.030+0800: 3.599: [ParNew: 613439K->68095K(613440K), 0.0251909 secs] 1433449K->1017166K(2029056K), 0.0260935 secs] [Times: user=0.19 sys=0.00, real=0.02 secs] 
2021-01-22T01:09:06.056+0800: 3.625: [GC (CMS Initial Mark) [1 CMS-initial-mark: 949071K(1415616K)] 1028297K(2029056K), 0.0015207 secs] [Times: user=0.00 sys=0.00, real=0.01 secs] 
2021-01-22T01:09:06.059+0800: 3.628: [CMS-concurrent-mark-start]
2021-01-22T01:09:06.062+0800: 3.631: [CMS-concurrent-mark: 0.003/0.003 secs] [Times: user=0.00 sys=0.01, real=0.00 secs] 
2021-01-22T01:09:06.062+0800: 3.631: [CMS-concurrent-preclean-start]
2021-01-22T01:09:06.064+0800: 3.633: [CMS-concurrent-preclean: 0.001/0.001 secs] [Times: user=0.00 sys=0.00, real=0.00 secs] 
2021-01-22T01:09:06.064+0800: 3.633: [CMS-concurrent-abortable-preclean-start]
2021-01-22T01:09:06.140+0800: 3.709: [GC (Allocation Failure) 2021-01-22T01:09:06.140+0800: 3.709: [ParNew2021-01-22T01:09:06.166+0800: 3.735: [CMS-concurrent-abortable-preclean: 0.002/0.102 secs] [Times: user=0.27 sys=0.00, real=0.10 secs] 
: 613439K->68095K(613440K), 0.0400203 secs] 1562510K->1145309K(2029056K), 0.0407998 secs] [Times: user=0.31 sys=0.00, real=0.04 secs] 
2021-01-22T01:09:06.181+0800: 3.751: [GC (CMS Final Remark) [YG occupancy: 79142 K (613440 K)]2021-01-22T01:09:06.182+0800: 3.751: [Rescan (parallel) , 0.0015264 secs]2021-01-22T01:09:06.183+0800: 3.752: [weak refs processing, 0.0001405 secs]2021-01-22T01:09:06.184+0800: 3.753: [class unloading, 0.0002966 secs]2021-01-22T01:09:06.184+0800: 3.753: [scrub symbol table, 0.0003926 secs]2021-01-22T01:09:06.185+0800: 3.754: [scrub string table, 0.0002808 secs][1 CMS-remark: 1077213K(1415616K)] 1156356K(2029056K), 0.0035502 secs] [Times: user=0.01 sys=0.00, real=0.00 secs] 
2021-01-22T01:09:06.185+0800: 3.754: [CMS-concurrent-sweep-start]
2021-01-22T01:09:06.187+0800: 3.756: [CMS-concurrent-sweep: 0.001/0.001 secs] [Times: user=0.00 sys=0.00, real=0.00 secs] 
2021-01-22T01:09:06.187+0800: 3.756: [CMS-concurrent-reset-start]
2021-01-22T01:09:06.189+0800: 3.758: [CMS-concurrent-reset: 0.001/0.001 secs] [Times: user=0.01 sys=0.00, real=0.01 secs] 
2021-01-22T01:09:06.256+0800: 3.825: [GC (Allocation Failure) 2021-01-22T01:09:06.257+0800: 3.826: [ParNew: 613439K->68095K(613440K), 0.0259002 secs] 1052655K->636419K(2029056K), 0.0264487 secs] [Times: user=0.20 sys=0.00, real=0.03 secs] 
2021-01-22T01:09:06.344+0800: 3.913: [GC (Allocation Failure) 2021-01-22T01:09:06.345+0800: 3.914: [ParNew: 613439K->68095K(613440K), 0.0259426 secs] 1181763K->765762K(2029056K), 0.0268319 secs] [Times: user=0.20 sys=0.00, real=0.03 secs] 
2021-01-22T01:09:06.442+0800: 4.011: [GC (Allocation Failure) 2021-01-22T01:09:06.443+0800: 4.012: [ParNew: 613439K->68094K(613440K), 0.0263159 secs] 1311106K->885408K(2029056K), 0.0272462 secs] [Times: user=0.20 sys=0.00, real=0.03 secs] 
2021-01-22T01:09:06.544+0800: 4.113: [GC (Allocation Failure) 2021-01-22T01:09:06.544+0800: 4.113: [ParNew: 613438K->68095K(613440K), 0.0251555 secs] 1430752K->1002917K(2029056K), 0.0259440 secs] [Times: user=0.19 sys=0.01, real=0.03 secs] 
2021-01-22T01:09:06.634+0800: 4.203: [GC (Allocation Failure) 2021-01-22T01:09:06.634+0800: 4.203: [ParNew: 613439K->68094K(613440K), 0.0277341 secs] 1548261K->1133688K(2029056K), 0.0286529 secs] [Times: user=0.20 sys=0.00, real=0.03 secs] 
2021-01-22T01:09:06.664+0800: 4.233: [GC (CMS Initial Mark) [1 CMS-initial-mark: 1065593K(1415616K)] 1144823K(2029056K), 0.0012873 secs] [Times: user=0.01 sys=0.00, real=0.00 secs] 
2021-01-22T01:09:06.666+0800: 4.235: [CMS-concurrent-mark-start]
2021-01-22T01:09:06.669+0800: 4.238: [CMS-concurrent-mark: 0.004/0.004 secs] [Times: user=0.01 sys=0.00, real=0.01 secs] 
2021-01-22T01:09:06.669+0800: 4.239: [CMS-concurrent-preclean-start]
2021-01-22T01:09:06.671+0800: 4.240: [CMS-concurrent-preclean: 0.002/0.002 secs] [Times: user=0.00 sys=0.00, real=0.00 secs] 
2021-01-22T01:09:06.672+0800: 4.241: [CMS-concurrent-abortable-preclean-start]
2021-01-22T01:09:06.728+0800: 4.297: [GC (Allocation Failure) 2021-01-22T01:09:06.729+0800: 4.298: [ParNew: 613438K->68095K(613440K), 0.0266955 secs] 1679032K->1267078K(2029056K), 0.0275710 secs] [Times: user=0.20 sys=0.00, real=0.02 secs] 
2021-01-22T01:09:06.821+0800: 4.390: [GC (Allocation Failure) 2021-01-22T01:09:06.822+0800: 4.391: [ParNew: 613439K->68094K(613440K), 0.0227107 secs] 1812422K->1378600K(2029056K), 0.0237415 secs] [Times: user=0.18 sys=0.00, real=0.02 secs] 
2021-01-22T01:09:06.908+0800: 4.477: [GC (Allocation Failure) 2021-01-22T01:09:06.908+0800: 4.477: [ParNew: 613438K->613438K(613440K), 0.0003685 secs]2021-01-22T01:09:06.909+0800: 4.478: [CMS2021-01-22T01:09:06.909+0800: 4.478: [CMS-concurrent-abortable-preclean: 0.009/0.238 secs] [Times: user=0.57 sys=0.00, real=0.24 secs] 
 (concurrent mode failure): 1310505K->377526K(1415616K), 0.0541924 secs] 1923944K->377526K(2029056K), [Metaspace: 2816K->2816K(1056768K)], 0.0558252 secs] [Times: user=0.06 sys=0.00, real=0.06 secs] 
2021-01-22T01:09:07.033+0800: 4.602: [GC (Allocation Failure) 2021-01-22T01:09:07.033+0800: 4.602: [ParNew: 545344K->68095K(613440K), 0.0203874 secs] 922870K->529173K(2029056K), 0.0213072 secs] [Times: user=0.15 sys=0.00, real=0.02 secs] 
2021-01-22T01:09:07.126+0800: 4.695: [GC (Allocation Failure) 2021-01-22T01:09:07.127+0800: 4.696: [ParNew: 613439K->68095K(613440K), 0.0253367 secs] 1074517K->648334K(2029056K), 0.0262849 secs] [Times: user=0.20 sys=0.00, real=0.03 secs] 
2021-01-22T01:09:07.223+0800: 4.793: [GC (Allocation Failure) 2021-01-22T01:09:07.224+0800: 4.793: [ParNew: 613439K->68095K(613440K), 0.0274621 secs] 1193678K->779845K(2029056K), 0.0282605 secs] [Times: user=0.21 sys=0.00, real=0.03 secs] 
2021-01-22T01:09:07.320+0800: 4.889: [GC (Allocation Failure) 2021-01-22T01:09:07.320+0800: 4.889: [ParNew: 613439K->68095K(613440K), 0.0242577 secs] 1325189K->901481K(2029056K), 0.0251022 secs] [Times: user=0.19 sys=0.00, real=0.02 secs] 
2021-01-22T01:09:07.410+0800: 4.979: [GC (Allocation Failure) 2021-01-22T01:09:07.410+0800: 4.979: [ParNew: 613439K->68095K(613440K), 0.0248941 secs] 1446825K->1028796K(2029056K), 0.0257215 secs] [Times: user=0.19 sys=0.00, real=0.02 secs] 
2021-01-22T01:09:07.436+0800: 5.005: [GC (CMS Initial Mark) [1 CMS-initial-mark: 960701K(1415616K)] 1039746K(2029056K), 0.0012931 secs] [Times: user=0.00 sys=0.00, real=0.00 secs] 
2021-01-22T01:09:07.438+0800: 5.007: [CMS-concurrent-mark-start]
2021-01-22T01:09:07.441+0800: 5.010: [CMS-concurrent-mark: 0.003/0.003 secs] [Times: user=0.01 sys=0.00, real=0.00 secs] 
2021-01-22T01:09:07.458+0800: 5.027: [CMS-concurrent-preclean-start]
2021-01-22T01:09:07.460+0800: 5.029: [CMS-concurrent-preclean: 0.001/0.001 secs] [Times: user=0.00 sys=0.00, real=0.00 secs] 
2021-01-22T01:09:07.460+0800: 5.029: [CMS-concurrent-abortable-preclean-start]
2021-01-22T01:09:07.506+0800: 5.075: [GC (Allocation Failure) 2021-01-22T01:09:07.506+0800: 5.076: [ParNew: 613439K->68095K(613440K), 0.0262896 secs] 1574140K->1162610K(2029056K), 0.0271205 secs] [Times: user=0.20 sys=0.01, real=0.03 secs] 
2021-01-22T01:09:07.597+0800: 5.166: [GC (Allocation Failure) 2021-01-22T01:09:07.598+0800: 5.167: [ParNew: 613439K->68095K(613440K), 0.0286963 secs] 1707954K->1298784K(2029056K), 0.0295694 secs] [Times: user=0.21 sys=0.01, real=0.03 secs] 
2021-01-22T01:09:07.695+0800: 5.264: [GC (Allocation Failure) 2021-01-22T01:09:07.695+0800: 5.264: [ParNew: 613439K->68095K(613440K), 0.0318290 secs] 1844128K->1420824K(2029056K), 0.0328085 secs] [Times: user=0.23 sys=0.01, real=0.03 secs] 
2021-01-22T01:09:07.728+0800: 5.297: [CMS-concurrent-abortable-preclean: 0.009/0.268 secs] [Times: user=0.83 sys=0.03, real=0.27 secs] 
2021-01-22T01:09:07.748+0800: 5.318: [GC (CMS Final Remark) [YG occupancy: 236489 K (613440 K)]2021-01-22T01:09:07.749+0800: 5.318: [Rescan (parallel) , 0.0013073 secs]2021-01-22T01:09:07.750+0800: 5.319: [weak refs processing, 0.0002274 secs]2021-01-22T01:09:07.751+0800: 5.320: [class unloading, 0.0003853 secs]2021-01-22T01:09:07.751+0800: 5.321: [scrub symbol table, 0.0005167 secs]2021-01-22T01:09:07.752+0800: 5.321: [scrub string table, 0.0003598 secs][1 CMS-remark: 1352729K(1415616K)] 1589218K(2029056K), 0.0042876 secs] [Times: user=0.00 sys=0.00, real=0.00 secs] 
2021-01-22T01:09:07.753+0800: 5.322: [CMS-concurrent-sweep-start]
2021-01-22T01:09:07.755+0800: 5.324: [CMS-concurrent-sweep: 0.002/0.002 secs] [Times: user=0.00 sys=0.00, real=0.00 secs] 
2021-01-22T01:09:07.756+0800: 5.325: [CMS-concurrent-reset-start]
2021-01-22T01:09:07.757+0800: 5.326: [CMS-concurrent-reset: 0.001/0.001 secs] [Times: user=0.01 sys=0.00, real=0.00 secs] 
2021-01-22T01:09:07.800+0800: 5.369: [GC (Allocation Failure) 2021-01-22T01:09:07.800+0800: 5.369: [ParNew: 613439K->68094K(613440K), 0.0245740 secs] 1312537K->885108K(2029056K), 0.0257204 secs] [Times: user=0.19 sys=0.00, real=0.02 secs] 
2021-01-22T01:09:07.827+0800: 5.396: [GC (CMS Initial Mark) [1 CMS-initial-mark: 817013K(1415616K)] 897278K(2029056K), 0.0015540 secs] [Times: user=0.00 sys=0.00, real=0.01 secs] 
2021-01-22T01:09:07.829+0800: 5.398: [CMS-concurrent-mark-start]
2021-01-22T01:09:07.832+0800: 5.401: [CMS-concurrent-mark: 0.003/0.003 secs] [Times: user=0.01 sys=0.00, real=0.00 secs] 
2021-01-22T01:09:07.832+0800: 5.401: [CMS-concurrent-preclean-start]
2021-01-22T01:09:07.834+0800: 5.403: [CMS-concurrent-preclean: 0.001/0.001 secs] [Times: user=0.00 sys=0.00, real=0.00 secs] 
2021-01-22T01:09:07.834+0800: 5.403: [CMS-concurrent-abortable-preclean-start]
2021-01-22T01:09:07.896+0800: 5.465: [GC (Allocation Failure) 2021-01-22T01:09:07.897+0800: 5.466: [ParNew: 613438K->68095K(613440K), 0.0251917 secs] 1430452K->1011226K(2029056K), 0.0260881 secs] [Times: user=0.19 sys=0.00, real=0.03 secs] 
2021-01-22T01:09:07.989+0800: 5.558: [GC (Allocation Failure) 2021-01-22T01:09:07.989+0800: 5.558: [ParNew: 613439K->68095K(613440K), 0.0227831 secs] 1556570K->1119271K(2029056K), 0.0236171 secs] [Times: user=0.17 sys=0.00, real=0.02 secs] 
2021-01-22T01:09:08.079+0800: 5.648: [GC (Allocation Failure) 2021-01-22T01:09:08.080+0800: 5.649: [ParNew: 613439K->68095K(613440K), 0.0247316 secs] 1664615K->1242138K(2029056K), 0.0255965 secs] [Times: user=0.19 sys=0.00, real=0.02 secs] 
2021-01-22T01:09:08.171+0800: 5.740: [GC (Allocation Failure) 2021-01-22T01:09:08.172+0800: 5.741: [ParNew: 613439K->68095K(613440K), 0.0257879 secs] 1787482K->1373420K(2029056K), 0.0267867 secs] [Times: user=0.20 sys=0.00, real=0.03 secs] 
2021-01-22T01:09:08.265+0800: 5.834: [GC (Allocation Failure) 2021-01-22T01:09:08.265+0800: 5.834: [ParNew: 613439K->613439K(613440K), 0.0003618 secs]2021-01-22T01:09:08.266+0800: 5.835: [CMS2021-01-22T01:09:08.266+0800: 5.835: [CMS-concurrent-abortable-preclean: 0.016/0.432 secs] [Times: user=1.10 sys=0.00, real=0.43 secs] 
 (concurrent mode failure): 1305325K->387081K(1415616K), 0.0635777 secs] 1918764K->387081K(2029056K), [Metaspace: 2816K->2816K(1056768K)], 0.0652112 secs] [Times: user=0.06 sys=0.00, real=0.07 secs] 
2021-01-22T01:09:08.412+0800: 5.981: [GC (Allocation Failure) 2021-01-22T01:09:08.412+0800: 5.981: [ParNew: 545344K->68095K(613440K), 0.0277332 secs] 932425K->536676K(2029056K), 0.0284884 secs] [Times: user=0.19 sys=0.02, real=0.03 secs] 
2021-01-22T01:09:08.510+0800: 6.079: [GC (Allocation Failure) 2021-01-22T01:09:08.510+0800: 6.079: [ParNew: 613439K->68095K(613440K), 0.0248390 secs] 1082020K->665840K(2029056K), 0.0256140 secs] [Times: user=0.19 sys=0.00, real=0.02 secs] 
2021-01-22T01:09:08.604+0800: 6.173: [GC (Allocation Failure) 2021-01-22T01:09:08.605+0800: 6.174: [ParNew: 613439K->68095K(613440K), 0.0243558 secs] 1211184K->782504K(2029056K), 0.0254420 secs] [Times: user=0.19 sys=0.00, real=0.03 secs] 
2021-01-22T01:09:08.699+0800: 6.268: [GC (Allocation Failure) 2021-01-22T01:09:08.700+0800: 6.269: [ParNew: 613439K->68095K(613440K), 0.0236481 secs] 1327848K->902240K(2029056K), 0.0245458 secs] [Times: user=0.18 sys=0.00, real=0.02 secs] 
2021-01-22T01:09:08.789+0800: 6.358: [GC (Allocation Failure) 2021-01-22T01:09:08.789+0800: 6.358: [ParNew: 613439K->68095K(613440K), 0.0240321 secs] 1447584K->1025345K(2029056K), 0.0251736 secs] [Times: user=0.19 sys=0.00, real=0.02 secs] 
2021-01-22T01:09:08.815+0800: 6.384: [GC (CMS Initial Mark) [1 CMS-initial-mark: 957250K(1415616K)] 1036245K(2029056K), 0.0015958 secs] [Times: user=0.00 sys=0.00, real=0.00 secs] 
2021-01-22T01:09:08.817+0800: 6.386: [CMS-concurrent-mark-start]
2021-01-22T01:09:08.820+0800: 6.389: [CMS-concurrent-mark: 0.003/0.003 secs] [Times: user=0.01 sys=0.00, real=0.01 secs] 
2021-01-22T01:09:08.821+0800: 6.390: [CMS-concurrent-preclean-start]
2021-01-22T01:09:08.823+0800: 6.392: [CMS-concurrent-preclean: 0.002/0.002 secs] [Times: user=0.00 sys=0.00, real=0.00 secs] 
2021-01-22T01:09:08.823+0800: 6.392: [CMS-concurrent-abortable-preclean-start]
2021-01-22T01:09:08.884+0800: 6.453: [GC (Allocation Failure) 2021-01-22T01:09:08.884+0800: 6.453: [ParNew: 613439K->68095K(613440K), 0.0250190 secs] 1570689K->1157327K(2029056K), 0.0258541 secs] [Times: user=0.19 sys=0.00, real=0.03 secs] 
2021-01-22T01:09:08.976+0800: 6.545: [GC (Allocation Failure) 2021-01-22T01:09:08.976+0800: 6.545: [ParNew: 613439K->68095K(613440K), 0.0235822 secs] 1702671K->1273040K(2029056K), 0.0245473 secs] [Times: user=0.18 sys=0.00, real=0.03 secs] 
2021-01-22T01:09:09.066+0800: 6.635: [GC (Allocation Failure) 2021-01-22T01:09:09.067+0800: 6.636: [ParNew: 613439K->68095K(613440K), 0.0242544 secs] 1818384K->1393046K(2029056K), 0.0255269 secs] [Times: user=0.19 sys=0.00, real=0.03 secs] 
2021-01-22T01:09:09.095+0800: 6.664: [CMS-concurrent-abortable-preclean: 0.011/0.272 secs] [Times: user=0.77 sys=0.00, real=0.27 secs] 
2021-01-22T01:09:09.096+0800: 6.665: [GC (CMS Final Remark) [YG occupancy: 91193 K (613440 K)]2021-01-22T01:09:09.096+0800: 6.665: [Rescan (parallel) , 0.0020059 secs]2021-01-22T01:09:09.099+0800: 6.668: [weak refs processing, 0.0005094 secs]2021-01-22T01:09:09.099+0800: 6.669: [class unloading, 0.0008869 secs]2021-01-22T01:09:09.101+0800: 6.670: [scrub symbol table, 0.0006253 secs]2021-01-22T01:09:09.102+0800: 6.671: [scrub string table, 0.0004491 secs][1 CMS-remark: 1324950K(1415616K)] 1416143K(2029056K), 0.0068486 secs] [Times: user=0.01 sys=0.00, real=0.01 secs] 
2021-01-22T01:09:09.103+0800: 6.673: [CMS-concurrent-sweep-start]
2021-01-22T01:09:09.106+0800: 6.675: [CMS-concurrent-sweep: 0.003/0.003 secs] [Times: user=0.00 sys=0.00, real=0.00 secs] 
2021-01-22T01:09:09.107+0800: 6.676: [CMS-concurrent-reset-start]
2021-01-22T01:09:09.108+0800: 6.677: [CMS-concurrent-reset: 0.001/0.001 secs] [Times: user=0.00 sys=0.00, real=0.00 secs] 
2021-01-22T01:09:09.167+0800: 6.736: [GC (Allocation Failure) 2021-01-22T01:09:09.167+0800: 6.736: [ParNew: 613439K->68094K(613440K), 0.0260845 secs] 1284655K->860435K(2029056K), 0.0269518 secs] [Times: user=0.20 sys=0.00, real=0.03 secs] 
2021-01-22T01:09:09.195+0800: 6.764: [GC (CMS Initial Mark) [1 CMS-initial-mark: 792340K(1415616K)] 871404K(2029056K), 0.0013621 secs] [Times: user=0.00 sys=0.00, real=0.00 secs] 
2021-01-22T01:09:09.197+0800: 6.766: [CMS-concurrent-mark-start]
2021-01-22T01:09:09.200+0800: 6.769: [CMS-concurrent-mark: 0.003/0.003 secs] [Times: user=0.01 sys=0.00, real=0.01 secs] 
2021-01-22T01:09:09.200+0800: 6.769: [CMS-concurrent-preclean-start]
2021-01-22T01:09:09.202+0800: 6.771: [CMS-concurrent-preclean: 0.001/0.001 secs] [Times: user=0.00 sys=0.00, real=0.00 secs] 
2021-01-22T01:09:09.202+0800: 6.771: [CMS-concurrent-abortable-preclean-start]
2021-01-22T01:09:09.264+0800: 6.833: [GC (Allocation Failure) 2021-01-22T01:09:09.265+0800: 6.834: [ParNew: 613438K->68095K(613440K), 0.0258102 secs] 1405779K->978094K(2029056K), 0.0267759 secs] [Times: user=0.19 sys=0.01, real=0.03 secs] 
2021-01-22T01:09:09.360+0800: 6.929: [GC (Allocation Failure) 2021-01-22T01:09:09.361+0800: 6.930: [ParNew: 612949K->68095K(613440K), 0.0242624 secs] 1522947K->1091554K(2029056K), 0.0252627 secs] [Times: user=0.18 sys=0.00, real=0.02 secs] 
2021-01-22T01:09:09.461+0800: 7.030: [GC (Allocation Failure) 2021-01-22T01:09:09.461+0800: 7.030: [ParNew2021-01-22T01:09:09.490+0800: 7.059: [CMS-concurrent-abortable-preclean: 0.010/0.288 secs] [Times: user=0.79 sys=0.03, real=0.29 secs] 
: 613439K->68095K(613440K), 0.0297652 secs] 1636898K->1204289K(2029056K), 0.0305689 secs] [Times: user=0.21 sys=0.02, real=0.03 secs] 
2021-01-22T01:09:09.492+0800: 7.061: [GC (CMS Final Remark) [YG occupancy: 79348 K (613440 K)]2021-01-22T01:09:09.492+0800: 7.062: [Rescan (parallel) , 0.0024213 secs]2021-01-22T01:09:09.495+0800: 7.064: [weak refs processing, 0.0002808 secs]2021-01-22T01:09:09.496+0800: 7.065: [class unloading, 0.0004775 secs]2021-01-22T01:09:09.497+0800: 7.066: [scrub symbol table, 0.0004464 secs]2021-01-22T01:09:09.497+0800: 7.066: [scrub string table, 0.0002766 secs][1 CMS-remark: 1136193K(1415616K)] 1215542K(2029056K), 0.0054370 secs] [Times: user=0.01 sys=0.00, real=0.00 secs] 
2021-01-22T01:09:09.498+0800: 7.067: [CMS-concurrent-sweep-start]
2021-01-22T01:09:09.500+0800: 7.069: [CMS-concurrent-sweep: 0.002/0.002 secs] [Times: user=0.00 sys=0.00, real=0.01 secs] 
2021-01-22T01:09:09.500+0800: 7.069: [CMS-concurrent-reset-start]
2021-01-22T01:09:09.501+0800: 7.071: [CMS-concurrent-reset: 0.001/0.001 secs] [Times: user=0.00 sys=0.00, real=0.00 secs] 
2021-01-22T01:09:09.567+0800: 7.136: [GC (Allocation Failure) 2021-01-22T01:09:09.568+0800: 7.137: [ParNew: 613439K->68094K(613440K), 0.0257675 secs] 1258793K->838475K(2029056K), 0.0265545 secs] [Times: user=0.20 sys=0.00, real=0.03 secs] 
2021-01-22T01:09:09.662+0800: 7.231: [GC (Allocation Failure) 2021-01-22T01:09:09.662+0800: 7.231: [ParNew: 613438K->68095K(613440K), 0.0274565 secs] 1383819K->965079K(2029056K), 0.0283317 secs] [Times: user=0.19 sys=0.00, real=0.03 secs] 
2021-01-22T01:09:09.691+0800: 7.260: [GC (CMS Initial Mark) [1 CMS-initial-mark: 896983K(1415616K)] 976028K(2029056K), 0.0015103 secs] [Times: user=0.00 sys=0.00, real=0.00 secs] 
2021-01-22T01:09:09.694+0800: 7.263: [CMS-concurrent-mark-start]
2021-01-22T01:09:09.696+0800: 7.266: [CMS-concurrent-mark: 0.003/0.003 secs] [Times: user=0.00 sys=0.00, real=0.00 secs] 
2021-01-22T01:09:09.708+0800: 7.277: [CMS-concurrent-preclean-start]
2021-01-22T01:09:09.710+0800: 7.279: [CMS-concurrent-preclean: 0.001/0.001 secs] [Times: user=0.00 sys=0.00, real=0.00 secs] 
2021-01-22T01:09:09.710+0800: 7.279: [CMS-concurrent-abortable-preclean-start]
2021-01-22T01:09:09.762+0800: 7.331: [GC (Allocation Failure) 2021-01-22T01:09:09.762+0800: 7.331: [ParNew: 613439K->68095K(613440K), 0.0258856 secs] 1510423K->1082887K(2029056K), 0.0268133 secs] [Times: user=0.18 sys=0.02, real=0.03 secs] 
2021-01-22T01:09:09.855+0800: 7.424: [GC (Allocation Failure) 2021-01-22T01:09:09.856+0800: 7.425: [ParNew: 613439K->68094K(613440K), 0.0245747 secs] 1628231K->1207048K(2029056K), 0.0254780 secs] [Times: user=0.19 sys=0.00, real=0.03 secs] 
2021-01-22T01:09:09.948+0800: 7.517: [GC (Allocation Failure) 2021-01-22T01:09:09.948+0800: 7.517: [ParNew: 613438K->68095K(613440K), 0.0238678 secs] 1752392K->1325159K(2029056K), 0.0246455 secs] [Times: user=0.19 sys=0.00, real=0.03 secs] 
2021-01-22T01:09:10.040+0800: 7.609: [GC (Allocation Failure) 2021-01-22T01:09:10.040+0800: 7.609: [ParNew: 613439K->68095K(613440K), 0.0326164 secs] 1870503K->1452943K(2029056K), 0.0333871 secs] [Times: user=0.25 sys=0.00, real=0.03 secs] 
2021-01-22T01:09:10.074+0800: 7.643: [CMS-concurrent-abortable-preclean: 0.013/0.363 secs] [Times: user=1.07 sys=0.02, real=0.36 secs] 
2021-01-22T01:09:10.074+0800: 7.643: [GC (CMS Final Remark) [YG occupancy: 79231 K (613440 K)]2021-01-22T01:09:10.074+0800: 7.643: [Rescan (parallel) , 0.0012638 secs]2021-01-22T01:09:10.076+0800: 7.645: [weak refs processing, 0.0003468 secs]2021-01-22T01:09:10.077+0800: 7.646: [class unloading, 0.0004615 secs]2021-01-22T01:09:10.077+0800: 7.646: [scrub symbol table, 0.0005303 secs]2021-01-22T01:09:10.078+0800: 7.647: [scrub string table, 0.0004286 secs][1 CMS-remark: 1384847K(1415616K)] 1464079K(2029056K), 0.0045833 secs] [Times: user=0.01 sys=0.00, real=0.01 secs] 
2021-01-22T01:09:10.079+0800: 7.648: [CMS-concurrent-sweep-start]
2021-01-22T01:09:10.082+0800: 7.651: [CMS-concurrent-sweep: 0.003/0.003 secs] [Times: user=0.00 sys=0.00, real=0.00 secs] 
2021-01-22T01:09:10.082+0800: 7.651: [CMS-concurrent-reset-start]
2021-01-22T01:09:10.084+0800: 7.653: [CMS-concurrent-reset: 0.001/0.001 secs] [Times: user=0.00 sys=0.00, real=0.00 secs] 
2021-01-22T01:09:10.145+0800: 7.714: [GC (Allocation Failure) 2021-01-22T01:09:10.145+0800: 7.714: [ParNew: 613439K->68095K(613440K), 0.0267382 secs] 1394445K->974558K(2029056K), 0.0275687 secs] [Times: user=0.20 sys=0.00, real=0.03 secs] 
2021-01-22T01:09:10.173+0800: 7.742: [GC (CMS Initial Mark) [1 CMS-initial-mark: 906462K(1415616K)] 985623K(2029056K), 0.0015352 secs] [Times: user=0.00 sys=0.00, real=0.00 secs] 
2021-01-22T01:09:10.176+0800: 7.745: [CMS-concurrent-mark-start]
2021-01-22T01:09:10.179+0800: 7.748: [CMS-concurrent-mark: 0.003/0.003 secs] [Times: user=0.01 sys=0.00, real=0.01 secs] 
2021-01-22T01:09:10.180+0800: 7.749: [CMS-concurrent-preclean-start]
2021-01-22T01:09:10.181+0800: 7.750: [CMS-concurrent-preclean: 0.001/0.001 secs] [Times: user=0.00 sys=0.00, real=0.00 secs] 
2021-01-22T01:09:10.182+0800: 7.751: [CMS-concurrent-abortable-preclean-start]
2021-01-22T01:09:10.242+0800: 7.811: [GC (Allocation Failure) 2021-01-22T01:09:10.242+0800: 7.811: [ParNew: 613439K->68095K(613440K), 0.0265627 secs] 1519902K->1099408K(2029056K), 0.0274378 secs] [Times: user=0.21 sys=0.00, real=0.03 secs] 
2021-01-22T01:09:10.338+0800: 7.907: [GC (Allocation Failure) 2021-01-22T01:09:10.338+0800: 7.907: [ParNew: 613439K->68095K(613440K), 0.0253895 secs] 1644752K->1218900K(2029056K), 0.0263647 secs] [Times: user=0.19 sys=0.00, real=0.03 secs] 
2021-01-22T01:09:10.432+0800: 8.001: [GC (Allocation Failure) 2021-01-22T01:09:10.433+0800: 8.002: [ParNew: 613439K->68095K(613440K), 0.0258979 secs] 1764244K->1345692K(2029056K), 0.0268068 secs] [Times: user=0.19 sys=0.01, real=0.03 secs] 
2021-01-22T01:09:10.527+0800: 8.096: [GC (Allocation Failure) 2021-01-22T01:09:10.528+0800: 8.097: [ParNew: 613439K->68094K(613440K), 0.0277116 secs] 1891036K->1465897K(2029056K), 0.0286177 secs] [Times: user=0.21 sys=0.00, real=0.03 secs] 
2021-01-22T01:09:10.557+0800: 8.126: [CMS-concurrent-abortable-preclean: 0.014/0.375 secs] [Times: user=1.08 sys=0.01, real=0.37 secs] 
2021-01-22T01:09:10.557+0800: 8.126: [GC (CMS Final Remark) [YG occupancy: 79163 K (613440 K)]2021-01-22T01:09:10.558+0800: 8.127: [Rescan (parallel) , 0.0024468 secs]2021-01-22T01:09:10.561+0800: 8.130: [weak refs processing, 0.0003922 secs]2021-01-22T01:09:10.561+0800: 8.130: [class unloading, 0.0006079 secs]2021-01-22T01:09:10.562+0800: 8.131: [scrub symbol table, 0.0007105 secs]2021-01-22T01:09:10.563+0800: 8.132: [scrub string table, 0.0005967 secs][1 CMS-remark: 1397803K(1415616K)] 1476966K(2029056K), 0.0070597 secs] [Times: user=0.01 sys=0.01, real=0.01 secs] 
2021-01-22T01:09:10.565+0800: 8.134: [CMS-concurrent-sweep-start]
2021-01-22T01:09:10.569+0800: 8.138: [CMS-concurrent-sweep: 0.003/0.003 secs] [Times: user=0.01 sys=0.00, real=0.01 secs] 
2021-01-22T01:09:10.569+0800: 8.138: [CMS-concurrent-reset-start]
2021-01-22T01:09:10.571+0800: 8.140: [CMS-concurrent-reset: 0.002/0.002 secs] [Times: user=0.00 sys=0.00, real=0.00 secs] 
2021-01-22T01:09:10.637+0800: 8.206: [GC (Allocation Failure) 2021-01-22T01:09:10.637+0800: 8.206: [ParNew: 613438K->68095K(613440K), 0.0326230 secs] 1413189K->992302K(2029056K), 0.0333935 secs] [Times: user=0.25 sys=0.00, real=0.04 secs] 
2021-01-22T01:09:10.671+0800: 8.240: [GC (CMS Initial Mark) [1 CMS-initial-mark: 924206K(1415616K)] 1003457K(2029056K), 0.0009581 secs] [Times: user=0.00 sys=0.00, real=0.00 secs] 
2021-01-22T01:09:10.672+0800: 8.241: [CMS-concurrent-mark-start]
2021-01-22T01:09:10.677+0800: 8.246: [CMS-concurrent-mark: 0.005/0.005 secs] [Times: user=0.01 sys=0.00, real=0.00 secs] 
2021-01-22T01:09:10.678+0800: 8.247: [CMS-concurrent-preclean-start]
2021-01-22T01:09:10.680+0800: 8.249: [CMS-concurrent-preclean: 0.002/0.002 secs] [Times: user=0.01 sys=0.00, real=0.01 secs] 
2021-01-22T01:09:10.681+0800: 8.250: [CMS-concurrent-abortable-preclean-start]
2021-01-22T01:09:10.738+0800: 8.307: [GC (Allocation Failure) 2021-01-22T01:09:10.738+0800: 8.307: [ParNew: 613439K->68094K(613440K), 0.0274326 secs] 1537646K->1114827K(2029056K), 0.0279564 secs] [Times: user=0.22 sys=0.00, real=0.03 secs] 
2021-01-22T01:09:10.834+0800: 8.403: [GC (Allocation Failure) 2021-01-22T01:09:10.834+0800: 8.403: [ParNew: 613438K->68095K(613440K), 0.0302769 secs] 1660171K->1235287K(2029056K), 0.0311685 secs] [Times: user=0.23 sys=0.00, real=0.03 secs] 
2021-01-22T01:09:10.932+0800: 8.502: [GC (Allocation Failure) 2021-01-22T01:09:10.933+0800: 8.502: [ParNew: 613439K->68095K(613440K), 0.0262195 secs] 1780631K->1357704K(2029056K), 0.0271583 secs] [Times: user=0.19 sys=0.01, real=0.03 secs] 
2021-01-22T01:09:11.025+0800: 8.595: [GC (Allocation Failure) 2021-01-22T01:09:11.026+0800: 8.595: [ParNew (promotion failed): 613439K->613439K(613440K), 0.0290301 secs]2021-01-22T01:09:11.055+0800: 8.624: [CMS2021-01-22T01:09:11.056+0800: 8.625: [CMS-concurrent-abortable-preclean: 0.013/0.375 secs] [Times: user=1.12 sys=0.02, real=0.37 secs] 
 (concurrent mode failure): 1411619K->375554K(1415616K), 0.0619640 secs] 1903048K->375554K(2029056K), [Metaspace: 2816K->2816K(1056768K)], 0.0921866 secs] [Times: user=0.27 sys=0.01, real=0.09 secs] 
2021-01-22T01:09:11.195+0800: 8.764: [GC (Allocation Failure) 2021-01-22T01:09:11.195+0800: 8.764: [ParNew: 544703K->68095K(613440K), 0.0273194 secs] 920257K->517162K(2029056K), 0.0279642 secs] [Times: user=0.21 sys=0.01, real=0.03 secs] 
2021-01-22T01:09:11.289+0800: 8.858: [GC (Allocation Failure) 2021-01-22T01:09:11.290+0800: 8.859: [ParNew: 613439K->68095K(613440K), 0.0237920 secs] 1062506K->628392K(2029056K), 0.0247093 secs] [Times: user=0.18 sys=0.00, real=0.02 secs] 
2021-01-22T01:09:11.381+0800: 8.950: [GC (Allocation Failure) 2021-01-22T01:09:11.382+0800: 8.951: [ParNew: 613439K->68095K(613440K), 0.0233538 secs] 1173736K->750189K(2029056K), 0.0241823 secs] [Times: user=0.18 sys=0.00, real=0.02 secs] 
2021-01-22T01:09:11.472+0800: 9.041: [GC (Allocation Failure) 2021-01-22T01:09:11.473+0800: 9.042: [ParNew: 613439K->68095K(613440K), 0.0230788 secs] 1295533K->864709K(2029056K), 0.0239890 secs] [Times: user=0.17 sys=0.00, real=0.02 secs] 
2021-01-22T01:09:11.497+0800: 9.066: [GC (CMS Initial Mark) [1 CMS-initial-mark: 796613K(1415616K)] 875765K(2029056K), 0.0013207 secs] [Times: user=0.00 sys=0.00, real=0.01 secs] 
2021-01-22T01:09:11.499+0800: 9.068: [CMS-concurrent-mark-start]
2021-01-22T01:09:11.502+0800: 9.071: [CMS-concurrent-mark: 0.003/0.003 secs] [Times: user=0.00 sys=0.01, real=0.00 secs] 
2021-01-22T01:09:11.502+0800: 9.071: [CMS-concurrent-preclean-start]
2021-01-22T01:09:11.503+0800: 9.072: [CMS-concurrent-preclean: 0.001/0.001 secs] [Times: user=0.00 sys=0.00, real=0.00 secs] 
2021-01-22T01:09:11.504+0800: 9.073: [CMS-concurrent-abortable-preclean-start]
2021-01-22T01:09:11.565+0800: 9.134: [GC (Allocation Failure) 2021-01-22T01:09:11.565+0800: 9.134: [ParNew: 613439K->68095K(613440K), 0.0223291 secs] 1410053K->973102K(2029056K), 0.0232606 secs] [Times: user=0.17 sys=0.00, real=0.03 secs] 
2021-01-22T01:09:11.652+0800: 9.221: [GC (Allocation Failure) 2021-01-22T01:09:11.652+0800: 9.221: [ParNew: 613439K->68095K(613440K), 0.0242153 secs] 1518446K->1094178K(2029056K), 0.0250345 secs] [Times: user=0.18 sys=0.00, real=0.02 secs] 
2021-01-22T01:09:11.746+0800: 9.315: [GC (Allocation Failure) 2021-01-22T01:09:11.747+0800: 9.316: [ParNew: 613439K->68095K(613440K), 0.0288711 secs] 1639522K->1218543K(2029056K), 0.0296600 secs] [Times: user=0.23 sys=0.00, real=0.03 secs] 
2021-01-22T01:09:11.842+0800: 9.411: [GC (Allocation Failure) 2021-01-22T01:09:11.843+0800: 9.412: [ParNew: 613439K->68095K(613440K), 0.0221910 secs] 1763887K->1332438K(2029056K), 0.0230082 secs] [Times: user=0.17 sys=0.00, real=0.02 secs] 
2021-01-22T01:09:11.933+0800: 9.502: [GC (Allocation Failure) 2021-01-22T01:09:11.934+0800: 9.503: [ParNew: 613439K->68094K(613440K), 0.0238830 secs] 1877782K->1454909K(2029056K), 0.0245940 secs] [Times: user=0.18 sys=0.00, real=0.03 secs] 
2021-01-22T01:09:11.958+0800: 9.527: [CMS-concurrent-abortable-preclean: 0.019/0.455 secs] [Times: user=1.28 sys=0.00, real=0.46 secs] 
2021-01-22T01:09:11.978+0800: 9.547: [GC (CMS Final Remark) [YG occupancy: 241894 K (613440 K)]2021-01-22T01:09:11.979+0800: 9.548: [Rescan (parallel) , 0.0012055 secs]2021-01-22T01:09:11.980+0800: 9.549: [weak refs processing, 0.0001961 secs]2021-01-22T01:09:11.981+0800: 9.550: [class unloading, 0.0003274 secs]2021-01-22T01:09:11.981+0800: 9.550: [scrub symbol table, 0.0004242 secs]2021-01-22T01:09:11.982+0800: 9.551: [scrub string table, 0.0003055 secs][1 CMS-remark: 1386814K(1415616K)] 1628708K(2029056K), 0.0036642 secs] [Times: user=0.01 sys=0.00, real=0.00 secs] 
2021-01-22T01:09:11.983+0800: 9.552: [CMS-concurrent-sweep-start]
2021-01-22T01:09:11.984+0800: 9.553: [CMS-concurrent-sweep: 0.002/0.002 secs] [Times: user=0.00 sys=0.00, real=0.00 secs] 
2021-01-22T01:09:11.985+0800: 9.554: [CMS-concurrent-reset-start]
2021-01-22T01:09:11.986+0800: 9.555: [CMS-concurrent-reset: 0.001/0.001 secs] [Times: user=0.00 sys=0.00, real=0.00 secs] 
2021-01-22T01:09:12.025+0800: 9.594: [GC (Allocation Failure) 2021-01-22T01:09:12.025+0800: 9.595: [ParNew: 613438K->68094K(613440K), 0.0262617 secs] 1499736K->1081690K(2029056K), 0.0269932 secs] [Times: user=0.19 sys=0.01, real=0.03 secs] 
2021-01-22T01:09:12.053+0800: 9.622: [GC (CMS Initial Mark) [1 CMS-initial-mark: 1013596K(1415616K)] 1092938K(2029056K), 0.0010961 secs] [Times: user=0.00 sys=0.00, real=0.00 secs] 
2021-01-22T01:09:12.055+0800: 9.624: [CMS-concurrent-mark-start]
2021-01-22T01:09:12.058+0800: 9.627: [CMS-concurrent-mark: 0.003/0.003 secs] [Times: user=0.01 sys=0.00, real=0.01 secs] 
2021-01-22T01:09:12.059+0800: 9.628: [CMS-concurrent-preclean-start]
2021-01-22T01:09:12.061+0800: 9.630: [CMS-concurrent-preclean: 0.002/0.002 secs] [Times: user=0.00 sys=0.00, real=0.00 secs] 
2021-01-22T01:09:12.062+0800: 9.631: [CMS-concurrent-abortable-preclean-start]
2021-01-22T01:09:12.122+0800: 9.691: [GC (Allocation Failure) 2021-01-22T01:09:12.123+0800: 9.692: [ParNew: 613438K->68095K(613440K), 0.0235371 secs] 1627034K->1199260K(2029056K), 0.0244369 secs] [Times: user=0.18 sys=0.00, real=0.02 secs] 
2021-01-22T01:09:12.228+0800: 9.797: [GC (Allocation Failure) 2021-01-22T01:09:12.229+0800: 9.798: [ParNew2021-01-22T01:09:12.252+0800: 9.821: [CMS-concurrent-abortable-preclean: 0.005/0.190 secs] [Times: user=0.51 sys=0.00, real=0.19 secs] 
: 613439K->68095K(613440K), 0.0296447 secs] 1744604K->1319434K(2029056K), 0.0303672 secs] [Times: user=0.23 sys=0.00, real=0.03 secs] 
2021-01-22T01:09:12.260+0800: 9.829: [GC (CMS Final Remark) [YG occupancy: 79016 K (613440 K)]2021-01-22T01:09:12.260+0800: 9.829: [Rescan (parallel) , 0.0018119 secs]2021-01-22T01:09:12.262+0800: 9.831: [weak refs processing, 0.0003430 secs]2021-01-22T01:09:12.263+0800: 9.832: [class unloading, 0.0004059 secs]2021-01-22T01:09:12.263+0800: 9.832: [scrub symbol table, 0.0005051 secs]2021-01-22T01:09:12.264+0800: 9.833: [scrub string table, 0.0004193 secs][1 CMS-remark: 1251338K(1415616K)] 1330355K(2029056K), 0.0050061 secs] [Times: user=0.00 sys=0.00, real=0.00 secs] 
2021-01-22T01:09:12.265+0800: 9.834: [CMS-concurrent-sweep-start]
2021-01-22T01:09:12.268+0800: 9.837: [CMS-concurrent-sweep: 0.002/0.002 secs] [Times: user=0.01 sys=0.00, real=0.00 secs] 
2021-01-22T01:09:12.268+0800: 9.837: [CMS-concurrent-reset-start]
2021-01-22T01:09:12.269+0800: 9.838: [CMS-concurrent-reset: 0.001/0.001 secs] [Times: user=0.00 sys=0.00, real=0.01 secs] 
2021-01-22T01:09:12.334+0800: 9.903: [GC (Allocation Failure) 2021-01-22T01:09:12.335+0800: 9.904: [ParNew: 613439K->68095K(613440K), 0.0301262 secs] 1165253K->747403K(2029056K), 0.0307926 secs] [Times: user=0.23 sys=0.00, real=0.03 secs] 
2021-01-22T01:09:12.433+0800: 10.002: [GC (Allocation Failure) 2021-01-22T01:09:12.434+0800: 10.003: [ParNew: 613439K->68095K(613440K), 0.0257420 secs] 1292747K->867926K(2029056K), 0.0266292 secs] [Times: user=0.20 sys=0.00, real=0.03 secs] 
2021-01-22T01:09:12.461+0800: 10.030: [GC (CMS Initial Mark) [1 CMS-initial-mark: 799830K(1415616K)] 879473K(2029056K), 0.0011425 secs] [Times: user=0.00 sys=0.00, real=0.00 secs] 
2021-01-22T01:09:12.463+0800: 10.032: [CMS-concurrent-mark-start]
2021-01-22T01:09:12.466+0800: 10.035: [CMS-concurrent-mark: 0.003/0.003 secs] [Times: user=0.01 sys=0.00, real=0.00 secs] 
2021-01-22T01:09:12.466+0800: 10.035: [CMS-concurrent-preclean-start]
2021-01-22T01:09:12.468+0800: 10.037: [CMS-concurrent-preclean: 0.001/0.001 secs] [Times: user=0.00 sys=0.00, real=0.00 secs] 
2021-01-22T01:09:12.468+0800: 10.037: [CMS-concurrent-abortable-preclean-start]
2021-01-22T01:09:12.526+0800: 10.095: [GC (Allocation Failure) 2021-01-22T01:09:12.526+0800: 10.095: [ParNew: 613439K->68095K(613440K), 0.0302254 secs] 1413270K->1004432K(2029056K), 0.0312384 secs] [Times: user=0.23 sys=0.00, real=0.03 secs] 
2021-01-22T01:09:12.625+0800: 10.194: [GC (Allocation Failure) 2021-01-22T01:09:12.625+0800: 10.194: [ParNew: 613439K->68095K(613440K), 0.0281907 secs] 1549776K->1133774K(2029056K), 0.0289334 secs] [Times: user=0.21 sys=0.00, real=0.03 secs] 
2021-01-22T01:09:12.719+0800: 10.288: [GC (Allocation Failure) 2021-01-22T01:09:12.719+0800: 10.288: [ParNew: 613439K->68095K(613440K), 0.0276822 secs] 1679118K->1261432K(2029056K), 0.0282642 secs] [Times: user=0.21 sys=0.00, real=0.02 secs] 
2021-01-22T01:09:12.815+0800: 10.384: [GC (Allocation Failure) 2021-01-22T01:09:12.815+0800: 10.384: [ParNew2021-01-22T01:09:12.852+0800: 10.421: [CMS-concurrent-abortable-preclean: 0.013/0.383 secs] [Times: user=1.21 sys=0.01, real=0.39 secs] 
: 613439K->68095K(613440K), 0.0409582 secs] 1806776K->1392132K(2029056K), 0.0415871 secs] [Times: user=0.31 sys=0.01, real=0.04 secs] 
2021-01-22T01:09:12.857+0800: 10.426: [GC (CMS Final Remark) [YG occupancy: 79184 K (613440 K)]2021-01-22T01:09:12.857+0800: 10.427: [Rescan (parallel) , 0.0014136 secs]2021-01-22T01:09:12.859+0800: 10.428: [weak refs processing, 0.0001810 secs]2021-01-22T01:09:12.859+0800: 10.428: [class unloading, 0.0003646 secs]2021-01-22T01:09:12.860+0800: 10.429: [scrub symbol table, 0.0004267 secs]2021-01-22T01:09:12.860+0800: 10.430: [scrub string table, 0.0003892 secs][1 CMS-remark: 1324036K(1415616K)] 1403220K(2029056K), 0.0038040 secs] [Times: user=0.01 sys=0.00, real=0.01 secs] 
2021-01-22T01:09:12.862+0800: 10.431: [CMS-concurrent-sweep-start]
2021-01-22T01:09:12.864+0800: 10.433: [CMS-concurrent-sweep: 0.002/0.002 secs] [Times: user=0.00 sys=0.00, real=0.00 secs] 
2021-01-22T01:09:12.864+0800: 10.433: [CMS-concurrent-reset-start]
2021-01-22T01:09:12.866+0800: 10.435: [CMS-concurrent-reset: 0.001/0.001 secs] [Times: user=0.01 sys=0.00, real=0.00 secs] 
2021-01-22T01:09:12.927+0800: 10.496: [GC (Allocation Failure) 2021-01-22T01:09:12.927+0800: 10.496: [ParNew: 613439K->68095K(613440K), 0.0292785 secs] 1444119K->1030422K(2029056K), 0.0298056 secs] [Times: user=0.23 sys=0.00, real=0.03 secs] 
2021-01-22T01:09:12.957+0800: 10.527: [GC (CMS Initial Mark) [1 CMS-initial-mark: 962327K(1415616K)] 1041691K(2029056K), 0.0007192 secs] [Times: user=0.00 sys=0.00, real=0.01 secs] 
2021-01-22T01:09:12.959+0800: 10.528: [CMS-concurrent-mark-start]
2021-01-22T01:09:12.962+0800: 10.531: [CMS-concurrent-mark: 0.003/0.003 secs] [Times: user=0.00 sys=0.01, real=0.00 secs] 
2021-01-22T01:09:12.962+0800: 10.531: [CMS-concurrent-preclean-start]
2021-01-22T01:09:12.964+0800: 10.533: [CMS-concurrent-preclean: 0.001/0.001 secs] [Times: user=0.00 sys=0.00, real=0.00 secs] 
2021-01-22T01:09:12.964+0800: 10.533: [CMS-concurrent-abortable-preclean-start]
2021-01-22T01:09:13.025+0800: 10.594: [GC (Allocation Failure) 2021-01-22T01:09:13.026+0800: 10.595: [ParNew: 613439K->68095K(613440K), 0.0275513 secs] 1575766K->1148984K(2029056K), 0.0285016 secs] [Times: user=0.21 sys=0.00, real=0.03 secs] 
2021-01-22T01:09:13.118+0800: 10.688: [GC (Allocation Failure) 2021-01-22T01:09:13.119+0800: 10.688: [ParNew: 613439K->68095K(613440K), 0.0253968 secs] 1694328K->1273397K(2029056K), 0.0263915 secs] [Times: user=0.19 sys=0.00, real=0.02 secs] 
2021-01-22T01:09:13.215+0800: 10.784: [GC (Allocation Failure) 2021-01-22T01:09:13.215+0800: 10.784: [ParNew: 613439K->68095K(613440K), 0.0249590 secs] 1818741K->1391464K(2029056K), 0.0257893 secs] [Times: user=0.20 sys=0.00, real=0.03 secs] 
2021-01-22T01:09:13.307+0800: 10.876: [GC (Allocation Failure) 2021-01-22T01:09:13.308+0800: 10.877: [ParNew: 613439K->613439K(613440K), 0.0002900 secs]2021-01-22T01:09:13.308+0800: 10.877: [CMS2021-01-22T01:09:13.309+0800: 10.878: [CMS-concurrent-abortable-preclean: 0.013/0.345 secs] [Times: user=0.88 sys=0.00, real=0.35 secs] 
 (concurrent mode failure): 1323368K->380458K(1415616K), 0.0556943 secs] 1936808K->380458K(2029056K), [Metaspace: 2816K->2816K(1056768K)], 0.0571605 secs] [Times: user=0.05 sys=0.00, real=0.06 secs] 
2021-01-22T01:09:13.428+0800: 10.997: [GC (Allocation Failure) 2021-01-22T01:09:13.428+0800: 10.997: [ParNew: 545344K->68094K(613440K), 0.0198638 secs] 925802K->518856K(2029056K), 0.0208139 secs] [Times: user=0.14 sys=0.00, real=0.03 secs] 
2021-01-22T01:09:13.519+0800: 11.088: [GC (Allocation Failure) 2021-01-22T01:09:13.520+0800: 11.089: [ParNew: 613438K->68095K(613440K), 0.0253450 secs] 1064200K->649859K(2029056K), 0.0263052 secs] [Times: user=0.19 sys=0.00, real=0.02 secs] 
2021-01-22T01:09:13.618+0800: 11.187: [GC (Allocation Failure) 2021-01-22T01:09:13.618+0800: 11.187: [ParNew: 613439K->68095K(613440K), 0.0281161 secs] 1195203K->764762K(2029056K), 0.0288220 secs] [Times: user=0.21 sys=0.00, real=0.03 secs] 
2021-01-22T01:09:13.717+0800: 11.286: [GC (Allocation Failure) 2021-01-22T01:09:13.718+0800: 11.287: [ParNew: 613439K->68095K(613440K), 0.0513003 secs] 1310106K->890402K(2029056K), 0.0519966 secs] [Times: user=0.34 sys=0.03, real=0.06 secs] 
2021-01-22T01:09:13.770+0800: 11.339: [GC (CMS Initial Mark) [1 CMS-initial-mark: 822306K(1415616K)] 901999K(2029056K), 0.0021881 secs] [Times: user=0.01 sys=0.00, real=0.00 secs] 
2021-01-22T01:09:13.773+0800: 11.342: [CMS-concurrent-mark-start]
2021-01-22T01:09:13.779+0800: 11.348: [CMS-concurrent-mark: 0.006/0.006 secs] [Times: user=0.02 sys=0.00, real=0.01 secs] 
2021-01-22T01:09:13.779+0800: 11.348: [CMS-concurrent-preclean-start]
2021-01-22T01:09:13.782+0800: 11.351: [CMS-concurrent-preclean: 0.002/0.002 secs] [Times: user=0.00 sys=0.00, real=0.00 secs] 
2021-01-22T01:09:13.782+0800: 11.351: [CMS-concurrent-abortable-preclean-start]
2021-01-22T01:09:13.844+0800: 11.413: [GC (Allocation Failure) 2021-01-22T01:09:13.845+0800: 11.414: [ParNew: 613439K->68095K(613440K), 0.0364958 secs] 1435746K->1017801K(2029056K), 0.0369448 secs] [Times: user=0.28 sys=0.00, real=0.04 secs] 
2021-01-22T01:09:13.946+0800: 11.515: [GC (Allocation Failure) 2021-01-22T01:09:13.947+0800: 11.516: [ParNew: 613439K->68095K(613440K), 0.0278112 secs] 1563145K->1141852K(2029056K), 0.0286519 secs] [Times: user=0.20 sys=0.00, real=0.03 secs] 
2021-01-22T01:09:14.040+0800: 11.609: [GC (Allocation Failure) 2021-01-22T01:09:14.040+0800: 11.609: [ParNew: 613439K->68095K(613440K), 0.0314260 secs] 1687196K->1261437K(2029056K), 0.0320328 secs] [Times: user=0.24 sys=0.00, real=0.03 secs] 
2021-01-22T01:09:14.148+0800: 11.717: [GC (Allocation Failure) 2021-01-22T01:09:14.149+0800: 11.718: [ParNew2021-01-22T01:09:14.180+0800: 11.749: [CMS-concurrent-abortable-preclean: 0.015/0.398 secs] [Times: user=1.24 sys=0.01, real=0.40 secs] 
: 613439K->68095K(613440K), 0.0384346 secs] 1806781K->1393495K(2029056K), 0.0391658 secs] [Times: user=0.29 sys=0.02, real=0.03 secs] 
2021-01-22T01:09:14.188+0800: 11.757: [GC (CMS Final Remark) [YG occupancy: 79232 K (613440 K)]2021-01-22T01:09:14.188+0800: 11.757: [Rescan (parallel) , 0.0087097 secs]2021-01-22T01:09:14.197+0800: 11.766: [weak refs processing, 0.0001924 secs]2021-01-22T01:09:14.198+0800: 11.767: [class unloading, 0.0003450 secs]2021-01-22T01:09:14.198+0800: 11.767: [scrub symbol table, 0.0005408 secs]2021-01-22T01:09:14.199+0800: 11.768: [scrub string table, 0.0003618 secs][1 CMS-remark: 1325399K(1415616K)] 1404631K(2029056K), 0.0113231 secs] [Times: user=0.06 sys=0.00, real=0.02 secs] 
2021-01-22T01:09:14.200+0800: 11.769: [CMS-concurrent-sweep-start]
2021-01-22T01:09:14.202+0800: 11.771: [CMS-concurrent-sweep: 0.002/0.002 secs] [Times: user=0.00 sys=0.00, real=0.00 secs] 
2021-01-22T01:09:14.218+0800: 11.787: [CMS-concurrent-reset-start]
2021-01-22T01:09:14.220+0800: 11.789: [CMS-concurrent-reset: 0.001/0.001 secs] [Times: user=0.00 sys=0.00, real=0.00 secs] 
2021-01-22T01:09:14.279+0800: 11.849: [GC (Allocation Failure) 2021-01-22T01:09:14.280+0800: 11.849: [ParNew: 613439K->68095K(613440K), 0.0307438 secs] 1429428K->1003899K(2029056K), 0.0312438 secs] [Times: user=0.23 sys=0.00, real=0.03 secs] 
2021-01-22T01:09:14.311+0800: 11.880: [GC (CMS Initial Mark) [1 CMS-initial-mark: 935804K(1415616K)] 1014879K(2029056K), 0.0006075 secs] [Times: user=0.00 sys=0.00, real=0.00 secs] 
2021-01-22T01:09:14.312+0800: 11.881: [CMS-concurrent-mark-start]
2021-01-22T01:09:14.315+0800: 11.884: [CMS-concurrent-mark: 0.003/0.003 secs] [Times: user=0.00 sys=0.00, real=0.00 secs] 
2021-01-22T01:09:14.316+0800: 11.885: [CMS-concurrent-preclean-start]
2021-01-22T01:09:14.317+0800: 11.886: [CMS-concurrent-preclean: 0.001/0.001 secs] [Times: user=0.00 sys=0.00, real=0.00 secs] 
2021-01-22T01:09:14.317+0800: 11.886: [CMS-concurrent-abortable-preclean-start]
2021-01-22T01:09:14.376+0800: 11.945: [GC (Allocation Failure) 2021-01-22T01:09:14.376+0800: 11.946: [ParNew: 613439K->68095K(613440K), 0.0253944 secs] 1549243K->1124212K(2029056K), 0.0258631 secs] [Times: user=0.20 sys=0.00, real=0.03 secs] 
2021-01-22T01:09:14.465+0800: 12.034: [GC (Allocation Failure) 2021-01-22T01:09:14.466+0800: 12.035: [ParNew: 613439K->68095K(613440K), 0.0269254 secs] 1669556K->1252387K(2029056K), 0.0274936 secs] [Times: user=0.21 sys=0.00, real=0.03 secs] 
2021-01-22T01:09:14.556+0800: 12.125: [GC (Allocation Failure) 2021-01-22T01:09:14.557+0800: 12.126: [ParNew: 613439K->68095K(613440K), 0.0312860 secs] 1797731K->1380624K(2029056K), 0.0321771 secs] [Times: user=0.24 sys=0.00, real=0.04 secs] 
2021-01-22T01:09:14.656+0800: 12.225: [GC (Allocation Failure) 2021-01-22T01:09:14.656+0800: 12.225: [ParNew: 613281K->613281K(613440K), 0.0003246 secs]2021-01-22T01:09:14.657+0800: 12.226: [CMS2021-01-22T01:09:14.657+0800: 12.226: [CMS-concurrent-abortable-preclean: 0.013/0.340 secs] [Times: user=0.92 sys=0.00, real=0.34 secs] 
 (concurrent mode failure): 1312528K->382098K(1415616K), 0.0602453 secs] 1925809K->382098K(2029056K), [Metaspace: 2816K->2816K(1056768K)], 0.0630055 secs] [Times: user=0.06 sys=0.00, real=0.07 secs] 
2021-01-22T01:09:14.797+0800: 12.366: [GC (Allocation Failure) 2021-01-22T01:09:14.797+0800: 12.366: [ParNew: 545344K->68094K(613440K), 0.0279436 secs] 927442K->537038K(2029056K), 0.0286170 secs] [Times: user=0.22 sys=0.00, real=0.03 secs] 
2021-01-22T01:09:14.894+0800: 12.463: [GC (Allocation Failure) 2021-01-22T01:09:14.894+0800: 12.463: [ParNew: 613438K->68095K(613440K), 0.0246751 secs] 1082382K->664608K(2029056K), 0.0255341 secs] [Times: user=0.19 sys=0.00, real=0.03 secs] 
2021-01-22T01:09:14.987+0800: 12.557: [GC (Allocation Failure) 2021-01-22T01:09:14.988+0800: 12.557: [ParNew: 613439K->68094K(613440K), 0.0257328 secs] 1209952K->795467K(2029056K), 0.0266520 secs] [Times: user=0.19 sys=0.00, real=0.03 secs] 
2021-01-22T01:09:15.015+0800: 12.584: [GC (CMS Initial Mark) [1 CMS-initial-mark: 727373K(1415616K)] 806435K(2029056K), 0.0019614 secs] [Times: user=0.00 sys=0.00, real=0.00 secs] 
2021-01-22T01:09:15.018+0800: 12.587: [CMS-concurrent-mark-start]
2021-01-22T01:09:15.021+0800: 12.590: [CMS-concurrent-mark: 0.003/0.003 secs] [Times: user=0.00 sys=0.00, real=0.01 secs] 
2021-01-22T01:09:15.021+0800: 12.590: [CMS-concurrent-preclean-start]
2021-01-22T01:09:15.023+0800: 12.592: [CMS-concurrent-preclean: 0.001/0.001 secs] [Times: user=0.00 sys=0.00, real=0.00 secs] 
2021-01-22T01:09:15.023+0800: 12.592: [CMS-concurrent-abortable-preclean-start]
2021-01-22T01:09:15.089+0800: 12.658: [GC (Allocation Failure) 2021-01-22T01:09:15.089+0800: 12.658: [ParNew: 613438K->68095K(613440K), 0.0318930 secs] 1340811K->907309K(2029056K), 0.0327586 secs] [Times: user=0.25 sys=0.00, real=0.03 secs] 
2021-01-22T01:09:15.190+0800: 12.759: [GC (Allocation Failure) 2021-01-22T01:09:15.190+0800: 12.759: [ParNew: 613439K->68095K(613440K), 0.0236343 secs] 1452653K->1025738K(2029056K), 0.0242616 secs] [Times: user=0.18 sys=0.00, real=0.02 secs] 
2021-01-22T01:09:15.277+0800: 12.846: [GC (Allocation Failure) 2021-01-22T01:09:15.277+0800: 12.846: [ParNew: 613439K->68095K(613440K), 0.0273745 secs] 1571082K->1150452K(2029056K), 0.0282322 secs] [Times: user=0.21 sys=0.00, real=0.03 secs] 
2021-01-22T01:09:15.370+0800: 12.939: [GC (Allocation Failure) 2021-01-22T01:09:15.371+0800: 12.940: [ParNew: 613439K->68095K(613440K), 0.0226451 secs] 1695796K->1267537K(2029056K), 0.0236775 secs] [Times: user=0.18 sys=0.00, real=0.02 secs] 
2021-01-22T01:09:15.461+0800: 13.030: [GC (Allocation Failure) 2021-01-22T01:09:15.462+0800: 13.031: [ParNew: 613439K->68095K(613440K), 0.0238419 secs] 1812881K->1390504K(2029056K), 0.0247768 secs] [Times: user=0.18 sys=0.00, real=0.02 secs] 
2021-01-22T01:09:15.553+0800: 13.122: [GC (Allocation Failure) 2021-01-22T01:09:15.553+0800: 13.122: [ParNew: 613439K->613439K(613440K), 0.0003473 secs]2021-01-22T01:09:15.554+0800: 13.123: [CMS2021-01-22T01:09:15.554+0800: 13.123: [CMS-concurrent-abortable-preclean: 0.022/0.531 secs] [Times: user=1.43 sys=0.00, real=0.53 secs] 
 (concurrent mode failure): 1322408K->368782K(1415616K), 0.0550981 secs] 1935848K->368782K(2029056K), [Metaspace: 2816K->2816K(1056768K)], 0.0566189 secs] [Times: user=0.06 sys=0.00, real=0.06 secs] 
2021-01-22T01:09:15.678+0800: 13.247: [GC (Allocation Failure) 2021-01-22T01:09:15.679+0800: 13.248: [ParNew: 545344K->68095K(613440K), 0.0191017 secs] 914126K->522754K(2029056K), 0.0200309 secs] [Times: user=0.15 sys=0.00, real=0.02 secs] 
2021-01-22T01:09:15.769+0800: 13.338: [GC (Allocation Failure) 2021-01-22T01:09:15.769+0800: 13.338: [ParNew: 613439K->68095K(613440K), 0.0267347 secs] 1068098K->651461K(2029056K), 0.0278250 secs] [Times: user=0.20 sys=0.00, real=0.02 secs] 
2021-01-22T01:09:15.862+0800: 13.431: [GC (Allocation Failure) 2021-01-22T01:09:15.863+0800: 13.432: [ParNew: 613439K->68095K(613440K), 0.0236242 secs] 1196805K->765772K(2029056K), 0.0245000 secs] [Times: user=0.18 sys=0.00, real=0.02 secs] 
2021-01-22T01:09:15.888+0800: 13.457: [GC (CMS Initial Mark) [1 CMS-initial-mark: 697676K(1415616K)] 777906K(2029056K), 0.0015577 secs] [Times: user=0.00 sys=0.00, real=0.01 secs] 
2021-01-22T01:09:15.890+0800: 13.459: [CMS-concurrent-mark-start]
2021-01-22T01:09:15.893+0800: 13.462: [CMS-concurrent-mark: 0.002/0.002 secs] [Times: user=0.01 sys=0.00, real=0.00 secs] 
2021-01-22T01:09:15.893+0800: 13.462: [CMS-concurrent-preclean-start]
2021-01-22T01:09:15.895+0800: 13.464: [CMS-concurrent-preclean: 0.001/0.001 secs] [Times: user=0.00 sys=0.00, real=0.00 secs] 
2021-01-22T01:09:15.895+0800: 13.464: [CMS-concurrent-abortable-preclean-start]
2021-01-22T01:09:15.951+0800: 13.520: [GC (Allocation Failure) 2021-01-22T01:09:15.952+0800: 13.521: [ParNew: 613439K->68094K(613440K), 0.0256391 secs] 1311116K->894528K(2029056K), 0.0264017 secs] [Times: user=0.20 sys=0.00, real=0.02 secs] 
2021-01-22T01:09:16.040+0800: 13.609: [GC (Allocation Failure) 2021-01-22T01:09:16.040+0800: 13.609: [ParNew: 613438K->68095K(613440K), 0.0256725 secs] 1439872K->1034915K(2029056K), 0.0265504 secs] [Times: user=0.20 sys=0.00, real=0.02 secs] 
2021-01-22T01:09:16.134+0800: 13.703: [GC (Allocation Failure) 2021-01-22T01:09:16.134+0800: 13.703: [ParNew: 613439K->68094K(613440K), 0.0239480 secs] 1580259K->1158754K(2029056K), 0.0248484 secs] [Times: user=0.17 sys=0.01, real=0.03 secs] 
2021-01-22T01:09:16.228+0800: 13.797: [GC (Allocation Failure) 2021-01-22T01:09:16.228+0800: 13.797: [ParNew: 613438K->68095K(613440K), 0.0331065 secs] 1704098K->1275320K(2029056K), 0.0337590 secs] [Times: user=0.26 sys=0.00, real=0.04 secs] 
2021-01-22T01:09:16.332+0800: 13.901: [GC (Allocation Failure) 2021-01-22T01:09:16.332+0800: 13.901: [ParNew: 613439K->68095K(613440K), 0.0242740 secs] 1820664K->1404480K(2029056K), 0.0250233 secs] [Times: user=0.16 sys=0.02, real=0.02 secs] 
2021-01-22T01:09:16.359+0800: 13.928: [CMS-concurrent-abortable-preclean: 0.019/0.464 secs] [Times: user=1.33 sys=0.04, real=0.47 secs] 
2021-01-22T01:09:16.360+0800: 13.929: [GC (CMS Final Remark) [YG occupancy: 93849 K (613440 K)]2021-01-22T01:09:16.360+0800: 13.929: [Rescan (parallel) , 0.0018896 secs]2021-01-22T01:09:16.362+0800: 13.931: [weak refs processing, 0.0002804 secs]2021-01-22T01:09:16.363+0800: 13.932: [class unloading, 0.0005633 secs]2021-01-22T01:09:16.364+0800: 13.933: [scrub symbol table, 0.0004763 secs]2021-01-22T01:09:16.364+0800: 13.933: [scrub string table, 0.0003135 secs][1 CMS-remark: 1336384K(1415616K)] 1430233K(2029056K), 0.0050238 secs] [Times: user=0.01 sys=0.00, real=0.00 secs] 
2021-01-22T01:09:16.365+0800: 13.934: [CMS-concurrent-sweep-start]
2021-01-22T01:09:16.367+0800: 13.936: [CMS-concurrent-sweep: 0.002/0.002 secs] [Times: user=0.00 sys=0.00, real=0.00 secs] 
2021-01-22T01:09:16.367+0800: 13.936: [CMS-concurrent-reset-start]
2021-01-22T01:09:16.369+0800: 13.938: [CMS-concurrent-reset: 0.001/0.001 secs] [Times: user=0.00 sys=0.00, real=0.01 secs] 
2021-01-22T01:09:16.427+0800: 13.996: [GC (Allocation Failure) 2021-01-22T01:09:16.428+0800: 13.997: [ParNew: 613439K->68095K(613440K), 0.0253516 secs] 1552232K->1132113K(2029056K), 0.0260884 secs] [Times: user=0.19 sys=0.01, real=0.03 secs] 
2021-01-22T01:09:16.454+0800: 14.023: [GC (CMS Initial Mark) [1 CMS-initial-mark: 1064018K(1415616K)] 1143688K(2029056K), 0.0011424 secs] [Times: user=0.00 sys=0.00, real=0.00 secs] 
2021-01-22T01:09:16.456+0800: 14.025: [CMS-concurrent-mark-start]
2021-01-22T01:09:16.460+0800: 14.029: [CMS-concurrent-mark: 0.003/0.003 secs] [Times: user=0.01 sys=0.00, real=0.01 secs] 
2021-01-22T01:09:16.460+0800: 14.029: [CMS-concurrent-preclean-start]
2021-01-22T01:09:16.461+0800: 14.030: [CMS-concurrent-preclean: 0.001/0.001 secs] [Times: user=0.00 sys=0.00, real=0.00 secs] 
2021-01-22T01:09:16.462+0800: 14.031: [CMS-concurrent-abortable-preclean-start]
2021-01-22T01:09:16.519+0800: 14.088: [GC (Allocation Failure) 2021-01-22T01:09:16.520+0800: 14.089: [ParNew: 613439K->68095K(613440K), 0.0290176 secs] 1677457K->1254296K(2029056K), 0.0298470 secs] [Times: user=0.22 sys=0.00, real=0.03 secs] 
2021-01-22T01:09:16.615+0800: 14.184: [GC (Allocation Failure) 2021-01-22T01:09:16.615+0800: 14.184: [ParNew: 613439K->68094K(613440K), 0.0234921 secs] 1799640K->1371815K(2029056K), 0.0242462 secs] [Times: user=0.19 sys=0.00, real=0.03 secs] 
2021-01-22T01:09:16.704+0800: 14.273: [GC (Allocation Failure) 2021-01-22T01:09:16.705+0800: 14.274: [ParNew: 613438K->613438K(613440K), 0.0003338 secs]2021-01-22T01:09:16.705+0800: 14.274: [CMS2021-01-22T01:09:16.706+0800: 14.275: [CMS-concurrent-abortable-preclean: 0.009/0.244 secs] [Times: user=0.60 sys=0.00, real=0.24 secs] 
 (concurrent mode failure): 1303720K->361935K(1415616K), 0.0533389 secs] 1917159K->361935K(2029056K), [Metaspace: 2816K->2816K(1056768K)], 0.0547806 secs] [Times: user=0.06 sys=0.00, real=0.06 secs] 
2021-01-22T01:09:16.828+0800: 14.397: [GC (Allocation Failure) 2021-01-22T01:09:16.828+0800: 14.397: [ParNew: 545344K->68094K(613440K), 0.0211266 secs] 907279K->521462K(2029056K), 0.0219965 secs] [Times: user=0.16 sys=0.00, real=0.03 secs] 
2021-01-22T01:09:16.917+0800: 14.486: [GC (Allocation Failure) 2021-01-22T01:09:16.918+0800: 14.487: [ParNew: 613438K->68095K(613440K), 0.0252608 secs] 1066806K->648132K(2029056K), 0.0264047 secs] [Times: user=0.18 sys=0.01, real=0.03 secs] 
2021-01-22T01:09:17.010+0800: 14.579: [GC (Allocation Failure) 2021-01-22T01:09:17.010+0800: 14.579: [ParNew: 613439K->68095K(613440K), 0.0251012 secs] 1193476K->779633K(2029056K), 0.0259532 secs] [Times: user=0.19 sys=0.00, real=0.02 secs] 
2021-01-22T01:09:17.037+0800: 14.606: [GC (CMS Initial Mark) [1 CMS-initial-mark: 711538K(1415616K)] 790862K(2029056K), 0.0013514 secs] [Times: user=0.00 sys=0.00, real=0.01 secs] 
2021-01-22T01:09:17.039+0800: 14.608: [CMS-concurrent-mark-start]
2021-01-22T01:09:17.041+0800: 14.610: [CMS-concurrent-mark: 0.002/0.002 secs] [Times: user=0.00 sys=0.00, real=0.00 secs] 
2021-01-22T01:09:17.042+0800: 14.611: [CMS-concurrent-preclean-start]
2021-01-22T01:09:17.043+0800: 14.612: [CMS-concurrent-preclean: 0.001/0.001 secs] [Times: user=0.00 sys=0.00, real=0.00 secs] 
2021-01-22T01:09:17.043+0800: 14.612: [CMS-concurrent-abortable-preclean-start]
2021-01-22T01:09:17.108+0800: 14.677: [GC (Allocation Failure) 2021-01-22T01:09:17.108+0800: 14.677: [ParNew: 613439K->68095K(613440K), 0.0249328 secs] 1324977K->909921K(2029056K), 0.0258799 secs] [Times: user=0.19 sys=0.00, real=0.03 secs] 
2021-01-22T01:09:17.200+0800: 14.769: [GC (Allocation Failure) 2021-01-22T01:09:17.200+0800: 14.769: [ParNew: 613439K->68095K(613440K), 0.0265757 secs] 1455265K->1038390K(2029056K), 0.0274816 secs] [Times: user=0.21 sys=0.01, real=0.02 secs] 
2021-01-22T01:09:17.300+0800: 14.869: [GC (Allocation Failure) 2021-01-22T01:09:17.300+0800: 14.869: [ParNew2021-01-22T01:09:17.332+0800: 14.901: [CMS-concurrent-abortable-preclean: 0.009/0.289 secs] [Times: user=0.85 sys=0.01, real=0.29 secs] 
: 613439K->68094K(613440K), 0.0366328 secs] 1583734K->1167256K(2029056K), 0.0375926 secs] [Times: user=0.27 sys=0.01, real=0.03 secs] 
2021-01-22T01:09:17.338+0800: 14.907: [GC (CMS Final Remark) [YG occupancy: 79236 K (613440 K)]2021-01-22T01:09:17.339+0800: 14.908: [Rescan (parallel) , 0.0048371 secs]2021-01-22T01:09:17.344+0800: 14.913: [weak refs processing, 0.0003881 secs]2021-01-22T01:09:17.345+0800: 14.914: [class unloading, 0.0006524 secs]2021-01-22T01:09:17.346+0800: 14.915: [scrub symbol table, 0.0003932 secs]2021-01-22T01:09:17.346+0800: 14.915: [scrub string table, 0.0003653 secs][1 CMS-remark: 1099162K(1415616K)] 1178398K(2029056K), 0.0085142 secs] [Times: user=0.04 sys=0.00, real=0.00 secs] 
2021-01-22T01:09:17.347+0800: 14.916: [CMS-concurrent-sweep-start]
2021-01-22T01:09:17.348+0800: 14.918: [CMS-concurrent-sweep: 0.001/0.001 secs] [Times: user=0.00 sys=0.00, real=0.01 secs] 
2021-01-22T01:09:17.349+0800: 14.918: [CMS-concurrent-reset-start]
2021-01-22T01:09:17.350+0800: 14.919: [CMS-concurrent-reset: 0.001/0.001 secs] [Times: user=0.00 sys=0.00, real=0.00 secs] 
2021-01-22T01:09:17.419+0800: 14.988: [GC (Allocation Failure) 2021-01-22T01:09:17.419+0800: 14.988: [ParNew: 613438K->68095K(613440K), 0.0260734 secs] 1315162K->888738K(2029056K), 0.0268660 secs] [Times: user=0.20 sys=0.00, real=0.02 secs] 
2021-01-22T01:09:17.446+0800: 15.015: [GC (CMS Initial Mark) [1 CMS-initial-mark: 820642K(1415616K)] 899915K(2029056K), 0.0010562 secs] [Times: user=0.00 sys=0.00, real=0.00 secs] 
2021-01-22T01:09:17.448+0800: 15.017: [CMS-concurrent-mark-start]
2021-01-22T01:09:17.451+0800: 15.020: [CMS-concurrent-mark: 0.003/0.003 secs] [Times: user=0.01 sys=0.00, real=0.01 secs] 
2021-01-22T01:09:17.451+0800: 15.020: [CMS-concurrent-preclean-start]
2021-01-22T01:09:17.452+0800: 15.021: [CMS-concurrent-preclean: 0.001/0.001 secs] [Times: user=0.00 sys=0.00, real=0.00 secs] 
2021-01-22T01:09:17.453+0800: 15.022: [CMS-concurrent-abortable-preclean-start]
2021-01-22T01:09:17.535+0800: 15.104: [GC (Allocation Failure) 2021-01-22T01:09:17.535+0800: 15.104: [ParNew2021-01-22T01:09:17.555+0800: 15.124: [CMS-concurrent-abortable-preclean: 0.002/0.102 secs] [Times: user=0.24 sys=0.00, real=0.10 secs] 
: 613439K->68094K(613440K), 0.0324377 secs] 1434082K->1001758K(2029056K), 0.0330641 secs] [Times: user=0.25 sys=0.00, real=0.03 secs] 
2021-01-22T01:09:17.568+0800: 15.137: [GC (CMS Final Remark) [YG occupancy: 79012 K (613440 K)]2021-01-22T01:09:17.568+0800: 15.137: [Rescan (parallel) , 0.0051801 secs]2021-01-22T01:09:17.574+0800: 15.143: [weak refs processing, 0.0002590 secs]2021-01-22T01:09:17.574+0800: 15.143: [class unloading, 0.0004700 secs]2021-01-22T01:09:17.575+0800: 15.144: [scrub symbol table, 0.0004606 secs]2021-01-22T01:09:17.576+0800: 15.145: [scrub string table, 0.0002672 secs][1 CMS-remark: 933663K(1415616K)] 1012676K(2029056K), 0.0080044 secs] [Times: user=0.03 sys=0.01, real=0.00 secs] 
2021-01-22T01:09:17.577+0800: 15.146: [CMS-concurrent-sweep-start]
2021-01-22T01:09:17.579+0800: 15.148: [CMS-concurrent-sweep: 0.002/0.002 secs] [Times: user=0.00 sys=0.00, real=0.01 secs] 
2021-01-22T01:09:17.579+0800: 15.148: [CMS-concurrent-reset-start]
2021-01-22T01:09:17.580+0800: 15.149: [CMS-concurrent-reset: 0.001/0.001 secs] [Times: user=0.00 sys=0.00, real=0.00 secs] 
2021-01-22T01:09:17.643+0800: 15.212: [GC (Allocation Failure) 2021-01-22T01:09:17.643+0800: 15.212: [ParNew: 613438K->68094K(613440K), 0.0259268 secs] 1037203K->612315K(2029056K), 0.0266663 secs] [Times: user=0.19 sys=0.01, real=0.03 secs] 
2021-01-22T01:09:17.745+0800: 15.314: [GC (Allocation Failure) 2021-01-22T01:09:17.746+0800: 15.315: [ParNew: 613438K->68095K(613440K), 0.0310564 secs] 1157659K->732816K(2029056K), 0.0322793 secs] [Times: user=0.22 sys=0.01, real=0.03 secs] 
2021-01-22T01:09:17.848+0800: 15.417: [GC (Allocation Failure) 2021-01-22T01:09:17.848+0800: 15.417: [ParNew: 613439K->68095K(613440K), 0.0354501 secs] 1278160K->859428K(2029056K), 0.0360136 secs] [Times: user=0.27 sys=0.00, real=0.04 secs] 
2021-01-22T01:09:17.954+0800: 15.523: [GC (Allocation Failure) 2021-01-22T01:09:17.954+0800: 15.523: [ParNew: 613439K->68095K(613440K), 0.0293271 secs] 1404772K->983045K(2029056K), 0.0299071 secs] [Times: user=0.23 sys=0.00, real=0.03 secs] 
2021-01-22T01:09:17.984+0800: 15.553: [GC (CMS Initial Mark) [1 CMS-initial-mark: 914950K(1415616K)] 994489K(2029056K), 0.0006265 secs] [Times: user=0.00 sys=0.00, real=0.00 secs] 
2021-01-22T01:09:17.985+0800: 15.554: [CMS-concurrent-mark-start]
2021-01-22T01:09:17.988+0800: 15.557: [CMS-concurrent-mark: 0.003/0.003 secs] [Times: user=0.00 sys=0.01, real=0.01 secs] 
2021-01-22T01:09:17.998+0800: 15.567: [CMS-concurrent-preclean-start]
2021-01-22T01:09:18.000+0800: 15.569: [CMS-concurrent-preclean: 0.002/0.002 secs] [Times: user=0.00 sys=0.00, real=0.00 secs] 
2021-01-22T01:09:18.000+0800: 15.569: [CMS-concurrent-abortable-preclean-start]
2021-01-22T01:09:18.049+0800: 15.618: [GC (Allocation Failure) 2021-01-22T01:09:18.049+0800: 15.618: [ParNew: 613439K->68095K(613440K), 0.0287081 secs] 1528389K->1104761K(2029056K), 0.0294292 secs] [Times: user=0.23 sys=0.00, real=0.03 secs] 
2021-01-22T01:09:18.145+0800: 15.714: [GC (Allocation Failure) 2021-01-22T01:09:18.145+0800: 15.714: [ParNew: 612779K->68095K(613440K), 0.0286763 secs] 1649445K->1233922K(2029056K), 0.0291415 secs] [Times: user=0.22 sys=0.00, real=0.03 secs] 
2021-01-22T01:09:18.241+0800: 15.810: [GC (Allocation Failure) 2021-01-22T01:09:18.241+0800: 15.810: [ParNew: 613439K->68095K(613440K), 0.0332167 secs] 1779266K->1360693K(2029056K), 0.0338490 secs] [Times: user=0.25 sys=0.01, real=0.03 secs] 
2021-01-22T01:09:18.340+0800: 15.909: [GC (Allocation Failure) 2021-01-22T01:09:18.340+0800: 15.909: [ParNew: 613439K->613439K(613440K), 0.0002990 secs]2021-01-22T01:09:18.341+0800: 15.910: [CMS2021-01-22T01:09:18.341+0800: 15.910: [CMS-concurrent-abortable-preclean: 0.015/0.341 secs] [Times: user=0.96 sys=0.01, real=0.34 secs] 
 (concurrent mode failure): 1292598K->387249K(1415616K), 0.0574375 secs] 1906037K->387249K(2029056K), [Metaspace: 2816K->2816K(1056768K)], 0.0588964 secs] [Times: user=0.06 sys=0.00, real=0.06 secs] 
2021-01-22T01:09:18.479+0800: 16.048: [GC (Allocation Failure) 2021-01-22T01:09:18.479+0800: 16.048: [ParNew: 545344K->68095K(613440K), 0.0252458 secs] 932593K->536642K(2029056K), 0.0259223 secs] [Times: user=0.19 sys=0.00, real=0.02 secs] 
2021-01-22T01:09:18.577+0800: 16.146: [GC (Allocation Failure) 2021-01-22T01:09:18.578+0800: 16.147: [ParNew: 613439K->68095K(613440K), 0.0289929 secs] 1081986K->660196K(2029056K), 0.0299288 secs] [Times: user=0.21 sys=0.01, real=0.03 secs] 
2021-01-22T01:09:18.679+0800: 16.248: [GC (Allocation Failure) 2021-01-22T01:09:18.679+0800: 16.248: [ParNew: 613439K->68095K(613440K), 0.0238135 secs] 1205540K->779557K(2029056K), 0.0246037 secs] [Times: user=0.19 sys=0.00, real=0.02 secs] 
2021-01-22T01:09:18.767+0800: 16.336: [GC (Allocation Failure) 2021-01-22T01:09:18.768+0800: 16.337: [ParNew: 613439K->68094K(613440K), 0.0276017 secs] 1324901K->905023K(2029056K), 0.0286203 secs] [Times: user=0.21 sys=0.00, real=0.03 secs] 
2021-01-22T01:09:18.797+0800: 16.366: [GC (CMS Initial Mark) [1 CMS-initial-mark: 836928K(1415616K)] 916200K(2029056K), 0.0014945 secs] [Times: user=0.00 sys=0.01, real=0.01 secs] 
2021-01-22T01:09:18.799+0800: 16.368: [CMS-concurrent-mark-start]
2021-01-22T01:09:18.802+0800: 16.371: [CMS-concurrent-mark: 0.003/0.003 secs] [Times: user=0.00 sys=0.00, real=0.00 secs] 
2021-01-22T01:09:18.802+0800: 16.372: [CMS-concurrent-preclean-start]
2021-01-22T01:09:18.805+0800: 16.374: [CMS-concurrent-preclean: 0.003/0.003 secs] [Times: user=0.00 sys=0.00, real=0.00 secs] 
2021-01-22T01:09:18.806+0800: 16.375: [CMS-concurrent-abortable-preclean-start]
2021-01-22T01:09:18.863+0800: 16.432: [GC (Allocation Failure) 2021-01-22T01:09:18.863+0800: 16.432: [ParNew: 613438K->68095K(613440K), 0.0263678 secs] 1450367K->1039801K(2029056K), 0.0273505 secs] [Times: user=0.19 sys=0.01, real=0.03 secs] 
2021-01-22T01:09:18.956+0800: 16.525: [GC (Allocation Failure) 2021-01-22T01:09:18.956+0800: 16.525: [ParNew: 613439K->68094K(613440K), 0.0238586 secs] 1585145K->1162621K(2029056K), 0.0246923 secs] [Times: user=0.18 sys=0.00, real=0.03 secs] 
2021-01-22T01:09:19.046+0800: 16.615: [GC (Allocation Failure) 2021-01-22T01:09:19.047+0800: 16.616: [ParNew: 613438K->68095K(613440K), 0.0276106 secs] 1707965K->1286860K(2029056K), 0.0289857 secs] [Times: user=0.21 sys=0.00, real=0.03 secs] 
2021-01-22T01:09:19.153+0800: 16.722: [GC (Allocation Failure) 2021-01-22T01:09:19.153+0800: 16.722: [ParNew: 613439K->68095K(613440K), 0.0226432 secs] 1832204K->1400496K(2029056K), 0.0233995 secs] [Times: user=0.17 sys=0.00, real=0.02 secs] 
2021-01-22T01:09:19.179+0800: 16.748: [CMS-concurrent-abortable-preclean: 0.023/0.373 secs] [Times: user=1.06 sys=0.01, real=0.38 secs] 
2021-01-22T01:09:19.180+0800: 16.749: [GC (CMS Final Remark) [YG occupancy: 90146 K (613440 K)]2021-01-22T01:09:19.180+0800: 16.749: [Rescan (parallel) , 0.0013624 secs]2021-01-22T01:09:19.182+0800: 16.751: [weak refs processing, 0.0002440 secs]2021-01-22T01:09:19.182+0800: 16.751: [class unloading, 0.0006336 secs]2021-01-22T01:09:19.183+0800: 16.752: [scrub symbol table, 0.0005277 secs]2021-01-22T01:09:19.184+0800: 16.753: [scrub string table, 0.0004193 secs][1 CMS-remark: 1332400K(1415616K)] 1422547K(2029056K), 0.0049708 secs] [Times: user=0.01 sys=0.00, real=0.00 secs] 
2021-01-22T01:09:19.185+0800: 16.754: [CMS-concurrent-sweep-start]
2021-01-22T01:09:19.187+0800: 16.756: [CMS-concurrent-sweep: 0.002/0.002 secs] [Times: user=0.00 sys=0.00, real=0.00 secs] 
2021-01-22T01:09:19.188+0800: 16.757: [CMS-concurrent-reset-start]
2021-01-22T01:09:19.189+0800: 16.758: [CMS-concurrent-reset: 0.001/0.001 secs] [Times: user=0.00 sys=0.00, real=0.01 secs] 
2021-01-22T01:09:19.248+0800: 16.817: [GC (Allocation Failure) 2021-01-22T01:09:19.249+0800: 16.818: [ParNew: 613439K->68095K(613440K), 0.0277009 secs] 1410113K->997522K(2029056K), 0.0284845 secs] [Times: user=0.21 sys=0.01, real=0.02 secs] 
2021-01-22T01:09:19.278+0800: 16.847: [GC (CMS Initial Mark) [1 CMS-initial-mark: 929427K(1415616K)] 1008658K(2029056K), 0.0012637 secs] [Times: user=0.00 sys=0.00, real=0.01 secs] 
2021-01-22T01:09:19.280+0800: 16.849: [CMS-concurrent-mark-start]
2021-01-22T01:09:19.284+0800: 16.853: [CMS-concurrent-mark: 0.004/0.004 secs] [Times: user=0.01 sys=0.00, real=0.00 secs] 
2021-01-22T01:09:19.284+0800: 16.853: [CMS-concurrent-preclean-start]
2021-01-22T01:09:19.286+0800: 16.855: [CMS-concurrent-preclean: 0.002/0.002 secs] [Times: user=0.00 sys=0.00, real=0.00 secs] 
2021-01-22T01:09:19.286+0800: 16.855: [CMS-concurrent-abortable-preclean-start]
2021-01-22T01:09:19.345+0800: 16.914: [GC (Allocation Failure) 2021-01-22T01:09:19.345+0800: 16.914: [ParNew: 613439K->68095K(613440K), 0.0280183 secs] 1542866K->1138024K(2029056K), 0.0288834 secs] [Times: user=0.22 sys=0.00, real=0.03 secs] 
2021-01-22T01:09:19.442+0800: 17.011: [GC (Allocation Failure) 2021-01-22T01:09:19.442+0800: 17.011: [ParNew: 613439K->68094K(613440K), 0.0257213 secs] 1683368K->1265453K(2029056K), 0.0265643 secs] [Times: user=0.19 sys=0.00, real=0.03 secs] 
2021-01-22T01:09:19.535+0800: 17.104: [GC (Allocation Failure) 2021-01-22T01:09:19.535+0800: 17.104: [ParNew: 613438K->68095K(613440K), 0.0255506 secs] 1810797K->1397705K(2029056K), 0.0264411 secs] [Times: user=0.20 sys=0.00, real=0.03 secs] 
2021-01-22T01:09:19.564+0800: 17.133: [CMS-concurrent-abortable-preclean: 0.012/0.278 secs] [Times: user=0.82 sys=0.00, real=0.28 secs] 
2021-01-22T01:09:19.565+0800: 17.134: [GC (CMS Final Remark) [YG occupancy: 91001 K (613440 K)]2021-01-22T01:09:19.565+0800: 17.134: [Rescan (parallel) , 0.0017569 secs]2021-01-22T01:09:19.567+0800: 17.136: [weak refs processing, 0.0002526 secs]2021-01-22T01:09:19.568+0800: 17.137: [class unloading, 0.0004221 secs]2021-01-22T01:09:19.569+0800: 17.138: [scrub symbol table, 0.0005217 secs]2021-01-22T01:09:19.569+0800: 17.138: [scrub string table, 0.0005173 secs][1 CMS-remark: 1329610K(1415616K)] 1420611K(2029056K), 0.0051143 secs] [Times: user=0.01 sys=0.00, real=0.01 secs] 
2021-01-22T01:09:19.571+0800: 17.140: [CMS-concurrent-sweep-start]
2021-01-22T01:09:19.573+0800: 17.142: [CMS-concurrent-sweep: 0.002/0.002 secs] [Times: user=0.00 sys=0.00, real=0.00 secs] 
2021-01-22T01:09:19.573+0800: 17.143: [CMS-concurrent-reset-start]
2021-01-22T01:09:19.575+0800: 17.144: [CMS-concurrent-reset: 0.001/0.001 secs] [Times: user=0.00 sys=0.00, real=0.00 secs] 
2021-01-22T01:09:19.638+0800: 17.207: [GC (Allocation Failure) 2021-01-22T01:09:19.639+0800: 17.208: [ParNew: 613439K->68095K(613440K), 0.0422296 secs] 1320345K->895470K(2029056K), 0.0429465 secs] [Times: user=0.31 sys=0.01, real=0.04 secs] 
2021-01-22T01:09:19.682+0800: 17.251: [GC (CMS Initial Mark) [1 CMS-initial-mark: 827374K(1415616K)] 906683K(2029056K), 0.0009493 secs] [Times: user=0.00 sys=0.00, real=0.00 secs] 
2021-01-22T01:09:19.684+0800: 17.253: [CMS-concurrent-mark-start]
2021-01-22T01:09:19.687+0800: 17.256: [CMS-concurrent-mark: 0.003/0.003 secs] [Times: user=0.00 sys=0.00, real=0.00 secs] 
2021-01-22T01:09:19.687+0800: 17.256: [CMS-concurrent-preclean-start]
2021-01-22T01:09:19.689+0800: 17.258: [CMS-concurrent-preclean: 0.002/0.002 secs] [Times: user=0.01 sys=0.00, real=0.01 secs] 
2021-01-22T01:09:19.690+0800: 17.259: [CMS-concurrent-abortable-preclean-start]
2021-01-22T01:09:19.752+0800: 17.321: [GC (Allocation Failure) 2021-01-22T01:09:19.752+0800: 17.321: [ParNew: 613439K->68095K(613440K), 0.0353796 secs] 1440814K->1027381K(2029056K), 0.0361994 secs] [Times: user=0.26 sys=0.00, real=0.04 secs] 
2021-01-22T01:09:19.855+0800: 17.424: [GC (Allocation Failure) 2021-01-22T01:09:19.856+0800: 17.425: [ParNew2021-01-22T01:09:19.893+0800: 17.462: [CMS-concurrent-abortable-preclean: 0.005/0.203 secs] [Times: user=0.69 sys=0.00, real=0.20 secs] 
: 613439K->68095K(613440K), 0.0374130 secs] 1572725K->1146806K(2029056K), 0.0380684 secs] [Times: user=0.29 sys=0.00, real=0.04 secs] 
2021-01-22T01:09:19.894+0800: 17.463: [GC (CMS Final Remark) [YG occupancy: 79945 K (613440 K)]2021-01-22T01:09:19.894+0800: 17.463: [Rescan (parallel) , 0.0027440 secs]2021-01-22T01:09:19.897+0800: 17.466: [weak refs processing, 0.0001833 secs]2021-01-22T01:09:19.898+0800: 17.467: [class unloading, 0.0003380 secs]2021-01-22T01:09:19.898+0800: 17.467: [scrub symbol table, 0.0004348 secs]2021-01-22T01:09:19.899+0800: 17.468: [scrub string table, 0.0002792 secs][1 CMS-remark: 1078711K(1415616K)] 1158657K(2029056K), 0.0051744 secs] [Times: user=0.02 sys=0.00, real=0.01 secs] 
2021-01-22T01:09:19.900+0800: 17.469: [CMS-concurrent-sweep-start]
2021-01-22T01:09:19.902+0800: 17.471: [CMS-concurrent-sweep: 0.003/0.003 secs] [Times: user=0.00 sys=0.00, real=0.00 secs] 
2021-01-22T01:09:19.903+0800: 17.472: [CMS-concurrent-reset-start]
2021-01-22T01:09:19.904+0800: 17.473: [CMS-concurrent-reset: 0.001/0.001 secs] [Times: user=0.01 sys=0.00, real=0.00 secs] 
2021-01-22T01:09:19.971+0800: 17.540: [GC (Allocation Failure) 2021-01-22T01:09:19.971+0800: 17.540: [ParNew: 613439K->68094K(613440K), 0.0279828 secs] 1170796K->748369K(2029056K), 0.0285850 secs] [Times: user=0.18 sys=0.03, real=0.03 secs] 
2021-01-22T01:09:20.064+0800: 17.633: [GC (Allocation Failure) 2021-01-22T01:09:20.064+0800: 17.633: [ParNew: 613438K->68095K(613440K), 0.0260282 secs] 1293713K->862885K(2029056K), 0.0267484 secs] [Times: user=0.20 sys=0.00, real=0.03 secs] 
2021-01-22T01:09:20.158+0800: 17.727: [GC (Allocation Failure) 2021-01-22T01:09:20.158+0800: 17.727: [ParNew: 613439K->68095K(613440K), 0.0369250 secs] 1408229K->1000351K(2029056K), 0.0377771 secs] [Times: user=0.28 sys=0.00, real=0.04 secs] 
2021-01-22T01:09:20.197+0800: 17.766: [GC (CMS Initial Mark) [1 CMS-initial-mark: 932255K(1415616K)] 1011712K(2029056K), 0.0014359 secs] [Times: user=0.00 sys=0.00, real=0.01 secs] 
2021-01-22T01:09:20.199+0800: 17.768: [CMS-concurrent-mark-start]
2021-01-22T01:09:20.203+0800: 17.772: [CMS-concurrent-mark: 0.004/0.004 secs] [Times: user=0.01 sys=0.00, real=0.00 secs] 
2021-01-22T01:09:20.203+0800: 17.772: [CMS-concurrent-preclean-start]
2021-01-22T01:09:20.205+0800: 17.774: [CMS-concurrent-preclean: 0.002/0.002 secs] [Times: user=0.00 sys=0.00, real=0.00 secs] 
2021-01-22T01:09:20.206+0800: 17.775: [CMS-concurrent-abortable-preclean-start]
2021-01-22T01:09:20.280+0800: 17.849: [GC (Allocation Failure) 2021-01-22T01:09:20.280+0800: 17.849: [ParNew2021-01-22T01:09:20.308+0800: 17.877: [CMS-concurrent-abortable-preclean: 0.002/0.102 secs] [Times: user=0.29 sys=0.01, real=0.11 secs] 
: 613439K->68095K(613440K), 0.0376180 secs] 1545695K->1118079K(2029056K), 0.0381232 secs] [Times: user=0.28 sys=0.01, real=0.04 secs] 
2021-01-22T01:09:20.319+0800: 17.888: [GC (CMS Final Remark) [YG occupancy: 79398 K (613440 K)]2021-01-22T01:09:20.319+0800: 17.888: [Rescan (parallel) , 0.0017208 secs]2021-01-22T01:09:20.321+0800: 17.890: [weak refs processing, 0.0001538 secs]2021-01-22T01:09:20.321+0800: 17.890: [class unloading, 0.0003038 secs]2021-01-22T01:09:20.321+0800: 17.890: [scrub symbol table, 0.0004279 secs]2021-01-22T01:09:20.322+0800: 17.891: [scrub string table, 0.0002899 secs][1 CMS-remark: 1049983K(1415616K)] 1129382K(2029056K), 0.0037927 secs] [Times: user=0.01 sys=0.00, real=0.00 secs] 
2021-01-22T01:09:20.323+0800: 17.892: [CMS-concurrent-sweep-start]
2021-01-22T01:09:20.325+0800: 17.894: [CMS-concurrent-sweep: 0.002/0.002 secs] [Times: user=0.00 sys=0.00, real=0.00 secs] 
2021-01-22T01:09:20.326+0800: 17.895: [CMS-concurrent-reset-start]
2021-01-22T01:09:20.327+0800: 17.896: [CMS-concurrent-reset: 0.001/0.001 secs] [Times: user=0.00 sys=0.00, real=0.00 secs] 
2021-01-22T01:09:20.388+0800: 17.957: [GC (Allocation Failure) 2021-01-22T01:09:20.388+0800: 17.957: [ParNew: 613439K->68094K(613440K), 0.0339311 secs] 1041766K->616189K(2029056K), 0.0344502 secs] [Times: user=0.26 sys=0.01, real=0.04 secs] 
2021-01-22T01:09:20.499+0800: 18.068: [GC (Allocation Failure) 2021-01-22T01:09:20.499+0800: 18.068: [ParNew: 613438K->68094K(613440K), 0.0358043 secs] 1161533K->733254K(2029056K), 0.0363161 secs] [Times: user=0.26 sys=0.00, real=0.03 secs] 
2021-01-22T01:09:20.601+0800: 18.170: [GC (Allocation Failure) 2021-01-22T01:09:20.601+0800: 18.170: [ParNew: 613438K->68094K(613440K), 0.0337675 secs] 1278598K->854101K(2029056K), 0.0344318 secs] [Times: user=0.26 sys=0.00, real=0.03 secs] 
2021-01-22T01:09:20.700+0800: 18.269: [GC (Allocation Failure) 2021-01-22T01:09:20.701+0800: 18.270: [ParNew: 613438K->68095K(613440K), 0.0327384 secs] 1399445K->981116K(2029056K), 0.0333294 secs] [Times: user=0.26 sys=0.00, real=0.03 secs] 
2021-01-22T01:09:20.734+0800: 18.303: [GC (CMS Initial Mark) [1 CMS-initial-mark: 913020K(1415616K)] 992249K(2029056K), 0.0005931 secs] [Times: user=0.00 sys=0.00, real=0.00 secs] 
2021-01-22T01:09:20.735+0800: 18.304: [CMS-concurrent-mark-start]
2021-01-22T01:09:20.739+0800: 18.308: [CMS-concurrent-mark: 0.004/0.004 secs] [Times: user=0.01 sys=0.00, real=0.01 secs] 
2021-01-22T01:09:20.739+0800: 18.308: [CMS-concurrent-preclean-start]
2021-01-22T01:09:20.741+0800: 18.310: [CMS-concurrent-preclean: 0.001/0.001 secs] [Times: user=0.00 sys=0.00, real=0.00 secs] 
2021-01-22T01:09:20.741+0800: 18.310: [CMS-concurrent-abortable-preclean-start]
2021-01-22T01:09:20.812+0800: 18.382: [GC (Allocation Failure) 2021-01-22T01:09:20.813+0800: 18.382: [ParNew2021-01-22T01:09:20.844+0800: 18.413: [CMS-concurrent-abortable-preclean: 0.002/0.103 secs] [Times: user=0.30 sys=0.01, real=0.10 secs] 
: 613439K->68095K(613440K), 0.0428341 secs] 1526460K->1109351K(2029056K), 0.0434441 secs] [Times: user=0.31 sys=0.02, real=0.04 secs] 
2021-01-22T01:09:20.856+0800: 18.425: [GC (CMS Final Remark) [YG occupancy: 79726 K (613440 K)]2021-01-22T01:09:20.857+0800: 18.426: [Rescan (parallel) , 0.0054858 secs]2021-01-22T01:09:20.862+0800: 18.431: [weak refs processing, 0.0002500 secs]2021-01-22T01:09:20.863+0800: 18.432: [class unloading, 0.0003912 secs]2021-01-22T01:09:20.863+0800: 18.432: [scrub symbol table, 0.0004383 secs]2021-01-22T01:09:20.864+0800: 18.433: [scrub string table, 0.0003844 secs][1 CMS-remark: 1041255K(1415616K)] 1120982K(2029056K), 0.0081786 secs] [Times: user=0.02 sys=0.00, real=0.01 secs] 
2021-01-22T01:09:20.865+0800: 18.434: [CMS-concurrent-sweep-start]
2021-01-22T01:09:20.868+0800: 18.437: [CMS-concurrent-sweep: 0.003/0.003 secs] [Times: user=0.01 sys=0.00, real=0.00 secs] 
2021-01-22T01:09:20.868+0800: 18.437: [CMS-concurrent-reset-start]
2021-01-22T01:09:20.869+0800: 18.438: [CMS-concurrent-reset: 0.001/0.001 secs] [Times: user=0.00 sys=0.00, real=0.01 secs] 
2021-01-22T01:09:20.937+0800: 18.506: [GC (Allocation Failure) 2021-01-22T01:09:20.937+0800: 18.506: [ParNew: 613439K->68095K(613440K), 0.0301889 secs] 1049714K->619273K(2029056K), 0.0307535 secs] [Times: user=0.23 sys=0.00, real=0.03 secs] 
2021-01-22T01:09:21.039+0800: 18.608: [GC (Allocation Failure) 2021-01-22T01:09:21.039+0800: 18.608: [ParNew: 613439K->68095K(613440K), 0.0546753 secs] 1164617K->752825K(2029056K), 0.0557600 secs] [Times: user=0.43 sys=0.00, real=0.05 secs] 
2021-01-22T01:09:21.170+0800: 18.739: [GC (Allocation Failure) 2021-01-22T01:09:21.171+0800: 18.740: [ParNew: 613439K->68095K(613440K), 0.0342162 secs] 1298169K->873301K(2029056K), 0.0349368 secs] [Times: user=0.24 sys=0.02, real=0.03 secs] 
2021-01-22T01:09:21.276+0800: 18.845: [GC (Allocation Failure) 2021-01-22T01:09:21.276+0800: 18.846: [ParNew: 613439K->68095K(613440K), 0.0305276 secs] 1418645K->995096K(2029056K), 0.0311347 secs] [Times: user=0.23 sys=0.01, real=0.03 secs] 
2021-01-22T01:09:21.375+0800: 18.944: [GC (Allocation Failure) 2021-01-22T01:09:21.376+0800: 18.945: [ParNew: 613439K->68094K(613440K), 0.0304373 secs] 1540440K->1115337K(2029056K), 0.0309895 secs] [Times: user=0.23 sys=0.00, real=0.03 secs] 
2021-01-22T01:09:21.407+0800: 18.976: [GC (CMS Initial Mark) [1 CMS-initial-mark: 1047243K(1415616K)] 1127208K(2029056K), 0.0005727 secs] [Times: user=0.00 sys=0.00, real=0.00 secs] 
2021-01-22T01:09:21.408+0800: 18.977: [CMS-concurrent-mark-start]
2021-01-22T01:09:21.411+0800: 18.980: [CMS-concurrent-mark: 0.003/0.003 secs] [Times: user=0.01 sys=0.00, real=0.01 secs] 
2021-01-22T01:09:21.411+0800: 18.980: [CMS-concurrent-preclean-start]
2021-01-22T01:09:21.412+0800: 18.981: [CMS-concurrent-preclean: 0.001/0.001 secs] [Times: user=0.00 sys=0.00, real=0.00 secs] 
2021-01-22T01:09:21.413+0800: 18.982: [CMS-concurrent-abortable-preclean-start]
2021-01-22T01:09:21.472+0800: 19.041: [GC (Allocation Failure) 2021-01-22T01:09:21.472+0800: 19.041: [ParNew: 613438K->68095K(613440K), 0.0264931 secs] 1660681K->1235377K(2029056K), 0.0271297 secs] [Times: user=0.21 sys=0.00, real=0.03 secs] 
2021-01-22T01:09:21.565+0800: 19.134: [GC (Allocation Failure) 2021-01-22T01:09:21.565+0800: 19.134: [ParNew: 613439K->68095K(613440K), 0.0298051 secs] 1780721K->1358380K(2029056K), 0.0303514 secs] [Times: user=0.22 sys=0.00, real=0.03 secs] 
2021-01-22T01:09:21.661+0800: 19.230: [GC (Allocation Failure) 2021-01-22T01:09:21.661+0800: 19.230: [ParNew: 613439K->613439K(613440K), 0.0003776 secs]2021-01-22T01:09:21.662+0800: 19.231: [CMS2021-01-22T01:09:21.662+0800: 19.231: [CMS-concurrent-abortable-preclean: 0.008/0.249 secs] [Times: user=0.63 sys=0.00, real=0.25 secs] 
 (concurrent mode failure): 1290284K->377426K(1415616K), 0.0548024 secs] 1903724K->377426K(2029056K), [Metaspace: 2816K->2816K(1056768K)], 0.0561518 secs] [Times: user=0.06 sys=0.00, real=0.05 secs] 
2021-01-22T01:09:21.781+0800: 19.350: [GC (Allocation Failure) 2021-01-22T01:09:21.782+0800: 19.351: [ParNew: 545344K->68094K(613440K), 0.0208731 secs] 922770K->537464K(2029056K), 0.0224350 secs] [Times: user=0.16 sys=0.00, real=0.02 secs] 
2021-01-22T01:09:21.873+0800: 19.442: [GC (Allocation Failure) 2021-01-22T01:09:21.874+0800: 19.443: [ParNew: 613438K->68095K(613440K), 0.0273848 secs] 1082808K->663950K(2029056K), 0.0282952 secs] [Times: user=0.20 sys=0.01, real=0.03 secs] 
2021-01-22T01:09:21.968+0800: 19.537: [GC (Allocation Failure) 2021-01-22T01:09:21.969+0800: 19.538: [ParNew: 613439K->68095K(613440K), 0.0275048 secs] 1209294K->795944K(2029056K), 0.0282264 secs] [Times: user=0.22 sys=0.00, real=0.02 secs] 
2021-01-22T01:09:22.069+0800: 19.638: [GC (Allocation Failure) 2021-01-22T01:09:22.069+0800: 19.638: [ParNew: 613439K->68095K(613440K), 0.0250202 secs] 1341288K->918886K(2029056K), 0.0261360 secs] [Times: user=0.18 sys=0.00, real=0.02 secs] 
2021-01-22T01:09:22.176+0800: 19.745: [GC (Allocation Failure) 2021-01-22T01:09:22.177+0800: 19.746: [ParNew: 613439K->68095K(613440K), 0.0261452 secs] 1464230K->1046379K(2029056K), 0.0267602 secs] [Times: user=0.20 sys=0.00, real=0.03 secs] 
2021-01-22T01:09:22.204+0800: 19.773: [GC (CMS Initial Mark) [1 CMS-initial-mark: 978284K(1415616K)] 1058163K(2029056K), 0.0008717 secs] [Times: user=0.00 sys=0.00, real=0.00 secs] 
2021-01-22T01:09:22.205+0800: 19.774: [CMS-concurrent-mark-start]
2021-01-22T01:09:22.208+0800: 19.777: [CMS-concurrent-mark: 0.003/0.003 secs] [Times: user=0.01 sys=0.00, real=0.01 secs] 
2021-01-22T01:09:22.218+0800: 19.787: [CMS-concurrent-preclean-start]
2021-01-22T01:09:22.220+0800: 19.789: [CMS-concurrent-preclean: 0.001/0.001 secs] [Times: user=0.00 sys=0.00, real=0.00 secs] 
2021-01-22T01:09:22.220+0800: 19.789: [CMS-concurrent-abortable-preclean-start]
2021-01-22T01:09:22.267+0800: 19.836: [GC (Allocation Failure) 2021-01-22T01:09:22.268+0800: 19.837: [ParNew: 613439K->68095K(613440K), 0.0327263 secs] 1591723K->1166714K(2029056K), 0.0336832 secs] [Times: user=0.25 sys=0.01, real=0.04 secs] 
2021-01-22T01:09:22.370+0800: 19.939: [GC (Allocation Failure) 2021-01-22T01:09:22.370+0800: 19.939: [ParNew: 613439K->68095K(613440K), 0.0307262 secs] 1712058K->1281033K(2029056K), 0.0311890 secs] [Times: user=0.24 sys=0.00, real=0.03 secs] 
2021-01-22T01:09:22.467+0800: 20.036: [GC (Allocation Failure) 2021-01-22T01:09:22.468+0800: 20.037: [ParNew: 613439K->68095K(613440K), 0.0316206 secs] 1826377K->1410383K(2029056K), 0.0322446 secs] [Times: user=0.22 sys=0.02, real=0.04 secs] 
2021-01-22T01:09:22.502+0800: 20.071: [CMS-concurrent-abortable-preclean: 0.011/0.282 secs] [Times: user=0.91 sys=0.03, real=0.28 secs] 
2021-01-22T01:09:22.518+0800: 20.087: [GC (CMS Final Remark) [YG occupancy: 228925 K (613440 K)]2021-01-22T01:09:22.519+0800: 20.088: [Rescan (parallel) , 0.0011791 secs]2021-01-22T01:09:22.520+0800: 20.089: [weak refs processing, 0.0001383 secs]2021-01-22T01:09:22.520+0800: 20.089: [class unloading, 0.0003052 secs]2021-01-22T01:09:22.521+0800: 20.090: [scrub symbol table, 0.0004929 secs]2021-01-22T01:09:22.521+0800: 20.090: [scrub string table, 0.0002843 secs][1 CMS-remark: 1342287K(1415616K)] 1571213K(2029056K), 0.0033446 secs] [Times: user=0.01 sys=0.00, real=0.00 secs] 
2021-01-22T01:09:22.522+0800: 20.091: [CMS-concurrent-sweep-start]
2021-01-22T01:09:22.524+0800: 20.093: [CMS-concurrent-sweep: 0.002/0.002 secs] [Times: user=0.00 sys=0.00, real=0.00 secs] 
2021-01-22T01:09:22.524+0800: 20.093: [CMS-concurrent-reset-start]
2021-01-22T01:09:22.525+0800: 20.094: [CMS-concurrent-reset: 0.001/0.001 secs] [Times: user=0.01 sys=0.00, real=0.00 secs] 
2021-01-22T01:09:22.570+0800: 20.139: [GC (Allocation Failure) 2021-01-22T01:09:22.570+0800: 20.139: [ParNew: 613439K->68095K(613440K), 0.0258102 secs] 1289088K->860052K(2029056K), 0.0267152 secs] [Times: user=0.19 sys=0.01, real=0.02 secs] 
2021-01-22T01:09:22.663+0800: 20.232: [GC (Allocation Failure) 2021-01-22T01:09:22.663+0800: 20.232: [ParNew: 613439K->68095K(613440K), 0.0290496 secs] 1405396K->986034K(2029056K), 0.0296612 secs] [Times: user=0.22 sys=0.00, real=0.03 secs] 
2021-01-22T01:09:22.693+0800: 20.262: [GC (CMS Initial Mark) [1 CMS-initial-mark: 917938K(1415616K)] 997028K(2029056K), 0.0007325 secs] [Times: user=0.01 sys=0.00, real=0.00 secs] 
2021-01-22T01:09:22.694+0800: 20.263: [CMS-concurrent-mark-start]
2021-01-22T01:09:22.697+0800: 20.266: [CMS-concurrent-mark: 0.003/0.003 secs] [Times: user=0.00 sys=0.00, real=0.00 secs] 
2021-01-22T01:09:22.697+0800: 20.266: [CMS-concurrent-preclean-start]
2021-01-22T01:09:22.699+0800: 20.268: [CMS-concurrent-preclean: 0.002/0.002 secs] [Times: user=0.01 sys=0.00, real=0.01 secs] 
2021-01-22T01:09:22.699+0800: 20.269: [CMS-concurrent-abortable-preclean-start]
2021-01-22T01:09:22.760+0800: 20.329: [GC (Allocation Failure) 2021-01-22T01:09:22.761+0800: 20.330: [ParNew: 613439K->68095K(613440K), 0.0343374 secs] 1531378K->1115718K(2029056K), 0.0363862 secs] [Times: user=0.26 sys=0.00, real=0.03 secs] 
2021-01-22T01:09:22.873+0800: 20.442: [GC (Allocation Failure) 2021-01-22T01:09:22.873+0800: 20.442: [ParNew: 613439K->68095K(613440K), 0.0297657 secs] 1661062K->1245988K(2029056K), 0.0305636 secs] [Times: user=0.23 sys=0.00, real=0.03 secs] 
2021-01-22T01:09:22.972+0800: 20.541: [GC (Allocation Failure) 2021-01-22T01:09:22.972+0800: 20.541: [ParNew2021-01-22T01:09:23.008+0800: 20.577: [CMS-concurrent-abortable-preclean: 0.012/0.309 secs] [Times: user=0.98 sys=0.00, real=0.30 secs] 
: 613439K->68094K(613440K), 0.0403756 secs] 1791332K->1363258K(2029056K), 0.0409097 secs] [Times: user=0.32 sys=0.00, real=0.04 secs] 
2021-01-22T01:09:23.013+0800: 20.582: [GC (CMS Final Remark) [YG occupancy: 79435 K (613440 K)]2021-01-22T01:09:23.013+0800: 20.582: [Rescan (parallel) , 0.0015624 secs]2021-01-22T01:09:23.015+0800: 20.584: [weak refs processing, 0.0001492 secs]2021-01-22T01:09:23.015+0800: 20.584: [class unloading, 0.0003045 secs]2021-01-22T01:09:23.016+0800: 20.585: [scrub symbol table, 0.0003966 secs]2021-01-22T01:09:23.016+0800: 20.585: [scrub string table, 0.0002760 secs][1 CMS-remark: 1295163K(1415616K)] 1374598K(2029056K), 0.0035949 secs] [Times: user=0.01 sys=0.00, real=0.00 secs] 
2021-01-22T01:09:23.017+0800: 20.586: [CMS-concurrent-sweep-start]
2021-01-22T01:09:23.020+0800: 20.589: [CMS-concurrent-sweep: 0.003/0.003 secs] [Times: user=0.00 sys=0.00, real=0.01 secs] 
2021-01-22T01:09:23.020+0800: 20.589: [CMS-concurrent-reset-start]
2021-01-22T01:09:23.021+0800: 20.590: [CMS-concurrent-reset: 0.001/0.001 secs] [Times: user=0.00 sys=0.00, real=0.00 secs] 
2021-01-22T01:09:23.090+0800: 20.659: [GC (Allocation Failure) 2021-01-22T01:09:23.090+0800: 20.659: [ParNew: 613438K->68095K(613440K), 0.0361790 secs] 1296804K->871705K(2029056K), 0.0368212 secs] [Times: user=0.28 sys=0.00, real=0.03 secs] 
2021-01-22T01:09:23.127+0800: 20.696: [GC (CMS Initial Mark) [1 CMS-initial-mark: 803609K(1415616K)] 871849K(2029056K), 0.0006174 secs] [Times: user=0.00 sys=0.00, real=0.00 secs] 
2021-01-22T01:09:23.128+0800: 20.697: [CMS-concurrent-mark-start]
2021-01-22T01:09:23.132+0800: 20.701: [CMS-concurrent-mark: 0.004/0.004 secs] [Times: user=0.00 sys=0.01, real=0.00 secs] 
2021-01-22T01:09:23.132+0800: 20.701: [CMS-concurrent-preclean-start]
2021-01-22T01:09:23.134+0800: 20.703: [CMS-concurrent-preclean: 0.001/0.001 secs] [Times: user=0.00 sys=0.00, real=0.00 secs] 
2021-01-22T01:09:23.134+0800: 20.703: [CMS-concurrent-abortable-preclean-start]
2021-01-22T01:09:23.193+0800: 20.763: [GC (Allocation Failure) 2021-01-22T01:09:23.194+0800: 20.763: [ParNew: 613439K->68095K(613440K), 0.0400366 secs] 1417049K->994334K(2029056K), 0.0408042 secs] [Times: user=0.30 sys=0.01, real=0.04 secs] 
2021-01-22T01:09:23.301+0800: 20.870: [GC (Allocation Failure) 2021-01-22T01:09:23.301+0800: 20.870: [ParNew: 613439K->68095K(613440K), 0.0253396 secs] 1539678K->1113112K(2029056K), 0.0258925 secs] [Times: user=0.19 sys=0.00, real=0.02 secs] 
2021-01-22T01:09:23.390+0800: 20.959: [GC (Allocation Failure) 2021-01-22T01:09:23.390+0800: 20.959: [ParNew: 613439K->68095K(613440K), 0.0290664 secs] 1658456K->1239733K(2029056K), 0.0297489 secs] [Times: user=0.23 sys=0.00, real=0.03 secs] 
2021-01-22T01:09:23.483+0800: 21.052: [GC (Allocation Failure) 2021-01-22T01:09:23.484+0800: 21.053: [ParNew: 613439K->68095K(613440K), 0.0311730 secs] 1785077K->1364944K(2029056K), 0.0318410 secs] [Times: user=0.25 sys=0.00, real=0.03 secs] 
2021-01-22T01:09:23.579+0800: 21.148: [GC (Allocation Failure) 2021-01-22T01:09:23.579+0800: 21.148: [ParNew: 613439K->613439K(613440K), 0.0002071 secs]2021-01-22T01:09:23.580+0800: 21.149: [CMS2021-01-22T01:09:23.580+0800: 21.149: [CMS-concurrent-abortable-preclean: 0.017/0.446 secs] [Times: user=1.30 sys=0.01, real=0.45 secs] 
 (concurrent mode failure): 1296849K->382870K(1415616K), 0.0539648 secs] 1910288K->382870K(2029056K), [Metaspace: 2816K->2816K(1056768K)], 0.0550614 secs] [Times: user=0.06 sys=0.00, real=0.05 secs] 
2021-01-22T01:09:23.703+0800: 21.272: [GC (Allocation Failure) 2021-01-22T01:09:23.704+0800: 21.273: [ParNew: 545344K->68095K(613440K), 0.0219545 secs] 928214K->535036K(2029056K), 0.0231659 secs] [Times: user=0.16 sys=0.00, real=0.02 secs] 
2021-01-22T01:09:23.795+0800: 21.364: [GC (Allocation Failure) 2021-01-22T01:09:23.796+0800: 21.365: [ParNew: 613439K->68094K(613440K), 0.0246040 secs] 1080380K->649464K(2029056K), 0.0254413 secs] [Times: user=0.18 sys=0.00, real=0.03 secs] 
2021-01-22T01:09:23.890+0800: 21.459: [GC (Allocation Failure) 2021-01-22T01:09:23.890+0800: 21.459: [ParNew: 613438K->68095K(613440K), 0.0273756 secs] 1194808K->784242K(2029056K), 0.0280735 secs] [Times: user=0.21 sys=0.00, real=0.03 secs] 
2021-01-22T01:09:23.984+0800: 21.554: [GC (Allocation Failure) 2021-01-22T01:09:23.985+0800: 21.554: [ParNew: 613439K->68095K(613440K), 0.0286102 secs] 1329586K->910046K(2029056K), 0.0294558 secs] [Times: user=0.22 sys=0.00, real=0.03 secs] 
2021-01-22T01:09:24.015+0800: 21.584: [GC (CMS Initial Mark) [1 CMS-initial-mark: 841951K(1415616K)] 921156K(2029056K), 0.0014019 secs] [Times: user=0.00 sys=0.00, real=0.00 secs] 
2021-01-22T01:09:24.017+0800: 21.586: [CMS-concurrent-mark-start]
2021-01-22T01:09:24.021+0800: 21.590: [CMS-concurrent-mark: 0.003/0.003 secs] [Times: user=0.01 sys=0.00, real=0.01 secs] 
2021-01-22T01:09:24.021+0800: 21.590: [CMS-concurrent-preclean-start]
2021-01-22T01:09:24.023+0800: 21.592: [CMS-concurrent-preclean: 0.002/0.002 secs] [Times: user=0.00 sys=0.00, real=0.00 secs] 
2021-01-22T01:09:24.023+0800: 21.592: [CMS-concurrent-abortable-preclean-start]
2021-01-22T01:09:24.102+0800: 21.671: [GC (Allocation Failure) 2021-01-22T01:09:24.103+0800: 21.672: [ParNew2021-01-22T01:09:24.125+0800: 21.694: [CMS-concurrent-abortable-preclean: 0.002/0.102 secs] [Times: user=0.25 sys=0.00, real=0.10 secs] 
: 613439K->68095K(613440K), 0.0375692 secs] 1455390K->1032585K(2029056K), 0.0382453 secs] [Times: user=0.28 sys=0.00, real=0.04 secs] 
2021-01-22T01:09:24.141+0800: 21.710: [GC (CMS Final Remark) [YG occupancy: 79837 K (613440 K)]2021-01-22T01:09:24.142+0800: 21.711: [Rescan (parallel) , 0.0033610 secs]2021-01-22T01:09:24.145+0800: 21.714: [weak refs processing, 0.0002651 secs]2021-01-22T01:09:24.146+0800: 21.715: [class unloading, 0.0003902 secs]2021-01-22T01:09:24.146+0800: 21.715: [scrub symbol table, 0.0005015 secs]2021-01-22T01:09:24.147+0800: 21.716: [scrub string table, 0.0003188 secs][1 CMS-remark: 964490K(1415616K)] 1044327K(2029056K), 0.0061945 secs] [Times: user=0.03 sys=0.00, real=0.00 secs] 
2021-01-22T01:09:24.148+0800: 21.717: [CMS-concurrent-sweep-start]
2021-01-22T01:09:24.150+0800: 21.719: [CMS-concurrent-sweep: 0.002/0.002 secs] [Times: user=0.00 sys=0.00, real=0.01 secs] 
2021-01-22T01:09:24.168+0800: 21.737: [CMS-concurrent-reset-start]
2021-01-22T01:09:24.170+0800: 21.739: [CMS-concurrent-reset: 0.002/0.002 secs] [Times: user=0.00 sys=0.00, real=0.00 secs] 
2021-01-22T01:09:24.218+0800: 21.787: [GC (Allocation Failure) 2021-01-22T01:09:24.218+0800: 21.787: [ParNew: 613267K->68095K(613440K), 0.0296862 secs] 1047263K->618697K(2029056K), 0.0302448 secs] [Times: user=0.23 sys=0.00, real=0.04 secs] 
2021-01-22T01:09:24.324+0800: 21.893: [GC (Allocation Failure) 2021-01-22T01:09:24.324+0800: 21.893: [ParNew: 613439K->68095K(613440K), 0.0304985 secs] 1164041K->731058K(2029056K), 0.0310098 secs] [Times: user=0.24 sys=0.00, real=0.03 secs] 
2021-01-22T01:09:24.436+0800: 22.006: [GC (Allocation Failure) 2021-01-22T01:09:24.437+0800: 22.006: [ParNew: 613439K->68095K(613440K), 0.0337482 secs] 1276402K->852536K(2029056K), 0.0346334 secs] [Times: user=0.25 sys=0.01, real=0.04 secs] 
2021-01-22T01:09:24.543+0800: 22.112: [GC (Allocation Failure) 2021-01-22T01:09:24.543+0800: 22.112: [ParNew: 613439K->68095K(613440K), 0.0459840 secs] 1397880K->988824K(2029056K), 0.0466920 secs] [Times: user=0.36 sys=0.00, real=0.05 secs] 
2021-01-22T01:09:24.591+0800: 22.160: [GC (CMS Initial Mark) [1 CMS-initial-mark: 920728K(1415616K)] 999674K(2029056K), 0.0011448 secs] [Times: user=0.00 sys=0.00, real=0.00 secs] 
2021-01-22T01:09:24.592+0800: 22.161: [CMS-concurrent-mark-start]
2021-01-22T01:09:24.595+0800: 22.164: [CMS-concurrent-mark: 0.003/0.003 secs] [Times: user=0.01 sys=0.00, real=0.00 secs] 
2021-01-22T01:09:24.595+0800: 22.165: [CMS-concurrent-preclean-start]
2021-01-22T01:09:24.597+0800: 22.166: [CMS-concurrent-preclean: 0.002/0.002 secs] [Times: user=0.00 sys=0.00, real=0.00 secs] 
2021-01-22T01:09:24.597+0800: 22.166: [CMS-concurrent-abortable-preclean-start]
2021-01-22T01:09:24.666+0800: 22.235: [GC (Allocation Failure) 2021-01-22T01:09:24.666+0800: 22.235: [ParNew: 613439K->68095K(613440K), 0.0288867 secs] 1534168K->1114231K(2029056K), 0.0294966 secs] [Times: user=0.21 sys=0.01, real=0.03 secs] 
2021-01-22T01:09:24.761+0800: 22.330: [GC (Allocation Failure) 2021-01-22T01:09:24.761+0800: 22.330: [ParNew: 613439K->68095K(613440K), 0.0342259 secs] 1659575K->1243931K(2029056K), 0.0349055 secs] [Times: user=0.25 sys=0.01, real=0.03 secs] 
2021-01-22T01:09:24.875+0800: 22.444: [GC (Allocation Failure) 2021-01-22T01:09:24.875+0800: 22.444: [ParNew2021-01-22T01:09:24.900+0800: 22.469: [CMS-concurrent-abortable-preclean: 0.009/0.303 secs] [Times: user=0.87 sys=0.02, real=0.31 secs] 
: 613439K->68094K(613440K), 0.0367108 secs] 1789275K->1360189K(2029056K), 0.0374498 secs] [Times: user=0.27 sys=0.00, real=0.04 secs] 
2021-01-22T01:09:24.913+0800: 22.482: [GC (CMS Final Remark) [YG occupancy: 79267 K (613440 K)]2021-01-22T01:09:24.913+0800: 22.482: [Rescan (parallel) , 0.0029397 secs]2021-01-22T01:09:24.916+0800: 22.485: [weak refs processing, 0.0001676 secs]2021-01-22T01:09:24.917+0800: 22.486: [class unloading, 0.0003664 secs]2021-01-22T01:09:24.917+0800: 22.486: [scrub symbol table, 0.0004203 secs]2021-01-22T01:09:24.918+0800: 22.487: [scrub string table, 0.0003584 secs][1 CMS-remark: 1292095K(1415616K)] 1371362K(2029056K), 0.0055116 secs] [Times: user=0.02 sys=0.00, real=0.01 secs] 
2021-01-22T01:09:24.919+0800: 22.488: [CMS-concurrent-sweep-start]
2021-01-22T01:09:24.922+0800: 22.491: [CMS-concurrent-sweep: 0.003/0.003 secs] [Times: user=0.00 sys=0.00, real=0.00 secs] 
2021-01-22T01:09:24.922+0800: 22.491: [CMS-concurrent-reset-start]
2021-01-22T01:09:24.923+0800: 22.492: [CMS-concurrent-reset: 0.001/0.001 secs] [Times: user=0.00 sys=0.00, real=0.00 secs] 
2021-01-22T01:09:24.996+0800: 22.565: [GC (Allocation Failure) 2021-01-22T01:09:24.997+0800: 22.566: [ParNew: 613438K->68095K(613440K), 0.0322495 secs] 1289108K->874200K(2029056K), 0.0327374 secs] [Times: user=0.25 sys=0.00, real=0.04 secs] 
2021-01-22T01:09:25.030+0800: 22.599: [GC (CMS Initial Mark) [1 CMS-initial-mark: 806104K(1415616K)] 885427K(2029056K), 0.0006213 secs] [Times: user=0.00 sys=0.00, real=0.00 secs] 
2021-01-22T01:09:25.031+0800: 22.600: [CMS-concurrent-mark-start]
2021-01-22T01:09:25.034+0800: 22.603: [CMS-concurrent-mark: 0.003/0.003 secs] [Times: user=0.00 sys=0.00, real=0.00 secs] 
2021-01-22T01:09:25.048+0800: 22.617: [CMS-concurrent-preclean-start]
2021-01-22T01:09:25.050+0800: 22.619: [CMS-concurrent-preclean: 0.001/0.001 secs] [Times: user=0.00 sys=0.00, real=0.00 secs] 
2021-01-22T01:09:25.050+0800: 22.619: [CMS-concurrent-abortable-preclean-start]
2021-01-22T01:09:25.112+0800: 22.681: [GC (Allocation Failure) 2021-01-22T01:09:25.112+0800: 22.681: [ParNew: 613439K->68095K(613440K), 0.0279303 secs] 1419544K->1004729K(2029056K), 0.0285953 secs] [Times: user=0.21 sys=0.00, real=0.03 secs] 
2021-01-22T01:09:25.215+0800: 22.784: [GC (Allocation Failure) 2021-01-22T01:09:25.215+0800: 22.784: [ParNew2021-01-22T01:09:25.246+0800: 22.815: [CMS-concurrent-abortable-preclean: 0.007/0.196 secs] [Times: user=0.60 sys=0.00, real=0.19 secs] 
: 613439K->68095K(613440K), 0.0408480 secs] 1550073K->1131339K(2029056K), 0.0414703 secs] [Times: user=0.32 sys=0.00, real=0.04 secs] 
2021-01-22T01:09:25.257+0800: 22.826: [GC (CMS Final Remark) [YG occupancy: 79037 K (613440 K)]2021-01-22T01:09:25.257+0800: 22.826: [Rescan (parallel) , 0.0019711 secs]2021-01-22T01:09:25.259+0800: 22.828: [weak refs processing, 0.0001496 secs]2021-01-22T01:09:25.260+0800: 22.829: [class unloading, 0.0004658 secs]2021-01-22T01:09:25.260+0800: 22.829: [scrub symbol table, 0.0007701 secs]2021-01-22T01:09:25.262+0800: 22.831: [scrub string table, 0.0004088 secs][1 CMS-remark: 1063243K(1415616K)] 1142281K(2029056K), 0.0051363 secs] [Times: user=0.00 sys=0.01, real=0.01 secs] 
2021-01-22T01:09:25.263+0800: 22.832: [CMS-concurrent-sweep-start]
2021-01-22T01:09:25.265+0800: 22.834: [CMS-concurrent-sweep: 0.002/0.002 secs] [Times: user=0.00 sys=0.00, real=0.00 secs] 
2021-01-22T01:09:25.265+0800: 22.834: [CMS-concurrent-reset-start]
2021-01-22T01:09:25.266+0800: 22.835: [CMS-concurrent-reset: 0.001/0.001 secs] [Times: user=0.00 sys=0.01, real=0.00 secs] 
2021-01-22T01:09:25.331+0800: 22.900: [GC (Allocation Failure) 2021-01-22T01:09:25.331+0800: 22.900: [ParNew: 613439K->68095K(613440K), 0.0272240 secs] 1177278K->762336K(2029056K), 0.0278079 secs] [Times: user=0.20 sys=0.01, real=0.03 secs] 
2021-01-22T01:09:25.424+0800: 22.993: [GC (Allocation Failure) 2021-01-22T01:09:25.424+0800: 22.993: [ParNew: 613439K->68095K(613440K), 0.0244968 secs] 1307680K->885350K(2029056K), 0.0253581 secs] [Times: user=0.20 sys=0.00, real=0.03 secs] 
2021-01-22T01:09:25.450+0800: 23.019: [GC (CMS Initial Mark) [1 CMS-initial-mark: 817255K(1415616K)] 896331K(2029056K), 0.0013819 secs] [Times: user=0.00 sys=0.00, real=0.00 secs] 
2021-01-22T01:09:25.452+0800: 23.021: [CMS-concurrent-mark-start]
2021-01-22T01:09:25.456+0800: 23.025: [CMS-concurrent-mark: 0.003/0.003 secs] [Times: user=0.00 sys=0.00, real=0.00 secs] 
2021-01-22T01:09:25.456+0800: 23.025: [CMS-concurrent-preclean-start]
2021-01-22T01:09:25.458+0800: 23.027: [CMS-concurrent-preclean: 0.001/0.001 secs] [Times: user=0.00 sys=0.00, real=0.00 secs] 
2021-01-22T01:09:25.458+0800: 23.027: [CMS-concurrent-abortable-preclean-start]
2021-01-22T01:09:25.515+0800: 23.084: [GC (Allocation Failure) 2021-01-22T01:09:25.515+0800: 23.084: [ParNew: 613439K->68095K(613440K), 0.0273351 secs] 1430694K->1009939K(2029056K), 0.0280241 secs] [Times: user=0.21 sys=0.00, real=0.03 secs] 
2021-01-22T01:09:25.614+0800: 23.183: [GC (Allocation Failure) 2021-01-22T01:09:25.614+0800: 23.183: [ParNew: 613439K->68094K(613440K), 0.0256309 secs] 1555283K->1134726K(2029056K), 0.0263693 secs] [Times: user=0.20 sys=0.00, real=0.03 secs] 
2021-01-22T01:09:25.702+0800: 23.271: [GC (Allocation Failure) 2021-01-22T01:09:25.703+0800: 23.272: [ParNew: 613438K->68094K(613440K), 0.0249647 secs] 1680070K->1259758K(2029056K), 0.0258442 secs] [Times: user=0.19 sys=0.00, real=0.03 secs] 
2021-01-22T01:09:25.795+0800: 23.365: [GC (Allocation Failure) 2021-01-22T01:09:25.796+0800: 23.365: [ParNew: 613438K->68095K(613440K), 0.0234878 secs] 1805102K->1376136K(2029056K), 0.0299745 secs] [Times: user=0.18 sys=0.00, real=0.03 secs] 
2021-01-22T01:09:25.896+0800: 23.465: [GC (Allocation Failure) 2021-01-22T01:09:25.896+0800: 23.465: [ParNew: 613439K->613439K(613440K), 0.0004064 secs]2021-01-22T01:09:25.897+0800: 23.466: [CMS2021-01-22T01:09:25.897+0800: 23.466: [CMS-concurrent-abortable-preclean: 0.017/0.439 secs] [Times: user=1.13 sys=0.00, real=0.43 secs] 
 (concurrent mode failure): 1308040K->372942K(1415616K), 0.0599654 secs] 1921480K->372942K(2029056K), [Metaspace: 2816K->2816K(1056768K)], 0.0615528 secs] [Times: user=0.06 sys=0.00, real=0.06 secs] 
2021-01-22T01:09:26.025+0800: 23.594: [GC (Allocation Failure) 2021-01-22T01:09:26.025+0800: 23.594: [ParNew: 545344K->68095K(613440K), 0.0204221 secs] 918286K->526875K(2029056K), 0.0212816 secs] [Times: user=0.15 sys=0.00, real=0.02 secs] 
2021-01-22T01:09:26.122+0800: 23.691: [GC (Allocation Failure) 2021-01-22T01:09:26.122+0800: 23.691: [ParNew: 613439K->68095K(613440K), 0.0245055 secs] 1072219K->645519K(2029056K), 0.0253256 secs] [Times: user=0.19 sys=0.00, real=0.02 secs] 
2021-01-22T01:09:26.223+0800: 23.792: [GC (Allocation Failure) 2021-01-22T01:09:26.223+0800: 23.792: [ParNew: 613439K->68095K(613440K), 0.0269868 secs] 1190863K->770354K(2029056K), 0.0278828 secs] [Times: user=0.21 sys=0.00, real=0.03 secs] 
2021-01-22T01:09:26.335+0800: 23.904: [GC (Allocation Failure) 2021-01-22T01:09:26.335+0800: 23.904: [ParNew: 613439K->68094K(613440K), 0.0538045 secs] 1315698K->892794K(2029056K), 0.0546555 secs] [Times: user=0.43 sys=0.00, real=0.06 secs] 
2021-01-22T01:09:26.465+0800: 24.034: [GC (Allocation Failure) 2021-01-22T01:09:26.465+0800: 24.034: [ParNew: 613438K->68095K(613440K), 0.0311852 secs] 1438138K->1012305K(2029056K), 0.0318572 secs] [Times: user=0.24 sys=0.00, real=0.03 secs] 
2021-01-22T01:09:26.497+0800: 24.066: [GC (CMS Initial Mark) [1 CMS-initial-mark: 944210K(1415616K)] 1023760K(2029056K), 0.0008430 secs] [Times: user=0.00 sys=0.00, real=0.01 secs] 
2021-01-22T01:09:26.498+0800: 24.067: [CMS-concurrent-mark-start]
2021-01-22T01:09:26.501+0800: 24.071: [CMS-concurrent-mark: 0.003/0.003 secs] [Times: user=0.01 sys=0.00, real=0.00 secs] 
2021-01-22T01:09:26.502+0800: 24.071: [CMS-concurrent-preclean-start]
2021-01-22T01:09:26.503+0800: 24.072: [CMS-concurrent-preclean: 0.002/0.002 secs] [Times: user=0.00 sys=0.00, real=0.00 secs] 
2021-01-22T01:09:26.504+0800: 24.073: [CMS-concurrent-abortable-preclean-start]
2021-01-22T01:09:26.572+0800: 24.141: [GC (Allocation Failure) 2021-01-22T01:09:26.572+0800: 24.141: [ParNew: 613439K->68095K(613440K), 0.0247864 secs] 1557649K->1136686K(2029056K), 0.0254306 secs] [Times: user=0.20 sys=0.00, real=0.02 secs] 
2021-01-22T01:09:26.659+0800: 24.228: [GC (Allocation Failure) 2021-01-22T01:09:26.659+0800: 24.228: [ParNew: 613439K->68095K(613440K), 0.0265368 secs] 1682030K->1278669K(2029056K), 0.0273569 secs] [Times: user=0.21 sys=0.00, real=0.02 secs] 
2021-01-22T01:09:26.751+0800: 24.320: [GC (Allocation Failure) 2021-01-22T01:09:26.752+0800: 24.321: [ParNew: 613439K->68095K(613440K), 0.0265305 secs] 1824013K->1411404K(2029056K), 0.0272783 secs] [Times: user=0.21 sys=0.00, real=0.03 secs] 
2021-01-22T01:09:26.781+0800: 24.350: [CMS-concurrent-abortable-preclean: 0.010/0.278 secs] [Times: user=0.81 sys=0.00, real=0.28 secs] 
2021-01-22T01:09:26.782+0800: 24.351: [GC (CMS Final Remark) [YG occupancy: 90458 K (613440 K)]2021-01-22T01:09:26.782+0800: 24.352: [Rescan (parallel) , 0.0017334 secs]2021-01-22T01:09:26.785+0800: 24.354: [weak refs processing, 0.0003723 secs]2021-01-22T01:09:26.785+0800: 24.354: [class unloading, 0.0004975 secs]2021-01-22T01:09:26.786+0800: 24.355: [scrub symbol table, 0.0006461 secs]2021-01-22T01:09:26.787+0800: 24.356: [scrub string table, 0.0004649 secs][1 CMS-remark: 1343308K(1415616K)] 1433767K(2029056K), 0.0055446 secs] [Times: user=0.01 sys=0.00, real=0.00 secs] 
2021-01-22T01:09:26.788+0800: 24.358: [CMS-concurrent-sweep-start]
2021-01-22T01:09:26.790+0800: 24.359: [CMS-concurrent-sweep: 0.002/0.002 secs] [Times: user=0.00 sys=0.00, real=0.00 secs] 
2021-01-22T01:09:26.791+0800: 24.360: [CMS-concurrent-reset-start]
2021-01-22T01:09:26.792+0800: 24.361: [CMS-concurrent-reset: 0.001/0.001 secs] [Times: user=0.00 sys=0.00, real=0.00 secs] 
2021-01-22T01:09:26.849+0800: 24.418: [GC (Allocation Failure) 2021-01-22T01:09:26.849+0800: 24.418: [ParNew: 613439K->68095K(613440K), 0.0297253 secs] 1309095K->893222K(2029056K), 0.0303549 secs] [Times: user=0.22 sys=0.02, real=0.03 secs] 
2021-01-22T01:09:26.880+0800: 24.449: [GC (CMS Initial Mark) [1 CMS-initial-mark: 825127K(1415616K)] 904587K(2029056K), 0.0011712 secs] [Times: user=0.00 sys=0.00, real=0.00 secs] 
2021-01-22T01:09:26.881+0800: 24.450: [CMS-concurrent-mark-start]
2021-01-22T01:09:26.885+0800: 24.454: [CMS-concurrent-mark: 0.004/0.004 secs] [Times: user=0.01 sys=0.00, real=0.00 secs] 
2021-01-22T01:09:26.886+0800: 24.455: [CMS-concurrent-preclean-start]
2021-01-22T01:09:26.887+0800: 24.456: [CMS-concurrent-preclean: 0.002/0.002 secs] [Times: user=0.00 sys=0.00, real=0.00 secs] 
2021-01-22T01:09:26.888+0800: 24.457: [CMS-concurrent-abortable-preclean-start]
2021-01-22T01:09:26.949+0800: 24.518: [GC (Allocation Failure) 2021-01-22T01:09:26.949+0800: 24.518: [ParNew: 613439K->68095K(613440K), 0.0255039 secs] 1438566K->1019392K(2029056K), 0.0264560 secs] [Times: user=0.20 sys=0.00, real=0.02 secs] 
2021-01-22T01:09:27.044+0800: 24.613: [GC (Allocation Failure) 2021-01-22T01:09:27.044+0800: 24.613: [ParNew: 613439K->68095K(613440K), 0.0236111 secs] 1564736K->1137071K(2029056K), 0.0242772 secs] [Times: user=0.18 sys=0.00, real=0.03 secs] 
2021-01-22T01:09:27.132+0800: 24.701: [GC (Allocation Failure) 2021-01-22T01:09:27.132+0800: 24.701: [ParNew: 613439K->68095K(613440K), 0.0237829 secs] 1682415K->1258781K(2029056K), 0.0246527 secs] [Times: user=0.19 sys=0.00, real=0.02 secs] 
2021-01-22T01:09:27.223+0800: 24.792: [GC (Allocation Failure) 2021-01-22T01:09:27.224+0800: 24.793: [ParNew: 613439K->68094K(613440K), 0.0246896 secs] 1804125K->1384059K(2029056K), 0.0255156 secs] [Times: user=0.17 sys=0.01, real=0.03 secs] 
2021-01-22T01:09:27.311+0800: 24.880: [GC (Allocation Failure) 2021-01-22T01:09:27.311+0800: 24.880: [ParNew: 613438K->613438K(613440K), 0.0003227 secs]2021-01-22T01:09:27.312+0800: 24.881: [CMS2021-01-22T01:09:27.312+0800: 24.882: [CMS-concurrent-abortable-preclean: 0.017/0.425 secs] [Times: user=1.09 sys=0.01, real=0.43 secs] 
 (concurrent mode failure): 1315964K->372188K(1415616K), 0.0533542 secs] 1929403K->372188K(2029056K), [Metaspace: 2816K->2816K(1056768K)], 0.0548285 secs] [Times: user=0.05 sys=0.00, real=0.05 secs] 
2021-01-22T01:09:27.433+0800: 25.002: [GC (Allocation Failure) 2021-01-22T01:09:27.433+0800: 25.002: [ParNew: 545344K->68094K(613440K), 0.0218042 secs] 917532K->527540K(2029056K), 0.0227396 secs] [Times: user=0.15 sys=0.01, real=0.02 secs] 
2021-01-22T01:09:27.529+0800: 25.098: [GC (Allocation Failure) 2021-01-22T01:09:27.529+0800: 25.098: [ParNew: 613438K->68095K(613440K), 0.0278417 secs] 1072884K->659317K(2029056K), 0.0285104 secs] [Times: user=0.21 sys=0.00, real=0.02 secs] 
2021-01-22T01:09:27.627+0800: 25.196: [GC (Allocation Failure) 2021-01-22T01:09:27.627+0800: 25.196: [ParNew: 613439K->68095K(613440K), 0.0258730 secs] 1204661K->781960K(2029056K), 0.0267224 secs] [Times: user=0.20 sys=0.00, real=0.03 secs] 
2021-01-22T01:09:27.723+0800: 25.292: [GC (Allocation Failure) 2021-01-22T01:09:27.723+0800: 25.292: [ParNew: 613439K->68095K(613440K), 0.0243960 secs] 1327304K->906269K(2029056K), 0.0251770 secs] [Times: user=0.19 sys=0.00, real=0.03 secs] 
2021-01-22T01:09:27.749+0800: 25.318: [GC (CMS Initial Mark) [1 CMS-initial-mark: 838173K(1415616K)] 917426K(2029056K), 0.0013756 secs] [Times: user=0.00 sys=0.00, real=0.00 secs] 
2021-01-22T01:09:27.751+0800: 25.320: [CMS-concurrent-mark-start]
2021-01-22T01:09:27.754+0800: 25.323: [CMS-concurrent-mark: 0.003/0.003 secs] [Times: user=0.01 sys=0.00, real=0.00 secs] 
2021-01-22T01:09:27.768+0800: 25.337: [CMS-concurrent-preclean-start]
2021-01-22T01:09:27.770+0800: 25.339: [CMS-concurrent-preclean: 0.001/0.001 secs] [Times: user=0.00 sys=0.00, real=0.00 secs] 
2021-01-22T01:09:27.770+0800: 25.339: [CMS-concurrent-abortable-preclean-start]
2021-01-22T01:09:27.815+0800: 25.384: [GC (Allocation Failure) 2021-01-22T01:09:27.815+0800: 25.384: [ParNew: 613439K->68095K(613440K), 0.0316389 secs] 1451613K->1031625K(2029056K), 0.0324268 secs] [Times: user=0.24 sys=0.00, real=0.03 secs] 
2021-01-22T01:09:27.913+0800: 25.482: [GC (Allocation Failure) 2021-01-22T01:09:27.914+0800: 25.483: [ParNew: 613439K->68095K(613440K), 0.0244912 secs] 1576969K->1157855K(2029056K), 0.0253544 secs] [Times: user=0.17 sys=0.01, real=0.03 secs] 
2021-01-22T01:09:28.003+0800: 25.572: [GC (Allocation Failure) 2021-01-22T01:09:28.004+0800: 25.573: [ParNew: 613439K->68095K(613440K), 0.0308194 secs] 1703199K->1290087K(2029056K), 0.0318436 secs] [Times: user=0.24 sys=0.00, real=0.03 secs] 
2021-01-22T01:09:28.107+0800: 25.676: [GC (Allocation Failure) 2021-01-22T01:09:28.108+0800: 25.677: [ParNew: 613439K->68095K(613440K), 0.0254753 secs] 1835431K->1406851K(2029056K), 0.0264155 secs] [Times: user=0.20 sys=0.00, real=0.03 secs] 
2021-01-22T01:09:28.137+0800: 25.706: [CMS-concurrent-abortable-preclean: 0.016/0.367 secs] [Times: user=1.11 sys=0.01, real=0.36 secs] 
2021-01-22T01:09:28.138+0800: 25.707: [GC (CMS Final Remark) [YG occupancy: 102090 K (613440 K)]2021-01-22T01:09:28.138+0800: 25.707: [Rescan (parallel) , 0.0013701 secs]2021-01-22T01:09:28.140+0800: 25.709: [weak refs processing, 0.0002193 secs]2021-01-22T01:09:28.140+0800: 25.709: [class unloading, 0.0003720 secs]2021-01-22T01:09:28.140+0800: 25.710: [scrub symbol table, 0.0004630 secs]2021-01-22T01:09:28.141+0800: 25.710: [scrub string table, 0.0003363 secs][1 CMS-remark: 1338756K(1415616K)] 1440847K(2029056K), 0.0038411 secs] [Times: user=0.01 sys=0.00, real=0.01 secs] 
2021-01-22T01:09:28.142+0800: 25.711: [CMS-concurrent-sweep-start]
2021-01-22T01:09:28.144+0800: 25.713: [CMS-concurrent-sweep: 0.001/0.001 secs] [Times: user=0.00 sys=0.00, real=0.00 secs] 
2021-01-22T01:09:28.144+0800: 25.713: [CMS-concurrent-reset-start]
2021-01-22T01:09:28.145+0800: 25.714: [CMS-concurrent-reset: 0.001/0.001 secs] [Times: user=0.00 sys=0.00, real=0.00 secs] 
2021-01-22T01:09:28.213+0800: 25.782: [GC (Allocation Failure) 2021-01-22T01:09:28.213+0800: 25.782: [ParNew: 613439K->68095K(613440K), 0.0296201 secs] 1426477K->1014736K(2029056K), 0.0301144 secs] [Times: user=0.23 sys=0.00, real=0.03 secs] 
2021-01-22T01:09:28.243+0800: 25.812: [GC (CMS Initial Mark) [1 CMS-initial-mark: 946641K(1415616K)] 1014880K(2029056K), 0.0006154 secs] [Times: user=0.00 sys=0.00, real=0.00 secs] 
2021-01-22T01:09:28.244+0800: 25.813: [CMS-concurrent-mark-start]
2021-01-22T01:09:28.247+0800: 25.816: [CMS-concurrent-mark: 0.003/0.003 secs] [Times: user=0.01 sys=0.00, real=0.00 secs] 
2021-01-22T01:09:28.248+0800: 25.817: [CMS-concurrent-preclean-start]
2021-01-22T01:09:28.249+0800: 25.818: [CMS-concurrent-preclean: 0.002/0.002 secs] [Times: user=0.01 sys=0.00, real=0.01 secs] 
2021-01-22T01:09:28.249+0800: 25.819: [CMS-concurrent-abortable-preclean-start]
2021-01-22T01:09:28.308+0800: 25.877: [GC (Allocation Failure) 2021-01-22T01:09:28.308+0800: 25.877: [ParNew: 613236K->68095K(613440K), 0.0244835 secs] 1559877K->1132406K(2029056K), 0.0252737 secs] [Times: user=0.18 sys=0.00, real=0.03 secs] 
2021-01-22T01:09:28.400+0800: 25.969: [GC (Allocation Failure) 2021-01-22T01:09:28.400+0800: 25.969: [ParNew: 613439K->68094K(613440K), 0.0248859 secs] 1677750K->1257463K(2029056K), 0.0257408 secs] [Times: user=0.19 sys=0.00, real=0.02 secs] 
2021-01-22T01:09:28.495+0800: 26.064: [GC (Allocation Failure) 2021-01-22T01:09:28.495+0800: 26.064: [ParNew: 613438K->68095K(613440K), 0.0256553 secs] 1802807K->1388427K(2029056K), 0.0267278 secs] [Times: user=0.19 sys=0.00, real=0.03 secs] 
2021-01-22T01:09:28.591+0800: 26.160: [GC (Allocation Failure) 2021-01-22T01:09:28.591+0800: 26.160: [ParNew: 613439K->613439K(613440K), 0.0003698 secs]2021-01-22T01:09:28.592+0800: 26.161: [CMS2021-01-22T01:09:28.592+0800: 26.162: [CMS-concurrent-abortable-preclean: 0.013/0.343 secs] [Times: user=0.85 sys=0.00, real=0.34 secs] 
 (concurrent mode failure): 1320332K->375499K(1415616K), 0.0640834 secs] 1933771K->375499K(2029056K), [Metaspace: 2816K->2816K(1056768K)], 0.0656411 secs] [Times: user=0.07 sys=0.00, real=0.06 secs] 
2021-01-22T01:09:28.730+0800: 26.299: [GC (Allocation Failure) 2021-01-22T01:09:28.730+0800: 26.299: [ParNew: 545081K->68095K(613440K), 0.0197509 secs] 920581K->525724K(2029056K), 0.0208119 secs] [Times: user=0.15 sys=0.00, real=0.02 secs] 
2021-01-22T01:09:28.818+0800: 26.387: [GC (Allocation Failure) 2021-01-22T01:09:28.818+0800: 26.387: [ParNew: 613439K->68095K(613440K), 0.0270198 secs] 1071068K->654097K(2029056K), 0.0281385 secs] [Times: user=0.21 sys=0.00, real=0.04 secs] 
2021-01-22T01:09:28.915+0800: 26.484: [GC (Allocation Failure) 2021-01-22T01:09:28.915+0800: 26.484: [ParNew: 613436K->68094K(613440K), 0.0292844 secs] 1199438K->779353K(2029056K), 0.0301240 secs] [Times: user=0.23 sys=0.00, real=0.03 secs] 
2021-01-22T01:09:28.946+0800: 26.515: [GC (CMS Initial Mark) [1 CMS-initial-mark: 711258K(1415616K)] 790847K(2029056K), 0.0014583 secs] [Times: user=0.00 sys=0.00, real=0.00 secs] 
2021-01-22T01:09:28.948+0800: 26.517: [CMS-concurrent-mark-start]
2021-01-22T01:09:28.950+0800: 26.519: [CMS-concurrent-mark: 0.002/0.002 secs] [Times: user=0.00 sys=0.00, real=0.01 secs] 
2021-01-22T01:09:28.951+0800: 26.520: [CMS-concurrent-preclean-start]
2021-01-22T01:09:28.954+0800: 26.523: [CMS-concurrent-preclean: 0.003/0.003 secs] [Times: user=0.01 sys=0.00, real=0.00 secs] 
2021-01-22T01:09:28.954+0800: 26.523: [CMS-concurrent-abortable-preclean-start]
2021-01-22T01:09:29.015+0800: 26.584: [GC (Allocation Failure) 2021-01-22T01:09:29.016+0800: 26.585: [ParNew: 613438K->68094K(613440K), 0.0326496 secs] 1324697K->908249K(2029056K), 0.0334157 secs] [Times: user=0.25 sys=0.00, real=0.04 secs] 
2021-01-22T01:09:29.127+0800: 26.696: [GC (Allocation Failure) 2021-01-22T01:09:29.127+0800: 26.696: [ParNew: 613438K->68095K(613440K), 0.0236262 secs] 1453593K->1026218K(2029056K), 0.0243412 secs] [Times: user=0.18 sys=0.00, real=0.03 secs] 
2021-01-22T01:09:29.217+0800: 26.786: [GC (Allocation Failure) 2021-01-22T01:09:29.217+0800: 26.786: [ParNew: 613439K->68094K(613440K), 0.0257171 secs] 1571562K->1151071K(2029056K), 0.0266589 secs] [Times: user=0.19 sys=0.00, real=0.03 secs] 
2021-01-22T01:09:29.312+0800: 26.881: [GC (Allocation Failure) 2021-01-22T01:09:29.313+0800: 26.882: [ParNew: 613438K->68095K(613440K), 0.0236758 secs] 1696415K->1264969K(2029056K), 0.0244508 secs] [Times: user=0.18 sys=0.00, real=0.02 secs] 
2021-01-22T01:09:29.404+0800: 26.973: [GC (Allocation Failure) 2021-01-22T01:09:29.405+0800: 26.974: [ParNew: 613439K->68095K(613440K), 0.0242289 secs] 1810313K->1389863K(2029056K), 0.0250678 secs] [Times: user=0.19 sys=0.00, real=0.03 secs] 
2021-01-22T01:09:29.494+0800: 27.063: [GC (Allocation Failure) 2021-01-22T01:09:29.494+0800: 27.063: [ParNew: 613439K->613439K(613440K), 0.0003455 secs]2021-01-22T01:09:29.495+0800: 27.064: [CMS2021-01-22T01:09:29.495+0800: 27.064: [CMS-concurrent-abortable-preclean: 0.024/0.541 secs] [Times: user=1.44 sys=0.00, real=0.54 secs] 
 (concurrent mode failure): 1321767K->396114K(1415616K), 0.0558771 secs] 1935207K->396114K(2029056K), [Metaspace: 2816K->2816K(1056768K)], 0.0574018 secs] [Times: user=0.05 sys=0.00, real=0.06 secs] 
2021-01-22T01:09:29.622+0800: 27.191: [GC (Allocation Failure) 2021-01-22T01:09:29.622+0800: 27.191: [ParNew: 545344K->68094K(613440K), 0.0199736 secs] 941458K->551632K(2029056K), 0.0209693 secs] [Times: user=0.15 sys=0.00, real=0.02 secs] 
2021-01-22T01:09:29.710+0800: 27.279: [GC (Allocation Failure) 2021-01-22T01:09:29.710+0800: 27.279: [ParNew: 613438K->68095K(613440K), 0.0301800 secs] 1096976K->674622K(2029056K), 0.0310889 secs] [Times: user=0.23 sys=0.00, real=0.03 secs] 
2021-01-22T01:09:29.813+0800: 27.382: [GC (Allocation Failure) 2021-01-22T01:09:29.814+0800: 27.383: [ParNew: 613439K->68095K(613440K), 0.0305466 secs] 1219966K->800793K(2029056K), 0.0313102 secs] [Times: user=0.21 sys=0.00, real=0.03 secs] 
2021-01-22T01:09:29.845+0800: 27.414: [GC (CMS Initial Mark) [1 CMS-initial-mark: 732697K(1415616K)] 813026K(2029056K), 0.0007942 secs] [Times: user=0.00 sys=0.00, real=0.00 secs] 
2021-01-22T01:09:29.847+0800: 27.416: [CMS-concurrent-mark-start]
2021-01-22T01:09:29.849+0800: 27.418: [CMS-concurrent-mark: 0.002/0.002 secs] [Times: user=0.01 sys=0.00, real=0.01 secs] 
2021-01-22T01:09:29.849+0800: 27.418: [CMS-concurrent-preclean-start]
2021-01-22T01:09:29.851+0800: 27.420: [CMS-concurrent-preclean: 0.001/0.001 secs] [Times: user=0.00 sys=0.00, real=0.00 secs] 
2021-01-22T01:09:29.859+0800: 27.428: [CMS-concurrent-abortable-preclean-start]
2021-01-22T01:09:29.912+0800: 27.481: [GC (Allocation Failure) 2021-01-22T01:09:29.913+0800: 27.482: [ParNew: 613439K->68095K(613440K), 0.0266010 secs] 1346137K->911710K(2029056K), 0.0273194 secs] [Times: user=0.20 sys=0.00, real=0.03 secs] 
2021-01-22T01:09:30.010+0800: 27.579: [GC (Allocation Failure) 2021-01-22T01:09:30.010+0800: 27.579: [ParNew: 613439K->68095K(613440K), 0.0306563 secs] 1457054K->1040358K(2029056K), 0.0313999 secs] [Times: user=0.23 sys=0.00, real=0.03 secs] 
2021-01-22T01:09:30.110+0800: 27.679: [GC (Allocation Failure) 2021-01-22T01:09:30.110+0800: 27.679: [ParNew: 613439K->68095K(613440K), 0.0241825 secs] 1585702K->1161223K(2029056K), 0.0250918 secs] [Times: user=0.19 sys=0.01, real=0.02 secs] 
2021-01-22T01:09:30.200+0800: 27.769: [GC (Allocation Failure) 2021-01-22T01:09:30.200+0800: 27.770: [ParNew: 613439K->68095K(613440K), 0.0239186 secs] 1706567K->1280454K(2029056K), 0.0246966 secs] [Times: user=0.18 sys=0.00, real=0.02 secs] 
2021-01-22T01:09:30.295+0800: 27.864: [GC (Allocation Failure) 2021-01-22T01:09:30.295+0800: 27.864: [ParNew: 613424K->68095K(613440K), 0.0301890 secs] 1825783K->1406073K(2029056K), 0.0311167 secs] [Times: user=0.24 sys=0.00, real=0.03 secs] 
2021-01-22T01:09:30.329+0800: 27.898: [CMS-concurrent-abortable-preclean: 0.019/0.470 secs] [Times: user=1.38 sys=0.01, real=0.47 secs] 
2021-01-22T01:09:30.330+0800: 27.899: [GC (CMS Final Remark) [YG occupancy: 102071 K (613440 K)]2021-01-22T01:09:30.330+0800: 27.899: [Rescan (parallel) , 0.0017514 secs]2021-01-22T01:09:30.332+0800: 27.901: [weak refs processing, 0.0004409 secs]2021-01-22T01:09:30.333+0800: 27.902: [class unloading, 0.0004785 secs]2021-01-22T01:09:30.334+0800: 27.903: [scrub symbol table, 0.0007438 secs]2021-01-22T01:09:30.335+0800: 27.904: [scrub string table, 0.0003711 secs][1 CMS-remark: 1337978K(1415616K)] 1440050K(2029056K), 0.0058847 secs] [Times: user=0.01 sys=0.00, real=0.00 secs] 
2021-01-22T01:09:30.336+0800: 27.905: [CMS-concurrent-sweep-start]
2021-01-22T01:09:30.338+0800: 27.907: [CMS-concurrent-sweep: 0.002/0.002 secs] [Times: user=0.01 sys=0.00, real=0.01 secs] 
2021-01-22T01:09:30.339+0800: 27.908: [CMS-concurrent-reset-start]
2021-01-22T01:09:30.341+0800: 27.910: [CMS-concurrent-reset: 0.002/0.002 secs] [Times: user=0.00 sys=0.00, real=0.00 secs] 
2021-01-22T01:09:30.404+0800: 27.973: [GC (Allocation Failure) 2021-01-22T01:09:30.404+0800: 27.973: [ParNew: 613439K->68095K(613440K), 0.0262080 secs] 1533109K->1105724K(2029056K), 0.0271327 secs] [Times: user=0.20 sys=0.00, real=0.03 secs] 
2021-01-22T01:09:30.432+0800: 28.001: [GC (CMS Initial Mark) [1 CMS-initial-mark: 1037629K(1415616K)] 1116652K(2029056K), 0.0015173 secs] [Times: user=0.01 sys=0.00, real=0.00 secs] 
2021-01-22T01:09:30.434+0800: 28.004: [CMS-concurrent-mark-start]
2021-01-22T01:09:30.438+0800: 28.007: [CMS-concurrent-mark: 0.004/0.004 secs] [Times: user=0.00 sys=0.00, real=0.01 secs] 
2021-01-22T01:09:30.439+0800: 28.008: [CMS-concurrent-preclean-start]
2021-01-22T01:09:30.440+0800: 28.009: [CMS-concurrent-preclean: 0.002/0.002 secs] [Times: user=0.00 sys=0.00, real=0.00 secs] 
2021-01-22T01:09:30.441+0800: 28.010: [CMS-concurrent-abortable-preclean-start]
2021-01-22T01:09:30.500+0800: 28.070: [GC (Allocation Failure) 2021-01-22T01:09:30.501+0800: 28.070: [ParNew: 613439K->68095K(613440K), 0.0255970 secs] 1651068K->1226710K(2029056K), 0.0263428 secs] [Times: user=0.20 sys=0.00, real=0.02 secs] 
2021-01-22T01:09:30.592+0800: 28.161: [GC (Allocation Failure) 2021-01-22T01:09:30.593+0800: 28.162: [ParNew: 613439K->68095K(613440K), 0.0307148 secs] 1772054K->1347690K(2029056K), 0.0316742 secs] [Times: user=0.23 sys=0.00, real=0.03 secs] 
2021-01-22T01:09:30.695+0800: 28.264: [GC (Allocation Failure) 2021-01-22T01:09:30.695+0800: 28.264: [ParNew: 613439K->68095K(613440K), 0.0254650 secs] 1893034K->1469763K(2029056K), 0.0263415 secs] [Times: user=0.20 sys=0.00, real=0.03 secs] 
2021-01-22T01:09:30.722+0800: 28.291: [CMS-concurrent-abortable-preclean: 0.009/0.281 secs] [Times: user=0.83 sys=0.00, real=0.28 secs] 
2021-01-22T01:09:30.722+0800: 28.291: [GC (CMS Final Remark) [YG occupancy: 79000 K (613440 K)]2021-01-22T01:09:30.723+0800: 28.292: [Rescan (parallel) , 0.0013000 secs]2021-01-22T01:09:30.724+0800: 28.293: [weak refs processing, 0.0003012 secs]2021-01-22T01:09:30.725+0800: 28.294: [class unloading, 0.0005014 secs]2021-01-22T01:09:30.726+0800: 28.295: [scrub symbol table, 0.0005403 secs]2021-01-22T01:09:30.727+0800: 28.296: [scrub string table, 0.0004493 secs][1 CMS-remark: 1401667K(1415616K)] 1480668K(2029056K), 0.0049426 secs] [Times: user=0.01 sys=0.00, real=0.00 secs] 
2021-01-22T01:09:30.728+0800: 28.297: [CMS-concurrent-sweep-start]
2021-01-22T01:09:30.731+0800: 28.300: [CMS-concurrent-sweep: 0.003/0.003 secs] [Times: user=0.00 sys=0.00, real=0.00 secs] 
2021-01-22T01:09:30.731+0800: 28.300: [CMS-concurrent-reset-start]
2021-01-22T01:09:30.732+0800: 28.302: [CMS-concurrent-reset: 0.001/0.001 secs] [Times: user=0.00 sys=0.00, real=0.00 secs] 
2021-01-22T01:09:30.796+0800: 28.365: [GC (Allocation Failure) 2021-01-22T01:09:30.797+0800: 28.366: [ParNew: 613439K->68095K(613440K), 0.0253532 secs] 1281382K->857948K(2029056K), 0.0263306 secs] [Times: user=0.18 sys=0.01, real=0.03 secs] 
2021-01-22T01:09:30.824+0800: 28.393: [GC (CMS Initial Mark) [1 CMS-initial-mark: 789853K(1415616K)] 869374K(2029056K), 0.0017470 secs] [Times: user=0.01 sys=0.00, real=0.00 secs] 
2021-01-22T01:09:30.827+0800: 28.396: [CMS-concurrent-mark-start]
2021-01-22T01:09:30.830+0800: 28.399: [CMS-concurrent-mark: 0.003/0.003 secs] [Times: user=0.00 sys=0.00, real=0.01 secs] 
2021-01-22T01:09:30.830+0800: 28.399: [CMS-concurrent-preclean-start]
2021-01-22T01:09:30.832+0800: 28.401: [CMS-concurrent-preclean: 0.002/0.002 secs] [Times: user=0.01 sys=0.00, real=0.00 secs] 
2021-01-22T01:09:30.832+0800: 28.401: [CMS-concurrent-abortable-preclean-start]
2021-01-22T01:09:30.899+0800: 28.468: [GC (Allocation Failure) 2021-01-22T01:09:30.900+0800: 28.469: [ParNew2021-01-22T01:09:30.935+0800: 28.504: [CMS-concurrent-abortable-preclean: 0.001/0.103 secs] [Times: user=0.32 sys=0.02, real=0.10 secs] 
: 613439K->68095K(613440K), 0.0418325 secs] 1403292K->977202K(2029056K), 0.0425820 secs] [Times: user=0.29 sys=0.02, real=0.04 secs] 
2021-01-22T01:09:30.943+0800: 28.512: [GC (CMS Final Remark) [YG occupancy: 78931 K (613440 K)]2021-01-22T01:09:30.943+0800: 28.512: [Rescan (parallel) , 0.0016969 secs]2021-01-22T01:09:30.945+0800: 28.514: [weak refs processing, 0.0003043 secs]2021-01-22T01:09:30.946+0800: 28.515: [class unloading, 0.0005342 secs]2021-01-22T01:09:30.947+0800: 28.516: [scrub symbol table, 0.0005483 secs]2021-01-22T01:09:30.947+0800: 28.516: [scrub string table, 0.0003947 secs][1 CMS-remark: 909107K(1415616K)] 988038K(2029056K), 0.0050644 secs] [Times: user=0.00 sys=0.00, real=0.01 secs] 
2021-01-22T01:09:30.949+0800: 28.518: [CMS-concurrent-sweep-start]
2021-01-22T01:09:30.953+0800: 28.522: [CMS-concurrent-sweep: 0.005/0.005 secs] [Times: user=0.01 sys=0.00, real=0.00 secs] 
2021-01-22T01:09:30.954+0800: 28.523: [CMS-concurrent-reset-start]
2021-01-22T01:09:30.956+0800: 28.525: [CMS-concurrent-reset: 0.002/0.002 secs] [Times: user=0.00 sys=0.00, real=0.00 secs] 
2021-01-22T01:09:31.017+0800: 28.586: [GC (Allocation Failure) 2021-01-22T01:09:31.017+0800: 28.586: [ParNew: 613439K->68095K(613440K), 0.0254981 secs] 1036241K->608747K(2029056K), 0.0261980 secs] [Times: user=0.19 sys=0.00, real=0.03 secs] 
2021-01-22T01:09:31.107+0800: 28.676: [GC (Allocation Failure) 2021-01-22T01:09:31.107+0800: 28.676: [ParNew: 613439K->68094K(613440K), 0.0261529 secs] 1154091K->737335K(2029056K), 0.0270174 secs] [Times: user=0.20 sys=0.00, real=0.03 secs] 
2021-01-22T01:09:31.196+0800: 28.765: [GC (Allocation Failure) 2021-01-22T01:09:31.197+0800: 28.766: [ParNew: 613438K->68094K(613440K), 0.0249912 secs] 1282679K->859916K(2029056K), 0.0257921 secs] [Times: user=0.19 sys=0.00, real=0.03 secs] 
2021-01-22T01:09:31.284+0800: 28.853: [GC (Allocation Failure) 2021-01-22T01:09:31.285+0800: 28.854: [ParNew: 613438K->68095K(613440K), 0.0310290 secs] 1405260K->989616K(2029056K), 0.0319360 secs] [Times: user=0.24 sys=0.00, real=0.03 secs] 
2021-01-22T01:09:31.317+0800: 28.886: [GC (CMS Initial Mark) [1 CMS-initial-mark: 921521K(1415616K)] 1001316K(2029056K), 0.0013598 secs] [Times: user=0.00 sys=0.00, real=0.01 secs] 
2021-01-22T01:09:31.319+0800: 28.889: [CMS-concurrent-mark-start]
2021-01-22T01:09:31.325+0800: 28.894: [CMS-concurrent-mark: 0.005/0.005 secs] [Times: user=0.00 sys=0.00, real=0.00 secs] 
2021-01-22T01:09:31.325+0800: 28.894: [CMS-concurrent-preclean-start]
2021-01-22T01:09:31.327+0800: 28.896: [CMS-concurrent-preclean: 0.002/0.002 secs] [Times: user=0.01 sys=0.00, real=0.00 secs] 
2021-01-22T01:09:31.327+0800: 28.896: [CMS-concurrent-abortable-preclean-start]
2021-01-22T01:09:31.397+0800: 28.966: [GC (Allocation Failure) 2021-01-22T01:09:31.397+0800: 28.966: [ParNew: 613439K->68095K(613440K), 0.0252478 secs] 1534960K->1115396K(2029056K), 0.0260857 secs] [Times: user=0.19 sys=0.00, real=0.03 secs] 
2021-01-22T01:09:31.488+0800: 29.057: [GC (Allocation Failure) 2021-01-22T01:09:31.489+0800: 29.058: [ParNew: 613439K->68095K(613440K), 0.0239080 secs] 1660740K->1233455K(2029056K), 0.0249167 secs] [Times: user=0.18 sys=0.00, real=0.02 secs] 
2021-01-22T01:09:31.580+0800: 29.149: [GC (Allocation Failure) 2021-01-22T01:09:31.580+0800: 29.149: [ParNew: 613439K->68095K(613440K), 0.0234300 secs] 1778799K->1350854K(2029056K), 0.0243681 secs] [Times: user=0.18 sys=0.00, real=0.02 secs] 
2021-01-22T01:09:31.677+0800: 29.246: [GC (Allocation Failure) 2021-01-22T01:09:31.678+0800: 29.247: [ParNew: 613439K->68095K(613440K), 0.0254168 secs] 1896198K->1477340K(2029056K), 0.0262130 secs] [Times: user=0.19 sys=0.01, real=0.03 secs] 
2021-01-22T01:09:31.704+0800: 29.273: [CMS-concurrent-abortable-preclean: 0.013/0.377 secs] [Times: user=1.04 sys=0.01, real=0.38 secs] 
2021-01-22T01:09:31.705+0800: 29.274: [GC (CMS Final Remark) [YG occupancy: 79620 K (613440 K)]2021-01-22T01:09:31.705+0800: 29.274: [Rescan (parallel) , 0.0018522 secs]2021-01-22T01:09:31.707+0800: 29.276: [weak refs processing, 0.0003675 secs]2021-01-22T01:09:31.708+0800: 29.277: [class unloading, 0.0005564 secs]2021-01-22T01:09:31.709+0800: 29.278: [scrub symbol table, 0.0005628 secs]2021-01-22T01:09:31.710+0800: 29.279: [scrub string table, 0.0004276 secs][1 CMS-remark: 1409244K(1415616K)] 1488865K(2029056K), 0.0058720 secs] [Times: user=0.01 sys=0.00, real=0.01 secs] 
2021-01-22T01:09:31.711+0800: 29.280: [CMS-concurrent-sweep-start]
2021-01-22T01:09:31.714+0800: 29.283: [CMS-concurrent-sweep: 0.003/0.003 secs] [Times: user=0.00 sys=0.00, real=0.00 secs] 
2021-01-22T01:09:31.715+0800: 29.284: [CMS-concurrent-reset-start]
2021-01-22T01:09:31.716+0800: 29.285: [CMS-concurrent-reset: 0.001/0.001 secs] [Times: user=0.00 sys=0.00, real=0.00 secs] 
2021-01-22T01:09:31.781+0800: 29.350: [GC (Allocation Failure) 2021-01-22T01:09:31.781+0800: 29.350: [ParNew: 613439K->68094K(613440K), 0.0257980 secs] 1413466K->992292K(2029056K), 0.0266904 secs] [Times: user=0.20 sys=0.00, real=0.02 secs] 
2021-01-22T01:09:31.809+0800: 29.378: [GC (CMS Initial Mark) [1 CMS-initial-mark: 924197K(1415616K)] 1004417K(2029056K), 0.0018406 secs] [Times: user=0.00 sys=0.00, real=0.00 secs] 
2021-01-22T01:09:31.811+0800: 29.380: [CMS-concurrent-mark-start]
2021-01-22T01:09:31.815+0800: 29.384: [CMS-concurrent-mark: 0.003/0.003 secs] [Times: user=0.01 sys=0.00, real=0.00 secs] 
2021-01-22T01:09:31.815+0800: 29.384: [CMS-concurrent-preclean-start]
2021-01-22T01:09:31.817+0800: 29.386: [CMS-concurrent-preclean: 0.001/0.001 secs] [Times: user=0.00 sys=0.00, real=0.00 secs] 
2021-01-22T01:09:31.817+0800: 29.386: [CMS-concurrent-abortable-preclean-start]
2021-01-22T01:09:31.880+0800: 29.449: [GC (Allocation Failure) 2021-01-22T01:09:31.881+0800: 29.450: [ParNew: 613438K->68095K(613440K), 0.0265771 secs] 1537636K->1123737K(2029056K), 0.0274034 secs] [Times: user=0.20 sys=0.00, real=0.02 secs] 
2021-01-22T01:09:31.977+0800: 29.546: [GC (Allocation Failure) 2021-01-22T01:09:31.978+0800: 29.547: [ParNew2021-01-22T01:09:32.012+0800: 29.581: [CMS-concurrent-abortable-preclean: 0.005/0.195 secs] [Times: user=0.60 sys=0.01, real=0.20 secs] 
: 613439K->68095K(613440K), 0.0370525 secs] 1669081K->1247737K(2029056K), 0.0378195 secs] [Times: user=0.27 sys=0.01, real=0.04 secs] 
2021-01-22T01:09:32.016+0800: 29.585: [GC (CMS Final Remark) [YG occupancy: 79808 K (613440 K)]2021-01-22T01:09:32.016+0800: 29.585: [Rescan (parallel) , 0.0030108 secs]2021-01-22T01:09:32.020+0800: 29.589: [weak refs processing, 0.0002510 secs]2021-01-22T01:09:32.020+0800: 29.589: [class unloading, 0.0005269 secs]2021-01-22T01:09:32.021+0800: 29.590: [scrub symbol table, 0.0009388 secs]2021-01-22T01:09:32.023+0800: 29.592: [scrub string table, 0.0005885 secs][1 CMS-remark: 1179641K(1415616K)] 1259450K(2029056K), 0.0077086 secs] [Times: user=0.00 sys=0.02, real=0.01 secs] 
2021-01-22T01:09:32.025+0800: 29.594: [CMS-concurrent-sweep-start]
2021-01-22T01:09:32.030+0800: 29.599: [CMS-concurrent-sweep: 0.005/0.005 secs] [Times: user=0.01 sys=0.00, real=0.01 secs] 
2021-01-22T01:09:32.030+0800: 29.599: [CMS-concurrent-reset-start]
2021-01-22T01:09:32.032+0800: 29.601: [CMS-concurrent-reset: 0.002/0.002 secs] [Times: user=0.00 sys=0.00, real=0.00 secs] 
2021-01-22T01:09:32.100+0800: 29.669: [GC (Allocation Failure) 2021-01-22T01:09:32.100+0800: 29.669: [ParNew: 613439K->68094K(613440K), 0.0257836 secs] 1177909K->752659K(2029056K), 0.0264232 secs] [Times: user=0.20 sys=0.00, real=0.02 secs] 
2021-01-22T01:09:32.190+0800: 29.759: [GC (Allocation Failure) 2021-01-22T01:09:32.191+0800: 29.760: [ParNew: 613438K->68095K(613440K), 0.0245686 secs] 1298003K->874337K(2029056K), 0.0253776 secs] [Times: user=0.19 sys=0.00, real=0.02 secs] 
2021-01-22T01:09:32.217+0800: 29.786: [GC (CMS Initial Mark) [1 CMS-initial-mark: 806242K(1415616K)] 885894K(2029056K), 0.0013673 secs] [Times: user=0.00 sys=0.00, real=0.01 secs] 
2021-01-22T01:09:32.219+0800: 29.788: [CMS-concurrent-mark-start]
2021-01-22T01:09:32.222+0800: 29.791: [CMS-concurrent-mark: 0.003/0.003 secs] [Times: user=0.01 sys=0.00, real=0.00 secs] 
2021-01-22T01:09:32.223+0800: 29.792: [CMS-concurrent-preclean-start]
2021-01-22T01:09:32.224+0800: 29.793: [CMS-concurrent-preclean: 0.001/0.001 secs] [Times: user=0.00 sys=0.00, real=0.00 secs] 
2021-01-22T01:09:32.225+0800: 29.794: [CMS-concurrent-abortable-preclean-start]
2021-01-22T01:09:32.282+0800: 29.851: [GC (Allocation Failure) 2021-01-22T01:09:32.283+0800: 29.852: [ParNew: 613439K->68095K(613440K), 0.0283827 secs] 1419681K->992817K(2029056K), 0.0291741 secs] [Times: user=0.22 sys=0.00, real=0.03 secs] 
2021-01-22T01:09:32.380+0800: 29.949: [GC (Allocation Failure) 2021-01-22T01:09:32.380+0800: 29.949: [ParNew: 613439K->68095K(613440K), 0.0279347 secs] 1538161K->1122410K(2029056K), 0.0289161 secs] [Times: user=0.20 sys=0.01, real=0.03 secs] 
2021-01-22T01:09:32.476+0800: 30.045: [GC (Allocation Failure) 2021-01-22T01:09:32.477+0800: 30.046: [ParNew: 613439K->68095K(613440K), 0.0276320 secs] 1667754K->1253007K(2029056K), 0.0282062 secs] [Times: user=0.22 sys=0.00, real=0.03 secs] 
2021-01-22T01:09:32.573+0800: 30.142: [GC (Allocation Failure) 2021-01-22T01:09:32.574+0800: 30.143: [ParNew: 613439K->68095K(613440K), 0.0267556 secs] 1798351K->1380473K(2029056K), 0.0276586 secs] [Times: user=0.21 sys=0.00, real=0.03 secs] 
2021-01-22T01:09:32.668+0800: 30.237: [GC (Allocation Failure) 2021-01-22T01:09:32.668+0800: 30.237: [ParNew: 613439K->613439K(613440K), 0.0002072 secs]2021-01-22T01:09:32.669+0800: 30.238: [CMS2021-01-22T01:09:32.669+0800: 30.238: [CMS-concurrent-abortable-preclean: 0.018/0.444 secs] [Times: user=1.19 sys=0.02, real=0.45 secs] 
 (concurrent mode failure): 1312377K->373671K(1415616K), 0.0547524 secs] 1925817K->373671K(2029056K), [Metaspace: 2816K->2816K(1056768K)], 0.0558722 secs] [Times: user=0.05 sys=0.00, real=0.06 secs] 
2021-01-22T01:09:32.792+0800: 30.361: [GC (Allocation Failure) 2021-01-22T01:09:32.793+0800: 30.362: [ParNew: 545344K->68095K(613440K), 0.0203926 secs] 919015K->521909K(2029056K), 0.0214511 secs] [Times: user=0.16 sys=0.00, real=0.02 secs] 
2021-01-22T01:09:32.885+0800: 30.454: [GC (Allocation Failure) 2021-01-22T01:09:32.886+0800: 30.455: [ParNew: 613439K->68095K(613440K), 0.0239037 secs] 1067253K->641840K(2029056K), 0.0256090 secs] [Times: user=0.18 sys=0.00, real=0.03 secs] 
2021-01-22T01:09:32.976+0800: 30.545: [GC (Allocation Failure) 2021-01-22T01:09:32.976+0800: 30.545: [ParNew: 613439K->68095K(613440K), 0.0234051 secs] 1187184K->766260K(2029056K), 0.0243894 secs] [Times: user=0.19 sys=0.00, real=0.03 secs] 
2021-01-22T01:09:33.070+0800: 30.639: [GC (Allocation Failure) 2021-01-22T01:09:33.071+0800: 30.640: [ParNew: 613439K->68095K(613440K), 0.0235046 secs] 1311604K->883467K(2029056K), 0.0244932 secs] [Times: user=0.18 sys=0.00, real=0.02 secs] 
2021-01-22T01:09:33.096+0800: 30.665: [GC (CMS Initial Mark) [1 CMS-initial-mark: 815371K(1415616K)] 894856K(2029056K), 0.0012727 secs] [Times: user=0.01 sys=0.00, real=0.00 secs] 
2021-01-22T01:09:33.098+0800: 30.667: [CMS-concurrent-mark-start]
2021-01-22T01:09:33.100+0800: 30.669: [CMS-concurrent-mark: 0.003/0.003 secs] [Times: user=0.00 sys=0.00, real=0.01 secs] 
2021-01-22T01:09:33.101+0800: 30.670: [CMS-concurrent-preclean-start]
2021-01-22T01:09:33.102+0800: 30.671: [CMS-concurrent-preclean: 0.001/0.001 secs] [Times: user=0.00 sys=0.00, real=0.00 secs] 
2021-01-22T01:09:33.103+0800: 30.672: [CMS-concurrent-abortable-preclean-start]
2021-01-22T01:09:33.166+0800: 30.736: [GC (Allocation Failure) 2021-01-22T01:09:33.167+0800: 30.736: [ParNew: 613439K->68094K(613440K), 0.0247230 secs] 1428811K->996171K(2029056K), 0.0255610 secs] [Times: user=0.19 sys=0.00, real=0.03 secs] 
2021-01-22T01:09:33.262+0800: 30.831: [GC (Allocation Failure) 2021-01-22T01:09:33.263+0800: 30.832: [ParNew: 613438K->68095K(613440K), 0.0247145 secs] 1541515K->1118967K(2029056K), 0.0256086 secs] [Times: user=0.19 sys=0.00, real=0.03 secs] 
2021-01-22T01:09:33.356+0800: 30.925: [GC (Allocation Failure) 2021-01-22T01:09:33.356+0800: 30.925: [ParNew: 613439K->68095K(613440K), 0.0241100 secs] 1664311K->1241210K(2029056K), 0.0248258 secs] [Times: user=0.18 sys=0.00, real=0.03 secs] 
2021-01-22T01:09:33.446+0800: 31.015: [GC (Allocation Failure) 2021-01-22T01:09:33.446+0800: 31.015: [ParNew: 613439K->68095K(613440K), 0.0231337 secs] 1786554K->1358454K(2029056K), 0.0239704 secs] [Times: user=0.18 sys=0.00, real=0.03 secs] 
2021-01-22T01:09:33.530+0800: 31.099: [GC (Allocation Failure) 2021-01-22T01:09:33.531+0800: 31.100: [ParNew: 613439K->613439K(613440K), 0.0002956 secs]2021-01-22T01:09:33.532+0800: 31.101: [CMS2021-01-22T01:09:33.532+0800: 31.101: [CMS-concurrent-abortable-preclean: 0.017/0.429 secs] [Times: user=1.10 sys=0.00, real=0.43 secs] 
 (concurrent mode failure): 1290358K->358544K(1415616K), 0.0536865 secs] 1903798K->358544K(2029056K), [Metaspace: 2816K->2816K(1056768K)], 0.0554337 secs] [Times: user=0.05 sys=0.00, real=0.05 secs] 
2021-01-22T01:09:33.650+0800: 31.219: [GC (Allocation Failure) 2021-01-22T01:09:33.650+0800: 31.219: [ParNew: 545344K->68095K(613440K), 0.0192174 secs] 903888K->505750K(2029056K), 0.0202286 secs] [Times: user=0.15 sys=0.00, real=0.02 secs] 
2021-01-22T01:09:33.736+0800: 31.305: [GC (Allocation Failure) 2021-01-22T01:09:33.736+0800: 31.305: [ParNew: 613439K->68095K(613440K), 0.0241374 secs] 1051094K->627870K(2029056K), 0.0249122 secs] [Times: user=0.18 sys=0.00, real=0.03 secs] 
2021-01-22T01:09:33.829+0800: 31.398: [GC (Allocation Failure) 2021-01-22T01:09:33.829+0800: 31.398: [ParNew: 613439K->68095K(613440K), 0.0243695 secs] 1173214K->745590K(2029056K), 0.0251291 secs] [Times: user=0.19 sys=0.00, real=0.02 secs] 
2021-01-22T01:09:33.922+0800: 31.491: [GC (Allocation Failure) 2021-01-22T01:09:33.923+0800: 31.492: [ParNew: 613439K->68095K(613440K), 0.0248977 secs] 1290934K->869226K(2029056K), 0.0257481 secs] [Times: user=0.19 sys=0.00, real=0.03 secs] 
2021-01-22T01:09:33.949+0800: 31.518: [GC (CMS Initial Mark) [1 CMS-initial-mark: 801130K(1415616K)] 880266K(2029056K), 0.0014507 secs] [Times: user=0.01 sys=0.00, real=0.00 secs] 
2021-01-22T01:09:33.951+0800: 31.520: [CMS-concurrent-mark-start]
2021-01-22T01:09:33.954+0800: 31.523: [CMS-concurrent-mark: 0.003/0.003 secs] [Times: user=0.00 sys=0.00, real=0.00 secs] 
2021-01-22T01:09:33.955+0800: 31.524: [CMS-concurrent-preclean-start]
2021-01-22T01:09:33.956+0800: 31.525: [CMS-concurrent-preclean: 0.001/0.001 secs] [Times: user=0.00 sys=0.00, real=0.00 secs] 
2021-01-22T01:09:33.956+0800: 31.525: [CMS-concurrent-abortable-preclean-start]
2021-01-22T01:09:34.017+0800: 31.586: [GC (Allocation Failure) 2021-01-22T01:09:34.018+0800: 31.587: [ParNew: 613439K->68095K(613440K), 0.0270598 secs] 1414570K->994076K(2029056K), 0.0279612 secs] [Times: user=0.21 sys=0.00, real=0.03 secs] 
2021-01-22T01:09:34.116+0800: 31.685: [GC (Allocation Failure) 2021-01-22T01:09:34.116+0800: 31.685: [ParNew: 613439K->68094K(613440K), 0.0274707 secs] 1539420K->1111032K(2029056K), 0.0283233 secs] [Times: user=0.21 sys=0.00, real=0.03 secs] 
2021-01-22T01:09:34.223+0800: 31.792: [GC (Allocation Failure) 2021-01-22T01:09:34.224+0800: 31.793: [ParNew2021-01-22T01:09:34.249+0800: 31.819: [CMS-concurrent-abortable-preclean: 0.009/0.293 secs] [Times: user=0.85 sys=0.00, real=0.30 secs] 
: 613438K->68095K(613440K), 0.0326776 secs] 1656376K->1244729K(2029056K), 0.0334651 secs] [Times: user=0.25 sys=0.00, real=0.03 secs] 
2021-01-22T01:09:34.258+0800: 31.827: [GC (CMS Final Remark) [YG occupancy: 79065 K (613440 K)]2021-01-22T01:09:34.258+0800: 31.827: [Rescan (parallel) , 0.0019303 secs]2021-01-22T01:09:34.260+0800: 31.829: [weak refs processing, 0.0003301 secs]2021-01-22T01:09:34.261+0800: 31.830: [class unloading, 0.0003911 secs]2021-01-22T01:09:34.262+0800: 31.831: [scrub symbol table, 0.0009006 secs]2021-01-22T01:09:34.263+0800: 31.832: [scrub string table, 0.0004703 secs][1 CMS-remark: 1176633K(1415616K)] 1255698K(2029056K), 0.0058049 secs] [Times: user=0.01 sys=0.00, real=0.01 secs] 
2021-01-22T01:09:34.264+0800: 31.833: [CMS-concurrent-sweep-start]
2021-01-22T01:09:34.265+0800: 31.835: [CMS-concurrent-sweep: 0.002/0.002 secs] [Times: user=0.00 sys=0.00, real=0.00 secs] 
2021-01-22T01:09:34.266+0800: 31.835: [CMS-concurrent-reset-start]
2021-01-22T01:09:34.267+0800: 31.836: [CMS-concurrent-reset: 0.001/0.001 secs] [Times: user=0.00 sys=0.00, real=0.00 secs] 
2021-01-22T01:09:34.336+0800: 31.905: [GC (Allocation Failure) 2021-01-22T01:09:34.337+0800: 31.906: [ParNew: 613439K->68095K(613440K), 0.0284441 secs] 1293733K->872859K(2029056K), 0.0291758 secs] [Times: user=0.22 sys=0.00, real=0.03 secs] 
2021-01-22T01:09:34.366+0800: 31.935: [GC (CMS Initial Mark) [1 CMS-initial-mark: 804763K(1415616K)] 884315K(2029056K), 0.0009023 secs] [Times: user=0.00 sys=0.00, real=0.00 secs] 
2021-01-22T01:09:34.368+0800: 31.937: [CMS-concurrent-mark-start]
2021-01-22T01:09:34.371+0800: 31.940: [CMS-concurrent-mark: 0.004/0.004 secs] [Times: user=0.01 sys=0.00, real=0.01 secs] 
2021-01-22T01:09:34.372+0800: 31.941: [CMS-concurrent-preclean-start]
2021-01-22T01:09:34.373+0800: 31.942: [CMS-concurrent-preclean: 0.001/0.001 secs] [Times: user=0.00 sys=0.00, real=0.00 secs] 
2021-01-22T01:09:34.373+0800: 31.942: [CMS-concurrent-abortable-preclean-start]
2021-01-22T01:09:34.435+0800: 32.004: [GC (Allocation Failure) 2021-01-22T01:09:34.435+0800: 32.004: [ParNew: 613439K->68095K(613440K), 0.0237691 secs] 1418203K->989076K(2029056K), 0.0244189 secs] [Times: user=0.18 sys=0.00, real=0.03 secs] 
2021-01-22T01:09:34.523+0800: 32.092: [GC (Allocation Failure) 2021-01-22T01:09:34.523+0800: 32.093: [ParNew: 613439K->68094K(613440K), 0.0260155 secs] 1534420K->1116718K(2029056K), 0.0270280 secs] [Times: user=0.20 sys=0.00, real=0.03 secs] 
2021-01-22T01:09:34.621+0800: 32.191: [GC (Allocation Failure) 2021-01-22T01:09:34.622+0800: 32.191: [ParNew: 613438K->68095K(613440K), 0.0284249 secs] 1662062K->1252478K(2029056K), 0.0293202 secs] [Times: user=0.22 sys=0.00, real=0.03 secs] 
2021-01-22T01:09:34.723+0800: 32.292: [GC (Allocation Failure) 2021-01-22T01:09:34.724+0800: 32.293: [ParNew2021-01-22T01:09:34.756+0800: 32.325: [CMS-concurrent-abortable-preclean: 0.013/0.383 secs] [Times: user=1.13 sys=0.00, real=0.38 secs] 
: 613439K->68095K(613440K), 0.0326616 secs] 1797822K->1374510K(2029056K), 0.0334097 secs] [Times: user=0.25 sys=0.00, real=0.03 secs] 
2021-01-22T01:09:34.758+0800: 32.327: [GC (CMS Final Remark) [YG occupancy: 79384 K (613440 K)]2021-01-22T01:09:34.758+0800: 32.327: [Rescan (parallel) , 0.0019194 secs]2021-01-22T01:09:34.760+0800: 32.329: [weak refs processing, 0.0003024 secs]2021-01-22T01:09:34.761+0800: 32.330: [class unloading, 0.0004471 secs]2021-01-22T01:09:34.761+0800: 32.330: [scrub symbol table, 0.0005224 secs]2021-01-22T01:09:34.762+0800: 32.331: [scrub string table, 0.0003996 secs][1 CMS-remark: 1306414K(1415616K)] 1385799K(2029056K), 0.0051496 secs] [Times: user=0.01 sys=0.00, real=0.01 secs] 
2021-01-22T01:09:34.763+0800: 32.332: [CMS-concurrent-sweep-start]
2021-01-22T01:09:34.765+0800: 32.334: [CMS-concurrent-sweep: 0.002/0.002 secs] [Times: user=0.00 sys=0.00, real=0.00 secs] 
2021-01-22T01:09:34.778+0800: 32.347: [CMS-concurrent-reset-start]
2021-01-22T01:09:34.779+0800: 32.348: [CMS-concurrent-reset: 0.001/0.001 secs] [Times: user=0.00 sys=0.00, real=0.00 secs] 
2021-01-22T01:09:34.831+0800: 32.400: [GC (Allocation Failure) 2021-01-22T01:09:34.832+0800: 32.401: [ParNew: 613439K->68095K(613440K), 0.0260312 secs] 1417457K->983237K(2029056K), 0.0268732 secs] [Times: user=0.20 sys=0.00, real=0.03 secs] 
2021-01-22T01:09:34.859+0800: 32.428: [GC (CMS Initial Mark) [1 CMS-initial-mark: 915142K(1415616K)] 994431K(2029056K), 0.0013328 secs] [Times: user=0.00 sys=0.00, real=0.00 secs] 
2021-01-22T01:09:34.861+0800: 32.430: [CMS-concurrent-mark-start]
2021-01-22T01:09:34.865+0800: 32.434: [CMS-concurrent-mark: 0.004/0.004 secs] [Times: user=0.01 sys=0.00, real=0.00 secs] 
2021-01-22T01:09:34.865+0800: 32.435: [CMS-concurrent-preclean-start]
2021-01-22T01:09:34.867+0800: 32.436: [CMS-concurrent-preclean: 0.001/0.001 secs] [Times: user=0.00 sys=0.00, real=0.00 secs] 
2021-01-22T01:09:34.867+0800: 32.437: [CMS-concurrent-abortable-preclean-start]
2021-01-22T01:09:34.925+0800: 32.494: [GC (Allocation Failure) 2021-01-22T01:09:34.926+0800: 32.495: [ParNew: 613439K->68095K(613440K), 0.0253159 secs] 1528581K->1099876K(2029056K), 0.0261653 secs] [Times: user=0.20 sys=0.00, real=0.03 secs] 
2021-01-22T01:09:35.017+0800: 32.586: [GC (Allocation Failure) 2021-01-22T01:09:35.018+0800: 32.587: [ParNew: 613439K->68095K(613440K), 0.0294837 secs] 1645220K->1225712K(2029056K), 0.0303632 secs] [Times: user=0.22 sys=0.00, real=0.03 secs] 
2021-01-22T01:09:35.122+0800: 32.691: [GC (Allocation Failure) 2021-01-22T01:09:35.122+0800: 32.691: [ParNew: 613439K->68095K(613440K), 0.0250798 secs] 1771056K->1341514K(2029056K), 0.0259434 secs] [Times: user=0.19 sys=0.00, real=0.02 secs] 
2021-01-22T01:09:35.212+0800: 32.781: [GC (Allocation Failure) 2021-01-22T01:09:35.213+0800: 32.782: [ParNew: 613439K->68095K(613440K), 0.0255806 secs] 1886858K->1468020K(2029056K), 0.0264723 secs] [Times: user=0.20 sys=0.00, real=0.03 secs] 
2021-01-22T01:09:35.239+0800: 32.809: [CMS-concurrent-abortable-preclean: 0.015/0.372 secs] [Times: user=1.09 sys=0.00, real=0.38 secs] 
2021-01-22T01:09:35.240+0800: 32.809: [GC (CMS Final Remark) [YG occupancy: 79920 K (613440 K)]2021-01-22T01:09:35.240+0800: 32.810: [Rescan (parallel) , 0.0019535 secs]2021-01-22T01:09:35.243+0800: 32.812: [weak refs processing, 0.0003132 secs]2021-01-22T01:09:35.243+0800: 32.813: [class unloading, 0.0006531 secs]2021-01-22T01:09:35.244+0800: 32.813: [scrub symbol table, 0.0010266 secs]2021-01-22T01:09:35.246+0800: 32.815: [scrub string table, 0.0004514 secs][1 CMS-remark: 1399924K(1415616K)] 1479844K(2029056K), 0.0064935 secs] [Times: user=0.01 sys=0.00, real=0.00 secs] 
2021-01-22T01:09:35.247+0800: 32.816: [CMS-concurrent-sweep-start]
2021-01-22T01:09:35.250+0800: 32.819: [CMS-concurrent-sweep: 0.003/0.003 secs] [Times: user=0.00 sys=0.00, real=0.01 secs] 
2021-01-22T01:09:35.250+0800: 32.820: [CMS-concurrent-reset-start]
2021-01-22T01:09:35.252+0800: 32.821: [CMS-concurrent-reset: 0.001/0.001 secs] [Times: user=0.00 sys=0.00, real=0.00 secs] 
2021-01-22T01:09:35.313+0800: 32.882: [GC (Allocation Failure) 2021-01-22T01:09:35.313+0800: 32.882: [ParNew: 613439K->68095K(613440K), 0.0334462 secs] 1403787K->989082K(2029056K), 0.0342300 secs] [Times: user=0.25 sys=0.00, real=0.03 secs] 
2021-01-22T01:09:35.348+0800: 32.917: [GC (CMS Initial Mark) [1 CMS-initial-mark: 920986K(1415616K)] 1000387K(2029056K), 0.0009970 secs] [Times: user=0.00 sys=0.00, real=0.01 secs] 
2021-01-22T01:09:35.349+0800: 32.918: [CMS-concurrent-mark-start]
2021-01-22T01:09:35.354+0800: 32.923: [CMS-concurrent-mark: 0.005/0.005 secs] [Times: user=0.01 sys=0.00, real=0.00 secs] 
2021-01-22T01:09:35.355+0800: 32.924: [CMS-concurrent-preclean-start]
2021-01-22T01:09:35.357+0800: 32.926: [CMS-concurrent-preclean: 0.002/0.002 secs] [Times: user=0.01 sys=0.00, real=0.00 secs] 
2021-01-22T01:09:35.357+0800: 32.926: [CMS-concurrent-abortable-preclean-start]
2021-01-22T01:09:35.426+0800: 32.995: [GC (Allocation Failure) 2021-01-22T01:09:35.426+0800: 32.995: [ParNew2021-01-22T01:09:35.460+0800: 33.029: [CMS-concurrent-abortable-preclean: 0.002/0.103 secs] [Times: user=0.34 sys=0.00, real=0.11 secs] 
: 612839K->68094K(613440K), 0.0375886 secs] 1533826K->1120727K(2029056K), 0.0380919 secs] [Times: user=0.30 sys=0.00, real=0.04 secs] 
2021-01-22T01:09:35.464+0800: 33.033: [GC (CMS Final Remark) [YG occupancy: 79691 K (613440 K)]2021-01-22T01:09:35.464+0800: 33.033: [Rescan (parallel) , 0.0011202 secs]2021-01-22T01:09:35.466+0800: 33.035: [weak refs processing, 0.0001357 secs]2021-01-22T01:09:35.466+0800: 33.035: [class unloading, 0.0002895 secs]2021-01-22T01:09:35.466+0800: 33.036: [scrub symbol table, 0.0004899 secs]2021-01-22T01:09:35.467+0800: 33.036: [scrub string table, 0.0002873 secs][1 CMS-remark: 1052633K(1415616K)] 1132324K(2029056K), 0.0032926 secs] [Times: user=0.01 sys=0.00, real=0.00 secs] 
2021-01-22T01:09:35.468+0800: 33.037: [CMS-concurrent-sweep-start]
2021-01-22T01:09:35.471+0800: 33.040: [CMS-concurrent-sweep: 0.003/0.003 secs] [Times: user=0.00 sys=0.00, real=0.01 secs] 
2021-01-22T01:09:35.471+0800: 33.040: [CMS-concurrent-reset-start]
2021-01-22T01:09:35.472+0800: 33.041: [CMS-concurrent-reset: 0.001/0.001 secs] [Times: user=0.00 sys=0.00, real=0.00 secs] 
2021-01-22T01:09:35.530+0800: 33.099: [GC (Allocation Failure) 2021-01-22T01:09:35.530+0800: 33.099: [ParNew: 613438K->68095K(613440K), 0.0259660 secs] 1055087K->635714K(2029056K), 0.0267415 secs] [Times: user=0.20 sys=0.00, real=0.02 secs] 
2021-01-22T01:09:35.622+0800: 33.191: [GC (Allocation Failure) 2021-01-22T01:09:35.623+0800: 33.192: [ParNew: 613439K->68095K(613440K), 0.0316371 secs] 1181058K->760211K(2029056K), 0.0323600 secs] [Times: user=0.24 sys=0.01, real=0.03 secs] 
2021-01-22T01:09:35.722+0800: 33.291: [GC (Allocation Failure) 2021-01-22T01:09:35.723+0800: 33.292: [ParNew: 613439K->68095K(613440K), 0.0261432 secs] 1305555K->890247K(2029056K), 0.0269524 secs] [Times: user=0.19 sys=0.01, real=0.03 secs] 
2021-01-22T01:09:35.750+0800: 33.319: [GC (CMS Initial Mark) [1 CMS-initial-mark: 822152K(1415616K)] 901815K(2029056K), 0.0015612 secs] [Times: user=0.00 sys=0.00, real=0.00 secs] 
2021-01-22T01:09:35.753+0800: 33.322: [CMS-concurrent-mark-start]
2021-01-22T01:09:35.756+0800: 33.325: [CMS-concurrent-mark: 0.003/0.003 secs] [Times: user=0.01 sys=0.00, real=0.00 secs] 
2021-01-22T01:09:35.756+0800: 33.325: [CMS-concurrent-preclean-start]
2021-01-22T01:09:35.757+0800: 33.326: [CMS-concurrent-preclean: 0.001/0.001 secs] [Times: user=0.00 sys=0.00, real=0.00 secs] 
2021-01-22T01:09:35.758+0800: 33.327: [CMS-concurrent-abortable-preclean-start]
2021-01-22T01:09:35.816+0800: 33.385: [GC (Allocation Failure) 2021-01-22T01:09:35.816+0800: 33.385: [ParNew: 613439K->68095K(613440K), 0.0245391 secs] 1435591K->1008497K(2029056K), 0.0254702 secs] [Times: user=0.19 sys=0.00, real=0.03 secs] 
2021-01-22T01:09:35.911+0800: 33.480: [GC (Allocation Failure) 2021-01-22T01:09:35.911+0800: 33.480: [ParNew: 613439K->68094K(613440K), 0.0297119 secs] 1553841K->1137525K(2029056K), 0.0304846 secs] [Times: user=0.21 sys=0.00, real=0.03 secs] 
2021-01-22T01:09:36.013+0800: 33.582: [GC (Allocation Failure) 2021-01-22T01:09:36.014+0800: 33.583: [ParNew: 613438K->68095K(613440K), 0.0241499 secs] 1682869K->1257900K(2029056K), 0.0250429 secs] [Times: user=0.19 sys=0.00, real=0.03 secs] 
2021-01-22T01:09:36.104+0800: 33.673: [GC (Allocation Failure) 2021-01-22T01:09:36.104+0800: 33.673: [ParNew: 613439K->68095K(613440K), 0.0263398 secs] 1803244K->1382411K(2029056K), 0.0272279 secs] [Times: user=0.20 sys=0.00, real=0.03 secs] 
2021-01-22T01:09:36.200+0800: 33.769: [GC (Allocation Failure) 2021-01-22T01:09:36.201+0800: 33.770: [ParNew: 613439K->613439K(613440K), 0.0004155 secs]2021-01-22T01:09:36.202+0800: 33.771: [CMS2021-01-22T01:09:36.202+0800: 33.771: [CMS-concurrent-abortable-preclean: 0.017/0.444 secs] [Times: user=1.15 sys=0.00, real=0.45 secs] 
 (concurrent mode failure): 1314316K->376755K(1415616K), 0.0634681 secs] 1927755K->376755K(2029056K), [Metaspace: 2816K->2816K(1056768K)], 0.0652976 secs] [Times: user=0.06 sys=0.00, real=0.06 secs] 
2021-01-22T01:09:36.332+0800: 33.901: [GC (Allocation Failure) 2021-01-22T01:09:36.332+0800: 33.901: [ParNew: 545344K->68094K(613440K), 0.0212132 secs] 922099K->537467K(2029056K), 0.0221434 secs] [Times: user=0.16 sys=0.00, real=0.02 secs] 
2021-01-22T01:09:36.422+0800: 33.991: [GC (Allocation Failure) 2021-01-22T01:09:36.422+0800: 33.991: [ParNew: 613438K->68095K(613440K), 0.0258149 secs] 1082811K->669769K(2029056K), 0.0268274 secs] [Times: user=0.20 sys=0.00, real=0.03 secs] 
2021-01-22T01:09:36.522+0800: 34.091: [GC (Allocation Failure) 2021-01-22T01:09:36.522+0800: 34.091: [ParNew: 613439K->68095K(613440K), 0.0305694 secs] 1215113K->802624K(2029056K), 0.0312115 secs] [Times: user=0.23 sys=0.00, real=0.03 secs] 
2021-01-22T01:09:36.625+0800: 34.194: [GC (Allocation Failure) 2021-01-22T01:09:36.625+0800: 34.194: [ParNew: 613439K->68095K(613440K), 0.0243735 secs] 1347968K->930028K(2029056K), 0.0251004 secs] [Times: user=0.19 sys=0.00, real=0.03 secs] 
2021-01-22T01:09:36.651+0800: 34.220: [GC (CMS Initial Mark) [1 CMS-initial-mark: 861933K(1415616K)] 941810K(2029056K), 0.0009446 secs] [Times: user=0.00 sys=0.00, real=0.00 secs] 
2021-01-22T01:09:36.652+0800: 34.221: [CMS-concurrent-mark-start]
2021-01-22T01:09:36.655+0800: 34.224: [CMS-concurrent-mark: 0.003/0.003 secs] [Times: user=0.00 sys=0.00, real=0.00 secs] 
2021-01-22T01:09:36.656+0800: 34.225: [CMS-concurrent-preclean-start]
2021-01-22T01:09:36.657+0800: 34.226: [CMS-concurrent-preclean: 0.001/0.001 secs] [Times: user=0.00 sys=0.00, real=0.00 secs] 
2021-01-22T01:09:36.657+0800: 34.226: [CMS-concurrent-abortable-preclean-start]
2021-01-22T01:09:36.717+0800: 34.286: [GC (Allocation Failure) 2021-01-22T01:09:36.718+0800: 34.287: [ParNew: 613439K->68095K(613440K), 0.0252036 secs] 1475372K->1061030K(2029056K), 0.0260358 secs] [Times: user=0.19 sys=0.01, real=0.03 secs] 
2021-01-22T01:09:36.809+0800: 34.378: [GC (Allocation Failure) 2021-01-22T01:09:36.810+0800: 34.379: [ParNew: 613439K->68095K(613440K), 0.0253714 secs] 1606374K->1192507K(2029056K), 0.0261825 secs] [Times: user=0.18 sys=0.01, real=0.02 secs] 
2021-01-22T01:09:36.903+0800: 34.473: [GC (Allocation Failure) 2021-01-22T01:09:36.904+0800: 34.473: [ParNew: 613439K->68095K(613440K), 0.0243697 secs] 1737851K->1304275K(2029056K), 0.0252329 secs] [Times: user=0.17 sys=0.00, real=0.03 secs] 
2021-01-22T01:09:36.999+0800: 34.568: [GC (Allocation Failure) 2021-01-22T01:09:37.000+0800: 34.569: [ParNew: 613439K->68094K(613440K), 0.0228944 secs] 1849619K->1417554K(2029056K), 0.0238154 secs] [Times: user=0.18 sys=0.00, real=0.02 secs] 
2021-01-22T01:09:37.024+0800: 34.593: [CMS-concurrent-abortable-preclean: 0.012/0.366 secs] [Times: user=1.01 sys=0.02, real=0.37 secs] 
2021-01-22T01:09:37.024+0800: 34.593: [GC (CMS Final Remark) [YG occupancy: 78936 K (613440 K)]2021-01-22T01:09:37.025+0800: 34.594: [Rescan (parallel) , 0.0014909 secs]2021-01-22T01:09:37.027+0800: 34.596: [weak refs processing, 0.0003746 secs]2021-01-22T01:09:37.027+0800: 34.596: [class unloading, 0.0005385 secs]2021-01-22T01:09:37.028+0800: 34.597: [scrub symbol table, 0.0005599 secs]2021-01-22T01:09:37.029+0800: 34.598: [scrub string table, 0.0004422 secs][1 CMS-remark: 1349460K(1415616K)] 1428396K(2029056K), 0.0052082 secs] [Times: user=0.01 sys=0.00, real=0.01 secs] 
2021-01-22T01:09:37.030+0800: 34.600: [CMS-concurrent-sweep-start]
2021-01-22T01:09:37.032+0800: 34.601: [CMS-concurrent-sweep: 0.002/0.002 secs] [Times: user=0.00 sys=0.00, real=0.00 secs] 
2021-01-22T01:09:37.033+0800: 34.602: [CMS-concurrent-reset-start]
2021-01-22T01:09:37.034+0800: 34.603: [CMS-concurrent-reset: 0.001/0.001 secs] [Times: user=0.00 sys=0.00, real=0.00 secs] 
2021-01-22T01:09:37.100+0800: 34.669: [GC (Allocation Failure) 2021-01-22T01:09:37.101+0800: 34.670: [ParNew: 613438K->68095K(613440K), 0.0270222 secs] 1418116K->992400K(2029056K), 0.0280014 secs] [Times: user=0.20 sys=0.00, real=0.03 secs] 
2021-01-22T01:09:37.129+0800: 34.698: [GC (CMS Initial Mark) [1 CMS-initial-mark: 924304K(1415616K)] 1003756K(2029056K), 0.0013656 secs] [Times: user=0.00 sys=0.00, real=0.00 secs] 
2021-01-22T01:09:37.132+0800: 34.701: [CMS-concurrent-mark-start]
2021-01-22T01:09:37.137+0800: 34.706: [CMS-concurrent-mark: 0.005/0.005 secs] [Times: user=0.01 sys=0.00, real=0.00 secs] 
2021-01-22T01:09:37.137+0800: 34.706: [CMS-concurrent-preclean-start]
2021-01-22T01:09:37.139+0800: 34.708: [CMS-concurrent-preclean: 0.001/0.001 secs] [Times: user=0.01 sys=0.00, real=0.01 secs] 
2021-01-22T01:09:37.139+0800: 34.708: [CMS-concurrent-abortable-preclean-start]
2021-01-22T01:09:37.201+0800: 34.770: [GC (Allocation Failure) 2021-01-22T01:09:37.201+0800: 34.770: [ParNew: 613439K->68095K(613440K), 0.0265169 secs] 1537744K->1120457K(2029056K), 0.0274552 secs] [Times: user=0.20 sys=0.00, real=0.03 secs] 
2021-01-22T01:09:37.298+0800: 34.867: [GC (Allocation Failure) 2021-01-22T01:09:37.298+0800: 34.867: [ParNew: 613439K->68095K(613440K), 0.0253831 secs] 1665801K->1240290K(2029056K), 0.0262384 secs] [Times: user=0.19 sys=0.00, real=0.03 secs] 
2021-01-22T01:09:37.393+0800: 34.962: [GC (Allocation Failure) 2021-01-22T01:09:37.393+0800: 34.962: [ParNew: 613439K->68095K(613440K), 0.0263845 secs] 1785634K->1367911K(2029056K), 0.0271375 secs] [Times: user=0.21 sys=0.00, real=0.03 secs] 
2021-01-22T01:09:37.483+0800: 35.052: [GC (Allocation Failure) 2021-01-22T01:09:37.484+0800: 35.053: [ParNew: 613439K->613439K(613440K), 0.0003205 secs]2021-01-22T01:09:37.484+0800: 35.053: [CMS2021-01-22T01:09:37.485+0800: 35.054: [CMS-concurrent-abortable-preclean: 0.014/0.346 secs] [Times: user=0.89 sys=0.00, real=0.34 secs] 
 (concurrent mode failure): 1299815K->390693K(1415616K), 0.0568156 secs] 1913255K->390693K(2029056K), [Metaspace: 2816K->2816K(1056768K)], 0.0582513 secs] [Times: user=0.05 sys=0.00, real=0.06 secs] 
2021-01-22T01:09:37.605+0800: 35.174: [GC (Allocation Failure) 2021-01-22T01:09:37.606+0800: 35.175: [ParNew: 545344K->68095K(613440K), 0.0284339 secs] 936037K->545080K(2029056K), 0.0293230 secs] [Times: user=0.21 sys=0.00, real=0.03 secs] 
2021-01-22T01:09:37.709+0800: 35.278: [GC (Allocation Failure) 2021-01-22T01:09:37.710+0800: 35.279: [ParNew: 613439K->68094K(613440K), 0.0278235 secs] 1090424K->658677K(2029056K), 0.0286067 secs] [Times: user=0.20 sys=0.01, real=0.03 secs] 
2021-01-22T01:09:37.805+0800: 35.375: [GC (Allocation Failure) 2021-01-22T01:09:37.806+0800: 35.375: [ParNew: 613438K->68095K(613440K), 0.0240624 secs] 1204021K->782823K(2029056K), 0.0248099 secs] [Times: user=0.18 sys=0.00, real=0.03 secs] 
2021-01-22T01:09:37.897+0800: 35.466: [GC (Allocation Failure) 2021-01-22T01:09:37.898+0800: 35.467: [ParNew: 613439K->68095K(613440K), 0.0231776 secs] 1328167K->893872K(2029056K), 0.0240083 secs] [Times: user=0.17 sys=0.01, real=0.03 secs] 
2021-01-22T01:09:37.922+0800: 35.491: [GC (CMS Initial Mark) [1 CMS-initial-mark: 825777K(1415616K)] 904951K(2029056K), 0.0013043 secs] [Times: user=0.00 sys=0.00, real=0.00 secs] 
2021-01-22T01:09:37.924+0800: 35.493: [CMS-concurrent-mark-start]
2021-01-22T01:09:37.927+0800: 35.496: [CMS-concurrent-mark: 0.003/0.003 secs] [Times: user=0.01 sys=0.00, real=0.00 secs] 
2021-01-22T01:09:37.927+0800: 35.496: [CMS-concurrent-preclean-start]
2021-01-22T01:09:37.929+0800: 35.498: [CMS-concurrent-preclean: 0.001/0.001 secs] [Times: user=0.00 sys=0.00, real=0.01 secs] 
2021-01-22T01:09:37.929+0800: 35.498: [CMS-concurrent-abortable-preclean-start]
2021-01-22T01:09:37.994+0800: 35.563: [GC (Allocation Failure) 2021-01-22T01:09:37.995+0800: 35.564: [ParNew: 613439K->68095K(613440K), 0.0239210 secs] 1439216K->1013493K(2029056K), 0.0247711 secs] [Times: user=0.18 sys=0.00, real=0.03 secs] 
2021-01-22T01:09:38.085+0800: 35.655: [GC (Allocation Failure) 2021-01-22T01:09:38.086+0800: 35.655: [ParNew: 613439K->68093K(613440K), 0.0248797 secs] 1558837K->1135202K(2029056K), 0.0259410 secs] [Times: user=0.20 sys=0.00, real=0.03 secs] 
2021-01-22T01:09:38.180+0800: 35.749: [GC (Allocation Failure) 2021-01-22T01:09:38.181+0800: 35.750: [ParNew: 613437K->68094K(613440K), 0.0253595 secs] 1680546K->1255552K(2029056K), 0.0263034 secs] [Times: user=0.19 sys=0.01, real=0.02 secs] 
2021-01-22T01:09:38.273+0800: 35.842: [GC (Allocation Failure) 2021-01-22T01:09:38.273+0800: 35.842: [ParNew: 613438K->68095K(613440K), 0.0280286 secs] 1800896K->1393926K(2029056K), 0.0289309 secs] [Times: user=0.21 sys=0.00, real=0.03 secs] 
2021-01-22T01:09:38.305+0800: 35.874: [CMS-concurrent-abortable-preclean: 0.015/0.376 secs] [Times: user=1.07 sys=0.01, real=0.37 secs] 
2021-01-22T01:09:38.319+0800: 35.888: [GC (CMS Final Remark) [YG occupancy: 193359 K (613440 K)]2021-01-22T01:09:38.319+0800: 35.888: [Rescan (parallel) , 0.0018089 secs]2021-01-22T01:09:38.321+0800: 35.890: [weak refs processing, 0.0003242 secs]2021-01-22T01:09:38.322+0800: 35.891: [class unloading, 0.0006660 secs]2021-01-22T01:09:38.323+0800: 35.892: [scrub symbol table, 0.0004725 secs]2021-01-22T01:09:38.324+0800: 35.893: [scrub string table, 0.0003721 secs][1 CMS-remark: 1325831K(1415616K)] 1519190K(2029056K), 0.0056138 secs] [Times: user=0.01 sys=0.00, real=0.00 secs] 
2021-01-22T01:09:38.325+0800: 35.894: [CMS-concurrent-sweep-start]
2021-01-22T01:09:38.327+0800: 35.896: [CMS-concurrent-sweep: 0.002/0.002 secs] [Times: user=0.00 sys=0.00, real=0.00 secs] 
2021-01-22T01:09:38.327+0800: 35.896: [CMS-concurrent-reset-start]
2021-01-22T01:09:38.328+0800: 35.897: [CMS-concurrent-reset: 0.001/0.001 secs] [Times: user=0.00 sys=0.00, real=0.01 secs] 
2021-01-22T01:09:38.377+0800: 35.946: [GC (Allocation Failure) 2021-01-22T01:09:38.377+0800: 35.946: [ParNew: 613439K->68095K(613440K), 0.0254688 secs] 1405308K->977230K(2029056K), 0.0261803 secs] [Times: user=0.18 sys=0.01, real=0.03 secs] 
2021-01-22T01:09:38.404+0800: 35.973: [GC (CMS Initial Mark) [1 CMS-initial-mark: 909135K(1415616K)] 988193K(2029056K), 0.0011099 secs] [Times: user=0.01 sys=0.00, real=0.00 secs] 
2021-01-22T01:09:38.405+0800: 35.975: [CMS-concurrent-mark-start]
2021-01-22T01:09:38.409+0800: 35.978: [CMS-concurrent-mark: 0.003/0.003 secs] [Times: user=0.01 sys=0.00, real=0.01 secs] 
2021-01-22T01:09:38.418+0800: 35.987: [CMS-concurrent-preclean-start]
2021-01-22T01:09:38.420+0800: 35.989: [CMS-concurrent-preclean: 0.002/0.002 secs] [Times: user=0.00 sys=0.00, real=0.00 secs] 
2021-01-22T01:09:38.420+0800: 35.989: [CMS-concurrent-abortable-preclean-start]
2021-01-22T01:09:38.472+0800: 36.041: [GC (Allocation Failure) 2021-01-22T01:09:38.472+0800: 36.041: [ParNew: 613439K->68095K(613440K), 0.0287544 secs] 1522574K->1092542K(2029056K), 0.0294330 secs] [Times: user=0.20 sys=0.02, real=0.03 secs] 
2021-01-22T01:09:38.566+0800: 36.135: [GC (Allocation Failure) 2021-01-22T01:09:38.566+0800: 36.135: [ParNew: 613439K->68095K(613440K), 0.0252641 secs] 1637886K->1213321K(2029056K), 0.0259884 secs] [Times: user=0.19 sys=0.00, real=0.03 secs] 
2021-01-22T01:09:38.655+0800: 36.224: [GC (Allocation Failure) 2021-01-22T01:09:38.656+0800: 36.225: [ParNew: 613439K->68095K(613440K), 0.0238818 secs] 1758665K->1335387K(2029056K), 0.0246606 secs] [Times: user=0.19 sys=0.00, real=0.03 secs] 
2021-01-22T01:09:38.752+0800: 36.321: [GC (Allocation Failure) 2021-01-22T01:09:38.753+0800: 36.322: [ParNew: 613439K->68095K(613440K), 0.0303091 secs] 1880731K->1457888K(2029056K), 0.0309103 secs] [Times: user=0.24 sys=0.00, real=0.03 secs] 
2021-01-22T01:09:38.784+0800: 36.353: [CMS-concurrent-abortable-preclean: 0.012/0.363 secs] [Times: user=1.08 sys=0.02, real=0.36 secs] 
2021-01-22T01:09:38.798+0800: 36.367: [GC (CMS Final Remark) [YG occupancy: 171225 K (613440 K)]2021-01-22T01:09:38.799+0800: 36.368: [Rescan (parallel) , 0.0009439 secs]2021-01-22T01:09:38.800+0800: 36.369: [weak refs processing, 0.0001592 secs]2021-01-22T01:09:38.800+0800: 36.369: [class unloading, 0.0002897 secs]2021-01-22T01:09:38.800+0800: 36.369: [scrub symbol table, 0.0004161 secs]2021-01-22T01:09:38.801+0800: 36.370: [scrub string table, 0.0002856 secs][1 CMS-remark: 1389792K(1415616K)] 1561018K(2029056K), 0.0029985 secs] [Times: user=0.01 sys=0.00, real=0.00 secs] 
2021-01-22T01:09:38.802+0800: 36.371: [CMS-concurrent-sweep-start]
2021-01-22T01:09:38.804+0800: 36.373: [CMS-concurrent-sweep: 0.002/0.002 secs] [Times: user=0.00 sys=0.00, real=0.00 secs] 
2021-01-22T01:09:38.804+0800: 36.373: [CMS-concurrent-reset-start]
2021-01-22T01:09:38.806+0800: 36.375: [CMS-concurrent-reset: 0.001/0.001 secs] [Times: user=0.00 sys=0.00, real=0.00 secs] 
2021-01-22T01:09:38.855+0800: 36.424: [GC (Allocation Failure) 2021-01-22T01:09:38.855+0800: 36.424: [ParNew: 613439K->68095K(613440K), 0.0257949 secs] 1394598K->979786K(2029056K), 0.0264216 secs] [Times: user=0.20 sys=0.00, real=0.03 secs] 
2021-01-22T01:09:38.882+0800: 36.451: [GC (CMS Initial Mark) [1 CMS-initial-mark: 911691K(1415616K)] 990997K(2029056K), 0.0008001 secs] [Times: user=0.01 sys=0.00, real=0.00 secs] 
2021-01-22T01:09:38.883+0800: 36.452: [CMS-concurrent-mark-start]
2021-01-22T01:09:38.886+0800: 36.455: [CMS-concurrent-mark: 0.003/0.003 secs] [Times: user=0.00 sys=0.00, real=0.00 secs] 
2021-01-22T01:09:38.887+0800: 36.456: [CMS-concurrent-preclean-start]
2021-01-22T01:09:38.888+0800: 36.457: [CMS-concurrent-preclean: 0.001/0.001 secs] [Times: user=0.00 sys=0.00, real=0.00 secs] 
2021-01-22T01:09:38.888+0800: 36.457: [CMS-concurrent-abortable-preclean-start]
2021-01-22T01:09:38.943+0800: 36.512: [GC (Allocation Failure) 2021-01-22T01:09:38.943+0800: 36.512: [ParNew: 613439K->68095K(613440K), 0.0251767 secs] 1525130K->1104107K(2029056K), 0.0261892 secs] [Times: user=0.19 sys=0.00, real=0.03 secs] 
2021-01-22T01:09:39.037+0800: 36.606: [GC (Allocation Failure) 2021-01-22T01:09:39.038+0800: 36.607: [ParNew: 613439K->68095K(613440K), 0.0331401 secs] 1649451K->1222275K(2029056K), 0.0340487 secs] [Times: user=0.26 sys=0.00, real=0.04 secs] 
2021-01-22T01:09:39.138+0800: 36.707: [GC (Allocation Failure) 2021-01-22T01:09:39.139+0800: 36.708: [ParNew: 613439K->68095K(613440K), 0.0238970 secs] 1767619K->1345886K(2029056K), 0.0246935 secs] [Times: user=0.17 sys=0.01, real=0.02 secs] 
2021-01-22T01:09:39.229+0800: 36.798: [GC (Allocation Failure) 2021-01-22T01:09:39.229+0800: 36.798: [ParNew: 613439K->68094K(613440K), 0.0253539 secs] 1891230K->1473751K(2029056K), 0.0259728 secs] [Times: user=0.20 sys=0.00, real=0.02 secs] 
2021-01-22T01:09:39.255+0800: 36.824: [CMS-concurrent-abortable-preclean: 0.013/0.367 secs] [Times: user=1.09 sys=0.01, real=0.36 secs] 
2021-01-22T01:09:39.256+0800: 36.825: [GC (CMS Final Remark) [YG occupancy: 79157 K (613440 K)]2021-01-22T01:09:39.256+0800: 36.825: [Rescan (parallel) , 0.0015018 secs]2021-01-22T01:09:39.258+0800: 36.827: [weak refs processing, 0.0003106 secs]2021-01-22T01:09:39.258+0800: 36.827: [class unloading, 0.0004160 secs]2021-01-22T01:09:39.259+0800: 36.828: [scrub symbol table, 0.0004670 secs]2021-01-22T01:09:39.260+0800: 36.829: [scrub string table, 0.0003527 secs][1 CMS-remark: 1405657K(1415616K)] 1484815K(2029056K), 0.0046452 secs] [Times: user=0.01 sys=0.00, real=0.01 secs] 
2021-01-22T01:09:39.261+0800: 36.830: [CMS-concurrent-sweep-start]
2021-01-22T01:09:39.264+0800: 36.833: [CMS-concurrent-sweep: 0.003/0.003 secs] [Times: user=0.00 sys=0.00, real=0.00 secs] 
2021-01-22T01:09:39.264+0800: 36.833: [CMS-concurrent-reset-start]
2021-01-22T01:09:39.265+0800: 36.834: [CMS-concurrent-reset: 0.001/0.001 secs] [Times: user=0.00 sys=0.00, real=0.00 secs] 
2021-01-22T01:09:39.324+0800: 36.893: [GC (Allocation Failure) 2021-01-22T01:09:39.324+0800: 36.893: [ParNew: 613438K->68095K(613440K), 0.0271074 secs] 1421339K->1009189K(2029056K), 0.0281140 secs] [Times: user=0.20 sys=0.00, real=0.03 secs] 
2021-01-22T01:09:39.353+0800: 36.922: [GC (CMS Initial Mark) [1 CMS-initial-mark: 941093K(1415616K)] 1020254K(2029056K), 0.0015834 secs] [Times: user=0.01 sys=0.00, real=0.00 secs] 
2021-01-22T01:09:39.356+0800: 36.925: [CMS-concurrent-mark-start]
2021-01-22T01:09:39.359+0800: 36.928: [CMS-concurrent-mark: 0.004/0.004 secs] [Times: user=0.01 sys=0.00, real=0.01 secs] 
2021-01-22T01:09:39.360+0800: 36.929: [CMS-concurrent-preclean-start]
2021-01-22T01:09:39.361+0800: 36.930: [CMS-concurrent-preclean: 0.001/0.001 secs] [Times: user=0.00 sys=0.00, real=0.00 secs] 
2021-01-22T01:09:39.362+0800: 36.931: [CMS-concurrent-abortable-preclean-start]
2021-01-22T01:09:39.422+0800: 36.991: [GC (Allocation Failure) 2021-01-22T01:09:39.423+0800: 36.992: [ParNew: 613439K->68095K(613440K), 0.0254613 secs] 1554533K->1130788K(2029056K), 0.0263597 secs] [Times: user=0.20 sys=0.00, real=0.03 secs] 
2021-01-22T01:09:39.513+0800: 37.082: [GC (Allocation Failure) 2021-01-22T01:09:39.513+0800: 37.082: [ParNew: 613439K->68094K(613440K), 0.0250324 secs] 1676132K->1253802K(2029056K), 0.0259059 secs] [Times: user=0.18 sys=0.01, real=0.03 secs] 
2021-01-22T01:09:39.605+0800: 37.174: [GC (Allocation Failure) 2021-01-22T01:09:39.606+0800: 37.175: [ParNew: 613438K->68095K(613440K), 0.0255074 secs] 1799146K->1382994K(2029056K), 0.0263768 secs] [Times: user=0.19 sys=0.00, real=0.03 secs] 
2021-01-22T01:09:39.700+0800: 37.270: [GC (Allocation Failure) 2021-01-22T01:09:39.701+0800: 37.270: [ParNew: 613439K->613439K(613440K), 0.0003668 secs]2021-01-22T01:09:39.702+0800: 37.271: [CMS2021-01-22T01:09:39.702+0800: 37.271: [CMS-concurrent-abortable-preclean: 0.014/0.341 secs] [Times: user=0.85 sys=0.01, real=0.34 secs] 
 (concurrent mode failure): 1314899K->380029K(1415616K), 0.0553952 secs] 1928338K->380029K(2029056K), [Metaspace: 2816K->2816K(1056768K)], 0.0569913 secs] [Times: user=0.05 sys=0.00, real=0.05 secs] 
2021-01-22T01:09:39.822+0800: 37.391: [GC (Allocation Failure) 2021-01-22T01:09:39.822+0800: 37.392: [ParNew: 545344K->68094K(613440K), 0.0204666 secs] 925373K->537077K(2029056K), 0.0213790 secs] [Times: user=0.15 sys=0.00, real=0.02 secs] 
2021-01-22T01:09:39.913+0800: 37.482: [GC (Allocation Failure) 2021-01-22T01:09:39.913+0800: 37.482: [ParNew: 613438K->68095K(613440K), 0.0260066 secs] 1082421K->658517K(2029056K), 0.0270333 secs] [Times: user=0.20 sys=0.00, real=0.03 secs] 
2021-01-22T01:09:40.009+0800: 37.578: [GC (Allocation Failure) 2021-01-22T01:09:40.009+0800: 37.579: [ParNew: 613439K->68095K(613440K), 0.0235037 secs] 1203861K->783312K(2029056K), 0.0242725 secs] [Times: user=0.19 sys=0.00, real=0.02 secs] 
2021-01-22T01:09:40.034+0800: 37.603: [GC (CMS Initial Mark) [1 CMS-initial-mark: 715216K(1415616K)] 794258K(2029056K), 0.0013478 secs] [Times: user=0.00 sys=0.00, real=0.00 secs] 
2021-01-22T01:09:40.036+0800: 37.605: [CMS-concurrent-mark-start]
2021-01-22T01:09:40.039+0800: 37.608: [CMS-concurrent-mark: 0.002/0.002 secs] [Times: user=0.00 sys=0.00, real=0.01 secs] 
2021-01-22T01:09:40.048+0800: 37.617: [CMS-concurrent-preclean-start]
2021-01-22T01:09:40.050+0800: 37.619: [CMS-concurrent-preclean: 0.002/0.002 secs] [Times: user=0.01 sys=0.00, real=0.00 secs] 
2021-01-22T01:09:40.050+0800: 37.619: [CMS-concurrent-abortable-preclean-start]
2021-01-22T01:09:40.097+0800: 37.666: [GC (Allocation Failure) 2021-01-22T01:09:40.097+0800: 37.666: [ParNew: 613439K->68095K(613440K), 0.0265640 secs] 1328656K->910165K(2029056K), 0.0273250 secs] [Times: user=0.20 sys=0.00, real=0.03 secs] 
2021-01-22T01:09:40.190+0800: 37.759: [GC (Allocation Failure) 2021-01-22T01:09:40.191+0800: 37.760: [ParNew: 613439K->68095K(613440K), 0.0253196 secs] 1455509K->1045212K(2029056K), 0.0263046 secs] [Times: user=0.20 sys=0.00, real=0.02 secs] 
2021-01-22T01:09:40.284+0800: 37.853: [GC (Allocation Failure) 2021-01-22T01:09:40.285+0800: 37.854: [ParNew: 613439K->68094K(613440K), 0.0247290 secs] 1590556K->1172658K(2029056K), 0.0256731 secs] [Times: user=0.19 sys=0.00, real=0.03 secs] 
2021-01-22T01:09:40.377+0800: 37.946: [GC (Allocation Failure) 2021-01-22T01:09:40.377+0800: 37.946: [ParNew: 613438K->68095K(613440K), 0.0240369 secs] 1718002K->1295315K(2029056K), 0.0248760 secs] [Times: user=0.18 sys=0.00, real=0.03 secs] 
2021-01-22T01:09:40.467+0800: 38.036: [GC (Allocation Failure) 2021-01-22T01:09:40.467+0800: 38.036: [ParNew: 613439K->68094K(613440K), 0.0240515 secs] 1840659K->1415598K(2029056K), 0.0249603 secs] [Times: user=0.19 sys=0.00, real=0.03 secs] 
2021-01-22T01:09:40.493+0800: 38.062: [CMS-concurrent-abortable-preclean: 0.016/0.442 secs] [Times: user=1.29 sys=0.00, real=0.44 secs] 
2021-01-22T01:09:40.509+0800: 38.078: [GC (CMS Final Remark) [YG occupancy: 200872 K (613440 K)]2021-01-22T01:09:40.509+0800: 38.078: [Rescan (parallel) , 0.0018490 secs]2021-01-22T01:09:40.511+0800: 38.080: [weak refs processing, 0.0003189 secs]2021-01-22T01:09:40.512+0800: 38.081: [class unloading, 0.0004923 secs]2021-01-22T01:09:40.513+0800: 38.082: [scrub symbol table, 0.0005932 secs]2021-01-22T01:09:40.514+0800: 38.083: [scrub string table, 0.0004456 secs][1 CMS-remark: 1347504K(1415616K)] 1548377K(2029056K), 0.0057197 secs] [Times: user=0.00 sys=0.00, real=0.00 secs] 
2021-01-22T01:09:40.515+0800: 38.084: [CMS-concurrent-sweep-start]
2021-01-22T01:09:40.517+0800: 38.086: [CMS-concurrent-sweep: 0.002/0.002 secs] [Times: user=0.00 sys=0.00, real=0.00 secs] 
2021-01-22T01:09:40.517+0800: 38.086: [CMS-concurrent-reset-start]
2021-01-22T01:09:40.518+0800: 38.088: [CMS-concurrent-reset: 0.001/0.001 secs] [Times: user=0.00 sys=0.00, real=0.01 secs] 
2021-01-22T01:09:40.565+0800: 38.134: [GC (Allocation Failure) 2021-01-22T01:09:40.566+0800: 38.135: [ParNew: 613438K->68095K(613440K), 0.0238249 secs] 1562102K->1129606K(2029056K), 0.0246541 secs] [Times: user=0.18 sys=0.00, real=0.03 secs] 
2021-01-22T01:09:40.591+0800: 38.160: [GC (CMS Initial Mark) [1 CMS-initial-mark: 1061511K(1415616K)] 1140800K(2029056K), 0.0012208 secs] [Times: user=0.00 sys=0.00, real=0.00 secs] 
2021-01-22T01:09:40.593+0800: 38.162: [CMS-concurrent-mark-start]
2021-01-22T01:09:40.596+0800: 38.165: [CMS-concurrent-mark: 0.003/0.003 secs] [Times: user=0.01 sys=0.00, real=0.00 secs] 
2021-01-22T01:09:40.597+0800: 38.166: [CMS-concurrent-preclean-start]
2021-01-22T01:09:40.598+0800: 38.167: [CMS-concurrent-preclean: 0.001/0.001 secs] [Times: user=0.01 sys=0.00, real=0.01 secs] 
2021-01-22T01:09:40.599+0800: 38.168: [CMS-concurrent-abortable-preclean-start]
2021-01-22T01:09:40.659+0800: 38.228: [GC (Allocation Failure) 2021-01-22T01:09:40.659+0800: 38.229: [ParNew: 613439K->68094K(613440K), 0.0249752 secs] 1674950K->1254911K(2029056K), 0.0259643 secs] [Times: user=0.19 sys=0.00, real=0.02 secs] 
2021-01-22T01:09:40.750+0800: 38.319: [GC (Allocation Failure) 2021-01-22T01:09:40.750+0800: 38.319: [ParNew: 613438K->68095K(613440K), 0.0250429 secs] 1800255K->1379553K(2029056K), 0.0257973 secs] [Times: user=0.19 sys=0.00, real=0.02 secs] 
2021-01-22T01:09:40.842+0800: 38.411: [GC (Allocation Failure) 2021-01-22T01:09:40.842+0800: 38.411: [ParNew: 613439K->613439K(613440K), 0.0003091 secs]2021-01-22T01:09:40.843+0800: 38.412: [CMS2021-01-22T01:09:40.843+0800: 38.412: [CMS-concurrent-abortable-preclean: 0.009/0.244 secs] [Times: user=0.58 sys=0.00, real=0.24 secs] 
 (concurrent mode failure): 1311457K->365069K(1415616K), 0.0514740 secs] 1924897K->365069K(2029056K), [Metaspace: 2816K->2816K(1056768K)], 0.0529505 secs] [Times: user=0.05 sys=0.00, real=0.05 secs] 
2021-01-22T01:09:40.960+0800: 38.529: [GC (Allocation Failure) 2021-01-22T01:09:40.961+0800: 38.530: [ParNew: 545344K->68095K(613440K), 0.0247904 secs] 910413K->516794K(2029056K), 0.0255579 secs] [Times: user=0.18 sys=0.00, real=0.02 secs] 
2021-01-22T01:09:41.057+0800: 38.626: [GC (Allocation Failure) 2021-01-22T01:09:41.058+0800: 38.627: [ParNew: 613439K->68095K(613440K), 0.0262747 secs] 1062138K->649126K(2029056K), 0.0270757 secs] [Times: user=0.20 sys=0.00, real=0.03 secs] 
2021-01-22T01:09:41.150+0800: 38.719: [GC (Allocation Failure) 2021-01-22T01:09:41.150+0800: 38.719: [ParNew: 613439K->68095K(613440K), 0.0228448 secs] 1194470K->759068K(2029056K), 0.0236814 secs] [Times: user=0.18 sys=0.00, real=0.02 secs] 
2021-01-22T01:09:41.175+0800: 38.744: [GC (CMS Initial Mark) [1 CMS-initial-mark: 690973K(1415616K)] 770128K(2029056K), 0.0012348 secs] [Times: user=0.00 sys=0.00, real=0.00 secs] 
2021-01-22T01:09:41.177+0800: 38.746: [CMS-concurrent-mark-start]
2021-01-22T01:09:41.179+0800: 38.748: [CMS-concurrent-mark: 0.002/0.002 secs] [Times: user=0.01 sys=0.00, real=0.01 secs] 
2021-01-22T01:09:41.179+0800: 38.748: [CMS-concurrent-preclean-start]
2021-01-22T01:09:41.181+0800: 38.750: [CMS-concurrent-preclean: 0.001/0.001 secs] [Times: user=0.00 sys=0.00, real=0.00 secs] 
2021-01-22T01:09:41.181+0800: 38.750: [CMS-concurrent-abortable-preclean-start]
2021-01-22T01:09:41.238+0800: 38.807: [GC (Allocation Failure) 2021-01-22T01:09:41.238+0800: 38.807: [ParNew: 613439K->68095K(613440K), 0.0253798 secs] 1304412K->887922K(2029056K), 0.0262394 secs] [Times: user=0.20 sys=0.00, real=0.03 secs] 
2021-01-22T01:09:41.327+0800: 38.896: [GC (Allocation Failure) 2021-01-22T01:09:41.327+0800: 38.896: [ParNew: 613439K->68094K(613440K), 0.0238429 secs] 1433266K->1012761K(2029056K), 0.0247558 secs] [Times: user=0.18 sys=0.01, real=0.03 secs] 
2021-01-22T01:09:41.413+0800: 38.982: [GC (Allocation Failure) 2021-01-22T01:09:41.413+0800: 38.982: [ParNew: 613438K->68095K(613440K), 0.0229038 secs] 1558105K->1128886K(2029056K), 0.0238221 secs] [Times: user=0.18 sys=0.00, real=0.02 secs] 
2021-01-22T01:09:41.504+0800: 39.073: [GC (Allocation Failure) 2021-01-22T01:09:41.505+0800: 39.074: [ParNew: 613439K->68095K(613440K), 0.0235108 secs] 1674230K->1247205K(2029056K), 0.0243389 secs] [Times: user=0.18 sys=0.00, real=0.03 secs] 
2021-01-22T01:09:41.593+0800: 39.162: [GC (Allocation Failure) 2021-01-22T01:09:41.593+0800: 39.162: [ParNew: 613330K->68095K(613440K), 0.0243358 secs] 1792441K->1374573K(2029056K), 0.0251690 secs] [Times: user=0.18 sys=0.00, real=0.02 secs] 
2021-01-22T01:09:41.682+0800: 39.251: [GC (Allocation Failure) 2021-01-22T01:09:41.682+0800: 39.251: [ParNew: 613439K->613439K(613440K), 0.0003608 secs]2021-01-22T01:09:41.683+0800: 39.252: [CMS2021-01-22T01:09:41.683+0800: 39.253: [CMS-concurrent-abortable-preclean: 0.020/0.502 secs] [Times: user=1.31 sys=0.01, real=0.50 secs] 
 (concurrent mode failure): 1306477K->360956K(1415616K), 0.0523815 secs] 1919917K->360956K(2029056K), [Metaspace: 2816K->2816K(1056768K)], 0.0539432 secs] [Times: user=0.05 sys=0.00, real=0.05 secs] 
2021-01-22T01:09:41.805+0800: 39.374: [GC (Allocation Failure) 2021-01-22T01:09:41.805+0800: 39.374: [ParNew: 545344K->68095K(613440K), 0.0206757 secs] 906300K->522870K(2029056K), 0.0215738 secs] [Times: user=0.16 sys=0.00, real=0.02 secs] 
2021-01-22T01:09:41.890+0800: 39.459: [GC (Allocation Failure) 2021-01-22T01:09:41.891+0800: 39.460: [ParNew: 613439K->68095K(613440K), 0.0254871 secs] 1068214K->655099K(2029056K), 0.0263851 secs] [Times: user=0.20 sys=0.00, real=0.02 secs] 
2021-01-22T01:09:41.986+0800: 39.555: [GC (Allocation Failure) 2021-01-22T01:09:41.986+0800: 39.555: [ParNew: 613439K->68095K(613440K), 0.0237268 secs] 1200443K->775617K(2029056K), 0.0248401 secs] [Times: user=0.19 sys=0.00, real=0.03 secs] 
2021-01-22T01:09:42.012+0800: 39.581: [GC (CMS Initial Mark) [1 CMS-initial-mark: 707522K(1415616K)] 787640K(2029056K), 0.0015346 secs] [Times: user=0.00 sys=0.00, real=0.00 secs] 
2021-01-22T01:09:42.014+0800: 39.583: [CMS-concurrent-mark-start]
2021-01-22T01:09:42.017+0800: 39.586: [CMS-concurrent-mark: 0.003/0.003 secs] [Times: user=0.00 sys=0.00, real=0.00 secs] 
2021-01-22T01:09:42.017+0800: 39.586: [CMS-concurrent-preclean-start]
2021-01-22T01:09:42.019+0800: 39.588: [CMS-concurrent-preclean: 0.001/0.001 secs] [Times: user=0.00 sys=0.00, real=0.01 secs] 
2021-01-22T01:09:42.019+0800: 39.588: [CMS-concurrent-abortable-preclean-start]
2021-01-22T01:09:42.082+0800: 39.651: [GC (Allocation Failure) 2021-01-22T01:09:42.083+0800: 39.652: [ParNew: 613298K->68095K(613440K), 0.0249255 secs] 1320820K->897500K(2029056K), 0.0258274 secs] [Times: user=0.19 sys=0.00, real=0.03 secs] 
2021-01-22T01:09:42.180+0800: 39.749: [GC (Allocation Failure) 2021-01-22T01:09:42.180+0800: 39.749: [ParNew: 613439K->68095K(613440K), 0.0244993 secs] 1442844K->1019453K(2029056K), 0.0253783 secs] [Times: user=0.19 sys=0.00, real=0.02 secs] 
2021-01-22T01:09:42.272+0800: 39.841: [GC (Allocation Failure) 2021-01-22T01:09:42.272+0800: 39.841: [ParNew: 613439K->68095K(613440K), 0.0240660 secs] 1564797K->1137039K(2029056K), 0.0249219 secs] [Times: user=0.18 sys=0.00, real=0.02 secs] 
2021-01-22T01:09:42.365+0800: 39.935: [GC (Allocation Failure) 2021-01-22T01:09:42.366+0800: 39.935: [ParNew: 613439K->68096K(613440K), 0.0241070 secs] 1682383K->1263586K(2029056K), 0.0249081 secs] [Times: user=0.18 sys=0.00, real=0.03 secs] 
2021-01-22T01:09:42.454+0800: 40.023: [GC (Allocation Failure) 2021-01-22T01:09:42.455+0800: 40.024: [ParNew: 613440K->68095K(613440K), 0.0249816 secs] 1808930K->1393460K(2029056K), 0.0258350 secs] [Times: user=0.19 sys=0.00, real=0.03 secs] 
2021-01-22T01:09:42.483+0800: 40.052: [CMS-concurrent-abortable-preclean: 0.022/0.464 secs] [Times: user=1.29 sys=0.00, real=0.46 secs] 
2021-01-22T01:09:42.499+0800: 40.068: [GC (CMS Final Remark) [YG occupancy: 224667 K (613440 K)]2021-01-22T01:09:42.499+0800: 40.068: [Rescan (parallel) , 0.0018555 secs]2021-01-22T01:09:42.501+0800: 40.070: [weak refs processing, 0.0003359 secs]2021-01-22T01:09:42.502+0800: 40.071: [class unloading, 0.0004980 secs]2021-01-22T01:09:42.503+0800: 40.072: [scrub symbol table, 0.0006594 secs]2021-01-22T01:09:42.504+0800: 40.073: [scrub string table, 0.0005936 secs][1 CMS-remark: 1325365K(1415616K)] 1550032K(2029056K), 0.0060087 secs] [Times: user=0.01 sys=0.00, real=0.00 secs] 
2021-01-22T01:09:42.505+0800: 40.074: [CMS-concurrent-sweep-start]
2021-01-22T01:09:42.508+0800: 40.077: [CMS-concurrent-sweep: 0.002/0.002 secs] [Times: user=0.00 sys=0.00, real=0.00 secs] 
2021-01-22T01:09:42.508+0800: 40.077: [CMS-concurrent-reset-start]
2021-01-22T01:09:42.509+0800: 40.078: [CMS-concurrent-reset: 0.001/0.001 secs] [Times: user=0.01 sys=0.00, real=0.01 secs] 
2021-01-22T01:09:42.551+0800: 40.120: [GC (Allocation Failure) 2021-01-22T01:09:42.552+0800: 40.121: [ParNew: 613439K->68095K(613440K), 0.0261829 secs] 1535301K->1124435K(2029056K), 0.0271005 secs] [Times: user=0.20 sys=0.00, real=0.03 secs] 
2021-01-22T01:09:42.580+0800: 40.149: [GC (CMS Initial Mark) [1 CMS-initial-mark: 1056340K(1415616K)] 1135925K(2029056K), 0.0014872 secs] [Times: user=0.00 sys=0.00, real=0.00 secs] 
2021-01-22T01:09:42.582+0800: 40.151: [CMS-concurrent-mark-start]
2021-01-22T01:09:42.585+0800: 40.154: [CMS-concurrent-mark: 0.003/0.003 secs] [Times: user=0.00 sys=0.00, real=0.00 secs] 
2021-01-22T01:09:42.586+0800: 40.155: [CMS-concurrent-preclean-start]
2021-01-22T01:09:42.588+0800: 40.157: [CMS-concurrent-preclean: 0.002/0.002 secs] [Times: user=0.01 sys=0.00, real=0.00 secs] 
2021-01-22T01:09:42.588+0800: 40.157: [CMS-concurrent-abortable-preclean-start]
2021-01-22T01:09:42.644+0800: 40.213: [GC (Allocation Failure) 2021-01-22T01:09:42.645+0800: 40.214: [ParNew: 613439K->68095K(613440K), 0.0253462 secs] 1669779K->1257921K(2029056K), 0.0262346 secs] [Times: user=0.19 sys=0.00, real=0.03 secs] 
2021-01-22T01:09:42.735+0800: 40.304: [GC (Allocation Failure) 2021-01-22T01:09:42.736+0800: 40.305: [ParNew: 613439K->68095K(613440K), 0.0235883 secs] 1803265K->1374628K(2029056K), 0.0246441 secs] [Times: user=0.18 sys=0.00, real=0.03 secs] 
2021-01-22T01:09:42.827+0800: 40.396: [GC (Allocation Failure) 2021-01-22T01:09:42.827+0800: 40.396: [ParNew: 613439K->613439K(613440K), 0.0002901 secs]2021-01-22T01:09:42.828+0800: 40.397: [CMS2021-01-22T01:09:42.828+0800: 40.397: [CMS-concurrent-abortable-preclean: 0.009/0.240 secs] [Times: user=0.57 sys=0.00, real=0.24 secs] 
 (concurrent mode failure): 1306533K->382971K(1415616K), 0.0535739 secs] 1919972K->382971K(2029056K), [Metaspace: 2816K->2816K(1056768K)], 0.0551447 secs] [Times: user=0.06 sys=0.00, real=0.06 secs] 
2021-01-22T01:09:42.947+0800: 40.516: [GC (Allocation Failure) 2021-01-22T01:09:42.947+0800: 40.516: [ParNew: 545344K->68095K(613440K), 0.0225734 secs] 928315K->536270K(2029056K), 0.0234975 secs] [Times: user=0.17 sys=0.00, real=0.03 secs] 
2021-01-22T01:09:43.041+0800: 40.610: [GC (Allocation Failure) 2021-01-22T01:09:43.041+0800: 40.610: [ParNew: 613439K->68094K(613440K), 0.0297735 secs] 1081614K->673369K(2029056K), 0.0306130 secs] [Times: user=0.23 sys=0.00, real=0.03 secs] 
2021-01-22T01:09:43.073+0800: 40.642: [GC (CMS Initial Mark) [1 CMS-initial-mark: 605274K(1415616K)] 684469K(2029056K), 0.0012727 secs] [Times: user=0.01 sys=0.00, real=0.00 secs] 
2021-01-22T01:09:43.074+0800: 40.644: [CMS-concurrent-mark-start]
2021-01-22T01:09:43.077+0800: 40.646: [CMS-concurrent-mark: 0.003/0.003 secs] [Times: user=0.00 sys=0.00, real=0.00 secs] 
2021-01-22T01:09:43.078+0800: 40.647: [CMS-concurrent-preclean-start]
2021-01-22T01:09:43.080+0800: 40.649: [CMS-concurrent-preclean: 0.002/0.002 secs] [Times: user=0.01 sys=0.00, real=0.01 secs] 
2021-01-22T01:09:43.080+0800: 40.649: [CMS-concurrent-abortable-preclean-start]
2021-01-22T01:09:43.140+0800: 40.709: [GC (Allocation Failure) 2021-01-22T01:09:43.141+0800: 40.710: [ParNew: 613192K->68095K(613440K), 0.0241711 secs] 1218467K->789919K(2029056K), 0.0249865 secs] [Times: user=0.19 sys=0.00, real=0.02 secs] 
2021-01-22T01:09:43.231+0800: 40.800: [GC (Allocation Failure) 2021-01-22T01:09:43.232+0800: 40.801: [ParNew: 613439K->68095K(613440K), 0.0307235 secs] 1335263K->907645K(2029056K), 0.0314866 secs] [Times: user=0.22 sys=0.00, real=0.03 secs] 
2021-01-22T01:09:43.329+0800: 40.898: [GC (Allocation Failure) 2021-01-22T01:09:43.330+0800: 40.899: [ParNew: 613439K->68095K(613440K), 0.0292720 secs] 1452989K->1035752K(2029056K), 0.0299604 secs] [Times: user=0.23 sys=0.00, real=0.03 secs] 
2021-01-22T01:09:43.431+0800: 41.000: [GC (Allocation Failure) 2021-01-22T01:09:43.431+0800: 41.000: [ParNew: 613439K->68095K(613440K), 0.0281008 secs] 1581096K->1169941K(2029056K), 0.0289766 secs] [Times: user=0.21 sys=0.00, real=0.03 secs] 
2021-01-22T01:09:43.526+0800: 41.095: [GC (Allocation Failure) 2021-01-22T01:09:43.526+0800: 41.095: [ParNew: 613439K->68094K(613440K), 0.0255659 secs] 1715285K->1302661K(2029056K), 0.0263488 secs] [Times: user=0.20 sys=0.00, real=0.03 secs] 
2021-01-22T01:09:43.620+0800: 41.189: [GC (Allocation Failure) 2021-01-22T01:09:43.620+0800: 41.189: [ParNew: 613438K->68095K(613440K), 0.0238357 secs] 1848005K->1423104K(2029056K), 0.0246308 secs] [Times: user=0.19 sys=0.00, real=0.02 secs] 
2021-01-22T01:09:43.645+0800: 41.214: [CMS-concurrent-abortable-preclean: 0.022/0.565 secs] [Times: user=1.66 sys=0.00, real=0.56 secs] 
2021-01-22T01:09:43.646+0800: 41.215: [GC (CMS Final Remark) [YG occupancy: 79311 K (613440 K)]2021-01-22T01:09:43.646+0800: 41.215: [Rescan (parallel) , 0.0012210 secs]2021-01-22T01:09:43.648+0800: 41.217: [weak refs processing, 0.0003146 secs]2021-01-22T01:09:43.649+0800: 41.218: [class unloading, 0.0005062 secs]2021-01-22T01:09:43.649+0800: 41.218: [scrub symbol table, 0.0006126 secs]2021-01-22T01:09:43.650+0800: 41.219: [scrub string table, 0.0006849 secs][1 CMS-remark: 1355009K(1415616K)] 1434320K(2029056K), 0.0052768 secs] [Times: user=0.01 sys=0.00, real=0.01 secs] 
2021-01-22T01:09:43.652+0800: 41.221: [CMS-concurrent-sweep-start]
2021-01-22T01:09:43.654+0800: 41.223: [CMS-concurrent-sweep: 0.002/0.002 secs] [Times: user=0.00 sys=0.00, real=0.00 secs] 
2021-01-22T01:09:43.654+0800: 41.223: [CMS-concurrent-reset-start]
2021-01-22T01:09:43.656+0800: 41.225: [CMS-concurrent-reset: 0.001/0.001 secs] [Times: user=0.00 sys=0.00, real=0.00 secs] 
2021-01-22T01:09:43.717+0800: 41.286: [GC (Allocation Failure) 2021-01-22T01:09:43.718+0800: 41.287: [ParNew: 613439K->68095K(613440K), 0.0403392 secs] 1686063K->1269984K(2029056K), 0.0410331 secs] [Times: user=0.30 sys=0.00, real=0.05 secs] 
2021-01-22T01:09:43.759+0800: 41.328: [GC (CMS Initial Mark) [1 CMS-initial-mark: 1201888K(1415616K)] 1270174K(2029056K), 0.0012346 secs] [Times: user=0.00 sys=0.00, real=0.00 secs] 
2021-01-22T01:09:43.761+0800: 41.330: [CMS-concurrent-mark-start]
2021-01-22T01:09:43.766+0800: 41.335: [CMS-concurrent-mark: 0.005/0.005 secs] [Times: user=0.01 sys=0.00, real=0.00 secs] 
2021-01-22T01:09:43.766+0800: 41.335: [CMS-concurrent-preclean-start]
2021-01-22T01:09:43.768+0800: 41.337: [CMS-concurrent-preclean: 0.002/0.002 secs] [Times: user=0.01 sys=0.00, real=0.00 secs] 
2021-01-22T01:09:43.768+0800: 41.337: [CMS-concurrent-abortable-preclean-start]
2021-01-22T01:09:43.831+0800: 41.400: [GC (Allocation Failure) 2021-01-22T01:09:43.832+0800: 41.401: [ParNew: 613439K->68095K(613440K), 0.0259338 secs] 1815328K->1392234K(2029056K), 0.0268669 secs] [Times: user=0.20 sys=0.00, real=0.03 secs] 
2021-01-22T01:09:43.929+0800: 41.498: [GC (Allocation Failure) 2021-01-22T01:09:43.930+0800: 41.499: [ParNew: 613439K->613439K(613440K), 0.0004380 secs]2021-01-22T01:09:43.930+0800: 41.500: [CMS2021-01-22T01:09:43.931+0800: 41.500: [CMS-concurrent-abortable-preclean: 0.005/0.163 secs] [Times: user=0.34 sys=0.00, real=0.16 secs] 
 (concurrent mode failure): 1324139K->368233K(1415616K), 0.0555108 secs] 1937578K->368233K(2029056K), [Metaspace: 2816K->2816K(1056768K)], 0.0571391 secs] [Times: user=0.06 sys=0.00, real=0.05 secs] 
2021-01-22T01:09:44.052+0800: 41.621: [GC (Allocation Failure) 2021-01-22T01:09:44.052+0800: 41.621: [ParNew: 545344K->68094K(613440K), 0.0247271 secs] 913577K->524019K(2029056K), 0.0260292 secs] [Times: user=0.19 sys=0.01, real=0.03 secs] 
2021-01-22T01:09:44.148+0800: 41.718: [GC (Allocation Failure) 2021-01-22T01:09:44.149+0800: 41.718: [ParNew: 613438K->68095K(613440K), 0.0243059 secs] 1069363K->639812K(2029056K), 0.0251567 secs] [Times: user=0.18 sys=0.00, real=0.02 secs] 
2021-01-22T01:09:44.240+0800: 41.809: [GC (Allocation Failure) 2021-01-22T01:09:44.240+0800: 41.809: [ParNew: 613439K->68095K(613440K), 0.0267881 secs] 1185156K->773501K(2029056K), 0.0277644 secs] [Times: user=0.20 sys=0.00, real=0.02 secs] 
2021-01-22T01:09:44.268+0800: 41.837: [GC (CMS Initial Mark) [1 CMS-initial-mark: 705406K(1415616K)] 784515K(2029056K), 0.0015584 secs] [Times: user=0.01 sys=0.00, real=0.00 secs] 
2021-01-22T01:09:44.271+0800: 41.840: [CMS-concurrent-mark-start]
2021-01-22T01:09:44.273+0800: 41.842: [CMS-concurrent-mark: 0.002/0.002 secs] [Times: user=0.00 sys=0.00, real=0.00 secs] 
2021-01-22T01:09:44.274+0800: 41.843: [CMS-concurrent-preclean-start]
2021-01-22T01:09:44.275+0800: 41.844: [CMS-concurrent-preclean: 0.002/0.002 secs] [Times: user=0.00 sys=0.00, real=0.00 secs] 
2021-01-22T01:09:44.276+0800: 41.845: [CMS-concurrent-abortable-preclean-start]
2021-01-22T01:09:44.340+0800: 41.909: [GC (Allocation Failure) 2021-01-22T01:09:44.340+0800: 41.909: [ParNew2021-01-22T01:09:44.377+0800: 41.947: [CMS-concurrent-abortable-preclean: 0.002/0.102 secs] [Times: user=0.36 sys=0.01, real=0.10 secs] 
: 613439K->68095K(613440K), 0.0382666 secs] 1318845K->885138K(2029056K), 0.0388369 secs] [Times: user=0.29 sys=0.01, real=0.04 secs] 
2021-01-22T01:09:44.379+0800: 41.948: [GC (CMS Final Remark) [YG occupancy: 79555 K (613440 K)]2021-01-22T01:09:44.379+0800: 41.948: [Rescan (parallel) , 0.0047290 secs]2021-01-22T01:09:44.384+0800: 41.954: [weak refs processing, 0.0003052 secs]2021-01-22T01:09:44.385+0800: 41.954: [class unloading, 0.0008270 secs]2021-01-22T01:09:44.386+0800: 41.955: [scrub symbol table, 0.0006087 secs]2021-01-22T01:09:44.387+0800: 41.956: [scrub string table, 0.0004535 secs][1 CMS-remark: 817043K(1415616K)] 896598K(2029056K), 0.0086530 secs] [Times: user=0.03 sys=0.00, real=0.00 secs] 
2021-01-22T01:09:44.388+0800: 41.957: [CMS-concurrent-sweep-start]
2021-01-22T01:09:44.390+0800: 41.959: [CMS-concurrent-sweep: 0.002/0.002 secs] [Times: user=0.01 sys=0.00, real=0.00 secs] 
2021-01-22T01:09:44.391+0800: 41.960: [CMS-concurrent-reset-start]
2021-01-22T01:09:44.393+0800: 41.962: [CMS-concurrent-reset: 0.002/0.002 secs] [Times: user=0.00 sys=0.00, real=0.00 secs] 
2021-01-22T01:09:44.466+0800: 42.035: [GC (Allocation Failure) 2021-01-22T01:09:44.466+0800: 42.035: [ParNew: 613439K->68095K(613440K), 0.0267784 secs] 1036419K->619175K(2029056K), 0.0272881 secs] [Times: user=0.20 sys=0.00, real=0.03 secs] 
2021-01-22T01:09:44.556+0800: 42.125: [GC (Allocation Failure) 2021-01-22T01:09:44.557+0800: 42.126: [ParNew: 613439K->68096K(613440K), 0.0258599 secs] 1164519K->742906K(2029056K), 0.0266527 secs] [Times: user=0.20 sys=0.00, real=0.03 secs] 
2021-01-22T01:09:44.647+0800: 42.216: [GC (Allocation Failure) 2021-01-22T01:09:44.648+0800: 42.217: [ParNew: 613440K->68095K(613440K), 0.0292234 secs] 1288250K->873343K(2029056K), 0.0299986 secs] [Times: user=0.21 sys=0.01, real=0.03 secs] 
2021-01-22T01:09:44.678+0800: 42.247: [GC (CMS Initial Mark) [1 CMS-initial-mark: 805247K(1415616K)] 884516K(2029056K), 0.0011340 secs] [Times: user=0.00 sys=0.00, real=0.00 secs] 
2021-01-22T01:09:44.680+0800: 42.249: [CMS-concurrent-mark-start]
2021-01-22T01:09:44.683+0800: 42.252: [CMS-concurrent-mark: 0.003/0.003 secs] [Times: user=0.00 sys=0.00, real=0.00 secs] 
2021-01-22T01:09:44.683+0800: 42.252: [CMS-concurrent-preclean-start]
2021-01-22T01:09:44.685+0800: 42.254: [CMS-concurrent-preclean: 0.002/0.002 secs] [Times: user=0.00 sys=0.00, real=0.00 secs] 
2021-01-22T01:09:44.685+0800: 42.254: [CMS-concurrent-abortable-preclean-start]
2021-01-22T01:09:44.752+0800: 42.321: [GC (Allocation Failure) 2021-01-22T01:09:44.752+0800: 42.321: [ParNew: 613439K->68094K(613440K), 0.0247460 secs] 1418687K->996158K(2029056K), 0.0255413 secs] [Times: user=0.19 sys=0.00, real=0.02 secs] 
2021-01-22T01:09:44.841+0800: 42.410: [GC (Allocation Failure) 2021-01-22T01:09:44.842+0800: 42.411: [ParNew: 613438K->68095K(613440K), 0.0255468 secs] 1541502K->1129568K(2029056K), 0.0261070 secs] [Times: user=0.20 sys=0.00, real=0.02 secs] 
2021-01-22T01:09:44.932+0800: 42.501: [GC (Allocation Failure) 2021-01-22T01:09:44.933+0800: 42.502: [ParNew: 613439K->68095K(613440K), 0.0261075 secs] 1674912K->1263597K(2029056K), 0.0270399 secs] [Times: user=0.19 sys=0.01, real=0.03 secs] 
2021-01-22T01:09:45.028+0800: 42.597: [GC (Allocation Failure) 2021-01-22T01:09:45.028+0800: 42.597: [ParNew: 613439K->68095K(613440K), 0.0260760 secs] 1808941K->1382946K(2029056K), 0.0268688 secs] [Times: user=0.20 sys=0.00, real=0.03 secs] 
2021-01-22T01:09:45.122+0800: 42.691: [GC (Allocation Failure) 2021-01-22T01:09:45.122+0800: 42.691: [ParNew: 613439K->613439K(613440K), 0.0002982 secs]2021-01-22T01:09:45.123+0800: 42.692: [CMS2021-01-22T01:09:45.123+0800: 42.692: [CMS-concurrent-abortable-preclean: 0.016/0.438 secs] [Times: user=1.14 sys=0.01, real=0.44 secs] 
 (concurrent mode failure): 1314850K->378882K(1415616K), 0.0577434 secs] 1928290K->378882K(2029056K), [Metaspace: 2816K->2816K(1056768K)], 0.0590912 secs] [Times: user=0.05 sys=0.00, real=0.06 secs] 
2021-01-22T01:09:45.253+0800: 42.822: [GC (Allocation Failure) 2021-01-22T01:09:45.253+0800: 42.822: [ParNew: 545344K->68095K(613440K), 0.0203750 secs] 924226K->524123K(2029056K), 0.0211840 secs] [Times: user=0.15 sys=0.00, real=0.02 secs] 
2021-01-22T01:09:45.344+0800: 42.913: [GC (Allocation Failure) 2021-01-22T01:09:45.344+0800: 42.913: [ParNew: 613439K->68094K(613440K), 0.0256477 secs] 1069467K->646503K(2029056K), 0.0263968 secs] [Times: user=0.20 sys=0.00, real=0.03 secs] 
2021-01-22T01:09:45.444+0800: 43.013: [GC (Allocation Failure) 2021-01-22T01:09:45.444+0800: 43.013: [ParNew: 613438K->68095K(613440K), 0.0256476 secs] 1191847K->773107K(2029056K), 0.0264378 secs] [Times: user=0.20 sys=0.00, real=0.03 secs] 
2021-01-22T01:09:45.544+0800: 43.113: [GC (Allocation Failure) 2021-01-22T01:09:45.544+0800: 43.113: [ParNew: 613236K->68095K(613440K), 0.0321148 secs] 1318248K->909598K(2029056K), 0.0327253 secs] [Times: user=0.24 sys=0.00, real=0.03 secs] 
2021-01-22T01:09:45.577+0800: 43.146: [GC (CMS Initial Mark) [1 CMS-initial-mark: 841503K(1415616K)] 921013K(2029056K), 0.0008465 secs] [Times: user=0.00 sys=0.00, real=0.00 secs] 
2021-01-22T01:09:45.578+0800: 43.147: [CMS-concurrent-mark-start]
2021-01-22T01:09:45.581+0800: 43.150: [CMS-concurrent-mark: 0.003/0.003 secs] [Times: user=0.01 sys=0.00, real=0.00 secs] 
2021-01-22T01:09:45.581+0800: 43.150: [CMS-concurrent-preclean-start]
2021-01-22T01:09:45.583+0800: 43.152: [CMS-concurrent-preclean: 0.001/0.001 secs] [Times: user=0.00 sys=0.00, real=0.00 secs] 
2021-01-22T01:09:45.583+0800: 43.152: [CMS-concurrent-abortable-preclean-start]
2021-01-22T01:09:45.646+0800: 43.215: [GC (Allocation Failure) 2021-01-22T01:09:45.647+0800: 43.216: [ParNew: 613439K->68095K(613440K), 0.0254116 secs] 1454942K->1038827K(2029056K), 0.0264815 secs] [Times: user=0.20 sys=0.00, real=0.03 secs] 
2021-01-22T01:09:45.736+0800: 43.305: [GC (Allocation Failure) 2021-01-22T01:09:45.736+0800: 43.305: [ParNew: 613439K->68095K(613440K), 0.0242837 secs] 1584171K->1167494K(2029056K), 0.0250269 secs] [Times: user=0.19 sys=0.00, real=0.03 secs] 
2021-01-22T01:09:45.824+0800: 43.393: [GC (Allocation Failure) 2021-01-22T01:09:45.825+0800: 43.394: [ParNew: 613439K->68095K(613440K), 0.0266392 secs] 1712838K->1298876K(2029056K), 0.0275279 secs] [Times: user=0.20 sys=0.00, real=0.03 secs] 
2021-01-22T01:09:45.921+0800: 43.490: [GC (Allocation Failure) 2021-01-22T01:09:45.921+0800: 43.490: [ParNew: 613439K->68095K(613440K), 0.0247542 secs] 1844220K->1422233K(2029056K), 0.0257501 secs] [Times: user=0.19 sys=0.00, real=0.02 secs] 
2021-01-22T01:09:45.947+0800: 43.516: [CMS-concurrent-abortable-preclean: 0.015/0.364 secs] [Times: user=1.06 sys=0.00, real=0.36 secs] 
2021-01-22T01:09:45.969+0800: 43.538: [GC (CMS Final Remark) [YG occupancy: 249719 K (613440 K)]2021-01-22T01:09:45.969+0800: 43.538: [Rescan (parallel) , 0.0021982 secs]2021-01-22T01:09:45.972+0800: 43.541: [weak refs processing, 0.0003210 secs]2021-01-22T01:09:45.972+0800: 43.541: [class unloading, 0.0004730 secs]2021-01-22T01:09:45.973+0800: 43.542: [scrub symbol table, 0.0005338 secs]2021-01-22T01:09:45.974+0800: 43.543: [scrub string table, 0.0004507 secs][1 CMS-remark: 1354137K(1415616K)] 1603857K(2029056K), 0.0060628 secs] [Times: user=0.01 sys=0.00, real=0.00 secs] 
2021-01-22T01:09:45.975+0800: 43.544: [CMS-concurrent-sweep-start]
2021-01-22T01:09:45.977+0800: 43.546: [CMS-concurrent-sweep: 0.002/0.002 secs] [Times: user=0.00 sys=0.00, real=0.00 secs] 
2021-01-22T01:09:45.978+0800: 43.547: [CMS-concurrent-reset-start]
2021-01-22T01:09:45.979+0800: 43.548: [CMS-concurrent-reset: 0.001/0.001 secs] [Times: user=0.00 sys=0.00, real=0.01 secs] 
2021-01-22T01:09:46.023+0800: 43.592: [GC (Allocation Failure) 2021-01-22T01:09:46.023+0800: 43.592: [ParNew: 613439K->68095K(613440K), 0.0245697 secs] 1434755K->1014371K(2029056K), 0.0255512 secs] [Times: user=0.19 sys=0.00, real=0.03 secs] 
2021-01-22T01:09:46.049+0800: 43.619: [GC (CMS Initial Mark) [1 CMS-initial-mark: 946276K(1415616K)] 1025477K(2029056K), 0.0016431 secs] [Times: user=0.01 sys=0.00, real=0.00 secs] 
2021-01-22T01:09:46.052+0800: 43.621: [CMS-concurrent-mark-start]
2021-01-22T01:09:46.057+0800: 43.626: [CMS-concurrent-mark: 0.005/0.005 secs] [Times: user=0.01 sys=0.00, real=0.00 secs] 
2021-01-22T01:09:46.057+0800: 43.626: [CMS-concurrent-preclean-start]
2021-01-22T01:09:46.059+0800: 43.628: [CMS-concurrent-preclean: 0.002/0.002 secs] [Times: user=0.00 sys=0.00, real=0.01 secs] 
2021-01-22T01:09:46.060+0800: 43.629: [CMS-concurrent-abortable-preclean-start]
2021-01-22T01:09:46.117+0800: 43.686: [GC (Allocation Failure) 2021-01-22T01:09:46.117+0800: 43.686: [ParNew: 613439K->68094K(613440K), 0.0350992 secs] 1559715K->1137517K(2029056K), 0.0360761 secs] [Times: user=0.27 sys=0.00, real=0.04 secs] 
2021-01-22T01:09:46.224+0800: 43.793: [GC (Allocation Failure) 2021-01-22T01:09:46.224+0800: 43.794: [ParNew: 613438K->68095K(613440K), 0.0274607 secs] 1682861K->1265729K(2029056K), 0.0283950 secs] [Times: user=0.21 sys=0.00, real=0.03 secs] 
2021-01-22T01:09:46.324+0800: 43.893: [GC (Allocation Failure) 2021-01-22T01:09:46.324+0800: 43.893: [ParNew: 613439K->68095K(613440K), 0.0280319 secs] 1811073K->1400050K(2029056K), 0.0288381 secs] [Times: user=0.22 sys=0.00, real=0.03 secs] 
2021-01-22T01:09:46.355+0800: 43.924: [CMS-concurrent-abortable-preclean: 0.012/0.296 secs] [Times: user=0.91 sys=0.00, real=0.29 secs] 
2021-01-22T01:09:46.356+0800: 43.925: [GC (CMS Final Remark) [YG occupancy: 101562 K (613440 K)]2021-01-22T01:09:46.357+0800: 43.926: [Rescan (parallel) , 0.0012434 secs]2021-01-22T01:09:46.358+0800: 43.927: [weak refs processing, 0.0003191 secs]2021-01-22T01:09:46.359+0800: 43.928: [class unloading, 0.0006643 secs]2021-01-22T01:09:46.360+0800: 43.929: [scrub symbol table, 0.0005628 secs]2021-01-22T01:09:46.361+0800: 43.930: [scrub string table, 0.0003754 secs][1 CMS-remark: 1331955K(1415616K)] 1433517K(2029056K), 0.0050164 secs] [Times: user=0.01 sys=0.00, real=0.01 secs] 
2021-01-22T01:09:46.362+0800: 43.931: [CMS-concurrent-sweep-start]
2021-01-22T01:09:46.364+0800: 43.933: [CMS-concurrent-sweep: 0.002/0.002 secs] [Times: user=0.00 sys=0.00, real=0.00 secs] 
2021-01-22T01:09:46.365+0800: 43.934: [CMS-concurrent-reset-start]
2021-01-22T01:09:46.366+0800: 43.935: [CMS-concurrent-reset: 0.001/0.001 secs] [Times: user=0.00 sys=0.00, real=0.00 secs] 
2021-01-22T01:09:46.421+0800: 43.990: [GC (Allocation Failure) 2021-01-22T01:09:46.421+0800: 43.990: [ParNew: 613439K->68095K(613440K), 0.0277943 secs] 1309477K->897859K(2029056K), 0.0285864 secs] [Times: user=0.22 sys=0.00, real=0.03 secs] 
2021-01-22T01:09:46.450+0800: 44.019: [GC (CMS Initial Mark) [1 CMS-initial-mark: 829763K(1415616K)] 909321K(2029056K), 0.0013084 secs] [Times: user=0.00 sys=0.00, real=0.00 secs] 
2021-01-22T01:09:46.452+0800: 44.021: [CMS-concurrent-mark-start]
2021-01-22T01:09:46.455+0800: 44.024: [CMS-concurrent-mark: 0.003/0.003 secs] [Times: user=0.01 sys=0.00, real=0.00 secs] 
2021-01-22T01:09:46.456+0800: 44.025: [CMS-concurrent-preclean-start]
2021-01-22T01:09:46.457+0800: 44.027: [CMS-concurrent-preclean: 0.002/0.002 secs] [Times: user=0.00 sys=0.00, real=0.00 secs] 
2021-01-22T01:09:46.458+0800: 44.027: [CMS-concurrent-abortable-preclean-start]
2021-01-22T01:09:46.519+0800: 44.088: [GC (Allocation Failure) 2021-01-22T01:09:46.519+0800: 44.088: [ParNew: 613439K->68095K(613440K), 0.0242625 secs] 1443203K->1017714K(2029056K), 0.0251523 secs] [Times: user=0.18 sys=0.00, real=0.02 secs] 
2021-01-22T01:09:46.614+0800: 44.183: [GC (Allocation Failure) 2021-01-22T01:09:46.614+0800: 44.183: [ParNew: 613439K->68094K(613440K), 0.0294111 secs] 1563058K->1138821K(2029056K), 0.0303805 secs] [Times: user=0.22 sys=0.00, real=0.03 secs] 
2021-01-22T01:09:46.717+0800: 44.286: [GC (Allocation Failure) 2021-01-22T01:09:46.717+0800: 44.286: [ParNew: 613438K->68095K(613440K), 0.0241108 secs] 1684165K->1254225K(2029056K), 0.0249205 secs] [Times: user=0.18 sys=0.00, real=0.03 secs] 
2021-01-22T01:09:46.809+0800: 44.378: [GC (Allocation Failure) 2021-01-22T01:09:46.810+0800: 44.379: [ParNew: 613439K->68095K(613440K), 0.0257343 secs] 1799569K->1382016K(2029056K), 0.0266464 secs] [Times: user=0.19 sys=0.00, real=0.02 secs] 
2021-01-22T01:09:46.908+0800: 44.477: [GC (Allocation Failure) 2021-01-22T01:09:46.908+0800: 44.477: [ParNew: 613439K->613439K(613440K), 0.0003284 secs]2021-01-22T01:09:46.909+0800: 44.478: [CMS2021-01-22T01:09:46.909+0800: 44.478: [CMS-concurrent-abortable-preclean: 0.019/0.451 secs] [Times: user=1.16 sys=0.00, real=0.46 secs] 
 (concurrent mode failure): 1313920K->385671K(1415616K), 0.0572190 secs] 1927360K->385671K(2029056K), [Metaspace: 2816K->2816K(1056768K)], 0.0589463 secs] [Times: user=0.05 sys=0.00, real=0.06 secs] 
2021-01-22T01:09:47.031+0800: 44.600: [GC (Allocation Failure) 2021-01-22T01:09:47.031+0800: 44.600: [ParNew: 545344K->68095K(613440K), 0.0212077 secs] 931015K->544070K(2029056K), 0.0221968 secs] [Times: user=0.16 sys=0.00, real=0.02 secs] 
2021-01-22T01:09:47.123+0800: 44.692: [GC (Allocation Failure) 2021-01-22T01:09:47.123+0800: 44.693: [ParNew: 613439K->68094K(613440K), 0.0247296 secs] 1089414K->669362K(2029056K), 0.0256388 secs] [Times: user=0.18 sys=0.01, real=0.03 secs] 
2021-01-22T01:09:47.229+0800: 44.798: [GC (Allocation Failure) 2021-01-22T01:09:47.230+0800: 44.799: [ParNew: 613438K->68095K(613440K), 0.0331003 secs] 1214706K->797067K(2029056K), 0.0336861 secs] [Times: user=0.26 sys=0.00, real=0.03 secs] 
2021-01-22T01:09:47.264+0800: 44.833: [GC (CMS Initial Mark) [1 CMS-initial-mark: 728971K(1415616K)] 808464K(2029056K), 0.0006590 secs] [Times: user=0.00 sys=0.00, real=0.00 secs] 
2021-01-22T01:09:47.265+0800: 44.834: [CMS-concurrent-mark-start]
2021-01-22T01:09:47.267+0800: 44.836: [CMS-concurrent-mark: 0.003/0.003 secs] [Times: user=0.01 sys=0.00, real=0.00 secs] 
2021-01-22T01:09:47.268+0800: 44.837: [CMS-concurrent-preclean-start]
2021-01-22T01:09:47.269+0800: 44.838: [CMS-concurrent-preclean: 0.002/0.002 secs] [Times: user=0.00 sys=0.00, real=0.01 secs] 
2021-01-22T01:09:47.270+0800: 44.839: [CMS-concurrent-abortable-preclean-start]
2021-01-22T01:09:47.332+0800: 44.902: [GC (Allocation Failure) 2021-01-22T01:09:47.333+0800: 44.902: [ParNew: 613439K->68095K(613440K), 0.0247679 secs] 1342411K->923582K(2029056K), 0.0254284 secs] [Times: user=0.18 sys=0.01, real=0.03 secs] 
2021-01-22T01:09:47.422+0800: 44.991: [GC (Allocation Failure) 2021-01-22T01:09:47.422+0800: 44.991: [ParNew: 613439K->68095K(613440K), 0.0231423 secs] 1468926K->1040506K(2029056K), 0.0238779 secs] [Times: user=0.18 sys=0.00, real=0.02 secs] 
2021-01-22T01:09:47.515+0800: 45.084: [GC (Allocation Failure) 2021-01-22T01:09:47.515+0800: 45.084: [ParNew: 613439K->68095K(613440K), 0.0250230 secs] 1585850K->1167131K(2029056K), 0.0259627 secs] [Times: user=0.20 sys=0.00, real=0.03 secs] 
2021-01-22T01:09:47.608+0800: 45.177: [GC (Allocation Failure) 2021-01-22T01:09:47.608+0800: 45.177: [ParNew: 613439K->68094K(613440K), 0.0288275 secs] 1712475K->1290434K(2029056K), 0.0297051 secs] [Times: user=0.21 sys=0.01, real=0.03 secs] 
2021-01-22T01:09:47.708+0800: 45.278: [GC (Allocation Failure) 2021-01-22T01:09:47.709+0800: 45.278: [ParNew: 612885K->68095K(613440K), 0.0309562 secs] 1835225K->1414754K(2029056K), 0.0317529 secs] [Times: user=0.24 sys=0.00, real=0.03 secs] 
2021-01-22T01:09:47.743+0800: 45.312: [CMS-concurrent-abortable-preclean: 0.020/0.473 secs] [Times: user=1.36 sys=0.02, real=0.47 secs] 
2021-01-22T01:09:47.744+0800: 45.313: [GC (CMS Final Remark) [YG occupancy: 91489 K (613440 K)]2021-01-22T01:09:47.744+0800: 45.313: [Rescan (parallel) , 0.0019639 secs]2021-01-22T01:09:47.746+0800: 45.315: [weak refs processing, 0.0003763 secs]2021-01-22T01:09:47.747+0800: 45.316: [class unloading, 0.0006132 secs]2021-01-22T01:09:47.748+0800: 45.317: [scrub symbol table, 0.0007251 secs]2021-01-22T01:09:47.749+0800: 45.318: [scrub string table, 0.0003733 secs][1 CMS-remark: 1346658K(1415616K)] 1438148K(2029056K), 0.0055700 secs] [Times: user=0.02 sys=0.00, real=0.01 secs] 
2021-01-22T01:09:47.750+0800: 45.319: [CMS-concurrent-sweep-start]
2021-01-22T01:09:47.752+0800: 45.321: [CMS-concurrent-sweep: 0.002/0.002 secs] [Times: user=0.00 sys=0.00, real=0.00 secs] 
2021-01-22T01:09:47.752+0800: 45.321: [CMS-concurrent-reset-start]
2021-01-22T01:09:47.754+0800: 45.323: [CMS-concurrent-reset: 0.001/0.001 secs] [Times: user=0.00 sys=0.00, real=0.00 secs] 
2021-01-22T01:09:47.817+0800: 45.386: [GC (Allocation Failure) 2021-01-22T01:09:47.818+0800: 45.387: [ParNew: 613439K->68095K(613440K), 0.0292783 secs] 1559154K->1138490K(2029056K), 0.0299361 secs] [Times: user=0.22 sys=0.01, real=0.03 secs] 
2021-01-22T01:09:47.848+0800: 45.417: [GC (CMS Initial Mark) [1 CMS-initial-mark: 1070394K(1415616K)] 1149996K(2029056K), 0.0008755 secs] [Times: user=0.00 sys=0.00, real=0.01 secs] 
2021-01-22T01:09:47.849+0800: 45.418: [CMS-concurrent-mark-start]
2021-01-22T01:09:47.853+0800: 45.422: [CMS-concurrent-mark: 0.003/0.003 secs] [Times: user=0.00 sys=0.00, real=0.00 secs] 
2021-01-22T01:09:47.853+0800: 45.422: [CMS-concurrent-preclean-start]
2021-01-22T01:09:47.854+0800: 45.424: [CMS-concurrent-preclean: 0.002/0.002 secs] [Times: user=0.01 sys=0.00, real=0.00 secs] 
2021-01-22T01:09:47.855+0800: 45.424: [CMS-concurrent-abortable-preclean-start]
2021-01-22T01:09:47.918+0800: 45.488: [GC (Allocation Failure) 2021-01-22T01:09:47.919+0800: 45.488: [ParNew2021-01-22T01:09:47.957+0800: 45.526: [CMS-concurrent-abortable-preclean: 0.002/0.102 secs] [Times: user=0.36 sys=0.00, real=0.10 secs] 
: 613439K->68094K(613440K), 0.0397211 secs] 1683834K->1259596K(2029056K), 0.0407698 secs] [Times: user=0.31 sys=0.00, real=0.04 secs] 
2021-01-22T01:09:47.960+0800: 45.529: [GC (CMS Final Remark) [YG occupancy: 79241 K (613440 K)]2021-01-22T01:09:47.960+0800: 45.529: [Rescan (parallel) , 0.0008900 secs]2021-01-22T01:09:47.961+0800: 45.530: [weak refs processing, 0.0001959 secs]2021-01-22T01:09:47.961+0800: 45.531: [class unloading, 0.0003804 secs]2021-01-22T01:09:47.962+0800: 45.531: [scrub symbol table, 0.0005200 secs]2021-01-22T01:09:47.963+0800: 45.532: [scrub string table, 0.0003399 secs][1 CMS-remark: 1191502K(1415616K)] 1270743K(2029056K), 0.0037482 secs] [Times: user=0.00 sys=0.00, real=0.00 secs] 
2021-01-22T01:09:47.964+0800: 45.533: [CMS-concurrent-sweep-start]
2021-01-22T01:09:47.966+0800: 45.535: [CMS-concurrent-sweep: 0.002/0.002 secs] [Times: user=0.00 sys=0.00, real=0.00 secs] 
2021-01-22T01:09:47.967+0800: 45.536: [CMS-concurrent-reset-start]
2021-01-22T01:09:47.968+0800: 45.537: [CMS-concurrent-reset: 0.001/0.001 secs] [Times: user=0.01 sys=0.00, real=0.00 secs] 
2021-01-22T01:09:48.030+0800: 45.599: [GC (Allocation Failure) 2021-01-22T01:09:48.031+0800: 45.600: [ParNew: 613438K->68094K(613440K), 0.0247019 secs] 1037135K->608154K(2029056K), 0.0254810 secs] [Times: user=0.18 sys=0.01, real=0.02 secs] 
2021-01-22T01:09:48.121+0800: 45.690: [GC (Allocation Failure) 2021-01-22T01:09:48.121+0800: 45.690: [ParNew: 613438K->68095K(613440K), 0.0264886 secs] 1153498K->731935K(2029056K), 0.0273851 secs] [Times: user=0.19 sys=0.01, real=0.03 secs] 
2021-01-22T01:09:48.213+0800: 45.782: [GC (Allocation Failure) 2021-01-22T01:09:48.213+0800: 45.782: [ParNew: 613439K->68095K(613440K), 0.0250165 secs] 1277279K->858421K(2029056K), 0.0258760 secs] [Times: user=0.20 sys=0.00, real=0.03 secs] 
2021-01-22T01:09:48.240+0800: 45.809: [GC (CMS Initial Mark) [1 CMS-initial-mark: 790325K(1415616K)] 869535K(2029056K), 0.0012704 secs] [Times: user=0.00 sys=0.00, real=0.00 secs] 
2021-01-22T01:09:48.241+0800: 45.811: [CMS-concurrent-mark-start]
2021-01-22T01:09:48.244+0800: 45.813: [CMS-concurrent-mark: 0.003/0.003 secs] [Times: user=0.00 sys=0.00, real=0.00 secs] 
2021-01-22T01:09:48.245+0800: 45.814: [CMS-concurrent-preclean-start]
2021-01-22T01:09:48.246+0800: 45.815: [CMS-concurrent-preclean: 0.001/0.001 secs] [Times: user=0.01 sys=0.00, real=0.00 secs] 
2021-01-22T01:09:48.247+0800: 45.816: [CMS-concurrent-abortable-preclean-start]
2021-01-22T01:09:48.305+0800: 45.874: [GC (Allocation Failure) 2021-01-22T01:09:48.306+0800: 45.875: [ParNew: 613439K->68095K(613440K), 0.0255185 secs] 1403765K->987402K(2029056K), 0.0264250 secs] [Times: user=0.20 sys=0.00, real=0.03 secs] 
2021-01-22T01:09:48.400+0800: 45.969: [GC (Allocation Failure) 2021-01-22T01:09:48.401+0800: 45.970: [ParNew: 613439K->68095K(613440K), 0.0238933 secs] 1532746K->1105002K(2029056K), 0.0249200 secs] [Times: user=0.19 sys=0.00, real=0.02 secs] 
2021-01-22T01:09:48.493+0800: 46.062: [GC (Allocation Failure) 2021-01-22T01:09:48.494+0800: 46.063: [ParNew2021-01-22T01:09:48.530+0800: 46.099: [CMS-concurrent-abortable-preclean: 0.010/0.283 secs] [Times: user=0.87 sys=0.00, real=0.29 secs] 
: 613439K->68095K(613440K), 0.0408759 secs] 1650346K->1233776K(2029056K), 0.0415458 secs] [Times: user=0.32 sys=0.00, real=0.04 secs] 
2021-01-22T01:09:48.536+0800: 46.105: [GC (CMS Final Remark) [YG occupancy: 79747 K (613440 K)]2021-01-22T01:09:48.536+0800: 46.105: [Rescan (parallel) , 0.0026312 secs]2021-01-22T01:09:48.539+0800: 46.108: [weak refs processing, 0.0004969 secs]2021-01-22T01:09:48.540+0800: 46.109: [class unloading, 0.0005911 secs]2021-01-22T01:09:48.541+0800: 46.110: [scrub symbol table, 0.0007659 secs]2021-01-22T01:09:48.542+0800: 46.111: [scrub string table, 0.0005448 secs][1 CMS-remark: 1165681K(1415616K)] 1245428K(2029056K), 0.0072131 secs] [Times: user=0.01 sys=0.00, real=0.01 secs] 
2021-01-22T01:09:48.544+0800: 46.113: [CMS-concurrent-sweep-start]
2021-01-22T01:09:48.546+0800: 46.115: [CMS-concurrent-sweep: 0.002/0.002 secs] [Times: user=0.01 sys=0.00, real=0.00 secs] 
2021-01-22T01:09:48.547+0800: 46.116: [CMS-concurrent-reset-start]
2021-01-22T01:09:48.548+0800: 46.117: [CMS-concurrent-reset: 0.001/0.001 secs] [Times: user=0.00 sys=0.00, real=0.00 secs] 
2021-01-22T01:09:48.614+0800: 46.183: [GC (Allocation Failure) 2021-01-22T01:09:48.614+0800: 46.183: [ParNew: 613439K->68094K(613440K), 0.0278507 secs] 1282785K->848830K(2029056K), 0.0285649 secs] [Times: user=0.21 sys=0.00, real=0.03 secs] 
2021-01-22T01:09:48.710+0800: 46.279: [GC (Allocation Failure) 2021-01-22T01:09:48.711+0800: 46.280: [ParNew: 613438K->68095K(613440K), 0.0271511 secs] 1394174K->970362K(2029056K), 0.0279649 secs] [Times: user=0.21 sys=0.00, real=0.03 secs] 
2021-01-22T01:09:48.739+0800: 46.308: [GC (CMS Initial Mark) [1 CMS-initial-mark: 902266K(1415616K)] 981822K(2029056K), 0.0014209 secs] [Times: user=0.00 sys=0.00, real=0.00 secs] 
2021-01-22T01:09:48.742+0800: 46.311: [CMS-concurrent-mark-start]
2021-01-22T01:09:48.745+0800: 46.314: [CMS-concurrent-mark: 0.003/0.003 secs] [Times: user=0.01 sys=0.00, real=0.00 secs] 
2021-01-22T01:09:48.745+0800: 46.314: [CMS-concurrent-preclean-start]
2021-01-22T01:09:48.748+0800: 46.317: [CMS-concurrent-preclean: 0.003/0.003 secs] [Times: user=0.00 sys=0.00, real=0.00 secs] 
2021-01-22T01:09:48.748+0800: 46.318: [CMS-concurrent-abortable-preclean-start]
2021-01-22T01:09:48.838+0800: 46.407: [GC (Allocation Failure) 2021-01-22T01:09:48.839+0800: 46.408: [ParNew2021-01-22T01:09:48.860+0800: 46.429: [CMS-concurrent-abortable-preclean: 0.002/0.111 secs] [Times: user=0.26 sys=0.00, real=0.11 secs] 
: 613439K->68095K(613440K), 0.0581696 secs] 1515706K->1092487K(2029056K), 0.0588381 secs] [Times: user=0.44 sys=0.01, real=0.05 secs] 
2021-01-22T01:09:48.898+0800: 46.467: [GC (CMS Final Remark) [YG occupancy: 79734 K (613440 K)]2021-01-22T01:09:48.898+0800: 46.467: [Rescan (parallel) , 0.0064957 secs]2021-01-22T01:09:48.905+0800: 46.474: [weak refs processing, 0.0001956 secs]2021-01-22T01:09:48.905+0800: 46.474: [class unloading, 0.0004908 secs]2021-01-22T01:09:48.906+0800: 46.475: [scrub symbol table, 0.0007155 secs]2021-01-22T01:09:48.907+0800: 46.476: [scrub string table, 0.0003621 secs][1 CMS-remark: 1024392K(1415616K)] 1104127K(2029056K), 0.0095742 secs] [Times: user=0.05 sys=0.00, real=0.01 secs] 
2021-01-22T01:09:48.908+0800: 46.477: [CMS-concurrent-sweep-start]
2021-01-22T01:09:48.910+0800: 46.479: [CMS-concurrent-sweep: 0.002/0.002 secs] [Times: user=0.00 sys=0.00, real=0.01 secs] 
2021-01-22T01:09:48.928+0800: 46.497: [CMS-concurrent-reset-start]
2021-01-22T01:09:48.930+0800: 46.499: [CMS-concurrent-reset: 0.002/0.002 secs] [Times: user=0.00 sys=0.00, real=0.00 secs] 
2021-01-22T01:09:48.976+0800: 46.545: [GC (Allocation Failure) 2021-01-22T01:09:48.976+0800: 46.545: [ParNew: 613439K->68095K(613440K), 0.0286968 secs] 1029357K->609902K(2029056K), 0.0291694 secs] [Times: user=0.22 sys=0.00, real=0.03 secs] 
2021-01-22T01:09:49.071+0800: 46.640: [GC (Allocation Failure) 2021-01-22T01:09:49.072+0800: 46.641: [ParNew: 613439K->68095K(613440K), 0.0244356 secs] 1155246K->726183K(2029056K), 0.0251544 secs] [Times: user=0.16 sys=0.01, real=0.02 secs] 
2021-01-22T01:09:49.170+0800: 46.739: [GC (Allocation Failure) 2021-01-22T01:09:49.170+0800: 46.739: [ParNew: 613439K->68095K(613440K), 0.0292765 secs] 1271527K->846894K(2029056K), 0.0299184 secs] [Times: user=0.23 sys=0.00, real=0.03 secs] 
2021-01-22T01:09:49.269+0800: 46.838: [GC (Allocation Failure) 2021-01-22T01:09:49.269+0800: 46.838: [ParNew: 613439K->68095K(613440K), 0.0270281 secs] 1392238K->974517K(2029056K), 0.0275981 secs] [Times: user=0.21 sys=0.00, real=0.02 secs] 
2021-01-22T01:09:49.297+0800: 46.866: [GC (CMS Initial Mark) [1 CMS-initial-mark: 906421K(1415616K)] 985497K(2029056K), 0.0009757 secs] [Times: user=0.00 sys=0.00, real=0.01 secs] 
2021-01-22T01:09:49.299+0800: 46.868: [CMS-concurrent-mark-start]
2021-01-22T01:09:49.302+0800: 46.871: [CMS-concurrent-mark: 0.003/0.003 secs] [Times: user=0.01 sys=0.00, real=0.00 secs] 
2021-01-22T01:09:49.302+0800: 46.871: [CMS-concurrent-preclean-start]
2021-01-22T01:09:49.304+0800: 46.873: [CMS-concurrent-preclean: 0.002/0.002 secs] [Times: user=0.00 sys=0.00, real=0.00 secs] 
2021-01-22T01:09:49.304+0800: 46.873: [CMS-concurrent-abortable-preclean-start]
2021-01-22T01:09:49.365+0800: 46.934: [GC (Allocation Failure) 2021-01-22T01:09:49.366+0800: 46.935: [ParNew: 613439K->68095K(613440K), 0.0277813 secs] 1519861K->1102057K(2029056K), 0.0285358 secs] [Times: user=0.21 sys=0.00, real=0.03 secs] 
2021-01-22T01:09:49.464+0800: 47.033: [GC (Allocation Failure) 2021-01-22T01:09:49.464+0800: 47.034: [ParNew: 613439K->68095K(613440K), 0.0268215 secs] 1647401K->1229986K(2029056K), 0.0277045 secs] [Times: user=0.20 sys=0.00, real=0.03 secs] 
2021-01-22T01:09:49.560+0800: 47.129: [GC (Allocation Failure) 2021-01-22T01:09:49.560+0800: 47.129: [ParNew: 613439K->68095K(613440K), 0.0245097 secs] 1775330K->1352167K(2029056K), 0.0252432 secs] [Times: user=0.19 sys=0.00, real=0.02 secs] 
2021-01-22T01:09:49.653+0800: 47.222: [GC (Allocation Failure) 2021-01-22T01:09:49.654+0800: 47.223: [ParNew: 613439K->68095K(613440K), 0.0253139 secs] 1897511K->1479267K(2029056K), 0.0260855 secs] [Times: user=0.19 sys=0.00, real=0.03 secs] 
2021-01-22T01:09:49.680+0800: 47.249: [CMS-concurrent-abortable-preclean: 0.013/0.376 secs] [Times: user=1.08 sys=0.01, real=0.38 secs] 
2021-01-22T01:09:49.681+0800: 47.250: [GC (CMS Final Remark) [YG occupancy: 79173 K (613440 K)]2021-01-22T01:09:49.681+0800: 47.250: [Rescan (parallel) , 0.0015902 secs]2021-01-22T01:09:49.683+0800: 47.252: [weak refs processing, 0.0003032 secs]2021-01-22T01:09:49.684+0800: 47.253: [class unloading, 0.0004878 secs]2021-01-22T01:09:49.684+0800: 47.253: [scrub symbol table, 0.0005318 secs]2021-01-22T01:09:49.685+0800: 47.254: [scrub string table, 0.0004988 secs][1 CMS-remark: 1411172K(1415616K)] 1490345K(2029056K), 0.0052676 secs] [Times: user=0.01 sys=0.00, real=0.00 secs] 
2021-01-22T01:09:49.686+0800: 47.256: [CMS-concurrent-sweep-start]
2021-01-22T01:09:49.689+0800: 47.258: [CMS-concurrent-sweep: 0.002/0.002 secs] [Times: user=0.00 sys=0.00, real=0.01 secs] 
2021-01-22T01:09:49.689+0800: 47.258: [CMS-concurrent-reset-start]
2021-01-22T01:09:49.690+0800: 47.260: [CMS-concurrent-reset: 0.001/0.001 secs] [Times: user=0.00 sys=0.00, real=0.00 secs] 
2021-01-22T01:09:49.754+0800: 47.323: [GC (Allocation Failure) 2021-01-22T01:09:49.754+0800: 47.323: [ParNew: 613439K->68094K(613440K), 0.0283062 secs] 1418689K->1003783K(2029056K), 0.0290742 secs] [Times: user=0.21 sys=0.00, real=0.03 secs] 
2021-01-22T01:09:49.784+0800: 47.353: [GC (CMS Initial Mark) [1 CMS-initial-mark: 935688K(1415616K)] 1014680K(2029056K), 0.0012371 secs] [Times: user=0.01 sys=0.00, real=0.00 secs] 
2021-01-22T01:09:49.786+0800: 47.355: [CMS-concurrent-mark-start]
2021-01-22T01:09:49.790+0800: 47.359: [CMS-concurrent-mark: 0.004/0.004 secs] [Times: user=0.01 sys=0.00, real=0.01 secs] 
2021-01-22T01:09:49.790+0800: 47.359: [CMS-concurrent-preclean-start]
2021-01-22T01:09:49.792+0800: 47.361: [CMS-concurrent-preclean: 0.002/0.002 secs] [Times: user=0.00 sys=0.00, real=0.00 secs] 
2021-01-22T01:09:49.793+0800: 47.362: [CMS-concurrent-abortable-preclean-start]
2021-01-22T01:09:49.856+0800: 47.425: [GC (Allocation Failure) 2021-01-22T01:09:49.857+0800: 47.426: [ParNew: 613438K->68095K(613440K), 0.0264113 secs] 1549127K->1126010K(2029056K), 0.0273375 secs] [Times: user=0.20 sys=0.00, real=0.03 secs] 
2021-01-22T01:09:49.955+0800: 47.524: [GC (Allocation Failure) 2021-01-22T01:09:49.955+0800: 47.524: [ParNew: 613439K->68094K(613440K), 0.0281266 secs] 1671354K->1259837K(2029056K), 0.0289873 secs] [Times: user=0.21 sys=0.00, real=0.03 secs] 
2021-01-22T01:09:50.057+0800: 47.626: [GC (Allocation Failure) 2021-01-22T01:09:50.058+0800: 47.627: [ParNew: 613438K->68095K(613440K), 0.0276816 secs] 1805181K->1385486K(2029056K), 0.0284463 secs] [Times: user=0.21 sys=0.00, real=0.03 secs] 
2021-01-22T01:09:50.154+0800: 47.724: [GC (Allocation Failure) 2021-01-22T01:09:50.155+0800: 47.724: [ParNew: 613439K->613439K(613440K), 0.0004774 secs]2021-01-22T01:09:50.156+0800: 47.725: [CMS2021-01-22T01:09:50.156+0800: 47.725: [CMS-concurrent-abortable-preclean: 0.016/0.363 secs] [Times: user=0.92 sys=0.00, real=0.36 secs] 
 (concurrent mode failure): 1317390K->383274K(1415616K), 0.0671531 secs] 1930830K->383274K(2029056K), [Metaspace: 2816K->2816K(1056768K)], 0.0688056 secs] [Times: user=0.07 sys=0.00, real=0.07 secs] 
2021-01-22T01:09:50.294+0800: 47.863: [GC (Allocation Failure) 2021-01-22T01:09:50.294+0800: 47.863: [ParNew: 545344K->68095K(613440K), 0.0208424 secs] 928618K->535152K(2029056K), 0.0216781 secs] [Times: user=0.16 sys=0.00, real=0.02 secs] 
2021-01-22T01:09:50.383+0800: 47.952: [GC (Allocation Failure) 2021-01-22T01:09:50.383+0800: 47.952: [ParNew: 613371K->68095K(613440K), 0.0246946 secs] 1080428K->658059K(2029056K), 0.0255853 secs] [Times: user=0.18 sys=0.00, real=0.03 secs] 
2021-01-22T01:09:50.480+0800: 48.049: [GC (Allocation Failure) 2021-01-22T01:09:50.480+0800: 48.049: [ParNew: 613439K->68095K(613440K), 0.0270564 secs] 1203403K->771765K(2029056K), 0.0279318 secs] [Times: user=0.21 sys=0.00, real=0.03 secs] 
2021-01-22T01:09:50.576+0800: 48.145: [GC (Allocation Failure) 2021-01-22T01:09:50.576+0800: 48.145: [ParNew: 613439K->68094K(613440K), 0.0246599 secs] 1317109K->894148K(2029056K), 0.0255852 secs] [Times: user=0.19 sys=0.00, real=0.03 secs] 
2021-01-22T01:09:50.602+0800: 48.171: [GC (CMS Initial Mark) [1 CMS-initial-mark: 826054K(1415616K)] 905173K(2029056K), 0.0017695 secs] [Times: user=0.00 sys=0.00, real=0.00 secs] 
2021-01-22T01:09:50.605+0800: 48.174: [CMS-concurrent-mark-start]
2021-01-22T01:09:50.608+0800: 48.177: [CMS-concurrent-mark: 0.003/0.003 secs] [Times: user=0.01 sys=0.00, real=0.00 secs] 
2021-01-22T01:09:50.618+0800: 48.187: [CMS-concurrent-preclean-start]
2021-01-22T01:09:50.620+0800: 48.189: [CMS-concurrent-preclean: 0.002/0.002 secs] [Times: user=0.00 sys=0.00, real=0.00 secs] 
2021-01-22T01:09:50.621+0800: 48.190: [CMS-concurrent-abortable-preclean-start]
2021-01-22T01:09:50.670+0800: 48.239: [GC (Allocation Failure) 2021-01-22T01:09:50.670+0800: 48.239: [ParNew: 613438K->68095K(613440K), 0.0242714 secs] 1439492K->1016600K(2029056K), 0.0253495 secs] [Times: user=0.19 sys=0.00, real=0.02 secs] 
2021-01-22T01:09:50.767+0800: 48.336: [GC (Allocation Failure) 2021-01-22T01:09:50.767+0800: 48.336: [ParNew: 613439K->68095K(613440K), 0.0307458 secs] 1561944K->1135037K(2029056K), 0.0316340 secs] [Times: user=0.22 sys=0.02, real=0.04 secs] 
2021-01-22T01:09:50.871+0800: 48.440: [GC (Allocation Failure) 2021-01-22T01:09:50.872+0800: 48.441: [ParNew: 613439K->68094K(613440K), 0.0250086 secs] 1680381K->1253449K(2029056K), 0.0263257 secs] [Times: user=0.19 sys=0.00, real=0.02 secs] 
2021-01-22T01:09:50.963+0800: 48.532: [GC (Allocation Failure) 2021-01-22T01:09:50.963+0800: 48.533: [ParNew: 613438K->68094K(613440K), 0.0322144 secs] 1798793K->1383471K(2029056K), 0.0332886 secs] [Times: user=0.25 sys=0.00, real=0.03 secs] 
2021-01-22T01:09:51.066+0800: 48.635: [GC (Allocation Failure) 2021-01-22T01:09:51.067+0800: 48.636: [ParNew: 613438K->613438K(613440K), 0.0003270 secs]2021-01-22T01:09:51.067+0800: 48.636: [CMS2021-01-22T01:09:51.068+0800: 48.637: [CMS-concurrent-abortable-preclean: 0.018/0.447 secs] [Times: user=1.19 sys=0.02, real=0.44 secs] 
 (concurrent mode failure): 1315376K->371857K(1415616K), 0.0618950 secs] 1928815K->371857K(2029056K), [Metaspace: 2816K->2816K(1056768K)], 0.0634978 secs] [Times: user=0.06 sys=0.00, real=0.07 secs] 
2021-01-22T01:09:51.205+0800: 48.774: [GC (Allocation Failure) 2021-01-22T01:09:51.205+0800: 48.774: [ParNew: 544987K->68095K(613440K), 0.0333496 secs] 916844K->523648K(2029056K), 0.0340376 secs] [Times: user=0.25 sys=0.01, real=0.04 secs] 
2021-01-22T01:09:51.305+0800: 48.874: [GC (Allocation Failure) 2021-01-22T01:09:51.306+0800: 48.875: [ParNew: 613439K->68095K(613440K), 0.0238707 secs] 1068992K->639777K(2029056K), 0.0247502 secs] [Times: user=0.18 sys=0.00, real=0.03 secs] 
2021-01-22T01:09:51.397+0800: 48.966: [GC (Allocation Failure) 2021-01-22T01:09:51.398+0800: 48.967: [ParNew: 613439K->68095K(613440K), 0.0321492 secs] 1185121K->766926K(2029056K), 0.0329494 secs] [Times: user=0.22 sys=0.01, real=0.04 secs] 
2021-01-22T01:09:51.501+0800: 49.070: [GC (Allocation Failure) 2021-01-22T01:09:51.502+0800: 49.071: [ParNew: 613439K->68095K(613440K), 0.0248454 secs] 1312270K->896878K(2029056K), 0.0258209 secs] [Times: user=0.20 sys=0.00, real=0.02 secs] 
2021-01-22T01:09:51.528+0800: 49.097: [GC (CMS Initial Mark) [1 CMS-initial-mark: 828783K(1415616K)] 908453K(2029056K), 0.0013857 secs] [Times: user=0.00 sys=0.00, real=0.00 secs] 
2021-01-22T01:09:51.530+0800: 49.099: [CMS-concurrent-mark-start]
2021-01-22T01:09:51.533+0800: 49.102: [CMS-concurrent-mark: 0.003/0.003 secs] [Times: user=0.01 sys=0.00, real=0.00 secs] 
2021-01-22T01:09:51.548+0800: 49.117: [CMS-concurrent-preclean-start]
2021-01-22T01:09:51.550+0800: 49.119: [CMS-concurrent-preclean: 0.001/0.001 secs] [Times: user=0.00 sys=0.00, real=0.00 secs] 
2021-01-22T01:09:51.550+0800: 49.119: [CMS-concurrent-abortable-preclean-start]
2021-01-22T01:09:51.598+0800: 49.167: [GC (Allocation Failure) 2021-01-22T01:09:51.598+0800: 49.167: [ParNew: 613439K->68094K(613440K), 0.0246127 secs] 1442222K->1007911K(2029056K), 0.0254123 secs] [Times: user=0.18 sys=0.00, real=0.03 secs] 
2021-01-22T01:09:51.690+0800: 49.259: [GC (Allocation Failure) 2021-01-22T01:09:51.691+0800: 49.260: [ParNew: 613438K->68094K(613440K), 0.0291625 secs] 1553255K->1123437K(2029056K), 0.0301107 secs] [Times: user=0.23 sys=0.00, real=0.03 secs] 
2021-01-22T01:09:51.789+0800: 49.358: [GC (Allocation Failure) 2021-01-22T01:09:51.790+0800: 49.359: [ParNew: 613438K->68095K(613440K), 0.0235065 secs] 1668781K->1242628K(2029056K), 0.0244115 secs] [Times: user=0.19 sys=0.00, real=0.02 secs] 
2021-01-22T01:09:51.878+0800: 49.447: [GC (Allocation Failure) 2021-01-22T01:09:51.878+0800: 49.447: [ParNew: 613439K->68095K(613440K), 0.0251765 secs] 1787972K->1361682K(2029056K), 0.0261385 secs] [Times: user=0.19 sys=0.00, real=0.03 secs] 
2021-01-22T01:09:51.970+0800: 49.539: [GC (Allocation Failure) 2021-01-22T01:09:51.971+0800: 49.540: [ParNew: 613439K->613439K(613440K), 0.0003010 secs]2021-01-22T01:09:51.971+0800: 49.540: [CMS2021-01-22T01:09:51.972+0800: 49.541: [CMS-concurrent-abortable-preclean: 0.017/0.422 secs] [Times: user=1.13 sys=0.00, real=0.42 secs] 
 (concurrent mode failure): 1293587K->364666K(1415616K), 0.0533639 secs] 1907026K->364666K(2029056K), [Metaspace: 2816K->2816K(1056768K)], 0.0548700 secs] [Times: user=0.06 sys=0.00, real=0.05 secs] 
2021-01-22T01:09:52.093+0800: 49.662: [GC (Allocation Failure) 2021-01-22T01:09:52.093+0800: 49.662: [ParNew: 545344K->68095K(613440K), 0.0197202 secs] 910010K->515752K(2029056K), 0.0205846 secs] [Times: user=0.14 sys=0.00, real=0.02 secs] 
2021-01-22T01:09:52.180+0800: 49.749: [GC (Allocation Failure) 2021-01-22T01:09:52.181+0800: 49.750: [ParNew: 613439K->68095K(613440K), 0.0244236 secs] 1061096K->638007K(2029056K), 0.0254123 secs] [Times: user=0.19 sys=0.00, real=0.02 secs] 
2021-01-22T01:09:52.273+0800: 49.842: [GC (Allocation Failure) 2021-01-22T01:09:52.274+0800: 49.843: [ParNew: 613439K->68094K(613440K), 0.0261894 secs] 1183351K->763732K(2029056K), 0.0269839 secs] [Times: user=0.20 sys=0.00, real=0.03 secs] 
2021-01-22T01:09:52.370+0800: 49.939: [GC (Allocation Failure) 2021-01-22T01:09:52.370+0800: 49.939: [ParNew: 613438K->68095K(613440K), 0.0249824 secs] 1309076K->888981K(2029056K), 0.0258492 secs] [Times: user=0.19 sys=0.00, real=0.02 secs] 
2021-01-22T01:09:52.397+0800: 49.966: [GC (CMS Initial Mark) [1 CMS-initial-mark: 820885K(1415616K)] 899933K(2029056K), 0.0013211 secs] [Times: user=0.00 sys=0.00, real=0.01 secs] 
2021-01-22T01:09:52.399+0800: 49.968: [CMS-concurrent-mark-start]
2021-01-22T01:09:52.402+0800: 49.971: [CMS-concurrent-mark: 0.004/0.004 secs] [Times: user=0.01 sys=0.00, real=0.00 secs] 
2021-01-22T01:09:52.403+0800: 49.972: [CMS-concurrent-preclean-start]
2021-01-22T01:09:52.404+0800: 49.973: [CMS-concurrent-preclean: 0.001/0.001 secs] [Times: user=0.01 sys=0.00, real=0.00 secs] 
2021-01-22T01:09:52.404+0800: 49.973: [CMS-concurrent-abortable-preclean-start]
2021-01-22T01:09:52.467+0800: 50.036: [GC (Allocation Failure) 2021-01-22T01:09:52.467+0800: 50.036: [ParNew: 613439K->68094K(613440K), 0.0260749 secs] 1434325K->1017036K(2029056K), 0.0268722 secs] [Times: user=0.20 sys=0.00, real=0.03 secs] 
2021-01-22T01:09:52.563+0800: 50.132: [GC (Allocation Failure) 2021-01-22T01:09:52.564+0800: 50.133: [ParNew: 613438K->68095K(613440K), 0.0251685 secs] 1562380K->1132022K(2029056K), 0.0260216 secs] [Times: user=0.19 sys=0.00, real=0.03 secs] 
2021-01-22T01:09:52.654+0800: 50.223: [GC (Allocation Failure) 2021-01-22T01:09:52.654+0800: 50.223: [ParNew: 613439K->68094K(613440K), 0.0254343 secs] 1677366K->1260694K(2029056K), 0.0262772 secs] [Times: user=0.19 sys=0.00, real=0.03 secs] 
2021-01-22T01:09:52.746+0800: 50.315: [GC (Allocation Failure) 2021-01-22T01:09:52.746+0800: 50.315: [ParNew: 613438K->68094K(613440K), 0.0274216 secs] 1806038K->1390677K(2029056K), 0.0282904 secs] [Times: user=0.21 sys=0.00, real=0.03 secs] 
2021-01-22T01:09:52.842+0800: 50.411: [GC (Allocation Failure) 2021-01-22T01:09:52.842+0800: 50.411: [ParNew: 613438K->613438K(613440K), 0.0003961 secs]2021-01-22T01:09:52.843+0800: 50.412: [CMS2021-01-22T01:09:52.843+0800: 50.412: [CMS-concurrent-abortable-preclean: 0.019/0.439 secs] [Times: user=1.14 sys=0.00, real=0.44 secs] 
 (concurrent mode failure): 1322582K->381055K(1415616K), 0.0584746 secs] 1936021K->381055K(2029056K), [Metaspace: 2816K->2816K(1056768K)], 0.0603945 secs] [Times: user=0.06 sys=0.00, real=0.06 secs] 
2021-01-22T01:09:52.970+0800: 50.539: [GC (Allocation Failure) 2021-01-22T01:09:52.970+0800: 50.539: [ParNew: 545344K->68094K(613440K), 0.0198538 secs] 926399K->532191K(2029056K), 0.0207176 secs] [Times: user=0.14 sys=0.01, real=0.02 secs] 
2021-01-22T01:09:53.053+0800: 50.622: [GC (Allocation Failure) 2021-01-22T01:09:53.053+0800: 50.622: [ParNew: 613438K->68095K(613440K), 0.0258963 secs] 1077535K->665407K(2029056K), 0.0268293 secs] [Times: user=0.19 sys=0.00, real=0.03 secs] 
2021-01-22T01:09:53.150+0800: 50.719: [GC (Allocation Failure) 2021-01-22T01:09:53.150+0800: 50.720: [ParNew: 613439K->68094K(613440K), 0.0241068 secs] 1210751K->786331K(2029056K), 0.0249267 secs] [Times: user=0.18 sys=0.00, real=0.02 secs] 
2021-01-22T01:09:53.245+0800: 50.814: [GC (Allocation Failure) 2021-01-22T01:09:53.246+0800: 50.815: [ParNew: 613438K->68095K(613440K), 0.0268987 secs] 1331675K->908706K(2029056K), 0.0280333 secs] [Times: user=0.21 sys=0.00, real=0.03 secs] 
2021-01-22T01:09:53.274+0800: 50.843: [GC (CMS Initial Mark) [1 CMS-initial-mark: 840610K(1415616K)] 920154K(2029056K), 0.0015786 secs] [Times: user=0.00 sys=0.00, real=0.00 secs] 
2021-01-22T01:09:53.277+0800: 50.846: [CMS-concurrent-mark-start]
2021-01-22T01:09:53.280+0800: 50.849: [CMS-concurrent-mark: 0.003/0.003 secs] [Times: user=0.01 sys=0.00, real=0.01 secs] 
2021-01-22T01:09:53.298+0800: 50.867: [CMS-concurrent-preclean-start]
2021-01-22T01:09:53.300+0800: 50.869: [CMS-concurrent-preclean: 0.002/0.002 secs] [Times: user=0.00 sys=0.00, real=0.00 secs] 
2021-01-22T01:09:53.300+0800: 50.869: [CMS-concurrent-abortable-preclean-start]
2021-01-22T01:09:53.341+0800: 50.910: [GC (Allocation Failure) 2021-01-22T01:09:53.342+0800: 50.911: [ParNew: 613439K->68095K(613440K), 0.0243770 secs] 1454050K->1028910K(2029056K), 0.0251556 secs] [Times: user=0.19 sys=0.00, real=0.02 secs] 
2021-01-22T01:09:53.440+0800: 51.009: [GC (Allocation Failure) 2021-01-22T01:09:53.440+0800: 51.009: [ParNew: 613439K->68094K(613440K), 0.0285901 secs] 1574254K->1156174K(2029056K), 0.0292412 secs] [Times: user=0.22 sys=0.00, real=0.03 secs] 
2021-01-22T01:09:53.537+0800: 51.107: [GC (Allocation Failure) 2021-01-22T01:09:53.538+0800: 51.107: [ParNew: 613438K->68095K(613440K), 0.0240290 secs] 1701518K->1273814K(2029056K), 0.0249271 secs] [Times: user=0.19 sys=0.00, real=0.03 secs] 
2021-01-22T01:09:53.630+0800: 51.199: [GC (Allocation Failure) 2021-01-22T01:09:53.631+0800: 51.200: [ParNew: 613439K->68095K(613440K), 0.0262218 secs] 1819158K->1394350K(2029056K), 0.0271613 secs] [Times: user=0.20 sys=0.00, real=0.02 secs] 
2021-01-22T01:09:53.660+0800: 51.229: [CMS-concurrent-abortable-preclean: 0.017/0.360 secs] [Times: user=1.06 sys=0.00, real=0.36 secs] 
2021-01-22T01:09:53.679+0800: 51.248: [GC (CMS Final Remark) [YG occupancy: 234626 K (613440 K)]2021-01-22T01:09:53.679+0800: 51.248: [Rescan (parallel) , 0.0015184 secs]2021-01-22T01:09:53.681+0800: 51.250: [weak refs processing, 0.0003116 secs]2021-01-22T01:09:53.682+0800: 51.251: [class unloading, 0.0005088 secs]2021-01-22T01:09:53.682+0800: 51.251: [scrub symbol table, 0.0005542 secs]2021-01-22T01:09:53.683+0800: 51.252: [scrub string table, 0.0004741 secs][1 CMS-remark: 1326255K(1415616K)] 1560882K(2029056K), 0.0053344 secs] [Times: user=0.01 sys=0.00, real=0.00 secs] 
2021-01-22T01:09:53.685+0800: 51.254: [CMS-concurrent-sweep-start]
2021-01-22T01:09:53.687+0800: 51.256: [CMS-concurrent-sweep: 0.002/0.002 secs] [Times: user=0.00 sys=0.00, real=0.00 secs] 
2021-01-22T01:09:53.687+0800: 51.256: [CMS-concurrent-reset-start]
2021-01-22T01:09:53.689+0800: 51.258: [CMS-concurrent-reset: 0.001/0.001 secs] [Times: user=0.00 sys=0.00, real=0.01 secs] 
2021-01-22T01:09:53.734+0800: 51.303: [GC (Allocation Failure) 2021-01-22T01:09:53.734+0800: 51.304: [ParNew: 613439K->68094K(613440K), 0.0280815 secs] 1414065K->996653K(2029056K), 0.0290642 secs] [Times: user=0.20 sys=0.01, real=0.03 secs] 
2021-01-22T01:09:53.764+0800: 51.333: [GC (CMS Initial Mark) [1 CMS-initial-mark: 928559K(1415616K)] 1008230K(2029056K), 0.0014560 secs] [Times: user=0.00 sys=0.00, real=0.00 secs] 
2021-01-22T01:09:53.766+0800: 51.335: [CMS-concurrent-mark-start]
2021-01-22T01:09:53.770+0800: 51.339: [CMS-concurrent-mark: 0.004/0.004 secs] [Times: user=0.01 sys=0.00, real=0.01 secs] 
2021-01-22T01:09:53.771+0800: 51.340: [CMS-concurrent-preclean-start]
2021-01-22T01:09:53.772+0800: 51.341: [CMS-concurrent-preclean: 0.002/0.002 secs] [Times: user=0.00 sys=0.00, real=0.00 secs] 
2021-01-22T01:09:53.773+0800: 51.342: [CMS-concurrent-abortable-preclean-start]
2021-01-22T01:09:53.834+0800: 51.403: [GC (Allocation Failure) 2021-01-22T01:09:53.835+0800: 51.404: [ParNew: 613438K->68095K(613440K), 0.0269729 secs] 1541997K->1123279K(2029056K), 0.0277949 secs] [Times: user=0.20 sys=0.01, real=0.03 secs] 
2021-01-22T01:09:53.924+0800: 51.493: [GC (Allocation Failure) 2021-01-22T01:09:53.924+0800: 51.493: [ParNew: 613439K->68095K(613440K), 0.0281829 secs] 1668623K->1249363K(2029056K), 0.0287584 secs] [Times: user=0.21 sys=0.01, real=0.03 secs] 
2021-01-22T01:09:54.020+0800: 51.589: [GC (Allocation Failure) 2021-01-22T01:09:54.020+0800: 51.590: [ParNew: 613439K->68094K(613440K), 0.0293615 secs] 1794707K->1380832K(2029056K), 0.0306100 secs] [Times: user=0.22 sys=0.00, real=0.03 secs] 
2021-01-22T01:09:54.118+0800: 51.687: [GC (Allocation Failure) 2021-01-22T01:09:54.118+0800: 51.687: [ParNew: 613438K->613438K(613440K), 0.0003097 secs]2021-01-22T01:09:54.119+0800: 51.688: [CMS2021-01-22T01:09:54.119+0800: 51.688: [CMS-concurrent-abortable-preclean: 0.016/0.346 secs] [Times: user=0.90 sys=0.02, real=0.35 secs] 
 (concurrent mode failure): 1312737K->384458K(1415616K), 0.0568271 secs] 1926176K->384458K(2029056K), [Metaspace: 2816K->2816K(1056768K)], 0.0583174 secs] [Times: user=0.06 sys=0.00, real=0.06 secs] 
2021-01-22T01:09:54.242+0800: 51.811: [GC (Allocation Failure) 2021-01-22T01:09:54.242+0800: 51.811: [ParNew: 545344K->68095K(613440K), 0.0201688 secs] 929802K->532854K(2029056K), 0.0209842 secs] [Times: user=0.15 sys=0.00, real=0.02 secs] 
2021-01-22T01:09:54.332+0800: 51.901: [GC (Allocation Failure) 2021-01-22T01:09:54.332+0800: 51.901: [ParNew: 613439K->68094K(613440K), 0.0247535 secs] 1078198K->657381K(2029056K), 0.0256209 secs] [Times: user=0.19 sys=0.00, real=0.02 secs] 
2021-01-22T01:09:54.424+0800: 51.993: [GC (Allocation Failure) 2021-01-22T01:09:54.425+0800: 51.994: [ParNew: 613438K->68095K(613440K), 0.0237947 secs] 1202725K->771081K(2029056K), 0.0246798 secs] [Times: user=0.18 sys=0.00, real=0.03 secs] 
2021-01-22T01:09:54.520+0800: 52.089: [GC (Allocation Failure) 2021-01-22T01:09:54.520+0800: 52.089: [ParNew: 613439K->68095K(613440K), 0.0255386 secs] 1316425K->894385K(2029056K), 0.0265861 secs] [Times: user=0.19 sys=0.00, real=0.02 secs] 
2021-01-22T01:09:54.548+0800: 52.117: [GC (CMS Initial Mark) [1 CMS-initial-mark: 826289K(1415616K)] 906287K(2029056K), 0.0014689 secs] [Times: user=0.00 sys=0.00, real=0.01 secs] 
2021-01-22T01:09:54.550+0800: 52.119: [CMS-concurrent-mark-start]
2021-01-22T01:09:54.553+0800: 52.122: [CMS-concurrent-mark: 0.003/0.003 secs] [Times: user=0.00 sys=0.01, real=0.00 secs] 
2021-01-22T01:09:54.568+0800: 52.137: [CMS-concurrent-preclean-start]
2021-01-22T01:09:54.570+0800: 52.139: [CMS-concurrent-preclean: 0.002/0.002 secs] [Times: user=0.00 sys=0.00, real=0.00 secs] 
2021-01-22T01:09:54.570+0800: 52.139: [CMS-concurrent-abortable-preclean-start]
2021-01-22T01:09:54.621+0800: 52.190: [GC (Allocation Failure) 2021-01-22T01:09:54.621+0800: 52.190: [ParNew: 613439K->68095K(613440K), 0.0252198 secs] 1439729K->1022713K(2029056K), 0.0261676 secs] [Times: user=0.20 sys=0.00, real=0.02 secs] 
2021-01-22T01:09:54.712+0800: 52.281: [GC (Allocation Failure) 2021-01-22T01:09:54.712+0800: 52.281: [ParNew: 613439K->68095K(613440K), 0.0237003 secs] 1568057K->1140750K(2029056K), 0.0244685 secs] [Times: user=0.18 sys=0.01, real=0.02 secs] 
2021-01-22T01:09:54.798+0800: 52.367: [GC (Allocation Failure) 2021-01-22T01:09:54.798+0800: 52.367: [ParNew: 613439K->68095K(613440K), 0.0240174 secs] 1686094K->1256623K(2029056K), 0.0247138 secs] [Times: user=0.18 sys=0.00, real=0.03 secs] 
2021-01-22T01:09:54.885+0800: 52.454: [GC (Allocation Failure) 2021-01-22T01:09:54.885+0800: 52.454: [ParNew: 613439K->68094K(613440K), 0.0249075 secs] 1801967K->1386879K(2029056K), 0.0257869 secs] [Times: user=0.20 sys=0.00, real=0.03 secs] 
2021-01-22T01:09:54.975+0800: 52.544: [GC (Allocation Failure) 2021-01-22T01:09:54.976+0800: 52.545: [ParNew: 613438K->613438K(613440K), 0.0003046 secs]2021-01-22T01:09:54.976+0800: 52.545: [CMS2021-01-22T01:09:54.976+0800: 52.545: [CMS-concurrent-abortable-preclean: 0.016/0.406 secs] [Times: user=1.06 sys=0.01, real=0.40 secs] 
 (concurrent mode failure): 1318784K->376179K(1415616K), 0.0519119 secs] 1932223K->376179K(2029056K), [Metaspace: 2816K->2816K(1056768K)], 0.0533387 secs] [Times: user=0.06 sys=0.00, real=0.06 secs] 
2021-01-22T01:09:55.093+0800: 52.662: [GC (Allocation Failure) 2021-01-22T01:09:55.094+0800: 52.663: [ParNew: 545344K->68095K(613440K), 0.0201437 secs] 921523K->527736K(2029056K), 0.0211022 secs] [Times: user=0.15 sys=0.00, real=0.02 secs] 
2021-01-22T01:09:55.188+0800: 52.757: [GC (Allocation Failure) 2021-01-22T01:09:55.188+0800: 52.757: [ParNew: 613439K->68095K(613440K), 0.0291817 secs] 1073080K->652994K(2029056K), 0.0300183 secs] [Times: user=0.22 sys=0.00, real=0.03 secs] 
2021-01-22T01:09:55.287+0800: 52.856: [GC (Allocation Failure) 2021-01-22T01:09:55.288+0800: 52.857: [ParNew: 613439K->68095K(613440K), 0.0250750 secs] 1198338K->778505K(2029056K), 0.0258604 secs] [Times: user=0.19 sys=0.00, real=0.03 secs] 
2021-01-22T01:09:55.314+0800: 52.883: [GC (CMS Initial Mark) [1 CMS-initial-mark: 710409K(1415616K)] 789838K(2029056K), 0.0012805 secs] [Times: user=0.00 sys=0.00, real=0.00 secs] 
2021-01-22T01:09:55.316+0800: 52.885: [CMS-concurrent-mark-start]
2021-01-22T01:09:55.319+0800: 52.888: [CMS-concurrent-mark: 0.003/0.003 secs] [Times: user=0.01 sys=0.00, real=0.01 secs] 
2021-01-22T01:09:55.320+0800: 52.889: [CMS-concurrent-preclean-start]
2021-01-22T01:09:55.321+0800: 52.890: [CMS-concurrent-preclean: 0.002/0.002 secs] [Times: user=0.00 sys=0.00, real=0.00 secs] 
2021-01-22T01:09:55.322+0800: 52.891: [CMS-concurrent-abortable-preclean-start]
2021-01-22T01:09:55.380+0800: 52.949: [GC (Allocation Failure) 2021-01-22T01:09:55.380+0800: 52.949: [ParNew: 613439K->68095K(613440K), 0.0254562 secs] 1323849K->908900K(2029056K), 0.0262518 secs] [Times: user=0.18 sys=0.01, real=0.02 secs] 
2021-01-22T01:09:55.479+0800: 53.048: [GC (Allocation Failure) 2021-01-22T01:09:55.479+0800: 53.048: [ParNew2021-01-22T01:09:55.511+0800: 53.080: [CMS-concurrent-abortable-preclean: 0.005/0.189 secs] [Times: user=0.57 sys=0.01, real=0.19 secs] 
: 613439K->68094K(613440K), 0.0348363 secs] 1454244K->1030787K(2029056K), 0.0359013 secs] [Times: user=0.26 sys=0.00, real=0.03 secs] 
2021-01-22T01:09:55.516+0800: 53.085: [GC (CMS Final Remark) [YG occupancy: 79916 K (613440 K)]2021-01-22T01:09:55.517+0800: 53.086: [Rescan (parallel) , 0.0012743 secs]2021-01-22T01:09:55.518+0800: 53.087: [weak refs processing, 0.0002443 secs]2021-01-22T01:09:55.519+0800: 53.088: [class unloading, 0.0004958 secs]2021-01-22T01:09:55.520+0800: 53.089: [scrub symbol table, 0.0005733 secs]2021-01-22T01:09:55.520+0800: 53.089: [scrub string table, 0.0005130 secs][1 CMS-remark: 962693K(1415616K)] 1042610K(2029056K), 0.0051645 secs] [Times: user=0.01 sys=0.00, real=0.01 secs] 
2021-01-22T01:09:55.522+0800: 53.091: [CMS-concurrent-sweep-start]
2021-01-22T01:09:55.523+0800: 53.092: [CMS-concurrent-sweep: 0.001/0.001 secs] [Times: user=0.00 sys=0.00, real=0.00 secs] 
2021-01-22T01:09:55.524+0800: 53.093: [CMS-concurrent-reset-start]
2021-01-22T01:09:55.525+0800: 53.094: [CMS-concurrent-reset: 0.001/0.001 secs] [Times: user=0.00 sys=0.00, real=0.00 secs] 
2021-01-22T01:09:55.592+0800: 53.161: [GC (Allocation Failure) 2021-01-22T01:09:55.593+0800: 53.162: [ParNew: 613438K->68095K(613440K), 0.0268020 secs] 1186636K->763112K(2029056K), 0.0276410 secs] [Times: user=0.21 sys=0.00, real=0.03 secs] 
2021-01-22T01:09:55.690+0800: 53.259: [GC (Allocation Failure) 2021-01-22T01:09:55.690+0800: 53.260: [ParNew: 613439K->68095K(613440K), 0.0328084 secs] 1308456K->888513K(2029056K), 0.0335916 secs] [Times: user=0.25 sys=0.00, real=0.03 secs] 
2021-01-22T01:09:55.725+0800: 53.294: [GC (CMS Initial Mark) [1 CMS-initial-mark: 820417K(1415616K)] 900044K(2029056K), 0.0013072 secs] [Times: user=0.00 sys=0.00, real=0.00 secs] 
2021-01-22T01:09:55.727+0800: 53.296: [CMS-concurrent-mark-start]
2021-01-22T01:09:55.729+0800: 53.298: [CMS-concurrent-mark: 0.003/0.003 secs] [Times: user=0.01 sys=0.00, real=0.01 secs] 
2021-01-22T01:09:55.730+0800: 53.299: [CMS-concurrent-preclean-start]
2021-01-22T01:09:55.731+0800: 53.300: [CMS-concurrent-preclean: 0.001/0.001 secs] [Times: user=0.00 sys=0.00, real=0.00 secs] 
2021-01-22T01:09:55.732+0800: 53.301: [CMS-concurrent-abortable-preclean-start]
2021-01-22T01:09:55.793+0800: 53.362: [GC (Allocation Failure) 2021-01-22T01:09:55.793+0800: 53.362: [ParNew: 613439K->68095K(613440K), 0.0345417 secs] 1433857K->1015581K(2029056K), 0.0352602 secs] [Times: user=0.27 sys=0.00, real=0.03 secs] 
2021-01-22T01:09:55.897+0800: 53.466: [GC (Allocation Failure) 2021-01-22T01:09:55.897+0800: 53.466: [ParNew: 613439K->68095K(613440K), 0.0249457 secs] 1560925K->1137811K(2029056K), 0.0256026 secs] [Times: user=0.18 sys=0.01, real=0.03 secs] 
2021-01-22T01:09:55.984+0800: 53.553: [GC (Allocation Failure) 2021-01-22T01:09:55.984+0800: 53.553: [ParNew: 613439K->68095K(613440K), 0.0244063 secs] 1683155K->1261450K(2029056K), 0.0250376 secs] [Times: user=0.19 sys=0.00, real=0.03 secs] 
2021-01-22T01:09:56.075+0800: 53.644: [GC (Allocation Failure) 2021-01-22T01:09:56.075+0800: 53.644: [ParNew: 613439K->68095K(613440K), 0.0259373 secs] 1806794K->1387502K(2029056K), 0.0268154 secs] [Times: user=0.19 sys=0.00, real=0.03 secs] 
2021-01-22T01:09:56.167+0800: 53.736: [GC (Allocation Failure) 2021-01-22T01:09:56.168+0800: 53.737: [ParNew: 613439K->613439K(613440K), 0.0002820 secs]2021-01-22T01:09:56.168+0800: 53.737: [CMS2021-01-22T01:09:56.169+0800: 53.738: [CMS-concurrent-abortable-preclean: 0.017/0.437 secs] [Times: user=1.18 sys=0.01, real=0.44 secs] 
 (concurrent mode failure): 1319407K->379355K(1415616K), 0.0661134 secs] 1932846K->379355K(2029056K), [Metaspace: 2816K->2816K(1056768K)], 0.0673309 secs] [Times: user=0.06 sys=0.00, real=0.07 secs] 
2021-01-22T01:09:56.300+0800: 53.869: [GC (Allocation Failure) 2021-01-22T01:09:56.301+0800: 53.870: [ParNew: 545344K->68094K(613440K), 0.0211372 secs] 924699K->538077K(2029056K), 0.0219555 secs] [Times: user=0.16 sys=0.00, real=0.02 secs] 
2021-01-22T01:09:56.391+0800: 53.960: [GC (Allocation Failure) 2021-01-22T01:09:56.391+0800: 53.961: [ParNew: 613438K->68094K(613440K), 0.0237436 secs] 1083421K->659204K(2029056K), 0.0245660 secs] [Times: user=0.19 sys=0.00, real=0.02 secs] 
2021-01-22T01:09:56.479+0800: 54.048: [GC (Allocation Failure) 2021-01-22T01:09:56.479+0800: 54.048: [ParNew: 613438K->68096K(613440K), 0.0255619 secs] 1204548K->781991K(2029056K), 0.0265059 secs] [Times: user=0.19 sys=0.00, real=0.02 secs] 
2021-01-22T01:09:56.581+0800: 54.150: [GC (Allocation Failure) 2021-01-22T01:09:56.582+0800: 54.151: [ParNew: 613440K->68094K(613440K), 0.0247957 secs] 1327335K->900456K(2029056K), 0.0256868 secs] [Times: user=0.18 sys=0.01, real=0.02 secs] 
2021-01-22T01:09:56.608+0800: 54.177: [GC (CMS Initial Mark) [1 CMS-initial-mark: 832361K(1415616K)] 912173K(2029056K), 0.0008627 secs] [Times: user=0.00 sys=0.00, real=0.01 secs] 
2021-01-22T01:09:56.609+0800: 54.178: [CMS-concurrent-mark-start]
2021-01-22T01:09:56.612+0800: 54.181: [CMS-concurrent-mark: 0.003/0.003 secs] [Times: user=0.00 sys=0.01, real=0.00 secs] 
2021-01-22T01:09:56.612+0800: 54.181: [CMS-concurrent-preclean-start]
2021-01-22T01:09:56.614+0800: 54.183: [CMS-concurrent-preclean: 0.002/0.002 secs] [Times: user=0.00 sys=0.00, real=0.00 secs] 
2021-01-22T01:09:56.614+0800: 54.184: [CMS-concurrent-abortable-preclean-start]
2021-01-22T01:09:56.673+0800: 54.242: [GC (Allocation Failure) 2021-01-22T01:09:56.673+0800: 54.242: [ParNew: 613438K->68095K(613440K), 0.0237649 secs] 1445800K->1019313K(2029056K), 0.0246921 secs] [Times: user=0.18 sys=0.00, real=0.02 secs] 
2021-01-22T01:09:56.769+0800: 54.338: [GC (Allocation Failure) 2021-01-22T01:09:56.769+0800: 54.338: [ParNew: 613439K->68095K(613440K), 0.0259870 secs] 1564657K->1144479K(2029056K), 0.0268066 secs] [Times: user=0.21 sys=0.00, real=0.02 secs] 
2021-01-22T01:09:56.864+0800: 54.433: [GC (Allocation Failure) 2021-01-22T01:09:56.864+0800: 54.433: [ParNew: 613439K->68095K(613440K), 0.0243401 secs] 1689823K->1267724K(2029056K), 0.0251661 secs] [Times: user=0.17 sys=0.01, real=0.03 secs] 
2021-01-22T01:09:56.956+0800: 54.526: [GC (Allocation Failure) 2021-01-22T01:09:56.957+0800: 54.526: [ParNew: 613439K->68095K(613440K), 0.0245860 secs] 1813068K->1393454K(2029056K), 0.0254281 secs] [Times: user=0.20 sys=0.00, real=0.03 secs] 
2021-01-22T01:09:56.986+0800: 54.555: [CMS-concurrent-abortable-preclean: 0.017/0.372 secs] [Times: user=1.04 sys=0.01, real=0.37 secs] 
2021-01-22T01:09:56.987+0800: 54.556: [GC (CMS Final Remark) [YG occupancy: 101890 K (613440 K)]2021-01-22T01:09:56.988+0800: 54.557: [Rescan (parallel) , 0.0014101 secs]2021-01-22T01:09:56.989+0800: 54.558: [weak refs processing, 0.0003155 secs]2021-01-22T01:09:56.990+0800: 54.559: [class unloading, 0.0005840 secs]2021-01-22T01:09:56.991+0800: 54.560: [scrub symbol table, 0.0007262 secs]2021-01-22T01:09:56.992+0800: 54.561: [scrub string table, 0.0004559 secs][1 CMS-remark: 1325358K(1415616K)] 1427249K(2029056K), 0.0052113 secs] [Times: user=0.00 sys=0.01, real=0.01 secs] 
2021-01-22T01:09:56.993+0800: 54.562: [CMS-concurrent-sweep-start]
2021-01-22T01:09:56.995+0800: 54.564: [CMS-concurrent-sweep: 0.002/0.002 secs] [Times: user=0.01 sys=0.00, real=0.00 secs] 
2021-01-22T01:09:56.996+0800: 54.565: [CMS-concurrent-reset-start]
2021-01-22T01:09:56.997+0800: 54.566: [CMS-concurrent-reset: 0.001/0.001 secs] [Times: user=0.00 sys=0.00, real=0.00 secs] 
2021-01-22T01:09:57.064+0800: 54.633: [GC (Allocation Failure) 2021-01-22T01:09:57.065+0800: 54.634: [ParNew: 613439K->68095K(613440K), 0.0274998 secs] 1402686K->983938K(2029056K), 0.0284327 secs] [Times: user=0.21 sys=0.00, real=0.03 secs] 
2021-01-22T01:09:57.094+0800: 54.663: [GC (CMS Initial Mark) [1 CMS-initial-mark: 915842K(1415616K)] 995361K(2029056K), 0.0016157 secs] [Times: user=0.00 sys=0.00, real=0.00 secs] 
2021-01-22T01:09:57.096+0800: 54.666: [CMS-concurrent-mark-start]
2021-01-22T01:09:57.100+0800: 54.669: [CMS-concurrent-mark: 0.003/0.003 secs] [Times: user=0.01 sys=0.00, real=0.01 secs] 
2021-01-22T01:09:57.100+0800: 54.669: [CMS-concurrent-preclean-start]
2021-01-22T01:09:57.102+0800: 54.671: [CMS-concurrent-preclean: 0.001/0.001 secs] [Times: user=0.00 sys=0.00, real=0.00 secs] 
2021-01-22T01:09:57.102+0800: 54.671: [CMS-concurrent-abortable-preclean-start]
2021-01-22T01:09:57.166+0800: 54.735: [GC (Allocation Failure) 2021-01-22T01:09:57.167+0800: 54.736: [ParNew: 613439K->68095K(613440K), 0.0289154 secs] 1529282K->1098649K(2029056K), 0.0297477 secs] [Times: user=0.22 sys=0.00, real=0.03 secs] 
2021-01-22T01:09:57.265+0800: 54.834: [GC (Allocation Failure) 2021-01-22T01:09:57.265+0800: 54.834: [ParNew: 613439K->68095K(613440K), 0.0278158 secs] 1643993K->1233804K(2029056K), 0.0287182 secs] [Times: user=0.21 sys=0.00, real=0.03 secs] 
2021-01-22T01:09:57.364+0800: 54.933: [GC (Allocation Failure) 2021-01-22T01:09:57.364+0800: 54.933: [ParNew: 613049K->68095K(613440K), 0.0242374 secs] 1778758K->1347776K(2029056K), 0.0251637 secs] [Times: user=0.18 sys=0.01, real=0.03 secs] 
2021-01-22T01:09:57.456+0800: 55.025: [GC (Allocation Failure) 2021-01-22T01:09:57.456+0800: 55.025: [ParNew: 613439K->613439K(613440K), 0.0003701 secs]2021-01-22T01:09:57.457+0800: 55.026: [CMS2021-01-22T01:09:57.457+0800: 55.026: [CMS-concurrent-abortable-preclean: 0.014/0.355 secs] [Times: user=0.90 sys=0.01, real=0.35 secs] 
 (concurrent mode failure): 1279680K->377956K(1415616K), 0.0565826 secs] 1893120K->377956K(2029056K), [Metaspace: 2816K->2816K(1056768K)], 0.0580995 secs] [Times: user=0.06 sys=0.00, real=0.06 secs] 
2021-01-22T01:09:57.579+0800: 55.149: [GC (Allocation Failure) 2021-01-22T01:09:57.580+0800: 55.149: [ParNew: 545344K->68095K(613440K), 0.0184588 secs] 923300K->520641K(2029056K), 0.0192733 secs] [Times: user=0.14 sys=0.00, real=0.02 secs] 
2021-01-22T01:09:57.662+0800: 55.231: [GC (Allocation Failure) 2021-01-22T01:09:57.663+0800: 55.232: [ParNew: 613439K->68095K(613440K), 0.0298127 secs] 1065985K->655725K(2029056K), 0.0306194 secs] [Times: user=0.23 sys=0.00, real=0.03 secs] 
2021-01-22T01:09:57.763+0800: 55.332: [GC (Allocation Failure) 2021-01-22T01:09:57.764+0800: 55.333: [ParNew: 613439K->68095K(613440K), 0.0253966 secs] 1201069K->778332K(2029056K), 0.0262252 secs] [Times: user=0.19 sys=0.00, real=0.03 secs] 
2021-01-22T01:09:57.791+0800: 55.360: [GC (CMS Initial Mark) [1 CMS-initial-mark: 710237K(1415616K)] 789350K(2029056K), 0.0014156 secs] [Times: user=0.00 sys=0.00, real=0.00 secs] 
2021-01-22T01:09:57.793+0800: 55.362: [CMS-concurrent-mark-start]
2021-01-22T01:09:57.796+0800: 55.365: [CMS-concurrent-mark: 0.003/0.003 secs] [Times: user=0.00 sys=0.00, real=0.00 secs] 
2021-01-22T01:09:57.797+0800: 55.366: [CMS-concurrent-preclean-start]
2021-01-22T01:09:57.798+0800: 55.367: [CMS-concurrent-preclean: 0.002/0.002 secs] [Times: user=0.01 sys=0.00, real=0.01 secs] 
2021-01-22T01:09:57.799+0800: 55.368: [CMS-concurrent-abortable-preclean-start]
2021-01-22T01:09:57.862+0800: 55.431: [GC (Allocation Failure) 2021-01-22T01:09:57.862+0800: 55.431: [ParNew: 613439K->68095K(613440K), 0.0293263 secs] 1323676K->894374K(2029056K), 0.0302599 secs] [Times: user=0.23 sys=0.00, real=0.03 secs] 
2021-01-22T01:09:57.962+0800: 55.531: [GC (Allocation Failure) 2021-01-22T01:09:57.962+0800: 55.531: [ParNew: 613439K->68095K(613440K), 0.0235189 secs] 1439718K->1017536K(2029056K), 0.0243126 secs] [Times: user=0.17 sys=0.01, real=0.02 secs] 
2021-01-22T01:09:58.054+0800: 55.623: [GC (Allocation Failure) 2021-01-22T01:09:58.055+0800: 55.624: [ParNew: 613439K->68095K(613440K), 0.0229852 secs] 1562880K->1137581K(2029056K), 0.0239560 secs] [Times: user=0.18 sys=0.00, real=0.03 secs] 
2021-01-22T01:09:58.151+0800: 55.720: [GC (Allocation Failure) 2021-01-22T01:09:58.151+0800: 55.720: [ParNew: 613439K->68095K(613440K), 0.0249345 secs] 1682925K->1262603K(2029056K), 0.0257719 secs] [Times: user=0.19 sys=0.00, real=0.02 secs] 
2021-01-22T01:09:58.243+0800: 55.812: [GC (Allocation Failure) 2021-01-22T01:09:58.244+0800: 55.813: [ParNew: 613439K->68095K(613440K), 0.0261426 secs] 1807947K->1388863K(2029056K), 0.0270826 secs] [Times: user=0.20 sys=0.00, real=0.03 secs] 
2021-01-22T01:09:58.338+0800: 55.907: [GC (Allocation Failure) 2021-01-22T01:09:58.339+0800: 55.908: [ParNew: 613439K->613439K(613440K), 0.0003205 secs]2021-01-22T01:09:58.339+0800: 55.908: [CMS2021-01-22T01:09:58.340+0800: 55.909: [CMS-concurrent-abortable-preclean: 0.020/0.541 secs] [Times: user=1.40 sys=0.01, real=0.54 secs] 
 (concurrent mode failure): 1320767K->380675K(1415616K), 0.0573750 secs] 1934207K->380675K(2029056K), [Metaspace: 2816K->2816K(1056768K)], 0.0589003 secs] [Times: user=0.06 sys=0.00, real=0.05 secs] 
2021-01-22T01:09:58.465+0800: 56.034: [GC (Allocation Failure) 2021-01-22T01:09:58.466+0800: 56.035: [ParNew: 545344K->68095K(613440K), 0.0222196 secs] 926019K->536537K(2029056K), 0.0231020 secs] [Times: user=0.17 sys=0.00, real=0.03 secs] 
2021-01-22T01:09:58.556+0800: 56.125: [GC (Allocation Failure) 2021-01-22T01:09:58.556+0800: 56.125: [ParNew: 613042K->68095K(613440K), 0.0286697 secs] 1081484K->670552K(2029056K), 0.0296458 secs] [Times: user=0.22 sys=0.00, real=0.03 secs] 
2021-01-22T01:09:58.657+0800: 56.226: [GC (Allocation Failure) 2021-01-22T01:09:58.658+0800: 56.227: [ParNew: 613439K->68095K(613440K), 0.0310348 secs] 1215896K->795792K(2029056K), 0.0317864 secs] [Times: user=0.24 sys=0.00, real=0.04 secs] 
2021-01-22T01:09:58.690+0800: 56.259: [GC (CMS Initial Mark) [1 CMS-initial-mark: 727697K(1415616K)] 806903K(2029056K), 0.0009520 secs] [Times: user=0.01 sys=0.00, real=0.00 secs] 
2021-01-22T01:09:58.691+0800: 56.260: [CMS-concurrent-mark-start]
2021-01-22T01:09:58.694+0800: 56.263: [CMS-concurrent-mark: 0.003/0.003 secs] [Times: user=0.00 sys=0.00, real=0.00 secs] 
2021-01-22T01:09:58.695+0800: 56.264: [CMS-concurrent-preclean-start]
2021-01-22T01:09:58.696+0800: 56.265: [CMS-concurrent-preclean: 0.001/0.001 secs] [Times: user=0.00 sys=0.00, real=0.00 secs] 
2021-01-22T01:09:58.697+0800: 56.266: [CMS-concurrent-abortable-preclean-start]
2021-01-22T01:09:58.758+0800: 56.328: [GC (Allocation Failure) 2021-01-22T01:09:58.759+0800: 56.328: [ParNew: 613439K->68095K(613440K), 0.0260523 secs] 1341136K->917113K(2029056K), 0.0268758 secs] [Times: user=0.20 sys=0.00, real=0.02 secs] 
2021-01-22T01:09:58.860+0800: 56.429: [GC (Allocation Failure) 2021-01-22T01:09:58.860+0800: 56.430: [ParNew: 613439K->68094K(613440K), 0.0236379 secs] 1462457K->1026036K(2029056K), 0.0244617 secs] [Times: user=0.19 sys=0.00, real=0.02 secs] 
2021-01-22T01:09:58.968+0800: 56.537: [GC (Allocation Failure) 2021-01-22T01:09:58.968+0800: 56.537: [ParNew2021-01-22T01:09:58.989+0800: 56.558: [CMS-concurrent-abortable-preclean: 0.011/0.293 secs] [Times: user=0.78 sys=0.00, real=0.30 secs] 
: 613438K->68095K(613440K), 0.0363140 secs] 1571380K->1144687K(2029056K), 0.0369482 secs] [Times: user=0.29 sys=0.00, real=0.04 secs] 
2021-01-22T01:09:59.005+0800: 56.574: [GC (CMS Final Remark) [YG occupancy: 79543 K (613440 K)]2021-01-22T01:09:59.005+0800: 56.574: [Rescan (parallel) , 0.0013020 secs]2021-01-22T01:09:59.007+0800: 56.576: [weak refs processing, 0.0002506 secs]2021-01-22T01:09:59.007+0800: 56.576: [class unloading, 0.0005064 secs]2021-01-22T01:09:59.008+0800: 56.577: [scrub symbol table, 0.0006947 secs]2021-01-22T01:09:59.009+0800: 56.578: [scrub string table, 0.0004656 secs][1 CMS-remark: 1076592K(1415616K)] 1156136K(2029056K), 0.0047902 secs] [Times: user=0.00 sys=0.00, real=0.01 secs] 
2021-01-22T01:09:59.011+0800: 56.580: [CMS-concurrent-sweep-start]
2021-01-22T01:09:59.012+0800: 56.581: [CMS-concurrent-sweep: 0.002/0.002 secs] [Times: user=0.01 sys=0.00, real=0.00 secs] 
2021-01-22T01:09:59.028+0800: 56.597: [CMS-concurrent-reset-start]
2021-01-22T01:09:59.030+0800: 56.599: [CMS-concurrent-reset: 0.002/0.002 secs] [Times: user=0.01 sys=0.00, real=0.00 secs] 
2021-01-22T01:09:59.089+0800: 56.658: [GC (Allocation Failure) 2021-01-22T01:09:59.089+0800: 56.658: [ParNew: 613439K->68095K(613440K), 0.0478446 secs] 1282757K->849015K(2029056K), 0.0483566 secs] [Times: user=0.32 sys=0.01, real=0.04 secs] 
2021-01-22T01:09:59.203+0800: 56.772: [GC (Allocation Failure) 2021-01-22T01:09:59.204+0800: 56.773: [ParNew: 613439K->68095K(613440K), 0.0241401 secs] 1394359K->967874K(2029056K), 0.0246700 secs] [Times: user=0.19 sys=0.00, real=0.02 secs] 
2021-01-22T01:09:59.228+0800: 56.797: [GC (CMS Initial Mark) [1 CMS-initial-mark: 899778K(1415616K)] 979294K(2029056K), 0.0007671 secs] [Times: user=0.00 sys=0.00, real=0.00 secs] 
2021-01-22T01:09:59.230+0800: 56.799: [CMS-concurrent-mark-start]
2021-01-22T01:09:59.232+0800: 56.801: [CMS-concurrent-mark: 0.003/0.003 secs] [Times: user=0.01 sys=0.00, real=0.00 secs] 
2021-01-22T01:09:59.233+0800: 56.802: [CMS-concurrent-preclean-start]
2021-01-22T01:09:59.234+0800: 56.803: [CMS-concurrent-preclean: 0.001/0.001 secs] [Times: user=0.00 sys=0.00, real=0.00 secs] 
2021-01-22T01:09:59.235+0800: 56.804: [CMS-concurrent-abortable-preclean-start]
2021-01-22T01:09:59.297+0800: 56.866: [GC (Allocation Failure) 2021-01-22T01:09:59.297+0800: 56.866: [ParNew: 613439K->68095K(613440K), 0.0241794 secs] 1513218K->1080461K(2029056K), 0.0249871 secs] [Times: user=0.18 sys=0.00, real=0.03 secs] 
2021-01-22T01:09:59.389+0800: 56.959: [GC (Allocation Failure) 2021-01-22T01:09:59.390+0800: 56.959: [ParNew: 612872K->68095K(613440K), 0.0268600 secs] 1625238K->1210596K(2029056K), 0.0277603 secs] [Times: user=0.21 sys=0.00, real=0.02 secs] 
2021-01-22T01:09:59.484+0800: 57.053: [GC (Allocation Failure) 2021-01-22T01:09:59.485+0800: 57.054: [ParNew: 613439K->68095K(613440K), 0.0244733 secs] 1755940K->1336401K(2029056K), 0.0254332 secs] [Times: user=0.19 sys=0.00, real=0.03 secs] 
2021-01-22T01:09:59.577+0800: 57.146: [GC (Allocation Failure) 2021-01-22T01:09:59.578+0800: 57.147: [ParNew: 613439K->68095K(613440K), 0.0250503 secs] 1881745K->1462899K(2029056K), 0.0259296 secs] [Times: user=0.18 sys=0.01, real=0.03 secs] 
2021-01-22T01:09:59.604+0800: 57.173: [CMS-concurrent-abortable-preclean: 0.014/0.370 secs] [Times: user=1.05 sys=0.01, real=0.37 secs] 
2021-01-22T01:09:59.619+0800: 57.188: [GC (CMS Final Remark) [YG occupancy: 181592 K (613440 K)]2021-01-22T01:09:59.619+0800: 57.188: [Rescan (parallel) , 0.0018871 secs]2021-01-22T01:09:59.621+0800: 57.190: [weak refs processing, 0.0003053 secs]2021-01-22T01:09:59.622+0800: 57.191: [class unloading, 0.0004853 secs]2021-01-22T01:09:59.623+0800: 57.192: [scrub symbol table, 0.0006314 secs]2021-01-22T01:09:59.624+0800: 57.193: [scrub string table, 0.0008080 secs][1 CMS-remark: 1394803K(1415616K)] 1576396K(2029056K), 0.0062649 secs] [Times: user=0.01 sys=0.00, real=0.00 secs] 
2021-01-22T01:09:59.626+0800: 57.195: [CMS-concurrent-sweep-start]
2021-01-22T01:09:59.628+0800: 57.197: [CMS-concurrent-sweep: 0.002/0.002 secs] [Times: user=0.00 sys=0.00, real=0.01 secs] 
2021-01-22T01:09:59.629+0800: 57.198: [CMS-concurrent-reset-start]
2021-01-22T01:09:59.630+0800: 57.199: [CMS-concurrent-reset: 0.001/0.001 secs] [Times: user=0.01 sys=0.00, real=0.00 secs] 
2021-01-22T01:09:59.678+0800: 57.247: [GC (Allocation Failure) 2021-01-22T01:09:59.679+0800: 57.248: [ParNew: 613439K->68095K(613440K), 0.0288420 secs] 1404351K->983062K(2029056K), 0.0296301 secs] [Times: user=0.21 sys=0.00, real=0.03 secs] 
2021-01-22T01:09:59.709+0800: 57.278: [GC (CMS Initial Mark) [1 CMS-initial-mark: 914966K(1415616K)] 994964K(2029056K), 0.0015694 secs] [Times: user=0.00 sys=0.00, real=0.00 secs] 
2021-01-22T01:09:59.712+0800: 57.281: [CMS-concurrent-mark-start]
2021-01-22T01:09:59.715+0800: 57.284: [CMS-concurrent-mark: 0.003/0.003 secs] [Times: user=0.00 sys=0.00, real=0.00 secs] 
2021-01-22T01:09:59.728+0800: 57.297: [CMS-concurrent-preclean-start]
2021-01-22T01:09:59.730+0800: 57.299: [CMS-concurrent-preclean: 0.002/0.002 secs] [Times: user=0.00 sys=0.00, real=0.00 secs] 
2021-01-22T01:09:59.730+0800: 57.299: [CMS-concurrent-abortable-preclean-start]
2021-01-22T01:09:59.785+0800: 57.354: [GC (Allocation Failure) 2021-01-22T01:09:59.785+0800: 57.354: [ParNew: 613439K->68095K(613440K), 0.0317786 secs] 1528406K->1110974K(2029056K), 0.0324261 secs] [Times: user=0.25 sys=0.00, real=0.03 secs] 
2021-01-22T01:09:59.884+0800: 57.453: [GC (Allocation Failure) 2021-01-22T01:09:59.884+0800: 57.453: [ParNew: 613439K->68094K(613440K), 0.0258660 secs] 1656318K->1235760K(2029056K), 0.0266704 secs] [Times: user=0.18 sys=0.01, real=0.03 secs] 
2021-01-22T01:09:59.979+0800: 57.548: [GC (Allocation Failure) 2021-01-22T01:09:59.979+0800: 57.548: [ParNew: 613438K->68095K(613440K), 0.0257804 secs] 1781104K->1357683K(2029056K), 0.0267622 secs] [Times: user=0.19 sys=0.00, real=0.02 secs] 
2021-01-22T01:10:00.082+0800: 57.652: [GC (Allocation Failure) 2021-01-22T01:10:00.083+0800: 57.652: [ParNew: 613439K->613439K(613440K), 0.0004460 secs]2021-01-22T01:10:00.084+0800: 57.653: [CMS2021-01-22T01:10:00.084+0800: 57.653: [CMS-concurrent-abortable-preclean: 0.014/0.354 secs] [Times: user=0.91 sys=0.01, real=0.35 secs] 
 (concurrent mode failure): 1289587K->372845K(1415616K), 0.0647036 secs] 1903027K->372845K(2029056K), [Metaspace: 2816K->2816K(1056768K)], 0.0665545 secs] [Times: user=0.06 sys=0.00, real=0.07 secs] 
2021-01-22T01:10:00.217+0800: 57.786: [GC (Allocation Failure) 2021-01-22T01:10:00.218+0800: 57.787: [ParNew: 545344K->68095K(613440K), 0.0214155 secs] 918189K->534124K(2029056K), 0.0222592 secs] [Times: user=0.14 sys=0.01, real=0.03 secs] 
2021-01-22T01:10:00.312+0800: 57.881: [GC (Allocation Failure) 2021-01-22T01:10:00.312+0800: 57.881: [ParNew: 613439K->68095K(613440K), 0.0295061 secs] 1079468K->652743K(2029056K), 0.0305391 secs] [Times: user=0.22 sys=0.00, real=0.03 secs] 
2021-01-22T01:10:00.411+0800: 57.980: [GC (Allocation Failure) 2021-01-22T01:10:00.412+0800: 57.981: [ParNew: 613439K->68095K(613440K), 0.0253280 secs] 1198087K->779774K(2029056K), 0.0264557 secs] [Times: user=0.19 sys=0.00, real=0.03 secs] 
2021-01-22T01:10:00.439+0800: 58.008: [GC (CMS Initial Mark) [1 CMS-initial-mark: 711678K(1415616K)] 791171K(2029056K), 0.0013735 secs] [Times: user=0.01 sys=0.00, real=0.00 secs] 
2021-01-22T01:10:00.441+0800: 58.010: [CMS-concurrent-mark-start]
2021-01-22T01:10:00.444+0800: 58.013: [CMS-concurrent-mark: 0.003/0.003 secs] [Times: user=0.00 sys=0.00, real=0.00 secs] 
2021-01-22T01:10:00.444+0800: 58.013: [CMS-concurrent-preclean-start]
2021-01-22T01:10:00.446+0800: 58.015: [CMS-concurrent-preclean: 0.001/0.001 secs] [Times: user=0.00 sys=0.00, real=0.00 secs] 
2021-01-22T01:10:00.446+0800: 58.015: [CMS-concurrent-abortable-preclean-start]
2021-01-22T01:10:00.506+0800: 58.075: [GC (Allocation Failure) 2021-01-22T01:10:00.506+0800: 58.076: [ParNew: 613439K->68096K(613440K), 0.0266091 secs] 1325118K->911874K(2029056K), 0.0274657 secs] [Times: user=0.20 sys=0.00, real=0.03 secs] 
2021-01-22T01:10:00.605+0800: 58.174: [GC (Allocation Failure) 2021-01-22T01:10:00.605+0800: 58.174: [ParNew: 613440K->68095K(613440K), 0.0301513 secs] 1457218K->1024473K(2029056K), 0.0308816 secs] [Times: user=0.23 sys=0.00, real=0.03 secs] 
2021-01-22T01:10:00.705+0800: 58.274: [GC (Allocation Failure) 2021-01-22T01:10:00.706+0800: 58.275: [ParNew: 613439K->68095K(613440K), 0.0240563 secs] 1569817K->1142614K(2029056K), 0.0248238 secs] [Times: user=0.18 sys=0.00, real=0.03 secs] 
2021-01-22T01:10:00.795+0800: 58.364: [GC (Allocation Failure) 2021-01-22T01:10:00.796+0800: 58.365: [ParNew: 613439K->68095K(613440K), 0.0288841 secs] 1687958K->1271650K(2029056K), 0.0300295 secs] [Times: user=0.20 sys=0.02, real=0.03 secs] 
2021-01-22T01:10:00.893+0800: 58.462: [GC (Allocation Failure) 2021-01-22T01:10:00.893+0800: 58.462: [ParNew: 613439K->68095K(613440K), 0.0259411 secs] 1816994K->1402256K(2029056K), 0.0267562 secs] [Times: user=0.19 sys=0.00, real=0.03 secs] 
2021-01-22T01:10:00.922+0800: 58.491: [CMS-concurrent-abortable-preclean: 0.018/0.476 secs] [Times: user=1.39 sys=0.02, real=0.48 secs] 
2021-01-22T01:10:00.939+0800: 58.508: [GC (CMS Final Remark) [YG occupancy: 229577 K (613440 K)]2021-01-22T01:10:00.939+0800: 58.508: [Rescan (parallel) , 0.0018726 secs]2021-01-22T01:10:00.941+0800: 58.510: [weak refs processing, 0.0003154 secs]2021-01-22T01:10:00.942+0800: 58.511: [class unloading, 0.0004553 secs]2021-01-22T01:10:00.943+0800: 58.512: [scrub symbol table, 0.0005188 secs]2021-01-22T01:10:00.944+0800: 58.513: [scrub string table, 0.0003998 secs][1 CMS-remark: 1334161K(1415616K)] 1563739K(2029056K), 0.0056134 secs] [Times: user=0.00 sys=0.00, real=0.00 secs] 
2021-01-22T01:10:00.945+0800: 58.514: [CMS-concurrent-sweep-start]
2021-01-22T01:10:00.946+0800: 58.515: [CMS-concurrent-sweep: 0.002/0.002 secs] [Times: user=0.00 sys=0.00, real=0.00 secs] 
2021-01-22T01:10:00.947+0800: 58.516: [CMS-concurrent-reset-start]
2021-01-22T01:10:00.948+0800: 58.517: [CMS-concurrent-reset: 0.001/0.001 secs] [Times: user=0.00 sys=0.00, real=0.00 secs] 
2021-01-22T01:10:00.992+0800: 58.561: [GC (Allocation Failure) 2021-01-22T01:10:00.993+0800: 58.562: [ParNew: 613439K->68095K(613440K), 0.0271635 secs] 1545169K->1128594K(2029056K), 0.0280582 secs] [Times: user=0.21 sys=0.00, real=0.03 secs] 
2021-01-22T01:10:01.021+0800: 58.590: [GC (CMS Initial Mark) [1 CMS-initial-mark: 1060499K(1415616K)] 1139666K(2029056K), 0.0015340 secs] [Times: user=0.00 sys=0.00, real=0.00 secs] 
2021-01-22T01:10:01.024+0800: 58.593: [CMS-concurrent-mark-start]
2021-01-22T01:10:01.027+0800: 58.596: [CMS-concurrent-mark: 0.003/0.003 secs] [Times: user=0.01 sys=0.00, real=0.00 secs] 
2021-01-22T01:10:01.038+0800: 58.607: [CMS-concurrent-preclean-start]
2021-01-22T01:10:01.040+0800: 58.609: [CMS-concurrent-preclean: 0.001/0.001 secs] [Times: user=0.01 sys=0.00, real=0.00 secs] 
2021-01-22T01:10:01.040+0800: 58.609: [CMS-concurrent-abortable-preclean-start]
2021-01-22T01:10:01.090+0800: 58.660: [GC (Allocation Failure) 2021-01-22T01:10:01.091+0800: 58.660: [ParNew: 613439K->68095K(613440K), 0.0279411 secs] 1673938K->1247922K(2029056K), 0.0287784 secs] [Times: user=0.21 sys=0.01, real=0.03 secs] 
2021-01-22T01:10:01.192+0800: 58.761: [GC (Allocation Failure) 2021-01-22T01:10:01.192+0800: 58.762: [ParNew: 613439K->68095K(613440K), 0.0238508 secs] 1793266K->1358914K(2029056K), 0.0244666 secs] [Times: user=0.19 sys=0.00, real=0.02 secs] 
2021-01-22T01:10:01.286+0800: 58.855: [GC (Allocation Failure) 2021-01-22T01:10:01.286+0800: 58.855: [ParNew: 613439K->613439K(613440K), 0.0002698 secs]2021-01-22T01:10:01.287+0800: 58.856: [CMS2021-01-22T01:10:01.287+0800: 58.856: [CMS-concurrent-abortable-preclean: 0.011/0.247 secs] [Times: user=0.59 sys=0.01, real=0.24 secs] 
 (concurrent mode failure): 1290818K->371175K(1415616K), 0.0550645 secs] 1904258K->371175K(2029056K), [Metaspace: 2816K->2816K(1056768K)], 0.0564527 secs] [Times: user=0.06 sys=0.00, real=0.06 secs] 
2021-01-22T01:10:01.408+0800: 58.977: [GC (Allocation Failure) 2021-01-22T01:10:01.408+0800: 58.977: [ParNew: 545344K->68095K(613440K), 0.0216687 secs] 916519K->523869K(2029056K), 0.0227075 secs] [Times: user=0.16 sys=0.00, real=0.03 secs] 
2021-01-22T01:10:01.499+0800: 59.068: [GC (Allocation Failure) 2021-01-22T01:10:01.499+0800: 59.068: [ParNew: 613439K->68095K(613440K), 0.0253927 secs] 1069213K->650013K(2029056K), 0.0262715 secs] [Times: user=0.19 sys=0.00, real=0.02 secs] 
2021-01-22T01:10:01.589+0800: 59.158: [GC (Allocation Failure) 2021-01-22T01:10:01.589+0800: 59.158: [ParNew: 613439K->68095K(613440K), 0.0258852 secs] 1195357K->772969K(2029056K), 0.0267994 secs] [Times: user=0.19 sys=0.00, real=0.02 secs] 
2021-01-22T01:10:01.617+0800: 59.186: [GC (CMS Initial Mark) [1 CMS-initial-mark: 704873K(1415616K)] 784030K(2029056K), 0.0011180 secs] [Times: user=0.01 sys=0.00, real=0.00 secs] 
2021-01-22T01:10:01.618+0800: 59.187: [CMS-concurrent-mark-start]
2021-01-22T01:10:01.622+0800: 59.191: [CMS-concurrent-mark: 0.004/0.004 secs] [Times: user=0.00 sys=0.00, real=0.00 secs] 
2021-01-22T01:10:01.622+0800: 59.191: [CMS-concurrent-preclean-start]
2021-01-22T01:10:01.624+0800: 59.193: [CMS-concurrent-preclean: 0.001/0.001 secs] [Times: user=0.00 sys=0.00, real=0.00 secs] 
2021-01-22T01:10:01.624+0800: 59.193: [CMS-concurrent-abortable-preclean-start]
2021-01-22T01:10:01.683+0800: 59.252: [GC (Allocation Failure) 2021-01-22T01:10:01.683+0800: 59.252: [ParNew: 613439K->68095K(613440K), 0.0249039 secs] 1318313K->896286K(2029056K), 0.0257236 secs] [Times: user=0.19 sys=0.00, real=0.03 secs] 
2021-01-22T01:10:01.775+0800: 59.344: [GC (Allocation Failure) 2021-01-22T01:10:01.775+0800: 59.344: [ParNew: 613439K->68096K(613440K), 0.0239423 secs] 1441630K->1015452K(2029056K), 0.0248634 secs] [Times: user=0.18 sys=0.00, real=0.03 secs] 
2021-01-22T01:10:01.864+0800: 59.433: [GC (Allocation Failure) 2021-01-22T01:10:01.864+0800: 59.433: [ParNew: 613316K->68094K(613440K), 0.0258236 secs] 1560672K->1150386K(2029056K), 0.0269439 secs] [Times: user=0.20 sys=0.00, real=0.03 secs] 
2021-01-22T01:10:01.957+0800: 59.526: [GC (Allocation Failure) 2021-01-22T01:10:01.957+0800: 59.526: [ParNew: 613438K->68095K(613440K), 0.0252905 secs] 1695730K->1276418K(2029056K), 0.0262779 secs] [Times: user=0.18 sys=0.02, real=0.03 secs] 
2021-01-22T01:10:02.059+0800: 59.628: [GC (Allocation Failure) 2021-01-22T01:10:02.060+0800: 59.629: [ParNew: 613439K->68095K(613440K), 0.0259519 secs] 1821762K->1397906K(2029056K), 0.0267977 secs] [Times: user=0.20 sys=0.00, real=0.02 secs] 
2021-01-22T01:10:02.091+0800: 59.660: [CMS-concurrent-abortable-preclean: 0.023/0.467 secs] [Times: user=1.31 sys=0.02, real=0.47 secs] 
2021-01-22T01:10:02.092+0800: 59.661: [GC (CMS Final Remark) [YG occupancy: 90987 K (613440 K)]2021-01-22T01:10:02.092+0800: 59.661: [Rescan (parallel) , 0.0016422 secs]2021-01-22T01:10:02.094+0800: 59.663: [weak refs processing, 0.0003231 secs]2021-01-22T01:10:02.095+0800: 59.664: [class unloading, 0.0005150 secs]2021-01-22T01:10:02.095+0800: 59.665: [scrub symbol table, 0.0006737 secs]2021-01-22T01:10:02.096+0800: 59.665: [scrub string table, 0.0004253 secs][1 CMS-remark: 1329811K(1415616K)] 1420799K(2029056K), 0.0053679 secs] [Times: user=0.00 sys=0.00, real=0.00 secs] 
2021-01-22T01:10:02.098+0800: 59.667: [CMS-concurrent-sweep-start]
2021-01-22T01:10:02.100+0800: 59.669: [CMS-concurrent-sweep: 0.002/0.002 secs] [Times: user=0.00 sys=0.00, real=0.01 secs] 
2021-01-22T01:10:02.100+0800: 59.669: [CMS-concurrent-reset-start]
2021-01-22T01:10:02.101+0800: 59.670: [CMS-concurrent-reset: 0.001/0.001 secs] [Times: user=0.01 sys=0.00, real=0.00 secs] 
2021-01-22T01:10:02.164+0800: 59.733: [GC (Allocation Failure) 2021-01-22T01:10:02.164+0800: 59.733: [ParNew: 613259K->68095K(613440K), 0.0265090 secs] 1550239K->1123494K(2029056K), 0.0273353 secs] [Times: user=0.21 sys=0.00, real=0.03 secs] 
2021-01-22T01:10:02.192+0800: 59.761: [GC (CMS Initial Mark) [1 CMS-initial-mark: 1055398K(1415616K)] 1134615K(2029056K), 0.0013184 secs] [Times: user=0.00 sys=0.00, real=0.00 secs] 
2021-01-22T01:10:02.194+0800: 59.764: [CMS-concurrent-mark-start]
2021-01-22T01:10:02.198+0800: 59.767: [CMS-concurrent-mark: 0.003/0.003 secs] [Times: user=0.00 sys=0.00, real=0.00 secs] 
2021-01-22T01:10:02.198+0800: 59.767: [CMS-concurrent-preclean-start]
2021-01-22T01:10:02.200+0800: 59.769: [CMS-concurrent-preclean: 0.002/0.002 secs] [Times: user=0.00 sys=0.00, real=0.00 secs] 
2021-01-22T01:10:02.201+0800: 59.770: [CMS-concurrent-abortable-preclean-start]
2021-01-22T01:10:02.262+0800: 59.831: [GC (Allocation Failure) 2021-01-22T01:10:02.262+0800: 59.831: [ParNew: 613439K->68095K(613440K), 0.0281391 secs] 1668838K->1258553K(2029056K), 0.0289312 secs] [Times: user=0.21 sys=0.00, real=0.03 secs] 
2021-01-22T01:10:02.361+0800: 59.930: [GC (Allocation Failure) 2021-01-22T01:10:02.361+0800: 59.931: [ParNew2021-01-22T01:10:02.395+0800: 59.964: [CMS-concurrent-abortable-preclean: 0.005/0.194 secs] [Times: user=0.60 sys=0.02, real=0.19 secs] 
: 613439K->68095K(613440K), 0.0376191 secs] 1803897K->1392163K(2029056K), 0.0383497 secs] [Times: user=0.27 sys=0.02, real=0.04 secs] 
2021-01-22T01:10:02.400+0800: 59.969: [GC (CMS Final Remark) [YG occupancy: 79457 K (613440 K)]2021-01-22T01:10:02.400+0800: 59.969: [Rescan (parallel) , 0.0041690 secs]2021-01-22T01:10:02.405+0800: 59.974: [weak refs processing, 0.0001980 secs]2021-01-22T01:10:02.405+0800: 59.974: [class unloading, 0.0005464 secs]2021-01-22T01:10:02.406+0800: 59.975: [scrub symbol table, 0.0008108 secs]2021-01-22T01:10:02.407+0800: 59.976: [scrub string table, 0.0004135 secs][1 CMS-remark: 1324068K(1415616K)] 1403525K(2029056K), 0.0074476 secs] [Times: user=0.03 sys=0.00, real=0.00 secs] 
2021-01-22T01:10:02.408+0800: 59.977: [CMS-concurrent-sweep-start]
2021-01-22T01:10:02.411+0800: 59.980: [CMS-concurrent-sweep: 0.002/0.002 secs] [Times: user=0.00 sys=0.00, real=0.00 secs] 
2021-01-22T01:10:02.411+0800: 59.980: [CMS-concurrent-reset-start]
2021-01-22T01:10:02.412+0800: 59.981: [CMS-concurrent-reset: 0.001/0.001 secs] [Times: user=0.00 sys=0.00, real=0.00 secs] 
2021-01-22T01:10:02.473+0800: 60.042: [GC (Allocation Failure) 2021-01-22T01:10:02.474+0800: 60.043: [ParNew: 613439K->68095K(613440K), 0.0262821 secs] 1174532K->763289K(2029056K), 0.0269028 secs] [Times: user=0.20 sys=0.01, real=0.03 secs] 
2021-01-22T01:10:02.501+0800: 60.070: [GC (CMS Initial Mark) [1 CMS-initial-mark: 695194K(1415616K)] 774280K(2029056K), 0.0007601 secs] [Times: user=0.00 sys=0.00, real=0.00 secs] 
2021-01-22T01:10:02.502+0800: 60.071: [CMS-concurrent-mark-start]
Heap
 par new generation   total 613440K, used 89992K [0x0000000080000000, 0x00000000a9990000, 0x00000000a9990000)
  eden space 545344K,   4% used [0x0000000080000000, 0x0000000081562650, 0x00000000a1490000)
  from space 68096K,  99% used [0x00000000a1490000, 0x00000000a570fda0, 0x00000000a5710000)
  to   space 68096K,   0% used [0x00000000a5710000, 0x00000000a5710000, 0x00000000a9990000)
 concurrent mark-sweep generation total 1415616K, used 695194K [0x00000000a9990000, 0x0000000100000000, 0x0000000100000000)
 Metaspace       used 2823K, capacity 4490K, committed 4864K, reserved 1056768K
  class space    used 293K, capacity 386K, committed 512K, reserved 1048576K
