OpenJDK 64-Bit Server VM (25.252-b09) for linux-amd64 JRE (1.8.0_252-8u252-b09-1ubuntu1-b09), built on Apr 16 2020 08:47:49 by "buildd" with gcc 9.3.0
Memory: 4k page, physical 39286120k(39104788k free), swap 10485760k(10485760k free)
CommandLine flags: -XX:InitialHeapSize=4294967296 -XX:MaxHeapSize=4294967296 -XX:MaxNewSize=697933824 -XX:MaxTenuringThreshold=6 -XX:NewSize=697933824 -XX:OldPLABSize=16 -XX:OldSize=1395867648 -XX:+PrintGC -XX:+PrintGCDateStamps -XX:+PrintGCDetails -XX:+PrintGCTimeStamps -XX:+UseCompressedClassPointers -XX:+UseCompressedOops -XX:+UseConcMarkSweepGC -XX:+UseParNewGC 
2021-01-22T00:39:18.093+0800: 0.238: [GC (Allocation Failure) 2021-01-22T00:39:18.094+0800: 0.239: [ParNew: 545344K->68096K(613440K), 0.0665331 secs] 545344K->149608K(4126208K), 0.0673280 secs] [Times: user=0.21 sys=0.11, real=0.07 secs] 
2021-01-22T00:39:18.235+0800: 0.380: [GC (Allocation Failure) 2021-01-22T00:39:18.236+0800: 0.381: [ParNew: 613440K->68096K(613440K), 0.0508716 secs] 694952K->266996K(4126208K), 0.0515325 secs] [Times: user=0.17 sys=0.09, real=0.05 secs] 
2021-01-22T00:39:18.355+0800: 0.500: [GC (Allocation Failure) 2021-01-22T00:39:18.356+0800: 0.501: [ParNew: 613440K->68094K(613440K), 0.0568566 secs] 812340K->394480K(4126208K), 0.0577073 secs] [Times: user=0.40 sys=0.03, real=0.06 secs] 
2021-01-22T00:39:18.475+0800: 0.620: [GC (Allocation Failure) 2021-01-22T00:39:18.475+0800: 0.620: [ParNew: 613438K->68095K(613440K), 0.0536896 secs] 939824K->528160K(4126208K), 0.0543324 secs] [Times: user=0.38 sys=0.03, real=0.06 secs] 
2021-01-22T00:39:18.592+0800: 0.737: [GC (Allocation Failure) 2021-01-22T00:39:18.592+0800: 0.738: [ParNew: 613439K->68095K(613440K), 0.0520559 secs] 1073504K->652153K(4126208K), 0.0526826 secs] [Times: user=0.36 sys=0.04, real=0.05 secs] 
2021-01-22T00:39:18.709+0800: 0.854: [GC (Allocation Failure) 2021-01-22T00:39:18.709+0800: 0.854: [ParNew: 613439K->68095K(613440K), 0.0487183 secs] 1197497K->773341K(4126208K), 0.0494441 secs] [Times: user=0.34 sys=0.02, real=0.05 secs] 
2021-01-22T00:39:18.821+0800: 0.966: [GC (Allocation Failure) 2021-01-22T00:39:18.821+0800: 0.966: [ParNew: 613439K->68096K(613440K), 0.0512044 secs] 1318685K->895097K(4126208K), 0.0519961 secs] [Times: user=0.35 sys=0.03, real=0.05 secs] 
2021-01-22T00:39:18.936+0800: 1.081: [GC (Allocation Failure) 2021-01-22T00:39:18.936+0800: 1.081: [ParNew: 613440K->68095K(613440K), 0.0498577 secs] 1440441K->1014653K(4126208K), 0.0505293 secs] [Times: user=0.34 sys=0.05, real=0.05 secs] 
2021-01-22T00:39:19.051+0800: 1.196: [GC (Allocation Failure) 2021-01-22T00:39:19.051+0800: 1.196: [ParNew: 613439K->68094K(613440K), 0.0574410 secs] 1559997K->1139702K(4126208K), 0.0580918 secs] [Times: user=0.38 sys=0.05, real=0.06 secs] 
2021-01-22T00:39:19.181+0800: 1.326: [GC (Allocation Failure) 2021-01-22T00:39:19.181+0800: 1.327: [ParNew: 613438K->68095K(613440K), 0.0554133 secs] 1685046K->1269340K(4126208K), 0.0560934 secs] [Times: user=0.41 sys=0.01, real=0.05 secs] 
2021-01-22T00:39:19.297+0800: 1.442: [GC (Allocation Failure) 2021-01-22T00:39:19.298+0800: 1.443: [ParNew: 613439K->68095K(613440K), 0.0496073 secs] 1814684K->1385143K(4126208K), 0.0501881 secs] [Times: user=0.36 sys=0.02, real=0.05 secs] 
2021-01-22T00:39:19.409+0800: 1.554: [GC (Allocation Failure) 2021-01-22T00:39:19.409+0800: 1.555: [ParNew: 613439K->68095K(613440K), 0.0561194 secs] 1930487K->1515864K(4126208K), 0.0566788 secs] [Times: user=0.39 sys=0.03, real=0.05 secs] 
2021-01-22T00:39:19.526+0800: 1.671: [GC (Allocation Failure) 2021-01-22T00:39:19.526+0800: 1.671: [ParNew: 613439K->68095K(613440K), 0.0633157 secs] 2061208K->1651586K(4126208K), 0.0639104 secs] [Times: user=0.45 sys=0.04, real=0.07 secs] 
2021-01-22T00:39:19.652+0800: 1.797: [GC (Allocation Failure) 2021-01-22T00:39:19.652+0800: 1.798: [ParNew: 613439K->68095K(613440K), 0.0512779 secs] 2196930K->1780696K(4126208K), 0.0517793 secs] [Times: user=0.34 sys=0.05, real=0.05 secs] 
2021-01-22T00:39:19.764+0800: 1.909: [GC (Allocation Failure) 2021-01-22T00:39:19.764+0800: 1.909: [ParNew: 613439K->68095K(613440K), 0.0508371 secs] 2326040K->1903521K(4126208K), 0.0513490 secs] [Times: user=0.33 sys=0.05, real=0.05 secs] 
2021-01-22T00:39:19.815+0800: 1.961: [GC (CMS Initial Mark) [1 CMS-initial-mark: 1835426K(3512768K)] 1903666K(4126208K), 0.0007715 secs] [Times: user=0.00 sys=0.01, real=0.00 secs] 
2021-01-22T00:39:19.816+0800: 1.962: [CMS-concurrent-mark-start]
2021-01-22T00:39:19.825+0800: 1.970: [CMS-concurrent-mark: 0.008/0.008 secs] [Times: user=0.01 sys=0.00, real=0.01 secs] 
2021-01-22T00:39:19.825+0800: 1.970: [CMS-concurrent-preclean-start]
2021-01-22T00:39:19.829+0800: 1.974: [CMS-concurrent-preclean: 0.004/0.004 secs] [Times: user=0.02 sys=0.00, real=0.01 secs] 
2021-01-22T00:39:19.829+0800: 1.974: [CMS-concurrent-abortable-preclean-start]
2021-01-22T00:39:19.878+0800: 2.024: [GC (Allocation Failure) 2021-01-22T00:39:19.879+0800: 2.024: [ParNew: 613439K->68095K(613440K), 0.0494776 secs] 2448865K->2026327K(4126208K), 0.0499457 secs] [Times: user=0.33 sys=0.05, real=0.05 secs] 
2021-01-22T00:39:19.988+0800: 2.133: [GC (Allocation Failure) 2021-01-22T00:39:19.988+0800: 2.134: [ParNew2021-01-22T00:39:20.036+0800: 2.181: [CMS-concurrent-abortable-preclean: 0.011/0.207 secs] [Times: user=0.76 sys=0.09, real=0.20 secs] 
: 613439K->68095K(613440K), 0.0522696 secs] 2571671K->2152222K(4126208K), 0.0528703 secs] [Times: user=0.35 sys=0.05, real=0.06 secs] 
2021-01-22T00:39:20.041+0800: 2.187: [GC (CMS Final Remark) [YG occupancy: 79288 K (613440 K)]2021-01-22T00:39:20.042+0800: 2.187: [Rescan (parallel) , 0.0017039 secs]2021-01-22T00:39:20.044+0800: 2.189: [weak refs processing, 0.0001602 secs]2021-01-22T00:39:20.044+0800: 2.189: [class unloading, 0.0003146 secs]2021-01-22T00:39:20.044+0800: 2.190: [scrub symbol table, 0.0003962 secs]2021-01-22T00:39:20.045+0800: 2.190: [scrub string table, 0.0002834 secs][1 CMS-remark: 2084126K(3512768K)] 2163415K(4126208K), 0.0037778 secs] [Times: user=0.01 sys=0.00, real=0.00 secs] 
2021-01-22T00:39:20.046+0800: 2.191: [CMS-concurrent-sweep-start]
2021-01-22T00:39:20.047+0800: 2.193: [CMS-concurrent-sweep: 0.002/0.002 secs] [Times: user=0.00 sys=0.00, real=0.00 secs] 
2021-01-22T00:39:20.048+0800: 2.193: [CMS-concurrent-reset-start]
2021-01-22T00:39:20.055+0800: 2.200: [CMS-concurrent-reset: 0.007/0.007 secs] [Times: user=0.00 sys=0.01, real=0.01 secs] 
2021-01-22T00:39:20.106+0800: 2.252: [GC (Allocation Failure) 2021-01-22T00:39:20.107+0800: 2.252: [ParNew: 613439K->68095K(613440K), 0.0272004 secs] 1160037K->737596K(4126208K), 0.0278494 secs] [Times: user=0.21 sys=0.00, real=0.03 secs] 
2021-01-22T00:39:20.195+0800: 2.340: [GC (Allocation Failure) 2021-01-22T00:39:20.196+0800: 2.341: [ParNew: 613439K->68095K(613440K), 0.0355542 secs] 1282940K->858598K(4126208K), 0.0363004 secs] [Times: user=0.27 sys=0.01, real=0.04 secs] 
2021-01-22T00:39:20.309+0800: 2.455: [GC (Allocation Failure) 2021-01-22T00:39:20.310+0800: 2.455: [ParNew: 613439K->68094K(613440K), 0.0389352 secs] 1403942K->980839K(4126208K), 0.0394664 secs] [Times: user=0.30 sys=0.00, real=0.04 secs] 
2021-01-22T00:39:20.413+0800: 2.558: [GC (Allocation Failure) 2021-01-22T00:39:20.413+0800: 2.558: [ParNew: 613438K->68095K(613440K), 0.0335446 secs] 1526183K->1111787K(4126208K), 0.0340496 secs] [Times: user=0.26 sys=0.00, real=0.03 secs] 
2021-01-22T00:39:20.506+0800: 2.651: [GC (Allocation Failure) 2021-01-22T00:39:20.506+0800: 2.652: [ParNew: 613439K->68095K(613440K), 0.0254497 secs] 1657131K->1231743K(4126208K), 0.0262592 secs] [Times: user=0.20 sys=0.00, real=0.03 secs] 
2021-01-22T00:39:20.598+0800: 2.743: [GC (Allocation Failure) 2021-01-22T00:39:20.598+0800: 2.744: [ParNew: 613439K->68094K(613440K), 0.0304229 secs] 1777087K->1348651K(4126208K), 0.0310965 secs] [Times: user=0.23 sys=0.00, real=0.04 secs] 
2021-01-22T00:39:20.690+0800: 2.835: [GC (Allocation Failure) 2021-01-22T00:39:20.691+0800: 2.836: [ParNew: 613438K->68095K(613440K), 0.0267524 secs] 1893995K->1477096K(4126208K), 0.0273604 secs] [Times: user=0.21 sys=0.00, real=0.02 secs] 
2021-01-22T00:39:20.778+0800: 2.923: [GC (Allocation Failure) 2021-01-22T00:39:20.778+0800: 2.924: [ParNew: 613439K->68095K(613440K), 0.0269817 secs] 2022440K->1603630K(4126208K), 0.0277329 secs] [Times: user=0.20 sys=0.02, real=0.03 secs] 
2021-01-22T00:39:20.870+0800: 3.015: [GC (Allocation Failure) 2021-01-22T00:39:20.870+0800: 3.015: [ParNew: 613439K->68095K(613440K), 0.0260495 secs] 2148974K->1724579K(4126208K), 0.0268890 secs] [Times: user=0.20 sys=0.00, real=0.02 secs] 
2021-01-22T00:39:20.961+0800: 3.107: [GC (Allocation Failure) 2021-01-22T00:39:20.962+0800: 3.107: [ParNew: 613439K->68095K(613440K), 0.0264218 secs] 2269923K->1848808K(4126208K), 0.0275045 secs] [Times: user=0.20 sys=0.01, real=0.03 secs] 
2021-01-22T00:39:21.058+0800: 3.204: [GC (Allocation Failure) 2021-01-22T00:39:21.059+0800: 3.204: [ParNew: 613439K->68095K(613440K), 0.0312921 secs] 2394152K->1973865K(4126208K), 0.0321316 secs] [Times: user=0.24 sys=0.00, real=0.03 secs] 
2021-01-22T00:39:21.160+0800: 3.305: [GC (Allocation Failure) 2021-01-22T00:39:21.160+0800: 3.305: [ParNew: 613439K->68094K(613440K), 0.0278440 secs] 2519209K->2101153K(4126208K), 0.0285361 secs] [Times: user=0.18 sys=0.04, real=0.03 secs] 
2021-01-22T00:39:21.252+0800: 3.397: [GC (Allocation Failure) 2021-01-22T00:39:21.252+0800: 3.397: [ParNew: 613438K->68095K(613440K), 0.0435737 secs] 2646497K->2229108K(4126208K), 0.0443186 secs] [Times: user=0.32 sys=0.01, real=0.04 secs] 
2021-01-22T00:39:21.363+0800: 3.508: [GC (Allocation Failure) 2021-01-22T00:39:21.363+0800: 3.509: [ParNew: 613439K->68095K(613440K), 0.0706917 secs] 2774452K->2349354K(4126208K), 0.0713129 secs] [Times: user=0.48 sys=0.06, real=0.07 secs] 
2021-01-22T00:39:21.494+0800: 3.639: [GC (Allocation Failure) 2021-01-22T00:39:21.494+0800: 3.640: [ParNew: 613439K->68095K(613440K), 0.0487369 secs] 2894698K->2458973K(4126208K), 0.0492021 secs] [Times: user=0.34 sys=0.03, real=0.05 secs] 
2021-01-22T00:39:21.603+0800: 3.748: [GC (Allocation Failure) 2021-01-22T00:39:21.603+0800: 3.748: [ParNew: 613439K->68095K(613440K), 0.0511597 secs] 3004317K->2586797K(4126208K), 0.0516906 secs] [Times: user=0.36 sys=0.03, real=0.05 secs] 
2021-01-22T00:39:21.719+0800: 3.864: [GC (Allocation Failure) 2021-01-22T00:39:21.720+0800: 3.865: [ParNew: 613439K->68095K(613440K), 0.0546890 secs] 3132141K->2708508K(4126208K), 0.0554467 secs] [Times: user=0.40 sys=0.01, real=0.05 secs] 
2021-01-22T00:39:21.835+0800: 3.981: [GC (Allocation Failure) 2021-01-22T00:39:21.836+0800: 3.981: [ParNew: 613439K->68095K(613440K), 0.0528781 secs] 3253852K->2831444K(4126208K), 0.0533891 secs] [Times: user=0.37 sys=0.03, real=0.06 secs] 
2021-01-22T00:39:21.954+0800: 4.099: [GC (Allocation Failure) 2021-01-22T00:39:21.954+0800: 4.099: [ParNew: 613439K->68095K(613440K), 0.0467133 secs] 3376788K->2941397K(4126208K), 0.0473260 secs] [Times: user=0.33 sys=0.04, real=0.05 secs] 
2021-01-22T00:39:22.065+0800: 4.210: [GC (Allocation Failure) 2021-01-22T00:39:22.065+0800: 4.211: [ParNew: 613439K->68095K(613440K), 0.0489072 secs] 3486741K->3063034K(4126208K), 0.0496024 secs] [Times: user=0.33 sys=0.03, real=0.05 secs] 
2021-01-22T00:39:22.115+0800: 4.261: [GC (CMS Initial Mark) [1 CMS-initial-mark: 2994938K(3512768K)] 3074702K(4126208K), 0.0010353 secs] [Times: user=0.00 sys=0.00, real=0.00 secs] 
2021-01-22T00:39:22.117+0800: 4.262: [CMS-concurrent-mark-start]
2021-01-22T00:39:22.125+0800: 4.271: [CMS-concurrent-mark: 0.008/0.008 secs] [Times: user=0.01 sys=0.00, real=0.01 secs] 
2021-01-22T00:39:22.126+0800: 4.271: [CMS-concurrent-preclean-start]
2021-01-22T00:39:22.129+0800: 4.274: [CMS-concurrent-preclean: 0.003/0.003 secs] [Times: user=0.02 sys=0.00, real=0.01 secs] 
2021-01-22T00:39:22.130+0800: 4.275: [CMS-concurrent-abortable-preclean-start]
2021-01-22T00:39:22.177+0800: 4.323: [GC (Allocation Failure) 2021-01-22T00:39:22.178+0800: 4.323: [ParNew: 613439K->68094K(613440K), 0.0464877 secs] 3608378K->3176810K(4126208K), 0.0471068 secs] [Times: user=0.34 sys=0.02, real=0.05 secs] 
2021-01-22T00:39:22.288+0800: 4.433: [GC (Allocation Failure) 2021-01-22T00:39:22.288+0800: 4.434: [ParNew2021-01-22T00:39:22.336+0800: 4.481: [CMS-concurrent-abortable-preclean: 0.014/0.207 secs] [Times: user=0.80 sys=0.04, real=0.20 secs] 
: 613438K->68094K(613440K), 0.0494556 secs] 3722154K->3298980K(4126208K), 0.0500455 secs] [Times: user=0.35 sys=0.02, real=0.05 secs] 
2021-01-22T00:39:22.338+0800: 4.484: [GC (CMS Final Remark) [YG occupancy: 79486 K (613440 K)]2021-01-22T00:39:22.339+0800: 4.484: [Rescan (parallel) , 0.0020779 secs]2021-01-22T00:39:22.341+0800: 4.486: [weak refs processing, 0.0001602 secs]2021-01-22T00:39:22.341+0800: 4.486: [class unloading, 0.0003271 secs]2021-01-22T00:39:22.342+0800: 4.487: [scrub symbol table, 0.0005237 secs]2021-01-22T00:39:22.342+0800: 4.488: [scrub string table, 0.0002853 secs][1 CMS-remark: 3230886K(3512768K)] 3310372K(4126208K), 0.0042884 secs] [Times: user=0.02 sys=0.01, real=0.00 secs] 
2021-01-22T00:39:22.343+0800: 4.488: [CMS-concurrent-sweep-start]
2021-01-22T00:39:22.346+0800: 4.491: [CMS-concurrent-sweep: 0.003/0.003 secs] [Times: user=0.00 sys=0.00, real=0.00 secs] 
2021-01-22T00:39:22.346+0800: 4.492: [CMS-concurrent-reset-start]
2021-01-22T00:39:22.349+0800: 4.494: [CMS-concurrent-reset: 0.003/0.003 secs] [Times: user=0.01 sys=0.00, real=0.01 secs] 
2021-01-22T00:39:22.404+0800: 4.550: [GC (Allocation Failure) 2021-01-22T00:39:22.405+0800: 4.550: [ParNew: 613438K->68095K(613440K), 0.0263112 secs] 1148204K->729026K(4126208K), 0.0270258 secs] [Times: user=0.21 sys=0.00, real=0.03 secs] 
2021-01-22T00:39:22.493+0800: 4.638: [GC (Allocation Failure) 2021-01-22T00:39:22.493+0800: 4.639: [ParNew: 613439K->68095K(613440K), 0.0322762 secs] 1274370K->857957K(4126208K), 0.0327390 secs] [Times: user=0.25 sys=0.00, real=0.03 secs] 
2021-01-22T00:39:22.587+0800: 4.732: [GC (Allocation Failure) 2021-01-22T00:39:22.587+0800: 4.732: [ParNew: 613439K->68094K(613440K), 0.0278990 secs] 1403301K->987585K(4126208K), 0.0286791 secs] [Times: user=0.21 sys=0.00, real=0.03 secs] 
2021-01-22T00:39:22.677+0800: 4.823: [GC (Allocation Failure) 2021-01-22T00:39:22.678+0800: 4.823: [ParNew: 613438K->68095K(613440K), 0.0247928 secs] 1532929K->1108098K(4126208K), 0.0255983 secs] [Times: user=0.19 sys=0.00, real=0.03 secs] 
2021-01-22T00:39:22.762+0800: 4.907: [GC (Allocation Failure) 2021-01-22T00:39:22.762+0800: 4.907: [ParNew: 613439K->68095K(613440K), 0.0294722 secs] 1653442K->1244179K(4126208K), 0.0301915 secs] [Times: user=0.21 sys=0.01, real=0.03 secs] 
2021-01-22T00:39:22.853+0800: 4.999: [GC (Allocation Failure) 2021-01-22T00:39:22.854+0800: 4.999: [ParNew: 613439K->68095K(613440K), 0.0276110 secs] 1789523K->1372113K(4126208K), 0.0283591 secs] [Times: user=0.21 sys=0.00, real=0.03 secs] 
2021-01-22T00:39:22.943+0800: 5.089: [GC (Allocation Failure) 2021-01-22T00:39:22.944+0800: 5.089: [ParNew: 613439K->68094K(613440K), 0.0309826 secs] 1917457K->1486786K(4126208K), 0.0317903 secs] [Times: user=0.23 sys=0.00, real=0.03 secs] 
2021-01-22T00:39:23.040+0800: 5.185: [GC (Allocation Failure) 2021-01-22T00:39:23.040+0800: 5.185: [ParNew: 613438K->68095K(613440K), 0.0252452 secs] 2032130K->1600507K(4126208K), 0.0261756 secs] [Times: user=0.18 sys=0.01, real=0.02 secs] 
2021-01-22T00:39:23.129+0800: 5.274: [GC (Allocation Failure) 2021-01-22T00:39:23.129+0800: 5.275: [ParNew: 613439K->68095K(613440K), 0.0263574 secs] 2145851K->1732365K(4126208K), 0.0269822 secs] [Times: user=0.21 sys=0.01, real=0.02 secs] 
2021-01-22T00:39:23.220+0800: 5.365: [GC (Allocation Failure) 2021-01-22T00:39:23.220+0800: 5.366: [ParNew: 613439K->68095K(613440K), 0.0260694 secs] 2277709K->1854862K(4126208K), 0.0270410 secs] [Times: user=0.20 sys=0.00, real=0.02 secs] 
2021-01-22T00:39:23.313+0800: 5.458: [GC (Allocation Failure) 2021-01-22T00:39:23.313+0800: 5.458: [ParNew: 613439K->68095K(613440K), 0.0257433 secs] 2400206K->1972299K(4126208K), 0.0268062 secs] [Times: user=0.20 sys=0.00, real=0.03 secs] 
2021-01-22T00:39:23.407+0800: 5.552: [GC (Allocation Failure) 2021-01-22T00:39:23.407+0800: 5.552: [ParNew: 613439K->68095K(613440K), 0.0261860 secs] 2517643K->2093491K(4126208K), 0.0269487 secs] [Times: user=0.21 sys=0.00, real=0.03 secs] 
2021-01-22T00:39:23.502+0800: 5.647: [GC (Allocation Failure) 2021-01-22T00:39:23.502+0800: 5.648: [ParNew: 613439K->68095K(613440K), 0.0291997 secs] 2638835K->2218049K(4126208K), 0.0300339 secs] [Times: user=0.22 sys=0.00, real=0.03 secs] 
2021-01-22T00:39:23.605+0800: 5.750: [GC (Allocation Failure) 2021-01-22T00:39:23.605+0800: 5.750: [ParNew: 613439K->68094K(613440K), 0.0364232 secs] 2763393K->2349754K(4126208K), 0.0372490 secs] [Times: user=0.28 sys=0.00, real=0.04 secs] 
2021-01-22T00:39:23.711+0800: 5.856: [GC (Allocation Failure) 2021-01-22T00:39:23.711+0800: 5.856: [ParNew: 613431K->68095K(613440K), 0.0265264 secs] 2895091K->2471493K(4126208K), 0.0274030 secs] [Times: user=0.19 sys=0.00, real=0.03 secs] 
2021-01-22T00:39:23.806+0800: 5.951: [GC (Allocation Failure) 2021-01-22T00:39:23.806+0800: 5.952: [ParNew: 613439K->68095K(613440K), 0.0242799 secs] 3016837K->2584729K(4126208K), 0.0252262 secs] [Times: user=0.18 sys=0.01, real=0.03 secs] 
2021-01-22T00:39:23.898+0800: 6.043: [GC (Allocation Failure) 2021-01-22T00:39:23.898+0800: 6.044: [ParNew: 613439K->68095K(613440K), 0.0309715 secs] 3130073K->2710712K(4126208K), 0.0318226 secs] [Times: user=0.24 sys=0.00, real=0.04 secs] 
2021-01-22T00:39:23.998+0800: 6.144: [GC (Allocation Failure) 2021-01-22T00:39:23.999+0800: 6.144: [ParNew: 613439K->68095K(613440K), 0.0303836 secs] 3256056K->2835003K(4126208K), 0.0312436 secs] [Times: user=0.23 sys=0.00, real=0.03 secs] 
2021-01-22T00:39:24.098+0800: 6.243: [GC (Allocation Failure) 2021-01-22T00:39:24.098+0800: 6.243: [ParNew: 613439K->68095K(613440K), 0.0254434 secs] 3380347K->2952361K(4126208K), 0.0263160 secs] [Times: user=0.19 sys=0.00, real=0.03 secs] 
2021-01-22T00:39:24.185+0800: 6.330: [GC (Allocation Failure) 2021-01-22T00:39:24.186+0800: 6.331: [ParNew: 613439K->68095K(613440K), 0.0273030 secs] 3497705K->3083642K(4126208K), 0.0280446 secs] [Times: user=0.21 sys=0.00, real=0.03 secs] 
2021-01-22T00:39:24.214+0800: 6.359: [GC (CMS Initial Mark) [1 CMS-initial-mark: 3015546K(3512768K)] 3095184K(4126208K), 0.0010664 secs] [Times: user=0.00 sys=0.00, real=0.00 secs] 
2021-01-22T00:39:24.216+0800: 6.361: [CMS-concurrent-mark-start]
2021-01-22T00:39:24.224+0800: 6.369: [CMS-concurrent-mark: 0.008/0.008 secs] [Times: user=0.02 sys=0.00, real=0.01 secs] 
2021-01-22T00:39:24.224+0800: 6.370: [CMS-concurrent-preclean-start]
2021-01-22T00:39:24.228+0800: 6.373: [CMS-concurrent-preclean: 0.003/0.003 secs] [Times: user=0.00 sys=0.00, real=0.00 secs] 
2021-01-22T00:39:24.228+0800: 6.373: [CMS-concurrent-abortable-preclean-start]
2021-01-22T00:39:24.281+0800: 6.426: [GC (Allocation Failure) 2021-01-22T00:39:24.281+0800: 6.427: [ParNew: 613439K->68095K(613440K), 0.0261593 secs] 3628986K->3207094K(4126208K), 0.0270895 secs] [Times: user=0.20 sys=0.00, real=0.03 secs] 
2021-01-22T00:39:24.387+0800: 6.532: [GC (Allocation Failure) 2021-01-22T00:39:24.387+0800: 6.533: [ParNew2021-01-22T00:39:24.417+0800: 6.562: [CMS-concurrent-abortable-preclean: 0.011/0.188 secs] [Times: user=0.55 sys=0.01, real=0.18 secs] 
: 613439K->68095K(613440K), 0.0586523 secs] 3752438K->3329134K(4126208K), 0.0594006 secs] [Times: user=0.43 sys=0.01, real=0.06 secs] 
2021-01-22T00:39:24.447+0800: 6.592: [GC (CMS Final Remark) [YG occupancy: 79049 K (613440 K)]2021-01-22T00:39:24.447+0800: 6.593: [Rescan (parallel) , 0.0037016 secs]2021-01-22T00:39:24.452+0800: 6.597: [weak refs processing, 0.0003252 secs]2021-01-22T00:39:24.452+0800: 6.598: [class unloading, 0.0005771 secs]2021-01-22T00:39:24.453+0800: 6.598: [scrub symbol table, 0.0006472 secs]2021-01-22T00:39:24.454+0800: 6.599: [scrub string table, 0.0009122 secs][1 CMS-remark: 3261039K(3512768K)] 3340088K(4126208K), 0.0081666 secs] [Times: user=0.02 sys=0.01, real=0.01 secs] 
2021-01-22T00:39:24.456+0800: 6.601: [CMS-concurrent-sweep-start]
2021-01-22T00:39:24.460+0800: 6.606: [CMS-concurrent-sweep: 0.004/0.004 secs] [Times: user=0.01 sys=0.00, real=0.01 secs] 
2021-01-22T00:39:24.461+0800: 6.606: [CMS-concurrent-reset-start]
2021-01-22T00:39:24.465+0800: 6.610: [CMS-concurrent-reset: 0.004/0.004 secs] [Times: user=0.00 sys=0.00, real=0.00 secs] 
2021-01-22T00:39:24.527+0800: 6.673: [GC (Allocation Failure) 2021-01-22T00:39:24.528+0800: 6.673: [ParNew: 613439K->68095K(613440K), 0.0308898 secs] 1166722K->749131K(4126208K), 0.0314655 secs] [Times: user=0.23 sys=0.01, real=0.04 secs] 
2021-01-22T00:39:24.628+0800: 6.774: [GC (Allocation Failure) 2021-01-22T00:39:24.629+0800: 6.774: [ParNew: 613439K->68094K(613440K), 0.0335983 secs] 1294475K->874764K(4126208K), 0.0341795 secs] [Times: user=0.25 sys=0.01, real=0.03 secs] 
2021-01-22T00:39:24.726+0800: 6.872: [GC (Allocation Failure) 2021-01-22T00:39:24.727+0800: 6.872: [ParNew: 613438K->68095K(613440K), 0.0354933 secs] 1420108K->1010014K(4126208K), 0.0360886 secs] [Times: user=0.28 sys=0.00, real=0.04 secs] 
2021-01-22T00:39:24.829+0800: 6.974: [GC (Allocation Failure) 2021-01-22T00:39:24.829+0800: 6.974: [ParNew: 613439K->68094K(613440K), 0.0298806 secs] 1555358K->1133086K(4126208K), 0.0310757 secs] [Times: user=0.23 sys=0.00, real=0.03 secs] 
2021-01-22T00:39:24.921+0800: 7.066: [GC (Allocation Failure) 2021-01-22T00:39:24.922+0800: 7.067: [ParNew: 613438K->68094K(613440K), 0.0292810 secs] 1678430K->1261634K(4126208K), 0.0301573 secs] [Times: user=0.22 sys=0.00, real=0.03 secs] 
2021-01-22T00:39:25.014+0800: 7.160: [GC (Allocation Failure) 2021-01-22T00:39:25.015+0800: 7.160: [ParNew: 613438K->68095K(613440K), 0.0328612 secs] 1806978K->1382885K(4126208K), 0.0333837 secs] [Times: user=0.25 sys=0.01, real=0.03 secs] 
2021-01-22T00:39:25.111+0800: 7.257: [GC (Allocation Failure) 2021-01-22T00:39:25.112+0800: 7.257: [ParNew: 613439K->68095K(613440K), 0.0304275 secs] 1928229K->1502575K(4126208K), 0.0311266 secs] [Times: user=0.23 sys=0.00, real=0.03 secs] 
2021-01-22T00:39:25.206+0800: 7.352: [GC (Allocation Failure) 2021-01-22T00:39:25.207+0800: 7.352: [ParNew: 613439K->68095K(613440K), 0.0312182 secs] 2047919K->1632637K(4126208K), 0.0319302 secs] [Times: user=0.23 sys=0.01, real=0.04 secs] 
2021-01-22T00:39:25.303+0800: 7.449: [GC (Allocation Failure) 2021-01-22T00:39:25.304+0800: 7.449: [ParNew: 613439K->68095K(613440K), 0.0278273 secs] 2177981K->1762053K(4126208K), 0.0287325 secs] [Times: user=0.22 sys=0.00, real=0.03 secs] 
2021-01-22T00:39:25.409+0800: 7.555: [GC (Allocation Failure) 2021-01-22T00:39:25.410+0800: 7.555: [ParNew: 613439K->68095K(613440K), 0.0385882 secs] 2307397K->1875493K(4126208K), 0.0390846 secs] [Times: user=0.30 sys=0.00, real=0.04 secs] 
2021-01-22T00:39:25.518+0800: 7.663: [GC (Allocation Failure) 2021-01-22T00:39:25.518+0800: 7.664: [ParNew: 613439K->68095K(613440K), 0.0381451 secs] 2420837K->1996251K(4126208K), 0.0387603 secs] [Times: user=0.27 sys=0.03, real=0.04 secs] 
2021-01-22T00:39:25.626+0800: 7.772: [GC (Allocation Failure) 2021-01-22T00:39:25.627+0800: 7.772: [ParNew: 613439K->68095K(613440K), 0.0264009 secs] 2541595K->2113938K(4126208K), 0.0270939 secs] [Times: user=0.20 sys=0.00, real=0.03 secs] 
2021-01-22T00:39:25.716+0800: 7.862: [GC (Allocation Failure) 2021-01-22T00:39:25.717+0800: 7.862: [ParNew: 613439K->68095K(613440K), 0.0277582 secs] 2659282K->2227537K(4126208K), 0.0285693 secs] [Times: user=0.22 sys=0.00, real=0.03 secs] 
2021-01-22T00:39:25.811+0800: 7.957: [GC (Allocation Failure) 2021-01-22T00:39:25.812+0800: 7.957: [ParNew: 613439K->68094K(613440K), 0.0272093 secs] 2772881K->2342026K(4126208K), 0.0278752 secs] [Times: user=0.21 sys=0.00, real=0.03 secs] 
2021-01-22T00:39:25.910+0800: 8.055: [GC (Allocation Failure) 2021-01-22T00:39:25.910+0800: 8.055: [ParNew: 613438K->68095K(613440K), 0.0279516 secs] 2887370K->2460183K(4126208K), 0.0285183 secs] [Times: user=0.22 sys=0.00, real=0.03 secs] 
2021-01-22T00:39:26.000+0800: 8.146: [GC (Allocation Failure) 2021-01-22T00:39:26.001+0800: 8.146: [ParNew: 613439K->68095K(613440K), 0.0301674 secs] 3005527K->2596708K(4126208K), 0.0310084 secs] [Times: user=0.23 sys=0.00, real=0.03 secs] 
2021-01-22T00:39:26.098+0800: 8.243: [GC (Allocation Failure) 2021-01-22T00:39:26.098+0800: 8.244: [ParNew: 613439K->68095K(613440K), 0.0379370 secs] 3142052K->2715771K(4126208K), 0.0391085 secs] [Times: user=0.29 sys=0.01, real=0.04 secs] 
2021-01-22T00:39:26.198+0800: 8.344: [GC (Allocation Failure) 2021-01-22T00:39:26.199+0800: 8.344: [ParNew: 613439K->68095K(613440K), 0.0289455 secs] 3261115K->2842551K(4126208K), 0.0297589 secs] [Times: user=0.21 sys=0.01, real=0.03 secs] 
2021-01-22T00:39:26.296+0800: 8.441: [GC (Allocation Failure) 2021-01-22T00:39:26.296+0800: 8.441: [ParNew: 613308K->68095K(613440K), 0.0297376 secs] 3387764K->2965458K(4126208K), 0.0304758 secs] [Times: user=0.23 sys=0.00, real=0.03 secs] 
2021-01-22T00:39:26.394+0800: 8.539: [GC (Allocation Failure) 2021-01-22T00:39:26.394+0800: 8.540: [ParNew: 613439K->68095K(613440K), 0.0312078 secs] 3510802K->3090932K(4126208K), 0.0319647 secs] [Times: user=0.24 sys=0.00, real=0.03 secs] 
2021-01-22T00:39:26.427+0800: 8.572: [GC (CMS Initial Mark) [1 CMS-initial-mark: 3022837K(3512768K)] 3102412K(4126208K), 0.0009914 secs] [Times: user=0.01 sys=0.00, real=0.00 secs] 
2021-01-22T00:39:26.428+0800: 8.574: [CMS-concurrent-mark-start]
2021-01-22T00:39:26.439+0800: 8.584: [CMS-concurrent-mark: 0.010/0.010 secs] [Times: user=0.03 sys=0.00, real=0.01 secs] 
2021-01-22T00:39:26.439+0800: 8.584: [CMS-concurrent-preclean-start]
2021-01-22T00:39:26.442+0800: 8.588: [CMS-concurrent-preclean: 0.003/0.003 secs] [Times: user=0.00 sys=0.00, real=0.00 secs] 
2021-01-22T00:39:26.443+0800: 8.588: [CMS-concurrent-abortable-preclean-start]
2021-01-22T00:39:26.498+0800: 8.643: [GC (Allocation Failure) 2021-01-22T00:39:26.498+0800: 8.643: [ParNew: 613439K->68095K(613440K), 0.0335962 secs] 3636276K->3218294K(4126208K), 0.0342964 secs] [Times: user=0.25 sys=0.01, real=0.04 secs] 
2021-01-22T00:39:26.597+0800: 8.742: [GC (Allocation Failure) 2021-01-22T00:39:26.597+0800: 8.742: [ParNew: 613439K->68095K(613440K), 0.0310727 secs] 3763638K->3336997K(4126208K), 0.0317956 secs] [Times: user=0.23 sys=0.01, real=0.04 secs] 
2021-01-22T00:39:26.691+0800: 8.836: [GC (Allocation Failure) 2021-01-22T00:39:26.691+0800: 8.837: [ParNew2021-01-22T00:39:26.737+0800: 8.882: [CMS-concurrent-abortable-preclean: 0.022/0.294 secs] [Times: user=1.02 sys=0.04, real=0.29 secs] 
: 613439K->68094K(613440K), 0.0522348 secs] 3882341K->3460336K(4126208K), 0.0527218 secs] [Times: user=0.37 sys=0.03, real=0.05 secs] 
2021-01-22T00:39:26.744+0800: 8.890: [GC (CMS Final Remark) [YG occupancy: 79219 K (613440 K)]2021-01-22T00:39:26.744+0800: 8.890: [Rescan (parallel) , 0.0015533 secs]2021-01-22T00:39:26.746+0800: 8.891: [weak refs processing, 0.0001411 secs]2021-01-22T00:39:26.746+0800: 8.892: [class unloading, 0.0003030 secs]2021-01-22T00:39:26.747+0800: 8.892: [scrub symbol table, 0.0004456 secs]2021-01-22T00:39:26.747+0800: 8.893: [scrub string table, 0.0002724 secs][1 CMS-remark: 3392242K(3512768K)] 3471462K(4126208K), 0.0035727 secs] [Times: user=0.01 sys=0.00, real=0.00 secs] 
2021-01-22T00:39:26.748+0800: 8.894: [CMS-concurrent-sweep-start]
2021-01-22T00:39:26.753+0800: 8.898: [CMS-concurrent-sweep: 0.004/0.004 secs] [Times: user=0.01 sys=0.00, real=0.00 secs] 
2021-01-22T00:39:26.753+0800: 8.898: [CMS-concurrent-reset-start]
2021-01-22T00:39:26.755+0800: 8.901: [CMS-concurrent-reset: 0.002/0.002 secs] [Times: user=0.00 sys=0.00, real=0.00 secs] 
2021-01-22T00:39:26.814+0800: 8.959: [GC (Allocation Failure) 2021-01-22T00:39:26.814+0800: 8.959: [ParNew: 613438K->68095K(613440K), 0.0282145 secs] 1289167K->867855K(4126208K), 0.0287149 secs] [Times: user=0.21 sys=0.00, real=0.03 secs] 
2021-01-22T00:39:26.910+0800: 9.055: [GC (Allocation Failure) 2021-01-22T00:39:26.910+0800: 9.056: [ParNew: 613439K->68095K(613440K), 0.0282352 secs] 1413199K->994532K(4126208K), 0.0288586 secs] [Times: user=0.22 sys=0.00, real=0.03 secs] 
2021-01-22T00:39:27.005+0800: 9.150: [GC (Allocation Failure) 2021-01-22T00:39:27.005+0800: 9.150: [ParNew: 613439K->68095K(613440K), 0.0350551 secs] 1539876K->1132290K(4126208K), 0.0357176 secs] [Times: user=0.26 sys=0.01, real=0.04 secs] 
2021-01-22T00:39:27.105+0800: 9.250: [GC (Allocation Failure) 2021-01-22T00:39:27.105+0800: 9.251: [ParNew: 613439K->68095K(613440K), 0.0265474 secs] 1677634K->1247864K(4126208K), 0.0274320 secs] [Times: user=0.20 sys=0.00, real=0.03 secs] 
2021-01-22T00:39:27.196+0800: 9.341: [GC (Allocation Failure) 2021-01-22T00:39:27.196+0800: 9.341: [ParNew: 613439K->68095K(613440K), 0.0288690 secs] 1793208K->1376835K(4126208K), 0.0296055 secs] [Times: user=0.23 sys=0.00, real=0.03 secs] 
2021-01-22T00:39:27.294+0800: 9.439: [GC (Allocation Failure) 2021-01-22T00:39:27.294+0800: 9.440: [ParNew: 613439K->68095K(613440K), 0.0366987 secs] 1922179K->1508748K(4126208K), 0.0373711 secs] [Times: user=0.28 sys=0.00, real=0.04 secs] 
2021-01-22T00:39:27.406+0800: 9.551: [GC (Allocation Failure) 2021-01-22T00:39:27.406+0800: 9.552: [ParNew: 613439K->68095K(613440K), 0.0365959 secs] 2054092K->1637912K(4126208K), 0.0371929 secs] [Times: user=0.28 sys=0.00, real=0.04 secs] 
2021-01-22T00:39:27.510+0800: 9.655: [GC (Allocation Failure) 2021-01-22T00:39:27.510+0800: 9.655: [ParNew: 613439K->68095K(613440K), 0.0261762 secs] 2183256K->1755549K(4126208K), 0.0268111 secs] [Times: user=0.20 sys=0.00, real=0.02 secs] 
2021-01-22T00:39:27.598+0800: 9.743: [GC (Allocation Failure) 2021-01-22T00:39:27.598+0800: 9.743: [ParNew: 613439K->68095K(613440K), 0.0296167 secs] 2300893K->1879479K(4126208K), 0.0302693 secs] [Times: user=0.22 sys=0.01, real=0.04 secs] 
2021-01-22T00:39:27.690+0800: 9.835: [GC (Allocation Failure) 2021-01-22T00:39:27.690+0800: 9.835: [ParNew: 613439K->68095K(613440K), 0.0283626 secs] 2424823K->2015498K(4126208K), 0.0290129 secs] [Times: user=0.20 sys=0.01, real=0.03 secs] 
2021-01-22T00:39:27.783+0800: 9.928: [GC (Allocation Failure) 2021-01-22T00:39:27.783+0800: 9.929: [ParNew: 613439K->68095K(613440K), 0.0289690 secs] 2560842K->2138133K(4126208K), 0.0299548 secs] [Times: user=0.22 sys=0.00, real=0.03 secs] 
2021-01-22T00:39:27.876+0800: 10.021: [GC (Allocation Failure) 2021-01-22T00:39:27.876+0800: 10.021: [ParNew: 613439K->68094K(613440K), 0.0287214 secs] 2683477K->2254453K(4126208K), 0.0294906 secs] [Times: user=0.22 sys=0.00, real=0.03 secs] 
2021-01-22T00:39:27.966+0800: 10.111: [GC (Allocation Failure) 2021-01-22T00:39:27.966+0800: 10.111: [ParNew: 613438K->68095K(613440K), 0.0304496 secs] 2799797K->2381959K(4126208K), 0.0310145 secs] [Times: user=0.23 sys=0.01, real=0.03 secs] 
2021-01-22T00:39:28.061+0800: 10.207: [GC (Allocation Failure) 2021-01-22T00:39:28.062+0800: 10.207: [ParNew: 613439K->68095K(613440K), 0.0336425 secs] 2927303K->2503205K(4126208K), 0.0343364 secs] [Times: user=0.24 sys=0.02, real=0.03 secs] 
2021-01-22T00:39:28.163+0800: 10.308: [GC (Allocation Failure) 2021-01-22T00:39:28.163+0800: 10.309: [ParNew: 613439K->68095K(613440K), 0.0277637 secs] 3048549K->2625284K(4126208K), 0.0283447 secs] [Times: user=0.20 sys=0.02, real=0.03 secs] 
2021-01-22T00:39:28.253+0800: 10.399: [GC (Allocation Failure) 2021-01-22T00:39:28.254+0800: 10.399: [ParNew: 613439K->68095K(613440K), 0.0272808 secs] 3170628K->2738708K(4126208K), 0.0283132 secs] [Times: user=0.22 sys=0.00, real=0.03 secs] 
2021-01-22T00:39:28.345+0800: 10.490: [GC (Allocation Failure) 2021-01-22T00:39:28.345+0800: 10.490: [ParNew: 613439K->68094K(613440K), 0.0268239 secs] 3284052K->2866328K(4126208K), 0.0275089 secs] [Times: user=0.21 sys=0.00, real=0.03 secs] 
2021-01-22T00:39:28.437+0800: 10.582: [GC (Allocation Failure) 2021-01-22T00:39:28.437+0800: 10.583: [ParNew: 613438K->68095K(613440K), 0.0264595 secs] 3411672K->2989787K(4126208K), 0.0273087 secs] [Times: user=0.21 sys=0.00, real=0.03 secs] 
2021-01-22T00:39:28.465+0800: 10.610: [GC (CMS Initial Mark) [1 CMS-initial-mark: 2921692K(3512768K)] 3000752K(4126208K), 0.0011747 secs] [Times: user=0.00 sys=0.00, real=0.00 secs] 
2021-01-22T00:39:28.467+0800: 10.613: [CMS-concurrent-mark-start]
2021-01-22T00:39:28.476+0800: 10.621: [CMS-concurrent-mark: 0.008/0.008 secs] [Times: user=0.02 sys=0.00, real=0.01 secs] 
2021-01-22T00:39:28.476+0800: 10.622: [CMS-concurrent-preclean-start]
2021-01-22T00:39:28.480+0800: 10.625: [CMS-concurrent-preclean: 0.003/0.003 secs] [Times: user=0.01 sys=0.00, real=0.01 secs] 
2021-01-22T00:39:28.480+0800: 10.625: [CMS-concurrent-abortable-preclean-start]
2021-01-22T00:39:28.541+0800: 10.687: [GC (Allocation Failure) 2021-01-22T00:39:28.542+0800: 10.687: [ParNew2021-01-22T00:39:28.586+0800: 10.732: [CMS-concurrent-abortable-preclean: 0.004/0.106 secs] [Times: user=0.41 sys=0.00, real=0.10 secs] 
: 613439K->68095K(613440K), 0.0450384 secs] 3535131K->3119451K(4126208K), 0.0457517 secs] [Times: user=0.34 sys=0.00, real=0.04 secs] 
2021-01-22T00:39:28.588+0800: 10.733: [GC (CMS Final Remark) [YG occupancy: 79238 K (613440 K)]2021-01-22T00:39:28.588+0800: 10.733: [Rescan (parallel) , 0.0022659 secs]2021-01-22T00:39:28.591+0800: 10.736: [weak refs processing, 0.0001829 secs]2021-01-22T00:39:28.591+0800: 10.736: [class unloading, 0.0003353 secs]2021-01-22T00:39:28.591+0800: 10.737: [scrub symbol table, 0.0005972 secs]2021-01-22T00:39:28.592+0800: 10.738: [scrub string table, 0.0004377 secs][1 CMS-remark: 3051355K(3512768K)] 3130593K(4126208K), 0.0050952 secs] [Times: user=0.02 sys=0.00, real=0.01 secs] 
2021-01-22T00:39:28.593+0800: 10.739: [CMS-concurrent-sweep-start]
2021-01-22T00:39:28.597+0800: 10.742: [CMS-concurrent-sweep: 0.004/0.004 secs] [Times: user=0.00 sys=0.00, real=0.00 secs] 
2021-01-22T00:39:28.608+0800: 10.754: [CMS-concurrent-reset-start]
2021-01-22T00:39:28.612+0800: 10.757: [CMS-concurrent-reset: 0.004/0.004 secs] [Times: user=0.00 sys=0.00, real=0.00 secs] 
2021-01-22T00:39:28.675+0800: 10.821: [GC (Allocation Failure) 2021-01-22T00:39:28.676+0800: 10.821: [ParNew: 613439K->68095K(613440K), 0.0453004 secs] 1031642K->608081K(4126208K), 0.0461185 secs] [Times: user=0.34 sys=0.00, real=0.05 secs] 
2021-01-22T00:39:28.786+0800: 10.931: [GC (Allocation Failure) 2021-01-22T00:39:28.786+0800: 10.931: [ParNew: 613439K->68095K(613440K), 0.0358467 secs] 1153425K->732987K(4126208K), 0.0365480 secs] [Times: user=0.26 sys=0.02, real=0.04 secs] 
2021-01-22T00:39:28.886+0800: 11.031: [GC (Allocation Failure) 2021-01-22T00:39:28.886+0800: 11.031: [ParNew: 613439K->68095K(613440K), 0.0269755 secs] 1278331K->858341K(4126208K), 0.0279912 secs] [Times: user=0.21 sys=0.00, real=0.03 secs] 
2021-01-22T00:39:28.981+0800: 11.126: [GC (Allocation Failure) 2021-01-22T00:39:28.981+0800: 11.126: [ParNew: 613439K->68095K(613440K), 0.0274680 secs] 1403685K->973505K(4126208K), 0.0281334 secs] [Times: user=0.21 sys=0.00, real=0.03 secs] 
2021-01-22T00:39:29.071+0800: 11.217: [GC (Allocation Failure) 2021-01-22T00:39:29.072+0800: 11.217: [ParNew: 613439K->68095K(613440K), 0.0261781 secs] 1518849K->1094022K(4126208K), 0.0266685 secs] [Times: user=0.20 sys=0.00, real=0.03 secs] 
2021-01-22T00:39:29.156+0800: 11.301: [GC (Allocation Failure) 2021-01-22T00:39:29.156+0800: 11.302: [ParNew: 613439K->68095K(613440K), 0.0384168 secs] 1639366K->1220305K(4126208K), 0.0392546 secs] [Times: user=0.30 sys=0.00, real=0.04 secs] 
2021-01-22T00:39:29.259+0800: 11.404: [GC (Allocation Failure) 2021-01-22T00:39:29.259+0800: 11.405: [ParNew: 613439K->68095K(613440K), 0.0306189 secs] 1765649K->1343841K(4126208K), 0.0313991 secs] [Times: user=0.23 sys=0.01, real=0.03 secs] 
2021-01-22T00:39:29.353+0800: 11.498: [GC (Allocation Failure) 2021-01-22T00:39:29.353+0800: 11.499: [ParNew: 613439K->68095K(613440K), 0.0280349 secs] 1889185K->1467361K(4126208K), 0.0287095 secs] [Times: user=0.22 sys=0.00, real=0.03 secs] 
2021-01-22T00:39:29.451+0800: 11.596: [GC (Allocation Failure) 2021-01-22T00:39:29.451+0800: 11.597: [ParNew: 613439K->68095K(613440K), 0.0273406 secs] 2012705K->1595138K(4126208K), 0.0283731 secs] [Times: user=0.22 sys=0.00, real=0.03 secs] 
2021-01-22T00:39:29.545+0800: 11.691: [GC (Allocation Failure) 2021-01-22T00:39:29.546+0800: 11.691: [ParNew: 613439K->68095K(613440K), 0.0307583 secs] 2140482K->1717838K(4126208K), 0.0314480 secs] [Times: user=0.24 sys=0.00, real=0.03 secs] 
2021-01-22T00:39:29.640+0800: 11.785: [GC (Allocation Failure) 2021-01-22T00:39:29.640+0800: 11.786: [ParNew: 613439K->68095K(613440K), 0.0345505 secs] 2263182K->1834933K(4126208K), 0.0352814 secs] [Times: user=0.28 sys=0.00, real=0.03 secs] 
2021-01-22T00:39:29.763+0800: 11.908: [GC (Allocation Failure) 2021-01-22T00:39:29.763+0800: 11.908: [ParNew: 613439K->68095K(613440K), 0.0368296 secs] 2380277K->1957527K(4126208K), 0.0373294 secs] [Times: user=0.28 sys=0.01, real=0.04 secs] 
2021-01-22T00:39:29.867+0800: 12.012: [GC (Allocation Failure) 2021-01-22T00:39:29.867+0800: 12.013: [ParNew: 613439K->68095K(613440K), 0.0258708 secs] 2502871K->2083055K(4126208K), 0.0265625 secs] [Times: user=0.21 sys=0.00, real=0.03 secs] 
2021-01-22T00:39:29.956+0800: 12.101: [GC (Allocation Failure) 2021-01-22T00:39:29.956+0800: 12.102: [ParNew: 613439K->68095K(613440K), 0.0351011 secs] 2628399K->2220590K(4126208K), 0.0360641 secs] [Times: user=0.26 sys=0.01, real=0.04 secs] 
2021-01-22T00:39:30.063+0800: 12.208: [GC (Allocation Failure) 2021-01-22T00:39:30.063+0800: 12.209: [ParNew: 613439K->68095K(613440K), 0.0314816 secs] 2765934K->2344018K(4126208K), 0.0323365 secs] [Times: user=0.24 sys=0.00, real=0.03 secs] 
2021-01-22T00:39:30.163+0800: 12.308: [GC (Allocation Failure) 2021-01-22T00:39:30.163+0800: 12.308: [ParNew: 613439K->68095K(613440K), 0.0266617 secs] 2889362K->2456755K(4126208K), 0.0273753 secs] [Times: user=0.21 sys=0.00, real=0.03 secs] 
2021-01-22T00:39:30.267+0800: 12.412: [GC (Allocation Failure) 2021-01-22T00:39:30.267+0800: 12.412: [ParNew: 613439K->68095K(613440K), 0.0477093 secs] 3002099K->2575835K(4126208K), 0.0485739 secs] [Times: user=0.35 sys=0.01, real=0.05 secs] 
2021-01-22T00:39:30.413+0800: 12.558: [GC (Allocation Failure) 2021-01-22T00:39:30.413+0800: 12.558: [ParNew: 613439K->68095K(613440K), 0.0406532 secs] 3121179K->2696222K(4126208K), 0.0412555 secs] [Times: user=0.31 sys=0.01, real=0.04 secs] 
2021-01-22T00:39:30.522+0800: 12.667: [GC (Allocation Failure) 2021-01-22T00:39:30.522+0800: 12.668: [ParNew: 613283K->68095K(613440K), 0.0294374 secs] 3241410K->2824456K(4126208K), 0.0299642 secs] [Times: user=0.23 sys=0.00, real=0.03 secs] 
2021-01-22T00:39:30.614+0800: 12.759: [GC (Allocation Failure) 2021-01-22T00:39:30.614+0800: 12.759: [ParNew: 613439K->68095K(613440K), 0.0376738 secs] 3369800K->2951492K(4126208K), 0.0382649 secs] [Times: user=0.30 sys=0.00, real=0.04 secs] 
2021-01-22T00:39:30.720+0800: 12.866: [GC (Allocation Failure) 2021-01-22T00:39:30.721+0800: 12.866: [ParNew: 613439K->68094K(613440K), 0.0288080 secs] 3496836K->3074653K(4126208K), 0.0293386 secs] [Times: user=0.22 sys=0.01, real=0.03 secs] 
2021-01-22T00:39:30.751+0800: 12.896: [GC (CMS Initial Mark) [1 CMS-initial-mark: 3006558K(3512768K)] 3086943K(4126208K), 0.0009470 secs] [Times: user=0.00 sys=0.00, real=0.00 secs] 
2021-01-22T00:39:30.752+0800: 12.897: [CMS-concurrent-mark-start]
2021-01-22T00:39:30.761+0800: 12.906: [CMS-concurrent-mark: 0.009/0.009 secs] [Times: user=0.03 sys=0.00, real=0.01 secs] 
2021-01-22T00:39:30.761+0800: 12.906: [CMS-concurrent-preclean-start]
2021-01-22T00:39:30.764+0800: 12.910: [CMS-concurrent-preclean: 0.004/0.004 secs] [Times: user=0.00 sys=0.00, real=0.00 secs] 
2021-01-22T00:39:30.765+0800: 12.910: [CMS-concurrent-abortable-preclean-start]
2021-01-22T00:39:30.833+0800: 12.978: [GC (Allocation Failure) 2021-01-22T00:39:30.833+0800: 12.979: [ParNew2021-01-22T00:39:30.868+0800: 13.013: [CMS-concurrent-abortable-preclean: 0.003/0.103 secs] [Times: user=0.31 sys=0.01, real=0.10 secs] 
: 613438K->68095K(613440K), 0.0635539 secs] 3619997K->3200205K(4126208K), 0.0642383 secs] [Times: user=0.43 sys=0.03, real=0.06 secs] 
2021-01-22T00:39:30.898+0800: 13.043: [GC (CMS Final Remark) [YG occupancy: 79833 K (613440 K)]2021-01-22T00:39:30.898+0800: 13.043: [Rescan (parallel) , 0.0022558 secs]2021-01-22T00:39:30.900+0800: 13.045: [weak refs processing, 0.0001452 secs]2021-01-22T00:39:30.900+0800: 13.046: [class unloading, 0.0002967 secs]2021-01-22T00:39:30.901+0800: 13.046: [scrub symbol table, 0.0003865 secs]2021-01-22T00:39:30.901+0800: 13.047: [scrub string table, 0.0002695 secs][1 CMS-remark: 3132109K(3512768K)] 3211943K(4126208K), 0.0041977 secs] [Times: user=0.01 sys=0.01, real=0.01 secs] 
2021-01-22T00:39:30.902+0800: 13.047: [CMS-concurrent-sweep-start]
2021-01-22T00:39:30.906+0800: 13.052: [CMS-concurrent-sweep: 0.004/0.004 secs] [Times: user=0.00 sys=0.00, real=0.00 secs] 
2021-01-22T00:39:30.907+0800: 13.052: [CMS-concurrent-reset-start]
2021-01-22T00:39:30.910+0800: 13.055: [CMS-concurrent-reset: 0.003/0.003 secs] [Times: user=0.01 sys=0.00, real=0.01 secs] 
2021-01-22T00:39:30.962+0800: 13.107: [GC (Allocation Failure) 2021-01-22T00:39:30.962+0800: 13.107: [ParNew: 613439K->68094K(613440K), 0.0324612 secs] 1042087K->614925K(4126208K), 0.0329219 secs] [Times: user=0.25 sys=0.00, real=0.03 secs] 
2021-01-22T00:39:31.058+0800: 13.204: [GC (Allocation Failure) 2021-01-22T00:39:31.059+0800: 13.204: [ParNew: 613438K->68095K(613440K), 0.0300131 secs] 1160269K->731592K(4126208K), 0.0305027 secs] [Times: user=0.24 sys=0.00, real=0.03 secs] 
2021-01-22T00:39:31.149+0800: 13.295: [GC (Allocation Failure) 2021-01-22T00:39:31.150+0800: 13.295: [ParNew: 613439K->68095K(613440K), 0.0344508 secs] 1276936K->854430K(4126208K), 0.0349668 secs] [Times: user=0.27 sys=0.00, real=0.03 secs] 
2021-01-22T00:39:31.253+0800: 13.399: [GC (Allocation Failure) 2021-01-22T00:39:31.254+0800: 13.399: [ParNew: 613439K->68094K(613440K), 0.0353977 secs] 1399774K->981316K(4126208K), 0.0360668 secs] [Times: user=0.27 sys=0.00, real=0.04 secs] 
2021-01-22T00:39:31.358+0800: 13.503: [GC (Allocation Failure) 2021-01-22T00:39:31.358+0800: 13.504: [ParNew: 613438K->68094K(613440K), 0.0425466 secs] 1526660K->1101076K(4126208K), 0.0431592 secs] [Times: user=0.32 sys=0.01, real=0.05 secs] 
2021-01-22T00:39:31.465+0800: 13.610: [GC (Allocation Failure) 2021-01-22T00:39:31.465+0800: 13.610: [ParNew: 613438K->68094K(613440K), 0.0349487 secs] 1646420K->1232140K(4126208K), 0.0354185 secs] [Times: user=0.27 sys=0.00, real=0.04 secs] 
2021-01-22T00:39:31.570+0800: 13.716: [GC (Allocation Failure) 2021-01-22T00:39:31.571+0800: 13.716: [ParNew: 613438K->68094K(613440K), 0.0335432 secs] 1777484K->1360195K(4126208K), 0.0340791 secs] [Times: user=0.24 sys=0.01, real=0.03 secs] 
2021-01-22T00:39:31.670+0800: 13.815: [GC (Allocation Failure) 2021-01-22T00:39:31.670+0800: 13.816: [ParNew: 613438K->68095K(613440K), 0.0284625 secs] 1905539K->1483933K(4126208K), 0.0289647 secs] [Times: user=0.22 sys=0.00, real=0.03 secs] 
2021-01-22T00:39:31.760+0800: 13.905: [GC (Allocation Failure) 2021-01-22T00:39:31.760+0800: 13.905: [ParNew: 613439K->68095K(613440K), 0.0320166 secs] 2029277K->1603652K(4126208K), 0.0326081 secs] [Times: user=0.23 sys=0.02, real=0.03 secs] 
2021-01-22T00:39:31.861+0800: 14.006: [GC (Allocation Failure) 2021-01-22T00:39:31.862+0800: 14.007: [ParNew: 613439K->68095K(613440K), 0.0356558 secs] 2148996K->1729307K(4126208K), 0.0364928 secs] [Times: user=0.27 sys=0.00, real=0.03 secs] 
2021-01-22T00:39:31.967+0800: 14.112: [GC (Allocation Failure) 2021-01-22T00:39:31.967+0800: 14.112: [ParNew: 613439K->68095K(613440K), 0.0295152 secs] 2274651K->1852118K(4126208K), 0.0302920 secs] [Times: user=0.24 sys=0.00, real=0.03 secs] 
2021-01-22T00:39:32.060+0800: 14.205: [GC (Allocation Failure) 2021-01-22T00:39:32.060+0800: 14.205: [ParNew: 613439K->68095K(613440K), 0.0323727 secs] 2397462K->1976758K(4126208K), 0.0329621 secs] [Times: user=0.25 sys=0.00, real=0.03 secs] 
2021-01-22T00:39:32.171+0800: 14.316: [GC (Allocation Failure) 2021-01-22T00:39:32.171+0800: 14.317: [ParNew: 613439K->68095K(613440K), 0.0384131 secs] 2522102K->2095091K(4126208K), 0.0389984 secs] [Times: user=0.30 sys=0.00, real=0.04 secs] 
2021-01-22T00:39:32.286+0800: 14.431: [GC (Allocation Failure) 2021-01-22T00:39:32.286+0800: 14.432: [ParNew: 613439K->68095K(613440K), 0.0353403 secs] 2640435K->2213230K(4126208K), 0.0358733 secs] [Times: user=0.27 sys=0.00, real=0.04 secs] 
2021-01-22T00:39:32.391+0800: 14.536: [GC (Allocation Failure) 2021-01-22T00:39:32.391+0800: 14.537: [ParNew: 613439K->68095K(613440K), 0.0307206 secs] 2758574K->2337364K(4126208K), 0.0312837 secs] [Times: user=0.24 sys=0.00, real=0.03 secs] 
2021-01-22T00:39:32.495+0800: 14.640: [GC (Allocation Failure) 2021-01-22T00:39:32.495+0800: 14.641: [ParNew: 613439K->68095K(613440K), 0.0290291 secs] 2882708K->2453253K(4126208K), 0.0295687 secs] [Times: user=0.21 sys=0.00, real=0.03 secs] 
2021-01-22T00:39:32.588+0800: 14.733: [GC (Allocation Failure) 2021-01-22T00:39:32.588+0800: 14.733: [ParNew: 613439K->68095K(613440K), 0.0330798 secs] 2998597K->2591500K(4126208K), 0.0337104 secs] [Times: user=0.25 sys=0.00, real=0.04 secs] 
2021-01-22T00:39:32.692+0800: 14.837: [GC (Allocation Failure) 2021-01-22T00:39:32.692+0800: 14.837: [ParNew: 613439K->68094K(613440K), 0.0299783 secs] 3136844K->2715587K(4126208K), 0.0304453 secs] [Times: user=0.23 sys=0.00, real=0.03 secs] 
2021-01-22T00:39:32.783+0800: 14.929: [GC (Allocation Failure) 2021-01-22T00:39:32.784+0800: 14.929: [ParNew: 613438K->68095K(613440K), 0.0278774 secs] 3260931K->2841147K(4126208K), 0.0285396 secs] [Times: user=0.22 sys=0.00, real=0.03 secs] 
2021-01-22T00:39:32.876+0800: 15.022: [GC (Allocation Failure) 2021-01-22T00:39:32.877+0800: 15.022: [ParNew: 613439K->68095K(613440K), 0.0295980 secs] 3386491K->2970597K(4126208K), 0.0301694 secs] [Times: user=0.23 sys=0.00, real=0.03 secs] 
2021-01-22T00:39:32.972+0800: 15.118: [GC (Allocation Failure) 2021-01-22T00:39:32.973+0800: 15.118: [ParNew: 613439K->68095K(613440K), 0.0300936 secs] 3515941K->3094388K(4126208K), 0.0306648 secs] [Times: user=0.23 sys=0.00, real=0.03 secs] 
2021-01-22T00:39:33.004+0800: 15.149: [GC (CMS Initial Mark) [1 CMS-initial-mark: 3026292K(3512768K)] 3105528K(4126208K), 0.0007931 secs] [Times: user=0.01 sys=0.00, real=0.00 secs] 
2021-01-22T00:39:33.005+0800: 15.150: [CMS-concurrent-mark-start]
2021-01-22T00:39:33.014+0800: 15.159: [CMS-concurrent-mark: 0.009/0.009 secs] [Times: user=0.02 sys=0.00, real=0.01 secs] 
2021-01-22T00:39:33.014+0800: 15.160: [CMS-concurrent-preclean-start]
2021-01-22T00:39:33.018+0800: 15.163: [CMS-concurrent-preclean: 0.003/0.003 secs] [Times: user=0.00 sys=0.00, real=0.00 secs] 
2021-01-22T00:39:33.018+0800: 15.163: [CMS-concurrent-abortable-preclean-start]
2021-01-22T00:39:33.068+0800: 15.213: [GC (Allocation Failure) 2021-01-22T00:39:33.068+0800: 15.214: [ParNew: 613439K->68095K(613440K), 0.0293235 secs] 3639732K->3224404K(4126208K), 0.0301359 secs] [Times: user=0.23 sys=0.00, real=0.04 secs] 
2021-01-22T00:39:33.163+0800: 15.309: [GC (Allocation Failure) 2021-01-22T00:39:33.164+0800: 15.309: [ParNew: 613439K->68095K(613440K), 0.0256371 secs] 3769748K->3340627K(4126208K), 0.0265193 secs] [Times: user=0.20 sys=0.00, real=0.03 secs] 
2021-01-22T00:39:33.253+0800: 15.398: [GC (Allocation Failure) 2021-01-22T00:39:33.253+0800: 15.399: [ParNew: 613439K->68095K(613440K), 0.0302864 secs] 3885971K->3467634K(4126208K), 0.0309198 secs] [Times: user=0.24 sys=0.00, real=0.03 secs] 
2021-01-22T00:39:33.349+0800: 15.494: [GC (Allocation Failure) 2021-01-22T00:39:33.349+0800: 15.494: [ParNew: 613439K->613439K(613440K), 0.0003531 secs]2021-01-22T00:39:33.350+0800: 15.495: [CMS2021-01-22T00:39:33.350+0800: 15.496: [CMS-concurrent-abortable-preclean: 0.029/0.332 secs] [Times: user=0.95 sys=0.00, real=0.34 secs] 
 (concurrent mode failure): 3399539K->381591K(3512768K), 0.0553292 secs] 4012978K->381591K(4126208K), [Metaspace: 2817K->2817K(1056768K)], 0.0568513 secs] [Times: user=0.05 sys=0.00, real=0.05 secs] 
2021-01-22T00:39:33.491+0800: 15.636: [GC (Allocation Failure) 2021-01-22T00:39:33.491+0800: 15.636: [ParNew: 545344K->68095K(613440K), 0.0331273 secs] 926935K->541820K(4126208K), 0.0336505 secs] [Times: user=0.25 sys=0.00, real=0.03 secs] 
2021-01-22T00:39:33.596+0800: 15.741: [GC (Allocation Failure) 2021-01-22T00:39:33.596+0800: 15.741: [ParNew: 613439K->68095K(613440K), 0.0369747 secs] 1087164K->666932K(4126208K), 0.0375538 secs] [Times: user=0.28 sys=0.01, real=0.04 secs] 
2021-01-22T00:39:33.696+0800: 15.841: [GC (Allocation Failure) 2021-01-22T00:39:33.696+0800: 15.841: [ParNew: 613439K->68095K(613440K), 0.0262043 secs] 1212276K->792008K(4126208K), 0.0270324 secs] [Times: user=0.21 sys=0.00, real=0.03 secs] 
2021-01-22T00:39:33.788+0800: 15.933: [GC (Allocation Failure) 2021-01-22T00:39:33.788+0800: 15.933: [ParNew: 613439K->68095K(613440K), 0.0342085 secs] 1337352K->926570K(4126208K), 0.0348163 secs] [Times: user=0.27 sys=0.00, real=0.04 secs] 
2021-01-22T00:39:33.890+0800: 16.035: [GC (Allocation Failure) 2021-01-22T00:39:33.890+0800: 16.035: [ParNew: 613439K->68095K(613440K), 0.0295996 secs] 1471914K->1054204K(4126208K), 0.0302735 secs] [Times: user=0.23 sys=0.00, real=0.03 secs] 
2021-01-22T00:39:33.985+0800: 16.131: [GC (Allocation Failure) 2021-01-22T00:39:33.986+0800: 16.131: [ParNew: 613439K->68095K(613440K), 0.0273475 secs] 1599548K->1169424K(4126208K), 0.0279906 secs] [Times: user=0.21 sys=0.00, real=0.03 secs] 
2021-01-22T00:39:34.081+0800: 16.226: [GC (Allocation Failure) 2021-01-22T00:39:34.081+0800: 16.226: [ParNew: 613439K->68095K(613440K), 0.0336594 secs] 1714768K->1307195K(4126208K), 0.0345433 secs] [Times: user=0.26 sys=0.00, real=0.03 secs] 
2021-01-22T00:39:34.185+0800: 16.331: [GC (Allocation Failure) 2021-01-22T00:39:34.186+0800: 16.331: [ParNew: 613439K->68095K(613440K), 0.0286203 secs] 1852539K->1429911K(4126208K), 0.0294640 secs] [Times: user=0.22 sys=0.00, real=0.03 secs] 
2021-01-22T00:39:34.282+0800: 16.428: [GC (Allocation Failure) 2021-01-22T00:39:34.283+0800: 16.428: [ParNew: 613439K->68094K(613440K), 0.0281722 secs] 1975255K->1553830K(4126208K), 0.0290858 secs] [Times: user=0.22 sys=0.00, real=0.03 secs] 
2021-01-22T00:39:34.378+0800: 16.524: [GC (Allocation Failure) 2021-01-22T00:39:34.379+0800: 16.524: [ParNew: 613438K->68095K(613440K), 0.0392574 secs] 2099174K->1676086K(4126208K), 0.0403828 secs] [Times: user=0.30 sys=0.01, real=0.04 secs] 
2021-01-22T00:39:34.495+0800: 16.640: [GC (Allocation Failure) 2021-01-22T00:39:34.495+0800: 16.641: [ParNew: 613439K->68095K(613440K), 0.0303395 secs] 2221430K->1805121K(4126208K), 0.0308478 secs] [Times: user=0.24 sys=0.00, real=0.03 secs] 
2021-01-22T00:39:34.591+0800: 16.736: [GC (Allocation Failure) 2021-01-22T00:39:34.592+0800: 16.737: [ParNew: 613439K->68094K(613440K), 0.0266644 secs] 2350465K->1921984K(4126208K), 0.0276288 secs] [Times: user=0.19 sys=0.01, real=0.03 secs] 
2021-01-22T00:39:34.681+0800: 16.826: [GC (Allocation Failure) 2021-01-22T00:39:34.681+0800: 16.827: [ParNew: 613438K->68095K(613440K), 0.0282172 secs] 2467328K->2055286K(4126208K), 0.0288039 secs] [Times: user=0.22 sys=0.00, real=0.03 secs] 
2021-01-22T00:39:34.770+0800: 16.915: [GC (Allocation Failure) 2021-01-22T00:39:34.770+0800: 16.916: [ParNew: 613439K->68094K(613440K), 0.0317493 secs] 2600630K->2173871K(4126208K), 0.0323588 secs] [Times: user=0.23 sys=0.02, real=0.03 secs] 
2021-01-22T00:39:34.864+0800: 17.010: [GC (Allocation Failure) 2021-01-22T00:39:34.865+0800: 17.010: [ParNew: 613438K->68095K(613440K), 0.0395609 secs] 2719215K->2312509K(4126208K), 0.0402428 secs] [Times: user=0.30 sys=0.00, real=0.04 secs] 
2021-01-22T00:39:34.968+0800: 17.113: [GC (Allocation Failure) 2021-01-22T00:39:34.968+0800: 17.113: [ParNew: 613439K->68095K(613440K), 0.0257964 secs] 2857853K->2432919K(4126208K), 0.0263087 secs] [Times: user=0.19 sys=0.01, real=0.03 secs] 
2021-01-22T00:39:35.054+0800: 17.200: [GC (Allocation Failure) 2021-01-22T00:39:35.055+0800: 17.200: [ParNew: 613439K->68095K(613440K), 0.0289087 secs] 2978263K->2569145K(4126208K), 0.0295618 secs] [Times: user=0.23 sys=0.00, real=0.03 secs] 
2021-01-22T00:39:35.142+0800: 17.288: [GC (Allocation Failure) 2021-01-22T00:39:35.143+0800: 17.288: [ParNew: 613439K->68095K(613440K), 0.0272647 secs] 3114489K->2691380K(4126208K), 0.0279590 secs] [Times: user=0.21 sys=0.01, real=0.03 secs] 
2021-01-22T00:39:35.230+0800: 17.375: [GC (Allocation Failure) 2021-01-22T00:39:35.230+0800: 17.376: [ParNew: 613439K->68095K(613440K), 0.0277191 secs] 3236724K->2826894K(4126208K), 0.0283699 secs] [Times: user=0.20 sys=0.01, real=0.03 secs] 
2021-01-22T00:39:35.322+0800: 17.467: [GC (Allocation Failure) 2021-01-22T00:39:35.322+0800: 17.467: [ParNew: 613439K->68095K(613440K), 0.0295466 secs] 3372238K->2954151K(4126208K), 0.0305021 secs] [Times: user=0.23 sys=0.00, real=0.03 secs] 
2021-01-22T00:39:35.411+0800: 17.556: [GC (Allocation Failure) 2021-01-22T00:39:35.411+0800: 17.557: [ParNew: 613439K->68095K(613440K), 0.0270630 secs] 3499495K->3079910K(4126208K), 0.0277675 secs] [Times: user=0.21 sys=0.00, real=0.03 secs] 
2021-01-22T00:39:35.440+0800: 17.585: [GC (CMS Initial Mark) [1 CMS-initial-mark: 3011814K(3512768K)] 3091119K(4126208K), 0.0009826 secs] [Times: user=0.00 sys=0.00, real=0.00 secs] 
2021-01-22T00:39:35.441+0800: 17.587: [CMS-concurrent-mark-start]
2021-01-22T00:39:35.449+0800: 17.594: [CMS-concurrent-mark: 0.008/0.008 secs] [Times: user=0.02 sys=0.00, real=0.01 secs] 
2021-01-22T00:39:35.449+0800: 17.595: [CMS-concurrent-preclean-start]
2021-01-22T00:39:35.453+0800: 17.598: [CMS-concurrent-preclean: 0.003/0.003 secs] [Times: user=0.01 sys=0.00, real=0.00 secs] 
2021-01-22T00:39:35.453+0800: 17.598: [CMS-concurrent-abortable-preclean-start]
2021-01-22T00:39:35.504+0800: 17.650: [GC (Allocation Failure) 2021-01-22T00:39:35.505+0800: 17.650: [ParNew: 613439K->68095K(613440K), 0.0290572 secs] 3625254K->3208521K(4126208K), 0.0296563 secs] [Times: user=0.22 sys=0.00, real=0.03 secs] 
2021-01-22T00:39:35.595+0800: 17.740: [GC (Allocation Failure) 2021-01-22T00:39:35.595+0800: 17.740: [ParNew: 613439K->68095K(613440K), 0.0281398 secs] 3753865K->3331074K(4126208K), 0.0289493 secs] [Times: user=0.22 sys=0.00, real=0.03 secs] 
2021-01-22T00:39:35.686+0800: 17.832: [GC (Allocation Failure) 2021-01-22T00:39:35.687+0800: 17.832: [ParNew: 613439K->68095K(613440K), 0.0290926 secs] 3876418K->3452773K(4126208K), 0.0297267 secs] [Times: user=0.23 sys=0.00, real=0.03 secs] 
2021-01-22T00:39:35.775+0800: 17.920: [GC (Allocation Failure) 2021-01-22T00:39:35.775+0800: 17.921: [ParNew: 613439K->613439K(613440K), 0.0002518 secs]2021-01-22T00:39:35.776+0800: 17.921: [CMS2021-01-22T00:39:35.776+0800: 17.921: [CMS-concurrent-abortable-preclean: 0.031/0.323 secs] [Times: user=0.93 sys=0.00, real=0.32 secs] 
 (concurrent mode failure): 3384678K->371313K(3512768K), 0.0545565 secs] 3998117K->371313K(4126208K), [Metaspace: 2817K->2817K(1056768K)], 0.0557629 secs] [Times: user=0.06 sys=0.00, real=0.06 secs] 
2021-01-22T00:39:35.893+0800: 18.038: [GC (Allocation Failure) 2021-01-22T00:39:35.893+0800: 18.039: [ParNew: 545344K->68095K(613440K), 0.0227236 secs] 916657K->519884K(4126208K), 0.0238027 secs] [Times: user=0.16 sys=0.00, real=0.02 secs] 
2021-01-22T00:39:35.982+0800: 18.127: [GC (Allocation Failure) 2021-01-22T00:39:35.982+0800: 18.127: [ParNew: 613439K->68095K(613440K), 0.0292839 secs] 1065228K->640485K(4126208K), 0.0301158 secs] [Times: user=0.23 sys=0.00, real=0.03 secs] 
2021-01-22T00:39:36.083+0800: 18.228: [GC (Allocation Failure) 2021-01-22T00:39:36.083+0800: 18.228: [ParNew: 613439K->68095K(613440K), 0.0290773 secs] 1185829K->761384K(4126208K), 0.0298286 secs] [Times: user=0.23 sys=0.00, real=0.03 secs] 
2021-01-22T00:39:36.177+0800: 18.323: [GC (Allocation Failure) 2021-01-22T00:39:36.178+0800: 18.323: [ParNew: 613439K->68095K(613440K), 0.0264068 secs] 1306728K->888987K(4126208K), 0.0273477 secs] [Times: user=0.21 sys=0.00, real=0.03 secs] 
2021-01-22T00:39:36.271+0800: 18.417: [GC (Allocation Failure) 2021-01-22T00:39:36.272+0800: 18.417: [ParNew: 613439K->68095K(613440K), 0.0257843 secs] 1434331K->1002605K(4126208K), 0.0264960 secs] [Times: user=0.20 sys=0.00, real=0.02 secs] 
2021-01-22T00:39:36.362+0800: 18.507: [GC (Allocation Failure) 2021-01-22T00:39:36.362+0800: 18.507: [ParNew: 613439K->68094K(613440K), 0.0280087 secs] 1547949K->1124205K(4126208K), 0.0289042 secs] [Times: user=0.22 sys=0.00, real=0.03 secs] 
2021-01-22T00:39:36.456+0800: 18.601: [GC (Allocation Failure) 2021-01-22T00:39:36.457+0800: 18.602: [ParNew: 613438K->68095K(613440K), 0.0286678 secs] 1669549K->1241412K(4126208K), 0.0294421 secs] [Times: user=0.21 sys=0.01, real=0.03 secs] 
2021-01-22T00:39:36.551+0800: 18.697: [GC (Allocation Failure) 2021-01-22T00:39:36.552+0800: 18.697: [ParNew: 613439K->68095K(613440K), 0.0253979 secs] 1786756K->1354721K(4126208K), 0.0263256 secs] [Times: user=0.20 sys=0.00, real=0.02 secs] 
2021-01-22T00:39:36.640+0800: 18.785: [GC (Allocation Failure) 2021-01-22T00:39:36.640+0800: 18.786: [ParNew: 613439K->68095K(613440K), 0.0255608 secs] 1900065K->1477931K(4126208K), 0.0266280 secs] [Times: user=0.20 sys=0.00, real=0.02 secs] 
2021-01-22T00:39:36.730+0800: 18.875: [GC (Allocation Failure) 2021-01-22T00:39:36.730+0800: 18.876: [ParNew: 613439K->68095K(613440K), 0.0295406 secs] 2023275K->1604335K(4126208K), 0.0304398 secs] [Times: user=0.23 sys=0.00, real=0.03 secs] 
2021-01-22T00:39:36.824+0800: 18.970: [GC (Allocation Failure) 2021-01-22T00:39:36.825+0800: 18.970: [ParNew: 613439K->68095K(613440K), 0.0277010 secs] 2149679K->1728438K(4126208K), 0.0285257 secs] [Times: user=0.22 sys=0.00, real=0.03 secs] 
2021-01-22T00:39:36.919+0800: 19.064: [GC (Allocation Failure) 2021-01-22T00:39:36.920+0800: 19.065: [ParNew: 613439K->68095K(613440K), 0.0285579 secs] 2273782K->1856222K(4126208K), 0.0294556 secs] [Times: user=0.22 sys=0.00, real=0.03 secs] 
2021-01-22T00:39:37.015+0800: 19.160: [GC (Allocation Failure) 2021-01-22T00:39:37.015+0800: 19.160: [ParNew: 613439K->68095K(613440K), 0.0252149 secs] 2401566K->1967599K(4126208K), 0.0260988 secs] [Times: user=0.18 sys=0.01, real=0.03 secs] 
2021-01-22T00:39:37.105+0800: 19.251: [GC (Allocation Failure) 2021-01-22T00:39:37.106+0800: 19.251: [ParNew: 613439K->68095K(613440K), 0.0265586 secs] 2512943K->2084901K(4126208K), 0.0274758 secs] [Times: user=0.21 sys=0.00, real=0.03 secs] 
2021-01-22T00:39:37.201+0800: 19.346: [GC (Allocation Failure) 2021-01-22T00:39:37.201+0800: 19.346: [ParNew: 613439K->68094K(613440K), 0.0385540 secs] 2630245K->2212171K(4126208K), 0.0392040 secs] [Times: user=0.29 sys=0.01, real=0.04 secs] 
2021-01-22T00:39:37.303+0800: 19.449: [GC (Allocation Failure) 2021-01-22T00:39:37.304+0800: 19.449: [ParNew: 613438K->68095K(613440K), 0.0262658 secs] 2757515K->2334230K(4126208K), 0.0271114 secs] [Times: user=0.21 sys=0.00, real=0.03 secs] 
2021-01-22T00:39:37.394+0800: 19.539: [GC (Allocation Failure) 2021-01-22T00:39:37.395+0800: 19.540: [ParNew: 613439K->68094K(613440K), 0.0269852 secs] 2879574K->2455452K(4126208K), 0.0279541 secs] [Times: user=0.21 sys=0.00, real=0.03 secs] 
2021-01-22T00:39:37.488+0800: 19.633: [GC (Allocation Failure) 2021-01-22T00:39:37.488+0800: 19.633: [ParNew: 613438K->68095K(613440K), 0.0287680 secs] 3000796K->2578576K(4126208K), 0.0299070 secs] [Times: user=0.22 sys=0.00, real=0.03 secs] 
2021-01-22T00:39:37.582+0800: 19.728: [GC (Allocation Failure) 2021-01-22T00:39:37.583+0800: 19.728: [ParNew: 613439K->68094K(613440K), 0.0288853 secs] 3123920K->2709294K(4126208K), 0.0297465 secs] [Times: user=0.23 sys=0.00, real=0.03 secs] 
2021-01-22T00:39:37.679+0800: 19.824: [GC (Allocation Failure) 2021-01-22T00:39:37.679+0800: 19.824: [ParNew: 613438K->68095K(613440K), 0.0282672 secs] 3254638K->2833683K(4126208K), 0.0290511 secs] [Times: user=0.22 sys=0.00, real=0.02 secs] 
2021-01-22T00:39:37.780+0800: 19.925: [GC (Allocation Failure) 2021-01-22T00:39:37.780+0800: 19.926: [ParNew: 613439K->68095K(613440K), 0.0265392 secs] 3379027K->2953048K(4126208K), 0.0272649 secs] [Times: user=0.20 sys=0.00, real=0.02 secs] 
2021-01-22T00:39:37.867+0800: 20.012: [GC (Allocation Failure) 2021-01-22T00:39:37.867+0800: 20.013: [ParNew: 613195K->68095K(613440K), 0.0264062 secs] 3498148K->3081663K(4126208K), 0.0272364 secs] [Times: user=0.21 sys=0.00, real=0.03 secs] 
2021-01-22T00:39:37.895+0800: 20.040: [GC (CMS Initial Mark) [1 CMS-initial-mark: 3013567K(3512768K)] 3092705K(4126208K), 0.0011168 secs] [Times: user=0.00 sys=0.00, real=0.00 secs] 
2021-01-22T00:39:37.897+0800: 20.042: [CMS-concurrent-mark-start]
2021-01-22T00:39:37.904+0800: 20.049: [CMS-concurrent-mark: 0.007/0.007 secs] [Times: user=0.02 sys=0.00, real=0.01 secs] 
2021-01-22T00:39:37.904+0800: 20.050: [CMS-concurrent-preclean-start]
2021-01-22T00:39:37.909+0800: 20.054: [CMS-concurrent-preclean: 0.004/0.004 secs] [Times: user=0.01 sys=0.00, real=0.01 secs] 
2021-01-22T00:39:37.909+0800: 20.054: [CMS-concurrent-abortable-preclean-start]
2021-01-22T00:39:37.962+0800: 20.108: [GC (Allocation Failure) 2021-01-22T00:39:37.963+0800: 20.108: [ParNew: 612985K->68094K(613440K), 0.0256282 secs] 3626553K->3206103K(4126208K), 0.0264791 secs] [Times: user=0.20 sys=0.00, real=0.03 secs] 
2021-01-22T00:39:38.054+0800: 20.199: [GC (Allocation Failure) 2021-01-22T00:39:38.054+0800: 20.199: [ParNew: 613286K->68095K(613440K), 0.0260622 secs] 3751295K->3327151K(4126208K), 0.0266799 secs] [Times: user=0.20 sys=0.00, real=0.03 secs] 
2021-01-22T00:39:38.144+0800: 20.290: [GC (Allocation Failure) 2021-01-22T00:39:38.145+0800: 20.290: [ParNew: 613439K->68095K(613440K), 0.0250834 secs] 3872495K->3441556K(4126208K), 0.0260271 secs] [Times: user=0.19 sys=0.00, real=0.03 secs] 
2021-01-22T00:39:38.234+0800: 20.380: [GC (Allocation Failure) 2021-01-22T00:39:38.235+0800: 20.380: [ParNew: 613439K->68095K(613440K), 0.0325992 secs] 3986900K->3566246K(4126208K), 0.0338147 secs] [Times: user=0.25 sys=0.00, real=0.04 secs] 
2021-01-22T00:39:38.269+0800: 20.414: [CMS-concurrent-abortable-preclean: 0.026/0.360 secs] [Times: user=1.12 sys=0.00, real=0.36 secs] 
2021-01-22T00:39:38.289+0800: 20.434: [GC (CMS Final Remark) [YG occupancy: 237275 K (613440 K)]2021-01-22T00:39:38.289+0800: 20.434: [Rescan (parallel) , 0.0021721 secs]2021-01-22T00:39:38.291+0800: 20.437: [weak refs processing, 0.0002730 secs]2021-01-22T00:39:38.292+0800: 20.437: [class unloading, 0.0005318 secs]2021-01-22T00:39:38.292+0800: 20.438: [scrub symbol table, 0.0006231 secs]2021-01-22T00:39:38.293+0800: 20.439: [scrub string table, 0.0006374 secs][1 CMS-remark: 3498150K(3512768K)] 3735426K(4126208K), 0.0056693 secs] [Times: user=0.01 sys=0.00, real=0.00 secs] 
2021-01-22T00:39:38.295+0800: 20.440: [CMS-concurrent-sweep-start]
2021-01-22T00:39:38.298+0800: 20.443: [CMS-concurrent-sweep: 0.003/0.003 secs] [Times: user=0.01 sys=0.00, real=0.00 secs] 
2021-01-22T00:39:38.298+0800: 20.444: [CMS-concurrent-reset-start]
2021-01-22T00:39:38.301+0800: 20.447: [CMS-concurrent-reset: 0.003/0.003 secs] [Times: user=0.00 sys=0.00, real=0.00 secs] 
2021-01-22T00:39:38.340+0800: 20.485: [GC (Allocation Failure) 2021-01-22T00:39:38.340+0800: 20.486: [ParNew: 613439K->68095K(613440K), 0.0275843 secs] 1404239K->986191K(4126208K), 0.0283967 secs] [Times: user=0.21 sys=0.00, real=0.03 secs] 
2021-01-22T00:39:38.429+0800: 20.574: [GC (Allocation Failure) 2021-01-22T00:39:38.429+0800: 20.574: [ParNew: 613439K->68095K(613440K), 0.0288039 secs] 1531535K->1120937K(4126208K), 0.0293941 secs] [Times: user=0.22 sys=0.00, real=0.03 secs] 
2021-01-22T00:39:38.518+0800: 20.663: [GC (Allocation Failure) 2021-01-22T00:39:38.518+0800: 20.664: [ParNew: 613439K->68095K(613440K), 0.0255224 secs] 1666281K->1243848K(4126208K), 0.0263000 secs] [Times: user=0.20 sys=0.00, real=0.03 secs] 
2021-01-22T00:39:38.605+0800: 20.750: [GC (Allocation Failure) 2021-01-22T00:39:38.605+0800: 20.751: [ParNew: 613439K->68095K(613440K), 0.0242600 secs] 1789192K->1364904K(4126208K), 0.0248501 secs] [Times: user=0.19 sys=0.00, real=0.03 secs] 
2021-01-22T00:39:38.693+0800: 20.838: [GC (Allocation Failure) 2021-01-22T00:39:38.693+0800: 20.838: [ParNew: 613439K->68095K(613440K), 0.0259918 secs] 1910248K->1487822K(4126208K), 0.0269642 secs] [Times: user=0.20 sys=0.01, real=0.03 secs] 
2021-01-22T00:39:38.785+0800: 20.931: [GC (Allocation Failure) 2021-01-22T00:39:38.786+0800: 20.931: [ParNew: 613439K->68095K(613440K), 0.0255978 secs] 2033166K->1617176K(4126208K), 0.0265425 secs] [Times: user=0.20 sys=0.00, real=0.03 secs] 
2021-01-22T00:39:38.876+0800: 21.022: [GC (Allocation Failure) 2021-01-22T00:39:38.877+0800: 21.022: [ParNew: 613439K->68095K(613440K), 0.0254149 secs] 2162520K->1738143K(4126208K), 0.0262751 secs] [Times: user=0.20 sys=0.00, real=0.03 secs] 
2021-01-22T00:39:38.966+0800: 21.112: [GC (Allocation Failure) 2021-01-22T00:39:38.967+0800: 21.112: [ParNew: 613439K->68095K(613440K), 0.0268315 secs] 2283487K->1863937K(4126208K), 0.0277460 secs] [Times: user=0.20 sys=0.01, real=0.03 secs] 
2021-01-22T00:39:39.053+0800: 21.199: [GC (Allocation Failure) 2021-01-22T00:39:39.054+0800: 21.199: [ParNew: 613439K->68095K(613440K), 0.0268076 secs] 2409281K->1990466K(4126208K), 0.0276025 secs] [Times: user=0.20 sys=0.00, real=0.03 secs] 
2021-01-22T00:39:39.145+0800: 21.290: [GC (Allocation Failure) 2021-01-22T00:39:39.145+0800: 21.290: [ParNew: 613439K->68095K(613440K), 0.0272597 secs] 2535810K->2120454K(4126208K), 0.0282532 secs] [Times: user=0.21 sys=0.00, real=0.03 secs] 
2021-01-22T00:39:39.239+0800: 21.384: [GC (Allocation Failure) 2021-01-22T00:39:39.239+0800: 21.384: [ParNew: 613439K->68095K(613440K), 0.0266947 secs] 2665798K->2244931K(4126208K), 0.0277717 secs] [Times: user=0.21 sys=0.00, real=0.02 secs] 
2021-01-22T00:39:39.332+0800: 21.478: [GC (Allocation Failure) 2021-01-22T00:39:39.333+0800: 21.478: [ParNew: 613439K->68094K(613440K), 0.0258546 secs] 2790275K->2366562K(4126208K), 0.0267627 secs] [Times: user=0.20 sys=0.00, real=0.03 secs] 
2021-01-22T00:39:39.428+0800: 21.574: [GC (Allocation Failure) 2021-01-22T00:39:39.429+0800: 21.574: [ParNew: 613438K->68095K(613440K), 0.0301465 secs] 2911906K->2488629K(4126208K), 0.0307925 secs] [Times: user=0.22 sys=0.01, real=0.03 secs] 
2021-01-22T00:39:39.523+0800: 21.668: [GC (Allocation Failure) 2021-01-22T00:39:39.524+0800: 21.669: [ParNew: 613439K->68095K(613440K), 0.0270161 secs] 3033973K->2623086K(4126208K), 0.0278484 secs] [Times: user=0.21 sys=0.00, real=0.03 secs] 
2021-01-22T00:39:39.613+0800: 21.758: [GC (Allocation Failure) 2021-01-22T00:39:39.613+0800: 21.759: [ParNew: 613439K->68095K(613440K), 0.0288055 secs] 3168430K->2744473K(4126208K), 0.0296125 secs] [Times: user=0.22 sys=0.00, real=0.03 secs] 
2021-01-22T00:39:39.707+0800: 21.852: [GC (Allocation Failure) 2021-01-22T00:39:39.707+0800: 21.853: [ParNew: 613439K->68094K(613440K), 0.0267627 secs] 3289817K->2865557K(4126208K), 0.0275224 secs] [Times: user=0.20 sys=0.01, real=0.03 secs] 
2021-01-22T00:39:39.797+0800: 21.942: [GC (Allocation Failure) 2021-01-22T00:39:39.797+0800: 21.943: [ParNew: 613438K->68095K(613440K), 0.0353522 secs] 3410901K->2985691K(4126208K), 0.0361460 secs] [Times: user=0.26 sys=0.01, real=0.04 secs] 
2021-01-22T00:39:39.834+0800: 21.979: [GC (CMS Initial Mark) [1 CMS-initial-mark: 2917595K(3512768K)] 2996928K(4126208K), 0.0012418 secs] [Times: user=0.00 sys=0.00, real=0.00 secs] 
2021-01-22T00:39:39.836+0800: 21.981: [CMS-concurrent-mark-start]
2021-01-22T00:39:39.846+0800: 21.991: [CMS-concurrent-mark: 0.010/0.010 secs] [Times: user=0.03 sys=0.00, real=0.01 secs] 
2021-01-22T00:39:39.846+0800: 21.991: [CMS-concurrent-preclean-start]
2021-01-22T00:39:39.849+0800: 21.995: [CMS-concurrent-preclean: 0.003/0.003 secs] [Times: user=0.01 sys=0.00, real=0.01 secs] 
2021-01-22T00:39:39.850+0800: 21.995: [CMS-concurrent-abortable-preclean-start]
2021-01-22T00:39:39.906+0800: 22.051: [GC (Allocation Failure) 2021-01-22T00:39:39.906+0800: 22.052: [ParNew: 613439K->68094K(613440K), 0.0247235 secs] 3531035K->3102462K(4126208K), 0.0255090 secs] [Times: user=0.20 sys=0.00, real=0.03 secs] 
2021-01-22T00:39:39.996+0800: 22.141: [GC (Allocation Failure) 2021-01-22T00:39:39.996+0800: 22.142: [ParNew: 613438K->68094K(613440K), 0.0308015 secs] 3647806K->3232649K(4126208K), 0.0315610 secs] [Times: user=0.24 sys=0.00, real=0.03 secs] 
2021-01-22T00:39:40.093+0800: 22.239: [GC (Allocation Failure) 2021-01-22T00:39:40.094+0800: 22.239: [ParNew: 613438K->68095K(613440K), 0.0256404 secs] 3777993K->3356751K(4126208K), 0.0264735 secs] [Times: user=0.19 sys=0.01, real=0.03 secs] 
2021-01-22T00:39:40.181+0800: 22.326: [GC (Allocation Failure) 2021-01-22T00:39:40.181+0800: 22.326: [ParNew: 613439K->68095K(613440K), 0.0277620 secs] 3902095K->3470233K(4126208K), 0.0286725 secs] [Times: user=0.21 sys=0.01, real=0.03 secs] 
2021-01-22T00:39:40.276+0800: 22.421: [GC (Allocation Failure) 2021-01-22T00:39:40.276+0800: 22.421: [ParNew: 613439K->613439K(613440K), 0.0002957 secs]2021-01-22T00:39:40.277+0800: 22.422: [CMS2021-01-22T00:39:40.277+0800: 22.422: [CMS-concurrent-abortable-preclean: 0.040/0.427 secs] [Times: user=1.18 sys=0.02, real=0.42 secs] 
 (concurrent mode failure): 3402137K->363845K(3512768K), 0.0537353 secs] 4015577K->363845K(4126208K), [Metaspace: 2817K->2817K(1056768K)], 0.0550760 secs] [Times: user=0.05 sys=0.00, real=0.06 secs] 
2021-01-22T00:39:40.396+0800: 22.541: [GC (Allocation Failure) 2021-01-22T00:39:40.396+0800: 22.541: [ParNew: 545344K->68095K(613440K), 0.0234244 secs] 909189K->522733K(4126208K), 0.0243023 secs] [Times: user=0.17 sys=0.00, real=0.03 secs] 
2021-01-22T00:39:40.485+0800: 22.630: [GC (Allocation Failure) 2021-01-22T00:39:40.486+0800: 22.631: [ParNew: 613439K->68095K(613440K), 0.0263354 secs] 1068077K->640415K(4126208K), 0.0274699 secs] [Times: user=0.20 sys=0.00, real=0.03 secs] 
2021-01-22T00:39:40.583+0800: 22.728: [GC (Allocation Failure) 2021-01-22T00:39:40.583+0800: 22.728: [ParNew: 613439K->68095K(613440K), 0.0296920 secs] 1185759K->764622K(4126208K), 0.0304720 secs] [Times: user=0.23 sys=0.00, real=0.03 secs] 
2021-01-22T00:39:40.677+0800: 22.822: [GC (Allocation Failure) 2021-01-22T00:39:40.677+0800: 22.822: [ParNew: 613439K->68095K(613440K), 0.0264729 secs] 1309966K->889653K(4126208K), 0.0273095 secs] [Times: user=0.20 sys=0.00, real=0.03 secs] 
2021-01-22T00:39:40.772+0800: 22.917: [GC (Allocation Failure) 2021-01-22T00:39:40.773+0800: 22.918: [ParNew: 613439K->68095K(613440K), 0.0257940 secs] 1434997K->1011061K(4126208K), 0.0267372 secs] [Times: user=0.20 sys=0.00, real=0.03 secs] 
2021-01-22T00:39:40.866+0800: 23.011: [GC (Allocation Failure) 2021-01-22T00:39:40.866+0800: 23.011: [ParNew: 613439K->68094K(613440K), 0.0265503 secs] 1556405K->1131980K(4126208K), 0.0274055 secs] [Times: user=0.20 sys=0.00, real=0.03 secs] 
2021-01-22T00:39:40.961+0800: 23.106: [GC (Allocation Failure) 2021-01-22T00:39:40.961+0800: 23.106: [ParNew: 613438K->68095K(613440K), 0.0313565 secs] 1677324K->1246637K(4126208K), 0.0320709 secs] [Times: user=0.23 sys=0.00, real=0.03 secs] 
2021-01-22T00:39:41.057+0800: 23.202: [GC (Allocation Failure) 2021-01-22T00:39:41.057+0800: 23.202: [ParNew: 613439K->68095K(613440K), 0.0263490 secs] 1791981K->1369782K(4126208K), 0.0272947 secs] [Times: user=0.20 sys=0.00, real=0.03 secs] 
2021-01-22T00:39:41.147+0800: 23.292: [GC (Allocation Failure) 2021-01-22T00:39:41.147+0800: 23.292: [ParNew: 613439K->68094K(613440K), 0.0268425 secs] 1915126K->1497144K(4126208K), 0.0276534 secs] [Times: user=0.21 sys=0.00, real=0.03 secs] 
2021-01-22T00:39:41.240+0800: 23.385: [GC (Allocation Failure) 2021-01-22T00:39:41.240+0800: 23.386: [ParNew: 613438K->68095K(613440K), 0.0259461 secs] 2042488K->1610955K(4126208K), 0.0271818 secs] [Times: user=0.20 sys=0.00, real=0.02 secs] 
2021-01-22T00:39:41.335+0800: 23.481: [GC (Allocation Failure) 2021-01-22T00:39:41.336+0800: 23.481: [ParNew: 613439K->68095K(613440K), 0.0255097 secs] 2156299K->1738415K(4126208K), 0.0262416 secs] [Times: user=0.20 sys=0.00, real=0.03 secs] 
2021-01-22T00:39:41.424+0800: 23.569: [GC (Allocation Failure) 2021-01-22T00:39:41.424+0800: 23.570: [ParNew: 613439K->68095K(613440K), 0.0256052 secs] 2283759K->1865534K(4126208K), 0.0262651 secs] [Times: user=0.20 sys=0.00, real=0.03 secs] 
2021-01-22T00:39:41.508+0800: 23.653: [GC (Allocation Failure) 2021-01-22T00:39:41.508+0800: 23.653: [ParNew: 613439K->68095K(613440K), 0.0289159 secs] 2410878K->1994909K(4126208K), 0.0298586 secs] [Times: user=0.22 sys=0.00, real=0.03 secs] 
2021-01-22T00:39:41.597+0800: 23.742: [GC (Allocation Failure) 2021-01-22T00:39:41.597+0800: 23.743: [ParNew: 613439K->68095K(613440K), 0.0238538 secs] 2540253K->2104224K(4126208K), 0.0245756 secs] [Times: user=0.19 sys=0.00, real=0.03 secs] 
2021-01-22T00:39:41.690+0800: 23.835: [GC (Allocation Failure) 2021-01-22T00:39:41.690+0800: 23.835: [ParNew: 613439K->68094K(613440K), 0.0335390 secs] 2649568K->2232006K(4126208K), 0.0340921 secs] [Times: user=0.27 sys=0.00, real=0.03 secs] 
2021-01-22T00:39:41.789+0800: 23.934: [GC (Allocation Failure) 2021-01-22T00:39:41.789+0800: 23.934: [ParNew: 613438K->68094K(613440K), 0.0261503 secs] 2777350K->2353277K(4126208K), 0.0267293 secs] [Times: user=0.21 sys=0.00, real=0.02 secs] 
2021-01-22T00:39:41.877+0800: 24.022: [GC (Allocation Failure) 2021-01-22T00:39:41.877+0800: 24.022: [ParNew: 613438K->68095K(613440K), 0.0293156 secs] 2898621K->2485356K(4126208K), 0.0302039 secs] [Times: user=0.23 sys=0.00, real=0.03 secs] 
2021-01-22T00:39:41.978+0800: 24.124: [GC (Allocation Failure) 2021-01-22T00:39:41.979+0800: 24.124: [ParNew: 613439K->68095K(613440K), 0.0257006 secs] 3030700K->2605330K(4126208K), 0.0265101 secs] [Times: user=0.20 sys=0.00, real=0.02 secs] 
2021-01-22T00:39:42.074+0800: 24.219: [GC (Allocation Failure) 2021-01-22T00:39:42.075+0800: 24.220: [ParNew: 613439K->68095K(613440K), 0.0286183 secs] 3150674K->2715369K(4126208K), 0.0295008 secs] [Times: user=0.22 sys=0.00, real=0.03 secs] 
2021-01-22T00:39:42.179+0800: 24.324: [GC (Allocation Failure) 2021-01-22T00:39:42.179+0800: 24.324: [ParNew: 613439K->68095K(613440K), 0.0310578 secs] 3260713K->2843129K(4126208K), 0.0317352 secs] [Times: user=0.24 sys=0.00, real=0.03 secs] 
2021-01-22T00:39:42.281+0800: 24.426: [GC (Allocation Failure) 2021-01-22T00:39:42.281+0800: 24.426: [ParNew: 613439K->68095K(613440K), 0.0262265 secs] 3388473K->2961209K(4126208K), 0.0267319 secs] [Times: user=0.21 sys=0.00, real=0.02 secs] 
2021-01-22T00:39:42.308+0800: 24.453: [GC (CMS Initial Mark) [1 CMS-initial-mark: 2893114K(3512768K)] 2972137K(4126208K), 0.0005587 secs] [Times: user=0.00 sys=0.01, real=0.01 secs] 
2021-01-22T00:39:42.309+0800: 24.454: [CMS-concurrent-mark-start]
2021-01-22T00:39:42.316+0800: 24.461: [CMS-concurrent-mark: 0.007/0.007 secs] [Times: user=0.00 sys=0.00, real=0.00 secs] 
2021-01-22T00:39:42.316+0800: 24.461: [CMS-concurrent-preclean-start]
2021-01-22T00:39:42.320+0800: 24.465: [CMS-concurrent-preclean: 0.004/0.004 secs] [Times: user=0.02 sys=0.00, real=0.01 secs] 
2021-01-22T00:39:42.321+0800: 24.466: [CMS-concurrent-abortable-preclean-start]
2021-01-22T00:39:42.370+0800: 24.515: [GC (Allocation Failure) 2021-01-22T00:39:42.370+0800: 24.516: [ParNew: 613439K->68095K(613440K), 0.0267463 secs] 3506553K->3085307K(4126208K), 0.0272929 secs] [Times: user=0.21 sys=0.01, real=0.02 secs] 
2021-01-22T00:39:42.458+0800: 24.604: [GC (Allocation Failure) 2021-01-22T00:39:42.459+0800: 24.604: [ParNew: 613439K->68095K(613440K), 0.0359075 secs] 3630651K->3211576K(4126208K), 0.0365580 secs] [Times: user=0.28 sys=0.00, real=0.03 secs] 
2021-01-22T00:39:42.559+0800: 24.704: [GC (Allocation Failure) 2021-01-22T00:39:42.559+0800: 24.705: [ParNew: 613439K->68095K(613440K), 0.0249405 secs] 3756920K->3331069K(4126208K), 0.0256638 secs] [Times: user=0.19 sys=0.00, real=0.02 secs] 
2021-01-22T00:39:42.646+0800: 24.791: [GC (Allocation Failure) 2021-01-22T00:39:42.646+0800: 24.792: [ParNew: 613439K->68095K(613440K), 0.0261072 secs] 3876413K->3461810K(4126208K), 0.0268327 secs] [Times: user=0.20 sys=0.00, real=0.03 secs] 
2021-01-22T00:39:42.738+0800: 24.883: [GC (Allocation Failure) 2021-01-22T00:39:42.738+0800: 24.883: [ParNew: 613439K->613439K(613440K), 0.0002457 secs]2021-01-22T00:39:42.738+0800: 24.884: [CMS2021-01-22T00:39:42.739+0800: 24.884: [CMS-concurrent-abortable-preclean: 0.038/0.418 secs] [Times: user=1.23 sys=0.01, real=0.42 secs] 
 (concurrent mode failure): 3393714K->377687K(3512768K), 0.0604347 secs] 4007154K->377687K(4126208K), [Metaspace: 2817K->2817K(1056768K)], 0.0614877 secs] [Times: user=0.06 sys=0.00, real=0.07 secs] 
2021-01-22T00:39:42.866+0800: 25.011: [GC (Allocation Failure) 2021-01-22T00:39:42.866+0800: 25.012: [ParNew: 545344K->68095K(613440K), 0.0225290 secs] 923031K->534914K(4126208K), 0.0235370 secs] [Times: user=0.17 sys=0.00, real=0.03 secs] 
2021-01-22T00:39:42.955+0800: 25.100: [GC (Allocation Failure) 2021-01-22T00:39:42.955+0800: 25.100: [ParNew: 613439K->68095K(613440K), 0.0268156 secs] 1080258K->658049K(4126208K), 0.0274629 secs] [Times: user=0.19 sys=0.00, real=0.03 secs] 
2021-01-22T00:39:43.047+0800: 25.192: [GC (Allocation Failure) 2021-01-22T00:39:43.047+0800: 25.192: [ParNew: 613439K->68095K(613440K), 0.0297334 secs] 1203393K->778925K(4126208K), 0.0305392 secs] [Times: user=0.23 sys=0.00, real=0.03 secs] 
2021-01-22T00:39:43.138+0800: 25.283: [GC (Allocation Failure) 2021-01-22T00:39:43.138+0800: 25.284: [ParNew: 613439K->68095K(613440K), 0.0288204 secs] 1324269K->905760K(4126208K), 0.0293539 secs] [Times: user=0.22 sys=0.01, real=0.03 secs] 
2021-01-22T00:39:43.224+0800: 25.370: [GC (Allocation Failure) 2021-01-22T00:39:43.225+0800: 25.370: [ParNew: 613439K->68095K(613440K), 0.0276881 secs] 1451104K->1036353K(4126208K), 0.0284233 secs] [Times: user=0.20 sys=0.00, real=0.03 secs] 
2021-01-22T00:39:43.319+0800: 25.464: [GC (Allocation Failure) 2021-01-22T00:39:43.320+0800: 25.465: [ParNew: 613439K->68095K(613440K), 0.0289771 secs] 1581697K->1160216K(4126208K), 0.0298873 secs] [Times: user=0.22 sys=0.01, real=0.03 secs] 
2021-01-22T00:39:43.416+0800: 25.561: [GC (Allocation Failure) 2021-01-22T00:39:43.416+0800: 25.561: [ParNew: 613439K->68095K(613440K), 0.0252794 secs] 1705560K->1274829K(4126208K), 0.0259886 secs] [Times: user=0.20 sys=0.00, real=0.03 secs] 
2021-01-22T00:39:43.505+0800: 25.651: [GC (Allocation Failure) 2021-01-22T00:39:43.506+0800: 25.651: [ParNew: 613439K->68094K(613440K), 0.0265375 secs] 1820173K->1395436K(4126208K), 0.0272389 secs] [Times: user=0.21 sys=0.00, real=0.03 secs] 
2021-01-22T00:39:43.595+0800: 25.740: [GC (Allocation Failure) 2021-01-22T00:39:43.595+0800: 25.741: [ParNew: 613438K->68095K(613440K), 0.0289367 secs] 1940780K->1526098K(4126208K), 0.0296971 secs] [Times: user=0.22 sys=0.00, real=0.03 secs] 
2021-01-22T00:39:43.690+0800: 25.835: [GC (Allocation Failure) 2021-01-22T00:39:43.690+0800: 25.836: [ParNew: 613439K->68094K(613440K), 0.0267811 secs] 2071442K->1650544K(4126208K), 0.0277471 secs] [Times: user=0.20 sys=0.00, real=0.02 secs] 
2021-01-22T00:39:43.782+0800: 25.927: [GC (Allocation Failure) 2021-01-22T00:39:43.782+0800: 25.927: [ParNew: 613438K->68095K(613440K), 0.0262285 secs] 2195888K->1777453K(4126208K), 0.0271667 secs] [Times: user=0.20 sys=0.00, real=0.03 secs] 
2021-01-22T00:39:43.874+0800: 26.020: [GC (Allocation Failure) 2021-01-22T00:39:43.875+0800: 26.020: [ParNew: 613439K->68095K(613440K), 0.0369329 secs] 2322797K->1894056K(4126208K), 0.0380313 secs] [Times: user=0.28 sys=0.00, real=0.04 secs] 
2021-01-22T00:39:43.980+0800: 26.126: [GC (Allocation Failure) 2021-01-22T00:39:43.981+0800: 26.126: [ParNew: 613439K->68095K(613440K), 0.0294290 secs] 2439400K->2030287K(4126208K), 0.0302396 secs] [Times: user=0.22 sys=0.00, real=0.03 secs] 
2021-01-22T00:39:44.073+0800: 26.218: [GC (Allocation Failure) 2021-01-22T00:39:44.073+0800: 26.218: [ParNew: 613439K->68094K(613440K), 0.0257250 secs] 2575631K->2151190K(4126208K), 0.0264601 secs] [Times: user=0.18 sys=0.01, real=0.03 secs] 
2021-01-22T00:39:44.163+0800: 26.308: [GC (Allocation Failure) 2021-01-22T00:39:44.163+0800: 26.308: [ParNew: 613438K->68095K(613440K), 0.0281074 secs] 2696534K->2279388K(4126208K), 0.0287693 secs] [Times: user=0.22 sys=0.00, real=0.03 secs] 
2021-01-22T00:39:44.258+0800: 26.403: [GC (Allocation Failure) 2021-01-22T00:39:44.258+0800: 26.404: [ParNew: 613439K->68095K(613440K), 0.0269249 secs] 2824732K->2407201K(4126208K), 0.0277209 secs] [Times: user=0.21 sys=0.00, real=0.03 secs] 
2021-01-22T00:39:44.350+0800: 26.496: [GC (Allocation Failure) 2021-01-22T00:39:44.351+0800: 26.496: [ParNew: 613439K->68095K(613440K), 0.0314040 secs] 2952545K->2544084K(4126208K), 0.0322399 secs] [Times: user=0.22 sys=0.01, real=0.03 secs] 
2021-01-22T00:39:44.451+0800: 26.597: [GC (Allocation Failure) 2021-01-22T00:39:44.452+0800: 26.597: [ParNew: 613439K->68094K(613440K), 0.0281245 secs] 3089428K->2670704K(4126208K), 0.0288932 secs] [Times: user=0.22 sys=0.00, real=0.03 secs] 
2021-01-22T00:39:44.543+0800: 26.688: [GC (Allocation Failure) 2021-01-22T00:39:44.544+0800: 26.689: [ParNew: 613438K->68095K(613440K), 0.0286839 secs] 3216048K->2800039K(4126208K), 0.0295450 secs] [Times: user=0.22 sys=0.00, real=0.03 secs] 
2021-01-22T00:39:44.638+0800: 26.784: [GC (Allocation Failure) 2021-01-22T00:39:44.639+0800: 26.784: [ParNew: 613295K->68095K(613440K), 0.0262797 secs] 3345239K->2923498K(4126208K), 0.0271440 secs] [Times: user=0.20 sys=0.00, real=0.02 secs] 
2021-01-22T00:39:44.666+0800: 26.812: [GC (CMS Initial Mark) [1 CMS-initial-mark: 2855402K(3512768K)] 2934936K(4126208K), 0.0011903 secs] [Times: user=0.01 sys=0.00, real=0.00 secs] 
2021-01-22T00:39:44.668+0800: 26.814: [CMS-concurrent-mark-start]
2021-01-22T00:39:44.676+0800: 26.821: [CMS-concurrent-mark: 0.007/0.007 secs] [Times: user=0.01 sys=0.01, real=0.00 secs] 
2021-01-22T00:39:44.676+0800: 26.821: [CMS-concurrent-preclean-start]
2021-01-22T00:39:44.679+0800: 26.825: [CMS-concurrent-preclean: 0.003/0.003 secs] [Times: user=0.00 sys=0.00, real=0.01 secs] 
2021-01-22T00:39:44.680+0800: 26.825: [CMS-concurrent-abortable-preclean-start]
2021-01-22T00:39:44.732+0800: 26.877: [GC (Allocation Failure) 2021-01-22T00:39:44.733+0800: 26.878: [ParNew: 613439K->68095K(613440K), 0.0284605 secs] 3468842K->3042960K(4126208K), 0.0293429 secs] [Times: user=0.22 sys=0.00, real=0.03 secs] 
2021-01-22T00:39:44.826+0800: 26.972: [GC (Allocation Failure) 2021-01-22T00:39:44.827+0800: 26.972: [ParNew: 613439K->68095K(613440K), 0.0295051 secs] 3588304K->3178253K(4126208K), 0.0301560 secs] [Times: user=0.23 sys=0.00, real=0.03 secs] 
2021-01-22T00:39:44.918+0800: 27.063: [GC (Allocation Failure) 2021-01-22T00:39:44.918+0800: 27.063: [ParNew: 613439K->68095K(613440K), 0.0266008 secs] 3723597K->3305323K(4126208K), 0.0272999 secs] [Times: user=0.20 sys=0.00, real=0.03 secs] 
2021-01-22T00:39:45.008+0800: 27.154: [GC (Allocation Failure) 2021-01-22T00:39:45.009+0800: 27.154: [ParNew: 613439K->68095K(613440K), 0.0280166 secs] 3850667K->3424634K(4126208K), 0.0289382 secs] [Times: user=0.22 sys=0.00, real=0.02 secs] 
2021-01-22T00:39:45.130+0800: 27.276: [GC (Allocation Failure) 2021-01-22T00:39:45.131+0800: 27.276: [ParNew2021-01-22T00:39:45.149+0800: 27.294: [CMS-concurrent-abortable-preclean: 0.037/0.469 secs] [Times: user=1.38 sys=0.00, real=0.47 secs] 
: 613439K->68095K(613440K), 0.0312241 secs] 3969978K->3556223K(4126208K), 0.0316948 secs] [Times: user=0.24 sys=0.00, real=0.03 secs] 
2021-01-22T00:39:45.163+0800: 27.308: [GC (CMS Final Remark) [YG occupancy: 79652 K (613440 K)]2021-01-22T00:39:45.163+0800: 27.308: [Rescan (parallel) , 0.0055396 secs]2021-01-22T00:39:45.169+0800: 27.314: [weak refs processing, 0.0001523 secs]2021-01-22T00:39:45.169+0800: 27.314: [class unloading, 0.0002896 secs]2021-01-22T00:39:45.169+0800: 27.315: [scrub symbol table, 0.0004038 secs]2021-01-22T00:39:45.170+0800: 27.315: [scrub string table, 0.0002642 secs][1 CMS-remark: 3488127K(3512768K)] 3567780K(4126208K), 0.0075004 secs] [Times: user=0.03 sys=0.01, real=0.01 secs] 
2021-01-22T00:39:45.171+0800: 27.316: [CMS-concurrent-sweep-start]
2021-01-22T00:39:45.173+0800: 27.319: [CMS-concurrent-sweep: 0.003/0.003 secs] [Times: user=0.01 sys=0.00, real=0.00 secs] 
2021-01-22T00:39:45.188+0800: 27.334: [CMS-concurrent-reset-start]
2021-01-22T00:39:45.191+0800: 27.336: [CMS-concurrent-reset: 0.003/0.003 secs] [Times: user=0.01 sys=0.00, real=0.00 secs] 
2021-01-22T00:39:45.234+0800: 27.379: [GC (Allocation Failure) 2021-01-22T00:39:45.234+0800: 27.380: [ParNew: 613439K->68094K(613440K), 0.0262746 secs] 1554166K->1129017K(4126208K), 0.0267998 secs] [Times: user=0.21 sys=0.00, real=0.03 secs] 
2021-01-22T00:39:45.321+0800: 27.467: [GC (Allocation Failure) 2021-01-22T00:39:45.322+0800: 27.467: [ParNew: 612786K->68095K(613440K), 0.0267640 secs] 1673709K->1258311K(4126208K), 0.0275561 secs] [Times: user=0.19 sys=0.01, real=0.03 secs] 
2021-01-22T00:39:45.418+0800: 27.564: [GC (Allocation Failure) 2021-01-22T00:39:45.419+0800: 27.564: [ParNew: 613439K->68095K(613440K), 0.0271780 secs] 1803655K->1378083K(4126208K), 0.0280188 secs] [Times: user=0.21 sys=0.00, real=0.02 secs] 
2021-01-22T00:39:45.513+0800: 27.658: [GC (Allocation Failure) 2021-01-22T00:39:45.513+0800: 27.658: [ParNew: 613439K->68094K(613440K), 0.0273079 secs] 1923427K->1500453K(4126208K), 0.0283432 secs] [Times: user=0.21 sys=0.00, real=0.03 secs] 
2021-01-22T00:39:45.610+0800: 27.755: [GC (Allocation Failure) 2021-01-22T00:39:45.610+0800: 27.756: [ParNew: 613438K->68094K(613440K), 0.0271657 secs] 2045797K->1623816K(4126208K), 0.0278741 secs] [Times: user=0.21 sys=0.00, real=0.03 secs] 
2021-01-22T00:39:45.702+0800: 27.848: [GC (Allocation Failure) 2021-01-22T00:39:45.703+0800: 27.848: [ParNew: 613438K->68095K(613440K), 0.0239539 secs] 2169160K->1735674K(4126208K), 0.0246289 secs] [Times: user=0.19 sys=0.00, real=0.02 secs] 
2021-01-22T00:39:45.790+0800: 27.936: [GC (Allocation Failure) 2021-01-22T00:39:45.791+0800: 27.936: [ParNew: 613439K->68094K(613440K), 0.0288582 secs] 2281018K->1859741K(4126208K), 0.0296437 secs] [Times: user=0.22 sys=0.00, real=0.03 secs] 
2021-01-22T00:39:45.882+0800: 28.028: [GC (Allocation Failure) 2021-01-22T00:39:45.883+0800: 28.028: [ParNew: 613438K->68094K(613440K), 0.0297448 secs] 2405085K->1996335K(4126208K), 0.0304908 secs] [Times: user=0.23 sys=0.00, real=0.03 secs] 
2021-01-22T00:39:45.979+0800: 28.125: [GC (Allocation Failure) 2021-01-22T00:39:45.980+0800: 28.125: [ParNew: 613438K->68095K(613440K), 0.0375560 secs] 2541679K->2121423K(4126208K), 0.0382281 secs] [Times: user=0.28 sys=0.01, real=0.03 secs] 
2021-01-22T00:39:46.079+0800: 28.224: [GC (Allocation Failure) 2021-01-22T00:39:46.079+0800: 28.225: [ParNew: 613439K->68095K(613440K), 0.0263882 secs] 2666767K->2250428K(4126208K), 0.0270543 secs] [Times: user=0.20 sys=0.00, real=0.02 secs] 
2021-01-22T00:39:46.172+0800: 28.317: [GC (Allocation Failure) 2021-01-22T00:39:46.172+0800: 28.317: [ParNew: 613439K->68095K(613440K), 0.0280428 secs] 2795772K->2377215K(4126208K), 0.0286550 secs] [Times: user=0.21 sys=0.00, real=0.03 secs] 
2021-01-22T00:39:46.265+0800: 28.410: [GC (Allocation Failure) 2021-01-22T00:39:46.265+0800: 28.410: [ParNew: 613439K->68095K(613440K), 0.0249408 secs] 2922559K->2498655K(4126208K), 0.0256324 secs] [Times: user=0.19 sys=0.00, real=0.03 secs] 
2021-01-22T00:39:46.354+0800: 28.499: [GC (Allocation Failure) 2021-01-22T00:39:46.354+0800: 28.499: [ParNew: 613439K->68095K(613440K), 0.0257998 secs] 3043999K->2619586K(4126208K), 0.0267012 secs] [Times: user=0.21 sys=0.00, real=0.03 secs] 
2021-01-22T00:39:46.444+0800: 28.589: [GC (Allocation Failure) 2021-01-22T00:39:46.444+0800: 28.590: [ParNew: 613439K->68095K(613440K), 0.0273853 secs] 3164930K->2751807K(4126208K), 0.0282226 secs] [Times: user=0.21 sys=0.00, real=0.03 secs] 
2021-01-22T00:39:46.473+0800: 28.618: [GC (CMS Initial Mark) [1 CMS-initial-mark: 2683712K(3512768K)] 2763535K(4126208K), 0.0011774 secs] [Times: user=0.01 sys=0.00, real=0.00 secs] 
2021-01-22T00:39:46.475+0800: 28.620: [CMS-concurrent-mark-start]
2021-01-22T00:39:46.483+0800: 28.628: [CMS-concurrent-mark: 0.008/0.008 secs] [Times: user=0.02 sys=0.00, real=0.01 secs] 
2021-01-22T00:39:46.483+0800: 28.629: [CMS-concurrent-preclean-start]
2021-01-22T00:39:46.487+0800: 28.632: [CMS-concurrent-preclean: 0.003/0.003 secs] [Times: user=0.00 sys=0.00, real=0.00 secs] 
2021-01-22T00:39:46.487+0800: 28.632: [CMS-concurrent-abortable-preclean-start]
2021-01-22T00:39:46.544+0800: 28.689: [GC (Allocation Failure) 2021-01-22T00:39:46.544+0800: 28.690: [ParNew: 613439K->68095K(613440K), 0.0272625 secs] 3297151K->2866720K(4126208K), 0.0281378 secs] [Times: user=0.21 sys=0.00, real=0.03 secs] 
2021-01-22T00:39:46.639+0800: 28.784: [GC (Allocation Failure) 2021-01-22T00:39:46.639+0800: 28.785: [ParNew: 613439K->68095K(613440K), 0.0256211 secs] 3412064K->2987084K(4126208K), 0.0264537 secs] [Times: user=0.20 sys=0.00, real=0.02 secs] 
2021-01-22T00:39:46.727+0800: 28.873: [GC (Allocation Failure) 2021-01-22T00:39:46.728+0800: 28.873: [ParNew: 613439K->68095K(613440K), 0.0267410 secs] 3532428K->3107455K(4126208K), 0.0276153 secs] [Times: user=0.20 sys=0.01, real=0.03 secs] 
2021-01-22T00:39:46.818+0800: 28.964: [GC (Allocation Failure) 2021-01-22T00:39:46.819+0800: 28.964: [ParNew: 613439K->68095K(613440K), 0.0250137 secs] 3652799K->3221440K(4126208K), 0.0258963 secs] [Times: user=0.19 sys=0.00, real=0.02 secs] 
2021-01-22T00:39:46.907+0800: 29.053: [GC (Allocation Failure) 2021-01-22T00:39:46.908+0800: 29.053: [ParNew: 613439K->68095K(613440K), 0.0257911 secs] 3766784K->3343639K(4126208K), 0.0265380 secs] [Times: user=0.20 sys=0.00, real=0.03 secs] 
2021-01-22T00:39:46.994+0800: 29.140: [GC (Allocation Failure) 2021-01-22T00:39:46.995+0800: 29.140: [ParNew: 613439K->68095K(613440K), 0.0337324 secs] 3888983K->3469132K(4126208K), 0.0344019 secs] [Times: user=0.24 sys=0.01, real=0.04 secs] 
2021-01-22T00:39:47.089+0800: 29.235: [GC (Allocation Failure) 2021-01-22T00:39:47.090+0800: 29.235: [ParNew: 613115K->613115K(613440K), 0.0003442 secs]2021-01-22T00:39:47.090+0800: 29.236: [CMS2021-01-22T00:39:47.091+0800: 29.236: [CMS-concurrent-abortable-preclean: 0.051/0.603 secs] [Times: user=1.72 sys=0.02, real=0.61 secs] 
 (concurrent mode failure): 3401036K->376715K(3512768K), 0.0539027 secs] 4014151K->376715K(4126208K), [Metaspace: 2817K->2817K(1056768K)], 0.0554361 secs] [Times: user=0.06 sys=0.00, real=0.05 secs] 
2021-01-22T00:39:47.208+0800: 29.353: [GC (Allocation Failure) 2021-01-22T00:39:47.208+0800: 29.353: [ParNew: 545344K->68094K(613440K), 0.0226363 secs] 922059K->538042K(4126208K), 0.0237541 secs] [Times: user=0.15 sys=0.00, real=0.03 secs] 
2021-01-22T00:39:47.295+0800: 29.440: [GC (Allocation Failure) 2021-01-22T00:39:47.295+0800: 29.441: [ParNew: 613438K->68095K(613440K), 0.0286957 secs] 1083386K->665249K(4126208K), 0.0293631 secs] [Times: user=0.22 sys=0.00, real=0.03 secs] 
2021-01-22T00:39:47.386+0800: 29.532: [GC (Allocation Failure) 2021-01-22T00:39:47.387+0800: 29.532: [ParNew: 613439K->68095K(613440K), 0.0254617 secs] 1210593K->786969K(4126208K), 0.0259510 secs] [Times: user=0.20 sys=0.00, real=0.03 secs] 
2021-01-22T00:39:47.471+0800: 29.616: [GC (Allocation Failure) 2021-01-22T00:39:47.471+0800: 29.616: [ParNew: 613439K->68095K(613440K), 0.0259191 secs] 1332313K->909932K(4126208K), 0.0265799 secs] [Times: user=0.20 sys=0.00, real=0.02 secs] 
2021-01-22T00:39:47.555+0800: 29.701: [GC (Allocation Failure) 2021-01-22T00:39:47.556+0800: 29.701: [ParNew: 613439K->68094K(613440K), 0.0263003 secs] 1455276K->1035290K(4126208K), 0.0269955 secs] [Times: user=0.20 sys=0.00, real=0.03 secs] 
2021-01-22T00:39:47.645+0800: 29.790: [GC (Allocation Failure) 2021-01-22T00:39:47.645+0800: 29.791: [ParNew: 613438K->68094K(613440K), 0.0267601 secs] 1580634K->1159680K(4126208K), 0.0276025 secs] [Times: user=0.21 sys=0.00, real=0.03 secs] 
2021-01-22T00:39:47.731+0800: 29.877: [GC (Allocation Failure) 2021-01-22T00:39:47.732+0800: 29.877: [ParNew: 613438K->68095K(613440K), 0.0269708 secs] 1705024K->1292482K(4126208K), 0.0275985 secs] [Times: user=0.21 sys=0.01, real=0.03 secs] 
2021-01-22T00:39:47.822+0800: 29.967: [GC (Allocation Failure) 2021-01-22T00:39:47.822+0800: 29.968: [ParNew: 613439K->68095K(613440K), 0.0247192 secs] 1837826K->1408072K(4126208K), 0.0253592 secs] [Times: user=0.19 sys=0.00, real=0.02 secs] 
2021-01-22T00:39:47.911+0800: 30.057: [GC (Allocation Failure) 2021-01-22T00:39:47.912+0800: 30.057: [ParNew: 613439K->68095K(613440K), 0.0270973 secs] 1953416K->1536482K(4126208K), 0.0279170 secs] [Times: user=0.20 sys=0.01, real=0.03 secs] 
2021-01-22T00:39:48.003+0800: 30.149: [GC (Allocation Failure) 2021-01-22T00:39:48.004+0800: 30.149: [ParNew: 613439K->68095K(613440K), 0.0257064 secs] 2081826K->1659020K(4126208K), 0.0263991 secs] [Times: user=0.19 sys=0.00, real=0.03 secs] 
2021-01-22T00:39:48.093+0800: 30.238: [GC (Allocation Failure) 2021-01-22T00:39:48.093+0800: 30.238: [ParNew: 613439K->68095K(613440K), 0.0290861 secs] 2204364K->1784377K(4126208K), 0.0297630 secs] [Times: user=0.22 sys=0.00, real=0.03 secs] 
2021-01-22T00:39:48.185+0800: 30.330: [GC (Allocation Failure) 2021-01-22T00:39:48.185+0800: 30.331: [ParNew: 613439K->68094K(613440K), 0.0255112 secs] 2329721K->1907876K(4126208K), 0.0262715 secs] [Times: user=0.20 sys=0.00, real=0.03 secs] 
2021-01-22T00:39:48.275+0800: 30.420: [GC (Allocation Failure) 2021-01-22T00:39:48.276+0800: 30.421: [ParNew: 613438K->68094K(613440K), 0.0259889 secs] 2453220K->2028116K(4126208K), 0.0268972 secs] [Times: user=0.20 sys=0.00, real=0.03 secs] 
2021-01-22T00:39:48.365+0800: 30.511: [GC (Allocation Failure) 2021-01-22T00:39:48.366+0800: 30.511: [ParNew: 613438K->68095K(613440K), 0.0332296 secs] 2573460K->2154503K(4126208K), 0.0339207 secs] [Times: user=0.26 sys=0.00, real=0.04 secs] 
2021-01-22T00:39:48.468+0800: 30.613: [GC (Allocation Failure) 2021-01-22T00:39:48.468+0800: 30.614: [ParNew: 613439K->68094K(613440K), 0.0257018 secs] 2699847K->2272086K(4126208K), 0.0264022 secs] [Times: user=0.20 sys=0.00, real=0.03 secs] 
2021-01-22T00:39:48.558+0800: 30.704: [GC (Allocation Failure) 2021-01-22T00:39:48.559+0800: 30.704: [ParNew: 613438K->68094K(613440K), 0.0277666 secs] 2817430K->2398608K(4126208K), 0.0285950 secs] [Times: user=0.21 sys=0.00, real=0.02 secs] 
2021-01-22T00:39:48.649+0800: 30.794: [GC (Allocation Failure) 2021-01-22T00:39:48.650+0800: 30.795: [ParNew: 613438K->68095K(613440K), 0.0278736 secs] 2943952K->2516868K(4126208K), 0.0286588 secs] [Times: user=0.22 sys=0.00, real=0.03 secs] 
2021-01-22T00:39:48.745+0800: 30.890: [GC (Allocation Failure) 2021-01-22T00:39:48.745+0800: 30.891: [ParNew: 613439K->68095K(613440K), 0.0270297 secs] 3062212K->2633137K(4126208K), 0.0276256 secs] [Times: user=0.21 sys=0.00, real=0.03 secs] 
2021-01-22T00:39:48.839+0800: 30.984: [GC (Allocation Failure) 2021-01-22T00:39:48.839+0800: 30.985: [ParNew: 613439K->68095K(613440K), 0.0261591 secs] 3178481K->2752678K(4126208K), 0.0271418 secs] [Times: user=0.20 sys=0.00, real=0.02 secs] 
2021-01-22T00:39:48.867+0800: 31.013: [GC (CMS Initial Mark) [1 CMS-initial-mark: 2684582K(3512768K)] 2763992K(4126208K), 0.0015449 secs] [Times: user=0.00 sys=0.00, real=0.01 secs] 
2021-01-22T00:39:48.870+0800: 31.015: [CMS-concurrent-mark-start]
2021-01-22T00:39:48.877+0800: 31.022: [CMS-concurrent-mark: 0.007/0.007 secs] [Times: user=0.01 sys=0.01, real=0.00 secs] 
2021-01-22T00:39:48.878+0800: 31.023: [CMS-concurrent-preclean-start]
2021-01-22T00:39:48.881+0800: 31.026: [CMS-concurrent-preclean: 0.004/0.004 secs] [Times: user=0.01 sys=0.00, real=0.01 secs] 
2021-01-22T00:39:48.881+0800: 31.027: [CMS-concurrent-abortable-preclean-start]
2021-01-22T00:39:48.935+0800: 31.080: [GC (Allocation Failure) 2021-01-22T00:39:48.935+0800: 31.081: [ParNew: 613439K->68095K(613440K), 0.0292325 secs] 3298022K->2884181K(4126208K), 0.0299732 secs] [Times: user=0.23 sys=0.00, real=0.03 secs] 
2021-01-22T00:39:49.031+0800: 31.176: [GC (Allocation Failure) 2021-01-22T00:39:49.031+0800: 31.176: [ParNew: 613439K->68095K(613440K), 0.0282188 secs] 3429525K->3005568K(4126208K), 0.0291023 secs] [Times: user=0.20 sys=0.00, real=0.03 secs] 
2021-01-22T00:39:49.125+0800: 31.270: [GC (Allocation Failure) 2021-01-22T00:39:49.125+0800: 31.271: [ParNew: 613439K->68095K(613440K), 0.0275921 secs] 3550912K->3133901K(4126208K), 0.0284024 secs] [Times: user=0.22 sys=0.00, real=0.03 secs] 
2021-01-22T00:39:49.219+0800: 31.364: [GC (Allocation Failure) 2021-01-22T00:39:49.219+0800: 31.364: [ParNew: 613439K->68095K(613440K), 0.0263544 secs] 3679245K->3252270K(4126208K), 0.0271397 secs] [Times: user=0.20 sys=0.00, real=0.02 secs] 
2021-01-22T00:39:49.305+0800: 31.451: [GC (Allocation Failure) 2021-01-22T00:39:49.306+0800: 31.451: [ParNew: 613439K->68095K(613440K), 0.0263526 secs] 3797614K->3380100K(4126208K), 0.0270806 secs] [Times: user=0.21 sys=0.00, real=0.03 secs] 
2021-01-22T00:39:49.391+0800: 31.537: [GC (Allocation Failure) 2021-01-22T00:39:49.392+0800: 31.537: [ParNew: 613439K->68094K(613440K), 0.0283992 secs] 3925444K->3505796K(4126208K), 0.0291798 secs] [Times: user=0.23 sys=0.00, real=0.03 secs] 
2021-01-22T00:39:49.425+0800: 31.571: [CMS-concurrent-abortable-preclean: 0.045/0.544 secs] [Times: user=1.69 sys=0.00, real=0.54 secs] 
2021-01-22T00:39:49.426+0800: 31.571: [GC (CMS Final Remark) [YG occupancy: 124680 K (613440 K)]2021-01-22T00:39:49.427+0800: 31.572: [Rescan (parallel) , 0.0027037 secs]2021-01-22T00:39:49.430+0800: 31.575: [weak refs processing, 0.0003023 secs]2021-01-22T00:39:49.430+0800: 31.576: [class unloading, 0.0004635 secs]2021-01-22T00:39:49.431+0800: 31.576: [scrub symbol table, 0.0005880 secs]2021-01-22T00:39:49.432+0800: 31.577: [scrub string table, 0.0004338 secs][1 CMS-remark: 3437702K(3512768K)] 3562382K(4126208K), 0.0061998 secs] [Times: user=0.01 sys=0.00, real=0.01 secs] 
2021-01-22T00:39:49.433+0800: 31.578: [CMS-concurrent-sweep-start]
2021-01-22T00:39:49.436+0800: 31.581: [CMS-concurrent-sweep: 0.003/0.003 secs] [Times: user=0.01 sys=0.00, real=0.00 secs] 
2021-01-22T00:39:49.436+0800: 31.582: [CMS-concurrent-reset-start]
2021-01-22T00:39:49.439+0800: 31.585: [CMS-concurrent-reset: 0.003/0.003 secs] [Times: user=0.00 sys=0.00, real=0.01 secs] 
2021-01-22T00:39:49.489+0800: 31.635: [GC (Allocation Failure) 2021-01-22T00:39:49.490+0800: 31.635: [ParNew: 613438K->68095K(613440K), 0.0380556 secs] 1675162K->1266597K(4126208K), 0.0386471 secs] [Times: user=0.28 sys=0.01, real=0.04 secs] 
2021-01-22T00:39:49.591+0800: 31.736: [GC (Allocation Failure) 2021-01-22T00:39:49.591+0800: 31.736: [ParNew: 613439K->68094K(613440K), 0.0282343 secs] 1811941K->1395352K(4126208K), 0.0288467 secs] [Times: user=0.21 sys=0.01, real=0.03 secs] 
2021-01-22T00:39:49.681+0800: 31.826: [GC (Allocation Failure) 2021-01-22T00:39:49.681+0800: 31.826: [ParNew: 613438K->68095K(613440K), 0.0257927 secs] 1940696K->1518997K(4126208K), 0.0263834 secs] [Times: user=0.20 sys=0.00, real=0.02 secs] 
2021-01-22T00:39:49.773+0800: 31.919: [GC (Allocation Failure) 2021-01-22T00:39:49.774+0800: 31.919: [ParNew: 613439K->68095K(613440K), 0.0270094 secs] 2064341K->1640985K(4126208K), 0.0275777 secs] [Times: user=0.21 sys=0.00, real=0.03 secs] 
2021-01-22T00:39:49.862+0800: 32.008: [GC (Allocation Failure) 2021-01-22T00:39:49.863+0800: 32.008: [ParNew: 613439K->68095K(613440K), 0.0254860 secs] 2186329K->1766194K(4126208K), 0.0261098 secs] [Times: user=0.20 sys=0.00, real=0.03 secs] 
2021-01-22T00:39:49.961+0800: 32.106: [GC (Allocation Failure) 2021-01-22T00:39:49.961+0800: 32.107: [ParNew: 613439K->68095K(613440K), 0.0381016 secs] 2311538K->1892095K(4126208K), 0.0388369 secs] [Times: user=0.30 sys=0.00, real=0.04 secs] 
2021-01-22T00:39:50.068+0800: 32.213: [GC (Allocation Failure) 2021-01-22T00:39:50.068+0800: 32.213: [ParNew: 613439K->68095K(613440K), 0.0234857 secs] 2437439K->2005938K(4126208K), 0.0244417 secs] [Times: user=0.18 sys=0.00, real=0.03 secs] 
2021-01-22T00:39:50.155+0800: 32.300: [GC (Allocation Failure) 2021-01-22T00:39:50.155+0800: 32.300: [ParNew: 613439K->68095K(613440K), 0.0251658 secs] 2551282K->2122765K(4126208K), 0.0261078 secs] [Times: user=0.20 sys=0.00, real=0.03 secs] 
2021-01-22T00:39:50.243+0800: 32.388: [GC (Allocation Failure) 2021-01-22T00:39:50.243+0800: 32.388: [ParNew: 613439K->68095K(613440K), 0.0271279 secs] 2668109K->2252548K(4126208K), 0.0280976 secs] [Times: user=0.21 sys=0.00, real=0.03 secs] 
2021-01-22T00:39:50.334+0800: 32.479: [GC (Allocation Failure) 2021-01-22T00:39:50.334+0800: 32.479: [ParNew: 613439K->68095K(613440K), 0.0254931 secs] 2797892K->2370573K(4126208K), 0.0264071 secs] [Times: user=0.20 sys=0.00, real=0.03 secs] 
2021-01-22T00:39:50.426+0800: 32.572: [GC (Allocation Failure) 2021-01-22T00:39:50.427+0800: 32.572: [ParNew: 613439K->68094K(613440K), 0.0239773 secs] 2915917K->2480951K(4126208K), 0.0248243 secs] [Times: user=0.19 sys=0.00, real=0.03 secs] 
2021-01-22T00:39:50.513+0800: 32.658: [GC (Allocation Failure) 2021-01-22T00:39:50.513+0800: 32.659: [ParNew: 613438K->68094K(613440K), 0.0246265 secs] 3026295K->2601647K(4126208K), 0.0256318 secs] [Times: user=0.18 sys=0.01, real=0.03 secs] 
2021-01-22T00:39:50.540+0800: 32.685: [GC (CMS Initial Mark) [1 CMS-initial-mark: 2533553K(3512768K)] 2612926K(4126208K), 0.0014786 secs] [Times: user=0.01 sys=0.00, real=0.00 secs] 
2021-01-22T00:39:50.542+0800: 32.688: [CMS-concurrent-mark-start]
2021-01-22T00:39:50.549+0800: 32.694: [CMS-concurrent-mark: 0.007/0.007 secs] [Times: user=0.02 sys=0.00, real=0.01 secs] 
2021-01-22T00:39:50.550+0800: 32.695: [CMS-concurrent-preclean-start]
2021-01-22T00:39:50.553+0800: 32.698: [CMS-concurrent-preclean: 0.003/0.003 secs] [Times: user=0.00 sys=0.00, real=0.00 secs] 
2021-01-22T00:39:50.553+0800: 32.699: [CMS-concurrent-abortable-preclean-start]
2021-01-22T00:39:50.605+0800: 32.751: [GC (Allocation Failure) 2021-01-22T00:39:50.606+0800: 32.751: [ParNew: 613438K->68095K(613440K), 0.0281069 secs] 3146991K->2733161K(4126208K), 0.0288021 secs] [Times: user=0.22 sys=0.00, real=0.03 secs] 
2021-01-22T00:39:50.701+0800: 32.846: [GC (Allocation Failure) 2021-01-22T00:39:50.702+0800: 32.847: [ParNew: 613439K->68095K(613440K), 0.0251407 secs] 3278505K->2855810K(4126208K), 0.0257370 secs] [Times: user=0.20 sys=0.00, real=0.02 secs] 
2021-01-22T00:39:50.790+0800: 32.936: [GC (Allocation Failure) 2021-01-22T00:39:50.791+0800: 32.936: [ParNew: 613439K->68094K(613440K), 0.0270568 secs] 3401154K->2974753K(4126208K), 0.0277155 secs] [Times: user=0.20 sys=0.01, real=0.03 secs] 
2021-01-22T00:39:50.881+0800: 33.026: [GC (Allocation Failure) 2021-01-22T00:39:50.881+0800: 33.027: [ParNew: 613438K->68095K(613440K), 0.0264513 secs] 3520097K->3098309K(4126208K), 0.0273277 secs] [Times: user=0.20 sys=0.00, real=0.03 secs] 
2021-01-22T00:39:50.969+0800: 33.114: [GC (Allocation Failure) 2021-01-22T00:39:50.970+0800: 33.115: [ParNew: 613439K->68095K(613440K), 0.0272984 secs] 3643653K->3217913K(4126208K), 0.0281682 secs] [Times: user=0.20 sys=0.00, real=0.02 secs] 
2021-01-22T00:39:51.063+0800: 33.208: [GC (Allocation Failure) 2021-01-22T00:39:51.063+0800: 33.208: [ParNew: 613439K->68094K(613440K), 0.0260831 secs] 3763257K->3334044K(4126208K), 0.0267083 secs] [Times: user=0.21 sys=0.00, real=0.03 secs] 
2021-01-22T00:39:51.160+0800: 33.305: [GC (Allocation Failure) 2021-01-22T00:39:51.160+0800: 33.306: [ParNew: 613438K->68095K(613440K), 0.0265248 secs] 3879388K->3450355K(4126208K), 0.0273237 secs] [Times: user=0.21 sys=0.00, real=0.02 secs] 
2021-01-22T00:39:51.251+0800: 33.396: [GC (Allocation Failure) 2021-01-22T00:39:51.251+0800: 33.397: [ParNew: 613439K->68095K(613440K), 0.0285833 secs] 3995699K->3575574K(4126208K), 0.0293590 secs] [Times: user=0.22 sys=0.00, real=0.03 secs] 
2021-01-22T00:39:51.281+0800: 33.426: [CMS-concurrent-abortable-preclean: 0.066/0.728 secs] [Times: user=2.21 sys=0.02, real=0.73 secs] 
2021-01-22T00:39:51.282+0800: 33.427: [GC (CMS Final Remark) [YG occupancy: 79405 K (613440 K)]2021-01-22T00:39:51.282+0800: 33.427: [Rescan (parallel) , 0.0020913 secs]2021-01-22T00:39:51.284+0800: 33.430: [weak refs processing, 0.0002488 secs]2021-01-22T00:39:51.285+0800: 33.430: [class unloading, 0.0005581 secs]2021-01-22T00:39:51.286+0800: 33.431: [scrub symbol table, 0.0007767 secs]2021-01-22T00:39:51.287+0800: 33.432: [scrub string table, 0.0003108 secs][1 CMS-remark: 3507478K(3512768K)] 3586884K(4126208K), 0.0054201 secs] [Times: user=0.02 sys=0.00, real=0.00 secs] 
2021-01-22T00:39:51.287+0800: 33.433: [CMS-concurrent-sweep-start]
2021-01-22T00:39:51.290+0800: 33.436: [CMS-concurrent-sweep: 0.003/0.003 secs] [Times: user=0.00 sys=0.00, real=0.01 secs] 
2021-01-22T00:39:51.291+0800: 33.436: [CMS-concurrent-reset-start]
2021-01-22T00:39:51.295+0800: 33.440: [CMS-concurrent-reset: 0.004/0.004 secs] [Times: user=0.00 sys=0.00, real=0.00 secs] 
2021-01-22T00:39:51.353+0800: 33.498: [GC (Allocation Failure) 2021-01-22T00:39:51.353+0800: 33.499: [ParNew: 613439K->68095K(613440K), 0.0297856 secs] 1877575K->1459174K(4126208K), 0.0304726 secs] [Times: user=0.23 sys=0.00, real=0.03 secs] 
2021-01-22T00:39:51.443+0800: 33.589: [GC (Allocation Failure) 2021-01-22T00:39:51.444+0800: 33.589: [ParNew: 613439K->68095K(613440K), 0.0302937 secs] 2004518K->1585427K(4126208K), 0.0310308 secs] [Times: user=0.23 sys=0.00, real=0.03 secs] 
2021-01-22T00:39:51.538+0800: 33.683: [GC (Allocation Failure) 2021-01-22T00:39:51.538+0800: 33.683: [ParNew: 613439K->68095K(613440K), 0.0321234 secs] 2130771K->1716128K(4126208K), 0.0327789 secs] [Times: user=0.25 sys=0.00, real=0.04 secs] 
2021-01-22T00:39:51.635+0800: 33.780: [GC (Allocation Failure) 2021-01-22T00:39:51.636+0800: 33.781: [ParNew: 613439K->68095K(613440K), 0.0292932 secs] 2261472K->1840293K(4126208K), 0.0299238 secs] [Times: user=0.23 sys=0.00, real=0.03 secs] 
2021-01-22T00:39:51.733+0800: 33.878: [GC (Allocation Failure) 2021-01-22T00:39:51.733+0800: 33.878: [ParNew: 613439K->68095K(613440K), 0.0320140 secs] 2385637K->1956968K(4126208K), 0.0325909 secs] [Times: user=0.25 sys=0.00, real=0.03 secs] 
2021-01-22T00:39:51.833+0800: 33.979: [GC (Allocation Failure) 2021-01-22T00:39:51.834+0800: 33.979: [ParNew: 613439K->68094K(613440K), 0.0305045 secs] 2502312K->2079283K(4126208K), 0.0309796 secs] [Times: user=0.23 sys=0.01, real=0.03 secs] 
2021-01-22T00:39:51.928+0800: 34.074: [GC (Allocation Failure) 2021-01-22T00:39:51.929+0800: 34.074: [ParNew: 613438K->68095K(613440K), 0.0268610 secs] 2624627K->2199864K(4126208K), 0.0274951 secs] [Times: user=0.21 sys=0.00, real=0.02 secs] 
2021-01-22T00:39:52.032+0800: 34.177: [GC (Allocation Failure) 2021-01-22T00:39:52.032+0800: 34.178: [ParNew: 613439K->68094K(613440K), 0.0545305 secs] 2745208K->2324616K(4126208K), 0.0550556 secs] [Times: user=0.38 sys=0.03, real=0.05 secs] 
2021-01-22T00:39:52.152+0800: 34.298: [GC (Allocation Failure) 2021-01-22T00:39:52.153+0800: 34.298: [ParNew: 613438K->68095K(613440K), 0.0265653 secs] 2869960K->2449972K(4126208K), 0.0273109 secs] [Times: user=0.21 sys=0.00, real=0.03 secs] 
2021-01-22T00:39:52.240+0800: 34.385: [GC (Allocation Failure) 2021-01-22T00:39:52.240+0800: 34.386: [ParNew: 613439K->68094K(613440K), 0.0258375 secs] 2995316K->2568030K(4126208K), 0.0265724 secs] [Times: user=0.20 sys=0.00, real=0.02 secs] 
2021-01-22T00:39:52.267+0800: 34.413: [GC (CMS Initial Mark) [1 CMS-initial-mark: 2499935K(3512768K)] 2579345K(4126208K), 0.0009544 secs] [Times: user=0.00 sys=0.00, real=0.01 secs] 
2021-01-22T00:39:52.269+0800: 34.414: [CMS-concurrent-mark-start]
2021-01-22T00:39:52.277+0800: 34.422: [CMS-concurrent-mark: 0.008/0.008 secs] [Times: user=0.01 sys=0.01, real=0.00 secs] 
2021-01-22T00:39:52.277+0800: 34.423: [CMS-concurrent-preclean-start]
2021-01-22T00:39:52.281+0800: 34.426: [CMS-concurrent-preclean: 0.003/0.003 secs] [Times: user=0.01 sys=0.00, real=0.01 secs] 
2021-01-22T00:39:52.281+0800: 34.427: [CMS-concurrent-abortable-preclean-start]
2021-01-22T00:39:52.333+0800: 34.478: [GC (Allocation Failure) 2021-01-22T00:39:52.333+0800: 34.479: [ParNew: 613438K->68095K(613440K), 0.0276679 secs] 3113374K->2698268K(4126208K), 0.0283372 secs] [Times: user=0.21 sys=0.00, real=0.03 secs] 
2021-01-22T00:39:52.425+0800: 34.571: [GC (Allocation Failure) 2021-01-22T00:39:52.426+0800: 34.571: [ParNew: 613439K->68095K(613440K), 0.0279417 secs] 3243612K->2815997K(4126208K), 0.0287476 secs] [Times: user=0.22 sys=0.00, real=0.03 secs] 
2021-01-22T00:39:52.522+0800: 34.668: [GC (Allocation Failure) 2021-01-22T00:39:52.523+0800: 34.668: [ParNew: 613439K->68095K(613440K), 0.0305947 secs] 3361341K->2932052K(4126208K), 0.0316959 secs] [Times: user=0.23 sys=0.00, real=0.03 secs] 
2021-01-22T00:39:52.618+0800: 34.763: [GC (Allocation Failure) 2021-01-22T00:39:52.618+0800: 34.763: [ParNew: 613439K->68095K(613440K), 0.0250103 secs] 3477396K->3043877K(4126208K), 0.0258119 secs] [Times: user=0.19 sys=0.00, real=0.03 secs] 
2021-01-22T00:39:52.711+0800: 34.856: [GC (Allocation Failure) 2021-01-22T00:39:52.712+0800: 34.857: [ParNew: 613439K->68095K(613440K), 0.0245905 secs] 3589221K->3156468K(4126208K), 0.0256407 secs] [Times: user=0.19 sys=0.00, real=0.02 secs] 
2021-01-22T00:39:52.801+0800: 34.946: [GC (Allocation Failure) 2021-01-22T00:39:52.801+0800: 34.946: [ParNew: 613439K->68095K(613440K), 0.0270963 secs] 3701812K->3288525K(4126208K), 0.0279070 secs] [Times: user=0.20 sys=0.01, real=0.03 secs] 
2021-01-22T00:39:52.897+0800: 35.042: [GC (Allocation Failure) 2021-01-22T00:39:52.897+0800: 35.043: [ParNew: 613439K->68095K(613440K), 0.0293319 secs] 3833869K->3402673K(4126208K), 0.0300478 secs] [Times: user=0.23 sys=0.00, real=0.03 secs] 
2021-01-22T00:39:52.992+0800: 35.137: [GC (Allocation Failure) 2021-01-22T00:39:52.992+0800: 35.137: [ParNew: 613439K->68095K(613440K), 0.0251561 secs] 3948017K->3523374K(4126208K), 0.0259544 secs] [Times: user=0.19 sys=0.00, real=0.02 secs] 
2021-01-22T00:39:53.018+0800: 35.164: [CMS-concurrent-abortable-preclean: 0.066/0.737 secs] [Times: user=2.24 sys=0.01, real=0.74 secs] 
2021-01-22T00:39:53.019+0800: 35.164: [GC (CMS Final Remark) [YG occupancy: 79563 K (613440 K)]2021-01-22T00:39:53.019+0800: 35.165: [Rescan (parallel) , 0.0025428 secs]2021-01-22T00:39:53.022+0800: 35.168: [weak refs processing, 0.0002739 secs]2021-01-22T00:39:53.023+0800: 35.168: [class unloading, 0.0004839 secs]2021-01-22T00:39:53.024+0800: 35.169: [scrub symbol table, 0.0006600 secs]2021-01-22T00:39:53.025+0800: 35.170: [scrub string table, 0.0004146 secs][1 CMS-remark: 3455279K(3512768K)] 3534842K(4126208K), 0.0064321 secs] [Times: user=0.02 sys=0.00, real=0.00 secs] 
2021-01-22T00:39:53.026+0800: 35.172: [CMS-concurrent-sweep-start]
2021-01-22T00:39:53.030+0800: 35.176: [CMS-concurrent-sweep: 0.004/0.004 secs] [Times: user=0.00 sys=0.00, real=0.01 secs] 
2021-01-22T00:39:53.031+0800: 35.176: [CMS-concurrent-reset-start]
2021-01-22T00:39:53.033+0800: 35.179: [CMS-concurrent-reset: 0.003/0.003 secs] [Times: user=0.01 sys=0.00, real=0.00 secs] 
2021-01-22T00:39:53.089+0800: 35.234: [GC (Allocation Failure) 2021-01-22T00:39:53.091+0800: 35.236: [ParNew: 613156K->68095K(613440K), 0.0285112 secs] 1858570K->1440876K(4126208K), 0.0304282 secs] [Times: user=0.19 sys=0.01, real=0.03 secs] 
2021-01-22T00:39:53.182+0800: 35.327: [GC (Allocation Failure) 2021-01-22T00:39:53.182+0800: 35.328: [ParNew: 613381K->68095K(613440K), 0.0242546 secs] 1986162K->1554021K(4126208K), 0.0249630 secs] [Times: user=0.19 sys=0.00, real=0.02 secs] 
2021-01-22T00:39:53.267+0800: 35.413: [GC (Allocation Failure) 2021-01-22T00:39:53.268+0800: 35.413: [ParNew: 613439K->68094K(613440K), 0.0255441 secs] 2099365K->1677955K(4126208K), 0.0263486 secs] [Times: user=0.19 sys=0.01, real=0.03 secs] 
2021-01-22T00:39:53.356+0800: 35.501: [GC (Allocation Failure) 2021-01-22T00:39:53.357+0800: 35.502: [ParNew: 613438K->68095K(613440K), 0.0261068 secs] 2223299K->1799324K(4126208K), 0.0268389 secs] [Times: user=0.20 sys=0.00, real=0.03 secs] 
2021-01-22T00:39:53.446+0800: 35.592: [GC (Allocation Failure) 2021-01-22T00:39:53.447+0800: 35.592: [ParNew: 613439K->68094K(613440K), 0.0274814 secs] 2344668K->1930925K(4126208K), 0.0282883 secs] [Times: user=0.21 sys=0.00, real=0.03 secs] 
2021-01-22T00:39:53.537+0800: 35.682: [GC (Allocation Failure) 2021-01-22T00:39:53.537+0800: 35.683: [ParNew: 613438K->68095K(613440K), 0.0282693 secs] 2476269K->2053904K(4126208K), 0.0290707 secs] [Times: user=0.21 sys=0.00, real=0.03 secs] 
2021-01-22T00:39:53.632+0800: 35.777: [GC (Allocation Failure) 2021-01-22T00:39:53.633+0800: 35.778: [ParNew: 613439K->68095K(613440K), 0.0260162 secs] 2599248K->2181154K(4126208K), 0.0269203 secs] [Times: user=0.20 sys=0.00, real=0.03 secs] 
2021-01-22T00:39:53.724+0800: 35.870: [GC (Allocation Failure) 2021-01-22T00:39:53.725+0800: 35.870: [ParNew: 613439K->68095K(613440K), 0.0265534 secs] 2726498K->2310535K(4126208K), 0.0276793 secs] [Times: user=0.21 sys=0.00, real=0.03 secs] 
2021-01-22T00:39:53.753+0800: 35.898: [GC (CMS Initial Mark) [1 CMS-initial-mark: 2242440K(3512768K)] 2321639K(4126208K), 0.0016243 secs] [Times: user=0.01 sys=0.00, real=0.00 secs] 
2021-01-22T00:39:53.756+0800: 35.901: [CMS-concurrent-mark-start]
2021-01-22T00:39:53.763+0800: 35.908: [CMS-concurrent-mark: 0.007/0.007 secs] [Times: user=0.01 sys=0.00, real=0.01 secs] 
2021-01-22T00:39:53.763+0800: 35.909: [CMS-concurrent-preclean-start]
2021-01-22T00:39:53.767+0800: 35.912: [CMS-concurrent-preclean: 0.004/0.004 secs] [Times: user=0.00 sys=0.00, real=0.00 secs] 
2021-01-22T00:39:53.767+0800: 35.913: [CMS-concurrent-abortable-preclean-start]
2021-01-22T00:39:53.820+0800: 35.965: [GC (Allocation Failure) 2021-01-22T00:39:53.820+0800: 35.965: [ParNew: 613439K->68095K(613440K), 0.0255892 secs] 2855879K->2429982K(4126208K), 0.0264198 secs] [Times: user=0.20 sys=0.00, real=0.02 secs] 
2021-01-22T00:39:53.912+0800: 36.057: [GC (Allocation Failure) 2021-01-22T00:39:53.912+0800: 36.058: [ParNew: 613439K->68095K(613440K), 0.0278766 secs] 2975326K->2547617K(4126208K), 0.0287147 secs] [Times: user=0.22 sys=0.00, real=0.03 secs] 
2021-01-22T00:39:54.011+0800: 36.156: [GC (Allocation Failure) 2021-01-22T00:39:54.011+0800: 36.156: [ParNew: 613439K->68095K(613440K), 0.0309629 secs] 3092961K->2680130K(4126208K), 0.0318903 secs] [Times: user=0.24 sys=0.00, real=0.03 secs] 
2021-01-22T00:39:54.113+0800: 36.258: [GC (Allocation Failure) 2021-01-22T00:39:54.113+0800: 36.259: [ParNew: 613439K->68095K(613440K), 0.0306581 secs] 3225474K->2809556K(4126208K), 0.0315752 secs] [Times: user=0.24 sys=0.00, real=0.03 secs] 
2021-01-22T00:39:54.209+0800: 36.354: [GC (Allocation Failure) 2021-01-22T00:39:54.209+0800: 36.355: [ParNew: 613439K->68095K(613440K), 0.0254188 secs] 3354900K->2930074K(4126208K), 0.0262537 secs] [Times: user=0.19 sys=0.01, real=0.02 secs] 
2021-01-22T00:39:54.300+0800: 36.445: [GC (Allocation Failure) 2021-01-22T00:39:54.300+0800: 36.445: [ParNew: 613439K->68095K(613440K), 0.0263225 secs] 3475418K->3058389K(4126208K), 0.0271068 secs] [Times: user=0.20 sys=0.00, real=0.02 secs] 
2021-01-22T00:39:54.388+0800: 36.533: [GC (Allocation Failure) 2021-01-22T00:39:54.388+0800: 36.534: [ParNew: 613234K->68095K(613440K), 0.0276000 secs] 3603529K->3190767K(4126208K), 0.0282516 secs] [Times: user=0.21 sys=0.00, real=0.03 secs] 
2021-01-22T00:39:54.476+0800: 36.621: [GC (Allocation Failure) 2021-01-22T00:39:54.476+0800: 36.622: [ParNew: 613439K->68095K(613440K), 0.0299604 secs] 3736111K->3323627K(4126208K), 0.0308788 secs] [Times: user=0.23 sys=0.00, real=0.03 secs] 
2021-01-22T00:39:54.574+0800: 36.719: [GC (Allocation Failure) 2021-01-22T00:39:54.574+0800: 36.720: [ParNew: 613439K->68095K(613440K), 0.0294073 secs] 3868971K->3445259K(4126208K), 0.0302057 secs] [Times: user=0.22 sys=0.00, real=0.03 secs] 
2021-01-22T00:39:54.668+0800: 36.813: [GC (Allocation Failure) 2021-01-22T00:39:54.668+0800: 36.814: [ParNew: 613439K->613439K(613440K), 0.0002411 secs]2021-01-22T00:39:54.669+0800: 36.814: [CMS2021-01-22T00:39:54.669+0800: 36.815: [CMS-concurrent-abortable-preclean: 0.078/0.902 secs] [Times: user=2.66 sys=0.01, real=0.91 secs] 
 (concurrent mode failure): 3377163K->383920K(3512768K), 0.0679814 secs] 3990603K->383920K(4126208K), [Metaspace: 2817K->2817K(1056768K)], 0.0693325 secs] [Times: user=0.07 sys=0.00, real=0.07 secs] 
2021-01-22T00:39:54.815+0800: 36.960: [GC (Allocation Failure) 2021-01-22T00:39:54.816+0800: 36.961: [ParNew: 545344K->68094K(613440K), 0.0241252 secs] 929264K->542881K(4126208K), 0.0246798 secs] [Times: user=0.19 sys=0.00, real=0.03 secs] 
2021-01-22T00:39:54.901+0800: 37.046: [GC (Allocation Failure) 2021-01-22T00:39:54.901+0800: 37.046: [ParNew: 613438K->68095K(613440K), 0.0271830 secs] 1088225K->661659K(4126208K), 0.0278804 secs] [Times: user=0.21 sys=0.00, real=0.03 secs] 
2021-01-22T00:39:54.993+0800: 37.138: [GC (Allocation Failure) 2021-01-22T00:39:54.993+0800: 37.138: [ParNew: 613436K->68095K(613440K), 0.0291312 secs] 1207000K->788999K(4126208K), 0.0299861 secs] [Times: user=0.22 sys=0.00, real=0.03 secs] 
2021-01-22T00:39:55.087+0800: 37.233: [GC (Allocation Failure) 2021-01-22T00:39:55.088+0800: 37.233: [ParNew: 613439K->68095K(613440K), 0.0398381 secs] 1334343K->918689K(4126208K), 0.0403154 secs] [Times: user=0.30 sys=0.01, real=0.04 secs] 
2021-01-22T00:39:55.194+0800: 37.339: [GC (Allocation Failure) 2021-01-22T00:39:55.194+0800: 37.340: [ParNew: 613439K->68095K(613440K), 0.0282443 secs] 1464033K->1051501K(4126208K), 0.0288264 secs] [Times: user=0.22 sys=0.00, real=0.03 secs] 
2021-01-22T00:39:55.284+0800: 37.429: [GC (Allocation Failure) 2021-01-22T00:39:55.284+0800: 37.429: [ParNew: 613439K->68095K(613440K), 0.0300471 secs] 1596845K->1178957K(4126208K), 0.0307500 secs] [Times: user=0.24 sys=0.00, real=0.03 secs] 
2021-01-22T00:39:55.380+0800: 37.525: [GC (Allocation Failure) 2021-01-22T00:39:55.380+0800: 37.526: [ParNew: 613439K->68095K(613440K), 0.0252020 secs] 1724301K->1292398K(4126208K), 0.0258796 secs] [Times: user=0.20 sys=0.00, real=0.02 secs] 
2021-01-22T00:39:55.468+0800: 37.613: [GC (Allocation Failure) 2021-01-22T00:39:55.468+0800: 37.613: [ParNew: 613439K->68095K(613440K), 0.0287589 secs] 1837742K->1415191K(4126208K), 0.0294232 secs] [Times: user=0.22 sys=0.00, real=0.03 secs] 
2021-01-22T00:39:55.561+0800: 37.707: [GC (Allocation Failure) 2021-01-22T00:39:55.562+0800: 37.707: [ParNew: 613439K->68094K(613440K), 0.0258275 secs] 1960535K->1535172K(4126208K), 0.0266433 secs] [Times: user=0.20 sys=0.00, real=0.03 secs] 
2021-01-22T00:39:55.653+0800: 37.799: [GC (Allocation Failure) 2021-01-22T00:39:55.654+0800: 37.799: [ParNew: 613438K->68095K(613440K), 0.0295157 secs] 2080516K->1657720K(4126208K), 0.0303557 secs] [Times: user=0.23 sys=0.00, real=0.03 secs] 
2021-01-22T00:39:55.749+0800: 37.895: [GC (Allocation Failure) 2021-01-22T00:39:55.750+0800: 37.895: [ParNew: 613439K->68095K(613440K), 0.0305752 secs] 2203064K->1789771K(4126208K), 0.0314433 secs] [Times: user=0.24 sys=0.00, real=0.03 secs] 
2021-01-22T00:39:55.845+0800: 37.991: [GC (Allocation Failure) 2021-01-22T00:39:55.846+0800: 37.991: [ParNew: 613439K->68095K(613440K), 0.0279012 secs] 2335115K->1926176K(4126208K), 0.0285531 secs] [Times: user=0.21 sys=0.00, real=0.03 secs] 
2021-01-22T00:39:55.941+0800: 38.087: [GC (Allocation Failure) 2021-01-22T00:39:55.942+0800: 38.087: [ParNew: 613439K->68095K(613440K), 0.0270220 secs] 2471520K->2052992K(4126208K), 0.0278556 secs] [Times: user=0.19 sys=0.02, real=0.03 secs] 
2021-01-22T00:39:56.034+0800: 38.180: [GC (Allocation Failure) 2021-01-22T00:39:56.035+0800: 38.180: [ParNew: 613439K->68095K(613440K), 0.0297409 secs] 2598336K->2182449K(4126208K), 0.0305164 secs] [Times: user=0.22 sys=0.01, real=0.03 secs] 
2021-01-22T00:39:56.128+0800: 38.273: [GC (Allocation Failure) 2021-01-22T00:39:56.128+0800: 38.273: [ParNew: 613439K->68095K(613440K), 0.0269759 secs] 2727793K->2305806K(4126208K), 0.0277836 secs] [Times: user=0.19 sys=0.01, real=0.03 secs] 
2021-01-22T00:39:56.157+0800: 38.302: [GC (CMS Initial Mark) [1 CMS-initial-mark: 2237710K(3512768K)] 2317029K(4126208K), 0.0012899 secs] [Times: user=0.01 sys=0.00, real=0.01 secs] 
2021-01-22T00:39:56.159+0800: 38.304: [CMS-concurrent-mark-start]
2021-01-22T00:39:56.164+0800: 38.310: [CMS-concurrent-mark: 0.006/0.006 secs] [Times: user=0.01 sys=0.00, real=0.00 secs] 
2021-01-22T00:39:56.165+0800: 38.310: [CMS-concurrent-preclean-start]
2021-01-22T00:39:56.168+0800: 38.314: [CMS-concurrent-preclean: 0.003/0.003 secs] [Times: user=0.01 sys=0.00, real=0.01 secs] 
2021-01-22T00:39:56.169+0800: 38.314: [CMS-concurrent-abortable-preclean-start]
2021-01-22T00:39:56.229+0800: 38.375: [GC (Allocation Failure) 2021-01-22T00:39:56.230+0800: 38.375: [ParNew: 613439K->68095K(613440K), 0.0332620 secs] 2851150K->2435842K(4126208K), 0.0341520 secs] [Times: user=0.25 sys=0.00, real=0.03 secs] 
2021-01-22T00:39:56.331+0800: 38.477: [GC (Allocation Failure) 2021-01-22T00:39:56.332+0800: 38.477: [ParNew: 613439K->68095K(613440K), 0.0245357 secs] 2981186K->2550471K(4126208K), 0.0252949 secs] [Times: user=0.19 sys=0.00, real=0.02 secs] 
2021-01-22T00:39:56.420+0800: 38.565: [GC (Allocation Failure) 2021-01-22T00:39:56.420+0800: 38.566: [ParNew: 613439K->68095K(613440K), 0.0286752 secs] 3095815K->2680518K(4126208K), 0.0297462 secs] [Times: user=0.22 sys=0.00, real=0.03 secs] 
2021-01-22T00:39:56.519+0800: 38.664: [GC (Allocation Failure) 2021-01-22T00:39:56.519+0800: 38.664: [ParNew: 613439K->68095K(613440K), 0.0283442 secs] 3225862K->2806145K(4126208K), 0.0292294 secs] [Times: user=0.22 sys=0.00, real=0.03 secs] 
2021-01-22T00:39:56.613+0800: 38.758: [GC (Allocation Failure) 2021-01-22T00:39:56.613+0800: 38.758: [ParNew: 613439K->68095K(613440K), 0.0257635 secs] 3351489K->2926744K(4126208K), 0.0263680 secs] [Times: user=0.19 sys=0.01, real=0.03 secs] 
2021-01-22T00:39:56.705+0800: 38.850: [GC (Allocation Failure) 2021-01-22T00:39:56.705+0800: 38.851: [ParNew: 613439K->68095K(613440K), 0.0270947 secs] 3472088K->3051262K(4126208K), 0.0279102 secs] [Times: user=0.21 sys=0.00, real=0.03 secs] 
2021-01-22T00:39:56.797+0800: 38.943: [GC (Allocation Failure) 2021-01-22T00:39:56.798+0800: 38.943: [ParNew: 613439K->68095K(613440K), 0.0285824 secs] 3596606K->3179284K(4126208K), 0.0293832 secs] [Times: user=0.22 sys=0.00, real=0.03 secs] 
2021-01-22T00:39:56.891+0800: 39.036: [GC (Allocation Failure) 2021-01-22T00:39:56.892+0800: 39.037: [ParNew: 613439K->68095K(613440K), 0.0256690 secs] 3724628K->3301728K(4126208K), 0.0266333 secs] [Times: user=0.19 sys=0.00, real=0.02 secs] 
2021-01-22T00:39:56.982+0800: 39.127: [GC (Allocation Failure) 2021-01-22T00:39:56.982+0800: 39.127: [ParNew: 613439K->68096K(613440K), 0.0288265 secs] 3847072K->3432118K(4126208K), 0.0296187 secs] [Times: user=0.23 sys=0.00, real=0.03 secs] 
2021-01-22T00:39:57.077+0800: 39.222: [GC (Allocation Failure) 2021-01-22T00:39:57.077+0800: 39.222: [ParNew: 613440K->68095K(613440K), 0.0289424 secs] 3977462K->3555719K(4126208K), 0.0297496 secs] [Times: user=0.22 sys=0.00, real=0.03 secs] 
2021-01-22T00:39:57.107+0800: 39.252: [CMS-concurrent-abortable-preclean: 0.081/0.938 secs] [Times: user=2.87 sys=0.03, real=0.93 secs] 
2021-01-22T00:39:57.129+0800: 39.274: [GC (CMS Final Remark) [YG occupancy: 258086 K (613440 K)]2021-01-22T00:39:57.129+0800: 39.274: [Rescan (parallel) , 0.0023986 secs]2021-01-22T00:39:57.132+0800: 39.277: [weak refs processing, 0.0003058 secs]2021-01-22T00:39:57.132+0800: 39.278: [class unloading, 0.0003805 secs]2021-01-22T00:39:57.133+0800: 39.278: [scrub symbol table, 0.0005202 secs]2021-01-22T00:39:57.134+0800: 39.279: [scrub string table, 0.0003544 secs][1 CMS-remark: 3487624K(3512768K)] 3745710K(4126208K), 0.0055613 secs] [Times: user=0.02 sys=0.00, real=0.00 secs] 
2021-01-22T00:39:57.135+0800: 39.280: [CMS-concurrent-sweep-start]
2021-01-22T00:39:57.138+0800: 39.283: [CMS-concurrent-sweep: 0.003/0.003 secs] [Times: user=0.01 sys=0.00, real=0.01 secs] 
2021-01-22T00:39:57.139+0800: 39.284: [CMS-concurrent-reset-start]
2021-01-22T00:39:57.142+0800: 39.287: [CMS-concurrent-reset: 0.003/0.003 secs] [Times: user=0.00 sys=0.00, real=0.00 secs] 
2021-01-22T00:39:57.181+0800: 39.327: [GC (Allocation Failure) 2021-01-22T00:39:57.182+0800: 39.327: [ParNew: 613439K->68095K(613440K), 0.0269994 secs] 2177514K->1756448K(4126208K), 0.0278227 secs] [Times: user=0.21 sys=0.00, real=0.03 secs] 
2021-01-22T00:39:57.272+0800: 39.418: [GC (Allocation Failure) 2021-01-22T00:39:57.273+0800: 39.418: [ParNew: 613439K->68095K(613440K), 0.0265911 secs] 2301792K->1885350K(4126208K), 0.0274399 secs] [Times: user=0.21 sys=0.00, real=0.03 secs] 
2021-01-22T00:39:57.366+0800: 39.511: [GC (Allocation Failure) 2021-01-22T00:39:57.366+0800: 39.512: [ParNew: 613439K->68095K(613440K), 0.0295400 secs] 2430694K->2001902K(4126208K), 0.0304377 secs] [Times: user=0.22 sys=0.00, real=0.03 secs] 
2021-01-22T00:39:57.462+0800: 39.607: [GC (Allocation Failure) 2021-01-22T00:39:57.462+0800: 39.608: [ParNew: 613439K->68095K(613440K), 0.0284455 secs] 2547246K->2120111K(4126208K), 0.0289964 secs] [Times: user=0.22 sys=0.00, real=0.03 secs] 
2021-01-22T00:39:57.554+0800: 39.699: [GC (Allocation Failure) 2021-01-22T00:39:57.554+0800: 39.699: [ParNew: 613439K->68095K(613440K), 0.0273903 secs] 2665455K->2245776K(4126208K), 0.0281602 secs] [Times: user=0.22 sys=0.00, real=0.03 secs] 
2021-01-22T00:39:57.583+0800: 39.728: [GC (CMS Initial Mark) [1 CMS-initial-mark: 2177680K(3512768K)] 2257320K(4126208K), 0.0009308 secs] [Times: user=0.00 sys=0.00, real=0.00 secs] 
2021-01-22T00:39:57.584+0800: 39.729: [CMS-concurrent-mark-start]
2021-01-22T00:39:57.591+0800: 39.737: [CMS-concurrent-mark: 0.007/0.007 secs] [Times: user=0.02 sys=0.00, real=0.01 secs] 
2021-01-22T00:39:57.592+0800: 39.737: [CMS-concurrent-preclean-start]
2021-01-22T00:39:57.595+0800: 39.740: [CMS-concurrent-preclean: 0.003/0.003 secs] [Times: user=0.01 sys=0.00, real=0.00 secs] 
2021-01-22T00:39:57.595+0800: 39.740: [CMS-concurrent-abortable-preclean-start]
2021-01-22T00:39:57.647+0800: 39.792: [GC (Allocation Failure) 2021-01-22T00:39:57.647+0800: 39.793: [ParNew: 613439K->68095K(613440K), 0.0321103 secs] 2791120K->2378285K(4126208K), 0.0329812 secs] [Times: user=0.25 sys=0.00, real=0.04 secs] 
2021-01-22T00:39:57.752+0800: 39.897: [GC (Allocation Failure) 2021-01-22T00:39:57.752+0800: 39.898: [ParNew: 613439K->68095K(613440K), 0.0303429 secs] 2923629K->2503642K(4126208K), 0.0311591 secs] [Times: user=0.22 sys=0.01, real=0.03 secs] 
2021-01-22T00:39:57.850+0800: 39.995: [GC (Allocation Failure) 2021-01-22T00:39:57.850+0800: 39.995: [ParNew: 613439K->68095K(613440K), 0.0330062 secs] 3048986K->2624814K(4126208K), 0.0337868 secs] [Times: user=0.26 sys=0.00, real=0.03 secs] 
2021-01-22T00:39:57.949+0800: 40.094: [GC (Allocation Failure) 2021-01-22T00:39:57.949+0800: 40.095: [ParNew: 613439K->68095K(613440K), 0.0311796 secs] 3170158K->2748806K(4126208K), 0.0321269 secs] [Times: user=0.24 sys=0.00, real=0.03 secs] 
2021-01-22T00:39:58.049+0800: 40.194: [GC (Allocation Failure) 2021-01-22T00:39:58.049+0800: 40.194: [ParNew: 613439K->68095K(613440K), 0.0273724 secs] 3294150K->2865508K(4126208K), 0.0281951 secs] [Times: user=0.21 sys=0.01, real=0.02 secs] 
2021-01-22T00:39:58.144+0800: 40.289: [GC (Allocation Failure) 2021-01-22T00:39:58.144+0800: 40.289: [ParNew: 613439K->68095K(613440K), 0.0323530 secs] 3410852K->2988560K(4126208K), 0.0330630 secs] [Times: user=0.25 sys=0.00, real=0.03 secs] 
2021-01-22T00:39:58.242+0800: 40.387: [GC (Allocation Failure) 2021-01-22T00:39:58.242+0800: 40.387: [ParNew: 613439K->68095K(613440K), 0.0281805 secs] 3533904K->3111994K(4126208K), 0.0291972 secs] [Times: user=0.21 sys=0.00, real=0.03 secs] 
2021-01-22T00:39:58.335+0800: 40.480: [GC (Allocation Failure) 2021-01-22T00:39:58.335+0800: 40.481: [ParNew: 613439K->68094K(613440K), 0.0256926 secs] 3657338K->3233897K(4126208K), 0.0263881 secs] [Times: user=0.20 sys=0.00, real=0.03 secs] 
2021-01-22T00:39:58.422+0800: 40.568: [GC (Allocation Failure) 2021-01-22T00:39:58.423+0800: 40.568: [ParNew: 613369K->68095K(613440K), 0.0342115 secs] 3779172K->3359078K(4126208K), 0.0347880 secs] [Times: user=0.27 sys=0.00, real=0.03 secs] 
2021-01-22T00:39:58.524+0800: 40.669: [GC (Allocation Failure) 2021-01-22T00:39:58.524+0800: 40.669: [ParNew: 613439K->68095K(613440K), 0.0274579 secs] 3904422K->3480338K(4126208K), 0.0281051 secs] [Times: user=0.21 sys=0.00, real=0.03 secs] 
2021-01-22T00:39:58.556+0800: 40.701: [CMS-concurrent-abortable-preclean: 0.085/0.961 secs] [Times: user=3.05 sys=0.02, real=0.96 secs] 
2021-01-22T00:39:58.568+0800: 40.714: [GC (CMS Final Remark) [YG occupancy: 214303 K (613440 K)]2021-01-22T00:39:58.569+0800: 40.714: [Rescan (parallel) , 0.0016800 secs]2021-01-22T00:39:58.571+0800: 40.716: [weak refs processing, 0.0001644 secs]2021-01-22T00:39:58.571+0800: 40.716: [class unloading, 0.0002953 secs]2021-01-22T00:39:58.571+0800: 40.717: [scrub symbol table, 0.0004005 secs]2021-01-22T00:39:58.572+0800: 40.717: [scrub string table, 0.0002713 secs][1 CMS-remark: 3412242K(3512768K)] 3626546K(4126208K), 0.0038172 secs] [Times: user=0.01 sys=0.00, real=0.00 secs] 
2021-01-22T00:39:58.573+0800: 40.718: [CMS-concurrent-sweep-start]
2021-01-22T00:39:58.576+0800: 40.721: [CMS-concurrent-sweep: 0.003/0.003 secs] [Times: user=0.01 sys=0.00, real=0.00 secs] 
2021-01-22T00:39:58.576+0800: 40.721: [CMS-concurrent-reset-start]
2021-01-22T00:39:58.579+0800: 40.724: [CMS-concurrent-reset: 0.003/0.003 secs] [Times: user=0.01 sys=0.00, real=0.01 secs] 
2021-01-22T00:39:58.619+0800: 40.765: [GC (Allocation Failure) 2021-01-22T00:39:58.620+0800: 40.765: [ParNew: 613439K->68095K(613440K), 0.0257143 secs] 2150201K->1727088K(4126208K), 0.0265039 secs] [Times: user=0.20 sys=0.00, real=0.02 secs] 
2021-01-22T00:39:58.710+0800: 40.855: [GC (Allocation Failure) 2021-01-22T00:39:58.710+0800: 40.855: [ParNew: 613392K->68095K(613440K), 0.0361692 secs] 2272385K->1862550K(4126208K), 0.0366416 secs] [Times: user=0.28 sys=0.01, real=0.03 secs] 
2021-01-22T00:39:58.808+0800: 40.953: [GC (Allocation Failure) 2021-01-22T00:39:58.808+0800: 40.954: [ParNew: 613439K->68095K(613440K), 0.0356706 secs] 2407894K->1989875K(4126208K), 0.0361366 secs] [Times: user=0.28 sys=0.00, real=0.04 secs] 
2021-01-22T00:39:58.845+0800: 40.990: [GC (CMS Initial Mark) [1 CMS-initial-mark: 1921780K(3512768K)] 2001408K(4126208K), 0.0005751 secs] [Times: user=0.00 sys=0.00, real=0.00 secs] 
2021-01-22T00:39:58.846+0800: 40.991: [CMS-concurrent-mark-start]
2021-01-22T00:39:58.851+0800: 40.996: [CMS-concurrent-mark: 0.005/0.005 secs] [Times: user=0.01 sys=0.00, real=0.01 secs] 
2021-01-22T00:39:58.851+0800: 40.996: [CMS-concurrent-preclean-start]
2021-01-22T00:39:58.854+0800: 41.000: [CMS-concurrent-preclean: 0.003/0.003 secs] [Times: user=0.01 sys=0.00, real=0.00 secs] 
2021-01-22T00:39:58.855+0800: 41.000: [CMS-concurrent-abortable-preclean-start]
2021-01-22T00:39:58.907+0800: 41.053: [GC (Allocation Failure) 2021-01-22T00:39:58.908+0800: 41.053: [ParNew: 613439K->68095K(613440K), 0.0268500 secs] 2535219K->2111219K(4126208K), 0.0274791 secs] [Times: user=0.21 sys=0.00, real=0.03 secs] 
2021-01-22T00:39:58.998+0800: 41.144: [GC (Allocation Failure) 2021-01-22T00:39:58.999+0800: 41.144: [ParNew: 613439K->68094K(613440K), 0.0287097 secs] 2656563K->2235134K(4126208K), 0.0293831 secs] [Times: user=0.23 sys=0.00, real=0.02 secs] 
2021-01-22T00:39:59.091+0800: 41.237: [GC (Allocation Failure) 2021-01-22T00:39:59.092+0800: 41.237: [ParNew: 613438K->68095K(613440K), 0.0293546 secs] 2780478K->2362042K(4126208K), 0.0299761 secs] [Times: user=0.22 sys=0.00, real=0.03 secs] 
2021-01-22T00:39:59.188+0800: 41.333: [GC (Allocation Failure) 2021-01-22T00:39:59.188+0800: 41.333: [ParNew: 613439K->68095K(613440K), 0.0324410 secs] 2907386K->2488376K(4126208K), 0.0332054 secs] [Times: user=0.24 sys=0.01, real=0.04 secs] 
2021-01-22T00:39:59.284+0800: 41.429: [GC (Allocation Failure) 2021-01-22T00:39:59.284+0800: 41.429: [ParNew: 613439K->68095K(613440K), 0.0334145 secs] 3033720K->2624530K(4126208K), 0.0340747 secs] [Times: user=0.26 sys=0.00, real=0.03 secs] 
2021-01-22T00:39:59.388+0800: 41.533: [GC (Allocation Failure) 2021-01-22T00:39:59.388+0800: 41.533: [ParNew: 613439K->68095K(613440K), 0.0283215 secs] 3169874K->2746705K(4126208K), 0.0292354 secs] [Times: user=0.21 sys=0.00, real=0.03 secs] 
2021-01-22T00:39:59.480+0800: 41.625: [GC (Allocation Failure) 2021-01-22T00:39:59.480+0800: 41.625: [ParNew: 613439K->68095K(613440K), 0.0266818 secs] 3292049K->2879415K(4126208K), 0.0276104 secs] [Times: user=0.20 sys=0.00, real=0.02 secs] 
2021-01-22T00:39:59.577+0800: 41.722: [GC (Allocation Failure) 2021-01-22T00:39:59.577+0800: 41.723: [ParNew: 613439K->68095K(613440K), 0.0295420 secs] 3424759K->2999100K(4126208K), 0.0303480 secs] [Times: user=0.22 sys=0.01, real=0.03 secs] 
2021-01-22T00:39:59.670+0800: 41.815: [GC (Allocation Failure) 2021-01-22T00:39:59.670+0800: 41.815: [ParNew: 613439K->68095K(613440K), 0.0256543 secs] 3544444K->3113306K(4126208K), 0.0263263 secs] [Times: user=0.19 sys=0.01, real=0.02 secs] 
2021-01-22T00:39:59.760+0800: 41.905: [GC (Allocation Failure) 2021-01-22T00:39:59.761+0800: 41.906: [ParNew: 613439K->68095K(613440K), 0.0256577 secs] 3658650K->3225052K(4126208K), 0.0262131 secs] [Times: user=0.19 sys=0.01, real=0.02 secs] 
2021-01-22T00:39:59.849+0800: 41.994: [GC (Allocation Failure) 2021-01-22T00:39:59.849+0800: 41.995: [ParNew: 613439K->68094K(613440K), 0.0252076 secs] 3770396K->3336640K(4126208K), 0.0260065 secs] [Times: user=0.19 sys=0.00, real=0.02 secs] 
2021-01-22T00:39:59.939+0800: 42.084: [GC (Allocation Failure) 2021-01-22T00:39:59.939+0800: 42.084: [ParNew: 613438K->68094K(613440K), 0.0269771 secs] 3881984K->3463354K(4126208K), 0.0277904 secs] [Times: user=0.21 sys=0.00, real=0.02 secs] 
2021-01-22T00:40:00.039+0800: 42.184: [GC (Allocation Failure) 2021-01-22T00:40:00.039+0800: 42.184: [ParNew: 613438K->613438K(613440K), 0.0002629 secs]2021-01-22T00:40:00.039+0800: 42.185: [CMS2021-01-22T00:40:00.040+0800: 42.185: [CMS-concurrent-abortable-preclean: 0.103/1.185 secs] [Times: user=3.51 sys=0.05, real=1.19 secs] 
 (concurrent mode failure): 3395260K->368470K(3512768K), 0.0562027 secs] 4008698K->368470K(4126208K), [Metaspace: 2817K->2817K(1056768K)], 0.0575626 secs] [Times: user=0.06 sys=0.00, real=0.05 secs] 
2021-01-22T00:40:00.161+0800: 42.306: [GC (Allocation Failure) 2021-01-22T00:40:00.162+0800: 42.307: [ParNew: 545344K->68094K(613440K), 0.0228842 secs] 913814K->526813K(4126208K), 0.0238001 secs] [Times: user=0.17 sys=0.00, real=0.02 secs] 
2021-01-22T00:40:00.249+0800: 42.395: [GC (Allocation Failure) 2021-01-22T00:40:00.250+0800: 42.395: [ParNew: 613438K->68095K(613440K), 0.0298704 secs] 1072157K->657383K(4126208K), 0.0305768 secs] [Times: user=0.23 sys=0.00, real=0.03 secs] 
2021-01-22T00:40:00.345+0800: 42.491: [GC (Allocation Failure) 2021-01-22T00:40:00.346+0800: 42.491: [ParNew: 613439K->68094K(613440K), 0.0262643 secs] 1202727K->786633K(4126208K), 0.0270552 secs] [Times: user=0.21 sys=0.00, real=0.03 secs] 
2021-01-22T00:40:00.437+0800: 42.582: [GC (Allocation Failure) 2021-01-22T00:40:00.437+0800: 42.583: [ParNew: 613438K->68095K(613440K), 0.0254176 secs] 1331977K->905362K(4126208K), 0.0263031 secs] [Times: user=0.19 sys=0.01, real=0.03 secs] 
2021-01-22T00:40:00.529+0800: 42.675: [GC (Allocation Failure) 2021-01-22T00:40:00.530+0800: 42.675: [ParNew: 613439K->68095K(613440K), 0.0307449 secs] 1450706K->1029598K(4126208K), 0.0314843 secs] [Times: user=0.23 sys=0.00, real=0.03 secs] 
2021-01-22T00:40:00.626+0800: 42.771: [GC (Allocation Failure) 2021-01-22T00:40:00.626+0800: 42.772: [ParNew: 613439K->68095K(613440K), 0.0249617 secs] 1574942K->1143579K(4126208K), 0.0258287 secs] [Times: user=0.19 sys=0.00, real=0.03 secs] 
2021-01-22T00:40:00.726+0800: 42.871: [GC (Allocation Failure) 2021-01-22T00:40:00.726+0800: 42.871: [ParNew: 613439K->68094K(613440K), 0.0389800 secs] 1688923K->1268035K(4126208K), 0.0397095 secs] [Times: user=0.30 sys=0.01, real=0.04 secs] 
2021-01-22T00:40:00.834+0800: 42.979: [GC (Allocation Failure) 2021-01-22T00:40:00.834+0800: 42.980: [ParNew: 613438K->68095K(613440K), 0.0289514 secs] 1813379K->1386782K(4126208K), 0.0298817 secs] [Times: user=0.22 sys=0.00, real=0.03 secs] 
2021-01-22T00:40:00.928+0800: 43.074: [GC (Allocation Failure) 2021-01-22T00:40:00.929+0800: 43.074: [ParNew: 613439K->68095K(613440K), 0.0264069 secs] 1932126K->1509194K(4126208K), 0.0272779 secs] [Times: user=0.20 sys=0.00, real=0.02 secs] 
2021-01-22T00:40:01.020+0800: 43.165: [GC (Allocation Failure) 2021-01-22T00:40:01.020+0800: 43.165: [ParNew: 613439K->68095K(613440K), 0.0258404 secs] 2054538K->1628220K(4126208K), 0.0265756 secs] [Times: user=0.20 sys=0.00, real=0.02 secs] 
2021-01-22T00:40:01.111+0800: 43.256: [GC (Allocation Failure) 2021-01-22T00:40:01.111+0800: 43.257: [ParNew: 613439K->68095K(613440K), 0.0276797 secs] 2173564K->1751570K(4126208K), 0.0284980 secs] [Times: user=0.21 sys=0.00, real=0.03 secs] 
2021-01-22T00:40:01.204+0800: 43.350: [GC (Allocation Failure) 2021-01-22T00:40:01.205+0800: 43.350: [ParNew: 613439K->68095K(613440K), 0.0255078 secs] 2296914K->1870877K(4126208K), 0.0262288 secs] [Times: user=0.20 sys=0.00, real=0.03 secs] 
2021-01-22T00:40:01.296+0800: 43.441: [GC (Allocation Failure) 2021-01-22T00:40:01.296+0800: 43.441: [ParNew: 613439K->68095K(613440K), 0.0271391 secs] 2416221K->1997008K(4126208K), 0.0279267 secs] [Times: user=0.21 sys=0.00, real=0.03 secs] 
2021-01-22T00:40:01.325+0800: 43.470: [GC (CMS Initial Mark) [1 CMS-initial-mark: 1928912K(3512768K)] 2008911K(4126208K), 0.0013286 secs] [Times: user=0.00 sys=0.00, real=0.00 secs] 
2021-01-22T00:40:01.327+0800: 43.472: [CMS-concurrent-mark-start]
2021-01-22T00:40:01.332+0800: 43.478: [CMS-concurrent-mark: 0.005/0.005 secs] [Times: user=0.02 sys=0.00, real=0.01 secs] 
2021-01-22T00:40:01.333+0800: 43.478: [CMS-concurrent-preclean-start]
2021-01-22T00:40:01.337+0800: 43.482: [CMS-concurrent-preclean: 0.004/0.004 secs] [Times: user=0.00 sys=0.00, real=0.00 secs] 
2021-01-22T00:40:01.337+0800: 43.483: [CMS-concurrent-abortable-preclean-start]
2021-01-22T00:40:01.390+0800: 43.535: [GC (Allocation Failure) 2021-01-22T00:40:01.390+0800: 43.535: [ParNew: 613439K->68094K(613440K), 0.0279039 secs] 2542352K->2119376K(4126208K), 0.0287228 secs] [Times: user=0.21 sys=0.00, real=0.03 secs] 
2021-01-22T00:40:01.483+0800: 43.629: [GC (Allocation Failure) 2021-01-22T00:40:01.484+0800: 43.629: [ParNew: 613438K->68095K(613440K), 0.0262133 secs] 2664720K->2241691K(4126208K), 0.0272355 secs] [Times: user=0.20 sys=0.00, real=0.03 secs] 
2021-01-22T00:40:01.577+0800: 43.722: [GC (Allocation Failure) 2021-01-22T00:40:01.577+0800: 43.722: [ParNew: 613439K->68095K(613440K), 0.0271226 secs] 2787035K->2354617K(4126208K), 0.0279634 secs] [Times: user=0.20 sys=0.01, real=0.03 secs] 
2021-01-22T00:40:01.669+0800: 43.814: [GC (Allocation Failure) 2021-01-22T00:40:01.669+0800: 43.815: [ParNew: 613439K->68094K(613440K), 0.0263825 secs] 2899961K->2481138K(4126208K), 0.0271110 secs] [Times: user=0.20 sys=0.00, real=0.02 secs] 
2021-01-22T00:40:01.761+0800: 43.906: [GC (Allocation Failure) 2021-01-22T00:40:01.761+0800: 43.907: [ParNew: 613438K->68094K(613440K), 0.0271661 secs] 3026482K->2602195K(4126208K), 0.0280373 secs] [Times: user=0.19 sys=0.02, real=0.03 secs] 
2021-01-22T00:40:01.857+0800: 44.002: [GC (Allocation Failure) 2021-01-22T00:40:01.857+0800: 44.003: [ParNew: 613438K->68095K(613440K), 0.0356332 secs] 3147539K->2728690K(4126208K), 0.0363009 secs] [Times: user=0.27 sys=0.00, real=0.04 secs] 
2021-01-22T00:40:01.955+0800: 44.100: [GC (Allocation Failure) 2021-01-22T00:40:01.955+0800: 44.100: [ParNew: 613439K->68095K(613440K), 0.0296852 secs] 3274034K->2854916K(4126208K), 0.0305469 secs] [Times: user=0.23 sys=0.00, real=0.03 secs] 
2021-01-22T00:40:02.048+0800: 44.193: [GC (Allocation Failure) 2021-01-22T00:40:02.048+0800: 44.193: [ParNew: 613439K->68094K(613440K), 0.0276346 secs] 3400260K->2979991K(4126208K), 0.0282187 secs] [Times: user=0.22 sys=0.00, real=0.03 secs] 
2021-01-22T00:40:02.139+0800: 44.284: [GC (Allocation Failure) 2021-01-22T00:40:02.139+0800: 44.284: [ParNew: 613438K->68095K(613440K), 0.0252725 secs] 3525335K->3098734K(4126208K), 0.0262308 secs] [Times: user=0.19 sys=0.00, real=0.02 secs] 
2021-01-22T00:40:02.226+0800: 44.371: [GC (Allocation Failure) 2021-01-22T00:40:02.227+0800: 44.372: [ParNew: 613439K->68094K(613440K), 0.0300962 secs] 3644078K->3226851K(4126208K), 0.0309091 secs] [Times: user=0.23 sys=0.00, real=0.03 secs] 
2021-01-22T00:40:02.317+0800: 44.462: [GC (Allocation Failure) 2021-01-22T00:40:02.317+0800: 44.463: [ParNew: 613438K->68095K(613440K), 0.0267385 secs] 3772195K->3352340K(4126208K), 0.0276693 secs] [Times: user=0.19 sys=0.01, real=0.03 secs] 
2021-01-22T00:40:02.407+0800: 44.552: [GC (Allocation Failure) 2021-01-22T00:40:02.407+0800: 44.553: [ParNew: 613439K->68094K(613440K), 0.0244409 secs] 3897684K->3468544K(4126208K), 0.0250799 secs] [Times: user=0.18 sys=0.01, real=0.03 secs] 
2021-01-22T00:40:02.437+0800: 44.582: [CMS-concurrent-abortable-preclean: 0.095/1.100 secs] [Times: user=3.39 sys=0.05, real=1.10 secs] 
2021-01-22T00:40:02.438+0800: 44.583: [GC (CMS Final Remark) [YG occupancy: 113442 K (613440 K)]2021-01-22T00:40:02.438+0800: 44.583: [Rescan (parallel) , 0.0019984 secs]2021-01-22T00:40:02.440+0800: 44.585: [weak refs processing, 0.0002743 secs]2021-01-22T00:40:02.441+0800: 44.586: [class unloading, 0.0003899 secs]2021-01-22T00:40:02.441+0800: 44.587: [scrub symbol table, 0.0004681 secs]2021-01-22T00:40:02.442+0800: 44.587: [scrub string table, 0.0003491 secs][1 CMS-remark: 3400449K(3512768K)] 3513891K(4126208K), 0.0047859 secs] [Times: user=0.02 sys=0.00, real=0.01 secs] 
2021-01-22T00:40:02.443+0800: 44.588: [CMS-concurrent-sweep-start]
2021-01-22T00:40:02.445+0800: 44.591: [CMS-concurrent-sweep: 0.003/0.003 secs] [Times: user=0.00 sys=0.00, real=0.00 secs] 
2021-01-22T00:40:02.446+0800: 44.591: [CMS-concurrent-reset-start]
2021-01-22T00:40:02.448+0800: 44.594: [CMS-concurrent-reset: 0.003/0.003 secs] [Times: user=0.01 sys=0.00, real=0.01 secs] 
2021-01-22T00:40:02.501+0800: 44.647: [GC (Allocation Failure) 2021-01-22T00:40:02.502+0800: 44.647: [ParNew: 613438K->68095K(613440K), 0.0263192 secs] 2391816K->1980037K(4126208K), 0.0270982 secs] [Times: user=0.20 sys=0.01, real=0.03 secs] 
2021-01-22T00:40:02.529+0800: 44.675: [GC (CMS Initial Mark) [1 CMS-initial-mark: 1911942K(3512768K)] 1991157K(4126208K), 0.0010831 secs] [Times: user=0.00 sys=0.00, real=0.00 secs] 
2021-01-22T00:40:02.531+0800: 44.676: [CMS-concurrent-mark-start]
2021-01-22T00:40:02.538+0800: 44.683: [CMS-concurrent-mark: 0.007/0.007 secs] [Times: user=0.01 sys=0.00, real=0.00 secs] 
2021-01-22T00:40:02.538+0800: 44.684: [CMS-concurrent-preclean-start]
2021-01-22T00:40:02.542+0800: 44.687: [CMS-concurrent-preclean: 0.003/0.003 secs] [Times: user=0.00 sys=0.00, real=0.00 secs] 
2021-01-22T00:40:02.542+0800: 44.688: [CMS-concurrent-abortable-preclean-start]
2021-01-22T00:40:02.593+0800: 44.739: [GC (Allocation Failure) 2021-01-22T00:40:02.594+0800: 44.739: [ParNew: 613439K->68095K(613440K), 0.0297982 secs] 2525381K->2114496K(4126208K), 0.0305346 secs] [Times: user=0.23 sys=0.00, real=0.03 secs] 
2021-01-22T00:40:02.687+0800: 44.832: [GC (Allocation Failure) 2021-01-22T00:40:02.688+0800: 44.833: [ParNew: 613439K->68094K(613440K), 0.0279467 secs] 2659840K->2248155K(4126208K), 0.0288078 secs] [Times: user=0.22 sys=0.00, real=0.03 secs] 
2021-01-22T00:40:02.779+0800: 44.924: [GC (Allocation Failure) 2021-01-22T00:40:02.779+0800: 44.925: [ParNew: 613438K->68094K(613440K), 0.0290733 secs] 2793499K->2380456K(4126208K), 0.0299119 secs] [Times: user=0.21 sys=0.01, real=0.03 secs] 
2021-01-22T00:40:02.871+0800: 45.016: [GC (Allocation Failure) 2021-01-22T00:40:02.872+0800: 45.017: [ParNew: 613438K->68095K(613440K), 0.0299242 secs] 2925800K->2514402K(4126208K), 0.0307753 secs] [Times: user=0.23 sys=0.00, real=0.03 secs] 
2021-01-22T00:40:02.969+0800: 45.114: [GC (Allocation Failure) 2021-01-22T00:40:02.969+0800: 45.115: [ParNew: 613439K->68094K(613440K), 0.0321725 secs] 3059746K->2640756K(4126208K), 0.0326392 secs] [Times: user=0.25 sys=0.00, real=0.03 secs] 
2021-01-22T00:40:03.061+0800: 45.206: [GC (Allocation Failure) 2021-01-22T00:40:03.061+0800: 45.207: [ParNew: 613438K->68094K(613440K), 0.0263822 secs] 3186100K->2769601K(4126208K), 0.0269447 secs] [Times: user=0.21 sys=0.00, real=0.03 secs] 
2021-01-22T00:40:03.151+0800: 45.296: [GC (Allocation Failure) 2021-01-22T00:40:03.151+0800: 45.297: [ParNew: 613438K->68095K(613440K), 0.0253151 secs] 3314945K->2882174K(4126208K), 0.0259894 secs] [Times: user=0.19 sys=0.00, real=0.02 secs] 
2021-01-22T00:40:03.246+0800: 45.391: [GC (Allocation Failure) 2021-01-22T00:40:03.246+0800: 45.392: [ParNew: 613439K->68095K(613440K), 0.0254868 secs] 3427518K->2991211K(4126208K), 0.0264669 secs] [Times: user=0.19 sys=0.00, real=0.03 secs] 
2021-01-22T00:40:03.336+0800: 45.481: [GC (Allocation Failure) 2021-01-22T00:40:03.336+0800: 45.481: [ParNew: 613439K->68095K(613440K), 0.0264816 secs] 3536555K->3120339K(4126208K), 0.0271849 secs] [Times: user=0.20 sys=0.01, real=0.03 secs] 
2021-01-22T00:40:03.427+0800: 45.572: [GC (Allocation Failure) 2021-01-22T00:40:03.427+0800: 45.572: [ParNew: 613439K->68095K(613440K), 0.0293473 secs] 3665683K->3243504K(4126208K), 0.0301392 secs] [Times: user=0.23 sys=0.00, real=0.03 secs] 
2021-01-22T00:40:03.519+0800: 45.665: [GC (Allocation Failure) 2021-01-22T00:40:03.520+0800: 45.665: [ParNew: 613439K->68095K(613440K), 0.0298477 secs] 3788848K->3374506K(4126208K), 0.0306920 secs] [Times: user=0.24 sys=0.00, real=0.03 secs] 
2021-01-22T00:40:03.613+0800: 45.759: [GC (Allocation Failure) 2021-01-22T00:40:03.614+0800: 45.759: [ParNew: 613439K->68094K(613440K), 0.0259477 secs] 3919850K->3497651K(4126208K), 0.0268088 secs] [Times: user=0.20 sys=0.00, real=0.03 secs] 
2021-01-22T00:40:03.645+0800: 45.790: [CMS-concurrent-abortable-preclean: 0.100/1.102 secs] [Times: user=3.44 sys=0.02, real=1.10 secs] 
2021-01-22T00:40:03.646+0800: 45.791: [GC (CMS Final Remark) [YG occupancy: 114022 K (613440 K)]2021-01-22T00:40:03.646+0800: 45.791: [Rescan (parallel) , 0.0018665 secs]2021-01-22T00:40:03.648+0800: 45.793: [weak refs processing, 0.0002673 secs]2021-01-22T00:40:03.649+0800: 45.794: [class unloading, 0.0006601 secs]2021-01-22T00:40:03.650+0800: 45.795: [scrub symbol table, 0.0004588 secs]2021-01-22T00:40:03.650+0800: 45.795: [scrub string table, 0.0003200 secs][1 CMS-remark: 3429556K(3512768K)] 3543579K(4126208K), 0.0050513 secs] [Times: user=0.01 sys=0.00, real=0.01 secs] 
2021-01-22T00:40:03.651+0800: 45.796: [CMS-concurrent-sweep-start]
2021-01-22T00:40:03.655+0800: 45.800: [CMS-concurrent-sweep: 0.004/0.004 secs] [Times: user=0.00 sys=0.00, real=0.00 secs] 
2021-01-22T00:40:03.655+0800: 45.801: [CMS-concurrent-reset-start]
2021-01-22T00:40:03.659+0800: 45.804: [CMS-concurrent-reset: 0.003/0.003 secs] [Times: user=0.01 sys=0.00, real=0.01 secs] 
2021-01-22T00:40:03.707+0800: 45.852: [GC (Allocation Failure) 2021-01-22T00:40:03.707+0800: 45.852: [ParNew: 613438K->68094K(613440K), 0.0285297 secs] 2433366K->2008047K(4126208K), 0.0291929 secs] [Times: user=0.23 sys=0.00, real=0.03 secs] 
2021-01-22T00:40:03.736+0800: 45.882: [GC (CMS Initial Mark) [1 CMS-initial-mark: 1939952K(3512768K)] 2019079K(4126208K), 0.0008005 secs] [Times: user=0.00 sys=0.00, real=0.00 secs] 
2021-01-22T00:40:03.738+0800: 45.883: [CMS-concurrent-mark-start]
2021-01-22T00:40:03.744+0800: 45.889: [CMS-concurrent-mark: 0.006/0.006 secs] [Times: user=0.01 sys=0.00, real=0.01 secs] 
2021-01-22T00:40:03.744+0800: 45.889: [CMS-concurrent-preclean-start]
2021-01-22T00:40:03.747+0800: 45.893: [CMS-concurrent-preclean: 0.004/0.004 secs] [Times: user=0.00 sys=0.00, real=0.00 secs] 
2021-01-22T00:40:03.748+0800: 45.893: [CMS-concurrent-abortable-preclean-start]
2021-01-22T00:40:03.801+0800: 45.946: [GC (Allocation Failure) 2021-01-22T00:40:03.801+0800: 45.947: [ParNew: 613438K->68095K(613440K), 0.0280215 secs] 2553391K->2134700K(4126208K), 0.0285724 secs] [Times: user=0.22 sys=0.00, real=0.03 secs] 
2021-01-22T00:40:03.895+0800: 46.040: [GC (Allocation Failure) 2021-01-22T00:40:03.895+0800: 46.040: [ParNew: 613439K->68095K(613440K), 0.0323739 secs] 2680044K->2263070K(4126208K), 0.0331584 secs] [Times: user=0.25 sys=0.00, real=0.04 secs] 
2021-01-22T00:40:03.996+0800: 46.141: [GC (Allocation Failure) 2021-01-22T00:40:03.996+0800: 46.142: [ParNew: 613439K->68095K(613440K), 0.0295479 secs] 2808414K->2381503K(4126208K), 0.0301733 secs] [Times: user=0.23 sys=0.00, real=0.03 secs] 
2021-01-22T00:40:04.094+0800: 46.240: [GC (Allocation Failure) 2021-01-22T00:40:04.095+0800: 46.240: [ParNew: 613439K->68095K(613440K), 0.0366890 secs] 2926847K->2500149K(4126208K), 0.0374414 secs] [Times: user=0.29 sys=0.00, real=0.04 secs] 
2021-01-22T00:40:04.193+0800: 46.339: [GC (Allocation Failure) 2021-01-22T00:40:04.194+0800: 46.339: [ParNew: 613439K->68095K(613440K), 0.0272702 secs] 3045493K->2624796K(4126208K), 0.0281207 secs] [Times: user=0.19 sys=0.00, real=0.03 secs] 
2021-01-22T00:40:04.285+0800: 46.431: [GC (Allocation Failure) 2021-01-22T00:40:04.286+0800: 46.431: [ParNew: 613439K->68094K(613440K), 0.0251886 secs] 3170140K->2742815K(4126208K), 0.0261576 secs] [Times: user=0.20 sys=0.00, real=0.03 secs] 
2021-01-22T00:40:04.375+0800: 46.520: [GC (Allocation Failure) 2021-01-22T00:40:04.375+0800: 46.521: [ParNew: 613438K->68095K(613440K), 0.0278351 secs] 3288159K->2870908K(4126208K), 0.0285946 secs] [Times: user=0.21 sys=0.00, real=0.03 secs] 
2021-01-22T00:40:04.469+0800: 46.615: [GC (Allocation Failure) 2021-01-22T00:40:04.470+0800: 46.615: [ParNew: 613439K->68095K(613440K), 0.0262000 secs] 3416252K->2993190K(4126208K), 0.0270348 secs] [Times: user=0.20 sys=0.00, real=0.02 secs] 
2021-01-22T00:40:04.559+0800: 46.705: [GC (Allocation Failure) 2021-01-22T00:40:04.560+0800: 46.705: [ParNew: 613439K->68095K(613440K), 0.0278461 secs] 3538534K->3120028K(4126208K), 0.0286060 secs] [Times: user=0.21 sys=0.01, real=0.03 secs] 
2021-01-22T00:40:04.658+0800: 46.803: [GC (Allocation Failure) 2021-01-22T00:40:04.658+0800: 46.804: [ParNew: 613439K->68095K(613440K), 0.0295537 secs] 3665372K->3248839K(4126208K), 0.0303128 secs] [Times: user=0.23 sys=0.00, real=0.04 secs] 
2021-01-22T00:40:04.755+0800: 46.900: [GC (Allocation Failure) 2021-01-22T00:40:04.756+0800: 46.901: [ParNew: 613439K->68095K(613440K), 0.0298196 secs] 3794183K->3363111K(4126208K), 0.0306981 secs] [Times: user=0.23 sys=0.00, real=0.03 secs] 
2021-01-22T00:40:04.850+0800: 46.996: [GC (Allocation Failure) 2021-01-22T00:40:04.851+0800: 46.996: [ParNew: 613439K->68095K(613440K), 0.0320307 secs] 3908455K->3501215K(4126208K), 0.0327517 secs] [Times: user=0.24 sys=0.01, real=0.03 secs] 
2021-01-22T00:40:04.888+0800: 47.033: [CMS-concurrent-abortable-preclean: 0.099/1.140 secs] [Times: user=3.56 sys=0.02, real=1.14 secs] 
2021-01-22T00:40:04.889+0800: 47.034: [GC (CMS Final Remark) [YG occupancy: 112323 K (613440 K)]2021-01-22T00:40:04.889+0800: 47.034: [Rescan (parallel) , 0.0022445 secs]2021-01-22T00:40:04.892+0800: 47.037: [weak refs processing, 0.0003776 secs]2021-01-22T00:40:04.892+0800: 47.038: [class unloading, 0.0005093 secs]2021-01-22T00:40:04.893+0800: 47.039: [scrub symbol table, 0.0006258 secs]2021-01-22T00:40:04.894+0800: 47.040: [scrub string table, 0.0004702 secs][1 CMS-remark: 3433119K(3512768K)] 3545443K(4126208K), 0.0064210 secs] [Times: user=0.02 sys=0.00, real=0.00 secs] 
2021-01-22T00:40:04.896+0800: 47.041: [CMS-concurrent-sweep-start]
2021-01-22T00:40:04.902+0800: 47.047: [CMS-concurrent-sweep: 0.006/0.006 secs] [Times: user=0.00 sys=0.00, real=0.01 secs] 
2021-01-22T00:40:04.902+0800: 47.048: [CMS-concurrent-reset-start]
2021-01-22T00:40:04.906+0800: 47.051: [CMS-concurrent-reset: 0.003/0.003 secs] [Times: user=0.00 sys=0.00, real=0.00 secs] 
2021-01-22T00:40:04.963+0800: 47.109: [GC (Allocation Failure) 2021-01-22T00:40:04.964+0800: 47.109: [ParNew: 613439K->68095K(613440K), 0.0297257 secs] 2406236K->1977771K(4126208K), 0.0308880 secs] [Times: user=0.22 sys=0.01, real=0.03 secs] 
2021-01-22T00:40:04.995+0800: 47.140: [GC (CMS Initial Mark) [1 CMS-initial-mark: 1909675K(3512768K)] 1989046K(4126208K), 0.0012414 secs] [Times: user=0.00 sys=0.00, real=0.00 secs] 
2021-01-22T00:40:04.997+0800: 47.143: [CMS-concurrent-mark-start]
2021-01-22T00:40:05.008+0800: 47.153: [CMS-concurrent-mark: 0.011/0.011 secs] [Times: user=0.02 sys=0.00, real=0.01 secs] 
2021-01-22T00:40:05.008+0800: 47.153: [CMS-concurrent-preclean-start]
2021-01-22T00:40:05.012+0800: 47.157: [CMS-concurrent-preclean: 0.003/0.003 secs] [Times: user=0.01 sys=0.00, real=0.00 secs] 
2021-01-22T00:40:05.012+0800: 47.157: [CMS-concurrent-abortable-preclean-start]
2021-01-22T00:40:05.066+0800: 47.211: [GC (Allocation Failure) 2021-01-22T00:40:05.066+0800: 47.212: [ParNew: 613439K->68095K(613440K), 0.0328782 secs] 2523115K->2115126K(4126208K), 0.0334191 secs] [Times: user=0.26 sys=0.00, real=0.04 secs] 
2021-01-22T00:40:05.168+0800: 47.313: [GC (Allocation Failure) 2021-01-22T00:40:05.169+0800: 47.314: [ParNew2021-01-22T00:40:05.207+0800: 47.353: [CMS-concurrent-abortable-preclean: 0.013/0.195 secs] [Times: user=0.69 sys=0.00, real=0.19 secs] 
: 613439K->68095K(613440K), 0.0438608 secs] 2660470K->2251759K(4126208K), 0.0445824 secs] [Times: user=0.34 sys=0.00, real=0.05 secs] 
2021-01-22T00:40:05.213+0800: 47.359: [GC (CMS Final Remark) [YG occupancy: 79608 K (613440 K)]2021-01-22T00:40:05.214+0800: 47.359: [Rescan (parallel) , 0.0023064 secs]2021-01-22T00:40:05.216+0800: 47.361: [weak refs processing, 0.0001475 secs]2021-01-22T00:40:05.216+0800: 47.362: [class unloading, 0.0002918 secs]2021-01-22T00:40:05.217+0800: 47.362: [scrub symbol table, 0.0004010 secs]2021-01-22T00:40:05.217+0800: 47.363: [scrub string table, 0.0002701 secs][1 CMS-remark: 2183664K(3512768K)] 2263272K(4126208K), 0.0043549 secs] [Times: user=0.01 sys=0.00, real=0.00 secs] 
2021-01-22T00:40:05.218+0800: 47.363: [CMS-concurrent-sweep-start]
2021-01-22T00:40:05.223+0800: 47.368: [CMS-concurrent-sweep: 0.004/0.004 secs] [Times: user=0.00 sys=0.00, real=0.00 secs] 
2021-01-22T00:40:05.223+0800: 47.368: [CMS-concurrent-reset-start]
2021-01-22T00:40:05.226+0800: 47.371: [CMS-concurrent-reset: 0.003/0.003 secs] [Times: user=0.01 sys=0.00, real=0.00 secs] 
2021-01-22T00:40:05.281+0800: 47.426: [GC (Allocation Failure) 2021-01-22T00:40:05.281+0800: 47.426: [ParNew: 613439K->68095K(613440K), 0.0267019 secs] 1190594K->768914K(4126208K), 0.0272495 secs] [Times: user=0.19 sys=0.02, real=0.03 secs] 
2021-01-22T00:40:05.369+0800: 47.514: [GC (Allocation Failure) 2021-01-22T00:40:05.369+0800: 47.515: [ParNew: 613439K->68095K(613440K), 0.0276617 secs] 1314258K->899253K(4126208K), 0.0288586 secs] [Times: user=0.20 sys=0.01, real=0.03 secs] 
2021-01-22T00:40:05.460+0800: 47.605: [GC (Allocation Failure) 2021-01-22T00:40:05.460+0800: 47.606: [ParNew: 613439K->68095K(613440K), 0.0309121 secs] 1444597K->1019363K(4126208K), 0.0316497 secs] [Times: user=0.24 sys=0.00, real=0.03 secs] 
2021-01-22T00:40:05.562+0800: 47.708: [GC (Allocation Failure) 2021-01-22T00:40:05.563+0800: 47.708: [ParNew: 613439K->68094K(613440K), 0.0305254 secs] 1564707K->1151973K(4126208K), 0.0313136 secs] [Times: user=0.23 sys=0.01, real=0.03 secs] 
2021-01-22T00:40:05.662+0800: 47.807: [GC (Allocation Failure) 2021-01-22T00:40:05.663+0800: 47.808: [ParNew: 613438K->68095K(613440K), 0.0323698 secs] 1697317K->1279889K(4126208K), 0.0331675 secs] [Times: user=0.23 sys=0.01, real=0.03 secs] 
2021-01-22T00:40:05.762+0800: 47.907: [GC (Allocation Failure) 2021-01-22T00:40:05.762+0800: 47.907: [ParNew: 613439K->68095K(613440K), 0.0306770 secs] 1825233K->1411707K(4126208K), 0.0313181 secs] [Times: user=0.24 sys=0.00, real=0.03 secs] 
2021-01-22T00:40:05.856+0800: 48.001: [GC (Allocation Failure) 2021-01-22T00:40:05.856+0800: 48.001: [ParNew: 613439K->68095K(613440K), 0.0255286 secs] 1957051K->1534122K(4126208K), 0.0262934 secs] [Times: user=0.20 sys=0.00, real=0.03 secs] 
2021-01-22T00:40:05.947+0800: 48.092: [GC (Allocation Failure) 2021-01-22T00:40:05.947+0800: 48.093: [ParNew: 613439K->68095K(613440K), 0.0271557 secs] 2079466K->1652631K(4126208K), 0.0281589 secs] [Times: user=0.20 sys=0.01, real=0.03 secs] 
2021-01-22T00:40:06.044+0800: 48.189: [GC (Allocation Failure) 2021-01-22T00:40:06.044+0800: 48.189: [ParNew: 613439K->68095K(613440K), 0.0303585 secs] 2197975K->1765648K(4126208K), 0.0312243 secs] [Times: user=0.24 sys=0.00, real=0.03 secs] 
2021-01-22T00:40:06.149+0800: 48.294: [GC (Allocation Failure) 2021-01-22T00:40:06.149+0800: 48.295: [ParNew: 613439K->68096K(613440K), 0.0275047 secs] 2310992K->1885386K(4126208K), 0.0283512 secs] [Times: user=0.22 sys=0.00, real=0.02 secs] 
2021-01-22T00:40:06.248+0800: 48.393: [GC (Allocation Failure) 2021-01-22T00:40:06.249+0800: 48.394: [ParNew: 613440K->68094K(613440K), 0.0383217 secs] 2430730K->2021648K(4126208K), 0.0393668 secs] [Times: user=0.29 sys=0.00, real=0.04 secs] 
2021-01-22T00:40:06.355+0800: 48.500: [GC (Allocation Failure) 2021-01-22T00:40:06.355+0800: 48.500: [ParNew: 613438K->68095K(613440K), 0.0289198 secs] 2566992K->2151131K(4126208K), 0.0295384 secs] [Times: user=0.21 sys=0.01, real=0.03 secs] 
2021-01-22T00:40:06.447+0800: 48.593: [GC (Allocation Failure) 2021-01-22T00:40:06.448+0800: 48.593: [ParNew: 613439K->68095K(613440K), 0.0272873 secs] 2696475K->2277306K(4126208K), 0.0280562 secs] [Times: user=0.20 sys=0.01, real=0.03 secs] 
2021-01-22T00:40:06.539+0800: 48.685: [GC (Allocation Failure) 2021-01-22T00:40:06.540+0800: 48.685: [ParNew: 613439K->68095K(613440K), 0.0287876 secs] 2822650K->2399725K(4126208K), 0.0294999 secs] [Times: user=0.23 sys=0.00, real=0.03 secs] 
2021-01-22T00:40:06.570+0800: 48.715: [GC (CMS Initial Mark) [1 CMS-initial-mark: 2331630K(3512768K)] 2410812K(4126208K), 0.0010389 secs] [Times: user=0.00 sys=0.00, real=0.00 secs] 
2021-01-22T00:40:06.571+0800: 48.716: [CMS-concurrent-mark-start]
2021-01-22T00:40:06.577+0800: 48.722: [CMS-concurrent-mark: 0.006/0.006 secs] [Times: user=0.01 sys=0.00, real=0.00 secs] 
2021-01-22T00:40:06.578+0800: 48.723: [CMS-concurrent-preclean-start]
2021-01-22T00:40:06.582+0800: 48.728: [CMS-concurrent-preclean: 0.005/0.005 secs] [Times: user=0.01 sys=0.00, real=0.01 secs] 
2021-01-22T00:40:06.583+0800: 48.728: [CMS-concurrent-abortable-preclean-start]
2021-01-22T00:40:06.638+0800: 48.783: [GC (Allocation Failure) 2021-01-22T00:40:06.638+0800: 48.784: [ParNew: 613439K->68095K(613440K), 0.0332953 secs] 2945069K->2525585K(4126208K), 0.0342395 secs] [Times: user=0.25 sys=0.01, real=0.04 secs] 
2021-01-22T00:40:06.746+0800: 48.891: [GC (Allocation Failure) 2021-01-22T00:40:06.746+0800: 48.892: [ParNew: 613439K->68095K(613440K), 0.0340632 secs] 3070929K->2644645K(4126208K), 0.0353909 secs] [Times: user=0.26 sys=0.00, real=0.04 secs] 
2021-01-22T00:40:06.852+0800: 48.997: [GC (Allocation Failure) 2021-01-22T00:40:06.852+0800: 48.998: [ParNew: 613439K->68095K(613440K), 0.0262835 secs] 3189989K->2764807K(4126208K), 0.0270992 secs] [Times: user=0.20 sys=0.00, real=0.03 secs] 
2021-01-22T00:40:06.943+0800: 49.088: [GC (Allocation Failure) 2021-01-22T00:40:06.944+0800: 49.089: [ParNew: 613439K->68095K(613440K), 0.0275158 secs] 3310151K->2896083K(4126208K), 0.0285203 secs] [Times: user=0.22 sys=0.00, real=0.03 secs] 
2021-01-22T00:40:07.038+0800: 49.183: [GC (Allocation Failure) 2021-01-22T00:40:07.038+0800: 49.183: [ParNew: 613439K->68095K(613440K), 0.0263804 secs] 3441427K->3019702K(4126208K), 0.0269943 secs] [Times: user=0.20 sys=0.00, real=0.03 secs] 
2021-01-22T00:40:07.126+0800: 49.271: [GC (Allocation Failure) 2021-01-22T00:40:07.126+0800: 49.272: [ParNew: 613439K->68095K(613440K), 0.0268814 secs] 3565046K->3148540K(4126208K), 0.0275941 secs] [Times: user=0.21 sys=0.00, real=0.03 secs] 
2021-01-22T00:40:07.218+0800: 49.363: [GC (Allocation Failure) 2021-01-22T00:40:07.218+0800: 49.364: [ParNew: 613439K->68095K(613440K), 0.0331212 secs] 3693884K->3268215K(4126208K), 0.0337660 secs] [Times: user=0.25 sys=0.00, real=0.04 secs] 
2021-01-22T00:40:07.313+0800: 49.459: [GC (Allocation Failure) 2021-01-22T00:40:07.314+0800: 49.459: [ParNew: 613439K->68095K(613440K), 0.0269532 secs] 3813559K->3397041K(4126208K), 0.0276455 secs] [Times: user=0.21 sys=0.00, real=0.03 secs] 
2021-01-22T00:40:07.405+0800: 49.550: [GC (Allocation Failure) 2021-01-22T00:40:07.406+0800: 49.551: [ParNew: 613439K->68095K(613440K), 0.0303141 secs] 3942385K->3505188K(4126208K), 0.0312440 secs] [Times: user=0.22 sys=0.01, real=0.03 secs] 
2021-01-22T00:40:07.441+0800: 49.586: [CMS-concurrent-abortable-preclean: 0.072/0.858 secs] [Times: user=2.69 sys=0.02, real=0.86 secs] 
2021-01-22T00:40:07.442+0800: 49.587: [GC (CMS Final Remark) [YG occupancy: 102309 K (613440 K)]2021-01-22T00:40:07.442+0800: 49.587: [Rescan (parallel) , 0.0063344 secs]2021-01-22T00:40:07.449+0800: 49.594: [weak refs processing, 0.0002913 secs]2021-01-22T00:40:07.449+0800: 49.594: [class unloading, 0.0003811 secs]2021-01-22T00:40:07.450+0800: 49.595: [scrub symbol table, 0.0007450 secs]2021-01-22T00:40:07.451+0800: 49.596: [scrub string table, 0.0003640 secs][1 CMS-remark: 3437093K(3512768K)] 3539402K(4126208K), 0.0097431 secs] [Times: user=0.04 sys=0.01, real=0.01 secs] 
2021-01-22T00:40:07.452+0800: 49.597: [CMS-concurrent-sweep-start]
2021-01-22T00:40:07.456+0800: 49.601: [CMS-concurrent-sweep: 0.004/0.004 secs] [Times: user=0.00 sys=0.00, real=0.00 secs] 
2021-01-22T00:40:07.456+0800: 49.602: [CMS-concurrent-reset-start]
2021-01-22T00:40:07.460+0800: 49.605: [CMS-concurrent-reset: 0.004/0.004 secs] [Times: user=0.01 sys=0.00, real=0.01 secs] 
2021-01-22T00:40:07.512+0800: 49.657: [GC (Allocation Failure) 2021-01-22T00:40:07.513+0800: 49.658: [ParNew: 613439K->68095K(613440K), 0.0268488 secs] 2037795K->1612371K(4126208K), 0.0277030 secs] [Times: user=0.20 sys=0.00, real=0.03 secs] 
2021-01-22T00:40:07.601+0800: 49.747: [GC (Allocation Failure) 2021-01-22T00:40:07.602+0800: 49.747: [ParNew: 613439K->68095K(613440K), 0.0267758 secs] 2157715K->1746102K(4126208K), 0.0276635 secs] [Times: user=0.20 sys=0.01, real=0.03 secs] 
2021-01-22T00:40:07.694+0800: 49.839: [GC (Allocation Failure) 2021-01-22T00:40:07.695+0800: 49.840: [ParNew: 613439K->68095K(613440K), 0.0270869 secs] 2291446K->1868892K(4126208K), 0.0278413 secs] [Times: user=0.21 sys=0.00, real=0.03 secs] 
2021-01-22T00:40:07.788+0800: 49.933: [GC (Allocation Failure) 2021-01-22T00:40:07.788+0800: 49.934: [ParNew: 613439K->68095K(613440K), 0.0316279 secs] 2414236K->2002436K(4126208K), 0.0324058 secs] [Times: user=0.24 sys=0.00, real=0.03 secs] 
2021-01-22T00:40:07.892+0800: 50.037: [GC (Allocation Failure) 2021-01-22T00:40:07.892+0800: 50.038: [ParNew: 613439K->68094K(613440K), 0.0317034 secs] 2547780K->2131999K(4126208K), 0.0324213 secs] [Times: user=0.25 sys=0.00, real=0.03 secs] 
2021-01-22T00:40:07.998+0800: 50.143: [GC (Allocation Failure) 2021-01-22T00:40:07.998+0800: 50.144: [ParNew: 613438K->68095K(613440K), 0.0271716 secs] 2677343K->2247355K(4126208K), 0.0278301 secs] [Times: user=0.21 sys=0.00, real=0.03 secs] 
2021-01-22T00:40:08.094+0800: 50.239: [GC (Allocation Failure) 2021-01-22T00:40:08.094+0800: 50.239: [ParNew: 613439K->68095K(613440K), 0.0264792 secs] 2792699K->2364587K(4126208K), 0.0272060 secs] [Times: user=0.20 sys=0.00, real=0.03 secs] 
2021-01-22T00:40:08.122+0800: 50.267: [GC (CMS Initial Mark) [1 CMS-initial-mark: 2296491K(3512768K)] 2375570K(4126208K), 0.0011146 secs] [Times: user=0.00 sys=0.00, real=0.00 secs] 
2021-01-22T00:40:08.123+0800: 50.269: [CMS-concurrent-mark-start]
2021-01-22T00:40:08.131+0800: 50.276: [CMS-concurrent-mark: 0.007/0.007 secs] [Times: user=0.02 sys=0.00, real=0.01 secs] 
2021-01-22T00:40:08.131+0800: 50.276: [CMS-concurrent-preclean-start]
2021-01-22T00:40:08.135+0800: 50.280: [CMS-concurrent-preclean: 0.003/0.003 secs] [Times: user=0.01 sys=0.00, real=0.00 secs] 
2021-01-22T00:40:08.135+0800: 50.280: [CMS-concurrent-abortable-preclean-start]
2021-01-22T00:40:08.185+0800: 50.331: [GC (Allocation Failure) 2021-01-22T00:40:08.186+0800: 50.331: [ParNew: 613439K->68095K(613440K), 0.0285817 secs] 2909931K->2490938K(4126208K), 0.0293495 secs] [Times: user=0.22 sys=0.00, real=0.03 secs] 
2021-01-22T00:40:08.280+0800: 50.425: [GC (Allocation Failure) 2021-01-22T00:40:08.280+0800: 50.425: [ParNew: 613188K->68095K(613440K), 0.0281195 secs] 3036030K->2619276K(4126208K), 0.0288216 secs] [Times: user=0.21 sys=0.01, real=0.03 secs] 
2021-01-22T00:40:08.374+0800: 50.519: [GC (Allocation Failure) 2021-01-22T00:40:08.374+0800: 50.520: [ParNew: 613439K->68095K(613440K), 0.0269577 secs] 3164620K->2743421K(4126208K), 0.0276560 secs] [Times: user=0.20 sys=0.00, real=0.03 secs] 
2021-01-22T00:40:08.465+0800: 50.611: [GC (Allocation Failure) 2021-01-22T00:40:08.466+0800: 50.611: [ParNew: 613439K->68095K(613440K), 0.0255128 secs] 3288765K->2862698K(4126208K), 0.0262488 secs] [Times: user=0.19 sys=0.00, real=0.03 secs] 
2021-01-22T00:40:08.557+0800: 50.702: [GC (Allocation Failure) 2021-01-22T00:40:08.557+0800: 50.702: [ParNew: 613439K->68095K(613440K), 0.0301699 secs] 3408042K->2988934K(4126208K), 0.0309258 secs] [Times: user=0.23 sys=0.00, real=0.03 secs] 
2021-01-22T00:40:08.656+0800: 50.802: [GC (Allocation Failure) 2021-01-22T00:40:08.657+0800: 50.802: [ParNew: 613439K->68095K(613440K), 0.0267224 secs] 3534278K->3112429K(4126208K), 0.0274019 secs] [Times: user=0.21 sys=0.00, real=0.03 secs] 
2021-01-22T00:40:08.749+0800: 50.894: [GC (Allocation Failure) 2021-01-22T00:40:08.749+0800: 50.895: [ParNew: 613439K->68095K(613440K), 0.0268617 secs] 3657773K->3241380K(4126208K), 0.0278292 secs] [Times: user=0.21 sys=0.00, real=0.02 secs] 
2021-01-22T00:40:08.841+0800: 50.987: [GC (Allocation Failure) 2021-01-22T00:40:08.842+0800: 50.987: [ParNew: 613439K->68094K(613440K), 0.0269047 secs] 3786724K->3359801K(4126208K), 0.0278324 secs] [Times: user=0.21 sys=0.00, real=0.03 secs] 
2021-01-22T00:40:08.936+0800: 51.081: [GC (Allocation Failure) 2021-01-22T00:40:08.936+0800: 51.081: [ParNew: 613438K->68094K(613440K), 0.0293531 secs] 3905145K->3482999K(4126208K), 0.0301885 secs] [Times: user=0.22 sys=0.00, real=0.03 secs] 
2021-01-22T00:40:08.971+0800: 51.116: [CMS-concurrent-abortable-preclean: 0.073/0.836 secs] [Times: user=2.57 sys=0.01, real=0.84 secs] 
2021-01-22T00:40:08.972+0800: 51.117: [GC (CMS Final Remark) [YG occupancy: 112619 K (613440 K)]2021-01-22T00:40:08.972+0800: 51.117: [Rescan (parallel) , 0.0024827 secs]2021-01-22T00:40:08.975+0800: 51.120: [weak refs processing, 0.0003682 secs]2021-01-22T00:40:08.975+0800: 51.121: [class unloading, 0.0006213 secs]2021-01-22T00:40:08.976+0800: 51.122: [scrub symbol table, 0.0009340 secs]2021-01-22T00:40:08.978+0800: 51.123: [scrub string table, 0.0004675 secs][1 CMS-remark: 3414904K(3512768K)] 3527524K(4126208K), 0.0070563 secs] [Times: user=0.02 sys=0.00, real=0.01 secs] 
2021-01-22T00:40:08.979+0800: 51.125: [CMS-concurrent-sweep-start]
2021-01-22T00:40:08.983+0800: 51.128: [CMS-concurrent-sweep: 0.004/0.004 secs] [Times: user=0.00 sys=0.00, real=0.00 secs] 
2021-01-22T00:40:08.984+0800: 51.129: [CMS-concurrent-reset-start]
2021-01-22T00:40:08.987+0800: 51.133: [CMS-concurrent-reset: 0.004/0.004 secs] [Times: user=0.00 sys=0.00, real=0.00 secs] 
2021-01-22T00:40:09.038+0800: 51.183: [GC (Allocation Failure) 2021-01-22T00:40:09.038+0800: 51.184: [ParNew: 613438K->68095K(613440K), 0.0285050 secs] 2038405K->1618534K(4126208K), 0.0293757 secs] [Times: user=0.22 sys=0.00, real=0.03 secs] 
2021-01-22T00:40:09.129+0800: 51.274: [GC (Allocation Failure) 2021-01-22T00:40:09.129+0800: 51.274: [ParNew: 613439K->68095K(613440K), 0.0276947 secs] 2163878K->1748029K(4126208K), 0.0285524 secs] [Times: user=0.22 sys=0.00, real=0.02 secs] 
2021-01-22T00:40:09.221+0800: 51.366: [GC (Allocation Failure) 2021-01-22T00:40:09.221+0800: 51.367: [ParNew: 613439K->68095K(613440K), 0.0294011 secs] 2293373K->1870589K(4126208K), 0.0318155 secs] [Times: user=0.21 sys=0.01, real=0.03 secs] 
2021-01-22T00:40:09.319+0800: 51.464: [GC (Allocation Failure) 2021-01-22T00:40:09.319+0800: 51.464: [ParNew: 613439K->68094K(613440K), 0.0271034 secs] 2415933K->1995443K(4126208K), 0.0278228 secs] [Times: user=0.20 sys=0.01, real=0.02 secs] 
2021-01-22T00:40:09.409+0800: 51.554: [GC (Allocation Failure) 2021-01-22T00:40:09.409+0800: 51.554: [ParNew: 613438K->68095K(613440K), 0.0270679 secs] 2540787K->2119861K(4126208K), 0.0279484 secs] [Times: user=0.21 sys=0.01, real=0.02 secs] 
2021-01-22T00:40:09.438+0800: 51.583: [GC (CMS Initial Mark) [1 CMS-initial-mark: 2051765K(3512768K)] 2131149K(4126208K), 0.0012555 secs] [Times: user=0.00 sys=0.00, real=0.01 secs] 
2021-01-22T00:40:09.439+0800: 51.585: [CMS-concurrent-mark-start]
2021-01-22T00:40:09.446+0800: 51.591: [CMS-concurrent-mark: 0.007/0.007 secs] [Times: user=0.01 sys=0.01, real=0.00 secs] 
2021-01-22T00:40:09.447+0800: 51.592: [CMS-concurrent-preclean-start]
2021-01-22T00:40:09.450+0800: 51.595: [CMS-concurrent-preclean: 0.003/0.003 secs] [Times: user=0.01 sys=0.00, real=0.01 secs] 
2021-01-22T00:40:09.450+0800: 51.596: [CMS-concurrent-abortable-preclean-start]
2021-01-22T00:40:09.503+0800: 51.649: [GC (Allocation Failure) 2021-01-22T00:40:09.504+0800: 51.649: [ParNew: 613439K->68095K(613440K), 0.0261607 secs] 2665205K->2241902K(4126208K), 0.0269852 secs] [Times: user=0.19 sys=0.01, real=0.03 secs] 
2021-01-22T00:40:09.595+0800: 51.740: [GC (Allocation Failure) 2021-01-22T00:40:09.595+0800: 51.740: [ParNew: 613439K->68095K(613440K), 0.0271304 secs] 2787246K->2372131K(4126208K), 0.0277898 secs] [Times: user=0.21 sys=0.00, real=0.03 secs] 
2021-01-22T00:40:09.688+0800: 51.833: [GC (Allocation Failure) 2021-01-22T00:40:09.688+0800: 51.833: [ParNew: 613439K->68095K(613440K), 0.0330899 secs] 2917475K->2499249K(4126208K), 0.0337811 secs] [Times: user=0.25 sys=0.01, real=0.04 secs] 
2021-01-22T00:40:09.788+0800: 51.933: [GC (Allocation Failure) 2021-01-22T00:40:09.789+0800: 51.934: [ParNew: 613439K->68095K(613440K), 0.0276144 secs] 3044593K->2625697K(4126208K), 0.0283914 secs] [Times: user=0.21 sys=0.01, real=0.02 secs] 
2021-01-22T00:40:09.879+0800: 52.024: [GC (Allocation Failure) 2021-01-22T00:40:09.880+0800: 52.025: [ParNew: 613439K->68095K(613440K), 0.0273888 secs] 3171041K->2756202K(4126208K), 0.0281983 secs] [Times: user=0.20 sys=0.01, real=0.02 secs] 
2021-01-22T00:40:09.970+0800: 52.115: [GC (Allocation Failure) 2021-01-22T00:40:09.970+0800: 52.115: [ParNew: 613439K->68095K(613440K), 0.0275126 secs] 3301546K->2878983K(4126208K), 0.0282654 secs] [Times: user=0.21 sys=0.00, real=0.02 secs] 
2021-01-22T00:40:10.063+0800: 52.208: [GC (Allocation Failure) 2021-01-22T00:40:10.063+0800: 52.209: [ParNew: 613439K->68095K(613440K), 0.0250205 secs] 3424327K->3000103K(4126208K), 0.0257507 secs] [Times: user=0.19 sys=0.01, real=0.03 secs] 
2021-01-22T00:40:10.156+0800: 52.302: [GC (Allocation Failure) 2021-01-22T00:40:10.157+0800: 52.302: [ParNew: 613439K->68095K(613440K), 0.0377503 secs] 3545447K->3133704K(4126208K), 0.0385458 secs] [Times: user=0.28 sys=0.02, real=0.04 secs] 
2021-01-22T00:40:10.263+0800: 52.408: [GC (Allocation Failure) 2021-01-22T00:40:10.263+0800: 52.409: [ParNew: 613439K->68095K(613440K), 0.0257200 secs] 3679048K->3255973K(4126208K), 0.0263917 secs] [Times: user=0.20 sys=0.00, real=0.03 secs] 
2021-01-22T00:40:10.354+0800: 52.499: [GC (Allocation Failure) 2021-01-22T00:40:10.355+0800: 52.500: [ParNew: 613439K->68095K(613440K), 0.0282291 secs] 3801317K->3379804K(4126208K), 0.0289520 secs] [Times: user=0.21 sys=0.01, real=0.03 secs] 
2021-01-22T00:40:10.446+0800: 52.591: [GC (Allocation Failure) 2021-01-22T00:40:10.446+0800: 52.592: [ParNew: 613439K->68095K(613440K), 0.0258594 secs] 3925148K->3508546K(4126208K), 0.0266410 secs] [Times: user=0.20 sys=0.00, real=0.03 secs] 
2021-01-22T00:40:10.480+0800: 52.625: [CMS-concurrent-abortable-preclean: 0.093/1.030 secs] [Times: user=3.13 sys=0.09, real=1.03 secs] 
2021-01-22T00:40:10.481+0800: 52.626: [GC (CMS Final Remark) [YG occupancy: 124318 K (613440 K)]2021-01-22T00:40:10.481+0800: 52.626: [Rescan (parallel) , 0.0020082 secs]2021-01-22T00:40:10.484+0800: 52.629: [weak refs processing, 0.0003991 secs]2021-01-22T00:40:10.484+0800: 52.630: [class unloading, 0.0004798 secs]2021-01-22T00:40:10.485+0800: 52.630: [scrub symbol table, 0.0008408 secs]2021-01-22T00:40:10.486+0800: 52.632: [scrub string table, 0.0004502 secs][1 CMS-remark: 3440451K(3512768K)] 3564769K(4126208K), 0.0060082 secs] [Times: user=0.02 sys=0.00, real=0.00 secs] 
2021-01-22T00:40:10.488+0800: 52.633: [CMS-concurrent-sweep-start]
2021-01-22T00:40:10.492+0800: 52.638: [CMS-concurrent-sweep: 0.005/0.005 secs] [Times: user=0.00 sys=0.00, real=0.01 secs] 
2021-01-22T00:40:10.493+0800: 52.639: [CMS-concurrent-reset-start]
2021-01-22T00:40:10.496+0800: 52.641: [CMS-concurrent-reset: 0.003/0.003 secs] [Times: user=0.00 sys=0.00, real=0.00 secs] 
2021-01-22T00:40:10.547+0800: 52.693: [GC (Allocation Failure) 2021-01-22T00:40:10.548+0800: 52.693: [ParNew: 613439K->68095K(613440K), 0.0271719 secs] 2316359K->1902287K(4126208K), 0.0283095 secs] [Times: user=0.21 sys=0.01, real=0.03 secs] 
2021-01-22T00:40:10.637+0800: 52.783: [GC (Allocation Failure) 2021-01-22T00:40:10.638+0800: 52.783: [ParNew: 613439K->68094K(613440K), 0.0291963 secs] 2447631K->2023040K(4126208K), 0.0299279 secs] [Times: user=0.21 sys=0.01, real=0.03 secs] 
2021-01-22T00:40:10.668+0800: 52.814: [GC (CMS Initial Mark) [1 CMS-initial-mark: 1954946K(3512768K)] 2034537K(4126208K), 0.0013854 secs] [Times: user=0.00 sys=0.00, real=0.00 secs] 
2021-01-22T00:40:10.670+0800: 52.816: [CMS-concurrent-mark-start]
2021-01-22T00:40:10.677+0800: 52.822: [CMS-concurrent-mark: 0.007/0.007 secs] [Times: user=0.02 sys=0.00, real=0.00 secs] 
2021-01-22T00:40:10.677+0800: 52.823: [CMS-concurrent-preclean-start]
2021-01-22T00:40:10.681+0800: 52.826: [CMS-concurrent-preclean: 0.004/0.004 secs] [Times: user=0.01 sys=0.00, real=0.01 secs] 
2021-01-22T00:40:10.681+0800: 52.827: [CMS-concurrent-abortable-preclean-start]
2021-01-22T00:40:10.735+0800: 52.880: [GC (Allocation Failure) 2021-01-22T00:40:10.735+0800: 52.881: [ParNew: 613438K->68094K(613440K), 0.0269761 secs] 2568384K->2138846K(4126208K), 0.0277314 secs] [Times: user=0.21 sys=0.00, real=0.03 secs] 
2021-01-22T00:40:10.833+0800: 52.979: [GC (Allocation Failure) 2021-01-22T00:40:10.834+0800: 52.979: [ParNew2021-01-22T00:40:10.877+0800: 53.022: [CMS-concurrent-abortable-preclean: 0.017/0.195 secs] [Times: user=0.68 sys=0.00, real=0.19 secs] 
: 613438K->68095K(613440K), 0.0458852 secs] 2684190K->2264773K(4126208K), 0.0465713 secs] [Times: user=0.36 sys=0.00, real=0.05 secs] 
2021-01-22T00:40:10.881+0800: 53.026: [GC (CMS Final Remark) [YG occupancy: 79319 K (613440 K)]2021-01-22T00:40:10.881+0800: 53.026: [Rescan (parallel) , 0.0018875 secs]2021-01-22T00:40:10.883+0800: 53.029: [weak refs processing, 0.0002812 secs]2021-01-22T00:40:10.884+0800: 53.029: [class unloading, 0.0004129 secs]2021-01-22T00:40:10.885+0800: 53.030: [scrub symbol table, 0.0005394 secs]2021-01-22T00:40:10.885+0800: 53.031: [scrub string table, 0.0004189 secs][1 CMS-remark: 2196678K(3512768K)] 2275997K(4126208K), 0.0053398 secs] [Times: user=0.01 sys=0.00, real=0.00 secs] 
2021-01-22T00:40:10.887+0800: 53.032: [CMS-concurrent-sweep-start]
2021-01-22T00:40:10.891+0800: 53.037: [CMS-concurrent-sweep: 0.004/0.004 secs] [Times: user=0.01 sys=0.00, real=0.01 secs] 
2021-01-22T00:40:10.892+0800: 53.037: [CMS-concurrent-reset-start]
2021-01-22T00:40:10.895+0800: 53.040: [CMS-concurrent-reset: 0.003/0.003 secs] [Times: user=0.00 sys=0.00, real=0.00 secs] 
2021-01-22T00:40:10.952+0800: 53.097: [GC (Allocation Failure) 2021-01-22T00:40:10.952+0800: 53.098: [ParNew: 613439K->68095K(613440K), 0.0270840 secs] 1169854K->754891K(4126208K), 0.0278429 secs] [Times: user=0.19 sys=0.03, real=0.03 secs] 
2021-01-22T00:40:11.042+0800: 53.188: [GC (Allocation Failure) 2021-01-22T00:40:11.043+0800: 53.188: [ParNew: 613439K->68095K(613440K), 0.0269443 secs] 1300235K->878285K(4126208K), 0.0276981 secs] [Times: user=0.21 sys=0.00, real=0.03 secs] 
2021-01-22T00:40:11.131+0800: 53.276: [GC (Allocation Failure) 2021-01-22T00:40:11.131+0800: 53.277: [ParNew: 613439K->68095K(613440K), 0.0252425 secs] 1423629K->1005456K(4126208K), 0.0261198 secs] [Times: user=0.20 sys=0.00, real=0.02 secs] 
2021-01-22T00:40:11.220+0800: 53.365: [GC (Allocation Failure) 2021-01-22T00:40:11.220+0800: 53.365: [ParNew: 613439K->68095K(613440K), 0.0278633 secs] 1550800K->1138443K(4126208K), 0.0286819 secs] [Times: user=0.22 sys=0.00, real=0.03 secs] 
2021-01-22T00:40:11.310+0800: 53.456: [GC (Allocation Failure) 2021-01-22T00:40:11.311+0800: 53.456: [ParNew: 613439K->68095K(613440K), 0.0270440 secs] 1683787K->1263027K(4126208K), 0.0277728 secs] [Times: user=0.21 sys=0.00, real=0.03 secs] 
2021-01-22T00:40:11.400+0800: 53.545: [GC (Allocation Failure) 2021-01-22T00:40:11.400+0800: 53.545: [ParNew: 613439K->68094K(613440K), 0.0292831 secs] 1808371K->1383564K(4126208K), 0.0302235 secs] [Times: user=0.23 sys=0.00, real=0.03 secs] 
2021-01-22T00:40:11.494+0800: 53.639: [GC (Allocation Failure) 2021-01-22T00:40:11.494+0800: 53.639: [ParNew: 613430K->68095K(613440K), 0.0249924 secs] 1928900K->1504547K(4126208K), 0.0257571 secs] [Times: user=0.20 sys=0.00, real=0.03 secs] 
2021-01-22T00:40:11.582+0800: 53.728: [GC (Allocation Failure) 2021-01-22T00:40:11.583+0800: 53.728: [ParNew: 613439K->68094K(613440K), 0.0273247 secs] 2049891K->1631628K(4126208K), 0.0280313 secs] [Times: user=0.21 sys=0.00, real=0.03 secs] 
2021-01-22T00:40:11.675+0800: 53.820: [GC (Allocation Failure) 2021-01-22T00:40:11.676+0800: 53.821: [ParNew: 613438K->68095K(613440K), 0.0265394 secs] 2176972K->1758411K(4126208K), 0.0276721 secs] [Times: user=0.20 sys=0.00, real=0.03 secs] 
2021-01-22T00:40:11.768+0800: 53.913: [GC (Allocation Failure) 2021-01-22T00:40:11.768+0800: 53.913: [ParNew: 613439K->68095K(613440K), 0.0260910 secs] 2303755K->1877311K(4126208K), 0.0268503 secs] [Times: user=0.20 sys=0.00, real=0.03 secs] 
2021-01-22T00:40:11.860+0800: 54.005: [GC (Allocation Failure) 2021-01-22T00:40:11.860+0800: 54.005: [ParNew: 613439K->68094K(613440K), 0.0256954 secs] 2422655K->2001192K(4126208K), 0.0265662 secs] [Times: user=0.20 sys=0.00, real=0.02 secs] 
2021-01-22T00:40:11.955+0800: 54.100: [GC (Allocation Failure) 2021-01-22T00:40:11.955+0800: 54.101: [ParNew: 613438K->68095K(613440K), 0.0423045 secs] 2546536K->2137753K(4126208K), 0.0430403 secs] [Times: user=0.33 sys=0.00, real=0.05 secs] 
2021-01-22T00:40:12.063+0800: 54.209: [GC (Allocation Failure) 2021-01-22T00:40:12.064+0800: 54.209: [ParNew: 613439K->68095K(613440K), 0.0255881 secs] 2683097K->2264376K(4126208K), 0.0263771 secs] [Times: user=0.19 sys=0.00, real=0.03 secs] 
2021-01-22T00:40:12.158+0800: 54.303: [GC (Allocation Failure) 2021-01-22T00:40:12.158+0800: 54.304: [ParNew: 613439K->68096K(613440K), 0.0252944 secs] 2809720K->2382411K(4126208K), 0.0264432 secs] [Times: user=0.20 sys=0.00, real=0.03 secs] 
2021-01-22T00:40:12.249+0800: 54.394: [GC (Allocation Failure) 2021-01-22T00:40:12.249+0800: 54.394: [ParNew: 613440K->68094K(613440K), 0.0284814 secs] 2927755K->2509694K(4126208K), 0.0293114 secs] [Times: user=0.21 sys=0.00, real=0.03 secs] 
2021-01-22T00:40:12.279+0800: 54.424: [GC (CMS Initial Mark) [1 CMS-initial-mark: 2441599K(3512768K)] 2521094K(4126208K), 0.0015101 secs] [Times: user=0.00 sys=0.00, real=0.00 secs] 
2021-01-22T00:40:12.281+0800: 54.426: [CMS-concurrent-mark-start]
2021-01-22T00:40:12.288+0800: 54.433: [CMS-concurrent-mark: 0.006/0.006 secs] [Times: user=0.02 sys=0.00, real=0.00 secs] 
2021-01-22T00:40:12.288+0800: 54.434: [CMS-concurrent-preclean-start]
2021-01-22T00:40:12.293+0800: 54.438: [CMS-concurrent-preclean: 0.005/0.005 secs] [Times: user=0.01 sys=0.00, real=0.00 secs] 
2021-01-22T00:40:12.293+0800: 54.439: [CMS-concurrent-abortable-preclean-start]
2021-01-22T00:40:12.351+0800: 54.496: [GC (Allocation Failure) 2021-01-22T00:40:12.351+0800: 54.496: [ParNew: 613438K->68095K(613440K), 0.0290428 secs] 3055038K->2637671K(4126208K), 0.0297886 secs] [Times: user=0.22 sys=0.01, real=0.03 secs] 
2021-01-22T00:40:12.451+0800: 54.596: [GC (Allocation Failure) 2021-01-22T00:40:12.451+0800: 54.596: [ParNew: 613439K->68095K(613440K), 0.0341751 secs] 3183015K->2747310K(4126208K), 0.0348546 secs] [Times: user=0.26 sys=0.00, real=0.03 secs] 
2021-01-22T00:40:12.556+0800: 54.701: [GC (Allocation Failure) 2021-01-22T00:40:12.556+0800: 54.702: [ParNew: 613439K->68095K(613440K), 0.0354129 secs] 3292654K->2875908K(4126208K), 0.0361452 secs] [Times: user=0.27 sys=0.01, real=0.04 secs] 
2021-01-22T00:40:12.658+0800: 54.804: [GC (Allocation Failure) 2021-01-22T00:40:12.659+0800: 54.804: [ParNew: 613439K->68094K(613440K), 0.0322658 secs] 3421252K->3000204K(4126208K), 0.0327452 secs] [Times: user=0.25 sys=0.00, real=0.03 secs] 
2021-01-22T00:40:12.765+0800: 54.910: [GC (Allocation Failure) 2021-01-22T00:40:12.765+0800: 54.911: [ParNew: 613438K->68095K(613440K), 0.0312617 secs] 3545548K->3115136K(4126208K), 0.0318882 secs] [Times: user=0.23 sys=0.00, real=0.03 secs] 
2021-01-22T00:40:12.868+0800: 55.014: [GC (Allocation Failure) 2021-01-22T00:40:12.869+0800: 55.014: [ParNew: 613439K->68095K(613440K), 0.0264220 secs] 3660480K->3233721K(4126208K), 0.0270546 secs] [Times: user=0.21 sys=0.00, real=0.02 secs] 
2021-01-22T00:40:12.970+0800: 55.115: [GC (Allocation Failure) 2021-01-22T00:40:12.970+0800: 55.115: [ParNew: 613439K->68095K(613440K), 0.0331193 secs] 3779065K->3356798K(4126208K), 0.0335999 secs] [Times: user=0.25 sys=0.01, real=0.03 secs] 
2021-01-22T00:40:13.079+0800: 55.225: [GC (Allocation Failure) 2021-01-22T00:40:13.080+0800: 55.225: [ParNew2021-01-22T00:40:13.114+0800: 55.259: [CMS-concurrent-abortable-preclean: 0.060/0.820 secs] [Times: user=2.58 sys=0.03, real=0.82 secs] 
: 613439K->68095K(613440K), 0.0392117 secs] 3902142K->3482374K(4126208K), 0.0396863 secs] [Times: user=0.31 sys=0.00, real=0.04 secs] 
2021-01-22T00:40:13.119+0800: 55.265: [GC (CMS Final Remark) [YG occupancy: 80113 K (613440 K)]2021-01-22T00:40:13.120+0800: 55.265: [Rescan (parallel) , 0.0038745 secs]2021-01-22T00:40:13.124+0800: 55.269: [weak refs processing, 0.0001804 secs]2021-01-22T00:40:13.124+0800: 55.269: [class unloading, 0.0004787 secs]2021-01-22T00:40:13.125+0800: 55.270: [scrub symbol table, 0.0006324 secs]2021-01-22T00:40:13.126+0800: 55.271: [scrub string table, 0.0003766 secs][1 CMS-remark: 3414279K(3512768K)] 3494392K(4126208K), 0.0068851 secs] [Times: user=0.03 sys=0.00, real=0.00 secs] 
2021-01-22T00:40:13.127+0800: 55.272: [CMS-concurrent-sweep-start]
2021-01-22T00:40:13.131+0800: 55.276: [CMS-concurrent-sweep: 0.004/0.004 secs] [Times: user=0.00 sys=0.00, real=0.01 secs] 
2021-01-22T00:40:13.131+0800: 55.276: [CMS-concurrent-reset-start]
2021-01-22T00:40:13.134+0800: 55.279: [CMS-concurrent-reset: 0.003/0.003 secs] [Times: user=0.00 sys=0.00, real=0.00 secs] 
2021-01-22T00:40:13.196+0800: 55.342: [GC (Allocation Failure) 2021-01-22T00:40:13.197+0800: 55.342: [ParNew: 613439K->68095K(613440K), 0.0343984 secs] 1899486K->1480716K(4126208K), 0.0351013 secs] [Times: user=0.27 sys=0.00, real=0.04 secs] 
2021-01-22T00:40:13.300+0800: 55.445: [GC (Allocation Failure) 2021-01-22T00:40:13.300+0800: 55.446: [ParNew: 613439K->68094K(613440K), 0.0315267 secs] 2026060K->1600944K(4126208K), 0.0321563 secs] [Times: user=0.22 sys=0.02, real=0.03 secs] 
2021-01-22T00:40:13.400+0800: 55.545: [GC (Allocation Failure) 2021-01-22T00:40:13.400+0800: 55.545: [ParNew: 613438K->68095K(613440K), 0.0322075 secs] 2146288K->1728802K(4126208K), 0.0328764 secs] [Times: user=0.25 sys=0.00, real=0.03 secs] 
2021-01-22T00:40:13.500+0800: 55.645: [GC (Allocation Failure) 2021-01-22T00:40:13.501+0800: 55.646: [ParNew: 613439K->68095K(613440K), 0.0312292 secs] 2274146K->1846764K(4126208K), 0.0318946 secs] [Times: user=0.24 sys=0.00, real=0.03 secs] 
2021-01-22T00:40:13.599+0800: 55.744: [GC (Allocation Failure) 2021-01-22T00:40:13.599+0800: 55.745: [ParNew: 613439K->68095K(613440K), 0.0341683 secs] 2392108K->1967869K(4126208K), 0.0348907 secs] [Times: user=0.27 sys=0.00, real=0.03 secs] 
2021-01-22T00:40:13.700+0800: 55.845: [GC (Allocation Failure) 2021-01-22T00:40:13.700+0800: 55.845: [ParNew: 613439K->68095K(613440K), 0.0369444 secs] 2513213K->2095049K(4126208K), 0.0376145 secs] [Times: user=0.29 sys=0.00, real=0.03 secs] 
2021-01-22T00:40:13.805+0800: 55.951: [GC (Allocation Failure) 2021-01-22T00:40:13.806+0800: 55.951: [ParNew: 613439K->68095K(613440K), 0.0296406 secs] 2640393K->2211942K(4126208K), 0.0305463 secs] [Times: user=0.16 sys=0.07, real=0.03 secs] 
2021-01-22T00:40:13.907+0800: 56.053: [GC (Allocation Failure) 2021-01-22T00:40:13.908+0800: 56.053: [ParNew: 613439K->68095K(613440K), 0.0318641 secs] 2757286K->2326984K(4126208K), 0.0327288 secs] [Times: user=0.24 sys=0.01, real=0.04 secs] 
2021-01-22T00:40:14.010+0800: 56.156: [GC (Allocation Failure) 2021-01-22T00:40:14.011+0800: 56.156: [ParNew: 613439K->68095K(613440K), 0.0349732 secs] 2872328K->2460846K(4126208K), 0.0359134 secs] [Times: user=0.27 sys=0.00, real=0.03 secs] 
2021-01-22T00:40:14.047+0800: 56.192: [GC (CMS Initial Mark) [1 CMS-initial-mark: 2392751K(3512768K)] 2472350K(4126208K), 0.0009701 secs] [Times: user=0.00 sys=0.00, real=0.01 secs] 
2021-01-22T00:40:14.048+0800: 56.194: [CMS-concurrent-mark-start]
2021-01-22T00:40:14.055+0800: 56.201: [CMS-concurrent-mark: 0.007/0.007 secs] [Times: user=0.01 sys=0.00, real=0.00 secs] 
2021-01-22T00:40:14.056+0800: 56.201: [CMS-concurrent-preclean-start]
2021-01-22T00:40:14.061+0800: 56.206: [CMS-concurrent-preclean: 0.005/0.005 secs] [Times: user=0.02 sys=0.00, real=0.01 secs] 
2021-01-22T00:40:14.061+0800: 56.206: [CMS-concurrent-abortable-preclean-start]
2021-01-22T00:40:14.117+0800: 56.262: [GC (Allocation Failure) 2021-01-22T00:40:14.117+0800: 56.263: [ParNew: 613439K->68095K(613440K), 0.0368258 secs] 3006190K->2586035K(4126208K), 0.0375216 secs] [Times: user=0.29 sys=0.00, real=0.04 secs] 
2021-01-22T00:40:14.229+0800: 56.374: [GC (Allocation Failure) 2021-01-22T00:40:14.229+0800: 56.374: [ParNew2021-01-22T00:40:14.269+0800: 56.414: [CMS-concurrent-abortable-preclean: 0.017/0.207 secs] [Times: user=0.75 sys=0.00, real=0.21 secs] 
: 613439K->68095K(613440K), 0.0476231 secs] 3131379K->2723825K(4126208K), 0.0481245 secs] [Times: user=0.37 sys=0.00, real=0.04 secs] 
2021-01-22T00:40:14.277+0800: 56.423: [GC (CMS Final Remark) [YG occupancy: 79818 K (613440 K)]2021-01-22T00:40:14.278+0800: 56.423: [Rescan (parallel) , 0.0017306 secs]2021-01-22T00:40:14.279+0800: 56.425: [weak refs processing, 0.0001424 secs]2021-01-22T00:40:14.280+0800: 56.425: [class unloading, 0.0002827 secs]2021-01-22T00:40:14.280+0800: 56.425: [scrub symbol table, 0.0004045 secs]2021-01-22T00:40:14.281+0800: 56.426: [scrub string table, 0.0002787 secs][1 CMS-remark: 2655729K(3512768K)] 2735548K(4126208K), 0.0036648 secs] [Times: user=0.02 sys=0.00, real=0.01 secs] 
2021-01-22T00:40:14.281+0800: 56.427: [CMS-concurrent-sweep-start]
2021-01-22T00:40:14.285+0800: 56.430: [CMS-concurrent-sweep: 0.003/0.003 secs] [Times: user=0.00 sys=0.00, real=0.00 secs] 
2021-01-22T00:40:14.285+0800: 56.430: [CMS-concurrent-reset-start]
2021-01-22T00:40:14.288+0800: 56.434: [CMS-concurrent-reset: 0.004/0.004 secs] [Times: user=0.01 sys=0.00, real=0.01 secs] 
2021-01-22T00:40:14.350+0800: 56.495: [GC (Allocation Failure) 2021-01-22T00:40:14.350+0800: 56.496: [ParNew: 613439K->68094K(613440K), 0.0325228 secs] 1192056K->771777K(4126208K), 0.0330244 secs] [Times: user=0.24 sys=0.02, real=0.03 secs] 
2021-01-22T00:40:14.449+0800: 56.594: [GC (Allocation Failure) 2021-01-22T00:40:14.450+0800: 56.595: [ParNew: 613438K->68095K(613440K), 0.0320521 secs] 1317121K->883650K(4126208K), 0.0328075 secs] [Times: user=0.25 sys=0.00, real=0.03 secs] 
2021-01-22T00:40:14.549+0800: 56.695: [GC (Allocation Failure) 2021-01-22T00:40:14.550+0800: 56.695: [ParNew: 613439K->68095K(613440K), 0.0270380 secs] 1428994K->1010061K(4126208K), 0.0276620 secs] [Times: user=0.21 sys=0.00, real=0.02 secs] 
2021-01-22T00:40:14.639+0800: 56.785: [GC (Allocation Failure) 2021-01-22T00:40:14.640+0800: 56.785: [ParNew: 613439K->68095K(613440K), 0.0258472 secs] 1555405K->1120115K(4126208K), 0.0265913 secs] [Times: user=0.20 sys=0.00, real=0.02 secs] 
2021-01-22T00:40:14.726+0800: 56.872: [GC (Allocation Failure) 2021-01-22T00:40:14.727+0800: 56.872: [ParNew: 613439K->68095K(613440K), 0.0247431 secs] 1665459K->1240052K(4126208K), 0.0253442 secs] [Times: user=0.19 sys=0.00, real=0.03 secs] 
2021-01-22T00:40:14.815+0800: 56.960: [GC (Allocation Failure) 2021-01-22T00:40:14.816+0800: 56.961: [ParNew: 613439K->68095K(613440K), 0.0267077 secs] 1785396K->1362182K(4126208K), 0.0274989 secs] [Times: user=0.20 sys=0.01, real=0.03 secs] 
2021-01-22T00:40:14.904+0800: 57.050: [GC (Allocation Failure) 2021-01-22T00:40:14.905+0800: 57.050: [ParNew: 613439K->68094K(613440K), 0.0270037 secs] 1907526K->1483901K(4126208K), 0.0279793 secs] [Times: user=0.22 sys=0.00, real=0.03 secs] 
2021-01-22T00:40:14.997+0800: 57.142: [GC (Allocation Failure) 2021-01-22T00:40:14.997+0800: 57.142: [ParNew: 613438K->68095K(613440K), 0.0247739 secs] 2029245K->1599494K(4126208K), 0.0254322 secs] [Times: user=0.19 sys=0.00, real=0.03 secs] 
2021-01-22T00:40:15.085+0800: 57.230: [GC (Allocation Failure) 2021-01-22T00:40:15.085+0800: 57.230: [ParNew: 613439K->68095K(613440K), 0.0255501 secs] 2144838K->1728649K(4126208K), 0.0264953 secs] [Times: user=0.20 sys=0.00, real=0.03 secs] 
2021-01-22T00:40:15.172+0800: 57.318: [GC (Allocation Failure) 2021-01-22T00:40:15.173+0800: 57.318: [ParNew: 613439K->68095K(613440K), 0.0243719 secs] 2273993K->1846183K(4126208K), 0.0252099 secs] [Times: user=0.19 sys=0.00, real=0.02 secs] 
2021-01-22T00:40:15.258+0800: 57.403: [GC (Allocation Failure) 2021-01-22T00:40:15.258+0800: 57.404: [ParNew: 613439K->68095K(613440K), 0.0288806 secs] 2391527K->1967473K(4126208K), 0.0295643 secs] [Times: user=0.22 sys=0.00, real=0.02 secs] 
2021-01-22T00:40:15.353+0800: 57.498: [GC (Allocation Failure) 2021-01-22T00:40:15.354+0800: 57.499: [ParNew: 613439K->68095K(613440K), 0.0297397 secs] 2512817K->2088884K(4126208K), 0.0306517 secs] [Times: user=0.23 sys=0.00, real=0.03 secs] 
2021-01-22T00:40:15.445+0800: 57.591: [GC (Allocation Failure) 2021-01-22T00:40:15.446+0800: 57.591: [ParNew: 613439K->68095K(613440K), 0.0242716 secs] 2634228K->2214900K(4126208K), 0.0250384 secs] [Times: user=0.18 sys=0.00, real=0.03 secs] 
2021-01-22T00:40:15.529+0800: 57.674: [GC (Allocation Failure) 2021-01-22T00:40:15.529+0800: 57.674: [ParNew: 613439K->68095K(613440K), 0.0242074 secs] 2760244K->2338138K(4126208K), 0.0249283 secs] [Times: user=0.19 sys=0.00, real=0.02 secs] 
2021-01-22T00:40:15.614+0800: 57.759: [GC (Allocation Failure) 2021-01-22T00:40:15.614+0800: 57.760: [ParNew: 613439K->68095K(613440K), 0.0242355 secs] 2883482K->2464440K(4126208K), 0.0250208 secs] [Times: user=0.18 sys=0.01, real=0.03 secs] 
2021-01-22T00:40:15.701+0800: 57.846: [GC (Allocation Failure) 2021-01-22T00:40:15.702+0800: 57.847: [ParNew: 613439K->68095K(613440K), 0.0252140 secs] 3009784K->2577056K(4126208K), 0.0260646 secs] [Times: user=0.20 sys=0.00, real=0.02 secs] 
2021-01-22T00:40:15.788+0800: 57.933: [GC (Allocation Failure) 2021-01-22T00:40:15.788+0800: 57.934: [ParNew: 613439K->68095K(613440K), 0.0246809 secs] 3122400K->2702166K(4126208K), 0.0256287 secs] [Times: user=0.19 sys=0.00, real=0.03 secs] 
2021-01-22T00:40:15.815+0800: 57.960: [GC (CMS Initial Mark) [1 CMS-initial-mark: 2634071K(3512768K)] 2713807K(4126208K), 0.0011841 secs] [Times: user=0.00 sys=0.00, real=0.00 secs] 
2021-01-22T00:40:15.816+0800: 57.962: [CMS-concurrent-mark-start]
2021-01-22T00:40:15.824+0800: 57.970: [CMS-concurrent-mark: 0.008/0.008 secs] [Times: user=0.02 sys=0.00, real=0.01 secs] 
2021-01-22T00:40:15.825+0800: 57.970: [CMS-concurrent-preclean-start]
2021-01-22T00:40:15.828+0800: 57.974: [CMS-concurrent-preclean: 0.003/0.003 secs] [Times: user=0.01 sys=0.00, real=0.01 secs] 
2021-01-22T00:40:15.829+0800: 57.974: [CMS-concurrent-abortable-preclean-start]
2021-01-22T00:40:15.875+0800: 58.021: [GC (Allocation Failure) 2021-01-22T00:40:15.876+0800: 58.021: [ParNew: 613439K->68095K(613440K), 0.0238919 secs] 3247510K->2819483K(4126208K), 0.0247667 secs] [Times: user=0.18 sys=0.00, real=0.03 secs] 
2021-01-22T00:40:15.958+0800: 58.103: [GC (Allocation Failure) 2021-01-22T00:40:15.959+0800: 58.104: [ParNew: 613439K->68095K(613440K), 0.0247234 secs] 3364827K->2946193K(4126208K), 0.0255767 secs] [Times: user=0.19 sys=0.00, real=0.02 secs] 
2021-01-22T00:40:16.046+0800: 58.191: [GC (Allocation Failure) 2021-01-22T00:40:16.047+0800: 58.192: [ParNew: 613439K->68094K(613440K), 0.0271266 secs] 3491537K->3075418K(4126208K), 0.0281979 secs] [Times: user=0.21 sys=0.00, real=0.03 secs] 
2021-01-22T00:40:16.135+0800: 58.280: [GC (Allocation Failure) 2021-01-22T00:40:16.135+0800: 58.281: [ParNew: 613438K->68094K(613440K), 0.0259438 secs] 3620762K->3203628K(4126208K), 0.0267148 secs] [Times: user=0.20 sys=0.00, real=0.03 secs] 
2021-01-22T00:40:16.224+0800: 58.369: [GC (Allocation Failure) 2021-01-22T00:40:16.224+0800: 58.369: [ParNew: 613438K->68095K(613440K), 0.0236978 secs] 3748972K->3320167K(4126208K), 0.0244193 secs] [Times: user=0.18 sys=0.00, real=0.03 secs] 
2021-01-22T00:40:16.308+0800: 58.453: [GC (Allocation Failure) 2021-01-22T00:40:16.309+0800: 58.454: [ParNew: 613439K->68095K(613440K), 0.0258459 secs] 3865511K->3446731K(4126208K), 0.0266784 secs] [Times: user=0.18 sys=0.00, real=0.02 secs] 
2021-01-22T00:40:16.394+0800: 58.539: [GC (Allocation Failure) 2021-01-22T00:40:16.394+0800: 58.540: [ParNew: 613439K->68094K(613440K), 0.0331206 secs] 3992075K->3573288K(4126208K), 0.0337261 secs] [Times: user=0.26 sys=0.00, real=0.03 secs] 
2021-01-22T00:40:16.428+0800: 58.574: [CMS-concurrent-abortable-preclean: 0.049/0.600 secs] [Times: user=1.85 sys=0.01, real=0.60 secs] 
2021-01-22T00:40:16.429+0800: 58.574: [GC (CMS Final Remark) [YG occupancy: 79282 K (613440 K)]2021-01-22T00:40:16.429+0800: 58.575: [Rescan (parallel) , 0.0030945 secs]2021-01-22T00:40:16.433+0800: 58.578: [weak refs processing, 0.0002870 secs]2021-01-22T00:40:16.433+0800: 58.579: [class unloading, 0.0004854 secs]2021-01-22T00:40:16.434+0800: 58.579: [scrub symbol table, 0.0006892 secs]2021-01-22T00:40:16.435+0800: 58.580: [scrub string table, 0.0002886 secs][1 CMS-remark: 3505194K(3512768K)] 3584476K(4126208K), 0.0063443 secs] [Times: user=0.02 sys=0.00, real=0.00 secs] 
2021-01-22T00:40:16.436+0800: 58.581: [CMS-concurrent-sweep-start]
2021-01-22T00:40:16.439+0800: 58.584: [CMS-concurrent-sweep: 0.003/0.003 secs] [Times: user=0.01 sys=0.00, real=0.01 secs] 
2021-01-22T00:40:16.439+0800: 58.585: [CMS-concurrent-reset-start]
2021-01-22T00:40:16.442+0800: 58.588: [CMS-concurrent-reset: 0.003/0.003 secs] [Times: user=0.00 sys=0.00, real=0.00 secs] 
2021-01-22T00:40:16.498+0800: 58.643: [GC (Allocation Failure) 2021-01-22T00:40:16.498+0800: 58.644: [ParNew: 613438K->68095K(613440K), 0.0268175 secs] 1786430K->1376479K(4126208K), 0.0275576 secs] [Times: user=0.21 sys=0.00, real=0.03 secs] 
2021-01-22T00:40:16.586+0800: 58.731: [GC (Allocation Failure) 2021-01-22T00:40:16.586+0800: 58.731: [ParNew: 613439K->68094K(613440K), 0.0246857 secs] 1921823K->1498147K(4126208K), 0.0253462 secs] [Times: user=0.19 sys=0.00, real=0.03 secs] 
2021-01-22T00:40:16.672+0800: 58.818: [GC (Allocation Failure) 2021-01-22T00:40:16.673+0800: 58.818: [ParNew: 613438K->68095K(613440K), 0.0249120 secs] 2043491K->1623595K(4126208K), 0.0256768 secs] [Times: user=0.19 sys=0.01, real=0.03 secs] 
2021-01-22T00:40:16.761+0800: 58.907: [GC (Allocation Failure) 2021-01-22T00:40:16.762+0800: 58.907: [ParNew: 613439K->68095K(613440K), 0.0266240 secs] 2168939K->1747225K(4126208K), 0.0273813 secs] [Times: user=0.21 sys=0.00, real=0.03 secs] 
2021-01-22T00:40:16.849+0800: 58.994: [GC (Allocation Failure) 2021-01-22T00:40:16.849+0800: 58.995: [ParNew: 613439K->68094K(613440K), 0.0253624 secs] 2292569K->1873396K(4126208K), 0.0260944 secs] [Times: user=0.18 sys=0.01, real=0.02 secs] 
2021-01-22T00:40:16.937+0800: 59.082: [GC (Allocation Failure) 2021-01-22T00:40:16.937+0800: 59.082: [ParNew: 613438K->68095K(613440K), 0.0259014 secs] 2418740K->1995257K(4126208K), 0.0264905 secs] [Times: user=0.20 sys=0.00, real=0.03 secs] 
2021-01-22T00:40:17.025+0800: 59.170: [GC (Allocation Failure) 2021-01-22T00:40:17.025+0800: 59.170: [ParNew: 613439K->68095K(613440K), 0.0245650 secs] 2540601K->2119125K(4126208K), 0.0253003 secs] [Times: user=0.19 sys=0.00, real=0.03 secs] 
2021-01-22T00:40:17.112+0800: 59.257: [GC (Allocation Failure) 2021-01-22T00:40:17.112+0800: 59.258: [ParNew: 613439K->68095K(613440K), 0.0256136 secs] 2664469K->2251086K(4126208K), 0.0264741 secs] [Times: user=0.19 sys=0.00, real=0.03 secs] 
2021-01-22T00:40:17.201+0800: 59.346: [GC (Allocation Failure) 2021-01-22T00:40:17.201+0800: 59.347: [ParNew: 613439K->68094K(613440K), 0.0252737 secs] 2796430K->2378181K(4126208K), 0.0263159 secs] [Times: user=0.19 sys=0.00, real=0.02 secs] 
2021-01-22T00:40:17.291+0800: 59.436: [GC (Allocation Failure) 2021-01-22T00:40:17.291+0800: 59.437: [ParNew: 613438K->68094K(613440K), 0.0247087 secs] 2923525K->2501399K(4126208K), 0.0255032 secs] [Times: user=0.19 sys=0.00, real=0.02 secs] 
2021-01-22T00:40:17.317+0800: 59.463: [GC (CMS Initial Mark) [1 CMS-initial-mark: 2433304K(3512768K)] 2512613K(4126208K), 0.0012802 secs] [Times: user=0.01 sys=0.00, real=0.01 secs] 
2021-01-22T00:40:17.319+0800: 59.465: [CMS-concurrent-mark-start]
2021-01-22T00:40:17.328+0800: 59.473: [CMS-concurrent-mark: 0.009/0.009 secs] [Times: user=0.01 sys=0.00, real=0.00 secs] 
2021-01-22T00:40:17.328+0800: 59.474: [CMS-concurrent-preclean-start]
2021-01-22T00:40:17.332+0800: 59.477: [CMS-concurrent-preclean: 0.003/0.003 secs] [Times: user=0.00 sys=0.00, real=0.00 secs] 
2021-01-22T00:40:17.332+0800: 59.477: [CMS-concurrent-abortable-preclean-start]
2021-01-22T00:40:17.382+0800: 59.528: [GC (Allocation Failure) 2021-01-22T00:40:17.383+0800: 59.528: [ParNew: 613438K->68095K(613440K), 0.0255283 secs] 3046743K->2630431K(4126208K), 0.0261580 secs] [Times: user=0.20 sys=0.00, real=0.03 secs] 
2021-01-22T00:40:17.470+0800: 59.615: [GC (Allocation Failure) 2021-01-22T00:40:17.470+0800: 59.615: [ParNew: 613439K->68095K(613440K), 0.0257158 secs] 3175775K->2760945K(4126208K), 0.0264654 secs] [Times: user=0.20 sys=0.00, real=0.02 secs] 
2021-01-22T00:40:17.556+0800: 59.701: [GC (Allocation Failure) 2021-01-22T00:40:17.556+0800: 59.701: [ParNew: 613439K->68094K(613440K), 0.0283337 secs] 3306289K->2895567K(4126208K), 0.0291086 secs] [Times: user=0.22 sys=0.00, real=0.03 secs] 
2021-01-22T00:40:17.647+0800: 59.792: [GC (Allocation Failure) 2021-01-22T00:40:17.647+0800: 59.792: [ParNew: 613438K->68095K(613440K), 0.0252339 secs] 3440911K->3027170K(4126208K), 0.0258957 secs] [Times: user=0.20 sys=0.00, real=0.03 secs] 
2021-01-22T00:40:17.732+0800: 59.877: [GC (Allocation Failure) 2021-01-22T00:40:17.732+0800: 59.878: [ParNew: 613439K->68095K(613440K), 0.0235826 secs] 3572514K->3143999K(4126208K), 0.0245000 secs] [Times: user=0.18 sys=0.00, real=0.02 secs] 
2021-01-22T00:40:17.817+0800: 59.962: [GC (Allocation Failure) 2021-01-22T00:40:17.817+0800: 59.962: [ParNew: 613439K->68095K(613440K), 0.0247434 secs] 3689343K->3266443K(4126208K), 0.0254902 secs] [Times: user=0.19 sys=0.00, real=0.03 secs] 
2021-01-22T00:40:17.901+0800: 60.047: [GC (Allocation Failure) 2021-01-22T00:40:17.902+0800: 60.047: [ParNew: 613439K->68095K(613440K), 0.0238250 secs] 3811787K->3383539K(4126208K), 0.0245045 secs] [Times: user=0.18 sys=0.00, real=0.02 secs] 
Heap
 par new generation   total 613440K, used 89944K [0x00000006c0000000, 0x00000006e9990000, 0x00000006e9990000)
  eden space 545344K,   4% used [0x00000006c0000000, 0x00000006c15564b0, 0x00000006e1490000)
  from space 68096K,  99% used [0x00000006e5710000, 0x00000006e998ff10, 0x00000006e9990000)
  to   space 68096K,   0% used [0x00000006e1490000, 0x00000006e1490000, 0x00000006e5710000)
 concurrent mark-sweep generation total 3512768K, used 3315444K [0x00000006e9990000, 0x00000007c0000000, 0x00000007c0000000)
 Metaspace       used 2823K, capacity 4490K, committed 4864K, reserved 1056768K
  class space    used 293K, capacity 386K, committed 512K, reserved 1048576K
