OpenJDK 64-Bit Server VM (25.252-b09) for linux-amd64 JRE (1.8.0_252-8u252-b09-1ubuntu1-b09), built on Apr 16 2020 08:47:49 by "buildd" with gcc 9.3.0
Memory: 4k page, physical 39286120k(39082176k free), swap 10485760k(10485760k free)
CommandLine flags: -XX:InitialHeapSize=1073741824 -XX:MaxHeapSize=1073741824 -XX:MaxNewSize=357916672 -XX:MaxTenuringThreshold=6 -XX:NewSize=357916672 -XX:OldPLABSize=16 -XX:OldSize=715825152 -XX:+PrintGC -XX:+PrintGCDateStamps -XX:+PrintGCDetails -XX:+PrintGCTimeStamps -XX:+UseCompressedClassPointers -XX:+UseCompressedOops -XX:+UseConcMarkSweepGC -XX:+UseParNewGC 
2021-01-22T01:14:41.513+0800: 0.152: [GC (Allocation Failure) 2021-01-22T01:14:41.514+0800: 0.152: [ParNew: 279616K->34944K(314560K), 0.0268287 secs] 279616K->84380K(1013632K), 0.0282254 secs] [Times: user=0.05 sys=0.09, real=0.03 secs] 
2021-01-22T01:14:41.579+0800: 0.217: [GC (Allocation Failure) 2021-01-22T01:14:41.579+0800: 0.218: [ParNew: 314560K->34943K(314560K), 0.0283945 secs] 363996K->163460K(1013632K), 0.0296031 secs] [Times: user=0.07 sys=0.05, real=0.03 secs] 
2021-01-22T01:14:41.646+0800: 0.284: [GC (Allocation Failure) 2021-01-22T01:14:41.646+0800: 0.285: [ParNew: 314559K->34944K(314560K), 0.0296430 secs] 443076K->243044K(1013632K), 0.0304986 secs] [Times: user=0.21 sys=0.01, real=0.03 secs] 
2021-01-22T01:14:41.713+0800: 0.351: [GC (Allocation Failure) 2021-01-22T01:14:41.717+0800: 0.355: [ParNew: 314560K->34942K(314560K), 0.0289063 secs] 522660K->319952K(1013632K), 0.0331842 secs] [Times: user=0.20 sys=0.01, real=0.03 secs] 
2021-01-22T01:14:41.781+0800: 0.419: [GC (Allocation Failure) 2021-01-22T01:14:41.781+0800: 0.419: [ParNew: 314558K->34944K(314560K), 0.0302610 secs] 599568K->403142K(1013632K), 0.0310059 secs] [Times: user=0.20 sys=0.02, real=0.03 secs] 
2021-01-22T01:14:41.813+0800: 0.451: [GC (CMS Initial Mark) [1 CMS-initial-mark: 368198K(699072K)] 409582K(1013632K), 0.0018256 secs] [Times: user=0.01 sys=0.01, real=0.00 secs] 
2021-01-22T01:14:41.815+0800: 0.454: [CMS-concurrent-mark-start]
2021-01-22T01:14:41.817+0800: 0.455: [CMS-concurrent-mark: 0.001/0.001 secs] [Times: user=0.00 sys=0.00, real=0.00 secs] 
2021-01-22T01:14:41.817+0800: 0.456: [CMS-concurrent-preclean-start]
2021-01-22T01:14:41.818+0800: 0.457: [CMS-concurrent-preclean: 0.001/0.001 secs] [Times: user=0.00 sys=0.00, real=0.00 secs] 
2021-01-22T01:14:41.818+0800: 0.457: [CMS-concurrent-abortable-preclean-start]
2021-01-22T01:14:41.851+0800: 0.489: [GC (Allocation Failure) 2021-01-22T01:14:41.851+0800: 0.490: [ParNew: 314560K->34942K(314560K), 0.0268830 secs] 682758K->474696K(1013632K), 0.0277196 secs] [Times: user=0.19 sys=0.00, real=0.03 secs] 
2021-01-22T01:14:41.916+0800: 0.554: [GC (Allocation Failure) 2021-01-22T01:14:41.916+0800: 0.555: [ParNew: 314558K->34944K(314560K), 0.0391152 secs] 754312K->550060K(1013632K), 0.0399380 secs] [Times: user=0.27 sys=0.02, real=0.04 secs] 
2021-01-22T01:14:41.991+0800: 0.629: [GC (Allocation Failure) 2021-01-22T01:14:41.991+0800: 0.630: [ParNew: 314560K->34938K(314560K), 0.0308282 secs] 829676K->628391K(1013632K), 0.0314323 secs] [Times: user=0.22 sys=0.02, real=0.03 secs] 
2021-01-22T01:14:42.054+0800: 0.693: [GC (Allocation Failure) 2021-01-22T01:14:42.055+0800: 0.693: [ParNew: 314554K->34943K(314560K), 0.0347211 secs] 908007K->715653K(1013632K), 0.0352218 secs] [Times: user=0.26 sys=0.00, real=0.04 secs] 
2021-01-22T01:14:42.090+0800: 0.728: [CMS-concurrent-abortable-preclean: 0.008/0.271 secs] [Times: user=1.09 sys=0.04, real=0.27 secs] 
2021-01-22T01:14:42.090+0800: 0.729: [GC (CMS Final Remark) [YG occupancy: 41774 K (314560 K)]2021-01-22T01:14:42.090+0800: 0.729: [Rescan (parallel) , 0.0012189 secs]2021-01-22T01:14:42.092+0800: 0.730: [weak refs processing, 0.0001478 secs]2021-01-22T01:14:42.092+0800: 0.731: [class unloading, 0.0003276 secs]2021-01-22T01:14:42.092+0800: 0.731: [scrub symbol table, 0.0004237 secs]2021-01-22T01:14:42.093+0800: 0.732: [scrub string table, 0.0002905 secs][1 CMS-remark: 680709K(699072K)] 722484K(1013632K), 0.0032909 secs] [Times: user=0.01 sys=0.00, real=0.00 secs] 
2021-01-22T01:14:42.094+0800: 0.732: [CMS-concurrent-sweep-start]
2021-01-22T01:14:42.095+0800: 0.733: [CMS-concurrent-sweep: 0.001/0.001 secs] [Times: user=0.00 sys=0.00, real=0.00 secs] 
2021-01-22T01:14:42.095+0800: 0.734: [CMS-concurrent-reset-start]
2021-01-22T01:14:42.096+0800: 0.734: [CMS-concurrent-reset: 0.001/0.001 secs] [Times: user=0.00 sys=0.00, real=0.00 secs] 
2021-01-22T01:14:42.127+0800: 0.765: [GC (Allocation Failure) 2021-01-22T01:14:42.127+0800: 0.766: [ParNew: 314559K->34942K(314560K), 0.0153728 secs] 871630K->673822K(1013632K), 0.0158885 secs] [Times: user=0.12 sys=0.00, real=0.02 secs] 
2021-01-22T01:14:42.143+0800: 0.782: [GC (CMS Initial Mark) [1 CMS-initial-mark: 638880K(699072K)] 679664K(1013632K), 0.0008824 secs] [Times: user=0.00 sys=0.00, real=0.00 secs] 
2021-01-22T01:14:42.145+0800: 0.783: [CMS-concurrent-mark-start]
2021-01-22T01:14:42.147+0800: 0.786: [CMS-concurrent-mark: 0.002/0.002 secs] [Times: user=0.00 sys=0.00, real=0.00 secs] 
2021-01-22T01:14:42.147+0800: 0.786: [CMS-concurrent-preclean-start]
2021-01-22T01:14:42.148+0800: 0.787: [CMS-concurrent-preclean: 0.001/0.001 secs] [Times: user=0.01 sys=0.00, real=0.01 secs] 
2021-01-22T01:14:42.148+0800: 0.787: [CMS-concurrent-abortable-preclean-start]
2021-01-22T01:14:42.148+0800: 0.787: [CMS-concurrent-abortable-preclean: 0.000/0.000 secs] [Times: user=0.00 sys=0.00, real=0.00 secs] 
2021-01-22T01:14:42.149+0800: 0.787: [GC (CMS Final Remark) [YG occupancy: 71047 K (314560 K)]2021-01-22T01:14:42.149+0800: 0.787: [Rescan (parallel) , 0.0008576 secs]2021-01-22T01:14:42.150+0800: 0.788: [weak refs processing, 0.0001480 secs]2021-01-22T01:14:42.150+0800: 0.789: [class unloading, 0.0002978 secs]2021-01-22T01:14:42.151+0800: 0.789: [scrub symbol table, 0.0004132 secs]2021-01-22T01:14:42.151+0800: 0.790: [scrub string table, 0.0002773 secs][1 CMS-remark: 638880K(699072K)] 709927K(1013632K), 0.0028209 secs] [Times: user=0.00 sys=0.00, real=0.00 secs] 
2021-01-22T01:14:42.152+0800: 0.790: [CMS-concurrent-sweep-start]
2021-01-22T01:14:42.153+0800: 0.791: [CMS-concurrent-sweep: 0.001/0.001 secs] [Times: user=0.00 sys=0.00, real=0.00 secs] 
2021-01-22T01:14:42.153+0800: 0.792: [CMS-concurrent-reset-start]
2021-01-22T01:14:42.154+0800: 0.792: [CMS-concurrent-reset: 0.000/0.000 secs] [Times: user=0.00 sys=0.00, real=0.00 secs] 
2021-01-22T01:14:42.183+0800: 0.821: [GC (Allocation Failure) 2021-01-22T01:14:42.183+0800: 0.822: [ParNew: 314558K->34942K(314560K), 0.0134873 secs] 624824K->418512K(1013632K), 0.0140454 secs] [Times: user=0.10 sys=0.00, real=0.01 secs] 
2021-01-22T01:14:42.198+0800: 0.836: [GC (CMS Initial Mark) [1 CMS-initial-mark: 383570K(699072K)] 424316K(1013632K), 0.0007054 secs] [Times: user=0.00 sys=0.00, real=0.01 secs] 
2021-01-22T01:14:42.199+0800: 0.837: [CMS-concurrent-mark-start]
2021-01-22T01:14:42.201+0800: 0.839: [CMS-concurrent-mark: 0.002/0.002 secs] [Times: user=0.00 sys=0.01, real=0.00 secs] 
2021-01-22T01:14:42.201+0800: 0.839: [CMS-concurrent-preclean-start]
2021-01-22T01:14:42.202+0800: 0.840: [CMS-concurrent-preclean: 0.001/0.001 secs] [Times: user=0.00 sys=0.00, real=0.00 secs] 
2021-01-22T01:14:42.202+0800: 0.841: [CMS-concurrent-abortable-preclean-start]
2021-01-22T01:14:42.230+0800: 0.868: [GC (Allocation Failure) 2021-01-22T01:14:42.230+0800: 0.868: [ParNew: 314558K->34943K(314560K), 0.0145807 secs] 698128K->498850K(1013632K), 0.0152849 secs] [Times: user=0.10 sys=0.00, real=0.01 secs] 
2021-01-22T01:14:42.278+0800: 0.917: [GC (Allocation Failure) 2021-01-22T01:14:42.278+0800: 0.917: [ParNew: 314559K->34942K(314560K), 0.0146431 secs] 778466K->581290K(1013632K), 0.0153056 secs] [Times: user=0.10 sys=0.01, real=0.02 secs] 
2021-01-22T01:14:42.327+0800: 0.965: [GC (Allocation Failure) 2021-01-22T01:14:42.327+0800: 0.966: [ParNew: 314558K->34943K(314560K), 0.0180224 secs] 860906K->659986K(1013632K), 0.0188120 secs] [Times: user=0.14 sys=0.00, real=0.02 secs] 
2021-01-22T01:14:42.380+0800: 1.019: [GC (Allocation Failure) 2021-01-22T01:14:42.381+0800: 1.019: [ParNew: 314559K->314559K(314560K), 0.0002914 secs]2021-01-22T01:14:42.381+0800: 1.020: [CMS2021-01-22T01:14:42.381+0800: 1.020: [CMS-concurrent-abortable-preclean: 0.006/0.179 secs] [Times: user=0.48 sys=0.01, real=0.18 secs] 
 (concurrent mode failure): 625043K->364698K(699072K), 0.0464434 secs] 939602K->364698K(1013632K), [Metaspace: 2810K->2810K(1056768K)], 0.0478097 secs] [Times: user=0.05 sys=0.00, real=0.04 secs] 
2021-01-22T01:14:42.463+0800: 1.101: [GC (Allocation Failure) 2021-01-22T01:14:42.463+0800: 1.102: [ParNew: 279616K->34943K(314560K), 0.0115580 secs] 644314K->453503K(1013632K), 0.0124150 secs] [Times: user=0.09 sys=0.00, real=0.01 secs] 
2021-01-22T01:14:42.509+0800: 1.147: [GC (Allocation Failure) 2021-01-22T01:14:42.509+0800: 1.148: [ParNew: 314559K->34943K(314560K), 0.0143118 secs] 733119K->534015K(1013632K), 0.0155615 secs] [Times: user=0.11 sys=0.00, real=0.01 secs] 
2021-01-22T01:14:42.526+0800: 1.164: [GC (CMS Initial Mark) [1 CMS-initial-mark: 499071K(699072K)] 539695K(1013632K), 0.0015678 secs] [Times: user=0.00 sys=0.00, real=0.00 secs] 
2021-01-22T01:14:42.528+0800: 1.166: [CMS-concurrent-mark-start]
2021-01-22T01:14:42.529+0800: 1.168: [CMS-concurrent-mark: 0.002/0.002 secs] [Times: user=0.00 sys=0.00, real=0.01 secs] 
2021-01-22T01:14:42.530+0800: 1.168: [CMS-concurrent-preclean-start]
2021-01-22T01:14:42.530+0800: 1.169: [CMS-concurrent-preclean: 0.001/0.001 secs] [Times: user=0.00 sys=0.00, real=0.00 secs] 
2021-01-22T01:14:42.531+0800: 1.169: [CMS-concurrent-abortable-preclean-start]
2021-01-22T01:14:42.561+0800: 1.200: [GC (Allocation Failure) 2021-01-22T01:14:42.562+0800: 1.200: [ParNew: 314559K->34943K(314560K), 0.0143072 secs] 813631K->611338K(1013632K), 0.0151267 secs] [Times: user=0.11 sys=0.00, real=0.01 secs] 
2021-01-22T01:14:42.610+0800: 1.249: [GC (Allocation Failure) 2021-01-22T01:14:42.611+0800: 1.249: [ParNew: 314559K->34942K(314560K), 0.0145043 secs] 890954K->691195K(1013632K), 0.0153491 secs] [Times: user=0.11 sys=0.00, real=0.01 secs] 
2021-01-22T01:14:42.628+0800: 1.266: [CMS-concurrent-abortable-preclean: 0.004/0.097 secs] [Times: user=0.29 sys=0.00, real=0.09 secs] 
2021-01-22T01:14:42.629+0800: 1.267: [GC (CMS Final Remark) [YG occupancy: 46903 K (314560 K)]2021-01-22T01:14:42.629+0800: 1.267: [Rescan (parallel) , 0.0015214 secs]2021-01-22T01:14:42.631+0800: 1.269: [weak refs processing, 0.0003184 secs]2021-01-22T01:14:42.631+0800: 1.270: [class unloading, 0.0004902 secs]2021-01-22T01:14:42.632+0800: 1.271: [scrub symbol table, 0.0005932 secs]2021-01-22T01:14:42.633+0800: 1.272: [scrub string table, 0.0005961 secs][1 CMS-remark: 656252K(699072K)] 703155K(1013632K), 0.0054252 secs] [Times: user=0.00 sys=0.01, real=0.00 secs] 
2021-01-22T01:14:42.635+0800: 1.273: [CMS-concurrent-sweep-start]
2021-01-22T01:14:42.636+0800: 1.274: [CMS-concurrent-sweep: 0.001/0.001 secs] [Times: user=0.00 sys=0.00, real=0.00 secs] 
2021-01-22T01:14:42.636+0800: 1.274: [CMS-concurrent-reset-start]
2021-01-22T01:14:42.636+0800: 1.275: [CMS-concurrent-reset: 0.000/0.000 secs] [Times: user=0.00 sys=0.00, real=0.00 secs] 
2021-01-22T01:14:42.668+0800: 1.306: [GC (Allocation Failure) 2021-01-22T01:14:42.668+0800: 1.307: [ParNew: 314558K->34942K(314560K), 0.0144352 secs] 804485K->604669K(1013632K), 0.0154446 secs] [Times: user=0.11 sys=0.00, real=0.02 secs] 
2021-01-22T01:14:42.684+0800: 1.323: [GC (CMS Initial Mark) [1 CMS-initial-mark: 569726K(699072K)] 610857K(1013632K), 0.0015341 secs] [Times: user=0.00 sys=0.00, real=0.00 secs] 
2021-01-22T01:14:42.686+0800: 1.325: [CMS-concurrent-mark-start]
2021-01-22T01:14:42.688+0800: 1.327: [CMS-concurrent-mark: 0.002/0.002 secs] [Times: user=0.00 sys=0.00, real=0.01 secs] 
2021-01-22T01:14:42.689+0800: 1.327: [CMS-concurrent-preclean-start]
2021-01-22T01:14:42.690+0800: 1.328: [CMS-concurrent-preclean: 0.001/0.001 secs] [Times: user=0.01 sys=0.00, real=0.00 secs] 
2021-01-22T01:14:42.690+0800: 1.329: [CMS-concurrent-abortable-preclean-start]
2021-01-22T01:14:42.721+0800: 1.360: [GC (Allocation Failure) 2021-01-22T01:14:42.723+0800: 1.361: [ParNew: 314558K->34943K(314560K), 0.0157435 secs] 884285K->680416K(1013632K), 0.0173104 secs] [Times: user=0.09 sys=0.01, real=0.02 secs] 
2021-01-22T01:14:42.771+0800: 1.410: [GC (Allocation Failure) 2021-01-22T01:14:42.772+0800: 1.410: [ParNew: 314559K->314559K(314560K), 0.0003799 secs]2021-01-22T01:14:42.772+0800: 1.411: [CMS2021-01-22T01:14:42.773+0800: 1.411: [CMS-concurrent-abortable-preclean: 0.003/0.083 secs] [Times: user=0.16 sys=0.01, real=0.08 secs] 
 (concurrent mode failure): 645473K->366937K(699072K), 0.0456382 secs] 960032K->366937K(1013632K), [Metaspace: 2810K->2810K(1056768K)], 0.0471683 secs] [Times: user=0.04 sys=0.00, real=0.05 secs] 
2021-01-22T01:14:42.853+0800: 1.491: [GC (Allocation Failure) 2021-01-22T01:14:42.853+0800: 1.492: [ParNew: 279616K->34943K(314560K), 0.0115778 secs] 646553K->458358K(1013632K), 0.0123810 secs] [Times: user=0.09 sys=0.00, real=0.01 secs] 
2021-01-22T01:14:42.897+0800: 1.536: [GC (Allocation Failure) 2021-01-22T01:14:42.898+0800: 1.536: [ParNew: 314559K->34943K(314560K), 0.0141995 secs] 737974K->538573K(1013632K), 0.0150327 secs] [Times: user=0.10 sys=0.00, real=0.02 secs] 
2021-01-22T01:14:42.913+0800: 1.552: [GC (CMS Initial Mark) [1 CMS-initial-mark: 503629K(699072K)] 544338K(1013632K), 0.0014300 secs] [Times: user=0.00 sys=0.00, real=0.00 secs] 
2021-01-22T01:14:42.916+0800: 1.554: [CMS-concurrent-mark-start]
2021-01-22T01:14:42.918+0800: 1.556: [CMS-concurrent-mark: 0.002/0.002 secs] [Times: user=0.00 sys=0.00, real=0.00 secs] 
2021-01-22T01:14:42.918+0800: 1.557: [CMS-concurrent-preclean-start]
2021-01-22T01:14:42.919+0800: 1.557: [CMS-concurrent-preclean: 0.001/0.001 secs] [Times: user=0.00 sys=0.00, real=0.01 secs] 
2021-01-22T01:14:42.919+0800: 1.558: [CMS-concurrent-abortable-preclean-start]
2021-01-22T01:14:42.949+0800: 1.588: [GC (Allocation Failure) 2021-01-22T01:14:42.950+0800: 1.588: [ParNew: 314559K->34943K(314560K), 0.0139061 secs] 818189K->615518K(1013632K), 0.0147947 secs] [Times: user=0.10 sys=0.00, real=0.01 secs] 
2021-01-22T01:14:42.998+0800: 1.637: [GC (Allocation Failure) 2021-01-22T01:14:42.999+0800: 1.637: [ParNew: 314559K->34943K(314560K), 0.0147933 secs] 895134K->698066K(1013632K), 0.0157023 secs] [Times: user=0.11 sys=0.00, real=0.01 secs] 
2021-01-22T01:14:43.016+0800: 1.655: [CMS-concurrent-abortable-preclean: 0.005/0.097 secs] [Times: user=0.28 sys=0.00, real=0.09 secs] 
2021-01-22T01:14:43.017+0800: 1.655: [GC (CMS Final Remark) [YG occupancy: 49236 K (314560 K)]2021-01-22T01:14:43.017+0800: 1.656: [Rescan (parallel) , 0.0016917 secs]2021-01-22T01:14:43.019+0800: 1.658: [weak refs processing, 0.0003496 secs]2021-01-22T01:14:43.020+0800: 1.658: [class unloading, 0.0004383 secs]2021-01-22T01:14:43.021+0800: 1.659: [scrub symbol table, 0.0005452 secs]2021-01-22T01:14:43.021+0800: 1.660: [scrub string table, 0.0004368 secs][1 CMS-remark: 663123K(699072K)] 712359K(1013632K), 0.0052777 secs] [Times: user=0.00 sys=0.01, real=0.01 secs] 
2021-01-22T01:14:43.023+0800: 1.661: [CMS-concurrent-sweep-start]
2021-01-22T01:14:43.024+0800: 1.662: [CMS-concurrent-sweep: 0.001/0.001 secs] [Times: user=0.00 sys=0.00, real=0.00 secs] 
2021-01-22T01:14:43.024+0800: 1.662: [CMS-concurrent-reset-start]
2021-01-22T01:14:43.024+0800: 1.663: [CMS-concurrent-reset: 0.000/0.000 secs] [Times: user=0.00 sys=0.00, real=0.00 secs] 
2021-01-22T01:14:43.056+0800: 1.695: [GC (Allocation Failure) 2021-01-22T01:14:43.057+0800: 1.695: [ParNew: 314559K->34942K(314560K), 0.0152089 secs] 812661K->611048K(1013632K), 0.0160803 secs] [Times: user=0.12 sys=0.00, real=0.02 secs] 
2021-01-22T01:14:43.073+0800: 1.712: [GC (CMS Initial Mark) [1 CMS-initial-mark: 576105K(699072K)] 616714K(1013632K), 0.0015591 secs] [Times: user=0.00 sys=0.00, real=0.00 secs] 
2021-01-22T01:14:43.076+0800: 1.714: [CMS-concurrent-mark-start]
2021-01-22T01:14:43.078+0800: 1.716: [CMS-concurrent-mark: 0.002/0.002 secs] [Times: user=0.00 sys=0.00, real=0.00 secs] 
2021-01-22T01:14:43.078+0800: 1.717: [CMS-concurrent-preclean-start]
2021-01-22T01:14:43.079+0800: 1.718: [CMS-concurrent-preclean: 0.001/0.001 secs] [Times: user=0.00 sys=0.00, real=0.00 secs] 
2021-01-22T01:14:43.079+0800: 1.718: [CMS-concurrent-abortable-preclean-start]
2021-01-22T01:14:43.107+0800: 1.745: [GC (Allocation Failure) 2021-01-22T01:14:43.107+0800: 1.746: [ParNew: 314558K->34943K(314560K), 0.0140207 secs] 890664K->687866K(1013632K), 0.0148112 secs] [Times: user=0.10 sys=0.00, real=0.02 secs] 
2021-01-22T01:14:43.124+0800: 1.762: [CMS-concurrent-abortable-preclean: 0.002/0.044 secs] [Times: user=0.13 sys=0.00, real=0.04 secs] 
2021-01-22T01:14:43.125+0800: 1.763: [GC (CMS Final Remark) [YG occupancy: 58661 K (314560 K)]2021-01-22T01:14:43.125+0800: 1.764: [Rescan (parallel) , 0.0015696 secs]2021-01-22T01:14:43.127+0800: 1.765: [weak refs processing, 0.0003434 secs]2021-01-22T01:14:43.127+0800: 1.766: [class unloading, 0.0004726 secs]2021-01-22T01:14:43.128+0800: 1.767: [scrub symbol table, 0.0005195 secs]2021-01-22T01:14:43.129+0800: 1.768: [scrub string table, 0.0003890 secs][1 CMS-remark: 652922K(699072K)] 711584K(1013632K), 0.0049274 secs] [Times: user=0.00 sys=0.00, real=0.01 secs] 
2021-01-22T01:14:43.130+0800: 1.769: [CMS-concurrent-sweep-start]
2021-01-22T01:14:43.131+0800: 1.770: [CMS-concurrent-sweep: 0.001/0.001 secs] [Times: user=0.00 sys=0.00, real=0.00 secs] 
2021-01-22T01:14:43.132+0800: 1.770: [CMS-concurrent-reset-start]
2021-01-22T01:14:43.132+0800: 1.771: [CMS-concurrent-reset: 0.000/0.000 secs] [Times: user=0.00 sys=0.00, real=0.00 secs] 
2021-01-22T01:14:43.161+0800: 1.799: [GC (Allocation Failure) 2021-01-22T01:14:43.161+0800: 1.800: [ParNew: 314559K->34943K(314560K), 0.0142531 secs] 733648K->529208K(1013632K), 0.0150382 secs] [Times: user=0.11 sys=0.00, real=0.01 secs] 
2021-01-22T01:14:43.176+0800: 1.815: [GC (CMS Initial Mark) [1 CMS-initial-mark: 494264K(699072K)] 535032K(1013632K), 0.0011258 secs] [Times: user=0.00 sys=0.00, real=0.00 secs] 
2021-01-22T01:14:43.178+0800: 1.817: [CMS-concurrent-mark-start]
2021-01-22T01:14:43.180+0800: 1.819: [CMS-concurrent-mark: 0.002/0.002 secs] [Times: user=0.00 sys=0.01, real=0.00 secs] 
2021-01-22T01:14:43.181+0800: 1.819: [CMS-concurrent-preclean-start]
2021-01-22T01:14:43.182+0800: 1.820: [CMS-concurrent-preclean: 0.001/0.001 secs] [Times: user=0.00 sys=0.00, real=0.00 secs] 
2021-01-22T01:14:43.182+0800: 1.820: [CMS-concurrent-abortable-preclean-start]
2021-01-22T01:14:43.217+0800: 1.855: [GC (Allocation Failure) 2021-01-22T01:14:43.217+0800: 1.856: [ParNew: 314559K->34943K(314560K), 0.0231026 secs] 808824K->605681K(1013632K), 0.0240088 secs] [Times: user=0.15 sys=0.02, real=0.03 secs] 
2021-01-22T01:14:43.277+0800: 1.916: [GC (Allocation Failure) 2021-01-22T01:14:43.278+0800: 1.916: [ParNew: 314559K->34943K(314560K), 0.0154564 secs] 885297K->678963K(1013632K), 0.0162413 secs] [Times: user=0.11 sys=0.00, real=0.02 secs] 
2021-01-22T01:14:43.331+0800: 1.969: [GC (Allocation Failure) 2021-01-22T01:14:43.331+0800: 1.970: [ParNew: 314559K->314559K(314560K), 0.0002734 secs]2021-01-22T01:14:43.332+0800: 1.970: [CMS2021-01-22T01:14:43.332+0800: 1.971: [CMS-concurrent-abortable-preclean: 0.006/0.150 secs] [Times: user=0.37 sys=0.03, real=0.15 secs] 
 (concurrent mode failure): 644020K->377925K(699072K), 0.0492412 secs] 958579K->377925K(1013632K), [Metaspace: 2810K->2810K(1056768K)], 0.0506221 secs] [Times: user=0.05 sys=0.00, real=0.05 secs] 
2021-01-22T01:14:43.415+0800: 2.053: [GC (Allocation Failure) 2021-01-22T01:14:43.415+0800: 2.054: [ParNew: 279616K->34943K(314560K), 0.0128689 secs] 657541K->476368K(1013632K), 0.0137731 secs] [Times: user=0.10 sys=0.00, real=0.02 secs] 
2021-01-22T01:14:43.462+0800: 2.100: [GC (Allocation Failure) 2021-01-22T01:14:43.462+0800: 2.101: [ParNew: 314559K->34943K(314560K), 0.0149970 secs] 755984K->556541K(1013632K), 0.0157342 secs] [Times: user=0.11 sys=0.00, real=0.01 secs] 
2021-01-22T01:14:43.478+0800: 2.117: [GC (CMS Initial Mark) [1 CMS-initial-mark: 521598K(699072K)] 562441K(1013632K), 0.0013310 secs] [Times: user=0.00 sys=0.00, real=0.00 secs] 
2021-01-22T01:14:43.480+0800: 2.119: [CMS-concurrent-mark-start]
2021-01-22T01:14:43.482+0800: 2.121: [CMS-concurrent-mark: 0.002/0.002 secs] [Times: user=0.00 sys=0.00, real=0.00 secs] 
2021-01-22T01:14:43.483+0800: 2.121: [CMS-concurrent-preclean-start]
2021-01-22T01:14:43.484+0800: 2.122: [CMS-concurrent-preclean: 0.001/0.001 secs] [Times: user=0.00 sys=0.00, real=0.00 secs] 
2021-01-22T01:14:43.484+0800: 2.123: [CMS-concurrent-abortable-preclean-start]
2021-01-22T01:14:43.516+0800: 2.154: [GC (Allocation Failure) 2021-01-22T01:14:43.516+0800: 2.154: [ParNew: 314559K->34942K(314560K), 0.0134063 secs] 836157K->630372K(1013632K), 0.0141865 secs] [Times: user=0.10 sys=0.00, real=0.02 secs] 
2021-01-22T01:14:43.566+0800: 2.204: [GC (Allocation Failure) 2021-01-22T01:14:43.566+0800: 2.205: [ParNew: 314558K->34943K(314560K), 0.0153845 secs] 909988K->703099K(1013632K), 0.0161290 secs] [Times: user=0.12 sys=0.00, real=0.02 secs] 
2021-01-22T01:14:43.583+0800: 2.221: [CMS-concurrent-abortable-preclean: 0.003/0.099 secs] [Times: user=0.29 sys=0.00, real=0.10 secs] 
2021-01-22T01:14:43.599+0800: 2.237: [GC (CMS Final Remark) [YG occupancy: 175023 K (314560 K)]2021-01-22T01:14:43.599+0800: 2.238: [Rescan (parallel) , 0.0012514 secs]2021-01-22T01:14:43.601+0800: 2.239: [weak refs processing, 0.0003270 secs]2021-01-22T01:14:43.601+0800: 2.240: [class unloading, 0.0004402 secs]2021-01-22T01:14:43.602+0800: 2.241: [scrub symbol table, 0.0005988 secs]2021-01-22T01:14:43.603+0800: 2.241: [scrub string table, 0.0004369 secs][1 CMS-remark: 668156K(699072K)] 843179K(1013632K), 0.0049212 secs] [Times: user=0.01 sys=0.00, real=0.00 secs] 
2021-01-22T01:14:43.604+0800: 2.243: [CMS-concurrent-sweep-start]
2021-01-22T01:14:43.605+0800: 2.243: [CMS-concurrent-sweep: 0.001/0.001 secs] [Times: user=0.00 sys=0.00, real=0.00 secs] 
2021-01-22T01:14:43.605+0800: 2.244: [CMS-concurrent-reset-start]
2021-01-22T01:14:43.606+0800: 2.244: [CMS-concurrent-reset: 0.001/0.001 secs] [Times: user=0.00 sys=0.00, real=0.00 secs] 
2021-01-22T01:14:43.620+0800: 2.259: [GC (Allocation Failure) 2021-01-22T01:14:43.621+0800: 2.259: [ParNew: 314559K->34943K(314560K), 0.0150458 secs] 818571K->624379K(1013632K), 0.0158451 secs] [Times: user=0.11 sys=0.00, real=0.01 secs] 
2021-01-22T01:14:43.637+0800: 2.276: [GC (CMS Initial Mark) [1 CMS-initial-mark: 589435K(699072K)] 630141K(1013632K), 0.0013912 secs] [Times: user=0.00 sys=0.00, real=0.01 secs] 
2021-01-22T01:14:43.639+0800: 2.278: [CMS-concurrent-mark-start]
2021-01-22T01:14:43.642+0800: 2.280: [CMS-concurrent-mark: 0.002/0.002 secs] [Times: user=0.01 sys=0.00, real=0.00 secs] 
2021-01-22T01:14:43.642+0800: 2.281: [CMS-concurrent-preclean-start]
2021-01-22T01:14:43.643+0800: 2.282: [CMS-concurrent-preclean: 0.001/0.001 secs] [Times: user=0.00 sys=0.00, real=0.00 secs] 
2021-01-22T01:14:43.644+0800: 2.282: [CMS-concurrent-abortable-preclean-start]
2021-01-22T01:14:43.672+0800: 2.310: [GC (Allocation Failure) 2021-01-22T01:14:43.672+0800: 2.311: [ParNew: 314559K->34943K(314560K), 0.0146835 secs] 903995K->700029K(1013632K), 0.0155174 secs] [Times: user=0.11 sys=0.00, real=0.01 secs] 
2021-01-22T01:14:43.688+0800: 2.327: [CMS-concurrent-abortable-preclean: 0.001/0.045 secs] [Times: user=0.14 sys=0.00, real=0.04 secs] 
2021-01-22T01:14:43.689+0800: 2.327: [GC (CMS Final Remark) [YG occupancy: 40519 K (314560 K)]2021-01-22T01:14:43.689+0800: 2.328: [Rescan (parallel) , 0.0014523 secs]2021-01-22T01:14:43.691+0800: 2.329: [weak refs processing, 0.0003500 secs]2021-01-22T01:14:43.692+0800: 2.330: [class unloading, 0.0005394 secs]2021-01-22T01:14:43.692+0800: 2.331: [scrub symbol table, 0.0006640 secs]2021-01-22T01:14:43.694+0800: 2.332: [scrub string table, 0.0004469 secs][1 CMS-remark: 665086K(699072K)] 705605K(1013632K), 0.0056121 secs] [Times: user=0.01 sys=0.00, real=0.00 secs] 
2021-01-22T01:14:43.695+0800: 2.334: [CMS-concurrent-sweep-start]
2021-01-22T01:14:43.696+0800: 2.335: [CMS-concurrent-sweep: 0.001/0.001 secs] [Times: user=0.00 sys=0.00, real=0.00 secs] 
2021-01-22T01:14:43.696+0800: 2.335: [CMS-concurrent-reset-start]
2021-01-22T01:14:43.697+0800: 2.335: [CMS-concurrent-reset: 0.000/0.000 secs] [Times: user=0.00 sys=0.00, real=0.00 secs] 
2021-01-22T01:14:43.728+0800: 2.367: [GC (Allocation Failure) 2021-01-22T01:14:43.733+0800: 2.371: [ParNew: 314559K->34943K(314560K), 0.0145756 secs] 726369K->529283K(1013632K), 0.0195935 secs] [Times: user=0.11 sys=0.00, real=0.01 secs] 
2021-01-22T01:14:43.749+0800: 2.387: [GC (CMS Initial Mark) [1 CMS-initial-mark: 494340K(699072K)] 535665K(1013632K), 0.0015698 secs] [Times: user=0.01 sys=0.00, real=0.00 secs] 
2021-01-22T01:14:43.751+0800: 2.390: [CMS-concurrent-mark-start]
2021-01-22T01:14:43.753+0800: 2.392: [CMS-concurrent-mark: 0.002/0.002 secs] [Times: user=0.00 sys=0.00, real=0.00 secs] 
2021-01-22T01:14:43.754+0800: 2.392: [CMS-concurrent-preclean-start]
2021-01-22T01:14:43.755+0800: 2.393: [CMS-concurrent-preclean: 0.001/0.001 secs] [Times: user=0.00 sys=0.00, real=0.00 secs] 
2021-01-22T01:14:43.755+0800: 2.394: [CMS-concurrent-abortable-preclean-start]
2021-01-22T01:14:43.784+0800: 2.422: [GC (Allocation Failure) 2021-01-22T01:14:43.784+0800: 2.423: [ParNew: 314559K->34942K(314560K), 0.0147485 secs] 808899K->606939K(1013632K), 0.0155648 secs] [Times: user=0.11 sys=0.00, real=0.02 secs] 
2021-01-22T01:14:43.834+0800: 2.472: [GC (Allocation Failure) 2021-01-22T01:14:43.834+0800: 2.473: [ParNew: 314558K->34943K(314560K), 0.0153465 secs] 886555K->693760K(1013632K), 0.0160539 secs] [Times: user=0.10 sys=0.01, real=0.02 secs] 
2021-01-22T01:14:43.852+0800: 2.490: [CMS-concurrent-abortable-preclean: 0.004/0.097 secs] [Times: user=0.28 sys=0.01, real=0.10 secs] 
2021-01-22T01:14:43.853+0800: 2.491: [GC (CMS Final Remark) [YG occupancy: 53156 K (314560 K)]2021-01-22T01:14:43.853+0800: 2.492: [Rescan (parallel) , 0.0053525 secs]2021-01-22T01:14:43.859+0800: 2.497: [weak refs processing, 0.0004020 secs]2021-01-22T01:14:43.860+0800: 2.498: [class unloading, 0.0004071 secs]2021-01-22T01:14:43.860+0800: 2.499: [scrub symbol table, 0.0004947 secs]2021-01-22T01:14:43.861+0800: 2.500: [scrub string table, 0.0003873 secs][1 CMS-remark: 658816K(699072K)] 711972K(1013632K), 0.0088701 secs] [Times: user=0.02 sys=0.02, real=0.01 secs] 
2021-01-22T01:14:43.862+0800: 2.501: [CMS-concurrent-sweep-start]
2021-01-22T01:14:43.863+0800: 2.502: [CMS-concurrent-sweep: 0.001/0.001 secs] [Times: user=0.00 sys=0.00, real=0.00 secs] 
2021-01-22T01:14:43.864+0800: 2.502: [CMS-concurrent-reset-start]
2021-01-22T01:14:43.864+0800: 2.503: [CMS-concurrent-reset: 0.001/0.001 secs] [Times: user=0.00 sys=0.00, real=0.00 secs] 
2021-01-22T01:14:43.895+0800: 2.533: [GC (Allocation Failure) 2021-01-22T01:14:43.895+0800: 2.534: [ParNew: 314559K->34943K(314560K), 0.0133052 secs] 823936K->613268K(1013632K), 0.0140488 secs] [Times: user=0.09 sys=0.00, real=0.02 secs] 
2021-01-22T01:14:43.910+0800: 2.548: [GC (CMS Initial Mark) [1 CMS-initial-mark: 578324K(699072K)] 619561K(1013632K), 0.0011557 secs] [Times: user=0.01 sys=0.00, real=0.00 secs] 
2021-01-22T01:14:43.912+0800: 2.550: [CMS-concurrent-mark-start]
2021-01-22T01:14:43.914+0800: 2.552: [CMS-concurrent-mark: 0.002/0.002 secs] [Times: user=0.00 sys=0.00, real=0.00 secs] 
2021-01-22T01:14:43.914+0800: 2.553: [CMS-concurrent-preclean-start]
2021-01-22T01:14:43.915+0800: 2.554: [CMS-concurrent-preclean: 0.001/0.001 secs] [Times: user=0.00 sys=0.00, real=0.00 secs] 
2021-01-22T01:14:43.916+0800: 2.554: [CMS-concurrent-abortable-preclean-start]
2021-01-22T01:14:43.946+0800: 2.585: [GC (Allocation Failure) 2021-01-22T01:14:43.947+0800: 2.585: [ParNew: 314559K->34942K(314560K), 0.0138840 secs] 892884K->683431K(1013632K), 0.0148302 secs] [Times: user=0.10 sys=0.00, real=0.02 secs] 
2021-01-22T01:14:43.999+0800: 2.637: [GC (Allocation Failure) 2021-01-22T01:14:43.999+0800: 2.638: [ParNew: 314558K->314558K(314560K), 0.0002888 secs]2021-01-22T01:14:44.000+0800: 2.638: [CMS2021-01-22T01:14:44.000+0800: 2.639: [CMS-concurrent-abortable-preclean: 0.004/0.085 secs] [Times: user=0.18 sys=0.00, real=0.09 secs] 
 (concurrent mode failure): 648489K->371463K(699072K), 0.0473431 secs] 963047K->371463K(1013632K), [Metaspace: 2810K->2810K(1056768K)], 0.0487733 secs] [Times: user=0.04 sys=0.00, real=0.04 secs] 
2021-01-22T01:14:44.080+0800: 2.719: [GC (Allocation Failure) 2021-01-22T01:14:44.080+0800: 2.719: [ParNew: 279515K->34943K(314560K), 0.0117530 secs] 650978K->464526K(1013632K), 0.0126363 secs] [Times: user=0.07 sys=0.01, real=0.01 secs] 
2021-01-22T01:14:44.125+0800: 2.764: [GC (Allocation Failure) 2021-01-22T01:14:44.126+0800: 2.764: [ParNew: 314559K->34943K(314560K), 0.0144750 secs] 744142K->544083K(1013632K), 0.0153013 secs] [Times: user=0.10 sys=0.00, real=0.02 secs] 
2021-01-22T01:14:44.142+0800: 2.780: [GC (CMS Initial Mark) [1 CMS-initial-mark: 509140K(699072K)] 549744K(1013632K), 0.0015547 secs] [Times: user=0.01 sys=0.00, real=0.00 secs] 
2021-01-22T01:14:44.144+0800: 2.782: [CMS-concurrent-mark-start]
2021-01-22T01:14:44.146+0800: 2.784: [CMS-concurrent-mark: 0.002/0.002 secs] [Times: user=0.00 sys=0.00, real=0.00 secs] 
2021-01-22T01:14:44.146+0800: 2.785: [CMS-concurrent-preclean-start]
2021-01-22T01:14:44.147+0800: 2.786: [CMS-concurrent-preclean: 0.001/0.001 secs] [Times: user=0.00 sys=0.00, real=0.00 secs] 
2021-01-22T01:14:44.148+0800: 2.786: [CMS-concurrent-abortable-preclean-start]
2021-01-22T01:14:44.178+0800: 2.817: [GC (Allocation Failure) 2021-01-22T01:14:44.178+0800: 2.817: [ParNew: 314559K->34942K(314560K), 0.0145343 secs] 823699K->627272K(1013632K), 0.0153245 secs] [Times: user=0.10 sys=0.00, real=0.02 secs] 
2021-01-22T01:14:44.226+0800: 2.865: [GC (Allocation Failure) 2021-01-22T01:14:44.227+0800: 2.865: [ParNew: 314558K->34943K(314560K), 0.0138197 secs] 906888K->707108K(1013632K), 0.0147189 secs] [Times: user=0.10 sys=0.00, real=0.02 secs] 
2021-01-22T01:14:44.242+0800: 2.880: [CMS-concurrent-abortable-preclean: 0.003/0.094 secs] [Times: user=0.28 sys=0.00, real=0.10 secs] 
2021-01-22T01:14:44.242+0800: 2.881: [GC (CMS Final Remark) [YG occupancy: 40934 K (314560 K)]2021-01-22T01:14:44.242+0800: 2.881: [Rescan (parallel) , 0.0015081 secs]2021-01-22T01:14:44.244+0800: 2.883: [weak refs processing, 0.0002452 secs]2021-01-22T01:14:44.245+0800: 2.883: [class unloading, 0.0004748 secs]2021-01-22T01:14:44.246+0800: 2.884: [scrub symbol table, 0.0005480 secs]2021-01-22T01:14:44.246+0800: 2.885: [scrub string table, 0.0005631 secs][1 CMS-remark: 672164K(699072K)] 713099K(1013632K), 0.0050471 secs] [Times: user=0.01 sys=0.00, real=0.00 secs] 
2021-01-22T01:14:44.248+0800: 2.887: [CMS-concurrent-sweep-start]
2021-01-22T01:14:44.249+0800: 2.887: [CMS-concurrent-sweep: 0.001/0.001 secs] [Times: user=0.00 sys=0.00, real=0.00 secs] 
2021-01-22T01:14:44.249+0800: 2.888: [CMS-concurrent-reset-start]
2021-01-22T01:14:44.250+0800: 2.888: [CMS-concurrent-reset: 0.000/0.000 secs] [Times: user=0.00 sys=0.00, real=0.00 secs] 
2021-01-22T01:14:44.282+0800: 2.920: [GC (Allocation Failure) 2021-01-22T01:14:44.282+0800: 2.921: [ParNew: 314559K->34944K(314560K), 0.0140642 secs] 818420K->615081K(1013632K), 0.0148248 secs] [Times: user=0.10 sys=0.00, real=0.01 secs] 
2021-01-22T01:14:44.298+0800: 2.936: [GC (CMS Initial Mark) [1 CMS-initial-mark: 580137K(699072K)] 620695K(1013632K), 0.0013066 secs] [Times: user=0.00 sys=0.00, real=0.01 secs] 
2021-01-22T01:14:44.300+0800: 2.938: [CMS-concurrent-mark-start]
2021-01-22T01:14:44.302+0800: 2.940: [CMS-concurrent-mark: 0.002/0.002 secs] [Times: user=0.00 sys=0.00, real=0.00 secs] 
2021-01-22T01:14:44.302+0800: 2.941: [CMS-concurrent-preclean-start]
2021-01-22T01:14:44.303+0800: 2.941: [CMS-concurrent-preclean: 0.001/0.001 secs] [Times: user=0.00 sys=0.00, real=0.00 secs] 
2021-01-22T01:14:44.303+0800: 2.942: [CMS-concurrent-abortable-preclean-start]
2021-01-22T01:14:44.334+0800: 2.972: [GC (Allocation Failure) 2021-01-22T01:14:44.334+0800: 2.973: [ParNew: 314560K->34943K(314560K), 0.0159120 secs] 894697K->688756K(1013632K), 0.0167303 secs] [Times: user=0.11 sys=0.00, real=0.02 secs] 
2021-01-22T01:14:44.353+0800: 2.991: [CMS-concurrent-abortable-preclean: 0.002/0.049 secs] [Times: user=0.15 sys=0.00, real=0.05 secs] 
2021-01-22T01:14:44.354+0800: 2.992: [GC (CMS Final Remark) [YG occupancy: 53251 K (314560 K)]2021-01-22T01:14:44.354+0800: 2.992: [Rescan (parallel) , 0.0008941 secs]2021-01-22T01:14:44.355+0800: 2.994: [weak refs processing, 0.0003580 secs]2021-01-22T01:14:44.356+0800: 2.994: [class unloading, 0.0003909 secs]2021-01-22T01:14:44.356+0800: 2.995: [scrub symbol table, 0.0006123 secs]2021-01-22T01:14:44.357+0800: 2.996: [scrub string table, 0.0004032 secs][1 CMS-remark: 653813K(699072K)] 707064K(1013632K), 0.0041551 secs] [Times: user=0.01 sys=0.00, real=0.00 secs] 
2021-01-22T01:14:44.358+0800: 2.997: [CMS-concurrent-sweep-start]
2021-01-22T01:14:44.359+0800: 2.998: [CMS-concurrent-sweep: 0.001/0.001 secs] [Times: user=0.00 sys=0.00, real=0.00 secs] 
2021-01-22T01:14:44.359+0800: 2.998: [CMS-concurrent-reset-start]
2021-01-22T01:14:44.360+0800: 2.998: [CMS-concurrent-reset: 0.000/0.000 secs] [Times: user=0.00 sys=0.00, real=0.00 secs] 
2021-01-22T01:14:44.395+0800: 3.033: [GC (Allocation Failure) 2021-01-22T01:14:44.395+0800: 3.034: [ParNew: 314559K->34941K(314560K), 0.0200414 secs] 719675K->511870K(1013632K), 0.0208062 secs] [Times: user=0.16 sys=0.00, real=0.02 secs] 
2021-01-22T01:14:44.417+0800: 3.055: [GC (CMS Initial Mark) [1 CMS-initial-mark: 476929K(699072K)] 517928K(1013632K), 0.0017245 secs] [Times: user=0.00 sys=0.00, real=0.01 secs] 
2021-01-22T01:14:44.419+0800: 3.058: [CMS-concurrent-mark-start]
2021-01-22T01:14:44.422+0800: 3.060: [CMS-concurrent-mark: 0.002/0.002 secs] [Times: user=0.00 sys=0.00, real=0.00 secs] 
2021-01-22T01:14:44.422+0800: 3.061: [CMS-concurrent-preclean-start]
2021-01-22T01:14:44.423+0800: 3.061: [CMS-concurrent-preclean: 0.001/0.001 secs] [Times: user=0.00 sys=0.00, real=0.00 secs] 
2021-01-22T01:14:44.423+0800: 3.062: [CMS-concurrent-abortable-preclean-start]
2021-01-22T01:14:44.457+0800: 3.095: [GC (Allocation Failure) 2021-01-22T01:14:44.457+0800: 3.096: [ParNew: 314557K->34943K(314560K), 0.0144180 secs] 791486K->590602K(1013632K), 0.0152175 secs] [Times: user=0.11 sys=0.00, real=0.02 secs] 
2021-01-22T01:14:44.507+0800: 3.145: [GC (Allocation Failure) 2021-01-22T01:14:44.507+0800: 3.146: [ParNew: 314559K->34943K(314560K), 0.0136485 secs] 870218K->667361K(1013632K), 0.0144331 secs] [Times: user=0.10 sys=0.00, real=0.02 secs] 
2021-01-22T01:14:44.555+0800: 3.194: [GC (Allocation Failure) 2021-01-22T01:14:44.556+0800: 3.194: [ParNew: 314559K->314559K(314560K), 0.0002753 secs]2021-01-22T01:14:44.556+0800: 3.195: [CMS2021-01-22T01:14:44.557+0800: 3.195: [CMS-concurrent-abortable-preclean: 0.005/0.133 secs] [Times: user=0.33 sys=0.00, real=0.13 secs] 
 (concurrent mode failure): 632418K->357925K(699072K), 0.0470690 secs] 946977K->357925K(1013632K), [Metaspace: 2810K->2810K(1056768K)], 0.0484390 secs] [Times: user=0.04 sys=0.00, real=0.05 secs] 
2021-01-22T01:14:44.639+0800: 3.277: [GC (Allocation Failure) 2021-01-22T01:14:44.639+0800: 3.278: [ParNew: 279616K->34942K(314560K), 0.0108592 secs] 637541K->437527K(1013632K), 0.0117570 secs] [Times: user=0.08 sys=0.00, real=0.01 secs] 
2021-01-22T01:14:44.684+0800: 3.322: [GC (Allocation Failure) 2021-01-22T01:14:44.684+0800: 3.323: [ParNew: 314558K->34942K(314560K), 0.0150277 secs] 717143K->520105K(1013632K), 0.0158764 secs] [Times: user=0.11 sys=0.00, real=0.02 secs] 
2021-01-22T01:14:44.701+0800: 3.339: [GC (CMS Initial Mark) [1 CMS-initial-mark: 485162K(699072K)] 525858K(1013632K), 0.0016520 secs] [Times: user=0.00 sys=0.00, real=0.00 secs] 
2021-01-22T01:14:44.703+0800: 3.342: [CMS-concurrent-mark-start]
2021-01-22T01:14:44.705+0800: 3.344: [CMS-concurrent-mark: 0.002/0.002 secs] [Times: user=0.01 sys=0.00, real=0.00 secs] 
2021-01-22T01:14:44.705+0800: 3.344: [CMS-concurrent-preclean-start]
2021-01-22T01:14:44.706+0800: 3.345: [CMS-concurrent-preclean: 0.001/0.001 secs] [Times: user=0.00 sys=0.00, real=0.00 secs] 
2021-01-22T01:14:44.707+0800: 3.345: [CMS-concurrent-abortable-preclean-start]
2021-01-22T01:14:44.735+0800: 3.373: [GC (Allocation Failure) 2021-01-22T01:14:44.741+0800: 3.380: [ParNew: 314558K->34942K(314560K), 0.0154816 secs] 799721K->608004K(1013632K), 0.0223859 secs] [Times: user=0.12 sys=0.00, real=0.02 secs] 
2021-01-22T01:14:44.792+0800: 3.431: [GC (Allocation Failure) 2021-01-22T01:14:44.793+0800: 3.431: [ParNew: 314558K->34943K(314560K), 0.0142140 secs] 887620K->684733K(1013632K), 0.0150283 secs] [Times: user=0.10 sys=0.00, real=0.01 secs] 
2021-01-22T01:14:44.843+0800: 3.481: [GC (Allocation Failure) 2021-01-22T01:14:44.843+0800: 3.482: [ParNew: 314168K->314168K(314560K), 0.0004748 secs]2021-01-22T01:14:44.844+0800: 3.482: [CMS2021-01-22T01:14:44.844+0800: 3.483: [CMS-concurrent-abortable-preclean: 0.006/0.137 secs] [Times: user=0.33 sys=0.01, real=0.14 secs] 
 (concurrent mode failure): 649790K->374694K(699072K), 0.0484941 secs] 963958K->374694K(1013632K), [Metaspace: 2817K->2817K(1056768K)], 0.0500765 secs] [Times: user=0.05 sys=0.01, real=0.05 secs] 
2021-01-22T01:14:44.924+0800: 3.563: [GC (Allocation Failure) 2021-01-22T01:14:44.925+0800: 3.564: [ParNew: 279616K->34943K(314560K), 0.0118214 secs] 654310K->468790K(1013632K), 0.0128938 secs] [Times: user=0.08 sys=0.00, real=0.01 secs] 
2021-01-22T01:14:44.970+0800: 3.609: [GC (Allocation Failure) 2021-01-22T01:14:44.971+0800: 3.609: [ParNew: 314559K->34943K(314560K), 0.0147144 secs] 748406K->552772K(1013632K), 0.0156714 secs] [Times: user=0.12 sys=0.00, real=0.01 secs] 
2021-01-22T01:14:44.987+0800: 3.626: [GC (CMS Initial Mark) [1 CMS-initial-mark: 517828K(699072K)] 559121K(1013632K), 0.0015642 secs] [Times: user=0.00 sys=0.00, real=0.01 secs] 
2021-01-22T01:14:44.989+0800: 3.628: [CMS-concurrent-mark-start]
2021-01-22T01:14:44.992+0800: 3.630: [CMS-concurrent-mark: 0.002/0.002 secs] [Times: user=0.00 sys=0.00, real=0.00 secs] 
2021-01-22T01:14:44.992+0800: 3.631: [CMS-concurrent-preclean-start]
2021-01-22T01:14:44.993+0800: 3.632: [CMS-concurrent-preclean: 0.001/0.001 secs] [Times: user=0.00 sys=0.00, real=0.00 secs] 
2021-01-22T01:14:44.994+0800: 3.632: [CMS-concurrent-abortable-preclean-start]
2021-01-22T01:14:45.022+0800: 3.660: [GC (Allocation Failure) 2021-01-22T01:14:45.022+0800: 3.661: [ParNew: 314132K->34943K(314560K), 0.0140813 secs] 831961K->628169K(1013632K), 0.0149620 secs] [Times: user=0.10 sys=0.00, real=0.01 secs] 
2021-01-22T01:14:45.073+0800: 3.711: [GC (Allocation Failure) 2021-01-22T01:14:45.073+0800: 3.712: [ParNew: 314559K->34943K(314560K), 0.0127563 secs] 907785K->695206K(1013632K), 0.0136399 secs] [Times: user=0.09 sys=0.00, real=0.01 secs] 
2021-01-22T01:14:45.088+0800: 3.727: [CMS-concurrent-abortable-preclean: 0.004/0.094 secs] [Times: user=0.27 sys=0.00, real=0.10 secs] 
2021-01-22T01:14:45.089+0800: 3.728: [GC (CMS Final Remark) [YG occupancy: 54255 K (314560 K)]2021-01-22T01:14:45.090+0800: 3.728: [Rescan (parallel) , 0.0022168 secs]2021-01-22T01:14:45.092+0800: 3.731: [weak refs processing, 0.0003161 secs]2021-01-22T01:14:45.093+0800: 3.731: [class unloading, 0.0004331 secs]2021-01-22T01:14:45.093+0800: 3.732: [scrub symbol table, 0.0006065 secs]2021-01-22T01:14:45.094+0800: 3.733: [scrub string table, 0.0004685 secs][1 CMS-remark: 660263K(699072K)] 714519K(1013632K), 0.0058541 secs] [Times: user=0.01 sys=0.00, real=0.00 secs] 
2021-01-22T01:14:45.096+0800: 3.734: [CMS-concurrent-sweep-start]
2021-01-22T01:14:45.096+0800: 3.735: [CMS-concurrent-sweep: 0.001/0.001 secs] [Times: user=0.00 sys=0.00, real=0.00 secs] 
2021-01-22T01:14:45.097+0800: 3.735: [CMS-concurrent-reset-start]
2021-01-22T01:14:45.097+0800: 3.736: [CMS-concurrent-reset: 0.001/0.001 secs] [Times: user=0.00 sys=0.00, real=0.00 secs] 
2021-01-22T01:14:45.127+0800: 3.766: [GC (Allocation Failure) 2021-01-22T01:14:45.128+0800: 3.766: [ParNew: 314559K->34943K(314560K), 0.0151151 secs] 797618K->599130K(1013632K), 0.0159309 secs] [Times: user=0.11 sys=0.00, real=0.02 secs] 
2021-01-22T01:14:45.144+0800: 3.783: [GC (CMS Initial Mark) [1 CMS-initial-mark: 564186K(699072K)] 605028K(1013632K), 0.0014800 secs] [Times: user=0.00 sys=0.00, real=0.00 secs] 
2021-01-22T01:14:45.147+0800: 3.785: [CMS-concurrent-mark-start]
2021-01-22T01:14:45.149+0800: 3.787: [CMS-concurrent-mark: 0.002/0.002 secs] [Times: user=0.00 sys=0.00, real=0.01 secs] 
2021-01-22T01:14:45.149+0800: 3.788: [CMS-concurrent-preclean-start]
2021-01-22T01:14:45.150+0800: 3.789: [CMS-concurrent-preclean: 0.001/0.001 secs] [Times: user=0.01 sys=0.00, real=0.00 secs] 
2021-01-22T01:14:45.151+0800: 3.789: [CMS-concurrent-abortable-preclean-start]
2021-01-22T01:14:45.180+0800: 3.819: [GC (Allocation Failure) 2021-01-22T01:14:45.181+0800: 3.819: [ParNew: 314559K->34943K(314560K), 0.0146385 secs] 878746K->675403K(1013632K), 0.0154943 secs] [Times: user=0.11 sys=0.00, real=0.01 secs] 
2021-01-22T01:14:45.229+0800: 3.868: [GC (Allocation Failure) 2021-01-22T01:14:45.230+0800: 3.868: [ParNew: 314559K->314559K(314560K), 0.0004795 secs]2021-01-22T01:14:45.230+0800: 3.869: [CMS2021-01-22T01:14:45.231+0800: 3.869: [CMS-concurrent-abortable-preclean: 0.003/0.080 secs] [Times: user=0.17 sys=0.00, real=0.08 secs] 
 (concurrent mode failure): 640459K->364289K(699072K), 0.0462060 secs] 955019K->364289K(1013632K), [Metaspace: 2817K->2817K(1056768K)], 0.0479206 secs] [Times: user=0.05 sys=0.00, real=0.04 secs] 
2021-01-22T01:14:45.312+0800: 3.950: [GC (Allocation Failure) 2021-01-22T01:14:45.312+0800: 3.951: [ParNew: 279616K->34942K(314560K), 0.0103092 secs] 643905K->444811K(1013632K), 0.0112620 secs] [Times: user=0.08 sys=0.00, real=0.01 secs] 
2021-01-22T01:14:45.356+0800: 3.995: [GC (Allocation Failure) 2021-01-22T01:14:45.357+0800: 3.995: [ParNew: 314558K->34943K(314560K), 0.0148659 secs] 724427K->519782K(1013632K), 0.0156564 secs] [Times: user=0.11 sys=0.00, real=0.02 secs] 
2021-01-22T01:14:45.373+0800: 4.011: [GC (CMS Initial Mark) [1 CMS-initial-mark: 484838K(699072K)] 526031K(1013632K), 0.0016382 secs] [Times: user=0.00 sys=0.00, real=0.00 secs] 
2021-01-22T01:14:45.375+0800: 4.014: [CMS-concurrent-mark-start]
2021-01-22T01:14:45.377+0800: 4.016: [CMS-concurrent-mark: 0.002/0.002 secs] [Times: user=0.00 sys=0.00, real=0.00 secs] 
2021-01-22T01:14:45.377+0800: 4.016: [CMS-concurrent-preclean-start]
2021-01-22T01:14:45.378+0800: 4.017: [CMS-concurrent-preclean: 0.001/0.001 secs] [Times: user=0.00 sys=0.00, real=0.01 secs] 
2021-01-22T01:14:45.379+0800: 4.017: [CMS-concurrent-abortable-preclean-start]
2021-01-22T01:14:45.408+0800: 4.047: [GC (Allocation Failure) 2021-01-22T01:14:45.409+0800: 4.047: [ParNew: 314559K->34943K(314560K), 0.0141800 secs] 799398K->598212K(1013632K), 0.0150004 secs] [Times: user=0.10 sys=0.01, real=0.01 secs] 
2021-01-22T01:14:45.458+0800: 4.097: [GC (Allocation Failure) 2021-01-22T01:14:45.459+0800: 4.097: [ParNew: 314559K->34943K(314560K), 0.0160664 secs] 877828K->673034K(1013632K), 0.0170331 secs] [Times: user=0.12 sys=0.00, real=0.01 secs] 
2021-01-22T01:14:45.512+0800: 4.151: [GC (Allocation Failure) 2021-01-22T01:14:45.512+0800: 4.151: [ParNew: 314559K->314559K(314560K), 0.0002623 secs]2021-01-22T01:14:45.513+0800: 4.151: [CMS2021-01-22T01:14:45.513+0800: 4.152: [CMS-concurrent-abortable-preclean: 0.005/0.135 secs] [Times: user=0.32 sys=0.01, real=0.13 secs] 
 (concurrent mode failure): 638090K->385778K(699072K), 0.0525698 secs] 952650K->385778K(1013632K), [Metaspace: 2817K->2817K(1056768K)], 0.0537900 secs] [Times: user=0.05 sys=0.00, real=0.05 secs] 
2021-01-22T01:14:45.601+0800: 4.240: [GC (Allocation Failure) 2021-01-22T01:14:45.602+0800: 4.240: [ParNew: 279616K->34943K(314560K), 0.0118408 secs] 665394K->478952K(1013632K), 0.0125973 secs] [Times: user=0.08 sys=0.00, real=0.01 secs] 
2021-01-22T01:14:45.648+0800: 4.286: [GC (Allocation Failure) 2021-01-22T01:14:45.648+0800: 4.287: [ParNew: 314559K->34943K(314560K), 0.0138379 secs] 758568K->554082K(1013632K), 0.0146705 secs] [Times: user=0.10 sys=0.00, real=0.02 secs] 
2021-01-22T01:14:45.664+0800: 4.302: [GC (CMS Initial Mark) [1 CMS-initial-mark: 519138K(699072K)] 559828K(1013632K), 0.0015107 secs] [Times: user=0.00 sys=0.00, real=0.00 secs] 
2021-01-22T01:14:45.666+0800: 4.304: [CMS-concurrent-mark-start]
2021-01-22T01:14:45.668+0800: 4.306: [CMS-concurrent-mark: 0.002/0.002 secs] [Times: user=0.01 sys=0.00, real=0.00 secs] 
2021-01-22T01:14:45.668+0800: 4.307: [CMS-concurrent-preclean-start]
2021-01-22T01:14:45.669+0800: 4.308: [CMS-concurrent-preclean: 0.001/0.001 secs] [Times: user=0.00 sys=0.00, real=0.00 secs] 
2021-01-22T01:14:45.669+0800: 4.308: [CMS-concurrent-abortable-preclean-start]
2021-01-22T01:14:45.699+0800: 4.338: [GC (Allocation Failure) 2021-01-22T01:14:45.699+0800: 4.338: [ParNew: 314559K->34943K(314560K), 0.0151867 secs] 833698K->634150K(1013632K), 0.0160272 secs] [Times: user=0.11 sys=0.00, real=0.01 secs] 
2021-01-22T01:14:45.754+0800: 4.392: [GC (Allocation Failure) 2021-01-22T01:14:45.754+0800: 4.393: [ParNew: 314559K->314559K(314560K), 0.0003536 secs]2021-01-22T01:14:45.755+0800: 4.393: [CMS2021-01-22T01:14:45.755+0800: 4.394: [CMS-concurrent-abortable-preclean: 0.003/0.086 secs] [Times: user=0.18 sys=0.00, real=0.08 secs] 
 (concurrent mode failure): 599207K->383104K(699072K), 0.0496381 secs] 913766K->383104K(1013632K), [Metaspace: 2817K->2817K(1056768K)], 0.0511337 secs] [Times: user=0.05 sys=0.00, real=0.05 secs] 
2021-01-22T01:14:45.837+0800: 4.476: [GC (Allocation Failure) 2021-01-22T01:14:45.838+0800: 4.476: [ParNew: 279616K->34943K(314560K), 0.0118780 secs] 662720K->475660K(1013632K), 0.0127389 secs] [Times: user=0.08 sys=0.01, real=0.02 secs] 
2021-01-22T01:14:45.885+0800: 4.523: [GC (Allocation Failure) 2021-01-22T01:14:45.885+0800: 4.524: [ParNew: 314559K->34943K(314560K), 0.0143962 secs] 755276K->555178K(1013632K), 0.0152308 secs] [Times: user=0.11 sys=0.00, real=0.02 secs] 
2021-01-22T01:14:45.901+0800: 4.540: [GC (CMS Initial Mark) [1 CMS-initial-mark: 520235K(699072K)] 561027K(1013632K), 0.0014804 secs] [Times: user=0.00 sys=0.00, real=0.00 secs] 
2021-01-22T01:14:45.904+0800: 4.542: [CMS-concurrent-mark-start]
2021-01-22T01:14:45.907+0800: 4.545: [CMS-concurrent-mark: 0.003/0.003 secs] [Times: user=0.01 sys=0.00, real=0.00 secs] 
2021-01-22T01:14:45.907+0800: 4.546: [CMS-concurrent-preclean-start]
2021-01-22T01:14:45.908+0800: 4.546: [CMS-concurrent-preclean: 0.001/0.001 secs] [Times: user=0.00 sys=0.00, real=0.00 secs] 
2021-01-22T01:14:45.908+0800: 4.547: [CMS-concurrent-abortable-preclean-start]
2021-01-22T01:14:45.939+0800: 4.577: [GC (Allocation Failure) 2021-01-22T01:14:45.939+0800: 4.577: [ParNew: 314559K->34943K(314560K), 0.0141158 secs] 834794K->631800K(1013632K), 0.0148396 secs] [Times: user=0.10 sys=0.00, real=0.01 secs] 
2021-01-22T01:14:45.986+0800: 4.625: [GC (Allocation Failure) 2021-01-22T01:14:45.987+0800: 4.625: [ParNew: 314559K->34943K(314560K), 0.0140750 secs] 911416K->709681K(1013632K), 0.0149267 secs] [Times: user=0.10 sys=0.00, real=0.02 secs] 
2021-01-22T01:14:46.002+0800: 4.640: [CMS-concurrent-abortable-preclean: 0.003/0.094 secs] [Times: user=0.27 sys=0.00, real=0.09 secs] 
2021-01-22T01:14:46.002+0800: 4.641: [GC (CMS Final Remark) [YG occupancy: 40784 K (314560 K)]2021-01-22T01:14:46.003+0800: 4.641: [Rescan (parallel) , 0.0012433 secs]2021-01-22T01:14:46.004+0800: 4.643: [weak refs processing, 0.0003148 secs]2021-01-22T01:14:46.005+0800: 4.643: [class unloading, 0.0004367 secs]2021-01-22T01:14:46.006+0800: 4.644: [scrub symbol table, 0.0005828 secs]2021-01-22T01:14:46.006+0800: 4.645: [scrub string table, 0.0004070 secs][1 CMS-remark: 674737K(699072K)] 715521K(1013632K), 0.0048541 secs] [Times: user=0.00 sys=0.00, real=0.00 secs] 
2021-01-22T01:14:46.008+0800: 4.647: [CMS-concurrent-sweep-start]
2021-01-22T01:14:46.009+0800: 4.647: [CMS-concurrent-sweep: 0.001/0.001 secs] [Times: user=0.00 sys=0.00, real=0.00 secs] 
2021-01-22T01:14:46.009+0800: 4.648: [CMS-concurrent-reset-start]
2021-01-22T01:14:46.010+0800: 4.648: [CMS-concurrent-reset: 0.000/0.000 secs] [Times: user=0.00 sys=0.00, real=0.00 secs] 
2021-01-22T01:14:46.041+0800: 4.680: [GC (Allocation Failure) 2021-01-22T01:14:46.042+0800: 4.680: [ParNew: 314559K->34943K(314560K), 0.0137893 secs] 812478K->611508K(1013632K), 0.0146656 secs] [Times: user=0.10 sys=0.00, real=0.01 secs] 
2021-01-22T01:14:46.057+0800: 4.696: [GC (CMS Initial Mark) [1 CMS-initial-mark: 576564K(699072K)] 617643K(1013632K), 0.0013822 secs] [Times: user=0.00 sys=0.00, real=0.01 secs] 
2021-01-22T01:14:46.059+0800: 4.698: [CMS-concurrent-mark-start]
2021-01-22T01:14:46.061+0800: 4.700: [CMS-concurrent-mark: 0.002/0.002 secs] [Times: user=0.01 sys=0.00, real=0.00 secs] 
2021-01-22T01:14:46.062+0800: 4.700: [CMS-concurrent-preclean-start]
2021-01-22T01:14:46.062+0800: 4.701: [CMS-concurrent-preclean: 0.001/0.001 secs] [Times: user=0.00 sys=0.00, real=0.00 secs] 
2021-01-22T01:14:46.063+0800: 4.701: [CMS-concurrent-abortable-preclean-start]
2021-01-22T01:14:46.091+0800: 4.730: [GC (Allocation Failure) 2021-01-22T01:14:46.092+0800: 4.730: [ParNew: 314559K->34943K(314560K), 0.0134572 secs] 891124K->686636K(1013632K), 0.0142679 secs] [Times: user=0.10 sys=0.00, real=0.01 secs] 
2021-01-22T01:14:46.137+0800: 4.775: [GC (Allocation Failure) 2021-01-22T01:14:46.137+0800: 4.776: [ParNew: 314559K->314559K(314560K), 0.0002904 secs]2021-01-22T01:14:46.138+0800: 4.776: [CMS2021-01-22T01:14:46.138+0800: 4.776: [CMS-concurrent-abortable-preclean: 0.003/0.075 secs] [Times: user=0.17 sys=0.00, real=0.07 secs] 
 (concurrent mode failure): 651693K->376073K(699072K), 0.0476634 secs] 966252K->376073K(1013632K), [Metaspace: 2817K->2817K(1056768K)], 0.0490990 secs] [Times: user=0.04 sys=0.00, real=0.05 secs] 
2021-01-22T01:14:46.222+0800: 4.861: [GC (Allocation Failure) 2021-01-22T01:14:46.223+0800: 4.861: [ParNew: 279616K->34943K(314560K), 0.0116015 secs] 655689K->463422K(1013632K), 0.0123697 secs] [Times: user=0.08 sys=0.00, real=0.01 secs] 
2021-01-22T01:14:46.267+0800: 4.906: [GC (Allocation Failure) 2021-01-22T01:14:46.268+0800: 4.907: [ParNew: 314559K->34942K(314560K), 0.0150612 secs] 743038K->545288K(1013632K), 0.0161843 secs] [Times: user=0.11 sys=0.00, real=0.02 secs] 
2021-01-22T01:14:46.285+0800: 4.923: [GC (CMS Initial Mark) [1 CMS-initial-mark: 510345K(699072K)] 551124K(1013632K), 0.0015670 secs] [Times: user=0.00 sys=0.00, real=0.00 secs] 
2021-01-22T01:14:46.287+0800: 4.926: [CMS-concurrent-mark-start]
2021-01-22T01:14:46.289+0800: 4.927: [CMS-concurrent-mark: 0.002/0.002 secs] [Times: user=0.00 sys=0.00, real=0.01 secs] 
2021-01-22T01:14:46.289+0800: 4.928: [CMS-concurrent-preclean-start]
2021-01-22T01:14:46.290+0800: 4.929: [CMS-concurrent-preclean: 0.001/0.001 secs] [Times: user=0.01 sys=0.00, real=0.00 secs] 
2021-01-22T01:14:46.291+0800: 4.929: [CMS-concurrent-abortable-preclean-start]
2021-01-22T01:14:46.319+0800: 4.958: [GC (Allocation Failure) 2021-01-22T01:14:46.320+0800: 4.958: [ParNew: 314558K->34941K(314560K), 0.0139941 secs] 824904K->626258K(1013632K), 0.0147432 secs] [Times: user=0.10 sys=0.00, real=0.01 secs] 
2021-01-22T01:14:46.368+0800: 5.006: [GC (Allocation Failure) 2021-01-22T01:14:46.368+0800: 5.007: [ParNew: 314497K->34943K(314560K), 0.0150355 secs] 905814K->711345K(1013632K), 0.0157603 secs] [Times: user=0.11 sys=0.00, real=0.02 secs] 
2021-01-22T01:14:46.384+0800: 5.023: [CMS-concurrent-abortable-preclean: 0.003/0.093 secs] [Times: user=0.28 sys=0.00, real=0.09 secs] 
2021-01-22T01:14:46.385+0800: 5.023: [GC (CMS Final Remark) [YG occupancy: 40630 K (314560 K)]2021-01-22T01:14:46.385+0800: 5.024: [Rescan (parallel) , 0.0014948 secs]2021-01-22T01:14:46.387+0800: 5.025: [weak refs processing, 0.0002892 secs]2021-01-22T01:14:46.387+0800: 5.026: [class unloading, 0.0004394 secs]2021-01-22T01:14:46.388+0800: 5.026: [scrub symbol table, 0.0005643 secs]2021-01-22T01:14:46.389+0800: 5.027: [scrub string table, 0.0004028 secs][1 CMS-remark: 676401K(699072K)] 717032K(1013632K), 0.0046638 secs] [Times: user=0.00 sys=0.00, real=0.01 secs] 
2021-01-22T01:14:46.390+0800: 5.029: [CMS-concurrent-sweep-start]
2021-01-22T01:14:46.391+0800: 5.030: [CMS-concurrent-sweep: 0.001/0.001 secs] [Times: user=0.01 sys=0.00, real=0.00 secs] 
2021-01-22T01:14:46.391+0800: 5.030: [CMS-concurrent-reset-start]
2021-01-22T01:14:46.392+0800: 5.030: [CMS-concurrent-reset: 0.000/0.000 secs] [Times: user=0.00 sys=0.00, real=0.00 secs] 
2021-01-22T01:14:46.420+0800: 5.058: [GC (Allocation Failure) 2021-01-22T01:14:46.420+0800: 5.059: [ParNew: 314559K->34942K(314560K), 0.0151293 secs] 820010K->618862K(1013632K), 0.0160142 secs] [Times: user=0.11 sys=0.00, real=0.01 secs] 
2021-01-22T01:14:46.437+0800: 5.075: [GC (CMS Initial Mark) [1 CMS-initial-mark: 583920K(699072K)] 624697K(1013632K), 0.0015983 secs] [Times: user=0.00 sys=0.00, real=0.01 secs] 
2021-01-22T01:14:46.439+0800: 5.078: [CMS-concurrent-mark-start]
2021-01-22T01:14:46.442+0800: 5.080: [CMS-concurrent-mark: 0.003/0.003 secs] [Times: user=0.00 sys=0.00, real=0.00 secs] 
2021-01-22T01:14:46.442+0800: 5.081: [CMS-concurrent-preclean-start]
2021-01-22T01:14:46.443+0800: 5.082: [CMS-concurrent-preclean: 0.001/0.001 secs] [Times: user=0.00 sys=0.00, real=0.00 secs] 
2021-01-22T01:14:46.443+0800: 5.082: [CMS-concurrent-abortable-preclean-start]
2021-01-22T01:14:46.473+0800: 5.112: [GC (Allocation Failure) 2021-01-22T01:14:46.474+0800: 5.112: [ParNew: 314558K->34943K(314560K), 0.0154852 secs] 898478K->703005K(1013632K), 0.0165038 secs] [Times: user=0.12 sys=0.00, real=0.02 secs] 
2021-01-22T01:14:46.490+0800: 5.129: [CMS-concurrent-abortable-preclean: 0.001/0.047 secs] [Times: user=0.15 sys=0.00, real=0.05 secs] 
2021-01-22T01:14:46.491+0800: 5.130: [GC (CMS Final Remark) [YG occupancy: 41059 K (314560 K)]2021-01-22T01:14:46.491+0800: 5.130: [Rescan (parallel) , 0.0014067 secs]2021-01-22T01:14:46.493+0800: 5.132: [weak refs processing, 0.0003667 secs]2021-01-22T01:14:46.494+0800: 5.132: [class unloading, 0.0004934 secs]2021-01-22T01:14:46.495+0800: 5.133: [scrub symbol table, 0.0005755 secs]2021-01-22T01:14:46.496+0800: 5.134: [scrub string table, 0.0004286 secs][1 CMS-remark: 668061K(699072K)] 709121K(1013632K), 0.0054054 secs] [Times: user=0.00 sys=0.00, real=0.00 secs] 
2021-01-22T01:14:46.497+0800: 5.136: [CMS-concurrent-sweep-start]
2021-01-22T01:14:46.498+0800: 5.137: [CMS-concurrent-sweep: 0.001/0.001 secs] [Times: user=0.00 sys=0.00, real=0.01 secs] 
2021-01-22T01:14:46.499+0800: 5.137: [CMS-concurrent-reset-start]
2021-01-22T01:14:46.499+0800: 5.138: [CMS-concurrent-reset: 0.000/0.000 secs] [Times: user=0.00 sys=0.00, real=0.00 secs] 
2021-01-22T01:14:46.530+0800: 5.169: [GC (Allocation Failure) 2021-01-22T01:14:46.531+0800: 5.169: [ParNew: 314559K->34942K(314560K), 0.0147594 secs] 748050K->547241K(1013632K), 0.0155791 secs] [Times: user=0.11 sys=0.00, real=0.01 secs] 
2021-01-22T01:14:46.547+0800: 5.185: [GC (CMS Initial Mark) [1 CMS-initial-mark: 512299K(699072K)] 553139K(1013632K), 0.0015428 secs] [Times: user=0.00 sys=0.01, real=0.01 secs] 
2021-01-22T01:14:46.549+0800: 5.188: [CMS-concurrent-mark-start]
2021-01-22T01:14:46.551+0800: 5.190: [CMS-concurrent-mark: 0.002/0.002 secs] [Times: user=0.00 sys=0.00, real=0.00 secs] 
2021-01-22T01:14:46.552+0800: 5.190: [CMS-concurrent-preclean-start]
2021-01-22T01:14:46.553+0800: 5.191: [CMS-concurrent-preclean: 0.001/0.001 secs] [Times: user=0.00 sys=0.00, real=0.00 secs] 
2021-01-22T01:14:46.553+0800: 5.192: [CMS-concurrent-abortable-preclean-start]
2021-01-22T01:14:46.584+0800: 5.222: [GC (Allocation Failure) 2021-01-22T01:14:46.584+0800: 5.223: [ParNew: 314558K->34943K(314560K), 0.0162412 secs] 826857K->624026K(1013632K), 0.0173697 secs] [Times: user=0.12 sys=0.00, real=0.02 secs] 
2021-01-22T01:14:46.638+0800: 5.276: [GC (Allocation Failure) 2021-01-22T01:14:46.638+0800: 5.277: [ParNew: 314559K->34941K(314560K), 0.0170852 secs] 903642K->702229K(1013632K), 0.0179719 secs] [Times: user=0.12 sys=0.00, real=0.02 secs] 
2021-01-22T01:14:46.657+0800: 5.295: [CMS-concurrent-abortable-preclean: 0.003/0.104 secs] [Times: user=0.31 sys=0.00, real=0.10 secs] 
2021-01-22T01:14:46.657+0800: 5.296: [GC (CMS Final Remark) [YG occupancy: 40938 K (314560 K)]2021-01-22T01:14:46.657+0800: 5.296: [Rescan (parallel) , 0.0020789 secs]2021-01-22T01:14:46.660+0800: 5.298: [weak refs processing, 0.0004044 secs]2021-01-22T01:14:46.661+0800: 5.299: [class unloading, 0.0004826 secs]2021-01-22T01:14:46.662+0800: 5.300: [scrub symbol table, 0.0010560 secs]2021-01-22T01:14:46.663+0800: 5.302: [scrub string table, 0.0003844 secs][1 CMS-remark: 667288K(699072K)] 708226K(1013632K), 0.0064824 secs] [Times: user=0.01 sys=0.01, real=0.01 secs] 
2021-01-22T01:14:46.664+0800: 5.303: [CMS-concurrent-sweep-start]
2021-01-22T01:14:46.665+0800: 5.304: [CMS-concurrent-sweep: 0.001/0.001 secs] [Times: user=0.00 sys=0.00, real=0.00 secs] 
2021-01-22T01:14:46.665+0800: 5.304: [CMS-concurrent-reset-start]
2021-01-22T01:14:46.666+0800: 5.305: [CMS-concurrent-reset: 0.001/0.001 secs] [Times: user=0.00 sys=0.00, real=0.00 secs] 
2021-01-22T01:14:46.698+0800: 5.337: [GC (Allocation Failure) 2021-01-22T01:14:46.698+0800: 5.337: [ParNew: 314557K->34943K(314560K), 0.0144475 secs] 826369K->617919K(1013632K), 0.0152248 secs] [Times: user=0.10 sys=0.00, real=0.02 secs] 
2021-01-22T01:14:46.714+0800: 5.353: [GC (CMS Initial Mark) [1 CMS-initial-mark: 582975K(699072K)] 624946K(1013632K), 0.0014530 secs] [Times: user=0.00 sys=0.00, real=0.00 secs] 
2021-01-22T01:14:46.716+0800: 5.355: [CMS-concurrent-mark-start]
2021-01-22T01:14:46.718+0800: 5.357: [CMS-concurrent-mark: 0.002/0.002 secs] [Times: user=0.00 sys=0.01, real=0.01 secs] 
2021-01-22T01:14:46.738+0800: 5.377: [CMS-concurrent-preclean-start]
2021-01-22T01:14:46.739+0800: 5.378: [CMS-concurrent-preclean: 0.001/0.001 secs] [Times: user=0.01 sys=0.00, real=0.00 secs] 
2021-01-22T01:14:46.740+0800: 5.378: [CMS-concurrent-abortable-preclean-start]
2021-01-22T01:14:46.750+0800: 5.389: [GC (Allocation Failure) 2021-01-22T01:14:46.751+0800: 5.389: [ParNew: 314559K->34943K(314560K), 0.0149492 secs] 897535K->695624K(1013632K), 0.0159102 secs] [Times: user=0.10 sys=0.00, real=0.01 secs] 
2021-01-22T01:14:46.768+0800: 5.407: [CMS-concurrent-abortable-preclean: 0.002/0.028 secs] [Times: user=0.11 sys=0.00, real=0.03 secs] 
2021-01-22T01:14:46.769+0800: 5.408: [GC (CMS Final Remark) [YG occupancy: 53406 K (314560 K)]2021-01-22T01:14:46.770+0800: 5.408: [Rescan (parallel) , 0.0009421 secs]2021-01-22T01:14:46.771+0800: 5.410: [weak refs processing, 0.0004103 secs]2021-01-22T01:14:46.772+0800: 5.410: [class unloading, 0.0008217 secs]2021-01-22T01:14:46.773+0800: 5.412: [scrub symbol table, 0.0006526 secs]2021-01-22T01:14:46.774+0800: 5.413: [scrub string table, 0.0004522 secs][1 CMS-remark: 660680K(699072K)] 714087K(1013632K), 0.0056161 secs] [Times: user=0.01 sys=0.00, real=0.00 secs] 
2021-01-22T01:14:46.776+0800: 5.414: [CMS-concurrent-sweep-start]
2021-01-22T01:14:46.777+0800: 5.415: [CMS-concurrent-sweep: 0.001/0.001 secs] [Times: user=0.00 sys=0.00, real=0.00 secs] 
2021-01-22T01:14:46.777+0800: 5.416: [CMS-concurrent-reset-start]
2021-01-22T01:14:46.778+0800: 5.416: [CMS-concurrent-reset: 0.000/0.000 secs] [Times: user=0.00 sys=0.00, real=0.00 secs] 
2021-01-22T01:14:46.809+0800: 5.448: [GC (Allocation Failure) 2021-01-22T01:14:46.810+0800: 5.448: [ParNew: 314559K->34943K(314560K), 0.0155116 secs] 732717K->537608K(1013632K), 0.0164684 secs] [Times: user=0.10 sys=0.02, real=0.01 secs] 
2021-01-22T01:14:46.827+0800: 5.465: [GC (CMS Initial Mark) [1 CMS-initial-mark: 502664K(699072K)] 543383K(1013632K), 0.0014746 secs] [Times: user=0.00 sys=0.00, real=0.01 secs] 
2021-01-22T01:14:46.829+0800: 5.467: [CMS-concurrent-mark-start]
2021-01-22T01:14:46.831+0800: 5.469: [CMS-concurrent-mark: 0.002/0.002 secs] [Times: user=0.01 sys=0.00, real=0.00 secs] 
2021-01-22T01:14:46.831+0800: 5.470: [CMS-concurrent-preclean-start]
2021-01-22T01:14:46.832+0800: 5.471: [CMS-concurrent-preclean: 0.001/0.001 secs] [Times: user=0.00 sys=0.00, real=0.00 secs] 
2021-01-22T01:14:46.833+0800: 5.471: [CMS-concurrent-abortable-preclean-start]
2021-01-22T01:14:46.860+0800: 5.499: [GC (Allocation Failure) 2021-01-22T01:14:46.861+0800: 5.499: [ParNew: 314559K->34943K(314560K), 0.0153904 secs] 817224K->617263K(1013632K), 0.0160652 secs] [Times: user=0.11 sys=0.00, real=0.01 secs] 
2021-01-22T01:14:46.910+0800: 5.548: [GC (Allocation Failure) 2021-01-22T01:14:46.910+0800: 5.549: [ParNew: 314559K->34942K(314560K), 0.0152409 secs] 896879K->700795K(1013632K), 0.0159449 secs] [Times: user=0.11 sys=0.00, real=0.01 secs] 
2021-01-22T01:14:46.926+0800: 5.565: [CMS-concurrent-abortable-preclean: 0.003/0.094 secs] [Times: user=0.29 sys=0.00, real=0.09 secs] 
2021-01-22T01:14:46.927+0800: 5.566: [GC (CMS Final Remark) [YG occupancy: 41144 K (314560 K)]2021-01-22T01:14:46.927+0800: 5.566: [Rescan (parallel) , 0.0014875 secs]2021-01-22T01:14:46.929+0800: 5.568: [weak refs processing, 0.0002471 secs]2021-01-22T01:14:46.930+0800: 5.568: [class unloading, 0.0004181 secs]2021-01-22T01:14:46.930+0800: 5.569: [scrub symbol table, 0.0005284 secs]2021-01-22T01:14:46.931+0800: 5.570: [scrub string table, 0.0003708 secs][1 CMS-remark: 665852K(699072K)] 706996K(1013632K), 0.0045472 secs] [Times: user=0.01 sys=0.00, real=0.01 secs] 
2021-01-22T01:14:46.932+0800: 5.571: [CMS-concurrent-sweep-start]
2021-01-22T01:14:46.933+0800: 5.572: [CMS-concurrent-sweep: 0.001/0.001 secs] [Times: user=0.00 sys=0.00, real=0.00 secs] 
2021-01-22T01:14:46.936+0800: 5.575: [CMS-concurrent-reset-start]
2021-01-22T01:14:46.937+0800: 5.575: [CMS-concurrent-reset: 0.000/0.000 secs] [Times: user=0.00 sys=0.00, real=0.00 secs] 
2021-01-22T01:14:46.963+0800: 5.602: [GC (Allocation Failure) 2021-01-22T01:14:46.964+0800: 5.602: [ParNew: 313915K->34943K(314560K), 0.0136946 secs] 822622K->621110K(1013632K), 0.0144613 secs] [Times: user=0.10 sys=0.00, real=0.02 secs] 
2021-01-22T01:14:46.979+0800: 5.617: [GC (CMS Initial Mark) [1 CMS-initial-mark: 586166K(699072K)] 627513K(1013632K), 0.0011352 secs] [Times: user=0.00 sys=0.00, real=0.00 secs] 
2021-01-22T01:14:46.981+0800: 5.619: [CMS-concurrent-mark-start]
2021-01-22T01:14:46.983+0800: 5.621: [CMS-concurrent-mark: 0.002/0.002 secs] [Times: user=0.00 sys=0.00, real=0.00 secs] 
2021-01-22T01:14:46.983+0800: 5.622: [CMS-concurrent-preclean-start]
2021-01-22T01:14:46.984+0800: 5.622: [CMS-concurrent-preclean: 0.001/0.001 secs] [Times: user=0.00 sys=0.00, real=0.00 secs] 
2021-01-22T01:14:46.984+0800: 5.623: [CMS-concurrent-abortable-preclean-start]
2021-01-22T01:14:47.011+0800: 5.650: [GC (Allocation Failure) 2021-01-22T01:14:47.011+0800: 5.650: [ParNew: 314559K->34943K(314560K), 0.0149886 secs] 900726K->704437K(1013632K), 0.0156901 secs] [Times: user=0.11 sys=0.00, real=0.01 secs] 
2021-01-22T01:14:47.027+0800: 5.666: [CMS-concurrent-abortable-preclean: 0.001/0.043 secs] [Times: user=0.14 sys=0.00, real=0.04 secs] 
2021-01-22T01:14:47.028+0800: 5.667: [GC (CMS Final Remark) [YG occupancy: 40641 K (314560 K)]2021-01-22T01:14:47.028+0800: 5.667: [Rescan (parallel) , 0.0015482 secs]2021-01-22T01:14:47.030+0800: 5.669: [weak refs processing, 0.0002763 secs]2021-01-22T01:14:47.031+0800: 5.669: [class unloading, 0.0004190 secs]2021-01-22T01:14:47.031+0800: 5.670: [scrub symbol table, 0.0005201 secs]2021-01-22T01:14:47.032+0800: 5.671: [scrub string table, 0.0003980 secs][1 CMS-remark: 669493K(699072K)] 710135K(1013632K), 0.0047191 secs] [Times: user=0.01 sys=0.00, real=0.01 secs] 
2021-01-22T01:14:47.033+0800: 5.672: [CMS-concurrent-sweep-start]
2021-01-22T01:14:47.035+0800: 5.673: [CMS-concurrent-sweep: 0.001/0.001 secs] [Times: user=0.00 sys=0.00, real=0.00 secs] 
2021-01-22T01:14:47.035+0800: 5.674: [CMS-concurrent-reset-start]
2021-01-22T01:14:47.036+0800: 5.674: [CMS-concurrent-reset: 0.001/0.001 secs] [Times: user=0.00 sys=0.00, real=0.00 secs] 
2021-01-22T01:14:47.066+0800: 5.705: [GC (Allocation Failure) 2021-01-22T01:14:47.066+0800: 5.705: [ParNew: 314559K->34943K(314560K), 0.0148619 secs] 733312K->531422K(1013632K), 0.0156108 secs] [Times: user=0.11 sys=0.00, real=0.02 secs] 
2021-01-22T01:14:47.083+0800: 5.721: [GC (CMS Initial Mark) [1 CMS-initial-mark: 496478K(699072K)] 537673K(1013632K), 0.0013393 secs] [Times: user=0.00 sys=0.00, real=0.00 secs] 
2021-01-22T01:14:47.085+0800: 5.723: [CMS-concurrent-mark-start]
2021-01-22T01:14:47.087+0800: 5.725: [CMS-concurrent-mark: 0.002/0.002 secs] [Times: user=0.00 sys=0.00, real=0.00 secs] 
2021-01-22T01:14:47.098+0800: 5.737: [CMS-concurrent-preclean-start]
2021-01-22T01:14:47.099+0800: 5.738: [CMS-concurrent-preclean: 0.001/0.001 secs] [Times: user=0.00 sys=0.00, real=0.00 secs] 
2021-01-22T01:14:47.100+0800: 5.738: [CMS-concurrent-abortable-preclean-start]
2021-01-22T01:14:47.116+0800: 5.754: [GC (Allocation Failure) 2021-01-22T01:14:47.116+0800: 5.755: [ParNew: 314559K->34943K(314560K), 0.0145638 secs] 811038K->610273K(1013632K), 0.0154781 secs] [Times: user=0.11 sys=0.00, real=0.02 secs] 
2021-01-22T01:14:47.165+0800: 5.803: [GC (Allocation Failure) 2021-01-22T01:14:47.165+0800: 5.804: [ParNew: 314559K->34943K(314560K), 0.0199785 secs] 889889K->694566K(1013632K), 0.0209453 secs] [Times: user=0.15 sys=0.00, real=0.02 secs] 
2021-01-22T01:14:47.188+0800: 5.826: [CMS-concurrent-abortable-preclean: 0.004/0.088 secs] [Times: user=0.31 sys=0.00, real=0.08 secs] 
2021-01-22T01:14:47.188+0800: 5.827: [GC (CMS Final Remark) [YG occupancy: 53470 K (314560 K)]2021-01-22T01:14:47.189+0800: 5.827: [Rescan (parallel) , 0.0009848 secs]2021-01-22T01:14:47.190+0800: 5.829: [weak refs processing, 0.0003727 secs]2021-01-22T01:14:47.191+0800: 5.829: [class unloading, 0.0004140 secs]2021-01-22T01:14:47.191+0800: 5.830: [scrub symbol table, 0.0005037 secs]2021-01-22T01:14:47.192+0800: 5.831: [scrub string table, 0.0003632 secs][1 CMS-remark: 659622K(699072K)] 713092K(1013632K), 0.0042874 secs] [Times: user=0.00 sys=0.00, real=0.00 secs] 
2021-01-22T01:14:47.193+0800: 5.832: [CMS-concurrent-sweep-start]
2021-01-22T01:14:47.194+0800: 5.833: [CMS-concurrent-sweep: 0.001/0.001 secs] [Times: user=0.00 sys=0.00, real=0.00 secs] 
2021-01-22T01:14:47.195+0800: 5.833: [CMS-concurrent-reset-start]
2021-01-22T01:14:47.195+0800: 5.834: [CMS-concurrent-reset: 0.001/0.001 secs] [Times: user=0.00 sys=0.00, real=0.00 secs] 
2021-01-22T01:14:47.225+0800: 5.864: [GC (Allocation Failure) 2021-01-22T01:14:47.225+0800: 5.864: [ParNew: 314559K->34943K(314560K), 0.0131703 secs] 814887K->604154K(1013632K), 0.0138676 secs] [Times: user=0.08 sys=0.01, real=0.02 secs] 
2021-01-22T01:14:47.240+0800: 5.878: [GC (CMS Initial Mark) [1 CMS-initial-mark: 569210K(699072K)] 610474K(1013632K), 0.0013701 secs] [Times: user=0.01 sys=0.00, real=0.00 secs] 
2021-01-22T01:14:47.242+0800: 5.881: [CMS-concurrent-mark-start]
2021-01-22T01:14:47.244+0800: 5.883: [CMS-concurrent-mark: 0.002/0.002 secs] [Times: user=0.00 sys=0.01, real=0.00 secs] 
2021-01-22T01:14:47.245+0800: 5.883: [CMS-concurrent-preclean-start]
2021-01-22T01:14:47.245+0800: 5.884: [CMS-concurrent-preclean: 0.001/0.001 secs] [Times: user=0.00 sys=0.00, real=0.00 secs] 
2021-01-22T01:14:47.246+0800: 5.885: [CMS-concurrent-abortable-preclean-start]
2021-01-22T01:14:47.275+0800: 5.914: [GC (Allocation Failure) 2021-01-22T01:14:47.275+0800: 5.914: [ParNew: 314515K->34943K(314560K), 0.0140927 secs] 883725K->684957K(1013632K), 0.0150223 secs] [Times: user=0.10 sys=0.00, real=0.02 secs] 
2021-01-22T01:14:47.331+0800: 5.969: [GC (Allocation Failure) 2021-01-22T01:14:47.331+0800: 5.969: [ParNew: 314559K->314559K(314560K), 0.0003251 secs]2021-01-22T01:14:47.331+0800: 5.970: [CMS2021-01-22T01:14:47.332+0800: 5.970: [CMS-concurrent-abortable-preclean: 0.003/0.086 secs] [Times: user=0.19 sys=0.00, real=0.09 secs] 
 (concurrent mode failure): 650014K->372417K(699072K), 0.0492531 secs] 964573K->372417K(1013632K), [Metaspace: 2817K->2817K(1056768K)], 0.0506241 secs] [Times: user=0.04 sys=0.00, real=0.05 secs] 
2021-01-22T01:14:47.413+0800: 6.052: [GC (Allocation Failure) 2021-01-22T01:14:47.413+0800: 6.052: [ParNew: 279521K->34942K(314560K), 0.0117579 secs] 651939K->464854K(1013632K), 0.0127010 secs] [Times: user=0.09 sys=0.00, real=0.01 secs] 
2021-01-22T01:14:47.460+0800: 6.098: [GC (Allocation Failure) 2021-01-22T01:14:47.460+0800: 6.099: [ParNew: 314558K->34942K(314560K), 0.0141679 secs] 744470K->536461K(1013632K), 0.0149656 secs] [Times: user=0.10 sys=0.00, real=0.01 secs] 
2021-01-22T01:14:47.476+0800: 6.114: [GC (CMS Initial Mark) [1 CMS-initial-mark: 501519K(699072K)] 542649K(1013632K), 0.0012087 secs] [Times: user=0.00 sys=0.00, real=0.00 secs] 
2021-01-22T01:14:47.478+0800: 6.116: [CMS-concurrent-mark-start]
2021-01-22T01:14:47.479+0800: 6.118: [CMS-concurrent-mark: 0.002/0.002 secs] [Times: user=0.00 sys=0.00, real=0.01 secs] 
2021-01-22T01:14:47.480+0800: 6.118: [CMS-concurrent-preclean-start]
2021-01-22T01:14:47.481+0800: 6.119: [CMS-concurrent-preclean: 0.001/0.001 secs] [Times: user=0.00 sys=0.00, real=0.00 secs] 
2021-01-22T01:14:47.481+0800: 6.120: [CMS-concurrent-abortable-preclean-start]
2021-01-22T01:14:47.512+0800: 6.151: [GC (Allocation Failure) 2021-01-22T01:14:47.512+0800: 6.151: [ParNew: 314427K->34942K(314560K), 0.0143278 secs] 815946K->615600K(1013632K), 0.0151331 secs] [Times: user=0.10 sys=0.00, real=0.01 secs] 
2021-01-22T01:14:47.561+0800: 6.200: [GC (Allocation Failure) 2021-01-22T01:14:47.561+0800: 6.200: [ParNew: 314558K->34943K(314560K), 0.0141908 secs] 895216K->698335K(1013632K), 0.0150305 secs] [Times: user=0.11 sys=0.00, real=0.01 secs] 
2021-01-22T01:14:47.578+0800: 6.216: [CMS-concurrent-abortable-preclean: 0.004/0.097 secs] [Times: user=0.29 sys=0.00, real=0.09 secs] 
2021-01-22T01:14:47.578+0800: 6.217: [GC (CMS Final Remark) [YG occupancy: 47137 K (314560 K)]2021-01-22T01:14:47.579+0800: 6.217: [Rescan (parallel) , 0.0014240 secs]2021-01-22T01:14:47.581+0800: 6.219: [weak refs processing, 0.0002913 secs]2021-01-22T01:14:47.581+0800: 6.220: [class unloading, 0.0004648 secs]2021-01-22T01:14:47.582+0800: 6.220: [scrub symbol table, 0.0005571 secs]2021-01-22T01:14:47.583+0800: 6.221: [scrub string table, 0.0004317 secs][1 CMS-remark: 663392K(699072K)] 710529K(1013632K), 0.0048137 secs] [Times: user=0.01 sys=0.00, real=0.00 secs] 
2021-01-22T01:14:47.584+0800: 6.223: [CMS-concurrent-sweep-start]
2021-01-22T01:14:47.585+0800: 6.223: [CMS-concurrent-sweep: 0.001/0.001 secs] [Times: user=0.00 sys=0.00, real=0.00 secs] 
2021-01-22T01:14:47.585+0800: 6.224: [CMS-concurrent-reset-start]
2021-01-22T01:14:47.586+0800: 6.224: [CMS-concurrent-reset: 0.001/0.001 secs] [Times: user=0.00 sys=0.00, real=0.00 secs] 
2021-01-22T01:14:47.614+0800: 6.252: [GC (Allocation Failure) 2021-01-22T01:14:47.614+0800: 6.253: [ParNew: 314559K->34943K(314560K), 0.0146495 secs] 813384K->615619K(1013632K), 0.0154723 secs] [Times: user=0.11 sys=0.00, real=0.02 secs] 
2021-01-22T01:14:47.630+0800: 6.269: [GC (CMS Initial Mark) [1 CMS-initial-mark: 580675K(699072K)] 621671K(1013632K), 0.0012255 secs] [Times: user=0.00 sys=0.00, real=0.00 secs] 
2021-01-22T01:14:47.632+0800: 6.271: [CMS-concurrent-mark-start]
2021-01-22T01:14:47.634+0800: 6.273: [CMS-concurrent-mark: 0.002/0.002 secs] [Times: user=0.01 sys=0.00, real=0.00 secs] 
2021-01-22T01:14:47.635+0800: 6.274: [CMS-concurrent-preclean-start]
2021-01-22T01:14:47.636+0800: 6.274: [CMS-concurrent-preclean: 0.001/0.001 secs] [Times: user=0.00 sys=0.00, real=0.00 secs] 
2021-01-22T01:14:47.636+0800: 6.275: [CMS-concurrent-abortable-preclean-start]
2021-01-22T01:14:47.665+0800: 6.303: [GC (Allocation Failure) 2021-01-22T01:14:47.665+0800: 6.304: [ParNew: 314559K->34941K(314560K), 0.0139513 secs] 895235K->687827K(1013632K), 0.0148004 secs] [Times: user=0.11 sys=0.00, real=0.02 secs] 
2021-01-22T01:14:47.681+0800: 6.320: [CMS-concurrent-abortable-preclean: 0.002/0.045 secs] [Times: user=0.14 sys=0.00, real=0.05 secs] 
2021-01-22T01:14:47.682+0800: 6.321: [GC (CMS Final Remark) [YG occupancy: 47197 K (314560 K)]2021-01-22T01:14:47.683+0800: 6.321: [Rescan (parallel) , 0.0011704 secs]2021-01-22T01:14:47.684+0800: 6.323: [weak refs processing, 0.0003409 secs]2021-01-22T01:14:47.685+0800: 6.323: [class unloading, 0.0004371 secs]2021-01-22T01:14:47.685+0800: 6.324: [scrub symbol table, 0.0005788 secs]2021-01-22T01:14:47.686+0800: 6.325: [scrub string table, 0.0004535 secs][1 CMS-remark: 652885K(699072K)] 700083K(1013632K), 0.0048795 secs] [Times: user=0.00 sys=0.00, real=0.00 secs] 
2021-01-22T01:14:47.688+0800: 6.326: [CMS-concurrent-sweep-start]
2021-01-22T01:14:47.689+0800: 6.327: [CMS-concurrent-sweep: 0.001/0.001 secs] [Times: user=0.00 sys=0.00, real=0.01 secs] 
2021-01-22T01:14:47.689+0800: 6.328: [CMS-concurrent-reset-start]
2021-01-22T01:14:47.690+0800: 6.328: [CMS-concurrent-reset: 0.001/0.001 secs] [Times: user=0.00 sys=0.00, real=0.00 secs] 
2021-01-22T01:14:47.718+0800: 6.357: [GC (Allocation Failure) 2021-01-22T01:14:47.718+0800: 6.357: [ParNew: 314557K->34943K(314560K), 0.0190147 secs] 728506K->526069K(1013632K), 0.0198709 secs] [Times: user=0.14 sys=0.00, real=0.03 secs] 
2021-01-22T01:14:47.739+0800: 6.377: [GC (CMS Initial Mark) [1 CMS-initial-mark: 491126K(699072K)] 531902K(1013632K), 0.0009041 secs] [Times: user=0.00 sys=0.00, real=0.00 secs] 
2021-01-22T01:14:47.740+0800: 6.379: [CMS-concurrent-mark-start]
2021-01-22T01:14:47.742+0800: 6.381: [CMS-concurrent-mark: 0.002/0.002 secs] [Times: user=0.01 sys=0.00, real=0.00 secs] 
2021-01-22T01:14:47.743+0800: 6.381: [CMS-concurrent-preclean-start]
2021-01-22T01:14:47.743+0800: 6.382: [CMS-concurrent-preclean: 0.001/0.001 secs] [Times: user=0.00 sys=0.00, real=0.00 secs] 
2021-01-22T01:14:47.744+0800: 6.383: [CMS-concurrent-abortable-preclean-start]
2021-01-22T01:14:47.774+0800: 6.413: [GC (Allocation Failure) 2021-01-22T01:14:47.775+0800: 6.413: [ParNew: 314559K->34942K(314560K), 0.0169809 secs] 805685K->609889K(1013632K), 0.0177507 secs] [Times: user=0.13 sys=0.00, real=0.02 secs] 
2021-01-22T01:14:47.826+0800: 6.464: [GC (Allocation Failure) 2021-01-22T01:14:47.826+0800: 6.465: [ParNew: 314558K->34943K(314560K), 0.0123620 secs] 889505K->678331K(1013632K), 0.0129320 secs] [Times: user=0.09 sys=0.00, real=0.02 secs] 
2021-01-22T01:14:47.870+0800: 6.508: [GC (Allocation Failure) 2021-01-22T01:14:47.870+0800: 6.509: [ParNew: 314559K->314559K(314560K), 0.0003547 secs]2021-01-22T01:14:47.871+0800: 6.509: [CMS2021-01-22T01:14:47.871+0800: 6.510: [CMS-concurrent-abortable-preclean: 0.005/0.127 secs] [Times: user=0.32 sys=0.00, real=0.13 secs] 
 (concurrent mode failure): 643387K->363355K(699072K), 0.0456892 secs] 957947K->363355K(1013632K), [Metaspace: 2817K->2817K(1056768K)], 0.0471094 secs] [Times: user=0.04 sys=0.00, real=0.04 secs] 
2021-01-22T01:14:47.949+0800: 6.588: [GC (Allocation Failure) 2021-01-22T01:14:47.950+0800: 6.588: [ParNew: 279616K->34943K(314560K), 0.0113980 secs] 642971K->455083K(1013632K), 0.0121195 secs] [Times: user=0.09 sys=0.00, real=0.01 secs] 
2021-01-22T01:14:47.995+0800: 6.634: [GC (Allocation Failure) 2021-01-22T01:14:47.996+0800: 6.634: [ParNew: 314360K->34943K(314560K), 0.0141172 secs] 734500K->529963K(1013632K), 0.0149869 secs] [Times: user=0.11 sys=0.00, real=0.02 secs] 
2021-01-22T01:14:48.011+0800: 6.650: [GC (CMS Initial Mark) [1 CMS-initial-mark: 495019K(699072K)] 535827K(1013632K), 0.0013414 secs] [Times: user=0.00 sys=0.00, real=0.00 secs] 
2021-01-22T01:14:48.013+0800: 6.652: [CMS-concurrent-mark-start]
2021-01-22T01:14:48.015+0800: 6.654: [CMS-concurrent-mark: 0.002/0.002 secs] [Times: user=0.00 sys=0.00, real=0.00 secs] 
2021-01-22T01:14:48.016+0800: 6.654: [CMS-concurrent-preclean-start]
2021-01-22T01:14:48.016+0800: 6.655: [CMS-concurrent-preclean: 0.001/0.001 secs] [Times: user=0.01 sys=0.00, real=0.00 secs] 
2021-01-22T01:14:48.017+0800: 6.655: [CMS-concurrent-abortable-preclean-start]
2021-01-22T01:14:48.047+0800: 6.685: [GC (Allocation Failure) 2021-01-22T01:14:48.047+0800: 6.686: [ParNew: 314559K->34943K(314560K), 0.0137083 secs] 809579K->603537K(1013632K), 0.0145710 secs] [Times: user=0.10 sys=0.00, real=0.02 secs] 
2021-01-22T01:14:48.094+0800: 6.733: [GC (Allocation Failure) 2021-01-22T01:14:48.095+0800: 6.733: [ParNew: 314559K->34942K(314560K), 0.0146709 secs] 883153K->681057K(1013632K), 0.0154186 secs] [Times: user=0.10 sys=0.01, real=0.02 secs] 
2021-01-22T01:14:48.145+0800: 6.784: [GC (Allocation Failure) 2021-01-22T01:14:48.146+0800: 6.784: [ParNew: 314558K->314558K(314560K), 0.0003014 secs]2021-01-22T01:14:48.146+0800: 6.785: [CMS2021-01-22T01:14:48.147+0800: 6.785: [CMS-concurrent-abortable-preclean: 0.004/0.130 secs] [Times: user=0.31 sys=0.01, real=0.13 secs] 
 (concurrent mode failure): 646115K->367176K(699072K), 0.0459699 secs] 960673K->367176K(1013632K), [Metaspace: 2817K->2817K(1056768K)], 0.0475132 secs] [Times: user=0.04 sys=0.00, real=0.05 secs] 
2021-01-22T01:14:48.223+0800: 6.862: [GC (Allocation Failure) 2021-01-22T01:14:48.223+0800: 6.862: [ParNew: 279616K->34943K(314560K), 0.0115528 secs] 646792K->450942K(1013632K), 0.0123373 secs] [Times: user=0.09 sys=0.00, real=0.01 secs] 
2021-01-22T01:14:48.267+0800: 6.906: [GC (Allocation Failure) 2021-01-22T01:14:48.268+0800: 6.906: [ParNew: 314559K->34943K(314560K), 0.0167706 secs] 730558K->527828K(1013632K), 0.0174701 secs] [Times: user=0.11 sys=0.01, real=0.02 secs] 
2021-01-22T01:14:48.286+0800: 6.924: [GC (CMS Initial Mark) [1 CMS-initial-mark: 492885K(699072K)] 533578K(1013632K), 0.0013506 secs] [Times: user=0.01 sys=0.00, real=0.00 secs] 
2021-01-22T01:14:48.288+0800: 6.926: [CMS-concurrent-mark-start]
2021-01-22T01:14:48.290+0800: 6.928: [CMS-concurrent-mark: 0.002/0.002 secs] [Times: user=0.00 sys=0.00, real=0.01 secs] 
2021-01-22T01:14:48.290+0800: 6.929: [CMS-concurrent-preclean-start]
2021-01-22T01:14:48.291+0800: 6.929: [CMS-concurrent-preclean: 0.001/0.001 secs] [Times: user=0.00 sys=0.00, real=0.00 secs] 
2021-01-22T01:14:48.291+0800: 6.930: [CMS-concurrent-abortable-preclean-start]
2021-01-22T01:14:48.320+0800: 6.959: [GC (Allocation Failure) 2021-01-22T01:14:48.321+0800: 6.960: [ParNew: 314559K->34943K(314560K), 0.0161689 secs] 807444K->614484K(1013632K), 0.0170237 secs] [Times: user=0.12 sys=0.00, real=0.01 secs] 
2021-01-22T01:14:48.376+0800: 7.015: [GC (Allocation Failure) 2021-01-22T01:14:48.377+0800: 7.015: [ParNew: 314559K->34943K(314560K), 0.0147668 secs] 894100K->688082K(1013632K), 0.0155909 secs] [Times: user=0.11 sys=0.00, real=0.02 secs] 
2021-01-22T01:14:48.394+0800: 7.032: [CMS-concurrent-abortable-preclean: 0.004/0.103 secs] [Times: user=0.30 sys=0.00, real=0.10 secs] 
2021-01-22T01:14:48.395+0800: 7.033: [GC (CMS Final Remark) [YG occupancy: 47073 K (314560 K)]2021-01-22T01:14:48.395+0800: 7.034: [Rescan (parallel) , 0.0034370 secs]2021-01-22T01:14:48.399+0800: 7.038: [weak refs processing, 0.0003521 secs]2021-01-22T01:14:48.400+0800: 7.038: [class unloading, 0.0005677 secs]2021-01-22T01:14:48.401+0800: 7.039: [scrub symbol table, 0.0007294 secs]2021-01-22T01:14:48.402+0800: 7.040: [scrub string table, 0.0004735 secs][1 CMS-remark: 653138K(699072K)] 700211K(1013632K), 0.0078977 secs] [Times: user=0.01 sys=0.01, real=0.01 secs] 
2021-01-22T01:14:48.404+0800: 7.042: [CMS-concurrent-sweep-start]
2021-01-22T01:14:48.404+0800: 7.043: [CMS-concurrent-sweep: 0.001/0.001 secs] [Times: user=0.00 sys=0.00, real=0.00 secs] 
2021-01-22T01:14:48.405+0800: 7.043: [CMS-concurrent-reset-start]
2021-01-22T01:14:48.405+0800: 7.044: [CMS-concurrent-reset: 0.001/0.001 secs] [Times: user=0.00 sys=0.00, real=0.00 secs] 
2021-01-22T01:14:48.438+0800: 7.077: [GC (Allocation Failure) 2021-01-22T01:14:48.438+0800: 7.077: [ParNew: 314559K->34942K(314560K), 0.0142107 secs] 806135K->604963K(1013632K), 0.0149218 secs] [Times: user=0.09 sys=0.01, real=0.02 secs] 
2021-01-22T01:14:48.454+0800: 7.092: [GC (CMS Initial Mark) [1 CMS-initial-mark: 570020K(699072K)] 611192K(1013632K), 0.0009674 secs] [Times: user=0.00 sys=0.00, real=0.00 secs] 
2021-01-22T01:14:48.455+0800: 7.094: [CMS-concurrent-mark-start]
2021-01-22T01:14:48.457+0800: 7.096: [CMS-concurrent-mark: 0.002/0.002 secs] [Times: user=0.01 sys=0.00, real=0.00 secs] 
2021-01-22T01:14:48.458+0800: 7.096: [CMS-concurrent-preclean-start]
2021-01-22T01:14:48.459+0800: 7.097: [CMS-concurrent-preclean: 0.001/0.001 secs] [Times: user=0.00 sys=0.00, real=0.01 secs] 
2021-01-22T01:14:48.459+0800: 7.098: [CMS-concurrent-abortable-preclean-start]
2021-01-22T01:14:48.486+0800: 7.125: [GC (Allocation Failure) 2021-01-22T01:14:48.487+0800: 7.125: [ParNew: 314558K->34943K(314560K), 0.0137724 secs] 884579K->681401K(1013632K), 0.0144017 secs] [Times: user=0.11 sys=0.00, real=0.02 secs] 
2021-01-22T01:14:48.532+0800: 7.171: [GC (Allocation Failure) 2021-01-22T01:14:48.533+0800: 7.171: [ParNew: 314559K->314559K(314560K), 0.0002922 secs]2021-01-22T01:14:48.533+0800: 7.172: [CMS2021-01-22T01:14:48.534+0800: 7.172: [CMS-concurrent-abortable-preclean: 0.003/0.075 secs] [Times: user=0.17 sys=0.00, real=0.07 secs] 
 (concurrent mode failure): 646458K->361855K(699072K), 0.0469170 secs] 961017K->361855K(1013632K), [Metaspace: 2817K->2817K(1056768K)], 0.0482965 secs] [Times: user=0.04 sys=0.00, real=0.05 secs] 
2021-01-22T01:14:48.614+0800: 7.253: [GC (Allocation Failure) 2021-01-22T01:14:48.614+0800: 7.253: [ParNew: 279616K->34943K(314560K), 0.0110361 secs] 641471K->449763K(1013632K), 0.0118640 secs] [Times: user=0.08 sys=0.00, real=0.01 secs] 
2021-01-22T01:14:48.658+0800: 7.297: [GC (Allocation Failure) 2021-01-22T01:14:48.659+0800: 7.297: [ParNew: 314559K->34943K(314560K), 0.0150126 secs] 729379K->533454K(1013632K), 0.0158688 secs] [Times: user=0.11 sys=0.00, real=0.01 secs] 
2021-01-22T01:14:48.675+0800: 7.314: [GC (CMS Initial Mark) [1 CMS-initial-mark: 498510K(699072K)] 539226K(1013632K), 0.0012819 secs] [Times: user=0.00 sys=0.00, real=0.00 secs] 
2021-01-22T01:14:48.677+0800: 7.316: [CMS-concurrent-mark-start]
2021-01-22T01:14:48.679+0800: 7.318: [CMS-concurrent-mark: 0.002/0.002 secs] [Times: user=0.00 sys=0.00, real=0.01 secs] 
2021-01-22T01:14:48.680+0800: 7.318: [CMS-concurrent-preclean-start]
2021-01-22T01:14:48.680+0800: 7.319: [CMS-concurrent-preclean: 0.001/0.001 secs] [Times: user=0.00 sys=0.00, real=0.00 secs] 
2021-01-22T01:14:48.681+0800: 7.319: [CMS-concurrent-abortable-preclean-start]
2021-01-22T01:14:48.709+0800: 7.348: [GC (Allocation Failure) 2021-01-22T01:14:48.710+0800: 7.348: [ParNew: 314559K->34943K(314560K), 0.0139057 secs] 813070K->610640K(1013632K), 0.0147399 secs] [Times: user=0.11 sys=0.00, real=0.01 secs] 
2021-01-22T01:14:48.757+0800: 7.396: [GC (Allocation Failure) 2021-01-22T01:14:48.758+0800: 7.396: [ParNew: 314559K->34943K(314560K), 0.0137085 secs] 890256K->692224K(1013632K), 0.0145875 secs] [Times: user=0.10 sys=0.01, real=0.02 secs] 
2021-01-22T01:14:48.774+0800: 7.412: [CMS-concurrent-abortable-preclean: 0.004/0.093 secs] [Times: user=0.27 sys=0.01, real=0.09 secs] 
2021-01-22T01:14:48.774+0800: 7.413: [GC (CMS Final Remark) [YG occupancy: 58771 K (314560 K)]2021-01-22T01:14:48.775+0800: 7.413: [Rescan (parallel) , 0.0011346 secs]2021-01-22T01:14:48.776+0800: 7.415: [weak refs processing, 0.0002818 secs]2021-01-22T01:14:48.777+0800: 7.415: [class unloading, 0.0004592 secs]2021-01-22T01:14:48.777+0800: 7.416: [scrub symbol table, 0.0005112 secs]2021-01-22T01:14:48.778+0800: 7.417: [scrub string table, 0.0003863 secs][1 CMS-remark: 657280K(699072K)] 716051K(1013632K), 0.0044620 secs] [Times: user=0.01 sys=0.00, real=0.01 secs] 
2021-01-22T01:14:48.779+0800: 7.418: [CMS-concurrent-sweep-start]
2021-01-22T01:14:48.780+0800: 7.419: [CMS-concurrent-sweep: 0.001/0.001 secs] [Times: user=0.00 sys=0.00, real=0.00 secs] 
2021-01-22T01:14:48.781+0800: 7.419: [CMS-concurrent-reset-start]
2021-01-22T01:14:48.781+0800: 7.420: [CMS-concurrent-reset: 0.001/0.001 secs] [Times: user=0.00 sys=0.00, real=0.00 secs] 
2021-01-22T01:14:48.809+0800: 7.448: [GC (Allocation Failure) 2021-01-22T01:14:48.810+0800: 7.448: [ParNew: 314559K->34942K(314560K), 0.0221758 secs] 810667K->618552K(1013632K), 0.0228857 secs] [Times: user=0.16 sys=0.00, real=0.02 secs] 
2021-01-22T01:14:48.833+0800: 7.471: [GC (CMS Initial Mark) [1 CMS-initial-mark: 583609K(699072K)] 624402K(1013632K), 0.0012622 secs] [Times: user=0.00 sys=0.00, real=0.00 secs] 
2021-01-22T01:14:48.835+0800: 7.473: [CMS-concurrent-mark-start]
2021-01-22T01:14:48.837+0800: 7.476: [CMS-concurrent-mark: 0.002/0.002 secs] [Times: user=0.01 sys=0.00, real=0.00 secs] 
2021-01-22T01:14:48.837+0800: 7.476: [CMS-concurrent-preclean-start]
2021-01-22T01:14:48.838+0800: 7.477: [CMS-concurrent-preclean: 0.001/0.001 secs] [Times: user=0.00 sys=0.00, real=0.01 secs] 
2021-01-22T01:14:48.838+0800: 7.477: [CMS-concurrent-abortable-preclean-start]
2021-01-22T01:14:48.870+0800: 7.509: [GC (Allocation Failure) 2021-01-22T01:14:48.870+0800: 7.509: [ParNew: 314558K->34943K(314560K), 0.0180836 secs] 898168K->694638K(1013632K), 0.0187877 secs] [Times: user=0.12 sys=0.01, real=0.02 secs] 
2021-01-22T01:14:48.892+0800: 7.531: [CMS-concurrent-abortable-preclean: 0.003/0.054 secs] [Times: user=0.16 sys=0.01, real=0.05 secs] 
2021-01-22T01:14:48.893+0800: 7.531: [GC (CMS Final Remark) [YG occupancy: 52380 K (314560 K)]2021-01-22T01:14:48.893+0800: 7.532: [Rescan (parallel) , 0.0011528 secs]2021-01-22T01:14:48.894+0800: 7.533: [weak refs processing, 0.0002293 secs]2021-01-22T01:14:48.895+0800: 7.533: [class unloading, 0.0005468 secs]2021-01-22T01:14:48.896+0800: 7.534: [scrub symbol table, 0.0004439 secs]2021-01-22T01:14:48.896+0800: 7.535: [scrub string table, 0.0002938 secs][1 CMS-remark: 659694K(699072K)] 712075K(1013632K), 0.0039129 secs] [Times: user=0.00 sys=0.00, real=0.00 secs] 
2021-01-22T01:14:48.897+0800: 7.536: [CMS-concurrent-sweep-start]
2021-01-22T01:14:48.898+0800: 7.537: [CMS-concurrent-sweep: 0.001/0.001 secs] [Times: user=0.00 sys=0.00, real=0.00 secs] 
2021-01-22T01:14:48.898+0800: 7.537: [CMS-concurrent-reset-start]
2021-01-22T01:14:48.899+0800: 7.537: [CMS-concurrent-reset: 0.001/0.001 secs] [Times: user=0.00 sys=0.00, real=0.00 secs] 
2021-01-22T01:14:48.927+0800: 7.566: [GC (Allocation Failure) 2021-01-22T01:14:48.928+0800: 7.566: [ParNew: 314559K->34942K(314560K), 0.0167680 secs] 733877K->535820K(1013632K), 0.0173882 secs] [Times: user=0.12 sys=0.01, real=0.02 secs] 
2021-01-22T01:14:48.945+0800: 7.584: [GC (CMS Initial Mark) [1 CMS-initial-mark: 500878K(699072K)] 541436K(1013632K), 0.0009831 secs] [Times: user=0.00 sys=0.00, real=0.00 secs] 
2021-01-22T01:14:48.947+0800: 7.585: [CMS-concurrent-mark-start]
2021-01-22T01:14:48.949+0800: 7.587: [CMS-concurrent-mark: 0.002/0.002 secs] [Times: user=0.01 sys=0.00, real=0.01 secs] 
2021-01-22T01:14:48.949+0800: 7.588: [CMS-concurrent-preclean-start]
2021-01-22T01:14:48.950+0800: 7.589: [CMS-concurrent-preclean: 0.001/0.001 secs] [Times: user=0.00 sys=0.00, real=0.00 secs] 
2021-01-22T01:14:48.950+0800: 7.589: [CMS-concurrent-abortable-preclean-start]
2021-01-22T01:14:48.981+0800: 7.619: [GC (Allocation Failure) 2021-01-22T01:14:48.981+0800: 7.620: [ParNew: 314558K->34943K(314560K), 0.0148724 secs] 815436K->613463K(1013632K), 0.0155351 secs] [Times: user=0.10 sys=0.01, real=0.01 secs] 
2021-01-22T01:14:49.032+0800: 7.671: [GC (Allocation Failure) 2021-01-22T01:14:49.032+0800: 7.671: [ParNew: 314559K->34943K(314560K), 0.0132773 secs] 893079K->684683K(1013632K), 0.0142718 secs] [Times: user=0.10 sys=0.00, real=0.01 secs] 
2021-01-22T01:14:49.048+0800: 7.687: [CMS-concurrent-abortable-preclean: 0.004/0.098 secs] [Times: user=0.28 sys=0.01, real=0.10 secs] 
2021-01-22T01:14:49.050+0800: 7.688: [GC (CMS Final Remark) [YG occupancy: 57950 K (314560 K)]2021-01-22T01:14:49.050+0800: 7.689: [Rescan (parallel) , 0.0014891 secs]2021-01-22T01:14:49.052+0800: 7.691: [weak refs processing, 0.0003037 secs]2021-01-22T01:14:49.053+0800: 7.691: [class unloading, 0.0004749 secs]2021-01-22T01:14:49.053+0800: 7.692: [scrub symbol table, 0.0005987 secs]2021-01-22T01:14:49.054+0800: 7.693: [scrub string table, 0.0005056 secs][1 CMS-remark: 649739K(699072K)] 707690K(1013632K), 0.0056049 secs] [Times: user=0.00 sys=0.00, real=0.00 secs] 
2021-01-22T01:14:49.056+0800: 7.694: [CMS-concurrent-sweep-start]
2021-01-22T01:14:49.057+0800: 7.695: [CMS-concurrent-sweep: 0.001/0.001 secs] [Times: user=0.00 sys=0.00, real=0.00 secs] 
2021-01-22T01:14:49.057+0800: 7.696: [CMS-concurrent-reset-start]
2021-01-22T01:14:49.058+0800: 7.697: [CMS-concurrent-reset: 0.001/0.001 secs] [Times: user=0.01 sys=0.00, real=0.01 secs] 
2021-01-22T01:14:49.086+0800: 7.724: [GC (Allocation Failure) 2021-01-22T01:14:49.086+0800: 7.725: [ParNew: 314559K->34943K(314560K), 0.0169247 secs] 805355K->615326K(1013632K), 0.0177787 secs] [Times: user=0.12 sys=0.00, real=0.02 secs] 
2021-01-22T01:14:49.105+0800: 7.743: [GC (CMS Initial Mark) [1 CMS-initial-mark: 580382K(699072K)] 621159K(1013632K), 0.0015981 secs] [Times: user=0.00 sys=0.00, real=0.00 secs] 
2021-01-22T01:14:49.107+0800: 7.746: [CMS-concurrent-mark-start]
2021-01-22T01:14:49.110+0800: 7.748: [CMS-concurrent-mark: 0.003/0.003 secs] [Times: user=0.01 sys=0.00, real=0.01 secs] 
2021-01-22T01:14:49.110+0800: 7.749: [CMS-concurrent-preclean-start]
2021-01-22T01:14:49.111+0800: 7.750: [CMS-concurrent-preclean: 0.001/0.001 secs] [Times: user=0.00 sys=0.00, real=0.00 secs] 
2021-01-22T01:14:49.111+0800: 7.750: [CMS-concurrent-abortable-preclean-start]
2021-01-22T01:14:49.142+0800: 7.781: [GC (Allocation Failure) 2021-01-22T01:14:49.143+0800: 7.781: [ParNew: 314559K->34943K(314560K), 0.0145060 secs] 894942K->693368K(1013632K), 0.0154126 secs] [Times: user=0.10 sys=0.00, real=0.01 secs] 
2021-01-22T01:14:49.159+0800: 7.798: [CMS-concurrent-abortable-preclean: 0.002/0.048 secs] [Times: user=0.14 sys=0.00, real=0.05 secs] 
2021-01-22T01:14:49.160+0800: 7.799: [GC (CMS Final Remark) [YG occupancy: 53346 K (314560 K)]2021-01-22T01:14:49.161+0800: 7.799: [Rescan (parallel) , 0.0012695 secs]2021-01-22T01:14:49.162+0800: 7.801: [weak refs processing, 0.0003346 secs]2021-01-22T01:14:49.163+0800: 7.801: [class unloading, 0.0004613 secs]2021-01-22T01:14:49.164+0800: 7.802: [scrub symbol table, 0.0005742 secs]2021-01-22T01:14:49.164+0800: 7.803: [scrub string table, 0.0004427 secs][1 CMS-remark: 658424K(699072K)] 711771K(1013632K), 0.0048192 secs] [Times: user=0.00 sys=0.00, real=0.00 secs] 
2021-01-22T01:14:49.166+0800: 7.804: [CMS-concurrent-sweep-start]
2021-01-22T01:14:49.167+0800: 7.806: [CMS-concurrent-sweep: 0.001/0.001 secs] [Times: user=0.00 sys=0.00, real=0.00 secs] 
2021-01-22T01:14:49.167+0800: 7.806: [CMS-concurrent-reset-start]
2021-01-22T01:14:49.168+0800: 7.806: [CMS-concurrent-reset: 0.000/0.000 secs] [Times: user=0.00 sys=0.00, real=0.00 secs] 
2021-01-22T01:14:49.198+0800: 7.837: [GC (Allocation Failure) 2021-01-22T01:14:49.198+0800: 7.837: [ParNew: 314559K->34943K(314560K), 0.0146446 secs] 732517K->526321K(1013632K), 0.0156051 secs] [Times: user=0.11 sys=0.00, real=0.02 secs] 
2021-01-22T01:14:49.215+0800: 7.853: [GC (CMS Initial Mark) [1 CMS-initial-mark: 491378K(699072K)] 532266K(1013632K), 0.0012803 secs] [Times: user=0.00 sys=0.00, real=0.00 secs] 
2021-01-22T01:14:49.217+0800: 7.855: [CMS-concurrent-mark-start]
2021-01-22T01:14:49.219+0800: 7.857: [CMS-concurrent-mark: 0.002/0.002 secs] [Times: user=0.01 sys=0.00, real=0.01 secs] 
2021-01-22T01:14:49.219+0800: 7.858: [CMS-concurrent-preclean-start]
2021-01-22T01:14:49.220+0800: 7.858: [CMS-concurrent-preclean: 0.001/0.001 secs] [Times: user=0.00 sys=0.00, real=0.00 secs] 
2021-01-22T01:14:49.220+0800: 7.859: [CMS-concurrent-abortable-preclean-start]
2021-01-22T01:14:49.249+0800: 7.887: [GC (Allocation Failure) 2021-01-22T01:14:49.249+0800: 7.888: [ParNew: 314559K->34943K(314560K), 0.0167874 secs] 805937K->605755K(1013632K), 0.0176274 secs] [Times: user=0.12 sys=0.00, real=0.01 secs] 
2021-01-22T01:14:49.300+0800: 7.939: [GC (Allocation Failure) 2021-01-22T01:14:49.301+0800: 7.939: [ParNew: 314559K->34943K(314560K), 0.0172029 secs] 885371K->686991K(1013632K), 0.0179591 secs] [Times: user=0.13 sys=0.00, real=0.02 secs] 
2021-01-22T01:14:49.354+0800: 7.993: [GC (Allocation Failure) 2021-01-22T01:14:49.355+0800: 7.993: [ParNew: 314396K->314396K(314560K), 0.0003006 secs]2021-01-22T01:14:49.355+0800: 7.994: [CMS2021-01-22T01:14:49.356+0800: 7.994: [CMS-concurrent-abortable-preclean: 0.006/0.135 secs] [Times: user=0.36 sys=0.00, real=0.13 secs] 
 (concurrent mode failure): 652048K->382272K(699072K), 0.0531835 secs] 966445K->382272K(1013632K), [Metaspace: 2817K->2817K(1056768K)], 0.0548934 secs] [Times: user=0.05 sys=0.00, real=0.06 secs] 
2021-01-22T01:14:49.443+0800: 8.082: [GC (Allocation Failure) 2021-01-22T01:14:49.444+0800: 8.082: [ParNew: 279616K->34942K(314560K), 0.0122701 secs] 661888K->475051K(1013632K), 0.0133266 secs] [Times: user=0.09 sys=0.00, real=0.01 secs] 
2021-01-22T01:14:49.492+0800: 8.131: [GC (Allocation Failure) 2021-01-22T01:14:49.493+0800: 8.132: [ParNew: 314558K->34943K(314560K), 0.0142741 secs] 754667K->555483K(1013632K), 0.0153897 secs] [Times: user=0.10 sys=0.00, real=0.01 secs] 
2021-01-22T01:14:49.509+0800: 8.147: [GC (CMS Initial Mark) [1 CMS-initial-mark: 520539K(699072K)] 561212K(1013632K), 0.0016820 secs] [Times: user=0.01 sys=0.00, real=0.00 secs] 
2021-01-22T01:14:49.511+0800: 8.150: [CMS-concurrent-mark-start]
2021-01-22T01:14:49.513+0800: 8.152: [CMS-concurrent-mark: 0.002/0.002 secs] [Times: user=0.00 sys=0.00, real=0.00 secs] 
2021-01-22T01:14:49.513+0800: 8.152: [CMS-concurrent-preclean-start]
2021-01-22T01:14:49.514+0800: 8.153: [CMS-concurrent-preclean: 0.001/0.001 secs] [Times: user=0.00 sys=0.00, real=0.00 secs] 
2021-01-22T01:14:49.515+0800: 8.153: [CMS-concurrent-abortable-preclean-start]
2021-01-22T01:14:49.544+0800: 8.183: [GC (Allocation Failure) 2021-01-22T01:14:49.545+0800: 8.183: [ParNew: 314559K->34942K(314560K), 0.0138654 secs] 835099K->629121K(1013632K), 0.0147474 secs] [Times: user=0.11 sys=0.00, real=0.02 secs] 
2021-01-22T01:14:49.593+0800: 8.232: [GC (Allocation Failure) 2021-01-22T01:14:49.594+0800: 8.232: [ParNew: 314558K->34943K(314560K), 0.0154454 secs] 908737K->716091K(1013632K), 0.0163883 secs] [Times: user=0.11 sys=0.00, real=0.02 secs] 
2021-01-22T01:14:49.610+0800: 8.249: [CMS-concurrent-abortable-preclean: 0.003/0.096 secs] [Times: user=0.28 sys=0.00, real=0.10 secs] 
2021-01-22T01:14:49.611+0800: 8.250: [GC (CMS Final Remark) [YG occupancy: 40894 K (314560 K)]2021-01-22T01:14:49.612+0800: 8.250: [Rescan (parallel) , 0.0017368 secs]2021-01-22T01:14:49.614+0800: 8.252: [weak refs processing, 0.0003519 secs]2021-01-22T01:14:49.614+0800: 8.253: [class unloading, 0.0005138 secs]2021-01-22T01:14:49.615+0800: 8.254: [scrub symbol table, 0.0006624 secs]2021-01-22T01:14:49.616+0800: 8.255: [scrub string table, 0.0004794 secs][1 CMS-remark: 681148K(699072K)] 722042K(1013632K), 0.0056938 secs] [Times: user=0.00 sys=0.00, real=0.00 secs] 
2021-01-22T01:14:49.618+0800: 8.256: [CMS-concurrent-sweep-start]
2021-01-22T01:14:49.618+0800: 8.257: [CMS-concurrent-sweep: 0.001/0.001 secs] [Times: user=0.00 sys=0.00, real=0.01 secs] 
2021-01-22T01:14:49.619+0800: 8.257: [CMS-concurrent-reset-start]
2021-01-22T01:14:49.619+0800: 8.258: [CMS-concurrent-reset: 0.000/0.000 secs] [Times: user=0.00 sys=0.00, real=0.00 secs] 
2021-01-22T01:14:49.660+0800: 8.298: [GC (Allocation Failure) 2021-01-22T01:14:49.660+0800: 8.299: [ParNew: 314559K->34943K(314560K), 0.0323608 secs] 826208K->627914K(1013632K), 0.0330845 secs] [Times: user=0.25 sys=0.00, real=0.03 secs] 
2021-01-22T01:14:49.694+0800: 8.333: [GC (CMS Initial Mark) [1 CMS-initial-mark: 592971K(699072K)] 633909K(1013632K), 0.0015129 secs] [Times: user=0.00 sys=0.00, real=0.00 secs] 
2021-01-22T01:14:49.696+0800: 8.335: [CMS-concurrent-mark-start]
2021-01-22T01:14:49.700+0800: 8.338: [CMS-concurrent-mark: 0.003/0.003 secs] [Times: user=0.01 sys=0.00, real=0.01 secs] 
2021-01-22T01:14:49.708+0800: 8.347: [CMS-concurrent-preclean-start]
2021-01-22T01:14:49.710+0800: 8.348: [CMS-concurrent-preclean: 0.001/0.001 secs] [Times: user=0.00 sys=0.00, real=0.00 secs] 
2021-01-22T01:14:49.710+0800: 8.348: [CMS-concurrent-abortable-preclean-start]
2021-01-22T01:14:49.738+0800: 8.376: [GC (Allocation Failure) 2021-01-22T01:14:49.738+0800: 8.377: [ParNew: 314559K->34943K(314560K), 0.0207514 secs] 907530K->700207K(1013632K), 0.0214277 secs] [Times: user=0.16 sys=0.00, real=0.03 secs] 
2021-01-22T01:14:49.760+0800: 8.398: [CMS-concurrent-abortable-preclean: 0.001/0.050 secs] [Times: user=0.19 sys=0.00, real=0.05 secs] 
2021-01-22T01:14:49.760+0800: 8.399: [GC (CMS Final Remark) [YG occupancy: 41211 K (314560 K)]2021-01-22T01:14:49.760+0800: 8.399: [Rescan (parallel) , 0.0048578 secs]2021-01-22T01:14:49.766+0800: 8.404: [weak refs processing, 0.0002587 secs]2021-01-22T01:14:49.766+0800: 8.405: [class unloading, 0.0004748 secs]2021-01-22T01:14:49.767+0800: 8.405: [scrub symbol table, 0.0005387 secs]2021-01-22T01:14:49.767+0800: 8.406: [scrub string table, 0.0003901 secs][1 CMS-remark: 665263K(699072K)] 706474K(1013632K), 0.0079077 secs] [Times: user=0.03 sys=0.00, real=0.01 secs] 
2021-01-22T01:14:49.769+0800: 8.407: [CMS-concurrent-sweep-start]
2021-01-22T01:14:49.770+0800: 8.408: [CMS-concurrent-sweep: 0.001/0.001 secs] [Times: user=0.00 sys=0.00, real=0.00 secs] 
2021-01-22T01:14:49.788+0800: 8.427: [CMS-concurrent-reset-start]
2021-01-22T01:14:49.789+0800: 8.427: [CMS-concurrent-reset: 0.001/0.001 secs] [Times: user=0.00 sys=0.00, real=0.00 secs] 
2021-01-22T01:14:49.800+0800: 8.439: [GC (Allocation Failure) 2021-01-22T01:14:49.801+0800: 8.439: [ParNew: 314559K->34942K(314560K), 0.0184355 secs] 736577K->543803K(1013632K), 0.0189914 secs] [Times: user=0.14 sys=0.00, real=0.02 secs] 
2021-01-22T01:14:49.820+0800: 8.459: [GC (CMS Initial Mark) [1 CMS-initial-mark: 508861K(699072K)] 549480K(1013632K), 0.0008611 secs] [Times: user=0.00 sys=0.00, real=0.00 secs] 
2021-01-22T01:14:49.821+0800: 8.460: [CMS-concurrent-mark-start]
2021-01-22T01:14:49.823+0800: 8.462: [CMS-concurrent-mark: 0.002/0.002 secs] [Times: user=0.00 sys=0.00, real=0.00 secs] 
2021-01-22T01:14:49.824+0800: 8.462: [CMS-concurrent-preclean-start]
2021-01-22T01:14:49.825+0800: 8.463: [CMS-concurrent-preclean: 0.001/0.001 secs] [Times: user=0.00 sys=0.00, real=0.00 secs] 
2021-01-22T01:14:49.825+0800: 8.463: [CMS-concurrent-abortable-preclean-start]
2021-01-22T01:14:49.855+0800: 8.493: [GC (Allocation Failure) 2021-01-22T01:14:49.855+0800: 8.494: [ParNew: 314340K->34943K(314560K), 0.0141349 secs] 823201K->621343K(1013632K), 0.0146694 secs] [Times: user=0.11 sys=0.00, real=0.02 secs] 
2021-01-22T01:14:49.901+0800: 8.539: [GC (Allocation Failure) 2021-01-22T01:14:49.901+0800: 8.540: [ParNew: 314402K->34943K(314560K), 0.0139734 secs] 900802K->701567K(1013632K), 0.0147403 secs] [Times: user=0.11 sys=0.00, real=0.01 secs] 
2021-01-22T01:14:49.916+0800: 8.555: [CMS-concurrent-abortable-preclean: 0.003/0.091 secs] [Times: user=0.29 sys=0.00, real=0.09 secs] 
2021-01-22T01:14:49.917+0800: 8.555: [GC (CMS Final Remark) [YG occupancy: 40691 K (314560 K)]2021-01-22T01:14:49.917+0800: 8.555: [Rescan (parallel) , 0.0009607 secs]2021-01-22T01:14:49.918+0800: 8.557: [weak refs processing, 0.0003001 secs]2021-01-22T01:14:49.919+0800: 8.557: [class unloading, 0.0004231 secs]2021-01-22T01:14:49.919+0800: 8.558: [scrub symbol table, 0.0005429 secs]2021-01-22T01:14:49.920+0800: 8.559: [scrub string table, 0.0003872 secs][1 CMS-remark: 666623K(699072K)] 707314K(1013632K), 0.0042569 secs] [Times: user=0.00 sys=0.00, real=0.01 secs] 
2021-01-22T01:14:49.921+0800: 8.560: [CMS-concurrent-sweep-start]
2021-01-22T01:14:49.922+0800: 8.561: [CMS-concurrent-sweep: 0.001/0.001 secs] [Times: user=0.00 sys=0.00, real=0.00 secs] 
2021-01-22T01:14:49.923+0800: 8.561: [CMS-concurrent-reset-start]
2021-01-22T01:14:49.923+0800: 8.562: [CMS-concurrent-reset: 0.001/0.001 secs] [Times: user=0.00 sys=0.00, real=0.00 secs] 
2021-01-22T01:14:49.955+0800: 8.594: [GC (Allocation Failure) 2021-01-22T01:14:49.955+0800: 8.594: [ParNew: 314559K->34942K(314560K), 0.0238742 secs] 824555K->619770K(1013632K), 0.0244726 secs] [Times: user=0.17 sys=0.00, real=0.03 secs] 
2021-01-22T01:14:49.980+0800: 8.619: [GC (CMS Initial Mark) [1 CMS-initial-mark: 584828K(699072K)] 625341K(1013632K), 0.0011501 secs] [Times: user=0.00 sys=0.00, real=0.00 secs] 
2021-01-22T01:14:49.982+0800: 8.620: [CMS-concurrent-mark-start]
2021-01-22T01:14:49.984+0800: 8.623: [CMS-concurrent-mark: 0.003/0.003 secs] [Times: user=0.01 sys=0.00, real=0.00 secs] 
2021-01-22T01:14:49.985+0800: 8.624: [CMS-concurrent-preclean-start]
2021-01-22T01:14:49.986+0800: 8.624: [CMS-concurrent-preclean: 0.001/0.001 secs] [Times: user=0.00 sys=0.00, real=0.00 secs] 
2021-01-22T01:14:49.986+0800: 8.625: [CMS-concurrent-abortable-preclean-start]
2021-01-22T01:14:50.018+0800: 8.657: [GC (Allocation Failure) 2021-01-22T01:14:50.019+0800: 8.657: [ParNew: 314558K->34943K(314560K), 0.0185532 secs] 899386K->707116K(1013632K), 0.0192459 secs] [Times: user=0.15 sys=0.00, real=0.01 secs] 
2021-01-22T01:14:50.038+0800: 8.677: [CMS-concurrent-abortable-preclean: 0.001/0.052 secs] [Times: user=0.18 sys=0.00, real=0.06 secs] 
2021-01-22T01:14:50.039+0800: 8.677: [GC (CMS Final Remark) [YG occupancy: 40557 K (314560 K)]2021-01-22T01:14:50.039+0800: 8.677: [Rescan (parallel) , 0.0089824 secs]2021-01-22T01:14:50.048+0800: 8.687: [weak refs processing, 0.0002055 secs]2021-01-22T01:14:50.049+0800: 8.687: [class unloading, 0.0003654 secs]2021-01-22T01:14:50.049+0800: 8.688: [scrub symbol table, 0.0004639 secs]2021-01-22T01:14:50.050+0800: 8.688: [scrub string table, 0.0003298 secs][1 CMS-remark: 672172K(699072K)] 712730K(1013632K), 0.0117908 secs] [Times: user=0.04 sys=0.02, real=0.01 secs] 
2021-01-22T01:14:50.051+0800: 8.690: [CMS-concurrent-sweep-start]
2021-01-22T01:14:50.052+0800: 8.691: [CMS-concurrent-sweep: 0.001/0.001 secs] [Times: user=0.00 sys=0.00, real=0.00 secs] 
2021-01-22T01:14:50.052+0800: 8.691: [CMS-concurrent-reset-start]
2021-01-22T01:14:50.053+0800: 8.691: [CMS-concurrent-reset: 0.000/0.000 secs] [Times: user=0.00 sys=0.00, real=0.00 secs] 
2021-01-22T01:14:50.082+0800: 8.720: [GC (Allocation Failure) 2021-01-22T01:14:50.082+0800: 8.721: [ParNew: 314559K->34943K(314560K), 0.0148672 secs] 736144K->538731K(1013632K), 0.0155142 secs] [Times: user=0.11 sys=0.00, real=0.01 secs] 
2021-01-22T01:14:50.098+0800: 8.737: [GC (CMS Initial Mark) [1 CMS-initial-mark: 503787K(699072K)] 545087K(1013632K), 0.0008349 secs] [Times: user=0.00 sys=0.00, real=0.01 secs] 
2021-01-22T01:14:50.099+0800: 8.738: [CMS-concurrent-mark-start]
2021-01-22T01:14:50.101+0800: 8.740: [CMS-concurrent-mark: 0.002/0.002 secs] [Times: user=0.01 sys=0.00, real=0.00 secs] 
2021-01-22T01:14:50.102+0800: 8.740: [CMS-concurrent-preclean-start]
2021-01-22T01:14:50.102+0800: 8.741: [CMS-concurrent-preclean: 0.001/0.001 secs] [Times: user=0.00 sys=0.00, real=0.00 secs] 
2021-01-22T01:14:50.103+0800: 8.741: [CMS-concurrent-abortable-preclean-start]
2021-01-22T01:14:50.131+0800: 8.769: [GC (Allocation Failure) 2021-01-22T01:14:50.131+0800: 8.769: [ParNew: 314559K->34943K(314560K), 0.0166690 secs] 818347K->620374K(1013632K), 0.0172337 secs] [Times: user=0.12 sys=0.00, real=0.01 secs] 
2021-01-22T01:14:50.181+0800: 8.820: [GC (Allocation Failure) 2021-01-22T01:14:50.182+0800: 8.820: [ParNew: 314559K->34943K(314560K), 0.0186066 secs] 899990K->705585K(1013632K), 0.0192039 secs] [Times: user=0.14 sys=0.00, real=0.02 secs] 
2021-01-22T01:14:50.201+0800: 8.840: [CMS-concurrent-abortable-preclean: 0.003/0.099 secs] [Times: user=0.33 sys=0.00, real=0.10 secs] 
2021-01-22T01:14:50.201+0800: 8.840: [GC (CMS Final Remark) [YG occupancy: 41249 K (314560 K)]2021-01-22T01:14:50.202+0800: 8.840: [Rescan (parallel) , 0.0011614 secs]2021-01-22T01:14:50.203+0800: 8.842: [weak refs processing, 0.0002000 secs]2021-01-22T01:14:50.203+0800: 8.842: [class unloading, 0.0003445 secs]2021-01-22T01:14:50.204+0800: 8.843: [scrub symbol table, 0.0005015 secs]2021-01-22T01:14:50.205+0800: 8.843: [scrub string table, 0.0003792 secs][1 CMS-remark: 670642K(699072K)] 711892K(1013632K), 0.0038082 secs] [Times: user=0.01 sys=0.00, real=0.00 secs] 
2021-01-22T01:14:50.206+0800: 8.844: [CMS-concurrent-sweep-start]
2021-01-22T01:14:50.207+0800: 8.846: [CMS-concurrent-sweep: 0.001/0.001 secs] [Times: user=0.00 sys=0.00, real=0.00 secs] 
2021-01-22T01:14:50.208+0800: 8.846: [CMS-concurrent-reset-start]
2021-01-22T01:14:50.208+0800: 8.847: [CMS-concurrent-reset: 0.000/0.000 secs] [Times: user=0.00 sys=0.00, real=0.00 secs] 
2021-01-22T01:14:50.236+0800: 8.875: [GC (Allocation Failure) 2021-01-22T01:14:50.237+0800: 8.875: [ParNew: 314559K->34943K(314560K), 0.0161028 secs] 833686K->639780K(1013632K), 0.0172532 secs] [Times: user=0.12 sys=0.00, real=0.02 secs] 
2021-01-22T01:14:50.254+0800: 8.893: [GC (CMS Initial Mark) [1 CMS-initial-mark: 604836K(699072K)] 646011K(1013632K), 0.0012133 secs] [Times: user=0.01 sys=0.00, real=0.00 secs] 
2021-01-22T01:14:50.256+0800: 8.895: [CMS-concurrent-mark-start]
2021-01-22T01:14:50.259+0800: 8.897: [CMS-concurrent-mark: 0.002/0.002 secs] [Times: user=0.00 sys=0.00, real=0.01 secs] 
2021-01-22T01:14:50.259+0800: 8.898: [CMS-concurrent-preclean-start]
2021-01-22T01:14:50.260+0800: 8.898: [CMS-concurrent-preclean: 0.001/0.001 secs] [Times: user=0.00 sys=0.00, real=0.00 secs] 
2021-01-22T01:14:50.260+0800: 8.899: [CMS-concurrent-abortable-preclean-start]
2021-01-22T01:14:50.291+0800: 8.929: [GC (Allocation Failure) 2021-01-22T01:14:50.291+0800: 8.930: [ParNew: 313867K->34942K(314560K), 0.0152205 secs] 918704K->716210K(1013632K), 0.0160387 secs] [Times: user=0.11 sys=0.00, real=0.01 secs] 
2021-01-22T01:14:50.307+0800: 8.946: [CMS-concurrent-abortable-preclean: 0.001/0.047 secs] [Times: user=0.15 sys=0.00, real=0.04 secs] 
2021-01-22T01:14:50.308+0800: 8.946: [GC (CMS Final Remark) [YG occupancy: 41303 K (314560 K)]2021-01-22T01:14:50.308+0800: 8.946: [Rescan (parallel) , 0.0010951 secs]2021-01-22T01:14:50.309+0800: 8.948: [weak refs processing, 0.0003990 secs]2021-01-22T01:14:50.310+0800: 8.948: [class unloading, 0.0003914 secs]2021-01-22T01:14:50.311+0800: 8.949: [scrub symbol table, 0.0004757 secs]2021-01-22T01:14:50.311+0800: 8.950: [scrub string table, 0.0003456 secs][1 CMS-remark: 681268K(699072K)] 722571K(1013632K), 0.0040375 secs] [Times: user=0.01 sys=0.00, real=0.01 secs] 
2021-01-22T01:14:50.312+0800: 8.951: [CMS-concurrent-sweep-start]
2021-01-22T01:14:50.313+0800: 8.952: [CMS-concurrent-sweep: 0.001/0.001 secs] [Times: user=0.00 sys=0.00, real=0.00 secs] 
2021-01-22T01:14:50.314+0800: 8.952: [CMS-concurrent-reset-start]
2021-01-22T01:14:50.314+0800: 8.953: [CMS-concurrent-reset: 0.001/0.001 secs] [Times: user=0.00 sys=0.00, real=0.00 secs] 
2021-01-22T01:14:50.346+0800: 8.984: [GC (Allocation Failure) 2021-01-22T01:14:50.346+0800: 8.985: [ParNew: 314558K->34943K(314560K), 0.0154005 secs] 741403K->537893K(1013632K), 0.0160394 secs] [Times: user=0.11 sys=0.01, real=0.02 secs] 
2021-01-22T01:14:50.363+0800: 9.001: [GC (CMS Initial Mark) [1 CMS-initial-mark: 502949K(699072K)] 543549K(1013632K), 0.0012391 secs] [Times: user=0.00 sys=0.00, real=0.00 secs] 
2021-01-22T01:14:50.364+0800: 9.003: [CMS-concurrent-mark-start]
2021-01-22T01:14:50.366+0800: 9.005: [CMS-concurrent-mark: 0.002/0.002 secs] [Times: user=0.01 sys=0.00, real=0.00 secs] 
2021-01-22T01:14:50.367+0800: 9.005: [CMS-concurrent-preclean-start]
2021-01-22T01:14:50.367+0800: 9.006: [CMS-concurrent-preclean: 0.001/0.001 secs] [Times: user=0.00 sys=0.00, real=0.00 secs] 
2021-01-22T01:14:50.368+0800: 9.006: [CMS-concurrent-abortable-preclean-start]
2021-01-22T01:14:50.397+0800: 9.036: [GC (Allocation Failure) 2021-01-22T01:14:50.398+0800: 9.036: [ParNew: 314559K->34943K(314560K), 0.0147293 secs] 817509K->615310K(1013632K), 0.0154339 secs] [Times: user=0.10 sys=0.01, real=0.02 secs] 
2021-01-22T01:14:50.446+0800: 9.085: [GC (Allocation Failure) 2021-01-22T01:14:50.447+0800: 9.085: [ParNew: 314559K->34943K(314560K), 0.0148454 secs] 894926K->690960K(1013632K), 0.0155633 secs] [Times: user=0.11 sys=0.00, real=0.02 secs] 
2021-01-22T01:14:50.464+0800: 9.103: [CMS-concurrent-abortable-preclean: 0.004/0.096 secs] [Times: user=0.28 sys=0.01, real=0.10 secs] 
2021-01-22T01:14:50.465+0800: 9.103: [GC (CMS Final Remark) [YG occupancy: 53093 K (314560 K)]2021-01-22T01:14:50.465+0800: 9.104: [Rescan (parallel) , 0.0017441 secs]2021-01-22T01:14:50.467+0800: 9.106: [weak refs processing, 0.0004005 secs]2021-01-22T01:14:50.468+0800: 9.107: [class unloading, 0.0005759 secs]2021-01-22T01:14:50.469+0800: 9.108: [scrub symbol table, 0.0006737 secs]2021-01-22T01:14:50.470+0800: 9.109: [scrub string table, 0.0005264 secs][1 CMS-remark: 656016K(699072K)] 709110K(1013632K), 0.0061325 secs] [Times: user=0.00 sys=0.01, real=0.01 secs] 
2021-01-22T01:14:50.472+0800: 9.111: [CMS-concurrent-sweep-start]
2021-01-22T01:14:50.473+0800: 9.112: [CMS-concurrent-sweep: 0.001/0.001 secs] [Times: user=0.00 sys=0.00, real=0.00 secs] 
2021-01-22T01:14:50.474+0800: 9.112: [CMS-concurrent-reset-start]
2021-01-22T01:14:50.475+0800: 9.113: [CMS-concurrent-reset: 0.001/0.001 secs] [Times: user=0.00 sys=0.00, real=0.00 secs] 
2021-01-22T01:14:50.503+0800: 9.141: [GC (Allocation Failure) 2021-01-22T01:14:50.503+0800: 9.142: [ParNew: 314559K->34942K(314560K), 0.0149407 secs] 806474K->604912K(1013632K), 0.0158270 secs] [Times: user=0.11 sys=0.00, real=0.02 secs] 
2021-01-22T01:14:50.520+0800: 9.158: [GC (CMS Initial Mark) [1 CMS-initial-mark: 569969K(699072K)] 610496K(1013632K), 0.0017342 secs] [Times: user=0.01 sys=0.00, real=0.00 secs] 
2021-01-22T01:14:50.522+0800: 9.161: [CMS-concurrent-mark-start]
2021-01-22T01:14:50.525+0800: 9.163: [CMS-concurrent-mark: 0.002/0.002 secs] [Times: user=0.00 sys=0.00, real=0.00 secs] 
2021-01-22T01:14:50.525+0800: 9.164: [CMS-concurrent-preclean-start]
2021-01-22T01:14:50.526+0800: 9.165: [CMS-concurrent-preclean: 0.001/0.001 secs] [Times: user=0.00 sys=0.00, real=0.00 secs] 
2021-01-22T01:14:50.527+0800: 9.165: [CMS-concurrent-abortable-preclean-start]
2021-01-22T01:14:50.557+0800: 9.196: [GC (Allocation Failure) 2021-01-22T01:14:50.558+0800: 9.196: [ParNew: 314558K->34943K(314560K), 0.0141416 secs] 884528K->678436K(1013632K), 0.0150408 secs] [Times: user=0.10 sys=0.00, real=0.02 secs] 
2021-01-22T01:14:50.604+0800: 9.243: [GC (Allocation Failure) 2021-01-22T01:14:50.605+0800: 9.243: [ParNew: 314559K->314559K(314560K), 0.0003232 secs]2021-01-22T01:14:50.605+0800: 9.244: [CMS2021-01-22T01:14:50.606+0800: 9.244: [CMS-concurrent-abortable-preclean: 0.003/0.079 secs] [Times: user=0.17 sys=0.00, real=0.08 secs] 
 (concurrent mode failure): 643493K->380797K(699072K), 0.0514570 secs] 958052K->380797K(1013632K), [Metaspace: 2817K->2817K(1056768K)], 0.0529866 secs] [Times: user=0.06 sys=0.00, real=0.05 secs] 
2021-01-22T01:14:50.692+0800: 9.331: [GC (Allocation Failure) 2021-01-22T01:14:50.693+0800: 9.331: [ParNew: 279616K->34942K(314560K), 0.0105250 secs] 660413K->459468K(1013632K), 0.0115818 secs] [Times: user=0.07 sys=0.00, real=0.01 secs] 
2021-01-22T01:14:50.739+0800: 9.377: [GC (Allocation Failure) 2021-01-22T01:14:50.739+0800: 9.378: [ParNew: 314558K->34942K(314560K), 0.0171254 secs] 739084K->545417K(1013632K), 0.0181689 secs] [Times: user=0.13 sys=0.00, real=0.01 secs] 
2021-01-22T01:14:50.758+0800: 9.397: [GC (CMS Initial Mark) [1 CMS-initial-mark: 510475K(699072K)] 551336K(1013632K), 0.0015741 secs] [Times: user=0.00 sys=0.00, real=0.01 secs] 
2021-01-22T01:14:50.760+0800: 9.399: [CMS-concurrent-mark-start]
2021-01-22T01:14:50.762+0800: 9.401: [CMS-concurrent-mark: 0.002/0.002 secs] [Times: user=0.00 sys=0.00, real=0.00 secs] 
2021-01-22T01:14:50.763+0800: 9.401: [CMS-concurrent-preclean-start]
2021-01-22T01:14:50.764+0800: 9.402: [CMS-concurrent-preclean: 0.001/0.001 secs] [Times: user=0.00 sys=0.00, real=0.00 secs] 
2021-01-22T01:14:50.764+0800: 9.403: [CMS-concurrent-abortable-preclean-start]
2021-01-22T01:14:50.795+0800: 9.434: [GC (Allocation Failure) 2021-01-22T01:14:50.796+0800: 9.434: [ParNew: 314558K->34942K(314560K), 0.0157727 secs] 825033K->621631K(1013632K), 0.0168493 secs] [Times: user=0.11 sys=0.00, real=0.02 secs] 
2021-01-22T01:14:50.850+0800: 9.489: [GC (Allocation Failure) 2021-01-22T01:14:50.851+0800: 9.489: [ParNew: 314558K->34943K(314560K), 0.0168597 secs] 901247K->701306K(1013632K), 0.0177961 secs] [Times: user=0.12 sys=0.00, real=0.02 secs] 
2021-01-22T01:14:50.869+0800: 9.508: [CMS-concurrent-abortable-preclean: 0.003/0.105 secs] [Times: user=0.30 sys=0.00, real=0.11 secs] 
2021-01-22T01:14:50.870+0800: 9.508: [GC (CMS Final Remark) [YG occupancy: 41134 K (314560 K)]2021-01-22T01:14:50.870+0800: 9.509: [Rescan (parallel) , 0.0012424 secs]2021-01-22T01:14:50.872+0800: 9.510: [weak refs processing, 0.0002928 secs]2021-01-22T01:14:50.872+0800: 9.511: [class unloading, 0.0007367 secs]2021-01-22T01:14:50.873+0800: 9.512: [scrub symbol table, 0.0007590 secs]2021-01-22T01:14:50.874+0800: 9.513: [scrub string table, 0.0006451 secs][1 CMS-remark: 666363K(699072K)] 707497K(1013632K), 0.0056385 secs] [Times: user=0.00 sys=0.00, real=0.00 secs] 
2021-01-22T01:14:50.876+0800: 9.515: [CMS-concurrent-sweep-start]
2021-01-22T01:14:50.877+0800: 9.515: [CMS-concurrent-sweep: 0.001/0.001 secs] [Times: user=0.00 sys=0.00, real=0.00 secs] 
2021-01-22T01:14:50.877+0800: 9.516: [CMS-concurrent-reset-start]
2021-01-22T01:14:50.878+0800: 9.516: [CMS-concurrent-reset: 0.001/0.001 secs] [Times: user=0.00 sys=0.00, real=0.00 secs] 
2021-01-22T01:14:50.911+0800: 9.550: [GC (Allocation Failure) 2021-01-22T01:14:50.911+0800: 9.550: [ParNew: 314559K->34942K(314560K), 0.0162360 secs] 819904K->616449K(1013632K), 0.0170032 secs] [Times: user=0.12 sys=0.01, real=0.02 secs] 
2021-01-22T01:14:50.929+0800: 9.568: [GC (CMS Initial Mark) [1 CMS-initial-mark: 581506K(699072K)] 623202K(1013632K), 0.0012486 secs] [Times: user=0.00 sys=0.00, real=0.00 secs] 
2021-01-22T01:14:50.931+0800: 9.570: [CMS-concurrent-mark-start]
2021-01-22T01:14:50.933+0800: 9.572: [CMS-concurrent-mark: 0.002/0.002 secs] [Times: user=0.01 sys=0.00, real=0.00 secs] 
2021-01-22T01:14:50.934+0800: 9.572: [CMS-concurrent-preclean-start]
2021-01-22T01:14:50.934+0800: 9.573: [CMS-concurrent-preclean: 0.001/0.001 secs] [Times: user=0.00 sys=0.00, real=0.00 secs] 
2021-01-22T01:14:50.935+0800: 9.573: [CMS-concurrent-abortable-preclean-start]
2021-01-22T01:14:50.965+0800: 9.604: [GC (Allocation Failure) 2021-01-22T01:14:50.965+0800: 9.604: [ParNew: 314558K->34942K(314560K), 0.0199468 secs] 896065K->689035K(1013632K), 0.0208901 secs] [Times: user=0.16 sys=0.00, real=0.02 secs] 
2021-01-22T01:14:50.988+0800: 9.626: [CMS-concurrent-abortable-preclean: 0.002/0.053 secs] [Times: user=0.19 sys=0.00, real=0.05 secs] 
2021-01-22T01:14:50.988+0800: 9.627: [GC (CMS Final Remark) [YG occupancy: 54453 K (314560 K)]2021-01-22T01:14:50.989+0800: 9.627: [Rescan (parallel) , 0.0016683 secs]2021-01-22T01:14:50.991+0800: 9.629: [weak refs processing, 0.0003133 secs]2021-01-22T01:14:50.992+0800: 9.630: [class unloading, 0.0005507 secs]2021-01-22T01:14:50.992+0800: 9.631: [scrub symbol table, 0.0005728 secs]2021-01-22T01:14:50.993+0800: 9.632: [scrub string table, 0.0005286 secs][1 CMS-remark: 654092K(699072K)] 708545K(1013632K), 0.0055589 secs] [Times: user=0.01 sys=0.00, real=0.00 secs] 
2021-01-22T01:14:50.995+0800: 9.633: [CMS-concurrent-sweep-start]
2021-01-22T01:14:50.996+0800: 9.634: [CMS-concurrent-sweep: 0.001/0.001 secs] [Times: user=0.00 sys=0.00, real=0.00 secs] 
2021-01-22T01:14:50.996+0800: 9.635: [CMS-concurrent-reset-start]
2021-01-22T01:14:50.997+0800: 9.635: [CMS-concurrent-reset: 0.000/0.000 secs] [Times: user=0.00 sys=0.00, real=0.00 secs] 
2021-01-22T01:14:51.027+0800: 9.666: [GC (Allocation Failure) 2021-01-22T01:14:51.028+0800: 9.666: [ParNew: 314558K->34943K(314560K), 0.0157779 secs] 731760K->534103K(1013632K), 0.0166119 secs] [Times: user=0.11 sys=0.01, real=0.02 secs] 
2021-01-22T01:14:51.045+0800: 9.683: [GC (CMS Initial Mark) [1 CMS-initial-mark: 499160K(699072K)] 540062K(1013632K), 0.0011832 secs] [Times: user=0.00 sys=0.00, real=0.00 secs] 
2021-01-22T01:14:51.047+0800: 9.685: [CMS-concurrent-mark-start]
2021-01-22T01:14:51.049+0800: 9.687: [CMS-concurrent-mark: 0.002/0.002 secs] [Times: user=0.01 sys=0.00, real=0.01 secs] 
2021-01-22T01:14:51.049+0800: 9.688: [CMS-concurrent-preclean-start]
2021-01-22T01:14:51.050+0800: 9.688: [CMS-concurrent-preclean: 0.001/0.001 secs] [Times: user=0.00 sys=0.00, real=0.00 secs] 
2021-01-22T01:14:51.050+0800: 9.689: [CMS-concurrent-abortable-preclean-start]
2021-01-22T01:14:51.079+0800: 9.717: [GC (Allocation Failure) 2021-01-22T01:14:51.079+0800: 9.718: [ParNew: 314559K->34942K(314560K), 0.0153341 secs] 813719K->605863K(1013632K), 0.0161081 secs] [Times: user=0.11 sys=0.00, real=0.01 secs] 
2021-01-22T01:14:51.132+0800: 9.770: [GC (Allocation Failure) 2021-01-22T01:14:51.132+0800: 9.771: [ParNew: 314247K->34943K(314560K), 0.0185848 secs] 885167K->691680K(1013632K), 0.0193349 secs] [Times: user=0.15 sys=0.00, real=0.02 secs] 
2021-01-22T01:14:51.153+0800: 9.792: [CMS-concurrent-abortable-preclean: 0.005/0.103 secs] [Times: user=0.33 sys=0.00, real=0.10 secs] 
2021-01-22T01:14:51.154+0800: 9.792: [GC (CMS Final Remark) [YG occupancy: 53352 K (314560 K)]2021-01-22T01:14:51.154+0800: 9.793: [Rescan (parallel) , 0.0012810 secs]2021-01-22T01:14:51.156+0800: 9.794: [weak refs processing, 0.0002512 secs]2021-01-22T01:14:51.156+0800: 9.795: [class unloading, 0.0004279 secs]2021-01-22T01:14:51.157+0800: 9.796: [scrub symbol table, 0.0006658 secs]2021-01-22T01:14:51.158+0800: 9.796: [scrub string table, 0.0003904 secs][1 CMS-remark: 656736K(699072K)] 710089K(1013632K), 0.0045162 secs] [Times: user=0.00 sys=0.00, real=0.01 secs] 
2021-01-22T01:14:51.159+0800: 9.797: [CMS-concurrent-sweep-start]
2021-01-22T01:14:51.160+0800: 9.798: [CMS-concurrent-sweep: 0.001/0.001 secs] [Times: user=0.01 sys=0.00, real=0.00 secs] 
2021-01-22T01:14:51.160+0800: 9.799: [CMS-concurrent-reset-start]
2021-01-22T01:14:51.161+0800: 9.799: [CMS-concurrent-reset: 0.000/0.001 secs] [Times: user=0.00 sys=0.00, real=0.00 secs] 
2021-01-22T01:14:51.194+0800: 9.833: [GC (Allocation Failure) 2021-01-22T01:14:51.195+0800: 9.833: [ParNew: 314559K->34944K(314560K), 0.0146950 secs] 806920K->609576K(1013632K), 0.0154118 secs] [Times: user=0.12 sys=0.00, real=0.02 secs] 
2021-01-22T01:14:51.211+0800: 9.849: [GC (CMS Initial Mark) [1 CMS-initial-mark: 574632K(699072K)] 615541K(1013632K), 0.0012274 secs] [Times: user=0.00 sys=0.00, real=0.00 secs] 
2021-01-22T01:14:51.213+0800: 9.851: [CMS-concurrent-mark-start]
2021-01-22T01:14:51.215+0800: 9.854: [CMS-concurrent-mark: 0.002/0.002 secs] [Times: user=0.00 sys=0.00, real=0.00 secs] 
2021-01-22T01:14:51.216+0800: 9.854: [CMS-concurrent-preclean-start]
2021-01-22T01:14:51.216+0800: 9.855: [CMS-concurrent-preclean: 0.001/0.001 secs] [Times: user=0.00 sys=0.00, real=0.00 secs] 
2021-01-22T01:14:51.217+0800: 9.855: [CMS-concurrent-abortable-preclean-start]
2021-01-22T01:14:51.246+0800: 9.885: [GC (Allocation Failure) 2021-01-22T01:14:51.247+0800: 9.885: [ParNew: 314560K->34942K(314560K), 0.0146692 secs] 889192K->690930K(1013632K), 0.0155982 secs] [Times: user=0.10 sys=0.00, real=0.02 secs] 
2021-01-22T01:14:51.264+0800: 9.902: [CMS-concurrent-abortable-preclean: 0.002/0.047 secs] [Times: user=0.14 sys=0.00, real=0.05 secs] 
2021-01-22T01:14:51.265+0800: 9.903: [GC (CMS Final Remark) [YG occupancy: 54407 K (314560 K)]2021-01-22T01:14:51.265+0800: 9.904: [Rescan (parallel) , 0.0013045 secs]2021-01-22T01:14:51.267+0800: 9.905: [weak refs processing, 0.0003012 secs]2021-01-22T01:14:51.267+0800: 9.906: [class unloading, 0.0004518 secs]2021-01-22T01:14:51.268+0800: 9.906: [scrub symbol table, 0.0005767 secs]2021-01-22T01:14:51.269+0800: 9.907: [scrub string table, 0.0004162 secs][1 CMS-remark: 655987K(699072K)] 710394K(1013632K), 0.0046301 secs] [Times: user=0.01 sys=0.00, real=0.01 secs] 
2021-01-22T01:14:51.270+0800: 9.908: [CMS-concurrent-sweep-start]
2021-01-22T01:14:51.271+0800: 9.910: [CMS-concurrent-sweep: 0.001/0.001 secs] [Times: user=0.00 sys=0.00, real=0.00 secs] 
2021-01-22T01:14:51.271+0800: 9.910: [CMS-concurrent-reset-start]
2021-01-22T01:14:51.272+0800: 9.911: [CMS-concurrent-reset: 0.001/0.001 secs] [Times: user=0.00 sys=0.00, real=0.00 secs] 
2021-01-22T01:14:51.300+0800: 9.939: [GC (Allocation Failure) 2021-01-22T01:14:51.300+0800: 9.939: [ParNew: 314558K->34943K(314560K), 0.0143961 secs] 741725K->540077K(1013632K), 0.0151552 secs] [Times: user=0.11 sys=0.00, real=0.01 secs] 
2021-01-22T01:14:51.316+0800: 9.955: [GC (CMS Initial Mark) [1 CMS-initial-mark: 505134K(699072K)] 545853K(1013632K), 0.0011395 secs] [Times: user=0.00 sys=0.00, real=0.00 secs] 
2021-01-22T01:14:51.318+0800: 9.956: [CMS-concurrent-mark-start]
2021-01-22T01:14:51.320+0800: 9.958: [CMS-concurrent-mark: 0.002/0.002 secs] [Times: user=0.00 sys=0.00, real=0.01 secs] 
2021-01-22T01:14:51.320+0800: 9.959: [CMS-concurrent-preclean-start]
2021-01-22T01:14:51.321+0800: 9.960: [CMS-concurrent-preclean: 0.001/0.001 secs] [Times: user=0.00 sys=0.00, real=0.00 secs] 
2021-01-22T01:14:51.321+0800: 9.960: [CMS-concurrent-abortable-preclean-start]
2021-01-22T01:14:51.351+0800: 9.990: [GC (Allocation Failure) 2021-01-22T01:14:51.352+0800: 9.990: [ParNew: 314559K->34943K(314560K), 0.0142610 secs] 819693K->617384K(1013632K), 0.0150355 secs] [Times: user=0.11 sys=0.00, real=0.01 secs] 
2021-01-22T01:14:51.397+0800: 10.035: [GC (Allocation Failure) 2021-01-22T01:14:51.397+0800: 10.036: [ParNew: 314559K->34943K(314560K), 0.0199691 secs] 897000K->697363K(1013632K), 0.0208145 secs] [Times: user=0.14 sys=0.01, real=0.02 secs] 
2021-01-22T01:14:51.420+0800: 10.058: [CMS-concurrent-abortable-preclean: 0.004/0.098 secs] [Times: user=0.31 sys=0.01, real=0.10 secs] 
2021-01-22T01:14:51.420+0800: 10.059: [GC (CMS Final Remark) [YG occupancy: 54251 K (314560 K)]2021-01-22T01:14:51.421+0800: 10.059: [Rescan (parallel) , 0.0017525 secs]2021-01-22T01:14:51.423+0800: 10.061: [weak refs processing, 0.0003048 secs]2021-01-22T01:14:51.424+0800: 10.062: [class unloading, 0.0005129 secs]2021-01-22T01:14:51.424+0800: 10.063: [scrub symbol table, 0.0005864 secs]2021-01-22T01:14:51.425+0800: 10.064: [scrub string table, 0.0004526 secs][1 CMS-remark: 662419K(699072K)] 716670K(1013632K), 0.0054865 secs] [Times: user=0.01 sys=0.00, real=0.00 secs] 
2021-01-22T01:14:51.427+0800: 10.065: [CMS-concurrent-sweep-start]
2021-01-22T01:14:51.428+0800: 10.066: [CMS-concurrent-sweep: 0.001/0.001 secs] [Times: user=0.00 sys=0.00, real=0.00 secs] 
2021-01-22T01:14:51.428+0800: 10.067: [CMS-concurrent-reset-start]
2021-01-22T01:14:51.429+0800: 10.067: [CMS-concurrent-reset: 0.001/0.001 secs] [Times: user=0.00 sys=0.00, real=0.01 secs] 
2021-01-22T01:14:51.456+0800: 10.095: [GC (Allocation Failure) 2021-01-22T01:14:51.457+0800: 10.095: [ParNew: 314559K->34942K(314560K), 0.0142007 secs] 812553K->605170K(1013632K), 0.0150891 secs] [Times: user=0.10 sys=0.00, real=0.02 secs] 
2021-01-22T01:14:51.472+0800: 10.111: [GC (CMS Initial Mark) [1 CMS-initial-mark: 570228K(699072K)] 611137K(1013632K), 0.0011490 secs] [Times: user=0.01 sys=0.00, real=0.00 secs] 
2021-01-22T01:14:51.474+0800: 10.113: [CMS-concurrent-mark-start]
2021-01-22T01:14:51.476+0800: 10.115: [CMS-concurrent-mark: 0.002/0.002 secs] [Times: user=0.00 sys=0.00, real=0.00 secs] 
2021-01-22T01:14:51.477+0800: 10.115: [CMS-concurrent-preclean-start]
2021-01-22T01:14:51.477+0800: 10.116: [CMS-concurrent-preclean: 0.001/0.001 secs] [Times: user=0.00 sys=0.00, real=0.00 secs] 
2021-01-22T01:14:51.478+0800: 10.116: [CMS-concurrent-abortable-preclean-start]
2021-01-22T01:14:51.508+0800: 10.146: [GC (Allocation Failure) 2021-01-22T01:14:51.508+0800: 10.147: [ParNew: 314558K->34943K(314560K), 0.0136783 secs] 884786K->675756K(1013632K), 0.0145714 secs] [Times: user=0.10 sys=0.00, real=0.02 secs] 
2021-01-22T01:14:51.555+0800: 10.193: [GC (Allocation Failure) 2021-01-22T01:14:51.555+0800: 10.194: [ParNew: 314559K->314559K(314560K), 0.0003364 secs]2021-01-22T01:14:51.556+0800: 10.194: [CMS2021-01-22T01:14:51.556+0800: 10.195: [CMS-concurrent-abortable-preclean: 0.003/0.078 secs] [Times: user=0.17 sys=0.00, real=0.08 secs] 
 (concurrent mode failure): 640813K->371800K(699072K), 0.0465709 secs] 955372K->371800K(1013632K), [Metaspace: 2817K->2817K(1056768K)], 0.0480227 secs] [Times: user=0.05 sys=0.00, real=0.05 secs] 
2021-01-22T01:14:51.636+0800: 10.275: [GC (Allocation Failure) 2021-01-22T01:14:51.637+0800: 10.275: [ParNew: 279616K->34943K(314560K), 0.0122791 secs] 651416K->463292K(1013632K), 0.0130601 secs] [Times: user=0.09 sys=0.00, real=0.02 secs] 
2021-01-22T01:14:51.683+0800: 10.322: [GC (Allocation Failure) 2021-01-22T01:14:51.684+0800: 10.322: [ParNew: 314559K->34943K(314560K), 0.0149183 secs] 742908K->549677K(1013632K), 0.0157037 secs] [Times: user=0.11 sys=0.00, real=0.02 secs] 
2021-01-22T01:14:51.700+0800: 10.338: [GC (CMS Initial Mark) [1 CMS-initial-mark: 514734K(699072K)] 555762K(1013632K), 0.0012083 secs] [Times: user=0.00 sys=0.00, real=0.00 secs] 
2021-01-22T01:14:51.702+0800: 10.340: [CMS-concurrent-mark-start]
2021-01-22T01:14:51.703+0800: 10.342: [CMS-concurrent-mark: 0.002/0.002 secs] [Times: user=0.00 sys=0.00, real=0.00 secs] 
2021-01-22T01:14:51.704+0800: 10.342: [CMS-concurrent-preclean-start]
2021-01-22T01:14:51.704+0800: 10.343: [CMS-concurrent-preclean: 0.001/0.001 secs] [Times: user=0.01 sys=0.00, real=0.00 secs] 
2021-01-22T01:14:51.705+0800: 10.343: [CMS-concurrent-abortable-preclean-start]
2021-01-22T01:14:51.735+0800: 10.373: [GC (Allocation Failure) 2021-01-22T01:14:51.735+0800: 10.374: [ParNew: 314559K->34943K(314560K), 0.0147976 secs] 829293K->629645K(1013632K), 0.0155361 secs] [Times: user=0.11 sys=0.00, real=0.02 secs] 
2021-01-22T01:14:51.782+0800: 10.420: [GC (Allocation Failure) 2021-01-22T01:14:51.782+0800: 10.421: [ParNew: 314559K->34943K(314560K), 0.0137793 secs] 909261K->710796K(1013632K), 0.0145759 secs] [Times: user=0.11 sys=0.00, real=0.01 secs] 
2021-01-22T01:14:51.797+0800: 10.436: [CMS-concurrent-abortable-preclean: 0.004/0.092 secs] [Times: user=0.28 sys=0.00, real=0.09 secs] 
2021-01-22T01:14:51.798+0800: 10.436: [GC (CMS Final Remark) [YG occupancy: 41884 K (314560 K)]2021-01-22T01:14:51.798+0800: 10.436: [Rescan (parallel) , 0.0011147 secs]2021-01-22T01:14:51.799+0800: 10.438: [weak refs processing, 0.0002409 secs]2021-01-22T01:14:51.800+0800: 10.438: [class unloading, 0.0003601 secs]2021-01-22T01:14:51.800+0800: 10.439: [scrub symbol table, 0.0004407 secs]2021-01-22T01:14:51.801+0800: 10.439: [scrub string table, 0.0003027 secs][1 CMS-remark: 675852K(699072K)] 717736K(1013632K), 0.0037697 secs] [Times: user=0.01 sys=0.00, real=0.01 secs] 
2021-01-22T01:14:51.802+0800: 10.441: [CMS-concurrent-sweep-start]
2021-01-22T01:14:51.803+0800: 10.441: [CMS-concurrent-sweep: 0.001/0.001 secs] [Times: user=0.00 sys=0.00, real=0.00 secs] 
2021-01-22T01:14:51.803+0800: 10.441: [CMS-concurrent-reset-start]
2021-01-22T01:14:51.803+0800: 10.442: [CMS-concurrent-reset: 0.001/0.001 secs] [Times: user=0.00 sys=0.00, real=0.00 secs] 
2021-01-22T01:14:51.834+0800: 10.472: [GC (Allocation Failure) 2021-01-22T01:14:51.834+0800: 10.472: [ParNew: 314559K->34942K(314560K), 0.0140244 secs] 809575K->606011K(1013632K), 0.0146808 secs] [Times: user=0.11 sys=0.00, real=0.02 secs] 
2021-01-22T01:14:51.849+0800: 10.488: [GC (CMS Initial Mark) [1 CMS-initial-mark: 571068K(699072K)] 611965K(1013632K), 0.0009610 secs] [Times: user=0.00 sys=0.00, real=0.00 secs] 
2021-01-22T01:14:51.851+0800: 10.489: [CMS-concurrent-mark-start]
2021-01-22T01:14:51.853+0800: 10.491: [CMS-concurrent-mark: 0.002/0.002 secs] [Times: user=0.00 sys=0.00, real=0.00 secs] 
2021-01-22T01:14:51.853+0800: 10.492: [CMS-concurrent-preclean-start]
2021-01-22T01:14:51.854+0800: 10.492: [CMS-concurrent-preclean: 0.001/0.001 secs] [Times: user=0.00 sys=0.00, real=0.00 secs] 
2021-01-22T01:14:51.854+0800: 10.493: [CMS-concurrent-abortable-preclean-start]
2021-01-22T01:14:51.884+0800: 10.522: [GC (Allocation Failure) 2021-01-22T01:14:51.884+0800: 10.523: [ParNew: 314459K->34942K(314560K), 0.0135710 secs] 885528K->677227K(1013632K), 0.0143377 secs] [Times: user=0.09 sys=0.00, real=0.02 secs] 
2021-01-22T01:14:51.932+0800: 10.570: [GC (Allocation Failure) 2021-01-22T01:14:51.932+0800: 10.570: [ParNew: 314558K->314558K(314560K), 0.0002991 secs]2021-01-22T01:14:51.932+0800: 10.571: [CMS2021-01-22T01:14:51.933+0800: 10.571: [CMS-concurrent-abortable-preclean: 0.003/0.078 secs] [Times: user=0.16 sys=0.00, real=0.08 secs] 
 (concurrent mode failure): 642284K->372946K(699072K), 0.0469568 secs] 956843K->372946K(1013632K), [Metaspace: 2817K->2817K(1056768K)], 0.0483322 secs] [Times: user=0.05 sys=0.00, real=0.05 secs] 
2021-01-22T01:14:52.017+0800: 10.655: [GC (Allocation Failure) 2021-01-22T01:14:52.017+0800: 10.656: [ParNew: 279616K->34943K(314560K), 0.0117214 secs] 652562K->459215K(1013632K), 0.0126669 secs] [Times: user=0.09 sys=0.00, real=0.02 secs] 
2021-01-22T01:14:52.068+0800: 10.706: [GC (Allocation Failure) 2021-01-22T01:14:52.068+0800: 10.707: [ParNew: 314559K->34943K(314560K), 0.0252322 secs] 738831K->535909K(1013632K), 0.0260279 secs] [Times: user=0.19 sys=0.01, real=0.03 secs] 
2021-01-22T01:14:52.095+0800: 10.733: [GC (CMS Initial Mark) [1 CMS-initial-mark: 500965K(699072K)] 541710K(1013632K), 0.0012736 secs] [Times: user=0.00 sys=0.00, real=0.00 secs] 
2021-01-22T01:14:52.097+0800: 10.735: [CMS-concurrent-mark-start]
2021-01-22T01:14:52.099+0800: 10.737: [CMS-concurrent-mark: 0.002/0.002 secs] [Times: user=0.01 sys=0.00, real=0.01 secs] 
2021-01-22T01:14:52.099+0800: 10.738: [CMS-concurrent-preclean-start]
2021-01-22T01:14:52.100+0800: 10.739: [CMS-concurrent-preclean: 0.001/0.001 secs] [Times: user=0.00 sys=0.00, real=0.00 secs] 
2021-01-22T01:14:52.101+0800: 10.739: [CMS-concurrent-abortable-preclean-start]
2021-01-22T01:14:52.133+0800: 10.771: [GC (Allocation Failure) 2021-01-22T01:14:52.133+0800: 10.772: [ParNew: 314559K->34943K(314560K), 0.0150762 secs] 815525K->614227K(1013632K), 0.0158452 secs] [Times: user=0.12 sys=0.00, real=0.02 secs] 
2021-01-22T01:14:52.186+0800: 10.825: [GC (Allocation Failure) 2021-01-22T01:14:52.187+0800: 10.825: [ParNew: 314559K->34943K(314560K), 0.0161978 secs] 893843K->700539K(1013632K), 0.0170252 secs] [Times: user=0.13 sys=0.00, real=0.02 secs] 
2021-01-22T01:14:52.204+0800: 10.843: [CMS-concurrent-abortable-preclean: 0.003/0.104 secs] [Times: user=0.31 sys=0.00, real=0.10 secs] 
2021-01-22T01:14:52.205+0800: 10.843: [GC (CMS Final Remark) [YG occupancy: 40761 K (314560 K)]2021-01-22T01:14:52.205+0800: 10.844: [Rescan (parallel) , 0.0089950 secs]2021-01-22T01:14:52.215+0800: 10.853: [weak refs processing, 0.0004376 secs]2021-01-22T01:14:52.215+0800: 10.854: [class unloading, 0.0008221 secs]2021-01-22T01:14:52.217+0800: 10.855: [scrub symbol table, 0.0008080 secs]2021-01-22T01:14:52.218+0800: 10.856: [scrub string table, 0.0004961 secs][1 CMS-remark: 665595K(699072K)] 706357K(1013632K), 0.0138216 secs] [Times: user=0.06 sys=0.00, real=0.02 secs] 
2021-01-22T01:14:52.220+0800: 10.858: [CMS-concurrent-sweep-start]
2021-01-22T01:14:52.220+0800: 10.859: [CMS-concurrent-sweep: 0.001/0.001 secs] [Times: user=0.00 sys=0.00, real=0.00 secs] 
2021-01-22T01:14:52.221+0800: 10.859: [CMS-concurrent-reset-start]
2021-01-22T01:14:52.221+0800: 10.860: [CMS-concurrent-reset: 0.001/0.001 secs] [Times: user=0.00 sys=0.00, real=0.00 secs] 
2021-01-22T01:14:52.254+0800: 10.893: [GC (Allocation Failure) 2021-01-22T01:14:52.254+0800: 10.893: [ParNew: 314559K->34943K(314560K), 0.0187001 secs] 813561K->613569K(1013632K), 0.0193682 secs] [Times: user=0.14 sys=0.00, real=0.02 secs] 
2021-01-22T01:14:52.274+0800: 10.913: [GC (CMS Initial Mark) [1 CMS-initial-mark: 578625K(699072K)] 619344K(1013632K), 0.0011322 secs] [Times: user=0.00 sys=0.00, real=0.00 secs] 
2021-01-22T01:14:52.276+0800: 10.915: [CMS-concurrent-mark-start]
2021-01-22T01:14:52.278+0800: 10.917: [CMS-concurrent-mark: 0.002/0.002 secs] [Times: user=0.00 sys=0.00, real=0.00 secs] 
2021-01-22T01:14:52.278+0800: 10.917: [CMS-concurrent-preclean-start]
2021-01-22T01:14:52.279+0800: 10.918: [CMS-concurrent-preclean: 0.001/0.001 secs] [Times: user=0.00 sys=0.00, real=0.00 secs] 
2021-01-22T01:14:52.279+0800: 10.918: [CMS-concurrent-abortable-preclean-start]
2021-01-22T01:14:52.311+0800: 10.950: [GC (Allocation Failure) 2021-01-22T01:14:52.312+0800: 10.950: [ParNew: 314559K->34943K(314560K), 0.0155614 secs] 893185K->702965K(1013632K), 0.0162285 secs] [Times: user=0.12 sys=0.00, real=0.01 secs] 
2021-01-22T01:14:52.328+0800: 10.967: [CMS-concurrent-abortable-preclean: 0.001/0.049 secs] [Times: user=0.15 sys=0.00, real=0.05 secs] 
2021-01-22T01:14:52.329+0800: 10.967: [GC (CMS Final Remark) [YG occupancy: 41362 K (314560 K)]2021-01-22T01:14:52.329+0800: 10.968: [Rescan (parallel) , 0.0012751 secs]2021-01-22T01:14:52.331+0800: 10.969: [weak refs processing, 0.0002952 secs]2021-01-22T01:14:52.331+0800: 10.970: [class unloading, 0.0003695 secs]2021-01-22T01:14:52.332+0800: 10.970: [scrub symbol table, 0.0004700 secs]2021-01-22T01:14:52.333+0800: 10.971: [scrub string table, 0.0003892 secs][1 CMS-remark: 668022K(699072K)] 709384K(1013632K), 0.0043203 secs] [Times: user=0.00 sys=0.00, real=0.00 secs] 
2021-01-22T01:14:52.334+0800: 10.972: [CMS-concurrent-sweep-start]
2021-01-22T01:14:52.335+0800: 10.973: [CMS-concurrent-sweep: 0.001/0.001 secs] [Times: user=0.00 sys=0.00, real=0.00 secs] 
2021-01-22T01:14:52.335+0800: 10.973: [CMS-concurrent-reset-start]
2021-01-22T01:14:52.335+0800: 10.974: [CMS-concurrent-reset: 0.000/0.000 secs] [Times: user=0.00 sys=0.00, real=0.00 secs] 
2021-01-22T01:14:52.365+0800: 11.003: [GC (Allocation Failure) 2021-01-22T01:14:52.365+0800: 11.004: [ParNew: 314559K->34943K(314560K), 0.0162684 secs] 751100K->549087K(1013632K), 0.0169073 secs] [Times: user=0.12 sys=0.00, real=0.02 secs] 
2021-01-22T01:14:52.382+0800: 11.021: [GC (CMS Initial Mark) [1 CMS-initial-mark: 514143K(699072K)] 555230K(1013632K), 0.0010236 secs] [Times: user=0.00 sys=0.00, real=0.00 secs] 
2021-01-22T01:14:52.384+0800: 11.023: [CMS-concurrent-mark-start]
2021-01-22T01:14:52.386+0800: 11.025: [CMS-concurrent-mark: 0.002/0.002 secs] [Times: user=0.01 sys=0.00, real=0.00 secs] 
2021-01-22T01:14:52.387+0800: 11.025: [CMS-concurrent-preclean-start]
2021-01-22T01:14:52.387+0800: 11.026: [CMS-concurrent-preclean: 0.001/0.001 secs] [Times: user=0.00 sys=0.00, real=0.00 secs] 
2021-01-22T01:14:52.388+0800: 11.026: [CMS-concurrent-abortable-preclean-start]
2021-01-22T01:14:52.417+0800: 11.055: [GC (Allocation Failure) 2021-01-22T01:14:52.417+0800: 11.056: [ParNew: 314559K->34942K(314560K), 0.0143035 secs] 828703K->625474K(1013632K), 0.0149575 secs] [Times: user=0.11 sys=0.00, real=0.02 secs] 
2021-01-22T01:14:52.466+0800: 11.104: [GC (Allocation Failure) 2021-01-22T01:14:52.466+0800: 11.105: [ParNew: 314558K->34943K(314560K), 0.0140342 secs] 905090K->701590K(1013632K), 0.0148671 secs] [Times: user=0.10 sys=0.00, real=0.02 secs] 
2021-01-22T01:14:52.481+0800: 11.120: [CMS-concurrent-abortable-preclean: 0.003/0.094 secs] [Times: user=0.28 sys=0.00, real=0.10 secs] 
2021-01-22T01:14:52.482+0800: 11.121: [GC (CMS Final Remark) [YG occupancy: 40788 K (314560 K)]2021-01-22T01:14:52.482+0800: 11.121: [Rescan (parallel) , 0.0013470 secs]2021-01-22T01:14:52.484+0800: 11.123: [weak refs processing, 0.0004306 secs]2021-01-22T01:14:52.485+0800: 11.123: [class unloading, 0.0005476 secs]2021-01-22T01:14:52.486+0800: 11.124: [scrub symbol table, 0.0006788 secs]2021-01-22T01:14:52.487+0800: 11.125: [scrub string table, 0.0005633 secs][1 CMS-remark: 666647K(699072K)] 707435K(1013632K), 0.0052747 secs] [Times: user=0.01 sys=0.00, real=0.00 secs] 
2021-01-22T01:14:52.488+0800: 11.127: [CMS-concurrent-sweep-start]
2021-01-22T01:14:52.489+0800: 11.128: [CMS-concurrent-sweep: 0.001/0.001 secs] [Times: user=0.00 sys=0.01, real=0.00 secs] 
2021-01-22T01:14:52.490+0800: 11.128: [CMS-concurrent-reset-start]
2021-01-22T01:14:52.490+0800: 11.129: [CMS-concurrent-reset: 0.001/0.001 secs] [Times: user=0.00 sys=0.00, real=0.00 secs] 
2021-01-22T01:14:52.519+0800: 11.158: [GC (Allocation Failure) 2021-01-22T01:14:52.520+0800: 11.158: [ParNew: 314559K->34942K(314560K), 0.0144771 secs] 821713K->621986K(1013632K), 0.0152838 secs] [Times: user=0.10 sys=0.01, real=0.01 secs] 
2021-01-22T01:14:52.536+0800: 11.174: [GC (CMS Initial Mark) [1 CMS-initial-mark: 587043K(699072K)] 628308K(1013632K), 0.0011374 secs] [Times: user=0.00 sys=0.00, real=0.00 secs] 
2021-01-22T01:14:52.537+0800: 11.176: [CMS-concurrent-mark-start]
2021-01-22T01:14:52.540+0800: 11.178: [CMS-concurrent-mark: 0.002/0.002 secs] [Times: user=0.01 sys=0.00, real=0.01 secs] 
2021-01-22T01:14:52.540+0800: 11.179: [CMS-concurrent-preclean-start]
2021-01-22T01:14:52.541+0800: 11.179: [CMS-concurrent-preclean: 0.001/0.001 secs] [Times: user=0.00 sys=0.00, real=0.00 secs] 
2021-01-22T01:14:52.541+0800: 11.180: [CMS-concurrent-abortable-preclean-start]
2021-01-22T01:14:52.571+0800: 11.210: [GC (Allocation Failure) 2021-01-22T01:14:52.572+0800: 11.210: [ParNew: 314558K->34943K(314560K), 0.0150435 secs] 901602K->705284K(1013632K), 0.0159055 secs] [Times: user=0.11 sys=0.00, real=0.01 secs] 
2021-01-22T01:14:52.588+0800: 11.226: [CMS-concurrent-abortable-preclean: 0.001/0.046 secs] [Times: user=0.14 sys=0.00, real=0.04 secs] 
2021-01-22T01:14:52.588+0800: 11.227: [GC (CMS Final Remark) [YG occupancy: 41305 K (314560 K)]2021-01-22T01:14:52.589+0800: 11.227: [Rescan (parallel) , 0.0010975 secs]2021-01-22T01:14:52.590+0800: 11.229: [weak refs processing, 0.0002957 secs]2021-01-22T01:14:52.591+0800: 11.229: [class unloading, 0.0005749 secs]2021-01-22T01:14:52.592+0800: 11.230: [scrub symbol table, 0.0005645 secs]2021-01-22T01:14:52.592+0800: 11.231: [scrub string table, 0.0003764 secs][1 CMS-remark: 670341K(699072K)] 711646K(1013632K), 0.0046504 secs] [Times: user=0.00 sys=0.01, real=0.00 secs] 
2021-01-22T01:14:52.594+0800: 11.232: [CMS-concurrent-sweep-start]
2021-01-22T01:14:52.595+0800: 11.233: [CMS-concurrent-sweep: 0.001/0.001 secs] [Times: user=0.00 sys=0.00, real=0.00 secs] 
2021-01-22T01:14:52.595+0800: 11.234: [CMS-concurrent-reset-start]
2021-01-22T01:14:52.596+0800: 11.234: [CMS-concurrent-reset: 0.000/0.000 secs] [Times: user=0.00 sys=0.00, real=0.00 secs] 
2021-01-22T01:14:52.626+0800: 11.264: [GC (Allocation Failure) 2021-01-22T01:14:52.626+0800: 11.265: [ParNew: 314559K->34942K(314560K), 0.0141161 secs] 747279K->544553K(1013632K), 0.0149694 secs] [Times: user=0.11 sys=0.00, real=0.02 secs] 
2021-01-22T01:14:52.642+0800: 11.280: [GC (CMS Initial Mark) [1 CMS-initial-mark: 509610K(699072K)] 550264K(1013632K), 0.0013360 secs] [Times: user=0.00 sys=0.00, real=0.00 secs] 
2021-01-22T01:14:52.644+0800: 11.282: [CMS-concurrent-mark-start]
2021-01-22T01:14:52.646+0800: 11.284: [CMS-concurrent-mark: 0.002/0.002 secs] [Times: user=0.01 sys=0.00, real=0.00 secs] 
2021-01-22T01:14:52.646+0800: 11.285: [CMS-concurrent-preclean-start]
2021-01-22T01:14:52.647+0800: 11.286: [CMS-concurrent-preclean: 0.001/0.001 secs] [Times: user=0.00 sys=0.00, real=0.00 secs] 
2021-01-22T01:14:52.648+0800: 11.286: [CMS-concurrent-abortable-preclean-start]
2021-01-22T01:14:52.677+0800: 11.316: [GC (Allocation Failure) 2021-01-22T01:14:52.678+0800: 11.316: [ParNew: 314496K->34943K(314560K), 0.0154201 secs] 824107K->627695K(1013632K), 0.0161039 secs] [Times: user=0.12 sys=0.00, real=0.02 secs] 
2021-01-22T01:14:52.728+0800: 11.367: [GC (Allocation Failure) 2021-01-22T01:14:52.728+0800: 11.367: [ParNew: 314559K->34943K(314560K), 0.0142118 secs] 907311K->704200K(1013632K), 0.0149717 secs] [Times: user=0.10 sys=0.00, real=0.02 secs] 
2021-01-22T01:14:52.744+0800: 11.382: [CMS-concurrent-abortable-preclean: 0.003/0.096 secs] [Times: user=0.29 sys=0.00, real=0.10 secs] 
2021-01-22T01:14:52.744+0800: 11.383: [GC (CMS Final Remark) [YG occupancy: 41136 K (314560 K)]2021-01-22T01:14:52.745+0800: 11.383: [Rescan (parallel) , 0.0014727 secs]2021-01-22T01:14:52.747+0800: 11.385: [weak refs processing, 0.0004618 secs]2021-01-22T01:14:52.748+0800: 11.386: [class unloading, 0.0004666 secs]2021-01-22T01:14:52.748+0800: 11.387: [scrub symbol table, 0.0006013 secs]2021-01-22T01:14:52.749+0800: 11.388: [scrub string table, 0.0003943 secs][1 CMS-remark: 669256K(699072K)] 710393K(1013632K), 0.0053685 secs] [Times: user=0.01 sys=0.00, real=0.01 secs] 
2021-01-22T01:14:52.751+0800: 11.389: [CMS-concurrent-sweep-start]
2021-01-22T01:14:52.752+0800: 11.391: [CMS-concurrent-sweep: 0.001/0.001 secs] [Times: user=0.00 sys=0.00, real=0.00 secs] 
2021-01-22T01:14:52.752+0800: 11.391: [CMS-concurrent-reset-start]
2021-01-22T01:14:52.753+0800: 11.391: [CMS-concurrent-reset: 0.000/0.000 secs] [Times: user=0.00 sys=0.00, real=0.00 secs] 
2021-01-22T01:14:52.786+0800: 11.424: [GC (Allocation Failure) 2021-01-22T01:14:52.786+0800: 11.425: [ParNew: 314559K->34943K(314560K), 0.0155426 secs] 828126K->632013K(1013632K), 0.0163758 secs] [Times: user=0.12 sys=0.00, real=0.02 secs] 
2021-01-22T01:14:52.803+0800: 11.442: [GC (CMS Initial Mark) [1 CMS-initial-mark: 597069K(699072K)] 637924K(1013632K), 0.0016137 secs] [Times: user=0.00 sys=0.00, real=0.00 secs] 
2021-01-22T01:14:52.806+0800: 11.444: [CMS-concurrent-mark-start]
2021-01-22T01:14:52.809+0800: 11.447: [CMS-concurrent-mark: 0.003/0.003 secs] [Times: user=0.01 sys=0.00, real=0.01 secs] 
2021-01-22T01:14:52.809+0800: 11.448: [CMS-concurrent-preclean-start]
2021-01-22T01:14:52.810+0800: 11.448: [CMS-concurrent-preclean: 0.001/0.001 secs] [Times: user=0.00 sys=0.00, real=0.00 secs] 
2021-01-22T01:14:52.810+0800: 11.449: [CMS-concurrent-abortable-preclean-start]
2021-01-22T01:14:52.840+0800: 11.479: [GC (Allocation Failure) 2021-01-22T01:14:52.841+0800: 11.479: [ParNew: 314559K->34939K(314560K), 0.0139513 secs] 911629K->707781K(1013632K), 0.0148697 secs] [Times: user=0.10 sys=0.00, real=0.01 secs] 
2021-01-22T01:14:52.856+0800: 11.494: [CMS-concurrent-abortable-preclean: 0.001/0.046 secs] [Times: user=0.14 sys=0.00, real=0.04 secs] 
2021-01-22T01:14:52.856+0800: 11.495: [GC (CMS Final Remark) [YG occupancy: 40561 K (314560 K)]2021-01-22T01:14:52.857+0800: 11.495: [Rescan (parallel) , 0.0013751 secs]2021-01-22T01:14:52.859+0800: 11.497: [weak refs processing, 0.0004762 secs]2021-01-22T01:14:52.860+0800: 11.498: [class unloading, 0.0005595 secs]2021-01-22T01:14:52.860+0800: 11.499: [scrub symbol table, 0.0005442 secs]2021-01-22T01:14:52.861+0800: 11.500: [scrub string table, 0.0003954 secs][1 CMS-remark: 672841K(699072K)] 713402K(1013632K), 0.0053464 secs] [Times: user=0.00 sys=0.01, real=0.01 secs] 
2021-01-22T01:14:52.862+0800: 11.501: [CMS-concurrent-sweep-start]
2021-01-22T01:14:52.863+0800: 11.502: [CMS-concurrent-sweep: 0.001/0.001 secs] [Times: user=0.00 sys=0.00, real=0.00 secs] 
2021-01-22T01:14:52.864+0800: 11.502: [CMS-concurrent-reset-start]
2021-01-22T01:14:52.864+0800: 11.503: [CMS-concurrent-reset: 0.000/0.000 secs] [Times: user=0.00 sys=0.00, real=0.00 secs] 
2021-01-22T01:14:52.894+0800: 11.533: [GC (Allocation Failure) 2021-01-22T01:14:52.895+0800: 11.533: [ParNew: 314555K->34943K(314560K), 0.0143298 secs] 735436K->533869K(1013632K), 0.0152649 secs] [Times: user=0.11 sys=0.00, real=0.02 secs] 
2021-01-22T01:14:52.911+0800: 11.549: [GC (CMS Initial Mark) [1 CMS-initial-mark: 498925K(699072K)] 539862K(1013632K), 0.0014381 secs] [Times: user=0.00 sys=0.00, real=0.00 secs] 
2021-01-22T01:14:52.913+0800: 11.552: [CMS-concurrent-mark-start]
2021-01-22T01:14:52.915+0800: 11.554: [CMS-concurrent-mark: 0.002/0.002 secs] [Times: user=0.01 sys=0.00, real=0.00 secs] 
2021-01-22T01:14:52.916+0800: 11.554: [CMS-concurrent-preclean-start]
2021-01-22T01:14:52.916+0800: 11.555: [CMS-concurrent-preclean: 0.001/0.001 secs] [Times: user=0.00 sys=0.00, real=0.00 secs] 
2021-01-22T01:14:52.917+0800: 11.555: [CMS-concurrent-abortable-preclean-start]
2021-01-22T01:14:52.944+0800: 11.583: [GC (Allocation Failure) 2021-01-22T01:14:52.945+0800: 11.583: [ParNew: 314559K->34942K(314560K), 0.0158332 secs] 813485K->622946K(1013632K), 0.0166876 secs] [Times: user=0.12 sys=0.00, real=0.02 secs] 
2021-01-22T01:14:52.995+0800: 11.633: [GC (Allocation Failure) 2021-01-22T01:14:52.995+0800: 11.634: [ParNew: 314558K->34943K(314560K), 0.0146930 secs] 902562K->702136K(1013632K), 0.0154427 secs] [Times: user=0.11 sys=0.00, real=0.02 secs] 
2021-01-22T01:14:53.011+0800: 11.650: [CMS-concurrent-abortable-preclean: 0.003/0.094 secs] [Times: user=0.29 sys=0.00, real=0.10 secs] 
2021-01-22T01:14:53.012+0800: 11.650: [GC (CMS Final Remark) [YG occupancy: 40651 K (314560 K)]2021-01-22T01:14:53.012+0800: 11.650: [Rescan (parallel) , 0.0013979 secs]2021-01-22T01:14:53.013+0800: 11.652: [weak refs processing, 0.0003008 secs]2021-01-22T01:14:53.014+0800: 11.653: [class unloading, 0.0004181 secs]2021-01-22T01:14:53.015+0800: 11.653: [scrub symbol table, 0.0004203 secs]2021-01-22T01:14:53.015+0800: 11.654: [scrub string table, 0.0003063 secs][1 CMS-remark: 667193K(699072K)] 707844K(1013632K), 0.0041504 secs] [Times: user=0.01 sys=0.00, real=0.00 secs] 
2021-01-22T01:14:53.016+0800: 11.655: [CMS-concurrent-sweep-start]
2021-01-22T01:14:53.017+0800: 11.656: [CMS-concurrent-sweep: 0.001/0.001 secs] [Times: user=0.00 sys=0.00, real=0.00 secs] 
2021-01-22T01:14:53.018+0800: 11.656: [CMS-concurrent-reset-start]
2021-01-22T01:14:53.018+0800: 11.657: [CMS-concurrent-reset: 0.000/0.000 secs] [Times: user=0.00 sys=0.00, real=0.00 secs] 
2021-01-22T01:14:53.048+0800: 11.687: [GC (Allocation Failure) 2021-01-22T01:14:53.049+0800: 11.687: [ParNew: 314417K->34942K(314560K), 0.0154123 secs] 821611K->626332K(1013632K), 0.0163205 secs] [Times: user=0.12 sys=0.00, real=0.01 secs] 
2021-01-22T01:14:53.065+0800: 11.704: [GC (CMS Initial Mark) [1 CMS-initial-mark: 591389K(699072K)] 632732K(1013632K), 0.0013170 secs] [Times: user=0.00 sys=0.00, real=0.00 secs] 
2021-01-22T01:14:53.068+0800: 11.706: [CMS-concurrent-mark-start]
2021-01-22T01:14:53.070+0800: 11.708: [CMS-concurrent-mark: 0.002/0.002 secs] [Times: user=0.00 sys=0.00, real=0.01 secs] 
2021-01-22T01:14:53.070+0800: 11.709: [CMS-concurrent-preclean-start]
2021-01-22T01:14:53.071+0800: 11.710: [CMS-concurrent-preclean: 0.001/0.001 secs] [Times: user=0.01 sys=0.00, real=0.00 secs] 
2021-01-22T01:14:53.071+0800: 11.710: [CMS-concurrent-abortable-preclean-start]
2021-01-22T01:14:53.102+0800: 11.741: [GC (Allocation Failure) 2021-01-22T01:14:53.103+0800: 11.741: [ParNew: 314558K->34943K(314560K), 0.0143159 secs] 905948K->705375K(1013632K), 0.0150746 secs] [Times: user=0.11 sys=0.00, real=0.01 secs] 
2021-01-22T01:14:53.118+0800: 11.756: [CMS-concurrent-abortable-preclean: 0.001/0.046 secs] [Times: user=0.14 sys=0.00, real=0.04 secs] 
2021-01-22T01:14:53.119+0800: 11.757: [GC (CMS Final Remark) [YG occupancy: 40824 K (314560 K)]2021-01-22T01:14:53.119+0800: 11.757: [Rescan (parallel) , 0.0014720 secs]2021-01-22T01:14:53.121+0800: 11.759: [weak refs processing, 0.0002916 secs]2021-01-22T01:14:53.121+0800: 11.760: [class unloading, 0.0004637 secs]2021-01-22T01:14:53.122+0800: 11.760: [scrub symbol table, 0.0005560 secs]2021-01-22T01:14:53.123+0800: 11.761: [scrub string table, 0.0003958 secs][1 CMS-remark: 670431K(699072K)] 711255K(1013632K), 0.0046601 secs] [Times: user=0.00 sys=0.00, real=0.00 secs] 
2021-01-22T01:14:53.124+0800: 11.762: [CMS-concurrent-sweep-start]
2021-01-22T01:14:53.125+0800: 11.764: [CMS-concurrent-sweep: 0.002/0.002 secs] [Times: user=0.01 sys=0.00, real=0.00 secs] 
2021-01-22T01:14:53.126+0800: 11.764: [CMS-concurrent-reset-start]
2021-01-22T01:14:53.126+0800: 11.765: [CMS-concurrent-reset: 0.000/0.000 secs] [Times: user=0.00 sys=0.00, real=0.00 secs] 
2021-01-22T01:14:53.156+0800: 11.795: [GC (Allocation Failure) 2021-01-22T01:14:53.156+0800: 11.795: [ParNew: 314559K->34943K(314560K), 0.0150113 secs] 741555K->545066K(1013632K), 0.0158116 secs] [Times: user=0.11 sys=0.00, real=0.02 secs] 
2021-01-22T01:14:53.173+0800: 11.811: [GC (CMS Initial Mark) [1 CMS-initial-mark: 510123K(699072K)] 550631K(1013632K), 0.0014130 secs] [Times: user=0.00 sys=0.00, real=0.00 secs] 
2021-01-22T01:14:53.175+0800: 11.813: [CMS-concurrent-mark-start]
2021-01-22T01:14:53.177+0800: 11.815: [CMS-concurrent-mark: 0.002/0.002 secs] [Times: user=0.01 sys=0.00, real=0.00 secs] 
2021-01-22T01:14:53.177+0800: 11.816: [CMS-concurrent-preclean-start]
2021-01-22T01:14:53.178+0800: 11.817: [CMS-concurrent-preclean: 0.001/0.001 secs] [Times: user=0.00 sys=0.00, real=0.00 secs] 
2021-01-22T01:14:53.178+0800: 11.817: [CMS-concurrent-abortable-preclean-start]
2021-01-22T01:14:53.207+0800: 11.846: [GC (Allocation Failure) 2021-01-22T01:14:53.208+0800: 11.846: [ParNew: 314559K->34943K(314560K), 0.0149934 secs] 824682K->627246K(1013632K), 0.0159079 secs] [Times: user=0.11 sys=0.00, real=0.02 secs] 
2021-01-22T01:14:53.254+0800: 11.893: [GC (Allocation Failure) 2021-01-22T01:14:53.254+0800: 11.893: [ParNew: 314559K->34943K(314560K), 0.0143242 secs] 906862K->704953K(1013632K), 0.0150027 secs] [Times: user=0.08 sys=0.03, real=0.02 secs] 
2021-01-22T01:14:53.270+0800: 11.908: [CMS-concurrent-abortable-preclean: 0.003/0.091 secs] [Times: user=0.25 sys=0.03, real=0.09 secs] 
2021-01-22T01:14:53.270+0800: 11.909: [GC (CMS Final Remark) [YG occupancy: 40533 K (314560 K)]2021-01-22T01:14:53.271+0800: 11.909: [Rescan (parallel) , 0.0017574 secs]2021-01-22T01:14:53.273+0800: 11.911: [weak refs processing, 0.0002630 secs]2021-01-22T01:14:53.273+0800: 11.912: [class unloading, 0.0004469 secs]2021-01-22T01:14:53.274+0800: 11.912: [scrub symbol table, 0.0007002 secs]2021-01-22T01:14:53.275+0800: 11.913: [scrub string table, 0.0003348 secs][1 CMS-remark: 670010K(699072K)] 710544K(1013632K), 0.0051380 secs] [Times: user=0.01 sys=0.00, real=0.00 secs] 
2021-01-22T01:14:53.276+0800: 11.915: [CMS-concurrent-sweep-start]
2021-01-22T01:14:53.277+0800: 11.916: [CMS-concurrent-sweep: 0.001/0.001 secs] [Times: user=0.00 sys=0.00, real=0.00 secs] 
2021-01-22T01:14:53.277+0800: 11.916: [CMS-concurrent-reset-start]
2021-01-22T01:14:53.278+0800: 11.916: [CMS-concurrent-reset: 0.000/0.000 secs] [Times: user=0.00 sys=0.00, real=0.00 secs] 
2021-01-22T01:14:53.309+0800: 11.948: [GC (Allocation Failure) 2021-01-22T01:14:53.309+0800: 11.948: [ParNew: 314559K->34943K(314560K), 0.0211331 secs] 823636K->616471K(1013632K), 0.0219353 secs] [Times: user=0.14 sys=0.01, real=0.02 secs] 
2021-01-22T01:14:53.332+0800: 11.970: [GC (CMS Initial Mark) [1 CMS-initial-mark: 581527K(699072K)] 622321K(1013632K), 0.0013199 secs] [Times: user=0.00 sys=0.00, real=0.00 secs] 
2021-01-22T01:14:53.334+0800: 11.972: [CMS-concurrent-mark-start]
2021-01-22T01:14:53.337+0800: 11.975: [CMS-concurrent-mark: 0.003/0.003 secs] [Times: user=0.00 sys=0.00, real=0.00 secs] 
2021-01-22T01:14:53.337+0800: 11.976: [CMS-concurrent-preclean-start]
2021-01-22T01:14:53.338+0800: 11.976: [CMS-concurrent-preclean: 0.001/0.001 secs] [Times: user=0.00 sys=0.00, real=0.00 secs] 
2021-01-22T01:14:53.338+0800: 11.977: [CMS-concurrent-abortable-preclean-start]
2021-01-22T01:14:53.375+0800: 12.013: [GC (Allocation Failure) 2021-01-22T01:14:53.375+0800: 12.013: [ParNew: 314559K->34942K(314560K), 0.0163222 secs] 896087K->691109K(1013632K), 0.0169618 secs] [Times: user=0.13 sys=0.00, real=0.02 secs] 
2021-01-22T01:14:53.393+0800: 12.032: [CMS-concurrent-abortable-preclean: 0.002/0.055 secs] [Times: user=0.16 sys=0.00, real=0.05 secs] 
2021-01-22T01:14:53.394+0800: 12.032: [GC (CMS Final Remark) [YG occupancy: 53543 K (314560 K)]2021-01-22T01:14:53.394+0800: 12.032: [Rescan (parallel) , 0.0016022 secs]2021-01-22T01:14:53.396+0800: 12.034: [weak refs processing, 0.0001971 secs]2021-01-22T01:14:53.396+0800: 12.035: [class unloading, 0.0004641 secs]2021-01-22T01:14:53.397+0800: 12.035: [scrub symbol table, 0.0005984 secs]2021-01-22T01:14:53.397+0800: 12.036: [scrub string table, 0.0002959 secs][1 CMS-remark: 656167K(699072K)] 709711K(1013632K), 0.0042746 secs] [Times: user=0.01 sys=0.00, real=0.00 secs] 
2021-01-22T01:14:53.398+0800: 12.037: [CMS-concurrent-sweep-start]
2021-01-22T01:14:53.400+0800: 12.038: [CMS-concurrent-sweep: 0.001/0.001 secs] [Times: user=0.00 sys=0.00, real=0.00 secs] 
2021-01-22T01:14:53.400+0800: 12.038: [CMS-concurrent-reset-start]
2021-01-22T01:14:53.400+0800: 12.039: [CMS-concurrent-reset: 0.001/0.001 secs] [Times: user=0.00 sys=0.00, real=0.00 secs] 
2021-01-22T01:14:53.433+0800: 12.071: [GC (Allocation Failure) 2021-01-22T01:14:53.433+0800: 12.072: [ParNew: 314558K->34943K(314560K), 0.0140033 secs] 721428K->514964K(1013632K), 0.0145557 secs] [Times: user=0.10 sys=0.00, real=0.01 secs] 
2021-01-22T01:14:53.448+0800: 12.087: [GC (CMS Initial Mark) [1 CMS-initial-mark: 480021K(699072K)] 520788K(1013632K), 0.0007481 secs] [Times: user=0.00 sys=0.00, real=0.01 secs] 
2021-01-22T01:14:53.449+0800: 12.088: [CMS-concurrent-mark-start]
2021-01-22T01:14:53.451+0800: 12.090: [CMS-concurrent-mark: 0.002/0.002 secs] [Times: user=0.00 sys=0.00, real=0.00 secs] 
2021-01-22T01:14:53.451+0800: 12.090: [CMS-concurrent-preclean-start]
2021-01-22T01:14:53.452+0800: 12.091: [CMS-concurrent-preclean: 0.001/0.001 secs] [Times: user=0.00 sys=0.00, real=0.00 secs] 
2021-01-22T01:14:53.452+0800: 12.091: [CMS-concurrent-abortable-preclean-start]
2021-01-22T01:14:53.481+0800: 12.119: [GC (Allocation Failure) 2021-01-22T01:14:53.481+0800: 12.119: [ParNew: 314491K->34942K(314560K), 0.0146586 secs] 794513K->596191K(1013632K), 0.0152121 secs] [Times: user=0.11 sys=0.00, real=0.01 secs] 
2021-01-22T01:14:53.526+0800: 12.165: [GC (Allocation Failure) 2021-01-22T01:14:53.527+0800: 12.165: [ParNew: 314558K->34942K(314560K), 0.0196362 secs] 875807K->674703K(1013632K), 0.0203464 secs] [Times: user=0.15 sys=0.00, real=0.02 secs] 
2021-01-22T01:14:53.585+0800: 12.223: [GC (Allocation Failure) 2021-01-22T01:14:53.585+0800: 12.223: [ParNew: 314558K->314558K(314560K), 0.0002539 secs]2021-01-22T01:14:53.585+0800: 12.224: [CMS2021-01-22T01:14:53.586+0800: 12.224: [CMS-concurrent-abortable-preclean: 0.007/0.133 secs] [Times: user=0.37 sys=0.00, real=0.13 secs] 
 (concurrent mode failure): 639761K->370240K(699072K), 0.0578688 secs] 954319K->370240K(1013632K), [Metaspace: 2817K->2817K(1056768K)], 0.0611091 secs] [Times: user=0.06 sys=0.00, real=0.06 secs] 
2021-01-22T01:14:53.684+0800: 12.323: [GC (Allocation Failure) 2021-01-22T01:14:53.684+0800: 12.323: [ParNew: 279616K->34943K(314560K), 0.0136012 secs] 649856K->454348K(1013632K), 0.0143277 secs] [Times: user=0.11 sys=0.00, real=0.02 secs] 
2021-01-22T01:14:53.736+0800: 12.375: [GC (Allocation Failure) 2021-01-22T01:14:53.737+0800: 12.375: [ParNew: 314559K->34943K(314560K), 0.0147250 secs] 733964K->533686K(1013632K), 0.0155327 secs] [Times: user=0.12 sys=0.00, real=0.02 secs] 
2021-01-22T01:14:53.753+0800: 12.392: [GC (CMS Initial Mark) [1 CMS-initial-mark: 498742K(699072K)] 539900K(1013632K), 0.0012647 secs] [Times: user=0.00 sys=0.00, real=0.00 secs] 
2021-01-22T01:14:53.755+0800: 12.394: [CMS-concurrent-mark-start]
2021-01-22T01:14:53.757+0800: 12.396: [CMS-concurrent-mark: 0.002/0.002 secs] [Times: user=0.00 sys=0.00, real=0.00 secs] 
2021-01-22T01:14:53.758+0800: 12.396: [CMS-concurrent-preclean-start]
2021-01-22T01:14:53.758+0800: 12.397: [CMS-concurrent-preclean: 0.001/0.001 secs] [Times: user=0.01 sys=0.00, real=0.01 secs] 
2021-01-22T01:14:53.759+0800: 12.397: [CMS-concurrent-abortable-preclean-start]
2021-01-22T01:14:53.790+0800: 12.428: [GC (Allocation Failure) 2021-01-22T01:14:53.790+0800: 12.429: [ParNew: 314559K->34943K(314560K), 0.0139354 secs] 813302K->609058K(1013632K), 0.0149634 secs] [Times: user=0.10 sys=0.00, real=0.01 secs] 
2021-01-22T01:14:53.843+0800: 12.482: [GC (Allocation Failure) 2021-01-22T01:14:53.843+0800: 12.482: [ParNew: 314559K->34943K(314560K), 0.0145284 secs] 888674K->689774K(1013632K), 0.0154315 secs] [Times: user=0.11 sys=0.00, real=0.02 secs] 
2021-01-22T01:14:53.860+0800: 12.499: [CMS-concurrent-abortable-preclean: 0.004/0.101 secs] [Times: user=0.28 sys=0.00, real=0.10 secs] 
2021-01-22T01:14:53.861+0800: 12.499: [GC (CMS Final Remark) [YG occupancy: 53161 K (314560 K)]2021-01-22T01:14:53.861+0800: 12.500: [Rescan (parallel) , 0.0011155 secs]2021-01-22T01:14:53.863+0800: 12.501: [weak refs processing, 0.0003621 secs]2021-01-22T01:14:53.863+0800: 12.502: [class unloading, 0.0004916 secs]2021-01-22T01:14:53.864+0800: 12.503: [scrub symbol table, 0.0005468 secs]2021-01-22T01:14:53.865+0800: 12.503: [scrub string table, 0.0004589 secs][1 CMS-remark: 654831K(699072K)] 707993K(1013632K), 0.0047761 secs] [Times: user=0.00 sys=0.00, real=0.00 secs] 
2021-01-22T01:14:53.866+0800: 12.505: [CMS-concurrent-sweep-start]
2021-01-22T01:14:53.867+0800: 12.506: [CMS-concurrent-sweep: 0.001/0.001 secs] [Times: user=0.00 sys=0.00, real=0.00 secs] 
2021-01-22T01:14:53.868+0800: 12.506: [CMS-concurrent-reset-start]
2021-01-22T01:14:53.868+0800: 12.507: [CMS-concurrent-reset: 0.000/0.000 secs] [Times: user=0.00 sys=0.00, real=0.00 secs] 
2021-01-22T01:14:53.897+0800: 12.536: [GC (Allocation Failure) 2021-01-22T01:14:53.897+0800: 12.536: [ParNew: 314559K->34943K(314560K), 0.0145519 secs] 795815K->596428K(1013632K), 0.0153084 secs] [Times: user=0.11 sys=0.00, real=0.02 secs] 
2021-01-22T01:14:53.913+0800: 12.552: [GC (CMS Initial Mark) [1 CMS-initial-mark: 561485K(699072K)] 602275K(1013632K), 0.0012706 secs] [Times: user=0.00 sys=0.00, real=0.00 secs] 
2021-01-22T01:14:53.915+0800: 12.554: [CMS-concurrent-mark-start]
2021-01-22T01:14:53.917+0800: 12.556: [CMS-concurrent-mark: 0.002/0.002 secs] [Times: user=0.00 sys=0.00, real=0.00 secs] 
2021-01-22T01:14:53.918+0800: 12.556: [CMS-concurrent-preclean-start]
2021-01-22T01:14:53.919+0800: 12.557: [CMS-concurrent-preclean: 0.001/0.001 secs] [Times: user=0.00 sys=0.00, real=0.01 secs] 
2021-01-22T01:14:53.919+0800: 12.557: [CMS-concurrent-abortable-preclean-start]
2021-01-22T01:14:53.951+0800: 12.589: [GC (Allocation Failure) 2021-01-22T01:14:53.951+0800: 12.590: [ParNew: 314559K->34943K(314560K), 0.0138018 secs] 876044K->670689K(1013632K), 0.0145931 secs] [Times: user=0.10 sys=0.00, real=0.01 secs] 
2021-01-22T01:14:53.999+0800: 12.638: [GC (Allocation Failure) 2021-01-22T01:14:54.000+0800: 12.639: [ParNew: 314559K->314559K(314560K), 0.0004798 secs]2021-01-22T01:14:54.001+0800: 12.639: [CMS2021-01-22T01:14:54.001+0800: 12.640: [CMS-concurrent-abortable-preclean: 0.002/0.083 secs] [Times: user=0.18 sys=0.00, real=0.08 secs] 
 (concurrent mode failure): 635745K->371176K(699072K), 0.0483954 secs] 950305K->371176K(1013632K), [Metaspace: 2817K->2817K(1056768K)], 0.0502348 secs] [Times: user=0.05 sys=0.00, real=0.05 secs] 
2021-01-22T01:14:54.082+0800: 12.720: [GC (Allocation Failure) 2021-01-22T01:14:54.082+0800: 12.721: [ParNew: 279616K->34943K(314560K), 0.0113326 secs] 650792K->458138K(1013632K), 0.0122744 secs] [Times: user=0.09 sys=0.00, real=0.01 secs] 
2021-01-22T01:14:54.127+0800: 12.766: [GC (Allocation Failure) 2021-01-22T01:14:54.128+0800: 12.766: [ParNew: 314559K->34943K(314560K), 0.0146867 secs] 737754K->538699K(1013632K), 0.0154344 secs] [Times: user=0.11 sys=0.00, real=0.02 secs] 
2021-01-22T01:14:54.144+0800: 12.782: [GC (CMS Initial Mark) [1 CMS-initial-mark: 503755K(699072K)] 544947K(1013632K), 0.0012953 secs] [Times: user=0.01 sys=0.00, real=0.00 secs] 
2021-01-22T01:14:54.146+0800: 12.784: [CMS-concurrent-mark-start]
2021-01-22T01:14:54.147+0800: 12.786: [CMS-concurrent-mark: 0.002/0.002 secs] [Times: user=0.00 sys=0.00, real=0.00 secs] 
2021-01-22T01:14:54.148+0800: 12.786: [CMS-concurrent-preclean-start]
2021-01-22T01:14:54.149+0800: 12.787: [CMS-concurrent-preclean: 0.001/0.001 secs] [Times: user=0.00 sys=0.00, real=0.01 secs] 
2021-01-22T01:14:54.149+0800: 12.787: [CMS-concurrent-abortable-preclean-start]
2021-01-22T01:14:54.179+0800: 12.817: [GC (Allocation Failure) 2021-01-22T01:14:54.179+0800: 12.818: [ParNew: 314559K->34943K(314560K), 0.0153141 secs] 818315K->616229K(1013632K), 0.0160565 secs] [Times: user=0.11 sys=0.01, real=0.01 secs] 
2021-01-22T01:14:54.230+0800: 12.868: [GC (Allocation Failure) 2021-01-22T01:14:54.230+0800: 12.869: [ParNew: 314559K->34943K(314560K), 0.0137519 secs] 895845K->691103K(1013632K), 0.0147088 secs] [Times: user=0.11 sys=0.00, real=0.01 secs] 
2021-01-22T01:14:54.246+0800: 12.884: [CMS-concurrent-abortable-preclean: 0.003/0.097 secs] [Times: user=0.28 sys=0.01, real=0.09 secs] 
2021-01-22T01:14:54.247+0800: 12.885: [GC (CMS Final Remark) [YG occupancy: 53180 K (314560 K)]2021-01-22T01:14:54.247+0800: 12.885: [Rescan (parallel) , 0.0013644 secs]2021-01-22T01:14:54.249+0800: 12.887: [weak refs processing, 0.0002459 secs]2021-01-22T01:14:54.249+0800: 12.888: [class unloading, 0.0004097 secs]2021-01-22T01:14:54.250+0800: 12.888: [scrub symbol table, 0.0005145 secs]2021-01-22T01:14:54.251+0800: 12.889: [scrub string table, 0.0004103 secs][1 CMS-remark: 656160K(699072K)] 709340K(1013632K), 0.0046722 secs] [Times: user=0.00 sys=0.01, real=0.01 secs] 
2021-01-22T01:14:54.252+0800: 12.890: [CMS-concurrent-sweep-start]
2021-01-22T01:14:54.253+0800: 12.891: [CMS-concurrent-sweep: 0.001/0.001 secs] [Times: user=0.00 sys=0.00, real=0.00 secs] 
2021-01-22T01:14:54.253+0800: 12.891: [CMS-concurrent-reset-start]
2021-01-22T01:14:54.253+0800: 12.892: [CMS-concurrent-reset: 0.000/0.000 secs] [Times: user=0.00 sys=0.00, real=0.00 secs] 
2021-01-22T01:14:54.281+0800: 12.919: [GC (Allocation Failure) 2021-01-22T01:14:54.281+0800: 12.920: [ParNew: 314559K->34943K(314560K), 0.0151733 secs] 793580K->598714K(1013632K), 0.0159906 secs] [Times: user=0.11 sys=0.00, real=0.01 secs] 
2021-01-22T01:14:54.298+0800: 12.936: [GC (CMS Initial Mark) [1 CMS-initial-mark: 563771K(699072K)] 604542K(1013632K), 0.0015729 secs] [Times: user=0.00 sys=0.00, real=0.01 secs] 
2021-01-22T01:14:54.300+0800: 12.939: [CMS-concurrent-mark-start]
2021-01-22T01:14:54.302+0800: 12.941: [CMS-concurrent-mark: 0.002/0.002 secs] [Times: user=0.00 sys=0.00, real=0.00 secs] 
2021-01-22T01:14:54.303+0800: 12.941: [CMS-concurrent-preclean-start]
2021-01-22T01:14:54.304+0800: 12.942: [CMS-concurrent-preclean: 0.001/0.001 secs] [Times: user=0.00 sys=0.00, real=0.00 secs] 
2021-01-22T01:14:54.304+0800: 12.943: [CMS-concurrent-abortable-preclean-start]
2021-01-22T01:14:54.333+0800: 12.971: [GC (Allocation Failure) 2021-01-22T01:14:54.333+0800: 12.971: [ParNew: 314559K->34943K(314560K), 0.0140159 secs] 878330K->676312K(1013632K), 0.0147512 secs] [Times: user=0.10 sys=0.00, real=0.01 secs] 
2021-01-22T01:14:54.382+0800: 13.020: [GC (Allocation Failure) 2021-01-22T01:14:54.382+0800: 13.021: [ParNew: 314559K->314559K(314560K), 0.0003413 secs]2021-01-22T01:14:54.383+0800: 13.021: [CMS2021-01-22T01:14:54.383+0800: 13.022: [CMS-concurrent-abortable-preclean: 0.003/0.079 secs] [Times: user=0.17 sys=0.00, real=0.08 secs] 
 (concurrent mode failure): 641368K->378753K(699072K), 0.0492540 secs] 955928K->378753K(1013632K), [Metaspace: 2817K->2817K(1056768K)], 0.0506817 secs] [Times: user=0.05 sys=0.00, real=0.05 secs] 
2021-01-22T01:14:54.469+0800: 13.108: [GC (Allocation Failure) 2021-01-22T01:14:54.469+0800: 13.108: [ParNew: 279616K->34943K(314560K), 0.0118959 secs] 658369K->461168K(1013632K), 0.0127093 secs] [Times: user=0.09 sys=0.00, real=0.01 secs] 
2021-01-22T01:14:54.517+0800: 13.156: [GC (Allocation Failure) 2021-01-22T01:14:54.518+0800: 13.156: [ParNew: 314559K->34942K(314560K), 0.0194611 secs] 740784K->543012K(1013632K), 0.0204982 secs] [Times: user=0.14 sys=0.00, real=0.02 secs] 
2021-01-22T01:14:54.539+0800: 13.177: [GC (CMS Initial Mark) [1 CMS-initial-mark: 508070K(699072K)] 549177K(1013632K), 0.0013717 secs] [Times: user=0.00 sys=0.00, real=0.00 secs] 
2021-01-22T01:14:54.541+0800: 13.180: [CMS-concurrent-mark-start]
2021-01-22T01:14:54.543+0800: 13.181: [CMS-concurrent-mark: 0.002/0.002 secs] [Times: user=0.00 sys=0.00, real=0.00 secs] 
2021-01-22T01:14:54.543+0800: 13.182: [CMS-concurrent-preclean-start]
2021-01-22T01:14:54.544+0800: 13.183: [CMS-concurrent-preclean: 0.001/0.001 secs] [Times: user=0.00 sys=0.00, real=0.00 secs] 
2021-01-22T01:14:54.544+0800: 13.183: [CMS-concurrent-abortable-preclean-start]
2021-01-22T01:14:54.577+0800: 13.215: [GC (Allocation Failure) 2021-01-22T01:14:54.577+0800: 13.216: [ParNew: 314558K->34943K(314560K), 0.0141955 secs] 822628K->619006K(1013632K), 0.0149816 secs] [Times: user=0.10 sys=0.00, real=0.02 secs] 
2021-01-22T01:14:54.624+0800: 13.262: [GC (Allocation Failure) 2021-01-22T01:14:54.624+0800: 13.263: [ParNew: 314374K->34943K(314560K), 0.0140354 secs] 898437K->701016K(1013632K), 0.0149811 secs] [Times: user=0.09 sys=0.01, real=0.02 secs] 
2021-01-22T01:14:54.639+0800: 13.278: [CMS-concurrent-abortable-preclean: 0.003/0.095 secs] [Times: user=0.27 sys=0.01, real=0.10 secs] 
2021-01-22T01:14:54.640+0800: 13.278: [GC (CMS Final Remark) [YG occupancy: 40854 K (314560 K)]2021-01-22T01:14:54.640+0800: 13.279: [Rescan (parallel) , 0.0011392 secs]2021-01-22T01:14:54.642+0800: 13.280: [weak refs processing, 0.0002695 secs]2021-01-22T01:14:54.642+0800: 13.281: [class unloading, 0.0004691 secs]2021-01-22T01:14:54.643+0800: 13.282: [scrub symbol table, 0.0004705 secs]2021-01-22T01:14:54.644+0800: 13.282: [scrub string table, 0.0004076 secs][1 CMS-remark: 666073K(699072K)] 706927K(1013632K), 0.0045121 secs] [Times: user=0.00 sys=0.00, real=0.00 secs] 
2021-01-22T01:14:54.645+0800: 13.284: [CMS-concurrent-sweep-start]
2021-01-22T01:14:54.646+0800: 13.284: [CMS-concurrent-sweep: 0.001/0.001 secs] [Times: user=0.00 sys=0.00, real=0.00 secs] 
2021-01-22T01:14:54.646+0800: 13.285: [CMS-concurrent-reset-start]
2021-01-22T01:14:54.646+0800: 13.285: [CMS-concurrent-reset: 0.000/0.000 secs] [Times: user=0.00 sys=0.00, real=0.00 secs] 
2021-01-22T01:14:54.676+0800: 13.315: [GC (Allocation Failure) 2021-01-22T01:14:54.677+0800: 13.315: [ParNew: 314559K->34942K(314560K), 0.0151959 secs] 815681K->617738K(1013632K), 0.0159440 secs] [Times: user=0.12 sys=0.00, real=0.02 secs] 
2021-01-22T01:14:54.693+0800: 13.332: [GC (CMS Initial Mark) [1 CMS-initial-mark: 582796K(699072K)] 623436K(1013632K), 0.0009776 secs] [Times: user=0.00 sys=0.00, real=0.00 secs] 
2021-01-22T01:14:54.694+0800: 13.333: [CMS-concurrent-mark-start]
2021-01-22T01:14:54.697+0800: 13.335: [CMS-concurrent-mark: 0.002/0.002 secs] [Times: user=0.01 sys=0.00, real=0.00 secs] 
2021-01-22T01:14:54.697+0800: 13.336: [CMS-concurrent-preclean-start]
2021-01-22T01:14:54.698+0800: 13.336: [CMS-concurrent-preclean: 0.001/0.001 secs] [Times: user=0.00 sys=0.00, real=0.00 secs] 
2021-01-22T01:14:54.698+0800: 13.337: [CMS-concurrent-abortable-preclean-start]
2021-01-22T01:14:54.726+0800: 13.365: [GC (Allocation Failure) 2021-01-22T01:14:54.727+0800: 13.365: [ParNew: 314558K->34943K(314560K), 0.0149509 secs] 897354K->697661K(1013632K), 0.0155197 secs] [Times: user=0.11 sys=0.00, real=0.02 secs] 
2021-01-22T01:14:54.743+0800: 13.382: [CMS-concurrent-abortable-preclean: 0.002/0.045 secs] [Times: user=0.15 sys=0.00, real=0.05 secs] 
2021-01-22T01:14:54.744+0800: 13.383: [GC (CMS Final Remark) [YG occupancy: 54305 K (314560 K)]2021-01-22T01:14:54.744+0800: 13.383: [Rescan (parallel) , 0.0009153 secs]2021-01-22T01:14:54.745+0800: 13.384: [weak refs processing, 0.0001998 secs]2021-01-22T01:14:54.746+0800: 13.384: [class unloading, 0.0005301 secs]2021-01-22T01:14:54.747+0800: 13.385: [scrub symbol table, 0.0006098 secs]2021-01-22T01:14:54.747+0800: 13.386: [scrub string table, 0.0003552 secs][1 CMS-remark: 662718K(699072K)] 717024K(1013632K), 0.0040555 secs] [Times: user=0.00 sys=0.00, real=0.01 secs] 
2021-01-22T01:14:54.749+0800: 13.387: [CMS-concurrent-sweep-start]
2021-01-22T01:14:54.750+0800: 13.388: [CMS-concurrent-sweep: 0.001/0.001 secs] [Times: user=0.00 sys=0.00, real=0.00 secs] 
2021-01-22T01:14:54.750+0800: 13.389: [CMS-concurrent-reset-start]
2021-01-22T01:14:54.750+0800: 13.389: [CMS-concurrent-reset: 0.000/0.000 secs] [Times: user=0.00 sys=0.00, real=0.00 secs] 
2021-01-22T01:14:54.779+0800: 13.418: [GC (Allocation Failure) 2021-01-22T01:14:54.779+0800: 13.418: [ParNew: 314559K->34942K(314560K), 0.0155803 secs] 742562K->551880K(1013632K), 0.0162182 secs] [Times: user=0.12 sys=0.00, real=0.01 secs] 
2021-01-22T01:14:54.796+0800: 13.435: [GC (CMS Initial Mark) [1 CMS-initial-mark: 516937K(699072K)] 557715K(1013632K), 0.0009236 secs] [Times: user=0.00 sys=0.00, real=0.00 secs] 
2021-01-22T01:14:54.797+0800: 13.436: [CMS-concurrent-mark-start]
2021-01-22T01:14:54.799+0800: 13.438: [CMS-concurrent-mark: 0.002/0.002 secs] [Times: user=0.01 sys=0.00, real=0.01 secs] 
2021-01-22T01:14:54.800+0800: 13.438: [CMS-concurrent-preclean-start]
2021-01-22T01:14:54.801+0800: 13.439: [CMS-concurrent-preclean: 0.001/0.001 secs] [Times: user=0.00 sys=0.00, real=0.00 secs] 
2021-01-22T01:14:54.801+0800: 13.439: [CMS-concurrent-abortable-preclean-start]
2021-01-22T01:14:54.831+0800: 13.470: [GC (Allocation Failure) 2021-01-22T01:14:54.831+0800: 13.470: [ParNew: 314558K->34943K(314560K), 0.0150763 secs] 831496K->629584K(1013632K), 0.0157502 secs] [Times: user=0.11 sys=0.00, real=0.01 secs] 
2021-01-22T01:14:54.880+0800: 13.518: [GC (Allocation Failure) 2021-01-22T01:14:54.880+0800: 13.518: [ParNew: 314559K->34942K(314560K), 0.0142090 secs] 909200K->708574K(1013632K), 0.0147502 secs] [Times: user=0.11 sys=0.00, real=0.01 secs] 
2021-01-22T01:14:54.895+0800: 13.533: [CMS-concurrent-abortable-preclean: 0.003/0.094 secs] [Times: user=0.28 sys=0.00, real=0.09 secs] 
2021-01-22T01:14:54.895+0800: 13.534: [GC (CMS Final Remark) [YG occupancy: 41142 K (314560 K)]2021-01-22T01:14:54.896+0800: 13.534: [Rescan (parallel) , 0.0012443 secs]2021-01-22T01:14:54.897+0800: 13.536: [weak refs processing, 0.0002080 secs]2021-01-22T01:14:54.897+0800: 13.536: [class unloading, 0.0003545 secs]2021-01-22T01:14:54.898+0800: 13.536: [scrub symbol table, 0.0005305 secs]2021-01-22T01:14:54.899+0800: 13.537: [scrub string table, 0.0003235 secs][1 CMS-remark: 673631K(699072K)] 714773K(1013632K), 0.0037491 secs] [Times: user=0.01 sys=0.00, real=0.01 secs] 
2021-01-22T01:14:54.900+0800: 13.538: [CMS-concurrent-sweep-start]
2021-01-22T01:14:54.900+0800: 13.539: [CMS-concurrent-sweep: 0.001/0.001 secs] [Times: user=0.00 sys=0.00, real=0.00 secs] 
2021-01-22T01:14:54.901+0800: 13.539: [CMS-concurrent-reset-start]
2021-01-22T01:14:54.901+0800: 13.540: [CMS-concurrent-reset: 0.000/0.000 secs] [Times: user=0.00 sys=0.00, real=0.00 secs] 
2021-01-22T01:14:54.929+0800: 13.568: [GC (Allocation Failure) 2021-01-22T01:14:54.930+0800: 13.568: [ParNew: 314558K->34942K(314560K), 0.0150624 secs] 833650K->636375K(1013632K), 0.0156803 secs] [Times: user=0.11 sys=0.00, real=0.01 secs] 
2021-01-22T01:14:54.946+0800: 13.584: [GC (CMS Initial Mark) [1 CMS-initial-mark: 601432K(699072K)] 642397K(1013632K), 0.0008876 secs] [Times: user=0.00 sys=0.00, real=0.00 secs] 
2021-01-22T01:14:54.947+0800: 13.586: [CMS-concurrent-mark-start]
2021-01-22T01:14:54.950+0800: 13.588: [CMS-concurrent-mark: 0.002/0.002 secs] [Times: user=0.01 sys=0.00, real=0.01 secs] 
2021-01-22T01:14:54.950+0800: 13.589: [CMS-concurrent-preclean-start]
2021-01-22T01:14:54.951+0800: 13.589: [CMS-concurrent-preclean: 0.001/0.001 secs] [Times: user=0.00 sys=0.00, real=0.00 secs] 
2021-01-22T01:14:54.951+0800: 13.589: [CMS-concurrent-abortable-preclean-start]
2021-01-22T01:14:54.981+0800: 13.619: [GC (Allocation Failure) 2021-01-22T01:14:54.981+0800: 13.620: [ParNew: 314558K->34943K(314560K), 0.0131840 secs] 915991K->708528K(1013632K), 0.0138868 secs] [Times: user=0.10 sys=0.00, real=0.01 secs] 
2021-01-22T01:14:54.995+0800: 13.634: [CMS-concurrent-abortable-preclean: 0.001/0.044 secs] [Times: user=0.13 sys=0.00, real=0.04 secs] 
2021-01-22T01:14:54.996+0800: 13.634: [GC (CMS Final Remark) [YG occupancy: 40786 K (314560 K)]2021-01-22T01:14:54.996+0800: 13.634: [Rescan (parallel) , 0.0013501 secs]2021-01-22T01:14:54.998+0800: 13.636: [weak refs processing, 0.0002292 secs]2021-01-22T01:14:54.998+0800: 13.637: [class unloading, 0.0004130 secs]2021-01-22T01:14:54.999+0800: 13.637: [scrub symbol table, 0.0005018 secs]2021-01-22T01:14:54.999+0800: 13.638: [scrub string table, 0.0003495 secs][1 CMS-remark: 673584K(699072K)] 714371K(1013632K), 0.0045580 secs] [Times: user=0.01 sys=0.00, real=0.01 secs] 
2021-01-22T01:14:55.001+0800: 13.639: [CMS-concurrent-sweep-start]
2021-01-22T01:14:55.002+0800: 13.640: [CMS-concurrent-sweep: 0.001/0.001 secs] [Times: user=0.00 sys=0.00, real=0.00 secs] 
2021-01-22T01:14:55.002+0800: 13.641: [CMS-concurrent-reset-start]
2021-01-22T01:14:55.003+0800: 13.641: [CMS-concurrent-reset: 0.000/0.000 secs] [Times: user=0.00 sys=0.00, real=0.00 secs] 
2021-01-22T01:14:55.034+0800: 13.673: [GC (Allocation Failure) 2021-01-22T01:14:55.034+0800: 13.673: [ParNew: 314559K->34943K(314560K), 0.0159414 secs] 735334K->536817K(1013632K), 0.0167500 secs] [Times: user=0.13 sys=0.00, real=0.02 secs] 
2021-01-22T01:14:55.052+0800: 13.690: [GC (CMS Initial Mark) [1 CMS-initial-mark: 501874K(699072K)] 542482K(1013632K), 0.0013154 secs] [Times: user=0.00 sys=0.00, real=0.00 secs] 
2021-01-22T01:14:55.054+0800: 13.692: [CMS-concurrent-mark-start]
2021-01-22T01:14:55.056+0800: 13.695: [CMS-concurrent-mark: 0.002/0.002 secs] [Times: user=0.00 sys=0.00, real=0.00 secs] 
2021-01-22T01:14:55.057+0800: 13.695: [CMS-concurrent-preclean-start]
2021-01-22T01:14:55.058+0800: 13.696: [CMS-concurrent-preclean: 0.001/0.001 secs] [Times: user=0.00 sys=0.00, real=0.00 secs] 
2021-01-22T01:14:55.058+0800: 13.697: [CMS-concurrent-abortable-preclean-start]
2021-01-22T01:14:55.088+0800: 13.727: [GC (Allocation Failure) 2021-01-22T01:14:55.089+0800: 13.727: [ParNew: 314559K->34943K(314560K), 0.0241125 secs] 816433K->618147K(1013632K), 0.0249239 secs] [Times: user=0.19 sys=0.00, real=0.02 secs] 
2021-01-22T01:14:55.149+0800: 13.788: [GC (Allocation Failure) 2021-01-22T01:14:55.149+0800: 13.788: [ParNew: 314559K->34943K(314560K), 0.0140284 secs] 897763K->690823K(1013632K), 0.0147183 secs] [Times: user=0.11 sys=0.00, real=0.01 secs] 
2021-01-22T01:14:55.165+0800: 13.804: [CMS-concurrent-abortable-preclean: 0.004/0.107 secs] [Times: user=0.36 sys=0.00, real=0.11 secs] 
2021-01-22T01:14:55.166+0800: 13.805: [GC (CMS Final Remark) [YG occupancy: 52292 K (314560 K)]2021-01-22T01:14:55.166+0800: 13.805: [Rescan (parallel) , 0.0012632 secs]2021-01-22T01:14:55.168+0800: 13.806: [weak refs processing, 0.0002666 secs]2021-01-22T01:14:55.168+0800: 13.807: [class unloading, 0.0004932 secs]2021-01-22T01:14:55.169+0800: 13.808: [scrub symbol table, 0.0004666 secs]2021-01-22T01:14:55.170+0800: 13.808: [scrub string table, 0.0004853 secs][1 CMS-remark: 655879K(699072K)] 708172K(1013632K), 0.0044852 secs] [Times: user=0.00 sys=0.01, real=0.01 secs] 
2021-01-22T01:14:55.171+0800: 13.810: [CMS-concurrent-sweep-start]
2021-01-22T01:14:55.172+0800: 13.811: [CMS-concurrent-sweep: 0.001/0.001 secs] [Times: user=0.00 sys=0.00, real=0.00 secs] 
2021-01-22T01:14:55.173+0800: 13.811: [CMS-concurrent-reset-start]
2021-01-22T01:14:55.173+0800: 13.812: [CMS-concurrent-reset: 0.001/0.001 secs] [Times: user=0.00 sys=0.00, real=0.00 secs] 
2021-01-22T01:14:55.201+0800: 13.840: [GC (Allocation Failure) 2021-01-22T01:14:55.202+0800: 13.840: [ParNew: 314559K->34943K(314560K), 0.0166380 secs] 813759K->617508K(1013632K), 0.0173268 secs] [Times: user=0.12 sys=0.01, real=0.02 secs] 
2021-01-22T01:14:55.220+0800: 13.858: [GC (CMS Initial Mark) [1 CMS-initial-mark: 582565K(699072K)] 623682K(1013632K), 0.0008675 secs] [Times: user=0.00 sys=0.00, real=0.00 secs] 
2021-01-22T01:14:55.221+0800: 13.860: [CMS-concurrent-mark-start]
2021-01-22T01:14:55.223+0800: 13.862: [CMS-concurrent-mark: 0.002/0.002 secs] [Times: user=0.00 sys=0.00, real=0.00 secs] 
2021-01-22T01:14:55.224+0800: 13.862: [CMS-concurrent-preclean-start]
2021-01-22T01:14:55.224+0800: 13.863: [CMS-concurrent-preclean: 0.001/0.001 secs] [Times: user=0.01 sys=0.00, real=0.00 secs] 
2021-01-22T01:14:55.225+0800: 13.863: [CMS-concurrent-abortable-preclean-start]
2021-01-22T01:14:55.255+0800: 13.893: [GC (Allocation Failure) 2021-01-22T01:14:55.255+0800: 13.894: [ParNew: 314559K->34943K(314560K), 0.0149845 secs] 897124K->699352K(1013632K), 0.0157269 secs] [Times: user=0.11 sys=0.00, real=0.02 secs] 
2021-01-22T01:14:55.271+0800: 13.910: [CMS-concurrent-abortable-preclean: 0.001/0.046 secs] [Times: user=0.14 sys=0.00, real=0.05 secs] 
2021-01-22T01:14:55.272+0800: 13.910: [GC (CMS Final Remark) [YG occupancy: 40561 K (314560 K)]2021-01-22T01:14:55.272+0800: 13.910: [Rescan (parallel) , 0.0010606 secs]2021-01-22T01:14:55.273+0800: 13.912: [weak refs processing, 0.0003193 secs]2021-01-22T01:14:55.274+0800: 13.912: [class unloading, 0.0004265 secs]2021-01-22T01:14:55.274+0800: 13.913: [scrub symbol table, 0.0005656 secs]2021-01-22T01:14:55.275+0800: 13.914: [scrub string table, 0.0003562 secs][1 CMS-remark: 664408K(699072K)] 704970K(1013632K), 0.0042435 secs] [Times: user=0.01 sys=0.00, real=0.00 secs] 
2021-01-22T01:14:55.276+0800: 13.915: [CMS-concurrent-sweep-start]
2021-01-22T01:14:55.277+0800: 13.916: [CMS-concurrent-sweep: 0.001/0.001 secs] [Times: user=0.00 sys=0.00, real=0.00 secs] 
2021-01-22T01:14:55.278+0800: 13.916: [CMS-concurrent-reset-start]
2021-01-22T01:14:55.278+0800: 13.917: [CMS-concurrent-reset: 0.001/0.001 secs] [Times: user=0.00 sys=0.00, real=0.01 secs] 
2021-01-22T01:14:55.309+0800: 13.947: [GC (Allocation Failure) 2021-01-22T01:14:55.309+0800: 13.948: [ParNew: 314070K->34943K(314560K), 0.0153125 secs] 735729K->537630K(1013632K), 0.0159201 secs] [Times: user=0.12 sys=0.00, real=0.01 secs] 
2021-01-22T01:14:55.325+0800: 13.964: [GC (CMS Initial Mark) [1 CMS-initial-mark: 502686K(699072K)] 543944K(1013632K), 0.0008672 secs] [Times: user=0.00 sys=0.00, real=0.00 secs] 
2021-01-22T01:14:55.327+0800: 13.965: [CMS-concurrent-mark-start]
2021-01-22T01:14:55.329+0800: 13.967: [CMS-concurrent-mark: 0.002/0.002 secs] [Times: user=0.01 sys=0.00, real=0.01 secs] 
2021-01-22T01:14:55.329+0800: 13.968: [CMS-concurrent-preclean-start]
2021-01-22T01:14:55.330+0800: 13.969: [CMS-concurrent-preclean: 0.001/0.001 secs] [Times: user=0.00 sys=0.00, real=0.00 secs] 
2021-01-22T01:14:55.330+0800: 13.969: [CMS-concurrent-abortable-preclean-start]
2021-01-22T01:14:55.362+0800: 14.001: [GC (Allocation Failure) 2021-01-22T01:14:55.362+0800: 14.001: [ParNew: 314559K->34943K(314560K), 0.0141351 secs] 817246K->615087K(1013632K), 0.0145860 secs] [Times: user=0.11 sys=0.00, real=0.01 secs] 
2021-01-22T01:14:55.408+0800: 14.046: [GC (Allocation Failure) 2021-01-22T01:14:55.408+0800: 14.047: [ParNew: 314553K->34943K(314560K), 0.0155030 secs] 894698K->697432K(1013632K), 0.0159821 secs] [Times: user=0.12 sys=0.01, real=0.02 secs] 
2021-01-22T01:14:55.426+0800: 14.064: [CMS-concurrent-abortable-preclean: 0.004/0.095 secs] [Times: user=0.30 sys=0.01, real=0.09 secs] 
2021-01-22T01:14:55.426+0800: 14.065: [GC (CMS Final Remark) [YG occupancy: 52371 K (314560 K)]2021-01-22T01:14:55.426+0800: 14.065: [Rescan (parallel) , 0.0007977 secs]2021-01-22T01:14:55.427+0800: 14.066: [weak refs processing, 0.0001582 secs]2021-01-22T01:14:55.428+0800: 14.066: [class unloading, 0.0002966 secs]2021-01-22T01:14:55.428+0800: 14.067: [scrub symbol table, 0.0004067 secs]2021-01-22T01:14:55.429+0800: 14.067: [scrub string table, 0.0002961 secs][1 CMS-remark: 662488K(699072K)] 714860K(1013632K), 0.0028080 secs] [Times: user=0.00 sys=0.00, real=0.01 secs] 
2021-01-22T01:14:55.429+0800: 14.068: [CMS-concurrent-sweep-start]
2021-01-22T01:14:55.430+0800: 14.069: [CMS-concurrent-sweep: 0.001/0.001 secs] [Times: user=0.00 sys=0.00, real=0.00 secs] 
2021-01-22T01:14:55.431+0800: 14.069: [CMS-concurrent-reset-start]
2021-01-22T01:14:55.431+0800: 14.070: [CMS-concurrent-reset: 0.001/0.001 secs] [Times: user=0.00 sys=0.00, real=0.00 secs] 
2021-01-22T01:14:55.461+0800: 14.099: [GC (Allocation Failure) 2021-01-22T01:14:55.461+0800: 14.099: [ParNew: 314559K->34943K(314560K), 0.0150323 secs] 817557K->612702K(1013632K), 0.0155560 secs] [Times: user=0.12 sys=0.00, real=0.01 secs] 
2021-01-22T01:14:55.477+0800: 14.116: [GC (CMS Initial Mark) [1 CMS-initial-mark: 577758K(699072K)] 612846K(1013632K), 0.0013464 secs] [Times: user=0.00 sys=0.00, real=0.01 secs] 
2021-01-22T01:14:55.479+0800: 14.118: [CMS-concurrent-mark-start]
2021-01-22T01:14:55.483+0800: 14.121: [CMS-concurrent-mark: 0.003/0.003 secs] [Times: user=0.00 sys=0.00, real=0.00 secs] 
2021-01-22T01:14:55.483+0800: 14.122: [CMS-concurrent-preclean-start]
2021-01-22T01:14:55.484+0800: 14.123: [CMS-concurrent-preclean: 0.001/0.001 secs] [Times: user=0.00 sys=0.01, real=0.00 secs] 
2021-01-22T01:14:55.485+0800: 14.123: [CMS-concurrent-abortable-preclean-start]
2021-01-22T01:14:55.514+0800: 14.153: [GC (Allocation Failure) 2021-01-22T01:14:55.514+0800: 14.153: [ParNew: 314559K->34942K(314560K), 0.0153896 secs] 892318K->692276K(1013632K), 0.0161738 secs] [Times: user=0.11 sys=0.01, real=0.02 secs] 
2021-01-22T01:14:55.532+0800: 14.171: [CMS-concurrent-abortable-preclean: 0.002/0.047 secs] [Times: user=0.14 sys=0.01, real=0.05 secs] 
2021-01-22T01:14:55.533+0800: 14.171: [GC (CMS Final Remark) [YG occupancy: 53082 K (314560 K)]2021-01-22T01:14:55.533+0800: 14.172: [Rescan (parallel) , 0.0017111 secs]2021-01-22T01:14:55.535+0800: 14.174: [weak refs processing, 0.0003856 secs]2021-01-22T01:14:55.536+0800: 14.175: [class unloading, 0.0005545 secs]2021-01-22T01:14:55.537+0800: 14.176: [scrub symbol table, 0.0005877 secs]2021-01-22T01:14:55.538+0800: 14.176: [scrub string table, 0.0003497 secs][1 CMS-remark: 657333K(699072K)] 710415K(1013632K), 0.0055793 secs] [Times: user=0.01 sys=0.00, real=0.01 secs] 
2021-01-22T01:14:55.539+0800: 14.178: [CMS-concurrent-sweep-start]
2021-01-22T01:14:55.541+0800: 14.179: [CMS-concurrent-sweep: 0.001/0.001 secs] [Times: user=0.00 sys=0.00, real=0.00 secs] 
2021-01-22T01:14:55.541+0800: 14.179: [CMS-concurrent-reset-start]
2021-01-22T01:14:55.541+0800: 14.180: [CMS-concurrent-reset: 0.000/0.000 secs] [Times: user=0.00 sys=0.00, real=0.00 secs] 
2021-01-22T01:14:55.572+0800: 14.210: [GC (Allocation Failure) 2021-01-22T01:14:55.572+0800: 14.211: [ParNew: 314558K->34942K(314560K), 0.0179902 secs] 732743K->535862K(1013632K), 0.0187418 secs] [Times: user=0.14 sys=0.00, real=0.02 secs] 
2021-01-22T01:14:55.591+0800: 14.230: [GC (CMS Initial Mark) [1 CMS-initial-mark: 500920K(699072K)] 541705K(1013632K), 0.0010791 secs] [Times: user=0.00 sys=0.00, real=0.00 secs] 
2021-01-22T01:14:55.593+0800: 14.232: [CMS-concurrent-mark-start]
2021-01-22T01:14:55.595+0800: 14.234: [CMS-concurrent-mark: 0.002/0.002 secs] [Times: user=0.01 sys=0.00, real=0.00 secs] 
2021-01-22T01:14:55.595+0800: 14.234: [CMS-concurrent-preclean-start]
2021-01-22T01:14:55.596+0800: 14.235: [CMS-concurrent-preclean: 0.001/0.001 secs] [Times: user=0.00 sys=0.00, real=0.00 secs] 
2021-01-22T01:14:55.597+0800: 14.235: [CMS-concurrent-abortable-preclean-start]
2021-01-22T01:14:55.628+0800: 14.267: [GC (Allocation Failure) 2021-01-22T01:14:55.629+0800: 14.267: [ParNew: 314558K->34943K(314560K), 0.0161667 secs] 815478K->614843K(1013632K), 0.0166685 secs] [Times: user=0.12 sys=0.00, real=0.01 secs] 
2021-01-22T01:14:55.678+0800: 14.317: [GC (Allocation Failure) 2021-01-22T01:14:55.678+0800: 14.317: [ParNew: 314559K->34943K(314560K), 0.0152489 secs] 894459K->694416K(1013632K), 0.0158650 secs] [Times: user=0.12 sys=0.00, real=0.02 secs] 
2021-01-22T01:14:55.696+0800: 14.334: [CMS-concurrent-abortable-preclean: 0.004/0.099 secs] [Times: user=0.31 sys=0.00, real=0.10 secs] 
2021-01-22T01:14:55.696+0800: 14.335: [GC (CMS Final Remark) [YG occupancy: 54656 K (314560 K)]2021-01-22T01:14:55.697+0800: 14.335: [Rescan (parallel) , 0.0008710 secs]2021-01-22T01:14:55.698+0800: 14.336: [weak refs processing, 0.0001822 secs]2021-01-22T01:14:55.698+0800: 14.337: [class unloading, 0.0003585 secs]2021-01-22T01:14:55.699+0800: 14.337: [scrub symbol table, 0.0004236 secs]2021-01-22T01:14:55.699+0800: 14.338: [scrub string table, 0.0002772 secs][1 CMS-remark: 659473K(699072K)] 714130K(1013632K), 0.0032577 secs] [Times: user=0.01 sys=0.00, real=0.01 secs] 
2021-01-22T01:14:55.700+0800: 14.338: [CMS-concurrent-sweep-start]
2021-01-22T01:14:55.701+0800: 14.340: [CMS-concurrent-sweep: 0.001/0.001 secs] [Times: user=0.00 sys=0.00, real=0.00 secs] 
2021-01-22T01:14:55.701+0800: 14.340: [CMS-concurrent-reset-start]
2021-01-22T01:14:55.702+0800: 14.340: [CMS-concurrent-reset: 0.001/0.001 secs] [Times: user=0.00 sys=0.00, real=0.00 secs] 
2021-01-22T01:14:55.732+0800: 14.370: [GC (Allocation Failure) 2021-01-22T01:14:55.732+0800: 14.371: [ParNew: 314559K->34943K(314560K), 0.0147246 secs] 801076K->602695K(1013632K), 0.0153076 secs] [Times: user=0.11 sys=0.00, real=0.01 secs] 
2021-01-22T01:14:55.748+0800: 14.386: [GC (CMS Initial Mark) [1 CMS-initial-mark: 567751K(699072K)] 608376K(1013632K), 0.0008340 secs] [Times: user=0.00 sys=0.00, real=0.01 secs] 
2021-01-22T01:14:55.749+0800: 14.388: [CMS-concurrent-mark-start]
2021-01-22T01:14:55.751+0800: 14.390: [CMS-concurrent-mark: 0.002/0.002 secs] [Times: user=0.00 sys=0.00, real=0.00 secs] 
2021-01-22T01:14:55.751+0800: 14.390: [CMS-concurrent-preclean-start]
2021-01-22T01:14:55.752+0800: 14.391: [CMS-concurrent-preclean: 0.001/0.001 secs] [Times: user=0.00 sys=0.00, real=0.00 secs] 
2021-01-22T01:14:55.753+0800: 14.391: [CMS-concurrent-abortable-preclean-start]
2021-01-22T01:14:55.780+0800: 14.419: [GC (Allocation Failure) 2021-01-22T01:14:55.780+0800: 14.419: [ParNew: 314559K->34943K(314560K), 0.0154822 secs] 882311K->680307K(1013632K), 0.0160450 secs] [Times: user=0.12 sys=0.00, real=0.01 secs] 
2021-01-22T01:14:55.828+0800: 14.467: [GC (Allocation Failure) 2021-01-22T01:14:55.829+0800: 14.467: [ParNew: 314559K->314559K(314560K), 0.0002434 secs]2021-01-22T01:14:55.829+0800: 14.468: [CMS2021-01-22T01:14:55.830+0800: 14.468: [CMS-concurrent-abortable-preclean: 0.003/0.077 secs] [Times: user=0.19 sys=0.00, real=0.08 secs] 
 (concurrent mode failure): 645363K->373071K(699072K), 0.0504651 secs] 959923K->373071K(1013632K), [Metaspace: 2817K->2817K(1056768K)], 0.0516383 secs] [Times: user=0.05 sys=0.00, real=0.05 secs] 
2021-01-22T01:14:55.914+0800: 14.553: [GC (Allocation Failure) 2021-01-22T01:14:55.914+0800: 14.553: [ParNew: 279616K->34942K(314560K), 0.0112569 secs] 652687K->459979K(1013632K), 0.0120138 secs] [Times: user=0.08 sys=0.00, real=0.01 secs] 
2021-01-22T01:14:55.958+0800: 14.597: [GC (Allocation Failure) 2021-01-22T01:14:55.958+0800: 14.597: [ParNew: 314558K->34943K(314560K), 0.0151580 secs] 739595K->546023K(1013632K), 0.0158891 secs] [Times: user=0.12 sys=0.00, real=0.02 secs] 
2021-01-22T01:14:55.975+0800: 14.613: [GC (CMS Initial Mark) [1 CMS-initial-mark: 511079K(699072K)] 552083K(1013632K), 0.0012192 secs] [Times: user=0.00 sys=0.00, real=0.00 secs] 
2021-01-22T01:14:55.977+0800: 14.615: [CMS-concurrent-mark-start]
2021-01-22T01:14:55.979+0800: 14.617: [CMS-concurrent-mark: 0.002/0.002 secs] [Times: user=0.01 sys=0.00, real=0.01 secs] 
2021-01-22T01:14:55.979+0800: 14.618: [CMS-concurrent-preclean-start]
2021-01-22T01:14:55.980+0800: 14.618: [CMS-concurrent-preclean: 0.001/0.001 secs] [Times: user=0.00 sys=0.00, real=0.00 secs] 
2021-01-22T01:14:55.980+0800: 14.619: [CMS-concurrent-abortable-preclean-start]
2021-01-22T01:14:56.008+0800: 14.647: [GC (Allocation Failure) 2021-01-22T01:14:56.009+0800: 14.647: [ParNew: 313973K->34943K(314560K), 0.0141490 secs] 825053K->625023K(1013632K), 0.0148658 secs] [Times: user=0.10 sys=0.00, real=0.01 secs] 
2021-01-22T01:14:56.055+0800: 14.693: [GC (Allocation Failure) 2021-01-22T01:14:56.055+0800: 14.694: [ParNew: 314559K->34943K(314560K), 0.0142358 secs] 904639K->710102K(1013632K), 0.0151762 secs] [Times: user=0.11 sys=0.00, real=0.02 secs] 
2021-01-22T01:14:56.071+0800: 14.709: [CMS-concurrent-abortable-preclean: 0.003/0.091 secs] [Times: user=0.28 sys=0.00, real=0.09 secs] 
2021-01-22T01:14:56.072+0800: 14.710: [GC (CMS Final Remark) [YG occupancy: 41449 K (314560 K)]2021-01-22T01:14:56.072+0800: 14.711: [Rescan (parallel) , 0.0017384 secs]2021-01-22T01:14:56.074+0800: 14.713: [weak refs processing, 0.0005991 secs]2021-01-22T01:14:56.075+0800: 14.714: [class unloading, 0.0007390 secs]2021-01-22T01:14:56.076+0800: 14.715: [scrub symbol table, 0.0006527 secs]2021-01-22T01:14:56.077+0800: 14.716: [scrub string table, 0.0004100 secs][1 CMS-remark: 675158K(699072K)] 716608K(1013632K), 0.0065080 secs] [Times: user=0.00 sys=0.00, real=0.01 secs] 
2021-01-22T01:14:56.079+0800: 14.717: [CMS-concurrent-sweep-start]
2021-01-22T01:14:56.080+0800: 14.719: [CMS-concurrent-sweep: 0.001/0.001 secs] [Times: user=0.00 sys=0.00, real=0.00 secs] 
2021-01-22T01:14:56.081+0800: 14.719: [CMS-concurrent-reset-start]
2021-01-22T01:14:56.081+0800: 14.720: [CMS-concurrent-reset: 0.001/0.001 secs] [Times: user=0.00 sys=0.00, real=0.00 secs] 
2021-01-22T01:14:56.112+0800: 14.750: [GC (Allocation Failure) 2021-01-22T01:14:56.112+0800: 14.751: [ParNew: 314559K->34943K(314560K), 0.0156945 secs] 821340K->624245K(1013632K), 0.0164696 secs] [Times: user=0.11 sys=0.01, real=0.02 secs] 
2021-01-22T01:14:56.129+0800: 14.768: [GC (CMS Initial Mark) [1 CMS-initial-mark: 589301K(699072K)] 630088K(1013632K), 0.0015800 secs] [Times: user=0.00 sys=0.00, real=0.00 secs] 
2021-01-22T01:14:56.132+0800: 14.770: [CMS-concurrent-mark-start]
2021-01-22T01:14:56.134+0800: 14.772: [CMS-concurrent-mark: 0.002/0.002 secs] [Times: user=0.00 sys=0.00, real=0.00 secs] 
2021-01-22T01:14:56.134+0800: 14.773: [CMS-concurrent-preclean-start]
2021-01-22T01:14:56.135+0800: 14.773: [CMS-concurrent-preclean: 0.001/0.001 secs] [Times: user=0.00 sys=0.00, real=0.00 secs] 
2021-01-22T01:14:56.135+0800: 14.774: [CMS-concurrent-abortable-preclean-start]
2021-01-22T01:14:56.164+0800: 14.802: [GC (Allocation Failure) 2021-01-22T01:14:56.164+0800: 14.803: [ParNew: 314559K->34943K(314560K), 0.0142557 secs] 903861K->702511K(1013632K), 0.0150135 secs] [Times: user=0.08 sys=0.02, real=0.02 secs] 
2021-01-22T01:14:56.179+0800: 14.818: [CMS-concurrent-abortable-preclean: 0.001/0.044 secs] [Times: user=0.11 sys=0.02, real=0.05 secs] 
2021-01-22T01:14:56.180+0800: 14.819: [GC (CMS Final Remark) [YG occupancy: 41208 K (314560 K)]2021-01-22T01:14:56.180+0800: 14.819: [Rescan (parallel) , 0.0013390 secs]2021-01-22T01:14:56.182+0800: 14.821: [weak refs processing, 0.0002801 secs]2021-01-22T01:14:56.183+0800: 14.821: [class unloading, 0.0004562 secs]2021-01-22T01:14:56.183+0800: 14.822: [scrub symbol table, 0.0006443 secs]2021-01-22T01:14:56.184+0800: 14.823: [scrub string table, 0.0007323 secs][1 CMS-remark: 667568K(699072K)] 708777K(1013632K), 0.0053956 secs] [Times: user=0.01 sys=0.00, real=0.00 secs] 
2021-01-22T01:14:56.187+0800: 14.825: [CMS-concurrent-sweep-start]
2021-01-22T01:14:56.188+0800: 14.826: [CMS-concurrent-sweep: 0.001/0.001 secs] [Times: user=0.00 sys=0.00, real=0.00 secs] 
2021-01-22T01:14:56.188+0800: 14.827: [CMS-concurrent-reset-start]
2021-01-22T01:14:56.189+0800: 14.827: [CMS-concurrent-reset: 0.001/0.001 secs] [Times: user=0.00 sys=0.00, real=0.01 secs] 
2021-01-22T01:14:56.219+0800: 14.858: [GC (Allocation Failure) 2021-01-22T01:14:56.220+0800: 14.858: [ParNew: 314559K->34942K(314560K), 0.0154676 secs] 740924K->543245K(1013632K), 0.0164586 secs] [Times: user=0.12 sys=0.00, real=0.01 secs] 
2021-01-22T01:14:56.237+0800: 14.875: [GC (CMS Initial Mark) [1 CMS-initial-mark: 508303K(699072K)] 548966K(1013632K), 0.0012181 secs] [Times: user=0.00 sys=0.00, real=0.00 secs] 
2021-01-22T01:14:56.239+0800: 14.877: [CMS-concurrent-mark-start]
2021-01-22T01:14:56.241+0800: 14.879: [CMS-concurrent-mark: 0.002/0.002 secs] [Times: user=0.01 sys=0.00, real=0.00 secs] 
2021-01-22T01:14:56.258+0800: 14.897: [CMS-concurrent-preclean-start]
2021-01-22T01:14:56.259+0800: 14.898: [CMS-concurrent-preclean: 0.001/0.001 secs] [Times: user=0.00 sys=0.00, real=0.00 secs] 
2021-01-22T01:14:56.259+0800: 14.898: [CMS-concurrent-abortable-preclean-start]
2021-01-22T01:14:56.272+0800: 14.910: [GC (Allocation Failure) 2021-01-22T01:14:56.272+0800: 14.911: [ParNew: 314558K->34943K(314560K), 0.0143783 secs] 822861K->617895K(1013632K), 0.0150723 secs] [Times: user=0.11 sys=0.00, real=0.01 secs] 
2021-01-22T01:14:56.321+0800: 14.959: [GC (Allocation Failure) 2021-01-22T01:14:56.321+0800: 14.960: [ParNew: 314559K->34943K(314560K), 0.0133827 secs] 897511K->688842K(1013632K), 0.0141649 secs] [Times: user=0.10 sys=0.00, real=0.01 secs] 
2021-01-22T01:14:56.337+0800: 14.975: [CMS-concurrent-abortable-preclean: 0.004/0.077 secs] [Times: user=0.25 sys=0.00, real=0.07 secs] 
2021-01-22T01:14:56.337+0800: 14.976: [GC (CMS Final Remark) [YG occupancy: 51883 K (314560 K)]2021-01-22T01:14:56.338+0800: 14.976: [Rescan (parallel) , 0.0015238 secs]2021-01-22T01:14:56.340+0800: 14.978: [weak refs processing, 0.0002145 secs]2021-01-22T01:14:56.340+0800: 14.979: [class unloading, 0.0006449 secs]2021-01-22T01:14:56.341+0800: 14.980: [scrub symbol table, 0.0007237 secs]2021-01-22T01:14:56.342+0800: 14.981: [scrub string table, 0.0004060 secs][1 CMS-remark: 653899K(699072K)] 705782K(1013632K), 0.0053383 secs] [Times: user=0.00 sys=0.01, real=0.01 secs] 
2021-01-22T01:14:56.343+0800: 14.982: [CMS-concurrent-sweep-start]
2021-01-22T01:14:56.344+0800: 14.983: [CMS-concurrent-sweep: 0.001/0.001 secs] [Times: user=0.00 sys=0.00, real=0.00 secs] 
2021-01-22T01:14:56.345+0800: 14.983: [CMS-concurrent-reset-start]
2021-01-22T01:14:56.345+0800: 14.984: [CMS-concurrent-reset: 0.000/0.000 secs] [Times: user=0.00 sys=0.00, real=0.00 secs] 
2021-01-22T01:14:56.374+0800: 15.013: [GC (Allocation Failure) 2021-01-22T01:14:56.374+0800: 15.013: [ParNew: 314559K->34943K(314560K), 0.0149369 secs] 813891K->619437K(1013632K), 0.0157313 secs] [Times: user=0.12 sys=0.00, real=0.02 secs] 
2021-01-22T01:14:56.391+0800: 15.029: [GC (CMS Initial Mark) [1 CMS-initial-mark: 584493K(699072K)] 625211K(1013632K), 0.0013157 secs] [Times: user=0.00 sys=0.00, real=0.00 secs] 
2021-01-22T01:14:56.393+0800: 15.031: [CMS-concurrent-mark-start]
2021-01-22T01:14:56.395+0800: 15.034: [CMS-concurrent-mark: 0.002/0.002 secs] [Times: user=0.00 sys=0.00, real=0.00 secs] 
2021-01-22T01:14:56.396+0800: 15.034: [CMS-concurrent-preclean-start]
2021-01-22T01:14:56.396+0800: 15.035: [CMS-concurrent-preclean: 0.001/0.001 secs] [Times: user=0.00 sys=0.00, real=0.00 secs] 
2021-01-22T01:14:56.397+0800: 15.035: [CMS-concurrent-abortable-preclean-start]
2021-01-22T01:14:56.429+0800: 15.067: [GC (Allocation Failure) 2021-01-22T01:14:56.429+0800: 15.068: [ParNew: 314559K->34941K(314560K), 0.0151735 secs] 899053K->694583K(1013632K), 0.0159833 secs] [Times: user=0.12 sys=0.00, real=0.01 secs] 
2021-01-22T01:14:56.447+0800: 15.085: [CMS-concurrent-abortable-preclean: 0.002/0.050 secs] [Times: user=0.15 sys=0.00, real=0.05 secs] 
2021-01-22T01:14:56.448+0800: 15.086: [GC (CMS Final Remark) [YG occupancy: 46403 K (314560 K)]2021-01-22T01:14:56.448+0800: 15.086: [Rescan (parallel) , 0.0015283 secs]2021-01-22T01:14:56.450+0800: 15.088: [weak refs processing, 0.0003768 secs]2021-01-22T01:14:56.451+0800: 15.089: [class unloading, 0.0005553 secs]2021-01-22T01:14:56.451+0800: 15.090: [scrub symbol table, 0.0005725 secs]2021-01-22T01:14:56.452+0800: 15.091: [scrub string table, 0.0008009 secs][1 CMS-remark: 659641K(699072K)] 706044K(1013632K), 0.0060237 secs] [Times: user=0.01 sys=0.00, real=0.01 secs] 
2021-01-22T01:14:56.455+0800: 15.093: [CMS-concurrent-sweep-start]
2021-01-22T01:14:56.456+0800: 15.095: [CMS-concurrent-sweep: 0.001/0.001 secs] [Times: user=0.00 sys=0.00, real=0.00 secs] 
2021-01-22T01:14:56.457+0800: 15.095: [CMS-concurrent-reset-start]
2021-01-22T01:14:56.457+0800: 15.096: [CMS-concurrent-reset: 0.001/0.001 secs] [Times: user=0.00 sys=0.00, real=0.00 secs] 
2021-01-22T01:14:56.488+0800: 15.126: [GC (Allocation Failure) 2021-01-22T01:14:56.488+0800: 15.127: [ParNew: 313825K->34942K(314560K), 0.0155184 secs] 740961K->540127K(1013632K), 0.0164133 secs] [Times: user=0.12 sys=0.00, real=0.02 secs] 
2021-01-22T01:14:56.505+0800: 15.144: [GC (CMS Initial Mark) [1 CMS-initial-mark: 505185K(699072K)] 546402K(1013632K), 0.0012979 secs] [Times: user=0.00 sys=0.00, real=0.00 secs] 
2021-01-22T01:14:56.507+0800: 15.146: [CMS-concurrent-mark-start]
2021-01-22T01:14:56.509+0800: 15.148: [CMS-concurrent-mark: 0.002/0.002 secs] [Times: user=0.00 sys=0.00, real=0.01 secs] 
2021-01-22T01:14:56.510+0800: 15.148: [CMS-concurrent-preclean-start]
2021-01-22T01:14:56.510+0800: 15.149: [CMS-concurrent-preclean: 0.001/0.001 secs] [Times: user=0.00 sys=0.00, real=0.00 secs] 
2021-01-22T01:14:56.511+0800: 15.149: [CMS-concurrent-abortable-preclean-start]
2021-01-22T01:14:56.541+0800: 15.180: [GC (Allocation Failure) 2021-01-22T01:14:56.542+0800: 15.180: [ParNew: 314558K->34943K(314560K), 0.0149010 secs] 819743K->619266K(1013632K), 0.0157849 secs] [Times: user=0.11 sys=0.00, real=0.01 secs] 
2021-01-22T01:14:56.591+0800: 15.229: [GC (Allocation Failure) 2021-01-22T01:14:56.591+0800: 15.230: [ParNew: 314559K->34943K(314560K), 0.0152630 secs] 898882K->702690K(1013632K), 0.0159992 secs] [Times: user=0.11 sys=0.00, real=0.01 secs] 
2021-01-22T01:14:56.607+0800: 15.246: [CMS-concurrent-abortable-preclean: 0.004/0.096 secs] [Times: user=0.29 sys=0.00, real=0.09 secs] 
2021-01-22T01:14:56.608+0800: 15.246: [GC (CMS Final Remark) [YG occupancy: 41077 K (314560 K)]2021-01-22T01:14:56.608+0800: 15.247: [Rescan (parallel) , 0.0016916 secs]2021-01-22T01:14:56.610+0800: 15.249: [weak refs processing, 0.0002584 secs]2021-01-22T01:14:56.611+0800: 15.249: [class unloading, 0.0004186 secs]2021-01-22T01:14:56.611+0800: 15.250: [scrub symbol table, 0.0005324 secs]2021-01-22T01:14:56.612+0800: 15.251: [scrub string table, 0.0003874 secs][1 CMS-remark: 667746K(699072K)] 708823K(1013632K), 0.0047909 secs] [Times: user=0.01 sys=0.00, real=0.01 secs] 
2021-01-22T01:14:56.613+0800: 15.252: [CMS-concurrent-sweep-start]
2021-01-22T01:14:56.614+0800: 15.253: [CMS-concurrent-sweep: 0.001/0.001 secs] [Times: user=0.00 sys=0.00, real=0.00 secs] 
2021-01-22T01:14:56.615+0800: 15.253: [CMS-concurrent-reset-start]
2021-01-22T01:14:56.616+0800: 15.254: [CMS-concurrent-reset: 0.001/0.001 secs] [Times: user=0.00 sys=0.00, real=0.00 secs] 
2021-01-22T01:14:56.646+0800: 15.285: [GC (Allocation Failure) 2021-01-22T01:14:56.647+0800: 15.285: [ParNew: 314559K->34943K(314560K), 0.0157719 secs] 824635K->619743K(1013632K), 0.0165390 secs] [Times: user=0.12 sys=0.00, real=0.02 secs] 
2021-01-22T01:14:56.664+0800: 15.302: [GC (CMS Initial Mark) [1 CMS-initial-mark: 584799K(699072K)] 625657K(1013632K), 0.0011887 secs] [Times: user=0.00 sys=0.00, real=0.00 secs] 
2021-01-22T01:14:56.666+0800: 15.304: [CMS-concurrent-mark-start]
2021-01-22T01:14:56.668+0800: 15.307: [CMS-concurrent-mark: 0.002/0.002 secs] [Times: user=0.01 sys=0.00, real=0.00 secs] 
2021-01-22T01:14:56.668+0800: 15.307: [CMS-concurrent-preclean-start]
2021-01-22T01:14:56.669+0800: 15.308: [CMS-concurrent-preclean: 0.001/0.001 secs] [Times: user=0.00 sys=0.00, real=0.00 secs] 
2021-01-22T01:14:56.669+0800: 15.308: [CMS-concurrent-abortable-preclean-start]
2021-01-22T01:14:56.699+0800: 15.337: [GC (Allocation Failure) 2021-01-22T01:14:56.699+0800: 15.338: [ParNew: 314559K->34942K(314560K), 0.0183451 secs] 899359K->699384K(1013632K), 0.0192395 secs] [Times: user=0.14 sys=0.00, real=0.02 secs] 
2021-01-22T01:14:56.719+0800: 15.357: [CMS-concurrent-abortable-preclean: 0.001/0.049 secs] [Times: user=0.17 sys=0.00, real=0.05 secs] 
2021-01-22T01:14:56.719+0800: 15.358: [GC (CMS Final Remark) [YG occupancy: 40787 K (314560 K)]2021-01-22T01:14:56.719+0800: 15.358: [Rescan (parallel) , 0.0018455 secs]2021-01-22T01:14:56.722+0800: 15.360: [weak refs processing, 0.0002651 secs]2021-01-22T01:14:56.722+0800: 15.361: [class unloading, 0.0008005 secs]2021-01-22T01:14:56.723+0800: 15.362: [scrub symbol table, 0.0006462 secs]2021-01-22T01:14:56.724+0800: 15.362: [scrub string table, 0.0003859 secs][1 CMS-remark: 664441K(699072K)] 705229K(1013632K), 0.0052761 secs] [Times: user=0.01 sys=0.01, real=0.00 secs] 
2021-01-22T01:14:56.725+0800: 15.364: [CMS-concurrent-sweep-start]
2021-01-22T01:14:56.726+0800: 15.365: [CMS-concurrent-sweep: 0.001/0.001 secs] [Times: user=0.01 sys=0.00, real=0.00 secs] 
2021-01-22T01:14:56.727+0800: 15.365: [CMS-concurrent-reset-start]
2021-01-22T01:14:56.727+0800: 15.366: [CMS-concurrent-reset: 0.001/0.001 secs] [Times: user=0.00 sys=0.00, real=0.00 secs] 
2021-01-22T01:14:56.761+0800: 15.399: [GC (Allocation Failure) 2021-01-22T01:14:56.761+0800: 15.399: [ParNew: 314558K->34942K(314560K), 0.0182670 secs] 743833K->540424K(1013632K), 0.0189093 secs] [Times: user=0.13 sys=0.00, real=0.02 secs] 
2021-01-22T01:14:56.780+0800: 15.419: [GC (CMS Initial Mark) [1 CMS-initial-mark: 505481K(699072K)] 546239K(1013632K), 0.0008054 secs] [Times: user=0.00 sys=0.00, real=0.00 secs] 
2021-01-22T01:14:56.782+0800: 15.420: [CMS-concurrent-mark-start]
2021-01-22T01:14:56.784+0800: 15.422: [CMS-concurrent-mark: 0.002/0.002 secs] [Times: user=0.01 sys=0.00, real=0.00 secs] 
2021-01-22T01:14:56.784+0800: 15.422: [CMS-concurrent-preclean-start]
2021-01-22T01:14:56.785+0800: 15.423: [CMS-concurrent-preclean: 0.001/0.001 secs] [Times: user=0.00 sys=0.00, real=0.00 secs] 
2021-01-22T01:14:56.785+0800: 15.424: [CMS-concurrent-abortable-preclean-start]
2021-01-22T01:14:56.815+0800: 15.453: [GC (Allocation Failure) 2021-01-22T01:14:56.815+0800: 15.454: [ParNew: 314558K->34943K(314560K), 0.0136918 secs] 820040K->611605K(1013632K), 0.0143195 secs] [Times: user=0.11 sys=0.00, real=0.02 secs] 
2021-01-22T01:14:56.863+0800: 15.501: [GC (Allocation Failure) 2021-01-22T01:14:56.863+0800: 15.502: [ParNew: 314559K->34943K(314560K), 0.0147923 secs] 891221K->690351K(1013632K), 0.0153720 secs] [Times: user=0.11 sys=0.01, real=0.02 secs] 
2021-01-22T01:14:56.880+0800: 15.518: [CMS-concurrent-abortable-preclean: 0.005/0.095 secs] [Times: user=0.28 sys=0.01, real=0.10 secs] 
2021-01-22T01:14:56.880+0800: 15.519: [GC (CMS Final Remark) [YG occupancy: 53359 K (314560 K)]2021-01-22T01:14:56.880+0800: 15.519: [Rescan (parallel) , 0.0008548 secs]2021-01-22T01:14:56.881+0800: 15.520: [weak refs processing, 0.0001485 secs]2021-01-22T01:14:56.882+0800: 15.520: [class unloading, 0.0002909 secs]2021-01-22T01:14:56.882+0800: 15.521: [scrub symbol table, 0.0004090 secs]2021-01-22T01:14:56.883+0800: 15.521: [scrub string table, 0.0002738 secs][1 CMS-remark: 655408K(699072K)] 708768K(1013632K), 0.0028155 secs] [Times: user=0.00 sys=0.00, real=0.00 secs] 
2021-01-22T01:14:56.884+0800: 15.522: [CMS-concurrent-sweep-start]
2021-01-22T01:14:56.885+0800: 15.523: [CMS-concurrent-sweep: 0.001/0.001 secs] [Times: user=0.01 sys=0.00, real=0.00 secs] 
2021-01-22T01:14:56.885+0800: 15.523: [CMS-concurrent-reset-start]
2021-01-22T01:14:56.885+0800: 15.524: [CMS-concurrent-reset: 0.001/0.001 secs] [Times: user=0.00 sys=0.00, real=0.00 secs] 
2021-01-22T01:14:56.915+0800: 15.554: [GC (Allocation Failure) 2021-01-22T01:14:56.915+0800: 15.554: [ParNew: 314559K->34943K(314560K), 0.0146798 secs] 807382K->608238K(1013632K), 0.0152068 secs] [Times: user=0.11 sys=0.00, real=0.02 secs] 
2021-01-22T01:14:56.931+0800: 15.570: [GC (CMS Initial Mark) [1 CMS-initial-mark: 573294K(699072K)] 614680K(1013632K), 0.0009307 secs] [Times: user=0.00 sys=0.00, real=0.00 secs] 
2021-01-22T01:14:56.933+0800: 15.571: [CMS-concurrent-mark-start]
2021-01-22T01:14:56.935+0800: 15.573: [CMS-concurrent-mark: 0.002/0.002 secs] [Times: user=0.01 sys=0.00, real=0.00 secs] 
2021-01-22T01:14:56.948+0800: 15.587: [CMS-concurrent-preclean-start]
2021-01-22T01:14:56.949+0800: 15.587: [CMS-concurrent-preclean: 0.001/0.001 secs] [Times: user=0.00 sys=0.00, real=0.00 secs] 
2021-01-22T01:14:56.949+0800: 15.588: [CMS-concurrent-abortable-preclean-start]
2021-01-22T01:14:56.965+0800: 15.604: [GC (Allocation Failure) 2021-01-22T01:14:56.966+0800: 15.604: [ParNew: 314448K->34943K(314560K), 0.0130625 secs] 887742K->680804K(1013632K), 0.0137482 secs] [Times: user=0.10 sys=0.00, real=0.02 secs] 
2021-01-22T01:14:57.012+0800: 15.651: [GC (Allocation Failure) 2021-01-22T01:14:57.013+0800: 15.651: [ParNew: 314559K->314559K(314560K), 0.0002550 secs]2021-01-22T01:14:57.013+0800: 15.652: [CMS2021-01-22T01:14:57.014+0800: 15.652: [CMS-concurrent-abortable-preclean: 0.003/0.064 secs] [Times: user=0.16 sys=0.00, real=0.06 secs] 
 (concurrent mode failure): 645860K->370970K(699072K), 0.0479355 secs] 960420K->370970K(1013632K), [Metaspace: 2817K->2817K(1056768K)], 0.0491243 secs] [Times: user=0.04 sys=0.00, real=0.05 secs] 
2021-01-22T01:14:57.096+0800: 15.734: [GC (Allocation Failure) 2021-01-22T01:14:57.096+0800: 15.735: [ParNew: 279616K->34943K(314560K), 0.0115552 secs] 650586K->459228K(1013632K), 0.0123849 secs] [Times: user=0.08 sys=0.00, real=0.02 secs] 
2021-01-22T01:14:57.141+0800: 15.779: [GC (Allocation Failure) 2021-01-22T01:14:57.141+0800: 15.780: [ParNew: 314559K->34943K(314560K), 0.0137028 secs] 738844K->539572K(1013632K), 0.0147327 secs] [Times: user=0.11 sys=0.00, real=0.01 secs] 
2021-01-22T01:14:57.156+0800: 15.795: [GC (CMS Initial Mark) [1 CMS-initial-mark: 504628K(699072K)] 545387K(1013632K), 0.0018235 secs] [Times: user=0.00 sys=0.01, real=0.01 secs] 
2021-01-22T01:14:57.159+0800: 15.797: [CMS-concurrent-mark-start]
2021-01-22T01:14:57.161+0800: 15.799: [CMS-concurrent-mark: 0.002/0.002 secs] [Times: user=0.00 sys=0.00, real=0.00 secs] 
2021-01-22T01:14:57.161+0800: 15.800: [CMS-concurrent-preclean-start]
2021-01-22T01:14:57.162+0800: 15.801: [CMS-concurrent-preclean: 0.001/0.001 secs] [Times: user=0.00 sys=0.00, real=0.00 secs] 
2021-01-22T01:14:57.163+0800: 15.801: [CMS-concurrent-abortable-preclean-start]
2021-01-22T01:14:57.192+0800: 15.831: [GC (Allocation Failure) 2021-01-22T01:14:57.193+0800: 15.831: [ParNew: 314559K->34943K(314560K), 0.0156567 secs] 819188K->624426K(1013632K), 0.0164387 secs] [Times: user=0.11 sys=0.01, real=0.02 secs] 
2021-01-22T01:14:57.244+0800: 15.882: [GC (Allocation Failure) 2021-01-22T01:14:57.244+0800: 15.883: [ParNew: 314559K->34943K(314560K), 0.0282269 secs] 904042K->700845K(1013632K), 0.0290399 secs] [Times: user=0.22 sys=0.00, real=0.03 secs] 
2021-01-22T01:14:57.273+0800: 15.912: [CMS-concurrent-abortable-preclean: 0.003/0.111 secs] [Times: user=0.39 sys=0.01, real=0.11 secs] 
2021-01-22T01:14:57.274+0800: 15.913: [GC (CMS Final Remark) [YG occupancy: 40767 K (314560 K)]2021-01-22T01:14:57.274+0800: 15.913: [Rescan (parallel) , 0.0017389 secs]2021-01-22T01:14:57.277+0800: 15.915: [weak refs processing, 0.0003295 secs]2021-01-22T01:14:57.277+0800: 15.916: [class unloading, 0.0005101 secs]2021-01-22T01:14:57.278+0800: 15.916: [scrub symbol table, 0.0005858 secs]2021-01-22T01:14:57.279+0800: 15.917: [scrub string table, 0.0003699 secs][1 CMS-remark: 665901K(699072K)] 706669K(1013632K), 0.0055225 secs] [Times: user=0.01 sys=0.00, real=0.01 secs] 
2021-01-22T01:14:57.280+0800: 15.919: [CMS-concurrent-sweep-start]
2021-01-22T01:14:57.281+0800: 15.920: [CMS-concurrent-sweep: 0.001/0.001 secs] [Times: user=0.00 sys=0.00, real=0.00 secs] 
2021-01-22T01:14:57.282+0800: 15.920: [CMS-concurrent-reset-start]
2021-01-22T01:14:57.282+0800: 15.921: [CMS-concurrent-reset: 0.000/0.000 secs] [Times: user=0.00 sys=0.00, real=0.00 secs] 
2021-01-22T01:14:57.316+0800: 15.955: [GC (Allocation Failure) 2021-01-22T01:14:57.317+0800: 15.955: [ParNew: 314559K->34943K(314560K), 0.0156483 secs] 825038K->621274K(1013632K), 0.0163822 secs] [Times: user=0.12 sys=0.00, real=0.02 secs] 
2021-01-22T01:14:57.334+0800: 15.972: [GC (CMS Initial Mark) [1 CMS-initial-mark: 586330K(699072K)] 628021K(1013632K), 0.0009104 secs] [Times: user=0.00 sys=0.00, real=0.00 secs] 
2021-01-22T01:14:57.335+0800: 15.973: [CMS-concurrent-mark-start]
2021-01-22T01:14:57.337+0800: 15.976: [CMS-concurrent-mark: 0.002/0.002 secs] [Times: user=0.00 sys=0.00, real=0.00 secs] 
2021-01-22T01:14:57.337+0800: 15.976: [CMS-concurrent-preclean-start]
2021-01-22T01:14:57.338+0800: 15.977: [CMS-concurrent-preclean: 0.001/0.001 secs] [Times: user=0.01 sys=0.00, real=0.01 secs] 
2021-01-22T01:14:57.339+0800: 15.977: [CMS-concurrent-abortable-preclean-start]
2021-01-22T01:14:57.368+0800: 16.007: [GC (Allocation Failure) 2021-01-22T01:14:57.369+0800: 16.007: [ParNew: 314559K->34943K(314560K), 0.0156175 secs] 900890K->707975K(1013632K), 0.0163793 secs] [Times: user=0.12 sys=0.00, real=0.01 secs] 
2021-01-22T01:14:57.385+0800: 16.024: [CMS-concurrent-abortable-preclean: 0.001/0.047 secs] [Times: user=0.15 sys=0.00, real=0.04 secs] 
2021-01-22T01:14:57.386+0800: 16.024: [GC (CMS Final Remark) [YG occupancy: 40592 K (314560 K)]2021-01-22T01:14:57.386+0800: 16.025: [Rescan (parallel) , 0.0013494 secs]2021-01-22T01:14:57.388+0800: 16.026: [weak refs processing, 0.0002152 secs]2021-01-22T01:14:57.388+0800: 16.027: [class unloading, 0.0004215 secs]2021-01-22T01:14:57.389+0800: 16.027: [scrub symbol table, 0.0004835 secs]2021-01-22T01:14:57.390+0800: 16.028: [scrub string table, 0.0003765 secs][1 CMS-remark: 673032K(699072K)] 713624K(1013632K), 0.0044130 secs] [Times: user=0.01 sys=0.00, real=0.01 secs] 
2021-01-22T01:14:57.391+0800: 16.029: [CMS-concurrent-sweep-start]
2021-01-22T01:14:57.392+0800: 16.030: [CMS-concurrent-sweep: 0.001/0.001 secs] [Times: user=0.00 sys=0.00, real=0.00 secs] 
2021-01-22T01:14:57.392+0800: 16.031: [CMS-concurrent-reset-start]
2021-01-22T01:14:57.393+0800: 16.031: [CMS-concurrent-reset: 0.000/0.000 secs] [Times: user=0.00 sys=0.00, real=0.00 secs] 
2021-01-22T01:14:57.425+0800: 16.064: [GC (Allocation Failure) 2021-01-22T01:14:57.426+0800: 16.064: [ParNew: 314559K->34943K(314560K), 0.0171339 secs] 742840K->542492K(1013632K), 0.0177735 secs] [Times: user=0.13 sys=0.00, real=0.02 secs] 
2021-01-22T01:14:57.444+0800: 16.082: [GC (CMS Initial Mark) [1 CMS-initial-mark: 507548K(699072K)] 549227K(1013632K), 0.0008491 secs] [Times: user=0.00 sys=0.00, real=0.00 secs] 
2021-01-22T01:14:57.445+0800: 16.084: [CMS-concurrent-mark-start]
2021-01-22T01:14:57.447+0800: 16.086: [CMS-concurrent-mark: 0.002/0.002 secs] [Times: user=0.01 sys=0.00, real=0.00 secs] 
2021-01-22T01:14:57.447+0800: 16.086: [CMS-concurrent-preclean-start]
2021-01-22T01:14:57.448+0800: 16.087: [CMS-concurrent-preclean: 0.001/0.001 secs] [Times: user=0.00 sys=0.00, real=0.01 secs] 
2021-01-22T01:14:57.449+0800: 16.087: [CMS-concurrent-abortable-preclean-start]
2021-01-22T01:14:57.487+0800: 16.126: [GC (Allocation Failure) 2021-01-22T01:14:57.488+0800: 16.126: [ParNew: 314559K->34943K(314560K), 0.0296273 secs] 822108K->618339K(1013632K), 0.0303064 secs] [Times: user=0.23 sys=0.00, real=0.03 secs] 
2021-01-22T01:14:57.560+0800: 16.199: [GC (Allocation Failure) 2021-01-22T01:14:57.561+0800: 16.199: [ParNew: 314559K->34943K(314560K), 0.0228206 secs] 897955K->697936K(1013632K), 0.0234795 secs] [Times: user=0.17 sys=0.01, real=0.02 secs] 
2021-01-22T01:14:57.586+0800: 16.224: [CMS-concurrent-abortable-preclean: 0.004/0.137 secs] [Times: user=0.49 sys=0.01, real=0.13 secs] 
2021-01-22T01:14:57.586+0800: 16.225: [GC (CMS Final Remark) [YG occupancy: 54679 K (314560 K)]2021-01-22T01:14:57.586+0800: 16.225: [Rescan (parallel) , 0.0009077 secs]2021-01-22T01:14:57.587+0800: 16.226: [weak refs processing, 0.0001452 secs]2021-01-22T01:14:57.588+0800: 16.226: [class unloading, 0.0003029 secs]2021-01-22T01:14:57.588+0800: 16.226: [scrub symbol table, 0.0004206 secs]2021-01-22T01:14:57.588+0800: 16.227: [scrub string table, 0.0002732 secs][1 CMS-remark: 662992K(699072K)] 717671K(1013632K), 0.0029019 secs] [Times: user=0.01 sys=0.00, real=0.01 secs] 
2021-01-22T01:14:57.589+0800: 16.228: [CMS-concurrent-sweep-start]
2021-01-22T01:14:57.591+0800: 16.229: [CMS-concurrent-sweep: 0.001/0.001 secs] [Times: user=0.00 sys=0.00, real=0.00 secs] 
2021-01-22T01:14:57.591+0800: 16.229: [CMS-concurrent-reset-start]
2021-01-22T01:14:57.591+0800: 16.230: [CMS-concurrent-reset: 0.001/0.001 secs] [Times: user=0.00 sys=0.00, real=0.00 secs] 
2021-01-22T01:14:57.619+0800: 16.258: [GC (Allocation Failure) 2021-01-22T01:14:57.620+0800: 16.258: [ParNew: 314559K->34943K(314560K), 0.0149359 secs] 804584K->608751K(1013632K), 0.0155010 secs] [Times: user=0.11 sys=0.00, real=0.01 secs] 
2021-01-22T01:14:57.635+0800: 16.274: [GC (CMS Initial Mark) [1 CMS-initial-mark: 573807K(699072K)] 615297K(1013632K), 0.0007251 secs] [Times: user=0.01 sys=0.00, real=0.00 secs] 
2021-01-22T01:14:57.637+0800: 16.275: [CMS-concurrent-mark-start]
2021-01-22T01:14:57.639+0800: 16.278: [CMS-concurrent-mark: 0.002/0.002 secs] [Times: user=0.00 sys=0.00, real=0.01 secs] 
2021-01-22T01:14:57.639+0800: 16.278: [CMS-concurrent-preclean-start]
2021-01-22T01:14:57.640+0800: 16.279: [CMS-concurrent-preclean: 0.001/0.001 secs] [Times: user=0.00 sys=0.00, real=0.00 secs] 
2021-01-22T01:14:57.641+0800: 16.279: [CMS-concurrent-abortable-preclean-start]
2021-01-22T01:14:57.669+0800: 16.308: [GC (Allocation Failure) 2021-01-22T01:14:57.670+0800: 16.308: [ParNew: 314484K->34943K(314560K), 0.0140739 secs] 888291K->686347K(1013632K), 0.0148147 secs] [Times: user=0.10 sys=0.00, real=0.01 secs] 
2021-01-22T01:14:57.722+0800: 16.361: [GC (Allocation Failure) 2021-01-22T01:14:57.722+0800: 16.361: [ParNew: 314559K->314559K(314560K), 0.0003677 secs]2021-01-22T01:14:57.723+0800: 16.362: [CMS2021-01-22T01:14:57.724+0800: 16.362: [CMS-concurrent-abortable-preclean: 0.003/0.083 secs] [Times: user=0.18 sys=0.00, real=0.08 secs] 
 (concurrent mode failure): 651403K->368705K(699072K), 0.0484432 secs] 965963K->368705K(1013632K), [Metaspace: 2817K->2817K(1056768K)], 0.0500182 secs] [Times: user=0.05 sys=0.00, real=0.05 secs] 
2021-01-22T01:14:57.805+0800: 16.443: [GC (Allocation Failure) 2021-01-22T01:14:57.805+0800: 16.444: [ParNew: 279616K->34942K(314560K), 0.0131335 secs] 648321K->461078K(1013632K), 0.0141596 secs] [Times: user=0.09 sys=0.01, real=0.02 secs] 
2021-01-22T01:14:57.857+0800: 16.496: [GC (Allocation Failure) 2021-01-22T01:14:57.858+0800: 16.496: [ParNew: 314558K->34943K(314560K), 0.0190616 secs] 740694K->537324K(1013632K), 0.0199068 secs] [Times: user=0.12 sys=0.01, real=0.02 secs] 
2021-01-22T01:14:57.878+0800: 16.517: [GC (CMS Initial Mark) [1 CMS-initial-mark: 502380K(699072K)] 543312K(1013632K), 0.0014161 secs] [Times: user=0.00 sys=0.00, real=0.00 secs] 
2021-01-22T01:14:57.881+0800: 16.519: [CMS-concurrent-mark-start]
2021-01-22T01:14:57.883+0800: 16.522: [CMS-concurrent-mark: 0.003/0.003 secs] [Times: user=0.00 sys=0.01, real=0.00 secs] 
2021-01-22T01:14:57.884+0800: 16.522: [CMS-concurrent-preclean-start]
2021-01-22T01:14:57.885+0800: 16.523: [CMS-concurrent-preclean: 0.001/0.001 secs] [Times: user=0.00 sys=0.00, real=0.00 secs] 
2021-01-22T01:14:57.885+0800: 16.523: [CMS-concurrent-abortable-preclean-start]
2021-01-22T01:14:57.918+0800: 16.557: [GC (Allocation Failure) 2021-01-22T01:14:57.919+0800: 16.557: [ParNew: 314559K->34943K(314560K), 0.0227750 secs] 816940K->615179K(1013632K), 0.0236608 secs] [Times: user=0.17 sys=0.00, real=0.02 secs] 
2021-01-22T01:14:57.978+0800: 16.616: [GC (Allocation Failure) 2021-01-22T01:14:57.978+0800: 16.617: [ParNew: 314559K->34943K(314560K), 0.0165913 secs] 894795K->700869K(1013632K), 0.0175006 secs] [Times: user=0.12 sys=0.00, real=0.02 secs] 
2021-01-22T01:14:57.996+0800: 16.635: [CMS-concurrent-abortable-preclean: 0.003/0.111 secs] [Times: user=0.37 sys=0.00, real=0.11 secs] 
2021-01-22T01:14:57.997+0800: 16.635: [GC (CMS Final Remark) [YG occupancy: 40817 K (314560 K)]2021-01-22T01:14:57.997+0800: 16.635: [Rescan (parallel) , 0.0012553 secs]2021-01-22T01:14:57.998+0800: 16.637: [weak refs processing, 0.0002139 secs]2021-01-22T01:14:57.999+0800: 16.638: [class unloading, 0.0005863 secs]2021-01-22T01:14:58.000+0800: 16.639: [scrub symbol table, 0.0006494 secs]2021-01-22T01:14:58.001+0800: 16.640: [scrub string table, 0.0004826 secs][1 CMS-remark: 665925K(699072K)] 706743K(1013632K), 0.0052471 secs] [Times: user=0.01 sys=0.00, real=0.01 secs] 
2021-01-22T01:14:58.003+0800: 16.641: [CMS-concurrent-sweep-start]
2021-01-22T01:14:58.003+0800: 16.642: [CMS-concurrent-sweep: 0.001/0.001 secs] [Times: user=0.00 sys=0.00, real=0.00 secs] 
2021-01-22T01:14:58.004+0800: 16.642: [CMS-concurrent-reset-start]
2021-01-22T01:14:58.004+0800: 16.643: [CMS-concurrent-reset: 0.001/0.001 secs] [Times: user=0.00 sys=0.00, real=0.00 secs] 
2021-01-22T01:14:58.039+0800: 16.677: [GC (Allocation Failure) 2021-01-22T01:14:58.039+0800: 16.678: [ParNew: 314559K->34943K(314560K), 0.0148638 secs] 810220K->610700K(1013632K), 0.0155455 secs] [Times: user=0.11 sys=0.00, real=0.01 secs] 
2021-01-22T01:14:58.055+0800: 16.694: [GC (CMS Initial Mark) [1 CMS-initial-mark: 575757K(699072K)] 617253K(1013632K), 0.0011069 secs] [Times: user=0.00 sys=0.00, real=0.00 secs] 
2021-01-22T01:14:58.057+0800: 16.695: [CMS-concurrent-mark-start]
2021-01-22T01:14:58.059+0800: 16.697: [CMS-concurrent-mark: 0.002/0.002 secs] [Times: user=0.01 sys=0.00, real=0.01 secs] 
2021-01-22T01:14:58.059+0800: 16.698: [CMS-concurrent-preclean-start]
2021-01-22T01:14:58.060+0800: 16.698: [CMS-concurrent-preclean: 0.001/0.001 secs] [Times: user=0.00 sys=0.00, real=0.00 secs] 
2021-01-22T01:14:58.060+0800: 16.699: [CMS-concurrent-abortable-preclean-start]
2021-01-22T01:14:58.090+0800: 16.728: [GC (Allocation Failure) 2021-01-22T01:14:58.090+0800: 16.729: [ParNew: 314559K->34941K(314560K), 0.0148816 secs] 890316K->680627K(1013632K), 0.0157230 secs] [Times: user=0.11 sys=0.00, real=0.01 secs] 
2021-01-22T01:14:58.140+0800: 16.778: [GC (Allocation Failure) 2021-01-22T01:14:58.140+0800: 16.778: [ParNew: 314557K->314557K(314560K), 0.0004030 secs]2021-01-22T01:14:58.141+0800: 16.779: [CMS2021-01-22T01:14:58.141+0800: 16.780: [CMS-concurrent-abortable-preclean: 0.003/0.081 secs] [Times: user=0.18 sys=0.00, real=0.08 secs] 
 (concurrent mode failure): 645686K->380263K(699072K), 0.0492544 secs] 960243K->380263K(1013632K), [Metaspace: 2817K->2817K(1056768K)], 0.0507789 secs] [Times: user=0.05 sys=0.00, real=0.05 secs] 
2021-01-22T01:14:58.225+0800: 16.864: [GC (Allocation Failure) 2021-01-22T01:14:58.225+0800: 16.864: [ParNew: 279616K->34943K(314560K), 0.0110967 secs] 659879K->462130K(1013632K), 0.0119842 secs] [Times: user=0.08 sys=0.00, real=0.01 secs] 
2021-01-22T01:14:58.270+0800: 16.909: [GC (Allocation Failure) 2021-01-22T01:14:58.271+0800: 16.909: [ParNew: 314492K->34942K(314560K), 0.0154453 secs] 741679K->544519K(1013632K), 0.0162460 secs] [Times: user=0.11 sys=0.00, real=0.01 secs] 
2021-01-22T01:14:58.288+0800: 16.926: [GC (CMS Initial Mark) [1 CMS-initial-mark: 509576K(699072K)] 550463K(1013632K), 0.0013560 secs] [Times: user=0.00 sys=0.00, real=0.01 secs] 
2021-01-22T01:14:58.290+0800: 16.928: [CMS-concurrent-mark-start]
2021-01-22T01:14:58.291+0800: 16.930: [CMS-concurrent-mark: 0.002/0.002 secs] [Times: user=0.00 sys=0.01, real=0.00 secs] 
2021-01-22T01:14:58.292+0800: 16.930: [CMS-concurrent-preclean-start]
2021-01-22T01:14:58.293+0800: 16.931: [CMS-concurrent-preclean: 0.001/0.001 secs] [Times: user=0.00 sys=0.00, real=0.00 secs] 
2021-01-22T01:14:58.293+0800: 16.932: [CMS-concurrent-abortable-preclean-start]
2021-01-22T01:14:58.327+0800: 16.966: [GC (Allocation Failure) 2021-01-22T01:14:58.328+0800: 16.966: [ParNew: 314558K->34943K(314560K), 0.0149081 secs] 824135K->619908K(1013632K), 0.0160240 secs] [Times: user=0.10 sys=0.01, real=0.02 secs] 
2021-01-22T01:14:58.378+0800: 17.017: [GC (Allocation Failure) 2021-01-22T01:14:58.379+0800: 17.017: [ParNew: 314559K->34942K(314560K), 0.0168866 secs] 899524K->701067K(1013632K), 0.0176575 secs] [Times: user=0.13 sys=0.00, real=0.02 secs] 
2021-01-22T01:14:58.397+0800: 17.035: [CMS-concurrent-abortable-preclean: 0.003/0.103 secs] [Times: user=0.30 sys=0.01, real=0.10 secs] 
2021-01-22T01:14:58.397+0800: 17.036: [GC (CMS Final Remark) [YG occupancy: 40843 K (314560 K)]2021-01-22T01:14:58.397+0800: 17.036: [Rescan (parallel) , 0.0013600 secs]2021-01-22T01:14:58.399+0800: 17.038: [weak refs processing, 0.0004746 secs]2021-01-22T01:14:58.400+0800: 17.039: [class unloading, 0.0005648 secs]2021-01-22T01:14:58.401+0800: 17.040: [scrub symbol table, 0.0005667 secs]2021-01-22T01:14:58.402+0800: 17.041: [scrub string table, 0.0004244 secs][1 CMS-remark: 666124K(699072K)] 706968K(1013632K), 0.0055873 secs] [Times: user=0.00 sys=0.01, real=0.01 secs] 
2021-01-22T01:14:58.404+0800: 17.042: [CMS-concurrent-sweep-start]
2021-01-22T01:14:58.404+0800: 17.043: [CMS-concurrent-sweep: 0.001/0.001 secs] [Times: user=0.00 sys=0.00, real=0.00 secs] 
2021-01-22T01:14:58.405+0800: 17.043: [CMS-concurrent-reset-start]
2021-01-22T01:14:58.405+0800: 17.044: [CMS-concurrent-reset: 0.001/0.001 secs] [Times: user=0.00 sys=0.00, real=0.00 secs] 
2021-01-22T01:14:58.438+0800: 17.077: [GC (Allocation Failure) 2021-01-22T01:14:58.439+0800: 17.077: [ParNew: 314558K->34943K(314560K), 0.0155863 secs] 816698K->617529K(1013632K), 0.0165462 secs] [Times: user=0.11 sys=0.01, real=0.01 secs] 
2021-01-22T01:14:58.456+0800: 17.095: [GC (CMS Initial Mark) [1 CMS-initial-mark: 582586K(699072K)] 623362K(1013632K), 0.0015167 secs] [Times: user=0.00 sys=0.00, real=0.01 secs] 
2021-01-22T01:14:58.459+0800: 17.097: [CMS-concurrent-mark-start]
2021-01-22T01:14:58.461+0800: 17.099: [CMS-concurrent-mark: 0.002/0.002 secs] [Times: user=0.00 sys=0.00, real=0.00 secs] 
2021-01-22T01:14:58.461+0800: 17.100: [CMS-concurrent-preclean-start]
2021-01-22T01:14:58.462+0800: 17.101: [CMS-concurrent-preclean: 0.001/0.001 secs] [Times: user=0.00 sys=0.00, real=0.00 secs] 
2021-01-22T01:14:58.462+0800: 17.101: [CMS-concurrent-abortable-preclean-start]
2021-01-22T01:14:58.491+0800: 17.130: [GC (Allocation Failure) 2021-01-22T01:14:58.492+0800: 17.130: [ParNew: 314559K->34942K(314560K), 0.0156465 secs] 897145K->702624K(1013632K), 0.0167441 secs] [Times: user=0.11 sys=0.00, real=0.02 secs] 
2021-01-22T01:14:58.509+0800: 17.147: [CMS-concurrent-abortable-preclean: 0.001/0.046 secs] [Times: user=0.14 sys=0.00, real=0.05 secs] 
2021-01-22T01:14:58.509+0800: 17.148: [GC (CMS Final Remark) [YG occupancy: 41234 K (314560 K)]2021-01-22T01:14:58.510+0800: 17.148: [Rescan (parallel) , 0.0013690 secs]2021-01-22T01:14:58.511+0800: 17.150: [weak refs processing, 0.0002995 secs]2021-01-22T01:14:58.512+0800: 17.150: [class unloading, 0.0003950 secs]2021-01-22T01:14:58.512+0800: 17.151: [scrub symbol table, 0.0005766 secs]2021-01-22T01:14:58.513+0800: 17.152: [scrub string table, 0.0003870 secs][1 CMS-remark: 667682K(699072K)] 708916K(1013632K), 0.0046472 secs] [Times: user=0.01 sys=0.00, real=0.00 secs] 
2021-01-22T01:14:58.515+0800: 17.153: [CMS-concurrent-sweep-start]
2021-01-22T01:14:58.516+0800: 17.154: [CMS-concurrent-sweep: 0.001/0.001 secs] [Times: user=0.00 sys=0.00, real=0.00 secs] 
2021-01-22T01:14:58.516+0800: 17.155: [CMS-concurrent-reset-start]
2021-01-22T01:14:58.516+0800: 17.155: [CMS-concurrent-reset: 0.000/0.000 secs] [Times: user=0.00 sys=0.00, real=0.00 secs] 
2021-01-22T01:14:58.548+0800: 17.187: [GC (Allocation Failure) 2021-01-22T01:14:58.549+0800: 17.187: [ParNew: 314558K->34943K(314560K), 0.0155490 secs] 730375K->532780K(1013632K), 0.0163704 secs] [Times: user=0.10 sys=0.03, real=0.01 secs] 
2021-01-22T01:14:58.566+0800: 17.204: [GC (CMS Initial Mark) [1 CMS-initial-mark: 497836K(699072K)] 538962K(1013632K), 0.0012223 secs] [Times: user=0.00 sys=0.00, real=0.00 secs] 
2021-01-22T01:14:58.567+0800: 17.206: [CMS-concurrent-mark-start]
2021-01-22T01:14:58.569+0800: 17.208: [CMS-concurrent-mark: 0.002/0.002 secs] [Times: user=0.01 sys=0.00, real=0.01 secs] 
2021-01-22T01:14:58.570+0800: 17.208: [CMS-concurrent-preclean-start]
2021-01-22T01:14:58.571+0800: 17.209: [CMS-concurrent-preclean: 0.001/0.001 secs] [Times: user=0.00 sys=0.00, real=0.00 secs] 
2021-01-22T01:14:58.571+0800: 17.210: [CMS-concurrent-abortable-preclean-start]
2021-01-22T01:14:58.600+0800: 17.239: [GC (Allocation Failure) 2021-01-22T01:14:58.601+0800: 17.239: [ParNew: 314559K->34943K(314560K), 0.0190725 secs] 812396K->613222K(1013632K), 0.0198648 secs] [Times: user=0.14 sys=0.00, real=0.02 secs] 
2021-01-22T01:14:58.653+0800: 17.292: [GC (Allocation Failure) 2021-01-22T01:14:58.654+0800: 17.292: [ParNew: 314559K->34943K(314560K), 0.0180764 secs] 892838K->698282K(1013632K), 0.0187014 secs] [Times: user=0.14 sys=0.00, real=0.02 secs] 
2021-01-22T01:14:58.674+0800: 17.313: [CMS-concurrent-abortable-preclean: 0.004/0.103 secs] [Times: user=0.34 sys=0.00, real=0.10 secs] 
2021-01-22T01:14:58.675+0800: 17.313: [GC (CMS Final Remark) [YG occupancy: 52547 K (314560 K)]2021-01-22T01:14:58.675+0800: 17.314: [Rescan (parallel) , 0.0014874 secs]2021-01-22T01:14:58.677+0800: 17.315: [weak refs processing, 0.0003258 secs]2021-01-22T01:14:58.677+0800: 17.316: [class unloading, 0.0004806 secs]2021-01-22T01:14:58.678+0800: 17.317: [scrub symbol table, 0.0006503 secs]2021-01-22T01:14:58.679+0800: 17.317: [scrub string table, 0.0004161 secs][1 CMS-remark: 663338K(699072K)] 715885K(1013632K), 0.0048037 secs] [Times: user=0.01 sys=0.00, real=0.01 secs] 
2021-01-22T01:14:58.680+0800: 17.319: [CMS-concurrent-sweep-start]
2021-01-22T01:14:58.681+0800: 17.320: [CMS-concurrent-sweep: 0.001/0.001 secs] [Times: user=0.00 sys=0.00, real=0.00 secs] 
2021-01-22T01:14:58.682+0800: 17.320: [CMS-concurrent-reset-start]
2021-01-22T01:14:58.682+0800: 17.321: [CMS-concurrent-reset: 0.001/0.001 secs] [Times: user=0.00 sys=0.00, real=0.00 secs] 
2021-01-22T01:14:58.713+0800: 17.352: [GC (Allocation Failure) 2021-01-22T01:14:58.714+0800: 17.352: [ParNew: 314559K->34943K(314560K), 0.0148155 secs] 813445K->611384K(1013632K), 0.0155842 secs] [Times: user=0.11 sys=0.00, real=0.02 secs] 
2021-01-22T01:14:58.730+0800: 17.368: [GC (CMS Initial Mark) [1 CMS-initial-mark: 576440K(699072K)] 617189K(1013632K), 0.0012557 secs] [Times: user=0.00 sys=0.00, real=0.00 secs] 
2021-01-22T01:14:58.732+0800: 17.370: [CMS-concurrent-mark-start]
2021-01-22T01:14:58.734+0800: 17.372: [CMS-concurrent-mark: 0.002/0.002 secs] [Times: user=0.00 sys=0.00, real=0.00 secs] 
2021-01-22T01:14:58.734+0800: 17.373: [CMS-concurrent-preclean-start]
2021-01-22T01:14:58.735+0800: 17.374: [CMS-concurrent-preclean: 0.001/0.001 secs] [Times: user=0.00 sys=0.00, real=0.00 secs] 
2021-01-22T01:14:58.735+0800: 17.374: [CMS-concurrent-abortable-preclean-start]
2021-01-22T01:14:58.766+0800: 17.405: [GC (Allocation Failure) 2021-01-22T01:14:58.767+0800: 17.405: [ParNew: 314559K->34943K(314560K), 0.0145888 secs] 891000K->696343K(1013632K), 0.0154118 secs] [Times: user=0.11 sys=0.00, real=0.02 secs] 
2021-01-22T01:14:58.784+0800: 17.423: [CMS-concurrent-abortable-preclean: 0.002/0.049 secs] [Times: user=0.14 sys=0.00, real=0.05 secs] 
2021-01-22T01:14:58.785+0800: 17.423: [GC (CMS Final Remark) [YG occupancy: 53142 K (314560 K)]2021-01-22T01:14:58.785+0800: 17.424: [Rescan (parallel) , 0.0012685 secs]2021-01-22T01:14:58.787+0800: 17.425: [weak refs processing, 0.0003057 secs]2021-01-22T01:14:58.787+0800: 17.426: [class unloading, 0.0004443 secs]2021-01-22T01:14:58.788+0800: 17.426: [scrub symbol table, 0.0005024 secs]2021-01-22T01:14:58.789+0800: 17.427: [scrub string table, 0.0004393 secs][1 CMS-remark: 661400K(699072K)] 714542K(1013632K), 0.0046278 secs] [Times: user=0.00 sys=0.00, real=0.01 secs] 
2021-01-22T01:14:58.790+0800: 17.429: [CMS-concurrent-sweep-start]
2021-01-22T01:14:58.791+0800: 17.430: [CMS-concurrent-sweep: 0.001/0.001 secs] [Times: user=0.00 sys=0.00, real=0.00 secs] 
2021-01-22T01:14:58.791+0800: 17.430: [CMS-concurrent-reset-start]
2021-01-22T01:14:58.792+0800: 17.431: [CMS-concurrent-reset: 0.000/0.000 secs] [Times: user=0.00 sys=0.00, real=0.00 secs] 
2021-01-22T01:14:58.821+0800: 17.459: [GC (Allocation Failure) 2021-01-22T01:14:58.821+0800: 17.460: [ParNew: 314072K->34942K(314560K), 0.0140076 secs] 745544K->545037K(1013632K), 0.0148106 secs] [Times: user=0.10 sys=0.00, real=0.01 secs] 
2021-01-22T01:14:58.836+0800: 17.475: [GC (CMS Initial Mark) [1 CMS-initial-mark: 510094K(699072K)] 551206K(1013632K), 0.0011558 secs] [Times: user=0.01 sys=0.00, real=0.00 secs] 
2021-01-22T01:14:58.838+0800: 17.477: [CMS-concurrent-mark-start]
2021-01-22T01:14:58.841+0800: 17.479: [CMS-concurrent-mark: 0.003/0.003 secs] [Times: user=0.00 sys=0.00, real=0.00 secs] 
2021-01-22T01:14:58.841+0800: 17.480: [CMS-concurrent-preclean-start]
2021-01-22T01:14:58.842+0800: 17.481: [CMS-concurrent-preclean: 0.001/0.001 secs] [Times: user=0.00 sys=0.00, real=0.00 secs] 
2021-01-22T01:14:58.842+0800: 17.481: [CMS-concurrent-abortable-preclean-start]
2021-01-22T01:14:58.876+0800: 17.514: [GC (Allocation Failure) 2021-01-22T01:14:58.876+0800: 17.515: [ParNew: 314558K->34943K(314560K), 0.0172050 secs] 824653K->618355K(1013632K), 0.0180662 secs] [Times: user=0.12 sys=0.00, real=0.02 secs] 
2021-01-22T01:14:58.935+0800: 17.573: [GC (Allocation Failure) 2021-01-22T01:14:58.935+0800: 17.574: [ParNew: 314559K->34943K(314560K), 0.0326686 secs] 897971K->695890K(1013632K), 0.0333524 secs] [Times: user=0.25 sys=0.00, real=0.04 secs] 
2021-01-22T01:14:58.971+0800: 17.610: [CMS-concurrent-abortable-preclean: 0.006/0.128 secs] [Times: user=0.45 sys=0.01, real=0.13 secs] 
2021-01-22T01:14:58.988+0800: 17.627: [GC (CMS Final Remark) [YG occupancy: 180245 K (314560 K)]2021-01-22T01:14:58.989+0800: 17.627: [Rescan (parallel) , 0.0034738 secs]2021-01-22T01:14:58.992+0800: 17.631: [weak refs processing, 0.0001658 secs]2021-01-22T01:14:58.993+0800: 17.631: [class unloading, 0.0003473 secs]2021-01-22T01:14:58.993+0800: 17.632: [scrub symbol table, 0.0003896 secs]2021-01-22T01:14:58.994+0800: 17.632: [scrub string table, 0.0002824 secs][1 CMS-remark: 660946K(699072K)] 841192K(1013632K), 0.0056900 secs] [Times: user=0.02 sys=0.00, real=0.00 secs] 
2021-01-22T01:14:58.995+0800: 17.633: [CMS-concurrent-sweep-start]
2021-01-22T01:14:58.996+0800: 17.634: [CMS-concurrent-sweep: 0.001/0.001 secs] [Times: user=0.00 sys=0.00, real=0.00 secs] 
2021-01-22T01:14:58.996+0800: 17.634: [CMS-concurrent-reset-start]
2021-01-22T01:14:58.996+0800: 17.635: [CMS-concurrent-reset: 0.001/0.001 secs] [Times: user=0.00 sys=0.00, real=0.00 secs] 
2021-01-22T01:14:59.012+0800: 17.651: [GC (Allocation Failure) 2021-01-22T01:14:59.013+0800: 17.651: [ParNew: 314559K->34942K(314560K), 0.0202417 secs] 814624K->614949K(1013632K), 0.0207688 secs] [Times: user=0.16 sys=0.00, real=0.02 secs] 
2021-01-22T01:14:59.034+0800: 17.672: [GC (CMS Initial Mark) [1 CMS-initial-mark: 580006K(699072K)] 620780K(1013632K), 0.0006181 secs] [Times: user=0.00 sys=0.00, real=0.00 secs] 
2021-01-22T01:14:59.035+0800: 17.673: [CMS-concurrent-mark-start]
2021-01-22T01:14:59.037+0800: 17.676: [CMS-concurrent-mark: 0.002/0.002 secs] [Times: user=0.00 sys=0.00, real=0.00 secs] 
2021-01-22T01:14:59.037+0800: 17.676: [CMS-concurrent-preclean-start]
2021-01-22T01:14:59.038+0800: 17.677: [CMS-concurrent-preclean: 0.001/0.001 secs] [Times: user=0.00 sys=0.00, real=0.00 secs] 
2021-01-22T01:14:59.038+0800: 17.677: [CMS-concurrent-abortable-preclean-start]
2021-01-22T01:14:59.074+0800: 17.712: [GC (Allocation Failure) 2021-01-22T01:14:59.074+0800: 17.712: [ParNew: 314558K->34943K(314560K), 0.0214562 secs] 894565K->691921K(1013632K), 0.0220433 secs] [Times: user=0.16 sys=0.00, real=0.02 secs] 
2021-01-22T01:14:59.098+0800: 17.736: [CMS-concurrent-abortable-preclean: 0.003/0.059 secs] [Times: user=0.19 sys=0.01, real=0.05 secs] 
2021-01-22T01:14:59.098+0800: 17.737: [GC (CMS Final Remark) [YG occupancy: 54315 K (314560 K)]2021-01-22T01:14:59.098+0800: 17.737: [Rescan (parallel) , 0.0007750 secs]2021-01-22T01:14:59.100+0800: 17.738: [weak refs processing, 0.0002747 secs]2021-01-22T01:14:59.100+0800: 17.738: [class unloading, 0.0002942 secs]2021-01-22T01:14:59.100+0800: 17.739: [scrub symbol table, 0.0003901 secs]2021-01-22T01:14:59.101+0800: 17.739: [scrub string table, 0.0002694 secs][1 CMS-remark: 656978K(699072K)] 711293K(1013632K), 0.0029622 secs] [Times: user=0.00 sys=0.00, real=0.00 secs] 
2021-01-22T01:14:59.102+0800: 17.740: [CMS-concurrent-sweep-start]
2021-01-22T01:14:59.103+0800: 17.742: [CMS-concurrent-sweep: 0.001/0.001 secs] [Times: user=0.00 sys=0.00, real=0.00 secs] 
2021-01-22T01:14:59.103+0800: 17.742: [CMS-concurrent-reset-start]
2021-01-22T01:14:59.104+0800: 17.743: [CMS-concurrent-reset: 0.001/0.001 secs] [Times: user=0.00 sys=0.00, real=0.00 secs] 
2021-01-22T01:14:59.135+0800: 17.774: [GC (Allocation Failure) 2021-01-22T01:14:59.135+0800: 17.774: [ParNew: 314559K->34943K(314560K), 0.0167446 secs] 738770K->539536K(1013632K), 0.0172075 secs] [Times: user=0.13 sys=0.00, real=0.02 secs] 
2021-01-22T01:14:59.153+0800: 17.791: [GC (CMS Initial Mark) [1 CMS-initial-mark: 504592K(699072K)] 545737K(1013632K), 0.0005527 secs] [Times: user=0.00 sys=0.00, real=0.00 secs] 
2021-01-22T01:14:59.154+0800: 17.792: [CMS-concurrent-mark-start]
2021-01-22T01:14:59.156+0800: 17.794: [CMS-concurrent-mark: 0.002/0.002 secs] [Times: user=0.01 sys=0.00, real=0.00 secs] 
2021-01-22T01:14:59.156+0800: 17.794: [CMS-concurrent-preclean-start]
2021-01-22T01:14:59.157+0800: 17.795: [CMS-concurrent-preclean: 0.001/0.001 secs] [Times: user=0.00 sys=0.00, real=0.00 secs] 
2021-01-22T01:14:59.157+0800: 17.796: [CMS-concurrent-abortable-preclean-start]
2021-01-22T01:14:59.186+0800: 17.825: [GC (Allocation Failure) 2021-01-22T01:14:59.186+0800: 17.825: [ParNew: 314294K->34943K(314560K), 0.0174906 secs] 818887K->615593K(1013632K), 0.0179589 secs] [Times: user=0.13 sys=0.00, real=0.02 secs] 
2021-01-22T01:14:59.237+0800: 17.876: [GC (Allocation Failure) 2021-01-22T01:14:59.237+0800: 17.876: [ParNew: 314559K->34943K(314560K), 0.0148762 secs] 895209K->691272K(1013632K), 0.0153547 secs] [Times: user=0.11 sys=0.00, real=0.02 secs] 
2021-01-22T01:14:59.254+0800: 17.892: [CMS-concurrent-abortable-preclean: 0.004/0.097 secs] [Times: user=0.31 sys=0.00, real=0.10 secs] 
2021-01-22T01:14:59.254+0800: 17.893: [GC (CMS Final Remark) [YG occupancy: 46673 K (314560 K)]2021-01-22T01:14:59.254+0800: 17.893: [Rescan (parallel) , 0.0010800 secs]2021-01-22T01:14:59.256+0800: 17.894: [weak refs processing, 0.0001634 secs]2021-01-22T01:14:59.256+0800: 17.895: [class unloading, 0.0003970 secs]2021-01-22T01:14:59.257+0800: 17.895: [scrub symbol table, 0.0004348 secs]2021-01-22T01:14:59.257+0800: 17.896: [scrub string table, 0.0002803 secs][1 CMS-remark: 656328K(699072K)] 703002K(1013632K), 0.0033946 secs] [Times: user=0.00 sys=0.00, real=0.00 secs] 
2021-01-22T01:14:59.258+0800: 17.897: [CMS-concurrent-sweep-start]
2021-01-22T01:14:59.259+0800: 17.898: [CMS-concurrent-sweep: 0.001/0.001 secs] [Times: user=0.00 sys=0.00, real=0.01 secs] 
2021-01-22T01:14:59.259+0800: 17.898: [CMS-concurrent-reset-start]
2021-01-22T01:14:59.260+0800: 17.898: [CMS-concurrent-reset: 0.000/0.000 secs] [Times: user=0.00 sys=0.00, real=0.00 secs] 
2021-01-22T01:14:59.289+0800: 17.928: [GC (Allocation Failure) 2021-01-22T01:14:59.290+0800: 17.928: [ParNew: 314559K->34942K(314560K), 0.0144544 secs] 806413K->601355K(1013632K), 0.0150432 secs] [Times: user=0.10 sys=0.00, real=0.01 secs] 
2021-01-22T01:14:59.305+0800: 17.944: [GC (CMS Initial Mark) [1 CMS-initial-mark: 566412K(699072K)] 607882K(1013632K), 0.0009301 secs] [Times: user=0.00 sys=0.00, real=0.00 secs] 
2021-01-22T01:14:59.307+0800: 17.945: [CMS-concurrent-mark-start]
2021-01-22T01:14:59.309+0800: 17.948: [CMS-concurrent-mark: 0.003/0.003 secs] [Times: user=0.01 sys=0.00, real=0.01 secs] 
2021-01-22T01:14:59.310+0800: 17.948: [CMS-concurrent-preclean-start]
2021-01-22T01:14:59.311+0800: 17.949: [CMS-concurrent-preclean: 0.001/0.001 secs] [Times: user=0.00 sys=0.00, real=0.00 secs] 
2021-01-22T01:14:59.311+0800: 17.949: [CMS-concurrent-abortable-preclean-start]
2021-01-22T01:14:59.341+0800: 17.980: [GC (Allocation Failure) 2021-01-22T01:14:59.341+0800: 17.980: [ParNew: 314558K->34943K(314560K), 0.0157144 secs] 880971K->681653K(1013632K), 0.0162745 secs] [Times: user=0.12 sys=0.01, real=0.01 secs] 
2021-01-22T01:14:59.393+0800: 18.032: [GC (Allocation Failure) 2021-01-22T01:14:59.394+0800: 18.032: [ParNew: 314559K->314559K(314560K), 0.0002727 secs]2021-01-22T01:14:59.394+0800: 18.033: [CMS2021-01-22T01:14:59.394+0800: 18.033: [CMS-concurrent-abortable-preclean: 0.003/0.083 secs] [Times: user=0.19 sys=0.01, real=0.08 secs] 
 (concurrent mode failure): 646710K->365902K(699072K), 0.0505569 secs] 961269K->365902K(1013632K), [Metaspace: 2817K->2817K(1056768K)], 0.0518135 secs] [Times: user=0.05 sys=0.00, real=0.05 secs] 
2021-01-22T01:14:59.482+0800: 18.120: [GC (Allocation Failure) 2021-01-22T01:14:59.482+0800: 18.121: [ParNew: 279611K->34943K(314560K), 0.0113453 secs] 645513K->452149K(1013632K), 0.0122701 secs] [Times: user=0.08 sys=0.00, real=0.01 secs] 
2021-01-22T01:14:59.528+0800: 18.167: [GC (Allocation Failure) 2021-01-22T01:14:59.529+0800: 18.167: [ParNew: 314524K->34943K(314560K), 0.0137033 secs] 731730K->527308K(1013632K), 0.0148091 secs] [Times: user=0.11 sys=0.00, real=0.01 secs] 
2021-01-22T01:14:59.544+0800: 18.183: [GC (CMS Initial Mark) [1 CMS-initial-mark: 492364K(699072K)] 533086K(1013632K), 0.0015505 secs] [Times: user=0.00 sys=0.00, real=0.00 secs] 
2021-01-22T01:14:59.546+0800: 18.185: [CMS-concurrent-mark-start]
2021-01-22T01:14:59.548+0800: 18.187: [CMS-concurrent-mark: 0.002/0.002 secs] [Times: user=0.01 sys=0.00, real=0.01 secs] 
2021-01-22T01:14:59.549+0800: 18.187: [CMS-concurrent-preclean-start]
2021-01-22T01:14:59.549+0800: 18.188: [CMS-concurrent-preclean: 0.001/0.001 secs] [Times: user=0.00 sys=0.00, real=0.00 secs] 
2021-01-22T01:14:59.550+0800: 18.189: [CMS-concurrent-abortable-preclean-start]
2021-01-22T01:14:59.580+0800: 18.219: [GC (Allocation Failure) 2021-01-22T01:14:59.581+0800: 18.219: [ParNew: 314559K->34942K(314560K), 0.0149034 secs] 806924K->604769K(1013632K), 0.0157924 secs] [Times: user=0.11 sys=0.00, real=0.01 secs] 
2021-01-22T01:14:59.632+0800: 18.270: [GC (Allocation Failure) 2021-01-22T01:14:59.632+0800: 18.271: [ParNew: 314558K->34943K(314560K), 0.0142444 secs] 884385K->684129K(1013632K), 0.0150843 secs] [Times: user=0.10 sys=0.00, real=0.01 secs] 
2021-01-22T01:14:59.684+0800: 18.323: [GC (Allocation Failure) 2021-01-22T01:14:59.684+0800: 18.323: [ParNew: 314559K->314559K(314560K), 0.0002833 secs]2021-01-22T01:14:59.685+0800: 18.324: [CMS2021-01-22T01:14:59.685+0800: 18.324: [CMS-concurrent-abortable-preclean: 0.005/0.135 secs] [Times: user=0.32 sys=0.00, real=0.13 secs] 
 (concurrent mode failure): 649185K->366184K(699072K), 0.0506177 secs] 963745K->366184K(1013632K), [Metaspace: 2817K->2817K(1056768K)], 0.0520687 secs] [Times: user=0.05 sys=0.00, real=0.05 secs] 
2021-01-22T01:14:59.771+0800: 18.410: [GC (Allocation Failure) 2021-01-22T01:14:59.772+0800: 18.410: [ParNew: 279616K->34943K(314560K), 0.0112694 secs] 645800K->449043K(1013632K), 0.0120269 secs] [Times: user=0.08 sys=0.00, real=0.01 secs] 
2021-01-22T01:14:59.816+0800: 18.454: [GC (Allocation Failure) 2021-01-22T01:14:59.816+0800: 18.455: [ParNew: 314559K->34943K(314560K), 0.0161601 secs] 728659K->535959K(1013632K), 0.0169589 secs] [Times: user=0.12 sys=0.00, real=0.02 secs] 
2021-01-22T01:14:59.834+0800: 18.473: [GC (CMS Initial Mark) [1 CMS-initial-mark: 501016K(699072K)] 541649K(1013632K), 0.0017351 secs] [Times: user=0.00 sys=0.00, real=0.00 secs] 
2021-01-22T01:14:59.837+0800: 18.475: [CMS-concurrent-mark-start]
2021-01-22T01:14:59.838+0800: 18.477: [CMS-concurrent-mark: 0.002/0.002 secs] [Times: user=0.01 sys=0.00, real=0.01 secs] 
2021-01-22T01:14:59.839+0800: 18.477: [CMS-concurrent-preclean-start]
2021-01-22T01:14:59.840+0800: 18.478: [CMS-concurrent-preclean: 0.001/0.001 secs] [Times: user=0.00 sys=0.00, real=0.00 secs] 
2021-01-22T01:14:59.840+0800: 18.479: [CMS-concurrent-abortable-preclean-start]
2021-01-22T01:14:59.871+0800: 18.510: [GC (Allocation Failure) 2021-01-22T01:14:59.872+0800: 18.510: [ParNew: 314280K->34942K(314560K), 0.0143154 secs] 815296K->611012K(1013632K), 0.0151350 secs] [Times: user=0.11 sys=0.00, real=0.01 secs] 
2021-01-22T01:14:59.927+0800: 18.566: [GC (Allocation Failure) 2021-01-22T01:14:59.928+0800: 18.566: [ParNew: 314558K->34943K(314560K), 0.0149393 secs] 890628K->679368K(1013632K), 0.0160015 secs] [Times: user=0.11 sys=0.00, real=0.02 secs] 
2021-01-22T01:14:59.980+0800: 18.618: [GC (Allocation Failure) 2021-01-22T01:14:59.980+0800: 18.618: [ParNew: 314559K->314559K(314560K), 0.0003121 secs]2021-01-22T01:14:59.981+0800: 18.619: [CMS2021-01-22T01:14:59.981+0800: 18.619: [CMS-concurrent-abortable-preclean: 0.007/0.141 secs] [Times: user=0.33 sys=0.00, real=0.14 secs] 
 (concurrent mode failure): 644424K->364199K(699072K), 0.0478428 secs] 958984K->364199K(1013632K), [Metaspace: 2817K->2817K(1056768K)], 0.0492902 secs] [Times: user=0.05 sys=0.00, real=0.05 secs] 
2021-01-22T01:15:00.063+0800: 18.702: [GC (Allocation Failure) 2021-01-22T01:15:00.064+0800: 18.702: [ParNew: 279616K->34942K(314560K), 0.0114056 secs] 643815K->450130K(1013632K), 0.0122355 secs] [Times: user=0.08 sys=0.00, real=0.01 secs] 
2021-01-22T01:15:00.115+0800: 18.753: [GC (Allocation Failure) 2021-01-22T01:15:00.115+0800: 18.754: [ParNew: 314558K->34942K(314560K), 0.0150817 secs] 729746K->518539K(1013632K), 0.0161949 secs] [Times: user=0.11 sys=0.00, real=0.02 secs] 
2021-01-22T01:15:00.132+0800: 18.771: [GC (CMS Initial Mark) [1 CMS-initial-mark: 483596K(699072K)] 524147K(1013632K), 0.0013616 secs] [Times: user=0.00 sys=0.00, real=0.00 secs] 
2021-01-22T01:15:00.134+0800: 18.773: [CMS-concurrent-mark-start]
2021-01-22T01:15:00.136+0800: 18.774: [CMS-concurrent-mark: 0.002/0.002 secs] [Times: user=0.01 sys=0.00, real=0.00 secs] 
2021-01-22T01:15:00.136+0800: 18.775: [CMS-concurrent-preclean-start]
2021-01-22T01:15:00.137+0800: 18.776: [CMS-concurrent-preclean: 0.001/0.001 secs] [Times: user=0.00 sys=0.00, real=0.00 secs] 
2021-01-22T01:15:00.138+0800: 18.776: [CMS-concurrent-abortable-preclean-start]
2021-01-22T01:15:00.170+0800: 18.809: [GC (Allocation Failure) 2021-01-22T01:15:00.170+0800: 18.809: [ParNew: 314558K->34943K(314560K), 0.0177264 secs] 798155K->602304K(1013632K), 0.0186221 secs] [Times: user=0.13 sys=0.00, real=0.02 secs] 
2021-01-22T01:15:00.226+0800: 18.865: [GC (Allocation Failure) 2021-01-22T01:15:00.226+0800: 18.865: [ParNew: 314559K->34943K(314560K), 0.0143731 secs] 881920K->678782K(1013632K), 0.0151640 secs] [Times: user=0.11 sys=0.00, real=0.02 secs] 
2021-01-22T01:15:00.276+0800: 18.915: [GC (Allocation Failure) 2021-01-22T01:15:00.277+0800: 18.915: [ParNew: 314559K->314559K(314560K), 0.0002384 secs]2021-01-22T01:15:00.277+0800: 18.916: [CMS2021-01-22T01:15:00.277+0800: 18.916: [CMS-concurrent-abortable-preclean: 0.005/0.140 secs] [Times: user=0.34 sys=0.00, real=0.14 secs] 
 (concurrent mode failure): 643838K->380703K(699072K), 0.0495189 secs] 958398K->380703K(1013632K), [Metaspace: 2817K->2817K(1056768K)], 0.0507017 secs] [Times: user=0.05 sys=0.00, real=0.05 secs] 
2021-01-22T01:15:00.359+0800: 18.998: [GC (Allocation Failure) 2021-01-22T01:15:00.360+0800: 18.998: [ParNew: 279616K->34941K(314560K), 0.0124584 secs] 660319K->479499K(1013632K), 0.0131622 secs] [Times: user=0.09 sys=0.00, real=0.01 secs] 
2021-01-22T01:15:00.408+0800: 19.046: [GC (Allocation Failure) 2021-01-22T01:15:00.408+0800: 19.047: [ParNew: 314557K->34943K(314560K), 0.0139281 secs] 759115K->561657K(1013632K), 0.0146800 secs] [Times: user=0.11 sys=0.00, real=0.02 secs] 
2021-01-22T01:15:00.423+0800: 19.062: [GC (CMS Initial Mark) [1 CMS-initial-mark: 526713K(699072K)] 567594K(1013632K), 0.0013666 secs] [Times: user=0.00 sys=0.00, real=0.00 secs] 
2021-01-22T01:15:00.425+0800: 19.064: [CMS-concurrent-mark-start]
2021-01-22T01:15:00.427+0800: 19.066: [CMS-concurrent-mark: 0.002/0.002 secs] [Times: user=0.00 sys=0.00, real=0.00 secs] 
2021-01-22T01:15:00.428+0800: 19.066: [CMS-concurrent-preclean-start]
2021-01-22T01:15:00.429+0800: 19.067: [CMS-concurrent-preclean: 0.001/0.001 secs] [Times: user=0.01 sys=0.00, real=0.01 secs] 
2021-01-22T01:15:00.429+0800: 19.068: [CMS-concurrent-abortable-preclean-start]
2021-01-22T01:15:00.459+0800: 19.097: [GC (Allocation Failure) 2021-01-22T01:15:00.459+0800: 19.098: [ParNew: 314559K->34943K(314560K), 0.0140449 secs] 841273K->637203K(1013632K), 0.0149078 secs] [Times: user=0.10 sys=0.00, real=0.01 secs] 
2021-01-22T01:15:00.509+0800: 19.148: [GC (Allocation Failure) 2021-01-22T01:15:00.510+0800: 19.148: [ParNew: 314559K->314559K(314560K), 0.0002425 secs]2021-01-22T01:15:00.510+0800: 19.149: [CMS2021-01-22T01:15:00.511+0800: 19.149: [CMS-concurrent-abortable-preclean: 0.003/0.081 secs] [Times: user=0.17 sys=0.00, real=0.08 secs] 
 (concurrent mode failure): 602259K->374627K(699072K), 0.0493249 secs] 916819K->374627K(1013632K), [Metaspace: 2817K->2817K(1056768K)], 0.0505488 secs] [Times: user=0.05 sys=0.00, real=0.05 secs] 
2021-01-22T01:15:00.598+0800: 19.237: [GC (Allocation Failure) 2021-01-22T01:15:00.599+0800: 19.237: [ParNew: 279616K->34943K(314560K), 0.0131336 secs] 654243K->467423K(1013632K), 0.0140753 secs] [Times: user=0.10 sys=0.00, real=0.02 secs] 
2021-01-22T01:15:00.650+0800: 19.289: [GC (Allocation Failure) 2021-01-22T01:15:00.651+0800: 19.289: [ParNew: 314559K->34943K(314560K), 0.0145723 secs] 747039K->540593K(1013632K), 0.0153988 secs] [Times: user=0.11 sys=0.00, real=0.01 secs] 
2021-01-22T01:15:00.667+0800: 19.305: [GC (CMS Initial Mark) [1 CMS-initial-mark: 505650K(699072K)] 547130K(1013632K), 0.0013174 secs] [Times: user=0.00 sys=0.01, real=0.01 secs] 
2021-01-22T01:15:00.669+0800: 19.308: [CMS-concurrent-mark-start]
2021-01-22T01:15:00.671+0800: 19.309: [CMS-concurrent-mark: 0.002/0.002 secs] [Times: user=0.00 sys=0.00, real=0.00 secs] 
2021-01-22T01:15:00.671+0800: 19.310: [CMS-concurrent-preclean-start]
2021-01-22T01:15:00.673+0800: 19.311: [CMS-concurrent-preclean: 0.001/0.001 secs] [Times: user=0.00 sys=0.00, real=0.00 secs] 
2021-01-22T01:15:00.673+0800: 19.311: [CMS-concurrent-abortable-preclean-start]
2021-01-22T01:15:00.703+0800: 19.341: [GC (Allocation Failure) 2021-01-22T01:15:00.703+0800: 19.342: [ParNew: 314559K->34941K(314560K), 0.0149414 secs] 820209K->625537K(1013632K), 0.0156907 secs] [Times: user=0.12 sys=0.00, real=0.02 secs] 
2021-01-22T01:15:00.754+0800: 19.393: [GC (Allocation Failure) 2021-01-22T01:15:00.755+0800: 19.393: [ParNew: 314557K->314557K(314560K), 0.0002500 secs]2021-01-22T01:15:00.755+0800: 19.394: [CMS2021-01-22T01:15:00.755+0800: 19.394: [CMS-concurrent-abortable-preclean: 0.003/0.082 secs] [Times: user=0.18 sys=0.01, real=0.08 secs] 
 (concurrent mode failure): 590596K->376624K(699072K), 0.0588248 secs] 905153K->376624K(1013632K), [Metaspace: 2817K->2817K(1056768K)], 0.0603075 secs] [Times: user=0.06 sys=0.00, real=0.06 secs] 
2021-01-22T01:15:00.851+0800: 19.490: [GC (Allocation Failure) 2021-01-22T01:15:00.851+0800: 19.490: [ParNew: 279616K->34943K(314560K), 0.0122588 secs] 656240K->463052K(1013632K), 0.0130086 secs] [Times: user=0.09 sys=0.00, real=0.01 secs] 
2021-01-22T01:15:00.909+0800: 19.547: [GC (Allocation Failure) 2021-01-22T01:15:00.909+0800: 19.548: [ParNew: 314559K->34942K(314560K), 0.0156598 secs] 742668K->541696K(1013632K), 0.0163694 secs] [Times: user=0.12 sys=0.00, real=0.01 secs] 
2021-01-22T01:15:00.926+0800: 19.564: [GC (CMS Initial Mark) [1 CMS-initial-mark: 506753K(699072K)] 547378K(1013632K), 0.0008709 secs] [Times: user=0.00 sys=0.00, real=0.00 secs] 
2021-01-22T01:15:00.927+0800: 19.566: [CMS-concurrent-mark-start]
2021-01-22T01:15:00.930+0800: 19.568: [CMS-concurrent-mark: 0.002/0.002 secs] [Times: user=0.01 sys=0.00, real=0.01 secs] 
2021-01-22T01:15:00.930+0800: 19.568: [CMS-concurrent-preclean-start]
2021-01-22T01:15:00.931+0800: 19.570: [CMS-concurrent-preclean: 0.001/0.001 secs] [Times: user=0.00 sys=0.00, real=0.00 secs] 
2021-01-22T01:15:00.932+0800: 19.570: [CMS-concurrent-abortable-preclean-start]
2021-01-22T01:15:00.962+0800: 19.601: [GC (Allocation Failure) 2021-01-22T01:15:00.962+0800: 19.601: [ParNew: 314558K->34942K(314560K), 0.0150340 secs] 821312K->617732K(1013632K), 0.0155716 secs] [Times: user=0.12 sys=0.00, real=0.01 secs] 
2021-01-22T01:15:01.011+0800: 19.649: [GC (Allocation Failure) 2021-01-22T01:15:01.011+0800: 19.650: [ParNew: 314558K->34943K(314560K), 0.0153351 secs] 897348K->701725K(1013632K), 0.0160597 secs] [Times: user=0.12 sys=0.00, real=0.01 secs] 
2021-01-22T01:15:01.028+0800: 19.666: [CMS-concurrent-abortable-preclean: 0.003/0.096 secs] [Times: user=0.30 sys=0.00, real=0.09 secs] 
2021-01-22T01:15:01.028+0800: 19.667: [GC (CMS Final Remark) [YG occupancy: 40786 K (314560 K)]2021-01-22T01:15:01.028+0800: 19.667: [Rescan (parallel) , 0.0014307 secs]2021-01-22T01:15:01.030+0800: 19.669: [weak refs processing, 0.0002753 secs]2021-01-22T01:15:01.031+0800: 19.669: [class unloading, 0.0004308 secs]2021-01-22T01:15:01.031+0800: 19.670: [scrub symbol table, 0.0005189 secs]2021-01-22T01:15:01.032+0800: 19.671: [scrub string table, 0.0004106 secs][1 CMS-remark: 666781K(699072K)] 707568K(1013632K), 0.0047371 secs] [Times: user=0.00 sys=0.00, real=0.01 secs] 
2021-01-22T01:15:01.033+0800: 19.672: [CMS-concurrent-sweep-start]
2021-01-22T01:15:01.034+0800: 19.673: [CMS-concurrent-sweep: 0.001/0.001 secs] [Times: user=0.00 sys=0.00, real=0.00 secs] 
2021-01-22T01:15:01.034+0800: 19.673: [CMS-concurrent-reset-start]
2021-01-22T01:15:01.035+0800: 19.673: [CMS-concurrent-reset: 0.001/0.001 secs] [Times: user=0.01 sys=0.00, real=0.00 secs] 
2021-01-22T01:15:01.064+0800: 19.703: [GC (Allocation Failure) 2021-01-22T01:15:01.065+0800: 19.703: [ParNew: 314559K->34943K(314560K), 0.0144553 secs] 818373K->614733K(1013632K), 0.0154130 secs] [Times: user=0.10 sys=0.00, real=0.02 secs] 
2021-01-22T01:15:01.081+0800: 19.720: [GC (CMS Initial Mark) [1 CMS-initial-mark: 579790K(699072K)] 621064K(1013632K), 0.0017320 secs] [Times: user=0.01 sys=0.00, real=0.00 secs] 
2021-01-22T01:15:01.084+0800: 19.722: [CMS-concurrent-mark-start]
2021-01-22T01:15:01.086+0800: 19.724: [CMS-concurrent-mark: 0.002/0.002 secs] [Times: user=0.00 sys=0.00, real=0.00 secs] 
2021-01-22T01:15:01.086+0800: 19.725: [CMS-concurrent-preclean-start]
2021-01-22T01:15:01.087+0800: 19.726: [CMS-concurrent-preclean: 0.001/0.001 secs] [Times: user=0.00 sys=0.00, real=0.00 secs] 
2021-01-22T01:15:01.087+0800: 19.726: [CMS-concurrent-abortable-preclean-start]
2021-01-22T01:15:01.119+0800: 19.757: [GC (Allocation Failure) 2021-01-22T01:15:01.119+0800: 19.758: [ParNew: 314559K->34943K(314560K), 0.0172589 secs] 894349K->685563K(1013632K), 0.0182176 secs] [Times: user=0.13 sys=0.00, real=0.01 secs] 
2021-01-22T01:15:01.173+0800: 19.811: [GC (Allocation Failure) 2021-01-22T01:15:01.173+0800: 19.812: [ParNew: 314380K->314380K(314560K), 0.0002997 secs]2021-01-22T01:15:01.174+0800: 19.812: [CMS2021-01-22T01:15:01.174+0800: 19.813: [CMS-concurrent-abortable-preclean: 0.003/0.087 secs] [Times: user=0.20 sys=0.00, real=0.09 secs] 
 (concurrent mode failure): 650619K->361081K(699072K), 0.0498211 secs] 965000K->361081K(1013632K), [Metaspace: 2817K->2817K(1056768K)], 0.0515527 secs] [Times: user=0.05 sys=0.00, real=0.05 secs] 
2021-01-22T01:15:01.261+0800: 19.900: [GC (Allocation Failure) 2021-01-22T01:15:01.262+0800: 19.900: [ParNew: 279616K->34943K(314560K), 0.0132844 secs] 640697K->442837K(1013632K), 0.0141263 secs] [Times: user=0.10 sys=0.00, real=0.01 secs] 
2021-01-22T01:15:01.313+0800: 19.952: [GC (Allocation Failure) 2021-01-22T01:15:01.313+0800: 19.952: [ParNew: 314559K->34942K(314560K), 0.0160751 secs] 722453K->525863K(1013632K), 0.0170900 secs] [Times: user=0.12 sys=0.01, real=0.02 secs] 
2021-01-22T01:15:01.331+0800: 19.970: [GC (CMS Initial Mark) [1 CMS-initial-mark: 490920K(699072K)] 532240K(1013632K), 0.0012144 secs] [Times: user=0.00 sys=0.00, real=0.00 secs] 
2021-01-22T01:15:01.333+0800: 19.972: [CMS-concurrent-mark-start]
2021-01-22T01:15:01.335+0800: 19.974: [CMS-concurrent-mark: 0.002/0.002 secs] [Times: user=0.00 sys=0.00, real=0.00 secs] 
2021-01-22T01:15:01.335+0800: 19.974: [CMS-concurrent-preclean-start]
2021-01-22T01:15:01.336+0800: 19.975: [CMS-concurrent-preclean: 0.001/0.001 secs] [Times: user=0.01 sys=0.00, real=0.00 secs] 
2021-01-22T01:15:01.337+0800: 19.975: [CMS-concurrent-abortable-preclean-start]
2021-01-22T01:15:01.369+0800: 20.008: [GC (Allocation Failure) 2021-01-22T01:15:01.370+0800: 20.008: [ParNew: 314558K->34942K(314560K), 0.0154365 secs] 805479K->602019K(1013632K), 0.0160359 secs] [Times: user=0.12 sys=0.00, real=0.01 secs] 
2021-01-22T01:15:01.419+0800: 20.057: [GC (Allocation Failure) 2021-01-22T01:15:01.419+0800: 20.058: [ParNew: 314558K->34944K(314560K), 0.0144487 secs] 881635K->676105K(1013632K), 0.0151816 secs] [Times: user=0.11 sys=0.00, real=0.01 secs] 
2021-01-22T01:15:01.468+0800: 20.107: [GC (Allocation Failure) 2021-01-22T01:15:01.468+0800: 20.107: [ParNew: 314194K->314194K(314560K), 0.0002966 secs]2021-01-22T01:15:01.469+0800: 20.107: [CMS2021-01-22T01:15:01.469+0800: 20.108: [CMS-concurrent-abortable-preclean: 0.005/0.132 secs] [Times: user=0.33 sys=0.00, real=0.14 secs] 
 (concurrent mode failure): 641161K->358640K(699072K), 0.0476488 secs] 955355K->358640K(1013632K), [Metaspace: 2817K->2817K(1056768K)], 0.0489792 secs] [Times: user=0.04 sys=0.00, real=0.05 secs] 
2021-01-22T01:15:01.551+0800: 20.189: [GC (Allocation Failure) 2021-01-22T01:15:01.551+0800: 20.190: [ParNew: 279616K->34943K(314560K), 0.0116358 secs] 638256K->442450K(1013632K), 0.0124877 secs] [Times: user=0.08 sys=0.00, real=0.01 secs] 
2021-01-22T01:15:01.601+0800: 20.239: [GC (Allocation Failure) 2021-01-22T01:15:01.601+0800: 20.240: [ParNew: 314559K->34943K(314560K), 0.0152031 secs] 722066K->526375K(1013632K), 0.0160207 secs] [Times: user=0.11 sys=0.00, real=0.01 secs] 
2021-01-22T01:15:01.618+0800: 20.256: [GC (CMS Initial Mark) [1 CMS-initial-mark: 491432K(699072K)] 532539K(1013632K), 0.0013422 secs] [Times: user=0.00 sys=0.00, real=0.01 secs] 
2021-01-22T01:15:01.620+0800: 20.258: [CMS-concurrent-mark-start]
2021-01-22T01:15:01.621+0800: 20.260: [CMS-concurrent-mark: 0.002/0.002 secs] [Times: user=0.00 sys=0.00, real=0.00 secs] 
2021-01-22T01:15:01.622+0800: 20.260: [CMS-concurrent-preclean-start]
2021-01-22T01:15:01.623+0800: 20.261: [CMS-concurrent-preclean: 0.001/0.001 secs] [Times: user=0.00 sys=0.00, real=0.00 secs] 
2021-01-22T01:15:01.623+0800: 20.262: [CMS-concurrent-abortable-preclean-start]
2021-01-22T01:15:01.652+0800: 20.291: [GC (Allocation Failure) 2021-01-22T01:15:01.653+0800: 20.291: [ParNew: 314559K->34943K(314560K), 0.0146734 secs] 805991K->602754K(1013632K), 0.0155722 secs] [Times: user=0.11 sys=0.00, real=0.02 secs] 
2021-01-22T01:15:01.701+0800: 20.339: [GC (Allocation Failure) 2021-01-22T01:15:01.701+0800: 20.340: [ParNew: 314559K->34943K(314560K), 0.0151252 secs] 882370K->694028K(1013632K), 0.0160844 secs] [Times: user=0.12 sys=0.00, real=0.01 secs] 
2021-01-22T01:15:01.719+0800: 20.357: [CMS-concurrent-abortable-preclean: 0.004/0.096 secs] [Times: user=0.29 sys=0.00, real=0.10 secs] 
2021-01-22T01:15:01.720+0800: 20.358: [GC (CMS Final Remark) [YG occupancy: 51958 K (314560 K)]2021-01-22T01:15:01.720+0800: 20.359: [Rescan (parallel) , 0.0015118 secs]2021-01-22T01:15:01.722+0800: 20.361: [weak refs processing, 0.0003569 secs]2021-01-22T01:15:01.723+0800: 20.361: [class unloading, 0.0006690 secs]2021-01-22T01:15:01.724+0800: 20.362: [scrub symbol table, 0.0009393 secs]2021-01-22T01:15:01.725+0800: 20.364: [scrub string table, 0.0005374 secs][1 CMS-remark: 659084K(699072K)] 711043K(1013632K), 0.0062675 secs] [Times: user=0.01 sys=0.00, real=0.00 secs] 
2021-01-22T01:15:01.727+0800: 20.365: [CMS-concurrent-sweep-start]
2021-01-22T01:15:01.727+0800: 20.366: [CMS-concurrent-sweep: 0.001/0.001 secs] [Times: user=0.00 sys=0.00, real=0.00 secs] 
2021-01-22T01:15:01.728+0800: 20.366: [CMS-concurrent-reset-start]
2021-01-22T01:15:01.728+0800: 20.367: [CMS-concurrent-reset: 0.001/0.001 secs] [Times: user=0.00 sys=0.00, real=0.01 secs] 
2021-01-22T01:15:01.758+0800: 20.397: [GC (Allocation Failure) 2021-01-22T01:15:01.759+0800: 20.397: [ParNew: 314559K->34942K(314560K), 0.0137744 secs] 808726K->609960K(1013632K), 0.0146495 secs] [Times: user=0.11 sys=0.00, real=0.01 secs] 
2021-01-22T01:15:01.774+0800: 20.413: [GC (CMS Initial Mark) [1 CMS-initial-mark: 575017K(699072K)] 616345K(1013632K), 0.0012901 secs] [Times: user=0.00 sys=0.00, real=0.00 secs] 
2021-01-22T01:15:01.776+0800: 20.415: [CMS-concurrent-mark-start]
2021-01-22T01:15:01.778+0800: 20.417: [CMS-concurrent-mark: 0.002/0.002 secs] [Times: user=0.00 sys=0.01, real=0.01 secs] 
2021-01-22T01:15:01.779+0800: 20.417: [CMS-concurrent-preclean-start]
2021-01-22T01:15:01.779+0800: 20.418: [CMS-concurrent-preclean: 0.001/0.001 secs] [Times: user=0.00 sys=0.00, real=0.00 secs] 
2021-01-22T01:15:01.780+0800: 20.418: [CMS-concurrent-abortable-preclean-start]
2021-01-22T01:15:01.811+0800: 20.450: [GC (Allocation Failure) 2021-01-22T01:15:01.811+0800: 20.450: [ParNew: 314558K->34943K(314560K), 0.0149952 secs] 889576K->680873K(1013632K), 0.0157595 secs] [Times: user=0.11 sys=0.00, real=0.01 secs] 
2021-01-22T01:15:01.863+0800: 20.502: [GC (Allocation Failure) 2021-01-22T01:15:01.864+0800: 20.502: [ParNew: 314559K->314559K(314560K), 0.0003252 secs]2021-01-22T01:15:01.864+0800: 20.503: [CMS2021-01-22T01:15:01.864+0800: 20.503: [CMS-concurrent-abortable-preclean: 0.003/0.085 secs] [Times: user=0.18 sys=0.00, real=0.08 secs] 
 (concurrent mode failure): 645929K->378088K(699072K), 0.0497783 secs] 960489K->378088K(1013632K), [Metaspace: 2817K->2817K(1056768K)], 0.0512855 secs] [Times: user=0.05 sys=0.00, real=0.05 secs] 
2021-01-22T01:15:01.949+0800: 20.588: [GC (Allocation Failure) 2021-01-22T01:15:01.950+0800: 20.588: [ParNew: 279616K->34942K(314560K), 0.0113127 secs] 657704K->467390K(1013632K), 0.0123298 secs] [Times: user=0.08 sys=0.00, real=0.01 secs] 
2021-01-22T01:15:01.996+0800: 20.634: [GC (Allocation Failure) 2021-01-22T01:15:01.996+0800: 20.635: [ParNew: 314558K->34943K(314560K), 0.0134167 secs] 747006K->543460K(1013632K), 0.0142787 secs] [Times: user=0.10 sys=0.00, real=0.02 secs] 
2021-01-22T01:15:02.011+0800: 20.650: [GC (CMS Initial Mark) [1 CMS-initial-mark: 508516K(699072K)] 550219K(1013632K), 0.0012232 secs] [Times: user=0.00 sys=0.00, real=0.00 secs] 
2021-01-22T01:15:02.013+0800: 20.652: [CMS-concurrent-mark-start]
2021-01-22T01:15:02.015+0800: 20.653: [CMS-concurrent-mark: 0.002/0.002 secs] [Times: user=0.00 sys=0.00, real=0.00 secs] 
2021-01-22T01:15:02.028+0800: 20.667: [CMS-concurrent-preclean-start]
2021-01-22T01:15:02.029+0800: 20.668: [CMS-concurrent-preclean: 0.001/0.001 secs] [Times: user=0.00 sys=0.00, real=0.00 secs] 
2021-01-22T01:15:02.030+0800: 20.668: [CMS-concurrent-abortable-preclean-start]
2021-01-22T01:15:02.045+0800: 20.684: [GC (Allocation Failure) 2021-01-22T01:15:02.046+0800: 20.684: [ParNew: 314559K->34943K(314560K), 0.0150203 secs] 823076K->623857K(1013632K), 0.0158048 secs] [Times: user=0.10 sys=0.01, real=0.02 secs] 
2021-01-22T01:15:02.093+0800: 20.732: [GC (Allocation Failure) 2021-01-22T01:15:02.094+0800: 20.732: [ParNew: 314559K->34942K(314560K), 0.0154654 secs] 903473K->703992K(1013632K), 0.0161826 secs] [Times: user=0.11 sys=0.00, real=0.02 secs] 
2021-01-22T01:15:02.110+0800: 20.749: [CMS-concurrent-abortable-preclean: 0.003/0.080 secs] [Times: user=0.27 sys=0.01, real=0.08 secs] 
2021-01-22T01:15:02.111+0800: 20.749: [GC (CMS Final Remark) [YG occupancy: 40644 K (314560 K)]2021-01-22T01:15:02.111+0800: 20.750: [Rescan (parallel) , 0.0018554 secs]2021-01-22T01:15:02.114+0800: 20.752: [weak refs processing, 0.0003983 secs]2021-01-22T01:15:02.114+0800: 20.753: [class unloading, 0.0005483 secs]2021-01-22T01:15:02.115+0800: 20.754: [scrub symbol table, 0.0006740 secs]2021-01-22T01:15:02.116+0800: 20.755: [scrub string table, 0.0004569 secs][1 CMS-remark: 669049K(699072K)] 709693K(1013632K), 0.0062965 secs] [Times: user=0.01 sys=0.00, real=0.00 secs] 
2021-01-22T01:15:02.118+0800: 20.757: [CMS-concurrent-sweep-start]
2021-01-22T01:15:02.119+0800: 20.757: [CMS-concurrent-sweep: 0.001/0.001 secs] [Times: user=0.00 sys=0.00, real=0.00 secs] 
2021-01-22T01:15:02.119+0800: 20.758: [CMS-concurrent-reset-start]
2021-01-22T01:15:02.120+0800: 20.758: [CMS-concurrent-reset: 0.000/0.000 secs] [Times: user=0.00 sys=0.00, real=0.00 secs] 
2021-01-22T01:15:02.154+0800: 20.792: [GC (Allocation Failure) 2021-01-22T01:15:02.154+0800: 20.793: [ParNew: 314558K->34942K(314560K), 0.0177161 secs] 824205K->623317K(1013632K), 0.0184248 secs] [Times: user=0.13 sys=0.00, real=0.02 secs] 
2021-01-22T01:15:02.173+0800: 20.812: [GC (CMS Initial Mark) [1 CMS-initial-mark: 588374K(699072K)] 630021K(1013632K), 0.0012217 secs] [Times: user=0.00 sys=0.00, real=0.00 secs] 
2021-01-22T01:15:02.175+0800: 20.814: [CMS-concurrent-mark-start]
2021-01-22T01:15:02.177+0800: 20.816: [CMS-concurrent-mark: 0.002/0.002 secs] [Times: user=0.01 sys=0.00, real=0.00 secs] 
2021-01-22T01:15:02.177+0800: 20.816: [CMS-concurrent-preclean-start]
2021-01-22T01:15:02.179+0800: 20.817: [CMS-concurrent-preclean: 0.001/0.001 secs] [Times: user=0.00 sys=0.00, real=0.01 secs] 
2021-01-22T01:15:02.179+0800: 20.817: [CMS-concurrent-abortable-preclean-start]
2021-01-22T01:15:02.213+0800: 20.851: [GC (Allocation Failure) 2021-01-22T01:15:02.213+0800: 20.852: [ParNew: 314558K->34943K(314560K), 0.0158758 secs] 902933K->695540K(1013632K), 0.0164847 secs] [Times: user=0.12 sys=0.00, real=0.02 secs] 
2021-01-22T01:15:02.232+0800: 20.870: [CMS-concurrent-abortable-preclean: 0.002/0.053 secs] [Times: user=0.16 sys=0.00, real=0.05 secs] 
2021-01-22T01:15:02.232+0800: 20.871: [GC (CMS Final Remark) [YG occupancy: 58441 K (314560 K)]2021-01-22T01:15:02.233+0800: 20.871: [Rescan (parallel) , 0.0065547 secs]2021-01-22T01:15:02.239+0800: 20.878: [weak refs processing, 0.0002937 secs]2021-01-22T01:15:02.240+0800: 20.878: [class unloading, 0.0004764 secs]2021-01-22T01:15:02.241+0800: 20.879: [scrub symbol table, 0.0005502 secs]2021-01-22T01:15:02.241+0800: 20.880: [scrub string table, 0.0004648 secs][1 CMS-remark: 660596K(699072K)] 719038K(1013632K), 0.0099066 secs] [Times: user=0.03 sys=0.02, real=0.01 secs] 
2021-01-22T01:15:02.243+0800: 20.881: [CMS-concurrent-sweep-start]
2021-01-22T01:15:02.244+0800: 20.882: [CMS-concurrent-sweep: 0.001/0.001 secs] [Times: user=0.00 sys=0.00, real=0.00 secs] 
2021-01-22T01:15:02.244+0800: 20.883: [CMS-concurrent-reset-start]
2021-01-22T01:15:02.245+0800: 20.883: [CMS-concurrent-reset: 0.000/0.000 secs] [Times: user=0.00 sys=0.00, real=0.00 secs] 
2021-01-22T01:15:02.272+0800: 20.911: [GC (Allocation Failure) 2021-01-22T01:15:02.273+0800: 20.911: [ParNew: 314559K->34943K(314560K), 0.0140087 secs] 739084K->539384K(1013632K), 0.0147526 secs] [Times: user=0.11 sys=0.00, real=0.01 secs] 
2021-01-22T01:15:02.288+0800: 20.927: [GC (CMS Initial Mark) [1 CMS-initial-mark: 504441K(699072K)] 545944K(1013632K), 0.0012163 secs] [Times: user=0.00 sys=0.00, real=0.01 secs] 
2021-01-22T01:15:02.290+0800: 20.928: [CMS-concurrent-mark-start]
2021-01-22T01:15:02.292+0800: 20.930: [CMS-concurrent-mark: 0.002/0.002 secs] [Times: user=0.00 sys=0.00, real=0.00 secs] 
2021-01-22T01:15:02.292+0800: 20.931: [CMS-concurrent-preclean-start]
2021-01-22T01:15:02.293+0800: 20.932: [CMS-concurrent-preclean: 0.001/0.001 secs] [Times: user=0.01 sys=0.00, real=0.00 secs] 
2021-01-22T01:15:02.294+0800: 20.932: [CMS-concurrent-abortable-preclean-start]
2021-01-22T01:15:02.326+0800: 20.965: [GC (Allocation Failure) 2021-01-22T01:15:02.326+0800: 20.965: [ParNew: 314559K->34943K(314560K), 0.0216763 secs] 819000K->616934K(1013632K), 0.0223364 secs] [Times: user=0.16 sys=0.01, real=0.03 secs] 
2021-01-22T01:15:02.387+0800: 21.025: [GC (Allocation Failure) 2021-01-22T01:15:02.387+0800: 21.026: [ParNew: 314559K->34943K(314560K), 0.0177084 secs] 896550K->693137K(1013632K), 0.0183326 secs] [Times: user=0.13 sys=0.00, real=0.02 secs] 
2021-01-22T01:15:02.407+0800: 21.046: [CMS-concurrent-abortable-preclean: 0.006/0.114 secs] [Times: user=0.36 sys=0.01, real=0.11 secs] 
2021-01-22T01:15:02.408+0800: 21.047: [GC (CMS Final Remark) [YG occupancy: 53989 K (314560 K)]2021-01-22T01:15:02.408+0800: 21.047: [Rescan (parallel) , 0.0012656 secs]2021-01-22T01:15:02.410+0800: 21.048: [weak refs processing, 0.0001807 secs]2021-01-22T01:15:02.410+0800: 21.049: [class unloading, 0.0003393 secs]2021-01-22T01:15:02.411+0800: 21.049: [scrub symbol table, 0.0005371 secs]2021-01-22T01:15:02.411+0800: 21.050: [scrub string table, 0.0002822 secs][1 CMS-remark: 658194K(699072K)] 712183K(1013632K), 0.0037902 secs] [Times: user=0.00 sys=0.00, real=0.01 secs] 
2021-01-22T01:15:02.412+0800: 21.051: [CMS-concurrent-sweep-start]
2021-01-22T01:15:02.414+0800: 21.052: [CMS-concurrent-sweep: 0.001/0.001 secs] [Times: user=0.00 sys=0.00, real=0.00 secs] 
2021-01-22T01:15:02.414+0800: 21.053: [CMS-concurrent-reset-start]
2021-01-22T01:15:02.415+0800: 21.053: [CMS-concurrent-reset: 0.001/0.001 secs] [Times: user=0.00 sys=0.00, real=0.00 secs] 
2021-01-22T01:15:02.445+0800: 21.084: [GC (Allocation Failure) 2021-01-22T01:15:02.445+0800: 21.084: [ParNew: 314559K->34943K(314560K), 0.0190899 secs] 810356K->611114K(1013632K), 0.0196766 secs] [Times: user=0.14 sys=0.00, real=0.02 secs] 
2021-01-22T01:15:02.465+0800: 21.104: [GC (CMS Initial Mark) [1 CMS-initial-mark: 576170K(699072K)] 617422K(1013632K), 0.0007173 secs] [Times: user=0.00 sys=0.00, real=0.00 secs] 
2021-01-22T01:15:02.467+0800: 21.105: [CMS-concurrent-mark-start]
2021-01-22T01:15:02.469+0800: 21.107: [CMS-concurrent-mark: 0.002/0.002 secs] [Times: user=0.01 sys=0.00, real=0.01 secs] 
2021-01-22T01:15:02.469+0800: 21.107: [CMS-concurrent-preclean-start]
2021-01-22T01:15:02.470+0800: 21.108: [CMS-concurrent-preclean: 0.001/0.001 secs] [Times: user=0.00 sys=0.00, real=0.00 secs] 
2021-01-22T01:15:02.470+0800: 21.109: [CMS-concurrent-abortable-preclean-start]
2021-01-22T01:15:02.498+0800: 21.136: [GC (Allocation Failure) 2021-01-22T01:15:02.498+0800: 21.137: [ParNew: 314559K->34943K(314560K), 0.0142749 secs] 890730K->685176K(1013632K), 0.0148154 secs] [Times: user=0.11 sys=0.00, real=0.02 secs] 
2021-01-22T01:15:02.548+0800: 21.187: [GC (Allocation Failure) 2021-01-22T01:15:02.549+0800: 21.187: [ParNew: 314559K->314559K(314560K), 0.0001988 secs]2021-01-22T01:15:02.549+0800: 21.188: [CMS2021-01-22T01:15:02.549+0800: 21.188: [CMS-concurrent-abortable-preclean: 0.003/0.079 secs] [Times: user=0.18 sys=0.00, real=0.08 secs] 
 (concurrent mode failure): 650232K->367636K(699072K), 0.0583987 secs] 964792K->367636K(1013632K), [Metaspace: 2817K->2817K(1056768K)], 0.0594902 secs] [Times: user=0.05 sys=0.00, real=0.05 secs] 
2021-01-22T01:15:02.648+0800: 21.286: [GC (Allocation Failure) 2021-01-22T01:15:02.649+0800: 21.288: [ParNew: 279616K->34943K(314560K), 0.0150537 secs] 647252K->454328K(1013632K), 0.0166943 secs] [Times: user=0.11 sys=0.00, real=0.02 secs] 
2021-01-22T01:15:02.704+0800: 21.343: [GC (Allocation Failure) 2021-01-22T01:15:02.705+0800: 21.343: [ParNew: 314559K->34942K(314560K), 0.0156532 secs] 733944K->535347K(1013632K), 0.0163853 secs] [Times: user=0.12 sys=0.00, real=0.02 secs] 
2021-01-22T01:15:02.721+0800: 21.360: [GC (CMS Initial Mark) [1 CMS-initial-mark: 500405K(699072K)] 541310K(1013632K), 0.0010023 secs] [Times: user=0.00 sys=0.00, real=0.00 secs] 
2021-01-22T01:15:02.723+0800: 21.362: [CMS-concurrent-mark-start]
2021-01-22T01:15:02.725+0800: 21.363: [CMS-concurrent-mark: 0.002/0.002 secs] [Times: user=0.01 sys=0.00, real=0.00 secs] 
2021-01-22T01:15:02.725+0800: 21.364: [CMS-concurrent-preclean-start]
2021-01-22T01:15:02.726+0800: 21.365: [CMS-concurrent-preclean: 0.001/0.001 secs] [Times: user=0.00 sys=0.00, real=0.00 secs] 
2021-01-22T01:15:02.726+0800: 21.365: [CMS-concurrent-abortable-preclean-start]
2021-01-22T01:15:02.756+0800: 21.395: [GC (Allocation Failure) 2021-01-22T01:15:02.757+0800: 21.395: [ParNew: 314558K->34943K(314560K), 0.0150507 secs] 814963K->614281K(1013632K), 0.0158377 secs] [Times: user=0.11 sys=0.00, real=0.02 secs] 
2021-01-22T01:15:02.812+0800: 21.450: [GC (Allocation Failure) 2021-01-22T01:15:02.812+0800: 21.451: [ParNew: 314559K->34941K(314560K), 0.0164414 secs] 893897K->696562K(1013632K), 0.0172957 secs] [Times: user=0.12 sys=0.00, real=0.02 secs] 
2021-01-22T01:15:02.831+0800: 21.469: [CMS-concurrent-abortable-preclean: 0.004/0.105 secs] [Times: user=0.31 sys=0.00, real=0.11 secs] 
2021-01-22T01:15:02.832+0800: 21.470: [GC (CMS Final Remark) [YG occupancy: 52637 K (314560 K)]2021-01-22T01:15:02.832+0800: 21.471: [Rescan (parallel) , 0.0018598 secs]2021-01-22T01:15:02.834+0800: 21.473: [weak refs processing, 0.0003656 secs]2021-01-22T01:15:02.835+0800: 21.474: [class unloading, 0.0005391 secs]2021-01-22T01:15:02.836+0800: 21.474: [scrub symbol table, 0.0005984 secs]2021-01-22T01:15:02.837+0800: 21.475: [scrub string table, 0.0005586 secs][1 CMS-remark: 661620K(699072K)] 714257K(1013632K), 0.0060182 secs] [Times: user=0.01 sys=0.00, real=0.00 secs] 
2021-01-22T01:15:02.839+0800: 21.477: [CMS-concurrent-sweep-start]
2021-01-22T01:15:02.840+0800: 21.478: [CMS-concurrent-sweep: 0.001/0.001 secs] [Times: user=0.00 sys=0.00, real=0.00 secs] 
2021-01-22T01:15:02.840+0800: 21.478: [CMS-concurrent-reset-start]
2021-01-22T01:15:02.841+0800: 21.479: [CMS-concurrent-reset: 0.001/0.001 secs] [Times: user=0.00 sys=0.00, real=0.00 secs] 
2021-01-22T01:15:02.869+0800: 21.508: [GC (Allocation Failure) 2021-01-22T01:15:02.870+0800: 21.508: [ParNew: 314557K->34943K(314560K), 0.0144600 secs] 800013K->599074K(1013632K), 0.0151946 secs] [Times: user=0.11 sys=0.00, real=0.01 secs] 
2021-01-22T01:15:02.885+0800: 21.524: [GC (CMS Initial Mark) [1 CMS-initial-mark: 564130K(699072K)] 605907K(1013632K), 0.0011547 secs] [Times: user=0.01 sys=0.00, real=0.00 secs] 
2021-01-22T01:15:02.887+0800: 21.526: [CMS-concurrent-mark-start]
2021-01-22T01:15:02.890+0800: 21.528: [CMS-concurrent-mark: 0.003/0.003 secs] [Times: user=0.00 sys=0.00, real=0.01 secs] 
2021-01-22T01:15:02.890+0800: 21.529: [CMS-concurrent-preclean-start]
2021-01-22T01:15:02.891+0800: 21.529: [CMS-concurrent-preclean: 0.001/0.001 secs] [Times: user=0.00 sys=0.00, real=0.00 secs] 
2021-01-22T01:15:02.891+0800: 21.530: [CMS-concurrent-abortable-preclean-start]
2021-01-22T01:15:02.918+0800: 21.557: [GC (Allocation Failure) 2021-01-22T01:15:02.919+0800: 21.557: [ParNew: 314559K->34943K(314560K), 0.0162149 secs] 878690K->685568K(1013632K), 0.0171637 secs] [Times: user=0.12 sys=0.00, real=0.01 secs] 
2021-01-22T01:15:02.969+0800: 21.608: [GC (Allocation Failure) 2021-01-22T01:15:02.969+0800: 21.608: [ParNew: 314559K->314559K(314560K), 0.0003134 secs]2021-01-22T01:15:02.970+0800: 21.609: [CMS2021-01-22T01:15:02.970+0800: 21.609: [CMS-concurrent-abortable-preclean: 0.003/0.079 secs] [Times: user=0.19 sys=0.00, real=0.08 secs] 
 (concurrent mode failure): 650624K->378424K(699072K), 0.0493250 secs] 965184K->378424K(1013632K), [Metaspace: 2817K->2817K(1056768K)], 0.0506694 secs] [Times: user=0.05 sys=0.00, real=0.05 secs] 
2021-01-22T01:15:03.055+0800: 21.693: [GC (Allocation Failure) 2021-01-22T01:15:03.055+0800: 21.694: [ParNew: 279616K->34942K(314560K), 0.0116637 secs] 658040K->462239K(1013632K), 0.0127407 secs] [Times: user=0.09 sys=0.00, real=0.01 secs] 
2021-01-22T01:15:03.102+0800: 21.741: [GC (Allocation Failure) 2021-01-22T01:15:03.103+0800: 21.741: [ParNew: 314214K->34942K(314560K), 0.0202425 secs] 741511K->545725K(1013632K), 0.0208881 secs] [Times: user=0.15 sys=0.00, real=0.02 secs] 
2021-01-22T01:15:03.124+0800: 21.763: [GC (CMS Initial Mark) [1 CMS-initial-mark: 510783K(699072K)] 552055K(1013632K), 0.0010642 secs] [Times: user=0.00 sys=0.00, real=0.00 secs] 
2021-01-22T01:15:03.126+0800: 21.764: [CMS-concurrent-mark-start]
2021-01-22T01:15:03.128+0800: 21.766: [CMS-concurrent-mark: 0.002/0.002 secs] [Times: user=0.01 sys=0.00, real=0.00 secs] 
2021-01-22T01:15:03.128+0800: 21.767: [CMS-concurrent-preclean-start]
2021-01-22T01:15:03.129+0800: 21.768: [CMS-concurrent-preclean: 0.001/0.001 secs] [Times: user=0.00 sys=0.00, real=0.00 secs] 
2021-01-22T01:15:03.130+0800: 21.768: [CMS-concurrent-abortable-preclean-start]
2021-01-22T01:15:03.163+0800: 21.802: [GC (Allocation Failure) 2021-01-22T01:15:03.163+0800: 21.802: [ParNew: 314558K->34943K(314560K), 0.0152416 secs] 825341K->625839K(1013632K), 0.0160078 secs] [Times: user=0.11 sys=0.00, real=0.02 secs] 
2021-01-22T01:15:03.214+0800: 21.853: [GC (Allocation Failure) 2021-01-22T01:15:03.214+0800: 21.853: [ParNew: 314559K->34943K(314560K), 0.0137943 secs] 905455K->701160K(1013632K), 0.0144845 secs] [Times: user=0.09 sys=0.01, real=0.02 secs] 
2021-01-22T01:15:03.229+0800: 21.868: [CMS-concurrent-abortable-preclean: 0.003/0.099 secs] [Times: user=0.28 sys=0.01, real=0.10 secs] 
2021-01-22T01:15:03.230+0800: 21.868: [GC (CMS Final Remark) [YG occupancy: 41147 K (314560 K)]2021-01-22T01:15:03.230+0800: 21.868: [Rescan (parallel) , 0.0012153 secs]2021-01-22T01:15:03.231+0800: 21.870: [weak refs processing, 0.0002289 secs]2021-01-22T01:15:03.232+0800: 21.870: [class unloading, 0.0003882 secs]2021-01-22T01:15:03.232+0800: 21.871: [scrub symbol table, 0.0004576 secs]2021-01-22T01:15:03.233+0800: 21.871: [scrub string table, 0.0003404 secs][1 CMS-remark: 666216K(699072K)] 707364K(1013632K), 0.0037337 secs] [Times: user=0.01 sys=0.00, real=0.00 secs] 
2021-01-22T01:15:03.234+0800: 21.872: [CMS-concurrent-sweep-start]
2021-01-22T01:15:03.235+0800: 21.873: [CMS-concurrent-sweep: 0.001/0.001 secs] [Times: user=0.00 sys=0.00, real=0.00 secs] 
2021-01-22T01:15:03.235+0800: 21.873: [CMS-concurrent-reset-start]
2021-01-22T01:15:03.236+0800: 21.874: [CMS-concurrent-reset: 0.001/0.001 secs] [Times: user=0.00 sys=0.00, real=0.00 secs] 
2021-01-22T01:15:03.267+0800: 21.906: [GC (Allocation Failure) 2021-01-22T01:15:03.268+0800: 21.906: [ParNew: 314559K->34943K(314560K), 0.0157500 secs] 827129K->630204K(1013632K), 0.0163034 secs] [Times: user=0.11 sys=0.01, real=0.02 secs] 
2021-01-22T01:15:03.284+0800: 21.923: [GC (CMS Initial Mark) [1 CMS-initial-mark: 595261K(699072K)] 635939K(1013632K), 0.0008886 secs] [Times: user=0.00 sys=0.00, real=0.00 secs] 
2021-01-22T01:15:03.286+0800: 21.924: [CMS-concurrent-mark-start]
2021-01-22T01:15:03.288+0800: 21.926: [CMS-concurrent-mark: 0.002/0.002 secs] [Times: user=0.01 sys=0.00, real=0.00 secs] 
2021-01-22T01:15:03.288+0800: 21.927: [CMS-concurrent-preclean-start]
2021-01-22T01:15:03.289+0800: 21.927: [CMS-concurrent-preclean: 0.001/0.001 secs] [Times: user=0.00 sys=0.00, real=0.01 secs] 
2021-01-22T01:15:03.289+0800: 21.928: [CMS-concurrent-abortable-preclean-start]
2021-01-22T01:15:03.321+0800: 21.959: [GC (Allocation Failure) 2021-01-22T01:15:03.321+0800: 21.960: [ParNew: 314389K->34943K(314560K), 0.0176210 secs] 909650K->714322K(1013632K), 0.0183244 secs] [Times: user=0.12 sys=0.01, real=0.02 secs] 
2021-01-22T01:15:03.340+0800: 21.978: [CMS-concurrent-abortable-preclean: 0.001/0.050 secs] [Times: user=0.16 sys=0.01, real=0.05 secs] 
2021-01-22T01:15:03.340+0800: 21.979: [GC (CMS Final Remark) [YG occupancy: 41386 K (314560 K)]2021-01-22T01:15:03.341+0800: 21.979: [Rescan (parallel) , 0.0010622 secs]2021-01-22T01:15:03.342+0800: 21.980: [weak refs processing, 0.0002683 secs]2021-01-22T01:15:03.342+0800: 21.981: [class unloading, 0.0004532 secs]2021-01-22T01:15:03.343+0800: 21.982: [scrub symbol table, 0.0005350 secs]2021-01-22T01:15:03.344+0800: 21.982: [scrub string table, 0.0003823 secs][1 CMS-remark: 679379K(699072K)] 720765K(1013632K), 0.0041582 secs] [Times: user=0.01 sys=0.00, real=0.00 secs] 
2021-01-22T01:15:03.345+0800: 21.983: [CMS-concurrent-sweep-start]
2021-01-22T01:15:03.346+0800: 21.984: [CMS-concurrent-sweep: 0.001/0.001 secs] [Times: user=0.00 sys=0.00, real=0.00 secs] 
2021-01-22T01:15:03.346+0800: 21.985: [CMS-concurrent-reset-start]
2021-01-22T01:15:03.347+0800: 21.985: [CMS-concurrent-reset: 0.001/0.001 secs] [Times: user=0.00 sys=0.00, real=0.00 secs] 
2021-01-22T01:15:03.379+0800: 22.017: [GC (Allocation Failure) 2021-01-22T01:15:03.379+0800: 22.018: [ParNew: 314559K->34943K(314560K), 0.0158561 secs] 757969K->559551K(1013632K), 0.0164263 secs] [Times: user=0.12 sys=0.00, real=0.01 secs] 
2021-01-22T01:15:03.396+0800: 22.035: [GC (CMS Initial Mark) [1 CMS-initial-mark: 524607K(699072K)] 565692K(1013632K), 0.0009499 secs] [Times: user=0.00 sys=0.00, real=0.00 secs] 
2021-01-22T01:15:03.397+0800: 22.036: [CMS-concurrent-mark-start]
2021-01-22T01:15:03.400+0800: 22.038: [CMS-concurrent-mark: 0.002/0.002 secs] [Times: user=0.01 sys=0.00, real=0.01 secs] 
2021-01-22T01:15:03.400+0800: 22.039: [CMS-concurrent-preclean-start]
2021-01-22T01:15:03.401+0800: 22.039: [CMS-concurrent-preclean: 0.001/0.001 secs] [Times: user=0.00 sys=0.00, real=0.00 secs] 
2021-01-22T01:15:03.401+0800: 22.040: [CMS-concurrent-abortable-preclean-start]
2021-01-22T01:15:03.430+0800: 22.069: [GC (Allocation Failure) 2021-01-22T01:15:03.431+0800: 22.069: [ParNew: 314559K->34943K(314560K), 0.0143533 secs] 839167K->637142K(1013632K), 0.0150258 secs] [Times: user=0.11 sys=0.00, real=0.01 secs] 
2021-01-22T01:15:03.482+0800: 22.121: [GC (Allocation Failure) 2021-01-22T01:15:03.483+0800: 22.121: [ParNew: 314559K->34944K(314560K), 0.0175381 secs] 916758K->712585K(1013632K), 0.0182350 secs] [Times: user=0.14 sys=0.00, real=0.02 secs] 
2021-01-22T01:15:03.501+0800: 22.140: [CMS-concurrent-abortable-preclean: 0.003/0.100 secs] [Times: user=0.32 sys=0.00, real=0.10 secs] 
2021-01-22T01:15:03.502+0800: 22.140: [GC (CMS Final Remark) [YG occupancy: 40936 K (314560 K)]2021-01-22T01:15:03.502+0800: 22.140: [Rescan (parallel) , 0.0013865 secs]2021-01-22T01:15:03.504+0800: 22.142: [weak refs processing, 0.0003065 secs]2021-01-22T01:15:03.504+0800: 22.143: [class unloading, 0.0004969 secs]2021-01-22T01:15:03.505+0800: 22.143: [scrub symbol table, 0.0005647 secs]2021-01-22T01:15:03.506+0800: 22.144: [scrub string table, 0.0003371 secs][1 CMS-remark: 677641K(699072K)] 718577K(1013632K), 0.0045976 secs] [Times: user=0.00 sys=0.00, real=0.00 secs] 
2021-01-22T01:15:03.507+0800: 22.145: [CMS-concurrent-sweep-start]
2021-01-22T01:15:03.508+0800: 22.146: [CMS-concurrent-sweep: 0.001/0.001 secs] [Times: user=0.00 sys=0.00, real=0.00 secs] 
2021-01-22T01:15:03.508+0800: 22.147: [CMS-concurrent-reset-start]
2021-01-22T01:15:03.509+0800: 22.147: [CMS-concurrent-reset: 0.001/0.001 secs] [Times: user=0.00 sys=0.00, real=0.00 secs] 
2021-01-22T01:15:03.541+0800: 22.179: [GC (Allocation Failure) 2021-01-22T01:15:03.541+0800: 22.180: [ParNew: 314560K->34942K(314560K), 0.0146560 secs] 827187K->627290K(1013632K), 0.0153583 secs] [Times: user=0.11 sys=0.00, real=0.01 secs] 
2021-01-22T01:15:03.557+0800: 22.196: [GC (CMS Initial Mark) [1 CMS-initial-mark: 592348K(699072K)] 633260K(1013632K), 0.0008723 secs] [Times: user=0.00 sys=0.00, real=0.01 secs] 
2021-01-22T01:15:03.558+0800: 22.197: [CMS-concurrent-mark-start]
2021-01-22T01:15:03.561+0800: 22.199: [CMS-concurrent-mark: 0.002/0.002 secs] [Times: user=0.01 sys=0.00, real=0.00 secs] 
2021-01-22T01:15:03.561+0800: 22.200: [CMS-concurrent-preclean-start]
2021-01-22T01:15:03.562+0800: 22.200: [CMS-concurrent-preclean: 0.001/0.001 secs] [Times: user=0.00 sys=0.00, real=0.00 secs] 
2021-01-22T01:15:03.562+0800: 22.201: [CMS-concurrent-abortable-preclean-start]
2021-01-22T01:15:03.591+0800: 22.230: [GC (Allocation Failure) 2021-01-22T01:15:03.592+0800: 22.230: [ParNew: 314558K->34943K(314560K), 0.0149578 secs] 906906K->712287K(1013632K), 0.0155374 secs] [Times: user=0.11 sys=0.00, real=0.01 secs] 
2021-01-22T01:15:03.607+0800: 22.246: [CMS-concurrent-abortable-preclean: 0.001/0.045 secs] [Times: user=0.14 sys=0.00, real=0.04 secs] 
2021-01-22T01:15:03.608+0800: 22.246: [GC (CMS Final Remark) [YG occupancy: 40739 K (314560 K)]2021-01-22T01:15:03.608+0800: 22.246: [Rescan (parallel) , 0.0009168 secs]2021-01-22T01:15:03.609+0800: 22.247: [weak refs processing, 0.0002204 secs]2021-01-22T01:15:03.609+0800: 22.248: [class unloading, 0.0003196 secs]2021-01-22T01:15:03.610+0800: 22.248: [scrub symbol table, 0.0004612 secs]2021-01-22T01:15:03.610+0800: 22.249: [scrub string table, 0.0003002 secs][1 CMS-remark: 677344K(699072K)] 718084K(1013632K), 0.0031356 secs] [Times: user=0.00 sys=0.00, real=0.01 secs] 
2021-01-22T01:15:03.611+0800: 22.250: [CMS-concurrent-sweep-start]
2021-01-22T01:15:03.612+0800: 22.251: [CMS-concurrent-sweep: 0.001/0.001 secs] [Times: user=0.00 sys=0.01, real=0.00 secs] 
2021-01-22T01:15:03.613+0800: 22.251: [CMS-concurrent-reset-start]
2021-01-22T01:15:03.613+0800: 22.252: [CMS-concurrent-reset: 0.000/0.000 secs] [Times: user=0.00 sys=0.00, real=0.00 secs] 
2021-01-22T01:15:03.643+0800: 22.281: [GC (Allocation Failure) 2021-01-22T01:15:03.643+0800: 22.282: [ParNew: 314559K->34943K(314560K), 0.0187011 secs] 745477K->541828K(1013632K), 0.0193004 secs] [Times: user=0.15 sys=0.00, real=0.02 secs] 
2021-01-22T01:15:03.663+0800: 22.301: [GC (CMS Initial Mark) [1 CMS-initial-mark: 506884K(699072K)] 548332K(1013632K), 0.0006212 secs] [Times: user=0.00 sys=0.00, real=0.00 secs] 
2021-01-22T01:15:03.664+0800: 22.302: [CMS-concurrent-mark-start]
2021-01-22T01:15:03.666+0800: 22.304: [CMS-concurrent-mark: 0.002/0.002 secs] [Times: user=0.00 sys=0.00, real=0.00 secs] 
2021-01-22T01:15:03.666+0800: 22.305: [CMS-concurrent-preclean-start]
2021-01-22T01:15:03.667+0800: 22.305: [CMS-concurrent-preclean: 0.001/0.001 secs] [Times: user=0.00 sys=0.00, real=0.00 secs] 
2021-01-22T01:15:03.667+0800: 22.306: [CMS-concurrent-abortable-preclean-start]
2021-01-22T01:15:03.698+0800: 22.337: [GC (Allocation Failure) 2021-01-22T01:15:03.698+0800: 22.337: [ParNew: 314559K->34943K(314560K), 0.0166954 secs] 821444K->625519K(1013632K), 0.0172751 secs] [Times: user=0.11 sys=0.01, real=0.02 secs] 
2021-01-22T01:15:03.747+0800: 22.385: [GC (Allocation Failure) 2021-01-22T01:15:03.747+0800: 22.385: [ParNew: 314559K->34943K(314560K), 0.0147335 secs] 905135K->708713K(1013632K), 0.0152886 secs] [Times: user=0.12 sys=0.00, real=0.02 secs] 
2021-01-22T01:15:03.762+0800: 22.401: [CMS-concurrent-abortable-preclean: 0.003/0.095 secs] [Times: user=0.30 sys=0.01, real=0.10 secs] 
2021-01-22T01:15:03.763+0800: 22.401: [GC (CMS Final Remark) [YG occupancy: 40880 K (314560 K)]2021-01-22T01:15:03.763+0800: 22.402: [Rescan (parallel) , 0.0011283 secs]2021-01-22T01:15:03.765+0800: 22.403: [weak refs processing, 0.0002304 secs]2021-01-22T01:15:03.765+0800: 22.404: [class unloading, 0.0004243 secs]2021-01-22T01:15:03.766+0800: 22.404: [scrub symbol table, 0.0004239 secs]2021-01-22T01:15:03.766+0800: 22.405: [scrub string table, 0.0002658 secs][1 CMS-remark: 673769K(699072K)] 714650K(1013632K), 0.0038861 secs] [Times: user=0.00 sys=0.00, real=0.00 secs] 
2021-01-22T01:15:03.767+0800: 22.406: [CMS-concurrent-sweep-start]
2021-01-22T01:15:03.768+0800: 22.407: [CMS-concurrent-sweep: 0.001/0.001 secs] [Times: user=0.00 sys=0.00, real=0.01 secs] 
2021-01-22T01:15:03.769+0800: 22.407: [CMS-concurrent-reset-start]
2021-01-22T01:15:03.769+0800: 22.408: [CMS-concurrent-reset: 0.000/0.000 secs] [Times: user=0.00 sys=0.00, real=0.00 secs] 
2021-01-22T01:15:03.800+0800: 22.438: [GC (Allocation Failure) 2021-01-22T01:15:03.800+0800: 22.439: [ParNew: 314559K->34943K(314560K), 0.0156967 secs] 815850K->614268K(1013632K), 0.0164812 secs] [Times: user=0.11 sys=0.00, real=0.01 secs] 
2021-01-22T01:15:03.817+0800: 22.455: [GC (CMS Initial Mark) [1 CMS-initial-mark: 579325K(699072K)] 614556K(1013632K), 0.0010941 secs] [Times: user=0.00 sys=0.00, real=0.01 secs] 
2021-01-22T01:15:03.818+0800: 22.457: [CMS-concurrent-mark-start]
2021-01-22T01:15:03.820+0800: 22.459: [CMS-concurrent-mark: 0.002/0.002 secs] [Times: user=0.00 sys=0.00, real=0.00 secs] 
2021-01-22T01:15:03.821+0800: 22.460: [CMS-concurrent-preclean-start]
2021-01-22T01:15:03.822+0800: 22.460: [CMS-concurrent-preclean: 0.001/0.001 secs] [Times: user=0.00 sys=0.00, real=0.00 secs] 
2021-01-22T01:15:03.822+0800: 22.461: [CMS-concurrent-abortable-preclean-start]
2021-01-22T01:15:03.850+0800: 22.489: [GC (Allocation Failure) 2021-01-22T01:15:03.851+0800: 22.489: [ParNew: 314559K->34943K(314560K), 0.0143537 secs] 893884K->694392K(1013632K), 0.0150542 secs] [Times: user=0.11 sys=0.00, real=0.01 secs] 
2021-01-22T01:15:03.867+0800: 22.506: [CMS-concurrent-abortable-preclean: 0.002/0.045 secs] [Times: user=0.14 sys=0.00, real=0.04 secs] 
2021-01-22T01:15:03.868+0800: 22.507: [GC (CMS Final Remark) [YG occupancy: 55364 K (314560 K)]2021-01-22T01:15:03.868+0800: 22.507: [Rescan (parallel) , 0.0010329 secs]2021-01-22T01:15:03.870+0800: 22.508: [weak refs processing, 0.0002581 secs]2021-01-22T01:15:03.870+0800: 22.509: [class unloading, 0.0003900 secs]2021-01-22T01:15:03.871+0800: 22.509: [scrub symbol table, 0.0004945 secs]2021-01-22T01:15:03.871+0800: 22.510: [scrub string table, 0.0003442 secs][1 CMS-remark: 659449K(699072K)] 714813K(1013632K), 0.0038337 secs] [Times: user=0.00 sys=0.00, real=0.01 secs] 
2021-01-22T01:15:03.873+0800: 22.511: [CMS-concurrent-sweep-start]
2021-01-22T01:15:03.874+0800: 22.512: [CMS-concurrent-sweep: 0.001/0.001 secs] [Times: user=0.00 sys=0.00, real=0.00 secs] 
2021-01-22T01:15:03.874+0800: 22.513: [CMS-concurrent-reset-start]
2021-01-22T01:15:03.875+0800: 22.513: [CMS-concurrent-reset: 0.001/0.001 secs] [Times: user=0.01 sys=0.00, real=0.00 secs] 
2021-01-22T01:15:03.904+0800: 22.542: [GC (Allocation Failure) 2021-01-22T01:15:03.904+0800: 22.543: [ParNew: 314559K->34943K(314560K), 0.0141305 secs] 737945K->531266K(1013632K), 0.0147622 secs] [Times: user=0.09 sys=0.01, real=0.02 secs] 
2021-01-22T01:15:03.919+0800: 22.558: [GC (CMS Initial Mark) [1 CMS-initial-mark: 496322K(699072K)] 537585K(1013632K), 0.0008800 secs] [Times: user=0.00 sys=0.00, real=0.00 secs] 
2021-01-22T01:15:03.920+0800: 22.559: [CMS-concurrent-mark-start]
2021-01-22T01:15:03.922+0800: 22.561: [CMS-concurrent-mark: 0.002/0.002 secs] [Times: user=0.01 sys=0.00, real=0.00 secs] 
2021-01-22T01:15:03.923+0800: 22.561: [CMS-concurrent-preclean-start]
2021-01-22T01:15:03.923+0800: 22.562: [CMS-concurrent-preclean: 0.001/0.001 secs] [Times: user=0.00 sys=0.00, real=0.00 secs] 
2021-01-22T01:15:03.924+0800: 22.562: [CMS-concurrent-abortable-preclean-start]
2021-01-22T01:15:03.952+0800: 22.590: [GC (Allocation Failure) 2021-01-22T01:15:03.952+0800: 22.591: [ParNew: 314559K->34942K(314560K), 0.0153176 secs] 810882K->617216K(1013632K), 0.0161565 secs] [Times: user=0.11 sys=0.00, real=0.01 secs] 
2021-01-22T01:15:03.999+0800: 22.638: [GC (Allocation Failure) 2021-01-22T01:15:04.000+0800: 22.638: [ParNew: 314558K->34943K(314560K), 0.0153201 secs] 896832K->691942K(1013632K), 0.0162827 secs] [Times: user=0.11 sys=0.00, real=0.01 secs] 
2021-01-22T01:15:04.018+0800: 22.656: [CMS-concurrent-abortable-preclean: 0.004/0.094 secs] [Times: user=0.29 sys=0.00, real=0.09 secs] 
2021-01-22T01:15:04.018+0800: 22.657: [GC (CMS Final Remark) [YG occupancy: 54040 K (314560 K)]2021-01-22T01:15:04.018+0800: 22.657: [Rescan (parallel) , 0.0009355 secs]2021-01-22T01:15:04.020+0800: 22.658: [weak refs processing, 0.0003841 secs]2021-01-22T01:15:04.020+0800: 22.659: [class unloading, 0.0004700 secs]2021-01-22T01:15:04.021+0800: 22.660: [scrub symbol table, 0.0006019 secs]2021-01-22T01:15:04.022+0800: 22.661: [scrub string table, 0.0004170 secs][1 CMS-remark: 656998K(699072K)] 711038K(1013632K), 0.0045341 secs] [Times: user=0.01 sys=0.00, real=0.01 secs] 
2021-01-22T01:15:04.023+0800: 22.662: [CMS-concurrent-sweep-start]
2021-01-22T01:15:04.025+0800: 22.663: [CMS-concurrent-sweep: 0.001/0.001 secs] [Times: user=0.00 sys=0.00, real=0.00 secs] 
2021-01-22T01:15:04.025+0800: 22.664: [CMS-concurrent-reset-start]
2021-01-22T01:15:04.025+0800: 22.664: [CMS-concurrent-reset: 0.000/0.000 secs] [Times: user=0.00 sys=0.00, real=0.00 secs] 
2021-01-22T01:15:04.055+0800: 22.694: [GC (Allocation Failure) 2021-01-22T01:15:04.055+0800: 22.694: [ParNew: 314559K->34943K(314560K), 0.0168883 secs] 818931K->620251K(1013632K), 0.0175568 secs] [Times: user=0.13 sys=0.00, real=0.02 secs] 
2021-01-22T01:15:04.073+0800: 22.712: [GC (CMS Initial Mark) [1 CMS-initial-mark: 585308K(699072K)] 625926K(1013632K), 0.0010905 secs] [Times: user=0.00 sys=0.00, real=0.00 secs] 
2021-01-22T01:15:04.075+0800: 22.714: [CMS-concurrent-mark-start]
2021-01-22T01:15:04.077+0800: 22.716: [CMS-concurrent-mark: 0.002/0.002 secs] [Times: user=0.01 sys=0.00, real=0.00 secs] 
2021-01-22T01:15:04.088+0800: 22.727: [CMS-concurrent-preclean-start]
2021-01-22T01:15:04.089+0800: 22.728: [CMS-concurrent-preclean: 0.001/0.001 secs] [Times: user=0.00 sys=0.00, real=0.00 secs] 
2021-01-22T01:15:04.089+0800: 22.728: [CMS-concurrent-abortable-preclean-start]
2021-01-22T01:15:04.112+0800: 22.750: [GC (Allocation Failure) 2021-01-22T01:15:04.112+0800: 22.751: [ParNew: 314559K->34943K(314560K), 0.0170335 secs] 899867K->700280K(1013632K), 0.0178170 secs] [Times: user=0.12 sys=0.01, real=0.02 secs] 
2021-01-22T01:15:04.130+0800: 22.769: [CMS-concurrent-abortable-preclean: 0.002/0.041 secs] [Times: user=0.15 sys=0.01, real=0.04 secs] 
2021-01-22T01:15:04.131+0800: 22.770: [GC (CMS Final Remark) [YG occupancy: 41080 K (314560 K)]2021-01-22T01:15:04.131+0800: 22.770: [Rescan (parallel) , 0.0015009 secs]2021-01-22T01:15:04.133+0800: 22.772: [weak refs processing, 0.0003137 secs]2021-01-22T01:15:04.134+0800: 22.772: [class unloading, 0.0005189 secs]2021-01-22T01:15:04.135+0800: 22.773: [scrub symbol table, 0.0006281 secs]2021-01-22T01:15:04.136+0800: 22.774: [scrub string table, 0.0003968 secs][1 CMS-remark: 665337K(699072K)] 706417K(1013632K), 0.0051426 secs] [Times: user=0.00 sys=0.00, real=0.00 secs] 
2021-01-22T01:15:04.137+0800: 22.776: [CMS-concurrent-sweep-start]
2021-01-22T01:15:04.138+0800: 22.777: [CMS-concurrent-sweep: 0.001/0.001 secs] [Times: user=0.01 sys=0.00, real=0.01 secs] 
2021-01-22T01:15:04.139+0800: 22.777: [CMS-concurrent-reset-start]
2021-01-22T01:15:04.139+0800: 22.778: [CMS-concurrent-reset: 0.001/0.001 secs] [Times: user=0.00 sys=0.00, real=0.00 secs] 
2021-01-22T01:15:04.172+0800: 22.811: [GC (Allocation Failure) 2021-01-22T01:15:04.173+0800: 22.811: [ParNew: 314559K->34942K(314560K), 0.0148218 secs] 740214K->536699K(1013632K), 0.0158147 secs] [Times: user=0.11 sys=0.00, real=0.02 secs] 
2021-01-22T01:15:04.189+0800: 22.828: [GC (CMS Initial Mark) [1 CMS-initial-mark: 501757K(699072K)] 536843K(1013632K), 0.0013080 secs] [Times: user=0.00 sys=0.00, real=0.00 secs] 
2021-01-22T01:15:04.191+0800: 22.830: [CMS-concurrent-mark-start]
2021-01-22T01:15:04.193+0800: 22.832: [CMS-concurrent-mark: 0.002/0.002 secs] [Times: user=0.01 sys=0.00, real=0.00 secs] 
2021-01-22T01:15:04.194+0800: 22.832: [CMS-concurrent-preclean-start]
2021-01-22T01:15:04.195+0800: 22.833: [CMS-concurrent-preclean: 0.001/0.001 secs] [Times: user=0.00 sys=0.00, real=0.00 secs] 
2021-01-22T01:15:04.195+0800: 22.834: [CMS-concurrent-abortable-preclean-start]
2021-01-22T01:15:04.227+0800: 22.866: [GC (Allocation Failure) 2021-01-22T01:15:04.228+0800: 22.866: [ParNew: 314558K->34943K(314560K), 0.0170914 secs] 816315K->611139K(1013632K), 0.0179117 secs] [Times: user=0.11 sys=0.01, real=0.02 secs] 
2021-01-22T01:15:04.280+0800: 22.918: [GC (Allocation Failure) 2021-01-22T01:15:04.280+0800: 22.918: [ParNew: 314559K->34942K(314560K), 0.0147241 secs] 890755K->692521K(1013632K), 0.0154980 secs] [Times: user=0.11 sys=0.00, real=0.01 secs] 
2021-01-22T01:15:04.298+0800: 22.937: [CMS-concurrent-abortable-preclean: 0.005/0.103 secs] [Times: user=0.30 sys=0.01, real=0.10 secs] 
2021-01-22T01:15:04.299+0800: 22.937: [GC (CMS Final Remark) [YG occupancy: 52383 K (314560 K)]2021-01-22T01:15:04.299+0800: 22.937: [Rescan (parallel) , 0.0012682 secs]2021-01-22T01:15:04.300+0800: 22.939: [weak refs processing, 0.0002382 secs]2021-01-22T01:15:04.301+0800: 22.939: [class unloading, 0.0004022 secs]2021-01-22T01:15:04.301+0800: 22.940: [scrub symbol table, 0.0004583 secs]2021-01-22T01:15:04.302+0800: 22.941: [scrub string table, 0.0003424 secs][1 CMS-remark: 657579K(699072K)] 709962K(1013632K), 0.0038959 secs] [Times: user=0.00 sys=0.00, real=0.00 secs] 
2021-01-22T01:15:04.303+0800: 22.942: [CMS-concurrent-sweep-start]
2021-01-22T01:15:04.304+0800: 22.943: [CMS-concurrent-sweep: 0.001/0.001 secs] [Times: user=0.00 sys=0.00, real=0.00 secs] 
2021-01-22T01:15:04.305+0800: 22.943: [CMS-concurrent-reset-start]
2021-01-22T01:15:04.305+0800: 22.944: [CMS-concurrent-reset: 0.001/0.001 secs] [Times: user=0.00 sys=0.00, real=0.00 secs] 
2021-01-22T01:15:04.335+0800: 22.973: [GC (Allocation Failure) 2021-01-22T01:15:04.335+0800: 22.974: [ParNew: 314558K->34943K(314560K), 0.0158473 secs] 801113K->596827K(1013632K), 0.0164831 secs] [Times: user=0.12 sys=0.00, real=0.02 secs] 
2021-01-22T01:15:04.352+0800: 22.991: [GC (CMS Initial Mark) [1 CMS-initial-mark: 561884K(699072K)] 602378K(1013632K), 0.0013206 secs] [Times: user=0.00 sys=0.00, real=0.00 secs] 
2021-01-22T01:15:04.354+0800: 22.993: [CMS-concurrent-mark-start]
2021-01-22T01:15:04.356+0800: 22.995: [CMS-concurrent-mark: 0.002/0.002 secs] [Times: user=0.01 sys=0.00, real=0.00 secs] 
2021-01-22T01:15:04.357+0800: 22.995: [CMS-concurrent-preclean-start]
2021-01-22T01:15:04.358+0800: 22.997: [CMS-concurrent-preclean: 0.001/0.001 secs] [Times: user=0.00 sys=0.00, real=0.00 secs] 
2021-01-22T01:15:04.358+0800: 22.997: [CMS-concurrent-abortable-preclean-start]
2021-01-22T01:15:04.389+0800: 23.027: [GC (Allocation Failure) 2021-01-22T01:15:04.389+0800: 23.028: [ParNew: 314553K->34943K(314560K), 0.0135434 secs] 876437K->669941K(1013632K), 0.0144124 secs] [Times: user=0.11 sys=0.00, real=0.01 secs] 
2021-01-22T01:15:04.436+0800: 23.075: [GC (Allocation Failure) 2021-01-22T01:15:04.437+0800: 23.075: [ParNew: 314559K->314559K(314560K), 0.0003954 secs]2021-01-22T01:15:04.437+0800: 23.076: [CMS2021-01-22T01:15:04.438+0800: 23.076: [CMS-concurrent-abortable-preclean: 0.003/0.079 secs] [Times: user=0.17 sys=0.00, real=0.07 secs] 
 (concurrent mode failure): 634997K->361317K(699072K), 0.0464652 secs] 949557K->361317K(1013632K), [Metaspace: 2817K->2817K(1056768K)], 0.0480885 secs] [Times: user=0.05 sys=0.00, real=0.05 secs] 
2021-01-22T01:15:04.516+0800: 23.155: [GC (Allocation Failure) 2021-01-22T01:15:04.517+0800: 23.155: [ParNew: 279616K->34943K(314560K), 0.0138072 secs] 640933K->457984K(1013632K), 0.0147863 secs] [Times: user=0.10 sys=0.00, real=0.02 secs] 
2021-01-22T01:15:04.566+0800: 23.205: [GC (Allocation Failure) 2021-01-22T01:15:04.567+0800: 23.205: [ParNew: 314559K->34942K(314560K), 0.0155234 secs] 737600K->545968K(1013632K), 0.0164273 secs] [Times: user=0.11 sys=0.00, real=0.02 secs] 
2021-01-22T01:15:04.584+0800: 23.223: [GC (CMS Initial Mark) [1 CMS-initial-mark: 511026K(699072K)] 551815K(1013632K), 0.0016200 secs] [Times: user=0.00 sys=0.00, real=0.00 secs] 
2021-01-22T01:15:04.587+0800: 23.225: [CMS-concurrent-mark-start]
2021-01-22T01:15:04.588+0800: 23.227: [CMS-concurrent-mark: 0.002/0.002 secs] [Times: user=0.01 sys=0.00, real=0.01 secs] 
2021-01-22T01:15:04.589+0800: 23.227: [CMS-concurrent-preclean-start]
2021-01-22T01:15:04.590+0800: 23.228: [CMS-concurrent-preclean: 0.001/0.001 secs] [Times: user=0.00 sys=0.00, real=0.00 secs] 
2021-01-22T01:15:04.590+0800: 23.229: [CMS-concurrent-abortable-preclean-start]
2021-01-22T01:15:04.622+0800: 23.261: [GC (Allocation Failure) 2021-01-22T01:15:04.623+0800: 23.261: [ParNew: 314558K->34943K(314560K), 0.0207093 secs] 825584K->623041K(1013632K), 0.0216589 secs] [Times: user=0.15 sys=0.00, real=0.02 secs] 
2021-01-22T01:15:04.680+0800: 23.319: [GC (Allocation Failure) 2021-01-22T01:15:04.681+0800: 23.319: [ParNew: 314559K->34943K(314560K), 0.0167923 secs] 902657K->699810K(1013632K), 0.0174866 secs] [Times: user=0.13 sys=0.00, real=0.01 secs] 
2021-01-22T01:15:04.698+0800: 23.337: [CMS-concurrent-abortable-preclean: 0.003/0.108 secs] [Times: user=0.36 sys=0.00, real=0.11 secs] 
2021-01-22T01:15:04.718+0800: 23.357: [GC (CMS Final Remark) [YG occupancy: 213947 K (314560 K)]2021-01-22T01:15:04.719+0800: 23.357: [Rescan (parallel) , 0.0009001 secs]2021-01-22T01:15:04.720+0800: 23.358: [weak refs processing, 0.0001704 secs]2021-01-22T01:15:04.720+0800: 23.359: [class unloading, 0.0003280 secs]2021-01-22T01:15:04.721+0800: 23.359: [scrub symbol table, 0.0004242 secs]2021-01-22T01:15:04.721+0800: 23.360: [scrub string table, 0.0003559 secs][1 CMS-remark: 664866K(699072K)] 878814K(1013632K), 0.0034300 secs] [Times: user=0.00 sys=0.00, real=0.00 secs] 
2021-01-22T01:15:04.723+0800: 23.361: [CMS-concurrent-sweep-start]
2021-01-22T01:15:04.723+0800: 23.362: [CMS-concurrent-sweep: 0.001/0.001 secs] [Times: user=0.01 sys=0.00, real=0.00 secs] 
2021-01-22T01:15:04.723+0800: 23.362: [CMS-concurrent-reset-start]
2021-01-22T01:15:04.724+0800: 23.363: [CMS-concurrent-reset: 0.000/0.000 secs] [Times: user=0.00 sys=0.00, real=0.00 secs] 
2021-01-22T01:15:04.735+0800: 23.373: [GC (Allocation Failure) 2021-01-22T01:15:04.735+0800: 23.373: [ParNew: 314559K->34943K(314560K), 0.0143043 secs] 800379K->601456K(1013632K), 0.0148794 secs] [Times: user=0.11 sys=0.00, real=0.02 secs] 
2021-01-22T01:15:04.750+0800: 23.389: [GC (CMS Initial Mark) [1 CMS-initial-mark: 566512K(699072K)] 607422K(1013632K), 0.0008315 secs] [Times: user=0.00 sys=0.00, real=0.00 secs] 
2021-01-22T01:15:04.751+0800: 23.390: [CMS-concurrent-mark-start]
2021-01-22T01:15:04.753+0800: 23.392: [CMS-concurrent-mark: 0.002/0.002 secs] [Times: user=0.00 sys=0.00, real=0.00 secs] 
2021-01-22T01:15:04.754+0800: 23.392: [CMS-concurrent-preclean-start]
2021-01-22T01:15:04.754+0800: 23.393: [CMS-concurrent-preclean: 0.001/0.001 secs] [Times: user=0.00 sys=0.00, real=0.00 secs] 
2021-01-22T01:15:04.755+0800: 23.393: [CMS-concurrent-abortable-preclean-start]
2021-01-22T01:15:04.782+0800: 23.421: [GC (Allocation Failure) 2021-01-22T01:15:04.783+0800: 23.421: [ParNew: 314559K->34942K(314560K), 0.0151123 secs] 881072K->678513K(1013632K), 0.0158621 secs] [Times: user=0.11 sys=0.00, real=0.02 secs] 
2021-01-22T01:15:04.831+0800: 23.470: [GC (Allocation Failure) 2021-01-22T01:15:04.832+0800: 23.470: [ParNew: 314558K->314558K(314560K), 0.0003074 secs]2021-01-22T01:15:04.832+0800: 23.471: [CMS2021-01-22T01:15:04.833+0800: 23.471: [CMS-concurrent-abortable-preclean: 0.003/0.078 secs] [Times: user=0.19 sys=0.00, real=0.08 secs] 
 (concurrent mode failure): 643571K->365749K(699072K), 0.0506505 secs] 958129K->365749K(1013632K), [Metaspace: 2817K->2817K(1056768K)], 0.0521244 secs] [Times: user=0.05 sys=0.00, real=0.05 secs] 
2021-01-22T01:15:04.918+0800: 23.557: [GC (Allocation Failure) 2021-01-22T01:15:04.918+0800: 23.557: [ParNew: 279616K->34943K(314560K), 0.0133115 secs] 645365K->461323K(1013632K), 0.0142132 secs] [Times: user=0.09 sys=0.00, real=0.02 secs] 
2021-01-22T01:15:04.967+0800: 23.605: [GC (Allocation Failure) 2021-01-22T01:15:04.967+0800: 23.606: [ParNew: 314559K->34943K(314560K), 0.0175377 secs] 740939K->542789K(1013632K), 0.0184292 secs] [Times: user=0.13 sys=0.00, real=0.02 secs] 
2021-01-22T01:15:04.986+0800: 23.624: [GC (CMS Initial Mark) [1 CMS-initial-mark: 507845K(699072K)] 548552K(1013632K), 0.0013660 secs] [Times: user=0.00 sys=0.00, real=0.00 secs] 
2021-01-22T01:15:04.988+0800: 23.627: [CMS-concurrent-mark-start]
2021-01-22T01:15:04.990+0800: 23.629: [CMS-concurrent-mark: 0.002/0.002 secs] [Times: user=0.01 sys=0.00, real=0.01 secs] 
2021-01-22T01:15:05.008+0800: 23.647: [CMS-concurrent-preclean-start]
2021-01-22T01:15:05.009+0800: 23.648: [CMS-concurrent-preclean: 0.001/0.001 secs] [Times: user=0.00 sys=0.00, real=0.00 secs] 
2021-01-22T01:15:05.010+0800: 23.648: [CMS-concurrent-abortable-preclean-start]
2021-01-22T01:15:05.021+0800: 23.660: [GC (Allocation Failure) 2021-01-22T01:15:05.021+0800: 23.660: [ParNew: 314559K->34943K(314560K), 0.0141455 secs] 822405K->617255K(1013632K), 0.0149761 secs] [Times: user=0.11 sys=0.00, real=0.01 secs] 
2021-01-22T01:15:05.070+0800: 23.708: [GC (Allocation Failure) 2021-01-22T01:15:05.070+0800: 23.708: [ParNew: 314559K->34944K(314560K), 0.0142881 secs] 896871K->694317K(1013632K), 0.0149996 secs] [Times: user=0.11 sys=0.00, real=0.01 secs] 
2021-01-22T01:15:05.086+0800: 23.725: [CMS-concurrent-abortable-preclean: 0.004/0.077 secs] [Times: user=0.26 sys=0.00, real=0.07 secs] 
2021-01-22T01:15:05.087+0800: 23.725: [GC (CMS Final Remark) [YG occupancy: 47081 K (314560 K)]2021-01-22T01:15:05.087+0800: 23.726: [Rescan (parallel) , 0.0012214 secs]2021-01-22T01:15:05.089+0800: 23.727: [weak refs processing, 0.0003448 secs]2021-01-22T01:15:05.089+0800: 23.728: [class unloading, 0.0006246 secs]2021-01-22T01:15:05.090+0800: 23.729: [scrub symbol table, 0.0005611 secs]2021-01-22T01:15:05.091+0800: 23.730: [scrub string table, 0.0004459 secs][1 CMS-remark: 659373K(699072K)] 706454K(1013632K), 0.0048298 secs] [Times: user=0.01 sys=0.00, real=0.01 secs] 
2021-01-22T01:15:05.092+0800: 23.731: [CMS-concurrent-sweep-start]
2021-01-22T01:15:05.093+0800: 23.732: [CMS-concurrent-sweep: 0.001/0.001 secs] [Times: user=0.00 sys=0.00, real=0.00 secs] 
2021-01-22T01:15:05.093+0800: 23.732: [CMS-concurrent-reset-start]
2021-01-22T01:15:05.094+0800: 23.732: [CMS-concurrent-reset: 0.000/0.000 secs] [Times: user=0.00 sys=0.00, real=0.00 secs] 
2021-01-22T01:15:05.127+0800: 23.765: [GC (Allocation Failure) 2021-01-22T01:15:05.127+0800: 23.766: [ParNew: 314560K->34943K(314560K), 0.0141788 secs] 814841K->612019K(1013632K), 0.0149901 secs] [Times: user=0.11 sys=0.00, real=0.02 secs] 
2021-01-22T01:15:05.143+0800: 23.781: [GC (CMS Initial Mark) [1 CMS-initial-mark: 577075K(699072K)] 618068K(1013632K), 0.0012142 secs] [Times: user=0.00 sys=0.00, real=0.00 secs] 
2021-01-22T01:15:05.145+0800: 23.783: [CMS-concurrent-mark-start]
2021-01-22T01:15:05.147+0800: 23.785: [CMS-concurrent-mark: 0.002/0.002 secs] [Times: user=0.00 sys=0.00, real=0.00 secs] 
2021-01-22T01:15:05.147+0800: 23.786: [CMS-concurrent-preclean-start]
2021-01-22T01:15:05.148+0800: 23.786: [CMS-concurrent-preclean: 0.001/0.001 secs] [Times: user=0.01 sys=0.00, real=0.00 secs] 
2021-01-22T01:15:05.148+0800: 23.787: [CMS-concurrent-abortable-preclean-start]
2021-01-22T01:15:05.178+0800: 23.817: [GC (Allocation Failure) 2021-01-22T01:15:05.179+0800: 23.817: [ParNew: 314437K->34942K(314560K), 0.0174222 secs] 891512K->688052K(1013632K), 0.0180800 secs] [Times: user=0.13 sys=0.00, real=0.01 secs] 
2021-01-22T01:15:05.198+0800: 23.837: [CMS-concurrent-abortable-preclean: 0.002/0.050 secs] [Times: user=0.16 sys=0.00, real=0.05 secs] 
2021-01-22T01:15:05.199+0800: 23.837: [GC (CMS Final Remark) [YG occupancy: 53069 K (314560 K)]2021-01-22T01:15:05.199+0800: 23.838: [Rescan (parallel) , 0.0011211 secs]2021-01-22T01:15:05.201+0800: 23.839: [weak refs processing, 0.0002871 secs]2021-01-22T01:15:05.201+0800: 23.840: [class unloading, 0.0003980 secs]2021-01-22T01:15:05.202+0800: 23.840: [scrub symbol table, 0.0005671 secs]2021-01-22T01:15:05.203+0800: 23.841: [scrub string table, 0.0003888 secs][1 CMS-remark: 653109K(699072K)] 706179K(1013632K), 0.0042745 secs] [Times: user=0.00 sys=0.00, real=0.00 secs] 
2021-01-22T01:15:05.204+0800: 23.842: [CMS-concurrent-sweep-start]
2021-01-22T01:15:05.205+0800: 23.843: [CMS-concurrent-sweep: 0.001/0.001 secs] [Times: user=0.00 sys=0.00, real=0.00 secs] 
2021-01-22T01:15:05.205+0800: 23.844: [CMS-concurrent-reset-start]
2021-01-22T01:15:05.206+0800: 23.844: [CMS-concurrent-reset: 0.001/0.001 secs] [Times: user=0.00 sys=0.00, real=0.00 secs] 
2021-01-22T01:15:05.236+0800: 23.875: [GC (Allocation Failure) 2021-01-22T01:15:05.237+0800: 23.875: [ParNew: 314558K->34943K(314560K), 0.0142067 secs] 740132K->534356K(1013632K), 0.0150201 secs] [Times: user=0.09 sys=0.01, real=0.02 secs] 
2021-01-22T01:15:05.252+0800: 23.891: [GC (CMS Initial Mark) [1 CMS-initial-mark: 499412K(699072K)] 540191K(1013632K), 0.0012242 secs] [Times: user=0.01 sys=0.00, real=0.00 secs] 
2021-01-22T01:15:05.254+0800: 23.893: [CMS-concurrent-mark-start]
2021-01-22T01:15:05.257+0800: 23.895: [CMS-concurrent-mark: 0.002/0.002 secs] [Times: user=0.00 sys=0.00, real=0.00 secs] 
2021-01-22T01:15:05.257+0800: 23.896: [CMS-concurrent-preclean-start]
2021-01-22T01:15:05.258+0800: 23.896: [CMS-concurrent-preclean: 0.001/0.001 secs] [Times: user=0.00 sys=0.00, real=0.00 secs] 
2021-01-22T01:15:05.258+0800: 23.897: [CMS-concurrent-abortable-preclean-start]
2021-01-22T01:15:05.286+0800: 23.924: [GC (Allocation Failure) 2021-01-22T01:15:05.286+0800: 23.925: [ParNew: 314559K->34943K(314560K), 0.0154786 secs] 813972K->620452K(1013632K), 0.0163450 secs] [Times: user=0.12 sys=0.00, real=0.02 secs] 
2021-01-22T01:15:05.339+0800: 23.977: [GC (Allocation Failure) 2021-01-22T01:15:05.339+0800: 23.978: [ParNew: 314559K->34942K(314560K), 0.0186564 secs] 900068K->700954K(1013632K), 0.0194803 secs] [Times: user=0.14 sys=0.00, real=0.02 secs] 
2021-01-22T01:15:05.359+0800: 23.997: [CMS-concurrent-abortable-preclean: 0.003/0.101 secs] [Times: user=0.33 sys=0.00, real=0.10 secs] 
2021-01-22T01:15:05.359+0800: 23.998: [GC (CMS Final Remark) [YG occupancy: 40890 K (314560 K)]2021-01-22T01:15:05.360+0800: 23.998: [Rescan (parallel) , 0.0010120 secs]2021-01-22T01:15:05.361+0800: 24.000: [weak refs processing, 0.0002355 secs]2021-01-22T01:15:05.362+0800: 24.000: [class unloading, 0.0004093 secs]2021-01-22T01:15:05.362+0800: 24.001: [scrub symbol table, 0.0005115 secs]2021-01-22T01:15:05.363+0800: 24.002: [scrub string table, 0.0003868 secs][1 CMS-remark: 666012K(699072K)] 706902K(1013632K), 0.0042209 secs] [Times: user=0.01 sys=0.00, real=0.00 secs] 
2021-01-22T01:15:05.364+0800: 24.003: [CMS-concurrent-sweep-start]
2021-01-22T01:15:05.365+0800: 24.004: [CMS-concurrent-sweep: 0.001/0.001 secs] [Times: user=0.00 sys=0.00, real=0.00 secs] 
2021-01-22T01:15:05.366+0800: 24.004: [CMS-concurrent-reset-start]
2021-01-22T01:15:05.366+0800: 24.005: [CMS-concurrent-reset: 0.001/0.001 secs] [Times: user=0.00 sys=0.00, real=0.00 secs] 
2021-01-22T01:15:05.397+0800: 24.036: [GC (Allocation Failure) 2021-01-22T01:15:05.398+0800: 24.036: [ParNew: 314558K->34942K(314560K), 0.0154046 secs] 815675K->614218K(1013632K), 0.0163773 secs] [Times: user=0.10 sys=0.01, real=0.02 secs] 
2021-01-22T01:15:05.415+0800: 24.053: [GC (CMS Initial Mark) [1 CMS-initial-mark: 579275K(699072K)] 620041K(1013632K), 0.0017708 secs] [Times: user=0.00 sys=0.00, real=0.00 secs] 
2021-01-22T01:15:05.417+0800: 24.056: [CMS-concurrent-mark-start]
2021-01-22T01:15:05.419+0800: 24.058: [CMS-concurrent-mark: 0.002/0.002 secs] [Times: user=0.00 sys=0.00, real=0.01 secs] 
2021-01-22T01:15:05.420+0800: 24.058: [CMS-concurrent-preclean-start]
2021-01-22T01:15:05.421+0800: 24.060: [CMS-concurrent-preclean: 0.001/0.001 secs] [Times: user=0.00 sys=0.00, real=0.00 secs] 
2021-01-22T01:15:05.422+0800: 24.060: [CMS-concurrent-abortable-preclean-start]
2021-01-22T01:15:05.451+0800: 24.089: [GC (Allocation Failure) 2021-01-22T01:15:05.451+0800: 24.090: [ParNew: 314558K->34943K(314560K), 0.0159933 secs] 893834K->694691K(1013632K), 0.0168680 secs] [Times: user=0.11 sys=0.01, real=0.01 secs] 
2021-01-22T01:15:05.470+0800: 24.109: [CMS-concurrent-abortable-preclean: 0.003/0.048 secs] [Times: user=0.15 sys=0.01, real=0.05 secs] 
2021-01-22T01:15:05.471+0800: 24.109: [GC (CMS Final Remark) [YG occupancy: 54549 K (314560 K)]2021-01-22T01:15:05.471+0800: 24.110: [Rescan (parallel) , 0.0013224 secs]2021-01-22T01:15:05.473+0800: 24.111: [weak refs processing, 0.0003039 secs]2021-01-22T01:15:05.473+0800: 24.112: [class unloading, 0.0004249 secs]2021-01-22T01:15:05.474+0800: 24.113: [scrub symbol table, 0.0005878 secs]2021-01-22T01:15:05.475+0800: 24.113: [scrub string table, 0.0004389 secs][1 CMS-remark: 659747K(699072K)] 714297K(1013632K), 0.0048422 secs] [Times: user=0.01 sys=0.00, real=0.00 secs] 
2021-01-22T01:15:05.476+0800: 24.115: [CMS-concurrent-sweep-start]
2021-01-22T01:15:05.477+0800: 24.116: [CMS-concurrent-sweep: 0.001/0.001 secs] [Times: user=0.00 sys=0.00, real=0.00 secs] 
2021-01-22T01:15:05.478+0800: 24.116: [CMS-concurrent-reset-start]
2021-01-22T01:15:05.478+0800: 24.117: [CMS-concurrent-reset: 0.001/0.001 secs] [Times: user=0.00 sys=0.00, real=0.01 secs] 
2021-01-22T01:15:05.506+0800: 24.145: [GC (Allocation Failure) 2021-01-22T01:15:05.506+0800: 24.145: [ParNew: 314559K->34942K(314560K), 0.0154744 secs] 728889K->527327K(1013632K), 0.0162458 secs] [Times: user=0.11 sys=0.00, real=0.02 secs] 
2021-01-22T01:15:05.523+0800: 24.162: [GC (CMS Initial Mark) [1 CMS-initial-mark: 492385K(699072K)] 533688K(1013632K), 0.0015071 secs] [Times: user=0.01 sys=0.00, real=0.00 secs] 
2021-01-22T01:15:05.526+0800: 24.164: [CMS-concurrent-mark-start]
2021-01-22T01:15:05.528+0800: 24.166: [CMS-concurrent-mark: 0.002/0.002 secs] [Times: user=0.00 sys=0.00, real=0.00 secs] 
2021-01-22T01:15:05.528+0800: 24.167: [CMS-concurrent-preclean-start]
2021-01-22T01:15:05.529+0800: 24.168: [CMS-concurrent-preclean: 0.001/0.001 secs] [Times: user=0.00 sys=0.00, real=0.00 secs] 
2021-01-22T01:15:05.530+0800: 24.168: [CMS-concurrent-abortable-preclean-start]
2021-01-22T01:15:05.561+0800: 24.199: [GC (Allocation Failure) 2021-01-22T01:15:05.561+0800: 24.200: [ParNew: 314558K->34943K(314560K), 0.0139894 secs] 806943K->601116K(1013632K), 0.0146864 secs] [Times: user=0.10 sys=0.00, real=0.01 secs] 
2021-01-22T01:15:05.611+0800: 24.249: [GC (Allocation Failure) 2021-01-22T01:15:05.611+0800: 24.249: [ParNew: 314559K->34943K(314560K), 0.0141529 secs] 880732K->671156K(1013632K), 0.0149352 secs] [Times: user=0.10 sys=0.00, real=0.01 secs] 
2021-01-22T01:15:05.658+0800: 24.296: [GC (Allocation Failure) 2021-01-22T01:15:05.658+0800: 24.297: [ParNew: 314559K->314559K(314560K), 0.0003751 secs]2021-01-22T01:15:05.659+0800: 24.297: [CMS2021-01-22T01:15:05.659+0800: 24.298: [CMS-concurrent-abortable-preclean: 0.005/0.130 secs] [Times: user=0.32 sys=0.00, real=0.13 secs] 
 (concurrent mode failure): 636212K->366850K(699072K), 0.0514007 secs] 950772K->366850K(1013632K), [Metaspace: 2817K->2817K(1056768K)], 0.0529369 secs] [Times: user=0.05 sys=0.00, real=0.06 secs] 
2021-01-22T01:15:05.753+0800: 24.391: [GC (Allocation Failure) 2021-01-22T01:15:05.753+0800: 24.392: [ParNew: 279616K->34941K(314560K), 0.0143515 secs] 646466K->462960K(1013632K), 0.0151708 secs] [Times: user=0.11 sys=0.00, real=0.02 secs] 
2021-01-22T01:15:05.807+0800: 24.445: [GC (Allocation Failure) 2021-01-22T01:15:05.807+0800: 24.445: [ParNew: 314298K->34943K(314560K), 0.0158522 secs] 742317K->539289K(1013632K), 0.0165726 secs] [Times: user=0.12 sys=0.00, real=0.02 secs] 
2021-01-22T01:15:05.824+0800: 24.463: [GC (CMS Initial Mark) [1 CMS-initial-mark: 504345K(699072K)] 545095K(1013632K), 0.0011194 secs] [Times: user=0.01 sys=0.00, real=0.00 secs] 
2021-01-22T01:15:05.826+0800: 24.464: [CMS-concurrent-mark-start]
2021-01-22T01:15:05.827+0800: 24.466: [CMS-concurrent-mark: 0.002/0.002 secs] [Times: user=0.00 sys=0.00, real=0.00 secs] 
2021-01-22T01:15:05.828+0800: 24.466: [CMS-concurrent-preclean-start]
2021-01-22T01:15:05.829+0800: 24.467: [CMS-concurrent-preclean: 0.001/0.001 secs] [Times: user=0.00 sys=0.00, real=0.01 secs] 
2021-01-22T01:15:05.829+0800: 24.467: [CMS-concurrent-abortable-preclean-start]
2021-01-22T01:15:05.858+0800: 24.497: [GC (Allocation Failure) 2021-01-22T01:15:05.859+0800: 24.497: [ParNew: 314559K->34942K(314560K), 0.0132496 secs] 818905K->613364K(1013632K), 0.0138527 secs] [Times: user=0.10 sys=0.00, real=0.01 secs] 
2021-01-22T01:15:05.903+0800: 24.542: [GC (Allocation Failure) 2021-01-22T01:15:05.904+0800: 24.542: [ParNew: 314558K->34943K(314560K), 0.0154982 secs] 892980K->696554K(1013632K), 0.0160909 secs] [Times: user=0.12 sys=0.00, real=0.02 secs] 
2021-01-22T01:15:05.921+0800: 24.559: [CMS-concurrent-abortable-preclean: 0.004/0.092 secs] [Times: user=0.28 sys=0.01, real=0.09 secs] 
2021-01-22T01:15:05.921+0800: 24.560: [GC (CMS Final Remark) [YG occupancy: 52906 K (314560 K)]2021-01-22T01:15:05.922+0800: 24.560: [Rescan (parallel) , 0.0016880 secs]2021-01-22T01:15:05.924+0800: 24.562: [weak refs processing, 0.0003313 secs]2021-01-22T01:15:05.924+0800: 24.563: [class unloading, 0.0004825 secs]2021-01-22T01:15:05.925+0800: 24.564: [scrub symbol table, 0.0005757 secs]2021-01-22T01:15:05.926+0800: 24.565: [scrub string table, 0.0004238 secs][1 CMS-remark: 661611K(699072K)] 714517K(1013632K), 0.0054733 secs] [Times: user=0.01 sys=0.00, real=0.00 secs] 
2021-01-22T01:15:05.928+0800: 24.566: [CMS-concurrent-sweep-start]
2021-01-22T01:15:05.929+0800: 24.567: [CMS-concurrent-sweep: 0.001/0.001 secs] [Times: user=0.00 sys=0.00, real=0.01 secs] 
2021-01-22T01:15:05.929+0800: 24.567: [CMS-concurrent-reset-start]
2021-01-22T01:15:05.929+0800: 24.568: [CMS-concurrent-reset: 0.001/0.001 secs] [Times: user=0.00 sys=0.00, real=0.00 secs] 
2021-01-22T01:15:05.961+0800: 24.600: [GC (Allocation Failure) 2021-01-22T01:15:05.962+0800: 24.600: [ParNew: 314559K->34942K(314560K), 0.0169809 secs] 811711K->605573K(1013632K), 0.0179077 secs] [Times: user=0.13 sys=0.00, real=0.02 secs] 
2021-01-22T01:15:05.980+0800: 24.619: [GC (CMS Initial Mark) [1 CMS-initial-mark: 570630K(699072K)] 611256K(1013632K), 0.0012007 secs] [Times: user=0.00 sys=0.00, real=0.00 secs] 
2021-01-22T01:15:05.982+0800: 24.621: [CMS-concurrent-mark-start]
2021-01-22T01:15:05.984+0800: 24.623: [CMS-concurrent-mark: 0.002/0.002 secs] [Times: user=0.01 sys=0.00, real=0.00 secs] 
2021-01-22T01:15:05.985+0800: 24.623: [CMS-concurrent-preclean-start]
2021-01-22T01:15:05.986+0800: 24.624: [CMS-concurrent-preclean: 0.001/0.001 secs] [Times: user=0.00 sys=0.00, real=0.00 secs] 
2021-01-22T01:15:05.986+0800: 24.625: [CMS-concurrent-abortable-preclean-start]
2021-01-22T01:15:06.017+0800: 24.655: [GC (Allocation Failure) 2021-01-22T01:15:06.017+0800: 24.656: [ParNew: 314558K->34943K(314560K), 0.0184140 secs] 885189K->683949K(1013632K), 0.0191426 secs] [Times: user=0.14 sys=0.00, real=0.02 secs] 
2021-01-22T01:15:06.076+0800: 24.715: [GC (Allocation Failure) 2021-01-22T01:15:06.077+0800: 24.715: [ParNew: 314559K->314559K(314560K), 0.0002598 secs]2021-01-22T01:15:06.077+0800: 24.716: [CMS2021-01-22T01:15:06.077+0800: 24.716: [CMS-concurrent-abortable-preclean: 0.003/0.091 secs] [Times: user=0.22 sys=0.00, real=0.09 secs] 
 (concurrent mode failure): 649006K->366398K(699072K), 0.0480526 secs] 963565K->366398K(1013632K), [Metaspace: 2817K->2817K(1056768K)], 0.0494458 secs] [Times: user=0.04 sys=0.00, real=0.05 secs] 
2021-01-22T01:15:06.159+0800: 24.797: [GC (Allocation Failure) 2021-01-22T01:15:06.159+0800: 24.798: [ParNew: 279616K->34943K(314560K), 0.0105088 secs] 646014K->452505K(1013632K), 0.0113907 secs] [Times: user=0.07 sys=0.00, real=0.01 secs] 
2021-01-22T01:15:06.208+0800: 24.846: [GC (Allocation Failure) 2021-01-22T01:15:06.208+0800: 24.847: [ParNew: 314559K->34942K(314560K), 0.0140322 secs] 732121K->533502K(1013632K), 0.0149551 secs] [Times: user=0.11 sys=0.00, real=0.02 secs] 
2021-01-22T01:15:06.224+0800: 24.862: [GC (CMS Initial Mark) [1 CMS-initial-mark: 498559K(699072K)] 539238K(1013632K), 0.0018546 secs] [Times: user=0.00 sys=0.00, real=0.00 secs] 
2021-01-22T01:15:06.226+0800: 24.865: [CMS-concurrent-mark-start]
2021-01-22T01:15:06.228+0800: 24.867: [CMS-concurrent-mark: 0.002/0.002 secs] [Times: user=0.00 sys=0.00, real=0.00 secs] 
2021-01-22T01:15:06.229+0800: 24.867: [CMS-concurrent-preclean-start]
2021-01-22T01:15:06.229+0800: 24.868: [CMS-concurrent-preclean: 0.001/0.001 secs] [Times: user=0.00 sys=0.00, real=0.00 secs] 
2021-01-22T01:15:06.230+0800: 24.868: [CMS-concurrent-abortable-preclean-start]
2021-01-22T01:15:06.260+0800: 24.899: [GC (Allocation Failure) 2021-01-22T01:15:06.261+0800: 24.899: [ParNew: 314558K->34943K(314560K), 0.0147484 secs] 813118K->617401K(1013632K), 0.0154629 secs] [Times: user=0.11 sys=0.00, real=0.01 secs] 
2021-01-22T01:15:06.309+0800: 24.948: [GC (Allocation Failure) 2021-01-22T01:15:06.310+0800: 24.948: [ParNew: 314559K->34943K(314560K), 0.0140371 secs] 897017K->691804K(1013632K), 0.0148501 secs] [Times: user=0.11 sys=0.00, real=0.01 secs] 
2021-01-22T01:15:06.326+0800: 24.964: [CMS-concurrent-abortable-preclean: 0.004/0.096 secs] [Times: user=0.28 sys=0.00, real=0.09 secs] 
2021-01-22T01:15:06.327+0800: 24.965: [GC (CMS Final Remark) [YG occupancy: 52440 K (314560 K)]2021-01-22T01:15:06.327+0800: 24.966: [Rescan (parallel) , 0.0016223 secs]2021-01-22T01:15:06.329+0800: 24.967: [weak refs processing, 0.0002820 secs]2021-01-22T01:15:06.330+0800: 24.968: [class unloading, 0.0004218 secs]2021-01-22T01:15:06.330+0800: 24.969: [scrub symbol table, 0.0007255 secs]2021-01-22T01:15:06.331+0800: 24.970: [scrub string table, 0.0004125 secs][1 CMS-remark: 656861K(699072K)] 709302K(1013632K), 0.0053026 secs] [Times: user=0.01 sys=0.00, real=0.01 secs] 
2021-01-22T01:15:06.333+0800: 24.971: [CMS-concurrent-sweep-start]
2021-01-22T01:15:06.333+0800: 24.972: [CMS-concurrent-sweep: 0.001/0.001 secs] [Times: user=0.00 sys=0.00, real=0.00 secs] 
2021-01-22T01:15:06.334+0800: 24.972: [CMS-concurrent-reset-start]
2021-01-22T01:15:06.334+0800: 24.973: [CMS-concurrent-reset: 0.000/0.000 secs] [Times: user=0.00 sys=0.00, real=0.00 secs] 
2021-01-22T01:15:06.364+0800: 25.003: [GC (Allocation Failure) 2021-01-22T01:15:06.365+0800: 25.003: [ParNew: 314559K->34943K(314560K), 0.0143249 secs] 804457K->600935K(1013632K), 0.0151487 secs] [Times: user=0.11 sys=0.00, real=0.02 secs] 
2021-01-22T01:15:06.381+0800: 25.019: [GC (CMS Initial Mark) [1 CMS-initial-mark: 565992K(699072K)] 607204K(1013632K), 0.0013893 secs] [Times: user=0.00 sys=0.00, real=0.00 secs] 
2021-01-22T01:15:06.383+0800: 25.021: [CMS-concurrent-mark-start]
2021-01-22T01:15:06.385+0800: 25.023: [CMS-concurrent-mark: 0.002/0.002 secs] [Times: user=0.00 sys=0.00, real=0.00 secs] 
2021-01-22T01:15:06.385+0800: 25.024: [CMS-concurrent-preclean-start]
2021-01-22T01:15:06.386+0800: 25.025: [CMS-concurrent-preclean: 0.001/0.001 secs] [Times: user=0.00 sys=0.00, real=0.00 secs] 
2021-01-22T01:15:06.386+0800: 25.025: [CMS-concurrent-abortable-preclean-start]
2021-01-22T01:15:06.414+0800: 25.053: [GC (Allocation Failure) 2021-01-22T01:15:06.415+0800: 25.053: [ParNew: 314559K->34943K(314560K), 0.0135481 secs] 880551K->672167K(1013632K), 0.0142880 secs] [Times: user=0.10 sys=0.00, real=0.02 secs] 
2021-01-22T01:15:06.463+0800: 25.102: [GC (Allocation Failure) 2021-01-22T01:15:06.464+0800: 25.102: [ParNew: 314559K->314559K(314560K), 0.0002743 secs]2021-01-22T01:15:06.464+0800: 25.103: [CMS2021-01-22T01:15:06.465+0800: 25.103: [CMS-concurrent-abortable-preclean: 0.003/0.078 secs] [Times: user=0.15 sys=0.01, real=0.08 secs] 
 (concurrent mode failure): 637223K->375876K(699072K), 0.0491154 secs] 951783K->375876K(1013632K), [Metaspace: 2817K->2817K(1056768K)], 0.0506578 secs] [Times: user=0.05 sys=0.00, real=0.05 secs] 
2021-01-22T01:15:06.548+0800: 25.186: [GC (Allocation Failure) 2021-01-22T01:15:06.548+0800: 25.187: [ParNew: 279616K->34943K(314560K), 0.0121167 secs] 655492K->461999K(1013632K), 0.0130042 secs] [Times: user=0.08 sys=0.00, real=0.02 secs] 
2021-01-22T01:15:06.595+0800: 25.234: [GC (Allocation Failure) 2021-01-22T01:15:06.596+0800: 25.234: [ParNew: 314559K->34942K(314560K), 0.0184996 secs] 741615K->537940K(1013632K), 0.0192756 secs] [Times: user=0.14 sys=0.00, real=0.02 secs] 
2021-01-22T01:15:06.615+0800: 25.254: [GC (CMS Initial Mark) [1 CMS-initial-mark: 502998K(699072K)] 544287K(1013632K), 0.0013850 secs] [Times: user=0.00 sys=0.00, real=0.00 secs] 
2021-01-22T01:15:06.617+0800: 25.256: [CMS-concurrent-mark-start]
2021-01-22T01:15:06.619+0800: 25.258: [CMS-concurrent-mark: 0.002/0.002 secs] [Times: user=0.01 sys=0.00, real=0.01 secs] 
2021-01-22T01:15:06.620+0800: 25.258: [CMS-concurrent-preclean-start]
2021-01-22T01:15:06.621+0800: 25.259: [CMS-concurrent-preclean: 0.001/0.001 secs] [Times: user=0.00 sys=0.00, real=0.00 secs] 
2021-01-22T01:15:06.621+0800: 25.260: [CMS-concurrent-abortable-preclean-start]
2021-01-22T01:15:06.655+0800: 25.293: [GC (Allocation Failure) 2021-01-22T01:15:06.655+0800: 25.294: [ParNew: 314558K->34943K(314560K), 0.0142174 secs] 817556K->606953K(1013632K), 0.0152757 secs] [Times: user=0.11 sys=0.00, real=0.02 secs] 
2021-01-22T01:15:06.710+0800: 25.348: [GC (Allocation Failure) 2021-01-22T01:15:06.710+0800: 25.349: [ParNew: 314559K->34942K(314560K), 0.0155784 secs] 886569K->686390K(1013632K), 0.0164030 secs] [Times: user=0.12 sys=0.00, real=0.01 secs] 
2021-01-22T01:15:06.762+0800: 25.401: [GC (Allocation Failure) 2021-01-22T01:15:06.763+0800: 25.401: [ParNew: 314424K->314424K(314560K), 0.0003263 secs]2021-01-22T01:15:06.764+0800: 25.402: [CMS2021-01-22T01:15:06.764+0800: 25.403: [CMS-concurrent-abortable-preclean: 0.005/0.143 secs] [Times: user=0.34 sys=0.00, real=0.14 secs] 
 (concurrent mode failure): 651448K->377249K(699072K), 0.0493416 secs] 965872K->377249K(1013632K), [Metaspace: 2817K->2817K(1056768K)], 0.0510191 secs] [Times: user=0.05 sys=0.00, real=0.05 secs] 
2021-01-22T01:15:06.848+0800: 25.487: [GC (Allocation Failure) 2021-01-22T01:15:06.849+0800: 25.487: [ParNew: 279490K->34943K(314560K), 0.0118960 secs] 656740K->463160K(1013632K), 0.0127105 secs] [Times: user=0.09 sys=0.00, real=0.02 secs] 
2021-01-22T01:15:06.896+0800: 25.534: [GC (Allocation Failure) 2021-01-22T01:15:06.896+0800: 25.535: [ParNew: 314559K->34942K(314560K), 0.0155467 secs] 742776K->547857K(1013632K), 0.0164854 secs] [Times: user=0.12 sys=0.00, real=0.02 secs] 
2021-01-22T01:15:06.914+0800: 25.552: [GC (CMS Initial Mark) [1 CMS-initial-mark: 512914K(699072K)] 553661K(1013632K), 0.0013616 secs] [Times: user=0.00 sys=0.00, real=0.00 secs] 
2021-01-22T01:15:06.915+0800: 25.554: [CMS-concurrent-mark-start]
2021-01-22T01:15:06.917+0800: 25.556: [CMS-concurrent-mark: 0.002/0.002 secs] [Times: user=0.01 sys=0.00, real=0.00 secs] 
2021-01-22T01:15:06.918+0800: 25.556: [CMS-concurrent-preclean-start]
2021-01-22T01:15:06.919+0800: 25.557: [CMS-concurrent-preclean: 0.001/0.001 secs] [Times: user=0.00 sys=0.00, real=0.01 secs] 
2021-01-22T01:15:06.919+0800: 25.557: [CMS-concurrent-abortable-preclean-start]
2021-01-22T01:15:06.949+0800: 25.588: [GC (Allocation Failure) 2021-01-22T01:15:06.950+0800: 25.588: [ParNew: 314558K->34943K(314560K), 0.0177354 secs] 827473K->630923K(1013632K), 0.0189580 secs] [Times: user=0.12 sys=0.00, real=0.02 secs] 
2021-01-22T01:15:07.004+0800: 25.643: [GC (Allocation Failure) 2021-01-22T01:15:07.004+0800: 25.643: [ParNew: 314179K->314179K(314560K), 0.0003697 secs]2021-01-22T01:15:07.005+0800: 25.644: [CMS2021-01-22T01:15:07.005+0800: 25.644: [CMS-concurrent-abortable-preclean: 0.003/0.086 secs] [Times: user=0.19 sys=0.00, real=0.08 secs] 
 (concurrent mode failure): 595979K->383650K(699072K), 0.0482731 secs] 910159K->383650K(1013632K), [Metaspace: 2817K->2817K(1056768K)], 0.0497869 secs] [Times: user=0.04 sys=0.00, real=0.05 secs] 
2021-01-22T01:15:07.087+0800: 25.725: [GC (Allocation Failure) 2021-01-22T01:15:07.087+0800: 25.726: [ParNew: 279616K->34942K(314560K), 0.0118693 secs] 663266K->469411K(1013632K), 0.0128821 secs] [Times: user=0.08 sys=0.00, real=0.02 secs] 
2021-01-22T01:15:07.131+0800: 25.770: [GC (Allocation Failure) 2021-01-22T01:15:07.132+0800: 25.770: [ParNew: 314558K->34943K(314560K), 0.0148958 secs] 749027K->550446K(1013632K), 0.0158015 secs] [Times: user=0.11 sys=0.00, real=0.01 secs] 
2021-01-22T01:15:07.148+0800: 25.787: [GC (CMS Initial Mark) [1 CMS-initial-mark: 515503K(699072K)] 556151K(1013632K), 0.0012824 secs] [Times: user=0.01 sys=0.00, real=0.01 secs] 
2021-01-22T01:15:07.150+0800: 25.788: [CMS-concurrent-mark-start]
2021-01-22T01:15:07.152+0800: 25.790: [CMS-concurrent-mark: 0.002/0.002 secs] [Times: user=0.00 sys=0.00, real=0.00 secs] 
2021-01-22T01:15:07.152+0800: 25.791: [CMS-concurrent-preclean-start]
2021-01-22T01:15:07.153+0800: 25.792: [CMS-concurrent-preclean: 0.001/0.001 secs] [Times: user=0.00 sys=0.00, real=0.00 secs] 
2021-01-22T01:15:07.153+0800: 25.792: [CMS-concurrent-abortable-preclean-start]
2021-01-22T01:15:07.183+0800: 25.822: [GC (Allocation Failure) 2021-01-22T01:15:07.183+0800: 25.822: [ParNew: 314559K->34943K(314560K), 0.0155424 secs] 830062K->634117K(1013632K), 0.0163053 secs] [Times: user=0.12 sys=0.00, real=0.02 secs] 
2021-01-22T01:15:07.232+0800: 25.871: [GC (Allocation Failure) 2021-01-22T01:15:07.233+0800: 25.871: [ParNew: 314559K->314559K(314560K), 0.0003426 secs]2021-01-22T01:15:07.234+0800: 25.872: [CMS2021-01-22T01:15:07.234+0800: 25.873: [CMS-concurrent-abortable-preclean: 0.003/0.081 secs] [Times: user=0.18 sys=0.00, real=0.08 secs] 
 (concurrent mode failure): 599173K->380849K(699072K), 0.0508052 secs] 913733K->380849K(1013632K), [Metaspace: 2817K->2817K(1056768K)], 0.0524724 secs] [Times: user=0.05 sys=0.00, real=0.05 secs] 
2021-01-22T01:15:07.318+0800: 25.957: [GC (Allocation Failure) 2021-01-22T01:15:07.318+0800: 25.957: [ParNew: 279616K->34943K(314560K), 0.0125108 secs] 660465K->472673K(1013632K), 0.0133109 secs] [Times: user=0.10 sys=0.00, real=0.02 secs] 
2021-01-22T01:15:07.365+0800: 26.003: [GC (Allocation Failure) 2021-01-22T01:15:07.369+0800: 26.007: [ParNew: 314559K->34943K(314560K), 0.0138641 secs] 752289K->546244K(1013632K), 0.0180759 secs] [Times: user=0.11 sys=0.00, real=0.02 secs] 
2021-01-22T01:15:07.384+0800: 26.023: [GC (CMS Initial Mark) [1 CMS-initial-mark: 511300K(699072K)] 551879K(1013632K), 0.0015994 secs] [Times: user=0.00 sys=0.00, real=0.00 secs] 
2021-01-22T01:15:07.387+0800: 26.025: [CMS-concurrent-mark-start]
2021-01-22T01:15:07.389+0800: 26.027: [CMS-concurrent-mark: 0.002/0.002 secs] [Times: user=0.00 sys=0.00, real=0.01 secs] 
2021-01-22T01:15:07.389+0800: 26.028: [CMS-concurrent-preclean-start]
2021-01-22T01:15:07.390+0800: 26.029: [CMS-concurrent-preclean: 0.001/0.001 secs] [Times: user=0.00 sys=0.00, real=0.00 secs] 
2021-01-22T01:15:07.391+0800: 26.029: [CMS-concurrent-abortable-preclean-start]
2021-01-22T01:15:07.421+0800: 26.060: [GC (Allocation Failure) 2021-01-22T01:15:07.422+0800: 26.060: [ParNew: 314559K->34942K(314560K), 0.0149067 secs] 825860K->621257K(1013632K), 0.0159215 secs] [Times: user=0.11 sys=0.00, real=0.01 secs] 
2021-01-22T01:15:07.471+0800: 26.110: [GC (Allocation Failure) 2021-01-22T01:15:07.472+0800: 26.110: [ParNew: 314558K->34943K(314560K), 0.0158835 secs] 900873K->709605K(1013632K), 0.0166852 secs] [Times: user=0.12 sys=0.00, real=0.02 secs] 
2021-01-22T01:15:07.489+0800: 26.127: [CMS-concurrent-abortable-preclean: 0.003/0.098 secs] [Times: user=0.28 sys=0.02, real=0.10 secs] 
2021-01-22T01:15:07.489+0800: 26.128: [GC (CMS Final Remark) [YG occupancy: 40932 K (314560 K)]2021-01-22T01:15:07.489+0800: 26.128: [Rescan (parallel) , 0.0015449 secs]2021-01-22T01:15:07.492+0800: 26.130: [weak refs processing, 0.0003009 secs]2021-01-22T01:15:07.492+0800: 26.131: [class unloading, 0.0004512 secs]2021-01-22T01:15:07.493+0800: 26.132: [scrub symbol table, 0.0005462 secs]2021-01-22T01:15:07.494+0800: 26.132: [scrub string table, 0.0004172 secs][1 CMS-remark: 674662K(699072K)] 715595K(1013632K), 0.0052722 secs] [Times: user=0.00 sys=0.00, real=0.00 secs] 
2021-01-22T01:15:07.495+0800: 26.134: [CMS-concurrent-sweep-start]
2021-01-22T01:15:07.496+0800: 26.135: [CMS-concurrent-sweep: 0.001/0.001 secs] [Times: user=0.00 sys=0.00, real=0.00 secs] 
2021-01-22T01:15:07.497+0800: 26.135: [CMS-concurrent-reset-start]
2021-01-22T01:15:07.497+0800: 26.136: [CMS-concurrent-reset: 0.001/0.001 secs] [Times: user=0.01 sys=0.00, real=0.00 secs] 
2021-01-22T01:15:07.529+0800: 26.168: [GC (Allocation Failure) 2021-01-22T01:15:07.530+0800: 26.168: [ParNew: 314559K->34943K(314560K), 0.0154467 secs] 822936K->625101K(1013632K), 0.0162009 secs] [Times: user=0.11 sys=0.00, real=0.01 secs] 
2021-01-22T01:15:07.547+0800: 26.185: [GC (CMS Initial Mark) [1 CMS-initial-mark: 590158K(699072K)] 631163K(1013632K), 0.0015127 secs] [Times: user=0.00 sys=0.00, real=0.01 secs] 
2021-01-22T01:15:07.549+0800: 26.187: [CMS-concurrent-mark-start]
2021-01-22T01:15:07.551+0800: 26.189: [CMS-concurrent-mark: 0.002/0.002 secs] [Times: user=0.00 sys=0.01, real=0.00 secs] 
2021-01-22T01:15:07.551+0800: 26.190: [CMS-concurrent-preclean-start]
2021-01-22T01:15:07.552+0800: 26.190: [CMS-concurrent-preclean: 0.001/0.001 secs] [Times: user=0.00 sys=0.00, real=0.00 secs] 
2021-01-22T01:15:07.552+0800: 26.191: [CMS-concurrent-abortable-preclean-start]
2021-01-22T01:15:07.584+0800: 26.222: [GC (Allocation Failure) 2021-01-22T01:15:07.584+0800: 26.223: [ParNew: 314559K->34943K(314560K), 0.0142369 secs] 904717K->696586K(1013632K), 0.0151039 secs] [Times: user=0.09 sys=0.01, real=0.02 secs] 
2021-01-22T01:15:07.601+0800: 26.239: [CMS-concurrent-abortable-preclean: 0.002/0.048 secs] [Times: user=0.13 sys=0.01, real=0.05 secs] 
2021-01-22T01:15:07.601+0800: 26.240: [GC (CMS Final Remark) [YG occupancy: 51725 K (314560 K)]2021-01-22T01:15:07.602+0800: 26.240: [Rescan (parallel) , 0.0014317 secs]2021-01-22T01:15:07.603+0800: 26.242: [weak refs processing, 0.0002761 secs]2021-01-22T01:15:07.604+0800: 26.243: [class unloading, 0.0007497 secs]2021-01-22T01:15:07.605+0800: 26.244: [scrub symbol table, 0.0008091 secs]2021-01-22T01:15:07.606+0800: 26.245: [scrub string table, 0.0004087 secs][1 CMS-remark: 661643K(699072K)] 713368K(1013632K), 0.0055490 secs] [Times: user=0.01 sys=0.00, real=0.00 secs] 
2021-01-22T01:15:07.608+0800: 26.246: [CMS-concurrent-sweep-start]
2021-01-22T01:15:07.609+0800: 26.247: [CMS-concurrent-sweep: 0.001/0.001 secs] [Times: user=0.00 sys=0.00, real=0.01 secs] 
2021-01-22T01:15:07.609+0800: 26.248: [CMS-concurrent-reset-start]
2021-01-22T01:15:07.610+0800: 26.248: [CMS-concurrent-reset: 0.000/0.000 secs] [Times: user=0.00 sys=0.00, real=0.00 secs] 
2021-01-22T01:15:07.639+0800: 26.278: [GC (Allocation Failure) 2021-01-22T01:15:07.639+0800: 26.278: [ParNew: 314559K->34943K(314560K), 0.0147962 secs] 737688K->540437K(1013632K), 0.0155210 secs] [Times: user=0.11 sys=0.00, real=0.01 secs] 
2021-01-22T01:15:07.656+0800: 26.294: [GC (CMS Initial Mark) [1 CMS-initial-mark: 505493K(699072K)] 546140K(1013632K), 0.0011944 secs] [Times: user=0.00 sys=0.00, real=0.00 secs] 
2021-01-22T01:15:07.657+0800: 26.296: [CMS-concurrent-mark-start]
2021-01-22T01:15:07.660+0800: 26.298: [CMS-concurrent-mark: 0.002/0.002 secs] [Times: user=0.00 sys=0.00, real=0.01 secs] 
2021-01-22T01:15:07.660+0800: 26.299: [CMS-concurrent-preclean-start]
2021-01-22T01:15:07.661+0800: 26.299: [CMS-concurrent-preclean: 0.001/0.001 secs] [Times: user=0.01 sys=0.00, real=0.00 secs] 
2021-01-22T01:15:07.661+0800: 26.300: [CMS-concurrent-abortable-preclean-start]
2021-01-22T01:15:07.692+0800: 26.330: [GC (Allocation Failure) 2021-01-22T01:15:07.692+0800: 26.331: [ParNew: 314559K->34942K(314560K), 0.0144681 secs] 820053K->617482K(1013632K), 0.0152879 secs] [Times: user=0.10 sys=0.00, real=0.01 secs] 
2021-01-22T01:15:07.742+0800: 26.381: [GC (Allocation Failure) 2021-01-22T01:15:07.743+0800: 26.381: [ParNew: 314558K->34943K(314560K), 0.0154293 secs] 897098K->701118K(1013632K), 0.0162531 secs] [Times: user=0.12 sys=0.00, real=0.02 secs] 
2021-01-22T01:15:07.759+0800: 26.398: [CMS-concurrent-abortable-preclean: 0.003/0.098 secs] [Times: user=0.29 sys=0.00, real=0.10 secs] 
2021-01-22T01:15:07.760+0800: 26.398: [GC (CMS Final Remark) [YG occupancy: 40529 K (314560 K)]2021-01-22T01:15:07.760+0800: 26.399: [Rescan (parallel) , 0.0019261 secs]2021-01-22T01:15:07.762+0800: 26.401: [weak refs processing, 0.0002889 secs]2021-01-22T01:15:07.763+0800: 26.401: [class unloading, 0.0004262 secs]2021-01-22T01:15:07.764+0800: 26.402: [scrub symbol table, 0.0005295 secs]2021-01-22T01:15:07.764+0800: 26.403: [scrub string table, 0.0004281 secs][1 CMS-remark: 666174K(699072K)] 706704K(1013632K), 0.0052853 secs] [Times: user=0.01 sys=0.00, real=0.00 secs] 
2021-01-22T01:15:07.766+0800: 26.404: [CMS-concurrent-sweep-start]
2021-01-22T01:15:07.767+0800: 26.405: [CMS-concurrent-sweep: 0.001/0.001 secs] [Times: user=0.00 sys=0.00, real=0.00 secs] 
2021-01-22T01:15:07.767+0800: 26.406: [CMS-concurrent-reset-start]
2021-01-22T01:15:07.768+0800: 26.406: [CMS-concurrent-reset: 0.001/0.001 secs] [Times: user=0.00 sys=0.00, real=0.00 secs] 
2021-01-22T01:15:07.797+0800: 26.436: [GC (Allocation Failure) 2021-01-22T01:15:07.798+0800: 26.436: [ParNew: 314559K->34943K(314560K), 0.0145482 secs] 820147K->620181K(1013632K), 0.0153796 secs] [Times: user=0.11 sys=0.00, real=0.02 secs] 
2021-01-22T01:15:07.814+0800: 26.452: [GC (CMS Initial Mark) [1 CMS-initial-mark: 585238K(699072K)] 626346K(1013632K), 0.0012991 secs] [Times: user=0.00 sys=0.00, real=0.00 secs] 
2021-01-22T01:15:07.816+0800: 26.454: [CMS-concurrent-mark-start]
2021-01-22T01:15:07.818+0800: 26.457: [CMS-concurrent-mark: 0.002/0.002 secs] [Times: user=0.01 sys=0.00, real=0.00 secs] 
2021-01-22T01:15:07.818+0800: 26.457: [CMS-concurrent-preclean-start]
2021-01-22T01:15:07.819+0800: 26.458: [CMS-concurrent-preclean: 0.001/0.001 secs] [Times: user=0.00 sys=0.00, real=0.00 secs] 
2021-01-22T01:15:07.820+0800: 26.458: [CMS-concurrent-abortable-preclean-start]
2021-01-22T01:15:07.849+0800: 26.487: [GC (Allocation Failure) 2021-01-22T01:15:07.849+0800: 26.488: [ParNew: 314559K->34942K(314560K), 0.0150628 secs] 899797K->702824K(1013632K), 0.0157819 secs] [Times: user=0.10 sys=0.02, real=0.01 secs] 
2021-01-22T01:15:07.865+0800: 26.504: [CMS-concurrent-abortable-preclean: 0.001/0.045 secs] [Times: user=0.13 sys=0.02, real=0.04 secs] 
2021-01-22T01:15:07.866+0800: 26.504: [GC (CMS Final Remark) [YG occupancy: 41514 K (314560 K)]2021-01-22T01:15:07.866+0800: 26.505: [Rescan (parallel) , 0.0017738 secs]2021-01-22T01:15:07.868+0800: 26.507: [weak refs processing, 0.0003270 secs]2021-01-22T01:15:07.869+0800: 26.507: [class unloading, 0.0004876 secs]2021-01-22T01:15:07.870+0800: 26.508: [scrub symbol table, 0.0006244 secs]2021-01-22T01:15:07.871+0800: 26.509: [scrub string table, 0.0005015 secs][1 CMS-remark: 667881K(699072K)] 709395K(1013632K), 0.0054548 secs] [Times: user=0.01 sys=0.00, real=0.01 secs] 
2021-01-22T01:15:07.872+0800: 26.511: [CMS-concurrent-sweep-start]
2021-01-22T01:15:07.874+0800: 26.513: [CMS-concurrent-sweep: 0.002/0.002 secs] [Times: user=0.00 sys=0.00, real=0.00 secs] 
2021-01-22T01:15:07.875+0800: 26.513: [CMS-concurrent-reset-start]
2021-01-22T01:15:07.875+0800: 26.514: [CMS-concurrent-reset: 0.000/0.000 secs] [Times: user=0.00 sys=0.00, real=0.00 secs] 
2021-01-22T01:15:07.904+0800: 26.543: [GC (Allocation Failure) 2021-01-22T01:15:07.905+0800: 26.543: [ParNew: 314558K->34939K(314560K), 0.0156440 secs] 744042K->547640K(1013632K), 0.0168171 secs] [Times: user=0.11 sys=0.00, real=0.02 secs] 
2021-01-22T01:15:07.922+0800: 26.561: [GC (CMS Initial Mark) [1 CMS-initial-mark: 512700K(699072K)] 553475K(1013632K), 0.0013665 secs] [Times: user=0.00 sys=0.00, real=0.00 secs] 
2021-01-22T01:15:07.924+0800: 26.563: [CMS-concurrent-mark-start]
2021-01-22T01:15:07.926+0800: 26.565: [CMS-concurrent-mark: 0.002/0.002 secs] [Times: user=0.01 sys=0.00, real=0.00 secs] 
2021-01-22T01:15:07.926+0800: 26.565: [CMS-concurrent-preclean-start]
2021-01-22T01:15:07.927+0800: 26.566: [CMS-concurrent-preclean: 0.001/0.001 secs] [Times: user=0.00 sys=0.00, real=0.00 secs] 
2021-01-22T01:15:07.927+0800: 26.566: [CMS-concurrent-abortable-preclean-start]
2021-01-22T01:15:07.958+0800: 26.596: [GC (Allocation Failure) 2021-01-22T01:15:07.958+0800: 26.597: [ParNew: 314322K->34942K(314560K), 0.0145724 secs] 827022K->619923K(1013632K), 0.0153224 secs] [Times: user=0.10 sys=0.00, real=0.02 secs] 
2021-01-22T01:15:08.008+0800: 26.647: [GC (Allocation Failure) 2021-01-22T01:15:08.009+0800: 26.647: [ParNew: 314558K->34943K(314560K), 0.0171076 secs] 899539K->693791K(1013632K), 0.0179060 secs] [Times: user=0.12 sys=0.01, real=0.01 secs] 
2021-01-22T01:15:08.028+0800: 26.667: [CMS-concurrent-abortable-preclean: 0.004/0.101 secs] [Times: user=0.29 sys=0.01, real=0.11 secs] 
2021-01-22T01:15:08.029+0800: 26.668: [GC (CMS Final Remark) [YG occupancy: 47651 K (314560 K)]2021-01-22T01:15:08.030+0800: 26.668: [Rescan (parallel) , 0.0011331 secs]2021-01-22T01:15:08.031+0800: 26.670: [weak refs processing, 0.0002557 secs]2021-01-22T01:15:08.031+0800: 26.670: [class unloading, 0.0005001 secs]2021-01-22T01:15:08.032+0800: 26.671: [scrub symbol table, 0.0004369 secs]2021-01-22T01:15:08.033+0800: 26.671: [scrub string table, 0.0003157 secs][1 CMS-remark: 658847K(699072K)] 706498K(1013632K), 0.0041254 secs] [Times: user=0.00 sys=0.00, real=0.00 secs] 
2021-01-22T01:15:08.034+0800: 26.672: [CMS-concurrent-sweep-start]
2021-01-22T01:15:08.035+0800: 26.673: [CMS-concurrent-sweep: 0.001/0.001 secs] [Times: user=0.01 sys=0.00, real=0.00 secs] 
2021-01-22T01:15:08.035+0800: 26.674: [CMS-concurrent-reset-start]
2021-01-22T01:15:08.036+0800: 26.674: [CMS-concurrent-reset: 0.000/0.000 secs] [Times: user=0.00 sys=0.00, real=0.00 secs] 
2021-01-22T01:15:08.066+0800: 26.705: [GC (Allocation Failure) 2021-01-22T01:15:08.067+0800: 26.705: [ParNew: 314559K->34943K(314560K), 0.0182687 secs] 811358K->612686K(1013632K), 0.0193144 secs] [Times: user=0.14 sys=0.00, real=0.02 secs] 
2021-01-22T01:15:08.087+0800: 26.725: [GC (CMS Initial Mark) [1 CMS-initial-mark: 577742K(699072K)] 618449K(1013632K), 0.0014514 secs] [Times: user=0.00 sys=0.00, real=0.01 secs] 
2021-01-22T01:15:08.089+0800: 26.727: [CMS-concurrent-mark-start]
2021-01-22T01:15:08.091+0800: 26.729: [CMS-concurrent-mark: 0.002/0.002 secs] [Times: user=0.01 sys=0.00, real=0.00 secs] 
2021-01-22T01:15:08.091+0800: 26.730: [CMS-concurrent-preclean-start]
2021-01-22T01:15:08.092+0800: 26.730: [CMS-concurrent-preclean: 0.001/0.001 secs] [Times: user=0.00 sys=0.00, real=0.00 secs] 
2021-01-22T01:15:08.092+0800: 26.731: [CMS-concurrent-abortable-preclean-start]
2021-01-22T01:15:08.124+0800: 26.763: [GC (Allocation Failure) 2021-01-22T01:15:08.125+0800: 26.763: [ParNew: 314559K->34943K(314560K), 0.0146778 secs] 892302K->692117K(1013632K), 0.0156422 secs] [Times: user=0.12 sys=0.00, real=0.02 secs] 
2021-01-22T01:15:08.142+0800: 26.780: [CMS-concurrent-abortable-preclean: 0.002/0.050 secs] [Times: user=0.15 sys=0.00, real=0.05 secs] 
2021-01-22T01:15:08.142+0800: 26.781: [GC (CMS Final Remark) [YG occupancy: 53329 K (314560 K)]2021-01-22T01:15:08.143+0800: 26.781: [Rescan (parallel) , 0.0008065 secs]2021-01-22T01:15:08.144+0800: 26.782: [weak refs processing, 0.0002086 secs]2021-01-22T01:15:08.144+0800: 26.783: [class unloading, 0.0003666 secs]2021-01-22T01:15:08.145+0800: 26.783: [scrub symbol table, 0.0004864 secs]2021-01-22T01:15:08.145+0800: 26.784: [scrub string table, 0.0004041 secs][1 CMS-remark: 657174K(699072K)] 710503K(1013632K), 0.0036155 secs] [Times: user=0.00 sys=0.00, real=0.00 secs] 
2021-01-22T01:15:08.147+0800: 26.785: [CMS-concurrent-sweep-start]
2021-01-22T01:15:08.148+0800: 26.786: [CMS-concurrent-sweep: 0.001/0.001 secs] [Times: user=0.01 sys=0.00, real=0.00 secs] 
2021-01-22T01:15:08.148+0800: 26.787: [CMS-concurrent-reset-start]
2021-01-22T01:15:08.149+0800: 26.787: [CMS-concurrent-reset: 0.001/0.001 secs] [Times: user=0.00 sys=0.00, real=0.00 secs] 
2021-01-22T01:15:08.178+0800: 26.816: [GC (Allocation Failure) 2021-01-22T01:15:08.178+0800: 26.817: [ParNew: 314559K->34942K(314560K), 0.0148454 secs] 730292K->531897K(1013632K), 0.0155686 secs] [Times: user=0.10 sys=0.01, real=0.02 secs] 
2021-01-22T01:15:08.194+0800: 26.833: [GC (CMS Initial Mark) [1 CMS-initial-mark: 496955K(699072K)] 537611K(1013632K), 0.0013176 secs] [Times: user=0.00 sys=0.00, real=0.00 secs] 
2021-01-22T01:15:08.196+0800: 26.835: [CMS-concurrent-mark-start]
2021-01-22T01:15:08.198+0800: 26.837: [CMS-concurrent-mark: 0.002/0.002 secs] [Times: user=0.01 sys=0.00, real=0.01 secs] 
2021-01-22T01:15:08.199+0800: 26.837: [CMS-concurrent-preclean-start]
2021-01-22T01:15:08.199+0800: 26.838: [CMS-concurrent-preclean: 0.001/0.001 secs] [Times: user=0.00 sys=0.00, real=0.00 secs] 
2021-01-22T01:15:08.200+0800: 26.838: [CMS-concurrent-abortable-preclean-start]
2021-01-22T01:15:08.228+0800: 26.867: [GC (Allocation Failure) 2021-01-22T01:15:08.229+0800: 26.867: [ParNew: 314558K->34943K(314560K), 0.0140553 secs] 811513K->608235K(1013632K), 0.0148924 secs] [Times: user=0.11 sys=0.00, real=0.01 secs] 
2021-01-22T01:15:08.274+0800: 26.913: [GC (Allocation Failure) 2021-01-22T01:15:08.275+0800: 26.913: [ParNew: 314559K->34943K(314560K), 0.0155708 secs] 887851K->699046K(1013632K), 0.0162986 secs] [Times: user=0.12 sys=0.00, real=0.02 secs] 
2021-01-22T01:15:08.291+0800: 26.930: [CMS-concurrent-abortable-preclean: 0.003/0.092 secs] [Times: user=0.29 sys=0.00, real=0.09 secs] 
2021-01-22T01:15:08.292+0800: 26.931: [GC (CMS Final Remark) [YG occupancy: 40636 K (314560 K)]2021-01-22T01:15:08.292+0800: 26.931: [Rescan (parallel) , 0.0012177 secs]2021-01-22T01:15:08.294+0800: 26.932: [weak refs processing, 0.0003522 secs]2021-01-22T01:15:08.295+0800: 26.933: [class unloading, 0.0004889 secs]2021-01-22T01:15:08.295+0800: 26.934: [scrub symbol table, 0.0006008 secs]2021-01-22T01:15:08.296+0800: 26.935: [scrub string table, 0.0004381 secs][1 CMS-remark: 664103K(699072K)] 704740K(1013632K), 0.0050238 secs] [Times: user=0.00 sys=0.00, real=0.00 secs] 
2021-01-22T01:15:08.298+0800: 26.936: [CMS-concurrent-sweep-start]
2021-01-22T01:15:08.299+0800: 26.938: [CMS-concurrent-sweep: 0.001/0.001 secs] [Times: user=0.01 sys=0.00, real=0.01 secs] 
2021-01-22T01:15:08.299+0800: 26.938: [CMS-concurrent-reset-start]
2021-01-22T01:15:08.300+0800: 26.938: [CMS-concurrent-reset: 0.001/0.001 secs] [Times: user=0.00 sys=0.00, real=0.00 secs] 
2021-01-22T01:15:08.330+0800: 26.969: [GC (Allocation Failure) 2021-01-22T01:15:08.331+0800: 26.969: [ParNew: 314559K->34943K(314560K), 0.0144390 secs] 826355K->621968K(1013632K), 0.0153768 secs] [Times: user=0.11 sys=0.00, real=0.01 secs] 
2021-01-22T01:15:08.347+0800: 26.986: [GC (CMS Initial Mark) [1 CMS-initial-mark: 587024K(699072K)] 627892K(1013632K), 0.0015685 secs] [Times: user=0.00 sys=0.00, real=0.01 secs] 
2021-01-22T01:15:08.349+0800: 26.988: [CMS-concurrent-mark-start]
2021-01-22T01:15:08.351+0800: 26.990: [CMS-concurrent-mark: 0.002/0.002 secs] [Times: user=0.00 sys=0.00, real=0.00 secs] 
2021-01-22T01:15:08.352+0800: 26.990: [CMS-concurrent-preclean-start]
2021-01-22T01:15:08.353+0800: 26.991: [CMS-concurrent-preclean: 0.001/0.001 secs] [Times: user=0.00 sys=0.00, real=0.00 secs] 
2021-01-22T01:15:08.353+0800: 26.992: [CMS-concurrent-abortable-preclean-start]
2021-01-22T01:15:08.382+0800: 27.021: [GC (Allocation Failure) 2021-01-22T01:15:08.383+0800: 27.021: [ParNew: 314178K->34943K(314560K), 0.0142088 secs] 901203K->699613K(1013632K), 0.0150025 secs] [Times: user=0.09 sys=0.01, real=0.01 secs] 
2021-01-22T01:15:08.398+0800: 27.037: [CMS-concurrent-abortable-preclean: 0.001/0.045 secs] [Times: user=0.12 sys=0.01, real=0.04 secs] 
2021-01-22T01:15:08.398+0800: 27.037: [GC (CMS Final Remark) [YG occupancy: 41250 K (314560 K)]2021-01-22T01:15:08.399+0800: 27.037: [Rescan (parallel) , 0.0008335 secs]2021-01-22T01:15:08.400+0800: 27.038: [weak refs processing, 0.0002807 secs]2021-01-22T01:15:08.400+0800: 27.039: [class unloading, 0.0004177 secs]2021-01-22T01:15:08.401+0800: 27.040: [scrub symbol table, 0.0005303 secs]2021-01-22T01:15:08.402+0800: 27.040: [scrub string table, 0.0004367 secs][1 CMS-remark: 664669K(699072K)] 705919K(1013632K), 0.0040890 secs] [Times: user=0.01 sys=0.00, real=0.00 secs] 
2021-01-22T01:15:08.403+0800: 27.042: [CMS-concurrent-sweep-start]
2021-01-22T01:15:08.404+0800: 27.043: [CMS-concurrent-sweep: 0.001/0.001 secs] [Times: user=0.00 sys=0.00, real=0.00 secs] 
2021-01-22T01:15:08.405+0800: 27.043: [CMS-concurrent-reset-start]
2021-01-22T01:15:08.405+0800: 27.044: [CMS-concurrent-reset: 0.000/0.000 secs] [Times: user=0.00 sys=0.00, real=0.00 secs] 
2021-01-22T01:15:08.437+0800: 27.075: [GC (Allocation Failure) 2021-01-22T01:15:08.437+0800: 27.076: [ParNew: 314559K->34943K(314560K), 0.0139904 secs] 743773K->539709K(1013632K), 0.0148377 secs] [Times: user=0.11 sys=0.00, real=0.02 secs] 
2021-01-22T01:15:08.453+0800: 27.091: [GC (CMS Initial Mark) [1 CMS-initial-mark: 504765K(699072K)] 545469K(1013632K), 0.0015921 secs] [Times: user=0.00 sys=0.00, real=0.00 secs] 
2021-01-22T01:15:08.455+0800: 27.094: [CMS-concurrent-mark-start]
2021-01-22T01:15:08.457+0800: 27.096: [CMS-concurrent-mark: 0.002/0.002 secs] [Times: user=0.00 sys=0.00, real=0.00 secs] 
2021-01-22T01:15:08.458+0800: 27.097: [CMS-concurrent-preclean-start]
2021-01-22T01:15:08.459+0800: 27.097: [CMS-concurrent-preclean: 0.001/0.001 secs] [Times: user=0.00 sys=0.00, real=0.01 secs] 
2021-01-22T01:15:08.459+0800: 27.098: [CMS-concurrent-abortable-preclean-start]
2021-01-22T01:15:08.486+0800: 27.124: [GC (Allocation Failure) 2021-01-22T01:15:08.486+0800: 27.125: [ParNew: 314559K->34942K(314560K), 0.0146152 secs] 819325K->618643K(1013632K), 0.0154952 secs] [Times: user=0.10 sys=0.00, real=0.02 secs] 
2021-01-22T01:15:08.534+0800: 27.173: [GC (Allocation Failure) 2021-01-22T01:15:08.535+0800: 27.173: [ParNew: 314558K->34942K(314560K), 0.0135151 secs] 898259K->691648K(1013632K), 0.0142100 secs] [Times: user=0.09 sys=0.01, real=0.02 secs] 
2021-01-22T01:15:08.550+0800: 27.189: [CMS-concurrent-abortable-preclean: 0.004/0.091 secs] [Times: user=0.26 sys=0.01, real=0.09 secs] 
2021-01-22T01:15:08.551+0800: 27.190: [GC (CMS Final Remark) [YG occupancy: 53120 K (314560 K)]2021-01-22T01:15:08.552+0800: 27.190: [Rescan (parallel) , 0.0017334 secs]2021-01-22T01:15:08.554+0800: 27.192: [weak refs processing, 0.0003177 secs]2021-01-22T01:15:08.554+0800: 27.193: [class unloading, 0.0006594 secs]2021-01-22T01:15:08.556+0800: 27.194: [scrub symbol table, 0.0006043 secs]2021-01-22T01:15:08.556+0800: 27.195: [scrub string table, 0.0004928 secs][1 CMS-remark: 656705K(699072K)] 709826K(1013632K), 0.0061991 secs] [Times: user=0.00 sys=0.00, real=0.00 secs] 
2021-01-22T01:15:08.559+0800: 27.197: [CMS-concurrent-sweep-start]
2021-01-22T01:15:08.560+0800: 27.198: [CMS-concurrent-sweep: 0.001/0.001 secs] [Times: user=0.00 sys=0.00, real=0.00 secs] 
2021-01-22T01:15:08.560+0800: 27.199: [CMS-concurrent-reset-start]
2021-01-22T01:15:08.561+0800: 27.199: [CMS-concurrent-reset: 0.001/0.001 secs] [Times: user=0.00 sys=0.00, real=0.00 secs] 
2021-01-22T01:15:08.588+0800: 27.227: [GC (Allocation Failure) 2021-01-22T01:15:08.589+0800: 27.227: [ParNew: 314558K->34943K(314560K), 0.0152864 secs] 813927K->614617K(1013632K), 0.0160831 secs] [Times: user=0.12 sys=0.00, real=0.01 secs] 
2021-01-22T01:15:08.605+0800: 27.244: [GC (CMS Initial Mark) [1 CMS-initial-mark: 579674K(699072K)] 620492K(1013632K), 0.0017498 secs] [Times: user=0.00 sys=0.00, real=0.00 secs] 
2021-01-22T01:15:08.608+0800: 27.247: [CMS-concurrent-mark-start]
2021-01-22T01:15:08.610+0800: 27.249: [CMS-concurrent-mark: 0.002/0.002 secs] [Times: user=0.00 sys=0.00, real=0.01 secs] 
2021-01-22T01:15:08.610+0800: 27.249: [CMS-concurrent-preclean-start]
2021-01-22T01:15:08.611+0800: 27.250: [CMS-concurrent-preclean: 0.001/0.001 secs] [Times: user=0.01 sys=0.00, real=0.00 secs] 
2021-01-22T01:15:08.612+0800: 27.250: [CMS-concurrent-abortable-preclean-start]
2021-01-22T01:15:08.639+0800: 27.278: [GC (Allocation Failure) 2021-01-22T01:15:08.640+0800: 27.278: [ParNew: 314559K->34943K(314560K), 0.0153983 secs] 894233K->703888K(1013632K), 0.0163549 secs] [Times: user=0.11 sys=0.00, real=0.01 secs] 
2021-01-22T01:15:08.656+0800: 27.295: [CMS-concurrent-abortable-preclean: 0.001/0.044 secs] [Times: user=0.14 sys=0.00, real=0.04 secs] 
2021-01-22T01:15:08.657+0800: 27.295: [GC (CMS Final Remark) [YG occupancy: 40642 K (314560 K)]2021-01-22T01:15:08.657+0800: 27.296: [Rescan (parallel) , 0.0017092 secs]2021-01-22T01:15:08.659+0800: 27.298: [weak refs processing, 0.0002633 secs]2021-01-22T01:15:08.660+0800: 27.298: [class unloading, 0.0004165 secs]2021-01-22T01:15:08.661+0800: 27.299: [scrub symbol table, 0.0004812 secs]2021-01-22T01:15:08.661+0800: 27.300: [scrub string table, 0.0003581 secs][1 CMS-remark: 668945K(699072K)] 709588K(1013632K), 0.0050740 secs] [Times: user=0.01 sys=0.00, real=0.01 secs] 
2021-01-22T01:15:08.662+0800: 27.301: [CMS-concurrent-sweep-start]
2021-01-22T01:15:08.664+0800: 27.302: [CMS-concurrent-sweep: 0.001/0.001 secs] [Times: user=0.00 sys=0.00, real=0.00 secs] 
2021-01-22T01:15:08.664+0800: 27.303: [CMS-concurrent-reset-start]
2021-01-22T01:15:08.664+0800: 27.303: [CMS-concurrent-reset: 0.000/0.000 secs] [Times: user=0.00 sys=0.00, real=0.00 secs] 
2021-01-22T01:15:08.693+0800: 27.332: [GC (Allocation Failure) 2021-01-22T01:15:08.693+0800: 27.332: [ParNew: 314559K->34942K(314560K), 0.0151125 secs] 748068K->546906K(1013632K), 0.0160264 secs] [Times: user=0.11 sys=0.01, real=0.02 secs] 
2021-01-22T01:15:08.710+0800: 27.349: [GC (CMS Initial Mark) [1 CMS-initial-mark: 511963K(699072K)] 552675K(1013632K), 0.0015258 secs] [Times: user=0.00 sys=0.00, real=0.00 secs] 
2021-01-22T01:15:08.713+0800: 27.351: [CMS-concurrent-mark-start]
2021-01-22T01:15:08.715+0800: 27.353: [CMS-concurrent-mark: 0.002/0.002 secs] [Times: user=0.00 sys=0.00, real=0.00 secs] 
2021-01-22T01:15:08.715+0800: 27.354: [CMS-concurrent-preclean-start]
2021-01-22T01:15:08.716+0800: 27.355: [CMS-concurrent-preclean: 0.001/0.001 secs] [Times: user=0.00 sys=0.00, real=0.00 secs] 
2021-01-22T01:15:08.717+0800: 27.355: [CMS-concurrent-abortable-preclean-start]
2021-01-22T01:15:08.748+0800: 27.386: [GC (Allocation Failure) 2021-01-22T01:15:08.748+0800: 27.387: [ParNew: 314558K->34942K(314560K), 0.0144306 secs] 826522K->627208K(1013632K), 0.0154898 secs] [Times: user=0.11 sys=0.00, real=0.02 secs] 
2021-01-22T01:15:08.797+0800: 27.436: [GC (Allocation Failure) 2021-01-22T01:15:08.798+0800: 27.436: [ParNew: 314558K->34943K(314560K), 0.0148446 secs] 906824K->703321K(1013632K), 0.0157244 secs] [Times: user=0.11 sys=0.00, real=0.02 secs] 
2021-01-22T01:15:08.814+0800: 27.452: [CMS-concurrent-abortable-preclean: 0.003/0.097 secs] [Times: user=0.30 sys=0.00, real=0.10 secs] 
2021-01-22T01:15:08.814+0800: 27.453: [GC (CMS Final Remark) [YG occupancy: 41270 K (314560 K)]2021-01-22T01:15:08.815+0800: 27.453: [Rescan (parallel) , 0.0014013 secs]2021-01-22T01:15:08.817+0800: 27.455: [weak refs processing, 0.0003594 secs]2021-01-22T01:15:08.817+0800: 27.456: [class unloading, 0.0005130 secs]2021-01-22T01:15:08.818+0800: 27.457: [scrub symbol table, 0.0006406 secs]2021-01-22T01:15:08.819+0800: 27.458: [scrub string table, 0.0004466 secs][1 CMS-remark: 668377K(699072K)] 709648K(1013632K), 0.0054287 secs] [Times: user=0.00 sys=0.00, real=0.01 secs] 
2021-01-22T01:15:08.820+0800: 27.459: [CMS-concurrent-sweep-start]
2021-01-22T01:15:08.821+0800: 27.460: [CMS-concurrent-sweep: 0.001/0.001 secs] [Times: user=0.00 sys=0.00, real=0.00 secs] 
2021-01-22T01:15:08.822+0800: 27.460: [CMS-concurrent-reset-start]
2021-01-22T01:15:08.822+0800: 27.461: [CMS-concurrent-reset: 0.001/0.001 secs] [Times: user=0.00 sys=0.00, real=0.00 secs] 
2021-01-22T01:15:08.850+0800: 27.489: [GC (Allocation Failure) 2021-01-22T01:15:08.851+0800: 27.489: [ParNew: 314559K->34942K(314560K), 0.0150075 secs] 823883K->629079K(1013632K), 0.0158358 secs] [Times: user=0.12 sys=0.00, real=0.01 secs] 
2021-01-22T01:15:08.867+0800: 27.506: [GC (CMS Initial Mark) [1 CMS-initial-mark: 594137K(699072K)] 635257K(1013632K), 0.0013822 secs] [Times: user=0.00 sys=0.00, real=0.01 secs] 
2021-01-22T01:15:08.869+0800: 27.508: [CMS-concurrent-mark-start]
2021-01-22T01:15:08.872+0800: 27.510: [CMS-concurrent-mark: 0.002/0.002 secs] [Times: user=0.00 sys=0.00, real=0.00 secs] 
2021-01-22T01:15:08.872+0800: 27.511: [CMS-concurrent-preclean-start]
2021-01-22T01:15:08.873+0800: 27.512: [CMS-concurrent-preclean: 0.001/0.001 secs] [Times: user=0.00 sys=0.00, real=0.00 secs] 
2021-01-22T01:15:08.874+0800: 27.512: [CMS-concurrent-abortable-preclean-start]
2021-01-22T01:15:08.902+0800: 27.541: [GC (Allocation Failure) 2021-01-22T01:15:08.903+0800: 27.541: [ParNew: 314558K->34942K(314560K), 0.0147760 secs] 908695K->707960K(1013632K), 0.0160087 secs] [Times: user=0.11 sys=0.00, real=0.02 secs] 
2021-01-22T01:15:08.919+0800: 27.558: [CMS-concurrent-abortable-preclean: 0.001/0.045 secs] [Times: user=0.14 sys=0.00, real=0.05 secs] 
2021-01-22T01:15:08.920+0800: 27.558: [GC (CMS Final Remark) [YG occupancy: 41087 K (314560 K)]2021-01-22T01:15:08.920+0800: 27.559: [Rescan (parallel) , 0.0026751 secs]2021-01-22T01:15:08.923+0800: 27.562: [weak refs processing, 0.0003523 secs]2021-01-22T01:15:08.924+0800: 27.563: [class unloading, 0.0004568 secs]2021-01-22T01:15:08.925+0800: 27.563: [scrub symbol table, 0.0006110 secs]2021-01-22T01:15:08.926+0800: 27.564: [scrub string table, 0.0004187 secs][1 CMS-remark: 673018K(699072K)] 714105K(1013632K), 0.0066376 secs] [Times: user=0.01 sys=0.00, real=0.00 secs] 
2021-01-22T01:15:08.927+0800: 27.566: [CMS-concurrent-sweep-start]
2021-01-22T01:15:08.928+0800: 27.567: [CMS-concurrent-sweep: 0.001/0.001 secs] [Times: user=0.01 sys=0.00, real=0.01 secs] 
2021-01-22T01:15:08.929+0800: 27.567: [CMS-concurrent-reset-start]
2021-01-22T01:15:08.929+0800: 27.568: [CMS-concurrent-reset: 0.000/0.000 secs] [Times: user=0.00 sys=0.00, real=0.00 secs] 
2021-01-22T01:15:08.960+0800: 27.599: [GC (Allocation Failure) 2021-01-22T01:15:08.961+0800: 27.599: [ParNew: 314213K->34942K(314560K), 0.0155088 secs] 733599K->531956K(1013632K), 0.0163323 secs] [Times: user=0.11 sys=0.00, real=0.01 secs] 
2021-01-22T01:15:08.978+0800: 27.616: [GC (CMS Initial Mark) [1 CMS-initial-mark: 497014K(699072K)] 538419K(1013632K), 0.0012636 secs] [Times: user=0.00 sys=0.00, real=0.01 secs] 
2021-01-22T01:15:08.980+0800: 27.618: [CMS-concurrent-mark-start]
2021-01-22T01:15:08.982+0800: 27.620: [CMS-concurrent-mark: 0.002/0.002 secs] [Times: user=0.00 sys=0.01, real=0.00 secs] 
2021-01-22T01:15:08.982+0800: 27.621: [CMS-concurrent-preclean-start]
2021-01-22T01:15:08.983+0800: 27.622: [CMS-concurrent-preclean: 0.001/0.001 secs] [Times: user=0.00 sys=0.00, real=0.00 secs] 
2021-01-22T01:15:08.983+0800: 27.622: [CMS-concurrent-abortable-preclean-start]
2021-01-22T01:15:09.011+0800: 27.650: [GC (Allocation Failure) 2021-01-22T01:15:09.012+0800: 27.651: [ParNew: 314471K->34943K(314560K), 0.0151226 secs] 811485K->612974K(1013632K), 0.0159807 secs] [Times: user=0.11 sys=0.00, real=0.01 secs] 
2021-01-22T01:15:09.062+0800: 27.700: [GC (Allocation Failure) 2021-01-22T01:15:09.062+0800: 27.701: [ParNew: 314559K->34943K(314560K), 0.0138803 secs] 892590K->689951K(1013632K), 0.0148358 secs] [Times: user=0.10 sys=0.00, real=0.01 secs] 
2021-01-22T01:15:09.078+0800: 27.717: [CMS-concurrent-abortable-preclean: 0.005/0.095 secs] [Times: user=0.28 sys=0.00, real=0.10 secs] 
2021-01-22T01:15:09.079+0800: 27.718: [GC (CMS Final Remark) [YG occupancy: 59734 K (314560 K)]2021-01-22T01:15:09.080+0800: 27.718: [Rescan (parallel) , 0.0014018 secs]2021-01-22T01:15:09.081+0800: 27.720: [weak refs processing, 0.0002472 secs]2021-01-22T01:15:09.082+0800: 27.720: [class unloading, 0.0004265 secs]2021-01-22T01:15:09.082+0800: 27.721: [scrub symbol table, 0.0006137 secs]2021-01-22T01:15:09.083+0800: 27.722: [scrub string table, 0.0004036 secs][1 CMS-remark: 655008K(699072K)] 714742K(1013632K), 0.0045780 secs] [Times: user=0.00 sys=0.00, real=0.00 secs] 
2021-01-22T01:15:09.085+0800: 27.723: [CMS-concurrent-sweep-start]
2021-01-22T01:15:09.086+0800: 27.724: [CMS-concurrent-sweep: 0.001/0.001 secs] [Times: user=0.00 sys=0.00, real=0.00 secs] 
2021-01-22T01:15:09.086+0800: 27.725: [CMS-concurrent-reset-start]
2021-01-22T01:15:09.087+0800: 27.725: [CMS-concurrent-reset: 0.001/0.001 secs] [Times: user=0.00 sys=0.00, real=0.00 secs] 
2021-01-22T01:15:09.117+0800: 27.756: [GC (Allocation Failure) 2021-01-22T01:15:09.117+0800: 27.756: [ParNew: 314559K->34943K(314560K), 0.0152015 secs] 811046K->609870K(1013632K), 0.0159817 secs] [Times: user=0.10 sys=0.00, real=0.02 secs] 
2021-01-22T01:15:09.134+0800: 27.772: [GC (CMS Initial Mark) [1 CMS-initial-mark: 574926K(699072K)] 615848K(1013632K), 0.0011500 secs] [Times: user=0.00 sys=0.00, real=0.00 secs] 
2021-01-22T01:15:09.136+0800: 27.774: [CMS-concurrent-mark-start]
2021-01-22T01:15:09.138+0800: 27.776: [CMS-concurrent-mark: 0.002/0.002 secs] [Times: user=0.00 sys=0.00, real=0.00 secs] 
2021-01-22T01:15:09.148+0800: 27.787: [CMS-concurrent-preclean-start]
2021-01-22T01:15:09.149+0800: 27.788: [CMS-concurrent-preclean: 0.001/0.001 secs] [Times: user=0.00 sys=0.00, real=0.00 secs] 
2021-01-22T01:15:09.150+0800: 27.788: [CMS-concurrent-abortable-preclean-start]
2021-01-22T01:15:09.172+0800: 27.810: [GC (Allocation Failure) 2021-01-22T01:15:09.172+0800: 27.811: [ParNew: 314390K->34942K(314560K), 0.0180733 secs] 889316K->682064K(1013632K), 0.0187666 secs] [Times: user=0.14 sys=0.00, real=0.02 secs] 
2021-01-22T01:15:09.227+0800: 27.866: [GC (Allocation Failure) 2021-01-22T01:15:09.228+0800: 27.866: [ParNew: 314558K->314558K(314560K), 0.0004159 secs]2021-01-22T01:15:09.229+0800: 27.867: [CMS2021-01-22T01:15:09.229+0800: 27.868: [CMS-concurrent-abortable-preclean: 0.003/0.079 secs] [Times: user=0.20 sys=0.00, real=0.08 secs] 
 (concurrent mode failure): 647122K->363461K(699072K), 0.0481177 secs] 961680K->363461K(1013632K), [Metaspace: 2817K->2817K(1056768K)], 0.0497453 secs] [Times: user=0.05 sys=0.00, real=0.05 secs] 
2021-01-22T01:15:09.310+0800: 27.948: [GC (Allocation Failure) 2021-01-22T01:15:09.310+0800: 27.949: [ParNew: 279616K->34943K(314560K), 0.0108599 secs] 643077K->448374K(1013632K), 0.0117239 secs] [Times: user=0.08 sys=0.00, real=0.01 secs] 
2021-01-22T01:15:09.357+0800: 27.996: [GC (Allocation Failure) 2021-01-22T01:15:09.358+0800: 27.996: [ParNew: 314559K->34941K(314560K), 0.0131997 secs] 727990K->518482K(1013632K), 0.0142720 secs] [Times: user=0.09 sys=0.01, real=0.02 secs] 
2021-01-22T01:15:09.372+0800: 28.011: [GC (CMS Initial Mark) [1 CMS-initial-mark: 483541K(699072K)] 524238K(1013632K), 0.0016618 secs] [Times: user=0.00 sys=0.00, real=0.00 secs] 
2021-01-22T01:15:09.375+0800: 28.013: [CMS-concurrent-mark-start]
2021-01-22T01:15:09.376+0800: 28.015: [CMS-concurrent-mark: 0.002/0.002 secs] [Times: user=0.00 sys=0.00, real=0.00 secs] 
2021-01-22T01:15:09.377+0800: 28.015: [CMS-concurrent-preclean-start]
2021-01-22T01:15:09.378+0800: 28.016: [CMS-concurrent-preclean: 0.001/0.001 secs] [Times: user=0.01 sys=0.00, real=0.00 secs] 
2021-01-22T01:15:09.378+0800: 28.017: [CMS-concurrent-abortable-preclean-start]
2021-01-22T01:15:09.406+0800: 28.044: [GC (Allocation Failure) 2021-01-22T01:15:09.406+0800: 28.045: [ParNew: 314311K->34942K(314560K), 0.0139083 secs] 797853K->599518K(1013632K), 0.0149889 secs] [Times: user=0.10 sys=0.00, real=0.02 secs] 
2021-01-22T01:15:09.454+0800: 28.093: [GC (Allocation Failure) 2021-01-22T01:15:09.455+0800: 28.093: [ParNew: 314558K->34943K(314560K), 0.0127172 secs] 879134K->667014K(1013632K), 0.0136542 secs] [Times: user=0.09 sys=0.00, real=0.02 secs] 
2021-01-22T01:15:09.501+0800: 28.139: [GC (Allocation Failure) 2021-01-22T01:15:09.501+0800: 28.140: [ParNew: 314559K->314559K(314560K), 0.0003115 secs]2021-01-22T01:15:09.502+0800: 28.140: [CMS2021-01-22T01:15:09.502+0800: 28.141: [CMS-concurrent-abortable-preclean: 0.005/0.124 secs] [Times: user=0.29 sys=0.00, real=0.12 secs] 
 (concurrent mode failure): 632070K->350345K(699072K), 0.0440882 secs] 946630K->350345K(1013632K), [Metaspace: 2817K->2817K(1056768K)], 0.0456619 secs] [Times: user=0.05 sys=0.00, real=0.04 secs] 
2021-01-22T01:15:09.579+0800: 28.218: [GC (Allocation Failure) 2021-01-22T01:15:09.579+0800: 28.218: [ParNew: 279616K->34942K(314560K), 0.0118391 secs] 629961K->442554K(1013632K), 0.0126830 secs] [Times: user=0.09 sys=0.00, real=0.01 secs] 
2021-01-22T01:15:09.625+0800: 28.263: [GC (Allocation Failure) 2021-01-22T01:15:09.625+0800: 28.264: [ParNew: 314558K->34942K(314560K), 0.0130704 secs] 722170K->518773K(1013632K), 0.0139698 secs] [Times: user=0.10 sys=0.00, real=0.02 secs] 
2021-01-22T01:15:09.640+0800: 28.279: [GC (CMS Initial Mark) [1 CMS-initial-mark: 483830K(699072K)] 524389K(1013632K), 0.0013388 secs] [Times: user=0.00 sys=0.00, real=0.00 secs] 
2021-01-22T01:15:09.642+0800: 28.281: [CMS-concurrent-mark-start]
2021-01-22T01:15:09.644+0800: 28.282: [CMS-concurrent-mark: 0.002/0.002 secs] [Times: user=0.01 sys=0.00, real=0.00 secs] 
2021-01-22T01:15:09.644+0800: 28.283: [CMS-concurrent-preclean-start]
2021-01-22T01:15:09.645+0800: 28.283: [CMS-concurrent-preclean: 0.001/0.001 secs] [Times: user=0.00 sys=0.00, real=0.00 secs] 
2021-01-22T01:15:09.645+0800: 28.284: [CMS-concurrent-abortable-preclean-start]
2021-01-22T01:15:09.674+0800: 28.313: [GC (Allocation Failure) 2021-01-22T01:15:09.674+0800: 28.313: [ParNew: 314558K->34942K(314560K), 0.0147969 secs] 798389K->601842K(1013632K), 0.0156241 secs] [Times: user=0.11 sys=0.00, real=0.02 secs] 
2021-01-22T01:15:09.722+0800: 28.360: [GC (Allocation Failure) 2021-01-22T01:15:09.722+0800: 28.361: [ParNew: 314558K->34942K(314560K), 0.0141518 secs] 881458K->682370K(1013632K), 0.0152777 secs] [Times: user=0.11 sys=0.00, real=0.01 secs] 
2021-01-22T01:15:09.772+0800: 28.411: [GC (Allocation Failure) 2021-01-22T01:15:09.773+0800: 28.412: [ParNew: 314558K->314558K(314560K), 0.0002871 secs]2021-01-22T01:15:09.774+0800: 28.412: [CMS2021-01-22T01:15:09.774+0800: 28.413: [CMS-concurrent-abortable-preclean: 0.005/0.129 secs] [Times: user=0.32 sys=0.00, real=0.13 secs] 
 (concurrent mode failure): 647427K->362968K(699072K), 0.0469008 secs] 961986K->362968K(1013632K), [Metaspace: 2817K->2817K(1056768K)], 0.0485492 secs] [Times: user=0.05 sys=0.00, real=0.05 secs] 
2021-01-22T01:15:09.854+0800: 28.492: [GC (Allocation Failure) 2021-01-22T01:15:09.854+0800: 28.493: [ParNew: 279616K->34943K(314560K), 0.0102184 secs] 642584K->443194K(1013632K), 0.0111969 secs] [Times: user=0.07 sys=0.00, real=0.01 secs] 
2021-01-22T01:15:09.908+0800: 28.546: [GC (Allocation Failure) 2021-01-22T01:15:09.908+0800: 28.546: [ParNew: 314104K->34943K(314560K), 0.0182269 secs] 722355K->517166K(1013632K), 0.0191179 secs] [Times: user=0.13 sys=0.00, real=0.02 secs] 
2021-01-22T01:15:09.928+0800: 28.566: [GC (CMS Initial Mark) [1 CMS-initial-mark: 482223K(699072K)] 523952K(1013632K), 0.0015957 secs] [Times: user=0.00 sys=0.00, real=0.01 secs] 
2021-01-22T01:15:09.930+0800: 28.569: [CMS-concurrent-mark-start]
2021-01-22T01:15:09.932+0800: 28.571: [CMS-concurrent-mark: 0.002/0.002 secs] [Times: user=0.01 sys=0.00, real=0.00 secs] 
2021-01-22T01:15:09.948+0800: 28.587: [CMS-concurrent-preclean-start]
2021-01-22T01:15:09.949+0800: 28.588: [CMS-concurrent-preclean: 0.001/0.001 secs] [Times: user=0.00 sys=0.00, real=0.00 secs] 
2021-01-22T01:15:09.950+0800: 28.588: [CMS-concurrent-abortable-preclean-start]
2021-01-22T01:15:09.967+0800: 28.605: [GC (Allocation Failure) 2021-01-22T01:15:09.967+0800: 28.606: [ParNew: 314559K->34943K(314560K), 0.0153375 secs] 796782K->594214K(1013632K), 0.0162457 secs] [Times: user=0.11 sys=0.00, real=0.02 secs] 
2021-01-22T01:15:10.019+0800: 28.658: [GC (Allocation Failure) 2021-01-22T01:15:10.020+0800: 28.658: [ParNew: 314559K->34943K(314560K), 0.0157815 secs] 873830K->674331K(1013632K), 0.0165788 secs] [Times: user=0.12 sys=0.00, real=0.01 secs] 
2021-01-22T01:15:10.069+0800: 28.708: [GC (Allocation Failure) 2021-01-22T01:15:10.070+0800: 28.709: [ParNew: 314559K->314559K(314560K), 0.0002835 secs]2021-01-22T01:15:10.071+0800: 28.709: [CMS2021-01-22T01:15:10.071+0800: 28.710: [CMS-concurrent-abortable-preclean: 0.005/0.121 secs] [Times: user=0.32 sys=0.00, real=0.12 secs] 
 (concurrent mode failure): 639387K->379489K(699072K), 0.0492934 secs] 953947K->379489K(1013632K), [Metaspace: 2817K->2817K(1056768K)], 0.0509504 secs] [Times: user=0.05 sys=0.00, real=0.05 secs] 
2021-01-22T01:15:10.154+0800: 28.792: [GC (Allocation Failure) 2021-01-22T01:15:10.154+0800: 28.793: [ParNew: 279145K->34943K(314560K), 0.0114087 secs] 658634K->471559K(1013632K), 0.0122139 secs] [Times: user=0.09 sys=0.00, real=0.01 secs] 
2021-01-22T01:15:10.202+0800: 28.840: [GC (Allocation Failure) 2021-01-22T01:15:10.202+0800: 28.841: [ParNew: 314559K->34943K(314560K), 0.0152947 secs] 751175K->545955K(1013632K), 0.0162441 secs] [Times: user=0.11 sys=0.00, real=0.02 secs] 
2021-01-22T01:15:10.219+0800: 28.857: [GC (CMS Initial Mark) [1 CMS-initial-mark: 511011K(699072K)] 552276K(1013632K), 0.0014597 secs] [Times: user=0.00 sys=0.00, real=0.00 secs] 
2021-01-22T01:15:10.221+0800: 28.860: [CMS-concurrent-mark-start]
2021-01-22T01:15:10.223+0800: 28.862: [CMS-concurrent-mark: 0.002/0.002 secs] [Times: user=0.00 sys=0.00, real=0.00 secs] 
2021-01-22T01:15:10.224+0800: 28.862: [CMS-concurrent-preclean-start]
2021-01-22T01:15:10.225+0800: 28.863: [CMS-concurrent-preclean: 0.001/0.001 secs] [Times: user=0.00 sys=0.00, real=0.00 secs] 
2021-01-22T01:15:10.225+0800: 28.864: [CMS-concurrent-abortable-preclean-start]
2021-01-22T01:15:10.260+0800: 28.899: [GC (Allocation Failure) 2021-01-22T01:15:10.260+0800: 28.899: [ParNew: 314559K->34942K(314560K), 0.0197266 secs] 825571K->621493K(1013632K), 0.0205674 secs] [Times: user=0.16 sys=0.00, real=0.02 secs] 
2021-01-22T01:15:10.316+0800: 28.955: [GC (Allocation Failure) 2021-01-22T01:15:10.316+0800: 28.955: [ParNew: 314558K->34943K(314560K), 0.0174745 secs] 901109K->704411K(1013632K), 0.0182531 secs] [Times: user=0.13 sys=0.00, real=0.02 secs] 
2021-01-22T01:15:10.335+0800: 28.974: [CMS-concurrent-abortable-preclean: 0.003/0.110 secs] [Times: user=0.36 sys=0.00, real=0.11 secs] 
2021-01-22T01:15:10.336+0800: 28.974: [GC (CMS Final Remark) [YG occupancy: 41135 K (314560 K)]2021-01-22T01:15:10.336+0800: 28.974: [Rescan (parallel) , 0.0010851 secs]2021-01-22T01:15:10.337+0800: 28.976: [weak refs processing, 0.0002211 secs]2021-01-22T01:15:10.338+0800: 28.976: [class unloading, 0.0004084 secs]2021-01-22T01:15:10.338+0800: 28.977: [scrub symbol table, 0.0005035 secs]2021-01-22T01:15:10.339+0800: 28.978: [scrub string table, 0.0004119 secs][1 CMS-remark: 669468K(699072K)] 710603K(1013632K), 0.0041851 secs] [Times: user=0.00 sys=0.00, real=0.01 secs] 
2021-01-22T01:15:10.340+0800: 28.979: [CMS-concurrent-sweep-start]
2021-01-22T01:15:10.341+0800: 28.979: [CMS-concurrent-sweep: 0.001/0.001 secs] [Times: user=0.00 sys=0.00, real=0.00 secs] 
2021-01-22T01:15:10.341+0800: 28.980: [CMS-concurrent-reset-start]
2021-01-22T01:15:10.342+0800: 28.980: [CMS-concurrent-reset: 0.001/0.001 secs] [Times: user=0.00 sys=0.00, real=0.00 secs] 
2021-01-22T01:15:10.374+0800: 29.012: [GC (Allocation Failure) 2021-01-22T01:15:10.374+0800: 29.012: [ParNew: 314559K->34943K(314560K), 0.0147508 secs] 815498K->622354K(1013632K), 0.0153326 secs] [Times: user=0.11 sys=0.00, real=0.02 secs] 
2021-01-22T01:15:10.390+0800: 29.028: [GC (CMS Initial Mark) [1 CMS-initial-mark: 587410K(699072K)] 628249K(1013632K), 0.0009272 secs] [Times: user=0.00 sys=0.00, real=0.00 secs] 
2021-01-22T01:15:10.391+0800: 29.030: [CMS-concurrent-mark-start]
2021-01-22T01:15:10.393+0800: 29.032: [CMS-concurrent-mark: 0.002/0.002 secs] [Times: user=0.01 sys=0.00, real=0.00 secs] 
2021-01-22T01:15:10.394+0800: 29.032: [CMS-concurrent-preclean-start]
2021-01-22T01:15:10.395+0800: 29.033: [CMS-concurrent-preclean: 0.001/0.001 secs] [Times: user=0.00 sys=0.00, real=0.00 secs] 
2021-01-22T01:15:10.395+0800: 29.034: [CMS-concurrent-abortable-preclean-start]
2021-01-22T01:15:10.425+0800: 29.063: [GC (Allocation Failure) 2021-01-22T01:15:10.425+0800: 29.063: [ParNew: 314559K->34943K(314560K), 0.0142572 secs] 901970K->700500K(1013632K), 0.0150142 secs] [Times: user=0.11 sys=0.00, real=0.02 secs] 
2021-01-22T01:15:10.440+0800: 29.079: [CMS-concurrent-abortable-preclean: 0.001/0.045 secs] [Times: user=0.14 sys=0.00, real=0.05 secs] 
2021-01-22T01:15:10.441+0800: 29.079: [GC (CMS Final Remark) [YG occupancy: 40723 K (314560 K)]2021-01-22T01:15:10.441+0800: 29.079: [Rescan (parallel) , 0.0010174 secs]2021-01-22T01:15:10.442+0800: 29.081: [weak refs processing, 0.0002928 secs]2021-01-22T01:15:10.443+0800: 29.081: [class unloading, 0.0004859 secs]2021-01-22T01:15:10.443+0800: 29.082: [scrub symbol table, 0.0005018 secs]2021-01-22T01:15:10.444+0800: 29.083: [scrub string table, 0.0003709 secs][1 CMS-remark: 665556K(699072K)] 706279K(1013632K), 0.0040371 secs] [Times: user=0.01 sys=0.00, real=0.00 secs] 
2021-01-22T01:15:10.445+0800: 29.084: [CMS-concurrent-sweep-start]
2021-01-22T01:15:10.446+0800: 29.085: [CMS-concurrent-sweep: 0.001/0.001 secs] [Times: user=0.00 sys=0.00, real=0.00 secs] 
2021-01-22T01:15:10.446+0800: 29.085: [CMS-concurrent-reset-start]
2021-01-22T01:15:10.447+0800: 29.085: [CMS-concurrent-reset: 0.000/0.000 secs] [Times: user=0.00 sys=0.00, real=0.00 secs] 
2021-01-22T01:15:10.478+0800: 29.117: [GC (Allocation Failure) 2021-01-22T01:15:10.478+0800: 29.117: [ParNew: 314559K->34943K(314560K), 0.0141339 secs] 750611K->541503K(1013632K), 0.0149328 secs] [Times: user=0.11 sys=0.00, real=0.02 secs] 
2021-01-22T01:15:10.494+0800: 29.133: [GC (CMS Initial Mark) [1 CMS-initial-mark: 506560K(699072K)] 547139K(1013632K), 0.0016937 secs] [Times: user=0.00 sys=0.00, real=0.00 secs] 
2021-01-22T01:15:10.496+0800: 29.135: [CMS-concurrent-mark-start]
2021-01-22T01:15:10.499+0800: 29.137: [CMS-concurrent-mark: 0.002/0.002 secs] [Times: user=0.01 sys=0.00, real=0.01 secs] 
2021-01-22T01:15:10.499+0800: 29.138: [CMS-concurrent-preclean-start]
2021-01-22T01:15:10.500+0800: 29.139: [CMS-concurrent-preclean: 0.001/0.001 secs] [Times: user=0.00 sys=0.00, real=0.00 secs] 
2021-01-22T01:15:10.500+0800: 29.139: [CMS-concurrent-abortable-preclean-start]
2021-01-22T01:15:10.530+0800: 29.169: [GC (Allocation Failure) 2021-01-22T01:15:10.531+0800: 29.169: [ParNew: 314559K->34943K(314560K), 0.0162945 secs] 821119K->615557K(1013632K), 0.0171140 secs] [Times: user=0.12 sys=0.00, real=0.01 secs] 
2021-01-22T01:15:10.585+0800: 29.223: [GC (Allocation Failure) 2021-01-22T01:15:10.585+0800: 29.224: [ParNew: 314559K->34943K(314560K), 0.0174969 secs] 895173K->691453K(1013632K), 0.0183841 secs] [Times: user=0.13 sys=0.00, real=0.02 secs] 
2021-01-22T01:15:10.606+0800: 29.244: [CMS-concurrent-abortable-preclean: 0.005/0.105 secs] [Times: user=0.32 sys=0.00, real=0.10 secs] 
2021-01-22T01:15:10.607+0800: 29.245: [GC (CMS Final Remark) [YG occupancy: 56562 K (314560 K)]2021-01-22T01:15:10.607+0800: 29.246: [Rescan (parallel) , 0.0013123 secs]2021-01-22T01:15:10.609+0800: 29.247: [weak refs processing, 0.0003420 secs]2021-01-22T01:15:10.609+0800: 29.248: [class unloading, 0.0003918 secs]2021-01-22T01:15:10.610+0800: 29.248: [scrub symbol table, 0.0004830 secs]2021-01-22T01:15:10.611+0800: 29.249: [scrub string table, 0.0003664 secs][1 CMS-remark: 656510K(699072K)] 713072K(1013632K), 0.0045253 secs] [Times: user=0.00 sys=0.00, real=0.01 secs] 
2021-01-22T01:15:10.612+0800: 29.250: [CMS-concurrent-sweep-start]
2021-01-22T01:15:10.613+0800: 29.251: [CMS-concurrent-sweep: 0.001/0.001 secs] [Times: user=0.00 sys=0.01, real=0.00 secs] 
2021-01-22T01:15:10.613+0800: 29.252: [CMS-concurrent-reset-start]
2021-01-22T01:15:10.614+0800: 29.252: [CMS-concurrent-reset: 0.001/0.001 secs] [Times: user=0.00 sys=0.00, real=0.00 secs] 
2021-01-22T01:15:10.642+0800: 29.280: [GC (Allocation Failure) 2021-01-22T01:15:10.642+0800: 29.281: [ParNew: 314559K->34943K(314560K), 0.0151762 secs] 814495K->617348K(1013632K), 0.0158687 secs] [Times: user=0.11 sys=0.00, real=0.01 secs] 
2021-01-22T01:15:10.659+0800: 29.297: [GC (CMS Initial Mark) [1 CMS-initial-mark: 582404K(699072K)] 623178K(1013632K), 0.0011880 secs] [Times: user=0.00 sys=0.00, real=0.00 secs] 
2021-01-22T01:15:10.661+0800: 29.299: [CMS-concurrent-mark-start]
2021-01-22T01:15:10.663+0800: 29.301: [CMS-concurrent-mark: 0.002/0.002 secs] [Times: user=0.01 sys=0.00, real=0.00 secs] 
2021-01-22T01:15:10.663+0800: 29.302: [CMS-concurrent-preclean-start]
2021-01-22T01:15:10.664+0800: 29.302: [CMS-concurrent-preclean: 0.001/0.001 secs] [Times: user=0.00 sys=0.00, real=0.00 secs] 
2021-01-22T01:15:10.664+0800: 29.303: [CMS-concurrent-abortable-preclean-start]
2021-01-22T01:15:10.695+0800: 29.334: [GC (Allocation Failure) 2021-01-22T01:15:10.696+0800: 29.334: [ParNew: 314559K->34942K(314560K), 0.0163137 secs] 896964K->698668K(1013632K), 0.0171399 secs] [Times: user=0.13 sys=0.00, real=0.02 secs] 
2021-01-22T01:15:10.715+0800: 29.353: [CMS-concurrent-abortable-preclean: 0.002/0.050 secs] [Times: user=0.16 sys=0.00, real=0.05 secs] 
2021-01-22T01:15:10.716+0800: 29.354: [GC (CMS Final Remark) [YG occupancy: 58568 K (314560 K)]2021-01-22T01:15:10.716+0800: 29.355: [Rescan (parallel) , 0.0016345 secs]2021-01-22T01:15:10.718+0800: 29.357: [weak refs processing, 0.0004356 secs]2021-01-22T01:15:10.719+0800: 29.357: [class unloading, 0.0005598 secs]2021-01-22T01:15:10.720+0800: 29.358: [scrub symbol table, 0.0008082 secs]2021-01-22T01:15:10.721+0800: 29.359: [scrub string table, 0.0003787 secs][1 CMS-remark: 663725K(699072K)] 722294K(1013632K), 0.0059267 secs] [Times: user=0.00 sys=0.00, real=0.01 secs] 
2021-01-22T01:15:10.722+0800: 29.361: [CMS-concurrent-sweep-start]
2021-01-22T01:15:10.723+0800: 29.362: [CMS-concurrent-sweep: 0.001/0.001 secs] [Times: user=0.00 sys=0.00, real=0.00 secs] 
2021-01-22T01:15:10.724+0800: 29.362: [CMS-concurrent-reset-start]
2021-01-22T01:15:10.724+0800: 29.363: [CMS-concurrent-reset: 0.001/0.001 secs] [Times: user=0.00 sys=0.01, real=0.00 secs] 
2021-01-22T01:15:10.754+0800: 29.392: [GC (Allocation Failure) 2021-01-22T01:15:10.754+0800: 29.393: [ParNew: 314558K->34942K(314560K), 0.0151428 secs] 749658K->549845K(1013632K), 0.0161237 secs] [Times: user=0.11 sys=0.00, real=0.02 secs] 
2021-01-22T01:15:10.771+0800: 29.410: [GC (CMS Initial Mark) [1 CMS-initial-mark: 514903K(699072K)] 555679K(1013632K), 0.0015559 secs] [Times: user=0.01 sys=0.00, real=0.00 secs] 
2021-01-22T01:15:10.773+0800: 29.412: [CMS-concurrent-mark-start]
2021-01-22T01:15:10.776+0800: 29.415: [CMS-concurrent-mark: 0.003/0.003 secs] [Times: user=0.00 sys=0.00, real=0.00 secs] 
2021-01-22T01:15:10.776+0800: 29.415: [CMS-concurrent-preclean-start]
2021-01-22T01:15:10.777+0800: 29.416: [CMS-concurrent-preclean: 0.001/0.001 secs] [Times: user=0.00 sys=0.00, real=0.00 secs] 
2021-01-22T01:15:10.778+0800: 29.416: [CMS-concurrent-abortable-preclean-start]
2021-01-22T01:15:10.810+0800: 29.449: [GC (Allocation Failure) 2021-01-22T01:15:10.810+0800: 29.449: [ParNew: 314139K->34943K(314560K), 0.0153716 secs] 829042K->631039K(1013632K), 0.0161635 secs] [Times: user=0.11 sys=0.00, real=0.01 secs] 
2021-01-22T01:15:10.858+0800: 29.496: [GC (Allocation Failure) 2021-01-22T01:15:10.858+0800: 29.497: [ParNew: 314559K->34943K(314560K), 0.0195456 secs] 910655K->707633K(1013632K), 0.0203435 secs] [Times: user=0.14 sys=0.00, real=0.03 secs] 
2021-01-22T01:15:10.879+0800: 29.517: [CMS-concurrent-abortable-preclean: 0.003/0.101 secs] [Times: user=0.33 sys=0.00, real=0.11 secs] 
2021-01-22T01:15:10.879+0800: 29.518: [GC (CMS Final Remark) [YG occupancy: 40775 K (314560 K)]2021-01-22T01:15:10.880+0800: 29.518: [Rescan (parallel) , 0.0009639 secs]2021-01-22T01:15:10.881+0800: 29.519: [weak refs processing, 0.0003570 secs]2021-01-22T01:15:10.882+0800: 29.520: [class unloading, 0.0004775 secs]2021-01-22T01:15:10.882+0800: 29.521: [scrub symbol table, 0.0006008 secs]2021-01-22T01:15:10.883+0800: 29.522: [scrub string table, 0.0004367 secs][1 CMS-remark: 672690K(699072K)] 713465K(1013632K), 0.0047128 secs] [Times: user=0.00 sys=0.00, real=0.00 secs] 
2021-01-22T01:15:10.885+0800: 29.523: [CMS-concurrent-sweep-start]
2021-01-22T01:15:10.886+0800: 29.524: [CMS-concurrent-sweep: 0.001/0.001 secs] [Times: user=0.00 sys=0.00, real=0.00 secs] 
2021-01-22T01:15:10.886+0800: 29.525: [CMS-concurrent-reset-start]
2021-01-22T01:15:10.887+0800: 29.526: [CMS-concurrent-reset: 0.001/0.001 secs] [Times: user=0.00 sys=0.00, real=0.00 secs] 
2021-01-22T01:15:10.922+0800: 29.560: [GC (Allocation Failure) 2021-01-22T01:15:10.922+0800: 29.561: [ParNew: 314559K->34943K(314560K), 0.0182763 secs] 827670K->631376K(1013632K), 0.0193905 secs] [Times: user=0.14 sys=0.00, real=0.02 secs] 
2021-01-22T01:15:10.942+0800: 29.581: [GC (CMS Initial Mark) [1 CMS-initial-mark: 596433K(699072K)] 637475K(1013632K), 0.0013667 secs] [Times: user=0.00 sys=0.00, real=0.00 secs] 
2021-01-22T01:15:10.944+0800: 29.583: [CMS-concurrent-mark-start]
2021-01-22T01:15:10.946+0800: 29.585: [CMS-concurrent-mark: 0.002/0.002 secs] [Times: user=0.01 sys=0.00, real=0.00 secs] 
2021-01-22T01:15:10.947+0800: 29.585: [CMS-concurrent-preclean-start]
2021-01-22T01:15:10.948+0800: 29.586: [CMS-concurrent-preclean: 0.001/0.001 secs] [Times: user=0.00 sys=0.00, real=0.00 secs] 
2021-01-22T01:15:10.948+0800: 29.586: [CMS-concurrent-abortable-preclean-start]
2021-01-22T01:15:10.981+0800: 29.620: [GC (Allocation Failure) 2021-01-22T01:15:10.981+0800: 29.620: [ParNew: 314559K->34943K(314560K), 0.0153765 secs] 910992K->706563K(1013632K), 0.0161631 secs] [Times: user=0.11 sys=0.00, real=0.01 secs] 
2021-01-22T01:15:10.998+0800: 29.636: [CMS-concurrent-abortable-preclean: 0.001/0.050 secs] [Times: user=0.14 sys=0.00, real=0.05 secs] 
2021-01-22T01:15:11.019+0800: 29.657: [GC (CMS Final Remark) [YG occupancy: 209869 K (314560 K)]2021-01-22T01:15:11.019+0800: 29.658: [Rescan (parallel) , 0.0015653 secs]2021-01-22T01:15:11.021+0800: 29.659: [weak refs processing, 0.0002577 secs]2021-01-22T01:15:11.021+0800: 29.660: [class unloading, 0.0004017 secs]2021-01-22T01:15:11.022+0800: 29.661: [scrub symbol table, 0.0005018 secs]2021-01-22T01:15:11.023+0800: 29.661: [scrub string table, 0.0004445 secs][1 CMS-remark: 671619K(699072K)] 881489K(1013632K), 0.0048622 secs] [Times: user=0.01 sys=0.00, real=0.00 secs] 
2021-01-22T01:15:11.024+0800: 29.663: [CMS-concurrent-sweep-start]
2021-01-22T01:15:11.025+0800: 29.664: [CMS-concurrent-sweep: 0.001/0.001 secs] [Times: user=0.00 sys=0.00, real=0.00 secs] 
2021-01-22T01:15:11.025+0800: 29.664: [CMS-concurrent-reset-start]
2021-01-22T01:15:11.026+0800: 29.664: [CMS-concurrent-reset: 0.000/0.000 secs] [Times: user=0.00 sys=0.00, real=0.00 secs] 
2021-01-22T01:15:11.038+0800: 29.676: [GC (Allocation Failure) 2021-01-22T01:15:11.038+0800: 29.677: [ParNew: 314559K->34943K(314560K), 0.0132938 secs] 742448K->535279K(1013632K), 0.0140743 secs] [Times: user=0.11 sys=0.00, real=0.02 secs] 
2021-01-22T01:15:11.053+0800: 29.691: [GC (CMS Initial Mark) [1 CMS-initial-mark: 500335K(699072K)] 541163K(1013632K), 0.0012781 secs] [Times: user=0.00 sys=0.00, real=0.00 secs] 
2021-01-22T01:15:11.055+0800: 29.693: [CMS-concurrent-mark-start]
2021-01-22T01:15:11.057+0800: 29.696: [CMS-concurrent-mark: 0.002/0.002 secs] [Times: user=0.00 sys=0.00, real=0.00 secs] 
2021-01-22T01:15:11.058+0800: 29.696: [CMS-concurrent-preclean-start]
2021-01-22T01:15:11.059+0800: 29.697: [CMS-concurrent-preclean: 0.001/0.001 secs] [Times: user=0.01 sys=0.00, real=0.01 secs] 
2021-01-22T01:15:11.059+0800: 29.698: [CMS-concurrent-abortable-preclean-start]
2021-01-22T01:15:11.090+0800: 29.728: [GC (Allocation Failure) 2021-01-22T01:15:11.090+0800: 29.729: [ParNew: 314559K->34943K(314560K), 0.0141229 secs] 814895K->612690K(1013632K), 0.0149996 secs] [Times: user=0.10 sys=0.00, real=0.01 secs] 
2021-01-22T01:15:11.137+0800: 29.776: [GC (Allocation Failure) 2021-01-22T01:15:11.138+0800: 29.776: [ParNew: 314488K->34943K(314560K), 0.0142287 secs] 892235K->690053K(1013632K), 0.0152850 secs] [Times: user=0.11 sys=0.00, real=0.02 secs] 
2021-01-22T01:15:11.154+0800: 29.793: [CMS-concurrent-abortable-preclean: 0.005/0.095 secs] [Times: user=0.28 sys=0.00, real=0.09 secs] 
2021-01-22T01:15:11.155+0800: 29.794: [GC (CMS Final Remark) [YG occupancy: 53725 K (314560 K)]2021-01-22T01:15:11.156+0800: 29.794: [Rescan (parallel) , 0.0016316 secs]2021-01-22T01:15:11.157+0800: 29.796: [weak refs processing, 0.0003026 secs]2021-01-22T01:15:11.158+0800: 29.797: [class unloading, 0.0005559 secs]2021-01-22T01:15:11.159+0800: 29.797: [scrub symbol table, 0.0005614 secs]2021-01-22T01:15:11.160+0800: 29.798: [scrub string table, 0.0004188 secs][1 CMS-remark: 655109K(699072K)] 708834K(1013632K), 0.0052429 secs] [Times: user=0.01 sys=0.00, real=0.01 secs] 
2021-01-22T01:15:11.161+0800: 29.800: [CMS-concurrent-sweep-start]
2021-01-22T01:15:11.162+0800: 29.801: [CMS-concurrent-sweep: 0.001/0.001 secs] [Times: user=0.00 sys=0.00, real=0.00 secs] 
2021-01-22T01:15:11.163+0800: 29.801: [CMS-concurrent-reset-start]
2021-01-22T01:15:11.163+0800: 29.802: [CMS-concurrent-reset: 0.001/0.001 secs] [Times: user=0.00 sys=0.00, real=0.00 secs] 
2021-01-22T01:15:11.193+0800: 29.832: [GC (Allocation Failure) 2021-01-22T01:15:11.193+0800: 29.832: [ParNew: 314559K->34943K(314560K), 0.0155591 secs] 809006K->610340K(1013632K), 0.0162768 secs] [Times: user=0.11 sys=0.01, real=0.02 secs] 
2021-01-22T01:15:11.210+0800: 29.849: [GC (CMS Initial Mark) [1 CMS-initial-mark: 575396K(699072K)] 616383K(1013632K), 0.0013104 secs] [Times: user=0.00 sys=0.00, real=0.00 secs] 
2021-01-22T01:15:11.212+0800: 29.851: [CMS-concurrent-mark-start]
2021-01-22T01:15:11.214+0800: 29.853: [CMS-concurrent-mark: 0.002/0.002 secs] [Times: user=0.01 sys=0.00, real=0.00 secs] 
2021-01-22T01:15:11.215+0800: 29.853: [CMS-concurrent-preclean-start]
2021-01-22T01:15:11.216+0800: 29.854: [CMS-concurrent-preclean: 0.001/0.001 secs] [Times: user=0.00 sys=0.00, real=0.00 secs] 
2021-01-22T01:15:11.216+0800: 29.855: [CMS-concurrent-abortable-preclean-start]
2021-01-22T01:15:11.250+0800: 29.888: [GC (Allocation Failure) 2021-01-22T01:15:11.250+0800: 29.889: [ParNew: 314559K->34943K(314560K), 0.0211263 secs] 889956K->690429K(1013632K), 0.0220571 secs] [Times: user=0.16 sys=0.00, real=0.02 secs] 
2021-01-22T01:15:11.274+0800: 29.912: [CMS-concurrent-abortable-preclean: 0.002/0.058 secs] [Times: user=0.20 sys=0.00, real=0.06 secs] 
2021-01-22T01:15:11.275+0800: 29.913: [GC (CMS Final Remark) [YG occupancy: 53295 K (314560 K)]2021-01-22T01:15:11.275+0800: 29.914: [Rescan (parallel) , 0.0010942 secs]2021-01-22T01:15:11.277+0800: 29.915: [weak refs processing, 0.0003090 secs]2021-01-22T01:15:11.277+0800: 29.916: [class unloading, 0.0004798 secs]2021-01-22T01:15:11.278+0800: 29.917: [scrub symbol table, 0.0005178 secs]2021-01-22T01:15:11.279+0800: 29.917: [scrub string table, 0.0003723 secs][1 CMS-remark: 655485K(699072K)] 708781K(1013632K), 0.0045601 secs] [Times: user=0.00 sys=0.00, real=0.01 secs] 
2021-01-22T01:15:11.280+0800: 29.919: [CMS-concurrent-sweep-start]
2021-01-22T01:15:11.281+0800: 29.920: [CMS-concurrent-sweep: 0.001/0.001 secs] [Times: user=0.01 sys=0.00, real=0.00 secs] 
2021-01-22T01:15:11.282+0800: 29.920: [CMS-concurrent-reset-start]
2021-01-22T01:15:11.282+0800: 29.921: [CMS-concurrent-reset: 0.000/0.001 secs] [Times: user=0.00 sys=0.00, real=0.00 secs] 
2021-01-22T01:15:11.316+0800: 29.954: [GC (Allocation Failure) 2021-01-22T01:15:11.316+0800: 29.954: [ParNew: 314559K->34942K(314560K), 0.0153821 secs] 737900K->531674K(1013632K), 0.0161698 secs] [Times: user=0.11 sys=0.00, real=0.02 secs] 
2021-01-22T01:15:11.332+0800: 29.971: [GC (CMS Initial Mark) [1 CMS-initial-mark: 496731K(699072K)] 538063K(1013632K), 0.0013051 secs] [Times: user=0.00 sys=0.00, real=0.00 secs] 
2021-01-22T01:15:11.334+0800: 29.973: [CMS-concurrent-mark-start]
2021-01-22T01:15:11.337+0800: 29.975: [CMS-concurrent-mark: 0.002/0.002 secs] [Times: user=0.00 sys=0.00, real=0.00 secs] 
2021-01-22T01:15:11.337+0800: 29.976: [CMS-concurrent-preclean-start]
2021-01-22T01:15:11.338+0800: 29.977: [CMS-concurrent-preclean: 0.001/0.001 secs] [Times: user=0.01 sys=0.00, real=0.01 secs] 
2021-01-22T01:15:11.339+0800: 29.977: [CMS-concurrent-abortable-preclean-start]
2021-01-22T01:15:11.368+0800: 30.007: [GC (Allocation Failure) 2021-01-22T01:15:11.369+0800: 30.007: [ParNew: 314558K->34943K(314560K), 0.0140970 secs] 811290K->603717K(1013632K), 0.0149757 secs] [Times: user=0.11 sys=0.00, real=0.01 secs] 
2021-01-22T01:15:11.418+0800: 30.056: [GC (Allocation Failure) 2021-01-22T01:15:11.418+0800: 30.057: [ParNew: 314559K->34943K(314560K), 0.0143599 secs] 883333K->677061K(1013632K), 0.0151061 secs] [Times: user=0.10 sys=0.01, real=0.02 secs] 
2021-01-22T01:15:11.470+0800: 30.109: [GC (Allocation Failure) 2021-01-22T01:15:11.471+0800: 30.109: [ParNew: 314559K->314559K(314560K), 0.0002712 secs]2021-01-22T01:15:11.471+0800: 30.110: [CMS2021-01-22T01:15:11.471+0800: 30.110: [CMS-concurrent-abortable-preclean: 0.006/0.133 secs] [Times: user=0.31 sys=0.01, real=0.13 secs] 
 (concurrent mode failure): 642118K->371592K(699072K), 0.0489653 secs] 956677K->371592K(1013632K), [Metaspace: 2817K->2817K(1056768K)], 0.0502396 secs] [Times: user=0.05 sys=0.00, real=0.05 secs] 
2021-01-22T01:15:11.554+0800: 30.193: [GC (Allocation Failure) 2021-01-22T01:15:11.555+0800: 30.193: [ParNew: 279616K->34943K(314560K), 0.0118376 secs] 651208K->459248K(1013632K), 0.0126313 secs] [Times: user=0.09 sys=0.00, real=0.01 secs] 
2021-01-22T01:15:11.600+0800: 30.239: [GC (Allocation Failure) 2021-01-22T01:15:11.601+0800: 30.239: [ParNew: 314559K->34943K(314560K), 0.0130030 secs] 738864K->532952K(1013632K), 0.0139917 secs] [Times: user=0.10 sys=0.00, real=0.01 secs] 
2021-01-22T01:15:11.615+0800: 30.254: [GC (CMS Initial Mark) [1 CMS-initial-mark: 498008K(699072K)] 538796K(1013632K), 0.0013659 secs] [Times: user=0.00 sys=0.00, real=0.00 secs] 
2021-01-22T01:15:11.617+0800: 30.256: [CMS-concurrent-mark-start]
2021-01-22T01:15:11.619+0800: 30.258: [CMS-concurrent-mark: 0.002/0.002 secs] [Times: user=0.01 sys=0.00, real=0.01 secs] 
2021-01-22T01:15:11.620+0800: 30.258: [CMS-concurrent-preclean-start]
2021-01-22T01:15:11.620+0800: 30.259: [CMS-concurrent-preclean: 0.001/0.001 secs] [Times: user=0.00 sys=0.00, real=0.00 secs] 
2021-01-22T01:15:11.621+0800: 30.259: [CMS-concurrent-abortable-preclean-start]
2021-01-22T01:15:11.649+0800: 30.288: [GC (Allocation Failure) 2021-01-22T01:15:11.650+0800: 30.288: [ParNew: 314559K->34943K(314560K), 0.0140104 secs] 812568K->609679K(1013632K), 0.0148246 secs] [Times: user=0.10 sys=0.00, real=0.01 secs] 
2021-01-22T01:15:11.699+0800: 30.338: [GC (Allocation Failure) 2021-01-22T01:15:11.699+0800: 30.338: [ParNew: 314559K->34942K(314560K), 0.0150820 secs] 889295K->685474K(1013632K), 0.0158762 secs] [Times: user=0.11 sys=0.00, real=0.01 secs] 
2021-01-22T01:15:11.749+0800: 30.388: [GC (Allocation Failure) 2021-01-22T01:15:11.749+0800: 30.388: [ParNew: 314558K->314558K(314560K), 0.0003289 secs]2021-01-22T01:15:11.750+0800: 30.389: [CMS2021-01-22T01:15:11.750+0800: 30.389: [CMS-concurrent-abortable-preclean: 0.004/0.130 secs] [Times: user=0.32 sys=0.00, real=0.13 secs] 
 (concurrent mode failure): 650531K->369306K(699072K), 0.0500520 secs] 965090K->369306K(1013632K), [Metaspace: 2817K->2817K(1056768K)], 0.0515089 secs] [Times: user=0.05 sys=0.00, real=0.05 secs] 
2021-01-22T01:15:11.836+0800: 30.474: [GC (Allocation Failure) 2021-01-22T01:15:11.836+0800: 30.474: [ParNew: 279616K->34943K(314560K), 0.0127054 secs] 648922K->459073K(1013632K), 0.0134693 secs] [Times: user=0.09 sys=0.01, real=0.02 secs] 
2021-01-22T01:15:11.884+0800: 30.522: [GC (Allocation Failure) 2021-01-22T01:15:11.884+0800: 30.523: [ParNew: 314559K->34943K(314560K), 0.0144710 secs] 738689K->534691K(1013632K), 0.0153336 secs] [Times: user=0.09 sys=0.01, real=0.02 secs] 
2021-01-22T01:15:11.900+0800: 30.539: [GC (CMS Initial Mark) [1 CMS-initial-mark: 499748K(699072K)] 540543K(1013632K), 0.0012691 secs] [Times: user=0.00 sys=0.00, real=0.00 secs] 
2021-01-22T01:15:11.902+0800: 30.541: [CMS-concurrent-mark-start]
2021-01-22T01:15:11.904+0800: 30.543: [CMS-concurrent-mark: 0.002/0.002 secs] [Times: user=0.01 sys=0.00, real=0.00 secs] 
2021-01-22T01:15:11.905+0800: 30.543: [CMS-concurrent-preclean-start]
2021-01-22T01:15:11.905+0800: 30.544: [CMS-concurrent-preclean: 0.001/0.001 secs] [Times: user=0.00 sys=0.00, real=0.00 secs] 
2021-01-22T01:15:11.906+0800: 30.544: [CMS-concurrent-abortable-preclean-start]
2021-01-22T01:15:11.936+0800: 30.574: [GC (Allocation Failure) 2021-01-22T01:15:11.936+0800: 30.575: [ParNew: 314559K->34943K(314560K), 0.0171691 secs] 814307K->622462K(1013632K), 0.0181752 secs] [Times: user=0.13 sys=0.00, real=0.02 secs] 
2021-01-22T01:15:11.990+0800: 30.629: [GC (Allocation Failure) 2021-01-22T01:15:11.991+0800: 30.630: [ParNew: 314559K->314559K(314560K), 0.0004774 secs]2021-01-22T01:15:11.992+0800: 30.630: [CMS2021-01-22T01:15:11.992+0800: 30.631: [CMS-concurrent-abortable-preclean: 0.003/0.086 secs] [Times: user=0.20 sys=0.00, real=0.09 secs] 
 (concurrent mode failure): 587519K->375170K(699072K), 0.0528319 secs] 902078K->375170K(1013632K), [Metaspace: 2817K->2817K(1056768K)], 0.0548636 secs] [Times: user=0.05 sys=0.00, real=0.05 secs] 
2021-01-22T01:15:12.081+0800: 30.719: [GC (Allocation Failure) 2021-01-22T01:15:12.081+0800: 30.720: [ParNew: 279616K->34942K(314560K), 0.0141099 secs] 654786K->464880K(1013632K), 0.0150934 secs] [Times: user=0.10 sys=0.00, real=0.01 secs] 
2021-01-22T01:15:12.129+0800: 30.767: [GC (Allocation Failure) 2021-01-22T01:15:12.129+0800: 30.768: [ParNew: 314558K->34943K(314560K), 0.0137025 secs] 744496K->542373K(1013632K), 0.0147184 secs] [Times: user=0.10 sys=0.00, real=0.01 secs] 
2021-01-22T01:15:12.144+0800: 30.783: [GC (CMS Initial Mark) [1 CMS-initial-mark: 507430K(699072K)] 548383K(1013632K), 0.0014731 secs] [Times: user=0.00 sys=0.00, real=0.00 secs] 
2021-01-22T01:15:12.147+0800: 30.785: [CMS-concurrent-mark-start]
2021-01-22T01:15:12.149+0800: 30.787: [CMS-concurrent-mark: 0.002/0.002 secs] [Times: user=0.00 sys=0.00, real=0.01 secs] 
2021-01-22T01:15:12.149+0800: 30.788: [CMS-concurrent-preclean-start]
2021-01-22T01:15:12.150+0800: 30.788: [CMS-concurrent-preclean: 0.001/0.001 secs] [Times: user=0.00 sys=0.00, real=0.00 secs] 
2021-01-22T01:15:12.150+0800: 30.789: [CMS-concurrent-abortable-preclean-start]
2021-01-22T01:15:12.182+0800: 30.820: [GC (Allocation Failure) 2021-01-22T01:15:12.182+0800: 30.821: [ParNew: 314559K->34942K(314560K), 0.0145185 secs] 821989K->618584K(1013632K), 0.0153222 secs] [Times: user=0.10 sys=0.00, real=0.01 secs] 
2021-01-22T01:15:12.234+0800: 30.873: [GC (Allocation Failure) 2021-01-22T01:15:12.235+0800: 30.874: [ParNew: 314452K->34939K(314560K), 0.0157462 secs] 898095K->695181K(1013632K), 0.0167220 secs] [Times: user=0.12 sys=0.00, real=0.02 secs] 
2021-01-22T01:15:12.253+0800: 30.892: [CMS-concurrent-abortable-preclean: 0.004/0.103 secs] [Times: user=0.30 sys=0.00, real=0.10 secs] 
2021-01-22T01:15:12.254+0800: 30.892: [GC (CMS Final Remark) [YG occupancy: 48533 K (314560 K)]2021-01-22T01:15:12.254+0800: 30.893: [Rescan (parallel) , 0.0020930 secs]2021-01-22T01:15:12.257+0800: 30.895: [weak refs processing, 0.0004216 secs]2021-01-22T01:15:12.258+0800: 30.896: [class unloading, 0.0006048 secs]2021-01-22T01:15:12.259+0800: 30.897: [scrub symbol table, 0.0007053 secs]2021-01-22T01:15:12.260+0800: 30.898: [scrub string table, 0.0005430 secs][1 CMS-remark: 660241K(699072K)] 708775K(1013632K), 0.0065911 secs] [Times: user=0.01 sys=0.00, real=0.01 secs] 
2021-01-22T01:15:12.261+0800: 30.900: [CMS-concurrent-sweep-start]
2021-01-22T01:15:12.262+0800: 30.901: [CMS-concurrent-sweep: 0.001/0.001 secs] [Times: user=0.01 sys=0.00, real=0.00 secs] 
2021-01-22T01:15:12.263+0800: 30.901: [CMS-concurrent-reset-start]
2021-01-22T01:15:12.263+0800: 30.902: [CMS-concurrent-reset: 0.001/0.001 secs] [Times: user=0.00 sys=0.00, real=0.00 secs] 
2021-01-22T01:15:12.295+0800: 30.934: [GC (Allocation Failure) 2021-01-22T01:15:12.296+0800: 30.934: [ParNew: 314555K->34942K(314560K), 0.0214235 secs] 791815K->591954K(1013632K), 0.0227185 secs] [Times: user=0.14 sys=0.01, real=0.03 secs] 
2021-01-22T01:15:12.319+0800: 30.958: [GC (CMS Initial Mark) [1 CMS-initial-mark: 557012K(699072K)] 597716K(1013632K), 0.0015080 secs] [Times: user=0.00 sys=0.00, real=0.00 secs] 
2021-01-22T01:15:12.321+0800: 30.960: [CMS-concurrent-mark-start]
2021-01-22T01:15:12.324+0800: 30.962: [CMS-concurrent-mark: 0.002/0.002 secs] [Times: user=0.00 sys=0.00, real=0.00 secs] 
2021-01-22T01:15:12.324+0800: 30.963: [CMS-concurrent-preclean-start]
2021-01-22T01:15:12.325+0800: 30.964: [CMS-concurrent-preclean: 0.001/0.001 secs] [Times: user=0.00 sys=0.00, real=0.00 secs] 
2021-01-22T01:15:12.326+0800: 30.964: [CMS-concurrent-abortable-preclean-start]
2021-01-22T01:15:12.360+0800: 30.998: [GC (Allocation Failure) 2021-01-22T01:15:12.360+0800: 30.999: [ParNew: 314558K->34943K(314560K), 0.0153679 secs] 871570K->668502K(1013632K), 0.0160502 secs] [Times: user=0.12 sys=0.00, real=0.01 secs] 
2021-01-22T01:15:12.409+0800: 31.048: [GC (Allocation Failure) 2021-01-22T01:15:12.409+0800: 31.048: [ParNew: 314559K->314559K(314560K), 0.0001979 secs]2021-01-22T01:15:12.410+0800: 31.048: [CMS2021-01-22T01:15:12.410+0800: 31.049: [CMS-concurrent-abortable-preclean: 0.003/0.084 secs] [Times: user=0.20 sys=0.00, real=0.09 secs] 
 (concurrent mode failure): 633558K->363731K(699072K), 0.0469758 secs] 948118K->363731K(1013632K), [Metaspace: 2817K->2817K(1056768K)], 0.0481707 secs] [Times: user=0.05 sys=0.00, real=0.04 secs] 
2021-01-22T01:15:12.491+0800: 31.130: [GC (Allocation Failure) 2021-01-22T01:15:12.492+0800: 31.130: [ParNew: 279616K->34943K(314560K), 0.0112454 secs] 643347K->453167K(1013632K), 0.0120218 secs] [Times: user=0.08 sys=0.00, real=0.01 secs] 
2021-01-22T01:15:12.540+0800: 31.178: [GC (Allocation Failure) 2021-01-22T01:15:12.540+0800: 31.179: [ParNew: 314559K->34942K(314560K), 0.0165548 secs] 732783K->530713K(1013632K), 0.0172761 secs] [Times: user=0.13 sys=0.00, real=0.01 secs] 
2021-01-22T01:15:12.558+0800: 31.197: [GC (CMS Initial Mark) [1 CMS-initial-mark: 495770K(699072K)] 536831K(1013632K), 0.0015019 secs] [Times: user=0.00 sys=0.00, real=0.01 secs] 
2021-01-22T01:15:12.560+0800: 31.199: [CMS-concurrent-mark-start]
2021-01-22T01:15:12.562+0800: 31.200: [CMS-concurrent-mark: 0.002/0.002 secs] [Times: user=0.00 sys=0.00, real=0.00 secs] 
2021-01-22T01:15:12.562+0800: 31.201: [CMS-concurrent-preclean-start]
2021-01-22T01:15:12.564+0800: 31.202: [CMS-concurrent-preclean: 0.001/0.001 secs] [Times: user=0.01 sys=0.00, real=0.00 secs] 
2021-01-22T01:15:12.564+0800: 31.203: [CMS-concurrent-abortable-preclean-start]
2021-01-22T01:15:12.596+0800: 31.234: [GC (Allocation Failure) 2021-01-22T01:15:12.596+0800: 31.235: [ParNew: 314558K->34943K(314560K), 0.0173328 secs] 810329K->611873K(1013632K), 0.0180608 secs] [Times: user=0.13 sys=0.00, real=0.02 secs] 
2021-01-22T01:15:12.649+0800: 31.287: [GC (Allocation Failure) 2021-01-22T01:15:12.649+0800: 31.288: [ParNew: 314559K->34943K(314560K), 0.0139780 secs] 891489K->690824K(1013632K), 0.0147906 secs] [Times: user=0.10 sys=0.00, real=0.01 secs] 
2021-01-22T01:15:12.665+0800: 31.304: [CMS-concurrent-abortable-preclean: 0.004/0.101 secs] [Times: user=0.31 sys=0.00, real=0.10 secs] 
2021-01-22T01:15:12.666+0800: 31.304: [GC (CMS Final Remark) [YG occupancy: 46557 K (314560 K)]2021-01-22T01:15:12.666+0800: 31.305: [Rescan (parallel) , 0.0012514 secs]2021-01-22T01:15:12.668+0800: 31.306: [weak refs processing, 0.0003203 secs]2021-01-22T01:15:12.668+0800: 31.307: [class unloading, 0.0004515 secs]2021-01-22T01:15:12.669+0800: 31.308: [scrub symbol table, 0.0005195 secs]2021-01-22T01:15:12.670+0800: 31.308: [scrub string table, 0.0003787 secs][1 CMS-remark: 655881K(699072K)] 702438K(1013632K), 0.0046961 secs] [Times: user=0.00 sys=0.00, real=0.01 secs] 
2021-01-22T01:15:12.671+0800: 31.310: [CMS-concurrent-sweep-start]
2021-01-22T01:15:12.672+0800: 31.311: [CMS-concurrent-sweep: 0.001/0.001 secs] [Times: user=0.00 sys=0.00, real=0.00 secs] 
2021-01-22T01:15:12.672+0800: 31.311: [CMS-concurrent-reset-start]
2021-01-22T01:15:12.673+0800: 31.311: [CMS-concurrent-reset: 0.001/0.001 secs] [Times: user=0.00 sys=0.00, real=0.00 secs] 
2021-01-22T01:15:12.702+0800: 31.340: [GC (Allocation Failure) 2021-01-22T01:15:12.702+0800: 31.341: [ParNew: 314559K->34942K(314560K), 0.0139183 secs] 808386K->604478K(1013632K), 0.0147199 secs] [Times: user=0.11 sys=0.00, real=0.01 secs] 
2021-01-22T01:15:12.717+0800: 31.356: [GC (CMS Initial Mark) [1 CMS-initial-mark: 569535K(699072K)] 610943K(1013632K), 0.0015297 secs] [Times: user=0.00 sys=0.00, real=0.01 secs] 
2021-01-22T01:15:12.720+0800: 31.358: [CMS-concurrent-mark-start]
2021-01-22T01:15:12.722+0800: 31.360: [CMS-concurrent-mark: 0.002/0.002 secs] [Times: user=0.00 sys=0.00, real=0.00 secs] 
2021-01-22T01:15:12.722+0800: 31.361: [CMS-concurrent-preclean-start]
2021-01-22T01:15:12.723+0800: 31.362: [CMS-concurrent-preclean: 0.001/0.001 secs] [Times: user=0.01 sys=0.00, real=0.00 secs] 
2021-01-22T01:15:12.724+0800: 31.362: [CMS-concurrent-abortable-preclean-start]
2021-01-22T01:15:12.752+0800: 31.391: [GC (Allocation Failure) 2021-01-22T01:15:12.753+0800: 31.391: [ParNew: 314558K->34943K(314560K), 0.0145434 secs] 884094K->685309K(1013632K), 0.0153397 secs] [Times: user=0.11 sys=0.00, real=0.01 secs] 
2021-01-22T01:15:12.801+0800: 31.440: [GC (Allocation Failure) 2021-01-22T01:15:12.802+0800: 31.440: [ParNew: 314559K->314559K(314560K), 0.0003419 secs]2021-01-22T01:15:12.802+0800: 31.441: [CMS2021-01-22T01:15:12.803+0800: 31.441: [CMS-concurrent-abortable-preclean: 0.003/0.079 secs] [Times: user=0.17 sys=0.00, real=0.08 secs] 
 (concurrent mode failure): 650366K->386551K(699072K), 0.0503533 secs] 964925K->386551K(1013632K), [Metaspace: 2817K->2817K(1056768K)], 0.0519292 secs] [Times: user=0.05 sys=0.00, real=0.05 secs] 
2021-01-22T01:15:12.886+0800: 31.525: [GC (Allocation Failure) 2021-01-22T01:15:12.887+0800: 31.525: [ParNew: 279382K->34943K(314560K), 0.0113764 secs] 665934K->477007K(1013632K), 0.0122683 secs] [Times: user=0.09 sys=0.00, real=0.02 secs] 
2021-01-22T01:15:12.932+0800: 31.571: [GC (Allocation Failure) 2021-01-22T01:15:12.933+0800: 31.571: [ParNew: 314559K->34943K(314560K), 0.0136220 secs] 756623K->554244K(1013632K), 0.0146396 secs] [Times: user=0.10 sys=0.00, real=0.01 secs] 
2021-01-22T01:15:12.949+0800: 31.587: [GC (CMS Initial Mark) [1 CMS-initial-mark: 519300K(699072K)] 560419K(1013632K), 0.0012458 secs] [Times: user=0.00 sys=0.01, real=0.00 secs] 
2021-01-22T01:15:12.951+0800: 31.589: [CMS-concurrent-mark-start]
2021-01-22T01:15:12.952+0800: 31.591: [CMS-concurrent-mark: 0.002/0.002 secs] [Times: user=0.00 sys=0.00, real=0.00 secs] 
2021-01-22T01:15:12.953+0800: 31.591: [CMS-concurrent-preclean-start]
2021-01-22T01:15:12.954+0800: 31.592: [CMS-concurrent-preclean: 0.001/0.001 secs] [Times: user=0.00 sys=0.00, real=0.00 secs] 
2021-01-22T01:15:12.954+0800: 31.593: [CMS-concurrent-abortable-preclean-start]
2021-01-22T01:15:12.982+0800: 31.621: [GC (Allocation Failure) 2021-01-22T01:15:12.983+0800: 31.621: [ParNew: 314559K->34943K(314560K), 0.0138354 secs] 833860K->628224K(1013632K), 0.0145951 secs] [Times: user=0.10 sys=0.00, real=0.01 secs] 
2021-01-22T01:15:13.030+0800: 31.669: [GC (Allocation Failure) 2021-01-22T01:15:13.031+0800: 31.669: [ParNew: 314318K->34943K(314560K), 0.0137295 secs] 907598K->701210K(1013632K), 0.0144822 secs] [Times: user=0.10 sys=0.00, real=0.01 secs] 
2021-01-22T01:15:13.045+0800: 31.684: [CMS-concurrent-abortable-preclean: 0.003/0.091 secs] [Times: user=0.27 sys=0.00, real=0.09 secs] 
2021-01-22T01:15:13.046+0800: 31.684: [GC (CMS Final Remark) [YG occupancy: 41306 K (314560 K)]2021-01-22T01:15:13.046+0800: 31.685: [Rescan (parallel) , 0.0013901 secs]2021-01-22T01:15:13.048+0800: 31.686: [weak refs processing, 0.0002396 secs]2021-01-22T01:15:13.048+0800: 31.687: [class unloading, 0.0004524 secs]2021-01-22T01:15:13.049+0800: 31.688: [scrub symbol table, 0.0005586 secs]2021-01-22T01:15:13.050+0800: 31.688: [scrub string table, 0.0004513 secs][1 CMS-remark: 666267K(699072K)] 707573K(1013632K), 0.0047391 secs] [Times: user=0.01 sys=0.00, real=0.01 secs] 
2021-01-22T01:15:13.052+0800: 31.690: [CMS-concurrent-sweep-start]
2021-01-22T01:15:13.052+0800: 31.691: [CMS-concurrent-sweep: 0.001/0.001 secs] [Times: user=0.00 sys=0.00, real=0.00 secs] 
2021-01-22T01:15:13.053+0800: 31.691: [CMS-concurrent-reset-start]
2021-01-22T01:15:13.053+0800: 31.692: [CMS-concurrent-reset: 0.000/0.000 secs] [Times: user=0.00 sys=0.00, real=0.00 secs] 
2021-01-22T01:15:13.086+0800: 31.724: [GC (Allocation Failure) 2021-01-22T01:15:13.086+0800: 31.725: [ParNew: 314559K->34943K(314560K), 0.0140094 secs] 803876K->600815K(1013632K), 0.0148862 secs] [Times: user=0.11 sys=0.00, real=0.02 secs] 
2021-01-22T01:15:13.102+0800: 31.740: [GC (CMS Initial Mark) [1 CMS-initial-mark: 565872K(699072K)] 606563K(1013632K), 0.0013807 secs] [Times: user=0.00 sys=0.00, real=0.00 secs] 
2021-01-22T01:15:13.104+0800: 31.742: [CMS-concurrent-mark-start]
2021-01-22T01:15:13.106+0800: 31.744: [CMS-concurrent-mark: 0.002/0.002 secs] [Times: user=0.00 sys=0.00, real=0.00 secs] 
2021-01-22T01:15:13.106+0800: 31.745: [CMS-concurrent-preclean-start]
2021-01-22T01:15:13.107+0800: 31.746: [CMS-concurrent-preclean: 0.001/0.001 secs] [Times: user=0.00 sys=0.00, real=0.00 secs] 
2021-01-22T01:15:13.107+0800: 31.746: [CMS-concurrent-abortable-preclean-start]
2021-01-22T01:15:13.134+0800: 31.773: [GC (Allocation Failure) 2021-01-22T01:15:13.135+0800: 31.773: [ParNew: 314559K->34943K(314560K), 0.0153183 secs] 880431K->683839K(1013632K), 0.0161938 secs] [Times: user=0.11 sys=0.00, real=0.02 secs] 
2021-01-22T01:15:13.183+0800: 31.821: [GC (Allocation Failure) 2021-01-22T01:15:13.183+0800: 31.822: [ParNew: 314559K->314559K(314560K), 0.0003607 secs]2021-01-22T01:15:13.184+0800: 31.822: [CMS2021-01-22T01:15:13.184+0800: 31.823: [CMS-concurrent-abortable-preclean: 0.003/0.077 secs] [Times: user=0.18 sys=0.00, real=0.08 secs] 
 (concurrent mode failure): 648895K->377194K(699072K), 0.0482523 secs] 963455K->377194K(1013632K), [Metaspace: 2817K->2817K(1056768K)], 0.0499299 secs] [Times: user=0.04 sys=0.00, real=0.05 secs] 
2021-01-22T01:15:13.266+0800: 31.905: [GC (Allocation Failure) 2021-01-22T01:15:13.267+0800: 31.905: [ParNew: 279616K->34942K(314560K), 0.0113431 secs] 656810K->466175K(1013632K), 0.0124695 secs] [Times: user=0.08 sys=0.00, real=0.02 secs] 
2021-01-22T01:15:13.315+0800: 31.953: [GC (Allocation Failure) 2021-01-22T01:15:13.315+0800: 31.954: [ParNew: 314558K->34943K(314560K), 0.0146708 secs] 745791K->547063K(1013632K), 0.0155664 secs] [Times: user=0.11 sys=0.00, real=0.02 secs] 
2021-01-22T01:15:13.331+0800: 31.970: [GC (CMS Initial Mark) [1 CMS-initial-mark: 512120K(699072K)] 553267K(1013632K), 0.0015327 secs] [Times: user=0.01 sys=0.00, real=0.00 secs] 
2021-01-22T01:15:13.334+0800: 31.972: [CMS-concurrent-mark-start]
2021-01-22T01:15:13.336+0800: 31.974: [CMS-concurrent-mark: 0.002/0.002 secs] [Times: user=0.00 sys=0.00, real=0.00 secs] 
2021-01-22T01:15:13.336+0800: 31.975: [CMS-concurrent-preclean-start]
2021-01-22T01:15:13.337+0800: 31.975: [CMS-concurrent-preclean: 0.001/0.001 secs] [Times: user=0.00 sys=0.00, real=0.00 secs] 
2021-01-22T01:15:13.337+0800: 31.976: [CMS-concurrent-abortable-preclean-start]
2021-01-22T01:15:13.367+0800: 32.005: [GC (Allocation Failure) 2021-01-22T01:15:13.367+0800: 32.006: [ParNew: 314559K->34943K(314560K), 0.0138954 secs] 826679K->627480K(1013632K), 0.0147425 secs] [Times: user=0.11 sys=0.00, real=0.02 secs] 
2021-01-22T01:15:13.414+0800: 32.053: [GC (Allocation Failure) 2021-01-22T01:15:13.415+0800: 32.053: [ParNew: 314559K->34943K(314560K), 0.0145294 secs] 907096K->711704K(1013632K), 0.0153144 secs] [Times: user=0.10 sys=0.00, real=0.02 secs] 
2021-01-22T01:15:13.430+0800: 32.069: [CMS-concurrent-abortable-preclean: 0.003/0.093 secs] [Times: user=0.28 sys=0.00, real=0.10 secs] 
2021-01-22T01:15:13.431+0800: 32.069: [GC (CMS Final Remark) [YG occupancy: 46450 K (314560 K)]2021-01-22T01:15:13.431+0800: 32.070: [Rescan (parallel) , 0.0011986 secs]2021-01-22T01:15:13.433+0800: 32.071: [weak refs processing, 0.0002689 secs]2021-01-22T01:15:13.433+0800: 32.072: [class unloading, 0.0004606 secs]2021-01-22T01:15:13.434+0800: 32.073: [scrub symbol table, 0.0005522 secs]2021-01-22T01:15:13.435+0800: 32.073: [scrub string table, 0.0005599 secs][1 CMS-remark: 676761K(699072K)] 723211K(1013632K), 0.0049246 secs] [Times: user=0.00 sys=0.00, real=0.00 secs] 
2021-01-22T01:15:13.436+0800: 32.075: [CMS-concurrent-sweep-start]
2021-01-22T01:15:13.437+0800: 32.076: [CMS-concurrent-sweep: 0.001/0.001 secs] [Times: user=0.00 sys=0.00, real=0.00 secs] 
2021-01-22T01:15:13.438+0800: 32.076: [CMS-concurrent-reset-start]
2021-01-22T01:15:13.438+0800: 32.077: [CMS-concurrent-reset: 0.001/0.001 secs] [Times: user=0.00 sys=0.00, real=0.01 secs] 
2021-01-22T01:15:13.470+0800: 32.109: [GC (Allocation Failure) 2021-01-22T01:15:13.471+0800: 32.109: [ParNew: 314559K->34943K(314560K), 0.0143495 secs] 821941K->621757K(1013632K), 0.0153877 secs] [Times: user=0.11 sys=0.00, real=0.01 secs] 
2021-01-22T01:15:13.487+0800: 32.125: [GC (CMS Initial Mark) [1 CMS-initial-mark: 586813K(699072K)] 627754K(1013632K), 0.0016249 secs] [Times: user=0.00 sys=0.00, real=0.01 secs] 
2021-01-22T01:15:13.489+0800: 32.128: [CMS-concurrent-mark-start]
2021-01-22T01:15:13.491+0800: 32.130: [CMS-concurrent-mark: 0.002/0.002 secs] [Times: user=0.00 sys=0.00, real=0.00 secs] 
2021-01-22T01:15:13.491+0800: 32.130: [CMS-concurrent-preclean-start]
2021-01-22T01:15:13.492+0800: 32.131: [CMS-concurrent-preclean: 0.001/0.001 secs] [Times: user=0.00 sys=0.00, real=0.00 secs] 
2021-01-22T01:15:13.492+0800: 32.131: [CMS-concurrent-abortable-preclean-start]
2021-01-22T01:15:13.523+0800: 32.161: [GC (Allocation Failure) 2021-01-22T01:15:13.523+0800: 32.162: [ParNew: 314559K->34943K(314560K), 0.0140115 secs] 901373K->699804K(1013632K), 0.0150116 secs] [Times: user=0.10 sys=0.00, real=0.01 secs] 
2021-01-22T01:15:13.538+0800: 32.177: [CMS-concurrent-abortable-preclean: 0.001/0.046 secs] [Times: user=0.14 sys=0.00, real=0.05 secs] 
2021-01-22T01:15:13.539+0800: 32.178: [GC (CMS Final Remark) [YG occupancy: 40948 K (314560 K)]2021-01-22T01:15:13.540+0800: 32.178: [Rescan (parallel) , 0.0013393 secs]2021-01-22T01:15:13.541+0800: 32.180: [weak refs processing, 0.0004048 secs]2021-01-22T01:15:13.542+0800: 32.181: [class unloading, 0.0004706 secs]2021-01-22T01:15:13.543+0800: 32.181: [scrub symbol table, 0.0005397 secs]2021-01-22T01:15:13.544+0800: 32.182: [scrub string table, 0.0003765 secs][1 CMS-remark: 664860K(699072K)] 705808K(1013632K), 0.0051347 secs] [Times: user=0.01 sys=0.00, real=0.00 secs] 
2021-01-22T01:15:13.545+0800: 32.183: [CMS-concurrent-sweep-start]
2021-01-22T01:15:13.546+0800: 32.184: [CMS-concurrent-sweep: 0.001/0.001 secs] [Times: user=0.00 sys=0.00, real=0.00 secs] 
2021-01-22T01:15:13.546+0800: 32.185: [CMS-concurrent-reset-start]
2021-01-22T01:15:13.547+0800: 32.185: [CMS-concurrent-reset: 0.001/0.001 secs] [Times: user=0.00 sys=0.00, real=0.00 secs] 
2021-01-22T01:15:13.579+0800: 32.217: [GC (Allocation Failure) 2021-01-22T01:15:13.579+0800: 32.218: [ParNew: 314559K->34943K(314560K), 0.0136302 secs] 728552K->523323K(1013632K), 0.0143956 secs] [Times: user=0.11 sys=0.00, real=0.01 secs] 
2021-01-22T01:15:13.594+0800: 32.233: [GC (CMS Initial Mark) [1 CMS-initial-mark: 488379K(699072K)] 529071K(1013632K), 0.0015347 secs] [Times: user=0.00 sys=0.00, real=0.00 secs] 
2021-01-22T01:15:13.596+0800: 32.235: [CMS-concurrent-mark-start]
2021-01-22T01:15:13.599+0800: 32.237: [CMS-concurrent-mark: 0.002/0.002 secs] [Times: user=0.00 sys=0.00, real=0.01 secs] 
2021-01-22T01:15:13.599+0800: 32.238: [CMS-concurrent-preclean-start]
2021-01-22T01:15:13.600+0800: 32.239: [CMS-concurrent-preclean: 0.001/0.001 secs] [Times: user=0.01 sys=0.00, real=0.00 secs] 
2021-01-22T01:15:13.600+0800: 32.239: [CMS-concurrent-abortable-preclean-start]
2021-01-22T01:15:13.630+0800: 32.269: [GC (Allocation Failure) 2021-01-22T01:15:13.631+0800: 32.269: [ParNew: 314559K->34943K(314560K), 0.0189012 secs] 802939K->599836K(1013632K), 0.0198025 secs] [Times: user=0.14 sys=0.00, real=0.02 secs] 
2021-01-22T01:15:13.687+0800: 32.325: [GC (Allocation Failure) 2021-01-22T01:15:13.687+0800: 32.325: [ParNew: 314559K->34943K(314560K), 0.0144674 secs] 879452K->678743K(1013632K), 0.0153617 secs] [Times: user=0.10 sys=0.00, real=0.02 secs] 
2021-01-22T01:15:13.737+0800: 32.375: [GC (Allocation Failure) 2021-01-22T01:15:13.737+0800: 32.376: [ParNew: 314559K->314559K(314560K), 0.0002790 secs]2021-01-22T01:15:13.738+0800: 32.376: [CMS2021-01-22T01:15:13.738+0800: 32.377: [CMS-concurrent-abortable-preclean: 0.005/0.138 secs] [Times: user=0.35 sys=0.00, real=0.13 secs] 
 (concurrent mode failure): 643799K->375357K(699072K), 0.0463466 secs] 958359K->375357K(1013632K), [Metaspace: 2817K->2817K(1056768K)], 0.0478530 secs] [Times: user=0.05 sys=0.00, real=0.05 secs] 
2021-01-22T01:15:13.818+0800: 32.457: [GC (Allocation Failure) 2021-01-22T01:15:13.818+0800: 32.457: [ParNew: 279616K->34941K(314560K), 0.0108084 secs] 654973K->458474K(1013632K), 0.0116277 secs] [Times: user=0.08 sys=0.00, real=0.02 secs] 
2021-01-22T01:15:13.863+0800: 32.502: [GC (Allocation Failure) 2021-01-22T01:15:13.864+0800: 32.502: [ParNew: 314557K->34943K(314560K), 0.0140657 secs] 738090K->538411K(1013632K), 0.0150731 secs] [Times: user=0.10 sys=0.01, real=0.02 secs] 
2021-01-22T01:15:13.880+0800: 32.518: [GC (CMS Initial Mark) [1 CMS-initial-mark: 503468K(699072K)] 544081K(1013632K), 0.0015659 secs] [Times: user=0.00 sys=0.00, real=0.00 secs] 
2021-01-22T01:15:13.882+0800: 32.521: [CMS-concurrent-mark-start]
2021-01-22T01:15:13.884+0800: 32.522: [CMS-concurrent-mark: 0.002/0.002 secs] [Times: user=0.01 sys=0.00, real=0.00 secs] 
2021-01-22T01:15:13.884+0800: 32.523: [CMS-concurrent-preclean-start]
2021-01-22T01:15:13.885+0800: 32.524: [CMS-concurrent-preclean: 0.001/0.001 secs] [Times: user=0.00 sys=0.00, real=0.00 secs] 
2021-01-22T01:15:13.886+0800: 32.524: [CMS-concurrent-abortable-preclean-start]
2021-01-22T01:15:13.916+0800: 32.554: [GC (Allocation Failure) 2021-01-22T01:15:13.916+0800: 32.554: [ParNew: 314559K->34943K(314560K), 0.0140052 secs] 818027K->617128K(1013632K), 0.0148512 secs] [Times: user=0.11 sys=0.00, real=0.02 secs] 
2021-01-22T01:15:13.964+0800: 32.602: [GC (Allocation Failure) 2021-01-22T01:15:13.964+0800: 32.603: [ParNew: 314559K->34943K(314560K), 0.0144179 secs] 896744K->696880K(1013632K), 0.0152811 secs] [Times: user=0.11 sys=0.00, real=0.02 secs] 
2021-01-22T01:15:13.981+0800: 32.620: [CMS-concurrent-abortable-preclean: 0.004/0.095 secs] [Times: user=0.28 sys=0.00, real=0.10 secs] 
2021-01-22T01:15:13.982+0800: 32.620: [GC (CMS Final Remark) [YG occupancy: 46482 K (314560 K)]2021-01-22T01:15:13.982+0800: 32.621: [Rescan (parallel) , 0.0009295 secs]2021-01-22T01:15:13.983+0800: 32.622: [weak refs processing, 0.0003207 secs]2021-01-22T01:15:13.984+0800: 32.623: [class unloading, 0.0005098 secs]2021-01-22T01:15:13.985+0800: 32.623: [scrub symbol table, 0.0006424 secs]2021-01-22T01:15:13.986+0800: 32.624: [scrub string table, 0.0004398 secs][1 CMS-remark: 661936K(699072K)] 708418K(1013632K), 0.0048974 secs] [Times: user=0.01 sys=0.00, real=0.00 secs] 
2021-01-22T01:15:13.988+0800: 32.626: [CMS-concurrent-sweep-start]
2021-01-22T01:15:13.988+0800: 32.627: [CMS-concurrent-sweep: 0.001/0.001 secs] [Times: user=0.00 sys=0.00, real=0.01 secs] 
2021-01-22T01:15:13.989+0800: 32.627: [CMS-concurrent-reset-start]
2021-01-22T01:15:13.989+0800: 32.628: [CMS-concurrent-reset: 0.001/0.001 secs] [Times: user=0.00 sys=0.00, real=0.00 secs] 
2021-01-22T01:15:14.018+0800: 32.657: [GC (Allocation Failure) 2021-01-22T01:15:14.019+0800: 32.657: [ParNew: 314559K->34942K(314560K), 0.0149314 secs] 800801K->596559K(1013632K), 0.0157830 secs] [Times: user=0.10 sys=0.00, real=0.01 secs] 
2021-01-22T01:15:14.035+0800: 32.674: [GC (CMS Initial Mark) [1 CMS-initial-mark: 561617K(699072K)] 602244K(1013632K), 0.0013609 secs] [Times: user=0.00 sys=0.00, real=0.00 secs] 
2021-01-22T01:15:14.037+0800: 32.676: [CMS-concurrent-mark-start]
2021-01-22T01:15:14.041+0800: 32.679: [CMS-concurrent-mark: 0.003/0.003 secs] [Times: user=0.01 sys=0.00, real=0.01 secs] 
2021-01-22T01:15:14.041+0800: 32.680: [CMS-concurrent-preclean-start]
2021-01-22T01:15:14.042+0800: 32.680: [CMS-concurrent-preclean: 0.001/0.001 secs] [Times: user=0.00 sys=0.00, real=0.00 secs] 
2021-01-22T01:15:14.042+0800: 32.681: [CMS-concurrent-abortable-preclean-start]
2021-01-22T01:15:14.069+0800: 32.707: [GC (Allocation Failure) 2021-01-22T01:15:14.069+0800: 32.708: [ParNew: 314558K->34942K(314560K), 0.0140015 secs] 876175K->672210K(1013632K), 0.0148442 secs] [Times: user=0.11 sys=0.00, real=0.01 secs] 
2021-01-22T01:15:14.118+0800: 32.756: [GC (Allocation Failure) 2021-01-22T01:15:14.118+0800: 32.757: [ParNew: 314558K->314558K(314560K), 0.0003255 secs]2021-01-22T01:15:14.119+0800: 32.757: [CMS2021-01-22T01:15:14.119+0800: 32.758: [CMS-concurrent-abortable-preclean: 0.004/0.077 secs] [Times: user=0.17 sys=0.00, real=0.08 secs] 
 (concurrent mode failure): 637267K->361523K(699072K), 0.0461798 secs] 951826K->361523K(1013632K), [Metaspace: 2817K->2817K(1056768K)], 0.0475986 secs] [Times: user=0.05 sys=0.00, real=0.05 secs] 
2021-01-22T01:15:14.201+0800: 32.839: [GC (Allocation Failure) 2021-01-22T01:15:14.201+0800: 32.840: [ParNew: 279616K->34943K(314560K), 0.0109240 secs] 641139K->449793K(1013632K), 0.0117566 secs] [Times: user=0.08 sys=0.00, real=0.01 secs] 
2021-01-22T01:15:14.246+0800: 32.884: [GC (Allocation Failure) 2021-01-22T01:15:14.246+0800: 32.885: [ParNew: 314559K->34942K(314560K), 0.0146134 secs] 729409K->532756K(1013632K), 0.0154521 secs] [Times: user=0.11 sys=0.00, real=0.02 secs] 
2021-01-22T01:15:14.262+0800: 32.901: [GC (CMS Initial Mark) [1 CMS-initial-mark: 497813K(699072K)] 538334K(1013632K), 0.0015346 secs] [Times: user=0.00 sys=0.00, real=0.00 secs] 
2021-01-22T01:15:14.264+0800: 32.903: [CMS-concurrent-mark-start]
2021-01-22T01:15:14.266+0800: 32.905: [CMS-concurrent-mark: 0.002/0.002 secs] [Times: user=0.01 sys=0.00, real=0.00 secs] 
2021-01-22T01:15:14.267+0800: 32.905: [CMS-concurrent-preclean-start]
2021-01-22T01:15:14.267+0800: 32.906: [CMS-concurrent-preclean: 0.001/0.001 secs] [Times: user=0.00 sys=0.00, real=0.00 secs] 
2021-01-22T01:15:14.268+0800: 32.907: [CMS-concurrent-abortable-preclean-start]
2021-01-22T01:15:14.296+0800: 32.935: [GC (Allocation Failure) 2021-01-22T01:15:14.296+0800: 32.935: [ParNew: 314558K->34943K(314560K), 0.0142612 secs] 812372K->610208K(1013632K), 0.0149797 secs] [Times: user=0.11 sys=0.00, real=0.02 secs] 
2021-01-22T01:15:14.343+0800: 32.982: [GC (Allocation Failure) 2021-01-22T01:15:14.344+0800: 32.982: [ParNew: 314559K->34943K(314560K), 0.0140107 secs] 889824K->683108K(1013632K), 0.0148176 secs] [Times: user=0.10 sys=0.00, real=0.02 secs] 
2021-01-22T01:15:14.393+0800: 33.031: [GC (Allocation Failure) 2021-01-22T01:15:14.393+0800: 33.032: [ParNew: 314559K->314559K(314560K), 0.0003269 secs]2021-01-22T01:15:14.394+0800: 33.032: [CMS2021-01-22T01:15:14.394+0800: 33.033: [CMS-concurrent-abortable-preclean: 0.004/0.126 secs] [Times: user=0.31 sys=0.00, real=0.13 secs] 
 (concurrent mode failure): 648165K->369526K(699072K), 0.0488335 secs] 962724K->369526K(1013632K), [Metaspace: 2817K->2817K(1056768K)], 0.0503929 secs] [Times: user=0.05 sys=0.00, real=0.05 secs] 
2021-01-22T01:15:14.476+0800: 33.115: [GC (Allocation Failure) 2021-01-22T01:15:14.477+0800: 33.115: [ParNew: 279590K->34942K(314560K), 0.0115703 secs] 649117K->461367K(1013632K), 0.0125385 secs] [Times: user=0.09 sys=0.00, real=0.02 secs] 
2021-01-22T01:15:14.521+0800: 33.160: [GC (Allocation Failure) 2021-01-22T01:15:14.522+0800: 33.160: [ParNew: 314558K->34942K(314560K), 0.0145871 secs] 740983K->541271K(1013632K), 0.0154991 secs] [Times: user=0.11 sys=0.00, real=0.01 secs] 
2021-01-22T01:15:14.538+0800: 33.176: [GC (CMS Initial Mark) [1 CMS-initial-mark: 506329K(699072K)] 547106K(1013632K), 0.0015863 secs] [Times: user=0.00 sys=0.00, real=0.01 secs] 
2021-01-22T01:15:14.540+0800: 33.179: [CMS-concurrent-mark-start]
2021-01-22T01:15:14.542+0800: 33.180: [CMS-concurrent-mark: 0.002/0.002 secs] [Times: user=0.00 sys=0.01, real=0.00 secs] 
2021-01-22T01:15:14.542+0800: 33.181: [CMS-concurrent-preclean-start]
2021-01-22T01:15:14.543+0800: 33.181: [CMS-concurrent-preclean: 0.001/0.001 secs] [Times: user=0.00 sys=0.00, real=0.00 secs] 
2021-01-22T01:15:14.543+0800: 33.182: [CMS-concurrent-abortable-preclean-start]
2021-01-22T01:15:14.574+0800: 33.213: [GC (Allocation Failure) 2021-01-22T01:15:14.575+0800: 33.213: [ParNew: 314558K->34942K(314560K), 0.0132498 secs] 820887K->615297K(1013632K), 0.0140809 secs] [Times: user=0.09 sys=0.01, real=0.02 secs] 
2021-01-22T01:15:14.621+0800: 33.259: [GC (Allocation Failure) 2021-01-22T01:15:14.621+0800: 33.260: [ParNew: 314466K->34943K(314560K), 0.0145271 secs] 894821K->700086K(1013632K), 0.0153362 secs] [Times: user=0.11 sys=0.00, real=0.01 secs] 
2021-01-22T01:15:14.637+0800: 33.275: [CMS-concurrent-abortable-preclean: 0.003/0.093 secs] [Times: user=0.26 sys=0.01, real=0.09 secs] 
2021-01-22T01:15:14.637+0800: 33.276: [GC (CMS Final Remark) [YG occupancy: 41189 K (314560 K)]2021-01-22T01:15:14.638+0800: 33.276: [Rescan (parallel) , 0.0012867 secs]2021-01-22T01:15:14.639+0800: 33.278: [weak refs processing, 0.0004104 secs]2021-01-22T01:15:14.640+0800: 33.279: [class unloading, 0.0005732 secs]2021-01-22T01:15:14.641+0800: 33.279: [scrub symbol table, 0.0004931 secs]2021-01-22T01:15:14.641+0800: 33.280: [scrub string table, 0.0003659 secs][1 CMS-remark: 665142K(699072K)] 706332K(1013632K), 0.0046680 secs] [Times: user=0.01 sys=0.00, real=0.01 secs] 
2021-01-22T01:15:14.643+0800: 33.281: [CMS-concurrent-sweep-start]
2021-01-22T01:15:14.643+0800: 33.282: [CMS-concurrent-sweep: 0.001/0.001 secs] [Times: user=0.00 sys=0.00, real=0.00 secs] 
2021-01-22T01:15:14.643+0800: 33.282: [CMS-concurrent-reset-start]
2021-01-22T01:15:14.644+0800: 33.283: [CMS-concurrent-reset: 0.001/0.001 secs] [Times: user=0.00 sys=0.00, real=0.00 secs] 
2021-01-22T01:15:14.675+0800: 33.313: [GC (Allocation Failure) 2021-01-22T01:15:14.675+0800: 33.314: [ParNew: 314559K->34943K(314560K), 0.0154057 secs] 817502K->621677K(1013632K), 0.0162039 secs] [Times: user=0.11 sys=0.00, real=0.02 secs] 
2021-01-22T01:15:14.692+0800: 33.330: [GC (CMS Initial Mark) [1 CMS-initial-mark: 586733K(699072K)] 627559K(1013632K), 0.0011824 secs] [Times: user=0.01 sys=0.00, real=0.00 secs] 
2021-01-22T01:15:14.694+0800: 33.332: [CMS-concurrent-mark-start]
2021-01-22T01:15:14.696+0800: 33.334: [CMS-concurrent-mark: 0.002/0.002 secs] [Times: user=0.00 sys=0.00, real=0.00 secs] 
2021-01-22T01:15:14.708+0800: 33.347: [CMS-concurrent-preclean-start]
2021-01-22T01:15:14.709+0800: 33.348: [CMS-concurrent-preclean: 0.001/0.001 secs] [Times: user=0.01 sys=0.00, real=0.00 secs] 
2021-01-22T01:15:14.710+0800: 33.348: [CMS-concurrent-abortable-preclean-start]
2021-01-22T01:15:14.727+0800: 33.366: [GC (Allocation Failure) 2021-01-22T01:15:14.727+0800: 33.366: [ParNew: 314559K->34943K(314560K), 0.0146338 secs] 901293K->698600K(1013632K), 0.0153195 secs] [Times: user=0.09 sys=0.01, real=0.02 secs] 
2021-01-22T01:15:14.744+0800: 33.383: [CMS-concurrent-abortable-preclean: 0.002/0.035 secs] [Times: user=0.12 sys=0.01, real=0.03 secs] 
2021-01-22T01:15:14.745+0800: 33.384: [GC (CMS Final Remark) [YG occupancy: 53262 K (314560 K)]2021-01-22T01:15:14.745+0800: 33.384: [Rescan (parallel) , 0.0014181 secs]2021-01-22T01:15:14.747+0800: 33.385: [weak refs processing, 0.0003529 secs]2021-01-22T01:15:14.748+0800: 33.386: [class unloading, 0.0008441 secs]2021-01-22T01:15:14.749+0800: 33.387: [scrub symbol table, 0.0006692 secs]2021-01-22T01:15:14.750+0800: 33.388: [scrub string table, 0.0004144 secs][1 CMS-remark: 663657K(699072K)] 716920K(1013632K), 0.0052282 secs] [Times: user=0.00 sys=0.00, real=0.01 secs] 
2021-01-22T01:15:14.751+0800: 33.390: [CMS-concurrent-sweep-start]
2021-01-22T01:15:14.752+0800: 33.391: [CMS-concurrent-sweep: 0.001/0.001 secs] [Times: user=0.00 sys=0.00, real=0.00 secs] 
2021-01-22T01:15:14.752+0800: 33.391: [CMS-concurrent-reset-start]
2021-01-22T01:15:14.753+0800: 33.392: [CMS-concurrent-reset: 0.001/0.001 secs] [Times: user=0.01 sys=0.00, real=0.00 secs] 
2021-01-22T01:15:14.784+0800: 33.422: [GC (Allocation Failure) 2021-01-22T01:15:14.784+0800: 33.423: [ParNew: 314559K->34943K(314560K), 0.0204517 secs] 733130K->534651K(1013632K), 0.0211477 secs] [Times: user=0.15 sys=0.00, real=0.02 secs] 
2021-01-22T01:15:14.806+0800: 33.444: [GC (CMS Initial Mark) [1 CMS-initial-mark: 499707K(699072K)] 540881K(1013632K), 0.0010145 secs] [Times: user=0.00 sys=0.00, real=0.00 secs] 
2021-01-22T01:15:14.807+0800: 33.446: [CMS-concurrent-mark-start]
2021-01-22T01:15:14.809+0800: 33.448: [CMS-concurrent-mark: 0.002/0.002 secs] [Times: user=0.00 sys=0.00, real=0.01 secs] 
2021-01-22T01:15:14.810+0800: 33.448: [CMS-concurrent-preclean-start]
2021-01-22T01:15:14.811+0800: 33.449: [CMS-concurrent-preclean: 0.001/0.001 secs] [Times: user=0.00 sys=0.00, real=0.00 secs] 
2021-01-22T01:15:14.811+0800: 33.450: [CMS-concurrent-abortable-preclean-start]
2021-01-22T01:15:14.843+0800: 33.482: [GC (Allocation Failure) 2021-01-22T01:15:14.844+0800: 33.482: [ParNew: 314231K->34943K(314560K), 0.0158182 secs] 813939K->611939K(1013632K), 0.0164246 secs] [Times: user=0.11 sys=0.01, real=0.02 secs] 
2021-01-22T01:15:14.892+0800: 33.530: [GC (Allocation Failure) 2021-01-22T01:15:14.892+0800: 33.531: [ParNew: 314559K->34943K(314560K), 0.0147939 secs] 891555K->692690K(1013632K), 0.0153087 secs] [Times: user=0.11 sys=0.00, real=0.01 secs] 
2021-01-22T01:15:14.909+0800: 33.547: [CMS-concurrent-abortable-preclean: 0.004/0.097 secs] [Times: user=0.29 sys=0.01, real=0.10 secs] 
2021-01-22T01:15:14.909+0800: 33.548: [GC (CMS Final Remark) [YG occupancy: 52738 K (314560 K)]2021-01-22T01:15:14.910+0800: 33.548: [Rescan (parallel) , 0.0011472 secs]2021-01-22T01:15:14.911+0800: 33.550: [weak refs processing, 0.0002241 secs]2021-01-22T01:15:14.911+0800: 33.550: [class unloading, 0.0003591 secs]2021-01-22T01:15:14.912+0800: 33.551: [scrub symbol table, 0.0005386 secs]2021-01-22T01:15:14.913+0800: 33.551: [scrub string table, 0.0003884 secs][1 CMS-remark: 657746K(699072K)] 710484K(1013632K), 0.0040847 secs] [Times: user=0.00 sys=0.00, real=0.00 secs] 
2021-01-22T01:15:14.914+0800: 33.553: [CMS-concurrent-sweep-start]
2021-01-22T01:15:14.915+0800: 33.553: [CMS-concurrent-sweep: 0.001/0.001 secs] [Times: user=0.00 sys=0.00, real=0.00 secs] 
2021-01-22T01:15:14.915+0800: 33.554: [CMS-concurrent-reset-start]
2021-01-22T01:15:14.916+0800: 33.554: [CMS-concurrent-reset: 0.000/0.000 secs] [Times: user=0.00 sys=0.00, real=0.00 secs] 
2021-01-22T01:15:14.946+0800: 33.584: [GC (Allocation Failure) 2021-01-22T01:15:14.946+0800: 33.585: [ParNew: 314559K->34942K(314560K), 0.0141342 secs] 811034K->607046K(1013632K), 0.0148256 secs] [Times: user=0.11 sys=0.00, real=0.02 secs] 
2021-01-22T01:15:14.962+0800: 33.600: [GC (CMS Initial Mark) [1 CMS-initial-mark: 572104K(699072K)] 612731K(1013632K), 0.0013437 secs] [Times: user=0.00 sys=0.00, real=0.00 secs] 
2021-01-22T01:15:14.964+0800: 33.602: [CMS-concurrent-mark-start]
2021-01-22T01:15:14.966+0800: 33.604: [CMS-concurrent-mark: 0.002/0.002 secs] [Times: user=0.01 sys=0.00, real=0.00 secs] 
2021-01-22T01:15:14.966+0800: 33.605: [CMS-concurrent-preclean-start]
2021-01-22T01:15:14.967+0800: 33.605: [CMS-concurrent-preclean: 0.001/0.001 secs] [Times: user=0.00 sys=0.00, real=0.00 secs] 
2021-01-22T01:15:14.967+0800: 33.606: [CMS-concurrent-abortable-preclean-start]
2021-01-22T01:15:14.997+0800: 33.636: [GC (Allocation Failure) 2021-01-22T01:15:14.998+0800: 33.636: [ParNew: 314558K->34942K(314560K), 0.0149376 secs] 886662K->687685K(1013632K), 0.0156792 secs] [Times: user=0.11 sys=0.01, real=0.02 secs] 
2021-01-22T01:15:15.015+0800: 33.654: [CMS-concurrent-abortable-preclean: 0.003/0.048 secs] [Times: user=0.14 sys=0.01, real=0.05 secs] 
2021-01-22T01:15:15.016+0800: 33.655: [GC (CMS Final Remark) [YG occupancy: 54427 K (314560 K)]2021-01-22T01:15:15.016+0800: 33.655: [Rescan (parallel) , 0.0015678 secs]2021-01-22T01:15:15.018+0800: 33.657: [weak refs processing, 0.0002459 secs]2021-01-22T01:15:15.019+0800: 33.657: [class unloading, 0.0004599 secs]2021-01-22T01:15:15.019+0800: 33.658: [scrub symbol table, 0.0005233 secs]2021-01-22T01:15:15.020+0800: 33.659: [scrub string table, 0.0003350 secs][1 CMS-remark: 652742K(699072K)] 707170K(1013632K), 0.0044625 secs] [Times: user=0.00 sys=0.00, real=0.01 secs] 
2021-01-22T01:15:15.021+0800: 33.660: [CMS-concurrent-sweep-start]
2021-01-22T01:15:15.022+0800: 33.661: [CMS-concurrent-sweep: 0.001/0.001 secs] [Times: user=0.00 sys=0.00, real=0.00 secs] 
2021-01-22T01:15:15.023+0800: 33.661: [CMS-concurrent-reset-start]
2021-01-22T01:15:15.023+0800: 33.662: [CMS-concurrent-reset: 0.001/0.001 secs] [Times: user=0.00 sys=0.00, real=0.00 secs] 
2021-01-22T01:15:15.053+0800: 33.692: [GC (Allocation Failure) 2021-01-22T01:15:15.054+0800: 33.692: [ParNew: 314558K->34942K(314560K), 0.0158079 secs] 729834K->532781K(1013632K), 0.0165466 secs] [Times: user=0.12 sys=0.00, real=0.02 secs] 
2021-01-22T01:15:15.071+0800: 33.709: [GC (CMS Initial Mark) [1 CMS-initial-mark: 497838K(699072K)] 538611K(1013632K), 0.0011233 secs] [Times: user=0.00 sys=0.00, real=0.00 secs] 
2021-01-22T01:15:15.073+0800: 33.711: [CMS-concurrent-mark-start]
2021-01-22T01:15:15.075+0800: 33.713: [CMS-concurrent-mark: 0.002/0.002 secs] [Times: user=0.00 sys=0.00, real=0.00 secs] 
2021-01-22T01:15:15.075+0800: 33.714: [CMS-concurrent-preclean-start]
2021-01-22T01:15:15.076+0800: 33.714: [CMS-concurrent-preclean: 0.001/0.001 secs] [Times: user=0.01 sys=0.00, real=0.00 secs] 
2021-01-22T01:15:15.076+0800: 33.715: [CMS-concurrent-abortable-preclean-start]
2021-01-22T01:15:15.104+0800: 33.742: [GC (Allocation Failure) 2021-01-22T01:15:15.104+0800: 33.743: [ParNew: 314558K->34943K(314560K), 0.0150147 secs] 812397K->614428K(1013632K), 0.0159492 secs] [Times: user=0.10 sys=0.01, real=0.02 secs] 
2021-01-22T01:15:15.152+0800: 33.791: [GC (Allocation Failure) 2021-01-22T01:15:15.152+0800: 33.791: [ParNew: 314559K->34942K(314560K), 0.0156810 secs] 894044K->698593K(1013632K), 0.0165317 secs] [Times: user=0.12 sys=0.00, real=0.02 secs] 
2021-01-22T01:15:15.169+0800: 33.808: [CMS-concurrent-abortable-preclean: 0.003/0.093 secs] [Times: user=0.28 sys=0.01, real=0.10 secs] 
2021-01-22T01:15:15.170+0800: 33.808: [GC (CMS Final Remark) [YG occupancy: 41288 K (314560 K)]2021-01-22T01:15:15.170+0800: 33.809: [Rescan (parallel) , 0.0035013 secs]2021-01-22T01:15:15.174+0800: 33.813: [weak refs processing, 0.0003627 secs]2021-01-22T01:15:15.175+0800: 33.813: [class unloading, 0.0005238 secs]2021-01-22T01:15:15.176+0800: 33.814: [scrub symbol table, 0.0006242 secs]2021-01-22T01:15:15.177+0800: 33.815: [scrub string table, 0.0004733 secs][1 CMS-remark: 663650K(699072K)] 704939K(1013632K), 0.0077080 secs] [Times: user=0.02 sys=0.00, real=0.00 secs] 
2021-01-22T01:15:15.178+0800: 33.817: [CMS-concurrent-sweep-start]
2021-01-22T01:15:15.180+0800: 33.818: [CMS-concurrent-sweep: 0.001/0.001 secs] [Times: user=0.00 sys=0.00, real=0.00 secs] 
2021-01-22T01:15:15.180+0800: 33.819: [CMS-concurrent-reset-start]
2021-01-22T01:15:15.181+0800: 33.819: [CMS-concurrent-reset: 0.001/0.001 secs] [Times: user=0.00 sys=0.00, real=0.00 secs] 
2021-01-22T01:15:15.213+0800: 33.852: [GC (Allocation Failure) 2021-01-22T01:15:15.213+0800: 33.852: [ParNew: 314558K->34943K(314560K), 0.0151376 secs] 822578K->621770K(1013632K), 0.0160144 secs] [Times: user=0.11 sys=0.00, real=0.02 secs] 
2021-01-22T01:15:15.230+0800: 33.869: [GC (CMS Initial Mark) [1 CMS-initial-mark: 586827K(699072K)] 627583K(1013632K), 0.0015355 secs] [Times: user=0.00 sys=0.00, real=0.00 secs] 
2021-01-22T01:15:15.232+0800: 33.871: [CMS-concurrent-mark-start]
2021-01-22T01:15:15.235+0800: 33.874: [CMS-concurrent-mark: 0.003/0.003 secs] [Times: user=0.01 sys=0.00, real=0.00 secs] 
2021-01-22T01:15:15.236+0800: 33.874: [CMS-concurrent-preclean-start]
2021-01-22T01:15:15.236+0800: 33.875: [CMS-concurrent-preclean: 0.001/0.001 secs] [Times: user=0.00 sys=0.00, real=0.00 secs] 
2021-01-22T01:15:15.237+0800: 33.875: [CMS-concurrent-abortable-preclean-start]
2021-01-22T01:15:15.266+0800: 33.905: [GC (Allocation Failure) 2021-01-22T01:15:15.267+0800: 33.905: [ParNew: 314559K->34942K(314560K), 0.0143300 secs] 901386K->696910K(1013632K), 0.0152812 secs] [Times: user=0.11 sys=0.00, real=0.02 secs] 
2021-01-22T01:15:15.284+0800: 33.922: [CMS-concurrent-abortable-preclean: 0.002/0.047 secs] [Times: user=0.14 sys=0.00, real=0.05 secs] 
2021-01-22T01:15:15.284+0800: 33.923: [GC (CMS Final Remark) [YG occupancy: 47364 K (314560 K)]2021-01-22T01:15:15.285+0800: 33.923: [Rescan (parallel) , 0.0014603 secs]2021-01-22T01:15:15.287+0800: 33.925: [weak refs processing, 0.0003668 secs]2021-01-22T01:15:15.287+0800: 33.926: [class unloading, 0.0005560 secs]2021-01-22T01:15:15.288+0800: 33.927: [scrub symbol table, 0.0006958 secs]2021-01-22T01:15:15.289+0800: 33.928: [scrub string table, 0.0004779 secs][1 CMS-remark: 661968K(699072K)] 709332K(1013632K), 0.0057368 secs] [Times: user=0.01 sys=0.00, real=0.01 secs] 
2021-01-22T01:15:15.291+0800: 33.929: [CMS-concurrent-sweep-start]
2021-01-22T01:15:15.292+0800: 33.931: [CMS-concurrent-sweep: 0.001/0.001 secs] [Times: user=0.00 sys=0.00, real=0.00 secs] 
2021-01-22T01:15:15.293+0800: 33.931: [CMS-concurrent-reset-start]
2021-01-22T01:15:15.293+0800: 33.932: [CMS-concurrent-reset: 0.000/0.000 secs] [Times: user=0.00 sys=0.00, real=0.00 secs] 
2021-01-22T01:15:15.323+0800: 33.962: [GC (Allocation Failure) 2021-01-22T01:15:15.324+0800: 33.962: [ParNew: 314558K->34943K(314560K), 0.0153914 secs] 744353K->549046K(1013632K), 0.0164738 secs] [Times: user=0.12 sys=0.00, real=0.02 secs] 
2021-01-22T01:15:15.341+0800: 33.980: [GC (CMS Initial Mark) [1 CMS-initial-mark: 514103K(699072K)] 555274K(1013632K), 0.0015495 secs] [Times: user=0.00 sys=0.00, real=0.00 secs] 
2021-01-22T01:15:15.343+0800: 33.982: [CMS-concurrent-mark-start]
2021-01-22T01:15:15.345+0800: 33.984: [CMS-concurrent-mark: 0.002/0.002 secs] [Times: user=0.00 sys=0.00, real=0.00 secs] 
2021-01-22T01:15:15.346+0800: 33.984: [CMS-concurrent-preclean-start]
2021-01-22T01:15:15.347+0800: 33.985: [CMS-concurrent-preclean: 0.001/0.001 secs] [Times: user=0.01 sys=0.00, real=0.00 secs] 
2021-01-22T01:15:15.347+0800: 33.986: [CMS-concurrent-abortable-preclean-start]
2021-01-22T01:15:15.377+0800: 34.016: [GC (Allocation Failure) 2021-01-22T01:15:15.377+0800: 34.016: [ParNew: 314559K->34943K(314560K), 0.0143504 secs] 828662K->626005K(1013632K), 0.0151189 secs] [Times: user=0.09 sys=0.02, real=0.02 secs] 
2021-01-22T01:15:15.427+0800: 34.066: [GC (Allocation Failure) 2021-01-22T01:15:15.428+0800: 34.066: [ParNew: 314559K->34943K(314560K), 0.0163872 secs] 905621K->700897K(1013632K), 0.0170931 secs] [Times: user=0.11 sys=0.00, real=0.02 secs] 
2021-01-22T01:15:15.445+0800: 34.084: [CMS-concurrent-abortable-preclean: 0.003/0.098 secs] [Times: user=0.27 sys=0.02, real=0.10 secs] 
2021-01-22T01:15:15.445+0800: 34.084: [GC (CMS Final Remark) [YG occupancy: 41300 K (314560 K)]2021-01-22T01:15:15.446+0800: 34.084: [Rescan (parallel) , 0.0019042 secs]2021-01-22T01:15:15.448+0800: 34.086: [weak refs processing, 0.0002134 secs]2021-01-22T01:15:15.448+0800: 34.087: [class unloading, 0.0004510 secs]2021-01-22T01:15:15.449+0800: 34.088: [scrub symbol table, 0.0005391 secs]2021-01-22T01:15:15.450+0800: 34.088: [scrub string table, 0.0003883 secs][1 CMS-remark: 665954K(699072K)] 707254K(1013632K), 0.0051403 secs] [Times: user=0.01 sys=0.00, real=0.01 secs] 
2021-01-22T01:15:15.451+0800: 34.090: [CMS-concurrent-sweep-start]
2021-01-22T01:15:15.452+0800: 34.091: [CMS-concurrent-sweep: 0.001/0.001 secs] [Times: user=0.00 sys=0.00, real=0.00 secs] 
2021-01-22T01:15:15.453+0800: 34.091: [CMS-concurrent-reset-start]
2021-01-22T01:15:15.454+0800: 34.092: [CMS-concurrent-reset: 0.001/0.001 secs] [Times: user=0.00 sys=0.00, real=0.00 secs] 
2021-01-22T01:15:15.483+0800: 34.122: [GC (Allocation Failure) 2021-01-22T01:15:15.484+0800: 34.122: [ParNew: 314559K->34942K(314560K), 0.0148189 secs] 813412K->616119K(1013632K), 0.0158151 secs] [Times: user=0.11 sys=0.00, real=0.02 secs] 
2021-01-22T01:15:15.500+0800: 34.139: [GC (CMS Initial Mark) [1 CMS-initial-mark: 581176K(699072K)] 621821K(1013632K), 0.0012504 secs] [Times: user=0.00 sys=0.00, real=0.00 secs] 
2021-01-22T01:15:15.502+0800: 34.141: [CMS-concurrent-mark-start]
2021-01-22T01:15:15.504+0800: 34.143: [CMS-concurrent-mark: 0.002/0.002 secs] [Times: user=0.00 sys=0.00, real=0.00 secs] 
2021-01-22T01:15:15.505+0800: 34.143: [CMS-concurrent-preclean-start]
2021-01-22T01:15:15.505+0800: 34.144: [CMS-concurrent-preclean: 0.001/0.001 secs] [Times: user=0.00 sys=0.00, real=0.00 secs] 
2021-01-22T01:15:15.506+0800: 34.144: [CMS-concurrent-abortable-preclean-start]
2021-01-22T01:15:15.535+0800: 34.174: [GC (Allocation Failure) 2021-01-22T01:15:15.535+0800: 34.174: [ParNew: 314558K->34943K(314560K), 0.0145203 secs] 895735K->697033K(1013632K), 0.0155217 secs] [Times: user=0.11 sys=0.00, real=0.02 secs] 
2021-01-22T01:15:15.552+0800: 34.191: [CMS-concurrent-abortable-preclean: 0.002/0.047 secs] [Times: user=0.15 sys=0.00, real=0.05 secs] 
2021-01-22T01:15:15.553+0800: 34.192: [GC (CMS Final Remark) [YG occupancy: 60715 K (314560 K)]2021-01-22T01:15:15.554+0800: 34.192: [Rescan (parallel) , 0.0016044 secs]2021-01-22T01:15:15.556+0800: 34.194: [weak refs processing, 0.0003165 secs]2021-01-22T01:15:15.556+0800: 34.195: [class unloading, 0.0004977 secs]2021-01-22T01:15:15.557+0800: 34.196: [scrub symbol table, 0.0006039 secs]2021-01-22T01:15:15.558+0800: 34.197: [scrub string table, 0.0004264 secs][1 CMS-remark: 662090K(699072K)] 722806K(1013632K), 0.0053622 secs] [Times: user=0.01 sys=0.00, real=0.01 secs] 
2021-01-22T01:15:15.560+0800: 34.198: [CMS-concurrent-sweep-start]
2021-01-22T01:15:15.561+0800: 34.199: [CMS-concurrent-sweep: 0.001/0.001 secs] [Times: user=0.00 sys=0.00, real=0.00 secs] 
2021-01-22T01:15:15.561+0800: 34.200: [CMS-concurrent-reset-start]
2021-01-22T01:15:15.562+0800: 34.201: [CMS-concurrent-reset: 0.001/0.001 secs] [Times: user=0.00 sys=0.00, real=0.00 secs] 
2021-01-22T01:15:15.589+0800: 34.228: [GC (Allocation Failure) 2021-01-22T01:15:15.590+0800: 34.229: [ParNew: 314559K->34943K(314560K), 0.0146307 secs] 738929K->537960K(1013632K), 0.0155660 secs] [Times: user=0.11 sys=0.00, real=0.01 secs] 
2021-01-22T01:15:15.606+0800: 34.245: [GC (CMS Initial Mark) [1 CMS-initial-mark: 503016K(699072K)] 543949K(1013632K), 0.0012324 secs] [Times: user=0.00 sys=0.00, real=0.00 secs] 
2021-01-22T01:15:15.608+0800: 34.247: [CMS-concurrent-mark-start]
2021-01-22T01:15:15.611+0800: 34.249: [CMS-concurrent-mark: 0.003/0.003 secs] [Times: user=0.01 sys=0.00, real=0.01 secs] 
2021-01-22T01:15:15.611+0800: 34.250: [CMS-concurrent-preclean-start]
2021-01-22T01:15:15.612+0800: 34.251: [CMS-concurrent-preclean: 0.001/0.001 secs] [Times: user=0.00 sys=0.00, real=0.00 secs] 
2021-01-22T01:15:15.612+0800: 34.251: [CMS-concurrent-abortable-preclean-start]
2021-01-22T01:15:15.642+0800: 34.280: [GC (Allocation Failure) 2021-01-22T01:15:15.642+0800: 34.281: [ParNew: 314559K->34943K(314560K), 0.0184941 secs] 817576K->620835K(1013632K), 0.0193957 secs] [Times: user=0.14 sys=0.00, real=0.02 secs] 
2021-01-22T01:15:15.700+0800: 34.339: [GC (Allocation Failure) 2021-01-22T01:15:15.701+0800: 34.339: [ParNew: 314559K->34942K(314560K), 0.0171389 secs] 900451K->704936K(1013632K), 0.0178604 secs] [Times: user=0.13 sys=0.00, real=0.02 secs] 
2021-01-22T01:15:15.719+0800: 34.357: [CMS-concurrent-abortable-preclean: 0.003/0.106 secs] [Times: user=0.34 sys=0.00, real=0.11 secs] 
2021-01-22T01:15:15.719+0800: 34.358: [GC (CMS Final Remark) [YG occupancy: 41611 K (314560 K)]2021-01-22T01:15:15.720+0800: 34.358: [Rescan (parallel) , 0.0019258 secs]2021-01-22T01:15:15.722+0800: 34.361: [weak refs processing, 0.0004032 secs]2021-01-22T01:15:15.723+0800: 34.362: [class unloading, 0.0005543 secs]2021-01-22T01:15:15.724+0800: 34.363: [scrub symbol table, 0.0006249 secs]2021-01-22T01:15:15.725+0800: 34.363: [scrub string table, 0.0004693 secs][1 CMS-remark: 669994K(699072K)] 711606K(1013632K), 0.0062520 secs] [Times: user=0.01 sys=0.00, real=0.00 secs] 
2021-01-22T01:15:15.727+0800: 34.365: [CMS-concurrent-sweep-start]
2021-01-22T01:15:15.728+0800: 34.366: [CMS-concurrent-sweep: 0.001/0.001 secs] [Times: user=0.00 sys=0.00, real=0.00 secs] 
2021-01-22T01:15:15.728+0800: 34.367: [CMS-concurrent-reset-start]
2021-01-22T01:15:15.729+0800: 34.367: [CMS-concurrent-reset: 0.000/0.000 secs] [Times: user=0.00 sys=0.00, real=0.00 secs] 
2021-01-22T01:15:15.761+0800: 34.400: [GC (Allocation Failure) 2021-01-22T01:15:15.762+0800: 34.401: [ParNew: 314558K->34943K(314560K), 0.0148283 secs] 823788K->619463K(1013632K), 0.0157228 secs] [Times: user=0.11 sys=0.00, real=0.01 secs] 
2021-01-22T01:15:15.778+0800: 34.417: [GC (CMS Initial Mark) [1 CMS-initial-mark: 584519K(699072K)] 625308K(1013632K), 0.0012617 secs] [Times: user=0.00 sys=0.00, real=0.00 secs] 
2021-01-22T01:15:15.780+0800: 34.419: [CMS-concurrent-mark-start]
2021-01-22T01:15:15.783+0800: 34.422: [CMS-concurrent-mark: 0.003/0.003 secs] [Times: user=0.00 sys=0.01, real=0.00 secs] 
2021-01-22T01:15:15.784+0800: 34.422: [CMS-concurrent-preclean-start]
2021-01-22T01:15:15.784+0800: 34.423: [CMS-concurrent-preclean: 0.001/0.001 secs] [Times: user=0.00 sys=0.00, real=0.00 secs] 
2021-01-22T01:15:15.785+0800: 34.423: [CMS-concurrent-abortable-preclean-start]
2021-01-22T01:15:15.815+0800: 34.454: [GC (Allocation Failure) 2021-01-22T01:15:15.816+0800: 34.454: [ParNew: 314559K->34943K(314560K), 0.0140999 secs] 899079K->693443K(1013632K), 0.0150698 secs] [Times: user=0.11 sys=0.00, real=0.02 secs] 
2021-01-22T01:15:15.832+0800: 34.471: [CMS-concurrent-abortable-preclean: 0.002/0.048 secs] [Times: user=0.14 sys=0.00, real=0.05 secs] 
2021-01-22T01:15:15.833+0800: 34.471: [GC (CMS Final Remark) [YG occupancy: 47859 K (314560 K)]2021-01-22T01:15:15.833+0800: 34.472: [Rescan (parallel) , 0.0017185 secs]2021-01-22T01:15:15.835+0800: 34.474: [weak refs processing, 0.0003811 secs]2021-01-22T01:15:15.836+0800: 34.475: [class unloading, 0.0005204 secs]2021-01-22T01:15:15.837+0800: 34.475: [scrub symbol table, 0.0005641 secs]2021-01-22T01:15:15.838+0800: 34.476: [scrub string table, 0.0004420 secs][1 CMS-remark: 658499K(699072K)] 706359K(1013632K), 0.0054630 secs] [Times: user=0.00 sys=0.00, real=0.01 secs] 
2021-01-22T01:15:15.839+0800: 34.478: [CMS-concurrent-sweep-start]
2021-01-22T01:15:15.841+0800: 34.479: [CMS-concurrent-sweep: 0.001/0.001 secs] [Times: user=0.00 sys=0.00, real=0.00 secs] 
2021-01-22T01:15:15.841+0800: 34.480: [CMS-concurrent-reset-start]
2021-01-22T01:15:15.842+0800: 34.480: [CMS-concurrent-reset: 0.000/0.000 secs] [Times: user=0.00 sys=0.00, real=0.00 secs] 
2021-01-22T01:15:15.868+0800: 34.507: [GC (Allocation Failure) 2021-01-22T01:15:15.869+0800: 34.507: [ParNew: 314559K->34943K(314560K), 0.0214979 secs] 738894K->534538K(1013632K), 0.0223887 secs] [Times: user=0.16 sys=0.00, real=0.02 secs] 
2021-01-22T01:15:15.892+0800: 34.530: [GC (CMS Initial Mark) [1 CMS-initial-mark: 499595K(699072K)] 540377K(1013632K), 0.0011157 secs] [Times: user=0.00 sys=0.00, real=0.00 secs] 
2021-01-22T01:15:15.893+0800: 34.532: [CMS-concurrent-mark-start]
2021-01-22T01:15:15.895+0800: 34.534: [CMS-concurrent-mark: 0.002/0.002 secs] [Times: user=0.00 sys=0.00, real=0.00 secs] 
2021-01-22T01:15:15.896+0800: 34.534: [CMS-concurrent-preclean-start]
2021-01-22T01:15:15.897+0800: 34.535: [CMS-concurrent-preclean: 0.001/0.001 secs] [Times: user=0.00 sys=0.00, real=0.00 secs] 
2021-01-22T01:15:15.897+0800: 34.536: [CMS-concurrent-abortable-preclean-start]
2021-01-22T01:15:15.929+0800: 34.567: [GC (Allocation Failure) 2021-01-22T01:15:15.929+0800: 34.568: [ParNew: 314559K->34940K(314560K), 0.0180146 secs] 814154K->609061K(1013632K), 0.0189411 secs] [Times: user=0.12 sys=0.01, real=0.01 secs] 
2021-01-22T01:15:15.986+0800: 34.625: [GC (Allocation Failure) 2021-01-22T01:15:15.987+0800: 34.625: [ParNew: 314556K->34942K(314560K), 0.0188792 secs] 888677K->685834K(1013632K), 0.0197663 secs] [Times: user=0.13 sys=0.02, real=0.02 secs] 
2021-01-22T01:15:16.044+0800: 34.683: [GC (Allocation Failure) 2021-01-22T01:15:16.044+0800: 34.683: [ParNew: 314558K->314558K(314560K), 0.0003035 secs]2021-01-22T01:15:16.045+0800: 34.684: [CMS2021-01-22T01:15:16.045+0800: 34.684: [CMS-concurrent-abortable-preclean: 0.006/0.148 secs] [Times: user=0.37 sys=0.03, real=0.15 secs] 
 (concurrent mode failure): 650892K->373319K(699072K), 0.0527238 secs] 965450K->373319K(1013632K), [Metaspace: 2817K->2817K(1056768K)], 0.0543127 secs] [Times: user=0.06 sys=0.00, real=0.06 secs] 
2021-01-22T01:15:16.130+0800: 34.768: [GC (Allocation Failure) 2021-01-22T01:15:16.130+0800: 34.768: [ParNew: 279616K->34942K(314560K), 0.0117794 secs] 652935K->467029K(1013632K), 0.0125734 secs] [Times: user=0.08 sys=0.00, real=0.01 secs] 
2021-01-22T01:15:16.177+0800: 34.815: [GC (Allocation Failure) 2021-01-22T01:15:16.177+0800: 34.816: [ParNew: 314341K->34942K(314560K), 0.0147703 secs] 746428K->548992K(1013632K), 0.0156444 secs] [Times: user=0.09 sys=0.02, real=0.02 secs] 
2021-01-22T01:15:16.193+0800: 34.832: [GC (CMS Initial Mark) [1 CMS-initial-mark: 514050K(699072K)] 554807K(1013632K), 0.0015063 secs] [Times: user=0.00 sys=0.00, real=0.00 secs] 
2021-01-22T01:15:16.196+0800: 34.834: [CMS-concurrent-mark-start]
2021-01-22T01:15:16.198+0800: 34.836: [CMS-concurrent-mark: 0.002/0.002 secs] [Times: user=0.01 sys=0.00, real=0.00 secs] 
2021-01-22T01:15:16.198+0800: 34.837: [CMS-concurrent-preclean-start]
2021-01-22T01:15:16.199+0800: 34.837: [CMS-concurrent-preclean: 0.001/0.001 secs] [Times: user=0.00 sys=0.00, real=0.00 secs] 
2021-01-22T01:15:16.199+0800: 34.838: [CMS-concurrent-abortable-preclean-start]
2021-01-22T01:15:16.228+0800: 34.867: [GC (Allocation Failure) 2021-01-22T01:15:16.229+0800: 34.867: [ParNew: 314558K->34943K(314560K), 0.0153555 secs] 828608K->631849K(1013632K), 0.0160193 secs] [Times: user=0.11 sys=0.00, real=0.01 secs] 
2021-01-22T01:15:16.277+0800: 34.916: [GC (Allocation Failure) 2021-01-22T01:15:16.278+0800: 34.916: [ParNew: 314559K->314559K(314560K), 0.0002269 secs]2021-01-22T01:15:16.278+0800: 34.917: [CMS2021-01-22T01:15:16.278+0800: 34.917: [CMS-concurrent-abortable-preclean: 0.003/0.079 secs] [Times: user=0.17 sys=0.00, real=0.08 secs] 
 (concurrent mode failure): 596906K->391730K(699072K), 0.0590371 secs] 911465K->391730K(1013632K), [Metaspace: 2817K->2817K(1056768K)], 0.0602475 secs] [Times: user=0.06 sys=0.00, real=0.06 secs] 
2021-01-22T01:15:16.375+0800: 35.014: [GC (Allocation Failure) 2021-01-22T01:15:16.375+0800: 35.014: [ParNew: 279616K->34943K(314560K), 0.0108842 secs] 671346K->479149K(1013632K), 0.0115572 secs] [Times: user=0.08 sys=0.00, real=0.01 secs] 
2021-01-22T01:15:16.421+0800: 35.059: [GC (Allocation Failure) 2021-01-22T01:15:16.421+0800: 35.060: [ParNew: 314559K->34942K(314560K), 0.0154018 secs] 758765K->563618K(1013632K), 0.0162332 secs] [Times: user=0.12 sys=0.00, real=0.01 secs] 
2021-01-22T01:15:16.438+0800: 35.076: [GC (CMS Initial Mark) [1 CMS-initial-mark: 528676K(699072K)] 569748K(1013632K), 0.0014957 secs] [Times: user=0.00 sys=0.00, real=0.01 secs] 
2021-01-22T01:15:16.440+0800: 35.079: [CMS-concurrent-mark-start]
2021-01-22T01:15:16.442+0800: 35.081: [CMS-concurrent-mark: 0.002/0.002 secs] [Times: user=0.00 sys=0.00, real=0.00 secs] 
2021-01-22T01:15:16.443+0800: 35.081: [CMS-concurrent-preclean-start]
2021-01-22T01:15:16.444+0800: 35.082: [CMS-concurrent-preclean: 0.001/0.001 secs] [Times: user=0.01 sys=0.00, real=0.00 secs] 
2021-01-22T01:15:16.444+0800: 35.083: [CMS-concurrent-abortable-preclean-start]
2021-01-22T01:15:16.474+0800: 35.112: [GC (Allocation Failure) 2021-01-22T01:15:16.474+0800: 35.113: [ParNew: 314558K->34943K(314560K), 0.0145659 secs] 843234K->643153K(1013632K), 0.0154072 secs] [Times: user=0.10 sys=0.01, real=0.02 secs] 
2021-01-22T01:15:16.520+0800: 35.158: [GC (Allocation Failure) 2021-01-22T01:15:16.520+0800: 35.159: [ParNew: 314559K->314559K(314560K), 0.0003278 secs]2021-01-22T01:15:16.521+0800: 35.159: [CMS2021-01-22T01:15:16.521+0800: 35.160: [CMS-concurrent-abortable-preclean: 0.003/0.077 secs] [Times: user=0.16 sys=0.01, real=0.08 secs] 
 (concurrent mode failure): 608209K->383782K(699072K), 0.0513361 secs] 922769K->383782K(1013632K), [Metaspace: 2817K->2817K(1056768K)], 0.0529078 secs] [Times: user=0.05 sys=0.00, real=0.05 secs] 
2021-01-22T01:15:16.608+0800: 35.247: [GC (Allocation Failure) 2021-01-22T01:15:16.609+0800: 35.247: [ParNew: 279616K->34943K(314560K), 0.0127865 secs] 663398K->471104K(1013632K), 0.0136326 secs] [Times: user=0.10 sys=0.00, real=0.01 secs] 
2021-01-22T01:15:16.659+0800: 35.297: [GC (Allocation Failure) 2021-01-22T01:15:16.659+0800: 35.298: [ParNew: 314530K->34943K(314560K), 0.0168242 secs] 750690K->554783K(1013632K), 0.0176255 secs] [Times: user=0.13 sys=0.00, real=0.01 secs] 
2021-01-22T01:15:16.677+0800: 35.316: [GC (CMS Initial Mark) [1 CMS-initial-mark: 519839K(699072K)] 560602K(1013632K), 0.0013104 secs] [Times: user=0.00 sys=0.00, real=0.01 secs] 
2021-01-22T01:15:16.680+0800: 35.318: [CMS-concurrent-mark-start]
2021-01-22T01:15:16.682+0800: 35.320: [CMS-concurrent-mark: 0.002/0.002 secs] [Times: user=0.00 sys=0.01, real=0.00 secs] 
2021-01-22T01:15:16.682+0800: 35.321: [CMS-concurrent-preclean-start]
2021-01-22T01:15:16.684+0800: 35.322: [CMS-concurrent-preclean: 0.001/0.001 secs] [Times: user=0.00 sys=0.00, real=0.00 secs] 
2021-01-22T01:15:16.684+0800: 35.323: [CMS-concurrent-abortable-preclean-start]
2021-01-22T01:15:16.715+0800: 35.354: [GC (Allocation Failure) 2021-01-22T01:15:16.716+0800: 35.354: [ParNew: 314559K->34943K(314560K), 0.0137847 secs] 834399K->636208K(1013632K), 0.0147885 secs] [Times: user=0.11 sys=0.00, real=0.02 secs] 
2021-01-22T01:15:16.766+0800: 35.405: [GC (Allocation Failure) 2021-01-22T01:15:16.766+0800: 35.405: [ParNew: 314559K->314559K(314560K), 0.0003316 secs]2021-01-22T01:15:16.767+0800: 35.406: [CMS2021-01-22T01:15:16.767+0800: 35.406: [CMS-concurrent-abortable-preclean: 0.003/0.083 secs] [Times: user=0.18 sys=0.00, real=0.08 secs] 
 (concurrent mode failure): 601265K->368295K(699072K), 0.0482942 secs] 915824K->368295K(1013632K), [Metaspace: 2817K->2817K(1056768K)], 0.0498194 secs] [Times: user=0.05 sys=0.00, real=0.05 secs] 
2021-01-22T01:15:16.849+0800: 35.488: [GC (Allocation Failure) 2021-01-22T01:15:16.850+0800: 35.488: [ParNew: 279616K->34943K(314560K), 0.0117627 secs] 647911K->456906K(1013632K), 0.0126107 secs] [Times: user=0.08 sys=0.00, real=0.01 secs] 
2021-01-22T01:15:16.895+0800: 35.533: [GC (Allocation Failure) 2021-01-22T01:15:16.895+0800: 35.534: [ParNew: 314559K->34943K(314560K), 0.0168505 secs] 736522K->529228K(1013632K), 0.0177936 secs] [Times: user=0.12 sys=0.00, real=0.02 secs] 
2021-01-22T01:15:16.914+0800: 35.552: [GC (CMS Initial Mark) [1 CMS-initial-mark: 494285K(699072K)] 535568K(1013632K), 0.0020258 secs] [Times: user=0.01 sys=0.00, real=0.00 secs] 
2021-01-22T01:15:16.917+0800: 35.555: [CMS-concurrent-mark-start]
2021-01-22T01:15:16.919+0800: 35.557: [CMS-concurrent-mark: 0.002/0.002 secs] [Times: user=0.00 sys=0.00, real=0.01 secs] 
2021-01-22T01:15:16.919+0800: 35.558: [CMS-concurrent-preclean-start]
2021-01-22T01:15:16.920+0800: 35.559: [CMS-concurrent-preclean: 0.001/0.001 secs] [Times: user=0.00 sys=0.00, real=0.00 secs] 
2021-01-22T01:15:16.921+0800: 35.559: [CMS-concurrent-abortable-preclean-start]
2021-01-22T01:15:16.955+0800: 35.593: [GC (Allocation Failure) 2021-01-22T01:15:16.955+0800: 35.594: [ParNew: 314559K->34943K(314560K), 0.0154366 secs] 808844K->608617K(1013632K), 0.0164243 secs] [Times: user=0.12 sys=0.00, real=0.02 secs] 
2021-01-22T01:15:17.009+0800: 35.648: [GC (Allocation Failure) 2021-01-22T01:15:17.009+0800: 35.648: [ParNew: 314559K->34942K(314560K), 0.0165529 secs] 888233K->686848K(1013632K), 0.0172898 secs] [Times: user=0.13 sys=0.00, real=0.01 secs] 
2021-01-22T01:15:17.063+0800: 35.702: [GC (Allocation Failure) 2021-01-22T01:15:17.064+0800: 35.702: [ParNew: 314558K->314558K(314560K), 0.0002693 secs]2021-01-22T01:15:17.064+0800: 35.703: [CMS2021-01-22T01:15:17.064+0800: 35.703: [CMS-concurrent-abortable-preclean: 0.005/0.144 secs] [Times: user=0.36 sys=0.00, real=0.14 secs] 
 (concurrent mode failure): 651905K->376860K(699072K), 0.0511078 secs] 966464K->376860K(1013632K), [Metaspace: 2817K->2817K(1056768K)], 0.0523058 secs] [Times: user=0.05 sys=0.00, real=0.05 secs] 
2021-01-22T01:15:17.149+0800: 35.787: [GC (Allocation Failure) 2021-01-22T01:15:17.149+0800: 35.788: [ParNew: 279616K->34942K(314560K), 0.0112857 secs] 656476K->462925K(1013632K), 0.0120630 secs] [Times: user=0.08 sys=0.00, real=0.01 secs] 
2021-01-22T01:15:17.194+0800: 35.833: [GC (Allocation Failure) 2021-01-22T01:15:17.195+0800: 35.833: [ParNew: 314558K->34943K(314560K), 0.0145249 secs] 742541K->535916K(1013632K), 0.0154429 secs] [Times: user=0.10 sys=0.00, real=0.02 secs] 
2021-01-22T01:15:17.211+0800: 35.849: [GC (CMS Initial Mark) [1 CMS-initial-mark: 500972K(699072K)] 541986K(1013632K), 0.0015713 secs] [Times: user=0.01 sys=0.00, real=0.00 secs] 
2021-01-22T01:15:17.213+0800: 35.852: [CMS-concurrent-mark-start]
2021-01-22T01:15:17.215+0800: 35.854: [CMS-concurrent-mark: 0.002/0.002 secs] [Times: user=0.00 sys=0.00, real=0.00 secs] 
2021-01-22T01:15:17.216+0800: 35.854: [CMS-concurrent-preclean-start]
2021-01-22T01:15:17.217+0800: 35.856: [CMS-concurrent-preclean: 0.002/0.002 secs] [Times: user=0.01 sys=0.00, real=0.00 secs] 
2021-01-22T01:15:17.218+0800: 35.856: [CMS-concurrent-abortable-preclean-start]
2021-01-22T01:15:17.248+0800: 35.887: [GC (Allocation Failure) 2021-01-22T01:15:17.249+0800: 35.887: [ParNew: 314559K->34943K(314560K), 0.0139775 secs] 815532K->612904K(1013632K), 0.0148087 secs] [Times: user=0.10 sys=0.00, real=0.01 secs] 
2021-01-22T01:15:17.299+0800: 35.937: [GC (Allocation Failure) 2021-01-22T01:15:17.299+0800: 35.938: [ParNew: 314559K->34942K(314560K), 0.0185553 secs] 892520K->697548K(1013632K), 0.0194245 secs] [Times: user=0.14 sys=0.00, real=0.02 secs] 
2021-01-22T01:15:17.320+0800: 35.959: [CMS-concurrent-abortable-preclean: 0.005/0.102 secs] [Times: user=0.31 sys=0.00, real=0.11 secs] 
2021-01-22T01:15:17.321+0800: 35.959: [GC (CMS Final Remark) [YG occupancy: 47035 K (314560 K)]2021-01-22T01:15:17.321+0800: 35.960: [Rescan (parallel) , 0.0015075 secs]2021-01-22T01:15:17.323+0800: 35.962: [weak refs processing, 0.0004202 secs]2021-01-22T01:15:17.324+0800: 35.962: [class unloading, 0.0005625 secs]2021-01-22T01:15:17.325+0800: 35.963: [scrub symbol table, 0.0006600 secs]2021-01-22T01:15:17.326+0800: 35.964: [scrub string table, 0.0004933 secs][1 CMS-remark: 662606K(699072K)] 709641K(1013632K), 0.0056922 secs] [Times: user=0.01 sys=0.00, real=0.00 secs] 
2021-01-22T01:15:17.328+0800: 35.966: [CMS-concurrent-sweep-start]
2021-01-22T01:15:17.329+0800: 35.967: [CMS-concurrent-sweep: 0.001/0.001 secs] [Times: user=0.00 sys=0.00, real=0.01 secs] 
2021-01-22T01:15:17.329+0800: 35.968: [CMS-concurrent-reset-start]
2021-01-22T01:15:17.330+0800: 35.968: [CMS-concurrent-reset: 0.001/0.001 secs] [Times: user=0.00 sys=0.00, real=0.00 secs] 
2021-01-22T01:15:17.363+0800: 36.002: [GC (Allocation Failure) 2021-01-22T01:15:17.363+0800: 36.002: [ParNew: 314558K->34943K(314560K), 0.0179718 secs] 813477K->606558K(1013632K), 0.0188619 secs] [Times: user=0.13 sys=0.00, real=0.02 secs] 
2021-01-22T01:15:17.383+0800: 36.021: [GC (CMS Initial Mark) [1 CMS-initial-mark: 571615K(699072K)] 612410K(1013632K), 0.0015249 secs] [Times: user=0.01 sys=0.00, real=0.00 secs] 
2021-01-22T01:15:17.385+0800: 36.024: [CMS-concurrent-mark-start]
2021-01-22T01:15:17.387+0800: 36.026: [CMS-concurrent-mark: 0.002/0.002 secs] [Times: user=0.00 sys=0.00, real=0.00 secs] 
2021-01-22T01:15:17.388+0800: 36.026: [CMS-concurrent-preclean-start]
2021-01-22T01:15:17.389+0800: 36.027: [CMS-concurrent-preclean: 0.001/0.001 secs] [Times: user=0.00 sys=0.00, real=0.01 secs] 
2021-01-22T01:15:17.389+0800: 36.028: [CMS-concurrent-abortable-preclean-start]
2021-01-22T01:15:17.417+0800: 36.056: [GC (Allocation Failure) 2021-01-22T01:15:17.418+0800: 36.056: [ParNew: 314559K->34943K(314560K), 0.0159751 secs] 886174K->687138K(1013632K), 0.0167313 secs] [Times: user=0.12 sys=0.00, real=0.02 secs] 
2021-01-22T01:15:17.469+0800: 36.108: [GC (Allocation Failure) 2021-01-22T01:15:17.469+0800: 36.108: [ParNew: 314559K->314559K(314560K), 0.0004061 secs]2021-01-22T01:15:17.470+0800: 36.109: [CMS2021-01-22T01:15:17.471+0800: 36.109: [CMS-concurrent-abortable-preclean: 0.004/0.081 secs] [Times: user=0.19 sys=0.00, real=0.08 secs] 
 (concurrent mode failure): 652195K->372328K(699072K), 0.0492469 secs] 966754K->372328K(1013632K), [Metaspace: 2817K->2817K(1056768K)], 0.0508688 secs] [Times: user=0.05 sys=0.00, real=0.05 secs] 
2021-01-22T01:15:17.553+0800: 36.192: [GC (Allocation Failure) 2021-01-22T01:15:17.554+0800: 36.192: [ParNew: 279616K->34942K(314560K), 0.0118140 secs] 651944K->462801K(1013632K), 0.0126621 secs] [Times: user=0.09 sys=0.00, real=0.01 secs] 
2021-01-22T01:15:17.600+0800: 36.239: [GC (Allocation Failure) 2021-01-22T01:15:17.601+0800: 36.239: [ParNew: 314558K->34943K(314560K), 0.0149920 secs] 742417K->541215K(1013632K), 0.0158881 secs] [Times: user=0.12 sys=0.00, real=0.01 secs] 
2021-01-22T01:15:17.617+0800: 36.256: [GC (CMS Initial Mark) [1 CMS-initial-mark: 506272K(699072K)] 546989K(1013632K), 0.0014847 secs] [Times: user=0.00 sys=0.00, real=0.01 secs] 
2021-01-22T01:15:17.619+0800: 36.258: [CMS-concurrent-mark-start]
2021-01-22T01:15:17.621+0800: 36.260: [CMS-concurrent-mark: 0.002/0.002 secs] [Times: user=0.00 sys=0.00, real=0.00 secs] 
2021-01-22T01:15:17.622+0800: 36.260: [CMS-concurrent-preclean-start]
2021-01-22T01:15:17.623+0800: 36.261: [CMS-concurrent-preclean: 0.001/0.001 secs] [Times: user=0.00 sys=0.00, real=0.00 secs] 
2021-01-22T01:15:17.623+0800: 36.262: [CMS-concurrent-abortable-preclean-start]
2021-01-22T01:15:17.653+0800: 36.292: [GC (Allocation Failure) 2021-01-22T01:15:17.653+0800: 36.292: [ParNew: 314559K->34943K(314560K), 0.0141473 secs] 820831K->621682K(1013632K), 0.0149620 secs] [Times: user=0.10 sys=0.01, real=0.02 secs] 
2021-01-22T01:15:17.702+0800: 36.340: [GC (Allocation Failure) 2021-01-22T01:15:17.702+0800: 36.341: [ParNew: 314559K->34943K(314560K), 0.0141723 secs] 901298K->700759K(1013632K), 0.0149743 secs] [Times: user=0.11 sys=0.00, real=0.01 secs] 
2021-01-22T01:15:17.717+0800: 36.356: [CMS-concurrent-abortable-preclean: 0.003/0.094 secs] [Times: user=0.28 sys=0.01, real=0.09 secs] 
2021-01-22T01:15:17.718+0800: 36.357: [GC (CMS Final Remark) [YG occupancy: 41083 K (314560 K)]2021-01-22T01:15:17.718+0800: 36.357: [Rescan (parallel) , 0.0014882 secs]2021-01-22T01:15:17.720+0800: 36.359: [weak refs processing, 0.0003032 secs]2021-01-22T01:15:17.721+0800: 36.360: [class unloading, 0.0006697 secs]2021-01-22T01:15:17.722+0800: 36.361: [scrub symbol table, 0.0008132 secs]2021-01-22T01:15:17.723+0800: 36.362: [scrub string table, 0.0003647 secs][1 CMS-remark: 665816K(699072K)] 706899K(1013632K), 0.0056211 secs] [Times: user=0.00 sys=0.00, real=0.00 secs] 
2021-01-22T01:15:17.724+0800: 36.363: [CMS-concurrent-sweep-start]
2021-01-22T01:15:17.725+0800: 36.364: [CMS-concurrent-sweep: 0.001/0.001 secs] [Times: user=0.00 sys=0.00, real=0.00 secs] 
2021-01-22T01:15:17.725+0800: 36.364: [CMS-concurrent-reset-start]
2021-01-22T01:15:17.726+0800: 36.364: [CMS-concurrent-reset: 0.000/0.000 secs] [Times: user=0.00 sys=0.00, real=0.00 secs] 
2021-01-22T01:15:17.759+0800: 36.397: [GC (Allocation Failure) 2021-01-22T01:15:17.759+0800: 36.398: [ParNew: 314559K->34942K(314560K), 0.0155165 secs] 814883K->618166K(1013632K), 0.0164405 secs] [Times: user=0.11 sys=0.00, real=0.01 secs] 
2021-01-22T01:15:17.777+0800: 36.415: [GC (CMS Initial Mark) [1 CMS-initial-mark: 583224K(699072K)] 624342K(1013632K), 0.0015405 secs] [Times: user=0.00 sys=0.00, real=0.01 secs] 
2021-01-22T01:15:17.779+0800: 36.417: [CMS-concurrent-mark-start]
2021-01-22T01:15:17.781+0800: 36.420: [CMS-concurrent-mark: 0.003/0.003 secs] [Times: user=0.00 sys=0.00, real=0.00 secs] 
2021-01-22T01:15:17.782+0800: 36.421: [CMS-concurrent-preclean-start]
2021-01-22T01:15:17.783+0800: 36.421: [CMS-concurrent-preclean: 0.001/0.001 secs] [Times: user=0.00 sys=0.00, real=0.00 secs] 
2021-01-22T01:15:17.783+0800: 36.422: [CMS-concurrent-abortable-preclean-start]
2021-01-22T01:15:17.813+0800: 36.452: [GC (Allocation Failure) 2021-01-22T01:15:17.814+0800: 36.452: [ParNew: 314558K->34942K(314560K), 0.0141392 secs] 897782K->692336K(1013632K), 0.0150225 secs] [Times: user=0.10 sys=0.00, real=0.02 secs] 
2021-01-22T01:15:17.830+0800: 36.469: [CMS-concurrent-abortable-preclean: 0.003/0.047 secs] [Times: user=0.14 sys=0.00, real=0.05 secs] 
2021-01-22T01:15:17.831+0800: 36.470: [GC (CMS Final Remark) [YG occupancy: 53564 K (314560 K)]2021-01-22T01:15:17.832+0800: 36.470: [Rescan (parallel) , 0.0017521 secs]2021-01-22T01:15:17.834+0800: 36.472: [weak refs processing, 0.0003476 secs]2021-01-22T01:15:17.834+0800: 36.473: [class unloading, 0.0005068 secs]2021-01-22T01:15:17.835+0800: 36.474: [scrub symbol table, 0.0006618 secs]2021-01-22T01:15:17.836+0800: 36.475: [scrub string table, 0.0004481 secs][1 CMS-remark: 657393K(699072K)] 710957K(1013632K), 0.0059042 secs] [Times: user=0.00 sys=0.00, real=0.00 secs] 
2021-01-22T01:15:17.838+0800: 36.477: [CMS-concurrent-sweep-start]
2021-01-22T01:15:17.840+0800: 36.478: [CMS-concurrent-sweep: 0.002/0.002 secs] [Times: user=0.00 sys=0.00, real=0.01 secs] 
2021-01-22T01:15:17.840+0800: 36.479: [CMS-concurrent-reset-start]
2021-01-22T01:15:17.841+0800: 36.479: [CMS-concurrent-reset: 0.000/0.000 secs] [Times: user=0.00 sys=0.00, real=0.00 secs] 
2021-01-22T01:15:17.869+0800: 36.507: [GC (Allocation Failure) 2021-01-22T01:15:17.869+0800: 36.508: [ParNew: 314558K->34943K(314560K), 0.0158400 secs] 719317K->523312K(1013632K), 0.0167167 secs] [Times: user=0.11 sys=0.00, real=0.01 secs] 
2021-01-22T01:15:17.887+0800: 36.525: [GC (CMS Initial Mark) [1 CMS-initial-mark: 488369K(699072K)] 529536K(1013632K), 0.0014049 secs] [Times: user=0.01 sys=0.00, real=0.01 secs] 
2021-01-22T01:15:17.889+0800: 36.527: [CMS-concurrent-mark-start]
2021-01-22T01:15:17.891+0800: 36.530: [CMS-concurrent-mark: 0.002/0.002 secs] [Times: user=0.00 sys=0.00, real=0.00 secs] 
2021-01-22T01:15:17.892+0800: 36.530: [CMS-concurrent-preclean-start]
2021-01-22T01:15:17.892+0800: 36.531: [CMS-concurrent-preclean: 0.001/0.001 secs] [Times: user=0.00 sys=0.00, real=0.00 secs] 
2021-01-22T01:15:17.893+0800: 36.531: [CMS-concurrent-abortable-preclean-start]
2021-01-22T01:15:17.921+0800: 36.560: [GC (Allocation Failure) 2021-01-22T01:15:17.921+0800: 36.560: [ParNew: 314559K->34943K(314560K), 0.0158629 secs] 802928K->608126K(1013632K), 0.0165742 secs] [Times: user=0.12 sys=0.00, real=0.01 secs] 
2021-01-22T01:15:17.971+0800: 36.609: [GC (Allocation Failure) 2021-01-22T01:15:17.971+0800: 36.609: [ParNew: 314224K->34942K(314560K), 0.0148634 secs] 887406K->691005K(1013632K), 0.0155861 secs] [Times: user=0.11 sys=0.00, real=0.01 secs] 
2021-01-22T01:15:17.988+0800: 36.627: [CMS-concurrent-abortable-preclean: 0.004/0.095 secs] [Times: user=0.30 sys=0.00, real=0.09 secs] 
2021-01-22T01:15:17.989+0800: 36.627: [GC (CMS Final Remark) [YG occupancy: 52168 K (314560 K)]2021-01-22T01:15:17.989+0800: 36.628: [Rescan (parallel) , 0.0013718 secs]2021-01-22T01:15:17.991+0800: 36.629: [weak refs processing, 0.0002897 secs]2021-01-22T01:15:17.991+0800: 36.630: [class unloading, 0.0004066 secs]2021-01-22T01:15:17.992+0800: 36.631: [scrub symbol table, 0.0004942 secs]2021-01-22T01:15:17.993+0800: 36.631: [scrub string table, 0.0004603 secs][1 CMS-remark: 656062K(699072K)] 708231K(1013632K), 0.0047118 secs] [Times: user=0.01 sys=0.00, real=0.00 secs] 
2021-01-22T01:15:17.994+0800: 36.633: [CMS-concurrent-sweep-start]
2021-01-22T01:15:17.995+0800: 36.634: [CMS-concurrent-sweep: 0.001/0.001 secs] [Times: user=0.00 sys=0.00, real=0.00 secs] 
2021-01-22T01:15:17.996+0800: 36.634: [CMS-concurrent-reset-start]
2021-01-22T01:15:17.996+0800: 36.635: [CMS-concurrent-reset: 0.001/0.001 secs] [Times: user=0.00 sys=0.00, real=0.00 secs] 
2021-01-22T01:15:18.025+0800: 36.664: [GC (Allocation Failure) 2021-01-22T01:15:18.026+0800: 36.664: [ParNew: 314558K->34943K(314560K), 0.0153936 secs] 814369K->614185K(1013632K), 0.0162127 secs] [Times: user=0.11 sys=0.00, real=0.02 secs] 
2021-01-22T01:15:18.043+0800: 36.681: [GC (CMS Initial Mark) [1 CMS-initial-mark: 579242K(699072K)] 619987K(1013632K), 0.0012774 secs] [Times: user=0.00 sys=0.00, real=0.00 secs] 
2021-01-22T01:15:18.045+0800: 36.683: [CMS-concurrent-mark-start]
2021-01-22T01:15:18.047+0800: 36.685: [CMS-concurrent-mark: 0.002/0.002 secs] [Times: user=0.00 sys=0.00, real=0.00 secs] 
2021-01-22T01:15:18.047+0800: 36.686: [CMS-concurrent-preclean-start]
2021-01-22T01:15:18.048+0800: 36.686: [CMS-concurrent-preclean: 0.001/0.001 secs] [Times: user=0.00 sys=0.00, real=0.00 secs] 
2021-01-22T01:15:18.048+0800: 36.687: [CMS-concurrent-abortable-preclean-start]
2021-01-22T01:15:18.078+0800: 36.717: [GC (Allocation Failure) 2021-01-22T01:15:18.079+0800: 36.717: [ParNew: 314559K->34943K(314560K), 0.0155864 secs] 893801K->698627K(1013632K), 0.0164157 secs] [Times: user=0.11 sys=0.00, real=0.01 secs] 
2021-01-22T01:15:18.096+0800: 36.734: [CMS-concurrent-abortable-preclean: 0.001/0.048 secs] [Times: user=0.14 sys=0.00, real=0.04 secs] 
2021-01-22T01:15:18.096+0800: 36.735: [GC (CMS Final Remark) [YG occupancy: 40983 K (314560 K)]2021-01-22T01:15:18.097+0800: 36.735: [Rescan (parallel) , 0.0009504 secs]2021-01-22T01:15:18.098+0800: 36.737: [weak refs processing, 0.0002269 secs]2021-01-22T01:15:18.098+0800: 36.737: [class unloading, 0.0004562 secs]2021-01-22T01:15:18.099+0800: 36.738: [scrub symbol table, 0.0005494 secs]2021-01-22T01:15:18.100+0800: 36.738: [scrub string table, 0.0004649 secs][1 CMS-remark: 663684K(699072K)] 704667K(1013632K), 0.0042203 secs] [Times: user=0.00 sys=0.00, real=0.01 secs] 
2021-01-22T01:15:18.101+0800: 36.740: [CMS-concurrent-sweep-start]
2021-01-22T01:15:18.102+0800: 36.741: [CMS-concurrent-sweep: 0.001/0.001 secs] [Times: user=0.00 sys=0.00, real=0.00 secs] 
2021-01-22T01:15:18.103+0800: 36.742: [CMS-concurrent-reset-start]
2021-01-22T01:15:18.103+0800: 36.742: [CMS-concurrent-reset: 0.000/0.000 secs] [Times: user=0.00 sys=0.00, real=0.00 secs] 
2021-01-22T01:15:18.134+0800: 36.773: [GC (Allocation Failure) 2021-01-22T01:15:18.134+0800: 36.773: [ParNew: 314193K->34942K(314560K), 0.0193029 secs] 748303K->545811K(1013632K), 0.0201362 secs] [Times: user=0.14 sys=0.00, real=0.02 secs] 
2021-01-22T01:15:18.155+0800: 36.794: [GC (CMS Initial Mark) [1 CMS-initial-mark: 510869K(699072K)] 551949K(1013632K), 0.0009524 secs] [Times: user=0.00 sys=0.00, real=0.00 secs] 
2021-01-22T01:15:18.157+0800: 36.795: [CMS-concurrent-mark-start]
2021-01-22T01:15:18.159+0800: 36.798: [CMS-concurrent-mark: 0.002/0.002 secs] [Times: user=0.00 sys=0.00, real=0.01 secs] 
2021-01-22T01:15:18.160+0800: 36.798: [CMS-concurrent-preclean-start]
2021-01-22T01:15:18.161+0800: 36.799: [CMS-concurrent-preclean: 0.001/0.001 secs] [Times: user=0.01 sys=0.00, real=0.00 secs] 
2021-01-22T01:15:18.161+0800: 36.800: [CMS-concurrent-abortable-preclean-start]
2021-01-22T01:15:18.195+0800: 36.834: [GC (Allocation Failure) 2021-01-22T01:15:18.196+0800: 36.834: [ParNew: 314558K->34942K(314560K), 0.0200231 secs] 825427K->625590K(1013632K), 0.0209731 secs] [Times: user=0.16 sys=0.00, real=0.02 secs] 
2021-01-22T01:15:18.254+0800: 36.892: [GC (Allocation Failure) 2021-01-22T01:15:18.254+0800: 36.893: [ParNew: 314558K->34943K(314560K), 0.0137684 secs] 905206K->699913K(1013632K), 0.0146259 secs] [Times: user=0.10 sys=0.00, real=0.02 secs] 
2021-01-22T01:15:18.269+0800: 36.908: [CMS-concurrent-abortable-preclean: 0.003/0.108 secs] [Times: user=0.33 sys=0.00, real=0.11 secs] 
2021-01-22T01:15:18.270+0800: 36.908: [GC (CMS Final Remark) [YG occupancy: 40716 K (314560 K)]2021-01-22T01:15:18.270+0800: 36.909: [Rescan (parallel) , 0.0009993 secs]2021-01-22T01:15:18.271+0800: 36.910: [weak refs processing, 0.0003635 secs]2021-01-22T01:15:18.272+0800: 36.911: [class unloading, 0.0003811 secs]2021-01-22T01:15:18.273+0800: 36.911: [scrub symbol table, 0.0005308 secs]2021-01-22T01:15:18.273+0800: 36.912: [scrub string table, 0.0003693 secs][1 CMS-remark: 664969K(699072K)] 705686K(1013632K), 0.0042691 secs] [Times: user=0.00 sys=0.00, real=0.00 secs] 
2021-01-22T01:15:18.275+0800: 36.913: [CMS-concurrent-sweep-start]
2021-01-22T01:15:18.276+0800: 36.914: [CMS-concurrent-sweep: 0.001/0.001 secs] [Times: user=0.01 sys=0.00, real=0.00 secs] 
2021-01-22T01:15:18.276+0800: 36.914: [CMS-concurrent-reset-start]
2021-01-22T01:15:18.276+0800: 36.915: [CMS-concurrent-reset: 0.000/0.000 secs] [Times: user=0.00 sys=0.00, real=0.00 secs] 
2021-01-22T01:15:18.309+0800: 36.948: [GC (Allocation Failure) 2021-01-22T01:15:18.309+0800: 36.948: [ParNew: 314559K->34943K(314560K), 0.0158412 secs] 817467K->615201K(1013632K), 0.0166042 secs] [Times: user=0.12 sys=0.00, real=0.01 secs] 
2021-01-22T01:15:18.327+0800: 36.965: [GC (CMS Initial Mark) [1 CMS-initial-mark: 580257K(699072K)] 621362K(1013632K), 0.0013487 secs] [Times: user=0.01 sys=0.00, real=0.01 secs] 
2021-01-22T01:15:18.329+0800: 36.967: [CMS-concurrent-mark-start]
2021-01-22T01:15:18.332+0800: 36.971: [CMS-concurrent-mark: 0.003/0.003 secs] [Times: user=0.00 sys=0.00, real=0.00 secs] 
2021-01-22T01:15:18.333+0800: 36.971: [CMS-concurrent-preclean-start]
2021-01-22T01:15:18.333+0800: 36.972: [CMS-concurrent-preclean: 0.001/0.001 secs] [Times: user=0.00 sys=0.00, real=0.00 secs] 
2021-01-22T01:15:18.334+0800: 36.972: [CMS-concurrent-abortable-preclean-start]
2021-01-22T01:15:18.364+0800: 37.002: [GC (Allocation Failure) 2021-01-22T01:15:18.364+0800: 37.003: [ParNew: 314559K->34943K(314560K), 0.0169643 secs] 894817K->693915K(1013632K), 0.0176542 secs] [Times: user=0.13 sys=0.00, real=0.02 secs] 
2021-01-22T01:15:18.383+0800: 37.022: [CMS-concurrent-abortable-preclean: 0.002/0.050 secs] [Times: user=0.16 sys=0.00, real=0.05 secs] 
2021-01-22T01:15:18.398+0800: 37.037: [GC (CMS Final Remark) [YG occupancy: 164992 K (314560 K)]2021-01-22T01:15:18.399+0800: 37.037: [Rescan (parallel) , 0.0016318 secs]2021-01-22T01:15:18.401+0800: 37.039: [weak refs processing, 0.0002860 secs]2021-01-22T01:15:18.401+0800: 37.040: [class unloading, 0.0004837 secs]2021-01-22T01:15:18.402+0800: 37.041: [scrub symbol table, 0.0004982 secs]2021-01-22T01:15:18.403+0800: 37.041: [scrub string table, 0.0003853 secs][1 CMS-remark: 658971K(699072K)] 823963K(1013632K), 0.0048280 secs] [Times: user=0.00 sys=0.00, real=0.00 secs] 
2021-01-22T01:15:18.404+0800: 37.042: [CMS-concurrent-sweep-start]
2021-01-22T01:15:18.405+0800: 37.043: [CMS-concurrent-sweep: 0.001/0.001 secs] [Times: user=0.01 sys=0.00, real=0.00 secs] 
2021-01-22T01:15:18.405+0800: 37.044: [CMS-concurrent-reset-start]
2021-01-22T01:15:18.406+0800: 37.044: [CMS-concurrent-reset: 0.000/0.000 secs] [Times: user=0.00 sys=0.00, real=0.00 secs] 
2021-01-22T01:15:18.423+0800: 37.062: [GC (Allocation Failure) 2021-01-22T01:15:18.423+0800: 37.062: [ParNew: 314540K->34942K(314560K), 0.0153806 secs] 739272K->535209K(1013632K), 0.0159916 secs] [Times: user=0.11 sys=0.00, real=0.02 secs] 
2021-01-22T01:15:18.440+0800: 37.079: [GC (CMS Initial Mark) [1 CMS-initial-mark: 500266K(699072K)] 540982K(1013632K), 0.0009351 secs] [Times: user=0.00 sys=0.00, real=0.00 secs] 
2021-01-22T01:15:18.442+0800: 37.080: [CMS-concurrent-mark-start]
2021-01-22T01:15:18.443+0800: 37.082: [CMS-concurrent-mark: 0.002/0.002 secs] [Times: user=0.00 sys=0.00, real=0.00 secs] 
2021-01-22T01:15:18.444+0800: 37.082: [CMS-concurrent-preclean-start]
2021-01-22T01:15:18.445+0800: 37.083: [CMS-concurrent-preclean: 0.001/0.001 secs] [Times: user=0.00 sys=0.00, real=0.00 secs] 
2021-01-22T01:15:18.445+0800: 37.083: [CMS-concurrent-abortable-preclean-start]
2021-01-22T01:15:18.475+0800: 37.114: [GC (Allocation Failure) 2021-01-22T01:15:18.476+0800: 37.114: [ParNew: 314558K->34943K(314560K), 0.0141002 secs] 814825K->611875K(1013632K), 0.0148614 secs] [Times: user=0.11 sys=0.00, real=0.02 secs] 
2021-01-22T01:15:18.526+0800: 37.165: [GC (Allocation Failure) 2021-01-22T01:15:18.527+0800: 37.166: [ParNew: 314559K->34942K(314560K), 0.0143145 secs] 891491K->691748K(1013632K), 0.0151748 secs] [Times: user=0.11 sys=0.00, real=0.02 secs] 
2021-01-22T01:15:18.544+0800: 37.183: [CMS-concurrent-abortable-preclean: 0.004/0.099 secs] [Times: user=0.29 sys=0.00, real=0.10 secs] 
2021-01-22T01:15:18.545+0800: 37.183: [GC (CMS Final Remark) [YG occupancy: 54661 K (314560 K)]2021-01-22T01:15:18.545+0800: 37.184: [Rescan (parallel) , 0.0020856 secs]2021-01-22T01:15:18.548+0800: 37.186: [weak refs processing, 0.0002920 secs]2021-01-22T01:15:18.548+0800: 37.187: [class unloading, 0.0004846 secs]2021-01-22T01:15:18.549+0800: 37.187: [scrub symbol table, 0.0005813 secs]2021-01-22T01:15:18.550+0800: 37.188: [scrub string table, 0.0004750 secs][1 CMS-remark: 656806K(699072K)] 711467K(1013632K), 0.0055053 secs] [Times: user=0.01 sys=0.00, real=0.01 secs] 
2021-01-22T01:15:18.551+0800: 37.190: [CMS-concurrent-sweep-start]
2021-01-22T01:15:18.552+0800: 37.191: [CMS-concurrent-sweep: 0.001/0.001 secs] [Times: user=0.01 sys=0.00, real=0.00 secs] 
2021-01-22T01:15:18.553+0800: 37.191: [CMS-concurrent-reset-start]
2021-01-22T01:15:18.553+0800: 37.192: [CMS-concurrent-reset: 0.001/0.001 secs] [Times: user=0.00 sys=0.00, real=0.00 secs] 
2021-01-22T01:15:18.581+0800: 37.220: [GC (Allocation Failure) 2021-01-22T01:15:18.582+0800: 37.220: [ParNew: 314558K->34943K(314560K), 0.0161605 secs] 812614K->618297K(1013632K), 0.0170098 secs] [Times: user=0.11 sys=0.01, real=0.02 secs] 
2021-01-22T01:15:18.599+0800: 37.238: [GC (CMS Initial Mark) [1 CMS-initial-mark: 583354K(699072K)] 623980K(1013632K), 0.0014386 secs] [Times: user=0.00 sys=0.00, real=0.00 secs] 
2021-01-22T01:15:18.601+0800: 37.240: [CMS-concurrent-mark-start]
2021-01-22T01:15:18.604+0800: 37.242: [CMS-concurrent-mark: 0.002/0.002 secs] [Times: user=0.01 sys=0.00, real=0.00 secs] 
2021-01-22T01:15:18.604+0800: 37.243: [CMS-concurrent-preclean-start]
2021-01-22T01:15:18.605+0800: 37.243: [CMS-concurrent-preclean: 0.001/0.001 secs] [Times: user=0.00 sys=0.00, real=0.00 secs] 
2021-01-22T01:15:18.605+0800: 37.244: [CMS-concurrent-abortable-preclean-start]
2021-01-22T01:15:18.637+0800: 37.276: [GC (Allocation Failure) 2021-01-22T01:15:18.638+0800: 37.277: [ParNew: 314559K->34943K(314560K), 0.0144563 secs] 897913K->691256K(1013632K), 0.0155387 secs] [Times: user=0.11 sys=0.00, real=0.02 secs] 
2021-01-22T01:15:18.655+0800: 37.294: [CMS-concurrent-abortable-preclean: 0.003/0.050 secs] [Times: user=0.14 sys=0.00, real=0.05 secs] 
2021-01-22T01:15:18.656+0800: 37.295: [GC (CMS Final Remark) [YG occupancy: 58432 K (314560 K)]2021-01-22T01:15:18.657+0800: 37.295: [Rescan (parallel) , 0.0016509 secs]2021-01-22T01:15:18.659+0800: 37.297: [weak refs processing, 0.0003235 secs]2021-01-22T01:15:18.659+0800: 37.298: [class unloading, 0.0005306 secs]2021-01-22T01:15:18.660+0800: 37.299: [scrub symbol table, 0.0005629 secs]2021-01-22T01:15:18.661+0800: 37.300: [scrub string table, 0.0004722 secs][1 CMS-remark: 656312K(699072K)] 714745K(1013632K), 0.0055141 secs] [Times: user=0.00 sys=0.00, real=0.01 secs] 
2021-01-22T01:15:18.663+0800: 37.301: [CMS-concurrent-sweep-start]
2021-01-22T01:15:18.664+0800: 37.303: [CMS-concurrent-sweep: 0.001/0.001 secs] [Times: user=0.00 sys=0.00, real=0.00 secs] 
2021-01-22T01:15:18.664+0800: 37.303: [CMS-concurrent-reset-start]
2021-01-22T01:15:18.665+0800: 37.303: [CMS-concurrent-reset: 0.000/0.000 secs] [Times: user=0.00 sys=0.00, real=0.00 secs] 
2021-01-22T01:15:18.696+0800: 37.335: [GC (Allocation Failure) 2021-01-22T01:15:18.697+0800: 37.335: [ParNew: 314559K->34943K(314560K), 0.0167890 secs] 733879K->538386K(1013632K), 0.0176486 secs] [Times: user=0.12 sys=0.00, real=0.02 secs] 
2021-01-22T01:15:18.715+0800: 37.353: [GC (CMS Initial Mark) [1 CMS-initial-mark: 503442K(699072K)] 538530K(1013632K), 0.0013626 secs] [Times: user=0.00 sys=0.00, real=0.00 secs] 
2021-01-22T01:15:18.717+0800: 37.355: [CMS-concurrent-mark-start]
2021-01-22T01:15:18.719+0800: 37.357: [CMS-concurrent-mark: 0.002/0.002 secs] [Times: user=0.01 sys=0.00, real=0.01 secs] 
2021-01-22T01:15:18.719+0800: 37.358: [CMS-concurrent-preclean-start]
2021-01-22T01:15:18.720+0800: 37.358: [CMS-concurrent-preclean: 0.001/0.001 secs] [Times: user=0.00 sys=0.00, real=0.00 secs] 
2021-01-22T01:15:18.720+0800: 37.359: [CMS-concurrent-abortable-preclean-start]
2021-01-22T01:15:18.751+0800: 37.389: [GC (Allocation Failure) 2021-01-22T01:15:18.751+0800: 37.390: [ParNew: 314559K->34943K(314560K), 0.0167047 secs] 818002K->621620K(1013632K), 0.0173830 secs] [Times: user=0.13 sys=0.00, real=0.02 secs] 
2021-01-22T01:15:18.803+0800: 37.442: [GC (Allocation Failure) 2021-01-22T01:15:18.804+0800: 37.442: [ParNew: 314559K->34943K(314560K), 0.0160248 secs] 901236K->701834K(1013632K), 0.0167488 secs] [Times: user=0.12 sys=0.00, real=0.02 secs] 
2021-01-22T01:15:18.821+0800: 37.459: [CMS-concurrent-abortable-preclean: 0.003/0.100 secs] [Times: user=0.32 sys=0.00, real=0.10 secs] 
2021-01-22T01:15:18.821+0800: 37.460: [GC (CMS Final Remark) [YG occupancy: 41192 K (314560 K)]2021-01-22T01:15:18.822+0800: 37.460: [Rescan (parallel) , 0.0013794 secs]2021-01-22T01:15:18.823+0800: 37.462: [weak refs processing, 0.0002327 secs]2021-01-22T01:15:18.824+0800: 37.462: [class unloading, 0.0003819 secs]2021-01-22T01:15:18.824+0800: 37.463: [scrub symbol table, 0.0003977 secs]2021-01-22T01:15:18.825+0800: 37.464: [scrub string table, 0.0003138 secs][1 CMS-remark: 666891K(699072K)] 708083K(1013632K), 0.0041843 secs] [Times: user=0.00 sys=0.00, real=0.00 secs] 
2021-01-22T01:15:18.826+0800: 37.465: [CMS-concurrent-sweep-start]
2021-01-22T01:15:18.827+0800: 37.466: [CMS-concurrent-sweep: 0.001/0.001 secs] [Times: user=0.00 sys=0.00, real=0.00 secs] 
2021-01-22T01:15:18.827+0800: 37.466: [CMS-concurrent-reset-start]
2021-01-22T01:15:18.828+0800: 37.467: [CMS-concurrent-reset: 0.001/0.001 secs] [Times: user=0.00 sys=0.00, real=0.00 secs] 
2021-01-22T01:15:18.857+0800: 37.495: [GC (Allocation Failure) 2021-01-22T01:15:18.857+0800: 37.496: [ParNew: 314559K->34943K(314560K), 0.0148699 secs] 818258K->618691K(1013632K), 0.0158415 secs] [Times: user=0.11 sys=0.00, real=0.02 secs] 
2021-01-22T01:15:18.874+0800: 37.512: [GC (CMS Initial Mark) [1 CMS-initial-mark: 583747K(699072K)] 624573K(1013632K), 0.0016460 secs] [Times: user=0.00 sys=0.00, real=0.00 secs] 
2021-01-22T01:15:18.876+0800: 37.515: [CMS-concurrent-mark-start]
2021-01-22T01:15:18.878+0800: 37.517: [CMS-concurrent-mark: 0.002/0.002 secs] [Times: user=0.01 sys=0.00, real=0.01 secs] 
2021-01-22T01:15:18.879+0800: 37.517: [CMS-concurrent-preclean-start]
2021-01-22T01:15:18.880+0800: 37.519: [CMS-concurrent-preclean: 0.001/0.001 secs] [Times: user=0.00 sys=0.00, real=0.00 secs] 
2021-01-22T01:15:18.881+0800: 37.519: [CMS-concurrent-abortable-preclean-start]
2021-01-22T01:15:18.912+0800: 37.550: [GC (Allocation Failure) 2021-01-22T01:15:18.912+0800: 37.551: [ParNew: 314559K->34943K(314560K), 0.0152497 secs] 898307K->702241K(1013632K), 0.0162436 secs] [Times: user=0.11 sys=0.00, real=0.02 secs] 
2021-01-22T01:15:18.929+0800: 37.567: [CMS-concurrent-abortable-preclean: 0.001/0.048 secs] [Times: user=0.15 sys=0.00, real=0.05 secs] 
2021-01-22T01:15:18.930+0800: 37.568: [GC (CMS Final Remark) [YG occupancy: 40794 K (314560 K)]2021-01-22T01:15:18.930+0800: 37.568: [Rescan (parallel) , 0.0011609 secs]2021-01-22T01:15:18.931+0800: 37.570: [weak refs processing, 0.0003616 secs]2021-01-22T01:15:18.932+0800: 37.571: [class unloading, 0.0004715 secs]2021-01-22T01:15:18.933+0800: 37.572: [scrub symbol table, 0.0005634 secs]2021-01-22T01:15:18.934+0800: 37.572: [scrub string table, 0.0004263 secs][1 CMS-remark: 667298K(699072K)] 708092K(1013632K), 0.0048873 secs] [Times: user=0.01 sys=0.00, real=0.00 secs] 
2021-01-22T01:15:18.935+0800: 37.574: [CMS-concurrent-sweep-start]
2021-01-22T01:15:18.937+0800: 37.576: [CMS-concurrent-sweep: 0.002/0.002 secs] [Times: user=0.00 sys=0.00, real=0.00 secs] 
2021-01-22T01:15:18.938+0800: 37.576: [CMS-concurrent-reset-start]
2021-01-22T01:15:18.938+0800: 37.577: [CMS-concurrent-reset: 0.001/0.001 secs] [Times: user=0.00 sys=0.00, real=0.01 secs] 
2021-01-22T01:15:18.971+0800: 37.609: [GC (Allocation Failure) 2021-01-22T01:15:18.971+0800: 37.610: [ParNew: 314559K->34943K(314560K), 0.0154423 secs] 749355K->546158K(1013632K), 0.0161681 secs] [Times: user=0.11 sys=0.00, real=0.01 secs] 
2021-01-22T01:15:18.988+0800: 37.626: [GC (CMS Initial Mark) [1 CMS-initial-mark: 511214K(699072K)] 551990K(1013632K), 0.0013301 secs] [Times: user=0.00 sys=0.00, real=0.01 secs] 
2021-01-22T01:15:18.990+0800: 37.628: [CMS-concurrent-mark-start]
2021-01-22T01:15:18.992+0800: 37.630: [CMS-concurrent-mark: 0.002/0.002 secs] [Times: user=0.00 sys=0.01, real=0.00 secs] 
2021-01-22T01:15:18.992+0800: 37.631: [CMS-concurrent-preclean-start]
2021-01-22T01:15:18.993+0800: 37.631: [CMS-concurrent-preclean: 0.001/0.001 secs] [Times: user=0.00 sys=0.00, real=0.00 secs] 
2021-01-22T01:15:18.993+0800: 37.632: [CMS-concurrent-abortable-preclean-start]
2021-01-22T01:15:19.027+0800: 37.665: [GC (Allocation Failure) 2021-01-22T01:15:19.027+0800: 37.666: [ParNew: 314098K->34943K(314560K), 0.0140429 secs] 825313K->623353K(1013632K), 0.0146689 secs] [Times: user=0.09 sys=0.01, real=0.02 secs] 
2021-01-22T01:15:19.075+0800: 37.713: [GC (Allocation Failure) 2021-01-22T01:15:19.075+0800: 37.714: [ParNew: 314559K->34943K(314560K), 0.0156129 secs] 902969K->705584K(1013632K), 0.0164122 secs] [Times: user=0.12 sys=0.00, real=0.02 secs] 
2021-01-22T01:15:19.092+0800: 37.730: [CMS-concurrent-abortable-preclean: 0.003/0.099 secs] [Times: user=0.29 sys=0.01, real=0.10 secs] 
2021-01-22T01:15:19.092+0800: 37.731: [GC (CMS Final Remark) [YG occupancy: 40781 K (314560 K)]2021-01-22T01:15:19.093+0800: 37.731: [Rescan (parallel) , 0.0011270 secs]2021-01-22T01:15:19.094+0800: 37.733: [weak refs processing, 0.0004225 secs]2021-01-22T01:15:19.095+0800: 37.734: [class unloading, 0.0006631 secs]2021-01-22T01:15:19.096+0800: 37.734: [scrub symbol table, 0.0005311 secs]2021-01-22T01:15:19.097+0800: 37.735: [scrub string table, 0.0004976 secs][1 CMS-remark: 670640K(699072K)] 711422K(1013632K), 0.0050714 secs] [Times: user=0.01 sys=0.00, real=0.00 secs] 
2021-01-22T01:15:19.098+0800: 37.737: [CMS-concurrent-sweep-start]
2021-01-22T01:15:19.099+0800: 37.738: [CMS-concurrent-sweep: 0.001/0.001 secs] [Times: user=0.00 sys=0.00, real=0.00 secs] 
2021-01-22T01:15:19.100+0800: 37.738: [CMS-concurrent-reset-start]
2021-01-22T01:15:19.100+0800: 37.739: [CMS-concurrent-reset: 0.000/0.000 secs] [Times: user=0.00 sys=0.00, real=0.00 secs] 
2021-01-22T01:15:19.133+0800: 37.771: [GC (Allocation Failure) 2021-01-22T01:15:19.133+0800: 37.772: [ParNew: 314559K->34943K(314560K), 0.0162503 secs] 824223K->628395K(1013632K), 0.0170253 secs] [Times: user=0.12 sys=0.01, real=0.02 secs] 
2021-01-22T01:15:19.151+0800: 37.789: [GC (CMS Initial Mark) [1 CMS-initial-mark: 593451K(699072K)] 634742K(1013632K), 0.0009478 secs] [Times: user=0.00 sys=0.00, real=0.00 secs] 
2021-01-22T01:15:19.152+0800: 37.791: [CMS-concurrent-mark-start]
2021-01-22T01:15:19.154+0800: 37.793: [CMS-concurrent-mark: 0.002/0.002 secs] [Times: user=0.01 sys=0.00, real=0.00 secs] 
2021-01-22T01:15:19.155+0800: 37.793: [CMS-concurrent-preclean-start]
2021-01-22T01:15:19.155+0800: 37.794: [CMS-concurrent-preclean: 0.001/0.001 secs] [Times: user=0.00 sys=0.00, real=0.00 secs] 
2021-01-22T01:15:19.156+0800: 37.794: [CMS-concurrent-abortable-preclean-start]
2021-01-22T01:15:19.182+0800: 37.820: [GC (Allocation Failure) 2021-01-22T01:15:19.182+0800: 37.821: [ParNew: 314559K->34943K(314560K), 0.0154159 secs] 908011K->710309K(1013632K), 0.0160564 secs] [Times: user=0.10 sys=0.01, real=0.02 secs] 
2021-01-22T01:15:19.198+0800: 37.837: [CMS-concurrent-abortable-preclean: 0.001/0.043 secs] [Times: user=0.13 sys=0.01, real=0.05 secs] 
2021-01-22T01:15:19.199+0800: 37.837: [GC (CMS Final Remark) [YG occupancy: 40843 K (314560 K)]2021-01-22T01:15:19.199+0800: 37.837: [Rescan (parallel) , 0.0010148 secs]2021-01-22T01:15:19.200+0800: 37.839: [weak refs processing, 0.0001717 secs]2021-01-22T01:15:19.200+0800: 37.839: [class unloading, 0.0003230 secs]2021-01-22T01:15:19.201+0800: 37.839: [scrub symbol table, 0.0004398 secs]2021-01-22T01:15:19.201+0800: 37.840: [scrub string table, 0.0003115 secs][1 CMS-remark: 675366K(699072K)] 716209K(1013632K), 0.0031269 secs] [Times: user=0.01 sys=0.00, real=0.00 secs] 
2021-01-22T01:15:19.202+0800: 37.841: [CMS-concurrent-sweep-start]
2021-01-22T01:15:19.204+0800: 37.842: [CMS-concurrent-sweep: 0.001/0.001 secs] [Times: user=0.00 sys=0.00, real=0.00 secs] 
2021-01-22T01:15:19.204+0800: 37.842: [CMS-concurrent-reset-start]
2021-01-22T01:15:19.205+0800: 37.843: [CMS-concurrent-reset: 0.001/0.001 secs] [Times: user=0.00 sys=0.00, real=0.00 secs] 
2021-01-22T01:15:19.234+0800: 37.872: [GC (Allocation Failure) 2021-01-22T01:15:19.234+0800: 37.872: [ParNew: 314559K->34942K(314560K), 0.0144950 secs] 728704K->523199K(1013632K), 0.0151592 secs] [Times: user=0.11 sys=0.00, real=0.02 secs] 
2021-01-22T01:15:19.250+0800: 37.888: [GC (CMS Initial Mark) [1 CMS-initial-mark: 488257K(699072K)] 529044K(1013632K), 0.0012153 secs] [Times: user=0.00 sys=0.00, real=0.00 secs] 
2021-01-22T01:15:19.252+0800: 37.890: [CMS-concurrent-mark-start]
2021-01-22T01:15:19.254+0800: 37.892: [CMS-concurrent-mark: 0.002/0.002 secs] [Times: user=0.01 sys=0.00, real=0.00 secs] 
2021-01-22T01:15:19.254+0800: 37.893: [CMS-concurrent-preclean-start]
2021-01-22T01:15:19.255+0800: 37.894: [CMS-concurrent-preclean: 0.001/0.001 secs] [Times: user=0.00 sys=0.00, real=0.00 secs] 
2021-01-22T01:15:19.255+0800: 37.894: [CMS-concurrent-abortable-preclean-start]
2021-01-22T01:15:19.288+0800: 37.926: [GC (Allocation Failure) 2021-01-22T01:15:19.288+0800: 37.927: [ParNew: 314558K->34943K(314560K), 0.0194465 secs] 802815K->601956K(1013632K), 0.0200914 secs] [Times: user=0.14 sys=0.00, real=0.02 secs] 
2021-01-22T01:15:19.345+0800: 37.984: [GC (Allocation Failure) 2021-01-22T01:15:19.346+0800: 37.984: [ParNew: 314559K->34943K(314560K), 0.0167793 secs] 881572K->674860K(1013632K), 0.0173142 secs] [Times: user=0.13 sys=0.00, real=0.02 secs] 
2021-01-22T01:15:19.395+0800: 38.034: [GC (Allocation Failure) 2021-01-22T01:15:19.396+0800: 38.034: [ParNew: 314559K->314559K(314560K), 0.0002140 secs]2021-01-22T01:15:19.396+0800: 38.035: [CMS2021-01-22T01:15:19.396+0800: 38.035: [CMS-concurrent-abortable-preclean: 0.005/0.141 secs] [Times: user=0.39 sys=0.00, real=0.14 secs] 
 (concurrent mode failure): 639917K->369921K(699072K), 0.0476716 secs] 954476K->369921K(1013632K), [Metaspace: 2817K->2817K(1056768K)], 0.0487282 secs] [Times: user=0.04 sys=0.00, real=0.05 secs] 
2021-01-22T01:15:19.478+0800: 38.117: [GC (Allocation Failure) 2021-01-22T01:15:19.478+0800: 38.117: [ParNew: 279616K->34943K(314560K), 0.0123009 secs] 649537K->464405K(1013632K), 0.0131796 secs] [Times: user=0.09 sys=0.00, real=0.02 secs] 
2021-01-22T01:15:19.527+0800: 38.165: [GC (Allocation Failure) 2021-01-22T01:15:19.527+0800: 38.166: [ParNew: 314559K->34942K(314560K), 0.0129381 secs] 744021K->538137K(1013632K), 0.0141069 secs] [Times: user=0.09 sys=0.01, real=0.02 secs] 
2021-01-22T01:15:19.542+0800: 38.181: [GC (CMS Initial Mark) [1 CMS-initial-mark: 503195K(699072K)] 544466K(1013632K), 0.0015700 secs] [Times: user=0.00 sys=0.00, real=0.00 secs] 
2021-01-22T01:15:19.544+0800: 38.183: [CMS-concurrent-mark-start]
2021-01-22T01:15:19.546+0800: 38.185: [CMS-concurrent-mark: 0.002/0.002 secs] [Times: user=0.01 sys=0.00, real=0.00 secs] 
2021-01-22T01:15:19.547+0800: 38.185: [CMS-concurrent-preclean-start]
2021-01-22T01:15:19.548+0800: 38.186: [CMS-concurrent-preclean: 0.001/0.001 secs] [Times: user=0.00 sys=0.00, real=0.00 secs] 
2021-01-22T01:15:19.548+0800: 38.186: [CMS-concurrent-abortable-preclean-start]
2021-01-22T01:15:19.577+0800: 38.216: [GC (Allocation Failure) 2021-01-22T01:15:19.578+0800: 38.216: [ParNew: 314187K->34943K(314560K), 0.0221235 secs] 817382K->627363K(1013632K), 0.0230562 secs] [Times: user=0.17 sys=0.00, real=0.03 secs] 
2021-01-22T01:15:19.637+0800: 38.275: [GC (Allocation Failure) 2021-01-22T01:15:19.637+0800: 38.276: [ParNew: 314526K->314526K(314560K), 0.0003055 secs]2021-01-22T01:15:19.638+0800: 38.276: [CMS2021-01-22T01:15:19.638+0800: 38.277: [CMS-concurrent-abortable-preclean: 0.003/0.090 secs] [Times: user=0.24 sys=0.00, real=0.10 secs] 
 (concurrent mode failure): 592419K->373479K(699072K), 0.0484877 secs] 906946K->373479K(1013632K), [Metaspace: 2817K->2817K(1056768K)], 0.0500007 secs] [Times: user=0.05 sys=0.00, real=0.05 secs] 
2021-01-22T01:15:19.721+0800: 38.360: [GC (Allocation Failure) 2021-01-22T01:15:19.722+0800: 38.360: [ParNew: 279616K->34943K(314560K), 0.0124972 secs] 653095K->464636K(1013632K), 0.0134003 secs] [Times: user=0.09 sys=0.00, real=0.01 secs] 
2021-01-22T01:15:19.772+0800: 38.410: [GC (Allocation Failure) 2021-01-22T01:15:19.772+0800: 38.411: [ParNew: 314559K->34942K(314560K), 0.0155234 secs] 744252K->550147K(1013632K), 0.0163158 secs] [Times: user=0.12 sys=0.00, real=0.02 secs] 
2021-01-22T01:15:19.789+0800: 38.428: [GC (CMS Initial Mark) [1 CMS-initial-mark: 515205K(699072K)] 555987K(1013632K), 0.0014946 secs] [Times: user=0.00 sys=0.00, real=0.00 secs] 
2021-01-22T01:15:19.791+0800: 38.430: [CMS-concurrent-mark-start]
2021-01-22T01:15:19.793+0800: 38.432: [CMS-concurrent-mark: 0.002/0.002 secs] [Times: user=0.00 sys=0.00, real=0.00 secs] 
2021-01-22T01:15:19.794+0800: 38.432: [CMS-concurrent-preclean-start]
2021-01-22T01:15:19.795+0800: 38.433: [CMS-concurrent-preclean: 0.001/0.001 secs] [Times: user=0.01 sys=0.00, real=0.00 secs] 
2021-01-22T01:15:19.795+0800: 38.433: [CMS-concurrent-abortable-preclean-start]
2021-01-22T01:15:19.825+0800: 38.464: [GC (Allocation Failure) 2021-01-22T01:15:19.826+0800: 38.464: [ParNew: 314558K->34943K(314560K), 0.0148260 secs] 829763K->630099K(1013632K), 0.0156781 secs] [Times: user=0.11 sys=0.00, real=0.02 secs] 
2021-01-22T01:15:19.878+0800: 38.516: [GC (Allocation Failure) 2021-01-22T01:15:19.878+0800: 38.517: [ParNew: 314559K->314559K(314560K), 0.0002953 secs]2021-01-22T01:15:19.879+0800: 38.517: [CMS2021-01-22T01:15:19.879+0800: 38.518: [CMS-concurrent-abortable-preclean: 0.003/0.084 secs] [Times: user=0.18 sys=0.00, real=0.09 secs] 
 (concurrent mode failure): 595156K->381970K(699072K), 0.0507788 secs] 909715K->381970K(1013632K), [Metaspace: 2817K->2817K(1056768K)], 0.0522812 secs] [Times: user=0.05 sys=0.00, real=0.06 secs] 
2021-01-22T01:15:19.970+0800: 38.608: [GC (Allocation Failure) 2021-01-22T01:15:19.970+0800: 38.609: [ParNew: 279616K->34943K(314560K), 0.0116883 secs] 661586K->471465K(1013632K), 0.0124044 secs] [Times: user=0.09 sys=0.00, real=0.01 secs] 
2021-01-22T01:15:20.018+0800: 38.657: [GC (Allocation Failure) 2021-01-22T01:15:20.019+0800: 38.657: [ParNew: 314461K->34942K(314560K), 0.0156892 secs] 750983K->551387K(1013632K), 0.0164713 secs] [Times: user=0.12 sys=0.00, real=0.01 secs] 
2021-01-22T01:15:20.036+0800: 38.674: [GC (CMS Initial Mark) [1 CMS-initial-mark: 516445K(699072K)] 557279K(1013632K), 0.0009690 secs] [Times: user=0.00 sys=0.00, real=0.00 secs] 
2021-01-22T01:15:20.037+0800: 38.676: [CMS-concurrent-mark-start]
2021-01-22T01:15:20.040+0800: 38.679: [CMS-concurrent-mark: 0.003/0.003 secs] [Times: user=0.01 sys=0.00, real=0.01 secs] 
2021-01-22T01:15:20.040+0800: 38.679: [CMS-concurrent-preclean-start]
2021-01-22T01:15:20.041+0800: 38.680: [CMS-concurrent-preclean: 0.001/0.001 secs] [Times: user=0.00 sys=0.00, real=0.00 secs] 
2021-01-22T01:15:20.042+0800: 38.680: [CMS-concurrent-abortable-preclean-start]
2021-01-22T01:15:20.076+0800: 38.715: [GC (Allocation Failure) 2021-01-22T01:15:20.076+0800: 38.715: [ParNew: 314558K->34943K(314560K), 0.0152774 secs] 831003K->628560K(1013632K), 0.0160630 secs] [Times: user=0.10 sys=0.00, real=0.02 secs] 
2021-01-22T01:15:20.130+0800: 38.768: [GC (Allocation Failure) 2021-01-22T01:15:20.130+0800: 38.768: [ParNew: 314301K->34942K(314560K), 0.0142394 secs] 907918K->701616K(1013632K), 0.0148395 secs] [Times: user=0.11 sys=0.00, real=0.01 secs] 
2021-01-22T01:15:20.145+0800: 38.784: [CMS-concurrent-abortable-preclean: 0.003/0.103 secs] [Times: user=0.29 sys=0.00, real=0.10 secs] 
2021-01-22T01:15:20.146+0800: 38.784: [GC (CMS Final Remark) [YG occupancy: 40747 K (314560 K)]2021-01-22T01:15:20.146+0800: 38.784: [Rescan (parallel) , 0.0013444 secs]2021-01-22T01:15:20.147+0800: 38.786: [weak refs processing, 0.0002349 secs]2021-01-22T01:15:20.148+0800: 38.786: [class unloading, 0.0004145 secs]2021-01-22T01:15:20.148+0800: 38.787: [scrub symbol table, 0.0005149 secs]2021-01-22T01:15:20.149+0800: 38.788: [scrub string table, 0.0004073 secs][1 CMS-remark: 666673K(699072K)] 707420K(1013632K), 0.0041688 secs] [Times: user=0.00 sys=0.00, real=0.01 secs] 
2021-01-22T01:15:20.151+0800: 38.789: [CMS-concurrent-sweep-start]
2021-01-22T01:15:20.152+0800: 38.790: [CMS-concurrent-sweep: 0.001/0.001 secs] [Times: user=0.01 sys=0.00, real=0.00 secs] 
2021-01-22T01:15:20.152+0800: 38.791: [CMS-concurrent-reset-start]
2021-01-22T01:15:20.153+0800: 38.791: [CMS-concurrent-reset: 0.001/0.001 secs] [Times: user=0.00 sys=0.00, real=0.00 secs] 
2021-01-22T01:15:20.186+0800: 38.825: [GC (Allocation Failure) 2021-01-22T01:15:20.187+0800: 38.825: [ParNew: 314558K->34943K(314560K), 0.0167852 secs] 808131K->603977K(1013632K), 0.0174485 secs] [Times: user=0.12 sys=0.00, real=0.02 secs] 
2021-01-22T01:15:20.205+0800: 38.843: [GC (CMS Initial Mark) [1 CMS-initial-mark: 569033K(699072K)] 610209K(1013632K), 0.0011296 secs] [Times: user=0.01 sys=0.00, real=0.00 secs] 
2021-01-22T01:15:20.206+0800: 38.845: [CMS-concurrent-mark-start]
2021-01-22T01:15:20.209+0800: 38.847: [CMS-concurrent-mark: 0.002/0.002 secs] [Times: user=0.00 sys=0.00, real=0.01 secs] 
2021-01-22T01:15:20.209+0800: 38.848: [CMS-concurrent-preclean-start]
2021-01-22T01:15:20.210+0800: 38.848: [CMS-concurrent-preclean: 0.001/0.001 secs] [Times: user=0.01 sys=0.00, real=0.00 secs] 
2021-01-22T01:15:20.210+0800: 38.849: [CMS-concurrent-abortable-preclean-start]
2021-01-22T01:15:20.242+0800: 38.881: [GC (Allocation Failure) 2021-01-22T01:15:20.242+0800: 38.881: [ParNew: 314559K->34942K(314560K), 0.0158017 secs] 883593K->686189K(1013632K), 0.0165497 secs] [Times: user=0.11 sys=0.01, real=0.02 secs] 
2021-01-22T01:15:20.291+0800: 38.930: [GC (Allocation Failure) 2021-01-22T01:15:20.292+0800: 38.930: [ParNew: 314558K->314558K(314560K), 0.0003243 secs]2021-01-22T01:15:20.293+0800: 38.932: [CMS2021-01-22T01:15:20.294+0800: 38.932: [CMS-concurrent-abortable-preclean: 0.003/0.083 secs] [Times: user=0.17 sys=0.01, real=0.08 secs] 
 (concurrent mode failure): 651247K->378041K(699072K), 0.0496476 secs] 965805K->378041K(1013632K), [Metaspace: 2817K->2817K(1056768K)], 0.0515584 secs] [Times: user=0.05 sys=0.00, real=0.05 secs] 
2021-01-22T01:15:20.377+0800: 39.016: [GC (Allocation Failure) 2021-01-22T01:15:20.378+0800: 39.016: [ParNew: 279616K->34943K(314560K), 0.0121817 secs] 657657K->463942K(1013632K), 0.0130137 secs] [Times: user=0.09 sys=0.00, real=0.02 secs] 
2021-01-22T01:15:20.427+0800: 39.065: [GC (Allocation Failure) 2021-01-22T01:15:20.427+0800: 39.066: [ParNew: 314559K->34943K(314560K), 0.0182961 secs] 743558K->543186K(1013632K), 0.0190134 secs] [Times: user=0.13 sys=0.00, real=0.02 secs] 
2021-01-22T01:15:20.447+0800: 39.085: [GC (CMS Initial Mark) [1 CMS-initial-mark: 508243K(699072K)] 549881K(1013632K), 0.0010821 secs] [Times: user=0.00 sys=0.00, real=0.00 secs] 
2021-01-22T01:15:20.448+0800: 39.087: [CMS-concurrent-mark-start]
2021-01-22T01:15:20.450+0800: 39.089: [CMS-concurrent-mark: 0.002/0.002 secs] [Times: user=0.00 sys=0.00, real=0.00 secs] 
2021-01-22T01:15:20.450+0800: 39.089: [CMS-concurrent-preclean-start]
2021-01-22T01:15:20.451+0800: 39.090: [CMS-concurrent-preclean: 0.001/0.001 secs] [Times: user=0.00 sys=0.00, real=0.00 secs] 
2021-01-22T01:15:20.452+0800: 39.090: [CMS-concurrent-abortable-preclean-start]
2021-01-22T01:15:20.482+0800: 39.121: [GC (Allocation Failure) 2021-01-22T01:15:20.482+0800: 39.121: [ParNew: 314559K->34942K(314560K), 0.0168920 secs] 822802K->622973K(1013632K), 0.0174640 secs] [Times: user=0.13 sys=0.00, real=0.02 secs] 
2021-01-22T01:15:20.534+0800: 39.173: [GC (Allocation Failure) 2021-01-22T01:15:20.534+0800: 39.173: [ParNew: 314558K->34942K(314560K), 0.0144289 secs] 902589K->704924K(1013632K), 0.0150525 secs] [Times: user=0.11 sys=0.00, real=0.02 secs] 
2021-01-22T01:15:20.550+0800: 39.188: [CMS-concurrent-abortable-preclean: 0.004/0.098 secs] [Times: user=0.31 sys=0.00, real=0.10 secs] 
2021-01-22T01:15:20.550+0800: 39.189: [GC (CMS Final Remark) [YG occupancy: 41060 K (314560 K)]2021-01-22T01:15:20.550+0800: 39.189: [Rescan (parallel) , 0.0011639 secs]2021-01-22T01:15:20.552+0800: 39.190: [weak refs processing, 0.0002303 secs]2021-01-22T01:15:20.552+0800: 39.191: [class unloading, 0.0003848 secs]2021-01-22T01:15:20.553+0800: 39.191: [scrub symbol table, 0.0004594 secs]2021-01-22T01:15:20.554+0800: 39.192: [scrub string table, 0.0003195 secs][1 CMS-remark: 669981K(699072K)] 711041K(1013632K), 0.0037678 secs] [Times: user=0.00 sys=0.00, real=0.00 secs] 
2021-01-22T01:15:20.555+0800: 39.193: [CMS-concurrent-sweep-start]
2021-01-22T01:15:20.555+0800: 39.194: [CMS-concurrent-sweep: 0.001/0.001 secs] [Times: user=0.00 sys=0.00, real=0.00 secs] 
2021-01-22T01:15:20.556+0800: 39.194: [CMS-concurrent-reset-start]
2021-01-22T01:15:20.556+0800: 39.195: [CMS-concurrent-reset: 0.000/0.000 secs] [Times: user=0.00 sys=0.00, real=0.00 secs] 
2021-01-22T01:15:20.587+0800: 39.226: [GC (Allocation Failure) 2021-01-22T01:15:20.588+0800: 39.226: [ParNew: 314558K->34943K(314560K), 0.0144004 secs] 812462K->610188K(1013632K), 0.0152736 secs] [Times: user=0.10 sys=0.01, real=0.02 secs] 
2021-01-22T01:15:20.603+0800: 39.242: [GC (CMS Initial Mark) [1 CMS-initial-mark: 575244K(699072K)] 616124K(1013632K), 0.0012275 secs] [Times: user=0.00 sys=0.00, real=0.00 secs] 
2021-01-22T01:15:20.605+0800: 39.244: [CMS-concurrent-mark-start]
2021-01-22T01:15:20.607+0800: 39.246: [CMS-concurrent-mark: 0.002/0.002 secs] [Times: user=0.00 sys=0.00, real=0.00 secs] 
2021-01-22T01:15:20.608+0800: 39.246: [CMS-concurrent-preclean-start]
2021-01-22T01:15:20.609+0800: 39.247: [CMS-concurrent-preclean: 0.001/0.001 secs] [Times: user=0.00 sys=0.00, real=0.01 secs] 
2021-01-22T01:15:20.609+0800: 39.247: [CMS-concurrent-abortable-preclean-start]
2021-01-22T01:15:20.639+0800: 39.278: [GC (Allocation Failure) 2021-01-22T01:15:20.639+0800: 39.278: [ParNew: 314559K->34942K(314560K), 0.0145569 secs] 889804K->688750K(1013632K), 0.0151555 secs] [Times: user=0.11 sys=0.00, real=0.01 secs] 
2021-01-22T01:15:20.656+0800: 39.295: [CMS-concurrent-abortable-preclean: 0.003/0.048 secs] [Times: user=0.14 sys=0.00, real=0.04 secs] 
2021-01-22T01:15:20.657+0800: 39.296: [GC (CMS Final Remark) [YG occupancy: 52403 K (314560 K)]2021-01-22T01:15:20.657+0800: 39.296: [Rescan (parallel) , 0.0011701 secs]2021-01-22T01:15:20.659+0800: 39.297: [weak refs processing, 0.0002555 secs]2021-01-22T01:15:20.659+0800: 39.298: [class unloading, 0.0003877 secs]2021-01-22T01:15:20.660+0800: 39.298: [scrub symbol table, 0.0005102 secs]2021-01-22T01:15:20.660+0800: 39.299: [scrub string table, 0.0003273 secs][1 CMS-remark: 653807K(699072K)] 706211K(1013632K), 0.0039247 secs] [Times: user=0.00 sys=0.01, real=0.01 secs] 
2021-01-22T01:15:20.662+0800: 39.300: [CMS-concurrent-sweep-start]
2021-01-22T01:15:20.662+0800: 39.301: [CMS-concurrent-sweep: 0.001/0.001 secs] [Times: user=0.00 sys=0.00, real=0.00 secs] 
2021-01-22T01:15:20.663+0800: 39.301: [CMS-concurrent-reset-start]
2021-01-22T01:15:20.663+0800: 39.302: [CMS-concurrent-reset: 0.001/0.001 secs] [Times: user=0.00 sys=0.00, real=0.00 secs] 
2021-01-22T01:15:20.692+0800: 39.330: [GC (Allocation Failure) 2021-01-22T01:15:20.692+0800: 39.330: [ParNew: 314212K->34943K(314560K), 0.0141630 secs] 733484K->527404K(1013632K), 0.0148759 secs] [Times: user=0.11 sys=0.00, real=0.01 secs] 
2021-01-22T01:15:20.707+0800: 39.346: [GC (CMS Initial Mark) [1 CMS-initial-mark: 492460K(699072K)] 533713K(1013632K), 0.0011202 secs] [Times: user=0.00 sys=0.01, real=0.01 secs] 
2021-01-22T01:15:20.709+0800: 39.348: [CMS-concurrent-mark-start]
2021-01-22T01:15:20.711+0800: 39.350: [CMS-concurrent-mark: 0.002/0.002 secs] [Times: user=0.00 sys=0.00, real=0.00 secs] 
2021-01-22T01:15:20.712+0800: 39.350: [CMS-concurrent-preclean-start]
2021-01-22T01:15:20.713+0800: 39.351: [CMS-concurrent-preclean: 0.001/0.001 secs] [Times: user=0.00 sys=0.00, real=0.00 secs] 
2021-01-22T01:15:20.713+0800: 39.352: [CMS-concurrent-abortable-preclean-start]
2021-01-22T01:15:20.742+0800: 39.381: [GC (Allocation Failure) 2021-01-22T01:15:20.743+0800: 39.381: [ParNew: 314559K->34943K(314560K), 0.0175100 secs] 807020K->618687K(1013632K), 0.0182837 secs] [Times: user=0.13 sys=0.00, real=0.02 secs] 
2021-01-22T01:15:20.794+0800: 39.433: [GC (Allocation Failure) 2021-01-22T01:15:20.794+0800: 39.433: [ParNew: 314559K->34943K(314560K), 0.0152208 secs] 898303K->695270K(1013632K), 0.0160332 secs] [Times: user=0.12 sys=0.00, real=0.02 secs] 
2021-01-22T01:15:20.812+0800: 39.451: [CMS-concurrent-abortable-preclean: 0.004/0.099 secs] [Times: user=0.31 sys=0.00, real=0.10 secs] 
2021-01-22T01:15:20.813+0800: 39.451: [GC (CMS Final Remark) [YG occupancy: 55488 K (314560 K)]2021-01-22T01:15:20.813+0800: 39.452: [Rescan (parallel) , 0.0016462 secs]2021-01-22T01:15:20.815+0800: 39.454: [weak refs processing, 0.0002848 secs]2021-01-22T01:15:20.816+0800: 39.454: [class unloading, 0.0006740 secs]2021-01-22T01:15:20.817+0800: 39.455: [scrub symbol table, 0.0008977 secs]2021-01-22T01:15:20.818+0800: 39.456: [scrub string table, 0.0004355 secs][1 CMS-remark: 660326K(699072K)] 715814K(1013632K), 0.0055307 secs] [Times: user=0.01 sys=0.00, real=0.01 secs] 
2021-01-22T01:15:20.819+0800: 39.458: [CMS-concurrent-sweep-start]
2021-01-22T01:15:20.820+0800: 39.459: [CMS-concurrent-sweep: 0.001/0.001 secs] [Times: user=0.00 sys=0.00, real=0.00 secs] 
2021-01-22T01:15:20.820+0800: 39.459: [CMS-concurrent-reset-start]
2021-01-22T01:15:20.821+0800: 39.460: [CMS-concurrent-reset: 0.001/0.001 secs] [Times: user=0.00 sys=0.00, real=0.00 secs] 
2021-01-22T01:15:20.851+0800: 39.490: [GC (Allocation Failure) 2021-01-22T01:15:20.851+0800: 39.490: [ParNew: 314559K->34942K(314560K), 0.0145449 secs] 821229K->620054K(1013632K), 0.0153850 secs] [Times: user=0.11 sys=0.00, real=0.01 secs] 
2021-01-22T01:15:20.867+0800: 39.506: [GC (CMS Initial Mark) [1 CMS-initial-mark: 585111K(699072K)] 626104K(1013632K), 0.0011097 secs] [Times: user=0.00 sys=0.01, real=0.01 secs] 
2021-01-22T01:15:20.869+0800: 39.508: [CMS-concurrent-mark-start]
2021-01-22T01:15:20.871+0800: 39.510: [CMS-concurrent-mark: 0.002/0.002 secs] [Times: user=0.00 sys=0.00, real=0.00 secs] 
2021-01-22T01:15:20.872+0800: 39.510: [CMS-concurrent-preclean-start]
2021-01-22T01:15:20.873+0800: 39.512: [CMS-concurrent-preclean: 0.001/0.001 secs] [Times: user=0.00 sys=0.00, real=0.00 secs] 
2021-01-22T01:15:20.874+0800: 39.512: [CMS-concurrent-abortable-preclean-start]
2021-01-22T01:15:20.901+0800: 39.539: [GC (Allocation Failure) 2021-01-22T01:15:20.901+0800: 39.540: [ParNew: 314558K->34942K(314560K), 0.0152033 secs] 899670K->702109K(1013632K), 0.0159544 secs] [Times: user=0.12 sys=0.00, real=0.01 secs] 
2021-01-22T01:15:20.917+0800: 39.556: [CMS-concurrent-abortable-preclean: 0.001/0.044 secs] [Times: user=0.14 sys=0.00, real=0.04 secs] 
2021-01-22T01:15:20.918+0800: 39.557: [GC (CMS Final Remark) [YG occupancy: 40605 K (314560 K)]2021-01-22T01:15:20.918+0800: 39.557: [Rescan (parallel) , 0.0012266 secs]2021-01-22T01:15:20.920+0800: 39.559: [weak refs processing, 0.0003592 secs]2021-01-22T01:15:20.921+0800: 39.559: [class unloading, 0.0005243 secs]2021-01-22T01:15:20.922+0800: 39.560: [scrub symbol table, 0.0007966 secs]2021-01-22T01:15:20.923+0800: 39.561: [scrub string table, 0.0008348 secs][1 CMS-remark: 667167K(699072K)] 707772K(1013632K), 0.0059793 secs] [Times: user=0.00 sys=0.00, real=0.01 secs] 
2021-01-22T01:15:20.925+0800: 39.563: [CMS-concurrent-sweep-start]
2021-01-22T01:15:20.926+0800: 39.565: [CMS-concurrent-sweep: 0.001/0.001 secs] [Times: user=0.00 sys=0.00, real=0.00 secs] 
2021-01-22T01:15:20.926+0800: 39.565: [CMS-concurrent-reset-start]
2021-01-22T01:15:20.927+0800: 39.565: [CMS-concurrent-reset: 0.000/0.000 secs] [Times: user=0.00 sys=0.00, real=0.00 secs] 
2021-01-22T01:15:20.958+0800: 39.597: [GC (Allocation Failure) 2021-01-22T01:15:20.959+0800: 39.597: [ParNew: 314558K->34942K(314560K), 0.0148576 secs] 736166K->536629K(1013632K), 0.0156259 secs] [Times: user=0.11 sys=0.01, real=0.01 secs] 
2021-01-22T01:15:20.975+0800: 39.614: [GC (CMS Initial Mark) [1 CMS-initial-mark: 501687K(699072K)] 542709K(1013632K), 0.0016139 secs] [Times: user=0.00 sys=0.00, real=0.00 secs] 
2021-01-22T01:15:20.977+0800: 39.616: [CMS-concurrent-mark-start]
2021-01-22T01:15:20.979+0800: 39.618: [CMS-concurrent-mark: 0.002/0.002 secs] [Times: user=0.01 sys=0.00, real=0.01 secs] 
2021-01-22T01:15:20.980+0800: 39.618: [CMS-concurrent-preclean-start]
2021-01-22T01:15:20.981+0800: 39.619: [CMS-concurrent-preclean: 0.001/0.001 secs] [Times: user=0.00 sys=0.00, real=0.00 secs] 
2021-01-22T01:15:20.981+0800: 39.620: [CMS-concurrent-abortable-preclean-start]
2021-01-22T01:15:21.011+0800: 39.649: [GC (Allocation Failure) 2021-01-22T01:15:21.011+0800: 39.650: [ParNew: 314558K->34942K(314560K), 0.0139241 secs] 816245K->614614K(1013632K), 0.0147206 secs] [Times: user=0.11 sys=0.00, real=0.01 secs] 
2021-01-22T01:15:21.059+0800: 39.698: [GC (Allocation Failure) 2021-01-22T01:15:21.060+0800: 39.698: [ParNew: 314558K->34943K(314560K), 0.0144892 secs] 894230K->688347K(1013632K), 0.0152277 secs] [Times: user=0.11 sys=0.00, real=0.01 secs] 
2021-01-22T01:15:21.076+0800: 39.715: [CMS-concurrent-abortable-preclean: 0.004/0.095 secs] [Times: user=0.28 sys=0.00, real=0.09 secs] 
2021-01-22T01:15:21.077+0800: 39.716: [GC (CMS Final Remark) [YG occupancy: 52989 K (314560 K)]2021-01-22T01:15:21.077+0800: 39.716: [Rescan (parallel) , 0.0014435 secs]2021-01-22T01:15:21.079+0800: 39.718: [weak refs processing, 0.0002581 secs]2021-01-22T01:15:21.080+0800: 39.718: [class unloading, 0.0004453 secs]2021-01-22T01:15:21.080+0800: 39.719: [scrub symbol table, 0.0005872 secs]2021-01-22T01:15:21.081+0800: 39.720: [scrub string table, 0.0004005 secs][1 CMS-remark: 653404K(699072K)] 706393K(1013632K), 0.0048526 secs] [Times: user=0.01 sys=0.00, real=0.01 secs] 
2021-01-22T01:15:21.083+0800: 39.721: [CMS-concurrent-sweep-start]
2021-01-22T01:15:21.084+0800: 39.723: [CMS-concurrent-sweep: 0.001/0.001 secs] [Times: user=0.00 sys=0.00, real=0.00 secs] 
2021-01-22T01:15:21.084+0800: 39.723: [CMS-concurrent-reset-start]
2021-01-22T01:15:21.085+0800: 39.724: [CMS-concurrent-reset: 0.001/0.001 secs] [Times: user=0.00 sys=0.00, real=0.00 secs] 
2021-01-22T01:15:21.112+0800: 39.750: [GC (Allocation Failure) 2021-01-22T01:15:21.112+0800: 39.751: [ParNew: 314559K->34943K(314560K), 0.0147420 secs] 816527K->618419K(1013632K), 0.0155849 secs] [Times: user=0.12 sys=0.00, real=0.01 secs] 
2021-01-22T01:15:21.128+0800: 39.767: [GC (CMS Initial Mark) [1 CMS-initial-mark: 583475K(699072K)] 624190K(1013632K), 0.0013567 secs] [Times: user=0.00 sys=0.00, real=0.00 secs] 
2021-01-22T01:15:21.130+0800: 39.769: [CMS-concurrent-mark-start]
2021-01-22T01:15:21.132+0800: 39.771: [CMS-concurrent-mark: 0.002/0.002 secs] [Times: user=0.00 sys=0.00, real=0.00 secs] 
2021-01-22T01:15:21.133+0800: 39.771: [CMS-concurrent-preclean-start]
2021-01-22T01:15:21.134+0800: 39.772: [CMS-concurrent-preclean: 0.001/0.001 secs] [Times: user=0.00 sys=0.00, real=0.00 secs] 
2021-01-22T01:15:21.134+0800: 39.773: [CMS-concurrent-abortable-preclean-start]
2021-01-22T01:15:21.163+0800: 39.802: [GC (Allocation Failure) 2021-01-22T01:15:21.164+0800: 39.802: [ParNew: 314559K->34943K(314560K), 0.0197714 secs] 898035K->695643K(1013632K), 0.0204324 secs] [Times: user=0.14 sys=0.01, real=0.02 secs] 
2021-01-22T01:15:21.186+0800: 39.824: [CMS-concurrent-abortable-preclean: 0.002/0.052 secs] [Times: user=0.17 sys=0.01, real=0.05 secs] 
2021-01-22T01:15:21.186+0800: 39.825: [GC (CMS Final Remark) [YG occupancy: 52204 K (314560 K)]2021-01-22T01:15:21.187+0800: 39.825: [Rescan (parallel) , 0.0052585 secs]2021-01-22T01:15:21.192+0800: 39.831: [weak refs processing, 0.0002742 secs]2021-01-22T01:15:21.193+0800: 39.832: [class unloading, 0.0006078 secs]2021-01-22T01:15:21.194+0800: 39.833: [scrub symbol table, 0.0005926 secs]2021-01-22T01:15:21.195+0800: 39.833: [scrub string table, 0.0004638 secs][1 CMS-remark: 660699K(699072K)] 712904K(1013632K), 0.0092343 secs] [Times: user=0.03 sys=0.00, real=0.01 secs] 
2021-01-22T01:15:21.196+0800: 39.835: [CMS-concurrent-sweep-start]
2021-01-22T01:15:21.197+0800: 39.836: [CMS-concurrent-sweep: 0.001/0.001 secs] [Times: user=0.00 sys=0.00, real=0.00 secs] 
2021-01-22T01:15:21.198+0800: 39.836: [CMS-concurrent-reset-start]
2021-01-22T01:15:21.198+0800: 39.837: [CMS-concurrent-reset: 0.001/0.001 secs] [Times: user=0.00 sys=0.00, real=0.01 secs] 
2021-01-22T01:15:21.231+0800: 39.870: [GC (Allocation Failure) 2021-01-22T01:15:21.232+0800: 39.870: [ParNew: 314559K->34943K(314560K), 0.0170140 secs] 728138K->528513K(1013632K), 0.0177955 secs] [Times: user=0.13 sys=0.00, real=0.02 secs] 
2021-01-22T01:15:21.250+0800: 39.888: [GC (CMS Initial Mark) [1 CMS-initial-mark: 493569K(699072K)] 534511K(1013632K), 0.0012069 secs] [Times: user=0.00 sys=0.00, real=0.00 secs] 
2021-01-22T01:15:21.252+0800: 39.890: [CMS-concurrent-mark-start]
2021-01-22T01:15:21.254+0800: 39.892: [CMS-concurrent-mark: 0.002/0.002 secs] [Times: user=0.00 sys=0.00, real=0.00 secs] 
2021-01-22T01:15:21.268+0800: 39.907: [CMS-concurrent-preclean-start]
2021-01-22T01:15:21.269+0800: 39.908: [CMS-concurrent-preclean: 0.001/0.001 secs] [Times: user=0.00 sys=0.00, real=0.00 secs] 
2021-01-22T01:15:21.269+0800: 39.908: [CMS-concurrent-abortable-preclean-start]
2021-01-22T01:15:21.287+0800: 39.926: [GC (Allocation Failure) 2021-01-22T01:15:21.288+0800: 39.926: [ParNew: 314559K->34943K(314560K), 0.0187362 secs] 808129K->608589K(1013632K), 0.0195166 secs] [Times: user=0.13 sys=0.01, real=0.02 secs] 
2021-01-22T01:15:21.343+0800: 39.982: [GC (Allocation Failure) 2021-01-22T01:15:21.344+0800: 39.982: [ParNew: 314214K->34942K(314560K), 0.0148133 secs] 887860K->687545K(1013632K), 0.0156688 secs] [Times: user=0.10 sys=0.01, real=0.02 secs] 
2021-01-22T01:15:21.361+0800: 40.000: [CMS-concurrent-abortable-preclean: 0.004/0.092 secs] [Times: user=0.29 sys=0.02, real=0.09 secs] 
2021-01-22T01:15:21.362+0800: 40.001: [GC (CMS Final Remark) [YG occupancy: 53836 K (314560 K)]2021-01-22T01:15:21.362+0800: 40.001: [Rescan (parallel) , 0.0009792 secs]2021-01-22T01:15:21.364+0800: 40.002: [weak refs processing, 0.0003167 secs]2021-01-22T01:15:21.364+0800: 40.003: [class unloading, 0.0004900 secs]2021-01-22T01:15:21.365+0800: 40.004: [scrub symbol table, 0.0006381 secs]2021-01-22T01:15:21.366+0800: 40.004: [scrub string table, 0.0004528 secs][1 CMS-remark: 652603K(699072K)] 706440K(1013632K), 0.0046082 secs] [Times: user=0.00 sys=0.00, real=0.00 secs] 
2021-01-22T01:15:21.367+0800: 40.006: [CMS-concurrent-sweep-start]
2021-01-22T01:15:21.369+0800: 40.007: [CMS-concurrent-sweep: 0.001/0.001 secs] [Times: user=0.00 sys=0.00, real=0.01 secs] 
2021-01-22T01:15:21.369+0800: 40.008: [CMS-concurrent-reset-start]
2021-01-22T01:15:21.370+0800: 40.008: [CMS-concurrent-reset: 0.001/0.001 secs] [Times: user=0.01 sys=0.00, real=0.00 secs] 
2021-01-22T01:15:21.399+0800: 40.037: [GC (Allocation Failure) 2021-01-22T01:15:21.399+0800: 40.038: [ParNew: 314558K->34942K(314560K), 0.0142700 secs] 808548K->603216K(1013632K), 0.0151251 secs] [Times: user=0.11 sys=0.00, real=0.01 secs] 
2021-01-22T01:15:21.415+0800: 40.053: [GC (CMS Initial Mark) [1 CMS-initial-mark: 568274K(699072K)] 609178K(1013632K), 0.0015458 secs] [Times: user=0.00 sys=0.00, real=0.00 secs] 
2021-01-22T01:15:21.417+0800: 40.056: [CMS-concurrent-mark-start]
2021-01-22T01:15:21.420+0800: 40.059: [CMS-concurrent-mark: 0.003/0.003 secs] [Times: user=0.01 sys=0.00, real=0.01 secs] 
2021-01-22T01:15:21.421+0800: 40.059: [CMS-concurrent-preclean-start]
2021-01-22T01:15:21.421+0800: 40.060: [CMS-concurrent-preclean: 0.001/0.001 secs] [Times: user=0.00 sys=0.00, real=0.00 secs] 
2021-01-22T01:15:21.422+0800: 40.060: [CMS-concurrent-abortable-preclean-start]
2021-01-22T01:15:21.451+0800: 40.090: [GC (Allocation Failure) 2021-01-22T01:15:21.452+0800: 40.090: [ParNew: 314558K->34943K(314560K), 0.0168486 secs] 882832K->687558K(1013632K), 0.0178179 secs] [Times: user=0.12 sys=0.01, real=0.02 secs] 
2021-01-22T01:15:21.471+0800: 40.109: [CMS-concurrent-abortable-preclean: 0.002/0.049 secs] [Times: user=0.15 sys=0.01, real=0.05 secs] 
2021-01-22T01:15:21.472+0800: 40.110: [GC (CMS Final Remark) [YG occupancy: 47927 K (314560 K)]2021-01-22T01:15:21.472+0800: 40.111: [Rescan (parallel) , 0.0017517 secs]2021-01-22T01:15:21.474+0800: 40.113: [weak refs processing, 0.0003560 secs]2021-01-22T01:15:21.475+0800: 40.113: [class unloading, 0.0006360 secs]2021-01-22T01:15:21.476+0800: 40.114: [scrub symbol table, 0.0006921 secs]2021-01-22T01:15:21.477+0800: 40.115: [scrub string table, 0.0004420 secs][1 CMS-remark: 652614K(699072K)] 700542K(1013632K), 0.0059111 secs] [Times: user=0.01 sys=0.00, real=0.00 secs] 
2021-01-22T01:15:21.478+0800: 40.117: [CMS-concurrent-sweep-start]
2021-01-22T01:15:21.480+0800: 40.118: [CMS-concurrent-sweep: 0.001/0.001 secs] [Times: user=0.00 sys=0.00, real=0.00 secs] 
2021-01-22T01:15:21.480+0800: 40.119: [CMS-concurrent-reset-start]
2021-01-22T01:15:21.481+0800: 40.120: [CMS-concurrent-reset: 0.001/0.001 secs] [Times: user=0.00 sys=0.00, real=0.00 secs] 
2021-01-22T01:15:21.509+0800: 40.147: [GC (Allocation Failure) 2021-01-22T01:15:21.509+0800: 40.148: [ParNew: 314559K->34943K(314560K), 0.0186138 secs] 740258K->547054K(1013632K), 0.0194845 secs] [Times: user=0.14 sys=0.00, real=0.02 secs] 
2021-01-22T01:15:21.529+0800: 40.168: [GC (CMS Initial Mark) [1 CMS-initial-mark: 512110K(699072K)] 552943K(1013632K), 0.0015530 secs] [Times: user=0.00 sys=0.00, real=0.00 secs] 
2021-01-22T01:15:21.532+0800: 40.170: [CMS-concurrent-mark-start]
2021-01-22T01:15:21.534+0800: 40.172: [CMS-concurrent-mark: 0.002/0.002 secs] [Times: user=0.01 sys=0.00, real=0.00 secs] 
2021-01-22T01:15:21.534+0800: 40.173: [CMS-concurrent-preclean-start]
2021-01-22T01:15:21.535+0800: 40.174: [CMS-concurrent-preclean: 0.001/0.001 secs] [Times: user=0.00 sys=0.00, real=0.00 secs] 
2021-01-22T01:15:21.536+0800: 40.174: [CMS-concurrent-abortable-preclean-start]
2021-01-22T01:15:21.569+0800: 40.207: [GC (Allocation Failure) 2021-01-22T01:15:21.569+0800: 40.208: [ParNew: 314559K->34943K(314560K), 0.0171419 secs] 826670K->617368K(1013632K), 0.0180207 secs] [Times: user=0.12 sys=0.00, real=0.01 secs] 
2021-01-22T01:15:21.623+0800: 40.261: [GC (Allocation Failure) 2021-01-22T01:15:21.623+0800: 40.262: [ParNew: 314247K->34943K(314560K), 0.0149641 secs] 896672K->699369K(1013632K), 0.0157060 secs] [Times: user=0.11 sys=0.00, real=0.02 secs] 
2021-01-22T01:15:21.639+0800: 40.278: [CMS-concurrent-abortable-preclean: 0.003/0.103 secs] [Times: user=0.31 sys=0.00, real=0.11 secs] 
2021-01-22T01:15:21.640+0800: 40.278: [GC (CMS Final Remark) [YG occupancy: 41076 K (314560 K)]2021-01-22T01:15:21.640+0800: 40.278: [Rescan (parallel) , 0.0022309 secs]2021-01-22T01:15:21.642+0800: 40.281: [weak refs processing, 0.0002114 secs]2021-01-22T01:15:21.643+0800: 40.281: [class unloading, 0.0005369 secs]2021-01-22T01:15:21.643+0800: 40.282: [scrub symbol table, 0.0004467 secs]2021-01-22T01:15:21.644+0800: 40.283: [scrub string table, 0.0002687 secs][1 CMS-remark: 664426K(699072K)] 705502K(1013632K), 0.0048098 secs] [Times: user=0.02 sys=0.00, real=0.00 secs] 
2021-01-22T01:15:21.645+0800: 40.284: [CMS-concurrent-sweep-start]
2021-01-22T01:15:21.646+0800: 40.285: [CMS-concurrent-sweep: 0.001/0.001 secs] [Times: user=0.00 sys=0.00, real=0.00 secs] 
2021-01-22T01:15:21.647+0800: 40.285: [CMS-concurrent-reset-start]
2021-01-22T01:15:21.647+0800: 40.286: [CMS-concurrent-reset: 0.001/0.001 secs] [Times: user=0.00 sys=0.00, real=0.00 secs] 
2021-01-22T01:15:21.681+0800: 40.319: [GC (Allocation Failure) 2021-01-22T01:15:21.681+0800: 40.320: [ParNew: 314559K->34943K(314560K), 0.0163372 secs] 816287K->608792K(1013632K), 0.0171785 secs] [Times: user=0.12 sys=0.00, real=0.02 secs] 
2021-01-22T01:15:21.699+0800: 40.337: [GC (CMS Initial Mark) [1 CMS-initial-mark: 573849K(699072K)] 614691K(1013632K), 0.0013886 secs] [Times: user=0.00 sys=0.00, real=0.00 secs] 
2021-01-22T01:15:21.701+0800: 40.340: [CMS-concurrent-mark-start]
2021-01-22T01:15:21.704+0800: 40.343: [CMS-concurrent-mark: 0.003/0.003 secs] [Times: user=0.01 sys=0.00, real=0.00 secs] 
2021-01-22T01:15:21.705+0800: 40.343: [CMS-concurrent-preclean-start]
2021-01-22T01:15:21.705+0800: 40.344: [CMS-concurrent-preclean: 0.001/0.001 secs] [Times: user=0.00 sys=0.00, real=0.00 secs] 
2021-01-22T01:15:21.706+0800: 40.344: [CMS-concurrent-abortable-preclean-start]
2021-01-22T01:15:21.739+0800: 40.377: [GC (Allocation Failure) 2021-01-22T01:15:21.739+0800: 40.378: [ParNew: 314559K->34942K(314560K), 0.0193596 secs] 888408K->687286K(1013632K), 0.0201930 secs] [Times: user=0.14 sys=0.01, real=0.02 secs] 
2021-01-22T01:15:21.762+0800: 40.400: [CMS-concurrent-abortable-preclean: 0.003/0.056 secs] [Times: user=0.18 sys=0.01, real=0.06 secs] 
2021-01-22T01:15:21.762+0800: 40.401: [GC (CMS Final Remark) [YG occupancy: 53846 K (314560 K)]2021-01-22T01:15:21.762+0800: 40.401: [Rescan (parallel) , 0.0007622 secs]2021-01-22T01:15:21.763+0800: 40.402: [weak refs processing, 0.0002012 secs]2021-01-22T01:15:21.764+0800: 40.402: [class unloading, 0.0003991 secs]2021-01-22T01:15:21.764+0800: 40.403: [scrub symbol table, 0.0004839 secs]2021-01-22T01:15:21.765+0800: 40.404: [scrub string table, 0.0003457 secs][1 CMS-remark: 652343K(699072K)] 706190K(1013632K), 0.0035008 secs] [Times: user=0.01 sys=0.00, real=0.00 secs] 
2021-01-22T01:15:21.766+0800: 40.405: [CMS-concurrent-sweep-start]
2021-01-22T01:15:21.767+0800: 40.406: [CMS-concurrent-sweep: 0.001/0.001 secs] [Times: user=0.00 sys=0.00, real=0.00 secs] 
2021-01-22T01:15:21.778+0800: 40.417: [CMS-concurrent-reset-start]
2021-01-22T01:15:21.779+0800: 40.418: [CMS-concurrent-reset: 0.001/0.001 secs] [Times: user=0.00 sys=0.00, real=0.00 secs] 
2021-01-22T01:15:21.798+0800: 40.436: [GC (Allocation Failure) 2021-01-22T01:15:21.798+0800: 40.437: [ParNew: 314558K->34942K(314560K), 0.0148998 secs] 731226K->531267K(1013632K), 0.0155190 secs] [Times: user=0.10 sys=0.01, real=0.02 secs] 
2021-01-22T01:15:21.814+0800: 40.453: [GC (CMS Initial Mark) [1 CMS-initial-mark: 496324K(699072K)] 537041K(1013632K), 0.0007532 secs] [Times: user=0.00 sys=0.00, real=0.00 secs] 
2021-01-22T01:15:21.815+0800: 40.454: [CMS-concurrent-mark-start]
2021-01-22T01:15:21.817+0800: 40.456: [CMS-concurrent-mark: 0.002/0.002 secs] [Times: user=0.01 sys=0.00, real=0.00 secs] 
2021-01-22T01:15:21.817+0800: 40.456: [CMS-concurrent-preclean-start]
2021-01-22T01:15:21.818+0800: 40.457: [CMS-concurrent-preclean: 0.001/0.001 secs] [Times: user=0.00 sys=0.00, real=0.01 secs] 
2021-01-22T01:15:21.818+0800: 40.457: [CMS-concurrent-abortable-preclean-start]
2021-01-22T01:15:21.848+0800: 40.487: [GC (Allocation Failure) 2021-01-22T01:15:21.849+0800: 40.487: [ParNew: 314558K->34943K(314560K), 0.0140492 secs] 810883K->602820K(1013632K), 0.0147908 secs] [Times: user=0.11 sys=0.00, real=0.01 secs] 
2021-01-22T01:15:21.896+0800: 40.535: [GC (Allocation Failure) 2021-01-22T01:15:21.896+0800: 40.535: [ParNew: 314559K->34943K(314560K), 0.0152116 secs] 882436K->686545K(1013632K), 0.0160458 secs] [Times: user=0.12 sys=0.00, real=0.02 secs] 
2021-01-22T01:15:21.914+0800: 40.553: [CMS-concurrent-abortable-preclean: 0.004/0.096 secs] [Times: user=0.29 sys=0.00, real=0.09 secs] 
2021-01-22T01:15:21.915+0800: 40.553: [GC (CMS Final Remark) [YG occupancy: 49051 K (314560 K)]2021-01-22T01:15:21.915+0800: 40.554: [Rescan (parallel) , 0.0010799 secs]2021-01-22T01:15:21.917+0800: 40.555: [weak refs processing, 0.0003290 secs]2021-01-22T01:15:21.917+0800: 40.556: [class unloading, 0.0004386 secs]2021-01-22T01:15:21.918+0800: 40.556: [scrub symbol table, 0.0005457 secs]2021-01-22T01:15:21.919+0800: 40.557: [scrub string table, 0.0004171 secs][1 CMS-remark: 651601K(699072K)] 700652K(1013632K), 0.0046629 secs] [Times: user=0.01 sys=0.00, real=0.01 secs] 
2021-01-22T01:15:21.920+0800: 40.559: [CMS-concurrent-sweep-start]
2021-01-22T01:15:21.921+0800: 40.560: [CMS-concurrent-sweep: 0.001/0.001 secs] [Times: user=0.00 sys=0.00, real=0.00 secs] 
2021-01-22T01:15:21.922+0800: 40.560: [CMS-concurrent-reset-start]
2021-01-22T01:15:21.922+0800: 40.561: [CMS-concurrent-reset: 0.001/0.001 secs] [Times: user=0.00 sys=0.00, real=0.00 secs] 
2021-01-22T01:15:21.949+0800: 40.588: [GC (Allocation Failure) 2021-01-22T01:15:21.949+0800: 40.588: [ParNew: 314559K->34943K(314560K), 0.0143676 secs] 813880K->610618K(1013632K), 0.0151443 secs] [Times: user=0.10 sys=0.00, real=0.01 secs] 
2021-01-22T01:15:21.965+0800: 40.604: [GC (CMS Initial Mark) [1 CMS-initial-mark: 575675K(699072K)] 616793K(1013632K), 0.0013493 secs] [Times: user=0.01 sys=0.00, real=0.00 secs] 
2021-01-22T01:15:21.967+0800: 40.606: [CMS-concurrent-mark-start]
2021-01-22T01:15:21.969+0800: 40.608: [CMS-concurrent-mark: 0.002/0.002 secs] [Times: user=0.00 sys=0.00, real=0.01 secs] 
2021-01-22T01:15:21.970+0800: 40.608: [CMS-concurrent-preclean-start]
2021-01-22T01:15:21.970+0800: 40.609: [CMS-concurrent-preclean: 0.001/0.001 secs] [Times: user=0.00 sys=0.00, real=0.00 secs] 
2021-01-22T01:15:21.971+0800: 40.609: [CMS-concurrent-abortable-preclean-start]
2021-01-22T01:15:22.000+0800: 40.638: [GC (Allocation Failure) 2021-01-22T01:15:22.000+0800: 40.639: [ParNew: 314526K->34942K(314560K), 0.0148060 secs] 890202K->691012K(1013632K), 0.0156529 secs] [Times: user=0.12 sys=0.00, real=0.01 secs] 
2021-01-22T01:15:22.018+0800: 40.656: [CMS-concurrent-abortable-preclean: 0.002/0.047 secs] [Times: user=0.15 sys=0.00, real=0.04 secs] 
2021-01-22T01:15:22.018+0800: 40.657: [GC (CMS Final Remark) [YG occupancy: 52546 K (314560 K)]2021-01-22T01:15:22.019+0800: 40.657: [Rescan (parallel) , 0.0017699 secs]2021-01-22T01:15:22.021+0800: 40.659: [weak refs processing, 0.0003649 secs]2021-01-22T01:15:22.022+0800: 40.660: [class unloading, 0.0005135 secs]2021-01-22T01:15:22.022+0800: 40.661: [scrub symbol table, 0.0007301 secs]2021-01-22T01:15:22.023+0800: 40.662: [scrub string table, 0.0004466 secs][1 CMS-remark: 656070K(699072K)] 708616K(1013632K), 0.0058269 secs] [Times: user=0.00 sys=0.00, real=0.00 secs] 
2021-01-22T01:15:22.025+0800: 40.663: [CMS-concurrent-sweep-start]
2021-01-22T01:15:22.026+0800: 40.665: [CMS-concurrent-sweep: 0.001/0.001 secs] [Times: user=0.01 sys=0.00, real=0.00 secs] 
2021-01-22T01:15:22.027+0800: 40.665: [CMS-concurrent-reset-start]
2021-01-22T01:15:22.027+0800: 40.666: [CMS-concurrent-reset: 0.001/0.001 secs] [Times: user=0.00 sys=0.00, real=0.00 secs] 
2021-01-22T01:15:22.058+0800: 40.696: [GC (Allocation Failure) 2021-01-22T01:15:22.058+0800: 40.697: [ParNew: 314558K->34943K(314560K), 0.0153434 secs] 743351K->541941K(1013632K), 0.0162304 secs] [Times: user=0.11 sys=0.00, real=0.02 secs] 
2021-01-22T01:15:22.075+0800: 40.713: [GC (CMS Initial Mark) [1 CMS-initial-mark: 506998K(699072K)] 548206K(1013632K), 0.0015389 secs] [Times: user=0.01 sys=0.00, real=0.00 secs] 
2021-01-22T01:15:22.077+0800: 40.716: [CMS-concurrent-mark-start]
2021-01-22T01:15:22.079+0800: 40.718: [CMS-concurrent-mark: 0.002/0.002 secs] [Times: user=0.00 sys=0.00, real=0.01 secs] 
2021-01-22T01:15:22.079+0800: 40.718: [CMS-concurrent-preclean-start]
2021-01-22T01:15:22.080+0800: 40.719: [CMS-concurrent-preclean: 0.001/0.001 secs] [Times: user=0.00 sys=0.00, real=0.00 secs] 
2021-01-22T01:15:22.080+0800: 40.719: [CMS-concurrent-abortable-preclean-start]
2021-01-22T01:15:22.110+0800: 40.749: [GC (Allocation Failure) 2021-01-22T01:15:22.111+0800: 40.749: [ParNew: 314559K->34943K(314560K), 0.0160309 secs] 821557K->627433K(1013632K), 0.0168851 secs] [Times: user=0.12 sys=0.00, real=0.01 secs] 
2021-01-22T01:15:22.159+0800: 40.798: [GC (Allocation Failure) 2021-01-22T01:15:22.160+0800: 40.798: [ParNew: 314559K->34943K(314560K), 0.0161931 secs] 907049K->707286K(1013632K), 0.0169771 secs] [Times: user=0.12 sys=0.00, real=0.01 secs] 
2021-01-22T01:15:22.177+0800: 40.815: [CMS-concurrent-abortable-preclean: 0.003/0.096 secs] [Times: user=0.31 sys=0.00, real=0.09 secs] 
2021-01-22T01:15:22.177+0800: 40.816: [GC (CMS Final Remark) [YG occupancy: 40787 K (314560 K)]2021-01-22T01:15:22.178+0800: 40.816: [Rescan (parallel) , 0.0015445 secs]2021-01-22T01:15:22.180+0800: 40.818: [weak refs processing, 0.0002657 secs]2021-01-22T01:15:22.180+0800: 40.819: [class unloading, 0.0004347 secs]2021-01-22T01:15:22.181+0800: 40.819: [scrub symbol table, 0.0005516 secs]2021-01-22T01:15:22.181+0800: 40.820: [scrub string table, 0.0003956 secs][1 CMS-remark: 672343K(699072K)] 713130K(1013632K), 0.0046798 secs] [Times: user=0.00 sys=0.01, real=0.01 secs] 
2021-01-22T01:15:22.183+0800: 40.821: [CMS-concurrent-sweep-start]
2021-01-22T01:15:22.184+0800: 40.822: [CMS-concurrent-sweep: 0.001/0.001 secs] [Times: user=0.00 sys=0.00, real=0.00 secs] 
2021-01-22T01:15:22.184+0800: 40.823: [CMS-concurrent-reset-start]
2021-01-22T01:15:22.185+0800: 40.823: [CMS-concurrent-reset: 0.000/0.000 secs] [Times: user=0.00 sys=0.00, real=0.00 secs] 
2021-01-22T01:15:22.218+0800: 40.857: [GC (Allocation Failure) 2021-01-22T01:15:22.219+0800: 40.857: [ParNew: 314559K->34943K(314560K), 0.0143649 secs] 820793K->619172K(1013632K), 0.0152760 secs] [Times: user=0.11 sys=0.00, real=0.01 secs] 
2021-01-22T01:15:22.235+0800: 40.873: [GC (CMS Initial Mark) [1 CMS-initial-mark: 584228K(699072K)] 624830K(1013632K), 0.0015454 secs] [Times: user=0.01 sys=0.00, real=0.00 secs] 
2021-01-22T01:15:22.237+0800: 40.875: [CMS-concurrent-mark-start]
2021-01-22T01:15:22.239+0800: 40.878: [CMS-concurrent-mark: 0.002/0.002 secs] [Times: user=0.00 sys=0.00, real=0.01 secs] 
2021-01-22T01:15:22.240+0800: 40.878: [CMS-concurrent-preclean-start]
2021-01-22T01:15:22.241+0800: 40.879: [CMS-concurrent-preclean: 0.001/0.001 secs] [Times: user=0.00 sys=0.00, real=0.00 secs] 
2021-01-22T01:15:22.241+0800: 40.880: [CMS-concurrent-abortable-preclean-start]
2021-01-22T01:15:22.271+0800: 40.910: [GC (Allocation Failure) 2021-01-22T01:15:22.272+0800: 40.910: [ParNew: 314559K->34943K(314560K), 0.0145291 secs] 898788K->698992K(1013632K), 0.0153916 secs] [Times: user=0.11 sys=0.00, real=0.01 secs] 
2021-01-22T01:15:22.289+0800: 40.927: [CMS-concurrent-abortable-preclean: 0.002/0.048 secs] [Times: user=0.15 sys=0.00, real=0.05 secs] 
2021-01-22T01:15:22.289+0800: 40.928: [GC (CMS Final Remark) [YG occupancy: 46260 K (314560 K)]2021-01-22T01:15:22.290+0800: 40.928: [Rescan (parallel) , 0.0010498 secs]2021-01-22T01:15:22.291+0800: 40.930: [weak refs processing, 0.0002632 secs]2021-01-22T01:15:22.292+0800: 40.930: [class unloading, 0.0004460 secs]2021-01-22T01:15:22.293+0800: 40.931: [scrub symbol table, 0.0005403 secs]2021-01-22T01:15:22.293+0800: 40.932: [scrub string table, 0.0003889 secs][1 CMS-remark: 664048K(699072K)] 710308K(1013632K), 0.0045953 secs] [Times: user=0.01 sys=0.00, real=0.00 secs] 
2021-01-22T01:15:22.295+0800: 40.933: [CMS-concurrent-sweep-start]
2021-01-22T01:15:22.296+0800: 40.934: [CMS-concurrent-sweep: 0.001/0.001 secs] [Times: user=0.00 sys=0.00, real=0.00 secs] 
2021-01-22T01:15:22.296+0800: 40.935: [CMS-concurrent-reset-start]
2021-01-22T01:15:22.297+0800: 40.935: [CMS-concurrent-reset: 0.000/0.000 secs] [Times: user=0.00 sys=0.00, real=0.00 secs] 
2021-01-22T01:15:22.328+0800: 40.967: [GC (Allocation Failure) 2021-01-22T01:15:22.328+0800: 40.967: [ParNew: 314559K->34943K(314560K), 0.0179627 secs] 726218K->521637K(1013632K), 0.0188508 secs] [Times: user=0.14 sys=0.00, real=0.02 secs] 
2021-01-22T01:15:22.348+0800: 40.986: [GC (CMS Initial Mark) [1 CMS-initial-mark: 486693K(699072K)] 527869K(1013632K), 0.0009985 secs] [Times: user=0.00 sys=0.00, real=0.01 secs] 
2021-01-22T01:15:22.349+0800: 40.988: [CMS-concurrent-mark-start]
2021-01-22T01:15:22.351+0800: 40.990: [CMS-concurrent-mark: 0.002/0.002 secs] [Times: user=0.00 sys=0.00, real=0.00 secs] 
2021-01-22T01:15:22.352+0800: 40.990: [CMS-concurrent-preclean-start]
2021-01-22T01:15:22.352+0800: 40.991: [CMS-concurrent-preclean: 0.001/0.001 secs] [Times: user=0.00 sys=0.00, real=0.00 secs] 
2021-01-22T01:15:22.353+0800: 40.992: [CMS-concurrent-abortable-preclean-start]
2021-01-22T01:15:22.383+0800: 41.022: [GC (Allocation Failure) 2021-01-22T01:15:22.384+0800: 41.022: [ParNew: 314559K->34943K(314560K), 0.0203723 secs] 801253K->595160K(1013632K), 0.0211057 secs] [Times: user=0.15 sys=0.00, real=0.02 secs] 
2021-01-22T01:15:22.442+0800: 41.080: [GC (Allocation Failure) 2021-01-22T01:15:22.442+0800: 41.080: [ParNew: 314559K->34943K(314560K), 0.0138251 secs] 874776K->671476K(1013632K), 0.0146301 secs] [Times: user=0.09 sys=0.01, real=0.01 secs] 
2021-01-22T01:15:22.490+0800: 41.129: [GC (Allocation Failure) 2021-01-22T01:15:22.490+0800: 41.129: [ParNew: 314559K->314559K(314560K), 0.0001646 secs]2021-01-22T01:15:22.491+0800: 41.129: [CMS2021-01-22T01:15:22.491+0800: 41.129: [CMS-concurrent-abortable-preclean: 0.006/0.138 secs] [Times: user=0.36 sys=0.01, real=0.14 secs] 
 (concurrent mode failure): 636532K->378352K(699072K), 0.0469102 secs] 951092K->378352K(1013632K), [Metaspace: 2817K->2817K(1056768K)], 0.0479122 secs] [Times: user=0.05 sys=0.00, real=0.05 secs] 
2021-01-22T01:15:22.570+0800: 41.208: [GC (Allocation Failure) 2021-01-22T01:15:22.570+0800: 41.209: [ParNew: 279616K->34942K(314560K), 0.0112375 secs] 657968K->467343K(1013632K), 0.0120676 secs] [Times: user=0.08 sys=0.00, real=0.01 secs] 
2021-01-22T01:15:22.614+0800: 41.252: [GC (Allocation Failure) 2021-01-22T01:15:22.614+0800: 41.253: [ParNew: 314558K->34942K(314560K), 0.0137081 secs] 746959K->547181K(1013632K), 0.0147180 secs] [Times: user=0.10 sys=0.00, real=0.02 secs] 
2021-01-22T01:15:22.630+0800: 41.268: [GC (CMS Initial Mark) [1 CMS-initial-mark: 512238K(699072K)] 552899K(1013632K), 0.0014891 secs] [Times: user=0.00 sys=0.00, real=0.00 secs] 
2021-01-22T01:15:22.632+0800: 41.270: [CMS-concurrent-mark-start]
2021-01-22T01:15:22.634+0800: 41.272: [CMS-concurrent-mark: 0.002/0.002 secs] [Times: user=0.00 sys=0.00, real=0.00 secs] 
2021-01-22T01:15:22.634+0800: 41.273: [CMS-concurrent-preclean-start]
2021-01-22T01:15:22.635+0800: 41.274: [CMS-concurrent-preclean: 0.001/0.001 secs] [Times: user=0.00 sys=0.00, real=0.00 secs] 
2021-01-22T01:15:22.635+0800: 41.274: [CMS-concurrent-abortable-preclean-start]
2021-01-22T01:15:22.665+0800: 41.303: [GC (Allocation Failure) 2021-01-22T01:15:22.665+0800: 41.304: [ParNew: 314558K->34943K(314560K), 0.0190293 secs] 826797K->627608K(1013632K), 0.0202112 secs] [Times: user=0.13 sys=0.00, real=0.02 secs] 
2021-01-22T01:15:22.723+0800: 41.361: [GC (Allocation Failure) 2021-01-22T01:15:22.723+0800: 41.361: [ParNew: 314559K->34943K(314560K), 0.0209377 secs] 907224K->707846K(1013632K), 0.0215588 secs] [Times: user=0.15 sys=0.00, real=0.02 secs] 
2021-01-22T01:15:22.745+0800: 41.383: [CMS-concurrent-abortable-preclean: 0.004/0.109 secs] [Times: user=0.36 sys=0.00, real=0.11 secs] 
2021-01-22T01:15:22.745+0800: 41.384: [GC (CMS Final Remark) [YG occupancy: 40598 K (314560 K)]2021-01-22T01:15:22.746+0800: 41.384: [Rescan (parallel) , 0.0015580 secs]2021-01-22T01:15:22.748+0800: 41.386: [weak refs processing, 0.0002817 secs]2021-01-22T01:15:22.748+0800: 41.387: [class unloading, 0.0004371 secs]2021-01-22T01:15:22.749+0800: 41.388: [scrub symbol table, 0.0004943 secs]2021-01-22T01:15:22.750+0800: 41.388: [scrub string table, 0.0003639 secs][1 CMS-remark: 672902K(699072K)] 713501K(1013632K), 0.0048932 secs] [Times: user=0.00 sys=0.00, real=0.01 secs] 
2021-01-22T01:15:22.751+0800: 41.389: [CMS-concurrent-sweep-start]
2021-01-22T01:15:22.752+0800: 41.390: [CMS-concurrent-sweep: 0.001/0.001 secs] [Times: user=0.00 sys=0.00, real=0.00 secs] 
2021-01-22T01:15:22.752+0800: 41.391: [CMS-concurrent-reset-start]
2021-01-22T01:15:22.753+0800: 41.391: [CMS-concurrent-reset: 0.001/0.001 secs] [Times: user=0.00 sys=0.00, real=0.00 secs] 
2021-01-22T01:15:22.784+0800: 41.422: [GC (Allocation Failure) 2021-01-22T01:15:22.784+0800: 41.423: [ParNew: 314240K->34943K(314560K), 0.0163293 secs] 819832K->624169K(1013632K), 0.0169130 secs] [Times: user=0.12 sys=0.00, real=0.02 secs] 
2021-01-22T01:15:22.801+0800: 41.440: [GC (CMS Initial Mark) [1 CMS-initial-mark: 589226K(699072K)] 630062K(1013632K), 0.0007969 secs] [Times: user=0.00 sys=0.00, real=0.00 secs] 
2021-01-22T01:15:22.802+0800: 41.441: [CMS-concurrent-mark-start]
2021-01-22T01:15:22.804+0800: 41.443: [CMS-concurrent-mark: 0.002/0.002 secs] [Times: user=0.01 sys=0.00, real=0.00 secs] 
2021-01-22T01:15:22.805+0800: 41.443: [CMS-concurrent-preclean-start]
2021-01-22T01:15:22.806+0800: 41.444: [CMS-concurrent-preclean: 0.001/0.001 secs] [Times: user=0.00 sys=0.00, real=0.00 secs] 
2021-01-22T01:15:22.806+0800: 41.445: [CMS-concurrent-abortable-preclean-start]
2021-01-22T01:15:22.836+0800: 41.475: [GC (Allocation Failure) 2021-01-22T01:15:22.837+0800: 41.475: [ParNew: 314559K->34943K(314560K), 0.0155853 secs] 903785K->705828K(1013632K), 0.0161937 secs] [Times: user=0.12 sys=0.00, real=0.02 secs] 
2021-01-22T01:15:22.853+0800: 41.491: [CMS-concurrent-abortable-preclean: 0.001/0.047 secs] [Times: user=0.15 sys=0.00, real=0.05 secs] 
2021-01-22T01:15:22.853+0800: 41.492: [GC (CMS Final Remark) [YG occupancy: 40628 K (314560 K)]2021-01-22T01:15:22.853+0800: 41.492: [Rescan (parallel) , 0.0011573 secs]2021-01-22T01:15:22.855+0800: 41.493: [weak refs processing, 0.0002302 secs]2021-01-22T01:15:22.855+0800: 41.494: [class unloading, 0.0003946 secs]2021-01-22T01:15:22.856+0800: 41.494: [scrub symbol table, 0.0004696 secs]2021-01-22T01:15:22.856+0800: 41.495: [scrub string table, 0.0003195 secs][1 CMS-remark: 670885K(699072K)] 711514K(1013632K), 0.0035888 secs] [Times: user=0.01 sys=0.00, real=0.00 secs] 
2021-01-22T01:15:22.857+0800: 41.496: [CMS-concurrent-sweep-start]
2021-01-22T01:15:22.858+0800: 41.497: [CMS-concurrent-sweep: 0.001/0.001 secs] [Times: user=0.00 sys=0.00, real=0.01 secs] 
2021-01-22T01:15:22.859+0800: 41.497: [CMS-concurrent-reset-start]
2021-01-22T01:15:22.859+0800: 41.498: [CMS-concurrent-reset: 0.001/0.001 secs] [Times: user=0.00 sys=0.00, real=0.00 secs] 
2021-01-22T01:15:22.891+0800: 41.529: [GC (Allocation Failure) 2021-01-22T01:15:22.891+0800: 41.530: [ParNew: 314417K->34943K(314560K), 0.0159751 secs] 740540K->542371K(1013632K), 0.0166128 secs] [Times: user=0.12 sys=0.00, real=0.01 secs] 
2021-01-22T01:15:22.908+0800: 41.547: [GC (CMS Initial Mark) [1 CMS-initial-mark: 507427K(699072K)] 548455K(1013632K), 0.0007816 secs] [Times: user=0.00 sys=0.00, real=0.00 secs] 
2021-01-22T01:15:22.909+0800: 41.548: [CMS-concurrent-mark-start]
2021-01-22T01:15:22.911+0800: 41.550: [CMS-concurrent-mark: 0.002/0.002 secs] [Times: user=0.00 sys=0.00, real=0.00 secs] 
2021-01-22T01:15:22.912+0800: 41.550: [CMS-concurrent-preclean-start]
2021-01-22T01:15:22.913+0800: 41.551: [CMS-concurrent-preclean: 0.001/0.001 secs] [Times: user=0.00 sys=0.00, real=0.00 secs] 
2021-01-22T01:15:22.913+0800: 41.551: [CMS-concurrent-abortable-preclean-start]
2021-01-22T01:15:22.940+0800: 41.579: [GC (Allocation Failure) 2021-01-22T01:15:22.941+0800: 41.579: [ParNew: 314559K->34943K(314560K), 0.0166622 secs] 821987K->625660K(1013632K), 0.0172503 secs] [Times: user=0.13 sys=0.00, real=0.01 secs] 
2021-01-22T01:15:22.992+0800: 41.630: [GC (Allocation Failure) 2021-01-22T01:15:22.992+0800: 41.631: [ParNew: 314559K->34942K(314560K), 0.0148839 secs] 905276K->696761K(1013632K), 0.0155489 secs] [Times: user=0.11 sys=0.00, real=0.01 secs] 
2021-01-22T01:15:23.009+0800: 41.648: [CMS-concurrent-abortable-preclean: 0.004/0.096 secs] [Times: user=0.31 sys=0.00, real=0.10 secs] 
2021-01-22T01:15:23.010+0800: 41.648: [GC (CMS Final Remark) [YG occupancy: 52365 K (314560 K)]2021-01-22T01:15:23.010+0800: 41.649: [Rescan (parallel) , 0.0009628 secs]2021-01-22T01:15:23.011+0800: 41.650: [weak refs processing, 0.0002352 secs]2021-01-22T01:15:23.012+0800: 41.650: [class unloading, 0.0003811 secs]2021-01-22T01:15:23.012+0800: 41.651: [scrub symbol table, 0.0005368 secs]2021-01-22T01:15:23.013+0800: 41.652: [scrub string table, 0.0003514 secs][1 CMS-remark: 661819K(699072K)] 714185K(1013632K), 0.0039400 secs] [Times: user=0.00 sys=0.00, real=0.00 secs] 
2021-01-22T01:15:23.014+0800: 41.653: [CMS-concurrent-sweep-start]
2021-01-22T01:15:23.015+0800: 41.654: [CMS-concurrent-sweep: 0.001/0.001 secs] [Times: user=0.01 sys=0.00, real=0.00 secs] 
2021-01-22T01:15:23.016+0800: 41.654: [CMS-concurrent-reset-start]
2021-01-22T01:15:23.016+0800: 41.655: [CMS-concurrent-reset: 0.001/0.001 secs] [Times: user=0.00 sys=0.00, real=0.00 secs] 
2021-01-22T01:15:23.045+0800: 41.683: [GC (Allocation Failure) 2021-01-22T01:15:23.045+0800: 41.684: [ParNew: 314558K->34943K(314560K), 0.0137347 secs] 813513K->607488K(1013632K), 0.0143869 secs] [Times: user=0.10 sys=0.00, real=0.02 secs] 
2021-01-22T01:15:23.060+0800: 41.698: [GC (CMS Initial Mark) [1 CMS-initial-mark: 572545K(699072K)] 613709K(1013632K), 0.0008294 secs] [Times: user=0.00 sys=0.00, real=0.00 secs] 
2021-01-22T01:15:23.061+0800: 41.699: [CMS-concurrent-mark-start]
2021-01-22T01:15:23.063+0800: 41.701: [CMS-concurrent-mark: 0.002/0.002 secs] [Times: user=0.01 sys=0.00, real=0.00 secs] 
2021-01-22T01:15:23.063+0800: 41.702: [CMS-concurrent-preclean-start]
2021-01-22T01:15:23.064+0800: 41.703: [CMS-concurrent-preclean: 0.001/0.001 secs] [Times: user=0.00 sys=0.00, real=0.00 secs] 
2021-01-22T01:15:23.064+0800: 41.703: [CMS-concurrent-abortable-preclean-start]
2021-01-22T01:15:23.091+0800: 41.730: [GC (Allocation Failure) 2021-01-22T01:15:23.091+0800: 41.730: [ParNew: 314559K->34942K(314560K), 0.0147798 secs] 887104K->691160K(1013632K), 0.0153172 secs] [Times: user=0.11 sys=0.00, real=0.01 secs] 
2021-01-22T01:15:23.108+0800: 41.747: [CMS-concurrent-abortable-preclean: 0.002/0.044 secs] [Times: user=0.14 sys=0.00, real=0.05 secs] 
2021-01-22T01:15:23.129+0800: 41.767: [GC (CMS Final Remark) [YG occupancy: 221454 K (314560 K)]2021-01-22T01:15:23.129+0800: 41.767: [Rescan (parallel) , 0.0012385 secs]2021-01-22T01:15:23.130+0800: 41.769: [weak refs processing, 0.0002030 secs]2021-01-22T01:15:23.131+0800: 41.769: [class unloading, 0.0003849 secs]2021-01-22T01:15:23.131+0800: 41.770: [scrub symbol table, 0.0004870 secs]2021-01-22T01:15:23.132+0800: 41.771: [scrub string table, 0.0003421 secs][1 CMS-remark: 656217K(699072K)] 877671K(1013632K), 0.0040158 secs] [Times: user=0.01 sys=0.00, real=0.00 secs] 
2021-01-22T01:15:23.133+0800: 41.772: [CMS-concurrent-sweep-start]
2021-01-22T01:15:23.134+0800: 41.773: [CMS-concurrent-sweep: 0.001/0.001 secs] [Times: user=0.00 sys=0.00, real=0.00 secs] 
2021-01-22T01:15:23.135+0800: 41.773: [CMS-concurrent-reset-start]
2021-01-22T01:15:23.135+0800: 41.774: [CMS-concurrent-reset: 0.000/0.000 secs] [Times: user=0.00 sys=0.00, real=0.00 secs] 
2021-01-22T01:15:23.144+0800: 41.783: [GC (Allocation Failure) 2021-01-22T01:15:23.145+0800: 41.783: [ParNew: 314558K->34943K(314560K), 0.0148460 secs] 741439K->543699K(1013632K), 0.0155275 secs] [Times: user=0.11 sys=0.00, real=0.02 secs] 
2021-01-22T01:15:23.161+0800: 41.799: [GC (CMS Initial Mark) [1 CMS-initial-mark: 508756K(699072K)] 550257K(1013632K), 0.0013408 secs] [Times: user=0.01 sys=0.00, real=0.00 secs] 
2021-01-22T01:15:23.163+0800: 41.802: [CMS-concurrent-mark-start]
2021-01-22T01:15:23.165+0800: 41.804: [CMS-concurrent-mark: 0.002/0.002 secs] [Times: user=0.00 sys=0.00, real=0.00 secs] 
2021-01-22T01:15:23.165+0800: 41.804: [CMS-concurrent-preclean-start]
2021-01-22T01:15:23.166+0800: 41.805: [CMS-concurrent-preclean: 0.001/0.001 secs] [Times: user=0.00 sys=0.00, real=0.00 secs] 
2021-01-22T01:15:23.167+0800: 41.805: [CMS-concurrent-abortable-preclean-start]
2021-01-22T01:15:23.197+0800: 41.835: [GC (Allocation Failure) 2021-01-22T01:15:23.197+0800: 41.836: [ParNew: 314559K->34942K(314560K), 0.0160111 secs] 823315K->628083K(1013632K), 0.0168374 secs] [Times: user=0.12 sys=0.00, real=0.02 secs] 
2021-01-22T01:15:23.247+0800: 41.886: [GC (Allocation Failure) 2021-01-22T01:15:23.248+0800: 41.886: [ParNew: 314313K->34943K(314560K), 0.0147921 secs] 907453K->709078K(1013632K), 0.0154881 secs] [Times: user=0.11 sys=0.00, real=0.02 secs] 
2021-01-22T01:15:23.264+0800: 41.902: [CMS-concurrent-abortable-preclean: 0.003/0.097 secs] [Times: user=0.30 sys=0.00, real=0.10 secs] 
2021-01-22T01:15:23.279+0800: 41.917: [GC (CMS Final Remark) [YG occupancy: 152152 K (314560 K)]2021-01-22T01:15:23.279+0800: 41.917: [Rescan (parallel) , 0.0015478 secs]2021-01-22T01:15:23.281+0800: 41.919: [weak refs processing, 0.0002886 secs]2021-01-22T01:15:23.281+0800: 41.920: [class unloading, 0.0004436 secs]2021-01-22T01:15:23.282+0800: 41.920: [scrub symbol table, 0.0005416 secs]2021-01-22T01:15:23.283+0800: 41.921: [scrub string table, 0.0003710 secs][1 CMS-remark: 674134K(699072K)] 826286K(1013632K), 0.0046738 secs] [Times: user=0.00 sys=0.00, real=0.00 secs] 
2021-01-22T01:15:23.284+0800: 41.922: [CMS-concurrent-sweep-start]
2021-01-22T01:15:23.285+0800: 41.924: [CMS-concurrent-sweep: 0.001/0.001 secs] [Times: user=0.01 sys=0.00, real=0.00 secs] 
2021-01-22T01:15:23.286+0800: 41.924: [CMS-concurrent-reset-start]
2021-01-22T01:15:23.286+0800: 41.925: [CMS-concurrent-reset: 0.000/0.000 secs] [Times: user=0.00 sys=0.00, real=0.00 secs] 
2021-01-22T01:15:23.305+0800: 41.944: [GC (Allocation Failure) 2021-01-22T01:15:23.306+0800: 41.944: [ParNew: 314559K->34942K(314560K), 0.0162276 secs] 827364K->629360K(1013632K), 0.0170863 secs] [Times: user=0.11 sys=0.01, real=0.02 secs] 
2021-01-22T01:15:23.323+0800: 41.962: [GC (CMS Initial Mark) [1 CMS-initial-mark: 594417K(699072K)] 635629K(1013632K), 0.0012832 secs] [Times: user=0.00 sys=0.00, real=0.00 secs] 
2021-01-22T01:15:23.325+0800: 41.964: [CMS-concurrent-mark-start]
2021-01-22T01:15:23.328+0800: 41.966: [CMS-concurrent-mark: 0.003/0.003 secs] [Times: user=0.01 sys=0.00, real=0.00 secs] 
2021-01-22T01:15:23.328+0800: 41.967: [CMS-concurrent-preclean-start]
2021-01-22T01:15:23.329+0800: 41.968: [CMS-concurrent-preclean: 0.001/0.001 secs] [Times: user=0.00 sys=0.00, real=0.00 secs] 
2021-01-22T01:15:23.329+0800: 41.968: [CMS-concurrent-abortable-preclean-start]
2021-01-22T01:15:23.359+0800: 41.998: [GC (Allocation Failure) 2021-01-22T01:15:23.360+0800: 41.998: [ParNew: 314452K->34943K(314560K), 0.0164289 secs] 908870K->710715K(1013632K), 0.0171480 secs] [Times: user=0.13 sys=0.00, real=0.01 secs] 
2021-01-22T01:15:23.377+0800: 42.016: [CMS-concurrent-abortable-preclean: 0.001/0.048 secs] [Times: user=0.16 sys=0.00, real=0.04 secs] 
2021-01-22T01:15:23.378+0800: 42.016: [GC (CMS Final Remark) [YG occupancy: 40776 K (314560 K)]2021-01-22T01:15:23.378+0800: 42.017: [Rescan (parallel) , 0.0016392 secs]2021-01-22T01:15:23.380+0800: 42.019: [weak refs processing, 0.0003050 secs]2021-01-22T01:15:23.381+0800: 42.019: [class unloading, 0.0003902 secs]2021-01-22T01:15:23.381+0800: 42.020: [scrub symbol table, 0.0005210 secs]2021-01-22T01:15:23.382+0800: 42.021: [scrub string table, 0.0004299 secs][1 CMS-remark: 675771K(699072K)] 716548K(1013632K), 0.0050155 secs] [Times: user=0.00 sys=0.00, real=0.01 secs] 
2021-01-22T01:15:23.383+0800: 42.022: [CMS-concurrent-sweep-start]
2021-01-22T01:15:23.385+0800: 42.023: [CMS-concurrent-sweep: 0.001/0.001 secs] [Times: user=0.00 sys=0.00, real=0.00 secs] 
2021-01-22T01:15:23.385+0800: 42.024: [CMS-concurrent-reset-start]
2021-01-22T01:15:23.386+0800: 42.024: [CMS-concurrent-reset: 0.001/0.001 secs] [Times: user=0.01 sys=0.00, real=0.00 secs] 
2021-01-22T01:15:23.419+0800: 42.058: [GC (Allocation Failure) 2021-01-22T01:15:23.419+0800: 42.058: [ParNew: 314559K->34942K(314560K), 0.0145167 secs] 745532K->544673K(1013632K), 0.0153607 secs] [Times: user=0.10 sys=0.01, real=0.01 secs] 
2021-01-22T01:15:23.435+0800: 42.074: [GC (CMS Initial Mark) [1 CMS-initial-mark: 509731K(699072K)] 550651K(1013632K), 0.0012355 secs] [Times: user=0.00 sys=0.00, real=0.00 secs] 
2021-01-22T01:15:23.437+0800: 42.076: [CMS-concurrent-mark-start]
2021-01-22T01:15:23.440+0800: 42.079: [CMS-concurrent-mark: 0.003/0.003 secs] [Times: user=0.01 sys=0.00, real=0.01 secs] 
2021-01-22T01:15:23.440+0800: 42.079: [CMS-concurrent-preclean-start]
2021-01-22T01:15:23.441+0800: 42.080: [CMS-concurrent-preclean: 0.001/0.001 secs] [Times: user=0.00 sys=0.00, real=0.00 secs] 
2021-01-22T01:15:23.442+0800: 42.080: [CMS-concurrent-abortable-preclean-start]
2021-01-22T01:15:23.471+0800: 42.109: [GC (Allocation Failure) 2021-01-22T01:15:23.471+0800: 42.110: [ParNew: 314539K->34943K(314560K), 0.0140483 secs] 824271K->619221K(1013632K), 0.0148674 secs] [Times: user=0.11 sys=0.00, real=0.01 secs] 
2021-01-22T01:15:23.522+0800: 42.161: [GC (Allocation Failure) 2021-01-22T01:15:23.522+0800: 42.161: [ParNew: 314559K->34943K(314560K), 0.0157775 secs] 898837K->708232K(1013632K), 0.0166308 secs] [Times: user=0.12 sys=0.00, real=0.02 secs] 
2021-01-22T01:15:23.539+0800: 42.178: [CMS-concurrent-abortable-preclean: 0.003/0.098 secs] [Times: user=0.29 sys=0.00, real=0.10 secs] 
2021-01-22T01:15:23.540+0800: 42.179: [GC (CMS Final Remark) [YG occupancy: 41459 K (314560 K)]2021-01-22T01:15:23.540+0800: 42.179: [Rescan (parallel) , 0.0010519 secs]2021-01-22T01:15:23.542+0800: 42.180: [weak refs processing, 0.0002929 secs]2021-01-22T01:15:23.542+0800: 42.181: [class unloading, 0.0004444 secs]2021-01-22T01:15:23.543+0800: 42.182: [scrub symbol table, 0.0005132 secs]2021-01-22T01:15:23.544+0800: 42.182: [scrub string table, 0.0004653 secs][1 CMS-remark: 673288K(699072K)] 714748K(1013632K), 0.0046028 secs] [Times: user=0.01 sys=0.00, real=0.00 secs] 
2021-01-22T01:15:23.545+0800: 42.184: [CMS-concurrent-sweep-start]
2021-01-22T01:15:23.546+0800: 42.185: [CMS-concurrent-sweep: 0.001/0.001 secs] [Times: user=0.00 sys=0.00, real=0.00 secs] 
2021-01-22T01:15:23.547+0800: 42.185: [CMS-concurrent-reset-start]
2021-01-22T01:15:23.548+0800: 42.186: [CMS-concurrent-reset: 0.001/0.001 secs] [Times: user=0.00 sys=0.00, real=0.00 secs] 
2021-01-22T01:15:23.578+0800: 42.217: [GC (Allocation Failure) 2021-01-22T01:15:23.579+0800: 42.217: [ParNew: 314559K->34943K(314560K), 0.0149266 secs] 817097K->618398K(1013632K), 0.0156638 secs] [Times: user=0.10 sys=0.01, real=0.01 secs] 
2021-01-22T01:15:23.595+0800: 42.233: [GC (CMS Initial Mark) [1 CMS-initial-mark: 583454K(699072K)] 624277K(1013632K), 0.0015738 secs] [Times: user=0.01 sys=0.00, real=0.00 secs] 
2021-01-22T01:15:23.597+0800: 42.236: [CMS-concurrent-mark-start]
2021-01-22T01:15:23.599+0800: 42.238: [CMS-concurrent-mark: 0.002/0.002 secs] [Times: user=0.00 sys=0.00, real=0.01 secs] 
2021-01-22T01:15:23.600+0800: 42.238: [CMS-concurrent-preclean-start]
2021-01-22T01:15:23.601+0800: 42.239: [CMS-concurrent-preclean: 0.001/0.001 secs] [Times: user=0.01 sys=0.00, real=0.00 secs] 
2021-01-22T01:15:23.601+0800: 42.240: [CMS-concurrent-abortable-preclean-start]
2021-01-22T01:15:23.633+0800: 42.272: [GC (Allocation Failure) 2021-01-22T01:15:23.634+0800: 42.272: [ParNew: 314559K->34943K(314560K), 0.0159613 secs] 898014K->701679K(1013632K), 0.0168758 secs] [Times: user=0.12 sys=0.00, real=0.02 secs] 
2021-01-22T01:15:23.651+0800: 42.290: [CMS-concurrent-abortable-preclean: 0.001/0.050 secs] [Times: user=0.15 sys=0.00, real=0.05 secs] 
2021-01-22T01:15:23.652+0800: 42.290: [GC (CMS Final Remark) [YG occupancy: 41138 K (314560 K)]2021-01-22T01:15:23.652+0800: 42.291: [Rescan (parallel) , 0.0017465 secs]2021-01-22T01:15:23.654+0800: 42.293: [weak refs processing, 0.0003908 secs]2021-01-22T01:15:23.655+0800: 42.294: [class unloading, 0.0005220 secs]2021-01-22T01:15:23.656+0800: 42.294: [scrub symbol table, 0.0008890 secs]2021-01-22T01:15:23.657+0800: 42.296: [scrub string table, 0.0005668 secs][1 CMS-remark: 666735K(699072K)] 707874K(1013632K), 0.0062749 secs] [Times: user=0.00 sys=0.00, real=0.01 secs] 
2021-01-22T01:15:23.659+0800: 42.298: [CMS-concurrent-sweep-start]
2021-01-22T01:15:23.660+0800: 42.299: [CMS-concurrent-sweep: 0.001/0.001 secs] [Times: user=0.00 sys=0.00, real=0.00 secs] 
2021-01-22T01:15:23.661+0800: 42.299: [CMS-concurrent-reset-start]
2021-01-22T01:15:23.661+0800: 42.300: [CMS-concurrent-reset: 0.000/0.000 secs] [Times: user=0.00 sys=0.00, real=0.00 secs] 
2021-01-22T01:15:23.693+0800: 42.332: [GC (Allocation Failure) 2021-01-22T01:15:23.694+0800: 42.332: [ParNew: 314559K->34942K(314560K), 0.0130473 secs] 736380K->527018K(1013632K), 0.0138694 secs] [Times: user=0.09 sys=0.00, real=0.01 secs] 
2021-01-22T01:15:23.708+0800: 42.347: [GC (CMS Initial Mark) [1 CMS-initial-mark: 492076K(699072K)] 532857K(1013632K), 0.0010710 secs] [Times: user=0.00 sys=0.00, real=0.00 secs] 
2021-01-22T01:15:23.710+0800: 42.349: [CMS-concurrent-mark-start]
2021-01-22T01:15:23.712+0800: 42.351: [CMS-concurrent-mark: 0.002/0.002 secs] [Times: user=0.00 sys=0.01, real=0.00 secs] 
2021-01-22T01:15:23.712+0800: 42.351: [CMS-concurrent-preclean-start]
2021-01-22T01:15:23.713+0800: 42.352: [CMS-concurrent-preclean: 0.001/0.001 secs] [Times: user=0.00 sys=0.00, real=0.00 secs] 
2021-01-22T01:15:23.714+0800: 42.352: [CMS-concurrent-abortable-preclean-start]
2021-01-22T01:15:23.744+0800: 42.382: [GC (Allocation Failure) 2021-01-22T01:15:23.744+0800: 42.383: [ParNew: 314558K->34943K(314560K), 0.0154424 secs] 806634K->608257K(1013632K), 0.0162239 secs] [Times: user=0.11 sys=0.00, real=0.02 secs] 
2021-01-22T01:15:23.797+0800: 42.436: [GC (Allocation Failure) 2021-01-22T01:15:23.798+0800: 42.436: [ParNew: 314559K->34943K(314560K), 0.0197057 secs] 887873K->688594K(1013632K), 0.0203068 secs] [Times: user=0.14 sys=0.01, real=0.02 secs] 
2021-01-22T01:15:23.820+0800: 42.458: [CMS-concurrent-abortable-preclean: 0.005/0.106 secs] [Times: user=0.33 sys=0.01, real=0.11 secs] 
2021-01-22T01:15:23.821+0800: 42.459: [GC (CMS Final Remark) [YG occupancy: 53982 K (314560 K)]2021-01-22T01:15:23.821+0800: 42.460: [Rescan (parallel) , 0.0061978 secs]2021-01-22T01:15:23.827+0800: 42.466: [weak refs processing, 0.0002380 secs]2021-01-22T01:15:23.828+0800: 42.466: [class unloading, 0.0003703 secs]2021-01-22T01:15:23.829+0800: 42.467: [scrub symbol table, 0.0006033 secs]2021-01-22T01:15:23.829+0800: 42.468: [scrub string table, 0.0004104 secs][1 CMS-remark: 653650K(699072K)] 707633K(1013632K), 0.0095037 secs] [Times: user=0.04 sys=0.01, real=0.01 secs] 
2021-01-22T01:15:23.831+0800: 42.470: [CMS-concurrent-sweep-start]
2021-01-22T01:15:23.832+0800: 42.471: [CMS-concurrent-sweep: 0.001/0.001 secs] [Times: user=0.00 sys=0.00, real=0.00 secs] 
2021-01-22T01:15:23.833+0800: 42.471: [CMS-concurrent-reset-start]
2021-01-22T01:15:23.833+0800: 42.472: [CMS-concurrent-reset: 0.001/0.001 secs] [Times: user=0.00 sys=0.00, real=0.00 secs] 
2021-01-22T01:15:23.866+0800: 42.505: [GC (Allocation Failure) 2021-01-22T01:15:23.866+0800: 42.505: [ParNew: 314559K->34944K(314560K), 0.0140326 secs] 818657K->614188K(1013632K), 0.0148189 secs] [Times: user=0.10 sys=0.00, real=0.02 secs] 
2021-01-22T01:15:23.882+0800: 42.521: [GC (CMS Initial Mark) [1 CMS-initial-mark: 579244K(699072K)] 620009K(1013632K), 0.0010287 secs] [Times: user=0.00 sys=0.00, real=0.00 secs] 
2021-01-22T01:15:23.884+0800: 42.522: [CMS-concurrent-mark-start]
2021-01-22T01:15:23.886+0800: 42.524: [CMS-concurrent-mark: 0.002/0.002 secs] [Times: user=0.00 sys=0.00, real=0.00 secs] 
2021-01-22T01:15:23.886+0800: 42.525: [CMS-concurrent-preclean-start]
2021-01-22T01:15:23.887+0800: 42.526: [CMS-concurrent-preclean: 0.001/0.001 secs] [Times: user=0.00 sys=0.00, real=0.00 secs] 
2021-01-22T01:15:23.888+0800: 42.526: [CMS-concurrent-abortable-preclean-start]
2021-01-22T01:15:23.919+0800: 42.558: [GC (Allocation Failure) 2021-01-22T01:15:23.919+0800: 42.558: [ParNew: 314560K->34943K(314560K), 0.0142140 secs] 893804K->690439K(1013632K), 0.0147920 secs] [Times: user=0.11 sys=0.00, real=0.01 secs] 
2021-01-22T01:15:23.935+0800: 42.574: [CMS-concurrent-abortable-preclean: 0.002/0.048 secs] [Times: user=0.15 sys=0.00, real=0.05 secs] 
2021-01-22T01:15:23.936+0800: 42.575: [GC (CMS Final Remark) [YG occupancy: 53147 K (314560 K)]2021-01-22T01:15:23.936+0800: 42.575: [Rescan (parallel) , 0.0008498 secs]2021-01-22T01:15:23.938+0800: 42.576: [weak refs processing, 0.0002468 secs]2021-01-22T01:15:23.938+0800: 42.577: [class unloading, 0.0005050 secs]2021-01-22T01:15:23.939+0800: 42.577: [scrub symbol table, 0.0005174 secs]2021-01-22T01:15:23.940+0800: 42.578: [scrub string table, 0.0003809 secs][1 CMS-remark: 655495K(699072K)] 708643K(1013632K), 0.0039200 secs] [Times: user=0.00 sys=0.00, real=0.01 secs] 
2021-01-22T01:15:23.941+0800: 42.579: [CMS-concurrent-sweep-start]
2021-01-22T01:15:23.942+0800: 42.580: [CMS-concurrent-sweep: 0.001/0.001 secs] [Times: user=0.01 sys=0.00, real=0.00 secs] 
2021-01-22T01:15:23.942+0800: 42.581: [CMS-concurrent-reset-start]
2021-01-22T01:15:23.943+0800: 42.582: [CMS-concurrent-reset: 0.001/0.001 secs] [Times: user=0.00 sys=0.00, real=0.00 secs] 
2021-01-22T01:15:23.971+0800: 42.610: [GC (Allocation Failure) 2021-01-22T01:15:23.971+0800: 42.610: [ParNew: 314559K->34943K(314560K), 0.0152218 secs] 718459K->524017K(1013632K), 0.0158399 secs] [Times: user=0.11 sys=0.00, real=0.01 secs] 
2021-01-22T01:15:23.987+0800: 42.626: [GC (CMS Initial Mark) [1 CMS-initial-mark: 489073K(699072K)] 530321K(1013632K), 0.0010116 secs] [Times: user=0.00 sys=0.00, real=0.01 secs] 
2021-01-22T01:15:23.989+0800: 42.627: [CMS-concurrent-mark-start]
2021-01-22T01:15:23.991+0800: 42.630: [CMS-concurrent-mark: 0.002/0.002 secs] [Times: user=0.01 sys=0.00, real=0.00 secs] 
2021-01-22T01:15:23.991+0800: 42.630: [CMS-concurrent-preclean-start]
2021-01-22T01:15:23.992+0800: 42.631: [CMS-concurrent-preclean: 0.001/0.001 secs] [Times: user=0.00 sys=0.00, real=0.00 secs] 
2021-01-22T01:15:23.993+0800: 42.631: [CMS-concurrent-abortable-preclean-start]
2021-01-22T01:15:24.019+0800: 42.658: [GC (Allocation Failure) 2021-01-22T01:15:24.020+0800: 42.658: [ParNew: 314559K->34943K(314560K), 0.0149634 secs] 803633K->604927K(1013632K), 0.0155905 secs] [Times: user=0.11 sys=0.00, real=0.01 secs] 
2021-01-22T01:15:24.068+0800: 42.707: [GC (Allocation Failure) 2021-01-22T01:15:24.069+0800: 42.707: [ParNew: 314559K->34943K(314560K), 0.0144833 secs] 884543K->684467K(1013632K), 0.0153214 secs] [Times: user=0.10 sys=0.00, real=0.01 secs] 
2021-01-22T01:15:24.118+0800: 42.756: [GC (Allocation Failure) 2021-01-22T01:15:24.118+0800: 42.757: [ParNew: 314559K->314559K(314560K), 0.0003050 secs]2021-01-22T01:15:24.119+0800: 42.757: [CMS2021-01-22T01:15:24.119+0800: 42.758: [CMS-concurrent-abortable-preclean: 0.004/0.127 secs] [Times: user=0.31 sys=0.01, real=0.13 secs] 
 (concurrent mode failure): 649523K->370581K(699072K), 0.0478631 secs] 964083K->370581K(1013632K), [Metaspace: 2817K->2817K(1056768K)], 0.0493379 secs] [Times: user=0.05 sys=0.00, real=0.05 secs] 
2021-01-22T01:15:24.201+0800: 42.840: [GC (Allocation Failure) 2021-01-22T01:15:24.202+0800: 42.840: [ParNew: 279616K->34943K(314560K), 0.0111021 secs] 650197K->453183K(1013632K), 0.0122170 secs] [Times: user=0.08 sys=0.00, real=0.01 secs] 
2021-01-22T01:15:24.247+0800: 42.886: [GC (Allocation Failure) 2021-01-22T01:15:24.248+0800: 42.886: [ParNew: 314559K->34943K(314560K), 0.0152735 secs] 732799K->531365K(1013632K), 0.0162045 secs] [Times: user=0.10 sys=0.01, real=0.02 secs] 
2021-01-22T01:15:24.264+0800: 42.903: [GC (CMS Initial Mark) [1 CMS-initial-mark: 496422K(699072K)] 537265K(1013632K), 0.0013010 secs] [Times: user=0.00 sys=0.00, real=0.00 secs] 
2021-01-22T01:15:24.267+0800: 42.905: [CMS-concurrent-mark-start]
2021-01-22T01:15:24.269+0800: 42.907: [CMS-concurrent-mark: 0.002/0.002 secs] [Times: user=0.01 sys=0.00, real=0.01 secs] 
2021-01-22T01:15:24.269+0800: 42.908: [CMS-concurrent-preclean-start]
2021-01-22T01:15:24.270+0800: 42.909: [CMS-concurrent-preclean: 0.001/0.001 secs] [Times: user=0.00 sys=0.00, real=0.00 secs] 
2021-01-22T01:15:24.270+0800: 42.909: [CMS-concurrent-abortable-preclean-start]
2021-01-22T01:15:24.303+0800: 42.942: [GC (Allocation Failure) 2021-01-22T01:15:24.304+0800: 42.942: [ParNew: 314559K->34943K(314560K), 0.0147326 secs] 810981K->605057K(1013632K), 0.0155259 secs] [Times: user=0.10 sys=0.01, real=0.02 secs] 
2021-01-22T01:15:24.353+0800: 42.992: [GC (Allocation Failure) 2021-01-22T01:15:24.354+0800: 42.992: [ParNew: 314102K->34942K(314560K), 0.0156567 secs] 884216K->682830K(1013632K), 0.0165651 secs] [Times: user=0.11 sys=0.01, real=0.02 secs] 
2021-01-22T01:15:24.405+0800: 43.043: [GC (Allocation Failure) 2021-01-22T01:15:24.405+0800: 43.044: [ParNew: 314558K->314558K(314560K), 0.0002834 secs]2021-01-22T01:15:24.405+0800: 43.044: [CMS2021-01-22T01:15:24.406+0800: 43.044: [CMS-concurrent-abortable-preclean: 0.005/0.135 secs] [Times: user=0.32 sys=0.02, real=0.13 secs] 
 (concurrent mode failure): 647888K->375717K(699072K), 0.0464978 secs] 962446K->375717K(1013632K), [Metaspace: 2817K->2817K(1056768K)], 0.0477638 secs] [Times: user=0.04 sys=0.00, real=0.05 secs] 
2021-01-22T01:15:24.486+0800: 43.124: [GC (Allocation Failure) 2021-01-22T01:15:24.486+0800: 43.125: [ParNew: 279616K->34943K(314560K), 0.0106708 secs] 655333K->457384K(1013632K), 0.0114123 secs] [Times: user=0.08 sys=0.00, real=0.01 secs] 
2021-01-22T01:15:24.531+0800: 43.170: [GC (Allocation Failure) 2021-01-22T01:15:24.531+0800: 43.170: [ParNew: 314559K->34943K(314560K), 0.0145582 secs] 737000K->537883K(1013632K), 0.0154217 secs] [Times: user=0.11 sys=0.00, real=0.01 secs] 
2021-01-22T01:15:24.547+0800: 43.186: [GC (CMS Initial Mark) [1 CMS-initial-mark: 502939K(699072K)] 543513K(1013632K), 0.0012285 secs] [Times: user=0.00 sys=0.00, real=0.01 secs] 
2021-01-22T01:15:24.549+0800: 43.188: [CMS-concurrent-mark-start]
2021-01-22T01:15:24.551+0800: 43.190: [CMS-concurrent-mark: 0.002/0.002 secs] [Times: user=0.00 sys=0.01, real=0.00 secs] 
2021-01-22T01:15:24.552+0800: 43.190: [CMS-concurrent-preclean-start]
2021-01-22T01:15:24.553+0800: 43.191: [CMS-concurrent-preclean: 0.001/0.001 secs] [Times: user=0.00 sys=0.00, real=0.00 secs] 
2021-01-22T01:15:24.553+0800: 43.192: [CMS-concurrent-abortable-preclean-start]
2021-01-22T01:15:24.582+0800: 43.221: [GC (Allocation Failure) 2021-01-22T01:15:24.583+0800: 43.221: [ParNew: 314559K->34943K(314560K), 0.0162149 secs] 817499K->614087K(1013632K), 0.0171604 secs] [Times: user=0.12 sys=0.00, real=0.02 secs] 
2021-01-22T01:15:24.635+0800: 43.274: [GC (Allocation Failure) 2021-01-22T01:15:24.636+0800: 43.274: [ParNew: 314559K->34943K(314560K), 0.0166852 secs] 893703K->695819K(1013632K), 0.0175904 secs] [Times: user=0.11 sys=0.01, real=0.02 secs] 
2021-01-22T01:15:24.655+0800: 43.293: [CMS-concurrent-abortable-preclean: 0.005/0.101 secs] [Times: user=0.30 sys=0.01, real=0.10 secs] 
2021-01-22T01:15:24.655+0800: 43.294: [GC (CMS Final Remark) [YG occupancy: 46572 K (314560 K)]2021-01-22T01:15:24.656+0800: 43.294: [Rescan (parallel) , 0.0018967 secs]2021-01-22T01:15:24.658+0800: 43.297: [weak refs processing, 0.0003936 secs]2021-01-22T01:15:24.659+0800: 43.297: [class unloading, 0.0005021 secs]2021-01-22T01:15:24.659+0800: 43.298: [scrub symbol table, 0.0005948 secs]2021-01-22T01:15:24.660+0800: 43.299: [scrub string table, 0.0004458 secs][1 CMS-remark: 660875K(699072K)] 707448K(1013632K), 0.0057564 secs] [Times: user=0.01 sys=0.00, real=0.01 secs] 
2021-01-22T01:15:24.662+0800: 43.300: [CMS-concurrent-sweep-start]
2021-01-22T01:15:24.663+0800: 43.301: [CMS-concurrent-sweep: 0.001/0.001 secs] [Times: user=0.00 sys=0.00, real=0.00 secs] 
2021-01-22T01:15:24.663+0800: 43.302: [CMS-concurrent-reset-start]
2021-01-22T01:15:24.663+0800: 43.302: [CMS-concurrent-reset: 0.000/0.000 secs] [Times: user=0.00 sys=0.00, real=0.00 secs] 
2021-01-22T01:15:24.696+0800: 43.335: [GC (Allocation Failure) 2021-01-22T01:15:24.696+0800: 43.335: [ParNew: 314559K->34942K(314560K), 0.0143574 secs] 804174K->595034K(1013632K), 0.0152896 secs] [Times: user=0.10 sys=0.00, real=0.02 secs] 
2021-01-22T01:15:24.712+0800: 43.351: [GC (CMS Initial Mark) [1 CMS-initial-mark: 560091K(699072K)] 600855K(1013632K), 0.0012706 secs] [Times: user=0.01 sys=0.00, real=0.00 secs] 
2021-01-22T01:15:24.714+0800: 43.353: [CMS-concurrent-mark-start]
2021-01-22T01:15:24.716+0800: 43.355: [CMS-concurrent-mark: 0.002/0.002 secs] [Times: user=0.00 sys=0.00, real=0.00 secs] 
2021-01-22T01:15:24.717+0800: 43.355: [CMS-concurrent-preclean-start]
2021-01-22T01:15:24.717+0800: 43.356: [CMS-concurrent-preclean: 0.001/0.001 secs] [Times: user=0.00 sys=0.00, real=0.00 secs] 
2021-01-22T01:15:24.718+0800: 43.356: [CMS-concurrent-abortable-preclean-start]
2021-01-22T01:15:24.749+0800: 43.387: [GC (Allocation Failure) 2021-01-22T01:15:24.749+0800: 43.388: [ParNew: 314558K->34943K(314560K), 0.0150592 secs] 874650K->669441K(1013632K), 0.0159271 secs] [Times: user=0.10 sys=0.01, real=0.01 secs] 
2021-01-22T01:15:24.798+0800: 43.436: [GC (Allocation Failure) 2021-01-22T01:15:24.798+0800: 43.437: [ParNew: 314559K->314559K(314560K), 0.0004057 secs]2021-01-22T01:15:24.799+0800: 43.437: [CMS2021-01-22T01:15:24.799+0800: 43.438: [CMS-concurrent-abortable-preclean: 0.003/0.082 secs] [Times: user=0.18 sys=0.01, real=0.09 secs] 
 (concurrent mode failure): 634497K->369839K(699072K), 0.0494926 secs] 949057K->369839K(1013632K), [Metaspace: 2817K->2817K(1056768K)], 0.0512273 secs] [Times: user=0.05 sys=0.00, real=0.06 secs] 
2021-01-22T01:15:24.881+0800: 43.520: [GC (Allocation Failure) 2021-01-22T01:15:24.882+0800: 43.521: [ParNew: 279616K->34943K(314560K), 0.0111350 secs] 649455K->455184K(1013632K), 0.0121849 secs] [Times: user=0.08 sys=0.00, real=0.01 secs] 
2021-01-22T01:15:24.930+0800: 43.569: [GC (Allocation Failure) 2021-01-22T01:15:24.931+0800: 43.569: [ParNew: 314559K->34943K(314560K), 0.0164418 secs] 734800K->531997K(1013632K), 0.0173294 secs] [Times: user=0.13 sys=0.00, real=0.01 secs] 
2021-01-22T01:15:24.949+0800: 43.587: [GC (CMS Initial Mark) [1 CMS-initial-mark: 497054K(699072K)] 538141K(1013632K), 0.0009570 secs] [Times: user=0.00 sys=0.00, real=0.00 secs] 
2021-01-22T01:15:24.950+0800: 43.589: [CMS-concurrent-mark-start]
2021-01-22T01:15:24.952+0800: 43.591: [CMS-concurrent-mark: 0.002/0.002 secs] [Times: user=0.00 sys=0.00, real=0.00 secs] 
2021-01-22T01:15:24.953+0800: 43.591: [CMS-concurrent-preclean-start]
2021-01-22T01:15:24.954+0800: 43.593: [CMS-concurrent-preclean: 0.001/0.001 secs] [Times: user=0.00 sys=0.00, real=0.00 secs] 
2021-01-22T01:15:24.955+0800: 43.593: [CMS-concurrent-abortable-preclean-start]
2021-01-22T01:15:24.989+0800: 43.627: [GC (Allocation Failure) 2021-01-22T01:15:24.989+0800: 43.628: [ParNew: 314559K->34943K(314560K), 0.0158404 secs] 811613K->608952K(1013632K), 0.0167270 secs] [Times: user=0.12 sys=0.00, real=0.01 secs] 
2021-01-22T01:15:25.043+0800: 43.682: [GC (Allocation Failure) 2021-01-22T01:15:25.044+0800: 43.682: [ParNew: 314559K->34943K(314560K), 0.0142792 secs] 888568K->687029K(1013632K), 0.0147973 secs] [Times: user=0.11 sys=0.00, real=0.02 secs] 
2021-01-22T01:15:25.090+0800: 43.729: [GC (Allocation Failure) 2021-01-22T01:15:25.090+0800: 43.729: [ParNew: 314559K->314559K(314560K), 0.0002112 secs]2021-01-22T01:15:25.091+0800: 43.729: [CMS2021-01-22T01:15:25.091+0800: 43.730: [CMS-concurrent-abortable-preclean: 0.005/0.136 secs] [Times: user=0.34 sys=0.00, real=0.14 secs] 
 (concurrent mode failure): 652086K->372185K(699072K), 0.0490975 secs] 966645K->372185K(1013632K), [Metaspace: 2817K->2817K(1056768K)], 0.0503947 secs] [Times: user=0.05 sys=0.00, real=0.05 secs] 
2021-01-22T01:15:25.178+0800: 43.816: [GC (Allocation Failure) 2021-01-22T01:15:25.178+0800: 43.817: [ParNew: 279616K->34943K(314560K), 0.0149442 secs] 651801K->460042K(1013632K), 0.0158752 secs] [Times: user=0.10 sys=0.00, real=0.02 secs] 
2021-01-22T01:15:25.229+0800: 43.868: [GC (Allocation Failure) 2021-01-22T01:15:25.230+0800: 43.868: [ParNew: 314559K->34942K(314560K), 0.0150869 secs] 739658K->540927K(1013632K), 0.0160154 secs] [Times: user=0.11 sys=0.00, real=0.01 secs] 
2021-01-22T01:15:25.246+0800: 43.885: [GC (CMS Initial Mark) [1 CMS-initial-mark: 505984K(699072K)] 547219K(1013632K), 0.0016294 secs] [Times: user=0.01 sys=0.00, real=0.01 secs] 
2021-01-22T01:15:25.249+0800: 43.887: [CMS-concurrent-mark-start]
2021-01-22T01:15:25.250+0800: 43.889: [CMS-concurrent-mark: 0.002/0.002 secs] [Times: user=0.00 sys=0.00, real=0.00 secs] 
2021-01-22T01:15:25.251+0800: 43.889: [CMS-concurrent-preclean-start]
2021-01-22T01:15:25.252+0800: 43.890: [CMS-concurrent-preclean: 0.001/0.001 secs] [Times: user=0.00 sys=0.00, real=0.00 secs] 
2021-01-22T01:15:25.252+0800: 43.890: [CMS-concurrent-abortable-preclean-start]
2021-01-22T01:15:25.283+0800: 43.921: [GC (Allocation Failure) 2021-01-22T01:15:25.283+0800: 43.922: [ParNew: 314558K->34943K(314560K), 0.0151492 secs] 820543K->621129K(1013632K), 0.0158274 secs] [Times: user=0.10 sys=0.01, real=0.02 secs] 
2021-01-22T01:15:25.333+0800: 43.972: [GC (Allocation Failure) 2021-01-22T01:15:25.334+0800: 43.972: [ParNew: 314559K->34942K(314560K), 0.0151466 secs] 900745K->704967K(1013632K), 0.0159930 secs] [Times: user=0.10 sys=0.01, real=0.02 secs] 
2021-01-22T01:15:25.350+0800: 43.989: [CMS-concurrent-abortable-preclean: 0.002/0.098 secs] [Times: user=0.28 sys=0.02, real=0.10 secs] 
2021-01-22T01:15:25.351+0800: 43.989: [GC (CMS Final Remark) [YG occupancy: 41169 K (314560 K)]2021-01-22T01:15:25.351+0800: 43.989: [Rescan (parallel) , 0.0015317 secs]2021-01-22T01:15:25.353+0800: 43.991: [weak refs processing, 0.0003011 secs]2021-01-22T01:15:25.353+0800: 43.992: [class unloading, 0.0005069 secs]2021-01-22T01:15:25.354+0800: 43.993: [scrub symbol table, 0.0006716 secs]2021-01-22T01:15:25.355+0800: 43.994: [scrub string table, 0.0005983 secs][1 CMS-remark: 670024K(699072K)] 711194K(1013632K), 0.0054173 secs] [Times: user=0.01 sys=0.00, real=0.00 secs] 
2021-01-22T01:15:25.357+0800: 43.995: [CMS-concurrent-sweep-start]
2021-01-22T01:15:25.358+0800: 43.996: [CMS-concurrent-sweep: 0.001/0.001 secs] [Times: user=0.00 sys=0.00, real=0.00 secs] 
2021-01-22T01:15:25.358+0800: 43.996: [CMS-concurrent-reset-start]
2021-01-22T01:15:25.358+0800: 43.997: [CMS-concurrent-reset: 0.000/0.000 secs] [Times: user=0.00 sys=0.00, real=0.01 secs] 
2021-01-22T01:15:25.388+0800: 44.026: [GC (Allocation Failure) 2021-01-22T01:15:25.388+0800: 44.027: [ParNew: 314558K->34943K(314560K), 0.0146475 secs] 819579K->620123K(1013632K), 0.0152994 secs] [Times: user=0.11 sys=0.00, real=0.02 secs] 
2021-01-22T01:15:25.404+0800: 44.042: [GC (CMS Initial Mark) [1 CMS-initial-mark: 585180K(699072K)] 625830K(1013632K), 0.0010324 secs] [Times: user=0.00 sys=0.00, real=0.00 secs] 
2021-01-22T01:15:25.406+0800: 44.044: [CMS-concurrent-mark-start]
2021-01-22T01:15:25.408+0800: 44.046: [CMS-concurrent-mark: 0.002/0.002 secs] [Times: user=0.01 sys=0.00, real=0.00 secs] 
2021-01-22T01:15:25.408+0800: 44.047: [CMS-concurrent-preclean-start]
2021-01-22T01:15:25.409+0800: 44.047: [CMS-concurrent-preclean: 0.001/0.001 secs] [Times: user=0.00 sys=0.00, real=0.01 secs] 
2021-01-22T01:15:25.409+0800: 44.048: [CMS-concurrent-abortable-preclean-start]
2021-01-22T01:15:25.437+0800: 44.076: [GC (Allocation Failure) 2021-01-22T01:15:25.438+0800: 44.077: [ParNew: 314559K->34943K(314560K), 0.0141756 secs] 899739K->694554K(1013632K), 0.0151946 secs] [Times: user=0.11 sys=0.01, real=0.02 secs] 
2021-01-22T01:15:25.456+0800: 44.094: [CMS-concurrent-abortable-preclean: 0.003/0.046 secs] [Times: user=0.14 sys=0.01, real=0.04 secs] 
2021-01-22T01:15:25.456+0800: 44.095: [GC (CMS Final Remark) [YG occupancy: 52818 K (314560 K)]2021-01-22T01:15:25.457+0800: 44.095: [Rescan (parallel) , 0.0013343 secs]2021-01-22T01:15:25.458+0800: 44.097: [weak refs processing, 0.0002685 secs]2021-01-22T01:15:25.459+0800: 44.097: [class unloading, 0.0004273 secs]2021-01-22T01:15:25.460+0800: 44.098: [scrub symbol table, 0.0005115 secs]2021-01-22T01:15:25.460+0800: 44.099: [scrub string table, 0.0003638 secs][1 CMS-remark: 659610K(699072K)] 712429K(1013632K), 0.0046537 secs] [Times: user=0.00 sys=0.00, real=0.01 secs] 
2021-01-22T01:15:25.462+0800: 44.100: [CMS-concurrent-sweep-start]
2021-01-22T01:15:25.463+0800: 44.101: [CMS-concurrent-sweep: 0.001/0.001 secs] [Times: user=0.00 sys=0.00, real=0.00 secs] 
2021-01-22T01:15:25.463+0800: 44.102: [CMS-concurrent-reset-start]
2021-01-22T01:15:25.464+0800: 44.102: [CMS-concurrent-reset: 0.001/0.001 secs] [Times: user=0.00 sys=0.00, real=0.00 secs] 
2021-01-22T01:15:25.493+0800: 44.132: [GC (Allocation Failure) 2021-01-22T01:15:25.494+0800: 44.132: [ParNew: 314559K->34943K(314560K), 0.0153667 secs] 742879K->540299K(1013632K), 0.0162060 secs] [Times: user=0.11 sys=0.00, real=0.02 secs] 
2021-01-22T01:15:25.511+0800: 44.149: [GC (CMS Initial Mark) [1 CMS-initial-mark: 505356K(699072K)] 546147K(1013632K), 0.0014214 secs] [Times: user=0.01 sys=0.00, real=0.00 secs] 
2021-01-22T01:15:25.513+0800: 44.151: [CMS-concurrent-mark-start]
2021-01-22T01:15:25.515+0800: 44.153: [CMS-concurrent-mark: 0.002/0.002 secs] [Times: user=0.00 sys=0.00, real=0.00 secs] 
2021-01-22T01:15:25.515+0800: 44.154: [CMS-concurrent-preclean-start]
2021-01-22T01:15:25.516+0800: 44.155: [CMS-concurrent-preclean: 0.001/0.001 secs] [Times: user=0.00 sys=0.00, real=0.00 secs] 
2021-01-22T01:15:25.517+0800: 44.155: [CMS-concurrent-abortable-preclean-start]
2021-01-22T01:15:25.549+0800: 44.188: [GC (Allocation Failure) 2021-01-22T01:15:25.550+0800: 44.188: [ParNew: 314559K->34942K(314560K), 0.0134697 secs] 819915K->611525K(1013632K), 0.0143093 secs] [Times: user=0.09 sys=0.01, real=0.01 secs] 
2021-01-22T01:15:25.597+0800: 44.236: [GC (Allocation Failure) 2021-01-22T01:15:25.598+0800: 44.236: [ParNew: 314558K->34943K(314560K), 0.0151338 secs] 891141K->695160K(1013632K), 0.0157479 secs] [Times: user=0.11 sys=0.00, real=0.02 secs] 
2021-01-22T01:15:25.615+0800: 44.253: [CMS-concurrent-abortable-preclean: 0.004/0.098 secs] [Times: user=0.27 sys=0.01, real=0.10 secs] 
2021-01-22T01:15:25.615+0800: 44.254: [GC (CMS Final Remark) [YG occupancy: 48193 K (314560 K)]2021-01-22T01:15:25.616+0800: 44.254: [Rescan (parallel) , 0.0011545 secs]2021-01-22T01:15:25.617+0800: 44.256: [weak refs processing, 0.0002335 secs]2021-01-22T01:15:25.618+0800: 44.256: [class unloading, 0.0004343 secs]2021-01-22T01:15:25.618+0800: 44.257: [scrub symbol table, 0.0004975 secs]2021-01-22T01:15:25.619+0800: 44.258: [scrub string table, 0.0003445 secs][1 CMS-remark: 660216K(699072K)] 708410K(1013632K), 0.0041982 secs] [Times: user=0.01 sys=0.00, real=0.01 secs] 
2021-01-22T01:15:25.620+0800: 44.259: [CMS-concurrent-sweep-start]
2021-01-22T01:15:25.621+0800: 44.260: [CMS-concurrent-sweep: 0.001/0.001 secs] [Times: user=0.00 sys=0.00, real=0.00 secs] 
2021-01-22T01:15:25.622+0800: 44.260: [CMS-concurrent-reset-start]
2021-01-22T01:15:25.623+0800: 44.261: [CMS-concurrent-reset: 0.001/0.001 secs] [Times: user=0.00 sys=0.00, real=0.00 secs] 
2021-01-22T01:15:25.651+0800: 44.290: [GC (Allocation Failure) 2021-01-22T01:15:25.651+0800: 44.290: [ParNew: 314559K->34942K(314560K), 0.0147135 secs] 818745K->614366K(1013632K), 0.0153416 secs] [Times: user=0.11 sys=0.00, real=0.01 secs] 
2021-01-22T01:15:25.667+0800: 44.306: [GC (CMS Initial Mark) [1 CMS-initial-mark: 579423K(699072K)] 620143K(1013632K), 0.0010329 secs] [Times: user=0.01 sys=0.00, real=0.01 secs] 
2021-01-22T01:15:25.669+0800: 44.307: [CMS-concurrent-mark-start]
2021-01-22T01:15:25.671+0800: 44.309: [CMS-concurrent-mark: 0.002/0.002 secs] [Times: user=0.00 sys=0.00, real=0.00 secs] 
2021-01-22T01:15:25.671+0800: 44.310: [CMS-concurrent-preclean-start]
2021-01-22T01:15:25.672+0800: 44.311: [CMS-concurrent-preclean: 0.001/0.001 secs] [Times: user=0.00 sys=0.00, real=0.00 secs] 
2021-01-22T01:15:25.673+0800: 44.311: [CMS-concurrent-abortable-preclean-start]
2021-01-22T01:15:25.699+0800: 44.338: [GC (Allocation Failure) 2021-01-22T01:15:25.700+0800: 44.338: [ParNew: 314558K->34942K(314560K), 0.0171037 secs] 893982K->695537K(1013632K), 0.0177742 secs] [Times: user=0.13 sys=0.00, real=0.01 secs] 
2021-01-22T01:15:25.719+0800: 44.357: [CMS-concurrent-abortable-preclean: 0.002/0.046 secs] [Times: user=0.16 sys=0.00, real=0.05 secs] 
2021-01-22T01:15:25.719+0800: 44.358: [GC (CMS Final Remark) [YG occupancy: 46532 K (314560 K)]2021-01-22T01:15:25.720+0800: 44.358: [Rescan (parallel) , 0.0012970 secs]2021-01-22T01:15:25.721+0800: 44.360: [weak refs processing, 0.0002862 secs]2021-01-22T01:15:25.722+0800: 44.360: [class unloading, 0.0005943 secs]2021-01-22T01:15:25.723+0800: 44.361: [scrub symbol table, 0.0004747 secs]2021-01-22T01:15:25.723+0800: 44.362: [scrub string table, 0.0003358 secs][1 CMS-remark: 660594K(699072K)] 707127K(1013632K), 0.0043801 secs] [Times: user=0.01 sys=0.00, real=0.00 secs] 
2021-01-22T01:15:25.724+0800: 44.363: [CMS-concurrent-sweep-start]
2021-01-22T01:15:25.725+0800: 44.364: [CMS-concurrent-sweep: 0.001/0.001 secs] [Times: user=0.00 sys=0.00, real=0.00 secs] 
2021-01-22T01:15:25.726+0800: 44.364: [CMS-concurrent-reset-start]
2021-01-22T01:15:25.726+0800: 44.365: [CMS-concurrent-reset: 0.000/0.000 secs] [Times: user=0.00 sys=0.00, real=0.00 secs] 
2021-01-22T01:15:25.759+0800: 44.397: [GC (Allocation Failure) 2021-01-22T01:15:25.759+0800: 44.398: [ParNew: 314558K->34942K(314560K), 0.0167548 secs] 734388K->525110K(1013632K), 0.0175281 secs] [Times: user=0.13 sys=0.00, real=0.01 secs] 
2021-01-22T01:15:25.777+0800: 44.416: [GC (CMS Initial Mark) [1 CMS-initial-mark: 490168K(699072K)] 530780K(1013632K), 0.0013664 secs] [Times: user=0.00 sys=0.00, real=0.01 secs] 
2021-01-22T01:15:25.779+0800: 44.418: [CMS-concurrent-mark-start]
2021-01-22T01:15:25.781+0800: 44.420: [CMS-concurrent-mark: 0.002/0.002 secs] [Times: user=0.00 sys=0.00, real=0.00 secs] 
2021-01-22T01:15:25.782+0800: 44.420: [CMS-concurrent-preclean-start]
2021-01-22T01:15:25.782+0800: 44.421: [CMS-concurrent-preclean: 0.001/0.001 secs] [Times: user=0.00 sys=0.00, real=0.00 secs] 
2021-01-22T01:15:25.783+0800: 44.421: [CMS-concurrent-abortable-preclean-start]
2021-01-22T01:15:25.814+0800: 44.453: [GC (Allocation Failure) 2021-01-22T01:15:25.815+0800: 44.453: [ParNew: 314558K->34943K(314560K), 0.0148060 secs] 804726K->598359K(1013632K), 0.0154234 secs] [Times: user=0.11 sys=0.00, real=0.02 secs] 
2021-01-22T01:15:25.864+0800: 44.502: [GC (Allocation Failure) 2021-01-22T01:15:25.864+0800: 44.503: [ParNew: 314559K->34943K(314560K), 0.0183001 secs] 877975K->671545K(1013632K), 0.0190554 secs] [Times: user=0.13 sys=0.00, real=0.02 secs] 
2021-01-22T01:15:25.920+0800: 44.559: [GC (Allocation Failure) 2021-01-22T01:15:25.920+0800: 44.559: [ParNew: 314559K->314559K(314560K), 0.0002673 secs]2021-01-22T01:15:25.921+0800: 44.560: [CMS2021-01-22T01:15:25.921+0800: 44.560: [CMS-concurrent-abortable-preclean: 0.005/0.139 secs] [Times: user=0.36 sys=0.00, real=0.14 secs] 
 (concurrent mode failure): 636602K->372457K(699072K), 0.0589056 secs] 951161K->372457K(1013632K), [Metaspace: 2817K->2817K(1056768K)], 0.0603482 secs] [Times: user=0.06 sys=0.00, real=0.06 secs] 
2021-01-22T01:15:26.017+0800: 44.655: [GC (Allocation Failure) 2021-01-22T01:15:26.017+0800: 44.656: [ParNew: 279503K->34942K(314560K), 0.0118050 secs] 651961K->458147K(1013632K), 0.0128268 secs] [Times: user=0.09 sys=0.00, real=0.02 secs] 
2021-01-22T01:15:26.067+0800: 44.706: [GC (Allocation Failure) 2021-01-22T01:15:26.068+0800: 44.706: [ParNew: 314558K->34943K(314560K), 0.0144787 secs] 737763K->525216K(1013632K), 0.0155311 secs] [Times: user=0.09 sys=0.01, real=0.02 secs] 
2021-01-22T01:15:26.084+0800: 44.723: [GC (CMS Initial Mark) [1 CMS-initial-mark: 490272K(699072K)] 531251K(1013632K), 0.0012027 secs] [Times: user=0.00 sys=0.00, real=0.00 secs] 
2021-01-22T01:15:26.086+0800: 44.724: [CMS-concurrent-mark-start]
2021-01-22T01:15:26.088+0800: 44.726: [CMS-concurrent-mark: 0.002/0.002 secs] [Times: user=0.01 sys=0.00, real=0.00 secs] 
2021-01-22T01:15:26.098+0800: 44.737: [CMS-concurrent-preclean-start]
2021-01-22T01:15:26.099+0800: 44.738: [CMS-concurrent-preclean: 0.001/0.001 secs] [Times: user=0.00 sys=0.00, real=0.00 secs] 
2021-01-22T01:15:26.099+0800: 44.738: [CMS-concurrent-abortable-preclean-start]
2021-01-22T01:15:26.122+0800: 44.761: [GC (Allocation Failure) 2021-01-22T01:15:26.123+0800: 44.761: [ParNew: 314559K->34943K(314560K), 0.0143859 secs] 804832K->603164K(1013632K), 0.0166924 secs] [Times: user=0.10 sys=0.01, real=0.02 secs] 
2021-01-22T01:15:26.177+0800: 44.816: [GC (Allocation Failure) 2021-01-22T01:15:26.178+0800: 44.816: [ParNew: 314559K->34943K(314560K), 0.0154854 secs] 882780K->688548K(1013632K), 0.0162083 secs] [Times: user=0.12 sys=0.00, real=0.02 secs] 
2021-01-22T01:15:26.195+0800: 44.834: [CMS-concurrent-abortable-preclean: 0.004/0.096 secs] [Times: user=0.27 sys=0.01, real=0.09 secs] 
2021-01-22T01:15:26.196+0800: 44.834: [GC (CMS Final Remark) [YG occupancy: 46697 K (314560 K)]2021-01-22T01:15:26.196+0800: 44.835: [Rescan (parallel) , 0.0010107 secs]2021-01-22T01:15:26.197+0800: 44.836: [weak refs processing, 0.0002607 secs]2021-01-22T01:15:26.198+0800: 44.836: [class unloading, 0.0003280 secs]2021-01-22T01:15:26.198+0800: 44.837: [scrub symbol table, 0.0005287 secs]2021-01-22T01:15:26.199+0800: 44.838: [scrub string table, 0.0004145 secs][1 CMS-remark: 653605K(699072K)] 700303K(1013632K), 0.0039436 secs] [Times: user=0.01 sys=0.00, real=0.01 secs] 
2021-01-22T01:15:26.200+0800: 44.839: [CMS-concurrent-sweep-start]
2021-01-22T01:15:26.201+0800: 44.839: [CMS-concurrent-sweep: 0.001/0.001 secs] [Times: user=0.00 sys=0.00, real=0.00 secs] 
2021-01-22T01:15:26.201+0800: 44.840: [CMS-concurrent-reset-start]
2021-01-22T01:15:26.202+0800: 44.840: [CMS-concurrent-reset: 0.000/0.000 secs] [Times: user=0.00 sys=0.00, real=0.00 secs] 
2021-01-22T01:15:26.233+0800: 44.872: [GC (Allocation Failure) 2021-01-22T01:15:26.234+0800: 44.872: [ParNew: 314559K->34943K(314560K), 0.0150331 secs] 809259K->611456K(1013632K), 0.0156580 secs] [Times: user=0.12 sys=0.00, real=0.02 secs] 
2021-01-22T01:15:26.250+0800: 44.888: [GC (CMS Initial Mark) [1 CMS-initial-mark: 576513K(699072K)] 617245K(1013632K), 0.0009264 secs] [Times: user=0.00 sys=0.00, real=0.00 secs] 
2021-01-22T01:15:26.251+0800: 44.890: [CMS-concurrent-mark-start]
2021-01-22T01:15:26.253+0800: 44.891: [CMS-concurrent-mark: 0.002/0.002 secs] [Times: user=0.00 sys=0.00, real=0.00 secs] 
2021-01-22T01:15:26.253+0800: 44.892: [CMS-concurrent-preclean-start]
2021-01-22T01:15:26.254+0800: 44.893: [CMS-concurrent-preclean: 0.001/0.001 secs] [Times: user=0.00 sys=0.00, real=0.00 secs] 
2021-01-22T01:15:26.255+0800: 44.893: [CMS-concurrent-abortable-preclean-start]
2021-01-22T01:15:26.283+0800: 44.922: [GC (Allocation Failure) 2021-01-22T01:15:26.283+0800: 44.922: [ParNew: 314559K->34943K(314560K), 0.0142909 secs] 891072K->691129K(1013632K), 0.0150081 secs] [Times: user=0.10 sys=0.00, real=0.02 secs] 
2021-01-22T01:15:26.300+0800: 44.938: [CMS-concurrent-abortable-preclean: 0.002/0.045 secs] [Times: user=0.15 sys=0.00, real=0.05 secs] 
2021-01-22T01:15:26.301+0800: 44.939: [GC (CMS Final Remark) [YG occupancy: 52976 K (314560 K)]2021-01-22T01:15:26.301+0800: 44.940: [Rescan (parallel) , 0.0011178 secs]2021-01-22T01:15:26.302+0800: 44.941: [weak refs processing, 0.0003731 secs]2021-01-22T01:15:26.303+0800: 44.942: [class unloading, 0.0004714 secs]2021-01-22T01:15:26.304+0800: 44.943: [scrub symbol table, 0.0006078 secs]2021-01-22T01:15:26.305+0800: 44.943: [scrub string table, 0.0005376 secs][1 CMS-remark: 656185K(699072K)] 709162K(1013632K), 0.0052147 secs] [Times: user=0.00 sys=0.00, real=0.00 secs] 
2021-01-22T01:15:26.307+0800: 44.945: [CMS-concurrent-sweep-start]
2021-01-22T01:15:26.308+0800: 44.947: [CMS-concurrent-sweep: 0.001/0.001 secs] [Times: user=0.00 sys=0.00, real=0.01 secs] 
2021-01-22T01:15:26.309+0800: 44.947: [CMS-concurrent-reset-start]
2021-01-22T01:15:26.309+0800: 44.948: [CMS-concurrent-reset: 0.000/0.000 secs] [Times: user=0.00 sys=0.00, real=0.00 secs] 
2021-01-22T01:15:26.335+0800: 44.974: [GC (Allocation Failure) 2021-01-22T01:15:26.335+0800: 44.974: [ParNew: 314559K->34943K(314560K), 0.0181783 secs] 738021K->554338K(1013632K), 0.0190646 secs] [Times: user=0.14 sys=0.00, real=0.02 secs] 
2021-01-22T01:15:26.355+0800: 44.994: [GC (CMS Initial Mark) [1 CMS-initial-mark: 519395K(699072K)] 560244K(1013632K), 0.0011704 secs] [Times: user=0.00 sys=0.00, real=0.00 secs] 
2021-01-22T01:15:26.357+0800: 44.995: [CMS-concurrent-mark-start]
2021-01-22T01:15:26.359+0800: 44.997: [CMS-concurrent-mark: 0.002/0.002 secs] [Times: user=0.01 sys=0.00, real=0.01 secs] 
2021-01-22T01:15:26.359+0800: 44.998: [CMS-concurrent-preclean-start]
2021-01-22T01:15:26.360+0800: 44.999: [CMS-concurrent-preclean: 0.001/0.001 secs] [Times: user=0.00 sys=0.00, real=0.00 secs] 
2021-01-22T01:15:26.361+0800: 44.999: [CMS-concurrent-abortable-preclean-start]
2021-01-22T01:15:26.390+0800: 45.029: [GC (Allocation Failure) 2021-01-22T01:15:26.391+0800: 45.029: [ParNew: 314559K->34943K(314560K), 0.0149805 secs] 833954K->636742K(1013632K), 0.0157484 secs] [Times: user=0.11 sys=0.00, real=0.01 secs] 
2021-01-22T01:15:26.438+0800: 45.076: [GC (Allocation Failure) 2021-01-22T01:15:26.438+0800: 45.076: [ParNew: 314535K->314535K(314560K), 0.0003073 secs]2021-01-22T01:15:26.439+0800: 45.077: [CMS2021-01-22T01:15:26.439+0800: 45.078: [CMS-concurrent-abortable-preclean: 0.003/0.078 secs] [Times: user=0.17 sys=0.00, real=0.08 secs] 
 (concurrent mode failure): 601799K->394826K(699072K), 0.0515184 secs] 916334K->394826K(1013632K), [Metaspace: 2817K->2817K(1056768K)], 0.0529133 secs] [Times: user=0.06 sys=0.00, real=0.06 secs] 
2021-01-22T01:15:26.523+0800: 45.162: [GC (Allocation Failure) 2021-01-22T01:15:26.524+0800: 45.162: [ParNew: 279616K->34943K(314560K), 0.0107314 secs] 674442K->480210K(1013632K), 0.0114524 secs] [Times: user=0.08 sys=0.00, real=0.01 secs] 
2021-01-22T01:15:26.568+0800: 45.207: [GC (Allocation Failure) 2021-01-22T01:15:26.569+0800: 45.207: [ParNew: 314559K->34943K(314560K), 0.0142061 secs] 759826K->555898K(1013632K), 0.0151146 secs] [Times: user=0.11 sys=0.00, real=0.01 secs] 
2021-01-22T01:15:26.584+0800: 45.223: [GC (CMS Initial Mark) [1 CMS-initial-mark: 520955K(699072K)] 562726K(1013632K), 0.0016185 secs] [Times: user=0.00 sys=0.00, real=0.00 secs] 
2021-01-22T01:15:26.587+0800: 45.226: [CMS-concurrent-mark-start]
2021-01-22T01:15:26.589+0800: 45.228: [CMS-concurrent-mark: 0.002/0.002 secs] [Times: user=0.00 sys=0.00, real=0.01 secs] 
2021-01-22T01:15:26.590+0800: 45.228: [CMS-concurrent-preclean-start]
2021-01-22T01:15:26.591+0800: 45.229: [CMS-concurrent-preclean: 0.001/0.001 secs] [Times: user=0.00 sys=0.00, real=0.00 secs] 
2021-01-22T01:15:26.591+0800: 45.229: [CMS-concurrent-abortable-preclean-start]
2021-01-22T01:15:26.619+0800: 45.257: [GC (Allocation Failure) 2021-01-22T01:15:26.619+0800: 45.258: [ParNew: 314559K->34943K(314560K), 0.0153737 secs] 835514K->637326K(1013632K), 0.0162075 secs] [Times: user=0.11 sys=0.00, real=0.01 secs] 
2021-01-22T01:15:26.671+0800: 45.310: [GC (Allocation Failure) 2021-01-22T01:15:26.672+0800: 45.310: [ParNew: 314559K->314559K(314560K), 0.0003362 secs]2021-01-22T01:15:26.673+0800: 45.311: [CMS2021-01-22T01:15:26.673+0800: 45.312: [CMS-concurrent-abortable-preclean: 0.003/0.082 secs] [Times: user=0.19 sys=0.00, real=0.08 secs] 
 (concurrent mode failure): 602383K->373669K(699072K), 0.0512654 secs] 916942K->373669K(1013632K), [Metaspace: 2817K->2817K(1056768K)], 0.0530764 secs] [Times: user=0.05 sys=0.00, real=0.05 secs] 
2021-01-22T01:15:26.759+0800: 45.398: [GC (Allocation Failure) 2021-01-22T01:15:26.760+0800: 45.398: [ParNew: 279616K->34943K(314560K), 0.0103470 secs] 653285K->455018K(1013632K), 0.0113088 secs] [Times: user=0.08 sys=0.00, real=0.01 secs] 
2021-01-22T01:15:26.805+0800: 45.444: [GC (Allocation Failure) 2021-01-22T01:15:26.806+0800: 45.444: [ParNew: 314559K->34943K(314560K), 0.0151387 secs] 734634K->526569K(1013632K), 0.0161895 secs] [Times: user=0.11 sys=0.00, real=0.02 secs] 
2021-01-22T01:15:26.822+0800: 45.461: [GC (CMS Initial Mark) [1 CMS-initial-mark: 491626K(699072K)] 532228K(1013632K), 0.0012444 secs] [Times: user=0.00 sys=0.00, real=0.00 secs] 
2021-01-22T01:15:26.824+0800: 45.463: [CMS-concurrent-mark-start]
2021-01-22T01:15:26.826+0800: 45.465: [CMS-concurrent-mark: 0.002/0.002 secs] [Times: user=0.01 sys=0.00, real=0.00 secs] 
2021-01-22T01:15:26.827+0800: 45.465: [CMS-concurrent-preclean-start]
2021-01-22T01:15:26.828+0800: 45.466: [CMS-concurrent-preclean: 0.001/0.001 secs] [Times: user=0.00 sys=0.00, real=0.00 secs] 
2021-01-22T01:15:26.828+0800: 45.467: [CMS-concurrent-abortable-preclean-start]
2021-01-22T01:15:26.858+0800: 45.496: [GC (Allocation Failure) 2021-01-22T01:15:26.858+0800: 45.497: [ParNew: 314559K->34943K(314560K), 0.0130737 secs] 806185K->596194K(1013632K), 0.0139608 secs] [Times: user=0.10 sys=0.00, real=0.02 secs] 
2021-01-22T01:15:26.905+0800: 45.543: [GC (Allocation Failure) 2021-01-22T01:15:26.905+0800: 45.544: [ParNew: 314559K->34942K(314560K), 0.0152734 secs] 875810K->673750K(1013632K), 0.0161246 secs] [Times: user=0.12 sys=0.00, real=0.02 secs] 
2021-01-22T01:15:26.957+0800: 45.595: [GC (Allocation Failure) 2021-01-22T01:15:26.957+0800: 45.595: [ParNew: 314558K->314558K(314560K), 0.0002990 secs]2021-01-22T01:15:26.957+0800: 45.596: [CMS2021-01-22T01:15:26.958+0800: 45.596: [CMS-concurrent-abortable-preclean: 0.007/0.130 secs] [Times: user=0.32 sys=0.00, real=0.13 secs] 
 (concurrent mode failure): 638808K->370730K(699072K), 0.0479482 secs] 953366K->370730K(1013632K), [Metaspace: 2817K->2817K(1056768K)], 0.0492821 secs] [Times: user=0.04 sys=0.00, real=0.05 secs] 
2021-01-22T01:15:27.038+0800: 45.677: [GC (Allocation Failure) 2021-01-22T01:15:27.038+0800: 45.677: [ParNew: 279616K->34943K(314560K), 0.0102317 secs] 650346K->456590K(1013632K), 0.0111052 secs] [Times: user=0.07 sys=0.00, real=0.02 secs] 
2021-01-22T01:15:27.082+0800: 45.721: [GC (Allocation Failure) 2021-01-22T01:15:27.083+0800: 45.721: [ParNew: 314334K->34943K(314560K), 0.0137899 secs] 735980K->534150K(1013632K), 0.0146493 secs] [Times: user=0.10 sys=0.00, real=0.01 secs] 
2021-01-22T01:15:27.098+0800: 45.736: [GC (CMS Initial Mark) [1 CMS-initial-mark: 499206K(699072K)] 541021K(1013632K), 0.0014111 secs] [Times: user=0.00 sys=0.00, real=0.01 secs] 
2021-01-22T01:15:27.100+0800: 45.739: [CMS-concurrent-mark-start]
2021-01-22T01:15:27.102+0800: 45.740: [CMS-concurrent-mark: 0.002/0.002 secs] [Times: user=0.00 sys=0.00, real=0.00 secs] 
2021-01-22T01:15:27.102+0800: 45.741: [CMS-concurrent-preclean-start]
2021-01-22T01:15:27.103+0800: 45.742: [CMS-concurrent-preclean: 0.001/0.001 secs] [Times: user=0.00 sys=0.00, real=0.00 secs] 
2021-01-22T01:15:27.103+0800: 45.742: [CMS-concurrent-abortable-preclean-start]
2021-01-22T01:15:27.132+0800: 45.771: [GC (Allocation Failure) 2021-01-22T01:15:27.133+0800: 45.771: [ParNew: 314559K->34943K(314560K), 0.0216958 secs] 813766K->608059K(1013632K), 0.0227110 secs] [Times: user=0.16 sys=0.00, real=0.02 secs] 
2021-01-22T01:15:27.194+0800: 45.833: [GC (Allocation Failure) 2021-01-22T01:15:27.195+0800: 45.833: [ParNew: 314559K->34943K(314560K), 0.0217646 secs] 887675K->687270K(1013632K), 0.0226579 secs] [Times: user=0.16 sys=0.00, real=0.02 secs] 
2021-01-22T01:15:27.253+0800: 45.891: [GC (Allocation Failure) 2021-01-22T01:15:27.253+0800: 45.892: [ParNew: 314559K->314559K(314560K), 0.0002841 secs]2021-01-22T01:15:27.254+0800: 45.892: [CMS2021-01-22T01:15:27.254+0800: 45.893: [CMS-concurrent-abortable-preclean: 0.005/0.151 secs] [Times: user=0.44 sys=0.00, real=0.15 secs] 
 (concurrent mode failure): 652327K->363235K(699072K), 0.0505496 secs] 966886K->363235K(1013632K), [Metaspace: 2817K->2817K(1056768K)], 0.0517910 secs] [Times: user=0.06 sys=0.00, real=0.05 secs] 
2021-01-22T01:15:27.343+0800: 45.981: [GC (Allocation Failure) 2021-01-22T01:15:27.343+0800: 45.982: [ParNew: 279616K->34943K(314560K), 0.0142334 secs] 642851K->449385K(1013632K), 0.0149475 secs] [Times: user=0.11 sys=0.00, real=0.01 secs] 
2021-01-22T01:15:27.389+0800: 46.028: [GC (Allocation Failure) 2021-01-22T01:15:27.390+0800: 46.028: [ParNew: 314394K->34943K(314560K), 0.0143979 secs] 728836K->529919K(1013632K), 0.0152186 secs] [Times: user=0.11 sys=0.00, real=0.01 secs] 
2021-01-22T01:15:27.405+0800: 46.044: [GC (CMS Initial Mark) [1 CMS-initial-mark: 494975K(699072K)] 535862K(1013632K), 0.0012225 secs] [Times: user=0.00 sys=0.00, real=0.00 secs] 
2021-01-22T01:15:27.407+0800: 46.046: [CMS-concurrent-mark-start]
2021-01-22T01:15:27.409+0800: 46.048: [CMS-concurrent-mark: 0.002/0.002 secs] [Times: user=0.01 sys=0.00, real=0.01 secs] 
2021-01-22T01:15:27.410+0800: 46.048: [CMS-concurrent-preclean-start]
2021-01-22T01:15:27.411+0800: 46.049: [CMS-concurrent-preclean: 0.001/0.001 secs] [Times: user=0.00 sys=0.00, real=0.00 secs] 
2021-01-22T01:15:27.411+0800: 46.049: [CMS-concurrent-abortable-preclean-start]
2021-01-22T01:15:27.441+0800: 46.080: [GC (Allocation Failure) 2021-01-22T01:15:27.442+0800: 46.080: [ParNew: 314189K->34943K(314560K), 0.0139822 secs] 809165K->605868K(1013632K), 0.0146969 secs] [Times: user=0.11 sys=0.00, real=0.01 secs] 
2021-01-22T01:15:27.492+0800: 46.131: [GC (Allocation Failure) 2021-01-22T01:15:27.493+0800: 46.131: [ParNew: 314559K->34943K(314560K), 0.0206026 secs] 885484K->683699K(1013632K), 0.0214138 secs] [Times: user=0.16 sys=0.00, real=0.02 secs] 
2021-01-22T01:15:27.547+0800: 46.185: [GC (Allocation Failure) 2021-01-22T01:15:27.547+0800: 46.186: [ParNew: 314559K->314559K(314560K), 0.0002191 secs]2021-01-22T01:15:27.548+0800: 46.186: [CMS2021-01-22T01:15:27.548+0800: 46.186: [CMS-concurrent-abortable-preclean: 0.005/0.137 secs] [Times: user=0.37 sys=0.00, real=0.13 secs] 
 (concurrent mode failure): 648756K->360296K(699072K), 0.0465517 secs] 963315K->360296K(1013632K), [Metaspace: 2817K->2817K(1056768K)], 0.0478016 secs] [Times: user=0.04 sys=0.00, real=0.05 secs] 
2021-01-22T01:15:27.627+0800: 46.266: [GC (Allocation Failure) 2021-01-22T01:15:27.628+0800: 46.266: [ParNew: 279616K->34943K(314560K), 0.0107785 secs] 639912K->443495K(1013632K), 0.0115067 secs] [Times: user=0.06 sys=0.02, real=0.02 secs] 
2021-01-22T01:15:27.675+0800: 46.314: [GC (Allocation Failure) 2021-01-22T01:15:27.676+0800: 46.314: [ParNew: 314559K->34943K(314560K), 0.0163716 secs] 723111K->510191K(1013632K), 0.0171007 secs] [Times: user=0.11 sys=0.01, real=0.02 secs] 
2021-01-22T01:15:27.693+0800: 46.332: [GC (CMS Initial Mark) [1 CMS-initial-mark: 475248K(699072K)] 516867K(1013632K), 0.0010827 secs] [Times: user=0.00 sys=0.00, real=0.00 secs] 
2021-01-22T01:15:27.695+0800: 46.333: [CMS-concurrent-mark-start]
2021-01-22T01:15:27.696+0800: 46.335: [CMS-concurrent-mark: 0.002/0.002 secs] [Times: user=0.00 sys=0.00, real=0.00 secs] 
2021-01-22T01:15:27.697+0800: 46.335: [CMS-concurrent-preclean-start]
2021-01-22T01:15:27.698+0800: 46.336: [CMS-concurrent-preclean: 0.001/0.001 secs] [Times: user=0.00 sys=0.00, real=0.00 secs] 
2021-01-22T01:15:27.698+0800: 46.336: [CMS-concurrent-abortable-preclean-start]
2021-01-22T01:15:27.731+0800: 46.370: [GC (Allocation Failure) 2021-01-22T01:15:27.731+0800: 46.370: [ParNew: 314559K->34941K(314560K), 0.0167967 secs] 789807K->586295K(1013632K), 0.0175440 secs] [Times: user=0.12 sys=0.00, real=0.02 secs] 
2021-01-22T01:15:27.786+0800: 46.424: [GC (Allocation Failure) 2021-01-22T01:15:27.786+0800: 46.425: [ParNew: 314557K->34943K(314560K), 0.0201756 secs] 865911K->662569K(1013632K), 0.0208977 secs] [Times: user=0.14 sys=0.01, real=0.02 secs] 
2021-01-22T01:15:27.843+0800: 46.482: [GC (Allocation Failure) 2021-01-22T01:15:27.844+0800: 46.482: [ParNew: 314559K->314559K(314560K), 0.0002381 secs]2021-01-22T01:15:27.844+0800: 46.483: [CMS2021-01-22T01:15:27.844+0800: 46.483: [CMS-concurrent-abortable-preclean: 0.006/0.146 secs] [Times: user=0.37 sys=0.01, real=0.15 secs] 
 (concurrent mode failure): 627625K->373791K(699072K), 0.0486123 secs] 942185K->373791K(1013632K), [Metaspace: 2817K->2817K(1056768K)], 0.0496448 secs] [Times: user=0.05 sys=0.00, real=0.05 secs] 
2021-01-22T01:15:27.924+0800: 46.563: [GC (Allocation Failure) 2021-01-22T01:15:27.924+0800: 46.563: [ParNew: 279616K->34943K(314560K), 0.0104110 secs] 653407K->457207K(1013632K), 0.0111207 secs] [Times: user=0.08 sys=0.00, real=0.01 secs] 
2021-01-22T01:15:27.968+0800: 46.607: [GC (Allocation Failure) 2021-01-22T01:15:27.968+0800: 46.607: [ParNew: 314559K->34942K(314560K), 0.0145580 secs] 736823K->542457K(1013632K), 0.0153789 secs] [Times: user=0.11 sys=0.00, real=0.02 secs] 
2021-01-22T01:15:27.984+0800: 46.623: [GC (CMS Initial Mark) [1 CMS-initial-mark: 507514K(699072K)] 548024K(1013632K), 0.0012481 secs] [Times: user=0.00 sys=0.00, real=0.00 secs] 
2021-01-22T01:15:27.986+0800: 46.625: [CMS-concurrent-mark-start]
2021-01-22T01:15:27.988+0800: 46.627: [CMS-concurrent-mark: 0.002/0.002 secs] [Times: user=0.01 sys=0.00, real=0.01 secs] 
2021-01-22T01:15:27.989+0800: 46.627: [CMS-concurrent-preclean-start]
2021-01-22T01:15:27.989+0800: 46.628: [CMS-concurrent-preclean: 0.001/0.001 secs] [Times: user=0.00 sys=0.00, real=0.00 secs] 
2021-01-22T01:15:27.990+0800: 46.628: [CMS-concurrent-abortable-preclean-start]
2021-01-22T01:15:28.020+0800: 46.659: [GC (Allocation Failure) 2021-01-22T01:15:28.021+0800: 46.659: [ParNew: 314558K->34942K(314560K), 0.0136470 secs] 822073K->618643K(1013632K), 0.0144307 secs] [Times: user=0.10 sys=0.00, real=0.01 secs] 
2021-01-22T01:15:28.070+0800: 46.708: [GC (Allocation Failure) 2021-01-22T01:15:28.070+0800: 46.709: [ParNew: 314558K->34943K(314560K), 0.0162509 secs] 898259K->700398K(1013632K), 0.0169502 secs] [Times: user=0.12 sys=0.00, real=0.01 secs] 
2021-01-22T01:15:28.088+0800: 46.726: [CMS-concurrent-abortable-preclean: 0.003/0.098 secs] [Times: user=0.29 sys=0.00, real=0.09 secs] 
2021-01-22T01:15:28.088+0800: 46.727: [GC (CMS Final Remark) [YG occupancy: 41068 K (314560 K)]2021-01-22T01:15:28.088+0800: 46.727: [Rescan (parallel) , 0.0017814 secs]2021-01-22T01:15:28.090+0800: 46.729: [weak refs processing, 0.0003092 secs]2021-01-22T01:15:28.091+0800: 46.730: [class unloading, 0.0004782 secs]2021-01-22T01:15:28.092+0800: 46.730: [scrub symbol table, 0.0005638 secs]2021-01-22T01:15:28.093+0800: 46.731: [scrub string table, 0.0003943 secs][1 CMS-remark: 665455K(699072K)] 706523K(1013632K), 0.0051977 secs] [Times: user=0.01 sys=0.00, real=0.01 secs] 
2021-01-22T01:15:28.094+0800: 46.732: [CMS-concurrent-sweep-start]
2021-01-22T01:15:28.095+0800: 46.733: [CMS-concurrent-sweep: 0.001/0.001 secs] [Times: user=0.00 sys=0.00, real=0.00 secs] 
2021-01-22T01:15:28.095+0800: 46.733: [CMS-concurrent-reset-start]
2021-01-22T01:15:28.096+0800: 46.734: [CMS-concurrent-reset: 0.001/0.001 secs] [Times: user=0.00 sys=0.00, real=0.00 secs] 
2021-01-22T01:15:28.129+0800: 46.767: [GC (Allocation Failure) 2021-01-22T01:15:28.129+0800: 46.768: [ParNew: 314559K->34943K(314560K), 0.0147996 secs] 812209K->612509K(1013632K), 0.0156086 secs] [Times: user=0.11 sys=0.00, real=0.01 secs] 
2021-01-22T01:15:28.145+0800: 46.784: [GC (CMS Initial Mark) [1 CMS-initial-mark: 577565K(699072K)] 618456K(1013632K), 0.0013313 secs] [Times: user=0.00 sys=0.00, real=0.00 secs] 
2021-01-22T01:15:28.147+0800: 46.786: [CMS-concurrent-mark-start]
2021-01-22T01:15:28.149+0800: 46.788: [CMS-concurrent-mark: 0.002/0.002 secs] [Times: user=0.00 sys=0.00, real=0.01 secs] 
2021-01-22T01:15:28.150+0800: 46.788: [CMS-concurrent-preclean-start]
2021-01-22T01:15:28.151+0800: 46.789: [CMS-concurrent-preclean: 0.001/0.001 secs] [Times: user=0.00 sys=0.00, real=0.00 secs] 
2021-01-22T01:15:28.151+0800: 46.790: [CMS-concurrent-abortable-preclean-start]
2021-01-22T01:15:28.182+0800: 46.820: [GC (Allocation Failure) 2021-01-22T01:15:28.182+0800: 46.821: [ParNew: 314559K->34943K(314560K), 0.0144493 secs] 892125K->692643K(1013632K), 0.0153909 secs] [Times: user=0.11 sys=0.00, real=0.01 secs] 
2021-01-22T01:15:28.199+0800: 46.838: [CMS-concurrent-abortable-preclean: 0.002/0.048 secs] [Times: user=0.14 sys=0.00, real=0.05 secs] 
2021-01-22T01:15:28.200+0800: 46.839: [GC (CMS Final Remark) [YG occupancy: 58209 K (314560 K)]2021-01-22T01:15:28.201+0800: 46.839: [Rescan (parallel) , 0.0017608 secs]2021-01-22T01:15:28.203+0800: 46.841: [weak refs processing, 0.0003704 secs]2021-01-22T01:15:28.203+0800: 46.842: [class unloading, 0.0004008 secs]2021-01-22T01:15:28.204+0800: 46.843: [scrub symbol table, 0.0005509 secs]2021-01-22T01:15:28.205+0800: 46.844: [scrub string table, 0.0003877 secs][1 CMS-remark: 657699K(699072K)] 715909K(1013632K), 0.0054243 secs] [Times: user=0.00 sys=0.00, real=0.00 secs] 
2021-01-22T01:15:28.206+0800: 46.845: [CMS-concurrent-sweep-start]
2021-01-22T01:15:28.207+0800: 46.846: [CMS-concurrent-sweep: 0.001/0.001 secs] [Times: user=0.00 sys=0.00, real=0.00 secs] 
2021-01-22T01:15:28.207+0800: 46.846: [CMS-concurrent-reset-start]
2021-01-22T01:15:28.208+0800: 46.847: [CMS-concurrent-reset: 0.001/0.001 secs] [Times: user=0.01 sys=0.00, real=0.01 secs] 
2021-01-22T01:15:28.236+0800: 46.875: [GC (Allocation Failure) 2021-01-22T01:15:28.236+0800: 46.875: [ParNew: 314559K->34943K(314560K), 0.0146267 secs] 738321K->530729K(1013632K), 0.0152167 secs] [Times: user=0.11 sys=0.00, real=0.02 secs] 
2021-01-22T01:15:28.252+0800: 46.891: [GC (CMS Initial Mark) [1 CMS-initial-mark: 495786K(699072K)] 536771K(1013632K), 0.0007972 secs] [Times: user=0.00 sys=0.00, real=0.00 secs] 
2021-01-22T01:15:28.254+0800: 46.892: [CMS-concurrent-mark-start]
2021-01-22T01:15:28.256+0800: 46.895: [CMS-concurrent-mark: 0.003/0.003 secs] [Times: user=0.01 sys=0.00, real=0.00 secs] 
2021-01-22T01:15:28.257+0800: 46.895: [CMS-concurrent-preclean-start]
2021-01-22T01:15:28.257+0800: 46.896: [CMS-concurrent-preclean: 0.001/0.001 secs] [Times: user=0.00 sys=0.00, real=0.00 secs] 
2021-01-22T01:15:28.258+0800: 46.896: [CMS-concurrent-abortable-preclean-start]
2021-01-22T01:15:28.287+0800: 46.926: [GC (Allocation Failure) 2021-01-22T01:15:28.288+0800: 46.926: [ParNew: 314559K->34942K(314560K), 0.0153596 secs] 810345K->612990K(1013632K), 0.0160271 secs] [Times: user=0.11 sys=0.00, real=0.02 secs] 
2021-01-22T01:15:28.340+0800: 46.979: [GC (Allocation Failure) 2021-01-22T01:15:28.341+0800: 46.980: [ParNew: 314558K->34943K(314560K), 0.0171094 secs] 892606K->691730K(1013632K), 0.0179992 secs] [Times: user=0.12 sys=0.00, real=0.02 secs] 
2021-01-22T01:15:28.361+0800: 46.999: [CMS-concurrent-abortable-preclean: 0.005/0.103 secs] [Times: user=0.32 sys=0.00, real=0.11 secs] 
2021-01-22T01:15:28.361+0800: 47.000: [GC (CMS Final Remark) [YG occupancy: 52306 K (314560 K)]2021-01-22T01:15:28.362+0800: 47.000: [Rescan (parallel) , 0.0017202 secs]2021-01-22T01:15:28.364+0800: 47.002: [weak refs processing, 0.0003287 secs]2021-01-22T01:15:28.364+0800: 47.003: [class unloading, 0.0004126 secs]2021-01-22T01:15:28.365+0800: 47.004: [scrub symbol table, 0.0004780 secs]2021-01-22T01:15:28.366+0800: 47.004: [scrub string table, 0.0003260 secs][1 CMS-remark: 656786K(699072K)] 709093K(1013632K), 0.0048454 secs] [Times: user=0.00 sys=0.00, real=0.00 secs] 
2021-01-22T01:15:28.367+0800: 47.005: [CMS-concurrent-sweep-start]
2021-01-22T01:15:28.368+0800: 47.006: [CMS-concurrent-sweep: 0.001/0.001 secs] [Times: user=0.00 sys=0.00, real=0.00 secs] 
2021-01-22T01:15:28.368+0800: 47.006: [CMS-concurrent-reset-start]
2021-01-22T01:15:28.368+0800: 47.007: [CMS-concurrent-reset: 0.001/0.001 secs] [Times: user=0.01 sys=0.00, real=0.01 secs] 
2021-01-22T01:15:28.398+0800: 47.036: [GC (Allocation Failure) 2021-01-22T01:15:28.398+0800: 47.037: [ParNew: 314559K->34942K(314560K), 0.0206420 secs] 815713K->628870K(1013632K), 0.0212893 secs] [Times: user=0.14 sys=0.01, real=0.03 secs] 
2021-01-22T01:15:28.420+0800: 47.058: [GC (CMS Initial Mark) [1 CMS-initial-mark: 593928K(699072K)] 635100K(1013632K), 0.0010578 secs] [Times: user=0.00 sys=0.00, real=0.00 secs] 
2021-01-22T01:15:28.421+0800: 47.060: [CMS-concurrent-mark-start]
2021-01-22T01:15:28.424+0800: 47.062: [CMS-concurrent-mark: 0.002/0.002 secs] [Times: user=0.01 sys=0.00, real=0.00 secs] 
2021-01-22T01:15:28.424+0800: 47.062: [CMS-concurrent-preclean-start]
2021-01-22T01:15:28.425+0800: 47.063: [CMS-concurrent-preclean: 0.001/0.001 secs] [Times: user=0.00 sys=0.00, real=0.00 secs] 
2021-01-22T01:15:28.425+0800: 47.064: [CMS-concurrent-abortable-preclean-start]
2021-01-22T01:15:28.455+0800: 47.093: [GC (Allocation Failure) 2021-01-22T01:15:28.455+0800: 47.094: [ParNew: 314558K->34943K(314560K), 0.0145045 secs] 908486K->712231K(1013632K), 0.0152491 secs] [Times: user=0.11 sys=0.00, real=0.02 secs] 
2021-01-22T01:15:28.470+0800: 47.109: [CMS-concurrent-abortable-preclean: 0.001/0.045 secs] [Times: user=0.14 sys=0.00, real=0.05 secs] 
2021-01-22T01:15:28.471+0800: 47.109: [GC (CMS Final Remark) [YG occupancy: 40938 K (314560 K)]2021-01-22T01:15:28.471+0800: 47.109: [Rescan (parallel) , 0.0009028 secs]2021-01-22T01:15:28.472+0800: 47.110: [weak refs processing, 0.0001734 secs]2021-01-22T01:15:28.472+0800: 47.111: [class unloading, 0.0003798 secs]2021-01-22T01:15:28.473+0800: 47.111: [scrub symbol table, 0.0004259 secs]2021-01-22T01:15:28.473+0800: 47.112: [scrub string table, 0.0003232 secs][1 CMS-remark: 677287K(699072K)] 718226K(1013632K), 0.0032563 secs] [Times: user=0.01 sys=0.00, real=0.00 secs] 
2021-01-22T01:15:28.474+0800: 47.113: [CMS-concurrent-sweep-start]
2021-01-22T01:15:28.476+0800: 47.114: [CMS-concurrent-sweep: 0.001/0.001 secs] [Times: user=0.00 sys=0.00, real=0.00 secs] 
2021-01-22T01:15:28.476+0800: 47.114: [CMS-concurrent-reset-start]
2021-01-22T01:15:28.476+0800: 47.115: [CMS-concurrent-reset: 0.000/0.000 secs] [Times: user=0.00 sys=0.00, real=0.00 secs] 
2021-01-22T01:15:28.506+0800: 47.145: [GC (Allocation Failure) 2021-01-22T01:15:28.506+0800: 47.145: [ParNew: 314559K->34943K(314560K), 0.0183124 secs] 738636K->535685K(1013632K), 0.0190423 secs] [Times: user=0.12 sys=0.02, real=0.02 secs] 
2021-01-22T01:15:28.526+0800: 47.164: [GC (CMS Initial Mark) [1 CMS-initial-mark: 500742K(699072K)] 541685K(1013632K), 0.0007714 secs] [Times: user=0.00 sys=0.00, real=0.00 secs] 
2021-01-22T01:15:28.527+0800: 47.165: [CMS-concurrent-mark-start]
2021-01-22T01:15:28.529+0800: 47.168: [CMS-concurrent-mark: 0.002/0.002 secs] [Times: user=0.00 sys=0.00, real=0.01 secs] 
2021-01-22T01:15:28.529+0800: 47.168: [CMS-concurrent-preclean-start]
2021-01-22T01:15:28.530+0800: 47.169: [CMS-concurrent-preclean: 0.001/0.001 secs] [Times: user=0.00 sys=0.00, real=0.00 secs] 
2021-01-22T01:15:28.530+0800: 47.169: [CMS-concurrent-abortable-preclean-start]
2021-01-22T01:15:28.560+0800: 47.199: [GC (Allocation Failure) 2021-01-22T01:15:28.560+0800: 47.199: [ParNew: 314559K->34943K(314560K), 0.0147079 secs] 815301K->618285K(1013632K), 0.0152188 secs] [Times: user=0.11 sys=0.00, real=0.01 secs] 
2021-01-22T01:15:28.609+0800: 47.247: [GC (Allocation Failure) 2021-01-22T01:15:28.609+0800: 47.247: [ParNew: 314559K->34942K(314560K), 0.0157868 secs] 897901K->698504K(1013632K), 0.0163397 secs] [Times: user=0.12 sys=0.00, real=0.01 secs] 
2021-01-22T01:15:28.625+0800: 47.264: [CMS-concurrent-abortable-preclean: 0.003/0.095 secs] [Times: user=0.29 sys=0.00, real=0.09 secs] 
2021-01-22T01:15:28.626+0800: 47.264: [GC (CMS Final Remark) [YG occupancy: 41063 K (314560 K)]2021-01-22T01:15:28.626+0800: 47.265: [Rescan (parallel) , 0.0013972 secs]2021-01-22T01:15:28.628+0800: 47.267: [weak refs processing, 0.0002682 secs]2021-01-22T01:15:28.628+0800: 47.267: [class unloading, 0.0004886 secs]2021-01-22T01:15:28.629+0800: 47.268: [scrub symbol table, 0.0005612 secs]2021-01-22T01:15:28.630+0800: 47.269: [scrub string table, 0.0004071 secs][1 CMS-remark: 663561K(699072K)] 704624K(1013632K), 0.0048593 secs] [Times: user=0.01 sys=0.00, real=0.01 secs] 
2021-01-22T01:15:28.631+0800: 47.270: [CMS-concurrent-sweep-start]
2021-01-22T01:15:28.633+0800: 47.271: [CMS-concurrent-sweep: 0.001/0.001 secs] [Times: user=0.00 sys=0.00, real=0.00 secs] 
2021-01-22T01:15:28.633+0800: 47.271: [CMS-concurrent-reset-start]
2021-01-22T01:15:28.633+0800: 47.272: [CMS-concurrent-reset: 0.001/0.001 secs] [Times: user=0.00 sys=0.00, real=0.00 secs] 
2021-01-22T01:15:28.665+0800: 47.303: [GC (Allocation Failure) 2021-01-22T01:15:28.665+0800: 47.304: [ParNew: 314558K->34942K(314560K), 0.0197143 secs] 820812K->621477K(1013632K), 0.0204472 secs] [Times: user=0.15 sys=0.00, real=0.02 secs] 
2021-01-22T01:15:28.686+0800: 47.325: [GC (CMS Initial Mark) [1 CMS-initial-mark: 586534K(699072K)] 627312K(1013632K), 0.0012729 secs] [Times: user=0.00 sys=0.00, real=0.00 secs] 
2021-01-22T01:15:28.688+0800: 47.327: [CMS-concurrent-mark-start]
2021-01-22T01:15:28.691+0800: 47.330: [CMS-concurrent-mark: 0.003/0.003 secs] [Times: user=0.01 sys=0.00, real=0.00 secs] 
2021-01-22T01:15:28.691+0800: 47.330: [CMS-concurrent-preclean-start]
2021-01-22T01:15:28.692+0800: 47.331: [CMS-concurrent-preclean: 0.001/0.001 secs] [Times: user=0.00 sys=0.00, real=0.00 secs] 
2021-01-22T01:15:28.692+0800: 47.331: [CMS-concurrent-abortable-preclean-start]
2021-01-22T01:15:28.722+0800: 47.361: [GC (Allocation Failure) 2021-01-22T01:15:28.723+0800: 47.361: [ParNew: 314558K->34943K(314560K), 0.0154453 secs] 901093K->702614K(1013632K), 0.0161649 secs] [Times: user=0.12 sys=0.00, real=0.02 secs] 
2021-01-22T01:15:28.739+0800: 47.378: [CMS-concurrent-abortable-preclean: 0.001/0.047 secs] [Times: user=0.15 sys=0.00, real=0.05 secs] 
2021-01-22T01:15:28.739+0800: 47.378: [GC (CMS Final Remark) [YG occupancy: 40823 K (314560 K)]2021-01-22T01:15:28.740+0800: 47.378: [Rescan (parallel) , 0.0010164 secs]2021-01-22T01:15:28.741+0800: 47.379: [weak refs processing, 0.0001821 secs]2021-01-22T01:15:28.741+0800: 47.380: [class unloading, 0.0003260 secs]2021-01-22T01:15:28.742+0800: 47.380: [scrub symbol table, 0.0004315 secs]2021-01-22T01:15:28.742+0800: 47.381: [scrub string table, 0.0002804 secs][1 CMS-remark: 667670K(699072K)] 708494K(1013632K), 0.0033667 secs] [Times: user=0.00 sys=0.00, real=0.00 secs] 
2021-01-22T01:15:28.743+0800: 47.382: [CMS-concurrent-sweep-start]
2021-01-22T01:15:28.744+0800: 47.383: [CMS-concurrent-sweep: 0.001/0.001 secs] [Times: user=0.00 sys=0.00, real=0.00 secs] 
2021-01-22T01:15:28.744+0800: 47.383: [CMS-concurrent-reset-start]
2021-01-22T01:15:28.745+0800: 47.383: [CMS-concurrent-reset: 0.000/0.000 secs] [Times: user=0.00 sys=0.00, real=0.00 secs] 
2021-01-22T01:15:28.776+0800: 47.414: [GC (Allocation Failure) 2021-01-22T01:15:28.776+0800: 47.415: [ParNew: 314559K->34943K(314560K), 0.0172234 secs] 733475K->531520K(1013632K), 0.0179235 secs] [Times: user=0.13 sys=0.00, real=0.02 secs] 
2021-01-22T01:15:28.795+0800: 47.433: [GC (CMS Initial Mark) [1 CMS-initial-mark: 496576K(699072K)] 538043K(1013632K), 0.0013330 secs] [Times: user=0.00 sys=0.00, real=0.00 secs] 
2021-01-22T01:15:28.797+0800: 47.435: [CMS-concurrent-mark-start]
2021-01-22T01:15:28.799+0800: 47.437: [CMS-concurrent-mark: 0.002/0.002 secs] [Times: user=0.01 sys=0.00, real=0.01 secs] 
2021-01-22T01:15:28.799+0800: 47.438: [CMS-concurrent-preclean-start]
2021-01-22T01:15:28.800+0800: 47.439: [CMS-concurrent-preclean: 0.001/0.001 secs] [Times: user=0.00 sys=0.00, real=0.00 secs] 
2021-01-22T01:15:28.800+0800: 47.439: [CMS-concurrent-abortable-preclean-start]
2021-01-22T01:15:28.829+0800: 47.467: [GC (Allocation Failure) 2021-01-22T01:15:28.829+0800: 47.467: [ParNew: 314559K->34943K(314560K), 0.0148629 secs] 811136K->611273K(1013632K), 0.0156945 secs] [Times: user=0.10 sys=0.01, real=0.01 secs] 
2021-01-22T01:15:28.876+0800: 47.515: [GC (Allocation Failure) 2021-01-22T01:15:28.877+0800: 47.515: [ParNew: 314559K->34943K(314560K), 0.0147217 secs] 890889K->691111K(1013632K), 0.0155237 secs] [Times: user=0.11 sys=0.00, real=0.02 secs] 
2021-01-22T01:15:28.894+0800: 47.532: [CMS-concurrent-abortable-preclean: 0.004/0.093 secs] [Times: user=0.28 sys=0.01, real=0.09 secs] 
2021-01-22T01:15:28.894+0800: 47.533: [GC (CMS Final Remark) [YG occupancy: 48301 K (314560 K)]2021-01-22T01:15:28.895+0800: 47.533: [Rescan (parallel) , 0.0010148 secs]2021-01-22T01:15:28.896+0800: 47.535: [weak refs processing, 0.0003398 secs]2021-01-22T01:15:28.897+0800: 47.535: [class unloading, 0.0004207 secs]2021-01-22T01:15:28.897+0800: 47.536: [scrub symbol table, 0.0005401 secs]2021-01-22T01:15:28.898+0800: 47.537: [scrub string table, 0.0004739 secs][1 CMS-remark: 656167K(699072K)] 704468K(1013632K), 0.0048121 secs] [Times: user=0.00 sys=0.00, real=0.01 secs] 
2021-01-22T01:15:28.900+0800: 47.538: [CMS-concurrent-sweep-start]
2021-01-22T01:15:28.901+0800: 47.539: [CMS-concurrent-sweep: 0.001/0.001 secs] [Times: user=0.01 sys=0.00, real=0.00 secs] 
2021-01-22T01:15:28.901+0800: 47.540: [CMS-concurrent-reset-start]
2021-01-22T01:15:28.902+0800: 47.540: [CMS-concurrent-reset: 0.000/0.000 secs] [Times: user=0.00 sys=0.00, real=0.00 secs] 
2021-01-22T01:15:28.932+0800: 47.571: [GC (Allocation Failure) 2021-01-22T01:15:28.933+0800: 47.571: [ParNew: 314452K->34943K(314560K), 0.0157139 secs] 818018K->617291K(1013632K), 0.0165034 secs] [Times: user=0.11 sys=0.00, real=0.02 secs] 
2021-01-22T01:15:28.950+0800: 47.588: [GC (CMS Initial Mark) [1 CMS-initial-mark: 582348K(699072K)] 623242K(1013632K), 0.0013103 secs] [Times: user=0.00 sys=0.00, real=0.00 secs] 
2021-01-22T01:15:28.952+0800: 47.590: [CMS-concurrent-mark-start]
2021-01-22T01:15:28.954+0800: 47.593: [CMS-concurrent-mark: 0.002/0.002 secs] [Times: user=0.00 sys=0.00, real=0.00 secs] 
2021-01-22T01:15:28.954+0800: 47.593: [CMS-concurrent-preclean-start]
2021-01-22T01:15:28.955+0800: 47.594: [CMS-concurrent-preclean: 0.001/0.001 secs] [Times: user=0.01 sys=0.00, real=0.00 secs] 
2021-01-22T01:15:28.956+0800: 47.595: [CMS-concurrent-abortable-preclean-start]
2021-01-22T01:15:28.984+0800: 47.623: [GC (Allocation Failure) 2021-01-22T01:15:28.985+0800: 47.623: [ParNew: 314345K->34943K(314560K), 0.0156455 secs] 896694K->703105K(1013632K), 0.0164980 secs] [Times: user=0.11 sys=0.00, real=0.02 secs] 
2021-01-22T01:15:29.002+0800: 47.640: [CMS-concurrent-abortable-preclean: 0.001/0.046 secs] [Times: user=0.14 sys=0.00, real=0.05 secs] 
2021-01-22T01:15:29.002+0800: 47.641: [GC (CMS Final Remark) [YG occupancy: 41089 K (314560 K)]2021-01-22T01:15:29.003+0800: 47.641: [Rescan (parallel) , 0.0010448 secs]2021-01-22T01:15:29.004+0800: 47.642: [weak refs processing, 0.0003264 secs]2021-01-22T01:15:29.004+0800: 47.643: [class unloading, 0.0004502 secs]2021-01-22T01:15:29.005+0800: 47.644: [scrub symbol table, 0.0005649 secs]2021-01-22T01:15:29.006+0800: 47.644: [scrub string table, 0.0004211 secs][1 CMS-remark: 668162K(699072K)] 709251K(1013632K), 0.0043944 secs] [Times: user=0.01 sys=0.00, real=0.00 secs] 
2021-01-22T01:15:29.007+0800: 47.646: [CMS-concurrent-sweep-start]
2021-01-22T01:15:29.009+0800: 47.647: [CMS-concurrent-sweep: 0.001/0.001 secs] [Times: user=0.00 sys=0.00, real=0.01 secs] 
2021-01-22T01:15:29.009+0800: 47.647: [CMS-concurrent-reset-start]
2021-01-22T01:15:29.010+0800: 47.648: [CMS-concurrent-reset: 0.001/0.001 secs] [Times: user=0.00 sys=0.00, real=0.00 secs] 
2021-01-22T01:15:29.038+0800: 47.676: [GC (Allocation Failure) 2021-01-22T01:15:29.038+0800: 47.677: [ParNew: 314559K->34942K(314560K), 0.0140785 secs] 739628K->536168K(1013632K), 0.0149019 secs] [Times: user=0.11 sys=0.00, real=0.02 secs] 
2021-01-22T01:15:29.053+0800: 47.692: [GC (CMS Initial Mark) [1 CMS-initial-mark: 501225K(699072K)] 541830K(1013632K), 0.0012716 secs] [Times: user=0.00 sys=0.00, real=0.00 secs] 
2021-01-22T01:15:29.055+0800: 47.694: [CMS-concurrent-mark-start]
2021-01-22T01:15:29.058+0800: 47.696: [CMS-concurrent-mark: 0.002/0.002 secs] [Times: user=0.00 sys=0.00, real=0.00 secs] 
2021-01-22T01:15:29.058+0800: 47.697: [CMS-concurrent-preclean-start]
2021-01-22T01:15:29.059+0800: 47.697: [CMS-concurrent-preclean: 0.001/0.001 secs] [Times: user=0.00 sys=0.00, real=0.01 secs] 
2021-01-22T01:15:29.059+0800: 47.698: [CMS-concurrent-abortable-preclean-start]
2021-01-22T01:15:29.092+0800: 47.730: [GC (Allocation Failure) 2021-01-22T01:15:29.092+0800: 47.731: [ParNew: 314558K->34943K(314560K), 0.0213014 secs] 815784K->606908K(1013632K), 0.0221039 secs] [Times: user=0.17 sys=0.00, real=0.02 secs] 
2021-01-22T01:15:29.153+0800: 47.792: [GC (Allocation Failure) 2021-01-22T01:15:29.154+0800: 47.792: [ParNew: 314559K->34943K(314560K), 0.0183987 secs] 886524K->683606K(1013632K), 0.0196672 secs] [Times: user=0.12 sys=0.00, real=0.02 secs] 
2021-01-22T01:15:29.175+0800: 47.813: [CMS-concurrent-abortable-preclean: 0.004/0.115 secs] [Times: user=0.36 sys=0.00, real=0.11 secs] 
2021-01-22T01:15:29.189+0800: 47.827: [GC (CMS Final Remark) [YG occupancy: 133448 K (314560 K)]2021-01-22T01:15:29.189+0800: 47.827: [Rescan (parallel) , 0.0013309 secs]2021-01-22T01:15:29.191+0800: 47.829: [weak refs processing, 0.0002927 secs]2021-01-22T01:15:29.191+0800: 47.830: [class unloading, 0.0005152 secs]2021-01-22T01:15:29.192+0800: 47.830: [scrub symbol table, 0.0005907 secs]2021-01-22T01:15:29.193+0800: 47.831: [scrub string table, 0.0004070 secs][1 CMS-remark: 648662K(699072K)] 782110K(1013632K), 0.0047869 secs] [Times: user=0.00 sys=0.00, real=0.00 secs] 
2021-01-22T01:15:29.194+0800: 47.833: [CMS-concurrent-sweep-start]
2021-01-22T01:15:29.195+0800: 47.834: [CMS-concurrent-sweep: 0.001/0.001 secs] [Times: user=0.01 sys=0.00, real=0.00 secs] 
2021-01-22T01:15:29.196+0800: 47.834: [CMS-concurrent-reset-start]
2021-01-22T01:15:29.196+0800: 47.835: [CMS-concurrent-reset: 0.001/0.001 secs] [Times: user=0.00 sys=0.00, real=0.00 secs] 
2021-01-22T01:15:29.217+0800: 47.856: [GC (Allocation Failure) 2021-01-22T01:15:29.218+0800: 47.856: [ParNew: 314559K->34943K(314560K), 0.0147681 secs] 805628K->593206K(1013632K), 0.0155717 secs] [Times: user=0.11 sys=0.00, real=0.02 secs] 
2021-01-22T01:15:29.234+0800: 47.872: [GC (CMS Initial Mark) [1 CMS-initial-mark: 558262K(699072K)] 598994K(1013632K), 0.0012497 secs] [Times: user=0.00 sys=0.00, real=0.00 secs] 
2021-01-22T01:15:29.236+0800: 47.874: [CMS-concurrent-mark-start]
2021-01-22T01:15:29.238+0800: 47.876: [CMS-concurrent-mark: 0.002/0.002 secs] [Times: user=0.01 sys=0.00, real=0.00 secs] 
2021-01-22T01:15:29.238+0800: 47.877: [CMS-concurrent-preclean-start]
2021-01-22T01:15:29.239+0800: 47.878: [CMS-concurrent-preclean: 0.001/0.001 secs] [Times: user=0.00 sys=0.00, real=0.00 secs] 
2021-01-22T01:15:29.240+0800: 47.878: [CMS-concurrent-abortable-preclean-start]
2021-01-22T01:15:29.271+0800: 47.910: [GC (Allocation Failure) 2021-01-22T01:15:29.271+0800: 47.910: [ParNew: 314552K->34943K(314560K), 0.0143978 secs] 872815K->668323K(1013632K), 0.0151793 secs] [Times: user=0.11 sys=0.00, real=0.01 secs] 
2021-01-22T01:15:29.321+0800: 47.959: [GC (Allocation Failure) 2021-01-22T01:15:29.321+0800: 47.960: [ParNew: 314559K->314559K(314560K), 0.0003284 secs]2021-01-22T01:15:29.322+0800: 47.960: [CMS2021-01-22T01:15:29.322+0800: 47.961: [CMS-concurrent-abortable-preclean: 0.003/0.082 secs] [Times: user=0.18 sys=0.00, real=0.08 secs] 
 (concurrent mode failure): 633380K->366277K(699072K), 0.0468292 secs] 947939K->366277K(1013632K), [Metaspace: 2817K->2817K(1056768K)], 0.0483408 secs] [Times: user=0.04 sys=0.00, real=0.05 secs] 
2021-01-22T01:15:29.403+0800: 48.042: [GC (Allocation Failure) 2021-01-22T01:15:29.404+0800: 48.042: [ParNew: 279616K->34943K(314560K), 0.0116437 secs] 645893K->454257K(1013632K), 0.0126581 secs] [Times: user=0.08 sys=0.00, real=0.01 secs] 
2021-01-22T01:15:29.450+0800: 48.088: [GC (Allocation Failure) 2021-01-22T01:15:29.450+0800: 48.089: [ParNew: 314559K->34943K(314560K), 0.0164081 secs] 733873K->532636K(1013632K), 0.0173325 secs] [Times: user=0.13 sys=0.00, real=0.01 secs] 
2021-01-22T01:15:29.468+0800: 48.107: [GC (CMS Initial Mark) [1 CMS-initial-mark: 497693K(699072K)] 538721K(1013632K), 0.0014934 secs] [Times: user=0.00 sys=0.00, real=0.00 secs] 
2021-01-22T01:15:29.471+0800: 48.109: [CMS-concurrent-mark-start]
2021-01-22T01:15:29.473+0800: 48.112: [CMS-concurrent-mark: 0.003/0.003 secs] [Times: user=0.00 sys=0.00, real=0.00 secs] 
2021-01-22T01:15:29.474+0800: 48.112: [CMS-concurrent-preclean-start]
2021-01-22T01:15:29.474+0800: 48.113: [CMS-concurrent-preclean: 0.001/0.001 secs] [Times: user=0.00 sys=0.00, real=0.00 secs] 
2021-01-22T01:15:29.475+0800: 48.113: [CMS-concurrent-abortable-preclean-start]
2021-01-22T01:15:29.503+0800: 48.141: [GC (Allocation Failure) 2021-01-22T01:15:29.503+0800: 48.142: [ParNew: 314559K->34942K(314560K), 0.0164281 secs] 812252K->612058K(1013632K), 0.0172145 secs] [Times: user=0.12 sys=0.01, real=0.02 secs] 
2021-01-22T01:15:29.554+0800: 48.193: [GC (Allocation Failure) 2021-01-22T01:15:29.555+0800: 48.193: [ParNew: 314558K->34942K(314560K), 0.0140181 secs] 891674K->689730K(1013632K), 0.0145730 secs] [Times: user=0.11 sys=0.00, real=0.02 secs] 
2021-01-22T01:15:29.570+0800: 48.209: [CMS-concurrent-abortable-preclean: 0.004/0.096 secs] [Times: user=0.29 sys=0.01, real=0.10 secs] 
2021-01-22T01:15:29.571+0800: 48.209: [GC (CMS Final Remark) [YG occupancy: 46902 K (314560 K)]2021-01-22T01:15:29.571+0800: 48.210: [Rescan (parallel) , 0.0008903 secs]2021-01-22T01:15:29.572+0800: 48.211: [weak refs processing, 0.0002391 secs]2021-01-22T01:15:29.573+0800: 48.211: [class unloading, 0.0003807 secs]2021-01-22T01:15:29.573+0800: 48.212: [scrub symbol table, 0.0004581 secs]2021-01-22T01:15:29.574+0800: 48.212: [scrub string table, 0.0002943 secs][1 CMS-remark: 654787K(699072K)] 701690K(1013632K), 0.0033853 secs] [Times: user=0.01 sys=0.00, real=0.00 secs] 
2021-01-22T01:15:29.575+0800: 48.213: [CMS-concurrent-sweep-start]
2021-01-22T01:15:29.575+0800: 48.214: [CMS-concurrent-sweep: 0.001/0.001 secs] [Times: user=0.00 sys=0.00, real=0.00 secs] 
2021-01-22T01:15:29.576+0800: 48.214: [CMS-concurrent-reset-start]
2021-01-22T01:15:29.576+0800: 48.215: [CMS-concurrent-reset: 0.001/0.001 secs] [Times: user=0.00 sys=0.00, real=0.00 secs] 
2021-01-22T01:15:29.607+0800: 48.245: [GC (Allocation Failure) 2021-01-22T01:15:29.607+0800: 48.246: [ParNew: 314558K->34943K(314560K), 0.0146242 secs] 803727K->604732K(1013632K), 0.0156226 secs] [Times: user=0.11 sys=0.00, real=0.02 secs] 
2021-01-22T01:15:29.623+0800: 48.262: [GC (CMS Initial Mark) [1 CMS-initial-mark: 569788K(699072K)] 610813K(1013632K), 0.0012940 secs] [Times: user=0.00 sys=0.00, real=0.00 secs] 
2021-01-22T01:15:29.625+0800: 48.264: [CMS-concurrent-mark-start]
2021-01-22T01:15:29.627+0800: 48.266: [CMS-concurrent-mark: 0.002/0.002 secs] [Times: user=0.01 sys=0.00, real=0.00 secs] 
2021-01-22T01:15:29.628+0800: 48.266: [CMS-concurrent-preclean-start]
2021-01-22T01:15:29.629+0800: 48.267: [CMS-concurrent-preclean: 0.001/0.001 secs] [Times: user=0.00 sys=0.00, real=0.01 secs] 
2021-01-22T01:15:29.629+0800: 48.268: [CMS-concurrent-abortable-preclean-start]
2021-01-22T01:15:29.658+0800: 48.296: [GC (Allocation Failure) 2021-01-22T01:15:29.658+0800: 48.297: [ParNew: 314559K->34942K(314560K), 0.0150082 secs] 884348K->683764K(1013632K), 0.0158235 secs] [Times: user=0.11 sys=0.00, real=0.02 secs] 
2021-01-22T01:15:29.708+0800: 48.347: [GC (Allocation Failure) 2021-01-22T01:15:29.708+0800: 48.347: [ParNew: 314558K->314558K(314560K), 0.0003454 secs]2021-01-22T01:15:29.709+0800: 48.348: [CMS2021-01-22T01:15:29.709+0800: 48.348: [CMS-concurrent-abortable-preclean: 0.003/0.080 secs] [Times: user=0.18 sys=0.00, real=0.08 secs] 
 (concurrent mode failure): 648822K->380171K(699072K), 0.0496988 secs] 963380K->380171K(1013632K), [Metaspace: 2817K->2817K(1056768K)], 0.0512157 secs] [Times: user=0.05 sys=0.00, real=0.06 secs] 
2021-01-22T01:15:29.793+0800: 48.431: [GC (Allocation Failure) 2021-01-22T01:15:29.793+0800: 48.432: [ParNew: 279616K->34942K(314560K), 0.0109847 secs] 659787K->464443K(1013632K), 0.0119219 secs] [Times: user=0.08 sys=0.00, real=0.01 secs] 
2021-01-22T01:15:29.842+0800: 48.480: [GC (Allocation Failure) 2021-01-22T01:15:29.842+0800: 48.481: [ParNew: 314558K->34943K(314560K), 0.0146080 secs] 744059K->540677K(1013632K), 0.0154729 secs] [Times: user=0.11 sys=0.00, real=0.01 secs] 
2021-01-22T01:15:29.858+0800: 48.497: [GC (CMS Initial Mark) [1 CMS-initial-mark: 505734K(699072K)] 546293K(1013632K), 0.0012273 secs] [Times: user=0.00 sys=0.01, real=0.00 secs] 
2021-01-22T01:15:29.860+0800: 48.499: [CMS-concurrent-mark-start]
2021-01-22T01:15:29.862+0800: 48.501: [CMS-concurrent-mark: 0.002/0.002 secs] [Times: user=0.00 sys=0.00, real=0.00 secs] 
2021-01-22T01:15:29.862+0800: 48.501: [CMS-concurrent-preclean-start]
2021-01-22T01:15:29.863+0800: 48.502: [CMS-concurrent-preclean: 0.001/0.001 secs] [Times: user=0.00 sys=0.00, real=0.00 secs] 
2021-01-22T01:15:29.864+0800: 48.502: [CMS-concurrent-abortable-preclean-start]
2021-01-22T01:15:29.895+0800: 48.533: [GC (Allocation Failure) 2021-01-22T01:15:29.895+0800: 48.534: [ParNew: 314559K->34943K(314560K), 0.0166427 secs] 820293K->617852K(1013632K), 0.0174509 secs] [Times: user=0.12 sys=0.00, real=0.02 secs] 
2021-01-22T01:15:29.947+0800: 48.586: [GC (Allocation Failure) 2021-01-22T01:15:29.948+0800: 48.586: [ParNew: 314547K->34943K(314560K), 0.0137134 secs] 897456K->692724K(1013632K), 0.0145748 secs] [Times: user=0.09 sys=0.01, real=0.02 secs] 
2021-01-22T01:15:29.964+0800: 48.602: [CMS-concurrent-abortable-preclean: 0.004/0.100 secs] [Times: user=0.28 sys=0.01, real=0.10 secs] 
2021-01-22T01:15:29.964+0800: 48.603: [GC (CMS Final Remark) [YG occupancy: 47259 K (314560 K)]2021-01-22T01:15:29.965+0800: 48.603: [Rescan (parallel) , 0.0013247 secs]2021-01-22T01:15:29.966+0800: 48.605: [weak refs processing, 0.0003421 secs]2021-01-22T01:15:29.967+0800: 48.606: [class unloading, 0.0004229 secs]2021-01-22T01:15:29.968+0800: 48.606: [scrub symbol table, 0.0005954 secs]2021-01-22T01:15:29.969+0800: 48.607: [scrub string table, 0.0004007 secs][1 CMS-remark: 657780K(699072K)] 705039K(1013632K), 0.0051904 secs] [Times: user=0.00 sys=0.00, real=0.01 secs] 
2021-01-22T01:15:29.970+0800: 48.609: [CMS-concurrent-sweep-start]
2021-01-22T01:15:29.971+0800: 48.609: [CMS-concurrent-sweep: 0.001/0.001 secs] [Times: user=0.00 sys=0.00, real=0.00 secs] 
2021-01-22T01:15:29.971+0800: 48.610: [CMS-concurrent-reset-start]
2021-01-22T01:15:29.972+0800: 48.610: [CMS-concurrent-reset: 0.001/0.001 secs] [Times: user=0.00 sys=0.00, real=0.00 secs] 
2021-01-22T01:15:30.002+0800: 48.640: [GC (Allocation Failure) 2021-01-22T01:15:30.002+0800: 48.640: [ParNew: 314559K->34943K(314560K), 0.0175407 secs] 808859K->613807K(1013632K), 0.0183022 secs] [Times: user=0.13 sys=0.00, real=0.02 secs] 
2021-01-22T01:15:30.021+0800: 48.659: [GC (CMS Initial Mark) [1 CMS-initial-mark: 578864K(699072K)] 619496K(1013632K), 0.0013020 secs] [Times: user=0.00 sys=0.00, real=0.00 secs] 
2021-01-22T01:15:30.023+0800: 48.662: [CMS-concurrent-mark-start]
2021-01-22T01:15:30.025+0800: 48.664: [CMS-concurrent-mark: 0.002/0.002 secs] [Times: user=0.00 sys=0.00, real=0.00 secs] 
2021-01-22T01:15:30.025+0800: 48.664: [CMS-concurrent-preclean-start]
2021-01-22T01:15:30.026+0800: 48.665: [CMS-concurrent-preclean: 0.001/0.001 secs] [Times: user=0.00 sys=0.00, real=0.00 secs] 
2021-01-22T01:15:30.027+0800: 48.665: [CMS-concurrent-abortable-preclean-start]
2021-01-22T01:15:30.061+0800: 48.699: [GC (Allocation Failure) 2021-01-22T01:15:30.061+0800: 48.700: [ParNew: 314559K->34942K(314560K), 0.0166142 secs] 893423K->690586K(1013632K), 0.0173284 secs] [Times: user=0.13 sys=0.00, real=0.02 secs] 
2021-01-22T01:15:30.081+0800: 48.719: [CMS-concurrent-abortable-preclean: 0.003/0.054 secs] [Times: user=0.16 sys=0.00, real=0.06 secs] 
2021-01-22T01:15:30.081+0800: 48.720: [GC (CMS Final Remark) [YG occupancy: 47214 K (314560 K)]2021-01-22T01:15:30.082+0800: 48.720: [Rescan (parallel) , 0.0011116 secs]2021-01-22T01:15:30.083+0800: 48.722: [weak refs processing, 0.0003481 secs]2021-01-22T01:15:30.084+0800: 48.722: [class unloading, 0.0004443 secs]2021-01-22T01:15:30.084+0800: 48.723: [scrub symbol table, 0.0005416 secs]2021-01-22T01:15:30.085+0800: 48.724: [scrub string table, 0.0004118 secs][1 CMS-remark: 655643K(699072K)] 702858K(1013632K), 0.0044968 secs] [Times: user=0.01 sys=0.00, real=0.00 secs] 
2021-01-22T01:15:30.087+0800: 48.725: [CMS-concurrent-sweep-start]
2021-01-22T01:15:30.088+0800: 48.726: [CMS-concurrent-sweep: 0.001/0.001 secs] [Times: user=0.00 sys=0.00, real=0.00 secs] 
2021-01-22T01:15:30.088+0800: 48.727: [CMS-concurrent-reset-start]
2021-01-22T01:15:30.089+0800: 48.728: [CMS-concurrent-reset: 0.001/0.001 secs] [Times: user=0.00 sys=0.00, real=0.00 secs] 
2021-01-22T01:15:30.121+0800: 48.759: [GC (Allocation Failure) 2021-01-22T01:15:30.121+0800: 48.760: [ParNew: 314558K->34943K(314560K), 0.0142168 secs] 732799K->526581K(1013632K), 0.0150681 secs] [Times: user=0.10 sys=0.00, real=0.01 secs] 
2021-01-22T01:15:30.137+0800: 48.775: [GC (CMS Initial Mark) [1 CMS-initial-mark: 491637K(699072K)] 532189K(1013632K), 0.0012291 secs] [Times: user=0.00 sys=0.00, real=0.01 secs] 
2021-01-22T01:15:30.139+0800: 48.777: [CMS-concurrent-mark-start]
2021-01-22T01:15:30.141+0800: 48.779: [CMS-concurrent-mark: 0.002/0.002 secs] [Times: user=0.01 sys=0.00, real=0.00 secs] 
2021-01-22T01:15:30.141+0800: 48.780: [CMS-concurrent-preclean-start]
2021-01-22T01:15:30.142+0800: 48.780: [CMS-concurrent-preclean: 0.001/0.001 secs] [Times: user=0.00 sys=0.00, real=0.00 secs] 
2021-01-22T01:15:30.142+0800: 48.781: [CMS-concurrent-abortable-preclean-start]
2021-01-22T01:15:30.172+0800: 48.811: [GC (Allocation Failure) 2021-01-22T01:15:30.173+0800: 48.811: [ParNew: 313836K->34943K(314560K), 0.0167879 secs] 805474K->602180K(1013632K), 0.0177778 secs] [Times: user=0.11 sys=0.00, real=0.02 secs] 
2021-01-22T01:15:30.223+0800: 48.861: [GC (Allocation Failure) 2021-01-22T01:15:30.223+0800: 48.862: [ParNew: 314559K->34943K(314560K), 0.0141068 secs] 881796K->679154K(1013632K), 0.0150042 secs] [Times: user=0.10 sys=0.00, real=0.02 secs] 
2021-01-22T01:15:30.274+0800: 48.913: [GC (Allocation Failure) 2021-01-22T01:15:30.275+0800: 48.913: [ParNew: 314559K->314559K(314560K), 0.0002787 secs]2021-01-22T01:15:30.275+0800: 48.914: [CMS2021-01-22T01:15:30.276+0800: 48.914: [CMS-concurrent-abortable-preclean: 0.006/0.133 secs] [Times: user=0.32 sys=0.00, real=0.13 secs] 
 (concurrent mode failure): 644210K->372293K(699072K), 0.0499558 secs] 958770K->372293K(1013632K), [Metaspace: 2817K->2817K(1056768K)], 0.0514810 secs] [Times: user=0.05 sys=0.00, real=0.05 secs] 
2021-01-22T01:15:30.362+0800: 49.001: [GC (Allocation Failure) 2021-01-22T01:15:30.363+0800: 49.001: [ParNew: 279616K->34943K(314560K), 0.0133859 secs] 651909K->464254K(1013632K), 0.0142495 secs] [Times: user=0.09 sys=0.00, real=0.01 secs] 
2021-01-22T01:15:30.411+0800: 49.050: [GC (Allocation Failure) 2021-01-22T01:15:30.412+0800: 49.050: [ParNew: 314559K->34943K(314560K), 0.0159828 secs] 743870K->543648K(1013632K), 0.0168343 secs] [Times: user=0.11 sys=0.00, real=0.02 secs] 
2021-01-22T01:15:30.429+0800: 49.068: [GC (CMS Initial Mark) [1 CMS-initial-mark: 508704K(699072K)] 549800K(1013632K), 0.0013538 secs] [Times: user=0.00 sys=0.00, real=0.00 secs] 
2021-01-22T01:15:30.431+0800: 49.070: [CMS-concurrent-mark-start]
2021-01-22T01:15:30.433+0800: 49.072: [CMS-concurrent-mark: 0.002/0.002 secs] [Times: user=0.00 sys=0.00, real=0.00 secs] 
2021-01-22T01:15:30.434+0800: 49.072: [CMS-concurrent-preclean-start]
2021-01-22T01:15:30.435+0800: 49.073: [CMS-concurrent-preclean: 0.001/0.001 secs] [Times: user=0.00 sys=0.00, real=0.00 secs] 
2021-01-22T01:15:30.435+0800: 49.074: [CMS-concurrent-abortable-preclean-start]
2021-01-22T01:15:30.465+0800: 49.103: [GC (Allocation Failure) 2021-01-22T01:15:30.465+0800: 49.104: [ParNew: 314559K->34942K(314560K), 0.0139161 secs] 823264K->621766K(1013632K), 0.0149331 secs] [Times: user=0.11 sys=0.00, real=0.02 secs] 
2021-01-22T01:15:30.515+0800: 49.153: [GC (Allocation Failure) 2021-01-22T01:15:30.515+0800: 49.154: [ParNew: 314558K->34942K(314560K), 0.0165997 secs] 901382K->703759K(1013632K), 0.0175380 secs] [Times: user=0.12 sys=0.00, real=0.02 secs] 
2021-01-22T01:15:30.533+0800: 49.172: [CMS-concurrent-abortable-preclean: 0.003/0.098 secs] [Times: user=0.30 sys=0.00, real=0.10 secs] 
2021-01-22T01:15:30.534+0800: 49.172: [GC (CMS Final Remark) [YG occupancy: 41232 K (314560 K)]2021-01-22T01:15:30.534+0800: 49.173: [Rescan (parallel) , 0.0015373 secs]2021-01-22T01:15:30.536+0800: 49.175: [weak refs processing, 0.0004538 secs]2021-01-22T01:15:30.537+0800: 49.176: [class unloading, 0.0005536 secs]2021-01-22T01:15:30.538+0800: 49.177: [scrub symbol table, 0.0006987 secs]2021-01-22T01:15:30.539+0800: 49.178: [scrub string table, 0.0006255 secs][1 CMS-remark: 668817K(699072K)] 710049K(1013632K), 0.0064695 secs] [Times: user=0.01 sys=0.00, real=0.01 secs] 
2021-01-22T01:15:30.541+0800: 49.180: [CMS-concurrent-sweep-start]
2021-01-22T01:15:30.542+0800: 49.180: [CMS-concurrent-sweep: 0.001/0.001 secs] [Times: user=0.00 sys=0.00, real=0.00 secs] 
2021-01-22T01:15:30.542+0800: 49.181: [CMS-concurrent-reset-start]
2021-01-22T01:15:30.542+0800: 49.181: [CMS-concurrent-reset: 0.000/0.000 secs] [Times: user=0.00 sys=0.00, real=0.00 secs] 
2021-01-22T01:15:30.578+0800: 49.216: [GC (Allocation Failure) 2021-01-22T01:15:30.578+0800: 49.216: [ParNew: 314558K->34943K(314560K), 0.0170821 secs] 818586K->624035K(1013632K), 0.0177673 secs] [Times: user=0.12 sys=0.01, real=0.02 secs] 
2021-01-22T01:15:30.596+0800: 49.235: [GC (CMS Initial Mark) [1 CMS-initial-mark: 589092K(699072K)] 630714K(1013632K), 0.0015892 secs] [Times: user=0.00 sys=0.00, real=0.01 secs] 
2021-01-22T01:15:30.599+0800: 49.237: [CMS-concurrent-mark-start]
2021-01-22T01:15:30.601+0800: 49.240: [CMS-concurrent-mark: 0.002/0.002 secs] [Times: user=0.00 sys=0.00, real=0.00 secs] 
2021-01-22T01:15:30.602+0800: 49.240: [CMS-concurrent-preclean-start]
2021-01-22T01:15:30.603+0800: 49.241: [CMS-concurrent-preclean: 0.001/0.001 secs] [Times: user=0.00 sys=0.00, real=0.00 secs] 
2021-01-22T01:15:30.603+0800: 49.242: [CMS-concurrent-abortable-preclean-start]
2021-01-22T01:15:30.634+0800: 49.272: [GC (Allocation Failure) 2021-01-22T01:15:30.635+0800: 49.273: [ParNew: 314559K->34942K(314560K), 0.0192766 secs] 903651K->702385K(1013632K), 0.0206171 secs] [Times: user=0.14 sys=0.00, real=0.02 secs] 
2021-01-22T01:15:30.655+0800: 49.294: [CMS-concurrent-abortable-preclean: 0.001/0.052 secs] [Times: user=0.17 sys=0.00, real=0.05 secs] 
2021-01-22T01:15:30.669+0800: 49.307: [GC (CMS Final Remark) [YG occupancy: 135810 K (314560 K)]2021-01-22T01:15:30.669+0800: 49.308: [Rescan (parallel) , 0.0033679 secs]2021-01-22T01:15:30.673+0800: 49.311: [weak refs processing, 0.0002657 secs]2021-01-22T01:15:30.673+0800: 49.312: [class unloading, 0.0004408 secs]2021-01-22T01:15:30.674+0800: 49.313: [scrub symbol table, 0.0005985 secs]2021-01-22T01:15:30.675+0800: 49.313: [scrub string table, 0.0004151 secs][1 CMS-remark: 667443K(699072K)] 803253K(1013632K), 0.0069328 secs] [Times: user=0.03 sys=0.00, real=0.00 secs] 
2021-01-22T01:15:30.676+0800: 49.315: [CMS-concurrent-sweep-start]
2021-01-22T01:15:30.677+0800: 49.316: [CMS-concurrent-sweep: 0.001/0.001 secs] [Times: user=0.00 sys=0.00, real=0.00 secs] 
2021-01-22T01:15:30.678+0800: 49.316: [CMS-concurrent-reset-start]
2021-01-22T01:15:30.678+0800: 49.317: [CMS-concurrent-reset: 0.001/0.001 secs] [Times: user=0.00 sys=0.00, real=0.01 secs] 
2021-01-22T01:15:30.697+0800: 49.335: [GC (Allocation Failure) 2021-01-22T01:15:30.697+0800: 49.336: [ParNew: 314558K->34943K(314560K), 0.0150259 secs] 733158K->536069K(1013632K), 0.0156614 secs] [Times: user=0.11 sys=0.00, real=0.02 secs] 
2021-01-22T01:15:30.713+0800: 49.352: [GC (CMS Initial Mark) [1 CMS-initial-mark: 501125K(699072K)] 541987K(1013632K), 0.0009016 secs] [Times: user=0.00 sys=0.00, real=0.00 secs] 
2021-01-22T01:15:30.715+0800: 49.353: [CMS-concurrent-mark-start]
2021-01-22T01:15:30.717+0800: 49.355: [CMS-concurrent-mark: 0.002/0.002 secs] [Times: user=0.01 sys=0.00, real=0.00 secs] 
2021-01-22T01:15:30.717+0800: 49.356: [CMS-concurrent-preclean-start]
2021-01-22T01:15:30.718+0800: 49.356: [CMS-concurrent-preclean: 0.001/0.001 secs] [Times: user=0.00 sys=0.00, real=0.00 secs] 
2021-01-22T01:15:30.718+0800: 49.357: [CMS-concurrent-abortable-preclean-start]
2021-01-22T01:15:30.751+0800: 49.390: [GC (Allocation Failure) 2021-01-22T01:15:30.752+0800: 49.390: [ParNew: 314559K->34943K(314560K), 0.0147547 secs] 815685K->617183K(1013632K), 0.0155747 secs] [Times: user=0.10 sys=0.01, real=0.01 secs] 
2021-01-22T01:15:30.801+0800: 49.439: [GC (Allocation Failure) 2021-01-22T01:15:30.801+0800: 49.440: [ParNew: 314559K->34943K(314560K), 0.0151908 secs] 896799K->696403K(1013632K), 0.0162130 secs] [Times: user=0.12 sys=0.00, real=0.01 secs] 
2021-01-22T01:15:30.819+0800: 49.457: [CMS-concurrent-abortable-preclean: 0.004/0.100 secs] [Times: user=0.29 sys=0.01, real=0.10 secs] 
2021-01-22T01:15:30.819+0800: 49.458: [GC (CMS Final Remark) [YG occupancy: 46562 K (314560 K)]2021-01-22T01:15:30.820+0800: 49.458: [Rescan (parallel) , 0.0013470 secs]2021-01-22T01:15:30.821+0800: 49.460: [weak refs processing, 0.0003217 secs]2021-01-22T01:15:30.822+0800: 49.461: [class unloading, 0.0005080 secs]2021-01-22T01:15:30.823+0800: 49.461: [scrub symbol table, 0.0006981 secs]2021-01-22T01:15:30.824+0800: 49.462: [scrub string table, 0.0004452 secs][1 CMS-remark: 661460K(699072K)] 708023K(1013632K), 0.0051878 secs] [Times: user=0.01 sys=0.00, real=0.00 secs] 
2021-01-22T01:15:30.825+0800: 49.464: [CMS-concurrent-sweep-start]
2021-01-22T01:15:30.826+0800: 49.465: [CMS-concurrent-sweep: 0.001/0.001 secs] [Times: user=0.00 sys=0.00, real=0.00 secs] 
2021-01-22T01:15:30.827+0800: 49.465: [CMS-concurrent-reset-start]
2021-01-22T01:15:30.827+0800: 49.466: [CMS-concurrent-reset: 0.001/0.001 secs] [Times: user=0.00 sys=0.00, real=0.00 secs] 
2021-01-22T01:15:30.858+0800: 49.497: [GC (Allocation Failure) 2021-01-22T01:15:30.859+0800: 49.497: [ParNew: 314559K->34943K(314560K), 0.0153855 secs] 818010K->612965K(1013632K), 0.0160608 secs] [Times: user=0.12 sys=0.00, real=0.01 secs] 
2021-01-22T01:15:30.875+0800: 49.514: [GC (CMS Initial Mark) [1 CMS-initial-mark: 578022K(699072K)] 618743K(1013632K), 0.0010049 secs] [Times: user=0.00 sys=0.00, real=0.00 secs] 
2021-01-22T01:15:30.877+0800: 49.515: [CMS-concurrent-mark-start]
2021-01-22T01:15:30.879+0800: 49.517: [CMS-concurrent-mark: 0.002/0.002 secs] [Times: user=0.01 sys=0.00, real=0.01 secs] 
2021-01-22T01:15:30.879+0800: 49.518: [CMS-concurrent-preclean-start]
2021-01-22T01:15:30.880+0800: 49.518: [CMS-concurrent-preclean: 0.001/0.001 secs] [Times: user=0.00 sys=0.00, real=0.00 secs] 
2021-01-22T01:15:30.880+0800: 49.519: [CMS-concurrent-abortable-preclean-start]
2021-01-22T01:15:30.909+0800: 49.547: [GC (Allocation Failure) 2021-01-22T01:15:30.909+0800: 49.548: [ParNew: 314559K->34943K(314560K), 0.0165998 secs] 892581K->699289K(1013632K), 0.0172626 secs] [Times: user=0.13 sys=0.00, real=0.01 secs] 
2021-01-22T01:15:30.927+0800: 49.565: [CMS-concurrent-abortable-preclean: 0.001/0.047 secs] [Times: user=0.16 sys=0.00, real=0.04 secs] 
2021-01-22T01:15:30.927+0800: 49.566: [GC (CMS Final Remark) [YG occupancy: 40870 K (314560 K)]2021-01-22T01:15:30.927+0800: 49.566: [Rescan (parallel) , 0.0009482 secs]2021-01-22T01:15:30.928+0800: 49.567: [weak refs processing, 0.0003227 secs]2021-01-22T01:15:30.929+0800: 49.568: [class unloading, 0.0004181 secs]2021-01-22T01:15:30.930+0800: 49.568: [scrub symbol table, 0.0005285 secs]2021-01-22T01:15:30.930+0800: 49.569: [scrub string table, 0.0003331 secs][1 CMS-remark: 664345K(699072K)] 705215K(1013632K), 0.0037522 secs] [Times: user=0.00 sys=0.00, real=0.01 secs] 
2021-01-22T01:15:30.932+0800: 49.570: [CMS-concurrent-sweep-start]
2021-01-22T01:15:30.933+0800: 49.571: [CMS-concurrent-sweep: 0.001/0.001 secs] [Times: user=0.00 sys=0.00, real=0.00 secs] 
2021-01-22T01:15:30.933+0800: 49.572: [CMS-concurrent-reset-start]
2021-01-22T01:15:30.934+0800: 49.572: [CMS-concurrent-reset: 0.000/0.000 secs] [Times: user=0.00 sys=0.00, real=0.00 secs] 
2021-01-22T01:15:30.967+0800: 49.605: [GC (Allocation Failure) 2021-01-22T01:15:30.967+0800: 49.606: [ParNew: 314559K->34943K(314560K), 0.0135073 secs] 737900K->527395K(1013632K), 0.0141151 secs] [Times: user=0.10 sys=0.00, real=0.02 secs] 
2021-01-22T01:15:30.982+0800: 49.620: [GC (CMS Initial Mark) [1 CMS-initial-mark: 492451K(699072K)] 533912K(1013632K), 0.0011618 secs] [Times: user=0.00 sys=0.00, real=0.00 secs] 
2021-01-22T01:15:30.984+0800: 49.622: [CMS-concurrent-mark-start]
2021-01-22T01:15:30.986+0800: 49.624: [CMS-concurrent-mark: 0.002/0.002 secs] [Times: user=0.01 sys=0.00, real=0.00 secs] 
2021-01-22T01:15:30.986+0800: 49.624: [CMS-concurrent-preclean-start]
2021-01-22T01:15:30.987+0800: 49.625: [CMS-concurrent-preclean: 0.001/0.001 secs] [Times: user=0.00 sys=0.00, real=0.00 secs] 
2021-01-22T01:15:30.987+0800: 49.625: [CMS-concurrent-abortable-preclean-start]
2021-01-22T01:15:31.015+0800: 49.654: [GC (Allocation Failure) 2021-01-22T01:15:31.016+0800: 49.654: [ParNew: 314559K->34942K(314560K), 0.0137725 secs] 807011K->601979K(1013632K), 0.0145549 secs] [Times: user=0.10 sys=0.00, real=0.02 secs] 
2021-01-22T01:15:31.064+0800: 49.703: [GC (Allocation Failure) 2021-01-22T01:15:31.065+0800: 49.703: [ParNew: 314558K->34942K(314560K), 0.0129042 secs] 881595K->673270K(1013632K), 0.0138399 secs] [Times: user=0.10 sys=0.00, real=0.02 secs] 
2021-01-22T01:15:31.112+0800: 49.750: [GC (Allocation Failure) 2021-01-22T01:15:31.112+0800: 49.751: [ParNew: 314558K->314558K(314560K), 0.0003755 secs]2021-01-22T01:15:31.113+0800: 49.751: [CMS2021-01-22T01:15:31.113+0800: 49.752: [CMS-concurrent-abortable-preclean: 0.005/0.126 secs] [Times: user=0.30 sys=0.00, real=0.13 secs] 
 (concurrent mode failure): 638328K->369448K(699072K), 0.0484086 secs] 952886K->369448K(1013632K), [Metaspace: 2817K->2817K(1056768K)], 0.0500729 secs] [Times: user=0.05 sys=0.00, real=0.05 secs] 
2021-01-22T01:15:31.197+0800: 49.836: [GC (Allocation Failure) 2021-01-22T01:15:31.198+0800: 49.837: [ParNew: 279616K->34943K(314560K), 0.0109302 secs] 649064K->455362K(1013632K), 0.0119150 secs] [Times: user=0.07 sys=0.00, real=0.02 secs] 
2021-01-22T01:15:31.242+0800: 49.881: [GC (Allocation Failure) 2021-01-22T01:15:31.242+0800: 49.881: [ParNew: 314559K->34943K(314560K), 0.0152618 secs] 734978K->540077K(1013632K), 0.0161298 secs] [Times: user=0.11 sys=0.00, real=0.02 secs] 
2021-01-22T01:15:31.259+0800: 49.898: [GC (CMS Initial Mark) [1 CMS-initial-mark: 505134K(699072K)] 546223K(1013632K), 0.0015944 secs] [Times: user=0.00 sys=0.00, real=0.00 secs] 
2021-01-22T01:15:31.262+0800: 49.900: [CMS-concurrent-mark-start]
2021-01-22T01:15:31.264+0800: 49.902: [CMS-concurrent-mark: 0.002/0.002 secs] [Times: user=0.01 sys=0.00, real=0.00 secs] 
2021-01-22T01:15:31.264+0800: 49.903: [CMS-concurrent-preclean-start]
2021-01-22T01:15:31.265+0800: 49.903: [CMS-concurrent-preclean: 0.001/0.001 secs] [Times: user=0.00 sys=0.00, real=0.00 secs] 
2021-01-22T01:15:31.265+0800: 49.904: [CMS-concurrent-abortable-preclean-start]
2021-01-22T01:15:31.295+0800: 49.933: [GC (Allocation Failure) 2021-01-22T01:15:31.296+0800: 49.934: [ParNew: 314559K->34943K(314560K), 0.0139991 secs] 819693K->617190K(1013632K), 0.0152636 secs] [Times: user=0.10 sys=0.00, real=0.02 secs] 
2021-01-22T01:15:31.345+0800: 49.984: [GC (Allocation Failure) 2021-01-22T01:15:31.346+0800: 49.984: [ParNew: 314559K->34943K(314560K), 0.0141831 secs] 896806K->696329K(1013632K), 0.0152171 secs] [Times: user=0.11 sys=0.00, real=0.02 secs] 
2021-01-22T01:15:31.362+0800: 50.001: [CMS-concurrent-abortable-preclean: 0.005/0.097 secs] [Times: user=0.28 sys=0.00, real=0.10 secs] 
2021-01-22T01:15:31.379+0800: 50.017: [GC (CMS Final Remark) [YG occupancy: 182812 K (314560 K)]2021-01-22T01:15:31.379+0800: 50.018: [Rescan (parallel) , 0.0017208 secs]2021-01-22T01:15:31.381+0800: 50.020: [weak refs processing, 0.0003195 secs]2021-01-22T01:15:31.382+0800: 50.020: [class unloading, 0.0005388 secs]2021-01-22T01:15:31.383+0800: 50.021: [scrub symbol table, 0.0005626 secs]2021-01-22T01:15:31.383+0800: 50.022: [scrub string table, 0.0004386 secs][1 CMS-remark: 661385K(699072K)] 844197K(1013632K), 0.0055903 secs] [Times: user=0.00 sys=0.00, real=0.00 secs] 
2021-01-22T01:15:31.385+0800: 50.024: [CMS-concurrent-sweep-start]
2021-01-22T01:15:31.386+0800: 50.024: [CMS-concurrent-sweep: 0.001/0.001 secs] [Times: user=0.00 sys=0.00, real=0.00 secs] 
2021-01-22T01:15:31.386+0800: 50.025: [CMS-concurrent-reset-start]
2021-01-22T01:15:31.387+0800: 50.025: [CMS-concurrent-reset: 0.001/0.001 secs] [Times: user=0.00 sys=0.00, real=0.00 secs] 
2021-01-22T01:15:31.401+0800: 50.040: [GC (Allocation Failure) 2021-01-22T01:15:31.402+0800: 50.040: [ParNew: 314559K->34943K(314560K), 0.0146114 secs] 809204K->611066K(1013632K), 0.0154688 secs] [Times: user=0.11 sys=0.00, real=0.01 secs] 
2021-01-22T01:15:31.418+0800: 50.057: [GC (CMS Initial Mark) [1 CMS-initial-mark: 576122K(699072K)] 616864K(1013632K), 0.0016082 secs] [Times: user=0.00 sys=0.00, real=0.01 secs] 
2021-01-22T01:15:31.421+0800: 50.059: [CMS-concurrent-mark-start]
2021-01-22T01:15:31.424+0800: 50.062: [CMS-concurrent-mark: 0.003/0.003 secs] [Times: user=0.01 sys=0.00, real=0.00 secs] 
2021-01-22T01:15:31.424+0800: 50.063: [CMS-concurrent-preclean-start]
2021-01-22T01:15:31.425+0800: 50.064: [CMS-concurrent-preclean: 0.001/0.001 secs] [Times: user=0.00 sys=0.00, real=0.00 secs] 
2021-01-22T01:15:31.425+0800: 50.064: [CMS-concurrent-abortable-preclean-start]
2021-01-22T01:15:31.452+0800: 50.091: [GC (Allocation Failure) 2021-01-22T01:15:31.453+0800: 50.091: [ParNew: 314559K->34943K(314560K), 0.0170949 secs] 890682K->697301K(1013632K), 0.0180515 secs] [Times: user=0.13 sys=0.00, real=0.02 secs] 
2021-01-22T01:15:31.473+0800: 50.111: [CMS-concurrent-abortable-preclean: 0.003/0.047 secs] [Times: user=0.16 sys=0.00, real=0.05 secs] 
2021-01-22T01:15:31.473+0800: 50.112: [GC (CMS Final Remark) [YG occupancy: 48729 K (314560 K)]2021-01-22T01:15:31.474+0800: 50.112: [Rescan (parallel) , 0.0011306 secs]2021-01-22T01:15:31.475+0800: 50.114: [weak refs processing, 0.0003567 secs]2021-01-22T01:15:31.476+0800: 50.115: [class unloading, 0.0005458 secs]2021-01-22T01:15:31.477+0800: 50.116: [scrub symbol table, 0.0006090 secs]2021-01-22T01:15:31.478+0800: 50.117: [scrub string table, 0.0005133 secs][1 CMS-remark: 662357K(699072K)] 711087K(1013632K), 0.0053633 secs] [Times: user=0.01 sys=0.00, real=0.01 secs] 
2021-01-22T01:15:31.480+0800: 50.118: [CMS-concurrent-sweep-start]
2021-01-22T01:15:31.481+0800: 50.119: [CMS-concurrent-sweep: 0.001/0.001 secs] [Times: user=0.00 sys=0.00, real=0.00 secs] 
2021-01-22T01:15:31.481+0800: 50.120: [CMS-concurrent-reset-start]
2021-01-22T01:15:31.481+0800: 50.120: [CMS-concurrent-reset: 0.000/0.000 secs] [Times: user=0.00 sys=0.00, real=0.00 secs] 
2021-01-22T01:15:31.513+0800: 50.152: [GC (Allocation Failure) 2021-01-22T01:15:31.514+0800: 50.152: [ParNew: 314559K->34943K(314560K), 0.0134073 secs] 738892K->523706K(1013632K), 0.0143656 secs] [Times: user=0.10 sys=0.00, real=0.01 secs] 
2021-01-22T01:15:31.529+0800: 50.167: [GC (CMS Initial Mark) [1 CMS-initial-mark: 488762K(699072K)] 529285K(1013632K), 0.0015439 secs] [Times: user=0.00 sys=0.00, real=0.00 secs] 
2021-01-22T01:15:31.531+0800: 50.169: [CMS-concurrent-mark-start]
2021-01-22T01:15:31.534+0800: 50.173: [CMS-concurrent-mark: 0.003/0.003 secs] [Times: user=0.01 sys=0.00, real=0.00 secs] 
2021-01-22T01:15:31.534+0800: 50.173: [CMS-concurrent-preclean-start]
2021-01-22T01:15:31.535+0800: 50.174: [CMS-concurrent-preclean: 0.001/0.001 secs] [Times: user=0.00 sys=0.00, real=0.00 secs] 
2021-01-22T01:15:31.536+0800: 50.174: [CMS-concurrent-abortable-preclean-start]
2021-01-22T01:15:31.569+0800: 50.208: [GC (Allocation Failure) 2021-01-22T01:15:31.570+0800: 50.208: [ParNew: 314559K->34943K(314560K), 0.0156138 secs] 803322K->607599K(1013632K), 0.0166641 secs] [Times: user=0.12 sys=0.00, real=0.01 secs] 
2021-01-22T01:15:31.623+0800: 50.261: [GC (Allocation Failure) 2021-01-22T01:15:31.623+0800: 50.262: [ParNew: 314559K->34943K(314560K), 0.0177355 secs] 887215K->697264K(1013632K), 0.0188082 secs] [Times: user=0.13 sys=0.00, real=0.02 secs] 
2021-01-22T01:15:31.644+0800: 50.282: [CMS-concurrent-abortable-preclean: 0.005/0.108 secs] [Times: user=0.33 sys=0.00, real=0.11 secs] 
2021-01-22T01:15:31.644+0800: 50.283: [GC (CMS Final Remark) [YG occupancy: 47553 K (314560 K)]2021-01-22T01:15:31.645+0800: 50.283: [Rescan (parallel) , 0.0012396 secs]2021-01-22T01:15:31.647+0800: 50.285: [weak refs processing, 0.0003817 secs]2021-01-22T01:15:31.647+0800: 50.286: [class unloading, 0.0005904 secs]2021-01-22T01:15:31.648+0800: 50.287: [scrub symbol table, 0.0007693 secs]2021-01-22T01:15:31.649+0800: 50.288: [scrub string table, 0.0005936 secs][1 CMS-remark: 662321K(699072K)] 709875K(1013632K), 0.0057887 secs] [Times: user=0.01 sys=0.00, real=0.01 secs] 
2021-01-22T01:15:31.651+0800: 50.290: [CMS-concurrent-sweep-start]
2021-01-22T01:15:31.652+0800: 50.291: [CMS-concurrent-sweep: 0.001/0.001 secs] [Times: user=0.00 sys=0.00, real=0.00 secs] 
2021-01-22T01:15:31.652+0800: 50.291: [CMS-concurrent-reset-start]
2021-01-22T01:15:31.653+0800: 50.292: [CMS-concurrent-reset: 0.001/0.001 secs] [Times: user=0.00 sys=0.00, real=0.00 secs] 
2021-01-22T01:15:31.684+0800: 50.323: [GC (Allocation Failure) 2021-01-22T01:15:31.685+0800: 50.323: [ParNew: 314559K->34943K(314560K), 0.0205271 secs] 823437K->618003K(1013632K), 0.0213487 secs] [Times: user=0.16 sys=0.00, real=0.02 secs] 
2021-01-22T01:15:31.707+0800: 50.345: [GC (CMS Initial Mark) [1 CMS-initial-mark: 583059K(699072K)] 623706K(1013632K), 0.0012122 secs] [Times: user=0.00 sys=0.00, real=0.00 secs] 
2021-01-22T01:15:31.708+0800: 50.347: [CMS-concurrent-mark-start]
2021-01-22T01:15:31.710+0800: 50.349: [CMS-concurrent-mark: 0.002/0.002 secs] [Times: user=0.00 sys=0.00, real=0.00 secs] 
2021-01-22T01:15:31.711+0800: 50.349: [CMS-concurrent-preclean-start]
2021-01-22T01:15:31.712+0800: 50.350: [CMS-concurrent-preclean: 0.001/0.001 secs] [Times: user=0.00 sys=0.00, real=0.00 secs] 
2021-01-22T01:15:31.712+0800: 50.351: [CMS-concurrent-abortable-preclean-start]
2021-01-22T01:15:31.744+0800: 50.383: [GC (Allocation Failure) 2021-01-22T01:15:31.745+0800: 50.383: [ParNew: 314559K->34943K(314560K), 0.0205899 secs] 897619K->698136K(1013632K), 0.0214160 secs] [Times: user=0.15 sys=0.00, real=0.02 secs] 
2021-01-22T01:15:31.767+0800: 50.406: [CMS-concurrent-abortable-preclean: 0.002/0.055 secs] [Times: user=0.18 sys=0.00, real=0.05 secs] 
2021-01-22T01:15:31.768+0800: 50.406: [GC (CMS Final Remark) [YG occupancy: 52404 K (314560 K)]2021-01-22T01:15:31.768+0800: 50.407: [Rescan (parallel) , 0.0014272 secs]2021-01-22T01:15:31.770+0800: 50.408: [weak refs processing, 0.0001969 secs]2021-01-22T01:15:31.770+0800: 50.409: [class unloading, 0.0004005 secs]2021-01-22T01:15:31.771+0800: 50.409: [scrub symbol table, 0.0004955 secs]2021-01-22T01:15:31.771+0800: 50.410: [scrub string table, 0.0003505 secs][1 CMS-remark: 663193K(699072K)] 715597K(1013632K), 0.0041657 secs] [Times: user=0.01 sys=0.00, real=0.01 secs] 
2021-01-22T01:15:31.773+0800: 50.411: [CMS-concurrent-sweep-start]
2021-01-22T01:15:31.775+0800: 50.413: [CMS-concurrent-sweep: 0.002/0.002 secs] [Times: user=0.00 sys=0.00, real=0.00 secs] 
2021-01-22T01:15:31.775+0800: 50.413: [CMS-concurrent-reset-start]
2021-01-22T01:15:31.776+0800: 50.414: [CMS-concurrent-reset: 0.001/0.001 secs] [Times: user=0.00 sys=0.00, real=0.00 secs] 
2021-01-22T01:15:31.807+0800: 50.446: [GC (Allocation Failure) 2021-01-22T01:15:31.808+0800: 50.446: [ParNew: 314559K->34943K(314560K), 0.0171837 secs] 737309K->533642K(1013632K), 0.0177233 secs] [Times: user=0.12 sys=0.01, real=0.02 secs] 
2021-01-22T01:15:31.825+0800: 50.464: [GC (CMS Initial Mark) [1 CMS-initial-mark: 498698K(699072K)] 539764K(1013632K), 0.0005569 secs] [Times: user=0.00 sys=0.00, real=0.00 secs] 
2021-01-22T01:15:31.826+0800: 50.465: [CMS-concurrent-mark-start]
2021-01-22T01:15:31.828+0800: 50.467: [CMS-concurrent-mark: 0.002/0.002 secs] [Times: user=0.01 sys=0.00, real=0.01 secs] 
2021-01-22T01:15:31.829+0800: 50.467: [CMS-concurrent-preclean-start]
2021-01-22T01:15:31.829+0800: 50.468: [CMS-concurrent-preclean: 0.001/0.001 secs] [Times: user=0.00 sys=0.00, real=0.00 secs] 
2021-01-22T01:15:31.829+0800: 50.468: [CMS-concurrent-abortable-preclean-start]
2021-01-22T01:15:31.858+0800: 50.497: [GC (Allocation Failure) 2021-01-22T01:15:31.858+0800: 50.497: [ParNew: 314559K->34943K(314560K), 0.0150339 secs] 813258K->615033K(1013632K), 0.0155890 secs] [Times: user=0.11 sys=0.00, real=0.02 secs] 
2021-01-22T01:15:31.909+0800: 50.548: [GC (Allocation Failure) 2021-01-22T01:15:31.909+0800: 50.548: [ParNew: 314559K->34943K(314560K), 0.0157327 secs] 894649K->694107K(1013632K), 0.0164092 secs] [Times: user=0.12 sys=0.00, real=0.01 secs] 
2021-01-22T01:15:31.927+0800: 50.566: [CMS-concurrent-abortable-preclean: 0.004/0.098 secs] [Times: user=0.30 sys=0.00, real=0.09 secs] 
2021-01-22T01:15:31.939+0800: 50.577: [GC (CMS Final Remark) [YG occupancy: 144667 K (314560 K)]2021-01-22T01:15:31.939+0800: 50.577: [Rescan (parallel) , 0.0011300 secs]2021-01-22T01:15:31.940+0800: 50.579: [weak refs processing, 0.0004313 secs]2021-01-22T01:15:31.941+0800: 50.580: [class unloading, 0.0004896 secs]2021-01-22T01:15:31.942+0800: 50.580: [scrub symbol table, 0.0005642 secs]2021-01-22T01:15:31.943+0800: 50.581: [scrub string table, 0.0004012 secs][1 CMS-remark: 659163K(699072K)] 803831K(1013632K), 0.0050085 secs] [Times: user=0.01 sys=0.00, real=0.00 secs] 
2021-01-22T01:15:31.944+0800: 50.583: [CMS-concurrent-sweep-start]
2021-01-22T01:15:31.945+0800: 50.584: [CMS-concurrent-sweep: 0.001/0.001 secs] [Times: user=0.00 sys=0.00, real=0.00 secs] 
2021-01-22T01:15:31.946+0800: 50.584: [CMS-concurrent-reset-start]
2021-01-22T01:15:31.946+0800: 50.585: [CMS-concurrent-reset: 0.000/0.000 secs] [Times: user=0.00 sys=0.00, real=0.00 secs] 
2021-01-22T01:15:31.965+0800: 50.604: [GC (Allocation Failure) 2021-01-22T01:15:31.966+0800: 50.604: [ParNew: 314559K->34942K(314560K), 0.0133173 secs] 806904K->599524K(1013632K), 0.0145353 secs] [Times: user=0.10 sys=0.00, real=0.02 secs] 
2021-01-22T01:15:31.981+0800: 50.619: [GC (CMS Initial Mark) [1 CMS-initial-mark: 564581K(699072K)] 605145K(1013632K), 0.0017902 secs] [Times: user=0.01 sys=0.00, real=0.00 secs] 
2021-01-22T01:15:31.984+0800: 50.622: [CMS-concurrent-mark-start]
2021-01-22T01:15:31.986+0800: 50.624: [CMS-concurrent-mark: 0.002/0.002 secs] [Times: user=0.00 sys=0.00, real=0.00 secs] 
2021-01-22T01:15:31.986+0800: 50.625: [CMS-concurrent-preclean-start]
2021-01-22T01:15:31.987+0800: 50.625: [CMS-concurrent-preclean: 0.001/0.001 secs] [Times: user=0.00 sys=0.00, real=0.00 secs] 
2021-01-22T01:15:31.987+0800: 50.626: [CMS-concurrent-abortable-preclean-start]
2021-01-22T01:15:32.017+0800: 50.656: [GC (Allocation Failure) 2021-01-22T01:15:32.018+0800: 50.656: [ParNew: 314558K->34943K(314560K), 0.0132303 secs] 879140K->668756K(1013632K), 0.0141187 secs] [Times: user=0.08 sys=0.01, real=0.02 secs] 
2021-01-22T01:15:32.062+0800: 50.700: [GC (Allocation Failure) 2021-01-22T01:15:32.062+0800: 50.701: [ParNew: 314559K->314559K(314560K), 0.0003363 secs]2021-01-22T01:15:32.063+0800: 50.701: [CMS2021-01-22T01:15:32.063+0800: 50.702: [CMS-concurrent-abortable-preclean: 0.003/0.076 secs] [Times: user=0.16 sys=0.01, real=0.08 secs] 
 (concurrent mode failure): 633813K->362443K(699072K), 0.0496980 secs] 948372K->362443K(1013632K), [Metaspace: 2817K->2817K(1056768K)], 0.0513049 secs] [Times: user=0.05 sys=0.00, real=0.05 secs] 
2021-01-22T01:15:32.148+0800: 50.787: [GC (Allocation Failure) 2021-01-22T01:15:32.149+0800: 50.787: [ParNew: 279616K->34942K(314560K), 0.0119564 secs] 642059K->450379K(1013632K), 0.0128336 secs] [Times: user=0.09 sys=0.00, real=0.01 secs] 
2021-01-22T01:15:32.194+0800: 50.832: [GC (Allocation Failure) 2021-01-22T01:15:32.194+0800: 50.833: [ParNew: 314558K->34943K(314560K), 0.0147229 secs] 729995K->530335K(1013632K), 0.0156974 secs] [Times: user=0.10 sys=0.00, real=0.02 secs] 
2021-01-22T01:15:32.211+0800: 50.849: [GC (CMS Initial Mark) [1 CMS-initial-mark: 495391K(699072K)] 536656K(1013632K), 0.0015779 secs] [Times: user=0.00 sys=0.00, real=0.00 secs] 
2021-01-22T01:15:32.213+0800: 50.852: [CMS-concurrent-mark-start]
2021-01-22T01:15:32.215+0800: 50.853: [CMS-concurrent-mark: 0.002/0.002 secs] [Times: user=0.00 sys=0.00, real=0.00 secs] 
2021-01-22T01:15:32.215+0800: 50.854: [CMS-concurrent-preclean-start]
2021-01-22T01:15:32.216+0800: 50.855: [CMS-concurrent-preclean: 0.001/0.001 secs] [Times: user=0.01 sys=0.00, real=0.00 secs] 
2021-01-22T01:15:32.217+0800: 50.855: [CMS-concurrent-abortable-preclean-start]
2021-01-22T01:15:32.248+0800: 50.886: [GC (Allocation Failure) 2021-01-22T01:15:32.248+0800: 50.887: [ParNew: 314559K->34941K(314560K), 0.0142644 secs] 809951K->609963K(1013632K), 0.0152210 secs] [Times: user=0.11 sys=0.00, real=0.02 secs] 
2021-01-22T01:15:32.300+0800: 50.938: [GC (Allocation Failure) 2021-01-22T01:15:32.300+0800: 50.939: [ParNew: 314557K->34943K(314560K), 0.0151274 secs] 889579K->684811K(1013632K), 0.0160669 secs] [Times: user=0.11 sys=0.00, real=0.01 secs] 
2021-01-22T01:15:32.351+0800: 50.990: [GC (Allocation Failure) 2021-01-22T01:15:32.352+0800: 50.990: [ParNew: 314559K->314559K(314560K), 0.0003917 secs]2021-01-22T01:15:32.352+0800: 50.991: [CMS2021-01-22T01:15:32.353+0800: 50.991: [CMS-concurrent-abortable-preclean: 0.005/0.136 secs] [Times: user=0.32 sys=0.00, real=0.14 secs] 
 (concurrent mode failure): 649868K->356309K(699072K), 0.0456101 secs] 964427K->356309K(1013632K), [Metaspace: 2817K->2817K(1056768K)], 0.0473339 secs] [Times: user=0.05 sys=0.00, real=0.05 secs] 
2021-01-22T01:15:32.431+0800: 51.070: [GC (Allocation Failure) 2021-01-22T01:15:32.432+0800: 51.071: [ParNew: 279616K->34943K(314560K), 0.0133392 secs] 635925K->446297K(1013632K), 0.0145083 secs] [Times: user=0.10 sys=0.00, real=0.01 secs] 
2021-01-22T01:15:32.485+0800: 51.123: [GC (Allocation Failure) 2021-01-22T01:15:32.485+0800: 51.124: [ParNew: 314559K->34942K(314560K), 0.0167306 secs] 725913K->526943K(1013632K), 0.0176847 secs] [Times: user=0.13 sys=0.00, real=0.02 secs] 
2021-01-22T01:15:32.503+0800: 51.142: [GC (CMS Initial Mark) [1 CMS-initial-mark: 492001K(699072K)] 532903K(1013632K), 0.0013438 secs] [Times: user=0.00 sys=0.00, real=0.00 secs] 
2021-01-22T01:15:32.505+0800: 51.144: [CMS-concurrent-mark-start]
2021-01-22T01:15:32.507+0800: 51.146: [CMS-concurrent-mark: 0.002/0.002 secs] [Times: user=0.01 sys=0.00, real=0.00 secs] 
2021-01-22T01:15:32.508+0800: 51.146: [CMS-concurrent-preclean-start]
2021-01-22T01:15:32.509+0800: 51.148: [CMS-concurrent-preclean: 0.001/0.001 secs] [Times: user=0.00 sys=0.00, real=0.01 secs] 
2021-01-22T01:15:32.509+0800: 51.148: [CMS-concurrent-abortable-preclean-start]
2021-01-22T01:15:32.552+0800: 51.191: [GC (Allocation Failure) 2021-01-22T01:15:32.553+0800: 51.191: [ParNew: 314476K->34943K(314560K), 0.0166810 secs] 806477K->604662K(1013632K), 0.0174219 secs] [Times: user=0.12 sys=0.00, real=0.02 secs] 
2021-01-22T01:15:32.603+0800: 51.242: [GC (Allocation Failure) 2021-01-22T01:15:32.603+0800: 51.242: [ParNew: 314559K->34943K(314560K), 0.0146194 secs] 884278K->685170K(1013632K), 0.0152940 secs] [Times: user=0.11 sys=0.00, real=0.02 secs] 
2021-01-22T01:15:32.651+0800: 51.290: [GC (Allocation Failure) 2021-01-22T01:15:32.652+0800: 51.290: [ParNew: 314559K->314559K(314560K), 0.0003065 secs]2021-01-22T01:15:32.652+0800: 51.291: [CMS2021-01-22T01:15:32.653+0800: 51.291: [CMS-concurrent-abortable-preclean: 0.005/0.143 secs] [Times: user=0.36 sys=0.00, real=0.14 secs] 
 (concurrent mode failure): 650227K->363834K(699072K), 0.0464238 secs] 964786K->363834K(1013632K), [Metaspace: 2817K->2817K(1056768K)], 0.0479376 secs] [Times: user=0.05 sys=0.00, real=0.05 secs] 
2021-01-22T01:15:32.731+0800: 51.369: [GC (Allocation Failure) 2021-01-22T01:15:32.731+0800: 51.370: [ParNew: 279616K->34943K(314560K), 0.0118019 secs] 643450K->453246K(1013632K), 0.0126547 secs] [Times: user=0.09 sys=0.00, real=0.01 secs] 
2021-01-22T01:15:32.777+0800: 51.416: [GC (Allocation Failure) 2021-01-22T01:15:32.778+0800: 51.416: [ParNew: 314559K->34943K(314560K), 0.0151038 secs] 732862K->539270K(1013632K), 0.0159795 secs] [Times: user=0.11 sys=0.00, real=0.02 secs] 
2021-01-22T01:15:32.794+0800: 51.433: [GC (CMS Initial Mark) [1 CMS-initial-mark: 504326K(699072K)] 545042K(1013632K), 0.0014242 secs] [Times: user=0.01 sys=0.00, real=0.00 secs] 
2021-01-22T01:15:32.796+0800: 51.435: [CMS-concurrent-mark-start]
2021-01-22T01:15:32.799+0800: 51.437: [CMS-concurrent-mark: 0.002/0.002 secs] [Times: user=0.00 sys=0.00, real=0.01 secs] 
2021-01-22T01:15:32.799+0800: 51.438: [CMS-concurrent-preclean-start]
2021-01-22T01:15:32.800+0800: 51.438: [CMS-concurrent-preclean: 0.001/0.001 secs] [Times: user=0.00 sys=0.00, real=0.00 secs] 
2021-01-22T01:15:32.800+0800: 51.439: [CMS-concurrent-abortable-preclean-start]
2021-01-22T01:15:32.829+0800: 51.468: [GC (Allocation Failure) 2021-01-22T01:15:32.830+0800: 51.468: [ParNew: 314559K->34943K(314560K), 0.0198896 secs] 818886K->623302K(1013632K), 0.0206877 secs] [Times: user=0.15 sys=0.00, real=0.02 secs] 
2021-01-22T01:15:32.885+0800: 51.523: [GC (Allocation Failure) 2021-01-22T01:15:32.885+0800: 51.524: [ParNew: 314559K->34943K(314560K), 0.0153763 secs] 902918K->705255K(1013632K), 0.0160277 secs] [Times: user=0.12 sys=0.00, real=0.02 secs] 
2021-01-22T01:15:32.902+0800: 51.540: [CMS-concurrent-abortable-preclean: 0.003/0.102 secs] [Times: user=0.34 sys=0.00, real=0.10 secs] 
2021-01-22T01:15:32.902+0800: 51.541: [GC (CMS Final Remark) [YG occupancy: 40889 K (314560 K)]2021-01-22T01:15:32.903+0800: 51.541: [Rescan (parallel) , 0.0025704 secs]2021-01-22T01:15:32.905+0800: 51.544: [weak refs processing, 0.0002206 secs]2021-01-22T01:15:32.906+0800: 51.544: [class unloading, 0.0005106 secs]2021-01-22T01:15:32.907+0800: 51.545: [scrub symbol table, 0.0004894 secs]2021-01-22T01:15:32.908+0800: 51.546: [scrub string table, 0.0004162 secs][1 CMS-remark: 670311K(699072K)] 711201K(1013632K), 0.0058685 secs] [Times: user=0.01 sys=0.00, real=0.01 secs] 
2021-01-22T01:15:32.909+0800: 51.548: [CMS-concurrent-sweep-start]
2021-01-22T01:15:32.910+0800: 51.548: [CMS-concurrent-sweep: 0.001/0.001 secs] [Times: user=0.00 sys=0.00, real=0.00 secs] 
2021-01-22T01:15:32.910+0800: 51.548: [CMS-concurrent-reset-start]
2021-01-22T01:15:32.910+0800: 51.549: [CMS-concurrent-reset: 0.001/0.001 secs] [Times: user=0.00 sys=0.00, real=0.00 secs] 
2021-01-22T01:15:32.947+0800: 51.585: [GC (Allocation Failure) 2021-01-22T01:15:32.947+0800: 51.586: [ParNew: 314559K->34943K(314560K), 0.0170871 secs] 822980K->615640K(1013632K), 0.0180169 secs] [Times: user=0.13 sys=0.00, real=0.02 secs] 
2021-01-22T01:15:32.966+0800: 51.604: [GC (CMS Initial Mark) [1 CMS-initial-mark: 580697K(699072K)] 621412K(1013632K), 0.0013754 secs] [Times: user=0.00 sys=0.00, real=0.00 secs] 
2021-01-22T01:15:32.968+0800: 51.606: [CMS-concurrent-mark-start]
2021-01-22T01:15:32.970+0800: 51.609: [CMS-concurrent-mark: 0.002/0.002 secs] [Times: user=0.00 sys=0.00, real=0.01 secs] 
2021-01-22T01:15:32.970+0800: 51.609: [CMS-concurrent-preclean-start]
2021-01-22T01:15:32.971+0800: 51.610: [CMS-concurrent-preclean: 0.001/0.001 secs] [Times: user=0.01 sys=0.00, real=0.00 secs] 
2021-01-22T01:15:32.972+0800: 51.610: [CMS-concurrent-abortable-preclean-start]
2021-01-22T01:15:33.003+0800: 51.641: [GC (Allocation Failure) 2021-01-22T01:15:33.003+0800: 51.642: [ParNew: 313941K->34943K(314560K), 0.0139052 secs] 894638K->689911K(1013632K), 0.0148703 secs] [Times: user=0.10 sys=0.00, real=0.01 secs] 
2021-01-22T01:15:33.020+0800: 51.658: [CMS-concurrent-abortable-preclean: 0.002/0.048 secs] [Times: user=0.14 sys=0.00, real=0.05 secs] 
2021-01-22T01:15:33.020+0800: 51.659: [GC (CMS Final Remark) [YG occupancy: 53947 K (314560 K)]2021-01-22T01:15:33.021+0800: 51.659: [Rescan (parallel) , 0.0013133 secs]2021-01-22T01:15:33.022+0800: 51.661: [weak refs processing, 0.0002797 secs]2021-01-22T01:15:33.023+0800: 51.661: [class unloading, 0.0003955 secs]2021-01-22T01:15:33.024+0800: 51.662: [scrub symbol table, 0.0005525 secs]2021-01-22T01:15:33.024+0800: 51.663: [scrub string table, 0.0003720 secs][1 CMS-remark: 654967K(699072K)] 708914K(1013632K), 0.0048093 secs] [Times: user=0.00 sys=0.00, real=0.00 secs] 
2021-01-22T01:15:33.026+0800: 51.664: [CMS-concurrent-sweep-start]
2021-01-22T01:15:33.027+0800: 51.665: [CMS-concurrent-sweep: 0.001/0.001 secs] [Times: user=0.00 sys=0.00, real=0.00 secs] 
2021-01-22T01:15:33.027+0800: 51.666: [CMS-concurrent-reset-start]
2021-01-22T01:15:33.027+0800: 51.666: [CMS-concurrent-reset: 0.000/0.000 secs] [Times: user=0.01 sys=0.00, real=0.00 secs] 
2021-01-22T01:15:33.058+0800: 51.696: [GC (Allocation Failure) 2021-01-22T01:15:33.058+0800: 51.697: [ParNew: 314559K->34942K(314560K), 0.0141042 secs] 727035K->521899K(1013632K), 0.0149713 secs] [Times: user=0.10 sys=0.00, real=0.02 secs] 
2021-01-22T01:15:33.074+0800: 51.712: [GC (CMS Initial Mark) [1 CMS-initial-mark: 486956K(699072K)] 528095K(1013632K), 0.0015360 secs] [Times: user=0.01 sys=0.00, real=0.00 secs] 
2021-01-22T01:15:33.076+0800: 51.715: [CMS-concurrent-mark-start]
2021-01-22T01:15:33.078+0800: 51.717: [CMS-concurrent-mark: 0.002/0.002 secs] [Times: user=0.00 sys=0.00, real=0.01 secs] 
2021-01-22T01:15:33.079+0800: 51.717: [CMS-concurrent-preclean-start]
2021-01-22T01:15:33.080+0800: 51.718: [CMS-concurrent-preclean: 0.001/0.001 secs] [Times: user=0.00 sys=0.00, real=0.00 secs] 
2021-01-22T01:15:33.080+0800: 51.719: [CMS-concurrent-abortable-preclean-start]
2021-01-22T01:15:33.111+0800: 51.750: [GC (Allocation Failure) 2021-01-22T01:15:33.112+0800: 51.750: [ParNew: 314558K->34942K(314560K), 0.0162278 secs] 801515K->600106K(1013632K), 0.0169550 secs] [Times: user=0.12 sys=0.00, real=0.02 secs] 
2021-01-22T01:15:33.161+0800: 51.800: [GC (Allocation Failure) 2021-01-22T01:15:33.162+0800: 51.800: [ParNew: 314558K->34943K(314560K), 0.0153048 secs] 879722K->676637K(1013632K), 0.0159993 secs] [Times: user=0.12 sys=0.00, real=0.01 secs] 
2021-01-22T01:15:33.209+0800: 51.848: [GC (Allocation Failure) 2021-01-22T01:15:33.210+0800: 51.848: [ParNew: 314559K->314559K(314560K), 0.0002233 secs]2021-01-22T01:15:33.210+0800: 51.849: [CMS2021-01-22T01:15:33.210+0800: 51.849: [CMS-concurrent-abortable-preclean: 0.005/0.130 secs] [Times: user=0.34 sys=0.00, real=0.13 secs] 
 (concurrent mode failure): 641693K->366026K(699072K), 0.0482168 secs] 956253K->366026K(1013632K), [Metaspace: 2817K->2817K(1056768K)], 0.0598303 secs] [Times: user=0.05 sys=0.00, real=0.06 secs] 
2021-01-22T01:15:33.309+0800: 51.948: [GC (Allocation Failure) 2021-01-22T01:15:33.309+0800: 51.948: [ParNew: 279616K->34943K(314560K), 0.0148457 secs] 645642K->452528K(1013632K), 0.0157483 secs] [Times: user=0.11 sys=0.00, real=0.01 secs] 
2021-01-22T01:15:33.366+0800: 52.005: [GC (Allocation Failure) 2021-01-22T01:15:33.367+0800: 52.005: [ParNew: 314559K->34942K(314560K), 0.0144914 secs] 732144K->523564K(1013632K), 0.0152358 secs] [Times: user=0.11 sys=0.00, real=0.02 secs] 
2021-01-22T01:15:33.383+0800: 52.021: [GC (CMS Initial Mark) [1 CMS-initial-mark: 488621K(699072K)] 529907K(1013632K), 0.0014339 secs] [Times: user=0.00 sys=0.00, real=0.00 secs] 
2021-01-22T01:15:33.385+0800: 52.023: [CMS-concurrent-mark-start]
2021-01-22T01:15:33.386+0800: 52.025: [CMS-concurrent-mark: 0.002/0.002 secs] [Times: user=0.00 sys=0.00, real=0.00 secs] 
2021-01-22T01:15:33.387+0800: 52.025: [CMS-concurrent-preclean-start]
2021-01-22T01:15:33.387+0800: 52.026: [CMS-concurrent-preclean: 0.001/0.001 secs] [Times: user=0.00 sys=0.00, real=0.00 secs] 
2021-01-22T01:15:33.388+0800: 52.026: [CMS-concurrent-abortable-preclean-start]
2021-01-22T01:15:33.419+0800: 52.057: [GC (Allocation Failure) 2021-01-22T01:15:33.419+0800: 52.057: [ParNew: 314558K->34942K(314560K), 0.0152002 secs] 803180K->607192K(1013632K), 0.0158913 secs] [Times: user=0.11 sys=0.00, real=0.01 secs] 
2021-01-22T01:15:33.465+0800: 52.104: [GC (Allocation Failure) 2021-01-22T01:15:33.466+0800: 52.104: [ParNew: 314558K->34943K(314560K), 0.0160553 secs] 886808K->697970K(1013632K), 0.0168934 secs] [Times: user=0.12 sys=0.00, real=0.02 secs] 
2021-01-22T01:15:33.484+0800: 52.123: [CMS-concurrent-abortable-preclean: 0.004/0.096 secs] [Times: user=0.30 sys=0.00, real=0.10 secs] 
2021-01-22T01:15:33.485+0800: 52.123: [GC (CMS Final Remark) [YG occupancy: 46858 K (314560 K)]2021-01-22T01:15:33.485+0800: 52.124: [Rescan (parallel) , 0.0010622 secs]2021-01-22T01:15:33.487+0800: 52.125: [weak refs processing, 0.0004304 secs]2021-01-22T01:15:33.487+0800: 52.126: [class unloading, 0.0004290 secs]2021-01-22T01:15:33.488+0800: 52.127: [scrub symbol table, 0.0004563 secs]2021-01-22T01:15:33.489+0800: 52.127: [scrub string table, 0.0005488 secs][1 CMS-remark: 663026K(699072K)] 709884K(1013632K), 0.0046735 secs] [Times: user=0.00 sys=0.00, real=0.01 secs] 
2021-01-22T01:15:33.491+0800: 52.129: [CMS-concurrent-sweep-start]
2021-01-22T01:15:33.492+0800: 52.130: [CMS-concurrent-sweep: 0.001/0.001 secs] [Times: user=0.01 sys=0.00, real=0.00 secs] 
2021-01-22T01:15:33.492+0800: 52.130: [CMS-concurrent-reset-start]
2021-01-22T01:15:33.492+0800: 52.131: [CMS-concurrent-reset: 0.001/0.001 secs] [Times: user=0.00 sys=0.00, real=0.00 secs] 
2021-01-22T01:15:33.525+0800: 52.164: [GC (Allocation Failure) 2021-01-22T01:15:33.526+0800: 52.164: [ParNew: 314559K->34943K(314560K), 0.0225760 secs] 813038K->603112K(1013632K), 0.0232872 secs] [Times: user=0.17 sys=0.00, real=0.03 secs] 
2021-01-22T01:15:33.549+0800: 52.188: [GC (CMS Initial Mark) [1 CMS-initial-mark: 568169K(699072K)] 608953K(1013632K), 0.0012382 secs] [Times: user=0.01 sys=0.00, real=0.00 secs] 
2021-01-22T01:15:33.551+0800: 52.190: [CMS-concurrent-mark-start]
2021-01-22T01:15:33.553+0800: 52.192: [CMS-concurrent-mark: 0.002/0.002 secs] [Times: user=0.00 sys=0.00, real=0.00 secs] 
2021-01-22T01:15:33.554+0800: 52.192: [CMS-concurrent-preclean-start]
2021-01-22T01:15:33.554+0800: 52.193: [CMS-concurrent-preclean: 0.001/0.001 secs] [Times: user=0.00 sys=0.00, real=0.00 secs] 
2021-01-22T01:15:33.555+0800: 52.193: [CMS-concurrent-abortable-preclean-start]
2021-01-22T01:15:33.585+0800: 52.224: [GC (Allocation Failure) 2021-01-22T01:15:33.586+0800: 52.224: [ParNew: 314559K->34943K(314560K), 0.0149830 secs] 882728K->679689K(1013632K), 0.0156822 secs] [Times: user=0.11 sys=0.00, real=0.02 secs] 
2021-01-22T01:15:33.634+0800: 52.273: [GC (Allocation Failure) 2021-01-22T01:15:33.635+0800: 52.273: [ParNew: 314559K->314559K(314560K), 0.0003565 secs]2021-01-22T01:15:33.635+0800: 52.274: [CMS2021-01-22T01:15:33.636+0800: 52.274: [CMS-concurrent-abortable-preclean: 0.003/0.081 secs] [Times: user=0.18 sys=0.00, real=0.08 secs] 
 (concurrent mode failure): 644745K->367493K(699072K), 0.0479366 secs] 959305K->367493K(1013632K), [Metaspace: 2817K->2817K(1056768K)], 0.0496656 secs] [Times: user=0.05 sys=0.00, real=0.05 secs] 
2021-01-22T01:15:33.716+0800: 52.354: [GC (Allocation Failure) 2021-01-22T01:15:33.716+0800: 52.355: [ParNew: 279616K->34942K(314560K), 0.0116206 secs] 647109K->461628K(1013632K), 0.0124497 secs] [Times: user=0.09 sys=0.00, real=0.02 secs] 
2021-01-22T01:15:33.761+0800: 52.400: [GC (Allocation Failure) 2021-01-22T01:15:33.762+0800: 52.400: [ParNew: 314558K->34943K(314560K), 0.0143991 secs] 741244K->542754K(1013632K), 0.0152028 secs] [Times: user=0.11 sys=0.00, real=0.01 secs] 
2021-01-22T01:15:33.777+0800: 52.416: [GC (CMS Initial Mark) [1 CMS-initial-mark: 507810K(699072K)] 548901K(1013632K), 0.0016184 secs] [Times: user=0.00 sys=0.00, real=0.01 secs] 
2021-01-22T01:15:33.780+0800: 52.418: [CMS-concurrent-mark-start]
2021-01-22T01:15:33.782+0800: 52.420: [CMS-concurrent-mark: 0.002/0.002 secs] [Times: user=0.00 sys=0.01, real=0.00 secs] 
2021-01-22T01:15:33.798+0800: 52.437: [CMS-concurrent-preclean-start]
2021-01-22T01:15:33.799+0800: 52.438: [CMS-concurrent-preclean: 0.001/0.001 secs] [Times: user=0.00 sys=0.00, real=0.00 secs] 
2021-01-22T01:15:33.799+0800: 52.438: [CMS-concurrent-abortable-preclean-start]
2021-01-22T01:15:33.814+0800: 52.453: [GC (Allocation Failure) 2021-01-22T01:15:33.814+0800: 52.453: [ParNew: 314559K->34943K(314560K), 0.0133363 secs] 822370K->621618K(1013632K), 0.0141170 secs] [Times: user=0.11 sys=0.00, real=0.02 secs] 
2021-01-22T01:15:33.861+0800: 52.500: [GC (Allocation Failure) 2021-01-22T01:15:33.862+0800: 52.500: [ParNew: 314559K->34943K(314560K), 0.0136149 secs] 901234K->693806K(1013632K), 0.0144565 secs] [Times: user=0.10 sys=0.00, real=0.01 secs] 
2021-01-22T01:15:33.878+0800: 52.516: [CMS-concurrent-abortable-preclean: 0.004/0.078 secs] [Times: user=0.25 sys=0.00, real=0.07 secs] 
2021-01-22T01:15:33.899+0800: 52.537: [GC (CMS Final Remark) [YG occupancy: 216317 K (314560 K)]2021-01-22T01:15:33.899+0800: 52.538: [Rescan (parallel) , 0.0015396 secs]2021-01-22T01:15:33.901+0800: 52.540: [weak refs processing, 0.0002634 secs]2021-01-22T01:15:33.902+0800: 52.540: [class unloading, 0.0004103 secs]2021-01-22T01:15:33.902+0800: 52.541: [scrub symbol table, 0.0005996 secs]2021-01-22T01:15:33.903+0800: 52.542: [scrub string table, 0.0005146 secs][1 CMS-remark: 658863K(699072K)] 875180K(1013632K), 0.0055201 secs] [Times: user=0.01 sys=0.00, real=0.00 secs] 
2021-01-22T01:15:33.905+0800: 52.543: [CMS-concurrent-sweep-start]
2021-01-22T01:15:33.906+0800: 52.544: [CMS-concurrent-sweep: 0.001/0.001 secs] [Times: user=0.00 sys=0.00, real=0.00 secs] 
2021-01-22T01:15:33.906+0800: 52.545: [CMS-concurrent-reset-start]
2021-01-22T01:15:33.907+0800: 52.546: [CMS-concurrent-reset: 0.001/0.001 secs] [Times: user=0.00 sys=0.00, real=0.00 secs] 
2021-01-22T01:15:33.917+0800: 52.556: [GC (Allocation Failure) 2021-01-22T01:15:33.917+0800: 52.556: [ParNew: 314559K->34943K(314560K), 0.0143515 secs] 807933K->604798K(1013632K), 0.0151575 secs] [Times: user=0.09 sys=0.01, real=0.02 secs] 
2021-01-22T01:15:33.933+0800: 52.572: [GC (CMS Initial Mark) [1 CMS-initial-mark: 569854K(699072K)] 610648K(1013632K), 0.0013240 secs] [Times: user=0.00 sys=0.00, real=0.00 secs] 
2021-01-22T01:15:33.935+0800: 52.574: [CMS-concurrent-mark-start]
2021-01-22T01:15:33.938+0800: 52.576: [CMS-concurrent-mark: 0.002/0.002 secs] [Times: user=0.01 sys=0.00, real=0.00 secs] 
2021-01-22T01:15:33.948+0800: 52.587: [CMS-concurrent-preclean-start]
2021-01-22T01:15:33.949+0800: 52.588: [CMS-concurrent-preclean: 0.001/0.001 secs] [Times: user=0.00 sys=0.00, real=0.00 secs] 
2021-01-22T01:15:33.949+0800: 52.588: [CMS-concurrent-abortable-preclean-start]
2021-01-22T01:15:33.967+0800: 52.605: [GC (Allocation Failure) 2021-01-22T01:15:33.967+0800: 52.606: [ParNew: 314559K->34942K(314560K), 0.0189098 secs] 884414K->681009K(1013632K), 0.0196358 secs] [Times: user=0.14 sys=0.00, real=0.02 secs] 
2021-01-22T01:15:33.988+0800: 52.627: [CMS-concurrent-abortable-preclean: 0.002/0.039 secs] [Times: user=0.16 sys=0.00, real=0.04 secs] 
2021-01-22T01:15:33.989+0800: 52.628: [GC (CMS Final Remark) [YG occupancy: 60550 K (314560 K)]2021-01-22T01:15:33.990+0800: 52.628: [Rescan (parallel) , 0.0034030 secs]2021-01-22T01:15:33.993+0800: 52.632: [weak refs processing, 0.0003806 secs]2021-01-22T01:15:33.994+0800: 52.633: [class unloading, 0.0005908 secs]2021-01-22T01:15:33.995+0800: 52.633: [scrub symbol table, 0.0007319 secs]2021-01-22T01:15:33.996+0800: 52.635: [scrub string table, 0.0003715 secs][1 CMS-remark: 646066K(699072K)] 706617K(1013632K), 0.0074120 secs] [Times: user=0.03 sys=0.00, real=0.00 secs] 
2021-01-22T01:15:33.997+0800: 52.636: [CMS-concurrent-sweep-start]
2021-01-22T01:15:33.998+0800: 52.637: [CMS-concurrent-sweep: 0.001/0.001 secs] [Times: user=0.00 sys=0.00, real=0.01 secs] 
2021-01-22T01:15:33.999+0800: 52.637: [CMS-concurrent-reset-start]
2021-01-22T01:15:33.999+0800: 52.638: [CMS-concurrent-reset: 0.001/0.001 secs] [Times: user=0.00 sys=0.00, real=0.00 secs] 
2021-01-22T01:15:34.033+0800: 52.671: [GC (Allocation Failure) 2021-01-22T01:15:34.033+0800: 52.672: [ParNew: 314558K->34943K(314560K), 0.0196422 secs] 706364K->507111K(1013632K), 0.0206464 secs] [Times: user=0.14 sys=0.00, real=0.02 secs] 
2021-01-22T01:15:34.055+0800: 52.693: [GC (CMS Initial Mark) [1 CMS-initial-mark: 472168K(699072K)] 512846K(1013632K), 0.0011640 secs] [Times: user=0.01 sys=0.00, real=0.00 secs] 
2021-01-22T01:15:34.056+0800: 52.695: [CMS-concurrent-mark-start]
2021-01-22T01:15:34.059+0800: 52.697: [CMS-concurrent-mark: 0.002/0.002 secs] [Times: user=0.00 sys=0.00, real=0.01 secs] 
2021-01-22T01:15:34.059+0800: 52.698: [CMS-concurrent-preclean-start]
2021-01-22T01:15:34.060+0800: 52.698: [CMS-concurrent-preclean: 0.001/0.001 secs] [Times: user=0.00 sys=0.00, real=0.00 secs] 
2021-01-22T01:15:34.060+0800: 52.699: [CMS-concurrent-abortable-preclean-start]
2021-01-22T01:15:34.090+0800: 52.729: [GC (Allocation Failure) 2021-01-22T01:15:34.090+0800: 52.729: [ParNew: 314559K->34943K(314560K), 0.0138385 secs] 786727K->582500K(1013632K), 0.0143100 secs] [Times: user=0.10 sys=0.00, real=0.01 secs] 
2021-01-22T01:15:34.139+0800: 52.777: [GC (Allocation Failure) 2021-01-22T01:15:34.139+0800: 52.778: [ParNew: 314559K->34943K(314560K), 0.0145731 secs] 862116K->659116K(1013632K), 0.0152168 secs] [Times: user=0.11 sys=0.00, real=0.01 secs] 
2021-01-22T01:15:34.186+0800: 52.825: [GC (Allocation Failure) 2021-01-22T01:15:34.187+0800: 52.825: [ParNew: 314559K->314559K(314560K), 0.0003616 secs]2021-01-22T01:15:34.187+0800: 52.826: [CMS2021-01-22T01:15:34.188+0800: 52.826: [CMS-concurrent-abortable-preclean: 0.005/0.128 secs] [Times: user=0.33 sys=0.00, real=0.12 secs] 
 (concurrent mode failure): 624172K->371237K(699072K), 0.0508286 secs] 938732K->371237K(1013632K), [Metaspace: 2817K->2817K(1056768K)], 0.0522915 secs] [Times: user=0.05 sys=0.00, real=0.06 secs] 
2021-01-22T01:15:34.273+0800: 52.911: [GC (Allocation Failure) 2021-01-22T01:15:34.273+0800: 52.912: [ParNew: 279616K->34943K(314560K), 0.0118157 secs] 650853K->462502K(1013632K), 0.0126334 secs] [Times: user=0.09 sys=0.00, real=0.01 secs] 
2021-01-22T01:15:34.321+0800: 52.959: [GC (Allocation Failure) 2021-01-22T01:15:34.321+0800: 52.960: [ParNew: 314559K->34942K(314560K), 0.0150784 secs] 742118K->544923K(1013632K), 0.0158997 secs] [Times: user=0.11 sys=0.00, real=0.01 secs] 
2021-01-22T01:15:34.338+0800: 52.976: [GC (CMS Initial Mark) [1 CMS-initial-mark: 509980K(699072K)] 551306K(1013632K), 0.0015023 secs] [Times: user=0.00 sys=0.00, real=0.01 secs] 
2021-01-22T01:15:34.340+0800: 52.979: [CMS-concurrent-mark-start]
2021-01-22T01:15:34.342+0800: 52.980: [CMS-concurrent-mark: 0.002/0.002 secs] [Times: user=0.00 sys=0.01, real=0.00 secs] 
2021-01-22T01:15:34.342+0800: 52.981: [CMS-concurrent-preclean-start]
2021-01-22T01:15:34.343+0800: 52.982: [CMS-concurrent-preclean: 0.001/0.001 secs] [Times: user=0.00 sys=0.00, real=0.00 secs] 
2021-01-22T01:15:34.344+0800: 52.982: [CMS-concurrent-abortable-preclean-start]
2021-01-22T01:15:34.374+0800: 53.013: [GC (Allocation Failure) 2021-01-22T01:15:34.375+0800: 53.013: [ParNew: 314558K->34942K(314560K), 0.0130257 secs] 824539K->620773K(1013632K), 0.0139902 secs] [Times: user=0.10 sys=0.00, real=0.02 secs] 
2021-01-22T01:15:34.421+0800: 53.060: [GC (Allocation Failure) 2021-01-22T01:15:34.422+0800: 53.060: [ParNew: 314558K->34943K(314560K), 0.0147048 secs] 900389K->704623K(1013632K), 0.0155826 secs] [Times: user=0.11 sys=0.00, real=0.01 secs] 
2021-01-22T01:15:34.438+0800: 53.076: [CMS-concurrent-abortable-preclean: 0.003/0.094 secs] [Times: user=0.27 sys=0.00, real=0.09 secs] 
2021-01-22T01:15:34.438+0800: 53.077: [GC (CMS Final Remark) [YG occupancy: 40562 K (314560 K)]2021-01-22T01:15:34.439+0800: 53.077: [Rescan (parallel) , 0.0018329 secs]2021-01-22T01:15:34.441+0800: 53.080: [weak refs processing, 0.0003705 secs]2021-01-22T01:15:34.442+0800: 53.081: [class unloading, 0.0004846 secs]2021-01-22T01:15:34.443+0800: 53.081: [scrub symbol table, 0.0008055 secs]2021-01-22T01:15:34.444+0800: 53.082: [scrub string table, 0.0005071 secs][1 CMS-remark: 669679K(699072K)] 710242K(1013632K), 0.0063425 secs] [Times: user=0.00 sys=0.01, real=0.00 secs] 
2021-01-22T01:15:34.446+0800: 53.084: [CMS-concurrent-sweep-start]
2021-01-22T01:15:34.446+0800: 53.085: [CMS-concurrent-sweep: 0.001/0.001 secs] [Times: user=0.00 sys=0.00, real=0.00 secs] 
2021-01-22T01:15:34.447+0800: 53.085: [CMS-concurrent-reset-start]
2021-01-22T01:15:34.448+0800: 53.086: [CMS-concurrent-reset: 0.001/0.001 secs] [Times: user=0.00 sys=0.00, real=0.00 secs] 
2021-01-22T01:15:34.483+0800: 53.121: [GC (Allocation Failure) 2021-01-22T01:15:34.483+0800: 53.122: [ParNew: 314559K->34943K(314560K), 0.0153488 secs] 816599K->610411K(1013632K), 0.0161787 secs] [Times: user=0.10 sys=0.01, real=0.02 secs] 
2021-01-22T01:15:34.500+0800: 53.138: [GC (CMS Initial Mark) [1 CMS-initial-mark: 575467K(699072K)] 616338K(1013632K), 0.0015427 secs] [Times: user=0.00 sys=0.00, real=0.00 secs] 
2021-01-22T01:15:34.502+0800: 53.141: [CMS-concurrent-mark-start]
2021-01-22T01:15:34.505+0800: 53.144: [CMS-concurrent-mark: 0.003/0.003 secs] [Times: user=0.01 sys=0.00, real=0.00 secs] 
2021-01-22T01:15:34.506+0800: 53.144: [CMS-concurrent-preclean-start]
2021-01-22T01:15:34.507+0800: 53.145: [CMS-concurrent-preclean: 0.001/0.001 secs] [Times: user=0.00 sys=0.00, real=0.00 secs] 
2021-01-22T01:15:34.507+0800: 53.145: [CMS-concurrent-abortable-preclean-start]
2021-01-22T01:15:34.538+0800: 53.176: [GC (Allocation Failure) 2021-01-22T01:15:34.538+0800: 53.176: [ParNew: 314559K->34943K(314560K), 0.0155532 secs] 890027K->691776K(1013632K), 0.0165296 secs] [Times: user=0.11 sys=0.00, real=0.02 secs] 
2021-01-22T01:15:34.556+0800: 53.195: [CMS-concurrent-abortable-preclean: 0.002/0.049 secs] [Times: user=0.16 sys=0.00, real=0.05 secs] 
2021-01-22T01:15:34.557+0800: 53.196: [GC (CMS Final Remark) [YG occupancy: 52824 K (314560 K)]2021-01-22T01:15:34.557+0800: 53.196: [Rescan (parallel) , 0.0013442 secs]2021-01-22T01:15:34.559+0800: 53.198: [weak refs processing, 0.0003081 secs]2021-01-22T01:15:34.560+0800: 53.198: [class unloading, 0.0004870 secs]2021-01-22T01:15:34.561+0800: 53.199: [scrub symbol table, 0.0005947 secs]2021-01-22T01:15:34.561+0800: 53.200: [scrub string table, 0.0004043 secs][1 CMS-remark: 656833K(699072K)] 709657K(1013632K), 0.0051134 secs] [Times: user=0.00 sys=0.01, real=0.01 secs] 
2021-01-22T01:15:34.563+0800: 53.202: [CMS-concurrent-sweep-start]
2021-01-22T01:15:34.564+0800: 53.202: [CMS-concurrent-sweep: 0.001/0.001 secs] [Times: user=0.00 sys=0.00, real=0.00 secs] 
2021-01-22T01:15:34.564+0800: 53.203: [CMS-concurrent-reset-start]
2021-01-22T01:15:34.565+0800: 53.203: [CMS-concurrent-reset: 0.000/0.000 secs] [Times: user=0.00 sys=0.00, real=0.00 secs] 
2021-01-22T01:15:34.595+0800: 53.233: [GC (Allocation Failure) 2021-01-22T01:15:34.595+0800: 53.234: [ParNew: 314559K->34941K(314560K), 0.0152593 secs] 732636K->533147K(1013632K), 0.0159098 secs] [Times: user=0.11 sys=0.00, real=0.02 secs] 
2021-01-22T01:15:34.611+0800: 53.250: [GC (CMS Initial Mark) [1 CMS-initial-mark: 498206K(699072K)] 539042K(1013632K), 0.0010311 secs] [Times: user=0.01 sys=0.00, real=0.00 secs] 
2021-01-22T01:15:34.613+0800: 53.252: [CMS-concurrent-mark-start]
2021-01-22T01:15:34.615+0800: 53.254: [CMS-concurrent-mark: 0.002/0.002 secs] [Times: user=0.00 sys=0.00, real=0.00 secs] 
2021-01-22T01:15:34.616+0800: 53.254: [CMS-concurrent-preclean-start]
2021-01-22T01:15:34.616+0800: 53.255: [CMS-concurrent-preclean: 0.001/0.001 secs] [Times: user=0.00 sys=0.00, real=0.00 secs] 
2021-01-22T01:15:34.617+0800: 53.255: [CMS-concurrent-abortable-preclean-start]
2021-01-22T01:15:34.647+0800: 53.286: [GC (Allocation Failure) 2021-01-22T01:15:34.648+0800: 53.286: [ParNew: 314557K->34943K(314560K), 0.0138811 secs] 812763K->607638K(1013632K), 0.0146673 secs] [Times: user=0.10 sys=0.00, real=0.02 secs] 
2021-01-22T01:15:34.693+0800: 53.332: [GC (Allocation Failure) 2021-01-22T01:15:34.694+0800: 53.332: [ParNew: 314143K->34942K(314560K), 0.0147625 secs] 886838K->689137K(1013632K), 0.0154767 secs] [Times: user=0.11 sys=0.00, real=0.02 secs] 
2021-01-22T01:15:34.711+0800: 53.349: [CMS-concurrent-abortable-preclean: 0.004/0.094 secs] [Times: user=0.28 sys=0.00, real=0.10 secs] 
2021-01-22T01:15:34.711+0800: 53.350: [GC (CMS Final Remark) [YG occupancy: 46770 K (314560 K)]2021-01-22T01:15:34.711+0800: 53.350: [Rescan (parallel) , 0.0015904 secs]2021-01-22T01:15:34.713+0800: 53.352: [weak refs processing, 0.0002957 secs]2021-01-22T01:15:34.714+0800: 53.353: [class unloading, 0.0005117 secs]2021-01-22T01:15:34.715+0800: 53.353: [scrub symbol table, 0.0006691 secs]2021-01-22T01:15:34.716+0800: 53.354: [scrub string table, 0.0004056 secs][1 CMS-remark: 654194K(699072K)] 700964K(1013632K), 0.0052950 secs] [Times: user=0.01 sys=0.00, real=0.00 secs] 
2021-01-22T01:15:34.717+0800: 53.356: [CMS-concurrent-sweep-start]
2021-01-22T01:15:34.718+0800: 53.357: [CMS-concurrent-sweep: 0.001/0.001 secs] [Times: user=0.00 sys=0.00, real=0.00 secs] 
2021-01-22T01:15:34.718+0800: 53.357: [CMS-concurrent-reset-start]
2021-01-22T01:15:34.719+0800: 53.357: [CMS-concurrent-reset: 0.000/0.000 secs] [Times: user=0.00 sys=0.00, real=0.00 secs] 
2021-01-22T01:15:34.750+0800: 53.388: [GC (Allocation Failure) 2021-01-22T01:15:34.750+0800: 53.389: [ParNew: 314558K->34943K(314560K), 0.0156004 secs] 814760K->623091K(1013632K), 0.0163807 secs] [Times: user=0.12 sys=0.00, real=0.01 secs] 
2021-01-22T01:15:34.767+0800: 53.406: [GC (CMS Initial Mark) [1 CMS-initial-mark: 588148K(699072K)] 628837K(1013632K), 0.0011746 secs] [Times: user=0.00 sys=0.01, real=0.01 secs] 
2021-01-22T01:15:34.769+0800: 53.408: [CMS-concurrent-mark-start]
2021-01-22T01:15:34.771+0800: 53.410: [CMS-concurrent-mark: 0.002/0.002 secs] [Times: user=0.00 sys=0.00, real=0.00 secs] 
2021-01-22T01:15:34.772+0800: 53.410: [CMS-concurrent-preclean-start]
2021-01-22T01:15:34.773+0800: 53.412: [CMS-concurrent-preclean: 0.002/0.002 secs] [Times: user=0.00 sys=0.01, real=0.00 secs] 
2021-01-22T01:15:34.774+0800: 53.412: [CMS-concurrent-abortable-preclean-start]
2021-01-22T01:15:34.802+0800: 53.441: [GC (Allocation Failure) 2021-01-22T01:15:34.803+0800: 53.441: [ParNew: 314559K->34943K(314560K), 0.0152890 secs] 902707K->702081K(1013632K), 0.0161283 secs] [Times: user=0.12 sys=0.00, real=0.02 secs] 
2021-01-22T01:15:34.819+0800: 53.458: [CMS-concurrent-abortable-preclean: 0.001/0.045 secs] [Times: user=0.15 sys=0.00, real=0.05 secs] 
2021-01-22T01:15:34.820+0800: 53.458: [GC (CMS Final Remark) [YG occupancy: 41079 K (314560 K)]2021-01-22T01:15:34.820+0800: 53.459: [Rescan (parallel) , 0.0016100 secs]2021-01-22T01:15:34.822+0800: 53.461: [weak refs processing, 0.0003383 secs]2021-01-22T01:15:34.823+0800: 53.461: [class unloading, 0.0003369 secs]2021-01-22T01:15:34.823+0800: 53.462: [scrub symbol table, 0.0004592 secs]2021-01-22T01:15:34.824+0800: 53.462: [scrub string table, 0.0003070 secs][1 CMS-remark: 667137K(699072K)] 708216K(1013632K), 0.0046689 secs] [Times: user=0.00 sys=0.00, real=0.00 secs] 
2021-01-22T01:15:34.825+0800: 53.463: [CMS-concurrent-sweep-start]
2021-01-22T01:15:34.826+0800: 53.465: [CMS-concurrent-sweep: 0.001/0.001 secs] [Times: user=0.00 sys=0.00, real=0.00 secs] 
2021-01-22T01:15:34.826+0800: 53.465: [CMS-concurrent-reset-start]
2021-01-22T01:15:34.827+0800: 53.466: [CMS-concurrent-reset: 0.001/0.001 secs] [Times: user=0.00 sys=0.00, real=0.00 secs] 
2021-01-22T01:15:34.860+0800: 53.498: [GC (Allocation Failure) 2021-01-22T01:15:34.860+0800: 53.498: [ParNew: 314559K->34941K(314560K), 0.0171182 secs] 754112K->561082K(1013632K), 0.0178486 secs] [Times: user=0.13 sys=0.00, real=0.01 secs] 
2021-01-22T01:15:34.878+0800: 53.517: [GC (CMS Initial Mark) [1 CMS-initial-mark: 526141K(699072K)] 567793K(1013632K), 0.0011834 secs] [Times: user=0.00 sys=0.00, real=0.00 secs] 
2021-01-22T01:15:34.880+0800: 53.519: [CMS-concurrent-mark-start]
2021-01-22T01:15:34.883+0800: 53.521: [CMS-concurrent-mark: 0.003/0.003 secs] [Times: user=0.00 sys=0.00, real=0.00 secs] 
2021-01-22T01:15:34.898+0800: 53.537: [CMS-concurrent-preclean-start]
2021-01-22T01:15:34.899+0800: 53.538: [CMS-concurrent-preclean: 0.001/0.001 secs] [Times: user=0.00 sys=0.00, real=0.00 secs] 
2021-01-22T01:15:34.900+0800: 53.538: [CMS-concurrent-abortable-preclean-start]
2021-01-22T01:15:34.913+0800: 53.552: [GC (Allocation Failure) 2021-01-22T01:15:34.913+0800: 53.552: [ParNew: 314557K->34942K(314560K), 0.0153606 secs] 840698K->642142K(1013632K), 0.0161339 secs] [Times: user=0.11 sys=0.00, real=0.02 secs] 
2021-01-22T01:15:34.963+0800: 53.602: [GC (Allocation Failure) 2021-01-22T01:15:34.963+0800: 53.602: [ParNew: 314558K->34943K(314560K), 0.0154027 secs] 921758K->721860K(1013632K), 0.0162665 secs] [Times: user=0.11 sys=0.00, real=0.02 secs] 
2021-01-22T01:15:34.980+0800: 53.618: [CMS-concurrent-abortable-preclean: 0.003/0.080 secs] [Times: user=0.29 sys=0.00, real=0.08 secs] 
2021-01-22T01:15:34.980+0800: 53.619: [GC (CMS Final Remark) [YG occupancy: 40949 K (314560 K)]2021-01-22T01:15:34.981+0800: 53.619: [Rescan (parallel) , 0.0011236 secs]2021-01-22T01:15:34.982+0800: 53.620: [weak refs processing, 0.0002380 secs]2021-01-22T01:15:34.982+0800: 53.621: [class unloading, 0.0003783 secs]2021-01-22T01:15:34.983+0800: 53.622: [scrub symbol table, 0.0004840 secs]2021-01-22T01:15:34.984+0800: 53.622: [scrub string table, 0.0004054 secs][1 CMS-remark: 686917K(699072K)] 727866K(1013632K), 0.0039951 secs] [Times: user=0.00 sys=0.00, real=0.00 secs] 
2021-01-22T01:15:34.985+0800: 53.623: [CMS-concurrent-sweep-start]
2021-01-22T01:15:34.986+0800: 53.624: [CMS-concurrent-sweep: 0.001/0.001 secs] [Times: user=0.00 sys=0.00, real=0.00 secs] 
2021-01-22T01:15:34.986+0800: 53.625: [CMS-concurrent-reset-start]
2021-01-22T01:15:34.987+0800: 53.625: [CMS-concurrent-reset: 0.000/0.000 secs] [Times: user=0.00 sys=0.00, real=0.00 secs] 
2021-01-22T01:15:35.015+0800: 53.654: [GC (Allocation Failure) 2021-01-22T01:15:35.015+0800: 53.654: [ParNew: 314559K->34941K(314560K), 0.0159087 secs] 832614K->639316K(1013632K), 0.0166671 secs] [Times: user=0.12 sys=0.00, real=0.02 secs] 
2021-01-22T01:15:35.033+0800: 53.671: [GC (CMS Initial Mark) [1 CMS-initial-mark: 604375K(699072K)] 645637K(1013632K), 0.0012769 secs] [Times: user=0.00 sys=0.00, real=0.00 secs] 
2021-01-22T01:15:35.035+0800: 53.673: [CMS-concurrent-mark-start]
2021-01-22T01:15:35.037+0800: 53.675: [CMS-concurrent-mark: 0.002/0.002 secs] [Times: user=0.01 sys=0.00, real=0.00 secs] 
2021-01-22T01:15:35.037+0800: 53.676: [CMS-concurrent-preclean-start]
2021-01-22T01:15:35.038+0800: 53.677: [CMS-concurrent-preclean: 0.001/0.001 secs] [Times: user=0.00 sys=0.00, real=0.01 secs] 
2021-01-22T01:15:35.039+0800: 53.677: [CMS-concurrent-abortable-preclean-start]
2021-01-22T01:15:35.068+0800: 53.706: [GC (Allocation Failure) 2021-01-22T01:15:35.068+0800: 53.707: [ParNew: 314557K->34942K(314560K), 0.0155825 secs] 918932K->720347K(1013632K), 0.0163723 secs] [Times: user=0.12 sys=0.00, real=0.02 secs] 
2021-01-22T01:15:35.085+0800: 53.724: [CMS-concurrent-abortable-preclean: 0.001/0.046 secs] [Times: user=0.15 sys=0.00, real=0.04 secs] 
2021-01-22T01:15:35.086+0800: 53.724: [GC (CMS Final Remark) [YG occupancy: 40602 K (314560 K)]2021-01-22T01:15:35.086+0800: 53.725: [Rescan (parallel) , 0.0018463 secs]2021-01-22T01:15:35.088+0800: 53.727: [weak refs processing, 0.0003588 secs]2021-01-22T01:15:35.089+0800: 53.728: [class unloading, 0.0008203 secs]2021-01-22T01:15:35.090+0800: 53.729: [scrub symbol table, 0.0006623 secs]2021-01-22T01:15:35.091+0800: 53.730: [scrub string table, 0.0005369 secs][1 CMS-remark: 685404K(699072K)] 726007K(1013632K), 0.0062076 secs] [Times: user=0.01 sys=0.00, real=0.01 secs] 
2021-01-22T01:15:35.093+0800: 53.732: [CMS-concurrent-sweep-start]
2021-01-22T01:15:35.094+0800: 53.733: [CMS-concurrent-sweep: 0.001/0.001 secs] [Times: user=0.00 sys=0.00, real=0.00 secs] 
2021-01-22T01:15:35.095+0800: 53.733: [CMS-concurrent-reset-start]
2021-01-22T01:15:35.095+0800: 53.734: [CMS-concurrent-reset: 0.001/0.001 secs] [Times: user=0.00 sys=0.00, real=0.00 secs] 
2021-01-22T01:15:35.128+0800: 53.766: [GC (Allocation Failure) 2021-01-22T01:15:35.128+0800: 53.766: [ParNew: 314558K->34942K(314560K), 0.0192772 secs] 752239K->552963K(1013632K), 0.0200163 secs] [Times: user=0.14 sys=0.01, real=0.02 secs] 
2021-01-22T01:15:35.148+0800: 53.787: [GC (CMS Initial Mark) [1 CMS-initial-mark: 518020K(699072K)] 558805K(1013632K), 0.0010390 secs] [Times: user=0.00 sys=0.00, real=0.00 secs] 
2021-01-22T01:15:35.150+0800: 53.789: [CMS-concurrent-mark-start]
2021-01-22T01:15:35.152+0800: 53.791: [CMS-concurrent-mark: 0.002/0.002 secs] [Times: user=0.00 sys=0.00, real=0.00 secs] 
2021-01-22T01:15:35.153+0800: 53.791: [CMS-concurrent-preclean-start]
2021-01-22T01:15:35.154+0800: 53.793: [CMS-concurrent-preclean: 0.001/0.001 secs] [Times: user=0.01 sys=0.00, real=0.00 secs] 
2021-01-22T01:15:35.155+0800: 53.793: [CMS-concurrent-abortable-preclean-start]
2021-01-22T01:15:35.186+0800: 53.825: [GC (Allocation Failure) 2021-01-22T01:15:35.187+0800: 53.825: [ParNew: 314527K->34943K(314560K), 0.0222151 secs] 832548K->637848K(1013632K), 0.0228453 secs] [Times: user=0.17 sys=0.00, real=0.03 secs] 
2021-01-22T01:15:35.242+0800: 53.881: [GC (Allocation Failure) 2021-01-22T01:15:35.242+0800: 53.881: [ParNew: 314559K->34942K(314560K), 0.0149590 secs] 917464K->719780K(1013632K), 0.0155115 secs] [Times: user=0.11 sys=0.00, real=0.01 secs] 
2021-01-22T01:15:35.258+0800: 53.897: [CMS-concurrent-abortable-preclean: 0.003/0.103 secs] [Times: user=0.35 sys=0.00, real=0.10 secs] 
2021-01-22T01:15:35.258+0800: 53.897: [GC (CMS Final Remark) [YG occupancy: 40548 K (314560 K)]2021-01-22T01:15:35.259+0800: 53.897: [Rescan (parallel) , 0.0011176 secs]2021-01-22T01:15:35.260+0800: 53.898: [weak refs processing, 0.0001817 secs]2021-01-22T01:15:35.260+0800: 53.899: [class unloading, 0.0003305 secs]2021-01-22T01:15:35.261+0800: 53.899: [scrub symbol table, 0.0004498 secs]2021-01-22T01:15:35.261+0800: 53.900: [scrub string table, 0.0003185 secs][1 CMS-remark: 684838K(699072K)] 725386K(1013632K), 0.0034068 secs] [Times: user=0.01 sys=0.00, real=0.00 secs] 
2021-01-22T01:15:35.262+0800: 53.901: [CMS-concurrent-sweep-start]
2021-01-22T01:15:35.263+0800: 53.902: [CMS-concurrent-sweep: 0.001/0.001 secs] [Times: user=0.00 sys=0.00, real=0.00 secs] 
2021-01-22T01:15:35.264+0800: 53.902: [CMS-concurrent-reset-start]
2021-01-22T01:15:35.264+0800: 53.903: [CMS-concurrent-reset: 0.000/0.000 secs] [Times: user=0.00 sys=0.00, real=0.00 secs] 
2021-01-22T01:15:35.296+0800: 53.935: [GC (Allocation Failure) 2021-01-22T01:15:35.296+0800: 53.935: [ParNew: 314558K->34943K(314560K), 0.0151888 secs] 821438K->621110K(1013632K), 0.0158030 secs] [Times: user=0.11 sys=0.00, real=0.02 secs] 
2021-01-22T01:15:35.313+0800: 53.952: [GC (CMS Initial Mark) [1 CMS-initial-mark: 586166K(699072K)] 626916K(1013632K), 0.0013034 secs] [Times: user=0.00 sys=0.00, real=0.00 secs] 
2021-01-22T01:15:35.315+0800: 53.954: [CMS-concurrent-mark-start]
2021-01-22T01:15:35.317+0800: 53.956: [CMS-concurrent-mark: 0.002/0.002 secs] [Times: user=0.00 sys=0.00, real=0.00 secs] 
2021-01-22T01:15:35.318+0800: 53.956: [CMS-concurrent-preclean-start]
2021-01-22T01:15:35.318+0800: 53.957: [CMS-concurrent-preclean: 0.001/0.001 secs] [Times: user=0.01 sys=0.00, real=0.01 secs] 
2021-01-22T01:15:35.319+0800: 53.958: [CMS-concurrent-abortable-preclean-start]
2021-01-22T01:15:35.347+0800: 53.985: [GC (Allocation Failure) 2021-01-22T01:15:35.347+0800: 53.986: [ParNew: 314559K->34942K(314560K), 0.0144606 secs] 900726K->701592K(1013632K), 0.0153015 secs] [Times: user=0.11 sys=0.00, real=0.02 secs] 
2021-01-22T01:15:35.363+0800: 54.001: [CMS-concurrent-abortable-preclean: 0.001/0.044 secs] [Times: user=0.14 sys=0.00, real=0.04 secs] 
2021-01-22T01:15:35.363+0800: 54.002: [GC (CMS Final Remark) [YG occupancy: 40953 K (314560 K)]2021-01-22T01:15:35.364+0800: 54.002: [Rescan (parallel) , 0.0013834 secs]2021-01-22T01:15:35.365+0800: 54.004: [weak refs processing, 0.0002710 secs]2021-01-22T01:15:35.366+0800: 54.005: [class unloading, 0.0004276 secs]2021-01-22T01:15:35.367+0800: 54.005: [scrub symbol table, 0.0005165 secs]2021-01-22T01:15:35.367+0800: 54.006: [scrub string table, 0.0004234 secs][1 CMS-remark: 666649K(699072K)] 707603K(1013632K), 0.0045953 secs] [Times: user=0.00 sys=0.00, real=0.01 secs] 
2021-01-22T01:15:35.369+0800: 54.007: [CMS-concurrent-sweep-start]
2021-01-22T01:15:35.370+0800: 54.008: [CMS-concurrent-sweep: 0.001/0.001 secs] [Times: user=0.00 sys=0.00, real=0.00 secs] 
2021-01-22T01:15:35.370+0800: 54.009: [CMS-concurrent-reset-start]
2021-01-22T01:15:35.371+0800: 54.009: [CMS-concurrent-reset: 0.000/0.000 secs] [Times: user=0.00 sys=0.00, real=0.00 secs] 
2021-01-22T01:15:35.402+0800: 54.041: [GC (Allocation Failure) 2021-01-22T01:15:35.403+0800: 54.041: [ParNew: 314558K->34943K(314560K), 0.0149453 secs] 744497K->549457K(1013632K), 0.0156658 secs] [Times: user=0.11 sys=0.00, real=0.02 secs] 
2021-01-22T01:15:35.419+0800: 54.058: [GC (CMS Initial Mark) [1 CMS-initial-mark: 514513K(699072K)] 555712K(1013632K), 0.0012054 secs] [Times: user=0.00 sys=0.00, real=0.00 secs] 
2021-01-22T01:15:35.421+0800: 54.059: [CMS-concurrent-mark-start]
2021-01-22T01:15:35.423+0800: 54.062: [CMS-concurrent-mark: 0.002/0.002 secs] [Times: user=0.01 sys=0.00, real=0.00 secs] 
2021-01-22T01:15:35.424+0800: 54.062: [CMS-concurrent-preclean-start]
2021-01-22T01:15:35.425+0800: 54.063: [CMS-concurrent-preclean: 0.001/0.001 secs] [Times: user=0.00 sys=0.00, real=0.00 secs] 
2021-01-22T01:15:35.425+0800: 54.064: [CMS-concurrent-abortable-preclean-start]
2021-01-22T01:15:35.453+0800: 54.092: [GC (Allocation Failure) 2021-01-22T01:15:35.453+0800: 54.092: [ParNew: 314559K->34942K(314560K), 0.0143956 secs] 829073K->624228K(1013632K), 0.0151027 secs] [Times: user=0.10 sys=0.00, real=0.02 secs] 
2021-01-22T01:15:35.500+0800: 54.139: [GC (Allocation Failure) 2021-01-22T01:15:35.501+0800: 54.139: [ParNew: 314558K->34943K(314560K), 0.0145397 secs] 903844K->707863K(1013632K), 0.0153679 secs] [Times: user=0.11 sys=0.00, real=0.01 secs] 
2021-01-22T01:15:35.516+0800: 54.155: [CMS-concurrent-abortable-preclean: 0.004/0.091 secs] [Times: user=0.28 sys=0.00, real=0.09 secs] 
2021-01-22T01:15:35.517+0800: 54.155: [GC (CMS Final Remark) [YG occupancy: 40681 K (314560 K)]2021-01-22T01:15:35.517+0800: 54.156: [Rescan (parallel) , 0.0016974 secs]2021-01-22T01:15:35.519+0800: 54.158: [weak refs processing, 0.0002328 secs]2021-01-22T01:15:35.520+0800: 54.158: [class unloading, 0.0003728 secs]2021-01-22T01:15:35.520+0800: 54.159: [scrub symbol table, 0.0004696 secs]2021-01-22T01:15:35.521+0800: 54.159: [scrub string table, 0.0003494 secs][1 CMS-remark: 672920K(699072K)] 713602K(1013632K), 0.0048533 secs] [Times: user=0.01 sys=0.00, real=0.01 secs] 
2021-01-22T01:15:35.522+0800: 54.161: [CMS-concurrent-sweep-start]
2021-01-22T01:15:35.523+0800: 54.162: [CMS-concurrent-sweep: 0.001/0.001 secs] [Times: user=0.00 sys=0.00, real=0.00 secs] 
2021-01-22T01:15:35.524+0800: 54.162: [CMS-concurrent-reset-start]
2021-01-22T01:15:35.524+0800: 54.163: [CMS-concurrent-reset: 0.000/0.000 secs] [Times: user=0.00 sys=0.00, real=0.00 secs] 
2021-01-22T01:15:35.555+0800: 54.193: [GC (Allocation Failure) 2021-01-22T01:15:35.555+0800: 54.194: [ParNew: 314559K->34942K(314560K), 0.0203905 secs] 821777K->625365K(1013632K), 0.0212332 secs] [Times: user=0.16 sys=0.00, real=0.02 secs] 
2021-01-22T01:15:35.577+0800: 54.215: [GC (CMS Initial Mark) [1 CMS-initial-mark: 590422K(699072K)] 631852K(1013632K), 0.0012546 secs] [Times: user=0.00 sys=0.00, real=0.01 secs] 
2021-01-22T01:15:35.579+0800: 54.217: [CMS-concurrent-mark-start]
2021-01-22T01:15:35.581+0800: 54.220: [CMS-concurrent-mark: 0.002/0.002 secs] [Times: user=0.00 sys=0.00, real=0.00 secs] 
2021-01-22T01:15:35.581+0800: 54.220: [CMS-concurrent-preclean-start]
2021-01-22T01:15:35.582+0800: 54.221: [CMS-concurrent-preclean: 0.001/0.001 secs] [Times: user=0.01 sys=0.00, real=0.00 secs] 
2021-01-22T01:15:35.582+0800: 54.221: [CMS-concurrent-abortable-preclean-start]
2021-01-22T01:15:35.612+0800: 54.251: [GC (Allocation Failure) 2021-01-22T01:15:35.613+0800: 54.251: [ParNew: 314558K->34943K(314560K), 0.0148562 secs] 904981K->704166K(1013632K), 0.0156458 secs] [Times: user=0.11 sys=0.00, real=0.02 secs] 
2021-01-22T01:15:35.629+0800: 54.267: [CMS-concurrent-abortable-preclean: 0.001/0.046 secs] [Times: user=0.14 sys=0.00, real=0.05 secs] 
2021-01-22T01:15:35.649+0800: 54.287: [GC (CMS Final Remark) [YG occupancy: 186920 K (314560 K)]2021-01-22T01:15:35.649+0800: 54.288: [Rescan (parallel) , 0.0018204 secs]2021-01-22T01:15:35.651+0800: 54.290: [weak refs processing, 0.0004616 secs]2021-01-22T01:15:35.652+0800: 54.291: [class unloading, 0.0005051 secs]2021-01-22T01:15:35.653+0800: 54.291: [scrub symbol table, 0.0006190 secs]2021-01-22T01:15:35.654+0800: 54.292: [scrub string table, 0.0004149 secs][1 CMS-remark: 669223K(699072K)] 856144K(1013632K), 0.0059069 secs] [Times: user=0.01 sys=0.00, real=0.00 secs] 
2021-01-22T01:15:35.655+0800: 54.294: [CMS-concurrent-sweep-start]
2021-01-22T01:15:35.657+0800: 54.296: [CMS-concurrent-sweep: 0.002/0.002 secs] [Times: user=0.00 sys=0.00, real=0.00 secs] 
2021-01-22T01:15:35.657+0800: 54.296: [CMS-concurrent-reset-start]
2021-01-22T01:15:35.658+0800: 54.296: [CMS-concurrent-reset: 0.000/0.000 secs] [Times: user=0.00 sys=0.00, real=0.00 secs] 
2021-01-22T01:15:35.670+0800: 54.309: [GC (Allocation Failure) 2021-01-22T01:15:35.671+0800: 54.309: [ParNew: 314559K->34943K(314560K), 0.0137725 secs] 739285K->531123K(1013632K), 0.0147449 secs] [Times: user=0.11 sys=0.00, real=0.01 secs] 
2021-01-22T01:15:35.686+0800: 54.325: [GC (CMS Initial Mark) [1 CMS-initial-mark: 496179K(699072K)] 536900K(1013632K), 0.0015473 secs] [Times: user=0.00 sys=0.00, real=0.01 secs] 
2021-01-22T01:15:35.689+0800: 54.327: [CMS-concurrent-mark-start]
2021-01-22T01:15:35.692+0800: 54.330: [CMS-concurrent-mark: 0.003/0.003 secs] [Times: user=0.01 sys=0.00, real=0.00 secs] 
2021-01-22T01:15:35.692+0800: 54.331: [CMS-concurrent-preclean-start]
2021-01-22T01:15:35.693+0800: 54.331: [CMS-concurrent-preclean: 0.001/0.001 secs] [Times: user=0.00 sys=0.00, real=0.00 secs] 
2021-01-22T01:15:35.693+0800: 54.332: [CMS-concurrent-abortable-preclean-start]
2021-01-22T01:15:35.723+0800: 54.362: [GC (Allocation Failure) 2021-01-22T01:15:35.724+0800: 54.362: [ParNew: 314559K->34942K(314560K), 0.0146781 secs] 810739K->601958K(1013632K), 0.0156683 secs] [Times: user=0.10 sys=0.01, real=0.02 secs] 
2021-01-22T01:15:35.772+0800: 54.411: [GC (Allocation Failure) 2021-01-22T01:15:35.773+0800: 54.412: [ParNew: 314558K->34943K(314560K), 0.0154427 secs] 881574K->686215K(1013632K), 0.0164753 secs] [Times: user=0.11 sys=0.00, real=0.02 secs] 
2021-01-22T01:15:35.821+0800: 54.460: [GC (Allocation Failure) 2021-01-22T01:15:35.822+0800: 54.460: [ParNew: 314452K->314452K(314560K), 0.0002971 secs]2021-01-22T01:15:35.822+0800: 54.461: [CMS2021-01-22T01:15:35.823+0800: 54.461: [CMS-concurrent-abortable-preclean: 0.006/0.129 secs] [Times: user=0.32 sys=0.01, real=0.13 secs] 
 (concurrent mode failure): 651271K->357907K(699072K), 0.0453808 secs] 965724K->357907K(1013632K), [Metaspace: 2817K->2817K(1056768K)], 0.0468342 secs] [Times: user=0.04 sys=0.00, real=0.05 secs] 
2021-01-22T01:15:35.902+0800: 54.540: [GC (Allocation Failure) 2021-01-22T01:15:35.902+0800: 54.541: [ParNew: 279616K->34943K(314560K), 0.0118013 secs] 637523K->449861K(1013632K), 0.0126578 secs] [Times: user=0.08 sys=0.00, real=0.01 secs] 
2021-01-22T01:15:35.953+0800: 54.592: [GC (Allocation Failure) 2021-01-22T01:15:35.953+0800: 54.592: [ParNew: 314559K->34942K(314560K), 0.0144989 secs] 729477K->524830K(1013632K), 0.0153558 secs] [Times: user=0.11 sys=0.00, real=0.02 secs] 
2021-01-22T01:15:35.970+0800: 54.608: [GC (CMS Initial Mark) [1 CMS-initial-mark: 489888K(699072K)] 530491K(1013632K), 0.0014611 secs] [Times: user=0.00 sys=0.00, real=0.00 secs] 
2021-01-22T01:15:35.972+0800: 54.610: [CMS-concurrent-mark-start]
2021-01-22T01:15:35.973+0800: 54.612: [CMS-concurrent-mark: 0.002/0.002 secs] [Times: user=0.00 sys=0.00, real=0.00 secs] 
2021-01-22T01:15:35.974+0800: 54.612: [CMS-concurrent-preclean-start]
2021-01-22T01:15:35.975+0800: 54.613: [CMS-concurrent-preclean: 0.001/0.001 secs] [Times: user=0.01 sys=0.00, real=0.00 secs] 
2021-01-22T01:15:35.975+0800: 54.614: [CMS-concurrent-abortable-preclean-start]
2021-01-22T01:15:36.004+0800: 54.643: [GC (Allocation Failure) 2021-01-22T01:15:36.005+0800: 54.643: [ParNew: 314519K->34943K(314560K), 0.0131515 secs] 804407K->601039K(1013632K), 0.0140295 secs] [Times: user=0.10 sys=0.00, real=0.02 secs] 
2021-01-22T01:15:36.052+0800: 54.691: [GC (Allocation Failure) 2021-01-22T01:15:36.053+0800: 54.691: [ParNew: 314559K->34943K(314560K), 0.0147595 secs] 880655K->678898K(1013632K), 0.0155512 secs] [Times: user=0.09 sys=0.01, real=0.01 secs] 
2021-01-22T01:15:36.106+0800: 54.745: [GC (Allocation Failure) 2021-01-22T01:15:36.107+0800: 54.745: [ParNew: 314559K->314559K(314560K), 0.0002931 secs]2021-01-22T01:15:36.107+0800: 54.746: [CMS2021-01-22T01:15:36.108+0800: 54.746: [CMS-concurrent-abortable-preclean: 0.005/0.132 secs] [Times: user=0.29 sys=0.02, real=0.13 secs] 
 (concurrent mode failure): 643954K->366425K(699072K), 0.0490543 secs] 958514K->366425K(1013632K), [Metaspace: 2817K->2817K(1056768K)], 0.0504562 secs] [Times: user=0.05 sys=0.00, real=0.05 secs] 
2021-01-22T01:15:36.193+0800: 54.832: [GC (Allocation Failure) 2021-01-22T01:15:36.193+0800: 54.832: [ParNew: 279538K->34943K(314560K), 0.0125843 secs] 645963K->454156K(1013632K), 0.0133659 secs] [Times: user=0.09 sys=0.00, real=0.01 secs] 
2021-01-22T01:15:36.244+0800: 54.883: [GC (Allocation Failure) 2021-01-22T01:15:36.245+0800: 54.883: [ParNew: 314559K->34943K(314560K), 0.0155700 secs] 733772K->525829K(1013632K), 0.0163847 secs] [Times: user=0.12 sys=0.00, real=0.02 secs] 
2021-01-22T01:15:36.261+0800: 54.900: [GC (CMS Initial Mark) [1 CMS-initial-mark: 490886K(699072K)] 531658K(1013632K), 0.0011667 secs] [Times: user=0.00 sys=0.00, real=0.00 secs] 
2021-01-22T01:15:36.263+0800: 54.902: [CMS-concurrent-mark-start]
2021-01-22T01:15:36.265+0800: 54.904: [CMS-concurrent-mark: 0.002/0.002 secs] [Times: user=0.00 sys=0.00, real=0.00 secs] 
2021-01-22T01:15:36.266+0800: 54.904: [CMS-concurrent-preclean-start]
2021-01-22T01:15:36.266+0800: 54.905: [CMS-concurrent-preclean: 0.001/0.001 secs] [Times: user=0.00 sys=0.00, real=0.00 secs] 
2021-01-22T01:15:36.267+0800: 54.905: [CMS-concurrent-abortable-preclean-start]
2021-01-22T01:15:36.302+0800: 54.940: [GC (Allocation Failure) 2021-01-22T01:15:36.302+0800: 54.941: [ParNew: 314559K->34942K(314560K), 0.0148893 secs] 805445K->601982K(1013632K), 0.0155242 secs] [Times: user=0.12 sys=0.00, real=0.01 secs] 
2021-01-22T01:15:36.351+0800: 54.989: [GC (Allocation Failure) 2021-01-22T01:15:36.351+0800: 54.990: [ParNew: 314558K->34943K(314560K), 0.0150577 secs] 881598K->682536K(1013632K), 0.0156270 secs] [Times: user=0.12 sys=0.00, real=0.01 secs] 
2021-01-22T01:15:36.398+0800: 55.036: [GC (Allocation Failure) 2021-01-22T01:15:36.398+0800: 55.037: [ParNew: 314559K->314559K(314560K), 0.0002489 secs]2021-01-22T01:15:36.399+0800: 55.037: [CMS2021-01-22T01:15:36.399+0800: 55.037: [CMS-concurrent-abortable-preclean: 0.005/0.132 secs] [Times: user=0.33 sys=0.01, real=0.14 secs] 
 (concurrent mode failure): 647592K->364050K(699072K), 0.0475859 secs] 962152K->364050K(1013632K), [Metaspace: 2817K->2817K(1056768K)], 0.0489070 secs] [Times: user=0.05 sys=0.00, real=0.05 secs] 
2021-01-22T01:15:36.477+0800: 55.116: [GC (Allocation Failure) 2021-01-22T01:15:36.478+0800: 55.116: [ParNew: 279616K->34942K(314560K), 0.0122913 secs] 643666K->454241K(1013632K), 0.0131546 secs] [Times: user=0.08 sys=0.01, real=0.02 secs] 
2021-01-22T01:15:36.524+0800: 55.163: [GC (Allocation Failure) 2021-01-22T01:15:36.525+0800: 55.163: [ParNew: 314558K->34943K(314560K), 0.0159045 secs] 733857K->538934K(1013632K), 0.0167808 secs] [Times: user=0.12 sys=0.00, real=0.02 secs] 
2021-01-22T01:15:36.542+0800: 55.181: [GC (CMS Initial Mark) [1 CMS-initial-mark: 503991K(699072K)] 544778K(1013632K), 0.0015957 secs] [Times: user=0.00 sys=0.00, real=0.00 secs] 
2021-01-22T01:15:36.545+0800: 55.183: [CMS-concurrent-mark-start]
2021-01-22T01:15:36.546+0800: 55.185: [CMS-concurrent-mark: 0.002/0.002 secs] [Times: user=0.00 sys=0.00, real=0.00 secs] 
2021-01-22T01:15:36.547+0800: 55.185: [CMS-concurrent-preclean-start]
2021-01-22T01:15:36.548+0800: 55.186: [CMS-concurrent-preclean: 0.001/0.001 secs] [Times: user=0.00 sys=0.00, real=0.00 secs] 
2021-01-22T01:15:36.548+0800: 55.187: [CMS-concurrent-abortable-preclean-start]
2021-01-22T01:15:36.578+0800: 55.217: [GC (Allocation Failure) 2021-01-22T01:15:36.579+0800: 55.217: [ParNew: 314559K->34943K(314560K), 0.0150811 secs] 818550K->615525K(1013632K), 0.0160282 secs] [Times: user=0.11 sys=0.00, real=0.01 secs] 
2021-01-22T01:15:36.628+0800: 55.266: [GC (Allocation Failure) 2021-01-22T01:15:36.628+0800: 55.267: [ParNew: 314559K->34943K(314560K), 0.0150490 secs] 895141K->696327K(1013632K), 0.0159803 secs] [Times: user=0.10 sys=0.01, real=0.02 secs] 
2021-01-22T01:15:36.646+0800: 55.284: [CMS-concurrent-abortable-preclean: 0.003/0.097 secs] [Times: user=0.28 sys=0.02, real=0.10 secs] 
2021-01-22T01:15:36.646+0800: 55.285: [GC (CMS Final Remark) [YG occupancy: 47823 K (314560 K)]2021-01-22T01:15:36.647+0800: 55.285: [Rescan (parallel) , 0.0017092 secs]2021-01-22T01:15:36.649+0800: 55.287: [weak refs processing, 0.0004437 secs]2021-01-22T01:15:36.650+0800: 55.288: [class unloading, 0.0005420 secs]2021-01-22T01:15:36.651+0800: 55.289: [scrub symbol table, 0.0006608 secs]2021-01-22T01:15:36.652+0800: 55.290: [scrub string table, 0.0004541 secs][1 CMS-remark: 661383K(699072K)] 709207K(1013632K), 0.0060190 secs] [Times: user=0.00 sys=0.00, real=0.01 secs] 
2021-01-22T01:15:36.653+0800: 55.292: [CMS-concurrent-sweep-start]
2021-01-22T01:15:36.654+0800: 55.292: [CMS-concurrent-sweep: 0.001/0.001 secs] [Times: user=0.01 sys=0.00, real=0.00 secs] 
2021-01-22T01:15:36.654+0800: 55.293: [CMS-concurrent-reset-start]
2021-01-22T01:15:36.655+0800: 55.294: [CMS-concurrent-reset: 0.001/0.001 secs] [Times: user=0.00 sys=0.00, real=0.00 secs] 
2021-01-22T01:15:36.685+0800: 55.324: [GC (Allocation Failure) 2021-01-22T01:15:36.685+0800: 55.324: [ParNew: 314559K->34942K(314560K), 0.0145259 secs] 815522K->611524K(1013632K), 0.0152689 secs] [Times: user=0.10 sys=0.00, real=0.02 secs] 
2021-01-22T01:15:36.701+0800: 55.340: [GC (CMS Initial Mark) [1 CMS-initial-mark: 576581K(699072K)] 618218K(1013632K), 0.0016071 secs] [Times: user=0.00 sys=0.00, real=0.00 secs] 
2021-01-22T01:15:36.704+0800: 55.342: [CMS-concurrent-mark-start]
2021-01-22T01:15:36.707+0800: 55.345: [CMS-concurrent-mark: 0.003/0.003 secs] [Times: user=0.00 sys=0.00, real=0.00 secs] 
2021-01-22T01:15:36.707+0800: 55.346: [CMS-concurrent-preclean-start]
2021-01-22T01:15:36.708+0800: 55.346: [CMS-concurrent-preclean: 0.001/0.001 secs] [Times: user=0.00 sys=0.00, real=0.00 secs] 
2021-01-22T01:15:36.708+0800: 55.347: [CMS-concurrent-abortable-preclean-start]
2021-01-22T01:15:36.739+0800: 55.378: [GC (Allocation Failure) 2021-01-22T01:15:36.739+0800: 55.378: [ParNew: 314558K->34942K(314560K), 0.0147658 secs] 891140K->694428K(1013632K), 0.0155130 secs] [Times: user=0.11 sys=0.00, real=0.01 secs] 
2021-01-22T01:15:36.757+0800: 55.395: [CMS-concurrent-abortable-preclean: 0.002/0.048 secs] [Times: user=0.14 sys=0.00, real=0.04 secs] 
2021-01-22T01:15:36.758+0800: 55.396: [GC (CMS Final Remark) [YG occupancy: 52030 K (314560 K)]2021-01-22T01:15:36.758+0800: 55.396: [Rescan (parallel) , 0.0014594 secs]2021-01-22T01:15:36.760+0800: 55.398: [weak refs processing, 0.0004624 secs]2021-01-22T01:15:36.761+0800: 55.399: [class unloading, 0.0006957 secs]2021-01-22T01:15:36.762+0800: 55.400: [scrub symbol table, 0.0008730 secs]2021-01-22T01:15:36.763+0800: 55.402: [scrub string table, 0.0004064 secs][1 CMS-remark: 659485K(699072K)] 711515K(1013632K), 0.0061550 secs] [Times: user=0.01 sys=0.00, real=0.01 secs] 
2021-01-22T01:15:36.764+0800: 55.403: [CMS-concurrent-sweep-start]
2021-01-22T01:15:36.765+0800: 55.404: [CMS-concurrent-sweep: 0.001/0.001 secs] [Times: user=0.01 sys=0.00, real=0.00 secs] 
2021-01-22T01:15:36.766+0800: 55.404: [CMS-concurrent-reset-start]
2021-01-22T01:15:36.766+0800: 55.405: [CMS-concurrent-reset: 0.001/0.001 secs] [Times: user=0.00 sys=0.00, real=0.00 secs] 
2021-01-22T01:15:36.800+0800: 55.438: [GC (Allocation Failure) 2021-01-22T01:15:36.800+0800: 55.439: [ParNew: 314558K->34943K(314560K), 0.0158576 secs] 736590K->537432K(1013632K), 0.0167542 secs] [Times: user=0.11 sys=0.01, real=0.01 secs] 
2021-01-22T01:15:36.817+0800: 55.456: [GC (CMS Initial Mark) [1 CMS-initial-mark: 502489K(699072K)] 543855K(1013632K), 0.0014087 secs] [Times: user=0.00 sys=0.00, real=0.01 secs] 
2021-01-22T01:15:36.819+0800: 55.458: [CMS-concurrent-mark-start]
2021-01-22T01:15:36.821+0800: 55.460: [CMS-concurrent-mark: 0.002/0.002 secs] [Times: user=0.00 sys=0.00, real=0.00 secs] 
2021-01-22T01:15:36.822+0800: 55.461: [CMS-concurrent-preclean-start]
2021-01-22T01:15:36.823+0800: 55.462: [CMS-concurrent-preclean: 0.001/0.001 secs] [Times: user=0.00 sys=0.00, real=0.00 secs] 
2021-01-22T01:15:36.823+0800: 55.462: [CMS-concurrent-abortable-preclean-start]
2021-01-22T01:15:36.852+0800: 55.491: [GC (Allocation Failure) 2021-01-22T01:15:36.852+0800: 55.491: [ParNew: 314559K->34943K(314560K), 0.0147309 secs] 817048K->614831K(1013632K), 0.0155452 secs] [Times: user=0.11 sys=0.00, real=0.01 secs] 
2021-01-22T01:15:36.901+0800: 55.540: [GC (Allocation Failure) 2021-01-22T01:15:36.902+0800: 55.540: [ParNew: 314559K->34943K(314560K), 0.0132303 secs] 894447K->684249K(1013632K), 0.0141113 secs] [Times: user=0.10 sys=0.00, real=0.01 secs] 
2021-01-22T01:15:36.951+0800: 55.589: [GC (Allocation Failure) 2021-01-22T01:15:36.951+0800: 55.590: [ParNew: 314559K->314559K(314560K), 0.0003747 secs]2021-01-22T01:15:36.952+0800: 55.591: [CMS2021-01-22T01:15:36.952+0800: 55.591: [CMS-concurrent-abortable-preclean: 0.004/0.129 secs] [Times: user=0.30 sys=0.01, real=0.13 secs] 
 (concurrent mode failure): 649305K->361916K(699072K), 0.0493410 secs] 963865K->361916K(1013632K), [Metaspace: 2817K->2817K(1056768K)], 0.0508785 secs] [Times: user=0.05 sys=0.00, real=0.05 secs] 
2021-01-22T01:15:37.037+0800: 55.676: [GC (Allocation Failure) 2021-01-22T01:15:37.038+0800: 55.676: [ParNew: 279616K->34942K(314560K), 0.0113272 secs] 641532K->449733K(1013632K), 0.0122214 secs] [Times: user=0.08 sys=0.00, real=0.02 secs] 
2021-01-22T01:15:37.082+0800: 55.721: [GC (Allocation Failure) 2021-01-22T01:15:37.083+0800: 55.721: [ParNew: 314558K->34943K(314560K), 0.0149663 secs] 729349K->531942K(1013632K), 0.0159349 secs] [Times: user=0.12 sys=0.00, real=0.02 secs] 
2021-01-22T01:15:37.099+0800: 55.738: [GC (CMS Initial Mark) [1 CMS-initial-mark: 496999K(699072K)] 537627K(1013632K), 0.0013020 secs] [Times: user=0.00 sys=0.00, real=0.00 secs] 
2021-01-22T01:15:37.101+0800: 55.740: [CMS-concurrent-mark-start]
2021-01-22T01:15:37.103+0800: 55.741: [CMS-concurrent-mark: 0.002/0.002 secs] [Times: user=0.00 sys=0.00, real=0.00 secs] 
2021-01-22T01:15:37.103+0800: 55.742: [CMS-concurrent-preclean-start]
2021-01-22T01:15:37.104+0800: 55.743: [CMS-concurrent-preclean: 0.001/0.001 secs] [Times: user=0.00 sys=0.00, real=0.00 secs] 
2021-01-22T01:15:37.104+0800: 55.743: [CMS-concurrent-abortable-preclean-start]
2021-01-22T01:15:37.135+0800: 55.774: [GC (Allocation Failure) 2021-01-22T01:15:37.136+0800: 55.774: [ParNew: 314559K->34943K(314560K), 0.0147620 secs] 811558K->610923K(1013632K), 0.0157008 secs] [Times: user=0.11 sys=0.00, real=0.02 secs] 
2021-01-22T01:15:37.185+0800: 55.823: [GC (Allocation Failure) 2021-01-22T01:15:37.185+0800: 55.824: [ParNew: 314559K->34943K(314560K), 0.0137408 secs] 890539K->686585K(1013632K), 0.0145625 secs] [Times: user=0.11 sys=0.00, real=0.02 secs] 
2021-01-22T01:15:37.201+0800: 55.840: [CMS-concurrent-abortable-preclean: 0.004/0.097 secs] [Times: user=0.29 sys=0.00, real=0.10 secs] 
2021-01-22T01:15:37.202+0800: 55.841: [GC (CMS Final Remark) [YG occupancy: 56363 K (314560 K)]2021-01-22T01:15:37.203+0800: 55.841: [Rescan (parallel) , 0.0011466 secs]2021-01-22T01:15:37.204+0800: 55.843: [weak refs processing, 0.0003928 secs]2021-01-22T01:15:37.205+0800: 55.843: [class unloading, 0.0008407 secs]2021-01-22T01:15:37.206+0800: 55.845: [scrub symbol table, 0.0010498 secs]2021-01-22T01:15:37.208+0800: 55.846: [scrub string table, 0.0004234 secs][1 CMS-remark: 651641K(699072K)] 708005K(1013632K), 0.0060081 secs] [Times: user=0.01 sys=0.00, real=0.01 secs] 
2021-01-22T01:15:37.209+0800: 55.847: [CMS-concurrent-sweep-start]
2021-01-22T01:15:37.210+0800: 55.848: [CMS-concurrent-sweep: 0.001/0.001 secs] [Times: user=0.00 sys=0.00, real=0.00 secs] 
2021-01-22T01:15:37.210+0800: 55.848: [CMS-concurrent-reset-start]
2021-01-22T01:15:37.210+0800: 55.849: [CMS-concurrent-reset: 0.000/0.000 secs] [Times: user=0.00 sys=0.00, real=0.00 secs] 
2021-01-22T01:15:37.241+0800: 55.879: [GC (Allocation Failure) 2021-01-22T01:15:37.241+0800: 55.880: [ParNew: 314559K->34943K(314560K), 0.0154621 secs] 800501K->599191K(1013632K), 0.0161967 secs] [Times: user=0.10 sys=0.00, real=0.01 secs] 
2021-01-22T01:15:37.258+0800: 55.896: [GC (CMS Initial Mark) [1 CMS-initial-mark: 564247K(699072K)] 605031K(1013632K), 0.0011894 secs] [Times: user=0.00 sys=0.00, real=0.01 secs] 
2021-01-22T01:15:37.260+0800: 55.898: [CMS-concurrent-mark-start]
2021-01-22T01:15:37.262+0800: 55.900: [CMS-concurrent-mark: 0.002/0.002 secs] [Times: user=0.01 sys=0.00, real=0.00 secs] 
2021-01-22T01:15:37.262+0800: 55.901: [CMS-concurrent-preclean-start]
2021-01-22T01:15:37.263+0800: 55.902: [CMS-concurrent-preclean: 0.001/0.001 secs] [Times: user=0.00 sys=0.00, real=0.00 secs] 
2021-01-22T01:15:37.263+0800: 55.902: [CMS-concurrent-abortable-preclean-start]
2021-01-22T01:15:37.294+0800: 55.932: [GC (Allocation Failure) 2021-01-22T01:15:37.294+0800: 55.933: [ParNew: 314559K->34943K(314560K), 0.0140555 secs] 878807K->673888K(1013632K), 0.0146419 secs] [Times: user=0.11 sys=0.00, real=0.02 secs] 
2021-01-22T01:15:37.338+0800: 55.976: [GC (Allocation Failure) 2021-01-22T01:15:37.338+0800: 55.977: [ParNew: 314559K->314559K(314560K), 0.0002916 secs]2021-01-22T01:15:37.339+0800: 55.977: [CMS2021-01-22T01:15:37.353+0800: 55.992: [CMS-concurrent-abortable-preclean: 0.003/0.090 secs] [Times: user=0.17 sys=0.00, real=0.09 secs] 
 (concurrent mode failure): 638944K->364786K(699072K), 0.0769607 secs] 953504K->364786K(1013632K), [Metaspace: 2817K->2817K(1056768K)], 0.0781997 secs] [Times: user=0.06 sys=0.00, real=0.08 secs] 
2021-01-22T01:15:37.456+0800: 56.095: [GC (Allocation Failure) 2021-01-22T01:15:37.457+0800: 56.095: [ParNew: 279616K->34943K(314560K), 0.0125358 secs] 644402K->449577K(1013632K), 0.0132352 secs] [Times: user=0.10 sys=0.00, real=0.02 secs] 
2021-01-22T01:15:37.503+0800: 56.141: [GC (Allocation Failure) 2021-01-22T01:15:37.503+0800: 56.142: [ParNew: 314559K->34943K(314560K), 0.0138604 secs] 729193K->527585K(1013632K), 0.0145255 secs] [Times: user=0.11 sys=0.00, real=0.01 secs] 
2021-01-22T01:15:37.518+0800: 56.157: [GC (CMS Initial Mark) [1 CMS-initial-mark: 492642K(699072K)] 533144K(1013632K), 0.0010611 secs] [Times: user=0.00 sys=0.00, real=0.01 secs] 
2021-01-22T01:15:37.520+0800: 56.158: [CMS-concurrent-mark-start]
2021-01-22T01:15:37.522+0800: 56.160: [CMS-concurrent-mark: 0.002/0.002 secs] [Times: user=0.00 sys=0.00, real=0.00 secs] 
2021-01-22T01:15:37.522+0800: 56.161: [CMS-concurrent-preclean-start]
2021-01-22T01:15:37.523+0800: 56.161: [CMS-concurrent-preclean: 0.001/0.001 secs] [Times: user=0.00 sys=0.00, real=0.00 secs] 
2021-01-22T01:15:37.523+0800: 56.162: [CMS-concurrent-abortable-preclean-start]
2021-01-22T01:15:37.554+0800: 56.192: [GC (Allocation Failure) 2021-01-22T01:15:37.554+0800: 56.193: [ParNew: 314559K->34942K(314560K), 0.0150957 secs] 807201K->611120K(1013632K), 0.0159353 secs] [Times: user=0.11 sys=0.00, real=0.02 secs] 
2021-01-22T01:15:37.604+0800: 56.242: [GC (Allocation Failure) 2021-01-22T01:15:37.604+0800: 56.243: [ParNew: 314558K->34939K(314560K), 0.0144698 secs] 890736K->686721K(1013632K), 0.0151932 secs] [Times: user=0.11 sys=0.00, real=0.02 secs] 
2021-01-22T01:15:37.651+0800: 56.290: [GC (Allocation Failure) 2021-01-22T01:15:37.652+0800: 56.290: [ParNew: 314555K->314555K(314560K), 0.0003330 secs]2021-01-22T01:15:37.652+0800: 56.291: [CMS2021-01-22T01:15:37.653+0800: 56.291: [CMS-concurrent-abortable-preclean: 0.005/0.130 secs] [Times: user=0.32 sys=0.00, real=0.13 secs] 
 (concurrent mode failure): 651782K->379892K(699072K), 0.0491963 secs] 966337K->379892K(1013632K), [Metaspace: 2817K->2817K(1056768K)], 0.0504826 secs] [Times: user=0.05 sys=0.00, real=0.05 secs] 
2021-01-22T01:15:37.737+0800: 56.376: [GC (Allocation Failure) 2021-01-22T01:15:37.738+0800: 56.376: [ParNew: 279616K->34941K(314560K), 0.0104379 secs] 659508K->463648K(1013632K), 0.0112556 secs] [Times: user=0.07 sys=0.01, real=0.02 secs] 
2021-01-22T01:15:37.782+0800: 56.420: [GC (Allocation Failure) 2021-01-22T01:15:37.782+0800: 56.421: [ParNew: 314557K->34943K(314560K), 0.0135119 secs] 743264K->536278K(1013632K), 0.0142056 secs] [Times: user=0.10 sys=0.00, real=0.01 secs] 
2021-01-22T01:15:37.797+0800: 56.436: [GC (CMS Initial Mark) [1 CMS-initial-mark: 501334K(699072K)] 542602K(1013632K), 0.0011841 secs] [Times: user=0.00 sys=0.00, real=0.01 secs] 
2021-01-22T01:15:37.799+0800: 56.438: [CMS-concurrent-mark-start]
2021-01-22T01:15:37.801+0800: 56.439: [CMS-concurrent-mark: 0.002/0.002 secs] [Times: user=0.00 sys=0.01, real=0.00 secs] 
2021-01-22T01:15:37.801+0800: 56.440: [CMS-concurrent-preclean-start]
2021-01-22T01:15:37.802+0800: 56.441: [CMS-concurrent-preclean: 0.001/0.001 secs] [Times: user=0.00 sys=0.00, real=0.00 secs] 
2021-01-22T01:15:37.802+0800: 56.441: [CMS-concurrent-abortable-preclean-start]
2021-01-22T01:15:37.833+0800: 56.472: [GC (Allocation Failure) 2021-01-22T01:15:37.833+0800: 56.472: [ParNew: 314559K->34943K(314560K), 0.0146072 secs] 815894K->616916K(1013632K), 0.0154367 secs] [Times: user=0.11 sys=0.00, real=0.02 secs] 
2021-01-22T01:15:37.882+0800: 56.521: [GC (Allocation Failure) 2021-01-22T01:15:37.882+0800: 56.521: [ParNew: 314559K->34943K(314560K), 0.0149202 secs] 896532K->700491K(1013632K), 0.0156971 secs] [Times: user=0.11 sys=0.00, real=0.01 secs] 
2021-01-22T01:15:37.899+0800: 56.537: [CMS-concurrent-abortable-preclean: 0.003/0.096 secs] [Times: user=0.28 sys=0.00, real=0.10 secs] 
2021-01-22T01:15:37.899+0800: 56.538: [GC (CMS Final Remark) [YG occupancy: 41141 K (314560 K)]2021-01-22T01:15:37.899+0800: 56.538: [Rescan (parallel) , 0.0011391 secs]2021-01-22T01:15:37.901+0800: 56.539: [weak refs processing, 0.0002961 secs]2021-01-22T01:15:37.901+0800: 56.540: [class unloading, 0.0004269 secs]2021-01-22T01:15:37.902+0800: 56.541: [scrub symbol table, 0.0005889 secs]2021-01-22T01:15:37.903+0800: 56.542: [scrub string table, 0.0004088 secs][1 CMS-remark: 665548K(699072K)] 706689K(1013632K), 0.0046322 secs] [Times: user=0.01 sys=0.00, real=0.00 secs] 
2021-01-22T01:15:37.904+0800: 56.543: [CMS-concurrent-sweep-start]
2021-01-22T01:15:37.905+0800: 56.544: [CMS-concurrent-sweep: 0.001/0.001 secs] [Times: user=0.00 sys=0.00, real=0.00 secs] 
2021-01-22T01:15:37.906+0800: 56.544: [CMS-concurrent-reset-start]
2021-01-22T01:15:37.906+0800: 56.545: [CMS-concurrent-reset: 0.001/0.001 secs] [Times: user=0.00 sys=0.00, real=0.00 secs] 
2021-01-22T01:15:37.936+0800: 56.575: [GC (Allocation Failure) 2021-01-22T01:15:37.936+0800: 56.575: [ParNew: 314559K->34942K(314560K), 0.0145885 secs] 825593K->626050K(1013632K), 0.0154177 secs] [Times: user=0.11 sys=0.00, real=0.02 secs] 
2021-01-22T01:15:37.953+0800: 56.591: [GC (CMS Initial Mark) [1 CMS-initial-mark: 591107K(699072K)] 632131K(1013632K), 0.0015793 secs] [Times: user=0.00 sys=0.00, real=0.00 secs] 
2021-01-22T01:15:37.955+0800: 56.594: [CMS-concurrent-mark-start]
2021-01-22T01:15:37.958+0800: 56.597: [CMS-concurrent-mark: 0.003/0.003 secs] [Times: user=0.01 sys=0.00, real=0.01 secs] 
2021-01-22T01:15:37.959+0800: 56.597: [CMS-concurrent-preclean-start]
2021-01-22T01:15:37.960+0800: 56.598: [CMS-concurrent-preclean: 0.001/0.001 secs] [Times: user=0.00 sys=0.00, real=0.00 secs] 
2021-01-22T01:15:37.960+0800: 56.599: [CMS-concurrent-abortable-preclean-start]
2021-01-22T01:15:37.989+0800: 56.628: [GC (Allocation Failure) 2021-01-22T01:15:37.989+0800: 56.628: [ParNew: 314558K->34943K(314560K), 0.0142817 secs] 905666K->703727K(1013632K), 0.0151251 secs] [Times: user=0.10 sys=0.00, real=0.01 secs] 
2021-01-22T01:15:38.005+0800: 56.644: [CMS-concurrent-abortable-preclean: 0.001/0.045 secs] [Times: user=0.13 sys=0.00, real=0.04 secs] 
2021-01-22T01:15:38.019+0800: 56.657: [GC (CMS Final Remark) [YG occupancy: 163362 K (314560 K)]2021-01-22T01:15:38.019+0800: 56.658: [Rescan (parallel) , 0.0020372 secs]2021-01-22T01:15:38.022+0800: 56.660: [weak refs processing, 0.0002558 secs]2021-01-22T01:15:38.022+0800: 56.661: [class unloading, 0.0004748 secs]2021-01-22T01:15:38.023+0800: 56.661: [scrub symbol table, 0.0004954 secs]2021-01-22T01:15:38.024+0800: 56.662: [scrub string table, 0.0004810 secs][1 CMS-remark: 668783K(699072K)] 832146K(1013632K), 0.0057731 secs] [Times: user=0.00 sys=0.00, real=0.00 secs] 
2021-01-22T01:15:38.025+0800: 56.664: [CMS-concurrent-sweep-start]
2021-01-22T01:15:38.026+0800: 56.665: [CMS-concurrent-sweep: 0.001/0.001 secs] [Times: user=0.00 sys=0.00, real=0.00 secs] 
2021-01-22T01:15:38.026+0800: 56.665: [CMS-concurrent-reset-start]
2021-01-22T01:15:38.027+0800: 56.666: [CMS-concurrent-reset: 0.001/0.001 secs] [Times: user=0.00 sys=0.00, real=0.00 secs] 
2021-01-22T01:15:38.044+0800: 56.682: [GC (Allocation Failure) 2021-01-22T01:15:38.044+0800: 56.683: [ParNew: 314559K->34943K(314560K), 0.0136504 secs] 726100K->520400K(1013632K), 0.0145822 secs] [Times: user=0.11 sys=0.00, real=0.02 secs] 
2021-01-22T01:15:38.059+0800: 56.698: [GC (CMS Initial Mark) [1 CMS-initial-mark: 485456K(699072K)] 526006K(1013632K), 0.0013212 secs] [Times: user=0.00 sys=0.00, real=0.00 secs] 
2021-01-22T01:15:38.061+0800: 56.700: [CMS-concurrent-mark-start]
2021-01-22T01:15:38.063+0800: 56.702: [CMS-concurrent-mark: 0.002/0.002 secs] [Times: user=0.00 sys=0.00, real=0.00 secs] 
2021-01-22T01:15:38.064+0800: 56.702: [CMS-concurrent-preclean-start]
2021-01-22T01:15:38.064+0800: 56.703: [CMS-concurrent-preclean: 0.001/0.001 secs] [Times: user=0.00 sys=0.00, real=0.00 secs] 
2021-01-22T01:15:38.065+0800: 56.703: [CMS-concurrent-abortable-preclean-start]
2021-01-22T01:15:38.095+0800: 56.733: [GC (Allocation Failure) 2021-01-22T01:15:38.095+0800: 56.734: [ParNew: 314559K->34942K(314560K), 0.0148486 secs] 800016K->596433K(1013632K), 0.0156525 secs] [Times: user=0.11 sys=0.00, real=0.02 secs] 
2021-01-22T01:15:38.145+0800: 56.783: [GC (Allocation Failure) 2021-01-22T01:15:38.145+0800: 56.784: [ParNew: 314558K->34943K(314560K), 0.0144932 secs] 876049K->671121K(1013632K), 0.0151713 secs] [Times: user=0.11 sys=0.00, real=0.02 secs] 
2021-01-22T01:15:38.194+0800: 56.833: [GC (Allocation Failure) 2021-01-22T01:15:38.194+0800: 56.833: [ParNew: 314559K->314559K(314560K), 0.0003263 secs]2021-01-22T01:15:38.195+0800: 56.834: [CMS2021-01-22T01:15:38.195+0800: 56.834: [CMS-concurrent-abortable-preclean: 0.005/0.131 secs] [Times: user=0.32 sys=0.00, real=0.13 secs] 
 (concurrent mode failure): 636177K->369883K(699072K), 0.0495992 secs] 950737K->369883K(1013632K), [Metaspace: 2817K->2817K(1056768K)], 0.0510193 secs] [Times: user=0.05 sys=0.00, real=0.05 secs] 
2021-01-22T01:15:38.281+0800: 56.919: [GC (Allocation Failure) 2021-01-22T01:15:38.281+0800: 56.920: [ParNew: 279616K->34943K(314560K), 0.0112042 secs] 649499K->451939K(1013632K), 0.0120207 secs] [Times: user=0.09 sys=0.00, real=0.01 secs] 
2021-01-22T01:15:38.327+0800: 56.966: [GC (Allocation Failure) 2021-01-22T01:15:38.328+0800: 56.966: [ParNew: 314559K->34943K(314560K), 0.0142805 secs] 731555K->526435K(1013632K), 0.0151616 secs] [Times: user=0.10 sys=0.00, real=0.02 secs] 
2021-01-22T01:15:38.343+0800: 56.982: [GC (CMS Initial Mark) [1 CMS-initial-mark: 491492K(699072K)] 532495K(1013632K), 0.0013507 secs] [Times: user=0.00 sys=0.00, real=0.00 secs] 
2021-01-22T01:15:38.345+0800: 56.984: [CMS-concurrent-mark-start]
2021-01-22T01:15:38.347+0800: 56.986: [CMS-concurrent-mark: 0.002/0.002 secs] [Times: user=0.00 sys=0.00, real=0.00 secs] 
2021-01-22T01:15:38.347+0800: 56.986: [CMS-concurrent-preclean-start]
2021-01-22T01:15:38.348+0800: 56.987: [CMS-concurrent-preclean: 0.001/0.001 secs] [Times: user=0.00 sys=0.00, real=0.01 secs] 
2021-01-22T01:15:38.349+0800: 56.987: [CMS-concurrent-abortable-preclean-start]
2021-01-22T01:15:38.380+0800: 57.019: [GC (Allocation Failure) 2021-01-22T01:15:38.380+0800: 57.019: [ParNew: 314559K->34941K(314560K), 0.0134277 secs] 806051K->603481K(1013632K), 0.0142008 secs] [Times: user=0.10 sys=0.00, real=0.01 secs] 
2021-01-22T01:15:38.427+0800: 57.065: [GC (Allocation Failure) 2021-01-22T01:15:38.427+0800: 57.066: [ParNew: 314557K->34943K(314560K), 0.0142224 secs] 883097K->682086K(1013632K), 0.0151077 secs] [Times: user=0.11 sys=0.00, real=0.02 secs] 
2021-01-22T01:15:38.478+0800: 57.117: [GC (Allocation Failure) 2021-01-22T01:15:38.479+0800: 57.117: [ParNew: 314559K->314559K(314560K), 0.0001787 secs]2021-01-22T01:15:38.479+0800: 57.117: [CMS2021-01-22T01:15:38.479+0800: 57.118: [CMS-concurrent-abortable-preclean: 0.005/0.131 secs] [Times: user=0.31 sys=0.00, real=0.13 secs] 
 (concurrent mode failure): 647143K->377796K(699072K), 0.0542118 secs] 961702K->377796K(1013632K), [Metaspace: 2817K->2817K(1056768K)], 0.0552926 secs] [Times: user=0.05 sys=0.00, real=0.05 secs] 
2021-01-22T01:15:38.569+0800: 57.207: [GC (Allocation Failure) 2021-01-22T01:15:38.569+0800: 57.208: [ParNew: 279616K->34943K(314560K), 0.0128821 secs] 657412K->462797K(1013632K), 0.0137179 secs] [Times: user=0.09 sys=0.00, real=0.01 secs] 
2021-01-22T01:15:38.619+0800: 57.257: [GC (Allocation Failure) 2021-01-22T01:15:38.619+0800: 57.258: [ParNew: 314559K->34943K(314560K), 0.0139754 secs] 742413K->535601K(1013632K), 0.0149265 secs] [Times: user=0.10 sys=0.00, real=0.01 secs] 
2021-01-22T01:15:38.635+0800: 57.273: [GC (CMS Initial Mark) [1 CMS-initial-mark: 500658K(699072K)] 541990K(1013632K), 0.0017037 secs] [Times: user=0.00 sys=0.00, real=0.00 secs] 
2021-01-22T01:15:38.637+0800: 57.276: [CMS-concurrent-mark-start]
2021-01-22T01:15:38.639+0800: 57.278: [CMS-concurrent-mark: 0.002/0.002 secs] [Times: user=0.01 sys=0.00, real=0.01 secs] 
2021-01-22T01:15:38.639+0800: 57.278: [CMS-concurrent-preclean-start]
2021-01-22T01:15:38.640+0800: 57.279: [CMS-concurrent-preclean: 0.001/0.001 secs] [Times: user=0.00 sys=0.00, real=0.00 secs] 
2021-01-22T01:15:38.640+0800: 57.279: [CMS-concurrent-abortable-preclean-start]
2021-01-22T01:15:38.672+0800: 57.310: [GC (Allocation Failure) 2021-01-22T01:15:38.672+0800: 57.310: [ParNew: 314559K->34943K(314560K), 0.0150073 secs] 815217K->620303K(1013632K), 0.0156707 secs] [Times: user=0.11 sys=0.00, real=0.01 secs] 
2021-01-22T01:15:38.723+0800: 57.361: [GC (Allocation Failure) 2021-01-22T01:15:38.723+0800: 57.362: [ParNew: 314559K->34943K(314560K), 0.0144827 secs] 899919K->694434K(1013632K), 0.0151777 secs] [Times: user=0.11 sys=0.00, real=0.01 secs] 
2021-01-22T01:15:38.739+0800: 57.378: [CMS-concurrent-abortable-preclean: 0.003/0.099 secs] [Times: user=0.29 sys=0.00, real=0.10 secs] 
2021-01-22T01:15:38.740+0800: 57.378: [GC (CMS Final Remark) [YG occupancy: 47583 K (314560 K)]2021-01-22T01:15:38.740+0800: 57.379: [Rescan (parallel) , 0.0011244 secs]2021-01-22T01:15:38.742+0800: 57.380: [weak refs processing, 0.0002589 secs]2021-01-22T01:15:38.742+0800: 57.381: [class unloading, 0.0003859 secs]2021-01-22T01:15:38.743+0800: 57.381: [scrub symbol table, 0.0005127 secs]2021-01-22T01:15:38.743+0800: 57.382: [scrub string table, 0.0004889 secs][1 CMS-remark: 659491K(699072K)] 707074K(1013632K), 0.0042580 secs] [Times: user=0.01 sys=0.00, real=0.00 secs] 
2021-01-22T01:15:38.745+0800: 57.384: [CMS-concurrent-sweep-start]
2021-01-22T01:15:38.746+0800: 57.384: [CMS-concurrent-sweep: 0.001/0.001 secs] [Times: user=0.00 sys=0.00, real=0.00 secs] 
2021-01-22T01:15:38.746+0800: 57.384: [CMS-concurrent-reset-start]
2021-01-22T01:15:38.747+0800: 57.385: [CMS-concurrent-reset: 0.001/0.001 secs] [Times: user=0.00 sys=0.00, real=0.00 secs] 
2021-01-22T01:15:38.776+0800: 57.415: [GC (Allocation Failure) 2021-01-22T01:15:38.777+0800: 57.415: [ParNew: 314559K->34943K(314560K), 0.0139480 secs] 815100K->613034K(1013632K), 0.0146654 secs] [Times: user=0.11 sys=0.00, real=0.02 secs] 
2021-01-22T01:15:38.792+0800: 57.430: [GC (CMS Initial Mark) [1 CMS-initial-mark: 578090K(699072K)] 618948K(1013632K), 0.0013375 secs] [Times: user=0.00 sys=0.00, real=0.00 secs] 
2021-01-22T01:15:38.794+0800: 57.433: [CMS-concurrent-mark-start]
2021-01-22T01:15:38.796+0800: 57.435: [CMS-concurrent-mark: 0.002/0.002 secs] [Times: user=0.00 sys=0.00, real=0.00 secs] 
2021-01-22T01:15:38.797+0800: 57.435: [CMS-concurrent-preclean-start]
2021-01-22T01:15:38.797+0800: 57.436: [CMS-concurrent-preclean: 0.001/0.001 secs] [Times: user=0.00 sys=0.00, real=0.00 secs] 
2021-01-22T01:15:38.798+0800: 57.436: [CMS-concurrent-abortable-preclean-start]
2021-01-22T01:15:38.827+0800: 57.465: [GC (Allocation Failure) 2021-01-22T01:15:38.827+0800: 57.466: [ParNew: 314559K->34943K(314560K), 0.0148189 secs] 892650K->695128K(1013632K), 0.0155173 secs] [Times: user=0.11 sys=0.00, real=0.02 secs] 
2021-01-22T01:15:38.844+0800: 57.483: [CMS-concurrent-abortable-preclean: 0.002/0.046 secs] [Times: user=0.14 sys=0.00, real=0.05 secs] 
2021-01-22T01:15:38.845+0800: 57.484: [GC (CMS Final Remark) [YG occupancy: 53763 K (314560 K)]2021-01-22T01:15:38.845+0800: 57.484: [Rescan (parallel) , 0.0015388 secs]2021-01-22T01:15:38.847+0800: 57.486: [weak refs processing, 0.0002984 secs]2021-01-22T01:15:38.848+0800: 57.486: [class unloading, 0.0004992 secs]2021-01-22T01:15:38.849+0800: 57.487: [scrub symbol table, 0.0005592 secs]2021-01-22T01:15:38.849+0800: 57.488: [scrub string table, 0.0004022 secs][1 CMS-remark: 660185K(699072K)] 713948K(1013632K), 0.0050764 secs] [Times: user=0.01 sys=0.00, real=0.01 secs] 
2021-01-22T01:15:38.851+0800: 57.489: [CMS-concurrent-sweep-start]
2021-01-22T01:15:38.852+0800: 57.490: [CMS-concurrent-sweep: 0.001/0.001 secs] [Times: user=0.00 sys=0.00, real=0.00 secs] 
2021-01-22T01:15:38.852+0800: 57.491: [CMS-concurrent-reset-start]
2021-01-22T01:15:38.853+0800: 57.491: [CMS-concurrent-reset: 0.000/0.000 secs] [Times: user=0.00 sys=0.00, real=0.00 secs] 
2021-01-22T01:15:38.885+0800: 57.523: [GC (Allocation Failure) 2021-01-22T01:15:38.885+0800: 57.523: [ParNew: 314559K->34943K(314560K), 0.0155734 secs] 743590K->539885K(1013632K), 0.0163894 secs] [Times: user=0.12 sys=0.00, real=0.02 secs] 
2021-01-22T01:15:38.902+0800: 57.540: [GC (CMS Initial Mark) [1 CMS-initial-mark: 504941K(699072K)] 546378K(1013632K), 0.0013414 secs] [Times: user=0.01 sys=0.00, real=0.00 secs] 
2021-01-22T01:15:38.904+0800: 57.542: [CMS-concurrent-mark-start]
2021-01-22T01:15:38.907+0800: 57.546: [CMS-concurrent-mark: 0.003/0.003 secs] [Times: user=0.00 sys=0.00, real=0.00 secs] 
2021-01-22T01:15:38.907+0800: 57.546: [CMS-concurrent-preclean-start]
2021-01-22T01:15:38.908+0800: 57.547: [CMS-concurrent-preclean: 0.001/0.001 secs] [Times: user=0.00 sys=0.00, real=0.01 secs] 
2021-01-22T01:15:38.909+0800: 57.547: [CMS-concurrent-abortable-preclean-start]
2021-01-22T01:15:38.943+0800: 57.581: [GC (Allocation Failure) 2021-01-22T01:15:38.943+0800: 57.582: [ParNew: 314559K->34942K(314560K), 0.0153780 secs] 819501K->621434K(1013632K), 0.0162248 secs] [Times: user=0.11 sys=0.01, real=0.02 secs] 
2021-01-22T01:15:38.995+0800: 57.634: [GC (Allocation Failure) 2021-01-22T01:15:38.995+0800: 57.634: [ParNew: 314558K->34943K(314560K), 0.0140566 secs] 901050K->691000K(1013632K), 0.0147597 secs] [Times: user=0.11 sys=0.00, real=0.02 secs] 
2021-01-22T01:15:39.011+0800: 57.650: [CMS-concurrent-abortable-preclean: 0.005/0.103 secs] [Times: user=0.29 sys=0.01, real=0.10 secs] 
2021-01-22T01:15:39.012+0800: 57.651: [GC (CMS Final Remark) [YG occupancy: 46167 K (314560 K)]2021-01-22T01:15:39.012+0800: 57.651: [Rescan (parallel) , 0.0007923 secs]2021-01-22T01:15:39.013+0800: 57.652: [weak refs processing, 0.0003203 secs]2021-01-22T01:15:39.014+0800: 57.653: [class unloading, 0.0004043 secs]2021-01-22T01:15:39.015+0800: 57.653: [scrub symbol table, 0.0005600 secs]2021-01-22T01:15:39.016+0800: 57.654: [scrub string table, 0.0004551 secs][1 CMS-remark: 656057K(699072K)] 702224K(1013632K), 0.0042513 secs] [Times: user=0.00 sys=0.00, real=0.00 secs] 
2021-01-22T01:15:39.017+0800: 57.656: [CMS-concurrent-sweep-start]
2021-01-22T01:15:39.019+0800: 57.657: [CMS-concurrent-sweep: 0.001/0.001 secs] [Times: user=0.01 sys=0.00, real=0.01 secs] 
2021-01-22T01:15:39.019+0800: 57.657: [CMS-concurrent-reset-start]
2021-01-22T01:15:39.020+0800: 57.658: [CMS-concurrent-reset: 0.001/0.001 secs] [Times: user=0.00 sys=0.00, real=0.00 secs] 
2021-01-22T01:15:39.050+0800: 57.689: [GC (Allocation Failure) 2021-01-22T01:15:39.051+0800: 57.689: [ParNew: 314559K->34943K(314560K), 0.0151330 secs] 808625K->606135K(1013632K), 0.0159061 secs] [Times: user=0.11 sys=0.00, real=0.01 secs] 
2021-01-22T01:15:39.068+0800: 57.706: [GC (CMS Initial Mark) [1 CMS-initial-mark: 571192K(699072K)] 611915K(1013632K), 0.0013509 secs] [Times: user=0.00 sys=0.00, real=0.01 secs] 
2021-01-22T01:15:39.070+0800: 57.708: [CMS-concurrent-mark-start]
2021-01-22T01:15:39.072+0800: 57.710: [CMS-concurrent-mark: 0.002/0.002 secs] [Times: user=0.00 sys=0.01, real=0.00 secs] 
2021-01-22T01:15:39.088+0800: 57.727: [CMS-concurrent-preclean-start]
2021-01-22T01:15:39.089+0800: 57.728: [CMS-concurrent-preclean: 0.001/0.001 secs] [Times: user=0.00 sys=0.00, real=0.00 secs] 
2021-01-22T01:15:39.090+0800: 57.728: [CMS-concurrent-abortable-preclean-start]
2021-01-22T01:15:39.103+0800: 57.742: [GC (Allocation Failure) 2021-01-22T01:15:39.104+0800: 57.742: [ParNew: 314559K->34943K(314560K), 0.0235049 secs] 885751K->690529K(1013632K), 0.0241900 secs] [Times: user=0.17 sys=0.00, real=0.02 secs] 
2021-01-22T01:15:39.130+0800: 57.769: [CMS-concurrent-abortable-preclean: 0.003/0.040 secs] [Times: user=0.19 sys=0.00, real=0.04 secs] 
2021-01-22T01:15:39.136+0800: 57.774: [GC (CMS Final Remark) [YG occupancy: 82406 K (314560 K)]2021-01-22T01:15:39.136+0800: 57.775: [Rescan (parallel) , 0.0013619 secs]2021-01-22T01:15:39.138+0800: 57.776: [weak refs processing, 0.0003066 secs]2021-01-22T01:15:39.138+0800: 57.777: [class unloading, 0.0006609 secs]2021-01-22T01:15:39.139+0800: 57.778: [scrub symbol table, 0.0009802 secs]2021-01-22T01:15:39.141+0800: 57.779: [scrub string table, 0.0004176 secs][1 CMS-remark: 655585K(699072K)] 737991K(1013632K), 0.0056510 secs] [Times: user=0.00 sys=0.00, real=0.01 secs] 
2021-01-22T01:15:39.143+0800: 57.781: [CMS-concurrent-sweep-start]
2021-01-22T01:15:39.145+0800: 57.783: [CMS-concurrent-sweep: 0.002/0.002 secs] [Times: user=0.01 sys=0.00, real=0.00 secs] 
2021-01-22T01:15:39.145+0800: 57.784: [CMS-concurrent-reset-start]
2021-01-22T01:15:39.146+0800: 57.784: [CMS-concurrent-reset: 0.001/0.001 secs] [Times: user=0.00 sys=0.00, real=0.00 secs] 
2021-01-22T01:15:39.175+0800: 57.813: [GC (Allocation Failure) 2021-01-22T01:15:39.175+0800: 57.814: [ParNew: 314546K->34942K(314560K), 0.0213927 secs] 742307K->536995K(1013632K), 0.0221600 secs] [Times: user=0.16 sys=0.00, real=0.02 secs] 
2021-01-22T01:15:39.198+0800: 57.836: [GC (CMS Initial Mark) [1 CMS-initial-mark: 502052K(699072K)] 543127K(1013632K), 0.0008691 secs] [Times: user=0.00 sys=0.00, real=0.01 secs] 
2021-01-22T01:15:39.199+0800: 57.837: [CMS-concurrent-mark-start]
2021-01-22T01:15:39.201+0800: 57.840: [CMS-concurrent-mark: 0.002/0.002 secs] [Times: user=0.00 sys=0.01, real=0.00 secs] 
2021-01-22T01:15:39.201+0800: 57.840: [CMS-concurrent-preclean-start]
2021-01-22T01:15:39.202+0800: 57.841: [CMS-concurrent-preclean: 0.001/0.001 secs] [Times: user=0.00 sys=0.00, real=0.00 secs] 
2021-01-22T01:15:39.202+0800: 57.841: [CMS-concurrent-abortable-preclean-start]
2021-01-22T01:15:39.233+0800: 57.872: [GC (Allocation Failure) 2021-01-22T01:15:39.233+0800: 57.872: [ParNew: 314558K->34943K(314560K), 0.0214766 secs] 816611K->614261K(1013632K), 0.0221484 secs] [Times: user=0.15 sys=0.00, real=0.02 secs] 
2021-01-22T01:15:39.303+0800: 57.942: [GC (Allocation Failure) 2021-01-22T01:15:39.303+0800: 57.942: [ParNew: 314559K->34943K(314560K), 0.0242428 secs] 893877K->691476K(1013632K), 0.0247730 secs] [Times: user=0.19 sys=0.00, real=0.02 secs] 
2021-01-22T01:15:39.330+0800: 57.968: [CMS-concurrent-abortable-preclean: 0.006/0.127 secs] [Times: user=0.42 sys=0.00, real=0.13 secs] 
2021-01-22T01:15:39.330+0800: 57.969: [GC (CMS Final Remark) [YG occupancy: 53884 K (314560 K)]2021-01-22T01:15:39.330+0800: 57.969: [Rescan (parallel) , 0.0015395 secs]2021-01-22T01:15:39.332+0800: 57.970: [weak refs processing, 0.0001478 secs]2021-01-22T01:15:39.332+0800: 57.971: [class unloading, 0.0002993 secs]2021-01-22T01:15:39.333+0800: 57.971: [scrub symbol table, 0.0004000 secs]2021-01-22T01:15:39.333+0800: 57.972: [scrub string table, 0.0002761 secs][1 CMS-remark: 656532K(699072K)] 710417K(1013632K), 0.0035648 secs] [Times: user=0.01 sys=0.00, real=0.00 secs] 
2021-01-22T01:15:39.334+0800: 57.973: [CMS-concurrent-sweep-start]
2021-01-22T01:15:39.335+0800: 57.974: [CMS-concurrent-sweep: 0.001/0.001 secs] [Times: user=0.00 sys=0.00, real=0.00 secs] 
2021-01-22T01:15:39.335+0800: 57.974: [CMS-concurrent-reset-start]
2021-01-22T01:15:39.336+0800: 57.975: [CMS-concurrent-reset: 0.001/0.001 secs] [Times: user=0.00 sys=0.00, real=0.00 secs] 
2021-01-22T01:15:39.365+0800: 58.003: [GC (Allocation Failure) 2021-01-22T01:15:39.365+0800: 58.004: [ParNew: 314559K->34943K(314560K), 0.0199729 secs] 812630K->612450K(1013632K), 0.0204675 secs] [Times: user=0.13 sys=0.02, real=0.02 secs] 
2021-01-22T01:15:39.386+0800: 58.024: [GC (CMS Initial Mark) [1 CMS-initial-mark: 577506K(699072K)] 618302K(1013632K), 0.0005484 secs] [Times: user=0.00 sys=0.00, real=0.00 secs] 
2021-01-22T01:15:39.387+0800: 58.025: [CMS-concurrent-mark-start]
2021-01-22T01:15:39.389+0800: 58.027: [CMS-concurrent-mark: 0.002/0.002 secs] [Times: user=0.01 sys=0.00, real=0.01 secs] 
2021-01-22T01:15:39.389+0800: 58.028: [CMS-concurrent-preclean-start]
2021-01-22T01:15:39.390+0800: 58.028: [CMS-concurrent-preclean: 0.001/0.001 secs] [Times: user=0.00 sys=0.00, real=0.00 secs] 
2021-01-22T01:15:39.390+0800: 58.029: [CMS-concurrent-abortable-preclean-start]
2021-01-22T01:15:39.420+0800: 58.058: [GC (Allocation Failure) 2021-01-22T01:15:39.420+0800: 58.058: [ParNew: 314559K->34942K(314560K), 0.0145787 secs] 892066K->693004K(1013632K), 0.0150905 secs] [Times: user=0.12 sys=0.00, real=0.01 secs] 
2021-01-22T01:15:39.436+0800: 58.075: [CMS-concurrent-abortable-preclean: 0.002/0.046 secs] [Times: user=0.15 sys=0.00, real=0.04 secs] 
2021-01-22T01:15:39.437+0800: 58.075: [GC (CMS Final Remark) [YG occupancy: 48379 K (314560 K)]2021-01-22T01:15:39.437+0800: 58.076: [Rescan (parallel) , 0.0040652 secs]2021-01-22T01:15:39.441+0800: 58.080: [weak refs processing, 0.0002490 secs]2021-01-22T01:15:39.442+0800: 58.081: [class unloading, 0.0004230 secs]2021-01-22T01:15:39.443+0800: 58.081: [scrub symbol table, 0.0004449 secs]2021-01-22T01:15:39.443+0800: 58.082: [scrub string table, 0.0002756 secs][1 CMS-remark: 658062K(699072K)] 706441K(1013632K), 0.0066785 secs] [Times: user=0.00 sys=0.02, real=0.01 secs] 
2021-01-22T01:15:39.444+0800: 58.083: [CMS-concurrent-sweep-start]
2021-01-22T01:15:39.445+0800: 58.084: [CMS-concurrent-sweep: 0.001/0.001 secs] [Times: user=0.00 sys=0.00, real=0.00 secs] 
2021-01-22T01:15:39.445+0800: 58.084: [CMS-concurrent-reset-start]
2021-01-22T01:15:39.446+0800: 58.085: [CMS-concurrent-reset: 0.001/0.001 secs] [Times: user=0.00 sys=0.00, real=0.00 secs] 
2021-01-22T01:15:39.475+0800: 58.113: [GC (Allocation Failure) 2021-01-22T01:15:39.475+0800: 58.114: [ParNew: 314558K->34943K(314560K), 0.0139149 secs] 736209K->529397K(1013632K), 0.0145886 secs] [Times: user=0.10 sys=0.00, real=0.02 secs] 
2021-01-22T01:15:39.490+0800: 58.129: [GC (CMS Initial Mark) [1 CMS-initial-mark: 494453K(699072K)] 535657K(1013632K), 0.0008202 secs] [Times: user=0.00 sys=0.00, real=0.00 secs] 
2021-01-22T01:15:39.491+0800: 58.130: [CMS-concurrent-mark-start]
2021-01-22T01:15:39.493+0800: 58.132: [CMS-concurrent-mark: 0.002/0.002 secs] [Times: user=0.01 sys=0.00, real=0.00 secs] 
2021-01-22T01:15:39.494+0800: 58.132: [CMS-concurrent-preclean-start]
2021-01-22T01:15:39.494+0800: 58.133: [CMS-concurrent-preclean: 0.001/0.001 secs] [Times: user=0.00 sys=0.00, real=0.00 secs] 
2021-01-22T01:15:39.495+0800: 58.133: [CMS-concurrent-abortable-preclean-start]
2021-01-22T01:15:39.527+0800: 58.165: [GC (Allocation Failure) 2021-01-22T01:15:39.527+0800: 58.166: [ParNew: 314559K->34943K(314560K), 0.0168561 secs] 809013K->599604K(1013632K), 0.0173800 secs] [Times: user=0.12 sys=0.01, real=0.02 secs] 
2021-01-22T01:15:39.581+0800: 58.220: [GC (Allocation Failure) 2021-01-22T01:15:39.581+0800: 58.220: [ParNew: 314559K->34943K(314560K), 0.0150708 secs] 879220K->672866K(1013632K), 0.0155360 secs] [Times: user=0.11 sys=0.00, real=0.01 secs] 
2021-01-22T01:15:39.630+0800: 58.269: [GC (Allocation Failure) 2021-01-22T01:15:39.630+0800: 58.269: [ParNew: 314559K->314559K(314560K), 0.0001950 secs]2021-01-22T01:15:39.631+0800: 58.269: [CMS2021-01-22T01:15:39.631+0800: 58.270: [CMS-concurrent-abortable-preclean: 0.005/0.136 secs] [Times: user=0.34 sys=0.01, real=0.14 secs] 
 (concurrent mode failure): 637922K->362959K(699072K), 0.0476290 secs] 952482K->362959K(1013632K), [Metaspace: 2817K->2817K(1056768K)], 0.0485590 secs] [Times: user=0.04 sys=0.00, real=0.05 secs] 
2021-01-22T01:15:39.710+0800: 58.349: [GC (Allocation Failure) 2021-01-22T01:15:39.711+0800: 58.349: [ParNew: 279616K->34943K(314560K), 0.0115830 secs] 642575K->452195K(1013632K), 0.0121558 secs] [Times: user=0.08 sys=0.00, real=0.01 secs] 
2021-01-22T01:15:39.757+0800: 58.396: [GC (Allocation Failure) 2021-01-22T01:15:39.758+0800: 58.396: [ParNew: 314559K->34943K(314560K), 0.0135439 secs] 731811K->526627K(1013632K), 0.0143660 secs] [Times: user=0.10 sys=0.00, real=0.02 secs] 
2021-01-22T01:15:39.773+0800: 58.411: [GC (CMS Initial Mark) [1 CMS-initial-mark: 491683K(699072K)] 532316K(1013632K), 0.0010144 secs] [Times: user=0.00 sys=0.00, real=0.00 secs] 
2021-01-22T01:15:39.774+0800: 58.413: [CMS-concurrent-mark-start]
2021-01-22T01:15:39.776+0800: 58.415: [CMS-concurrent-mark: 0.002/0.002 secs] [Times: user=0.00 sys=0.00, real=0.00 secs] 
2021-01-22T01:15:39.776+0800: 58.415: [CMS-concurrent-preclean-start]
2021-01-22T01:15:39.777+0800: 58.416: [CMS-concurrent-preclean: 0.001/0.001 secs] [Times: user=0.00 sys=0.00, real=0.00 secs] 
2021-01-22T01:15:39.777+0800: 58.416: [CMS-concurrent-abortable-preclean-start]
2021-01-22T01:15:39.808+0800: 58.446: [GC (Allocation Failure) 2021-01-22T01:15:39.808+0800: 58.447: [ParNew: 314559K->34942K(314560K), 0.0155647 secs] 806243K->602484K(1013632K), 0.0165009 secs] [Times: user=0.11 sys=0.00, real=0.02 secs] 
2021-01-22T01:15:39.862+0800: 58.501: [GC (Allocation Failure) 2021-01-22T01:15:39.863+0800: 58.501: [ParNew: 314558K->34943K(314560K), 0.0153236 secs] 882100K->678535K(1013632K), 0.0159736 secs] [Times: user=0.12 sys=0.00, real=0.02 secs] 
2021-01-22T01:15:39.912+0800: 58.551: [GC (Allocation Failure) 2021-01-22T01:15:39.913+0800: 58.551: [ParNew: 314559K->314559K(314560K), 0.0002622 secs]2021-01-22T01:15:39.913+0800: 58.552: [CMS2021-01-22T01:15:39.914+0800: 58.552: [CMS-concurrent-abortable-preclean: 0.006/0.136 secs] [Times: user=0.34 sys=0.00, real=0.14 secs] 
 (concurrent mode failure): 643591K->371679K(699072K), 0.0477924 secs] 958151K->371679K(1013632K), [Metaspace: 2817K->2817K(1056768K)], 0.0489741 secs] [Times: user=0.04 sys=0.00, real=0.05 secs] 
2021-01-22T01:15:39.997+0800: 58.636: [GC (Allocation Failure) 2021-01-22T01:15:39.997+0800: 58.636: [ParNew: 279616K->34943K(314560K), 0.0108088 secs] 651295K->453742K(1013632K), 0.0116389 secs] [Times: user=0.06 sys=0.02, real=0.02 secs] 
2021-01-22T01:15:40.044+0800: 58.682: [GC (Allocation Failure) 2021-01-22T01:15:40.044+0800: 58.683: [ParNew: 314559K->34942K(314560K), 0.0140265 secs] 733358K->531244K(1013632K), 0.0149616 secs] [Times: user=0.11 sys=0.00, real=0.02 secs] 
2021-01-22T01:15:40.060+0800: 58.699: [GC (CMS Initial Mark) [1 CMS-initial-mark: 496302K(699072K)] 536869K(1013632K), 0.0015210 secs] [Times: user=0.00 sys=0.00, real=0.00 secs] 
2021-01-22T01:15:40.062+0800: 58.701: [CMS-concurrent-mark-start]
2021-01-22T01:15:40.064+0800: 58.703: [CMS-concurrent-mark: 0.002/0.002 secs] [Times: user=0.00 sys=0.00, real=0.00 secs] 
2021-01-22T01:15:40.065+0800: 58.703: [CMS-concurrent-preclean-start]
2021-01-22T01:15:40.066+0800: 58.704: [CMS-concurrent-preclean: 0.001/0.001 secs] [Times: user=0.00 sys=0.00, real=0.00 secs] 
2021-01-22T01:15:40.066+0800: 58.705: [CMS-concurrent-abortable-preclean-start]
2021-01-22T01:15:40.099+0800: 58.738: [GC (Allocation Failure) 2021-01-22T01:15:40.099+0800: 58.738: [ParNew: 314558K->34943K(314560K), 0.0164568 secs] 810860K->619694K(1013632K), 0.0173031 secs] [Times: user=0.12 sys=0.00, real=0.01 secs] 
2021-01-22T01:15:40.156+0800: 58.794: [GC (Allocation Failure) 2021-01-22T01:15:40.156+0800: 58.795: [ParNew: 314559K->34943K(314560K), 0.0146990 secs] 899310K->693027K(1013632K), 0.0156686 secs] [Times: user=0.10 sys=0.00, real=0.02 secs] 
2021-01-22T01:15:40.208+0800: 58.847: [GC (Allocation Failure) 2021-01-22T01:15:40.209+0800: 58.847: [ParNew: 314559K->314559K(314560K), 0.0003052 secs]2021-01-22T01:15:40.209+0800: 58.848: [CMS2021-01-22T01:15:40.210+0800: 58.848: [CMS-concurrent-abortable-preclean: 0.005/0.144 secs] [Times: user=0.35 sys=0.00, real=0.15 secs] 
 (concurrent mode failure): 658083K->383539K(699072K), 0.0514445 secs] 972643K->383539K(1013632K), [Metaspace: 2817K->2817K(1056768K)], 0.0528561 secs] [Times: user=0.05 sys=0.00, real=0.05 secs] 
2021-01-22T01:15:40.296+0800: 58.934: [GC (Allocation Failure) 2021-01-22T01:15:40.296+0800: 58.935: [ParNew: 279616K->34943K(314560K), 0.0118755 secs] 663155K->473443K(1013632K), 0.0127966 secs] [Times: user=0.08 sys=0.01, real=0.02 secs] 
2021-01-22T01:15:40.341+0800: 58.980: [GC (Allocation Failure) 2021-01-22T01:15:40.342+0800: 58.980: [ParNew: 314559K->34943K(314560K), 0.0149729 secs] 753059K->554719K(1013632K), 0.0156539 secs] [Times: user=0.11 sys=0.00, real=0.01 secs] 
2021-01-22T01:15:40.358+0800: 58.997: [GC (CMS Initial Mark) [1 CMS-initial-mark: 519776K(699072K)] 560414K(1013632K), 0.0011637 secs] [Times: user=0.00 sys=0.00, real=0.01 secs] 
2021-01-22T01:15:40.360+0800: 58.998: [CMS-concurrent-mark-start]
2021-01-22T01:15:40.362+0800: 59.000: [CMS-concurrent-mark: 0.002/0.002 secs] [Times: user=0.01 sys=0.00, real=0.00 secs] 
2021-01-22T01:15:40.362+0800: 59.001: [CMS-concurrent-preclean-start]
2021-01-22T01:15:40.363+0800: 59.001: [CMS-concurrent-preclean: 0.001/0.001 secs] [Times: user=0.00 sys=0.00, real=0.00 secs] 
2021-01-22T01:15:40.363+0800: 59.002: [CMS-concurrent-abortable-preclean-start]
2021-01-22T01:15:40.395+0800: 59.033: [GC (Allocation Failure) 2021-01-22T01:15:40.395+0800: 59.034: [ParNew: 314559K->34943K(314560K), 0.0154977 secs] 834335K->628658K(1013632K), 0.0163783 secs] [Times: user=0.12 sys=0.00, real=0.02 secs] 
2021-01-22T01:15:40.448+0800: 59.086: [GC (Allocation Failure) 2021-01-22T01:15:40.448+0800: 59.087: [ParNew: 314559K->34942K(314560K), 0.0144521 secs] 908274K->708093K(1013632K), 0.0153906 secs] [Times: user=0.10 sys=0.00, real=0.02 secs] 
2021-01-22T01:15:40.464+0800: 59.102: [CMS-concurrent-abortable-preclean: 0.003/0.101 secs] [Times: user=0.29 sys=0.00, real=0.10 secs] 
2021-01-22T01:15:40.464+0800: 59.103: [GC (CMS Final Remark) [YG occupancy: 40606 K (314560 K)]2021-01-22T01:15:40.465+0800: 59.103: [Rescan (parallel) , 0.0016285 secs]2021-01-22T01:15:40.467+0800: 59.105: [weak refs processing, 0.0003267 secs]2021-01-22T01:15:40.468+0800: 59.106: [class unloading, 0.0004534 secs]2021-01-22T01:15:40.468+0800: 59.107: [scrub symbol table, 0.0005301 secs]2021-01-22T01:15:40.469+0800: 59.108: [scrub string table, 0.0003756 secs][1 CMS-remark: 673150K(699072K)] 713756K(1013632K), 0.0052274 secs] [Times: user=0.01 sys=0.00, real=0.01 secs] 
2021-01-22T01:15:40.470+0800: 59.109: [CMS-concurrent-sweep-start]
2021-01-22T01:15:40.471+0800: 59.110: [CMS-concurrent-sweep: 0.001/0.001 secs] [Times: user=0.00 sys=0.00, real=0.00 secs] 
2021-01-22T01:15:40.472+0800: 59.110: [CMS-concurrent-reset-start]
2021-01-22T01:15:40.472+0800: 59.111: [CMS-concurrent-reset: 0.001/0.001 secs] [Times: user=0.00 sys=0.00, real=0.00 secs] 
2021-01-22T01:15:40.502+0800: 59.140: [GC (Allocation Failure) 2021-01-22T01:15:40.502+0800: 59.141: [ParNew: 314558K->34943K(314560K), 0.0158490 secs] 815865K->622462K(1013632K), 0.0167366 secs] [Times: user=0.12 sys=0.00, real=0.02 secs] 
2021-01-22T01:15:40.520+0800: 59.158: [GC (CMS Initial Mark) [1 CMS-initial-mark: 587518K(699072K)] 628890K(1013632K), 0.0015663 secs] [Times: user=0.00 sys=0.00, real=0.00 secs] 
2021-01-22T01:15:40.522+0800: 59.161: [CMS-concurrent-mark-start]
2021-01-22T01:15:40.525+0800: 59.163: [CMS-concurrent-mark: 0.003/0.003 secs] [Times: user=0.01 sys=0.00, real=0.00 secs] 
2021-01-22T01:15:40.525+0800: 59.164: [CMS-concurrent-preclean-start]
2021-01-22T01:15:40.526+0800: 59.165: [CMS-concurrent-preclean: 0.001/0.001 secs] [Times: user=0.00 sys=0.00, real=0.00 secs] 
2021-01-22T01:15:40.526+0800: 59.165: [CMS-concurrent-abortable-preclean-start]
2021-01-22T01:15:40.557+0800: 59.196: [GC (Allocation Failure) 2021-01-22T01:15:40.558+0800: 59.197: [ParNew: 314559K->34943K(314560K), 0.0157226 secs] 902078K->705747K(1013632K), 0.0167028 secs] [Times: user=0.12 sys=0.01, real=0.02 secs] 
2021-01-22T01:15:40.575+0800: 59.214: [CMS-concurrent-abortable-preclean: 0.001/0.049 secs] [Times: user=0.15 sys=0.01, real=0.05 secs] 
2021-01-22T01:15:40.576+0800: 59.214: [GC (CMS Final Remark) [YG occupancy: 40641 K (314560 K)]2021-01-22T01:15:40.576+0800: 59.215: [Rescan (parallel) , 0.0015577 secs]2021-01-22T01:15:40.578+0800: 59.217: [weak refs processing, 0.0003985 secs]2021-01-22T01:15:40.579+0800: 59.217: [class unloading, 0.0004859 secs]2021-01-22T01:15:40.579+0800: 59.218: [scrub symbol table, 0.0005748 secs]2021-01-22T01:15:40.580+0800: 59.219: [scrub string table, 0.0004202 secs][1 CMS-remark: 670803K(699072K)] 711445K(1013632K), 0.0054774 secs] [Times: user=0.01 sys=0.00, real=0.01 secs] 
2021-01-22T01:15:40.582+0800: 59.220: [CMS-concurrent-sweep-start]
2021-01-22T01:15:40.583+0800: 59.221: [CMS-concurrent-sweep: 0.001/0.001 secs] [Times: user=0.00 sys=0.00, real=0.00 secs] 
2021-01-22T01:15:40.583+0800: 59.222: [CMS-concurrent-reset-start]
2021-01-22T01:15:40.584+0800: 59.222: [CMS-concurrent-reset: 0.001/0.001 secs] [Times: user=0.00 sys=0.00, real=0.00 secs] 
2021-01-22T01:15:40.617+0800: 59.256: [GC (Allocation Failure) 2021-01-22T01:15:40.618+0800: 59.256: [ParNew: 314559K->34943K(314560K), 0.0143824 secs] 741196K->535538K(1013632K), 0.0153039 secs] [Times: user=0.11 sys=0.00, real=0.02 secs] 
2021-01-22T01:15:40.634+0800: 59.272: [GC (CMS Initial Mark) [1 CMS-initial-mark: 500594K(699072K)] 541240K(1013632K), 0.0017437 secs] [Times: user=0.00 sys=0.00, real=0.00 secs] 
2021-01-22T01:15:40.636+0800: 59.275: [CMS-concurrent-mark-start]
2021-01-22T01:15:40.638+0800: 59.277: [CMS-concurrent-mark: 0.002/0.002 secs] [Times: user=0.01 sys=0.00, real=0.01 secs] 
2021-01-22T01:15:40.639+0800: 59.277: [CMS-concurrent-preclean-start]
2021-01-22T01:15:40.640+0800: 59.279: [CMS-concurrent-preclean: 0.002/0.002 secs] [Times: user=0.00 sys=0.00, real=0.00 secs] 
2021-01-22T01:15:40.641+0800: 59.279: [CMS-concurrent-abortable-preclean-start]
2021-01-22T01:15:40.670+0800: 59.309: [GC (Allocation Failure) 2021-01-22T01:15:40.671+0800: 59.309: [ParNew: 314559K->34943K(314560K), 0.0172910 secs] 815154K->611892K(1013632K), 0.0181743 secs] [Times: user=0.13 sys=0.00, real=0.02 secs] 
2021-01-22T01:15:40.725+0800: 59.363: [GC (Allocation Failure) 2021-01-22T01:15:40.725+0800: 59.363: [ParNew: 314559K->34942K(314560K), 0.0243324 secs] 891508K->697779K(1013632K), 0.0250538 secs] [Times: user=0.18 sys=0.00, real=0.03 secs] 
2021-01-22T01:15:40.751+0800: 59.390: [CMS-concurrent-abortable-preclean: 0.004/0.111 secs] [Times: user=0.38 sys=0.00, real=0.11 secs] 
2021-01-22T01:15:40.769+0800: 59.407: [GC (CMS Final Remark) [YG occupancy: 190583 K (314560 K)]2021-01-22T01:15:40.769+0800: 59.408: [Rescan (parallel) , 0.0027913 secs]2021-01-22T01:15:40.772+0800: 59.411: [weak refs processing, 0.0002088 secs]2021-01-22T01:15:40.772+0800: 59.411: [class unloading, 0.0004452 secs]2021-01-22T01:15:40.773+0800: 59.412: [scrub symbol table, 0.0008612 secs]2021-01-22T01:15:40.774+0800: 59.413: [scrub string table, 0.0004091 secs][1 CMS-remark: 662837K(699072K)] 853421K(1013632K), 0.0062890 secs] [Times: user=0.02 sys=0.00, real=0.00 secs] 
2021-01-22T01:15:40.775+0800: 59.414: [CMS-concurrent-sweep-start]
2021-01-22T01:15:40.776+0800: 59.415: [CMS-concurrent-sweep: 0.001/0.001 secs] [Times: user=0.00 sys=0.00, real=0.00 secs] 
2021-01-22T01:15:40.777+0800: 59.415: [CMS-concurrent-reset-start]
2021-01-22T01:15:40.777+0800: 59.416: [CMS-concurrent-reset: 0.000/0.000 secs] [Times: user=0.00 sys=0.00, real=0.00 secs] 
2021-01-22T01:15:40.790+0800: 59.428: [GC (Allocation Failure) 2021-01-22T01:15:40.790+0800: 59.429: [ParNew: 314558K->34943K(314560K), 0.0159551 secs] 813925K->620345K(1013632K), 0.0166389 secs] [Times: user=0.12 sys=0.00, real=0.01 secs] 
2021-01-22T01:15:40.807+0800: 59.446: [GC (CMS Initial Mark) [1 CMS-initial-mark: 585401K(699072K)] 626475K(1013632K), 0.0011003 secs] [Times: user=0.00 sys=0.00, real=0.01 secs] 
2021-01-22T01:15:40.809+0800: 59.448: [CMS-concurrent-mark-start]
2021-01-22T01:15:40.811+0800: 59.450: [CMS-concurrent-mark: 0.002/0.002 secs] [Times: user=0.00 sys=0.00, real=0.00 secs] 
2021-01-22T01:15:40.811+0800: 59.450: [CMS-concurrent-preclean-start]
2021-01-22T01:15:40.812+0800: 59.451: [CMS-concurrent-preclean: 0.001/0.001 secs] [Times: user=0.00 sys=0.00, real=0.00 secs] 
2021-01-22T01:15:40.812+0800: 59.451: [CMS-concurrent-abortable-preclean-start]
2021-01-22T01:15:40.842+0800: 59.480: [GC (Allocation Failure) 2021-01-22T01:15:40.842+0800: 59.480: [ParNew: 314559K->34943K(314560K), 0.0153026 secs] 899961K->698101K(1013632K), 0.0159862 secs] [Times: user=0.11 sys=0.00, real=0.01 secs] 
2021-01-22T01:15:40.859+0800: 59.498: [CMS-concurrent-abortable-preclean: 0.002/0.047 secs] [Times: user=0.15 sys=0.01, real=0.05 secs] 
2021-01-22T01:15:40.860+0800: 59.498: [GC (CMS Final Remark) [YG occupancy: 47054 K (314560 K)]2021-01-22T01:15:40.860+0800: 59.499: [Rescan (parallel) , 0.0013662 secs]2021-01-22T01:15:40.862+0800: 59.500: [weak refs processing, 0.0002242 secs]2021-01-22T01:15:40.862+0800: 59.501: [class unloading, 0.0003773 secs]2021-01-22T01:15:40.863+0800: 59.501: [scrub symbol table, 0.0004781 secs]2021-01-22T01:15:40.863+0800: 59.502: [scrub string table, 0.0003679 secs][1 CMS-remark: 663157K(699072K)] 710212K(1013632K), 0.0041530 secs] [Times: user=0.00 sys=0.00, real=0.00 secs] 
2021-01-22T01:15:40.864+0800: 59.503: [CMS-concurrent-sweep-start]
2021-01-22T01:15:40.866+0800: 59.504: [CMS-concurrent-sweep: 0.001/0.001 secs] [Times: user=0.00 sys=0.00, real=0.00 secs] 
2021-01-22T01:15:40.866+0800: 59.505: [CMS-concurrent-reset-start]
2021-01-22T01:15:40.866+0800: 59.505: [CMS-concurrent-reset: 0.000/0.000 secs] [Times: user=0.00 sys=0.00, real=0.00 secs] 
2021-01-22T01:15:40.897+0800: 59.535: [GC (Allocation Failure) 2021-01-22T01:15:40.897+0800: 59.535: [ParNew: 314559K->34943K(314560K), 0.0142211 secs] 747952K->546392K(1013632K), 0.0148583 secs] [Times: user=0.09 sys=0.01, real=0.02 secs] 
2021-01-22T01:15:40.912+0800: 59.551: [GC (CMS Initial Mark) [1 CMS-initial-mark: 511449K(699072K)] 552223K(1013632K), 0.0010028 secs] [Times: user=0.01 sys=0.00, real=0.00 secs] 
2021-01-22T01:15:40.914+0800: 59.552: [CMS-concurrent-mark-start]
2021-01-22T01:15:40.915+0800: 59.554: [CMS-concurrent-mark: 0.002/0.002 secs] [Times: user=0.00 sys=0.00, real=0.00 secs] 
2021-01-22T01:15:40.916+0800: 59.554: [CMS-concurrent-preclean-start]
2021-01-22T01:15:40.917+0800: 59.555: [CMS-concurrent-preclean: 0.001/0.001 secs] [Times: user=0.00 sys=0.00, real=0.00 secs] 
2021-01-22T01:15:40.917+0800: 59.556: [CMS-concurrent-abortable-preclean-start]
2021-01-22T01:15:40.945+0800: 59.583: [GC (Allocation Failure) 2021-01-22T01:15:40.945+0800: 59.584: [ParNew: 314559K->34943K(314560K), 0.0143941 secs] 826008K->625316K(1013632K), 0.0151868 secs] [Times: user=0.11 sys=0.00, real=0.02 secs] 
2021-01-22T01:15:40.993+0800: 59.632: [GC (Allocation Failure) 2021-01-22T01:15:40.993+0800: 59.632: [ParNew: 314559K->34943K(314560K), 0.0138958 secs] 904932K->702411K(1013632K), 0.0145720 secs] [Times: user=0.11 sys=0.00, real=0.01 secs] 
2021-01-22T01:15:41.008+0800: 59.647: [CMS-concurrent-abortable-preclean: 0.003/0.091 secs] [Times: user=0.28 sys=0.00, real=0.10 secs] 
2021-01-22T01:15:41.009+0800: 59.647: [GC (CMS Final Remark) [YG occupancy: 40813 K (314560 K)]2021-01-22T01:15:41.009+0800: 59.648: [Rescan (parallel) , 0.0011184 secs]2021-01-22T01:15:41.010+0800: 59.649: [weak refs processing, 0.0003285 secs]2021-01-22T01:15:41.011+0800: 59.650: [class unloading, 0.0004500 secs]2021-01-22T01:15:41.012+0800: 59.650: [scrub symbol table, 0.0005512 secs]2021-01-22T01:15:41.013+0800: 59.651: [scrub string table, 0.0006380 secs][1 CMS-remark: 667468K(699072K)] 708281K(1013632K), 0.0050050 secs] [Times: user=0.01 sys=0.00, real=0.00 secs] 
2021-01-22T01:15:41.015+0800: 59.653: [CMS-concurrent-sweep-start]
2021-01-22T01:15:41.016+0800: 59.654: [CMS-concurrent-sweep: 0.001/0.001 secs] [Times: user=0.00 sys=0.00, real=0.00 secs] 
2021-01-22T01:15:41.016+0800: 59.654: [CMS-concurrent-reset-start]
2021-01-22T01:15:41.016+0800: 59.655: [CMS-concurrent-reset: 0.001/0.001 secs] [Times: user=0.00 sys=0.00, real=0.00 secs] 
2021-01-22T01:15:41.046+0800: 59.685: [GC (Allocation Failure) 2021-01-22T01:15:41.047+0800: 59.685: [ParNew: 314559K->34943K(314560K), 0.0140115 secs] 815273K->610329K(1013632K), 0.0147583 secs] [Times: user=0.10 sys=0.00, real=0.02 secs] 
2021-01-22T01:15:41.062+0800: 59.700: [GC (CMS Initial Mark) [1 CMS-initial-mark: 575386K(699072K)] 616791K(1013632K), 0.0010645 secs] [Times: user=0.01 sys=0.00, real=0.00 secs] 
2021-01-22T01:15:41.063+0800: 59.702: [CMS-concurrent-mark-start]
2021-01-22T01:15:41.065+0800: 59.704: [CMS-concurrent-mark: 0.002/0.002 secs] [Times: user=0.00 sys=0.00, real=0.00 secs] 
2021-01-22T01:15:41.078+0800: 59.717: [CMS-concurrent-preclean-start]
2021-01-22T01:15:41.079+0800: 59.718: [CMS-concurrent-preclean: 0.001/0.001 secs] [Times: user=0.01 sys=0.00, real=0.00 secs] 
2021-01-22T01:15:41.079+0800: 59.718: [CMS-concurrent-abortable-preclean-start]
2021-01-22T01:15:41.096+0800: 59.735: [GC (Allocation Failure) 2021-01-22T01:15:41.097+0800: 59.735: [ParNew: 314559K->34944K(314560K), 0.0141170 secs] 889945K->686931K(1013632K), 0.0148078 secs] [Times: user=0.11 sys=0.00, real=0.02 secs] 
2021-01-22T01:15:41.144+0800: 59.782: [GC (Allocation Failure) 2021-01-22T01:15:41.144+0800: 59.783: [ParNew: 314560K->314560K(314560K), 0.0002062 secs]2021-01-22T01:15:41.144+0800: 59.783: [CMS2021-01-22T01:15:41.145+0800: 59.783: [CMS-concurrent-abortable-preclean: 0.003/0.065 secs] [Times: user=0.16 sys=0.00, real=0.06 secs] 
 (concurrent mode failure): 651987K->368284K(699072K), 0.0463739 secs] 966547K->368284K(1013632K), [Metaspace: 2817K->2817K(1056768K)], 0.0475175 secs] [Times: user=0.04 sys=0.00, real=0.05 secs] 
2021-01-22T01:15:41.223+0800: 59.861: [GC (Allocation Failure) 2021-01-22T01:15:41.223+0800: 59.862: [ParNew: 279616K->34942K(314560K), 0.0110340 secs] 647900K->455742K(1013632K), 0.0117236 secs] [Times: user=0.08 sys=0.00, real=0.01 secs] 
2021-01-22T01:15:41.270+0800: 59.909: [GC (Allocation Failure) 2021-01-22T01:15:41.270+0800: 59.909: [ParNew: 314558K->34942K(314560K), 0.0216432 secs] 735358K->536404K(1013632K), 0.0223754 secs] [Times: user=0.15 sys=0.00, real=0.02 secs] 
2021-01-22T01:15:41.293+0800: 59.932: [GC (CMS Initial Mark) [1 CMS-initial-mark: 501461K(699072K)] 542462K(1013632K), 0.0012247 secs] [Times: user=0.00 sys=0.00, real=0.00 secs] 
2021-01-22T01:15:41.295+0800: 59.934: [CMS-concurrent-mark-start]
2021-01-22T01:15:41.297+0800: 59.935: [CMS-concurrent-mark: 0.002/0.002 secs] [Times: user=0.01 sys=0.00, real=0.00 secs] 
2021-01-22T01:15:41.297+0800: 59.936: [CMS-concurrent-preclean-start]
2021-01-22T01:15:41.298+0800: 59.936: [CMS-concurrent-preclean: 0.001/0.001 secs] [Times: user=0.00 sys=0.00, real=0.00 secs] 
2021-01-22T01:15:41.298+0800: 59.937: [CMS-concurrent-abortable-preclean-start]
2021-01-22T01:15:41.327+0800: 59.966: [GC (Allocation Failure) 2021-01-22T01:15:41.328+0800: 59.966: [ParNew: 313902K->34942K(314560K), 0.0154996 secs] 815364K->623483K(1013632K), 0.0163209 secs] [Times: user=0.11 sys=0.02, real=0.02 secs] 
2021-01-22T01:15:41.377+0800: 60.015: [GC (Allocation Failure) 2021-01-22T01:15:41.377+0800: 60.016: [ParNew: 314558K->34943K(314560K), 0.0150736 secs] 903099K->712632K(1013632K), 0.0160423 secs] [Times: user=0.11 sys=0.00, real=0.02 secs] 
2021-01-22T01:15:41.393+0800: 60.032: [CMS-concurrent-abortable-preclean: 0.003/0.095 secs] [Times: user=0.29 sys=0.02, real=0.09 secs] 
2021-01-22T01:15:41.394+0800: 60.033: [GC (CMS Final Remark) [YG occupancy: 41430 K (314560 K)]2021-01-22T01:15:41.394+0800: 60.033: [Rescan (parallel) , 0.0019471 secs]2021-01-22T01:15:41.397+0800: 60.035: [weak refs processing, 0.0003753 secs]2021-01-22T01:15:41.397+0800: 60.036: [class unloading, 0.0005513 secs]2021-01-22T01:15:41.398+0800: 60.037: [scrub symbol table, 0.0005876 secs]2021-01-22T01:15:41.399+0800: 60.038: [scrub string table, 0.0004135 secs][1 CMS-remark: 677689K(699072K)] 719119K(1013632K), 0.0059173 secs] [Times: user=0.01 sys=0.00, real=0.01 secs] 
2021-01-22T01:15:41.401+0800: 60.039: [CMS-concurrent-sweep-start]
2021-01-22T01:15:41.401+0800: 60.040: [CMS-concurrent-sweep: 0.001/0.001 secs] [Times: user=0.00 sys=0.00, real=0.00 secs] 
2021-01-22T01:15:41.402+0800: 60.040: [CMS-concurrent-reset-start]
2021-01-22T01:15:41.402+0800: 60.041: [CMS-concurrent-reset: 0.000/0.000 secs] [Times: user=0.00 sys=0.00, real=0.00 secs] 
Heap
 par new generation   total 314560K, used 240296K [0x00000000c0000000, 0x00000000d5550000, 0x00000000d5550000)
  eden space 279616K,  73% used [0x00000000c0000000, 0x00000000cc88a100, 0x00000000d1110000)
  from space 34944K,  99% used [0x00000000d1110000, 0x00000000d332ff18, 0x00000000d3330000)
  to   space 34944K,   0% used [0x00000000d3330000, 0x00000000d3330000, 0x00000000d5550000)
 concurrent mark-sweep generation total 699072K, used 514763K [0x00000000d5550000, 0x0000000100000000, 0x0000000100000000)
 Metaspace       used 2823K, capacity 4490K, committed 4864K, reserved 1056768K
  class space    used 293K, capacity 386K, committed 512K, reserved 1048576K
