OpenJDK 64-Bit Server VM (25.252-b09) for linux-amd64 JRE (1.8.0_252-8u252-b09-1ubuntu1-b09), built on Apr 16 2020 08:47:49 by "buildd" with gcc 9.3.0
Memory: 4k page, physical 39286120k(39105968k free), swap 10485760k(10485760k free)
CommandLine flags: -XX:InitialHeapSize=2147483648 -XX:MaxHeapSize=2147483648 -XX:+PrintGC -XX:+PrintGCDateStamps -XX:+PrintGCDetails -XX:+PrintGCTimeStamps -XX:+UseCompressedClassPointers -XX:+UseCompressedOops -XX:+UseG1GC 
2021-01-22T00:58:27.098+0800: 0.134: [GC pause (G1 Evacuation Pause) (young), 0.0166092 secs]
   [Parallel Time: 13.3 ms, GC Workers: 8]
      [GC Worker Start (ms): Min: 133.9, Avg: 134.1, Max: 134.2, Diff: 0.3]
      [Ext Root Scanning (ms): Min: 0.0, Avg: 0.2, Max: 0.6, Diff: 0.6, Sum: 1.6]
      [Update RS (ms): Min: 0.0, Avg: 0.2, Max: 0.6, Diff: 0.6, Sum: 1.5]
         [Processed Buffers: Min: 0, Avg: 3.4, Max: 10, Diff: 10, Sum: 27]
      [Scan RS (ms): Min: 0.0, Avg: 0.0, Max: 0.0, Diff: 0.0, Sum: 0.1]
      [Code Root Scanning (ms): Min: 0.0, Avg: 0.0, Max: 0.0, Diff: 0.0, Sum: 0.0]
      [Object Copy (ms): Min: 11.4, Avg: 11.7, Max: 12.0, Diff: 0.6, Sum: 93.4]
      [Termination (ms): Min: 0.0, Avg: 0.3, Max: 0.4, Diff: 0.4, Sum: 2.0]
         [Termination Attempts: Min: 1, Avg: 1.0, Max: 1, Diff: 0, Sum: 8]
      [GC Worker Other (ms): Min: 0.0, Avg: 0.0, Max: 0.0, Diff: 0.0, Sum: 0.1]
      [GC Worker Total (ms): Min: 12.2, Avg: 12.4, Max: 12.5, Diff: 0.3, Sum: 98.9]
      [GC Worker End (ms): Min: 146.5, Avg: 146.5, Max: 146.5, Diff: 0.0]
   [Code Root Fixup: 0.0 ms]
   [Code Root Purge: 0.0 ms]
   [Clear CT: 1.1 ms]
   [Other: 2.2 ms]
      [Choose CSet: 0.0 ms]
      [Ref Proc: 0.9 ms]
      [Ref Enq: 0.0 ms]
      [Redirty Cards: 0.9 ms]
      [Humongous Register: 0.0 ms]
      [Humongous Reclaim: 0.0 ms]
      [Free CSet: 0.1 ms]
   [Eden: 102.0M(102.0M)->0.0B(91136.0K) Survivors: 0.0B->13312.0K Heap: 122.2M(2048.0M)->44318.7K(2048.0M)]
 [Times: user=0.00 sys=0.09, real=0.02 secs] 
2021-01-22T00:58:27.139+0800: 0.175: [GC pause (G1 Evacuation Pause) (young), 0.0207185 secs]
   [Parallel Time: 15.6 ms, GC Workers: 8]
      [GC Worker Start (ms): Min: 175.0, Avg: 175.3, Max: 175.9, Diff: 0.8]
      [Ext Root Scanning (ms): Min: 0.0, Avg: 0.1, Max: 0.2, Diff: 0.2, Sum: 0.6]
      [Update RS (ms): Min: 0.0, Avg: 0.4, Max: 0.5, Diff: 0.5, Sum: 3.4]
         [Processed Buffers: Min: 0, Avg: 7.5, Max: 11, Diff: 11, Sum: 60]
      [Scan RS (ms): Min: 0.0, Avg: 0.0, Max: 0.0, Diff: 0.0, Sum: 0.1]
      [Code Root Scanning (ms): Min: 0.0, Avg: 0.0, Max: 0.0, Diff: 0.0, Sum: 0.0]
      [Object Copy (ms): Min: 9.4, Avg: 10.6, Max: 14.2, Diff: 4.8, Sum: 84.7]
      [Termination (ms): Min: 0.0, Avg: 3.6, Max: 4.8, Diff: 4.8, Sum: 29.0]
         [Termination Attempts: Min: 1, Avg: 1.0, Max: 1, Diff: 0, Sum: 8]
      [GC Worker Other (ms): Min: 0.0, Avg: 0.0, Max: 0.0, Diff: 0.0, Sum: 0.0]
      [GC Worker Total (ms): Min: 14.1, Avg: 14.7, Max: 15.0, Diff: 0.9, Sum: 117.9]
      [GC Worker End (ms): Min: 190.0, Avg: 190.0, Max: 190.0, Diff: 0.0]
   [Code Root Fixup: 0.0 ms]
   [Code Root Purge: 0.0 ms]
   [Clear CT: 0.7 ms]
   [Other: 4.4 ms]
      [Choose CSet: 0.0 ms]
      [Ref Proc: 3.1 ms]
      [Ref Enq: 0.0 ms]
      [Redirty Cards: 0.8 ms]
      [Humongous Register: 0.1 ms]
      [Humongous Reclaim: 0.0 ms]
      [Free CSet: 0.0 ms]
   [Eden: 91136.0K(91136.0K)->0.0B(91136.0K) Survivors: 13312.0K->13312.0K Heap: 157.2M(2048.0M)->81616.3K(2048.0M)]
 [Times: user=0.05 sys=0.08, real=0.02 secs] 
2021-01-22T00:58:27.178+0800: 0.214: [GC pause (G1 Evacuation Pause) (young), 0.0133371 secs]
   [Parallel Time: 11.1 ms, GC Workers: 8]
      [GC Worker Start (ms): Min: 214.1, Avg: 214.3, Max: 214.4, Diff: 0.3]
      [Ext Root Scanning (ms): Min: 0.0, Avg: 0.1, Max: 0.2, Diff: 0.2, Sum: 0.6]
      [Update RS (ms): Min: 0.0, Avg: 0.3, Max: 1.4, Diff: 1.4, Sum: 2.1]
         [Processed Buffers: Min: 1, Avg: 1.6, Max: 2, Diff: 1, Sum: 13]
      [Scan RS (ms): Min: 0.0, Avg: 0.0, Max: 0.0, Diff: 0.0, Sum: 0.1]
      [Code Root Scanning (ms): Min: 0.0, Avg: 0.0, Max: 0.0, Diff: 0.0, Sum: 0.0]
      [Object Copy (ms): Min: 7.4, Avg: 8.9, Max: 10.2, Diff: 2.8, Sum: 71.2]
      [Termination (ms): Min: 0.0, Avg: 1.2, Max: 1.5, Diff: 1.5, Sum: 9.2]
         [Termination Attempts: Min: 1, Avg: 1.0, Max: 1, Diff: 0, Sum: 8]
      [GC Worker Other (ms): Min: 0.0, Avg: 0.0, Max: 0.0, Diff: 0.0, Sum: 0.0]
      [GC Worker Total (ms): Min: 10.3, Avg: 10.4, Max: 10.6, Diff: 0.3, Sum: 83.2]
      [GC Worker End (ms): Min: 224.7, Avg: 224.7, Max: 224.8, Diff: 0.1]
   [Code Root Fixup: 0.0 ms]
   [Code Root Purge: 0.0 ms]
   [Clear CT: 0.5 ms]
   [Other: 1.8 ms]
      [Choose CSet: 0.0 ms]
      [Ref Proc: 0.6 ms]
      [Ref Enq: 0.0 ms]
      [Redirty Cards: 0.7 ms]
      [Humongous Register: 0.2 ms]
      [Humongous Reclaim: 0.1 ms]
      [Free CSet: 0.0 ms]
   [Eden: 91136.0K(91136.0K)->0.0B(91136.0K) Survivors: 13312.0K->13312.0K Heap: 190.4M(2048.0M)->117.3M(2048.0M)]
 [Times: user=0.08 sys=0.00, real=0.02 secs] 
2021-01-22T00:58:27.209+0800: 0.245: [GC pause (G1 Evacuation Pause) (young), 0.0139554 secs]
   [Parallel Time: 10.6 ms, GC Workers: 8]
      [GC Worker Start (ms): Min: 245.6, Avg: 245.8, Max: 245.9, Diff: 0.3]
      [Ext Root Scanning (ms): Min: 0.0, Avg: 0.1, Max: 0.2, Diff: 0.2, Sum: 0.5]
      [Update RS (ms): Min: 0.1, Avg: 0.2, Max: 0.2, Diff: 0.1, Sum: 1.3]
         [Processed Buffers: Min: 2, Avg: 2.8, Max: 4, Diff: 2, Sum: 22]
      [Scan RS (ms): Min: 0.0, Avg: 0.0, Max: 0.0, Diff: 0.0, Sum: 0.1]
      [Code Root Scanning (ms): Min: 0.0, Avg: 0.0, Max: 0.0, Diff: 0.0, Sum: 0.0]
      [Object Copy (ms): Min: 8.8, Avg: 9.2, Max: 9.9, Diff: 1.1, Sum: 73.6]
      [Termination (ms): Min: 0.0, Avg: 0.7, Max: 1.1, Diff: 1.1, Sum: 5.4]
         [Termination Attempts: Min: 1, Avg: 1.0, Max: 1, Diff: 0, Sum: 8]
      [GC Worker Other (ms): Min: 0.0, Avg: 0.0, Max: 0.0, Diff: 0.0, Sum: 0.1]
      [GC Worker Total (ms): Min: 10.0, Avg: 10.1, Max: 10.2, Diff: 0.3, Sum: 81.0]
      [GC Worker End (ms): Min: 255.9, Avg: 255.9, Max: 255.9, Diff: 0.1]
   [Code Root Fixup: 0.0 ms]
   [Code Root Purge: 0.0 ms]
   [Clear CT: 0.6 ms]
   [Other: 2.8 ms]
      [Choose CSet: 0.0 ms]
      [Ref Proc: 1.8 ms]
      [Ref Enq: 0.0 ms]
      [Redirty Cards: 0.5 ms]
      [Humongous Register: 0.1 ms]
      [Humongous Reclaim: 0.1 ms]
      [Free CSet: 0.0 ms]
   [Eden: 91136.0K(91136.0K)->0.0B(91136.0K) Survivors: 13312.0K->13312.0K Heap: 222.3M(2048.0M)->155.0M(2048.0M)]
 [Times: user=0.04 sys=0.05, real=0.01 secs] 
2021-01-22T00:58:27.246+0800: 0.282: [GC pause (G1 Evacuation Pause) (young), 0.0171014 secs]
   [Parallel Time: 15.0 ms, GC Workers: 8]
      [GC Worker Start (ms): Min: 282.0, Avg: 282.1, Max: 282.3, Diff: 0.3]
      [Ext Root Scanning (ms): Min: 0.0, Avg: 0.1, Max: 0.2, Diff: 0.2, Sum: 0.5]
      [Update RS (ms): Min: 0.1, Avg: 0.2, Max: 0.6, Diff: 0.5, Sum: 1.7]
         [Processed Buffers: Min: 0, Avg: 2.2, Max: 3, Diff: 3, Sum: 18]
      [Scan RS (ms): Min: 0.0, Avg: 0.0, Max: 0.0, Diff: 0.0, Sum: 0.1]
      [Code Root Scanning (ms): Min: 0.0, Avg: 0.0, Max: 0.0, Diff: 0.0, Sum: 0.0]
      [Object Copy (ms): Min: 9.2, Avg: 10.2, Max: 14.3, Diff: 5.1, Sum: 81.7]
      [Termination (ms): Min: 0.0, Avg: 4.0, Max: 4.7, Diff: 4.7, Sum: 32.1]
         [Termination Attempts: Min: 1, Avg: 1.0, Max: 1, Diff: 0, Sum: 8]
      [GC Worker Other (ms): Min: 0.0, Avg: 0.0, Max: 0.0, Diff: 0.0, Sum: 0.1]
      [GC Worker Total (ms): Min: 14.4, Avg: 14.5, Max: 14.6, Diff: 0.2, Sum: 116.2]
      [GC Worker End (ms): Min: 296.6, Avg: 296.6, Max: 296.7, Diff: 0.1]
   [Code Root Fixup: 0.0 ms]
   [Code Root Purge: 0.0 ms]
   [Clear CT: 0.4 ms]
   [Other: 1.7 ms]
      [Choose CSet: 0.0 ms]
      [Ref Proc: 0.9 ms]
      [Ref Enq: 0.0 ms]
      [Redirty Cards: 0.4 ms]
      [Humongous Register: 0.1 ms]
      [Humongous Reclaim: 0.1 ms]
      [Free CSet: 0.0 ms]
   [Eden: 91136.0K(91136.0K)->0.0B(111.0M) Survivors: 13312.0K->13312.0K Heap: 269.0M(2048.0M)->189.6M(2048.0M)]
 [Times: user=0.09 sys=0.03, real=0.02 secs] 
2021-01-22T00:58:27.285+0800: 0.320: [GC pause (G1 Evacuation Pause) (young), 0.0189900 secs]
   [Parallel Time: 17.3 ms, GC Workers: 8]
      [GC Worker Start (ms): Min: 320.6, Avg: 320.8, Max: 320.9, Diff: 0.2]
      [Ext Root Scanning (ms): Min: 0.0, Avg: 0.1, Max: 0.2, Diff: 0.2, Sum: 0.7]
      [Update RS (ms): Min: 0.0, Avg: 0.2, Max: 0.2, Diff: 0.2, Sum: 1.3]
         [Processed Buffers: Min: 0, Avg: 2.4, Max: 3, Diff: 3, Sum: 19]
      [Scan RS (ms): Min: 0.0, Avg: 0.0, Max: 0.1, Diff: 0.1, Sum: 0.1]
      [Code Root Scanning (ms): Min: 0.0, Avg: 0.0, Max: 0.0, Diff: 0.0, Sum: 0.0]
      [Object Copy (ms): Min: 15.6, Avg: 15.9, Max: 16.6, Diff: 1.0, Sum: 127.1]
      [Termination (ms): Min: 0.0, Avg: 0.8, Max: 1.1, Diff: 1.1, Sum: 6.2]
         [Termination Attempts: Min: 1, Avg: 1.2, Max: 2, Diff: 1, Sum: 10]
      [GC Worker Other (ms): Min: 0.0, Avg: 0.0, Max: 0.0, Diff: 0.0, Sum: 0.1]
      [GC Worker Total (ms): Min: 16.8, Avg: 16.9, Max: 17.0, Diff: 0.2, Sum: 135.5]
      [GC Worker End (ms): Min: 337.7, Avg: 337.7, Max: 337.7, Diff: 0.0]
   [Code Root Fixup: 0.0 ms]
   [Code Root Purge: 0.0 ms]
   [Clear CT: 0.4 ms]
   [Other: 1.2 ms]
      [Choose CSet: 0.0 ms]
      [Ref Proc: 0.5 ms]
      [Ref Enq: 0.0 ms]
      [Redirty Cards: 0.4 ms]
      [Humongous Register: 0.1 ms]
      [Humongous Reclaim: 0.1 ms]
      [Free CSet: 0.0 ms]
   [Eden: 111.0M(111.0M)->0.0B(165.0M) Survivors: 13312.0K->16384.0K Heap: 337.1M(2048.0M)->235.5M(2048.0M)]
 [Times: user=0.03 sys=0.08, real=0.02 secs] 
2021-01-22T00:58:27.337+0800: 0.373: [GC pause (G1 Evacuation Pause) (young), 0.0216853 secs]
   [Parallel Time: 19.8 ms, GC Workers: 8]
      [GC Worker Start (ms): Min: 373.1, Avg: 373.3, Max: 373.6, Diff: 0.5]
      [Ext Root Scanning (ms): Min: 0.0, Avg: 0.1, Max: 0.2, Diff: 0.2, Sum: 0.5]
      [Update RS (ms): Min: 0.0, Avg: 0.2, Max: 0.2, Diff: 0.2, Sum: 1.5]
         [Processed Buffers: Min: 0, Avg: 2.8, Max: 4, Diff: 4, Sum: 22]
      [Scan RS (ms): Min: 0.0, Avg: 0.0, Max: 0.0, Diff: 0.0, Sum: 0.1]
      [Code Root Scanning (ms): Min: 0.0, Avg: 0.0, Max: 0.0, Diff: 0.0, Sum: 0.0]
      [Object Copy (ms): Min: 18.8, Avg: 18.9, Max: 19.2, Diff: 0.4, Sum: 151.2]
      [Termination (ms): Min: 0.0, Avg: 0.3, Max: 0.4, Diff: 0.4, Sum: 2.2]
         [Termination Attempts: Min: 1, Avg: 1.0, Max: 1, Diff: 0, Sum: 8]
      [GC Worker Other (ms): Min: 0.0, Avg: 0.0, Max: 0.0, Diff: 0.0, Sum: 0.1]
      [GC Worker Total (ms): Min: 19.1, Avg: 19.4, Max: 19.6, Diff: 0.5, Sum: 155.5]
      [GC Worker End (ms): Min: 392.7, Avg: 392.7, Max: 392.7, Diff: 0.0]
   [Code Root Fixup: 0.0 ms]
   [Code Root Purge: 0.0 ms]
   [Clear CT: 0.5 ms]
   [Other: 1.3 ms]
      [Choose CSet: 0.0 ms]
      [Ref Proc: 0.3 ms]
      [Ref Enq: 0.0 ms]
      [Redirty Cards: 0.4 ms]
      [Humongous Register: 0.2 ms]
      [Humongous Reclaim: 0.1 ms]
      [Free CSet: 0.1 ms]
   [Eden: 165.0M(165.0M)->0.0B(159.0M) Survivors: 16384.0K->23552.0K Heap: 443.9M(2048.0M)->299.4M(2048.0M)]
 [Times: user=0.02 sys=0.12, real=0.03 secs] 
2021-01-22T00:58:27.382+0800: 0.418: [GC pause (G1 Evacuation Pause) (young), 0.0186099 secs]
   [Parallel Time: 16.9 ms, GC Workers: 8]
      [GC Worker Start (ms): Min: 418.4, Avg: 418.9, Max: 421.6, Diff: 3.2]
      [Ext Root Scanning (ms): Min: 0.0, Avg: 0.1, Max: 0.2, Diff: 0.2, Sum: 0.6]
      [Update RS (ms): Min: 0.0, Avg: 0.2, Max: 0.3, Diff: 0.3, Sum: 1.6]
         [Processed Buffers: Min: 0, Avg: 3.5, Max: 6, Diff: 6, Sum: 28]
      [Scan RS (ms): Min: 0.0, Avg: 0.0, Max: 0.1, Diff: 0.1, Sum: 0.2]
      [Code Root Scanning (ms): Min: 0.0, Avg: 0.0, Max: 0.0, Diff: 0.0, Sum: 0.0]
      [Object Copy (ms): Min: 12.9, Avg: 15.5, Max: 16.1, Diff: 3.3, Sum: 124.3]
      [Termination (ms): Min: 0.0, Avg: 0.3, Max: 0.4, Diff: 0.4, Sum: 2.2]
         [Termination Attempts: Min: 1, Avg: 1.0, Max: 1, Diff: 0, Sum: 8]
      [GC Worker Other (ms): Min: 0.0, Avg: 0.0, Max: 0.0, Diff: 0.0, Sum: 0.1]
      [GC Worker Total (ms): Min: 13.3, Avg: 16.1, Max: 16.6, Diff: 3.3, Sum: 128.9]
      [GC Worker End (ms): Min: 435.0, Avg: 435.0, Max: 435.0, Diff: 0.0]
   [Code Root Fixup: 0.0 ms]
   [Code Root Purge: 0.0 ms]
   [Clear CT: 0.6 ms]
   [Other: 1.1 ms]
      [Choose CSet: 0.0 ms]
      [Ref Proc: 0.3 ms]
      [Ref Enq: 0.0 ms]
      [Redirty Cards: 0.4 ms]
      [Humongous Register: 0.1 ms]
      [Humongous Reclaim: 0.1 ms]
      [Free CSet: 0.1 ms]
   [Eden: 159.0M(159.0M)->0.0B(248.0M) Survivors: 23552.0K->23552.0K Heap: 496.6M(2048.0M)->345.0M(2048.0M)]
 [Times: user=0.02 sys=0.09, real=0.02 secs] 
2021-01-22T00:58:27.457+0800: 0.493: [GC pause (G1 Evacuation Pause) (young), 0.0269432 secs]
   [Parallel Time: 24.9 ms, GC Workers: 8]
      [GC Worker Start (ms): Min: 493.1, Avg: 493.4, Max: 493.7, Diff: 0.6]
      [Ext Root Scanning (ms): Min: 0.0, Avg: 0.1, Max: 0.2, Diff: 0.2, Sum: 0.6]
      [Update RS (ms): Min: 0.0, Avg: 0.2, Max: 0.3, Diff: 0.3, Sum: 1.5]
         [Processed Buffers: Min: 0, Avg: 2.8, Max: 5, Diff: 5, Sum: 22]
      [Scan RS (ms): Min: 0.0, Avg: 0.0, Max: 0.1, Diff: 0.0, Sum: 0.2]
      [Code Root Scanning (ms): Min: 0.0, Avg: 0.0, Max: 0.0, Diff: 0.0, Sum: 0.0]
      [Object Copy (ms): Min: 23.6, Avg: 23.8, Max: 24.0, Diff: 0.4, Sum: 190.4]
      [Termination (ms): Min: 0.0, Avg: 0.2, Max: 0.3, Diff: 0.3, Sum: 1.2]
         [Termination Attempts: Min: 1, Avg: 1.0, Max: 1, Diff: 0, Sum: 8]
      [GC Worker Other (ms): Min: 0.0, Avg: 0.0, Max: 0.0, Diff: 0.0, Sum: 0.1]
      [GC Worker Total (ms): Min: 23.9, Avg: 24.2, Max: 24.5, Diff: 0.6, Sum: 194.0]
      [GC Worker End (ms): Min: 517.6, Avg: 517.6, Max: 517.6, Diff: 0.0]
   [Code Root Fixup: 0.0 ms]
   [Code Root Purge: 0.0 ms]
   [Clear CT: 0.4 ms]
   [Other: 1.7 ms]
      [Choose CSet: 0.0 ms]
      [Ref Proc: 0.7 ms]
      [Ref Enq: 0.0 ms]
      [Redirty Cards: 0.5 ms]
      [Humongous Register: 0.1 ms]
      [Humongous Reclaim: 0.1 ms]
      [Free CSet: 0.1 ms]
   [Eden: 248.0M(248.0M)->0.0B(216.0M) Survivors: 23552.0K->34816.0K Heap: 665.5M(2048.0M)->418.9M(2048.0M)]
 [Times: user=0.01 sys=0.16, real=0.03 secs] 
2021-01-22T00:58:27.514+0800: 0.550: [GC pause (G1 Evacuation Pause) (young), 0.0182538 secs]
   [Parallel Time: 16.5 ms, GC Workers: 8]
      [GC Worker Start (ms): Min: 550.3, Avg: 550.4, Max: 550.5, Diff: 0.2]
      [Ext Root Scanning (ms): Min: 0.0, Avg: 0.1, Max: 0.2, Diff: 0.2, Sum: 0.5]
      [Update RS (ms): Min: 0.1, Avg: 0.2, Max: 0.5, Diff: 0.4, Sum: 1.7]
         [Processed Buffers: Min: 0, Avg: 2.6, Max: 3, Diff: 3, Sum: 21]
      [Scan RS (ms): Min: 0.0, Avg: 0.0, Max: 0.0, Diff: 0.0, Sum: 0.2]
      [Code Root Scanning (ms): Min: 0.0, Avg: 0.0, Max: 0.0, Diff: 0.0, Sum: 0.0]
      [Object Copy (ms): Min: 15.3, Avg: 15.5, Max: 15.7, Diff: 0.5, Sum: 123.9]
      [Termination (ms): Min: 0.0, Avg: 0.2, Max: 0.4, Diff: 0.4, Sum: 1.8]
         [Termination Attempts: Min: 1, Avg: 1.1, Max: 2, Diff: 1, Sum: 9]
      [GC Worker Other (ms): Min: 0.0, Avg: 0.0, Max: 0.0, Diff: 0.0, Sum: 0.1]
      [GC Worker Total (ms): Min: 15.9, Avg: 16.0, Max: 16.2, Diff: 0.2, Sum: 128.3]
      [GC Worker End (ms): Min: 566.4, Avg: 566.4, Max: 566.5, Diff: 0.0]
   [Code Root Fixup: 0.0 ms]
   [Code Root Purge: 0.0 ms]
   [Clear CT: 0.4 ms]
   [Other: 1.4 ms]
      [Choose CSet: 0.0 ms]
      [Ref Proc: 0.5 ms]
      [Ref Enq: 0.0 ms]
      [Redirty Cards: 0.4 ms]
      [Humongous Register: 0.1 ms]
      [Humongous Reclaim: 0.1 ms]
      [Free CSet: 0.1 ms]
   [Eden: 216.0M(216.0M)->0.0B(348.0M) Survivors: 34816.0K->32768.0K Heap: 682.0M(2048.0M)->476.7M(2048.0M)]
 [Times: user=0.11 sys=0.00, real=0.02 secs] 
2021-01-22T00:58:27.600+0800: 0.636: [GC pause (G1 Evacuation Pause) (young), 0.0401086 secs]
   [Parallel Time: 37.9 ms, GC Workers: 8]
      [GC Worker Start (ms): Min: 636.4, Avg: 636.6, Max: 636.7, Diff: 0.3]
      [Ext Root Scanning (ms): Min: 0.0, Avg: 0.1, Max: 0.2, Diff: 0.2, Sum: 0.6]
      [Update RS (ms): Min: 0.0, Avg: 0.2, Max: 0.3, Diff: 0.3, Sum: 1.7]
         [Processed Buffers: Min: 0, Avg: 3.1, Max: 5, Diff: 5, Sum: 25]
      [Scan RS (ms): Min: 0.0, Avg: 0.0, Max: 0.1, Diff: 0.1, Sum: 0.3]
      [Code Root Scanning (ms): Min: 0.0, Avg: 0.0, Max: 0.0, Diff: 0.0, Sum: 0.0]
      [Object Copy (ms): Min: 36.4, Avg: 36.7, Max: 37.0, Diff: 0.6, Sum: 293.7]
      [Termination (ms): Min: 0.0, Avg: 0.3, Max: 0.6, Diff: 0.6, Sum: 2.5]
         [Termination Attempts: Min: 1, Avg: 2.5, Max: 4, Diff: 3, Sum: 20]
      [GC Worker Other (ms): Min: 0.0, Avg: 0.0, Max: 0.0, Diff: 0.0, Sum: 0.1]
      [GC Worker Total (ms): Min: 37.2, Avg: 37.4, Max: 37.5, Diff: 0.3, Sum: 298.8]
      [GC Worker End (ms): Min: 673.9, Avg: 674.0, Max: 674.0, Diff: 0.0]
   [Code Root Fixup: 0.0 ms]
   [Code Root Purge: 0.0 ms]
   [Clear CT: 0.5 ms]
   [Other: 1.7 ms]
      [Choose CSet: 0.0 ms]
      [Ref Proc: 0.5 ms]
      [Ref Enq: 0.0 ms]
      [Redirty Cards: 0.7 ms]
      [Humongous Register: 0.1 ms]
      [Humongous Reclaim: 0.1 ms]
      [Free CSet: 0.1 ms]
   [Eden: 348.0M(348.0M)->0.0B(269.0M) Survivors: 32768.0K->49152.0K Heap: 904.7M(2048.0M)->554.9M(2048.0M)]
 [Times: user=0.06 sys=0.20, real=0.04 secs] 
2021-01-22T00:58:27.679+0800: 0.715: [GC pause (G1 Evacuation Pause) (young), 0.0270636 secs]
   [Parallel Time: 25.1 ms, GC Workers: 8]
      [GC Worker Start (ms): Min: 715.5, Avg: 715.6, Max: 715.8, Diff: 0.2]
      [Ext Root Scanning (ms): Min: 0.0, Avg: 0.1, Max: 0.2, Diff: 0.2, Sum: 0.6]
      [Update RS (ms): Min: 0.1, Avg: 0.2, Max: 0.5, Diff: 0.4, Sum: 1.7]
         [Processed Buffers: Min: 0, Avg: 2.6, Max: 4, Diff: 4, Sum: 21]
      [Scan RS (ms): Min: 0.0, Avg: 0.0, Max: 0.0, Diff: 0.0, Sum: 0.3]
      [Code Root Scanning (ms): Min: 0.0, Avg: 0.0, Max: 0.0, Diff: 0.0, Sum: 0.0]
      [Object Copy (ms): Min: 24.0, Avg: 24.4, Max: 24.6, Diff: 0.6, Sum: 195.1]
      [Termination (ms): Min: 0.0, Avg: 0.2, Max: 0.3, Diff: 0.3, Sum: 1.3]
         [Termination Attempts: Min: 1, Avg: 1.0, Max: 1, Diff: 0, Sum: 8]
      [GC Worker Other (ms): Min: 0.0, Avg: 0.0, Max: 0.0, Diff: 0.0, Sum: 0.1]
      [GC Worker Total (ms): Min: 24.8, Avg: 24.9, Max: 25.0, Diff: 0.2, Sum: 199.0]
      [GC Worker End (ms): Min: 740.5, Avg: 740.5, Max: 740.5, Diff: 0.0]
   [Code Root Fixup: 0.0 ms]
   [Code Root Purge: 0.0 ms]
   [Clear CT: 0.7 ms]
   [Other: 1.3 ms]
      [Choose CSet: 0.0 ms]
      [Ref Proc: 0.3 ms]
      [Ref Enq: 0.0 ms]
      [Redirty Cards: 0.5 ms]
      [Humongous Register: 0.1 ms]
      [Humongous Reclaim: 0.1 ms]
      [Free CSet: 0.1 ms]
   [Eden: 269.0M(269.0M)->0.0B(372.0M) Survivors: 49152.0K->40960.0K Heap: 903.6M(2048.0M)->629.0M(2048.0M)]
 [Times: user=0.01 sys=0.17, real=0.02 secs] 
2021-01-22T00:58:27.769+0800: 0.805: [GC pause (G1 Evacuation Pause) (young), 0.0386493 secs]
   [Parallel Time: 36.2 ms, GC Workers: 8]
      [GC Worker Start (ms): Min: 805.4, Avg: 805.6, Max: 805.7, Diff: 0.3]
      [Ext Root Scanning (ms): Min: 0.0, Avg: 0.1, Max: 0.2, Diff: 0.2, Sum: 0.5]
      [Update RS (ms): Min: 0.2, Avg: 0.3, Max: 0.3, Diff: 0.1, Sum: 2.0]
         [Processed Buffers: Min: 0, Avg: 3.4, Max: 5, Diff: 5, Sum: 27]
      [Scan RS (ms): Min: 0.0, Avg: 0.0, Max: 0.1, Diff: 0.0, Sum: 0.4]
      [Code Root Scanning (ms): Min: 0.0, Avg: 0.0, Max: 0.0, Diff: 0.0, Sum: 0.0]
      [Object Copy (ms): Min: 35.1, Avg: 35.2, Max: 35.4, Diff: 0.3, Sum: 281.9]
      [Termination (ms): Min: 0.0, Avg: 0.2, Max: 0.3, Diff: 0.3, Sum: 1.3]
         [Termination Attempts: Min: 1, Avg: 1.0, Max: 1, Diff: 0, Sum: 8]
      [GC Worker Other (ms): Min: 0.0, Avg: 0.0, Max: 0.0, Diff: 0.0, Sum: 0.1]
      [GC Worker Total (ms): Min: 35.7, Avg: 35.8, Max: 36.0, Diff: 0.3, Sum: 286.2]
      [GC Worker End (ms): Min: 841.3, Avg: 841.3, Max: 841.4, Diff: 0.0]
   [Code Root Fixup: 0.0 ms]
   [Code Root Purge: 0.0 ms]
   [Clear CT: 0.7 ms]
   [Other: 1.8 ms]
      [Choose CSet: 0.0 ms]
      [Ref Proc: 0.6 ms]
      [Ref Enq: 0.0 ms]
      [Redirty Cards: 0.6 ms]
      [Humongous Register: 0.1 ms]
      [Humongous Reclaim: 0.2 ms]
      [Free CSet: 0.1 ms]
   [Eden: 372.0M(372.0M)->0.0B(295.0M) Survivors: 40960.0K->53248.0K Heap: 1104.2M(2048.0M)->714.9M(2048.0M)]
 [Times: user=0.05 sys=0.19, real=0.04 secs] 
2021-01-22T00:58:27.852+0800: 0.888: [GC pause (G1 Evacuation Pause) (young), 0.0203480 secs]
   [Parallel Time: 18.2 ms, GC Workers: 8]
      [GC Worker Start (ms): Min: 888.5, Avg: 888.6, Max: 888.8, Diff: 0.3]
      [Ext Root Scanning (ms): Min: 0.0, Avg: 0.1, Max: 0.2, Diff: 0.2, Sum: 0.5]
      [Update RS (ms): Min: 0.2, Avg: 0.3, Max: 0.5, Diff: 0.3, Sum: 2.1]
         [Processed Buffers: Min: 0, Avg: 3.4, Max: 5, Diff: 5, Sum: 27]
      [Scan RS (ms): Min: 0.0, Avg: 0.0, Max: 0.1, Diff: 0.0, Sum: 0.3]
      [Code Root Scanning (ms): Min: 0.0, Avg: 0.0, Max: 0.0, Diff: 0.0, Sum: 0.0]
      [Object Copy (ms): Min: 16.8, Avg: 17.0, Max: 17.2, Diff: 0.4, Sum: 135.7]
      [Termination (ms): Min: 0.0, Avg: 0.2, Max: 0.4, Diff: 0.4, Sum: 2.0]
         [Termination Attempts: Min: 1, Avg: 1.0, Max: 1, Diff: 0, Sum: 8]
      [GC Worker Other (ms): Min: 0.0, Avg: 0.0, Max: 0.1, Diff: 0.1, Sum: 0.3]
      [GC Worker Total (ms): Min: 17.5, Avg: 17.6, Max: 17.7, Diff: 0.2, Sum: 140.9]
      [GC Worker End (ms): Min: 906.2, Avg: 906.2, Max: 906.3, Diff: 0.1]
   [Code Root Fixup: 0.0 ms]
   [Code Root Purge: 0.0 ms]
   [Clear CT: 0.7 ms]
   [Other: 1.5 ms]
      [Choose CSet: 0.0 ms]
      [Ref Proc: 0.4 ms]
      [Ref Enq: 0.0 ms]
      [Redirty Cards: 0.6 ms]
      [Humongous Register: 0.1 ms]
      [Humongous Reclaim: 0.1 ms]
      [Free CSet: 0.1 ms]
   [Eden: 295.0M(295.0M)->0.0B(468.0M) Survivors: 53248.0K->45056.0K Heap: 1087.2M(2048.0M)->780.4M(2048.0M)]
 [Times: user=0.10 sys=0.03, real=0.02 secs] 
2021-01-22T00:58:27.916+0800: 0.951: [GC pause (G1 Humongous Allocation) (young) (initial-mark), 0.0282781 secs]
   [Parallel Time: 24.9 ms, GC Workers: 8]
      [GC Worker Start (ms): Min: 951.8, Avg: 951.9, Max: 952.1, Diff: 0.4]
      [Ext Root Scanning (ms): Min: 0.0, Avg: 0.3, Max: 0.5, Diff: 0.4, Sum: 2.6]
      [Update RS (ms): Min: 0.2, Avg: 0.3, Max: 0.4, Diff: 0.2, Sum: 2.1]
         [Processed Buffers: Min: 2, Avg: 4.1, Max: 6, Diff: 4, Sum: 33]
      [Scan RS (ms): Min: 0.0, Avg: 0.0, Max: 0.1, Diff: 0.0, Sum: 0.3]
      [Code Root Scanning (ms): Min: 0.0, Avg: 0.0, Max: 0.0, Diff: 0.0, Sum: 0.0]
      [Object Copy (ms): Min: 23.3, Avg: 23.4, Max: 23.6, Diff: 0.4, Sum: 187.5]
      [Termination (ms): Min: 0.0, Avg: 0.2, Max: 0.4, Diff: 0.4, Sum: 1.7]
         [Termination Attempts: Min: 1, Avg: 1.8, Max: 3, Diff: 2, Sum: 14]
      [GC Worker Other (ms): Min: 0.0, Avg: 0.0, Max: 0.1, Diff: 0.1, Sum: 0.2]
      [GC Worker Total (ms): Min: 24.1, Avg: 24.3, Max: 24.5, Diff: 0.4, Sum: 194.3]
      [GC Worker End (ms): Min: 976.2, Avg: 976.2, Max: 976.3, Diff: 0.1]
   [Code Root Fixup: 0.0 ms]
   [Code Root Purge: 0.0 ms]
   [Clear CT: 1.0 ms]
   [Other: 2.4 ms]
      [Choose CSet: 0.0 ms]
      [Ref Proc: 0.9 ms]
      [Ref Enq: 0.0 ms]
      [Redirty Cards: 0.9 ms]
      [Humongous Register: 0.1 ms]
      [Humongous Reclaim: 0.1 ms]
      [Free CSet: 0.1 ms]
   [Eden: 300.0M(468.0M)->0.0B(639.0M) Survivors: 45056.0K->65536.0K Heap: 1156.8M(2048.0M)->860.1M(2048.0M)]
 [Times: user=0.07 sys=0.11, real=0.03 secs] 
2021-01-22T00:58:27.945+0800: 0.980: [GC concurrent-root-region-scan-start]
2021-01-22T00:58:27.945+0800: 0.981: [GC concurrent-root-region-scan-end, 0.0004861 secs]
2021-01-22T00:58:27.945+0800: 0.981: [GC concurrent-mark-start]
2021-01-22T00:58:27.949+0800: 0.985: [GC concurrent-mark-end, 0.0039619 secs]
2021-01-22T00:58:27.950+0800: 0.985: [GC remark 2021-01-22T00:58:27.950+0800: 0.986: [Finalize Marking, 0.0009384 secs] 2021-01-22T00:58:27.951+0800: 0.987: [GC ref-proc, 0.0003537 secs] 2021-01-22T00:58:27.952+0800: 0.988: [Unloading, 0.0012895 secs], 0.0048554 secs]
 [Times: user=0.01 sys=0.00, real=0.00 secs] 
2021-01-22T00:58:27.955+0800: 0.991: [GC cleanup 898M->692M(2048M), 0.0028326 secs]
 [Times: user=0.01 sys=0.00, real=0.01 secs] 
2021-01-22T00:58:27.958+0800: 0.994: [GC concurrent-cleanup-start]
2021-01-22T00:58:27.958+0800: 0.994: [GC concurrent-cleanup-end, 0.0001159 secs]
2021-01-22T00:58:28.109+0800: 1.145: [GC pause (G1 Evacuation Pause) (young), 0.0513088 secs]
   [Parallel Time: 43.4 ms, GC Workers: 8]
      [GC Worker Start (ms): Min: 1145.8, Avg: 1146.0, Max: 1146.1, Diff: 0.3]
      [Ext Root Scanning (ms): Min: 0.0, Avg: 0.1, Max: 0.2, Diff: 0.2, Sum: 0.5]
      [Update RS (ms): Min: 0.3, Avg: 0.4, Max: 0.4, Diff: 0.1, Sum: 3.0]
         [Processed Buffers: Min: 0, Avg: 5.0, Max: 7, Diff: 7, Sum: 40]
      [Scan RS (ms): Min: 0.1, Avg: 0.1, Max: 0.1, Diff: 0.0, Sum: 0.7]
      [Code Root Scanning (ms): Min: 0.0, Avg: 0.0, Max: 0.0, Diff: 0.0, Sum: 0.0]
      [Object Copy (ms): Min: 41.2, Avg: 41.4, Max: 42.1, Diff: 0.9, Sum: 330.9]
      [Termination (ms): Min: 0.0, Avg: 0.7, Max: 0.9, Diff: 0.9, Sum: 5.9]
         [Termination Attempts: Min: 1, Avg: 1.0, Max: 1, Diff: 0, Sum: 8]
      [GC Worker Other (ms): Min: 0.0, Avg: 0.0, Max: 0.0, Diff: 0.0, Sum: 0.1]
      [GC Worker Total (ms): Min: 42.5, Avg: 42.6, Max: 42.8, Diff: 0.3, Sum: 341.1]
      [GC Worker End (ms): Min: 1188.6, Avg: 1188.6, Max: 1188.6, Diff: 0.0]
   [Code Root Fixup: 0.0 ms]
   [Code Root Purge: 0.0 ms]
   [Clear CT: 0.7 ms]
   [Other: 7.3 ms]
      [Choose CSet: 0.0 ms]
      [Ref Proc: 5.8 ms]
      [Ref Enq: 0.0 ms]
      [Redirty Cards: 0.6 ms]
      [Humongous Register: 0.1 ms]
      [Humongous Reclaim: 0.2 ms]
      [Free CSet: 0.3 ms]
   [Eden: 639.0M(639.0M)->0.0B(14336.0K) Survivors: 65536.0K->90112.0K Heap: 1473.7M(2048.0M)->780.5M(2048.0M)]
 [Times: user=0.19 sys=0.14, real=0.05 secs] 
2021-01-22T00:58:28.163+0800: 1.199: [GC pause (G1 Evacuation Pause) (mixed), 0.0127694 secs]
   [Parallel Time: 9.8 ms, GC Workers: 8]
      [GC Worker Start (ms): Min: 1199.6, Avg: 1199.9, Max: 1200.6, Diff: 1.0]
      [Ext Root Scanning (ms): Min: 0.0, Avg: 0.1, Max: 0.2, Diff: 0.2, Sum: 0.6]
      [Update RS (ms): Min: 0.0, Avg: 0.3, Max: 0.3, Diff: 0.3, Sum: 2.2]
         [Processed Buffers: Min: 0, Avg: 4.4, Max: 5, Diff: 5, Sum: 35]
      [Scan RS (ms): Min: 0.0, Avg: 0.1, Max: 0.1, Diff: 0.1, Sum: 0.4]
      [Code Root Scanning (ms): Min: 0.0, Avg: 0.0, Max: 0.0, Diff: 0.0, Sum: 0.0]
      [Object Copy (ms): Min: 7.7, Avg: 8.1, Max: 8.2, Diff: 0.6, Sum: 64.6]
      [Termination (ms): Min: 0.0, Avg: 0.1, Max: 0.2, Diff: 0.2, Sum: 1.0]
         [Termination Attempts: Min: 1, Avg: 1.0, Max: 1, Diff: 0, Sum: 8]
      [GC Worker Other (ms): Min: 0.0, Avg: 0.0, Max: 0.0, Diff: 0.0, Sum: 0.0]
      [GC Worker Total (ms): Min: 7.9, Avg: 8.6, Max: 8.8, Diff: 0.9, Sum: 68.8]
      [GC Worker End (ms): Min: 1208.4, Avg: 1208.5, Max: 1208.5, Diff: 0.0]
   [Code Root Fixup: 0.0 ms]
   [Code Root Purge: 0.0 ms]
   [Clear CT: 1.2 ms]
   [Other: 1.8 ms]
      [Choose CSet: 0.1 ms]
      [Ref Proc: 0.5 ms]
      [Ref Enq: 0.0 ms]
      [Redirty Cards: 0.8 ms]
      [Humongous Register: 0.1 ms]
      [Humongous Reclaim: 0.1 ms]
      [Free CSet: 0.1 ms]
   [Eden: 14336.0K(14336.0K)->0.0B(99328.0K) Survivors: 90112.0K->5120.0K Heap: 797.7M(2048.0M)->651.6M(2048.0M)]
 [Times: user=0.07 sys=0.00, real=0.01 secs] 
2021-01-22T00:58:28.190+0800: 1.226: [GC pause (G1 Evacuation Pause) (mixed), 0.0097407 secs]
   [Parallel Time: 7.4 ms, GC Workers: 8]
      [GC Worker Start (ms): Min: 1226.3, Avg: 1226.5, Max: 1226.6, Diff: 0.3]
      [Ext Root Scanning (ms): Min: 0.0, Avg: 0.1, Max: 0.2, Diff: 0.2, Sum: 0.5]
      [Update RS (ms): Min: 0.3, Avg: 0.5, Max: 1.7, Diff: 1.4, Sum: 4.3]
         [Processed Buffers: Min: 1, Avg: 4.6, Max: 7, Diff: 6, Sum: 37]
      [Scan RS (ms): Min: 0.0, Avg: 0.0, Max: 0.1, Diff: 0.0, Sum: 0.4]
      [Code Root Scanning (ms): Min: 0.0, Avg: 0.0, Max: 0.0, Diff: 0.0, Sum: 0.0]
      [Object Copy (ms): Min: 1.9, Avg: 3.4, Max: 6.4, Diff: 4.5, Sum: 27.6]
      [Termination (ms): Min: 0.0, Avg: 2.8, Max: 3.3, Diff: 3.3, Sum: 22.2]
         [Termination Attempts: Min: 1, Avg: 1.0, Max: 1, Diff: 0, Sum: 8]
      [GC Worker Other (ms): Min: 0.0, Avg: 0.0, Max: 0.0, Diff: 0.0, Sum: 0.1]
      [GC Worker Total (ms): Min: 6.7, Avg: 6.9, Max: 7.1, Diff: 0.3, Sum: 55.1]
      [GC Worker End (ms): Min: 1233.4, Avg: 1233.4, Max: 1233.4, Diff: 0.1]
   [Code Root Fixup: 0.0 ms]
   [Code Root Purge: 0.0 ms]
   [Clear CT: 0.7 ms]
   [Other: 1.6 ms]
      [Choose CSet: 0.0 ms]
      [Ref Proc: 0.4 ms]
      [Ref Enq: 0.0 ms]
      [Redirty Cards: 0.6 ms]
      [Humongous Register: 0.2 ms]
      [Humongous Reclaim: 0.2 ms]
      [Free CSet: 0.1 ms]
   [Eden: 99328.0K(99328.0K)->0.0B(379.0M) Survivors: 5120.0K->13312.0K Heap: 773.3M(2048.0M)->622.7M(2048.0M)]
 [Times: user=0.03 sys=0.02, real=0.01 secs] 
2021-01-22T00:58:28.255+0800: 1.291: [GC pause (G1 Evacuation Pause) (young), 0.0128387 secs]
   [Parallel Time: 10.3 ms, GC Workers: 8]
      [GC Worker Start (ms): Min: 1291.4, Avg: 1291.5, Max: 1291.6, Diff: 0.3]
      [Ext Root Scanning (ms): Min: 0.0, Avg: 0.1, Max: 0.2, Diff: 0.2, Sum: 0.5]
      [Update RS (ms): Min: 0.4, Avg: 0.5, Max: 0.5, Diff: 0.1, Sum: 3.6]
         [Processed Buffers: Min: 1, Avg: 6.5, Max: 8, Diff: 7, Sum: 52]
      [Scan RS (ms): Min: 0.0, Avg: 0.0, Max: 0.1, Diff: 0.0, Sum: 0.3]
      [Code Root Scanning (ms): Min: 0.0, Avg: 0.0, Max: 0.0, Diff: 0.0, Sum: 0.0]
      [Object Copy (ms): Min: 9.1, Avg: 9.2, Max: 9.2, Diff: 0.1, Sum: 73.3]
      [Termination (ms): Min: 0.0, Avg: 0.1, Max: 0.1, Diff: 0.1, Sum: 0.4]
         [Termination Attempts: Min: 1, Avg: 2.6, Max: 4, Diff: 3, Sum: 21]
      [GC Worker Other (ms): Min: 0.0, Avg: 0.0, Max: 0.0, Diff: 0.0, Sum: 0.1]
      [GC Worker Total (ms): Min: 9.7, Avg: 9.8, Max: 9.9, Diff: 0.2, Sum: 78.3]
      [GC Worker End (ms): Min: 1301.3, Avg: 1301.3, Max: 1301.3, Diff: 0.0]
   [Code Root Fixup: 0.0 ms]
   [Code Root Purge: 0.0 ms]
   [Clear CT: 0.7 ms]
   [Other: 1.9 ms]
      [Choose CSet: 0.0 ms]
      [Ref Proc: 0.6 ms]
      [Ref Enq: 0.0 ms]
      [Redirty Cards: 0.6 ms]
      [Humongous Register: 0.1 ms]
      [Humongous Reclaim: 0.2 ms]
      [Free CSet: 0.1 ms]
   [Eden: 379.0M(379.0M)->0.0B(54272.0K) Survivors: 13312.0K->50176.0K Heap: 1109.4M(2048.0M)->718.0M(2048.0M)]
 [Times: user=0.08 sys=0.00, real=0.02 secs] 
2021-01-22T00:58:28.275+0800: 1.311: [GC pause (G1 Evacuation Pause) (young), 0.0079658 secs]
   [Parallel Time: 6.2 ms, GC Workers: 8]
      [GC Worker Start (ms): Min: 1311.3, Avg: 1311.5, Max: 1311.6, Diff: 0.3]
      [Ext Root Scanning (ms): Min: 0.0, Avg: 0.1, Max: 0.2, Diff: 0.2, Sum: 0.5]
      [Update RS (ms): Min: 0.4, Avg: 0.5, Max: 0.5, Diff: 0.1, Sum: 3.7]
         [Processed Buffers: Min: 3, Avg: 6.8, Max: 8, Diff: 5, Sum: 54]
      [Scan RS (ms): Min: 0.0, Avg: 0.0, Max: 0.0, Diff: 0.0, Sum: 0.1]
      [Code Root Scanning (ms): Min: 0.0, Avg: 0.0, Max: 0.0, Diff: 0.0, Sum: 0.0]
      [Object Copy (ms): Min: 5.3, Avg: 5.3, Max: 5.4, Diff: 0.1, Sum: 42.8]
      [Termination (ms): Min: 0.0, Avg: 0.1, Max: 0.1, Diff: 0.1, Sum: 0.8]
         [Termination Attempts: Min: 1, Avg: 1.0, Max: 1, Diff: 0, Sum: 8]
      [GC Worker Other (ms): Min: 0.0, Avg: 0.0, Max: 0.0, Diff: 0.0, Sum: 0.0]
      [GC Worker Total (ms): Min: 5.9, Avg: 6.0, Max: 6.1, Diff: 0.3, Sum: 48.0]
      [GC Worker End (ms): Min: 1317.5, Avg: 1317.5, Max: 1317.5, Diff: 0.0]
   [Code Root Fixup: 0.0 ms]
   [Code Root Purge: 0.0 ms]
   [Clear CT: 0.4 ms]
   [Other: 1.3 ms]
      [Choose CSet: 0.0 ms]
      [Ref Proc: 0.5 ms]
      [Ref Enq: 0.0 ms]
      [Redirty Cards: 0.4 ms]
      [Humongous Register: 0.1 ms]
      [Humongous Reclaim: 0.1 ms]
      [Free CSet: 0.0 ms]
   [Eden: 54272.0K(54272.0K)->0.0B(91136.0K) Survivors: 50176.0K->13312.0K Heap: 780.0M(2048.0M)->732.1M(2048.0M)]
 [Times: user=0.05 sys=0.00, real=0.01 secs] 
2021-01-22T00:58:28.296+0800: 1.331: [GC pause (G1 Evacuation Pause) (young), 0.0056226 secs]
   [Parallel Time: 4.0 ms, GC Workers: 8]
      [GC Worker Start (ms): Min: 1331.7, Avg: 1331.9, Max: 1332.0, Diff: 0.3]
      [Ext Root Scanning (ms): Min: 0.0, Avg: 0.1, Max: 0.2, Diff: 0.2, Sum: 0.6]
      [Update RS (ms): Min: 0.3, Avg: 0.4, Max: 0.4, Diff: 0.1, Sum: 3.2]
         [Processed Buffers: Min: 2, Avg: 5.8, Max: 7, Diff: 5, Sum: 46]
      [Scan RS (ms): Min: 0.0, Avg: 0.0, Max: 0.0, Diff: 0.0, Sum: 0.1]
      [Code Root Scanning (ms): Min: 0.0, Avg: 0.0, Max: 0.0, Diff: 0.0, Sum: 0.0]
      [Object Copy (ms): Min: 2.9, Avg: 2.9, Max: 3.0, Diff: 0.1, Sum: 23.5]
      [Termination (ms): Min: 0.0, Avg: 0.1, Max: 0.1, Diff: 0.1, Sum: 0.4]
         [Termination Attempts: Min: 1, Avg: 1.0, Max: 1, Diff: 0, Sum: 8]
      [GC Worker Other (ms): Min: 0.0, Avg: 0.0, Max: 0.0, Diff: 0.0, Sum: 0.1]
      [GC Worker Total (ms): Min: 3.3, Avg: 3.5, Max: 3.6, Diff: 0.3, Sum: 27.9]
      [GC Worker End (ms): Min: 1335.3, Avg: 1335.3, Max: 1335.4, Diff: 0.0]
   [Code Root Fixup: 0.0 ms]
   [Code Root Purge: 0.0 ms]
   [Clear CT: 0.5 ms]
   [Other: 1.2 ms]
      [Choose CSet: 0.0 ms]
      [Ref Proc: 0.3 ms]
      [Ref Enq: 0.0 ms]
      [Redirty Cards: 0.4 ms]
      [Humongous Register: 0.2 ms]
      [Humongous Reclaim: 0.1 ms]
      [Free CSet: 0.1 ms]
   [Eden: 91136.0K(91136.0K)->0.0B(91136.0K) Survivors: 13312.0K->13312.0K Heap: 839.9M(2048.0M)->754.4M(2048.0M)]
 [Times: user=0.03 sys=0.00, real=0.01 secs] 
2021-01-22T00:58:28.314+0800: 1.349: [GC pause (G1 Evacuation Pause) (young), 0.0058307 secs]
   [Parallel Time: 4.1 ms, GC Workers: 8]
      [GC Worker Start (ms): Min: 1349.7, Avg: 1349.8, Max: 1349.9, Diff: 0.2]
      [Ext Root Scanning (ms): Min: 0.0, Avg: 0.1, Max: 0.2, Diff: 0.2, Sum: 0.5]
      [Update RS (ms): Min: 0.5, Avg: 0.5, Max: 0.5, Diff: 0.0, Sum: 4.0]
         [Processed Buffers: Min: 4, Avg: 7.2, Max: 8, Diff: 4, Sum: 58]
      [Scan RS (ms): Min: 0.0, Avg: 0.0, Max: 0.0, Diff: 0.0, Sum: 0.1]
      [Code Root Scanning (ms): Min: 0.0, Avg: 0.0, Max: 0.0, Diff: 0.0, Sum: 0.0]
      [Object Copy (ms): Min: 2.9, Avg: 3.0, Max: 3.0, Diff: 0.1, Sum: 23.7]
      [Termination (ms): Min: 0.0, Avg: 0.1, Max: 0.1, Diff: 0.1, Sum: 0.5]
         [Termination Attempts: Min: 1, Avg: 1.0, Max: 1, Diff: 0, Sum: 8]
      [GC Worker Other (ms): Min: 0.0, Avg: 0.0, Max: 0.0, Diff: 0.0, Sum: 0.1]
      [GC Worker Total (ms): Min: 3.5, Avg: 3.6, Max: 3.7, Diff: 0.2, Sum: 28.9]
      [GC Worker End (ms): Min: 1353.4, Avg: 1353.5, Max: 1353.5, Diff: 0.0]
   [Code Root Fixup: 0.0 ms]
   [Code Root Purge: 0.0 ms]
   [Clear CT: 0.6 ms]
   [Other: 1.1 ms]
      [Choose CSet: 0.0 ms]
      [Ref Proc: 0.3 ms]
      [Ref Enq: 0.0 ms]
      [Redirty Cards: 0.4 ms]
      [Humongous Register: 0.2 ms]
      [Humongous Reclaim: 0.1 ms]
      [Free CSet: 0.0 ms]
   [Eden: 91136.0K(91136.0K)->0.0B(131.0M) Survivors: 13312.0K->13312.0K Heap: 863.4M(2048.0M)->775.0M(2048.0M)]
 [Times: user=0.03 sys=0.00, real=0.01 secs] 
2021-01-22T00:58:28.338+0800: 1.374: [GC pause (G1 Evacuation Pause) (young), 0.0078288 secs]
   [Parallel Time: 5.2 ms, GC Workers: 8]
      [GC Worker Start (ms): Min: 1374.3, Avg: 1374.5, Max: 1374.6, Diff: 0.3]
      [Ext Root Scanning (ms): Min: 0.0, Avg: 0.1, Max: 0.2, Diff: 0.2, Sum: 0.6]
      [Update RS (ms): Min: 0.4, Avg: 0.4, Max: 0.5, Diff: 0.1, Sum: 3.4]
         [Processed Buffers: Min: 2, Avg: 6.2, Max: 8, Diff: 6, Sum: 50]
      [Scan RS (ms): Min: 0.0, Avg: 0.0, Max: 0.0, Diff: 0.0, Sum: 0.1]
      [Code Root Scanning (ms): Min: 0.0, Avg: 0.0, Max: 0.0, Diff: 0.0, Sum: 0.0]
      [Object Copy (ms): Min: 4.1, Avg: 4.1, Max: 4.2, Diff: 0.0, Sum: 33.0]
      [Termination (ms): Min: 0.0, Avg: 0.0, Max: 0.1, Diff: 0.1, Sum: 0.4]
         [Termination Attempts: Min: 1, Avg: 1.0, Max: 1, Diff: 0, Sum: 8]
      [GC Worker Other (ms): Min: 0.0, Avg: 0.1, Max: 0.2, Diff: 0.2, Sum: 0.5]
      [GC Worker Total (ms): Min: 4.7, Avg: 4.8, Max: 4.9, Diff: 0.2, Sum: 38.0]
      [GC Worker End (ms): Min: 1379.1, Avg: 1379.2, Max: 1379.3, Diff: 0.2]
   [Code Root Fixup: 0.0 ms]
   [Code Root Purge: 0.0 ms]
   [Clear CT: 0.9 ms]
   [Other: 1.7 ms]
      [Choose CSet: 0.0 ms]
      [Ref Proc: 0.4 ms]
      [Ref Enq: 0.0 ms]
      [Redirty Cards: 0.7 ms]
      [Humongous Register: 0.1 ms]
      [Humongous Reclaim: 0.2 ms]
      [Free CSet: 0.1 ms]
   [Eden: 131.0M(131.0M)->0.0B(166.0M) Survivors: 13312.0K->18432.0K Heap: 946.1M(2048.0M)->814.6M(2048.0M)]
 [Times: user=0.05 sys=0.00, real=0.00 secs] 
2021-01-22T00:58:28.369+0800: 1.405: [GC pause (G1 Humongous Allocation) (young) (initial-mark), 0.0091949 secs]
   [Parallel Time: 6.9 ms, GC Workers: 8]
      [GC Worker Start (ms): Min: 1404.9, Avg: 1405.0, Max: 1405.2, Diff: 0.3]
      [Ext Root Scanning (ms): Min: 0.0, Avg: 0.3, Max: 0.5, Diff: 0.5, Sum: 2.5]
      [Update RS (ms): Min: 0.5, Avg: 0.6, Max: 0.7, Diff: 0.2, Sum: 4.5]
         [Processed Buffers: Min: 5, Avg: 8.1, Max: 10, Diff: 5, Sum: 65]
      [Scan RS (ms): Min: 0.0, Avg: 0.0, Max: 0.0, Diff: 0.0, Sum: 0.1]
      [Code Root Scanning (ms): Min: 0.0, Avg: 0.0, Max: 0.0, Diff: 0.0, Sum: 0.0]
      [Object Copy (ms): Min: 5.0, Avg: 5.1, Max: 5.4, Diff: 0.4, Sum: 40.9]
      [Termination (ms): Min: 0.0, Avg: 0.3, Max: 0.4, Diff: 0.4, Sum: 2.4]
         [Termination Attempts: Min: 1, Avg: 1.8, Max: 3, Diff: 2, Sum: 14]
      [GC Worker Other (ms): Min: 0.0, Avg: 0.0, Max: 0.0, Diff: 0.0, Sum: 0.1]
      [GC Worker Total (ms): Min: 6.1, Avg: 6.3, Max: 6.4, Diff: 0.3, Sum: 50.4]
      [GC Worker End (ms): Min: 1411.3, Avg: 1411.3, Max: 1411.4, Diff: 0.0]
   [Code Root Fixup: 0.0 ms]
   [Code Root Purge: 0.0 ms]
   [Clear CT: 0.6 ms]
   [Other: 1.7 ms]
      [Choose CSet: 0.0 ms]
      [Ref Proc: 0.5 ms]
      [Ref Enq: 0.0 ms]
      [Redirty Cards: 0.7 ms]
      [Humongous Register: 0.1 ms]
      [Humongous Reclaim: 0.1 ms]
      [Free CSet: 0.1 ms]
   [Eden: 156.0M(166.0M)->0.0B(203.0M) Survivors: 18432.0K->23552.0K Heap: 1007.1M(2048.0M)->860.1M(2048.0M)]
 [Times: user=0.06 sys=0.00, real=0.01 secs] 
2021-01-22T00:58:28.379+0800: 1.415: [GC concurrent-root-region-scan-start]
2021-01-22T00:58:28.379+0800: 1.415: [GC concurrent-root-region-scan-end, 0.0002207 secs]
2021-01-22T00:58:28.379+0800: 1.415: [GC concurrent-mark-start]
2021-01-22T00:58:28.382+0800: 1.418: [GC concurrent-mark-end, 0.0028465 secs]
2021-01-22T00:58:28.382+0800: 1.418: [GC remark 2021-01-22T00:58:28.382+0800: 1.418: [Finalize Marking, 0.0010450 secs] 2021-01-22T00:58:28.384+0800: 1.420: [GC ref-proc, 0.0004298 secs] 2021-01-22T00:58:28.384+0800: 1.420: [Unloading, 0.0011041 secs], 0.0047281 secs]
 [Times: user=0.01 sys=0.00, real=0.00 secs] 
2021-01-22T00:58:28.387+0800: 1.423: [GC cleanup 883M->716M(2048M), 0.0027236 secs]
 [Times: user=0.00 sys=0.00, real=0.01 secs] 
2021-01-22T00:58:28.390+0800: 1.426: [GC concurrent-cleanup-start]
2021-01-22T00:58:28.391+0800: 1.426: [GC concurrent-cleanup-end, 0.0000966 secs]
2021-01-22T00:58:28.417+0800: 1.453: [GC pause (G1 Evacuation Pause) (young), 0.0101269 secs]
   [Parallel Time: 7.7 ms, GC Workers: 8]
      [GC Worker Start (ms): Min: 1453.6, Avg: 1453.7, Max: 1453.9, Diff: 0.3]
      [Ext Root Scanning (ms): Min: 0.0, Avg: 0.1, Max: 0.2, Diff: 0.2, Sum: 0.5]
      [Update RS (ms): Min: 0.5, Avg: 0.6, Max: 0.6, Diff: 0.1, Sum: 4.6]
         [Processed Buffers: Min: 3, Avg: 8.4, Max: 10, Diff: 7, Sum: 67]
      [Scan RS (ms): Min: 0.0, Avg: 0.0, Max: 0.0, Diff: 0.0, Sum: 0.2]
      [Code Root Scanning (ms): Min: 0.0, Avg: 0.0, Max: 0.0, Diff: 0.0, Sum: 0.0]
      [Object Copy (ms): Min: 6.4, Avg: 6.4, Max: 6.4, Diff: 0.1, Sum: 51.3]
      [Termination (ms): Min: 0.0, Avg: 0.0, Max: 0.1, Diff: 0.1, Sum: 0.3]
         [Termination Attempts: Min: 1, Avg: 1.0, Max: 1, Diff: 0, Sum: 8]
      [GC Worker Other (ms): Min: 0.0, Avg: 0.0, Max: 0.0, Diff: 0.0, Sum: 0.1]
      [GC Worker Total (ms): Min: 7.0, Avg: 7.1, Max: 7.3, Diff: 0.3, Sum: 56.9]
      [GC Worker End (ms): Min: 1460.8, Avg: 1460.9, Max: 1460.9, Diff: 0.0]
   [Code Root Fixup: 0.0 ms]
   [Code Root Purge: 0.0 ms]
   [Clear CT: 0.6 ms]
   [Other: 1.8 ms]
      [Choose CSet: 0.0 ms]
      [Ref Proc: 0.7 ms]
      [Ref Enq: 0.0 ms]
      [Redirty Cards: 0.6 ms]
      [Humongous Register: 0.1 ms]
      [Humongous Reclaim: 0.1 ms]
      [Free CSet: 0.1 ms]
   [Eden: 203.0M(203.0M)->0.0B(74752.0K) Survivors: 23552.0K->29696.0K Heap: 956.5M(2048.0M)->755.5M(2048.0M)]
 [Times: user=0.06 sys=0.00, real=0.01 secs] 
2021-01-22T00:58:28.439+0800: 1.475: [GC pause (G1 Evacuation Pause) (mixed), 0.0100098 secs]
   [Parallel Time: 7.6 ms, GC Workers: 8]
      [GC Worker Start (ms): Min: 1475.1, Avg: 1475.3, Max: 1475.4, Diff: 0.3]
      [Ext Root Scanning (ms): Min: 0.0, Avg: 0.1, Max: 0.2, Diff: 0.2, Sum: 0.6]
      [Update RS (ms): Min: 0.7, Avg: 0.7, Max: 0.8, Diff: 0.1, Sum: 6.0]
         [Processed Buffers: Min: 7, Avg: 11.2, Max: 12, Diff: 5, Sum: 90]
      [Scan RS (ms): Min: 0.1, Avg: 0.1, Max: 0.7, Diff: 0.6, Sum: 1.2]
      [Code Root Scanning (ms): Min: 0.0, Avg: 0.0, Max: 0.0, Diff: 0.0, Sum: 0.0]
      [Object Copy (ms): Min: 4.7, Avg: 5.2, Max: 6.0, Diff: 1.4, Sum: 41.4]
      [Termination (ms): Min: 0.0, Avg: 0.8, Max: 1.0, Diff: 1.0, Sum: 6.4]
         [Termination Attempts: Min: 1, Avg: 1.2, Max: 2, Diff: 1, Sum: 10]
      [GC Worker Other (ms): Min: 0.0, Avg: 0.0, Max: 0.0, Diff: 0.0, Sum: 0.0]
      [GC Worker Total (ms): Min: 6.8, Avg: 6.9, Max: 7.1, Diff: 0.3, Sum: 55.6]
      [GC Worker End (ms): Min: 1482.2, Avg: 1482.2, Max: 1482.3, Diff: 0.0]
   [Code Root Fixup: 0.0 ms]
   [Code Root Purge: 0.0 ms]
   [Clear CT: 0.7 ms]
   [Other: 1.7 ms]
      [Choose CSet: 0.0 ms]
      [Ref Proc: 0.5 ms]
      [Ref Enq: 0.0 ms]
      [Redirty Cards: 0.6 ms]
      [Humongous Register: 0.1 ms]
      [Humongous Reclaim: 0.1 ms]
      [Free CSet: 0.1 ms]
   [Eden: 74752.0K(74752.0K)->0.0B(91136.0K) Survivors: 29696.0K->13312.0K Heap: 848.9M(2048.0M)->635.4M(2048.0M)]
 [Times: user=0.05 sys=0.02, real=0.01 secs] 
2021-01-22T00:58:28.463+0800: 1.499: [GC pause (G1 Evacuation Pause) (mixed), 0.0089570 secs]
   [Parallel Time: 6.1 ms, GC Workers: 8]
      [GC Worker Start (ms): Min: 1499.6, Avg: 1499.8, Max: 1499.9, Diff: 0.3]
      [Ext Root Scanning (ms): Min: 0.0, Avg: 0.1, Max: 0.2, Diff: 0.2, Sum: 0.6]
      [Update RS (ms): Min: 0.8, Avg: 0.8, Max: 0.8, Diff: 0.1, Sum: 6.4]
         [Processed Buffers: Min: 12, Avg: 12.4, Max: 13, Diff: 1, Sum: 99]
      [Scan RS (ms): Min: 0.0, Avg: 0.1, Max: 0.2, Diff: 0.1, Sum: 0.5]
      [Code Root Scanning (ms): Min: 0.0, Avg: 0.0, Max: 0.0, Diff: 0.0, Sum: 0.1]
      [Object Copy (ms): Min: 4.4, Avg: 4.5, Max: 4.6, Diff: 0.1, Sum: 36.3]
      [Termination (ms): Min: 0.0, Avg: 0.0, Max: 0.1, Diff: 0.1, Sum: 0.2]
         [Termination Attempts: Min: 1, Avg: 1.0, Max: 1, Diff: 0, Sum: 8]
      [GC Worker Other (ms): Min: 0.0, Avg: 0.0, Max: 0.0, Diff: 0.0, Sum: 0.1]
      [GC Worker Total (ms): Min: 5.4, Avg: 5.5, Max: 5.7, Diff: 0.3, Sum: 44.0]
      [GC Worker End (ms): Min: 1505.3, Avg: 1505.3, Max: 1505.3, Diff: 0.0]
   [Code Root Fixup: 0.0 ms]
   [Code Root Purge: 0.0 ms]
   [Clear CT: 0.8 ms]
   [Other: 2.1 ms]
      [Choose CSet: 0.1 ms]
      [Ref Proc: 0.6 ms]
      [Ref Enq: 0.0 ms]
      [Redirty Cards: 0.8 ms]
      [Humongous Register: 0.2 ms]
      [Humongous Reclaim: 0.1 ms]
      [Free CSet: 0.1 ms]
   [Eden: 91136.0K(91136.0K)->0.0B(520.0M) Survivors: 13312.0K->13312.0K Heap: 740.8M(2048.0M)->581.2M(2048.0M)]
 [Times: user=0.05 sys=0.00, real=0.01 secs] 
2021-01-22T00:58:28.549+0800: 1.585: [GC pause (G1 Evacuation Pause) (young), 0.0155850 secs]
   [Parallel Time: 12.3 ms, GC Workers: 8]
      [GC Worker Start (ms): Min: 1585.5, Avg: 1585.7, Max: 1585.9, Diff: 0.3]
      [Ext Root Scanning (ms): Min: 0.0, Avg: 0.1, Max: 0.2, Diff: 0.2, Sum: 0.4]
      [Update RS (ms): Min: 0.7, Avg: 0.8, Max: 0.9, Diff: 0.1, Sum: 6.6]
         [Processed Buffers: Min: 8, Avg: 12.5, Max: 14, Diff: 6, Sum: 100]
      [Scan RS (ms): Min: 0.1, Avg: 0.1, Max: 0.1, Diff: 0.0, Sum: 0.6]
      [Code Root Scanning (ms): Min: 0.0, Avg: 0.0, Max: 0.0, Diff: 0.0, Sum: 0.0]
      [Object Copy (ms): Min: 10.6, Avg: 10.7, Max: 10.7, Diff: 0.1, Sum: 85.5]
      [Termination (ms): Min: 0.0, Avg: 0.1, Max: 0.1, Diff: 0.1, Sum: 0.5]
         [Termination Attempts: Min: 1, Avg: 1.1, Max: 2, Diff: 1, Sum: 9]
      [GC Worker Other (ms): Min: 0.0, Avg: 0.1, Max: 0.2, Diff: 0.2, Sum: 0.4]
      [GC Worker Total (ms): Min: 11.6, Avg: 11.8, Max: 12.0, Diff: 0.5, Sum: 94.0]
      [GC Worker End (ms): Min: 1597.5, Avg: 1597.5, Max: 1597.6, Diff: 0.2]
   [Code Root Fixup: 0.0 ms]
   [Code Root Purge: 0.0 ms]
   [Clear CT: 0.6 ms]
   [Other: 2.7 ms]
      [Choose CSet: 0.0 ms]
      [Ref Proc: 1.0 ms]
      [Ref Enq: 0.0 ms]
      [Redirty Cards: 1.1 ms]
      [Humongous Register: 0.2 ms]
      [Humongous Reclaim: 0.2 ms]
      [Free CSet: 0.2 ms]
   [Eden: 520.0M(520.0M)->0.0B(499.0M) Survivors: 13312.0K->68608.0K Heap: 1234.8M(2048.0M)->693.9M(2048.0M)]
 [Times: user=0.11 sys=0.00, real=0.01 secs] 
2021-01-22T00:58:28.641+0800: 1.677: [GC pause (G1 Evacuation Pause) (young), 0.0199086 secs]
   [Parallel Time: 15.7 ms, GC Workers: 8]
      [GC Worker Start (ms): Min: 1677.2, Avg: 1677.5, Max: 1677.6, Diff: 0.4]
      [Ext Root Scanning (ms): Min: 0.0, Avg: 0.1, Max: 0.3, Diff: 0.3, Sum: 0.6]
      [Update RS (ms): Min: 0.7, Avg: 0.8, Max: 0.8, Diff: 0.1, Sum: 6.3]
         [Processed Buffers: Min: 7, Avg: 11.4, Max: 13, Diff: 6, Sum: 91]
      [Scan RS (ms): Min: 0.0, Avg: 0.1, Max: 0.1, Diff: 0.0, Sum: 0.5]
      [Code Root Scanning (ms): Min: 0.0, Avg: 0.0, Max: 0.0, Diff: 0.0, Sum: 0.0]
      [Object Copy (ms): Min: 13.8, Avg: 13.8, Max: 13.9, Diff: 0.0, Sum: 110.7]
      [Termination (ms): Min: 0.0, Avg: 0.0, Max: 0.1, Diff: 0.1, Sum: 0.3]
         [Termination Attempts: Min: 1, Avg: 2.9, Max: 4, Diff: 3, Sum: 23]
      [GC Worker Other (ms): Min: 0.0, Avg: 0.0, Max: 0.0, Diff: 0.0, Sum: 0.1]
      [GC Worker Total (ms): Min: 14.7, Avg: 14.8, Max: 15.1, Diff: 0.4, Sum: 118.6]
      [GC Worker End (ms): Min: 1692.3, Avg: 1692.3, Max: 1692.3, Diff: 0.0]
   [Code Root Fixup: 0.0 ms]
   [Code Root Purge: 0.0 ms]
   [Clear CT: 1.5 ms]
   [Other: 2.7 ms]
      [Choose CSet: 0.0 ms]
      [Ref Proc: 0.8 ms]
      [Ref Enq: 0.0 ms]
      [Redirty Cards: 1.2 ms]
      [Humongous Register: 0.2 ms]
      [Humongous Reclaim: 0.2 ms]
      [Free CSet: 0.3 ms]
   [Eden: 499.0M(499.0M)->0.0B(558.0M) Survivors: 68608.0K->72704.0K Heap: 1329.9M(2048.0M)->792.3M(2048.0M)]
 [Times: user=0.11 sys=0.01, real=0.02 secs] 
2021-01-22T00:58:28.720+0800: 1.756: [GC pause (G1 Humongous Allocation) (young) (initial-mark), 0.0179646 secs]
   [Parallel Time: 14.9 ms, GC Workers: 8]
      [GC Worker Start (ms): Min: 1756.3, Avg: 1756.5, Max: 1756.7, Diff: 0.4]
      [Ext Root Scanning (ms): Min: 0.0, Avg: 0.4, Max: 0.6, Diff: 0.6, Sum: 3.2]
      [Update RS (ms): Min: 1.0, Avg: 1.1, Max: 1.2, Diff: 0.3, Sum: 8.4]
         [Processed Buffers: Min: 13, Avg: 15.9, Max: 20, Diff: 7, Sum: 127]
      [Scan RS (ms): Min: 0.0, Avg: 0.1, Max: 0.1, Diff: 0.0, Sum: 0.5]
      [Code Root Scanning (ms): Min: 0.0, Avg: 0.0, Max: 0.0, Diff: 0.0, Sum: 0.0]
      [Object Copy (ms): Min: 12.3, Avg: 12.4, Max: 12.6, Diff: 0.2, Sum: 99.1]
      [Termination (ms): Min: 0.0, Avg: 0.2, Max: 0.2, Diff: 0.2, Sum: 1.4]
         [Termination Attempts: Min: 1, Avg: 1.9, Max: 3, Diff: 2, Sum: 15]
      [GC Worker Other (ms): Min: 0.0, Avg: 0.0, Max: 0.0, Diff: 0.0, Sum: 0.1]
      [GC Worker Total (ms): Min: 13.9, Avg: 14.1, Max: 14.3, Diff: 0.4, Sum: 112.7]
      [GC Worker End (ms): Min: 1770.6, Avg: 1770.6, Max: 1770.6, Diff: 0.0]
   [Code Root Fixup: 0.0 ms]
   [Code Root Purge: 0.0 ms]
   [Clear CT: 1.1 ms]
   [Other: 1.9 ms]
      [Choose CSet: 0.0 ms]
      [Ref Proc: 0.4 ms]
      [Ref Enq: 0.0 ms]
      [Redirty Cards: 0.8 ms]
      [Humongous Register: 0.1 ms]
      [Humongous Reclaim: 0.1 ms]
      [Free CSet: 0.1 ms]
   [Eden: 398.0M(558.0M)->0.0B(738.0M) Survivors: 72704.0K->80896.0K Heap: 1277.1M(2048.0M)->876.2M(2048.0M)]
 [Times: user=0.11 sys=0.01, real=0.02 secs] 
2021-01-22T00:58:28.739+0800: 1.775: [GC concurrent-root-region-scan-start]
2021-01-22T00:58:28.739+0800: 1.775: [GC concurrent-root-region-scan-end, 0.0003049 secs]
2021-01-22T00:58:28.739+0800: 1.775: [GC concurrent-mark-start]
2021-01-22T00:58:28.742+0800: 1.778: [GC concurrent-mark-end, 0.0027777 secs]
2021-01-22T00:58:28.742+0800: 1.778: [GC remark 2021-01-22T00:58:28.742+0800: 1.778: [Finalize Marking, 0.0011287 secs] 2021-01-22T00:58:28.744+0800: 1.780: [GC ref-proc, 0.0003709 secs] 2021-01-22T00:58:28.745+0800: 1.780: [Unloading, 0.0014865 secs], 0.0056492 secs]
 [Times: user=0.01 sys=0.01, real=0.01 secs] 
2021-01-22T00:58:28.749+0800: 1.785: [GC cleanup 904M->696M(2048M), 0.0032567 secs]
 [Times: user=0.01 sys=0.00, real=0.00 secs] 
2021-01-22T00:58:28.752+0800: 1.788: [GC concurrent-cleanup-start]
2021-01-22T00:58:28.753+0800: 1.788: [GC concurrent-cleanup-end, 0.0001317 secs]
2021-01-22T00:58:28.861+0800: 1.897: [GC pause (G1 Evacuation Pause) (young), 0.0375251 secs]
   [Parallel Time: 33.3 ms, GC Workers: 8]
      [GC Worker Start (ms): Min: 1897.1, Avg: 1897.3, Max: 1897.4, Diff: 0.3]
      [Ext Root Scanning (ms): Min: 0.0, Avg: 0.1, Max: 0.2, Diff: 0.2, Sum: 0.5]
      [Update RS (ms): Min: 1.1, Avg: 1.2, Max: 1.2, Diff: 0.1, Sum: 9.4]
         [Processed Buffers: Min: 13, Avg: 17.8, Max: 19, Diff: 6, Sum: 142]
      [Scan RS (ms): Min: 0.1, Avg: 0.1, Max: 0.1, Diff: 0.0, Sum: 0.9]
      [Code Root Scanning (ms): Min: 0.0, Avg: 0.0, Max: 0.0, Diff: 0.0, Sum: 0.0]
      [Object Copy (ms): Min: 31.0, Avg: 31.1, Max: 31.1, Diff: 0.2, Sum: 248.5]
      [Termination (ms): Min: 0.0, Avg: 0.1, Max: 0.2, Diff: 0.2, Sum: 0.6]
         [Termination Attempts: Min: 1, Avg: 2.9, Max: 4, Diff: 3, Sum: 23]
      [GC Worker Other (ms): Min: 0.0, Avg: 0.1, Max: 0.2, Diff: 0.2, Sum: 0.6]
      [GC Worker Total (ms): Min: 32.4, Avg: 32.6, Max: 32.8, Diff: 0.4, Sum: 260.5]
      [GC Worker End (ms): Min: 1929.8, Avg: 1929.8, Max: 1930.0, Diff: 0.2]
   [Code Root Fixup: 0.0 ms]
   [Code Root Purge: 0.0 ms]
   [Clear CT: 1.2 ms]
   [Other: 3.1 ms]
      [Choose CSet: 0.0 ms]
      [Ref Proc: 0.9 ms]
      [Ref Enq: 0.0 ms]
      [Redirty Cards: 1.3 ms]
      [Humongous Register: 0.2 ms]
      [Humongous Reclaim: 0.3 ms]
      [Free CSet: 0.3 ms]
   [Eden: 738.0M(738.0M)->0.0B(7168.0K) Survivors: 80896.0K->103.0M Heap: 1606.0M(2048.0M)->795.3M(2048.0M)]
 [Times: user=0.11 sys=0.11, real=0.04 secs] 
2021-01-22T00:58:28.900+0800: 1.936: [GC pause (G1 Evacuation Pause) (mixed), 0.0144643 secs]
   [Parallel Time: 10.8 ms, GC Workers: 8]
      [GC Worker Start (ms): Min: 1936.3, Avg: 1936.5, Max: 1936.7, Diff: 0.3]
      [Ext Root Scanning (ms): Min: 0.0, Avg: 0.1, Max: 0.2, Diff: 0.2, Sum: 0.5]
      [Update RS (ms): Min: 0.1, Avg: 0.2, Max: 0.2, Diff: 0.1, Sum: 1.2]
         [Processed Buffers: Min: 1, Avg: 2.4, Max: 4, Diff: 3, Sum: 19]
      [Scan RS (ms): Min: 0.1, Avg: 0.1, Max: 0.1, Diff: 0.0, Sum: 0.6]
      [Code Root Scanning (ms): Min: 0.0, Avg: 0.0, Max: 0.0, Diff: 0.0, Sum: 0.0]
      [Object Copy (ms): Min: 9.5, Avg: 9.6, Max: 9.6, Diff: 0.1, Sum: 76.6]
      [Termination (ms): Min: 0.0, Avg: 0.0, Max: 0.1, Diff: 0.1, Sum: 0.3]
         [Termination Attempts: Min: 1, Avg: 1.2, Max: 3, Diff: 2, Sum: 10]
      [GC Worker Other (ms): Min: 0.0, Avg: 0.0, Max: 0.0, Diff: 0.0, Sum: 0.1]
      [GC Worker Total (ms): Min: 9.8, Avg: 9.9, Max: 10.1, Diff: 0.3, Sum: 79.3]
      [GC Worker End (ms): Min: 1946.4, Avg: 1946.4, Max: 1946.5, Diff: 0.0]
   [Code Root Fixup: 0.0 ms]
   [Code Root Purge: 0.0 ms]
   [Clear CT: 1.3 ms]
   [Other: 2.3 ms]
      [Choose CSet: 0.1 ms]
      [Ref Proc: 0.6 ms]
      [Ref Enq: 0.0 ms]
      [Redirty Cards: 1.2 ms]
      [Humongous Register: 0.1 ms]
      [Humongous Reclaim: 0.0 ms]
      [Free CSet: 0.2 ms]
   [Eden: 7168.0K(7168.0K)->0.0B(287.0M) Survivors: 103.0M->2048.0K Heap: 803.5M(2048.0M)->609.2M(2048.0M)]
 [Times: user=0.08 sys=0.01, real=0.01 secs] 
2021-01-22T00:58:28.957+0800: 1.993: [GC pause (G1 Evacuation Pause) (young), 0.0111110 secs]
   [Parallel Time: 8.1 ms, GC Workers: 8]
      [GC Worker Start (ms): Min: 1993.4, Avg: 1993.6, Max: 1993.7, Diff: 0.3]
      [Ext Root Scanning (ms): Min: 0.0, Avg: 0.1, Max: 0.2, Diff: 0.2, Sum: 0.4]
      [Update RS (ms): Min: 1.1, Avg: 1.2, Max: 1.3, Diff: 0.2, Sum: 9.6]
         [Processed Buffers: Min: 14, Avg: 18.0, Max: 20, Diff: 6, Sum: 144]
      [Scan RS (ms): Min: 0.0, Avg: 0.0, Max: 0.0, Diff: 0.0, Sum: 0.3]
      [Code Root Scanning (ms): Min: 0.0, Avg: 0.0, Max: 0.0, Diff: 0.0, Sum: 0.0]
      [Object Copy (ms): Min: 6.2, Avg: 6.2, Max: 6.3, Diff: 0.1, Sum: 49.8]
      [Termination (ms): Min: 0.0, Avg: 0.1, Max: 0.1, Diff: 0.1, Sum: 0.4]
         [Termination Attempts: Min: 1, Avg: 2.0, Max: 3, Diff: 2, Sum: 16]
      [GC Worker Other (ms): Min: 0.0, Avg: 0.0, Max: 0.0, Diff: 0.0, Sum: 0.1]
      [GC Worker Total (ms): Min: 7.4, Avg: 7.6, Max: 7.8, Diff: 0.3, Sum: 60.6]
      [GC Worker End (ms): Min: 2001.2, Avg: 2001.2, Max: 2001.2, Diff: 0.0]
   [Code Root Fixup: 0.0 ms]
   [Code Root Purge: 0.0 ms]
   [Clear CT: 0.8 ms]
   [Other: 2.1 ms]
      [Choose CSet: 0.0 ms]
      [Ref Proc: 0.6 ms]
      [Ref Enq: 0.0 ms]
      [Redirty Cards: 0.9 ms]
      [Humongous Register: 0.1 ms]
      [Humongous Reclaim: 0.2 ms]
      [Free CSet: 0.2 ms]
   [Eden: 287.0M(287.0M)->0.0B(304.0M) Survivors: 2048.0K->37888.0K Heap: 967.0M(2048.0M)->669.0M(2048.0M)]
 [Times: user=0.07 sys=0.00, real=0.02 secs] 
2021-01-22T00:58:29.016+0800: 2.051: [GC pause (G1 Evacuation Pause) (young), 0.0150359 secs]
   [Parallel Time: 11.6 ms, GC Workers: 8]
      [GC Worker Start (ms): Min: 2051.7, Avg: 2051.9, Max: 2052.0, Diff: 0.3]
      [Ext Root Scanning (ms): Min: 0.0, Avg: 0.1, Max: 0.2, Diff: 0.2, Sum: 0.4]
      [Update RS (ms): Min: 0.9, Avg: 1.0, Max: 1.0, Diff: 0.1, Sum: 7.6]
         [Processed Buffers: Min: 10, Avg: 14.4, Max: 16, Diff: 6, Sum: 115]
      [Scan RS (ms): Min: 0.0, Avg: 0.0, Max: 0.1, Diff: 0.0, Sum: 0.3]
      [Code Root Scanning (ms): Min: 0.0, Avg: 0.0, Max: 0.0, Diff: 0.0, Sum: 0.0]
      [Object Copy (ms): Min: 9.4, Avg: 9.6, Max: 9.9, Diff: 0.5, Sum: 76.5]
      [Termination (ms): Min: 0.0, Avg: 0.4, Max: 0.5, Diff: 0.5, Sum: 2.8]
         [Termination Attempts: Min: 1, Avg: 1.2, Max: 2, Diff: 1, Sum: 10]
      [GC Worker Other (ms): Min: 0.0, Avg: 0.0, Max: 0.1, Diff: 0.1, Sum: 0.4]
      [GC Worker Total (ms): Min: 10.9, Avg: 11.0, Max: 11.3, Diff: 0.4, Sum: 88.1]
      [GC Worker End (ms): Min: 2062.8, Avg: 2062.9, Max: 2062.9, Diff: 0.1]
   [Code Root Fixup: 0.0 ms]
   [Code Root Purge: 0.0 ms]
   [Clear CT: 0.9 ms]
   [Other: 2.6 ms]
      [Choose CSet: 0.0 ms]
      [Ref Proc: 0.8 ms]
      [Ref Enq: 0.0 ms]
      [Redirty Cards: 0.9 ms]
      [Humongous Register: 0.2 ms]
      [Humongous Reclaim: 0.2 ms]
      [Free CSet: 0.3 ms]
   [Eden: 304.0M(304.0M)->0.0B(363.0M) Survivors: 37888.0K->44032.0K Heap: 1065.6M(2048.0M)->755.0M(2048.0M)]
 [Times: user=0.10 sys=0.00, real=0.02 secs] 
2021-01-22T00:58:29.082+0800: 2.118: [GC pause (G1 Humongous Allocation) (young) (initial-mark), 0.0169380 secs]
   [Parallel Time: 13.1 ms, GC Workers: 8]
      [GC Worker Start (ms): Min: 2118.6, Avg: 2118.8, Max: 2119.0, Diff: 0.4]
      [Ext Root Scanning (ms): Min: 0.0, Avg: 0.4, Max: 0.7, Diff: 0.6, Sum: 3.4]
      [Update RS (ms): Min: 0.9, Avg: 1.0, Max: 1.3, Diff: 0.3, Sum: 8.4]
         [Processed Buffers: Min: 14, Avg: 15.8, Max: 19, Diff: 5, Sum: 126]
      [Scan RS (ms): Min: 0.0, Avg: 0.0, Max: 0.1, Diff: 0.0, Sum: 0.3]
      [Code Root Scanning (ms): Min: 0.0, Avg: 0.0, Max: 0.0, Diff: 0.0, Sum: 0.0]
      [Object Copy (ms): Min: 10.8, Avg: 10.8, Max: 11.2, Diff: 0.4, Sum: 86.7]
      [Termination (ms): Min: 0.0, Avg: 0.3, Max: 0.4, Diff: 0.4, Sum: 2.6]
         [Termination Attempts: Min: 1, Avg: 1.9, Max: 3, Diff: 2, Sum: 15]
      [GC Worker Other (ms): Min: 0.0, Avg: 0.0, Max: 0.0, Diff: 0.0, Sum: 0.1]
      [GC Worker Total (ms): Min: 12.5, Avg: 12.7, Max: 12.9, Diff: 0.4, Sum: 101.5]
      [GC Worker End (ms): Min: 2131.4, Avg: 2131.4, Max: 2131.5, Diff: 0.0]
   [Code Root Fixup: 0.0 ms]
   [Code Root Purge: 0.0 ms]
   [Clear CT: 0.9 ms]
   [Other: 3.0 ms]
      [Choose CSet: 0.0 ms]
      [Ref Proc: 1.2 ms]
      [Ref Enq: 0.0 ms]
      [Redirty Cards: 0.9 ms]
      [Humongous Register: 0.1 ms]
      [Humongous Reclaim: 0.3 ms]
      [Free CSet: 0.2 ms]
   [Eden: 345.0M(363.0M)->0.0B(441.0M) Survivors: 44032.0K->52224.0K Heap: 1191.9M(2048.0M)->840.8M(2048.0M)]
 [Times: user=0.10 sys=0.01, real=0.02 secs] 
2021-01-22T00:58:29.100+0800: 2.136: [GC concurrent-root-region-scan-start]
2021-01-22T00:58:29.100+0800: 2.136: [GC concurrent-root-region-scan-end, 0.0002914 secs]
2021-01-22T00:58:29.100+0800: 2.136: [GC concurrent-mark-start]
2021-01-22T00:58:29.103+0800: 2.139: [GC concurrent-mark-end, 0.0028403 secs]
2021-01-22T00:58:29.103+0800: 2.139: [GC remark 2021-01-22T00:58:29.104+0800: 2.140: [Finalize Marking, 0.0010503 secs] 2021-01-22T00:58:29.105+0800: 2.141: [GC ref-proc, 0.0007338 secs] 2021-01-22T00:58:29.106+0800: 2.142: [Unloading, 0.0016497 secs], 0.0058675 secs]
 [Times: user=0.01 sys=0.00, real=0.01 secs] 
2021-01-22T00:58:29.110+0800: 2.146: [GC cleanup 868M->702M(2048M), 0.0034368 secs]
 [Times: user=0.01 sys=0.00, real=0.00 secs] 
2021-01-22T00:58:29.114+0800: 2.150: [GC concurrent-cleanup-start]
2021-01-22T00:58:29.114+0800: 2.150: [GC concurrent-cleanup-end, 0.0001123 secs]
2021-01-22T00:58:29.179+0800: 2.215: [GC pause (G1 Evacuation Pause) (young), 0.0172307 secs]
   [Parallel Time: 13.5 ms, GC Workers: 8]
      [GC Worker Start (ms): Min: 2215.2, Avg: 2215.3, Max: 2215.5, Diff: 0.3]
      [Ext Root Scanning (ms): Min: 0.0, Avg: 0.1, Max: 0.2, Diff: 0.2, Sum: 0.6]
      [Update RS (ms): Min: 1.3, Avg: 1.4, Max: 1.4, Diff: 0.1, Sum: 11.1]
         [Processed Buffers: Min: 15, Avg: 20.8, Max: 23, Diff: 8, Sum: 166]
      [Scan RS (ms): Min: 0.0, Avg: 0.1, Max: 0.1, Diff: 0.0, Sum: 0.5]
      [Code Root Scanning (ms): Min: 0.0, Avg: 0.0, Max: 0.0, Diff: 0.0, Sum: 0.0]
      [Object Copy (ms): Min: 11.5, Avg: 11.6, Max: 11.6, Diff: 0.1, Sum: 92.5]
      [Termination (ms): Min: 0.0, Avg: 0.1, Max: 0.1, Diff: 0.1, Sum: 0.5]
         [Termination Attempts: Min: 1, Avg: 1.5, Max: 2, Diff: 1, Sum: 12]
      [GC Worker Other (ms): Min: 0.0, Avg: 0.0, Max: 0.0, Diff: 0.0, Sum: 0.1]
      [GC Worker Total (ms): Min: 13.0, Avg: 13.2, Max: 13.3, Diff: 0.3, Sum: 105.3]
      [GC Worker End (ms): Min: 2228.5, Avg: 2228.5, Max: 2228.5, Diff: 0.0]
   [Code Root Fixup: 0.0 ms]
   [Code Root Purge: 0.0 ms]
   [Clear CT: 1.0 ms]
   [Other: 2.8 ms]
      [Choose CSet: 0.0 ms]
      [Ref Proc: 0.8 ms]
      [Ref Enq: 0.0 ms]
      [Redirty Cards: 1.0 ms]
      [Humongous Register: 0.3 ms]
      [Humongous Reclaim: 0.3 ms]
      [Free CSet: 0.2 ms]
   [Eden: 441.0M(441.0M)->0.0B(40960.0K) Survivors: 52224.0K->63488.0K Heap: 1234.6M(2048.0M)->759.9M(2048.0M)]
 [Times: user=0.10 sys=0.01, real=0.01 secs] 
2021-01-22T00:58:29.203+0800: 2.239: [GC pause (G1 Evacuation Pause) (mixed), 0.0118791 secs]
   [Parallel Time: 8.9 ms, GC Workers: 8]
      [GC Worker Start (ms): Min: 2238.8, Avg: 2239.0, Max: 2239.1, Diff: 0.3]
      [Ext Root Scanning (ms): Min: 0.0, Avg: 0.1, Max: 0.2, Diff: 0.2, Sum: 0.6]
      [Update RS (ms): Min: 0.1, Avg: 0.2, Max: 0.2, Diff: 0.1, Sum: 1.7]
         [Processed Buffers: Min: 3, Avg: 3.6, Max: 4, Diff: 1, Sum: 29]
      [Scan RS (ms): Min: 0.1, Avg: 0.1, Max: 0.1, Diff: 0.1, Sum: 0.6]
      [Code Root Scanning (ms): Min: 0.0, Avg: 0.0, Max: 0.0, Diff: 0.0, Sum: 0.0]
      [Object Copy (ms): Min: 7.6, Avg: 7.7, Max: 7.8, Diff: 0.1, Sum: 61.6]
      [Termination (ms): Min: 0.0, Avg: 0.1, Max: 0.1, Diff: 0.1, Sum: 0.5]
         [Termination Attempts: Min: 1, Avg: 1.0, Max: 1, Diff: 0, Sum: 8]
      [GC Worker Other (ms): Min: 0.0, Avg: 0.0, Max: 0.0, Diff: 0.0, Sum: 0.1]
      [GC Worker Total (ms): Min: 8.0, Avg: 8.1, Max: 8.3, Diff: 0.3, Sum: 65.0]
      [GC Worker End (ms): Min: 2247.1, Avg: 2247.1, Max: 2247.1, Diff: 0.0]
   [Code Root Fixup: 0.0 ms]
   [Code Root Purge: 0.0 ms]
   [Clear CT: 0.8 ms]
   [Other: 2.2 ms]
      [Choose CSet: 0.1 ms]
      [Ref Proc: 0.8 ms]
      [Ref Enq: 0.0 ms]
      [Redirty Cards: 0.9 ms]
      [Humongous Register: 0.1 ms]
      [Humongous Reclaim: 0.1 ms]
      [Free CSet: 0.2 ms]
   [Eden: 40960.0K(40960.0K)->0.0B(91136.0K) Survivors: 63488.0K->13312.0K Heap: 802.3M(2048.0M)->578.1M(2048.0M)]
 [Times: user=0.07 sys=0.00, real=0.01 secs] 
2021-01-22T00:58:29.228+0800: 2.264: [GC pause (G1 Evacuation Pause) (mixed), 0.0094625 secs]
   [Parallel Time: 6.3 ms, GC Workers: 8]
      [GC Worker Start (ms): Min: 2264.4, Avg: 2265.3, Max: 2270.3, Diff: 5.9]
      [Ext Root Scanning (ms): Min: 0.0, Avg: 0.1, Max: 0.2, Diff: 0.2, Sum: 0.6]
      [Update RS (ms): Min: 0.0, Avg: 1.6, Max: 2.0, Diff: 2.0, Sum: 13.1]
         [Processed Buffers: Min: 0, Avg: 25.1, Max: 32, Diff: 32, Sum: 201]
      [Scan RS (ms): Min: 0.0, Avg: 0.0, Max: 0.0, Diff: 0.0, Sum: 0.1]
      [Code Root Scanning (ms): Min: 0.0, Avg: 0.0, Max: 0.0, Diff: 0.0, Sum: 0.0]
      [Object Copy (ms): Min: 0.0, Avg: 3.1, Max: 3.6, Diff: 3.5, Sum: 24.6]
      [Termination (ms): Min: 0.0, Avg: 0.1, Max: 0.2, Diff: 0.2, Sum: 1.2]
         [Termination Attempts: Min: 1, Avg: 1.0, Max: 1, Diff: 0, Sum: 8]
      [GC Worker Other (ms): Min: 0.0, Avg: 0.0, Max: 0.0, Diff: 0.0, Sum: 0.0]
      [GC Worker Total (ms): Min: 0.0, Avg: 5.0, Max: 5.9, Diff: 5.9, Sum: 39.7]
      [GC Worker End (ms): Min: 2270.3, Avg: 2270.3, Max: 2270.3, Diff: 0.0]
   [Code Root Fixup: 0.0 ms]
   [Code Root Purge: 0.0 ms]
   [Clear CT: 0.9 ms]
   [Other: 2.2 ms]
      [Choose CSet: 0.0 ms]
      [Ref Proc: 0.8 ms]
      [Ref Enq: 0.0 ms]
      [Redirty Cards: 0.9 ms]
      [Humongous Register: 0.1 ms]
      [Humongous Reclaim: 0.1 ms]
      [Free CSet: 0.1 ms]
   [Eden: 91136.0K(91136.0K)->0.0B(839.0M) Survivors: 13312.0K->13312.0K Heap: 701.9M(2048.0M)->602.7M(2048.0M)]
 [Times: user=0.04 sys=0.01, real=0.01 secs] 
2021-01-22T00:58:29.337+0800: 2.373: [GC pause (G1 Humongous Allocation) (young) (initial-mark), 0.0194940 secs]
   [Parallel Time: 15.8 ms, GC Workers: 8]
      [GC Worker Start (ms): Min: 2373.4, Avg: 2373.6, Max: 2373.8, Diff: 0.4]
      [Ext Root Scanning (ms): Min: 0.0, Avg: 0.4, Max: 0.5, Diff: 0.5, Sum: 2.8]
      [Update RS (ms): Min: 1.6, Avg: 1.7, Max: 1.8, Diff: 0.2, Sum: 13.5]
         [Processed Buffers: Min: 23, Avg: 25.6, Max: 28, Diff: 5, Sum: 205]
      [Scan RS (ms): Min: 0.1, Avg: 0.1, Max: 0.1, Diff: 0.0, Sum: 0.8]
      [Code Root Scanning (ms): Min: 0.0, Avg: 0.0, Max: 0.0, Diff: 0.0, Sum: 0.0]
      [Object Copy (ms): Min: 13.1, Avg: 13.2, Max: 13.2, Diff: 0.2, Sum: 105.2]
      [Termination (ms): Min: 0.0, Avg: 0.1, Max: 0.2, Diff: 0.2, Sum: 0.9]
         [Termination Attempts: Min: 1, Avg: 1.8, Max: 3, Diff: 2, Sum: 14]
      [GC Worker Other (ms): Min: 0.0, Avg: 0.0, Max: 0.0, Diff: 0.0, Sum: 0.1]
      [GC Worker Total (ms): Min: 15.2, Avg: 15.4, Max: 15.6, Diff: 0.4, Sum: 123.3]
      [GC Worker End (ms): Min: 2389.0, Avg: 2389.0, Max: 2389.0, Diff: 0.0]
   [Code Root Fixup: 0.0 ms]
   [Code Root Purge: 0.0 ms]
   [Clear CT: 0.8 ms]
   [Other: 2.9 ms]
      [Choose CSet: 0.0 ms]
      [Ref Proc: 0.9 ms]
      [Ref Enq: 0.0 ms]
      [Redirty Cards: 1.0 ms]
      [Humongous Register: 0.2 ms]
      [Humongous Reclaim: 0.3 ms]
      [Free CSet: 0.3 ms]
   [Eden: 649.0M(839.0M)->0.0B(806.0M) Survivors: 13312.0K->107.0M Heap: 1423.5M(2048.0M)->750.2M(2048.0M)]
 [Times: user=0.13 sys=0.00, real=0.02 secs] 
2021-01-22T00:58:29.357+0800: 2.393: [GC concurrent-root-region-scan-start]
2021-01-22T00:58:29.358+0800: 2.394: [GC concurrent-root-region-scan-end, 0.0002398 secs]
2021-01-22T00:58:29.358+0800: 2.394: [GC concurrent-mark-start]
2021-01-22T00:58:29.360+0800: 2.396: [GC concurrent-mark-end, 0.0025404 secs]
2021-01-22T00:58:29.360+0800: 2.396: [GC remark 2021-01-22T00:58:29.361+0800: 2.397: [Finalize Marking, 0.0012500 secs] 2021-01-22T00:58:29.362+0800: 2.398: [GC ref-proc, 0.0004947 secs] 2021-01-22T00:58:29.363+0800: 2.399: [Unloading, 0.0010489 secs], 0.0049701 secs]
 [Times: user=0.02 sys=0.00, real=0.00 secs] 
2021-01-22T00:58:29.366+0800: 2.402: [GC cleanup 776M->671M(2048M), 0.0026462 secs]
 [Times: user=0.00 sys=0.01, real=0.01 secs] 
2021-01-22T00:58:29.369+0800: 2.405: [GC concurrent-cleanup-start]
2021-01-22T00:58:29.369+0800: 2.405: [GC concurrent-cleanup-end, 0.0000542 secs]
2021-01-22T00:58:29.477+0800: 2.513: [GC pause (G1 Evacuation Pause) (young) (to-space exhausted), 0.0224894 secs]
   [Parallel Time: 18.1 ms, GC Workers: 8]
      [GC Worker Start (ms): Min: 2513.1, Avg: 2513.3, Max: 2513.5, Diff: 0.3]
      [Ext Root Scanning (ms): Min: 0.0, Avg: 0.1, Max: 0.2, Diff: 0.2, Sum: 0.5]
      [Update RS (ms): Min: 1.7, Avg: 1.8, Max: 1.9, Diff: 0.1, Sum: 14.4]
         [Processed Buffers: Min: 22, Avg: 27.1, Max: 29, Diff: 7, Sum: 217]
      [Scan RS (ms): Min: 0.1, Avg: 0.1, Max: 0.2, Diff: 0.1, Sum: 1.0]
      [Code Root Scanning (ms): Min: 0.0, Avg: 0.0, Max: 0.0, Diff: 0.0, Sum: 0.0]
      [Object Copy (ms): Min: 15.1, Avg: 15.2, Max: 15.3, Diff: 0.3, Sum: 121.5]
      [Termination (ms): Min: 0.0, Avg: 0.2, Max: 0.3, Diff: 0.3, Sum: 1.3]
         [Termination Attempts: Min: 1, Avg: 2.9, Max: 4, Diff: 3, Sum: 23]
      [GC Worker Other (ms): Min: 0.0, Avg: 0.0, Max: 0.1, Diff: 0.1, Sum: 0.4]
      [GC Worker Total (ms): Min: 17.2, Avg: 17.4, Max: 17.6, Diff: 0.4, Sum: 139.1]
      [GC Worker End (ms): Min: 2530.7, Avg: 2530.7, Max: 2530.8, Diff: 0.1]
   [Code Root Fixup: 0.0 ms]
   [Code Root Purge: 0.0 ms]
   [Clear CT: 1.0 ms]
   [Other: 3.4 ms]
      [Evacuation Failure: 1.0 ms]
      [Choose CSet: 0.0 ms]
      [Ref Proc: 0.6 ms]
      [Ref Enq: 0.0 ms]
      [Redirty Cards: 0.9 ms]
      [Humongous Register: 0.2 ms]
      [Humongous Reclaim: 0.3 ms]
      [Free CSet: 0.4 ms]
   [Eden: 806.0M(806.0M)->0.0B(7168.0K) Survivors: 107.0M->115.0M Heap: 1678.8M(2048.0M)->866.7M(2048.0M)]
 [Times: user=0.14 sys=0.00, real=0.03 secs] 
2021-01-22T00:58:29.501+0800: 2.537: [GC pause (G1 Evacuation Pause) (mixed), 0.0150977 secs]
   [Parallel Time: 12.4 ms, GC Workers: 8]
      [GC Worker Start (ms): Min: 2537.2, Avg: 2537.4, Max: 2537.8, Diff: 0.6]
      [Ext Root Scanning (ms): Min: 0.0, Avg: 0.1, Max: 0.2, Diff: 0.2, Sum: 0.5]
      [Update RS (ms): Min: 0.0, Avg: 0.2, Max: 0.2, Diff: 0.2, Sum: 1.3]
         [Processed Buffers: Min: 0, Avg: 2.8, Max: 4, Diff: 4, Sum: 22]
      [Scan RS (ms): Min: 0.0, Avg: 0.1, Max: 0.1, Diff: 0.1, Sum: 0.4]
      [Code Root Scanning (ms): Min: 0.0, Avg: 0.0, Max: 0.0, Diff: 0.0, Sum: 0.0]
      [Object Copy (ms): Min: 11.2, Avg: 11.2, Max: 11.4, Diff: 0.2, Sum: 89.6]
      [Termination (ms): Min: 0.0, Avg: 0.2, Max: 0.3, Diff: 0.3, Sum: 1.4]
         [Termination Attempts: Min: 1, Avg: 1.0, Max: 1, Diff: 0, Sum: 8]
      [GC Worker Other (ms): Min: 0.0, Avg: 0.0, Max: 0.0, Diff: 0.0, Sum: 0.1]
      [GC Worker Total (ms): Min: 11.3, Avg: 11.7, Max: 11.8, Diff: 0.6, Sum: 93.4]
      [GC Worker End (ms): Min: 2549.0, Avg: 2549.1, Max: 2549.1, Diff: 0.1]
   [Code Root Fixup: 0.0 ms]
   [Code Root Purge: 0.0 ms]
   [Clear CT: 0.8 ms]
   [Other: 1.9 ms]
      [Choose CSet: 0.1 ms]
      [Ref Proc: 0.7 ms]
      [Ref Enq: 0.0 ms]
      [Redirty Cards: 0.7 ms]
      [Humongous Register: 0.1 ms]
      [Humongous Reclaim: 0.0 ms]
      [Free CSet: 0.2 ms]
   [Eden: 7168.0K(7168.0K)->0.0B(863.0M) Survivors: 115.0M->3072.0K Heap: 875.1M(2048.0M)->692.5M(2048.0M)]
 [Times: user=0.07 sys=0.02, real=0.01 secs] 
2021-01-22T00:58:29.575+0800: 2.611: [GC pause (G1 Humongous Allocation) (young) (initial-mark), 0.0146244 secs]
   [Parallel Time: 11.4 ms, GC Workers: 8]
      [GC Worker Start (ms): Min: 2611.2, Avg: 2611.4, Max: 2611.6, Diff: 0.4]
      [Ext Root Scanning (ms): Min: 0.0, Avg: 0.4, Max: 0.6, Diff: 0.5, Sum: 3.1]
      [Update RS (ms): Min: 1.8, Avg: 1.9, Max: 2.1, Diff: 0.2, Sum: 15.6]
         [Processed Buffers: Min: 27, Avg: 29.6, Max: 32, Diff: 5, Sum: 237]
      [Scan RS (ms): Min: 0.0, Avg: 0.0, Max: 0.1, Diff: 0.0, Sum: 0.4]
      [Code Root Scanning (ms): Min: 0.0, Avg: 0.0, Max: 0.0, Diff: 0.0, Sum: 0.0]
      [Object Copy (ms): Min: 8.2, Avg: 8.3, Max: 8.3, Diff: 0.1, Sum: 66.2]
      [Termination (ms): Min: 0.0, Avg: 0.0, Max: 0.1, Diff: 0.1, Sum: 0.4]
         [Termination Attempts: Min: 1, Avg: 2.1, Max: 3, Diff: 2, Sum: 17]
      [GC Worker Other (ms): Min: 0.0, Avg: 0.0, Max: 0.1, Diff: 0.1, Sum: 0.3]
      [GC Worker Total (ms): Min: 10.5, Avg: 10.7, Max: 10.9, Diff: 0.4, Sum: 85.9]
      [GC Worker End (ms): Min: 2622.1, Avg: 2622.1, Max: 2622.3, Diff: 0.1]
   [Code Root Fixup: 0.0 ms]
   [Code Root Purge: 0.0 ms]
   [Clear CT: 0.9 ms]
   [Other: 2.3 ms]
      [Choose CSet: 0.0 ms]
      [Ref Proc: 0.8 ms]
      [Ref Enq: 0.0 ms]
      [Redirty Cards: 0.8 ms]
      [Humongous Register: 0.1 ms]
      [Humongous Reclaim: 0.2 ms]
      [Free CSet: 0.2 ms]
   [Eden: 406.0M(863.0M)->0.0B(777.0M) Survivors: 3072.0K->101.0M Heap: 1202.9M(2048.0M)->783.2M(2048.0M)]
 [Times: user=0.09 sys=0.00, real=0.02 secs] 
2021-01-22T00:58:29.590+0800: 2.626: [GC concurrent-root-region-scan-start]
2021-01-22T00:58:29.591+0800: 2.627: [GC concurrent-root-region-scan-end, 0.0003241 secs]
2021-01-22T00:58:29.591+0800: 2.627: [GC concurrent-mark-start]
2021-01-22T00:58:29.593+0800: 2.629: [GC concurrent-mark-end, 0.0025839 secs]
2021-01-22T00:58:29.594+0800: 2.630: [GC remark 2021-01-22T00:58:29.594+0800: 2.630: [Finalize Marking, 0.0012294 secs] 2021-01-22T00:58:29.596+0800: 2.632: [GC ref-proc, 0.0004981 secs] 2021-01-22T00:58:29.597+0800: 2.633: [Unloading, 0.0014989 secs], 0.0059124 secs]
 [Times: user=0.01 sys=0.00, real=0.01 secs] 
2021-01-22T00:58:29.601+0800: 2.637: [GC cleanup 815M->667M(2048M), 0.0033955 secs]
 [Times: user=0.01 sys=0.01, real=0.00 secs] 
2021-01-22T00:58:29.605+0800: 2.641: [GC concurrent-cleanup-start]
2021-01-22T00:58:29.605+0800: 2.641: [GC concurrent-cleanup-end, 0.0000805 secs]
2021-01-22T00:58:29.711+0800: 2.746: [GC pause (G1 Evacuation Pause) (young), 0.0260175 secs]
   [Parallel Time: 22.4 ms, GC Workers: 8]
      [GC Worker Start (ms): Min: 2746.8, Avg: 2747.0, Max: 2747.1, Diff: 0.3]
      [Ext Root Scanning (ms): Min: 0.0, Avg: 0.1, Max: 0.2, Diff: 0.2, Sum: 0.5]
      [Update RS (ms): Min: 2.2, Avg: 2.2, Max: 2.3, Diff: 0.1, Sum: 18.0]
         [Processed Buffers: Min: 29, Avg: 33.5, Max: 36, Diff: 7, Sum: 268]
      [Scan RS (ms): Min: 0.1, Avg: 0.1, Max: 0.2, Diff: 0.1, Sum: 1.0]
      [Code Root Scanning (ms): Min: 0.0, Avg: 0.0, Max: 0.0, Diff: 0.0, Sum: 0.0]
      [Object Copy (ms): Min: 17.9, Avg: 18.1, Max: 19.3, Diff: 1.3, Sum: 145.1]
      [Termination (ms): Min: 0.0, Avg: 1.1, Max: 1.4, Diff: 1.4, Sum: 9.1]
         [Termination Attempts: Min: 1, Avg: 1.0, Max: 1, Diff: 0, Sum: 8]
      [GC Worker Other (ms): Min: 0.0, Avg: 0.0, Max: 0.0, Diff: 0.0, Sum: 0.1]
      [GC Worker Total (ms): Min: 21.6, Avg: 21.7, Max: 21.9, Diff: 0.3, Sum: 173.8]
      [GC Worker End (ms): Min: 2768.7, Avg: 2768.7, Max: 2768.7, Diff: 0.1]
   [Code Root Fixup: 0.0 ms]
   [Code Root Purge: 0.0 ms]
   [Clear CT: 1.2 ms]
   [Other: 2.4 ms]
      [Choose CSet: 0.0 ms]
      [Ref Proc: 0.5 ms]
      [Ref Enq: 0.0 ms]
      [Redirty Cards: 1.1 ms]
      [Humongous Register: 0.2 ms]
      [Humongous Reclaim: 0.3 ms]
      [Free CSet: 0.3 ms]
   [Eden: 777.0M(777.0M)->0.0B(7168.0K) Survivors: 101.0M->110.0M Heap: 1615.1M(2048.0M)->734.0M(2048.0M)]
 [Times: user=0.18 sys=0.00, real=0.02 secs] 
2021-01-22T00:58:29.738+0800: 2.774: [GC pause (G1 Evacuation Pause) (mixed), 0.0157396 secs]
   [Parallel Time: 12.4 ms, GC Workers: 8]
      [GC Worker Start (ms): Min: 2774.5, Avg: 2774.7, Max: 2774.9, Diff: 0.4]
      [Ext Root Scanning (ms): Min: 0.0, Avg: 0.1, Max: 0.2, Diff: 0.2, Sum: 0.6]
      [Update RS (ms): Min: 0.0, Avg: 0.1, Max: 0.2, Diff: 0.2, Sum: 0.8]
         [Processed Buffers: Min: 0, Avg: 1.9, Max: 4, Diff: 4, Sum: 15]
      [Scan RS (ms): Min: 0.0, Avg: 0.1, Max: 0.1, Diff: 0.1, Sum: 0.4]
      [Code Root Scanning (ms): Min: 0.0, Avg: 0.0, Max: 0.0, Diff: 0.0, Sum: 0.0]
      [Object Copy (ms): Min: 11.3, Avg: 11.3, Max: 11.3, Diff: 0.1, Sum: 90.4]
      [Termination (ms): Min: 0.0, Avg: 0.1, Max: 0.1, Diff: 0.1, Sum: 0.4]
         [Termination Attempts: Min: 1, Avg: 1.0, Max: 1, Diff: 0, Sum: 8]
      [GC Worker Other (ms): Min: 0.0, Avg: 0.0, Max: 0.0, Diff: 0.0, Sum: 0.0]
      [GC Worker Total (ms): Min: 11.4, Avg: 11.6, Max: 11.8, Diff: 0.4, Sum: 92.6]
      [GC Worker End (ms): Min: 2786.2, Avg: 2786.3, Max: 2786.3, Diff: 0.0]
   [Code Root Fixup: 0.0 ms]
   [Code Root Purge: 0.0 ms]
   [Clear CT: 1.1 ms]
   [Other: 2.2 ms]
      [Choose CSet: 0.1 ms]
      [Ref Proc: 0.5 ms]
      [Ref Enq: 0.0 ms]
      [Redirty Cards: 1.1 ms]
      [Humongous Register: 0.1 ms]
      [Humongous Reclaim: 0.0 ms]
      [Free CSet: 0.2 ms]
   [Eden: 7168.0K(7168.0K)->0.0B(963.0M) Survivors: 110.0M->4096.0K Heap: 741.6M(2048.0M)->564.2M(2048.0M)]
 [Times: user=0.10 sys=0.00, real=0.01 secs] 
2021-01-22T00:58:29.865+0800: 2.901: [GC pause (G1 Humongous Allocation) (young) (initial-mark), 0.0211533 secs]
   [Parallel Time: 17.5 ms, GC Workers: 8]
      [GC Worker Start (ms): Min: 2901.3, Avg: 2901.5, Max: 2901.7, Diff: 0.4]
      [Ext Root Scanning (ms): Min: 0.0, Avg: 0.4, Max: 0.6, Diff: 0.5, Sum: 3.2]
      [Update RS (ms): Min: 1.9, Avg: 2.0, Max: 2.2, Diff: 0.3, Sum: 16.0]
         [Processed Buffers: Min: 29, Avg: 30.5, Max: 33, Diff: 4, Sum: 244]
      [Scan RS (ms): Min: 0.1, Avg: 0.1, Max: 0.1, Diff: 0.0, Sum: 0.8]
      [Code Root Scanning (ms): Min: 0.0, Avg: 0.0, Max: 0.0, Diff: 0.0, Sum: 0.0]
      [Object Copy (ms): Min: 14.0, Avg: 14.0, Max: 14.1, Diff: 0.1, Sum: 112.4]
      [Termination (ms): Min: 0.0, Avg: 0.1, Max: 0.1, Diff: 0.1, Sum: 0.5]
         [Termination Attempts: Min: 1, Avg: 1.9, Max: 3, Diff: 2, Sum: 15]
      [GC Worker Other (ms): Min: 0.0, Avg: 0.0, Max: 0.1, Diff: 0.1, Sum: 0.2]
      [GC Worker Total (ms): Min: 16.4, Avg: 16.6, Max: 16.8, Diff: 0.4, Sum: 133.1]
      [GC Worker End (ms): Min: 2918.1, Avg: 2918.1, Max: 2918.2, Diff: 0.1]
   [Code Root Fixup: 0.0 ms]
   [Code Root Purge: 0.0 ms]
   [Clear CT: 0.8 ms]
   [Other: 2.9 ms]
      [Choose CSet: 0.0 ms]
      [Ref Proc: 1.0 ms]
      [Ref Enq: 0.0 ms]
      [Redirty Cards: 1.0 ms]
      [Humongous Register: 0.1 ms]
      [Humongous Reclaim: 0.3 ms]
      [Free CSet: 0.3 ms]
   [Eden: 771.0M(963.0M)->0.0B(828.0M) Survivors: 4096.0K->121.0M Heap: 1525.5M(2048.0M)->731.0M(2048.0M)]
 [Times: user=0.14 sys=0.00, real=0.02 secs] 
2021-01-22T00:58:29.887+0800: 2.923: [GC concurrent-root-region-scan-start]
2021-01-22T00:58:29.887+0800: 2.923: [GC concurrent-root-region-scan-end, 0.0003489 secs]
2021-01-22T00:58:29.887+0800: 2.923: [GC concurrent-mark-start]
2021-01-22T00:58:29.890+0800: 2.926: [GC concurrent-mark-end, 0.0024373 secs]
2021-01-22T00:58:29.890+0800: 2.926: [GC remark 2021-01-22T00:58:29.891+0800: 2.927: [Finalize Marking, 0.0012603 secs] 2021-01-22T00:58:29.892+0800: 2.928: [GC ref-proc, 0.0005815 secs] 2021-01-22T00:58:29.893+0800: 2.929: [Unloading, 0.0010307 secs], 0.0055420 secs]
 [Times: user=0.01 sys=0.00, real=0.00 secs] 
2021-01-22T00:58:29.897+0800: 2.933: [GC cleanup 753M->628M(2048M), 0.0037404 secs]
 [Times: user=0.01 sys=0.00, real=0.01 secs] 
2021-01-22T00:58:29.901+0800: 2.937: [GC concurrent-cleanup-start]
2021-01-22T00:58:29.901+0800: 2.937: [GC concurrent-cleanup-end, 0.0000696 secs]
2021-01-22T00:58:30.022+0800: 3.058: [GC pause (G1 Evacuation Pause) (young) (to-space exhausted), 0.0258005 secs]
   [Parallel Time: 21.0 ms, GC Workers: 8]
      [GC Worker Start (ms): Min: 3058.2, Avg: 3058.5, Max: 3059.0, Diff: 0.8]
      [Ext Root Scanning (ms): Min: 0.0, Avg: 0.1, Max: 0.2, Diff: 0.2, Sum: 0.5]
      [Update RS (ms): Min: 1.9, Avg: 2.4, Max: 2.5, Diff: 0.6, Sum: 19.3]
         [Processed Buffers: Min: 25, Avg: 36.0, Max: 40, Diff: 15, Sum: 288]
      [Scan RS (ms): Min: 0.1, Avg: 0.1, Max: 0.1, Diff: 0.0, Sum: 1.0]
      [Code Root Scanning (ms): Min: 0.0, Avg: 0.0, Max: 0.0, Diff: 0.0, Sum: 0.0]
      [Object Copy (ms): Min: 17.3, Avg: 17.4, Max: 17.5, Diff: 0.2, Sum: 139.0]
      [Termination (ms): Min: 0.0, Avg: 0.1, Max: 0.2, Diff: 0.2, Sum: 0.9]
         [Termination Attempts: Min: 1, Avg: 2.8, Max: 4, Diff: 3, Sum: 22]
      [GC Worker Other (ms): Min: 0.0, Avg: 0.0, Max: 0.1, Diff: 0.1, Sum: 0.4]
      [GC Worker Total (ms): Min: 19.6, Avg: 20.1, Max: 20.4, Diff: 0.8, Sum: 161.1]
      [GC Worker End (ms): Min: 3078.6, Avg: 3078.6, Max: 3078.7, Diff: 0.1]
   [Code Root Fixup: 0.0 ms]
   [Code Root Purge: 0.0 ms]
   [Clear CT: 0.9 ms]
   [Other: 4.0 ms]
      [Evacuation Failure: 0.7 ms]
      [Choose CSet: 0.0 ms]
      [Ref Proc: 0.8 ms]
      [Ref Enq: 0.0 ms]
      [Redirty Cards: 1.3 ms]
      [Humongous Register: 0.2 ms]
      [Humongous Reclaim: 0.4 ms]
      [Free CSet: 0.6 ms]
   [Eden: 828.0M(828.0M)->0.0B(7168.0K) Survivors: 121.0M->119.0M Heap: 1657.4M(2048.0M)->834.8M(2048.0M)]
 [Times: user=0.17 sys=0.00, real=0.03 secs] 
2021-01-22T00:58:30.050+0800: 3.086: [GC pause (G1 Evacuation Pause) (mixed), 0.0148100 secs]
   [Parallel Time: 11.5 ms, GC Workers: 8]
      [GC Worker Start (ms): Min: 3086.0, Avg: 3086.2, Max: 3086.3, Diff: 0.3]
      [Ext Root Scanning (ms): Min: 0.0, Avg: 0.1, Max: 0.2, Diff: 0.2, Sum: 0.5]
      [Update RS (ms): Min: 0.2, Avg: 0.2, Max: 0.3, Diff: 0.1, Sum: 1.9]
         [Processed Buffers: Min: 3, Avg: 4.0, Max: 5, Diff: 2, Sum: 32]
      [Scan RS (ms): Min: 0.0, Avg: 0.0, Max: 0.1, Diff: 0.0, Sum: 0.4]
      [Code Root Scanning (ms): Min: 0.0, Avg: 0.0, Max: 0.0, Diff: 0.0, Sum: 0.0]
      [Object Copy (ms): Min: 10.6, Avg: 10.6, Max: 10.7, Diff: 0.1, Sum: 85.1]
      [Termination (ms): Min: 0.0, Avg: 0.1, Max: 0.1, Diff: 0.1, Sum: 0.7]
         [Termination Attempts: Min: 1, Avg: 1.0, Max: 1, Diff: 0, Sum: 8]
      [GC Worker Other (ms): Min: 0.0, Avg: 0.0, Max: 0.0, Diff: 0.0, Sum: 0.1]
      [GC Worker Total (ms): Min: 11.0, Avg: 11.1, Max: 11.3, Diff: 0.3, Sum: 88.7]
      [GC Worker End (ms): Min: 3097.3, Avg: 3097.3, Max: 3097.3, Diff: 0.0]
   [Code Root Fixup: 0.0 ms]
   [Code Root Purge: 0.0 ms]
   [Clear CT: 0.8 ms]
   [Other: 2.5 ms]
      [Choose CSet: 0.0 ms]
      [Ref Proc: 0.9 ms]
      [Ref Enq: 0.0 ms]
      [Redirty Cards: 0.9 ms]
      [Humongous Register: 0.2 ms]
      [Humongous Reclaim: 0.1 ms]
      [Free CSet: 0.2 ms]
   [Eden: 7168.0K(7168.0K)->0.0B(847.0M) Survivors: 119.0M->2048.0K Heap: 844.5M(2048.0M)->701.3M(2048.0M)]
 [Times: user=0.10 sys=0.00, real=0.01 secs] 
2021-01-22T00:58:30.122+0800: 3.158: [GC pause (G1 Humongous Allocation) (young) (initial-mark), 0.0167685 secs]
   [Parallel Time: 13.2 ms, GC Workers: 8]
      [GC Worker Start (ms): Min: 3158.1, Avg: 3158.2, Max: 3158.5, Diff: 0.4]
      [Ext Root Scanning (ms): Min: 0.1, Avg: 0.5, Max: 1.2, Diff: 1.2, Sum: 4.3]
      [Update RS (ms): Min: 2.2, Avg: 3.0, Max: 3.3, Diff: 1.1, Sum: 23.8]
         [Processed Buffers: Min: 33, Avg: 45.0, Max: 50, Diff: 17, Sum: 360]
      [Scan RS (ms): Min: 0.0, Avg: 0.0, Max: 0.1, Diff: 0.1, Sum: 0.3]
      [Code Root Scanning (ms): Min: 0.0, Avg: 0.0, Max: 0.0, Diff: 0.0, Sum: 0.0]
      [Object Copy (ms): Min: 8.4, Avg: 8.5, Max: 8.7, Diff: 0.3, Sum: 68.0]
      [Termination (ms): Min: 0.0, Avg: 0.2, Max: 0.3, Diff: 0.3, Sum: 1.6]
         [Termination Attempts: Min: 1, Avg: 1.8, Max: 3, Diff: 2, Sum: 14]
      [GC Worker Other (ms): Min: 0.0, Avg: 0.0, Max: 0.0, Diff: 0.0, Sum: 0.1]
      [GC Worker Total (ms): Min: 12.1, Avg: 12.3, Max: 12.5, Diff: 0.4, Sum: 98.3]
      [GC Worker End (ms): Min: 3170.5, Avg: 3170.5, Max: 3170.5, Diff: 0.0]
   [Code Root Fixup: 0.0 ms]
   [Code Root Purge: 0.0 ms]
   [Clear CT: 1.3 ms]
   [Other: 2.3 ms]
      [Choose CSet: 0.0 ms]
      [Ref Proc: 0.5 ms]
      [Ref Enq: 0.0 ms]
      [Redirty Cards: 1.2 ms]
      [Humongous Register: 0.1 ms]
      [Humongous Reclaim: 0.2 ms]
      [Free CSet: 0.2 ms]
   [Eden: 397.0M(847.0M)->0.0B(788.0M) Survivors: 2048.0K->101.0M Heap: 1197.8M(2048.0M)->796.4M(2048.0M)]
 [Times: user=0.09 sys=0.01, real=0.02 secs] 
2021-01-22T00:58:30.139+0800: 3.175: [GC concurrent-root-region-scan-start]
2021-01-22T00:58:30.140+0800: 3.176: [GC concurrent-root-region-scan-end, 0.0002873 secs]
2021-01-22T00:58:30.140+0800: 3.176: [GC concurrent-mark-start]
2021-01-22T00:58:30.142+0800: 3.178: [GC concurrent-mark-end, 0.0026425 secs]
2021-01-22T00:58:30.143+0800: 3.179: [GC remark 2021-01-22T00:58:30.143+0800: 3.179: [Finalize Marking, 0.0010227 secs] 2021-01-22T00:58:30.144+0800: 3.180: [GC ref-proc, 0.0007005 secs] 2021-01-22T00:58:30.145+0800: 3.181: [Unloading, 0.0012504 secs], 0.0055396 secs]
 [Times: user=0.00 sys=0.01, real=0.01 secs] 
2021-01-22T00:58:30.149+0800: 3.185: [GC cleanup 824M->689M(2048M), 0.0037114 secs]
 [Times: user=0.01 sys=0.00, real=0.00 secs] 
2021-01-22T00:58:30.153+0800: 3.189: [GC concurrent-cleanup-start]
2021-01-22T00:58:30.154+0800: 3.189: [GC concurrent-cleanup-end, 0.0000911 secs]
2021-01-22T00:58:30.268+0800: 3.304: [GC pause (G1 Evacuation Pause) (young) (to-space exhausted), 0.0252614 secs]
   [Parallel Time: 20.0 ms, GC Workers: 8]
      [GC Worker Start (ms): Min: 3304.5, Avg: 3304.6, Max: 3304.8, Diff: 0.3]
      [Ext Root Scanning (ms): Min: 0.0, Avg: 0.1, Max: 0.2, Diff: 0.2, Sum: 0.6]
      [Update RS (ms): Min: 2.7, Avg: 2.8, Max: 3.0, Diff: 0.4, Sum: 22.0]
         [Processed Buffers: Min: 33, Avg: 40.1, Max: 43, Diff: 10, Sum: 321]
      [Scan RS (ms): Min: 0.1, Avg: 0.1, Max: 0.2, Diff: 0.1, Sum: 1.1]
      [Code Root Scanning (ms): Min: 0.0, Avg: 0.0, Max: 0.0, Diff: 0.0, Sum: 0.0]
      [Object Copy (ms): Min: 15.8, Avg: 16.1, Max: 16.2, Diff: 0.3, Sum: 128.6]
      [Termination (ms): Min: 0.0, Avg: 0.1, Max: 0.1, Diff: 0.1, Sum: 0.5]
         [Termination Attempts: Min: 1, Avg: 3.0, Max: 4, Diff: 3, Sum: 24]
      [GC Worker Other (ms): Min: 0.0, Avg: 0.0, Max: 0.0, Diff: 0.0, Sum: 0.1]
      [GC Worker Total (ms): Min: 19.0, Avg: 19.1, Max: 19.3, Diff: 0.3, Sum: 152.9]
      [GC Worker End (ms): Min: 3323.7, Avg: 3323.8, Max: 3323.8, Diff: 0.0]
   [Code Root Fixup: 0.0 ms]
   [Code Root Purge: 0.0 ms]
   [Clear CT: 1.0 ms]
   [Other: 4.2 ms]
      [Evacuation Failure: 1.1 ms]
      [Choose CSet: 0.0 ms]
      [Ref Proc: 1.0 ms]
      [Ref Enq: 0.0 ms]
      [Redirty Cards: 1.2 ms]
      [Humongous Register: 0.2 ms]
      [Humongous Reclaim: 0.3 ms]
      [Free CSet: 0.3 ms]
   [Eden: 788.0M(788.0M)->0.0B(7168.0K) Survivors: 101.0M->112.0M Heap: 1671.6M(2048.0M)->832.7M(2048.0M)]
 [Times: user=0.14 sys=0.02, real=0.02 secs] 
2021-01-22T00:58:30.296+0800: 3.332: [GC pause (G1 Evacuation Pause) (mixed), 0.0174553 secs]
   [Parallel Time: 13.2 ms, GC Workers: 8]
      [GC Worker Start (ms): Min: 3331.9, Avg: 3332.3, Max: 3333.3, Diff: 1.4]
      [Ext Root Scanning (ms): Min: 0.0, Avg: 0.1, Max: 0.3, Diff: 0.3, Sum: 0.6]
      [Update RS (ms): Min: 0.0, Avg: 0.2, Max: 0.2, Diff: 0.2, Sum: 1.4]
         [Processed Buffers: Min: 0, Avg: 2.8, Max: 4, Diff: 4, Sum: 22]
      [Scan RS (ms): Min: 0.0, Avg: 0.1, Max: 0.1, Diff: 0.1, Sum: 0.6]
      [Code Root Scanning (ms): Min: 0.0, Avg: 0.0, Max: 0.0, Diff: 0.0, Sum: 0.0]
      [Object Copy (ms): Min: 10.0, Avg: 10.9, Max: 11.7, Diff: 1.6, Sum: 87.1]
      [Termination (ms): Min: 0.0, Avg: 0.7, Max: 0.8, Diff: 0.8, Sum: 5.3]
         [Termination Attempts: Min: 1, Avg: 1.0, Max: 1, Diff: 0, Sum: 8]
      [GC Worker Other (ms): Min: 0.0, Avg: 0.0, Max: 0.0, Diff: 0.0, Sum: 0.1]
      [GC Worker Total (ms): Min: 10.9, Avg: 11.9, Max: 12.2, Diff: 1.4, Sum: 95.0]
      [GC Worker End (ms): Min: 3344.2, Avg: 3344.2, Max: 3344.2, Diff: 0.0]
   [Code Root Fixup: 0.0 ms]
   [Code Root Purge: 0.0 ms]
   [Clear CT: 1.2 ms]
   [Other: 3.1 ms]
      [Choose CSet: 0.1 ms]
      [Ref Proc: 1.0 ms]
      [Ref Enq: 0.0 ms]
      [Redirty Cards: 1.2 ms]
      [Humongous Register: 0.1 ms]
      [Humongous Reclaim: 0.1 ms]
      [Free CSet: 0.4 ms]
   [Eden: 7168.0K(7168.0K)->0.0B(101376.0K) Survivors: 112.0M->3072.0K Heap: 841.2M(2048.0M)->645.0M(2048.0M)]
 [Times: user=0.10 sys=0.00, real=0.02 secs] 
2021-01-22T00:58:30.328+0800: 3.364: [GC pause (G1 Evacuation Pause) (mixed), 0.0096969 secs]
   [Parallel Time: 6.0 ms, GC Workers: 8]
      [GC Worker Start (ms): Min: 3364.1, Avg: 3364.3, Max: 3364.4, Diff: 0.3]
      [Ext Root Scanning (ms): Min: 0.0, Avg: 0.1, Max: 0.2, Diff: 0.2, Sum: 0.5]
      [Update RS (ms): Min: 2.1, Avg: 2.2, Max: 2.8, Diff: 0.8, Sum: 17.8]
         [Processed Buffers: Min: 30, Avg: 32.0, Max: 34, Diff: 4, Sum: 256]
      [Scan RS (ms): Min: 0.0, Avg: 0.0, Max: 0.0, Diff: 0.0, Sum: 0.2]
      [Code Root Scanning (ms): Min: 0.0, Avg: 0.0, Max: 0.0, Diff: 0.0, Sum: 0.0]
      [Object Copy (ms): Min: 2.1, Avg: 2.6, Max: 2.8, Diff: 0.8, Sum: 21.1]
      [Termination (ms): Min: 0.0, Avg: 0.1, Max: 0.2, Diff: 0.2, Sum: 0.6]
         [Termination Attempts: Min: 1, Avg: 1.0, Max: 1, Diff: 0, Sum: 8]
      [GC Worker Other (ms): Min: 0.0, Avg: 0.0, Max: 0.0, Diff: 0.0, Sum: 0.1]
      [GC Worker Total (ms): Min: 4.9, Avg: 5.0, Max: 5.2, Diff: 0.3, Sum: 40.3]
      [GC Worker End (ms): Min: 3369.3, Avg: 3369.3, Max: 3369.3, Diff: 0.0]
   [Code Root Fixup: 0.0 ms]
   [Code Root Purge: 0.0 ms]
   [Clear CT: 1.1 ms]
   [Other: 2.6 ms]
      [Choose CSet: 0.0 ms]
      [Ref Proc: 1.2 ms]
      [Ref Enq: 0.0 ms]
      [Redirty Cards: 1.0 ms]
      [Humongous Register: 0.1 ms]
      [Humongous Reclaim: 0.1 ms]
      [Free CSet: 0.1 ms]
   [Eden: 101376.0K(101376.0K)->0.0B(887.0M) Survivors: 3072.0K->13312.0K Heap: 774.8M(2048.0M)->663.6M(2048.0M)]
 [Times: user=0.04 sys=0.01, real=0.01 secs] 
2021-01-22T00:58:30.410+0800: 3.446: [GC pause (G1 Humongous Allocation) (young) (initial-mark), 0.0218942 secs]
   [Parallel Time: 17.1 ms, GC Workers: 8]
      [GC Worker Start (ms): Min: 3446.2, Avg: 3446.4, Max: 3446.6, Diff: 0.4]
      [Ext Root Scanning (ms): Min: 0.0, Avg: 0.4, Max: 0.9, Diff: 0.9, Sum: 3.5]
      [Update RS (ms): Min: 0.0, Avg: 3.8, Max: 4.6, Diff: 4.5, Sum: 30.6]
         [Processed Buffers: Min: 0, Avg: 59.0, Max: 71, Diff: 71, Sum: 472]
      [Scan RS (ms): Min: 0.0, Avg: 0.1, Max: 0.3, Diff: 0.2, Sum: 0.7]
      [Code Root Scanning (ms): Min: 0.0, Avg: 0.0, Max: 0.0, Diff: 0.0, Sum: 0.0]
      [Object Copy (ms): Min: 11.3, Avg: 12.0, Max: 15.4, Diff: 4.0, Sum: 95.6]
      [Termination (ms): Min: 0.0, Avg: 0.2, Max: 0.4, Diff: 0.4, Sum: 2.0]
         [Termination Attempts: Min: 1, Avg: 1.9, Max: 3, Diff: 2, Sum: 15]
      [GC Worker Other (ms): Min: 0.0, Avg: 0.0, Max: 0.0, Diff: 0.0, Sum: 0.1]
      [GC Worker Total (ms): Min: 16.4, Avg: 16.6, Max: 16.7, Diff: 0.4, Sum: 132.5]
      [GC Worker End (ms): Min: 3462.9, Avg: 3463.0, Max: 3463.0, Diff: 0.1]
   [Code Root Fixup: 0.0 ms]
   [Code Root Purge: 0.0 ms]
   [Clear CT: 1.1 ms]
   [Other: 3.7 ms]
      [Choose CSet: 0.0 ms]
      [Ref Proc: 1.1 ms]
      [Ref Enq: 0.0 ms]
      [Redirty Cards: 1.4 ms]
      [Humongous Register: 0.1 ms]
      [Humongous Reclaim: 0.3 ms]
      [Free CSet: 0.4 ms]
   [Eden: 481.0M(887.0M)->0.0B(819.0M) Survivors: 13312.0K->113.0M Heap: 1275.3M(2048.0M)->773.5M(2048.0M)]
 [Times: user=0.12 sys=0.02, real=0.02 secs] 
2021-01-22T00:58:30.433+0800: 3.469: [GC concurrent-root-region-scan-start]
2021-01-22T00:58:30.433+0800: 3.469: [GC concurrent-root-region-scan-end, 0.0002432 secs]
2021-01-22T00:58:30.433+0800: 3.469: [GC concurrent-mark-start]
2021-01-22T00:58:30.436+0800: 3.472: [GC concurrent-mark-end, 0.0025397 secs]
2021-01-22T00:58:30.436+0800: 3.472: [GC remark 2021-01-22T00:58:30.436+0800: 3.472: [Finalize Marking, 0.0013315 secs] 2021-01-22T00:58:30.438+0800: 3.474: [GC ref-proc, 0.0005441 secs] 2021-01-22T00:58:30.439+0800: 3.475: [Unloading, 0.0016382 secs], 0.0064696 secs]
 [Times: user=0.01 sys=0.01, real=0.01 secs] 
2021-01-22T00:58:30.443+0800: 3.479: [GC cleanup 800M->672M(2048M), 0.0038592 secs]
 [Times: user=0.00 sys=0.00, real=0.00 secs] 
2021-01-22T00:58:30.448+0800: 3.484: [GC concurrent-cleanup-start]
2021-01-22T00:58:30.448+0800: 3.484: [GC concurrent-cleanup-end, 0.0000833 secs]
2021-01-22T00:58:30.570+0800: 3.606: [GC pause (G1 Evacuation Pause) (young) (to-space exhausted), 0.0273418 secs]
   [Parallel Time: 21.8 ms, GC Workers: 8]
      [GC Worker Start (ms): Min: 3606.5, Avg: 3606.7, Max: 3606.8, Diff: 0.3]
      [Ext Root Scanning (ms): Min: 0.0, Avg: 0.1, Max: 0.2, Diff: 0.2, Sum: 0.6]
      [Update RS (ms): Min: 4.5, Avg: 4.6, Max: 4.7, Diff: 0.2, Sum: 36.8]
         [Processed Buffers: Min: 12, Avg: 64.0, Max: 74, Diff: 62, Sum: 512]
      [Scan RS (ms): Min: 0.0, Avg: 0.4, Max: 2.3, Diff: 2.3, Sum: 3.3]
      [Code Root Scanning (ms): Min: 0.0, Avg: 0.0, Max: 0.0, Diff: 0.0, Sum: 0.0]
      [Object Copy (ms): Min: 13.2, Avg: 15.2, Max: 16.1, Diff: 2.8, Sum: 121.6]
      [Termination (ms): Min: 0.0, Avg: 0.6, Max: 0.7, Diff: 0.7, Sum: 4.8]
         [Termination Attempts: Min: 1, Avg: 1.1, Max: 2, Diff: 1, Sum: 9]
      [GC Worker Other (ms): Min: 0.0, Avg: 0.0, Max: 0.1, Diff: 0.1, Sum: 0.3]
      [GC Worker Total (ms): Min: 20.8, Avg: 20.9, Max: 21.1, Diff: 0.4, Sum: 167.4]
      [GC Worker End (ms): Min: 3627.6, Avg: 3627.6, Max: 3627.7, Diff: 0.1]
   [Code Root Fixup: 0.0 ms]
   [Code Root Purge: 0.0 ms]
   [Clear CT: 1.0 ms]
   [Other: 4.5 ms]
      [Evacuation Failure: 0.6 ms]
      [Choose CSet: 0.0 ms]
      [Ref Proc: 1.0 ms]
      [Ref Enq: 0.0 ms]
      [Redirty Cards: 1.6 ms]
      [Humongous Register: 0.2 ms]
      [Humongous Reclaim: 0.5 ms]
      [Free CSet: 0.6 ms]
   [Eden: 819.0M(819.0M)->0.0B(7168.0K) Survivors: 113.0M->117.0M Heap: 1684.8M(2048.0M)->889.2M(2048.0M)]
 [Times: user=0.18 sys=0.00, real=0.02 secs] 
2021-01-22T00:58:30.599+0800: 3.635: [GC pause (G1 Evacuation Pause) (mixed), 0.0161687 secs]
   [Parallel Time: 12.3 ms, GC Workers: 8]
      [GC Worker Start (ms): Min: 3635.4, Avg: 3635.5, Max: 3635.7, Diff: 0.3]
      [Ext Root Scanning (ms): Min: 0.0, Avg: 0.1, Max: 0.2, Diff: 0.2, Sum: 0.6]
      [Update RS (ms): Min: 0.1, Avg: 0.2, Max: 0.2, Diff: 0.1, Sum: 1.6]
         [Processed Buffers: Min: 2, Avg: 3.2, Max: 4, Diff: 2, Sum: 26]
      [Scan RS (ms): Min: 0.0, Avg: 0.1, Max: 0.1, Diff: 0.0, Sum: 0.5]
      [Code Root Scanning (ms): Min: 0.0, Avg: 0.0, Max: 0.0, Diff: 0.0, Sum: 0.0]
      [Object Copy (ms): Min: 11.3, Avg: 11.3, Max: 11.4, Diff: 0.1, Sum: 90.4]
      [Termination (ms): Min: 0.0, Avg: 0.1, Max: 0.1, Diff: 0.1, Sum: 0.5]
         [Termination Attempts: Min: 1, Avg: 1.0, Max: 1, Diff: 0, Sum: 8]
      [GC Worker Other (ms): Min: 0.0, Avg: 0.0, Max: 0.0, Diff: 0.0, Sum: 0.1]
      [GC Worker Total (ms): Min: 11.6, Avg: 11.7, Max: 11.9, Diff: 0.3, Sum: 93.7]
      [GC Worker End (ms): Min: 3647.2, Avg: 3647.2, Max: 3647.2, Diff: 0.0]
   [Code Root Fixup: 0.0 ms]
   [Code Root Purge: 0.0 ms]
   [Clear CT: 1.2 ms]
   [Other: 2.7 ms]
      [Choose CSet: 0.1 ms]
      [Ref Proc: 1.0 ms]
      [Ref Enq: 0.0 ms]
      [Redirty Cards: 1.1 ms]
      [Humongous Register: 0.1 ms]
      [Humongous Reclaim: 0.1 ms]
      [Free CSet: 0.2 ms]
   [Eden: 7168.0K(7168.0K)->0.0B(866.0M) Survivors: 117.0M->4096.0K Heap: 898.1M(2048.0M)->718.4M(2048.0M)]
 [Times: user=0.10 sys=0.00, real=0.01 secs] 
2021-01-22T00:58:30.657+0800: 3.693: [GC pause (G1 Humongous Allocation) (young) (initial-mark), 0.0160267 secs]
   [Parallel Time: 12.0 ms, GC Workers: 8]
      [GC Worker Start (ms): Min: 3692.9, Avg: 3693.0, Max: 3693.3, Diff: 0.4]
      [Ext Root Scanning (ms): Min: 0.0, Avg: 0.4, Max: 0.6, Diff: 0.6, Sum: 3.0]
      [Update RS (ms): Min: 4.0, Avg: 4.1, Max: 4.2, Diff: 0.3, Sum: 32.4]
         [Processed Buffers: Min: 59, Avg: 61.5, Max: 63, Diff: 4, Sum: 492]
      [Scan RS (ms): Min: 0.0, Avg: 0.0, Max: 0.1, Diff: 0.0, Sum: 0.2]
      [Code Root Scanning (ms): Min: 0.0, Avg: 0.0, Max: 0.0, Diff: 0.0, Sum: 0.0]
      [Object Copy (ms): Min: 6.9, Avg: 7.0, Max: 7.0, Diff: 0.1, Sum: 55.8]
      [Termination (ms): Min: 0.0, Avg: 0.1, Max: 0.1, Diff: 0.1, Sum: 0.5]
         [Termination Attempts: Min: 1, Avg: 1.8, Max: 3, Diff: 2, Sum: 14]
      [GC Worker Other (ms): Min: 0.0, Avg: 0.0, Max: 0.1, Diff: 0.1, Sum: 0.2]
      [GC Worker Total (ms): Min: 11.3, Avg: 11.5, Max: 11.7, Diff: 0.4, Sum: 92.2]
      [GC Worker End (ms): Min: 3704.5, Avg: 3704.6, Max: 3704.6, Diff: 0.1]
   [Code Root Fixup: 0.0 ms]
   [Code Root Purge: 0.0 ms]
   [Clear CT: 1.4 ms]
   [Other: 2.6 ms]
      [Choose CSet: 0.0 ms]
      [Ref Proc: 0.8 ms]
      [Ref Enq: 0.0 ms]
      [Redirty Cards: 1.3 ms]
      [Humongous Register: 0.1 ms]
      [Humongous Reclaim: 0.1 ms]
      [Free CSet: 0.1 ms]
   [Eden: 288.0M(866.0M)->0.0B(150.0M) Survivors: 4096.0K->89088.0K Heap: 1097.9M(2048.0M)->808.8M(2048.0M)]
 [Times: user=0.10 sys=0.00, real=0.02 secs] 
2021-01-22T00:58:30.674+0800: 3.710: [GC concurrent-root-region-scan-start]
2021-01-22T00:58:30.674+0800: 3.710: [GC concurrent-root-region-scan-end, 0.0003057 secs]
2021-01-22T00:58:30.674+0800: 3.710: [GC concurrent-mark-start]
2021-01-22T00:58:30.677+0800: 3.713: [GC concurrent-mark-end, 0.0026536 secs]
2021-01-22T00:58:30.677+0800: 3.713: [GC remark 2021-01-22T00:58:30.678+0800: 3.713: [Finalize Marking, 0.0013351 secs] 2021-01-22T00:58:30.679+0800: 3.715: [GC ref-proc, 0.0005986 secs] 2021-01-22T00:58:30.680+0800: 3.716: [Unloading, 0.0011139 secs], 0.0061644 secs]
 [Times: user=0.01 sys=0.00, real=0.01 secs] 
2021-01-22T00:58:30.685+0800: 3.720: [GC cleanup 838M->717M(2048M), 0.0039998 secs]
 [Times: user=0.01 sys=0.00, real=0.01 secs] 
2021-01-22T00:58:30.689+0800: 3.725: [GC concurrent-cleanup-start]
2021-01-22T00:58:30.689+0800: 3.725: [GC concurrent-cleanup-end, 0.0000773 secs]
2021-01-22T00:58:30.708+0800: 3.744: [GC pause (G1 Evacuation Pause) (young), 0.0170063 secs]
   [Parallel Time: 13.2 ms, GC Workers: 8]
      [GC Worker Start (ms): Min: 3744.2, Avg: 3744.4, Max: 3744.6, Diff: 0.3]
      [Ext Root Scanning (ms): Min: 0.0, Avg: 0.1, Max: 0.2, Diff: 0.2, Sum: 0.5]
      [Update RS (ms): Min: 2.7, Avg: 2.8, Max: 2.8, Diff: 0.2, Sum: 22.2]
         [Processed Buffers: Min: 41, Avg: 42.5, Max: 44, Diff: 3, Sum: 340]
      [Scan RS (ms): Min: 0.0, Avg: 0.0, Max: 0.0, Diff: 0.0, Sum: 0.2]
      [Code Root Scanning (ms): Min: 0.0, Avg: 0.0, Max: 0.0, Diff: 0.0, Sum: 0.0]
      [Object Copy (ms): Min: 9.7, Avg: 9.7, Max: 9.7, Diff: 0.1, Sum: 77.6]
      [Termination (ms): Min: 0.0, Avg: 0.1, Max: 0.1, Diff: 0.1, Sum: 0.6]
         [Termination Attempts: Min: 1, Avg: 1.2, Max: 2, Diff: 1, Sum: 10]
      [GC Worker Other (ms): Min: 0.0, Avg: 0.0, Max: 0.0, Diff: 0.0, Sum: 0.1]
      [GC Worker Total (ms): Min: 12.5, Avg: 12.6, Max: 12.8, Diff: 0.3, Sum: 101.1]
      [GC Worker End (ms): Min: 3757.0, Avg: 3757.0, Max: 3757.1, Diff: 0.0]
   [Code Root Fixup: 0.0 ms]
   [Code Root Purge: 0.0 ms]
   [Clear CT: 1.1 ms]
   [Other: 2.7 ms]
      [Choose CSet: 0.0 ms]
      [Ref Proc: 1.2 ms]
      [Ref Enq: 0.0 ms]
      [Redirty Cards: 0.9 ms]
      [Humongous Register: 0.2 ms]
      [Humongous Reclaim: 0.1 ms]
      [Free CSet: 0.1 ms]
   [Eden: 150.0M(150.0M)->0.0B(73728.0K) Survivors: 89088.0K->30720.0K Heap: 879.1M(2048.0M)->711.3M(2048.0M)]
 [Times: user=0.11 sys=0.00, real=0.02 secs] 
2021-01-22T00:58:30.737+0800: 3.773: [GC pause (G1 Evacuation Pause) (mixed), 0.0109501 secs]
   [Parallel Time: 7.6 ms, GC Workers: 8]
      [GC Worker Start (ms): Min: 3773.0, Avg: 3773.2, Max: 3773.4, Diff: 0.3]
      [Ext Root Scanning (ms): Min: 0.0, Avg: 0.1, Max: 0.2, Diff: 0.2, Sum: 0.6]
      [Update RS (ms): Min: 1.1, Avg: 1.1, Max: 1.1, Diff: 0.1, Sum: 8.8]
         [Processed Buffers: Min: 16, Avg: 17.8, Max: 19, Diff: 3, Sum: 142]
      [Scan RS (ms): Min: 0.0, Avg: 0.1, Max: 0.1, Diff: 0.1, Sum: 0.5]
      [Code Root Scanning (ms): Min: 0.0, Avg: 0.0, Max: 0.0, Diff: 0.0, Sum: 0.0]
      [Object Copy (ms): Min: 5.6, Avg: 5.7, Max: 5.7, Diff: 0.0, Sum: 45.2]
      [Termination (ms): Min: 0.0, Avg: 0.0, Max: 0.1, Diff: 0.1, Sum: 0.2]
         [Termination Attempts: Min: 1, Avg: 1.0, Max: 1, Diff: 0, Sum: 8]
      [GC Worker Other (ms): Min: 0.0, Avg: 0.0, Max: 0.0, Diff: 0.0, Sum: 0.1]
      [GC Worker Total (ms): Min: 6.8, Avg: 6.9, Max: 7.1, Diff: 0.3, Sum: 55.5]
      [GC Worker End (ms): Min: 3780.1, Avg: 3780.2, Max: 3780.2, Diff: 0.1]
   [Code Root Fixup: 0.0 ms]
   [Code Root Purge: 0.0 ms]
   [Clear CT: 0.8 ms]
   [Other: 2.6 ms]
      [Choose CSet: 0.1 ms]
      [Ref Proc: 0.8 ms]
      [Ref Enq: 0.0 ms]
      [Redirty Cards: 1.0 ms]
      [Humongous Register: 0.1 ms]
      [Humongous Reclaim: 0.1 ms]
      [Free CSet: 0.4 ms]
   [Eden: 73728.0K(73728.0K)->0.0B(91136.0K) Survivors: 30720.0K->13312.0K Heap: 799.9M(2048.0M)->545.2M(2048.0M)]
 [Times: user=0.06 sys=0.00, real=0.02 secs] 
2021-01-22T00:58:30.761+0800: 3.797: [GC pause (G1 Evacuation Pause) (mixed), 0.0095646 secs]
   [Parallel Time: 7.0 ms, GC Workers: 8]
      [GC Worker Start (ms): Min: 3796.8, Avg: 3797.0, Max: 3797.1, Diff: 0.3]
      [Ext Root Scanning (ms): Min: 0.0, Avg: 0.1, Max: 0.2, Diff: 0.2, Sum: 0.5]
      [Update RS (ms): Min: 2.0, Avg: 2.1, Max: 2.1, Diff: 0.1, Sum: 16.5]
         [Processed Buffers: Min: 28, Avg: 30.8, Max: 32, Diff: 4, Sum: 246]
      [Scan RS (ms): Min: 0.0, Avg: 0.0, Max: 0.0, Diff: 0.0, Sum: 0.1]
      [Code Root Scanning (ms): Min: 0.0, Avg: 0.0, Max: 0.0, Diff: 0.0, Sum: 0.0]
      [Object Copy (ms): Min: 3.7, Avg: 3.8, Max: 4.1, Diff: 0.4, Sum: 30.2]
      [Termination (ms): Min: 0.0, Avg: 0.4, Max: 0.4, Diff: 0.4, Sum: 2.8]
         [Termination Attempts: Min: 1, Avg: 1.0, Max: 1, Diff: 0, Sum: 8]
      [GC Worker Other (ms): Min: 0.0, Avg: 0.0, Max: 0.0, Diff: 0.0, Sum: 0.0]
      [GC Worker Total (ms): Min: 6.2, Avg: 6.3, Max: 6.4, Diff: 0.3, Sum: 50.2]
      [GC Worker End (ms): Min: 3803.3, Avg: 3803.3, Max: 3803.3, Diff: 0.0]
   [Code Root Fixup: 0.0 ms]
   [Code Root Purge: 0.0 ms]
   [Clear CT: 0.9 ms]
   [Other: 1.7 ms]
      [Choose CSet: 0.0 ms]
      [Ref Proc: 0.4 ms]
      [Ref Enq: 0.0 ms]
      [Redirty Cards: 0.8 ms]
      [Humongous Register: 0.1 ms]
      [Humongous Reclaim: 0.1 ms]
      [Free CSet: 0.1 ms]
   [Eden: 91136.0K(91136.0K)->0.0B(1046.0M) Survivors: 13312.0K->13312.0K Heap: 663.7M(2048.0M)->557.6M(2048.0M)]
 [Times: user=0.05 sys=0.00, real=0.01 secs] 
2021-01-22T00:58:30.875+0800: 3.911: [GC pause (G1 Humongous Allocation) (young) (initial-mark), 0.0251064 secs]
   [Parallel Time: 20.3 ms, GC Workers: 8]
      [GC Worker Start (ms): Min: 3911.2, Avg: 3911.4, Max: 3911.7, Diff: 0.5]
      [Ext Root Scanning (ms): Min: 0.0, Avg: 0.4, Max: 0.7, Diff: 0.7, Sum: 3.6]
      [Update RS (ms): Min: 4.3, Avg: 4.4, Max: 4.6, Diff: 0.3, Sum: 35.4]
         [Processed Buffers: Min: 61, Avg: 66.8, Max: 71, Diff: 10, Sum: 534]
      [Scan RS (ms): Min: 0.1, Avg: 0.1, Max: 0.1, Diff: 0.0, Sum: 1.0]
      [Code Root Scanning (ms): Min: 0.0, Avg: 0.0, Max: 0.0, Diff: 0.0, Sum: 0.0]
      [Object Copy (ms): Min: 14.2, Avg: 14.3, Max: 14.4, Diff: 0.1, Sum: 114.3]
      [Termination (ms): Min: 0.0, Avg: 0.1, Max: 0.1, Diff: 0.1, Sum: 0.4]
         [Termination Attempts: Min: 1, Avg: 1.0, Max: 1, Diff: 0, Sum: 8]
      [GC Worker Other (ms): Min: 0.0, Avg: 0.0, Max: 0.0, Diff: 0.0, Sum: 0.1]
      [GC Worker Total (ms): Min: 19.1, Avg: 19.4, Max: 19.6, Diff: 0.5, Sum: 154.9]
      [GC Worker End (ms): Min: 3930.8, Avg: 3930.8, Max: 3930.8, Diff: 0.0]
   [Code Root Fixup: 0.0 ms]
   [Code Root Purge: 0.0 ms]
   [Clear CT: 1.1 ms]
   [Other: 3.6 ms]
      [Choose CSet: 0.0 ms]
      [Ref Proc: 0.9 ms]
      [Ref Enq: 0.0 ms]
      [Redirty Cards: 1.6 ms]
      [Humongous Register: 0.3 ms]
      [Humongous Reclaim: 0.2 ms]
      [Free CSet: 0.4 ms]
   [Eden: 739.0M(1046.0M)->0.0B(892.0M) Survivors: 13312.0K->133.0M Heap: 1492.5M(2048.0M)->713.2M(2048.0M)]
 [Times: user=0.16 sys=0.01, real=0.03 secs] 
2021-01-22T00:58:30.901+0800: 3.937: [GC concurrent-root-region-scan-start]
2021-01-22T00:58:30.901+0800: 3.937: [GC concurrent-root-region-scan-end, 0.0003635 secs]
2021-01-22T00:58:30.901+0800: 3.937: [GC concurrent-mark-start]
2021-01-22T00:58:30.904+0800: 3.940: [GC concurrent-mark-end, 0.0025132 secs]
2021-01-22T00:58:30.904+0800: 3.940: [GC remark 2021-01-22T00:58:30.905+0800: 3.941: [Finalize Marking, 0.0016999 secs] 2021-01-22T00:58:30.907+0800: 3.943: [GC ref-proc, 0.0005915 secs] 2021-01-22T00:58:30.908+0800: 3.944: [Unloading, 0.0017906 secs], 0.0071674 secs]
 [Times: user=0.01 sys=0.00, real=0.01 secs] 
2021-01-22T00:58:30.913+0800: 3.948: [GC cleanup 739M->646M(2048M), 0.0041834 secs]
 [Times: user=0.01 sys=0.01, real=0.00 secs] 
2021-01-22T00:58:30.917+0800: 3.953: [GC concurrent-cleanup-start]
2021-01-22T00:58:30.918+0800: 3.953: [GC concurrent-cleanup-end, 0.0000524 secs]
2021-01-22T00:58:31.044+0800: 4.080: [GC pause (G1 Evacuation Pause) (young) (to-space exhausted), 0.0168685 secs]
   [Parallel Time: 11.4 ms, GC Workers: 8]
      [GC Worker Start (ms): Min: 4080.6, Avg: 4080.7, Max: 4080.9, Diff: 0.3]
      [Ext Root Scanning (ms): Min: 0.0, Avg: 0.1, Max: 0.2, Diff: 0.2, Sum: 0.5]
      [Update RS (ms): Min: 4.8, Avg: 4.9, Max: 4.9, Diff: 0.1, Sum: 39.2]
         [Processed Buffers: Min: 70, Avg: 74.4, Max: 77, Diff: 7, Sum: 595]
      [Scan RS (ms): Min: 0.1, Avg: 0.2, Max: 0.2, Diff: 0.1, Sum: 1.3]
      [Code Root Scanning (ms): Min: 0.0, Avg: 0.0, Max: 0.0, Diff: 0.0, Sum: 0.0]
      [Object Copy (ms): Min: 5.1, Avg: 5.2, Max: 5.5, Diff: 0.4, Sum: 41.7]
      [Termination (ms): Min: 0.0, Avg: 0.4, Max: 0.4, Diff: 0.4, Sum: 2.8]
         [Termination Attempts: Min: 1, Avg: 2.0, Max: 5, Diff: 4, Sum: 16]
      [GC Worker Other (ms): Min: 0.0, Avg: 0.0, Max: 0.0, Diff: 0.0, Sum: 0.1]
      [GC Worker Total (ms): Min: 10.6, Avg: 10.7, Max: 10.9, Diff: 0.3, Sum: 85.7]
      [GC Worker End (ms): Min: 4091.4, Avg: 4091.5, Max: 4091.5, Diff: 0.0]
   [Code Root Fixup: 0.0 ms]
   [Code Root Purge: 0.0 ms]
   [Clear CT: 0.8 ms]
   [Other: 4.7 ms]
      [Evacuation Failure: 1.4 ms]
      [Choose CSet: 0.0 ms]
      [Ref Proc: 0.8 ms]
      [Ref Enq: 0.0 ms]
      [Redirty Cards: 1.1 ms]
      [Humongous Register: 0.4 ms]
      [Humongous Reclaim: 0.3 ms]
      [Free CSet: 0.5 ms]
   [Eden: 892.0M(892.0M)->0.0B(69632.0K) Survivors: 133.0M->34816.0K Heap: 1779.2M(2048.0M)->1223.0M(2048.0M)]
 [Times: user=0.09 sys=0.00, real=0.02 secs] 
2021-01-22T00:58:31.071+0800: 4.107: [GC pause (G1 Evacuation Pause) (mixed), 0.0118588 secs]
   [Parallel Time: 8.7 ms, GC Workers: 8]
      [GC Worker Start (ms): Min: 4107.3, Avg: 4107.6, Max: 4108.2, Diff: 0.9]
      [Ext Root Scanning (ms): Min: 0.0, Avg: 0.1, Max: 0.2, Diff: 0.2, Sum: 0.6]
      [Update RS (ms): Min: 1.1, Avg: 1.6, Max: 1.7, Diff: 0.6, Sum: 12.7]
         [Processed Buffers: Min: 16, Avg: 24.9, Max: 29, Diff: 13, Sum: 199]
      [Scan RS (ms): Min: 0.0, Avg: 0.1, Max: 0.1, Diff: 0.0, Sum: 0.4]
      [Code Root Scanning (ms): Min: 0.0, Avg: 0.0, Max: 0.0, Diff: 0.0, Sum: 0.0]
      [Object Copy (ms): Min: 5.1, Avg: 5.3, Max: 5.9, Diff: 0.8, Sum: 42.6]
      [Termination (ms): Min: 0.0, Avg: 0.6, Max: 0.9, Diff: 0.9, Sum: 4.9]
         [Termination Attempts: Min: 1, Avg: 1.0, Max: 1, Diff: 0, Sum: 8]
      [GC Worker Other (ms): Min: 0.0, Avg: 0.0, Max: 0.0, Diff: 0.0, Sum: 0.0]
      [GC Worker Total (ms): Min: 7.1, Avg: 7.7, Max: 7.9, Diff: 0.9, Sum: 61.3]
      [GC Worker End (ms): Min: 4115.2, Avg: 4115.2, Max: 4115.3, Diff: 0.0]
   [Code Root Fixup: 0.0 ms]
   [Code Root Purge: 0.0 ms]
   [Clear CT: 1.1 ms]
   [Other: 2.0 ms]
      [Choose CSet: 0.0 ms]
      [Ref Proc: 0.6 ms]
      [Ref Enq: 0.0 ms]
      [Redirty Cards: 0.9 ms]
      [Humongous Register: 0.1 ms]
      [Humongous Reclaim: 0.1 ms]
      [Free CSet: 0.2 ms]
   [Eden: 69632.0K(69632.0K)->0.0B(560.0M) Survivors: 34816.0K->13312.0K Heap: 1313.6M(2048.0M)->1096.4M(2048.0M)]
 [Times: user=0.07 sys=0.00, real=0.01 secs] 
2021-01-22T00:58:31.084+0800: 4.120: [GC pause (G1 Humongous Allocation) (young) (initial-mark), 0.0049999 secs]
   [Parallel Time: 2.2 ms, GC Workers: 8]
      [GC Worker Start (ms): Min: 4120.0, Avg: 4120.1, Max: 4120.3, Diff: 0.3]
      [Ext Root Scanning (ms): Min: 0.0, Avg: 0.3, Max: 0.5, Diff: 0.5, Sum: 2.6]
      [Update RS (ms): Min: 0.0, Avg: 0.1, Max: 0.4, Diff: 0.4, Sum: 0.8]
         [Processed Buffers: Min: 0, Avg: 1.1, Max: 4, Diff: 4, Sum: 9]
      [Scan RS (ms): Min: 0.0, Avg: 0.0, Max: 0.0, Diff: 0.0, Sum: 0.0]
      [Code Root Scanning (ms): Min: 0.0, Avg: 0.0, Max: 0.0, Diff: 0.0, Sum: 0.0]
      [Object Copy (ms): Min: 0.6, Avg: 0.8, Max: 0.9, Diff: 0.4, Sum: 6.8]
      [Termination (ms): Min: 0.0, Avg: 0.1, Max: 0.1, Diff: 0.1, Sum: 0.4]
         [Termination Attempts: Min: 1, Avg: 1.0, Max: 1, Diff: 0, Sum: 8]
      [GC Worker Other (ms): Min: 0.0, Avg: 0.0, Max: 0.0, Diff: 0.0, Sum: 0.0]
      [GC Worker Total (ms): Min: 1.2, Avg: 1.3, Max: 1.5, Diff: 0.3, Sum: 10.7]
      [GC Worker End (ms): Min: 4121.5, Avg: 4121.5, Max: 4121.5, Diff: 0.0]
   [Code Root Fixup: 0.0 ms]
   [Code Root Purge: 0.0 ms]
   [Clear CT: 1.1 ms]
   [Other: 1.7 ms]
      [Choose CSet: 0.0 ms]
      [Ref Proc: 0.6 ms]
      [Ref Enq: 0.0 ms]
      [Redirty Cards: 0.8 ms]
      [Humongous Register: 0.1 ms]
      [Humongous Reclaim: 0.1 ms]
      [Free CSet: 0.0 ms]
   [Eden: 1024.0K(560.0M)->0.0B(581.0M) Survivors: 13312.0K->14336.0K Heap: 1096.6M(2048.0M)->1096.7M(2048.0M)]
 [Times: user=0.02 sys=0.00, real=0.01 secs] 
2021-01-22T00:58:31.090+0800: 4.125: [GC concurrent-root-region-scan-start]
2021-01-22T00:58:31.090+0800: 4.126: [GC concurrent-root-region-scan-end, 0.0002735 secs]
2021-01-22T00:58:31.090+0800: 4.126: [GC concurrent-mark-start]
2021-01-22T00:58:31.093+0800: 4.129: [GC concurrent-mark-end, 0.0031512 secs]
2021-01-22T00:58:31.093+0800: 4.129: [GC remark 2021-01-22T00:58:31.094+0800: 4.129: [Finalize Marking, 0.0012623 secs] 2021-01-22T00:58:31.095+0800: 4.131: [GC ref-proc, 0.0005512 secs] 2021-01-22T00:58:31.096+0800: 4.132: [Unloading, 0.0008589 secs], 0.0050509 secs]
 [Times: user=0.01 sys=0.00, real=0.01 secs] 
2021-01-22T00:58:31.099+0800: 4.135: [GC cleanup 1132M->1032M(2048M), 0.0033478 secs]
 [Times: user=0.01 sys=0.00, real=0.00 secs] 
2021-01-22T00:58:31.103+0800: 4.139: [GC concurrent-cleanup-start]
2021-01-22T00:58:31.103+0800: 4.139: [GC concurrent-cleanup-end, 0.0001034 secs]
2021-01-22T00:58:31.185+0800: 4.221: [GC pause (G1 Evacuation Pause) (young), 0.0239783 secs]
   [Parallel Time: 19.7 ms, GC Workers: 8]
      [GC Worker Start (ms): Min: 4221.2, Avg: 4221.4, Max: 4221.6, Diff: 0.4]
      [Ext Root Scanning (ms): Min: 0.0, Avg: 0.1, Max: 0.2, Diff: 0.2, Sum: 0.4]
      [Update RS (ms): Min: 5.8, Avg: 5.9, Max: 6.0, Diff: 0.1, Sum: 47.4]
         [Processed Buffers: Min: 65, Avg: 86.5, Max: 93, Diff: 28, Sum: 692]
      [Scan RS (ms): Min: 0.1, Avg: 0.1, Max: 0.1, Diff: 0.0, Sum: 0.6]
      [Code Root Scanning (ms): Min: 0.0, Avg: 0.0, Max: 0.0, Diff: 0.0, Sum: 0.0]
      [Object Copy (ms): Min: 12.9, Avg: 12.9, Max: 13.0, Diff: 0.1, Sum: 103.2]
      [Termination (ms): Min: 0.0, Avg: 0.1, Max: 0.2, Diff: 0.2, Sum: 0.8]
         [Termination Attempts: Min: 1, Avg: 1.5, Max: 2, Diff: 1, Sum: 12]
      [GC Worker Other (ms): Min: 0.0, Avg: 0.0, Max: 0.0, Diff: 0.0, Sum: 0.1]
      [GC Worker Total (ms): Min: 18.9, Avg: 19.1, Max: 19.3, Diff: 0.4, Sum: 152.6]
      [GC Worker End (ms): Min: 4240.5, Avg: 4240.5, Max: 4240.6, Diff: 0.1]
   [Code Root Fixup: 0.0 ms]
   [Code Root Purge: 0.0 ms]
   [Clear CT: 1.1 ms]
   [Other: 3.2 ms]
      [Choose CSet: 0.0 ms]
      [Ref Proc: 1.2 ms]
      [Ref Enq: 0.0 ms]
      [Redirty Cards: 1.2 ms]
      [Humongous Register: 0.2 ms]
      [Humongous Reclaim: 0.2 ms]
      [Free CSet: 0.2 ms]
   [Eden: 581.0M(581.0M)->0.0B(27648.0K) Survivors: 14336.0K->76800.0K Heap: 1725.1M(2048.0M)->1118.5M(2048.0M)]
 [Times: user=0.16 sys=0.00, real=0.03 secs] 
2021-01-22T00:58:31.214+0800: 4.250: [GC pause (G1 Evacuation Pause) (mixed), 0.0134291 secs]
   [Parallel Time: 9.9 ms, GC Workers: 8]
      [GC Worker Start (ms): Min: 4250.6, Avg: 4250.8, Max: 4250.9, Diff: 0.3]
      [Ext Root Scanning (ms): Min: 0.0, Avg: 0.1, Max: 0.2, Diff: 0.2, Sum: 0.6]
      [Update RS (ms): Min: 0.5, Avg: 0.6, Max: 0.7, Diff: 0.1, Sum: 4.9]
         [Processed Buffers: Min: 8, Avg: 9.2, Max: 10, Diff: 2, Sum: 74]
      [Scan RS (ms): Min: 0.0, Avg: 0.1, Max: 0.1, Diff: 0.0, Sum: 0.4]
      [Code Root Scanning (ms): Min: 0.0, Avg: 0.0, Max: 0.0, Diff: 0.0, Sum: 0.0]
      [Object Copy (ms): Min: 7.4, Avg: 7.6, Max: 8.2, Diff: 0.8, Sum: 60.5]
      [Termination (ms): Min: 0.0, Avg: 0.7, Max: 0.8, Diff: 0.8, Sum: 5.5]
         [Termination Attempts: Min: 1, Avg: 1.0, Max: 1, Diff: 0, Sum: 8]
      [GC Worker Other (ms): Min: 0.0, Avg: 0.0, Max: 0.0, Diff: 0.0, Sum: 0.1]
      [GC Worker Total (ms): Min: 8.8, Avg: 9.0, Max: 9.2, Diff: 0.3, Sum: 72.0]
      [GC Worker End (ms): Min: 4259.8, Avg: 4259.8, Max: 4259.8, Diff: 0.0]
   [Code Root Fixup: 0.0 ms]
   [Code Root Purge: 0.0 ms]
   [Clear CT: 1.2 ms]
   [Other: 2.3 ms]
      [Choose CSet: 0.1 ms]
      [Ref Proc: 0.5 ms]
      [Ref Enq: 0.0 ms]
      [Redirty Cards: 0.9 ms]
      [Humongous Register: 0.3 ms]
      [Humongous Reclaim: 0.1 ms]
      [Free CSet: 0.3 ms]
   [Eden: 27648.0K(27648.0K)->0.0B(94208.0K) Survivors: 76800.0K->10240.0K Heap: 1153.7M(2048.0M)->925.5M(2048.0M)]
 [Times: user=0.08 sys=0.00, real=0.01 secs] 
2021-01-22T00:58:31.242+0800: 4.278: [GC pause (G1 Evacuation Pause) (mixed), 0.0105684 secs]
   [Parallel Time: 7.7 ms, GC Workers: 8]
      [GC Worker Start (ms): Min: 4278.3, Avg: 4278.5, Max: 4278.7, Diff: 0.4]
      [Ext Root Scanning (ms): Min: 0.0, Avg: 0.1, Max: 0.2, Diff: 0.2, Sum: 0.5]
      [Update RS (ms): Min: 1.5, Avg: 1.6, Max: 1.6, Diff: 0.2, Sum: 12.5]
         [Processed Buffers: Min: 22, Avg: 23.4, Max: 24, Diff: 2, Sum: 187]
      [Scan RS (ms): Min: 0.0, Avg: 0.1, Max: 0.1, Diff: 0.1, Sum: 0.5]
      [Code Root Scanning (ms): Min: 0.0, Avg: 0.0, Max: 0.0, Diff: 0.0, Sum: 0.0]
      [Object Copy (ms): Min: 5.0, Avg: 5.1, Max: 5.1, Diff: 0.1, Sum: 40.9]
      [Termination (ms): Min: 0.0, Avg: 0.0, Max: 0.1, Diff: 0.1, Sum: 0.3]
         [Termination Attempts: Min: 1, Avg: 1.0, Max: 1, Diff: 0, Sum: 8]
      [GC Worker Other (ms): Min: 0.0, Avg: 0.0, Max: 0.0, Diff: 0.0, Sum: 0.0]
      [GC Worker Total (ms): Min: 6.7, Avg: 6.8, Max: 7.0, Diff: 0.3, Sum: 54.6]
      [GC Worker End (ms): Min: 4285.3, Avg: 4285.3, Max: 4285.4, Diff: 0.0]
   [Code Root Fixup: 0.0 ms]
   [Code Root Purge: 0.0 ms]
   [Clear CT: 0.9 ms]
   [Other: 2.0 ms]
      [Choose CSet: 0.1 ms]
      [Ref Proc: 0.4 ms]
      [Ref Enq: 0.0 ms]
      [Redirty Cards: 0.9 ms]
      [Humongous Register: 0.1 ms]
      [Humongous Reclaim: 0.1 ms]
      [Free CSet: 0.2 ms]
   [Eden: 94208.0K(94208.0K)->0.0B(91136.0K) Survivors: 10240.0K->13312.0K Heap: 1039.7M(2048.0M)->776.3M(2048.0M)]
 [Times: user=0.06 sys=0.00, real=0.01 secs] 
2021-01-22T00:58:31.267+0800: 4.303: [GC pause (G1 Evacuation Pause) (mixed), 0.0113540 secs]
   [Parallel Time: 8.1 ms, GC Workers: 8]
      [GC Worker Start (ms): Min: 4302.9, Avg: 4303.1, Max: 4303.2, Diff: 0.3]
      [Ext Root Scanning (ms): Min: 0.0, Avg: 0.1, Max: 0.2, Diff: 0.2, Sum: 0.4]
      [Update RS (ms): Min: 1.2, Avg: 1.3, Max: 1.3, Diff: 0.2, Sum: 10.0]
         [Processed Buffers: Min: 17, Avg: 18.8, Max: 21, Diff: 4, Sum: 150]
      [Scan RS (ms): Min: 0.0, Avg: 0.0, Max: 0.1, Diff: 0.0, Sum: 0.4]
      [Code Root Scanning (ms): Min: 0.0, Avg: 0.0, Max: 0.0, Diff: 0.0, Sum: 0.0]
      [Object Copy (ms): Min: 5.3, Avg: 5.4, Max: 6.1, Diff: 0.8, Sum: 43.5]
      [Termination (ms): Min: 0.0, Avg: 0.7, Max: 0.8, Diff: 0.8, Sum: 5.5]
         [Termination Attempts: Min: 1, Avg: 1.0, Max: 1, Diff: 0, Sum: 8]
      [GC Worker Other (ms): Min: 0.0, Avg: 0.0, Max: 0.0, Diff: 0.0, Sum: 0.1]
      [GC Worker Total (ms): Min: 7.3, Avg: 7.5, Max: 7.7, Diff: 0.3, Sum: 60.0]
      [GC Worker End (ms): Min: 4310.5, Avg: 4310.6, Max: 4310.6, Diff: 0.0]
   [Code Root Fixup: 0.0 ms]
   [Code Root Purge: 0.0 ms]
   [Clear CT: 1.2 ms]
   [Other: 2.0 ms]
      [Choose CSet: 0.1 ms]
      [Ref Proc: 0.5 ms]
      [Ref Enq: 0.0 ms]
      [Redirty Cards: 0.8 ms]
      [Humongous Register: 0.1 ms]
      [Humongous Reclaim: 0.1 ms]
      [Free CSet: 0.3 ms]
   [Eden: 91136.0K(91136.0K)->0.0B(1015.0M) Survivors: 13312.0K->13312.0K Heap: 883.0M(2048.0M)->629.6M(2048.0M)]
 [Times: user=0.07 sys=0.00, real=0.02 secs] 
2021-01-22T00:58:31.363+0800: 4.399: [GC pause (G1 Humongous Allocation) (young) (initial-mark), 0.0238052 secs]
   [Parallel Time: 19.6 ms, GC Workers: 8]
      [GC Worker Start (ms): Min: 4399.0, Avg: 4399.1, Max: 4399.4, Diff: 0.4]
      [Ext Root Scanning (ms): Min: 0.0, Avg: 0.4, Max: 0.6, Diff: 0.6, Sum: 3.2]
      [Update RS (ms): Min: 5.3, Avg: 5.4, Max: 5.5, Diff: 0.3, Sum: 42.9]
         [Processed Buffers: Min: 64, Avg: 79.9, Max: 85, Diff: 21, Sum: 639]
      [Scan RS (ms): Min: 0.1, Avg: 0.1, Max: 0.1, Diff: 0.0, Sum: 0.5]
      [Code Root Scanning (ms): Min: 0.0, Avg: 0.0, Max: 0.0, Diff: 0.0, Sum: 0.0]
      [Object Copy (ms): Min: 12.7, Avg: 12.7, Max: 12.8, Diff: 0.2, Sum: 101.8]
      [Termination (ms): Min: 0.0, Avg: 0.1, Max: 0.2, Diff: 0.2, Sum: 0.9]
         [Termination Attempts: Min: 1, Avg: 1.9, Max: 3, Diff: 2, Sum: 15]
      [GC Worker Other (ms): Min: 0.0, Avg: 0.0, Max: 0.1, Diff: 0.1, Sum: 0.3]
      [GC Worker Total (ms): Min: 18.4, Avg: 18.7, Max: 18.9, Diff: 0.5, Sum: 149.5]
      [GC Worker End (ms): Min: 4417.8, Avg: 4417.8, Max: 4417.9, Diff: 0.1]
   [Code Root Fixup: 0.0 ms]
   [Code Root Purge: 0.0 ms]
   [Clear CT: 0.9 ms]
   [Other: 3.3 ms]
      [Choose CSet: 0.0 ms]
      [Ref Proc: 1.3 ms]
      [Ref Enq: 0.0 ms]
      [Redirty Cards: 1.0 ms]
      [Humongous Register: 0.2 ms]
      [Humongous Reclaim: 0.2 ms]
      [Free CSet: 0.2 ms]
   [Eden: 573.0M(1015.0M)->0.0B(894.0M) Survivors: 13312.0K->129.0M Heap: 1354.0M(2048.0M)->748.0M(2048.0M)]
 [Times: user=0.15 sys=0.00, real=0.02 secs] 
2021-01-22T00:58:31.387+0800: 4.423: [GC concurrent-root-region-scan-start]
2021-01-22T00:58:31.388+0800: 4.424: [GC concurrent-root-region-scan-end, 0.0003849 secs]
2021-01-22T00:58:31.388+0800: 4.424: [GC concurrent-mark-start]
2021-01-22T00:58:31.391+0800: 4.426: [GC concurrent-mark-end, 0.0028837 secs]
2021-01-22T00:58:31.391+0800: 4.427: [GC remark 2021-01-22T00:58:31.391+0800: 4.427: [Finalize Marking, 0.0016921 secs] 2021-01-22T00:58:31.393+0800: 4.429: [GC ref-proc, 0.0004658 secs] 2021-01-22T00:58:31.394+0800: 4.430: [Unloading, 0.0013320 secs], 0.0059767 secs]
 [Times: user=0.01 sys=0.00, real=0.00 secs] 
2021-01-22T00:58:31.398+0800: 4.434: [GC cleanup 775M->635M(2048M), 0.0034323 secs]
 [Times: user=0.01 sys=0.00, real=0.01 secs] 
2021-01-22T00:58:31.402+0800: 4.438: [GC concurrent-cleanup-start]
2021-01-22T00:58:31.402+0800: 4.438: [GC concurrent-cleanup-end, 0.0000881 secs]
2021-01-22T00:58:31.536+0800: 4.572: [GC pause (G1 Evacuation Pause) (young) (to-space exhausted), 0.0259618 secs]
   [Parallel Time: 21.5 ms, GC Workers: 8]
      [GC Worker Start (ms): Min: 4572.0, Avg: 4572.4, Max: 4574.1, Diff: 2.1]
      [Ext Root Scanning (ms): Min: 0.0, Avg: 0.1, Max: 0.2, Diff: 0.2, Sum: 0.5]
      [Update RS (ms): Min: 5.1, Avg: 6.8, Max: 7.8, Diff: 2.7, Sum: 54.7]
         [Processed Buffers: Min: 28, Avg: 94.4, Max: 110, Diff: 82, Sum: 755]
      [Scan RS (ms): Min: 0.1, Avg: 0.2, Max: 0.2, Diff: 0.1, Sum: 1.3]
      [Code Root Scanning (ms): Min: 0.0, Avg: 0.0, Max: 0.0, Diff: 0.0, Sum: 0.0]
      [Object Copy (ms): Min: 12.6, Avg: 13.4, Max: 13.6, Diff: 1.0, Sum: 107.4]
      [Termination (ms): Min: 0.0, Avg: 0.1, Max: 0.2, Diff: 0.2, Sum: 0.7]
         [Termination Attempts: Min: 1, Avg: 2.6, Max: 4, Diff: 3, Sum: 21]
      [GC Worker Other (ms): Min: 0.0, Avg: 0.0, Max: 0.1, Diff: 0.0, Sum: 0.1]
      [GC Worker Total (ms): Min: 19.0, Avg: 20.6, Max: 21.0, Diff: 2.0, Sum: 164.9]
      [GC Worker End (ms): Min: 4593.0, Avg: 4593.0, Max: 4593.0, Diff: 0.1]
   [Code Root Fixup: 0.0 ms]
   [Code Root Purge: 0.0 ms]
   [Clear CT: 1.1 ms]
   [Other: 3.4 ms]
      [Evacuation Failure: 1.1 ms]
      [Choose CSet: 0.0 ms]
      [Ref Proc: 0.6 ms]
      [Ref Enq: 0.0 ms]
      [Redirty Cards: 0.9 ms]
      [Humongous Register: 0.2 ms]
      [Humongous Reclaim: 0.3 ms]
      [Free CSet: 0.3 ms]
   [Eden: 894.0M(894.0M)->0.0B(7168.0K) Survivors: 129.0M->114.0M Heap: 1721.4M(2048.0M)->1001.8M(2048.0M)]
 [Times: user=0.17 sys=0.00, real=0.03 secs] 
2021-01-22T00:58:31.564+0800: 4.600: [GC pause (G1 Evacuation Pause) (mixed), 0.0198608 secs]
   [Parallel Time: 14.6 ms, GC Workers: 8]
      [GC Worker Start (ms): Min: 4600.3, Avg: 4600.4, Max: 4600.5, Diff: 0.3]
      [Ext Root Scanning (ms): Min: 0.0, Avg: 0.1, Max: 0.2, Diff: 0.2, Sum: 0.5]
      [Update RS (ms): Min: 0.1, Avg: 0.3, Max: 1.7, Diff: 1.7, Sum: 2.7]
         [Processed Buffers: Min: 1, Avg: 2.6, Max: 5, Diff: 4, Sum: 21]
      [Scan RS (ms): Min: 0.0, Avg: 0.1, Max: 0.1, Diff: 0.1, Sum: 0.6]
      [Code Root Scanning (ms): Min: 0.0, Avg: 0.0, Max: 0.0, Diff: 0.0, Sum: 0.0]
      [Object Copy (ms): Min: 9.9, Avg: 11.7, Max: 13.7, Diff: 3.8, Sum: 93.6]
      [Termination (ms): Min: 0.0, Avg: 1.8, Max: 2.2, Diff: 2.2, Sum: 14.6]
         [Termination Attempts: Min: 1, Avg: 1.0, Max: 1, Diff: 0, Sum: 8]
      [GC Worker Other (ms): Min: 0.0, Avg: 0.0, Max: 0.0, Diff: 0.0, Sum: 0.1]
      [GC Worker Total (ms): Min: 13.9, Avg: 14.0, Max: 14.2, Diff: 0.3, Sum: 112.0]
      [GC Worker End (ms): Min: 4614.4, Avg: 4614.4, Max: 4614.4, Diff: 0.1]
   [Code Root Fixup: 0.0 ms]
   [Code Root Purge: 0.0 ms]
   [Clear CT: 1.0 ms]
   [Other: 4.2 ms]
      [Choose CSet: 0.1 ms]
      [Ref Proc: 2.6 ms]
      [Ref Enq: 0.0 ms]
      [Redirty Cards: 1.1 ms]
      [Humongous Register: 0.1 ms]
      [Humongous Reclaim: 0.1 ms]
      [Free CSet: 0.2 ms]
   [Eden: 7168.0K(7168.0K)->0.0B(775.0M) Survivors: 114.0M->2048.0K Heap: 1009.5M(2048.0M)->873.3M(2048.0M)]
 [Times: user=0.13 sys=0.00, real=0.02 secs] 
2021-01-22T00:58:31.585+0800: 4.621: [GC pause (G1 Humongous Allocation) (young) (initial-mark), 0.0044238 secs]
   [Parallel Time: 1.3 ms, GC Workers: 8]
      [GC Worker Start (ms): Min: 4621.3, Avg: 4621.4, Max: 4621.6, Diff: 0.3]
      [Ext Root Scanning (ms): Min: 0.0, Avg: 0.3, Max: 0.5, Diff: 0.5, Sum: 2.3]
      [Update RS (ms): Min: 0.0, Avg: 0.1, Max: 0.2, Diff: 0.2, Sum: 0.7]
         [Processed Buffers: Min: 0, Avg: 1.1, Max: 2, Diff: 2, Sum: 9]
      [Scan RS (ms): Min: 0.0, Avg: 0.0, Max: 0.0, Diff: 0.0, Sum: 0.0]
      [Code Root Scanning (ms): Min: 0.0, Avg: 0.0, Max: 0.0, Diff: 0.0, Sum: 0.0]
      [Object Copy (ms): Min: 0.0, Avg: 0.2, Max: 0.3, Diff: 0.3, Sum: 1.3]
      [Termination (ms): Min: 0.0, Avg: 0.1, Max: 0.1, Diff: 0.1, Sum: 0.7]
         [Termination Attempts: Min: 1, Avg: 1.1, Max: 2, Diff: 1, Sum: 9]
      [GC Worker Other (ms): Min: 0.0, Avg: 0.0, Max: 0.0, Diff: 0.0, Sum: 0.0]
      [GC Worker Total (ms): Min: 0.5, Avg: 0.6, Max: 0.7, Diff: 0.3, Sum: 4.9]
      [GC Worker End (ms): Min: 4622.0, Avg: 4622.0, Max: 4622.1, Diff: 0.0]
   [Code Root Fixup: 0.0 ms]
   [Code Root Purge: 0.0 ms]
   [Clear CT: 1.4 ms]
   [Other: 1.8 ms]
      [Choose CSet: 0.0 ms]
      [Ref Proc: 0.6 ms]
      [Ref Enq: 0.0 ms]
      [Redirty Cards: 0.8 ms]
      [Humongous Register: 0.1 ms]
      [Humongous Reclaim: 0.0 ms]
      [Free CSet: 0.0 ms]
   [Eden: 2048.0K(775.0M)->0.0B(795.0M) Survivors: 2048.0K->3072.0K Heap: 875.2M(2048.0M)->873.7M(2048.0M)]
 [Times: user=0.00 sys=0.00, real=0.01 secs] 
2021-01-22T00:58:31.590+0800: 4.626: [GC concurrent-root-region-scan-start]
2021-01-22T00:58:31.590+0800: 4.626: [GC concurrent-root-region-scan-end, 0.0002648 secs]
2021-01-22T00:58:31.590+0800: 4.626: [GC concurrent-mark-start]
2021-01-22T00:58:31.594+0800: 4.629: [GC concurrent-mark-end, 0.0030405 secs]
2021-01-22T00:58:31.594+0800: 4.630: [GC remark 2021-01-22T00:58:31.594+0800: 4.630: [Finalize Marking, 0.0011196 secs] 2021-01-22T00:58:31.596+0800: 4.631: [GC ref-proc, 0.0005581 secs] 2021-01-22T00:58:31.596+0800: 4.632: [Unloading, 0.0016889 secs], 0.0060311 secs]
 [Times: user=0.02 sys=0.00, real=0.01 secs] 
2021-01-22T00:58:31.601+0800: 4.637: [GC cleanup 905M->846M(2048M), 0.0037533 secs]
 [Times: user=0.01 sys=0.00, real=0.00 secs] 
2021-01-22T00:58:31.605+0800: 4.641: [GC concurrent-cleanup-start]
2021-01-22T00:58:31.605+0800: 4.641: [GC concurrent-cleanup-end, 0.0000450 secs]
2021-01-22T00:58:31.714+0800: 4.750: [GC pause (G1 Evacuation Pause) (young) (to-space exhausted), 0.0207642 secs]
   [Parallel Time: 16.2 ms, GC Workers: 8]
      [GC Worker Start (ms): Min: 4750.2, Avg: 4750.4, Max: 4750.6, Diff: 0.3]
      [Ext Root Scanning (ms): Min: 0.0, Avg: 0.1, Max: 0.2, Diff: 0.2, Sum: 0.5]
      [Update RS (ms): Min: 8.6, Avg: 8.6, Max: 8.7, Diff: 0.1, Sum: 69.1]
         [Processed Buffers: Min: 125, Avg: 130.8, Max: 134, Diff: 9, Sum: 1046]
      [Scan RS (ms): Min: 0.1, Avg: 0.1, Max: 0.1, Diff: 0.1, Sum: 0.8]
      [Code Root Scanning (ms): Min: 0.0, Avg: 0.0, Max: 0.0, Diff: 0.0, Sum: 0.0]
      [Object Copy (ms): Min: 6.1, Avg: 6.3, Max: 6.6, Diff: 0.5, Sum: 50.3]
      [Termination (ms): Min: 0.0, Avg: 0.4, Max: 0.5, Diff: 0.5, Sum: 2.8]
         [Termination Attempts: Min: 1, Avg: 2.9, Max: 4, Diff: 3, Sum: 23]
      [GC Worker Other (ms): Min: 0.0, Avg: 0.0, Max: 0.0, Diff: 0.0, Sum: 0.2]
      [GC Worker Total (ms): Min: 15.3, Avg: 15.5, Max: 15.7, Diff: 0.3, Sum: 123.7]
      [GC Worker End (ms): Min: 4765.9, Avg: 4765.9, Max: 4765.9, Diff: 0.0]
   [Code Root Fixup: 0.0 ms]
   [Code Root Purge: 0.0 ms]
   [Clear CT: 0.8 ms]
   [Other: 3.8 ms]
      [Evacuation Failure: 1.2 ms]
      [Choose CSet: 0.0 ms]
      [Ref Proc: 1.0 ms]
      [Ref Enq: 0.0 ms]
      [Redirty Cards: 0.9 ms]
      [Humongous Register: 0.2 ms]
      [Humongous Reclaim: 0.3 ms]
      [Free CSet: 0.2 ms]
   [Eden: 795.0M(795.0M)->0.0B(46080.0K) Survivors: 3072.0K->58368.0K Heap: 1817.4M(2048.0M)->1335.1M(2048.0M)]
 [Times: user=0.12 sys=0.02, real=0.02 secs] 
2021-01-22T00:58:31.742+0800: 4.778: [GC pause (G1 Evacuation Pause) (mixed), 0.0117464 secs]
   [Parallel Time: 8.2 ms, GC Workers: 8]
      [GC Worker Start (ms): Min: 4778.2, Avg: 4778.4, Max: 4778.6, Diff: 0.4]
      [Ext Root Scanning (ms): Min: 0.0, Avg: 0.1, Max: 0.2, Diff: 0.2, Sum: 0.6]
      [Update RS (ms): Min: 0.6, Avg: 0.8, Max: 0.8, Diff: 0.2, Sum: 6.1]
         [Processed Buffers: Min: 10, Avg: 12.5, Max: 16, Diff: 6, Sum: 100]
      [Scan RS (ms): Min: 0.0, Avg: 0.0, Max: 0.1, Diff: 0.0, Sum: 0.4]
      [Code Root Scanning (ms): Min: 0.0, Avg: 0.0, Max: 0.0, Diff: 0.0, Sum: 0.0]
      [Object Copy (ms): Min: 6.0, Avg: 6.1, Max: 6.9, Diff: 0.9, Sum: 49.2]
      [Termination (ms): Min: 0.0, Avg: 0.8, Max: 1.0, Diff: 1.0, Sum: 6.5]
         [Termination Attempts: Min: 1, Avg: 1.0, Max: 1, Diff: 0, Sum: 8]
      [GC Worker Other (ms): Min: 0.0, Avg: 0.0, Max: 0.0, Diff: 0.0, Sum: 0.0]
      [GC Worker Total (ms): Min: 7.6, Avg: 7.8, Max: 8.0, Diff: 0.4, Sum: 62.7]
      [GC Worker End (ms): Min: 4786.2, Avg: 4786.2, Max: 4786.2, Diff: 0.0]
   [Code Root Fixup: 0.0 ms]
   [Code Root Purge: 0.0 ms]
   [Clear CT: 0.8 ms]
   [Other: 2.7 ms]
      [Choose CSet: 0.1 ms]
      [Ref Proc: 1.1 ms]
      [Ref Enq: 0.0 ms]
      [Redirty Cards: 0.9 ms]
      [Humongous Register: 0.2 ms]
      [Humongous Reclaim: 0.1 ms]
      [Free CSet: 0.3 ms]
   [Eden: 46080.0K(46080.0K)->0.0B(91136.0K) Survivors: 58368.0K->13312.0K Heap: 1390.4M(2048.0M)->1147.1M(2048.0M)]
 [Times: user=0.08 sys=0.00, real=0.01 secs] 
2021-01-22T00:58:31.769+0800: 4.805: [GC pause (G1 Evacuation Pause) (mixed), 0.0125861 secs]
   [Parallel Time: 9.0 ms, GC Workers: 8]
      [GC Worker Start (ms): Min: 4805.0, Avg: 4805.2, Max: 4805.5, Diff: 0.5]
      [Ext Root Scanning (ms): Min: 0.0, Avg: 0.1, Max: 0.2, Diff: 0.2, Sum: 0.5]
      [Update RS (ms): Min: 1.0, Avg: 1.3, Max: 1.4, Diff: 0.4, Sum: 10.2]
         [Processed Buffers: Min: 16, Avg: 19.4, Max: 21, Diff: 5, Sum: 155]
      [Scan RS (ms): Min: 0.0, Avg: 0.1, Max: 0.2, Diff: 0.2, Sum: 0.6]
      [Code Root Scanning (ms): Min: 0.0, Avg: 0.0, Max: 0.0, Diff: 0.0, Sum: 0.0]
      [Object Copy (ms): Min: 5.1, Avg: 5.5, Max: 6.3, Diff: 1.2, Sum: 43.9]
      [Termination (ms): Min: 0.0, Avg: 0.8, Max: 1.1, Diff: 1.1, Sum: 6.1]
         [Termination Attempts: Min: 1, Avg: 1.0, Max: 1, Diff: 0, Sum: 8]
      [GC Worker Other (ms): Min: 0.0, Avg: 0.0, Max: 0.0, Diff: 0.0, Sum: 0.1]
      [GC Worker Total (ms): Min: 7.3, Avg: 7.7, Max: 7.8, Diff: 0.5, Sum: 61.5]
      [GC Worker End (ms): Min: 4812.8, Avg: 4812.8, Max: 4812.9, Diff: 0.0]
   [Code Root Fixup: 0.0 ms]
   [Code Root Purge: 0.0 ms]
   [Clear CT: 0.7 ms]
   [Other: 2.8 ms]
      [Choose CSet: 0.1 ms]
      [Ref Proc: 1.1 ms]
      [Ref Enq: 0.0 ms]
      [Redirty Cards: 1.1 ms]
      [Humongous Register: 0.1 ms]
      [Humongous Reclaim: 0.1 ms]
      [Free CSet: 0.3 ms]
   [Eden: 91136.0K(91136.0K)->0.0B(674.0M) Survivors: 13312.0K->13312.0K Heap: 1254.2M(2048.0M)->1002.3M(2048.0M)]
 [Times: user=0.07 sys=0.00, real=0.01 secs] 
2021-01-22T00:58:31.783+0800: 4.819: [GC pause (G1 Humongous Allocation) (young) (initial-mark), 0.0048506 secs]
   [Parallel Time: 2.4 ms, GC Workers: 8]
      [GC Worker Start (ms): Min: 4818.8, Avg: 4819.0, Max: 4819.1, Diff: 0.3]
      [Ext Root Scanning (ms): Min: 0.0, Avg: 0.3, Max: 0.4, Diff: 0.4, Sum: 2.5]
      [Update RS (ms): Min: 0.0, Avg: 0.1, Max: 0.2, Diff: 0.2, Sum: 0.7]
         [Processed Buffers: Min: 0, Avg: 1.1, Max: 2, Diff: 2, Sum: 9]
      [Scan RS (ms): Min: 0.0, Avg: 0.0, Max: 0.0, Diff: 0.0, Sum: 0.0]
      [Code Root Scanning (ms): Min: 0.0, Avg: 0.0, Max: 0.0, Diff: 0.0, Sum: 0.0]
      [Object Copy (ms): Min: 0.8, Avg: 1.0, Max: 1.3, Diff: 0.5, Sum: 7.7]
      [Termination (ms): Min: 0.0, Avg: 0.4, Max: 0.5, Diff: 0.5, Sum: 3.3]
         [Termination Attempts: Min: 1, Avg: 1.0, Max: 1, Diff: 0, Sum: 8]
      [GC Worker Other (ms): Min: 0.0, Avg: 0.0, Max: 0.0, Diff: 0.0, Sum: 0.0]
      [GC Worker Total (ms): Min: 1.7, Avg: 1.8, Max: 2.0, Diff: 0.3, Sum: 14.3]
      [GC Worker End (ms): Min: 4820.7, Avg: 4820.7, Max: 4820.8, Diff: 0.0]
   [Code Root Fixup: 0.0 ms]
   [Code Root Purge: 0.0 ms]
   [Clear CT: 0.5 ms]
   [Other: 1.9 ms]
      [Choose CSet: 0.0 ms]
      [Ref Proc: 0.7 ms]
      [Ref Enq: 0.0 ms]
      [Redirty Cards: 0.8 ms]
      [Humongous Register: 0.1 ms]
      [Humongous Reclaim: 0.1 ms]
      [Free CSet: 0.0 ms]
   [Eden: 2048.0K(674.0M)->0.0B(600.0M) Survivors: 13312.0K->14336.0K Heap: 1003.8M(2048.0M)->1003.3M(2048.0M)]
 [Times: user=0.01 sys=0.01, real=0.00 secs] 
2021-01-22T00:58:31.788+0800: 4.824: [GC concurrent-root-region-scan-start]
2021-01-22T00:58:31.788+0800: 4.824: [GC concurrent-root-region-scan-end, 0.0002444 secs]
2021-01-22T00:58:31.788+0800: 4.824: [GC concurrent-mark-start]
2021-01-22T00:58:31.793+0800: 4.828: [GC concurrent-mark-end, 0.0042951 secs]
2021-01-22T00:58:31.793+0800: 4.829: [GC remark 2021-01-22T00:58:31.793+0800: 4.829: [Finalize Marking, 0.0008443 secs] 2021-01-22T00:58:31.794+0800: 4.830: [GC ref-proc, 0.0004424 secs] 2021-01-22T00:58:31.795+0800: 4.831: [Unloading, 0.0011213 secs], 0.0048786 secs]
 [Times: user=0.02 sys=0.00, real=0.00 secs] 
2021-01-22T00:58:31.798+0800: 4.834: [GC cleanup 1028M->920M(2048M), 0.0032175 secs]
 [Times: user=0.01 sys=0.00, real=0.00 secs] 
2021-01-22T00:58:31.802+0800: 4.838: [GC concurrent-cleanup-start]
2021-01-22T00:58:31.802+0800: 4.838: [GC concurrent-cleanup-end, 0.0000732 secs]
2021-01-22T00:58:31.888+0800: 4.924: [GC pause (G1 Evacuation Pause) (young), 0.0279897 secs]
   [Parallel Time: 24.2 ms, GC Workers: 8]
      [GC Worker Start (ms): Min: 4924.3, Avg: 4924.6, Max: 4925.3, Diff: 1.0]
      [Ext Root Scanning (ms): Min: 0.0, Avg: 0.1, Max: 0.2, Diff: 0.2, Sum: 0.5]
      [Update RS (ms): Min: 8.7, Avg: 9.6, Max: 11.1, Diff: 2.4, Sum: 76.7]
         [Processed Buffers: Min: 108, Avg: 133.6, Max: 148, Diff: 40, Sum: 1069]
      [Scan RS (ms): Min: 0.0, Avg: 0.2, Max: 0.4, Diff: 0.4, Sum: 1.3]
      [Code Root Scanning (ms): Min: 0.0, Avg: 0.0, Max: 0.0, Diff: 0.0, Sum: 0.0]
      [Object Copy (ms): Min: 11.7, Avg: 13.5, Max: 13.8, Diff: 2.1, Sum: 107.7]
      [Termination (ms): Min: 0.0, Avg: 0.1, Max: 0.1, Diff: 0.1, Sum: 0.5]
         [Termination Attempts: Min: 1, Avg: 1.4, Max: 2, Diff: 1, Sum: 11]
      [GC Worker Other (ms): Min: 0.0, Avg: 0.0, Max: 0.1, Diff: 0.1, Sum: 0.2]
      [GC Worker Total (ms): Min: 22.7, Avg: 23.4, Max: 23.6, Diff: 1.0, Sum: 186.9]
      [GC Worker End (ms): Min: 4947.9, Avg: 4947.9, Max: 4948.0, Diff: 0.1]
   [Code Root Fixup: 0.0 ms]
   [Code Root Purge: 0.0 ms]
   [Clear CT: 0.9 ms]
   [Other: 2.9 ms]
      [Choose CSet: 0.0 ms]
      [Ref Proc: 1.0 ms]
      [Ref Enq: 0.0 ms]
      [Redirty Cards: 1.0 ms]
      [Humongous Register: 0.2 ms]
      [Humongous Reclaim: 0.2 ms]
      [Free CSet: 0.3 ms]
   [Eden: 600.0M(600.0M)->0.0B(25600.0K) Survivors: 14336.0K->78848.0K Heap: 1652.9M(2048.0M)->1035.9M(2048.0M)]
 [Times: user=0.20 sys=0.00, real=0.03 secs] 
2021-01-22T00:58:31.921+0800: 4.957: [GC pause (G1 Evacuation Pause) (mixed), 0.0131223 secs]
   [Parallel Time: 9.9 ms, GC Workers: 8]
      [GC Worker Start (ms): Min: 4957.6, Avg: 4957.8, Max: 4958.4, Diff: 0.9]
      [Ext Root Scanning (ms): Min: 0.0, Avg: 0.1, Max: 0.2, Diff: 0.2, Sum: 0.5]
      [Update RS (ms): Min: 0.0, Avg: 0.4, Max: 0.5, Diff: 0.5, Sum: 3.4]
         [Processed Buffers: Min: 0, Avg: 6.8, Max: 10, Diff: 10, Sum: 54]
      [Scan RS (ms): Min: 0.0, Avg: 0.1, Max: 0.1, Diff: 0.1, Sum: 0.4]
      [Code Root Scanning (ms): Min: 0.0, Avg: 0.0, Max: 0.0, Diff: 0.0, Sum: 0.0]
      [Object Copy (ms): Min: 8.0, Avg: 8.2, Max: 8.6, Diff: 0.5, Sum: 65.6]
      [Termination (ms): Min: 0.0, Avg: 0.4, Max: 0.4, Diff: 0.4, Sum: 3.0]
         [Termination Attempts: Min: 1, Avg: 1.0, Max: 1, Diff: 0, Sum: 8]
      [GC Worker Other (ms): Min: 0.0, Avg: 0.0, Max: 0.0, Diff: 0.0, Sum: 0.1]
      [GC Worker Total (ms): Min: 8.5, Avg: 9.1, Max: 9.4, Diff: 0.9, Sum: 72.9]
      [GC Worker End (ms): Min: 4966.9, Avg: 4966.9, Max: 4967.0, Diff: 0.0]
   [Code Root Fixup: 0.0 ms]
   [Code Root Purge: 0.0 ms]
   [Clear CT: 0.9 ms]
   [Other: 2.3 ms]
      [Choose CSet: 0.1 ms]
      [Ref Proc: 0.5 ms]
      [Ref Enq: 0.0 ms]
      [Redirty Cards: 1.0 ms]
      [Humongous Register: 0.2 ms]
      [Humongous Reclaim: 0.1 ms]
      [Free CSet: 0.2 ms]
   [Eden: 25600.0K(25600.0K)->0.0B(96256.0K) Survivors: 78848.0K->8192.0K Heap: 1066.4M(2048.0M)->845.8M(2048.0M)]
 [Times: user=0.08 sys=0.00, real=0.01 secs] 
2021-01-22T00:58:31.950+0800: 4.986: [GC pause (G1 Evacuation Pause) (mixed), 0.0118417 secs]
   [Parallel Time: 9.4 ms, GC Workers: 8]
      [GC Worker Start (ms): Min: 4986.1, Avg: 4986.3, Max: 4986.4, Diff: 0.3]
      [Ext Root Scanning (ms): Min: 0.0, Avg: 0.1, Max: 0.2, Diff: 0.2, Sum: 0.5]
      [Update RS (ms): Min: 1.6, Avg: 1.7, Max: 1.8, Diff: 0.1, Sum: 13.7]
         [Processed Buffers: Min: 23, Avg: 26.0, Max: 28, Diff: 5, Sum: 208]
      [Scan RS (ms): Min: 0.0, Avg: 0.1, Max: 0.1, Diff: 0.1, Sum: 0.5]
      [Code Root Scanning (ms): Min: 0.0, Avg: 0.0, Max: 0.0, Diff: 0.0, Sum: 0.0]
      [Object Copy (ms): Min: 5.0, Avg: 5.5, Max: 7.0, Diff: 2.0, Sum: 43.9]
      [Termination (ms): Min: 0.0, Avg: 1.5, Max: 2.0, Diff: 2.0, Sum: 12.4]
         [Termination Attempts: Min: 1, Avg: 1.0, Max: 1, Diff: 0, Sum: 8]
      [GC Worker Other (ms): Min: 0.0, Avg: 0.0, Max: 0.0, Diff: 0.0, Sum: 0.1]
      [GC Worker Total (ms): Min: 8.7, Avg: 8.9, Max: 9.0, Diff: 0.3, Sum: 71.0]
      [GC Worker End (ms): Min: 4995.1, Avg: 4995.2, Max: 4995.2, Diff: 0.1]
   [Code Root Fixup: 0.0 ms]
   [Code Root Purge: 0.0 ms]
   [Clear CT: 0.6 ms]
   [Other: 1.9 ms]
      [Choose CSet: 0.1 ms]
      [Ref Proc: 0.6 ms]
      [Ref Enq: 0.0 ms]
      [Redirty Cards: 0.4 ms]
      [Humongous Register: 0.1 ms]
      [Humongous Reclaim: 0.1 ms]
      [Free CSet: 0.3 ms]
   [Eden: 96256.0K(96256.0K)->0.0B(91136.0K) Survivors: 8192.0K->13312.0K Heap: 964.6M(2048.0M)->694.7M(2048.0M)]
 [Times: user=0.07 sys=0.00, real=0.01 secs] 
2021-01-22T00:58:31.975+0800: 5.011: [GC pause (G1 Evacuation Pause) (mixed), 0.0093895 secs]
   [Parallel Time: 7.8 ms, GC Workers: 8]
      [GC Worker Start (ms): Min: 5010.8, Avg: 5010.9, Max: 5011.1, Diff: 0.3]
      [Ext Root Scanning (ms): Min: 0.0, Avg: 0.1, Max: 0.2, Diff: 0.2, Sum: 0.6]
      [Update RS (ms): Min: 1.6, Avg: 1.7, Max: 1.8, Diff: 0.3, Sum: 13.4]
         [Processed Buffers: Min: 24, Avg: 25.2, Max: 26, Diff: 2, Sum: 202]
      [Scan RS (ms): Min: 0.0, Avg: 0.1, Max: 0.1, Diff: 0.1, Sum: 0.5]
      [Code Root Scanning (ms): Min: 0.0, Avg: 0.0, Max: 0.0, Diff: 0.0, Sum: 0.0]
      [Object Copy (ms): Min: 5.0, Avg: 5.2, Max: 5.6, Diff: 0.6, Sum: 41.5]
      [Termination (ms): Min: 0.0, Avg: 0.4, Max: 0.6, Diff: 0.6, Sum: 3.5]
         [Termination Attempts: Min: 1, Avg: 1.0, Max: 1, Diff: 0, Sum: 8]
      [GC Worker Other (ms): Min: 0.0, Avg: 0.0, Max: 0.0, Diff: 0.0, Sum: 0.1]
      [GC Worker Total (ms): Min: 7.3, Avg: 7.4, Max: 7.6, Diff: 0.3, Sum: 59.5]
      [GC Worker End (ms): Min: 5018.4, Avg: 5018.4, Max: 5018.4, Diff: 0.1]
   [Code Root Fixup: 0.0 ms]
   [Code Root Purge: 0.0 ms]
   [Clear CT: 0.4 ms]
   [Other: 1.2 ms]
      [Choose CSet: 0.0 ms]
      [Ref Proc: 0.3 ms]
      [Ref Enq: 0.0 ms]
      [Redirty Cards: 0.4 ms]
      [Humongous Register: 0.1 ms]
      [Humongous Reclaim: 0.1 ms]
      [Free CSet: 0.1 ms]
   [Eden: 91136.0K(91136.0K)->0.0B(871.0M) Survivors: 13312.0K->13312.0K Heap: 807.8M(2048.0M)->651.0M(2048.0M)]
 [Times: user=0.06 sys=0.00, real=0.01 secs] 
2021-01-22T00:58:32.063+0800: 5.099: [GC pause (G1 Humongous Allocation) (young) (initial-mark), 0.0339776 secs]
   [Parallel Time: 27.2 ms, GC Workers: 8]
      [GC Worker Start (ms): Min: 5099.2, Avg: 5099.4, Max: 5099.6, Diff: 0.4]
      [Ext Root Scanning (ms): Min: 0.1, Avg: 0.4, Max: 0.6, Diff: 0.6, Sum: 3.6]
      [Update RS (ms): Min: 9.7, Avg: 10.0, Max: 10.3, Diff: 0.6, Sum: 80.2]
         [Processed Buffers: Min: 127, Avg: 144.4, Max: 157, Diff: 30, Sum: 1155]
      [Scan RS (ms): Min: 0.0, Avg: 0.1, Max: 0.1, Diff: 0.1, Sum: 0.6]
      [Code Root Scanning (ms): Min: 0.0, Avg: 0.0, Max: 0.0, Diff: 0.0, Sum: 0.0]
      [Object Copy (ms): Min: 12.3, Avg: 12.8, Max: 15.6, Diff: 3.3, Sum: 102.6]
      [Termination (ms): Min: 0.0, Avg: 2.8, Max: 3.3, Diff: 3.3, Sum: 22.5]
         [Termination Attempts: Min: 1, Avg: 1.0, Max: 1, Diff: 0, Sum: 8]
      [GC Worker Other (ms): Min: 0.0, Avg: 0.0, Max: 0.0, Diff: 0.0, Sum: 0.1]
      [GC Worker Total (ms): Min: 25.9, Avg: 26.2, Max: 26.5, Diff: 0.5, Sum: 209.6]
      [GC Worker End (ms): Min: 5125.5, Avg: 5125.6, Max: 5125.7, Diff: 0.1]
   [Code Root Fixup: 0.0 ms]
   [Code Root Purge: 0.0 ms]
   [Clear CT: 1.4 ms]
   [Other: 5.3 ms]
      [Choose CSet: 0.0 ms]
      [Ref Proc: 3.1 ms]
      [Ref Enq: 0.0 ms]
      [Redirty Cards: 1.1 ms]
      [Humongous Register: 0.2 ms]
      [Humongous Reclaim: 0.2 ms]
      [Free CSet: 0.3 ms]
   [Eden: 554.0M(871.0M)->0.0B(7168.0K) Survivors: 13312.0K->111.0M Heap: 1347.4M(2048.0M)->782.7M(2048.0M)]
 [Times: user=0.24 sys=0.00, real=0.03 secs] 
2021-01-22T00:58:32.098+0800: 5.134: [GC concurrent-root-region-scan-start]
2021-01-22T00:58:32.098+0800: 5.134: [GC concurrent-root-region-scan-end, 0.0002784 secs]
2021-01-22T00:58:32.098+0800: 5.134: [GC concurrent-mark-start]
2021-01-22T00:58:32.100+0800: 5.136: [GC pause (G1 Evacuation Pause) (young), 0.0156500 secs]
   [Parallel Time: 12.1 ms, GC Workers: 8]
      [GC Worker Start (ms): Min: 5136.2, Avg: 5136.7, Max: 5138.9, Diff: 2.7]
      [Ext Root Scanning (ms): Min: 0.0, Avg: 0.1, Max: 0.2, Diff: 0.2, Sum: 0.5]
      [Update RS (ms): Min: 0.0, Avg: 0.4, Max: 0.4, Diff: 0.4, Sum: 2.8]
         [Processed Buffers: Min: 0, Avg: 5.5, Max: 7, Diff: 7, Sum: 44]
      [Scan RS (ms): Min: 0.0, Avg: 0.0, Max: 0.0, Diff: 0.0, Sum: 0.1]
      [Code Root Scanning (ms): Min: 0.0, Avg: 0.0, Max: 0.0, Diff: 0.0, Sum: 0.0]
      [Object Copy (ms): Min: 8.0, Avg: 10.1, Max: 11.3, Diff: 3.3, Sum: 80.9]
      [Termination (ms): Min: 0.0, Avg: 0.9, Max: 1.3, Diff: 1.3, Sum: 7.3]
         [Termination Attempts: Min: 1, Avg: 1.0, Max: 1, Diff: 0, Sum: 8]
      [GC Worker Other (ms): Min: 0.0, Avg: 0.0, Max: 0.0, Diff: 0.0, Sum: 0.1]
      [GC Worker Total (ms): Min: 9.3, Avg: 11.5, Max: 11.9, Diff: 2.7, Sum: 91.7]
      [GC Worker End (ms): Min: 5148.2, Avg: 5148.2, Max: 5148.2, Diff: 0.1]
   [Code Root Fixup: 0.0 ms]
   [Code Root Purge: 0.0 ms]
   [Clear CT: 1.1 ms]
   [Other: 2.5 ms]
      [Choose CSet: 0.0 ms]
      [Ref Proc: 1.4 ms]
      [Ref Enq: 0.0 ms]
      [Redirty Cards: 0.7 ms]
      [Humongous Register: 0.1 ms]
      [Humongous Reclaim: 0.1 ms]
      [Free CSet: 0.1 ms]
   [Eden: 7168.0K(7168.0K)->0.0B(113.0M) Survivors: 111.0M->1024.0K Heap: 794.1M(2048.0M)->781.9M(2048.0M)]
 [Times: user=0.09 sys=0.02, real=0.01 secs] 
2021-01-22T00:58:32.117+0800: 5.153: [GC concurrent-mark-end, 0.0192075 secs]
2021-01-22T00:58:32.117+0800: 5.153: [GC remark 2021-01-22T00:58:32.118+0800: 5.154: [Finalize Marking, 0.0064720 secs] 2021-01-22T00:58:32.125+0800: 5.161: [GC ref-proc, 0.0004883 secs] 2021-01-22T00:58:32.125+0800: 5.161: [Unloading, 0.0012893 secs], 0.0107427 secs]
 [Times: user=0.03 sys=0.02, real=0.02 secs] 
2021-01-22T00:58:32.129+0800: 5.165: [GC cleanup 793M->666M(2048M), 0.0037583 secs]
 [Times: user=0.01 sys=0.00, real=0.00 secs] 
2021-01-22T00:58:32.134+0800: 5.170: [GC concurrent-cleanup-start]
2021-01-22T00:58:32.134+0800: 5.170: [GC concurrent-cleanup-end, 0.0000860 secs]
2021-01-22T00:58:32.150+0800: 5.186: [GC pause (G1 Evacuation Pause) (young), 0.0108228 secs]
   [Parallel Time: 7.1 ms, GC Workers: 8]
      [GC Worker Start (ms): Min: 5186.6, Avg: 5186.7, Max: 5186.9, Diff: 0.3]
      [Ext Root Scanning (ms): Min: 0.0, Avg: 0.1, Max: 0.2, Diff: 0.2, Sum: 0.5]
      [Update RS (ms): Min: 0.0, Avg: 2.2, Max: 2.5, Diff: 2.5, Sum: 17.4]
         [Processed Buffers: Min: 0, Avg: 33.4, Max: 41, Diff: 41, Sum: 267]
      [Scan RS (ms): Min: 0.0, Avg: 0.0, Max: 0.0, Diff: 0.0, Sum: 0.1]
      [Code Root Scanning (ms): Min: 0.0, Avg: 0.0, Max: 0.0, Diff: 0.0, Sum: 0.0]
      [Object Copy (ms): Min: 3.3, Avg: 3.9, Max: 5.8, Diff: 2.6, Sum: 30.8]
      [Termination (ms): Min: 0.0, Avg: 0.4, Max: 0.7, Diff: 0.7, Sum: 3.5]
         [Termination Attempts: Min: 1, Avg: 1.0, Max: 1, Diff: 0, Sum: 8]
      [GC Worker Other (ms): Min: 0.0, Avg: 0.0, Max: 0.0, Diff: 0.0, Sum: 0.1]
      [GC Worker Total (ms): Min: 6.4, Avg: 6.6, Max: 6.7, Diff: 0.3, Sum: 52.4]
      [GC Worker End (ms): Min: 5193.3, Avg: 5193.3, Max: 5193.3, Diff: 0.0]
   [Code Root Fixup: 0.0 ms]
   [Code Root Purge: 0.0 ms]
   [Clear CT: 0.9 ms]
   [Other: 2.9 ms]
      [Choose CSet: 0.0 ms]
      [Ref Proc: 1.5 ms]
      [Ref Enq: 0.0 ms]
      [Redirty Cards: 0.6 ms]
      [Humongous Register: 0.1 ms]
      [Humongous Reclaim: 0.2 ms]
      [Free CSet: 0.1 ms]
   [Eden: 113.0M(113.0M)->0.0B(89088.0K) Survivors: 1024.0K->15360.0K Heap: 800.1M(2048.0M)->699.3M(2048.0M)]
 [Times: user=0.06 sys=0.00, real=0.01 secs] 
2021-01-22T00:58:32.177+0800: 5.213: [GC pause (G1 Evacuation Pause) (mixed), 0.0109775 secs]
   [Parallel Time: 8.5 ms, GC Workers: 8]
      [GC Worker Start (ms): Min: 5212.8, Avg: 5213.0, Max: 5213.1, Diff: 0.3]
      [Ext Root Scanning (ms): Min: 0.0, Avg: 0.1, Max: 0.2, Diff: 0.2, Sum: 0.7]
      [Update RS (ms): Min: 1.3, Avg: 1.3, Max: 1.4, Diff: 0.1, Sum: 10.6]
         [Processed Buffers: Min: 20, Avg: 21.2, Max: 23, Diff: 3, Sum: 170]
      [Scan RS (ms): Min: 0.0, Avg: 0.1, Max: 0.1, Diff: 0.0, Sum: 0.4]
      [Code Root Scanning (ms): Min: 0.0, Avg: 0.0, Max: 0.0, Diff: 0.0, Sum: 0.0]
      [Object Copy (ms): Min: 4.0, Avg: 4.4, Max: 6.6, Diff: 2.5, Sum: 35.1]
      [Termination (ms): Min: 0.0, Avg: 2.2, Max: 2.6, Diff: 2.6, Sum: 17.5]
         [Termination Attempts: Min: 1, Avg: 1.0, Max: 1, Diff: 0, Sum: 8]
      [GC Worker Other (ms): Min: 0.0, Avg: 0.0, Max: 0.0, Diff: 0.0, Sum: 0.0]
      [GC Worker Total (ms): Min: 7.9, Avg: 8.0, Max: 8.2, Diff: 0.3, Sum: 64.3]
      [GC Worker End (ms): Min: 5221.0, Avg: 5221.0, Max: 5221.0, Diff: 0.1]
   [Code Root Fixup: 0.0 ms]
   [Code Root Purge: 0.0 ms]
   [Clear CT: 0.4 ms]
   [Other: 2.1 ms]
      [Choose CSet: 0.0 ms]
      [Ref Proc: 1.1 ms]
      [Ref Enq: 0.0 ms]
      [Redirty Cards: 0.4 ms]
      [Humongous Register: 0.1 ms]
      [Humongous Reclaim: 0.1 ms]
      [Free CSet: 0.1 ms]
   [Eden: 89088.0K(89088.0K)->0.0B(91136.0K) Survivors: 15360.0K->13312.0K Heap: 806.5M(2048.0M)->628.2M(2048.0M)]
 [Times: user=0.07 sys=0.00, real=0.01 secs] 
2021-01-22T00:58:32.200+0800: 5.236: [GC pause (G1 Evacuation Pause) (mixed), 0.0085500 secs]
   [Parallel Time: 6.7 ms, GC Workers: 8]
      [GC Worker Start (ms): Min: 5236.2, Avg: 5236.3, Max: 5236.5, Diff: 0.3]
      [Ext Root Scanning (ms): Min: 0.0, Avg: 0.1, Max: 0.2, Diff: 0.2, Sum: 0.5]
      [Update RS (ms): Min: 1.6, Avg: 1.7, Max: 1.8, Diff: 0.1, Sum: 13.7]
         [Processed Buffers: Min: 9, Avg: 23.2, Max: 27, Diff: 18, Sum: 186]
      [Scan RS (ms): Min: 0.0, Avg: 0.0, Max: 0.0, Diff: 0.0, Sum: 0.2]
      [Code Root Scanning (ms): Min: 0.0, Avg: 0.0, Max: 0.0, Diff: 0.0, Sum: 0.0]
      [Object Copy (ms): Min: 4.6, Avg: 4.6, Max: 4.6, Diff: 0.1, Sum: 36.7]
      [Termination (ms): Min: 0.0, Avg: 0.0, Max: 0.1, Diff: 0.1, Sum: 0.4]
         [Termination Attempts: Min: 1, Avg: 1.0, Max: 1, Diff: 0, Sum: 8]
      [GC Worker Other (ms): Min: 0.0, Avg: 0.0, Max: 0.0, Diff: 0.0, Sum: 0.0]
      [GC Worker Total (ms): Min: 6.3, Avg: 6.5, Max: 6.6, Diff: 0.2, Sum: 51.7]
      [GC Worker End (ms): Min: 5242.8, Avg: 5242.8, Max: 5242.8, Diff: 0.0]
   [Code Root Fixup: 0.0 ms]
   [Code Root Purge: 0.0 ms]
   [Clear CT: 0.4 ms]
   [Other: 1.4 ms]
      [Choose CSet: 0.0 ms]
      [Ref Proc: 0.5 ms]
      [Ref Enq: 0.0 ms]
      [Redirty Cards: 0.4 ms]
      [Humongous Register: 0.1 ms]
      [Humongous Reclaim: 0.1 ms]
      [Free CSet: 0.1 ms]
   [Eden: 91136.0K(91136.0K)->0.0B(264.0M) Survivors: 13312.0K->13312.0K Heap: 739.2M(2048.0M)->585.0M(2048.0M)]
 [Times: user=0.04 sys=0.02, real=0.01 secs] 
2021-01-22T00:58:32.246+0800: 5.281: [GC pause (G1 Evacuation Pause) (young), 0.0147471 secs]
   [Parallel Time: 12.5 ms, GC Workers: 8]
      [GC Worker Start (ms): Min: 5281.7, Avg: 5281.8, Max: 5281.9, Diff: 0.3]
      [Ext Root Scanning (ms): Min: 0.0, Avg: 0.1, Max: 0.2, Diff: 0.2, Sum: 0.6]
      [Update RS (ms): Min: 4.4, Avg: 4.5, Max: 4.5, Diff: 0.1, Sum: 35.8]
         [Processed Buffers: Min: 66, Avg: 67.8, Max: 69, Diff: 3, Sum: 542]
      [Scan RS (ms): Min: 0.0, Avg: 0.0, Max: 0.0, Diff: 0.0, Sum: 0.2]
      [Code Root Scanning (ms): Min: 0.0, Avg: 0.0, Max: 0.0, Diff: 0.0, Sum: 0.0]
      [Object Copy (ms): Min: 7.3, Avg: 7.3, Max: 7.3, Diff: 0.0, Sum: 58.4]
      [Termination (ms): Min: 0.0, Avg: 0.0, Max: 0.1, Diff: 0.1, Sum: 0.3]
         [Termination Attempts: Min: 1, Avg: 1.0, Max: 1, Diff: 0, Sum: 8]
      [GC Worker Other (ms): Min: 0.0, Avg: 0.0, Max: 0.0, Diff: 0.0, Sum: 0.1]
      [GC Worker Total (ms): Min: 11.8, Avg: 11.9, Max: 12.0, Diff: 0.3, Sum: 95.4]
      [GC Worker End (ms): Min: 5293.7, Avg: 5293.7, Max: 5293.7, Diff: 0.0]
   [Code Root Fixup: 0.0 ms]
   [Code Root Purge: 0.0 ms]
   [Clear CT: 0.8 ms]
   [Other: 1.5 ms]
      [Choose CSet: 0.0 ms]
      [Ref Proc: 0.4 ms]
      [Ref Enq: 0.0 ms]
      [Redirty Cards: 0.5 ms]
      [Humongous Register: 0.1 ms]
      [Humongous Reclaim: 0.2 ms]
      [Free CSet: 0.1 ms]
   [Eden: 264.0M(264.0M)->0.0B(271.0M) Survivors: 13312.0K->35840.0K Heap: 915.5M(2048.0M)->666.8M(2048.0M)]
 [Times: user=0.09 sys=0.01, real=0.02 secs] 
2021-01-22T00:58:32.298+0800: 5.333: [GC pause (G1 Evacuation Pause) (young), 0.0187551 secs]
   [Parallel Time: 15.9 ms, GC Workers: 8]
      [GC Worker Start (ms): Min: 5333.7, Avg: 5333.9, Max: 5334.1, Diff: 0.3]
      [Ext Root Scanning (ms): Min: 0.0, Avg: 0.1, Max: 0.2, Diff: 0.2, Sum: 0.5]
      [Update RS (ms): Min: 6.0, Avg: 6.1, Max: 6.2, Diff: 0.2, Sum: 49.1]
         [Processed Buffers: Min: 87, Avg: 92.2, Max: 95, Diff: 8, Sum: 738]
      [Scan RS (ms): Min: 0.0, Avg: 0.0, Max: 0.0, Diff: 0.0, Sum: 0.3]
      [Code Root Scanning (ms): Min: 0.0, Avg: 0.0, Max: 0.0, Diff: 0.0, Sum: 0.0]
      [Object Copy (ms): Min: 8.8, Avg: 8.8, Max: 8.9, Diff: 0.2, Sum: 70.5]
      [Termination (ms): Min: 0.0, Avg: 0.1, Max: 0.2, Diff: 0.2, Sum: 1.0]
         [Termination Attempts: Min: 1, Avg: 1.0, Max: 1, Diff: 0, Sum: 8]
      [GC Worker Other (ms): Min: 0.0, Avg: 0.0, Max: 0.0, Diff: 0.0, Sum: 0.1]
      [GC Worker Total (ms): Min: 15.0, Avg: 15.2, Max: 15.3, Diff: 0.3, Sum: 121.4]
      [GC Worker End (ms): Min: 5349.1, Avg: 5349.1, Max: 5349.1, Diff: 0.0]
   [Code Root Fixup: 0.0 ms]
   [Code Root Purge: 0.0 ms]
   [Clear CT: 1.1 ms]
   [Other: 1.8 ms]
      [Choose CSet: 0.0 ms]
      [Ref Proc: 0.4 ms]
      [Ref Enq: 0.0 ms]
      [Redirty Cards: 0.8 ms]
      [Humongous Register: 0.1 ms]
      [Humongous Reclaim: 0.2 ms]
      [Free CSet: 0.1 ms]
   [Eden: 271.0M(271.0M)->0.0B(326.0M) Survivors: 35840.0K->39936.0K Heap: 1028.8M(2048.0M)->740.4M(2048.0M)]
 [Times: user=0.12 sys=0.01, real=0.02 secs] 
2021-01-22T00:58:32.368+0800: 5.404: [GC pause (G1 Evacuation Pause) (young), 0.0197409 secs]
   [Parallel Time: 16.6 ms, GC Workers: 8]
      [GC Worker Start (ms): Min: 5404.1, Avg: 5404.2, Max: 5404.4, Diff: 0.3]
      [Ext Root Scanning (ms): Min: 0.0, Avg: 0.1, Max: 0.2, Diff: 0.2, Sum: 0.5]
      [Update RS (ms): Min: 6.0, Avg: 6.1, Max: 6.1, Diff: 0.1, Sum: 48.4]
         [Processed Buffers: Min: 87, Avg: 92.2, Max: 94, Diff: 7, Sum: 738]
      [Scan RS (ms): Min: 0.0, Avg: 0.0, Max: 0.1, Diff: 0.0, Sum: 0.3]
      [Code Root Scanning (ms): Min: 0.0, Avg: 0.0, Max: 0.0, Diff: 0.0, Sum: 0.0]
      [Object Copy (ms): Min: 9.5, Avg: 9.5, Max: 9.6, Diff: 0.0, Sum: 76.3]
      [Termination (ms): Min: 0.0, Avg: 0.0, Max: 0.0, Diff: 0.0, Sum: 0.1]
         [Termination Attempts: Min: 1, Avg: 1.1, Max: 2, Diff: 1, Sum: 9]
      [GC Worker Other (ms): Min: 0.0, Avg: 0.1, Max: 0.2, Diff: 0.2, Sum: 0.6]
      [GC Worker Total (ms): Min: 15.6, Avg: 15.8, Max: 15.9, Diff: 0.3, Sum: 126.4]
      [GC Worker End (ms): Min: 5420.0, Avg: 5420.0, Max: 5420.2, Diff: 0.2]
   [Code Root Fixup: 0.0 ms]
   [Code Root Purge: 0.0 ms]
   [Clear CT: 1.1 ms]
   [Other: 1.9 ms]
      [Choose CSet: 0.0 ms]
      [Ref Proc: 0.4 ms]
      [Ref Enq: 0.0 ms]
      [Redirty Cards: 0.9 ms]
      [Humongous Register: 0.2 ms]
      [Humongous Reclaim: 0.2 ms]
      [Free CSet: 0.1 ms]
   [Eden: 326.0M(326.0M)->0.0B(374.0M) Survivors: 39936.0K->47104.0K Heap: 1157.3M(2048.0M)->813.5M(2048.0M)]
 [Times: user=0.13 sys=0.01, real=0.02 secs] 
2021-01-22T00:58:32.414+0800: 5.450: [GC pause (G1 Humongous Allocation) (young) (initial-mark), 0.0186541 secs]
   [Parallel Time: 14.2 ms, GC Workers: 8]
      [GC Worker Start (ms): Min: 5450.2, Avg: 5450.4, Max: 5450.5, Diff: 0.3]
      [Ext Root Scanning (ms): Min: 0.0, Avg: 0.5, Max: 1.6, Diff: 1.5, Sum: 3.9]
      [Update RS (ms): Min: 2.4, Avg: 3.6, Max: 3.9, Diff: 1.5, Sum: 28.4]
         [Processed Buffers: Min: 36, Avg: 55.0, Max: 61, Diff: 25, Sum: 440]
      [Scan RS (ms): Min: 0.0, Avg: 0.0, Max: 0.0, Diff: 0.0, Sum: 0.2]
      [Code Root Scanning (ms): Min: 0.0, Avg: 0.0, Max: 0.0, Diff: 0.0, Sum: 0.0]
      [Object Copy (ms): Min: 7.8, Avg: 8.2, Max: 9.8, Diff: 2.0, Sum: 65.4]
      [Termination (ms): Min: 0.0, Avg: 1.6, Max: 2.0, Diff: 2.0, Sum: 12.9]
         [Termination Attempts: Min: 1, Avg: 1.0, Max: 1, Diff: 0, Sum: 8]
      [GC Worker Other (ms): Min: 0.0, Avg: 0.0, Max: 0.0, Diff: 0.0, Sum: 0.1]
      [GC Worker Total (ms): Min: 13.7, Avg: 13.9, Max: 14.0, Diff: 0.3, Sum: 110.9]
      [GC Worker End (ms): Min: 5464.2, Avg: 5464.2, Max: 5464.2, Diff: 0.0]
   [Code Root Fixup: 0.0 ms]
   [Code Root Purge: 0.0 ms]
   [Clear CT: 0.8 ms]
   [Other: 3.7 ms]
      [Choose CSet: 0.0 ms]
      [Ref Proc: 1.8 ms]
      [Ref Enq: 0.0 ms]
      [Redirty Cards: 0.9 ms]
      [Humongous Register: 0.2 ms]
      [Humongous Reclaim: 0.2 ms]
      [Free CSet: 0.2 ms]
   [Eden: 178.0M(374.0M)->0.0B(512.0M) Survivors: 47104.0K->50176.0K Heap: 1045.2M(2048.0M)->851.7M(2048.0M)]
 [Times: user=0.12 sys=0.00, real=0.02 secs] 
2021-01-22T00:58:32.433+0800: 5.469: [GC concurrent-root-region-scan-start]
2021-01-22T00:58:32.434+0800: 5.470: [GC concurrent-root-region-scan-end, 0.0002269 secs]
2021-01-22T00:58:32.434+0800: 5.470: [GC concurrent-mark-start]
2021-01-22T00:58:32.437+0800: 5.473: [GC concurrent-mark-end, 0.0036637 secs]
2021-01-22T00:58:32.438+0800: 5.474: [GC remark 2021-01-22T00:58:32.438+0800: 5.474: [Finalize Marking, 0.0017094 secs] 2021-01-22T00:58:32.440+0800: 5.476: [GC ref-proc, 0.0009261 secs] 2021-01-22T00:58:32.442+0800: 5.478: [Unloading, 0.0015617 secs], 0.0074073 secs]
 [Times: user=0.02 sys=0.00, real=0.01 secs] 
2021-01-22T00:58:32.446+0800: 5.482: [GC cleanup 871M->730M(2048M), 0.0034158 secs]
 [Times: user=0.01 sys=0.00, real=0.01 secs] 
2021-01-22T00:58:32.450+0800: 5.486: [GC concurrent-cleanup-start]
2021-01-22T00:58:32.450+0800: 5.486: [GC concurrent-cleanup-end, 0.0001574 secs]
2021-01-22T00:58:32.532+0800: 5.568: [GC pause (G1 Evacuation Pause) (young), 0.0276287 secs]
   [Parallel Time: 24.6 ms, GC Workers: 8]
      [GC Worker Start (ms): Min: 5568.5, Avg: 5568.6, Max: 5568.8, Diff: 0.3]
      [Ext Root Scanning (ms): Min: 0.0, Avg: 0.1, Max: 0.2, Diff: 0.2, Sum: 0.5]
      [Update RS (ms): Min: 9.8, Avg: 9.9, Max: 9.9, Diff: 0.1, Sum: 79.2]
         [Processed Buffers: Min: 83, Avg: 142.5, Max: 156, Diff: 73, Sum: 1140]
      [Scan RS (ms): Min: 0.1, Avg: 0.1, Max: 0.1, Diff: 0.0, Sum: 0.6]
      [Code Root Scanning (ms): Min: 0.0, Avg: 0.0, Max: 0.0, Diff: 0.0, Sum: 0.0]
      [Object Copy (ms): Min: 13.3, Avg: 13.4, Max: 13.9, Diff: 0.7, Sum: 107.1]
      [Termination (ms): Min: 0.0, Avg: 0.5, Max: 0.7, Diff: 0.7, Sum: 4.3]
         [Termination Attempts: Min: 1, Avg: 1.0, Max: 1, Diff: 0, Sum: 8]
      [GC Worker Other (ms): Min: 0.0, Avg: 0.0, Max: 0.0, Diff: 0.0, Sum: 0.1]
      [GC Worker Total (ms): Min: 23.8, Avg: 24.0, Max: 24.2, Diff: 0.3, Sum: 191.9]
      [GC Worker End (ms): Min: 5592.6, Avg: 5592.6, Max: 5592.7, Diff: 0.1]
   [Code Root Fixup: 0.0 ms]
   [Code Root Purge: 0.0 ms]
   [Clear CT: 0.7 ms]
   [Other: 2.3 ms]
      [Choose CSet: 0.0 ms]
      [Ref Proc: 0.8 ms]
      [Ref Enq: 0.0 ms]
      [Redirty Cards: 0.7 ms]
      [Humongous Register: 0.2 ms]
      [Humongous Reclaim: 0.2 ms]
      [Free CSet: 0.2 ms]
   [Eden: 512.0M(512.0M)->0.0B(31744.0K) Survivors: 50176.0K->72704.0K Heap: 1364.0M(2048.0M)->809.9M(2048.0M)]
 [Times: user=0.17 sys=0.01, real=0.03 secs] 
2021-01-22T00:58:32.566+0800: 5.602: [GC pause (G1 Evacuation Pause) (mixed), 0.0149036 secs]
   [Parallel Time: 12.7 ms, GC Workers: 8]
      [GC Worker Start (ms): Min: 5602.1, Avg: 5602.2, Max: 5602.3, Diff: 0.3]
      [Ext Root Scanning (ms): Min: 0.0, Avg: 0.1, Max: 0.2, Diff: 0.2, Sum: 0.6]
      [Update RS (ms): Min: 0.9, Avg: 0.9, Max: 1.0, Diff: 0.1, Sum: 7.4]
         [Processed Buffers: Min: 13, Avg: 14.2, Max: 15, Diff: 2, Sum: 114]
      [Scan RS (ms): Min: 0.1, Avg: 0.1, Max: 0.1, Diff: 0.1, Sum: 0.7]
      [Code Root Scanning (ms): Min: 0.0, Avg: 0.0, Max: 0.0, Diff: 0.0, Sum: 0.0]
      [Object Copy (ms): Min: 8.1, Avg: 8.5, Max: 11.0, Diff: 3.0, Sum: 68.0]
      [Termination (ms): Min: 0.0, Avg: 2.6, Max: 3.0, Diff: 3.0, Sum: 20.4]
         [Termination Attempts: Min: 1, Avg: 2.4, Max: 5, Diff: 4, Sum: 19]
      [GC Worker Other (ms): Min: 0.0, Avg: 0.0, Max: 0.0, Diff: 0.0, Sum: 0.1]
      [GC Worker Total (ms): Min: 12.0, Avg: 12.1, Max: 12.3, Diff: 0.3, Sum: 97.2]
      [GC Worker End (ms): Min: 5614.3, Avg: 5614.3, Max: 5614.4, Diff: 0.0]
   [Code Root Fixup: 0.0 ms]
   [Code Root Purge: 0.0 ms]
   [Clear CT: 0.6 ms]
   [Other: 1.6 ms]
      [Choose CSet: 0.1 ms]
      [Ref Proc: 0.5 ms]
      [Ref Enq: 0.0 ms]
      [Redirty Cards: 0.4 ms]
      [Humongous Register: 0.1 ms]
      [Humongous Reclaim: 0.1 ms]
      [Free CSet: 0.3 ms]
   [Eden: 31744.0K(31744.0K)->0.0B(97280.0K) Survivors: 72704.0K->7168.0K Heap: 854.0M(2048.0M)->628.1M(2048.0M)]
 [Times: user=0.10 sys=0.00, real=0.02 secs] 
2021-01-22T00:58:32.595+0800: 5.631: [GC pause (G1 Evacuation Pause) (mixed), 0.0078263 secs]
   [Parallel Time: 5.7 ms, GC Workers: 8]
      [GC Worker Start (ms): Min: 5630.8, Avg: 5630.9, Max: 5631.1, Diff: 0.3]
      [Ext Root Scanning (ms): Min: 0.0, Avg: 0.1, Max: 0.2, Diff: 0.2, Sum: 0.6]
      [Update RS (ms): Min: 1.1, Avg: 1.2, Max: 1.2, Diff: 0.1, Sum: 9.6]
         [Processed Buffers: Min: 16, Avg: 17.5, Max: 19, Diff: 3, Sum: 140]
      [Scan RS (ms): Min: 0.0, Avg: 0.0, Max: 0.1, Diff: 0.1, Sum: 0.4]
      [Code Root Scanning (ms): Min: 0.0, Avg: 0.0, Max: 0.0, Diff: 0.0, Sum: 0.0]
      [Object Copy (ms): Min: 3.6, Avg: 3.7, Max: 4.1, Diff: 0.5, Sum: 29.8]
      [Termination (ms): Min: 0.0, Avg: 0.3, Max: 0.4, Diff: 0.4, Sum: 2.7]
         [Termination Attempts: Min: 1, Avg: 1.4, Max: 3, Diff: 2, Sum: 11]
      [GC Worker Other (ms): Min: 0.0, Avg: 0.0, Max: 0.0, Diff: 0.0, Sum: 0.1]
      [GC Worker Total (ms): Min: 5.3, Avg: 5.4, Max: 5.6, Diff: 0.3, Sum: 43.3]
      [GC Worker End (ms): Min: 5636.3, Avg: 5636.3, Max: 5636.4, Diff: 0.0]
   [Code Root Fixup: 0.0 ms]
   [Code Root Purge: 0.0 ms]
   [Clear CT: 0.5 ms]
   [Other: 1.6 ms]
      [Choose CSet: 0.0 ms]
      [Ref Proc: 0.5 ms]
      [Ref Enq: 0.0 ms]
      [Redirty Cards: 0.6 ms]
      [Humongous Register: 0.1 ms]
      [Humongous Reclaim: 0.1 ms]
      [Free CSet: 0.1 ms]
   [Eden: 97280.0K(97280.0K)->0.0B(703.0M) Survivors: 7168.0K->13312.0K Heap: 739.4M(2048.0M)->608.6M(2048.0M)]
 [Times: user=0.04 sys=0.00, real=0.01 secs] 
2021-01-22T00:58:32.693+0800: 5.729: [GC pause (G1 Humongous Allocation) (young) (initial-mark), 0.0294999 secs]
   [Parallel Time: 26.2 ms, GC Workers: 8]
      [GC Worker Start (ms): Min: 5729.6, Avg: 5729.8, Max: 5729.9, Diff: 0.3]
      [Ext Root Scanning (ms): Min: 0.0, Avg: 0.3, Max: 0.5, Diff: 0.5, Sum: 2.6]
      [Update RS (ms): Min: 12.1, Avg: 12.5, Max: 14.1, Diff: 1.9, Sum: 99.8]
         [Processed Buffers: Min: 149, Avg: 167.6, Max: 188, Diff: 39, Sum: 1341]
      [Scan RS (ms): Min: 0.1, Avg: 0.1, Max: 0.4, Diff: 0.3, Sum: 0.9]
      [Code Root Scanning (ms): Min: 0.0, Avg: 0.0, Max: 0.0, Diff: 0.0, Sum: 0.0]
      [Object Copy (ms): Min: 10.9, Avg: 12.6, Max: 12.9, Diff: 2.0, Sum: 100.5]
      [Termination (ms): Min: 0.0, Avg: 0.2, Max: 0.4, Diff: 0.4, Sum: 1.2]
         [Termination Attempts: Min: 1, Avg: 1.1, Max: 2, Diff: 1, Sum: 9]
      [GC Worker Other (ms): Min: 0.0, Avg: 0.0, Max: 0.1, Diff: 0.1, Sum: 0.3]
      [GC Worker Total (ms): Min: 25.4, Avg: 25.7, Max: 25.8, Diff: 0.3, Sum: 205.3]
      [GC Worker End (ms): Min: 5755.4, Avg: 5755.4, Max: 5755.6, Diff: 0.2]
   [Code Root Fixup: 0.0 ms]
   [Code Root Purge: 0.0 ms]
   [Clear CT: 0.9 ms]
   [Other: 2.4 ms]
      [Choose CSet: 0.0 ms]
      [Ref Proc: 0.8 ms]
      [Ref Enq: 0.0 ms]
      [Redirty Cards: 0.7 ms]
      [Humongous Register: 0.1 ms]
      [Humongous Reclaim: 0.2 ms]
      [Free CSet: 0.4 ms]
   [Eden: 621.0M(703.0M)->0.0B(725.0M) Survivors: 13312.0K->92160.0K Heap: 1396.1M(2048.0M)->758.2M(2048.0M)]
 [Times: user=0.22 sys=0.00, real=0.03 secs] 
2021-01-22T00:58:32.724+0800: 5.759: [GC concurrent-root-region-scan-start]
2021-01-22T00:58:32.724+0800: 5.760: [GC concurrent-root-region-scan-end, 0.0002058 secs]
2021-01-22T00:58:32.724+0800: 5.760: [GC concurrent-mark-start]
2021-01-22T00:58:32.726+0800: 5.762: [GC concurrent-mark-end, 0.0024115 secs]
2021-01-22T00:58:32.726+0800: 5.762: [GC remark 2021-01-22T00:58:32.727+0800: 5.763: [Finalize Marking, 0.0011293 secs] 2021-01-22T00:58:32.728+0800: 5.764: [GC ref-proc, 0.0004464 secs] 2021-01-22T00:58:32.729+0800: 5.765: [Unloading, 0.0016799 secs], 0.0056498 secs]
 [Times: user=0.01 sys=0.00, real=0.01 secs] 
2021-01-22T00:58:32.733+0800: 5.769: [GC cleanup 777M->654M(2048M), 0.0038137 secs]
 [Times: user=0.01 sys=0.00, real=0.00 secs] 
2021-01-22T00:58:32.737+0800: 5.773: [GC concurrent-cleanup-start]
2021-01-22T00:58:32.737+0800: 5.773: [GC concurrent-cleanup-end, 0.0000831 secs]
2021-01-22T00:58:32.845+0800: 5.881: [GC pause (G1 Evacuation Pause) (young), 0.0373692 secs]
   [Parallel Time: 33.6 ms, GC Workers: 8]
      [GC Worker Start (ms): Min: 5880.8, Avg: 5881.0, Max: 5881.2, Diff: 0.4]
      [Ext Root Scanning (ms): Min: 0.0, Avg: 0.1, Max: 0.2, Diff: 0.2, Sum: 0.5]
      [Update RS (ms): Min: 14.3, Avg: 14.4, Max: 14.5, Diff: 0.2, Sum: 115.3]
         [Processed Buffers: Min: 197, Avg: 209.6, Max: 220, Diff: 23, Sum: 1677]
      [Scan RS (ms): Min: 0.1, Avg: 0.1, Max: 0.1, Diff: 0.0, Sum: 0.9]
      [Code Root Scanning (ms): Min: 0.0, Avg: 0.0, Max: 0.0, Diff: 0.0, Sum: 0.0]
      [Object Copy (ms): Min: 17.0, Avg: 17.2, Max: 18.3, Diff: 1.3, Sum: 137.5]
      [Termination (ms): Min: 0.0, Avg: 1.1, Max: 1.3, Diff: 1.3, Sum: 8.8]
         [Termination Attempts: Min: 1, Avg: 1.0, Max: 1, Diff: 0, Sum: 8]
      [GC Worker Other (ms): Min: 0.0, Avg: 0.0, Max: 0.0, Diff: 0.0, Sum: 0.1]
      [GC Worker Total (ms): Min: 32.7, Avg: 32.9, Max: 33.1, Diff: 0.4, Sum: 263.1]
      [GC Worker End (ms): Min: 5913.9, Avg: 5913.9, Max: 5914.0, Diff: 0.1]
   [Code Root Fixup: 0.0 ms]
   [Code Root Purge: 0.0 ms]
   [Clear CT: 1.0 ms]
   [Other: 2.8 ms]
      [Choose CSet: 0.0 ms]
      [Ref Proc: 1.0 ms]
      [Ref Enq: 0.0 ms]
      [Redirty Cards: 1.0 ms]
      [Humongous Register: 0.2 ms]
      [Humongous Reclaim: 0.2 ms]
      [Free CSet: 0.3 ms]
   [Eden: 725.0M(725.0M)->0.0B(7168.0K) Survivors: 92160.0K->102.0M Heap: 1568.5M(2048.0M)->752.8M(2048.0M)]
 [Times: user=0.27 sys=0.00, real=0.04 secs] 
2021-01-22T00:58:32.884+0800: 5.920: [GC pause (G1 Evacuation Pause) (mixed), 0.0142628 secs]
   [Parallel Time: 11.6 ms, GC Workers: 8]
      [GC Worker Start (ms): Min: 5920.0, Avg: 5920.1, Max: 5920.3, Diff: 0.3]
      [Ext Root Scanning (ms): Min: 0.0, Avg: 0.1, Max: 0.2, Diff: 0.2, Sum: 0.5]
      [Update RS (ms): Min: 0.1, Avg: 0.2, Max: 0.3, Diff: 0.1, Sum: 1.8]
         [Processed Buffers: Min: 3, Avg: 3.8, Max: 5, Diff: 2, Sum: 30]
      [Scan RS (ms): Min: 0.0, Avg: 0.1, Max: 0.1, Diff: 0.1, Sum: 0.5]
      [Code Root Scanning (ms): Min: 0.0, Avg: 0.0, Max: 0.0, Diff: 0.0, Sum: 0.0]
      [Object Copy (ms): Min: 10.1, Avg: 10.2, Max: 10.4, Diff: 0.3, Sum: 81.4]
      [Termination (ms): Min: 0.0, Avg: 0.2, Max: 0.3, Diff: 0.3, Sum: 1.8]
         [Termination Attempts: Min: 1, Avg: 1.0, Max: 1, Diff: 0, Sum: 8]
      [GC Worker Other (ms): Min: 0.0, Avg: 0.0, Max: 0.0, Diff: 0.0, Sum: 0.1]
      [GC Worker Total (ms): Min: 10.6, Avg: 10.8, Max: 10.9, Diff: 0.3, Sum: 86.1]
      [GC Worker End (ms): Min: 5930.9, Avg: 5930.9, Max: 5930.9, Diff: 0.0]
   [Code Root Fixup: 0.0 ms]
   [Code Root Purge: 0.0 ms]
   [Clear CT: 0.7 ms]
   [Other: 2.0 ms]
      [Choose CSet: 0.1 ms]
      [Ref Proc: 0.9 ms]
      [Ref Enq: 0.0 ms]
      [Redirty Cards: 0.7 ms]
      [Humongous Register: 0.1 ms]
      [Humongous Reclaim: 0.0 ms]
      [Free CSet: 0.2 ms]
   [Eden: 7168.0K(7168.0K)->0.0B(941.0M) Survivors: 102.0M->2048.0K Heap: 762.3M(2048.0M)->602.4M(2048.0M)]
 [Times: user=0.09 sys=0.00, real=0.02 secs] 
2021-01-22T00:58:32.988+0800: 6.023: [GC pause (G1 Humongous Allocation) (young) (initial-mark), 0.0286822 secs]
   [Parallel Time: 24.7 ms, GC Workers: 8]
      [GC Worker Start (ms): Min: 6023.7, Avg: 6024.0, Max: 6024.2, Diff: 0.5]
      [Ext Root Scanning (ms): Min: 0.0, Avg: 0.4, Max: 0.6, Diff: 0.6, Sum: 3.5]
      [Update RS (ms): Min: 10.9, Avg: 11.0, Max: 11.1, Diff: 0.3, Sum: 87.8]
         [Processed Buffers: Min: 149, Avg: 160.8, Max: 172, Diff: 23, Sum: 1286]
      [Scan RS (ms): Min: 0.1, Avg: 0.1, Max: 0.1, Diff: 0.0, Sum: 0.7]
      [Code Root Scanning (ms): Min: 0.0, Avg: 0.0, Max: 0.0, Diff: 0.0, Sum: 0.0]
      [Object Copy (ms): Min: 12.5, Avg: 12.5, Max: 12.6, Diff: 0.1, Sum: 100.2]
      [Termination (ms): Min: 0.0, Avg: 0.0, Max: 0.1, Diff: 0.1, Sum: 0.4]
         [Termination Attempts: Min: 1, Avg: 1.4, Max: 3, Diff: 2, Sum: 11]
      [GC Worker Other (ms): Min: 0.0, Avg: 0.1, Max: 0.2, Diff: 0.2, Sum: 0.7]
      [GC Worker Total (ms): Min: 24.0, Avg: 24.2, Max: 24.5, Diff: 0.5, Sum: 193.3]
      [GC Worker End (ms): Min: 6048.0, Avg: 6048.1, Max: 6048.2, Diff: 0.2]
   [Code Root Fixup: 0.0 ms]
   [Code Root Purge: 0.0 ms]
   [Clear CT: 1.1 ms]
   [Other: 2.8 ms]
      [Choose CSet: 0.0 ms]
      [Ref Proc: 0.8 ms]
      [Ref Enq: 0.0 ms]
      [Redirty Cards: 1.2 ms]
      [Humongous Register: 0.1 ms]
      [Humongous Reclaim: 0.2 ms]
      [Free CSet: 0.2 ms]
   [Eden: 624.0M(941.0M)->0.0B(830.0M) Survivors: 2048.0K->118.0M Heap: 1385.3M(2048.0M)->738.0M(2048.0M)]
 [Times: user=0.19 sys=0.01, real=0.03 secs] 
2021-01-22T00:58:33.017+0800: 6.053: [GC concurrent-root-region-scan-start]
2021-01-22T00:58:33.017+0800: 6.053: [GC concurrent-root-region-scan-end, 0.0003157 secs]
2021-01-22T00:58:33.017+0800: 6.053: [GC concurrent-mark-start]
2021-01-22T00:58:33.020+0800: 6.056: [GC concurrent-mark-end, 0.0026997 secs]
2021-01-22T00:58:33.020+0800: 6.056: [GC remark 2021-01-22T00:58:33.021+0800: 6.057: [Finalize Marking, 0.0012529 secs] 2021-01-22T00:58:33.022+0800: 6.058: [GC ref-proc, 0.0006677 secs] 2021-01-22T00:58:33.023+0800: 6.059: [Unloading, 0.0012915 secs], 0.0052491 secs]
 [Times: user=0.01 sys=0.00, real=0.00 secs] 
2021-01-22T00:58:33.027+0800: 6.062: [GC cleanup 765M->655M(2048M), 0.0032663 secs]
 [Times: user=0.01 sys=0.00, real=0.01 secs] 
2021-01-22T00:58:33.030+0800: 6.066: [GC concurrent-cleanup-start]
2021-01-22T00:58:33.031+0800: 6.066: [GC concurrent-cleanup-end, 0.0001275 secs]
2021-01-22T00:58:33.151+0800: 6.187: [GC pause (G1 Evacuation Pause) (young) (to-space exhausted), 0.0359686 secs]
   [Parallel Time: 31.2 ms, GC Workers: 8]
      [GC Worker Start (ms): Min: 6187.1, Avg: 6187.3, Max: 6187.4, Diff: 0.3]
      [Ext Root Scanning (ms): Min: 0.0, Avg: 0.1, Max: 0.2, Diff: 0.2, Sum: 0.6]
      [Update RS (ms): Min: 15.6, Avg: 15.7, Max: 15.7, Diff: 0.1, Sum: 125.4]
         [Processed Buffers: Min: 208, Avg: 227.1, Max: 237, Diff: 29, Sum: 1817]
      [Scan RS (ms): Min: 0.1, Avg: 0.2, Max: 0.2, Diff: 0.0, Sum: 1.2]
      [Code Root Scanning (ms): Min: 0.0, Avg: 0.0, Max: 0.0, Diff: 0.0, Sum: 0.0]
      [Object Copy (ms): Min: 14.5, Avg: 14.6, Max: 14.7, Diff: 0.2, Sum: 116.6]
      [Termination (ms): Min: 0.0, Avg: 0.1, Max: 0.2, Diff: 0.2, Sum: 0.9]
         [Termination Attempts: Min: 1, Avg: 1.0, Max: 1, Diff: 0, Sum: 8]
      [GC Worker Other (ms): Min: 0.0, Avg: 0.1, Max: 0.2, Diff: 0.2, Sum: 0.4]
      [GC Worker Total (ms): Min: 30.5, Avg: 30.6, Max: 30.8, Diff: 0.3, Sum: 245.1]
      [GC Worker End (ms): Min: 6217.9, Avg: 6217.9, Max: 6218.1, Diff: 0.2]
   [Code Root Fixup: 0.0 ms]
   [Code Root Purge: 0.0 ms]
   [Clear CT: 0.8 ms]
   [Other: 4.0 ms]
      [Evacuation Failure: 0.9 ms]
      [Choose CSet: 0.0 ms]
      [Ref Proc: 1.1 ms]
      [Ref Enq: 0.0 ms]
      [Redirty Cards: 1.1 ms]
      [Humongous Register: 0.2 ms]
      [Humongous Reclaim: 0.4 ms]
      [Free CSet: 0.4 ms]
   [Eden: 830.0M(830.0M)->0.0B(7168.0K) Survivors: 118.0M->119.0M Heap: 1683.9M(2048.0M)->954.4M(2048.0M)]
 [Times: user=0.26 sys=0.00, real=0.03 secs] 
2021-01-22T00:58:33.189+0800: 6.224: [GC pause (G1 Evacuation Pause) (mixed), 0.0151132 secs]
   [Parallel Time: 11.8 ms, GC Workers: 8]
      [GC Worker Start (ms): Min: 6224.8, Avg: 6224.9, Max: 6225.1, Diff: 0.3]
      [Ext Root Scanning (ms): Min: 0.0, Avg: 0.1, Max: 0.2, Diff: 0.2, Sum: 0.6]
      [Update RS (ms): Min: 0.3, Avg: 0.4, Max: 0.4, Diff: 0.1, Sum: 2.8]
         [Processed Buffers: Min: 6, Avg: 6.5, Max: 8, Diff: 2, Sum: 52]
      [Scan RS (ms): Min: 0.1, Avg: 0.1, Max: 0.1, Diff: 0.1, Sum: 0.6]
      [Code Root Scanning (ms): Min: 0.0, Avg: 0.0, Max: 0.0, Diff: 0.0, Sum: 0.0]
      [Object Copy (ms): Min: 10.7, Avg: 10.8, Max: 10.8, Diff: 0.1, Sum: 86.1]
      [Termination (ms): Min: 0.0, Avg: 0.0, Max: 0.1, Diff: 0.1, Sum: 0.3]
         [Termination Attempts: Min: 1, Avg: 1.2, Max: 3, Diff: 2, Sum: 10]
      [GC Worker Other (ms): Min: 0.0, Avg: 0.0, Max: 0.0, Diff: 0.0, Sum: 0.1]
      [GC Worker Total (ms): Min: 11.2, Avg: 11.3, Max: 11.5, Diff: 0.3, Sum: 90.5]
      [GC Worker End (ms): Min: 6236.2, Avg: 6236.2, Max: 6236.3, Diff: 0.0]
   [Code Root Fixup: 0.0 ms]
   [Code Root Purge: 0.0 ms]
   [Clear CT: 1.4 ms]
   [Other: 1.9 ms]
      [Choose CSet: 0.1 ms]
      [Ref Proc: 0.4 ms]
      [Ref Enq: 0.0 ms]
      [Redirty Cards: 1.0 ms]
      [Humongous Register: 0.1 ms]
      [Humongous Reclaim: 0.0 ms]
      [Free CSet: 0.2 ms]
   [Eden: 7168.0K(7168.0K)->0.0B(779.0M) Survivors: 119.0M->3072.0K Heap: 965.3M(2048.0M)->806.0M(2048.0M)]
 [Times: user=0.10 sys=0.00, real=0.01 secs] 
2021-01-22T00:58:33.219+0800: 6.255: [GC pause (G1 Humongous Allocation) (young) (initial-mark), 0.0104354 secs]
   [Parallel Time: 6.6 ms, GC Workers: 8]
      [GC Worker Start (ms): Min: 6255.4, Avg: 6255.6, Max: 6255.9, Diff: 0.4]
      [Ext Root Scanning (ms): Min: 0.0, Avg: 0.4, Max: 0.7, Diff: 0.6, Sum: 3.5]
      [Update RS (ms): Min: 2.1, Avg: 2.2, Max: 2.4, Diff: 0.3, Sum: 17.7]
         [Processed Buffers: Min: 32, Avg: 33.2, Max: 35, Diff: 3, Sum: 266]
      [Scan RS (ms): Min: 0.0, Avg: 0.0, Max: 0.0, Diff: 0.0, Sum: 0.1]
      [Code Root Scanning (ms): Min: 0.0, Avg: 0.0, Max: 0.0, Diff: 0.0, Sum: 0.0]
      [Object Copy (ms): Min: 3.2, Avg: 3.3, Max: 3.3, Diff: 0.1, Sum: 26.0]
      [Termination (ms): Min: 0.0, Avg: 0.0, Max: 0.1, Diff: 0.1, Sum: 0.4]
         [Termination Attempts: Min: 1, Avg: 1.1, Max: 2, Diff: 1, Sum: 9]
      [GC Worker Other (ms): Min: 0.0, Avg: 0.0, Max: 0.0, Diff: 0.0, Sum: 0.1]
      [GC Worker Total (ms): Min: 5.7, Avg: 6.0, Max: 6.2, Diff: 0.4, Sum: 47.8]
      [GC Worker End (ms): Min: 6261.6, Avg: 6261.6, Max: 6261.6, Diff: 0.0]
   [Code Root Fixup: 0.0 ms]
   [Code Root Purge: 0.0 ms]
   [Clear CT: 1.6 ms]
   [Other: 2.2 ms]
      [Choose CSet: 0.0 ms]
      [Ref Proc: 0.5 ms]
      [Ref Enq: 0.0 ms]
      [Redirty Cards: 1.1 ms]
      [Humongous Register: 0.1 ms]
      [Humongous Reclaim: 0.1 ms]
      [Free CSet: 0.1 ms]
   [Eden: 111.0M(779.0M)->0.0B(702.0M) Survivors: 3072.0K->43008.0K Heap: 948.4M(2048.0M)->845.1M(2048.0M)]
 [Times: user=0.05 sys=0.00, real=0.01 secs] 
2021-01-22T00:58:33.230+0800: 6.266: [GC concurrent-root-region-scan-start]
2021-01-22T00:58:33.231+0800: 6.267: [GC concurrent-root-region-scan-end, 0.0002027 secs]
2021-01-22T00:58:33.231+0800: 6.267: [GC concurrent-mark-start]
2021-01-22T00:58:33.233+0800: 6.269: [GC concurrent-mark-end, 0.0028126 secs]
2021-01-22T00:58:33.234+0800: 6.270: [GC remark 2021-01-22T00:58:33.234+0800: 6.270: [Finalize Marking, 0.0008694 secs] 2021-01-22T00:58:33.235+0800: 6.271: [GC ref-proc, 0.0006269 secs] 2021-01-22T00:58:33.236+0800: 6.272: [Unloading, 0.0014681 secs], 0.0054892 secs]
 [Times: user=0.01 sys=0.01, real=0.01 secs] 
2021-01-22T00:58:33.240+0800: 6.276: [GC cleanup 868M->766M(2048M), 0.0033515 secs]
 [Times: user=0.01 sys=0.00, real=0.00 secs] 
2021-01-22T00:58:33.244+0800: 6.280: [GC concurrent-cleanup-start]
2021-01-22T00:58:33.244+0800: 6.280: [GC concurrent-cleanup-end, 0.0000571 secs]
2021-01-22T00:58:33.343+0800: 6.378: [GC pause (G1 Evacuation Pause) (young), 0.0324796 secs]
   [Parallel Time: 28.1 ms, GC Workers: 8]
      [GC Worker Start (ms): Min: 6379.0, Avg: 6379.2, Max: 6379.4, Diff: 0.4]
      [Ext Root Scanning (ms): Min: 0.0, Avg: 0.1, Max: 0.2, Diff: 0.2, Sum: 0.5]
      [Update RS (ms): Min: 13.0, Avg: 13.1, Max: 13.2, Diff: 0.2, Sum: 104.8]
         [Processed Buffers: Min: 193, Avg: 197.8, Max: 203, Diff: 10, Sum: 1582]
      [Scan RS (ms): Min: 0.1, Avg: 0.1, Max: 0.1, Diff: 0.0, Sum: 0.8]
      [Code Root Scanning (ms): Min: 0.0, Avg: 0.0, Max: 0.0, Diff: 0.0, Sum: 0.0]
      [Object Copy (ms): Min: 14.1, Avg: 14.2, Max: 14.3, Diff: 0.2, Sum: 113.2]
      [Termination (ms): Min: 0.0, Avg: 0.1, Max: 0.2, Diff: 0.2, Sum: 1.2]
         [Termination Attempts: Min: 1, Avg: 1.0, Max: 1, Diff: 0, Sum: 8]
      [GC Worker Other (ms): Min: 0.0, Avg: 0.0, Max: 0.0, Diff: 0.0, Sum: 0.1]
      [GC Worker Total (ms): Min: 27.4, Avg: 27.6, Max: 27.8, Diff: 0.4, Sum: 220.7]
      [GC Worker End (ms): Min: 6406.8, Avg: 6406.8, Max: 6406.8, Diff: 0.0]
   [Code Root Fixup: 0.0 ms]
   [Code Root Purge: 0.0 ms]
   [Clear CT: 1.2 ms]
   [Other: 3.2 ms]
      [Choose CSet: 0.0 ms]
      [Ref Proc: 1.0 ms]
      [Ref Enq: 0.0 ms]
      [Redirty Cards: 1.2 ms]
      [Humongous Register: 0.3 ms]
      [Humongous Reclaim: 0.2 ms]
      [Free CSet: 0.3 ms]
   [Eden: 702.0M(702.0M)->0.0B(9216.0K) Survivors: 43008.0K->95232.0K Heap: 1641.7M(2048.0M)->886.5M(2048.0M)]
 [Times: user=0.22 sys=0.00, real=0.03 secs] 
2021-01-22T00:58:33.378+0800: 6.413: [GC pause (G1 Evacuation Pause) (mixed), 0.0135443 secs]
   [Parallel Time: 10.3 ms, GC Workers: 8]
      [GC Worker Start (ms): Min: 6413.7, Avg: 6413.9, Max: 6414.0, Diff: 0.4]
      [Ext Root Scanning (ms): Min: 0.0, Avg: 0.1, Max: 0.2, Diff: 0.2, Sum: 0.5]
      [Update RS (ms): Min: 0.4, Avg: 0.4, Max: 0.5, Diff: 0.1, Sum: 3.6]
         [Processed Buffers: Min: 6, Avg: 7.0, Max: 8, Diff: 2, Sum: 56]
      [Scan RS (ms): Min: 0.1, Avg: 0.1, Max: 0.3, Diff: 0.2, Sum: 0.9]
      [Code Root Scanning (ms): Min: 0.0, Avg: 0.0, Max: 0.0, Diff: 0.0, Sum: 0.0]
      [Object Copy (ms): Min: 8.7, Avg: 8.9, Max: 8.9, Diff: 0.3, Sum: 70.9]
      [Termination (ms): Min: 0.0, Avg: 0.0, Max: 0.1, Diff: 0.1, Sum: 0.4]
         [Termination Attempts: Min: 1, Avg: 1.1, Max: 2, Diff: 1, Sum: 9]
      [GC Worker Other (ms): Min: 0.0, Avg: 0.0, Max: 0.0, Diff: 0.0, Sum: 0.1]
      [GC Worker Total (ms): Min: 9.4, Avg: 9.5, Max: 9.8, Diff: 0.4, Sum: 76.3]
      [GC Worker End (ms): Min: 6423.4, Avg: 6423.4, Max: 6423.4, Diff: 0.0]
   [Code Root Fixup: 0.0 ms]
   [Code Root Purge: 0.0 ms]
   [Clear CT: 1.0 ms]
   [Other: 2.3 ms]
      [Choose CSet: 0.1 ms]
      [Ref Proc: 0.8 ms]
      [Ref Enq: 0.0 ms]
      [Redirty Cards: 1.0 ms]
      [Humongous Register: 0.1 ms]
      [Humongous Reclaim: 0.0 ms]
      [Free CSet: 0.2 ms]
   [Eden: 9216.0K(9216.0K)->0.0B(100352.0K) Survivors: 95232.0K->4096.0K Heap: 901.3M(2048.0M)->695.1M(2048.0M)]
 [Times: user=0.09 sys=0.00, real=0.02 secs] 
2021-01-22T00:58:33.406+0800: 6.442: [GC pause (G1 Evacuation Pause) (mixed), 0.0090177 secs]
   [Parallel Time: 5.7 ms, GC Workers: 8]
      [GC Worker Start (ms): Min: 6442.2, Avg: 6442.4, Max: 6442.5, Diff: 0.3]
      [Ext Root Scanning (ms): Min: 0.0, Avg: 0.1, Max: 0.2, Diff: 0.2, Sum: 0.5]
      [Update RS (ms): Min: 1.4, Avg: 1.5, Max: 1.6, Diff: 0.1, Sum: 12.1]
         [Processed Buffers: Min: 22, Avg: 22.9, Max: 24, Diff: 2, Sum: 183]
      [Scan RS (ms): Min: 0.0, Avg: 0.1, Max: 0.1, Diff: 0.1, Sum: 0.5]
      [Code Root Scanning (ms): Min: 0.0, Avg: 0.0, Max: 0.0, Diff: 0.0, Sum: 0.0]
      [Object Copy (ms): Min: 3.4, Avg: 3.5, Max: 3.5, Diff: 0.1, Sum: 27.7]
      [Termination (ms): Min: 0.0, Avg: 0.0, Max: 0.1, Diff: 0.1, Sum: 0.3]
         [Termination Attempts: Min: 1, Avg: 1.0, Max: 1, Diff: 0, Sum: 8]
      [GC Worker Other (ms): Min: 0.0, Avg: 0.0, Max: 0.0, Diff: 0.0, Sum: 0.1]
      [GC Worker Total (ms): Min: 5.0, Avg: 5.2, Max: 5.3, Diff: 0.3, Sum: 41.2]
      [GC Worker End (ms): Min: 6447.5, Avg: 6447.5, Max: 6447.5, Diff: 0.0]
   [Code Root Fixup: 0.0 ms]
   [Code Root Purge: 0.0 ms]
   [Clear CT: 1.4 ms]
   [Other: 2.0 ms]
      [Choose CSet: 0.0 ms]
      [Ref Proc: 0.5 ms]
      [Ref Enq: 0.0 ms]
      [Redirty Cards: 1.0 ms]
      [Humongous Register: 0.1 ms]
      [Humongous Reclaim: 0.1 ms]
      [Free CSet: 0.1 ms]
   [Eden: 100352.0K(100352.0K)->0.0B(879.0M) Survivors: 4096.0K->13312.0K Heap: 814.8M(2048.0M)->636.0M(2048.0M)]
 [Times: user=0.05 sys=0.00, real=0.01 secs] 
2021-01-22T00:58:33.484+0800: 6.520: [GC pause (G1 Humongous Allocation) (young) (initial-mark), 0.0246603 secs]
   [Parallel Time: 20.8 ms, GC Workers: 8]
      [GC Worker Start (ms): Min: 6520.1, Avg: 6520.2, Max: 6520.4, Diff: 0.3]
      [Ext Root Scanning (ms): Min: 0.1, Avg: 0.4, Max: 0.6, Diff: 0.5, Sum: 3.3]
      [Update RS (ms): Min: 9.5, Avg: 9.7, Max: 9.9, Diff: 0.3, Sum: 77.5]
         [Processed Buffers: Min: 142, Avg: 146.6, Max: 149, Diff: 7, Sum: 1173]
      [Scan RS (ms): Min: 0.0, Avg: 0.1, Max: 0.1, Diff: 0.0, Sum: 0.4]
      [Code Root Scanning (ms): Min: 0.0, Avg: 0.0, Max: 0.0, Diff: 0.0, Sum: 0.0]
      [Object Copy (ms): Min: 9.8, Avg: 9.9, Max: 9.9, Diff: 0.1, Sum: 78.9]
      [Termination (ms): Min: 0.0, Avg: 0.0, Max: 0.1, Diff: 0.1, Sum: 0.4]
         [Termination Attempts: Min: 1, Avg: 1.0, Max: 1, Diff: 0, Sum: 8]
      [GC Worker Other (ms): Min: 0.0, Avg: 0.0, Max: 0.2, Diff: 0.2, Sum: 0.3]
      [GC Worker Total (ms): Min: 19.9, Avg: 20.1, Max: 20.3, Diff: 0.4, Sum: 160.9]
      [GC Worker End (ms): Min: 6540.3, Avg: 6540.4, Max: 6540.5, Diff: 0.2]
   [Code Root Fixup: 0.0 ms]
   [Code Root Purge: 0.0 ms]
   [Clear CT: 1.1 ms]
   [Other: 2.8 ms]
      [Choose CSet: 0.0 ms]
      [Ref Proc: 1.0 ms]
      [Ref Enq: 0.0 ms]
      [Redirty Cards: 1.0 ms]
      [Humongous Register: 0.1 ms]
      [Humongous Reclaim: 0.2 ms]
      [Free CSet: 0.2 ms]
   [Eden: 466.0M(879.0M)->0.0B(804.0M) Survivors: 13312.0K->112.0M Heap: 1247.4M(2048.0M)->751.4M(2048.0M)]
 [Times: user=0.17 sys=0.00, real=0.03 secs] 
2021-01-22T00:58:33.509+0800: 6.545: [GC concurrent-root-region-scan-start]
2021-01-22T00:58:33.510+0800: 6.546: [GC concurrent-root-region-scan-end, 0.0003473 secs]
2021-01-22T00:58:33.510+0800: 6.546: [GC concurrent-mark-start]
2021-01-22T00:58:33.512+0800: 6.548: [GC concurrent-mark-end, 0.0026441 secs]
2021-01-22T00:58:33.513+0800: 6.549: [GC remark 2021-01-22T00:58:33.513+0800: 6.549: [Finalize Marking, 0.0015624 secs] 2021-01-22T00:58:33.515+0800: 6.551: [GC ref-proc, 0.0007432 secs] 2021-01-22T00:58:33.516+0800: 6.552: [Unloading, 0.0011156 secs], 0.0064438 secs]
 [Times: user=0.00 sys=0.01, real=0.01 secs] 
2021-01-22T00:58:33.520+0800: 6.556: [GC cleanup 776M->661M(2048M), 0.0037181 secs]
 [Times: user=0.01 sys=0.00, real=0.00 secs] 
2021-01-22T00:58:33.524+0800: 6.560: [GC concurrent-cleanup-start]
2021-01-22T00:58:33.525+0800: 6.560: [GC concurrent-cleanup-end, 0.0000683 secs]
2021-01-22T00:58:33.634+0800: 6.670: [GC pause (G1 Evacuation Pause) (young) (to-space exhausted), 0.0386104 secs]
   [Parallel Time: 32.8 ms, GC Workers: 8]
      [GC Worker Start (ms): Min: 6670.5, Avg: 6670.7, Max: 6670.8, Diff: 0.4]
      [Ext Root Scanning (ms): Min: 0.0, Avg: 0.1, Max: 0.2, Diff: 0.2, Sum: 0.5]
      [Update RS (ms): Min: 14.0, Avg: 14.1, Max: 14.2, Diff: 0.1, Sum: 112.8]
         [Processed Buffers: Min: 194, Avg: 208.1, Max: 218, Diff: 24, Sum: 1665]
      [Scan RS (ms): Min: 0.1, Avg: 0.1, Max: 0.2, Diff: 0.1, Sum: 1.0]
      [Code Root Scanning (ms): Min: 0.0, Avg: 0.0, Max: 0.0, Diff: 0.0, Sum: 0.0]
      [Object Copy (ms): Min: 17.5, Avg: 17.6, Max: 17.7, Diff: 0.2, Sum: 140.7]
      [Termination (ms): Min: 0.0, Avg: 0.1, Max: 0.2, Diff: 0.2, Sum: 1.2]
         [Termination Attempts: Min: 1, Avg: 1.0, Max: 1, Diff: 0, Sum: 8]
      [GC Worker Other (ms): Min: 0.0, Avg: 0.0, Max: 0.1, Diff: 0.0, Sum: 0.1]
      [GC Worker Total (ms): Min: 31.9, Avg: 32.0, Max: 32.2, Diff: 0.4, Sum: 256.3]
      [GC Worker End (ms): Min: 6702.7, Avg: 6702.7, Max: 6702.8, Diff: 0.0]
   [Code Root Fixup: 0.0 ms]
   [Code Root Purge: 0.0 ms]
   [Clear CT: 1.3 ms]
   [Other: 4.5 ms]
      [Evacuation Failure: 1.4 ms]
      [Choose CSet: 0.0 ms]
      [Ref Proc: 0.5 ms]
      [Ref Enq: 0.0 ms]
      [Redirty Cards: 1.5 ms]
      [Humongous Register: 0.2 ms]
      [Humongous Reclaim: 0.3 ms]
      [Free CSet: 0.4 ms]
   [Eden: 804.0M(804.0M)->0.0B(7168.0K) Survivors: 112.0M->115.0M Heap: 1647.2M(2048.0M)->725.6M(2048.0M)]
 [Times: user=0.27 sys=0.01, real=0.04 secs] 
2021-01-22T00:58:33.674+0800: 6.710: [GC pause (G1 Evacuation Pause) (mixed), 0.0149396 secs]
   [Parallel Time: 11.9 ms, GC Workers: 8]
      [GC Worker Start (ms): Min: 6710.5, Avg: 6710.6, Max: 6710.8, Diff: 0.3]
      [Ext Root Scanning (ms): Min: 0.0, Avg: 0.1, Max: 0.2, Diff: 0.2, Sum: 0.6]
      [Update RS (ms): Min: 0.1, Avg: 0.2, Max: 0.2, Diff: 0.1, Sum: 1.6]
         [Processed Buffers: Min: 2, Avg: 3.8, Max: 5, Diff: 3, Sum: 30]
      [Scan RS (ms): Min: 0.0, Avg: 0.1, Max: 0.1, Diff: 0.0, Sum: 0.5]
      [Code Root Scanning (ms): Min: 0.0, Avg: 0.0, Max: 0.0, Diff: 0.0, Sum: 0.0]
      [Object Copy (ms): Min: 11.0, Avg: 11.1, Max: 11.2, Diff: 0.2, Sum: 88.5]
      [Termination (ms): Min: 0.0, Avg: 0.1, Max: 0.2, Diff: 0.2, Sum: 1.1]
         [Termination Attempts: Min: 1, Avg: 1.0, Max: 1, Diff: 0, Sum: 8]
      [GC Worker Other (ms): Min: 0.0, Avg: 0.0, Max: 0.0, Diff: 0.0, Sum: 0.1]
      [GC Worker Total (ms): Min: 11.4, Avg: 11.5, Max: 11.7, Diff: 0.3, Sum: 92.3]
      [GC Worker End (ms): Min: 6722.2, Avg: 6722.2, Max: 6722.2, Diff: 0.0]
   [Code Root Fixup: 0.0 ms]
   [Code Root Purge: 0.0 ms]
   [Clear CT: 0.9 ms]
   [Other: 2.2 ms]
      [Choose CSet: 0.1 ms]
      [Ref Proc: 0.7 ms]
      [Ref Enq: 0.0 ms]
      [Redirty Cards: 0.9 ms]
      [Humongous Register: 0.1 ms]
      [Humongous Reclaim: 0.0 ms]
      [Free CSet: 0.2 ms]
   [Eden: 7168.0K(7168.0K)->0.0B(965.0M) Survivors: 115.0M->3072.0K Heap: 734.4M(2048.0M)->579.5M(2048.0M)]
 [Times: user=0.08 sys=0.01, real=0.02 secs] 
2021-01-22T00:58:33.796+0800: 6.832: [GC pause (G1 Humongous Allocation) (young) (initial-mark), 0.0358295 secs]
   [Parallel Time: 30.8 ms, GC Workers: 8]
      [GC Worker Start (ms): Min: 6832.6, Avg: 6832.8, Max: 6833.0, Diff: 0.3]
      [Ext Root Scanning (ms): Min: 0.0, Avg: 1.0, Max: 6.1, Diff: 6.0, Sum: 8.2]
      [Update RS (ms): Min: 7.7, Avg: 13.2, Max: 17.0, Diff: 9.3, Sum: 106.0]
         [Processed Buffers: Min: 80, Avg: 179.8, Max: 213, Diff: 133, Sum: 1438]
      [Scan RS (ms): Min: 0.1, Avg: 0.1, Max: 0.3, Diff: 0.2, Sum: 1.0]
      [Code Root Scanning (ms): Min: 0.0, Avg: 0.0, Max: 0.0, Diff: 0.0, Sum: 0.0]
      [Object Copy (ms): Min: 10.6, Avg: 14.0, Max: 15.9, Diff: 5.3, Sum: 112.3]
      [Termination (ms): Min: 0.0, Avg: 1.4, Max: 1.6, Diff: 1.6, Sum: 11.3]
         [Termination Attempts: Min: 1, Avg: 1.1, Max: 2, Diff: 1, Sum: 9]
      [GC Worker Other (ms): Min: 0.0, Avg: 0.0, Max: 0.1, Diff: 0.1, Sum: 0.2]
      [GC Worker Total (ms): Min: 29.7, Avg: 29.9, Max: 30.0, Diff: 0.3, Sum: 239.0]
      [GC Worker End (ms): Min: 6862.7, Avg: 6862.7, Max: 6862.7, Diff: 0.1]
   [Code Root Fixup: 0.0 ms]
   [Code Root Purge: 0.0 ms]
   [Clear CT: 0.7 ms]
   [Other: 4.3 ms]
      [Choose CSet: 0.0 ms]
      [Ref Proc: 2.2 ms]
      [Ref Enq: 0.0 ms]
      [Redirty Cards: 0.8 ms]
      [Humongous Register: 0.3 ms]
      [Humongous Reclaim: 0.4 ms]
      [Free CSet: 0.3 ms]
   [Eden: 715.0M(965.0M)->0.0B(856.0M) Survivors: 3072.0K->121.0M Heap: 1473.0M(2048.0M)->721.0M(2048.0M)]
 [Times: user=0.25 sys=0.00, real=0.04 secs] 
2021-01-22T00:58:33.833+0800: 6.869: [GC concurrent-root-region-scan-start]
2021-01-22T00:58:33.833+0800: 6.869: [GC concurrent-root-region-scan-end, 0.0002689 secs]
2021-01-22T00:58:33.833+0800: 6.869: [GC concurrent-mark-start]
2021-01-22T00:58:33.837+0800: 6.873: [GC concurrent-mark-end, 0.0034829 secs]
2021-01-22T00:58:33.837+0800: 6.873: [GC remark 2021-01-22T00:58:33.837+0800: 6.873: [Finalize Marking, 0.0007379 secs] 2021-01-22T00:58:33.838+0800: 6.874: [GC ref-proc, 0.0004326 secs] 2021-01-22T00:58:33.839+0800: 6.875: [Unloading, 0.0008479 secs], 0.0039351 secs]
 [Times: user=0.01 sys=0.00, real=0.01 secs] 
2021-01-22T00:58:33.841+0800: 6.877: [GC cleanup 755M->645M(2048M), 0.0030062 secs]
 [Times: user=0.01 sys=0.00, real=0.00 secs] 
2021-01-22T00:58:33.845+0800: 6.881: [GC concurrent-cleanup-start]
2021-01-22T00:58:33.845+0800: 6.881: [GC concurrent-cleanup-end, 0.0000827 secs]
2021-01-22T00:58:33.967+0800: 7.003: [GC pause (G1 Evacuation Pause) (young) (to-space exhausted), 0.0348946 secs]
   [Parallel Time: 30.3 ms, GC Workers: 8]
      [GC Worker Start (ms): Min: 7003.6, Avg: 7003.8, Max: 7004.0, Diff: 0.4]
      [Ext Root Scanning (ms): Min: 0.0, Avg: 0.1, Max: 0.2, Diff: 0.2, Sum: 0.5]
      [Update RS (ms): Min: 16.4, Avg: 16.5, Max: 16.5, Diff: 0.1, Sum: 131.7]
         [Processed Buffers: Min: 244, Avg: 246.4, Max: 250, Diff: 6, Sum: 1971]
      [Scan RS (ms): Min: 0.1, Avg: 0.1, Max: 0.2, Diff: 0.0, Sum: 1.1]
      [Code Root Scanning (ms): Min: 0.0, Avg: 0.0, Max: 0.0, Diff: 0.0, Sum: 0.0]
      [Object Copy (ms): Min: 12.6, Avg: 12.7, Max: 12.8, Diff: 0.2, Sum: 101.6]
      [Termination (ms): Min: 0.0, Avg: 0.1, Max: 0.2, Diff: 0.2, Sum: 0.9]
         [Termination Attempts: Min: 1, Avg: 1.1, Max: 2, Diff: 1, Sum: 9]
      [GC Worker Other (ms): Min: 0.0, Avg: 0.1, Max: 0.2, Diff: 0.2, Sum: 0.4]
      [GC Worker Total (ms): Min: 29.3, Avg: 29.5, Max: 29.8, Diff: 0.5, Sum: 236.1]
      [GC Worker End (ms): Min: 7033.3, Avg: 7033.3, Max: 7033.5, Diff: 0.2]
   [Code Root Fixup: 0.0 ms]
   [Code Root Purge: 0.0 ms]
   [Clear CT: 0.9 ms]
   [Other: 3.7 ms]
      [Evacuation Failure: 0.9 ms]
      [Choose CSet: 0.0 ms]
      [Ref Proc: 0.9 ms]
      [Ref Enq: 0.0 ms]
      [Redirty Cards: 1.0 ms]
      [Humongous Register: 0.2 ms]
      [Humongous Reclaim: 0.3 ms]
      [Free CSet: 0.3 ms]
   [Eden: 856.0M(856.0M)->0.0B(7168.0K) Survivors: 121.0M->117.0M Heap: 1712.1M(2048.0M)->996.0M(2048.0M)]
 [Times: user=0.23 sys=0.02, real=0.04 secs] 
2021-01-22T00:58:34.004+0800: 7.040: [GC pause (G1 Evacuation Pause) (mixed), 0.0146657 secs]
   [Parallel Time: 11.6 ms, GC Workers: 8]
      [GC Worker Start (ms): Min: 7040.0, Avg: 7040.3, Max: 7040.4, Diff: 0.4]
      [Ext Root Scanning (ms): Min: 0.0, Avg: 0.1, Max: 0.2, Diff: 0.2, Sum: 0.5]
      [Update RS (ms): Min: 0.1, Avg: 0.1, Max: 0.2, Diff: 0.1, Sum: 1.2]
         [Processed Buffers: Min: 1, Avg: 3.0, Max: 5, Diff: 4, Sum: 24]
      [Scan RS (ms): Min: 0.1, Avg: 0.2, Max: 0.7, Diff: 0.6, Sum: 1.3]
      [Code Root Scanning (ms): Min: 0.0, Avg: 0.0, Max: 0.0, Diff: 0.0, Sum: 0.0]
      [Object Copy (ms): Min: 10.3, Avg: 10.8, Max: 10.9, Diff: 0.6, Sum: 86.2]
      [Termination (ms): Min: 0.0, Avg: 0.1, Max: 0.1, Diff: 0.1, Sum: 0.6]
         [Termination Attempts: Min: 1, Avg: 1.0, Max: 1, Diff: 0, Sum: 8]
      [GC Worker Other (ms): Min: 0.0, Avg: 0.0, Max: 0.0, Diff: 0.0, Sum: 0.1]
      [GC Worker Total (ms): Min: 11.1, Avg: 11.2, Max: 11.5, Diff: 0.4, Sum: 89.9]
      [GC Worker End (ms): Min: 7051.5, Avg: 7051.5, Max: 7051.5, Diff: 0.0]
   [Code Root Fixup: 0.0 ms]
   [Code Root Purge: 0.0 ms]
   [Clear CT: 0.9 ms]
   [Other: 2.2 ms]
      [Choose CSet: 0.1 ms]
      [Ref Proc: 0.8 ms]
      [Ref Enq: 0.0 ms]
      [Redirty Cards: 0.9 ms]
      [Humongous Register: 0.1 ms]
      [Humongous Reclaim: 0.1 ms]
      [Free CSet: 0.2 ms]
   [Eden: 7168.0K(7168.0K)->0.0B(734.0M) Survivors: 117.0M->4096.0K Heap: 1004.0M(2048.0M)->857.5M(2048.0M)]
 [Times: user=0.09 sys=0.01, real=0.02 secs] 
2021-01-22T00:58:34.020+0800: 7.056: [GC pause (G1 Humongous Allocation) (young) (initial-mark), 0.0043167 secs]
   [Parallel Time: 1.3 ms, GC Workers: 8]
      [GC Worker Start (ms): Min: 7056.0, Avg: 7056.2, Max: 7056.3, Diff: 0.3]
      [Ext Root Scanning (ms): Min: 0.0, Avg: 0.3, Max: 0.6, Diff: 0.5, Sum: 2.4]
      [Update RS (ms): Min: 0.0, Avg: 0.1, Max: 0.2, Diff: 0.2, Sum: 0.7]
         [Processed Buffers: Min: 0, Avg: 1.1, Max: 2, Diff: 2, Sum: 9]
      [Scan RS (ms): Min: 0.0, Avg: 0.0, Max: 0.0, Diff: 0.0, Sum: 0.0]
      [Code Root Scanning (ms): Min: 0.0, Avg: 0.0, Max: 0.0, Diff: 0.0, Sum: 0.0]
      [Object Copy (ms): Min: 0.2, Avg: 0.2, Max: 0.3, Diff: 0.1, Sum: 1.9]
      [Termination (ms): Min: 0.0, Avg: 0.1, Max: 0.1, Diff: 0.1, Sum: 0.4]
         [Termination Attempts: Min: 1, Avg: 1.0, Max: 1, Diff: 0, Sum: 8]
      [GC Worker Other (ms): Min: 0.0, Avg: 0.0, Max: 0.0, Diff: 0.0, Sum: 0.0]
      [GC Worker Total (ms): Min: 0.6, Avg: 0.7, Max: 0.9, Diff: 0.3, Sum: 5.5]
      [GC Worker End (ms): Min: 7056.9, Avg: 7056.9, Max: 7056.9, Diff: 0.0]
   [Code Root Fixup: 0.0 ms]
   [Code Root Purge: 0.0 ms]
   [Clear CT: 1.2 ms]
   [Other: 1.8 ms]
      [Choose CSet: 0.0 ms]
      [Ref Proc: 0.5 ms]
      [Ref Enq: 0.0 ms]
      [Redirty Cards: 0.9 ms]
      [Humongous Register: 0.1 ms]
      [Humongous Reclaim: 0.0 ms]
      [Free CSet: 0.0 ms]
   [Eden: 4096.0K(734.0M)->0.0B(747.0M) Survivors: 4096.0K->5120.0K Heap: 861.0M(2048.0M)->858.4M(2048.0M)]
 [Times: user=0.01 sys=0.00, real=0.00 secs] 
2021-01-22T00:58:34.025+0800: 7.061: [GC concurrent-root-region-scan-start]
2021-01-22T00:58:34.025+0800: 7.061: [GC concurrent-root-region-scan-end, 0.0002579 secs]
2021-01-22T00:58:34.025+0800: 7.061: [GC concurrent-mark-start]
2021-01-22T00:58:34.028+0800: 7.064: [GC concurrent-mark-end, 0.0027704 secs]
2021-01-22T00:58:34.028+0800: 7.064: [GC remark 2021-01-22T00:58:34.029+0800: 7.065: [Finalize Marking, 0.0010636 secs] 2021-01-22T00:58:34.030+0800: 7.066: [GC ref-proc, 0.0004645 secs] 2021-01-22T00:58:34.031+0800: 7.067: [Unloading, 0.0010035 secs], 0.0052877 secs]
 [Times: user=0.01 sys=0.00, real=0.00 secs] 
2021-01-22T00:58:34.035+0800: 7.070: [GC cleanup 883M->813M(2048M), 0.0037519 secs]
 [Times: user=0.00 sys=0.01, real=0.01 secs] 
2021-01-22T00:58:34.039+0800: 7.075: [GC concurrent-cleanup-start]
2021-01-22T00:58:34.039+0800: 7.075: [GC concurrent-cleanup-end, 0.0000570 secs]
2021-01-22T00:58:34.141+0800: 7.177: [GC pause (G1 Evacuation Pause) (young) (to-space exhausted), 0.0315035 secs]
   [Parallel Time: 26.2 ms, GC Workers: 8]
      [GC Worker Start (ms): Min: 7177.2, Avg: 7177.4, Max: 7177.6, Diff: 0.4]
      [Ext Root Scanning (ms): Min: 0.0, Avg: 0.1, Max: 0.2, Diff: 0.2, Sum: 0.5]
      [Update RS (ms): Min: 12.4, Avg: 12.5, Max: 12.5, Diff: 0.1, Sum: 99.8]
         [Processed Buffers: Min: 176, Avg: 186.9, Max: 194, Diff: 18, Sum: 1495]
      [Scan RS (ms): Min: 0.1, Avg: 0.1, Max: 0.1, Diff: 0.0, Sum: 0.8]
      [Code Root Scanning (ms): Min: 0.0, Avg: 0.0, Max: 0.0, Diff: 0.0, Sum: 0.0]
      [Object Copy (ms): Min: 12.6, Avg: 12.6, Max: 12.7, Diff: 0.1, Sum: 100.8]
      [Termination (ms): Min: 0.0, Avg: 0.1, Max: 0.1, Diff: 0.1, Sum: 0.6]
         [Termination Attempts: Min: 1, Avg: 1.0, Max: 1, Diff: 0, Sum: 8]
      [GC Worker Other (ms): Min: 0.0, Avg: 0.0, Max: 0.1, Diff: 0.1, Sum: 0.2]
      [GC Worker Total (ms): Min: 25.2, Avg: 25.3, Max: 25.5, Diff: 0.3, Sum: 202.7]
      [GC Worker End (ms): Min: 7202.7, Avg: 7202.8, Max: 7202.8, Diff: 0.1]
   [Code Root Fixup: 0.0 ms]
   [Code Root Purge: 0.0 ms]
   [Clear CT: 1.1 ms]
   [Other: 4.2 ms]
      [Evacuation Failure: 1.2 ms]
      [Choose CSet: 0.0 ms]
      [Ref Proc: 1.0 ms]
      [Ref Enq: 0.0 ms]
      [Redirty Cards: 1.2 ms]
      [Humongous Register: 0.2 ms]
      [Humongous Reclaim: 0.3 ms]
      [Free CSet: 0.3 ms]
   [Eden: 747.0M(747.0M)->0.0B(8192.0K) Survivors: 5120.0K->96256.0K Heap: 1721.2M(2048.0M)->999.6M(2048.0M)]
 [Times: user=0.21 sys=0.01, real=0.03 secs] 
2021-01-22T00:58:34.175+0800: 7.211: [GC pause (G1 Evacuation Pause) (mixed), 0.0146100 secs]
   [Parallel Time: 11.0 ms, GC Workers: 8]
      [GC Worker Start (ms): Min: 7210.8, Avg: 7210.9, Max: 7211.1, Diff: 0.3]
      [Ext Root Scanning (ms): Min: 0.0, Avg: 0.1, Max: 0.2, Diff: 0.2, Sum: 0.5]
      [Update RS (ms): Min: 0.0, Avg: 0.1, Max: 0.2, Diff: 0.2, Sum: 0.9]
         [Processed Buffers: Min: 1, Avg: 2.6, Max: 5, Diff: 4, Sum: 21]
      [Scan RS (ms): Min: 0.0, Avg: 0.0, Max: 0.1, Diff: 0.0, Sum: 0.4]
      [Code Root Scanning (ms): Min: 0.0, Avg: 0.0, Max: 0.0, Diff: 0.0, Sum: 0.0]
      [Object Copy (ms): Min: 8.7, Avg: 8.8, Max: 9.4, Diff: 0.8, Sum: 70.3]
      [Termination (ms): Min: 0.0, Avg: 0.7, Max: 0.8, Diff: 0.8, Sum: 5.5]
         [Termination Attempts: Min: 1, Avg: 1.0, Max: 1, Diff: 0, Sum: 8]
      [GC Worker Other (ms): Min: 0.0, Avg: 0.0, Max: 0.0, Diff: 0.0, Sum: 0.0]
      [GC Worker Total (ms): Min: 9.5, Avg: 9.7, Max: 9.9, Diff: 0.3, Sum: 77.6]
      [GC Worker End (ms): Min: 7220.6, Avg: 7220.7, Max: 7220.7, Diff: 0.0]
   [Code Root Fixup: 0.0 ms]
   [Code Root Purge: 0.0 ms]
   [Clear CT: 1.5 ms]
   [Other: 2.1 ms]
      [Choose CSet: 0.1 ms]
      [Ref Proc: 0.6 ms]
      [Ref Enq: 0.0 ms]
      [Redirty Cards: 1.0 ms]
      [Humongous Register: 0.1 ms]
      [Humongous Reclaim: 0.0 ms]
      [Free CSet: 0.2 ms]
   [Eden: 8192.0K(8192.0K)->0.0B(100.0M) Survivors: 96256.0K->2048.0K Heap: 1008.4M(2048.0M)->805.2M(2048.0M)]
 [Times: user=0.09 sys=0.00, real=0.02 secs] 
2021-01-22T00:58:34.204+0800: 7.240: [GC pause (G1 Evacuation Pause) (mixed), 0.0102604 secs]
   [Parallel Time: 6.6 ms, GC Workers: 8]
      [GC Worker Start (ms): Min: 7240.3, Avg: 7240.5, Max: 7240.7, Diff: 0.3]
      [Ext Root Scanning (ms): Min: 0.0, Avg: 0.1, Max: 0.2, Diff: 0.2, Sum: 0.5]
      [Update RS (ms): Min: 1.5, Avg: 1.7, Max: 2.9, Diff: 1.4, Sum: 13.8]
         [Processed Buffers: Min: 21, Avg: 23.4, Max: 25, Diff: 4, Sum: 187]
      [Scan RS (ms): Min: 0.0, Avg: 0.1, Max: 0.1, Diff: 0.1, Sum: 0.4]
      [Code Root Scanning (ms): Min: 0.0, Avg: 0.0, Max: 0.0, Diff: 0.0, Sum: 0.0]
      [Object Copy (ms): Min: 2.5, Avg: 3.8, Max: 4.1, Diff: 1.7, Sum: 30.7]
      [Termination (ms): Min: 0.0, Avg: 0.1, Max: 0.2, Diff: 0.2, Sum: 0.8]
         [Termination Attempts: Min: 1, Avg: 1.1, Max: 2, Diff: 1, Sum: 9]
      [GC Worker Other (ms): Min: 0.0, Avg: 0.0, Max: 0.0, Diff: 0.0, Sum: 0.1]
      [GC Worker Total (ms): Min: 5.6, Avg: 5.8, Max: 6.0, Diff: 0.3, Sum: 46.2]
      [GC Worker End (ms): Min: 7246.3, Avg: 7246.3, Max: 7246.4, Diff: 0.1]
   [Code Root Fixup: 0.0 ms]
   [Code Root Purge: 0.0 ms]
   [Clear CT: 0.9 ms]
   [Other: 2.7 ms]
      [Choose CSet: 0.1 ms]
      [Ref Proc: 0.7 ms]
      [Ref Enq: 0.0 ms]
      [Redirty Cards: 1.1 ms]
      [Humongous Register: 0.1 ms]
      [Humongous Reclaim: 0.1 ms]
      [Free CSet: 0.3 ms]
   [Eden: 100.0M(100.0M)->0.0B(893.0M) Survivors: 2048.0K->13312.0K Heap: 927.5M(2048.0M)->704.7M(2048.0M)]
 [Times: user=0.06 sys=0.00, real=0.01 secs] 
2021-01-22T00:58:34.282+0800: 7.317: [GC pause (G1 Humongous Allocation) (young) (initial-mark), 0.0235106 secs]
   [Parallel Time: 19.2 ms, GC Workers: 8]
      [GC Worker Start (ms): Min: 7317.8, Avg: 7318.0, Max: 7318.3, Diff: 0.5]
      [Ext Root Scanning (ms): Min: 0.0, Avg: 0.5, Max: 0.8, Diff: 0.7, Sum: 3.9]
      [Update RS (ms): Min: 7.6, Avg: 8.0, Max: 9.6, Diff: 2.0, Sum: 63.9]
         [Processed Buffers: Min: 79, Avg: 111.6, Max: 123, Diff: 44, Sum: 893]
      [Scan RS (ms): Min: 0.0, Avg: 0.1, Max: 0.1, Diff: 0.1, Sum: 0.5]
      [Code Root Scanning (ms): Min: 0.0, Avg: 0.0, Max: 0.0, Diff: 0.0, Sum: 0.0]
      [Object Copy (ms): Min: 7.8, Avg: 9.5, Max: 9.7, Diff: 2.0, Sum: 75.6]
      [Termination (ms): Min: 0.0, Avg: 0.0, Max: 0.1, Diff: 0.1, Sum: 0.3]
         [Termination Attempts: Min: 1, Avg: 1.0, Max: 1, Diff: 0, Sum: 8]
      [GC Worker Other (ms): Min: 0.0, Avg: 0.1, Max: 0.3, Diff: 0.3, Sum: 0.7]
      [GC Worker Total (ms): Min: 17.7, Avg: 18.1, Max: 18.4, Diff: 0.7, Sum: 144.8]
      [GC Worker End (ms): Min: 7336.0, Avg: 7336.1, Max: 7336.2, Diff: 0.3]
   [Code Root Fixup: 0.0 ms]
   [Code Root Purge: 0.0 ms]
   [Clear CT: 1.1 ms]
   [Other: 3.2 ms]
      [Choose CSet: 0.0 ms]
      [Ref Proc: 1.0 ms]
      [Ref Enq: 0.0 ms]
      [Redirty Cards: 1.5 ms]
      [Humongous Register: 0.1 ms]
      [Humongous Reclaim: 0.2 ms]
      [Free CSet: 0.2 ms]
   [Eden: 459.0M(893.0M)->0.0B(805.0M) Survivors: 13312.0K->114.0M Heap: 1273.7M(2048.0M)->810.4M(2048.0M)]
 [Times: user=0.15 sys=0.00, real=0.02 secs] 
2021-01-22T00:58:34.306+0800: 7.342: [GC concurrent-root-region-scan-start]
2021-01-22T00:58:34.306+0800: 7.342: [GC concurrent-root-region-scan-end, 0.0002951 secs]
2021-01-22T00:58:34.306+0800: 7.342: [GC concurrent-mark-start]
2021-01-22T00:58:34.309+0800: 7.345: [GC concurrent-mark-end, 0.0025572 secs]
2021-01-22T00:58:34.309+0800: 7.345: [GC remark 2021-01-22T00:58:34.310+0800: 7.345: [Finalize Marking, 0.0012828 secs] 2021-01-22T00:58:34.311+0800: 7.347: [GC ref-proc, 0.0005177 secs] 2021-01-22T00:58:34.312+0800: 7.348: [Unloading, 0.0015066 secs], 0.0061208 secs]
 [Times: user=0.01 sys=0.00, real=0.00 secs] 
2021-01-22T00:58:34.316+0800: 7.352: [GC cleanup 836M->678M(2048M), 0.0035847 secs]
 [Times: user=0.01 sys=0.00, real=0.01 secs] 
2021-01-22T00:58:34.320+0800: 7.356: [GC concurrent-cleanup-start]
2021-01-22T00:58:34.321+0800: 7.356: [GC concurrent-cleanup-end, 0.0001000 secs]
2021-01-22T00:58:34.428+0800: 7.464: [GC pause (G1 Evacuation Pause) (young) (to-space exhausted), 0.0373261 secs]
   [Parallel Time: 32.1 ms, GC Workers: 8]
      [GC Worker Start (ms): Min: 7464.9, Avg: 7465.1, Max: 7465.2, Diff: 0.4]
      [Ext Root Scanning (ms): Min: 0.0, Avg: 0.1, Max: 0.2, Diff: 0.2, Sum: 0.5]
      [Update RS (ms): Min: 13.5, Avg: 13.6, Max: 13.7, Diff: 0.1, Sum: 108.9]
         [Processed Buffers: Min: 204, Avg: 206.9, Max: 212, Diff: 8, Sum: 1655]
      [Scan RS (ms): Min: 0.1, Avg: 0.1, Max: 0.1, Diff: 0.0, Sum: 1.0]
      [Code Root Scanning (ms): Min: 0.0, Avg: 0.0, Max: 0.0, Diff: 0.0, Sum: 0.0]
      [Object Copy (ms): Min: 17.2, Avg: 17.2, Max: 17.3, Diff: 0.1, Sum: 137.9]
      [Termination (ms): Min: 0.0, Avg: 0.1, Max: 0.2, Diff: 0.2, Sum: 0.8]
         [Termination Attempts: Min: 1, Avg: 1.0, Max: 1, Diff: 0, Sum: 8]
      [GC Worker Other (ms): Min: 0.0, Avg: 0.0, Max: 0.1, Diff: 0.0, Sum: 0.2]
      [GC Worker Total (ms): Min: 31.0, Avg: 31.2, Max: 31.4, Diff: 0.4, Sum: 249.3]
      [GC Worker End (ms): Min: 7496.2, Avg: 7496.2, Max: 7496.3, Diff: 0.1]
   [Code Root Fixup: 0.0 ms]
   [Code Root Purge: 0.0 ms]
   [Clear CT: 1.0 ms]
   [Other: 4.2 ms]
      [Evacuation Failure: 0.8 ms]
      [Choose CSet: 0.0 ms]
      [Ref Proc: 1.0 ms]
      [Ref Enq: 0.0 ms]
      [Redirty Cards: 1.2 ms]
      [Humongous Register: 0.3 ms]
      [Humongous Reclaim: 0.4 ms]
      [Free CSet: 0.3 ms]
   [Eden: 805.0M(805.0M)->0.0B(6144.0K) Survivors: 114.0M->115.0M Heap: 1663.1M(2048.0M)->850.5M(2048.0M)]
 [Times: user=0.26 sys=0.00, real=0.03 secs] 
2021-01-22T00:58:34.468+0800: 7.504: [GC pause (G1 Evacuation Pause) (mixed), 0.0155542 secs]
   [Parallel Time: 12.4 ms, GC Workers: 8]
      [GC Worker Start (ms): Min: 7503.9, Avg: 7504.0, Max: 7504.2, Diff: 0.3]
      [Ext Root Scanning (ms): Min: 0.0, Avg: 0.1, Max: 0.3, Diff: 0.3, Sum: 0.7]
      [Update RS (ms): Min: 0.1, Avg: 0.2, Max: 0.2, Diff: 0.1, Sum: 1.3]
         [Processed Buffers: Min: 2, Avg: 3.2, Max: 4, Diff: 2, Sum: 26]
      [Scan RS (ms): Min: 0.0, Avg: 0.1, Max: 0.1, Diff: 0.1, Sum: 0.7]
      [Code Root Scanning (ms): Min: 0.0, Avg: 0.0, Max: 0.0, Diff: 0.0, Sum: 0.0]
      [Object Copy (ms): Min: 10.8, Avg: 10.9, Max: 11.2, Diff: 0.3, Sum: 87.3]
      [Termination (ms): Min: 0.0, Avg: 0.3, Max: 0.3, Diff: 0.3, Sum: 2.2]
         [Termination Attempts: Min: 1, Avg: 1.0, Max: 1, Diff: 0, Sum: 8]
      [GC Worker Other (ms): Min: 0.0, Avg: 0.0, Max: 0.0, Diff: 0.0, Sum: 0.1]
      [GC Worker Total (ms): Min: 11.4, Avg: 11.5, Max: 11.7, Diff: 0.3, Sum: 92.3]
      [GC Worker End (ms): Min: 7515.6, Avg: 7515.6, Max: 7515.6, Diff: 0.0]
   [Code Root Fixup: 0.0 ms]
   [Code Root Purge: 0.0 ms]
   [Clear CT: 1.2 ms]
   [Other: 1.9 ms]
      [Choose CSet: 0.1 ms]
      [Ref Proc: 0.4 ms]
      [Ref Enq: 0.0 ms]
      [Redirty Cards: 0.9 ms]
      [Humongous Register: 0.1 ms]
      [Humongous Reclaim: 0.0 ms]
      [Free CSet: 0.3 ms]
   [Eden: 6144.0K(6144.0K)->0.0B(101376.0K) Survivors: 115.0M->3072.0K Heap: 857.9M(2048.0M)->660.8M(2048.0M)]
 [Times: user=0.10 sys=0.00, real=0.02 secs] 
2021-01-22T00:58:34.498+0800: 7.534: [GC pause (G1 Evacuation Pause) (mixed), 0.0078603 secs]
   [Parallel Time: 4.9 ms, GC Workers: 8]
      [GC Worker Start (ms): Min: 7534.6, Avg: 7534.7, Max: 7534.9, Diff: 0.3]
      [Ext Root Scanning (ms): Min: 0.0, Avg: 0.1, Max: 0.2, Diff: 0.2, Sum: 0.5]
      [Update RS (ms): Min: 1.6, Avg: 1.7, Max: 1.7, Diff: 0.1, Sum: 13.5]
         [Processed Buffers: Min: 23, Avg: 24.5, Max: 26, Diff: 3, Sum: 196]
      [Scan RS (ms): Min: 0.0, Avg: 0.0, Max: 0.0, Diff: 0.0, Sum: 0.1]
      [Code Root Scanning (ms): Min: 0.0, Avg: 0.0, Max: 0.0, Diff: 0.0, Sum: 0.0]
      [Object Copy (ms): Min: 2.6, Avg: 2.6, Max: 2.6, Diff: 0.1, Sum: 20.8]
      [Termination (ms): Min: 0.0, Avg: 0.0, Max: 0.1, Diff: 0.1, Sum: 0.4]
         [Termination Attempts: Min: 1, Avg: 1.2, Max: 2, Diff: 1, Sum: 10]
      [GC Worker Other (ms): Min: 0.0, Avg: 0.0, Max: 0.0, Diff: 0.0, Sum: 0.1]
      [GC Worker Total (ms): Min: 4.3, Avg: 4.4, Max: 4.6, Diff: 0.3, Sum: 35.4]
      [GC Worker End (ms): Min: 7539.2, Avg: 7539.2, Max: 7539.2, Diff: 0.0]
   [Code Root Fixup: 0.0 ms]
   [Code Root Purge: 0.0 ms]
   [Clear CT: 0.9 ms]
   [Other: 2.1 ms]
      [Choose CSet: 0.0 ms]
      [Ref Proc: 0.8 ms]
      [Ref Enq: 0.0 ms]
      [Redirty Cards: 0.9 ms]
      [Humongous Register: 0.1 ms]
      [Humongous Reclaim: 0.1 ms]
      [Free CSet: 0.1 ms]
   [Eden: 101376.0K(101376.0K)->0.0B(919.0M) Survivors: 3072.0K->13312.0K Heap: 783.2M(2048.0M)->681.7M(2048.0M)]
 [Times: user=0.04 sys=0.00, real=0.00 secs] 
2021-01-22T00:58:34.584+0800: 7.620: [GC pause (G1 Humongous Allocation) (young) (initial-mark), 0.0255179 secs]
   [Parallel Time: 21.2 ms, GC Workers: 8]
      [GC Worker Start (ms): Min: 7620.7, Avg: 7621.0, Max: 7621.2, Diff: 0.5]
      [Ext Root Scanning (ms): Min: 0.0, Avg: 0.4, Max: 0.7, Diff: 0.7, Sum: 3.5]
      [Update RS (ms): Min: 8.1, Avg: 8.3, Max: 8.5, Diff: 0.3, Sum: 66.1]
         [Processed Buffers: Min: 119, Avg: 125.4, Max: 134, Diff: 15, Sum: 1003]
      [Scan RS (ms): Min: 0.0, Avg: 0.1, Max: 0.1, Diff: 0.0, Sum: 0.5]
      [Code Root Scanning (ms): Min: 0.0, Avg: 0.0, Max: 0.0, Diff: 0.0, Sum: 0.0]
      [Object Copy (ms): Min: 11.6, Avg: 11.8, Max: 12.0, Diff: 0.3, Sum: 94.1]
      [Termination (ms): Min: 0.0, Avg: 0.2, Max: 0.3, Diff: 0.3, Sum: 1.7]
         [Termination Attempts: Min: 1, Avg: 1.1, Max: 2, Diff: 1, Sum: 9]
      [GC Worker Other (ms): Min: 0.0, Avg: 0.0, Max: 0.0, Diff: 0.0, Sum: 0.1]
      [GC Worker Total (ms): Min: 20.5, Avg: 20.8, Max: 21.0, Diff: 0.5, Sum: 166.0]
      [GC Worker End (ms): Min: 7641.7, Avg: 7641.7, Max: 7641.7, Diff: 0.0]
   [Code Root Fixup: 0.0 ms]
   [Code Root Purge: 0.0 ms]
   [Clear CT: 1.1 ms]
   [Other: 3.2 ms]
      [Choose CSet: 0.0 ms]
      [Ref Proc: 0.9 ms]
      [Ref Enq: 0.0 ms]
      [Redirty Cards: 1.6 ms]
      [Humongous Register: 0.1 ms]
      [Humongous Reclaim: 0.2 ms]
      [Free CSet: 0.2 ms]
   [Eden: 551.0M(919.0M)->0.0B(809.0M) Survivors: 13312.0K->117.0M Heap: 1356.5M(2048.0M)->807.1M(2048.0M)]
 [Times: user=0.17 sys=0.00, real=0.03 secs] 
2021-01-22T00:58:34.611+0800: 7.647: [GC concurrent-root-region-scan-start]
2021-01-22T00:58:34.611+0800: 7.647: [GC concurrent-root-region-scan-end, 0.0003677 secs]
2021-01-22T00:58:34.611+0800: 7.647: [GC concurrent-mark-start]
2021-01-22T00:58:34.614+0800: 7.650: [GC concurrent-mark-end, 0.0027143 secs]
2021-01-22T00:58:34.614+0800: 7.650: [GC remark 2021-01-22T00:58:34.615+0800: 7.651: [Finalize Marking, 0.0015962 secs] 2021-01-22T00:58:34.617+0800: 7.653: [GC ref-proc, 0.0005897 secs] 2021-01-22T00:58:34.618+0800: 7.654: [Unloading, 0.0015163 secs], 0.0066640 secs]
 [Times: user=0.01 sys=0.00, real=0.01 secs] 
2021-01-22T00:58:34.622+0800: 7.658: [GC cleanup 840M->677M(2048M), 0.0033867 secs]
 [Times: user=0.01 sys=0.00, real=0.00 secs] 
2021-01-22T00:58:34.626+0800: 7.662: [GC concurrent-cleanup-start]
2021-01-22T00:58:34.626+0800: 7.662: [GC concurrent-cleanup-end, 0.0001059 secs]
2021-01-22T00:58:34.737+0800: 7.773: [GC pause (G1 Evacuation Pause) (young) (to-space exhausted), 0.0372071 secs]
   [Parallel Time: 32.5 ms, GC Workers: 8]
      [GC Worker Start (ms): Min: 7773.4, Avg: 7773.6, Max: 7773.7, Diff: 0.3]
      [Ext Root Scanning (ms): Min: 0.0, Avg: 0.1, Max: 0.2, Diff: 0.2, Sum: 0.4]
      [Update RS (ms): Min: 14.2, Avg: 14.3, Max: 14.4, Diff: 0.2, Sum: 114.5]
         [Processed Buffers: Min: 207, Avg: 216.0, Max: 224, Diff: 17, Sum: 1728]
      [Scan RS (ms): Min: 0.1, Avg: 0.1, Max: 0.2, Diff: 0.0, Sum: 1.0]
      [Code Root Scanning (ms): Min: 0.0, Avg: 0.0, Max: 0.0, Diff: 0.0, Sum: 0.0]
      [Object Copy (ms): Min: 17.2, Avg: 17.2, Max: 17.3, Diff: 0.0, Sum: 138.0]
      [Termination (ms): Min: 0.0, Avg: 0.0, Max: 0.0, Diff: 0.0, Sum: 0.1]
         [Termination Attempts: Min: 1, Avg: 1.0, Max: 1, Diff: 0, Sum: 8]
      [GC Worker Other (ms): Min: 0.0, Avg: 0.2, Max: 0.3, Diff: 0.3, Sum: 1.2]
      [GC Worker Total (ms): Min: 31.7, Avg: 31.9, Max: 32.3, Diff: 0.6, Sum: 255.4]
      [GC Worker End (ms): Min: 7805.3, Avg: 7805.5, Max: 7805.7, Diff: 0.3]
   [Code Root Fixup: 0.0 ms]
   [Code Root Purge: 0.0 ms]
   [Clear CT: 0.9 ms]
   [Other: 3.7 ms]
      [Evacuation Failure: 1.0 ms]
      [Choose CSet: 0.0 ms]
      [Ref Proc: 0.9 ms]
      [Ref Enq: 0.0 ms]
      [Redirty Cards: 1.1 ms]
      [Humongous Register: 0.2 ms]
      [Humongous Reclaim: 0.2 ms]
      [Free CSet: 0.3 ms]
   [Eden: 809.0M(809.0M)->0.0B(7168.0K) Survivors: 117.0M->116.0M Heap: 1667.8M(2048.0M)->773.6M(2048.0M)]
 [Times: user=0.27 sys=0.00, real=0.04 secs] 
2021-01-22T00:58:34.776+0800: 7.812: [GC pause (G1 Evacuation Pause) (mixed), 0.0153364 secs]
   [Parallel Time: 12.0 ms, GC Workers: 8]
      [GC Worker Start (ms): Min: 7812.3, Avg: 7812.5, Max: 7812.7, Diff: 0.3]
      [Ext Root Scanning (ms): Min: 0.0, Avg: 0.1, Max: 0.2, Diff: 0.2, Sum: 0.6]
      [Update RS (ms): Min: 0.2, Avg: 0.2, Max: 0.3, Diff: 0.1, Sum: 1.9]
         [Processed Buffers: Min: 3, Avg: 4.5, Max: 6, Diff: 3, Sum: 36]
      [Scan RS (ms): Min: 0.0, Avg: 0.1, Max: 0.1, Diff: 0.1, Sum: 0.5]
      [Code Root Scanning (ms): Min: 0.0, Avg: 0.0, Max: 0.0, Diff: 0.0, Sum: 0.0]
      [Object Copy (ms): Min: 10.8, Avg: 10.8, Max: 10.8, Diff: 0.1, Sum: 86.6]
      [Termination (ms): Min: 0.0, Avg: 0.0, Max: 0.0, Diff: 0.0, Sum: 0.0]
         [Termination Attempts: Min: 1, Avg: 1.5, Max: 2, Diff: 1, Sum: 12]
      [GC Worker Other (ms): Min: 0.0, Avg: 0.0, Max: 0.2, Diff: 0.2, Sum: 0.4]
      [GC Worker Total (ms): Min: 11.1, Avg: 11.2, Max: 11.5, Diff: 0.4, Sum: 89.9]
      [GC Worker End (ms): Min: 7823.7, Avg: 7823.8, Max: 7823.9, Diff: 0.2]
   [Code Root Fixup: 0.0 ms]
   [Code Root Purge: 0.0 ms]
   [Clear CT: 1.0 ms]
   [Other: 2.3 ms]
      [Choose CSet: 0.1 ms]
      [Ref Proc: 0.8 ms]
      [Ref Enq: 0.0 ms]
      [Redirty Cards: 1.0 ms]
      [Humongous Register: 0.1 ms]
      [Humongous Reclaim: 0.0 ms]
      [Free CSet: 0.2 ms]
   [Eden: 7168.0K(7168.0K)->0.0B(995.0M) Survivors: 116.0M->2048.0K Heap: 783.2M(2048.0M)->587.5M(2048.0M)]
 [Times: user=0.10 sys=0.00, real=0.02 secs] 
2021-01-22T00:58:34.893+0800: 7.929: [GC pause (G1 Humongous Allocation) (young) (initial-mark), 0.0314464 secs]
   [Parallel Time: 27.8 ms, GC Workers: 8]
      [GC Worker Start (ms): Min: 7929.0, Avg: 7929.1, Max: 7929.3, Diff: 0.4]
      [Ext Root Scanning (ms): Min: 0.0, Avg: 0.4, Max: 1.0, Diff: 1.0, Sum: 3.5]
      [Update RS (ms): Min: 11.8, Avg: 12.6, Max: 13.1, Diff: 1.3, Sum: 100.4]
         [Processed Buffers: Min: 129, Avg: 177.4, Max: 197, Diff: 68, Sum: 1419]
      [Scan RS (ms): Min: 0.1, Avg: 0.1, Max: 0.1, Diff: 0.0, Sum: 0.7]
      [Code Root Scanning (ms): Min: 0.0, Avg: 0.0, Max: 0.0, Diff: 0.0, Sum: 0.0]
      [Object Copy (ms): Min: 13.7, Avg: 14.0, Max: 14.1, Diff: 0.4, Sum: 112.3]
      [Termination (ms): Min: 0.0, Avg: 0.1, Max: 0.1, Diff: 0.1, Sum: 0.5]
         [Termination Attempts: Min: 1, Avg: 1.0, Max: 1, Diff: 0, Sum: 8]
      [GC Worker Other (ms): Min: 0.0, Avg: 0.1, Max: 0.2, Diff: 0.2, Sum: 0.5]
      [GC Worker Total (ms): Min: 27.0, Avg: 27.2, Max: 27.4, Diff: 0.4, Sum: 217.9]
      [GC Worker End (ms): Min: 7956.3, Avg: 7956.4, Max: 7956.5, Diff: 0.2]
   [Code Root Fixup: 0.0 ms]
   [Code Root Purge: 0.0 ms]
   [Clear CT: 0.8 ms]
   [Other: 2.9 ms]
      [Choose CSet: 0.0 ms]
      [Ref Proc: 0.7 ms]
      [Ref Enq: 0.0 ms]
      [Redirty Cards: 1.0 ms]
      [Humongous Register: 0.2 ms]
      [Humongous Reclaim: 0.4 ms]
      [Free CSet: 0.4 ms]
   [Eden: 707.0M(995.0M)->0.0B(848.0M) Survivors: 2048.0K->125.0M Heap: 1470.1M(2048.0M)->747.6M(2048.0M)]
 [Times: user=0.22 sys=0.00, real=0.03 secs] 
2021-01-22T00:58:34.925+0800: 7.961: [GC concurrent-root-region-scan-start]
2021-01-22T00:58:34.925+0800: 7.961: [GC concurrent-root-region-scan-end, 0.0001986 secs]
2021-01-22T00:58:34.925+0800: 7.961: [GC concurrent-mark-start]
2021-01-22T00:58:34.927+0800: 7.963: [GC concurrent-mark-end, 0.0022850 secs]
2021-01-22T00:58:34.927+0800: 7.963: [GC remark 2021-01-22T00:58:34.928+0800: 7.964: [Finalize Marking, 0.0009186 secs] 2021-01-22T00:58:34.929+0800: 7.965: [GC ref-proc, 0.0005722 secs] 2021-01-22T00:58:34.930+0800: 7.966: [Unloading, 0.0014948 secs], 0.0052672 secs]
 [Times: user=0.01 sys=0.00, real=0.01 secs] 
2021-01-22T00:58:34.934+0800: 7.970: [GC cleanup 769M->634M(2048M), 0.0030769 secs]
 [Times: user=0.01 sys=0.00, real=0.00 secs] 
2021-01-22T00:58:34.937+0800: 7.973: [GC concurrent-cleanup-start]
2021-01-22T00:58:34.938+0800: 7.973: [GC concurrent-cleanup-end, 0.0001041 secs]
2021-01-22T00:58:35.056+0800: 8.092: [GC pause (G1 Evacuation Pause) (young), 0.0363174 secs]
   [Parallel Time: 32.4 ms, GC Workers: 8]
      [GC Worker Start (ms): Min: 8092.6, Avg: 8092.8, Max: 8092.9, Diff: 0.3]
      [Ext Root Scanning (ms): Min: 0.0, Avg: 0.1, Max: 0.2, Diff: 0.2, Sum: 0.5]
      [Update RS (ms): Min: 13.1, Avg: 13.2, Max: 13.3, Diff: 0.1, Sum: 106.0]
         [Processed Buffers: Min: 186, Avg: 198.4, Max: 206, Diff: 20, Sum: 1587]
      [Scan RS (ms): Min: 0.1, Avg: 0.1, Max: 0.2, Diff: 0.1, Sum: 1.1]
      [Code Root Scanning (ms): Min: 0.0, Avg: 0.0, Max: 0.0, Diff: 0.0, Sum: 0.0]
      [Object Copy (ms): Min: 18.0, Avg: 18.0, Max: 18.1, Diff: 0.1, Sum: 144.3]
      [Termination (ms): Min: 0.0, Avg: 0.1, Max: 0.1, Diff: 0.1, Sum: 0.5]
         [Termination Attempts: Min: 1, Avg: 1.0, Max: 1, Diff: 0, Sum: 8]
      [GC Worker Other (ms): Min: 0.0, Avg: 0.0, Max: 0.1, Diff: 0.1, Sum: 0.2]
      [GC Worker Total (ms): Min: 31.4, Avg: 31.6, Max: 31.7, Diff: 0.3, Sum: 252.6]
      [GC Worker End (ms): Min: 8124.3, Avg: 8124.3, Max: 8124.4, Diff: 0.1]
   [Code Root Fixup: 0.0 ms]
   [Code Root Purge: 0.0 ms]
   [Clear CT: 0.9 ms]
   [Other: 3.1 ms]
      [Choose CSet: 0.0 ms]
      [Ref Proc: 0.9 ms]
      [Ref Enq: 0.0 ms]
      [Redirty Cards: 1.2 ms]
      [Humongous Register: 0.2 ms]
      [Humongous Reclaim: 0.3 ms]
      [Free CSet: 0.3 ms]
   [Eden: 848.0M(848.0M)->0.0B(7168.0K) Survivors: 125.0M->122.0M Heap: 1657.8M(2048.0M)->708.9M(2048.0M)]
 [Times: user=0.27 sys=0.00, real=0.04 secs] 
2021-01-22T00:58:35.094+0800: 8.130: [GC pause (G1 Evacuation Pause) (mixed), 0.0158071 secs]
   [Parallel Time: 12.3 ms, GC Workers: 8]
      [GC Worker Start (ms): Min: 8130.7, Avg: 8130.8, Max: 8131.0, Diff: 0.3]
      [Ext Root Scanning (ms): Min: 0.0, Avg: 0.1, Max: 0.2, Diff: 0.2, Sum: 0.5]
      [Update RS (ms): Min: 0.1, Avg: 0.2, Max: 0.3, Diff: 0.1, Sum: 1.7]
         [Processed Buffers: Min: 2, Avg: 3.6, Max: 5, Diff: 3, Sum: 29]
      [Scan RS (ms): Min: 0.0, Avg: 0.1, Max: 0.1, Diff: 0.0, Sum: 0.5]
      [Code Root Scanning (ms): Min: 0.0, Avg: 0.0, Max: 0.0, Diff: 0.0, Sum: 0.0]
      [Object Copy (ms): Min: 11.1, Avg: 11.1, Max: 11.2, Diff: 0.1, Sum: 89.1]
      [Termination (ms): Min: 0.0, Avg: 0.1, Max: 0.1, Diff: 0.1, Sum: 0.5]
         [Termination Attempts: Min: 1, Avg: 1.0, Max: 1, Diff: 0, Sum: 8]
      [GC Worker Other (ms): Min: 0.0, Avg: 0.0, Max: 0.0, Diff: 0.0, Sum: 0.1]
      [GC Worker Total (ms): Min: 11.4, Avg: 11.5, Max: 11.7, Diff: 0.3, Sum: 92.2]
      [GC Worker End (ms): Min: 8142.3, Avg: 8142.3, Max: 8142.4, Diff: 0.0]
   [Code Root Fixup: 0.0 ms]
   [Code Root Purge: 0.0 ms]
   [Clear CT: 0.9 ms]
   [Other: 2.6 ms]
      [Choose CSet: 0.1 ms]
      [Ref Proc: 1.0 ms]
      [Ref Enq: 0.0 ms]
      [Redirty Cards: 1.0 ms]
      [Humongous Register: 0.1 ms]
      [Humongous Reclaim: 0.0 ms]
      [Free CSet: 0.2 ms]
   [Eden: 7168.0K(7168.0K)->0.0B(1014.0M) Survivors: 122.0M->3072.0K Heap: 718.3M(2048.0M)->567.7M(2048.0M)]
 [Times: user=0.10 sys=0.00, real=0.02 secs] 
2021-01-22T00:58:35.218+0800: 8.254: [GC pause (G1 Humongous Allocation) (young) (initial-mark), 0.0332681 secs]
   [Parallel Time: 29.0 ms, GC Workers: 8]
      [GC Worker Start (ms): Min: 8254.6, Avg: 8254.8, Max: 8255.0, Diff: 0.4]
      [Ext Root Scanning (ms): Min: 0.0, Avg: 0.4, Max: 0.6, Diff: 0.6, Sum: 3.4]
      [Update RS (ms): Min: 13.1, Avg: 13.2, Max: 13.5, Diff: 0.3, Sum: 105.9]
         [Processed Buffers: Min: 170, Avg: 195.0, Max: 202, Diff: 32, Sum: 1560]
      [Scan RS (ms): Min: 0.1, Avg: 0.1, Max: 0.1, Diff: 0.0, Sum: 0.8]
      [Code Root Scanning (ms): Min: 0.0, Avg: 0.0, Max: 0.0, Diff: 0.0, Sum: 0.0]
      [Object Copy (ms): Min: 13.9, Avg: 13.9, Max: 13.9, Diff: 0.1, Sum: 111.3]
      [Termination (ms): Min: 0.0, Avg: 0.0, Max: 0.1, Diff: 0.1, Sum: 0.3]
         [Termination Attempts: Min: 1, Avg: 1.0, Max: 1, Diff: 0, Sum: 8]
      [GC Worker Other (ms): Min: 0.0, Avg: 0.2, Max: 0.4, Diff: 0.4, Sum: 1.3]
      [GC Worker Total (ms): Min: 27.6, Avg: 27.9, Max: 28.2, Diff: 0.6, Sum: 223.1]
      [GC Worker End (ms): Min: 8282.5, Avg: 8282.7, Max: 8282.9, Diff: 0.4]
   [Code Root Fixup: 0.0 ms]
   [Code Root Purge: 0.0 ms]
   [Clear CT: 1.1 ms]
   [Other: 3.2 ms]
      [Choose CSet: 0.0 ms]
      [Ref Proc: 1.0 ms]
      [Ref Enq: 0.0 ms]
      [Redirty Cards: 1.4 ms]
      [Humongous Register: 0.1 ms]
      [Humongous Reclaim: 0.2 ms]
      [Free CSet: 0.3 ms]
   [Eden: 766.0M(1014.0M)->0.0B(844.0M) Survivors: 3072.0K->128.0M Heap: 1527.1M(2048.0M)->735.5M(2048.0M)]
 [Times: user=0.23 sys=0.00, real=0.03 secs] 
2021-01-22T00:58:35.253+0800: 8.289: [GC concurrent-root-region-scan-start]
2021-01-22T00:58:35.253+0800: 8.289: [GC concurrent-root-region-scan-end, 0.0003779 secs]
2021-01-22T00:58:35.253+0800: 8.289: [GC concurrent-mark-start]
2021-01-22T00:58:35.255+0800: 8.291: [GC concurrent-mark-end, 0.0024426 secs]
2021-01-22T00:58:35.256+0800: 8.292: [GC remark 2021-01-22T00:58:35.256+0800: 8.292: [Finalize Marking, 0.0010728 secs] 2021-01-22T00:58:35.258+0800: 8.294: [GC ref-proc, 0.0005224 secs] 2021-01-22T00:58:35.259+0800: 8.295: [Unloading, 0.0010220 secs], 0.0054414 secs]
 [Times: user=0.01 sys=0.01, real=0.01 secs] 
2021-01-22T00:58:35.262+0800: 8.298: [GC cleanup 763M->625M(2048M), 0.0039949 secs]
 [Times: user=0.01 sys=0.00, real=0.00 secs] 
2021-01-22T00:58:35.267+0800: 8.303: [GC concurrent-cleanup-start]
2021-01-22T00:58:35.267+0800: 8.303: [GC concurrent-cleanup-end, 0.0001002 secs]
2021-01-22T00:58:35.385+0800: 8.421: [GC pause (G1 Evacuation Pause) (young), 0.0365817 secs]
   [Parallel Time: 32.1 ms, GC Workers: 8]
      [GC Worker Start (ms): Min: 8420.9, Avg: 8421.1, Max: 8421.3, Diff: 0.4]
      [Ext Root Scanning (ms): Min: 0.0, Avg: 0.1, Max: 0.2, Diff: 0.2, Sum: 0.5]
      [Update RS (ms): Min: 13.2, Avg: 13.3, Max: 13.4, Diff: 0.2, Sum: 106.4]
         [Processed Buffers: Min: 195, Avg: 199.0, Max: 204, Diff: 9, Sum: 1592]
      [Scan RS (ms): Min: 0.1, Avg: 0.1, Max: 0.2, Diff: 0.1, Sum: 1.1]
      [Code Root Scanning (ms): Min: 0.0, Avg: 0.0, Max: 0.0, Diff: 0.0, Sum: 0.0]
      [Object Copy (ms): Min: 17.7, Avg: 17.8, Max: 17.8, Diff: 0.1, Sum: 142.2]
      [Termination (ms): Min: 0.0, Avg: 0.0, Max: 0.1, Diff: 0.1, Sum: 0.3]
         [Termination Attempts: Min: 1, Avg: 1.0, Max: 1, Diff: 0, Sum: 8]
      [GC Worker Other (ms): Min: 0.0, Avg: 0.0, Max: 0.1, Diff: 0.1, Sum: 0.3]
      [GC Worker Total (ms): Min: 31.2, Avg: 31.3, Max: 31.5, Diff: 0.4, Sum: 250.7]
      [GC Worker End (ms): Min: 8452.5, Avg: 8452.5, Max: 8452.6, Diff: 0.1]
   [Code Root Fixup: 0.0 ms]
   [Code Root Purge: 0.0 ms]
   [Clear CT: 1.0 ms]
   [Other: 3.4 ms]
      [Choose CSet: 0.0 ms]
      [Ref Proc: 1.0 ms]
      [Ref Enq: 0.0 ms]
      [Redirty Cards: 1.5 ms]
      [Humongous Register: 0.1 ms]
      [Humongous Reclaim: 0.3 ms]
      [Free CSet: 0.3 ms]
   [Eden: 844.0M(844.0M)->0.0B(7168.0K) Survivors: 128.0M->122.0M Heap: 1639.3M(2048.0M)->701.7M(2048.0M)]
 [Times: user=0.25 sys=0.01, real=0.04 secs] 
2021-01-22T00:58:35.423+0800: 8.459: [GC pause (G1 Evacuation Pause) (mixed), 0.0152277 secs]
   [Parallel Time: 12.1 ms, GC Workers: 8]
      [GC Worker Start (ms): Min: 8459.3, Avg: 8459.5, Max: 8459.6, Diff: 0.3]
      [Ext Root Scanning (ms): Min: 0.0, Avg: 0.1, Max: 0.2, Diff: 0.2, Sum: 0.5]
      [Update RS (ms): Min: 0.1, Avg: 0.1, Max: 0.1, Diff: 0.1, Sum: 0.8]
         [Processed Buffers: Min: 1, Avg: 1.9, Max: 3, Diff: 2, Sum: 15]
      [Scan RS (ms): Min: 0.0, Avg: 0.1, Max: 0.1, Diff: 0.1, Sum: 0.5]
      [Code Root Scanning (ms): Min: 0.0, Avg: 0.0, Max: 0.0, Diff: 0.0, Sum: 0.0]
      [Object Copy (ms): Min: 11.1, Avg: 11.1, Max: 11.2, Diff: 0.1, Sum: 89.0]
      [Termination (ms): Min: 0.0, Avg: 0.0, Max: 0.1, Diff: 0.1, Sum: 0.3]
         [Termination Attempts: Min: 1, Avg: 1.0, Max: 1, Diff: 0, Sum: 8]
      [GC Worker Other (ms): Min: 0.0, Avg: 0.0, Max: 0.0, Diff: 0.0, Sum: 0.1]
      [GC Worker Total (ms): Min: 11.3, Avg: 11.4, Max: 11.6, Diff: 0.3, Sum: 91.3]
      [GC Worker End (ms): Min: 8470.9, Avg: 8470.9, Max: 8470.9, Diff: 0.0]
   [Code Root Fixup: 0.0 ms]
   [Code Root Purge: 0.0 ms]
   [Clear CT: 0.9 ms]
   [Other: 2.2 ms]
      [Choose CSet: 0.0 ms]
      [Ref Proc: 0.8 ms]
      [Ref Enq: 0.0 ms]
      [Redirty Cards: 0.9 ms]
      [Humongous Register: 0.2 ms]
      [Humongous Reclaim: 0.0 ms]
      [Free CSet: 0.2 ms]
   [Eden: 7168.0K(7168.0K)->0.0B(991.0M) Survivors: 122.0M->3072.0K Heap: 709.4M(2048.0M)->564.9M(2048.0M)]
 [Times: user=0.10 sys=0.00, real=0.02 secs] 
2021-01-22T00:58:35.532+0800: 8.568: [GC pause (G1 Humongous Allocation) (young) (initial-mark), 0.0384793 secs]
   [Parallel Time: 34.6 ms, GC Workers: 8]
      [GC Worker Start (ms): Min: 8568.1, Avg: 8568.3, Max: 8568.5, Diff: 0.3]
      [Ext Root Scanning (ms): Min: 0.0, Avg: 0.4, Max: 0.5, Diff: 0.5, Sum: 3.1]
      [Update RS (ms): Min: 12.1, Avg: 12.2, Max: 12.5, Diff: 0.4, Sum: 97.8]
         [Processed Buffers: Min: 184, Avg: 187.0, Max: 191, Diff: 7, Sum: 1496]
      [Scan RS (ms): Min: 0.1, Avg: 0.1, Max: 0.1, Diff: 0.0, Sum: 0.6]
      [Code Root Scanning (ms): Min: 0.0, Avg: 0.0, Max: 0.0, Diff: 0.0, Sum: 0.0]
      [Object Copy (ms): Min: 13.5, Avg: 14.4, Max: 21.1, Diff: 7.7, Sum: 115.5]
      [Termination (ms): Min: 0.0, Avg: 6.7, Max: 7.7, Diff: 7.7, Sum: 53.5]
         [Termination Attempts: Min: 1, Avg: 1.0, Max: 1, Diff: 0, Sum: 8]
      [GC Worker Other (ms): Min: 0.0, Avg: 0.0, Max: 0.0, Diff: 0.0, Sum: 0.1]
      [GC Worker Total (ms): Min: 33.7, Avg: 33.8, Max: 34.0, Diff: 0.3, Sum: 270.6]
      [GC Worker End (ms): Min: 8602.1, Avg: 8602.1, Max: 8602.2, Diff: 0.0]
   [Code Root Fixup: 0.0 ms]
   [Code Root Purge: 0.0 ms]
   [Clear CT: 1.1 ms]
   [Other: 2.8 ms]
      [Choose CSet: 0.0 ms]
      [Ref Proc: 0.7 ms]
      [Ref Enq: 0.0 ms]
      [Redirty Cards: 1.3 ms]
      [Humongous Register: 0.1 ms]
      [Humongous Reclaim: 0.2 ms]
      [Free CSet: 0.3 ms]
   [Eden: 682.0M(991.0M)->0.0B(833.0M) Survivors: 3072.0K->125.0M Heap: 1432.2M(2048.0M)->732.2M(2048.0M)]
 [Times: user=0.25 sys=0.01, real=0.04 secs] 
2021-01-22T00:58:35.571+0800: 8.607: [GC concurrent-root-region-scan-start]
2021-01-22T00:58:35.572+0800: 8.608: [GC concurrent-root-region-scan-end, 0.0003675 secs]
2021-01-22T00:58:35.572+0800: 8.608: [GC concurrent-mark-start]
2021-01-22T00:58:35.575+0800: 8.611: [GC concurrent-mark-end, 0.0030987 secs]
2021-01-22T00:58:35.575+0800: 8.611: [GC remark 2021-01-22T00:58:35.575+0800: 8.611: [Finalize Marking, 0.0011859 secs] 2021-01-22T00:58:35.577+0800: 8.613: [GC ref-proc, 0.0005532 secs] 2021-01-22T00:58:35.578+0800: 8.614: [Unloading, 0.0015500 secs], 0.0058649 secs]
 [Times: user=0.00 sys=0.01, real=0.01 secs] 
2021-01-22T00:58:35.582+0800: 8.618: [GC cleanup 760M->624M(2048M), 0.0031305 secs]
 [Times: user=0.00 sys=0.01, real=0.00 secs] 
2021-01-22T00:58:35.586+0800: 8.622: [GC concurrent-cleanup-start]
2021-01-22T00:58:35.586+0800: 8.622: [GC concurrent-cleanup-end, 0.0000905 secs]
2021-01-22T00:58:35.696+0800: 8.732: [GC pause (G1 Evacuation Pause) (young) (to-space exhausted), 0.0387527 secs]
   [Parallel Time: 32.7 ms, GC Workers: 8]
      [GC Worker Start (ms): Min: 8732.7, Avg: 8732.9, Max: 8733.0, Diff: 0.3]
      [Ext Root Scanning (ms): Min: 0.0, Avg: 0.1, Max: 0.2, Diff: 0.2, Sum: 0.5]
      [Update RS (ms): Min: 14.5, Avg: 14.5, Max: 14.6, Diff: 0.1, Sum: 116.3]
         [Processed Buffers: Min: 213, Avg: 218.8, Max: 226, Diff: 13, Sum: 1750]
      [Scan RS (ms): Min: 0.1, Avg: 0.1, Max: 0.2, Diff: 0.1, Sum: 1.1]
      [Code Root Scanning (ms): Min: 0.0, Avg: 0.0, Max: 0.0, Diff: 0.0, Sum: 0.0]
      [Object Copy (ms): Min: 16.9, Avg: 17.0, Max: 17.1, Diff: 0.2, Sum: 136.3]
      [Termination (ms): Min: 0.0, Avg: 0.1, Max: 0.3, Diff: 0.3, Sum: 1.0]
         [Termination Attempts: Min: 1, Avg: 1.0, Max: 1, Diff: 0, Sum: 8]
      [GC Worker Other (ms): Min: 0.0, Avg: 0.0, Max: 0.1, Diff: 0.1, Sum: 0.2]
      [GC Worker Total (ms): Min: 31.8, Avg: 31.9, Max: 32.1, Diff: 0.3, Sum: 255.4]
      [GC Worker End (ms): Min: 8764.8, Avg: 8764.8, Max: 8764.8, Diff: 0.1]
   [Code Root Fixup: 0.0 ms]
   [Code Root Purge: 0.0 ms]
   [Clear CT: 0.8 ms]
   [Other: 5.2 ms]
      [Evacuation Failure: 0.8 ms]
      [Choose CSet: 0.0 ms]
      [Ref Proc: 2.4 ms]
      [Ref Enq: 0.0 ms]
      [Redirty Cards: 1.1 ms]
      [Humongous Register: 0.2 ms]
      [Humongous Reclaim: 0.3 ms]
      [Free CSet: 0.3 ms]
   [Eden: 833.0M(833.0M)->0.0B(7168.0K) Survivors: 125.0M->120.0M Heap: 1646.6M(2048.0M)->795.9M(2048.0M)]
 [Times: user=0.27 sys=0.00, real=0.04 secs] 
2021-01-22T00:58:35.737+0800: 8.773: [GC pause (G1 Evacuation Pause) (mixed), 0.0147822 secs]
   [Parallel Time: 11.9 ms, GC Workers: 8]
      [GC Worker Start (ms): Min: 8773.2, Avg: 8773.4, Max: 8773.5, Diff: 0.3]
      [Ext Root Scanning (ms): Min: 0.0, Avg: 0.1, Max: 0.2, Diff: 0.2, Sum: 0.6]
      [Update RS (ms): Min: 0.1, Avg: 0.2, Max: 0.2, Diff: 0.1, Sum: 1.5]
         [Processed Buffers: Min: 2, Avg: 3.6, Max: 5, Diff: 3, Sum: 29]
      [Scan RS (ms): Min: 0.0, Avg: 0.0, Max: 0.1, Diff: 0.0, Sum: 0.3]
      [Code Root Scanning (ms): Min: 0.0, Avg: 0.0, Max: 0.0, Diff: 0.0, Sum: 0.0]
      [Object Copy (ms): Min: 10.7, Avg: 10.7, Max: 10.7, Diff: 0.1, Sum: 85.7]
      [Termination (ms): Min: 0.0, Avg: 0.0, Max: 0.1, Diff: 0.1, Sum: 0.2]
         [Termination Attempts: Min: 1, Avg: 1.5, Max: 3, Diff: 2, Sum: 12]
      [GC Worker Other (ms): Min: 0.0, Avg: 0.0, Max: 0.2, Diff: 0.1, Sum: 0.3]
      [GC Worker Total (ms): Min: 10.9, Avg: 11.1, Max: 11.3, Diff: 0.4, Sum: 88.6]
      [GC Worker End (ms): Min: 8784.4, Avg: 8784.4, Max: 8784.5, Diff: 0.1]
   [Code Root Fixup: 0.0 ms]
   [Code Root Purge: 0.0 ms]
   [Clear CT: 0.8 ms]
   [Other: 2.1 ms]
      [Choose CSet: 0.0 ms]
      [Ref Proc: 0.6 ms]
      [Ref Enq: 0.0 ms]
      [Redirty Cards: 1.1 ms]
      [Humongous Register: 0.1 ms]
      [Humongous Reclaim: 0.0 ms]
      [Free CSet: 0.1 ms]
   [Eden: 7168.0K(7168.0K)->0.0B(872.0M) Survivors: 120.0M->4096.0K Heap: 804.7M(2048.0M)->685.3M(2048.0M)]
 [Times: user=0.09 sys=0.00, real=0.02 secs] 
2021-01-22T00:58:35.809+0800: 8.845: [GC pause (G1 Humongous Allocation) (young) (initial-mark), 0.0206347 secs]
   [Parallel Time: 17.2 ms, GC Workers: 8]
      [GC Worker Start (ms): Min: 8845.6, Avg: 8845.7, Max: 8845.9, Diff: 0.3]
      [Ext Root Scanning (ms): Min: 0.0, Avg: 0.3, Max: 0.5, Diff: 0.5, Sum: 2.7]
      [Update RS (ms): Min: 7.3, Avg: 7.4, Max: 7.6, Diff: 0.3, Sum: 59.2]
         [Processed Buffers: Min: 105, Avg: 111.2, Max: 117, Diff: 12, Sum: 890]
      [Scan RS (ms): Min: 0.0, Avg: 0.0, Max: 0.1, Diff: 0.0, Sum: 0.3]
      [Code Root Scanning (ms): Min: 0.0, Avg: 0.0, Max: 0.0, Diff: 0.0, Sum: 0.0]
      [Object Copy (ms): Min: 8.6, Avg: 8.7, Max: 8.7, Diff: 0.1, Sum: 69.3]
      [Termination (ms): Min: 0.0, Avg: 0.1, Max: 0.1, Diff: 0.1, Sum: 0.5]
         [Termination Attempts: Min: 1, Avg: 1.2, Max: 2, Diff: 1, Sum: 10]
      [GC Worker Other (ms): Min: 0.0, Avg: 0.0, Max: 0.0, Diff: 0.0, Sum: 0.1]
      [GC Worker Total (ms): Min: 16.4, Avg: 16.5, Max: 16.7, Diff: 0.3, Sum: 132.3]
      [GC Worker End (ms): Min: 8862.2, Avg: 8862.3, Max: 8862.3, Diff: 0.0]
   [Code Root Fixup: 0.0 ms]
   [Code Root Purge: 0.0 ms]
   [Clear CT: 0.9 ms]
   [Other: 2.5 ms]
      [Choose CSet: 0.0 ms]
      [Ref Proc: 0.4 ms]
      [Ref Enq: 0.0 ms]
      [Redirty Cards: 0.8 ms]
      [Humongous Register: 0.1 ms]
      [Humongous Reclaim: 0.4 ms]
      [Free CSet: 0.4 ms]
   [Eden: 419.0M(872.0M)->0.0B(817.0M) Survivors: 4096.0K->106.0M Heap: 1213.4M(2048.0M)->778.7M(2048.0M)]
 [Times: user=0.13 sys=0.00, real=0.02 secs] 
2021-01-22T00:58:35.831+0800: 8.867: [GC concurrent-root-region-scan-start]
2021-01-22T00:58:35.831+0800: 8.867: [GC concurrent-root-region-scan-end, 0.0002863 secs]
2021-01-22T00:58:35.831+0800: 8.867: [GC concurrent-mark-start]
2021-01-22T00:58:35.834+0800: 8.870: [GC concurrent-mark-end, 0.0026212 secs]
2021-01-22T00:58:35.834+0800: 8.870: [GC remark 2021-01-22T00:58:35.834+0800: 8.870: [Finalize Marking, 0.0013402 secs] 2021-01-22T00:58:35.836+0800: 8.872: [GC ref-proc, 0.0005008 secs] 2021-01-22T00:58:35.837+0800: 8.873: [Unloading, 0.0008509 secs], 0.0051435 secs]
 [Times: user=0.01 sys=0.00, real=0.01 secs] 
2021-01-22T00:58:35.840+0800: 8.876: [GC cleanup 810M->671M(2048M), 0.0034489 secs]
 [Times: user=0.00 sys=0.00, real=0.00 secs] 
2021-01-22T00:58:35.845+0800: 8.881: [GC concurrent-cleanup-start]
2021-01-22T00:58:35.845+0800: 8.881: [GC concurrent-cleanup-end, 0.0000752 secs]
2021-01-22T00:58:35.957+0800: 8.993: [GC pause (G1 Evacuation Pause) (young) (to-space exhausted), 0.0356309 secs]
   [Parallel Time: 31.3 ms, GC Workers: 8]
      [GC Worker Start (ms): Min: 8993.7, Avg: 8993.8, Max: 8994.0, Diff: 0.4]
      [Ext Root Scanning (ms): Min: 0.0, Avg: 0.1, Max: 0.2, Diff: 0.2, Sum: 0.5]
      [Update RS (ms): Min: 14.4, Avg: 14.6, Max: 14.6, Diff: 0.2, Sum: 116.6]
         [Processed Buffers: Min: 210, Avg: 220.2, Max: 226, Diff: 16, Sum: 1762]
      [Scan RS (ms): Min: 0.1, Avg: 0.1, Max: 0.2, Diff: 0.0, Sum: 1.0]
      [Code Root Scanning (ms): Min: 0.0, Avg: 0.0, Max: 0.0, Diff: 0.0, Sum: 0.0]
      [Object Copy (ms): Min: 15.2, Avg: 15.3, Max: 15.4, Diff: 0.1, Sum: 122.4]
      [Termination (ms): Min: 0.0, Avg: 0.1, Max: 0.2, Diff: 0.2, Sum: 0.8]
         [Termination Attempts: Min: 1, Avg: 1.0, Max: 1, Diff: 0, Sum: 8]
      [GC Worker Other (ms): Min: 0.0, Avg: 0.0, Max: 0.0, Diff: 0.0, Sum: 0.2]
      [GC Worker Total (ms): Min: 30.0, Avg: 30.2, Max: 30.3, Diff: 0.3, Sum: 241.6]
      [GC Worker End (ms): Min: 9024.0, Avg: 9024.0, Max: 9024.1, Diff: 0.1]
   [Code Root Fixup: 0.0 ms]
   [Code Root Purge: 0.0 ms]
   [Clear CT: 0.9 ms]
   [Other: 3.5 ms]
      [Evacuation Failure: 0.9 ms]
      [Choose CSet: 0.0 ms]
      [Ref Proc: 0.6 ms]
      [Ref Enq: 0.0 ms]
      [Redirty Cards: 1.1 ms]
      [Humongous Register: 0.2 ms]
      [Humongous Reclaim: 0.3 ms]
      [Free CSet: 0.3 ms]
   [Eden: 817.0M(817.0M)->0.0B(7168.0K) Survivors: 106.0M->116.0M Heap: 1675.9M(2048.0M)->878.0M(2048.0M)]
 [Times: user=0.25 sys=0.00, real=0.04 secs] 
2021-01-22T00:58:35.995+0800: 9.031: [GC pause (G1 Evacuation Pause) (mixed), 0.0182138 secs]
   [Parallel Time: 13.3 ms, GC Workers: 8]
      [GC Worker Start (ms): Min: 9031.2, Avg: 9032.1, Max: 9034.8, Diff: 3.7]
      [Ext Root Scanning (ms): Min: 0.0, Avg: 0.1, Max: 0.4, Diff: 0.4, Sum: 1.0]
      [Update RS (ms): Min: 0.0, Avg: 0.2, Max: 1.0, Diff: 1.0, Sum: 1.9]
         [Processed Buffers: Min: 0, Avg: 2.6, Max: 6, Diff: 6, Sum: 21]
      [Scan RS (ms): Min: 0.0, Avg: 0.1, Max: 0.2, Diff: 0.2, Sum: 0.8]
      [Code Root Scanning (ms): Min: 0.0, Avg: 0.0, Max: 0.0, Diff: 0.0, Sum: 0.1]
      [Object Copy (ms): Min: 7.6, Avg: 10.1, Max: 12.5, Diff: 4.9, Sum: 80.8]
      [Termination (ms): Min: 0.0, Avg: 1.5, Max: 1.8, Diff: 1.8, Sum: 12.0]
         [Termination Attempts: Min: 1, Avg: 1.0, Max: 1, Diff: 0, Sum: 8]
      [GC Worker Other (ms): Min: 0.0, Avg: 0.0, Max: 0.0, Diff: 0.0, Sum: 0.1]
      [GC Worker Total (ms): Min: 9.4, Avg: 12.1, Max: 13.0, Diff: 3.6, Sum: 96.5]
      [GC Worker End (ms): Min: 9044.2, Avg: 9044.2, Max: 9044.2, Diff: 0.1]
   [Code Root Fixup: 0.0 ms]
   [Code Root Purge: 0.0 ms]
   [Clear CT: 0.7 ms]
   [Other: 4.2 ms]
      [Choose CSet: 0.1 ms]
      [Ref Proc: 2.4 ms]
      [Ref Enq: 0.0 ms]
      [Redirty Cards: 0.8 ms]
      [Humongous Register: 0.1 ms]
      [Humongous Reclaim: 0.2 ms]
      [Free CSet: 0.4 ms]
   [Eden: 7168.0K(7168.0K)->0.0B(882.0M) Survivors: 116.0M->2048.0K Heap: 885.7M(2048.0M)->705.0M(2048.0M)]
 [Times: user=0.11 sys=0.02, real=0.02 secs] 
2021-01-22T00:58:36.066+0800: 9.101: [GC pause (G1 Humongous Allocation) (young) (initial-mark), 0.0237534 secs]
   [Parallel Time: 17.7 ms, GC Workers: 8]
      [GC Worker Start (ms): Min: 9101.8, Avg: 9102.0, Max: 9102.1, Diff: 0.4]
      [Ext Root Scanning (ms): Min: 0.0, Avg: 0.3, Max: 0.5, Diff: 0.5, Sum: 2.5]
      [Update RS (ms): Min: 7.3, Avg: 7.5, Max: 7.6, Diff: 0.2, Sum: 59.9]
         [Processed Buffers: Min: 33, Avg: 101.1, Max: 119, Diff: 86, Sum: 809]
      [Scan RS (ms): Min: 0.0, Avg: 0.0, Max: 0.1, Diff: 0.0, Sum: 0.3]
      [Code Root Scanning (ms): Min: 0.0, Avg: 0.0, Max: 0.0, Diff: 0.0, Sum: 0.0]
      [Object Copy (ms): Min: 7.7, Avg: 8.0, Max: 9.3, Diff: 1.6, Sum: 63.9]
      [Termination (ms): Min: 0.0, Avg: 1.3, Max: 1.5, Diff: 1.5, Sum: 10.3]
         [Termination Attempts: Min: 1, Avg: 1.0, Max: 1, Diff: 0, Sum: 8]
      [GC Worker Other (ms): Min: 0.0, Avg: 0.0, Max: 0.0, Diff: 0.0, Sum: 0.1]
      [GC Worker Total (ms): Min: 17.0, Avg: 17.1, Max: 17.4, Diff: 0.4, Sum: 137.0]
      [GC Worker End (ms): Min: 9119.1, Avg: 9119.1, Max: 9119.1, Diff: 0.0]
   [Code Root Fixup: 0.0 ms]
   [Code Root Purge: 0.0 ms]
   [Clear CT: 1.0 ms]
   [Other: 5.1 ms]
      [Choose CSet: 0.0 ms]
      [Ref Proc: 3.7 ms]
      [Ref Enq: 0.0 ms]
      [Redirty Cards: 0.8 ms]
      [Humongous Register: 0.1 ms]
      [Humongous Reclaim: 0.2 ms]
      [Free CSet: 0.1 ms]
   [Eden: 355.0M(882.0M)->0.0B(800.0M) Survivors: 2048.0K->95232.0K Heap: 1159.9M(2048.0M)->802.7M(2048.0M)]
 [Times: user=0.16 sys=0.00, real=0.03 secs] 
2021-01-22T00:58:36.090+0800: 9.126: [GC concurrent-root-region-scan-start]
2021-01-22T00:58:36.090+0800: 9.126: [GC concurrent-root-region-scan-end, 0.0002080 secs]
2021-01-22T00:58:36.090+0800: 9.126: [GC concurrent-mark-start]
2021-01-22T00:58:36.093+0800: 9.129: [GC concurrent-mark-end, 0.0028829 secs]
2021-01-22T00:58:36.094+0800: 9.129: [GC remark 2021-01-22T00:58:36.094+0800: 9.130: [Finalize Marking, 0.0008714 secs] 2021-01-22T00:58:36.095+0800: 9.131: [GC ref-proc, 0.0005118 secs] 2021-01-22T00:58:36.096+0800: 9.132: [Unloading, 0.0014793 secs], 0.0051877 secs]
 [Times: user=0.01 sys=0.00, real=0.01 secs] 
2021-01-22T00:58:36.099+0800: 9.135: [GC cleanup 820M->676M(2048M), 0.0024988 secs]
 [Times: user=0.00 sys=0.00, real=0.00 secs] 
2021-01-22T00:58:36.102+0800: 9.138: [GC concurrent-cleanup-start]
2021-01-22T00:58:36.102+0800: 9.138: [GC concurrent-cleanup-end, 0.0000860 secs]
2021-01-22T00:58:36.212+0800: 9.248: [GC pause (G1 Evacuation Pause) (young) (to-space exhausted), 0.0354041 secs]
   [Parallel Time: 31.0 ms, GC Workers: 8]
      [GC Worker Start (ms): Min: 9248.1, Avg: 9248.3, Max: 9248.4, Diff: 0.3]
      [Ext Root Scanning (ms): Min: 0.0, Avg: 0.1, Max: 0.2, Diff: 0.2, Sum: 0.5]
      [Update RS (ms): Min: 14.2, Avg: 14.3, Max: 14.3, Diff: 0.1, Sum: 114.4]
         [Processed Buffers: Min: 209, Avg: 216.2, Max: 222, Diff: 13, Sum: 1730]
      [Scan RS (ms): Min: 0.1, Avg: 0.1, Max: 0.1, Diff: 0.0, Sum: 1.0]
      [Code Root Scanning (ms): Min: 0.0, Avg: 0.0, Max: 0.0, Diff: 0.0, Sum: 0.0]
      [Object Copy (ms): Min: 15.4, Avg: 15.5, Max: 15.5, Diff: 0.1, Sum: 123.8]
      [Termination (ms): Min: 0.0, Avg: 0.0, Max: 0.1, Diff: 0.1, Sum: 0.3]
         [Termination Attempts: Min: 1, Avg: 1.2, Max: 2, Diff: 1, Sum: 10]
      [GC Worker Other (ms): Min: 0.0, Avg: 0.1, Max: 0.4, Diff: 0.4, Sum: 1.2]
      [GC Worker Total (ms): Min: 29.9, Avg: 30.2, Max: 30.3, Diff: 0.4, Sum: 241.2]
      [GC Worker End (ms): Min: 9278.3, Avg: 9278.5, Max: 9278.7, Diff: 0.4]
   [Code Root Fixup: 0.0 ms]
   [Code Root Purge: 0.0 ms]
   [Clear CT: 0.9 ms]
   [Other: 3.5 ms]
      [Evacuation Failure: 0.8 ms]
      [Choose CSet: 0.0 ms]
      [Ref Proc: 0.7 ms]
      [Ref Enq: 0.0 ms]
      [Redirty Cards: 1.1 ms]
      [Humongous Register: 0.2 ms]
      [Humongous Reclaim: 0.3 ms]
      [Free CSet: 0.3 ms]
   [Eden: 800.0M(800.0M)->0.0B(6144.0K) Survivors: 95232.0K->112.0M Heap: 1673.3M(2048.0M)->878.0M(2048.0M)]
 [Times: user=0.25 sys=0.00, real=0.03 secs] 
2021-01-22T00:58:36.249+0800: 9.285: [GC pause (G1 Evacuation Pause) (mixed), 0.0144138 secs]
   [Parallel Time: 11.0 ms, GC Workers: 8]
      [GC Worker Start (ms): Min: 9285.1, Avg: 9285.3, Max: 9285.5, Diff: 0.4]
      [Ext Root Scanning (ms): Min: 0.0, Avg: 0.1, Max: 0.2, Diff: 0.2, Sum: 0.5]
      [Update RS (ms): Min: 0.1, Avg: 0.1, Max: 0.2, Diff: 0.1, Sum: 1.2]
         [Processed Buffers: Min: 1, Avg: 3.1, Max: 6, Diff: 5, Sum: 25]
      [Scan RS (ms): Min: 0.0, Avg: 0.1, Max: 0.1, Diff: 0.0, Sum: 0.4]
      [Code Root Scanning (ms): Min: 0.0, Avg: 0.0, Max: 0.0, Diff: 0.0, Sum: 0.0]
      [Object Copy (ms): Min: 10.3, Avg: 10.3, Max: 10.4, Diff: 0.1, Sum: 82.7]
      [Termination (ms): Min: 0.0, Avg: 0.0, Max: 0.1, Diff: 0.1, Sum: 0.3]
         [Termination Attempts: Min: 1, Avg: 1.0, Max: 1, Diff: 0, Sum: 8]
      [GC Worker Other (ms): Min: 0.0, Avg: 0.0, Max: 0.0, Diff: 0.0, Sum: 0.1]
      [GC Worker Total (ms): Min: 10.5, Avg: 10.6, Max: 10.9, Diff: 0.4, Sum: 85.2]
      [GC Worker End (ms): Min: 9296.0, Avg: 9296.0, Max: 9296.0, Diff: 0.0]
   [Code Root Fixup: 0.0 ms]
   [Code Root Purge: 0.0 ms]
   [Clear CT: 1.1 ms]
   [Other: 2.3 ms]
      [Choose CSet: 0.1 ms]
      [Ref Proc: 0.6 ms]
      [Ref Enq: 0.0 ms]
      [Redirty Cards: 0.9 ms]
      [Humongous Register: 0.2 ms]
      [Humongous Reclaim: 0.1 ms]
      [Free CSet: 0.2 ms]
   [Eden: 6144.0K(6144.0K)->0.0B(894.0M) Survivors: 112.0M->4096.0K Heap: 885.2M(2048.0M)->693.2M(2048.0M)]
 [Times: user=0.09 sys=0.00, real=0.01 secs] 
2021-01-22T00:58:36.313+0800: 9.349: [GC pause (G1 Humongous Allocation) (young) (initial-mark), 0.0186308 secs]
   [Parallel Time: 15.8 ms, GC Workers: 8]
      [GC Worker Start (ms): Min: 9349.7, Avg: 9349.8, Max: 9350.0, Diff: 0.3]
      [Ext Root Scanning (ms): Min: 0.0, Avg: 0.3, Max: 0.5, Diff: 0.5, Sum: 2.6]
      [Update RS (ms): Min: 7.0, Avg: 7.1, Max: 7.2, Diff: 0.2, Sum: 56.9]
         [Processed Buffers: Min: 107, Avg: 108.6, Max: 111, Diff: 4, Sum: 869]
      [Scan RS (ms): Min: 0.0, Avg: 0.0, Max: 0.1, Diff: 0.0, Sum: 0.3]
      [Code Root Scanning (ms): Min: 0.0, Avg: 0.0, Max: 0.0, Diff: 0.0, Sum: 0.0]
      [Object Copy (ms): Min: 7.3, Avg: 7.4, Max: 7.7, Diff: 0.3, Sum: 59.2]
      [Termination (ms): Min: 0.0, Avg: 0.3, Max: 0.4, Diff: 0.4, Sum: 2.1]
         [Termination Attempts: Min: 1, Avg: 1.6, Max: 3, Diff: 2, Sum: 13]
      [GC Worker Other (ms): Min: 0.0, Avg: 0.0, Max: 0.0, Diff: 0.0, Sum: 0.1]
      [GC Worker Total (ms): Min: 15.0, Avg: 15.2, Max: 15.3, Diff: 0.4, Sum: 121.2]
      [GC Worker End (ms): Min: 9365.0, Avg: 9365.0, Max: 9365.0, Diff: 0.1]
   [Code Root Fixup: 0.0 ms]
   [Code Root Purge: 0.0 ms]
   [Clear CT: 1.1 ms]
   [Other: 1.8 ms]
      [Choose CSet: 0.0 ms]
      [Ref Proc: 0.4 ms]
      [Ref Enq: 0.0 ms]
      [Redirty Cards: 0.8 ms]
      [Humongous Register: 0.1 ms]
      [Humongous Reclaim: 0.2 ms]
      [Free CSet: 0.2 ms]
   [Eden: 346.0M(894.0M)->0.0B(822.0M) Survivors: 4096.0K->91136.0K Heap: 1145.8M(2048.0M)->779.2M(2048.0M)]
 [Times: user=0.12 sys=0.00, real=0.02 secs] 
2021-01-22T00:58:36.333+0800: 9.369: [GC concurrent-root-region-scan-start]
2021-01-22T00:58:36.333+0800: 9.369: [GC concurrent-root-region-scan-end, 0.0003548 secs]
2021-01-22T00:58:36.333+0800: 9.369: [GC concurrent-mark-start]
2021-01-22T00:58:36.336+0800: 9.372: [GC concurrent-mark-end, 0.0025587 secs]
2021-01-22T00:58:36.336+0800: 9.372: [GC remark 2021-01-22T00:58:36.336+0800: 9.372: [Finalize Marking, 0.0009795 secs] 2021-01-22T00:58:36.338+0800: 9.374: [GC ref-proc, 0.0004795 secs] 2021-01-22T00:58:36.338+0800: 9.374: [Unloading, 0.0012244 secs], 0.0050040 secs]
 [Times: user=0.01 sys=0.00, real=0.01 secs] 
2021-01-22T00:58:36.342+0800: 9.378: [GC cleanup 810M->698M(2048M), 0.0030181 secs]
 [Times: user=0.01 sys=0.00, real=0.00 secs] 
2021-01-22T00:58:36.345+0800: 9.381: [GC concurrent-cleanup-start]
2021-01-22T00:58:36.346+0800: 9.381: [GC concurrent-cleanup-end, 0.0000846 secs]
2021-01-22T00:58:36.457+0800: 9.493: [GC pause (G1 Evacuation Pause) (young) (to-space exhausted), 0.0327393 secs]
   [Parallel Time: 28.1 ms, GC Workers: 8]
      [GC Worker Start (ms): Min: 9493.4, Avg: 9493.5, Max: 9493.6, Diff: 0.3]
      [Ext Root Scanning (ms): Min: 0.0, Avg: 0.1, Max: 0.2, Diff: 0.2, Sum: 0.5]
      [Update RS (ms): Min: 15.2, Avg: 15.3, Max: 15.3, Diff: 0.1, Sum: 122.3]
         [Processed Buffers: Min: 223, Avg: 231.0, Max: 237, Diff: 14, Sum: 1848]
      [Scan RS (ms): Min: 0.1, Avg: 0.1, Max: 0.2, Diff: 0.1, Sum: 1.0]
      [Code Root Scanning (ms): Min: 0.0, Avg: 0.0, Max: 0.0, Diff: 0.0, Sum: 0.0]
      [Object Copy (ms): Min: 11.9, Avg: 12.1, Max: 12.2, Diff: 0.3, Sum: 96.6]
      [Termination (ms): Min: 0.0, Avg: 0.1, Max: 0.3, Diff: 0.3, Sum: 1.0]
         [Termination Attempts: Min: 1, Avg: 1.0, Max: 1, Diff: 0, Sum: 8]
      [GC Worker Other (ms): Min: 0.0, Avg: 0.0, Max: 0.1, Diff: 0.1, Sum: 0.2]
      [GC Worker Total (ms): Min: 27.6, Avg: 27.7, Max: 27.9, Diff: 0.3, Sum: 221.6]
      [GC Worker End (ms): Min: 9521.2, Avg: 9521.2, Max: 9521.3, Diff: 0.1]
   [Code Root Fixup: 0.0 ms]
   [Code Root Purge: 0.0 ms]
   [Clear CT: 0.9 ms]
   [Other: 3.7 ms]
      [Evacuation Failure: 1.1 ms]
      [Choose CSet: 0.0 ms]
      [Ref Proc: 0.9 ms]
      [Ref Enq: 0.0 ms]
      [Redirty Cards: 0.9 ms]
      [Humongous Register: 0.2 ms]
      [Humongous Reclaim: 0.3 ms]
      [Free CSet: 0.2 ms]
   [Eden: 822.0M(822.0M)->0.0B(6144.0K) Survivors: 91136.0K->113.0M Heap: 1718.9M(2048.0M)->1084.7M(2048.0M)]
 [Times: user=0.23 sys=0.00, real=0.04 secs] 
2021-01-22T00:58:36.492+0800: 9.528: [GC pause (G1 Evacuation Pause) (mixed), 0.0155677 secs]
   [Parallel Time: 12.2 ms, GC Workers: 8]
      [GC Worker Start (ms): Min: 9528.2, Avg: 9528.4, Max: 9528.5, Diff: 0.3]
      [Ext Root Scanning (ms): Min: 0.0, Avg: 0.1, Max: 0.2, Diff: 0.2, Sum: 0.5]
      [Update RS (ms): Min: 0.1, Avg: 0.2, Max: 0.2, Diff: 0.1, Sum: 1.3]
         [Processed Buffers: Min: 2, Avg: 3.1, Max: 5, Diff: 3, Sum: 25]
      [Scan RS (ms): Min: 0.0, Avg: 0.1, Max: 0.1, Diff: 0.0, Sum: 0.4]
      [Code Root Scanning (ms): Min: 0.0, Avg: 0.0, Max: 0.0, Diff: 0.0, Sum: 0.0]
      [Object Copy (ms): Min: 10.8, Avg: 10.8, Max: 10.9, Diff: 0.1, Sum: 86.4]
      [Termination (ms): Min: 0.0, Avg: 0.0, Max: 0.1, Diff: 0.1, Sum: 0.2]
         [Termination Attempts: Min: 1, Avg: 1.0, Max: 1, Diff: 0, Sum: 8]
      [GC Worker Other (ms): Min: 0.0, Avg: 0.0, Max: 0.0, Diff: 0.0, Sum: 0.1]
      [GC Worker Total (ms): Min: 11.0, Avg: 11.1, Max: 11.3, Diff: 0.3, Sum: 88.9]
      [GC Worker End (ms): Min: 9539.5, Avg: 9539.5, Max: 9539.5, Diff: 0.0]
   [Code Root Fixup: 0.0 ms]
   [Code Root Purge: 0.0 ms]
   [Clear CT: 1.3 ms]
   [Other: 2.0 ms]
      [Choose CSet: 0.1 ms]
      [Ref Proc: 0.4 ms]
      [Ref Enq: 0.0 ms]
      [Redirty Cards: 1.0 ms]
      [Humongous Register: 0.1 ms]
      [Humongous Reclaim: 0.1 ms]
      [Free CSet: 0.2 ms]
   [Eden: 6144.0K(6144.0K)->0.0B(101376.0K) Survivors: 113.0M->3072.0K Heap: 1091.9M(2048.0M)->895.2M(2048.0M)]
 [Times: user=0.09 sys=0.00, real=0.01 secs] 
2021-01-22T00:58:36.521+0800: 9.557: [GC pause (G1 Evacuation Pause) (mixed), 0.0088025 secs]
   [Parallel Time: 5.4 ms, GC Workers: 8]
      [GC Worker Start (ms): Min: 9557.3, Avg: 9557.4, Max: 9557.6, Diff: 0.3]
      [Ext Root Scanning (ms): Min: 0.0, Avg: 0.1, Max: 0.2, Diff: 0.2, Sum: 0.5]
      [Update RS (ms): Min: 1.6, Avg: 1.7, Max: 1.7, Diff: 0.1, Sum: 13.3]
         [Processed Buffers: Min: 24, Avg: 25.0, Max: 26, Diff: 2, Sum: 200]
      [Scan RS (ms): Min: 0.0, Avg: 0.0, Max: 0.0, Diff: 0.0, Sum: 0.1]
      [Code Root Scanning (ms): Min: 0.0, Avg: 0.0, Max: 0.0, Diff: 0.0, Sum: 0.0]
      [Object Copy (ms): Min: 2.9, Avg: 2.9, Max: 2.9, Diff: 0.0, Sum: 23.1]
      [Termination (ms): Min: 0.0, Avg: 0.0, Max: 0.1, Diff: 0.1, Sum: 0.2]
         [Termination Attempts: Min: 1, Avg: 1.0, Max: 1, Diff: 0, Sum: 8]
      [GC Worker Other (ms): Min: 0.0, Avg: 0.0, Max: 0.0, Diff: 0.0, Sum: 0.1]
      [GC Worker Total (ms): Min: 4.5, Avg: 4.7, Max: 4.9, Diff: 0.3, Sum: 37.5]
      [GC Worker End (ms): Min: 9562.1, Avg: 9562.1, Max: 9562.2, Diff: 0.0]
   [Code Root Fixup: 0.0 ms]
   [Code Root Purge: 0.0 ms]
   [Clear CT: 1.3 ms]
   [Other: 2.1 ms]
      [Choose CSet: 0.0 ms]
      [Ref Proc: 0.6 ms]
      [Ref Enq: 0.0 ms]
      [Redirty Cards: 0.9 ms]
      [Humongous Register: 0.1 ms]
      [Humongous Reclaim: 0.2 ms]
      [Free CSet: 0.1 ms]
   [Eden: 101376.0K(101376.0K)->0.0B(708.0M) Survivors: 3072.0K->13312.0K Heap: 1018.0M(2048.0M)->916.7M(2048.0M)]
 [Times: user=0.03 sys=0.02, real=0.01 secs] 
2021-01-22T00:58:36.532+0800: 9.568: [GC pause (G1 Humongous Allocation) (young) (initial-mark), 0.0049487 secs]
   [Parallel Time: 2.1 ms, GC Workers: 8]
      [GC Worker Start (ms): Min: 9568.2, Avg: 9568.3, Max: 9568.5, Diff: 0.3]
      [Ext Root Scanning (ms): Min: 0.1, Avg: 0.4, Max: 0.6, Diff: 0.6, Sum: 3.0]
      [Update RS (ms): Min: 0.0, Avg: 0.1, Max: 0.2, Diff: 0.2, Sum: 0.5]
         [Processed Buffers: Min: 0, Avg: 1.1, Max: 3, Diff: 3, Sum: 9]
      [Scan RS (ms): Min: 0.0, Avg: 0.0, Max: 0.0, Diff: 0.0, Sum: 0.0]
      [Code Root Scanning (ms): Min: 0.0, Avg: 0.0, Max: 0.0, Diff: 0.0, Sum: 0.0]
      [Object Copy (ms): Min: 0.8, Avg: 0.9, Max: 0.9, Diff: 0.1, Sum: 7.0]
      [Termination (ms): Min: 0.0, Avg: 0.0, Max: 0.1, Diff: 0.1, Sum: 0.2]
         [Termination Attempts: Min: 1, Avg: 1.2, Max: 2, Diff: 1, Sum: 10]
      [GC Worker Other (ms): Min: 0.0, Avg: 0.0, Max: 0.0, Diff: 0.0, Sum: 0.1]
      [GC Worker Total (ms): Min: 1.2, Avg: 1.4, Max: 1.5, Diff: 0.3, Sum: 10.8]
      [GC Worker End (ms): Min: 9569.7, Avg: 9569.7, Max: 9569.7, Diff: 0.0]
   [Code Root Fixup: 0.0 ms]
   [Code Root Purge: 0.0 ms]
   [Clear CT: 0.9 ms]
   [Other: 2.0 ms]
      [Choose CSet: 0.0 ms]
      [Ref Proc: 0.8 ms]
      [Ref Enq: 0.0 ms]
      [Redirty Cards: 0.8 ms]
      [Humongous Register: 0.1 ms]
      [Humongous Reclaim: 0.1 ms]
      [Free CSet: 0.0 ms]
   [Eden: 7168.0K(708.0M)->0.0B(634.0M) Survivors: 13312.0K->14336.0K Heap: 922.8M(2048.0M)->915.9M(2048.0M)]
 [Times: user=0.01 sys=0.00, real=0.00 secs] 
2021-01-22T00:58:36.538+0800: 9.573: [GC concurrent-root-region-scan-start]
2021-01-22T00:58:36.538+0800: 9.574: [GC concurrent-root-region-scan-end, 0.0003361 secs]
2021-01-22T00:58:36.538+0800: 9.574: [GC concurrent-mark-start]
2021-01-22T00:58:36.541+0800: 9.577: [GC concurrent-mark-end, 0.0030776 secs]
2021-01-22T00:58:36.541+0800: 9.577: [GC remark 2021-01-22T00:58:36.542+0800: 9.578: [Finalize Marking, 0.0007334 secs] 2021-01-22T00:58:36.543+0800: 9.579: [GC ref-proc, 0.0004886 secs] 2021-01-22T00:58:36.544+0800: 9.579: [Unloading, 0.0007513 secs], 0.0045109 secs]
 [Times: user=0.01 sys=0.00, real=0.00 secs] 
2021-01-22T00:58:36.547+0800: 9.583: [GC cleanup 952M->848M(2048M), 0.0032843 secs]
 [Times: user=0.01 sys=0.00, real=0.01 secs] 
2021-01-22T00:58:36.551+0800: 9.587: [GC concurrent-cleanup-start]
2021-01-22T00:58:36.551+0800: 9.587: [GC concurrent-cleanup-end, 0.0000595 secs]
2021-01-22T00:58:36.636+0800: 9.672: [GC pause (G1 Evacuation Pause) (young), 0.0278230 secs]
   [Parallel Time: 24.2 ms, GC Workers: 8]
      [GC Worker Start (ms): Min: 9672.2, Avg: 9672.4, Max: 9672.5, Diff: 0.3]
      [Ext Root Scanning (ms): Min: 0.0, Avg: 0.1, Max: 0.2, Diff: 0.2, Sum: 0.5]
      [Update RS (ms): Min: 10.8, Avg: 10.9, Max: 10.9, Diff: 0.1, Sum: 87.2]
         [Processed Buffers: Min: 153, Avg: 162.5, Max: 170, Diff: 17, Sum: 1300]
      [Scan RS (ms): Min: 0.1, Avg: 0.1, Max: 0.1, Diff: 0.0, Sum: 0.7]
      [Code Root Scanning (ms): Min: 0.0, Avg: 0.0, Max: 0.0, Diff: 0.0, Sum: 0.0]
      [Object Copy (ms): Min: 12.5, Avg: 12.6, Max: 12.6, Diff: 0.1, Sum: 100.6]
      [Termination (ms): Min: 0.0, Avg: 0.0, Max: 0.1, Diff: 0.1, Sum: 0.3]
         [Termination Attempts: Min: 1, Avg: 1.0, Max: 1, Diff: 0, Sum: 8]
      [GC Worker Other (ms): Min: 0.0, Avg: 0.1, Max: 0.2, Diff: 0.2, Sum: 0.6]
      [GC Worker Total (ms): Min: 23.6, Avg: 23.7, Max: 23.9, Diff: 0.3, Sum: 189.9]
      [GC Worker End (ms): Min: 9696.0, Avg: 9696.1, Max: 9696.2, Diff: 0.2]
   [Code Root Fixup: 0.0 ms]
   [Code Root Purge: 0.0 ms]
   [Clear CT: 1.1 ms]
   [Other: 2.6 ms]
      [Choose CSet: 0.0 ms]
      [Ref Proc: 0.8 ms]
      [Ref Enq: 0.0 ms]
      [Redirty Cards: 0.9 ms]
      [Humongous Register: 0.2 ms]
      [Humongous Reclaim: 0.3 ms]
      [Free CSet: 0.3 ms]
   [Eden: 634.0M(634.0M)->0.0B(21504.0K) Survivors: 14336.0K->82944.0K Heap: 1607.2M(2048.0M)->962.3M(2048.0M)]
 [Times: user=0.20 sys=0.00, real=0.03 secs] 
2021-01-22T00:58:36.668+0800: 9.704: [GC pause (G1 Evacuation Pause) (mixed), 0.0120808 secs]
   [Parallel Time: 9.0 ms, GC Workers: 8]
      [GC Worker Start (ms): Min: 9704.3, Avg: 9704.7, Max: 9706.0, Diff: 1.7]
      [Ext Root Scanning (ms): Min: 0.0, Avg: 0.1, Max: 0.2, Diff: 0.2, Sum: 0.5]
      [Update RS (ms): Min: 0.0, Avg: 0.3, Max: 0.4, Diff: 0.4, Sum: 2.6]
         [Processed Buffers: Min: 0, Avg: 5.0, Max: 7, Diff: 7, Sum: 40]
      [Scan RS (ms): Min: 0.0, Avg: 0.1, Max: 0.1, Diff: 0.1, Sum: 0.5]
      [Code Root Scanning (ms): Min: 0.0, Avg: 0.0, Max: 0.0, Diff: 0.0, Sum: 0.0]
      [Object Copy (ms): Min: 6.8, Avg: 7.8, Max: 8.0, Diff: 1.2, Sum: 62.5]
      [Termination (ms): Min: 0.0, Avg: 0.1, Max: 0.1, Diff: 0.1, Sum: 0.5]
         [Termination Attempts: Min: 1, Avg: 1.4, Max: 3, Diff: 2, Sum: 11]
      [GC Worker Other (ms): Min: 0.0, Avg: 0.0, Max: 0.0, Diff: 0.0, Sum: 0.1]
      [GC Worker Total (ms): Min: 7.0, Avg: 8.3, Max: 8.7, Diff: 1.7, Sum: 66.8]
      [GC Worker End (ms): Min: 9713.0, Avg: 9713.0, Max: 9713.0, Diff: 0.0]
   [Code Root Fixup: 0.0 ms]
   [Code Root Purge: 0.0 ms]
   [Clear CT: 0.9 ms]
   [Other: 2.2 ms]
      [Choose CSet: 0.1 ms]
      [Ref Proc: 0.7 ms]
      [Ref Enq: 0.0 ms]
      [Redirty Cards: 0.9 ms]
      [Humongous Register: 0.1 ms]
      [Humongous Reclaim: 0.1 ms]
      [Free CSet: 0.2 ms]
   [Eden: 21504.0K(21504.0K)->0.0B(97280.0K) Survivors: 82944.0K->7168.0K Heap: 987.1M(2048.0M)->768.0M(2048.0M)]
 [Times: user=0.07 sys=0.00, real=0.02 secs] 
2021-01-22T00:58:36.694+0800: 9.730: [GC pause (G1 Evacuation Pause) (mixed), 0.0112971 secs]
   [Parallel Time: 8.3 ms, GC Workers: 8]
      [GC Worker Start (ms): Min: 9730.6, Avg: 9731.6, Max: 9737.6, Diff: 7.1]
      [Ext Root Scanning (ms): Min: 0.0, Avg: 0.1, Max: 0.2, Diff: 0.2, Sum: 0.6]
      [Update RS (ms): Min: 0.0, Avg: 1.4, Max: 1.7, Diff: 1.7, Sum: 11.5]
         [Processed Buffers: Min: 0, Avg: 22.1, Max: 27, Diff: 27, Sum: 177]
      [Scan RS (ms): Min: 0.0, Avg: 0.1, Max: 0.1, Diff: 0.0, Sum: 0.5]
      [Code Root Scanning (ms): Min: 0.0, Avg: 0.0, Max: 0.0, Diff: 0.0, Sum: 0.0]
      [Object Copy (ms): Min: 0.0, Avg: 4.7, Max: 6.1, Diff: 6.1, Sum: 37.5]
      [Termination (ms): Min: 0.0, Avg: 0.8, Max: 1.1, Diff: 1.1, Sum: 6.3]
         [Termination Attempts: Min: 1, Avg: 1.2, Max: 3, Diff: 2, Sum: 10]
      [GC Worker Other (ms): Min: 0.0, Avg: 0.1, Max: 0.1, Diff: 0.1, Sum: 0.4]
      [GC Worker Total (ms): Min: 1.0, Avg: 7.1, Max: 8.2, Diff: 7.2, Sum: 56.7]
      [GC Worker End (ms): Min: 9738.6, Avg: 9738.6, Max: 9738.7, Diff: 0.1]
   [Code Root Fixup: 0.0 ms]
   [Code Root Purge: 0.0 ms]
   [Clear CT: 0.7 ms]
   [Other: 2.3 ms]
      [Choose CSet: 0.1 ms]
      [Ref Proc: 0.9 ms]
      [Ref Enq: 0.0 ms]
      [Redirty Cards: 0.7 ms]
      [Humongous Register: 0.2 ms]
      [Humongous Reclaim: 0.1 ms]
      [Free CSet: 0.2 ms]
   [Eden: 97280.0K(97280.0K)->0.0B(337.0M) Survivors: 7168.0K->13312.0K Heap: 883.9M(2048.0M)->639.0M(2048.0M)]
 [Times: user=0.06 sys=0.00, real=0.01 secs] 
2021-01-22T00:58:36.752+0800: 9.788: [GC pause (G1 Evacuation Pause) (young), 0.0174930 secs]
   [Parallel Time: 14.7 ms, GC Workers: 8]
      [GC Worker Start (ms): Min: 9788.2, Avg: 9788.4, Max: 9788.5, Diff: 0.4]
      [Ext Root Scanning (ms): Min: 0.0, Avg: 0.1, Max: 0.2, Diff: 0.2, Sum: 0.5]
      [Update RS (ms): Min: 5.6, Avg: 5.7, Max: 5.8, Diff: 0.2, Sum: 45.5]
         [Processed Buffers: Min: 83, Avg: 86.1, Max: 89, Diff: 6, Sum: 689]
      [Scan RS (ms): Min: 0.0, Avg: 0.0, Max: 0.1, Diff: 0.0, Sum: 0.3]
      [Code Root Scanning (ms): Min: 0.0, Avg: 0.0, Max: 0.0, Diff: 0.0, Sum: 0.0]
      [Object Copy (ms): Min: 8.0, Avg: 8.1, Max: 8.1, Diff: 0.1, Sum: 64.4]
      [Termination (ms): Min: 0.0, Avg: 0.0, Max: 0.1, Diff: 0.1, Sum: 0.3]
         [Termination Attempts: Min: 1, Avg: 1.0, Max: 1, Diff: 0, Sum: 8]
      [GC Worker Other (ms): Min: 0.0, Avg: 0.0, Max: 0.0, Diff: 0.0, Sum: 0.1]
      [GC Worker Total (ms): Min: 13.7, Avg: 13.9, Max: 14.1, Diff: 0.4, Sum: 111.1]
      [GC Worker End (ms): Min: 9802.2, Avg: 9802.2, Max: 9802.3, Diff: 0.0]
   [Code Root Fixup: 0.0 ms]
   [Code Root Purge: 0.0 ms]
   [Clear CT: 0.9 ms]
   [Other: 1.8 ms]
      [Choose CSet: 0.0 ms]
      [Ref Proc: 0.4 ms]
      [Ref Enq: 0.0 ms]
      [Redirty Cards: 0.8 ms]
      [Humongous Register: 0.1 ms]
      [Humongous Reclaim: 0.2 ms]
      [Free CSet: 0.2 ms]
   [Eden: 337.0M(337.0M)->0.0B(202.0M) Survivors: 13312.0K->45056.0K Heap: 1061.0M(2048.0M)->714.6M(2048.0M)]
 [Times: user=0.11 sys=0.01, real=0.02 secs] 
2021-01-22T00:58:36.800+0800: 9.836: [GC pause (G1 Evacuation Pause) (young), 0.0150342 secs]
   [Parallel Time: 11.9 ms, GC Workers: 8]
      [GC Worker Start (ms): Min: 9836.6, Avg: 9836.7, Max: 9836.9, Diff: 0.3]
      [Ext Root Scanning (ms): Min: 0.0, Avg: 0.1, Max: 0.2, Diff: 0.2, Sum: 0.6]
      [Update RS (ms): Min: 3.2, Avg: 3.2, Max: 3.3, Diff: 0.1, Sum: 26.0]
         [Processed Buffers: Min: 48, Avg: 49.2, Max: 50, Diff: 2, Sum: 394]
      [Scan RS (ms): Min: 0.0, Avg: 0.0, Max: 0.0, Diff: 0.0, Sum: 0.2]
      [Code Root Scanning (ms): Min: 0.0, Avg: 0.0, Max: 0.0, Diff: 0.0, Sum: 0.0]
      [Object Copy (ms): Min: 7.8, Avg: 7.8, Max: 8.1, Diff: 0.3, Sum: 62.5]
      [Termination (ms): Min: 0.0, Avg: 0.2, Max: 0.3, Diff: 0.3, Sum: 2.0]
         [Termination Attempts: Min: 1, Avg: 1.0, Max: 1, Diff: 0, Sum: 8]
      [GC Worker Other (ms): Min: 0.0, Avg: 0.1, Max: 0.2, Diff: 0.1, Sum: 0.5]
      [GC Worker Total (ms): Min: 11.3, Avg: 11.5, Max: 11.6, Diff: 0.3, Sum: 91.7]
      [GC Worker End (ms): Min: 9848.1, Avg: 9848.2, Max: 9848.3, Diff: 0.2]
   [Code Root Fixup: 0.0 ms]
   [Code Root Purge: 0.0 ms]
   [Clear CT: 1.2 ms]
   [Other: 1.9 ms]
      [Choose CSet: 0.0 ms]
      [Ref Proc: 0.4 ms]
      [Ref Enq: 0.0 ms]
      [Redirty Cards: 1.0 ms]
      [Humongous Register: 0.1 ms]
      [Humongous Reclaim: 0.1 ms]
      [Free CSet: 0.1 ms]
   [Eden: 202.0M(202.0M)->0.0B(341.0M) Survivors: 45056.0K->31744.0K Heap: 964.6M(2048.0M)->762.9M(2048.0M)]
 [Times: user=0.09 sys=0.01, real=0.01 secs] 
2021-01-22T00:58:36.859+0800: 9.894: [GC pause (G1 Humongous Allocation) (young) (initial-mark), 0.0184211 secs]
   [Parallel Time: 14.9 ms, GC Workers: 8]
      [GC Worker Start (ms): Min: 9895.0, Avg: 9895.2, Max: 9895.3, Diff: 0.3]
      [Ext Root Scanning (ms): Min: 0.0, Avg: 0.3, Max: 0.5, Diff: 0.5, Sum: 2.8]
      [Update RS (ms): Min: 5.3, Avg: 5.7, Max: 6.7, Diff: 1.4, Sum: 45.4]
         [Processed Buffers: Min: 82, Avg: 84.0, Max: 86, Diff: 4, Sum: 672]
      [Scan RS (ms): Min: 0.0, Avg: 0.1, Max: 0.2, Diff: 0.2, Sum: 0.6]
      [Code Root Scanning (ms): Min: 0.0, Avg: 0.0, Max: 0.0, Diff: 0.0, Sum: 0.0]
      [Object Copy (ms): Min: 7.0, Avg: 8.3, Max: 8.6, Diff: 1.6, Sum: 66.5]
      [Termination (ms): Min: 0.0, Avg: 0.1, Max: 0.1, Diff: 0.1, Sum: 0.5]
         [Termination Attempts: Min: 1, Avg: 1.0, Max: 1, Diff: 0, Sum: 8]
      [GC Worker Other (ms): Min: 0.0, Avg: 0.0, Max: 0.0, Diff: 0.0, Sum: 0.1]
      [GC Worker Total (ms): Min: 14.3, Avg: 14.5, Max: 14.6, Diff: 0.3, Sum: 115.8]
      [GC Worker End (ms): Min: 9909.6, Avg: 9909.6, Max: 9909.7, Diff: 0.0]
   [Code Root Fixup: 0.0 ms]
   [Code Root Purge: 0.0 ms]
   [Clear CT: 1.0 ms]
   [Other: 2.5 ms]
      [Choose CSet: 0.0 ms]
      [Ref Proc: 0.8 ms]
      [Ref Enq: 0.0 ms]
      [Redirty Cards: 0.9 ms]
      [Humongous Register: 0.2 ms]
      [Humongous Reclaim: 0.2 ms]
      [Free CSet: 0.1 ms]
   [Eden: 306.0M(341.0M)->0.0B(442.0M) Survivors: 31744.0K->48128.0K Heap: 1151.0M(2048.0M)->841.1M(2048.0M)]
 [Times: user=0.12 sys=0.00, real=0.01 secs] 
2021-01-22T00:58:36.878+0800: 9.914: [GC concurrent-root-region-scan-start]
2021-01-22T00:58:36.878+0800: 9.914: [GC concurrent-root-region-scan-end, 0.0002181 secs]
2021-01-22T00:58:36.878+0800: 9.914: [GC concurrent-mark-start]
2021-01-22T00:58:36.881+0800: 9.917: [GC concurrent-mark-end, 0.0030034 secs]
2021-01-22T00:58:36.881+0800: 9.917: [GC remark 2021-01-22T00:58:36.882+0800: 9.918: [Finalize Marking, 0.0016438 secs] 2021-01-22T00:58:36.884+0800: 9.920: [GC ref-proc, 0.0005034 secs] 2021-01-22T00:58:36.884+0800: 9.920: [Unloading, 0.0008267 secs], 0.0054343 secs]
 [Times: user=0.02 sys=0.00, real=0.00 secs] 
2021-01-22T00:58:36.888+0800: 9.924: [GC cleanup 861M->708M(2048M), 0.0040951 secs]
 [Times: user=0.00 sys=0.01, real=0.01 secs] 
2021-01-22T00:58:36.893+0800: 9.928: [GC concurrent-cleanup-start]
2021-01-22T00:58:36.893+0800: 9.929: [GC concurrent-cleanup-end, 0.0001142 secs]
2021-01-22T00:58:36.954+0800: 9.990: [GC pause (G1 Evacuation Pause) (young), 0.0256776 secs]
   [Parallel Time: 21.6 ms, GC Workers: 8]
      [GC Worker Start (ms): Min: 9990.0, Avg: 9990.2, Max: 9990.3, Diff: 0.3]
      [Ext Root Scanning (ms): Min: 0.0, Avg: 0.1, Max: 0.2, Diff: 0.2, Sum: 0.5]
      [Update RS (ms): Min: 8.2, Avg: 8.3, Max: 8.8, Diff: 0.6, Sum: 66.7]
         [Processed Buffers: Min: 103, Avg: 121.5, Max: 128, Diff: 25, Sum: 972]
      [Scan RS (ms): Min: 0.0, Avg: 0.1, Max: 0.4, Diff: 0.4, Sum: 0.9]
      [Code Root Scanning (ms): Min: 0.0, Avg: 0.0, Max: 0.0, Diff: 0.0, Sum: 0.0]
      [Object Copy (ms): Min: 11.8, Avg: 12.2, Max: 12.6, Diff: 0.8, Sum: 97.4]
      [Termination (ms): Min: 0.0, Avg: 0.3, Max: 0.4, Diff: 0.4, Sum: 2.4]
         [Termination Attempts: Min: 1, Avg: 1.2, Max: 2, Diff: 1, Sum: 10]
      [GC Worker Other (ms): Min: 0.0, Avg: 0.0, Max: 0.0, Diff: 0.0, Sum: 0.1]
      [GC Worker Total (ms): Min: 20.9, Avg: 21.0, Max: 21.2, Diff: 0.3, Sum: 168.0]
      [GC Worker End (ms): Min: 10011.2, Avg: 10011.2, Max: 10011.2, Diff: 0.0]
   [Code Root Fixup: 0.0 ms]
   [Code Root Purge: 0.0 ms]
   [Clear CT: 1.0 ms]
   [Other: 3.1 ms]
      [Choose CSet: 0.0 ms]
      [Ref Proc: 0.8 ms]
      [Ref Enq: 0.0 ms]
      [Redirty Cards: 1.3 ms]
      [Humongous Register: 0.1 ms]
      [Humongous Reclaim: 0.3 ms]
      [Free CSet: 0.3 ms]
   [Eden: 442.0M(442.0M)->0.0B(40960.0K) Survivors: 48128.0K->63488.0K Heap: 1250.4M(2048.0M)->788.4M(2048.0M)]
 [Times: user=0.17 sys=0.01, real=0.03 secs] 
2021-01-22T00:58:36.986+0800: 10.022: [GC pause (G1 Evacuation Pause) (mixed), 0.0126458 secs]
   [Parallel Time: 9.0 ms, GC Workers: 8]
      [GC Worker Start (ms): Min: 10022.3, Avg: 10022.5, Max: 10022.7, Diff: 0.4]
      [Ext Root Scanning (ms): Min: 0.0, Avg: 0.1, Max: 0.3, Diff: 0.3, Sum: 0.7]
      [Update RS (ms): Min: 0.8, Avg: 0.9, Max: 1.0, Diff: 0.1, Sum: 7.5]
         [Processed Buffers: Min: 13, Avg: 14.2, Max: 16, Diff: 3, Sum: 114]
      [Scan RS (ms): Min: 0.1, Avg: 0.1, Max: 0.1, Diff: 0.1, Sum: 0.7]
      [Code Root Scanning (ms): Min: 0.0, Avg: 0.0, Max: 0.0, Diff: 0.0, Sum: 0.0]
      [Object Copy (ms): Min: 7.4, Avg: 7.5, Max: 7.5, Diff: 0.1, Sum: 59.8]
      [Termination (ms): Min: 0.0, Avg: 0.0, Max: 0.1, Diff: 0.1, Sum: 0.3]
         [Termination Attempts: Min: 1, Avg: 1.0, Max: 1, Diff: 0, Sum: 8]
      [GC Worker Other (ms): Min: 0.0, Avg: 0.0, Max: 0.0, Diff: 0.0, Sum: 0.1]
      [GC Worker Total (ms): Min: 8.5, Avg: 8.6, Max: 8.9, Diff: 0.4, Sum: 69.1]
      [GC Worker End (ms): Min: 10031.2, Avg: 10031.2, Max: 10031.2, Diff: 0.0]
   [Code Root Fixup: 0.0 ms]
   [Code Root Purge: 0.0 ms]
   [Clear CT: 1.5 ms]
   [Other: 2.1 ms]
      [Choose CSet: 0.1 ms]
      [Ref Proc: 0.5 ms]
      [Ref Enq: 0.0 ms]
      [Redirty Cards: 1.0 ms]
      [Humongous Register: 0.1 ms]
      [Humongous Reclaim: 0.1 ms]
      [Free CSet: 0.3 ms]
   [Eden: 40960.0K(40960.0K)->0.0B(92160.0K) Survivors: 63488.0K->12288.0K Heap: 841.4M(2048.0M)->614.4M(2048.0M)]
 [Times: user=0.07 sys=0.01, real=0.02 secs] 
2021-01-22T00:58:37.013+0800: 10.048: [GC pause (G1 Evacuation Pause) (mixed), 0.0094286 secs]
   [Parallel Time: 6.2 ms, GC Workers: 8]
      [GC Worker Start (ms): Min: 10048.9, Avg: 10049.1, Max: 10049.2, Diff: 0.3]
      [Ext Root Scanning (ms): Min: 0.0, Avg: 0.1, Max: 0.2, Diff: 0.2, Sum: 0.5]
      [Update RS (ms): Min: 1.7, Avg: 1.8, Max: 1.8, Diff: 0.1, Sum: 14.1]
         [Processed Buffers: Min: 24, Avg: 25.2, Max: 26, Diff: 2, Sum: 202]
      [Scan RS (ms): Min: 0.0, Avg: 0.0, Max: 0.0, Diff: 0.0, Sum: 0.2]
      [Code Root Scanning (ms): Min: 0.0, Avg: 0.0, Max: 0.0, Diff: 0.0, Sum: 0.0]
      [Object Copy (ms): Min: 3.4, Avg: 3.4, Max: 3.5, Diff: 0.1, Sum: 27.5]
      [Termination (ms): Min: 0.0, Avg: 0.1, Max: 0.1, Diff: 0.1, Sum: 0.5]
         [Termination Attempts: Min: 1, Avg: 1.0, Max: 1, Diff: 0, Sum: 8]
      [GC Worker Other (ms): Min: 0.0, Avg: 0.0, Max: 0.0, Diff: 0.0, Sum: 0.1]
      [GC Worker Total (ms): Min: 5.2, Avg: 5.4, Max: 5.5, Diff: 0.3, Sum: 42.8]
      [GC Worker End (ms): Min: 10054.4, Avg: 10054.4, Max: 10054.4, Diff: 0.0]
   [Code Root Fixup: 0.0 ms]
   [Code Root Purge: 0.0 ms]
   [Clear CT: 0.9 ms]
   [Other: 2.4 ms]
      [Choose CSet: 0.0 ms]
      [Ref Proc: 0.8 ms]
      [Ref Enq: 0.0 ms]
      [Redirty Cards: 0.9 ms]
      [Humongous Register: 0.2 ms]
      [Humongous Reclaim: 0.1 ms]
      [Free CSet: 0.1 ms]
   [Eden: 92160.0K(92160.0K)->0.0B(942.0M) Survivors: 12288.0K->13312.0K Heap: 728.6M(2048.0M)->611.6M(2048.0M)]
 [Times: user=0.05 sys=0.00, real=0.01 secs] 
2021-01-22T00:58:37.123+0800: 10.159: [GC pause (G1 Humongous Allocation) (young) (initial-mark), 0.0337207 secs]
   [Parallel Time: 29.1 ms, GC Workers: 8]
      [GC Worker Start (ms): Min: 10158.9, Avg: 10159.1, Max: 10159.3, Diff: 0.4]
      [Ext Root Scanning (ms): Min: 0.0, Avg: 0.4, Max: 0.6, Diff: 0.6, Sum: 3.0]
      [Update RS (ms): Min: 12.1, Avg: 12.2, Max: 12.6, Diff: 0.5, Sum: 97.8]
         [Processed Buffers: Min: 140, Avg: 164.2, Max: 184, Diff: 44, Sum: 1314]
      [Scan RS (ms): Min: 0.1, Avg: 0.1, Max: 0.2, Diff: 0.1, Sum: 0.8]
      [Code Root Scanning (ms): Min: 0.0, Avg: 0.0, Max: 0.0, Diff: 0.0, Sum: 0.0]
      [Object Copy (ms): Min: 13.3, Avg: 13.7, Max: 15.2, Diff: 1.9, Sum: 109.9]
      [Termination (ms): Min: 0.0, Avg: 1.4, Max: 1.7, Diff: 1.7, Sum: 11.3]
         [Termination Attempts: Min: 1, Avg: 1.1, Max: 2, Diff: 1, Sum: 9]
      [GC Worker Other (ms): Min: 0.0, Avg: 0.0, Max: 0.1, Diff: 0.1, Sum: 0.3]
      [GC Worker Total (ms): Min: 27.7, Avg: 27.9, Max: 28.1, Diff: 0.5, Sum: 223.2]
      [GC Worker End (ms): Min: 10187.0, Avg: 10187.0, Max: 10187.1, Diff: 0.1]
   [Code Root Fixup: 0.0 ms]
   [Code Root Purge: 0.0 ms]
   [Clear CT: 1.3 ms]
   [Other: 3.4 ms]
      [Choose CSet: 0.0 ms]
      [Ref Proc: 1.5 ms]
      [Ref Enq: 0.0 ms]
      [Redirty Cards: 1.0 ms]
      [Humongous Register: 0.2 ms]
      [Humongous Reclaim: 0.2 ms]
      [Free CSet: 0.3 ms]
   [Eden: 670.0M(942.0M)->0.0B(829.0M) Survivors: 13312.0K->120.0M Heap: 1444.4M(2048.0M)->741.4M(2048.0M)]
 [Times: user=0.24 sys=0.00, real=0.03 secs] 
2021-01-22T00:58:37.157+0800: 10.193: [GC concurrent-root-region-scan-start]
2021-01-22T00:58:37.157+0800: 10.193: [GC concurrent-root-region-scan-end, 0.0002210 secs]
2021-01-22T00:58:37.157+0800: 10.193: [GC concurrent-mark-start]
2021-01-22T00:58:37.160+0800: 10.196: [GC concurrent-mark-end, 0.0025035 secs]
2021-01-22T00:58:37.160+0800: 10.196: [GC remark 2021-01-22T00:58:37.161+0800: 10.197: [Finalize Marking, 0.0009106 secs] 2021-01-22T00:58:37.162+0800: 10.198: [GC ref-proc, 0.0005895 secs] 2021-01-22T00:58:37.163+0800: 10.199: [Unloading, 0.0018163 secs], 0.0063623 secs]
 [Times: user=0.01 sys=0.00, real=0.00 secs] 
2021-01-22T00:58:37.168+0800: 10.204: [GC cleanup 763M->645M(2048M), 0.0030356 secs]
 [Times: user=0.01 sys=0.00, real=0.01 secs] 
2021-01-22T00:58:37.171+0800: 10.207: [GC concurrent-cleanup-start]
2021-01-22T00:58:37.171+0800: 10.207: [GC concurrent-cleanup-end, 0.0001026 secs]
2021-01-22T00:58:37.289+0800: 10.325: [GC pause (G1 Evacuation Pause) (young) (to-space exhausted), 0.0361213 secs]
   [Parallel Time: 32.5 ms, GC Workers: 8]
      [GC Worker Start (ms): Min: 10325.0, Avg: 10325.2, Max: 10325.3, Diff: 0.3]
      [Ext Root Scanning (ms): Min: 0.0, Avg: 0.1, Max: 0.2, Diff: 0.2, Sum: 0.5]
      [Update RS (ms): Min: 14.7, Avg: 14.7, Max: 14.8, Diff: 0.1, Sum: 117.7]
         [Processed Buffers: Min: 196, Avg: 217.6, Max: 226, Diff: 30, Sum: 1741]
      [Scan RS (ms): Min: 0.1, Avg: 0.1, Max: 0.2, Diff: 0.1, Sum: 1.1]
      [Code Root Scanning (ms): Min: 0.0, Avg: 0.0, Max: 0.0, Diff: 0.0, Sum: 0.0]
      [Object Copy (ms): Min: 16.5, Avg: 16.6, Max: 17.0, Diff: 0.5, Sum: 133.2]
      [Termination (ms): Min: 0.0, Avg: 0.3, Max: 0.5, Diff: 0.5, Sum: 2.5]
         [Termination Attempts: Min: 1, Avg: 1.0, Max: 1, Diff: 0, Sum: 8]
      [GC Worker Other (ms): Min: 0.0, Avg: 0.0, Max: 0.1, Diff: 0.0, Sum: 0.2]
      [GC Worker Total (ms): Min: 31.8, Avg: 31.9, Max: 32.0, Diff: 0.3, Sum: 255.2]
      [GC Worker End (ms): Min: 10357.1, Avg: 10357.1, Max: 10357.1, Diff: 0.0]
   [Code Root Fixup: 0.0 ms]
   [Code Root Purge: 0.0 ms]
   [Clear CT: 0.8 ms]
   [Other: 2.9 ms]
      [Evacuation Failure: 0.7 ms]
      [Choose CSet: 0.0 ms]
      [Ref Proc: 0.8 ms]
      [Ref Enq: 0.0 ms]
      [Redirty Cards: 0.7 ms]
      [Humongous Register: 0.1 ms]
      [Humongous Reclaim: 0.2 ms]
      [Free CSet: 0.3 ms]
   [Eden: 829.0M(829.0M)->0.0B(7168.0K) Survivors: 120.0M->119.0M Heap: 1668.8M(2048.0M)->827.2M(2048.0M)]
 [Times: user=0.26 sys=0.00, real=0.03 secs] 
2021-01-22T00:58:37.327+0800: 10.363: [GC pause (G1 Evacuation Pause) (mixed), 0.0142665 secs]
   [Parallel Time: 11.7 ms, GC Workers: 8]
      [GC Worker Start (ms): Min: 10363.5, Avg: 10363.7, Max: 10363.9, Diff: 0.4]
      [Ext Root Scanning (ms): Min: 0.0, Avg: 0.1, Max: 0.2, Diff: 0.2, Sum: 0.5]
      [Update RS (ms): Min: 0.0, Avg: 0.2, Max: 0.3, Diff: 0.3, Sum: 1.6]
         [Processed Buffers: Min: 0, Avg: 4.0, Max: 6, Diff: 6, Sum: 32]
      [Scan RS (ms): Min: 0.0, Avg: 0.1, Max: 0.1, Diff: 0.1, Sum: 0.6]
      [Code Root Scanning (ms): Min: 0.0, Avg: 0.0, Max: 0.0, Diff: 0.0, Sum: 0.0]
      [Object Copy (ms): Min: 10.9, Avg: 10.9, Max: 11.1, Diff: 0.1, Sum: 87.6]
      [Termination (ms): Min: 0.0, Avg: 0.1, Max: 0.1, Diff: 0.1, Sum: 0.9]
         [Termination Attempts: Min: 1, Avg: 1.1, Max: 2, Diff: 1, Sum: 9]
      [GC Worker Other (ms): Min: 0.0, Avg: 0.0, Max: 0.0, Diff: 0.0, Sum: 0.1]
      [GC Worker Total (ms): Min: 11.2, Avg: 11.4, Max: 11.6, Diff: 0.4, Sum: 91.3]
      [GC Worker End (ms): Min: 10375.1, Avg: 10375.1, Max: 10375.1, Diff: 0.0]
   [Code Root Fixup: 0.0 ms]
   [Code Root Purge: 0.0 ms]
   [Clear CT: 0.6 ms]
   [Other: 2.0 ms]
      [Choose CSet: 0.1 ms]
      [Ref Proc: 0.9 ms]
      [Ref Enq: 0.0 ms]
      [Redirty Cards: 0.5 ms]
      [Humongous Register: 0.1 ms]
      [Humongous Reclaim: 0.1 ms]
      [Free CSet: 0.2 ms]
   [Eden: 7168.0K(7168.0K)->0.0B(888.0M) Survivors: 119.0M->3072.0K Heap: 836.2M(2048.0M)->674.9M(2048.0M)]
 [Times: user=0.09 sys=0.00, real=0.02 secs] 
2021-01-22T00:58:37.411+0800: 10.447: [GC pause (G1 Humongous Allocation) (young) (initial-mark), 0.0231313 secs]
   [Parallel Time: 19.5 ms, GC Workers: 8]
      [GC Worker Start (ms): Min: 10446.8, Avg: 10447.0, Max: 10447.2, Diff: 0.4]
      [Ext Root Scanning (ms): Min: 0.0, Avg: 0.4, Max: 0.6, Diff: 0.5, Sum: 3.0]
      [Update RS (ms): Min: 8.1, Avg: 8.2, Max: 8.3, Diff: 0.3, Sum: 65.6]
         [Processed Buffers: Min: 107, Avg: 120.2, Max: 127, Diff: 20, Sum: 962]
      [Scan RS (ms): Min: 0.0, Avg: 0.1, Max: 0.1, Diff: 0.1, Sum: 0.5]
      [Code Root Scanning (ms): Min: 0.0, Avg: 0.0, Max: 0.0, Diff: 0.0, Sum: 0.0]
      [Object Copy (ms): Min: 9.6, Avg: 9.7, Max: 9.9, Diff: 0.3, Sum: 77.9]
      [Termination (ms): Min: 0.0, Avg: 0.2, Max: 0.3, Diff: 0.3, Sum: 1.7]
         [Termination Attempts: Min: 1, Avg: 1.1, Max: 2, Diff: 1, Sum: 9]
      [GC Worker Other (ms): Min: 0.0, Avg: 0.0, Max: 0.1, Diff: 0.1, Sum: 0.3]
      [GC Worker Total (ms): Min: 18.4, Avg: 18.6, Max: 18.8, Diff: 0.4, Sum: 149.1]
      [GC Worker End (ms): Min: 10465.6, Avg: 10465.7, Max: 10465.8, Diff: 0.1]
   [Code Root Fixup: 0.0 ms]
   [Code Root Purge: 0.0 ms]
   [Clear CT: 1.0 ms]
   [Other: 2.6 ms]
      [Choose CSet: 0.0 ms]
      [Ref Proc: 0.9 ms]
      [Ref Enq: 0.0 ms]
      [Redirty Cards: 1.0 ms]
      [Humongous Register: 0.1 ms]
      [Humongous Reclaim: 0.2 ms]
      [Free CSet: 0.2 ms]
   [Eden: 494.0M(888.0M)->0.0B(21504.0K) Survivors: 3072.0K->112.0M Heap: 1287.2M(2048.0M)->793.3M(2048.0M)]
 [Times: user=0.16 sys=0.00, real=0.02 secs] 
2021-01-22T00:58:37.435+0800: 10.471: [GC concurrent-root-region-scan-start]
2021-01-22T00:58:37.435+0800: 10.471: [GC concurrent-root-region-scan-end, 0.0002074 secs]
2021-01-22T00:58:37.435+0800: 10.471: [GC concurrent-mark-start]
2021-01-22T00:58:37.438+0800: 10.473: [GC concurrent-mark-end, 0.0025635 secs]
2021-01-22T00:58:37.438+0800: 10.474: [GC remark 2021-01-22T00:58:37.438+0800: 10.474: [Finalize Marking, 0.0012537 secs] 2021-01-22T00:58:37.440+0800: 10.476: [GC ref-proc, 0.0005257 secs] 2021-01-22T00:58:37.441+0800: 10.477: [Unloading, 0.0011758 secs], 0.0056150 secs]
 [Times: user=0.01 sys=0.00, real=0.01 secs] 
2021-01-22T00:58:37.444+0800: 10.480: [GC cleanup 818M->660M(2048M), 0.0036848 secs]
 [Times: user=0.01 sys=0.00, real=0.01 secs] 
2021-01-22T00:58:37.449+0800: 10.484: [GC concurrent-cleanup-start]
2021-01-22T00:58:37.449+0800: 10.485: [GC concurrent-cleanup-end, 0.0001000 secs]
2021-01-22T00:58:37.449+0800: 10.485: [GC pause (G1 Evacuation Pause) (young), 0.0138333 secs]
   [Parallel Time: 10.8 ms, GC Workers: 8]
      [GC Worker Start (ms): Min: 10485.2, Avg: 10485.3, Max: 10485.5, Diff: 0.3]
      [Ext Root Scanning (ms): Min: 0.0, Avg: 0.1, Max: 0.2, Diff: 0.2, Sum: 0.5]
      [Update RS (ms): Min: 0.4, Avg: 0.5, Max: 0.5, Diff: 0.1, Sum: 3.7]
         [Processed Buffers: Min: 6, Avg: 6.9, Max: 8, Diff: 2, Sum: 55]
      [Scan RS (ms): Min: 0.0, Avg: 0.0, Max: 0.0, Diff: 0.0, Sum: 0.1]
      [Code Root Scanning (ms): Min: 0.0, Avg: 0.0, Max: 0.0, Diff: 0.0, Sum: 0.0]
      [Object Copy (ms): Min: 9.4, Avg: 9.5, Max: 9.9, Diff: 0.5, Sum: 76.4]
      [Termination (ms): Min: 0.0, Avg: 0.4, Max: 0.5, Diff: 0.5, Sum: 3.2]
         [Termination Attempts: Min: 1, Avg: 1.0, Max: 1, Diff: 0, Sum: 8]
      [GC Worker Other (ms): Min: 0.0, Avg: 0.0, Max: 0.0, Diff: 0.0, Sum: 0.1]
      [GC Worker Total (ms): Min: 10.4, Avg: 10.5, Max: 10.6, Diff: 0.3, Sum: 84.0]
      [GC Worker End (ms): Min: 10495.8, Avg: 10495.8, Max: 10495.9, Diff: 0.1]
   [Code Root Fixup: 0.0 ms]
   [Code Root Purge: 0.0 ms]
   [Clear CT: 0.9 ms]
   [Other: 2.2 ms]
      [Choose CSet: 0.0 ms]
      [Ref Proc: 0.7 ms]
      [Ref Enq: 0.0 ms]
      [Redirty Cards: 1.0 ms]
      [Humongous Register: 0.1 ms]
      [Humongous Reclaim: 0.1 ms]
      [Free CSet: 0.1 ms]
   [Eden: 21504.0K(21504.0K)->0.0B(99328.0K) Survivors: 112.0M->5120.0K Heap: 662.2M(2048.0M)->640.6M(2048.0M)]
 [Times: user=0.09 sys=0.00, real=0.01 secs] 
2021-01-22T00:58:37.476+0800: 10.512: [GC pause (G1 Evacuation Pause) (mixed), 0.0109756 secs]
   [Parallel Time: 7.6 ms, GC Workers: 8]
      [GC Worker Start (ms): Min: 10512.6, Avg: 10512.8, Max: 10512.9, Diff: 0.3]
      [Ext Root Scanning (ms): Min: 0.0, Avg: 0.1, Max: 0.3, Diff: 0.3, Sum: 0.7]
      [Update RS (ms): Min: 1.6, Avg: 1.7, Max: 1.7, Diff: 0.1, Sum: 13.2]
         [Processed Buffers: Min: 23, Avg: 24.8, Max: 26, Diff: 3, Sum: 198]
      [Scan RS (ms): Min: 0.0, Avg: 0.1, Max: 0.1, Diff: 0.1, Sum: 0.6]
      [Code Root Scanning (ms): Min: 0.0, Avg: 0.0, Max: 0.0, Diff: 0.0, Sum: 0.0]
      [Object Copy (ms): Min: 4.7, Avg: 4.9, Max: 5.4, Diff: 0.7, Sum: 39.1]
      [Termination (ms): Min: 0.0, Avg: 0.5, Max: 0.6, Diff: 0.6, Sum: 3.9]
         [Termination Attempts: Min: 1, Avg: 1.1, Max: 2, Diff: 1, Sum: 9]
      [GC Worker Other (ms): Min: 0.0, Avg: 0.0, Max: 0.0, Diff: 0.0, Sum: 0.0]
      [GC Worker Total (ms): Min: 7.1, Avg: 7.2, Max: 7.4, Diff: 0.3, Sum: 57.7]
      [GC Worker End (ms): Min: 10520.0, Avg: 10520.0, Max: 10520.0, Diff: 0.0]
   [Code Root Fixup: 0.0 ms]
   [Code Root Purge: 0.0 ms]
   [Clear CT: 1.2 ms]
   [Other: 2.2 ms]
      [Choose CSet: 0.1 ms]
      [Ref Proc: 0.6 ms]
      [Ref Enq: 0.0 ms]
      [Redirty Cards: 1.0 ms]
      [Humongous Register: 0.1 ms]
      [Humongous Reclaim: 0.1 ms]
      [Free CSet: 0.2 ms]
   [Eden: 99328.0K(99328.0K)->0.0B(383.0M) Survivors: 5120.0K->13312.0K Heap: 761.1M(2048.0M)->527.9M(2048.0M)]
 [Times: user=0.07 sys=0.00, real=0.01 secs] 
2021-01-22T00:58:37.542+0800: 10.578: [GC pause (G1 Evacuation Pause) (young), 0.0196693 secs]
   [Parallel Time: 16.3 ms, GC Workers: 8]
      [GC Worker Start (ms): Min: 10578.2, Avg: 10578.3, Max: 10578.5, Diff: 0.3]
      [Ext Root Scanning (ms): Min: 0.0, Avg: 0.1, Max: 0.2, Diff: 0.2, Sum: 0.4]
      [Update RS (ms): Min: 7.1, Avg: 7.1, Max: 7.2, Diff: 0.1, Sum: 57.2]
         [Processed Buffers: Min: 101, Avg: 105.9, Max: 110, Diff: 9, Sum: 847]
      [Scan RS (ms): Min: 0.0, Avg: 0.0, Max: 0.1, Diff: 0.0, Sum: 0.3]
      [Code Root Scanning (ms): Min: 0.0, Avg: 0.0, Max: 0.0, Diff: 0.0, Sum: 0.0]
      [Object Copy (ms): Min: 8.4, Avg: 8.4, Max: 8.4, Diff: 0.1, Sum: 67.2]
      [Termination (ms): Min: 0.0, Avg: 0.1, Max: 0.1, Diff: 0.1, Sum: 0.4]
         [Termination Attempts: Min: 1, Avg: 1.0, Max: 1, Diff: 0, Sum: 8]
      [GC Worker Other (ms): Min: 0.0, Avg: 0.0, Max: 0.0, Diff: 0.0, Sum: 0.1]
      [GC Worker Total (ms): Min: 15.6, Avg: 15.7, Max: 15.9, Diff: 0.3, Sum: 125.7]
      [GC Worker End (ms): Min: 10594.0, Avg: 10594.1, Max: 10594.1, Diff: 0.0]
   [Code Root Fixup: 0.0 ms]
   [Code Root Purge: 0.0 ms]
   [Clear CT: 0.9 ms]
   [Other: 2.4 ms]
      [Choose CSet: 0.0 ms]
      [Ref Proc: 0.9 ms]
      [Ref Enq: 0.0 ms]
      [Redirty Cards: 0.9 ms]
      [Humongous Register: 0.1 ms]
      [Humongous Reclaim: 0.2 ms]
      [Free CSet: 0.2 ms]
   [Eden: 383.0M(383.0M)->0.0B(338.0M) Survivors: 13312.0K->51200.0K Heap: 1015.5M(2048.0M)->633.2M(2048.0M)]
 [Times: user=0.14 sys=0.00, real=0.02 secs] 
2021-01-22T00:58:37.610+0800: 10.646: [GC pause (G1 Evacuation Pause) (young), 0.0213185 secs]
   [Parallel Time: 17.8 ms, GC Workers: 8]
      [GC Worker Start (ms): Min: 10646.1, Avg: 10647.2, Max: 10654.2, Diff: 8.1]
      [Ext Root Scanning (ms): Min: 0.0, Avg: 0.1, Max: 0.2, Diff: 0.2, Sum: 0.5]
      [Update RS (ms): Min: 0.0, Avg: 5.8, Max: 6.7, Diff: 6.7, Sum: 46.7]
         [Processed Buffers: Min: 0, Avg: 93.4, Max: 131, Diff: 131, Sum: 747]
      [Scan RS (ms): Min: 0.0, Avg: 0.1, Max: 0.2, Diff: 0.2, Sum: 0.5]
      [Code Root Scanning (ms): Min: 0.0, Avg: 0.0, Max: 0.0, Diff: 0.0, Sum: 0.0]
      [Object Copy (ms): Min: 8.9, Avg: 10.1, Max: 10.3, Diff: 1.4, Sum: 80.4]
      [Termination (ms): Min: 0.0, Avg: 0.0, Max: 0.1, Diff: 0.1, Sum: 0.3]
         [Termination Attempts: Min: 1, Avg: 1.0, Max: 1, Diff: 0, Sum: 8]
      [GC Worker Other (ms): Min: 0.0, Avg: 0.0, Max: 0.0, Diff: 0.0, Sum: 0.1]
      [GC Worker Total (ms): Min: 9.1, Avg: 16.1, Max: 17.2, Diff: 8.1, Sum: 128.6]
      [GC Worker End (ms): Min: 10663.3, Avg: 10663.3, Max: 10663.3, Diff: 0.0]
   [Code Root Fixup: 0.0 ms]
   [Code Root Purge: 0.0 ms]
   [Clear CT: 1.6 ms]
   [Other: 1.9 ms]
      [Choose CSet: 0.0 ms]
      [Ref Proc: 0.4 ms]
      [Ref Enq: 0.0 ms]
      [Redirty Cards: 0.9 ms]
      [Humongous Register: 0.1 ms]
      [Humongous Reclaim: 0.1 ms]
      [Free CSet: 0.1 ms]
   [Eden: 338.0M(338.0M)->0.0B(408.0M) Survivors: 51200.0K->50176.0K Heap: 1063.4M(2048.0M)->707.8M(2048.0M)]
 [Times: user=0.14 sys=0.00, real=0.02 secs] 
2021-01-22T00:58:37.720+0800: 10.756: [GC pause (G1 Evacuation Pause) (young), 0.0315618 secs]
   [Parallel Time: 26.5 ms, GC Workers: 8]
      [GC Worker Start (ms): Min: 10756.1, Avg: 10756.2, Max: 10756.4, Diff: 0.3]
      [Ext Root Scanning (ms): Min: 0.0, Avg: 0.1, Max: 0.2, Diff: 0.2, Sum: 0.6]
      [Update RS (ms): Min: 7.1, Avg: 8.2, Max: 15.1, Diff: 7.9, Sum: 65.6]
         [Processed Buffers: Min: 21, Avg: 97.9, Max: 114, Diff: 93, Sum: 783]
      [Scan RS (ms): Min: 0.0, Avg: 0.1, Max: 0.1, Diff: 0.1, Sum: 0.5]
      [Code Root Scanning (ms): Min: 0.0, Avg: 0.0, Max: 0.0, Diff: 0.0, Sum: 0.0]
      [Object Copy (ms): Min: 7.5, Avg: 14.8, Max: 18.5, Diff: 11.0, Sum: 118.8]
      [Termination (ms): Min: 0.0, Avg: 2.7, Max: 3.3, Diff: 3.3, Sum: 22.0]
         [Termination Attempts: Min: 1, Avg: 1.0, Max: 1, Diff: 0, Sum: 8]
      [GC Worker Other (ms): Min: 0.0, Avg: 0.0, Max: 0.0, Diff: 0.0, Sum: 0.1]
      [GC Worker Total (ms): Min: 25.8, Avg: 25.9, Max: 26.3, Diff: 0.5, Sum: 207.5]
      [GC Worker End (ms): Min: 10782.2, Avg: 10782.2, Max: 10782.4, Diff: 0.2]
   [Code Root Fixup: 0.0 ms]
   [Code Root Purge: 0.0 ms]
   [Clear CT: 0.7 ms]
   [Other: 4.4 ms]
      [Choose CSet: 0.0 ms]
      [Ref Proc: 2.8 ms]
      [Ref Enq: 0.0 ms]
      [Redirty Cards: 0.5 ms]
      [Humongous Register: 0.4 ms]
      [Humongous Reclaim: 0.3 ms]
      [Free CSet: 0.3 ms]
   [Eden: 408.0M(408.0M)->0.0B(449.0M) Survivors: 50176.0K->59392.0K Heap: 1212.6M(2048.0M)->788.1M(2048.0M)]
 [Times: user=0.23 sys=0.00, real=0.03 secs] 
2021-01-22T00:58:37.794+0800: 10.830: [GC pause (G1 Humongous Allocation) (young) (initial-mark), 0.0197374 secs]
   [Parallel Time: 16.8 ms, GC Workers: 8]
      [GC Worker Start (ms): Min: 10830.3, Avg: 10830.4, Max: 10830.6, Diff: 0.3]
      [Ext Root Scanning (ms): Min: 0.0, Avg: 0.3, Max: 0.4, Diff: 0.4, Sum: 2.1]
      [Update RS (ms): Min: 5.3, Avg: 5.4, Max: 5.6, Diff: 0.2, Sum: 43.4]
         [Processed Buffers: Min: 63, Avg: 80.9, Max: 86, Diff: 23, Sum: 647]
      [Scan RS (ms): Min: 0.0, Avg: 0.0, Max: 0.0, Diff: 0.0, Sum: 0.3]
      [Code Root Scanning (ms): Min: 0.0, Avg: 0.0, Max: 0.0, Diff: 0.0, Sum: 0.0]
      [Object Copy (ms): Min: 10.4, Avg: 10.5, Max: 10.6, Diff: 0.2, Sum: 83.6]
      [Termination (ms): Min: 0.0, Avg: 0.2, Max: 0.2, Diff: 0.2, Sum: 1.2]
         [Termination Attempts: Min: 1, Avg: 1.1, Max: 2, Diff: 1, Sum: 9]
      [GC Worker Other (ms): Min: 0.0, Avg: 0.0, Max: 0.0, Diff: 0.0, Sum: 0.1]
      [GC Worker Total (ms): Min: 16.2, Avg: 16.3, Max: 16.5, Diff: 0.3, Sum: 130.7]
      [GC Worker End (ms): Min: 10846.8, Avg: 10846.8, Max: 10846.8, Diff: 0.0]
   [Code Root Fixup: 0.0 ms]
   [Code Root Purge: 0.0 ms]
   [Clear CT: 0.7 ms]
   [Other: 2.3 ms]
      [Choose CSet: 0.0 ms]
      [Ref Proc: 1.2 ms]
      [Ref Enq: 0.0 ms]
      [Redirty Cards: 0.4 ms]
      [Humongous Register: 0.1 ms]
      [Humongous Reclaim: 0.1 ms]
      [Free CSet: 0.1 ms]
   [Eden: 277.0M(449.0M)->0.0B(565.0M) Survivors: 59392.0K->65536.0K Heap: 1144.5M(2048.0M)->851.6M(2048.0M)]
 [Times: user=0.14 sys=0.00, real=0.02 secs] 
2021-01-22T00:58:37.814+0800: 10.850: [GC concurrent-root-region-scan-start]
2021-01-22T00:58:37.814+0800: 10.850: [GC concurrent-root-region-scan-end, 0.0001774 secs]
2021-01-22T00:58:37.814+0800: 10.850: [GC concurrent-mark-start]
2021-01-22T00:58:37.818+0800: 10.854: [GC concurrent-mark-end, 0.0031315 secs]
2021-01-22T00:58:37.818+0800: 10.854: [GC remark 2021-01-22T00:58:37.818+0800: 10.854: [Finalize Marking, 0.0005500 secs] 2021-01-22T00:58:37.819+0800: 10.855: [GC ref-proc, 0.0003363 secs] 2021-01-22T00:58:37.819+0800: 10.855: [Unloading, 0.0008769 secs], 0.0035676 secs]
 [Times: user=0.01 sys=0.00, real=0.01 secs] 
2021-01-22T00:58:37.822+0800: 10.858: [GC cleanup 884M->711M(2048M), 0.0021408 secs]
 [Times: user=0.01 sys=0.00, real=0.00 secs] 
2021-01-22T00:58:37.824+0800: 10.860: [GC concurrent-cleanup-start]
2021-01-22T00:58:37.825+0800: 10.860: [GC concurrent-cleanup-end, 0.0001436 secs]
2021-01-22T00:58:37.903+0800: 10.939: [GC pause (G1 Evacuation Pause) (young), 0.0290963 secs]
   [Parallel Time: 26.2 ms, GC Workers: 8]
      [GC Worker Start (ms): Min: 10939.2, Avg: 10939.4, Max: 10939.6, Diff: 0.4]
      [Ext Root Scanning (ms): Min: 0.0, Avg: 0.1, Max: 0.2, Diff: 0.2, Sum: 0.6]
      [Update RS (ms): Min: 11.2, Avg: 11.4, Max: 12.7, Diff: 1.5, Sum: 91.6]
         [Processed Buffers: Min: 155, Avg: 163.9, Max: 177, Diff: 22, Sum: 1311]
      [Scan RS (ms): Min: 0.1, Avg: 0.1, Max: 0.3, Diff: 0.3, Sum: 0.9]
      [Code Root Scanning (ms): Min: 0.0, Avg: 0.0, Max: 0.0, Diff: 0.0, Sum: 0.0]
      [Object Copy (ms): Min: 12.4, Avg: 13.9, Max: 14.2, Diff: 1.8, Sum: 111.3]
      [Termination (ms): Min: 0.0, Avg: 0.1, Max: 0.1, Diff: 0.1, Sum: 0.5]
         [Termination Attempts: Min: 1, Avg: 1.0, Max: 1, Diff: 0, Sum: 8]
      [GC Worker Other (ms): Min: 0.0, Avg: 0.0, Max: 0.0, Diff: 0.0, Sum: 0.1]
      [GC Worker Total (ms): Min: 25.5, Avg: 25.6, Max: 25.8, Diff: 0.3, Sum: 205.0]
      [GC Worker End (ms): Min: 10965.0, Avg: 10965.0, Max: 10965.0, Diff: 0.0]
   [Code Root Fixup: 0.0 ms]
   [Code Root Purge: 0.0 ms]
   [Clear CT: 0.6 ms]
   [Other: 2.2 ms]
      [Choose CSet: 0.0 ms]
      [Ref Proc: 1.0 ms]
      [Ref Enq: 0.0 ms]
      [Redirty Cards: 0.5 ms]
      [Humongous Register: 0.2 ms]
      [Humongous Reclaim: 0.2 ms]
      [Free CSet: 0.2 ms]
   [Eden: 565.0M(565.0M)->0.0B(23552.0K) Survivors: 65536.0K->80896.0K Heap: 1406.3M(2048.0M)->786.9M(2048.0M)]
 [Times: user=0.22 sys=0.00, real=0.03 secs] 
2021-01-22T00:58:37.935+0800: 10.971: [GC pause (G1 Evacuation Pause) (mixed), 0.0117323 secs]
   [Parallel Time: 9.1 ms, GC Workers: 8]
      [GC Worker Start (ms): Min: 10971.3, Avg: 10971.4, Max: 10971.6, Diff: 0.3]
      [Ext Root Scanning (ms): Min: 0.0, Avg: 0.1, Max: 0.2, Diff: 0.2, Sum: 0.7]
      [Update RS (ms): Min: 0.3, Avg: 0.3, Max: 0.3, Diff: 0.1, Sum: 2.3]
         [Processed Buffers: Min: 3, Avg: 4.8, Max: 6, Diff: 3, Sum: 38]
      [Scan RS (ms): Min: 0.1, Avg: 0.1, Max: 0.1, Diff: 0.0, Sum: 0.6]
      [Code Root Scanning (ms): Min: 0.0, Avg: 0.0, Max: 0.0, Diff: 0.0, Sum: 0.0]
      [Object Copy (ms): Min: 8.2, Avg: 8.2, Max: 8.3, Diff: 0.2, Sum: 65.8]
      [Termination (ms): Min: 0.0, Avg: 0.1, Max: 0.2, Diff: 0.2, Sum: 0.9]
         [Termination Attempts: Min: 1, Avg: 1.0, Max: 1, Diff: 0, Sum: 8]
      [GC Worker Other (ms): Min: 0.0, Avg: 0.0, Max: 0.0, Diff: 0.0, Sum: 0.1]
      [GC Worker Total (ms): Min: 8.7, Avg: 8.8, Max: 8.9, Diff: 0.3, Sum: 70.3]
      [GC Worker End (ms): Min: 10980.2, Avg: 10980.2, Max: 10980.2, Diff: 0.0]
   [Code Root Fixup: 0.0 ms]
   [Code Root Purge: 0.0 ms]
   [Clear CT: 0.7 ms]
   [Other: 1.9 ms]
      [Choose CSet: 0.1 ms]
      [Ref Proc: 0.7 ms]
      [Ref Enq: 0.0 ms]
      [Redirty Cards: 0.7 ms]
      [Humongous Register: 0.1 ms]
      [Humongous Reclaim: 0.1 ms]
      [Free CSet: 0.2 ms]
   [Eden: 23552.0K(23552.0K)->0.0B(94208.0K) Survivors: 80896.0K->10240.0K Heap: 813.4M(2048.0M)->601.7M(2048.0M)]
 [Times: user=0.08 sys=0.00, real=0.01 secs] 
2021-01-22T00:58:37.961+0800: 10.997: [GC pause (G1 Evacuation Pause) (mixed), 0.0082059 secs]
   [Parallel Time: 5.6 ms, GC Workers: 8]
      [GC Worker Start (ms): Min: 10997.0, Avg: 10997.9, Max: 11002.5, Diff: 5.4]
      [Ext Root Scanning (ms): Min: 0.0, Avg: 0.1, Max: 0.2, Diff: 0.2, Sum: 0.5]
      [Update RS (ms): Min: 0.0, Avg: 1.6, Max: 1.9, Diff: 1.9, Sum: 13.0]
         [Processed Buffers: Min: 0, Avg: 24.6, Max: 29, Diff: 29, Sum: 197]
      [Scan RS (ms): Min: 0.0, Avg: 0.0, Max: 0.1, Diff: 0.1, Sum: 0.2]
      [Code Root Scanning (ms): Min: 0.0, Avg: 0.0, Max: 0.0, Diff: 0.0, Sum: 0.0]
      [Object Copy (ms): Min: 0.0, Avg: 2.8, Max: 3.2, Diff: 3.2, Sum: 22.3]
      [Termination (ms): Min: 0.0, Avg: 0.2, Max: 0.2, Diff: 0.2, Sum: 1.2]
         [Termination Attempts: Min: 1, Avg: 1.0, Max: 1, Diff: 0, Sum: 8]
      [GC Worker Other (ms): Min: 0.0, Avg: 0.0, Max: 0.0, Diff: 0.0, Sum: 0.0]
      [GC Worker Total (ms): Min: 0.0, Avg: 4.7, Max: 5.5, Diff: 5.4, Sum: 37.3]
      [GC Worker End (ms): Min: 11002.5, Avg: 11002.5, Max: 11002.5, Diff: 0.1]
   [Code Root Fixup: 0.0 ms]
   [Code Root Purge: 0.0 ms]
   [Clear CT: 0.7 ms]
   [Other: 1.9 ms]
      [Choose CSet: 0.0 ms]
      [Ref Proc: 0.7 ms]
      [Ref Enq: 0.0 ms]
      [Redirty Cards: 0.6 ms]
      [Humongous Register: 0.1 ms]
      [Humongous Reclaim: 0.1 ms]
      [Free CSet: 0.1 ms]
   [Eden: 94208.0K(94208.0K)->0.0B(830.0M) Survivors: 10240.0K->13312.0K Heap: 717.1M(2048.0M)->609.8M(2048.0M)]
 [Times: user=0.04 sys=0.00, real=0.01 secs] 
2021-01-22T00:58:38.063+0800: 11.099: [GC pause (G1 Humongous Allocation) (young) (initial-mark), 0.0281777 secs]
   [Parallel Time: 24.7 ms, GC Workers: 8]
      [GC Worker Start (ms): Min: 11099.6, Avg: 11099.8, Max: 11100.0, Diff: 0.4]
      [Ext Root Scanning (ms): Min: 0.0, Avg: 0.4, Max: 0.5, Diff: 0.5, Sum: 2.9]
      [Update RS (ms): Min: 11.2, Avg: 11.3, Max: 11.4, Diff: 0.3, Sum: 90.4]
         [Processed Buffers: Min: 161, Avg: 166.9, Max: 172, Diff: 11, Sum: 1335]
      [Scan RS (ms): Min: 0.1, Avg: 0.1, Max: 0.1, Diff: 0.0, Sum: 0.6]
      [Code Root Scanning (ms): Min: 0.0, Avg: 0.0, Max: 0.0, Diff: 0.0, Sum: 0.0]
      [Object Copy (ms): Min: 12.0, Avg: 12.1, Max: 12.3, Diff: 0.3, Sum: 96.6]
      [Termination (ms): Min: 0.0, Avg: 0.2, Max: 0.3, Diff: 0.3, Sum: 1.8]
         [Termination Attempts: Min: 1, Avg: 1.2, Max: 2, Diff: 1, Sum: 10]
      [GC Worker Other (ms): Min: 0.0, Avg: 0.0, Max: 0.1, Diff: 0.1, Sum: 0.2]
      [GC Worker Total (ms): Min: 23.9, Avg: 24.1, Max: 24.2, Diff: 0.3, Sum: 192.6]
      [GC Worker End (ms): Min: 11123.9, Avg: 11123.9, Max: 11123.9, Diff: 0.1]
   [Code Root Fixup: 0.0 ms]
   [Code Root Purge: 0.0 ms]
   [Clear CT: 1.0 ms]
   [Other: 2.5 ms]
      [Choose CSet: 0.0 ms]
      [Ref Proc: 0.6 ms]
      [Ref Enq: 0.0 ms]
      [Redirty Cards: 0.9 ms]
      [Humongous Register: 0.2 ms]
      [Humongous Reclaim: 0.3 ms]
      [Free CSet: 0.2 ms]
   [Eden: 620.0M(830.0M)->0.0B(810.0M) Survivors: 13312.0K->106.0M Heap: 1395.5M(2048.0M)->740.7M(2048.0M)]
 [Times: user=0.20 sys=0.00, real=0.03 secs] 
2021-01-22T00:58:38.092+0800: 11.128: [GC concurrent-root-region-scan-start]
2021-01-22T00:58:38.093+0800: 11.129: [GC concurrent-root-region-scan-end, 0.0002956 secs]
2021-01-22T00:58:38.093+0800: 11.129: [GC concurrent-mark-start]
2021-01-22T00:58:38.095+0800: 11.131: [GC concurrent-mark-end, 0.0024496 secs]
2021-01-22T00:58:38.095+0800: 11.131: [GC remark 2021-01-22T00:58:38.096+0800: 11.132: [Finalize Marking, 0.0010143 secs] 2021-01-22T00:58:38.097+0800: 11.133: [GC ref-proc, 0.0003883 secs] 2021-01-22T00:58:38.098+0800: 11.134: [Unloading, 0.0011916 secs], 0.0048498 secs]
 [Times: user=0.01 sys=0.01, real=0.01 secs] 
2021-01-22T00:58:38.101+0800: 11.137: [GC cleanup 773M->649M(2048M), 0.0025038 secs]
 [Times: user=0.00 sys=0.00, real=0.00 secs] 
2021-01-22T00:58:38.104+0800: 11.140: [GC concurrent-cleanup-start]
2021-01-22T00:58:38.104+0800: 11.140: [GC concurrent-cleanup-end, 0.0000658 secs]
2021-01-22T00:58:38.221+0800: 11.257: [GC pause (G1 Evacuation Pause) (young), 0.0390441 secs]
   [Parallel Time: 35.6 ms, GC Workers: 8]
      [GC Worker Start (ms): Min: 11257.4, Avg: 11257.6, Max: 11257.9, Diff: 0.5]
      [Ext Root Scanning (ms): Min: 0.0, Avg: 0.1, Max: 0.2, Diff: 0.2, Sum: 0.5]
      [Update RS (ms): Min: 14.9, Avg: 15.2, Max: 15.6, Diff: 0.7, Sum: 121.6]
         [Processed Buffers: Min: 184, Avg: 206.4, Max: 236, Diff: 52, Sum: 1651]
      [Scan RS (ms): Min: 0.1, Avg: 0.1, Max: 0.2, Diff: 0.0, Sum: 1.0]
      [Code Root Scanning (ms): Min: 0.0, Avg: 0.0, Max: 0.0, Diff: 0.0, Sum: 0.0]
      [Object Copy (ms): Min: 18.1, Avg: 18.7, Max: 19.4, Diff: 1.3, Sum: 149.3]
      [Termination (ms): Min: 0.0, Avg: 0.7, Max: 0.8, Diff: 0.8, Sum: 5.3]
         [Termination Attempts: Min: 1, Avg: 1.0, Max: 1, Diff: 0, Sum: 8]
      [GC Worker Other (ms): Min: 0.0, Avg: 0.0, Max: 0.0, Diff: 0.0, Sum: 0.1]
      [GC Worker Total (ms): Min: 34.5, Avg: 34.7, Max: 34.9, Diff: 0.5, Sum: 277.8]
      [GC Worker End (ms): Min: 11292.3, Avg: 11292.3, Max: 11292.4, Diff: 0.1]
   [Code Root Fixup: 0.0 ms]
   [Code Root Purge: 0.0 ms]
   [Clear CT: 1.0 ms]
   [Other: 2.4 ms]
      [Choose CSet: 0.0 ms]
      [Ref Proc: 0.4 ms]
      [Ref Enq: 0.0 ms]
      [Redirty Cards: 1.0 ms]
      [Humongous Register: 0.2 ms]
      [Humongous Reclaim: 0.3 ms]
      [Free CSet: 0.4 ms]
   [Eden: 810.0M(810.0M)->0.0B(7168.0K) Survivors: 106.0M->115.0M Heap: 1631.8M(2048.0M)->715.5M(2048.0M)]
 [Times: user=0.26 sys=0.01, real=0.04 secs] 
2021-01-22T00:58:38.262+0800: 11.298: [GC pause (G1 Evacuation Pause) (mixed), 0.0182637 secs]
   [Parallel Time: 13.6 ms, GC Workers: 8]
      [GC Worker Start (ms): Min: 11298.8, Avg: 11298.9, Max: 11299.1, Diff: 0.3]
      [Ext Root Scanning (ms): Min: 0.0, Avg: 0.1, Max: 0.4, Diff: 0.4, Sum: 0.9]
      [Update RS (ms): Min: 0.1, Avg: 0.2, Max: 0.3, Diff: 0.2, Sum: 1.8]
         [Processed Buffers: Min: 2, Avg: 3.6, Max: 5, Diff: 3, Sum: 29]
      [Scan RS (ms): Min: 0.0, Avg: 0.1, Max: 0.1, Diff: 0.0, Sum: 0.4]
      [Code Root Scanning (ms): Min: 0.0, Avg: 0.0, Max: 0.0, Diff: 0.0, Sum: 0.0]
      [Object Copy (ms): Min: 11.3, Avg: 11.4, Max: 12.4, Diff: 1.1, Sum: 91.6]
      [Termination (ms): Min: 0.0, Avg: 0.9, Max: 1.1, Diff: 1.1, Sum: 7.5]
         [Termination Attempts: Min: 1, Avg: 1.5, Max: 3, Diff: 2, Sum: 12]
      [GC Worker Other (ms): Min: 0.0, Avg: 0.0, Max: 0.0, Diff: 0.0, Sum: 0.1]
      [GC Worker Total (ms): Min: 12.6, Avg: 12.8, Max: 13.0, Diff: 0.4, Sum: 102.2]
      [GC Worker End (ms): Min: 11311.7, Avg: 11311.7, Max: 11311.8, Diff: 0.0]
   [Code Root Fixup: 0.0 ms]
   [Code Root Purge: 0.0 ms]
   [Clear CT: 0.6 ms]
   [Other: 4.0 ms]
      [Choose CSet: 0.1 ms]
      [Ref Proc: 2.4 ms]
      [Ref Enq: 0.0 ms]
      [Redirty Cards: 0.9 ms]
      [Humongous Register: 0.2 ms]
      [Humongous Reclaim: 0.1 ms]
      [Free CSet: 0.2 ms]
   [Eden: 7168.0K(7168.0K)->0.0B(957.0M) Survivors: 115.0M->2048.0K Heap: 725.0M(2048.0M)->572.0M(2048.0M)]
 [Times: user=0.12 sys=0.00, real=0.02 secs] 
2021-01-22T00:58:38.386+0800: 11.422: [GC pause (G1 Humongous Allocation) (young) (initial-mark), 0.0292584 secs]
   [Parallel Time: 27.1 ms, GC Workers: 8]
      [GC Worker Start (ms): Min: 11422.1, Avg: 11422.3, Max: 11422.5, Diff: 0.3]
      [Ext Root Scanning (ms): Min: 0.0, Avg: 0.3, Max: 0.5, Diff: 0.5, Sum: 2.6]
      [Update RS (ms): Min: 12.9, Avg: 13.0, Max: 13.1, Diff: 0.2, Sum: 104.1]
         [Processed Buffers: Min: 160, Avg: 186.0, Max: 199, Diff: 39, Sum: 1488]
      [Scan RS (ms): Min: 0.1, Avg: 0.1, Max: 0.1, Diff: 0.0, Sum: 0.9]
      [Code Root Scanning (ms): Min: 0.0, Avg: 0.0, Max: 0.0, Diff: 0.0, Sum: 0.0]
      [Object Copy (ms): Min: 12.5, Avg: 12.6, Max: 13.0, Diff: 0.5, Sum: 101.0]
      [Termination (ms): Min: 0.0, Avg: 0.4, Max: 0.5, Diff: 0.5, Sum: 3.2]
         [Termination Attempts: Min: 1, Avg: 1.1, Max: 2, Diff: 1, Sum: 9]
      [GC Worker Other (ms): Min: 0.0, Avg: 0.0, Max: 0.1, Diff: 0.1, Sum: 0.2]
      [GC Worker Total (ms): Min: 26.3, Avg: 26.5, Max: 26.6, Diff: 0.3, Sum: 212.0]
      [GC Worker End (ms): Min: 11448.8, Avg: 11448.8, Max: 11448.8, Diff: 0.1]
   [Code Root Fixup: 0.0 ms]
   [Code Root Purge: 0.0 ms]
   [Clear CT: 0.5 ms]
   [Other: 1.7 ms]
      [Choose CSet: 0.0 ms]
      [Ref Proc: 0.5 ms]
      [Ref Enq: 0.0 ms]
      [Redirty Cards: 0.4 ms]
      [Humongous Register: 0.1 ms]
      [Humongous Reclaim: 0.2 ms]
      [Free CSet: 0.3 ms]
   [Eden: 702.0M(957.0M)->0.0B(838.0M) Survivors: 2048.0K->120.0M Heap: 1458.1M(2048.0M)->724.0M(2048.0M)]
 [Times: user=0.21 sys=0.00, real=0.03 secs] 
2021-01-22T00:58:38.416+0800: 11.451: [GC concurrent-root-region-scan-start]
2021-01-22T00:58:38.416+0800: 11.452: [GC concurrent-root-region-scan-end, 0.0001674 secs]
2021-01-22T00:58:38.416+0800: 11.452: [GC concurrent-mark-start]
2021-01-22T00:58:38.418+0800: 11.454: [GC concurrent-mark-end, 0.0022017 secs]
2021-01-22T00:58:38.418+0800: 11.454: [GC remark 2021-01-22T00:58:38.418+0800: 11.454: [Finalize Marking, 0.0006174 secs] 2021-01-22T00:58:38.419+0800: 11.455: [GC ref-proc, 0.0003268 secs] 2021-01-22T00:58:38.420+0800: 11.456: [Unloading, 0.0007873 secs], 0.0032346 secs]
 [Times: user=0.01 sys=0.00, real=0.00 secs] 
2021-01-22T00:58:38.422+0800: 11.458: [GC cleanup 744M->618M(2048M), 0.0021492 secs]
 [Times: user=0.01 sys=0.00, real=0.00 secs] 
2021-01-22T00:58:38.424+0800: 11.460: [GC concurrent-cleanup-start]
2021-01-22T00:58:38.425+0800: 11.460: [GC concurrent-cleanup-end, 0.0000779 secs]
2021-01-22T00:58:38.542+0800: 11.577: [GC pause (G1 Evacuation Pause) (young) (to-space exhausted), 0.0410672 secs]
   [Parallel Time: 35.0 ms, GC Workers: 8]
      [GC Worker Start (ms): Min: 11577.8, Avg: 11578.0, Max: 11578.2, Diff: 0.4]
      [Ext Root Scanning (ms): Min: 0.0, Avg: 0.1, Max: 0.3, Diff: 0.3, Sum: 0.6]
      [Update RS (ms): Min: 14.7, Avg: 14.8, Max: 14.9, Diff: 0.2, Sum: 118.5]
         [Processed Buffers: Min: 199, Avg: 216.0, Max: 223, Diff: 24, Sum: 1728]
      [Scan RS (ms): Min: 0.1, Avg: 0.2, Max: 0.2, Diff: 0.0, Sum: 1.2]
      [Code Root Scanning (ms): Min: 0.0, Avg: 0.0, Max: 0.0, Diff: 0.0, Sum: 0.0]
      [Object Copy (ms): Min: 17.5, Avg: 17.7, Max: 19.1, Diff: 1.7, Sum: 141.9]
      [Termination (ms): Min: 0.0, Avg: 1.4, Max: 1.7, Diff: 1.7, Sum: 11.2]
         [Termination Attempts: Min: 1, Avg: 1.0, Max: 1, Diff: 0, Sum: 8]
      [GC Worker Other (ms): Min: 0.0, Avg: 0.0, Max: 0.1, Diff: 0.1, Sum: 0.2]
      [GC Worker Total (ms): Min: 34.1, Avg: 34.2, Max: 34.4, Diff: 0.3, Sum: 273.6]
      [GC Worker End (ms): Min: 11612.2, Avg: 11612.2, Max: 11612.3, Diff: 0.1]
   [Code Root Fixup: 0.0 ms]
   [Code Root Purge: 0.0 ms]
   [Clear CT: 1.0 ms]
   [Other: 5.1 ms]
      [Evacuation Failure: 0.7 ms]
      [Choose CSet: 0.0 ms]
      [Ref Proc: 1.5 ms]
      [Ref Enq: 0.0 ms]
      [Redirty Cards: 1.5 ms]
      [Humongous Register: 0.2 ms]
      [Humongous Reclaim: 0.5 ms]
      [Free CSet: 0.5 ms]
   [Eden: 838.0M(838.0M)->0.0B(7168.0K) Survivors: 120.0M->120.0M Heap: 1650.8M(2048.0M)->759.3M(2048.0M)]
 [Times: user=0.28 sys=0.01, real=0.04 secs] 
2021-01-22T00:58:38.593+0800: 11.629: [GC pause (G1 Evacuation Pause) (mixed), 0.0152032 secs]
   [Parallel Time: 12.3 ms, GC Workers: 8]
      [GC Worker Start (ms): Min: 11629.1, Avg: 11629.2, Max: 11629.3, Diff: 0.3]
      [Ext Root Scanning (ms): Min: 0.0, Avg: 0.1, Max: 0.2, Diff: 0.2, Sum: 0.5]
      [Update RS (ms): Min: 0.2, Avg: 0.3, Max: 0.4, Diff: 0.1, Sum: 2.6]
         [Processed Buffers: Min: 4, Avg: 5.2, Max: 6, Diff: 2, Sum: 42]
      [Scan RS (ms): Min: 0.0, Avg: 0.1, Max: 0.1, Diff: 0.1, Sum: 0.4]
      [Code Root Scanning (ms): Min: 0.0, Avg: 0.0, Max: 0.0, Diff: 0.0, Sum: 0.0]
      [Object Copy (ms): Min: 11.1, Avg: 11.1, Max: 11.2, Diff: 0.1, Sum: 88.8]
      [Termination (ms): Min: 0.0, Avg: 0.1, Max: 0.1, Diff: 0.1, Sum: 0.7]
         [Termination Attempts: Min: 1, Avg: 1.6, Max: 5, Diff: 4, Sum: 13]
      [GC Worker Other (ms): Min: 0.0, Avg: 0.0, Max: 0.0, Diff: 0.0, Sum: 0.1]
      [GC Worker Total (ms): Min: 11.5, Avg: 11.6, Max: 11.8, Diff: 0.3, Sum: 93.2]
      [GC Worker End (ms): Min: 11640.8, Avg: 11640.9, Max: 11640.9, Diff: 0.0]
   [Code Root Fixup: 0.0 ms]
   [Code Root Purge: 0.0 ms]
   [Clear CT: 0.7 ms]
   [Other: 2.2 ms]
      [Choose CSet: 0.1 ms]
      [Ref Proc: 0.9 ms]
      [Ref Enq: 0.0 ms]
      [Redirty Cards: 0.8 ms]
      [Humongous Register: 0.1 ms]
      [Humongous Reclaim: 0.0 ms]
      [Free CSet: 0.2 ms]
   [Eden: 7168.0K(7168.0K)->0.0B(926.0M) Survivors: 120.0M->2048.0K Heap: 769.8M(2048.0M)->630.8M(2048.0M)]
 [Times: user=0.10 sys=0.00, real=0.02 secs] 
2021-01-22T00:58:38.689+0800: 11.725: [GC pause (G1 Humongous Allocation) (young) (initial-mark), 0.0285940 secs]
   [Parallel Time: 25.0 ms, GC Workers: 8]
      [GC Worker Start (ms): Min: 11725.4, Avg: 11725.6, Max: 11725.8, Diff: 0.4]
      [Ext Root Scanning (ms): Min: 0.0, Avg: 0.4, Max: 0.6, Diff: 0.6, Sum: 3.0]
      [Update RS (ms): Min: 10.3, Avg: 10.4, Max: 10.6, Diff: 0.3, Sum: 83.2]
         [Processed Buffers: Min: 129, Avg: 147.6, Max: 163, Diff: 34, Sum: 1181]
      [Scan RS (ms): Min: 0.1, Avg: 0.1, Max: 0.1, Diff: 0.1, Sum: 0.6]
      [Code Root Scanning (ms): Min: 0.0, Avg: 0.0, Max: 0.0, Diff: 0.0, Sum: 0.0]
      [Object Copy (ms): Min: 12.5, Avg: 12.6, Max: 13.5, Diff: 1.0, Sum: 101.0]
      [Termination (ms): Min: 0.0, Avg: 0.9, Max: 1.2, Diff: 1.2, Sum: 7.2]
         [Termination Attempts: Min: 1, Avg: 1.2, Max: 2, Diff: 1, Sum: 10]
      [GC Worker Other (ms): Min: 0.0, Avg: 0.0, Max: 0.0, Diff: 0.0, Sum: 0.1]
      [GC Worker Total (ms): Min: 24.2, Avg: 24.4, Max: 24.6, Diff: 0.4, Sum: 195.2]
      [GC Worker End (ms): Min: 11750.0, Avg: 11750.0, Max: 11750.1, Diff: 0.2]
   [Code Root Fixup: 0.0 ms]
   [Code Root Purge: 0.0 ms]
   [Clear CT: 0.8 ms]
   [Other: 2.8 ms]
      [Choose CSet: 0.0 ms]
      [Ref Proc: 1.0 ms]
      [Ref Enq: 0.0 ms]
      [Redirty Cards: 0.9 ms]
      [Humongous Register: 0.1 ms]
      [Humongous Reclaim: 0.3 ms]
      [Free CSet: 0.2 ms]
   [Eden: 563.0M(926.0M)->0.0B(821.0M) Survivors: 2048.0K->116.0M Heap: 1340.3M(2048.0M)->764.4M(2048.0M)]
 [Times: user=0.20 sys=0.01, real=0.03 secs] 
2021-01-22T00:58:38.719+0800: 11.755: [GC concurrent-root-region-scan-start]
2021-01-22T00:58:38.719+0800: 11.755: [GC concurrent-root-region-scan-end, 0.0002685 secs]
2021-01-22T00:58:38.719+0800: 11.755: [GC concurrent-mark-start]
2021-01-22T00:58:38.722+0800: 11.757: [GC concurrent-mark-end, 0.0024991 secs]
2021-01-22T00:58:38.722+0800: 11.758: [GC remark 2021-01-22T00:58:38.722+0800: 11.758: [Finalize Marking, 0.0009203 secs] 2021-01-22T00:58:38.724+0800: 11.759: [GC ref-proc, 0.0005098 secs] 2021-01-22T00:58:38.724+0800: 11.760: [Unloading, 0.0014075 secs], 0.0053274 secs]
 [Times: user=0.01 sys=0.00, real=0.00 secs] 
2021-01-22T00:58:38.728+0800: 11.764: [GC cleanup 790M->656M(2048M), 0.0038660 secs]
 [Times: user=0.01 sys=0.00, real=0.01 secs] 
2021-01-22T00:58:38.732+0800: 11.768: [GC concurrent-cleanup-start]
2021-01-22T00:58:38.732+0800: 11.768: [GC concurrent-cleanup-end, 0.0000829 secs]
2021-01-22T00:58:38.848+0800: 11.884: [GC pause (G1 Evacuation Pause) (young) (to-space exhausted), 0.0372081 secs]
   [Parallel Time: 31.8 ms, GC Workers: 8]
      [GC Worker Start (ms): Min: 11884.3, Avg: 11884.5, Max: 11884.7, Diff: 0.4]
      [Ext Root Scanning (ms): Min: 0.0, Avg: 0.1, Max: 0.2, Diff: 0.2, Sum: 0.5]
      [Update RS (ms): Min: 16.0, Avg: 16.1, Max: 16.2, Diff: 0.2, Sum: 129.1]
         [Processed Buffers: Min: 237, Avg: 241.6, Max: 246, Diff: 9, Sum: 1933]
      [Scan RS (ms): Min: 0.1, Avg: 0.1, Max: 0.2, Diff: 0.1, Sum: 1.1]
      [Code Root Scanning (ms): Min: 0.0, Avg: 0.0, Max: 0.0, Diff: 0.0, Sum: 0.0]
      [Object Copy (ms): Min: 14.2, Avg: 14.3, Max: 14.6, Diff: 0.4, Sum: 114.5]
      [Termination (ms): Min: 0.0, Avg: 0.3, Max: 0.4, Diff: 0.4, Sum: 2.0]
         [Termination Attempts: Min: 1, Avg: 1.0, Max: 1, Diff: 0, Sum: 8]
      [GC Worker Other (ms): Min: 0.0, Avg: 0.0, Max: 0.1, Diff: 0.1, Sum: 0.2]
      [GC Worker Total (ms): Min: 30.8, Avg: 30.9, Max: 31.1, Diff: 0.4, Sum: 247.5]
      [GC Worker End (ms): Min: 11915.4, Avg: 11915.5, Max: 11915.5, Diff: 0.1]
   [Code Root Fixup: 0.0 ms]
   [Code Root Purge: 0.0 ms]
   [Clear CT: 1.1 ms]
   [Other: 4.3 ms]
      [Evacuation Failure: 1.1 ms]
      [Choose CSet: 0.0 ms]
      [Ref Proc: 1.1 ms]
      [Ref Enq: 0.0 ms]
      [Redirty Cards: 1.1 ms]
      [Humongous Register: 0.2 ms]
      [Humongous Reclaim: 0.3 ms]
      [Free CSet: 0.4 ms]
   [Eden: 821.0M(821.0M)->0.0B(7168.0K) Survivors: 116.0M->118.0M Heap: 1691.8M(2048.0M)->954.6M(2048.0M)]
 [Times: user=0.25 sys=0.01, real=0.03 secs] 
2021-01-22T00:58:38.887+0800: 11.923: [GC pause (G1 Evacuation Pause) (mixed), 0.0193346 secs]
   [Parallel Time: 13.5 ms, GC Workers: 8]
      [GC Worker Start (ms): Min: 11923.5, Avg: 11923.6, Max: 11923.8, Diff: 0.3]
      [Ext Root Scanning (ms): Min: 0.0, Avg: 0.1, Max: 0.2, Diff: 0.2, Sum: 0.6]
      [Update RS (ms): Min: 0.2, Avg: 0.2, Max: 0.2, Diff: 0.1, Sum: 1.7]
         [Processed Buffers: Min: 3, Avg: 4.0, Max: 5, Diff: 2, Sum: 32]
      [Scan RS (ms): Min: 0.0, Avg: 0.1, Max: 0.1, Diff: 0.0, Sum: 0.6]
      [Code Root Scanning (ms): Min: 0.0, Avg: 0.0, Max: 0.0, Diff: 0.0, Sum: 0.0]
      [Object Copy (ms): Min: 11.7, Avg: 11.9, Max: 12.7, Diff: 0.9, Sum: 95.0]
      [Termination (ms): Min: 0.0, Avg: 0.8, Max: 1.0, Diff: 1.0, Sum: 6.4]
         [Termination Attempts: Min: 1, Avg: 1.0, Max: 1, Diff: 0, Sum: 8]
      [GC Worker Other (ms): Min: 0.0, Avg: 0.0, Max: 0.0, Diff: 0.0, Sum: 0.1]
      [GC Worker Total (ms): Min: 12.9, Avg: 13.1, Max: 13.2, Diff: 0.3, Sum: 104.4]
      [GC Worker End (ms): Min: 11936.7, Avg: 11936.7, Max: 11936.7, Diff: 0.0]
   [Code Root Fixup: 0.0 ms]
   [Code Root Purge: 0.0 ms]
   [Clear CT: 1.1 ms]
   [Other: 4.7 ms]
      [Choose CSet: 0.1 ms]
      [Ref Proc: 3.0 ms]
      [Ref Enq: 0.0 ms]
      [Redirty Cards: 1.2 ms]
      [Humongous Register: 0.1 ms]
      [Humongous Reclaim: 0.0 ms]
      [Free CSet: 0.2 ms]
   [Eden: 7168.0K(7168.0K)->0.0B(785.0M) Survivors: 118.0M->2048.0K Heap: 963.7M(2048.0M)->802.2M(2048.0M)]
 [Times: user=0.13 sys=0.00, real=0.02 secs] 
2021-01-22T00:58:38.924+0800: 11.960: [GC pause (G1 Humongous Allocation) (young) (initial-mark), 0.0089721 secs]
   [Parallel Time: 5.9 ms, GC Workers: 8]
      [GC Worker Start (ms): Min: 11959.8, Avg: 11960.0, Max: 11960.2, Diff: 0.3]
      [Ext Root Scanning (ms): Min: 0.0, Avg: 0.3, Max: 0.6, Diff: 0.5, Sum: 2.7]
      [Update RS (ms): Min: 2.3, Avg: 2.4, Max: 2.6, Diff: 0.3, Sum: 19.4]
         [Processed Buffers: Min: 21, Avg: 35.6, Max: 39, Diff: 18, Sum: 285]
      [Scan RS (ms): Min: 0.0, Avg: 0.0, Max: 0.0, Diff: 0.0, Sum: 0.1]
      [Code Root Scanning (ms): Min: 0.0, Avg: 0.0, Max: 0.0, Diff: 0.0, Sum: 0.0]
      [Object Copy (ms): Min: 2.7, Avg: 2.8, Max: 2.8, Diff: 0.1, Sum: 22.2]
      [Termination (ms): Min: 0.0, Avg: 0.0, Max: 0.1, Diff: 0.1, Sum: 0.4]
         [Termination Attempts: Min: 1, Avg: 1.0, Max: 1, Diff: 0, Sum: 8]
      [GC Worker Other (ms): Min: 0.0, Avg: 0.0, Max: 0.0, Diff: 0.0, Sum: 0.1]
      [GC Worker Total (ms): Min: 5.4, Avg: 5.6, Max: 5.8, Diff: 0.3, Sum: 44.8]
      [GC Worker End (ms): Min: 11965.6, Avg: 11965.6, Max: 11965.6, Diff: 0.0]
   [Code Root Fixup: 0.0 ms]
   [Code Root Purge: 0.0 ms]
   [Clear CT: 0.8 ms]
   [Other: 2.3 ms]
      [Choose CSet: 0.0 ms]
      [Ref Proc: 0.6 ms]
      [Ref Enq: 0.0 ms]
      [Redirty Cards: 1.0 ms]
      [Humongous Register: 0.1 ms]
      [Humongous Reclaim: 0.1 ms]
      [Free CSet: 0.1 ms]
   [Eden: 112.0M(785.0M)->0.0B(694.0M) Survivors: 2048.0K->37888.0K Heap: 947.8M(2048.0M)->839.3M(2048.0M)]
 [Times: user=0.05 sys=0.00, real=0.01 secs] 
2021-01-22T00:58:38.933+0800: 11.969: [GC concurrent-root-region-scan-start]
2021-01-22T00:58:38.934+0800: 11.970: [GC concurrent-root-region-scan-end, 0.0003137 secs]
2021-01-22T00:58:38.934+0800: 11.970: [GC concurrent-mark-start]
2021-01-22T00:58:38.936+0800: 11.972: [GC concurrent-mark-end, 0.0027836 secs]
2021-01-22T00:58:38.937+0800: 11.973: [GC remark 2021-01-22T00:58:38.937+0800: 11.973: [Finalize Marking, 0.0010837 secs] 2021-01-22T00:58:38.938+0800: 11.974: [GC ref-proc, 0.0005042 secs] 2021-01-22T00:58:38.939+0800: 11.975: [Unloading, 0.0012635 secs], 0.0051995 secs]
 [Times: user=0.01 sys=0.00, real=0.01 secs] 
2021-01-22T00:58:38.943+0800: 11.979: [GC cleanup 865M->751M(2048M), 0.0029243 secs]
 [Times: user=0.01 sys=0.00, real=0.00 secs] 
2021-01-22T00:58:38.946+0800: 11.982: [GC concurrent-cleanup-start]
2021-01-22T00:58:38.946+0800: 11.982: [GC concurrent-cleanup-end, 0.0001132 secs]
2021-01-22T00:58:39.048+0800: 12.084: [GC pause (G1 Evacuation Pause) (young), 0.0308069 secs]
   [Parallel Time: 27.6 ms, GC Workers: 8]
      [GC Worker Start (ms): Min: 12084.5, Avg: 12084.7, Max: 12084.8, Diff: 0.3]
      [Ext Root Scanning (ms): Min: 0.0, Avg: 0.1, Max: 0.2, Diff: 0.2, Sum: 0.5]
      [Update RS (ms): Min: 13.0, Avg: 13.0, Max: 13.1, Diff: 0.1, Sum: 104.4]
         [Processed Buffers: Min: 186, Avg: 194.2, Max: 201, Diff: 15, Sum: 1554]
      [Scan RS (ms): Min: 0.1, Avg: 0.1, Max: 0.1, Diff: 0.0, Sum: 0.7]
      [Code Root Scanning (ms): Min: 0.0, Avg: 0.0, Max: 0.0, Diff: 0.0, Sum: 0.0]
      [Object Copy (ms): Min: 13.4, Avg: 13.5, Max: 13.6, Diff: 0.2, Sum: 107.6]
      [Termination (ms): Min: 0.0, Avg: 0.2, Max: 0.3, Diff: 0.3, Sum: 1.5]
         [Termination Attempts: Min: 1, Avg: 1.1, Max: 2, Diff: 1, Sum: 9]
      [GC Worker Other (ms): Min: 0.0, Avg: 0.0, Max: 0.1, Diff: 0.1, Sum: 0.4]
      [GC Worker Total (ms): Min: 26.8, Avg: 26.9, Max: 27.1, Diff: 0.4, Sum: 215.1]
      [GC Worker End (ms): Min: 12111.5, Avg: 12111.5, Max: 12111.6, Diff: 0.1]
   [Code Root Fixup: 0.0 ms]
   [Code Root Purge: 0.0 ms]
   [Clear CT: 0.8 ms]
   [Other: 2.3 ms]
      [Choose CSet: 0.0 ms]
      [Ref Proc: 0.5 ms]
      [Ref Enq: 0.0 ms]
      [Redirty Cards: 1.0 ms]
      [Humongous Register: 0.2 ms]
      [Humongous Reclaim: 0.2 ms]
      [Free CSet: 0.2 ms]
   [Eden: 694.0M(694.0M)->0.0B(10240.0K) Survivors: 37888.0K->94208.0K Heap: 1612.4M(2048.0M)->859.4M(2048.0M)]
 [Times: user=0.21 sys=0.01, real=0.03 secs] 
2021-01-22T00:58:39.081+0800: 12.117: [GC pause (G1 Evacuation Pause) (mixed), 0.0135226 secs]
   [Parallel Time: 10.0 ms, GC Workers: 8]
      [GC Worker Start (ms): Min: 12117.5, Avg: 12117.7, Max: 12117.8, Diff: 0.3]
      [Ext Root Scanning (ms): Min: 0.0, Avg: 0.1, Max: 0.2, Diff: 0.2, Sum: 0.5]
      [Update RS (ms): Min: 0.1, Avg: 0.2, Max: 0.2, Diff: 0.1, Sum: 1.3]
         [Processed Buffers: Min: 1, Avg: 2.5, Max: 4, Diff: 3, Sum: 20]
      [Scan RS (ms): Min: 0.0, Avg: 0.1, Max: 0.1, Diff: 0.0, Sum: 0.4]
      [Code Root Scanning (ms): Min: 0.0, Avg: 0.0, Max: 0.0, Diff: 0.0, Sum: 0.0]
      [Object Copy (ms): Min: 8.8, Avg: 8.8, Max: 8.8, Diff: 0.0, Sum: 70.4]
      [Termination (ms): Min: 0.0, Avg: 0.0, Max: 0.0, Diff: 0.0, Sum: 0.1]
         [Termination Attempts: Min: 1, Avg: 1.5, Max: 3, Diff: 2, Sum: 12]
      [GC Worker Other (ms): Min: 0.0, Avg: 0.0, Max: 0.1, Diff: 0.1, Sum: 0.3]
      [GC Worker Total (ms): Min: 9.0, Avg: 9.1, Max: 9.3, Diff: 0.3, Sum: 73.0]
      [GC Worker End (ms): Min: 12126.8, Avg: 12126.8, Max: 12126.9, Diff: 0.1]
   [Code Root Fixup: 0.0 ms]
   [Code Root Purge: 0.0 ms]
   [Clear CT: 1.2 ms]
   [Other: 2.3 ms]
      [Choose CSet: 0.1 ms]
      [Ref Proc: 0.4 ms]
      [Ref Enq: 0.0 ms]
      [Redirty Cards: 1.0 ms]
      [Humongous Register: 0.2 ms]
      [Humongous Reclaim: 0.1 ms]
      [Free CSet: 0.3 ms]
   [Eden: 10240.0K(10240.0K)->0.0B(100352.0K) Survivors: 94208.0K->4096.0K Heap: 870.8M(2048.0M)->670.9M(2048.0M)]
 [Times: user=0.08 sys=0.00, real=0.01 secs] 
2021-01-22T00:58:39.110+0800: 12.146: [GC pause (G1 Evacuation Pause) (mixed), 0.0086620 secs]
   [Parallel Time: 5.7 ms, GC Workers: 8]
      [GC Worker Start (ms): Min: 12146.6, Avg: 12146.8, Max: 12146.9, Diff: 0.3]
      [Ext Root Scanning (ms): Min: 0.0, Avg: 0.1, Max: 0.2, Diff: 0.2, Sum: 0.5]
      [Update RS (ms): Min: 1.6, Avg: 1.7, Max: 1.7, Diff: 0.1, Sum: 13.5]
         [Processed Buffers: Min: 24, Avg: 25.5, Max: 27, Diff: 3, Sum: 204]
      [Scan RS (ms): Min: 0.0, Avg: 0.0, Max: 0.1, Diff: 0.0, Sum: 0.2]
      [Code Root Scanning (ms): Min: 0.0, Avg: 0.0, Max: 0.0, Diff: 0.0, Sum: 0.0]
      [Object Copy (ms): Min: 3.4, Avg: 3.4, Max: 3.4, Diff: 0.0, Sum: 27.0]
      [Termination (ms): Min: 0.0, Avg: 0.0, Max: 0.1, Diff: 0.1, Sum: 0.2]
         [Termination Attempts: Min: 1, Avg: 1.0, Max: 1, Diff: 0, Sum: 8]
      [GC Worker Other (ms): Min: 0.0, Avg: 0.0, Max: 0.0, Diff: 0.0, Sum: 0.1]
      [GC Worker Total (ms): Min: 5.0, Avg: 5.2, Max: 5.4, Diff: 0.3, Sum: 41.4]
      [GC Worker End (ms): Min: 12151.9, Avg: 12152.0, Max: 12152.0, Diff: 0.0]
   [Code Root Fixup: 0.0 ms]
   [Code Root Purge: 0.0 ms]
   [Clear CT: 0.9 ms]
   [Other: 2.1 ms]
      [Choose CSet: 0.0 ms]
      [Ref Proc: 0.8 ms]
      [Ref Enq: 0.0 ms]
      [Redirty Cards: 0.9 ms]
      [Humongous Register: 0.1 ms]
      [Humongous Reclaim: 0.1 ms]
      [Free CSet: 0.1 ms]
   [Eden: 100352.0K(100352.0K)->0.0B(875.0M) Survivors: 4096.0K->13312.0K Heap: 793.2M(2048.0M)->635.2M(2048.0M)]
 [Times: user=0.04 sys=0.00, real=0.01 secs] 
2021-01-22T00:58:39.203+0800: 12.239: [GC pause (G1 Humongous Allocation) (young) (initial-mark), 0.0278934 secs]
   [Parallel Time: 23.4 ms, GC Workers: 8]
      [GC Worker Start (ms): Min: 12239.5, Avg: 12239.8, Max: 12240.0, Diff: 0.5]
      [Ext Root Scanning (ms): Min: 0.0, Avg: 0.4, Max: 0.7, Diff: 0.7, Sum: 3.6]
      [Update RS (ms): Min: 10.0, Avg: 10.1, Max: 10.3, Diff: 0.3, Sum: 80.9]
         [Processed Buffers: Min: 146, Avg: 149.6, Max: 155, Diff: 9, Sum: 1197]
      [Scan RS (ms): Min: 0.1, Avg: 0.1, Max: 0.1, Diff: 0.0, Sum: 0.6]
      [Code Root Scanning (ms): Min: 0.0, Avg: 0.0, Max: 0.0, Diff: 0.0, Sum: 0.0]
      [Object Copy (ms): Min: 11.8, Avg: 11.8, Max: 11.9, Diff: 0.1, Sum: 94.4]
      [Termination (ms): Min: 0.0, Avg: 0.1, Max: 0.1, Diff: 0.1, Sum: 0.5]
         [Termination Attempts: Min: 1, Avg: 1.1, Max: 2, Diff: 1, Sum: 9]
      [GC Worker Other (ms): Min: 0.0, Avg: 0.0, Max: 0.0, Diff: 0.0, Sum: 0.1]
      [GC Worker Total (ms): Min: 22.3, Avg: 22.5, Max: 22.7, Diff: 0.5, Sum: 180.0]
      [GC Worker End (ms): Min: 12262.2, Avg: 12262.3, Max: 12262.3, Diff: 0.0]
   [Code Root Fixup: 0.0 ms]
   [Code Root Purge: 0.0 ms]
   [Clear CT: 1.6 ms]
   [Other: 2.8 ms]
      [Choose CSet: 0.0 ms]
      [Ref Proc: 0.8 ms]
      [Ref Enq: 0.0 ms]
      [Redirty Cards: 1.3 ms]
      [Humongous Register: 0.1 ms]
      [Humongous Reclaim: 0.2 ms]
      [Free CSet: 0.2 ms]
   [Eden: 569.0M(875.0M)->0.0B(778.0M) Survivors: 13312.0K->111.0M Heap: 1351.7M(2048.0M)->759.5M(2048.0M)]
 [Times: user=0.17 sys=0.01, real=0.03 secs] 
2021-01-22T00:58:39.232+0800: 12.268: [GC concurrent-root-region-scan-start]
2021-01-22T00:58:39.232+0800: 12.268: [GC concurrent-root-region-scan-end, 0.0002571 secs]
2021-01-22T00:58:39.232+0800: 12.268: [GC concurrent-mark-start]
2021-01-22T00:58:39.235+0800: 12.271: [GC concurrent-mark-end, 0.0024165 secs]
2021-01-22T00:58:39.235+0800: 12.271: [GC remark 2021-01-22T00:58:39.236+0800: 12.272: [Finalize Marking, 0.0013152 secs] 2021-01-22T00:58:39.237+0800: 12.273: [GC ref-proc, 0.0005525 secs] 2021-01-22T00:58:39.238+0800: 12.274: [Unloading, 0.0013097 secs], 0.0060878 secs]
 [Times: user=0.01 sys=0.00, real=0.01 secs] 
2021-01-22T00:58:39.242+0800: 12.278: [GC cleanup 786M->653M(2048M), 0.0036906 secs]
 [Times: user=0.01 sys=0.01, real=0.00 secs] 
2021-01-22T00:58:39.247+0800: 12.283: [GC concurrent-cleanup-start]
2021-01-22T00:58:39.247+0800: 12.283: [GC concurrent-cleanup-end, 0.0000803 secs]
2021-01-22T00:58:39.354+0800: 12.390: [GC pause (G1 Evacuation Pause) (young), 0.0378409 secs]
   [Parallel Time: 34.2 ms, GC Workers: 8]
      [GC Worker Start (ms): Min: 12390.6, Avg: 12390.8, Max: 12391.0, Diff: 0.4]
      [Ext Root Scanning (ms): Min: 0.0, Avg: 0.1, Max: 0.3, Diff: 0.3, Sum: 0.6]
      [Update RS (ms): Min: 13.9, Avg: 14.2, Max: 15.9, Diff: 2.0, Sum: 113.6]
         [Processed Buffers: Min: 147, Avg: 200.8, Max: 216, Diff: 69, Sum: 1606]
      [Scan RS (ms): Min: 0.1, Avg: 0.2, Max: 0.6, Diff: 0.5, Sum: 1.6]
      [Code Root Scanning (ms): Min: 0.0, Avg: 0.0, Max: 0.0, Diff: 0.0, Sum: 0.0]
      [Object Copy (ms): Min: 16.3, Avg: 18.4, Max: 19.2, Diff: 2.9, Sum: 147.2]
      [Termination (ms): Min: 0.0, Avg: 0.4, Max: 0.5, Diff: 0.5, Sum: 3.6]
         [Termination Attempts: Min: 1, Avg: 1.0, Max: 1, Diff: 0, Sum: 8]
      [GC Worker Other (ms): Min: 0.0, Avg: 0.1, Max: 0.2, Diff: 0.2, Sum: 0.4]
      [GC Worker Total (ms): Min: 33.2, Avg: 33.4, Max: 33.5, Diff: 0.3, Sum: 266.9]
      [GC Worker End (ms): Min: 12424.1, Avg: 12424.2, Max: 12424.3, Diff: 0.2]
   [Code Root Fixup: 0.0 ms]
   [Code Root Purge: 0.0 ms]
   [Clear CT: 0.9 ms]
   [Other: 2.7 ms]
      [Choose CSet: 0.0 ms]
      [Ref Proc: 0.6 ms]
      [Ref Enq: 0.0 ms]
      [Redirty Cards: 1.1 ms]
      [Humongous Register: 0.3 ms]
      [Humongous Reclaim: 0.3 ms]
      [Free CSet: 0.4 ms]
   [Eden: 778.0M(778.0M)->0.0B(7168.0K) Survivors: 111.0M->112.0M Heap: 1603.9M(2048.0M)->717.6M(2048.0M)]
 [Times: user=0.28 sys=0.00, real=0.04 secs] 
2021-01-22T00:58:39.394+0800: 12.430: [GC pause (G1 Evacuation Pause) (mixed), 0.0190272 secs]
   [Parallel Time: 14.6 ms, GC Workers: 8]
      [GC Worker Start (ms): Min: 12430.2, Avg: 12430.5, Max: 12431.3, Diff: 1.1]
      [Ext Root Scanning (ms): Min: 0.0, Avg: 0.1, Max: 0.2, Diff: 0.2, Sum: 0.5]
      [Update RS (ms): Min: 0.0, Avg: 0.3, Max: 0.4, Diff: 0.4, Sum: 2.2]
         [Processed Buffers: Min: 0, Avg: 4.5, Max: 6, Diff: 6, Sum: 36]
      [Scan RS (ms): Min: 0.0, Avg: 0.1, Max: 0.1, Diff: 0.1, Sum: 0.5]
      [Code Root Scanning (ms): Min: 0.0, Avg: 0.0, Max: 0.0, Diff: 0.0, Sum: 0.0]
      [Object Copy (ms): Min: 10.5, Avg: 11.3, Max: 13.2, Diff: 2.7, Sum: 90.5]
      [Termination (ms): Min: 0.0, Avg: 1.8, Max: 2.2, Diff: 2.2, Sum: 14.7]
         [Termination Attempts: Min: 1, Avg: 1.5, Max: 4, Diff: 3, Sum: 12]
      [GC Worker Other (ms): Min: 0.0, Avg: 0.0, Max: 0.0, Diff: 0.0, Sum: 0.1]
      [GC Worker Total (ms): Min: 12.7, Avg: 13.6, Max: 13.8, Diff: 1.1, Sum: 108.5]
      [GC Worker End (ms): Min: 12444.1, Avg: 12444.1, Max: 12444.1, Diff: 0.0]
   [Code Root Fixup: 0.0 ms]
   [Code Root Purge: 0.0 ms]
   [Clear CT: 1.5 ms]
   [Other: 3.0 ms]
      [Choose CSet: 0.1 ms]
      [Ref Proc: 1.4 ms]
      [Ref Enq: 0.0 ms]
      [Redirty Cards: 0.8 ms]
      [Humongous Register: 0.1 ms]
      [Humongous Reclaim: 0.1 ms]
      [Free CSet: 0.3 ms]
   [Eden: 7168.0K(7168.0K)->0.0B(203.0M) Survivors: 112.0M->3072.0K Heap: 727.9M(2048.0M)->563.3M(2048.0M)]
 [Times: user=0.12 sys=0.00, real=0.02 secs] 
2021-01-22T00:58:39.445+0800: 12.481: [GC pause (G1 Evacuation Pause) (young), 0.0151274 secs]
   [Parallel Time: 11.1 ms, GC Workers: 8]
      [GC Worker Start (ms): Min: 12480.9, Avg: 12481.0, Max: 12481.2, Diff: 0.3]
      [Ext Root Scanning (ms): Min: 0.0, Avg: 0.1, Max: 0.2, Diff: 0.2, Sum: 0.4]
      [Update RS (ms): Min: 3.7, Avg: 3.8, Max: 3.9, Diff: 0.2, Sum: 30.7]
         [Processed Buffers: Min: 17, Avg: 53.5, Max: 61, Diff: 44, Sum: 428]
      [Scan RS (ms): Min: 0.0, Avg: 0.0, Max: 0.0, Diff: 0.0, Sum: 0.1]
      [Code Root Scanning (ms): Min: 0.0, Avg: 0.0, Max: 0.0, Diff: 0.0, Sum: 0.0]
      [Object Copy (ms): Min: 4.6, Avg: 4.9, Max: 6.3, Diff: 1.7, Sum: 39.2]
      [Termination (ms): Min: 0.0, Avg: 1.4, Max: 1.7, Diff: 1.7, Sum: 10.9]
         [Termination Attempts: Min: 1, Avg: 1.0, Max: 1, Diff: 0, Sum: 8]
      [GC Worker Other (ms): Min: 0.0, Avg: 0.0, Max: 0.0, Diff: 0.0, Sum: 0.1]
      [GC Worker Total (ms): Min: 10.0, Avg: 10.2, Max: 10.4, Diff: 0.3, Sum: 81.5]
      [GC Worker End (ms): Min: 12491.2, Avg: 12491.2, Max: 12491.3, Diff: 0.0]
   [Code Root Fixup: 0.0 ms]
   [Code Root Purge: 0.0 ms]
   [Clear CT: 0.8 ms]
   [Other: 3.2 ms]
      [Choose CSet: 0.0 ms]
      [Ref Proc: 1.5 ms]
      [Ref Enq: 0.0 ms]
      [Redirty Cards: 1.1 ms]
      [Humongous Register: 0.2 ms]
      [Humongous Reclaim: 0.2 ms]
      [Free CSet: 0.1 ms]
   [Eden: 203.0M(203.0M)->0.0B(208.0M) Survivors: 3072.0K->26624.0K Heap: 818.5M(2048.0M)->621.7M(2048.0M)]
 [Times: user=0.10 sys=0.00, real=0.02 secs] 
2021-01-22T00:58:39.493+0800: 12.529: [GC pause (G1 Evacuation Pause) (young), 0.0146636 secs]
   [Parallel Time: 12.1 ms, GC Workers: 8]
      [GC Worker Start (ms): Min: 12529.0, Avg: 12530.0, Max: 12535.3, Diff: 6.3]
      [Ext Root Scanning (ms): Min: 0.0, Avg: 0.1, Max: 0.2, Diff: 0.2, Sum: 0.5]
      [Update RS (ms): Min: 0.0, Avg: 4.0, Max: 4.6, Diff: 4.6, Sum: 32.0]
         [Processed Buffers: Min: 0, Avg: 62.4, Max: 73, Diff: 73, Sum: 499]
      [Scan RS (ms): Min: 0.0, Avg: 0.0, Max: 0.1, Diff: 0.1, Sum: 0.3]
      [Code Root Scanning (ms): Min: 0.0, Avg: 0.0, Max: 0.0, Diff: 0.0, Sum: 0.0]
      [Object Copy (ms): Min: 5.4, Avg: 6.8, Max: 7.0, Diff: 1.6, Sum: 54.0]
      [Termination (ms): Min: 0.0, Avg: 0.1, Max: 0.1, Diff: 0.1, Sum: 0.5]
         [Termination Attempts: Min: 1, Avg: 1.0, Max: 1, Diff: 0, Sum: 8]
      [GC Worker Other (ms): Min: 0.0, Avg: 0.0, Max: 0.0, Diff: 0.0, Sum: 0.1]
      [GC Worker Total (ms): Min: 5.5, Avg: 10.9, Max: 11.9, Diff: 6.4, Sum: 87.3]
      [GC Worker End (ms): Min: 12540.9, Avg: 12540.9, Max: 12540.9, Diff: 0.0]
   [Code Root Fixup: 0.0 ms]
   [Code Root Purge: 0.0 ms]
   [Clear CT: 0.7 ms]
   [Other: 1.8 ms]
      [Choose CSet: 0.0 ms]
      [Ref Proc: 0.6 ms]
      [Ref Enq: 0.0 ms]
      [Redirty Cards: 0.7 ms]
      [Humongous Register: 0.1 ms]
      [Humongous Reclaim: 0.1 ms]
      [Free CSet: 0.2 ms]
   [Eden: 208.0M(208.0M)->0.0B(250.0M) Survivors: 26624.0K->30720.0K Heap: 890.9M(2048.0M)->683.8M(2048.0M)]
 [Times: user=0.09 sys=0.00, real=0.01 secs] 
2021-01-22T00:58:39.545+0800: 12.581: [GC pause (G1 Evacuation Pause) (young), 0.0170421 secs]
   [Parallel Time: 13.0 ms, GC Workers: 8]
      [GC Worker Start (ms): Min: 12581.2, Avg: 12581.4, Max: 12581.6, Diff: 0.4]
      [Ext Root Scanning (ms): Min: 0.0, Avg: 0.0, Max: 0.2, Diff: 0.2, Sum: 0.4]
      [Update RS (ms): Min: 4.5, Avg: 4.6, Max: 4.7, Diff: 0.2, Sum: 36.9]
         [Processed Buffers: Min: 61, Avg: 69.4, Max: 72, Diff: 11, Sum: 555]
      [Scan RS (ms): Min: 0.0, Avg: 0.0, Max: 0.1, Diff: 0.0, Sum: 0.2]
      [Code Root Scanning (ms): Min: 0.0, Avg: 0.0, Max: 0.0, Diff: 0.0, Sum: 0.0]
      [Object Copy (ms): Min: 7.5, Avg: 7.5, Max: 7.6, Diff: 0.1, Sum: 60.3]
      [Termination (ms): Min: 0.0, Avg: 0.1, Max: 0.1, Diff: 0.1, Sum: 0.4]
         [Termination Attempts: Min: 1, Avg: 1.0, Max: 1, Diff: 0, Sum: 8]
      [GC Worker Other (ms): Min: 0.0, Avg: 0.0, Max: 0.0, Diff: 0.0, Sum: 0.1]
      [GC Worker Total (ms): Min: 12.1, Avg: 12.3, Max: 12.5, Diff: 0.4, Sum: 98.4]
      [GC Worker End (ms): Min: 12593.7, Avg: 12593.7, Max: 12593.7, Diff: 0.0]
   [Code Root Fixup: 0.0 ms]
   [Code Root Purge: 0.0 ms]
   [Clear CT: 1.3 ms]
   [Other: 2.7 ms]
      [Choose CSet: 0.0 ms]
      [Ref Proc: 1.0 ms]
      [Ref Enq: 0.0 ms]
      [Redirty Cards: 1.1 ms]
      [Humongous Register: 0.1 ms]
      [Humongous Reclaim: 0.1 ms]
      [Free CSet: 0.1 ms]
   [Eden: 250.0M(250.0M)->0.0B(312.0M) Survivors: 30720.0K->35840.0K Heap: 1002.0M(2048.0M)->744.2M(2048.0M)]
 [Times: user=0.10 sys=0.00, real=0.02 secs] 
2021-01-22T00:58:39.608+0800: 12.644: [GC pause (G1 Evacuation Pause) (young), 0.0182391 secs]
   [Parallel Time: 15.6 ms, GC Workers: 8]
      [GC Worker Start (ms): Min: 12644.2, Avg: 12644.3, Max: 12644.5, Diff: 0.3]
      [Ext Root Scanning (ms): Min: 0.0, Avg: 0.1, Max: 0.2, Diff: 0.2, Sum: 0.5]
      [Update RS (ms): Min: 5.7, Avg: 5.9, Max: 7.0, Diff: 1.3, Sum: 47.2]
         [Processed Buffers: Min: 67, Avg: 84.9, Max: 89, Diff: 22, Sum: 679]
      [Scan RS (ms): Min: 0.0, Avg: 0.1, Max: 0.1, Diff: 0.1, Sum: 0.6]
      [Code Root Scanning (ms): Min: 0.0, Avg: 0.0, Max: 0.0, Diff: 0.0, Sum: 0.0]
      [Object Copy (ms): Min: 7.6, Avg: 8.8, Max: 9.0, Diff: 1.3, Sum: 70.2]
      [Termination (ms): Min: 0.0, Avg: 0.0, Max: 0.1, Diff: 0.1, Sum: 0.3]
         [Termination Attempts: Min: 1, Avg: 1.0, Max: 1, Diff: 0, Sum: 8]
      [GC Worker Other (ms): Min: 0.0, Avg: 0.0, Max: 0.1, Diff: 0.1, Sum: 0.3]
      [GC Worker Total (ms): Min: 14.8, Avg: 14.9, Max: 15.1, Diff: 0.3, Sum: 119.1]
      [GC Worker End (ms): Min: 12659.2, Avg: 12659.2, Max: 12659.3, Diff: 0.1]
   [Code Root Fixup: 0.0 ms]
   [Code Root Purge: 0.0 ms]
   [Clear CT: 0.7 ms]
   [Other: 1.9 ms]
      [Choose CSet: 0.0 ms]
      [Ref Proc: 0.7 ms]
      [Ref Enq: 0.0 ms]
      [Redirty Cards: 0.7 ms]
      [Humongous Register: 0.2 ms]
      [Humongous Reclaim: 0.1 ms]
      [Free CSet: 0.1 ms]
   [Eden: 312.0M(312.0M)->0.0B(373.0M) Survivors: 35840.0K->45056.0K Heap: 1139.9M(2048.0M)->827.2M(2048.0M)]
 [Times: user=0.12 sys=0.00, real=0.02 secs] 
2021-01-22T00:58:39.653+0800: 12.689: [GC pause (G1 Humongous Allocation) (young) (initial-mark), 0.0147293 secs]
   [Parallel Time: 11.5 ms, GC Workers: 8]
      [GC Worker Start (ms): Min: 12689.0, Avg: 12689.2, Max: 12689.4, Diff: 0.4]
      [Ext Root Scanning (ms): Min: 0.0, Avg: 0.4, Max: 0.6, Diff: 0.6, Sum: 3.2]
      [Update RS (ms): Min: 2.8, Avg: 2.9, Max: 3.1, Diff: 0.3, Sum: 23.3]
         [Processed Buffers: Min: 42, Avg: 44.9, Max: 48, Diff: 6, Sum: 359]
      [Scan RS (ms): Min: 0.0, Avg: 0.0, Max: 0.0, Diff: 0.0, Sum: 0.2]
      [Code Root Scanning (ms): Min: 0.0, Avg: 0.0, Max: 0.0, Diff: 0.0, Sum: 0.0]
      [Object Copy (ms): Min: 7.5, Avg: 7.5, Max: 7.6, Diff: 0.1, Sum: 60.4]
      [Termination (ms): Min: 0.0, Avg: 0.1, Max: 0.1, Diff: 0.1, Sum: 0.5]
         [Termination Attempts: Min: 1, Avg: 1.0, Max: 1, Diff: 0, Sum: 8]
      [GC Worker Other (ms): Min: 0.0, Avg: 0.0, Max: 0.0, Diff: 0.0, Sum: 0.1]
      [GC Worker Total (ms): Min: 10.7, Avg: 10.9, Max: 11.1, Diff: 0.4, Sum: 87.5]
      [GC Worker End (ms): Min: 12700.1, Avg: 12700.1, Max: 12700.1, Diff: 0.0]
   [Code Root Fixup: 0.0 ms]
   [Code Root Purge: 0.0 ms]
   [Clear CT: 1.2 ms]
   [Other: 2.0 ms]
      [Choose CSet: 0.0 ms]
      [Ref Proc: 0.5 ms]
      [Ref Enq: 0.0 ms]
      [Redirty Cards: 0.9 ms]
      [Humongous Register: 0.1 ms]
      [Humongous Reclaim: 0.1 ms]
      [Free CSet: 0.1 ms]
   [Eden: 182.0M(373.0M)->0.0B(412.0M) Survivors: 45056.0K->54272.0K Heap: 1052.5M(2048.0M)->876.2M(2048.0M)]
 [Times: user=0.09 sys=0.00, real=0.01 secs] 
2021-01-22T00:58:39.668+0800: 12.704: [GC concurrent-root-region-scan-start]
2021-01-22T00:58:39.669+0800: 12.705: [GC concurrent-root-region-scan-end, 0.0004168 secs]
2021-01-22T00:58:39.669+0800: 12.705: [GC concurrent-mark-start]
2021-01-22T00:58:39.672+0800: 12.707: [GC concurrent-mark-end, 0.0027637 secs]
2021-01-22T00:58:39.672+0800: 12.708: [GC remark 2021-01-22T00:58:39.672+0800: 12.708: [Finalize Marking, 0.0009028 secs] 2021-01-22T00:58:39.673+0800: 12.709: [GC ref-proc, 0.0005352 secs] 2021-01-22T00:58:39.674+0800: 12.710: [Unloading, 0.0012738 secs], 0.0055148 secs]
 [Times: user=0.01 sys=0.01, real=0.00 secs] 
2021-01-22T00:58:39.678+0800: 12.714: [GC cleanup 906M->723M(2048M), 0.0037903 secs]
 [Times: user=0.00 sys=0.01, real=0.00 secs] 
2021-01-22T00:58:39.683+0800: 12.719: [GC concurrent-cleanup-start]
2021-01-22T00:58:39.683+0800: 12.719: [GC concurrent-cleanup-end, 0.0001619 secs]
2021-01-22T00:58:39.741+0800: 12.777: [GC pause (G1 Evacuation Pause) (young), 0.0234642 secs]
   [Parallel Time: 20.1 ms, GC Workers: 8]
      [GC Worker Start (ms): Min: 12777.2, Avg: 12777.4, Max: 12777.5, Diff: 0.3]
      [Ext Root Scanning (ms): Min: 0.0, Avg: 0.1, Max: 0.2, Diff: 0.2, Sum: 0.5]
      [Update RS (ms): Min: 7.6, Avg: 7.7, Max: 7.8, Diff: 0.2, Sum: 61.3]
         [Processed Buffers: Min: 106, Avg: 115.0, Max: 118, Diff: 12, Sum: 920]
      [Scan RS (ms): Min: 0.0, Avg: 0.1, Max: 0.1, Diff: 0.0, Sum: 0.4]
      [Code Root Scanning (ms): Min: 0.0, Avg: 0.0, Max: 0.0, Diff: 0.0, Sum: 0.0]
      [Object Copy (ms): Min: 11.5, Avg: 11.6, Max: 11.7, Diff: 0.1, Sum: 93.0]
      [Termination (ms): Min: 0.0, Avg: 0.0, Max: 0.1, Diff: 0.1, Sum: 0.4]
         [Termination Attempts: Min: 1, Avg: 1.0, Max: 1, Diff: 0, Sum: 8]
      [GC Worker Other (ms): Min: 0.0, Avg: 0.0, Max: 0.1, Diff: 0.1, Sum: 0.2]
      [GC Worker Total (ms): Min: 19.3, Avg: 19.5, Max: 19.7, Diff: 0.4, Sum: 155.9]
      [GC Worker End (ms): Min: 12796.8, Avg: 12796.9, Max: 12796.9, Diff: 0.1]
   [Code Root Fixup: 0.0 ms]
   [Code Root Purge: 0.0 ms]
   [Clear CT: 1.1 ms]
   [Other: 2.2 ms]
      [Choose CSet: 0.0 ms]
      [Ref Proc: 0.4 ms]
      [Ref Enq: 0.0 ms]
      [Redirty Cards: 1.1 ms]
      [Humongous Register: 0.1 ms]
      [Humongous Reclaim: 0.2 ms]
      [Free CSet: 0.2 ms]
   [Eden: 412.0M(412.0M)->0.0B(44032.0K) Survivors: 54272.0K->60416.0K Heap: 1219.0M(2048.0M)->768.3M(2048.0M)]
 [Times: user=0.16 sys=0.00, real=0.02 secs] 
2021-01-22T00:58:39.772+0800: 12.808: [GC pause (G1 Evacuation Pause) (mixed), 0.0134176 secs]
   [Parallel Time: 10.1 ms, GC Workers: 8]
      [GC Worker Start (ms): Min: 12807.8, Avg: 12808.0, Max: 12808.1, Diff: 0.3]
      [Ext Root Scanning (ms): Min: 0.0, Avg: 0.1, Max: 0.2, Diff: 0.2, Sum: 0.6]
      [Update RS (ms): Min: 0.9, Avg: 0.9, Max: 0.9, Diff: 0.1, Sum: 7.2]
         [Processed Buffers: Min: 13, Avg: 14.0, Max: 15, Diff: 2, Sum: 112]
      [Scan RS (ms): Min: 0.0, Avg: 0.1, Max: 0.2, Diff: 0.1, Sum: 0.6]
      [Code Root Scanning (ms): Min: 0.0, Avg: 0.0, Max: 0.0, Diff: 0.0, Sum: 0.0]
      [Object Copy (ms): Min: 7.4, Avg: 7.6, Max: 7.9, Diff: 0.5, Sum: 60.8]
      [Termination (ms): Min: 0.0, Avg: 0.3, Max: 0.4, Diff: 0.4, Sum: 2.4]
         [Termination Attempts: Min: 1, Avg: 1.0, Max: 1, Diff: 0, Sum: 8]
      [GC Worker Other (ms): Min: 0.0, Avg: 0.0, Max: 0.0, Diff: 0.0, Sum: 0.1]
      [GC Worker Total (ms): Min: 8.8, Avg: 9.0, Max: 9.1, Diff: 0.3, Sum: 71.8]
      [GC Worker End (ms): Min: 12817.0, Avg: 12817.0, Max: 12817.0, Diff: 0.0]
   [Code Root Fixup: 0.0 ms]
   [Code Root Purge: 0.0 ms]
   [Clear CT: 1.1 ms]
   [Other: 2.2 ms]
      [Choose CSet: 0.1 ms]
      [Ref Proc: 0.7 ms]
      [Ref Enq: 0.0 ms]
      [Redirty Cards: 0.9 ms]
      [Humongous Register: 0.1 ms]
      [Humongous Reclaim: 0.1 ms]
      [Free CSet: 0.2 ms]
   [Eden: 44032.0K(44032.0K)->0.0B(91136.0K) Survivors: 60416.0K->13312.0K Heap: 824.1M(2048.0M)->591.8M(2048.0M)]
 [Times: user=0.08 sys=0.00, real=0.01 secs] 
2021-01-22T00:58:39.800+0800: 12.836: [GC pause (G1 Evacuation Pause) (mixed), 0.0100596 secs]
   [Parallel Time: 6.9 ms, GC Workers: 8]
      [GC Worker Start (ms): Min: 12836.1, Avg: 12836.3, Max: 12836.4, Diff: 0.3]
      [Ext Root Scanning (ms): Min: 0.0, Avg: 0.1, Max: 0.2, Diff: 0.2, Sum: 0.5]
      [Update RS (ms): Min: 2.1, Avg: 2.1, Max: 2.2, Diff: 0.1, Sum: 17.0]
         [Processed Buffers: Min: 29, Avg: 31.9, Max: 34, Diff: 5, Sum: 255]
      [Scan RS (ms): Min: 0.0, Avg: 0.0, Max: 0.0, Diff: 0.0, Sum: 0.2]
      [Code Root Scanning (ms): Min: 0.0, Avg: 0.0, Max: 0.0, Diff: 0.0, Sum: 0.0]
      [Object Copy (ms): Min: 3.7, Avg: 3.8, Max: 3.9, Diff: 0.1, Sum: 30.3]
      [Termination (ms): Min: 0.0, Avg: 0.1, Max: 0.2, Diff: 0.2, Sum: 1.1]
         [Termination Attempts: Min: 1, Avg: 1.0, Max: 1, Diff: 0, Sum: 8]
      [GC Worker Other (ms): Min: 0.0, Avg: 0.0, Max: 0.0, Diff: 0.0, Sum: 0.0]
      [GC Worker Total (ms): Min: 6.0, Avg: 6.1, Max: 6.3, Diff: 0.3, Sum: 49.1]
      [GC Worker End (ms): Min: 12842.4, Avg: 12842.4, Max: 12842.5, Diff: 0.1]
   [Code Root Fixup: 0.0 ms]
   [Code Root Purge: 0.0 ms]
   [Clear CT: 1.1 ms]
   [Other: 2.1 ms]
      [Choose CSet: 0.0 ms]
      [Ref Proc: 0.6 ms]
      [Ref Enq: 0.0 ms]
      [Redirty Cards: 0.9 ms]
      [Humongous Register: 0.1 ms]
      [Humongous Reclaim: 0.1 ms]
      [Free CSet: 0.1 ms]
   [Eden: 91136.0K(91136.0K)->0.0B(724.0M) Survivors: 13312.0K->13312.0K Heap: 711.5M(2048.0M)->593.9M(2048.0M)]
 [Times: user=0.05 sys=0.01, real=0.01 secs] 
2021-01-22T00:58:39.907+0800: 12.943: [GC pause (G1 Humongous Allocation) (young) (initial-mark), 0.0336905 secs]
   [Parallel Time: 28.9 ms, GC Workers: 8]
      [GC Worker Start (ms): Min: 12943.3, Avg: 12943.6, Max: 12943.8, Diff: 0.4]
      [Ext Root Scanning (ms): Min: 0.0, Avg: 0.4, Max: 0.5, Diff: 0.5, Sum: 3.4]
      [Update RS (ms): Min: 12.3, Avg: 12.4, Max: 12.6, Diff: 0.3, Sum: 99.1]
         [Processed Buffers: Min: 161, Avg: 180.0, Max: 195, Diff: 34, Sum: 1440]
      [Scan RS (ms): Min: 0.1, Avg: 0.1, Max: 0.1, Diff: 0.1, Sum: 0.8]
      [Code Root Scanning (ms): Min: 0.0, Avg: 0.0, Max: 0.0, Diff: 0.0, Sum: 0.0]
      [Object Copy (ms): Min: 14.2, Avg: 14.5, Max: 14.9, Diff: 0.7, Sum: 115.8]
      [Termination (ms): Min: 0.0, Avg: 0.5, Max: 0.7, Diff: 0.7, Sum: 3.6]
         [Termination Attempts: Min: 1, Avg: 1.0, Max: 1, Diff: 0, Sum: 8]
      [GC Worker Other (ms): Min: 0.0, Avg: 0.0, Max: 0.0, Diff: 0.0, Sum: 0.1]
      [GC Worker Total (ms): Min: 27.7, Avg: 27.9, Max: 28.1, Diff: 0.4, Sum: 222.9]
      [GC Worker End (ms): Min: 12971.4, Avg: 12971.4, Max: 12971.5, Diff: 0.1]
   [Code Root Fixup: 0.0 ms]
   [Code Root Purge: 0.0 ms]
   [Clear CT: 1.1 ms]
   [Other: 3.7 ms]
      [Choose CSet: 0.0 ms]
      [Ref Proc: 1.2 ms]
      [Ref Enq: 0.0 ms]
      [Redirty Cards: 1.5 ms]
      [Humongous Register: 0.1 ms]
      [Humongous Reclaim: 0.3 ms]
      [Free CSet: 0.3 ms]
   [Eden: 699.0M(724.0M)->0.0B(772.0M) Survivors: 13312.0K->95232.0K Heap: 1470.9M(2048.0M)->749.2M(2048.0M)]
 [Times: user=0.21 sys=0.02, real=0.04 secs] 
2021-01-22T00:58:39.942+0800: 12.978: [GC concurrent-root-region-scan-start]
2021-01-22T00:58:39.942+0800: 12.978: [GC concurrent-root-region-scan-end, 0.0003744 secs]
2021-01-22T00:58:39.942+0800: 12.978: [GC concurrent-mark-start]
2021-01-22T00:58:39.945+0800: 12.981: [GC concurrent-mark-end, 0.0025137 secs]
2021-01-22T00:58:39.945+0800: 12.981: [GC remark 2021-01-22T00:58:39.945+0800: 12.981: [Finalize Marking, 0.0014623 secs] 2021-01-22T00:58:39.948+0800: 12.984: [GC ref-proc, 0.0005097 secs] 2021-01-22T00:58:39.948+0800: 12.984: [Unloading, 0.0011145 secs], 0.0062701 secs]
 [Times: user=0.02 sys=0.00, real=0.01 secs] 
2021-01-22T00:58:39.952+0800: 12.988: [GC cleanup 775M->670M(2048M), 0.0037366 secs]
 [Times: user=0.01 sys=0.00, real=0.00 secs] 
2021-01-22T00:58:39.957+0800: 12.993: [GC concurrent-cleanup-start]
2021-01-22T00:58:39.957+0800: 12.993: [GC concurrent-cleanup-end, 0.0000566 secs]
2021-01-22T00:58:40.067+0800: 13.103: [GC pause (G1 Evacuation Pause) (young), 0.0363168 secs]
   [Parallel Time: 32.3 ms, GC Workers: 8]
      [GC Worker Start (ms): Min: 13103.2, Avg: 13103.4, Max: 13103.6, Diff: 0.4]
      [Ext Root Scanning (ms): Min: 0.0, Avg: 0.1, Max: 0.2, Diff: 0.2, Sum: 0.5]
      [Update RS (ms): Min: 12.6, Avg: 12.7, Max: 12.8, Diff: 0.1, Sum: 101.7]
         [Processed Buffers: Min: 165, Avg: 184.9, Max: 196, Diff: 31, Sum: 1479]
      [Scan RS (ms): Min: 0.1, Avg: 0.1, Max: 0.2, Diff: 0.1, Sum: 1.2]
      [Code Root Scanning (ms): Min: 0.0, Avg: 0.0, Max: 0.0, Diff: 0.0, Sum: 0.0]
      [Object Copy (ms): Min: 18.2, Avg: 18.2, Max: 18.4, Diff: 0.2, Sum: 146.0]
      [Termination (ms): Min: 0.0, Avg: 0.1, Max: 0.2, Diff: 0.2, Sum: 0.9]
         [Termination Attempts: Min: 1, Avg: 1.0, Max: 1, Diff: 0, Sum: 8]
      [GC Worker Other (ms): Min: 0.0, Avg: 0.2, Max: 0.4, Diff: 0.4, Sum: 1.4]
      [GC Worker Total (ms): Min: 31.2, Avg: 31.5, Max: 31.7, Diff: 0.5, Sum: 251.8]
      [GC Worker End (ms): Min: 13134.7, Avg: 13134.9, Max: 13135.2, Diff: 0.4]
   [Code Root Fixup: 0.0 ms]
   [Code Root Purge: 0.0 ms]
   [Clear CT: 0.9 ms]
   [Other: 3.1 ms]
      [Choose CSet: 0.0 ms]
      [Ref Proc: 0.9 ms]
      [Ref Enq: 0.0 ms]
      [Redirty Cards: 1.2 ms]
      [Humongous Register: 0.2 ms]
      [Humongous Reclaim: 0.3 ms]
      [Free CSet: 0.4 ms]
   [Eden: 772.0M(772.0M)->0.0B(7168.0K) Survivors: 95232.0K->109.0M Heap: 1599.9M(2048.0M)->740.3M(2048.0M)]
 [Times: user=0.26 sys=0.00, real=0.04 secs] 
2021-01-22T00:58:40.105+0800: 13.141: [GC pause (G1 Evacuation Pause) (mixed), 0.0160528 secs]
   [Parallel Time: 12.5 ms, GC Workers: 8]
      [GC Worker Start (ms): Min: 13141.4, Avg: 13141.5, Max: 13141.7, Diff: 0.3]
      [Ext Root Scanning (ms): Min: 0.0, Avg: 0.1, Max: 0.2, Diff: 0.2, Sum: 0.5]
      [Update RS (ms): Min: 0.0, Avg: 0.1, Max: 0.1, Diff: 0.1, Sum: 0.8]
         [Processed Buffers: Min: 0, Avg: 1.8, Max: 3, Diff: 3, Sum: 14]
      [Scan RS (ms): Min: 0.0, Avg: 0.1, Max: 0.1, Diff: 0.0, Sum: 0.4]
      [Code Root Scanning (ms): Min: 0.0, Avg: 0.0, Max: 0.0, Diff: 0.0, Sum: 0.0]
      [Object Copy (ms): Min: 11.1, Avg: 11.2, Max: 11.5, Diff: 0.4, Sum: 89.4]
      [Termination (ms): Min: 0.0, Avg: 0.3, Max: 0.4, Diff: 0.4, Sum: 2.4]
         [Termination Attempts: Min: 1, Avg: 2.5, Max: 7, Diff: 6, Sum: 20]
      [GC Worker Other (ms): Min: 0.0, Avg: 0.0, Max: 0.0, Diff: 0.0, Sum: 0.1]
      [GC Worker Total (ms): Min: 11.6, Avg: 11.7, Max: 11.8, Diff: 0.3, Sum: 93.6]
      [GC Worker End (ms): Min: 13153.2, Avg: 13153.3, Max: 13153.3, Diff: 0.1]
   [Code Root Fixup: 0.0 ms]
   [Code Root Purge: 0.0 ms]
   [Clear CT: 1.1 ms]
   [Other: 2.5 ms]
      [Choose CSet: 0.1 ms]
      [Ref Proc: 0.8 ms]
      [Ref Enq: 0.0 ms]
      [Redirty Cards: 1.1 ms]
      [Humongous Register: 0.1 ms]
      [Humongous Reclaim: 0.0 ms]
      [Free CSet: 0.2 ms]
   [Eden: 7168.0K(7168.0K)->0.0B(396.0M) Survivors: 109.0M->1024.0K Heap: 747.8M(2048.0M)->581.4M(2048.0M)]
 [Times: user=0.10 sys=0.00, real=0.02 secs] 
2021-01-22T00:58:40.180+0800: 13.216: [GC pause (G1 Evacuation Pause) (young), 0.0215985 secs]
   [Parallel Time: 18.5 ms, GC Workers: 8]
      [GC Worker Start (ms): Min: 13216.4, Avg: 13216.6, Max: 13216.8, Diff: 0.4]
      [Ext Root Scanning (ms): Min: 0.0, Avg: 0.1, Max: 0.3, Diff: 0.3, Sum: 0.8]
      [Update RS (ms): Min: 8.0, Avg: 8.1, Max: 8.2, Diff: 0.2, Sum: 64.8]
         [Processed Buffers: Min: 12, Avg: 111.4, Max: 149, Diff: 137, Sum: 891]
      [Scan RS (ms): Min: 0.0, Avg: 0.0, Max: 0.1, Diff: 0.0, Sum: 0.4]
      [Code Root Scanning (ms): Min: 0.0, Avg: 0.0, Max: 0.0, Diff: 0.0, Sum: 0.0]
      [Object Copy (ms): Min: 8.8, Avg: 9.0, Max: 9.6, Diff: 0.8, Sum: 71.8]
      [Termination (ms): Min: 0.0, Avg: 0.7, Max: 0.8, Diff: 0.8, Sum: 5.2]
         [Termination Attempts: Min: 1, Avg: 1.5, Max: 2, Diff: 1, Sum: 12]
      [GC Worker Other (ms): Min: 0.0, Avg: 0.0, Max: 0.0, Diff: 0.0, Sum: 0.2]
      [GC Worker Total (ms): Min: 17.7, Avg: 17.9, Max: 18.1, Diff: 0.4, Sum: 143.2]
      [GC Worker End (ms): Min: 13234.5, Avg: 13234.5, Max: 13234.5, Diff: 0.1]
   [Code Root Fixup: 0.0 ms]
   [Code Root Purge: 0.0 ms]
   [Clear CT: 0.8 ms]
   [Other: 2.3 ms]
      [Choose CSet: 0.1 ms]
      [Ref Proc: 0.9 ms]
      [Ref Enq: 0.0 ms]
      [Redirty Cards: 0.7 ms]
      [Humongous Register: 0.2 ms]
      [Humongous Reclaim: 0.2 ms]
      [Free CSet: 0.2 ms]
   [Eden: 396.0M(396.0M)->0.0B(197.0M) Survivors: 1024.0K->51200.0K Heap: 1087.6M(2048.0M)->694.4M(2048.0M)]
 [Times: user=0.14 sys=0.00, real=0.02 secs] 
2021-01-22T00:58:40.232+0800: 13.268: [GC pause (G1 Evacuation Pause) (young), 0.0146948 secs]
   [Parallel Time: 12.1 ms, GC Workers: 8]
      [GC Worker Start (ms): Min: 13268.4, Avg: 13268.5, Max: 13268.7, Diff: 0.3]
      [Ext Root Scanning (ms): Min: 0.0, Avg: 0.1, Max: 0.2, Diff: 0.2, Sum: 0.5]
      [Update RS (ms): Min: 3.3, Avg: 3.3, Max: 3.4, Diff: 0.1, Sum: 26.7]
         [Processed Buffers: Min: 50, Avg: 51.2, Max: 54, Diff: 4, Sum: 410]
      [Scan RS (ms): Min: 0.0, Avg: 0.0, Max: 0.0, Diff: 0.0, Sum: 0.2]
      [Code Root Scanning (ms): Min: 0.0, Avg: 0.0, Max: 0.0, Diff: 0.0, Sum: 0.0]
      [Object Copy (ms): Min: 8.1, Avg: 8.1, Max: 8.1, Diff: 0.0, Sum: 64.5]
      [Termination (ms): Min: 0.0, Avg: 0.0, Max: 0.1, Diff: 0.1, Sum: 0.4]
         [Termination Attempts: Min: 1, Avg: 1.0, Max: 1, Diff: 0, Sum: 8]
      [GC Worker Other (ms): Min: 0.0, Avg: 0.0, Max: 0.1, Diff: 0.1, Sum: 0.2]
      [GC Worker Total (ms): Min: 11.4, Avg: 11.6, Max: 11.7, Diff: 0.3, Sum: 92.5]
      [GC Worker End (ms): Min: 13280.1, Avg: 13280.1, Max: 13280.2, Diff: 0.1]
   [Code Root Fixup: 0.0 ms]
   [Code Root Purge: 0.0 ms]
   [Clear CT: 1.0 ms]
   [Other: 1.6 ms]
      [Choose CSet: 0.0 ms]
      [Ref Proc: 0.4 ms]
      [Ref Enq: 0.0 ms]
      [Redirty Cards: 0.6 ms]
      [Humongous Register: 0.1 ms]
      [Humongous Reclaim: 0.1 ms]
      [Free CSet: 0.2 ms]
   [Eden: 197.0M(197.0M)->0.0B(346.0M) Survivors: 51200.0K->31744.0K Heap: 941.5M(2048.0M)->742.6M(2048.0M)]
 [Times: user=0.10 sys=0.00, real=0.01 secs] 
2021-01-22T00:58:40.297+0800: 13.333: [GC pause (G1 Evacuation Pause) (young), 0.0223232 secs]
   [Parallel Time: 18.3 ms, GC Workers: 8]
      [GC Worker Start (ms): Min: 13333.3, Avg: 13333.4, Max: 13333.5, Diff: 0.3]
      [Ext Root Scanning (ms): Min: 0.0, Avg: 0.1, Max: 0.2, Diff: 0.2, Sum: 0.5]
      [Update RS (ms): Min: 5.9, Avg: 6.0, Max: 6.0, Diff: 0.1, Sum: 47.8]
         [Processed Buffers: Min: 89, Avg: 90.9, Max: 93, Diff: 4, Sum: 727]
      [Scan RS (ms): Min: 0.0, Avg: 0.0, Max: 0.1, Diff: 0.0, Sum: 0.3]
      [Code Root Scanning (ms): Min: 0.0, Avg: 0.0, Max: 0.0, Diff: 0.0, Sum: 0.0]
      [Object Copy (ms): Min: 10.7, Avg: 10.8, Max: 11.2, Diff: 0.5, Sum: 86.6]
      [Termination (ms): Min: 0.0, Avg: 0.4, Max: 0.5, Diff: 0.5, Sum: 3.1]
         [Termination Attempts: Min: 1, Avg: 1.0, Max: 1, Diff: 0, Sum: 8]
      [GC Worker Other (ms): Min: 0.0, Avg: 0.0, Max: 0.0, Diff: 0.0, Sum: 0.1]
      [GC Worker Total (ms): Min: 17.2, Avg: 17.3, Max: 17.5, Diff: 0.3, Sum: 138.4]
      [GC Worker End (ms): Min: 13350.7, Avg: 13350.7, Max: 13350.7, Diff: 0.0]
   [Code Root Fixup: 0.0 ms]
   [Code Root Purge: 0.0 ms]
   [Clear CT: 1.6 ms]
   [Other: 2.4 ms]
      [Choose CSet: 0.0 ms]
      [Ref Proc: 0.5 ms]
      [Ref Enq: 0.0 ms]
      [Redirty Cards: 1.2 ms]
      [Humongous Register: 0.1 ms]
      [Humongous Reclaim: 0.2 ms]
      [Free CSet: 0.2 ms]
   [Eden: 346.0M(346.0M)->0.0B(367.0M) Survivors: 31744.0K->49152.0K Heap: 1178.3M(2048.0M)->825.6M(2048.0M)]
 [Times: user=0.15 sys=0.00, real=0.03 secs] 
2021-01-22T00:58:40.352+0800: 13.388: [GC pause (G1 Humongous Allocation) (young) (initial-mark), 0.0173518 secs]
   [Parallel Time: 13.5 ms, GC Workers: 8]
      [GC Worker Start (ms): Min: 13388.4, Avg: 13388.6, Max: 13388.7, Diff: 0.3]
      [Ext Root Scanning (ms): Min: 0.0, Avg: 0.4, Max: 0.6, Diff: 0.6, Sum: 3.1]
      [Update RS (ms): Min: 3.4, Avg: 3.6, Max: 3.8, Diff: 0.3, Sum: 28.5]
         [Processed Buffers: Min: 51, Avg: 54.1, Max: 57, Diff: 6, Sum: 433]
      [Scan RS (ms): Min: 0.0, Avg: 0.0, Max: 0.0, Diff: 0.0, Sum: 0.2]
      [Code Root Scanning (ms): Min: 0.0, Avg: 0.0, Max: 0.0, Diff: 0.0, Sum: 0.0]
      [Object Copy (ms): Min: 8.2, Avg: 8.2, Max: 8.6, Diff: 0.4, Sum: 65.9]
      [Termination (ms): Min: 0.0, Avg: 0.4, Max: 0.5, Diff: 0.5, Sum: 3.1]
         [Termination Attempts: Min: 1, Avg: 1.1, Max: 2, Diff: 1, Sum: 9]
      [GC Worker Other (ms): Min: 0.0, Avg: 0.0, Max: 0.0, Diff: 0.0, Sum: 0.1]
      [GC Worker Total (ms): Min: 12.5, Avg: 12.6, Max: 12.8, Diff: 0.3, Sum: 100.8]
      [GC Worker End (ms): Min: 13401.2, Avg: 13401.2, Max: 13401.2, Diff: 0.1]
   [Code Root Fixup: 0.0 ms]
   [Code Root Purge: 0.0 ms]
   [Clear CT: 1.3 ms]
   [Other: 2.6 ms]
      [Choose CSet: 0.0 ms]
      [Ref Proc: 1.1 ms]
      [Ref Enq: 0.0 ms]
      [Redirty Cards: 0.9 ms]
      [Humongous Register: 0.1 ms]
      [Humongous Reclaim: 0.1 ms]
      [Free CSet: 0.2 ms]
   [Eden: 197.0M(367.0M)->0.0B(398.0M) Survivors: 49152.0K->53248.0K Heap: 1074.9M(2048.0M)->874.8M(2048.0M)]
 [Times: user=0.09 sys=0.02, real=0.02 secs] 
2021-01-22T00:58:40.370+0800: 13.406: [GC concurrent-root-region-scan-start]
2021-01-22T00:58:40.370+0800: 13.406: [GC concurrent-root-region-scan-end, 0.0003167 secs]
2021-01-22T00:58:40.370+0800: 13.406: [GC concurrent-mark-start]
2021-01-22T00:58:40.374+0800: 13.409: [GC concurrent-mark-end, 0.0030890 secs]
2021-01-22T00:58:40.374+0800: 13.410: [GC remark 2021-01-22T00:58:40.374+0800: 13.410: [Finalize Marking, 0.0008831 secs] 2021-01-22T00:58:40.376+0800: 13.411: [GC ref-proc, 0.0006225 secs] 2021-01-22T00:58:40.376+0800: 13.412: [Unloading, 0.0013925 secs], 0.0055652 secs]
 [Times: user=0.01 sys=0.01, real=0.01 secs] 
2021-01-22T00:58:40.381+0800: 13.416: [GC cleanup 912M->713M(2048M), 0.0032493 secs]
 [Times: user=0.01 sys=0.00, real=0.00 secs] 
2021-01-22T00:58:40.384+0800: 13.420: [GC concurrent-cleanup-start]
2021-01-22T00:58:40.385+0800: 13.420: [GC concurrent-cleanup-end, 0.0001354 secs]
2021-01-22T00:58:40.439+0800: 13.475: [GC pause (G1 Evacuation Pause) (young), 0.0244415 secs]
   [Parallel Time: 21.0 ms, GC Workers: 8]
      [GC Worker Start (ms): Min: 13475.0, Avg: 13475.2, Max: 13475.4, Diff: 0.3]
      [Ext Root Scanning (ms): Min: 0.0, Avg: 0.1, Max: 0.2, Diff: 0.2, Sum: 0.5]
      [Update RS (ms): Min: 7.7, Avg: 7.8, Max: 7.9, Diff: 0.2, Sum: 62.5]
         [Processed Buffers: Min: 100, Avg: 112.4, Max: 122, Diff: 22, Sum: 899]
      [Scan RS (ms): Min: 0.0, Avg: 0.2, Max: 1.0, Diff: 0.9, Sum: 1.3]
      [Code Root Scanning (ms): Min: 0.0, Avg: 0.0, Max: 0.0, Diff: 0.0, Sum: 0.0]
      [Object Copy (ms): Min: 11.2, Avg: 12.1, Max: 12.3, Diff: 1.1, Sum: 96.5]
      [Termination (ms): Min: 0.0, Avg: 0.1, Max: 0.2, Diff: 0.2, Sum: 0.9]
         [Termination Attempts: Min: 1, Avg: 1.0, Max: 1, Diff: 0, Sum: 8]
      [GC Worker Other (ms): Min: 0.0, Avg: 0.0, Max: 0.1, Diff: 0.1, Sum: 0.2]
      [GC Worker Total (ms): Min: 20.1, Avg: 20.2, Max: 20.4, Diff: 0.3, Sum: 161.9]
      [GC Worker End (ms): Min: 13495.4, Avg: 13495.4, Max: 13495.5, Diff: 0.1]
   [Code Root Fixup: 0.0 ms]
   [Code Root Purge: 0.0 ms]
   [Clear CT: 1.0 ms]
   [Other: 2.4 ms]
      [Choose CSet: 0.0 ms]
      [Ref Proc: 0.9 ms]
      [Ref Enq: 0.0 ms]
      [Redirty Cards: 0.7 ms]
      [Humongous Register: 0.1 ms]
      [Humongous Reclaim: 0.3 ms]
      [Free CSet: 0.2 ms]
   [Eden: 398.0M(398.0M)->0.0B(46080.0K) Survivors: 53248.0K->58368.0K Heap: 1184.9M(2048.0M)->776.0M(2048.0M)]
 [Times: user=0.17 sys=0.00, real=0.02 secs] 
2021-01-22T00:58:40.471+0800: 13.507: [GC pause (G1 Evacuation Pause) (mixed), 0.0136224 secs]
   [Parallel Time: 10.1 ms, GC Workers: 8]
      [GC Worker Start (ms): Min: 13507.4, Avg: 13507.6, Max: 13507.7, Diff: 0.3]
      [Ext Root Scanning (ms): Min: 0.0, Avg: 0.1, Max: 0.3, Diff: 0.3, Sum: 0.7]
      [Update RS (ms): Min: 0.8, Avg: 0.9, Max: 0.9, Diff: 0.1, Sum: 6.9]
         [Processed Buffers: Min: 12, Avg: 13.2, Max: 14, Diff: 2, Sum: 106]
      [Scan RS (ms): Min: 0.1, Avg: 0.1, Max: 0.1, Diff: 0.0, Sum: 0.6]
      [Code Root Scanning (ms): Min: 0.0, Avg: 0.0, Max: 0.0, Diff: 0.0, Sum: 0.1]
      [Object Copy (ms): Min: 7.3, Avg: 7.5, Max: 8.6, Diff: 1.3, Sum: 60.3]
      [Termination (ms): Min: 0.0, Avg: 1.1, Max: 1.3, Diff: 1.3, Sum: 9.0]
         [Termination Attempts: Min: 1, Avg: 1.2, Max: 2, Diff: 1, Sum: 10]
      [GC Worker Other (ms): Min: 0.0, Avg: 0.0, Max: 0.0, Diff: 0.0, Sum: 0.1]
      [GC Worker Total (ms): Min: 9.6, Avg: 9.7, Max: 9.9, Diff: 0.3, Sum: 77.5]
      [GC Worker End (ms): Min: 13517.2, Avg: 13517.2, Max: 13517.3, Diff: 0.0]
   [Code Root Fixup: 0.0 ms]
   [Code Root Purge: 0.0 ms]
   [Clear CT: 0.9 ms]
   [Other: 2.7 ms]
      [Choose CSet: 0.1 ms]
      [Ref Proc: 1.0 ms]
      [Ref Enq: 0.0 ms]
      [Redirty Cards: 1.0 ms]
      [Humongous Register: 0.2 ms]
      [Humongous Reclaim: 0.1 ms]
      [Free CSet: 0.3 ms]
   [Eden: 46080.0K(46080.0K)->0.0B(91136.0K) Survivors: 58368.0K->13312.0K Heap: 833.1M(2048.0M)->602.2M(2048.0M)]
 [Times: user=0.09 sys=0.00, real=0.01 secs] 
2021-01-22T00:58:40.499+0800: 13.535: [GC pause (G1 Evacuation Pause) (mixed), 0.0100265 secs]
   [Parallel Time: 6.8 ms, GC Workers: 8]
      [GC Worker Start (ms): Min: 13535.7, Avg: 13535.8, Max: 13535.9, Diff: 0.3]
      [Ext Root Scanning (ms): Min: 0.0, Avg: 0.1, Max: 0.2, Diff: 0.2, Sum: 0.5]
      [Update RS (ms): Min: 2.0, Avg: 2.0, Max: 2.1, Diff: 0.1, Sum: 16.3]
         [Processed Buffers: Min: 28, Avg: 29.9, Max: 32, Diff: 4, Sum: 239]
      [Scan RS (ms): Min: 0.0, Avg: 0.0, Max: 0.0, Diff: 0.0, Sum: 0.2]
      [Code Root Scanning (ms): Min: 0.0, Avg: 0.0, Max: 0.0, Diff: 0.0, Sum: 0.0]
      [Object Copy (ms): Min: 3.6, Avg: 3.7, Max: 3.8, Diff: 0.1, Sum: 29.4]
      [Termination (ms): Min: 0.0, Avg: 0.1, Max: 0.2, Diff: 0.2, Sum: 1.1]
         [Termination Attempts: Min: 1, Avg: 1.0, Max: 1, Diff: 0, Sum: 8]
      [GC Worker Other (ms): Min: 0.0, Avg: 0.0, Max: 0.0, Diff: 0.0, Sum: 0.0]
      [GC Worker Total (ms): Min: 5.8, Avg: 5.9, Max: 6.1, Diff: 0.3, Sum: 47.4]
      [GC Worker End (ms): Min: 13541.7, Avg: 13541.7, Max: 13541.8, Diff: 0.0]
   [Code Root Fixup: 0.0 ms]
   [Code Root Purge: 0.0 ms]
   [Clear CT: 1.3 ms]
   [Other: 1.9 ms]
      [Choose CSet: 0.0 ms]
      [Ref Proc: 0.5 ms]
      [Ref Enq: 0.0 ms]
      [Redirty Cards: 1.0 ms]
      [Humongous Register: 0.1 ms]
      [Humongous Reclaim: 0.1 ms]
      [Free CSet: 0.1 ms]
   [Eden: 91136.0K(91136.0K)->0.0B(830.0M) Survivors: 13312.0K->13312.0K Heap: 719.9M(2048.0M)->598.6M(2048.0M)]
 [Times: user=0.04 sys=0.01, real=0.01 secs] 
2021-01-22T00:58:40.617+0800: 13.653: [GC pause (G1 Humongous Allocation) (young) (initial-mark), 0.0293618 secs]
   [Parallel Time: 26.4 ms, GC Workers: 8]
      [GC Worker Start (ms): Min: 13653.4, Avg: 13653.6, Max: 13653.8, Diff: 0.4]
      [Ext Root Scanning (ms): Min: 0.0, Avg: 0.4, Max: 0.6, Diff: 0.6, Sum: 2.8]
      [Update RS (ms): Min: 11.7, Avg: 11.8, Max: 12.0, Diff: 0.3, Sum: 94.6]
         [Processed Buffers: Min: 159, Avg: 173.5, Max: 183, Diff: 24, Sum: 1388]
      [Scan RS (ms): Min: 0.1, Avg: 0.1, Max: 0.1, Diff: 0.0, Sum: 0.6]
      [Code Root Scanning (ms): Min: 0.0, Avg: 0.0, Max: 0.0, Diff: 0.0, Sum: 0.0]
      [Object Copy (ms): Min: 13.3, Avg: 13.3, Max: 13.3, Diff: 0.1, Sum: 106.3]
      [Termination (ms): Min: 0.0, Avg: 0.0, Max: 0.1, Diff: 0.1, Sum: 0.2]
         [Termination Attempts: Min: 1, Avg: 1.0, Max: 1, Diff: 0, Sum: 8]
      [GC Worker Other (ms): Min: 0.0, Avg: 0.1, Max: 0.1, Diff: 0.1, Sum: 0.4]
      [GC Worker Total (ms): Min: 25.5, Avg: 25.6, Max: 25.8, Diff: 0.3, Sum: 205.1]
      [GC Worker End (ms): Min: 13679.2, Avg: 13679.2, Max: 13679.3, Diff: 0.1]
   [Code Root Fixup: 0.0 ms]
   [Code Root Purge: 0.0 ms]
   [Clear CT: 0.8 ms]
   [Other: 2.3 ms]
      [Choose CSet: 0.0 ms]
      [Ref Proc: 0.5 ms]
      [Ref Enq: 0.0 ms]
      [Redirty Cards: 0.7 ms]
      [Humongous Register: 0.2 ms]
      [Humongous Reclaim: 0.3 ms]
      [Free CSet: 0.3 ms]
   [Eden: 670.0M(830.0M)->0.0B(779.0M) Survivors: 13312.0K->106.0M Heap: 1440.8M(2048.0M)->741.1M(2048.0M)]
 [Times: user=0.20 sys=0.01, real=0.03 secs] 
2021-01-22T00:58:40.647+0800: 13.683: [GC concurrent-root-region-scan-start]
2021-01-22T00:58:40.647+0800: 13.683: [GC concurrent-root-region-scan-end, 0.0002414 secs]
2021-01-22T00:58:40.647+0800: 13.683: [GC concurrent-mark-start]
2021-01-22T00:58:40.650+0800: 13.686: [GC concurrent-mark-end, 0.0023252 secs]
2021-01-22T00:58:40.650+0800: 13.686: [GC remark 2021-01-22T00:58:40.650+0800: 13.686: [Finalize Marking, 0.0008493 secs] 2021-01-22T00:58:40.651+0800: 13.687: [GC ref-proc, 0.0004007 secs] 2021-01-22T00:58:40.652+0800: 13.688: [Unloading, 0.0008060 secs], 0.0041197 secs]
 [Times: user=0.01 sys=0.00, real=0.00 secs] 
2021-01-22T00:58:40.655+0800: 13.691: [GC cleanup 766M->669M(2048M), 0.0023464 secs]
 [Times: user=0.01 sys=0.00, real=0.00 secs] 
2021-01-22T00:58:40.657+0800: 13.693: [GC concurrent-cleanup-start]
2021-01-22T00:58:40.658+0800: 13.693: [GC concurrent-cleanup-end, 0.0000958 secs]
2021-01-22T00:58:40.760+0800: 13.796: [GC pause (G1 Evacuation Pause) (young), 0.0336654 secs]
   [Parallel Time: 30.5 ms, GC Workers: 8]
      [GC Worker Start (ms): Min: 13796.5, Avg: 13796.7, Max: 13796.9, Diff: 0.4]
      [Ext Root Scanning (ms): Min: 0.0, Avg: 0.1, Max: 0.2, Diff: 0.2, Sum: 0.5]
      [Update RS (ms): Min: 12.0, Avg: 12.1, Max: 12.1, Diff: 0.1, Sum: 96.6]
         [Processed Buffers: Min: 171, Avg: 180.2, Max: 187, Diff: 16, Sum: 1442]
      [Scan RS (ms): Min: 0.1, Avg: 0.1, Max: 0.1, Diff: 0.0, Sum: 1.0]
      [Code Root Scanning (ms): Min: 0.0, Avg: 0.0, Max: 0.0, Diff: 0.0, Sum: 0.0]
      [Object Copy (ms): Min: 17.7, Avg: 17.7, Max: 17.8, Diff: 0.0, Sum: 141.9]
      [Termination (ms): Min: 0.0, Avg: 0.0, Max: 0.1, Diff: 0.1, Sum: 0.4]
         [Termination Attempts: Min: 1, Avg: 1.0, Max: 1, Diff: 0, Sum: 8]
      [GC Worker Other (ms): Min: 0.0, Avg: 0.0, Max: 0.0, Diff: 0.0, Sum: 0.1]
      [GC Worker Total (ms): Min: 29.9, Avg: 30.1, Max: 30.3, Diff: 0.4, Sum: 240.5]
      [GC Worker End (ms): Min: 13826.8, Avg: 13826.8, Max: 13826.8, Diff: 0.0]
   [Code Root Fixup: 0.0 ms]
   [Code Root Purge: 0.0 ms]
   [Clear CT: 0.8 ms]
   [Other: 2.4 ms]
      [Choose CSet: 0.0 ms]
      [Ref Proc: 0.7 ms]
      [Ref Enq: 0.0 ms]
      [Redirty Cards: 0.9 ms]
      [Humongous Register: 0.3 ms]
      [Humongous Reclaim: 0.2 ms]
      [Free CSet: 0.3 ms]
   [Eden: 779.0M(779.0M)->0.0B(7168.0K) Survivors: 106.0M->111.0M Heap: 1602.0M(2048.0M)->748.3M(2048.0M)]
 [Times: user=0.25 sys=0.00, real=0.03 secs] 
2021-01-22T00:58:40.796+0800: 13.832: [GC pause (G1 Evacuation Pause) (mixed), 0.0147171 secs]
   [Parallel Time: 10.8 ms, GC Workers: 8]
      [GC Worker Start (ms): Min: 13832.7, Avg: 13832.8, Max: 13833.0, Diff: 0.3]
      [Ext Root Scanning (ms): Min: 0.0, Avg: 0.1, Max: 0.2, Diff: 0.2, Sum: 0.5]
      [Update RS (ms): Min: 0.2, Avg: 0.2, Max: 0.3, Diff: 0.1, Sum: 1.7]
         [Processed Buffers: Min: 3, Avg: 3.6, Max: 4, Diff: 1, Sum: 29]
      [Scan RS (ms): Min: 0.0, Avg: 0.1, Max: 0.1, Diff: 0.1, Sum: 0.4]
      [Code Root Scanning (ms): Min: 0.0, Avg: 0.0, Max: 0.0, Diff: 0.0, Sum: 0.0]
      [Object Copy (ms): Min: 10.0, Avg: 10.0, Max: 10.0, Diff: 0.1, Sum: 80.0]
      [Termination (ms): Min: 0.0, Avg: 0.0, Max: 0.1, Diff: 0.1, Sum: 0.4]
         [Termination Attempts: Min: 1, Avg: 1.0, Max: 1, Diff: 0, Sum: 8]
      [GC Worker Other (ms): Min: 0.0, Avg: 0.0, Max: 0.0, Diff: 0.0, Sum: 0.1]
      [GC Worker Total (ms): Min: 10.3, Avg: 10.4, Max: 10.6, Diff: 0.3, Sum: 83.1]
      [GC Worker End (ms): Min: 13843.2, Avg: 13843.2, Max: 13843.2, Diff: 0.0]
   [Code Root Fixup: 0.0 ms]
   [Code Root Purge: 0.0 ms]
   [Clear CT: 1.0 ms]
   [Other: 2.9 ms]
      [Choose CSet: 0.1 ms]
      [Ref Proc: 1.0 ms]
      [Ref Enq: 0.0 ms]
      [Redirty Cards: 1.0 ms]
      [Humongous Register: 0.2 ms]
      [Humongous Reclaim: 0.1 ms]
      [Free CSet: 0.2 ms]
   [Eden: 7168.0K(7168.0K)->0.0B(918.0M) Survivors: 111.0M->2048.0K Heap: 757.6M(2048.0M)->573.9M(2048.0M)]
 [Times: user=0.09 sys=0.00, real=0.02 secs] 
2021-01-22T00:58:40.921+0800: 13.957: [GC pause (G1 Humongous Allocation) (young) (initial-mark), 0.0312033 secs]
   [Parallel Time: 27.8 ms, GC Workers: 8]
      [GC Worker Start (ms): Min: 13956.9, Avg: 13957.2, Max: 13957.4, Diff: 0.5]
      [Ext Root Scanning (ms): Min: 0.0, Avg: 0.4, Max: 0.6, Diff: 0.6, Sum: 3.5]
      [Update RS (ms): Min: 12.4, Avg: 12.5, Max: 12.7, Diff: 0.3, Sum: 100.0]
         [Processed Buffers: Min: 176, Avg: 185.8, Max: 194, Diff: 18, Sum: 1486]
      [Scan RS (ms): Min: 0.1, Avg: 0.1, Max: 0.1, Diff: 0.0, Sum: 0.9]
      [Code Root Scanning (ms): Min: 0.0, Avg: 0.0, Max: 0.0, Diff: 0.0, Sum: 0.0]
      [Object Copy (ms): Min: 13.5, Avg: 13.7, Max: 14.1, Diff: 0.5, Sum: 109.2]
      [Termination (ms): Min: 0.0, Avg: 0.4, Max: 0.5, Diff: 0.5, Sum: 3.3]
         [Termination Attempts: Min: 1, Avg: 1.0, Max: 1, Diff: 0, Sum: 8]
      [GC Worker Other (ms): Min: 0.0, Avg: 0.0, Max: 0.0, Diff: 0.0, Sum: 0.1]
      [GC Worker Total (ms): Min: 26.9, Avg: 27.1, Max: 27.4, Diff: 0.4, Sum: 217.0]
      [GC Worker End (ms): Min: 13984.3, Avg: 13984.3, Max: 13984.3, Diff: 0.0]
   [Code Root Fixup: 0.0 ms]
   [Code Root Purge: 0.0 ms]
   [Clear CT: 1.2 ms]
   [Other: 2.2 ms]
      [Choose CSet: 0.0 ms]
      [Ref Proc: 0.4 ms]
      [Ref Enq: 0.0 ms]
      [Redirty Cards: 0.8 ms]
      [Humongous Register: 0.1 ms]
      [Humongous Reclaim: 0.2 ms]
      [Free CSet: 0.3 ms]
   [Eden: 734.0M(918.0M)->0.0B(816.0M) Survivors: 2048.0K->115.0M Heap: 1491.5M(2048.0M)->729.8M(2048.0M)]
 [Times: user=0.22 sys=0.00, real=0.03 secs] 
2021-01-22T00:58:40.953+0800: 13.989: [GC concurrent-root-region-scan-start]
2021-01-22T00:58:40.953+0800: 13.989: [GC concurrent-root-region-scan-end, 0.0003415 secs]
2021-01-22T00:58:40.953+0800: 13.989: [GC concurrent-mark-start]
2021-01-22T00:58:40.956+0800: 13.991: [GC concurrent-mark-end, 0.0023543 secs]
2021-01-22T00:58:40.956+0800: 13.992: [GC remark 2021-01-22T00:58:40.956+0800: 13.992: [Finalize Marking, 0.0013067 secs] 2021-01-22T00:58:40.958+0800: 13.994: [GC ref-proc, 0.0006052 secs] 2021-01-22T00:58:40.959+0800: 13.995: [Unloading, 0.0014721 secs], 0.0060744 secs]
 [Times: user=0.01 sys=0.00, real=0.01 secs] 
2021-01-22T00:58:40.963+0800: 13.999: [GC cleanup 755M->624M(2048M), 0.0036388 secs]
 [Times: user=0.01 sys=0.00, real=0.00 secs] 
2021-01-22T00:58:40.968+0800: 14.003: [GC concurrent-cleanup-start]
2021-01-22T00:58:40.968+0800: 14.004: [GC concurrent-cleanup-end, 0.0000869 secs]
2021-01-22T00:58:41.085+0800: 14.121: [GC pause (G1 Evacuation Pause) (young), 0.0390064 secs]
   [Parallel Time: 34.9 ms, GC Workers: 8]
      [GC Worker Start (ms): Min: 14121.5, Avg: 14121.8, Max: 14122.4, Diff: 0.9]
      [Ext Root Scanning (ms): Min: 0.0, Avg: 0.1, Max: 0.2, Diff: 0.2, Sum: 0.5]
      [Update RS (ms): Min: 13.7, Avg: 14.2, Max: 14.3, Diff: 0.6, Sum: 113.4]
         [Processed Buffers: Min: 187, Avg: 203.2, Max: 217, Diff: 30, Sum: 1626]
      [Scan RS (ms): Min: 0.1, Avg: 0.1, Max: 0.2, Diff: 0.1, Sum: 1.2]
      [Code Root Scanning (ms): Min: 0.0, Avg: 0.0, Max: 0.0, Diff: 0.0, Sum: 0.0]
      [Object Copy (ms): Min: 19.1, Avg: 19.3, Max: 19.8, Diff: 0.6, Sum: 154.3]
      [Termination (ms): Min: 0.0, Avg: 0.5, Max: 0.6, Diff: 0.6, Sum: 4.1]
         [Termination Attempts: Min: 1, Avg: 1.2, Max: 3, Diff: 2, Sum: 10]
      [GC Worker Other (ms): Min: 0.0, Avg: 0.0, Max: 0.0, Diff: 0.0, Sum: 0.1]
      [GC Worker Total (ms): Min: 33.6, Avg: 34.2, Max: 34.5, Diff: 0.9, Sum: 273.5]
      [GC Worker End (ms): Min: 14156.0, Avg: 14156.0, Max: 14156.0, Diff: 0.0]
   [Code Root Fixup: 0.0 ms]
   [Code Root Purge: 0.0 ms]
   [Clear CT: 1.1 ms]
   [Other: 3.0 ms]
      [Choose CSet: 0.0 ms]
      [Ref Proc: 0.9 ms]
      [Ref Enq: 0.0 ms]
      [Redirty Cards: 1.2 ms]
      [Humongous Register: 0.2 ms]
      [Humongous Reclaim: 0.3 ms]
      [Free CSet: 0.3 ms]
   [Eden: 816.0M(816.0M)->0.0B(7168.0K) Survivors: 115.0M->117.0M Heap: 1616.7M(2048.0M)->693.5M(2048.0M)]
 [Times: user=0.29 sys=0.00, real=0.04 secs] 
2021-01-22T00:58:41.126+0800: 14.162: [GC pause (G1 Evacuation Pause) (mixed), 0.0172359 secs]
   [Parallel Time: 13.2 ms, GC Workers: 8]
      [GC Worker Start (ms): Min: 14162.6, Avg: 14162.9, Max: 14163.5, Diff: 0.9]
      [Ext Root Scanning (ms): Min: 0.0, Avg: 0.1, Max: 0.2, Diff: 0.2, Sum: 0.5]
      [Update RS (ms): Min: 0.0, Avg: 0.4, Max: 0.4, Diff: 0.4, Sum: 2.8]
         [Processed Buffers: Min: 0, Avg: 5.9, Max: 8, Diff: 8, Sum: 47]
      [Scan RS (ms): Min: 0.0, Avg: 0.1, Max: 0.1, Diff: 0.1, Sum: 0.5]
      [Code Root Scanning (ms): Min: 0.0, Avg: 0.0, Max: 0.0, Diff: 0.0, Sum: 0.0]
      [Object Copy (ms): Min: 11.0, Avg: 11.3, Max: 11.7, Diff: 0.7, Sum: 90.2]
      [Termination (ms): Min: 0.0, Avg: 0.4, Max: 0.5, Diff: 0.5, Sum: 3.1]
         [Termination Attempts: Min: 1, Avg: 1.8, Max: 4, Diff: 3, Sum: 14]
      [GC Worker Other (ms): Min: 0.0, Avg: 0.0, Max: 0.0, Diff: 0.0, Sum: 0.1]
      [GC Worker Total (ms): Min: 11.5, Avg: 12.1, Max: 12.4, Diff: 0.9, Sum: 97.1]
      [GC Worker End (ms): Min: 14175.0, Avg: 14175.0, Max: 14175.0, Diff: 0.0]
   [Code Root Fixup: 0.0 ms]
   [Code Root Purge: 0.0 ms]
   [Clear CT: 1.0 ms]
   [Other: 3.0 ms]
      [Choose CSet: 0.1 ms]
      [Ref Proc: 1.2 ms]
      [Ref Enq: 0.0 ms]
      [Redirty Cards: 1.2 ms]
      [Humongous Register: 0.1 ms]
      [Humongous Reclaim: 0.1 ms]
      [Free CSet: 0.2 ms]
   [Eden: 7168.0K(7168.0K)->0.0B(567.0M) Survivors: 117.0M->3072.0K Heap: 705.1M(2048.0M)->564.3M(2048.0M)]
 [Times: user=0.11 sys=0.00, real=0.02 secs] 
2021-01-22T00:58:41.229+0800: 14.265: [GC pause (G1 Evacuation Pause) (young), 0.0286223 secs]
   [Parallel Time: 24.6 ms, GC Workers: 8]
      [GC Worker Start (ms): Min: 14265.1, Avg: 14265.3, Max: 14265.4, Diff: 0.4]
      [Ext Root Scanning (ms): Min: 0.0, Avg: 0.1, Max: 0.2, Diff: 0.2, Sum: 0.5]
      [Update RS (ms): Min: 11.9, Avg: 12.1, Max: 12.5, Diff: 0.5, Sum: 96.8]
         [Processed Buffers: Min: 157, Avg: 172.9, Max: 182, Diff: 25, Sum: 1383]
      [Scan RS (ms): Min: 0.0, Avg: 0.1, Max: 0.1, Diff: 0.1, Sum: 0.6]
      [Code Root Scanning (ms): Min: 0.0, Avg: 0.0, Max: 0.0, Diff: 0.0, Sum: 0.0]
      [Object Copy (ms): Min: 10.9, Avg: 11.2, Max: 11.4, Diff: 0.6, Sum: 89.8]
      [Termination (ms): Min: 0.0, Avg: 0.2, Max: 0.3, Diff: 0.3, Sum: 1.5]
         [Termination Attempts: Min: 1, Avg: 1.0, Max: 1, Diff: 0, Sum: 8]
      [GC Worker Other (ms): Min: 0.0, Avg: 0.1, Max: 0.4, Diff: 0.4, Sum: 1.0]
      [GC Worker Total (ms): Min: 23.5, Avg: 23.8, Max: 24.2, Diff: 0.7, Sum: 190.3]
      [GC Worker End (ms): Min: 14288.9, Avg: 14289.1, Max: 14289.3, Diff: 0.4]
   [Code Root Fixup: 0.0 ms]
   [Code Root Purge: 0.0 ms]
   [Clear CT: 1.6 ms]
   [Other: 2.5 ms]
      [Choose CSet: 0.0 ms]
      [Ref Proc: 0.5 ms]
      [Ref Enq: 0.0 ms]
      [Redirty Cards: 1.2 ms]
      [Humongous Register: 0.1 ms]
      [Humongous Reclaim: 0.2 ms]
      [Free CSet: 0.2 ms]
   [Eden: 567.0M(567.0M)->0.0B(634.0M) Survivors: 3072.0K->73728.0K Heap: 1303.0M(2048.0M)->713.4M(2048.0M)]
 [Times: user=0.20 sys=0.00, real=0.03 secs] 
2021-01-22T00:58:41.323+0800: 14.359: [GC pause (G1 Humongous Allocation) (young) (initial-mark), 0.0290210 secs]
   [Parallel Time: 25.8 ms, GC Workers: 8]
      [GC Worker Start (ms): Min: 14359.7, Avg: 14359.9, Max: 14360.1, Diff: 0.4]
      [Ext Root Scanning (ms): Min: 0.0, Avg: 0.4, Max: 0.5, Diff: 0.5, Sum: 2.9]
      [Update RS (ms): Min: 9.8, Avg: 10.0, Max: 10.1, Diff: 0.2, Sum: 79.7]
         [Processed Buffers: Min: 88, Avg: 141.6, Max: 157, Diff: 69, Sum: 1133]
      [Scan RS (ms): Min: 0.0, Avg: 0.1, Max: 0.1, Diff: 0.1, Sum: 0.6]
      [Code Root Scanning (ms): Min: 0.0, Avg: 0.0, Max: 0.0, Diff: 0.0, Sum: 0.0]
      [Object Copy (ms): Min: 14.2, Avg: 14.4, Max: 14.7, Diff: 0.5, Sum: 114.9]
      [Termination (ms): Min: 0.0, Avg: 0.4, Max: 0.5, Diff: 0.5, Sum: 2.9]
         [Termination Attempts: Min: 1, Avg: 1.0, Max: 1, Diff: 0, Sum: 8]
      [GC Worker Other (ms): Min: 0.0, Avg: 0.0, Max: 0.1, Diff: 0.1, Sum: 0.1]
      [GC Worker Total (ms): Min: 24.9, Avg: 25.1, Max: 25.3, Diff: 0.4, Sum: 201.1]
      [GC Worker End (ms): Min: 14385.0, Avg: 14385.0, Max: 14385.1, Diff: 0.1]
   [Code Root Fixup: 0.0 ms]
   [Code Root Purge: 0.0 ms]
   [Clear CT: 0.8 ms]
   [Other: 2.5 ms]
      [Choose CSet: 0.0 ms]
      [Ref Proc: 0.9 ms]
      [Ref Enq: 0.0 ms]
      [Redirty Cards: 0.7 ms]
      [Humongous Register: 0.2 ms]
      [Humongous Reclaim: 0.2 ms]
      [Free CSet: 0.2 ms]
   [Eden: 460.0M(634.0M)->0.0B(532.0M) Survivors: 73728.0K->91136.0K Heap: 1313.5M(2048.0M)->800.8M(2048.0M)]
 [Times: user=0.21 sys=0.00, real=0.03 secs] 
2021-01-22T00:58:41.353+0800: 14.389: [GC concurrent-root-region-scan-start]
2021-01-22T00:58:41.353+0800: 14.389: [GC concurrent-root-region-scan-end, 0.0003377 secs]
2021-01-22T00:58:41.353+0800: 14.389: [GC concurrent-mark-start]
2021-01-22T00:58:41.356+0800: 14.392: [GC concurrent-mark-end, 0.0028597 secs]
2021-01-22T00:58:41.356+0800: 14.392: [GC remark 2021-01-22T00:58:41.357+0800: 14.393: [Finalize Marking, 0.0007330 secs] 2021-01-22T00:58:41.358+0800: 14.394: [GC ref-proc, 0.0004855 secs] 2021-01-22T00:58:41.358+0800: 14.394: [Unloading, 0.0010417 secs], 0.0043771 secs]
 [Times: user=0.01 sys=0.00, real=0.01 secs] 
2021-01-22T00:58:41.362+0800: 14.397: [GC cleanup 831M->670M(2048M), 0.0033633 secs]
 [Times: user=0.01 sys=0.00, real=0.00 secs] 
2021-01-22T00:58:41.366+0800: 14.402: [GC concurrent-cleanup-start]
2021-01-22T00:58:41.366+0800: 14.402: [GC concurrent-cleanup-end, 0.0001095 secs]
2021-01-22T00:58:41.438+0800: 14.474: [GC pause (G1 Evacuation Pause) (young), 0.0319460 secs]
   [Parallel Time: 28.5 ms, GC Workers: 8]
      [GC Worker Start (ms): Min: 14473.8, Avg: 14474.0, Max: 14474.2, Diff: 0.4]
      [Ext Root Scanning (ms): Min: 0.0, Avg: 0.1, Max: 0.2, Diff: 0.2, Sum: 0.5]
      [Update RS (ms): Min: 11.1, Avg: 11.2, Max: 11.5, Diff: 0.4, Sum: 90.0]
         [Processed Buffers: Min: 158, Avg: 164.8, Max: 171, Diff: 13, Sum: 1318]
      [Scan RS (ms): Min: 0.0, Avg: 0.2, Max: 0.5, Diff: 0.5, Sum: 1.3]
      [Code Root Scanning (ms): Min: 0.0, Avg: 0.0, Max: 0.0, Diff: 0.0, Sum: 0.0]
      [Object Copy (ms): Min: 15.9, Avg: 16.2, Max: 16.3, Diff: 0.5, Sum: 129.4]
      [Termination (ms): Min: 0.0, Avg: 0.0, Max: 0.1, Diff: 0.1, Sum: 0.4]
         [Termination Attempts: Min: 1, Avg: 1.0, Max: 1, Diff: 0, Sum: 8]
      [GC Worker Other (ms): Min: 0.0, Avg: 0.1, Max: 0.2, Diff: 0.2, Sum: 0.4]
      [GC Worker Total (ms): Min: 27.6, Avg: 27.7, Max: 28.1, Diff: 0.5, Sum: 222.0]
      [GC Worker End (ms): Min: 14501.7, Avg: 14501.7, Max: 14501.9, Diff: 0.2]
   [Code Root Fixup: 0.0 ms]
   [Code Root Purge: 0.0 ms]
   [Clear CT: 0.9 ms]
   [Other: 2.5 ms]
      [Choose CSet: 0.0 ms]
      [Ref Proc: 0.9 ms]
      [Ref Enq: 0.0 ms]
      [Redirty Cards: 0.9 ms]
      [Humongous Register: 0.1 ms]
      [Humongous Reclaim: 0.2 ms]
      [Free CSet: 0.2 ms]
   [Eden: 532.0M(532.0M)->0.0B(24576.0K) Survivors: 91136.0K->79872.0K Heap: 1335.3M(2048.0M)->764.1M(2048.0M)]
 [Times: user=0.21 sys=0.01, real=0.04 secs] 
2021-01-22T00:58:41.474+0800: 14.510: [GC pause (G1 Evacuation Pause) (mixed), 0.0134714 secs]
   [Parallel Time: 10.0 ms, GC Workers: 8]
      [GC Worker Start (ms): Min: 14509.9, Avg: 14510.1, Max: 14510.2, Diff: 0.3]
      [Ext Root Scanning (ms): Min: 0.0, Avg: 0.1, Max: 0.2, Diff: 0.2, Sum: 0.7]
      [Update RS (ms): Min: 0.4, Avg: 0.5, Max: 0.5, Diff: 0.1, Sum: 3.8]
         [Processed Buffers: Min: 7, Avg: 7.4, Max: 8, Diff: 1, Sum: 59]
      [Scan RS (ms): Min: 0.0, Avg: 0.1, Max: 0.1, Diff: 0.1, Sum: 0.6]
      [Code Root Scanning (ms): Min: 0.0, Avg: 0.0, Max: 0.0, Diff: 0.0, Sum: 0.0]
      [Object Copy (ms): Min: 7.8, Avg: 7.9, Max: 8.5, Diff: 0.6, Sum: 63.4]
      [Termination (ms): Min: 0.0, Avg: 0.5, Max: 0.6, Diff: 0.6, Sum: 4.2]
         [Termination Attempts: Min: 1, Avg: 1.0, Max: 1, Diff: 0, Sum: 8]
      [GC Worker Other (ms): Min: 0.0, Avg: 0.0, Max: 0.0, Diff: 0.0, Sum: 0.1]
      [GC Worker Total (ms): Min: 8.9, Avg: 9.1, Max: 9.3, Diff: 0.3, Sum: 72.8]
      [GC Worker End (ms): Min: 14519.2, Avg: 14519.2, Max: 14519.2, Diff: 0.1]
   [Code Root Fixup: 0.0 ms]
   [Code Root Purge: 0.0 ms]
   [Clear CT: 1.3 ms]
   [Other: 2.2 ms]
      [Choose CSet: 0.1 ms]
      [Ref Proc: 0.5 ms]
      [Ref Enq: 0.0 ms]
      [Redirty Cards: 1.0 ms]
      [Humongous Register: 0.1 ms]
      [Humongous Reclaim: 0.1 ms]
      [Free CSet: 0.2 ms]
   [Eden: 24576.0K(24576.0K)->0.0B(811.0M) Survivors: 79872.0K->7168.0K Heap: 794.2M(2048.0M)->599.4M(2048.0M)]
 [Times: user=0.08 sys=0.00, real=0.01 secs] 
2021-01-22T00:58:41.571+0800: 14.607: [GC pause (G1 Humongous Allocation) (young) (initial-mark), 0.0273982 secs]
   [Parallel Time: 23.4 ms, GC Workers: 8]
      [GC Worker Start (ms): Min: 14607.5, Avg: 14607.7, Max: 14607.9, Diff: 0.3]
      [Ext Root Scanning (ms): Min: 0.0, Avg: 0.8, Max: 3.6, Diff: 3.6, Sum: 6.0]
      [Update RS (ms): Min: 8.2, Avg: 11.2, Max: 11.7, Diff: 3.5, Sum: 89.6]
         [Processed Buffers: Min: 130, Avg: 166.4, Max: 183, Diff: 53, Sum: 1331]
      [Scan RS (ms): Min: 0.1, Avg: 0.1, Max: 0.1, Diff: 0.0, Sum: 0.5]
      [Code Root Scanning (ms): Min: 0.0, Avg: 0.0, Max: 0.0, Diff: 0.0, Sum: 0.0]
      [Object Copy (ms): Min: 10.6, Avg: 10.7, Max: 10.7, Diff: 0.1, Sum: 85.3]
      [Termination (ms): Min: 0.0, Avg: 0.1, Max: 0.1, Diff: 0.1, Sum: 0.5]
         [Termination Attempts: Min: 1, Avg: 1.0, Max: 1, Diff: 0, Sum: 8]
      [GC Worker Other (ms): Min: 0.0, Avg: 0.0, Max: 0.0, Diff: 0.0, Sum: 0.1]
      [GC Worker Total (ms): Min: 22.6, Avg: 22.8, Max: 22.9, Diff: 0.4, Sum: 182.2]
      [GC Worker End (ms): Min: 14630.5, Avg: 14630.5, Max: 14630.5, Diff: 0.0]
   [Code Root Fixup: 0.0 ms]
   [Code Root Purge: 0.0 ms]
   [Clear CT: 1.2 ms]
   [Other: 2.8 ms]
      [Choose CSet: 0.0 ms]
      [Ref Proc: 1.1 ms]
      [Ref Enq: 0.0 ms]
      [Redirty Cards: 0.7 ms]
      [Humongous Register: 0.2 ms]
      [Humongous Reclaim: 0.3 ms]
      [Free CSet: 0.3 ms]
   [Eden: 566.0M(811.0M)->0.0B(776.0M) Survivors: 7168.0K->103.0M Heap: 1330.6M(2048.0M)->726.5M(2048.0M)]
 [Times: user=0.19 sys=0.00, real=0.03 secs] 
2021-01-22T00:58:41.599+0800: 14.635: [GC concurrent-root-region-scan-start]
2021-01-22T00:58:41.599+0800: 14.635: [GC concurrent-root-region-scan-end, 0.0002147 secs]
2021-01-22T00:58:41.599+0800: 14.635: [GC concurrent-mark-start]
2021-01-22T00:58:41.602+0800: 14.638: [GC concurrent-mark-end, 0.0024924 secs]
2021-01-22T00:58:41.602+0800: 14.638: [GC remark 2021-01-22T00:58:41.603+0800: 14.638: [Finalize Marking, 0.0008126 secs] 2021-01-22T00:58:41.604+0800: 14.640: [GC ref-proc, 0.0003913 secs] 2021-01-22T00:58:41.604+0800: 14.640: [Unloading, 0.0011157 secs], 0.0046502 secs]
 [Times: user=0.01 sys=0.00, real=0.00 secs] 
2021-01-22T00:58:41.608+0800: 14.644: [GC cleanup 757M->654M(2048M), 0.0033949 secs]
 [Times: user=0.00 sys=0.01, real=0.01 secs] 
2021-01-22T00:58:41.618+0800: 14.654: [GC concurrent-cleanup-start]
2021-01-22T00:58:41.619+0800: 14.654: [GC concurrent-cleanup-end, 0.0000822 secs]
2021-01-22T00:58:41.732+0800: 14.768: [GC pause (G1 Evacuation Pause) (young), 0.0400557 secs]
   [Parallel Time: 35.2 ms, GC Workers: 8]
      [GC Worker Start (ms): Min: 14768.5, Avg: 14768.7, Max: 14768.8, Diff: 0.4]
      [Ext Root Scanning (ms): Min: 0.0, Avg: 0.1, Max: 0.2, Diff: 0.2, Sum: 0.5]
      [Update RS (ms): Min: 14.2, Avg: 14.3, Max: 14.3, Diff: 0.1, Sum: 114.2]
         [Processed Buffers: Min: 210, Avg: 213.4, Max: 218, Diff: 8, Sum: 1707]
      [Scan RS (ms): Min: 0.1, Avg: 0.1, Max: 0.1, Diff: 0.0, Sum: 0.9]
      [Code Root Scanning (ms): Min: 0.0, Avg: 0.0, Max: 0.0, Diff: 0.0, Sum: 0.0]
      [Object Copy (ms): Min: 18.2, Avg: 18.5, Max: 20.2, Diff: 1.9, Sum: 148.4]
      [Termination (ms): Min: 0.0, Avg: 1.6, Max: 1.9, Diff: 1.9, Sum: 13.0]
         [Termination Attempts: Min: 1, Avg: 1.0, Max: 1, Diff: 0, Sum: 8]
      [GC Worker Other (ms): Min: 0.0, Avg: 0.0, Max: 0.1, Diff: 0.0, Sum: 0.1]
      [GC Worker Total (ms): Min: 34.5, Avg: 34.6, Max: 34.8, Diff: 0.4, Sum: 277.1]
      [GC Worker End (ms): Min: 14803.3, Avg: 14803.3, Max: 14803.4, Diff: 0.1]
   [Code Root Fixup: 0.0 ms]
   [Code Root Purge: 0.0 ms]
   [Clear CT: 1.0 ms]
   [Other: 3.8 ms]
      [Choose CSet: 0.0 ms]
      [Ref Proc: 1.3 ms]
      [Ref Enq: 0.0 ms]
      [Redirty Cards: 1.7 ms]
      [Humongous Register: 0.2 ms]
      [Humongous Reclaim: 0.3 ms]
      [Free CSet: 0.3 ms]
   [Eden: 776.0M(776.0M)->0.0B(7168.0K) Survivors: 103.0M->110.0M Heap: 1611.7M(2048.0M)->716.6M(2048.0M)]
 [Times: user=0.29 sys=0.00, real=0.04 secs] 
2021-01-22T00:58:41.774+0800: 14.810: [GC pause (G1 Evacuation Pause) (mixed), 0.0156893 secs]
   [Parallel Time: 12.0 ms, GC Workers: 8]
      [GC Worker Start (ms): Min: 14810.5, Avg: 14810.7, Max: 14810.9, Diff: 0.3]
      [Ext Root Scanning (ms): Min: 0.0, Avg: 0.1, Max: 0.2, Diff: 0.2, Sum: 0.5]
      [Update RS (ms): Min: 0.2, Avg: 0.3, Max: 0.3, Diff: 0.1, Sum: 2.2]
         [Processed Buffers: Min: 3, Avg: 4.5, Max: 6, Diff: 3, Sum: 36]
      [Scan RS (ms): Min: 0.0, Avg: 0.1, Max: 0.1, Diff: 0.1, Sum: 0.5]
      [Code Root Scanning (ms): Min: 0.0, Avg: 0.0, Max: 0.0, Diff: 0.0, Sum: 0.0]
      [Object Copy (ms): Min: 10.6, Avg: 10.6, Max: 10.7, Diff: 0.1, Sum: 85.2]
      [Termination (ms): Min: 0.0, Avg: 0.1, Max: 0.1, Diff: 0.1, Sum: 0.5]
         [Termination Attempts: Min: 1, Avg: 1.1, Max: 2, Diff: 1, Sum: 9]
      [GC Worker Other (ms): Min: 0.0, Avg: 0.0, Max: 0.0, Diff: 0.0, Sum: 0.1]
      [GC Worker Total (ms): Min: 11.0, Avg: 11.1, Max: 11.3, Diff: 0.3, Sum: 88.9]
      [GC Worker End (ms): Min: 14821.8, Avg: 14821.8, Max: 14821.9, Diff: 0.0]
   [Code Root Fixup: 0.0 ms]
   [Code Root Purge: 0.0 ms]
   [Clear CT: 1.1 ms]
   [Other: 2.7 ms]
      [Choose CSet: 0.1 ms]
      [Ref Proc: 1.0 ms]
      [Ref Enq: 0.0 ms]
      [Redirty Cards: 1.0 ms]
      [Humongous Register: 0.2 ms]
      [Humongous Reclaim: 0.1 ms]
      [Free CSet: 0.2 ms]
   [Eden: 7168.0K(7168.0K)->0.0B(895.0M) Survivors: 110.0M->3072.0K Heap: 727.0M(2048.0M)->581.6M(2048.0M)]
 [Times: user=0.10 sys=0.00, real=0.02 secs] 
2021-01-22T00:58:41.897+0800: 14.933: [GC pause (G1 Humongous Allocation) (young) (initial-mark), 0.0337571 secs]
   [Parallel Time: 28.9 ms, GC Workers: 8]
      [GC Worker Start (ms): Min: 14933.3, Avg: 14933.5, Max: 14933.7, Diff: 0.4]
      [Ext Root Scanning (ms): Min: 0.0, Avg: 2.9, Max: 10.5, Diff: 10.5, Sum: 23.5]
      [Update RS (ms): Min: 3.4, Avg: 11.1, Max: 13.8, Diff: 10.4, Sum: 88.4]
         [Processed Buffers: Min: 52, Avg: 177.9, Max: 250, Diff: 198, Sum: 1423]
      [Scan RS (ms): Min: 0.1, Avg: 0.1, Max: 0.1, Diff: 0.0, Sum: 0.7]
      [Code Root Scanning (ms): Min: 0.0, Avg: 0.0, Max: 0.0, Diff: 0.0, Sum: 0.0]
      [Object Copy (ms): Min: 13.6, Avg: 13.7, Max: 13.9, Diff: 0.4, Sum: 109.6]
      [Termination (ms): Min: 0.0, Avg: 0.2, Max: 0.3, Diff: 0.3, Sum: 1.8]
         [Termination Attempts: Min: 1, Avg: 1.0, Max: 1, Diff: 0, Sum: 8]
      [GC Worker Other (ms): Min: 0.0, Avg: 0.1, Max: 0.3, Diff: 0.3, Sum: 0.8]
      [GC Worker Total (ms): Min: 27.9, Avg: 28.1, Max: 28.4, Diff: 0.5, Sum: 224.9]
      [GC Worker End (ms): Min: 14961.5, Avg: 14961.6, Max: 14961.7, Diff: 0.3]
   [Code Root Fixup: 0.0 ms]
   [Code Root Purge: 0.0 ms]
   [Clear CT: 1.1 ms]
   [Other: 3.7 ms]
      [Choose CSet: 0.0 ms]
      [Ref Proc: 1.4 ms]
      [Ref Enq: 0.0 ms]
      [Redirty Cards: 1.2 ms]
      [Humongous Register: 0.2 ms]
      [Humongous Reclaim: 0.3 ms]
      [Free CSet: 0.4 ms]
   [Eden: 695.0M(895.0M)->0.0B(793.0M) Survivors: 3072.0K->113.0M Heap: 1453.2M(2048.0M)->740.7M(2048.0M)]
 [Times: user=0.21 sys=0.01, real=0.04 secs] 
2021-01-22T00:58:41.932+0800: 14.968: [GC concurrent-root-region-scan-start]
2021-01-22T00:58:41.932+0800: 14.968: [GC concurrent-root-region-scan-end, 0.0002802 secs]
2021-01-22T00:58:41.932+0800: 14.968: [GC concurrent-mark-start]
2021-01-22T00:58:41.935+0800: 14.970: [GC concurrent-mark-end, 0.0024173 secs]
2021-01-22T00:58:41.935+0800: 14.971: [GC remark 2021-01-22T00:58:41.935+0800: 14.971: [Finalize Marking, 0.0009013 secs] 2021-01-22T00:58:41.937+0800: 14.973: [GC ref-proc, 0.0006083 secs] 2021-01-22T00:58:41.938+0800: 14.974: [Unloading, 0.0014591 secs], 0.0061015 secs]
 [Times: user=0.00 sys=0.01, real=0.01 secs] 
2021-01-22T00:58:41.942+0800: 14.978: [GC cleanup 769M->638M(2048M), 0.0037957 secs]
 [Times: user=0.01 sys=0.01, real=0.00 secs] 
2021-01-22T00:58:41.947+0800: 14.983: [GC concurrent-cleanup-start]
2021-01-22T00:58:41.947+0800: 14.983: [GC concurrent-cleanup-end, 0.0001253 secs]
2021-01-22T00:58:42.056+0800: 15.092: [GC pause (G1 Evacuation Pause) (young), 0.0380493 secs]
   [Parallel Time: 33.1 ms, GC Workers: 8]
      [GC Worker Start (ms): Min: 15092.5, Avg: 15092.8, Max: 15092.9, Diff: 0.4]
      [Ext Root Scanning (ms): Min: 0.0, Avg: 0.1, Max: 0.2, Diff: 0.2, Sum: 0.5]
      [Update RS (ms): Min: 13.6, Avg: 13.7, Max: 13.8, Diff: 0.2, Sum: 109.7]
         [Processed Buffers: Min: 193, Avg: 205.5, Max: 212, Diff: 19, Sum: 1644]
      [Scan RS (ms): Min: 0.1, Avg: 0.1, Max: 0.1, Diff: 0.1, Sum: 1.0]
      [Code Root Scanning (ms): Min: 0.0, Avg: 0.0, Max: 0.0, Diff: 0.0, Sum: 0.0]
      [Object Copy (ms): Min: 17.9, Avg: 18.0, Max: 18.1, Diff: 0.1, Sum: 144.0]
      [Termination (ms): Min: 0.0, Avg: 0.1, Max: 0.1, Diff: 0.1, Sum: 0.4]
         [Termination Attempts: Min: 1, Avg: 1.0, Max: 1, Diff: 0, Sum: 8]
      [GC Worker Other (ms): Min: 0.0, Avg: 0.0, Max: 0.2, Diff: 0.1, Sum: 0.3]
      [GC Worker Total (ms): Min: 31.8, Avg: 32.0, Max: 32.3, Diff: 0.5, Sum: 255.9]
      [GC Worker End (ms): Min: 15124.7, Avg: 15124.7, Max: 15124.9, Diff: 0.1]
   [Code Root Fixup: 0.0 ms]
   [Code Root Purge: 0.0 ms]
   [Clear CT: 1.2 ms]
   [Other: 3.7 ms]
      [Choose CSet: 0.0 ms]
      [Ref Proc: 1.1 ms]
      [Ref Enq: 0.0 ms]
      [Redirty Cards: 1.7 ms]
      [Humongous Register: 0.2 ms]
      [Humongous Reclaim: 0.3 ms]
      [Free CSet: 0.4 ms]
   [Eden: 793.0M(793.0M)->0.0B(7168.0K) Survivors: 113.0M->114.0M Heap: 1606.9M(2048.0M)->706.4M(2048.0M)]
 [Times: user=0.26 sys=0.00, real=0.04 secs] 
2021-01-22T00:58:42.097+0800: 15.133: [GC pause (G1 Evacuation Pause) (mixed), 0.0154689 secs]
   [Parallel Time: 11.6 ms, GC Workers: 8]
      [GC Worker Start (ms): Min: 15133.1, Avg: 15133.3, Max: 15133.5, Diff: 0.4]
      [Ext Root Scanning (ms): Min: 0.0, Avg: 0.1, Max: 0.2, Diff: 0.2, Sum: 0.5]
      [Update RS (ms): Min: 0.1, Avg: 0.2, Max: 0.3, Diff: 0.2, Sum: 1.6]
         [Processed Buffers: Min: 1, Avg: 3.2, Max: 4, Diff: 3, Sum: 26]
      [Scan RS (ms): Min: 0.0, Avg: 0.1, Max: 0.1, Diff: 0.0, Sum: 0.4]
      [Code Root Scanning (ms): Min: 0.0, Avg: 0.0, Max: 0.0, Diff: 0.0, Sum: 0.0]
      [Object Copy (ms): Min: 10.4, Avg: 10.4, Max: 10.4, Diff: 0.0, Sum: 83.3]
      [Termination (ms): Min: 0.0, Avg: 0.0, Max: 0.1, Diff: 0.1, Sum: 0.3]
         [Termination Attempts: Min: 1, Avg: 1.4, Max: 3, Diff: 2, Sum: 11]
      [GC Worker Other (ms): Min: 0.0, Avg: 0.0, Max: 0.0, Diff: 0.0, Sum: 0.1]
      [GC Worker Total (ms): Min: 10.6, Avg: 10.8, Max: 11.0, Diff: 0.4, Sum: 86.2]
      [GC Worker End (ms): Min: 15144.1, Avg: 15144.1, Max: 15144.1, Diff: 0.0]
   [Code Root Fixup: 0.0 ms]
   [Code Root Purge: 0.0 ms]
   [Clear CT: 1.2 ms]
   [Other: 2.7 ms]
      [Choose CSet: 0.0 ms]
      [Ref Proc: 0.7 ms]
      [Ref Enq: 0.0 ms]
      [Redirty Cards: 1.2 ms]
      [Humongous Register: 0.2 ms]
      [Humongous Reclaim: 0.1 ms]
      [Free CSet: 0.2 ms]
   [Eden: 7168.0K(7168.0K)->0.0B(467.0M) Survivors: 114.0M->1024.0K Heap: 715.5M(2048.0M)->578.7M(2048.0M)]
 [Times: user=0.10 sys=0.00, real=0.02 secs] 
2021-01-22T00:58:42.179+0800: 15.215: [GC pause (G1 Evacuation Pause) (young), 0.0242802 secs]
   [Parallel Time: 19.6 ms, GC Workers: 8]
      [GC Worker Start (ms): Min: 15215.1, Avg: 15215.3, Max: 15215.5, Diff: 0.4]
      [Ext Root Scanning (ms): Min: 0.0, Avg: 0.1, Max: 0.3, Diff: 0.3, Sum: 0.5]
      [Update RS (ms): Min: 8.6, Avg: 8.7, Max: 8.7, Diff: 0.1, Sum: 69.6]
         [Processed Buffers: Min: 122, Avg: 131.2, Max: 137, Diff: 15, Sum: 1050]
      [Scan RS (ms): Min: 0.0, Avg: 0.1, Max: 0.1, Diff: 0.0, Sum: 0.4]
      [Code Root Scanning (ms): Min: 0.0, Avg: 0.0, Max: 0.0, Diff: 0.0, Sum: 0.0]
      [Object Copy (ms): Min: 10.2, Avg: 10.3, Max: 10.3, Diff: 0.1, Sum: 82.1]
      [Termination (ms): Min: 0.0, Avg: 0.1, Max: 0.2, Diff: 0.2, Sum: 0.9]
         [Termination Attempts: Min: 1, Avg: 1.0, Max: 1, Diff: 0, Sum: 8]
      [GC Worker Other (ms): Min: 0.0, Avg: 0.0, Max: 0.0, Diff: 0.0, Sum: 0.1]
      [GC Worker Total (ms): Min: 19.1, Avg: 19.2, Max: 19.4, Diff: 0.4, Sum: 153.7]
      [GC Worker End (ms): Min: 15234.5, Avg: 15234.5, Max: 15234.6, Diff: 0.1]
   [Code Root Fixup: 0.0 ms]
   [Code Root Purge: 0.0 ms]
   [Clear CT: 1.1 ms]
   [Other: 3.6 ms]
      [Choose CSet: 0.0 ms]
      [Ref Proc: 1.6 ms]
      [Ref Enq: 0.0 ms]
      [Redirty Cards: 1.1 ms]
      [Humongous Register: 0.2 ms]
      [Humongous Reclaim: 0.3 ms]
      [Free CSet: 0.3 ms]
   [Eden: 467.0M(467.0M)->0.0B(463.0M) Survivors: 1024.0K->60416.0K Heap: 1175.8M(2048.0M)->702.8M(2048.0M)]
 [Times: user=0.17 sys=0.00, real=0.02 secs] 
2021-01-22T00:58:42.274+0800: 15.310: [GC pause (G1 Evacuation Pause) (young), 0.0293397 secs]
   [Parallel Time: 25.8 ms, GC Workers: 8]
      [GC Worker Start (ms): Min: 15310.4, Avg: 15310.5, Max: 15310.6, Diff: 0.3]
      [Ext Root Scanning (ms): Min: 0.0, Avg: 0.1, Max: 0.2, Diff: 0.2, Sum: 0.5]
      [Update RS (ms): Min: 10.2, Avg: 10.3, Max: 10.5, Diff: 0.3, Sum: 82.1]
         [Processed Buffers: Min: 54, Avg: 136.2, Max: 161, Diff: 107, Sum: 1090]
      [Scan RS (ms): Min: 0.0, Avg: 0.3, Max: 2.1, Diff: 2.0, Sum: 2.5]
      [Code Root Scanning (ms): Min: 0.0, Avg: 0.0, Max: 0.0, Diff: 0.0, Sum: 0.0]
      [Object Copy (ms): Min: 12.7, Avg: 13.6, Max: 13.8, Diff: 1.0, Sum: 108.6]
      [Termination (ms): Min: 0.0, Avg: 0.9, Max: 1.1, Diff: 1.1, Sum: 7.5]
         [Termination Attempts: Min: 1, Avg: 1.0, Max: 1, Diff: 0, Sum: 8]
      [GC Worker Other (ms): Min: 0.0, Avg: 0.0, Max: 0.0, Diff: 0.0, Sum: 0.1]
      [GC Worker Total (ms): Min: 25.1, Avg: 25.2, Max: 25.3, Diff: 0.3, Sum: 201.4]
      [GC Worker End (ms): Min: 15335.6, Avg: 15335.7, Max: 15335.7, Diff: 0.1]
   [Code Root Fixup: 0.0 ms]
   [Code Root Purge: 0.0 ms]
   [Clear CT: 0.9 ms]
   [Other: 2.7 ms]
      [Choose CSet: 0.0 ms]
      [Ref Proc: 1.0 ms]
      [Ref Enq: 0.0 ms]
      [Redirty Cards: 1.0 ms]
      [Humongous Register: 0.2 ms]
      [Humongous Reclaim: 0.3 ms]
      [Free CSet: 0.2 ms]
   [Eden: 463.0M(463.0M)->0.0B(509.0M) Survivors: 60416.0K->67584.0K Heap: 1300.8M(2048.0M)->804.2M(2048.0M)]
 [Times: user=0.21 sys=0.00, real=0.03 secs] 
2021-01-22T00:58:42.348+0800: 15.383: [GC pause (G1 Humongous Allocation) (young) (initial-mark), 0.0189696 secs]
   [Parallel Time: 16.5 ms, GC Workers: 8]
      [GC Worker Start (ms): Min: 15383.8, Avg: 15383.9, Max: 15384.1, Diff: 0.3]
      [Ext Root Scanning (ms): Min: 0.0, Avg: 0.3, Max: 0.4, Diff: 0.4, Sum: 2.2]
      [Update RS (ms): Min: 4.8, Avg: 4.9, Max: 5.0, Diff: 0.2, Sum: 39.4]
         [Processed Buffers: Min: 73, Avg: 75.6, Max: 80, Diff: 7, Sum: 605]
      [Scan RS (ms): Min: 0.0, Avg: 0.0, Max: 0.0, Diff: 0.0, Sum: 0.3]
      [Code Root Scanning (ms): Min: 0.0, Avg: 0.0, Max: 0.0, Diff: 0.0, Sum: 0.0]
      [Object Copy (ms): Min: 10.9, Avg: 11.0, Max: 11.0, Diff: 0.1, Sum: 87.6]
      [Termination (ms): Min: 0.0, Avg: 0.0, Max: 0.1, Diff: 0.1, Sum: 0.4]
         [Termination Attempts: Min: 1, Avg: 1.1, Max: 2, Diff: 1, Sum: 9]
      [GC Worker Other (ms): Min: 0.0, Avg: 0.0, Max: 0.0, Diff: 0.0, Sum: 0.1]
      [GC Worker Total (ms): Min: 16.1, Avg: 16.2, Max: 16.4, Diff: 0.3, Sum: 130.0]
      [GC Worker End (ms): Min: 15400.2, Avg: 15400.2, Max: 15400.2, Diff: 0.0]
   [Code Root Fixup: 0.0 ms]
   [Code Root Purge: 0.0 ms]
   [Clear CT: 0.6 ms]
   [Other: 1.9 ms]
      [Choose CSet: 0.0 ms]
      [Ref Proc: 0.6 ms]
      [Ref Enq: 0.0 ms]
      [Redirty Cards: 0.6 ms]
      [Humongous Register: 0.1 ms]
      [Humongous Reclaim: 0.2 ms]
      [Free CSet: 0.2 ms]
   [Eden: 307.0M(509.0M)->0.0B(577.0M) Survivors: 67584.0K->73728.0K Heap: 1185.0M(2048.0M)->873.1M(2048.0M)]
 [Times: user=0.14 sys=0.00, real=0.02 secs] 
2021-01-22T00:58:42.367+0800: 15.403: [GC concurrent-root-region-scan-start]
2021-01-22T00:58:42.367+0800: 15.403: [GC concurrent-root-region-scan-end, 0.0002470 secs]
2021-01-22T00:58:42.367+0800: 15.403: [GC concurrent-mark-start]
2021-01-22T00:58:42.370+0800: 15.406: [GC concurrent-mark-end, 0.0027223 secs]
2021-01-22T00:58:42.370+0800: 15.406: [GC remark 2021-01-22T00:58:42.371+0800: 15.407: [Finalize Marking, 0.0005764 secs] 2021-01-22T00:58:42.372+0800: 15.407: [GC ref-proc, 0.0003772 secs] 2021-01-22T00:58:42.372+0800: 15.408: [Unloading, 0.0006360 secs], 0.0036666 secs]
 [Times: user=0.01 sys=0.00, real=0.00 secs] 
2021-01-22T00:58:42.375+0800: 15.411: [GC cleanup 898M->694M(2048M), 0.0025158 secs]
 [Times: user=0.01 sys=0.01, real=0.00 secs] 
2021-01-22T00:58:42.378+0800: 15.414: [GC concurrent-cleanup-start]
2021-01-22T00:58:42.378+0800: 15.414: [GC concurrent-cleanup-end, 0.0001436 secs]
2021-01-22T00:58:42.459+0800: 15.495: [GC pause (G1 Evacuation Pause) (young), 0.0300776 secs]
   [Parallel Time: 26.8 ms, GC Workers: 8]
      [GC Worker Start (ms): Min: 15495.3, Avg: 15495.5, Max: 15495.6, Diff: 0.3]
      [Ext Root Scanning (ms): Min: 0.0, Avg: 0.1, Max: 0.2, Diff: 0.2, Sum: 0.5]
      [Update RS (ms): Min: 11.1, Avg: 11.2, Max: 11.3, Diff: 0.1, Sum: 89.4]
         [Processed Buffers: Min: 148, Avg: 160.4, Max: 173, Diff: 25, Sum: 1283]
      [Scan RS (ms): Min: 0.0, Avg: 0.1, Max: 0.2, Diff: 0.1, Sum: 0.8]
      [Code Root Scanning (ms): Min: 0.0, Avg: 0.0, Max: 0.0, Diff: 0.0, Sum: 0.0]
      [Object Copy (ms): Min: 14.4, Avg: 14.5, Max: 14.6, Diff: 0.2, Sum: 116.0]
      [Termination (ms): Min: 0.0, Avg: 0.1, Max: 0.3, Diff: 0.3, Sum: 1.0]
         [Termination Attempts: Min: 1, Avg: 1.0, Max: 1, Diff: 0, Sum: 8]
      [GC Worker Other (ms): Min: 0.0, Avg: 0.0, Max: 0.0, Diff: 0.0, Sum: 0.1]
      [GC Worker Total (ms): Min: 25.8, Avg: 26.0, Max: 26.1, Diff: 0.3, Sum: 207.8]
      [GC Worker End (ms): Min: 15521.4, Avg: 15521.5, Max: 15521.5, Diff: 0.1]
   [Code Root Fixup: 0.0 ms]
   [Code Root Purge: 0.0 ms]
   [Clear CT: 0.9 ms]
   [Other: 2.4 ms]
      [Choose CSet: 0.0 ms]
      [Ref Proc: 0.8 ms]
      [Ref Enq: 0.0 ms]
      [Redirty Cards: 0.9 ms]
      [Humongous Register: 0.1 ms]
      [Humongous Reclaim: 0.2 ms]
      [Free CSet: 0.2 ms]
   [Eden: 577.0M(577.0M)->0.0B(20480.0K) Survivors: 73728.0K->83968.0K Heap: 1405.2M(2048.0M)->766.1M(2048.0M)]
 [Times: user=0.21 sys=0.00, real=0.03 secs] 
2021-01-22T00:58:42.493+0800: 15.529: [GC pause (G1 Evacuation Pause) (mixed), 0.0120681 secs]
   [Parallel Time: 9.5 ms, GC Workers: 8]
      [GC Worker Start (ms): Min: 15529.0, Avg: 15529.1, Max: 15529.3, Diff: 0.3]
      [Ext Root Scanning (ms): Min: 0.0, Avg: 0.1, Max: 0.2, Diff: 0.2, Sum: 0.5]
      [Update RS (ms): Min: 0.4, Avg: 0.6, Max: 1.9, Diff: 1.6, Sum: 5.0]
         [Processed Buffers: Min: 3, Avg: 5.8, Max: 8, Diff: 5, Sum: 46]
      [Scan RS (ms): Min: 0.1, Avg: 0.1, Max: 0.1, Diff: 0.1, Sum: 0.7]
      [Code Root Scanning (ms): Min: 0.0, Avg: 0.0, Max: 0.0, Diff: 0.0, Sum: 0.0]
      [Object Copy (ms): Min: 6.9, Avg: 8.2, Max: 8.4, Diff: 1.5, Sum: 65.5]
      [Termination (ms): Min: 0.0, Avg: 0.0, Max: 0.1, Diff: 0.1, Sum: 0.3]
         [Termination Attempts: Min: 1, Avg: 1.5, Max: 4, Diff: 3, Sum: 12]
      [GC Worker Other (ms): Min: 0.0, Avg: 0.0, Max: 0.0, Diff: 0.0, Sum: 0.1]
      [GC Worker Total (ms): Min: 8.9, Avg: 9.0, Max: 9.2, Diff: 0.3, Sum: 72.2]
      [GC Worker End (ms): Min: 15538.2, Avg: 15538.2, Max: 15538.2, Diff: 0.0]
   [Code Root Fixup: 0.0 ms]
   [Code Root Purge: 0.0 ms]
   [Clear CT: 0.8 ms]
   [Other: 1.8 ms]
      [Choose CSet: 0.1 ms]
      [Ref Proc: 0.6 ms]
      [Ref Enq: 0.0 ms]
      [Redirty Cards: 0.6 ms]
      [Humongous Register: 0.1 ms]
      [Humongous Reclaim: 0.1 ms]
      [Free CSet: 0.2 ms]
   [Eden: 20480.0K(20480.0K)->0.0B(651.0M) Survivors: 83968.0K->6144.0K Heap: 790.6M(2048.0M)->581.0M(2048.0M)]
 [Times: user=0.07 sys=0.00, real=0.01 secs] 
2021-01-22T00:58:42.600+0800: 15.636: [GC pause (G1 Evacuation Pause) (young), 0.0284685 secs]
   [Parallel Time: 25.3 ms, GC Workers: 8]
      [GC Worker Start (ms): Min: 15635.9, Avg: 15636.1, Max: 15636.2, Diff: 0.3]
      [Ext Root Scanning (ms): Min: 0.0, Avg: 0.1, Max: 0.2, Diff: 0.2, Sum: 0.5]
      [Update RS (ms): Min: 11.5, Avg: 11.6, Max: 11.7, Diff: 0.2, Sum: 92.8]
         [Processed Buffers: Min: 164, Avg: 172.1, Max: 177, Diff: 13, Sum: 1377]
      [Scan RS (ms): Min: 0.0, Avg: 0.2, Max: 0.9, Diff: 0.9, Sum: 1.5]
      [Code Root Scanning (ms): Min: 0.0, Avg: 0.0, Max: 0.0, Diff: 0.0, Sum: 0.0]
      [Object Copy (ms): Min: 12.0, Avg: 12.5, Max: 12.7, Diff: 0.7, Sum: 100.3]
      [Termination (ms): Min: 0.0, Avg: 0.2, Max: 0.2, Diff: 0.2, Sum: 1.3]
         [Termination Attempts: Min: 1, Avg: 1.0, Max: 1, Diff: 0, Sum: 8]
      [GC Worker Other (ms): Min: 0.0, Avg: 0.0, Max: 0.1, Diff: 0.1, Sum: 0.2]
      [GC Worker Total (ms): Min: 24.4, Avg: 24.6, Max: 24.8, Diff: 0.3, Sum: 196.7]
      [GC Worker End (ms): Min: 15660.6, Avg: 15660.7, Max: 15660.7, Diff: 0.0]
   [Code Root Fixup: 0.0 ms]
   [Code Root Purge: 0.0 ms]
   [Clear CT: 0.6 ms]
   [Other: 2.6 ms]
      [Choose CSet: 0.0 ms]
      [Ref Proc: 0.5 ms]
      [Ref Enq: 0.0 ms]
      [Redirty Cards: 1.2 ms]
      [Humongous Register: 0.2 ms]
      [Humongous Reclaim: 0.3 ms]
      [Free CSet: 0.3 ms]
   [Eden: 651.0M(651.0M)->0.0B(707.0M) Survivors: 6144.0K->84992.0K Heap: 1402.8M(2048.0M)->727.6M(2048.0M)]
 [Times: user=0.19 sys=0.00, real=0.03 secs] 
2021-01-22T00:58:42.706+0800: 15.742: [GC pause (G1 Humongous Allocation) (young) (initial-mark), 0.0307364 secs]
   [Parallel Time: 26.8 ms, GC Workers: 8]
      [GC Worker Start (ms): Min: 15742.0, Avg: 15742.3, Max: 15742.5, Diff: 0.4]
      [Ext Root Scanning (ms): Min: 0.0, Avg: 0.4, Max: 0.7, Diff: 0.7, Sum: 3.4]
      [Update RS (ms): Min: 9.0, Avg: 9.1, Max: 9.4, Diff: 0.4, Sum: 73.1]
         [Processed Buffers: Min: 128, Avg: 135.8, Max: 141, Diff: 13, Sum: 1086]
      [Scan RS (ms): Min: 0.0, Avg: 0.1, Max: 0.1, Diff: 0.0, Sum: 0.6]
      [Code Root Scanning (ms): Min: 0.0, Avg: 0.0, Max: 0.0, Diff: 0.0, Sum: 0.0]
      [Object Copy (ms): Min: 13.8, Avg: 14.2, Max: 16.1, Diff: 2.3, Sum: 113.7]
      [Termination (ms): Min: 0.0, Avg: 1.9, Max: 2.3, Diff: 2.3, Sum: 15.3]
         [Termination Attempts: Min: 1, Avg: 1.0, Max: 1, Diff: 0, Sum: 8]
      [GC Worker Other (ms): Min: 0.0, Avg: 0.0, Max: 0.1, Diff: 0.1, Sum: 0.2]
      [GC Worker Total (ms): Min: 25.6, Avg: 25.8, Max: 26.0, Diff: 0.4, Sum: 206.2]
      [GC Worker End (ms): Min: 15768.0, Avg: 15768.0, Max: 15768.1, Diff: 0.1]
   [Code Root Fixup: 0.0 ms]
   [Code Root Purge: 0.0 ms]
   [Clear CT: 1.1 ms]
   [Other: 2.8 ms]
      [Choose CSet: 0.0 ms]
      [Ref Proc: 0.9 ms]
      [Ref Enq: 0.0 ms]
      [Redirty Cards: 1.1 ms]
      [Humongous Register: 0.1 ms]
      [Humongous Reclaim: 0.2 ms]
      [Free CSet: 0.3 ms]
   [Eden: 513.0M(707.0M)->0.0B(678.0M) Survivors: 84992.0K->101376.0K Heap: 1374.4M(2048.0M)->802.3M(2048.0M)]
 [Times: user=0.21 sys=0.00, real=0.03 secs] 
2021-01-22T00:58:42.737+0800: 15.773: [GC concurrent-root-region-scan-start]
2021-01-22T00:58:42.738+0800: 15.774: [GC concurrent-root-region-scan-end, 0.0002633 secs]
2021-01-22T00:58:42.738+0800: 15.774: [GC concurrent-mark-start]
2021-01-22T00:58:42.741+0800: 15.777: [GC concurrent-mark-end, 0.0030525 secs]
2021-01-22T00:58:42.741+0800: 15.777: [GC remark 2021-01-22T00:58:42.742+0800: 15.777: [Finalize Marking, 0.0014802 secs] 2021-01-22T00:58:42.743+0800: 15.779: [GC ref-proc, 0.0004593 secs] 2021-01-22T00:58:42.744+0800: 15.780: [Unloading, 0.0011398 secs], 0.0055219 secs]
 [Times: user=0.01 sys=0.00, real=0.00 secs] 
2021-01-22T00:58:42.747+0800: 15.783: [GC cleanup 835M->653M(2048M), 0.0041467 secs]
 [Times: user=0.00 sys=0.01, real=0.01 secs] 
2021-01-22T00:58:42.752+0800: 15.788: [GC concurrent-cleanup-start]
2021-01-22T00:58:42.752+0800: 15.788: [GC concurrent-cleanup-end, 0.0001901 secs]
2021-01-22T00:58:42.848+0800: 15.884: [GC pause (G1 Evacuation Pause) (young), 0.0413477 secs]
   [Parallel Time: 32.6 ms, GC Workers: 8]
      [GC Worker Start (ms): Min: 15883.9, Avg: 15884.0, Max: 15884.1, Diff: 0.3]
      [Ext Root Scanning (ms): Min: 0.0, Avg: 0.1, Max: 0.2, Diff: 0.2, Sum: 0.6]
      [Update RS (ms): Min: 13.6, Avg: 15.1, Max: 18.7, Diff: 5.1, Sum: 121.1]
         [Processed Buffers: Min: 109, Avg: 171.8, Max: 204, Diff: 95, Sum: 1374]
      [Scan RS (ms): Min: 0.1, Avg: 0.2, Max: 0.3, Diff: 0.2, Sum: 1.5]
      [Code Root Scanning (ms): Min: 0.0, Avg: 0.0, Max: 0.0, Diff: 0.0, Sum: 0.0]
      [Object Copy (ms): Min: 11.4, Avg: 15.5, Max: 18.1, Diff: 6.8, Sum: 123.7]
      [Termination (ms): Min: 0.0, Avg: 1.1, Max: 1.7, Diff: 1.7, Sum: 8.9]
         [Termination Attempts: Min: 1, Avg: 1.0, Max: 1, Diff: 0, Sum: 8]
      [GC Worker Other (ms): Min: 0.0, Avg: 0.0, Max: 0.1, Diff: 0.1, Sum: 0.2]
      [GC Worker Total (ms): Min: 31.9, Avg: 32.0, Max: 32.2, Diff: 0.3, Sum: 256.0]
      [GC Worker End (ms): Min: 15916.0, Avg: 15916.0, Max: 15916.0, Diff: 0.1]
   [Code Root Fixup: 0.0 ms]
   [Code Root Purge: 0.0 ms]
   [Clear CT: 0.8 ms]
   [Other: 7.9 ms]
      [Choose CSet: 0.0 ms]
      [Ref Proc: 5.9 ms]
      [Ref Enq: 0.0 ms]
      [Redirty Cards: 1.1 ms]
      [Humongous Register: 0.2 ms]
      [Humongous Reclaim: 0.4 ms]
      [Free CSet: 0.3 ms]
   [Eden: 678.0M(678.0M)->0.0B(7168.0K) Survivors: 101376.0K->100352.0K Heap: 1468.8M(2048.0M)->709.0M(2048.0M)]
 [Times: user=0.28 sys=0.01, real=0.05 secs] 
2021-01-22T00:58:42.891+0800: 15.927: [GC pause (G1 Evacuation Pause) (mixed), 0.0141123 secs]
   [Parallel Time: 11.0 ms, GC Workers: 8]
      [GC Worker Start (ms): Min: 15927.4, Avg: 15927.6, Max: 15927.7, Diff: 0.3]
      [Ext Root Scanning (ms): Min: 0.0, Avg: 0.1, Max: 0.2, Diff: 0.2, Sum: 0.7]
      [Update RS (ms): Min: 0.2, Avg: 0.2, Max: 0.3, Diff: 0.1, Sum: 1.8]
         [Processed Buffers: Min: 3, Avg: 3.6, Max: 4, Diff: 1, Sum: 29]
      [Scan RS (ms): Min: 0.0, Avg: 0.1, Max: 0.1, Diff: 0.1, Sum: 0.6]
      [Code Root Scanning (ms): Min: 0.0, Avg: 0.0, Max: 0.0, Diff: 0.0, Sum: 0.0]
      [Object Copy (ms): Min: 9.9, Avg: 9.9, Max: 10.0, Diff: 0.1, Sum: 79.4]
      [Termination (ms): Min: 0.0, Avg: 0.1, Max: 0.1, Diff: 0.1, Sum: 0.6]
         [Termination Attempts: Min: 1, Avg: 1.2, Max: 3, Diff: 2, Sum: 10]
      [GC Worker Other (ms): Min: 0.0, Avg: 0.0, Max: 0.0, Diff: 0.0, Sum: 0.1]
      [GC Worker Total (ms): Min: 10.3, Avg: 10.4, Max: 10.5, Diff: 0.3, Sum: 83.1]
      [GC Worker End (ms): Min: 15938.0, Avg: 15938.0, Max: 15938.0, Diff: 0.0]
   [Code Root Fixup: 0.0 ms]
   [Code Root Purge: 0.0 ms]
   [Clear CT: 1.1 ms]
   [Other: 2.0 ms]
      [Choose CSet: 0.1 ms]
      [Ref Proc: 0.6 ms]
      [Ref Enq: 0.0 ms]
      [Redirty Cards: 0.9 ms]
      [Humongous Register: 0.1 ms]
      [Humongous Reclaim: 0.0 ms]
      [Free CSet: 0.2 ms]
   [Eden: 7168.0K(7168.0K)->0.0B(920.0M) Survivors: 100352.0K->2048.0K Heap: 718.5M(2048.0M)->559.5M(2048.0M)]
 [Times: user=0.08 sys=0.00, real=0.01 secs] 
2021-01-22T00:58:43.013+0800: 16.049: [GC pause (G1 Humongous Allocation) (young) (initial-mark), 0.0321966 secs]
   [Parallel Time: 28.7 ms, GC Workers: 8]
      [GC Worker Start (ms): Min: 16049.1, Avg: 16049.3, Max: 16049.5, Diff: 0.4]
      [Ext Root Scanning (ms): Min: 0.0, Avg: 0.4, Max: 0.6, Diff: 0.6, Sum: 3.2]
      [Update RS (ms): Min: 12.8, Avg: 12.9, Max: 13.1, Diff: 0.3, Sum: 103.5]
         [Processed Buffers: Min: 189, Avg: 196.0, Max: 201, Diff: 12, Sum: 1568]
      [Scan RS (ms): Min: 0.1, Avg: 0.1, Max: 0.1, Diff: 0.0, Sum: 0.8]
      [Code Root Scanning (ms): Min: 0.0, Avg: 0.0, Max: 0.0, Diff: 0.0, Sum: 0.0]
      [Object Copy (ms): Min: 13.7, Avg: 13.8, Max: 14.5, Diff: 0.8, Sum: 110.4]
      [Termination (ms): Min: 0.0, Avg: 0.7, Max: 0.8, Diff: 0.8, Sum: 5.5]
         [Termination Attempts: Min: 1, Avg: 1.1, Max: 2, Diff: 1, Sum: 9]
      [GC Worker Other (ms): Min: 0.0, Avg: 0.0, Max: 0.1, Diff: 0.1, Sum: 0.3]
      [GC Worker Total (ms): Min: 27.7, Avg: 28.0, Max: 28.2, Diff: 0.4, Sum: 223.7]
      [GC Worker End (ms): Min: 16077.2, Avg: 16077.2, Max: 16077.3, Diff: 0.1]
   [Code Root Fixup: 0.0 ms]
   [Code Root Purge: 0.0 ms]
   [Clear CT: 0.7 ms]
   [Other: 2.9 ms]
      [Choose CSet: 0.0 ms]
      [Ref Proc: 0.5 ms]
      [Ref Enq: 0.0 ms]
      [Redirty Cards: 1.2 ms]
      [Humongous Register: 0.1 ms]
      [Humongous Reclaim: 0.3 ms]
      [Free CSet: 0.5 ms]
   [Eden: 749.0M(920.0M)->0.0B(807.0M) Survivors: 2048.0K->116.0M Heap: 1502.8M(2048.0M)->738.5M(2048.0M)]
 [Times: user=0.23 sys=0.00, real=0.03 secs] 
2021-01-22T00:58:43.046+0800: 16.082: [GC concurrent-root-region-scan-start]
2021-01-22T00:58:43.046+0800: 16.082: [GC concurrent-root-region-scan-end, 0.0002486 secs]
2021-01-22T00:58:43.046+0800: 16.082: [GC concurrent-mark-start]
2021-01-22T00:58:43.049+0800: 16.085: [GC concurrent-mark-end, 0.0024745 secs]
2021-01-22T00:58:43.049+0800: 16.085: [GC remark 2021-01-22T00:58:43.049+0800: 16.085: [Finalize Marking, 0.0011634 secs] 2021-01-22T00:58:43.051+0800: 16.087: [GC ref-proc, 0.0004945 secs] 2021-01-22T00:58:43.052+0800: 16.087: [Unloading, 0.0007685 secs], 0.0047739 secs]
 [Times: user=0.01 sys=0.01, real=0.00 secs] 
2021-01-22T00:58:43.055+0800: 16.091: [GC cleanup 759M->634M(2048M), 0.0037512 secs]
 [Times: user=0.01 sys=0.00, real=0.01 secs] 
2021-01-22T00:58:43.059+0800: 16.095: [GC concurrent-cleanup-start]
2021-01-22T00:58:43.059+0800: 16.095: [GC concurrent-cleanup-end, 0.0000688 secs]
2021-01-22T00:58:43.178+0800: 16.214: [GC pause (G1 Evacuation Pause) (young), 0.0386758 secs]
   [Parallel Time: 33.8 ms, GC Workers: 8]
      [GC Worker Start (ms): Min: 16214.1, Avg: 16214.3, Max: 16214.5, Diff: 0.4]
      [Ext Root Scanning (ms): Min: 0.0, Avg: 0.1, Max: 0.3, Diff: 0.3, Sum: 0.6]
      [Update RS (ms): Min: 14.7, Avg: 14.8, Max: 14.8, Diff: 0.1, Sum: 118.1]
         [Processed Buffers: Min: 211, Avg: 217.6, Max: 228, Diff: 17, Sum: 1741]
      [Scan RS (ms): Min: 0.1, Avg: 0.1, Max: 0.1, Diff: 0.0, Sum: 1.1]
      [Code Root Scanning (ms): Min: 0.0, Avg: 0.0, Max: 0.0, Diff: 0.0, Sum: 0.0]
      [Object Copy (ms): Min: 17.7, Avg: 17.7, Max: 17.9, Diff: 0.2, Sum: 141.9]
      [Termination (ms): Min: 0.0, Avg: 0.2, Max: 0.3, Diff: 0.3, Sum: 1.6]
         [Termination Attempts: Min: 1, Avg: 1.0, Max: 1, Diff: 0, Sum: 8]
      [GC Worker Other (ms): Min: 0.0, Avg: 0.0, Max: 0.0, Diff: 0.0, Sum: 0.1]
      [GC Worker Total (ms): Min: 32.8, Avg: 32.9, Max: 33.2, Diff: 0.4, Sum: 263.4]
      [GC Worker End (ms): Min: 16247.2, Avg: 16247.2, Max: 16247.3, Diff: 0.1]
   [Code Root Fixup: 0.0 ms]
   [Code Root Purge: 0.0 ms]
   [Clear CT: 1.3 ms]
   [Other: 3.6 ms]
      [Choose CSet: 0.0 ms]
      [Ref Proc: 1.0 ms]
      [Ref Enq: 0.0 ms]
      [Redirty Cards: 1.2 ms]
      [Humongous Register: 0.2 ms]
      [Humongous Reclaim: 0.5 ms]
      [Free CSet: 0.5 ms]
   [Eden: 807.0M(807.0M)->0.0B(7168.0K) Survivors: 116.0M->116.0M Heap: 1636.8M(2048.0M)->703.9M(2048.0M)]
 [Times: user=0.26 sys=0.01, real=0.04 secs] 
2021-01-22T00:58:43.218+0800: 16.254: [GC pause (G1 Evacuation Pause) (mixed), 0.0232968 secs]
   [Parallel Time: 19.4 ms, GC Workers: 8]
      [GC Worker Start (ms): Min: 16254.7, Avg: 16254.9, Max: 16255.0, Diff: 0.4]
      [Ext Root Scanning (ms): Min: 0.0, Avg: 0.1, Max: 0.2, Diff: 0.2, Sum: 0.5]
      [Update RS (ms): Min: 0.0, Avg: 0.1, Max: 0.2, Diff: 0.2, Sum: 1.1]
         [Processed Buffers: Min: 1, Avg: 2.2, Max: 3, Diff: 2, Sum: 18]
      [Scan RS (ms): Min: 0.0, Avg: 0.1, Max: 0.1, Diff: 0.1, Sum: 0.5]
      [Code Root Scanning (ms): Min: 0.0, Avg: 0.0, Max: 0.0, Diff: 0.0, Sum: 0.0]
      [Object Copy (ms): Min: 11.1, Avg: 12.8, Max: 18.4, Diff: 7.3, Sum: 102.5]
      [Termination (ms): Min: 0.0, Avg: 5.6, Max: 7.3, Diff: 7.3, Sum: 44.7]
         [Termination Attempts: Min: 1, Avg: 1.0, Max: 1, Diff: 0, Sum: 8]
      [GC Worker Other (ms): Min: 0.0, Avg: 0.0, Max: 0.0, Diff: 0.0, Sum: 0.1]
      [GC Worker Total (ms): Min: 18.5, Avg: 18.7, Max: 18.9, Diff: 0.4, Sum: 149.3]
      [GC Worker End (ms): Min: 16273.5, Avg: 16273.5, Max: 16273.6, Diff: 0.0]
   [Code Root Fixup: 0.0 ms]
   [Code Root Purge: 0.0 ms]
   [Clear CT: 1.1 ms]
   [Other: 2.8 ms]
      [Choose CSet: 0.1 ms]
      [Ref Proc: 1.0 ms]
      [Ref Enq: 0.0 ms]
      [Redirty Cards: 1.1 ms]
      [Humongous Register: 0.2 ms]
      [Humongous Reclaim: 0.1 ms]
      [Free CSet: 0.2 ms]
   [Eden: 7168.0K(7168.0K)->0.0B(954.0M) Survivors: 116.0M->1024.0K Heap: 712.0M(2048.0M)->571.7M(2048.0M)]
 [Times: user=0.15 sys=0.00, real=0.02 secs] 
2021-01-22T00:58:43.337+0800: 16.373: [GC pause (G1 Humongous Allocation) (young) (initial-mark), 0.0353857 secs]
   [Parallel Time: 30.4 ms, GC Workers: 8]
      [GC Worker Start (ms): Min: 16373.6, Avg: 16373.8, Max: 16374.1, Diff: 0.4]
      [Ext Root Scanning (ms): Min: 0.0, Avg: 0.4, Max: 0.6, Diff: 0.6, Sum: 3.5]
      [Update RS (ms): Min: 15.0, Avg: 15.4, Max: 17.1, Diff: 2.1, Sum: 123.5]
         [Processed Buffers: Min: 148, Avg: 185.5, Max: 214, Diff: 66, Sum: 1484]
      [Scan RS (ms): Min: 0.1, Avg: 0.1, Max: 0.3, Diff: 0.2, Sum: 1.2]
      [Code Root Scanning (ms): Min: 0.0, Avg: 0.0, Max: 0.0, Diff: 0.0, Sum: 0.0]
      [Object Copy (ms): Min: 11.3, Avg: 13.3, Max: 13.9, Diff: 2.6, Sum: 106.5]
      [Termination (ms): Min: 0.0, Avg: 0.3, Max: 0.4, Diff: 0.4, Sum: 2.4]
         [Termination Attempts: Min: 1, Avg: 1.0, Max: 1, Diff: 0, Sum: 8]
      [GC Worker Other (ms): Min: 0.0, Avg: 0.0, Max: 0.0, Diff: 0.0, Sum: 0.1]
      [GC Worker Total (ms): Min: 29.4, Avg: 29.7, Max: 29.9, Diff: 0.5, Sum: 237.2]
      [GC Worker End (ms): Min: 16403.5, Avg: 16403.5, Max: 16403.5, Diff: 0.1]
   [Code Root Fixup: 0.0 ms]
   [Code Root Purge: 0.0 ms]
   [Clear CT: 0.9 ms]
   [Other: 4.2 ms]
      [Choose CSet: 0.0 ms]
      [Ref Proc: 2.4 ms]
      [Ref Enq: 0.0 ms]
      [Redirty Cards: 0.8 ms]
      [Humongous Register: 0.2 ms]
      [Humongous Reclaim: 0.3 ms]
      [Free CSet: 0.2 ms]
   [Eden: 646.0M(954.0M)->0.0B(853.0M) Survivors: 1024.0K->120.0M Heap: 1402.0M(2048.0M)->711.6M(2048.0M)]
 [Times: user=0.22 sys=0.03, real=0.04 secs] 
2021-01-22T00:58:43.373+0800: 16.409: [GC concurrent-root-region-scan-start]
2021-01-22T00:58:43.374+0800: 16.410: [GC concurrent-root-region-scan-end, 0.0002589 secs]
2021-01-22T00:58:43.374+0800: 16.410: [GC concurrent-mark-start]
2021-01-22T00:58:43.377+0800: 16.412: [GC concurrent-mark-end, 0.0028814 secs]
2021-01-22T00:58:43.377+0800: 16.413: [GC remark 2021-01-22T00:58:43.377+0800: 16.413: [Finalize Marking, 0.0010029 secs] 2021-01-22T00:58:43.378+0800: 16.414: [GC ref-proc, 0.0003998 secs] 2021-01-22T00:58:43.379+0800: 16.415: [Unloading, 0.0011325 secs], 0.0043118 secs]
 [Times: user=0.00 sys=0.01, real=0.01 secs] 
2021-01-22T00:58:43.382+0800: 16.418: [GC cleanup 745M->628M(2048M), 0.0028234 secs]
 [Times: user=0.01 sys=0.00, real=0.00 secs] 
2021-01-22T00:58:43.385+0800: 16.421: [GC concurrent-cleanup-start]
2021-01-22T00:58:43.385+0800: 16.421: [GC concurrent-cleanup-end, 0.0000794 secs]
2021-01-22T00:58:43.506+0800: 16.542: [GC pause (G1 Evacuation Pause) (young) (to-space exhausted), 0.0420052 secs]
   [Parallel Time: 35.3 ms, GC Workers: 8]
      [GC Worker Start (ms): Min: 16542.0, Avg: 16542.2, Max: 16542.3, Diff: 0.3]
      [Ext Root Scanning (ms): Min: 0.0, Avg: 0.1, Max: 0.2, Diff: 0.2, Sum: 0.5]
      [Update RS (ms): Min: 17.4, Avg: 17.5, Max: 17.6, Diff: 0.2, Sum: 140.3]
         [Processed Buffers: Min: 208, Avg: 243.2, Max: 270, Diff: 62, Sum: 1946]
      [Scan RS (ms): Min: 0.1, Avg: 0.3, Max: 1.3, Diff: 1.3, Sum: 2.6]
      [Code Root Scanning (ms): Min: 0.0, Avg: 0.0, Max: 0.0, Diff: 0.0, Sum: 0.0]
      [Object Copy (ms): Min: 15.0, Avg: 16.0, Max: 16.7, Diff: 1.7, Sum: 128.0]
      [Termination (ms): Min: 0.0, Avg: 0.6, Max: 0.8, Diff: 0.8, Sum: 4.6]
         [Termination Attempts: Min: 1, Avg: 1.4, Max: 2, Diff: 1, Sum: 11]
      [GC Worker Other (ms): Min: 0.0, Avg: 0.0, Max: 0.0, Diff: 0.0, Sum: 0.1]
      [GC Worker Total (ms): Min: 34.4, Avg: 34.5, Max: 34.7, Diff: 0.4, Sum: 276.2]
      [GC Worker End (ms): Min: 16576.7, Avg: 16576.7, Max: 16576.7, Diff: 0.0]
   [Code Root Fixup: 0.0 ms]
   [Code Root Purge: 0.0 ms]
   [Clear CT: 0.8 ms]
   [Other: 5.9 ms]
      [Evacuation Failure: 1.2 ms]
      [Choose CSet: 0.0 ms]
      [Ref Proc: 2.8 ms]
      [Ref Enq: 0.0 ms]
      [Redirty Cards: 0.8 ms]
      [Humongous Register: 0.2 ms]
      [Humongous Reclaim: 0.3 ms]
      [Free CSet: 0.4 ms]
   [Eden: 853.0M(853.0M)->0.0B(7168.0K) Survivors: 120.0M->122.0M Heap: 1689.6M(2048.0M)->946.7M(2048.0M)]
 [Times: user=0.30 sys=0.00, real=0.05 secs] 
2021-01-22T00:58:43.549+0800: 16.585: [GC pause (G1 Evacuation Pause) (mixed), 0.0198047 secs]
   [Parallel Time: 13.0 ms, GC Workers: 8]
      [GC Worker Start (ms): Min: 16585.4, Avg: 16585.6, Max: 16585.7, Diff: 0.4]
      [Ext Root Scanning (ms): Min: 0.0, Avg: 0.1, Max: 0.2, Diff: 0.2, Sum: 0.5]
      [Update RS (ms): Min: 0.0, Avg: 0.1, Max: 0.2, Diff: 0.2, Sum: 1.1]
         [Processed Buffers: Min: 1, Avg: 3.1, Max: 8, Diff: 7, Sum: 25]
      [Scan RS (ms): Min: 0.0, Avg: 0.0, Max: 0.1, Diff: 0.1, Sum: 0.4]
      [Code Root Scanning (ms): Min: 0.0, Avg: 0.0, Max: 0.0, Diff: 0.0, Sum: 0.0]
      [Object Copy (ms): Min: 12.1, Avg: 12.1, Max: 12.2, Diff: 0.1, Sum: 96.8]
      [Termination (ms): Min: 0.0, Avg: 0.1, Max: 0.1, Diff: 0.1, Sum: 0.8]
         [Termination Attempts: Min: 1, Avg: 1.0, Max: 1, Diff: 0, Sum: 8]
      [GC Worker Other (ms): Min: 0.0, Avg: 0.0, Max: 0.0, Diff: 0.0, Sum: 0.1]
      [GC Worker Total (ms): Min: 12.3, Avg: 12.5, Max: 12.7, Diff: 0.3, Sum: 99.6]
      [GC Worker End (ms): Min: 16598.0, Avg: 16598.0, Max: 16598.1, Diff: 0.1]
   [Code Root Fixup: 0.0 ms]
   [Code Root Purge: 0.0 ms]
   [Clear CT: 1.1 ms]
   [Other: 5.7 ms]
      [Choose CSet: 0.0 ms]
      [Ref Proc: 4.1 ms]
      [Ref Enq: 0.0 ms]
      [Redirty Cards: 1.0 ms]
      [Humongous Register: 0.1 ms]
      [Humongous Reclaim: 0.1 ms]
      [Free CSet: 0.2 ms]
   [Eden: 7168.0K(7168.0K)->0.0B(770.0M) Survivors: 122.0M->3072.0K Heap: 954.4M(2048.0M)->821.8M(2048.0M)]
 [Times: user=0.13 sys=0.00, real=0.02 secs] 
2021-01-22T00:58:43.584+0800: 16.620: [GC pause (G1 Humongous Allocation) (young) (initial-mark), 0.0077012 secs]
   [Parallel Time: 5.2 ms, GC Workers: 8]
      [GC Worker Start (ms): Min: 16620.1, Avg: 16620.3, Max: 16620.5, Diff: 0.4]
      [Ext Root Scanning (ms): Min: 0.0, Avg: 0.4, Max: 0.6, Diff: 0.5, Sum: 3.2]
      [Update RS (ms): Min: 1.8, Avg: 1.9, Max: 2.0, Diff: 0.3, Sum: 15.1]
         [Processed Buffers: Min: 27, Avg: 28.2, Max: 30, Diff: 3, Sum: 226]
      [Scan RS (ms): Min: 0.0, Avg: 0.0, Max: 0.0, Diff: 0.0, Sum: 0.1]
      [Code Root Scanning (ms): Min: 0.0, Avg: 0.0, Max: 0.0, Diff: 0.0, Sum: 0.0]
      [Object Copy (ms): Min: 2.1, Avg: 2.1, Max: 2.1, Diff: 0.1, Sum: 16.9]
      [Termination (ms): Min: 0.0, Avg: 0.0, Max: 0.1, Diff: 0.1, Sum: 0.3]
         [Termination Attempts: Min: 1, Avg: 1.1, Max: 2, Diff: 1, Sum: 9]
      [GC Worker Other (ms): Min: 0.0, Avg: 0.0, Max: 0.0, Diff: 0.0, Sum: 0.1]
      [GC Worker Total (ms): Min: 4.2, Avg: 4.4, Max: 4.6, Diff: 0.4, Sum: 35.6]
      [GC Worker End (ms): Min: 16624.7, Avg: 16624.7, Max: 16624.7, Diff: 0.0]
   [Code Root Fixup: 0.0 ms]
   [Code Root Purge: 0.0 ms]
   [Clear CT: 0.7 ms]
   [Other: 1.8 ms]
      [Choose CSet: 0.0 ms]
      [Ref Proc: 0.5 ms]
      [Ref Enq: 0.0 ms]
      [Redirty Cards: 0.7 ms]
      [Humongous Register: 0.2 ms]
      [Humongous Reclaim: 0.1 ms]
      [Free CSet: 0.1 ms]
   [Eden: 82944.0K(770.0M)->0.0B(421.0M) Survivors: 3072.0K->28672.0K Heap: 929.3M(2048.0M)->847.8M(2048.0M)]
 [Times: user=0.03 sys=0.00, real=0.01 secs] 
2021-01-22T00:58:43.592+0800: 16.628: [GC concurrent-root-region-scan-start]
2021-01-22T00:58:43.592+0800: 16.628: [GC concurrent-root-region-scan-end, 0.0002900 secs]
2021-01-22T00:58:43.592+0800: 16.628: [GC concurrent-mark-start]
2021-01-22T00:58:43.596+0800: 16.632: [GC concurrent-mark-end, 0.0033076 secs]
2021-01-22T00:58:43.596+0800: 16.632: [GC remark 2021-01-22T00:58:43.596+0800: 16.632: [Finalize Marking, 0.0009129 secs] 2021-01-22T00:58:43.598+0800: 16.633: [GC ref-proc, 0.0005797 secs] 2021-01-22T00:58:43.598+0800: 16.634: [Unloading, 0.0011558 secs], 0.0049960 secs]
 [Times: user=0.00 sys=0.01, real=0.01 secs] 
2021-01-22T00:58:43.602+0800: 16.638: [GC cleanup 877M->784M(2048M), 0.0027432 secs]
 [Times: user=0.01 sys=0.00, real=0.00 secs] 
2021-01-22T00:58:43.605+0800: 16.641: [GC concurrent-cleanup-start]
2021-01-22T00:58:43.605+0800: 16.641: [GC concurrent-cleanup-end, 0.0000586 secs]
2021-01-22T00:58:43.661+0800: 16.697: [GC pause (G1 Evacuation Pause) (young), 0.0227135 secs]
   [Parallel Time: 19.9 ms, GC Workers: 8]
      [GC Worker Start (ms): Min: 16697.6, Avg: 16697.7, Max: 16697.8, Diff: 0.3]
      [Ext Root Scanning (ms): Min: 0.0, Avg: 0.1, Max: 0.2, Diff: 0.2, Sum: 0.5]
      [Update RS (ms): Min: 8.4, Avg: 8.4, Max: 8.5, Diff: 0.2, Sum: 67.5]
         [Processed Buffers: Min: 117, Avg: 123.6, Max: 129, Diff: 12, Sum: 989]
      [Scan RS (ms): Min: 0.0, Avg: 0.0, Max: 0.1, Diff: 0.0, Sum: 0.4]
      [Code Root Scanning (ms): Min: 0.0, Avg: 0.0, Max: 0.0, Diff: 0.0, Sum: 0.0]
      [Object Copy (ms): Min: 10.5, Avg: 10.5, Max: 10.6, Diff: 0.1, Sum: 84.3]
      [Termination (ms): Min: 0.0, Avg: 0.1, Max: 0.1, Diff: 0.1, Sum: 0.6]
         [Termination Attempts: Min: 1, Avg: 1.0, Max: 1, Diff: 0, Sum: 8]
      [GC Worker Other (ms): Min: 0.0, Avg: 0.0, Max: 0.0, Diff: 0.0, Sum: 0.1]
      [GC Worker Total (ms): Min: 19.0, Avg: 19.2, Max: 19.3, Diff: 0.3, Sum: 153.4]
      [GC Worker End (ms): Min: 16716.9, Avg: 16716.9, Max: 16716.9, Diff: 0.1]
   [Code Root Fixup: 0.0 ms]
   [Code Root Purge: 0.0 ms]
   [Clear CT: 0.8 ms]
   [Other: 2.0 ms]
      [Choose CSet: 0.0 ms]
      [Ref Proc: 0.4 ms]
      [Ref Enq: 0.0 ms]
      [Redirty Cards: 0.9 ms]
      [Humongous Register: 0.1 ms]
      [Humongous Reclaim: 0.2 ms]
      [Free CSet: 0.2 ms]
   [Eden: 421.0M(421.0M)->0.0B(46080.0K) Survivors: 28672.0K->58368.0K Heap: 1298.5M(2048.0M)->856.1M(2048.0M)]
 [Times: user=0.16 sys=0.00, real=0.02 secs] 
2021-01-22T00:58:43.692+0800: 16.728: [GC pause (G1 Evacuation Pause) (mixed), 0.0118934 secs]
   [Parallel Time: 9.5 ms, GC Workers: 8]
      [GC Worker Start (ms): Min: 16727.8, Avg: 16727.9, Max: 16728.1, Diff: 0.3]
      [Ext Root Scanning (ms): Min: 0.0, Avg: 0.1, Max: 0.2, Diff: 0.2, Sum: 0.5]
      [Update RS (ms): Min: 0.9, Avg: 0.9, Max: 1.0, Diff: 0.1, Sum: 7.5]
         [Processed Buffers: Min: 13, Avg: 14.4, Max: 15, Diff: 2, Sum: 115]
      [Scan RS (ms): Min: 0.0, Avg: 0.1, Max: 0.1, Diff: 0.1, Sum: 0.5]
      [Code Root Scanning (ms): Min: 0.0, Avg: 0.0, Max: 0.0, Diff: 0.0, Sum: 0.0]
      [Object Copy (ms): Min: 7.4, Avg: 7.5, Max: 7.7, Diff: 0.3, Sum: 59.7]
      [Termination (ms): Min: 0.0, Avg: 0.2, Max: 0.3, Diff: 0.3, Sum: 1.8]
         [Termination Attempts: Min: 1, Avg: 1.1, Max: 2, Diff: 1, Sum: 9]
      [GC Worker Other (ms): Min: 0.0, Avg: 0.0, Max: 0.0, Diff: 0.0, Sum: 0.1]
      [GC Worker Total (ms): Min: 8.6, Avg: 8.8, Max: 8.9, Diff: 0.3, Sum: 70.2]
      [GC Worker End (ms): Min: 16736.7, Avg: 16736.7, Max: 16736.7, Diff: 0.0]
   [Code Root Fixup: 0.0 ms]
   [Code Root Purge: 0.0 ms]
   [Clear CT: 0.7 ms]
   [Other: 1.8 ms]
      [Choose CSet: 0.1 ms]
      [Ref Proc: 0.5 ms]
      [Ref Enq: 0.0 ms]
      [Redirty Cards: 0.7 ms]
      [Humongous Register: 0.1 ms]
      [Humongous Reclaim: 0.1 ms]
      [Free CSet: 0.2 ms]
   [Eden: 46080.0K(46080.0K)->0.0B(91136.0K) Survivors: 58368.0K->13312.0K Heap: 914.3M(2048.0M)->678.7M(2048.0M)]
 [Times: user=0.08 sys=0.00, real=0.01 secs] 
2021-01-22T00:58:43.717+0800: 16.753: [GC pause (G1 Evacuation Pause) (mixed), 0.0094255 secs]
   [Parallel Time: 7.0 ms, GC Workers: 8]
      [GC Worker Start (ms): Min: 16753.3, Avg: 16753.4, Max: 16753.5, Diff: 0.3]
      [Ext Root Scanning (ms): Min: 0.0, Avg: 0.1, Max: 0.2, Diff: 0.2, Sum: 0.7]
      [Update RS (ms): Min: 2.0, Avg: 2.0, Max: 2.1, Diff: 0.1, Sum: 16.3]
         [Processed Buffers: Min: 29, Avg: 30.1, Max: 31, Diff: 2, Sum: 241]
      [Scan RS (ms): Min: 0.0, Avg: 0.1, Max: 0.1, Diff: 0.1, Sum: 0.4]
      [Code Root Scanning (ms): Min: 0.0, Avg: 0.0, Max: 0.0, Diff: 0.0, Sum: 0.0]
      [Object Copy (ms): Min: 4.5, Avg: 4.5, Max: 4.6, Diff: 0.1, Sum: 36.3]
      [Termination (ms): Min: 0.0, Avg: 0.0, Max: 0.1, Diff: 0.1, Sum: 0.3]
         [Termination Attempts: Min: 1, Avg: 1.2, Max: 2, Diff: 1, Sum: 10]
      [GC Worker Other (ms): Min: 0.0, Avg: 0.0, Max: 0.0, Diff: 0.0, Sum: 0.1]
      [GC Worker Total (ms): Min: 6.6, Avg: 6.8, Max: 6.9, Diff: 0.3, Sum: 54.1]
      [GC Worker End (ms): Min: 16760.2, Avg: 16760.2, Max: 16760.2, Diff: 0.0]
   [Code Root Fixup: 0.0 ms]
   [Code Root Purge: 0.0 ms]
   [Clear CT: 0.6 ms]
   [Other: 1.8 ms]
      [Choose CSet: 0.0 ms]
      [Ref Proc: 0.7 ms]
      [Ref Enq: 0.0 ms]
      [Redirty Cards: 0.6 ms]
      [Humongous Register: 0.1 ms]
      [Humongous Reclaim: 0.1 ms]
      [Free CSet: 0.2 ms]
   [Eden: 91136.0K(91136.0K)->0.0B(511.0M) Survivors: 13312.0K->13312.0K Heap: 796.6M(2048.0M)->608.3M(2048.0M)]
 [Times: user=0.06 sys=0.00, real=0.01 secs] 
2021-01-22T00:58:43.797+0800: 16.833: [GC pause (G1 Evacuation Pause) (young), 0.0252669 secs]
   [Parallel Time: 21.8 ms, GC Workers: 8]
      [GC Worker Start (ms): Min: 16833.3, Avg: 16833.5, Max: 16833.6, Diff: 0.3]
      [Ext Root Scanning (ms): Min: 0.0, Avg: 0.1, Max: 0.2, Diff: 0.2, Sum: 0.5]
      [Update RS (ms): Min: 9.3, Avg: 9.4, Max: 9.5, Diff: 0.1, Sum: 75.4]
         [Processed Buffers: Min: 129, Avg: 142.0, Max: 147, Diff: 18, Sum: 1136]
      [Scan RS (ms): Min: 0.0, Avg: 0.1, Max: 0.1, Diff: 0.0, Sum: 0.5]
      [Code Root Scanning (ms): Min: 0.0, Avg: 0.0, Max: 0.0, Diff: 0.0, Sum: 0.0]
      [Object Copy (ms): Min: 11.2, Avg: 11.2, Max: 11.2, Diff: 0.1, Sum: 89.6]
      [Termination (ms): Min: 0.0, Avg: 0.0, Max: 0.1, Diff: 0.1, Sum: 0.3]
         [Termination Attempts: Min: 1, Avg: 1.0, Max: 1, Diff: 0, Sum: 8]
      [GC Worker Other (ms): Min: 0.0, Avg: 0.1, Max: 0.2, Diff: 0.2, Sum: 0.5]
      [GC Worker Total (ms): Min: 20.6, Avg: 20.9, Max: 21.0, Diff: 0.4, Sum: 166.9]
      [GC Worker End (ms): Min: 16854.3, Avg: 16854.4, Max: 16854.5, Diff: 0.2]
   [Code Root Fixup: 0.0 ms]
   [Code Root Purge: 0.0 ms]
   [Clear CT: 1.0 ms]
   [Other: 2.5 ms]
      [Choose CSet: 0.0 ms]
      [Ref Proc: 0.9 ms]
      [Ref Enq: 0.0 ms]
      [Redirty Cards: 1.0 ms]
      [Humongous Register: 0.2 ms]
      [Humongous Reclaim: 0.2 ms]
      [Free CSet: 0.2 ms]
   [Eden: 511.0M(511.0M)->0.0B(661.0M) Survivors: 13312.0K->67584.0K Heap: 1260.1M(2048.0M)->724.9M(2048.0M)]
 [Times: user=0.18 sys=0.00, real=0.03 secs] 
2021-01-22T00:58:43.895+0800: 16.931: [GC pause (G1 Humongous Allocation) (young) (initial-mark), 0.0273130 secs]
   [Parallel Time: 23.7 ms, GC Workers: 8]
      [GC Worker Start (ms): Min: 16930.8, Avg: 16931.1, Max: 16931.3, Diff: 0.5]
      [Ext Root Scanning (ms): Min: 0.1, Avg: 0.6, Max: 1.4, Diff: 1.4, Sum: 4.8]
      [Update RS (ms): Min: 7.8, Avg: 9.0, Max: 10.1, Diff: 2.3, Sum: 72.0]
         [Processed Buffers: Min: 89, Avg: 125.4, Max: 142, Diff: 53, Sum: 1003]
      [Scan RS (ms): Min: 0.0, Avg: 0.1, Max: 0.3, Diff: 0.3, Sum: 0.8]
      [Code Root Scanning (ms): Min: 0.0, Avg: 0.0, Max: 0.0, Diff: 0.0, Sum: 0.0]
      [Object Copy (ms): Min: 12.1, Avg: 13.4, Max: 13.6, Diff: 1.5, Sum: 107.2]
      [Termination (ms): Min: 0.0, Avg: 0.1, Max: 0.1, Diff: 0.1, Sum: 0.4]
         [Termination Attempts: Min: 1, Avg: 1.0, Max: 1, Diff: 0, Sum: 8]
      [GC Worker Other (ms): Min: 0.0, Avg: 0.0, Max: 0.0, Diff: 0.0, Sum: 0.1]
      [GC Worker Total (ms): Min: 22.9, Avg: 23.2, Max: 23.4, Diff: 0.5, Sum: 185.3]
      [GC Worker End (ms): Min: 16954.2, Avg: 16954.2, Max: 16954.2, Diff: 0.0]
   [Code Root Fixup: 0.0 ms]
   [Code Root Purge: 0.0 ms]
   [Clear CT: 1.1 ms]
   [Other: 2.5 ms]
      [Choose CSet: 0.0 ms]
      [Ref Proc: 0.4 ms]
      [Ref Enq: 0.0 ms]
      [Redirty Cards: 1.3 ms]
      [Humongous Register: 0.1 ms]
      [Humongous Reclaim: 0.2 ms]
      [Free CSet: 0.2 ms]
   [Eden: 468.0M(661.0M)->0.0B(714.0M) Survivors: 67584.0K->93184.0K Heap: 1317.0M(2048.0M)->813.5M(2048.0M)]
 [Times: user=0.19 sys=0.00, real=0.03 secs] 
2021-01-22T00:58:43.923+0800: 16.959: [GC concurrent-root-region-scan-start]
2021-01-22T00:58:43.923+0800: 16.959: [GC concurrent-root-region-scan-end, 0.0001873 secs]
2021-01-22T00:58:43.923+0800: 16.959: [GC concurrent-mark-start]
2021-01-22T00:58:43.926+0800: 16.961: [GC concurrent-mark-end, 0.0026424 secs]
2021-01-22T00:58:43.926+0800: 16.962: [GC remark 2021-01-22T00:58:43.926+0800: 16.962: [Finalize Marking, 0.0008568 secs] 2021-01-22T00:58:43.927+0800: 16.963: [GC ref-proc, 0.0003700 secs] 2021-01-22T00:58:43.928+0800: 16.963: [Unloading, 0.0013904 secs], 0.0046024 secs]
 [Times: user=0.01 sys=0.00, real=0.01 secs] 
2021-01-22T00:58:43.931+0800: 16.967: [GC cleanup 836M->668M(2048M), 0.0030885 secs]
 [Times: user=0.01 sys=0.00, real=0.00 secs] 
2021-01-22T00:58:43.935+0800: 16.971: [GC concurrent-cleanup-start]
2021-01-22T00:58:43.935+0800: 16.971: [GC concurrent-cleanup-end, 0.0001152 secs]
2021-01-22T00:58:44.041+0800: 17.076: [GC pause (G1 Evacuation Pause) (young), 0.0364850 secs]
   [Parallel Time: 32.1 ms, GC Workers: 8]
      [GC Worker Start (ms): Min: 17076.8, Avg: 17077.0, Max: 17077.1, Diff: 0.3]
      [Ext Root Scanning (ms): Min: 0.0, Avg: 0.1, Max: 0.2, Diff: 0.2, Sum: 0.5]
      [Update RS (ms): Min: 13.0, Avg: 13.1, Max: 13.2, Diff: 0.2, Sum: 104.8]
         [Processed Buffers: Min: 166, Avg: 193.9, Max: 203, Diff: 37, Sum: 1551]
      [Scan RS (ms): Min: 0.1, Avg: 0.1, Max: 0.1, Diff: 0.1, Sum: 0.9]
      [Code Root Scanning (ms): Min: 0.0, Avg: 0.0, Max: 0.0, Diff: 0.0, Sum: 0.0]
      [Object Copy (ms): Min: 18.0, Avg: 18.0, Max: 18.1, Diff: 0.1, Sum: 144.3]
      [Termination (ms): Min: 0.0, Avg: 0.0, Max: 0.1, Diff: 0.1, Sum: 0.3]
         [Termination Attempts: Min: 1, Avg: 1.0, Max: 1, Diff: 0, Sum: 8]
      [GC Worker Other (ms): Min: 0.0, Avg: 0.1, Max: 0.2, Diff: 0.1, Sum: 0.4]
      [GC Worker Total (ms): Min: 31.3, Avg: 31.4, Max: 31.6, Diff: 0.4, Sum: 251.4]
      [GC Worker End (ms): Min: 17108.3, Avg: 17108.4, Max: 17108.5, Diff: 0.1]
   [Code Root Fixup: 0.0 ms]
   [Code Root Purge: 0.0 ms]
   [Clear CT: 1.2 ms]
   [Other: 3.2 ms]
      [Choose CSet: 0.0 ms]
      [Ref Proc: 0.4 ms]
      [Ref Enq: 0.0 ms]
      [Redirty Cards: 1.3 ms]
      [Humongous Register: 0.2 ms]
      [Humongous Reclaim: 0.6 ms]
      [Free CSet: 0.5 ms]
   [Eden: 714.0M(714.0M)->0.0B(7168.0K) Survivors: 93184.0K->101.0M Heap: 1552.1M(2048.0M)->757.7M(2048.0M)]
 [Times: user=0.26 sys=0.00, real=0.03 secs] 
2021-01-22T00:58:44.079+0800: 17.115: [GC pause (G1 Evacuation Pause) (mixed), 0.0134247 secs]
   [Parallel Time: 10.6 ms, GC Workers: 8]
      [GC Worker Start (ms): Min: 17115.2, Avg: 17115.4, Max: 17116.0, Diff: 0.8]
      [Ext Root Scanning (ms): Min: 0.0, Avg: 0.1, Max: 0.2, Diff: 0.2, Sum: 0.5]
      [Update RS (ms): Min: 0.0, Avg: 0.2, Max: 0.2, Diff: 0.2, Sum: 1.3]
         [Processed Buffers: Min: 0, Avg: 2.5, Max: 3, Diff: 3, Sum: 20]
      [Scan RS (ms): Min: 0.0, Avg: 0.1, Max: 0.1, Diff: 0.1, Sum: 0.4]
      [Code Root Scanning (ms): Min: 0.0, Avg: 0.0, Max: 0.0, Diff: 0.0, Sum: 0.0]
      [Object Copy (ms): Min: 9.3, Avg: 9.6, Max: 9.7, Diff: 0.4, Sum: 76.9]
      [Termination (ms): Min: 0.0, Avg: 0.0, Max: 0.1, Diff: 0.1, Sum: 0.3]
         [Termination Attempts: Min: 1, Avg: 1.0, Max: 1, Diff: 0, Sum: 8]
      [GC Worker Other (ms): Min: 0.0, Avg: 0.0, Max: 0.0, Diff: 0.0, Sum: 0.1]
      [GC Worker Total (ms): Min: 9.4, Avg: 9.9, Max: 10.1, Diff: 0.7, Sum: 79.5]
      [GC Worker End (ms): Min: 17125.4, Avg: 17125.4, Max: 17125.4, Diff: 0.0]
   [Code Root Fixup: 0.0 ms]
   [Code Root Purge: 0.0 ms]
   [Clear CT: 0.8 ms]
   [Other: 2.0 ms]
      [Choose CSet: 0.1 ms]
      [Ref Proc: 0.7 ms]
      [Ref Enq: 0.0 ms]
      [Redirty Cards: 0.7 ms]
      [Humongous Register: 0.1 ms]
      [Humongous Reclaim: 0.0 ms]
      [Free CSet: 0.2 ms]
   [Eden: 7168.0K(7168.0K)->0.0B(638.0M) Survivors: 101.0M->2048.0K Heap: 766.0M(2048.0M)->579.1M(2048.0M)]
 [Times: user=0.09 sys=0.00, real=0.01 secs] 
2021-01-22T00:58:44.183+0800: 17.219: [GC pause (G1 Evacuation Pause) (young), 0.0311522 secs]
   [Parallel Time: 27.1 ms, GC Workers: 8]
      [GC Worker Start (ms): Min: 17219.2, Avg: 17219.4, Max: 17219.5, Diff: 0.3]
      [Ext Root Scanning (ms): Min: 0.0, Avg: 0.1, Max: 0.2, Diff: 0.2, Sum: 0.5]
      [Update RS (ms): Min: 12.1, Avg: 12.2, Max: 12.3, Diff: 0.2, Sum: 97.9]
         [Processed Buffers: Min: 163, Avg: 179.5, Max: 186, Diff: 23, Sum: 1436]
      [Scan RS (ms): Min: 0.1, Avg: 0.1, Max: 0.1, Diff: 0.0, Sum: 0.7]
      [Code Root Scanning (ms): Min: 0.0, Avg: 0.0, Max: 0.0, Diff: 0.0, Sum: 0.0]
      [Object Copy (ms): Min: 12.8, Avg: 13.0, Max: 13.9, Diff: 1.1, Sum: 103.7]
      [Termination (ms): Min: 0.0, Avg: 0.9, Max: 1.1, Diff: 1.1, Sum: 7.3]
         [Termination Attempts: Min: 1, Avg: 1.0, Max: 1, Diff: 0, Sum: 8]
      [GC Worker Other (ms): Min: 0.0, Avg: 0.0, Max: 0.0, Diff: 0.0, Sum: 0.1]
      [GC Worker Total (ms): Min: 26.1, Avg: 26.3, Max: 26.4, Diff: 0.3, Sum: 210.2]
      [GC Worker End (ms): Min: 17245.6, Avg: 17245.6, Max: 17245.7, Diff: 0.0]
   [Code Root Fixup: 0.0 ms]
   [Code Root Purge: 0.0 ms]
   [Clear CT: 1.3 ms]
   [Other: 2.7 ms]
      [Choose CSet: 0.0 ms]
      [Ref Proc: 0.7 ms]
      [Ref Enq: 0.0 ms]
      [Redirty Cards: 1.3 ms]
      [Humongous Register: 0.1 ms]
      [Humongous Reclaim: 0.2 ms]
      [Free CSet: 0.3 ms]
   [Eden: 638.0M(638.0M)->0.0B(747.0M) Survivors: 2048.0K->81920.0K Heap: 1395.3M(2048.0M)->728.3M(2048.0M)]
 [Times: user=0.22 sys=0.00, real=0.03 secs] 
2021-01-22T00:58:44.282+0800: 17.318: [GC pause (G1 Humongous Allocation) (young) (initial-mark), 0.0308874 secs]
   [Parallel Time: 26.2 ms, GC Workers: 8]
      [GC Worker Start (ms): Min: 17318.3, Avg: 17318.5, Max: 17318.7, Diff: 0.4]
      [Ext Root Scanning (ms): Min: 0.0, Avg: 0.4, Max: 0.7, Diff: 0.7, Sum: 3.5]
      [Update RS (ms): Min: 9.1, Avg: 9.3, Max: 9.5, Diff: 0.4, Sum: 74.5]
         [Processed Buffers: Min: 131, Avg: 139.1, Max: 145, Diff: 14, Sum: 1113]
      [Scan RS (ms): Min: 0.0, Avg: 0.1, Max: 0.2, Diff: 0.2, Sum: 0.7]
      [Code Root Scanning (ms): Min: 0.0, Avg: 0.0, Max: 0.0, Diff: 0.0, Sum: 0.0]
      [Object Copy (ms): Min: 14.9, Avg: 15.1, Max: 15.4, Diff: 0.4, Sum: 120.9]
      [Termination (ms): Min: 0.0, Avg: 0.3, Max: 0.3, Diff: 0.3, Sum: 2.1]
         [Termination Attempts: Min: 1, Avg: 1.1, Max: 2, Diff: 1, Sum: 9]
      [GC Worker Other (ms): Min: 0.0, Avg: 0.0, Max: 0.1, Diff: 0.1, Sum: 0.2]
      [GC Worker Total (ms): Min: 25.0, Avg: 25.2, Max: 25.4, Diff: 0.4, Sum: 201.9]
      [GC Worker End (ms): Min: 17343.7, Avg: 17343.8, Max: 17343.8, Diff: 0.1]
   [Code Root Fixup: 0.0 ms]
   [Code Root Purge: 0.0 ms]
   [Clear CT: 1.3 ms]
   [Other: 3.4 ms]
      [Choose CSet: 0.0 ms]
      [Ref Proc: 1.0 ms]
      [Ref Enq: 0.0 ms]
      [Redirty Cards: 1.2 ms]
      [Humongous Register: 0.1 ms]
      [Humongous Reclaim: 0.4 ms]
      [Free CSet: 0.3 ms]
   [Eden: 463.0M(747.0M)->0.0B(736.0M) Survivors: 81920.0K->104.0M Heap: 1328.5M(2048.0M)->833.9M(2048.0M)]
 [Times: user=0.21 sys=0.00, real=0.03 secs] 
2021-01-22T00:58:44.314+0800: 17.350: [GC concurrent-root-region-scan-start]
2021-01-22T00:58:44.314+0800: 17.350: [GC concurrent-root-region-scan-end, 0.0003644 secs]
2021-01-22T00:58:44.314+0800: 17.350: [GC concurrent-mark-start]
2021-01-22T00:58:44.317+0800: 17.353: [GC concurrent-mark-end, 0.0029966 secs]
2021-01-22T00:58:44.318+0800: 17.353: [GC remark 2021-01-22T00:58:44.318+0800: 17.354: [Finalize Marking, 0.0015836 secs] 2021-01-22T00:58:44.320+0800: 17.356: [GC ref-proc, 0.0005818 secs] 2021-01-22T00:58:44.321+0800: 17.357: [Unloading, 0.0016272 secs], 0.0066941 secs]
 [Times: user=0.02 sys=0.00, real=0.01 secs] 
2021-01-22T00:58:44.325+0800: 17.361: [GC cleanup 864M->674M(2048M), 0.0041431 secs]
 [Times: user=0.01 sys=0.00, real=0.01 secs] 
2021-01-22T00:58:44.330+0800: 17.366: [GC concurrent-cleanup-start]
2021-01-22T00:58:44.330+0800: 17.366: [GC concurrent-cleanup-end, 0.0001723 secs]
2021-01-22T00:58:44.440+0800: 17.476: [GC pause (G1 Evacuation Pause) (young), 0.0361591 secs]
   [Parallel Time: 31.3 ms, GC Workers: 8]
      [GC Worker Start (ms): Min: 17476.2, Avg: 17476.4, Max: 17476.6, Diff: 0.5]
      [Ext Root Scanning (ms): Min: 0.0, Avg: 0.1, Max: 0.3, Diff: 0.3, Sum: 0.6]
      [Update RS (ms): Min: 12.6, Avg: 12.7, Max: 12.7, Diff: 0.2, Sum: 101.4]
         [Processed Buffers: Min: 178, Avg: 187.9, Max: 197, Diff: 19, Sum: 1503]
      [Scan RS (ms): Min: 0.1, Avg: 0.1, Max: 0.1, Diff: 0.1, Sum: 0.9]
      [Code Root Scanning (ms): Min: 0.0, Avg: 0.0, Max: 0.0, Diff: 0.0, Sum: 0.0]
      [Object Copy (ms): Min: 16.9, Avg: 16.9, Max: 17.0, Diff: 0.1, Sum: 135.6]
      [Termination (ms): Min: 0.0, Avg: 0.0, Max: 0.1, Diff: 0.1, Sum: 0.3]
         [Termination Attempts: Min: 1, Avg: 1.0, Max: 1, Diff: 0, Sum: 8]
      [GC Worker Other (ms): Min: 0.0, Avg: 0.2, Max: 0.5, Diff: 0.5, Sum: 1.8]
      [GC Worker Total (ms): Min: 29.8, Avg: 30.1, Max: 30.4, Diff: 0.6, Sum: 240.7]
      [GC Worker End (ms): Min: 17506.3, Avg: 17506.5, Max: 17506.8, Diff: 0.5]
   [Code Root Fixup: 0.0 ms]
   [Code Root Purge: 0.0 ms]
   [Clear CT: 1.1 ms]
   [Other: 3.7 ms]
      [Choose CSet: 0.0 ms]
      [Ref Proc: 1.1 ms]
      [Ref Enq: 0.0 ms]
      [Redirty Cards: 1.5 ms]
      [Humongous Register: 0.2 ms]
      [Humongous Reclaim: 0.3 ms]
      [Free CSet: 0.5 ms]
   [Eden: 736.0M(736.0M)->0.0B(7168.0K) Survivors: 104.0M->105.0M Heap: 1566.5M(2048.0M)->739.2M(2048.0M)]
 [Times: user=0.25 sys=0.00, real=0.03 secs] 
2021-01-22T00:58:44.478+0800: 17.514: [GC pause (G1 Evacuation Pause) (mixed), 0.0140416 secs]
   [Parallel Time: 11.0 ms, GC Workers: 8]
      [GC Worker Start (ms): Min: 17514.0, Avg: 17514.3, Max: 17514.7, Diff: 0.7]
      [Ext Root Scanning (ms): Min: 0.0, Avg: 0.1, Max: 0.3, Diff: 0.3, Sum: 0.7]
      [Update RS (ms): Min: 0.1, Avg: 0.3, Max: 0.4, Diff: 0.4, Sum: 2.5]
         [Processed Buffers: Min: 1, Avg: 4.6, Max: 7, Diff: 6, Sum: 37]
      [Scan RS (ms): Min: 0.0, Avg: 0.1, Max: 0.1, Diff: 0.0, Sum: 0.5]
      [Code Root Scanning (ms): Min: 0.0, Avg: 0.0, Max: 0.0, Diff: 0.0, Sum: 0.0]
      [Object Copy (ms): Min: 9.4, Avg: 9.5, Max: 9.6, Diff: 0.2, Sum: 75.8]
      [Termination (ms): Min: 0.0, Avg: 0.0, Max: 0.0, Diff: 0.0, Sum: 0.1]
         [Termination Attempts: Min: 1, Avg: 2.6, Max: 5, Diff: 4, Sum: 21]
      [GC Worker Other (ms): Min: 0.0, Avg: 0.0, Max: 0.1, Diff: 0.1, Sum: 0.2]
      [GC Worker Total (ms): Min: 9.6, Avg: 10.0, Max: 10.3, Diff: 0.7, Sum: 80.1]
      [GC Worker End (ms): Min: 17524.3, Avg: 17524.3, Max: 17524.3, Diff: 0.0]
   [Code Root Fixup: 0.0 ms]
   [Code Root Purge: 0.0 ms]
   [Clear CT: 1.0 ms]
   [Other: 2.1 ms]
      [Choose CSet: 0.1 ms]
      [Ref Proc: 0.5 ms]
      [Ref Enq: 0.0 ms]
      [Redirty Cards: 0.9 ms]
      [Humongous Register: 0.1 ms]
      [Humongous Reclaim: 0.0 ms]
      [Free CSet: 0.4 ms]
   [Eden: 7168.0K(7168.0K)->0.0B(966.0M) Survivors: 105.0M->2048.0K Heap: 749.6M(2048.0M)->579.0M(2048.0M)]
 [Times: user=0.08 sys=0.00, real=0.02 secs] 
2021-01-22T00:58:44.585+0800: 17.621: [GC pause (G1 Humongous Allocation) (young) (initial-mark), 0.0306142 secs]
   [Parallel Time: 26.5 ms, GC Workers: 8]
      [GC Worker Start (ms): Min: 17620.9, Avg: 17621.2, Max: 17621.4, Diff: 0.5]
      [Ext Root Scanning (ms): Min: 0.0, Avg: 0.4, Max: 0.7, Diff: 0.6, Sum: 3.5]
      [Update RS (ms): Min: 12.0, Avg: 12.1, Max: 12.3, Diff: 0.3, Sum: 97.1]
         [Processed Buffers: Min: 174, Avg: 179.9, Max: 187, Diff: 13, Sum: 1439]
      [Scan RS (ms): Min: 0.0, Avg: 0.1, Max: 0.1, Diff: 0.1, Sum: 0.6]
      [Code Root Scanning (ms): Min: 0.0, Avg: 0.0, Max: 0.0, Diff: 0.0, Sum: 0.0]
      [Object Copy (ms): Min: 12.4, Avg: 12.5, Max: 13.0, Diff: 0.6, Sum: 100.0]
      [Termination (ms): Min: 0.0, Avg: 0.5, Max: 0.7, Diff: 0.7, Sum: 4.2]
         [Termination Attempts: Min: 1, Avg: 1.2, Max: 3, Diff: 2, Sum: 10]
      [GC Worker Other (ms): Min: 0.0, Avg: 0.0, Max: 0.1, Diff: 0.1, Sum: 0.2]
      [GC Worker Total (ms): Min: 25.5, Avg: 25.7, Max: 26.0, Diff: 0.5, Sum: 205.7]
      [GC Worker End (ms): Min: 17646.8, Avg: 17646.9, Max: 17646.9, Diff: 0.1]
   [Code Root Fixup: 0.0 ms]
   [Code Root Purge: 0.0 ms]
   [Clear CT: 1.5 ms]
   [Other: 2.6 ms]
      [Choose CSet: 0.0 ms]
      [Ref Proc: 0.5 ms]
      [Ref Enq: 0.0 ms]
      [Redirty Cards: 1.1 ms]
      [Humongous Register: 0.1 ms]
      [Humongous Reclaim: 0.3 ms]
      [Free CSet: 0.3 ms]
   [Eden: 638.0M(966.0M)->0.0B(844.0M) Survivors: 2048.0K->121.0M Heap: 1394.8M(2048.0M)->728.1M(2048.0M)]
 [Times: user=0.21 sys=0.00, real=0.03 secs] 
2021-01-22T00:58:44.616+0800: 17.652: [GC concurrent-root-region-scan-start]
2021-01-22T00:58:44.616+0800: 17.652: [GC concurrent-root-region-scan-end, 0.0004102 secs]
2021-01-22T00:58:44.616+0800: 17.652: [GC concurrent-mark-start]
2021-01-22T00:58:44.619+0800: 17.655: [GC concurrent-mark-end, 0.0024773 secs]
2021-01-22T00:58:44.619+0800: 17.655: [GC remark 2021-01-22T00:58:44.620+0800: 17.656: [Finalize Marking, 0.0012157 secs] 2021-01-22T00:58:44.621+0800: 17.657: [GC ref-proc, 0.0004996 secs] 2021-01-22T00:58:44.622+0800: 17.658: [Unloading, 0.0012673 secs], 0.0049771 secs]
 [Times: user=0.01 sys=0.00, real=0.00 secs] 
2021-01-22T00:58:44.625+0800: 17.661: [GC cleanup 754M->619M(2048M), 0.0035213 secs]
 [Times: user=0.00 sys=0.01, real=0.01 secs] 
2021-01-22T00:58:44.630+0800: 17.665: [GC concurrent-cleanup-start]
2021-01-22T00:58:44.630+0800: 17.666: [GC concurrent-cleanup-end, 0.0001080 secs]
2021-01-22T00:58:44.753+0800: 17.789: [GC pause (G1 Evacuation Pause) (young) (to-space exhausted), 0.0357652 secs]
   [Parallel Time: 32.0 ms, GC Workers: 8]
      [GC Worker Start (ms): Min: 17788.9, Avg: 17789.1, Max: 17789.2, Diff: 0.4]
      [Ext Root Scanning (ms): Min: 0.0, Avg: 0.1, Max: 0.2, Diff: 0.2, Sum: 0.5]
      [Update RS (ms): Min: 16.3, Avg: 16.5, Max: 16.5, Diff: 0.2, Sum: 131.6]
         [Processed Buffers: Min: 229, Avg: 243.4, Max: 250, Diff: 21, Sum: 1947]
      [Scan RS (ms): Min: 0.1, Avg: 0.1, Max: 0.2, Diff: 0.1, Sum: 1.1]
      [Code Root Scanning (ms): Min: 0.0, Avg: 0.0, Max: 0.0, Diff: 0.0, Sum: 0.0]
      [Object Copy (ms): Min: 14.7, Avg: 14.9, Max: 15.0, Diff: 0.2, Sum: 118.9]
      [Termination (ms): Min: 0.0, Avg: 0.1, Max: 0.3, Diff: 0.3, Sum: 0.9]
         [Termination Attempts: Min: 1, Avg: 1.1, Max: 2, Diff: 1, Sum: 9]
      [GC Worker Other (ms): Min: 0.0, Avg: 0.0, Max: 0.0, Diff: 0.0, Sum: 0.1]
      [GC Worker Total (ms): Min: 31.5, Avg: 31.6, Max: 31.9, Diff: 0.4, Sum: 253.1]
      [GC Worker End (ms): Min: 17820.7, Avg: 17820.7, Max: 17820.7, Diff: 0.0]
   [Code Root Fixup: 0.0 ms]
   [Code Root Purge: 0.0 ms]
   [Clear CT: 0.5 ms]
   [Other: 3.2 ms]
      [Evacuation Failure: 0.9 ms]
      [Choose CSet: 0.0 ms]
      [Ref Proc: 0.5 ms]
      [Ref Enq: 0.0 ms]
      [Redirty Cards: 1.0 ms]
      [Humongous Register: 0.2 ms]
      [Humongous Reclaim: 0.3 ms]
      [Free CSet: 0.3 ms]
   [Eden: 844.0M(844.0M)->0.0B(7168.0K) Survivors: 121.0M->121.0M Heap: 1679.2M(2048.0M)->930.0M(2048.0M)]
 [Times: user=0.26 sys=0.00, real=0.04 secs] 
2021-01-22T00:58:44.790+0800: 17.826: [GC pause (G1 Evacuation Pause) (mixed), 0.0175018 secs]
   [Parallel Time: 14.3 ms, GC Workers: 8]
      [GC Worker Start (ms): Min: 17826.2, Avg: 17826.4, Max: 17826.6, Diff: 0.4]
      [Ext Root Scanning (ms): Min: 0.0, Avg: 0.1, Max: 0.2, Diff: 0.2, Sum: 0.5]
      [Update RS (ms): Min: 0.0, Avg: 0.1, Max: 0.2, Diff: 0.2, Sum: 0.9]
         [Processed Buffers: Min: 0, Avg: 2.5, Max: 5, Diff: 5, Sum: 20]
      [Scan RS (ms): Min: 0.0, Avg: 0.1, Max: 0.1, Diff: 0.1, Sum: 0.5]
      [Code Root Scanning (ms): Min: 0.0, Avg: 0.0, Max: 0.0, Diff: 0.0, Sum: 0.0]
      [Object Copy (ms): Min: 11.2, Avg: 11.5, Max: 13.1, Diff: 1.9, Sum: 92.0]
      [Termination (ms): Min: 0.0, Avg: 1.6, Max: 1.9, Diff: 1.9, Sum: 13.0]
         [Termination Attempts: Min: 1, Avg: 1.6, Max: 5, Diff: 4, Sum: 13]
      [GC Worker Other (ms): Min: 0.0, Avg: 0.0, Max: 0.0, Diff: 0.0, Sum: 0.1]
      [GC Worker Total (ms): Min: 13.2, Avg: 13.4, Max: 13.6, Diff: 0.3, Sum: 107.0]
      [GC Worker End (ms): Min: 17839.8, Avg: 17839.8, Max: 17839.8, Diff: 0.1]
   [Code Root Fixup: 0.0 ms]
   [Code Root Purge: 0.0 ms]
   [Clear CT: 1.2 ms]
   [Other: 2.0 ms]
      [Choose CSet: 0.1 ms]
      [Ref Proc: 0.5 ms]
      [Ref Enq: 0.0 ms]
      [Redirty Cards: 1.0 ms]
      [Humongous Register: 0.1 ms]
      [Humongous Reclaim: 0.0 ms]
      [Free CSet: 0.1 ms]
   [Eden: 7168.0K(7168.0K)->0.0B(761.0M) Survivors: 121.0M->3072.0K Heap: 937.6M(2048.0M)->820.1M(2048.0M)]
 [Times: user=0.11 sys=0.00, real=0.01 secs] 
2021-01-22T00:58:44.820+0800: 17.856: [GC pause (G1 Humongous Allocation) (young) (initial-mark), 0.0070315 secs]
   [Parallel Time: 4.0 ms, GC Workers: 8]
      [GC Worker Start (ms): Min: 17856.3, Avg: 17856.5, Max: 17856.7, Diff: 0.4]
      [Ext Root Scanning (ms): Min: 0.0, Avg: 0.4, Max: 0.5, Diff: 0.5, Sum: 3.1]
      [Update RS (ms): Min: 1.2, Avg: 1.3, Max: 1.4, Diff: 0.3, Sum: 10.2]
         [Processed Buffers: Min: 18, Avg: 19.6, Max: 22, Diff: 4, Sum: 157]
      [Scan RS (ms): Min: 0.0, Avg: 0.0, Max: 0.0, Diff: 0.0, Sum: 0.1]
      [Code Root Scanning (ms): Min: 0.0, Avg: 0.0, Max: 0.0, Diff: 0.0, Sum: 0.0]
      [Object Copy (ms): Min: 1.9, Avg: 2.0, Max: 2.0, Diff: 0.1, Sum: 15.7]
      [Termination (ms): Min: 0.0, Avg: 0.0, Max: 0.1, Diff: 0.1, Sum: 0.4]
         [Termination Attempts: Min: 1, Avg: 1.1, Max: 2, Diff: 1, Sum: 9]
      [GC Worker Other (ms): Min: 0.0, Avg: 0.0, Max: 0.0, Diff: 0.0, Sum: 0.1]
      [GC Worker Total (ms): Min: 3.5, Avg: 3.7, Max: 3.9, Diff: 0.4, Sum: 29.5]
      [GC Worker End (ms): Min: 17860.2, Avg: 17860.2, Max: 17860.2, Diff: 0.0]
   [Code Root Fixup: 0.0 ms]
   [Code Root Purge: 0.0 ms]
   [Clear CT: 1.0 ms]
   [Other: 2.1 ms]
      [Choose CSet: 0.0 ms]
      [Ref Proc: 0.6 ms]
      [Ref Enq: 0.0 ms]
      [Redirty Cards: 0.8 ms]
      [Humongous Register: 0.1 ms]
      [Humongous Reclaim: 0.1 ms]
      [Free CSet: 0.1 ms]
   [Eden: 76800.0K(761.0M)->0.0B(738.0M) Survivors: 3072.0K->26624.0K Heap: 913.1M(2048.0M)->835.1M(2048.0M)]
 [Times: user=0.04 sys=0.01, real=0.00 secs] 
2021-01-22T00:58:44.828+0800: 17.864: [GC concurrent-root-region-scan-start]
2021-01-22T00:58:44.828+0800: 17.864: [GC concurrent-root-region-scan-end, 0.0003538 secs]
2021-01-22T00:58:44.828+0800: 17.864: [GC concurrent-mark-start]
2021-01-22T00:58:44.832+0800: 17.868: [GC concurrent-mark-end, 0.0035980 secs]
2021-01-22T00:58:44.832+0800: 17.868: [GC remark 2021-01-22T00:58:44.833+0800: 17.869: [Finalize Marking, 0.0010332 secs] 2021-01-22T00:58:44.834+0800: 17.870: [GC ref-proc, 0.0004355 secs] 2021-01-22T00:58:44.835+0800: 17.871: [Unloading, 0.0012872 secs], 0.0051829 secs]
 [Times: user=0.01 sys=0.00, real=0.00 secs] 
2021-01-22T00:58:44.838+0800: 17.874: [GC cleanup 866M->778M(2048M), 0.0035016 secs]
 [Times: user=0.00 sys=0.01, real=0.00 secs] 
2021-01-22T00:58:44.842+0800: 17.878: [GC concurrent-cleanup-start]
2021-01-22T00:58:44.843+0800: 17.878: [GC concurrent-cleanup-end, 0.0000647 secs]
2021-01-22T00:58:44.944+0800: 17.980: [GC pause (G1 Evacuation Pause) (young), 0.0428331 secs]
   [Parallel Time: 33.1 ms, GC Workers: 8]
      [GC Worker Start (ms): Min: 17980.0, Avg: 17980.2, Max: 17980.4, Diff: 0.4]
      [Ext Root Scanning (ms): Min: 0.0, Avg: 0.1, Max: 0.2, Diff: 0.2, Sum: 0.5]
      [Update RS (ms): Min: 13.4, Avg: 14.1, Max: 16.4, Diff: 3.0, Sum: 113.0]
         [Processed Buffers: Min: 191, Avg: 197.6, Max: 205, Diff: 14, Sum: 1581]
      [Scan RS (ms): Min: 0.1, Avg: 0.2, Max: 0.4, Diff: 0.4, Sum: 1.2]
      [Code Root Scanning (ms): Min: 0.0, Avg: 0.0, Max: 0.0, Diff: 0.0, Sum: 0.0]
      [Object Copy (ms): Min: 12.4, Avg: 14.9, Max: 18.5, Diff: 6.1, Sum: 119.5]
      [Termination (ms): Min: 0.0, Avg: 2.9, Max: 3.5, Diff: 3.5, Sum: 23.4]
         [Termination Attempts: Min: 1, Avg: 1.0, Max: 1, Diff: 0, Sum: 8]
      [GC Worker Other (ms): Min: 0.0, Avg: 0.0, Max: 0.0, Diff: 0.0, Sum: 0.1]
      [GC Worker Total (ms): Min: 32.0, Avg: 32.2, Max: 32.4, Diff: 0.4, Sum: 257.7]
      [GC Worker End (ms): Min: 18012.4, Avg: 18012.4, Max: 18012.5, Diff: 0.1]
   [Code Root Fixup: 0.0 ms]
   [Code Root Purge: 0.0 ms]
   [Clear CT: 1.1 ms]
   [Other: 8.6 ms]
      [Choose CSet: 0.0 ms]
      [Ref Proc: 6.3 ms]
      [Ref Enq: 0.0 ms]
      [Redirty Cards: 1.3 ms]
      [Humongous Register: 0.2 ms]
      [Humongous Reclaim: 0.3 ms]
      [Free CSet: 0.4 ms]
   [Eden: 738.0M(738.0M)->0.0B(7168.0K) Survivors: 26624.0K->98304.0K Heap: 1681.6M(2048.0M)->887.9M(2048.0M)]
 [Times: user=0.30 sys=0.00, real=0.04 secs] 
2021-01-22T00:58:44.989+0800: 18.025: [GC pause (G1 Evacuation Pause) (mixed), 0.0183770 secs]
   [Parallel Time: 13.2 ms, GC Workers: 8]
      [GC Worker Start (ms): Min: 18025.2, Avg: 18025.4, Max: 18025.6, Diff: 0.4]
      [Ext Root Scanning (ms): Min: 0.0, Avg: 0.1, Max: 0.2, Diff: 0.2, Sum: 0.6]
      [Update RS (ms): Min: 0.3, Avg: 0.7, Max: 3.3, Diff: 3.1, Sum: 5.8]
         [Processed Buffers: Min: 1, Avg: 3.8, Max: 5, Diff: 4, Sum: 30]
      [Scan RS (ms): Min: 0.0, Avg: 0.1, Max: 0.2, Diff: 0.2, Sum: 0.9]
      [Code Root Scanning (ms): Min: 0.0, Avg: 0.0, Max: 0.0, Diff: 0.0, Sum: 0.0]
      [Object Copy (ms): Min: 8.0, Avg: 10.7, Max: 11.7, Diff: 3.7, Sum: 85.9]
      [Termination (ms): Min: 0.0, Avg: 0.6, Max: 0.7, Diff: 0.7, Sum: 4.8]
         [Termination Attempts: Min: 1, Avg: 1.2, Max: 3, Diff: 2, Sum: 10]
      [GC Worker Other (ms): Min: 0.0, Avg: 0.0, Max: 0.0, Diff: 0.0, Sum: 0.1]
      [GC Worker Total (ms): Min: 12.1, Avg: 12.3, Max: 12.4, Diff: 0.4, Sum: 98.1]
      [GC Worker End (ms): Min: 18037.6, Avg: 18037.6, Max: 18037.7, Diff: 0.1]
   [Code Root Fixup: 0.0 ms]
   [Code Root Purge: 0.0 ms]
   [Clear CT: 1.0 ms]
   [Other: 4.2 ms]
      [Choose CSet: 0.2 ms]
      [Ref Proc: 1.7 ms]
      [Ref Enq: 0.0 ms]
      [Redirty Cards: 1.1 ms]
      [Humongous Register: 0.3 ms]
      [Humongous Reclaim: 0.1 ms]
      [Free CSet: 0.4 ms]
   [Eden: 7168.0K(7168.0K)->0.0B(101376.0K) Survivors: 98304.0K->3072.0K Heap: 897.5M(2048.0M)->695.0M(2048.0M)]
 [Times: user=0.11 sys=0.00, real=0.01 secs] 
2021-01-22T00:58:45.025+0800: 18.061: [GC pause (G1 Evacuation Pause) (mixed), 0.0112310 secs]
   [Parallel Time: 7.8 ms, GC Workers: 8]
      [GC Worker Start (ms): Min: 18061.4, Avg: 18062.5, Max: 18068.6, Diff: 7.2]
      [Ext Root Scanning (ms): Min: 0.0, Avg: 0.1, Max: 0.3, Diff: 0.3, Sum: 1.0]
      [Update RS (ms): Min: 0.0, Avg: 2.1, Max: 2.4, Diff: 2.4, Sum: 16.6]
         [Processed Buffers: Min: 0, Avg: 31.5, Max: 38, Diff: 38, Sum: 252]
      [Scan RS (ms): Min: 0.0, Avg: 0.1, Max: 0.1, Diff: 0.1, Sum: 0.5]
      [Code Root Scanning (ms): Min: 0.0, Avg: 0.0, Max: 0.0, Diff: 0.0, Sum: 0.0]
      [Object Copy (ms): Min: 0.0, Avg: 3.4, Max: 4.6, Diff: 4.6, Sum: 26.8]
      [Termination (ms): Min: 0.0, Avg: 0.7, Max: 1.0, Diff: 1.0, Sum: 5.9]
         [Termination Attempts: Min: 1, Avg: 1.0, Max: 1, Diff: 0, Sum: 8]
      [GC Worker Other (ms): Min: 0.0, Avg: 0.0, Max: 0.0, Diff: 0.0, Sum: 0.1]
      [GC Worker Total (ms): Min: 0.3, Avg: 6.4, Max: 7.4, Diff: 7.2, Sum: 51.0]
      [GC Worker End (ms): Min: 18068.9, Avg: 18068.9, Max: 18068.9, Diff: 0.0]
   [Code Root Fixup: 0.0 ms]
   [Code Root Purge: 0.0 ms]
   [Clear CT: 1.0 ms]
   [Other: 2.5 ms]
      [Choose CSet: 0.1 ms]
      [Ref Proc: 0.9 ms]
      [Ref Enq: 0.0 ms]
      [Redirty Cards: 0.8 ms]
      [Humongous Register: 0.3 ms]
      [Humongous Reclaim: 0.1 ms]
      [Free CSet: 0.1 ms]
   [Eden: 101376.0K(101376.0K)->0.0B(915.0M) Survivors: 3072.0K->13312.0K Heap: 824.3M(2048.0M)->643.6M(2048.0M)]
 [Times: user=0.05 sys=0.00, real=0.01 secs] 
2021-01-22T00:58:45.121+0800: 18.157: [GC pause (G1 Humongous Allocation) (young) (initial-mark), 0.0269645 secs]
   [Parallel Time: 23.9 ms, GC Workers: 8]
      [GC Worker Start (ms): Min: 18157.2, Avg: 18157.3, Max: 18157.5, Diff: 0.3]
      [Ext Root Scanning (ms): Min: 0.0, Avg: 0.3, Max: 0.5, Diff: 0.5, Sum: 2.8]
      [Update RS (ms): Min: 9.9, Avg: 10.0, Max: 10.2, Diff: 0.2, Sum: 80.3]
         [Processed Buffers: Min: 137, Avg: 147.8, Max: 157, Diff: 20, Sum: 1182]
      [Scan RS (ms): Min: 0.0, Avg: 0.1, Max: 0.1, Diff: 0.0, Sum: 0.6]
      [Code Root Scanning (ms): Min: 0.0, Avg: 0.0, Max: 0.0, Diff: 0.0, Sum: 0.0]
      [Object Copy (ms): Min: 12.4, Avg: 12.5, Max: 12.6, Diff: 0.1, Sum: 100.1]
      [Termination (ms): Min: 0.0, Avg: 0.1, Max: 0.2, Diff: 0.2, Sum: 0.8]
         [Termination Attempts: Min: 1, Avg: 1.2, Max: 2, Diff: 1, Sum: 10]
      [GC Worker Other (ms): Min: 0.0, Avg: 0.0, Max: 0.0, Diff: 0.0, Sum: 0.1]
      [GC Worker Total (ms): Min: 22.9, Avg: 23.1, Max: 23.2, Diff: 0.3, Sum: 184.6]
      [GC Worker End (ms): Min: 18180.4, Avg: 18180.4, Max: 18180.5, Diff: 0.0]
   [Code Root Fixup: 0.0 ms]
   [Code Root Purge: 0.0 ms]
   [Clear CT: 0.6 ms]
   [Other: 2.4 ms]
      [Choose CSet: 0.0 ms]
      [Ref Proc: 0.8 ms]
      [Ref Enq: 0.0 ms]
      [Redirty Cards: 0.8 ms]
      [Humongous Register: 0.1 ms]
      [Humongous Reclaim: 0.2 ms]
      [Free CSet: 0.3 ms]
   [Eden: 572.0M(915.0M)->0.0B(75776.0K) Survivors: 13312.0K->116.0M Heap: 1361.5M(2048.0M)->780.9M(2048.0M)]
 [Times: user=0.19 sys=0.00, real=0.03 secs] 
2021-01-22T00:58:45.149+0800: 18.185: [GC concurrent-root-region-scan-start]
2021-01-22T00:58:45.149+0800: 18.185: [GC concurrent-root-region-scan-end, 0.0002261 secs]
2021-01-22T00:58:45.149+0800: 18.185: [GC concurrent-mark-start]
2021-01-22T00:58:45.151+0800: 18.187: [GC concurrent-mark-end, 0.0024510 secs]
2021-01-22T00:58:45.152+0800: 18.187: [GC remark 2021-01-22T00:58:45.152+0800: 18.188: [Finalize Marking, 0.0012024 secs] 2021-01-22T00:58:45.153+0800: 18.189: [GC ref-proc, 0.0004366 secs] 2021-01-22T00:58:45.154+0800: 18.190: [Unloading, 0.0008502 secs], 0.0045421 secs]
 [Times: user=0.01 sys=0.00, real=0.00 secs] 
2021-01-22T00:58:45.157+0800: 18.193: [GC cleanup 807M->667M(2048M), 0.0027965 secs]
 [Times: user=0.01 sys=0.00, real=0.01 secs] 
2021-01-22T00:58:45.160+0800: 18.196: [GC concurrent-cleanup-start]
2021-01-22T00:58:45.160+0800: 18.196: [GC concurrent-cleanup-end, 0.0000796 secs]
2021-01-22T00:58:45.168+0800: 18.204: [GC pause (G1 Evacuation Pause) (young), 0.0152573 secs]
   [Parallel Time: 12.8 ms, GC Workers: 8]
      [GC Worker Start (ms): Min: 18204.1, Avg: 18204.5, Max: 18206.0, Diff: 1.8]
      [Ext Root Scanning (ms): Min: 0.0, Avg: 0.1, Max: 0.2, Diff: 0.2, Sum: 0.5]
      [Update RS (ms): Min: 0.0, Avg: 0.9, Max: 1.1, Diff: 1.1, Sum: 7.5]
         [Processed Buffers: Min: 0, Avg: 15.2, Max: 22, Diff: 22, Sum: 122]
      [Scan RS (ms): Min: 0.0, Avg: 0.0, Max: 0.0, Diff: 0.0, Sum: 0.1]
      [Code Root Scanning (ms): Min: 0.0, Avg: 0.0, Max: 0.0, Diff: 0.0, Sum: 0.0]
      [Object Copy (ms): Min: 10.6, Avg: 11.1, Max: 11.2, Diff: 0.6, Sum: 88.7]
      [Termination (ms): Min: 0.0, Avg: 0.0, Max: 0.1, Diff: 0.1, Sum: 0.2]
         [Termination Attempts: Min: 1, Avg: 1.0, Max: 1, Diff: 0, Sum: 8]
      [GC Worker Other (ms): Min: 0.0, Avg: 0.0, Max: 0.0, Diff: 0.0, Sum: 0.1]
      [GC Worker Total (ms): Min: 10.7, Avg: 12.1, Max: 12.5, Diff: 1.9, Sum: 97.1]
      [GC Worker End (ms): Min: 18216.6, Avg: 18216.6, Max: 18216.6, Diff: 0.0]
   [Code Root Fixup: 0.0 ms]
   [Code Root Purge: 0.0 ms]
   [Clear CT: 0.7 ms]
   [Other: 1.7 ms]
      [Choose CSet: 0.0 ms]
      [Ref Proc: 0.4 ms]
      [Ref Enq: 0.0 ms]
      [Redirty Cards: 0.7 ms]
      [Humongous Register: 0.1 ms]
      [Humongous Reclaim: 0.1 ms]
      [Free CSet: 0.1 ms]
   [Eden: 75776.0K(75776.0K)->0.0B(79872.0K) Survivors: 116.0M->24576.0K Heap: 728.9M(2048.0M)->652.3M(2048.0M)]
 [Times: user=0.10 sys=0.00, real=0.02 secs] 
2021-01-22T00:58:45.196+0800: 18.232: [GC pause (G1 Evacuation Pause) (mixed), 0.0107438 secs]
   [Parallel Time: 8.5 ms, GC Workers: 8]
      [GC Worker Start (ms): Min: 18232.3, Avg: 18232.5, Max: 18232.6, Diff: 0.3]
      [Ext Root Scanning (ms): Min: 0.0, Avg: 0.1, Max: 0.3, Diff: 0.3, Sum: 0.7]
      [Update RS (ms): Min: 1.4, Avg: 1.5, Max: 1.5, Diff: 0.1, Sum: 11.7]
         [Processed Buffers: Min: 21, Avg: 22.5, Max: 24, Diff: 3, Sum: 180]
      [Scan RS (ms): Min: 0.0, Avg: 0.1, Max: 0.1, Diff: 0.1, Sum: 0.5]
      [Code Root Scanning (ms): Min: 0.0, Avg: 0.0, Max: 0.0, Diff: 0.0, Sum: 0.0]
      [Object Copy (ms): Min: 6.2, Avg: 6.2, Max: 6.2, Diff: 0.0, Sum: 49.8]
      [Termination (ms): Min: 0.0, Avg: 0.1, Max: 0.1, Diff: 0.1, Sum: 0.4]
         [Termination Attempts: Min: 1, Avg: 1.0, Max: 1, Diff: 0, Sum: 8]
      [GC Worker Other (ms): Min: 0.0, Avg: 0.0, Max: 0.0, Diff: 0.0, Sum: 0.1]
      [GC Worker Total (ms): Min: 7.8, Avg: 7.9, Max: 8.1, Diff: 0.3, Sum: 63.2]
      [GC Worker End (ms): Min: 18240.3, Avg: 18240.4, Max: 18240.4, Diff: 0.1]
   [Code Root Fixup: 0.0 ms]
   [Code Root Purge: 0.0 ms]
   [Clear CT: 0.7 ms]
   [Other: 1.5 ms]
      [Choose CSet: 0.1 ms]
      [Ref Proc: 0.4 ms]
      [Ref Enq: 0.0 ms]
      [Redirty Cards: 0.6 ms]
      [Humongous Register: 0.1 ms]
      [Humongous Reclaim: 0.1 ms]
      [Free CSet: 0.2 ms]
   [Eden: 79872.0K(79872.0K)->0.0B(428.0M) Survivors: 24576.0K->13312.0K Heap: 751.6M(2048.0M)->520.5M(2048.0M)]
 [Times: user=0.07 sys=0.00, real=0.01 secs] 
2021-01-22T00:58:45.265+0800: 18.301: [GC pause (G1 Evacuation Pause) (young), 0.0216007 secs]
   [Parallel Time: 18.6 ms, GC Workers: 8]
      [GC Worker Start (ms): Min: 18301.5, Avg: 18301.7, Max: 18301.8, Diff: 0.3]
      [Ext Root Scanning (ms): Min: 0.0, Avg: 0.1, Max: 0.2, Diff: 0.2, Sum: 0.5]
      [Update RS (ms): Min: 7.7, Avg: 7.8, Max: 7.9, Diff: 0.2, Sum: 62.8]
         [Processed Buffers: Min: 107, Avg: 115.5, Max: 121, Diff: 14, Sum: 924]
      [Scan RS (ms): Min: 0.0, Avg: 0.0, Max: 0.1, Diff: 0.0, Sum: 0.4]
      [Code Root Scanning (ms): Min: 0.0, Avg: 0.0, Max: 0.0, Diff: 0.0, Sum: 0.0]
      [Object Copy (ms): Min: 9.8, Avg: 9.8, Max: 9.8, Diff: 0.1, Sum: 78.4]
      [Termination (ms): Min: 0.0, Avg: 0.0, Max: 0.1, Diff: 0.1, Sum: 0.4]
         [Termination Attempts: Min: 1, Avg: 1.0, Max: 1, Diff: 0, Sum: 8]
      [GC Worker Other (ms): Min: 0.0, Avg: 0.1, Max: 0.2, Diff: 0.2, Sum: 0.4]
      [GC Worker Total (ms): Min: 17.7, Avg: 17.8, Max: 18.0, Diff: 0.4, Sum: 142.8]
      [GC Worker End (ms): Min: 18319.5, Avg: 18319.5, Max: 18319.6, Diff: 0.2]
   [Code Root Fixup: 0.0 ms]
   [Code Root Purge: 0.0 ms]
   [Clear CT: 0.7 ms]
   [Other: 2.3 ms]
      [Choose CSet: 0.0 ms]
      [Ref Proc: 0.6 ms]
      [Ref Enq: 0.0 ms]
      [Redirty Cards: 1.0 ms]
      [Humongous Register: 0.1 ms]
      [Humongous Reclaim: 0.2 ms]
      [Free CSet: 0.2 ms]
   [Eden: 428.0M(428.0M)->0.0B(334.0M) Survivors: 13312.0K->57344.0K Heap: 1062.8M(2048.0M)->632.2M(2048.0M)]
 [Times: user=0.14 sys=0.01, real=0.02 secs] 
2021-01-22T00:58:45.337+0800: 18.373: [GC pause (G1 Evacuation Pause) (young), 0.0217391 secs]
   [Parallel Time: 18.9 ms, GC Workers: 8]
      [GC Worker Start (ms): Min: 18373.3, Avg: 18373.5, Max: 18373.6, Diff: 0.3]
      [Ext Root Scanning (ms): Min: 0.0, Avg: 0.1, Max: 0.2, Diff: 0.2, Sum: 0.5]
      [Update RS (ms): Min: 5.8, Avg: 5.9, Max: 5.9, Diff: 0.1, Sum: 46.9]
         [Processed Buffers: Min: 59, Avg: 83.9, Max: 91, Diff: 32, Sum: 671]
      [Scan RS (ms): Min: 0.0, Avg: 0.0, Max: 0.1, Diff: 0.0, Sum: 0.4]
      [Code Root Scanning (ms): Min: 0.0, Avg: 0.0, Max: 0.0, Diff: 0.0, Sum: 0.0]
      [Object Copy (ms): Min: 11.7, Avg: 11.8, Max: 12.2, Diff: 0.5, Sum: 94.5]
      [Termination (ms): Min: 0.0, Avg: 0.4, Max: 0.6, Diff: 0.6, Sum: 3.6]
         [Termination Attempts: Min: 1, Avg: 1.0, Max: 1, Diff: 0, Sum: 8]
      [GC Worker Other (ms): Min: 0.0, Avg: 0.0, Max: 0.0, Diff: 0.0, Sum: 0.1]
      [GC Worker Total (ms): Min: 18.1, Avg: 18.2, Max: 18.4, Diff: 0.3, Sum: 146.0]
      [GC Worker End (ms): Min: 18391.7, Avg: 18391.7, Max: 18391.8, Diff: 0.0]
   [Code Root Fixup: 0.0 ms]
   [Code Root Purge: 0.0 ms]
   [Clear CT: 0.6 ms]
   [Other: 2.2 ms]
      [Choose CSet: 0.0 ms]
      [Ref Proc: 0.7 ms]
      [Ref Enq: 0.0 ms]
      [Redirty Cards: 0.6 ms]
      [Humongous Register: 0.1 ms]
      [Humongous Reclaim: 0.2 ms]
      [Free CSet: 0.4 ms]
   [Eden: 334.0M(334.0M)->0.0B(524.0M) Survivors: 57344.0K->50176.0K Heap: 1048.8M(2048.0M)->703.4M(2048.0M)]
 [Times: user=0.14 sys=0.01, real=0.03 secs] 
2021-01-22T00:58:45.430+0800: 18.466: [GC pause (G1 Humongous Allocation) (young) (initial-mark), 0.0268967 secs]
   [Parallel Time: 23.6 ms, GC Workers: 8]
      [GC Worker Start (ms): Min: 18466.4, Avg: 18466.6, Max: 18466.7, Diff: 0.3]
      [Ext Root Scanning (ms): Min: 0.0, Avg: 2.1, Max: 7.4, Diff: 7.4, Sum: 16.8]
      [Update RS (ms): Min: 2.3, Avg: 7.8, Max: 9.7, Diff: 7.4, Sum: 62.2]
         [Processed Buffers: Min: 36, Avg: 128.8, Max: 189, Diff: 153, Sum: 1030]
      [Scan RS (ms): Min: 0.0, Avg: 0.1, Max: 0.5, Diff: 0.5, Sum: 1.0]
      [Code Root Scanning (ms): Min: 0.0, Avg: 0.0, Max: 0.0, Diff: 0.0, Sum: 0.0]
      [Object Copy (ms): Min: 12.2, Avg: 12.6, Max: 12.7, Diff: 0.4, Sum: 100.5]
      [Termination (ms): Min: 0.0, Avg: 0.0, Max: 0.1, Diff: 0.1, Sum: 0.3]
         [Termination Attempts: Min: 1, Avg: 1.0, Max: 1, Diff: 0, Sum: 8]
      [GC Worker Other (ms): Min: 0.0, Avg: 0.1, Max: 0.3, Diff: 0.3, Sum: 0.7]
      [GC Worker Total (ms): Min: 22.4, Avg: 22.7, Max: 23.0, Diff: 0.6, Sum: 181.5]
      [GC Worker End (ms): Min: 18489.2, Avg: 18489.3, Max: 18489.4, Diff: 0.3]
   [Code Root Fixup: 0.0 ms]
   [Code Root Purge: 0.0 ms]
   [Clear CT: 0.9 ms]
   [Other: 2.4 ms]
      [Choose CSet: 0.0 ms]
      [Ref Proc: 0.8 ms]
      [Ref Enq: 0.0 ms]
      [Redirty Cards: 0.9 ms]
      [Humongous Register: 0.1 ms]
      [Humongous Reclaim: 0.2 ms]
      [Free CSet: 0.2 ms]
   [Eden: 480.0M(524.0M)->0.0B(283.0M) Survivors: 50176.0K->73728.0K Heap: 1310.5M(2048.0M)->790.0M(2048.0M)]
 [Times: user=0.17 sys=0.00, real=0.02 secs] 
2021-01-22T00:58:45.458+0800: 18.494: [GC concurrent-root-region-scan-start]
2021-01-22T00:58:45.458+0800: 18.494: [GC concurrent-root-region-scan-end, 0.0002570 secs]
2021-01-22T00:58:45.458+0800: 18.494: [GC concurrent-mark-start]
2021-01-22T00:58:45.461+0800: 18.497: [GC concurrent-mark-end, 0.0029192 secs]
2021-01-22T00:58:45.462+0800: 18.497: [GC remark 2021-01-22T00:58:45.462+0800: 18.498: [Finalize Marking, 0.0011167 secs] 2021-01-22T00:58:45.463+0800: 18.499: [GC ref-proc, 0.0006044 secs] 2021-01-22T00:58:45.464+0800: 18.500: [Unloading, 0.0009073 secs], 0.0048593 secs]
 [Times: user=0.01 sys=0.00, real=0.00 secs] 
2021-01-22T00:58:45.467+0800: 18.503: [GC cleanup 817M->678M(2048M), 0.0034500 secs]
 [Times: user=0.01 sys=0.00, real=0.01 secs] 
2021-01-22T00:58:45.471+0800: 18.507: [GC concurrent-cleanup-start]
2021-01-22T00:58:45.471+0800: 18.507: [GC concurrent-cleanup-end, 0.0000915 secs]
2021-01-22T00:58:45.507+0800: 18.543: [GC pause (G1 Evacuation Pause) (young), 0.0205404 secs]
   [Parallel Time: 17.5 ms, GC Workers: 8]
      [GC Worker Start (ms): Min: 18543.1, Avg: 18543.3, Max: 18543.5, Diff: 0.3]
      [Ext Root Scanning (ms): Min: 0.0, Avg: 0.1, Max: 0.2, Diff: 0.2, Sum: 0.6]
      [Update RS (ms): Min: 5.0, Avg: 5.1, Max: 5.1, Diff: 0.1, Sum: 40.4]
         [Processed Buffers: Min: 59, Avg: 75.0, Max: 79, Diff: 20, Sum: 600]
      [Scan RS (ms): Min: 0.0, Avg: 0.0, Max: 0.1, Diff: 0.0, Sum: 0.3]
      [Code Root Scanning (ms): Min: 0.0, Avg: 0.0, Max: 0.0, Diff: 0.0, Sum: 0.0]
      [Object Copy (ms): Min: 11.2, Avg: 11.3, Max: 11.3, Diff: 0.1, Sum: 90.2]
      [Termination (ms): Min: 0.0, Avg: 0.1, Max: 0.1, Diff: 0.1, Sum: 0.6]
         [Termination Attempts: Min: 1, Avg: 1.0, Max: 1, Diff: 0, Sum: 8]
      [GC Worker Other (ms): Min: 0.0, Avg: 0.0, Max: 0.0, Diff: 0.0, Sum: 0.1]
      [GC Worker Total (ms): Min: 16.4, Avg: 16.5, Max: 16.7, Diff: 0.3, Sum: 132.2]
      [GC Worker End (ms): Min: 18559.8, Avg: 18559.8, Max: 18559.9, Diff: 0.1]
   [Code Root Fixup: 0.0 ms]
   [Code Root Purge: 0.0 ms]
   [Clear CT: 0.8 ms]
   [Other: 2.3 ms]
      [Choose CSet: 0.0 ms]
      [Ref Proc: 0.9 ms]
      [Ref Enq: 0.0 ms]
      [Redirty Cards: 0.8 ms]
      [Humongous Register: 0.1 ms]
      [Humongous Reclaim: 0.1 ms]
      [Free CSet: 0.2 ms]
   [Eden: 283.0M(283.0M)->0.0B(58368.0K) Survivors: 73728.0K->46080.0K Heap: 1007.7M(2048.0M)->719.4M(2048.0M)]
 [Times: user=0.14 sys=0.00, real=0.02 secs] 
2021-01-22T00:58:45.536+0800: 18.572: [GC pause (G1 Evacuation Pause) (mixed), 0.0125005 secs]
   [Parallel Time: 8.8 ms, GC Workers: 8]
      [GC Worker Start (ms): Min: 18572.3, Avg: 18572.5, Max: 18572.6, Diff: 0.3]
      [Ext Root Scanning (ms): Min: 0.0, Avg: 0.1, Max: 0.2, Diff: 0.2, Sum: 0.6]
      [Update RS (ms): Min: 1.0, Avg: 1.0, Max: 1.0, Diff: 0.1, Sum: 8.1]
         [Processed Buffers: Min: 14, Avg: 15.8, Max: 17, Diff: 3, Sum: 126]
      [Scan RS (ms): Min: 0.0, Avg: 0.1, Max: 0.2, Diff: 0.1, Sum: 0.6]
      [Code Root Scanning (ms): Min: 0.0, Avg: 0.0, Max: 0.0, Diff: 0.0, Sum: 0.0]
      [Object Copy (ms): Min: 6.7, Avg: 6.9, Max: 7.2, Diff: 0.5, Sum: 55.1]
      [Termination (ms): Min: 0.0, Avg: 0.3, Max: 0.4, Diff: 0.4, Sum: 2.7]
         [Termination Attempts: Min: 1, Avg: 1.4, Max: 2, Diff: 1, Sum: 11]
      [GC Worker Other (ms): Min: 0.0, Avg: 0.0, Max: 0.0, Diff: 0.0, Sum: 0.1]
      [GC Worker Total (ms): Min: 8.2, Avg: 8.4, Max: 8.6, Diff: 0.3, Sum: 67.2]
      [GC Worker End (ms): Min: 18580.9, Avg: 18580.9, Max: 18580.9, Diff: 0.0]
   [Code Root Fixup: 0.0 ms]
   [Code Root Purge: 0.0 ms]
   [Clear CT: 1.0 ms]
   [Other: 2.7 ms]
      [Choose CSet: 0.1 ms]
      [Ref Proc: 1.1 ms]
      [Ref Enq: 0.0 ms]
      [Redirty Cards: 1.0 ms]
      [Humongous Register: 0.1 ms]
      [Humongous Reclaim: 0.1 ms]
      [Free CSet: 0.2 ms]
   [Eden: 58368.0K(58368.0K)->0.0B(974.0M) Survivors: 46080.0K->13312.0K Heap: 790.9M(2048.0M)->554.2M(2048.0M)]
 [Times: user=0.07 sys=0.01, real=0.02 secs] 
2021-01-22T00:58:45.660+0800: 18.696: [GC pause (G1 Humongous Allocation) (young) (initial-mark), 0.0363895 secs]
   [Parallel Time: 31.9 ms, GC Workers: 8]
      [GC Worker Start (ms): Min: 18696.2, Avg: 18696.5, Max: 18696.7, Diff: 0.4]
      [Ext Root Scanning (ms): Min: 0.0, Avg: 0.4, Max: 0.7, Diff: 0.7, Sum: 3.5]
      [Update RS (ms): Min: 13.8, Avg: 14.0, Max: 14.1, Diff: 0.3, Sum: 111.6]
         [Processed Buffers: Min: 195, Avg: 206.9, Max: 216, Diff: 21, Sum: 1655]
      [Scan RS (ms): Min: 0.1, Avg: 0.1, Max: 0.2, Diff: 0.1, Sum: 0.9]
      [Code Root Scanning (ms): Min: 0.0, Avg: 0.0, Max: 0.0, Diff: 0.0, Sum: 0.0]
      [Object Copy (ms): Min: 15.0, Avg: 15.2, Max: 16.3, Diff: 1.3, Sum: 121.3]
      [Termination (ms): Min: 0.0, Avg: 1.1, Max: 1.3, Diff: 1.3, Sum: 9.1]
         [Termination Attempts: Min: 1, Avg: 1.0, Max: 1, Diff: 0, Sum: 8]
      [GC Worker Other (ms): Min: 0.0, Avg: 0.1, Max: 0.2, Diff: 0.2, Sum: 0.6]
      [GC Worker Total (ms): Min: 30.7, Avg: 30.9, Max: 31.1, Diff: 0.5, Sum: 247.0]
      [GC Worker End (ms): Min: 18727.3, Avg: 18727.4, Max: 18727.5, Diff: 0.2]
   [Code Root Fixup: 0.0 ms]
   [Code Root Purge: 0.0 ms]
   [Clear CT: 1.2 ms]
   [Other: 3.3 ms]
      [Choose CSet: 0.0 ms]
      [Ref Proc: 0.6 ms]
      [Ref Enq: 0.0 ms]
      [Redirty Cards: 1.5 ms]
      [Humongous Register: 0.2 ms]
      [Humongous Reclaim: 0.3 ms]
      [Free CSet: 0.6 ms]
   [Eden: 769.0M(974.0M)->0.0B(841.0M) Survivors: 13312.0K->124.0M Heap: 1528.8M(2048.0M)->728.5M(2048.0M)]
 [Times: user=0.25 sys=0.00, real=0.03 secs] 
2021-01-22T00:58:45.697+0800: 18.733: [GC concurrent-root-region-scan-start]
2021-01-22T00:58:45.698+0800: 18.733: [GC concurrent-root-region-scan-end, 0.0002929 secs]
2021-01-22T00:58:45.698+0800: 18.733: [GC concurrent-mark-start]
2021-01-22T00:58:45.700+0800: 18.736: [GC concurrent-mark-end, 0.0026570 secs]
2021-01-22T00:58:45.700+0800: 18.736: [GC remark 2021-01-22T00:58:45.701+0800: 18.737: [Finalize Marking, 0.0010943 secs] 2021-01-22T00:58:45.703+0800: 18.738: [GC ref-proc, 0.0006143 secs] 2021-01-22T00:58:45.703+0800: 18.739: [Unloading, 0.0014884 secs], 0.0061676 secs]
 [Times: user=0.01 sys=0.00, real=0.00 secs] 
2021-01-22T00:58:45.708+0800: 18.744: [GC cleanup 749M->636M(2048M), 0.0043652 secs]
 [Times: user=0.01 sys=0.00, real=0.01 secs] 
2021-01-22T00:58:45.713+0800: 18.749: [GC concurrent-cleanup-start]
2021-01-22T00:58:45.713+0800: 18.749: [GC concurrent-cleanup-end, 0.0001185 secs]
2021-01-22T00:58:45.834+0800: 18.870: [GC pause (G1 Evacuation Pause) (young) (to-space exhausted), 0.0370808 secs]
   [Parallel Time: 31.7 ms, GC Workers: 8]
      [GC Worker Start (ms): Min: 18869.9, Avg: 18870.1, Max: 18870.2, Diff: 0.4]
      [Ext Root Scanning (ms): Min: 0.0, Avg: 0.1, Max: 0.2, Diff: 0.2, Sum: 0.5]
      [Update RS (ms): Min: 14.4, Avg: 14.5, Max: 14.5, Diff: 0.2, Sum: 115.7]
         [Processed Buffers: Min: 203, Avg: 215.5, Max: 222, Diff: 19, Sum: 1724]
      [Scan RS (ms): Min: 0.1, Avg: 0.2, Max: 0.2, Diff: 0.0, Sum: 1.3]
      [Code Root Scanning (ms): Min: 0.0, Avg: 0.0, Max: 0.0, Diff: 0.0, Sum: 0.0]
      [Object Copy (ms): Min: 15.7, Avg: 15.8, Max: 16.0, Diff: 0.2, Sum: 126.7]
      [Termination (ms): Min: 0.0, Avg: 0.1, Max: 0.3, Diff: 0.3, Sum: 0.9]
         [Termination Attempts: Min: 1, Avg: 1.0, Max: 1, Diff: 0, Sum: 8]
      [GC Worker Other (ms): Min: 0.0, Avg: 0.0, Max: 0.1, Diff: 0.1, Sum: 0.2]
      [GC Worker Total (ms): Min: 30.5, Avg: 30.7, Max: 30.9, Diff: 0.4, Sum: 245.4]
      [GC Worker End (ms): Min: 18900.7, Avg: 18900.8, Max: 18900.9, Diff: 0.1]
   [Code Root Fixup: 0.0 ms]
   [Code Root Purge: 0.0 ms]
   [Clear CT: 1.1 ms]
   [Other: 4.3 ms]
      [Evacuation Failure: 1.2 ms]
      [Choose CSet: 0.0 ms]
      [Ref Proc: 1.0 ms]
      [Ref Enq: 0.0 ms]
      [Redirty Cards: 1.2 ms]
      [Humongous Register: 0.2 ms]
      [Humongous Reclaim: 0.3 ms]
      [Free CSet: 0.3 ms]
   [Eden: 841.0M(841.0M)->0.0B(7168.0K) Survivors: 124.0M->121.0M Heap: 1670.7M(2048.0M)->892.8M(2048.0M)]
 [Times: user=0.24 sys=0.01, real=0.04 secs] 
2021-01-22T00:58:45.873+0800: 18.909: [GC pause (G1 Evacuation Pause) (mixed), 0.0155074 secs]
   [Parallel Time: 11.9 ms, GC Workers: 8]
      [GC Worker Start (ms): Min: 18909.0, Avg: 18909.3, Max: 18909.5, Diff: 0.4]
      [Ext Root Scanning (ms): Min: 0.0, Avg: 0.1, Max: 0.3, Diff: 0.3, Sum: 0.7]
      [Update RS (ms): Min: 0.0, Avg: 0.1, Max: 0.3, Diff: 0.3, Sum: 0.9]
         [Processed Buffers: Min: 0, Avg: 2.0, Max: 4, Diff: 4, Sum: 16]
      [Scan RS (ms): Min: 0.0, Avg: 0.1, Max: 0.1, Diff: 0.1, Sum: 0.7]
      [Code Root Scanning (ms): Min: 0.0, Avg: 0.0, Max: 0.0, Diff: 0.0, Sum: 0.0]
      [Object Copy (ms): Min: 10.9, Avg: 11.0, Max: 11.0, Diff: 0.2, Sum: 87.9]
      [Termination (ms): Min: 0.0, Avg: 0.0, Max: 0.1, Diff: 0.1, Sum: 0.3]
         [Termination Attempts: Min: 1, Avg: 1.0, Max: 1, Diff: 0, Sum: 8]
      [GC Worker Other (ms): Min: 0.0, Avg: 0.0, Max: 0.0, Diff: 0.0, Sum: 0.1]
      [GC Worker Total (ms): Min: 11.1, Avg: 11.3, Max: 11.6, Diff: 0.4, Sum: 90.6]
      [GC Worker End (ms): Min: 18920.6, Avg: 18920.6, Max: 18920.6, Diff: 0.0]
   [Code Root Fixup: 0.0 ms]
   [Code Root Purge: 0.0 ms]
   [Clear CT: 1.0 ms]
   [Other: 2.6 ms]
      [Choose CSet: 0.1 ms]
      [Ref Proc: 0.9 ms]
      [Ref Enq: 0.0 ms]
      [Redirty Cards: 1.1 ms]
      [Humongous Register: 0.1 ms]
      [Humongous Reclaim: 0.0 ms]
      [Free CSet: 0.3 ms]
   [Eden: 7168.0K(7168.0K)->0.0B(823.0M) Survivors: 121.0M->3072.0K Heap: 899.8M(2048.0M)->760.5M(2048.0M)]
 [Times: user=0.10 sys=0.00, real=0.02 secs] 
2021-01-22T00:58:45.928+0800: 18.964: [GC pause (G1 Humongous Allocation) (young) (initial-mark), 0.0161749 secs]
   [Parallel Time: 12.3 ms, GC Workers: 8]
      [GC Worker Start (ms): Min: 18964.6, Avg: 18964.8, Max: 18965.0, Diff: 0.4]
      [Ext Root Scanning (ms): Min: 0.0, Avg: 0.4, Max: 0.7, Diff: 0.6, Sum: 3.4]
      [Update RS (ms): Min: 4.2, Avg: 4.3, Max: 4.5, Diff: 0.3, Sum: 34.2]
         [Processed Buffers: Min: 63, Avg: 65.2, Max: 68, Diff: 5, Sum: 522]
      [Scan RS (ms): Min: 0.0, Avg: 0.0, Max: 0.0, Diff: 0.0, Sum: 0.2]
      [Code Root Scanning (ms): Min: 0.0, Avg: 0.0, Max: 0.0, Diff: 0.0, Sum: 0.0]
      [Object Copy (ms): Min: 6.6, Avg: 6.7, Max: 6.8, Diff: 0.2, Sum: 53.5]
      [Termination (ms): Min: 0.0, Avg: 0.1, Max: 0.2, Diff: 0.2, Sum: 1.1]
         [Termination Attempts: Min: 1, Avg: 1.0, Max: 1, Diff: 0, Sum: 8]
      [GC Worker Other (ms): Min: 0.0, Avg: 0.0, Max: 0.0, Diff: 0.0, Sum: 0.1]
      [GC Worker Total (ms): Min: 11.4, Avg: 11.6, Max: 11.8, Diff: 0.4, Sum: 92.5]
      [GC Worker End (ms): Min: 18976.3, Avg: 18976.3, Max: 18976.4, Diff: 0.0]
   [Code Root Fixup: 0.0 ms]
   [Code Root Purge: 0.0 ms]
   [Clear CT: 1.1 ms]
   [Other: 2.7 ms]
      [Choose CSet: 0.0 ms]
      [Ref Proc: 0.9 ms]
      [Ref Enq: 0.0 ms]
      [Redirty Cards: 1.0 ms]
      [Humongous Register: 0.2 ms]
      [Humongous Reclaim: 0.1 ms]
      [Free CSet: 0.1 ms]
   [Eden: 267.0M(823.0M)->0.0B(749.0M) Survivors: 3072.0K->82944.0K Heap: 1091.3M(2048.0M)->843.7M(2048.0M)]
 [Times: user=0.08 sys=0.01, real=0.01 secs] 
2021-01-22T00:58:45.945+0800: 18.981: [GC concurrent-root-region-scan-start]
2021-01-22T00:58:45.945+0800: 18.981: [GC concurrent-root-region-scan-end, 0.0002272 secs]
2021-01-22T00:58:45.945+0800: 18.981: [GC concurrent-mark-start]
2021-01-22T00:58:45.949+0800: 18.984: [GC concurrent-mark-end, 0.0030317 secs]
2021-01-22T00:58:45.949+0800: 18.985: [GC remark 2021-01-22T00:58:45.949+0800: 18.985: [Finalize Marking, 0.0012215 secs] 2021-01-22T00:58:45.951+0800: 18.987: [GC ref-proc, 0.0005016 secs] 2021-01-22T00:58:45.952+0800: 18.988: [Unloading, 0.0017305 secs], 0.0059556 secs]
 [Times: user=0.01 sys=0.00, real=0.00 secs] 
2021-01-22T00:58:45.956+0800: 18.992: [GC cleanup 881M->741M(2048M), 0.0036561 secs]
 [Times: user=0.00 sys=0.01, real=0.01 secs] 
2021-01-22T00:58:45.960+0800: 18.996: [GC concurrent-cleanup-start]
2021-01-22T00:58:45.960+0800: 18.996: [GC concurrent-cleanup-end, 0.0000954 secs]
2021-01-22T00:58:46.061+0800: 19.097: [GC pause (G1 Evacuation Pause) (young) (to-space exhausted), 0.0406332 secs]
   [Parallel Time: 35.5 ms, GC Workers: 8]
      [GC Worker Start (ms): Min: 19097.4, Avg: 19097.6, Max: 19097.8, Diff: 0.4]
      [Ext Root Scanning (ms): Min: 0.0, Avg: 0.1, Max: 0.2, Diff: 0.2, Sum: 0.5]
      [Update RS (ms): Min: 14.6, Avg: 14.7, Max: 14.8, Diff: 0.2, Sum: 117.9]
         [Processed Buffers: Min: 168, Avg: 205.8, Max: 224, Diff: 56, Sum: 1646]
      [Scan RS (ms): Min: 0.1, Avg: 0.1, Max: 0.2, Diff: 0.1, Sum: 0.9]
      [Code Root Scanning (ms): Min: 0.0, Avg: 0.0, Max: 0.0, Diff: 0.0, Sum: 0.0]
      [Object Copy (ms): Min: 18.6, Avg: 18.8, Max: 19.9, Diff: 1.3, Sum: 150.4]
      [Termination (ms): Min: 0.0, Avg: 1.1, Max: 1.3, Diff: 1.3, Sum: 8.7]
         [Termination Attempts: Min: 1, Avg: 1.0, Max: 1, Diff: 0, Sum: 8]
      [GC Worker Other (ms): Min: 0.0, Avg: 0.0, Max: 0.0, Diff: 0.0, Sum: 0.1]
      [GC Worker Total (ms): Min: 34.7, Avg: 34.8, Max: 35.0, Diff: 0.4, Sum: 278.6]
      [GC Worker End (ms): Min: 19132.4, Avg: 19132.4, Max: 19132.5, Diff: 0.0]
   [Code Root Fixup: 0.0 ms]
   [Code Root Purge: 0.0 ms]
   [Clear CT: 1.0 ms]
   [Other: 4.1 ms]
      [Evacuation Failure: 1.1 ms]
      [Choose CSet: 0.0 ms]
      [Ref Proc: 1.0 ms]
      [Ref Enq: 0.0 ms]
      [Redirty Cards: 1.1 ms]
      [Humongous Register: 0.2 ms]
      [Humongous Reclaim: 0.3 ms]
      [Free CSet: 0.4 ms]
   [Eden: 749.0M(749.0M)->0.0B(7168.0K) Survivors: 82944.0K->104.0M Heap: 1657.2M(2048.0M)->847.7M(2048.0M)]
 [Times: user=0.29 sys=0.00, real=0.04 secs] 
2021-01-22T00:58:46.104+0800: 19.140: [GC pause (G1 Evacuation Pause) (mixed), 0.0166508 secs]
   [Parallel Time: 12.7 ms, GC Workers: 8]
      [GC Worker Start (ms): Min: 19140.3, Avg: 19140.9, Max: 19143.8, Diff: 3.5]
      [Ext Root Scanning (ms): Min: 0.0, Avg: 0.1, Max: 0.2, Diff: 0.2, Sum: 0.5]
      [Update RS (ms): Min: 0.0, Avg: 0.2, Max: 0.3, Diff: 0.3, Sum: 1.7]
         [Processed Buffers: Min: 0, Avg: 3.9, Max: 7, Diff: 7, Sum: 31]
      [Scan RS (ms): Min: 0.0, Avg: 0.1, Max: 0.2, Diff: 0.2, Sum: 0.7]
      [Code Root Scanning (ms): Min: 0.0, Avg: 0.0, Max: 0.0, Diff: 0.0, Sum: 0.0]
      [Object Copy (ms): Min: 7.8, Avg: 10.7, Max: 11.3, Diff: 3.5, Sum: 85.6]
      [Termination (ms): Min: 0.0, Avg: 0.3, Max: 0.4, Diff: 0.4, Sum: 2.1]
         [Termination Attempts: Min: 1, Avg: 1.1, Max: 2, Diff: 1, Sum: 9]
      [GC Worker Other (ms): Min: 0.0, Avg: 0.0, Max: 0.0, Diff: 0.0, Sum: 0.1]
      [GC Worker Total (ms): Min: 8.4, Avg: 11.3, Max: 11.9, Diff: 3.5, Sum: 90.8]
      [GC Worker End (ms): Min: 19152.2, Avg: 19152.2, Max: 19152.3, Diff: 0.1]
   [Code Root Fixup: 0.0 ms]
   [Code Root Purge: 0.0 ms]
   [Clear CT: 1.5 ms]
   [Other: 2.4 ms]
      [Choose CSet: 0.1 ms]
      [Ref Proc: 0.6 ms]
      [Ref Enq: 0.0 ms]
      [Redirty Cards: 1.2 ms]
      [Humongous Register: 0.2 ms]
      [Humongous Reclaim: 0.1 ms]
      [Free CSet: 0.3 ms]
   [Eden: 7168.0K(7168.0K)->0.0B(100.0M) Survivors: 104.0M->2048.0K Heap: 856.7M(2048.0M)->656.3M(2048.0M)]
 [Times: user=0.09 sys=0.01, real=0.02 secs] 
2021-01-22T00:58:46.138+0800: 19.174: [GC pause (G1 Evacuation Pause) (mixed), 0.0091171 secs]
   [Parallel Time: 5.2 ms, GC Workers: 8]
      [GC Worker Start (ms): Min: 19173.9, Avg: 19174.2, Max: 19174.4, Diff: 0.5]
      [Ext Root Scanning (ms): Min: 0.0, Avg: 0.1, Max: 0.4, Diff: 0.4, Sum: 0.9]
      [Update RS (ms): Min: 1.4, Avg: 1.4, Max: 1.5, Diff: 0.1, Sum: 11.5]
         [Processed Buffers: Min: 20, Avg: 21.4, Max: 23, Diff: 3, Sum: 171]
      [Scan RS (ms): Min: 0.0, Avg: 0.0, Max: 0.1, Diff: 0.1, Sum: 0.3]
      [Code Root Scanning (ms): Min: 0.0, Avg: 0.0, Max: 0.0, Diff: 0.0, Sum: 0.0]
      [Object Copy (ms): Min: 2.9, Avg: 3.0, Max: 3.1, Diff: 0.2, Sum: 24.3]
      [Termination (ms): Min: 0.0, Avg: 0.0, Max: 0.1, Diff: 0.1, Sum: 0.2]
         [Termination Attempts: Min: 1, Avg: 1.1, Max: 2, Diff: 1, Sum: 9]
      [GC Worker Other (ms): Min: 0.0, Avg: 0.0, Max: 0.0, Diff: 0.0, Sum: 0.1]
      [GC Worker Total (ms): Min: 4.5, Avg: 4.7, Max: 5.0, Diff: 0.5, Sum: 37.3]
      [GC Worker End (ms): Min: 19178.9, Avg: 19178.9, Max: 19178.9, Diff: 0.0]
   [Code Root Fixup: 0.0 ms]
   [Code Root Purge: 0.0 ms]
   [Clear CT: 1.4 ms]
   [Other: 2.5 ms]
      [Choose CSet: 0.0 ms]
      [Ref Proc: 0.6 ms]
      [Ref Enq: 0.0 ms]
      [Redirty Cards: 1.3 ms]
      [Humongous Register: 0.1 ms]
      [Humongous Reclaim: 0.1 ms]
      [Free CSet: 0.1 ms]
   [Eden: 100.0M(100.0M)->0.0B(923.0M) Survivors: 2048.0K->13312.0K Heap: 776.4M(2048.0M)->645.9M(2048.0M)]
 [Times: user=0.03 sys=0.01, real=0.01 secs] 
2021-01-22T00:58:46.223+0800: 19.259: [GC pause (G1 Humongous Allocation) (young) (initial-mark), 0.0244335 secs]
   [Parallel Time: 21.6 ms, GC Workers: 8]
      [GC Worker Start (ms): Min: 19259.4, Avg: 19259.6, Max: 19259.8, Diff: 0.4]
      [Ext Root Scanning (ms): Min: 0.0, Avg: 0.3, Max: 0.5, Diff: 0.5, Sum: 2.6]
      [Update RS (ms): Min: 10.1, Avg: 10.2, Max: 10.4, Diff: 0.2, Sum: 81.9]
         [Processed Buffers: Min: 124, Avg: 149.0, Max: 161, Diff: 37, Sum: 1192]
      [Scan RS (ms): Min: 0.0, Avg: 0.1, Max: 0.1, Diff: 0.0, Sum: 0.5]
      [Code Root Scanning (ms): Min: 0.0, Avg: 0.0, Max: 0.0, Diff: 0.0, Sum: 0.0]
      [Object Copy (ms): Min: 10.4, Avg: 10.5, Max: 10.5, Diff: 0.1, Sum: 83.8]
      [Termination (ms): Min: 0.0, Avg: 0.0, Max: 0.1, Diff: 0.1, Sum: 0.3]
         [Termination Attempts: Min: 1, Avg: 1.4, Max: 2, Diff: 1, Sum: 11]
      [GC Worker Other (ms): Min: 0.0, Avg: 0.0, Max: 0.1, Diff: 0.1, Sum: 0.3]
      [GC Worker Total (ms): Min: 21.0, Avg: 21.2, Max: 21.4, Diff: 0.4, Sum: 169.4]
      [GC Worker End (ms): Min: 19280.8, Avg: 19280.8, Max: 19280.9, Diff: 0.1]
   [Code Root Fixup: 0.0 ms]
   [Code Root Purge: 0.0 ms]
   [Clear CT: 0.7 ms]
   [Other: 2.1 ms]
      [Choose CSet: 0.0 ms]
      [Ref Proc: 0.4 ms]
      [Ref Enq: 0.0 ms]
      [Redirty Cards: 0.7 ms]
      [Humongous Register: 0.3 ms]
      [Humongous Reclaim: 0.2 ms]
      [Free CSet: 0.2 ms]
   [Eden: 504.0M(923.0M)->0.0B(818.0M) Survivors: 13312.0K->117.0M Heap: 1297.5M(2048.0M)->771.7M(2048.0M)]
 [Times: user=0.17 sys=0.00, real=0.02 secs] 
2021-01-22T00:58:46.248+0800: 19.284: [GC concurrent-root-region-scan-start]
2021-01-22T00:58:46.248+0800: 19.284: [GC concurrent-root-region-scan-end, 0.0002594 secs]
2021-01-22T00:58:46.248+0800: 19.284: [GC concurrent-mark-start]
2021-01-22T00:58:46.251+0800: 19.287: [GC concurrent-mark-end, 0.0023944 secs]
2021-01-22T00:58:46.251+0800: 19.287: [GC remark 2021-01-22T00:58:46.251+0800: 19.287: [Finalize Marking, 0.0010318 secs] 2021-01-22T00:58:46.253+0800: 19.289: [GC ref-proc, 0.0005383 secs] 2021-01-22T00:58:46.254+0800: 19.289: [Unloading, 0.0010418 secs], 0.0050405 secs]
 [Times: user=0.01 sys=0.00, real=0.00 secs] 
2021-01-22T00:58:46.257+0800: 19.293: [GC cleanup 801M->685M(2048M), 0.0031728 secs]
 [Times: user=0.01 sys=0.00, real=0.01 secs] 
2021-01-22T00:58:46.260+0800: 19.296: [GC concurrent-cleanup-start]
2021-01-22T00:58:46.261+0800: 19.296: [GC concurrent-cleanup-end, 0.0000652 secs]
2021-01-22T00:58:46.377+0800: 19.413: [GC pause (G1 Evacuation Pause) (young) (to-space exhausted), 0.0342080 secs]
   [Parallel Time: 29.6 ms, GC Workers: 8]
      [GC Worker Start (ms): Min: 19413.2, Avg: 19413.3, Max: 19413.5, Diff: 0.3]
      [Ext Root Scanning (ms): Min: 0.0, Avg: 0.1, Max: 0.2, Diff: 0.2, Sum: 0.5]
      [Update RS (ms): Min: 15.1, Avg: 15.2, Max: 15.2, Diff: 0.1, Sum: 121.4]
         [Processed Buffers: Min: 215, Avg: 227.1, Max: 240, Diff: 25, Sum: 1817]
      [Scan RS (ms): Min: 0.1, Avg: 0.1, Max: 0.2, Diff: 0.0, Sum: 1.1]
      [Code Root Scanning (ms): Min: 0.0, Avg: 0.0, Max: 0.0, Diff: 0.0, Sum: 0.0]
      [Object Copy (ms): Min: 13.2, Avg: 13.3, Max: 13.4, Diff: 0.2, Sum: 106.6]
      [Termination (ms): Min: 0.0, Avg: 0.1, Max: 0.2, Diff: 0.2, Sum: 0.9]
         [Termination Attempts: Min: 1, Avg: 1.2, Max: 2, Diff: 1, Sum: 10]
      [GC Worker Other (ms): Min: 0.0, Avg: 0.1, Max: 0.1, Diff: 0.1, Sum: 0.4]
      [GC Worker Total (ms): Min: 28.7, Avg: 28.9, Max: 29.1, Diff: 0.4, Sum: 231.0]
      [GC Worker End (ms): Min: 19442.2, Avg: 19442.2, Max: 19442.3, Diff: 0.1]
   [Code Root Fixup: 0.0 ms]
   [Code Root Purge: 0.0 ms]
   [Clear CT: 0.8 ms]
   [Other: 3.8 ms]
      [Evacuation Failure: 0.7 ms]
      [Choose CSet: 0.0 ms]
      [Ref Proc: 1.0 ms]
      [Ref Enq: 0.0 ms]
      [Redirty Cards: 1.2 ms]
      [Humongous Register: 0.2 ms]
      [Humongous Reclaim: 0.2 ms]
      [Free CSet: 0.4 ms]
   [Eden: 818.0M(818.0M)->0.0B(7168.0K) Survivors: 117.0M->117.0M Heap: 1699.5M(2048.0M)->1034.8M(2048.0M)]
 [Times: user=0.23 sys=0.01, real=0.04 secs] 
2021-01-22T00:58:46.413+0800: 19.449: [GC pause (G1 Evacuation Pause) (mixed), 0.0149136 secs]
   [Parallel Time: 11.8 ms, GC Workers: 8]
      [GC Worker Start (ms): Min: 19449.0, Avg: 19449.2, Max: 19449.4, Diff: 0.3]
      [Ext Root Scanning (ms): Min: 0.0, Avg: 0.1, Max: 0.2, Diff: 0.2, Sum: 0.5]
      [Update RS (ms): Min: 0.1, Avg: 0.2, Max: 0.2, Diff: 0.1, Sum: 1.4]
         [Processed Buffers: Min: 2, Avg: 3.9, Max: 7, Diff: 5, Sum: 31]
      [Scan RS (ms): Min: 0.0, Avg: 0.1, Max: 0.1, Diff: 0.1, Sum: 0.5]
      [Code Root Scanning (ms): Min: 0.0, Avg: 0.0, Max: 0.0, Diff: 0.0, Sum: 0.0]
      [Object Copy (ms): Min: 10.9, Avg: 10.9, Max: 11.0, Diff: 0.1, Sum: 87.4]
      [Termination (ms): Min: 0.0, Avg: 0.0, Max: 0.1, Diff: 0.1, Sum: 0.3]
         [Termination Attempts: Min: 1, Avg: 1.2, Max: 3, Diff: 2, Sum: 10]
      [GC Worker Other (ms): Min: 0.0, Avg: 0.0, Max: 0.0, Diff: 0.0, Sum: 0.1]
      [GC Worker Total (ms): Min: 11.1, Avg: 11.3, Max: 11.5, Diff: 0.4, Sum: 90.1]
      [GC Worker End (ms): Min: 19460.5, Avg: 19460.5, Max: 19460.5, Diff: 0.0]
   [Code Root Fixup: 0.0 ms]
   [Code Root Purge: 0.0 ms]
   [Clear CT: 0.7 ms]
   [Other: 2.4 ms]
      [Choose CSet: 0.1 ms]
      [Ref Proc: 0.6 ms]
      [Ref Enq: 0.0 ms]
      [Redirty Cards: 1.2 ms]
      [Humongous Register: 0.1 ms]
      [Humongous Reclaim: 0.1 ms]
      [Free CSet: 0.2 ms]
   [Eden: 7168.0K(7168.0K)->0.0B(750.0M) Survivors: 117.0M->3072.0K Heap: 1043.1M(2048.0M)->853.8M(2048.0M)]
 [Times: user=0.10 sys=0.00, real=0.02 secs] 
2021-01-22T00:58:46.430+0800: 19.466: [GC pause (G1 Humongous Allocation) (young) (initial-mark), 0.0040736 secs]
   [Parallel Time: 1.1 ms, GC Workers: 8]
      [GC Worker Start (ms): Min: 19466.4, Avg: 19466.5, Max: 19466.7, Diff: 0.3]
      [Ext Root Scanning (ms): Min: 0.0, Avg: 0.3, Max: 0.5, Diff: 0.4, Sum: 2.6]
      [Update RS (ms): Min: 0.1, Avg: 0.1, Max: 0.3, Diff: 0.2, Sum: 1.1]
         [Processed Buffers: Min: 1, Avg: 2.4, Max: 4, Diff: 3, Sum: 19]
      [Scan RS (ms): Min: 0.0, Avg: 0.0, Max: 0.0, Diff: 0.0, Sum: 0.0]
      [Code Root Scanning (ms): Min: 0.0, Avg: 0.0, Max: 0.0, Diff: 0.0, Sum: 0.0]
      [Object Copy (ms): Min: 0.2, Avg: 0.2, Max: 0.3, Diff: 0.1, Sum: 1.8]
      [Termination (ms): Min: 0.0, Avg: 0.1, Max: 0.1, Diff: 0.1, Sum: 0.4]
         [Termination Attempts: Min: 1, Avg: 1.0, Max: 1, Diff: 0, Sum: 8]
      [GC Worker Other (ms): Min: 0.0, Avg: 0.0, Max: 0.0, Diff: 0.0, Sum: 0.0]
      [GC Worker Total (ms): Min: 0.6, Avg: 0.8, Max: 0.9, Diff: 0.3, Sum: 6.0]
      [GC Worker End (ms): Min: 19467.3, Avg: 19467.3, Max: 19467.3, Diff: 0.0]
   [Code Root Fixup: 0.0 ms]
   [Code Root Purge: 0.0 ms]
   [Clear CT: 1.2 ms]
   [Other: 1.8 ms]
      [Choose CSet: 0.0 ms]
      [Ref Proc: 0.4 ms]
      [Ref Enq: 0.0 ms]
      [Redirty Cards: 0.8 ms]
      [Humongous Register: 0.2 ms]
      [Humongous Reclaim: 0.0 ms]
      [Free CSet: 0.0 ms]
   [Eden: 8192.0K(750.0M)->0.0B(775.0M) Survivors: 3072.0K->4096.0K Heap: 862.5M(2048.0M)->854.9M(2048.0M)]
 [Times: user=0.01 sys=0.00, real=0.00 secs] 
2021-01-22T00:58:46.435+0800: 19.471: [GC concurrent-root-region-scan-start]
2021-01-22T00:58:46.435+0800: 19.471: [GC concurrent-root-region-scan-end, 0.0001696 secs]
2021-01-22T00:58:46.435+0800: 19.471: [GC concurrent-mark-start]
2021-01-22T00:58:46.438+0800: 19.474: [GC concurrent-mark-end, 0.0029932 secs]
2021-01-22T00:58:46.438+0800: 19.474: [GC remark 2021-01-22T00:58:46.439+0800: 19.475: [Finalize Marking, 0.0011835 secs] 2021-01-22T00:58:46.440+0800: 19.476: [GC ref-proc, 0.0005040 secs] 2021-01-22T00:58:46.441+0800: 19.477: [Unloading, 0.0008538 secs], 0.0053804 secs]
 [Times: user=0.01 sys=0.00, real=0.00 secs] 
2021-01-22T00:58:46.445+0800: 19.480: [GC cleanup 883M->817M(2048M), 0.0030729 secs]
 [Times: user=0.01 sys=0.00, real=0.00 secs] 
2021-01-22T00:58:46.448+0800: 19.484: [GC concurrent-cleanup-start]
2021-01-22T00:58:46.448+0800: 19.484: [GC concurrent-cleanup-end, 0.0000413 secs]
2021-01-22T00:58:46.556+0800: 19.592: [GC pause (G1 Evacuation Pause) (young) (to-space exhausted), 0.0291100 secs]
   [Parallel Time: 23.5 ms, GC Workers: 8]
      [GC Worker Start (ms): Min: 19592.6, Avg: 19592.8, Max: 19593.0, Diff: 0.4]
      [Ext Root Scanning (ms): Min: 0.0, Avg: 0.1, Max: 0.2, Diff: 0.2, Sum: 0.6]
      [Update RS (ms): Min: 15.0, Avg: 15.3, Max: 15.8, Diff: 0.8, Sum: 122.1]
         [Processed Buffers: Min: 209, Avg: 223.5, Max: 232, Diff: 23, Sum: 1788]
      [Scan RS (ms): Min: 0.1, Avg: 0.1, Max: 0.1, Diff: 0.0, Sum: 0.9]
      [Code Root Scanning (ms): Min: 0.0, Avg: 0.0, Max: 0.0, Diff: 0.0, Sum: 0.0]
      [Object Copy (ms): Min: 6.4, Avg: 7.0, Max: 7.2, Diff: 0.8, Sum: 56.1]
      [Termination (ms): Min: 0.0, Avg: 0.1, Max: 0.2, Diff: 0.2, Sum: 0.8]
         [Termination Attempts: Min: 1, Avg: 1.0, Max: 1, Diff: 0, Sum: 8]
      [GC Worker Other (ms): Min: 0.0, Avg: 0.0, Max: 0.1, Diff: 0.0, Sum: 0.2]
      [GC Worker Total (ms): Min: 22.4, Avg: 22.6, Max: 22.8, Diff: 0.4, Sum: 180.7]
      [GC Worker End (ms): Min: 19615.4, Avg: 19615.4, Max: 19615.4, Diff: 0.0]
   [Code Root Fixup: 0.0 ms]
   [Code Root Purge: 0.0 ms]
   [Clear CT: 1.2 ms]
   [Other: 4.4 ms]
      [Evacuation Failure: 1.4 ms]
      [Choose CSet: 0.0 ms]
      [Ref Proc: 0.7 ms]
      [Ref Enq: 0.0 ms]
      [Redirty Cards: 1.3 ms]
      [Humongous Register: 0.4 ms]
      [Humongous Reclaim: 0.3 ms]
      [Free CSet: 0.2 ms]
   [Eden: 775.0M(775.0M)->0.0B(27648.0K) Survivors: 4096.0K->76800.0K Heap: 1786.2M(2048.0M)->1283.6M(2048.0M)]
 [Times: user=0.19 sys=0.00, real=0.03 secs] 
2021-01-22T00:58:46.590+0800: 19.626: [GC pause (G1 Evacuation Pause) (mixed), 0.0140415 secs]
   [Parallel Time: 9.7 ms, GC Workers: 8]
      [GC Worker Start (ms): Min: 19626.6, Avg: 19626.7, Max: 19626.9, Diff: 0.4]
      [Ext Root Scanning (ms): Min: 0.0, Avg: 0.1, Max: 0.2, Diff: 0.2, Sum: 0.5]
      [Update RS (ms): Min: 0.5, Avg: 0.7, Max: 0.7, Diff: 0.2, Sum: 5.4]
         [Processed Buffers: Min: 8, Avg: 11.0, Max: 12, Diff: 4, Sum: 88]
      [Scan RS (ms): Min: 0.0, Avg: 0.0, Max: 0.1, Diff: 0.0, Sum: 0.4]
      [Code Root Scanning (ms): Min: 0.0, Avg: 0.0, Max: 0.0, Diff: 0.0, Sum: 0.0]
      [Object Copy (ms): Min: 7.4, Avg: 7.5, Max: 7.8, Diff: 0.4, Sum: 60.4]
      [Termination (ms): Min: 0.0, Avg: 0.3, Max: 0.4, Diff: 0.4, Sum: 2.5]
         [Termination Attempts: Min: 1, Avg: 1.0, Max: 1, Diff: 0, Sum: 8]
      [GC Worker Other (ms): Min: 0.0, Avg: 0.0, Max: 0.0, Diff: 0.0, Sum: 0.0]
      [GC Worker Total (ms): Min: 8.4, Avg: 8.7, Max: 8.8, Diff: 0.4, Sum: 69.3]
      [GC Worker End (ms): Min: 19635.4, Avg: 19635.4, Max: 19635.4, Diff: 0.1]
   [Code Root Fixup: 0.0 ms]
   [Code Root Purge: 0.0 ms]
   [Clear CT: 1.4 ms]
   [Other: 3.0 ms]
      [Choose CSet: 0.1 ms]
      [Ref Proc: 0.8 ms]
      [Ref Enq: 0.0 ms]
      [Redirty Cards: 1.5 ms]
      [Humongous Register: 0.1 ms]
      [Humongous Reclaim: 0.1 ms]
      [Free CSet: 0.3 ms]
   [Eden: 27648.0K(27648.0K)->0.0B(94208.0K) Survivors: 76800.0K->10240.0K Heap: 1318.8M(2048.0M)->1096.6M(2048.0M)]
 [Times: user=0.08 sys=0.00, real=0.01 secs] 
2021-01-22T00:58:46.620+0800: 19.656: [GC pause (G1 Evacuation Pause) (mixed), 0.0103822 secs]
   [Parallel Time: 6.7 ms, GC Workers: 8]
      [GC Worker Start (ms): Min: 19656.0, Avg: 19656.1, Max: 19656.3, Diff: 0.3]
      [Ext Root Scanning (ms): Min: 0.0, Avg: 0.1, Max: 0.2, Diff: 0.2, Sum: 0.5]
      [Update RS (ms): Min: 1.7, Avg: 1.7, Max: 1.8, Diff: 0.1, Sum: 14.0]
         [Processed Buffers: Min: 24, Avg: 26.1, Max: 28, Diff: 4, Sum: 209]
      [Scan RS (ms): Min: 0.0, Avg: 0.1, Max: 0.1, Diff: 0.1, Sum: 0.4]
      [Code Root Scanning (ms): Min: 0.0, Avg: 0.0, Max: 0.0, Diff: 0.0, Sum: 0.0]
      [Object Copy (ms): Min: 4.1, Avg: 4.2, Max: 4.2, Diff: 0.1, Sum: 33.3]
      [Termination (ms): Min: 0.0, Avg: 0.0, Max: 0.1, Diff: 0.1, Sum: 0.4]
         [Termination Attempts: Min: 1, Avg: 1.0, Max: 1, Diff: 0, Sum: 8]
      [GC Worker Other (ms): Min: 0.0, Avg: 0.0, Max: 0.0, Diff: 0.0, Sum: 0.1]
      [GC Worker Total (ms): Min: 5.9, Avg: 6.1, Max: 6.2, Diff: 0.3, Sum: 48.6]
      [GC Worker End (ms): Min: 19662.2, Avg: 19662.2, Max: 19662.2, Diff: 0.0]
   [Code Root Fixup: 0.0 ms]
   [Code Root Purge: 0.0 ms]
   [Clear CT: 0.8 ms]
   [Other: 2.9 ms]
      [Choose CSet: 0.0 ms]
      [Ref Proc: 1.2 ms]
      [Ref Enq: 0.0 ms]
      [Redirty Cards: 1.0 ms]
      [Humongous Register: 0.1 ms]
      [Humongous Reclaim: 0.1 ms]
      [Free CSet: 0.2 ms]
   [Eden: 94208.0K(94208.0K)->0.0B(663.0M) Survivors: 10240.0K->13312.0K Heap: 1213.6M(2048.0M)->990.4M(2048.0M)]
 [Times: user=0.06 sys=0.00, real=0.01 secs] 
2021-01-22T00:58:46.632+0800: 19.668: [GC pause (G1 Humongous Allocation) (young) (initial-mark), 0.0053165 secs]
   [Parallel Time: 2.3 ms, GC Workers: 8]
      [GC Worker Start (ms): Min: 19668.0, Avg: 19668.2, Max: 19668.3, Diff: 0.3]
      [Ext Root Scanning (ms): Min: 0.0, Avg: 0.3, Max: 0.5, Diff: 0.5, Sum: 2.7]
      [Update RS (ms): Min: 0.0, Avg: 0.1, Max: 0.3, Diff: 0.3, Sum: 0.8]
         [Processed Buffers: Min: 0, Avg: 1.1, Max: 2, Diff: 2, Sum: 9]
      [Scan RS (ms): Min: 0.0, Avg: 0.0, Max: 0.0, Diff: 0.0, Sum: 0.0]
      [Code Root Scanning (ms): Min: 0.0, Avg: 0.0, Max: 0.0, Diff: 0.0, Sum: 0.0]
      [Object Copy (ms): Min: 0.8, Avg: 1.1, Max: 1.1, Diff: 0.3, Sum: 8.6]
      [Termination (ms): Min: 0.0, Avg: 0.0, Max: 0.1, Diff: 0.1, Sum: 0.2]
         [Termination Attempts: Min: 1, Avg: 1.0, Max: 1, Diff: 0, Sum: 8]
      [GC Worker Other (ms): Min: 0.0, Avg: 0.0, Max: 0.0, Diff: 0.0, Sum: 0.1]
      [GC Worker Total (ms): Min: 1.4, Avg: 1.5, Max: 1.7, Diff: 0.3, Sum: 12.4]
      [GC Worker End (ms): Min: 19669.7, Avg: 19669.7, Max: 19669.7, Diff: 0.0]
   [Code Root Fixup: 0.0 ms]
   [Code Root Purge: 0.0 ms]
   [Clear CT: 1.4 ms]
   [Other: 1.7 ms]
      [Choose CSet: 0.0 ms]
      [Ref Proc: 0.5 ms]
      [Ref Enq: 0.0 ms]
      [Redirty Cards: 0.8 ms]
      [Humongous Register: 0.1 ms]
      [Humongous Reclaim: 0.1 ms]
      [Free CSet: 0.1 ms]
   [Eden: 7168.0K(663.0M)->0.0B(617.0M) Survivors: 13312.0K->14336.0K Heap: 996.6M(2048.0M)->991.3M(2048.0M)]
 [Times: user=0.02 sys=0.00, real=0.00 secs] 
2021-01-22T00:58:46.638+0800: 19.674: [GC concurrent-root-region-scan-start]
2021-01-22T00:58:46.638+0800: 19.674: [GC concurrent-root-region-scan-end, 0.0001567 secs]
2021-01-22T00:58:46.638+0800: 19.674: [GC concurrent-mark-start]
2021-01-22T00:58:46.641+0800: 19.677: [GC concurrent-mark-end, 0.0032028 secs]
2021-01-22T00:58:46.641+0800: 19.677: [GC remark 2021-01-22T00:58:46.642+0800: 19.678: [Finalize Marking, 0.0009121 secs] 2021-01-22T00:58:46.643+0800: 19.679: [GC ref-proc, 0.0004839 secs] 2021-01-22T00:58:46.644+0800: 19.680: [Unloading, 0.0011552 secs], 0.0050684 secs]
 [Times: user=0.00 sys=0.01, real=0.00 secs] 
2021-01-22T00:58:46.647+0800: 19.683: [GC cleanup 1020M->902M(2048M), 0.0032177 secs]
 [Times: user=0.01 sys=0.00, real=0.01 secs] 
2021-01-22T00:58:46.651+0800: 19.687: [GC concurrent-cleanup-start]
2021-01-22T00:58:46.651+0800: 19.687: [GC concurrent-cleanup-end, 0.0001399 secs]
2021-01-22T00:58:46.737+0800: 19.773: [GC pause (G1 Evacuation Pause) (young), 0.0289304 secs]
   [Parallel Time: 24.1 ms, GC Workers: 8]
      [GC Worker Start (ms): Min: 19773.3, Avg: 19773.5, Max: 19773.7, Diff: 0.4]
      [Ext Root Scanning (ms): Min: 0.0, Avg: 0.1, Max: 0.2, Diff: 0.2, Sum: 0.5]
      [Update RS (ms): Min: 10.1, Avg: 10.2, Max: 10.3, Diff: 0.1, Sum: 81.6]
         [Processed Buffers: Min: 142, Avg: 151.0, Max: 155, Diff: 13, Sum: 1208]
      [Scan RS (ms): Min: 0.1, Avg: 0.1, Max: 0.1, Diff: 0.0, Sum: 0.7]
      [Code Root Scanning (ms): Min: 0.0, Avg: 0.0, Max: 0.0, Diff: 0.0, Sum: 0.0]
      [Object Copy (ms): Min: 12.8, Avg: 12.9, Max: 12.9, Diff: 0.1, Sum: 102.9]
      [Termination (ms): Min: 0.0, Avg: 0.1, Max: 0.1, Diff: 0.1, Sum: 0.5]
         [Termination Attempts: Min: 1, Avg: 1.1, Max: 2, Diff: 1, Sum: 9]
      [GC Worker Other (ms): Min: 0.0, Avg: 0.0, Max: 0.0, Diff: 0.0, Sum: 0.1]
      [GC Worker Total (ms): Min: 23.1, Avg: 23.3, Max: 23.5, Diff: 0.4, Sum: 186.3]
      [GC Worker End (ms): Min: 19796.8, Avg: 19796.8, Max: 19796.8, Diff: 0.0]
   [Code Root Fixup: 0.0 ms]
   [Code Root Purge: 0.0 ms]
   [Clear CT: 1.1 ms]
   [Other: 3.7 ms]
      [Choose CSet: 0.0 ms]
      [Ref Proc: 1.5 ms]
      [Ref Enq: 0.0 ms]
      [Redirty Cards: 1.5 ms]
      [Humongous Register: 0.1 ms]
      [Humongous Reclaim: 0.3 ms]
      [Free CSet: 0.2 ms]
   [Eden: 617.0M(617.0M)->0.0B(23552.0K) Survivors: 14336.0K->80896.0K Heap: 1640.2M(2048.0M)->1011.3M(2048.0M)]
 [Times: user=0.20 sys=0.00, real=0.03 secs] 
2021-01-22T00:58:46.770+0800: 19.806: [GC pause (G1 Evacuation Pause) (mixed), 0.0129295 secs]
   [Parallel Time: 9.0 ms, GC Workers: 8]
      [GC Worker Start (ms): Min: 19806.4, Avg: 19806.6, Max: 19806.7, Diff: 0.3]
      [Ext Root Scanning (ms): Min: 0.0, Avg: 0.1, Max: 0.2, Diff: 0.2, Sum: 0.5]
      [Update RS (ms): Min: 0.5, Avg: 0.5, Max: 0.6, Diff: 0.1, Sum: 4.4]
         [Processed Buffers: Min: 8, Avg: 8.6, Max: 10, Diff: 2, Sum: 69]
      [Scan RS (ms): Min: 0.0, Avg: 0.0, Max: 0.1, Diff: 0.0, Sum: 0.4]
      [Code Root Scanning (ms): Min: 0.0, Avg: 0.0, Max: 0.0, Diff: 0.0, Sum: 0.0]
      [Object Copy (ms): Min: 7.4, Avg: 7.4, Max: 7.5, Diff: 0.0, Sum: 59.5]
      [Termination (ms): Min: 0.0, Avg: 0.0, Max: 0.0, Diff: 0.0, Sum: 0.1]
         [Termination Attempts: Min: 1, Avg: 1.0, Max: 1, Diff: 0, Sum: 8]
      [GC Worker Other (ms): Min: 0.0, Avg: 0.1, Max: 0.2, Diff: 0.2, Sum: 0.6]
      [GC Worker Total (ms): Min: 8.0, Avg: 8.2, Max: 8.5, Diff: 0.5, Sum: 65.5]
      [GC Worker End (ms): Min: 19814.7, Avg: 19814.8, Max: 19814.9, Diff: 0.2]
   [Code Root Fixup: 0.0 ms]
   [Code Root Purge: 0.0 ms]
   [Clear CT: 1.6 ms]
   [Other: 2.4 ms]
      [Choose CSet: 0.1 ms]
      [Ref Proc: 0.6 ms]
      [Ref Enq: 0.0 ms]
      [Redirty Cards: 1.2 ms]
      [Humongous Register: 0.1 ms]
      [Humongous Reclaim: 0.1 ms]
      [Free CSet: 0.2 ms]
   [Eden: 23552.0K(23552.0K)->0.0B(95232.0K) Survivors: 80896.0K->9216.0K Heap: 1041.6M(2048.0M)->816.1M(2048.0M)]
 [Times: user=0.07 sys=0.00, real=0.01 secs] 
2021-01-22T00:58:46.799+0800: 19.834: [GC pause (G1 Evacuation Pause) (mixed), 0.0104592 secs]
   [Parallel Time: 7.4 ms, GC Workers: 8]
      [GC Worker Start (ms): Min: 19834.8, Avg: 19834.9, Max: 19835.1, Diff: 0.3]
      [Ext Root Scanning (ms): Min: 0.0, Avg: 0.1, Max: 0.2, Diff: 0.2, Sum: 0.6]
      [Update RS (ms): Min: 1.6, Avg: 1.7, Max: 1.7, Diff: 0.1, Sum: 13.4]
         [Processed Buffers: Min: 25, Avg: 25.6, Max: 26, Diff: 1, Sum: 205]
      [Scan RS (ms): Min: 0.0, Avg: 0.1, Max: 0.1, Diff: 0.1, Sum: 0.4]
      [Code Root Scanning (ms): Min: 0.0, Avg: 0.0, Max: 0.0, Diff: 0.0, Sum: 0.0]
      [Object Copy (ms): Min: 4.7, Avg: 4.7, Max: 4.8, Diff: 0.1, Sum: 37.9]
      [Termination (ms): Min: 0.0, Avg: 0.0, Max: 0.1, Diff: 0.1, Sum: 0.3]
         [Termination Attempts: Min: 1, Avg: 1.0, Max: 1, Diff: 0, Sum: 8]
      [GC Worker Other (ms): Min: 0.0, Avg: 0.0, Max: 0.0, Diff: 0.0, Sum: 0.0]
      [GC Worker Total (ms): Min: 6.4, Avg: 6.6, Max: 6.8, Diff: 0.3, Sum: 52.7]
      [GC Worker End (ms): Min: 19841.5, Avg: 19841.5, Max: 19841.5, Diff: 0.0]
   [Code Root Fixup: 0.0 ms]
   [Code Root Purge: 0.0 ms]
   [Clear CT: 0.8 ms]
   [Other: 2.3 ms]
      [Choose CSet: 0.1 ms]
      [Ref Proc: 0.4 ms]
      [Ref Enq: 0.0 ms]
      [Redirty Cards: 1.2 ms]
      [Humongous Register: 0.1 ms]
      [Humongous Reclaim: 0.1 ms]
      [Free CSet: 0.2 ms]
   [Eden: 95232.0K(95232.0K)->0.0B(91136.0K) Survivors: 9216.0K->13312.0K Heap: 933.5M(2048.0M)->659.6M(2048.0M)]
 [Times: user=0.05 sys=0.01, real=0.01 secs] 
2021-01-22T00:58:46.823+0800: 19.859: [GC pause (G1 Evacuation Pause) (mixed), 0.0080994 secs]
   [Parallel Time: 5.5 ms, GC Workers: 8]
      [GC Worker Start (ms): Min: 19859.5, Avg: 19859.7, Max: 19859.8, Diff: 0.3]
      [Ext Root Scanning (ms): Min: 0.0, Avg: 0.1, Max: 0.2, Diff: 0.2, Sum: 0.6]
      [Update RS (ms): Min: 1.2, Avg: 1.3, Max: 1.3, Diff: 0.1, Sum: 10.1]
         [Processed Buffers: Min: 18, Avg: 19.4, Max: 20, Diff: 2, Sum: 155]
      [Scan RS (ms): Min: 0.0, Avg: 0.0, Max: 0.0, Diff: 0.0, Sum: 0.2]
      [Code Root Scanning (ms): Min: 0.0, Avg: 0.0, Max: 0.0, Diff: 0.0, Sum: 0.0]
      [Object Copy (ms): Min: 3.7, Avg: 3.7, Max: 3.8, Diff: 0.1, Sum: 29.8]
      [Termination (ms): Min: 0.0, Avg: 0.0, Max: 0.1, Diff: 0.1, Sum: 0.2]
         [Termination Attempts: Min: 1, Avg: 1.0, Max: 1, Diff: 0, Sum: 8]
      [GC Worker Other (ms): Min: 0.0, Avg: 0.0, Max: 0.0, Diff: 0.0, Sum: 0.1]
      [GC Worker Total (ms): Min: 5.0, Avg: 5.1, Max: 5.3, Diff: 0.3, Sum: 41.1]
      [GC Worker End (ms): Min: 19864.8, Avg: 19864.8, Max: 19864.8, Diff: 0.0]
   [Code Root Fixup: 0.0 ms]
   [Code Root Purge: 0.0 ms]
   [Clear CT: 0.8 ms]
   [Other: 1.7 ms]
      [Choose CSet: 0.0 ms]
      [Ref Proc: 0.6 ms]
      [Ref Enq: 0.0 ms]
      [Redirty Cards: 0.7 ms]
      [Humongous Register: 0.1 ms]
      [Humongous Reclaim: 0.1 ms]
      [Free CSet: 0.1 ms]
   [Eden: 91136.0K(91136.0K)->0.0B(366.0M) Survivors: 13312.0K->13312.0K Heap: 766.7M(2048.0M)->632.9M(2048.0M)]
 [Times: user=0.05 sys=0.00, real=0.01 secs] 
2021-01-22T00:58:46.886+0800: 19.922: [GC pause (G1 Evacuation Pause) (young), 0.0208044 secs]
   [Parallel Time: 16.5 ms, GC Workers: 8]
      [GC Worker Start (ms): Min: 19922.3, Avg: 19922.6, Max: 19922.7, Diff: 0.5]
      [Ext Root Scanning (ms): Min: 0.0, Avg: 0.1, Max: 0.3, Diff: 0.3, Sum: 0.6]
      [Update RS (ms): Min: 6.5, Avg: 6.6, Max: 6.7, Diff: 0.1, Sum: 52.8]
         [Processed Buffers: Min: 97, Avg: 100.6, Max: 103, Diff: 6, Sum: 805]
      [Scan RS (ms): Min: 0.0, Avg: 0.0, Max: 0.1, Diff: 0.0, Sum: 0.3]
      [Code Root Scanning (ms): Min: 0.0, Avg: 0.0, Max: 0.0, Diff: 0.0, Sum: 0.0]
      [Object Copy (ms): Min: 8.4, Avg: 8.5, Max: 8.6, Diff: 0.2, Sum: 67.8]
      [Termination (ms): Min: 0.0, Avg: 0.1, Max: 0.2, Diff: 0.2, Sum: 0.9]
         [Termination Attempts: Min: 1, Avg: 1.0, Max: 1, Diff: 0, Sum: 8]
      [GC Worker Other (ms): Min: 0.0, Avg: 0.0, Max: 0.1, Diff: 0.0, Sum: 0.2]
      [GC Worker Total (ms): Min: 15.2, Avg: 15.3, Max: 15.6, Diff: 0.4, Sum: 122.6]
      [GC Worker End (ms): Min: 19937.9, Avg: 19937.9, Max: 19937.9, Diff: 0.0]
   [Code Root Fixup: 0.0 ms]
   [Code Root Purge: 0.0 ms]
   [Clear CT: 1.1 ms]
   [Other: 3.2 ms]
      [Choose CSet: 0.0 ms]
      [Ref Proc: 1.0 ms]
      [Ref Enq: 0.0 ms]
      [Redirty Cards: 1.2 ms]
      [Humongous Register: 0.3 ms]
      [Humongous Reclaim: 0.3 ms]
      [Free CSet: 0.2 ms]
   [Eden: 366.0M(366.0M)->0.0B(71680.0K) Survivors: 13312.0K->49152.0K Heap: 1098.3M(2048.0M)->721.0M(2048.0M)]
 [Times: user=0.14 sys=0.00, real=0.02 secs] 
2021-01-22T00:58:46.917+0800: 19.953: [GC pause (G1 Evacuation Pause) (young), 0.0104049 secs]
   [Parallel Time: 7.3 ms, GC Workers: 8]
      [GC Worker Start (ms): Min: 19953.0, Avg: 19953.2, Max: 19953.6, Diff: 0.6]
      [Ext Root Scanning (ms): Min: 0.0, Avg: 0.1, Max: 0.2, Diff: 0.2, Sum: 0.5]
      [Update RS (ms): Min: 0.6, Avg: 0.8, Max: 1.0, Diff: 0.4, Sum: 6.7]
         [Processed Buffers: Min: 9, Avg: 12.8, Max: 16, Diff: 7, Sum: 102]
      [Scan RS (ms): Min: 0.0, Avg: 0.0, Max: 0.0, Diff: 0.0, Sum: 0.1]
      [Code Root Scanning (ms): Min: 0.0, Avg: 0.0, Max: 0.0, Diff: 0.0, Sum: 0.0]
      [Object Copy (ms): Min: 5.2, Avg: 5.3, Max: 5.4, Diff: 0.1, Sum: 42.6]
      [Termination (ms): Min: 0.0, Avg: 0.0, Max: 0.1, Diff: 0.1, Sum: 0.4]
         [Termination Attempts: Min: 1, Avg: 1.0, Max: 1, Diff: 0, Sum: 8]
      [GC Worker Other (ms): Min: 0.0, Avg: 0.0, Max: 0.1, Diff: 0.1, Sum: 0.2]
      [GC Worker Total (ms): Min: 6.0, Avg: 6.3, Max: 6.6, Diff: 0.6, Sum: 50.5]
      [GC Worker End (ms): Min: 19959.5, Avg: 19959.6, Max: 19959.6, Diff: 0.1]
   [Code Root Fixup: 0.0 ms]
   [Code Root Purge: 0.0 ms]
   [Clear CT: 1.1 ms]
   [Other: 2.0 ms]
      [Choose CSet: 0.0 ms]
      [Ref Proc: 0.7 ms]
      [Ref Enq: 0.0 ms]
      [Redirty Cards: 0.9 ms]
      [Humongous Register: 0.1 ms]
      [Humongous Reclaim: 0.1 ms]
      [Free CSet: 0.1 ms]
   [Eden: 71680.0K(71680.0K)->0.0B(227.0M) Survivors: 49152.0K->15360.0K Heap: 802.5M(2048.0M)->735.6M(2048.0M)]
 [Times: user=0.06 sys=0.00, real=0.01 secs] 
2021-01-22T00:58:46.960+0800: 19.996: [GC pause (G1 Evacuation Pause) (young), 0.0147936 secs]
   [Parallel Time: 11.5 ms, GC Workers: 8]
      [GC Worker Start (ms): Min: 19996.0, Avg: 19996.3, Max: 19996.4, Diff: 0.4]
      [Ext Root Scanning (ms): Min: 0.0, Avg: 0.1, Max: 0.2, Diff: 0.2, Sum: 0.5]
      [Update RS (ms): Min: 4.1, Avg: 4.2, Max: 4.3, Diff: 0.1, Sum: 33.8]
         [Processed Buffers: Min: 60, Avg: 64.0, Max: 66, Diff: 6, Sum: 512]
      [Scan RS (ms): Min: 0.0, Avg: 0.0, Max: 0.1, Diff: 0.0, Sum: 0.2]
      [Code Root Scanning (ms): Min: 0.0, Avg: 0.0, Max: 0.0, Diff: 0.0, Sum: 0.0]
      [Object Copy (ms): Min: 6.2, Avg: 6.2, Max: 6.3, Diff: 0.1, Sum: 49.7]
      [Termination (ms): Min: 0.0, Avg: 0.1, Max: 0.1, Diff: 0.1, Sum: 0.7]
         [Termination Attempts: Min: 1, Avg: 1.0, Max: 1, Diff: 0, Sum: 8]
      [GC Worker Other (ms): Min: 0.0, Avg: 0.0, Max: 0.0, Diff: 0.0, Sum: 0.1]
      [GC Worker Total (ms): Min: 10.5, Avg: 10.6, Max: 10.8, Diff: 0.4, Sum: 85.0]
      [GC Worker End (ms): Min: 20006.9, Avg: 20006.9, Max: 20006.9, Diff: 0.0]
   [Code Root Fixup: 0.0 ms]
   [Code Root Purge: 0.0 ms]
   [Clear CT: 1.0 ms]
   [Other: 2.3 ms]
      [Choose CSet: 0.0 ms]
      [Ref Proc: 0.9 ms]
      [Ref Enq: 0.0 ms]
      [Redirty Cards: 1.0 ms]
      [Humongous Register: 0.1 ms]
      [Humongous Reclaim: 0.1 ms]
      [Free CSet: 0.1 ms]
   [Eden: 227.0M(227.0M)->0.0B(247.0M) Survivors: 15360.0K->31744.0K Heap: 1025.5M(2048.0M)->804.6M(2048.0M)]
 [Times: user=0.09 sys=0.00, real=0.01 secs] 
2021-01-22T00:58:47.005+0800: 20.041: [GC pause (G1 Humongous Allocation) (young) (initial-mark), 0.0153220 secs]
   [Parallel Time: 11.9 ms, GC Workers: 8]
      [GC Worker Start (ms): Min: 20041.4, Avg: 20041.6, Max: 20041.8, Diff: 0.4]
      [Ext Root Scanning (ms): Min: 0.0, Avg: 0.4, Max: 0.6, Diff: 0.6, Sum: 3.0]
      [Update RS (ms): Min: 3.5, Avg: 3.6, Max: 3.8, Diff: 0.3, Sum: 29.1]
         [Processed Buffers: Min: 53, Avg: 56.1, Max: 59, Diff: 6, Sum: 449]
      [Scan RS (ms): Min: 0.0, Avg: 0.0, Max: 0.0, Diff: 0.0, Sum: 0.2]
      [Code Root Scanning (ms): Min: 0.0, Avg: 0.0, Max: 0.0, Diff: 0.0, Sum: 0.0]
      [Object Copy (ms): Min: 7.0, Avg: 7.0, Max: 7.1, Diff: 0.1, Sum: 56.2]
      [Termination (ms): Min: 0.0, Avg: 0.1, Max: 0.1, Diff: 0.1, Sum: 0.5]
         [Termination Attempts: Min: 1, Avg: 1.2, Max: 2, Diff: 1, Sum: 10]
      [GC Worker Other (ms): Min: 0.0, Avg: 0.0, Max: 0.0, Diff: 0.0, Sum: 0.1]
      [GC Worker Total (ms): Min: 11.0, Avg: 11.1, Max: 11.4, Diff: 0.4, Sum: 89.2]
      [GC Worker End (ms): Min: 20052.7, Avg: 20052.7, Max: 20052.8, Diff: 0.0]
   [Code Root Fixup: 0.0 ms]
   [Code Root Purge: 0.0 ms]
   [Clear CT: 1.3 ms]
   [Other: 2.1 ms]
      [Choose CSet: 0.0 ms]
      [Ref Proc: 0.4 ms]
      [Ref Enq: 0.0 ms]
      [Redirty Cards: 1.1 ms]
      [Humongous Register: 0.1 ms]
      [Humongous Reclaim: 0.1 ms]
      [Free CSet: 0.1 ms]
   [Eden: 220.0M(247.0M)->0.0B(350.0M) Survivors: 31744.0K->35840.0K Heap: 1079.4M(2048.0M)->866.1M(2048.0M)]
 [Times: user=0.10 sys=0.00, real=0.02 secs] 
2021-01-22T00:58:47.021+0800: 20.057: [GC concurrent-root-region-scan-start]
2021-01-22T00:58:47.021+0800: 20.057: [GC concurrent-root-region-scan-end, 0.0002501 secs]
2021-01-22T00:58:47.021+0800: 20.057: [GC concurrent-mark-start]
2021-01-22T00:58:47.024+0800: 20.060: [GC concurrent-mark-end, 0.0029203 secs]
2021-01-22T00:58:47.025+0800: 20.061: [GC remark 2021-01-22T00:58:47.025+0800: 20.061: [Finalize Marking, 0.0011376 secs] 2021-01-22T00:58:47.027+0800: 20.062: [GC ref-proc, 0.0004768 secs] 2021-01-22T00:58:47.027+0800: 20.063: [Unloading, 0.0013566 secs], 0.0056601 secs]
 [Times: user=0.00 sys=0.01, real=0.01 secs] 
2021-01-22T00:58:47.031+0800: 20.067: [GC cleanup 897M->724M(2048M), 0.0033863 secs]
 [Times: user=0.01 sys=0.00, real=0.00 secs] 
2021-01-22T00:58:47.035+0800: 20.071: [GC concurrent-cleanup-start]
2021-01-22T00:58:47.036+0800: 20.071: [GC concurrent-cleanup-end, 0.0001292 secs]
2021-01-22T00:58:47.083+0800: 20.119: [GC pause (G1 Evacuation Pause) (young), 0.0196188 secs]
   [Parallel Time: 16.4 ms, GC Workers: 8]
      [GC Worker Start (ms): Min: 20119.2, Avg: 20119.4, Max: 20119.5, Diff: 0.3]
      [Ext Root Scanning (ms): Min: 0.0, Avg: 0.1, Max: 0.2, Diff: 0.2, Sum: 0.5]
      [Update RS (ms): Min: 6.1, Avg: 6.2, Max: 6.2, Diff: 0.1, Sum: 49.2]
         [Processed Buffers: Min: 93, Avg: 94.4, Max: 96, Diff: 3, Sum: 755]
      [Scan RS (ms): Min: 0.0, Avg: 0.0, Max: 0.1, Diff: 0.0, Sum: 0.3]
      [Code Root Scanning (ms): Min: 0.0, Avg: 0.0, Max: 0.0, Diff: 0.0, Sum: 0.0]
      [Object Copy (ms): Min: 9.2, Avg: 9.2, Max: 9.3, Diff: 0.1, Sum: 73.9]
      [Termination (ms): Min: 0.0, Avg: 0.1, Max: 0.1, Diff: 0.1, Sum: 0.7]
         [Termination Attempts: Min: 1, Avg: 1.0, Max: 1, Diff: 0, Sum: 8]
      [GC Worker Other (ms): Min: 0.0, Avg: 0.0, Max: 0.0, Diff: 0.0, Sum: 0.1]
      [GC Worker Total (ms): Min: 15.5, Avg: 15.6, Max: 15.8, Diff: 0.3, Sum: 124.8]
      [GC Worker End (ms): Min: 20135.0, Avg: 20135.0, Max: 20135.0, Diff: 0.0]
   [Code Root Fixup: 0.0 ms]
   [Code Root Purge: 0.0 ms]
   [Clear CT: 1.3 ms]
   [Other: 1.9 ms]
      [Choose CSet: 0.0 ms]
      [Ref Proc: 0.4 ms]
      [Ref Enq: 0.0 ms]
      [Redirty Cards: 0.8 ms]
      [Humongous Register: 0.1 ms]
      [Humongous Reclaim: 0.1 ms]
      [Free CSet: 0.2 ms]
   [Eden: 350.0M(350.0M)->0.0B(54272.0K) Survivors: 35840.0K->50176.0K Heap: 1136.3M(2048.0M)->771.5M(2048.0M)]
 [Times: user=0.13 sys=0.00, real=0.02 secs] 
2021-01-22T00:58:47.112+0800: 20.148: [GC pause (G1 Evacuation Pause) (mixed), 0.0137033 secs]
   [Parallel Time: 9.2 ms, GC Workers: 8]
      [GC Worker Start (ms): Min: 20148.6, Avg: 20148.8, Max: 20149.0, Diff: 0.3]
      [Ext Root Scanning (ms): Min: 0.0, Avg: 0.1, Max: 0.3, Diff: 0.3, Sum: 0.7]
      [Update RS (ms): Min: 1.2, Avg: 1.3, Max: 1.3, Diff: 0.1, Sum: 10.0]
         [Processed Buffers: Min: 18, Avg: 19.2, Max: 20, Diff: 2, Sum: 154]
      [Scan RS (ms): Min: 0.1, Avg: 0.1, Max: 0.1, Diff: 0.1, Sum: 0.6]
      [Code Root Scanning (ms): Min: 0.0, Avg: 0.0, Max: 0.0, Diff: 0.0, Sum: 0.0]
      [Object Copy (ms): Min: 7.0, Avg: 7.0, Max: 7.1, Diff: 0.1, Sum: 56.2]
      [Termination (ms): Min: 0.0, Avg: 0.0, Max: 0.1, Diff: 0.1, Sum: 0.4]
         [Termination Attempts: Min: 1, Avg: 1.0, Max: 1, Diff: 0, Sum: 8]
      [GC Worker Other (ms): Min: 0.0, Avg: 0.0, Max: 0.0, Diff: 0.0, Sum: 0.1]
      [GC Worker Total (ms): Min: 8.4, Avg: 8.5, Max: 8.7, Diff: 0.3, Sum: 68.1]
      [GC Worker End (ms): Min: 20157.3, Avg: 20157.3, Max: 20157.4, Diff: 0.1]
   [Code Root Fixup: 0.0 ms]
   [Code Root Purge: 0.0 ms]
   [Clear CT: 1.1 ms]
   [Other: 3.4 ms]
      [Choose CSet: 0.1 ms]
      [Ref Proc: 1.1 ms]
      [Ref Enq: 0.0 ms]
      [Redirty Cards: 1.3 ms]
      [Humongous Register: 0.2 ms]
      [Humongous Reclaim: 0.1 ms]
      [Free CSet: 0.3 ms]
   [Eden: 54272.0K(54272.0K)->0.0B(91136.0K) Survivors: 50176.0K->13312.0K Heap: 842.6M(2048.0M)->605.0M(2048.0M)]
 [Times: user=0.07 sys=0.00, real=0.01 secs] 
2021-01-22T00:58:47.140+0800: 20.176: [GC pause (G1 Evacuation Pause) (mixed), 0.0109584 secs]
   [Parallel Time: 7.3 ms, GC Workers: 8]
      [GC Worker Start (ms): Min: 20176.0, Avg: 20176.2, Max: 20176.4, Diff: 0.4]
      [Ext Root Scanning (ms): Min: 0.0, Avg: 0.1, Max: 0.3, Diff: 0.3, Sum: 0.7]
      [Update RS (ms): Min: 1.6, Avg: 1.7, Max: 1.7, Diff: 0.1, Sum: 13.3]
         [Processed Buffers: Min: 21, Avg: 24.0, Max: 25, Diff: 4, Sum: 192]
      [Scan RS (ms): Min: 0.0, Avg: 0.0, Max: 0.1, Diff: 0.1, Sum: 0.2]
      [Code Root Scanning (ms): Min: 0.0, Avg: 0.0, Max: 0.0, Diff: 0.0, Sum: 0.0]
      [Object Copy (ms): Min: 3.9, Avg: 4.1, Max: 4.6, Diff: 0.7, Sum: 32.4]
      [Termination (ms): Min: 0.0, Avg: 0.6, Max: 0.7, Diff: 0.7, Sum: 4.9]
         [Termination Attempts: Min: 1, Avg: 1.1, Max: 2, Diff: 1, Sum: 9]
      [GC Worker Other (ms): Min: 0.0, Avg: 0.0, Max: 0.0, Diff: 0.0, Sum: 0.1]
      [GC Worker Total (ms): Min: 6.3, Avg: 6.4, Max: 6.7, Diff: 0.4, Sum: 51.6]
      [GC Worker End (ms): Min: 20182.6, Avg: 20182.6, Max: 20182.7, Diff: 0.1]
   [Code Root Fixup: 0.0 ms]
   [Code Root Purge: 0.0 ms]
   [Clear CT: 1.0 ms]
   [Other: 2.7 ms]
      [Choose CSet: 0.0 ms]
      [Ref Proc: 0.9 ms]
      [Ref Enq: 0.0 ms]
      [Redirty Cards: 1.1 ms]
      [Humongous Register: 0.1 ms]
      [Humongous Reclaim: 0.1 ms]
      [Free CSet: 0.2 ms]
   [Eden: 91136.0K(91136.0K)->0.0B(988.0M) Survivors: 13312.0K->13312.0K Heap: 716.8M(2048.0M)->587.0M(2048.0M)]
 [Times: user=0.06 sys=0.00, real=0.01 secs] 
2021-01-22T00:58:47.259+0800: 20.295: [GC pause (G1 Humongous Allocation) (young) (initial-mark), 0.0351098 secs]
   [Parallel Time: 29.4 ms, GC Workers: 8]
      [GC Worker Start (ms): Min: 20295.3, Avg: 20295.5, Max: 20295.8, Diff: 0.5]
      [Ext Root Scanning (ms): Min: 0.0, Avg: 0.7, Max: 2.2, Diff: 2.2, Sum: 5.3]
      [Update RS (ms): Min: 11.6, Avg: 13.4, Max: 14.0, Diff: 2.4, Sum: 107.2]
         [Processed Buffers: Min: 148, Avg: 179.6, Max: 197, Diff: 49, Sum: 1437]
      [Scan RS (ms): Min: 0.1, Avg: 0.1, Max: 0.1, Diff: 0.1, Sum: 0.7]
      [Code Root Scanning (ms): Min: 0.0, Avg: 0.0, Max: 0.0, Diff: 0.0, Sum: 0.0]
      [Object Copy (ms): Min: 13.6, Avg: 13.8, Max: 14.7, Diff: 1.1, Sum: 110.7]
      [Termination (ms): Min: 0.0, Avg: 0.9, Max: 1.1, Diff: 1.1, Sum: 7.3]
         [Termination Attempts: Min: 1, Avg: 1.0, Max: 1, Diff: 0, Sum: 8]
      [GC Worker Other (ms): Min: 0.0, Avg: 0.0, Max: 0.0, Diff: 0.0, Sum: 0.1]
      [GC Worker Total (ms): Min: 28.7, Avg: 28.9, Max: 29.1, Diff: 0.4, Sum: 231.2]
      [GC Worker End (ms): Min: 20324.4, Avg: 20324.4, Max: 20324.5, Diff: 0.1]
   [Code Root Fixup: 0.0 ms]
   [Code Root Purge: 0.0 ms]
   [Clear CT: 1.1 ms]
   [Other: 4.6 ms]
      [Choose CSet: 0.0 ms]
      [Ref Proc: 2.2 ms]
      [Ref Enq: 0.0 ms]
      [Redirty Cards: 1.4 ms]
      [Humongous Register: 0.1 ms]
      [Humongous Reclaim: 0.3 ms]
      [Free CSet: 0.3 ms]
   [Eden: 670.0M(988.0M)->0.0B(862.0M) Survivors: 13312.0K->126.0M Heap: 1434.4M(2048.0M)->725.9M(2048.0M)]
 [Times: user=0.24 sys=0.01, real=0.03 secs] 
2021-01-22T00:58:47.295+0800: 20.331: [GC concurrent-root-region-scan-start]
2021-01-22T00:58:47.295+0800: 20.331: [GC concurrent-root-region-scan-end, 0.0002407 secs]
2021-01-22T00:58:47.295+0800: 20.331: [GC concurrent-mark-start]
2021-01-22T00:58:47.298+0800: 20.334: [GC concurrent-mark-end, 0.0026080 secs]
2021-01-22T00:58:47.298+0800: 20.334: [GC remark 2021-01-22T00:58:47.299+0800: 20.335: [Finalize Marking, 0.0009751 secs] 2021-01-22T00:58:47.300+0800: 20.336: [GC ref-proc, 0.0005149 secs] 2021-01-22T00:58:47.301+0800: 20.337: [Unloading, 0.0014752 secs], 0.0055677 secs]
 [Times: user=0.01 sys=0.00, real=0.00 secs] 
2021-01-22T00:58:47.305+0800: 20.341: [GC cleanup 751M->653M(2048M), 0.0035584 secs]
 [Times: user=0.00 sys=0.01, real=0.01 secs] 
2021-01-22T00:58:47.309+0800: 20.345: [GC concurrent-cleanup-start]
2021-01-22T00:58:47.309+0800: 20.345: [GC concurrent-cleanup-end, 0.0000619 secs]
2021-01-22T00:58:47.436+0800: 20.472: [GC pause (G1 Evacuation Pause) (young) (to-space exhausted), 0.0327638 secs]
   [Parallel Time: 28.0 ms, GC Workers: 8]
      [GC Worker Start (ms): Min: 20472.1, Avg: 20472.3, Max: 20472.5, Diff: 0.3]
      [Ext Root Scanning (ms): Min: 0.0, Avg: 0.1, Max: 0.2, Diff: 0.2, Sum: 0.5]
      [Update RS (ms): Min: 16.8, Avg: 16.9, Max: 16.9, Diff: 0.1, Sum: 135.1]
         [Processed Buffers: Min: 231, Avg: 247.6, Max: 258, Diff: 27, Sum: 1981]
      [Scan RS (ms): Min: 0.1, Avg: 0.2, Max: 0.2, Diff: 0.1, Sum: 1.3]
      [Code Root Scanning (ms): Min: 0.0, Avg: 0.0, Max: 0.0, Diff: 0.0, Sum: 0.0]
      [Object Copy (ms): Min: 9.5, Avg: 9.7, Max: 9.9, Diff: 0.4, Sum: 77.3]
      [Termination (ms): Min: 0.0, Avg: 0.3, Max: 0.4, Diff: 0.4, Sum: 2.1]
         [Termination Attempts: Min: 1, Avg: 1.0, Max: 1, Diff: 0, Sum: 8]
      [GC Worker Other (ms): Min: 0.0, Avg: 0.0, Max: 0.1, Diff: 0.1, Sum: 0.2]
      [GC Worker Total (ms): Min: 26.9, Avg: 27.1, Max: 27.2, Diff: 0.3, Sum: 216.5]
      [GC Worker End (ms): Min: 20499.4, Avg: 20499.4, Max: 20499.4, Diff: 0.1]
   [Code Root Fixup: 0.0 ms]
   [Code Root Purge: 0.0 ms]
   [Clear CT: 0.9 ms]
   [Other: 3.8 ms]
      [Evacuation Failure: 1.3 ms]
      [Choose CSet: 0.0 ms]
      [Ref Proc: 0.8 ms]
      [Ref Enq: 0.0 ms]
      [Redirty Cards: 1.0 ms]
      [Humongous Register: 0.2 ms]
      [Humongous Reclaim: 0.4 ms]
      [Free CSet: 0.2 ms]
   [Eden: 862.0M(862.0M)->0.0B(23552.0K) Survivors: 126.0M->80896.0K Heap: 1736.3M(2048.0M)->1162.5M(2048.0M)]
 [Times: user=0.23 sys=0.00, real=0.04 secs] 
2021-01-22T00:58:47.474+0800: 20.510: [GC pause (G1 Evacuation Pause) (mixed), 0.0127479 secs]
   [Parallel Time: 8.9 ms, GC Workers: 8]
      [GC Worker Start (ms): Min: 20510.2, Avg: 20510.4, Max: 20510.5, Diff: 0.3]
      [Ext Root Scanning (ms): Min: 0.0, Avg: 0.1, Max: 0.2, Diff: 0.2, Sum: 0.6]
      [Update RS (ms): Min: 0.6, Avg: 0.7, Max: 0.7, Diff: 0.1, Sum: 5.3]
         [Processed Buffers: Min: 10, Avg: 11.5, Max: 13, Diff: 3, Sum: 92]
      [Scan RS (ms): Min: 0.0, Avg: 0.1, Max: 0.1, Diff: 0.1, Sum: 0.5]
      [Code Root Scanning (ms): Min: 0.0, Avg: 0.0, Max: 0.0, Diff: 0.0, Sum: 0.0]
      [Object Copy (ms): Min: 7.8, Avg: 7.8, Max: 7.8, Diff: 0.1, Sum: 62.3]
      [Termination (ms): Min: 0.0, Avg: 0.0, Max: 0.1, Diff: 0.1, Sum: 0.3]
         [Termination Attempts: Min: 1, Avg: 1.0, Max: 1, Diff: 0, Sum: 8]
      [GC Worker Other (ms): Min: 0.0, Avg: 0.0, Max: 0.0, Diff: 0.0, Sum: 0.1]
      [GC Worker Total (ms): Min: 8.5, Avg: 8.6, Max: 8.8, Diff: 0.3, Sum: 69.1]
      [GC Worker End (ms): Min: 20519.0, Avg: 20519.0, Max: 20519.0, Diff: 0.0]
   [Code Root Fixup: 0.0 ms]
   [Code Root Purge: 0.0 ms]
   [Clear CT: 1.6 ms]
   [Other: 2.3 ms]
      [Choose CSet: 0.1 ms]
      [Ref Proc: 0.4 ms]
      [Ref Enq: 0.0 ms]
      [Redirty Cards: 1.1 ms]
      [Humongous Register: 0.1 ms]
      [Humongous Reclaim: 0.3 ms]
      [Free CSet: 0.2 ms]
   [Eden: 23552.0K(23552.0K)->0.0B(625.0M) Survivors: 80896.0K->8192.0K Heap: 1194.1M(2048.0M)->1005.4M(2048.0M)]
 [Times: user=0.08 sys=0.00, real=0.01 secs] 
2021-01-22T00:58:47.488+0800: 20.524: [GC pause (G1 Humongous Allocation) (young) (initial-mark), 0.0047257 secs]
   [Parallel Time: 2.1 ms, GC Workers: 8]
      [GC Worker Start (ms): Min: 20523.9, Avg: 20524.2, Max: 20524.3, Diff: 0.4]
      [Ext Root Scanning (ms): Min: 0.0, Avg: 0.4, Max: 0.6, Diff: 0.6, Sum: 3.2]
      [Update RS (ms): Min: 0.0, Avg: 0.1, Max: 0.3, Diff: 0.3, Sum: 0.9]
         [Processed Buffers: Min: 0, Avg: 1.1, Max: 3, Diff: 3, Sum: 9]
      [Scan RS (ms): Min: 0.0, Avg: 0.0, Max: 0.0, Diff: 0.0, Sum: 0.0]
      [Code Root Scanning (ms): Min: 0.0, Avg: 0.0, Max: 0.0, Diff: 0.0, Sum: 0.0]
      [Object Copy (ms): Min: 0.4, Avg: 0.5, Max: 0.9, Diff: 0.5, Sum: 4.2]
      [Termination (ms): Min: 0.0, Avg: 0.4, Max: 0.4, Diff: 0.4, Sum: 3.0]
         [Termination Attempts: Min: 1, Avg: 1.1, Max: 2, Diff: 1, Sum: 9]
      [GC Worker Other (ms): Min: 0.0, Avg: 0.0, Max: 0.0, Diff: 0.0, Sum: 0.1]
      [GC Worker Total (ms): Min: 1.2, Avg: 1.4, Max: 1.7, Diff: 0.4, Sum: 11.4]
      [GC Worker End (ms): Min: 20525.6, Avg: 20525.6, Max: 20525.6, Diff: 0.0]
   [Code Root Fixup: 0.0 ms]
   [Code Root Purge: 0.0 ms]
   [Clear CT: 1.1 ms]
   [Other: 1.5 ms]
      [Choose CSet: 0.0 ms]
      [Ref Proc: 0.4 ms]
      [Ref Enq: 0.0 ms]
      [Redirty Cards: 0.7 ms]
      [Humongous Register: 0.1 ms]
      [Humongous Reclaim: 0.1 ms]
      [Free CSet: 0.0 ms]
   [Eden: 1024.0K(625.0M)->0.0B(524.0M) Survivors: 8192.0K->9216.0K Heap: 1006.3M(2048.0M)->1006.0M(2048.0M)]
 [Times: user=0.00 sys=0.01, real=0.01 secs] 
2021-01-22T00:58:47.493+0800: 20.529: [GC concurrent-root-region-scan-start]
2021-01-22T00:58:47.493+0800: 20.529: [GC concurrent-root-region-scan-end, 0.0002429 secs]
2021-01-22T00:58:47.493+0800: 20.529: [GC concurrent-mark-start]
2021-01-22T00:58:47.497+0800: 20.533: [GC concurrent-mark-end, 0.0039495 secs]
2021-01-22T00:58:47.498+0800: 20.533: [GC remark 2021-01-22T00:58:47.498+0800: 20.534: [Finalize Marking, 0.0010845 secs] 2021-01-22T00:58:47.499+0800: 20.535: [GC ref-proc, 0.0004231 secs] 2021-01-22T00:58:47.500+0800: 20.536: [Unloading, 0.0009186 secs], 0.0047871 secs]
 [Times: user=0.01 sys=0.00, real=0.01 secs] 
2021-01-22T00:58:47.503+0800: 20.539: [GC cleanup 1038M->962M(2048M), 0.0030417 secs]
 [Times: user=0.01 sys=0.00, real=0.00 secs] 
2021-01-22T00:58:47.507+0800: 20.542: [GC concurrent-cleanup-start]
2021-01-22T00:58:47.507+0800: 20.542: [GC concurrent-cleanup-end, 0.0000463 secs]
2021-01-22T00:58:47.580+0800: 20.616: [GC pause (G1 Evacuation Pause) (young), 0.0262210 secs]
   [Parallel Time: 22.1 ms, GC Workers: 8]
      [GC Worker Start (ms): Min: 20616.4, Avg: 20616.6, Max: 20616.7, Diff: 0.3]
      [Ext Root Scanning (ms): Min: 0.0, Avg: 0.1, Max: 0.2, Diff: 0.2, Sum: 0.6]
      [Update RS (ms): Min: 10.1, Avg: 10.2, Max: 10.2, Diff: 0.1, Sum: 81.6]
         [Processed Buffers: Min: 144, Avg: 151.0, Max: 158, Diff: 14, Sum: 1208]
      [Scan RS (ms): Min: 0.0, Avg: 0.1, Max: 0.1, Diff: 0.0, Sum: 0.5]
      [Code Root Scanning (ms): Min: 0.0, Avg: 0.0, Max: 0.0, Diff: 0.0, Sum: 0.0]
      [Object Copy (ms): Min: 11.1, Avg: 11.1, Max: 11.2, Diff: 0.0, Sum: 89.2]
      [Termination (ms): Min: 0.0, Avg: 0.0, Max: 0.1, Diff: 0.1, Sum: 0.3]
         [Termination Attempts: Min: 1, Avg: 1.0, Max: 1, Diff: 0, Sum: 8]
      [GC Worker Other (ms): Min: 0.0, Avg: 0.0, Max: 0.0, Diff: 0.0, Sum: 0.1]
      [GC Worker Total (ms): Min: 21.4, Avg: 21.5, Max: 21.7, Diff: 0.3, Sum: 172.2]
      [GC Worker End (ms): Min: 20638.1, Avg: 20638.1, Max: 20638.1, Diff: 0.0]
   [Code Root Fixup: 0.0 ms]
   [Code Root Purge: 0.0 ms]
   [Clear CT: 1.1 ms]
   [Other: 3.0 ms]
      [Choose CSet: 0.0 ms]
      [Ref Proc: 0.8 ms]
      [Ref Enq: 0.0 ms]
      [Redirty Cards: 1.2 ms]
      [Humongous Register: 0.3 ms]
      [Humongous Reclaim: 0.2 ms]
      [Free CSet: 0.3 ms]
   [Eden: 524.0M(524.0M)->0.0B(35840.0K) Survivors: 9216.0K->68608.0K Heap: 1603.9M(2048.0M)->1064.1M(2048.0M)]
 [Times: user=0.18 sys=0.00, real=0.02 secs] 
2021-01-22T00:58:47.613+0800: 20.648: [GC pause (G1 Evacuation Pause) (mixed), 0.0118387 secs]
   [Parallel Time: 7.7 ms, GC Workers: 8]
      [GC Worker Start (ms): Min: 20648.7, Avg: 20649.1, Max: 20649.5, Diff: 0.7]
      [Ext Root Scanning (ms): Min: 0.0, Avg: 0.1, Max: 0.2, Diff: 0.2, Sum: 0.5]
      [Update RS (ms): Min: 0.2, Avg: 0.5, Max: 0.7, Diff: 0.5, Sum: 4.3]
         [Processed Buffers: Min: 3, Avg: 8.4, Max: 11, Diff: 8, Sum: 67]
      [Scan RS (ms): Min: 0.0, Avg: 0.0, Max: 0.1, Diff: 0.0, Sum: 0.4]
      [Code Root Scanning (ms): Min: 0.0, Avg: 0.0, Max: 0.0, Diff: 0.0, Sum: 0.0]
      [Object Copy (ms): Min: 6.5, Avg: 6.5, Max: 6.6, Diff: 0.1, Sum: 52.2]
      [Termination (ms): Min: 0.0, Avg: 0.0, Max: 0.1, Diff: 0.1, Sum: 0.2]
         [Termination Attempts: Min: 1, Avg: 1.0, Max: 1, Diff: 0, Sum: 8]
      [GC Worker Other (ms): Min: 0.0, Avg: 0.0, Max: 0.0, Diff: 0.0, Sum: 0.1]
      [GC Worker Total (ms): Min: 6.8, Avg: 7.2, Max: 7.5, Diff: 0.7, Sum: 57.7]
      [GC Worker End (ms): Min: 20656.3, Avg: 20656.3, Max: 20656.3, Diff: 0.0]
   [Code Root Fixup: 0.0 ms]
   [Code Root Purge: 0.0 ms]
   [Clear CT: 1.4 ms]
   [Other: 2.7 ms]
      [Choose CSet: 0.1 ms]
      [Ref Proc: 1.2 ms]
      [Ref Enq: 0.0 ms]
      [Redirty Cards: 0.7 ms]
      [Humongous Register: 0.1 ms]
      [Humongous Reclaim: 0.1 ms]
      [Free CSet: 0.4 ms]
   [Eden: 35840.0K(35840.0K)->0.0B(93184.0K) Survivors: 68608.0K->11264.0K Heap: 1106.4M(2048.0M)->873.0M(2048.0M)]
 [Times: user=0.07 sys=0.00, real=0.01 secs] 
2021-01-22T00:58:47.637+0800: 20.673: [GC pause (G1 Evacuation Pause) (mixed), 0.0113890 secs]
   [Parallel Time: 8.1 ms, GC Workers: 8]
      [GC Worker Start (ms): Min: 20673.1, Avg: 20673.3, Max: 20673.4, Diff: 0.3]
      [Ext Root Scanning (ms): Min: 0.0, Avg: 0.1, Max: 0.2, Diff: 0.2, Sum: 0.5]
      [Update RS (ms): Min: 1.6, Avg: 1.6, Max: 1.7, Diff: 0.1, Sum: 13.1]
         [Processed Buffers: Min: 23, Avg: 24.5, Max: 26, Diff: 3, Sum: 196]
      [Scan RS (ms): Min: 0.0, Avg: 0.1, Max: 0.1, Diff: 0.1, Sum: 0.5]
      [Code Root Scanning (ms): Min: 0.0, Avg: 0.0, Max: 0.0, Diff: 0.0, Sum: 0.0]
      [Object Copy (ms): Min: 5.3, Avg: 5.3, Max: 5.4, Diff: 0.1, Sum: 42.6]
      [Termination (ms): Min: 0.0, Avg: 0.1, Max: 0.1, Diff: 0.1, Sum: 0.7]
         [Termination Attempts: Min: 1, Avg: 1.1, Max: 2, Diff: 1, Sum: 9]
      [GC Worker Other (ms): Min: 0.0, Avg: 0.0, Max: 0.0, Diff: 0.0, Sum: 0.1]
      [GC Worker Total (ms): Min: 7.0, Avg: 7.2, Max: 7.3, Diff: 0.3, Sum: 57.5]
      [GC Worker End (ms): Min: 20680.5, Avg: 20680.5, Max: 20680.5, Diff: 0.1]
   [Code Root Fixup: 0.0 ms]
   [Code Root Purge: 0.0 ms]
   [Clear CT: 1.3 ms]
   [Other: 2.0 ms]
      [Choose CSet: 0.1 ms]
      [Ref Proc: 0.5 ms]
      [Ref Enq: 0.0 ms]
      [Redirty Cards: 0.9 ms]
      [Humongous Register: 0.2 ms]
      [Humongous Reclaim: 0.1 ms]
      [Free CSet: 0.2 ms]
   [Eden: 93184.0K(93184.0K)->0.0B(91136.0K) Survivors: 11264.0K->13312.0K Heap: 987.3M(2048.0M)->716.1M(2048.0M)]
 [Times: user=0.06 sys=0.00, real=0.02 secs] 
2021-01-22T00:58:47.663+0800: 20.699: [GC pause (G1 Evacuation Pause) (mixed), 0.0092103 secs]
   [Parallel Time: 6.7 ms, GC Workers: 8]
      [GC Worker Start (ms): Min: 20698.9, Avg: 20699.1, Max: 20699.8, Diff: 0.9]
      [Ext Root Scanning (ms): Min: 0.0, Avg: 0.1, Max: 0.2, Diff: 0.2, Sum: 0.5]
      [Update RS (ms): Min: 0.9, Avg: 1.5, Max: 1.6, Diff: 0.7, Sum: 12.2]
         [Processed Buffers: Min: 14, Avg: 23.5, Max: 26, Diff: 12, Sum: 188]
      [Scan RS (ms): Min: 0.0, Avg: 0.0, Max: 0.1, Diff: 0.1, Sum: 0.3]
      [Code Root Scanning (ms): Min: 0.0, Avg: 0.0, Max: 0.0, Diff: 0.0, Sum: 0.0]
      [Object Copy (ms): Min: 4.3, Avg: 4.3, Max: 4.3, Diff: 0.1, Sum: 34.2]
      [Termination (ms): Min: 0.0, Avg: 0.1, Max: 0.1, Diff: 0.1, Sum: 0.4]
         [Termination Attempts: Min: 1, Avg: 1.0, Max: 1, Diff: 0, Sum: 8]
      [GC Worker Other (ms): Min: 0.0, Avg: 0.0, Max: 0.0, Diff: 0.0, Sum: 0.0]
      [GC Worker Total (ms): Min: 5.3, Avg: 6.0, Max: 6.2, Diff: 0.9, Sum: 47.6]
      [GC Worker End (ms): Min: 20705.1, Avg: 20705.1, Max: 20705.1, Diff: 0.0]
   [Code Root Fixup: 0.0 ms]
   [Code Root Purge: 0.0 ms]
   [Clear CT: 0.5 ms]
   [Other: 2.0 ms]
      [Choose CSet: 0.0 ms]
      [Ref Proc: 0.8 ms]
      [Ref Enq: 0.0 ms]
      [Redirty Cards: 0.6 ms]
      [Humongous Register: 0.1 ms]
      [Humongous Reclaim: 0.1 ms]
      [Free CSet: 0.1 ms]
   [Eden: 91136.0K(91136.0K)->0.0B(812.0M) Survivors: 13312.0K->13312.0K Heap: 827.4M(2048.0M)->652.0M(2048.0M)]
 [Times: user=0.05 sys=0.00, real=0.01 secs] 
2021-01-22T00:58:47.756+0800: 20.792: [GC pause (G1 Humongous Allocation) (young) (initial-mark), 0.0257774 secs]
   [Parallel Time: 23.6 ms, GC Workers: 8]
      [GC Worker Start (ms): Min: 20792.5, Avg: 20792.7, Max: 20792.8, Diff: 0.3]
      [Ext Root Scanning (ms): Min: 0.0, Avg: 1.1, Max: 6.3, Diff: 6.2, Sum: 8.4]
      [Update RS (ms): Min: 4.8, Avg: 10.2, Max: 11.2, Diff: 6.4, Sum: 81.6]
         [Processed Buffers: Min: 78, Avg: 136.4, Max: 169, Diff: 91, Sum: 1091]
      [Scan RS (ms): Min: 0.0, Avg: 0.1, Max: 0.2, Diff: 0.2, Sum: 0.8]
      [Code Root Scanning (ms): Min: 0.0, Avg: 0.0, Max: 0.0, Diff: 0.0, Sum: 0.0]
      [Object Copy (ms): Min: 11.2, Avg: 11.5, Max: 11.8, Diff: 0.6, Sum: 91.9]
      [Termination (ms): Min: 0.0, Avg: 0.2, Max: 0.3, Diff: 0.3, Sum: 1.7]
         [Termination Attempts: Min: 1, Avg: 1.0, Max: 1, Diff: 0, Sum: 8]
      [GC Worker Other (ms): Min: 0.0, Avg: 0.0, Max: 0.1, Diff: 0.1, Sum: 0.3]
      [GC Worker Total (ms): Min: 22.9, Avg: 23.1, Max: 23.3, Diff: 0.3, Sum: 184.7]
      [GC Worker End (ms): Min: 20815.7, Avg: 20815.8, Max: 20815.8, Diff: 0.1]
   [Code Root Fixup: 0.0 ms]
   [Code Root Purge: 0.0 ms]
   [Clear CT: 0.6 ms]
   [Other: 1.5 ms]
      [Choose CSet: 0.0 ms]
      [Ref Proc: 0.3 ms]
      [Ref Enq: 0.0 ms]
      [Redirty Cards: 0.4 ms]
      [Humongous Register: 0.1 ms]
      [Humongous Reclaim: 0.2 ms]
      [Free CSet: 0.2 ms]
   [Eden: 496.0M(812.0M)->0.0B(756.0M) Survivors: 13312.0K->104.0M Heap: 1282.4M(2048.0M)->760.1M(2048.0M)]
 [Times: user=0.17 sys=0.00, real=0.03 secs] 
2021-01-22T00:58:47.782+0800: 20.818: [GC concurrent-root-region-scan-start]
2021-01-22T00:58:47.783+0800: 20.819: [GC concurrent-root-region-scan-end, 0.0001877 secs]
2021-01-22T00:58:47.783+0800: 20.819: [GC concurrent-mark-start]
2021-01-22T00:58:47.785+0800: 20.821: [GC concurrent-mark-end, 0.0024958 secs]
2021-01-22T00:58:47.785+0800: 20.821: [GC remark 2021-01-22T00:58:47.786+0800: 20.821: [Finalize Marking, 0.0005827 secs] 2021-01-22T00:58:47.786+0800: 20.822: [GC ref-proc, 0.0003526 secs] 2021-01-22T00:58:47.787+0800: 20.823: [Unloading, 0.0008214 secs], 0.0034531 secs]
 [Times: user=0.01 sys=0.00, real=0.01 secs] 
2021-01-22T00:58:47.789+0800: 20.825: [GC cleanup 776M->653M(2048M), 0.0022589 secs]
 [Times: user=0.01 sys=0.00, real=0.00 secs] 
2021-01-22T00:58:47.792+0800: 20.828: [GC concurrent-cleanup-start]
2021-01-22T00:58:47.792+0800: 20.828: [GC concurrent-cleanup-end, 0.0000745 secs]
2021-01-22T00:58:47.898+0800: 20.934: [GC pause (G1 Evacuation Pause) (young), 0.0342566 secs]
   [Parallel Time: 31.0 ms, GC Workers: 8]
      [GC Worker Start (ms): Min: 20934.5, Avg: 20934.7, Max: 20934.8, Diff: 0.4]
      [Ext Root Scanning (ms): Min: 0.0, Avg: 0.1, Max: 0.3, Diff: 0.3, Sum: 0.6]
      [Update RS (ms): Min: 12.7, Avg: 12.8, Max: 13.0, Diff: 0.3, Sum: 102.4]
         [Processed Buffers: Min: 187, Avg: 193.4, Max: 197, Diff: 10, Sum: 1547]
      [Scan RS (ms): Min: 0.1, Avg: 0.2, Max: 0.6, Diff: 0.5, Sum: 1.7]
      [Code Root Scanning (ms): Min: 0.0, Avg: 0.0, Max: 0.0, Diff: 0.0, Sum: 0.1]
      [Object Copy (ms): Min: 16.6, Avg: 17.0, Max: 17.2, Diff: 0.5, Sum: 135.7]
      [Termination (ms): Min: 0.0, Avg: 0.2, Max: 0.3, Diff: 0.3, Sum: 1.5]
         [Termination Attempts: Min: 1, Avg: 1.2, Max: 3, Diff: 2, Sum: 10]
      [GC Worker Other (ms): Min: 0.0, Avg: 0.0, Max: 0.1, Diff: 0.1, Sum: 0.4]
      [GC Worker Total (ms): Min: 30.1, Avg: 30.3, Max: 30.6, Diff: 0.5, Sum: 242.3]
      [GC Worker End (ms): Min: 20964.9, Avg: 20965.0, Max: 20965.1, Diff: 0.1]
   [Code Root Fixup: 0.0 ms]
   [Code Root Purge: 0.0 ms]
   [Clear CT: 1.2 ms]
   [Other: 2.1 ms]
      [Choose CSet: 0.0 ms]
      [Ref Proc: 0.4 ms]
      [Ref Enq: 0.0 ms]
      [Redirty Cards: 0.7 ms]
      [Humongous Register: 0.3 ms]
      [Humongous Reclaim: 0.2 ms]
      [Free CSet: 0.3 ms]
   [Eden: 756.0M(756.0M)->0.0B(7168.0K) Survivors: 104.0M->108.0M Heap: 1585.3M(2048.0M)->732.6M(2048.0M)]
 [Times: user=0.25 sys=0.00, real=0.03 secs] 
2021-01-22T00:58:47.934+0800: 20.970: [GC pause (G1 Evacuation Pause) (mixed), 0.0147954 secs]
   [Parallel Time: 12.0 ms, GC Workers: 8]
      [GC Worker Start (ms): Min: 20970.4, Avg: 20970.5, Max: 20970.7, Diff: 0.3]
      [Ext Root Scanning (ms): Min: 0.0, Avg: 0.1, Max: 0.2, Diff: 0.2, Sum: 0.5]
      [Update RS (ms): Min: 0.1, Avg: 0.2, Max: 0.2, Diff: 0.1, Sum: 1.6]
         [Processed Buffers: Min: 2, Avg: 3.1, Max: 4, Diff: 2, Sum: 25]
      [Scan RS (ms): Min: 0.0, Avg: 0.1, Max: 0.1, Diff: 0.0, Sum: 0.5]
      [Code Root Scanning (ms): Min: 0.0, Avg: 0.0, Max: 0.0, Diff: 0.0, Sum: 0.0]
      [Object Copy (ms): Min: 10.7, Avg: 10.8, Max: 11.0, Diff: 0.3, Sum: 86.1]
      [Termination (ms): Min: 0.0, Avg: 0.3, Max: 0.3, Diff: 0.3, Sum: 2.0]
         [Termination Attempts: Min: 1, Avg: 1.0, Max: 1, Diff: 0, Sum: 8]
      [GC Worker Other (ms): Min: 0.0, Avg: 0.0, Max: 0.0, Diff: 0.0, Sum: 0.1]
      [GC Worker Total (ms): Min: 11.3, Avg: 11.4, Max: 11.5, Diff: 0.3, Sum: 90.9]
      [GC Worker End (ms): Min: 20981.9, Avg: 20981.9, Max: 20981.9, Diff: 0.1]
   [Code Root Fixup: 0.0 ms]
   [Code Root Purge: 0.0 ms]
   [Clear CT: 1.0 ms]
   [Other: 1.8 ms]
      [Choose CSet: 0.1 ms]
      [Ref Proc: 0.5 ms]
      [Ref Enq: 0.0 ms]
      [Redirty Cards: 0.7 ms]
      [Humongous Register: 0.1 ms]
      [Humongous Reclaim: 0.1 ms]
      [Free CSet: 0.2 ms]
   [Eden: 7168.0K(7168.0K)->0.0B(578.0M) Survivors: 108.0M->2048.0K Heap: 741.6M(2048.0M)->560.9M(2048.0M)]
 [Times: user=0.09 sys=0.01, real=0.02 secs] 
2021-01-22T00:58:48.038+0800: 21.074: [GC pause (G1 Evacuation Pause) (young), 0.0256592 secs]
   [Parallel Time: 22.4 ms, GC Workers: 8]
      [GC Worker Start (ms): Min: 21074.4, Avg: 21074.5, Max: 21074.7, Diff: 0.3]
      [Ext Root Scanning (ms): Min: 0.0, Avg: 0.1, Max: 0.2, Diff: 0.2, Sum: 0.6]
      [Update RS (ms): Min: 9.5, Avg: 9.7, Max: 9.8, Diff: 0.2, Sum: 77.7]
         [Processed Buffers: Min: 128, Avg: 143.9, Max: 151, Diff: 23, Sum: 1151]
      [Scan RS (ms): Min: 0.1, Avg: 0.1, Max: 0.1, Diff: 0.0, Sum: 0.5]
      [Code Root Scanning (ms): Min: 0.0, Avg: 0.0, Max: 0.0, Diff: 0.0, Sum: 0.0]
      [Object Copy (ms): Min: 11.5, Avg: 11.6, Max: 11.8, Diff: 0.3, Sum: 92.4]
      [Termination (ms): Min: 0.0, Avg: 0.1, Max: 0.1, Diff: 0.1, Sum: 0.5]
         [Termination Attempts: Min: 1, Avg: 1.0, Max: 1, Diff: 0, Sum: 8]
      [GC Worker Other (ms): Min: 0.0, Avg: 0.0, Max: 0.0, Diff: 0.0, Sum: 0.1]
      [GC Worker Total (ms): Min: 21.3, Avg: 21.5, Max: 21.6, Diff: 0.3, Sum: 171.9]
      [GC Worker End (ms): Min: 21096.0, Avg: 21096.0, Max: 21096.0, Diff: 0.0]
   [Code Root Fixup: 0.0 ms]
   [Code Root Purge: 0.0 ms]
   [Clear CT: 1.2 ms]
   [Other: 2.1 ms]
      [Choose CSet: 0.0 ms]
      [Ref Proc: 0.5 ms]
      [Ref Enq: 0.0 ms]
      [Redirty Cards: 0.9 ms]
      [Humongous Register: 0.2 ms]
      [Humongous Reclaim: 0.2 ms]
      [Free CSet: 0.2 ms]
   [Eden: 578.0M(578.0M)->0.0B(29696.0K) Survivors: 2048.0K->74752.0K Heap: 1281.5M(2048.0M)->703.2M(2048.0M)]
 [Times: user=0.18 sys=0.00, real=0.03 secs] 
2021-01-22T00:58:48.069+0800: 21.105: [GC pause (G1 Evacuation Pause) (young), 0.0104834 secs]
   [Parallel Time: 7.5 ms, GC Workers: 8]
      [GC Worker Start (ms): Min: 21105.4, Avg: 21105.6, Max: 21105.7, Diff: 0.3]
      [Ext Root Scanning (ms): Min: 0.0, Avg: 0.1, Max: 0.2, Diff: 0.2, Sum: 0.6]
      [Update RS (ms): Min: 0.5, Avg: 0.6, Max: 0.6, Diff: 0.1, Sum: 4.5]
         [Processed Buffers: Min: 7, Avg: 8.1, Max: 9, Diff: 2, Sum: 65]
      [Scan RS (ms): Min: 0.0, Avg: 0.0, Max: 0.0, Diff: 0.0, Sum: 0.1]
      [Code Root Scanning (ms): Min: 0.0, Avg: 0.0, Max: 0.0, Diff: 0.0, Sum: 0.0]
      [Object Copy (ms): Min: 6.3, Avg: 6.3, Max: 6.4, Diff: 0.1, Sum: 50.7]
      [Termination (ms): Min: 0.0, Avg: 0.0, Max: 0.1, Diff: 0.1, Sum: 0.2]
         [Termination Attempts: Min: 1, Avg: 1.0, Max: 1, Diff: 0, Sum: 8]
      [GC Worker Other (ms): Min: 0.0, Avg: 0.0, Max: 0.0, Diff: 0.0, Sum: 0.0]
      [GC Worker Total (ms): Min: 6.9, Avg: 7.0, Max: 7.2, Diff: 0.3, Sum: 56.0]
      [GC Worker End (ms): Min: 21112.6, Avg: 21112.6, Max: 21112.6, Diff: 0.0]
   [Code Root Fixup: 0.0 ms]
   [Code Root Purge: 0.0 ms]
   [Clear CT: 0.9 ms]
   [Other: 2.1 ms]
      [Choose CSet: 0.0 ms]
      [Ref Proc: 0.7 ms]
      [Ref Enq: 0.0 ms]
      [Redirty Cards: 1.0 ms]
      [Humongous Register: 0.1 ms]
      [Humongous Reclaim: 0.1 ms]
      [Free CSet: 0.1 ms]
   [Eden: 29696.0K(29696.0K)->0.0B(155.0M) Survivors: 74752.0K->6144.0K Heap: 739.2M(2048.0M)->710.8M(2048.0M)]
 [Times: user=0.06 sys=0.01, real=0.01 secs] 
2021-01-22T00:58:48.102+0800: 21.138: [GC pause (G1 Evacuation Pause) (young), 0.0113525 secs]
   [Parallel Time: 8.1 ms, GC Workers: 8]
      [GC Worker Start (ms): Min: 21137.8, Avg: 21138.0, Max: 21138.1, Diff: 0.3]
      [Ext Root Scanning (ms): Min: 0.0, Avg: 0.1, Max: 0.2, Diff: 0.2, Sum: 0.6]
      [Update RS (ms): Min: 3.1, Avg: 3.2, Max: 3.2, Diff: 0.1, Sum: 25.2]
         [Processed Buffers: Min: 47, Avg: 48.4, Max: 49, Diff: 2, Sum: 387]
      [Scan RS (ms): Min: 0.0, Avg: 0.0, Max: 0.0, Diff: 0.0, Sum: 0.1]
      [Code Root Scanning (ms): Min: 0.0, Avg: 0.0, Max: 0.0, Diff: 0.0, Sum: 0.0]
      [Object Copy (ms): Min: 4.0, Avg: 4.0, Max: 4.1, Diff: 0.1, Sum: 32.1]
      [Termination (ms): Min: 0.0, Avg: 0.1, Max: 0.2, Diff: 0.2, Sum: 0.9]
         [Termination Attempts: Min: 1, Avg: 1.0, Max: 1, Diff: 0, Sum: 8]
      [GC Worker Other (ms): Min: 0.0, Avg: 0.0, Max: 0.0, Diff: 0.0, Sum: 0.1]
      [GC Worker Total (ms): Min: 7.3, Avg: 7.4, Max: 7.5, Diff: 0.3, Sum: 59.0]
      [GC Worker End (ms): Min: 21145.3, Avg: 21145.4, Max: 21145.4, Diff: 0.0]
   [Code Root Fixup: 0.0 ms]
   [Code Root Purge: 0.0 ms]
   [Clear CT: 1.3 ms]
   [Other: 1.9 ms]
      [Choose CSet: 0.0 ms]
      [Ref Proc: 0.5 ms]
      [Ref Enq: 0.0 ms]
      [Redirty Cards: 0.8 ms]
      [Humongous Register: 0.1 ms]
      [Humongous Reclaim: 0.2 ms]
      [Free CSet: 0.1 ms]
   [Eden: 155.0M(155.0M)->0.0B(152.0M) Survivors: 6144.0K->21504.0K Heap: 913.0M(2048.0M)->756.9M(2048.0M)]
 [Times: user=0.07 sys=0.00, real=0.01 secs] 
2021-01-22T00:58:48.135+0800: 21.171: [GC pause (G1 Evacuation Pause) (young), 0.0116229 secs]
   [Parallel Time: 8.8 ms, GC Workers: 8]
      [GC Worker Start (ms): Min: 21171.6, Avg: 21171.7, Max: 21171.8, Diff: 0.3]
      [Ext Root Scanning (ms): Min: 0.0, Avg: 0.1, Max: 0.2, Diff: 0.2, Sum: 0.5]
      [Update RS (ms): Min: 2.8, Avg: 2.8, Max: 2.9, Diff: 0.1, Sum: 22.8]
         [Processed Buffers: Min: 42, Avg: 43.1, Max: 44, Diff: 2, Sum: 345]
      [Scan RS (ms): Min: 0.0, Avg: 0.0, Max: 0.0, Diff: 0.0, Sum: 0.1]
      [Code Root Scanning (ms): Min: 0.0, Avg: 0.0, Max: 0.0, Diff: 0.0, Sum: 0.0]
      [Object Copy (ms): Min: 5.2, Avg: 5.2, Max: 5.3, Diff: 0.1, Sum: 41.9]
      [Termination (ms): Min: 0.0, Avg: 0.1, Max: 0.1, Diff: 0.1, Sum: 0.6]
         [Termination Attempts: Min: 1, Avg: 1.0, Max: 1, Diff: 0, Sum: 8]
      [GC Worker Other (ms): Min: 0.0, Avg: 0.0, Max: 0.1, Diff: 0.1, Sum: 0.2]
      [GC Worker Total (ms): Min: 8.1, Avg: 8.3, Max: 8.4, Diff: 0.3, Sum: 66.1]
      [GC Worker End (ms): Min: 21179.9, Avg: 21180.0, Max: 21180.0, Diff: 0.1]
   [Code Root Fixup: 0.0 ms]
   [Code Root Purge: 0.0 ms]
   [Clear CT: 0.8 ms]
   [Other: 2.0 ms]
      [Choose CSet: 0.0 ms]
      [Ref Proc: 0.8 ms]
      [Ref Enq: 0.0 ms]
      [Redirty Cards: 0.6 ms]
      [Humongous Register: 0.1 ms]
      [Humongous Reclaim: 0.1 ms]
      [Free CSet: 0.1 ms]
   [Eden: 152.0M(152.0M)->0.0B(190.0M) Survivors: 21504.0K->22528.0K Heap: 950.9M(2048.0M)->798.3M(2048.0M)]
 [Times: user=0.07 sys=0.00, real=0.01 secs] 
2021-01-22T00:58:48.174+0800: 21.210: [GC pause (G1 Humongous Allocation) (young) (initial-mark), 0.0150984 secs]
   [Parallel Time: 11.3 ms, GC Workers: 8]
      [GC Worker Start (ms): Min: 21210.3, Avg: 21210.5, Max: 21210.7, Diff: 0.4]
      [Ext Root Scanning (ms): Min: 0.0, Avg: 0.4, Max: 0.6, Diff: 0.6, Sum: 3.0]
      [Update RS (ms): Min: 3.0, Avg: 3.2, Max: 3.4, Diff: 0.3, Sum: 25.3]
         [Processed Buffers: Min: 46, Avg: 48.9, Max: 55, Diff: 9, Sum: 391]
      [Scan RS (ms): Min: 0.0, Avg: 0.0, Max: 0.0, Diff: 0.0, Sum: 0.1]
      [Code Root Scanning (ms): Min: 0.0, Avg: 0.0, Max: 0.0, Diff: 0.0, Sum: 0.0]
      [Object Copy (ms): Min: 6.2, Avg: 6.3, Max: 6.9, Diff: 0.7, Sum: 50.7]
      [Termination (ms): Min: 0.0, Avg: 0.6, Max: 0.7, Diff: 0.7, Sum: 4.7]
         [Termination Attempts: Min: 1, Avg: 1.1, Max: 2, Diff: 1, Sum: 9]
      [GC Worker Other (ms): Min: 0.0, Avg: 0.0, Max: 0.0, Diff: 0.0, Sum: 0.1]
      [GC Worker Total (ms): Min: 10.3, Avg: 10.5, Max: 10.7, Diff: 0.3, Sum: 84.0]
      [GC Worker End (ms): Min: 21221.0, Avg: 21221.0, Max: 21221.0, Diff: 0.0]
   [Code Root Fixup: 0.0 ms]
   [Code Root Purge: 0.0 ms]
   [Clear CT: 1.6 ms]
   [Other: 2.2 ms]
      [Choose CSet: 0.0 ms]
      [Ref Proc: 0.5 ms]
      [Ref Enq: 0.0 ms]
      [Redirty Cards: 1.2 ms]
      [Humongous Register: 0.1 ms]
      [Humongous Reclaim: 0.1 ms]
      [Free CSet: 0.1 ms]
   [Eden: 190.0M(190.0M)->0.0B(248.0M) Survivors: 22528.0K->27648.0K Heap: 1035.6M(2048.0M)->849.1M(2048.0M)]
 [Times: user=0.09 sys=0.00, real=0.02 secs] 
2021-01-22T00:58:48.190+0800: 21.226: [GC concurrent-root-region-scan-start]
2021-01-22T00:58:48.191+0800: 21.226: [GC concurrent-root-region-scan-end, 0.0003542 secs]
2021-01-22T00:58:48.191+0800: 21.226: [GC concurrent-mark-start]
2021-01-22T00:58:48.193+0800: 21.229: [GC concurrent-mark-end, 0.0028977 secs]
2021-01-22T00:58:48.194+0800: 21.230: [GC remark 2021-01-22T00:58:48.194+0800: 21.230: [Finalize Marking, 0.0009171 secs] 2021-01-22T00:58:48.196+0800: 21.231: [GC ref-proc, 0.0005886 secs] 2021-01-22T00:58:48.196+0800: 21.232: [Unloading, 0.0010860 secs], 0.0054251 secs]
 [Times: user=0.00 sys=0.00, real=0.01 secs] 
2021-01-22T00:58:48.200+0800: 21.236: [GC cleanup 879M->698M(2048M), 0.0038626 secs]
 [Times: user=0.01 sys=0.00, real=0.00 secs] 
2021-01-22T00:58:48.205+0800: 21.241: [GC concurrent-cleanup-start]
2021-01-22T00:58:48.205+0800: 21.241: [GC concurrent-cleanup-end, 0.0001531 secs]
2021-01-22T00:58:48.238+0800: 21.274: [GC pause (G1 Evacuation Pause) (young), 0.0198143 secs]
   [Parallel Time: 13.7 ms, GC Workers: 8]
      [GC Worker Start (ms): Min: 21274.2, Avg: 21274.4, Max: 21274.5, Diff: 0.3]
      [Ext Root Scanning (ms): Min: 0.0, Avg: 0.1, Max: 0.2, Diff: 0.2, Sum: 0.5]
      [Update RS (ms): Min: 4.2, Avg: 4.3, Max: 4.3, Diff: 0.1, Sum: 34.3]
         [Processed Buffers: Min: 64, Avg: 65.8, Max: 67, Diff: 3, Sum: 526]
      [Scan RS (ms): Min: 0.0, Avg: 0.0, Max: 0.0, Diff: 0.0, Sum: 0.2]
      [Code Root Scanning (ms): Min: 0.0, Avg: 0.0, Max: 0.0, Diff: 0.0, Sum: 0.0]
      [Object Copy (ms): Min: 8.0, Avg: 8.1, Max: 8.7, Diff: 0.7, Sum: 65.1]
      [Termination (ms): Min: 0.0, Avg: 0.6, Max: 0.8, Diff: 0.8, Sum: 4.8]
         [Termination Attempts: Min: 1, Avg: 1.0, Max: 1, Diff: 0, Sum: 8]
      [GC Worker Other (ms): Min: 0.0, Avg: 0.0, Max: 0.0, Diff: 0.0, Sum: 0.1]
      [GC Worker Total (ms): Min: 13.0, Avg: 13.1, Max: 13.4, Diff: 0.4, Sum: 105.0]
      [GC Worker End (ms): Min: 21287.5, Avg: 21287.5, Max: 21287.5, Diff: 0.1]
   [Code Root Fixup: 0.0 ms]
   [Code Root Purge: 0.0 ms]
   [Clear CT: 0.9 ms]
   [Other: 5.2 ms]
      [Choose CSet: 0.0 ms]
      [Ref Proc: 4.0 ms]
      [Ref Enq: 0.0 ms]
      [Redirty Cards: 0.7 ms]
      [Humongous Register: 0.1 ms]
      [Humongous Reclaim: 0.1 ms]
      [Free CSet: 0.1 ms]
   [Eden: 248.0M(248.0M)->0.0B(68608.0K) Survivors: 27648.0K->35840.0K Heap: 980.6M(2048.0M)->721.8M(2048.0M)]
 [Times: user=0.13 sys=0.01, real=0.03 secs] 
2021-01-22T00:58:48.268+0800: 21.304: [GC pause (G1 Evacuation Pause) (mixed), 0.0121197 secs]
   [Parallel Time: 8.8 ms, GC Workers: 8]
      [GC Worker Start (ms): Min: 21304.2, Avg: 21304.3, Max: 21304.5, Diff: 0.3]
      [Ext Root Scanning (ms): Min: 0.0, Avg: 0.1, Max: 0.2, Diff: 0.2, Sum: 0.6]
      [Update RS (ms): Min: 1.3, Avg: 1.4, Max: 1.4, Diff: 0.1, Sum: 11.1]
         [Processed Buffers: Min: 21, Avg: 21.5, Max: 22, Diff: 1, Sum: 172]
      [Scan RS (ms): Min: 0.1, Avg: 0.1, Max: 0.1, Diff: 0.0, Sum: 0.7]
      [Code Root Scanning (ms): Min: 0.0, Avg: 0.0, Max: 0.0, Diff: 0.0, Sum: 0.0]
      [Object Copy (ms): Min: 6.7, Avg: 6.8, Max: 6.8, Diff: 0.1, Sum: 54.2]
      [Termination (ms): Min: 0.0, Avg: 0.1, Max: 0.1, Diff: 0.1, Sum: 0.5]
         [Termination Attempts: Min: 1, Avg: 1.4, Max: 2, Diff: 1, Sum: 11]
      [GC Worker Other (ms): Min: 0.0, Avg: 0.0, Max: 0.0, Diff: 0.0, Sum: 0.1]
      [GC Worker Total (ms): Min: 8.3, Avg: 8.4, Max: 8.6, Diff: 0.3, Sum: 67.3]
      [GC Worker End (ms): Min: 21312.7, Avg: 21312.7, Max: 21312.8, Diff: 0.0]
   [Code Root Fixup: 0.0 ms]
   [Code Root Purge: 0.0 ms]
   [Clear CT: 0.9 ms]
   [Other: 2.3 ms]
      [Choose CSet: 0.1 ms]
      [Ref Proc: 0.7 ms]
      [Ref Enq: 0.0 ms]
      [Redirty Cards: 1.0 ms]
      [Humongous Register: 0.1 ms]
      [Humongous Reclaim: 0.1 ms]
      [Free CSet: 0.2 ms]
   [Eden: 68608.0K(68608.0K)->0.0B(91136.0K) Survivors: 35840.0K->13312.0K Heap: 809.1M(2048.0M)->560.4M(2048.0M)]
 [Times: user=0.06 sys=0.01, real=0.02 secs] 
2021-01-22T00:58:48.293+0800: 21.329: [GC pause (G1 Evacuation Pause) (mixed), 0.0090337 secs]
   [Parallel Time: 5.8 ms, GC Workers: 8]
      [GC Worker Start (ms): Min: 21329.6, Avg: 21329.8, Max: 21329.9, Diff: 0.3]
      [Ext Root Scanning (ms): Min: 0.0, Avg: 0.1, Max: 0.2, Diff: 0.2, Sum: 0.5]
      [Update RS (ms): Min: 1.5, Avg: 1.6, Max: 1.6, Diff: 0.1, Sum: 12.7]
         [Processed Buffers: Min: 22, Avg: 23.4, Max: 25, Diff: 3, Sum: 187]
      [Scan RS (ms): Min: 0.0, Avg: 0.0, Max: 0.0, Diff: 0.0, Sum: 0.2]
      [Code Root Scanning (ms): Min: 0.0, Avg: 0.0, Max: 0.0, Diff: 0.0, Sum: 0.0]
      [Object Copy (ms): Min: 3.6, Avg: 3.7, Max: 3.7, Diff: 0.1, Sum: 29.3]
      [Termination (ms): Min: 0.0, Avg: 0.1, Max: 0.1, Diff: 0.1, Sum: 0.6]
         [Termination Attempts: Min: 1, Avg: 1.0, Max: 1, Diff: 0, Sum: 8]
      [GC Worker Other (ms): Min: 0.0, Avg: 0.0, Max: 0.0, Diff: 0.0, Sum: 0.1]
      [GC Worker Total (ms): Min: 5.3, Avg: 5.4, Max: 5.6, Diff: 0.3, Sum: 43.5]
      [GC Worker End (ms): Min: 21335.2, Avg: 21335.2, Max: 21335.2, Diff: 0.0]
   [Code Root Fixup: 0.0 ms]
   [Code Root Purge: 0.0 ms]
   [Clear CT: 1.3 ms]
   [Other: 1.9 ms]
      [Choose CSet: 0.0 ms]
      [Ref Proc: 0.5 ms]
      [Ref Enq: 0.0 ms]
      [Redirty Cards: 0.9 ms]
      [Humongous Register: 0.1 ms]
      [Humongous Reclaim: 0.1 ms]
      [Free CSet: 0.1 ms]
   [Eden: 91136.0K(91136.0K)->0.0B(542.0M) Survivors: 13312.0K->13312.0K Heap: 671.6M(2048.0M)->572.4M(2048.0M)]
 [Times: user=0.05 sys=0.00, real=0.01 secs] 
2021-01-22T00:58:48.384+0800: 21.420: [GC pause (G1 Evacuation Pause) (young), 0.0264737 secs]
   [Parallel Time: 23.7 ms, GC Workers: 8]
      [GC Worker Start (ms): Min: 21419.8, Avg: 21419.9, Max: 21420.1, Diff: 0.3]
      [Ext Root Scanning (ms): Min: 0.0, Avg: 0.1, Max: 0.2, Diff: 0.2, Sum: 0.5]
      [Update RS (ms): Min: 11.4, Avg: 11.7, Max: 13.0, Diff: 1.5, Sum: 93.4]
         [Processed Buffers: Min: 116, Avg: 157.5, Max: 175, Diff: 59, Sum: 1260]
      [Scan RS (ms): Min: 0.0, Avg: 0.1, Max: 0.6, Diff: 0.6, Sum: 1.1]
      [Code Root Scanning (ms): Min: 0.0, Avg: 0.0, Max: 0.0, Diff: 0.0, Sum: 0.0]
      [Object Copy (ms): Min: 9.4, Avg: 11.1, Max: 11.4, Diff: 2.0, Sum: 88.5]
      [Termination (ms): Min: 0.0, Avg: 0.0, Max: 0.1, Diff: 0.1, Sum: 0.3]
         [Termination Attempts: Min: 1, Avg: 1.0, Max: 1, Diff: 0, Sum: 8]
      [GC Worker Other (ms): Min: 0.0, Avg: 0.0, Max: 0.1, Diff: 0.1, Sum: 0.3]
      [GC Worker Total (ms): Min: 22.8, Avg: 23.0, Max: 23.1, Diff: 0.3, Sum: 184.1]
      [GC Worker End (ms): Min: 21442.9, Avg: 21442.9, Max: 21443.0, Diff: 0.1]
   [Code Root Fixup: 0.0 ms]
   [Code Root Purge: 0.0 ms]
   [Clear CT: 0.7 ms]
   [Other: 2.1 ms]
      [Choose CSet: 0.0 ms]
      [Ref Proc: 0.5 ms]
      [Ref Enq: 0.0 ms]
      [Redirty Cards: 0.8 ms]
      [Humongous Register: 0.1 ms]
      [Humongous Reclaim: 0.3 ms]
      [Free CSet: 0.2 ms]
   [Eden: 542.0M(542.0M)->0.0B(616.0M) Survivors: 13312.0K->71680.0K Heap: 1270.7M(2048.0M)->698.1M(2048.0M)]
 [Times: user=0.18 sys=0.01, real=0.03 secs] 
2021-01-22T00:58:48.482+0800: 21.518: [GC pause (G1 Humongous Allocation) (young) (initial-mark), 0.0289510 secs]
   [Parallel Time: 26.1 ms, GC Workers: 8]
      [GC Worker Start (ms): Min: 21518.6, Avg: 21518.7, Max: 21518.9, Diff: 0.3]
      [Ext Root Scanning (ms): Min: 0.0, Avg: 0.3, Max: 0.5, Diff: 0.5, Sum: 2.5]
      [Update RS (ms): Min: 9.6, Avg: 9.7, Max: 9.9, Diff: 0.3, Sum: 77.7]
         [Processed Buffers: Min: 142, Avg: 147.4, Max: 152, Diff: 10, Sum: 1179]
      [Scan RS (ms): Min: 0.0, Avg: 0.1, Max: 0.1, Diff: 0.0, Sum: 0.5]
      [Code Root Scanning (ms): Min: 0.0, Avg: 0.0, Max: 0.0, Diff: 0.0, Sum: 0.0]
      [Object Copy (ms): Min: 13.8, Avg: 14.0, Max: 15.2, Diff: 1.5, Sum: 111.8]
      [Termination (ms): Min: 0.0, Avg: 1.3, Max: 1.5, Diff: 1.5, Sum: 10.1]
         [Termination Attempts: Min: 1, Avg: 1.1, Max: 2, Diff: 1, Sum: 9]
      [GC Worker Other (ms): Min: 0.0, Avg: 0.0, Max: 0.0, Diff: 0.0, Sum: 0.1]
      [GC Worker Total (ms): Min: 25.2, Avg: 25.3, Max: 25.5, Diff: 0.3, Sum: 202.8]
      [GC Worker End (ms): Min: 21544.0, Avg: 21544.0, Max: 21544.1, Diff: 0.1]
   [Code Root Fixup: 0.0 ms]
   [Code Root Purge: 0.0 ms]
   [Clear CT: 0.8 ms]
   [Other: 2.1 ms]
      [Choose CSet: 0.0 ms]
      [Ref Proc: 0.4 ms]
      [Ref Enq: 0.0 ms]
      [Redirty Cards: 0.9 ms]
      [Humongous Register: 0.2 ms]
      [Humongous Reclaim: 0.2 ms]
      [Free CSet: 0.2 ms]
   [Eden: 511.0M(616.0M)->0.0B(560.0M) Survivors: 71680.0K->88064.0K Heap: 1355.3M(2048.0M)->793.9M(2048.0M)]
 [Times: user=0.20 sys=0.00, real=0.03 secs] 
2021-01-22T00:58:48.512+0800: 21.548: [GC concurrent-root-region-scan-start]
2021-01-22T00:58:48.512+0800: 21.548: [GC concurrent-root-region-scan-end, 0.0002288 secs]
2021-01-22T00:58:48.512+0800: 21.548: [GC concurrent-mark-start]
2021-01-22T00:58:48.515+0800: 21.551: [GC concurrent-mark-end, 0.0026670 secs]
2021-01-22T00:58:48.515+0800: 21.551: [GC remark 2021-01-22T00:58:48.515+0800: 21.551: [Finalize Marking, 0.0007331 secs] 2021-01-22T00:58:48.517+0800: 21.552: [GC ref-proc, 0.0004586 secs] 2021-01-22T00:58:48.517+0800: 21.553: [Unloading, 0.0012669 secs], 0.0044838 secs]
 [Times: user=0.00 sys=0.01, real=0.01 secs] 
2021-01-22T00:58:48.520+0800: 21.556: [GC cleanup 818M->693M(2048M), 0.0029677 secs]
 [Times: user=0.00 sys=0.00, real=0.00 secs] 
2021-01-22T00:58:48.524+0800: 21.560: [GC concurrent-cleanup-start]
2021-01-22T00:58:48.524+0800: 21.560: [GC concurrent-cleanup-end, 0.0000743 secs]
2021-01-22T00:58:48.606+0800: 21.642: [GC pause (G1 Evacuation Pause) (young), 0.0309851 secs]
   [Parallel Time: 27.1 ms, GC Workers: 8]
      [GC Worker Start (ms): Min: 21642.4, Avg: 21642.6, Max: 21642.7, Diff: 0.3]
      [Ext Root Scanning (ms): Min: 0.0, Avg: 0.1, Max: 0.2, Diff: 0.2, Sum: 0.5]
      [Update RS (ms): Min: 10.4, Avg: 10.4, Max: 10.5, Diff: 0.1, Sum: 83.4]
         [Processed Buffers: Min: 151, Avg: 157.1, Max: 162, Diff: 11, Sum: 1257]
      [Scan RS (ms): Min: 0.0, Avg: 0.1, Max: 0.1, Diff: 0.0, Sum: 0.6]
      [Code Root Scanning (ms): Min: 0.0, Avg: 0.0, Max: 0.0, Diff: 0.0, Sum: 0.0]
      [Object Copy (ms): Min: 15.5, Avg: 15.5, Max: 15.8, Diff: 0.3, Sum: 124.2]
      [Termination (ms): Min: 0.0, Avg: 0.2, Max: 0.3, Diff: 0.3, Sum: 2.0]
         [Termination Attempts: Min: 1, Avg: 1.0, Max: 1, Diff: 0, Sum: 8]
      [GC Worker Other (ms): Min: 0.0, Avg: 0.0, Max: 0.0, Diff: 0.0, Sum: 0.1]
      [GC Worker Total (ms): Min: 26.2, Avg: 26.4, Max: 26.5, Diff: 0.3, Sum: 210.9]
      [GC Worker End (ms): Min: 21668.9, Avg: 21669.0, Max: 21669.0, Diff: 0.1]
   [Code Root Fixup: 0.0 ms]
   [Code Root Purge: 0.0 ms]
   [Clear CT: 1.0 ms]
   [Other: 2.9 ms]
      [Choose CSet: 0.0 ms]
      [Ref Proc: 0.9 ms]
      [Ref Enq: 0.0 ms]
      [Redirty Cards: 1.3 ms]
      [Humongous Register: 0.2 ms]
      [Humongous Reclaim: 0.2 ms]
      [Free CSet: 0.2 ms]
   [Eden: 560.0M(560.0M)->0.0B(21504.0K) Survivors: 88064.0K->82944.0K Heap: 1384.7M(2048.0M)->769.0M(2048.0M)]
 [Times: user=0.22 sys=0.00, real=0.03 secs] 
2021-01-22T00:58:48.641+0800: 21.677: [GC pause (G1 Evacuation Pause) (mixed), 0.0133429 secs]
   [Parallel Time: 9.6 ms, GC Workers: 8]
      [GC Worker Start (ms): Min: 21677.4, Avg: 21677.6, Max: 21677.8, Diff: 0.4]
      [Ext Root Scanning (ms): Min: 0.0, Avg: 0.1, Max: 0.2, Diff: 0.2, Sum: 0.5]
      [Update RS (ms): Min: 0.3, Avg: 0.4, Max: 0.5, Diff: 0.1, Sum: 3.2]
         [Processed Buffers: Min: 5, Avg: 6.2, Max: 7, Diff: 2, Sum: 50]
      [Scan RS (ms): Min: 0.0, Avg: 0.1, Max: 0.1, Diff: 0.0, Sum: 0.5]
      [Code Root Scanning (ms): Min: 0.0, Avg: 0.0, Max: 0.0, Diff: 0.0, Sum: 0.0]
      [Object Copy (ms): Min: 8.3, Avg: 8.4, Max: 8.4, Diff: 0.1, Sum: 67.0]
      [Termination (ms): Min: 0.0, Avg: 0.0, Max: 0.1, Diff: 0.1, Sum: 0.4]
         [Termination Attempts: Min: 1, Avg: 1.0, Max: 1, Diff: 0, Sum: 8]
      [GC Worker Other (ms): Min: 0.0, Avg: 0.0, Max: 0.0, Diff: 0.0, Sum: 0.1]
      [GC Worker Total (ms): Min: 8.8, Avg: 9.0, Max: 9.2, Diff: 0.4, Sum: 71.6]
      [GC Worker End (ms): Min: 21686.6, Avg: 21686.6, Max: 21686.6, Diff: 0.0]
   [Code Root Fixup: 0.0 ms]
   [Code Root Purge: 0.0 ms]
   [Clear CT: 1.5 ms]
   [Other: 2.2 ms]
      [Choose CSet: 0.1 ms]
      [Ref Proc: 0.5 ms]
      [Ref Enq: 0.0 ms]
      [Redirty Cards: 1.0 ms]
      [Humongous Register: 0.1 ms]
      [Humongous Reclaim: 0.0 ms]
      [Free CSet: 0.3 ms]
   [Eden: 21504.0K(21504.0K)->0.0B(95232.0K) Survivors: 82944.0K->9216.0K Heap: 795.1M(2048.0M)->588.0M(2048.0M)]
 [Times: user=0.08 sys=0.00, real=0.01 secs] 
2021-01-22T00:58:48.669+0800: 21.705: [GC pause (G1 Evacuation Pause) (mixed), 0.0100396 secs]
   [Parallel Time: 6.8 ms, GC Workers: 8]
      [GC Worker Start (ms): Min: 21704.9, Avg: 21705.1, Max: 21705.2, Diff: 0.3]
      [Ext Root Scanning (ms): Min: 0.0, Avg: 0.1, Max: 0.2, Diff: 0.2, Sum: 0.5]
      [Update RS (ms): Min: 1.8, Avg: 1.9, Max: 1.9, Diff: 0.2, Sum: 14.9]
         [Processed Buffers: Min: 23, Avg: 27.2, Max: 28, Diff: 5, Sum: 218]
      [Scan RS (ms): Min: 0.0, Avg: 0.0, Max: 0.0, Diff: 0.0, Sum: 0.1]
      [Code Root Scanning (ms): Min: 0.0, Avg: 0.0, Max: 0.0, Diff: 0.0, Sum: 0.0]
      [Object Copy (ms): Min: 3.2, Avg: 3.3, Max: 3.6, Diff: 0.4, Sum: 26.6]
      [Termination (ms): Min: 0.0, Avg: 0.3, Max: 0.4, Diff: 0.4, Sum: 2.4]
         [Termination Attempts: Min: 1, Avg: 1.0, Max: 1, Diff: 0, Sum: 8]
      [GC Worker Other (ms): Min: 0.0, Avg: 0.0, Max: 0.0, Diff: 0.0, Sum: 0.1]
      [GC Worker Total (ms): Min: 5.4, Avg: 5.6, Max: 5.8, Diff: 0.3, Sum: 44.7]
      [GC Worker End (ms): Min: 21710.6, Avg: 21710.7, Max: 21710.7, Diff: 0.0]
   [Code Root Fixup: 0.0 ms]
   [Code Root Purge: 0.0 ms]
   [Clear CT: 0.9 ms]
   [Other: 2.3 ms]
      [Choose CSet: 0.0 ms]
      [Ref Proc: 0.8 ms]
      [Ref Enq: 0.0 ms]
      [Redirty Cards: 0.8 ms]
      [Humongous Register: 0.1 ms]
      [Humongous Reclaim: 0.2 ms]
      [Free CSet: 0.1 ms]
   [Eden: 95232.0K(95232.0K)->0.0B(934.0M) Survivors: 9216.0K->13312.0K Heap: 707.1M(2048.0M)->620.1M(2048.0M)]
 [Times: user=0.05 sys=0.01, real=0.01 secs] 
2021-01-22T00:58:48.768+0800: 21.803: [GC pause (G1 Humongous Allocation) (young) (initial-mark), 0.0286500 secs]
   [Parallel Time: 25.2 ms, GC Workers: 8]
      [GC Worker Start (ms): Min: 21803.7, Avg: 21804.0, Max: 21804.2, Diff: 0.5]
      [Ext Root Scanning (ms): Min: 0.0, Avg: 0.4, Max: 0.5, Diff: 0.5, Sum: 3.2]
      [Update RS (ms): Min: 10.5, Avg: 10.6, Max: 10.7, Diff: 0.3, Sum: 84.8]
         [Processed Buffers: Min: 149, Avg: 161.0, Max: 165, Diff: 16, Sum: 1288]
      [Scan RS (ms): Min: 0.1, Avg: 0.1, Max: 0.1, Diff: 0.0, Sum: 0.6]
      [Code Root Scanning (ms): Min: 0.0, Avg: 0.0, Max: 0.0, Diff: 0.0, Sum: 0.0]
      [Object Copy (ms): Min: 12.5, Avg: 12.7, Max: 13.5, Diff: 1.0, Sum: 101.7]
      [Termination (ms): Min: 0.0, Avg: 0.8, Max: 1.0, Diff: 1.0, Sum: 6.5]
         [Termination Attempts: Min: 1, Avg: 1.0, Max: 1, Diff: 0, Sum: 8]
      [GC Worker Other (ms): Min: 0.0, Avg: 0.0, Max: 0.0, Diff: 0.0, Sum: 0.1]
      [GC Worker Total (ms): Min: 24.4, Avg: 24.6, Max: 24.9, Diff: 0.5, Sum: 196.8]
      [GC Worker End (ms): Min: 21828.6, Avg: 21828.6, Max: 21828.6, Diff: 0.0]
   [Code Root Fixup: 0.0 ms]
   [Code Root Purge: 0.0 ms]
   [Clear CT: 0.8 ms]
   [Other: 2.7 ms]
      [Choose CSet: 0.0 ms]
      [Ref Proc: 0.7 ms]
      [Ref Enq: 0.0 ms]
      [Redirty Cards: 1.1 ms]
      [Humongous Register: 0.1 ms]
      [Humongous Reclaim: 0.3 ms]
      [Free CSet: 0.2 ms]
   [Eden: 611.0M(934.0M)->0.0B(800.0M) Survivors: 13312.0K->119.0M Heap: 1390.1M(2048.0M)->757.1M(2048.0M)]
 [Times: user=0.19 sys=0.01, real=0.03 secs] 
2021-01-22T00:58:48.797+0800: 21.833: [GC concurrent-root-region-scan-start]
2021-01-22T00:58:48.797+0800: 21.833: [GC concurrent-root-region-scan-end, 0.0002396 secs]
2021-01-22T00:58:48.797+0800: 21.833: [GC concurrent-mark-start]
2021-01-22T00:58:48.800+0800: 21.836: [GC concurrent-mark-end, 0.0026197 secs]
2021-01-22T00:58:48.800+0800: 21.836: [GC remark 2021-01-22T00:58:48.800+0800: 21.836: [Finalize Marking, 0.0006516 secs] 2021-01-22T00:58:48.801+0800: 21.837: [GC ref-proc, 0.0004272 secs] 2021-01-22T00:58:48.802+0800: 21.838: [Unloading, 0.0012509 secs], 0.0046825 secs]
 [Times: user=0.01 sys=0.00, real=0.00 secs] 
2021-01-22T00:58:48.805+0800: 21.841: [GC cleanup 783M->657M(2048M), 0.0031002 secs]
 [Times: user=0.00 sys=0.01, real=0.01 secs] 
2021-01-22T00:58:48.809+0800: 21.845: [GC concurrent-cleanup-start]
2021-01-22T00:58:48.809+0800: 21.845: [GC concurrent-cleanup-end, 0.0000836 secs]
2021-01-22T00:58:48.924+0800: 21.960: [GC pause (G1 Evacuation Pause) (young) (to-space exhausted), 0.0390406 secs]
   [Parallel Time: 34.1 ms, GC Workers: 8]
      [GC Worker Start (ms): Min: 21960.2, Avg: 21960.4, Max: 21960.5, Diff: 0.3]
      [Ext Root Scanning (ms): Min: 0.0, Avg: 0.1, Max: 0.2, Diff: 0.2, Sum: 0.5]
      [Update RS (ms): Min: 15.5, Avg: 15.6, Max: 15.6, Diff: 0.1, Sum: 124.9]
         [Processed Buffers: Min: 207, Avg: 220.8, Max: 235, Diff: 28, Sum: 1766]
      [Scan RS (ms): Min: 0.1, Avg: 0.1, Max: 0.1, Diff: 0.0, Sum: 1.0]
      [Code Root Scanning (ms): Min: 0.0, Avg: 0.0, Max: 0.0, Diff: 0.0, Sum: 0.0]
      [Object Copy (ms): Min: 17.2, Avg: 17.4, Max: 17.6, Diff: 0.4, Sum: 139.2]
      [Termination (ms): Min: 0.0, Avg: 0.2, Max: 0.4, Diff: 0.4, Sum: 2.0]
         [Termination Attempts: Min: 1, Avg: 1.0, Max: 1, Diff: 0, Sum: 8]
      [GC Worker Other (ms): Min: 0.0, Avg: 0.0, Max: 0.0, Diff: 0.0, Sum: 0.1]
      [GC Worker Total (ms): Min: 33.3, Avg: 33.5, Max: 33.6, Diff: 0.3, Sum: 267.7]
      [GC Worker End (ms): Min: 21993.8, Avg: 21993.8, Max: 21993.9, Diff: 0.1]
   [Code Root Fixup: 0.0 ms]
   [Code Root Purge: 0.0 ms]
   [Clear CT: 0.9 ms]
   [Other: 4.0 ms]
      [Evacuation Failure: 0.9 ms]
      [Choose CSet: 0.0 ms]
      [Ref Proc: 1.0 ms]
      [Ref Enq: 0.0 ms]
      [Redirty Cards: 1.1 ms]
      [Humongous Register: 0.2 ms]
      [Humongous Reclaim: 0.3 ms]
      [Free CSet: 0.3 ms]
   [Eden: 800.0M(800.0M)->0.0B(7168.0K) Survivors: 119.0M->115.0M Heap: 1650.5M(2048.0M)->793.1M(2048.0M)]
 [Times: user=0.27 sys=0.01, real=0.04 secs] 
2021-01-22T00:58:48.965+0800: 22.001: [GC pause (G1 Evacuation Pause) (mixed), 0.0153010 secs]
   [Parallel Time: 12.0 ms, GC Workers: 8]
      [GC Worker Start (ms): Min: 22001.1, Avg: 22001.3, Max: 22001.4, Diff: 0.3]
      [Ext Root Scanning (ms): Min: 0.0, Avg: 0.1, Max: 0.2, Diff: 0.2, Sum: 0.5]
      [Update RS (ms): Min: 0.1, Avg: 0.2, Max: 0.2, Diff: 0.1, Sum: 1.6]
         [Processed Buffers: Min: 3, Avg: 4.4, Max: 6, Diff: 3, Sum: 35]
      [Scan RS (ms): Min: 0.1, Avg: 0.1, Max: 0.2, Diff: 0.1, Sum: 0.7]
      [Code Root Scanning (ms): Min: 0.0, Avg: 0.0, Max: 0.0, Diff: 0.0, Sum: 0.0]
      [Object Copy (ms): Min: 10.8, Avg: 10.8, Max: 10.9, Diff: 0.1, Sum: 86.6]
      [Termination (ms): Min: 0.0, Avg: 0.1, Max: 0.1, Diff: 0.1, Sum: 0.6]
         [Termination Attempts: Min: 1, Avg: 1.1, Max: 2, Diff: 1, Sum: 9]
      [GC Worker Other (ms): Min: 0.0, Avg: 0.0, Max: 0.0, Diff: 0.0, Sum: 0.1]
      [GC Worker Total (ms): Min: 11.1, Avg: 11.3, Max: 11.5, Diff: 0.4, Sum: 90.0]
      [GC Worker End (ms): Min: 22012.5, Avg: 22012.5, Max: 22012.6, Diff: 0.1]
   [Code Root Fixup: 0.0 ms]
   [Code Root Purge: 0.0 ms]
   [Clear CT: 1.3 ms]
   [Other: 2.0 ms]
      [Choose CSet: 0.1 ms]
      [Ref Proc: 0.5 ms]
      [Ref Enq: 0.0 ms]
      [Redirty Cards: 1.0 ms]
      [Humongous Register: 0.1 ms]
      [Humongous Reclaim: 0.0 ms]
      [Free CSet: 0.2 ms]
   [Eden: 7168.0K(7168.0K)->0.0B(895.0M) Survivors: 115.0M->2048.0K Heap: 802.0M(2048.0M)->642.4M(2048.0M)]
 [Times: user=0.09 sys=0.01, real=0.02 secs] 
2021-01-22T00:58:49.062+0800: 22.098: [GC pause (G1 Humongous Allocation) (young) (initial-mark), 0.0304777 secs]
   [Parallel Time: 25.1 ms, GC Workers: 8]
      [GC Worker Start (ms): Min: 22098.7, Avg: 22098.9, Max: 22099.0, Diff: 0.3]
      [Ext Root Scanning (ms): Min: 0.0, Avg: 0.4, Max: 0.5, Diff: 0.5, Sum: 2.9]
      [Update RS (ms): Min: 9.8, Avg: 10.5, Max: 13.0, Diff: 3.1, Sum: 83.7]
         [Processed Buffers: Min: 108, Avg: 135.2, Max: 149, Diff: 41, Sum: 1082]
      [Scan RS (ms): Min: 0.0, Avg: 0.1, Max: 0.3, Diff: 0.2, Sum: 0.8]
      [Code Root Scanning (ms): Min: 0.0, Avg: 0.0, Max: 0.0, Diff: 0.0, Sum: 0.0]
      [Object Copy (ms): Min: 8.4, Avg: 11.2, Max: 14.1, Diff: 5.8, Sum: 89.7]
      [Termination (ms): Min: 0.0, Avg: 2.5, Max: 2.9, Diff: 2.9, Sum: 20.3]
         [Termination Attempts: Min: 1, Avg: 1.0, Max: 1, Diff: 0, Sum: 8]
      [GC Worker Other (ms): Min: 0.0, Avg: 0.0, Max: 0.0, Diff: 0.0, Sum: 0.1]
      [GC Worker Total (ms): Min: 24.6, Avg: 24.7, Max: 24.8, Diff: 0.3, Sum: 197.5]
      [GC Worker End (ms): Min: 22123.6, Avg: 22123.6, Max: 22123.6, Diff: 0.1]
   [Code Root Fixup: 0.0 ms]
   [Code Root Purge: 0.0 ms]
   [Clear CT: 0.8 ms]
   [Other: 4.6 ms]
      [Choose CSet: 0.0 ms]
      [Ref Proc: 2.8 ms]
      [Ref Enq: 0.0 ms]
      [Redirty Cards: 0.8 ms]
      [Humongous Register: 0.2 ms]
      [Humongous Reclaim: 0.3 ms]
      [Free CSet: 0.2 ms]
   [Eden: 521.0M(895.0M)->0.0B(793.0M) Survivors: 2048.0K->113.0M Heap: 1296.9M(2048.0M)->766.3M(2048.0M)]
 [Times: user=0.21 sys=0.01, real=0.03 secs] 
2021-01-22T00:58:49.094+0800: 22.130: [GC concurrent-root-region-scan-start]
2021-01-22T00:58:49.094+0800: 22.130: [GC concurrent-root-region-scan-end, 0.0003139 secs]
2021-01-22T00:58:49.094+0800: 22.130: [GC concurrent-mark-start]
2021-01-22T00:58:49.097+0800: 22.133: [GC concurrent-mark-end, 0.0031322 secs]
2021-01-22T00:58:49.097+0800: 22.133: [GC remark 2021-01-22T00:58:49.098+0800: 22.134: [Finalize Marking, 0.0015521 secs] 2021-01-22T00:58:49.100+0800: 22.136: [GC ref-proc, 0.0005246 secs] 2021-01-22T00:58:49.101+0800: 22.136: [Unloading, 0.0017631 secs], 0.0065174 secs]
 [Times: user=0.01 sys=0.00, real=0.01 secs] 
2021-01-22T00:58:49.105+0800: 22.141: [GC cleanup 790M->655M(2048M), 0.0035431 secs]
 [Times: user=0.00 sys=0.01, real=0.01 secs] 
2021-01-22T00:58:49.109+0800: 22.145: [GC concurrent-cleanup-start]
2021-01-22T00:58:49.109+0800: 22.145: [GC concurrent-cleanup-end, 0.0000882 secs]
2021-01-22T00:58:49.229+0800: 22.265: [GC pause (G1 Evacuation Pause) (young), 0.0354501 secs]
   [Parallel Time: 32.7 ms, GC Workers: 8]
      [GC Worker Start (ms): Min: 22265.5, Avg: 22265.7, Max: 22266.1, Diff: 0.6]
      [Ext Root Scanning (ms): Min: 0.0, Avg: 0.1, Max: 0.2, Diff: 0.2, Sum: 0.5]
      [Update RS (ms): Min: 13.0, Avg: 13.3, Max: 13.4, Diff: 0.4, Sum: 106.8]
         [Processed Buffers: Min: 189, Avg: 200.5, Max: 206, Diff: 17, Sum: 1604]
      [Scan RS (ms): Min: 0.1, Avg: 0.1, Max: 0.2, Diff: 0.0, Sum: 1.1]
      [Code Root Scanning (ms): Min: 0.0, Avg: 0.0, Max: 0.0, Diff: 0.0, Sum: 0.0]
      [Object Copy (ms): Min: 18.1, Avg: 18.3, Max: 18.5, Diff: 0.4, Sum: 146.5]
      [Termination (ms): Min: 0.0, Avg: 0.2, Max: 0.5, Diff: 0.5, Sum: 1.7]
         [Termination Attempts: Min: 1, Avg: 1.1, Max: 2, Diff: 1, Sum: 9]
      [GC Worker Other (ms): Min: 0.0, Avg: 0.0, Max: 0.1, Diff: 0.1, Sum: 0.2]
      [GC Worker Total (ms): Min: 31.6, Avg: 32.1, Max: 32.3, Diff: 0.6, Sum: 256.7]
      [GC Worker End (ms): Min: 22297.8, Avg: 22297.8, Max: 22297.8, Diff: 0.1]
   [Code Root Fixup: 0.0 ms]
   [Code Root Purge: 0.0 ms]
   [Clear CT: 0.5 ms]
   [Other: 2.2 ms]
      [Choose CSet: 0.0 ms]
      [Ref Proc: 0.6 ms]
      [Ref Enq: 0.0 ms]
      [Redirty Cards: 0.8 ms]
      [Humongous Register: 0.1 ms]
      [Humongous Reclaim: 0.2 ms]
      [Free CSet: 0.3 ms]
   [Eden: 793.0M(793.0M)->0.0B(7168.0K) Survivors: 113.0M->114.0M Heap: 1623.6M(2048.0M)->725.3M(2048.0M)]
 [Times: user=0.26 sys=0.00, real=0.03 secs] 
2021-01-22T00:58:49.266+0800: 22.302: [GC pause (G1 Evacuation Pause) (mixed), 0.0143895 secs]
   [Parallel Time: 11.4 ms, GC Workers: 8]
      [GC Worker Start (ms): Min: 22302.6, Avg: 22302.8, Max: 22302.9, Diff: 0.3]
      [Ext Root Scanning (ms): Min: 0.0, Avg: 0.1, Max: 0.2, Diff: 0.2, Sum: 0.6]
      [Update RS (ms): Min: 0.0, Avg: 0.1, Max: 0.2, Diff: 0.1, Sum: 0.9]
         [Processed Buffers: Min: 1, Avg: 1.8, Max: 2, Diff: 1, Sum: 14]
      [Scan RS (ms): Min: 0.0, Avg: 0.1, Max: 0.1, Diff: 0.1, Sum: 0.4]
      [Code Root Scanning (ms): Min: 0.0, Avg: 0.0, Max: 0.0, Diff: 0.0, Sum: 0.0]
      [Object Copy (ms): Min: 10.6, Avg: 10.6, Max: 10.7, Diff: 0.1, Sum: 85.0]
      [Termination (ms): Min: 0.0, Avg: 0.0, Max: 0.1, Diff: 0.1, Sum: 0.3]
         [Termination Attempts: Min: 1, Avg: 1.4, Max: 4, Diff: 3, Sum: 11]
      [GC Worker Other (ms): Min: 0.0, Avg: 0.0, Max: 0.0, Diff: 0.0, Sum: 0.1]
      [GC Worker Total (ms): Min: 10.8, Avg: 10.9, Max: 11.0, Diff: 0.3, Sum: 87.3]
      [GC Worker End (ms): Min: 22313.7, Avg: 22313.7, Max: 22313.7, Diff: 0.0]
   [Code Root Fixup: 0.0 ms]
   [Code Root Purge: 0.0 ms]
   [Clear CT: 0.8 ms]
   [Other: 2.3 ms]
      [Choose CSet: 0.1 ms]
      [Ref Proc: 1.0 ms]
      [Ref Enq: 0.0 ms]
      [Redirty Cards: 0.8 ms]
      [Humongous Register: 0.1 ms]
      [Humongous Reclaim: 0.0 ms]
      [Free CSet: 0.2 ms]
   [Eden: 7168.0K(7168.0K)->0.0B(686.0M) Survivors: 114.0M->2048.0K Heap: 732.9M(2048.0M)->566.1M(2048.0M)]
 [Times: user=0.08 sys=0.01, real=0.02 secs] 
2021-01-22T00:58:49.380+0800: 22.416: [GC pause (G1 Evacuation Pause) (young), 0.0294979 secs]
   [Parallel Time: 25.9 ms, GC Workers: 8]
      [GC Worker Start (ms): Min: 22415.9, Avg: 22416.3, Max: 22418.0, Diff: 2.1]
      [Ext Root Scanning (ms): Min: 0.0, Avg: 0.1, Max: 0.2, Diff: 0.2, Sum: 0.5]
      [Update RS (ms): Min: 10.6, Avg: 12.2, Max: 12.4, Diff: 1.9, Sum: 97.4]
         [Processed Buffers: Min: 162, Avg: 181.0, Max: 189, Diff: 27, Sum: 1448]
      [Scan RS (ms): Min: 0.1, Avg: 0.1, Max: 0.1, Diff: 0.0, Sum: 0.7]
      [Code Root Scanning (ms): Min: 0.0, Avg: 0.0, Max: 0.0, Diff: 0.0, Sum: 0.0]
      [Object Copy (ms): Min: 12.4, Avg: 12.5, Max: 12.6, Diff: 0.1, Sum: 99.8]
      [Termination (ms): Min: 0.0, Avg: 0.1, Max: 0.2, Diff: 0.2, Sum: 0.7]
         [Termination Attempts: Min: 1, Avg: 1.0, Max: 1, Diff: 0, Sum: 8]
      [GC Worker Other (ms): Min: 0.0, Avg: 0.1, Max: 0.2, Diff: 0.2, Sum: 0.5]
      [GC Worker Total (ms): Min: 23.2, Avg: 25.0, Max: 25.3, Diff: 2.1, Sum: 199.6]
      [GC Worker End (ms): Min: 22441.2, Avg: 22441.3, Max: 22441.4, Diff: 0.2]
   [Code Root Fixup: 0.0 ms]
   [Code Root Purge: 0.0 ms]
   [Clear CT: 1.1 ms]
   [Other: 2.5 ms]
      [Choose CSet: 0.0 ms]
      [Ref Proc: 0.6 ms]
      [Ref Enq: 0.0 ms]
      [Redirty Cards: 1.1 ms]
      [Humongous Register: 0.2 ms]
      [Humongous Reclaim: 0.3 ms]
      [Free CSet: 0.3 ms]
   [Eden: 686.0M(686.0M)->0.0B(698.0M) Survivors: 2048.0K->88064.0K Heap: 1431.8M(2048.0M)->730.6M(2048.0M)]
 [Times: user=0.20 sys=0.02, real=0.03 secs] 
2021-01-22T00:58:49.494+0800: 22.530: [GC pause (G1 Humongous Allocation) (young) (initial-mark), 0.0347671 secs]
   [Parallel Time: 28.1 ms, GC Workers: 8]
      [GC Worker Start (ms): Min: 22530.7, Avg: 22530.9, Max: 22531.0, Diff: 0.3]
      [Ext Root Scanning (ms): Min: 0.0, Avg: 0.4, Max: 0.7, Diff: 0.6, Sum: 3.0]
      [Update RS (ms): Min: 10.1, Avg: 10.6, Max: 12.8, Diff: 2.6, Sum: 84.6]
         [Processed Buffers: Min: 57, Avg: 136.0, Max: 161, Diff: 104, Sum: 1088]
      [Scan RS (ms): Min: 0.1, Avg: 0.2, Max: 0.4, Diff: 0.3, Sum: 1.2]
      [Code Root Scanning (ms): Min: 0.0, Avg: 0.0, Max: 0.0, Diff: 0.0, Sum: 0.0]
      [Object Copy (ms): Min: 12.6, Avg: 15.1, Max: 16.4, Diff: 3.9, Sum: 120.7]
      [Termination (ms): Min: 0.0, Avg: 1.0, Max: 1.3, Diff: 1.3, Sum: 8.0]
         [Termination Attempts: Min: 1, Avg: 1.0, Max: 1, Diff: 0, Sum: 8]
      [GC Worker Other (ms): Min: 0.0, Avg: 0.0, Max: 0.0, Diff: 0.0, Sum: 0.1]
      [GC Worker Total (ms): Min: 27.0, Avg: 27.2, Max: 27.4, Diff: 0.3, Sum: 217.6]
      [GC Worker End (ms): Min: 22558.0, Avg: 22558.1, Max: 22558.1, Diff: 0.1]
   [Code Root Fixup: 0.0 ms]
   [Code Root Purge: 0.0 ms]
   [Clear CT: 1.3 ms]
   [Other: 5.4 ms]
      [Choose CSet: 0.0 ms]
      [Ref Proc: 3.4 ms]
      [Ref Enq: 0.0 ms]
      [Redirty Cards: 1.0 ms]
      [Humongous Register: 0.2 ms]
      [Humongous Reclaim: 0.2 ms]
      [Free CSet: 0.3 ms]
   [Eden: 564.0M(698.0M)->0.0B(684.0M) Survivors: 88064.0K->100352.0K Heap: 1429.1M(2048.0M)->810.6M(2048.0M)]
 [Times: user=0.24 sys=0.01, real=0.04 secs] 
2021-01-22T00:58:49.530+0800: 22.566: [GC concurrent-root-region-scan-start]
2021-01-22T00:58:49.530+0800: 22.566: [GC concurrent-root-region-scan-end, 0.0002262 secs]
2021-01-22T00:58:49.530+0800: 22.566: [GC concurrent-mark-start]
2021-01-22T00:58:49.533+0800: 22.569: [GC concurrent-mark-end, 0.0031195 secs]
2021-01-22T00:58:49.534+0800: 22.569: [GC remark 2021-01-22T00:58:49.534+0800: 22.570: [Finalize Marking, 0.0069700 secs] 2021-01-22T00:58:49.541+0800: 22.577: [GC ref-proc, 0.0005414 secs] 2021-01-22T00:58:49.542+0800: 22.578: [Unloading, 0.0015814 secs], 0.0116332 secs]
 [Times: user=0.05 sys=0.01, real=0.01 secs] 
2021-01-22T00:58:49.546+0800: 22.582: [GC cleanup 843M->651M(2048M), 0.0039391 secs]
 [Times: user=0.01 sys=0.00, real=0.01 secs] 
2021-01-22T00:58:49.551+0800: 22.587: [GC concurrent-cleanup-start]
2021-01-22T00:58:49.551+0800: 22.587: [GC concurrent-cleanup-end, 0.0001435 secs]
2021-01-22T00:58:49.649+0800: 22.685: [GC pause (G1 Evacuation Pause) (young), 0.0367986 secs]
   [Parallel Time: 32.4 ms, GC Workers: 8]
      [GC Worker Start (ms): Min: 22685.0, Avg: 22685.2, Max: 22685.3, Diff: 0.3]
      [Ext Root Scanning (ms): Min: 0.0, Avg: 0.1, Max: 0.2, Diff: 0.2, Sum: 0.5]
      [Update RS (ms): Min: 15.2, Avg: 15.2, Max: 15.3, Diff: 0.1, Sum: 122.0]
         [Processed Buffers: Min: 131, Avg: 201.6, Max: 239, Diff: 108, Sum: 1613]
      [Scan RS (ms): Min: 0.1, Avg: 0.1, Max: 0.1, Diff: 0.0, Sum: 0.8]
      [Code Root Scanning (ms): Min: 0.0, Avg: 0.0, Max: 0.0, Diff: 0.0, Sum: 0.0]
      [Object Copy (ms): Min: 16.6, Avg: 16.7, Max: 16.7, Diff: 0.1, Sum: 133.2]
      [Termination (ms): Min: 0.0, Avg: 0.1, Max: 0.1, Diff: 0.1, Sum: 0.4]
         [Termination Attempts: Min: 1, Avg: 1.0, Max: 1, Diff: 0, Sum: 8]
      [GC Worker Other (ms): Min: 0.0, Avg: 0.0, Max: 0.0, Diff: 0.0, Sum: 0.1]
      [GC Worker Total (ms): Min: 32.0, Avg: 32.1, Max: 32.3, Diff: 0.3, Sum: 257.1]
      [GC Worker End (ms): Min: 22717.3, Avg: 22717.3, Max: 22717.3, Diff: 0.0]
   [Code Root Fixup: 0.0 ms]
   [Code Root Purge: 0.0 ms]
   [Clear CT: 1.0 ms]
   [Other: 3.4 ms]
      [Choose CSet: 0.0 ms]
      [Ref Proc: 0.8 ms]
      [Ref Enq: 0.0 ms]
      [Redirty Cards: 1.4 ms]
      [Humongous Register: 0.2 ms]
      [Humongous Reclaim: 0.5 ms]
      [Free CSet: 0.3 ms]
   [Eden: 684.0M(684.0M)->0.0B(7168.0K) Survivors: 100352.0K->100352.0K Heap: 1503.0M(2048.0M)->733.3M(2048.0M)]
 [Times: user=0.26 sys=0.00, real=0.03 secs] 
2021-01-22T00:58:49.688+0800: 22.724: [GC pause (G1 Evacuation Pause) (mixed), 0.0143649 secs]
   [Parallel Time: 10.9 ms, GC Workers: 8]
      [GC Worker Start (ms): Min: 22723.9, Avg: 22724.1, Max: 22724.2, Diff: 0.3]
      [Ext Root Scanning (ms): Min: 0.0, Avg: 0.1, Max: 0.3, Diff: 0.3, Sum: 0.7]
      [Update RS (ms): Min: 0.2, Avg: 0.4, Max: 0.7, Diff: 0.5, Sum: 2.8]
         [Processed Buffers: Min: 1, Avg: 4.4, Max: 5, Diff: 4, Sum: 35]
      [Scan RS (ms): Min: 0.0, Avg: 0.1, Max: 0.1, Diff: 0.1, Sum: 0.7]
      [Code Root Scanning (ms): Min: 0.0, Avg: 0.0, Max: 0.0, Diff: 0.0, Sum: 0.0]
      [Object Copy (ms): Min: 9.0, Avg: 9.4, Max: 9.5, Diff: 0.5, Sum: 74.8]
      [Termination (ms): Min: 0.0, Avg: 0.1, Max: 0.2, Diff: 0.2, Sum: 1.2]
         [Termination Attempts: Min: 1, Avg: 1.0, Max: 1, Diff: 0, Sum: 8]
      [GC Worker Other (ms): Min: 0.0, Avg: 0.0, Max: 0.0, Diff: 0.0, Sum: 0.1]
      [GC Worker Total (ms): Min: 9.9, Avg: 10.0, Max: 10.2, Diff: 0.3, Sum: 80.2]
      [GC Worker End (ms): Min: 22734.1, Avg: 22734.1, Max: 22734.2, Diff: 0.0]
   [Code Root Fixup: 0.0 ms]
   [Code Root Purge: 0.0 ms]
   [Clear CT: 1.0 ms]
   [Other: 2.5 ms]
      [Choose CSet: 0.1 ms]
      [Ref Proc: 1.0 ms]
      [Ref Enq: 0.0 ms]
      [Redirty Cards: 0.8 ms]
      [Humongous Register: 0.1 ms]
      [Humongous Reclaim: 0.1 ms]
      [Free CSet: 0.2 ms]
   [Eden: 7168.0K(7168.0K)->0.0B(816.0M) Survivors: 100352.0K->3072.0K Heap: 743.5M(2048.0M)->577.2M(2048.0M)]
 [Times: user=0.07 sys=0.00, real=0.02 secs] 
2021-01-22T00:58:49.792+0800: 22.828: [GC pause (G1 Humongous Allocation) (young) (initial-mark), 0.0313253 secs]
   [Parallel Time: 26.2 ms, GC Workers: 8]
      [GC Worker Start (ms): Min: 22828.4, Avg: 22828.6, Max: 22828.8, Diff: 0.4]
      [Ext Root Scanning (ms): Min: 0.0, Avg: 0.4, Max: 0.5, Diff: 0.5, Sum: 3.1]
      [Update RS (ms): Min: 12.3, Avg: 12.4, Max: 12.6, Diff: 0.2, Sum: 99.3]
         [Processed Buffers: Min: 172, Avg: 181.5, Max: 190, Diff: 18, Sum: 1452]
      [Scan RS (ms): Min: 0.1, Avg: 0.1, Max: 0.1, Diff: 0.0, Sum: 0.6]
      [Code Root Scanning (ms): Min: 0.0, Avg: 0.0, Max: 0.0, Diff: 0.0, Sum: 0.0]
      [Object Copy (ms): Min: 11.7, Avg: 11.8, Max: 12.6, Diff: 0.9, Sum: 94.5]
      [Termination (ms): Min: 0.0, Avg: 0.8, Max: 1.1, Diff: 1.1, Sum: 6.7]
         [Termination Attempts: Min: 1, Avg: 1.1, Max: 2, Diff: 1, Sum: 9]
      [GC Worker Other (ms): Min: 0.0, Avg: 0.0, Max: 0.0, Diff: 0.0, Sum: 0.1]
      [GC Worker Total (ms): Min: 25.3, Avg: 25.5, Max: 25.7, Diff: 0.4, Sum: 204.3]
      [GC Worker End (ms): Min: 22854.1, Avg: 22854.1, Max: 22854.2, Diff: 0.1]
   [Code Root Fixup: 0.0 ms]
   [Code Root Purge: 0.0 ms]
   [Clear CT: 1.1 ms]
   [Other: 4.0 ms]
      [Choose CSet: 0.0 ms]
      [Ref Proc: 2.1 ms]
      [Ref Enq: 0.0 ms]
      [Redirty Cards: 1.1 ms]
      [Humongous Register: 0.1 ms]
      [Humongous Reclaim: 0.2 ms]
      [Free CSet: 0.2 ms]
   [Eden: 627.0M(816.0M)->0.0B(839.0M) Survivors: 3072.0K->103.0M Heap: 1384.1M(2048.0M)->719.5M(2048.0M)]
 [Times: user=0.22 sys=0.00, real=0.03 secs] 
2021-01-22T00:58:49.824+0800: 22.860: [GC concurrent-root-region-scan-start]
2021-01-22T00:58:49.825+0800: 22.861: [GC concurrent-root-region-scan-end, 0.0002373 secs]
2021-01-22T00:58:49.825+0800: 22.861: [GC concurrent-mark-start]
2021-01-22T00:58:49.827+0800: 22.863: [GC concurrent-mark-end, 0.0023797 secs]
2021-01-22T00:58:49.827+0800: 22.863: [GC remark 2021-01-22T00:58:49.828+0800: 22.864: [Finalize Marking, 0.0016921 secs] 2021-01-22T00:58:49.830+0800: 22.866: [GC ref-proc, 0.0006426 secs] 2021-01-22T00:58:49.831+0800: 22.867: [Unloading, 0.0016967 secs], 0.0066651 secs]
 [Times: user=0.01 sys=0.00, real=0.01 secs] 
2021-01-22T00:58:49.835+0800: 22.871: [GC cleanup 742M->620M(2048M), 0.0033087 secs]
 [Times: user=0.01 sys=0.00, real=0.01 secs] 
2021-01-22T00:58:49.839+0800: 22.875: [GC concurrent-cleanup-start]
2021-01-22T00:58:49.839+0800: 22.875: [GC concurrent-cleanup-end, 0.0000797 secs]
2021-01-22T00:58:49.955+0800: 22.991: [GC pause (G1 Evacuation Pause) (young), 0.0359466 secs]
   [Parallel Time: 32.1 ms, GC Workers: 8]
      [GC Worker Start (ms): Min: 22991.3, Avg: 22991.5, Max: 22991.6, Diff: 0.4]
      [Ext Root Scanning (ms): Min: 0.0, Avg: 0.1, Max: 0.2, Diff: 0.2, Sum: 0.5]
      [Update RS (ms): Min: 13.8, Avg: 14.0, Max: 14.0, Diff: 0.2, Sum: 111.7]
         [Processed Buffers: Min: 205, Avg: 210.6, Max: 216, Diff: 11, Sum: 1685]
      [Scan RS (ms): Min: 0.1, Avg: 0.1, Max: 0.2, Diff: 0.1, Sum: 1.0]
      [Code Root Scanning (ms): Min: 0.0, Avg: 0.0, Max: 0.0, Diff: 0.0, Sum: 0.0]
      [Object Copy (ms): Min: 17.2, Avg: 17.2, Max: 17.3, Diff: 0.1, Sum: 138.0]
      [Termination (ms): Min: 0.0, Avg: 0.0, Max: 0.1, Diff: 0.1, Sum: 0.2]
         [Termination Attempts: Min: 1, Avg: 1.0, Max: 1, Diff: 0, Sum: 8]
      [GC Worker Other (ms): Min: 0.0, Avg: 0.1, Max: 0.3, Diff: 0.3, Sum: 0.9]
      [GC Worker Total (ms): Min: 31.3, Avg: 31.5, Max: 32.0, Diff: 0.7, Sum: 252.3]
      [GC Worker End (ms): Min: 23022.9, Avg: 23023.0, Max: 23023.2, Diff: 0.3]
   [Code Root Fixup: 0.0 ms]
   [Code Root Purge: 0.0 ms]
   [Clear CT: 0.9 ms]
   [Other: 2.9 ms]
      [Choose CSet: 0.0 ms]
      [Ref Proc: 1.1 ms]
      [Ref Enq: 0.0 ms]
      [Redirty Cards: 0.8 ms]
      [Humongous Register: 0.2 ms]
      [Humongous Reclaim: 0.3 ms]
      [Free CSet: 0.3 ms]
   [Eden: 839.0M(839.0M)->0.0B(7168.0K) Survivors: 103.0M->118.0M Heap: 1645.9M(2048.0M)->695.9M(2048.0M)]
 [Times: user=0.26 sys=0.00, real=0.04 secs] 
2021-01-22T00:58:49.993+0800: 23.029: [GC pause (G1 Evacuation Pause) (mixed), 0.0145443 secs]
   [Parallel Time: 11.7 ms, GC Workers: 8]
      [GC Worker Start (ms): Min: 23029.2, Avg: 23029.4, Max: 23029.5, Diff: 0.3]
      [Ext Root Scanning (ms): Min: 0.0, Avg: 0.1, Max: 0.2, Diff: 0.2, Sum: 0.5]
      [Update RS (ms): Min: 0.1, Avg: 0.1, Max: 0.1, Diff: 0.1, Sum: 0.8]
         [Processed Buffers: Min: 1, Avg: 1.8, Max: 3, Diff: 2, Sum: 14]
      [Scan RS (ms): Min: 0.0, Avg: 0.1, Max: 0.1, Diff: 0.1, Sum: 0.4]
      [Code Root Scanning (ms): Min: 0.0, Avg: 0.0, Max: 0.0, Diff: 0.0, Sum: 0.0]
      [Object Copy (ms): Min: 10.8, Avg: 10.8, Max: 10.8, Diff: 0.1, Sum: 86.6]
      [Termination (ms): Min: 0.0, Avg: 0.0, Max: 0.0, Diff: 0.0, Sum: 0.1]
         [Termination Attempts: Min: 1, Avg: 1.6, Max: 3, Diff: 2, Sum: 13]
      [GC Worker Other (ms): Min: 0.0, Avg: 0.0, Max: 0.1, Diff: 0.0, Sum: 0.2]
      [GC Worker Total (ms): Min: 10.9, Avg: 11.1, Max: 11.2, Diff: 0.3, Sum: 88.6]
      [GC Worker End (ms): Min: 23040.4, Avg: 23040.4, Max: 23040.5, Diff: 0.1]
   [Code Root Fixup: 0.0 ms]
   [Code Root Purge: 0.0 ms]
   [Clear CT: 0.9 ms]
   [Other: 2.0 ms]
      [Choose CSet: 0.0 ms]
      [Ref Proc: 0.4 ms]
      [Ref Enq: 0.0 ms]
      [Redirty Cards: 0.9 ms]
      [Humongous Register: 0.1 ms]
      [Humongous Reclaim: 0.0 ms]
      [Free CSet: 0.2 ms]
   [Eden: 7168.0K(7168.0K)->0.0B(966.0M) Survivors: 118.0M->2048.0K Heap: 703.5M(2048.0M)->575.9M(2048.0M)]
 [Times: user=0.10 sys=0.00, real=0.01 secs] 
2021-01-22T00:58:50.107+0800: 23.143: [GC pause (G1 Humongous Allocation) (young) (initial-mark), 0.0311843 secs]
   [Parallel Time: 27.8 ms, GC Workers: 8]
      [GC Worker Start (ms): Min: 23143.2, Avg: 23143.5, Max: 23143.7, Diff: 0.5]
      [Ext Root Scanning (ms): Min: 0.0, Avg: 0.5, Max: 0.7, Diff: 0.6, Sum: 3.7]
      [Update RS (ms): Min: 12.6, Avg: 12.7, Max: 12.9, Diff: 0.3, Sum: 101.7]
         [Processed Buffers: Min: 155, Avg: 183.5, Max: 196, Diff: 41, Sum: 1468]
      [Scan RS (ms): Min: 0.1, Avg: 0.1, Max: 0.1, Diff: 0.0, Sum: 0.7]
      [Code Root Scanning (ms): Min: 0.0, Avg: 0.0, Max: 0.0, Diff: 0.0, Sum: 0.0]
      [Object Copy (ms): Min: 13.2, Avg: 13.3, Max: 13.8, Diff: 0.6, Sum: 106.7]
      [Termination (ms): Min: 0.0, Avg: 0.5, Max: 0.6, Diff: 0.6, Sum: 3.7]
         [Termination Attempts: Min: 1, Avg: 1.0, Max: 1, Diff: 0, Sum: 8]
      [GC Worker Other (ms): Min: 0.0, Avg: 0.0, Max: 0.0, Diff: 0.0, Sum: 0.1]
      [GC Worker Total (ms): Min: 26.8, Avg: 27.1, Max: 27.3, Diff: 0.5, Sum: 216.6]
      [GC Worker End (ms): Min: 23170.5, Avg: 23170.5, Max: 23170.6, Diff: 0.1]
   [Code Root Fixup: 0.0 ms]
   [Code Root Purge: 0.0 ms]
   [Clear CT: 0.8 ms]
   [Other: 2.6 ms]
      [Choose CSet: 0.0 ms]
      [Ref Proc: 0.8 ms]
      [Ref Enq: 0.0 ms]
      [Redirty Cards: 0.8 ms]
      [Humongous Register: 0.2 ms]
      [Humongous Reclaim: 0.2 ms]
      [Free CSet: 0.3 ms]
   [Eden: 687.0M(966.0M)->0.0B(805.0M) Survivors: 2048.0K->121.0M Heap: 1444.7M(2048.0M)->742.0M(2048.0M)]
 [Times: user=0.22 sys=0.00, real=0.04 secs] 
2021-01-22T00:58:50.139+0800: 23.175: [GC concurrent-root-region-scan-start]
2021-01-22T00:58:50.139+0800: 23.175: [GC concurrent-root-region-scan-end, 0.0002262 secs]
2021-01-22T00:58:50.139+0800: 23.175: [GC concurrent-mark-start]
2021-01-22T00:58:50.142+0800: 23.177: [GC concurrent-mark-end, 0.0023310 secs]
2021-01-22T00:58:50.142+0800: 23.178: [GC remark 2021-01-22T00:58:50.142+0800: 23.178: [Finalize Marking, 0.0017450 secs] 2021-01-22T00:58:50.144+0800: 23.180: [GC ref-proc, 0.0004329 secs] 2021-01-22T00:58:50.145+0800: 23.181: [Unloading, 0.0014250 secs], 0.0062212 secs]
 [Times: user=0.02 sys=0.00, real=0.01 secs] 
2021-01-22T00:58:50.149+0800: 23.185: [GC cleanup 767M->645M(2048M), 0.0034322 secs]
 [Times: user=0.01 sys=0.01, real=0.00 secs] 
2021-01-22T00:58:50.153+0800: 23.189: [GC concurrent-cleanup-start]
2021-01-22T00:58:50.153+0800: 23.189: [GC concurrent-cleanup-end, 0.0000872 secs]
2021-01-22T00:58:50.268+0800: 23.304: [GC pause (G1 Evacuation Pause) (young) (to-space exhausted), 0.0369562 secs]
   [Parallel Time: 32.5 ms, GC Workers: 8]
      [GC Worker Start (ms): Min: 23304.0, Avg: 23304.2, Max: 23304.4, Diff: 0.3]
      [Ext Root Scanning (ms): Min: 0.0, Avg: 0.1, Max: 0.2, Diff: 0.2, Sum: 0.5]
      [Update RS (ms): Min: 15.7, Avg: 15.8, Max: 15.8, Diff: 0.1, Sum: 126.2]
         [Processed Buffers: Min: 233, Avg: 237.2, Max: 246, Diff: 13, Sum: 1898]
      [Scan RS (ms): Min: 0.1, Avg: 0.1, Max: 0.1, Diff: 0.0, Sum: 1.0]
      [Code Root Scanning (ms): Min: 0.0, Avg: 0.0, Max: 0.0, Diff: 0.0, Sum: 0.0]
      [Object Copy (ms): Min: 15.9, Avg: 15.9, Max: 15.9, Diff: 0.1, Sum: 127.2]
      [Termination (ms): Min: 0.0, Avg: 0.0, Max: 0.1, Diff: 0.1, Sum: 0.3]
         [Termination Attempts: Min: 1, Avg: 1.0, Max: 1, Diff: 0, Sum: 8]
      [GC Worker Other (ms): Min: 0.0, Avg: 0.1, Max: 0.2, Diff: 0.2, Sum: 0.6]
      [GC Worker Total (ms): Min: 31.8, Avg: 32.0, Max: 32.2, Diff: 0.4, Sum: 255.9]
      [GC Worker End (ms): Min: 23336.1, Avg: 23336.2, Max: 23336.4, Diff: 0.2]
   [Code Root Fixup: 0.0 ms]
   [Code Root Purge: 0.0 ms]
   [Clear CT: 0.9 ms]
   [Other: 3.5 ms]
      [Evacuation Failure: 0.8 ms]
      [Choose CSet: 0.0 ms]
      [Ref Proc: 0.8 ms]
      [Ref Enq: 0.0 ms]
      [Redirty Cards: 1.0 ms]
      [Humongous Register: 0.2 ms]
      [Humongous Reclaim: 0.3 ms]
      [Free CSet: 0.3 ms]
   [Eden: 805.0M(805.0M)->0.0B(7168.0K) Survivors: 121.0M->116.0M Heap: 1661.0M(2048.0M)->844.2M(2048.0M)]
 [Times: user=0.26 sys=0.01, real=0.04 secs] 
2021-01-22T00:58:50.307+0800: 23.343: [GC pause (G1 Evacuation Pause) (mixed), 0.0146493 secs]
   [Parallel Time: 11.4 ms, GC Workers: 8]
      [GC Worker Start (ms): Min: 23343.0, Avg: 23343.2, Max: 23343.3, Diff: 0.3]
      [Ext Root Scanning (ms): Min: 0.0, Avg: 0.1, Max: 0.2, Diff: 0.2, Sum: 0.5]
      [Update RS (ms): Min: 0.1, Avg: 0.2, Max: 0.3, Diff: 0.1, Sum: 1.8]
         [Processed Buffers: Min: 3, Avg: 3.9, Max: 6, Diff: 3, Sum: 31]
      [Scan RS (ms): Min: 0.0, Avg: 0.1, Max: 0.1, Diff: 0.0, Sum: 0.4]
      [Code Root Scanning (ms): Min: 0.0, Avg: 0.0, Max: 0.0, Diff: 0.0, Sum: 0.0]
      [Object Copy (ms): Min: 10.3, Avg: 10.4, Max: 10.4, Diff: 0.1, Sum: 82.8]
      [Termination (ms): Min: 0.0, Avg: 0.0, Max: 0.1, Diff: 0.1, Sum: 0.3]
         [Termination Attempts: Min: 1, Avg: 1.0, Max: 1, Diff: 0, Sum: 8]
      [GC Worker Other (ms): Min: 0.0, Avg: 0.0, Max: 0.0, Diff: 0.0, Sum: 0.1]
      [GC Worker Total (ms): Min: 10.6, Avg: 10.7, Max: 10.9, Diff: 0.3, Sum: 86.0]
      [GC Worker End (ms): Min: 23353.9, Avg: 23353.9, Max: 23353.9, Diff: 0.0]
   [Code Root Fixup: 0.0 ms]
   [Code Root Purge: 0.0 ms]
   [Clear CT: 0.9 ms]
   [Other: 2.4 ms]
      [Choose CSet: 0.1 ms]
      [Ref Proc: 0.9 ms]
      [Ref Enq: 0.0 ms]
      [Redirty Cards: 0.9 ms]
      [Humongous Register: 0.1 ms]
      [Humongous Reclaim: 0.1 ms]
      [Free CSet: 0.2 ms]
   [Eden: 7168.0K(7168.0K)->0.0B(844.0M) Survivors: 116.0M->3072.0K Heap: 853.1M(2048.0M)->698.6M(2048.0M)]
 [Times: user=0.08 sys=0.01, real=0.02 secs] 
2021-01-22T00:58:50.380+0800: 23.416: [GC pause (G1 Humongous Allocation) (young) (initial-mark), 0.0246740 secs]
   [Parallel Time: 20.7 ms, GC Workers: 8]
      [GC Worker Start (ms): Min: 23416.6, Avg: 23416.8, Max: 23417.0, Diff: 0.3]
      [Ext Root Scanning (ms): Min: 0.0, Avg: 0.3, Max: 0.5, Diff: 0.5, Sum: 2.3]
      [Update RS (ms): Min: 7.0, Avg: 7.0, Max: 7.2, Diff: 0.2, Sum: 56.4]
         [Processed Buffers: Min: 90, Avg: 102.5, Max: 110, Diff: 20, Sum: 820]
      [Scan RS (ms): Min: 0.0, Avg: 0.0, Max: 0.1, Diff: 0.0, Sum: 0.4]
      [Code Root Scanning (ms): Min: 0.0, Avg: 0.0, Max: 0.0, Diff: 0.0, Sum: 0.0]
      [Object Copy (ms): Min: 10.0, Avg: 10.3, Max: 12.6, Diff: 2.6, Sum: 82.6]
      [Termination (ms): Min: 0.0, Avg: 2.3, Max: 2.6, Diff: 2.6, Sum: 18.1]
         [Termination Attempts: Min: 1, Avg: 1.0, Max: 1, Diff: 0, Sum: 8]
      [GC Worker Other (ms): Min: 0.0, Avg: 0.0, Max: 0.0, Diff: 0.0, Sum: 0.1]
      [GC Worker Total (ms): Min: 19.8, Avg: 20.0, Max: 20.1, Diff: 0.3, Sum: 159.9]
      [GC Worker End (ms): Min: 23436.8, Avg: 23436.8, Max: 23436.8, Diff: 0.0]
   [Code Root Fixup: 0.0 ms]
   [Code Root Purge: 0.0 ms]
   [Clear CT: 1.6 ms]
   [Other: 2.3 ms]
      [Choose CSet: 0.0 ms]
      [Ref Proc: 0.7 ms]
      [Ref Enq: 0.0 ms]
      [Redirty Cards: 1.0 ms]
      [Humongous Register: 0.1 ms]
      [Humongous Reclaim: 0.2 ms]
      [Free CSet: 0.2 ms]
   [Eden: 391.0M(844.0M)->0.0B(736.0M) Survivors: 3072.0K->106.0M Heap: 1190.2M(2048.0M)->807.5M(2048.0M)]
 [Times: user=0.17 sys=0.00, real=0.02 secs] 
2021-01-22T00:58:50.406+0800: 23.442: [GC concurrent-root-region-scan-start]
2021-01-22T00:58:50.406+0800: 23.442: [GC concurrent-root-region-scan-end, 0.0003065 secs]
2021-01-22T00:58:50.406+0800: 23.442: [GC concurrent-mark-start]
2021-01-22T00:58:50.409+0800: 23.445: [GC concurrent-mark-end, 0.0025870 secs]
2021-01-22T00:58:50.409+0800: 23.445: [GC remark 2021-01-22T00:58:50.410+0800: 23.446: [Finalize Marking, 0.0011493 secs] 2021-01-22T00:58:50.411+0800: 23.447: [GC ref-proc, 0.0005452 secs] 2021-01-22T00:58:50.412+0800: 23.448: [Unloading, 0.0011018 secs], 0.0051803 secs]
 [Times: user=0.01 sys=0.00, real=0.00 secs] 
2021-01-22T00:58:50.415+0800: 23.451: [GC cleanup 833M->691M(2048M), 0.0031840 secs]
 [Times: user=0.00 sys=0.00, real=0.01 secs] 
2021-01-22T00:58:50.419+0800: 23.455: [GC concurrent-cleanup-start]
2021-01-22T00:58:50.419+0800: 23.455: [GC concurrent-cleanup-end, 0.0001157 secs]
2021-01-22T00:58:50.520+0800: 23.556: [GC pause (G1 Evacuation Pause) (young), 0.0353309 secs]
   [Parallel Time: 30.6 ms, GC Workers: 8]
      [GC Worker Start (ms): Min: 23556.2, Avg: 23556.4, Max: 23556.5, Diff: 0.4]
      [Ext Root Scanning (ms): Min: 0.0, Avg: 0.1, Max: 0.2, Diff: 0.2, Sum: 0.5]
      [Update RS (ms): Min: 13.0, Avg: 13.1, Max: 13.2, Diff: 0.2, Sum: 105.1]
         [Processed Buffers: Min: 193, Avg: 196.9, Max: 207, Diff: 14, Sum: 1575]
      [Scan RS (ms): Min: 0.1, Avg: 0.1, Max: 0.1, Diff: 0.0, Sum: 0.9]
      [Code Root Scanning (ms): Min: 0.0, Avg: 0.0, Max: 0.0, Diff: 0.0, Sum: 0.0]
      [Object Copy (ms): Min: 16.1, Avg: 16.1, Max: 16.2, Diff: 0.1, Sum: 129.2]
      [Termination (ms): Min: 0.0, Avg: 0.1, Max: 0.1, Diff: 0.1, Sum: 0.4]
         [Termination Attempts: Min: 1, Avg: 1.0, Max: 1, Diff: 0, Sum: 8]
      [GC Worker Other (ms): Min: 0.0, Avg: 0.1, Max: 0.3, Diff: 0.3, Sum: 0.7]
      [GC Worker Total (ms): Min: 29.4, Avg: 29.6, Max: 29.8, Diff: 0.4, Sum: 236.8]
      [GC Worker End (ms): Min: 23585.9, Avg: 23586.0, Max: 23586.2, Diff: 0.3]
   [Code Root Fixup: 0.0 ms]
   [Code Root Purge: 0.0 ms]
   [Clear CT: 1.1 ms]
   [Other: 3.6 ms]
      [Choose CSet: 0.0 ms]
      [Ref Proc: 0.9 ms]
      [Ref Enq: 0.0 ms]
      [Redirty Cards: 1.6 ms]
      [Humongous Register: 0.2 ms]
      [Humongous Reclaim: 0.5 ms]
      [Free CSet: 0.3 ms]
   [Eden: 736.0M(736.0M)->0.0B(7168.0K) Survivors: 106.0M->106.0M Heap: 1597.1M(2048.0M)->762.7M(2048.0M)]
 [Times: user=0.25 sys=0.00, real=0.03 secs] 
2021-01-22T00:58:50.557+0800: 23.593: [GC pause (G1 Evacuation Pause) (mixed), 0.0149625 secs]
   [Parallel Time: 10.9 ms, GC Workers: 8]
      [GC Worker Start (ms): Min: 23593.7, Avg: 23593.9, Max: 23594.0, Diff: 0.3]
      [Ext Root Scanning (ms): Min: 0.0, Avg: 0.1, Max: 0.3, Diff: 0.3, Sum: 0.7]
      [Update RS (ms): Min: 0.2, Avg: 0.2, Max: 0.3, Diff: 0.1, Sum: 1.9]
         [Processed Buffers: Min: 3, Avg: 3.8, Max: 4, Diff: 1, Sum: 30]
      [Scan RS (ms): Min: 0.0, Avg: 0.1, Max: 0.1, Diff: 0.0, Sum: 0.5]
      [Code Root Scanning (ms): Min: 0.0, Avg: 0.0, Max: 0.0, Diff: 0.0, Sum: 0.0]
      [Object Copy (ms): Min: 9.8, Avg: 9.9, Max: 9.9, Diff: 0.1, Sum: 79.0]
      [Termination (ms): Min: 0.0, Avg: 0.0, Max: 0.1, Diff: 0.1, Sum: 0.3]
         [Termination Attempts: Min: 1, Avg: 1.1, Max: 2, Diff: 1, Sum: 9]
      [GC Worker Other (ms): Min: 0.0, Avg: 0.0, Max: 0.0, Diff: 0.0, Sum: 0.1]
      [GC Worker Total (ms): Min: 10.2, Avg: 10.3, Max: 10.5, Diff: 0.3, Sum: 82.6]
      [GC Worker End (ms): Min: 23604.2, Avg: 23604.2, Max: 23604.2, Diff: 0.0]
   [Code Root Fixup: 0.0 ms]
   [Code Root Purge: 0.0 ms]
   [Clear CT: 1.1 ms]
   [Other: 2.9 ms]
      [Choose CSet: 0.1 ms]
      [Ref Proc: 1.1 ms]
      [Ref Enq: 0.0 ms]
      [Redirty Cards: 1.3 ms]
      [Humongous Register: 0.1 ms]
      [Humongous Reclaim: 0.0 ms]
      [Free CSet: 0.2 ms]
   [Eden: 7168.0K(7168.0K)->0.0B(614.0M) Survivors: 106.0M->1024.0K Heap: 772.3M(2048.0M)->575.0M(2048.0M)]
 [Times: user=0.09 sys=0.01, real=0.02 secs] 
2021-01-22T00:58:50.664+0800: 23.700: [GC pause (G1 Evacuation Pause) (young), 0.0333155 secs]
   [Parallel Time: 29.3 ms, GC Workers: 8]
      [GC Worker Start (ms): Min: 23700.5, Avg: 23701.3, Max: 23705.7, Diff: 5.2]
      [Ext Root Scanning (ms): Min: 0.0, Avg: 0.1, Max: 0.2, Diff: 0.2, Sum: 0.5]
      [Update RS (ms): Min: 10.2, Avg: 14.9, Max: 17.9, Diff: 7.7, Sum: 119.1]
         [Processed Buffers: Min: 124, Avg: 177.8, Max: 232, Diff: 108, Sum: 1422]
      [Scan RS (ms): Min: 0.1, Avg: 0.1, Max: 0.4, Diff: 0.3, Sum: 0.9]
      [Code Root Scanning (ms): Min: 0.0, Avg: 0.0, Max: 0.0, Diff: 0.0, Sum: 0.0]
      [Object Copy (ms): Min: 9.6, Avg: 12.3, Max: 13.3, Diff: 3.7, Sum: 98.5]
      [Termination (ms): Min: 0.0, Avg: 0.6, Max: 0.8, Diff: 0.8, Sum: 5.2]
         [Termination Attempts: Min: 1, Avg: 1.0, Max: 1, Diff: 0, Sum: 8]
      [GC Worker Other (ms): Min: 0.0, Avg: 0.0, Max: 0.0, Diff: 0.0, Sum: 0.1]
      [GC Worker Total (ms): Min: 23.6, Avg: 28.0, Max: 28.8, Diff: 5.2, Sum: 224.4]
      [GC Worker End (ms): Min: 23729.3, Avg: 23729.3, Max: 23729.3, Diff: 0.0]
   [Code Root Fixup: 0.0 ms]
   [Code Root Purge: 0.0 ms]
   [Clear CT: 0.9 ms]
   [Other: 3.1 ms]
      [Choose CSet: 0.0 ms]
      [Ref Proc: 1.6 ms]
      [Ref Enq: 0.0 ms]
      [Redirty Cards: 0.7 ms]
      [Humongous Register: 0.2 ms]
      [Humongous Reclaim: 0.2 ms]
      [Free CSet: 0.2 ms]
   [Eden: 614.0M(614.0M)->0.0B(625.0M) Survivors: 1024.0K->78848.0K Heap: 1365.6M(2048.0M)->723.3M(2048.0M)]
 [Times: user=0.24 sys=0.00, real=0.03 secs] 
2021-01-22T00:58:50.766+0800: 23.802: [GC pause (G1 Humongous Allocation) (young) (initial-mark), 0.0269512 secs]
   [Parallel Time: 23.3 ms, GC Workers: 8]
      [GC Worker Start (ms): Min: 23802.5, Avg: 23802.7, Max: 23802.9, Diff: 0.4]
      [Ext Root Scanning (ms): Min: 0.1, Avg: 0.4, Max: 0.7, Diff: 0.6, Sum: 3.5]
      [Update RS (ms): Min: 8.4, Avg: 8.6, Max: 8.8, Diff: 0.3, Sum: 68.7]
         [Processed Buffers: Min: 124, Avg: 129.8, Max: 134, Diff: 10, Sum: 1038]
      [Scan RS (ms): Min: 0.0, Avg: 0.1, Max: 0.1, Diff: 0.0, Sum: 0.5]
      [Code Root Scanning (ms): Min: 0.0, Avg: 0.0, Max: 0.0, Diff: 0.0, Sum: 0.0]
      [Object Copy (ms): Min: 13.8, Avg: 13.8, Max: 13.9, Diff: 0.1, Sum: 110.5]
      [Termination (ms): Min: 0.0, Avg: 0.1, Max: 0.1, Diff: 0.1, Sum: 0.4]
         [Termination Attempts: Min: 1, Avg: 1.1, Max: 2, Diff: 1, Sum: 9]
      [GC Worker Other (ms): Min: 0.0, Avg: 0.0, Max: 0.0, Diff: 0.0, Sum: 0.1]
      [GC Worker Total (ms): Min: 22.7, Avg: 23.0, Max: 23.2, Diff: 0.4, Sum: 183.7]
      [GC Worker End (ms): Min: 23825.7, Avg: 23825.7, Max: 23825.7, Diff: 0.0]
   [Code Root Fixup: 0.0 ms]
   [Code Root Purge: 0.0 ms]
   [Clear CT: 0.9 ms]
   [Other: 2.7 ms]
      [Choose CSet: 0.0 ms]
      [Ref Proc: 0.9 ms]
      [Ref Enq: 0.0 ms]
      [Redirty Cards: 1.0 ms]
      [Humongous Register: 0.2 ms]
      [Humongous Reclaim: 0.2 ms]
      [Free CSet: 0.2 ms]
   [Eden: 489.0M(625.0M)->0.0B(623.0M) Survivors: 78848.0K->90112.0K Heap: 1340.4M(2048.0M)->802.5M(2048.0M)]
 [Times: user=0.19 sys=0.00, real=0.03 secs] 
2021-01-22T00:58:50.794+0800: 23.830: [GC concurrent-root-region-scan-start]
2021-01-22T00:58:50.794+0800: 23.830: [GC concurrent-root-region-scan-end, 0.0002937 secs]
2021-01-22T00:58:50.794+0800: 23.830: [GC concurrent-mark-start]
2021-01-22T00:58:50.797+0800: 23.833: [GC concurrent-mark-end, 0.0028046 secs]
2021-01-22T00:58:50.797+0800: 23.833: [GC remark 2021-01-22T00:58:50.798+0800: 23.834: [Finalize Marking, 0.0011089 secs] 2021-01-22T00:58:50.799+0800: 23.835: [GC ref-proc, 0.0004624 secs] 2021-01-22T00:58:50.800+0800: 23.836: [Unloading, 0.0013322 secs], 0.0053927 secs]
 [Times: user=0.01 sys=0.00, real=0.01 secs] 
2021-01-22T00:58:50.804+0800: 23.840: [GC cleanup 823M->647M(2048M), 0.0027608 secs]
 [Times: user=0.01 sys=0.00, real=0.00 secs] 
2021-01-22T00:58:50.807+0800: 23.843: [GC concurrent-cleanup-start]
2021-01-22T00:58:50.808+0800: 23.843: [GC concurrent-cleanup-end, 0.0001048 secs]
2021-01-22T00:58:50.890+0800: 23.925: [GC pause (G1 Evacuation Pause) (young), 0.0318332 secs]
   [Parallel Time: 28.5 ms, GC Workers: 8]
      [GC Worker Start (ms): Min: 23925.7, Avg: 23925.9, Max: 23926.1, Diff: 0.4]
      [Ext Root Scanning (ms): Min: 0.0, Avg: 0.1, Max: 0.2, Diff: 0.2, Sum: 0.5]
      [Update RS (ms): Min: 12.4, Avg: 12.5, Max: 12.6, Diff: 0.1, Sum: 100.1]
         [Processed Buffers: Min: 181, Avg: 189.1, Max: 193, Diff: 12, Sum: 1513]
      [Scan RS (ms): Min: 0.1, Avg: 0.1, Max: 0.1, Diff: 0.0, Sum: 0.7]
      [Code Root Scanning (ms): Min: 0.0, Avg: 0.0, Max: 0.0, Diff: 0.0, Sum: 0.0]
      [Object Copy (ms): Min: 15.4, Avg: 15.5, Max: 15.5, Diff: 0.1, Sum: 123.8]
      [Termination (ms): Min: 0.0, Avg: 0.0, Max: 0.1, Diff: 0.1, Sum: 0.4]
         [Termination Attempts: Min: 1, Avg: 1.0, Max: 1, Diff: 0, Sum: 8]
      [GC Worker Other (ms): Min: 0.0, Avg: 0.0, Max: 0.0, Diff: 0.0, Sum: 0.1]
      [GC Worker Total (ms): Min: 28.0, Avg: 28.2, Max: 28.4, Diff: 0.4, Sum: 225.6]
      [GC Worker End (ms): Min: 23954.1, Avg: 23954.1, Max: 23954.2, Diff: 0.0]
   [Code Root Fixup: 0.0 ms]
   [Code Root Purge: 0.0 ms]
   [Clear CT: 0.9 ms]
   [Other: 2.4 ms]
      [Choose CSet: 0.0 ms]
      [Ref Proc: 0.8 ms]
      [Ref Enq: 0.0 ms]
      [Redirty Cards: 0.9 ms]
      [Humongous Register: 0.2 ms]
      [Humongous Reclaim: 0.3 ms]
      [Free CSet: 0.2 ms]
   [Eden: 623.0M(623.0M)->0.0B(13312.0K) Survivors: 90112.0K->91136.0K Heap: 1437.3M(2048.0M)->725.6M(2048.0M)]
 [Times: user=0.23 sys=0.00, real=0.03 secs] 
2021-01-22T00:58:50.924+0800: 23.960: [GC pause (G1 Evacuation Pause) (mixed), 0.0132465 secs]
   [Parallel Time: 10.0 ms, GC Workers: 8]
      [GC Worker Start (ms): Min: 23960.3, Avg: 23960.5, Max: 23960.6, Diff: 0.3]
      [Ext Root Scanning (ms): Min: 0.0, Avg: 0.1, Max: 0.2, Diff: 0.2, Sum: 0.5]
      [Update RS (ms): Min: 0.2, Avg: 0.3, Max: 0.3, Diff: 0.1, Sum: 2.0]
         [Processed Buffers: Min: 3, Avg: 3.9, Max: 5, Diff: 2, Sum: 31]
      [Scan RS (ms): Min: 0.0, Avg: 0.1, Max: 0.1, Diff: 0.0, Sum: 0.4]
      [Code Root Scanning (ms): Min: 0.0, Avg: 0.0, Max: 0.0, Diff: 0.0, Sum: 0.0]
      [Object Copy (ms): Min: 8.5, Avg: 8.5, Max: 8.6, Diff: 0.0, Sum: 68.3]
      [Termination (ms): Min: 0.0, Avg: 0.0, Max: 0.1, Diff: 0.1, Sum: 0.3]
         [Termination Attempts: Min: 1, Avg: 1.5, Max: 3, Diff: 2, Sum: 12]
      [GC Worker Other (ms): Min: 0.0, Avg: 0.0, Max: 0.0, Diff: 0.0, Sum: 0.0]
      [GC Worker Total (ms): Min: 8.8, Avg: 9.0, Max: 9.1, Diff: 0.3, Sum: 71.7]
      [GC Worker End (ms): Min: 23969.5, Avg: 23969.5, Max: 23969.5, Diff: 0.0]
   [Code Root Fixup: 0.0 ms]
   [Code Root Purge: 0.0 ms]
   [Clear CT: 1.0 ms]
   [Other: 2.3 ms]
      [Choose CSet: 0.1 ms]
      [Ref Proc: 0.8 ms]
      [Ref Enq: 0.0 ms]
      [Redirty Cards: 0.9 ms]
      [Humongous Register: 0.1 ms]
      [Humongous Reclaim: 0.0 ms]
      [Free CSet: 0.2 ms]
   [Eden: 13312.0K(13312.0K)->0.0B(878.0M) Survivors: 91136.0K->5120.0K Heap: 741.2M(2048.0M)->581.9M(2048.0M)]
 [Times: user=0.08 sys=0.00, real=0.01 secs] 
2021-01-22T00:58:51.037+0800: 24.073: [GC pause (G1 Humongous Allocation) (young) (initial-mark), 0.0318526 secs]
   [Parallel Time: 27.4 ms, GC Workers: 8]
      [GC Worker Start (ms): Min: 24073.7, Avg: 24073.9, Max: 24074.1, Diff: 0.4]
      [Ext Root Scanning (ms): Min: 0.0, Avg: 0.4, Max: 0.6, Diff: 0.6, Sum: 3.3]
      [Update RS (ms): Min: 11.6, Avg: 11.7, Max: 11.9, Diff: 0.3, Sum: 94.0]
         [Processed Buffers: Min: 173, Avg: 176.0, Max: 182, Diff: 9, Sum: 1408]
      [Scan RS (ms): Min: 0.1, Avg: 0.1, Max: 0.1, Diff: 0.0, Sum: 0.7]
      [Code Root Scanning (ms): Min: 0.0, Avg: 0.0, Max: 0.0, Diff: 0.0, Sum: 0.0]
      [Object Copy (ms): Min: 13.8, Avg: 13.9, Max: 13.9, Diff: 0.1, Sum: 111.1]
      [Termination (ms): Min: 0.0, Avg: 0.0, Max: 0.1, Diff: 0.1, Sum: 0.3]
         [Termination Attempts: Min: 1, Avg: 1.2, Max: 2, Diff: 1, Sum: 10]
      [GC Worker Other (ms): Min: 0.0, Avg: 0.0, Max: 0.1, Diff: 0.1, Sum: 0.3]
      [GC Worker Total (ms): Min: 26.0, Avg: 26.2, Max: 26.4, Diff: 0.4, Sum: 209.7]
      [GC Worker End (ms): Min: 24100.1, Avg: 24100.1, Max: 24100.2, Diff: 0.1]
   [Code Root Fixup: 0.0 ms]
   [Code Root Purge: 0.0 ms]
   [Clear CT: 1.2 ms]
   [Other: 3.2 ms]
      [Choose CSet: 0.0 ms]
      [Ref Proc: 1.0 ms]
      [Ref Enq: 0.0 ms]
      [Redirty Cards: 1.4 ms]
      [Humongous Register: 0.1 ms]
      [Humongous Reclaim: 0.2 ms]
      [Free CSet: 0.3 ms]
   [Eden: 730.0M(878.0M)->0.0B(782.0M) Survivors: 5120.0K->111.0M Heap: 1486.7M(2048.0M)->743.7M(2048.0M)]
 [Times: user=0.21 sys=0.01, real=0.04 secs] 
2021-01-22T00:58:51.070+0800: 24.106: [GC concurrent-root-region-scan-start]
2021-01-22T00:58:51.071+0800: 24.106: [GC concurrent-root-region-scan-end, 0.0003148 secs]
2021-01-22T00:58:51.071+0800: 24.106: [GC concurrent-mark-start]
2021-01-22T00:58:51.073+0800: 24.109: [GC concurrent-mark-end, 0.0023782 secs]
2021-01-22T00:58:51.073+0800: 24.109: [GC remark 2021-01-22T00:58:51.074+0800: 24.110: [Finalize Marking, 0.0010885 secs] 2021-01-22T00:58:51.075+0800: 24.111: [GC ref-proc, 0.0005097 secs] 2021-01-22T00:58:51.076+0800: 24.112: [Unloading, 0.0012241 secs], 0.0057480 secs]
 [Times: user=0.01 sys=0.00, real=0.01 secs] 
2021-01-22T00:58:51.080+0800: 24.116: [GC cleanup 768M->644M(2048M), 0.0039644 secs]
 [Times: user=0.01 sys=0.00, real=0.00 secs] 
2021-01-22T00:58:51.085+0800: 24.121: [GC concurrent-cleanup-start]
2021-01-22T00:58:51.085+0800: 24.121: [GC concurrent-cleanup-end, 0.0000785 secs]
2021-01-22T00:58:51.194+0800: 24.230: [GC pause (G1 Evacuation Pause) (young), 0.0367023 secs]
   [Parallel Time: 32.3 ms, GC Workers: 8]
      [GC Worker Start (ms): Min: 24230.4, Avg: 24230.9, Max: 24232.9, Diff: 2.6]
      [Ext Root Scanning (ms): Min: 0.0, Avg: 0.1, Max: 0.3, Diff: 0.3, Sum: 0.7]
      [Update RS (ms): Min: 10.6, Avg: 12.5, Max: 12.8, Diff: 2.3, Sum: 100.0]
         [Processed Buffers: Min: 149, Avg: 187.1, Max: 201, Diff: 52, Sum: 1497]
      [Scan RS (ms): Min: 0.1, Avg: 0.1, Max: 0.1, Diff: 0.0, Sum: 1.0]
      [Code Root Scanning (ms): Min: 0.0, Avg: 0.0, Max: 0.0, Diff: 0.0, Sum: 0.0]
      [Object Copy (ms): Min: 18.0, Avg: 18.1, Max: 18.1, Diff: 0.1, Sum: 144.5]
      [Termination (ms): Min: 0.0, Avg: 0.0, Max: 0.1, Diff: 0.1, Sum: 0.3]
         [Termination Attempts: Min: 1, Avg: 1.0, Max: 1, Diff: 0, Sum: 8]
      [GC Worker Other (ms): Min: 0.0, Avg: 0.1, Max: 0.2, Diff: 0.2, Sum: 0.5]
      [GC Worker Total (ms): Min: 28.8, Avg: 30.9, Max: 31.4, Diff: 2.6, Sum: 247.0]
      [GC Worker End (ms): Min: 24261.7, Avg: 24261.8, Max: 24261.9, Diff: 0.2]
   [Code Root Fixup: 0.0 ms]
   [Code Root Purge: 0.0 ms]
   [Clear CT: 1.0 ms]
   [Other: 3.4 ms]
      [Choose CSet: 0.0 ms]
      [Ref Proc: 1.0 ms]
      [Ref Enq: 0.0 ms]
      [Redirty Cards: 1.2 ms]
      [Humongous Register: 0.2 ms]
      [Humongous Reclaim: 0.5 ms]
      [Free CSet: 0.5 ms]
   [Eden: 782.0M(782.0M)->0.0B(7168.0K) Survivors: 111.0M->112.0M Heap: 1587.6M(2048.0M)->718.1M(2048.0M)]
 [Times: user=0.25 sys=0.01, real=0.04 secs] 
2021-01-22T00:58:51.233+0800: 24.269: [GC pause (G1 Evacuation Pause) (mixed), 0.0153077 secs]
   [Parallel Time: 11.7 ms, GC Workers: 8]
      [GC Worker Start (ms): Min: 24268.9, Avg: 24269.1, Max: 24269.2, Diff: 0.3]
      [Ext Root Scanning (ms): Min: 0.0, Avg: 0.1, Max: 0.2, Diff: 0.2, Sum: 0.5]
      [Update RS (ms): Min: 0.1, Avg: 0.1, Max: 0.2, Diff: 0.1, Sum: 1.1]
         [Processed Buffers: Min: 1, Avg: 2.4, Max: 4, Diff: 3, Sum: 19]
      [Scan RS (ms): Min: 0.0, Avg: 0.1, Max: 0.1, Diff: 0.1, Sum: 0.4]
      [Code Root Scanning (ms): Min: 0.0, Avg: 0.0, Max: 0.0, Diff: 0.0, Sum: 0.0]
      [Object Copy (ms): Min: 10.3, Avg: 10.3, Max: 10.4, Diff: 0.1, Sum: 82.8]
      [Termination (ms): Min: 0.0, Avg: 0.1, Max: 0.1, Diff: 0.1, Sum: 0.8]
         [Termination Attempts: Min: 1, Avg: 1.1, Max: 2, Diff: 1, Sum: 9]
      [GC Worker Other (ms): Min: 0.0, Avg: 0.0, Max: 0.0, Diff: 0.0, Sum: 0.1]
      [GC Worker Total (ms): Min: 10.6, Avg: 10.7, Max: 10.9, Diff: 0.3, Sum: 85.7]
      [GC Worker End (ms): Min: 24279.8, Avg: 24279.8, Max: 24279.8, Diff: 0.0]
   [Code Root Fixup: 0.0 ms]
   [Code Root Purge: 0.0 ms]
   [Clear CT: 1.4 ms]
   [Other: 2.2 ms]
      [Choose CSet: 0.1 ms]
      [Ref Proc: 0.8 ms]
      [Ref Enq: 0.0 ms]
      [Redirty Cards: 0.9 ms]
      [Humongous Register: 0.1 ms]
      [Humongous Reclaim: 0.0 ms]
      [Free CSet: 0.2 ms]
   [Eden: 7168.0K(7168.0K)->0.0B(918.0M) Survivors: 112.0M->4096.0K Heap: 726.3M(2048.0M)->579.3M(2048.0M)]
 [Times: user=0.09 sys=0.00, real=0.02 secs] 
2021-01-22T00:58:51.338+0800: 24.374: [GC pause (G1 Humongous Allocation) (young) (initial-mark), 0.0297069 secs]
   [Parallel Time: 26.0 ms, GC Workers: 8]
      [GC Worker Start (ms): Min: 24374.2, Avg: 24374.5, Max: 24374.7, Diff: 0.5]
      [Ext Root Scanning (ms): Min: 0.0, Avg: 0.5, Max: 0.7, Diff: 0.7, Sum: 3.7]
      [Update RS (ms): Min: 12.1, Avg: 12.2, Max: 12.4, Diff: 0.3, Sum: 97.5]
         [Processed Buffers: Min: 171, Avg: 183.2, Max: 190, Diff: 19, Sum: 1466]
      [Scan RS (ms): Min: 0.1, Avg: 0.1, Max: 0.1, Diff: 0.0, Sum: 0.7]
      [Code Root Scanning (ms): Min: 0.0, Avg: 0.0, Max: 0.0, Diff: 0.0, Sum: 0.0]
      [Object Copy (ms): Min: 12.1, Avg: 12.1, Max: 12.2, Diff: 0.1, Sum: 97.1]
      [Termination (ms): Min: 0.0, Avg: 0.1, Max: 0.1, Diff: 0.1, Sum: 0.5]
         [Termination Attempts: Min: 1, Avg: 1.1, Max: 2, Diff: 1, Sum: 9]
      [GC Worker Other (ms): Min: 0.0, Avg: 0.1, Max: 0.2, Diff: 0.2, Sum: 0.6]
      [GC Worker Total (ms): Min: 24.8, Avg: 25.0, Max: 25.4, Diff: 0.7, Sum: 200.2]
      [GC Worker End (ms): Min: 24399.4, Avg: 24399.5, Max: 24399.7, Diff: 0.2]
   [Code Root Fixup: 0.0 ms]
   [Code Root Purge: 0.0 ms]
   [Clear CT: 1.1 ms]
   [Other: 2.6 ms]
      [Choose CSet: 0.0 ms]
      [Ref Proc: 0.5 ms]
      [Ref Enq: 0.0 ms]
      [Redirty Cards: 1.1 ms]
      [Humongous Register: 0.2 ms]
      [Humongous Reclaim: 0.3 ms]
      [Free CSet: 0.2 ms]
   [Eden: 653.0M(918.0M)->0.0B(827.0M) Survivors: 4096.0K->116.0M Heap: 1413.9M(2048.0M)->719.0M(2048.0M)]
 [Times: user=0.21 sys=0.00, real=0.04 secs] 
2021-01-22T00:58:51.368+0800: 24.404: [GC concurrent-root-region-scan-start]
2021-01-22T00:58:51.369+0800: 24.405: [GC concurrent-root-region-scan-end, 0.0003522 secs]
2021-01-22T00:58:51.369+0800: 24.405: [GC concurrent-mark-start]
2021-01-22T00:58:51.372+0800: 24.408: [GC concurrent-mark-end, 0.0030490 secs]
2021-01-22T00:58:51.372+0800: 24.408: [GC remark 2021-01-22T00:58:51.373+0800: 24.408: [Finalize Marking, 0.0012176 secs] 2021-01-22T00:58:51.374+0800: 24.410: [GC ref-proc, 0.0004633 secs] 2021-01-22T00:58:51.375+0800: 24.411: [Unloading, 0.0012322 secs], 0.0052843 secs]
 [Times: user=0.01 sys=0.00, real=0.00 secs] 
2021-01-22T00:58:51.378+0800: 24.414: [GC cleanup 743M->614M(2048M), 0.0031566 secs]
 [Times: user=0.01 sys=0.00, real=0.00 secs] 
2021-01-22T00:58:51.382+0800: 24.418: [GC concurrent-cleanup-start]
2021-01-22T00:58:51.382+0800: 24.418: [GC concurrent-cleanup-end, 0.0000801 secs]
2021-01-22T00:58:51.505+0800: 24.541: [GC pause (G1 Evacuation Pause) (young), 0.0396850 secs]
   [Parallel Time: 34.6 ms, GC Workers: 8]
      [GC Worker Start (ms): Min: 24541.2, Avg: 24541.4, Max: 24541.5, Diff: 0.4]
      [Ext Root Scanning (ms): Min: 0.0, Avg: 0.1, Max: 0.2, Diff: 0.2, Sum: 0.4]
      [Update RS (ms): Min: 14.9, Avg: 15.0, Max: 15.1, Diff: 0.2, Sum: 120.2]
         [Processed Buffers: Min: 207, Avg: 224.5, Max: 233, Diff: 26, Sum: 1796]
      [Scan RS (ms): Min: 0.1, Avg: 0.1, Max: 0.2, Diff: 0.1, Sum: 1.1]
      [Code Root Scanning (ms): Min: 0.0, Avg: 0.0, Max: 0.0, Diff: 0.0, Sum: 0.0]
      [Object Copy (ms): Min: 18.3, Avg: 18.4, Max: 18.5, Diff: 0.1, Sum: 147.3]
      [Termination (ms): Min: 0.0, Avg: 0.0, Max: 0.1, Diff: 0.1, Sum: 0.4]
         [Termination Attempts: Min: 1, Avg: 1.0, Max: 1, Diff: 0, Sum: 8]
      [GC Worker Other (ms): Min: 0.0, Avg: 0.1, Max: 0.4, Diff: 0.4, Sum: 1.1]
      [GC Worker Total (ms): Min: 33.6, Avg: 33.8, Max: 34.1, Diff: 0.4, Sum: 270.6]
      [GC Worker End (ms): Min: 24575.1, Avg: 24575.2, Max: 24575.4, Diff: 0.4]
   [Code Root Fixup: 0.0 ms]
   [Code Root Purge: 0.0 ms]
   [Clear CT: 1.0 ms]
   [Other: 4.1 ms]
      [Choose CSet: 0.0 ms]
      [Ref Proc: 1.0 ms]
      [Ref Enq: 0.0 ms]
      [Redirty Cards: 1.8 ms]
      [Humongous Register: 0.2 ms]
      [Humongous Reclaim: 0.7 ms]
      [Free CSet: 0.3 ms]
   [Eden: 827.0M(827.0M)->0.0B(7168.0K) Survivors: 116.0M->118.0M Heap: 1640.2M(2048.0M)->708.7M(2048.0M)]
 [Times: user=0.28 sys=0.00, real=0.04 secs] 
2021-01-22T00:58:51.547+0800: 24.583: [GC pause (G1 Evacuation Pause) (mixed), 0.0150302 secs]
   [Parallel Time: 11.6 ms, GC Workers: 8]
      [GC Worker Start (ms): Min: 24583.4, Avg: 24583.6, Max: 24583.7, Diff: 0.3]
      [Ext Root Scanning (ms): Min: 0.0, Avg: 0.1, Max: 0.2, Diff: 0.2, Sum: 0.5]
      [Update RS (ms): Min: 0.0, Avg: 0.1, Max: 0.1, Diff: 0.1, Sum: 0.6]
         [Processed Buffers: Min: 0, Avg: 1.1, Max: 2, Diff: 2, Sum: 9]
      [Scan RS (ms): Min: 0.0, Avg: 0.1, Max: 0.1, Diff: 0.1, Sum: 0.5]
      [Code Root Scanning (ms): Min: 0.0, Avg: 0.0, Max: 0.0, Diff: 0.0, Sum: 0.0]
      [Object Copy (ms): Min: 10.8, Avg: 10.8, Max: 10.8, Diff: 0.1, Sum: 86.2]
      [Termination (ms): Min: 0.0, Avg: 0.0, Max: 0.0, Diff: 0.0, Sum: 0.1]
         [Termination Attempts: Min: 1, Avg: 1.9, Max: 4, Diff: 3, Sum: 15]
      [GC Worker Other (ms): Min: 0.0, Avg: 0.1, Max: 0.2, Diff: 0.2, Sum: 0.5]
      [GC Worker Total (ms): Min: 10.9, Avg: 11.0, Max: 11.2, Diff: 0.4, Sum: 88.3]
      [GC Worker End (ms): Min: 24594.6, Avg: 24594.6, Max: 24594.8, Diff: 0.2]
   [Code Root Fixup: 0.0 ms]
   [Code Root Purge: 0.0 ms]
   [Clear CT: 1.0 ms]
   [Other: 2.4 ms]
      [Choose CSet: 0.1 ms]
      [Ref Proc: 0.8 ms]
      [Ref Enq: 0.0 ms]
      [Redirty Cards: 0.9 ms]
      [Humongous Register: 0.1 ms]
      [Humongous Reclaim: 0.1 ms]
      [Free CSet: 0.2 ms]
   [Eden: 7168.0K(7168.0K)->0.0B(893.0M) Survivors: 118.0M->2048.0K Heap: 715.7M(2048.0M)->578.6M(2048.0M)]
 [Times: user=0.09 sys=0.00, real=0.02 secs] 
2021-01-22T00:58:51.665+0800: 24.701: [GC pause (G1 Humongous Allocation) (young) (initial-mark), 0.0425495 secs]
   [Parallel Time: 40.0 ms, GC Workers: 8]
      [GC Worker Start (ms): Min: 24701.3, Avg: 24701.5, Max: 24701.6, Diff: 0.4]
      [Ext Root Scanning (ms): Min: 0.0, Avg: 0.4, Max: 0.5, Diff: 0.5, Sum: 3.0]
      [Update RS (ms): Min: 12.2, Avg: 12.4, Max: 12.6, Diff: 0.3, Sum: 99.2]
         [Processed Buffers: Min: 166, Avg: 177.1, Max: 190, Diff: 24, Sum: 1417]
      [Scan RS (ms): Min: 0.0, Avg: 0.1, Max: 0.2, Diff: 0.2, Sum: 1.0]
      [Code Root Scanning (ms): Min: 0.0, Avg: 0.0, Max: 0.0, Diff: 0.0, Sum: 0.0]
      [Object Copy (ms): Min: 13.7, Avg: 16.3, Max: 22.5, Diff: 8.8, Sum: 130.3]
      [Termination (ms): Min: 0.0, Avg: 7.5, Max: 11.9, Diff: 11.9, Sum: 59.9]
         [Termination Attempts: Min: 1, Avg: 1.1, Max: 2, Diff: 1, Sum: 9]
      [GC Worker Other (ms): Min: 0.0, Avg: 0.0, Max: 0.0, Diff: 0.0, Sum: 0.1]
      [GC Worker Total (ms): Min: 35.4, Avg: 36.7, Max: 38.5, Diff: 3.2, Sum: 293.6]
      [GC Worker End (ms): Min: 24737.0, Avg: 24738.1, Max: 24740.0, Diff: 3.0]
   [Code Root Fixup: 0.0 ms]
   [Code Root Purge: 0.0 ms]
   [Clear CT: 0.5 ms]
   [Other: 2.0 ms]
      [Choose CSet: 0.0 ms]
      [Ref Proc: 0.4 ms]
      [Ref Enq: 0.0 ms]
      [Redirty Cards: 0.6 ms]
      [Humongous Register: 0.1 ms]
      [Humongous Reclaim: 0.3 ms]
      [Free CSet: 0.3 ms]
   [Eden: 693.0M(893.0M)->0.0B(828.0M) Survivors: 2048.0K->112.0M Heap: 1447.4M(2048.0M)->728.7M(2048.0M)]
 [Times: user=0.30 sys=0.00, real=0.05 secs] 
2021-01-22T00:58:51.721+0800: 24.757: [GC concurrent-root-region-scan-start]
2021-01-22T00:58:51.721+0800: 24.757: [GC concurrent-root-region-scan-end, 0.0003349 secs]
2021-01-22T00:58:51.721+0800: 24.757: [GC concurrent-mark-start]
2021-01-22T00:58:51.725+0800: 24.760: [GC concurrent-mark-end, 0.0034403 secs]
2021-01-22T00:58:51.725+0800: 24.761: [GC remark 2021-01-22T00:58:51.725+0800: 24.761: [Finalize Marking, 0.0066033 secs] 2021-01-22T00:58:51.732+0800: 24.768: [GC ref-proc, 0.0003671 secs] 2021-01-22T00:58:51.732+0800: 24.768: [Unloading, 0.0009563 secs], 0.0100320 secs]
 [Times: user=0.05 sys=0.00, real=0.01 secs] 
2021-01-22T00:58:51.735+0800: 24.771: [GC cleanup 752M->625M(2048M), 0.0035879 secs]
 [Times: user=0.01 sys=0.00, real=0.01 secs] 
2021-01-22T00:58:51.740+0800: 24.776: [GC concurrent-cleanup-start]
2021-01-22T00:58:51.740+0800: 24.776: [GC concurrent-cleanup-end, 0.0000944 secs]
2021-01-22T00:58:51.861+0800: 24.897: [GC pause (G1 Evacuation Pause) (young) (to-space exhausted), 0.0371200 secs]
   [Parallel Time: 33.5 ms, GC Workers: 8]
      [GC Worker Start (ms): Min: 24897.7, Avg: 24897.9, Max: 24898.0, Diff: 0.3]
      [Ext Root Scanning (ms): Min: 0.0, Avg: 0.1, Max: 0.2, Diff: 0.2, Sum: 0.6]
      [Update RS (ms): Min: 16.0, Avg: 16.1, Max: 16.4, Diff: 0.4, Sum: 129.1]
         [Processed Buffers: Min: 222, Avg: 234.6, Max: 250, Diff: 28, Sum: 1877]
      [Scan RS (ms): Min: 0.1, Avg: 0.1, Max: 0.2, Diff: 0.1, Sum: 1.1]
      [Code Root Scanning (ms): Min: 0.0, Avg: 0.0, Max: 0.0, Diff: 0.0, Sum: 0.0]
      [Object Copy (ms): Min: 15.8, Avg: 16.1, Max: 16.4, Diff: 0.6, Sum: 129.0]
      [Termination (ms): Min: 0.0, Avg: 0.3, Max: 0.3, Diff: 0.3, Sum: 2.1]
         [Termination Attempts: Min: 1, Avg: 1.0, Max: 1, Diff: 0, Sum: 8]
      [GC Worker Other (ms): Min: 0.0, Avg: 0.0, Max: 0.0, Diff: 0.0, Sum: 0.1]
      [GC Worker Total (ms): Min: 32.6, Avg: 32.8, Max: 32.9, Diff: 0.4, Sum: 262.0]
      [GC Worker End (ms): Min: 24930.6, Avg: 24930.6, Max: 24930.6, Diff: 0.0]
   [Code Root Fixup: 0.0 ms]
   [Code Root Purge: 0.0 ms]
   [Clear CT: 0.9 ms]
   [Other: 2.7 ms]
      [Evacuation Failure: 0.8 ms]
      [Choose CSet: 0.0 ms]
      [Ref Proc: 0.4 ms]
      [Ref Enq: 0.0 ms]
      [Redirty Cards: 0.5 ms]
      [Humongous Register: 0.3 ms]
      [Humongous Reclaim: 0.3 ms]
      [Free CSet: 0.3 ms]
   [Eden: 828.0M(828.0M)->0.0B(7168.0K) Survivors: 112.0M->118.0M Heap: 1663.0M(2048.0M)->864.2M(2048.0M)]
 [Times: user=0.27 sys=0.00, real=0.04 secs] 
2021-01-22T00:58:51.900+0800: 24.936: [GC pause (G1 Evacuation Pause) (mixed), 0.0204537 secs]
   [Parallel Time: 15.6 ms, GC Workers: 8]
      [GC Worker Start (ms): Min: 24936.5, Avg: 24936.7, Max: 24936.8, Diff: 0.3]
      [Ext Root Scanning (ms): Min: 0.0, Avg: 0.1, Max: 0.2, Diff: 0.2, Sum: 0.7]
      [Update RS (ms): Min: 0.3, Avg: 0.7, Max: 2.9, Diff: 2.6, Sum: 5.4]
         [Processed Buffers: Min: 2, Avg: 5.0, Max: 8, Diff: 6, Sum: 40]
      [Scan RS (ms): Min: 0.0, Avg: 0.1, Max: 0.1, Diff: 0.1, Sum: 0.6]
      [Code Root Scanning (ms): Min: 0.0, Avg: 0.0, Max: 0.0, Diff: 0.0, Sum: 0.0]
      [Object Copy (ms): Min: 10.5, Avg: 12.6, Max: 14.5, Diff: 4.1, Sum: 101.1]
      [Termination (ms): Min: 0.0, Avg: 1.7, Max: 2.6, Diff: 2.6, Sum: 13.3]
         [Termination Attempts: Min: 1, Avg: 1.2, Max: 3, Diff: 2, Sum: 10]
      [GC Worker Other (ms): Min: 0.0, Avg: 0.0, Max: 0.0, Diff: 0.0, Sum: 0.1]
      [GC Worker Total (ms): Min: 15.0, Avg: 15.1, Max: 15.3, Diff: 0.3, Sum: 121.2]
      [GC Worker End (ms): Min: 24951.8, Avg: 24951.8, Max: 24951.9, Diff: 0.1]
   [Code Root Fixup: 0.0 ms]
   [Code Root Purge: 0.0 ms]
   [Clear CT: 0.6 ms]
   [Other: 4.2 ms]
      [Choose CSet: 0.0 ms]
      [Ref Proc: 3.2 ms]
      [Ref Enq: 0.0 ms]
      [Redirty Cards: 0.6 ms]
      [Humongous Register: 0.1 ms]
      [Humongous Reclaim: 0.1 ms]
      [Free CSet: 0.2 ms]
   [Eden: 7168.0K(7168.0K)->0.0B(821.0M) Survivors: 118.0M->3072.0K Heap: 874.3M(2048.0M)->742.7M(2048.0M)]
 [Times: user=0.14 sys=0.00, real=0.02 secs] 
2021-01-22T00:58:51.959+0800: 24.995: [GC pause (G1 Humongous Allocation) (young) (initial-mark), 0.0148473 secs]
   [Parallel Time: 12.5 ms, GC Workers: 8]
      [GC Worker Start (ms): Min: 24995.5, Avg: 24995.6, Max: 24995.7, Diff: 0.3]
      [Ext Root Scanning (ms): Min: 0.0, Avg: 0.3, Max: 0.5, Diff: 0.5, Sum: 2.3]
      [Update RS (ms): Min: 4.8, Avg: 4.9, Max: 5.0, Diff: 0.2, Sum: 39.1]
         [Processed Buffers: Min: 72, Avg: 74.4, Max: 77, Diff: 5, Sum: 595]
      [Scan RS (ms): Min: 0.0, Avg: 0.0, Max: 0.0, Diff: 0.0, Sum: 0.2]
      [Code Root Scanning (ms): Min: 0.0, Avg: 0.0, Max: 0.0, Diff: 0.0, Sum: 0.0]
      [Object Copy (ms): Min: 6.8, Avg: 6.8, Max: 6.9, Diff: 0.1, Sum: 54.7]
      [Termination (ms): Min: 0.0, Avg: 0.0, Max: 0.1, Diff: 0.1, Sum: 0.3]
         [Termination Attempts: Min: 1, Avg: 1.0, Max: 1, Diff: 0, Sum: 8]
      [GC Worker Other (ms): Min: 0.0, Avg: 0.0, Max: 0.0, Diff: 0.0, Sum: 0.1]
      [GC Worker Total (ms): Min: 11.9, Avg: 12.1, Max: 12.2, Diff: 0.3, Sum: 96.7]
      [GC Worker End (ms): Min: 25007.7, Avg: 25007.7, Max: 25007.7, Diff: 0.0]
   [Code Root Fixup: 0.0 ms]
   [Code Root Purge: 0.0 ms]
   [Clear CT: 0.7 ms]
   [Other: 1.6 ms]
      [Choose CSet: 0.0 ms]
      [Ref Proc: 0.4 ms]
      [Ref Enq: 0.0 ms]
      [Redirty Cards: 0.6 ms]
      [Humongous Register: 0.1 ms]
      [Humongous Reclaim: 0.1 ms]
      [Free CSet: 0.1 ms]
   [Eden: 284.0M(821.0M)->0.0B(774.0M) Survivors: 3072.0K->84992.0K Heap: 1099.2M(2048.0M)->821.9M(2048.0M)]
 [Times: user=0.10 sys=0.00, real=0.01 secs] 
2021-01-22T00:58:51.975+0800: 25.011: [GC concurrent-root-region-scan-start]
2021-01-22T00:58:51.975+0800: 25.011: [GC concurrent-root-region-scan-end, 0.0002371 secs]
2021-01-22T00:58:51.975+0800: 25.011: [GC concurrent-mark-start]
2021-01-22T00:58:51.977+0800: 25.013: [GC concurrent-mark-end, 0.0025199 secs]
2021-01-22T00:58:51.978+0800: 25.014: [GC remark 2021-01-22T00:58:51.978+0800: 25.014: [Finalize Marking, 0.0008486 secs] 2021-01-22T00:58:51.979+0800: 25.015: [GC ref-proc, 0.0004464 secs] 2021-01-22T00:58:51.980+0800: 25.016: [Unloading, 0.0007215 secs], 0.0039052 secs]
 [Times: user=0.01 sys=0.00, real=0.01 secs] 
2021-01-22T00:58:51.982+0800: 25.018: [GC cleanup 849M->728M(2048M), 0.0022921 secs]
 [Times: user=0.01 sys=0.00, real=0.00 secs] 
2021-01-22T00:58:51.985+0800: 25.021: [GC concurrent-cleanup-start]
2021-01-22T00:58:51.985+0800: 25.021: [GC concurrent-cleanup-end, 0.0000746 secs]
2021-01-22T00:58:52.087+0800: 25.123: [GC pause (G1 Evacuation Pause) (young) (to-space exhausted), 0.0356216 secs]
   [Parallel Time: 30.7 ms, GC Workers: 8]
      [GC Worker Start (ms): Min: 25122.8, Avg: 25123.1, Max: 25123.2, Diff: 0.4]
      [Ext Root Scanning (ms): Min: 0.0, Avg: 0.1, Max: 0.2, Diff: 0.2, Sum: 0.5]
      [Update RS (ms): Min: 12.8, Avg: 12.8, Max: 12.9, Diff: 0.2, Sum: 102.7]
         [Processed Buffers: Min: 182, Avg: 192.6, Max: 200, Diff: 18, Sum: 1541]
      [Scan RS (ms): Min: 0.1, Avg: 0.1, Max: 0.2, Diff: 0.1, Sum: 1.0]
      [Code Root Scanning (ms): Min: 0.0, Avg: 0.0, Max: 0.0, Diff: 0.0, Sum: 0.0]
      [Object Copy (ms): Min: 16.8, Avg: 16.8, Max: 16.8, Diff: 0.1, Sum: 134.3]
      [Termination (ms): Min: 0.0, Avg: 0.0, Max: 0.0, Diff: 0.0, Sum: 0.2]
         [Termination Attempts: Min: 1, Avg: 1.0, Max: 1, Diff: 0, Sum: 8]
      [GC Worker Other (ms): Min: 0.0, Avg: 0.0, Max: 0.1, Diff: 0.1, Sum: 0.2]
      [GC Worker Total (ms): Min: 29.7, Avg: 29.9, Max: 30.1, Diff: 0.4, Sum: 239.0]
      [GC Worker End (ms): Min: 25152.9, Avg: 25152.9, Max: 25153.0, Diff: 0.1]
   [Code Root Fixup: 0.0 ms]
   [Code Root Purge: 0.0 ms]
   [Clear CT: 1.0 ms]
   [Other: 3.9 ms]
      [Evacuation Failure: 1.0 ms]
      [Choose CSet: 0.0 ms]
      [Ref Proc: 1.0 ms]
      [Ref Enq: 0.0 ms]
      [Redirty Cards: 1.0 ms]
      [Humongous Register: 0.2 ms]
      [Humongous Reclaim: 0.3 ms]
      [Free CSet: 0.3 ms]
   [Eden: 774.0M(774.0M)->0.0B(7168.0K) Survivors: 84992.0K->108.0M Heap: 1666.4M(2048.0M)->825.7M(2048.0M)]
 [Times: user=0.24 sys=0.00, real=0.04 secs] 
2021-01-22T00:58:52.124+0800: 25.160: [GC pause (G1 Evacuation Pause) (mixed), 0.0150150 secs]
   [Parallel Time: 11.7 ms, GC Workers: 8]
      [GC Worker Start (ms): Min: 25160.1, Avg: 25160.3, Max: 25160.4, Diff: 0.3]
      [Ext Root Scanning (ms): Min: 0.0, Avg: 0.1, Max: 0.2, Diff: 0.2, Sum: 0.5]
      [Update RS (ms): Min: 0.0, Avg: 0.1, Max: 0.1, Diff: 0.1, Sum: 0.8]
         [Processed Buffers: Min: 1, Avg: 2.6, Max: 5, Diff: 4, Sum: 21]
      [Scan RS (ms): Min: 0.0, Avg: 0.1, Max: 0.1, Diff: 0.1, Sum: 0.5]
      [Code Root Scanning (ms): Min: 0.0, Avg: 0.0, Max: 0.0, Diff: 0.0, Sum: 0.0]
      [Object Copy (ms): Min: 10.2, Avg: 10.3, Max: 10.4, Diff: 0.2, Sum: 82.2]
      [Termination (ms): Min: 0.0, Avg: 0.2, Max: 0.2, Diff: 0.2, Sum: 1.2]
         [Termination Attempts: Min: 1, Avg: 1.0, Max: 1, Diff: 0, Sum: 8]
      [GC Worker Other (ms): Min: 0.0, Avg: 0.0, Max: 0.0, Diff: 0.0, Sum: 0.1]
      [GC Worker Total (ms): Min: 10.5, Avg: 10.7, Max: 10.8, Diff: 0.3, Sum: 85.3]
      [GC Worker End (ms): Min: 25171.0, Avg: 25171.0, Max: 25171.0, Diff: 0.0]
   [Code Root Fixup: 0.0 ms]
   [Code Root Purge: 0.0 ms]
   [Clear CT: 1.2 ms]
   [Other: 2.1 ms]
      [Choose CSet: 0.1 ms]
      [Ref Proc: 0.5 ms]
      [Ref Enq: 0.0 ms]
      [Redirty Cards: 1.1 ms]
      [Humongous Register: 0.1 ms]
      [Humongous Reclaim: 0.0 ms]
      [Free CSet: 0.2 ms]
   [Eden: 7168.0K(7168.0K)->0.0B(101376.0K) Survivors: 108.0M->3072.0K Heap: 833.4M(2048.0M)->633.2M(2048.0M)]
 [Times: user=0.09 sys=0.00, real=0.02 secs] 
2021-01-22T00:58:52.154+0800: 25.189: [GC pause (G1 Evacuation Pause) (mixed), 0.0088461 secs]
   [Parallel Time: 5.7 ms, GC Workers: 8]
      [GC Worker Start (ms): Min: 25189.7, Avg: 25189.9, Max: 25190.0, Diff: 0.4]
      [Ext Root Scanning (ms): Min: 0.0, Avg: 0.1, Max: 0.2, Diff: 0.2, Sum: 0.5]
      [Update RS (ms): Min: 2.0, Avg: 2.0, Max: 2.1, Diff: 0.1, Sum: 16.4]
         [Processed Buffers: Min: 30, Avg: 30.9, Max: 33, Diff: 3, Sum: 247]
      [Scan RS (ms): Min: 0.0, Avg: 0.1, Max: 0.1, Diff: 0.1, Sum: 0.5]
      [Code Root Scanning (ms): Min: 0.0, Avg: 0.0, Max: 0.0, Diff: 0.0, Sum: 0.0]
      [Object Copy (ms): Min: 3.0, Avg: 3.1, Max: 3.2, Diff: 0.2, Sum: 24.9]
      [Termination (ms): Min: 0.0, Avg: 0.1, Max: 0.1, Diff: 0.1, Sum: 0.4]
         [Termination Attempts: Min: 1, Avg: 1.0, Max: 1, Diff: 0, Sum: 8]
      [GC Worker Other (ms): Min: 0.0, Avg: 0.0, Max: 0.0, Diff: 0.0, Sum: 0.0]
      [GC Worker Total (ms): Min: 5.2, Avg: 5.3, Max: 5.5, Diff: 0.4, Sum: 42.7]
      [GC Worker End (ms): Min: 25195.2, Avg: 25195.2, Max: 25195.2, Diff: 0.0]
   [Code Root Fixup: 0.0 ms]
   [Code Root Purge: 0.0 ms]
   [Clear CT: 0.9 ms]
   [Other: 2.3 ms]
      [Choose CSet: 0.0 ms]
      [Ref Proc: 0.7 ms]
      [Ref Enq: 0.0 ms]
      [Redirty Cards: 0.9 ms]
      [Humongous Register: 0.1 ms]
      [Humongous Reclaim: 0.2 ms]
      [Free CSet: 0.2 ms]
   [Eden: 101376.0K(101376.0K)->0.0B(925.0M) Survivors: 3072.0K->13312.0K Heap: 761.9M(2048.0M)->627.9M(2048.0M)]
 [Times: user=0.05 sys=0.00, real=0.01 secs] 
2021-01-22T00:58:52.249+0800: 25.285: [GC pause (G1 Humongous Allocation) (young) (initial-mark), 0.0287165 secs]
   [Parallel Time: 24.4 ms, GC Workers: 8]
      [GC Worker Start (ms): Min: 25285.0, Avg: 25285.2, Max: 25285.4, Diff: 0.4]
      [Ext Root Scanning (ms): Min: 0.0, Avg: 0.4, Max: 0.7, Diff: 0.6, Sum: 3.2]
      [Update RS (ms): Min: 10.2, Avg: 10.3, Max: 10.5, Diff: 0.3, Sum: 82.7]
         [Processed Buffers: Min: 153, Avg: 157.4, Max: 164, Diff: 11, Sum: 1259]
      [Scan RS (ms): Min: 0.1, Avg: 0.1, Max: 0.1, Diff: 0.0, Sum: 0.6]
      [Code Root Scanning (ms): Min: 0.0, Avg: 0.0, Max: 0.0, Diff: 0.0, Sum: 0.0]
      [Object Copy (ms): Min: 12.6, Avg: 12.7, Max: 12.7, Diff: 0.1, Sum: 101.4]
      [Termination (ms): Min: 0.0, Avg: 0.0, Max: 0.1, Diff: 0.1, Sum: 0.3]
         [Termination Attempts: Min: 1, Avg: 1.1, Max: 2, Diff: 1, Sum: 9]
      [GC Worker Other (ms): Min: 0.0, Avg: 0.0, Max: 0.0, Diff: 0.0, Sum: 0.1]
      [GC Worker Total (ms): Min: 23.3, Avg: 23.5, Max: 23.8, Diff: 0.4, Sum: 188.4]
      [GC Worker End (ms): Min: 25308.7, Avg: 25308.7, Max: 25308.8, Diff: 0.0]
   [Code Root Fixup: 0.0 ms]
   [Code Root Purge: 0.0 ms]
   [Clear CT: 1.1 ms]
   [Other: 3.2 ms]
      [Choose CSet: 0.0 ms]
      [Ref Proc: 1.2 ms]
      [Ref Enq: 0.0 ms]
      [Redirty Cards: 1.1 ms]
      [Humongous Register: 0.1 ms]
      [Humongous Reclaim: 0.2 ms]
      [Free CSet: 0.2 ms]
   [Eden: 626.0M(925.0M)->0.0B(360.0M) Survivors: 13312.0K->118.0M Heap: 1410.1M(2048.0M)->779.3M(2048.0M)]
 [Times: user=0.19 sys=0.00, real=0.02 secs] 
2021-01-22T00:58:52.278+0800: 25.314: [GC concurrent-root-region-scan-start]
2021-01-22T00:58:52.279+0800: 25.314: [GC concurrent-root-region-scan-end, 0.0003268 secs]
2021-01-22T00:58:52.279+0800: 25.314: [GC concurrent-mark-start]
2021-01-22T00:58:52.281+0800: 25.317: [GC concurrent-mark-end, 0.0025260 secs]
2021-01-22T00:58:52.281+0800: 25.317: [GC remark 2021-01-22T00:58:52.282+0800: 25.318: [Finalize Marking, 0.0013627 secs] 2021-01-22T00:58:52.284+0800: 25.319: [GC ref-proc, 0.0005665 secs] 2021-01-22T00:58:52.284+0800: 25.320: [Unloading, 0.0012872 secs], 0.0060871 secs]
 [Times: user=0.01 sys=0.00, real=0.00 secs] 
2021-01-22T00:58:52.289+0800: 25.324: [GC cleanup 803M->666M(2048M), 0.0035198 secs]
 [Times: user=0.00 sys=0.01, real=0.00 secs] 
2021-01-22T00:58:52.293+0800: 25.329: [GC concurrent-cleanup-start]
2021-01-22T00:58:52.293+0800: 25.329: [GC concurrent-cleanup-end, 0.0001041 secs]
2021-01-22T00:58:52.347+0800: 25.383: [GC pause (G1 Evacuation Pause) (young), 0.0329126 secs]
   [Parallel Time: 29.9 ms, GC Workers: 8]
      [GC Worker Start (ms): Min: 25383.6, Avg: 25383.8, Max: 25384.0, Diff: 0.4]
      [Ext Root Scanning (ms): Min: 0.0, Avg: 0.1, Max: 0.2, Diff: 0.2, Sum: 0.5]
      [Update RS (ms): Min: 7.3, Avg: 7.9, Max: 11.2, Diff: 3.9, Sum: 62.8]
         [Processed Buffers: Min: 7, Avg: 98.2, Max: 117, Diff: 110, Sum: 786]
      [Scan RS (ms): Min: 0.1, Avg: 0.1, Max: 0.2, Diff: 0.2, Sum: 0.8]
      [Code Root Scanning (ms): Min: 0.0, Avg: 0.0, Max: 0.0, Diff: 0.0, Sum: 0.0]
      [Object Copy (ms): Min: 15.0, Avg: 15.9, Max: 17.7, Diff: 2.7, Sum: 127.1]
      [Termination (ms): Min: 0.0, Avg: 5.2, Max: 6.0, Diff: 6.0, Sum: 41.7]
         [Termination Attempts: Min: 1, Avg: 1.0, Max: 1, Diff: 0, Sum: 8]
      [GC Worker Other (ms): Min: 0.0, Avg: 0.0, Max: 0.1, Diff: 0.1, Sum: 0.3]
      [GC Worker Total (ms): Min: 28.9, Avg: 29.2, Max: 29.4, Diff: 0.5, Sum: 233.2]
      [GC Worker End (ms): Min: 25412.9, Avg: 25413.0, Max: 25413.0, Diff: 0.1]
   [Code Root Fixup: 0.0 ms]
   [Code Root Purge: 0.0 ms]
   [Clear CT: 0.6 ms]
   [Other: 2.4 ms]
      [Choose CSet: 0.0 ms]
      [Ref Proc: 1.1 ms]
      [Ref Enq: 0.0 ms]
      [Redirty Cards: 0.7 ms]
      [Humongous Register: 0.1 ms]
      [Humongous Reclaim: 0.2 ms]
      [Free CSet: 0.2 ms]
   [Eden: 360.0M(360.0M)->0.0B(43008.0K) Survivors: 118.0M->61440.0K Heap: 1099.4M(2048.0M)->705.8M(2048.0M)]
 [Times: user=0.24 sys=0.00, real=0.04 secs] 
2021-01-22T00:58:52.387+0800: 25.423: [GC pause (G1 Evacuation Pause) (mixed), 0.0128515 secs]
   [Parallel Time: 9.4 ms, GC Workers: 8]
      [GC Worker Start (ms): Min: 25423.1, Avg: 25423.2, Max: 25423.4, Diff: 0.3]
      [Ext Root Scanning (ms): Min: 0.0, Avg: 0.1, Max: 0.2, Diff: 0.2, Sum: 0.5]
      [Update RS (ms): Min: 0.5, Avg: 0.9, Max: 2.7, Diff: 2.1, Sum: 7.0]
         [Processed Buffers: Min: 1, Avg: 8.5, Max: 11, Diff: 10, Sum: 68]
      [Scan RS (ms): Min: 0.0, Avg: 0.1, Max: 0.2, Diff: 0.1, Sum: 0.7]
      [Code Root Scanning (ms): Min: 0.0, Avg: 0.0, Max: 0.0, Diff: 0.0, Sum: 0.0]
      [Object Copy (ms): Min: 5.1, Avg: 7.1, Max: 7.9, Diff: 2.8, Sum: 56.6]
      [Termination (ms): Min: 0.0, Avg: 0.6, Max: 0.7, Diff: 0.7, Sum: 4.7]
         [Termination Attempts: Min: 1, Avg: 1.1, Max: 2, Diff: 1, Sum: 9]
      [GC Worker Other (ms): Min: 0.0, Avg: 0.0, Max: 0.0, Diff: 0.0, Sum: 0.1]
      [GC Worker Total (ms): Min: 8.5, Avg: 8.7, Max: 8.8, Diff: 0.3, Sum: 69.4]
      [GC Worker End (ms): Min: 25431.9, Avg: 25431.9, Max: 25431.9, Diff: 0.0]
   [Code Root Fixup: 0.0 ms]
   [Code Root Purge: 0.0 ms]
   [Clear CT: 0.5 ms]
   [Other: 2.9 ms]
      [Choose CSet: 0.1 ms]
      [Ref Proc: 1.8 ms]
      [Ref Enq: 0.0 ms]
      [Redirty Cards: 0.6 ms]
      [Humongous Register: 0.1 ms]
      [Humongous Reclaim: 0.1 ms]
      [Free CSet: 0.2 ms]
   [Eden: 43008.0K(43008.0K)->0.0B(991.0M) Survivors: 61440.0K->13312.0K Heap: 755.1M(2048.0M)->559.7M(2048.0M)]
 [Times: user=0.08 sys=0.00, real=0.02 secs] 
2021-01-22T00:58:52.508+0800: 25.543: [GC pause (G1 Humongous Allocation) (young) (initial-mark), 0.0316437 secs]
   [Parallel Time: 29.0 ms, GC Workers: 8]
      [GC Worker Start (ms): Min: 25543.8, Avg: 25544.0, Max: 25544.2, Diff: 0.4]
      [Ext Root Scanning (ms): Min: 0.0, Avg: 0.3, Max: 0.5, Diff: 0.4, Sum: 2.8]
      [Update RS (ms): Min: 13.2, Avg: 13.3, Max: 13.4, Diff: 0.2, Sum: 106.5]
         [Processed Buffers: Min: 192, Avg: 199.6, Max: 205, Diff: 13, Sum: 1597]
      [Scan RS (ms): Min: 0.1, Avg: 0.1, Max: 0.1, Diff: 0.0, Sum: 0.8]
      [Code Root Scanning (ms): Min: 0.0, Avg: 0.0, Max: 0.0, Diff: 0.0, Sum: 0.0]
      [Object Copy (ms): Min: 14.0, Avg: 14.1, Max: 14.4, Diff: 0.4, Sum: 112.9]
      [Termination (ms): Min: 0.0, Avg: 0.3, Max: 0.4, Diff: 0.4, Sum: 2.6]
         [Termination Attempts: Min: 1, Avg: 1.1, Max: 2, Diff: 1, Sum: 9]
      [GC Worker Other (ms): Min: 0.0, Avg: 0.0, Max: 0.1, Diff: 0.1, Sum: 0.2]
      [GC Worker Total (ms): Min: 28.0, Avg: 28.2, Max: 28.4, Diff: 0.4, Sum: 225.8]
      [GC Worker End (ms): Min: 25572.2, Avg: 25572.2, Max: 25572.2, Diff: 0.1]
   [Code Root Fixup: 0.0 ms]
   [Code Root Purge: 0.0 ms]
   [Clear CT: 0.6 ms]
   [Other: 2.1 ms]
      [Choose CSet: 0.0 ms]
      [Ref Proc: 0.6 ms]
      [Ref Enq: 0.0 ms]
      [Redirty Cards: 0.6 ms]
      [Humongous Register: 0.1 ms]
      [Humongous Reclaim: 0.2 ms]
      [Free CSet: 0.2 ms]
   [Eden: 747.0M(991.0M)->0.0B(851.0M) Survivors: 13312.0K->126.0M Heap: 1504.5M(2048.0M)->716.5M(2048.0M)]
 [Times: user=0.22 sys=0.02, real=0.04 secs] 
2021-01-22T00:58:52.540+0800: 25.576: [GC concurrent-root-region-scan-start]
2021-01-22T00:58:52.540+0800: 25.576: [GC concurrent-root-region-scan-end, 0.0001992 secs]
2021-01-22T00:58:52.540+0800: 25.576: [GC concurrent-mark-start]
2021-01-22T00:58:52.542+0800: 25.578: [GC concurrent-mark-end, 0.0022420 secs]
2021-01-22T00:58:52.542+0800: 25.578: [GC remark 2021-01-22T00:58:52.543+0800: 25.578: [Finalize Marking, 0.0007513 secs] 2021-01-22T00:58:52.544+0800: 25.579: [GC ref-proc, 0.0004353 secs] 2021-01-22T00:58:52.544+0800: 25.580: [Unloading, 0.0011040 secs], 0.0040682 secs]
 [Times: user=0.01 sys=0.00, real=0.00 secs] 
2021-01-22T00:58:52.547+0800: 25.583: [GC cleanup 743M->646M(2048M), 0.0025457 secs]
 [Times: user=0.01 sys=0.00, real=0.01 secs] 
2021-01-22T00:58:52.550+0800: 25.586: [GC concurrent-cleanup-start]
2021-01-22T00:58:52.550+0800: 25.586: [GC concurrent-cleanup-end, 0.0000550 secs]
2021-01-22T00:58:52.667+0800: 25.702: [GC pause (G1 Evacuation Pause) (young) (to-space exhausted), 0.0348563 secs]
   [Parallel Time: 29.6 ms, GC Workers: 8]
      [GC Worker Start (ms): Min: 25703.0, Avg: 25703.2, Max: 25703.4, Diff: 0.4]
      [Ext Root Scanning (ms): Min: 0.0, Avg: 0.1, Max: 0.2, Diff: 0.2, Sum: 0.5]
      [Update RS (ms): Min: 15.6, Avg: 15.7, Max: 15.7, Diff: 0.2, Sum: 125.3]
         [Processed Buffers: Min: 230, Avg: 236.6, Max: 241, Diff: 11, Sum: 1893]
      [Scan RS (ms): Min: 0.1, Avg: 0.1, Max: 0.2, Diff: 0.1, Sum: 1.1]
      [Code Root Scanning (ms): Min: 0.0, Avg: 0.0, Max: 0.0, Diff: 0.0, Sum: 0.0]
      [Object Copy (ms): Min: 12.6, Avg: 12.8, Max: 12.9, Diff: 0.3, Sum: 102.3]
      [Termination (ms): Min: 0.0, Avg: 0.1, Max: 0.3, Diff: 0.3, Sum: 0.9]
         [Termination Attempts: Min: 1, Avg: 1.0, Max: 1, Diff: 0, Sum: 8]
      [GC Worker Other (ms): Min: 0.0, Avg: 0.1, Max: 0.2, Diff: 0.2, Sum: 0.5]
      [GC Worker Total (ms): Min: 28.7, Avg: 28.8, Max: 29.0, Diff: 0.3, Sum: 230.7]
      [GC Worker End (ms): Min: 25732.0, Avg: 25732.0, Max: 25732.2, Diff: 0.2]
   [Code Root Fixup: 0.0 ms]
   [Code Root Purge: 0.0 ms]
   [Clear CT: 1.2 ms]
   [Other: 4.1 ms]
      [Evacuation Failure: 1.3 ms]
      [Choose CSet: 0.0 ms]
      [Ref Proc: 0.5 ms]
      [Ref Enq: 0.0 ms]
      [Redirty Cards: 1.2 ms]
      [Humongous Register: 0.4 ms]
      [Humongous Reclaim: 0.3 ms]
      [Free CSet: 0.3 ms]
   [Eden: 851.0M(851.0M)->0.0B(7168.0K) Survivors: 126.0M->112.0M Heap: 1705.8M(2048.0M)->1053.9M(2048.0M)]
 [Times: user=0.24 sys=0.00, real=0.04 secs] 
2021-01-22T00:58:52.704+0800: 25.740: [GC pause (G1 Evacuation Pause) (mixed), 0.0160176 secs]
   [Parallel Time: 11.9 ms, GC Workers: 8]
      [GC Worker Start (ms): Min: 25740.3, Avg: 25740.4, Max: 25740.6, Diff: 0.3]
      [Ext Root Scanning (ms): Min: 0.0, Avg: 0.1, Max: 0.2, Diff: 0.2, Sum: 0.5]
      [Update RS (ms): Min: 0.2, Avg: 0.3, Max: 0.3, Diff: 0.1, Sum: 2.2]
         [Processed Buffers: Min: 4, Avg: 5.6, Max: 8, Diff: 4, Sum: 45]
      [Scan RS (ms): Min: 0.0, Avg: 0.1, Max: 0.1, Diff: 0.1, Sum: 0.4]
      [Code Root Scanning (ms): Min: 0.0, Avg: 0.0, Max: 0.0, Diff: 0.0, Sum: 0.0]
      [Object Copy (ms): Min: 10.5, Avg: 10.6, Max: 10.6, Diff: 0.0, Sum: 84.4]
      [Termination (ms): Min: 0.0, Avg: 0.0, Max: 0.0, Diff: 0.0, Sum: 0.1]
         [Termination Attempts: Min: 1, Avg: 1.1, Max: 2, Diff: 1, Sum: 9]
      [GC Worker Other (ms): Min: 0.0, Avg: 0.0, Max: 0.0, Diff: 0.0, Sum: 0.1]
      [GC Worker Total (ms): Min: 10.8, Avg: 11.0, Max: 11.1, Diff: 0.3, Sum: 87.7]
      [GC Worker End (ms): Min: 25751.4, Avg: 25751.4, Max: 25751.4, Diff: 0.0]
   [Code Root Fixup: 0.0 ms]
   [Code Root Purge: 0.0 ms]
   [Clear CT: 1.7 ms]
   [Other: 2.4 ms]
      [Choose CSet: 0.1 ms]
      [Ref Proc: 0.5 ms]
      [Ref Enq: 0.0 ms]
      [Redirty Cards: 1.5 ms]
      [Humongous Register: 0.1 ms]
      [Humongous Reclaim: 0.1 ms]
      [Free CSet: 0.2 ms]
   [Eden: 7168.0K(7168.0K)->0.0B(689.0M) Survivors: 112.0M->5120.0K Heap: 1063.7M(2048.0M)->917.7M(2048.0M)]
 [Times: user=0.09 sys=0.01, real=0.02 secs] 
2021-01-22T00:58:52.721+0800: 25.757: [GC pause (G1 Humongous Allocation) (young) (initial-mark), 0.0047448 secs]
   [Parallel Time: 1.7 ms, GC Workers: 8]
      [GC Worker Start (ms): Min: 25757.5, Avg: 25757.7, Max: 25757.9, Diff: 0.4]
      [Ext Root Scanning (ms): Min: 0.0, Avg: 0.4, Max: 0.6, Diff: 0.5, Sum: 3.4]
      [Update RS (ms): Min: 0.0, Avg: 0.1, Max: 0.4, Diff: 0.4, Sum: 0.9]
         [Processed Buffers: Min: 0, Avg: 1.1, Max: 3, Diff: 3, Sum: 9]
      [Scan RS (ms): Min: 0.0, Avg: 0.0, Max: 0.0, Diff: 0.0, Sum: 0.0]
      [Code Root Scanning (ms): Min: 0.0, Avg: 0.0, Max: 0.0, Diff: 0.0, Sum: 0.0]
      [Object Copy (ms): Min: 0.0, Avg: 0.1, Max: 0.2, Diff: 0.2, Sum: 1.0]
      [Termination (ms): Min: 0.0, Avg: 0.1, Max: 0.2, Diff: 0.2, Sum: 0.9]
         [Termination Attempts: Min: 1, Avg: 1.4, Max: 2, Diff: 1, Sum: 11]
      [GC Worker Other (ms): Min: 0.0, Avg: 0.0, Max: 0.0, Diff: 0.0, Sum: 0.0]
      [GC Worker Total (ms): Min: 0.6, Avg: 0.8, Max: 1.0, Diff: 0.4, Sum: 6.2]
      [GC Worker End (ms): Min: 25758.4, Avg: 25758.5, Max: 25758.5, Diff: 0.1]
   [Code Root Fixup: 0.0 ms]
   [Code Root Purge: 0.0 ms]
   [Clear CT: 0.9 ms]
   [Other: 2.2 ms]
      [Choose CSet: 0.0 ms]
      [Ref Proc: 1.0 ms]
      [Ref Enq: 0.0 ms]
      [Redirty Cards: 0.9 ms]
      [Humongous Register: 0.1 ms]
      [Humongous Reclaim: 0.0 ms]
      [Free CSet: 0.0 ms]
   [Eden: 2048.0K(689.0M)->0.0B(701.0M) Survivors: 5120.0K->4096.0K Heap: 919.3M(2048.0M)->916.8M(2048.0M)]
 [Times: user=0.01 sys=0.00, real=0.00 secs] 
2021-01-22T00:58:52.727+0800: 25.763: [GC concurrent-root-region-scan-start]
2021-01-22T00:58:52.727+0800: 25.763: [GC concurrent-root-region-scan-end, 0.0002054 secs]
2021-01-22T00:58:52.727+0800: 25.763: [GC concurrent-mark-start]
2021-01-22T00:58:52.731+0800: 25.766: [GC concurrent-mark-end, 0.0034956 secs]
2021-01-22T00:58:52.731+0800: 25.767: [GC remark 2021-01-22T00:58:52.731+0800: 25.767: [Finalize Marking, 0.0011826 secs] 2021-01-22T00:58:52.733+0800: 25.769: [GC ref-proc, 0.0005536 secs] 2021-01-22T00:58:52.734+0800: 25.770: [Unloading, 0.0016207 secs], 0.0063074 secs]
 [Times: user=0.01 sys=0.00, real=0.00 secs] 
2021-01-22T00:58:52.738+0800: 25.774: [GC cleanup 947M->876M(2048M), 0.0030581 secs]
 [Times: user=0.01 sys=0.00, real=0.00 secs] 
2021-01-22T00:58:52.742+0800: 25.778: [GC concurrent-cleanup-start]
2021-01-22T00:58:52.742+0800: 25.778: [GC concurrent-cleanup-end, 0.0000591 secs]
2021-01-22T00:58:52.839+0800: 25.875: [GC pause (G1 Evacuation Pause) (young) (to-space exhausted), 0.0319274 secs]
   [Parallel Time: 27.4 ms, GC Workers: 8]
      [GC Worker Start (ms): Min: 25875.4, Avg: 25876.3, Max: 25881.6, Diff: 6.2]
      [Ext Root Scanning (ms): Min: 0.0, Avg: 0.1, Max: 0.2, Diff: 0.2, Sum: 0.5]
      [Update RS (ms): Min: 8.3, Avg: 13.6, Max: 15.2, Diff: 7.0, Sum: 108.8]
         [Processed Buffers: Min: 114, Avg: 182.1, Max: 220, Diff: 106, Sum: 1457]
      [Scan RS (ms): Min: 0.1, Avg: 0.1, Max: 0.4, Diff: 0.3, Sum: 1.1]
      [Code Root Scanning (ms): Min: 0.0, Avg: 0.0, Max: 0.0, Diff: 0.0, Sum: 0.0]
      [Object Copy (ms): Min: 10.9, Avg: 12.1, Max: 12.4, Diff: 1.5, Sum: 96.9]
      [Termination (ms): Min: 0.0, Avg: 0.2, Max: 0.3, Diff: 0.3, Sum: 1.2]
         [Termination Attempts: Min: 1, Avg: 1.0, Max: 1, Diff: 0, Sum: 8]
      [GC Worker Other (ms): Min: 0.0, Avg: 0.0, Max: 0.0, Diff: 0.0, Sum: 0.1]
      [GC Worker Total (ms): Min: 20.8, Avg: 26.1, Max: 27.0, Diff: 6.2, Sum: 208.6]
      [GC Worker End (ms): Min: 25902.3, Avg: 25902.4, Max: 25902.5, Diff: 0.1]
   [Code Root Fixup: 0.0 ms]
   [Code Root Purge: 0.0 ms]
   [Clear CT: 0.9 ms]
   [Other: 3.6 ms]
      [Evacuation Failure: 0.8 ms]
      [Choose CSet: 0.0 ms]
      [Ref Proc: 0.8 ms]
      [Ref Enq: 0.0 ms]
      [Redirty Cards: 1.1 ms]
      [Humongous Register: 0.2 ms]
      [Humongous Reclaim: 0.3 ms]
      [Free CSet: 0.3 ms]
   [Eden: 701.0M(701.0M)->0.0B(13312.0K) Survivors: 4096.0K->91136.0K Heap: 1728.1M(2048.0M)->1075.3M(2048.0M)]
 [Times: user=0.21 sys=0.01, real=0.03 secs] 
2021-01-22T00:58:52.874+0800: 25.910: [GC pause (G1 Evacuation Pause) (mixed), 0.0153847 secs]
   [Parallel Time: 11.0 ms, GC Workers: 8]
      [GC Worker Start (ms): Min: 25910.4, Avg: 25911.4, Max: 25915.8, Diff: 5.4]
      [Ext Root Scanning (ms): Min: 0.0, Avg: 0.1, Max: 0.2, Diff: 0.2, Sum: 0.6]
      [Update RS (ms): Min: 0.0, Avg: 0.3, Max: 0.4, Diff: 0.4, Sum: 2.3]
         [Processed Buffers: Min: 0, Avg: 4.9, Max: 8, Diff: 8, Sum: 39]
      [Scan RS (ms): Min: 0.0, Avg: 0.1, Max: 0.2, Diff: 0.1, Sum: 0.7]
      [Code Root Scanning (ms): Min: 0.0, Avg: 0.0, Max: 0.0, Diff: 0.0, Sum: 0.0]
      [Object Copy (ms): Min: 3.7, Avg: 7.9, Max: 9.5, Diff: 5.9, Sum: 63.3]
      [Termination (ms): Min: 0.0, Avg: 0.8, Max: 1.0, Diff: 1.0, Sum: 6.6]
         [Termination Attempts: Min: 1, Avg: 1.0, Max: 1, Diff: 0, Sum: 8]
      [GC Worker Other (ms): Min: 0.0, Avg: 0.0, Max: 0.0, Diff: 0.0, Sum: 0.1]
      [GC Worker Total (ms): Min: 4.8, Avg: 9.2, Max: 10.2, Diff: 5.4, Sum: 73.7]
      [GC Worker End (ms): Min: 25920.6, Avg: 25920.6, Max: 25920.7, Diff: 0.1]
   [Code Root Fixup: 0.0 ms]
   [Code Root Purge: 0.0 ms]
   [Clear CT: 1.0 ms]
   [Other: 3.5 ms]
      [Choose CSet: 0.1 ms]
      [Ref Proc: 1.8 ms]
      [Ref Enq: 0.0 ms]
      [Redirty Cards: 0.9 ms]
      [Humongous Register: 0.2 ms]
      [Humongous Reclaim: 0.1 ms]
      [Free CSet: 0.3 ms]
   [Eden: 13312.0K(13312.0K)->0.0B(99328.0K) Survivors: 91136.0K->5120.0K Heap: 1091.3M(2048.0M)->878.6M(2048.0M)]
 [Times: user=0.07 sys=0.02, real=0.02 secs] 
2021-01-22T00:58:52.904+0800: 25.940: [GC pause (G1 Evacuation Pause) (mixed), 0.0101770 secs]
   [Parallel Time: 7.2 ms, GC Workers: 8]
      [GC Worker Start (ms): Min: 25940.0, Avg: 25940.2, Max: 25940.5, Diff: 0.5]
      [Ext Root Scanning (ms): Min: 0.0, Avg: 0.1, Max: 0.2, Diff: 0.2, Sum: 0.7]
      [Update RS (ms): Min: 1.2, Avg: 1.4, Max: 1.5, Diff: 0.3, Sum: 11.4]
         [Processed Buffers: Min: 16, Avg: 21.2, Max: 25, Diff: 9, Sum: 170]
      [Scan RS (ms): Min: 0.0, Avg: 0.1, Max: 0.1, Diff: 0.0, Sum: 0.4]
      [Code Root Scanning (ms): Min: 0.0, Avg: 0.0, Max: 0.0, Diff: 0.0, Sum: 0.0]
      [Object Copy (ms): Min: 4.5, Avg: 4.6, Max: 4.7, Diff: 0.2, Sum: 37.0]
      [Termination (ms): Min: 0.0, Avg: 0.1, Max: 0.2, Diff: 0.2, Sum: 0.8]
         [Termination Attempts: Min: 1, Avg: 1.1, Max: 2, Diff: 1, Sum: 9]
      [GC Worker Other (ms): Min: 0.0, Avg: 0.0, Max: 0.0, Diff: 0.0, Sum: 0.1]
      [GC Worker Total (ms): Min: 6.0, Avg: 6.3, Max: 6.5, Diff: 0.5, Sum: 50.4]
      [GC Worker End (ms): Min: 25946.5, Avg: 25946.5, Max: 25946.5, Diff: 0.0]
   [Code Root Fixup: 0.0 ms]
   [Code Root Purge: 0.0 ms]
   [Clear CT: 0.6 ms]
   [Other: 2.3 ms]
      [Choose CSet: 0.1 ms]
      [Ref Proc: 0.6 ms]
      [Ref Enq: 0.0 ms]
      [Redirty Cards: 1.0 ms]
      [Humongous Register: 0.1 ms]
      [Humongous Reclaim: 0.1 ms]
      [Free CSet: 0.3 ms]
   [Eden: 99328.0K(99328.0K)->0.0B(870.0M) Survivors: 5120.0K->13312.0K Heap: 995.7M(2048.0M)->730.9M(2048.0M)]
 [Times: user=0.06 sys=0.00, real=0.01 secs] 
2021-01-22T00:58:52.963+0800: 25.999: [GC pause (G1 Humongous Allocation) (young) (initial-mark), 0.0190703 secs]
   [Parallel Time: 16.0 ms, GC Workers: 8]
      [GC Worker Start (ms): Min: 25999.0, Avg: 25999.1, Max: 25999.3, Diff: 0.3]
      [Ext Root Scanning (ms): Min: 0.0, Avg: 0.3, Max: 0.4, Diff: 0.4, Sum: 2.8]
      [Update RS (ms): Min: 6.1, Avg: 6.4, Max: 6.9, Diff: 0.8, Sum: 51.0]
         [Processed Buffers: Min: 87, Avg: 93.1, Max: 98, Diff: 11, Sum: 745]
      [Scan RS (ms): Min: 0.0, Avg: 0.1, Max: 0.4, Diff: 0.3, Sum: 0.7]
      [Code Root Scanning (ms): Min: 0.0, Avg: 0.0, Max: 0.0, Diff: 0.0, Sum: 0.0]
      [Object Copy (ms): Min: 8.0, Avg: 8.3, Max: 8.6, Diff: 0.6, Sum: 66.5]
      [Termination (ms): Min: 0.0, Avg: 0.2, Max: 0.3, Diff: 0.3, Sum: 1.7]
         [Termination Attempts: Min: 1, Avg: 1.0, Max: 1, Diff: 0, Sum: 8]
      [GC Worker Other (ms): Min: 0.0, Avg: 0.0, Max: 0.0, Diff: 0.0, Sum: 0.1]
      [GC Worker Total (ms): Min: 15.2, Avg: 15.3, Max: 15.5, Diff: 0.4, Sum: 122.7]
      [GC Worker End (ms): Min: 26014.5, Avg: 26014.5, Max: 26014.5, Diff: 0.1]
   [Code Root Fixup: 0.0 ms]
   [Code Root Purge: 0.0 ms]
   [Clear CT: 0.7 ms]
   [Other: 2.4 ms]
      [Choose CSet: 0.0 ms]
      [Ref Proc: 0.7 ms]
      [Ref Enq: 0.0 ms]
      [Redirty Cards: 0.8 ms]
      [Humongous Register: 0.2 ms]
      [Humongous Reclaim: 0.2 ms]
      [Free CSet: 0.1 ms]
   [Eden: 324.0M(870.0M)->0.0B(806.0M) Survivors: 13312.0K->100.0M Heap: 1146.7M(2048.0M)->817.0M(2048.0M)]
 [Times: user=0.13 sys=0.00, real=0.02 secs] 
2021-01-22T00:58:52.982+0800: 26.018: [GC concurrent-root-region-scan-start]
2021-01-22T00:58:52.983+0800: 26.019: [GC concurrent-root-region-scan-end, 0.0001959 secs]
2021-01-22T00:58:52.983+0800: 26.019: [GC concurrent-mark-start]
2021-01-22T00:58:52.985+0800: 26.021: [GC concurrent-mark-end, 0.0026127 secs]
2021-01-22T00:58:52.985+0800: 26.021: [GC remark 2021-01-22T00:58:52.986+0800: 26.022: [Finalize Marking, 0.0010929 secs] 2021-01-22T00:58:52.987+0800: 26.023: [GC ref-proc, 0.0004971 secs] 2021-01-22T00:58:52.988+0800: 26.024: [Unloading, 0.0012447 secs], 0.0050247 secs]
 [Times: user=0.01 sys=0.00, real=0.01 secs] 
2021-01-22T00:58:52.991+0800: 26.027: [GC cleanup 842M->698M(2048M), 0.0023964 secs]
 [Times: user=0.01 sys=0.00, real=0.00 secs] 
2021-01-22T00:58:52.994+0800: 26.030: [GC concurrent-cleanup-start]
2021-01-22T00:58:52.994+0800: 26.030: [GC concurrent-cleanup-end, 0.0000964 secs]
2021-01-22T00:58:53.121+0800: 26.157: [GC pause (G1 Evacuation Pause) (young) (to-space exhausted), 0.0392172 secs]
   [Parallel Time: 33.3 ms, GC Workers: 8]
      [GC Worker Start (ms): Min: 26157.3, Avg: 26157.7, Max: 26159.3, Diff: 2.0]
      [Ext Root Scanning (ms): Min: 0.0, Avg: 0.1, Max: 0.2, Diff: 0.2, Sum: 0.5]
      [Update RS (ms): Min: 15.4, Avg: 17.0, Max: 17.5, Diff: 2.0, Sum: 136.4]
         [Processed Buffers: Min: 203, Avg: 230.1, Max: 243, Diff: 40, Sum: 1841]
      [Scan RS (ms): Min: 0.1, Avg: 0.4, Max: 2.0, Diff: 2.0, Sum: 3.0]
      [Code Root Scanning (ms): Min: 0.0, Avg: 0.0, Max: 0.0, Diff: 0.0, Sum: 0.0]
      [Object Copy (ms): Min: 12.5, Avg: 14.1, Max: 14.9, Diff: 2.4, Sum: 113.1]
      [Termination (ms): Min: 0.0, Avg: 0.5, Max: 0.8, Diff: 0.8, Sum: 4.3]
         [Termination Attempts: Min: 1, Avg: 1.0, Max: 1, Diff: 0, Sum: 8]
      [GC Worker Other (ms): Min: 0.0, Avg: 0.0, Max: 0.0, Diff: 0.0, Sum: 0.1]
      [GC Worker Total (ms): Min: 30.6, Avg: 32.2, Max: 32.6, Diff: 2.0, Sum: 257.4]
      [GC Worker End (ms): Min: 26189.9, Avg: 26189.9, Max: 26189.9, Diff: 0.0]
   [Code Root Fixup: 0.0 ms]
   [Code Root Purge: 0.0 ms]
   [Clear CT: 1.1 ms]
   [Other: 4.9 ms]
      [Evacuation Failure: 1.3 ms]
      [Choose CSet: 0.0 ms]
      [Ref Proc: 0.9 ms]
      [Ref Enq: 0.0 ms]
      [Redirty Cards: 1.4 ms]
      [Humongous Register: 0.2 ms]
      [Humongous Reclaim: 0.5 ms]
      [Free CSet: 0.4 ms]
   [Eden: 806.0M(806.0M)->0.0B(6144.0K) Survivors: 100.0M->114.0M Heap: 1707.9M(2048.0M)->1037.1M(2048.0M)]
 [Times: user=0.25 sys=0.01, real=0.04 secs] 
2021-01-22T00:58:53.163+0800: 26.199: [GC pause (G1 Evacuation Pause) (mixed), 0.0193467 secs]
   [Parallel Time: 15.4 ms, GC Workers: 8]
      [GC Worker Start (ms): Min: 26199.1, Avg: 26199.3, Max: 26199.4, Diff: 0.3]
      [Ext Root Scanning (ms): Min: 0.0, Avg: 0.1, Max: 0.3, Diff: 0.3, Sum: 0.7]
      [Update RS (ms): Min: 0.2, Avg: 0.3, Max: 0.3, Diff: 0.1, Sum: 2.0]
         [Processed Buffers: Min: 3, Avg: 4.1, Max: 6, Diff: 3, Sum: 33]
      [Scan RS (ms): Min: 0.0, Avg: 0.1, Max: 0.1, Diff: 0.1, Sum: 0.7]
      [Code Root Scanning (ms): Min: 0.0, Avg: 0.0, Max: 0.0, Diff: 0.0, Sum: 0.0]
      [Object Copy (ms): Min: 11.5, Avg: 11.9, Max: 14.0, Diff: 2.6, Sum: 95.1]
      [Termination (ms): Min: 0.0, Avg: 2.1, Max: 2.6, Diff: 2.6, Sum: 17.1]
         [Termination Attempts: Min: 1, Avg: 1.0, Max: 1, Diff: 0, Sum: 8]
      [GC Worker Other (ms): Min: 0.0, Avg: 0.0, Max: 0.0, Diff: 0.0, Sum: 0.1]
      [GC Worker Total (ms): Min: 14.3, Avg: 14.5, Max: 14.6, Diff: 0.3, Sum: 115.8]
      [GC Worker End (ms): Min: 26213.7, Avg: 26213.7, Max: 26213.8, Diff: 0.1]
   [Code Root Fixup: 0.0 ms]
   [Code Root Purge: 0.0 ms]
   [Clear CT: 1.1 ms]
   [Other: 2.8 ms]
      [Choose CSet: 0.1 ms]
      [Ref Proc: 1.0 ms]
      [Ref Enq: 0.0 ms]
      [Redirty Cards: 1.1 ms]
      [Humongous Register: 0.1 ms]
      [Humongous Reclaim: 0.1 ms]
      [Free CSet: 0.3 ms]
   [Eden: 6144.0K(6144.0K)->0.0B(100.0M) Survivors: 114.0M->2048.0K Heap: 1045.2M(2048.0M)->846.3M(2048.0M)]
 [Times: user=0.12 sys=0.00, real=0.02 secs] 
2021-01-22T00:58:53.200+0800: 26.236: [GC pause (G1 Evacuation Pause) (mixed), 0.0087918 secs]
   [Parallel Time: 5.4 ms, GC Workers: 8]
      [GC Worker Start (ms): Min: 26235.9, Avg: 26236.1, Max: 26236.2, Diff: 0.4]
      [Ext Root Scanning (ms): Min: 0.0, Avg: 0.1, Max: 0.2, Diff: 0.2, Sum: 0.5]
      [Update RS (ms): Min: 1.9, Avg: 2.0, Max: 2.1, Diff: 0.1, Sum: 16.4]
         [Processed Buffers: Min: 29, Avg: 30.1, Max: 32, Diff: 3, Sum: 241]
      [Scan RS (ms): Min: 0.0, Avg: 0.0, Max: 0.0, Diff: 0.0, Sum: 0.2]
      [Code Root Scanning (ms): Min: 0.0, Avg: 0.0, Max: 0.0, Diff: 0.0, Sum: 0.0]
      [Object Copy (ms): Min: 2.9, Avg: 2.9, Max: 2.9, Diff: 0.1, Sum: 23.3]
      [Termination (ms): Min: 0.0, Avg: 0.0, Max: 0.1, Diff: 0.1, Sum: 0.3]
         [Termination Attempts: Min: 1, Avg: 1.0, Max: 1, Diff: 0, Sum: 8]
      [GC Worker Other (ms): Min: 0.0, Avg: 0.0, Max: 0.0, Diff: 0.0, Sum: 0.0]
      [GC Worker Total (ms): Min: 4.9, Avg: 5.1, Max: 5.3, Diff: 0.4, Sum: 40.6]
      [GC Worker End (ms): Min: 26241.1, Avg: 26241.1, Max: 26241.1, Diff: 0.0]
   [Code Root Fixup: 0.0 ms]
   [Code Root Purge: 0.0 ms]
   [Clear CT: 1.0 ms]
   [Other: 2.3 ms]
      [Choose CSet: 0.0 ms]
      [Ref Proc: 0.7 ms]
      [Ref Enq: 0.0 ms]
      [Redirty Cards: 1.1 ms]
      [Humongous Register: 0.2 ms]
      [Humongous Reclaim: 0.1 ms]
      [Free CSet: 0.1 ms]
   [Eden: 100.0M(100.0M)->0.0B(762.0M) Survivors: 2048.0K->13312.0K Heap: 975.2M(2048.0M)->859.3M(2048.0M)]
 [Times: user=0.05 sys=0.01, real=0.01 secs] 
2021-01-22T00:58:53.210+0800: 26.246: [GC pause (G1 Humongous Allocation) (young) (initial-mark), 0.0054665 secs]
   [Parallel Time: 2.8 ms, GC Workers: 8]
      [GC Worker Start (ms): Min: 26246.4, Avg: 26246.6, Max: 26246.8, Diff: 0.4]
      [Ext Root Scanning (ms): Min: 0.0, Avg: 0.3, Max: 0.5, Diff: 0.5, Sum: 2.7]
      [Update RS (ms): Min: 0.3, Avg: 0.4, Max: 0.6, Diff: 0.4, Sum: 3.2]
         [Processed Buffers: Min: 4, Avg: 5.9, Max: 10, Diff: 6, Sum: 47]
      [Scan RS (ms): Min: 0.0, Avg: 0.0, Max: 0.0, Diff: 0.0, Sum: 0.0]
      [Code Root Scanning (ms): Min: 0.0, Avg: 0.0, Max: 0.0, Diff: 0.0, Sum: 0.0]
      [Object Copy (ms): Min: 0.8, Avg: 1.1, Max: 1.2, Diff: 0.4, Sum: 8.5]
      [Termination (ms): Min: 0.0, Avg: 0.1, Max: 0.2, Diff: 0.2, Sum: 0.8]
         [Termination Attempts: Min: 1, Avg: 1.4, Max: 2, Diff: 1, Sum: 11]
      [GC Worker Other (ms): Min: 0.0, Avg: 0.0, Max: 0.0, Diff: 0.0, Sum: 0.0]
      [GC Worker Total (ms): Min: 1.8, Avg: 1.9, Max: 2.1, Diff: 0.4, Sum: 15.3]
      [GC Worker End (ms): Min: 26248.6, Avg: 26248.6, Max: 26248.6, Diff: 0.0]
   [Code Root Fixup: 0.0 ms]
   [Code Root Purge: 0.0 ms]
   [Clear CT: 1.1 ms]
   [Other: 1.5 ms]
      [Choose CSet: 0.0 ms]
      [Ref Proc: 0.4 ms]
      [Ref Enq: 0.0 ms]
      [Redirty Cards: 0.7 ms]
      [Humongous Register: 0.1 ms]
      [Humongous Reclaim: 0.1 ms]
      [Free CSet: 0.0 ms]
   [Eden: 7168.0K(762.0M)->0.0B(645.0M) Survivors: 13312.0K->15360.0K Heap: 871.0M(2048.0M)->861.6M(2048.0M)]
 [Times: user=0.02 sys=0.00, real=0.00 secs] 
2021-01-22T00:58:53.216+0800: 26.252: [GC concurrent-root-region-scan-start]
2021-01-22T00:58:53.217+0800: 26.252: [GC concurrent-root-region-scan-end, 0.0002203 secs]
2021-01-22T00:58:53.217+0800: 26.252: [GC concurrent-mark-start]
2021-01-22T00:58:53.220+0800: 26.256: [GC concurrent-mark-end, 0.0031798 secs]
2021-01-22T00:58:53.220+0800: 26.256: [GC remark 2021-01-22T00:58:53.220+0800: 26.256: [Finalize Marking, 0.0007702 secs] 2021-01-22T00:58:53.221+0800: 26.257: [GC ref-proc, 0.0008697 secs] 2021-01-22T00:58:53.223+0800: 26.258: [Unloading, 0.0013338 secs], 0.0054035 secs]
 [Times: user=0.01 sys=0.00, real=0.00 secs] 
2021-01-22T00:58:53.226+0800: 26.262: [GC cleanup 891M->809M(2048M), 0.0030572 secs]
 [Times: user=0.01 sys=0.01, real=0.01 secs] 
2021-01-22T00:58:53.230+0800: 26.266: [GC concurrent-cleanup-start]
2021-01-22T00:58:53.230+0800: 26.266: [GC concurrent-cleanup-end, 0.0000721 secs]
2021-01-22T00:58:53.337+0800: 26.373: [GC pause (G1 Evacuation Pause) (young), 0.0487751 secs]
   [Parallel Time: 40.4 ms, GC Workers: 8]
      [GC Worker Start (ms): Min: 26373.1, Avg: 26375.9, Max: 26387.0, Diff: 13.9]
      [Ext Root Scanning (ms): Min: 0.0, Avg: 0.1, Max: 0.2, Diff: 0.2, Sum: 0.4]
      [Update RS (ms): Min: 7.7, Avg: 20.3, Max: 31.2, Diff: 23.5, Sum: 162.2]
         [Processed Buffers: Min: 134, Avg: 173.9, Max: 215, Diff: 81, Sum: 1391]
      [Scan RS (ms): Min: 0.1, Avg: 0.2, Max: 0.5, Diff: 0.5, Sum: 1.4]
      [Code Root Scanning (ms): Min: 0.0, Avg: 0.0, Max: 0.0, Diff: 0.0, Sum: 0.0]
      [Object Copy (ms): Min: 5.6, Avg: 14.5, Max: 15.8, Diff: 10.2, Sum: 115.8]
      [Termination (ms): Min: 0.0, Avg: 2.2, Max: 2.6, Diff: 2.6, Sum: 17.7]
         [Termination Attempts: Min: 1, Avg: 1.0, Max: 1, Diff: 0, Sum: 8]
      [GC Worker Other (ms): Min: 0.0, Avg: 0.0, Max: 0.0, Diff: 0.0, Sum: 0.1]
      [GC Worker Total (ms): Min: 26.1, Avg: 37.2, Max: 40.1, Diff: 14.0, Sum: 297.7]
      [GC Worker End (ms): Min: 26413.1, Avg: 26413.1, Max: 26413.2, Diff: 0.1]
   [Code Root Fixup: 0.0 ms]
   [Code Root Purge: 0.0 ms]
   [Clear CT: 0.7 ms]
   [Other: 7.7 ms]
      [Choose CSet: 0.0 ms]
      [Ref Proc: 5.3 ms]
      [Ref Enq: 0.0 ms]
      [Redirty Cards: 1.3 ms]
      [Humongous Register: 0.2 ms]
      [Humongous Reclaim: 0.4 ms]
      [Free CSet: 0.3 ms]
   [Eden: 645.0M(645.0M)->0.0B(19456.0K) Survivors: 15360.0K->84992.0K Heap: 1597.4M(2048.0M)->915.2M(2048.0M)]
 [Times: user=0.34 sys=0.00, real=0.05 secs] 
2021-01-22T00:58:53.390+0800: 26.425: [GC pause (G1 Evacuation Pause) (mixed), 0.0153977 secs]
   [Parallel Time: 11.9 ms, GC Workers: 8]
      [GC Worker Start (ms): Min: 26425.7, Avg: 26425.9, Max: 26426.1, Diff: 0.3]
      [Ext Root Scanning (ms): Min: 0.0, Avg: 0.1, Max: 0.2, Diff: 0.2, Sum: 0.6]
      [Update RS (ms): Min: 0.4, Avg: 0.5, Max: 0.5, Diff: 0.2, Sum: 3.9]
         [Processed Buffers: Min: 6, Avg: 7.6, Max: 10, Diff: 4, Sum: 61]
      [Scan RS (ms): Min: 0.0, Avg: 0.1, Max: 0.1, Diff: 0.0, Sum: 0.4]
      [Code Root Scanning (ms): Min: 0.0, Avg: 0.0, Max: 0.0, Diff: 0.0, Sum: 0.0]
      [Object Copy (ms): Min: 8.3, Avg: 8.6, Max: 10.5, Diff: 2.2, Sum: 68.4]
      [Termination (ms): Min: 0.0, Avg: 1.9, Max: 2.3, Diff: 2.3, Sum: 15.6]
         [Termination Attempts: Min: 1, Avg: 1.0, Max: 1, Diff: 0, Sum: 8]
      [GC Worker Other (ms): Min: 0.0, Avg: 0.0, Max: 0.0, Diff: 0.0, Sum: 0.1]
      [GC Worker Total (ms): Min: 11.0, Avg: 11.1, Max: 11.3, Diff: 0.3, Sum: 89.0]
      [GC Worker End (ms): Min: 26437.0, Avg: 26437.0, Max: 26437.1, Diff: 0.0]
   [Code Root Fixup: 0.0 ms]
   [Code Root Purge: 0.0 ms]
   [Clear CT: 1.2 ms]
   [Other: 2.3 ms]
      [Choose CSet: 0.1 ms]
      [Ref Proc: 0.9 ms]
      [Ref Enq: 0.0 ms]
      [Redirty Cards: 0.8 ms]
      [Humongous Register: 0.1 ms]
      [Humongous Reclaim: 0.0 ms]
      [Free CSet: 0.2 ms]
   [Eden: 19456.0K(19456.0K)->0.0B(97280.0K) Survivors: 84992.0K->7168.0K Heap: 940.6M(2048.0M)->724.3M(2048.0M)]
 [Times: user=0.10 sys=0.00, real=0.01 secs] 
2021-01-22T00:58:53.421+0800: 26.457: [GC pause (G1 Evacuation Pause) (mixed), 0.0105799 secs]
   [Parallel Time: 7.7 ms, GC Workers: 8]
      [GC Worker Start (ms): Min: 26456.8, Avg: 26457.0, Max: 26457.1, Diff: 0.3]
      [Ext Root Scanning (ms): Min: 0.0, Avg: 0.1, Max: 0.2, Diff: 0.2, Sum: 0.5]
      [Update RS (ms): Min: 2.1, Avg: 2.2, Max: 2.2, Diff: 0.1, Sum: 17.2]
         [Processed Buffers: Min: 30, Avg: 32.5, Max: 34, Diff: 4, Sum: 260]
      [Scan RS (ms): Min: 0.0, Avg: 0.0, Max: 0.1, Diff: 0.0, Sum: 0.3]
      [Code Root Scanning (ms): Min: 0.0, Avg: 0.0, Max: 0.0, Diff: 0.0, Sum: 0.0]
      [Object Copy (ms): Min: 4.6, Avg: 4.7, Max: 4.7, Diff: 0.0, Sum: 37.2]
      [Termination (ms): Min: 0.0, Avg: 0.1, Max: 0.2, Diff: 0.2, Sum: 0.5]
         [Termination Attempts: Min: 1, Avg: 1.0, Max: 1, Diff: 0, Sum: 8]
      [GC Worker Other (ms): Min: 0.0, Avg: 0.0, Max: 0.0, Diff: 0.0, Sum: 0.1]
      [GC Worker Total (ms): Min: 6.8, Avg: 7.0, Max: 7.2, Diff: 0.4, Sum: 55.8]
      [GC Worker End (ms): Min: 26463.9, Avg: 26464.0, Max: 26464.1, Diff: 0.1]
   [Code Root Fixup: 0.0 ms]
   [Code Root Purge: 0.0 ms]
   [Clear CT: 0.9 ms]
   [Other: 2.0 ms]
      [Choose CSet: 0.0 ms]
      [Ref Proc: 0.5 ms]
      [Ref Enq: 0.0 ms]
      [Redirty Cards: 1.0 ms]
      [Humongous Register: 0.2 ms]
      [Humongous Reclaim: 0.1 ms]
      [Free CSet: 0.1 ms]
   [Eden: 97280.0K(97280.0K)->0.0B(818.0M) Survivors: 7168.0K->13312.0K Heap: 850.6M(2048.0M)->646.8M(2048.0M)]
 [Times: user=0.06 sys=0.01, real=0.01 secs] 
2021-01-22T00:58:53.523+0800: 26.559: [GC pause (G1 Humongous Allocation) (young) (initial-mark), 0.0306298 secs]
   [Parallel Time: 26.6 ms, GC Workers: 8]
      [GC Worker Start (ms): Min: 26559.7, Avg: 26559.9, Max: 26560.1, Diff: 0.4]
      [Ext Root Scanning (ms): Min: 0.0, Avg: 1.0, Max: 5.5, Diff: 5.5, Sum: 8.2]
      [Update RS (ms): Min: 5.5, Avg: 11.2, Max: 15.1, Diff: 9.5, Sum: 89.9]
         [Processed Buffers: Min: 88, Avg: 140.1, Max: 169, Diff: 81, Sum: 1121]
      [Scan RS (ms): Min: 0.1, Avg: 0.1, Max: 0.2, Diff: 0.1, Sum: 0.8]
      [Code Root Scanning (ms): Min: 0.0, Avg: 0.0, Max: 0.0, Diff: 0.0, Sum: 0.0]
      [Object Copy (ms): Min: 7.9, Avg: 11.6, Max: 14.5, Diff: 6.6, Sum: 93.1]
      [Termination (ms): Min: 0.0, Avg: 1.8, Max: 2.3, Diff: 2.3, Sum: 14.5]
         [Termination Attempts: Min: 1, Avg: 1.0, Max: 1, Diff: 0, Sum: 8]
      [GC Worker Other (ms): Min: 0.0, Avg: 0.0, Max: 0.0, Diff: 0.0, Sum: 0.1]
      [GC Worker Total (ms): Min: 25.6, Avg: 25.8, Max: 26.0, Diff: 0.4, Sum: 206.5]
      [GC Worker End (ms): Min: 26585.7, Avg: 26585.7, Max: 26585.7, Diff: 0.1]
   [Code Root Fixup: 0.0 ms]
   [Code Root Purge: 0.0 ms]
   [Clear CT: 1.2 ms]
   [Other: 2.8 ms]
      [Choose CSet: 0.0 ms]
      [Ref Proc: 1.1 ms]
      [Ref Enq: 0.0 ms]
      [Redirty Cards: 0.8 ms]
      [Humongous Register: 0.2 ms]
      [Humongous Reclaim: 0.2 ms]
      [Free CSet: 0.3 ms]
   [Eden: 570.0M(818.0M)->0.0B(740.0M) Survivors: 13312.0K->104.0M Heap: 1355.7M(2048.0M)->768.7M(2048.0M)]
 [Times: user=0.21 sys=0.00, real=0.03 secs] 
2021-01-22T00:58:53.555+0800: 26.591: [GC concurrent-root-region-scan-start]
2021-01-22T00:58:53.555+0800: 26.591: [GC concurrent-root-region-scan-end, 0.0001940 secs]
2021-01-22T00:58:53.555+0800: 26.591: [GC concurrent-mark-start]
2021-01-22T00:58:53.557+0800: 26.593: [GC concurrent-mark-end, 0.0025284 secs]
2021-01-22T00:58:53.558+0800: 26.594: [GC remark 2021-01-22T00:58:53.558+0800: 26.594: [Finalize Marking, 0.0027952 secs] 2021-01-22T00:58:53.561+0800: 26.597: [GC ref-proc, 0.0004155 secs] 2021-01-22T00:58:53.562+0800: 26.598: [Unloading, 0.0015647 secs], 0.0073516 secs]
 [Times: user=0.02 sys=0.00, real=0.01 secs] 
2021-01-22T00:58:53.566+0800: 26.602: [GC cleanup 798M->672M(2048M), 0.0034481 secs]
 [Times: user=0.00 sys=0.01, real=0.01 secs] 
2021-01-22T00:58:53.570+0800: 26.606: [GC concurrent-cleanup-start]
2021-01-22T00:58:53.570+0800: 26.606: [GC concurrent-cleanup-end, 0.0000760 secs]
2021-01-22T00:58:53.673+0800: 26.709: [GC pause (G1 Evacuation Pause) (young), 0.0360055 secs]
   [Parallel Time: 32.7 ms, GC Workers: 8]
      [GC Worker Start (ms): Min: 26709.5, Avg: 26709.7, Max: 26709.8, Diff: 0.3]
      [Ext Root Scanning (ms): Min: 0.0, Avg: 0.1, Max: 0.2, Diff: 0.2, Sum: 0.5]
      [Update RS (ms): Min: 13.7, Avg: 13.7, Max: 13.8, Diff: 0.1, Sum: 109.8]
         [Processed Buffers: Min: 188, Avg: 198.6, Max: 211, Diff: 23, Sum: 1589]
      [Scan RS (ms): Min: 0.1, Avg: 0.1, Max: 0.1, Diff: 0.1, Sum: 0.9]
      [Code Root Scanning (ms): Min: 0.0, Avg: 0.0, Max: 0.0, Diff: 0.0, Sum: 0.0]
      [Object Copy (ms): Min: 17.8, Avg: 17.8, Max: 17.9, Diff: 0.1, Sum: 142.6]
      [Termination (ms): Min: 0.0, Avg: 0.0, Max: 0.1, Diff: 0.1, Sum: 0.3]
         [Termination Attempts: Min: 1, Avg: 1.0, Max: 1, Diff: 0, Sum: 8]
      [GC Worker Other (ms): Min: 0.0, Avg: 0.0, Max: 0.1, Diff: 0.1, Sum: 0.3]
      [GC Worker Total (ms): Min: 31.6, Avg: 31.8, Max: 32.0, Diff: 0.4, Sum: 254.6]
      [GC Worker End (ms): Min: 26741.5, Avg: 26741.5, Max: 26741.6, Diff: 0.1]
   [Code Root Fixup: 0.0 ms]
   [Code Root Purge: 0.0 ms]
   [Clear CT: 0.8 ms]
   [Other: 2.5 ms]
      [Choose CSet: 0.0 ms]
      [Ref Proc: 0.6 ms]
      [Ref Enq: 0.0 ms]
      [Redirty Cards: 1.0 ms]
      [Humongous Register: 0.2 ms]
      [Humongous Reclaim: 0.3 ms]
      [Free CSet: 0.3 ms]
   [Eden: 740.0M(740.0M)->0.0B(7168.0K) Survivors: 104.0M->106.0M Heap: 1580.1M(2048.0M)->737.7M(2048.0M)]
 [Times: user=0.25 sys=0.01, real=0.04 secs] 
2021-01-22T00:58:53.711+0800: 26.747: [GC pause (G1 Evacuation Pause) (mixed), 0.0125808 secs]
   [Parallel Time: 10.2 ms, GC Workers: 8]
      [GC Worker Start (ms): Min: 26747.3, Avg: 26747.5, Max: 26747.7, Diff: 0.3]
      [Ext Root Scanning (ms): Min: 0.0, Avg: 0.1, Max: 0.3, Diff: 0.3, Sum: 0.6]
      [Update RS (ms): Min: 0.1, Avg: 0.2, Max: 0.3, Diff: 0.3, Sum: 1.3]
         [Processed Buffers: Min: 1, Avg: 1.8, Max: 3, Diff: 2, Sum: 14]
      [Scan RS (ms): Min: 0.0, Avg: 0.0, Max: 0.1, Diff: 0.1, Sum: 0.3]
      [Code Root Scanning (ms): Min: 0.0, Avg: 0.0, Max: 0.0, Diff: 0.0, Sum: 0.0]
      [Object Copy (ms): Min: 8.8, Avg: 9.0, Max: 9.2, Diff: 0.4, Sum: 72.2]
      [Termination (ms): Min: 0.0, Avg: 0.2, Max: 0.3, Diff: 0.3, Sum: 1.6]
         [Termination Attempts: Min: 1, Avg: 1.0, Max: 1, Diff: 0, Sum: 8]
      [GC Worker Other (ms): Min: 0.0, Avg: 0.0, Max: 0.0, Diff: 0.0, Sum: 0.1]
      [GC Worker Total (ms): Min: 9.4, Avg: 9.5, Max: 9.7, Diff: 0.3, Sum: 76.0]
      [GC Worker End (ms): Min: 26757.0, Avg: 26757.0, Max: 26757.1, Diff: 0.1]
   [Code Root Fixup: 0.0 ms]
   [Code Root Purge: 0.0 ms]
   [Clear CT: 0.9 ms]
   [Other: 1.5 ms]
      [Choose CSet: 0.0 ms]
      [Ref Proc: 0.5 ms]
      [Ref Enq: 0.0 ms]
      [Redirty Cards: 0.5 ms]
      [Humongous Register: 0.1 ms]
      [Humongous Reclaim: 0.0 ms]
      [Free CSet: 0.1 ms]
   [Eden: 7168.0K(7168.0K)->0.0B(100.0M) Survivors: 106.0M->2048.0K Heap: 745.3M(2048.0M)->692.3M(2048.0M)]
 [Times: user=0.09 sys=0.00, real=0.01 secs] 
2021-01-22T00:58:53.739+0800: 26.775: [GC pause (G1 Evacuation Pause) (mixed), 0.0108626 secs]
   [Parallel Time: 8.9 ms, GC Workers: 8]
      [GC Worker Start (ms): Min: 26775.6, Avg: 26775.7, Max: 26775.9, Diff: 0.2]
      [Ext Root Scanning (ms): Min: 0.0, Avg: 0.1, Max: 0.2, Diff: 0.2, Sum: 0.5]
      [Update RS (ms): Min: 1.6, Avg: 1.6, Max: 1.7, Diff: 0.1, Sum: 13.2]
         [Processed Buffers: Min: 23, Avg: 24.5, Max: 26, Diff: 3, Sum: 196]
      [Scan RS (ms): Min: 0.0, Avg: 0.0, Max: 0.1, Diff: 0.0, Sum: 0.3]
      [Code Root Scanning (ms): Min: 0.0, Avg: 0.0, Max: 0.0, Diff: 0.0, Sum: 0.0]
      [Object Copy (ms): Min: 3.9, Avg: 5.3, Max: 6.7, Diff: 2.8, Sum: 42.3]
      [Termination (ms): Min: 0.0, Avg: 1.5, Max: 2.8, Diff: 2.8, Sum: 11.7]
         [Termination Attempts: Min: 1, Avg: 1.2, Max: 3, Diff: 2, Sum: 10]
      [GC Worker Other (ms): Min: 0.0, Avg: 0.0, Max: 0.0, Diff: 0.0, Sum: 0.1]
      [GC Worker Total (ms): Min: 8.4, Avg: 8.5, Max: 8.6, Diff: 0.2, Sum: 68.1]
      [GC Worker End (ms): Min: 26784.2, Avg: 26784.2, Max: 26784.3, Diff: 0.0]
   [Code Root Fixup: 0.0 ms]
   [Code Root Purge: 0.0 ms]
   [Clear CT: 0.4 ms]
   [Other: 1.5 ms]
      [Choose CSet: 0.0 ms]
      [Ref Proc: 0.6 ms]
      [Ref Enq: 0.0 ms]
      [Redirty Cards: 0.4 ms]
      [Humongous Register: 0.1 ms]
      [Humongous Reclaim: 0.1 ms]
      [Free CSet: 0.1 ms]
   [Eden: 100.0M(100.0M)->0.0B(91136.0K) Survivors: 2048.0K->13312.0K Heap: 815.7M(2048.0M)->644.9M(2048.0M)]
 [Times: user=0.05 sys=0.00, real=0.01 secs] 
2021-01-22T00:58:53.763+0800: 26.799: [GC pause (G1 Evacuation Pause) (mixed), 0.0092369 secs]
   [Parallel Time: 6.7 ms, GC Workers: 8]
      [GC Worker Start (ms): Min: 26799.4, Avg: 26799.5, Max: 26799.7, Diff: 0.3]
      [Ext Root Scanning (ms): Min: 0.0, Avg: 0.1, Max: 0.2, Diff: 0.2, Sum: 0.5]
      [Update RS (ms): Min: 1.4, Avg: 1.4, Max: 1.4, Diff: 0.1, Sum: 11.3]
         [Processed Buffers: Min: 20, Avg: 22.0, Max: 24, Diff: 4, Sum: 176]
      [Scan RS (ms): Min: 0.0, Avg: 0.0, Max: 0.1, Diff: 0.1, Sum: 0.3]
      [Code Root Scanning (ms): Min: 0.0, Avg: 0.0, Max: 0.0, Diff: 0.0, Sum: 0.0]
      [Object Copy (ms): Min: 3.7, Avg: 3.8, Max: 4.6, Diff: 0.9, Sum: 30.6]
      [Termination (ms): Min: 0.0, Avg: 0.8, Max: 1.0, Diff: 1.0, Sum: 6.5]
         [Termination Attempts: Min: 1, Avg: 1.0, Max: 1, Diff: 0, Sum: 8]
      [GC Worker Other (ms): Min: 0.0, Avg: 0.0, Max: 0.0, Diff: 0.0, Sum: 0.0]
      [GC Worker Total (ms): Min: 6.0, Avg: 6.2, Max: 6.3, Diff: 0.3, Sum: 49.3]
      [GC Worker End (ms): Min: 26805.7, Avg: 26805.7, Max: 26805.7, Diff: 0.0]
   [Code Root Fixup: 0.0 ms]
   [Code Root Purge: 0.0 ms]
   [Clear CT: 0.5 ms]
   [Other: 2.0 ms]
      [Choose CSet: 0.0 ms]
      [Ref Proc: 1.1 ms]
      [Ref Enq: 0.0 ms]
      [Redirty Cards: 0.5 ms]
      [Humongous Register: 0.1 ms]
      [Humongous Reclaim: 0.1 ms]
      [Free CSet: 0.1 ms]
   [Eden: 91136.0K(91136.0K)->0.0B(167.0M) Survivors: 13312.0K->13312.0K Heap: 754.7M(2048.0M)->625.9M(2048.0M)]
 [Times: user=0.06 sys=0.00, real=0.01 secs] 
2021-01-22T00:58:53.794+0800: 26.830: [GC pause (G1 Evacuation Pause) (young), 0.0115540 secs]
   [Parallel Time: 9.0 ms, GC Workers: 8]
      [GC Worker Start (ms): Min: 26829.8, Avg: 26830.0, Max: 26830.1, Diff: 0.3]
      [Ext Root Scanning (ms): Min: 0.0, Avg: 0.1, Max: 0.2, Diff: 0.2, Sum: 0.5]
      [Update RS (ms): Min: 3.2, Avg: 3.2, Max: 3.3, Diff: 0.1, Sum: 25.8]
         [Processed Buffers: Min: 48, Avg: 49.1, Max: 51, Diff: 3, Sum: 393]
      [Scan RS (ms): Min: 0.0, Avg: 0.0, Max: 0.0, Diff: 0.0, Sum: 0.1]
      [Code Root Scanning (ms): Min: 0.0, Avg: 0.0, Max: 0.0, Diff: 0.0, Sum: 0.0]
      [Object Copy (ms): Min: 5.2, Avg: 5.3, Max: 5.4, Diff: 0.2, Sum: 42.1]
      [Termination (ms): Min: 0.0, Avg: 0.2, Max: 0.2, Diff: 0.2, Sum: 1.3]
         [Termination Attempts: Min: 1, Avg: 1.0, Max: 1, Diff: 0, Sum: 8]
      [GC Worker Other (ms): Min: 0.0, Avg: 0.0, Max: 0.0, Diff: 0.0, Sum: 0.1]
      [GC Worker Total (ms): Min: 8.6, Avg: 8.7, Max: 8.9, Diff: 0.3, Sum: 69.9]
      [GC Worker End (ms): Min: 26838.7, Avg: 26838.7, Max: 26838.7, Diff: 0.0]
   [Code Root Fixup: 0.0 ms]
   [Code Root Purge: 0.0 ms]
   [Clear CT: 0.7 ms]
   [Other: 1.9 ms]
      [Choose CSet: 0.0 ms]
      [Ref Proc: 0.7 ms]
      [Ref Enq: 0.0 ms]
      [Redirty Cards: 0.7 ms]
      [Humongous Register: 0.1 ms]
      [Humongous Reclaim: 0.1 ms]
      [Free CSet: 0.1 ms]
   [Eden: 167.0M(167.0M)->0.0B(202.0M) Survivors: 13312.0K->23552.0K Heap: 840.8M(2048.0M)->677.4M(2048.0M)]
 [Times: user=0.08 sys=0.00, real=0.01 secs] 
2021-01-22T00:58:53.834+0800: 26.870: [GC pause (G1 Evacuation Pause) (young), 0.0128614 secs]
   [Parallel Time: 10.1 ms, GC Workers: 8]
      [GC Worker Start (ms): Min: 26870.1, Avg: 26870.7, Max: 26874.0, Diff: 3.9]
      [Ext Root Scanning (ms): Min: 0.0, Avg: 0.1, Max: 0.2, Diff: 0.2, Sum: 0.5]
      [Update RS (ms): Min: 0.0, Avg: 3.2, Max: 3.7, Diff: 3.7, Sum: 25.4]
         [Processed Buffers: Min: 0, Avg: 50.4, Max: 67, Diff: 67, Sum: 403]
      [Scan RS (ms): Min: 0.0, Avg: 0.0, Max: 0.0, Diff: 0.0, Sum: 0.2]
      [Code Root Scanning (ms): Min: 0.0, Avg: 0.0, Max: 0.0, Diff: 0.0, Sum: 0.0]
      [Object Copy (ms): Min: 5.6, Avg: 5.6, Max: 5.7, Diff: 0.1, Sum: 44.8]
      [Termination (ms): Min: 0.0, Avg: 0.1, Max: 0.1, Diff: 0.1, Sum: 0.4]
         [Termination Attempts: Min: 1, Avg: 1.0, Max: 1, Diff: 0, Sum: 8]
      [GC Worker Other (ms): Min: 0.0, Avg: 0.0, Max: 0.0, Diff: 0.0, Sum: 0.1]
      [GC Worker Total (ms): Min: 5.6, Avg: 8.9, Max: 9.5, Diff: 3.9, Sum: 71.4]
      [GC Worker End (ms): Min: 26879.6, Avg: 26879.6, Max: 26879.7, Diff: 0.0]
   [Code Root Fixup: 0.0 ms]
   [Code Root Purge: 0.0 ms]
   [Clear CT: 1.0 ms]
   [Other: 1.8 ms]
      [Choose CSet: 0.0 ms]
      [Ref Proc: 0.6 ms]
      [Ref Enq: 0.0 ms]
      [Redirty Cards: 0.7 ms]
      [Humongous Register: 0.1 ms]
      [Humongous Reclaim: 0.1 ms]
      [Free CSet: 0.1 ms]
   [Eden: 202.0M(202.0M)->0.0B(282.0M) Survivors: 23552.0K->29696.0K Heap: 928.7M(2048.0M)->722.3M(2048.0M)]
 [Times: user=0.06 sys=0.02, real=0.01 secs] 
2021-01-22T00:58:53.886+0800: 26.922: [GC pause (G1 Evacuation Pause) (young), 0.0169664 secs]
   [Parallel Time: 13.4 ms, GC Workers: 8]
      [GC Worker Start (ms): Min: 26922.2, Avg: 26922.5, Max: 26922.6, Diff: 0.4]
      [Ext Root Scanning (ms): Min: 0.0, Avg: 0.1, Max: 0.2, Diff: 0.2, Sum: 0.5]
      [Update RS (ms): Min: 3.6, Avg: 3.7, Max: 3.7, Diff: 0.2, Sum: 29.5]
         [Processed Buffers: Min: 54, Avg: 56.1, Max: 58, Diff: 4, Sum: 449]
      [Scan RS (ms): Min: 0.0, Avg: 0.0, Max: 0.0, Diff: 0.0, Sum: 0.3]
      [Code Root Scanning (ms): Min: 0.0, Avg: 0.0, Max: 0.0, Diff: 0.0, Sum: 0.0]
      [Object Copy (ms): Min: 8.1, Avg: 8.3, Max: 8.9, Diff: 0.8, Sum: 66.2]
      [Termination (ms): Min: 0.0, Avg: 0.6, Max: 0.8, Diff: 0.8, Sum: 4.9]
         [Termination Attempts: Min: 1, Avg: 1.0, Max: 1, Diff: 0, Sum: 8]
      [GC Worker Other (ms): Min: 0.0, Avg: 0.0, Max: 0.0, Diff: 0.0, Sum: 0.1]
      [GC Worker Total (ms): Min: 12.5, Avg: 12.7, Max: 12.9, Diff: 0.4, Sum: 101.5]
      [GC Worker End (ms): Min: 26935.1, Avg: 26935.1, Max: 26935.2, Diff: 0.0]
   [Code Root Fixup: 0.0 ms]
   [Code Root Purge: 0.0 ms]
   [Clear CT: 1.4 ms]
   [Other: 2.1 ms]
      [Choose CSet: 0.0 ms]
      [Ref Proc: 0.5 ms]
      [Ref Enq: 0.0 ms]
      [Redirty Cards: 1.1 ms]
      [Humongous Register: 0.2 ms]
      [Humongous Reclaim: 0.2 ms]
      [Free CSet: 0.1 ms]
   [Eden: 282.0M(282.0M)->0.0B(375.0M) Survivors: 29696.0K->39936.0K Heap: 1059.3M(2048.0M)->787.4M(2048.0M)]
 [Times: user=0.11 sys=0.00, real=0.02 secs] 
2021-01-22T00:58:53.944+0800: 26.980: [GC pause (G1 Humongous Allocation) (young) (initial-mark), 0.0185705 secs]
   [Parallel Time: 15.1 ms, GC Workers: 8]
      [GC Worker Start (ms): Min: 26980.4, Avg: 26980.6, Max: 26980.8, Diff: 0.4]
      [Ext Root Scanning (ms): Min: 0.0, Avg: 0.4, Max: 0.5, Diff: 0.5, Sum: 3.1]
      [Update RS (ms): Min: 4.8, Avg: 5.0, Max: 5.2, Diff: 0.4, Sum: 40.3]
         [Processed Buffers: Min: 73, Avg: 76.8, Max: 79, Diff: 6, Sum: 614]
      [Scan RS (ms): Min: 0.0, Avg: 0.0, Max: 0.0, Diff: 0.0, Sum: 0.3]
      [Code Root Scanning (ms): Min: 0.0, Avg: 0.0, Max: 0.0, Diff: 0.0, Sum: 0.0]
      [Object Copy (ms): Min: 8.6, Avg: 8.7, Max: 8.7, Diff: 0.1, Sum: 69.4]
      [Termination (ms): Min: 0.0, Avg: 0.0, Max: 0.1, Diff: 0.1, Sum: 0.4]
         [Termination Attempts: Min: 1, Avg: 1.4, Max: 3, Diff: 2, Sum: 11]
      [GC Worker Other (ms): Min: 0.0, Avg: 0.1, Max: 0.2, Diff: 0.2, Sum: 0.5]
      [GC Worker Total (ms): Min: 14.0, Avg: 14.2, Max: 14.4, Diff: 0.4, Sum: 113.9]
      [GC Worker End (ms): Min: 26994.8, Avg: 26994.8, Max: 26995.0, Diff: 0.2]
   [Code Root Fixup: 0.0 ms]
   [Code Root Purge: 0.0 ms]
   [Clear CT: 1.3 ms]
   [Other: 2.1 ms]
      [Choose CSet: 0.0 ms]
      [Ref Proc: 0.5 ms]
      [Ref Enq: 0.0 ms]
      [Redirty Cards: 0.9 ms]
      [Humongous Register: 0.1 ms]
      [Humongous Reclaim: 0.2 ms]
      [Free CSet: 0.3 ms]
   [Eden: 291.0M(375.0M)->0.0B(465.0M) Survivors: 39936.0K->53248.0K Heap: 1153.7M(2048.0M)->863.2M(2048.0M)]
 [Times: user=0.12 sys=0.00, real=0.02 secs] 
2021-01-22T00:58:53.964+0800: 27.000: [GC concurrent-root-region-scan-start]
2021-01-22T00:58:53.964+0800: 27.000: [GC concurrent-root-region-scan-end, 0.0002136 secs]
2021-01-22T00:58:53.964+0800: 27.000: [GC concurrent-mark-start]
2021-01-22T00:58:53.967+0800: 27.003: [GC concurrent-mark-end, 0.0029313 secs]
2021-01-22T00:58:53.967+0800: 27.003: [GC remark 2021-01-22T00:58:53.968+0800: 27.004: [Finalize Marking, 0.0060314 secs] 2021-01-22T00:58:53.974+0800: 27.010: [GC ref-proc, 0.0005198 secs] 2021-01-22T00:58:53.975+0800: 27.011: [Unloading, 0.0012852 secs], 0.0107125 secs]
 [Times: user=0.04 sys=0.01, real=0.02 secs] 
2021-01-22T00:58:53.979+0800: 27.015: [GC cleanup 896M->710M(2048M), 0.0040190 secs]
 [Times: user=0.01 sys=0.00, real=0.00 secs] 
2021-01-22T00:58:53.983+0800: 27.019: [GC concurrent-cleanup-start]
2021-01-22T00:58:53.984+0800: 27.019: [GC concurrent-cleanup-end, 0.0001962 secs]
2021-01-22T00:58:54.052+0800: 27.088: [GC pause (G1 Evacuation Pause) (young), 0.0253889 secs]
   [Parallel Time: 21.9 ms, GC Workers: 8]
      [GC Worker Start (ms): Min: 27087.9, Avg: 27088.2, Max: 27088.8, Diff: 0.9]
      [Ext Root Scanning (ms): Min: 0.0, Avg: 0.1, Max: 0.2, Diff: 0.2, Sum: 0.4]
      [Update RS (ms): Min: 8.0, Avg: 9.0, Max: 12.0, Diff: 4.0, Sum: 71.9]
         [Processed Buffers: Min: 97, Avg: 117.1, Max: 130, Diff: 33, Sum: 937]
      [Scan RS (ms): Min: 0.0, Avg: 0.1, Max: 0.2, Diff: 0.2, Sum: 0.7]
      [Code Root Scanning (ms): Min: 0.0, Avg: 0.0, Max: 0.0, Diff: 0.0, Sum: 0.0]
      [Object Copy (ms): Min: 8.9, Avg: 12.1, Max: 12.6, Diff: 3.6, Sum: 96.5]
      [Termination (ms): Min: 0.0, Avg: 0.0, Max: 0.0, Diff: 0.0, Sum: 0.2]
         [Termination Attempts: Min: 1, Avg: 1.0, Max: 1, Diff: 0, Sum: 8]
      [GC Worker Other (ms): Min: 0.0, Avg: 0.1, Max: 0.2, Diff: 0.2, Sum: 0.4]
      [GC Worker Total (ms): Min: 20.7, Avg: 21.3, Max: 21.5, Diff: 0.8, Sum: 170.2]
      [GC Worker End (ms): Min: 27109.4, Avg: 27109.5, Max: 27109.6, Diff: 0.2]
   [Code Root Fixup: 0.0 ms]
   [Code Root Purge: 0.0 ms]
   [Clear CT: 0.7 ms]
   [Other: 2.8 ms]
      [Choose CSet: 0.0 ms]
      [Ref Proc: 0.7 ms]
      [Ref Enq: 0.0 ms]
      [Redirty Cards: 1.3 ms]
      [Humongous Register: 0.1 ms]
      [Humongous Reclaim: 0.2 ms]
      [Free CSet: 0.3 ms]
   [Eden: 465.0M(465.0M)->0.0B(37888.0K) Survivors: 53248.0K->66560.0K Heap: 1258.2M(2048.0M)->779.0M(2048.0M)]
 [Times: user=0.18 sys=0.00, real=0.02 secs] 
2021-01-22T00:58:54.084+0800: 27.119: [GC pause (G1 Evacuation Pause) (mixed), 0.0126206 secs]
   [Parallel Time: 9.8 ms, GC Workers: 8]
      [GC Worker Start (ms): Min: 27119.9, Avg: 27120.1, Max: 27120.3, Diff: 0.3]
      [Ext Root Scanning (ms): Min: 0.0, Avg: 0.1, Max: 0.2, Diff: 0.2, Sum: 0.6]
      [Update RS (ms): Min: 0.5, Avg: 0.5, Max: 0.6, Diff: 0.1, Sum: 4.3]
         [Processed Buffers: Min: 7, Avg: 8.2, Max: 10, Diff: 3, Sum: 66]
      [Scan RS (ms): Min: 0.0, Avg: 0.1, Max: 0.1, Diff: 0.1, Sum: 0.6]
      [Code Root Scanning (ms): Min: 0.0, Avg: 0.0, Max: 0.0, Diff: 0.0, Sum: 0.0]
      [Object Copy (ms): Min: 7.9, Avg: 8.0, Max: 8.4, Diff: 0.6, Sum: 64.2]
      [Termination (ms): Min: 0.0, Avg: 0.4, Max: 0.5, Diff: 0.5, Sum: 3.3]
         [Termination Attempts: Min: 1, Avg: 1.0, Max: 1, Diff: 0, Sum: 8]
      [GC Worker Other (ms): Min: 0.0, Avg: 0.0, Max: 0.1, Diff: 0.0, Sum: 0.1]
      [GC Worker Total (ms): Min: 9.0, Avg: 9.2, Max: 9.3, Diff: 0.3, Sum: 73.2]
      [GC Worker End (ms): Min: 27129.3, Avg: 27129.3, Max: 27129.3, Diff: 0.0]
   [Code Root Fixup: 0.0 ms]
   [Code Root Purge: 0.0 ms]
   [Clear CT: 0.9 ms]
   [Other: 1.9 ms]
      [Choose CSet: 0.1 ms]
      [Ref Proc: 0.5 ms]
      [Ref Enq: 0.0 ms]
      [Redirty Cards: 0.7 ms]
      [Humongous Register: 0.2 ms]
      [Humongous Reclaim: 0.1 ms]
      [Free CSet: 0.2 ms]
   [Eden: 37888.0K(37888.0K)->0.0B(91136.0K) Survivors: 66560.0K->13312.0K Heap: 823.0M(2048.0M)->597.5M(2048.0M)]
 [Times: user=0.08 sys=0.00, real=0.01 secs] 
2021-01-22T00:58:54.110+0800: 27.146: [GC pause (G1 Evacuation Pause) (mixed), 0.0087832 secs]
   [Parallel Time: 6.1 ms, GC Workers: 8]
      [GC Worker Start (ms): Min: 27146.2, Avg: 27146.3, Max: 27146.5, Diff: 0.3]
      [Ext Root Scanning (ms): Min: 0.0, Avg: 0.1, Max: 0.2, Diff: 0.2, Sum: 0.5]
      [Update RS (ms): Min: 1.4, Avg: 1.4, Max: 1.5, Diff: 0.1, Sum: 11.5]
         [Processed Buffers: Min: 20, Avg: 21.4, Max: 23, Diff: 3, Sum: 171]
      [Scan RS (ms): Min: 0.0, Avg: 0.0, Max: 0.1, Diff: 0.1, Sum: 0.2]
      [Code Root Scanning (ms): Min: 0.0, Avg: 0.0, Max: 0.0, Diff: 0.0, Sum: 0.0]
      [Object Copy (ms): Min: 3.5, Avg: 3.6, Max: 4.0, Diff: 0.5, Sum: 28.9]
      [Termination (ms): Min: 0.0, Avg: 0.4, Max: 0.4, Diff: 0.4, Sum: 3.0]
         [Termination Attempts: Min: 1, Avg: 1.0, Max: 1, Diff: 0, Sum: 8]
      [GC Worker Other (ms): Min: 0.0, Avg: 0.0, Max: 0.0, Diff: 0.0, Sum: 0.1]
      [GC Worker Total (ms): Min: 5.4, Avg: 5.5, Max: 5.7, Diff: 0.3, Sum: 44.2]
      [GC Worker End (ms): Min: 27151.8, Avg: 27151.9, Max: 27151.9, Diff: 0.0]
   [Code Root Fixup: 0.0 ms]
   [Code Root Purge: 0.0 ms]
   [Clear CT: 1.0 ms]
   [Other: 1.7 ms]
      [Choose CSet: 0.0 ms]
      [Ref Proc: 0.4 ms]
      [Ref Enq: 0.0 ms]
      [Redirty Cards: 0.7 ms]
      [Humongous Register: 0.2 ms]
      [Humongous Reclaim: 0.1 ms]
      [Free CSet: 0.1 ms]
   [Eden: 91136.0K(91136.0K)->0.0B(986.0M) Survivors: 13312.0K->13312.0K Heap: 706.7M(2048.0M)->596.5M(2048.0M)]
 [Times: user=0.05 sys=0.00, real=0.01 secs] 
2021-01-22T00:58:54.211+0800: 27.247: [GC pause (G1 Humongous Allocation) (young) (initial-mark), 0.0301735 secs]
   [Parallel Time: 26.1 ms, GC Workers: 8]
      [GC Worker Start (ms): Min: 27247.9, Avg: 27248.1, Max: 27248.3, Diff: 0.4]
      [Ext Root Scanning (ms): Min: 0.1, Avg: 0.4, Max: 0.6, Diff: 0.5, Sum: 3.4]
      [Update RS (ms): Min: 11.9, Avg: 12.0, Max: 12.2, Diff: 0.3, Sum: 96.1]
         [Processed Buffers: Min: 167, Avg: 177.6, Max: 184, Diff: 17, Sum: 1421]
      [Scan RS (ms): Min: 0.1, Avg: 0.1, Max: 0.1, Diff: 0.0, Sum: 0.7]
      [Code Root Scanning (ms): Min: 0.0, Avg: 0.0, Max: 0.0, Diff: 0.0, Sum: 0.0]
      [Object Copy (ms): Min: 12.4, Avg: 12.4, Max: 12.5, Diff: 0.2, Sum: 99.4]
      [Termination (ms): Min: 0.0, Avg: 0.1, Max: 0.2, Diff: 0.2, Sum: 0.9]
         [Termination Attempts: Min: 1, Avg: 1.1, Max: 2, Diff: 1, Sum: 9]
      [GC Worker Other (ms): Min: 0.0, Avg: 0.0, Max: 0.1, Diff: 0.1, Sum: 0.3]
      [GC Worker Total (ms): Min: 24.9, Avg: 25.1, Max: 25.3, Diff: 0.4, Sum: 200.9]
      [GC Worker End (ms): Min: 27273.2, Avg: 27273.2, Max: 27273.3, Diff: 0.1]
   [Code Root Fixup: 0.0 ms]
   [Code Root Purge: 0.0 ms]
   [Clear CT: 1.4 ms]
   [Other: 2.7 ms]
      [Choose CSet: 0.0 ms]
      [Ref Proc: 0.6 ms]
      [Ref Enq: 0.0 ms]
      [Redirty Cards: 1.0 ms]
      [Humongous Register: 0.3 ms]
      [Humongous Reclaim: 0.2 ms]
      [Free CSet: 0.3 ms]
   [Eden: 636.0M(986.0M)->0.0B(861.0M) Survivors: 13312.0K->125.0M Heap: 1408.4M(2048.0M)->737.1M(2048.0M)]
 [Times: user=0.20 sys=0.01, real=0.03 secs] 
2021-01-22T00:58:54.242+0800: 27.278: [GC concurrent-root-region-scan-start]
2021-01-22T00:58:54.243+0800: 27.279: [GC concurrent-root-region-scan-end, 0.0003589 secs]
2021-01-22T00:58:54.243+0800: 27.279: [GC concurrent-mark-start]
2021-01-22T00:58:54.245+0800: 27.281: [GC concurrent-mark-end, 0.0026888 secs]
2021-01-22T00:58:54.246+0800: 27.282: [GC remark 2021-01-22T00:58:54.246+0800: 27.282: [Finalize Marking, 0.0009619 secs] 2021-01-22T00:58:54.247+0800: 27.283: [GC ref-proc, 0.0004516 secs] 2021-01-22T00:58:54.248+0800: 27.284: [Unloading, 0.0012447 secs], 0.0053621 secs]
 [Times: user=0.01 sys=0.00, real=0.01 secs] 
2021-01-22T00:58:54.252+0800: 27.288: [GC cleanup 775M->674M(2048M), 0.0032898 secs]
 [Times: user=0.01 sys=0.00, real=0.00 secs] 
2021-01-22T00:58:54.256+0800: 27.292: [GC concurrent-cleanup-start]
2021-01-22T00:58:54.256+0800: 27.292: [GC concurrent-cleanup-end, 0.0001042 secs]
2021-01-22T00:58:54.372+0800: 27.408: [GC pause (G1 Evacuation Pause) (young) (to-space exhausted), 0.0321582 secs]
   [Parallel Time: 27.7 ms, GC Workers: 8]
      [GC Worker Start (ms): Min: 27408.5, Avg: 27408.7, Max: 27408.8, Diff: 0.4]
      [Ext Root Scanning (ms): Min: 0.0, Avg: 0.1, Max: 0.2, Diff: 0.2, Sum: 0.5]
      [Update RS (ms): Min: 15.3, Avg: 15.4, Max: 15.5, Diff: 0.2, Sum: 123.3]
         [Processed Buffers: Min: 224, Avg: 233.0, Max: 240, Diff: 16, Sum: 1864]
      [Scan RS (ms): Min: 0.1, Avg: 0.1, Max: 0.2, Diff: 0.1, Sum: 1.1]
      [Code Root Scanning (ms): Min: 0.0, Avg: 0.0, Max: 0.0, Diff: 0.0, Sum: 0.0]
      [Object Copy (ms): Min: 11.1, Avg: 11.3, Max: 11.7, Diff: 0.6, Sum: 90.1]
      [Termination (ms): Min: 0.0, Avg: 0.4, Max: 0.6, Diff: 0.6, Sum: 3.6]
         [Termination Attempts: Min: 1, Avg: 1.0, Max: 1, Diff: 0, Sum: 8]
      [GC Worker Other (ms): Min: 0.0, Avg: 0.0, Max: 0.0, Diff: 0.0, Sum: 0.1]
      [GC Worker Total (ms): Min: 27.2, Avg: 27.3, Max: 27.5, Diff: 0.4, Sum: 218.7]
      [GC Worker End (ms): Min: 27436.0, Avg: 27436.0, Max: 27436.0, Diff: 0.0]
   [Code Root Fixup: 0.0 ms]
   [Code Root Purge: 0.0 ms]
   [Clear CT: 0.9 ms]
   [Other: 3.6 ms]
      [Evacuation Failure: 0.8 ms]
      [Choose CSet: 0.0 ms]
      [Ref Proc: 0.7 ms]
      [Ref Enq: 0.0 ms]
      [Redirty Cards: 1.3 ms]
      [Humongous Register: 0.2 ms]
      [Humongous Reclaim: 0.3 ms]
      [Free CSet: 0.3 ms]
   [Eden: 861.0M(861.0M)->0.0B(7168.0K) Survivors: 125.0M->107.0M Heap: 1728.8M(2048.0M)->1100.4M(2048.0M)]
 [Times: user=0.23 sys=0.00, real=0.03 secs] 
2021-01-22T00:58:54.407+0800: 27.442: [GC pause (G1 Evacuation Pause) (mixed), 0.0140123 secs]
   [Parallel Time: 11.0 ms, GC Workers: 8]
      [GC Worker Start (ms): Min: 27442.9, Avg: 27443.1, Max: 27443.2, Diff: 0.3]
      [Ext Root Scanning (ms): Min: 0.0, Avg: 0.1, Max: 0.2, Diff: 0.2, Sum: 0.5]
      [Update RS (ms): Min: 0.2, Avg: 0.2, Max: 0.3, Diff: 0.1, Sum: 1.8]
         [Processed Buffers: Min: 3, Avg: 3.9, Max: 5, Diff: 2, Sum: 31]
      [Scan RS (ms): Min: 0.0, Avg: 0.1, Max: 0.1, Diff: 0.1, Sum: 0.4]
      [Code Root Scanning (ms): Min: 0.0, Avg: 0.0, Max: 0.0, Diff: 0.0, Sum: 0.0]
      [Object Copy (ms): Min: 9.8, Avg: 9.9, Max: 10.0, Diff: 0.2, Sum: 79.0]
      [Termination (ms): Min: 0.0, Avg: 0.1, Max: 0.2, Diff: 0.2, Sum: 1.2]
         [Termination Attempts: Min: 1, Avg: 1.4, Max: 2, Diff: 1, Sum: 11]
      [GC Worker Other (ms): Min: 0.0, Avg: 0.0, Max: 0.0, Diff: 0.0, Sum: 0.1]
      [GC Worker Total (ms): Min: 10.2, Avg: 10.4, Max: 10.5, Diff: 0.3, Sum: 83.0]
      [GC Worker End (ms): Min: 27453.4, Avg: 27453.4, Max: 27453.5, Diff: 0.0]
   [Code Root Fixup: 0.0 ms]
   [Code Root Purge: 0.0 ms]
   [Clear CT: 0.9 ms]
   [Other: 2.1 ms]
      [Choose CSet: 0.1 ms]
      [Ref Proc: 0.6 ms]
      [Ref Enq: 0.0 ms]
      [Redirty Cards: 0.9 ms]
      [Humongous Register: 0.2 ms]
      [Humongous Reclaim: 0.0 ms]
      [Free CSet: 0.2 ms]
   [Eden: 7168.0K(7168.0K)->0.0B(686.0M) Survivors: 107.0M->2048.0K Heap: 1109.2M(2048.0M)->936.7M(2048.0M)]
 [Times: user=0.08 sys=0.01, real=0.02 secs] 
2021-01-22T00:58:54.422+0800: 27.458: [GC pause (G1 Humongous Allocation) (young) (initial-mark), 0.0045555 secs]
   [Parallel Time: 1.4 ms, GC Workers: 8]
      [GC Worker Start (ms): Min: 27458.5, Avg: 27458.7, Max: 27458.8, Diff: 0.3]
      [Ext Root Scanning (ms): Min: 0.0, Avg: 0.3, Max: 0.6, Diff: 0.6, Sum: 2.8]
      [Update RS (ms): Min: 0.0, Avg: 0.1, Max: 0.4, Diff: 0.4, Sum: 0.9]
         [Processed Buffers: Min: 0, Avg: 1.1, Max: 4, Diff: 4, Sum: 9]
      [Scan RS (ms): Min: 0.0, Avg: 0.0, Max: 0.0, Diff: 0.0, Sum: 0.0]
      [Code Root Scanning (ms): Min: 0.0, Avg: 0.0, Max: 0.0, Diff: 0.0, Sum: 0.0]
      [Object Copy (ms): Min: 0.0, Avg: 0.2, Max: 0.6, Diff: 0.6, Sum: 1.5]
      [Termination (ms): Min: 0.0, Avg: 0.4, Max: 0.5, Diff: 0.5, Sum: 3.3]
         [Termination Attempts: Min: 1, Avg: 1.9, Max: 4, Diff: 3, Sum: 15]
      [GC Worker Other (ms): Min: 0.0, Avg: 0.0, Max: 0.0, Diff: 0.0, Sum: 0.1]
      [GC Worker Total (ms): Min: 0.9, Avg: 1.1, Max: 1.3, Diff: 0.4, Sum: 8.6]
      [GC Worker End (ms): Min: 27459.7, Avg: 27459.7, Max: 27459.8, Diff: 0.0]
   [Code Root Fixup: 0.0 ms]
   [Code Root Purge: 0.0 ms]
   [Clear CT: 0.9 ms]
   [Other: 2.2 ms]
      [Choose CSet: 0.0 ms]
      [Ref Proc: 0.7 ms]
      [Ref Enq: 0.0 ms]
      [Redirty Cards: 1.0 ms]
      [Humongous Register: 0.2 ms]
      [Humongous Reclaim: 0.0 ms]
      [Free CSet: 0.0 ms]
   [Eden: 5120.0K(686.0M)->0.0B(715.0M) Survivors: 2048.0K->4096.0K Heap: 940.9M(2048.0M)->937.7M(2048.0M)]
 [Times: user=0.02 sys=0.00, real=0.00 secs] 
2021-01-22T00:58:54.428+0800: 27.464: [GC concurrent-root-region-scan-start]
2021-01-22T00:58:54.428+0800: 27.464: [GC concurrent-root-region-scan-end, 0.0002103 secs]
2021-01-22T00:58:54.428+0800: 27.464: [GC concurrent-mark-start]
2021-01-22T00:58:54.431+0800: 27.467: [GC concurrent-mark-end, 0.0031744 secs]
2021-01-22T00:58:54.431+0800: 27.467: [GC remark 2021-01-22T00:58:54.432+0800: 27.467: [Finalize Marking, 0.0012373 secs] 2021-01-22T00:58:54.433+0800: 27.469: [GC ref-proc, 0.0004342 secs] 2021-01-22T00:58:54.434+0800: 27.470: [Unloading, 0.0006958 secs], 0.0049487 secs]
 [Times: user=0.01 sys=0.00, real=0.00 secs] 
2021-01-22T00:58:54.437+0800: 27.473: [GC cleanup 968M->893M(2048M), 0.0036378 secs]
 [Times: user=0.00 sys=0.01, real=0.01 secs] 
2021-01-22T00:58:54.441+0800: 27.477: [GC concurrent-cleanup-start]
2021-01-22T00:58:54.441+0800: 27.477: [GC concurrent-cleanup-end, 0.0000418 secs]
2021-01-22T00:58:54.538+0800: 27.574: [GC pause (G1 Evacuation Pause) (young) (to-space exhausted), 0.0282635 secs]
   [Parallel Time: 23.2 ms, GC Workers: 8]
      [GC Worker Start (ms): Min: 27574.6, Avg: 27574.8, Max: 27575.0, Diff: 0.4]
      [Ext Root Scanning (ms): Min: 0.0, Avg: 0.1, Max: 0.3, Diff: 0.3, Sum: 0.6]
      [Update RS (ms): Min: 11.8, Avg: 11.9, Max: 12.0, Diff: 0.1, Sum: 95.3]
         [Processed Buffers: Min: 169, Avg: 178.0, Max: 184, Diff: 15, Sum: 1424]
      [Scan RS (ms): Min: 0.1, Avg: 0.1, Max: 0.1, Diff: 0.0, Sum: 0.7]
      [Code Root Scanning (ms): Min: 0.0, Avg: 0.0, Max: 0.0, Diff: 0.0, Sum: 0.0]
      [Object Copy (ms): Min: 10.2, Avg: 10.3, Max: 10.4, Diff: 0.2, Sum: 82.2]
      [Termination (ms): Min: 0.0, Avg: 0.1, Max: 0.2, Diff: 0.2, Sum: 0.8]
         [Termination Attempts: Min: 1, Avg: 1.0, Max: 1, Diff: 0, Sum: 8]
      [GC Worker Other (ms): Min: 0.0, Avg: 0.0, Max: 0.0, Diff: 0.0, Sum: 0.1]
      [GC Worker Total (ms): Min: 22.3, Avg: 22.5, Max: 22.7, Diff: 0.4, Sum: 179.9]
      [GC Worker End (ms): Min: 27597.3, Avg: 27597.3, Max: 27597.3, Diff: 0.0]
   [Code Root Fixup: 0.0 ms]
   [Code Root Purge: 0.0 ms]
   [Clear CT: 1.1 ms]
   [Other: 4.0 ms]
      [Evacuation Failure: 1.1 ms]
      [Choose CSet: 0.0 ms]
      [Ref Proc: 1.0 ms]
      [Ref Enq: 0.0 ms]
      [Redirty Cards: 1.2 ms]
      [Humongous Register: 0.2 ms]
      [Humongous Reclaim: 0.2 ms]
      [Free CSet: 0.2 ms]
   [Eden: 715.0M(715.0M)->0.0B(12288.0K) Survivors: 4096.0K->92160.0K Heap: 1754.6M(2048.0M)->1194.7M(2048.0M)]
 [Times: user=0.19 sys=0.00, real=0.02 secs] 
2021-01-22T00:58:54.569+0800: 27.605: [GC pause (G1 Evacuation Pause) (mixed), 0.0141545 secs]
   [Parallel Time: 10.6 ms, GC Workers: 8]
      [GC Worker Start (ms): Min: 27605.4, Avg: 27605.6, Max: 27605.7, Diff: 0.3]
      [Ext Root Scanning (ms): Min: 0.0, Avg: 0.1, Max: 0.2, Diff: 0.2, Sum: 0.5]
      [Update RS (ms): Min: 0.1, Avg: 0.1, Max: 0.2, Diff: 0.1, Sum: 1.2]
         [Processed Buffers: Min: 1, Avg: 3.0, Max: 5, Diff: 4, Sum: 24]
      [Scan RS (ms): Min: 0.1, Avg: 0.1, Max: 0.1, Diff: 0.0, Sum: 0.6]
      [Code Root Scanning (ms): Min: 0.0, Avg: 0.0, Max: 0.0, Diff: 0.0, Sum: 0.1]
      [Object Copy (ms): Min: 8.2, Avg: 8.4, Max: 9.5, Diff: 1.3, Sum: 67.1]
      [Termination (ms): Min: 0.0, Avg: 1.2, Max: 1.3, Diff: 1.3, Sum: 9.2]
         [Termination Attempts: Min: 1, Avg: 1.0, Max: 1, Diff: 0, Sum: 8]
      [GC Worker Other (ms): Min: 0.0, Avg: 0.0, Max: 0.0, Diff: 0.0, Sum: 0.0]
      [GC Worker Total (ms): Min: 9.7, Avg: 9.8, Max: 10.0, Diff: 0.3, Sum: 78.6]
      [GC Worker End (ms): Min: 27615.4, Avg: 27615.4, Max: 27615.4, Diff: 0.0]
   [Code Root Fixup: 0.0 ms]
   [Code Root Purge: 0.0 ms]
   [Clear CT: 1.3 ms]
   [Other: 2.3 ms]
      [Choose CSet: 0.1 ms]
      [Ref Proc: 0.8 ms]
      [Ref Enq: 0.0 ms]
      [Redirty Cards: 0.9 ms]
      [Humongous Register: 0.1 ms]
      [Humongous Reclaim: 0.0 ms]
      [Free CSet: 0.2 ms]
   [Eden: 12288.0K(12288.0K)->0.0B(99328.0K) Survivors: 92160.0K->5120.0K Heap: 1207.8M(2048.0M)->999.7M(2048.0M)]
 [Times: user=0.09 sys=0.00, real=0.01 secs] 
2021-01-22T00:58:54.598+0800: 27.634: [GC pause (G1 Evacuation Pause) (mixed), 0.0099635 secs]
   [Parallel Time: 6.9 ms, GC Workers: 8]
      [GC Worker Start (ms): Min: 27634.4, Avg: 27634.6, Max: 27634.7, Diff: 0.3]
      [Ext Root Scanning (ms): Min: 0.0, Avg: 0.1, Max: 0.2, Diff: 0.2, Sum: 0.5]
      [Update RS (ms): Min: 1.7, Avg: 1.7, Max: 1.8, Diff: 0.1, Sum: 14.0]
         [Processed Buffers: Min: 25, Avg: 26.5, Max: 27, Diff: 2, Sum: 212]
      [Scan RS (ms): Min: 0.0, Avg: 0.1, Max: 0.1, Diff: 0.1, Sum: 0.6]
      [Code Root Scanning (ms): Min: 0.0, Avg: 0.0, Max: 0.0, Diff: 0.0, Sum: 0.0]
      [Object Copy (ms): Min: 4.6, Avg: 4.7, Max: 4.7, Diff: 0.1, Sum: 37.6]
      [Termination (ms): Min: 0.0, Avg: 0.0, Max: 0.1, Diff: 0.1, Sum: 0.4]
         [Termination Attempts: Min: 1, Avg: 1.0, Max: 1, Diff: 0, Sum: 8]
      [GC Worker Other (ms): Min: 0.0, Avg: 0.0, Max: 0.0, Diff: 0.0, Sum: 0.0]
      [GC Worker Total (ms): Min: 6.5, Avg: 6.6, Max: 6.8, Diff: 0.3, Sum: 53.1]
      [GC Worker End (ms): Min: 27641.2, Avg: 27641.2, Max: 27641.2, Diff: 0.0]
   [Code Root Fixup: 0.0 ms]
   [Code Root Purge: 0.0 ms]
   [Clear CT: 1.0 ms]
   [Other: 2.0 ms]
      [Choose CSet: 0.1 ms]
      [Ref Proc: 0.5 ms]
      [Ref Enq: 0.0 ms]
      [Redirty Cards: 0.8 ms]
      [Humongous Register: 0.1 ms]
      [Humongous Reclaim: 0.1 ms]
      [Free CSet: 0.2 ms]
   [Eden: 99328.0K(99328.0K)->0.0B(91136.0K) Survivors: 5120.0K->13312.0K Heap: 1122.0M(2048.0M)->845.8M(2048.0M)]
 [Times: user=0.06 sys=0.00, real=0.01 secs] 
2021-01-22T00:58:54.622+0800: 27.658: [GC pause (G1 Evacuation Pause) (mixed), 0.0086547 secs]
   [Parallel Time: 6.0 ms, GC Workers: 8]
      [GC Worker Start (ms): Min: 27658.0, Avg: 27658.2, Max: 27658.3, Diff: 0.3]
      [Ext Root Scanning (ms): Min: 0.0, Avg: 0.1, Max: 0.2, Diff: 0.2, Sum: 0.5]
      [Update RS (ms): Min: 2.0, Avg: 2.1, Max: 2.1, Diff: 0.1, Sum: 16.5]
         [Processed Buffers: Min: 30, Avg: 31.1, Max: 32, Diff: 2, Sum: 249]
      [Scan RS (ms): Min: 0.0, Avg: 0.0, Max: 0.1, Diff: 0.0, Sum: 0.1]
      [Code Root Scanning (ms): Min: 0.0, Avg: 0.0, Max: 0.0, Diff: 0.0, Sum: 0.0]
      [Object Copy (ms): Min: 3.4, Avg: 3.5, Max: 3.5, Diff: 0.0, Sum: 27.6]
      [Termination (ms): Min: 0.0, Avg: 0.0, Max: 0.1, Diff: 0.1, Sum: 0.3]
         [Termination Attempts: Min: 1, Avg: 1.0, Max: 1, Diff: 0, Sum: 8]
      [GC Worker Other (ms): Min: 0.0, Avg: 0.0, Max: 0.0, Diff: 0.0, Sum: 0.0]
      [GC Worker Total (ms): Min: 5.5, Avg: 5.6, Max: 5.8, Diff: 0.3, Sum: 45.2]
      [GC Worker End (ms): Min: 27663.8, Avg: 27663.8, Max: 27663.8, Diff: 0.0]
   [Code Root Fixup: 0.0 ms]
   [Code Root Purge: 0.0 ms]
   [Clear CT: 0.9 ms]
   [Other: 1.7 ms]
      [Choose CSet: 0.0 ms]
      [Ref Proc: 0.4 ms]
      [Ref Enq: 0.0 ms]
      [Redirty Cards: 0.9 ms]
      [Humongous Register: 0.1 ms]
      [Humongous Reclaim: 0.1 ms]
      [Free CSet: 0.1 ms]
   [Eden: 91136.0K(91136.0K)->0.0B(769.0M) Survivors: 13312.0K->13312.0K Heap: 964.7M(2048.0M)->852.4M(2048.0M)]
 [Times: user=0.04 sys=0.01, real=0.01 secs] 
2021-01-22T00:58:54.636+0800: 27.672: [GC pause (G1 Humongous Allocation) (young) (initial-mark), 0.0070343 secs]
   [Parallel Time: 3.4 ms, GC Workers: 8]
      [GC Worker Start (ms): Min: 27672.1, Avg: 27672.3, Max: 27672.5, Diff: 0.4]
      [Ext Root Scanning (ms): Min: 0.0, Avg: 0.4, Max: 0.7, Diff: 0.6, Sum: 3.5]
      [Update RS (ms): Min: 0.5, Avg: 0.6, Max: 0.8, Diff: 0.3, Sum: 5.0]
         [Processed Buffers: Min: 8, Avg: 9.9, Max: 13, Diff: 5, Sum: 79]
      [Scan RS (ms): Min: 0.0, Avg: 0.0, Max: 0.0, Diff: 0.0, Sum: 0.0]
      [Code Root Scanning (ms): Min: 0.0, Avg: 0.0, Max: 0.0, Diff: 0.0, Sum: 0.0]
      [Object Copy (ms): Min: 1.6, Avg: 1.7, Max: 1.8, Diff: 0.1, Sum: 13.7]
      [Termination (ms): Min: 0.0, Avg: 0.1, Max: 0.1, Diff: 0.1, Sum: 0.4]
         [Termination Attempts: Min: 1, Avg: 1.0, Max: 1, Diff: 0, Sum: 8]
      [GC Worker Other (ms): Min: 0.0, Avg: 0.0, Max: 0.0, Diff: 0.0, Sum: 0.1]
      [GC Worker Total (ms): Min: 2.6, Avg: 2.8, Max: 3.0, Diff: 0.4, Sum: 22.7]
      [GC Worker End (ms): Min: 27675.2, Avg: 27675.2, Max: 27675.2, Diff: 0.0]
   [Code Root Fixup: 0.0 ms]
   [Code Root Purge: 0.0 ms]
   [Clear CT: 1.0 ms]
   [Other: 2.6 ms]
      [Choose CSet: 0.0 ms]
      [Ref Proc: 1.0 ms]
      [Ref Enq: 0.0 ms]
      [Redirty Cards: 1.0 ms]
      [Humongous Register: 0.2 ms]
      [Humongous Reclaim: 0.2 ms]
      [Free CSet: 0.0 ms]
   [Eden: 37888.0K(769.0M)->0.0B(787.0M) Survivors: 13312.0K->22528.0K Heap: 897.6M(2048.0M)->860.6M(2048.0M)]
 [Times: user=0.02 sys=0.00, real=0.01 secs] 
2021-01-22T00:58:54.644+0800: 27.680: [GC concurrent-root-region-scan-start]
2021-01-22T00:58:54.644+0800: 27.680: [GC concurrent-root-region-scan-end, 0.0002202 secs]
2021-01-22T00:58:54.644+0800: 27.680: [GC concurrent-mark-start]
2021-01-22T00:58:54.647+0800: 27.683: [GC concurrent-mark-end, 0.0029489 secs]
2021-01-22T00:58:54.648+0800: 27.684: [GC remark 2021-01-22T00:58:54.648+0800: 27.684: [Finalize Marking, 0.0011664 secs] 2021-01-22T00:58:54.649+0800: 27.685: [GC ref-proc, 0.0005291 secs] 2021-01-22T00:58:54.650+0800: 27.686: [Unloading, 0.0011426 secs], 0.0055141 secs]
 [Times: user=0.01 sys=0.00, real=0.01 secs] 
2021-01-22T00:58:54.654+0800: 27.690: [GC cleanup 890M->754M(2048M), 0.0037628 secs]
 [Times: user=0.01 sys=0.00, real=0.01 secs] 
2021-01-22T00:58:54.659+0800: 27.695: [GC concurrent-cleanup-start]
2021-01-22T00:58:54.659+0800: 27.695: [GC concurrent-cleanup-end, 0.0001585 secs]
2021-01-22T00:58:54.776+0800: 27.812: [GC pause (G1 Evacuation Pause) (young) (to-space exhausted), 0.0346812 secs]
   [Parallel Time: 30.1 ms, GC Workers: 8]
      [GC Worker Start (ms): Min: 27812.5, Avg: 27812.7, Max: 27812.9, Diff: 0.4]
      [Ext Root Scanning (ms): Min: 0.0, Avg: 0.1, Max: 0.2, Diff: 0.2, Sum: 0.4]
      [Update RS (ms): Min: 14.9, Avg: 15.0, Max: 15.1, Diff: 0.2, Sum: 119.9]
         [Processed Buffers: Min: 177, Avg: 206.6, Max: 233, Diff: 56, Sum: 1653]
      [Scan RS (ms): Min: 0.1, Avg: 0.1, Max: 0.1, Diff: 0.0, Sum: 0.9]
      [Code Root Scanning (ms): Min: 0.0, Avg: 0.0, Max: 0.0, Diff: 0.0, Sum: 0.0]
      [Object Copy (ms): Min: 13.6, Avg: 13.8, Max: 14.0, Diff: 0.4, Sum: 110.2]
      [Termination (ms): Min: 0.0, Avg: 0.3, Max: 0.4, Diff: 0.4, Sum: 2.1]
         [Termination Attempts: Min: 1, Avg: 1.0, Max: 1, Diff: 0, Sum: 8]
      [GC Worker Other (ms): Min: 0.0, Avg: 0.0, Max: 0.0, Diff: 0.0, Sum: 0.1]
      [GC Worker Total (ms): Min: 29.0, Avg: 29.2, Max: 29.4, Diff: 0.4, Sum: 233.6]
      [GC Worker End (ms): Min: 27841.9, Avg: 27841.9, Max: 27841.9, Diff: 0.1]
   [Code Root Fixup: 0.0 ms]
   [Code Root Purge: 0.0 ms]
   [Clear CT: 1.0 ms]
   [Other: 3.6 ms]
      [Evacuation Failure: 0.9 ms]
      [Choose CSet: 0.0 ms]
      [Ref Proc: 0.7 ms]
      [Ref Enq: 0.0 ms]
      [Redirty Cards: 1.0 ms]
      [Humongous Register: 0.2 ms]
      [Humongous Reclaim: 0.4 ms]
      [Free CSet: 0.3 ms]
   [Eden: 787.0M(787.0M)->0.0B(7168.0K) Survivors: 22528.0K->102.0M Heap: 1716.9M(2048.0M)->997.5M(2048.0M)]
 [Times: user=0.23 sys=0.01, real=0.04 secs] 
2021-01-22T00:58:54.813+0800: 27.849: [GC pause (G1 Evacuation Pause) (mixed), 0.0128696 secs]
   [Parallel Time: 10.6 ms, GC Workers: 8]
      [GC Worker Start (ms): Min: 27849.5, Avg: 27849.7, Max: 27849.8, Diff: 0.3]
      [Ext Root Scanning (ms): Min: 0.0, Avg: 0.1, Max: 0.2, Diff: 0.2, Sum: 0.5]
      [Update RS (ms): Min: 0.0, Avg: 0.1, Max: 0.1, Diff: 0.1, Sum: 0.6]
         [Processed Buffers: Min: 1, Avg: 1.8, Max: 3, Diff: 2, Sum: 14]
      [Scan RS (ms): Min: 0.0, Avg: 0.1, Max: 0.1, Diff: 0.0, Sum: 0.5]
      [Code Root Scanning (ms): Min: 0.0, Avg: 0.0, Max: 0.0, Diff: 0.0, Sum: 0.0]
      [Object Copy (ms): Min: 9.8, Avg: 9.8, Max: 9.8, Diff: 0.1, Sum: 78.4]
      [Termination (ms): Min: 0.0, Avg: 0.0, Max: 0.1, Diff: 0.1, Sum: 0.2]
         [Termination Attempts: Min: 1, Avg: 1.4, Max: 3, Diff: 2, Sum: 11]
      [GC Worker Other (ms): Min: 0.0, Avg: 0.0, Max: 0.0, Diff: 0.0, Sum: 0.1]
      [GC Worker Total (ms): Min: 9.9, Avg: 10.0, Max: 10.2, Diff: 0.3, Sum: 80.3]
      [GC Worker End (ms): Min: 27859.7, Avg: 27859.7, Max: 27859.8, Diff: 0.0]
   [Code Root Fixup: 0.0 ms]
   [Code Root Purge: 0.0 ms]
   [Clear CT: 0.7 ms]
   [Other: 1.5 ms]
      [Choose CSet: 0.1 ms]
      [Ref Proc: 0.4 ms]
      [Ref Enq: 0.0 ms]
      [Redirty Cards: 0.6 ms]
      [Humongous Register: 0.1 ms]
      [Humongous Reclaim: 0.1 ms]
      [Free CSet: 0.2 ms]
   [Eden: 7168.0K(7168.0K)->0.0B(101376.0K) Survivors: 102.0M->3072.0K Heap: 1004.5M(2048.0M)->805.8M(2048.0M)]
 [Times: user=0.09 sys=0.00, real=0.01 secs] 
2021-01-22T00:58:54.840+0800: 27.876: [GC pause (G1 Evacuation Pause) (mixed), 0.0081235 secs]
   [Parallel Time: 5.7 ms, GC Workers: 8]
      [GC Worker Start (ms): Min: 27876.5, Avg: 27876.7, Max: 27876.8, Diff: 0.3]
      [Ext Root Scanning (ms): Min: 0.0, Avg: 0.1, Max: 0.2, Diff: 0.2, Sum: 0.5]
      [Update RS (ms): Min: 1.2, Avg: 1.3, Max: 1.3, Diff: 0.1, Sum: 10.2]
         [Processed Buffers: Min: 18, Avg: 19.1, Max: 21, Diff: 3, Sum: 153]
      [Scan RS (ms): Min: 0.0, Avg: 0.0, Max: 0.1, Diff: 0.0, Sum: 0.3]
      [Code Root Scanning (ms): Min: 0.0, Avg: 0.0, Max: 0.0, Diff: 0.0, Sum: 0.0]
      [Object Copy (ms): Min: 3.8, Avg: 3.9, Max: 3.9, Diff: 0.1, Sum: 31.0]
      [Termination (ms): Min: 0.0, Avg: 0.0, Max: 0.1, Diff: 0.1, Sum: 0.3]
         [Termination Attempts: Min: 1, Avg: 1.0, Max: 1, Diff: 0, Sum: 8]
      [GC Worker Other (ms): Min: 0.0, Avg: 0.0, Max: 0.0, Diff: 0.0, Sum: 0.1]
      [GC Worker Total (ms): Min: 5.2, Avg: 5.3, Max: 5.4, Diff: 0.3, Sum: 42.4]
      [GC Worker End (ms): Min: 27881.9, Avg: 27881.9, Max: 27882.0, Diff: 0.0]
   [Code Root Fixup: 0.0 ms]
   [Code Root Purge: 0.0 ms]
   [Clear CT: 0.6 ms]
   [Other: 1.8 ms]
      [Choose CSet: 0.0 ms]
      [Ref Proc: 0.6 ms]
      [Ref Enq: 0.0 ms]
      [Redirty Cards: 0.7 ms]
      [Humongous Register: 0.1 ms]
      [Humongous Reclaim: 0.1 ms]
      [Free CSet: 0.1 ms]
   [Eden: 101376.0K(101376.0K)->0.0B(850.0M) Survivors: 3072.0K->13312.0K Heap: 922.8M(2048.0M)->768.9M(2048.0M)]
 [Times: user=0.05 sys=0.01, real=0.01 secs] 
2021-01-22T00:58:54.880+0800: 27.916: [GC pause (G1 Humongous Allocation) (young) (initial-mark), 0.0179962 secs]
   [Parallel Time: 12.7 ms, GC Workers: 8]
      [GC Worker Start (ms): Min: 27916.2, Avg: 27916.4, Max: 27916.6, Diff: 0.3]
      [Ext Root Scanning (ms): Min: 0.0, Avg: 0.3, Max: 0.5, Diff: 0.5, Sum: 2.7]
      [Update RS (ms): Min: 4.2, Avg: 4.3, Max: 4.4, Diff: 0.3, Sum: 34.4]
         [Processed Buffers: Min: 64, Avg: 66.1, Max: 67, Diff: 3, Sum: 529]
      [Scan RS (ms): Min: 0.0, Avg: 0.0, Max: 0.0, Diff: 0.0, Sum: 0.2]
      [Code Root Scanning (ms): Min: 0.0, Avg: 0.0, Max: 0.0, Diff: 0.0, Sum: 0.0]
      [Object Copy (ms): Min: 6.0, Avg: 6.2, Max: 7.1, Diff: 1.1, Sum: 49.5]
      [Termination (ms): Min: 0.0, Avg: 1.0, Max: 1.2, Diff: 1.2, Sum: 7.8]
         [Termination Attempts: Min: 1, Avg: 1.4, Max: 2, Diff: 1, Sum: 11]
      [GC Worker Other (ms): Min: 0.0, Avg: 0.0, Max: 0.0, Diff: 0.0, Sum: 0.1]
      [GC Worker Total (ms): Min: 11.7, Avg: 11.8, Max: 12.0, Diff: 0.3, Sum: 94.7]
      [GC Worker End (ms): Min: 27928.2, Avg: 27928.2, Max: 27928.3, Diff: 0.1]
   [Code Root Fixup: 0.0 ms]
   [Code Root Purge: 0.0 ms]
   [Clear CT: 1.3 ms]
   [Other: 4.0 ms]
      [Choose CSet: 0.0 ms]
      [Ref Proc: 2.5 ms]
      [Ref Enq: 0.0 ms]
      [Redirty Cards: 0.8 ms]
      [Humongous Register: 0.1 ms]
      [Humongous Reclaim: 0.2 ms]
      [Free CSet: 0.1 ms]
   [Eden: 221.0M(850.0M)->0.0B(777.0M) Survivors: 13312.0K->74752.0K Heap: 1054.3M(2048.0M)->832.2M(2048.0M)]
 [Times: user=0.11 sys=0.00, real=0.02 secs] 
2021-01-22T00:58:54.899+0800: 27.935: [GC concurrent-root-region-scan-start]
2021-01-22T00:58:54.899+0800: 27.935: [GC concurrent-root-region-scan-end, 0.0002060 secs]
2021-01-22T00:58:54.899+0800: 27.935: [GC concurrent-mark-start]
2021-01-22T00:58:54.902+0800: 27.938: [GC concurrent-mark-end, 0.0029549 secs]
2021-01-22T00:58:54.902+0800: 27.938: [GC remark 2021-01-22T00:58:54.903+0800: 27.939: [Finalize Marking, 0.0016698 secs] 2021-01-22T00:58:54.905+0800: 27.941: [GC ref-proc, 0.0004707 secs] 2021-01-22T00:58:54.905+0800: 27.941: [Unloading, 0.0015366 secs], 0.0064273 secs]
 [Times: user=0.02 sys=0.00, real=0.01 secs] 
2021-01-22T00:58:54.910+0800: 27.945: [GC cleanup 858M->723M(2048M), 0.0038798 secs]
 [Times: user=0.01 sys=0.00, real=0.00 secs] 
2021-01-22T00:58:54.914+0800: 27.950: [GC concurrent-cleanup-start]
2021-01-22T00:58:54.914+0800: 27.950: [GC concurrent-cleanup-end, 0.0001150 secs]
2021-01-22T00:58:55.039+0800: 28.075: [GC pause (G1 Evacuation Pause) (young), 0.0349546 secs]
   [Parallel Time: 31.3 ms, GC Workers: 8]
      [GC Worker Start (ms): Min: 28075.4, Avg: 28075.7, Max: 28075.9, Diff: 0.4]
      [Ext Root Scanning (ms): Min: 0.0, Avg: 0.1, Max: 0.3, Diff: 0.3, Sum: 0.5]
      [Update RS (ms): Min: 12.8, Avg: 12.9, Max: 13.0, Diff: 0.2, Sum: 103.6]
         [Processed Buffers: Min: 144, Avg: 189.2, Max: 201, Diff: 57, Sum: 1514]
      [Scan RS (ms): Min: 0.1, Avg: 0.1, Max: 0.1, Diff: 0.1, Sum: 0.9]
      [Code Root Scanning (ms): Min: 0.0, Avg: 0.0, Max: 0.0, Diff: 0.0, Sum: 0.0]
      [Object Copy (ms): Min: 16.7, Avg: 16.8, Max: 17.2, Diff: 0.5, Sum: 134.6]
      [Termination (ms): Min: 0.0, Avg: 0.4, Max: 0.5, Diff: 0.5, Sum: 3.3]
         [Termination Attempts: Min: 1, Avg: 1.0, Max: 1, Diff: 0, Sum: 8]
      [GC Worker Other (ms): Min: 0.0, Avg: 0.0, Max: 0.0, Diff: 0.0, Sum: 0.1]
      [GC Worker Total (ms): Min: 30.2, Avg: 30.4, Max: 30.6, Diff: 0.4, Sum: 243.0]
      [GC Worker End (ms): Min: 28106.0, Avg: 28106.0, Max: 28106.1, Diff: 0.1]
   [Code Root Fixup: 0.0 ms]
   [Code Root Purge: 0.0 ms]
   [Clear CT: 0.6 ms]
   [Other: 3.1 ms]
      [Choose CSet: 0.0 ms]
      [Ref Proc: 0.8 ms]
      [Ref Enq: 0.0 ms]
      [Redirty Cards: 1.4 ms]
      [Humongous Register: 0.2 ms]
      [Humongous Reclaim: 0.2 ms]
      [Free CSet: 0.3 ms]
   [Eden: 777.0M(777.0M)->0.0B(7168.0K) Survivors: 74752.0K->107.0M Heap: 1662.2M(2048.0M)->804.4M(2048.0M)]
 [Times: user=0.25 sys=0.00, real=0.03 secs] 
2021-01-22T00:58:55.076+0800: 28.112: [GC pause (G1 Evacuation Pause) (mixed), 0.0176963 secs]
   [Parallel Time: 12.3 ms, GC Workers: 8]
      [GC Worker Start (ms): Min: 28112.3, Avg: 28112.4, Max: 28112.6, Diff: 0.3]
      [Ext Root Scanning (ms): Min: 0.0, Avg: 0.1, Max: 0.2, Diff: 0.2, Sum: 0.5]
      [Update RS (ms): Min: 0.1, Avg: 0.2, Max: 0.2, Diff: 0.2, Sum: 1.3]
         [Processed Buffers: Min: 1, Avg: 2.4, Max: 3, Diff: 2, Sum: 19]
      [Scan RS (ms): Min: 0.0, Avg: 0.1, Max: 0.1, Diff: 0.1, Sum: 0.6]
      [Code Root Scanning (ms): Min: 0.0, Avg: 0.0, Max: 0.0, Diff: 0.0, Sum: 0.0]
      [Object Copy (ms): Min: 10.7, Avg: 10.8, Max: 11.1, Diff: 0.4, Sum: 86.7]
      [Termination (ms): Min: 0.0, Avg: 0.3, Max: 0.4, Diff: 0.4, Sum: 2.5]
         [Termination Attempts: Min: 1, Avg: 1.0, Max: 1, Diff: 0, Sum: 8]
      [GC Worker Other (ms): Min: 0.0, Avg: 0.0, Max: 0.0, Diff: 0.0, Sum: 0.1]
      [GC Worker Total (ms): Min: 11.3, Avg: 11.5, Max: 11.6, Diff: 0.3, Sum: 91.8]
      [GC Worker End (ms): Min: 28123.9, Avg: 28123.9, Max: 28123.9, Diff: 0.0]
   [Code Root Fixup: 0.0 ms]
   [Code Root Purge: 0.0 ms]
   [Clear CT: 1.0 ms]
   [Other: 4.4 ms]
      [Choose CSet: 0.1 ms]
      [Ref Proc: 3.0 ms]
      [Ref Enq: 0.0 ms]
      [Redirty Cards: 0.8 ms]
      [Humongous Register: 0.1 ms]
      [Humongous Reclaim: 0.1 ms]
      [Free CSet: 0.2 ms]
   [Eden: 7168.0K(7168.0K)->0.0B(100.0M) Survivors: 107.0M->2048.0K Heap: 812.6M(2048.0M)->615.8M(2048.0M)]
 [Times: user=0.12 sys=0.00, real=0.02 secs] 
2021-01-22T00:58:55.109+0800: 28.145: [GC pause (G1 Evacuation Pause) (mixed), 0.0135605 secs]
   [Parallel Time: 9.4 ms, GC Workers: 8]
      [GC Worker Start (ms): Min: 28145.7, Avg: 28145.8, Max: 28146.0, Diff: 0.3]
      [Ext Root Scanning (ms): Min: 0.0, Avg: 0.1, Max: 0.2, Diff: 0.2, Sum: 0.6]
      [Update RS (ms): Min: 1.7, Avg: 2.4, Max: 7.2, Diff: 5.5, Sum: 19.3]
         [Processed Buffers: Min: 1, Avg: 23.8, Max: 29, Diff: 28, Sum: 190]
      [Scan RS (ms): Min: 0.0, Avg: 0.0, Max: 0.1, Diff: 0.1, Sum: 0.4]
      [Code Root Scanning (ms): Min: 0.0, Avg: 0.0, Max: 0.0, Diff: 0.0, Sum: 0.0]
      [Object Copy (ms): Min: 0.0, Avg: 2.9, Max: 4.3, Diff: 4.3, Sum: 23.1]
      [Termination (ms): Min: 1.1, Avg: 3.0, Max: 3.5, Diff: 2.4, Sum: 24.1]
         [Termination Attempts: Min: 1, Avg: 2.0, Max: 3, Diff: 2, Sum: 16]
      [GC Worker Other (ms): Min: 0.0, Avg: 0.0, Max: 0.0, Diff: 0.0, Sum: 0.1]
      [GC Worker Total (ms): Min: 8.3, Avg: 8.4, Max: 8.6, Diff: 0.3, Sum: 67.6]
      [GC Worker End (ms): Min: 28154.3, Avg: 28154.3, Max: 28154.4, Diff: 0.1]
   [Code Root Fixup: 0.0 ms]
   [Code Root Purge: 0.0 ms]
   [Clear CT: 0.7 ms]
   [Other: 3.5 ms]
      [Choose CSet: 0.0 ms]
      [Ref Proc: 2.0 ms]
      [Ref Enq: 0.0 ms]
      [Redirty Cards: 0.8 ms]
      [Humongous Register: 0.1 ms]
      [Humongous Reclaim: 0.1 ms]
      [Free CSet: 0.1 ms]
   [Eden: 100.0M(100.0M)->0.0B(957.0M) Survivors: 2048.0K->13312.0K Heap: 738.3M(2048.0M)->614.6M(2048.0M)]
 [Times: user=0.08 sys=0.00, real=0.01 secs] 
2021-01-22T00:58:55.219+0800: 28.255: [GC pause (G1 Humongous Allocation) (young) (initial-mark), 0.0284684 secs]
   [Parallel Time: 25.7 ms, GC Workers: 8]
      [GC Worker Start (ms): Min: 28254.9, Avg: 28255.1, Max: 28255.3, Diff: 0.4]
      [Ext Root Scanning (ms): Min: 0.0, Avg: 0.3, Max: 0.6, Diff: 0.6, Sum: 2.8]
      [Update RS (ms): Min: 11.7, Avg: 12.0, Max: 12.5, Diff: 0.8, Sum: 96.0]
         [Processed Buffers: Min: 151, Avg: 168.6, Max: 184, Diff: 33, Sum: 1349]
      [Scan RS (ms): Min: 0.0, Avg: 0.1, Max: 0.4, Diff: 0.4, Sum: 1.1]
      [Code Root Scanning (ms): Min: 0.0, Avg: 0.0, Max: 0.0, Diff: 0.0, Sum: 0.0]
      [Object Copy (ms): Min: 12.1, Avg: 12.5, Max: 12.7, Diff: 0.6, Sum: 100.3]
      [Termination (ms): Min: 0.0, Avg: 0.0, Max: 0.1, Diff: 0.1, Sum: 0.3]
         [Termination Attempts: Min: 1, Avg: 1.0, Max: 1, Diff: 0, Sum: 8]
      [GC Worker Other (ms): Min: 0.0, Avg: 0.0, Max: 0.1, Diff: 0.1, Sum: 0.3]
      [GC Worker Total (ms): Min: 24.9, Avg: 25.1, Max: 25.3, Diff: 0.4, Sum: 200.8]
      [GC Worker End (ms): Min: 28280.2, Avg: 28280.2, Max: 28280.3, Diff: 0.1]
   [Code Root Fixup: 0.0 ms]
   [Code Root Purge: 0.0 ms]
   [Clear CT: 0.7 ms]
   [Other: 2.1 ms]
      [Choose CSet: 0.0 ms]
      [Ref Proc: 0.5 ms]
      [Ref Enq: 0.0 ms]
      [Redirty Cards: 0.7 ms]
      [Humongous Register: 0.1 ms]
      [Humongous Reclaim: 0.2 ms]
      [Free CSet: 0.3 ms]
   [Eden: 651.0M(957.0M)->0.0B(831.0M) Survivors: 13312.0K->122.0M Heap: 1432.2M(2048.0M)->762.6M(2048.0M)]
 [Times: user=0.20 sys=0.00, real=0.02 secs] 
2021-01-22T00:58:55.248+0800: 28.284: [GC concurrent-root-region-scan-start]
2021-01-22T00:58:55.248+0800: 28.284: [GC concurrent-root-region-scan-end, 0.0002349 secs]
2021-01-22T00:58:55.248+0800: 28.284: [GC concurrent-mark-start]
2021-01-22T00:58:55.251+0800: 28.286: [GC concurrent-mark-end, 0.0023560 secs]
2021-01-22T00:58:55.251+0800: 28.287: [GC remark 2021-01-22T00:58:55.251+0800: 28.287: [Finalize Marking, 0.0009505 secs] 2021-01-22T00:58:55.252+0800: 28.288: [GC ref-proc, 0.0004600 secs] 2021-01-22T00:58:55.253+0800: 28.289: [Unloading, 0.0011478 secs], 0.0048098 secs]
 [Times: user=0.01 sys=0.00, real=0.00 secs] 
2021-01-22T00:58:55.256+0800: 28.292: [GC cleanup 790M->673M(2048M), 0.0031182 secs]
 [Times: user=0.01 sys=0.00, real=0.01 secs] 
2021-01-22T00:58:55.260+0800: 28.296: [GC concurrent-cleanup-start]
2021-01-22T00:58:55.260+0800: 28.296: [GC concurrent-cleanup-end, 0.0000696 secs]
2021-01-22T00:58:55.374+0800: 28.410: [GC pause (G1 Evacuation Pause) (young) (to-space exhausted), 0.0386815 secs]
   [Parallel Time: 33.9 ms, GC Workers: 8]
      [GC Worker Start (ms): Min: 28410.1, Avg: 28410.2, Max: 28410.5, Diff: 0.4]
      [Ext Root Scanning (ms): Min: 0.0, Avg: 0.1, Max: 0.2, Diff: 0.2, Sum: 0.5]
      [Update RS (ms): Min: 16.8, Avg: 17.1, Max: 17.7, Diff: 0.9, Sum: 136.4]
         [Processed Buffers: Min: 207, Avg: 232.6, Max: 256, Diff: 49, Sum: 1861]
      [Scan RS (ms): Min: 0.1, Avg: 0.8, Max: 5.5, Diff: 5.3, Sum: 6.5]
      [Code Root Scanning (ms): Min: 0.0, Avg: 0.0, Max: 0.0, Diff: 0.0, Sum: 0.0]
      [Object Copy (ms): Min: 8.3, Avg: 13.6, Max: 15.9, Diff: 7.6, Sum: 109.1]
      [Termination (ms): Min: 0.0, Avg: 1.5, Max: 1.8, Diff: 1.8, Sum: 12.0]
         [Termination Attempts: Min: 1, Avg: 1.0, Max: 1, Diff: 0, Sum: 8]
      [GC Worker Other (ms): Min: 0.0, Avg: 0.0, Max: 0.0, Diff: 0.0, Sum: 0.1]
      [GC Worker Total (ms): Min: 32.8, Avg: 33.1, Max: 33.3, Diff: 0.5, Sum: 264.7]
      [GC Worker End (ms): Min: 28443.3, Avg: 28443.3, Max: 28443.4, Diff: 0.1]
   [Code Root Fixup: 0.0 ms]
   [Code Root Purge: 0.0 ms]
   [Clear CT: 1.1 ms]
   [Other: 3.7 ms]
      [Evacuation Failure: 0.8 ms]
      [Choose CSet: 0.0 ms]
      [Ref Proc: 0.4 ms]
      [Ref Enq: 0.0 ms]
      [Redirty Cards: 1.2 ms]
      [Humongous Register: 0.3 ms]
      [Humongous Reclaim: 0.5 ms]
      [Free CSet: 0.3 ms]
   [Eden: 831.0M(831.0M)->0.0B(7168.0K) Survivors: 122.0M->117.0M Heap: 1708.0M(2048.0M)->995.4M(2048.0M)]
 [Times: user=0.27 sys=0.01, real=0.04 secs] 
2021-01-22T00:58:55.415+0800: 28.451: [GC pause (G1 Evacuation Pause) (mixed), 0.0201375 secs]
   [Parallel Time: 13.9 ms, GC Workers: 8]
      [GC Worker Start (ms): Min: 28451.3, Avg: 28452.8, Max: 28458.8, Diff: 7.5]
      [Ext Root Scanning (ms): Min: 0.0, Avg: 0.1, Max: 0.3, Diff: 0.3, Sum: 0.5]
      [Update RS (ms): Min: 0.0, Avg: 0.2, Max: 0.3, Diff: 0.3, Sum: 1.4]
         [Processed Buffers: Min: 0, Avg: 3.1, Max: 6, Diff: 6, Sum: 25]
      [Scan RS (ms): Min: 0.1, Avg: 0.1, Max: 0.2, Diff: 0.1, Sum: 1.0]
      [Code Root Scanning (ms): Min: 0.0, Avg: 0.0, Max: 0.0, Diff: 0.0, Sum: 0.0]
      [Object Copy (ms): Min: 5.6, Avg: 10.8, Max: 12.3, Diff: 6.7, Sum: 86.2]
      [Termination (ms): Min: 0.0, Avg: 0.7, Max: 0.9, Diff: 0.9, Sum: 5.6]
         [Termination Attempts: Min: 1, Avg: 2.1, Max: 4, Diff: 3, Sum: 17]
      [GC Worker Other (ms): Min: 0.0, Avg: 0.0, Max: 0.0, Diff: 0.0, Sum: 0.1]
      [GC Worker Total (ms): Min: 5.8, Avg: 11.9, Max: 13.3, Diff: 7.5, Sum: 94.9]
      [GC Worker End (ms): Min: 28464.6, Avg: 28464.6, Max: 28464.6, Diff: 0.1]
   [Code Root Fixup: 0.0 ms]
   [Code Root Purge: 0.0 ms]
   [Clear CT: 1.0 ms]
   [Other: 5.2 ms]
      [Choose CSet: 0.1 ms]
      [Ref Proc: 3.4 ms]
      [Ref Enq: 0.0 ms]
      [Redirty Cards: 1.0 ms]
      [Humongous Register: 0.1 ms]
      [Humongous Reclaim: 0.1 ms]
      [Free CSet: 0.3 ms]
   [Eden: 7168.0K(7168.0K)->0.0B(778.0M) Survivors: 117.0M->2048.0K Heap: 1003.6M(2048.0M)->829.6M(2048.0M)]
 [Times: user=0.11 sys=0.01, real=0.02 secs] 
2021-01-22T00:58:55.452+0800: 28.488: [GC pause (G1 Humongous Allocation) (young) (initial-mark), 0.0077756 secs]
   [Parallel Time: 4.7 ms, GC Workers: 8]
      [GC Worker Start (ms): Min: 28488.6, Avg: 28488.8, Max: 28489.0, Diff: 0.4]
      [Ext Root Scanning (ms): Min: 0.1, Avg: 0.4, Max: 0.6, Diff: 0.5, Sum: 3.1]
      [Update RS (ms): Min: 1.2, Avg: 1.3, Max: 1.4, Diff: 0.2, Sum: 10.4]
         [Processed Buffers: Min: 12, Avg: 19.1, Max: 22, Diff: 10, Sum: 153]
      [Scan RS (ms): Min: 0.0, Avg: 0.0, Max: 0.0, Diff: 0.0, Sum: 0.1]
      [Code Root Scanning (ms): Min: 0.0, Avg: 0.0, Max: 0.0, Diff: 0.0, Sum: 0.0]
      [Object Copy (ms): Min: 2.6, Avg: 2.6, Max: 2.6, Diff: 0.1, Sum: 20.8]
      [Termination (ms): Min: 0.0, Avg: 0.0, Max: 0.1, Diff: 0.1, Sum: 0.3]
         [Termination Attempts: Min: 1, Avg: 1.5, Max: 2, Diff: 1, Sum: 12]
      [GC Worker Other (ms): Min: 0.0, Avg: 0.0, Max: 0.0, Diff: 0.0, Sum: 0.1]
      [GC Worker Total (ms): Min: 4.2, Avg: 4.4, Max: 4.6, Diff: 0.4, Sum: 34.9]
      [GC Worker End (ms): Min: 28493.2, Avg: 28493.2, Max: 28493.2, Diff: 0.0]
   [Code Root Fixup: 0.0 ms]
   [Code Root Purge: 0.0 ms]
   [Clear CT: 1.0 ms]
   [Other: 2.0 ms]
      [Choose CSet: 0.0 ms]
      [Ref Proc: 0.5 ms]
      [Ref Enq: 0.0 ms]
      [Redirty Cards: 0.9 ms]
      [Humongous Register: 0.1 ms]
      [Humongous Reclaim: 0.1 ms]
      [Free CSet: 0.1 ms]
   [Eden: 101376.0K(778.0M)->0.0B(764.0M) Survivors: 2048.0K->34816.0K Heap: 946.5M(2048.0M)->854.0M(2048.0M)]
 [Times: user=0.03 sys=0.01, real=0.01 secs] 
2021-01-22T00:58:55.461+0800: 28.497: [GC concurrent-root-region-scan-start]
2021-01-22T00:58:55.461+0800: 28.497: [GC concurrent-root-region-scan-end, 0.0002762 secs]
2021-01-22T00:58:55.461+0800: 28.497: [GC concurrent-mark-start]
2021-01-22T00:58:55.465+0800: 28.501: [GC concurrent-mark-end, 0.0037144 secs]
2021-01-22T00:58:55.465+0800: 28.501: [GC remark 2021-01-22T00:58:55.466+0800: 28.502: [Finalize Marking, 0.0014080 secs] 2021-01-22T00:58:55.467+0800: 28.503: [GC ref-proc, 0.0004726 secs] 2021-01-22T00:58:55.468+0800: 28.504: [Unloading, 0.0011280 secs], 0.0056453 secs]
 [Times: user=0.00 sys=0.01, real=0.01 secs] 
2021-01-22T00:58:55.472+0800: 28.508: [GC cleanup 875M->795M(2048M), 0.0035397 secs]
 [Times: user=0.01 sys=0.00, real=0.00 secs] 
2021-01-22T00:58:55.476+0800: 28.512: [GC concurrent-cleanup-start]
2021-01-22T00:58:55.476+0800: 28.512: [GC concurrent-cleanup-end, 0.0000500 secs]
2021-01-22T00:58:55.592+0800: 28.628: [GC pause (G1 Evacuation Pause) (young) (to-space exhausted), 0.0406791 secs]
   [Parallel Time: 34.6 ms, GC Workers: 8]
      [GC Worker Start (ms): Min: 28628.0, Avg: 28628.2, Max: 28628.4, Diff: 0.3]
      [Ext Root Scanning (ms): Min: 0.0, Avg: 0.1, Max: 0.2, Diff: 0.2, Sum: 0.5]
      [Update RS (ms): Min: 16.4, Avg: 16.6, Max: 16.8, Diff: 0.4, Sum: 132.6]
         [Processed Buffers: Min: 182, Avg: 206.1, Max: 235, Diff: 53, Sum: 1649]
      [Scan RS (ms): Min: 0.0, Avg: 0.1, Max: 0.1, Diff: 0.1, Sum: 0.8]
      [Code Root Scanning (ms): Min: 0.0, Avg: 0.0, Max: 0.0, Diff: 0.0, Sum: 0.0]
      [Object Copy (ms): Min: 12.3, Avg: 13.3, Max: 17.2, Diff: 4.8, Sum: 106.3]
      [Termination (ms): Min: 0.0, Avg: 3.8, Max: 4.6, Diff: 4.6, Sum: 30.6]
         [Termination Attempts: Min: 1, Avg: 1.0, Max: 1, Diff: 0, Sum: 8]
      [GC Worker Other (ms): Min: 0.0, Avg: 0.0, Max: 0.0, Diff: 0.0, Sum: 0.1]
      [GC Worker Total (ms): Min: 33.7, Avg: 33.9, Max: 34.1, Diff: 0.4, Sum: 270.9]
      [GC Worker End (ms): Min: 28662.1, Avg: 28662.1, Max: 28662.1, Diff: 0.0]
   [Code Root Fixup: 0.0 ms]
   [Code Root Purge: 0.0 ms]
   [Clear CT: 0.9 ms]
   [Other: 5.1 ms]
      [Evacuation Failure: 1.1 ms]
      [Choose CSet: 0.0 ms]
      [Ref Proc: 2.1 ms]
      [Ref Enq: 0.0 ms]
      [Redirty Cards: 0.8 ms]
      [Humongous Register: 0.2 ms]
      [Humongous Reclaim: 0.4 ms]
      [Free CSet: 0.4 ms]
   [Eden: 764.0M(764.0M)->0.0B(6144.0K) Survivors: 34816.0K->100.0M Heap: 1743.1M(2048.0M)->1086.9M(2048.0M)]
 [Times: user=0.29 sys=0.00, real=0.04 secs] 
2021-01-22T00:58:55.634+0800: 28.670: [GC pause (G1 Evacuation Pause) (mixed), 0.0178384 secs]
   [Parallel Time: 13.5 ms, GC Workers: 8]
      [GC Worker Start (ms): Min: 28670.7, Avg: 28671.2, Max: 28673.4, Diff: 2.7]
      [Ext Root Scanning (ms): Min: 0.0, Avg: 0.1, Max: 0.2, Diff: 0.2, Sum: 0.5]
      [Update RS (ms): Min: 0.0, Avg: 0.2, Max: 0.3, Diff: 0.3, Sum: 1.6]
         [Processed Buffers: Min: 0, Avg: 3.8, Max: 6, Diff: 6, Sum: 30]
      [Scan RS (ms): Min: 0.0, Avg: 0.1, Max: 0.2, Diff: 0.1, Sum: 0.7]
      [Code Root Scanning (ms): Min: 0.0, Avg: 0.0, Max: 0.0, Diff: 0.0, Sum: 0.0]
      [Object Copy (ms): Min: 7.3, Avg: 9.6, Max: 12.2, Diff: 4.9, Sum: 76.8]
      [Termination (ms): Min: 0.0, Avg: 2.3, Max: 2.7, Diff: 2.7, Sum: 18.2]
         [Termination Attempts: Min: 1, Avg: 1.0, Max: 1, Diff: 0, Sum: 8]
      [GC Worker Other (ms): Min: 0.0, Avg: 0.0, Max: 0.0, Diff: 0.0, Sum: 0.1]
      [GC Worker Total (ms): Min: 10.0, Avg: 12.2, Max: 12.7, Diff: 2.7, Sum: 98.0]
      [GC Worker End (ms): Min: 28683.4, Avg: 28683.4, Max: 28683.5, Diff: 0.1]
   [Code Root Fixup: 0.0 ms]
   [Code Root Purge: 0.0 ms]
   [Clear CT: 1.2 ms]
   [Other: 3.1 ms]
      [Choose CSet: 0.1 ms]
      [Ref Proc: 1.5 ms]
      [Ref Enq: 0.0 ms]
      [Redirty Cards: 1.1 ms]
      [Humongous Register: 0.1 ms]
      [Humongous Reclaim: 0.0 ms]
      [Free CSet: 0.2 ms]
   [Eden: 6144.0K(6144.0K)->0.0B(100.0M) Survivors: 100.0M->2048.0K Heap: 1094.8M(2048.0M)->890.5M(2048.0M)]
 [Times: user=0.10 sys=0.01, real=0.02 secs] 
2021-01-22T00:58:55.669+0800: 28.705: [GC pause (G1 Evacuation Pause) (mixed), 0.0088814 secs]
   [Parallel Time: 6.2 ms, GC Workers: 8]
      [GC Worker Start (ms): Min: 28705.1, Avg: 28705.5, Max: 28707.1, Diff: 2.0]
      [Ext Root Scanning (ms): Min: 0.0, Avg: 0.1, Max: 0.2, Diff: 0.2, Sum: 0.5]
      [Update RS (ms): Min: 0.0, Avg: 1.5, Max: 1.7, Diff: 1.7, Sum: 11.7]
         [Processed Buffers: Min: 0, Avg: 22.5, Max: 28, Diff: 28, Sum: 180]
      [Scan RS (ms): Min: 0.0, Avg: 0.0, Max: 0.1, Diff: 0.1, Sum: 0.4]
      [Code Root Scanning (ms): Min: 0.0, Avg: 0.0, Max: 0.0, Diff: 0.0, Sum: 0.0]
      [Object Copy (ms): Min: 3.9, Avg: 3.9, Max: 4.0, Diff: 0.1, Sum: 31.6]
      [Termination (ms): Min: 0.0, Avg: 0.0, Max: 0.1, Diff: 0.1, Sum: 0.3]
         [Termination Attempts: Min: 1, Avg: 1.0, Max: 1, Diff: 0, Sum: 8]
      [GC Worker Other (ms): Min: 0.0, Avg: 0.0, Max: 0.0, Diff: 0.0, Sum: 0.1]
      [GC Worker Total (ms): Min: 3.9, Avg: 5.6, Max: 5.9, Diff: 2.0, Sum: 44.5]
      [GC Worker End (ms): Min: 28711.1, Avg: 28711.1, Max: 28711.1, Diff: 0.0]
   [Code Root Fixup: 0.0 ms]
   [Code Root Purge: 0.0 ms]
   [Clear CT: 0.6 ms]
   [Other: 2.1 ms]
      [Choose CSet: 0.0 ms]
      [Ref Proc: 0.7 ms]
      [Ref Enq: 0.0 ms]
      [Redirty Cards: 0.7 ms]
      [Humongous Register: 0.1 ms]
      [Humongous Reclaim: 0.2 ms]
      [Free CSet: 0.1 ms]
   [Eden: 100.0M(100.0M)->0.0B(818.0M) Survivors: 2048.0K->13312.0K Heap: 1011.8M(2048.0M)->792.4M(2048.0M)]
 [Times: user=0.05 sys=0.00, real=0.01 secs] 
2021-01-22T00:58:55.724+0800: 28.760: [GC pause (G1 Humongous Allocation) (young) (initial-mark), 0.0154571 secs]
   [Parallel Time: 13.4 ms, GC Workers: 8]
      [GC Worker Start (ms): Min: 28760.4, Avg: 28760.5, Max: 28760.7, Diff: 0.3]
      [Ext Root Scanning (ms): Min: 0.0, Avg: 1.8, Max: 4.9, Diff: 4.9, Sum: 14.8]
      [Update RS (ms): Min: 0.0, Avg: 3.0, Max: 4.7, Diff: 4.7, Sum: 24.0]
         [Processed Buffers: Min: 0, Avg: 50.2, Max: 79, Diff: 79, Sum: 402]
      [Scan RS (ms): Min: 0.0, Avg: 0.0, Max: 0.0, Diff: 0.0, Sum: 0.2]
      [Code Root Scanning (ms): Min: 0.0, Avg: 0.0, Max: 0.0, Diff: 0.0, Sum: 0.0]
      [Object Copy (ms): Min: 5.8, Avg: 6.2, Max: 8.0, Diff: 2.2, Sum: 49.4]
      [Termination (ms): Min: 0.0, Avg: 1.8, Max: 2.2, Diff: 2.2, Sum: 14.7]
         [Termination Attempts: Min: 1, Avg: 1.0, Max: 1, Diff: 0, Sum: 8]
      [GC Worker Other (ms): Min: 0.0, Avg: 0.0, Max: 0.0, Diff: 0.0, Sum: 0.1]
      [GC Worker Total (ms): Min: 12.7, Avg: 12.9, Max: 13.1, Diff: 0.3, Sum: 103.2]
      [GC Worker End (ms): Min: 28773.4, Avg: 28773.4, Max: 28773.5, Diff: 0.1]
   [Code Root Fixup: 0.0 ms]
   [Code Root Purge: 0.0 ms]
   [Clear CT: 0.5 ms]
   [Other: 1.6 ms]
      [Choose CSet: 0.0 ms]
      [Ref Proc: 0.6 ms]
      [Ref Enq: 0.0 ms]
      [Redirty Cards: 0.4 ms]
      [Humongous Register: 0.1 ms]
      [Humongous Reclaim: 0.1 ms]
      [Free CSet: 0.1 ms]
   [Eden: 195.0M(818.0M)->0.0B(749.0M) Survivors: 13312.0K->69632.0K Heap: 1035.8M(2048.0M)->848.6M(2048.0M)]
 [Times: user=0.09 sys=0.00, real=0.02 secs] 
2021-01-22T00:58:55.740+0800: 28.776: [GC concurrent-root-region-scan-start]
2021-01-22T00:58:55.740+0800: 28.776: [GC concurrent-root-region-scan-end, 0.0001975 secs]
2021-01-22T00:58:55.740+0800: 28.776: [GC concurrent-mark-start]
2021-01-22T00:58:55.743+0800: 28.779: [GC concurrent-mark-end, 0.0031524 secs]
2021-01-22T00:58:55.744+0800: 28.780: [GC remark 2021-01-22T00:58:55.744+0800: 28.780: [Finalize Marking, 0.0006947 secs] 2021-01-22T00:58:55.745+0800: 28.781: [GC ref-proc, 0.0004336 secs] 2021-01-22T00:58:55.745+0800: 28.781: [Unloading, 0.0005561 secs], 0.0034428 secs]
 [Times: user=0.01 sys=0.00, real=0.00 secs] 
2021-01-22T00:58:55.748+0800: 28.783: [GC cleanup 882M->736M(2048M), 0.0022271 secs]
 [Times: user=0.01 sys=0.00, real=0.01 secs] 
2021-01-22T00:58:55.750+0800: 28.786: [GC concurrent-cleanup-start]
2021-01-22T00:58:55.750+0800: 28.786: [GC concurrent-cleanup-end, 0.0000966 secs]
2021-01-22T00:58:55.852+0800: 28.888: [GC pause (G1 Evacuation Pause) (young), 0.0334832 secs]
   [Parallel Time: 29.8 ms, GC Workers: 8]
      [GC Worker Start (ms): Min: 28888.3, Avg: 28888.4, Max: 28888.6, Diff: 0.3]
      [Ext Root Scanning (ms): Min: 0.0, Avg: 0.1, Max: 0.2, Diff: 0.2, Sum: 0.5]
      [Update RS (ms): Min: 13.2, Avg: 13.3, Max: 13.3, Diff: 0.1, Sum: 106.3]
         [Processed Buffers: Min: 188, Avg: 198.4, Max: 203, Diff: 15, Sum: 1587]
      [Scan RS (ms): Min: 0.1, Avg: 0.1, Max: 0.1, Diff: 0.0, Sum: 0.9]
      [Code Root Scanning (ms): Min: 0.0, Avg: 0.0, Max: 0.0, Diff: 0.0, Sum: 0.0]
      [Object Copy (ms): Min: 15.3, Avg: 15.4, Max: 15.4, Diff: 0.1, Sum: 123.0]
      [Termination (ms): Min: 0.0, Avg: 0.1, Max: 0.1, Diff: 0.1, Sum: 0.5]
         [Termination Attempts: Min: 1, Avg: 1.0, Max: 1, Diff: 0, Sum: 8]
      [GC Worker Other (ms): Min: 0.0, Avg: 0.0, Max: 0.0, Diff: 0.0, Sum: 0.1]
      [GC Worker Total (ms): Min: 28.8, Avg: 28.9, Max: 29.1, Diff: 0.3, Sum: 231.3]
      [GC Worker End (ms): Min: 28917.3, Avg: 28917.3, Max: 28917.4, Diff: 0.0]
   [Code Root Fixup: 0.0 ms]
   [Code Root Purge: 0.0 ms]
   [Clear CT: 0.9 ms]
   [Other: 2.8 ms]
      [Choose CSet: 0.0 ms]
      [Ref Proc: 1.0 ms]
      [Ref Enq: 0.0 ms]
      [Redirty Cards: 1.0 ms]
      [Humongous Register: 0.2 ms]
      [Humongous Reclaim: 0.3 ms]
      [Free CSet: 0.3 ms]
   [Eden: 749.0M(749.0M)->0.0B(6144.0K) Survivors: 69632.0K->103.0M Heap: 1648.7M(2048.0M)->816.5M(2048.0M)]
 [Times: user=0.23 sys=0.00, real=0.03 secs] 
2021-01-22T00:58:55.887+0800: 28.923: [GC pause (G1 Evacuation Pause) (mixed), 0.0133064 secs]
   [Parallel Time: 10.6 ms, GC Workers: 8]
      [GC Worker Start (ms): Min: 28923.4, Avg: 28923.5, Max: 28923.7, Diff: 0.3]
      [Ext Root Scanning (ms): Min: 0.0, Avg: 0.1, Max: 0.2, Diff: 0.2, Sum: 0.5]
      [Update RS (ms): Min: 0.1, Avg: 0.1, Max: 0.1, Diff: 0.1, Sum: 0.8]
         [Processed Buffers: Min: 1, Avg: 1.8, Max: 3, Diff: 2, Sum: 14]
      [Scan RS (ms): Min: 0.0, Avg: 0.1, Max: 0.1, Diff: 0.0, Sum: 0.4]
      [Code Root Scanning (ms): Min: 0.0, Avg: 0.0, Max: 0.0, Diff: 0.0, Sum: 0.0]
      [Object Copy (ms): Min: 9.9, Avg: 10.0, Max: 10.0, Diff: 0.1, Sum: 79.7]
      [Termination (ms): Min: 0.0, Avg: 0.1, Max: 0.1, Diff: 0.1, Sum: 0.6]
         [Termination Attempts: Min: 1, Avg: 1.0, Max: 1, Diff: 0, Sum: 8]
      [GC Worker Other (ms): Min: 0.0, Avg: 0.0, Max: 0.0, Diff: 0.0, Sum: 0.0]
      [GC Worker Total (ms): Min: 10.1, Avg: 10.3, Max: 10.4, Diff: 0.3, Sum: 82.0]
      [GC Worker End (ms): Min: 28933.8, Avg: 28933.8, Max: 28933.8, Diff: 0.0]
   [Code Root Fixup: 0.0 ms]
   [Code Root Purge: 0.0 ms]
   [Clear CT: 1.0 ms]
   [Other: 1.7 ms]
      [Choose CSet: 0.1 ms]
      [Ref Proc: 0.3 ms]
      [Ref Enq: 0.0 ms]
      [Redirty Cards: 0.8 ms]
      [Humongous Register: 0.1 ms]
      [Humongous Reclaim: 0.1 ms]
      [Free CSet: 0.2 ms]
   [Eden: 6144.0K(6144.0K)->0.0B(101376.0K) Survivors: 103.0M->3072.0K Heap: 823.1M(2048.0M)->628.5M(2048.0M)]
 [Times: user=0.08 sys=0.01, real=0.02 secs] 
2021-01-22T00:58:55.916+0800: 28.952: [GC pause (G1 Evacuation Pause) (mixed), 0.0085195 secs]
   [Parallel Time: 6.0 ms, GC Workers: 8]
      [GC Worker Start (ms): Min: 28952.2, Avg: 28952.4, Max: 28952.5, Diff: 0.4]
      [Ext Root Scanning (ms): Min: 0.0, Avg: 0.1, Max: 0.3, Diff: 0.3, Sum: 0.6]
      [Update RS (ms): Min: 2.1, Avg: 2.2, Max: 2.2, Diff: 0.1, Sum: 17.3]
         [Processed Buffers: Min: 32, Avg: 32.8, Max: 34, Diff: 2, Sum: 262]
      [Scan RS (ms): Min: 0.0, Avg: 0.0, Max: 0.1, Diff: 0.1, Sum: 0.3]
      [Code Root Scanning (ms): Min: 0.0, Avg: 0.0, Max: 0.0, Diff: 0.0, Sum: 0.0]
      [Object Copy (ms): Min: 3.0, Avg: 3.1, Max: 3.1, Diff: 0.1, Sum: 24.4]
      [Termination (ms): Min: 0.0, Avg: 0.0, Max: 0.0, Diff: 0.0, Sum: 0.1]
         [Termination Attempts: Min: 1, Avg: 1.4, Max: 3, Diff: 2, Sum: 11]
      [GC Worker Other (ms): Min: 0.0, Avg: 0.0, Max: 0.0, Diff: 0.0, Sum: 0.1]
      [GC Worker Total (ms): Min: 5.2, Avg: 5.4, Max: 5.6, Diff: 0.4, Sum: 42.8]
      [GC Worker End (ms): Min: 28957.7, Avg: 28957.7, Max: 28957.8, Diff: 0.0]
   [Code Root Fixup: 0.0 ms]
   [Code Root Purge: 0.0 ms]
   [Clear CT: 0.8 ms]
   [Other: 1.8 ms]
      [Choose CSet: 0.0 ms]
      [Ref Proc: 0.6 ms]
      [Ref Enq: 0.0 ms]
      [Redirty Cards: 0.7 ms]
      [Humongous Register: 0.1 ms]
      [Humongous Reclaim: 0.1 ms]
      [Free CSet: 0.1 ms]
   [Eden: 101376.0K(101376.0K)->0.0B(961.0M) Survivors: 3072.0K->13312.0K Heap: 759.1M(2048.0M)->597.1M(2048.0M)]
 [Times: user=0.05 sys=0.00, real=0.01 secs] 
2021-01-22T00:58:56.013+0800: 29.049: [GC pause (G1 Humongous Allocation) (young) (initial-mark), 0.0300228 secs]
   [Parallel Time: 25.4 ms, GC Workers: 8]
      [GC Worker Start (ms): Min: 29049.6, Avg: 29049.9, Max: 29050.1, Diff: 0.5]
      [Ext Root Scanning (ms): Min: 0.1, Avg: 0.5, Max: 0.8, Diff: 0.7, Sum: 3.7]
      [Update RS (ms): Min: 11.6, Avg: 11.7, Max: 11.9, Diff: 0.3, Sum: 93.7]
         [Processed Buffers: Min: 169, Avg: 175.9, Max: 183, Diff: 14, Sum: 1407]
      [Scan RS (ms): Min: 0.1, Avg: 0.1, Max: 0.1, Diff: 0.0, Sum: 0.6]
      [Code Root Scanning (ms): Min: 0.0, Avg: 0.0, Max: 0.0, Diff: 0.0, Sum: 0.0]
      [Object Copy (ms): Min: 12.1, Avg: 12.2, Max: 12.2, Diff: 0.1, Sum: 97.5]
      [Termination (ms): Min: 0.0, Avg: 0.0, Max: 0.1, Diff: 0.1, Sum: 0.4]
         [Termination Attempts: Min: 1, Avg: 1.0, Max: 1, Diff: 0, Sum: 8]
      [GC Worker Other (ms): Min: 0.0, Avg: 0.1, Max: 0.2, Diff: 0.1, Sum: 0.5]
      [GC Worker Total (ms): Min: 24.3, Avg: 24.6, Max: 24.8, Diff: 0.5, Sum: 196.5]
      [GC Worker End (ms): Min: 29074.4, Avg: 29074.4, Max: 29074.5, Diff: 0.1]
   [Code Root Fixup: 0.0 ms]
   [Code Root Purge: 0.0 ms]
   [Clear CT: 1.2 ms]
   [Other: 3.4 ms]
      [Choose CSet: 0.0 ms]
      [Ref Proc: 0.8 ms]
      [Ref Enq: 0.0 ms]
      [Redirty Cards: 1.7 ms]
      [Humongous Register: 0.2 ms]
      [Humongous Reclaim: 0.2 ms]
      [Free CSet: 0.3 ms]
   [Eden: 619.0M(961.0M)->0.0B(833.0M) Survivors: 13312.0K->122.0M Heap: 1390.0M(2048.0M)->746.2M(2048.0M)]
 [Times: user=0.20 sys=0.00, real=0.03 secs] 
2021-01-22T00:58:56.044+0800: 29.080: [GC concurrent-root-region-scan-start]
2021-01-22T00:58:56.045+0800: 29.080: [GC concurrent-root-region-scan-end, 0.0003668 secs]
2021-01-22T00:58:56.045+0800: 29.080: [GC concurrent-mark-start]
2021-01-22T00:58:56.047+0800: 29.083: [GC concurrent-mark-end, 0.0028418 secs]
2021-01-22T00:58:56.048+0800: 29.084: [GC remark 2021-01-22T00:58:56.048+0800: 29.084: [Finalize Marking, 0.0013226 secs] 2021-01-22T00:58:56.050+0800: 29.086: [GC ref-proc, 0.0005630 secs] 2021-01-22T00:58:56.051+0800: 29.087: [Unloading, 0.0013241 secs], 0.0059098 secs]
 [Times: user=0.01 sys=0.00, real=0.01 secs] 
2021-01-22T00:58:56.055+0800: 29.091: [GC cleanup 775M->664M(2048M), 0.0038169 secs]
 [Times: user=0.01 sys=0.01, real=0.01 secs] 
2021-01-22T00:58:56.059+0800: 29.095: [GC concurrent-cleanup-start]
2021-01-22T00:58:56.059+0800: 29.095: [GC concurrent-cleanup-end, 0.0000746 secs]
2021-01-22T00:58:56.172+0800: 29.208: [GC pause (G1 Evacuation Pause) (young) (to-space exhausted), 0.0372912 secs]
   [Parallel Time: 30.0 ms, GC Workers: 8]
      [GC Worker Start (ms): Min: 29207.8, Avg: 29208.0, Max: 29208.2, Diff: 0.4]
      [Ext Root Scanning (ms): Min: 0.0, Avg: 0.1, Max: 0.2, Diff: 0.2, Sum: 0.5]
      [Update RS (ms): Min: 15.0, Avg: 15.1, Max: 15.2, Diff: 0.2, Sum: 121.0]
         [Processed Buffers: Min: 221, Avg: 229.2, Max: 233, Diff: 12, Sum: 1834]
      [Scan RS (ms): Min: 0.1, Avg: 0.1, Max: 0.2, Diff: 0.1, Sum: 1.1]
      [Code Root Scanning (ms): Min: 0.0, Avg: 0.0, Max: 0.0, Diff: 0.0, Sum: 0.0]
      [Object Copy (ms): Min: 13.5, Avg: 13.6, Max: 13.7, Diff: 0.2, Sum: 109.0]
      [Termination (ms): Min: 0.0, Avg: 0.1, Max: 0.2, Diff: 0.2, Sum: 0.9]
         [Termination Attempts: Min: 1, Avg: 1.0, Max: 1, Diff: 0, Sum: 8]
      [GC Worker Other (ms): Min: 0.0, Avg: 0.0, Max: 0.0, Diff: 0.0, Sum: 0.1]
      [GC Worker Total (ms): Min: 28.9, Avg: 29.1, Max: 29.3, Diff: 0.3, Sum: 232.7]
      [GC Worker End (ms): Min: 29237.1, Avg: 29237.1, Max: 29237.1, Diff: 0.0]
   [Code Root Fixup: 0.0 ms]
   [Code Root Purge: 0.0 ms]
   [Clear CT: 1.2 ms]
   [Other: 6.1 ms]
      [Evacuation Failure: 1.5 ms]
      [Choose CSet: 0.0 ms]
      [Ref Proc: 2.5 ms]
      [Ref Enq: 0.0 ms]
      [Redirty Cards: 1.1 ms]
      [Humongous Register: 0.2 ms]
      [Humongous Reclaim: 0.3 ms]
      [Free CSet: 0.3 ms]
   [Eden: 833.0M(833.0M)->0.0B(7168.0K) Survivors: 122.0M->120.0M Heap: 1696.2M(2048.0M)->1005.7M(2048.0M)]
 [Times: user=0.24 sys=0.01, real=0.04 secs] 
2021-01-22T00:58:56.211+0800: 29.247: [GC pause (G1 Evacuation Pause) (mixed), 0.0199088 secs]
   [Parallel Time: 15.9 ms, GC Workers: 8]
      [GC Worker Start (ms): Min: 29247.4, Avg: 29247.6, Max: 29247.7, Diff: 0.3]
      [Ext Root Scanning (ms): Min: 0.0, Avg: 0.1, Max: 0.2, Diff: 0.2, Sum: 0.5]
      [Update RS (ms): Min: 0.3, Avg: 0.4, Max: 1.0, Diff: 0.7, Sum: 3.4]
         [Processed Buffers: Min: 1, Avg: 5.9, Max: 8, Diff: 7, Sum: 47]
      [Scan RS (ms): Min: 0.0, Avg: 0.1, Max: 0.1, Diff: 0.1, Sum: 0.6]
      [Code Root Scanning (ms): Min: 0.0, Avg: 0.0, Max: 0.0, Diff: 0.0, Sum: 0.0]
      [Object Copy (ms): Min: 11.2, Avg: 12.1, Max: 14.7, Diff: 3.5, Sum: 96.8]
      [Termination (ms): Min: 0.0, Avg: 2.5, Max: 2.9, Diff: 2.9, Sum: 20.2]
         [Termination Attempts: Min: 1, Avg: 2.0, Max: 4, Diff: 3, Sum: 16]
      [GC Worker Other (ms): Min: 0.0, Avg: 0.0, Max: 0.0, Diff: 0.0, Sum: 0.1]
      [GC Worker Total (ms): Min: 15.1, Avg: 15.2, Max: 15.4, Diff: 0.3, Sum: 121.7]
      [GC Worker End (ms): Min: 29262.8, Avg: 29262.8, Max: 29262.9, Diff: 0.0]
   [Code Root Fixup: 0.0 ms]
   [Code Root Purge: 0.0 ms]
   [Clear CT: 0.7 ms]
   [Other: 3.3 ms]
      [Choose CSet: 0.1 ms]
      [Ref Proc: 1.5 ms]
      [Ref Enq: 0.0 ms]
      [Redirty Cards: 0.9 ms]
      [Humongous Register: 0.2 ms]
      [Humongous Reclaim: 0.1 ms]
      [Free CSet: 0.2 ms]
   [Eden: 7168.0K(7168.0K)->0.0B(744.0M) Survivors: 120.0M->3072.0K Heap: 1016.0M(2048.0M)->853.2M(2048.0M)]
 [Times: user=0.14 sys=0.00, real=0.02 secs] 
2021-01-22T00:58:56.232+0800: 29.268: [GC pause (G1 Humongous Allocation) (young) (initial-mark), 0.0045961 secs]
   [Parallel Time: 1.0 ms, GC Workers: 8]
      [GC Worker Start (ms): Min: 29268.2, Avg: 29268.4, Max: 29268.6, Diff: 0.4]
      [Ext Root Scanning (ms): Min: 0.0, Avg: 0.4, Max: 0.7, Diff: 0.7, Sum: 3.2]
      [Update RS (ms): Min: 0.0, Avg: 0.1, Max: 0.3, Diff: 0.3, Sum: 1.0]
         [Processed Buffers: Min: 0, Avg: 1.1, Max: 2, Diff: 2, Sum: 9]
      [Scan RS (ms): Min: 0.0, Avg: 0.0, Max: 0.0, Diff: 0.0, Sum: 0.0]
      [Code Root Scanning (ms): Min: 0.0, Avg: 0.0, Max: 0.0, Diff: 0.0, Sum: 0.0]
      [Object Copy (ms): Min: 0.0, Avg: 0.1, Max: 0.1, Diff: 0.1, Sum: 0.7]
      [Termination (ms): Min: 0.0, Avg: 0.0, Max: 0.1, Diff: 0.1, Sum: 0.4]
         [Termination Attempts: Min: 1, Avg: 1.0, Max: 1, Diff: 0, Sum: 8]
      [GC Worker Other (ms): Min: 0.0, Avg: 0.0, Max: 0.0, Diff: 0.0, Sum: 0.1]
      [GC Worker Total (ms): Min: 0.5, Avg: 0.7, Max: 0.9, Diff: 0.4, Sum: 5.3]
      [GC Worker End (ms): Min: 29269.1, Avg: 29269.1, Max: 29269.1, Diff: 0.0]
   [Code Root Fixup: 0.0 ms]
   [Code Root Purge: 0.0 ms]
   [Clear CT: 1.4 ms]
   [Other: 2.2 ms]
      [Choose CSet: 0.0 ms]
      [Ref Proc: 0.8 ms]
      [Ref Enq: 0.0 ms]
      [Redirty Cards: 1.0 ms]
      [Humongous Register: 0.1 ms]
      [Humongous Reclaim: 0.0 ms]
      [Free CSet: 0.0 ms]
   [Eden: 2048.0K(744.0M)->0.0B(734.0M) Survivors: 3072.0K->3072.0K Heap: 854.6M(2048.0M)->853.2M(2048.0M)]
 [Times: user=0.01 sys=0.00, real=0.00 secs] 
2021-01-22T00:58:56.237+0800: 29.273: [GC concurrent-root-region-scan-start]
2021-01-22T00:58:56.238+0800: 29.273: [GC concurrent-root-region-scan-end, 0.0002799 secs]
2021-01-22T00:58:56.238+0800: 29.273: [GC concurrent-mark-start]
2021-01-22T00:58:56.240+0800: 29.276: [GC concurrent-mark-end, 0.0029140 secs]
2021-01-22T00:58:56.241+0800: 29.277: [GC remark 2021-01-22T00:58:56.241+0800: 29.277: [Finalize Marking, 0.0020525 secs] 2021-01-22T00:58:56.243+0800: 29.279: [GC ref-proc, 0.0004778 secs] 2021-01-22T00:58:56.244+0800: 29.280: [Unloading, 0.0012017 secs], 0.0062009 secs]
 [Times: user=0.02 sys=0.00, real=0.00 secs] 
2021-01-22T00:58:56.248+0800: 29.284: [GC cleanup 885M->823M(2048M), 0.0038152 secs]
 [Times: user=0.01 sys=0.00, real=0.01 secs] 
2021-01-22T00:58:56.252+0800: 29.288: [GC concurrent-cleanup-start]
2021-01-22T00:58:56.252+0800: 29.288: [GC concurrent-cleanup-end, 0.0000538 secs]
2021-01-22T00:58:56.353+0800: 29.389: [GC pause (G1 Evacuation Pause) (young), 0.0287963 secs]
   [Parallel Time: 25.6 ms, GC Workers: 8]
      [GC Worker Start (ms): Min: 29389.2, Avg: 29389.4, Max: 29389.5, Diff: 0.3]
      [Ext Root Scanning (ms): Min: 0.0, Avg: 0.1, Max: 0.2, Diff: 0.2, Sum: 0.6]
      [Update RS (ms): Min: 11.1, Avg: 11.2, Max: 11.2, Diff: 0.1, Sum: 89.4]
         [Processed Buffers: Min: 152, Avg: 166.8, Max: 173, Diff: 21, Sum: 1334]
      [Scan RS (ms): Min: 0.1, Avg: 0.1, Max: 0.1, Diff: 0.0, Sum: 0.8]
      [Code Root Scanning (ms): Min: 0.0, Avg: 0.0, Max: 0.0, Diff: 0.0, Sum: 0.0]
      [Object Copy (ms): Min: 13.3, Avg: 13.4, Max: 13.6, Diff: 0.3, Sum: 107.1]
      [Termination (ms): Min: 0.0, Avg: 0.2, Max: 0.3, Diff: 0.3, Sum: 1.4]
         [Termination Attempts: Min: 1, Avg: 1.0, Max: 1, Diff: 0, Sum: 8]
      [GC Worker Other (ms): Min: 0.0, Avg: 0.0, Max: 0.0, Diff: 0.0, Sum: 0.1]
      [GC Worker Total (ms): Min: 24.8, Avg: 24.9, Max: 25.1, Diff: 0.3, Sum: 199.3]
      [GC Worker End (ms): Min: 29414.3, Avg: 29414.3, Max: 29414.3, Diff: 0.0]
   [Code Root Fixup: 0.0 ms]
   [Code Root Purge: 0.0 ms]
   [Clear CT: 0.9 ms]
   [Other: 2.3 ms]
      [Choose CSet: 0.0 ms]
      [Ref Proc: 0.5 ms]
      [Ref Enq: 0.0 ms]
      [Redirty Cards: 1.1 ms]
      [Humongous Register: 0.2 ms]
      [Humongous Reclaim: 0.2 ms]
      [Free CSet: 0.3 ms]
   [Eden: 734.0M(734.0M)->0.0B(9216.0K) Survivors: 3072.0K->95232.0K Heap: 1691.2M(2048.0M)->937.4M(2048.0M)]
 [Times: user=0.20 sys=0.01, real=0.03 secs] 
2021-01-22T00:58:56.384+0800: 29.419: [GC pause (G1 Evacuation Pause) (mixed), 0.0119990 secs]
   [Parallel Time: 9.3 ms, GC Workers: 8]
      [GC Worker Start (ms): Min: 29419.8, Avg: 29419.9, Max: 29420.0, Diff: 0.3]
      [Ext Root Scanning (ms): Min: 0.0, Avg: 0.1, Max: 0.2, Diff: 0.2, Sum: 0.6]
      [Update RS (ms): Min: 0.0, Avg: 0.1, Max: 0.2, Diff: 0.1, Sum: 0.9]
         [Processed Buffers: Min: 1, Avg: 1.9, Max: 3, Diff: 2, Sum: 15]
      [Scan RS (ms): Min: 0.0, Avg: 0.0, Max: 0.1, Diff: 0.1, Sum: 0.4]
      [Code Root Scanning (ms): Min: 0.0, Avg: 0.0, Max: 0.0, Diff: 0.0, Sum: 0.0]
      [Object Copy (ms): Min: 8.4, Avg: 8.4, Max: 8.5, Diff: 0.1, Sum: 67.5]
      [Termination (ms): Min: 0.0, Avg: 0.1, Max: 0.1, Diff: 0.1, Sum: 0.5]
         [Termination Attempts: Min: 1, Avg: 1.1, Max: 2, Diff: 1, Sum: 9]
      [GC Worker Other (ms): Min: 0.0, Avg: 0.0, Max: 0.0, Diff: 0.0, Sum: 0.0]
      [GC Worker Total (ms): Min: 8.6, Avg: 8.7, Max: 8.9, Diff: 0.2, Sum: 69.9]
      [GC Worker End (ms): Min: 29428.6, Avg: 29428.6, Max: 29428.6, Diff: 0.0]
   [Code Root Fixup: 0.0 ms]
   [Code Root Purge: 0.0 ms]
   [Clear CT: 0.8 ms]
   [Other: 1.9 ms]
      [Choose CSet: 0.1 ms]
      [Ref Proc: 0.6 ms]
      [Ref Enq: 0.0 ms]
      [Redirty Cards: 0.8 ms]
      [Humongous Register: 0.1 ms]
      [Humongous Reclaim: 0.0 ms]
      [Free CSet: 0.2 ms]
   [Eden: 9216.0K(9216.0K)->0.0B(100352.0K) Survivors: 95232.0K->4096.0K Heap: 947.1M(2048.0M)->741.2M(2048.0M)]
 [Times: user=0.07 sys=0.00, real=0.01 secs] 
2021-01-22T00:58:56.410+0800: 29.446: [GC pause (G1 Evacuation Pause) (mixed), 0.0082928 secs]
   [Parallel Time: 5.9 ms, GC Workers: 8]
      [GC Worker Start (ms): Min: 29445.9, Avg: 29446.1, Max: 29446.2, Diff: 0.3]
      [Ext Root Scanning (ms): Min: 0.0, Avg: 0.1, Max: 0.2, Diff: 0.2, Sum: 0.6]
      [Update RS (ms): Min: 1.5, Avg: 1.5, Max: 1.6, Diff: 0.1, Sum: 12.2]
         [Processed Buffers: Min: 23, Avg: 23.4, Max: 25, Diff: 2, Sum: 187]
      [Scan RS (ms): Min: 0.0, Avg: 0.0, Max: 0.1, Diff: 0.0, Sum: 0.4]
      [Code Root Scanning (ms): Min: 0.0, Avg: 0.0, Max: 0.0, Diff: 0.0, Sum: 0.0]
      [Object Copy (ms): Min: 3.6, Avg: 3.7, Max: 3.7, Diff: 0.1, Sum: 29.2]
      [Termination (ms): Min: 0.0, Avg: 0.0, Max: 0.1, Diff: 0.1, Sum: 0.3]
         [Termination Attempts: Min: 1, Avg: 1.0, Max: 1, Diff: 0, Sum: 8]
      [GC Worker Other (ms): Min: 0.0, Avg: 0.0, Max: 0.0, Diff: 0.0, Sum: 0.1]
      [GC Worker Total (ms): Min: 5.2, Avg: 5.3, Max: 5.5, Diff: 0.3, Sum: 42.7]
      [GC Worker End (ms): Min: 29451.4, Avg: 29451.4, Max: 29451.4, Diff: 0.0]
   [Code Root Fixup: 0.0 ms]
   [Code Root Purge: 0.0 ms]
   [Clear CT: 0.7 ms]
   [Other: 1.7 ms]
      [Choose CSet: 0.0 ms]
      [Ref Proc: 0.4 ms]
      [Ref Enq: 0.0 ms]
      [Redirty Cards: 0.8 ms]
      [Humongous Register: 0.1 ms]
      [Humongous Reclaim: 0.1 ms]
      [Free CSet: 0.1 ms]
   [Eden: 100352.0K(100352.0K)->0.0B(926.0M) Survivors: 4096.0K->13312.0K Heap: 861.4M(2048.0M)->641.2M(2048.0M)]
 [Times: user=0.04 sys=0.00, real=0.01 secs] 
2021-01-22T00:58:56.493+0800: 29.529: [GC pause (G1 Humongous Allocation) (young) (initial-mark), 0.0261435 secs]
   [Parallel Time: 22.1 ms, GC Workers: 8]
      [GC Worker Start (ms): Min: 29528.9, Avg: 29529.2, Max: 29529.4, Diff: 0.4]
      [Ext Root Scanning (ms): Min: 0.0, Avg: 0.4, Max: 0.7, Diff: 0.7, Sum: 3.6]
      [Update RS (ms): Min: 9.4, Avg: 9.5, Max: 9.7, Diff: 0.3, Sum: 76.1]
         [Processed Buffers: Min: 134, Avg: 143.4, Max: 149, Diff: 15, Sum: 1147]
      [Scan RS (ms): Min: 0.0, Avg: 0.1, Max: 0.1, Diff: 0.0, Sum: 0.5]
      [Code Root Scanning (ms): Min: 0.0, Avg: 0.0, Max: 0.0, Diff: 0.0, Sum: 0.0]
      [Object Copy (ms): Min: 11.0, Avg: 11.0, Max: 11.0, Diff: 0.1, Sum: 87.9]
      [Termination (ms): Min: 0.0, Avg: 0.0, Max: 0.1, Diff: 0.1, Sum: 0.3]
         [Termination Attempts: Min: 1, Avg: 1.1, Max: 2, Diff: 1, Sum: 9]
      [GC Worker Other (ms): Min: 0.0, Avg: 0.1, Max: 0.2, Diff: 0.2, Sum: 0.6]
      [GC Worker Total (ms): Min: 20.8, Avg: 21.1, Max: 21.5, Diff: 0.6, Sum: 169.0]
      [GC Worker End (ms): Min: 29550.2, Avg: 29550.3, Max: 29550.5, Diff: 0.2]
   [Code Root Fixup: 0.0 ms]
   [Code Root Purge: 0.0 ms]
   [Clear CT: 1.6 ms]
   [Other: 2.5 ms]
      [Choose CSet: 0.0 ms]
      [Ref Proc: 0.5 ms]
      [Ref Enq: 0.0 ms]
      [Redirty Cards: 1.2 ms]
      [Humongous Register: 0.1 ms]
      [Humongous Reclaim: 0.2 ms]
      [Free CSet: 0.2 ms]
   [Eden: 526.0M(926.0M)->0.0B(7168.0K) Survivors: 13312.0K->118.0M Heap: 1308.9M(2048.0M)->771.6M(2048.0M)]
 [Times: user=0.16 sys=0.01, real=0.03 secs] 
2021-01-22T00:58:56.520+0800: 29.556: [GC concurrent-root-region-scan-start]
2021-01-22T00:58:56.520+0800: 29.556: [GC concurrent-root-region-scan-end, 0.0003356 secs]
2021-01-22T00:58:56.520+0800: 29.556: [GC concurrent-mark-start]
2021-01-22T00:58:56.521+0800: 29.557: [GC pause (G1 Evacuation Pause) (young), 0.0140870 secs]
   [Parallel Time: 11.0 ms, GC Workers: 8]
      [GC Worker Start (ms): Min: 29557.0, Avg: 29557.2, Max: 29557.3, Diff: 0.3]
      [Ext Root Scanning (ms): Min: 0.0, Avg: 0.1, Max: 0.2, Diff: 0.2, Sum: 0.6]
      [Update RS (ms): Min: 0.1, Avg: 0.2, Max: 0.2, Diff: 0.1, Sum: 1.5]
         [Processed Buffers: Min: 2, Avg: 3.2, Max: 4, Diff: 2, Sum: 26]
      [Scan RS (ms): Min: 0.0, Avg: 0.0, Max: 0.0, Diff: 0.0, Sum: 0.1]
      [Code Root Scanning (ms): Min: 0.0, Avg: 0.0, Max: 0.0, Diff: 0.0, Sum: 0.0]
      [Object Copy (ms): Min: 9.8, Avg: 9.9, Max: 9.9, Diff: 0.1, Sum: 79.1]
      [Termination (ms): Min: 0.0, Avg: 0.0, Max: 0.1, Diff: 0.1, Sum: 0.4]
         [Termination Attempts: Min: 1, Avg: 1.0, Max: 1, Diff: 0, Sum: 8]
      [GC Worker Other (ms): Min: 0.0, Avg: 0.0, Max: 0.0, Diff: 0.0, Sum: 0.1]
      [GC Worker Total (ms): Min: 10.1, Avg: 10.2, Max: 10.4, Diff: 0.3, Sum: 81.7]
      [GC Worker End (ms): Min: 29567.4, Avg: 29567.4, Max: 29567.4, Diff: 0.0]
   [Code Root Fixup: 0.0 ms]
   [Code Root Purge: 0.0 ms]
   [Clear CT: 1.0 ms]
   [Other: 2.1 ms]
      [Choose CSet: 0.0 ms]
      [Ref Proc: 0.8 ms]
      [Ref Enq: 0.0 ms]
      [Redirty Cards: 0.9 ms]
      [Humongous Register: 0.1 ms]
      [Humongous Reclaim: 0.1 ms]
      [Free CSet: 0.1 ms]
   [Eden: 7168.0K(7168.0K)->0.0B(122.0M) Survivors: 118.0M->3072.0K Heap: 780.6M(2048.0M)->771.4M(2048.0M)]
 [Times: user=0.08 sys=0.00, real=0.01 secs] 
2021-01-22T00:58:56.538+0800: 29.573: [GC concurrent-mark-end, 0.0175198 secs]
2021-01-22T00:58:56.538+0800: 29.574: [GC remark 2021-01-22T00:58:56.538+0800: 29.574: [Finalize Marking, 0.0009754 secs] 2021-01-22T00:58:56.540+0800: 29.575: [GC ref-proc, 0.0004201 secs] 2021-01-22T00:58:56.540+0800: 29.576: [Unloading, 0.0012716 secs], 0.0050651 secs]
 [Times: user=0.01 sys=0.00, real=0.01 secs] 
2021-01-22T00:58:56.544+0800: 29.580: [GC cleanup 794M->660M(2048M), 0.0033211 secs]
 [Times: user=0.01 sys=0.00, real=0.00 secs] 
2021-01-22T00:58:56.548+0800: 29.584: [GC concurrent-cleanup-start]
2021-01-22T00:58:56.548+0800: 29.584: [GC concurrent-cleanup-end, 0.0000902 secs]
2021-01-22T00:58:56.563+0800: 29.599: [GC pause (G1 Evacuation Pause) (young), 0.0089146 secs]
   [Parallel Time: 5.7 ms, GC Workers: 8]
      [GC Worker Start (ms): Min: 29599.4, Avg: 29599.6, Max: 29599.7, Diff: 0.3]
      [Ext Root Scanning (ms): Min: 0.0, Avg: 0.1, Max: 0.2, Diff: 0.2, Sum: 0.5]
      [Update RS (ms): Min: 1.7, Avg: 1.8, Max: 1.8, Diff: 0.1, Sum: 14.2]
         [Processed Buffers: Min: 26, Avg: 27.4, Max: 28, Diff: 2, Sum: 219]
      [Scan RS (ms): Min: 0.0, Avg: 0.0, Max: 0.0, Diff: 0.0, Sum: 0.1]
      [Code Root Scanning (ms): Min: 0.0, Avg: 0.0, Max: 0.0, Diff: 0.0, Sum: 0.0]
      [Object Copy (ms): Min: 3.0, Avg: 3.1, Max: 3.1, Diff: 0.1, Sum: 24.5]
      [Termination (ms): Min: 0.0, Avg: 0.0, Max: 0.1, Diff: 0.1, Sum: 0.4]
         [Termination Attempts: Min: 1, Avg: 1.0, Max: 1, Diff: 0, Sum: 8]
      [GC Worker Other (ms): Min: 0.0, Avg: 0.0, Max: 0.0, Diff: 0.0, Sum: 0.1]
      [GC Worker Total (ms): Min: 4.8, Avg: 5.0, Max: 5.1, Diff: 0.3, Sum: 39.8]
      [GC Worker End (ms): Min: 29604.6, Avg: 29604.6, Max: 29604.6, Diff: 0.0]
   [Code Root Fixup: 0.0 ms]
   [Code Root Purge: 0.0 ms]
   [Clear CT: 1.1 ms]
   [Other: 2.1 ms]
      [Choose CSet: 0.0 ms]
      [Ref Proc: 0.4 ms]
      [Ref Enq: 0.0 ms]
      [Redirty Cards: 1.0 ms]
      [Humongous Register: 0.1 ms]
      [Humongous Reclaim: 0.1 ms]
      [Free CSet: 0.2 ms]
   [Eden: 122.0M(122.0M)->0.0B(88064.0K) Survivors: 3072.0K->16384.0K Heap: 785.5M(2048.0M)->674.3M(2048.0M)]
 [Times: user=0.05 sys=0.00, real=0.01 secs] 
2021-01-22T00:58:56.584+0800: 29.620: [GC pause (G1 Evacuation Pause) (mixed), 0.0099107 secs]
   [Parallel Time: 6.6 ms, GC Workers: 8]
      [GC Worker Start (ms): Min: 29620.6, Avg: 29620.8, Max: 29621.0, Diff: 0.4]
      [Ext Root Scanning (ms): Min: 0.0, Avg: 0.1, Max: 0.3, Diff: 0.3, Sum: 0.6]
      [Update RS (ms): Min: 1.5, Avg: 1.6, Max: 1.6, Diff: 0.1, Sum: 12.7]
         [Processed Buffers: Min: 23, Avg: 24.4, Max: 26, Diff: 3, Sum: 195]
      [Scan RS (ms): Min: 0.1, Avg: 0.1, Max: 0.1, Diff: 0.1, Sum: 0.6]
      [Code Root Scanning (ms): Min: 0.0, Avg: 0.0, Max: 0.0, Diff: 0.0, Sum: 0.0]
      [Object Copy (ms): Min: 4.2, Avg: 4.3, Max: 4.3, Diff: 0.1, Sum: 34.0]
      [Termination (ms): Min: 0.0, Avg: 0.1, Max: 0.1, Diff: 0.1, Sum: 0.5]
         [Termination Attempts: Min: 1, Avg: 1.2, Max: 3, Diff: 2, Sum: 10]
      [GC Worker Other (ms): Min: 0.0, Avg: 0.0, Max: 0.0, Diff: 0.0, Sum: 0.1]
      [GC Worker Total (ms): Min: 5.9, Avg: 6.1, Max: 6.3, Diff: 0.4, Sum: 48.6]
      [GC Worker End (ms): Min: 29626.9, Avg: 29626.9, Max: 29626.9, Diff: 0.0]
   [Code Root Fixup: 0.0 ms]
   [Code Root Purge: 0.0 ms]
   [Clear CT: 0.9 ms]
   [Other: 2.4 ms]
      [Choose CSet: 0.0 ms]
      [Ref Proc: 0.8 ms]
      [Ref Enq: 0.0 ms]
      [Redirty Cards: 1.0 ms]
      [Humongous Register: 0.1 ms]
      [Humongous Reclaim: 0.1 ms]
      [Free CSet: 0.2 ms]
   [Eden: 88064.0K(88064.0K)->0.0B(91136.0K) Survivors: 16384.0K->13312.0K Heap: 783.5M(2048.0M)->583.8M(2048.0M)]
 [Times: user=0.05 sys=0.00, real=0.01 secs] 
2021-01-22T00:58:56.606+0800: 29.642: [GC pause (G1 Evacuation Pause) (mixed), 0.0100829 secs]
   [Parallel Time: 7.1 ms, GC Workers: 8]
      [GC Worker Start (ms): Min: 29642.6, Avg: 29642.7, Max: 29642.9, Diff: 0.3]
      [Ext Root Scanning (ms): Min: 0.0, Avg: 0.1, Max: 0.2, Diff: 0.2, Sum: 0.6]
      [Update RS (ms): Min: 1.6, Avg: 1.7, Max: 1.7, Diff: 0.1, Sum: 13.6]
         [Processed Buffers: Min: 25, Avg: 26.2, Max: 27, Diff: 2, Sum: 210]
      [Scan RS (ms): Min: 0.0, Avg: 0.1, Max: 0.1, Diff: 0.1, Sum: 0.5]
      [Code Root Scanning (ms): Min: 0.0, Avg: 0.0, Max: 0.0, Diff: 0.0, Sum: 0.0]
      [Object Copy (ms): Min: 4.0, Avg: 4.1, Max: 4.3, Diff: 0.3, Sum: 32.9]
      [Termination (ms): Min: 0.0, Avg: 0.3, Max: 0.4, Diff: 0.4, Sum: 2.2]
         [Termination Attempts: Min: 1, Avg: 1.0, Max: 1, Diff: 0, Sum: 8]
      [GC Worker Other (ms): Min: 0.0, Avg: 0.0, Max: 0.0, Diff: 0.0, Sum: 0.1]
      [GC Worker Total (ms): Min: 6.1, Avg: 6.2, Max: 6.4, Diff: 0.3, Sum: 50.0]
      [GC Worker End (ms): Min: 29648.9, Avg: 29649.0, Max: 29649.1, Diff: 0.2]
   [Code Root Fixup: 0.0 ms]
   [Code Root Purge: 0.0 ms]
   [Clear CT: 0.9 ms]
   [Other: 2.0 ms]
      [Choose CSet: 0.0 ms]
      [Ref Proc: 0.6 ms]
      [Ref Enq: 0.0 ms]
      [Redirty Cards: 1.0 ms]
      [Humongous Register: 0.1 ms]
      [Humongous Reclaim: 0.1 ms]
      [Free CSet: 0.1 ms]
   [Eden: 91136.0K(91136.0K)->0.0B(253.0M) Survivors: 13312.0K->13312.0K Heap: 697.8M(2048.0M)->574.7M(2048.0M)]
 [Times: user=0.06 sys=0.00, real=0.01 secs] 
2021-01-22T00:58:56.654+0800: 29.690: [GC pause (G1 Evacuation Pause) (young), 0.0157600 secs]
   [Parallel Time: 12.7 ms, GC Workers: 8]
      [GC Worker Start (ms): Min: 29690.6, Avg: 29690.8, Max: 29691.0, Diff: 0.3]
      [Ext Root Scanning (ms): Min: 0.0, Avg: 0.1, Max: 0.2, Diff: 0.2, Sum: 0.5]
      [Update RS (ms): Min: 4.7, Avg: 4.7, Max: 4.8, Diff: 0.1, Sum: 37.9]
         [Processed Buffers: Min: 65, Avg: 70.2, Max: 72, Diff: 7, Sum: 562]
      [Scan RS (ms): Min: 0.0, Avg: 0.0, Max: 0.1, Diff: 0.0, Sum: 0.3]
      [Code Root Scanning (ms): Min: 0.0, Avg: 0.0, Max: 0.0, Diff: 0.0, Sum: 0.0]
      [Object Copy (ms): Min: 6.6, Avg: 6.7, Max: 6.7, Diff: 0.1, Sum: 53.3]
      [Termination (ms): Min: 0.0, Avg: 0.1, Max: 0.1, Diff: 0.1, Sum: 0.4]
         [Termination Attempts: Min: 1, Avg: 1.0, Max: 1, Diff: 0, Sum: 8]
      [GC Worker Other (ms): Min: 0.0, Avg: 0.0, Max: 0.0, Diff: 0.0, Sum: 0.1]
      [GC Worker Total (ms): Min: 11.4, Avg: 11.6, Max: 11.7, Diff: 0.3, Sum: 92.5]
      [GC Worker End (ms): Min: 29702.4, Avg: 29702.4, Max: 29702.4, Diff: 0.0]
   [Code Root Fixup: 0.0 ms]
   [Code Root Purge: 0.0 ms]
   [Clear CT: 0.9 ms]
   [Other: 2.2 ms]
      [Choose CSet: 0.0 ms]
      [Ref Proc: 0.8 ms]
      [Ref Enq: 0.0 ms]
      [Redirty Cards: 0.9 ms]
      [Humongous Register: 0.1 ms]
      [Humongous Reclaim: 0.1 ms]
      [Free CSet: 0.1 ms]
   [Eden: 253.0M(253.0M)->0.0B(278.0M) Survivors: 13312.0K->34816.0K Heap: 896.7M(2048.0M)->645.4M(2048.0M)]
 [Times: user=0.10 sys=0.00, real=0.02 secs] 
2021-01-22T00:58:56.709+0800: 29.745: [GC pause (G1 Evacuation Pause) (young), 0.0188364 secs]
   [Parallel Time: 15.2 ms, GC Workers: 8]
      [GC Worker Start (ms): Min: 29745.6, Avg: 29745.8, Max: 29745.9, Diff: 0.3]
      [Ext Root Scanning (ms): Min: 0.0, Avg: 0.1, Max: 0.2, Diff: 0.2, Sum: 0.6]
      [Update RS (ms): Min: 5.0, Avg: 5.0, Max: 5.1, Diff: 0.1, Sum: 40.3]
         [Processed Buffers: Min: 61, Avg: 75.1, Max: 78, Diff: 17, Sum: 601]
      [Scan RS (ms): Min: 0.0, Avg: 0.0, Max: 0.0, Diff: 0.0, Sum: 0.3]
      [Code Root Scanning (ms): Min: 0.0, Avg: 0.0, Max: 0.0, Diff: 0.0, Sum: 0.0]
      [Object Copy (ms): Min: 9.1, Avg: 9.2, Max: 9.6, Diff: 0.5, Sum: 73.5]
      [Termination (ms): Min: 0.0, Avg: 0.4, Max: 0.5, Diff: 0.5, Sum: 3.2]
         [Termination Attempts: Min: 1, Avg: 1.0, Max: 1, Diff: 0, Sum: 8]
      [GC Worker Other (ms): Min: 0.0, Avg: 0.0, Max: 0.1, Diff: 0.0, Sum: 0.2]
      [GC Worker Total (ms): Min: 14.6, Avg: 14.8, Max: 14.9, Diff: 0.3, Sum: 118.0]
      [GC Worker End (ms): Min: 29760.5, Avg: 29760.5, Max: 29760.5, Diff: 0.0]
   [Code Root Fixup: 0.0 ms]
   [Code Root Purge: 0.0 ms]
   [Clear CT: 0.9 ms]
   [Other: 2.7 ms]
      [Choose CSet: 0.0 ms]
      [Ref Proc: 1.0 ms]
      [Ref Enq: 0.0 ms]
      [Redirty Cards: 0.9 ms]
      [Humongous Register: 0.2 ms]
      [Humongous Reclaim: 0.3 ms]
      [Free CSet: 0.2 ms]
   [Eden: 278.0M(278.0M)->0.0B(354.0M) Survivors: 34816.0K->39936.0K Heap: 997.4M(2048.0M)->715.7M(2048.0M)]
 [Times: user=0.12 sys=0.00, real=0.02 secs] 
2021-01-22T00:58:56.779+0800: 29.815: [GC pause (G1 Humongous Allocation) (young) (initial-mark), 0.0230140 secs]
   [Parallel Time: 19.2 ms, GC Workers: 8]
      [GC Worker Start (ms): Min: 29815.4, Avg: 29815.6, Max: 29815.7, Diff: 0.3]
      [Ext Root Scanning (ms): Min: 0.0, Avg: 0.3, Max: 0.5, Diff: 0.5, Sum: 2.8]
      [Update RS (ms): Min: 7.3, Avg: 7.4, Max: 7.6, Diff: 0.3, Sum: 59.0]
         [Processed Buffers: Min: 111, Avg: 112.9, Max: 115, Diff: 4, Sum: 903]
      [Scan RS (ms): Min: 0.0, Avg: 0.0, Max: 0.1, Diff: 0.0, Sum: 0.3]
      [Code Root Scanning (ms): Min: 0.0, Avg: 0.0, Max: 0.0, Diff: 0.0, Sum: 0.0]
      [Object Copy (ms): Min: 10.6, Avg: 10.6, Max: 10.7, Diff: 0.1, Sum: 85.1]
      [Termination (ms): Min: 0.0, Avg: 0.1, Max: 0.1, Diff: 0.1, Sum: 0.5]
         [Termination Attempts: Min: 1, Avg: 1.0, Max: 1, Diff: 0, Sum: 8]
      [GC Worker Other (ms): Min: 0.0, Avg: 0.0, Max: 0.0, Diff: 0.0, Sum: 0.1]
      [GC Worker Total (ms): Min: 18.3, Avg: 18.5, Max: 18.6, Diff: 0.3, Sum: 147.9]
      [GC Worker End (ms): Min: 29834.0, Avg: 29834.0, Max: 29834.1, Diff: 0.0]
   [Code Root Fixup: 0.0 ms]
   [Code Root Purge: 0.0 ms]
   [Clear CT: 1.1 ms]
   [Other: 2.8 ms]
      [Choose CSet: 0.0 ms]
      [Ref Proc: 0.8 ms]
      [Ref Enq: 0.0 ms]
      [Redirty Cards: 1.1 ms]
      [Humongous Register: 0.2 ms]
      [Humongous Reclaim: 0.2 ms]
      [Free CSet: 0.2 ms]
   [Eden: 353.0M(354.0M)->0.0B(293.0M) Survivors: 39936.0K->51200.0K Heap: 1180.3M(2048.0M)->797.2M(2048.0M)]
 [Times: user=0.16 sys=0.00, real=0.02 secs] 
2021-01-22T00:58:56.803+0800: 29.838: [GC concurrent-root-region-scan-start]
2021-01-22T00:58:56.803+0800: 29.839: [GC concurrent-root-region-scan-end, 0.0003433 secs]
2021-01-22T00:58:56.803+0800: 29.839: [GC concurrent-mark-start]
2021-01-22T00:58:56.806+0800: 29.842: [GC concurrent-mark-end, 0.0027751 secs]
2021-01-22T00:58:56.806+0800: 29.842: [GC remark 2021-01-22T00:58:56.806+0800: 29.842: [Finalize Marking, 0.0010243 secs] 2021-01-22T00:58:56.808+0800: 29.843: [GC ref-proc, 0.0004333 secs] 2021-01-22T00:58:56.808+0800: 29.844: [Unloading, 0.0009977 secs], 0.0049890 secs]
 [Times: user=0.01 sys=0.00, real=0.01 secs] 
2021-01-22T00:58:56.812+0800: 29.848: [GC cleanup 822M->695M(2048M), 0.0041679 secs]
 [Times: user=0.01 sys=0.00, real=0.00 secs] 
2021-01-22T00:58:56.817+0800: 29.852: [GC concurrent-cleanup-start]
2021-01-22T00:58:56.817+0800: 29.853: [GC concurrent-cleanup-end, 0.0000717 secs]
2021-01-22T00:58:56.856+0800: 29.892: [GC pause (G1 Evacuation Pause) (young), 0.0192568 secs]
   [Parallel Time: 16.2 ms, GC Workers: 8]
      [GC Worker Start (ms): Min: 29892.5, Avg: 29892.7, Max: 29892.8, Diff: 0.3]
      [Ext Root Scanning (ms): Min: 0.0, Avg: 0.1, Max: 0.2, Diff: 0.2, Sum: 0.6]
      [Update RS (ms): Min: 5.2, Avg: 5.3, Max: 5.4, Diff: 0.1, Sum: 42.6]
         [Processed Buffers: Min: 79, Avg: 80.9, Max: 84, Diff: 5, Sum: 647]
      [Scan RS (ms): Min: 0.0, Avg: 0.0, Max: 0.0, Diff: 0.0, Sum: 0.3]
      [Code Root Scanning (ms): Min: 0.0, Avg: 0.0, Max: 0.0, Diff: 0.0, Sum: 0.0]
      [Object Copy (ms): Min: 10.2, Avg: 10.2, Max: 10.2, Diff: 0.1, Sum: 81.4]
      [Termination (ms): Min: 0.0, Avg: 0.0, Max: 0.1, Diff: 0.1, Sum: 0.3]
         [Termination Attempts: Min: 1, Avg: 1.0, Max: 1, Diff: 0, Sum: 8]
      [GC Worker Other (ms): Min: 0.0, Avg: 0.0, Max: 0.0, Diff: 0.0, Sum: 0.1]
      [GC Worker Total (ms): Min: 15.5, Avg: 15.6, Max: 15.8, Diff: 0.3, Sum: 125.2]
      [GC Worker End (ms): Min: 29908.3, Avg: 29908.3, Max: 29908.4, Diff: 0.0]
   [Code Root Fixup: 0.0 ms]
   [Code Root Purge: 0.0 ms]
   [Clear CT: 0.9 ms]
   [Other: 2.1 ms]
      [Choose CSet: 0.0 ms]
      [Ref Proc: 0.4 ms]
      [Ref Enq: 0.0 ms]
      [Redirty Cards: 1.0 ms]
      [Humongous Register: 0.1 ms]
      [Humongous Reclaim: 0.1 ms]
      [Free CSet: 0.2 ms]
   [Eden: 293.0M(293.0M)->0.0B(60416.0K) Survivors: 51200.0K->44032.0K Heap: 1042.9M(2048.0M)->733.1M(2048.0M)]
 [Times: user=0.14 sys=0.00, real=0.02 secs] 
2021-01-22T00:58:56.885+0800: 29.921: [GC pause (G1 Evacuation Pause) (mixed), 0.0117873 secs]
   [Parallel Time: 8.4 ms, GC Workers: 8]
      [GC Worker Start (ms): Min: 29921.1, Avg: 29921.3, Max: 29921.5, Diff: 0.4]
      [Ext Root Scanning (ms): Min: 0.0, Avg: 0.1, Max: 0.2, Diff: 0.2, Sum: 0.5]
      [Update RS (ms): Min: 0.6, Avg: 0.8, Max: 0.8, Diff: 0.2, Sum: 6.2]
         [Processed Buffers: Min: 11, Avg: 11.9, Max: 13, Diff: 2, Sum: 95]
      [Scan RS (ms): Min: 0.1, Avg: 0.1, Max: 0.1, Diff: 0.0, Sum: 0.7]
      [Code Root Scanning (ms): Min: 0.0, Avg: 0.0, Max: 0.0, Diff: 0.0, Sum: 0.0]
      [Object Copy (ms): Min: 6.5, Avg: 6.6, Max: 6.7, Diff: 0.2, Sum: 52.7]
      [Termination (ms): Min: 0.0, Avg: 0.1, Max: 0.2, Diff: 0.2, Sum: 0.9]
         [Termination Attempts: Min: 1, Avg: 1.0, Max: 1, Diff: 0, Sum: 8]
      [GC Worker Other (ms): Min: 0.0, Avg: 0.0, Max: 0.0, Diff: 0.0, Sum: 0.0]
      [GC Worker Total (ms): Min: 7.5, Avg: 7.6, Max: 7.8, Diff: 0.4, Sum: 60.9]
      [GC Worker End (ms): Min: 29928.9, Avg: 29929.0, Max: 29929.0, Diff: 0.0]
   [Code Root Fixup: 0.0 ms]
   [Code Root Purge: 0.0 ms]
   [Clear CT: 1.2 ms]
   [Other: 2.2 ms]
      [Choose CSet: 0.1 ms]
      [Ref Proc: 0.5 ms]
      [Ref Enq: 0.0 ms]
      [Redirty Cards: 1.1 ms]
      [Humongous Register: 0.1 ms]
      [Humongous Reclaim: 0.1 ms]
      [Free CSet: 0.2 ms]
   [Eden: 60416.0K(60416.0K)->0.0B(91136.0K) Survivors: 44032.0K->13312.0K Heap: 802.8M(2048.0M)->557.4M(2048.0M)]
 [Times: user=0.07 sys=0.00, real=0.01 secs] 
2021-01-22T00:58:56.910+0800: 29.946: [GC pause (G1 Evacuation Pause) (mixed), 0.0089634 secs]
   [Parallel Time: 6.1 ms, GC Workers: 8]
      [GC Worker Start (ms): Min: 29946.3, Avg: 29946.4, Max: 29946.5, Diff: 0.3]
      [Ext Root Scanning (ms): Min: 0.0, Avg: 0.1, Max: 0.2, Diff: 0.2, Sum: 0.5]
      [Update RS (ms): Min: 1.7, Avg: 1.8, Max: 1.8, Diff: 0.1, Sum: 14.3]
         [Processed Buffers: Min: 18, Avg: 25.5, Max: 28, Diff: 10, Sum: 204]
      [Scan RS (ms): Min: 0.0, Avg: 0.0, Max: 0.0, Diff: 0.0, Sum: 0.1]
      [Code Root Scanning (ms): Min: 0.0, Avg: 0.0, Max: 0.0, Diff: 0.0, Sum: 0.0]
      [Object Copy (ms): Min: 3.4, Avg: 3.4, Max: 3.4, Diff: 0.1, Sum: 27.0]
      [Termination (ms): Min: 0.0, Avg: 0.0, Max: 0.1, Diff: 0.1, Sum: 0.3]
         [Termination Attempts: Min: 1, Avg: 1.0, Max: 1, Diff: 0, Sum: 8]
      [GC Worker Other (ms): Min: 0.0, Avg: 0.0, Max: 0.1, Diff: 0.1, Sum: 0.3]
      [GC Worker Total (ms): Min: 5.2, Avg: 5.3, Max: 5.6, Diff: 0.4, Sum: 42.6]
      [GC Worker End (ms): Min: 29951.7, Avg: 29951.7, Max: 29951.8, Diff: 0.1]
   [Code Root Fixup: 0.0 ms]
   [Code Root Purge: 0.0 ms]
   [Clear CT: 0.9 ms]
   [Other: 2.0 ms]
      [Choose CSet: 0.0 ms]
      [Ref Proc: 0.6 ms]
      [Ref Enq: 0.0 ms]
      [Redirty Cards: 0.9 ms]
      [Humongous Register: 0.1 ms]
      [Humongous Reclaim: 0.1 ms]
      [Free CSet: 0.1 ms]
   [Eden: 91136.0K(91136.0K)->0.0B(871.0M) Survivors: 13312.0K->13312.0K Heap: 670.7M(2048.0M)->573.0M(2048.0M)]
 [Times: user=0.04 sys=0.01, real=0.01 secs] 
2021-01-22T00:58:57.014+0800: 30.050: [GC pause (G1 Humongous Allocation) (young) (initial-mark), 0.0350463 secs]
   [Parallel Time: 30.3 ms, GC Workers: 8]
      [GC Worker Start (ms): Min: 30050.5, Avg: 30050.7, Max: 30050.9, Diff: 0.4]
      [Ext Root Scanning (ms): Min: 0.0, Avg: 0.5, Max: 1.0, Diff: 1.0, Sum: 4.2]
      [Update RS (ms): Min: 14.8, Avg: 15.4, Max: 15.7, Diff: 0.9, Sum: 123.0]
         [Processed Buffers: Min: 142, Avg: 195.1, Max: 231, Diff: 89, Sum: 1561]
      [Scan RS (ms): Min: 0.1, Avg: 0.1, Max: 0.2, Diff: 0.2, Sum: 0.9]
      [Code Root Scanning (ms): Min: 0.0, Avg: 0.0, Max: 0.0, Diff: 0.0, Sum: 0.0]
      [Object Copy (ms): Min: 13.2, Avg: 13.3, Max: 13.4, Diff: 0.1, Sum: 106.5]
      [Termination (ms): Min: 0.0, Avg: 0.1, Max: 0.1, Diff: 0.1, Sum: 0.5]
         [Termination Attempts: Min: 1, Avg: 1.0, Max: 1, Diff: 0, Sum: 8]
      [GC Worker Other (ms): Min: 0.0, Avg: 0.0, Max: 0.0, Diff: 0.0, Sum: 0.1]
      [GC Worker Total (ms): Min: 29.2, Avg: 29.4, Max: 29.6, Diff: 0.4, Sum: 235.2]
      [GC Worker End (ms): Min: 30080.1, Avg: 30080.1, Max: 30080.1, Diff: 0.0]
   [Code Root Fixup: 0.0 ms]
   [Code Root Purge: 0.0 ms]
   [Clear CT: 1.6 ms]
   [Other: 3.1 ms]
      [Choose CSet: 0.0 ms]
      [Ref Proc: 0.9 ms]
      [Ref Enq: 0.0 ms]
      [Redirty Cards: 1.3 ms]
      [Humongous Register: 0.1 ms]
      [Humongous Reclaim: 0.2 ms]
      [Free CSet: 0.3 ms]
   [Eden: 661.0M(871.0M)->0.0B(824.0M) Survivors: 13312.0K->111.0M Heap: 1427.4M(2048.0M)->737.9M(2048.0M)]
 [Times: user=0.24 sys=0.00, real=0.04 secs] 
2021-01-22T00:58:57.050+0800: 30.086: [GC concurrent-root-region-scan-start]
2021-01-22T00:58:57.051+0800: 30.086: [GC concurrent-root-region-scan-end, 0.0003215 secs]
2021-01-22T00:58:57.051+0800: 30.086: [GC concurrent-mark-start]
2021-01-22T00:58:57.053+0800: 30.089: [GC concurrent-mark-end, 0.0027512 secs]
2021-01-22T00:58:57.054+0800: 30.089: [GC remark 2021-01-22T00:58:57.054+0800: 30.090: [Finalize Marking, 0.0010041 secs] 2021-01-22T00:58:57.055+0800: 30.091: [GC ref-proc, 0.0005593 secs] 2021-01-22T00:58:57.056+0800: 30.092: [Unloading, 0.0009350 secs], 0.0055615 secs]
 [Times: user=0.01 sys=0.00, real=0.01 secs] 
2021-01-22T00:58:57.060+0800: 30.096: [GC cleanup 766M->675M(2048M), 0.0033376 secs]
 [Times: user=0.01 sys=0.01, real=0.00 secs] 
2021-01-22T00:58:57.064+0800: 30.100: [GC concurrent-cleanup-start]
2021-01-22T00:58:57.064+0800: 30.100: [GC concurrent-cleanup-end, 0.0001015 secs]
2021-01-22T00:58:57.177+0800: 30.213: [GC pause (G1 Evacuation Pause) (young) (to-space exhausted), 0.0382702 secs]
   [Parallel Time: 33.3 ms, GC Workers: 8]
      [GC Worker Start (ms): Min: 30213.2, Avg: 30213.5, Max: 30213.8, Diff: 0.5]
      [Ext Root Scanning (ms): Min: 0.0, Avg: 0.1, Max: 0.2, Diff: 0.2, Sum: 0.5]
      [Update RS (ms): Min: 14.0, Avg: 14.3, Max: 15.3, Diff: 1.3, Sum: 114.6]
         [Processed Buffers: Min: 142, Avg: 199.5, Max: 221, Diff: 79, Sum: 1596]
      [Scan RS (ms): Min: 0.1, Avg: 0.2, Max: 0.5, Diff: 0.3, Sum: 1.4]
      [Code Root Scanning (ms): Min: 0.0, Avg: 0.0, Max: 0.0, Diff: 0.0, Sum: 0.0]
      [Object Copy (ms): Min: 15.9, Avg: 17.1, Max: 17.9, Diff: 2.0, Sum: 136.9]
      [Termination (ms): Min: 0.0, Avg: 0.6, Max: 0.8, Diff: 0.8, Sum: 5.1]
         [Termination Attempts: Min: 1, Avg: 1.0, Max: 1, Diff: 0, Sum: 8]
      [GC Worker Other (ms): Min: 0.0, Avg: 0.0, Max: 0.0, Diff: 0.0, Sum: 0.1]
      [GC Worker Total (ms): Min: 32.0, Avg: 32.3, Max: 32.5, Diff: 0.5, Sum: 258.7]
      [GC Worker End (ms): Min: 30245.8, Avg: 30245.8, Max: 30245.8, Diff: 0.1]
   [Code Root Fixup: 0.0 ms]
   [Code Root Purge: 0.0 ms]
   [Clear CT: 1.1 ms]
   [Other: 3.9 ms]
      [Evacuation Failure: 0.8 ms]
      [Choose CSet: 0.0 ms]
      [Ref Proc: 0.9 ms]
      [Ref Enq: 0.0 ms]
      [Redirty Cards: 1.2 ms]
      [Humongous Register: 0.2 ms]
      [Humongous Reclaim: 0.2 ms]
      [Free CSet: 0.5 ms]
   [Eden: 824.0M(824.0M)->0.0B(7168.0K) Survivors: 111.0M->117.0M Heap: 1669.2M(2048.0M)->789.2M(2048.0M)]
 [Times: user=0.27 sys=0.00, real=0.04 secs] 
2021-01-22T00:58:57.217+0800: 30.253: [GC pause (G1 Evacuation Pause) (mixed), 0.0151707 secs]
   [Parallel Time: 12.2 ms, GC Workers: 8]
      [GC Worker Start (ms): Min: 30253.1, Avg: 30253.2, Max: 30253.4, Diff: 0.3]
      [Ext Root Scanning (ms): Min: 0.0, Avg: 0.1, Max: 0.2, Diff: 0.2, Sum: 0.5]
      [Update RS (ms): Min: 0.0, Avg: 0.1, Max: 0.1, Diff: 0.1, Sum: 0.8]
         [Processed Buffers: Min: 1, Avg: 2.6, Max: 4, Diff: 3, Sum: 21]
      [Scan RS (ms): Min: 0.0, Avg: 0.1, Max: 0.1, Diff: 0.1, Sum: 0.6]
      [Code Root Scanning (ms): Min: 0.0, Avg: 0.0, Max: 0.0, Diff: 0.0, Sum: 0.0]
      [Object Copy (ms): Min: 11.5, Avg: 11.5, Max: 11.6, Diff: 0.1, Sum: 92.0]
      [Termination (ms): Min: 0.0, Avg: 0.1, Max: 0.1, Diff: 0.1, Sum: 0.5]
         [Termination Attempts: Min: 1, Avg: 2.2, Max: 4, Diff: 3, Sum: 18]
      [GC Worker Other (ms): Min: 0.0, Avg: 0.0, Max: 0.0, Diff: 0.0, Sum: 0.1]
      [GC Worker Total (ms): Min: 11.7, Avg: 11.8, Max: 12.0, Diff: 0.3, Sum: 94.6]
      [GC Worker End (ms): Min: 30265.0, Avg: 30265.0, Max: 30265.1, Diff: 0.0]
   [Code Root Fixup: 0.0 ms]
   [Code Root Purge: 0.0 ms]
   [Clear CT: 0.9 ms]
   [Other: 2.1 ms]
      [Choose CSet: 0.1 ms]
      [Ref Proc: 0.7 ms]
      [Ref Enq: 0.0 ms]
      [Redirty Cards: 0.9 ms]
      [Humongous Register: 0.1 ms]
      [Humongous Reclaim: 0.0 ms]
      [Free CSet: 0.2 ms]
   [Eden: 7168.0K(7168.0K)->0.0B(928.0M) Survivors: 117.0M->1024.0K Heap: 796.9M(2048.0M)->628.4M(2048.0M)]
 [Times: user=0.10 sys=0.00, real=0.02 secs] 
2021-01-22T00:58:57.308+0800: 30.344: [GC pause (G1 Humongous Allocation) (young) (initial-mark), 0.0298730 secs]
   [Parallel Time: 26.6 ms, GC Workers: 8]
      [GC Worker Start (ms): Min: 30344.4, Avg: 30344.6, Max: 30344.8, Diff: 0.4]
      [Ext Root Scanning (ms): Min: 0.0, Avg: 0.4, Max: 0.6, Diff: 0.6, Sum: 3.2]
      [Update RS (ms): Min: 10.0, Avg: 10.1, Max: 10.2, Diff: 0.2, Sum: 80.6]
         [Processed Buffers: Min: 148, Avg: 152.6, Max: 156, Diff: 8, Sum: 1221]
      [Scan RS (ms): Min: 0.0, Avg: 0.1, Max: 0.1, Diff: 0.0, Sum: 0.5]
      [Code Root Scanning (ms): Min: 0.0, Avg: 0.0, Max: 0.0, Diff: 0.0, Sum: 0.0]
      [Object Copy (ms): Min: 10.7, Avg: 11.3, Max: 15.3, Diff: 4.6, Sum: 90.4]
      [Termination (ms): Min: 0.0, Avg: 4.0, Max: 4.6, Diff: 4.6, Sum: 31.9]
         [Termination Attempts: Min: 1, Avg: 1.6, Max: 3, Diff: 2, Sum: 13]
      [GC Worker Other (ms): Min: 0.0, Avg: 0.0, Max: 0.0, Diff: 0.0, Sum: 0.1]
      [GC Worker Total (ms): Min: 25.6, Avg: 25.8, Max: 26.0, Diff: 0.4, Sum: 206.7]
      [GC Worker End (ms): Min: 30370.4, Avg: 30370.4, Max: 30370.4, Diff: 0.0]
   [Code Root Fixup: 0.0 ms]
   [Code Root Purge: 0.0 ms]
   [Clear CT: 0.8 ms]
   [Other: 2.5 ms]
      [Choose CSet: 0.0 ms]
      [Ref Proc: 0.6 ms]
      [Ref Enq: 0.0 ms]
      [Redirty Cards: 0.9 ms]
      [Humongous Register: 0.2 ms]
      [Humongous Reclaim: 0.2 ms]
      [Free CSet: 0.3 ms]
   [Eden: 544.0M(928.0M)->0.0B(804.0M) Survivors: 1024.0K->117.0M Heap: 1323.5M(2048.0M)->762.1M(2048.0M)]
 [Times: user=0.21 sys=0.00, real=0.04 secs] 
2021-01-22T00:58:57.339+0800: 30.374: [GC concurrent-root-region-scan-start]
2021-01-22T00:58:57.339+0800: 30.375: [GC concurrent-root-region-scan-end, 0.0002656 secs]
2021-01-22T00:58:57.339+0800: 30.375: [GC concurrent-mark-start]
2021-01-22T00:58:57.342+0800: 30.378: [GC concurrent-mark-end, 0.0033748 secs]
2021-01-22T00:58:57.343+0800: 30.378: [GC remark 2021-01-22T00:58:57.343+0800: 30.379: [Finalize Marking, 0.0009368 secs] 2021-01-22T00:58:57.344+0800: 30.380: [GC ref-proc, 0.0006317 secs] 2021-01-22T00:58:57.345+0800: 30.381: [Unloading, 0.0013463 secs], 0.0054572 secs]
 [Times: user=0.01 sys=0.00, real=0.01 secs] 
2021-01-22T00:58:57.349+0800: 30.385: [GC cleanup 791M->658M(2048M), 0.0033940 secs]
 [Times: user=0.01 sys=0.00, real=0.00 secs] 
2021-01-22T00:58:57.353+0800: 30.389: [GC concurrent-cleanup-start]
2021-01-22T00:58:57.353+0800: 30.389: [GC concurrent-cleanup-end, 0.0000797 secs]
2021-01-22T00:58:57.470+0800: 30.506: [GC pause (G1 Evacuation Pause) (young), 0.0444564 secs]
   [Parallel Time: 40.2 ms, GC Workers: 8]
      [GC Worker Start (ms): Min: 30506.1, Avg: 30506.3, Max: 30506.4, Diff: 0.3]
      [Ext Root Scanning (ms): Min: 0.0, Avg: 0.1, Max: 0.2, Diff: 0.2, Sum: 0.5]
      [Update RS (ms): Min: 17.3, Avg: 18.1, Max: 22.6, Diff: 5.4, Sum: 144.5]
         [Processed Buffers: Min: 149, Avg: 216.6, Max: 246, Diff: 97, Sum: 1733]
      [Scan RS (ms): Min: 0.1, Avg: 0.2, Max: 0.6, Diff: 0.5, Sum: 1.7]
      [Code Root Scanning (ms): Min: 0.0, Avg: 0.0, Max: 0.0, Diff: 0.0, Sum: 0.0]
      [Object Copy (ms): Min: 14.0, Avg: 19.2, Max: 22.1, Diff: 8.1, Sum: 154.0]
      [Termination (ms): Min: 0.0, Avg: 2.1, Max: 2.5, Diff: 2.4, Sum: 16.5]
         [Termination Attempts: Min: 1, Avg: 1.1, Max: 2, Diff: 1, Sum: 9]
      [GC Worker Other (ms): Min: 0.0, Avg: 0.0, Max: 0.1, Diff: 0.1, Sum: 0.3]
      [GC Worker Total (ms): Min: 39.5, Avg: 39.7, Max: 39.8, Diff: 0.3, Sum: 317.5]
      [GC Worker End (ms): Min: 30545.9, Avg: 30546.0, Max: 30546.0, Diff: 0.1]
   [Code Root Fixup: 0.0 ms]
   [Code Root Purge: 0.0 ms]
   [Clear CT: 0.7 ms]
   [Other: 3.5 ms]
      [Choose CSet: 0.0 ms]
      [Ref Proc: 1.1 ms]
      [Ref Enq: 0.0 ms]
      [Redirty Cards: 0.9 ms]
      [Humongous Register: 0.2 ms]
      [Humongous Reclaim: 0.5 ms]
      [Free CSet: 0.5 ms]
   [Eden: 804.0M(804.0M)->0.0B(7168.0K) Survivors: 117.0M->116.0M Heap: 1648.6M(2048.0M)->729.2M(2048.0M)]
 [Times: user=0.33 sys=0.00, real=0.04 secs] 
2021-01-22T00:58:57.516+0800: 30.552: [GC pause (G1 Evacuation Pause) (mixed), 0.0161009 secs]
   [Parallel Time: 12.7 ms, GC Workers: 8]
      [GC Worker Start (ms): Min: 30552.6, Avg: 30552.9, Max: 30554.2, Diff: 1.6]
      [Ext Root Scanning (ms): Min: 0.0, Avg: 0.1, Max: 0.2, Diff: 0.2, Sum: 0.5]
      [Update RS (ms): Min: 0.0, Avg: 0.3, Max: 0.4, Diff: 0.3, Sum: 2.3]
         [Processed Buffers: Min: 0, Avg: 4.4, Max: 5, Diff: 5, Sum: 35]
      [Scan RS (ms): Min: 0.0, Avg: 0.1, Max: 0.2, Diff: 0.1, Sum: 0.7]
      [Code Root Scanning (ms): Min: 0.0, Avg: 0.0, Max: 0.0, Diff: 0.0, Sum: 0.0]
      [Object Copy (ms): Min: 9.8, Avg: 10.9, Max: 11.9, Diff: 2.1, Sum: 87.5]
      [Termination (ms): Min: 0.0, Avg: 0.8, Max: 0.9, Diff: 0.9, Sum: 6.3]
         [Termination Attempts: Min: 1, Avg: 1.0, Max: 1, Diff: 0, Sum: 8]
      [GC Worker Other (ms): Min: 0.0, Avg: 0.0, Max: 0.0, Diff: 0.0, Sum: 0.1]
      [GC Worker Total (ms): Min: 10.9, Avg: 12.2, Max: 12.5, Diff: 1.7, Sum: 97.4]
      [GC Worker End (ms): Min: 30565.1, Avg: 30565.1, Max: 30565.1, Diff: 0.1]
   [Code Root Fixup: 0.0 ms]
   [Code Root Purge: 0.0 ms]
   [Clear CT: 0.9 ms]
   [Other: 2.5 ms]
      [Choose CSet: 0.1 ms]
      [Ref Proc: 1.0 ms]
      [Ref Enq: 0.0 ms]
      [Redirty Cards: 0.9 ms]
      [Humongous Register: 0.1 ms]
      [Humongous Reclaim: 0.1 ms]
      [Free CSet: 0.2 ms]
   [Eden: 7168.0K(7168.0K)->0.0B(114.0M) Survivors: 116.0M->2048.0K Heap: 739.4M(2048.0M)->575.6M(2048.0M)]
 [Times: user=0.09 sys=0.01, real=0.02 secs] 
2021-01-22T00:58:57.549+0800: 30.585: [GC pause (G1 Evacuation Pause) (young), 0.0089239 secs]
   [Parallel Time: 5.7 ms, GC Workers: 8]
      [GC Worker Start (ms): Min: 30585.3, Avg: 30585.5, Max: 30585.7, Diff: 0.3]
      [Ext Root Scanning (ms): Min: 0.0, Avg: 0.1, Max: 0.2, Diff: 0.2, Sum: 0.5]
      [Update RS (ms): Min: 2.0, Avg: 2.1, Max: 2.1, Diff: 0.2, Sum: 16.5]
         [Processed Buffers: Min: 26, Avg: 30.4, Max: 32, Diff: 6, Sum: 243]
      [Scan RS (ms): Min: 0.0, Avg: 0.0, Max: 0.0, Diff: 0.0, Sum: 0.1]
      [Code Root Scanning (ms): Min: 0.0, Avg: 0.0, Max: 0.0, Diff: 0.0, Sum: 0.0]
      [Object Copy (ms): Min: 3.0, Avg: 3.1, Max: 3.1, Diff: 0.1, Sum: 24.7]
      [Termination (ms): Min: 0.0, Avg: 0.1, Max: 0.1, Diff: 0.1, Sum: 0.6]
         [Termination Attempts: Min: 1, Avg: 1.0, Max: 1, Diff: 0, Sum: 8]
      [GC Worker Other (ms): Min: 0.0, Avg: 0.0, Max: 0.0, Diff: 0.0, Sum: 0.1]
      [GC Worker Total (ms): Min: 5.2, Avg: 5.3, Max: 5.5, Diff: 0.3, Sum: 42.5]
      [GC Worker End (ms): Min: 30590.8, Avg: 30590.8, Max: 30590.8, Diff: 0.0]
   [Code Root Fixup: 0.0 ms]
   [Code Root Purge: 0.0 ms]
   [Clear CT: 0.9 ms]
   [Other: 2.3 ms]
      [Choose CSet: 0.0 ms]
      [Ref Proc: 0.9 ms]
      [Ref Enq: 0.0 ms]
      [Redirty Cards: 0.8 ms]
      [Humongous Register: 0.1 ms]
      [Humongous Reclaim: 0.1 ms]
      [Free CSet: 0.1 ms]
   [Eden: 114.0M(114.0M)->0.0B(120.0M) Survivors: 2048.0K->15360.0K Heap: 718.8M(2048.0M)->615.4M(2048.0M)]
 [Times: user=0.05 sys=0.00, real=0.01 secs] 
2021-01-22T00:58:57.579+0800: 30.615: [GC pause (G1 Evacuation Pause) (young), 0.0089435 secs]
   [Parallel Time: 6.1 ms, GC Workers: 8]
      [GC Worker Start (ms): Min: 30615.1, Avg: 30615.3, Max: 30615.4, Diff: 0.3]
      [Ext Root Scanning (ms): Min: 0.0, Avg: 0.1, Max: 0.3, Diff: 0.3, Sum: 0.7]
      [Update RS (ms): Min: 1.9, Avg: 2.0, Max: 2.0, Diff: 0.1, Sum: 15.9]
         [Processed Buffers: Min: 29, Avg: 30.1, Max: 32, Diff: 3, Sum: 241]
      [Scan RS (ms): Min: 0.0, Avg: 0.0, Max: 0.0, Diff: 0.0, Sum: 0.1]
      [Code Root Scanning (ms): Min: 0.0, Avg: 0.0, Max: 0.0, Diff: 0.0, Sum: 0.0]
      [Object Copy (ms): Min: 3.6, Avg: 3.6, Max: 3.7, Diff: 0.1, Sum: 29.0]
      [Termination (ms): Min: 0.0, Avg: 0.1, Max: 0.1, Diff: 0.1, Sum: 0.5]
         [Termination Attempts: Min: 1, Avg: 1.0, Max: 1, Diff: 0, Sum: 8]
      [GC Worker Other (ms): Min: 0.0, Avg: 0.0, Max: 0.0, Diff: 0.0, Sum: 0.1]
      [GC Worker Total (ms): Min: 5.6, Avg: 5.8, Max: 6.0, Diff: 0.3, Sum: 46.2]
      [GC Worker End (ms): Min: 30621.0, Avg: 30621.0, Max: 30621.0, Diff: 0.0]
   [Code Root Fixup: 0.0 ms]
   [Code Root Purge: 0.0 ms]
   [Clear CT: 1.1 ms]
   [Other: 1.8 ms]
      [Choose CSet: 0.0 ms]
      [Ref Proc: 0.4 ms]
      [Ref Enq: 0.0 ms]
      [Redirty Cards: 0.8 ms]
      [Humongous Register: 0.2 ms]
      [Humongous Reclaim: 0.1 ms]
      [Free CSet: 0.1 ms]
   [Eden: 120.0M(120.0M)->0.0B(193.0M) Survivors: 15360.0K->17408.0K Heap: 764.4M(2048.0M)->644.4M(2048.0M)]
 [Times: user=0.05 sys=0.00, real=0.01 secs] 
2021-01-22T00:58:57.615+0800: 30.651: [GC pause (G1 Evacuation Pause) (young), 0.0144389 secs]
   [Parallel Time: 10.5 ms, GC Workers: 8]
      [GC Worker Start (ms): Min: 30651.2, Avg: 30651.4, Max: 30651.6, Diff: 0.3]
      [Ext Root Scanning (ms): Min: 0.0, Avg: 0.1, Max: 0.2, Diff: 0.2, Sum: 0.5]
      [Update RS (ms): Min: 3.3, Avg: 3.4, Max: 3.5, Diff: 0.1, Sum: 27.3]
         [Processed Buffers: Min: 50, Avg: 52.0, Max: 53, Diff: 3, Sum: 416]
      [Scan RS (ms): Min: 0.0, Avg: 0.0, Max: 0.0, Diff: 0.0, Sum: 0.2]
      [Code Root Scanning (ms): Min: 0.0, Avg: 0.0, Max: 0.0, Diff: 0.0, Sum: 0.0]
      [Object Copy (ms): Min: 5.9, Avg: 6.0, Max: 6.1, Diff: 0.2, Sum: 48.3]
      [Termination (ms): Min: 0.0, Avg: 0.1, Max: 0.3, Diff: 0.3, Sum: 1.0]
         [Termination Attempts: Min: 1, Avg: 1.0, Max: 1, Diff: 0, Sum: 8]
      [GC Worker Other (ms): Min: 0.0, Avg: 0.0, Max: 0.0, Diff: 0.0, Sum: 0.1]
      [GC Worker Total (ms): Min: 9.5, Avg: 9.7, Max: 9.9, Diff: 0.3, Sum: 77.3]
      [GC Worker End (ms): Min: 30661.1, Avg: 30661.1, Max: 30661.1, Diff: 0.1]
   [Code Root Fixup: 0.0 ms]
   [Code Root Purge: 0.0 ms]
   [Clear CT: 1.3 ms]
   [Other: 2.7 ms]
      [Choose CSet: 0.0 ms]
      [Ref Proc: 1.4 ms]
      [Ref Enq: 0.0 ms]
      [Redirty Cards: 0.8 ms]
      [Humongous Register: 0.1 ms]
      [Humongous Reclaim: 0.1 ms]
      [Free CSet: 0.1 ms]
   [Eden: 193.0M(193.0M)->0.0B(215.0M) Survivors: 17408.0K->27648.0K Heap: 888.1M(2048.0M)->701.7M(2048.0M)]
 [Times: user=0.09 sys=0.00, real=0.02 secs] 
2021-01-22T00:58:57.660+0800: 30.696: [GC pause (G1 Evacuation Pause) (young), 0.0186156 secs]
   [Parallel Time: 12.8 ms, GC Workers: 8]
      [GC Worker Start (ms): Min: 30696.7, Avg: 30696.8, Max: 30696.9, Diff: 0.3]
      [Ext Root Scanning (ms): Min: 0.0, Avg: 0.1, Max: 0.2, Diff: 0.2, Sum: 0.5]
      [Update RS (ms): Min: 4.2, Avg: 4.2, Max: 4.3, Diff: 0.1, Sum: 33.8]
         [Processed Buffers: Min: 30, Avg: 60.9, Max: 67, Diff: 37, Sum: 487]
      [Scan RS (ms): Min: 0.0, Avg: 0.0, Max: 0.1, Diff: 0.0, Sum: 0.2]
      [Code Root Scanning (ms): Min: 0.0, Avg: 0.0, Max: 0.0, Diff: 0.0, Sum: 0.0]
      [Object Copy (ms): Min: 7.4, Avg: 7.4, Max: 7.7, Diff: 0.3, Sum: 59.5]
      [Termination (ms): Min: 0.0, Avg: 0.2, Max: 0.3, Diff: 0.3, Sum: 2.0]
         [Termination Attempts: Min: 1, Avg: 1.0, Max: 1, Diff: 0, Sum: 8]
      [GC Worker Other (ms): Min: 0.0, Avg: 0.0, Max: 0.0, Diff: 0.0, Sum: 0.1]
      [GC Worker Total (ms): Min: 11.9, Avg: 12.0, Max: 12.2, Diff: 0.3, Sum: 96.0]
      [GC Worker End (ms): Min: 30708.8, Avg: 30708.8, Max: 30708.8, Diff: 0.1]
   [Code Root Fixup: 0.0 ms]
   [Code Root Purge: 0.0 ms]
   [Clear CT: 1.0 ms]
   [Other: 4.8 ms]
      [Choose CSet: 0.0 ms]
      [Ref Proc: 3.1 ms]
      [Ref Enq: 0.0 ms]
      [Redirty Cards: 1.1 ms]
      [Humongous Register: 0.1 ms]
      [Humongous Reclaim: 0.1 ms]
      [Free CSet: 0.1 ms]
   [Eden: 215.0M(215.0M)->0.0B(263.0M) Survivors: 27648.0K->31744.0K Heap: 976.5M(2048.0M)->747.6M(2048.0M)]
 [Times: user=0.11 sys=0.01, real=0.02 secs] 
2021-01-22T00:58:57.719+0800: 30.755: [GC pause (G1 Evacuation Pause) (young), 0.0187034 secs]
   [Parallel Time: 14.9 ms, GC Workers: 8]
      [GC Worker Start (ms): Min: 30754.7, Avg: 30755.1, Max: 30755.7, Diff: 1.0]
      [Ext Root Scanning (ms): Min: 0.0, Avg: 0.1, Max: 0.3, Diff: 0.3, Sum: 0.6]
      [Update RS (ms): Min: 3.8, Avg: 4.4, Max: 4.5, Diff: 0.8, Sum: 35.4]
         [Processed Buffers: Min: 58, Avg: 68.1, Max: 71, Diff: 13, Sum: 545]
      [Scan RS (ms): Min: 0.0, Avg: 0.0, Max: 0.0, Diff: 0.0, Sum: 0.2]
      [Code Root Scanning (ms): Min: 0.0, Avg: 0.0, Max: 0.0, Diff: 0.0, Sum: 0.0]
      [Object Copy (ms): Min: 8.9, Avg: 9.0, Max: 9.4, Diff: 0.5, Sum: 72.0]
      [Termination (ms): Min: 0.0, Avg: 0.4, Max: 0.5, Diff: 0.5, Sum: 3.4]
         [Termination Attempts: Min: 1, Avg: 1.0, Max: 1, Diff: 0, Sum: 8]
      [GC Worker Other (ms): Min: 0.0, Avg: 0.0, Max: 0.0, Diff: 0.0, Sum: 0.1]
      [GC Worker Total (ms): Min: 13.3, Avg: 14.0, Max: 14.3, Diff: 1.0, Sum: 111.7]
      [GC Worker End (ms): Min: 30769.0, Avg: 30769.0, Max: 30769.0, Diff: 0.0]
   [Code Root Fixup: 0.0 ms]
   [Code Root Purge: 0.0 ms]
   [Clear CT: 1.0 ms]
   [Other: 2.9 ms]
      [Choose CSet: 0.0 ms]
      [Ref Proc: 1.4 ms]
      [Ref Enq: 0.0 ms]
      [Redirty Cards: 0.9 ms]
      [Humongous Register: 0.1 ms]
      [Humongous Reclaim: 0.1 ms]
      [Free CSet: 0.1 ms]
   [Eden: 263.0M(263.0M)->0.0B(347.0M) Survivors: 31744.0K->37888.0K Heap: 1077.5M(2048.0M)->813.1M(2048.0M)]
 [Times: user=0.12 sys=0.00, real=0.01 secs] 
2021-01-22T00:58:57.771+0800: 30.807: [GC pause (G1 Humongous Allocation) (young) (initial-mark), 0.0438087 secs]
   [Parallel Time: 24.5 ms, GC Workers: 8]
      [GC Worker Start (ms): Min: 30806.9, Avg: 30807.1, Max: 30807.2, Diff: 0.3]
      [Ext Root Scanning (ms): Min: 0.0, Avg: 0.3, Max: 0.5, Diff: 0.4, Sum: 2.5]
      [Update RS (ms): Min: 3.8, Avg: 4.7, Max: 10.5, Diff: 6.7, Sum: 37.8]
         [Processed Buffers: Min: 11, Avg: 54.9, Max: 63, Diff: 52, Sum: 439]
      [Scan RS (ms): Min: 0.0, Avg: 0.0, Max: 0.1, Diff: 0.1, Sum: 0.2]
      [Code Root Scanning (ms): Min: 0.0, Avg: 0.0, Max: 0.0, Diff: 0.0, Sum: 0.0]
      [Object Copy (ms): Min: 1.9, Avg: 13.5, Max: 17.7, Diff: 15.8, Sum: 108.1]
      [Termination (ms): Min: 0.0, Avg: 3.9, Max: 10.9, Diff: 10.9, Sum: 30.8]
         [Termination Attempts: Min: 1, Avg: 1.1, Max: 2, Diff: 1, Sum: 9]
      [GC Worker Other (ms): Min: 0.0, Avg: 0.0, Max: 0.0, Diff: 0.0, Sum: 0.1]
      [GC Worker Total (ms): Min: 21.8, Avg: 22.4, Max: 24.3, Diff: 2.5, Sum: 179.5]
      [GC Worker End (ms): Min: 30829.0, Avg: 30829.5, Max: 30831.2, Diff: 2.2]
   [Code Root Fixup: 0.0 ms]
   [Code Root Purge: 0.0 ms]
   [Clear CT: 0.7 ms]
   [Other: 18.6 ms]
      [Choose CSet: 0.0 ms]
      [Ref Proc: 16.8 ms]
      [Ref Enq: 0.0 ms]
      [Redirty Cards: 1.1 ms]
      [Humongous Register: 0.2 ms]
      [Humongous Reclaim: 0.1 ms]
      [Free CSet: 0.2 ms]
   [Eden: 179.0M(347.0M)->0.0B(300.0M) Survivors: 37888.0K->49152.0K Heap: 1045.4M(2048.0M)->860.1M(2048.0M)]
 [Times: user=0.22 sys=0.03, real=0.04 secs] 
2021-01-22T00:58:57.815+0800: 30.851: [GC concurrent-root-region-scan-start]
2021-01-22T00:58:57.815+0800: 30.851: [GC concurrent-root-region-scan-end, 0.0002547 secs]
2021-01-22T00:58:57.815+0800: 30.851: [GC concurrent-mark-start]
2021-01-22T00:58:57.819+0800: 30.854: [GC concurrent-mark-end, 0.0031776 secs]
2021-01-22T00:58:57.819+0800: 30.855: [GC remark 2021-01-22T00:58:57.819+0800: 30.855: [Finalize Marking, 0.0026339 secs] 2021-01-22T00:58:57.822+0800: 30.858: [GC ref-proc, 0.0005832 secs] 2021-01-22T00:58:57.823+0800: 30.859: [Unloading, 0.0017406 secs], 0.0079001 secs]
 [Times: user=0.02 sys=0.00, real=0.00 secs] 
2021-01-22T00:58:57.828+0800: 30.863: [GC cleanup 878M->698M(2048M), 0.0039006 secs]
 [Times: user=0.01 sys=0.01, real=0.01 secs] 
2021-01-22T00:58:57.832+0800: 30.868: [GC concurrent-cleanup-start]
2021-01-22T00:58:57.832+0800: 30.868: [GC concurrent-cleanup-end, 0.0001563 secs]
2021-01-22T00:58:57.876+0800: 30.912: [GC pause (G1 Evacuation Pause) (young), 0.0232304 secs]
   [Parallel Time: 18.1 ms, GC Workers: 8]
      [GC Worker Start (ms): Min: 30912.0, Avg: 30912.1, Max: 30912.3, Diff: 0.3]
      [Ext Root Scanning (ms): Min: 0.0, Avg: 0.1, Max: 0.2, Diff: 0.2, Sum: 0.5]
      [Update RS (ms): Min: 5.7, Avg: 5.8, Max: 5.8, Diff: 0.2, Sum: 46.2]
         [Processed Buffers: Min: 80, Avg: 86.5, Max: 89, Diff: 9, Sum: 692]
      [Scan RS (ms): Min: 0.0, Avg: 0.0, Max: 0.1, Diff: 0.0, Sum: 0.3]
      [Code Root Scanning (ms): Min: 0.0, Avg: 0.0, Max: 0.0, Diff: 0.0, Sum: 0.0]
      [Object Copy (ms): Min: 9.6, Avg: 9.9, Max: 11.6, Diff: 1.9, Sum: 79.4]
      [Termination (ms): Min: 0.0, Avg: 1.7, Max: 2.0, Diff: 2.0, Sum: 13.7]
         [Termination Attempts: Min: 1, Avg: 1.0, Max: 1, Diff: 0, Sum: 8]
      [GC Worker Other (ms): Min: 0.0, Avg: 0.0, Max: 0.0, Diff: 0.0, Sum: 0.1]
      [GC Worker Total (ms): Min: 17.4, Avg: 17.5, Max: 17.7, Diff: 0.3, Sum: 140.2]
      [GC Worker End (ms): Min: 30929.6, Avg: 30929.7, Max: 30929.7, Diff: 0.1]
   [Code Root Fixup: 0.0 ms]
   [Code Root Purge: 0.0 ms]
   [Clear CT: 0.6 ms]
   [Other: 4.5 ms]
      [Choose CSet: 0.0 ms]
      [Ref Proc: 3.5 ms]
      [Ref Enq: 0.0 ms]
      [Redirty Cards: 0.4 ms]
      [Humongous Register: 0.1 ms]
      [Humongous Reclaim: 0.1 ms]
      [Free CSet: 0.1 ms]
   [Eden: 300.0M(300.0M)->0.0B(59392.0K) Survivors: 49152.0K->45056.0K Heap: 1065.4M(2048.0M)->751.4M(2048.0M)]
 [Times: user=0.16 sys=0.01, real=0.03 secs] 
2021-01-22T00:58:57.907+0800: 30.943: [GC pause (G1 Evacuation Pause) (mixed), 0.0134846 secs]
   [Parallel Time: 11.0 ms, GC Workers: 8]
      [GC Worker Start (ms): Min: 30943.0, Avg: 30943.5, Max: 30946.1, Diff: 3.1]
      [Ext Root Scanning (ms): Min: 0.0, Avg: 0.1, Max: 0.2, Diff: 0.2, Sum: 0.7]
      [Update RS (ms): Min: 0.0, Avg: 1.0, Max: 1.2, Diff: 1.2, Sum: 8.0]
         [Processed Buffers: Min: 0, Avg: 15.5, Max: 18, Diff: 18, Sum: 124]
      [Scan RS (ms): Min: 0.1, Avg: 0.1, Max: 0.2, Diff: 0.1, Sum: 0.9]
      [Code Root Scanning (ms): Min: 0.0, Avg: 0.0, Max: 0.0, Diff: 0.0, Sum: 0.1]
      [Object Copy (ms): Min: 5.3, Avg: 7.3, Max: 9.3, Diff: 3.9, Sum: 58.8]
      [Termination (ms): Min: 0.0, Avg: 1.7, Max: 2.1, Diff: 2.1, Sum: 13.5]
         [Termination Attempts: Min: 1, Avg: 4.0, Max: 11, Diff: 10, Sum: 32]
      [GC Worker Other (ms): Min: 0.0, Avg: 0.0, Max: 0.0, Diff: 0.0, Sum: 0.1]
      [GC Worker Total (ms): Min: 7.6, Avg: 10.2, Max: 10.7, Diff: 3.1, Sum: 81.8]
      [GC Worker End (ms): Min: 30953.7, Avg: 30953.7, Max: 30953.7, Diff: 0.0]
   [Code Root Fixup: 0.0 ms]
   [Code Root Purge: 0.0 ms]
   [Clear CT: 0.6 ms]
   [Other: 1.9 ms]
      [Choose CSet: 0.1 ms]
      [Ref Proc: 1.0 ms]
      [Ref Enq: 0.0 ms]
      [Redirty Cards: 0.4 ms]
      [Humongous Register: 0.1 ms]
      [Humongous Reclaim: 0.1 ms]
      [Free CSet: 0.2 ms]
   [Eden: 59392.0K(59392.0K)->0.0B(91136.0K) Survivors: 45056.0K->13312.0K Heap: 823.8M(2048.0M)->588.0M(2048.0M)]
 [Times: user=0.08 sys=0.01, real=0.02 secs] 
2021-01-22T00:58:57.933+0800: 30.969: [GC pause (G1 Evacuation Pause) (mixed), 0.0075873 secs]
   [Parallel Time: 5.4 ms, GC Workers: 8]
      [GC Worker Start (ms): Min: 30969.1, Avg: 30969.2, Max: 30969.3, Diff: 0.3]
      [Ext Root Scanning (ms): Min: 0.0, Avg: 0.1, Max: 0.2, Diff: 0.2, Sum: 0.5]
      [Update RS (ms): Min: 1.1, Avg: 1.1, Max: 1.2, Diff: 0.1, Sum: 9.2]
         [Processed Buffers: Min: 16, Avg: 18.0, Max: 21, Diff: 5, Sum: 144]
      [Scan RS (ms): Min: 0.0, Avg: 0.0, Max: 0.1, Diff: 0.1, Sum: 0.3]
      [Code Root Scanning (ms): Min: 0.0, Avg: 0.0, Max: 0.0, Diff: 0.0, Sum: 0.0]
      [Object Copy (ms): Min: 3.6, Avg: 3.6, Max: 3.6, Diff: 0.1, Sum: 28.7]
      [Termination (ms): Min: 0.0, Avg: 0.0, Max: 0.1, Diff: 0.1, Sum: 0.2]
         [Termination Attempts: Min: 1, Avg: 1.0, Max: 1, Diff: 0, Sum: 8]
      [GC Worker Other (ms): Min: 0.0, Avg: 0.0, Max: 0.0, Diff: 0.0, Sum: 0.1]
      [GC Worker Total (ms): Min: 4.7, Avg: 4.9, Max: 5.0, Diff: 0.3, Sum: 39.0]
      [GC Worker End (ms): Min: 30974.1, Avg: 30974.1, Max: 30974.1, Diff: 0.0]
   [Code Root Fixup: 0.0 ms]
   [Code Root Purge: 0.0 ms]
   [Clear CT: 0.6 ms]
   [Other: 1.6 ms]
      [Choose CSet: 0.0 ms]
      [Ref Proc: 0.6 ms]
      [Ref Enq: 0.0 ms]
      [Redirty Cards: 0.5 ms]
      [Humongous Register: 0.1 ms]
      [Humongous Reclaim: 0.1 ms]
      [Free CSet: 0.1 ms]
   [Eden: 91136.0K(91136.0K)->0.0B(717.0M) Survivors: 13312.0K->13312.0K Heap: 693.7M(2048.0M)->579.6M(2048.0M)]
 [Times: user=0.04 sys=0.00, real=0.01 secs] 
2021-01-22T00:58:58.040+0800: 31.076: [GC pause (G1 Humongous Allocation) (young) (initial-mark), 0.0394636 secs]
   [Parallel Time: 33.9 ms, GC Workers: 8]
      [GC Worker Start (ms): Min: 31076.0, Avg: 31076.2, Max: 31076.4, Diff: 0.4]
      [Ext Root Scanning (ms): Min: 0.0, Avg: 1.4, Max: 8.7, Diff: 8.7, Sum: 11.3]
      [Update RS (ms): Min: 6.2, Avg: 13.7, Max: 15.2, Diff: 9.0, Sum: 109.6]
         [Processed Buffers: Min: 99, Avg: 186.9, Max: 239, Diff: 140, Sum: 1495]
      [Scan RS (ms): Min: 0.0, Avg: 0.1, Max: 0.1, Diff: 0.1, Sum: 0.7]
      [Code Root Scanning (ms): Min: 0.0, Avg: 0.0, Max: 0.0, Diff: 0.0, Sum: 0.0]
      [Object Copy (ms): Min: 14.7, Avg: 15.5, Max: 17.7, Diff: 3.0, Sum: 124.3]
      [Termination (ms): Min: 0.0, Avg: 2.6, Max: 3.3, Diff: 3.3, Sum: 20.9]
         [Termination Attempts: Min: 1, Avg: 1.0, Max: 1, Diff: 0, Sum: 8]
      [GC Worker Other (ms): Min: 0.0, Avg: 0.1, Max: 0.2, Diff: 0.2, Sum: 0.8]
      [GC Worker Total (ms): Min: 33.3, Avg: 33.5, Max: 33.7, Diff: 0.4, Sum: 267.8]
      [GC Worker End (ms): Min: 31109.6, Avg: 31109.6, Max: 31109.7, Diff: 0.2]
   [Code Root Fixup: 0.0 ms]
   [Code Root Purge: 0.0 ms]
   [Clear CT: 0.5 ms]
   [Other: 5.0 ms]
      [Choose CSet: 0.0 ms]
      [Ref Proc: 3.9 ms]
      [Ref Enq: 0.0 ms]
      [Redirty Cards: 0.4 ms]
      [Humongous Register: 0.1 ms]
      [Humongous Reclaim: 0.2 ms]
      [Free CSet: 0.2 ms]
   [Eden: 686.0M(717.0M)->0.0B(749.0M) Survivors: 13312.0K->94208.0K Heap: 1450.6M(2048.0M)->735.3M(2048.0M)]
 [Times: user=0.29 sys=0.00, real=0.04 secs] 
2021-01-22T00:58:58.080+0800: 31.116: [GC concurrent-root-region-scan-start]
2021-01-22T00:58:58.080+0800: 31.116: [GC concurrent-root-region-scan-end, 0.0002394 secs]
2021-01-22T00:58:58.080+0800: 31.116: [GC concurrent-mark-start]
2021-01-22T00:58:58.083+0800: 31.119: [GC concurrent-mark-end, 0.0027008 secs]
2021-01-22T00:58:58.083+0800: 31.119: [GC remark 2021-01-22T00:58:58.083+0800: 31.119: [Finalize Marking, 0.0047511 secs] 2021-01-22T00:58:58.088+0800: 31.124: [GC ref-proc, 0.0003456 secs] 2021-01-22T00:58:58.089+0800: 31.124: [Unloading, 0.0009830 secs], 0.0080565 secs]
 [Times: user=0.03 sys=0.00, real=0.01 secs] 
2021-01-22T00:58:58.092+0800: 31.128: [GC cleanup 759M->665M(2048M), 0.0032054 secs]
 [Times: user=0.01 sys=0.00, real=0.00 secs] 
2021-01-22T00:58:58.095+0800: 31.131: [GC concurrent-cleanup-start]
2021-01-22T00:58:58.096+0800: 31.131: [GC concurrent-cleanup-end, 0.0000939 secs]
2021-01-22T00:58:58.201+0800: 31.237: [GC pause (G1 Evacuation Pause) (young), 0.0352345 secs]
   [Parallel Time: 32.9 ms, GC Workers: 8]
      [GC Worker Start (ms): Min: 31237.2, Avg: 31237.4, Max: 31237.5, Diff: 0.3]
      [Ext Root Scanning (ms): Min: 0.0, Avg: 0.1, Max: 0.2, Diff: 0.2, Sum: 0.5]
      [Update RS (ms): Min: 14.6, Avg: 14.7, Max: 15.4, Diff: 0.8, Sum: 117.6]
         [Processed Buffers: Min: 177, Avg: 207.2, Max: 225, Diff: 48, Sum: 1658]
      [Scan RS (ms): Min: 0.1, Avg: 0.1, Max: 0.3, Diff: 0.2, Sum: 1.2]
      [Code Root Scanning (ms): Min: 0.0, Avg: 0.0, Max: 0.0, Diff: 0.0, Sum: 0.0]
      [Object Copy (ms): Min: 15.9, Avg: 16.8, Max: 17.7, Diff: 1.8, Sum: 134.2]
      [Termination (ms): Min: 0.0, Avg: 0.8, Max: 1.0, Diff: 1.0, Sum: 6.4]
         [Termination Attempts: Min: 1, Avg: 1.2, Max: 3, Diff: 2, Sum: 10]
      [GC Worker Other (ms): Min: 0.0, Avg: 0.0, Max: 0.1, Diff: 0.1, Sum: 0.2]
      [GC Worker Total (ms): Min: 32.4, Avg: 32.5, Max: 32.6, Diff: 0.3, Sum: 260.2]
      [GC Worker End (ms): Min: 31269.9, Avg: 31269.9, Max: 31270.0, Diff: 0.1]
   [Code Root Fixup: 0.0 ms]
   [Code Root Purge: 0.0 ms]
   [Clear CT: 0.5 ms]
   [Other: 1.8 ms]
      [Choose CSet: 0.0 ms]
      [Ref Proc: 0.6 ms]
      [Ref Enq: 0.0 ms]
      [Redirty Cards: 0.5 ms]
      [Humongous Register: 0.2 ms]
      [Humongous Reclaim: 0.2 ms]
      [Free CSet: 0.3 ms]
   [Eden: 749.0M(749.0M)->0.0B(7168.0K) Survivors: 94208.0K->106.0M Heap: 1596.3M(2048.0M)->767.0M(2048.0M)]
 [Times: user=0.27 sys=0.00, real=0.03 secs] 
2021-01-22T00:58:58.238+0800: 31.274: [GC pause (G1 Evacuation Pause) (mixed), 0.0171192 secs]
   [Parallel Time: 13.7 ms, GC Workers: 8]
      [GC Worker Start (ms): Min: 31273.8, Avg: 31273.9, Max: 31274.1, Diff: 0.3]
      [Ext Root Scanning (ms): Min: 0.0, Avg: 0.1, Max: 0.2, Diff: 0.2, Sum: 0.5]
      [Update RS (ms): Min: 0.0, Avg: 0.2, Max: 0.4, Diff: 0.4, Sum: 1.4]
         [Processed Buffers: Min: 0, Avg: 2.4, Max: 4, Diff: 4, Sum: 19]
      [Scan RS (ms): Min: 0.0, Avg: 0.1, Max: 0.1, Diff: 0.1, Sum: 0.5]
      [Code Root Scanning (ms): Min: 0.0, Avg: 0.0, Max: 0.0, Diff: 0.0, Sum: 0.0]
      [Object Copy (ms): Min: 10.8, Avg: 11.2, Max: 13.2, Diff: 2.4, Sum: 89.7]
      [Termination (ms): Min: 0.0, Avg: 2.0, Max: 2.3, Diff: 2.3, Sum: 15.7]
         [Termination Attempts: Min: 1, Avg: 1.0, Max: 1, Diff: 0, Sum: 8]
      [GC Worker Other (ms): Min: 0.0, Avg: 0.0, Max: 0.0, Diff: 0.0, Sum: 0.1]
      [GC Worker Total (ms): Min: 13.3, Avg: 13.5, Max: 13.6, Diff: 0.3, Sum: 108.0]
      [GC Worker End (ms): Min: 31287.4, Avg: 31287.4, Max: 31287.4, Diff: 0.0]
   [Code Root Fixup: 0.0 ms]
   [Code Root Purge: 0.0 ms]
   [Clear CT: 0.6 ms]
   [Other: 2.8 ms]
      [Choose CSet: 0.1 ms]
      [Ref Proc: 1.9 ms]
      [Ref Enq: 0.0 ms]
      [Redirty Cards: 0.4 ms]
      [Humongous Register: 0.1 ms]
      [Humongous Reclaim: 0.0 ms]
      [Free CSet: 0.2 ms]
   [Eden: 7168.0K(7168.0K)->0.0B(780.0M) Survivors: 106.0M->3072.0K Heap: 775.2M(2048.0M)->601.7M(2048.0M)]
 [Times: user=0.11 sys=0.01, real=0.02 secs] 
2021-01-22T00:58:58.339+0800: 31.375: [GC pause (G1 Humongous Allocation) (young) (initial-mark), 0.0307822 secs]
   [Parallel Time: 26.2 ms, GC Workers: 8]
      [GC Worker Start (ms): Min: 31375.7, Avg: 31375.9, Max: 31376.0, Diff: 0.3]
      [Ext Root Scanning (ms): Min: 0.1, Avg: 0.4, Max: 0.6, Diff: 0.5, Sum: 2.9]
      [Update RS (ms): Min: 12.1, Avg: 12.3, Max: 13.4, Diff: 1.3, Sum: 98.6]
         [Processed Buffers: Min: 121, Avg: 162.1, Max: 187, Diff: 66, Sum: 1297]
      [Scan RS (ms): Min: 0.1, Avg: 0.1, Max: 0.3, Diff: 0.3, Sum: 1.0]
      [Code Root Scanning (ms): Min: 0.0, Avg: 0.0, Max: 0.0, Diff: 0.0, Sum: 0.0]
      [Object Copy (ms): Min: 10.6, Avg: 12.1, Max: 12.9, Diff: 2.3, Sum: 96.5]
      [Termination (ms): Min: 0.0, Avg: 0.7, Max: 0.8, Diff: 0.8, Sum: 5.4]
         [Termination Attempts: Min: 1, Avg: 1.1, Max: 2, Diff: 1, Sum: 9]
      [GC Worker Other (ms): Min: 0.0, Avg: 0.0, Max: 0.0, Diff: 0.0, Sum: 0.1]
      [GC Worker Total (ms): Min: 25.4, Avg: 25.6, Max: 25.7, Diff: 0.3, Sum: 204.5]
      [GC Worker End (ms): Min: 31401.4, Avg: 31401.4, Max: 31401.5, Diff: 0.0]
   [Code Root Fixup: 0.0 ms]
   [Code Root Purge: 0.0 ms]
   [Clear CT: 0.7 ms]
   [Other: 3.9 ms]
      [Choose CSet: 0.0 ms]
      [Ref Proc: 2.5 ms]
      [Ref Enq: 0.0 ms]
      [Redirty Cards: 0.6 ms]
      [Humongous Register: 0.1 ms]
      [Humongous Reclaim: 0.2 ms]
      [Free CSet: 0.2 ms]
   [Eden: 615.0M(780.0M)->0.0B(804.0M) Survivors: 3072.0K->100352.0K Heap: 1377.1M(2048.0M)->746.2M(2048.0M)]
 [Times: user=0.21 sys=0.01, real=0.03 secs] 
2021-01-22T00:58:58.371+0800: 31.407: [GC concurrent-root-region-scan-start]
2021-01-22T00:58:58.371+0800: 31.407: [GC concurrent-root-region-scan-end, 0.0003476 secs]
2021-01-22T00:58:58.371+0800: 31.407: [GC concurrent-mark-start]
2021-01-22T00:58:58.374+0800: 31.410: [GC concurrent-mark-end, 0.0024977 secs]
2021-01-22T00:58:58.374+0800: 31.410: [GC remark 2021-01-22T00:58:58.374+0800: 31.410: [Finalize Marking, 0.0021339 secs] 2021-01-22T00:58:58.377+0800: 31.413: [GC ref-proc, 0.0004439 secs] 2021-01-22T00:58:58.377+0800: 31.413: [Unloading, 0.0011746 secs], 0.0057463 secs]
 [Times: user=0.01 sys=0.01, real=0.01 secs] 
2021-01-22T00:58:58.380+0800: 31.416: [GC cleanup 775M->653M(2048M), 0.0033671 secs]
 [Times: user=0.00 sys=0.00, real=0.00 secs] 
2021-01-22T00:58:58.384+0800: 31.420: [GC concurrent-cleanup-start]
2021-01-22T00:58:58.385+0800: 31.420: [GC concurrent-cleanup-end, 0.0000944 secs]
2021-01-22T00:58:58.501+0800: 31.537: [GC pause (G1 Evacuation Pause) (young), 0.0407934 secs]
   [Parallel Time: 36.6 ms, GC Workers: 8]
      [GC Worker Start (ms): Min: 31537.1, Avg: 31538.1, Max: 31544.0, Diff: 6.9]
      [Ext Root Scanning (ms): Min: 0.0, Avg: 0.1, Max: 0.2, Diff: 0.2, Sum: 0.5]
      [Update RS (ms): Min: 9.9, Avg: 16.0, Max: 18.2, Diff: 8.3, Sum: 127.7]
         [Processed Buffers: Min: 142, Avg: 202.5, Max: 254, Diff: 112, Sum: 1620]
      [Scan RS (ms): Min: 0.0, Avg: 0.2, Max: 0.5, Diff: 0.4, Sum: 1.8]
      [Code Root Scanning (ms): Min: 0.0, Avg: 0.0, Max: 0.0, Diff: 0.0, Sum: 0.0]
      [Object Copy (ms): Min: 15.9, Avg: 17.7, Max: 19.3, Diff: 3.3, Sum: 141.8]
      [Termination (ms): Min: 0.0, Avg: 1.3, Max: 1.6, Diff: 1.6, Sum: 10.6]
         [Termination Attempts: Min: 1, Avg: 1.0, Max: 1, Diff: 0, Sum: 8]
      [GC Worker Other (ms): Min: 0.0, Avg: 0.0, Max: 0.0, Diff: 0.0, Sum: 0.1]
      [GC Worker Total (ms): Min: 29.3, Avg: 35.3, Max: 36.3, Diff: 6.9, Sum: 282.4]
      [GC Worker End (ms): Min: 31573.4, Avg: 31573.4, Max: 31573.4, Diff: 0.1]
   [Code Root Fixup: 0.0 ms]
   [Code Root Purge: 0.0 ms]
   [Clear CT: 0.9 ms]
   [Other: 3.3 ms]
      [Choose CSet: 0.0 ms]
      [Ref Proc: 1.8 ms]
      [Ref Enq: 0.0 ms]
      [Redirty Cards: 0.6 ms]
      [Humongous Register: 0.2 ms]
      [Humongous Reclaim: 0.3 ms]
      [Free CSet: 0.3 ms]
   [Eden: 804.0M(804.0M)->0.0B(7168.0K) Survivors: 100352.0K->113.0M Heap: 1629.5M(2048.0M)->727.3M(2048.0M)]
 [Times: user=0.28 sys=0.02, real=0.04 secs] 
2021-01-22T00:58:58.544+0800: 31.580: [GC pause (G1 Evacuation Pause) (mixed), 0.0191994 secs]
   [Parallel Time: 14.2 ms, GC Workers: 8]
      [GC Worker Start (ms): Min: 31579.8, Avg: 31579.9, Max: 31580.1, Diff: 0.3]
      [Ext Root Scanning (ms): Min: 0.0, Avg: 0.1, Max: 0.2, Diff: 0.2, Sum: 0.6]
      [Update RS (ms): Min: 0.3, Avg: 0.4, Max: 0.4, Diff: 0.1, Sum: 3.0]
         [Processed Buffers: Min: 1, Avg: 5.2, Max: 7, Diff: 6, Sum: 42]
      [Scan RS (ms): Min: 0.0, Avg: 0.1, Max: 0.1, Diff: 0.1, Sum: 0.6]
      [Code Root Scanning (ms): Min: 0.0, Avg: 0.0, Max: 0.0, Diff: 0.0, Sum: 0.0]
      [Object Copy (ms): Min: 10.6, Avg: 11.1, Max: 13.3, Diff: 2.6, Sum: 88.6]
      [Termination (ms): Min: 0.0, Avg: 2.2, Max: 2.6, Diff: 2.6, Sum: 17.5]
         [Termination Attempts: Min: 1, Avg: 1.0, Max: 1, Diff: 0, Sum: 8]
      [GC Worker Other (ms): Min: 0.0, Avg: 0.0, Max: 0.0, Diff: 0.0, Sum: 0.1]
      [GC Worker Total (ms): Min: 13.7, Avg: 13.8, Max: 14.0, Diff: 0.3, Sum: 110.4]
      [GC Worker End (ms): Min: 31593.7, Avg: 31593.7, Max: 31593.8, Diff: 0.0]
   [Code Root Fixup: 0.0 ms]
   [Code Root Purge: 0.0 ms]
   [Clear CT: 0.6 ms]
   [Other: 4.4 ms]
      [Choose CSet: 0.1 ms]
      [Ref Proc: 3.3 ms]
      [Ref Enq: 0.0 ms]
      [Redirty Cards: 0.6 ms]
      [Humongous Register: 0.1 ms]
      [Humongous Reclaim: 0.0 ms]
      [Free CSet: 0.1 ms]
   [Eden: 7168.0K(7168.0K)->0.0B(936.0M) Survivors: 113.0M->2048.0K Heap: 738.4M(2048.0M)->593.4M(2048.0M)]
 [Times: user=0.14 sys=0.00, real=0.02 secs] 
2021-01-22T00:58:58.655+0800: 31.690: [GC pause (G1 Humongous Allocation) (young) (initial-mark), 0.0404313 secs]
   [Parallel Time: 35.3 ms, GC Workers: 8]
      [GC Worker Start (ms): Min: 31690.8, Avg: 31691.0, Max: 31691.2, Diff: 0.3]
      [Ext Root Scanning (ms): Min: 0.0, Avg: 0.4, Max: 0.5, Diff: 0.4, Sum: 2.8]
      [Update RS (ms): Min: 12.8, Avg: 13.3, Max: 15.8, Diff: 3.0, Sum: 106.1]
         [Processed Buffers: Min: 79, Avg: 169.0, Max: 201, Diff: 122, Sum: 1352]
      [Scan RS (ms): Min: 0.0, Avg: 0.5, Max: 3.4, Diff: 3.4, Sum: 4.3]
      [Code Root Scanning (ms): Min: 0.0, Avg: 0.0, Max: 0.0, Diff: 0.0, Sum: 0.0]
      [Object Copy (ms): Min: 9.3, Avg: 13.4, Max: 21.3, Diff: 12.0, Sum: 107.1]
      [Termination (ms): Min: 0.0, Avg: 7.1, Max: 8.7, Diff: 8.7, Sum: 56.7]
         [Termination Attempts: Min: 1, Avg: 1.0, Max: 1, Diff: 0, Sum: 8]
      [GC Worker Other (ms): Min: 0.0, Avg: 0.0, Max: 0.0, Diff: 0.0, Sum: 0.1]
      [GC Worker Total (ms): Min: 34.5, Avg: 34.6, Max: 34.8, Diff: 0.4, Sum: 277.2]
      [GC Worker End (ms): Min: 31725.6, Avg: 31725.6, Max: 31725.7, Diff: 0.1]
   [Code Root Fixup: 0.0 ms]
   [Code Root Purge: 0.0 ms]
   [Clear CT: 0.7 ms]
   [Other: 4.4 ms]
      [Choose CSet: 0.0 ms]
      [Ref Proc: 2.7 ms]
      [Ref Enq: 0.0 ms]
      [Redirty Cards: 0.8 ms]
      [Humongous Register: 0.2 ms]
      [Humongous Reclaim: 0.2 ms]
      [Free CSet: 0.3 ms]
   [Eden: 632.0M(936.0M)->0.0B(823.0M) Survivors: 2048.0K->118.0M Heap: 1393.1M(2048.0M)->741.3M(2048.0M)]
 [Times: user=0.30 sys=0.00, real=0.04 secs] 
2021-01-22T00:58:58.696+0800: 31.732: [GC concurrent-root-region-scan-start]
2021-01-22T00:58:58.696+0800: 31.732: [GC concurrent-root-region-scan-end, 0.0001718 secs]
2021-01-22T00:58:58.696+0800: 31.732: [GC concurrent-mark-start]
2021-01-22T00:58:58.698+0800: 31.734: [GC concurrent-mark-end, 0.0022730 secs]
2021-01-22T00:58:58.698+0800: 31.734: [GC remark 2021-01-22T00:58:58.699+0800: 31.735: [Finalize Marking, 0.0009661 secs] 2021-01-22T00:58:58.700+0800: 31.736: [GC ref-proc, 0.0004346 secs] 2021-01-22T00:58:58.701+0800: 31.737: [Unloading, 0.0010923 secs], 0.0044988 secs]
 [Times: user=0.01 sys=0.00, real=0.00 secs] 
2021-01-22T00:58:58.703+0800: 31.739: [GC cleanup 752M->631M(2048M), 0.0023593 secs]
 [Times: user=0.00 sys=0.00, real=0.00 secs] 
2021-01-22T00:58:58.706+0800: 31.742: [GC concurrent-cleanup-start]
2021-01-22T00:58:58.706+0800: 31.742: [GC concurrent-cleanup-end, 0.0000783 secs]
2021-01-22T00:58:58.841+0800: 31.876: [GC pause (G1 Evacuation Pause) (young) (to-space exhausted), 0.0416612 secs]
   [Parallel Time: 37.6 ms, GC Workers: 8]
      [GC Worker Start (ms): Min: 31876.8, Avg: 31877.0, Max: 31877.2, Diff: 0.3]
      [Ext Root Scanning (ms): Min: 0.0, Avg: 0.1, Max: 0.2, Diff: 0.2, Sum: 0.5]
      [Update RS (ms): Min: 18.2, Avg: 18.8, Max: 20.8, Diff: 2.7, Sum: 150.5]
         [Processed Buffers: Min: 165, Avg: 217.5, Max: 261, Diff: 96, Sum: 1740]
      [Scan RS (ms): Min: 0.1, Avg: 0.2, Max: 0.4, Diff: 0.3, Sum: 1.8]
      [Code Root Scanning (ms): Min: 0.0, Avg: 0.0, Max: 0.0, Diff: 0.0, Sum: 0.0]
      [Object Copy (ms): Min: 15.6, Avg: 17.8, Max: 18.6, Diff: 3.0, Sum: 142.6]
      [Termination (ms): Min: 0.0, Avg: 0.1, Max: 0.1, Diff: 0.1, Sum: 0.7]
         [Termination Attempts: Min: 1, Avg: 1.5, Max: 2, Diff: 1, Sum: 12]
      [GC Worker Other (ms): Min: 0.0, Avg: 0.1, Max: 0.2, Diff: 0.2, Sum: 0.7]
      [GC Worker Total (ms): Min: 36.8, Avg: 37.1, Max: 37.2, Diff: 0.4, Sum: 296.8]
      [GC Worker End (ms): Min: 31914.0, Avg: 31914.1, Max: 31914.2, Diff: 0.2]
   [Code Root Fixup: 0.0 ms]
   [Code Root Purge: 0.0 ms]
   [Clear CT: 0.5 ms]
   [Other: 3.5 ms]
      [Evacuation Failure: 0.5 ms]
      [Choose CSet: 0.0 ms]
      [Ref Proc: 1.7 ms]
      [Ref Enq: 0.0 ms]
      [Redirty Cards: 0.4 ms]
      [Humongous Register: 0.2 ms]
      [Humongous Reclaim: 0.3 ms]
      [Free CSet: 0.3 ms]
   [Eden: 823.0M(823.0M)->0.0B(7168.0K) Survivors: 118.0M->118.0M Heap: 1659.6M(2048.0M)->807.6M(2048.0M)]
 [Times: user=0.31 sys=0.01, real=0.04 secs] 
2021-01-22T00:58:58.884+0800: 31.920: [GC pause (G1 Evacuation Pause) (mixed), 0.0169308 secs]
   [Parallel Time: 15.1 ms, GC Workers: 8]
      [GC Worker Start (ms): Min: 31920.0, Avg: 31920.8, Max: 31923.3, Diff: 3.3]
      [Ext Root Scanning (ms): Min: 0.0, Avg: 0.1, Max: 0.2, Diff: 0.2, Sum: 0.5]
      [Update RS (ms): Min: 0.0, Avg: 0.2, Max: 0.2, Diff: 0.2, Sum: 1.3]
         [Processed Buffers: Min: 0, Avg: 3.2, Max: 5, Diff: 5, Sum: 26]
      [Scan RS (ms): Min: 0.1, Avg: 0.1, Max: 0.1, Diff: 0.1, Sum: 0.7]
      [Code Root Scanning (ms): Min: 0.0, Avg: 0.0, Max: 0.0, Diff: 0.0, Sum: 0.0]
      [Object Copy (ms): Min: 8.1, Avg: 11.0, Max: 14.4, Diff: 6.3, Sum: 87.9]
      [Termination (ms): Min: 0.0, Avg: 2.8, Max: 3.3, Diff: 3.3, Sum: 22.4]
         [Termination Attempts: Min: 1, Avg: 1.2, Max: 2, Diff: 1, Sum: 10]
      [GC Worker Other (ms): Min: 0.0, Avg: 0.0, Max: 0.0, Diff: 0.0, Sum: 0.1]
      [GC Worker Total (ms): Min: 11.6, Avg: 14.1, Max: 14.9, Diff: 3.3, Sum: 112.9]
      [GC Worker End (ms): Min: 31934.9, Avg: 31934.9, Max: 31935.0, Diff: 0.1]
   [Code Root Fixup: 0.0 ms]
   [Code Root Purge: 0.0 ms]
   [Clear CT: 0.5 ms]
   [Other: 1.4 ms]
      [Choose CSet: 0.1 ms]
      [Ref Proc: 0.5 ms]
      [Ref Enq: 0.0 ms]
      [Redirty Cards: 0.4 ms]
      [Humongous Register: 0.1 ms]
      [Humongous Reclaim: 0.1 ms]
      [Free CSet: 0.2 ms]
   [Eden: 7168.0K(7168.0K)->0.0B(897.0M) Survivors: 118.0M->3072.0K Heap: 816.0M(2048.0M)->663.7M(2048.0M)]
 [Times: user=0.12 sys=0.00, real=0.02 secs] 
2021-01-22T00:58:58.980+0800: 32.015: [GC pause (G1 Humongous Allocation) (young) (initial-mark), 0.0246515 secs]
   [Parallel Time: 21.5 ms, GC Workers: 8]
      [GC Worker Start (ms): Min: 32015.9, Avg: 32016.0, Max: 32016.2, Diff: 0.4]
      [Ext Root Scanning (ms): Min: 0.0, Avg: 0.3, Max: 0.5, Diff: 0.5, Sum: 2.8]
      [Update RS (ms): Min: 8.6, Avg: 8.7, Max: 8.8, Diff: 0.3, Sum: 69.3]
         [Processed Buffers: Min: 118, Avg: 129.8, Max: 135, Diff: 17, Sum: 1038]
      [Scan RS (ms): Min: 0.0, Avg: 0.1, Max: 0.1, Diff: 0.0, Sum: 0.4]
      [Code Root Scanning (ms): Min: 0.0, Avg: 0.0, Max: 0.0, Diff: 0.0, Sum: 0.0]
      [Object Copy (ms): Min: 11.5, Avg: 11.5, Max: 11.5, Diff: 0.1, Sum: 92.0]
      [Termination (ms): Min: 0.0, Avg: 0.1, Max: 0.1, Diff: 0.1, Sum: 0.4]
         [Termination Attempts: Min: 1, Avg: 1.0, Max: 1, Diff: 0, Sum: 8]
      [GC Worker Other (ms): Min: 0.0, Avg: 0.0, Max: 0.0, Diff: 0.0, Sum: 0.1]
      [GC Worker Total (ms): Min: 20.5, Avg: 20.6, Max: 20.8, Diff: 0.3, Sum: 165.1]
      [GC Worker End (ms): Min: 32036.7, Avg: 32036.7, Max: 32036.7, Diff: 0.0]
   [Code Root Fixup: 0.0 ms]
   [Code Root Purge: 0.0 ms]
   [Clear CT: 0.8 ms]
   [Other: 2.4 ms]
      [Choose CSet: 0.0 ms]
      [Ref Proc: 0.4 ms]
      [Ref Enq: 0.0 ms]
      [Redirty Cards: 1.1 ms]
      [Humongous Register: 0.2 ms]
      [Humongous Reclaim: 0.2 ms]
      [Free CSet: 0.2 ms]
   [Eden: 490.0M(897.0M)->0.0B(774.0M) Survivors: 3072.0K->113.0M Heap: 1282.0M(2048.0M)->799.3M(2048.0M)]
 [Times: user=0.17 sys=0.00, real=0.02 secs] 
2021-01-22T00:58:59.005+0800: 32.041: [GC concurrent-root-region-scan-start]
2021-01-22T00:58:59.005+0800: 32.041: [GC concurrent-root-region-scan-end, 0.0002172 secs]
2021-01-22T00:58:59.005+0800: 32.041: [GC concurrent-mark-start]
2021-01-22T00:58:59.008+0800: 32.043: [GC concurrent-mark-end, 0.0024556 secs]
2021-01-22T00:58:59.008+0800: 32.044: [GC remark 2021-01-22T00:58:59.008+0800: 32.044: [Finalize Marking, 0.0009332 secs] 2021-01-22T00:58:59.009+0800: 32.045: [GC ref-proc, 0.0004607 secs] 2021-01-22T00:58:59.010+0800: 32.046: [Unloading, 0.0012203 secs], 0.0048059 secs]
 [Times: user=0.01 sys=0.00, real=0.01 secs] 
2021-01-22T00:58:59.014+0800: 32.049: [GC cleanup 825M->674M(2048M), 0.0036151 secs]
 [Times: user=0.01 sys=0.00, real=0.00 secs] 
2021-01-22T00:58:59.018+0800: 32.054: [GC concurrent-cleanup-start]
2021-01-22T00:58:59.018+0800: 32.054: [GC concurrent-cleanup-end, 0.0001268 secs]
2021-01-22T00:58:59.148+0800: 32.184: [GC pause (G1 Evacuation Pause) (young), 0.0360104 secs]
   [Parallel Time: 33.3 ms, GC Workers: 8]
      [GC Worker Start (ms): Min: 32184.4, Avg: 32184.5, Max: 32184.7, Diff: 0.3]
      [Ext Root Scanning (ms): Min: 0.0, Avg: 0.1, Max: 0.2, Diff: 0.2, Sum: 0.5]
      [Update RS (ms): Min: 13.7, Avg: 13.8, Max: 13.8, Diff: 0.1, Sum: 110.4]
         [Processed Buffers: Min: 199, Avg: 205.2, Max: 211, Diff: 12, Sum: 1642]
      [Scan RS (ms): Min: 0.1, Avg: 0.1, Max: 0.2, Diff: 0.0, Sum: 1.0]
      [Code Root Scanning (ms): Min: 0.0, Avg: 0.0, Max: 0.0, Diff: 0.0, Sum: 0.0]
      [Object Copy (ms): Min: 18.5, Avg: 18.6, Max: 18.6, Diff: 0.1, Sum: 148.9]
      [Termination (ms): Min: 0.0, Avg: 0.0, Max: 0.1, Diff: 0.1, Sum: 0.3]
         [Termination Attempts: Min: 1, Avg: 1.0, Max: 1, Diff: 0, Sum: 8]
      [GC Worker Other (ms): Min: 0.0, Avg: 0.1, Max: 0.3, Diff: 0.3, Sum: 1.0]
      [GC Worker Total (ms): Min: 32.5, Avg: 32.8, Max: 33.0, Diff: 0.4, Sum: 262.1]
      [GC Worker End (ms): Min: 32217.2, Avg: 32217.3, Max: 32217.5, Diff: 0.3]
   [Code Root Fixup: 0.0 ms]
   [Code Root Purge: 0.0 ms]
   [Clear CT: 0.5 ms]
   [Other: 2.2 ms]
      [Choose CSet: 0.0 ms]
      [Ref Proc: 0.6 ms]
      [Ref Enq: 0.0 ms]
      [Redirty Cards: 0.7 ms]
      [Humongous Register: 0.1 ms]
      [Humongous Reclaim: 0.3 ms]
      [Free CSet: 0.3 ms]
   [Eden: 774.0M(774.0M)->0.0B(7168.0K) Survivors: 113.0M->111.0M Heap: 1626.3M(2048.0M)->755.4M(2048.0M)]
 [Times: user=0.27 sys=0.00, real=0.03 secs] 
2021-01-22T00:58:59.186+0800: 32.222: [GC pause (G1 Evacuation Pause) (mixed), 0.0133827 secs]
   [Parallel Time: 11.6 ms, GC Workers: 8]
      [GC Worker Start (ms): Min: 32222.2, Avg: 32222.3, Max: 32222.4, Diff: 0.2]
      [Ext Root Scanning (ms): Min: 0.0, Avg: 0.1, Max: 0.2, Diff: 0.2, Sum: 0.6]
      [Update RS (ms): Min: 0.2, Avg: 0.3, Max: 0.3, Diff: 0.1, Sum: 2.1]
         [Processed Buffers: Min: 3, Avg: 4.4, Max: 5, Diff: 2, Sum: 35]
      [Scan RS (ms): Min: 0.0, Avg: 0.1, Max: 0.1, Diff: 0.1, Sum: 0.6]
      [Code Root Scanning (ms): Min: 0.0, Avg: 0.0, Max: 0.0, Diff: 0.0, Sum: 0.1]
      [Object Copy (ms): Min: 10.5, Avg: 10.6, Max: 10.7, Diff: 0.2, Sum: 84.7]
      [Termination (ms): Min: 0.0, Avg: 0.1, Max: 0.1, Diff: 0.1, Sum: 0.8]
         [Termination Attempts: Min: 1, Avg: 1.9, Max: 4, Diff: 3, Sum: 15]
      [GC Worker Other (ms): Min: 0.0, Avg: 0.0, Max: 0.0, Diff: 0.0, Sum: 0.1]
      [GC Worker Total (ms): Min: 11.0, Avg: 11.1, Max: 11.2, Diff: 0.2, Sum: 89.0]
      [GC Worker End (ms): Min: 32233.4, Avg: 32233.4, Max: 32233.4, Diff: 0.0]
   [Code Root Fixup: 0.0 ms]
   [Code Root Purge: 0.0 ms]
   [Clear CT: 0.4 ms]
   [Other: 1.4 ms]
      [Choose CSet: 0.1 ms]
      [Ref Proc: 0.5 ms]
      [Ref Enq: 0.0 ms]
      [Redirty Cards: 0.4 ms]
      [Humongous Register: 0.1 ms]
      [Humongous Reclaim: 0.0 ms]
      [Free CSet: 0.2 ms]
   [Eden: 7168.0K(7168.0K)->0.0B(951.0M) Survivors: 111.0M->3072.0K Heap: 765.6M(2048.0M)->590.3M(2048.0M)]
 [Times: user=0.09 sys=0.01, real=0.02 secs] 
2021-01-22T00:58:59.300+0800: 32.336: [GC pause (G1 Humongous Allocation) (young) (initial-mark), 0.0305575 secs]
   [Parallel Time: 26.2 ms, GC Workers: 8]
      [GC Worker Start (ms): Min: 32336.3, Avg: 32336.5, Max: 32336.7, Diff: 0.4]
      [Ext Root Scanning (ms): Min: 0.0, Avg: 0.4, Max: 0.6, Diff: 0.6, Sum: 3.4]
      [Update RS (ms): Min: 11.9, Avg: 12.0, Max: 12.2, Diff: 0.3, Sum: 95.9]
         [Processed Buffers: Min: 167, Avg: 175.8, Max: 182, Diff: 15, Sum: 1406]
      [Scan RS (ms): Min: 0.1, Avg: 0.1, Max: 0.1, Diff: 0.0, Sum: 0.7]
      [Code Root Scanning (ms): Min: 0.0, Avg: 0.0, Max: 0.0, Diff: 0.0, Sum: 0.0]
      [Object Copy (ms): Min: 12.8, Avg: 12.8, Max: 12.8, Diff: 0.0, Sum: 102.4]
      [Termination (ms): Min: 0.0, Avg: 0.0, Max: 0.1, Diff: 0.1, Sum: 0.3]
         [Termination Attempts: Min: 1, Avg: 1.0, Max: 1, Diff: 0, Sum: 8]
      [GC Worker Other (ms): Min: 0.0, Avg: 0.0, Max: 0.0, Diff: 0.0, Sum: 0.1]
      [GC Worker Total (ms): Min: 25.1, Avg: 25.3, Max: 25.5, Diff: 0.4, Sum: 202.8]
      [GC Worker End (ms): Min: 32361.8, Avg: 32361.9, Max: 32361.9, Diff: 0.0]
   [Code Root Fixup: 0.0 ms]
   [Code Root Purge: 0.0 ms]
   [Clear CT: 1.2 ms]
   [Other: 3.1 ms]
      [Choose CSet: 0.0 ms]
      [Ref Proc: 1.1 ms]
      [Ref Enq: 0.0 ms]
      [Redirty Cards: 1.0 ms]
      [Humongous Register: 0.2 ms]
      [Humongous Reclaim: 0.3 ms]
      [Free CSet: 0.3 ms]
   [Eden: 721.0M(951.0M)->0.0B(846.0M) Survivors: 3072.0K->120.0M Heap: 1485.1M(2048.0M)->732.4M(2048.0M)]
 [Times: user=0.20 sys=0.00, real=0.03 secs] 
2021-01-22T00:58:59.331+0800: 32.367: [GC concurrent-root-region-scan-start]
2021-01-22T00:58:59.332+0800: 32.368: [GC concurrent-root-region-scan-end, 0.0002491 secs]
2021-01-22T00:58:59.332+0800: 32.368: [GC concurrent-mark-start]
2021-01-22T00:58:59.334+0800: 32.370: [GC concurrent-mark-end, 0.0023333 secs]
2021-01-22T00:58:59.334+0800: 32.370: [GC remark 2021-01-22T00:58:59.335+0800: 32.371: [Finalize Marking, 0.0009492 secs] 2021-01-22T00:58:59.336+0800: 32.372: [GC ref-proc, 0.0004976 secs] 2021-01-22T00:58:59.337+0800: 32.373: [Unloading, 0.0014331 secs], 0.0055511 secs]
 [Times: user=0.00 sys=0.01, real=0.01 secs] 
2021-01-22T00:58:59.341+0800: 32.377: [GC cleanup 753M->618M(2048M), 0.0031751 secs]
 [Times: user=0.01 sys=0.00, real=0.00 secs] 
2021-01-22T00:58:59.344+0800: 32.380: [GC concurrent-cleanup-start]
2021-01-22T00:58:59.345+0800: 32.381: [GC concurrent-cleanup-end, 0.0001411 secs]
2021-01-22T00:58:59.463+0800: 32.499: [GC pause (G1 Evacuation Pause) (young) (to-space exhausted), 0.0398298 secs]
   [Parallel Time: 34.0 ms, GC Workers: 8]
      [GC Worker Start (ms): Min: 32499.2, Avg: 32499.4, Max: 32499.5, Diff: 0.3]
      [Ext Root Scanning (ms): Min: 0.0, Avg: 0.1, Max: 0.2, Diff: 0.2, Sum: 0.5]
      [Update RS (ms): Min: 14.0, Avg: 14.1, Max: 14.1, Diff: 0.1, Sum: 112.5]
         [Processed Buffers: Min: 205, Avg: 213.2, Max: 218, Diff: 13, Sum: 1706]
      [Scan RS (ms): Min: 0.1, Avg: 0.1, Max: 0.2, Diff: 0.0, Sum: 1.0]
      [Code Root Scanning (ms): Min: 0.0, Avg: 0.0, Max: 0.0, Diff: 0.0, Sum: 0.0]
      [Object Copy (ms): Min: 18.6, Avg: 18.6, Max: 18.7, Diff: 0.1, Sum: 149.1]
      [Termination (ms): Min: 0.0, Avg: 0.1, Max: 0.1, Diff: 0.1, Sum: 0.7]
         [Termination Attempts: Min: 1, Avg: 2.1, Max: 3, Diff: 2, Sum: 17]
      [GC Worker Other (ms): Min: 0.0, Avg: 0.0, Max: 0.0, Diff: 0.0, Sum: 0.1]
      [GC Worker Total (ms): Min: 32.9, Avg: 33.0, Max: 33.2, Diff: 0.3, Sum: 264.0]
      [GC Worker End (ms): Min: 32532.3, Avg: 32532.4, Max: 32532.4, Diff: 0.0]
   [Code Root Fixup: 0.0 ms]
   [Code Root Purge: 0.0 ms]
   [Clear CT: 1.1 ms]
   [Other: 4.8 ms]
      [Evacuation Failure: 1.6 ms]
      [Choose CSet: 0.0 ms]
      [Ref Proc: 1.1 ms]
      [Ref Enq: 0.0 ms]
      [Redirty Cards: 1.1 ms]
      [Humongous Register: 0.2 ms]
      [Humongous Reclaim: 0.4 ms]
      [Free CSet: 0.3 ms]
   [Eden: 846.0M(846.0M)->0.0B(7168.0K) Survivors: 120.0M->121.0M Heap: 1655.5M(2048.0M)->744.5M(2048.0M)]
 [Times: user=0.28 sys=0.00, real=0.04 secs] 
2021-01-22T00:58:59.505+0800: 32.541: [GC pause (G1 Evacuation Pause) (mixed), 0.0165023 secs]
   [Parallel Time: 12.8 ms, GC Workers: 8]
      [GC Worker Start (ms): Min: 32540.9, Avg: 32541.7, Max: 32546.4, Diff: 5.4]
      [Ext Root Scanning (ms): Min: 0.0, Avg: 0.1, Max: 0.2, Diff: 0.2, Sum: 0.6]
      [Update RS (ms): Min: 0.0, Avg: 0.1, Max: 0.2, Diff: 0.2, Sum: 0.8]
         [Processed Buffers: Min: 0, Avg: 2.5, Max: 4, Diff: 4, Sum: 20]
      [Scan RS (ms): Min: 0.0, Avg: 0.1, Max: 0.1, Diff: 0.1, Sum: 0.7]
      [Code Root Scanning (ms): Min: 0.0, Avg: 0.0, Max: 0.1, Diff: 0.1, Sum: 0.1]
      [Object Copy (ms): Min: 6.0, Avg: 10.6, Max: 11.8, Diff: 5.8, Sum: 85.2]
      [Termination (ms): Min: 0.0, Avg: 0.5, Max: 0.6, Diff: 0.6, Sum: 4.1]
         [Termination Attempts: Min: 1, Avg: 1.6, Max: 3, Diff: 2, Sum: 13]
      [GC Worker Other (ms): Min: 0.0, Avg: 0.0, Max: 0.0, Diff: 0.0, Sum: 0.1]
      [GC Worker Total (ms): Min: 6.8, Avg: 11.5, Max: 12.3, Diff: 5.4, Sum: 91.6]
      [GC Worker End (ms): Min: 32553.2, Avg: 32553.2, Max: 32553.2, Diff: 0.0]
   [Code Root Fixup: 0.0 ms]
   [Code Root Purge: 0.0 ms]
   [Clear CT: 1.2 ms]
   [Other: 2.5 ms]
      [Choose CSet: 0.1 ms]
      [Ref Proc: 0.8 ms]
      [Ref Enq: 0.0 ms]
      [Redirty Cards: 1.2 ms]
      [Humongous Register: 0.1 ms]
      [Humongous Reclaim: 0.1 ms]
      [Free CSet: 0.2 ms]
   [Eden: 7168.0K(7168.0K)->0.0B(946.0M) Survivors: 121.0M->3072.0K Heap: 752.1M(2048.0M)->609.5M(2048.0M)]
 [Times: user=0.10 sys=0.00, real=0.02 secs] 
2021-01-22T00:58:59.614+0800: 32.650: [GC pause (G1 Humongous Allocation) (young) (initial-mark), 0.0313041 secs]
   [Parallel Time: 26.8 ms, GC Workers: 8]
      [GC Worker Start (ms): Min: 32650.2, Avg: 32650.4, Max: 32650.6, Diff: 0.4]
      [Ext Root Scanning (ms): Min: 0.0, Avg: 0.8, Max: 3.7, Diff: 3.7, Sum: 6.5]
      [Update RS (ms): Min: 8.4, Avg: 11.4, Max: 12.1, Diff: 3.8, Sum: 91.1]
         [Processed Buffers: Min: 123, Avg: 167.4, Max: 182, Diff: 59, Sum: 1339]
      [Scan RS (ms): Min: 0.0, Avg: 0.1, Max: 0.1, Diff: 0.1, Sum: 0.6]
      [Code Root Scanning (ms): Min: 0.0, Avg: 0.0, Max: 0.0, Diff: 0.0, Sum: 0.0]
      [Object Copy (ms): Min: 12.0, Avg: 12.3, Max: 13.4, Diff: 1.4, Sum: 98.5]
      [Termination (ms): Min: 0.0, Avg: 1.1, Max: 1.4, Diff: 1.4, Sum: 8.8]
         [Termination Attempts: Min: 1, Avg: 1.0, Max: 1, Diff: 0, Sum: 8]
      [GC Worker Other (ms): Min: 0.0, Avg: 0.0, Max: 0.0, Diff: 0.0, Sum: 0.1]
      [GC Worker Total (ms): Min: 25.5, Avg: 25.7, Max: 25.9, Diff: 0.4, Sum: 205.6]
      [GC Worker End (ms): Min: 32676.1, Avg: 32676.1, Max: 32676.1, Diff: 0.0]
   [Code Root Fixup: 0.0 ms]
   [Code Root Purge: 0.0 ms]
   [Clear CT: 1.1 ms]
   [Other: 3.5 ms]
      [Choose CSet: 0.0 ms]
      [Ref Proc: 1.2 ms]
      [Ref Enq: 0.0 ms]
      [Redirty Cards: 1.2 ms]
      [Humongous Register: 0.1 ms]
      [Humongous Reclaim: 0.3 ms]
      [Free CSet: 0.3 ms]
   [Eden: 609.0M(946.0M)->0.0B(6144.0K) Survivors: 3072.0K->119.0M Heap: 1383.7M(2048.0M)->774.2M(2048.0M)]
 [Times: user=0.21 sys=0.01, real=0.03 secs] 
2021-01-22T00:58:59.646+0800: 32.682: [GC concurrent-root-region-scan-start]
2021-01-22T00:58:59.646+0800: 32.682: [GC concurrent-root-region-scan-end, 0.0002053 secs]
2021-01-22T00:58:59.646+0800: 32.682: [GC concurrent-mark-start]
2021-01-22T00:58:59.648+0800: 32.684: [GC pause (G1 Evacuation Pause) (young), 0.0162703 secs]
   [Parallel Time: 11.9 ms, GC Workers: 8]
      [GC Worker Start (ms): Min: 32684.0, Avg: 32684.2, Max: 32684.3, Diff: 0.3]
      [Ext Root Scanning (ms): Min: 0.0, Avg: 0.1, Max: 0.2, Diff: 0.2, Sum: 0.6]
      [Update RS (ms): Min: 0.1, Avg: 0.8, Max: 5.4, Diff: 5.4, Sum: 6.5]
         [Processed Buffers: Min: 0, Avg: 1.9, Max: 4, Diff: 4, Sum: 15]
      [Scan RS (ms): Min: 0.0, Avg: 0.0, Max: 0.0, Diff: 0.0, Sum: 0.1]
      [Code Root Scanning (ms): Min: 0.0, Avg: 0.0, Max: 0.0, Diff: 0.0, Sum: 0.0]
      [Object Copy (ms): Min: 4.4, Avg: 9.2, Max: 10.8, Diff: 6.3, Sum: 73.4]
      [Termination (ms): Min: 0.0, Avg: 0.9, Max: 1.1, Diff: 1.1, Sum: 7.3]
         [Termination Attempts: Min: 1, Avg: 1.0, Max: 1, Diff: 0, Sum: 8]
      [GC Worker Other (ms): Min: 0.0, Avg: 0.0, Max: 0.0, Diff: 0.0, Sum: 0.1]
      [GC Worker Total (ms): Min: 10.9, Avg: 11.0, Max: 11.2, Diff: 0.3, Sum: 88.1]
      [GC Worker End (ms): Min: 32695.2, Avg: 32695.2, Max: 32695.2, Diff: 0.0]
   [Code Root Fixup: 0.0 ms]
   [Code Root Purge: 0.0 ms]
   [Clear CT: 1.1 ms]
   [Other: 3.3 ms]
      [Choose CSet: 0.0 ms]
      [Ref Proc: 1.8 ms]
      [Ref Enq: 0.0 ms]
      [Redirty Cards: 1.1 ms]
      [Humongous Register: 0.1 ms]
      [Humongous Reclaim: 0.1 ms]
      [Free CSet: 0.1 ms]
   [Eden: 6144.0K(6144.0K)->0.0B(808.0M) Survivors: 119.0M->2048.0K Heap: 780.8M(2048.0M)->774.0M(2048.0M)]
 [Times: user=0.10 sys=0.00, real=0.02 secs] 
2021-01-22T00:58:59.666+0800: 32.702: [GC concurrent-mark-end, 0.0196756 secs]
2021-01-22T00:58:59.666+0800: 32.702: [GC remark 2021-01-22T00:58:59.666+0800: 32.702: [Finalize Marking, 0.0019801 secs] 2021-01-22T00:58:59.669+0800: 32.705: [GC ref-proc, 0.0005874 secs] 2021-01-22T00:58:59.670+0800: 32.705: [Unloading, 0.0013817 secs], 0.0064588 secs]
 [Times: user=0.01 sys=0.01, real=0.01 secs] 
2021-01-22T00:58:59.673+0800: 32.709: [GC cleanup 781M->634M(2048M), 0.0030671 secs]
 [Times: user=0.01 sys=0.00, real=0.00 secs] 
2021-01-22T00:58:59.677+0800: 32.713: [GC concurrent-cleanup-start]
2021-01-22T00:58:59.677+0800: 32.713: [GC concurrent-cleanup-end, 0.0001024 secs]
2021-01-22T00:58:59.802+0800: 32.838: [GC pause (G1 Evacuation Pause) (young), 0.0437756 secs]
   [Parallel Time: 39.7 ms, GC Workers: 8]
      [GC Worker Start (ms): Min: 32838.0, Avg: 32838.1, Max: 32838.2, Diff: 0.3]
      [Ext Root Scanning (ms): Min: 0.0, Avg: 0.1, Max: 0.2, Diff: 0.2, Sum: 0.5]
      [Update RS (ms): Min: 20.0, Avg: 20.7, Max: 23.4, Diff: 3.4, Sum: 165.8]
         [Processed Buffers: Min: 148, Avg: 221.9, Max: 272, Diff: 124, Sum: 1775]
      [Scan RS (ms): Min: 0.1, Avg: 0.4, Max: 2.3, Diff: 2.2, Sum: 3.4]
      [Code Root Scanning (ms): Min: 0.0, Avg: 0.0, Max: 0.0, Diff: 0.0, Sum: 0.0]
      [Object Copy (ms): Min: 13.3, Avg: 15.5, Max: 15.9, Diff: 2.6, Sum: 124.0]
      [Termination (ms): Min: 0.0, Avg: 2.3, Max: 3.0, Diff: 3.0, Sum: 18.4]
         [Termination Attempts: Min: 1, Avg: 1.0, Max: 1, Diff: 0, Sum: 8]
      [GC Worker Other (ms): Min: 0.0, Avg: 0.0, Max: 0.1, Diff: 0.0, Sum: 0.2]
      [GC Worker Total (ms): Min: 38.9, Avg: 39.0, Max: 39.2, Diff: 0.3, Sum: 312.3]
      [GC Worker End (ms): Min: 32877.1, Avg: 32877.1, Max: 32877.2, Diff: 0.1]
   [Code Root Fixup: 0.0 ms]
   [Code Root Purge: 0.0 ms]
   [Clear CT: 0.7 ms]
   [Other: 3.4 ms]
      [Choose CSet: 0.0 ms]
      [Ref Proc: 1.4 ms]
      [Ref Enq: 0.0 ms]
      [Redirty Cards: 0.7 ms]
      [Humongous Register: 0.2 ms]
      [Humongous Reclaim: 0.3 ms]
      [Free CSet: 0.5 ms]
   [Eden: 808.0M(808.0M)->0.0B(6144.0K) Survivors: 2048.0K->102.0M Heap: 1655.7M(2048.0M)->801.9M(2048.0M)]
 [Times: user=0.28 sys=0.01, real=0.04 secs] 
2021-01-22T00:58:59.847+0800: 32.883: [GC pause (G1 Evacuation Pause) (mixed), 0.0128563 secs]
   [Parallel Time: 9.8 ms, GC Workers: 8]
      [GC Worker Start (ms): Min: 32883.3, Avg: 32883.8, Max: 32886.4, Diff: 3.1]
      [Ext Root Scanning (ms): Min: 0.0, Avg: 0.1, Max: 0.2, Diff: 0.2, Sum: 0.6]
      [Update RS (ms): Min: 0.0, Avg: 0.1, Max: 0.2, Diff: 0.2, Sum: 0.8]
         [Processed Buffers: Min: 0, Avg: 1.8, Max: 4, Diff: 4, Sum: 14]
      [Scan RS (ms): Min: 0.0, Avg: 0.0, Max: 0.1, Diff: 0.1, Sum: 0.3]
      [Code Root Scanning (ms): Min: 0.0, Avg: 0.0, Max: 0.0, Diff: 0.0, Sum: 0.0]
      [Object Copy (ms): Min: 5.5, Avg: 8.0, Max: 8.9, Diff: 3.4, Sum: 64.2]
      [Termination (ms): Min: 0.0, Avg: 0.5, Max: 0.7, Diff: 0.7, Sum: 4.3]
         [Termination Attempts: Min: 1, Avg: 1.9, Max: 4, Diff: 3, Sum: 15]
      [GC Worker Other (ms): Min: 0.0, Avg: 0.0, Max: 0.0, Diff: 0.0, Sum: 0.1]
      [GC Worker Total (ms): Min: 6.2, Avg: 8.8, Max: 9.3, Diff: 3.1, Sum: 70.2]
      [GC Worker End (ms): Min: 32892.6, Avg: 32892.6, Max: 32892.6, Diff: 0.1]
   [Code Root Fixup: 0.0 ms]
   [Code Root Purge: 0.0 ms]
   [Clear CT: 0.8 ms]
   [Other: 2.3 ms]
      [Choose CSet: 0.0 ms]
      [Ref Proc: 1.2 ms]
      [Ref Enq: 0.0 ms]
      [Redirty Cards: 0.6 ms]
      [Humongous Register: 0.1 ms]
      [Humongous Reclaim: 0.0 ms]
      [Free CSet: 0.1 ms]
   [Eden: 6144.0K(6144.0K)->0.0B(101.0M) Survivors: 102.0M->1024.0K Heap: 808.5M(2048.0M)->757.5M(2048.0M)]
 [Times: user=0.09 sys=0.00, real=0.02 secs] 
2021-01-22T00:58:59.874+0800: 32.910: [GC pause (G1 Evacuation Pause) (mixed), 0.0079268 secs]
   [Parallel Time: 5.3 ms, GC Workers: 8]
      [GC Worker Start (ms): Min: 32910.4, Avg: 32910.6, Max: 32910.7, Diff: 0.3]
      [Ext Root Scanning (ms): Min: 0.0, Avg: 0.1, Max: 0.2, Diff: 0.2, Sum: 0.5]
      [Update RS (ms): Min: 1.5, Avg: 1.6, Max: 1.7, Diff: 0.2, Sum: 12.5]
         [Processed Buffers: Min: 22, Avg: 23.9, Max: 26, Diff: 4, Sum: 191]
      [Scan RS (ms): Min: 0.0, Avg: 0.1, Max: 0.1, Diff: 0.1, Sum: 0.5]
      [Code Root Scanning (ms): Min: 0.0, Avg: 0.0, Max: 0.0, Diff: 0.0, Sum: 0.0]
      [Object Copy (ms): Min: 3.1, Avg: 3.2, Max: 3.2, Diff: 0.1, Sum: 25.2]
      [Termination (ms): Min: 0.0, Avg: 0.0, Max: 0.1, Diff: 0.1, Sum: 0.3]
         [Termination Attempts: Min: 1, Avg: 1.4, Max: 3, Diff: 2, Sum: 11]
      [GC Worker Other (ms): Min: 0.0, Avg: 0.0, Max: 0.0, Diff: 0.0, Sum: 0.1]
      [GC Worker Total (ms): Min: 4.7, Avg: 4.9, Max: 5.1, Diff: 0.3, Sum: 39.0]
      [GC Worker End (ms): Min: 32915.4, Avg: 32915.4, Max: 32915.5, Diff: 0.0]
   [Code Root Fixup: 0.0 ms]
   [Code Root Purge: 0.0 ms]
   [Clear CT: 0.5 ms]
   [Other: 2.0 ms]
      [Choose CSet: 0.0 ms]
      [Ref Proc: 1.1 ms]
      [Ref Enq: 0.0 ms]
      [Redirty Cards: 0.4 ms]
      [Humongous Register: 0.1 ms]
      [Humongous Reclaim: 0.1 ms]
      [Free CSet: 0.1 ms]
   [Eden: 101.0M(101.0M)->0.0B(91136.0K) Survivors: 1024.0K->13312.0K Heap: 881.1M(2048.0M)->686.1M(2048.0M)]
 [Times: user=0.05 sys=0.00, real=0.01 secs] 
2021-01-22T00:58:59.895+0800: 32.931: [GC pause (G1 Evacuation Pause) (mixed), 0.0100611 secs]
   [Parallel Time: 7.2 ms, GC Workers: 8]
      [GC Worker Start (ms): Min: 32931.0, Avg: 32931.2, Max: 32931.3, Diff: 0.3]
      [Ext Root Scanning (ms): Min: 0.0, Avg: 0.1, Max: 0.2, Diff: 0.2, Sum: 0.6]
      [Update RS (ms): Min: 1.8, Avg: 2.2, Max: 5.1, Diff: 3.4, Sum: 18.0]
         [Processed Buffers: Min: 1, Avg: 25.0, Max: 30, Diff: 29, Sum: 200]
      [Scan RS (ms): Min: 0.0, Avg: 0.0, Max: 0.1, Diff: 0.0, Sum: 0.1]
      [Code Root Scanning (ms): Min: 0.0, Avg: 0.0, Max: 0.0, Diff: 0.0, Sum: 0.0]
      [Object Copy (ms): Min: 0.1, Avg: 3.1, Max: 4.9, Diff: 4.8, Sum: 25.2]
      [Termination (ms): Min: 0.0, Avg: 1.4, Max: 1.6, Diff: 1.6, Sum: 11.1]
         [Termination Attempts: Min: 1, Avg: 1.0, Max: 1, Diff: 0, Sum: 8]
      [GC Worker Other (ms): Min: 0.0, Avg: 0.0, Max: 0.0, Diff: 0.0, Sum: 0.0]
      [GC Worker Total (ms): Min: 6.7, Avg: 6.9, Max: 7.0, Diff: 0.3, Sum: 55.0]
      [GC Worker End (ms): Min: 32938.0, Avg: 32938.1, Max: 32938.1, Diff: 0.0]
   [Code Root Fixup: 0.0 ms]
   [Code Root Purge: 0.0 ms]
   [Clear CT: 1.0 ms]
   [Other: 1.8 ms]
      [Choose CSet: 0.0 ms]
      [Ref Proc: 0.4 ms]
      [Ref Enq: 0.0 ms]
      [Redirty Cards: 0.7 ms]
      [Humongous Register: 0.1 ms]
      [Humongous Reclaim: 0.1 ms]
      [Free CSet: 0.1 ms]
   [Eden: 91136.0K(91136.0K)->0.0B(146.0M) Survivors: 13312.0K->13312.0K Heap: 798.9M(2048.0M)->706.2M(2048.0M)]
 [Times: user=0.06 sys=0.00, real=0.01 secs] 
2021-01-22T00:58:59.926+0800: 32.962: [GC pause (G1 Evacuation Pause) (young), 0.0108388 secs]
   [Parallel Time: 8.1 ms, GC Workers: 8]
      [GC Worker Start (ms): Min: 32962.5, Avg: 32962.6, Max: 32962.8, Diff: 0.3]
      [Ext Root Scanning (ms): Min: 0.0, Avg: 0.1, Max: 0.2, Diff: 0.2, Sum: 0.5]
      [Update RS (ms): Min: 2.5, Avg: 2.6, Max: 2.6, Diff: 0.1, Sum: 20.8]
         [Processed Buffers: Min: 38, Avg: 39.6, Max: 41, Diff: 3, Sum: 317]
      [Scan RS (ms): Min: 0.0, Avg: 0.0, Max: 0.0, Diff: 0.0, Sum: 0.2]
      [Code Root Scanning (ms): Min: 0.0, Avg: 0.0, Max: 0.0, Diff: 0.0, Sum: 0.0]
      [Object Copy (ms): Min: 4.7, Avg: 4.8, Max: 4.9, Diff: 0.2, Sum: 38.4]
      [Termination (ms): Min: 0.0, Avg: 0.1, Max: 0.2, Diff: 0.2, Sum: 1.1]
         [Termination Attempts: Min: 1, Avg: 1.0, Max: 1, Diff: 0, Sum: 8]
      [GC Worker Other (ms): Min: 0.0, Avg: 0.0, Max: 0.2, Diff: 0.2, Sum: 0.3]
      [GC Worker Total (ms): Min: 7.5, Avg: 7.7, Max: 7.9, Diff: 0.4, Sum: 61.2]
      [GC Worker End (ms): Min: 32970.2, Avg: 32970.3, Max: 32970.4, Diff: 0.2]
   [Code Root Fixup: 0.0 ms]
   [Code Root Purge: 0.0 ms]
   [Clear CT: 1.1 ms]
   [Other: 1.7 ms]
      [Choose CSet: 0.0 ms]
      [Ref Proc: 0.4 ms]
      [Ref Enq: 0.0 ms]
      [Redirty Cards: 0.7 ms]
      [Humongous Register: 0.1 ms]
      [Humongous Reclaim: 0.1 ms]
      [Free CSet: 0.1 ms]
   [Eden: 146.0M(146.0M)->0.0B(165.0M) Survivors: 13312.0K->20480.0K Heap: 890.6M(2048.0M)->750.0M(2048.0M)]
 [Times: user=0.07 sys=0.00, real=0.01 secs] 
2021-01-22T00:58:59.960+0800: 32.996: [GC pause (G1 Evacuation Pause) (young), 0.0115994 secs]
   [Parallel Time: 8.5 ms, GC Workers: 8]
      [GC Worker Start (ms): Min: 32996.6, Avg: 32996.8, Max: 32996.9, Diff: 0.3]
      [Ext Root Scanning (ms): Min: 0.0, Avg: 0.1, Max: 0.2, Diff: 0.2, Sum: 0.5]
      [Update RS (ms): Min: 2.8, Avg: 2.9, Max: 2.9, Diff: 0.1, Sum: 22.9]
         [Processed Buffers: Min: 43, Avg: 43.9, Max: 45, Diff: 2, Sum: 351]
      [Scan RS (ms): Min: 0.0, Avg: 0.0, Max: 0.0, Diff: 0.0, Sum: 0.1]
      [Code Root Scanning (ms): Min: 0.0, Avg: 0.0, Max: 0.0, Diff: 0.0, Sum: 0.0]
      [Object Copy (ms): Min: 5.2, Avg: 5.2, Max: 5.2, Diff: 0.1, Sum: 41.7]
      [Termination (ms): Min: 0.0, Avg: 0.0, Max: 0.1, Diff: 0.1, Sum: 0.3]
         [Termination Attempts: Min: 1, Avg: 1.0, Max: 1, Diff: 0, Sum: 8]
      [GC Worker Other (ms): Min: 0.0, Avg: 0.0, Max: 0.0, Diff: 0.0, Sum: 0.0]
      [GC Worker Total (ms): Min: 8.1, Avg: 8.2, Max: 8.4, Diff: 0.3, Sum: 65.6]
      [GC Worker End (ms): Min: 33005.0, Avg: 33005.0, Max: 33005.0, Diff: 0.0]
   [Code Root Fixup: 0.0 ms]
   [Code Root Purge: 0.0 ms]
   [Clear CT: 1.1 ms]
   [Other: 2.0 ms]
      [Choose CSet: 0.0 ms]
      [Ref Proc: 0.5 ms]
      [Ref Enq: 0.0 ms]
      [Redirty Cards: 0.9 ms]
      [Humongous Register: 0.1 ms]
      [Humongous Reclaim: 0.2 ms]
      [Free CSet: 0.1 ms]
   [Eden: 165.0M(165.0M)->0.0B(206.0M) Survivors: 20480.0K->24576.0K Heap: 957.8M(2048.0M)->794.4M(2048.0M)]
 [Times: user=0.07 sys=0.00, real=0.01 secs] 
2021-01-22T00:58:59.999+0800: 33.035: [GC pause (G1 Humongous Allocation) (young) (initial-mark), 0.0156701 secs]
   [Parallel Time: 12.5 ms, GC Workers: 8]
      [GC Worker Start (ms): Min: 33035.0, Avg: 33035.2, Max: 33035.4, Diff: 0.4]
      [Ext Root Scanning (ms): Min: 0.0, Avg: 0.8, Max: 3.8, Diff: 3.7, Sum: 6.3]
      [Update RS (ms): Min: 0.5, Avg: 3.6, Max: 4.1, Diff: 3.6, Sum: 28.5]
         [Processed Buffers: Min: 8, Avg: 55.8, Max: 66, Diff: 58, Sum: 446]
      [Scan RS (ms): Min: 0.0, Avg: 0.0, Max: 0.0, Diff: 0.0, Sum: 0.1]
      [Code Root Scanning (ms): Min: 0.0, Avg: 0.0, Max: 0.0, Diff: 0.0, Sum: 0.0]
      [Object Copy (ms): Min: 5.7, Avg: 6.0, Max: 7.7, Diff: 1.9, Sum: 48.1]
      [Termination (ms): Min: 0.0, Avg: 1.7, Max: 2.0, Diff: 2.0, Sum: 13.4]
         [Termination Attempts: Min: 1, Avg: 1.2, Max: 2, Diff: 1, Sum: 10]
      [GC Worker Other (ms): Min: 0.0, Avg: 0.0, Max: 0.0, Diff: 0.0, Sum: 0.1]
      [GC Worker Total (ms): Min: 11.8, Avg: 12.1, Max: 12.2, Diff: 0.4, Sum: 96.5]
      [GC Worker End (ms): Min: 33047.3, Avg: 33047.3, Max: 33047.3, Diff: 0.0]
   [Code Root Fixup: 0.0 ms]
   [Code Root Purge: 0.0 ms]
   [Clear CT: 0.9 ms]
   [Other: 2.3 ms]
      [Choose CSet: 0.0 ms]
      [Ref Proc: 0.7 ms]
      [Ref Enq: 0.0 ms]
      [Redirty Cards: 0.9 ms]
      [Humongous Register: 0.2 ms]
      [Humongous Reclaim: 0.1 ms]
      [Free CSet: 0.1 ms]
   [Eden: 180.0M(206.0M)->0.0B(244.0M) Survivors: 24576.0K->29696.0K Heap: 1028.7M(2048.0M)->837.5M(2048.0M)]
 [Times: user=0.10 sys=0.00, real=0.01 secs] 
2021-01-22T00:59:00.015+0800: 33.051: [GC concurrent-root-region-scan-start]
2021-01-22T00:59:00.015+0800: 33.051: [GC concurrent-root-region-scan-end, 0.0003197 secs]
2021-01-22T00:59:00.015+0800: 33.051: [GC concurrent-mark-start]
2021-01-22T00:59:00.019+0800: 33.055: [GC concurrent-mark-end, 0.0031971 secs]
2021-01-22T00:59:00.019+0800: 33.055: [GC remark 2021-01-22T00:59:00.019+0800: 33.055: [Finalize Marking, 0.0008294 secs] 2021-01-22T00:59:00.020+0800: 33.056: [GC ref-proc, 0.0004657 secs] 2021-01-22T00:59:00.021+0800: 33.057: [Unloading, 0.0012529 secs], 0.0050151 secs]
 [Times: user=0.01 sys=0.00, real=0.00 secs] 
2021-01-22T00:59:00.025+0800: 33.061: [GC cleanup 867M->704M(2048M), 0.0040692 secs]
 [Times: user=0.01 sys=0.01, real=0.01 secs] 
2021-01-22T00:59:00.030+0800: 33.066: [GC concurrent-cleanup-start]
2021-01-22T00:59:00.030+0800: 33.066: [GC concurrent-cleanup-end, 0.0001680 secs]
2021-01-22T00:59:00.066+0800: 33.102: [GC pause (G1 Evacuation Pause) (young), 0.0203317 secs]
   [Parallel Time: 17.2 ms, GC Workers: 8]
      [GC Worker Start (ms): Min: 33102.6, Avg: 33102.9, Max: 33103.6, Diff: 1.0]
      [Ext Root Scanning (ms): Min: 0.0, Avg: 0.1, Max: 0.2, Diff: 0.2, Sum: 0.5]
      [Update RS (ms): Min: 4.6, Avg: 5.2, Max: 5.4, Diff: 0.8, Sum: 41.9]
         [Processed Buffers: Min: 70, Avg: 79.5, Max: 82, Diff: 12, Sum: 636]
      [Scan RS (ms): Min: 0.0, Avg: 0.0, Max: 0.0, Diff: 0.0, Sum: 0.2]
      [Code Root Scanning (ms): Min: 0.0, Avg: 0.0, Max: 0.0, Diff: 0.0, Sum: 0.0]
      [Object Copy (ms): Min: 7.9, Avg: 8.3, Max: 10.6, Diff: 2.7, Sum: 66.6]
      [Termination (ms): Min: 0.0, Avg: 2.3, Max: 2.7, Diff: 2.7, Sum: 18.3]
         [Termination Attempts: Min: 1, Avg: 1.0, Max: 1, Diff: 0, Sum: 8]
      [GC Worker Other (ms): Min: 0.0, Avg: 0.0, Max: 0.0, Diff: 0.0, Sum: 0.1]
      [GC Worker Total (ms): Min: 15.3, Avg: 15.9, Max: 16.2, Diff: 1.0, Sum: 127.6]
      [GC Worker End (ms): Min: 33118.8, Avg: 33118.8, Max: 33118.9, Diff: 0.1]
   [Code Root Fixup: 0.0 ms]
   [Code Root Purge: 0.0 ms]
   [Clear CT: 1.3 ms]
   [Other: 1.8 ms]
      [Choose CSet: 0.0 ms]
      [Ref Proc: 0.5 ms]
      [Ref Enq: 0.0 ms]
      [Redirty Cards: 0.7 ms]
      [Humongous Register: 0.1 ms]
      [Humongous Reclaim: 0.2 ms]
      [Free CSet: 0.1 ms]
   [Eden: 244.0M(244.0M)->0.0B(68608.0K) Survivors: 29696.0K->35840.0K Heap: 996.9M(2048.0M)->744.2M(2048.0M)]
 [Times: user=0.14 sys=0.00, real=0.02 secs] 
2021-01-22T00:59:00.098+0800: 33.133: [GC pause (G1 Evacuation Pause) (mixed), 0.0142481 secs]
   [Parallel Time: 10.4 ms, GC Workers: 8]
      [GC Worker Start (ms): Min: 33133.8, Avg: 33133.9, Max: 33134.1, Diff: 0.3]
      [Ext Root Scanning (ms): Min: 0.0, Avg: 0.1, Max: 0.2, Diff: 0.2, Sum: 0.6]
      [Update RS (ms): Min: 0.0, Avg: 1.4, Max: 1.7, Diff: 1.7, Sum: 11.4]
         [Processed Buffers: Min: 0, Avg: 22.1, Max: 26, Diff: 26, Sum: 177]
      [Scan RS (ms): Min: 0.1, Avg: 0.1, Max: 0.1, Diff: 0.1, Sum: 0.8]
      [Code Root Scanning (ms): Min: 0.0, Avg: 0.0, Max: 0.0, Diff: 0.0, Sum: 0.1]
      [Object Copy (ms): Min: 6.5, Avg: 6.9, Max: 8.1, Diff: 1.7, Sum: 55.0]
      [Termination (ms): Min: 0.0, Avg: 1.2, Max: 1.4, Diff: 1.4, Sum: 9.5]
         [Termination Attempts: Min: 1, Avg: 1.0, Max: 1, Diff: 0, Sum: 8]
      [GC Worker Other (ms): Min: 0.0, Avg: 0.0, Max: 0.0, Diff: 0.0, Sum: 0.1]
      [GC Worker Total (ms): Min: 9.5, Avg: 9.7, Max: 9.8, Diff: 0.3, Sum: 77.5]
      [GC Worker End (ms): Min: 33143.6, Avg: 33143.6, Max: 33143.6, Diff: 0.1]
   [Code Root Fixup: 0.0 ms]
   [Code Root Purge: 0.0 ms]
   [Clear CT: 0.8 ms]
   [Other: 3.1 ms]
      [Choose CSet: 0.1 ms]
      [Ref Proc: 1.0 ms]
      [Ref Enq: 0.0 ms]
      [Redirty Cards: 1.1 ms]
      [Humongous Register: 0.1 ms]
      [Humongous Reclaim: 0.2 ms]
      [Free CSet: 0.3 ms]
   [Eden: 68608.0K(68608.0K)->0.0B(91136.0K) Survivors: 35840.0K->13312.0K Heap: 832.1M(2048.0M)->581.5M(2048.0M)]
 [Times: user=0.06 sys=0.02, real=0.02 secs] 
2021-01-22T00:59:00.128+0800: 33.164: [GC pause (G1 Evacuation Pause) (mixed), 0.0124790 secs]
   [Parallel Time: 8.7 ms, GC Workers: 8]
      [GC Worker Start (ms): Min: 33164.2, Avg: 33164.5, Max: 33164.7, Diff: 0.5]
      [Ext Root Scanning (ms): Min: 0.0, Avg: 0.1, Max: 0.2, Diff: 0.2, Sum: 0.5]
      [Update RS (ms): Min: 1.4, Avg: 2.3, Max: 7.4, Diff: 6.0, Sum: 18.2]
         [Processed Buffers: Min: 1, Avg: 20.1, Max: 24, Diff: 23, Sum: 161]
      [Scan RS (ms): Min: 0.0, Avg: 0.0, Max: 0.1, Diff: 0.0, Sum: 0.2]
      [Code Root Scanning (ms): Min: 0.0, Avg: 0.0, Max: 0.0, Diff: 0.0, Sum: 0.0]
      [Object Copy (ms): Min: 0.2, Avg: 3.6, Max: 4.2, Diff: 4.0, Sum: 28.9]
      [Termination (ms): Min: 0.1, Avg: 1.9, Max: 2.6, Diff: 2.5, Sum: 14.8]
         [Termination Attempts: Min: 1, Avg: 1.8, Max: 2, Diff: 1, Sum: 14]
      [GC Worker Other (ms): Min: 0.0, Avg: 0.0, Max: 0.0, Diff: 0.0, Sum: 0.0]
      [GC Worker Total (ms): Min: 7.6, Avg: 7.9, Max: 8.2, Diff: 0.5, Sum: 62.8]
      [GC Worker End (ms): Min: 33172.3, Avg: 33172.3, Max: 33172.4, Diff: 0.1]
   [Code Root Fixup: 0.0 ms]
   [Code Root Purge: 0.0 ms]
   [Clear CT: 0.5 ms]
   [Other: 3.3 ms]
      [Choose CSet: 0.0 ms]
      [Ref Proc: 2.2 ms]
      [Ref Enq: 0.0 ms]
      [Redirty Cards: 0.6 ms]
      [Humongous Register: 0.2 ms]
      [Humongous Reclaim: 0.1 ms]
      [Free CSet: 0.1 ms]
   [Eden: 91136.0K(91136.0K)->0.0B(548.0M) Survivors: 13312.0K->13312.0K Heap: 689.5M(2048.0M)->576.8M(2048.0M)]
 [Times: user=0.08 sys=0.00, real=0.02 secs] 
2021-01-22T00:59:00.221+0800: 33.257: [GC pause (G1 Evacuation Pause) (young), 0.0249371 secs]
   [Parallel Time: 20.9 ms, GC Workers: 8]
      [GC Worker Start (ms): Min: 33257.0, Avg: 33257.3, Max: 33257.4, Diff: 0.4]
      [Ext Root Scanning (ms): Min: 0.0, Avg: 0.1, Max: 0.2, Diff: 0.2, Sum: 0.4]
      [Update RS (ms): Min: 8.4, Avg: 8.5, Max: 8.5, Diff: 0.2, Sum: 67.9]
         [Processed Buffers: Min: 111, Avg: 126.4, Max: 130, Diff: 19, Sum: 1011]
      [Scan RS (ms): Min: 0.1, Avg: 0.1, Max: 0.1, Diff: 0.0, Sum: 0.5]
      [Code Root Scanning (ms): Min: 0.0, Avg: 0.0, Max: 0.0, Diff: 0.0, Sum: 0.0]
      [Object Copy (ms): Min: 11.3, Avg: 11.3, Max: 11.4, Diff: 0.1, Sum: 90.5]
      [Termination (ms): Min: 0.0, Avg: 0.1, Max: 0.1, Diff: 0.1, Sum: 0.8]
         [Termination Attempts: Min: 1, Avg: 1.0, Max: 1, Diff: 0, Sum: 8]
      [GC Worker Other (ms): Min: 0.0, Avg: 0.0, Max: 0.0, Diff: 0.0, Sum: 0.1]
      [GC Worker Total (ms): Min: 19.9, Avg: 20.0, Max: 20.2, Diff: 0.4, Sum: 160.3]
      [GC Worker End (ms): Min: 33277.3, Avg: 33277.3, Max: 33277.4, Diff: 0.1]
   [Code Root Fixup: 0.0 ms]
   [Code Root Purge: 0.0 ms]
   [Clear CT: 1.2 ms]
   [Other: 2.9 ms]
      [Choose CSet: 0.0 ms]
      [Ref Proc: 0.7 ms]
      [Ref Enq: 0.0 ms]
      [Redirty Cards: 1.1 ms]
      [Humongous Register: 0.2 ms]
      [Humongous Reclaim: 0.2 ms]
      [Free CSet: 0.5 ms]
   [Eden: 548.0M(548.0M)->0.0B(274.0M) Survivors: 13312.0K->72704.0K Heap: 1250.1M(2048.0M)->697.0M(2048.0M)]
 [Times: user=0.17 sys=0.00, real=0.02 secs] 
2021-01-22T00:59:00.287+0800: 33.323: [GC pause (G1 Evacuation Pause) (young), 0.0199722 secs]
   [Parallel Time: 16.2 ms, GC Workers: 8]
      [GC Worker Start (ms): Min: 33323.0, Avg: 33323.2, Max: 33323.4, Diff: 0.3]
      [Ext Root Scanning (ms): Min: 0.0, Avg: 0.1, Max: 0.2, Diff: 0.2, Sum: 0.6]
      [Update RS (ms): Min: 4.8, Avg: 4.9, Max: 5.0, Diff: 0.1, Sum: 39.3]
         [Processed Buffers: Min: 69, Avg: 74.5, Max: 77, Diff: 8, Sum: 596]
      [Scan RS (ms): Min: 0.0, Avg: 0.0, Max: 0.0, Diff: 0.0, Sum: 0.3]
      [Code Root Scanning (ms): Min: 0.0, Avg: 0.0, Max: 0.0, Diff: 0.0, Sum: 0.0]
      [Object Copy (ms): Min: 10.2, Avg: 10.3, Max: 10.3, Diff: 0.1, Sum: 82.3]
      [Termination (ms): Min: 0.0, Avg: 0.1, Max: 0.1, Diff: 0.1, Sum: 0.5]
         [Termination Attempts: Min: 1, Avg: 1.0, Max: 1, Diff: 0, Sum: 8]
      [GC Worker Other (ms): Min: 0.0, Avg: 0.0, Max: 0.0, Diff: 0.0, Sum: 0.1]
      [GC Worker Total (ms): Min: 15.2, Avg: 15.4, Max: 15.5, Diff: 0.3, Sum: 123.0]
      [GC Worker End (ms): Min: 33338.6, Avg: 33338.6, Max: 33338.6, Diff: 0.0]
   [Code Root Fixup: 0.0 ms]
   [Code Root Purge: 0.0 ms]
   [Clear CT: 1.4 ms]
   [Other: 2.3 ms]
      [Choose CSet: 0.0 ms]
      [Ref Proc: 0.6 ms]
      [Ref Enq: 0.0 ms]
      [Redirty Cards: 1.2 ms]
      [Humongous Register: 0.1 ms]
      [Humongous Reclaim: 0.1 ms]
      [Free CSet: 0.2 ms]
   [Eden: 274.0M(274.0M)->0.0B(527.0M) Survivors: 72704.0K->45056.0K Heap: 1044.2M(2048.0M)->757.6M(2048.0M)]
 [Times: user=0.13 sys=0.00, real=0.02 secs] 
2021-01-22T00:59:00.357+0800: 33.392: [GC pause (G1 Humongous Allocation) (young) (initial-mark), 0.0210006 secs]
   [Parallel Time: 17.0 ms, GC Workers: 8]
      [GC Worker Start (ms): Min: 33392.8, Avg: 33393.0, Max: 33393.2, Diff: 0.5]
      [Ext Root Scanning (ms): Min: 0.0, Avg: 0.4, Max: 0.7, Diff: 0.7, Sum: 3.6]
      [Update RS (ms): Min: 5.9, Avg: 6.1, Max: 7.0, Diff: 1.1, Sum: 49.0]
         [Processed Buffers: Min: 88, Avg: 91.4, Max: 97, Diff: 9, Sum: 731]
      [Scan RS (ms): Min: 0.0, Avg: 0.1, Max: 0.2, Diff: 0.1, Sum: 0.5]
      [Code Root Scanning (ms): Min: 0.0, Avg: 0.0, Max: 0.0, Diff: 0.0, Sum: 0.0]
      [Object Copy (ms): Min: 8.4, Avg: 9.4, Max: 9.6, Diff: 1.2, Sum: 75.0]
      [Termination (ms): Min: 0.0, Avg: 0.1, Max: 0.1, Diff: 0.1, Sum: 0.4]
         [Termination Attempts: Min: 1, Avg: 1.1, Max: 2, Diff: 1, Sum: 9]
      [GC Worker Other (ms): Min: 0.0, Avg: 0.0, Max: 0.0, Diff: 0.0, Sum: 0.1]
      [GC Worker Total (ms): Min: 15.8, Avg: 16.1, Max: 16.3, Diff: 0.5, Sum: 128.5]
      [GC Worker End (ms): Min: 33409.1, Avg: 33409.1, Max: 33409.1, Diff: 0.0]
   [Code Root Fixup: 0.0 ms]
   [Code Root Purge: 0.0 ms]
   [Clear CT: 1.2 ms]
   [Other: 2.8 ms]
      [Choose CSet: 0.0 ms]
      [Ref Proc: 1.0 ms]
      [Ref Enq: 0.0 ms]
      [Redirty Cards: 1.1 ms]
      [Humongous Register: 0.1 ms]
      [Humongous Reclaim: 0.2 ms]
      [Free CSet: 0.2 ms]
   [Eden: 334.0M(527.0M)->0.0B(596.0M) Survivors: 45056.0K->73728.0K Heap: 1181.2M(2048.0M)->824.8M(2048.0M)]
 [Times: user=0.13 sys=0.00, real=0.02 secs] 
2021-01-22T00:59:00.378+0800: 33.414: [GC concurrent-root-region-scan-start]
2021-01-22T00:59:00.379+0800: 33.415: [GC concurrent-root-region-scan-end, 0.0003645 secs]
2021-01-22T00:59:00.379+0800: 33.415: [GC concurrent-mark-start]
2021-01-22T00:59:00.381+0800: 33.417: [GC concurrent-mark-end, 0.0026796 secs]
2021-01-22T00:59:00.382+0800: 33.418: [GC remark 2021-01-22T00:59:00.382+0800: 33.418: [Finalize Marking, 0.0010174 secs] 2021-01-22T00:59:00.384+0800: 33.420: [GC ref-proc, 0.0007399 secs] 2021-01-22T00:59:00.385+0800: 33.421: [Unloading, 0.0014440 secs], 0.0062507 secs]
 [Times: user=0.02 sys=0.00, real=0.01 secs] 
2021-01-22T00:59:00.389+0800: 33.425: [GC cleanup 849M->690M(2048M), 0.0032010 secs]
 [Times: user=0.00 sys=0.00, real=0.00 secs] 
2021-01-22T00:59:00.393+0800: 33.429: [GC concurrent-cleanup-start]
2021-01-22T00:59:00.393+0800: 33.429: [GC concurrent-cleanup-end, 0.0001022 secs]
2021-01-22T00:59:00.472+0800: 33.508: [GC pause (G1 Evacuation Pause) (young), 0.0321839 secs]
   [Parallel Time: 28.1 ms, GC Workers: 8]
      [GC Worker Start (ms): Min: 33508.3, Avg: 33508.5, Max: 33508.7, Diff: 0.4]
      [Ext Root Scanning (ms): Min: 0.0, Avg: 0.1, Max: 0.3, Diff: 0.3, Sum: 0.5]
      [Update RS (ms): Min: 12.0, Avg: 12.1, Max: 12.1, Diff: 0.1, Sum: 96.7]
         [Processed Buffers: Min: 156, Avg: 173.9, Max: 188, Diff: 32, Sum: 1391]
      [Scan RS (ms): Min: 0.1, Avg: 0.1, Max: 0.1, Diff: 0.0, Sum: 0.7]
      [Code Root Scanning (ms): Min: 0.0, Avg: 0.0, Max: 0.0, Diff: 0.0, Sum: 0.0]
      [Object Copy (ms): Min: 14.7, Avg: 14.7, Max: 15.0, Diff: 0.3, Sum: 118.0]
      [Termination (ms): Min: 0.0, Avg: 0.2, Max: 0.4, Diff: 0.4, Sum: 1.9]
         [Termination Attempts: Min: 1, Avg: 1.0, Max: 1, Diff: 0, Sum: 8]
      [GC Worker Other (ms): Min: 0.0, Avg: 0.0, Max: 0.1, Diff: 0.1, Sum: 0.3]
      [GC Worker Total (ms): Min: 27.2, Avg: 27.3, Max: 27.5, Diff: 0.3, Sum: 218.1]
      [GC Worker End (ms): Min: 33535.7, Avg: 33535.8, Max: 33535.9, Diff: 0.1]
   [Code Root Fixup: 0.0 ms]
   [Code Root Purge: 0.0 ms]
   [Clear CT: 1.2 ms]
   [Other: 2.9 ms]
      [Choose CSet: 0.0 ms]
      [Ref Proc: 0.9 ms]
      [Ref Enq: 0.0 ms]
      [Redirty Cards: 1.2 ms]
      [Humongous Register: 0.2 ms]
      [Humongous Reclaim: 0.2 ms]
      [Free CSet: 0.2 ms]
   [Eden: 596.0M(596.0M)->0.0B(18432.0K) Survivors: 73728.0K->86016.0K Heap: 1434.4M(2048.0M)->774.8M(2048.0M)]
 [Times: user=0.22 sys=0.00, real=0.03 secs] 
2021-01-22T00:59:00.508+0800: 33.544: [GC pause (G1 Evacuation Pause) (mixed), 0.0140582 secs]
   [Parallel Time: 10.2 ms, GC Workers: 8]
      [GC Worker Start (ms): Min: 33543.9, Avg: 33544.2, Max: 33544.3, Diff: 0.4]
      [Ext Root Scanning (ms): Min: 0.0, Avg: 0.1, Max: 0.3, Diff: 0.3, Sum: 0.6]
      [Update RS (ms): Min: 0.2, Avg: 0.3, Max: 0.4, Diff: 0.2, Sum: 2.6]
         [Processed Buffers: Min: 4, Avg: 5.0, Max: 6, Diff: 2, Sum: 40]
      [Scan RS (ms): Min: 0.1, Avg: 0.1, Max: 0.1, Diff: 0.0, Sum: 0.6]
      [Code Root Scanning (ms): Min: 0.0, Avg: 0.0, Max: 0.0, Diff: 0.0, Sum: 0.0]
      [Object Copy (ms): Min: 8.7, Avg: 8.8, Max: 9.1, Diff: 0.4, Sum: 70.7]
      [Termination (ms): Min: 0.0, Avg: 0.3, Max: 0.4, Diff: 0.4, Sum: 2.2]
         [Termination Attempts: Min: 1, Avg: 1.0, Max: 1, Diff: 0, Sum: 8]
      [GC Worker Other (ms): Min: 0.0, Avg: 0.0, Max: 0.0, Diff: 0.0, Sum: 0.1]
      [GC Worker Total (ms): Min: 9.4, Avg: 9.6, Max: 9.8, Diff: 0.4, Sum: 76.8]
      [GC Worker End (ms): Min: 33553.8, Avg: 33553.8, Max: 33553.8, Diff: 0.0]
   [Code Root Fixup: 0.0 ms]
   [Code Root Purge: 0.0 ms]
   [Clear CT: 1.3 ms]
   [Other: 2.5 ms]
      [Choose CSet: 0.1 ms]
      [Ref Proc: 0.8 ms]
      [Ref Enq: 0.0 ms]
      [Redirty Cards: 1.1 ms]
      [Humongous Register: 0.1 ms]
      [Humongous Reclaim: 0.0 ms]
      [Free CSet: 0.3 ms]
   [Eden: 18432.0K(18432.0K)->0.0B(98304.0K) Survivors: 86016.0K->6144.0K Heap: 796.7M(2048.0M)->593.8M(2048.0M)]
 [Times: user=0.07 sys=0.01, real=0.02 secs] 
2021-01-22T00:59:00.536+0800: 33.572: [GC pause (G1 Evacuation Pause) (mixed), 0.0093304 secs]
   [Parallel Time: 5.1 ms, GC Workers: 8]
      [GC Worker Start (ms): Min: 33572.6, Avg: 33572.8, Max: 33572.9, Diff: 0.3]
      [Ext Root Scanning (ms): Min: 0.0, Avg: 0.1, Max: 0.2, Diff: 0.2, Sum: 0.5]
      [Update RS (ms): Min: 1.7, Avg: 1.8, Max: 1.8, Diff: 0.1, Sum: 14.5]
         [Processed Buffers: Min: 26, Avg: 27.2, Max: 29, Diff: 3, Sum: 218]
      [Scan RS (ms): Min: 0.0, Avg: 0.0, Max: 0.0, Diff: 0.0, Sum: 0.1]
      [Code Root Scanning (ms): Min: 0.0, Avg: 0.0, Max: 0.0, Diff: 0.0, Sum: 0.0]
      [Object Copy (ms): Min: 2.7, Avg: 2.8, Max: 2.9, Diff: 0.2, Sum: 22.0]
      [Termination (ms): Min: 0.0, Avg: 0.2, Max: 0.2, Diff: 0.2, Sum: 1.2]
         [Termination Attempts: Min: 1, Avg: 1.0, Max: 1, Diff: 0, Sum: 8]
      [GC Worker Other (ms): Min: 0.0, Avg: 0.0, Max: 0.0, Diff: 0.0, Sum: 0.1]
      [GC Worker Total (ms): Min: 4.7, Avg: 4.8, Max: 5.0, Diff: 0.3, Sum: 38.5]
      [GC Worker End (ms): Min: 33577.6, Avg: 33577.6, Max: 33577.6, Diff: 0.0]
   [Code Root Fixup: 0.0 ms]
   [Code Root Purge: 0.0 ms]
   [Clear CT: 1.1 ms]
   [Other: 3.1 ms]
      [Choose CSet: 0.0 ms]
      [Ref Proc: 0.9 ms]
      [Ref Enq: 0.0 ms]
      [Redirty Cards: 1.6 ms]
      [Humongous Register: 0.1 ms]
      [Humongous Reclaim: 0.1 ms]
      [Free CSet: 0.2 ms]
   [Eden: 98304.0K(98304.0K)->0.0B(952.0M) Survivors: 6144.0K->13312.0K Heap: 715.8M(2048.0M)->604.9M(2048.0M)]
 [Times: user=0.05 sys=0.00, real=0.01 secs] 
2021-01-22T00:59:00.640+0800: 33.676: [GC pause (G1 Humongous Allocation) (young) (initial-mark), 0.0303592 secs]
   [Parallel Time: 25.2 ms, GC Workers: 8]
      [GC Worker Start (ms): Min: 33676.9, Avg: 33677.1, Max: 33677.3, Diff: 0.4]
      [Ext Root Scanning (ms): Min: 0.0, Avg: 0.4, Max: 0.6, Diff: 0.6, Sum: 3.2]
      [Update RS (ms): Min: 11.2, Avg: 11.3, Max: 11.5, Diff: 0.3, Sum: 90.2]
         [Processed Buffers: Min: 165, Avg: 171.2, Max: 176, Diff: 11, Sum: 1370]
      [Scan RS (ms): Min: 0.1, Avg: 0.1, Max: 0.1, Diff: 0.0, Sum: 0.7]
      [Code Root Scanning (ms): Min: 0.0, Avg: 0.0, Max: 0.0, Diff: 0.0, Sum: 0.0]
      [Object Copy (ms): Min: 12.6, Avg: 12.6, Max: 12.6, Diff: 0.1, Sum: 100.7]
      [Termination (ms): Min: 0.0, Avg: 0.1, Max: 0.1, Diff: 0.1, Sum: 0.4]
         [Termination Attempts: Min: 1, Avg: 1.1, Max: 2, Diff: 1, Sum: 9]
      [GC Worker Other (ms): Min: 0.0, Avg: 0.0, Max: 0.1, Diff: 0.1, Sum: 0.2]
      [GC Worker Total (ms): Min: 24.2, Avg: 24.4, Max: 24.6, Diff: 0.4, Sum: 195.5]
      [GC Worker End (ms): Min: 33701.5, Avg: 33701.5, Max: 33701.6, Diff: 0.1]
   [Code Root Fixup: 0.0 ms]
   [Code Root Purge: 0.0 ms]
   [Clear CT: 1.2 ms]
   [Other: 4.0 ms]
      [Choose CSet: 0.0 ms]
      [Ref Proc: 1.1 ms]
      [Ref Enq: 0.0 ms]
      [Redirty Cards: 1.6 ms]
      [Humongous Register: 0.3 ms]
      [Humongous Reclaim: 0.4 ms]
      [Free CSet: 0.3 ms]
   [Eden: 668.0M(952.0M)->0.0B(834.0M) Survivors: 13312.0K->121.0M Heap: 1442.1M(2048.0M)->742.1M(2048.0M)]
 [Times: user=0.20 sys=0.01, real=0.03 secs] 
2021-01-22T00:59:00.672+0800: 33.707: [GC concurrent-root-region-scan-start]
2021-01-22T00:59:00.672+0800: 33.708: [GC concurrent-root-region-scan-end, 0.0002887 secs]
2021-01-22T00:59:00.672+0800: 33.708: [GC concurrent-mark-start]
2021-01-22T00:59:00.674+0800: 33.710: [GC concurrent-mark-end, 0.0025855 secs]
2021-01-22T00:59:00.675+0800: 33.711: [GC remark 2021-01-22T00:59:00.675+0800: 33.711: [Finalize Marking, 0.0012527 secs] 2021-01-22T00:59:00.677+0800: 33.713: [GC ref-proc, 0.0006805 secs] 2021-01-22T00:59:00.678+0800: 33.714: [Unloading, 0.0015593 secs], 0.0062773 secs]
 [Times: user=0.01 sys=0.00, real=0.01 secs] 
2021-01-22T00:59:00.682+0800: 33.718: [GC cleanup 763M->630M(2048M), 0.0034023 secs]
 [Times: user=0.01 sys=0.00, real=0.00 secs] 
2021-01-22T00:59:00.686+0800: 33.722: [GC concurrent-cleanup-start]
2021-01-22T00:59:00.686+0800: 33.722: [GC concurrent-cleanup-end, 0.0000842 secs]
2021-01-22T00:59:00.810+0800: 33.845: [GC pause (G1 Evacuation Pause) (young) (to-space exhausted), 0.0376544 secs]
   [Parallel Time: 32.9 ms, GC Workers: 8]
      [GC Worker Start (ms): Min: 33845.7, Avg: 33845.9, Max: 33846.0, Diff: 0.3]
      [Ext Root Scanning (ms): Min: 0.0, Avg: 0.1, Max: 0.2, Diff: 0.2, Sum: 0.6]
      [Update RS (ms): Min: 15.4, Avg: 15.5, Max: 15.8, Diff: 0.5, Sum: 124.0]
         [Processed Buffers: Min: 190, Avg: 227.4, Max: 237, Diff: 47, Sum: 1819]
      [Scan RS (ms): Min: 0.0, Avg: 0.2, Max: 0.8, Diff: 0.7, Sum: 1.7]
      [Code Root Scanning (ms): Min: 0.0, Avg: 0.0, Max: 0.0, Diff: 0.0, Sum: 0.0]
      [Object Copy (ms): Min: 15.7, Avg: 16.1, Max: 16.3, Diff: 0.6, Sum: 128.4]
      [Termination (ms): Min: 0.0, Avg: 0.1, Max: 0.2, Diff: 0.2, Sum: 1.1]
         [Termination Attempts: Min: 1, Avg: 1.1, Max: 2, Diff: 1, Sum: 9]
      [GC Worker Other (ms): Min: 0.0, Avg: 0.0, Max: 0.1, Diff: 0.1, Sum: 0.2]
      [GC Worker Total (ms): Min: 31.9, Avg: 32.0, Max: 32.1, Diff: 0.3, Sum: 256.1]
      [GC Worker End (ms): Min: 33877.9, Avg: 33877.9, Max: 33877.9, Diff: 0.1]
   [Code Root Fixup: 0.0 ms]
   [Code Root Purge: 0.0 ms]
   [Clear CT: 1.0 ms]
   [Other: 3.8 ms]
      [Evacuation Failure: 0.9 ms]
      [Choose CSet: 0.0 ms]
      [Ref Proc: 1.2 ms]
      [Ref Enq: 0.0 ms]
      [Redirty Cards: 0.8 ms]
      [Humongous Register: 0.2 ms]
      [Humongous Reclaim: 0.3 ms]
      [Free CSet: 0.3 ms]
   [Eden: 834.0M(834.0M)->0.0B(7168.0K) Survivors: 121.0M->120.0M Heap: 1669.2M(2048.0M)->839.3M(2048.0M)]
 [Times: user=0.26 sys=0.00, real=0.03 secs] 
2021-01-22T00:59:00.849+0800: 33.885: [GC pause (G1 Evacuation Pause) (mixed), 0.0144293 secs]
   [Parallel Time: 12.4 ms, GC Workers: 8]
      [GC Worker Start (ms): Min: 33885.1, Avg: 33885.8, Max: 33889.6, Diff: 4.5]
      [Ext Root Scanning (ms): Min: 0.0, Avg: 0.1, Max: 0.2, Diff: 0.2, Sum: 0.5]
      [Update RS (ms): Min: 0.0, Avg: 0.2, Max: 0.3, Diff: 0.3, Sum: 1.8]
         [Processed Buffers: Min: 0, Avg: 4.4, Max: 6, Diff: 6, Sum: 35]
      [Scan RS (ms): Min: 0.0, Avg: 0.1, Max: 0.2, Diff: 0.1, Sum: 0.6]
      [Code Root Scanning (ms): Min: 0.0, Avg: 0.0, Max: 0.0, Diff: 0.0, Sum: 0.0]
      [Object Copy (ms): Min: 7.1, Avg: 10.7, Max: 11.4, Diff: 4.3, Sum: 85.6]
      [Termination (ms): Min: 0.0, Avg: 0.2, Max: 0.3, Diff: 0.3, Sum: 1.7]
         [Termination Attempts: Min: 1, Avg: 1.2, Max: 3, Diff: 2, Sum: 10]
      [GC Worker Other (ms): Min: 0.0, Avg: 0.0, Max: 0.0, Diff: 0.0, Sum: 0.1]
      [GC Worker Total (ms): Min: 7.5, Avg: 11.3, Max: 11.9, Diff: 4.4, Sum: 90.4]
      [GC Worker End (ms): Min: 33897.0, Avg: 33897.1, Max: 33897.1, Diff: 0.1]
   [Code Root Fixup: 0.0 ms]
   [Code Root Purge: 0.0 ms]
   [Clear CT: 0.7 ms]
   [Other: 1.3 ms]
      [Choose CSet: 0.1 ms]
      [Ref Proc: 0.4 ms]
      [Ref Enq: 0.0 ms]
      [Redirty Cards: 0.5 ms]
      [Humongous Register: 0.1 ms]
      [Humongous Reclaim: 0.1 ms]
      [Free CSet: 0.2 ms]
   [Eden: 7168.0K(7168.0K)->0.0B(878.0M) Survivors: 120.0M->2048.0K Heap: 848.7M(2048.0M)->697.8M(2048.0M)]
 [Times: user=0.10 sys=0.00, real=0.01 secs] 
2021-01-22T00:59:00.919+0800: 33.955: [GC pause (G1 Humongous Allocation) (young) (initial-mark), 0.0217259 secs]
   [Parallel Time: 18.0 ms, GC Workers: 8]
      [GC Worker Start (ms): Min: 33955.1, Avg: 33955.2, Max: 33955.4, Diff: 0.3]
      [Ext Root Scanning (ms): Min: 0.0, Avg: 0.4, Max: 0.5, Diff: 0.5, Sum: 2.9]
      [Update RS (ms): Min: 6.9, Avg: 7.2, Max: 8.2, Diff: 1.3, Sum: 57.4]
         [Processed Buffers: Min: 100, Avg: 106.4, Max: 110, Diff: 10, Sum: 851]
      [Scan RS (ms): Min: 0.0, Avg: 0.3, Max: 2.0, Diff: 1.9, Sum: 2.8]
      [Code Root Scanning (ms): Min: 0.0, Avg: 0.0, Max: 0.0, Diff: 0.0, Sum: 0.0]
      [Object Copy (ms): Min: 8.0, Avg: 9.4, Max: 9.9, Diff: 1.9, Sum: 75.4]
      [Termination (ms): Min: 0.0, Avg: 0.0, Max: 0.1, Diff: 0.1, Sum: 0.3]
         [Termination Attempts: Min: 1, Avg: 1.0, Max: 1, Diff: 0, Sum: 8]
      [GC Worker Other (ms): Min: 0.0, Avg: 0.0, Max: 0.0, Diff: 0.0, Sum: 0.1]
      [GC Worker Total (ms): Min: 17.2, Avg: 17.4, Max: 17.5, Diff: 0.3, Sum: 138.9]
      [GC Worker End (ms): Min: 33972.6, Avg: 33972.6, Max: 33972.6, Diff: 0.0]
   [Code Root Fixup: 0.0 ms]
   [Code Root Purge: 0.0 ms]
   [Clear CT: 1.3 ms]
   [Other: 2.3 ms]
      [Choose CSet: 0.0 ms]
      [Ref Proc: 0.5 ms]
      [Ref Enq: 0.0 ms]
      [Redirty Cards: 1.0 ms]
      [Humongous Register: 0.2 ms]
      [Humongous Reclaim: 0.2 ms]
      [Free CSet: 0.2 ms]
   [Eden: 409.0M(878.0M)->0.0B(202.0M) Survivors: 2048.0K->110.0M Heap: 1211.3M(2048.0M)->805.4M(2048.0M)]
 [Times: user=0.14 sys=0.00, real=0.02 secs] 
2021-01-22T00:59:00.941+0800: 33.977: [GC concurrent-root-region-scan-start]
2021-01-22T00:59:00.942+0800: 33.977: [GC concurrent-root-region-scan-end, 0.0002532 secs]
2021-01-22T00:59:00.942+0800: 33.977: [GC concurrent-mark-start]
2021-01-22T00:59:00.945+0800: 33.980: [GC concurrent-mark-end, 0.0029795 secs]
2021-01-22T00:59:00.945+0800: 33.981: [GC remark 2021-01-22T00:59:00.945+0800: 33.981: [Finalize Marking, 0.0008559 secs] 2021-01-22T00:59:00.946+0800: 33.982: [GC ref-proc, 0.0006681 secs] 2021-01-22T00:59:00.947+0800: 33.983: [Unloading, 0.0010217 secs], 0.0050804 secs]
 [Times: user=0.01 sys=0.00, real=0.01 secs] 
2021-01-22T00:59:00.951+0800: 33.987: [GC cleanup 833M->694M(2048M), 0.0032654 secs]
 [Times: user=0.01 sys=0.00, real=0.00 secs] 
2021-01-22T00:59:00.955+0800: 33.991: [GC concurrent-cleanup-start]
2021-01-22T00:59:00.955+0800: 33.991: [GC concurrent-cleanup-end, 0.0000815 secs]
2021-01-22T00:59:00.980+0800: 34.016: [GC pause (G1 Evacuation Pause) (young), 0.0199311 secs]
   [Parallel Time: 16.5 ms, GC Workers: 8]
      [GC Worker Start (ms): Min: 34016.5, Avg: 34016.7, Max: 34016.8, Diff: 0.3]
      [Ext Root Scanning (ms): Min: 0.0, Avg: 0.1, Max: 0.2, Diff: 0.2, Sum: 0.6]
      [Update RS (ms): Min: 3.6, Avg: 3.6, Max: 3.7, Diff: 0.1, Sum: 29.0]
         [Processed Buffers: Min: 48, Avg: 54.5, Max: 57, Diff: 9, Sum: 436]
      [Scan RS (ms): Min: 0.0, Avg: 0.0, Max: 0.0, Diff: 0.0, Sum: 0.2]
      [Code Root Scanning (ms): Min: 0.0, Avg: 0.0, Max: 0.0, Diff: 0.0, Sum: 0.0]
      [Object Copy (ms): Min: 12.1, Avg: 12.1, Max: 12.1, Diff: 0.0, Sum: 96.6]
      [Termination (ms): Min: 0.0, Avg: 0.0, Max: 0.1, Diff: 0.1, Sum: 0.2]
         [Termination Attempts: Min: 1, Avg: 1.0, Max: 1, Diff: 0, Sum: 8]
      [GC Worker Other (ms): Min: 0.0, Avg: 0.0, Max: 0.0, Diff: 0.0, Sum: 0.1]
      [GC Worker Total (ms): Min: 15.7, Avg: 15.8, Max: 16.0, Diff: 0.3, Sum: 126.8]
      [GC Worker End (ms): Min: 34032.5, Avg: 34032.5, Max: 34032.6, Diff: 0.0]
   [Code Root Fixup: 0.0 ms]
   [Code Root Purge: 0.0 ms]
   [Clear CT: 1.0 ms]
   [Other: 2.4 ms]
      [Choose CSet: 0.0 ms]
      [Ref Proc: 0.8 ms]
      [Ref Enq: 0.0 ms]
      [Redirty Cards: 0.9 ms]
      [Humongous Register: 0.1 ms]
      [Humongous Reclaim: 0.1 ms]
      [Free CSet: 0.2 ms]
   [Eden: 202.0M(202.0M)->0.0B(64512.0K) Survivors: 110.0M->39936.0K Heap: 921.8M(2048.0M)->706.4M(2048.0M)]
 [Times: user=0.13 sys=0.00, real=0.02 secs] 
2021-01-22T00:59:01.009+0800: 34.045: [GC pause (G1 Evacuation Pause) (mixed), 0.0122166 secs]
   [Parallel Time: 8.9 ms, GC Workers: 8]
      [GC Worker Start (ms): Min: 34045.4, Avg: 34045.7, Max: 34045.8, Diff: 0.4]
      [Ext Root Scanning (ms): Min: 0.0, Avg: 0.1, Max: 0.3, Diff: 0.3, Sum: 0.6]
      [Update RS (ms): Min: 1.1, Avg: 1.2, Max: 1.2, Diff: 0.1, Sum: 9.5]
         [Processed Buffers: Min: 17, Avg: 18.2, Max: 20, Diff: 3, Sum: 146]
      [Scan RS (ms): Min: 0.0, Avg: 0.1, Max: 0.1, Diff: 0.1, Sum: 0.6]
      [Code Root Scanning (ms): Min: 0.0, Avg: 0.0, Max: 0.0, Diff: 0.0, Sum: 0.1]
      [Object Copy (ms): Min: 6.3, Avg: 6.3, Max: 6.4, Diff: 0.1, Sum: 50.7]
      [Termination (ms): Min: 0.0, Avg: 0.0, Max: 0.1, Diff: 0.1, Sum: 0.3]
         [Termination Attempts: Min: 1, Avg: 1.0, Max: 1, Diff: 0, Sum: 8]
      [GC Worker Other (ms): Min: 0.0, Avg: 0.0, Max: 0.0, Diff: 0.0, Sum: 0.1]
      [GC Worker Total (ms): Min: 7.6, Avg: 7.7, Max: 8.0, Diff: 0.4, Sum: 61.9]
      [GC Worker End (ms): Min: 34053.4, Avg: 34053.4, Max: 34053.4, Diff: 0.0]
   [Code Root Fixup: 0.0 ms]
   [Code Root Purge: 0.0 ms]
   [Clear CT: 1.0 ms]
   [Other: 2.4 ms]
      [Choose CSet: 0.1 ms]
      [Ref Proc: 0.8 ms]
      [Ref Enq: 0.0 ms]
      [Redirty Cards: 0.9 ms]
      [Humongous Register: 0.1 ms]
      [Humongous Reclaim: 0.1 ms]
      [Free CSet: 0.2 ms]
   [Eden: 64512.0K(64512.0K)->0.0B(91136.0K) Survivors: 39936.0K->13312.0K Heap: 786.5M(2048.0M)->539.1M(2048.0M)]
 [Times: user=0.06 sys=0.02, real=0.01 secs] 
2021-01-22T00:59:01.033+0800: 34.069: [GC pause (G1 Evacuation Pause) (mixed), 0.0088283 secs]
   [Parallel Time: 5.8 ms, GC Workers: 8]
      [GC Worker Start (ms): Min: 34069.6, Avg: 34069.8, Max: 34069.9, Diff: 0.3]
      [Ext Root Scanning (ms): Min: 0.0, Avg: 0.1, Max: 0.2, Diff: 0.2, Sum: 0.6]
      [Update RS (ms): Min: 1.5, Avg: 1.5, Max: 1.6, Diff: 0.1, Sum: 12.3]
         [Processed Buffers: Min: 21, Avg: 22.8, Max: 24, Diff: 3, Sum: 182]
      [Scan RS (ms): Min: 0.0, Avg: 0.0, Max: 0.0, Diff: 0.0, Sum: 0.1]
      [Code Root Scanning (ms): Min: 0.0, Avg: 0.0, Max: 0.0, Diff: 0.0, Sum: 0.0]
      [Object Copy (ms): Min: 3.2, Avg: 3.3, Max: 3.3, Diff: 0.1, Sum: 26.1]
      [Termination (ms): Min: 0.0, Avg: 0.1, Max: 0.1, Diff: 0.1, Sum: 0.5]
         [Termination Attempts: Min: 1, Avg: 1.0, Max: 1, Diff: 0, Sum: 8]
      [GC Worker Other (ms): Min: 0.0, Avg: 0.0, Max: 0.0, Diff: 0.0, Sum: 0.1]
      [GC Worker Total (ms): Min: 4.8, Avg: 5.0, Max: 5.1, Diff: 0.3, Sum: 39.7]
      [GC Worker End (ms): Min: 34074.8, Avg: 34074.8, Max: 34074.8, Diff: 0.0]
   [Code Root Fixup: 0.0 ms]
   [Code Root Purge: 0.0 ms]
   [Clear CT: 1.1 ms]
   [Other: 1.9 ms]
      [Choose CSet: 0.0 ms]
      [Ref Proc: 0.6 ms]
      [Ref Enq: 0.0 ms]
      [Redirty Cards: 0.8 ms]
      [Humongous Register: 0.1 ms]
      [Humongous Reclaim: 0.1 ms]
      [Free CSet: 0.1 ms]
   [Eden: 91136.0K(91136.0K)->0.0B(1031.0M) Survivors: 13312.0K->13312.0K Heap: 649.7M(2048.0M)->550.3M(2048.0M)]
 [Times: user=0.05 sys=0.00, real=0.01 secs] 
2021-01-22T00:59:01.145+0800: 34.181: [GC pause (G1 Humongous Allocation) (young) (initial-mark), 0.0410497 secs]
   [Parallel Time: 37.8 ms, GC Workers: 8]
      [GC Worker Start (ms): Min: 34181.6, Avg: 34181.7, Max: 34181.9, Diff: 0.3]
      [Ext Root Scanning (ms): Min: 0.0, Avg: 0.3, Max: 0.5, Diff: 0.5, Sum: 2.4]
      [Update RS (ms): Min: 17.4, Avg: 17.9, Max: 19.9, Diff: 2.4, Sum: 142.8]
         [Processed Buffers: Min: 144, Avg: 207.6, Max: 274, Diff: 130, Sum: 1661]
      [Scan RS (ms): Min: 0.1, Avg: 0.2, Max: 0.4, Diff: 0.3, Sum: 1.2]
      [Code Root Scanning (ms): Min: 0.0, Avg: 0.0, Max: 0.0, Diff: 0.0, Sum: 0.0]
      [Object Copy (ms): Min: 13.3, Avg: 16.1, Max: 19.1, Diff: 5.8, Sum: 128.8]
      [Termination (ms): Min: 0.0, Avg: 2.6, Max: 3.4, Diff: 3.4, Sum: 21.1]
         [Termination Attempts: Min: 1, Avg: 1.0, Max: 1, Diff: 0, Sum: 8]
      [GC Worker Other (ms): Min: 0.0, Avg: 0.0, Max: 0.0, Diff: 0.0, Sum: 0.1]
      [GC Worker Total (ms): Min: 36.9, Avg: 37.1, Max: 37.2, Diff: 0.3, Sum: 296.6]
      [GC Worker End (ms): Min: 34218.8, Avg: 34218.8, Max: 34218.9, Diff: 0.1]
   [Code Root Fixup: 0.0 ms]
   [Code Root Purge: 0.0 ms]
   [Clear CT: 0.7 ms]
   [Other: 2.6 ms]
      [Choose CSet: 0.0 ms]
      [Ref Proc: 0.8 ms]
      [Ref Enq: 0.0 ms]
      [Redirty Cards: 0.7 ms]
      [Humongous Register: 0.2 ms]
      [Humongous Reclaim: 0.3 ms]
      [Free CSet: 0.4 ms]
   [Eden: 733.0M(1031.0M)->0.0B(878.0M) Survivors: 13312.0K->131.0M Heap: 1489.7M(2048.0M)->715.2M(2048.0M)]
 [Times: user=0.30 sys=0.00, real=0.04 secs] 
2021-01-22T00:59:01.187+0800: 34.223: [GC concurrent-root-region-scan-start]
2021-01-22T00:59:01.187+0800: 34.223: [GC concurrent-root-region-scan-end, 0.0002444 secs]
2021-01-22T00:59:01.187+0800: 34.223: [GC concurrent-mark-start]
2021-01-22T00:59:01.191+0800: 34.226: [GC concurrent-mark-end, 0.0033710 secs]
2021-01-22T00:59:01.191+0800: 34.227: [GC remark 2021-01-22T00:59:01.191+0800: 34.227: [Finalize Marking, 0.0014402 secs] 2021-01-22T00:59:01.193+0800: 34.229: [GC ref-proc, 0.0005288 secs] 2021-01-22T00:59:01.194+0800: 34.230: [Unloading, 0.0010355 secs], 0.0053251 secs]
 [Times: user=0.02 sys=0.00, real=0.00 secs] 
2021-01-22T00:59:01.197+0800: 34.233: [GC cleanup 734M->641M(2048M), 0.0033186 secs]
 [Times: user=0.00 sys=0.00, real=0.01 secs] 
2021-01-22T00:59:01.201+0800: 34.237: [GC concurrent-cleanup-start]
2021-01-22T00:59:01.201+0800: 34.237: [GC concurrent-cleanup-end, 0.0000925 secs]
2021-01-22T00:59:01.336+0800: 34.371: [GC pause (G1 Evacuation Pause) (young) (to-space exhausted), 0.0335406 secs]
   [Parallel Time: 28.2 ms, GC Workers: 8]
      [GC Worker Start (ms): Min: 34371.7, Avg: 34371.9, Max: 34372.1, Diff: 0.4]
      [Ext Root Scanning (ms): Min: 0.0, Avg: 0.1, Max: 0.2, Diff: 0.2, Sum: 0.5]
      [Update RS (ms): Min: 16.1, Avg: 16.2, Max: 16.3, Diff: 0.1, Sum: 129.6]
         [Processed Buffers: Min: 210, Avg: 237.5, Max: 252, Diff: 42, Sum: 1900]
      [Scan RS (ms): Min: 0.1, Avg: 0.1, Max: 0.2, Diff: 0.0, Sum: 1.2]
      [Code Root Scanning (ms): Min: 0.0, Avg: 0.0, Max: 0.0, Diff: 0.0, Sum: 0.0]
      [Object Copy (ms): Min: 10.2, Avg: 10.4, Max: 10.6, Diff: 0.4, Sum: 82.9]
      [Termination (ms): Min: 0.0, Avg: 0.2, Max: 0.4, Diff: 0.4, Sum: 1.9]
         [Termination Attempts: Min: 1, Avg: 1.0, Max: 1, Diff: 0, Sum: 8]
      [GC Worker Other (ms): Min: 0.0, Avg: 0.0, Max: 0.2, Diff: 0.1, Sum: 0.3]
      [GC Worker Total (ms): Min: 26.9, Avg: 27.1, Max: 27.3, Diff: 0.4, Sum: 216.5]
      [GC Worker End (ms): Min: 34399.0, Avg: 34399.0, Max: 34399.1, Diff: 0.2]
   [Code Root Fixup: 0.0 ms]
   [Code Root Purge: 0.0 ms]
   [Clear CT: 1.0 ms]
   [Other: 4.4 ms]
      [Evacuation Failure: 1.5 ms]
      [Choose CSet: 0.0 ms]
      [Ref Proc: 0.8 ms]
      [Ref Enq: 0.0 ms]
      [Redirty Cards: 1.2 ms]
      [Humongous Register: 0.2 ms]
      [Humongous Reclaim: 0.3 ms]
      [Free CSet: 0.3 ms]
   [Eden: 878.0M(878.0M)->0.0B(11264.0K) Survivors: 131.0M->93184.0K Heap: 1736.4M(2048.0M)->1132.3M(2048.0M)]
 [Times: user=0.22 sys=0.01, real=0.04 secs] 
2021-01-22T00:59:01.372+0800: 34.408: [GC pause (G1 Evacuation Pause) (mixed), 0.0151472 secs]
   [Parallel Time: 11.7 ms, GC Workers: 8]
      [GC Worker Start (ms): Min: 34407.9, Avg: 34408.1, Max: 34408.3, Diff: 0.4]
      [Ext Root Scanning (ms): Min: 0.0, Avg: 0.1, Max: 0.2, Diff: 0.2, Sum: 0.5]
      [Update RS (ms): Min: 0.4, Avg: 0.6, Max: 1.9, Diff: 1.5, Sum: 5.0]
         [Processed Buffers: Min: 5, Avg: 7.2, Max: 10, Diff: 5, Sum: 58]
      [Scan RS (ms): Min: 0.0, Avg: 0.1, Max: 0.1, Diff: 0.1, Sum: 0.6]
      [Code Root Scanning (ms): Min: 0.0, Avg: 0.0, Max: 0.0, Diff: 0.0, Sum: 0.0]
      [Object Copy (ms): Min: 8.0, Avg: 9.4, Max: 10.2, Diff: 2.2, Sum: 75.3]
      [Termination (ms): Min: 0.0, Avg: 0.6, Max: 0.8, Diff: 0.8, Sum: 5.0]
         [Termination Attempts: Min: 1, Avg: 1.4, Max: 2, Diff: 1, Sum: 11]
      [GC Worker Other (ms): Min: 0.0, Avg: 0.0, Max: 0.0, Diff: 0.0, Sum: 0.1]
      [GC Worker Total (ms): Min: 10.7, Avg: 10.8, Max: 11.0, Diff: 0.4, Sum: 86.5]
      [GC Worker End (ms): Min: 34418.9, Avg: 34418.9, Max: 34418.9, Diff: 0.0]
   [Code Root Fixup: 0.0 ms]
   [Code Root Purge: 0.0 ms]
   [Clear CT: 1.3 ms]
   [Other: 2.2 ms]
      [Choose CSet: 0.1 ms]
      [Ref Proc: 0.5 ms]
      [Ref Enq: 0.0 ms]
      [Redirty Cards: 1.0 ms]
      [Humongous Register: 0.1 ms]
      [Humongous Reclaim: 0.1 ms]
      [Free CSet: 0.3 ms]
   [Eden: 11264.0K(11264.0K)->0.0B(651.0M) Survivors: 93184.0K->5120.0K Heap: 1147.7M(2048.0M)->985.2M(2048.0M)]
 [Times: user=0.09 sys=0.00, real=0.01 secs] 
2021-01-22T00:59:01.388+0800: 34.424: [GC pause (G1 Humongous Allocation) (young) (initial-mark), 0.0041998 secs]
   [Parallel Time: 1.1 ms, GC Workers: 8]
      [GC Worker Start (ms): Min: 34424.1, Avg: 34424.3, Max: 34424.5, Diff: 0.4]
      [Ext Root Scanning (ms): Min: 0.0, Avg: 0.4, Max: 0.5, Diff: 0.4, Sum: 2.9]
      [Update RS (ms): Min: 0.0, Avg: 0.1, Max: 0.2, Diff: 0.2, Sum: 0.7]
         [Processed Buffers: Min: 0, Avg: 1.1, Max: 3, Diff: 3, Sum: 9]
      [Scan RS (ms): Min: 0.0, Avg: 0.0, Max: 0.0, Diff: 0.0, Sum: 0.0]
      [Code Root Scanning (ms): Min: 0.0, Avg: 0.0, Max: 0.0, Diff: 0.0, Sum: 0.0]
      [Object Copy (ms): Min: 0.2, Avg: 0.2, Max: 0.3, Diff: 0.1, Sum: 2.0]
      [Termination (ms): Min: 0.0, Avg: 0.0, Max: 0.1, Diff: 0.1, Sum: 0.2]
         [Termination Attempts: Min: 1, Avg: 1.0, Max: 1, Diff: 0, Sum: 8]
      [GC Worker Other (ms): Min: 0.0, Avg: 0.0, Max: 0.0, Diff: 0.0, Sum: 0.0]
      [GC Worker Total (ms): Min: 0.5, Avg: 0.7, Max: 0.9, Diff: 0.4, Sum: 5.9]
      [GC Worker End (ms): Min: 34425.0, Avg: 34425.0, Max: 34425.0, Diff: 0.0]
   [Code Root Fixup: 0.0 ms]
   [Code Root Purge: 0.0 ms]
   [Clear CT: 1.3 ms]
   [Other: 1.9 ms]
      [Choose CSet: 0.0 ms]
      [Ref Proc: 0.5 ms]
      [Ref Enq: 0.0 ms]
      [Redirty Cards: 1.0 ms]
      [Humongous Register: 0.1 ms]
      [Humongous Reclaim: 0.0 ms]
      [Free CSet: 0.0 ms]
   [Eden: 2048.0K(651.0M)->0.0B(653.0M) Survivors: 5120.0K->5120.0K Heap: 987.2M(2048.0M)->984.4M(2048.0M)]
 [Times: user=0.01 sys=0.00, real=0.01 secs] 
2021-01-22T00:59:01.393+0800: 34.429: [GC concurrent-root-region-scan-start]
2021-01-22T00:59:01.393+0800: 34.429: [GC concurrent-root-region-scan-end, 0.0002661 secs]
2021-01-22T00:59:01.393+0800: 34.429: [GC concurrent-mark-start]
2021-01-22T00:59:01.397+0800: 34.433: [GC concurrent-mark-end, 0.0035312 secs]
2021-01-22T00:59:01.397+0800: 34.433: [GC remark 2021-01-22T00:59:01.397+0800: 34.433: [Finalize Marking, 0.0012413 secs] 2021-01-22T00:59:01.399+0800: 34.435: [GC ref-proc, 0.0005057 secs] 2021-01-22T00:59:01.400+0800: 34.436: [Unloading, 0.0012461 secs], 0.0058166 secs]
 [Times: user=0.00 sys=0.01, real=0.01 secs] 
2021-01-22T00:59:01.404+0800: 34.440: [GC cleanup 1022M->959M(2048M), 0.0035104 secs]
 [Times: user=0.01 sys=0.00, real=0.00 secs] 
2021-01-22T00:59:01.408+0800: 34.444: [GC concurrent-cleanup-start]
2021-01-22T00:59:01.408+0800: 34.444: [GC concurrent-cleanup-end, 0.0000456 secs]
2021-01-22T00:59:01.524+0800: 34.560: [GC pause (G1 Evacuation Pause) (young) (to-space exhausted), 0.0299396 secs]
   [Parallel Time: 26.8 ms, GC Workers: 8]
      [GC Worker Start (ms): Min: 34560.3, Avg: 34560.5, Max: 34560.6, Diff: 0.3]
      [Ext Root Scanning (ms): Min: 0.0, Avg: 0.1, Max: 0.2, Diff: 0.2, Sum: 0.5]
      [Update RS (ms): Min: 12.2, Avg: 12.3, Max: 12.4, Diff: 0.1, Sum: 98.6]
         [Processed Buffers: Min: 87, Avg: 165.9, Max: 192, Diff: 105, Sum: 1327]
      [Scan RS (ms): Min: 0.1, Avg: 0.1, Max: 0.1, Diff: 0.0, Sum: 0.7]
      [Code Root Scanning (ms): Min: 0.0, Avg: 0.0, Max: 0.0, Diff: 0.0, Sum: 0.0]
      [Object Copy (ms): Min: 13.5, Avg: 13.6, Max: 13.6, Diff: 0.1, Sum: 108.5]
      [Termination (ms): Min: 0.0, Avg: 0.1, Max: 0.1, Diff: 0.1, Sum: 0.5]
         [Termination Attempts: Min: 1, Avg: 1.0, Max: 1, Diff: 0, Sum: 8]
      [GC Worker Other (ms): Min: 0.0, Avg: 0.0, Max: 0.0, Diff: 0.0, Sum: 0.1]
      [GC Worker Total (ms): Min: 26.0, Avg: 26.1, Max: 26.3, Diff: 0.3, Sum: 209.1]
      [GC Worker End (ms): Min: 34586.6, Avg: 34586.6, Max: 34586.6, Diff: 0.0]
   [Code Root Fixup: 0.0 ms]
   [Code Root Purge: 0.0 ms]
   [Clear CT: 0.8 ms]
   [Other: 2.3 ms]
      [Evacuation Failure: 0.6 ms]
      [Choose CSet: 0.0 ms]
      [Ref Proc: 0.4 ms]
      [Ref Enq: 0.0 ms]
      [Redirty Cards: 0.6 ms]
      [Humongous Register: 0.2 ms]
      [Humongous Reclaim: 0.2 ms]
      [Free CSet: 0.3 ms]
   [Eden: 653.0M(653.0M)->0.0B(19456.0K) Survivors: 5120.0K->84992.0K Heap: 1739.3M(2048.0M)->1082.0M(2048.0M)]
 [Times: user=0.21 sys=0.01, real=0.03 secs] 
2021-01-22T00:59:01.557+0800: 34.593: [GC pause (G1 Evacuation Pause) (mixed), 0.0112568 secs]
   [Parallel Time: 9.0 ms, GC Workers: 8]
      [GC Worker Start (ms): Min: 34593.3, Avg: 34593.5, Max: 34593.6, Diff: 0.3]
      [Ext Root Scanning (ms): Min: 0.0, Avg: 0.1, Max: 0.2, Diff: 0.2, Sum: 0.5]
      [Update RS (ms): Min: 0.3, Avg: 0.4, Max: 0.4, Diff: 0.1, Sum: 2.9]
         [Processed Buffers: Min: 5, Avg: 6.1, Max: 7, Diff: 2, Sum: 49]
      [Scan RS (ms): Min: 0.0, Avg: 0.2, Max: 1.3, Diff: 1.3, Sum: 1.8]
      [Code Root Scanning (ms): Min: 0.0, Avg: 0.0, Max: 0.0, Diff: 0.0, Sum: 0.0]
      [Object Copy (ms): Min: 6.8, Avg: 7.9, Max: 8.1, Diff: 1.3, Sum: 63.5]
      [Termination (ms): Min: 0.0, Avg: 0.0, Max: 0.1, Diff: 0.1, Sum: 0.3]
         [Termination Attempts: Min: 1, Avg: 1.0, Max: 1, Diff: 0, Sum: 8]
      [GC Worker Other (ms): Min: 0.0, Avg: 0.0, Max: 0.0, Diff: 0.0, Sum: 0.1]
      [GC Worker Total (ms): Min: 8.5, Avg: 8.6, Max: 8.8, Diff: 0.3, Sum: 69.1]
      [GC Worker End (ms): Min: 34602.1, Avg: 34602.1, Max: 34602.1, Diff: 0.0]
   [Code Root Fixup: 0.0 ms]
   [Code Root Purge: 0.0 ms]
   [Clear CT: 0.7 ms]
   [Other: 1.6 ms]
      [Choose CSet: 0.1 ms]
      [Ref Proc: 0.5 ms]
      [Ref Enq: 0.0 ms]
      [Redirty Cards: 0.6 ms]
      [Humongous Register: 0.1 ms]
      [Humongous Reclaim: 0.1 ms]
      [Free CSet: 0.2 ms]
   [Eden: 19456.0K(19456.0K)->0.0B(95232.0K) Survivors: 84992.0K->9216.0K Heap: 1105.0M(2048.0M)->884.7M(2048.0M)]
 [Times: user=0.07 sys=0.00, real=0.02 secs] 
2021-01-22T00:59:01.582+0800: 34.618: [GC pause (G1 Evacuation Pause) (mixed), 0.0103209 secs]
   [Parallel Time: 8.5 ms, GC Workers: 8]
      [GC Worker Start (ms): Min: 34618.1, Avg: 34618.2, Max: 34618.3, Diff: 0.2]
      [Ext Root Scanning (ms): Min: 0.0, Avg: 0.1, Max: 0.2, Diff: 0.2, Sum: 0.5]
      [Update RS (ms): Min: 2.6, Avg: 2.7, Max: 2.7, Diff: 0.1, Sum: 21.3]
         [Processed Buffers: Min: 39, Avg: 40.4, Max: 41, Diff: 2, Sum: 323]
      [Scan RS (ms): Min: 0.0, Avg: 0.0, Max: 0.1, Diff: 0.1, Sum: 0.4]
      [Code Root Scanning (ms): Min: 0.0, Avg: 0.0, Max: 0.0, Diff: 0.0, Sum: 0.0]
      [Object Copy (ms): Min: 5.2, Avg: 5.2, Max: 5.3, Diff: 0.1, Sum: 41.9]
      [Termination (ms): Min: 0.0, Avg: 0.0, Max: 0.1, Diff: 0.1, Sum: 0.2]
         [Termination Attempts: Min: 1, Avg: 1.0, Max: 1, Diff: 0, Sum: 8]
      [GC Worker Other (ms): Min: 0.0, Avg: 0.0, Max: 0.1, Diff: 0.1, Sum: 0.2]
      [GC Worker Total (ms): Min: 7.9, Avg: 8.1, Max: 8.2, Diff: 0.2, Sum: 64.5]
      [GC Worker End (ms): Min: 34626.2, Avg: 34626.3, Max: 34626.3, Diff: 0.1]
   [Code Root Fixup: 0.0 ms]
   [Code Root Purge: 0.0 ms]
   [Clear CT: 0.6 ms]
   [Other: 1.3 ms]
      [Choose CSet: 0.1 ms]
      [Ref Proc: 0.3 ms]
      [Ref Enq: 0.0 ms]
      [Redirty Cards: 0.4 ms]
      [Humongous Register: 0.1 ms]
      [Humongous Reclaim: 0.1 ms]
      [Free CSet: 0.2 ms]
   [Eden: 95232.0K(95232.0K)->0.0B(91136.0K) Survivors: 9216.0K->13312.0K Heap: 1016.9M(2048.0M)->740.3M(2048.0M)]
 [Times: user=0.07 sys=0.00, real=0.01 secs] 
2021-01-22T00:59:01.605+0800: 34.641: [GC pause (G1 Evacuation Pause) (mixed), 0.0082100 secs]
   [Parallel Time: 6.4 ms, GC Workers: 8]
      [GC Worker Start (ms): Min: 34641.0, Avg: 34641.1, Max: 34641.2, Diff: 0.2]
      [Ext Root Scanning (ms): Min: 0.0, Avg: 0.1, Max: 0.2, Diff: 0.2, Sum: 0.5]
      [Update RS (ms): Min: 1.6, Avg: 1.7, Max: 1.7, Diff: 0.1, Sum: 13.6]
         [Processed Buffers: Min: 25, Avg: 25.8, Max: 26, Diff: 1, Sum: 206]
      [Scan RS (ms): Min: 0.0, Avg: 0.0, Max: 0.1, Diff: 0.0, Sum: 0.3]
      [Code Root Scanning (ms): Min: 0.0, Avg: 0.0, Max: 0.0, Diff: 0.0, Sum: 0.0]
      [Object Copy (ms): Min: 4.3, Avg: 4.3, Max: 4.4, Diff: 0.1, Sum: 34.7]
      [Termination (ms): Min: 0.0, Avg: 0.0, Max: 0.1, Diff: 0.1, Sum: 0.4]
         [Termination Attempts: Min: 1, Avg: 1.0, Max: 1, Diff: 0, Sum: 8]
      [GC Worker Other (ms): Min: 0.0, Avg: 0.0, Max: 0.0, Diff: 0.0, Sum: 0.1]
      [GC Worker Total (ms): Min: 6.1, Avg: 6.2, Max: 6.3, Diff: 0.2, Sum: 49.6]
      [GC Worker End (ms): Min: 34647.3, Avg: 34647.3, Max: 34647.3, Diff: 0.0]
   [Code Root Fixup: 0.0 ms]
   [Code Root Purge: 0.0 ms]
   [Clear CT: 0.5 ms]
   [Other: 1.3 ms]
      [Choose CSet: 0.0 ms]
      [Ref Proc: 0.4 ms]
      [Ref Enq: 0.0 ms]
      [Redirty Cards: 0.4 ms]
      [Humongous Register: 0.1 ms]
      [Humongous Reclaim: 0.1 ms]
      [Free CSet: 0.1 ms]
   [Eden: 91136.0K(91136.0K)->0.0B(923.0M) Survivors: 13312.0K->13312.0K Heap: 853.9M(2048.0M)->670.0M(2048.0M)]
 [Times: user=0.05 sys=0.00, real=0.01 secs] 
2021-01-22T00:59:01.684+0800: 34.719: [GC pause (G1 Humongous Allocation) (young) (initial-mark), 0.0244488 secs]
   [Parallel Time: 20.9 ms, GC Workers: 8]
      [GC Worker Start (ms): Min: 34719.7, Avg: 34720.0, Max: 34720.1, Diff: 0.4]
      [Ext Root Scanning (ms): Min: 0.0, Avg: 0.4, Max: 0.6, Diff: 0.6, Sum: 3.2]
      [Update RS (ms): Min: 8.4, Avg: 8.6, Max: 8.7, Diff: 0.3, Sum: 68.5]
         [Processed Buffers: Min: 126, Avg: 130.8, Max: 136, Diff: 10, Sum: 1046]
      [Scan RS (ms): Min: 0.0, Avg: 0.1, Max: 0.1, Diff: 0.0, Sum: 0.5]
      [Code Root Scanning (ms): Min: 0.0, Avg: 0.0, Max: 0.0, Diff: 0.0, Sum: 0.0]
      [Object Copy (ms): Min: 11.0, Avg: 11.1, Max: 11.1, Diff: 0.1, Sum: 88.7]
      [Termination (ms): Min: 0.0, Avg: 0.1, Max: 0.1, Diff: 0.1, Sum: 0.6]
         [Termination Attempts: Min: 1, Avg: 1.0, Max: 1, Diff: 0, Sum: 8]
      [GC Worker Other (ms): Min: 0.0, Avg: 0.0, Max: 0.0, Diff: 0.0, Sum: 0.1]
      [GC Worker Total (ms): Min: 20.0, Avg: 20.2, Max: 20.4, Diff: 0.4, Sum: 161.4]
      [GC Worker End (ms): Min: 34740.1, Avg: 34740.1, Max: 34740.1, Diff: 0.0]
   [Code Root Fixup: 0.0 ms]
   [Code Root Purge: 0.0 ms]
   [Clear CT: 1.0 ms]
   [Other: 2.5 ms]
      [Choose CSet: 0.0 ms]
      [Ref Proc: 0.7 ms]
      [Ref Enq: 0.0 ms]
      [Redirty Cards: 1.0 ms]
      [Humongous Register: 0.2 ms]
      [Humongous Reclaim: 0.3 ms]
      [Free CSet: 0.2 ms]
   [Eden: 505.0M(923.0M)->0.0B(139.0M) Survivors: 13312.0K->117.0M Heap: 1304.0M(2048.0M)->790.2M(2048.0M)]
 [Times: user=0.17 sys=0.00, real=0.03 secs] 
2021-01-22T00:59:01.709+0800: 34.745: [GC concurrent-root-region-scan-start]
2021-01-22T00:59:01.709+0800: 34.745: [GC concurrent-root-region-scan-end, 0.0002721 secs]
2021-01-22T00:59:01.709+0800: 34.745: [GC concurrent-mark-start]
2021-01-22T00:59:01.712+0800: 34.748: [GC concurrent-mark-end, 0.0028193 secs]
2021-01-22T00:59:01.712+0800: 34.748: [GC remark 2021-01-22T00:59:01.712+0800: 34.748: [Finalize Marking, 0.0011388 secs] 2021-01-22T00:59:01.714+0800: 34.750: [GC ref-proc, 0.0005668 secs] 2021-01-22T00:59:01.715+0800: 34.751: [Unloading, 0.0010937 secs], 0.0051184 secs]
 [Times: user=0.01 sys=0.00, real=0.00 secs] 
2021-01-22T00:59:01.718+0800: 34.754: [GC cleanup 819M->665M(2048M), 0.0035270 secs]
 [Times: user=0.01 sys=0.00, real=0.01 secs] 
2021-01-22T00:59:01.722+0800: 34.758: [GC concurrent-cleanup-start]
2021-01-22T00:59:01.722+0800: 34.758: [GC concurrent-cleanup-end, 0.0000918 secs]
2021-01-22T00:59:01.739+0800: 34.775: [GC pause (G1 Evacuation Pause) (young), 0.0196852 secs]
   [Parallel Time: 16.2 ms, GC Workers: 8]
      [GC Worker Start (ms): Min: 34775.5, Avg: 34775.7, Max: 34775.8, Diff: 0.3]
      [Ext Root Scanning (ms): Min: 0.0, Avg: 0.1, Max: 0.2, Diff: 0.2, Sum: 0.6]
      [Update RS (ms): Min: 3.0, Avg: 3.0, Max: 3.1, Diff: 0.1, Sum: 24.3]
         [Processed Buffers: Min: 45, Avg: 46.6, Max: 49, Diff: 4, Sum: 373]
      [Scan RS (ms): Min: 0.0, Avg: 0.0, Max: 0.0, Diff: 0.0, Sum: 0.2]
      [Code Root Scanning (ms): Min: 0.0, Avg: 0.0, Max: 0.0, Diff: 0.0, Sum: 0.0]
      [Object Copy (ms): Min: 12.1, Avg: 12.1, Max: 12.2, Diff: 0.2, Sum: 96.8]
      [Termination (ms): Min: 0.0, Avg: 0.1, Max: 0.2, Diff: 0.2, Sum: 1.1]
         [Termination Attempts: Min: 1, Avg: 1.0, Max: 1, Diff: 0, Sum: 8]
      [GC Worker Other (ms): Min: 0.0, Avg: 0.0, Max: 0.0, Diff: 0.0, Sum: 0.1]
      [GC Worker Total (ms): Min: 15.2, Avg: 15.4, Max: 15.5, Diff: 0.3, Sum: 123.0]
      [GC Worker End (ms): Min: 34791.1, Avg: 34791.1, Max: 34791.1, Diff: 0.0]
   [Code Root Fixup: 0.0 ms]
   [Code Root Purge: 0.0 ms]
   [Clear CT: 1.2 ms]
   [Other: 2.2 ms]
      [Choose CSet: 0.0 ms]
      [Ref Proc: 0.7 ms]
      [Ref Enq: 0.0 ms]
      [Redirty Cards: 1.0 ms]
      [Humongous Register: 0.1 ms]
      [Humongous Reclaim: 0.1 ms]
      [Free CSet: 0.1 ms]
   [Eden: 139.0M(139.0M)->0.0B(71680.0K) Survivors: 117.0M->32768.0K Heap: 820.6M(2048.0M)->671.4M(2048.0M)]
 [Times: user=0.12 sys=0.01, real=0.02 secs] 
2021-01-22T00:59:01.770+0800: 34.806: [GC pause (G1 Evacuation Pause) (mixed), 0.0126577 secs]
   [Parallel Time: 9.1 ms, GC Workers: 8]
      [GC Worker Start (ms): Min: 34806.1, Avg: 34806.3, Max: 34806.4, Diff: 0.3]
      [Ext Root Scanning (ms): Min: 0.0, Avg: 0.1, Max: 0.2, Diff: 0.2, Sum: 0.6]
      [Update RS (ms): Min: 1.7, Avg: 1.7, Max: 1.8, Diff: 0.1, Sum: 14.0]
         [Processed Buffers: Min: 26, Avg: 26.9, Max: 28, Diff: 2, Sum: 215]
      [Scan RS (ms): Min: 0.1, Avg: 0.1, Max: 0.2, Diff: 0.1, Sum: 0.9]
      [Code Root Scanning (ms): Min: 0.0, Avg: 0.0, Max: 0.0, Diff: 0.0, Sum: 0.1]
      [Object Copy (ms): Min: 6.1, Avg: 6.2, Max: 6.4, Diff: 0.3, Sum: 49.6]
      [Termination (ms): Min: 0.0, Avg: 0.2, Max: 0.4, Diff: 0.4, Sum: 1.7]
         [Termination Attempts: Min: 1, Avg: 1.0, Max: 1, Diff: 0, Sum: 8]
      [GC Worker Other (ms): Min: 0.0, Avg: 0.0, Max: 0.0, Diff: 0.0, Sum: 0.1]
      [GC Worker Total (ms): Min: 8.2, Avg: 8.4, Max: 8.5, Diff: 0.3, Sum: 66.9]
      [GC Worker End (ms): Min: 34814.6, Avg: 34814.6, Max: 34814.7, Diff: 0.1]
   [Code Root Fixup: 0.0 ms]
   [Code Root Purge: 0.0 ms]
   [Clear CT: 1.4 ms]
   [Other: 2.1 ms]
      [Choose CSet: 0.1 ms]
      [Ref Proc: 0.4 ms]
      [Ref Enq: 0.0 ms]
      [Redirty Cards: 1.1 ms]
      [Humongous Register: 0.1 ms]
      [Humongous Reclaim: 0.1 ms]
      [Free CSet: 0.2 ms]
   [Eden: 71680.0K(71680.0K)->0.0B(985.0M) Survivors: 32768.0K->13312.0K Heap: 767.0M(2048.0M)->528.6M(2048.0M)]
 [Times: user=0.07 sys=0.00, real=0.01 secs] 
2021-01-22T00:59:01.900+0800: 34.936: [GC pause (G1 Humongous Allocation) (young) (initial-mark), 0.0329317 secs]
   [Parallel Time: 30.2 ms, GC Workers: 8]
      [GC Worker Start (ms): Min: 34936.3, Avg: 34936.5, Max: 34936.7, Diff: 0.3]
      [Ext Root Scanning (ms): Min: 0.1, Avg: 0.6, Max: 2.4, Diff: 2.4, Sum: 4.9]
      [Update RS (ms): Min: 12.4, Avg: 14.3, Max: 14.7, Diff: 2.3, Sum: 114.6]
         [Processed Buffers: Min: 186, Avg: 214.1, Max: 227, Diff: 41, Sum: 1713]
      [Scan RS (ms): Min: 0.1, Avg: 0.1, Max: 0.1, Diff: 0.1, Sum: 0.9]
      [Code Root Scanning (ms): Min: 0.0, Avg: 0.0, Max: 0.0, Diff: 0.0, Sum: 0.0]
      [Object Copy (ms): Min: 14.4, Avg: 14.4, Max: 14.5, Diff: 0.1, Sum: 115.5]
      [Termination (ms): Min: 0.0, Avg: 0.1, Max: 0.1, Diff: 0.1, Sum: 0.4]
         [Termination Attempts: Min: 1, Avg: 1.0, Max: 1, Diff: 0, Sum: 8]
      [GC Worker Other (ms): Min: 0.0, Avg: 0.1, Max: 0.1, Diff: 0.1, Sum: 0.5]
      [GC Worker Total (ms): Min: 29.5, Avg: 29.6, Max: 29.8, Diff: 0.3, Sum: 236.9]
      [GC Worker End (ms): Min: 34966.1, Avg: 34966.1, Max: 34966.2, Diff: 0.1]
   [Code Root Fixup: 0.0 ms]
   [Code Root Purge: 0.0 ms]
   [Clear CT: 0.5 ms]
   [Other: 2.2 ms]
      [Choose CSet: 0.0 ms]
      [Ref Proc: 0.7 ms]
      [Ref Enq: 0.0 ms]
      [Redirty Cards: 0.6 ms]
      [Humongous Register: 0.2 ms]
      [Humongous Reclaim: 0.2 ms]
      [Free CSet: 0.3 ms]
   [Eden: 772.0M(985.0M)->0.0B(741.0M) Survivors: 13312.0K->125.0M Heap: 1513.2M(2048.0M)->687.7M(2048.0M)]
 [Times: user=0.24 sys=0.00, real=0.03 secs] 
2021-01-22T00:59:01.934+0800: 34.970: [GC concurrent-root-region-scan-start]
2021-01-22T00:59:01.934+0800: 34.970: [GC concurrent-root-region-scan-end, 0.0002583 secs]
2021-01-22T00:59:01.934+0800: 34.970: [GC concurrent-mark-start]
2021-01-22T00:59:01.936+0800: 34.972: [GC concurrent-mark-end, 0.0022211 secs]
2021-01-22T00:59:01.936+0800: 34.972: [GC remark 2021-01-22T00:59:01.937+0800: 34.973: [Finalize Marking, 0.0007079 secs] 2021-01-22T00:59:01.938+0800: 34.973: [GC ref-proc, 0.0003987 secs] 2021-01-22T00:59:01.938+0800: 34.974: [Unloading, 0.0008432 secs], 0.0037780 secs]
 [Times: user=0.01 sys=0.00, real=0.01 secs] 
2021-01-22T00:59:01.941+0800: 34.977: [GC cleanup 710M->624M(2048M), 0.0023139 secs]
 [Times: user=0.01 sys=0.00, real=0.00 secs] 
2021-01-22T00:59:01.943+0800: 34.979: [GC concurrent-cleanup-start]
2021-01-22T00:59:01.944+0800: 34.979: [GC concurrent-cleanup-end, 0.0000488 secs]
2021-01-22T00:59:02.058+0800: 35.094: [GC pause (G1 Evacuation Pause) (young), 0.0422230 secs]
   [Parallel Time: 38.6 ms, GC Workers: 8]
      [GC Worker Start (ms): Min: 35093.9, Avg: 35094.8, Max: 35100.0, Diff: 6.1]
      [Ext Root Scanning (ms): Min: 0.0, Avg: 0.1, Max: 0.2, Diff: 0.2, Sum: 0.6]
      [Update RS (ms): Min: 9.8, Avg: 15.1, Max: 16.9, Diff: 7.1, Sum: 121.0]
         [Processed Buffers: Min: 125, Avg: 180.4, Max: 242, Diff: 117, Sum: 1443]
      [Scan RS (ms): Min: 0.1, Avg: 0.2, Max: 0.4, Diff: 0.3, Sum: 1.4]
      [Code Root Scanning (ms): Min: 0.0, Avg: 0.0, Max: 0.0, Diff: 0.0, Sum: 0.0]
      [Object Copy (ms): Min: 19.4, Avg: 20.5, Max: 21.9, Diff: 2.5, Sum: 163.9]
      [Termination (ms): Min: 0.0, Avg: 1.2, Max: 1.5, Diff: 1.5, Sum: 9.8]
         [Termination Attempts: Min: 1, Avg: 1.0, Max: 1, Diff: 0, Sum: 8]
      [GC Worker Other (ms): Min: 0.0, Avg: 0.0, Max: 0.0, Diff: 0.0, Sum: 0.1]
      [GC Worker Total (ms): Min: 31.8, Avg: 37.1, Max: 38.0, Diff: 6.1, Sum: 296.8]
      [GC Worker End (ms): Min: 35131.9, Avg: 35131.9, Max: 35131.9, Diff: 0.0]
   [Code Root Fixup: 0.0 ms]
   [Code Root Purge: 0.0 ms]
   [Clear CT: 0.8 ms]
   [Other: 2.9 ms]
      [Choose CSet: 0.0 ms]
      [Ref Proc: 0.7 ms]
      [Ref Enq: 0.0 ms]
      [Redirty Cards: 1.2 ms]
      [Humongous Register: 0.2 ms]
      [Humongous Reclaim: 0.3 ms]
      [Free CSet: 0.4 ms]
   [Eden: 741.0M(741.0M)->0.0B(7168.0K) Survivors: 125.0M->109.0M Heap: 1521.8M(2048.0M)->681.1M(2048.0M)]
 [Times: user=0.29 sys=0.01, real=0.05 secs] 
2021-01-22T00:59:02.102+0800: 35.137: [GC pause (G1 Evacuation Pause) (mixed), 0.0176656 secs]
   [Parallel Time: 11.8 ms, GC Workers: 8]
      [GC Worker Start (ms): Min: 35137.7, Avg: 35137.9, Max: 35138.0, Diff: 0.3]
      [Ext Root Scanning (ms): Min: 0.0, Avg: 0.1, Max: 0.2, Diff: 0.2, Sum: 0.5]
      [Update RS (ms): Min: 0.1, Avg: 0.2, Max: 0.2, Diff: 0.1, Sum: 1.2]
         [Processed Buffers: Min: 2, Avg: 2.4, Max: 3, Diff: 1, Sum: 19]
      [Scan RS (ms): Min: 0.0, Avg: 0.1, Max: 0.1, Diff: 0.0, Sum: 0.4]
      [Code Root Scanning (ms): Min: 0.0, Avg: 0.0, Max: 0.0, Diff: 0.0, Sum: 0.0]
      [Object Copy (ms): Min: 10.7, Avg: 10.8, Max: 11.0, Diff: 0.3, Sum: 86.6]
      [Termination (ms): Min: 0.0, Avg: 0.2, Max: 0.3, Diff: 0.3, Sum: 1.5]
         [Termination Attempts: Min: 1, Avg: 1.0, Max: 1, Diff: 0, Sum: 8]
      [GC Worker Other (ms): Min: 0.0, Avg: 0.0, Max: 0.0, Diff: 0.0, Sum: 0.1]
      [GC Worker Total (ms): Min: 11.2, Avg: 11.3, Max: 11.4, Diff: 0.3, Sum: 90.4]
      [GC Worker End (ms): Min: 35149.2, Avg: 35149.2, Max: 35149.2, Diff: 0.1]
   [Code Root Fixup: 0.0 ms]
   [Code Root Purge: 0.0 ms]
   [Clear CT: 0.5 ms]
   [Other: 5.4 ms]
      [Choose CSet: 0.1 ms]
      [Ref Proc: 4.0 ms]
      [Ref Enq: 0.0 ms]
      [Redirty Cards: 0.7 ms]
      [Humongous Register: 0.1 ms]
      [Humongous Reclaim: 0.0 ms]
      [Free CSet: 0.2 ms]
   [Eden: 7168.0K(7168.0K)->0.0B(1003.0M) Survivors: 109.0M->3072.0K Heap: 689.2M(2048.0M)->558.1M(2048.0M)]
 [Times: user=0.11 sys=0.01, real=0.02 secs] 
2021-01-22T00:59:02.220+0800: 35.256: [GC pause (G1 Humongous Allocation) (young) (initial-mark), 0.0328860 secs]
   [Parallel Time: 29.5 ms, GC Workers: 8]
      [GC Worker Start (ms): Min: 35256.5, Avg: 35256.7, Max: 35256.9, Diff: 0.4]
      [Ext Root Scanning (ms): Min: 0.0, Avg: 0.4, Max: 0.6, Diff: 0.6, Sum: 3.0]
      [Update RS (ms): Min: 13.6, Avg: 13.7, Max: 13.9, Diff: 0.3, Sum: 109.7]
         [Processed Buffers: Min: 174, Avg: 193.2, Max: 212, Diff: 38, Sum: 1546]
      [Scan RS (ms): Min: 0.1, Avg: 0.1, Max: 0.1, Diff: 0.0, Sum: 0.8]
      [Code Root Scanning (ms): Min: 0.0, Avg: 0.0, Max: 0.0, Diff: 0.0, Sum: 0.0]
      [Object Copy (ms): Min: 14.4, Avg: 14.5, Max: 15.0, Diff: 0.6, Sum: 115.9]
      [Termination (ms): Min: 0.0, Avg: 0.5, Max: 0.6, Diff: 0.6, Sum: 4.0]
         [Termination Attempts: Min: 1, Avg: 1.0, Max: 1, Diff: 0, Sum: 8]
      [GC Worker Other (ms): Min: 0.0, Avg: 0.0, Max: 0.0, Diff: 0.0, Sum: 0.1]
      [GC Worker Total (ms): Min: 29.0, Avg: 29.2, Max: 29.4, Diff: 0.4, Sum: 233.5]
      [GC Worker End (ms): Min: 35285.9, Avg: 35285.9, Max: 35285.9, Diff: 0.0]
   [Code Root Fixup: 0.0 ms]
   [Code Root Purge: 0.0 ms]
   [Clear CT: 0.8 ms]
   [Other: 2.6 ms]
      [Choose CSet: 0.0 ms]
      [Ref Proc: 0.5 ms]
      [Ref Enq: 0.0 ms]
      [Redirty Cards: 1.3 ms]
      [Humongous Register: 0.2 ms]
      [Humongous Reclaim: 0.2 ms]
      [Free CSet: 0.2 ms]
   [Eden: 672.0M(1003.0M)->0.0B(865.0M) Survivors: 3072.0K->126.0M Heap: 1421.5M(2048.0M)->719.8M(2048.0M)]
 [Times: user=0.24 sys=0.00, real=0.03 secs] 
2021-01-22T00:59:02.254+0800: 35.290: [GC concurrent-root-region-scan-start]
2021-01-22T00:59:02.254+0800: 35.290: [GC concurrent-root-region-scan-end, 0.0002692 secs]
2021-01-22T00:59:02.254+0800: 35.290: [GC concurrent-mark-start]
2021-01-22T00:59:02.257+0800: 35.293: [GC concurrent-mark-end, 0.0024207 secs]
2021-01-22T00:59:02.257+0800: 35.293: [GC remark 2021-01-22T00:59:02.257+0800: 35.293: [Finalize Marking, 0.0014354 secs] 2021-01-22T00:59:02.259+0800: 35.295: [GC ref-proc, 0.0006794 secs] 2021-01-22T00:59:02.260+0800: 35.296: [Unloading, 0.0013162 secs], 0.0061100 secs]
 [Times: user=0.02 sys=0.00, real=0.01 secs] 
2021-01-22T00:59:02.264+0800: 35.300: [GC cleanup 743M->625M(2048M), 0.0030197 secs]
 [Times: user=0.01 sys=0.00, real=0.00 secs] 
2021-01-22T00:59:02.268+0800: 35.304: [GC concurrent-cleanup-start]
2021-01-22T00:59:02.268+0800: 35.304: [GC concurrent-cleanup-end, 0.0000868 secs]
2021-01-22T00:59:02.413+0800: 35.449: [GC pause (G1 Evacuation Pause) (young) (to-space exhausted), 0.0405532 secs]
   [Parallel Time: 32.9 ms, GC Workers: 8]
      [GC Worker Start (ms): Min: 35449.1, Avg: 35449.3, Max: 35449.4, Diff: 0.4]
      [Ext Root Scanning (ms): Min: 0.0, Avg: 0.1, Max: 0.2, Diff: 0.2, Sum: 0.4]
      [Update RS (ms): Min: 19.6, Avg: 19.9, Max: 20.5, Diff: 0.8, Sum: 158.8]
         [Processed Buffers: Min: 230, Avg: 251.0, Max: 279, Diff: 49, Sum: 2008]
      [Scan RS (ms): Min: 0.1, Avg: 0.2, Max: 0.2, Diff: 0.1, Sum: 1.2]
      [Code Root Scanning (ms): Min: 0.0, Avg: 0.0, Max: 0.0, Diff: 0.0, Sum: 0.0]
      [Object Copy (ms): Min: 11.4, Avg: 12.0, Max: 12.2, Diff: 0.7, Sum: 95.8]
      [Termination (ms): Min: 0.0, Avg: 0.1, Max: 0.2, Diff: 0.2, Sum: 0.9]
         [Termination Attempts: Min: 1, Avg: 1.0, Max: 1, Diff: 0, Sum: 8]
      [GC Worker Other (ms): Min: 0.0, Avg: 0.0, Max: 0.0, Diff: 0.0, Sum: 0.1]
      [GC Worker Total (ms): Min: 32.0, Avg: 32.2, Max: 32.4, Diff: 0.4, Sum: 257.3]
      [GC Worker End (ms): Min: 35481.4, Avg: 35481.4, Max: 35481.5, Diff: 0.0]
   [Code Root Fixup: 0.0 ms]
   [Code Root Purge: 0.0 ms]
   [Clear CT: 1.0 ms]
   [Other: 6.6 ms]
      [Evacuation Failure: 1.5 ms]
      [Choose CSet: 0.0 ms]
      [Ref Proc: 3.1 ms]
      [Ref Enq: 0.0 ms]
      [Redirty Cards: 1.1 ms]
      [Humongous Register: 0.2 ms]
      [Humongous Reclaim: 0.4 ms]
      [Free CSet: 0.3 ms]
   [Eden: 865.0M(865.0M)->0.0B(9216.0K) Survivors: 126.0M->95232.0K Heap: 1716.4M(2048.0M)->1042.1M(2048.0M)]
 [Times: user=0.29 sys=0.00, real=0.04 secs] 
2021-01-22T00:59:02.456+0800: 35.491: [GC pause (G1 Evacuation Pause) (mixed), 0.0143129 secs]
   [Parallel Time: 11.0 ms, GC Workers: 8]
      [GC Worker Start (ms): Min: 35491.8, Avg: 35492.0, Max: 35492.1, Diff: 0.3]
      [Ext Root Scanning (ms): Min: 0.0, Avg: 0.1, Max: 0.2, Diff: 0.2, Sum: 0.5]
      [Update RS (ms): Min: 0.2, Avg: 0.6, Max: 3.5, Diff: 3.4, Sum: 5.0]
         [Processed Buffers: Min: 2, Avg: 3.1, Max: 5, Diff: 3, Sum: 25]
      [Scan RS (ms): Min: 0.0, Avg: 0.1, Max: 0.1, Diff: 0.1, Sum: 0.6]
      [Code Root Scanning (ms): Min: 0.0, Avg: 0.0, Max: 0.0, Diff: 0.0, Sum: 0.0]
      [Object Copy (ms): Min: 6.3, Avg: 9.3, Max: 10.0, Diff: 3.7, Sum: 74.5]
      [Termination (ms): Min: 0.0, Avg: 0.3, Max: 0.4, Diff: 0.4, Sum: 2.2]
         [Termination Attempts: Min: 1, Avg: 1.0, Max: 1, Diff: 0, Sum: 8]
      [GC Worker Other (ms): Min: 0.0, Avg: 0.0, Max: 0.0, Diff: 0.0, Sum: 0.1]
      [GC Worker Total (ms): Min: 10.2, Avg: 10.4, Max: 10.5, Diff: 0.3, Sum: 82.9]
      [GC Worker End (ms): Min: 35502.3, Avg: 35502.3, Max: 35502.4, Diff: 0.1]
   [Code Root Fixup: 0.0 ms]
   [Code Root Purge: 0.0 ms]
   [Clear CT: 0.8 ms]
   [Other: 2.6 ms]
      [Choose CSet: 0.1 ms]
      [Ref Proc: 1.4 ms]
      [Ref Enq: 0.0 ms]
      [Redirty Cards: 0.6 ms]
      [Humongous Register: 0.1 ms]
      [Humongous Reclaim: 0.1 ms]
      [Free CSet: 0.2 ms]
   [Eden: 9216.0K(9216.0K)->0.0B(694.0M) Survivors: 95232.0K->3072.0K Heap: 1052.3M(2048.0M)->911.1M(2048.0M)]
 [Times: user=0.09 sys=0.01, real=0.02 secs] 
2021-01-22T00:59:02.471+0800: 35.507: [GC pause (G1 Humongous Allocation) (young) (initial-mark), 0.0073221 secs]
   [Parallel Time: 4.1 ms, GC Workers: 8]
      [GC Worker Start (ms): Min: 35506.9, Avg: 35507.1, Max: 35507.2, Diff: 0.3]
      [Ext Root Scanning (ms): Min: 0.0, Avg: 0.7, Max: 3.4, Diff: 3.4, Sum: 5.4]
      [Update RS (ms): Min: 0.0, Avg: 0.1, Max: 0.4, Diff: 0.4, Sum: 1.0]
         [Processed Buffers: Min: 0, Avg: 1.1, Max: 4, Diff: 4, Sum: 9]
      [Scan RS (ms): Min: 0.0, Avg: 0.0, Max: 0.0, Diff: 0.0, Sum: 0.0]
      [Code Root Scanning (ms): Min: 0.0, Avg: 0.0, Max: 0.0, Diff: 0.0, Sum: 0.0]
      [Object Copy (ms): Min: 0.0, Avg: 0.1, Max: 0.2, Diff: 0.2, Sum: 0.8]
      [Termination (ms): Min: 0.0, Avg: 2.6, Max: 3.1, Diff: 3.1, Sum: 21.2]
         [Termination Attempts: Min: 1, Avg: 1.0, Max: 1, Diff: 0, Sum: 8]
      [GC Worker Other (ms): Min: 0.0, Avg: 0.0, Max: 0.0, Diff: 0.0, Sum: 0.0]
      [GC Worker Total (ms): Min: 3.4, Avg: 3.6, Max: 3.7, Diff: 0.3, Sum: 28.5]
      [GC Worker End (ms): Min: 35510.6, Avg: 35510.6, Max: 35510.7, Diff: 0.0]
   [Code Root Fixup: 0.0 ms]
   [Code Root Purge: 0.0 ms]
   [Clear CT: 0.7 ms]
   [Other: 2.5 ms]
      [Choose CSet: 0.0 ms]
      [Ref Proc: 1.3 ms]
      [Ref Enq: 0.0 ms]
      [Redirty Cards: 0.7 ms]
      [Humongous Register: 0.1 ms]
      [Humongous Reclaim: 0.1 ms]
      [Free CSet: 0.1 ms]
   [Eden: 2048.0K(694.0M)->0.0B(666.0M) Survivors: 3072.0K->4096.0K Heap: 912.4M(2048.0M)->912.0M(2048.0M)]
 [Times: user=0.04 sys=0.00, real=0.01 secs] 
2021-01-22T00:59:02.479+0800: 35.515: [GC concurrent-root-region-scan-start]
2021-01-22T00:59:02.479+0800: 35.515: [GC concurrent-root-region-scan-end, 0.0001786 secs]
2021-01-22T00:59:02.479+0800: 35.515: [GC concurrent-mark-start]
2021-01-22T00:59:02.482+0800: 35.518: [GC concurrent-mark-end, 0.0031531 secs]
2021-01-22T00:59:02.482+0800: 35.518: [GC remark 2021-01-22T00:59:02.483+0800: 35.519: [Finalize Marking, 0.0008143 secs] 2021-01-22T00:59:02.484+0800: 35.520: [GC ref-proc, 0.0003893 secs] 2021-01-22T00:59:02.484+0800: 35.520: [Unloading, 0.0008450 secs], 0.0040499 secs]
 [Times: user=0.01 sys=0.00, real=0.00 secs] 
2021-01-22T00:59:02.487+0800: 35.523: [GC cleanup 937M->867M(2048M), 0.0026417 secs]
 [Times: user=0.01 sys=0.00, real=0.01 secs] 
2021-01-22T00:59:02.490+0800: 35.526: [GC concurrent-cleanup-start]
2021-01-22T00:59:02.490+0800: 35.526: [GC concurrent-cleanup-end, 0.0000600 secs]
2021-01-22T00:59:02.585+0800: 35.621: [GC pause (G1 Evacuation Pause) (young), 0.0368367 secs]
   [Parallel Time: 30.3 ms, GC Workers: 8]
      [GC Worker Start (ms): Min: 35621.5, Avg: 35621.7, Max: 35621.8, Diff: 0.3]
      [Ext Root Scanning (ms): Min: 0.0, Avg: 0.1, Max: 0.2, Diff: 0.2, Sum: 0.5]
      [Update RS (ms): Min: 14.0, Avg: 14.2, Max: 14.6, Diff: 0.6, Sum: 113.5]
         [Processed Buffers: Min: 152, Avg: 191.4, Max: 220, Diff: 68, Sum: 1531]
      [Scan RS (ms): Min: 0.0, Avg: 0.4, Max: 2.7, Diff: 2.7, Sum: 3.4]
      [Code Root Scanning (ms): Min: 0.0, Avg: 0.0, Max: 0.0, Diff: 0.0, Sum: 0.0]
      [Object Copy (ms): Min: 12.5, Avg: 13.8, Max: 14.4, Diff: 2.0, Sum: 110.6]
      [Termination (ms): Min: 0.0, Avg: 0.9, Max: 1.1, Diff: 1.1, Sum: 6.9]
         [Termination Attempts: Min: 1, Avg: 1.0, Max: 1, Diff: 0, Sum: 8]
      [GC Worker Other (ms): Min: 0.0, Avg: 0.1, Max: 0.1, Diff: 0.1, Sum: 0.4]
      [GC Worker Total (ms): Min: 29.2, Avg: 29.4, Max: 29.5, Diff: 0.3, Sum: 235.4]
      [GC Worker End (ms): Min: 35651.1, Avg: 35651.1, Max: 35651.2, Diff: 0.1]
   [Code Root Fixup: 0.0 ms]
   [Code Root Purge: 0.0 ms]
   [Clear CT: 0.8 ms]
   [Other: 5.8 ms]
      [Choose CSet: 0.0 ms]
      [Ref Proc: 4.1 ms]
      [Ref Enq: 0.0 ms]
      [Redirty Cards: 0.7 ms]
      [Humongous Register: 0.2 ms]
      [Humongous Reclaim: 0.3 ms]
      [Free CSet: 0.5 ms]
   [Eden: 666.0M(666.0M)->0.0B(18432.0K) Survivors: 4096.0K->86016.0K Heap: 1698.4M(2048.0M)->981.6M(2048.0M)]
 [Times: user=0.26 sys=0.00, real=0.04 secs] 
2021-01-22T00:59:02.626+0800: 35.661: [GC pause (G1 Evacuation Pause) (mixed), 0.0136322 secs]
   [Parallel Time: 10.2 ms, GC Workers: 8]
      [GC Worker Start (ms): Min: 35661.7, Avg: 35661.9, Max: 35662.1, Diff: 0.3]
      [Ext Root Scanning (ms): Min: 0.0, Avg: 0.1, Max: 0.2, Diff: 0.2, Sum: 0.6]
      [Update RS (ms): Min: 0.3, Avg: 0.4, Max: 0.5, Diff: 0.2, Sum: 3.4]
         [Processed Buffers: Min: 5, Avg: 6.4, Max: 7, Diff: 2, Sum: 51]
      [Scan RS (ms): Min: 0.0, Avg: 0.0, Max: 0.1, Diff: 0.0, Sum: 0.4]
      [Code Root Scanning (ms): Min: 0.0, Avg: 0.0, Max: 0.0, Diff: 0.0, Sum: 0.0]
      [Object Copy (ms): Min: 8.5, Avg: 8.6, Max: 9.2, Diff: 0.7, Sum: 69.1]
      [Termination (ms): Min: 0.0, Avg: 0.5, Max: 0.7, Diff: 0.7, Sum: 4.1]
         [Termination Attempts: Min: 1, Avg: 1.0, Max: 1, Diff: 0, Sum: 8]
      [GC Worker Other (ms): Min: 0.0, Avg: 0.0, Max: 0.0, Diff: 0.0, Sum: 0.1]
      [GC Worker Total (ms): Min: 9.6, Avg: 9.7, Max: 9.9, Diff: 0.3, Sum: 77.7]
      [GC Worker End (ms): Min: 35671.6, Avg: 35671.6, Max: 35671.7, Diff: 0.1]
   [Code Root Fixup: 0.0 ms]
   [Code Root Purge: 0.0 ms]
   [Clear CT: 0.5 ms]
   [Other: 3.0 ms]
      [Choose CSet: 0.1 ms]
      [Ref Proc: 1.8 ms]
      [Ref Enq: 0.0 ms]
      [Redirty Cards: 0.5 ms]
      [Humongous Register: 0.1 ms]
      [Humongous Reclaim: 0.1 ms]
      [Free CSet: 0.2 ms]
   [Eden: 18432.0K(18432.0K)->0.0B(97280.0K) Survivors: 86016.0K->7168.0K Heap: 1004.8M(2048.0M)->788.9M(2048.0M)]
 [Times: user=0.09 sys=0.01, real=0.02 secs] 
2021-01-22T00:59:02.653+0800: 35.689: [GC pause (G1 Evacuation Pause) (mixed), 0.0103193 secs]
   [Parallel Time: 8.3 ms, GC Workers: 8]
      [GC Worker Start (ms): Min: 35688.9, Avg: 35689.0, Max: 35689.1, Diff: 0.2]
      [Ext Root Scanning (ms): Min: 0.0, Avg: 0.1, Max: 0.2, Diff: 0.2, Sum: 0.5]
      [Update RS (ms): Min: 1.9, Avg: 1.9, Max: 2.0, Diff: 0.1, Sum: 15.3]
         [Processed Buffers: Min: 28, Avg: 29.1, Max: 30, Diff: 2, Sum: 233]
      [Scan RS (ms): Min: 0.0, Avg: 0.0, Max: 0.1, Diff: 0.0, Sum: 0.4]
      [Code Root Scanning (ms): Min: 0.0, Avg: 0.0, Max: 0.0, Diff: 0.0, Sum: 0.0]
      [Object Copy (ms): Min: 4.7, Avg: 4.9, Max: 5.8, Diff: 1.1, Sum: 39.2]
      [Termination (ms): Min: 0.0, Avg: 0.9, Max: 1.1, Diff: 1.1, Sum: 7.5]
         [Termination Attempts: Min: 1, Avg: 1.0, Max: 1, Diff: 0, Sum: 8]
      [GC Worker Other (ms): Min: 0.0, Avg: 0.0, Max: 0.0, Diff: 0.0, Sum: 0.1]
      [GC Worker Total (ms): Min: 7.8, Avg: 7.9, Max: 8.0, Diff: 0.2, Sum: 63.1]
      [GC Worker End (ms): Min: 35696.9, Avg: 35696.9, Max: 35696.9, Diff: 0.0]
   [Code Root Fixup: 0.0 ms]
   [Code Root Purge: 0.0 ms]
   [Clear CT: 0.4 ms]
   [Other: 1.6 ms]
      [Choose CSet: 0.1 ms]
      [Ref Proc: 0.6 ms]
      [Ref Enq: 0.0 ms]
      [Redirty Cards: 0.4 ms]
      [Humongous Register: 0.1 ms]
      [Humongous Reclaim: 0.1 ms]
      [Free CSet: 0.2 ms]
   [Eden: 97280.0K(97280.0K)->0.0B(91136.0K) Survivors: 7168.0K->13312.0K Heap: 911.8M(2048.0M)->640.5M(2048.0M)]
 [Times: user=0.07 sys=0.00, real=0.01 secs] 
2021-01-22T00:59:02.676+0800: 35.712: [GC pause (G1 Evacuation Pause) (mixed), 0.0075390 secs]
   [Parallel Time: 5.8 ms, GC Workers: 8]
      [GC Worker Start (ms): Min: 35712.5, Avg: 35712.6, Max: 35712.8, Diff: 0.3]
      [Ext Root Scanning (ms): Min: 0.0, Avg: 0.1, Max: 0.2, Diff: 0.2, Sum: 0.6]
      [Update RS (ms): Min: 2.0, Avg: 2.0, Max: 2.1, Diff: 0.1, Sum: 16.1]
         [Processed Buffers: Min: 20, Avg: 28.9, Max: 31, Diff: 11, Sum: 231]
      [Scan RS (ms): Min: 0.0, Avg: 0.0, Max: 0.0, Diff: 0.0, Sum: 0.1]
      [Code Root Scanning (ms): Min: 0.0, Avg: 0.0, Max: 0.0, Diff: 0.0, Sum: 0.0]
      [Object Copy (ms): Min: 3.3, Avg: 3.3, Max: 3.4, Diff: 0.1, Sum: 26.5]
      [Termination (ms): Min: 0.0, Avg: 0.0, Max: 0.1, Diff: 0.1, Sum: 0.4]
         [Termination Attempts: Min: 1, Avg: 1.0, Max: 1, Diff: 0, Sum: 8]
      [GC Worker Other (ms): Min: 0.0, Avg: 0.0, Max: 0.0, Diff: 0.0, Sum: 0.1]
      [GC Worker Total (ms): Min: 5.3, Avg: 5.5, Max: 5.6, Diff: 0.3, Sum: 43.7]
      [GC Worker End (ms): Min: 35718.1, Avg: 35718.1, Max: 35718.1, Diff: 0.0]
   [Code Root Fixup: 0.0 ms]
   [Code Root Purge: 0.0 ms]
   [Clear CT: 0.4 ms]
   [Other: 1.3 ms]
      [Choose CSet: 0.0 ms]
      [Ref Proc: 0.5 ms]
      [Ref Enq: 0.0 ms]
      [Redirty Cards: 0.4 ms]
      [Humongous Register: 0.1 ms]
      [Humongous Reclaim: 0.1 ms]
      [Free CSet: 0.1 ms]
   [Eden: 91136.0K(91136.0K)->0.0B(879.0M) Survivors: 13312.0K->13312.0K Heap: 757.2M(2048.0M)->668.0M(2048.0M)]
 [Times: user=0.04 sys=0.00, real=0.01 secs] 
2021-01-22T00:59:02.747+0800: 35.783: [GC pause (G1 Humongous Allocation) (young) (initial-mark), 0.0232315 secs]
   [Parallel Time: 20.5 ms, GC Workers: 8]
      [GC Worker Start (ms): Min: 35783.5, Avg: 35783.6, Max: 35783.8, Diff: 0.3]
      [Ext Root Scanning (ms): Min: 0.0, Avg: 0.3, Max: 0.5, Diff: 0.4, Sum: 2.8]
      [Update RS (ms): Min: 8.1, Avg: 8.3, Max: 8.4, Diff: 0.2, Sum: 66.0]
         [Processed Buffers: Min: 123, Avg: 125.5, Max: 129, Diff: 6, Sum: 1004]
      [Scan RS (ms): Min: 0.0, Avg: 0.1, Max: 0.2, Diff: 0.2, Sum: 0.6]
      [Code Root Scanning (ms): Min: 0.0, Avg: 0.0, Max: 0.0, Diff: 0.0, Sum: 0.0]
      [Object Copy (ms): Min: 10.9, Avg: 11.0, Max: 11.1, Diff: 0.2, Sum: 87.8]
      [Termination (ms): Min: 0.0, Avg: 0.1, Max: 0.1, Diff: 0.1, Sum: 0.5]
         [Termination Attempts: Min: 1, Avg: 1.1, Max: 2, Diff: 1, Sum: 9]
      [GC Worker Other (ms): Min: 0.0, Avg: 0.1, Max: 0.2, Diff: 0.2, Sum: 0.4]
      [GC Worker Total (ms): Min: 19.6, Avg: 19.8, Max: 19.9, Diff: 0.4, Sum: 158.1]
      [GC Worker End (ms): Min: 35803.3, Avg: 35803.4, Max: 35803.5, Diff: 0.2]
   [Code Root Fixup: 0.0 ms]
   [Code Root Purge: 0.0 ms]
   [Clear CT: 0.8 ms]
   [Other: 1.9 ms]
      [Choose CSet: 0.0 ms]
      [Ref Proc: 0.5 ms]
      [Ref Enq: 0.0 ms]
      [Redirty Cards: 0.7 ms]
      [Humongous Register: 0.2 ms]
      [Humongous Reclaim: 0.2 ms]
      [Free CSet: 0.2 ms]
   [Eden: 430.0M(879.0M)->0.0B(780.0M) Survivors: 13312.0K->112.0M Heap: 1221.7M(2048.0M)->779.0M(2048.0M)]
 [Times: user=0.15 sys=0.01, real=0.03 secs] 
2021-01-22T00:59:02.771+0800: 35.807: [GC concurrent-root-region-scan-start]
2021-01-22T00:59:02.771+0800: 35.807: [GC concurrent-root-region-scan-end, 0.0002577 secs]
2021-01-22T00:59:02.771+0800: 35.807: [GC concurrent-mark-start]
2021-01-22T00:59:02.774+0800: 35.810: [GC concurrent-mark-end, 0.0026017 secs]
2021-01-22T00:59:02.774+0800: 35.810: [GC remark 2021-01-22T00:59:02.774+0800: 35.810: [Finalize Marking, 0.0007075 secs] 2021-01-22T00:59:02.775+0800: 35.811: [GC ref-proc, 0.0004251 secs] 2021-01-22T00:59:02.776+0800: 35.812: [Unloading, 0.0009996 secs], 0.0041490 secs]
 [Times: user=0.01 sys=0.00, real=0.01 secs] 
2021-01-22T00:59:02.779+0800: 35.815: [GC cleanup 807M->675M(2048M), 0.0024634 secs]
 [Times: user=0.01 sys=0.00, real=0.00 secs] 
2021-01-22T00:59:02.782+0800: 35.818: [GC concurrent-cleanup-start]
2021-01-22T00:59:02.782+0800: 35.818: [GC concurrent-cleanup-end, 0.0000777 secs]
2021-01-22T00:59:02.905+0800: 35.941: [GC pause (G1 Evacuation Pause) (young), 0.0405908 secs]
   [Parallel Time: 33.4 ms, GC Workers: 8]
      [GC Worker Start (ms): Min: 35941.2, Avg: 35941.3, Max: 35941.4, Diff: 0.3]
      [Ext Root Scanning (ms): Min: 0.0, Avg: 0.1, Max: 0.2, Diff: 0.2, Sum: 0.5]
      [Update RS (ms): Min: 13.7, Avg: 13.9, Max: 14.8, Diff: 1.0, Sum: 111.4]
         [Processed Buffers: Min: 163, Avg: 194.4, Max: 215, Diff: 52, Sum: 1555]
      [Scan RS (ms): Min: 0.1, Avg: 0.2, Max: 0.3, Diff: 0.2, Sum: 1.2]
      [Code Root Scanning (ms): Min: 0.0, Avg: 0.0, Max: 0.0, Diff: 0.0, Sum: 0.0]
      [Object Copy (ms): Min: 17.9, Avg: 18.5, Max: 18.7, Diff: 0.8, Sum: 148.2]
      [Termination (ms): Min: 0.0, Avg: 0.4, Max: 0.5, Diff: 0.5, Sum: 3.4]
         [Termination Attempts: Min: 1, Avg: 1.0, Max: 1, Diff: 0, Sum: 8]
      [GC Worker Other (ms): Min: 0.0, Avg: 0.0, Max: 0.0, Diff: 0.0, Sum: 0.1]
      [GC Worker Total (ms): Min: 33.0, Avg: 33.1, Max: 33.3, Diff: 0.3, Sum: 264.9]
      [GC Worker End (ms): Min: 35974.4, Avg: 35974.4, Max: 35974.5, Diff: 0.0]
   [Code Root Fixup: 0.0 ms]
   [Code Root Purge: 0.0 ms]
   [Clear CT: 0.5 ms]
   [Other: 6.6 ms]
      [Choose CSet: 0.0 ms]
      [Ref Proc: 5.1 ms]
      [Ref Enq: 0.0 ms]
      [Redirty Cards: 0.5 ms]
      [Humongous Register: 0.2 ms]
      [Humongous Reclaim: 0.3 ms]
      [Free CSet: 0.5 ms]
   [Eden: 780.0M(780.0M)->0.0B(7168.0K) Survivors: 112.0M->112.0M Heap: 1620.1M(2048.0M)->750.8M(2048.0M)]
 [Times: user=0.30 sys=0.00, real=0.04 secs] 
2021-01-22T00:59:02.947+0800: 35.983: [GC pause (G1 Evacuation Pause) (mixed), 0.0143336 secs]
   [Parallel Time: 12.2 ms, GC Workers: 8]
      [GC Worker Start (ms): Min: 35983.5, Avg: 35983.7, Max: 35984.1, Diff: 0.6]
      [Ext Root Scanning (ms): Min: 0.0, Avg: 0.1, Max: 0.2, Diff: 0.2, Sum: 0.6]
      [Update RS (ms): Min: 0.0, Avg: 0.2, Max: 0.3, Diff: 0.3, Sum: 1.6]
         [Processed Buffers: Min: 0, Avg: 3.2, Max: 5, Diff: 5, Sum: 26]
      [Scan RS (ms): Min: 0.0, Avg: 0.1, Max: 0.1, Diff: 0.1, Sum: 0.5]
      [Code Root Scanning (ms): Min: 0.0, Avg: 0.0, Max: 0.0, Diff: 0.0, Sum: 0.0]
      [Object Copy (ms): Min: 10.9, Avg: 11.1, Max: 11.6, Diff: 0.7, Sum: 88.4]
      [Termination (ms): Min: 0.0, Avg: 0.5, Max: 0.6, Diff: 0.6, Sum: 4.1]
         [Termination Attempts: Min: 1, Avg: 1.2, Max: 2, Diff: 1, Sum: 10]
      [GC Worker Other (ms): Min: 0.0, Avg: 0.0, Max: 0.0, Diff: 0.0, Sum: 0.1]
      [GC Worker Total (ms): Min: 11.5, Avg: 11.9, Max: 12.1, Diff: 0.6, Sum: 95.3]
      [GC Worker End (ms): Min: 35995.6, Avg: 35995.6, Max: 35995.6, Diff: 0.0]
   [Code Root Fixup: 0.0 ms]
   [Code Root Purge: 0.0 ms]
   [Clear CT: 0.5 ms]
   [Other: 1.7 ms]
      [Choose CSet: 0.1 ms]
      [Ref Proc: 0.4 ms]
      [Ref Enq: 0.0 ms]
      [Redirty Cards: 0.7 ms]
      [Humongous Register: 0.1 ms]
      [Humongous Reclaim: 0.0 ms]
      [Free CSet: 0.2 ms]
   [Eden: 7168.0K(7168.0K)->0.0B(950.0M) Survivors: 112.0M->2048.0K Heap: 759.8M(2048.0M)->584.5M(2048.0M)]
 [Times: user=0.10 sys=0.00, real=0.02 secs] 
2021-01-22T00:59:03.061+0800: 36.097: [GC pause (G1 Humongous Allocation) (young) (initial-mark), 0.0294173 secs]
   [Parallel Time: 26.2 ms, GC Workers: 8]
      [GC Worker Start (ms): Min: 36097.7, Avg: 36097.9, Max: 36098.1, Diff: 0.3]
      [Ext Root Scanning (ms): Min: 0.0, Avg: 0.3, Max: 0.5, Diff: 0.5, Sum: 2.5]
      [Update RS (ms): Min: 10.9, Avg: 11.0, Max: 11.1, Diff: 0.2, Sum: 88.2]
         [Processed Buffers: Min: 163, Avg: 168.5, Max: 172, Diff: 9, Sum: 1348]
      [Scan RS (ms): Min: 0.1, Avg: 0.1, Max: 0.1, Diff: 0.0, Sum: 0.7]
      [Code Root Scanning (ms): Min: 0.0, Avg: 0.0, Max: 0.0, Diff: 0.0, Sum: 0.0]
      [Object Copy (ms): Min: 13.8, Avg: 13.8, Max: 14.0, Diff: 0.2, Sum: 110.5]
      [Termination (ms): Min: 0.0, Avg: 0.2, Max: 0.2, Diff: 0.2, Sum: 1.4]
         [Termination Attempts: Min: 1, Avg: 1.0, Max: 1, Diff: 0, Sum: 8]
      [GC Worker Other (ms): Min: 0.0, Avg: 0.0, Max: 0.1, Diff: 0.1, Sum: 0.3]
      [GC Worker Total (ms): Min: 25.2, Avg: 25.5, Max: 25.6, Diff: 0.4, Sum: 203.7]
      [GC Worker End (ms): Min: 36123.3, Avg: 36123.3, Max: 36123.4, Diff: 0.1]
   [Code Root Fixup: 0.0 ms]
   [Code Root Purge: 0.0 ms]
   [Clear CT: 0.8 ms]
   [Other: 2.4 ms]
      [Choose CSet: 0.0 ms]
      [Ref Proc: 0.4 ms]
      [Ref Enq: 0.0 ms]
      [Redirty Cards: 1.1 ms]
      [Humongous Register: 0.2 ms]
      [Humongous Reclaim: 0.3 ms]
      [Free CSet: 0.3 ms]
   [Eden: 730.0M(950.0M)->0.0B(826.0M) Survivors: 2048.0K->119.0M Heap: 1481.7M(2048.0M)->735.9M(2048.0M)]
 [Times: user=0.21 sys=0.00, real=0.03 secs] 
2021-01-22T00:59:03.091+0800: 36.127: [GC concurrent-root-region-scan-start]
2021-01-22T00:59:03.092+0800: 36.128: [GC concurrent-root-region-scan-end, 0.0003487 secs]
2021-01-22T00:59:03.092+0800: 36.128: [GC concurrent-mark-start]
2021-01-22T00:59:03.094+0800: 36.130: [GC concurrent-mark-end, 0.0024679 secs]
2021-01-22T00:59:03.095+0800: 36.131: [GC remark 2021-01-22T00:59:03.095+0800: 36.131: [Finalize Marking, 0.0006968 secs] 2021-01-22T00:59:03.096+0800: 36.132: [GC ref-proc, 0.0003775 secs] 2021-01-22T00:59:03.097+0800: 36.132: [Unloading, 0.0012654 secs], 0.0045661 secs]
 [Times: user=0.01 sys=0.01, real=0.01 secs] 
2021-01-22T00:59:03.100+0800: 36.136: [GC cleanup 758M->647M(2048M), 0.0031174 secs]
 [Times: user=0.01 sys=0.00, real=0.00 secs] 
2021-01-22T00:59:03.104+0800: 36.139: [GC concurrent-cleanup-start]
2021-01-22T00:59:03.104+0800: 36.140: [GC concurrent-cleanup-end, 0.0000738 secs]
2021-01-22T00:59:03.220+0800: 36.256: [GC pause (G1 Evacuation Pause) (young) (to-space exhausted), 0.0350601 secs]
   [Parallel Time: 30.5 ms, GC Workers: 8]
      [GC Worker Start (ms): Min: 36256.1, Avg: 36256.4, Max: 36256.5, Diff: 0.4]
      [Ext Root Scanning (ms): Min: 0.0, Avg: 0.1, Max: 0.2, Diff: 0.2, Sum: 0.4]
      [Update RS (ms): Min: 16.0, Avg: 16.1, Max: 16.1, Diff: 0.2, Sum: 128.6]
         [Processed Buffers: Min: 232, Avg: 240.9, Max: 247, Diff: 15, Sum: 1927]
      [Scan RS (ms): Min: 0.1, Avg: 0.1, Max: 0.2, Diff: 0.1, Sum: 1.1]
      [Code Root Scanning (ms): Min: 0.0, Avg: 0.0, Max: 0.0, Diff: 0.0, Sum: 0.0]
      [Object Copy (ms): Min: 13.1, Avg: 13.2, Max: 13.3, Diff: 0.2, Sum: 105.7]
      [Termination (ms): Min: 0.0, Avg: 0.1, Max: 0.2, Diff: 0.2, Sum: 0.8]
         [Termination Attempts: Min: 1, Avg: 1.1, Max: 2, Diff: 1, Sum: 9]
      [GC Worker Other (ms): Min: 0.0, Avg: 0.0, Max: 0.0, Diff: 0.0, Sum: 0.1]
      [GC Worker Total (ms): Min: 29.4, Avg: 29.6, Max: 29.8, Diff: 0.4, Sum: 236.7]
      [GC Worker End (ms): Min: 36285.9, Avg: 36286.0, Max: 36286.0, Diff: 0.0]
   [Code Root Fixup: 0.0 ms]
   [Code Root Purge: 0.0 ms]
   [Clear CT: 1.0 ms]
   [Other: 3.6 ms]
      [Evacuation Failure: 0.9 ms]
      [Choose CSet: 0.0 ms]
      [Ref Proc: 0.8 ms]
      [Ref Enq: 0.0 ms]
      [Redirty Cards: 1.1 ms]
      [Humongous Register: 0.2 ms]
      [Humongous Reclaim: 0.3 ms]
      [Free CSet: 0.2 ms]
   [Eden: 826.0M(826.0M)->0.0B(7168.0K) Survivors: 119.0M->119.0M Heap: 1690.5M(2048.0M)->968.5M(2048.0M)]
 [Times: user=0.24 sys=0.00, real=0.03 secs] 
2021-01-22T00:59:03.257+0800: 36.292: [GC pause (G1 Evacuation Pause) (mixed), 0.0147700 secs]
   [Parallel Time: 11.6 ms, GC Workers: 8]
      [GC Worker Start (ms): Min: 36292.8, Avg: 36292.9, Max: 36293.1, Diff: 0.3]
      [Ext Root Scanning (ms): Min: 0.0, Avg: 0.1, Max: 0.2, Diff: 0.2, Sum: 0.5]
      [Update RS (ms): Min: 0.0, Avg: 0.1, Max: 0.2, Diff: 0.1, Sum: 1.0]
         [Processed Buffers: Min: 1, Avg: 3.0, Max: 6, Diff: 5, Sum: 24]
      [Scan RS (ms): Min: 0.0, Avg: 0.0, Max: 0.1, Diff: 0.0, Sum: 0.4]
      [Code Root Scanning (ms): Min: 0.0, Avg: 0.0, Max: 0.0, Diff: 0.0, Sum: 0.0]
      [Object Copy (ms): Min: 10.9, Avg: 10.9, Max: 11.0, Diff: 0.1, Sum: 87.5]
      [Termination (ms): Min: 0.0, Avg: 0.0, Max: 0.1, Diff: 0.1, Sum: 0.4]
         [Termination Attempts: Min: 1, Avg: 3.0, Max: 7, Diff: 6, Sum: 24]
      [GC Worker Other (ms): Min: 0.0, Avg: 0.0, Max: 0.0, Diff: 0.0, Sum: 0.1]
      [GC Worker Total (ms): Min: 11.1, Avg: 11.2, Max: 11.4, Diff: 0.3, Sum: 89.9]
      [GC Worker End (ms): Min: 36304.2, Avg: 36304.2, Max: 36304.2, Diff: 0.0]
   [Code Root Fixup: 0.0 ms]
   [Code Root Purge: 0.0 ms]
   [Clear CT: 0.9 ms]
   [Other: 2.3 ms]
      [Choose CSet: 0.0 ms]
      [Ref Proc: 0.9 ms]
      [Ref Enq: 0.0 ms]
      [Redirty Cards: 1.0 ms]
      [Humongous Register: 0.1 ms]
      [Humongous Reclaim: 0.0 ms]
      [Free CSet: 0.2 ms]
   [Eden: 7168.0K(7168.0K)->0.0B(756.0M) Survivors: 119.0M->3072.0K Heap: 976.1M(2048.0M)->833.6M(2048.0M)]
 [Times: user=0.10 sys=0.00, real=0.02 secs] 
2021-01-22T00:59:03.281+0800: 36.317: [GC pause (G1 Humongous Allocation) (young) (initial-mark), 0.0067094 secs]
   [Parallel Time: 3.5 ms, GC Workers: 8]
      [GC Worker Start (ms): Min: 36317.6, Avg: 36317.8, Max: 36318.0, Diff: 0.4]
      [Ext Root Scanning (ms): Min: 0.0, Avg: 0.4, Max: 0.5, Diff: 0.5, Sum: 3.0]
      [Update RS (ms): Min: 1.0, Avg: 1.1, Max: 1.2, Diff: 0.3, Sum: 8.6]
         [Processed Buffers: Min: 15, Avg: 16.8, Max: 18, Diff: 3, Sum: 134]
      [Scan RS (ms): Min: 0.0, Avg: 0.0, Max: 0.0, Diff: 0.0, Sum: 0.0]
      [Code Root Scanning (ms): Min: 0.0, Avg: 0.0, Max: 0.0, Diff: 0.0, Sum: 0.0]
      [Object Copy (ms): Min: 1.7, Avg: 1.7, Max: 1.7, Diff: 0.1, Sum: 13.6]
      [Termination (ms): Min: 0.0, Avg: 0.0, Max: 0.1, Diff: 0.1, Sum: 0.4]
         [Termination Attempts: Min: 1, Avg: 1.0, Max: 1, Diff: 0, Sum: 8]
      [GC Worker Other (ms): Min: 0.0, Avg: 0.0, Max: 0.0, Diff: 0.0, Sum: 0.1]
      [GC Worker Total (ms): Min: 3.0, Avg: 3.2, Max: 3.4, Diff: 0.4, Sum: 25.6]
      [GC Worker End (ms): Min: 36321.0, Avg: 36321.0, Max: 36321.0, Diff: 0.0]
   [Code Root Fixup: 0.0 ms]
   [Code Root Purge: 0.0 ms]
   [Clear CT: 1.1 ms]
   [Other: 2.1 ms]
      [Choose CSet: 0.0 ms]
      [Ref Proc: 0.6 ms]
      [Ref Enq: 0.0 ms]
      [Redirty Cards: 1.0 ms]
      [Humongous Register: 0.1 ms]
      [Humongous Reclaim: 0.1 ms]
      [Free CSet: 0.1 ms]
   [Eden: 67584.0K(756.0M)->0.0B(717.0M) Survivors: 3072.0K->23552.0K Heap: 914.9M(2048.0M)->855.6M(2048.0M)]
 [Times: user=0.03 sys=0.00, real=0.01 secs] 
2021-01-22T00:59:03.289+0800: 36.325: [GC concurrent-root-region-scan-start]
2021-01-22T00:59:03.289+0800: 36.325: [GC concurrent-root-region-scan-end, 0.0002373 secs]
2021-01-22T00:59:03.289+0800: 36.325: [GC concurrent-mark-start]
2021-01-22T00:59:03.292+0800: 36.328: [GC concurrent-mark-end, 0.0030530 secs]
2021-01-22T00:59:03.292+0800: 36.328: [GC remark 2021-01-22T00:59:03.293+0800: 36.329: [Finalize Marking, 0.0009596 secs] 2021-01-22T00:59:03.294+0800: 36.330: [GC ref-proc, 0.0005771 secs] 2021-01-22T00:59:03.295+0800: 36.331: [Unloading, 0.0012341 secs], 0.0053164 secs]
 [Times: user=0.01 sys=0.00, real=0.00 secs] 
2021-01-22T00:59:03.299+0800: 36.334: [GC cleanup 884M->793M(2048M), 0.0028494 secs]
 [Times: user=0.01 sys=0.00, real=0.00 secs] 
2021-01-22T00:59:03.302+0800: 36.338: [GC concurrent-cleanup-start]
2021-01-22T00:59:03.302+0800: 36.338: [GC concurrent-cleanup-end, 0.0000520 secs]
2021-01-22T00:59:03.400+0800: 36.436: [GC pause (G1 Evacuation Pause) (young), 0.0339754 secs]
   [Parallel Time: 29.8 ms, GC Workers: 8]
      [GC Worker Start (ms): Min: 36436.7, Avg: 36436.8, Max: 36437.0, Diff: 0.3]
      [Ext Root Scanning (ms): Min: 0.0, Avg: 0.1, Max: 0.2, Diff: 0.2, Sum: 0.6]
      [Update RS (ms): Min: 13.2, Avg: 13.2, Max: 13.3, Diff: 0.1, Sum: 105.9]
         [Processed Buffers: Min: 185, Avg: 195.6, Max: 204, Diff: 19, Sum: 1565]
      [Scan RS (ms): Min: 0.1, Avg: 0.1, Max: 0.2, Diff: 0.2, Sum: 1.0]
      [Code Root Scanning (ms): Min: 0.0, Avg: 0.0, Max: 0.0, Diff: 0.0, Sum: 0.0]
      [Object Copy (ms): Min: 15.0, Avg: 15.2, Max: 15.4, Diff: 0.4, Sum: 121.6]
      [Termination (ms): Min: 0.0, Avg: 0.2, Max: 0.3, Diff: 0.3, Sum: 2.0]
         [Termination Attempts: Min: 1, Avg: 1.0, Max: 1, Diff: 0, Sum: 8]
      [GC Worker Other (ms): Min: 0.0, Avg: 0.0, Max: 0.1, Diff: 0.1, Sum: 0.2]
      [GC Worker Total (ms): Min: 28.7, Avg: 28.9, Max: 29.0, Diff: 0.3, Sum: 231.3]
      [GC Worker End (ms): Min: 36465.7, Avg: 36465.8, Max: 36465.8, Diff: 0.1]
   [Code Root Fixup: 0.0 ms]
   [Code Root Purge: 0.0 ms]
   [Clear CT: 1.0 ms]
   [Other: 3.2 ms]
      [Choose CSet: 0.0 ms]
      [Ref Proc: 1.0 ms]
      [Ref Enq: 0.0 ms]
      [Redirty Cards: 1.3 ms]
      [Humongous Register: 0.2 ms]
      [Humongous Reclaim: 0.2 ms]
      [Free CSet: 0.3 ms]
   [Eden: 717.0M(717.0M)->0.0B(9216.0K) Survivors: 23552.0K->95232.0K Heap: 1676.1M(2048.0M)->918.4M(2048.0M)]
 [Times: user=0.24 sys=0.00, real=0.03 secs] 
2021-01-22T00:59:03.436+0800: 36.472: [GC pause (G1 Evacuation Pause) (mixed), 0.0136879 secs]
   [Parallel Time: 10.2 ms, GC Workers: 8]
      [GC Worker Start (ms): Min: 36472.4, Avg: 36472.7, Max: 36472.8, Diff: 0.4]
      [Ext Root Scanning (ms): Min: 0.0, Avg: 0.1, Max: 0.3, Diff: 0.3, Sum: 0.6]
      [Update RS (ms): Min: 0.0, Avg: 0.1, Max: 0.2, Diff: 0.2, Sum: 0.7]
         [Processed Buffers: Min: 0, Avg: 1.8, Max: 3, Diff: 3, Sum: 14]
      [Scan RS (ms): Min: 0.0, Avg: 0.0, Max: 0.1, Diff: 0.1, Sum: 0.4]
      [Code Root Scanning (ms): Min: 0.0, Avg: 0.0, Max: 0.0, Diff: 0.0, Sum: 0.0]
      [Object Copy (ms): Min: 9.0, Avg: 9.2, Max: 9.6, Diff: 0.6, Sum: 73.8]
      [Termination (ms): Min: 0.0, Avg: 0.4, Max: 0.6, Diff: 0.6, Sum: 3.1]
         [Termination Attempts: Min: 1, Avg: 1.1, Max: 2, Diff: 1, Sum: 9]
      [GC Worker Other (ms): Min: 0.0, Avg: 0.0, Max: 0.0, Diff: 0.0, Sum: 0.1]
      [GC Worker Total (ms): Min: 9.7, Avg: 9.8, Max: 10.1, Diff: 0.4, Sum: 78.7]
      [GC Worker End (ms): Min: 36482.5, Avg: 36482.5, Max: 36482.5, Diff: 0.1]
   [Code Root Fixup: 0.0 ms]
   [Code Root Purge: 0.0 ms]
   [Clear CT: 1.0 ms]
   [Other: 2.5 ms]
      [Choose CSet: 0.1 ms]
      [Ref Proc: 1.0 ms]
      [Ref Enq: 0.0 ms]
      [Redirty Cards: 0.9 ms]
      [Humongous Register: 0.1 ms]
      [Humongous Reclaim: 0.0 ms]
      [Free CSet: 0.2 ms]
   [Eden: 9216.0K(9216.0K)->0.0B(101376.0K) Survivors: 95232.0K->3072.0K Heap: 927.9M(2048.0M)->725.6M(2048.0M)]
 [Times: user=0.08 sys=0.01, real=0.02 secs] 
2021-01-22T00:59:03.467+0800: 36.503: [GC pause (G1 Evacuation Pause) (mixed), 0.0101903 secs]
   [Parallel Time: 6.5 ms, GC Workers: 8]
      [GC Worker Start (ms): Min: 36502.8, Avg: 36503.0, Max: 36503.1, Diff: 0.3]
      [Ext Root Scanning (ms): Min: 0.0, Avg: 0.1, Max: 0.2, Diff: 0.2, Sum: 0.5]
      [Update RS (ms): Min: 1.8, Avg: 1.9, Max: 2.0, Diff: 0.1, Sum: 15.2]
         [Processed Buffers: Min: 28, Avg: 28.9, Max: 30, Diff: 2, Sum: 231]
      [Scan RS (ms): Min: 0.0, Avg: 0.0, Max: 0.1, Diff: 0.0, Sum: 0.3]
      [Code Root Scanning (ms): Min: 0.0, Avg: 0.0, Max: 0.0, Diff: 0.0, Sum: 0.0]
      [Object Copy (ms): Min: 3.7, Avg: 3.7, Max: 3.8, Diff: 0.1, Sum: 29.9]
      [Termination (ms): Min: 0.0, Avg: 0.1, Max: 0.1, Diff: 0.1, Sum: 0.4]
         [Termination Attempts: Min: 1, Avg: 1.0, Max: 1, Diff: 0, Sum: 8]
      [GC Worker Other (ms): Min: 0.0, Avg: 0.0, Max: 0.0, Diff: 0.0, Sum: 0.0]
      [GC Worker Total (ms): Min: 5.7, Avg: 5.8, Max: 6.0, Diff: 0.3, Sum: 46.4]
      [GC Worker End (ms): Min: 36508.8, Avg: 36508.8, Max: 36508.8, Diff: 0.0]
   [Code Root Fixup: 0.0 ms]
   [Code Root Purge: 0.0 ms]
   [Clear CT: 1.1 ms]
   [Other: 2.5 ms]
      [Choose CSet: 0.0 ms]
      [Ref Proc: 1.0 ms]
      [Ref Enq: 0.0 ms]
      [Redirty Cards: 1.0 ms]
      [Humongous Register: 0.1 ms]
      [Humongous Reclaim: 0.1 ms]
      [Free CSet: 0.1 ms]
   [Eden: 101376.0K(101376.0K)->0.0B(893.0M) Survivors: 3072.0K->13312.0K Heap: 852.3M(2048.0M)->650.3M(2048.0M)]
 [Times: user=0.05 sys=0.00, real=0.01 secs] 
2021-01-22T00:59:03.557+0800: 36.593: [GC pause (G1 Humongous Allocation) (young) (initial-mark), 0.0274195 secs]
   [Parallel Time: 23.2 ms, GC Workers: 8]
      [GC Worker Start (ms): Min: 36593.4, Avg: 36593.6, Max: 36593.9, Diff: 0.5]
      [Ext Root Scanning (ms): Min: 0.0, Avg: 0.5, Max: 0.7, Diff: 0.7, Sum: 3.9]
      [Update RS (ms): Min: 9.6, Avg: 9.9, Max: 10.1, Diff: 0.5, Sum: 79.1]
         [Processed Buffers: Min: 116, Avg: 140.0, Max: 152, Diff: 36, Sum: 1120]
      [Scan RS (ms): Min: 0.1, Avg: 0.1, Max: 0.1, Diff: 0.1, Sum: 0.7]
      [Code Root Scanning (ms): Min: 0.0, Avg: 0.0, Max: 0.0, Diff: 0.0, Sum: 0.0]
      [Object Copy (ms): Min: 11.7, Avg: 11.8, Max: 12.0, Diff: 0.3, Sum: 94.2]
      [Termination (ms): Min: 0.0, Avg: 0.2, Max: 0.3, Diff: 0.3, Sum: 1.9]
         [Termination Attempts: Min: 1, Avg: 1.4, Max: 3, Diff: 2, Sum: 11]
      [GC Worker Other (ms): Min: 0.0, Avg: 0.0, Max: 0.2, Diff: 0.2, Sum: 0.4]
      [GC Worker Total (ms): Min: 22.2, Avg: 22.5, Max: 22.9, Diff: 0.6, Sum: 180.1]
      [GC Worker End (ms): Min: 36616.1, Avg: 36616.1, Max: 36616.3, Diff: 0.2]
   [Code Root Fixup: 0.0 ms]
   [Code Root Purge: 0.0 ms]
   [Clear CT: 1.0 ms]
   [Other: 3.2 ms]
      [Choose CSet: 0.0 ms]
      [Ref Proc: 0.7 ms]
      [Ref Enq: 0.0 ms]
      [Redirty Cards: 1.4 ms]
      [Humongous Register: 0.1 ms]
      [Humongous Reclaim: 0.4 ms]
      [Free CSet: 0.3 ms]
   [Eden: 533.0M(893.0M)->0.0B(773.0M) Survivors: 13312.0K->114.0M Heap: 1321.9M(2048.0M)->760.3M(2048.0M)]
 [Times: user=0.18 sys=0.00, real=0.03 secs] 
2021-01-22T00:59:03.586+0800: 36.621: [GC concurrent-root-region-scan-start]
2021-01-22T00:59:03.586+0800: 36.622: [GC concurrent-root-region-scan-end, 0.0003206 secs]
2021-01-22T00:59:03.586+0800: 36.622: [GC concurrent-mark-start]
2021-01-22T00:59:03.588+0800: 36.624: [GC concurrent-mark-end, 0.0024221 secs]
2021-01-22T00:59:03.589+0800: 36.624: [GC remark 2021-01-22T00:59:03.589+0800: 36.625: [Finalize Marking, 0.0021226 secs] 2021-01-22T00:59:03.592+0800: 36.627: [GC ref-proc, 0.0006697 secs] 2021-01-22T00:59:03.593+0800: 36.628: [Unloading, 0.0015943 secs], 0.0070781 secs]
 [Times: user=0.01 sys=0.00, real=0.00 secs] 
2021-01-22T00:59:03.597+0800: 36.633: [GC cleanup 779M->642M(2048M), 0.0039517 secs]
 [Times: user=0.00 sys=0.01, real=0.01 secs] 
2021-01-22T00:59:03.602+0800: 36.638: [GC concurrent-cleanup-start]
2021-01-22T00:59:03.602+0800: 36.638: [GC concurrent-cleanup-end, 0.0001073 secs]
2021-01-22T00:59:03.710+0800: 36.746: [GC pause (G1 Evacuation Pause) (young), 0.0366672 secs]
   [Parallel Time: 33.3 ms, GC Workers: 8]
      [GC Worker Start (ms): Min: 36746.2, Avg: 36746.4, Max: 36747.1, Diff: 0.9]
      [Ext Root Scanning (ms): Min: 0.0, Avg: 0.1, Max: 0.2, Diff: 0.2, Sum: 0.5]
      [Update RS (ms): Min: 12.6, Avg: 13.2, Max: 13.3, Diff: 0.7, Sum: 105.6]
         [Processed Buffers: Min: 180, Avg: 191.9, Max: 205, Diff: 25, Sum: 1535]
      [Scan RS (ms): Min: 0.1, Avg: 0.1, Max: 0.2, Diff: 0.0, Sum: 1.1]
      [Code Root Scanning (ms): Min: 0.0, Avg: 0.0, Max: 0.0, Diff: 0.0, Sum: 0.0]
      [Object Copy (ms): Min: 18.4, Avg: 18.5, Max: 19.0, Diff: 0.6, Sum: 148.0]
      [Termination (ms): Min: 0.0, Avg: 0.5, Max: 0.6, Diff: 0.6, Sum: 4.0]
         [Termination Attempts: Min: 1, Avg: 1.0, Max: 1, Diff: 0, Sum: 8]
      [GC Worker Other (ms): Min: 0.0, Avg: 0.0, Max: 0.1, Diff: 0.1, Sum: 0.3]
      [GC Worker Total (ms): Min: 31.8, Avg: 32.4, Max: 32.7, Diff: 0.9, Sum: 259.5]
      [GC Worker End (ms): Min: 36778.8, Avg: 36778.9, Max: 36778.9, Diff: 0.1]
   [Code Root Fixup: 0.0 ms]
   [Code Root Purge: 0.0 ms]
   [Clear CT: 1.0 ms]
   [Other: 2.4 ms]
      [Choose CSet: 0.0 ms]
      [Ref Proc: 0.6 ms]
      [Ref Enq: 0.0 ms]
      [Redirty Cards: 0.8 ms]
      [Humongous Register: 0.2 ms]
      [Humongous Reclaim: 0.3 ms]
      [Free CSet: 0.3 ms]
   [Eden: 773.0M(773.0M)->0.0B(7168.0K) Survivors: 114.0M->111.0M Heap: 1586.9M(2048.0M)->743.2M(2048.0M)]
 [Times: user=0.27 sys=0.00, real=0.03 secs] 
2021-01-22T00:59:03.748+0800: 36.784: [GC pause (G1 Evacuation Pause) (mixed), 0.0149665 secs]
   [Parallel Time: 11.9 ms, GC Workers: 8]
      [GC Worker Start (ms): Min: 36784.6, Avg: 36784.8, Max: 36784.9, Diff: 0.3]
      [Ext Root Scanning (ms): Min: 0.0, Avg: 0.1, Max: 0.2, Diff: 0.2, Sum: 0.5]
      [Update RS (ms): Min: 0.0, Avg: 0.1, Max: 0.1, Diff: 0.1, Sum: 0.5]
         [Processed Buffers: Min: 0, Avg: 1.1, Max: 2, Diff: 2, Sum: 9]
      [Scan RS (ms): Min: 0.0, Avg: 0.1, Max: 0.1, Diff: 0.1, Sum: 0.4]
      [Code Root Scanning (ms): Min: 0.0, Avg: 0.0, Max: 0.0, Diff: 0.0, Sum: 0.0]
      [Object Copy (ms): Min: 10.5, Avg: 10.6, Max: 11.0, Diff: 0.5, Sum: 84.6]
      [Termination (ms): Min: 0.0, Avg: 0.4, Max: 0.5, Diff: 0.5, Sum: 3.4]
         [Termination Attempts: Min: 1, Avg: 1.0, Max: 1, Diff: 0, Sum: 8]
      [GC Worker Other (ms): Min: 0.0, Avg: 0.0, Max: 0.0, Diff: 0.0, Sum: 0.1]
      [GC Worker Total (ms): Min: 11.1, Avg: 11.2, Max: 11.3, Diff: 0.3, Sum: 89.5]
      [GC Worker End (ms): Min: 36796.0, Avg: 36796.0, Max: 36796.0, Diff: 0.0]
   [Code Root Fixup: 0.0 ms]
   [Code Root Purge: 0.0 ms]
   [Clear CT: 0.8 ms]
   [Other: 2.2 ms]
      [Choose CSet: 0.1 ms]
      [Ref Proc: 0.9 ms]
      [Ref Enq: 0.0 ms]
      [Redirty Cards: 0.8 ms]
      [Humongous Register: 0.1 ms]
      [Humongous Reclaim: 0.0 ms]
      [Free CSet: 0.2 ms]
   [Eden: 7168.0K(7168.0K)->0.0B(914.0M) Survivors: 111.0M->2048.0K Heap: 750.2M(2048.0M)->580.6M(2048.0M)]
 [Times: user=0.10 sys=0.00, real=0.01 secs] 
2021-01-22T00:59:03.859+0800: 36.895: [GC pause (G1 Humongous Allocation) (young) (initial-mark), 0.0374580 secs]
   [Parallel Time: 34.0 ms, GC Workers: 8]
      [GC Worker Start (ms): Min: 36895.3, Avg: 36895.6, Max: 36895.8, Diff: 0.4]
      [Ext Root Scanning (ms): Min: 0.0, Avg: 0.4, Max: 0.7, Diff: 0.7, Sum: 3.1]
      [Update RS (ms): Min: 12.0, Avg: 12.1, Max: 12.3, Diff: 0.3, Sum: 97.1]
         [Processed Buffers: Min: 160, Avg: 175.1, Max: 187, Diff: 27, Sum: 1401]
      [Scan RS (ms): Min: 0.1, Avg: 0.1, Max: 0.1, Diff: 0.0, Sum: 0.6]
      [Code Root Scanning (ms): Min: 0.0, Avg: 0.0, Max: 0.0, Diff: 0.0, Sum: 0.0]
      [Object Copy (ms): Min: 12.4, Avg: 13.5, Max: 20.5, Diff: 8.1, Sum: 107.7]
      [Termination (ms): Min: 0.0, Avg: 7.0, Max: 8.1, Diff: 8.1, Sum: 56.1]
         [Termination Attempts: Min: 1, Avg: 1.0, Max: 1, Diff: 0, Sum: 8]
      [GC Worker Other (ms): Min: 0.0, Avg: 0.0, Max: 0.0, Diff: 0.0, Sum: 0.1]
      [GC Worker Total (ms): Min: 32.9, Avg: 33.1, Max: 33.3, Diff: 0.4, Sum: 264.8]
      [GC Worker End (ms): Min: 36928.6, Avg: 36928.7, Max: 36928.7, Diff: 0.0]
   [Code Root Fixup: 0.0 ms]
   [Code Root Purge: 0.0 ms]
   [Clear CT: 1.1 ms]
   [Other: 2.4 ms]
      [Choose CSet: 0.0 ms]
      [Ref Proc: 0.4 ms]
      [Ref Enq: 0.0 ms]
      [Redirty Cards: 0.9 ms]
      [Humongous Register: 0.2 ms]
      [Humongous Reclaim: 0.3 ms]
      [Free CSet: 0.3 ms]
   [Eden: 643.0M(914.0M)->0.0B(830.0M) Survivors: 2048.0K->115.0M Heap: 1397.4M(2048.0M)->712.7M(2048.0M)]
 [Times: user=0.26 sys=0.00, real=0.03 secs] 
2021-01-22T00:59:03.897+0800: 36.933: [GC concurrent-root-region-scan-start]
2021-01-22T00:59:03.897+0800: 36.933: [GC concurrent-root-region-scan-end, 0.0003588 secs]
2021-01-22T00:59:03.897+0800: 36.933: [GC concurrent-mark-start]
2021-01-22T00:59:03.900+0800: 36.936: [GC concurrent-mark-end, 0.0024140 secs]
2021-01-22T00:59:03.900+0800: 36.936: [GC remark 2021-01-22T00:59:03.901+0800: 36.936: [Finalize Marking, 0.0010753 secs] 2021-01-22T00:59:03.902+0800: 36.938: [GC ref-proc, 0.0006766 secs] 2021-01-22T00:59:03.903+0800: 36.939: [Unloading, 0.0013190 secs], 0.0057619 secs]
 [Times: user=0.02 sys=0.00, real=0.00 secs] 
2021-01-22T00:59:03.907+0800: 36.943: [GC cleanup 738M->627M(2048M), 0.0036884 secs]
 [Times: user=0.00 sys=0.01, real=0.01 secs] 
2021-01-22T00:59:03.911+0800: 36.947: [GC concurrent-cleanup-start]
2021-01-22T00:59:03.912+0800: 36.947: [GC concurrent-cleanup-end, 0.0001355 secs]
2021-01-22T00:59:04.033+0800: 37.069: [GC pause (G1 Evacuation Pause) (young), 0.0451681 secs]
   [Parallel Time: 38.1 ms, GC Workers: 8]
      [GC Worker Start (ms): Min: 37069.1, Avg: 37069.3, Max: 37069.4, Diff: 0.3]
      [Ext Root Scanning (ms): Min: 0.0, Avg: 0.1, Max: 0.2, Diff: 0.2, Sum: 0.5]
      [Update RS (ms): Min: 14.9, Avg: 15.3, Max: 17.5, Diff: 2.6, Sum: 122.6]
         [Processed Buffers: Min: 177, Avg: 206.2, Max: 225, Diff: 48, Sum: 1650]
      [Scan RS (ms): Min: 0.1, Avg: 0.2, Max: 0.4, Diff: 0.3, Sum: 1.4]
      [Code Root Scanning (ms): Min: 0.0, Avg: 0.0, Max: 0.0, Diff: 0.0, Sum: 0.0]
      [Object Copy (ms): Min: 17.5, Avg: 20.1, Max: 22.0, Diff: 4.6, Sum: 160.8]
      [Termination (ms): Min: 0.0, Avg: 1.6, Max: 1.9, Diff: 1.9, Sum: 12.9]
         [Termination Attempts: Min: 1, Avg: 1.0, Max: 1, Diff: 0, Sum: 8]
      [GC Worker Other (ms): Min: 0.0, Avg: 0.0, Max: 0.0, Diff: 0.0, Sum: 0.1]
      [GC Worker Total (ms): Min: 37.1, Avg: 37.3, Max: 37.4, Diff: 0.3, Sum: 298.2]
      [GC Worker End (ms): Min: 37106.5, Avg: 37106.6, Max: 37106.6, Diff: 0.1]
   [Code Root Fixup: 0.0 ms]
   [Code Root Purge: 0.0 ms]
   [Clear CT: 1.1 ms]
   [Other: 6.0 ms]
      [Choose CSet: 0.0 ms]
      [Ref Proc: 2.9 ms]
      [Ref Enq: 0.0 ms]
      [Redirty Cards: 1.5 ms]
      [Humongous Register: 0.2 ms]
      [Humongous Reclaim: 0.6 ms]
      [Free CSet: 0.7 ms]
   [Eden: 830.0M(830.0M)->0.0B(7168.0K) Survivors: 115.0M->119.0M Heap: 1636.8M(2048.0M)->711.5M(2048.0M)]
 [Times: user=0.31 sys=0.02, real=0.05 secs] 
2021-01-22T00:59:04.080+0800: 37.116: [GC pause (G1 Evacuation Pause) (mixed), 0.0183751 secs]
   [Parallel Time: 14.3 ms, GC Workers: 8]
      [GC Worker Start (ms): Min: 37116.3, Avg: 37116.5, Max: 37116.8, Diff: 0.5]
      [Ext Root Scanning (ms): Min: 0.0, Avg: 0.1, Max: 0.2, Diff: 0.2, Sum: 0.5]
      [Update RS (ms): Min: 0.0, Avg: 0.1, Max: 0.2, Diff: 0.2, Sum: 0.8]
         [Processed Buffers: Min: 0, Avg: 1.8, Max: 3, Diff: 3, Sum: 14]
      [Scan RS (ms): Min: 0.0, Avg: 0.0, Max: 0.1, Diff: 0.1, Sum: 0.4]
      [Code Root Scanning (ms): Min: 0.0, Avg: 0.0, Max: 0.0, Diff: 0.0, Sum: 0.0]
      [Object Copy (ms): Min: 11.6, Avg: 11.9, Max: 13.4, Diff: 1.8, Sum: 95.2]
      [Termination (ms): Min: 0.0, Avg: 1.5, Max: 1.8, Diff: 1.8, Sum: 12.2]
         [Termination Attempts: Min: 1, Avg: 1.6, Max: 3, Diff: 2, Sum: 13]
      [GC Worker Other (ms): Min: 0.0, Avg: 0.0, Max: 0.0, Diff: 0.0, Sum: 0.1]
      [GC Worker Total (ms): Min: 13.4, Avg: 13.6, Max: 13.8, Diff: 0.4, Sum: 109.2]
      [GC Worker End (ms): Min: 37130.1, Avg: 37130.1, Max: 37130.2, Diff: 0.0]
   [Code Root Fixup: 0.0 ms]
   [Code Root Purge: 0.0 ms]
   [Clear CT: 1.5 ms]
   [Other: 2.6 ms]
      [Choose CSet: 0.1 ms]
      [Ref Proc: 1.0 ms]
      [Ref Enq: 0.0 ms]
      [Redirty Cards: 0.9 ms]
      [Humongous Register: 0.2 ms]
      [Humongous Reclaim: 0.0 ms]
      [Free CSet: 0.2 ms]
   [Eden: 7168.0K(7168.0K)->0.0B(950.0M) Survivors: 119.0M->2048.0K Heap: 719.0M(2048.0M)->577.1M(2048.0M)]
 [Times: user=0.11 sys=0.01, real=0.02 secs] 
2021-01-22T00:59:04.199+0800: 37.235: [GC pause (G1 Humongous Allocation) (young) (initial-mark), 0.0300500 secs]
   [Parallel Time: 26.8 ms, GC Workers: 8]
      [GC Worker Start (ms): Min: 37235.8, Avg: 37236.0, Max: 37236.2, Diff: 0.3]
      [Ext Root Scanning (ms): Min: 0.0, Avg: 0.3, Max: 0.6, Diff: 0.6, Sum: 2.7]
      [Update RS (ms): Min: 12.5, Avg: 12.6, Max: 12.8, Diff: 0.3, Sum: 100.9]
         [Processed Buffers: Min: 164, Avg: 183.9, Max: 195, Diff: 31, Sum: 1471]
      [Scan RS (ms): Min: 0.1, Avg: 0.1, Max: 0.1, Diff: 0.0, Sum: 0.7]
      [Code Root Scanning (ms): Min: 0.0, Avg: 0.0, Max: 0.0, Diff: 0.0, Sum: 0.0]
      [Object Copy (ms): Min: 12.7, Avg: 12.8, Max: 13.0, Diff: 0.3, Sum: 102.2]
      [Termination (ms): Min: 0.0, Avg: 0.2, Max: 0.3, Diff: 0.3, Sum: 1.8]
         [Termination Attempts: Min: 1, Avg: 1.0, Max: 1, Diff: 0, Sum: 8]
      [GC Worker Other (ms): Min: 0.0, Avg: 0.0, Max: 0.1, Diff: 0.1, Sum: 0.4]
      [GC Worker Total (ms): Min: 25.9, Avg: 26.1, Max: 26.2, Diff: 0.3, Sum: 208.6]
      [GC Worker End (ms): Min: 37262.0, Avg: 37262.1, Max: 37262.2, Diff: 0.1]
   [Code Root Fixup: 0.0 ms]
   [Code Root Purge: 0.0 ms]
   [Clear CT: 0.7 ms]
   [Other: 2.5 ms]
      [Choose CSet: 0.0 ms]
      [Ref Proc: 0.9 ms]
      [Ref Enq: 0.0 ms]
      [Redirty Cards: 0.7 ms]
      [Humongous Register: 0.2 ms]
      [Humongous Reclaim: 0.3 ms]
      [Free CSet: 0.2 ms]
   [Eden: 671.0M(950.0M)->0.0B(820.0M) Survivors: 2048.0K->119.0M Heap: 1430.7M(2048.0M)->738.2M(2048.0M)]
 [Times: user=0.20 sys=0.01, real=0.03 secs] 
2021-01-22T00:59:04.230+0800: 37.266: [GC concurrent-root-region-scan-start]
2021-01-22T00:59:04.230+0800: 37.266: [GC concurrent-root-region-scan-end, 0.0002530 secs]
2021-01-22T00:59:04.230+0800: 37.266: [GC concurrent-mark-start]
2021-01-22T00:59:04.233+0800: 37.269: [GC concurrent-mark-end, 0.0024431 secs]
2021-01-22T00:59:04.233+0800: 37.269: [GC remark 2021-01-22T00:59:04.233+0800: 37.269: [Finalize Marking, 0.0009577 secs] 2021-01-22T00:59:04.235+0800: 37.271: [GC ref-proc, 0.0005517 secs] 2021-01-22T00:59:04.236+0800: 37.271: [Unloading, 0.0011862 secs], 0.0047348 secs]
 [Times: user=0.01 sys=0.00, real=0.00 secs] 
2021-01-22T00:59:04.239+0800: 37.275: [GC cleanup 759M->645M(2048M), 0.0032264 secs]
 [Times: user=0.01 sys=0.00, real=0.00 secs] 
2021-01-22T00:59:04.242+0800: 37.278: [GC concurrent-cleanup-start]
2021-01-22T00:59:04.243+0800: 37.278: [GC concurrent-cleanup-end, 0.0000675 secs]
2021-01-22T00:59:04.360+0800: 37.396: [GC pause (G1 Evacuation Pause) (young) (to-space exhausted), 0.0360753 secs]
   [Parallel Time: 31.5 ms, GC Workers: 8]
      [GC Worker Start (ms): Min: 37396.6, Avg: 37396.8, Max: 37397.0, Diff: 0.5]
      [Ext Root Scanning (ms): Min: 0.0, Avg: 0.1, Max: 0.2, Diff: 0.2, Sum: 0.5]
      [Update RS (ms): Min: 14.4, Avg: 14.6, Max: 14.7, Diff: 0.3, Sum: 116.8]
         [Processed Buffers: Min: 213, Avg: 220.2, Max: 223, Diff: 10, Sum: 1762]
      [Scan RS (ms): Min: 0.1, Avg: 0.1, Max: 0.2, Diff: 0.0, Sum: 1.0]
      [Code Root Scanning (ms): Min: 0.0, Avg: 0.0, Max: 0.0, Diff: 0.0, Sum: 0.0]
      [Object Copy (ms): Min: 16.0, Avg: 16.0, Max: 16.1, Diff: 0.1, Sum: 128.3]
      [Termination (ms): Min: 0.0, Avg: 0.0, Max: 0.1, Diff: 0.1, Sum: 0.4]
         [Termination Attempts: Min: 1, Avg: 1.0, Max: 1, Diff: 0, Sum: 8]
      [GC Worker Other (ms): Min: 0.0, Avg: 0.1, Max: 0.3, Diff: 0.3, Sum: 0.6]
      [GC Worker Total (ms): Min: 30.6, Avg: 31.0, Max: 31.2, Diff: 0.5, Sum: 247.7]
      [GC Worker End (ms): Min: 37427.7, Avg: 37427.7, Max: 37427.9, Diff: 0.3]
   [Code Root Fixup: 0.0 ms]
   [Code Root Purge: 0.0 ms]
   [Clear CT: 1.0 ms]
   [Other: 3.5 ms]
      [Evacuation Failure: 0.9 ms]
      [Choose CSet: 0.0 ms]
      [Ref Proc: 0.8 ms]
      [Ref Enq: 0.0 ms]
      [Redirty Cards: 0.9 ms]
      [Humongous Register: 0.2 ms]
      [Humongous Reclaim: 0.3 ms]
      [Free CSet: 0.4 ms]
   [Eden: 820.0M(820.0M)->0.0B(7168.0K) Survivors: 119.0M->118.0M Heap: 1663.2M(2048.0M)->860.7M(2048.0M)]
 [Times: user=0.25 sys=0.00, real=0.03 secs] 
2021-01-22T00:59:04.398+0800: 37.434: [GC pause (G1 Evacuation Pause) (mixed), 0.0147566 secs]
   [Parallel Time: 11.7 ms, GC Workers: 8]
      [GC Worker Start (ms): Min: 37434.6, Avg: 37434.8, Max: 37435.0, Diff: 0.3]
      [Ext Root Scanning (ms): Min: 0.0, Avg: 0.1, Max: 0.2, Diff: 0.2, Sum: 0.5]
      [Update RS (ms): Min: 0.1, Avg: 0.1, Max: 0.2, Diff: 0.1, Sum: 1.1]
         [Processed Buffers: Min: 1, Avg: 2.9, Max: 4, Diff: 3, Sum: 23]
      [Scan RS (ms): Min: 0.0, Avg: 0.1, Max: 0.1, Diff: 0.1, Sum: 0.5]
      [Code Root Scanning (ms): Min: 0.0, Avg: 0.0, Max: 0.0, Diff: 0.0, Sum: 0.0]
      [Object Copy (ms): Min: 10.7, Avg: 10.8, Max: 10.8, Diff: 0.1, Sum: 86.0]
      [Termination (ms): Min: 0.0, Avg: 0.0, Max: 0.1, Diff: 0.1, Sum: 0.2]
         [Termination Attempts: Min: 1, Avg: 1.4, Max: 2, Diff: 1, Sum: 11]
      [GC Worker Other (ms): Min: 0.0, Avg: 0.0, Max: 0.0, Diff: 0.0, Sum: 0.1]
      [GC Worker Total (ms): Min: 10.9, Avg: 11.1, Max: 11.2, Diff: 0.3, Sum: 88.4]
      [GC Worker End (ms): Min: 37445.9, Avg: 37445.9, Max: 37445.9, Diff: 0.0]
   [Code Root Fixup: 0.0 ms]
   [Code Root Purge: 0.0 ms]
   [Clear CT: 0.9 ms]
   [Other: 2.2 ms]
      [Choose CSet: 0.1 ms]
      [Ref Proc: 0.6 ms]
      [Ref Enq: 0.0 ms]
      [Redirty Cards: 1.1 ms]
      [Humongous Register: 0.1 ms]
      [Humongous Reclaim: 0.0 ms]
      [Free CSet: 0.2 ms]
   [Eden: 7168.0K(7168.0K)->0.0B(848.0M) Survivors: 118.0M->2048.0K Heap: 868.4M(2048.0M)->714.6M(2048.0M)]
 [Times: user=0.09 sys=0.01, real=0.01 secs] 
2021-01-22T00:59:04.458+0800: 37.494: [GC pause (G1 Humongous Allocation) (young) (initial-mark), 0.0194144 secs]
   [Parallel Time: 15.1 ms, GC Workers: 8]
      [GC Worker Start (ms): Min: 37494.6, Avg: 37494.8, Max: 37494.9, Diff: 0.3]
      [Ext Root Scanning (ms): Min: 0.0, Avg: 0.4, Max: 0.6, Diff: 0.6, Sum: 3.0]
      [Update RS (ms): Min: 5.9, Avg: 6.1, Max: 6.3, Diff: 0.3, Sum: 48.6]
         [Processed Buffers: Min: 90, Avg: 92.2, Max: 97, Diff: 7, Sum: 738]
      [Scan RS (ms): Min: 0.0, Avg: 0.0, Max: 0.0, Diff: 0.0, Sum: 0.3]
      [Code Root Scanning (ms): Min: 0.0, Avg: 0.0, Max: 0.0, Diff: 0.0, Sum: 0.0]
      [Object Copy (ms): Min: 7.5, Avg: 7.6, Max: 7.6, Diff: 0.1, Sum: 60.7]
      [Termination (ms): Min: 0.0, Avg: 0.1, Max: 0.1, Diff: 0.1, Sum: 0.5]
         [Termination Attempts: Min: 1, Avg: 1.0, Max: 1, Diff: 0, Sum: 8]
      [GC Worker Other (ms): Min: 0.0, Avg: 0.0, Max: 0.0, Diff: 0.0, Sum: 0.1]
      [GC Worker Total (ms): Min: 14.0, Avg: 14.1, Max: 14.3, Diff: 0.3, Sum: 113.2]
      [GC Worker End (ms): Min: 37508.9, Avg: 37508.9, Max: 37509.0, Diff: 0.0]
   [Code Root Fixup: 0.0 ms]
   [Code Root Purge: 0.0 ms]
   [Clear CT: 1.8 ms]
   [Other: 2.6 ms]
      [Choose CSet: 0.0 ms]
      [Ref Proc: 0.5 ms]
      [Ref Enq: 0.0 ms]
      [Redirty Cards: 1.2 ms]
      [Humongous Register: 0.1 ms]
      [Humongous Reclaim: 0.3 ms]
      [Free CSet: 0.2 ms]
   [Eden: 333.0M(848.0M)->0.0B(779.0M) Survivors: 2048.0K->93184.0K Heap: 1137.8M(2048.0M)->802.9M(2048.0M)]
 [Times: user=0.12 sys=0.00, real=0.02 secs] 
2021-01-22T00:59:04.479+0800: 37.515: [GC concurrent-root-region-scan-start]
2021-01-22T00:59:04.479+0800: 37.515: [GC concurrent-root-region-scan-end, 0.0003125 secs]
2021-01-22T00:59:04.479+0800: 37.515: [GC concurrent-mark-start]
2021-01-22T00:59:04.482+0800: 37.518: [GC concurrent-mark-end, 0.0027269 secs]
2021-01-22T00:59:04.482+0800: 37.518: [GC remark 2021-01-22T00:59:04.483+0800: 37.518: [Finalize Marking, 0.0012515 secs] 2021-01-22T00:59:04.484+0800: 37.520: [GC ref-proc, 0.0005914 secs] 2021-01-22T00:59:04.485+0800: 37.521: [Unloading, 0.0012903 secs], 0.0058141 secs]
 [Times: user=0.02 sys=0.00, real=0.01 secs] 
2021-01-22T00:59:04.489+0800: 37.525: [GC cleanup 834M->703M(2048M), 0.0035811 secs]
 [Times: user=0.01 sys=0.00, real=0.00 secs] 
2021-01-22T00:59:04.493+0800: 37.529: [GC concurrent-cleanup-start]
2021-01-22T00:59:04.493+0800: 37.529: [GC concurrent-cleanup-end, 0.0000759 secs]
2021-01-22T00:59:04.599+0800: 37.635: [GC pause (G1 Evacuation Pause) (young) (to-space exhausted), 0.0399271 secs]
   [Parallel Time: 34.1 ms, GC Workers: 8]
      [GC Worker Start (ms): Min: 37635.5, Avg: 37635.7, Max: 37635.9, Diff: 0.3]
      [Ext Root Scanning (ms): Min: 0.0, Avg: 0.1, Max: 0.2, Diff: 0.2, Sum: 0.6]
      [Update RS (ms): Min: 14.9, Avg: 15.0, Max: 15.1, Diff: 0.2, Sum: 119.7]
         [Processed Buffers: Min: 193, Avg: 214.0, Max: 223, Diff: 30, Sum: 1712]
      [Scan RS (ms): Min: 0.0, Avg: 0.1, Max: 0.3, Diff: 0.3, Sum: 1.1]
      [Code Root Scanning (ms): Min: 0.0, Avg: 0.0, Max: 0.1, Diff: 0.1, Sum: 0.2]
      [Object Copy (ms): Min: 17.0, Avg: 17.3, Max: 17.9, Diff: 0.9, Sum: 138.5]
      [Termination (ms): Min: 0.0, Avg: 0.5, Max: 0.6, Diff: 0.6, Sum: 3.9]
         [Termination Attempts: Min: 1, Avg: 1.0, Max: 1, Diff: 0, Sum: 8]
      [GC Worker Other (ms): Min: 0.0, Avg: 0.0, Max: 0.1, Diff: 0.1, Sum: 0.2]
      [GC Worker Total (ms): Min: 32.9, Avg: 33.0, Max: 33.2, Diff: 0.3, Sum: 264.2]
      [GC Worker End (ms): Min: 37668.7, Avg: 37668.7, Max: 37668.8, Diff: 0.1]
   [Code Root Fixup: 0.0 ms]
   [Code Root Purge: 0.0 ms]
   [Clear CT: 1.2 ms]
   [Other: 4.7 ms]
      [Evacuation Failure: 1.1 ms]
      [Choose CSet: 0.0 ms]
      [Ref Proc: 1.1 ms]
      [Ref Enq: 0.0 ms]
      [Redirty Cards: 1.4 ms]
      [Humongous Register: 0.2 ms]
      [Humongous Reclaim: 0.3 ms]
      [Free CSet: 0.5 ms]
   [Eden: 779.0M(779.0M)->0.0B(7168.0K) Survivors: 93184.0K->109.0M Heap: 1663.7M(2048.0M)->849.9M(2048.0M)]
 [Times: user=0.28 sys=0.00, real=0.04 secs] 
2021-01-22T00:59:04.641+0800: 37.677: [GC pause (G1 Evacuation Pause) (mixed), 0.0153910 secs]
   [Parallel Time: 12.1 ms, GC Workers: 8]
      [GC Worker Start (ms): Min: 37677.4, Avg: 37677.6, Max: 37677.8, Diff: 0.3]
      [Ext Root Scanning (ms): Min: 0.0, Avg: 0.1, Max: 0.2, Diff: 0.2, Sum: 0.5]
      [Update RS (ms): Min: 0.0, Avg: 0.1, Max: 0.2, Diff: 0.1, Sum: 0.9]
         [Processed Buffers: Min: 1, Avg: 2.6, Max: 4, Diff: 3, Sum: 21]
      [Scan RS (ms): Min: 0.0, Avg: 0.0, Max: 0.1, Diff: 0.1, Sum: 0.4]
      [Code Root Scanning (ms): Min: 0.0, Avg: 0.0, Max: 0.0, Diff: 0.0, Sum: 0.0]
      [Object Copy (ms): Min: 11.0, Avg: 11.0, Max: 11.0, Diff: 0.0, Sum: 88.0]
      [Termination (ms): Min: 0.0, Avg: 0.0, Max: 0.0, Diff: 0.0, Sum: 0.1]
         [Termination Attempts: Min: 1, Avg: 1.1, Max: 2, Diff: 1, Sum: 9]
      [GC Worker Other (ms): Min: 0.0, Avg: 0.1, Max: 0.2, Diff: 0.2, Sum: 0.4]
      [GC Worker Total (ms): Min: 11.1, Avg: 11.3, Max: 11.6, Diff: 0.5, Sum: 90.4]
      [GC Worker End (ms): Min: 37688.9, Avg: 37688.9, Max: 37689.0, Diff: 0.2]
   [Code Root Fixup: 0.0 ms]
   [Code Root Purge: 0.0 ms]
   [Clear CT: 1.2 ms]
   [Other: 2.1 ms]
      [Choose CSet: 0.1 ms]
      [Ref Proc: 0.5 ms]
      [Ref Enq: 0.0 ms]
      [Redirty Cards: 1.0 ms]
      [Humongous Register: 0.1 ms]
      [Humongous Reclaim: 0.0 ms]
      [Free CSet: 0.2 ms]
   [Eden: 7168.0K(7168.0K)->0.0B(100.0M) Survivors: 109.0M->2048.0K Heap: 857.6M(2048.0M)->661.6M(2048.0M)]
 [Times: user=0.10 sys=0.00, real=0.01 secs] 
2021-01-22T00:59:04.672+0800: 37.708: [GC pause (G1 Evacuation Pause) (mixed), 0.0095582 secs]
   [Parallel Time: 6.8 ms, GC Workers: 8]
      [GC Worker Start (ms): Min: 37707.8, Avg: 37708.0, Max: 37708.1, Diff: 0.3]
      [Ext Root Scanning (ms): Min: 0.0, Avg: 0.1, Max: 0.2, Diff: 0.2, Sum: 0.6]
      [Update RS (ms): Min: 2.4, Avg: 2.5, Max: 2.5, Diff: 0.1, Sum: 19.7]
         [Processed Buffers: Min: 26, Avg: 33.4, Max: 37, Diff: 11, Sum: 267]
      [Scan RS (ms): Min: 0.0, Avg: 0.0, Max: 0.0, Diff: 0.0, Sum: 0.2]
      [Code Root Scanning (ms): Min: 0.0, Avg: 0.0, Max: 0.0, Diff: 0.0, Sum: 0.0]
      [Object Copy (ms): Min: 3.3, Avg: 3.3, Max: 3.4, Diff: 0.2, Sum: 26.5]
      [Termination (ms): Min: 0.0, Avg: 0.1, Max: 0.2, Diff: 0.2, Sum: 1.1]
         [Termination Attempts: Min: 1, Avg: 1.0, Max: 1, Diff: 0, Sum: 8]
      [GC Worker Other (ms): Min: 0.0, Avg: 0.0, Max: 0.0, Diff: 0.0, Sum: 0.0]
      [GC Worker Total (ms): Min: 5.9, Avg: 6.0, Max: 6.2, Diff: 0.3, Sum: 48.2]
      [GC Worker End (ms): Min: 37714.0, Avg: 37714.0, Max: 37714.0, Diff: 0.1]
   [Code Root Fixup: 0.0 ms]
   [Code Root Purge: 0.0 ms]
   [Clear CT: 0.8 ms]
   [Other: 2.0 ms]
      [Choose CSet: 0.0 ms]
      [Ref Proc: 0.8 ms]
      [Ref Enq: 0.0 ms]
      [Redirty Cards: 0.8 ms]
      [Humongous Register: 0.2 ms]
      [Humongous Reclaim: 0.1 ms]
      [Free CSet: 0.1 ms]
   [Eden: 100.0M(100.0M)->0.0B(884.0M) Survivors: 2048.0K->13312.0K Heap: 793.8M(2048.0M)->679.9M(2048.0M)]
 [Times: user=0.04 sys=0.01, real=0.01 secs] 
2021-01-22T00:59:04.746+0800: 37.782: [GC pause (G1 Humongous Allocation) (young) (initial-mark), 0.0250804 secs]
   [Parallel Time: 21.4 ms, GC Workers: 8]
      [GC Worker Start (ms): Min: 37782.0, Avg: 37782.2, Max: 37782.4, Diff: 0.4]
      [Ext Root Scanning (ms): Min: 0.0, Avg: 0.4, Max: 0.6, Diff: 0.6, Sum: 3.0]
      [Update RS (ms): Min: 8.5, Avg: 8.8, Max: 9.1, Diff: 0.6, Sum: 70.1]
         [Processed Buffers: Min: 104, Avg: 125.5, Max: 136, Diff: 32, Sum: 1004]
      [Scan RS (ms): Min: 0.0, Avg: 0.1, Max: 0.1, Diff: 0.0, Sum: 0.5]
      [Code Root Scanning (ms): Min: 0.0, Avg: 0.0, Max: 0.0, Diff: 0.0, Sum: 0.0]
      [Object Copy (ms): Min: 10.3, Avg: 10.8, Max: 11.4, Diff: 1.0, Sum: 86.5]
      [Termination (ms): Min: 0.0, Avg: 0.4, Max: 0.5, Diff: 0.5, Sum: 3.1]
         [Termination Attempts: Min: 1, Avg: 1.0, Max: 1, Diff: 0, Sum: 8]
      [GC Worker Other (ms): Min: 0.0, Avg: 0.0, Max: 0.0, Diff: 0.0, Sum: 0.1]
      [GC Worker Total (ms): Min: 20.2, Avg: 20.4, Max: 20.6, Diff: 0.4, Sum: 163.3]
      [GC Worker End (ms): Min: 37802.6, Avg: 37802.6, Max: 37802.6, Diff: 0.0]
   [Code Root Fixup: 0.0 ms]
   [Code Root Purge: 0.0 ms]
   [Clear CT: 1.5 ms]
   [Other: 2.2 ms]
      [Choose CSet: 0.0 ms]
      [Ref Proc: 0.5 ms]
      [Ref Enq: 0.0 ms]
      [Redirty Cards: 1.0 ms]
      [Humongous Register: 0.1 ms]
      [Humongous Reclaim: 0.2 ms]
      [Free CSet: 0.2 ms]
   [Eden: 425.0M(884.0M)->0.0B(7168.0K) Survivors: 13312.0K->113.0M Heap: 1228.9M(2048.0M)->792.9M(2048.0M)]
 [Times: user=0.16 sys=0.01, real=0.03 secs] 
2021-01-22T00:59:04.772+0800: 37.808: [GC concurrent-root-region-scan-start]
2021-01-22T00:59:04.772+0800: 37.808: [GC concurrent-root-region-scan-end, 0.0002954 secs]
2021-01-22T00:59:04.772+0800: 37.808: [GC concurrent-mark-start]
2021-01-22T00:59:04.773+0800: 37.809: [GC pause (G1 Evacuation Pause) (young), 0.0136114 secs]
   [Parallel Time: 10.5 ms, GC Workers: 8]
      [GC Worker Start (ms): Min: 37809.7, Avg: 37809.9, Max: 37810.0, Diff: 0.3]
      [Ext Root Scanning (ms): Min: 0.0, Avg: 0.1, Max: 0.2, Diff: 0.2, Sum: 0.5]
      [Update RS (ms): Min: 0.2, Avg: 0.8, Max: 4.3, Diff: 4.1, Sum: 6.2]
         [Processed Buffers: Min: 1, Avg: 4.2, Max: 6, Diff: 5, Sum: 34]
      [Scan RS (ms): Min: 0.0, Avg: 0.0, Max: 0.0, Diff: 0.0, Sum: 0.1]
      [Code Root Scanning (ms): Min: 0.0, Avg: 0.0, Max: 0.0, Diff: 0.0, Sum: 0.0]
      [Object Copy (ms): Min: 5.4, Avg: 9.0, Max: 9.6, Diff: 4.2, Sum: 71.6]
      [Termination (ms): Min: 0.0, Avg: 0.1, Max: 0.2, Diff: 0.2, Sum: 1.1]
         [Termination Attempts: Min: 1, Avg: 1.0, Max: 1, Diff: 0, Sum: 8]
      [GC Worker Other (ms): Min: 0.0, Avg: 0.0, Max: 0.0, Diff: 0.0, Sum: 0.1]
      [GC Worker Total (ms): Min: 9.8, Avg: 10.0, Max: 10.2, Diff: 0.3, Sum: 79.7]
      [GC Worker End (ms): Min: 37819.8, Avg: 37819.9, Max: 37819.9, Diff: 0.0]
   [Code Root Fixup: 0.0 ms]
   [Code Root Purge: 0.0 ms]
   [Clear CT: 0.9 ms]
   [Other: 2.2 ms]
      [Choose CSet: 0.0 ms]
      [Ref Proc: 0.8 ms]
      [Ref Enq: 0.0 ms]
      [Redirty Cards: 1.0 ms]
      [Humongous Register: 0.1 ms]
      [Humongous Reclaim: 0.1 ms]
      [Free CSet: 0.1 ms]
   [Eden: 7168.0K(7168.0K)->0.0B(796.0M) Survivors: 113.0M->2048.0K Heap: 802.9M(2048.0M)->792.1M(2048.0M)]
 [Times: user=0.08 sys=0.00, real=0.01 secs] 
2021-01-22T00:59:04.789+0800: 37.825: [GC concurrent-mark-end, 0.0173901 secs]
2021-01-22T00:59:04.790+0800: 37.826: [GC remark 2021-01-22T00:59:04.790+0800: 37.826: [Finalize Marking, 0.0016330 secs] 2021-01-22T00:59:04.792+0800: 37.828: [GC ref-proc, 0.0005086 secs] 2021-01-22T00:59:04.793+0800: 37.829: [Unloading, 0.0013061 secs], 0.0059420 secs]
 [Times: user=0.01 sys=0.00, real=0.00 secs] 
2021-01-22T00:59:04.797+0800: 37.833: [GC cleanup 804M->656M(2048M), 0.0043307 secs]
 [Times: user=0.01 sys=0.00, real=0.01 secs] 
2021-01-22T00:59:04.802+0800: 37.838: [GC concurrent-cleanup-start]
2021-01-22T00:59:04.802+0800: 37.838: [GC concurrent-cleanup-end, 0.0001046 secs]
2021-01-22T00:59:04.914+0800: 37.950: [GC pause (G1 Evacuation Pause) (young), 0.0352755 secs]
   [Parallel Time: 31.3 ms, GC Workers: 8]
      [GC Worker Start (ms): Min: 37949.9, Avg: 37950.1, Max: 37950.3, Diff: 0.4]
      [Ext Root Scanning (ms): Min: 0.0, Avg: 0.1, Max: 0.2, Diff: 0.2, Sum: 0.4]
      [Update RS (ms): Min: 15.2, Avg: 15.3, Max: 15.4, Diff: 0.2, Sum: 122.7]
         [Processed Buffers: Min: 200, Avg: 220.9, Max: 234, Diff: 34, Sum: 1767]
      [Scan RS (ms): Min: 0.1, Avg: 0.1, Max: 0.2, Diff: 0.1, Sum: 1.0]
      [Code Root Scanning (ms): Min: 0.0, Avg: 0.0, Max: 0.0, Diff: 0.0, Sum: 0.0]
      [Object Copy (ms): Min: 14.2, Avg: 14.3, Max: 14.6, Diff: 0.4, Sum: 114.6]
      [Termination (ms): Min: 0.0, Avg: 0.3, Max: 0.5, Diff: 0.5, Sum: 2.6]
         [Termination Attempts: Min: 1, Avg: 1.2, Max: 3, Diff: 2, Sum: 10]
      [GC Worker Other (ms): Min: 0.0, Avg: 0.1, Max: 0.3, Diff: 0.3, Sum: 0.7]
      [GC Worker Total (ms): Min: 30.1, Avg: 30.3, Max: 30.4, Diff: 0.4, Sum: 242.0]
      [GC Worker End (ms): Min: 37980.3, Avg: 37980.4, Max: 37980.6, Diff: 0.3]
   [Code Root Fixup: 0.0 ms]
   [Code Root Purge: 0.0 ms]
   [Clear CT: 1.2 ms]
   [Other: 2.8 ms]
      [Choose CSet: 0.0 ms]
      [Ref Proc: 0.6 ms]
      [Ref Enq: 0.0 ms]
      [Redirty Cards: 1.3 ms]
      [Humongous Register: 0.2 ms]
      [Humongous Reclaim: 0.3 ms]
      [Free CSet: 0.3 ms]
   [Eden: 796.0M(796.0M)->0.0B(7168.0K) Survivors: 2048.0K->100.0M Heap: 1659.7M(2048.0M)->827.1M(2048.0M)]
 [Times: user=0.24 sys=0.01, real=0.04 secs] 
2021-01-22T00:59:04.951+0800: 37.987: [GC pause (G1 Evacuation Pause) (mixed), 0.0131824 secs]
   [Parallel Time: 9.9 ms, GC Workers: 8]
      [GC Worker Start (ms): Min: 37987.5, Avg: 37987.7, Max: 37987.9, Diff: 0.4]
      [Ext Root Scanning (ms): Min: 0.0, Avg: 0.1, Max: 0.2, Diff: 0.2, Sum: 0.5]
      [Update RS (ms): Min: 0.1, Avg: 0.2, Max: 0.3, Diff: 0.1, Sum: 1.7]
         [Processed Buffers: Min: 2, Avg: 3.4, Max: 4, Diff: 2, Sum: 27]
      [Scan RS (ms): Min: 0.0, Avg: 0.0, Max: 0.0, Diff: 0.0, Sum: 0.2]
      [Code Root Scanning (ms): Min: 0.0, Avg: 0.0, Max: 0.0, Diff: 0.0, Sum: 0.0]
      [Object Copy (ms): Min: 8.7, Avg: 8.7, Max: 8.7, Diff: 0.0, Sum: 69.6]
      [Termination (ms): Min: 0.0, Avg: 0.1, Max: 0.1, Diff: 0.1, Sum: 0.4]
         [Termination Attempts: Min: 1, Avg: 1.1, Max: 2, Diff: 1, Sum: 9]
      [GC Worker Other (ms): Min: 0.0, Avg: 0.0, Max: 0.0, Diff: 0.0, Sum: 0.0]
      [GC Worker Total (ms): Min: 8.9, Avg: 9.1, Max: 9.3, Diff: 0.4, Sum: 72.5]
      [GC Worker End (ms): Min: 37996.8, Avg: 37996.8, Max: 37996.8, Diff: 0.1]
   [Code Root Fixup: 0.0 ms]
   [Code Root Purge: 0.0 ms]
   [Clear CT: 1.3 ms]
   [Other: 1.9 ms]
      [Choose CSet: 0.0 ms]
      [Ref Proc: 0.7 ms]
      [Ref Enq: 0.0 ms]
      [Redirty Cards: 0.8 ms]
      [Humongous Register: 0.2 ms]
      [Humongous Reclaim: 0.0 ms]
      [Free CSet: 0.1 ms]
   [Eden: 7168.0K(7168.0K)->0.0B(100352.0K) Survivors: 100.0M->4096.0K Heap: 836.3M(2048.0M)->780.9M(2048.0M)]
 [Times: user=0.08 sys=0.00, real=0.01 secs] 
2021-01-22T00:59:04.981+0800: 38.017: [GC pause (G1 Evacuation Pause) (mixed), 0.0105340 secs]
   [Parallel Time: 6.3 ms, GC Workers: 8]
      [GC Worker Start (ms): Min: 38016.9, Avg: 38017.1, Max: 38017.3, Diff: 0.3]
      [Ext Root Scanning (ms): Min: 0.0, Avg: 0.1, Max: 0.2, Diff: 0.2, Sum: 0.4]
      [Update RS (ms): Min: 1.9, Avg: 2.0, Max: 2.1, Diff: 0.2, Sum: 16.4]
         [Processed Buffers: Min: 23, Avg: 30.4, Max: 33, Diff: 10, Sum: 243]
      [Scan RS (ms): Min: 0.0, Avg: 0.0, Max: 0.1, Diff: 0.0, Sum: 0.4]
      [Code Root Scanning (ms): Min: 0.0, Avg: 0.0, Max: 0.0, Diff: 0.0, Sum: 0.0]
      [Object Copy (ms): Min: 3.6, Avg: 3.7, Max: 3.7, Diff: 0.1, Sum: 29.3]
      [Termination (ms): Min: 0.0, Avg: 0.0, Max: 0.1, Diff: 0.1, Sum: 0.2]
         [Termination Attempts: Min: 1, Avg: 1.0, Max: 1, Diff: 0, Sum: 8]
      [GC Worker Other (ms): Min: 0.0, Avg: 0.0, Max: 0.0, Diff: 0.0, Sum: 0.0]
      [GC Worker Total (ms): Min: 5.7, Avg: 5.8, Max: 6.0, Diff: 0.3, Sum: 46.8]
      [GC Worker End (ms): Min: 38023.0, Avg: 38023.0, Max: 38023.0, Diff: 0.0]
   [Code Root Fixup: 0.0 ms]
   [Code Root Purge: 0.0 ms]
   [Clear CT: 0.7 ms]
   [Other: 3.5 ms]
      [Choose CSet: 0.0 ms]
      [Ref Proc: 1.7 ms]
      [Ref Enq: 0.0 ms]
      [Redirty Cards: 1.2 ms]
      [Humongous Register: 0.1 ms]
      [Humongous Reclaim: 0.1 ms]
      [Free CSet: 0.2 ms]
   [Eden: 100352.0K(100352.0K)->0.0B(361.0M) Survivors: 4096.0K->13312.0K Heap: 908.1M(2048.0M)->684.3M(2048.0M)]
 [Times: user=0.05 sys=0.01, real=0.01 secs] 
2021-01-22T00:59:05.046+0800: 38.082: [GC pause (G1 Evacuation Pause) (young), 0.0196096 secs]
   [Parallel Time: 16.8 ms, GC Workers: 8]
      [GC Worker Start (ms): Min: 38082.6, Avg: 38082.9, Max: 38083.8, Diff: 1.1]
      [Ext Root Scanning (ms): Min: 0.0, Avg: 0.1, Max: 0.2, Diff: 0.2, Sum: 0.5]
      [Update RS (ms): Min: 4.7, Avg: 5.5, Max: 5.7, Diff: 0.9, Sum: 44.1]
         [Processed Buffers: Min: 72, Avg: 84.0, Max: 88, Diff: 16, Sum: 672]
      [Scan RS (ms): Min: 0.0, Avg: 0.0, Max: 0.1, Diff: 0.0, Sum: 0.3]
      [Code Root Scanning (ms): Min: 0.0, Avg: 0.0, Max: 0.0, Diff: 0.0, Sum: 0.0]
      [Object Copy (ms): Min: 10.0, Avg: 10.1, Max: 10.3, Diff: 0.2, Sum: 80.9]
      [Termination (ms): Min: 0.0, Avg: 0.2, Max: 0.3, Diff: 0.3, Sum: 1.2]
         [Termination Attempts: Min: 1, Avg: 1.1, Max: 2, Diff: 1, Sum: 9]
      [GC Worker Other (ms): Min: 0.0, Avg: 0.0, Max: 0.0, Diff: 0.0, Sum: 0.1]
      [GC Worker Total (ms): Min: 15.1, Avg: 15.9, Max: 16.2, Diff: 1.1, Sum: 127.1]
      [GC Worker End (ms): Min: 38098.8, Avg: 38098.8, Max: 38098.8, Diff: 0.0]
   [Code Root Fixup: 0.0 ms]
   [Code Root Purge: 0.0 ms]
   [Clear CT: 0.7 ms]
   [Other: 2.2 ms]
      [Choose CSet: 0.0 ms]
      [Ref Proc: 0.5 ms]
      [Ref Enq: 0.0 ms]
      [Redirty Cards: 0.9 ms]
      [Humongous Register: 0.2 ms]
      [Humongous Reclaim: 0.2 ms]
      [Free CSet: 0.2 ms]
   [Eden: 361.0M(361.0M)->0.0B(293.0M) Survivors: 13312.0K->48128.0K Heap: 1128.2M(2048.0M)->765.9M(2048.0M)]
 [Times: user=0.13 sys=0.00, real=0.02 secs] 
2021-01-22T00:59:05.111+0800: 38.147: [GC pause (G1 Evacuation Pause) (young), 0.0202328 secs]
   [Parallel Time: 16.4 ms, GC Workers: 8]
      [GC Worker Start (ms): Min: 38147.5, Avg: 38147.7, Max: 38147.8, Diff: 0.3]
      [Ext Root Scanning (ms): Min: 0.0, Avg: 0.1, Max: 0.2, Diff: 0.2, Sum: 0.5]
      [Update RS (ms): Min: 5.8, Avg: 5.8, Max: 5.9, Diff: 0.1, Sum: 46.6]
         [Processed Buffers: Min: 71, Avg: 87.1, Max: 91, Diff: 20, Sum: 697]
      [Scan RS (ms): Min: 0.0, Avg: 0.1, Max: 0.3, Diff: 0.2, Sum: 0.5]
      [Code Root Scanning (ms): Min: 0.0, Avg: 0.0, Max: 0.0, Diff: 0.0, Sum: 0.0]
      [Object Copy (ms): Min: 9.8, Avg: 10.0, Max: 10.2, Diff: 0.4, Sum: 80.0]
      [Termination (ms): Min: 0.0, Avg: 0.2, Max: 0.2, Diff: 0.2, Sum: 1.3]
         [Termination Attempts: Min: 1, Avg: 1.0, Max: 1, Diff: 0, Sum: 8]
      [GC Worker Other (ms): Min: 0.0, Avg: 0.0, Max: 0.0, Diff: 0.0, Sum: 0.1]
      [GC Worker Total (ms): Min: 16.0, Avg: 16.1, Max: 16.3, Diff: 0.3, Sum: 129.1]
      [GC Worker End (ms): Min: 38163.8, Avg: 38163.8, Max: 38163.8, Diff: 0.0]
   [Code Root Fixup: 0.0 ms]
   [Code Root Purge: 0.0 ms]
   [Clear CT: 0.8 ms]
   [Other: 3.0 ms]
      [Choose CSet: 0.0 ms]
      [Ref Proc: 0.9 ms]
      [Ref Enq: 0.0 ms]
      [Redirty Cards: 1.2 ms]
      [Humongous Register: 0.2 ms]
      [Humongous Reclaim: 0.3 ms]
      [Free CSet: 0.2 ms]
   [Eden: 293.0M(293.0M)->0.0B(467.0M) Survivors: 48128.0K->44032.0K Heap: 1144.8M(2048.0M)->840.8M(2048.0M)]
 [Times: user=0.12 sys=0.01, real=0.02 secs] 
2021-01-22T00:59:05.153+0800: 38.189: [GC pause (G1 Humongous Allocation) (young) (initial-mark), 0.0142285 secs]
   [Parallel Time: 10.2 ms, GC Workers: 8]
      [GC Worker Start (ms): Min: 38189.7, Avg: 38189.9, Max: 38190.0, Diff: 0.3]
      [Ext Root Scanning (ms): Min: 0.1, Avg: 0.4, Max: 0.5, Diff: 0.5, Sum: 2.9]
      [Update RS (ms): Min: 2.2, Avg: 2.3, Max: 2.4, Diff: 0.2, Sum: 18.5]
         [Processed Buffers: Min: 34, Avg: 35.9, Max: 38, Diff: 4, Sum: 287]
      [Scan RS (ms): Min: 0.0, Avg: 0.0, Max: 0.0, Diff: 0.0, Sum: 0.1]
      [Code Root Scanning (ms): Min: 0.0, Avg: 0.0, Max: 0.0, Diff: 0.0, Sum: 0.0]
      [Object Copy (ms): Min: 6.7, Avg: 6.8, Max: 7.0, Diff: 0.3, Sum: 54.6]
      [Termination (ms): Min: 0.0, Avg: 0.2, Max: 0.3, Diff: 0.3, Sum: 1.5]
         [Termination Attempts: Min: 1, Avg: 1.1, Max: 2, Diff: 1, Sum: 9]
      [GC Worker Other (ms): Min: 0.0, Avg: 0.0, Max: 0.0, Diff: 0.0, Sum: 0.1]
      [GC Worker Total (ms): Min: 9.6, Avg: 9.7, Max: 9.9, Diff: 0.3, Sum: 77.8]
      [GC Worker End (ms): Min: 38199.6, Avg: 38199.6, Max: 38199.6, Diff: 0.1]
   [Code Root Fixup: 0.0 ms]
   [Code Root Purge: 0.0 ms]
   [Clear CT: 1.1 ms]
   [Other: 2.9 ms]
      [Choose CSet: 0.0 ms]
      [Ref Proc: 1.6 ms]
      [Ref Enq: 0.0 ms]
      [Redirty Cards: 0.7 ms]
      [Humongous Register: 0.1 ms]
      [Humongous Reclaim: 0.1 ms]
      [Free CSet: 0.1 ms]
   [Eden: 139.0M(467.0M)->0.0B(767.0M) Survivors: 44032.0K->44032.0K Heap: 1013.6M(2048.0M)->874.2M(2048.0M)]
 [Times: user=0.09 sys=0.00, real=0.01 secs] 
2021-01-22T00:59:05.168+0800: 38.204: [GC concurrent-root-region-scan-start]
2021-01-22T00:59:05.169+0800: 38.204: [GC concurrent-root-region-scan-end, 0.0002136 secs]
2021-01-22T00:59:05.169+0800: 38.204: [GC concurrent-mark-start]
2021-01-22T00:59:05.172+0800: 38.208: [GC concurrent-mark-end, 0.0031317 secs]
2021-01-22T00:59:05.172+0800: 38.208: [GC remark 2021-01-22T00:59:05.172+0800: 38.208: [Finalize Marking, 0.0007722 secs] 2021-01-22T00:59:05.173+0800: 38.209: [GC ref-proc, 0.0005456 secs] 2021-01-22T00:59:05.174+0800: 38.210: [Unloading, 0.0013002 secs], 0.0051950 secs]
 [Times: user=0.02 sys=0.00, real=0.00 secs] 
2021-01-22T00:59:05.178+0800: 38.214: [GC cleanup 903M->699M(2048M), 0.0029786 secs]
 [Times: user=0.01 sys=0.00, real=0.01 secs] 
2021-01-22T00:59:05.182+0800: 38.218: [GC concurrent-cleanup-start]
2021-01-22T00:59:05.182+0800: 38.218: [GC concurrent-cleanup-end, 0.0002666 secs]
2021-01-22T00:59:05.294+0800: 38.330: [GC pause (G1 Evacuation Pause) (young), 0.0361401 secs]
   [Parallel Time: 31.6 ms, GC Workers: 8]
      [GC Worker Start (ms): Min: 38330.0, Avg: 38330.2, Max: 38330.4, Diff: 0.4]
      [Ext Root Scanning (ms): Min: 0.0, Avg: 0.1, Max: 0.2, Diff: 0.2, Sum: 0.5]
      [Update RS (ms): Min: 14.5, Avg: 14.6, Max: 14.6, Diff: 0.1, Sum: 116.6]
         [Processed Buffers: Min: 213, Avg: 216.8, Max: 223, Diff: 10, Sum: 1734]
      [Scan RS (ms): Min: 0.1, Avg: 0.1, Max: 0.1, Diff: 0.0, Sum: 0.9]
      [Code Root Scanning (ms): Min: 0.0, Avg: 0.0, Max: 0.0, Diff: 0.0, Sum: 0.0]
      [Object Copy (ms): Min: 15.2, Avg: 15.3, Max: 15.8, Diff: 0.6, Sum: 122.4]
      [Termination (ms): Min: 0.0, Avg: 0.5, Max: 0.6, Diff: 0.6, Sum: 4.1]
         [Termination Attempts: Min: 1, Avg: 1.0, Max: 1, Diff: 0, Sum: 8]
      [GC Worker Other (ms): Min: 0.0, Avg: 0.0, Max: 0.1, Diff: 0.0, Sum: 0.2]
      [GC Worker Total (ms): Min: 30.4, Avg: 30.6, Max: 30.8, Diff: 0.4, Sum: 244.7]
      [GC Worker End (ms): Min: 38360.8, Avg: 38360.8, Max: 38360.9, Diff: 0.1]
   [Code Root Fixup: 0.0 ms]
   [Code Root Purge: 0.0 ms]
   [Clear CT: 1.1 ms]
   [Other: 3.5 ms]
      [Choose CSet: 0.0 ms]
      [Ref Proc: 1.0 ms]
      [Ref Enq: 0.0 ms]
      [Redirty Cards: 1.6 ms]
      [Humongous Register: 0.2 ms]
      [Humongous Reclaim: 0.3 ms]
      [Free CSet: 0.4 ms]
   [Eden: 767.0M(767.0M)->0.0B(7168.0K) Survivors: 44032.0K->102.0M Heap: 1652.6M(2048.0M)->815.8M(2048.0M)]
 [Times: user=0.25 sys=0.00, real=0.04 secs] 
2021-01-22T00:59:05.332+0800: 38.368: [GC pause (G1 Evacuation Pause) (mixed), 0.0146944 secs]
   [Parallel Time: 11.3 ms, GC Workers: 8]
      [GC Worker Start (ms): Min: 38368.5, Avg: 38368.7, Max: 38368.8, Diff: 0.4]
      [Ext Root Scanning (ms): Min: 0.0, Avg: 0.1, Max: 0.3, Diff: 0.3, Sum: 0.7]
      [Update RS (ms): Min: 0.2, Avg: 0.3, Max: 0.3, Diff: 0.1, Sum: 2.0]
         [Processed Buffers: Min: 3, Avg: 4.1, Max: 5, Diff: 2, Sum: 33]
      [Scan RS (ms): Min: 0.1, Avg: 0.1, Max: 0.1, Diff: 0.1, Sum: 0.7]
      [Code Root Scanning (ms): Min: 0.0, Avg: 0.0, Max: 0.0, Diff: 0.0, Sum: 0.0]
      [Object Copy (ms): Min: 9.7, Avg: 9.7, Max: 9.8, Diff: 0.1, Sum: 77.7]
      [Termination (ms): Min: 0.0, Avg: 0.0, Max: 0.1, Diff: 0.1, Sum: 0.4]
         [Termination Attempts: Min: 1, Avg: 1.0, Max: 1, Diff: 0, Sum: 8]
      [GC Worker Other (ms): Min: 0.0, Avg: 0.0, Max: 0.0, Diff: 0.0, Sum: 0.1]
      [GC Worker Total (ms): Min: 10.1, Avg: 10.2, Max: 10.4, Diff: 0.4, Sum: 81.6]
      [GC Worker End (ms): Min: 38378.9, Avg: 38378.9, Max: 38378.9, Diff: 0.0]
   [Code Root Fixup: 0.0 ms]
   [Code Root Purge: 0.0 ms]
   [Clear CT: 0.9 ms]
   [Other: 2.4 ms]
      [Choose CSet: 0.1 ms]
      [Ref Proc: 0.9 ms]
      [Ref Enq: 0.0 ms]
      [Redirty Cards: 1.0 ms]
      [Humongous Register: 0.1 ms]
      [Humongous Reclaim: 0.1 ms]
      [Free CSet: 0.2 ms]
   [Eden: 7168.0K(7168.0K)->0.0B(101376.0K) Survivors: 102.0M->3072.0K Heap: 825.7M(2048.0M)->624.3M(2048.0M)]
 [Times: user=0.09 sys=0.00, real=0.01 secs] 
2021-01-22T00:59:05.362+0800: 38.398: [GC pause (G1 Evacuation Pause) (mixed), 0.0080586 secs]
   [Parallel Time: 5.0 ms, GC Workers: 8]
      [GC Worker Start (ms): Min: 38397.8, Avg: 38398.0, Max: 38398.1, Diff: 0.3]
      [Ext Root Scanning (ms): Min: 0.0, Avg: 0.1, Max: 0.2, Diff: 0.2, Sum: 0.6]
      [Update RS (ms): Min: 1.6, Avg: 1.7, Max: 1.7, Diff: 0.1, Sum: 13.4]
         [Processed Buffers: Min: 24, Avg: 24.8, Max: 26, Diff: 2, Sum: 198]
      [Scan RS (ms): Min: 0.0, Avg: 0.0, Max: 0.0, Diff: 0.0, Sum: 0.1]
      [Code Root Scanning (ms): Min: 0.0, Avg: 0.0, Max: 0.0, Diff: 0.0, Sum: 0.0]
      [Object Copy (ms): Min: 2.6, Avg: 2.6, Max: 2.7, Diff: 0.1, Sum: 21.1]
      [Termination (ms): Min: 0.0, Avg: 0.0, Max: 0.1, Diff: 0.1, Sum: 0.3]
         [Termination Attempts: Min: 1, Avg: 1.2, Max: 3, Diff: 2, Sum: 10]
      [GC Worker Other (ms): Min: 0.0, Avg: 0.0, Max: 0.0, Diff: 0.0, Sum: 0.1]
      [GC Worker Total (ms): Min: 4.3, Avg: 4.5, Max: 4.6, Diff: 0.3, Sum: 35.6]
      [GC Worker End (ms): Min: 38402.4, Avg: 38402.4, Max: 38402.5, Diff: 0.0]
   [Code Root Fixup: 0.0 ms]
   [Code Root Purge: 0.0 ms]
   [Clear CT: 0.9 ms]
   [Other: 2.2 ms]
      [Choose CSet: 0.0 ms]
      [Ref Proc: 0.8 ms]
      [Ref Enq: 0.0 ms]
      [Redirty Cards: 0.9 ms]
      [Humongous Register: 0.1 ms]
      [Humongous Reclaim: 0.1 ms]
      [Free CSet: 0.1 ms]
   [Eden: 101376.0K(101376.0K)->0.0B(993.0M) Survivors: 3072.0K->13312.0K Heap: 746.9M(2048.0M)->619.3M(2048.0M)]
 [Times: user=0.03 sys=0.01, real=0.01 secs] 
2021-01-22T00:59:05.466+0800: 38.502: [GC pause (G1 Humongous Allocation) (young) (initial-mark), 0.0296993 secs]
   [Parallel Time: 25.4 ms, GC Workers: 8]
      [GC Worker Start (ms): Min: 38502.4, Avg: 38502.6, Max: 38502.8, Diff: 0.4]
      [Ext Root Scanning (ms): Min: 0.0, Avg: 0.4, Max: 0.5, Diff: 0.4, Sum: 2.9]
      [Update RS (ms): Min: 10.7, Avg: 10.9, Max: 11.0, Diff: 0.3, Sum: 86.8]
         [Processed Buffers: Min: 149, Avg: 162.6, Max: 169, Diff: 20, Sum: 1301]
      [Scan RS (ms): Min: 0.1, Avg: 0.1, Max: 0.4, Diff: 0.3, Sum: 1.0]
      [Code Root Scanning (ms): Min: 0.0, Avg: 0.0, Max: 0.0, Diff: 0.0, Sum: 0.0]
      [Object Copy (ms): Min: 12.9, Avg: 13.1, Max: 13.2, Diff: 0.3, Sum: 104.9]
      [Termination (ms): Min: 0.0, Avg: 0.1, Max: 0.1, Diff: 0.1, Sum: 0.5]
         [Termination Attempts: Min: 1, Avg: 1.4, Max: 3, Diff: 2, Sum: 11]
      [GC Worker Other (ms): Min: 0.0, Avg: 0.0, Max: 0.1, Diff: 0.1, Sum: 0.4]
      [GC Worker Total (ms): Min: 24.3, Avg: 24.6, Max: 24.8, Diff: 0.4, Sum: 196.5]
      [GC Worker End (ms): Min: 38527.1, Avg: 38527.2, Max: 38527.3, Diff: 0.1]
   [Code Root Fixup: 0.0 ms]
   [Code Root Purge: 0.0 ms]
   [Clear CT: 0.9 ms]
   [Other: 3.4 ms]
      [Choose CSet: 0.0 ms]
      [Ref Proc: 0.8 ms]
      [Ref Enq: 0.0 ms]
      [Redirty Cards: 1.3 ms]
      [Humongous Register: 0.1 ms]
      [Humongous Reclaim: 0.5 ms]
      [Free CSet: 0.5 ms]
   [Eden: 653.0M(993.0M)->0.0B(857.0M) Survivors: 13312.0K->126.0M Heap: 1433.1M(2048.0M)->758.8M(2048.0M)]
 [Times: user=0.20 sys=0.00, real=0.03 secs] 
2021-01-22T00:59:05.497+0800: 38.532: [GC concurrent-root-region-scan-start]
2021-01-22T00:59:05.497+0800: 38.533: [GC concurrent-root-region-scan-end, 0.0002666 secs]
2021-01-22T00:59:05.497+0800: 38.533: [GC concurrent-mark-start]
2021-01-22T00:59:05.499+0800: 38.535: [GC concurrent-mark-end, 0.0024576 secs]
2021-01-22T00:59:05.500+0800: 38.535: [GC remark 2021-01-22T00:59:05.500+0800: 38.536: [Finalize Marking, 0.0007912 secs] 2021-01-22T00:59:05.501+0800: 38.537: [GC ref-proc, 0.0004115 secs] 2021-01-22T00:59:05.502+0800: 38.538: [Unloading, 0.0012185 secs], 0.0046993 secs]
 [Times: user=0.01 sys=0.00, real=0.00 secs] 
2021-01-22T00:59:05.505+0800: 38.541: [GC cleanup 783M->635M(2048M), 0.0037579 secs]
 [Times: user=0.00 sys=0.01, real=0.01 secs] 
2021-01-22T00:59:05.509+0800: 38.545: [GC concurrent-cleanup-start]
2021-01-22T00:59:05.509+0800: 38.545: [GC concurrent-cleanup-end, 0.0000961 secs]
2021-01-22T00:59:05.631+0800: 38.667: [GC pause (G1 Evacuation Pause) (young) (to-space exhausted), 0.0357653 secs]
   [Parallel Time: 30.8 ms, GC Workers: 8]
      [GC Worker Start (ms): Min: 38667.6, Avg: 38667.8, Max: 38668.0, Diff: 0.4]
      [Ext Root Scanning (ms): Min: 0.0, Avg: 0.1, Max: 0.2, Diff: 0.2, Sum: 0.4]
      [Update RS (ms): Min: 15.6, Avg: 15.7, Max: 15.8, Diff: 0.2, Sum: 125.7]
         [Processed Buffers: Min: 183, Avg: 228.5, Max: 242, Diff: 59, Sum: 1828]
      [Scan RS (ms): Min: 0.1, Avg: 0.1, Max: 0.2, Diff: 0.1, Sum: 1.1]
      [Code Root Scanning (ms): Min: 0.0, Avg: 0.0, Max: 0.0, Diff: 0.0, Sum: 0.0]
      [Object Copy (ms): Min: 13.6, Avg: 13.7, Max: 13.8, Diff: 0.2, Sum: 109.6]
      [Termination (ms): Min: 0.0, Avg: 0.1, Max: 0.3, Diff: 0.3, Sum: 1.0]
         [Termination Attempts: Min: 1, Avg: 1.1, Max: 2, Diff: 1, Sum: 9]
      [GC Worker Other (ms): Min: 0.0, Avg: 0.0, Max: 0.2, Diff: 0.2, Sum: 0.3]
      [GC Worker Total (ms): Min: 29.6, Avg: 29.8, Max: 29.9, Diff: 0.4, Sum: 238.2]
      [GC Worker End (ms): Min: 38697.6, Avg: 38697.6, Max: 38697.7, Diff: 0.2]
   [Code Root Fixup: 0.0 ms]
   [Code Root Purge: 0.0 ms]
   [Clear CT: 1.1 ms]
   [Other: 3.9 ms]
      [Evacuation Failure: 1.3 ms]
      [Choose CSet: 0.0 ms]
      [Ref Proc: 0.6 ms]
      [Ref Enq: 0.0 ms]
      [Redirty Cards: 1.2 ms]
      [Humongous Register: 0.2 ms]
      [Humongous Reclaim: 0.3 ms]
      [Free CSet: 0.4 ms]
   [Eden: 857.0M(857.0M)->0.0B(7168.0K) Survivors: 126.0M->123.0M Heap: 1695.0M(2048.0M)->964.2M(2048.0M)]
 [Times: user=0.25 sys=0.00, real=0.03 secs] 
2021-01-22T00:59:05.669+0800: 38.705: [GC pause (G1 Evacuation Pause) (mixed), 0.0161350 secs]
   [Parallel Time: 12.2 ms, GC Workers: 8]
      [GC Worker Start (ms): Min: 38705.6, Avg: 38705.8, Max: 38705.9, Diff: 0.4]
      [Ext Root Scanning (ms): Min: 0.0, Avg: 0.1, Max: 0.2, Diff: 0.2, Sum: 0.5]
      [Update RS (ms): Min: 0.2, Avg: 0.3, Max: 0.3, Diff: 0.1, Sum: 2.3]
         [Processed Buffers: Min: 3, Avg: 5.1, Max: 7, Diff: 4, Sum: 41]
      [Scan RS (ms): Min: 0.0, Avg: 0.1, Max: 0.1, Diff: 0.0, Sum: 0.5]
      [Code Root Scanning (ms): Min: 0.0, Avg: 0.0, Max: 0.0, Diff: 0.0, Sum: 0.0]
      [Object Copy (ms): Min: 11.1, Avg: 11.1, Max: 11.1, Diff: 0.1, Sum: 88.6]
      [Termination (ms): Min: 0.0, Avg: 0.0, Max: 0.1, Diff: 0.1, Sum: 0.3]
         [Termination Attempts: Min: 1, Avg: 1.8, Max: 3, Diff: 2, Sum: 14]
      [GC Worker Other (ms): Min: 0.0, Avg: 0.0, Max: 0.1, Diff: 0.1, Sum: 0.1]
      [GC Worker Total (ms): Min: 11.4, Avg: 11.5, Max: 11.7, Diff: 0.4, Sum: 92.3]
      [GC Worker End (ms): Min: 38717.3, Avg: 38717.3, Max: 38717.3, Diff: 0.0]
   [Code Root Fixup: 0.0 ms]
   [Code Root Purge: 0.0 ms]
   [Clear CT: 1.7 ms]
   [Other: 2.2 ms]
      [Choose CSet: 0.1 ms]
      [Ref Proc: 0.5 ms]
      [Ref Enq: 0.0 ms]
      [Redirty Cards: 1.2 ms]
      [Humongous Register: 0.1 ms]
      [Humongous Reclaim: 0.1 ms]
      [Free CSet: 0.2 ms]
   [Eden: 7168.0K(7168.0K)->0.0B(805.0M) Survivors: 123.0M->4096.0K Heap: 974.5M(2048.0M)->815.2M(2048.0M)]
 [Times: user=0.09 sys=0.01, real=0.01 secs] 
2021-01-22T00:59:05.705+0800: 38.741: [GC pause (G1 Humongous Allocation) (young) (initial-mark), 0.0098373 secs]
   [Parallel Time: 6.5 ms, GC Workers: 8]
      [GC Worker Start (ms): Min: 38741.0, Avg: 38741.2, Max: 38741.3, Diff: 0.3]
      [Ext Root Scanning (ms): Min: 0.0, Avg: 0.4, Max: 0.6, Diff: 0.6, Sum: 2.9]
      [Update RS (ms): Min: 2.0, Avg: 2.1, Max: 2.3, Diff: 0.3, Sum: 17.1]
         [Processed Buffers: Min: 31, Avg: 32.6, Max: 35, Diff: 4, Sum: 261]
      [Scan RS (ms): Min: 0.0, Avg: 0.0, Max: 0.0, Diff: 0.0, Sum: 0.1]
      [Code Root Scanning (ms): Min: 0.0, Avg: 0.0, Max: 0.0, Diff: 0.0, Sum: 0.0]
      [Object Copy (ms): Min: 2.7, Avg: 2.8, Max: 2.9, Diff: 0.1, Sum: 22.5]
      [Termination (ms): Min: 0.0, Avg: 0.1, Max: 0.1, Diff: 0.1, Sum: 0.5]
         [Termination Attempts: Min: 1, Avg: 1.0, Max: 1, Diff: 0, Sum: 8]
      [GC Worker Other (ms): Min: 0.0, Avg: 0.0, Max: 0.0, Diff: 0.0, Sum: 0.1]
      [GC Worker Total (ms): Min: 5.2, Avg: 5.4, Max: 5.6, Diff: 0.3, Sum: 43.2]
      [GC Worker End (ms): Min: 38746.6, Avg: 38746.6, Max: 38746.6, Diff: 0.0]
   [Code Root Fixup: 0.0 ms]
   [Code Root Purge: 0.0 ms]
   [Clear CT: 0.9 ms]
   [Other: 2.5 ms]
      [Choose CSet: 0.0 ms]
      [Ref Proc: 0.7 ms]
      [Ref Enq: 0.0 ms]
      [Redirty Cards: 1.1 ms]
      [Humongous Register: 0.2 ms]
      [Humongous Reclaim: 0.1 ms]
      [Free CSet: 0.1 ms]
   [Eden: 112.0M(805.0M)->0.0B(788.0M) Survivors: 4096.0K->37888.0K Heap: 957.9M(2048.0M)->846.5M(2048.0M)]
 [Times: user=0.04 sys=0.00, real=0.01 secs] 
2021-01-22T00:59:05.715+0800: 38.751: [GC concurrent-root-region-scan-start]
2021-01-22T00:59:05.715+0800: 38.751: [GC concurrent-root-region-scan-end, 0.0002590 secs]
2021-01-22T00:59:05.715+0800: 38.751: [GC concurrent-mark-start]
2021-01-22T00:59:05.720+0800: 38.756: [GC concurrent-mark-end, 0.0042533 secs]
2021-01-22T00:59:05.720+0800: 38.756: [GC remark 2021-01-22T00:59:05.720+0800: 38.756: [Finalize Marking, 0.0013012 secs] 2021-01-22T00:59:05.722+0800: 38.758: [GC ref-proc, 0.0006354 secs] 2021-01-22T00:59:05.723+0800: 38.759: [Unloading, 0.0015931 secs], 0.0064128 secs]
 [Times: user=0.02 sys=0.00, real=0.00 secs] 
2021-01-22T00:59:05.727+0800: 38.763: [GC cleanup 881M->780M(2048M), 0.0035648 secs]
 [Times: user=0.00 sys=0.01, real=0.01 secs] 
2021-01-22T00:59:05.732+0800: 38.768: [GC concurrent-cleanup-start]
2021-01-22T00:59:05.732+0800: 38.768: [GC concurrent-cleanup-end, 0.0000750 secs]
2021-01-22T00:59:05.841+0800: 38.877: [GC pause (G1 Evacuation Pause) (young) (to-space exhausted), 0.0303498 secs]
   [Parallel Time: 25.5 ms, GC Workers: 8]
      [GC Worker Start (ms): Min: 38877.2, Avg: 38877.5, Max: 38877.6, Diff: 0.4]
      [Ext Root Scanning (ms): Min: 0.0, Avg: 0.1, Max: 0.2, Diff: 0.2, Sum: 0.5]
      [Update RS (ms): Min: 14.7, Avg: 14.8, Max: 14.8, Diff: 0.1, Sum: 118.4]
         [Processed Buffers: Min: 217, Avg: 224.2, Max: 229, Diff: 12, Sum: 1794]
      [Scan RS (ms): Min: 0.1, Avg: 0.1, Max: 0.1, Diff: 0.0, Sum: 0.9]
      [Code Root Scanning (ms): Min: 0.0, Avg: 0.0, Max: 0.0, Diff: 0.0, Sum: 0.0]
      [Object Copy (ms): Min: 9.4, Avg: 9.5, Max: 9.6, Diff: 0.2, Sum: 76.1]
      [Termination (ms): Min: 0.0, Avg: 0.1, Max: 0.3, Diff: 0.3, Sum: 1.1]
         [Termination Attempts: Min: 1, Avg: 1.0, Max: 1, Diff: 0, Sum: 8]
      [GC Worker Other (ms): Min: 0.0, Avg: 0.0, Max: 0.1, Diff: 0.1, Sum: 0.3]
      [GC Worker Total (ms): Min: 24.5, Avg: 24.7, Max: 25.0, Diff: 0.5, Sum: 197.3]
      [GC Worker End (ms): Min: 38902.1, Avg: 38902.1, Max: 38902.2, Diff: 0.1]
   [Code Root Fixup: 0.0 ms]
   [Code Root Purge: 0.0 ms]
   [Clear CT: 0.9 ms]
   [Other: 3.9 ms]
      [Evacuation Failure: 1.1 ms]
      [Choose CSet: 0.0 ms]
      [Ref Proc: 0.9 ms]
      [Ref Enq: 0.0 ms]
      [Redirty Cards: 1.1 ms]
      [Humongous Register: 0.2 ms]
      [Humongous Reclaim: 0.2 ms]
      [Free CSet: 0.2 ms]
   [Eden: 788.0M(788.0M)->0.0B(6144.0K) Survivors: 37888.0K->104.0M Heap: 1756.5M(2048.0M)->1185.6M(2048.0M)]
 [Times: user=0.19 sys=0.01, real=0.03 secs] 
2021-01-22T00:59:05.873+0800: 38.909: [GC pause (G1 Evacuation Pause) (mixed), 0.0136668 secs]
   [Parallel Time: 10.7 ms, GC Workers: 8]
      [GC Worker Start (ms): Min: 38909.0, Avg: 38909.2, Max: 38909.3, Diff: 0.3]
      [Ext Root Scanning (ms): Min: 0.0, Avg: 0.1, Max: 0.2, Diff: 0.2, Sum: 0.5]
      [Update RS (ms): Min: 0.1, Avg: 0.2, Max: 0.2, Diff: 0.1, Sum: 1.4]
         [Processed Buffers: Min: 3, Avg: 4.1, Max: 6, Diff: 3, Sum: 33]
      [Scan RS (ms): Min: 0.0, Avg: 0.1, Max: 0.1, Diff: 0.0, Sum: 0.5]
      [Code Root Scanning (ms): Min: 0.0, Avg: 0.0, Max: 0.0, Diff: 0.0, Sum: 0.0]
      [Object Copy (ms): Min: 9.7, Avg: 9.7, Max: 9.9, Diff: 0.2, Sum: 77.8]
      [Termination (ms): Min: 0.0, Avg: 0.2, Max: 0.2, Diff: 0.2, Sum: 1.3]
         [Termination Attempts: Min: 1, Avg: 1.0, Max: 1, Diff: 0, Sum: 8]
      [GC Worker Other (ms): Min: 0.0, Avg: 0.0, Max: 0.0, Diff: 0.0, Sum: 0.1]
      [GC Worker Total (ms): Min: 10.1, Avg: 10.2, Max: 10.3, Diff: 0.3, Sum: 81.6]
      [GC Worker End (ms): Min: 38919.4, Avg: 38919.4, Max: 38919.4, Diff: 0.0]
   [Code Root Fixup: 0.0 ms]
   [Code Root Purge: 0.0 ms]
   [Clear CT: 1.0 ms]
   [Other: 2.0 ms]
      [Choose CSet: 0.1 ms]
      [Ref Proc: 0.4 ms]
      [Ref Enq: 0.0 ms]
      [Redirty Cards: 1.0 ms]
      [Humongous Register: 0.1 ms]
      [Humongous Reclaim: 0.0 ms]
      [Free CSet: 0.2 ms]
   [Eden: 6144.0K(6144.0K)->0.0B(100.0M) Survivors: 104.0M->2048.0K Heap: 1192.8M(2048.0M)->993.8M(2048.0M)]
 [Times: user=0.09 sys=0.00, real=0.01 secs] 
2021-01-22T00:59:05.902+0800: 38.938: [GC pause (G1 Evacuation Pause) (mixed), 0.0100476 secs]
   [Parallel Time: 7.1 ms, GC Workers: 8]
      [GC Worker Start (ms): Min: 38937.8, Avg: 38938.8, Max: 38944.4, Diff: 6.5]
      [Ext Root Scanning (ms): Min: 0.0, Avg: 0.1, Max: 0.2, Diff: 0.2, Sum: 0.6]
      [Update RS (ms): Min: 0.0, Avg: 1.9, Max: 2.2, Diff: 2.2, Sum: 15.5]
         [Processed Buffers: Min: 0, Avg: 30.1, Max: 35, Diff: 35, Sum: 241]
      [Scan RS (ms): Min: 0.0, Avg: 0.1, Max: 0.1, Diff: 0.1, Sum: 0.5]
      [Code Root Scanning (ms): Min: 0.0, Avg: 0.0, Max: 0.0, Diff: 0.0, Sum: 0.1]
      [Object Copy (ms): Min: 0.0, Avg: 3.5, Max: 4.0, Diff: 4.0, Sum: 27.8]
      [Termination (ms): Min: 0.0, Avg: 0.1, Max: 0.2, Diff: 0.2, Sum: 0.7]
         [Termination Attempts: Min: 1, Avg: 1.0, Max: 1, Diff: 0, Sum: 8]
      [GC Worker Other (ms): Min: 0.0, Avg: 0.0, Max: 0.0, Diff: 0.0, Sum: 0.0]
      [GC Worker Total (ms): Min: 0.0, Avg: 5.7, Max: 6.6, Diff: 6.5, Sum: 45.2]
      [GC Worker End (ms): Min: 38944.4, Avg: 38944.4, Max: 38944.4, Diff: 0.0]
   [Code Root Fixup: 0.0 ms]
   [Code Root Purge: 0.0 ms]
   [Clear CT: 1.2 ms]
   [Other: 1.7 ms]
      [Choose CSet: 0.0 ms]
      [Ref Proc: 0.4 ms]
      [Ref Enq: 0.0 ms]
      [Redirty Cards: 0.8 ms]
      [Humongous Register: 0.1 ms]
      [Humongous Reclaim: 0.1 ms]
      [Free CSet: 0.1 ms]
   [Eden: 100.0M(100.0M)->0.0B(711.0M) Survivors: 2048.0K->13312.0K Heap: 1122.6M(2048.0M)->928.8M(2048.0M)]
 [Times: user=0.05 sys=0.00, real=0.01 secs] 
2021-01-22T00:59:05.913+0800: 38.948: [GC pause (G1 Humongous Allocation) (young) (initial-mark), 0.0046565 secs]
   [Parallel Time: 1.6 ms, GC Workers: 8]
      [GC Worker Start (ms): Min: 38948.7, Avg: 38948.8, Max: 38949.0, Diff: 0.3]
      [Ext Root Scanning (ms): Min: 0.0, Avg: 0.4, Max: 1.1, Diff: 1.1, Sum: 3.2]
      [Update RS (ms): Min: 0.0, Avg: 0.1, Max: 0.2, Diff: 0.2, Sum: 1.0]
         [Processed Buffers: Min: 0, Avg: 1.0, Max: 2, Diff: 2, Sum: 8]
      [Scan RS (ms): Min: 0.0, Avg: 0.0, Max: 0.0, Diff: 0.0, Sum: 0.0]
      [Code Root Scanning (ms): Min: 0.0, Avg: 0.0, Max: 0.0, Diff: 0.0, Sum: 0.0]
      [Object Copy (ms): Min: 0.0, Avg: 0.8, Max: 0.9, Diff: 0.9, Sum: 6.0]
      [Termination (ms): Min: 0.0, Avg: 0.0, Max: 0.1, Diff: 0.1, Sum: 0.3]
         [Termination Attempts: Min: 1, Avg: 1.0, Max: 1, Diff: 0, Sum: 8]
      [GC Worker Other (ms): Min: 0.0, Avg: 0.0, Max: 0.0, Diff: 0.0, Sum: 0.0]
      [GC Worker Total (ms): Min: 1.2, Avg: 1.3, Max: 1.5, Diff: 0.3, Sum: 10.6]
      [GC Worker End (ms): Min: 38950.2, Avg: 38950.2, Max: 38950.2, Diff: 0.0]
   [Code Root Fixup: 0.0 ms]
   [Code Root Purge: 0.0 ms]
   [Clear CT: 1.0 ms]
   [Other: 2.1 ms]
      [Choose CSet: 0.0 ms]
      [Ref Proc: 0.8 ms]
      [Ref Enq: 0.0 ms]
      [Redirty Cards: 0.8 ms]
      [Humongous Register: 0.1 ms]
      [Humongous Reclaim: 0.1 ms]
      [Free CSet: 0.0 ms]
   [Eden: 1024.0K(711.0M)->0.0B(661.0M) Survivors: 13312.0K->15360.0K Heap: 929.7M(2048.0M)->930.7M(2048.0M)]
 [Times: user=0.01 sys=0.00, real=0.00 secs] 
2021-01-22T00:59:05.918+0800: 38.954: [GC concurrent-root-region-scan-start]
2021-01-22T00:59:05.918+0800: 38.954: [GC concurrent-root-region-scan-end, 0.0002320 secs]
2021-01-22T00:59:05.918+0800: 38.954: [GC concurrent-mark-start]
2021-01-22T00:59:05.921+0800: 38.957: [GC concurrent-mark-end, 0.0029512 secs]
2021-01-22T00:59:05.921+0800: 38.957: [GC remark 2021-01-22T00:59:05.921+0800: 38.957: [Finalize Marking, 0.0011013 secs] 2021-01-22T00:59:05.923+0800: 38.959: [GC ref-proc, 0.0004691 secs] 2021-01-22T00:59:05.924+0800: 38.959: [Unloading, 0.0013210 secs], 0.0048834 secs]
 [Times: user=0.02 sys=0.00, real=0.00 secs] 
2021-01-22T00:59:05.927+0800: 38.963: [GC cleanup 961M->845M(2048M), 0.0028691 secs]
 [Times: user=0.00 sys=0.01, real=0.01 secs] 
2021-01-22T00:59:05.930+0800: 38.966: [GC concurrent-cleanup-start]
2021-01-22T00:59:05.930+0800: 38.966: [GC concurrent-cleanup-end, 0.0001050 secs]
2021-01-22T00:59:06.023+0800: 39.059: [GC pause (G1 Evacuation Pause) (young), 0.0331402 secs]
   [Parallel Time: 29.0 ms, GC Workers: 8]
      [GC Worker Start (ms): Min: 39058.8, Avg: 39059.0, Max: 39059.2, Diff: 0.4]
      [Ext Root Scanning (ms): Min: 0.0, Avg: 0.1, Max: 0.2, Diff: 0.2, Sum: 0.4]
      [Update RS (ms): Min: 13.2, Avg: 13.3, Max: 13.3, Diff: 0.1, Sum: 106.3]
         [Processed Buffers: Min: 191, Avg: 200.6, Max: 207, Diff: 16, Sum: 1605]
      [Scan RS (ms): Min: 0.1, Avg: 0.1, Max: 0.1, Diff: 0.0, Sum: 0.7]
      [Code Root Scanning (ms): Min: 0.0, Avg: 0.0, Max: 0.0, Diff: 0.0, Sum: 0.0]
      [Object Copy (ms): Min: 14.6, Avg: 14.7, Max: 14.8, Diff: 0.2, Sum: 117.5]
      [Termination (ms): Min: 0.0, Avg: 0.1, Max: 0.2, Diff: 0.2, Sum: 0.7]
         [Termination Attempts: Min: 1, Avg: 1.0, Max: 1, Diff: 0, Sum: 8]
      [GC Worker Other (ms): Min: 0.0, Avg: 0.1, Max: 0.2, Diff: 0.2, Sum: 0.6]
      [GC Worker Total (ms): Min: 28.0, Avg: 28.3, Max: 28.4, Diff: 0.4, Sum: 226.2]
      [GC Worker End (ms): Min: 39087.2, Avg: 39087.3, Max: 39087.5, Diff: 0.2]
   [Code Root Fixup: 0.0 ms]
   [Code Root Purge: 0.0 ms]
   [Clear CT: 1.1 ms]
   [Other: 3.0 ms]
      [Choose CSet: 0.0 ms]
      [Ref Proc: 0.5 ms]
      [Ref Enq: 0.0 ms]
      [Redirty Cards: 1.5 ms]
      [Humongous Register: 0.2 ms]
      [Humongous Reclaim: 0.3 ms]
      [Free CSet: 0.4 ms]
   [Eden: 661.0M(661.0M)->0.0B(17408.0K) Survivors: 15360.0K->87040.0K Heap: 1675.2M(2048.0M)->982.5M(2048.0M)]
 [Times: user=0.24 sys=0.00, real=0.03 secs] 
2021-01-22T00:59:06.059+0800: 39.095: [GC pause (G1 Evacuation Pause) (mixed), 0.0139674 secs]
   [Parallel Time: 10.2 ms, GC Workers: 8]
      [GC Worker Start (ms): Min: 39095.7, Avg: 39095.9, Max: 39096.0, Diff: 0.4]
      [Ext Root Scanning (ms): Min: 0.0, Avg: 0.1, Max: 0.3, Diff: 0.3, Sum: 0.6]
      [Update RS (ms): Min: 0.1, Avg: 0.2, Max: 0.3, Diff: 0.2, Sum: 1.9]
         [Processed Buffers: Min: 2, Avg: 3.8, Max: 5, Diff: 3, Sum: 30]
      [Scan RS (ms): Min: 0.0, Avg: 0.1, Max: 0.1, Diff: 0.0, Sum: 0.4]
      [Code Root Scanning (ms): Min: 0.0, Avg: 0.0, Max: 0.0, Diff: 0.0, Sum: 0.0]
      [Object Copy (ms): Min: 7.8, Avg: 7.9, Max: 8.5, Diff: 0.8, Sum: 63.1]
      [Termination (ms): Min: 0.0, Avg: 0.6, Max: 0.8, Diff: 0.8, Sum: 5.1]
         [Termination Attempts: Min: 1, Avg: 1.9, Max: 4, Diff: 3, Sum: 15]
      [GC Worker Other (ms): Min: 0.0, Avg: 0.0, Max: 0.0, Diff: 0.0, Sum: 0.1]
      [GC Worker Total (ms): Min: 8.7, Avg: 8.9, Max: 9.1, Diff: 0.4, Sum: 71.1]
      [GC Worker End (ms): Min: 39104.8, Avg: 39104.8, Max: 39104.8, Diff: 0.0]
   [Code Root Fixup: 0.0 ms]
   [Code Root Purge: 0.0 ms]
   [Clear CT: 1.2 ms]
   [Other: 2.6 ms]
      [Choose CSet: 0.1 ms]
      [Ref Proc: 0.8 ms]
      [Ref Enq: 0.0 ms]
      [Redirty Cards: 1.2 ms]
      [Humongous Register: 0.1 ms]
      [Humongous Reclaim: 0.0 ms]
      [Free CSet: 0.2 ms]
   [Eden: 17408.0K(17408.0K)->0.0B(100352.0K) Survivors: 87040.0K->4096.0K Heap: 1002.1M(2048.0M)->784.9M(2048.0M)]
 [Times: user=0.08 sys=0.00, real=0.01 secs] 
2021-01-22T00:59:06.091+0800: 39.127: [GC pause (G1 Evacuation Pause) (mixed), 0.0107706 secs]
   [Parallel Time: 7.0 ms, GC Workers: 8]
      [GC Worker Start (ms): Min: 39126.8, Avg: 39127.0, Max: 39127.2, Diff: 0.3]
      [Ext Root Scanning (ms): Min: 0.0, Avg: 0.1, Max: 0.2, Diff: 0.2, Sum: 0.4]
      [Update RS (ms): Min: 1.7, Avg: 1.8, Max: 1.9, Diff: 0.2, Sum: 14.4]
         [Processed Buffers: Min: 26, Avg: 27.8, Max: 29, Diff: 3, Sum: 222]
      [Scan RS (ms): Min: 0.0, Avg: 0.0, Max: 0.1, Diff: 0.0, Sum: 0.4]
      [Code Root Scanning (ms): Min: 0.0, Avg: 0.0, Max: 0.0, Diff: 0.0, Sum: 0.0]
      [Object Copy (ms): Min: 4.7, Avg: 4.7, Max: 4.8, Diff: 0.1, Sum: 37.7]
      [Termination (ms): Min: 0.0, Avg: 0.1, Max: 0.1, Diff: 0.1, Sum: 0.5]
         [Termination Attempts: Min: 1, Avg: 1.0, Max: 1, Diff: 0, Sum: 8]
      [GC Worker Other (ms): Min: 0.0, Avg: 0.0, Max: 0.0, Diff: 0.0, Sum: 0.1]
      [GC Worker Total (ms): Min: 6.5, Avg: 6.7, Max: 6.9, Diff: 0.4, Sum: 53.5]
      [GC Worker End (ms): Min: 39133.7, Avg: 39133.7, Max: 39133.7, Diff: 0.0]
   [Code Root Fixup: 0.0 ms]
   [Code Root Purge: 0.0 ms]
   [Clear CT: 1.0 ms]
   [Other: 2.8 ms]
      [Choose CSet: 0.1 ms]
      [Ref Proc: 0.6 ms]
      [Ref Enq: 0.0 ms]
      [Redirty Cards: 1.5 ms]
      [Humongous Register: 0.1 ms]
      [Humongous Reclaim: 0.1 ms]
      [Free CSet: 0.2 ms]
   [Eden: 100352.0K(100352.0K)->0.0B(891.0M) Survivors: 4096.0K->13312.0K Heap: 909.4M(2048.0M)->652.7M(2048.0M)]
 [Times: user=0.05 sys=0.01, real=0.01 secs] 
2021-01-22T00:59:06.197+0800: 39.233: [GC pause (G1 Humongous Allocation) (young) (initial-mark), 0.0291450 secs]
   [Parallel Time: 24.0 ms, GC Workers: 8]
      [GC Worker Start (ms): Min: 39233.2, Avg: 39233.5, Max: 39233.7, Diff: 0.5]
      [Ext Root Scanning (ms): Min: 0.0, Avg: 0.4, Max: 0.7, Diff: 0.7, Sum: 3.5]
      [Update RS (ms): Min: 9.2, Avg: 10.0, Max: 14.8, Diff: 5.6, Sum: 79.8]
         [Processed Buffers: Min: 119, Avg: 134.4, Max: 146, Diff: 27, Sum: 1075]
      [Scan RS (ms): Min: 0.1, Avg: 0.1, Max: 0.2, Diff: 0.2, Sum: 1.1]
      [Code Root Scanning (ms): Min: 0.0, Avg: 0.0, Max: 0.0, Diff: 0.0, Sum: 0.0]
      [Object Copy (ms): Min: 6.9, Avg: 12.0, Max: 13.4, Diff: 6.4, Sum: 96.2]
      [Termination (ms): Min: 0.0, Avg: 0.6, Max: 0.8, Diff: 0.8, Sum: 5.2]
         [Termination Attempts: Min: 1, Avg: 1.0, Max: 1, Diff: 0, Sum: 8]
      [GC Worker Other (ms): Min: 0.0, Avg: 0.0, Max: 0.0, Diff: 0.0, Sum: 0.1]
      [GC Worker Total (ms): Min: 23.0, Avg: 23.2, Max: 23.5, Diff: 0.5, Sum: 185.8]
      [GC Worker End (ms): Min: 39256.7, Avg: 39256.7, Max: 39256.7, Diff: 0.0]
   [Code Root Fixup: 0.0 ms]
   [Code Root Purge: 0.0 ms]
   [Clear CT: 1.2 ms]
   [Other: 3.9 ms]
      [Choose CSet: 0.0 ms]
      [Ref Proc: 1.2 ms]
      [Ref Enq: 0.0 ms]
      [Redirty Cards: 1.4 ms]
      [Humongous Register: 0.1 ms]
      [Humongous Reclaim: 0.3 ms]
      [Free CSet: 0.6 ms]
   [Eden: 608.0M(891.0M)->0.0B(7168.0K) Survivors: 13312.0K->113.0M Heap: 1393.8M(2048.0M)->773.3M(2048.0M)]
 [Times: user=0.19 sys=0.01, real=0.03 secs] 
2021-01-22T00:59:06.227+0800: 39.263: [GC concurrent-root-region-scan-start]
2021-01-22T00:59:06.227+0800: 39.263: [GC concurrent-root-region-scan-end, 0.0002906 secs]
2021-01-22T00:59:06.227+0800: 39.263: [GC concurrent-mark-start]
2021-01-22T00:59:06.230+0800: 39.266: [GC pause (G1 Evacuation Pause) (young), 0.0156500 secs]
   [Parallel Time: 11.9 ms, GC Workers: 8]
      [GC Worker Start (ms): Min: 39265.8, Avg: 39266.0, Max: 39266.1, Diff: 0.3]
      [Ext Root Scanning (ms): Min: 0.0, Avg: 0.1, Max: 0.2, Diff: 0.2, Sum: 0.5]
      [Update RS (ms): Min: 0.1, Avg: 0.2, Max: 0.4, Diff: 0.4, Sum: 1.5]
         [Processed Buffers: Min: 1, Avg: 2.4, Max: 3, Diff: 2, Sum: 19]
      [Scan RS (ms): Min: 0.0, Avg: 0.0, Max: 0.0, Diff: 0.0, Sum: 0.1]
      [Code Root Scanning (ms): Min: 0.0, Avg: 0.0, Max: 0.0, Diff: 0.0, Sum: 0.0]
      [Object Copy (ms): Min: 9.9, Avg: 10.1, Max: 10.7, Diff: 0.7, Sum: 81.2]
      [Termination (ms): Min: 0.0, Avg: 0.5, Max: 0.7, Diff: 0.7, Sum: 4.1]
         [Termination Attempts: Min: 1, Avg: 1.0, Max: 1, Diff: 0, Sum: 8]
      [GC Worker Other (ms): Min: 0.0, Avg: 0.0, Max: 0.0, Diff: 0.0, Sum: 0.1]
      [GC Worker Total (ms): Min: 10.8, Avg: 10.9, Max: 11.1, Diff: 0.3, Sum: 87.5]
      [GC Worker End (ms): Min: 39276.9, Avg: 39276.9, Max: 39276.9, Diff: 0.0]
   [Code Root Fixup: 0.0 ms]
   [Code Root Purge: 0.0 ms]
   [Clear CT: 1.6 ms]
   [Other: 2.1 ms]
      [Choose CSet: 0.0 ms]
      [Ref Proc: 0.5 ms]
      [Ref Enq: 0.0 ms]
      [Redirty Cards: 1.0 ms]
      [Humongous Register: 0.1 ms]
      [Humongous Reclaim: 0.1 ms]
      [Free CSet: 0.1 ms]
   [Eden: 7168.0K(7168.0K)->0.0B(781.0M) Survivors: 113.0M->2048.0K Heap: 781.4M(2048.0M)->772.9M(2048.0M)]
 [Times: user=0.09 sys=0.00, real=0.01 secs] 
2021-01-22T00:59:06.247+0800: 39.283: [GC concurrent-mark-end, 0.0200101 secs]
2021-01-22T00:59:06.248+0800: 39.284: [GC remark 2021-01-22T00:59:06.248+0800: 39.284: [Finalize Marking, 0.0009841 secs] 2021-01-22T00:59:06.250+0800: 39.285: [GC ref-proc, 0.0004979 secs] 2021-01-22T00:59:06.250+0800: 39.286: [Unloading, 0.0014249 secs], 0.0053919 secs]
 [Times: user=0.01 sys=0.00, real=0.01 secs] 
2021-01-22T00:59:06.254+0800: 39.290: [GC cleanup 786M->654M(2048M), 0.0037801 secs]
 [Times: user=0.01 sys=0.00, real=0.01 secs] 
2021-01-22T00:59:06.259+0800: 39.295: [GC concurrent-cleanup-start]
2021-01-22T00:59:06.259+0800: 39.295: [GC concurrent-cleanup-end, 0.0000882 secs]
2021-01-22T00:59:06.389+0800: 39.425: [GC pause (G1 Evacuation Pause) (young), 0.0339148 secs]
   [Parallel Time: 29.4 ms, GC Workers: 8]
      [GC Worker Start (ms): Min: 39425.3, Avg: 39425.5, Max: 39425.6, Diff: 0.3]
      [Ext Root Scanning (ms): Min: 0.0, Avg: 0.1, Max: 0.2, Diff: 0.2, Sum: 0.5]
      [Update RS (ms): Min: 14.1, Avg: 14.2, Max: 14.3, Diff: 0.2, Sum: 113.9]
         [Processed Buffers: Min: 179, Avg: 204.9, Max: 219, Diff: 40, Sum: 1639]
      [Scan RS (ms): Min: 0.0, Avg: 0.1, Max: 0.1, Diff: 0.1, Sum: 0.8]
      [Code Root Scanning (ms): Min: 0.0, Avg: 0.0, Max: 0.0, Diff: 0.0, Sum: 0.0]
      [Object Copy (ms): Min: 14.1, Avg: 14.2, Max: 14.4, Diff: 0.2, Sum: 113.6]
      [Termination (ms): Min: 0.0, Avg: 0.2, Max: 0.3, Diff: 0.3, Sum: 1.4]
         [Termination Attempts: Min: 1, Avg: 1.0, Max: 1, Diff: 0, Sum: 8]
      [GC Worker Other (ms): Min: 0.0, Avg: 0.0, Max: 0.0, Diff: 0.0, Sum: 0.1]
      [GC Worker Total (ms): Min: 28.6, Avg: 28.8, Max: 29.0, Diff: 0.3, Sum: 230.3]
      [GC Worker End (ms): Min: 39454.2, Avg: 39454.2, Max: 39454.3, Diff: 0.1]
   [Code Root Fixup: 0.0 ms]
   [Code Root Purge: 0.0 ms]
   [Clear CT: 0.7 ms]
   [Other: 3.8 ms]
      [Choose CSet: 0.0 ms]
      [Ref Proc: 1.0 ms]
      [Ref Enq: 0.0 ms]
      [Redirty Cards: 1.7 ms]
      [Humongous Register: 0.2 ms]
      [Humongous Reclaim: 0.4 ms]
      [Free CSet: 0.5 ms]
   [Eden: 781.0M(781.0M)->0.0B(6144.0K) Survivors: 2048.0K->100352.0K Heap: 1625.5M(2048.0M)->816.7M(2048.0M)]
 [Times: user=0.24 sys=0.00, real=0.03 secs] 
2021-01-22T00:59:06.425+0800: 39.461: [GC pause (G1 Evacuation Pause) (mixed), 0.0345270 secs]
   [Parallel Time: 30.0 ms, GC Workers: 8]
      [GC Worker Start (ms): Min: 39461.5, Avg: 39464.4, Max: 39465.2, Diff: 3.7]
      [Ext Root Scanning (ms): Min: 0.0, Avg: 0.0, Max: 0.3, Diff: 0.3, Sum: 0.3]
      [Update RS (ms): Min: 0.0, Avg: 0.2, Max: 1.6, Diff: 1.6, Sum: 1.6]
         [Processed Buffers: Min: 0, Avg: 4.5, Max: 36, Diff: 36, Sum: 36]
      [Scan RS (ms): Min: 0.0, Avg: 0.0, Max: 0.2, Diff: 0.2, Sum: 0.3]
      [Code Root Scanning (ms): Min: 0.0, Avg: 0.0, Max: 0.0, Diff: 0.0, Sum: 0.0]
      [Object Copy (ms): Min: 7.6, Avg: 10.4, Max: 17.1, Diff: 9.5, Sum: 82.9]
      [Termination (ms): Min: 0.0, Avg: 9.4, Max: 13.8, Diff: 13.8, Sum: 75.3]
         [Termination Attempts: Min: 1, Avg: 4.9, Max: 9, Diff: 8, Sum: 39]
      [GC Worker Other (ms): Min: 0.0, Avg: 0.0, Max: 0.0, Diff: 0.0, Sum: 0.1]
      [GC Worker Total (ms): Min: 16.7, Avg: 20.1, Max: 21.9, Diff: 5.2, Sum: 160.5]
      [GC Worker End (ms): Min: 39481.7, Avg: 39484.5, Max: 39486.7, Diff: 5.0]
   [Code Root Fixup: 0.0 ms]
   [Code Root Purge: 0.0 ms]
   [Clear CT: 1.1 ms]
   [Other: 3.4 ms]
      [Choose CSet: 0.0 ms]
      [Ref Proc: 2.3 ms]
      [Ref Enq: 0.0 ms]
      [Redirty Cards: 0.5 ms]
      [Humongous Register: 0.2 ms]
      [Humongous Reclaim: 0.1 ms]
      [Free CSet: 0.1 ms]
   [Eden: 6144.0K(6144.0K)->0.0B(101.0M) Survivors: 100352.0K->1024.0K Heap: 826.0M(2048.0M)->772.3M(2048.0M)]
 [Times: user=0.16 sys=0.02, real=0.04 secs] 
2021-01-22T00:59:06.476+0800: 39.512: [GC pause (G1 Evacuation Pause) (mixed), 0.0101658 secs]
   [Parallel Time: 7.1 ms, GC Workers: 8]
      [GC Worker Start (ms): Min: 39511.9, Avg: 39512.9, Max: 39518.8, Diff: 6.8]
      [Ext Root Scanning (ms): Min: 0.0, Avg: 0.1, Max: 0.2, Diff: 0.2, Sum: 0.5]
      [Update RS (ms): Min: 0.0, Avg: 1.4, Max: 1.7, Diff: 1.7, Sum: 11.2]
         [Processed Buffers: Min: 0, Avg: 21.2, Max: 29, Diff: 29, Sum: 170]
      [Scan RS (ms): Min: 0.0, Avg: 0.0, Max: 0.1, Diff: 0.1, Sum: 0.3]
      [Code Root Scanning (ms): Min: 0.0, Avg: 0.0, Max: 0.0, Diff: 0.0, Sum: 0.0]
      [Object Copy (ms): Min: 0.0, Avg: 2.8, Max: 3.2, Diff: 3.2, Sum: 22.2]
      [Termination (ms): Min: 0.0, Avg: 1.6, Max: 1.9, Diff: 1.9, Sum: 12.9]
         [Termination Attempts: Min: 1, Avg: 1.0, Max: 1, Diff: 0, Sum: 8]
      [GC Worker Other (ms): Min: 0.0, Avg: 0.0, Max: 0.0, Diff: 0.0, Sum: 0.0]
      [GC Worker Total (ms): Min: 0.0, Avg: 5.9, Max: 6.9, Diff: 6.8, Sum: 47.2]
      [GC Worker End (ms): Min: 39518.8, Avg: 39518.8, Max: 39518.8, Diff: 0.0]
   [Code Root Fixup: 0.0 ms]
   [Code Root Purge: 0.0 ms]
   [Clear CT: 0.7 ms]
   [Other: 2.3 ms]
      [Choose CSet: 0.0 ms]
      [Ref Proc: 1.0 ms]
      [Ref Enq: 0.0 ms]
      [Redirty Cards: 0.8 ms]
      [Humongous Register: 0.1 ms]
      [Humongous Reclaim: 0.1 ms]
      [Free CSet: 0.1 ms]
   [Eden: 101.0M(101.0M)->0.0B(91136.0K) Survivors: 1024.0K->13312.0K Heap: 893.4M(2048.0M)->759.9M(2048.0M)]
 [Times: user=0.06 sys=0.00, real=0.01 secs] 
2021-01-22T00:59:06.499+0800: 39.535: [GC pause (G1 Evacuation Pause) (mixed), 0.0094430 secs]
   [Parallel Time: 7.1 ms, GC Workers: 8]
      [GC Worker Start (ms): Min: 39535.5, Avg: 39535.7, Max: 39535.8, Diff: 0.3]
      [Ext Root Scanning (ms): Min: 0.0, Avg: 0.1, Max: 0.2, Diff: 0.2, Sum: 0.5]
      [Update RS (ms): Min: 1.7, Avg: 1.8, Max: 1.8, Diff: 0.1, Sum: 14.0]
         [Processed Buffers: Min: 26, Avg: 26.9, Max: 28, Diff: 2, Sum: 215]
      [Scan RS (ms): Min: 0.0, Avg: 0.0, Max: 0.1, Diff: 0.0, Sum: 0.3]
      [Code Root Scanning (ms): Min: 0.0, Avg: 0.0, Max: 0.0, Diff: 0.0, Sum: 0.0]
      [Object Copy (ms): Min: 3.7, Avg: 3.8, Max: 4.3, Diff: 0.6, Sum: 30.4]
      [Termination (ms): Min: 0.0, Avg: 0.5, Max: 0.6, Diff: 0.6, Sum: 4.4]
         [Termination Attempts: Min: 1, Avg: 1.0, Max: 1, Diff: 0, Sum: 8]
      [GC Worker Other (ms): Min: 0.0, Avg: 0.1, Max: 0.2, Diff: 0.2, Sum: 0.7]
      [GC Worker Total (ms): Min: 6.1, Avg: 6.3, Max: 6.5, Diff: 0.5, Sum: 50.3]
      [GC Worker End (ms): Min: 39541.9, Avg: 39541.9, Max: 39542.1, Diff: 0.2]
   [Code Root Fixup: 0.0 ms]
   [Code Root Purge: 0.0 ms]
   [Clear CT: 0.6 ms]
   [Other: 1.7 ms]
      [Choose CSet: 0.0 ms]
      [Ref Proc: 0.7 ms]
      [Ref Enq: 0.0 ms]
      [Redirty Cards: 0.5 ms]
      [Humongous Register: 0.1 ms]
      [Humongous Reclaim: 0.1 ms]
      [Free CSet: 0.1 ms]
   [Eden: 91136.0K(91136.0K)->0.0B(91136.0K) Survivors: 13312.0K->13312.0K Heap: 874.6M(2048.0M)->744.7M(2048.0M)]
 [Times: user=0.05 sys=0.01, real=0.01 secs] 
2021-01-22T00:59:06.522+0800: 39.558: [GC pause (G1 Evacuation Pause) (mixed), 0.0067764 secs]
   [Parallel Time: 5.0 ms, GC Workers: 8]
      [GC Worker Start (ms): Min: 39557.7, Avg: 39557.9, Max: 39558.0, Diff: 0.3]
      [Ext Root Scanning (ms): Min: 0.0, Avg: 0.1, Max: 0.2, Diff: 0.2, Sum: 0.5]
      [Update RS (ms): Min: 1.3, Avg: 1.3, Max: 1.4, Diff: 0.1, Sum: 10.6]
         [Processed Buffers: Min: 19, Avg: 20.1, Max: 21, Diff: 2, Sum: 161]
      [Scan RS (ms): Min: 0.0, Avg: 0.0, Max: 0.0, Diff: 0.0, Sum: 0.2]
      [Code Root Scanning (ms): Min: 0.0, Avg: 0.0, Max: 0.0, Diff: 0.0, Sum: 0.0]
      [Object Copy (ms): Min: 3.0, Avg: 3.1, Max: 3.1, Diff: 0.0, Sum: 24.5]
      [Termination (ms): Min: 0.0, Avg: 0.0, Max: 0.1, Diff: 0.1, Sum: 0.3]
         [Termination Attempts: Min: 1, Avg: 1.0, Max: 1, Diff: 0, Sum: 8]
      [GC Worker Other (ms): Min: 0.0, Avg: 0.0, Max: 0.0, Diff: 0.0, Sum: 0.1]
      [GC Worker Total (ms): Min: 4.4, Avg: 4.5, Max: 4.6, Diff: 0.3, Sum: 36.2]
      [GC Worker End (ms): Min: 39562.4, Avg: 39562.4, Max: 39562.4, Diff: 0.0]
   [Code Root Fixup: 0.0 ms]
   [Code Root Purge: 0.0 ms]
   [Clear CT: 0.6 ms]
   [Other: 1.2 ms]
      [Choose CSet: 0.0 ms]
      [Ref Proc: 0.4 ms]
      [Ref Enq: 0.0 ms]
      [Redirty Cards: 0.4 ms]
      [Humongous Register: 0.1 ms]
      [Humongous Reclaim: 0.1 ms]
      [Free CSet: 0.1 ms]
   [Eden: 91136.0K(91136.0K)->0.0B(105.0M) Survivors: 13312.0K->13312.0K Heap: 852.7M(2048.0M)->734.6M(2048.0M)]
 [Times: user=0.03 sys=0.01, real=0.01 secs] 
2021-01-22T00:59:06.542+0800: 39.578: [GC pause (G1 Evacuation Pause) (young), 0.0074954 secs]
   [Parallel Time: 5.7 ms, GC Workers: 8]
      [GC Worker Start (ms): Min: 39578.6, Avg: 39578.7, Max: 39578.9, Diff: 0.3]
      [Ext Root Scanning (ms): Min: 0.0, Avg: 0.1, Max: 0.2, Diff: 0.2, Sum: 0.8]
      [Update RS (ms): Min: 1.4, Avg: 1.5, Max: 1.5, Diff: 0.1, Sum: 12.0]
         [Processed Buffers: Min: 21, Avg: 22.9, Max: 25, Diff: 4, Sum: 183]
      [Scan RS (ms): Min: 0.0, Avg: 0.0, Max: 0.0, Diff: 0.0, Sum: 0.1]
      [Code Root Scanning (ms): Min: 0.0, Avg: 0.0, Max: 0.0, Diff: 0.0, Sum: 0.0]
      [Object Copy (ms): Min: 3.5, Avg: 3.6, Max: 3.6, Diff: 0.1, Sum: 28.5]
      [Termination (ms): Min: 0.0, Avg: 0.0, Max: 0.1, Diff: 0.1, Sum: 0.4]
         [Termination Attempts: Min: 1, Avg: 1.0, Max: 1, Diff: 0, Sum: 8]
      [GC Worker Other (ms): Min: 0.0, Avg: 0.0, Max: 0.0, Diff: 0.0, Sum: 0.1]
      [GC Worker Total (ms): Min: 5.1, Avg: 5.2, Max: 5.4, Diff: 0.3, Sum: 41.8]
      [GC Worker End (ms): Min: 39583.9, Avg: 39583.9, Max: 39584.0, Diff: 0.0]
   [Code Root Fixup: 0.0 ms]
   [Code Root Purge: 0.0 ms]
   [Clear CT: 0.5 ms]
   [Other: 1.3 ms]
      [Choose CSet: 0.0 ms]
      [Ref Proc: 0.4 ms]
      [Ref Enq: 0.0 ms]
      [Redirty Cards: 0.4 ms]
      [Humongous Register: 0.1 ms]
      [Humongous Reclaim: 0.1 ms]
      [Free CSet: 0.1 ms]
   [Eden: 105.0M(105.0M)->0.0B(136.0M) Survivors: 13312.0K->15360.0K Heap: 861.3M(2048.0M)->763.2M(2048.0M)]
 [Times: user=0.04 sys=0.02, real=0.01 secs] 
2021-01-22T00:59:06.570+0800: 39.606: [GC pause (G1 Evacuation Pause) (young), 0.0120783 secs]
   [Parallel Time: 8.8 ms, GC Workers: 8]
      [GC Worker Start (ms): Min: 39606.2, Avg: 39606.4, Max: 39606.5, Diff: 0.3]
      [Ext Root Scanning (ms): Min: 0.0, Avg: 0.1, Max: 0.2, Diff: 0.2, Sum: 0.6]
      [Update RS (ms): Min: 2.9, Avg: 3.0, Max: 3.0, Diff: 0.1, Sum: 23.9]
         [Processed Buffers: Min: 44, Avg: 46.0, Max: 48, Diff: 4, Sum: 368]
      [Scan RS (ms): Min: 0.0, Avg: 0.0, Max: 0.0, Diff: 0.0, Sum: 0.1]
      [Code Root Scanning (ms): Min: 0.0, Avg: 0.0, Max: 0.0, Diff: 0.0, Sum: 0.0]
      [Object Copy (ms): Min: 4.6, Avg: 4.7, Max: 4.8, Diff: 0.2, Sum: 37.3]
      [Termination (ms): Min: 0.0, Avg: 0.2, Max: 0.3, Diff: 0.3, Sum: 1.6]
         [Termination Attempts: Min: 1, Avg: 1.0, Max: 1, Diff: 0, Sum: 8]
      [GC Worker Other (ms): Min: 0.0, Avg: 0.0, Max: 0.0, Diff: 0.0, Sum: 0.1]
      [GC Worker Total (ms): Min: 7.8, Avg: 7.9, Max: 8.1, Diff: 0.3, Sum: 63.5]
      [GC Worker End (ms): Min: 39614.3, Avg: 39614.3, Max: 39614.3, Diff: 0.1]
   [Code Root Fixup: 0.0 ms]
   [Code Root Purge: 0.0 ms]
   [Clear CT: 1.0 ms]
   [Other: 2.3 ms]
      [Choose CSet: 0.0 ms]
      [Ref Proc: 0.9 ms]
      [Ref Enq: 0.0 ms]
      [Redirty Cards: 0.9 ms]
      [Humongous Register: 0.1 ms]
      [Humongous Reclaim: 0.1 ms]
      [Free CSet: 0.1 ms]
   [Eden: 136.0M(136.0M)->0.0B(174.0M) Survivors: 15360.0K->19456.0K Heap: 944.1M(2048.0M)->808.7M(2048.0M)]
 [Times: user=0.07 sys=0.00, real=0.01 secs] 
2021-01-22T00:59:06.604+0800: 39.640: [GC pause (G1 Humongous Allocation) (young) (initial-mark), 0.0123710 secs]
   [Parallel Time: 9.1 ms, GC Workers: 8]
      [GC Worker Start (ms): Min: 39640.3, Avg: 39640.5, Max: 39640.7, Diff: 0.5]
      [Ext Root Scanning (ms): Min: 0.0, Avg: 0.4, Max: 0.6, Diff: 0.5, Sum: 3.4]
      [Update RS (ms): Min: 2.6, Avg: 2.7, Max: 2.8, Diff: 0.3, Sum: 21.4]
         [Processed Buffers: Min: 39, Avg: 41.4, Max: 44, Diff: 5, Sum: 331]
      [Scan RS (ms): Min: 0.0, Avg: 0.0, Max: 0.0, Diff: 0.0, Sum: 0.1]
      [Code Root Scanning (ms): Min: 0.0, Avg: 0.0, Max: 0.0, Diff: 0.0, Sum: 0.0]
      [Object Copy (ms): Min: 5.1, Avg: 5.1, Max: 5.2, Diff: 0.1, Sum: 40.9]
      [Termination (ms): Min: 0.0, Avg: 0.1, Max: 0.1, Diff: 0.1, Sum: 0.5]
         [Termination Attempts: Min: 1, Avg: 1.0, Max: 1, Diff: 0, Sum: 8]
      [GC Worker Other (ms): Min: 0.0, Avg: 0.0, Max: 0.0, Diff: 0.0, Sum: 0.1]
      [GC Worker Total (ms): Min: 8.1, Avg: 8.3, Max: 8.5, Diff: 0.5, Sum: 66.4]
      [GC Worker End (ms): Min: 39648.8, Avg: 39648.8, Max: 39648.8, Diff: 0.0]
   [Code Root Fixup: 0.0 ms]
   [Code Root Purge: 0.0 ms]
   [Clear CT: 0.9 ms]
   [Other: 2.4 ms]
      [Choose CSet: 0.0 ms]
      [Ref Proc: 0.9 ms]
      [Ref Enq: 0.0 ms]
      [Redirty Cards: 1.0 ms]
      [Humongous Register: 0.1 ms]
      [Humongous Reclaim: 0.1 ms]
      [Free CSet: 0.1 ms]
   [Eden: 146.0M(174.0M)->0.0B(218.0M) Survivors: 19456.0K->25600.0K Heap: 994.4M(2048.0M)->852.3M(2048.0M)]
 [Times: user=0.07 sys=0.00, real=0.01 secs] 
2021-01-22T00:59:06.617+0800: 39.653: [GC concurrent-root-region-scan-start]
2021-01-22T00:59:06.618+0800: 39.653: [GC concurrent-root-region-scan-end, 0.0002763 secs]
2021-01-22T00:59:06.618+0800: 39.653: [GC concurrent-mark-start]
2021-01-22T00:59:06.621+0800: 39.656: [GC concurrent-mark-end, 0.0029794 secs]
2021-01-22T00:59:06.621+0800: 39.657: [GC remark 2021-01-22T00:59:06.621+0800: 39.657: [Finalize Marking, 0.0011221 secs] 2021-01-22T00:59:06.623+0800: 39.659: [GC ref-proc, 0.0006479 secs] 2021-01-22T00:59:06.624+0800: 39.660: [Unloading, 0.0015067 secs], 0.0058411 secs]
 [Times: user=0.02 sys=0.01, real=0.00 secs] 
2021-01-22T00:59:06.628+0800: 39.664: [GC cleanup 882M->723M(2048M), 0.0033150 secs]
 [Times: user=0.00 sys=0.00, real=0.01 secs] 
2021-01-22T00:59:06.632+0800: 39.667: [GC concurrent-cleanup-start]
2021-01-22T00:59:06.632+0800: 39.668: [GC concurrent-cleanup-end, 0.0000906 secs]
2021-01-22T00:59:06.660+0800: 39.696: [GC pause (G1 Evacuation Pause) (young), 0.0149693 secs]
   [Parallel Time: 11.6 ms, GC Workers: 8]
      [GC Worker Start (ms): Min: 39696.3, Avg: 39696.5, Max: 39696.6, Diff: 0.3]
      [Ext Root Scanning (ms): Min: 0.0, Avg: 0.1, Max: 0.2, Diff: 0.2, Sum: 0.6]
      [Update RS (ms): Min: 4.1, Avg: 4.1, Max: 4.2, Diff: 0.1, Sum: 33.1]
         [Processed Buffers: Min: 61, Avg: 63.4, Max: 65, Diff: 4, Sum: 507]
      [Scan RS (ms): Min: 0.0, Avg: 0.0, Max: 0.0, Diff: 0.0, Sum: 0.2]
      [Code Root Scanning (ms): Min: 0.0, Avg: 0.0, Max: 0.0, Diff: 0.0, Sum: 0.0]
      [Object Copy (ms): Min: 6.7, Avg: 6.8, Max: 6.8, Diff: 0.1, Sum: 54.2]
      [Termination (ms): Min: 0.0, Avg: 0.1, Max: 0.1, Diff: 0.1, Sum: 0.4]
         [Termination Attempts: Min: 1, Avg: 1.0, Max: 1, Diff: 0, Sum: 8]
      [GC Worker Other (ms): Min: 0.0, Avg: 0.0, Max: 0.0, Diff: 0.0, Sum: 0.1]
      [GC Worker Total (ms): Min: 10.9, Avg: 11.1, Max: 11.2, Diff: 0.3, Sum: 88.5]
      [GC Worker End (ms): Min: 39707.5, Avg: 39707.5, Max: 39707.5, Diff: 0.0]
   [Code Root Fixup: 0.0 ms]
   [Code Root Purge: 0.0 ms]
   [Clear CT: 1.2 ms]
   [Other: 2.1 ms]
      [Choose CSet: 0.0 ms]
      [Ref Proc: 0.6 ms]
      [Ref Enq: 0.0 ms]
      [Redirty Cards: 1.0 ms]
      [Humongous Register: 0.1 ms]
      [Humongous Reclaim: 0.1 ms]
      [Free CSet: 0.1 ms]
   [Eden: 218.0M(218.0M)->0.0B(72704.0K) Survivors: 25600.0K->31744.0K Heap: 973.4M(2048.0M)->739.8M(2048.0M)]
 [Times: user=0.09 sys=0.00, real=0.01 secs] 
2021-01-22T00:59:06.686+0800: 39.722: [GC pause (G1 Evacuation Pause) (mixed), 0.0117510 secs]
   [Parallel Time: 8.3 ms, GC Workers: 8]
      [GC Worker Start (ms): Min: 39722.1, Avg: 39722.2, Max: 39722.4, Diff: 0.3]
      [Ext Root Scanning (ms): Min: 0.0, Avg: 0.1, Max: 0.3, Diff: 0.3, Sum: 0.7]
      [Update RS (ms): Min: 1.4, Avg: 1.5, Max: 1.5, Diff: 0.1, Sum: 11.8]
         [Processed Buffers: Min: 21, Avg: 22.4, Max: 23, Diff: 2, Sum: 179]
      [Scan RS (ms): Min: 0.1, Avg: 0.1, Max: 0.1, Diff: 0.1, Sum: 0.7]
      [Code Root Scanning (ms): Min: 0.0, Avg: 0.0, Max: 0.0, Diff: 0.0, Sum: 0.1]
      [Object Copy (ms): Min: 6.0, Avg: 6.0, Max: 6.1, Diff: 0.1, Sum: 48.2]
      [Termination (ms): Min: 0.0, Avg: 0.1, Max: 0.1, Diff: 0.1, Sum: 0.8]
         [Termination Attempts: Min: 1, Avg: 1.2, Max: 3, Diff: 2, Sum: 10]
      [GC Worker Other (ms): Min: 0.0, Avg: 0.0, Max: 0.0, Diff: 0.0, Sum: 0.0]
      [GC Worker Total (ms): Min: 7.6, Avg: 7.8, Max: 8.0, Diff: 0.3, Sum: 62.2]
      [GC Worker End (ms): Min: 39730.0, Avg: 39730.0, Max: 39730.0, Diff: 0.0]
   [Code Root Fixup: 0.0 ms]
   [Code Root Purge: 0.0 ms]
   [Clear CT: 0.8 ms]
   [Other: 2.7 ms]
      [Choose CSet: 0.2 ms]
      [Ref Proc: 0.6 ms]
      [Ref Enq: 0.0 ms]
      [Redirty Cards: 1.2 ms]
      [Humongous Register: 0.2 ms]
      [Humongous Reclaim: 0.1 ms]
      [Free CSet: 0.2 ms]
   [Eden: 72704.0K(72704.0K)->0.0B(91136.0K) Survivors: 31744.0K->13312.0K Heap: 832.0M(2048.0M)->581.3M(2048.0M)]
 [Times: user=0.07 sys=0.00, real=0.01 secs] 
2021-01-22T00:59:06.709+0800: 39.745: [GC pause (G1 Evacuation Pause) (mixed), 0.0106819 secs]
   [Parallel Time: 7.6 ms, GC Workers: 8]
      [GC Worker Start (ms): Min: 39745.4, Avg: 39745.6, Max: 39745.7, Diff: 0.3]
      [Ext Root Scanning (ms): Min: 0.0, Avg: 0.1, Max: 0.2, Diff: 0.2, Sum: 0.6]
      [Update RS (ms): Min: 1.7, Avg: 1.8, Max: 1.8, Diff: 0.1, Sum: 14.1]
         [Processed Buffers: Min: 26, Avg: 26.8, Max: 28, Diff: 2, Sum: 214]
      [Scan RS (ms): Min: 0.0, Avg: 0.0, Max: 0.1, Diff: 0.1, Sum: 0.4]
      [Code Root Scanning (ms): Min: 0.0, Avg: 0.0, Max: 0.0, Diff: 0.0, Sum: 0.0]
      [Object Copy (ms): Min: 4.4, Avg: 4.5, Max: 5.0, Diff: 0.6, Sum: 36.0]
      [Termination (ms): Min: 0.0, Avg: 0.5, Max: 0.6, Diff: 0.6, Sum: 3.9]
         [Termination Attempts: Min: 1, Avg: 1.0, Max: 1, Diff: 0, Sum: 8]
      [GC Worker Other (ms): Min: 0.0, Avg: 0.0, Max: 0.0, Diff: 0.0, Sum: 0.0]
      [GC Worker Total (ms): Min: 6.7, Avg: 6.9, Max: 7.1, Diff: 0.3, Sum: 55.0]
      [GC Worker End (ms): Min: 39752.4, Avg: 39752.4, Max: 39752.5, Diff: 0.0]
   [Code Root Fixup: 0.0 ms]
   [Code Root Purge: 0.0 ms]
   [Clear CT: 1.3 ms]
   [Other: 1.8 ms]
      [Choose CSet: 0.1 ms]
      [Ref Proc: 0.4 ms]
      [Ref Enq: 0.0 ms]
      [Redirty Cards: 0.9 ms]
      [Humongous Register: 0.1 ms]
      [Humongous Reclaim: 0.1 ms]
      [Free CSet: 0.1 ms]
   [Eden: 91136.0K(91136.0K)->0.0B(538.0M) Survivors: 13312.0K->13312.0K Heap: 695.8M(2048.0M)->568.2M(2048.0M)]
 [Times: user=0.06 sys=0.01, real=0.01 secs] 
2021-01-22T00:59:06.798+0800: 39.834: [GC pause (G1 Evacuation Pause) (young), 0.0251989 secs]
   [Parallel Time: 21.2 ms, GC Workers: 8]
      [GC Worker Start (ms): Min: 39834.1, Avg: 39834.3, Max: 39834.5, Diff: 0.3]
      [Ext Root Scanning (ms): Min: 0.0, Avg: 0.1, Max: 0.2, Diff: 0.2, Sum: 0.5]
      [Update RS (ms): Min: 8.7, Avg: 8.8, Max: 8.9, Diff: 0.2, Sum: 70.6]
         [Processed Buffers: Min: 131, Avg: 133.9, Max: 137, Diff: 6, Sum: 1071]
      [Scan RS (ms): Min: 0.0, Avg: 0.1, Max: 0.1, Diff: 0.0, Sum: 0.5]
      [Code Root Scanning (ms): Min: 0.0, Avg: 0.0, Max: 0.0, Diff: 0.0, Sum: 0.0]
      [Object Copy (ms): Min: 11.2, Avg: 11.2, Max: 11.3, Diff: 0.1, Sum: 89.9]
      [Termination (ms): Min: 0.0, Avg: 0.0, Max: 0.1, Diff: 0.1, Sum: 0.3]
         [Termination Attempts: Min: 1, Avg: 1.0, Max: 1, Diff: 0, Sum: 8]
      [GC Worker Other (ms): Min: 0.0, Avg: 0.0, Max: 0.0, Diff: 0.0, Sum: 0.1]
      [GC Worker Total (ms): Min: 20.1, Avg: 20.2, Max: 20.5, Diff: 0.3, Sum: 162.0]
      [GC Worker End (ms): Min: 39854.6, Avg: 39854.6, Max: 39854.6, Diff: 0.0]
   [Code Root Fixup: 0.0 ms]
   [Code Root Purge: 0.0 ms]
   [Clear CT: 1.1 ms]
   [Other: 2.9 ms]
      [Choose CSet: 0.0 ms]
      [Ref Proc: 1.0 ms]
      [Ref Enq: 0.0 ms]
      [Redirty Cards: 1.2 ms]
      [Humongous Register: 0.1 ms]
      [Humongous Reclaim: 0.2 ms]
      [Free CSet: 0.2 ms]
   [Eden: 538.0M(538.0M)->0.0B(314.0M) Survivors: 13312.0K->70656.0K Heap: 1238.9M(2048.0M)->698.7M(2048.0M)]
 [Times: user=0.17 sys=0.00, real=0.03 secs] 
2021-01-22T00:59:06.868+0800: 39.904: [GC pause (G1 Evacuation Pause) (young), 0.0208184 secs]
   [Parallel Time: 17.7 ms, GC Workers: 8]
      [GC Worker Start (ms): Min: 39904.5, Avg: 39904.7, Max: 39904.8, Diff: 0.4]
      [Ext Root Scanning (ms): Min: 0.0, Avg: 0.0, Max: 0.2, Diff: 0.2, Sum: 0.4]
      [Update RS (ms): Min: 5.3, Avg: 5.4, Max: 5.5, Diff: 0.2, Sum: 43.1]
         [Processed Buffers: Min: 81, Avg: 83.2, Max: 87, Diff: 6, Sum: 666]
      [Scan RS (ms): Min: 0.0, Avg: 0.1, Max: 0.1, Diff: 0.1, Sum: 0.5]
      [Code Root Scanning (ms): Min: 0.0, Avg: 0.0, Max: 0.0, Diff: 0.0, Sum: 0.0]
      [Object Copy (ms): Min: 11.3, Avg: 11.3, Max: 11.4, Diff: 0.1, Sum: 90.6]
      [Termination (ms): Min: 0.0, Avg: 0.0, Max: 0.1, Diff: 0.1, Sum: 0.3]
         [Termination Attempts: Min: 1, Avg: 1.0, Max: 1, Diff: 0, Sum: 8]
      [GC Worker Other (ms): Min: 0.0, Avg: 0.0, Max: 0.0, Diff: 0.0, Sum: 0.1]
      [GC Worker Total (ms): Min: 16.7, Avg: 16.9, Max: 17.1, Diff: 0.4, Sum: 135.0]
      [GC Worker End (ms): Min: 39921.6, Avg: 39921.6, Max: 39921.6, Diff: 0.0]
   [Code Root Fixup: 0.0 ms]
   [Code Root Purge: 0.0 ms]
   [Clear CT: 0.9 ms]
   [Other: 2.3 ms]
      [Choose CSet: 0.0 ms]
      [Ref Proc: 0.7 ms]
      [Ref Enq: 0.0 ms]
      [Redirty Cards: 1.0 ms]
      [Humongous Register: 0.1 ms]
      [Humongous Reclaim: 0.1 ms]
      [Free CSet: 0.1 ms]
   [Eden: 314.0M(314.0M)->0.0B(435.0M) Survivors: 70656.0K->49152.0K Heap: 1094.7M(2048.0M)->765.2M(2048.0M)]
 [Times: user=0.13 sys=0.01, real=0.02 secs] 
2021-01-22T00:59:06.938+0800: 39.973: [GC pause (G1 Humongous Allocation) (young) (initial-mark), 0.0209918 secs]
   [Parallel Time: 16.8 ms, GC Workers: 8]
      [GC Worker Start (ms): Min: 39973.8, Avg: 39974.0, Max: 39974.3, Diff: 0.4]
      [Ext Root Scanning (ms): Min: 0.0, Avg: 0.4, Max: 0.6, Diff: 0.5, Sum: 3.5]
      [Update RS (ms): Min: 5.8, Avg: 5.9, Max: 6.1, Diff: 0.3, Sum: 47.1]
         [Processed Buffers: Min: 85, Avg: 89.9, Max: 96, Diff: 11, Sum: 719]
      [Scan RS (ms): Min: 0.0, Avg: 0.0, Max: 0.1, Diff: 0.0, Sum: 0.3]
      [Code Root Scanning (ms): Min: 0.0, Avg: 0.0, Max: 0.0, Diff: 0.0, Sum: 0.0]
      [Object Copy (ms): Min: 9.7, Avg: 9.7, Max: 9.8, Diff: 0.2, Sum: 77.8]
      [Termination (ms): Min: 0.0, Avg: 0.1, Max: 0.2, Diff: 0.2, Sum: 0.9]
         [Termination Attempts: Min: 1, Avg: 1.1, Max: 2, Diff: 1, Sum: 9]
      [GC Worker Other (ms): Min: 0.0, Avg: 0.0, Max: 0.0, Diff: 0.0, Sum: 0.1]
      [GC Worker Total (ms): Min: 16.0, Avg: 16.2, Max: 16.4, Diff: 0.4, Sum: 129.7]
      [GC Worker End (ms): Min: 39990.2, Avg: 39990.2, Max: 39990.3, Diff: 0.0]
   [Code Root Fixup: 0.0 ms]
   [Code Root Purge: 0.0 ms]
   [Clear CT: 1.4 ms]
   [Other: 2.8 ms]
      [Choose CSet: 0.0 ms]
      [Ref Proc: 0.9 ms]
      [Ref Enq: 0.0 ms]
      [Redirty Cards: 1.2 ms]
      [Humongous Register: 0.2 ms]
      [Humongous Reclaim: 0.1 ms]
      [Free CSet: 0.2 ms]
   [Eden: 325.0M(435.0M)->0.0B(510.0M) Survivors: 49152.0K->62464.0K Heap: 1178.7M(2048.0M)->842.9M(2048.0M)]
 [Times: user=0.12 sys=0.02, real=0.03 secs] 
2021-01-22T00:59:06.959+0800: 39.995: [GC concurrent-root-region-scan-start]
2021-01-22T00:59:06.960+0800: 39.996: [GC concurrent-root-region-scan-end, 0.0004251 secs]
2021-01-22T00:59:06.960+0800: 39.996: [GC concurrent-mark-start]
2021-01-22T00:59:06.963+0800: 39.999: [GC concurrent-mark-end, 0.0027585 secs]
2021-01-22T00:59:06.963+0800: 39.999: [GC remark 2021-01-22T00:59:06.963+0800: 39.999: [Finalize Marking, 0.0012281 secs] 2021-01-22T00:59:06.965+0800: 40.001: [GC ref-proc, 0.0005146 secs] 2021-01-22T00:59:06.966+0800: 40.002: [Unloading, 0.0012886 secs], 0.0059975 secs]
 [Times: user=0.01 sys=0.00, real=0.01 secs] 
2021-01-22T00:59:06.970+0800: 40.006: [GC cleanup 870M->707M(2048M), 0.0040486 secs]
 [Times: user=0.01 sys=0.00, real=0.00 secs] 
2021-01-22T00:59:06.975+0800: 40.011: [GC concurrent-cleanup-start]
2021-01-22T00:59:06.975+0800: 40.011: [GC concurrent-cleanup-end, 0.0001175 secs]
2021-01-22T00:59:07.041+0800: 40.077: [GC pause (G1 Evacuation Pause) (young), 0.0252741 secs]
   [Parallel Time: 22.0 ms, GC Workers: 8]
      [GC Worker Start (ms): Min: 40077.6, Avg: 40077.9, Max: 40078.0, Diff: 0.4]
      [Ext Root Scanning (ms): Min: 0.0, Avg: 0.1, Max: 0.3, Diff: 0.3, Sum: 0.5]
      [Update RS (ms): Min: 8.2, Avg: 8.3, Max: 8.4, Diff: 0.2, Sum: 66.6]
         [Processed Buffers: Min: 118, Avg: 124.5, Max: 130, Diff: 12, Sum: 996]
      [Scan RS (ms): Min: 0.0, Avg: 0.1, Max: 0.1, Diff: 0.0, Sum: 0.6]
      [Code Root Scanning (ms): Min: 0.0, Avg: 0.0, Max: 0.0, Diff: 0.0, Sum: 0.0]
      [Object Copy (ms): Min: 12.5, Avg: 12.5, Max: 12.6, Diff: 0.1, Sum: 100.2]
      [Termination (ms): Min: 0.0, Avg: 0.1, Max: 0.1, Diff: 0.1, Sum: 0.5]
         [Termination Attempts: Min: 1, Avg: 1.0, Max: 1, Diff: 0, Sum: 8]
      [GC Worker Other (ms): Min: 0.0, Avg: 0.0, Max: 0.0, Diff: 0.0, Sum: 0.1]
      [GC Worker Total (ms): Min: 20.9, Avg: 21.1, Max: 21.3, Diff: 0.4, Sum: 168.5]
      [GC Worker End (ms): Min: 40098.9, Avg: 40099.0, Max: 40099.0, Diff: 0.1]
   [Code Root Fixup: 0.0 ms]
   [Code Root Purge: 0.0 ms]
   [Clear CT: 0.9 ms]
   [Other: 2.4 ms]
      [Choose CSet: 0.0 ms]
      [Ref Proc: 0.7 ms]
      [Ref Enq: 0.0 ms]
      [Redirty Cards: 1.0 ms]
      [Humongous Register: 0.2 ms]
      [Humongous Reclaim: 0.2 ms]
      [Free CSet: 0.2 ms]
   [Eden: 510.0M(510.0M)->0.0B(30720.0K) Survivors: 62464.0K->73728.0K Heap: 1313.2M(2048.0M)->761.8M(2048.0M)]
 [Times: user=0.18 sys=0.00, real=0.02 secs] 
2021-01-22T00:59:07.072+0800: 40.108: [GC pause (G1 Evacuation Pause) (mixed), 0.0125071 secs]
   [Parallel Time: 9.5 ms, GC Workers: 8]
      [GC Worker Start (ms): Min: 40108.4, Avg: 40108.6, Max: 40108.7, Diff: 0.3]
      [Ext Root Scanning (ms): Min: 0.0, Avg: 0.1, Max: 0.2, Diff: 0.2, Sum: 0.5]
      [Update RS (ms): Min: 0.5, Avg: 0.6, Max: 0.7, Diff: 0.1, Sum: 4.9]
         [Processed Buffers: Min: 8, Avg: 9.5, Max: 10, Diff: 2, Sum: 76]
      [Scan RS (ms): Min: 0.1, Avg: 0.1, Max: 0.1, Diff: 0.0, Sum: 0.6]
      [Code Root Scanning (ms): Min: 0.0, Avg: 0.0, Max: 0.0, Diff: 0.0, Sum: 0.0]
      [Object Copy (ms): Min: 8.0, Avg: 8.1, Max: 8.1, Diff: 0.1, Sum: 64.5]
      [Termination (ms): Min: 0.0, Avg: 0.1, Max: 0.1, Diff: 0.1, Sum: 0.5]
         [Termination Attempts: Min: 1, Avg: 1.0, Max: 1, Diff: 0, Sum: 8]
      [GC Worker Other (ms): Min: 0.0, Avg: 0.0, Max: 0.0, Diff: 0.0, Sum: 0.0]
      [GC Worker Total (ms): Min: 8.7, Avg: 8.9, Max: 9.1, Diff: 0.3, Sum: 71.1]
      [GC Worker End (ms): Min: 40117.5, Avg: 40117.5, Max: 40117.5, Diff: 0.0]
   [Code Root Fixup: 0.0 ms]
   [Code Root Purge: 0.0 ms]
   [Clear CT: 0.9 ms]
   [Other: 2.1 ms]
      [Choose CSet: 0.1 ms]
      [Ref Proc: 0.6 ms]
      [Ref Enq: 0.0 ms]
      [Redirty Cards: 1.0 ms]
      [Humongous Register: 0.1 ms]
      [Humongous Reclaim: 0.1 ms]
      [Free CSet: 0.2 ms]
   [Eden: 30720.0K(30720.0K)->0.0B(94208.0K) Survivors: 73728.0K->10240.0K Heap: 800.2M(2048.0M)->581.0M(2048.0M)]
 [Times: user=0.08 sys=0.00, real=0.01 secs] 
2021-01-22T00:59:07.098+0800: 40.134: [GC pause (G1 Evacuation Pause) (mixed), 0.0089501 secs]
   [Parallel Time: 5.8 ms, GC Workers: 8]
      [GC Worker Start (ms): Min: 40134.3, Avg: 40134.5, Max: 40134.6, Diff: 0.3]
      [Ext Root Scanning (ms): Min: 0.0, Avg: 0.1, Max: 0.2, Diff: 0.2, Sum: 0.4]
      [Update RS (ms): Min: 1.6, Avg: 1.6, Max: 1.7, Diff: 0.1, Sum: 13.0]
         [Processed Buffers: Min: 23, Avg: 24.5, Max: 26, Diff: 3, Sum: 196]
      [Scan RS (ms): Min: 0.0, Avg: 0.0, Max: 0.0, Diff: 0.0, Sum: 0.2]
      [Code Root Scanning (ms): Min: 0.0, Avg: 0.0, Max: 0.0, Diff: 0.0, Sum: 0.0]
      [Object Copy (ms): Min: 3.2, Avg: 3.2, Max: 3.3, Diff: 0.1, Sum: 25.9]
      [Termination (ms): Min: 0.0, Avg: 0.0, Max: 0.1, Diff: 0.1, Sum: 0.3]
         [Termination Attempts: Min: 1, Avg: 1.0, Max: 1, Diff: 0, Sum: 8]
      [GC Worker Other (ms): Min: 0.0, Avg: 0.0, Max: 0.1, Diff: 0.1, Sum: 0.1]
      [GC Worker Total (ms): Min: 4.9, Avg: 5.0, Max: 5.2, Diff: 0.3, Sum: 40.0]
      [GC Worker End (ms): Min: 40139.5, Avg: 40139.5, Max: 40139.5, Diff: 0.1]
   [Code Root Fixup: 0.0 ms]
   [Code Root Purge: 0.0 ms]
   [Clear CT: 1.0 ms]
   [Other: 2.2 ms]
      [Choose CSet: 0.0 ms]
      [Ref Proc: 0.8 ms]
      [Ref Enq: 0.0 ms]
      [Redirty Cards: 0.9 ms]
      [Humongous Register: 0.2 ms]
      [Humongous Reclaim: 0.1 ms]
      [Free CSet: 0.1 ms]
   [Eden: 94208.0K(94208.0K)->0.0B(917.0M) Survivors: 10240.0K->13312.0K Heap: 696.3M(2048.0M)->596.7M(2048.0M)]
 [Times: user=0.05 sys=0.00, real=0.01 secs] 
2021-01-22T00:59:07.198+0800: 40.234: [GC pause (G1 Humongous Allocation) (young) (initial-mark), 0.0315695 secs]
   [Parallel Time: 26.2 ms, GC Workers: 8]
      [GC Worker Start (ms): Min: 40234.2, Avg: 40234.4, Max: 40234.6, Diff: 0.4]
      [Ext Root Scanning (ms): Min: 0.0, Avg: 0.4, Max: 0.7, Diff: 0.6, Sum: 3.1]
      [Update RS (ms): Min: 11.7, Avg: 11.8, Max: 11.9, Diff: 0.2, Sum: 94.4]
         [Processed Buffers: Min: 174, Avg: 176.9, Max: 180, Diff: 6, Sum: 1415]
      [Scan RS (ms): Min: 0.1, Avg: 0.1, Max: 0.1, Diff: 0.0, Sum: 0.7]
      [Code Root Scanning (ms): Min: 0.0, Avg: 0.0, Max: 0.0, Diff: 0.0, Sum: 0.0]
      [Object Copy (ms): Min: 12.8, Avg: 12.9, Max: 12.9, Diff: 0.1, Sum: 103.1]
      [Termination (ms): Min: 0.0, Avg: 0.0, Max: 0.1, Diff: 0.1, Sum: 0.3]
         [Termination Attempts: Min: 1, Avg: 1.0, Max: 1, Diff: 0, Sum: 8]
      [GC Worker Other (ms): Min: 0.0, Avg: 0.0, Max: 0.1, Diff: 0.1, Sum: 0.3]
      [GC Worker Total (ms): Min: 25.0, Avg: 25.2, Max: 25.4, Diff: 0.5, Sum: 202.0]
      [GC Worker End (ms): Min: 40259.6, Avg: 40259.6, Max: 40259.7, Diff: 0.1]
   [Code Root Fixup: 0.0 ms]
   [Code Root Purge: 0.0 ms]
   [Clear CT: 1.4 ms]
   [Other: 4.0 ms]
      [Choose CSet: 0.0 ms]
      [Ref Proc: 1.0 ms]
      [Ref Enq: 0.0 ms]
      [Redirty Cards: 1.6 ms]
      [Humongous Register: 0.2 ms]
      [Humongous Reclaim: 0.4 ms]
      [Free CSet: 0.4 ms]
   [Eden: 667.0M(917.0M)->0.0B(810.0M) Survivors: 13312.0K->117.0M Heap: 1438.6M(2048.0M)->741.2M(2048.0M)]
 [Times: user=0.20 sys=0.01, real=0.04 secs] 
2021-01-22T00:59:07.230+0800: 40.266: [GC concurrent-root-region-scan-start]
2021-01-22T00:59:07.230+0800: 40.266: [GC concurrent-root-region-scan-end, 0.0002949 secs]
2021-01-22T00:59:07.230+0800: 40.266: [GC concurrent-mark-start]
2021-01-22T00:59:07.233+0800: 40.269: [GC concurrent-mark-end, 0.0023292 secs]
2021-01-22T00:59:07.233+0800: 40.269: [GC remark 2021-01-22T00:59:07.233+0800: 40.269: [Finalize Marking, 0.0008544 secs] 2021-01-22T00:59:07.235+0800: 40.271: [GC ref-proc, 0.0005200 secs] 2021-01-22T00:59:07.235+0800: 40.271: [Unloading, 0.0013080 secs], 0.0050385 secs]
 [Times: user=0.01 sys=0.00, real=0.01 secs] 
2021-01-22T00:59:07.239+0800: 40.275: [GC cleanup 764M->638M(2048M), 0.0033467 secs]
 [Times: user=0.01 sys=0.00, real=0.00 secs] 
2021-01-22T00:59:07.243+0800: 40.279: [GC concurrent-cleanup-start]
2021-01-22T00:59:07.243+0800: 40.279: [GC concurrent-cleanup-end, 0.0000947 secs]
2021-01-22T00:59:07.358+0800: 40.394: [GC pause (G1 Evacuation Pause) (young) (to-space exhausted), 0.0385100 secs]
   [Parallel Time: 34.6 ms, GC Workers: 8]
      [GC Worker Start (ms): Min: 40393.9, Avg: 40394.1, Max: 40394.2, Diff: 0.4]
      [Ext Root Scanning (ms): Min: 0.0, Avg: 0.1, Max: 0.2, Diff: 0.2, Sum: 0.5]
      [Update RS (ms): Min: 14.5, Avg: 14.6, Max: 14.7, Diff: 0.1, Sum: 116.8]
         [Processed Buffers: Min: 215, Avg: 219.1, Max: 222, Diff: 7, Sum: 1753]
      [Scan RS (ms): Min: 0.1, Avg: 0.1, Max: 0.1, Diff: 0.0, Sum: 1.1]
      [Code Root Scanning (ms): Min: 0.0, Avg: 0.0, Max: 0.0, Diff: 0.0, Sum: 0.0]
      [Object Copy (ms): Min: 17.8, Avg: 18.0, Max: 19.1, Diff: 1.4, Sum: 143.7]
      [Termination (ms): Min: 0.0, Avg: 1.2, Max: 1.4, Diff: 1.4, Sum: 9.4]
         [Termination Attempts: Min: 1, Avg: 1.0, Max: 1, Diff: 0, Sum: 8]
      [GC Worker Other (ms): Min: 0.0, Avg: 0.1, Max: 0.2, Diff: 0.2, Sum: 0.5]
      [GC Worker Total (ms): Min: 33.8, Avg: 34.0, Max: 34.2, Diff: 0.5, Sum: 272.0]
      [GC Worker End (ms): Min: 40428.0, Avg: 40428.1, Max: 40428.2, Diff: 0.2]
   [Code Root Fixup: 0.0 ms]
   [Code Root Purge: 0.0 ms]
   [Clear CT: 0.8 ms]
   [Other: 3.2 ms]
      [Evacuation Failure: 0.6 ms]
      [Choose CSet: 0.0 ms]
      [Ref Proc: 0.8 ms]
      [Ref Enq: 0.0 ms]
      [Redirty Cards: 1.0 ms]
      [Humongous Register: 0.2 ms]
      [Humongous Reclaim: 0.3 ms]
      [Free CSet: 0.3 ms]
   [Eden: 810.0M(810.0M)->0.0B(8192.0K) Survivors: 117.0M->116.0M Heap: 1643.0M(2048.0M)->724.1M(2048.0M)]
 [Times: user=0.27 sys=0.01, real=0.04 secs] 
2021-01-22T00:59:07.399+0800: 40.435: [GC pause (G1 Evacuation Pause) (mixed), 0.0161218 secs]
   [Parallel Time: 13.1 ms, GC Workers: 8]
      [GC Worker Start (ms): Min: 40434.8, Avg: 40435.0, Max: 40435.1, Diff: 0.3]
      [Ext Root Scanning (ms): Min: 0.0, Avg: 0.1, Max: 0.2, Diff: 0.2, Sum: 0.6]
      [Update RS (ms): Min: 0.2, Avg: 0.4, Max: 1.7, Diff: 1.6, Sum: 3.3]
         [Processed Buffers: Min: 0, Avg: 3.8, Max: 6, Diff: 6, Sum: 30]
      [Scan RS (ms): Min: 0.1, Avg: 0.1, Max: 0.2, Diff: 0.1, Sum: 0.8]
      [Code Root Scanning (ms): Min: 0.0, Avg: 0.0, Max: 0.1, Diff: 0.1, Sum: 0.1]
      [Object Copy (ms): Min: 9.2, Avg: 10.7, Max: 11.8, Diff: 2.6, Sum: 85.4]
      [Termination (ms): Min: 0.0, Avg: 1.0, Max: 1.2, Diff: 1.2, Sum: 7.9]
         [Termination Attempts: Min: 1, Avg: 1.0, Max: 1, Diff: 0, Sum: 8]
      [GC Worker Other (ms): Min: 0.0, Avg: 0.0, Max: 0.0, Diff: 0.0, Sum: 0.1]
      [GC Worker Total (ms): Min: 12.1, Avg: 12.3, Max: 12.4, Diff: 0.3, Sum: 98.1]
      [GC Worker End (ms): Min: 40447.2, Avg: 40447.2, Max: 40447.3, Diff: 0.0]
   [Code Root Fixup: 0.0 ms]
   [Code Root Purge: 0.0 ms]
   [Clear CT: 1.1 ms]
   [Other: 2.0 ms]
      [Choose CSet: 0.1 ms]
      [Ref Proc: 0.4 ms]
      [Ref Enq: 0.0 ms]
      [Redirty Cards: 0.9 ms]
      [Humongous Register: 0.1 ms]
      [Humongous Reclaim: 0.0 ms]
      [Free CSet: 0.2 ms]
   [Eden: 8192.0K(8192.0K)->0.0B(962.0M) Survivors: 116.0M->2048.0K Heap: 733.9M(2048.0M)->570.1M(2048.0M)]
 [Times: user=0.11 sys=0.00, real=0.01 secs] 
2021-01-22T00:59:07.521+0800: 40.557: [GC pause (G1 Humongous Allocation) (young) (initial-mark), 0.0313918 secs]
   [Parallel Time: 27.1 ms, GC Workers: 8]
      [GC Worker Start (ms): Min: 40557.7, Avg: 40557.9, Max: 40558.1, Diff: 0.4]
      [Ext Root Scanning (ms): Min: 0.0, Avg: 0.4, Max: 0.6, Diff: 0.6, Sum: 3.4]
      [Update RS (ms): Min: 12.5, Avg: 12.7, Max: 12.8, Diff: 0.3, Sum: 101.2]
         [Processed Buffers: Min: 182, Avg: 190.2, Max: 196, Diff: 14, Sum: 1522]
      [Scan RS (ms): Min: 0.1, Avg: 0.1, Max: 0.1, Diff: 0.0, Sum: 0.7]
      [Code Root Scanning (ms): Min: 0.0, Avg: 0.0, Max: 0.0, Diff: 0.0, Sum: 0.0]
      [Object Copy (ms): Min: 13.2, Avg: 13.3, Max: 13.3, Diff: 0.0, Sum: 106.1]
      [Termination (ms): Min: 0.0, Avg: 0.0, Max: 0.1, Diff: 0.1, Sum: 0.2]
         [Termination Attempts: Min: 1, Avg: 1.5, Max: 3, Diff: 2, Sum: 12]
      [GC Worker Other (ms): Min: 0.0, Avg: 0.1, Max: 0.3, Diff: 0.3, Sum: 1.1]
      [GC Worker Total (ms): Min: 26.3, Avg: 26.6, Max: 26.8, Diff: 0.5, Sum: 212.8]
      [GC Worker End (ms): Min: 40584.4, Avg: 40584.5, Max: 40584.7, Diff: 0.3]
   [Code Root Fixup: 0.0 ms]
   [Code Root Purge: 0.0 ms]
   [Clear CT: 1.1 ms]
   [Other: 3.1 ms]
      [Choose CSet: 0.0 ms]
      [Ref Proc: 0.9 ms]
      [Ref Enq: 0.0 ms]
      [Redirty Cards: 1.2 ms]
      [Humongous Register: 0.1 ms]
      [Humongous Reclaim: 0.3 ms]
      [Free CSet: 0.4 ms]
   [Eden: 718.0M(962.0M)->0.0B(826.0M) Survivors: 2048.0K->121.0M Heap: 1476.5M(2048.0M)->737.5M(2048.0M)]
 [Times: user=0.22 sys=0.00, real=0.03 secs] 
2021-01-22T00:59:07.554+0800: 40.590: [GC concurrent-root-region-scan-start]
2021-01-22T00:59:07.554+0800: 40.590: [GC concurrent-root-region-scan-end, 0.0003699 secs]
2021-01-22T00:59:07.554+0800: 40.590: [GC concurrent-mark-start]
2021-01-22T00:59:07.557+0800: 40.592: [GC concurrent-mark-end, 0.0024102 secs]
2021-01-22T00:59:07.557+0800: 40.593: [GC remark 2021-01-22T00:59:07.557+0800: 40.593: [Finalize Marking, 0.0010396 secs] 2021-01-22T00:59:07.558+0800: 40.594: [GC ref-proc, 0.0004909 secs] 2021-01-22T00:59:07.559+0800: 40.595: [Unloading, 0.0012503 secs], 0.0052541 secs]
 [Times: user=0.01 sys=0.01, real=0.01 secs] 
2021-01-22T00:59:07.563+0800: 40.599: [GC cleanup 760M->630M(2048M), 0.0030285 secs]
 [Times: user=0.00 sys=0.00, real=0.00 secs] 
2021-01-22T00:59:07.566+0800: 40.602: [GC concurrent-cleanup-start]
2021-01-22T00:59:07.567+0800: 40.602: [GC concurrent-cleanup-end, 0.0000766 secs]
2021-01-22T00:59:07.682+0800: 40.718: [GC pause (G1 Evacuation Pause) (young) (to-space exhausted), 0.0391060 secs]
   [Parallel Time: 33.2 ms, GC Workers: 8]
      [GC Worker Start (ms): Min: 40718.5, Avg: 40718.7, Max: 40718.8, Diff: 0.3]
      [Ext Root Scanning (ms): Min: 0.0, Avg: 0.1, Max: 0.2, Diff: 0.2, Sum: 0.5]
      [Update RS (ms): Min: 14.5, Avg: 14.6, Max: 14.7, Diff: 0.1, Sum: 116.8]
         [Processed Buffers: Min: 215, Avg: 220.1, Max: 225, Diff: 10, Sum: 1761]
      [Scan RS (ms): Min: 0.1, Avg: 0.1, Max: 0.2, Diff: 0.0, Sum: 1.0]
      [Code Root Scanning (ms): Min: 0.0, Avg: 0.0, Max: 0.0, Diff: 0.0, Sum: 0.0]
      [Object Copy (ms): Min: 17.2, Avg: 17.4, Max: 17.5, Diff: 0.3, Sum: 138.8]
      [Termination (ms): Min: 0.0, Avg: 0.1, Max: 0.3, Diff: 0.3, Sum: 1.0]
         [Termination Attempts: Min: 1, Avg: 1.0, Max: 1, Diff: 0, Sum: 8]
      [GC Worker Other (ms): Min: 0.0, Avg: 0.0, Max: 0.1, Diff: 0.1, Sum: 0.3]
      [GC Worker Total (ms): Min: 32.2, Avg: 32.3, Max: 32.5, Diff: 0.3, Sum: 258.6]
      [GC Worker End (ms): Min: 40750.9, Avg: 40751.0, Max: 40751.1, Diff: 0.1]
   [Code Root Fixup: 0.0 ms]
   [Code Root Purge: 0.0 ms]
   [Clear CT: 1.0 ms]
   [Other: 4.9 ms]
      [Evacuation Failure: 1.3 ms]
      [Choose CSet: 0.0 ms]
      [Ref Proc: 1.0 ms]
      [Ref Enq: 0.0 ms]
      [Redirty Cards: 1.4 ms]
      [Humongous Register: 0.2 ms]
      [Humongous Reclaim: 0.3 ms]
      [Free CSet: 0.5 ms]
   [Eden: 826.0M(826.0M)->0.0B(7168.0K) Survivors: 121.0M->119.0M Heap: 1652.3M(2048.0M)->795.6M(2048.0M)]
 [Times: user=0.27 sys=0.00, real=0.04 secs] 
2021-01-22T00:59:07.723+0800: 40.759: [GC pause (G1 Evacuation Pause) (mixed), 0.0161444 secs]
   [Parallel Time: 12.2 ms, GC Workers: 8]
      [GC Worker Start (ms): Min: 40759.4, Avg: 40759.6, Max: 40759.9, Diff: 0.5]
      [Ext Root Scanning (ms): Min: 0.0, Avg: 0.1, Max: 0.2, Diff: 0.2, Sum: 0.6]
      [Update RS (ms): Min: 0.0, Avg: 0.1, Max: 0.2, Diff: 0.2, Sum: 1.2]
         [Processed Buffers: Min: 0, Avg: 3.2, Max: 5, Diff: 5, Sum: 26]
      [Scan RS (ms): Min: 0.0, Avg: 0.1, Max: 0.1, Diff: 0.1, Sum: 0.4]
      [Code Root Scanning (ms): Min: 0.0, Avg: 0.0, Max: 0.0, Diff: 0.0, Sum: 0.0]
      [Object Copy (ms): Min: 10.8, Avg: 10.9, Max: 11.0, Diff: 0.2, Sum: 87.4]
      [Termination (ms): Min: 0.0, Avg: 0.1, Max: 0.2, Diff: 0.2, Sum: 0.9]
         [Termination Attempts: Min: 1, Avg: 1.2, Max: 3, Diff: 2, Sum: 10]
      [GC Worker Other (ms): Min: 0.0, Avg: 0.0, Max: 0.0, Diff: 0.0, Sum: 0.1]
      [GC Worker Total (ms): Min: 11.0, Avg: 11.3, Max: 11.5, Diff: 0.5, Sum: 90.6]
      [GC Worker End (ms): Min: 40770.9, Avg: 40771.0, Max: 40771.0, Diff: 0.0]
   [Code Root Fixup: 0.0 ms]
   [Code Root Purge: 0.0 ms]
   [Clear CT: 1.5 ms]
   [Other: 2.4 ms]
      [Choose CSet: 0.1 ms]
      [Ref Proc: 0.6 ms]
      [Ref Enq: 0.0 ms]
      [Redirty Cards: 1.0 ms]
      [Humongous Register: 0.1 ms]
      [Humongous Reclaim: 0.1 ms]
      [Free CSet: 0.3 ms]
   [Eden: 7168.0K(7168.0K)->0.0B(888.0M) Survivors: 119.0M->3072.0K Heap: 803.8M(2048.0M)->669.7M(2048.0M)]
 [Times: user=0.10 sys=0.00, real=0.02 secs] 
2021-01-22T00:59:07.805+0800: 40.840: [GC pause (G1 Humongous Allocation) (young) (initial-mark), 0.0223000 secs]
   [Parallel Time: 19.2 ms, GC Workers: 8]
      [GC Worker Start (ms): Min: 40840.8, Avg: 40841.0, Max: 40841.2, Diff: 0.4]
      [Ext Root Scanning (ms): Min: 0.0, Avg: 0.3, Max: 0.5, Diff: 0.5, Sum: 2.7]
      [Update RS (ms): Min: 7.8, Avg: 7.9, Max: 8.1, Diff: 0.2, Sum: 63.5]
         [Processed Buffers: Min: 112, Avg: 119.6, Max: 124, Diff: 12, Sum: 957]
      [Scan RS (ms): Min: 0.0, Avg: 0.0, Max: 0.1, Diff: 0.0, Sum: 0.4]
      [Code Root Scanning (ms): Min: 0.0, Avg: 0.0, Max: 0.0, Diff: 0.0, Sum: 0.0]
      [Object Copy (ms): Min: 9.8, Avg: 9.8, Max: 9.9, Diff: 0.1, Sum: 78.6]
      [Termination (ms): Min: 0.0, Avg: 0.0, Max: 0.1, Diff: 0.1, Sum: 0.3]
         [Termination Attempts: Min: 1, Avg: 1.2, Max: 3, Diff: 2, Sum: 10]
      [GC Worker Other (ms): Min: 0.0, Avg: 0.0, Max: 0.0, Diff: 0.0, Sum: 0.1]
      [GC Worker Total (ms): Min: 18.0, Avg: 18.2, Max: 18.4, Diff: 0.4, Sum: 145.6]
      [GC Worker End (ms): Min: 40859.2, Avg: 40859.2, Max: 40859.2, Diff: 0.0]
   [Code Root Fixup: 0.0 ms]
   [Code Root Purge: 0.0 ms]
   [Clear CT: 1.1 ms]
   [Other: 1.9 ms]
      [Choose CSet: 0.0 ms]
      [Ref Proc: 0.5 ms]
      [Ref Enq: 0.0 ms]
      [Redirty Cards: 0.8 ms]
      [Humongous Register: 0.1 ms]
      [Humongous Reclaim: 0.2 ms]
      [Free CSet: 0.2 ms]
   [Eden: 452.0M(888.0M)->0.0B(433.0M) Survivors: 3072.0K->112.0M Heap: 1239.7M(2048.0M)->791.2M(2048.0M)]
 [Times: user=0.15 sys=0.00, real=0.02 secs] 
2021-01-22T00:59:07.828+0800: 40.863: [GC concurrent-root-region-scan-start]
2021-01-22T00:59:07.828+0800: 40.864: [GC concurrent-root-region-scan-end, 0.0002498 secs]
2021-01-22T00:59:07.828+0800: 40.864: [GC concurrent-mark-start]
2021-01-22T00:59:07.830+0800: 40.866: [GC concurrent-mark-end, 0.0024334 secs]
2021-01-22T00:59:07.830+0800: 40.866: [GC remark 2021-01-22T00:59:07.831+0800: 40.867: [Finalize Marking, 0.0009915 secs] 2021-01-22T00:59:07.832+0800: 40.868: [GC ref-proc, 0.0004114 secs] 2021-01-22T00:59:07.832+0800: 40.868: [Unloading, 0.0007616 secs], 0.0040730 secs]
 [Times: user=0.01 sys=0.00, real=0.00 secs] 
2021-01-22T00:59:07.835+0800: 40.871: [GC cleanup 816M->678M(2048M), 0.0028585 secs]
 [Times: user=0.00 sys=0.00, real=0.01 secs] 
2021-01-22T00:59:07.839+0800: 40.875: [GC concurrent-cleanup-start]
2021-01-22T00:59:07.839+0800: 40.875: [GC concurrent-cleanup-end, 0.0000770 secs]
2021-01-22T00:59:07.896+0800: 40.932: [GC pause (G1 Evacuation Pause) (young), 0.0270922 secs]
   [Parallel Time: 23.2 ms, GC Workers: 8]
      [GC Worker Start (ms): Min: 40932.2, Avg: 40932.4, Max: 40932.5, Diff: 0.3]
      [Ext Root Scanning (ms): Min: 0.0, Avg: 0.1, Max: 0.2, Diff: 0.2, Sum: 0.5]
      [Update RS (ms): Min: 6.6, Avg: 6.7, Max: 6.7, Diff: 0.1, Sum: 53.5]
         [Processed Buffers: Min: 101, Avg: 102.2, Max: 103, Diff: 2, Sum: 818]
      [Scan RS (ms): Min: 0.0, Avg: 0.1, Max: 0.1, Diff: 0.0, Sum: 0.5]
      [Code Root Scanning (ms): Min: 0.0, Avg: 0.0, Max: 0.0, Diff: 0.0, Sum: 0.0]
      [Object Copy (ms): Min: 15.3, Avg: 15.4, Max: 15.4, Diff: 0.1, Sum: 122.9]
      [Termination (ms): Min: 0.0, Avg: 0.1, Max: 0.1, Diff: 0.1, Sum: 0.5]
         [Termination Attempts: Min: 1, Avg: 1.0, Max: 1, Diff: 0, Sum: 8]
      [GC Worker Other (ms): Min: 0.0, Avg: 0.0, Max: 0.1, Diff: 0.1, Sum: 0.3]
      [GC Worker Total (ms): Min: 22.1, Avg: 22.3, Max: 22.4, Diff: 0.3, Sum: 178.2]
      [GC Worker End (ms): Min: 40954.6, Avg: 40954.6, Max: 40954.7, Diff: 0.1]
   [Code Root Fixup: 0.0 ms]
   [Code Root Purge: 0.0 ms]
   [Clear CT: 1.4 ms]
   [Other: 2.5 ms]
      [Choose CSet: 0.0 ms]
      [Ref Proc: 0.5 ms]
      [Ref Enq: 0.0 ms]
      [Redirty Cards: 1.1 ms]
      [Humongous Register: 0.2 ms]
      [Humongous Reclaim: 0.2 ms]
      [Free CSet: 0.3 ms]
   [Eden: 433.0M(433.0M)->0.0B(33792.0K) Survivors: 112.0M->70656.0K Heap: 1187.4M(2048.0M)->725.6M(2048.0M)]
 [Times: user=0.19 sys=0.00, real=0.03 secs] 
2021-01-22T00:59:07.929+0800: 40.965: [GC pause (G1 Evacuation Pause) (mixed), 0.0140549 secs]
   [Parallel Time: 9.9 ms, GC Workers: 8]
      [GC Worker Start (ms): Min: 40965.7, Avg: 40966.2, Max: 40968.4, Diff: 2.7]
      [Ext Root Scanning (ms): Min: 0.0, Avg: 0.1, Max: 0.2, Diff: 0.2, Sum: 0.6]
      [Update RS (ms): Min: 0.0, Avg: 0.7, Max: 0.8, Diff: 0.8, Sum: 5.7]
         [Processed Buffers: Min: 0, Avg: 11.1, Max: 14, Diff: 14, Sum: 89]
      [Scan RS (ms): Min: 0.1, Avg: 0.1, Max: 0.1, Diff: 0.1, Sum: 0.8]
      [Code Root Scanning (ms): Min: 0.0, Avg: 0.0, Max: 0.0, Diff: 0.0, Sum: 0.1]
      [Object Copy (ms): Min: 6.3, Avg: 7.8, Max: 8.0, Diff: 1.8, Sum: 62.3]
      [Termination (ms): Min: 0.0, Avg: 0.0, Max: 0.1, Diff: 0.1, Sum: 0.4]
         [Termination Attempts: Min: 1, Avg: 1.2, Max: 3, Diff: 2, Sum: 10]
      [GC Worker Other (ms): Min: 0.0, Avg: 0.0, Max: 0.0, Diff: 0.0, Sum: 0.1]
      [GC Worker Total (ms): Min: 6.4, Avg: 8.7, Max: 9.2, Diff: 2.7, Sum: 69.8]
      [GC Worker End (ms): Min: 40974.9, Avg: 40974.9, Max: 40974.9, Diff: 0.0]
   [Code Root Fixup: 0.0 ms]
   [Code Root Purge: 0.0 ms]
   [Clear CT: 1.1 ms]
   [Other: 3.1 ms]
      [Choose CSet: 0.1 ms]
      [Ref Proc: 1.3 ms]
      [Ref Enq: 0.0 ms]
      [Redirty Cards: 1.2 ms]
      [Humongous Register: 0.1 ms]
      [Humongous Reclaim: 0.1 ms]
      [Free CSet: 0.2 ms]
   [Eden: 33792.0K(33792.0K)->0.0B(907.0M) Survivors: 70656.0K->12288.0K Heap: 768.5M(2048.0M)->563.1M(2048.0M)]
 [Times: user=0.08 sys=0.00, real=0.01 secs] 
2021-01-22T00:59:08.046+0800: 41.082: [GC pause (G1 Humongous Allocation) (young) (initial-mark), 0.0328917 secs]
   [Parallel Time: 27.7 ms, GC Workers: 8]
      [GC Worker Start (ms): Min: 41082.1, Avg: 41082.4, Max: 41082.6, Diff: 0.5]
      [Ext Root Scanning (ms): Min: 0.0, Avg: 0.5, Max: 0.8, Diff: 0.8, Sum: 4.2]
      [Update RS (ms): Min: 12.6, Avg: 12.8, Max: 13.0, Diff: 0.4, Sum: 102.1]
         [Processed Buffers: Min: 182, Avg: 191.9, Max: 197, Diff: 15, Sum: 1535]
      [Scan RS (ms): Min: 0.1, Avg: 0.1, Max: 0.1, Diff: 0.0, Sum: 0.7]
      [Code Root Scanning (ms): Min: 0.0, Avg: 0.0, Max: 0.0, Diff: 0.0, Sum: 0.0]
      [Object Copy (ms): Min: 13.5, Avg: 13.6, Max: 13.6, Diff: 0.1, Sum: 108.6]
      [Termination (ms): Min: 0.0, Avg: 0.0, Max: 0.1, Diff: 0.1, Sum: 0.4]
         [Termination Attempts: Min: 1, Avg: 1.0, Max: 1, Diff: 0, Sum: 8]
      [GC Worker Other (ms): Min: 0.0, Avg: 0.0, Max: 0.0, Diff: 0.0, Sum: 0.1]
      [GC Worker Total (ms): Min: 26.7, Avg: 27.0, Max: 27.3, Diff: 0.5, Sum: 216.1]
      [GC Worker End (ms): Min: 41109.4, Avg: 41109.4, Max: 41109.4, Diff: 0.0]
   [Code Root Fixup: 0.0 ms]
   [Code Root Purge: 0.0 ms]
   [Clear CT: 1.2 ms]
   [Other: 4.0 ms]
      [Choose CSet: 0.0 ms]
      [Ref Proc: 0.5 ms]
      [Ref Enq: 0.0 ms]
      [Redirty Cards: 1.8 ms]
      [Humongous Register: 0.3 ms]
      [Humongous Reclaim: 0.5 ms]
      [Free CSet: 0.5 ms]
   [Eden: 737.0M(907.0M)->0.0B(801.0M) Survivors: 12288.0K->115.0M Heap: 1490.4M(2048.0M)->720.7M(2048.0M)]
 [Times: user=0.23 sys=0.00, real=0.04 secs] 
2021-01-22T00:59:08.079+0800: 41.115: [GC concurrent-root-region-scan-start]
2021-01-22T00:59:08.080+0800: 41.116: [GC concurrent-root-region-scan-end, 0.0003121 secs]
2021-01-22T00:59:08.080+0800: 41.116: [GC concurrent-mark-start]
2021-01-22T00:59:08.082+0800: 41.118: [GC concurrent-mark-end, 0.0023622 secs]
2021-01-22T00:59:08.082+0800: 41.118: [GC remark 2021-01-22T00:59:08.083+0800: 41.119: [Finalize Marking, 0.0012126 secs] 2021-01-22T00:59:08.084+0800: 41.120: [GC ref-proc, 0.0005033 secs] 2021-01-22T00:59:08.085+0800: 41.121: [Unloading, 0.0010625 secs], 0.0053606 secs]
 [Times: user=0.01 sys=0.00, real=0.00 secs] 
2021-01-22T00:59:08.089+0800: 41.125: [GC cleanup 744M->640M(2048M), 0.0039916 secs]
 [Times: user=0.01 sys=0.00, real=0.00 secs] 
2021-01-22T00:59:08.093+0800: 41.129: [GC concurrent-cleanup-start]
2021-01-22T00:59:08.093+0800: 41.129: [GC concurrent-cleanup-end, 0.0000939 secs]
2021-01-22T00:59:08.202+0800: 41.238: [GC pause (G1 Evacuation Pause) (young), 0.0384603 secs]
   [Parallel Time: 34.7 ms, GC Workers: 8]
      [GC Worker Start (ms): Min: 41238.4, Avg: 41238.6, Max: 41238.8, Diff: 0.4]
      [Ext Root Scanning (ms): Min: 0.0, Avg: 0.1, Max: 0.3, Diff: 0.3, Sum: 0.7]
      [Update RS (ms): Min: 14.5, Avg: 14.6, Max: 14.7, Diff: 0.1, Sum: 116.9]
         [Processed Buffers: Min: 207, Avg: 218.8, Max: 227, Diff: 20, Sum: 1750]
      [Scan RS (ms): Min: 0.1, Avg: 0.1, Max: 0.1, Diff: 0.0, Sum: 1.0]
      [Code Root Scanning (ms): Min: 0.0, Avg: 0.0, Max: 0.0, Diff: 0.0, Sum: 0.0]
      [Object Copy (ms): Min: 17.7, Avg: 17.9, Max: 19.0, Diff: 1.2, Sum: 143.3]
      [Termination (ms): Min: 0.0, Avg: 1.1, Max: 1.2, Diff: 1.2, Sum: 8.4]
         [Termination Attempts: Min: 1, Avg: 1.0, Max: 1, Diff: 0, Sum: 8]
      [GC Worker Other (ms): Min: 0.0, Avg: 0.0, Max: 0.1, Diff: 0.1, Sum: 0.2]
      [GC Worker Total (ms): Min: 33.6, Avg: 33.8, Max: 34.0, Diff: 0.4, Sum: 270.5]
      [GC Worker End (ms): Min: 41272.4, Avg: 41272.5, Max: 41272.5, Diff: 0.0]
   [Code Root Fixup: 0.0 ms]
   [Code Root Purge: 0.0 ms]
   [Clear CT: 0.7 ms]
   [Other: 3.1 ms]
      [Choose CSet: 0.0 ms]
      [Ref Proc: 0.5 ms]
      [Ref Enq: 0.0 ms]
      [Redirty Cards: 1.6 ms]
      [Humongous Register: 0.2 ms]
      [Humongous Reclaim: 0.4 ms]
      [Free CSet: 0.4 ms]
   [Eden: 801.0M(801.0M)->0.0B(7168.0K) Survivors: 115.0M->115.0M Heap: 1635.2M(2048.0M)->720.7M(2048.0M)]
 [Times: user=0.27 sys=0.01, real=0.04 secs] 
2021-01-22T00:59:08.243+0800: 41.279: [GC pause (G1 Evacuation Pause) (mixed), 0.0157177 secs]
   [Parallel Time: 12.6 ms, GC Workers: 8]
      [GC Worker Start (ms): Min: 41279.2, Avg: 41279.3, Max: 41279.5, Diff: 0.3]
      [Ext Root Scanning (ms): Min: 0.0, Avg: 0.1, Max: 0.2, Diff: 0.2, Sum: 0.6]
      [Update RS (ms): Min: 0.0, Avg: 0.1, Max: 0.2, Diff: 0.2, Sum: 0.6]
         [Processed Buffers: Min: 0, Avg: 1.1, Max: 2, Diff: 2, Sum: 9]
      [Scan RS (ms): Min: 0.0, Avg: 0.1, Max: 0.1, Diff: 0.1, Sum: 0.5]
      [Code Root Scanning (ms): Min: 0.0, Avg: 0.0, Max: 0.0, Diff: 0.0, Sum: 0.0]
      [Object Copy (ms): Min: 10.5, Avg: 10.7, Max: 11.3, Diff: 0.8, Sum: 85.4]
      [Termination (ms): Min: 0.0, Avg: 0.6, Max: 0.8, Diff: 0.8, Sum: 5.0]
         [Termination Attempts: Min: 1, Avg: 1.0, Max: 1, Diff: 0, Sum: 8]
      [GC Worker Other (ms): Min: 0.0, Avg: 0.0, Max: 0.0, Diff: 0.0, Sum: 0.1]
      [GC Worker Total (ms): Min: 11.4, Avg: 11.5, Max: 11.7, Diff: 0.3, Sum: 92.1]
      [GC Worker End (ms): Min: 41290.8, Avg: 41290.9, Max: 41290.9, Diff: 0.0]
   [Code Root Fixup: 0.0 ms]
   [Code Root Purge: 0.0 ms]
   [Clear CT: 1.2 ms]
   [Other: 1.9 ms]
      [Choose CSet: 0.1 ms]
      [Ref Proc: 0.5 ms]
      [Ref Enq: 0.0 ms]
      [Redirty Cards: 0.8 ms]
      [Humongous Register: 0.2 ms]
      [Humongous Reclaim: 0.0 ms]
      [Free CSet: 0.2 ms]
   [Eden: 7168.0K(7168.0K)->0.0B(100.0M) Survivors: 115.0M->3072.0K Heap: 727.7M(2048.0M)->585.2M(2048.0M)]
 [Times: user=0.09 sys=0.01, real=0.02 secs] 
2021-01-22T00:59:08.275+0800: 41.311: [GC pause (G1 Evacuation Pause) (young), 0.0088553 secs]
   [Parallel Time: 5.7 ms, GC Workers: 8]
      [GC Worker Start (ms): Min: 41311.2, Avg: 41311.4, Max: 41311.5, Diff: 0.3]
      [Ext Root Scanning (ms): Min: 0.0, Avg: 0.1, Max: 0.2, Diff: 0.2, Sum: 0.6]
      [Update RS (ms): Min: 2.2, Avg: 2.4, Max: 2.8, Diff: 0.6, Sum: 18.8]
         [Processed Buffers: Min: 29, Avg: 33.9, Max: 36, Diff: 7, Sum: 271]
      [Scan RS (ms): Min: 0.0, Avg: 0.0, Max: 0.0, Diff: 0.0, Sum: 0.1]
      [Code Root Scanning (ms): Min: 0.0, Avg: 0.0, Max: 0.0, Diff: 0.0, Sum: 0.0]
      [Object Copy (ms): Min: 2.0, Avg: 2.4, Max: 2.5, Diff: 0.5, Sum: 18.9]
      [Termination (ms): Min: 0.0, Avg: 0.0, Max: 0.1, Diff: 0.1, Sum: 0.3]
         [Termination Attempts: Min: 1, Avg: 1.0, Max: 1, Diff: 0, Sum: 8]
      [GC Worker Other (ms): Min: 0.0, Avg: 0.0, Max: 0.1, Diff: 0.1, Sum: 0.1]
      [GC Worker Total (ms): Min: 4.7, Avg: 4.9, Max: 5.0, Diff: 0.3, Sum: 38.8]
      [GC Worker End (ms): Min: 41316.2, Avg: 41316.3, Max: 41316.3, Diff: 0.1]
   [Code Root Fixup: 0.0 ms]
   [Code Root Purge: 0.0 ms]
   [Clear CT: 1.0 ms]
   [Other: 2.2 ms]
      [Choose CSet: 0.0 ms]
      [Ref Proc: 0.8 ms]
      [Ref Enq: 0.0 ms]
      [Redirty Cards: 1.0 ms]
      [Humongous Register: 0.1 ms]
      [Humongous Reclaim: 0.1 ms]
      [Free CSet: 0.1 ms]
   [Eden: 100.0M(100.0M)->0.0B(123.0M) Survivors: 3072.0K->13312.0K Heap: 717.8M(2048.0M)->614.9M(2048.0M)]
 [Times: user=0.04 sys=0.00, real=0.01 secs] 
2021-01-22T00:59:08.304+0800: 41.340: [GC pause (G1 Evacuation Pause) (young), 0.0103572 secs]
   [Parallel Time: 7.5 ms, GC Workers: 8]
      [GC Worker Start (ms): Min: 41340.1, Avg: 41340.2, Max: 41340.4, Diff: 0.3]
      [Ext Root Scanning (ms): Min: 0.0, Avg: 0.1, Max: 0.2, Diff: 0.2, Sum: 0.5]
      [Update RS (ms): Min: 2.4, Avg: 2.5, Max: 2.5, Diff: 0.1, Sum: 19.8]
         [Processed Buffers: Min: 36, Avg: 37.8, Max: 40, Diff: 4, Sum: 302]
      [Scan RS (ms): Min: 0.0, Avg: 0.0, Max: 0.0, Diff: 0.0, Sum: 0.1]
      [Code Root Scanning (ms): Min: 0.0, Avg: 0.0, Max: 0.0, Diff: 0.0, Sum: 0.0]
      [Object Copy (ms): Min: 3.9, Avg: 4.0, Max: 4.3, Diff: 0.4, Sum: 31.8]
      [Termination (ms): Min: 0.0, Avg: 0.3, Max: 0.5, Diff: 0.5, Sum: 2.7]
         [Termination Attempts: Min: 1, Avg: 1.0, Max: 1, Diff: 0, Sum: 8]
      [GC Worker Other (ms): Min: 0.0, Avg: 0.0, Max: 0.0, Diff: 0.0, Sum: 0.1]
      [GC Worker Total (ms): Min: 6.7, Avg: 6.9, Max: 7.1, Diff: 0.4, Sum: 55.0]
      [GC Worker End (ms): Min: 41347.1, Avg: 41347.1, Max: 41347.2, Diff: 0.1]
   [Code Root Fixup: 0.0 ms]
   [Code Root Purge: 0.0 ms]
   [Clear CT: 1.0 ms]
   [Other: 1.8 ms]
      [Choose CSet: 0.0 ms]
      [Ref Proc: 0.6 ms]
      [Ref Enq: 0.0 ms]
      [Redirty Cards: 0.8 ms]
      [Humongous Register: 0.1 ms]
      [Humongous Reclaim: 0.1 ms]
      [Free CSet: 0.1 ms]
   [Eden: 123.0M(123.0M)->0.0B(160.0M) Survivors: 13312.0K->17408.0K Heap: 774.5M(2048.0M)->648.1M(2048.0M)]
 [Times: user=0.06 sys=0.00, real=0.01 secs] 
2021-01-22T00:59:08.339+0800: 41.375: [GC pause (G1 Evacuation Pause) (young), 0.0116346 secs]
   [Parallel Time: 8.7 ms, GC Workers: 8]
      [GC Worker Start (ms): Min: 41375.0, Avg: 41375.1, Max: 41375.3, Diff: 0.3]
      [Ext Root Scanning (ms): Min: 0.0, Avg: 0.1, Max: 0.2, Diff: 0.2, Sum: 0.5]
      [Update RS (ms): Min: 2.4, Avg: 2.4, Max: 2.5, Diff: 0.1, Sum: 19.3]
         [Processed Buffers: Min: 37, Avg: 37.2, Max: 38, Diff: 1, Sum: 298]
      [Scan RS (ms): Min: 0.0, Avg: 0.0, Max: 0.0, Diff: 0.0, Sum: 0.1]
      [Code Root Scanning (ms): Min: 0.0, Avg: 0.0, Max: 0.0, Diff: 0.0, Sum: 0.0]
      [Object Copy (ms): Min: 5.2, Avg: 5.2, Max: 5.5, Diff: 0.3, Sum: 42.0]
      [Termination (ms): Min: 0.0, Avg: 0.3, Max: 0.4, Diff: 0.4, Sum: 2.3]
         [Termination Attempts: Min: 1, Avg: 1.0, Max: 1, Diff: 0, Sum: 8]
      [GC Worker Other (ms): Min: 0.0, Avg: 0.0, Max: 0.0, Diff: 0.0, Sum: 0.1]
      [GC Worker Total (ms): Min: 7.9, Avg: 8.0, Max: 8.2, Diff: 0.3, Sum: 64.3]
      [GC Worker End (ms): Min: 41383.2, Avg: 41383.2, Max: 41383.2, Diff: 0.0]
   [Code Root Fixup: 0.0 ms]
   [Code Root Purge: 0.0 ms]
   [Clear CT: 0.7 ms]
   [Other: 2.2 ms]
      [Choose CSet: 0.0 ms]
      [Ref Proc: 0.8 ms]
      [Ref Enq: 0.0 ms]
      [Redirty Cards: 0.8 ms]
      [Humongous Register: 0.2 ms]
      [Humongous Reclaim: 0.1 ms]
      [Free CSet: 0.2 ms]
   [Eden: 160.0M(160.0M)->0.0B(199.0M) Survivors: 17408.0K->23552.0K Heap: 844.1M(2048.0M)->691.3M(2048.0M)]
 [Times: user=0.06 sys=0.01, real=0.01 secs] 
2021-01-22T00:59:08.381+0800: 41.416: [GC pause (G1 Evacuation Pause) (young), 0.0134902 secs]
   [Parallel Time: 10.6 ms, GC Workers: 8]
      [GC Worker Start (ms): Min: 41416.7, Avg: 41416.9, Max: 41417.1, Diff: 0.3]
      [Ext Root Scanning (ms): Min: 0.0, Avg: 0.1, Max: 0.2, Diff: 0.2, Sum: 0.5]
      [Update RS (ms): Min: 3.3, Avg: 3.4, Max: 3.4, Diff: 0.2, Sum: 27.1]
         [Processed Buffers: Min: 50, Avg: 52.1, Max: 53, Diff: 3, Sum: 417]
      [Scan RS (ms): Min: 0.0, Avg: 0.0, Max: 0.0, Diff: 0.0, Sum: 0.2]
      [Code Root Scanning (ms): Min: 0.0, Avg: 0.0, Max: 0.0, Diff: 0.0, Sum: 0.0]
      [Object Copy (ms): Min: 6.4, Avg: 6.5, Max: 6.6, Diff: 0.1, Sum: 51.9]
      [Termination (ms): Min: 0.0, Avg: 0.0, Max: 0.1, Diff: 0.1, Sum: 0.4]
         [Termination Attempts: Min: 1, Avg: 1.0, Max: 1, Diff: 0, Sum: 8]
      [GC Worker Other (ms): Min: 0.0, Avg: 0.0, Max: 0.0, Diff: 0.0, Sum: 0.1]
      [GC Worker Total (ms): Min: 9.9, Avg: 10.0, Max: 10.2, Diff: 0.3, Sum: 80.2]
      [GC Worker End (ms): Min: 41426.9, Avg: 41426.9, Max: 41426.9, Diff: 0.0]
   [Code Root Fixup: 0.0 ms]
   [Code Root Purge: 0.0 ms]
   [Clear CT: 1.1 ms]
   [Other: 1.8 ms]
      [Choose CSet: 0.0 ms]
      [Ref Proc: 0.4 ms]
      [Ref Enq: 0.0 ms]
      [Redirty Cards: 0.9 ms]
      [Humongous Register: 0.1 ms]
      [Humongous Reclaim: 0.1 ms]
      [Free CSet: 0.1 ms]
   [Eden: 199.0M(199.0M)->0.0B(250.0M) Survivors: 23552.0K->28672.0K Heap: 941.3M(2048.0M)->741.2M(2048.0M)]
 [Times: user=0.08 sys=0.00, real=0.01 secs] 
2021-01-22T00:59:08.429+0800: 41.465: [GC pause (G1 Evacuation Pause) (young), 0.0173727 secs]
   [Parallel Time: 13.5 ms, GC Workers: 8]
      [GC Worker Start (ms): Min: 41465.1, Avg: 41465.3, Max: 41465.5, Diff: 0.4]
      [Ext Root Scanning (ms): Min: 0.0, Avg: 0.1, Max: 0.2, Diff: 0.2, Sum: 0.5]
      [Update RS (ms): Min: 4.6, Avg: 4.7, Max: 4.8, Diff: 0.2, Sum: 37.7]
         [Processed Buffers: Min: 68, Avg: 71.9, Max: 74, Diff: 6, Sum: 575]
      [Scan RS (ms): Min: 0.0, Avg: 0.0, Max: 0.0, Diff: 0.0, Sum: 0.2]
      [Code Root Scanning (ms): Min: 0.0, Avg: 0.0, Max: 0.0, Diff: 0.0, Sum: 0.0]
      [Object Copy (ms): Min: 7.5, Avg: 7.6, Max: 7.6, Diff: 0.0, Sum: 60.5]
      [Termination (ms): Min: 0.0, Avg: 0.0, Max: 0.1, Diff: 0.1, Sum: 0.2]
         [Termination Attempts: Min: 1, Avg: 1.0, Max: 1, Diff: 0, Sum: 8]
      [GC Worker Other (ms): Min: 0.0, Avg: 0.0, Max: 0.2, Diff: 0.2, Sum: 0.3]
      [GC Worker Total (ms): Min: 12.3, Avg: 12.4, Max: 12.6, Diff: 0.3, Sum: 99.4]
      [GC Worker End (ms): Min: 41477.7, Avg: 41477.7, Max: 41477.9, Diff: 0.2]
   [Code Root Fixup: 0.0 ms]
   [Code Root Purge: 0.0 ms]
   [Clear CT: 1.6 ms]
   [Other: 2.3 ms]
      [Choose CSet: 0.0 ms]
      [Ref Proc: 0.5 ms]
      [Ref Enq: 0.0 ms]
      [Redirty Cards: 1.3 ms]
      [Humongous Register: 0.1 ms]
      [Humongous Reclaim: 0.1 ms]
      [Free CSet: 0.1 ms]
   [Eden: 250.0M(250.0M)->0.0B(324.0M) Survivors: 28672.0K->35840.0K Heap: 1061.9M(2048.0M)->806.9M(2048.0M)]
 [Times: user=0.10 sys=0.00, real=0.01 secs] 
2021-01-22T00:59:08.477+0800: 41.513: [GC pause (G1 Humongous Allocation) (young) (initial-mark), 0.0149300 secs]
   [Parallel Time: 10.8 ms, GC Workers: 8]
      [GC Worker Start (ms): Min: 41513.6, Avg: 41513.8, Max: 41514.0, Diff: 0.4]
      [Ext Root Scanning (ms): Min: 0.0, Avg: 0.4, Max: 0.7, Diff: 0.6, Sum: 3.3]
      [Update RS (ms): Min: 3.4, Avg: 3.5, Max: 3.7, Diff: 0.3, Sum: 28.1]
         [Processed Buffers: Min: 48, Avg: 53.6, Max: 58, Diff: 10, Sum: 429]
      [Scan RS (ms): Min: 0.0, Avg: 0.0, Max: 0.0, Diff: 0.0, Sum: 0.2]
      [Code Root Scanning (ms): Min: 0.0, Avg: 0.0, Max: 0.0, Diff: 0.0, Sum: 0.0]
      [Object Copy (ms): Min: 6.4, Avg: 6.4, Max: 6.5, Diff: 0.1, Sum: 51.5]
      [Termination (ms): Min: 0.0, Avg: 0.1, Max: 0.1, Diff: 0.1, Sum: 0.4]
         [Termination Attempts: Min: 1, Avg: 1.0, Max: 1, Diff: 0, Sum: 8]
      [GC Worker Other (ms): Min: 0.0, Avg: 0.0, Max: 0.0, Diff: 0.0, Sum: 0.1]
      [GC Worker Total (ms): Min: 10.2, Avg: 10.4, Max: 10.7, Diff: 0.4, Sum: 83.5]
      [GC Worker End (ms): Min: 41524.2, Avg: 41524.3, Max: 41524.3, Diff: 0.0]
   [Code Root Fixup: 0.0 ms]
   [Code Root Purge: 0.0 ms]
   [Clear CT: 1.1 ms]
   [Other: 3.1 ms]
      [Choose CSet: 0.0 ms]
      [Ref Proc: 1.1 ms]
      [Ref Enq: 0.0 ms]
      [Redirty Cards: 1.4 ms]
      [Humongous Register: 0.1 ms]
      [Humongous Reclaim: 0.1 ms]
      [Free CSet: 0.1 ms]
   [Eden: 189.0M(324.0M)->0.0B(321.0M) Survivors: 35840.0K->46080.0K Heap: 1047.7M(2048.0M)->847.7M(2048.0M)]
 [Times: user=0.08 sys=0.01, real=0.02 secs] 
2021-01-22T00:59:08.493+0800: 41.529: [GC concurrent-root-region-scan-start]
2021-01-22T00:59:08.494+0800: 41.530: [GC concurrent-root-region-scan-end, 0.0004151 secs]
2021-01-22T00:59:08.494+0800: 41.530: [GC concurrent-mark-start]
2021-01-22T00:59:08.497+0800: 41.533: [GC concurrent-mark-end, 0.0030003 secs]
2021-01-22T00:59:08.497+0800: 41.533: [GC remark 2021-01-22T00:59:08.497+0800: 41.533: [Finalize Marking, 0.0013742 secs] 2021-01-22T00:59:08.499+0800: 41.535: [GC ref-proc, 0.0004950 secs] 2021-01-22T00:59:08.500+0800: 41.536: [Unloading, 0.0014695 secs], 0.0061086 secs]
 [Times: user=0.01 sys=0.01, real=0.01 secs] 
2021-01-22T00:59:08.504+0800: 41.540: [GC cleanup 876M->707M(2048M), 0.0037454 secs]
 [Times: user=0.01 sys=0.00, real=0.01 secs] 
2021-01-22T00:59:08.508+0800: 41.544: [GC concurrent-cleanup-start]
2021-01-22T00:59:08.509+0800: 41.544: [GC concurrent-cleanup-end, 0.0001100 secs]
2021-01-22T00:59:08.552+0800: 41.588: [GC pause (G1 Evacuation Pause) (young), 0.0261102 secs]
   [Parallel Time: 18.6 ms, GC Workers: 8]
      [GC Worker Start (ms): Min: 41588.4, Avg: 41589.2, Max: 41593.8, Diff: 5.4]
      [Ext Root Scanning (ms): Min: 0.0, Avg: 0.1, Max: 0.3, Diff: 0.3, Sum: 0.7]
      [Update RS (ms): Min: 1.9, Avg: 6.5, Max: 7.3, Diff: 5.3, Sum: 51.8]
         [Processed Buffers: Min: 30, Avg: 94.0, Max: 113, Diff: 83, Sum: 752]
      [Scan RS (ms): Min: 0.0, Avg: 0.0, Max: 0.1, Diff: 0.1, Sum: 0.4]
      [Code Root Scanning (ms): Min: 0.0, Avg: 0.0, Max: 0.0, Diff: 0.0, Sum: 0.0]
      [Object Copy (ms): Min: 10.3, Avg: 10.5, Max: 10.9, Diff: 0.6, Sum: 83.8]
      [Termination (ms): Min: 0.0, Avg: 0.4, Max: 0.5, Diff: 0.5, Sum: 3.4]
         [Termination Attempts: Min: 1, Avg: 1.0, Max: 1, Diff: 0, Sum: 8]
      [GC Worker Other (ms): Min: 0.0, Avg: 0.0, Max: 0.0, Diff: 0.0, Sum: 0.1]
      [GC Worker Total (ms): Min: 12.9, Avg: 17.5, Max: 18.4, Diff: 5.5, Sum: 140.2]
      [GC Worker End (ms): Min: 41606.7, Avg: 41606.7, Max: 41606.8, Diff: 0.1]
   [Code Root Fixup: 0.0 ms]
   [Code Root Purge: 0.0 ms]
   [Clear CT: 1.5 ms]
   [Other: 6.0 ms]
      [Choose CSet: 0.0 ms]
      [Ref Proc: 3.8 ms]
      [Ref Enq: 0.0 ms]
      [Redirty Cards: 1.4 ms]
      [Humongous Register: 0.1 ms]
      [Humongous Reclaim: 0.2 ms]
      [Free CSet: 0.3 ms]
   [Eden: 321.0M(321.0M)->0.0B(57344.0K) Survivors: 46080.0K->47104.0K Heap: 1092.4M(2048.0M)->756.9M(2048.0M)]
 [Times: user=0.18 sys=0.00, real=0.03 secs] 
2021-01-22T00:59:08.588+0800: 41.624: [GC pause (G1 Evacuation Pause) (mixed), 0.0125398 secs]
   [Parallel Time: 8.6 ms, GC Workers: 8]
      [GC Worker Start (ms): Min: 41624.0, Avg: 41624.8, Max: 41629.8, Diff: 5.8]
      [Ext Root Scanning (ms): Min: 0.0, Avg: 0.1, Max: 0.2, Diff: 0.2, Sum: 0.6]
      [Update RS (ms): Min: 0.0, Avg: 1.1, Max: 1.2, Diff: 1.2, Sum: 8.6]
         [Processed Buffers: Min: 0, Avg: 17.1, Max: 21, Diff: 21, Sum: 137]
      [Scan RS (ms): Min: 0.1, Avg: 0.1, Max: 0.1, Diff: 0.1, Sum: 0.8]
      [Code Root Scanning (ms): Min: 0.0, Avg: 0.0, Max: 0.0, Diff: 0.0, Sum: 0.0]
      [Object Copy (ms): Min: 2.3, Avg: 6.1, Max: 6.7, Diff: 4.4, Sum: 48.7]
      [Termination (ms): Min: 0.0, Avg: 0.1, Max: 0.2, Diff: 0.2, Sum: 0.5]
         [Termination Attempts: Min: 1, Avg: 1.2, Max: 3, Diff: 2, Sum: 10]
      [GC Worker Other (ms): Min: 0.0, Avg: 0.0, Max: 0.0, Diff: 0.0, Sum: 0.1]
      [GC Worker Total (ms): Min: 2.5, Avg: 7.4, Max: 8.3, Diff: 5.8, Sum: 59.4]
      [GC Worker End (ms): Min: 41632.2, Avg: 41632.2, Max: 41632.2, Diff: 0.0]
   [Code Root Fixup: 0.0 ms]
   [Code Root Purge: 0.0 ms]
   [Clear CT: 1.0 ms]
   [Other: 2.9 ms]
      [Choose CSet: 0.1 ms]
      [Ref Proc: 1.2 ms]
      [Ref Enq: 0.0 ms]
      [Redirty Cards: 1.0 ms]
      [Humongous Register: 0.3 ms]
      [Humongous Reclaim: 0.1 ms]
      [Free CSet: 0.2 ms]
   [Eden: 57344.0K(57344.0K)->0.0B(91136.0K) Survivors: 47104.0K->13312.0K Heap: 828.8M(2048.0M)->588.5M(2048.0M)]
 [Times: user=0.05 sys=0.03, real=0.02 secs] 
2021-01-22T00:59:08.614+0800: 41.650: [GC pause (G1 Evacuation Pause) (mixed), 0.0116948 secs]
   [Parallel Time: 9.4 ms, GC Workers: 8]
      [GC Worker Start (ms): Min: 41650.4, Avg: 41651.7, Max: 41659.4, Diff: 9.0]
      [Ext Root Scanning (ms): Min: 0.0, Avg: 0.1, Max: 0.2, Diff: 0.2, Sum: 0.6]
      [Update RS (ms): Min: 0.0, Avg: 1.6, Max: 1.9, Diff: 1.9, Sum: 13.2]
         [Processed Buffers: Min: 0, Avg: 25.6, Max: 30, Diff: 30, Sum: 205]
      [Scan RS (ms): Min: 0.0, Avg: 0.0, Max: 0.1, Diff: 0.1, Sum: 0.3]
      [Code Root Scanning (ms): Min: 0.0, Avg: 0.0, Max: 0.0, Diff: 0.0, Sum: 0.0]
      [Object Copy (ms): Min: 0.0, Avg: 3.4, Max: 3.9, Diff: 3.9, Sum: 26.8]
      [Termination (ms): Min: 0.0, Avg: 2.6, Max: 3.0, Diff: 3.0, Sum: 21.0]
         [Termination Attempts: Min: 1, Avg: 1.0, Max: 1, Diff: 0, Sum: 8]
      [GC Worker Other (ms): Min: 0.0, Avg: 0.0, Max: 0.0, Diff: 0.0, Sum: 0.0]
      [GC Worker Total (ms): Min: 0.0, Avg: 7.7, Max: 9.0, Diff: 9.0, Sum: 62.0]
      [GC Worker End (ms): Min: 41659.4, Avg: 41659.4, Max: 41659.5, Diff: 0.1]
   [Code Root Fixup: 0.0 ms]
   [Code Root Purge: 0.0 ms]
   [Clear CT: 0.8 ms]
   [Other: 1.4 ms]
      [Choose CSet: 0.0 ms]
      [Ref Proc: 0.4 ms]
      [Ref Enq: 0.0 ms]
      [Redirty Cards: 0.6 ms]
      [Humongous Register: 0.1 ms]
      [Humongous Reclaim: 0.1 ms]
      [Free CSet: 0.1 ms]
   [Eden: 91136.0K(91136.0K)->0.0B(779.0M) Survivors: 13312.0K->13312.0K Heap: 701.8M(2048.0M)->594.6M(2048.0M)]
 [Times: user=0.07 sys=0.00, real=0.01 secs] 
2021-01-22T00:59:08.709+0800: 41.745: [GC pause (G1 Humongous Allocation) (young) (initial-mark), 0.0298339 secs]
   [Parallel Time: 25.7 ms, GC Workers: 8]
      [GC Worker Start (ms): Min: 41745.3, Avg: 41745.4, Max: 41745.6, Diff: 0.4]
      [Ext Root Scanning (ms): Min: 0.0, Avg: 0.3, Max: 0.5, Diff: 0.5, Sum: 2.6]
      [Update RS (ms): Min: 11.7, Avg: 11.8, Max: 12.0, Diff: 0.2, Sum: 94.7]
         [Processed Buffers: Min: 167, Avg: 176.4, Max: 180, Diff: 13, Sum: 1411]
      [Scan RS (ms): Min: 0.1, Avg: 0.1, Max: 0.1, Diff: 0.0, Sum: 0.6]
      [Code Root Scanning (ms): Min: 0.0, Avg: 0.0, Max: 0.0, Diff: 0.0, Sum: 0.0]
      [Object Copy (ms): Min: 12.5, Avg: 12.6, Max: 12.6, Diff: 0.1, Sum: 100.6]
      [Termination (ms): Min: 0.0, Avg: 0.1, Max: 0.1, Diff: 0.1, Sum: 0.5]
         [Termination Attempts: Min: 1, Avg: 1.0, Max: 1, Diff: 0, Sum: 8]
      [GC Worker Other (ms): Min: 0.0, Avg: 0.0, Max: 0.0, Diff: 0.0, Sum: 0.1]
      [GC Worker Total (ms): Min: 24.7, Avg: 24.9, Max: 25.1, Diff: 0.4, Sum: 199.2]
      [GC Worker End (ms): Min: 41770.3, Avg: 41770.3, Max: 41770.4, Diff: 0.0]
   [Code Root Fixup: 0.0 ms]
   [Code Root Purge: 0.0 ms]
   [Clear CT: 1.1 ms]
   [Other: 3.0 ms]
      [Choose CSet: 0.0 ms]
      [Ref Proc: 0.9 ms]
      [Ref Enq: 0.0 ms]
      [Redirty Cards: 1.3 ms]
      [Humongous Register: 0.1 ms]
      [Humongous Reclaim: 0.2 ms]
      [Free CSet: 0.2 ms]
   [Eden: 607.0M(779.0M)->0.0B(814.0M) Survivors: 13312.0K->101376.0K Heap: 1376.9M(2048.0M)->734.2M(2048.0M)]
 [Times: user=0.21 sys=0.00, real=0.03 secs] 
2021-01-22T00:59:08.740+0800: 41.776: [GC concurrent-root-region-scan-start]
2021-01-22T00:59:08.740+0800: 41.776: [GC concurrent-root-region-scan-end, 0.0003592 secs]
2021-01-22T00:59:08.740+0800: 41.776: [GC concurrent-mark-start]
2021-01-22T00:59:08.742+0800: 41.778: [GC concurrent-mark-end, 0.0022669 secs]
2021-01-22T00:59:08.743+0800: 41.779: [GC remark 2021-01-22T00:59:08.743+0800: 41.779: [Finalize Marking, 0.0011470 secs] 2021-01-22T00:59:08.744+0800: 41.780: [GC ref-proc, 0.0005492 secs] 2021-01-22T00:59:08.745+0800: 41.781: [Unloading, 0.0013392 secs], 0.0052590 secs]
 [Times: user=0.01 sys=0.00, real=0.01 secs] 
2021-01-22T00:59:08.749+0800: 41.785: [GC cleanup 755M->663M(2048M), 0.0032347 secs]
 [Times: user=0.01 sys=0.00, real=0.00 secs] 
2021-01-22T00:59:08.753+0800: 41.788: [GC concurrent-cleanup-start]
2021-01-22T00:59:08.753+0800: 41.788: [GC concurrent-cleanup-end, 0.0000624 secs]
2021-01-22T00:59:08.863+0800: 41.899: [GC pause (G1 Evacuation Pause) (young) (to-space exhausted), 0.0354277 secs]
   [Parallel Time: 30.5 ms, GC Workers: 8]
      [GC Worker Start (ms): Min: 41899.2, Avg: 41899.4, Max: 41899.6, Diff: 0.4]
      [Ext Root Scanning (ms): Min: 0.0, Avg: 0.1, Max: 0.2, Diff: 0.2, Sum: 0.5]
      [Update RS (ms): Min: 14.3, Avg: 14.4, Max: 14.4, Diff: 0.1, Sum: 114.9]
         [Processed Buffers: Min: 207, Avg: 213.6, Max: 221, Diff: 14, Sum: 1709]
      [Scan RS (ms): Min: 0.1, Avg: 0.1, Max: 0.1, Diff: 0.0, Sum: 1.0]
      [Code Root Scanning (ms): Min: 0.0, Avg: 0.0, Max: 0.0, Diff: 0.0, Sum: 0.0]
      [Object Copy (ms): Min: 15.5, Avg: 15.5, Max: 15.6, Diff: 0.1, Sum: 124.4]
      [Termination (ms): Min: 0.0, Avg: 0.1, Max: 0.2, Diff: 0.2, Sum: 0.6]
         [Termination Attempts: Min: 1, Avg: 1.0, Max: 1, Diff: 0, Sum: 8]
      [GC Worker Other (ms): Min: 0.0, Avg: 0.0, Max: 0.0, Diff: 0.0, Sum: 0.1]
      [GC Worker Total (ms): Min: 30.0, Avg: 30.2, Max: 30.4, Diff: 0.4, Sum: 241.5]
      [GC Worker End (ms): Min: 41929.6, Avg: 41929.6, Max: 41929.6, Diff: 0.0]
   [Code Root Fixup: 0.0 ms]
   [Code Root Purge: 0.0 ms]
   [Clear CT: 1.1 ms]
   [Other: 3.8 ms]
      [Evacuation Failure: 0.8 ms]
      [Choose CSet: 0.0 ms]
      [Ref Proc: 0.6 ms]
      [Ref Enq: 0.0 ms]
      [Redirty Cards: 1.6 ms]
      [Humongous Register: 0.2 ms]
      [Humongous Reclaim: 0.3 ms]
      [Free CSet: 0.3 ms]
   [Eden: 814.0M(814.0M)->0.0B(7168.0K) Survivors: 101376.0K->115.0M Heap: 1668.6M(2048.0M)->894.1M(2048.0M)]
 [Times: user=0.25 sys=0.00, real=0.04 secs] 
2021-01-22T00:59:08.900+0800: 41.936: [GC pause (G1 Evacuation Pause) (mixed), 0.0150061 secs]
   [Parallel Time: 11.4 ms, GC Workers: 8]
      [GC Worker Start (ms): Min: 41936.4, Avg: 41936.6, Max: 41936.8, Diff: 0.3]
      [Ext Root Scanning (ms): Min: 0.0, Avg: 0.1, Max: 0.2, Diff: 0.2, Sum: 0.6]
      [Update RS (ms): Min: 0.0, Avg: 0.1, Max: 0.2, Diff: 0.1, Sum: 1.0]
         [Processed Buffers: Min: 1, Avg: 2.5, Max: 6, Diff: 5, Sum: 20]
      [Scan RS (ms): Min: 0.0, Avg: 0.1, Max: 0.1, Diff: 0.0, Sum: 0.5]
      [Code Root Scanning (ms): Min: 0.0, Avg: 0.0, Max: 0.0, Diff: 0.0, Sum: 0.0]
      [Object Copy (ms): Min: 10.6, Avg: 10.6, Max: 10.7, Diff: 0.1, Sum: 84.8]
      [Termination (ms): Min: 0.0, Avg: 0.1, Max: 0.1, Diff: 0.1, Sum: 0.7]
         [Termination Attempts: Min: 1, Avg: 1.0, Max: 1, Diff: 0, Sum: 8]
      [GC Worker Other (ms): Min: 0.0, Avg: 0.0, Max: 0.0, Diff: 0.0, Sum: 0.1]
      [GC Worker Total (ms): Min: 10.8, Avg: 11.0, Max: 11.2, Diff: 0.3, Sum: 87.7]
      [GC Worker End (ms): Min: 41947.6, Avg: 41947.6, Max: 41947.6, Diff: 0.0]
   [Code Root Fixup: 0.0 ms]
   [Code Root Purge: 0.0 ms]
   [Clear CT: 1.1 ms]
   [Other: 2.5 ms]
      [Choose CSet: 0.1 ms]
      [Ref Proc: 0.7 ms]
      [Ref Enq: 0.0 ms]
      [Redirty Cards: 1.3 ms]
      [Humongous Register: 0.1 ms]
      [Humongous Reclaim: 0.0 ms]
      [Free CSet: 0.2 ms]
   [Eden: 7168.0K(7168.0K)->0.0B(828.0M) Survivors: 115.0M->2048.0K Heap: 901.7M(2048.0M)->726.5M(2048.0M)]
 [Times: user=0.10 sys=0.00, real=0.01 secs] 
2021-01-22T00:59:08.958+0800: 41.994: [GC pause (G1 Humongous Allocation) (young) (initial-mark), 0.0174439 secs]
   [Parallel Time: 14.3 ms, GC Workers: 8]
      [GC Worker Start (ms): Min: 41994.6, Avg: 41994.8, Max: 41995.0, Diff: 0.4]
      [Ext Root Scanning (ms): Min: 0.0, Avg: 0.4, Max: 0.6, Diff: 0.5, Sum: 2.9]
      [Update RS (ms): Min: 5.4, Avg: 5.5, Max: 5.6, Diff: 0.2, Sum: 43.6]
         [Processed Buffers: Min: 82, Avg: 82.8, Max: 84, Diff: 2, Sum: 662]
      [Scan RS (ms): Min: 0.0, Avg: 0.0, Max: 0.0, Diff: 0.0, Sum: 0.2]
      [Code Root Scanning (ms): Min: 0.0, Avg: 0.0, Max: 0.0, Diff: 0.0, Sum: 0.0]
      [Object Copy (ms): Min: 7.6, Avg: 7.6, Max: 7.7, Diff: 0.1, Sum: 61.0]
      [Termination (ms): Min: 0.0, Avg: 0.1, Max: 0.2, Diff: 0.2, Sum: 0.9]
         [Termination Attempts: Min: 1, Avg: 1.0, Max: 1, Diff: 0, Sum: 8]
      [GC Worker Other (ms): Min: 0.0, Avg: 0.0, Max: 0.0, Diff: 0.0, Sum: 0.1]
      [GC Worker Total (ms): Min: 13.4, Avg: 13.6, Max: 13.8, Diff: 0.4, Sum: 108.8]
      [GC Worker End (ms): Min: 42008.4, Avg: 42008.4, Max: 42008.4, Diff: 0.1]
   [Code Root Fixup: 0.0 ms]
   [Code Root Purge: 0.0 ms]
   [Clear CT: 0.9 ms]
   [Other: 2.3 ms]
      [Choose CSet: 0.0 ms]
      [Ref Proc: 0.8 ms]
      [Ref Enq: 0.0 ms]
      [Redirty Cards: 0.8 ms]
      [Humongous Register: 0.2 ms]
      [Humongous Reclaim: 0.1 ms]
      [Free CSet: 0.1 ms]
   [Eden: 281.0M(828.0M)->0.0B(69632.0K) Survivors: 2048.0K->86016.0K Heap: 1089.0M(2048.0M)->808.1M(2048.0M)]
 [Times: user=0.11 sys=0.00, real=0.01 secs] 
2021-01-22T00:59:08.977+0800: 42.013: [GC concurrent-root-region-scan-start]
2021-01-22T00:59:08.977+0800: 42.013: [GC concurrent-root-region-scan-end, 0.0002111 secs]
2021-01-22T00:59:08.977+0800: 42.013: [GC concurrent-mark-start]
2021-01-22T00:59:08.980+0800: 42.016: [GC concurrent-mark-end, 0.0027218 secs]
2021-01-22T00:59:08.980+0800: 42.016: [GC remark 2021-01-22T00:59:08.980+0800: 42.016: [Finalize Marking, 0.0007267 secs] 2021-01-22T00:59:08.981+0800: 42.017: [GC ref-proc, 0.0005516 secs] 2021-01-22T00:59:08.982+0800: 42.018: [Unloading, 0.0010617 secs], 0.0048136 secs]
 [Times: user=0.01 sys=0.00, real=0.00 secs] 
2021-01-22T00:59:08.986+0800: 42.022: [GC cleanup 832M->705M(2048M), 0.0033912 secs]
 [Times: user=0.01 sys=0.00, real=0.01 secs] 
2021-01-22T00:59:08.990+0800: 42.026: [GC concurrent-cleanup-start]
2021-01-22T00:59:08.990+0800: 42.026: [GC concurrent-cleanup-end, 0.0000887 secs]
2021-01-22T00:59:08.998+0800: 42.034: [GC pause (G1 Evacuation Pause) (young), 0.0134771 secs]
   [Parallel Time: 10.1 ms, GC Workers: 8]
      [GC Worker Start (ms): Min: 42034.4, Avg: 42034.6, Max: 42034.7, Diff: 0.3]
      [Ext Root Scanning (ms): Min: 0.0, Avg: 0.1, Max: 0.2, Diff: 0.2, Sum: 0.5]
      [Update RS (ms): Min: 1.2, Avg: 1.2, Max: 1.3, Diff: 0.1, Sum: 9.9]
         [Processed Buffers: Min: 18, Avg: 19.0, Max: 20, Diff: 2, Sum: 152]
      [Scan RS (ms): Min: 0.0, Avg: 0.0, Max: 0.0, Diff: 0.0, Sum: 0.1]
      [Code Root Scanning (ms): Min: 0.0, Avg: 0.0, Max: 0.0, Diff: 0.0, Sum: 0.0]
      [Object Copy (ms): Min: 7.9, Avg: 7.9, Max: 8.0, Diff: 0.1, Sum: 63.3]
      [Termination (ms): Min: 0.0, Avg: 0.1, Max: 0.1, Diff: 0.1, Sum: 0.5]
         [Termination Attempts: Min: 1, Avg: 1.0, Max: 1, Diff: 0, Sum: 8]
      [GC Worker Other (ms): Min: 0.0, Avg: 0.0, Max: 0.0, Diff: 0.0, Sum: 0.1]
      [GC Worker Total (ms): Min: 9.2, Avg: 9.3, Max: 9.5, Diff: 0.3, Sum: 74.5]
      [GC Worker End (ms): Min: 42043.9, Avg: 42043.9, Max: 42043.9, Diff: 0.0]
   [Code Root Fixup: 0.0 ms]
   [Code Root Purge: 0.0 ms]
   [Clear CT: 0.9 ms]
   [Other: 2.5 ms]
      [Choose CSet: 0.0 ms]
      [Ref Proc: 0.8 ms]
      [Ref Enq: 0.0 ms]
      [Redirty Cards: 1.0 ms]
      [Humongous Register: 0.1 ms]
      [Humongous Reclaim: 0.2 ms]
      [Free CSet: 0.1 ms]
   [Eden: 69632.0K(69632.0K)->0.0B(86016.0K) Survivors: 86016.0K->18432.0K Heap: 766.9M(2048.0M)->690.7M(2048.0M)]
 [Times: user=0.07 sys=0.01, real=0.01 secs] 
2021-01-22T00:59:09.024+0800: 42.060: [GC pause (G1 Evacuation Pause) (mixed), 0.0109070 secs]
   [Parallel Time: 7.6 ms, GC Workers: 8]
      [GC Worker Start (ms): Min: 42060.5, Avg: 42060.7, Max: 42060.8, Diff: 0.3]
      [Ext Root Scanning (ms): Min: 0.0, Avg: 0.1, Max: 0.2, Diff: 0.2, Sum: 0.7]
      [Update RS (ms): Min: 1.5, Avg: 1.6, Max: 1.6, Diff: 0.1, Sum: 12.6]
         [Processed Buffers: Min: 23, Avg: 24.1, Max: 25, Diff: 2, Sum: 193]
      [Scan RS (ms): Min: 0.1, Avg: 0.1, Max: 0.1, Diff: 0.1, Sum: 0.7]
      [Code Root Scanning (ms): Min: 0.0, Avg: 0.0, Max: 0.1, Diff: 0.1, Sum: 0.1]
      [Object Copy (ms): Min: 5.4, Avg: 5.4, Max: 5.5, Diff: 0.2, Sum: 43.3]
      [Termination (ms): Min: 0.0, Avg: 0.1, Max: 0.2, Diff: 0.1, Sum: 0.8]
         [Termination Attempts: Min: 1, Avg: 1.6, Max: 3, Diff: 2, Sum: 13]
      [GC Worker Other (ms): Min: 0.0, Avg: 0.0, Max: 0.0, Diff: 0.0, Sum: 0.1]
      [GC Worker Total (ms): Min: 7.1, Avg: 7.3, Max: 7.5, Diff: 0.3, Sum: 58.2]
      [GC Worker End (ms): Min: 42067.9, Avg: 42068.0, Max: 42068.0, Diff: 0.0]
   [Code Root Fixup: 0.0 ms]
   [Code Root Purge: 0.0 ms]
   [Clear CT: 0.8 ms]
   [Other: 2.5 ms]
      [Choose CSet: 0.1 ms]
      [Ref Proc: 0.8 ms]
      [Ref Enq: 0.0 ms]
      [Redirty Cards: 1.0 ms]
      [Humongous Register: 0.1 ms]
      [Humongous Reclaim: 0.1 ms]
      [Free CSet: 0.2 ms]
   [Eden: 86016.0K(86016.0K)->0.0B(91136.0K) Survivors: 18432.0K->13312.0K Heap: 797.7M(2048.0M)->532.4M(2048.0M)]
 [Times: user=0.07 sys=0.00, real=0.01 secs] 
2021-01-22T00:59:09.048+0800: 42.084: [GC pause (G1 Evacuation Pause) (mixed), 0.0090483 secs]
   [Parallel Time: 6.1 ms, GC Workers: 8]
      [GC Worker Start (ms): Min: 42084.1, Avg: 42084.3, Max: 42084.4, Diff: 0.3]
      [Ext Root Scanning (ms): Min: 0.0, Avg: 0.1, Max: 0.2, Diff: 0.2, Sum: 0.5]
      [Update RS (ms): Min: 1.8, Avg: 1.9, Max: 1.9, Diff: 0.1, Sum: 15.0]
         [Processed Buffers: Min: 26, Avg: 27.9, Max: 29, Diff: 3, Sum: 223]
      [Scan RS (ms): Min: 0.0, Avg: 0.0, Max: 0.1, Diff: 0.1, Sum: 0.3]
      [Code Root Scanning (ms): Min: 0.0, Avg: 0.0, Max: 0.0, Diff: 0.0, Sum: 0.0]
      [Object Copy (ms): Min: 3.2, Avg: 3.3, Max: 3.3, Diff: 0.1, Sum: 26.3]
      [Termination (ms): Min: 0.0, Avg: 0.0, Max: 0.1, Diff: 0.1, Sum: 0.3]
         [Termination Attempts: Min: 1, Avg: 1.0, Max: 1, Diff: 0, Sum: 8]
      [GC Worker Other (ms): Min: 0.0, Avg: 0.0, Max: 0.0, Diff: 0.0, Sum: 0.1]
      [GC Worker Total (ms): Min: 5.2, Avg: 5.3, Max: 5.5, Diff: 0.3, Sum: 42.6]
      [GC Worker End (ms): Min: 42089.6, Avg: 42089.6, Max: 42089.6, Diff: 0.0]
   [Code Root Fixup: 0.0 ms]
   [Code Root Purge: 0.0 ms]
   [Clear CT: 1.1 ms]
   [Other: 1.9 ms]
      [Choose CSet: 0.0 ms]
      [Ref Proc: 0.5 ms]
      [Ref Enq: 0.0 ms]
      [Redirty Cards: 0.9 ms]
      [Humongous Register: 0.2 ms]
      [Humongous Reclaim: 0.1 ms]
      [Free CSet: 0.1 ms]
   [Eden: 91136.0K(91136.0K)->0.0B(594.0M) Survivors: 13312.0K->13312.0K Heap: 648.0M(2048.0M)->551.3M(2048.0M)]
 [Times: user=0.05 sys=0.00, real=0.01 secs] 
2021-01-22T00:59:09.140+0800: 42.175: [GC pause (G1 Evacuation Pause) (young), 0.0259326 secs]
   [Parallel Time: 22.1 ms, GC Workers: 8]
      [GC Worker Start (ms): Min: 42175.7, Avg: 42175.9, Max: 42176.0, Diff: 0.3]
      [Ext Root Scanning (ms): Min: 0.0, Avg: 0.1, Max: 0.2, Diff: 0.2, Sum: 0.5]
      [Update RS (ms): Min: 9.5, Avg: 9.7, Max: 9.7, Diff: 0.2, Sum: 77.3]
         [Processed Buffers: Min: 133, Avg: 143.6, Max: 148, Diff: 15, Sum: 1149]
      [Scan RS (ms): Min: 0.0, Avg: 0.1, Max: 0.1, Diff: 0.0, Sum: 0.6]
      [Code Root Scanning (ms): Min: 0.0, Avg: 0.0, Max: 0.0, Diff: 0.0, Sum: 0.0]
      [Object Copy (ms): Min: 11.5, Avg: 11.5, Max: 11.6, Diff: 0.1, Sum: 92.4]
      [Termination (ms): Min: 0.0, Avg: 0.1, Max: 0.1, Diff: 0.1, Sum: 0.6]
         [Termination Attempts: Min: 1, Avg: 1.0, Max: 1, Diff: 0, Sum: 8]
      [GC Worker Other (ms): Min: 0.0, Avg: 0.1, Max: 0.3, Diff: 0.3, Sum: 1.0]
      [GC Worker Total (ms): Min: 21.3, Avg: 21.5, Max: 21.8, Diff: 0.6, Sum: 172.2]
      [GC Worker End (ms): Min: 42197.3, Avg: 42197.4, Max: 42197.6, Diff: 0.3]
   [Code Root Fixup: 0.0 ms]
   [Code Root Purge: 0.0 ms]
   [Clear CT: 1.4 ms]
   [Other: 2.4 ms]
      [Choose CSet: 0.0 ms]
      [Ref Proc: 0.8 ms]
      [Ref Enq: 0.0 ms]
      [Redirty Cards: 0.9 ms]
      [Humongous Register: 0.1 ms]
      [Humongous Reclaim: 0.2 ms]
      [Free CSet: 0.2 ms]
   [Eden: 594.0M(594.0M)->0.0B(600.0M) Survivors: 13312.0K->77824.0K Heap: 1287.6M(2048.0M)->675.5M(2048.0M)]
 [Times: user=0.18 sys=0.00, real=0.02 secs] 
2021-01-22T00:59:09.258+0800: 42.294: [GC pause (G1 Evacuation Pause) (young), 0.0315933 secs]
   [Parallel Time: 27.3 ms, GC Workers: 8]
      [GC Worker Start (ms): Min: 42294.1, Avg: 42294.6, Max: 42296.4, Diff: 2.3]
      [Ext Root Scanning (ms): Min: 0.0, Avg: 0.1, Max: 0.2, Diff: 0.2, Sum: 0.5]
      [Update RS (ms): Min: 9.3, Avg: 11.0, Max: 11.3, Diff: 2.1, Sum: 88.2]
         [Processed Buffers: Min: 143, Avg: 163.6, Max: 177, Diff: 34, Sum: 1309]
      [Scan RS (ms): Min: 0.1, Avg: 0.1, Max: 0.1, Diff: 0.0, Sum: 0.7]
      [Code Root Scanning (ms): Min: 0.0, Avg: 0.0, Max: 0.0, Diff: 0.0, Sum: 0.0]
      [Object Copy (ms): Min: 14.9, Avg: 14.9, Max: 15.0, Diff: 0.2, Sum: 119.4]
      [Termination (ms): Min: 0.0, Avg: 0.1, Max: 0.2, Diff: 0.2, Sum: 0.9]
         [Termination Attempts: Min: 1, Avg: 1.0, Max: 1, Diff: 0, Sum: 8]
      [GC Worker Other (ms): Min: 0.0, Avg: 0.0, Max: 0.0, Diff: 0.0, Sum: 0.1]
      [GC Worker Total (ms): Min: 24.4, Avg: 26.2, Max: 26.7, Diff: 2.2, Sum: 209.9]
      [GC Worker End (ms): Min: 42320.8, Avg: 42320.8, Max: 42320.8, Diff: 0.1]
   [Code Root Fixup: 0.0 ms]
   [Code Root Purge: 0.0 ms]
   [Clear CT: 1.1 ms]
   [Other: 3.2 ms]
      [Choose CSet: 0.0 ms]
      [Ref Proc: 0.9 ms]
      [Ref Enq: 0.0 ms]
      [Redirty Cards: 1.4 ms]
      [Humongous Register: 0.3 ms]
      [Humongous Reclaim: 0.2 ms]
      [Free CSet: 0.3 ms]
   [Eden: 600.0M(600.0M)->0.0B(682.0M) Survivors: 77824.0K->87040.0K Heap: 1437.9M(2048.0M)->795.1M(2048.0M)]
 [Times: user=0.22 sys=0.01, real=0.04 secs] 
2021-01-22T00:59:09.341+0800: 42.377: [GC pause (G1 Humongous Allocation) (young) (initial-mark), 0.0231169 secs]
   [Parallel Time: 20.0 ms, GC Workers: 8]
      [GC Worker Start (ms): Min: 42377.3, Avg: 42377.5, Max: 42377.7, Diff: 0.4]
      [Ext Root Scanning (ms): Min: 0.0, Avg: 0.4, Max: 0.6, Diff: 0.6, Sum: 3.0]
      [Update RS (ms): Min: 5.9, Avg: 6.2, Max: 7.0, Diff: 1.2, Sum: 49.4]
         [Processed Buffers: Min: 81, Avg: 90.2, Max: 96, Diff: 15, Sum: 722]
      [Scan RS (ms): Min: 0.0, Avg: 0.1, Max: 0.2, Diff: 0.1, Sum: 0.6]
      [Code Root Scanning (ms): Min: 0.0, Avg: 0.0, Max: 0.0, Diff: 0.0, Sum: 0.0]
      [Object Copy (ms): Min: 11.6, Avg: 12.6, Max: 12.9, Diff: 1.3, Sum: 101.2]
      [Termination (ms): Min: 0.0, Avg: 0.0, Max: 0.1, Diff: 0.1, Sum: 0.4]
         [Termination Attempts: Min: 1, Avg: 1.1, Max: 2, Diff: 1, Sum: 9]
      [GC Worker Other (ms): Min: 0.0, Avg: 0.0, Max: 0.1, Diff: 0.1, Sum: 0.2]
      [GC Worker Total (ms): Min: 19.1, Avg: 19.3, Max: 19.5, Diff: 0.4, Sum: 154.7]
      [GC Worker End (ms): Min: 42396.8, Avg: 42396.8, Max: 42396.9, Diff: 0.1]
   [Code Root Fixup: 0.0 ms]
   [Code Root Purge: 0.0 ms]
   [Clear CT: 0.9 ms]
   [Other: 2.3 ms]
      [Choose CSet: 0.0 ms]
      [Ref Proc: 0.7 ms]
      [Ref Enq: 0.0 ms]
      [Redirty Cards: 0.9 ms]
      [Humongous Register: 0.1 ms]
      [Humongous Reclaim: 0.2 ms]
      [Free CSet: 0.2 ms]
   [Eden: 383.0M(682.0M)->0.0B(723.0M) Survivors: 87040.0K->98304.0K Heap: 1267.0M(2048.0M)->856.3M(2048.0M)]
 [Times: user=0.16 sys=0.00, real=0.02 secs] 
2021-01-22T00:59:09.365+0800: 42.401: [GC concurrent-root-region-scan-start]
2021-01-22T00:59:09.365+0800: 42.401: [GC concurrent-root-region-scan-end, 0.0003584 secs]
2021-01-22T00:59:09.365+0800: 42.401: [GC concurrent-mark-start]
2021-01-22T00:59:09.368+0800: 42.404: [GC concurrent-mark-end, 0.0026131 secs]
2021-01-22T00:59:09.369+0800: 42.404: [GC remark 2021-01-22T00:59:09.369+0800: 42.405: [Finalize Marking, 0.0010948 secs] 2021-01-22T00:59:09.370+0800: 42.406: [GC ref-proc, 0.0006668 secs] 2021-01-22T00:59:09.371+0800: 42.407: [Unloading, 0.0014169 secs], 0.0056836 secs]
 [Times: user=0.02 sys=0.00, real=0.00 secs] 
2021-01-22T00:59:09.375+0800: 42.411: [GC cleanup 882M->666M(2048M), 0.0034324 secs]
 [Times: user=0.00 sys=0.00, real=0.01 secs] 
2021-01-22T00:59:09.379+0800: 42.415: [GC concurrent-cleanup-start]
2021-01-22T00:59:09.379+0800: 42.415: [GC concurrent-cleanup-end, 0.0001475 secs]
2021-01-22T00:59:09.475+0800: 42.511: [GC pause (G1 Evacuation Pause) (young), 0.0334982 secs]
   [Parallel Time: 29.6 ms, GC Workers: 8]
      [GC Worker Start (ms): Min: 42511.4, Avg: 42511.6, Max: 42511.8, Diff: 0.3]
      [Ext Root Scanning (ms): Min: 0.0, Avg: 0.1, Max: 0.2, Diff: 0.2, Sum: 0.5]
      [Update RS (ms): Min: 12.3, Avg: 12.4, Max: 12.5, Diff: 0.1, Sum: 99.3]
         [Processed Buffers: Min: 180, Avg: 188.6, Max: 195, Diff: 15, Sum: 1509]
      [Scan RS (ms): Min: 0.1, Avg: 0.1, Max: 0.1, Diff: 0.0, Sum: 0.8]
      [Code Root Scanning (ms): Min: 0.0, Avg: 0.0, Max: 0.0, Diff: 0.0, Sum: 0.0]
      [Object Copy (ms): Min: 16.2, Avg: 16.3, Max: 16.3, Diff: 0.1, Sum: 130.2]
      [Termination (ms): Min: 0.0, Avg: 0.0, Max: 0.1, Diff: 0.1, Sum: 0.4]
         [Termination Attempts: Min: 1, Avg: 1.1, Max: 2, Diff: 1, Sum: 9]
      [GC Worker Other (ms): Min: 0.0, Avg: 0.0, Max: 0.1, Diff: 0.1, Sum: 0.4]
      [GC Worker Total (ms): Min: 28.8, Avg: 28.9, Max: 29.1, Diff: 0.3, Sum: 231.6]
      [GC Worker End (ms): Min: 42540.5, Avg: 42540.6, Max: 42540.6, Diff: 0.1]
   [Code Root Fixup: 0.0 ms]
   [Code Root Purge: 0.0 ms]
   [Clear CT: 0.9 ms]
   [Other: 3.0 ms]
      [Choose CSet: 0.0 ms]
      [Ref Proc: 0.9 ms]
      [Ref Enq: 0.0 ms]
      [Redirty Cards: 1.0 ms]
      [Humongous Register: 0.4 ms]
      [Humongous Reclaim: 0.2 ms]
      [Free CSet: 0.3 ms]
   [Eden: 723.0M(723.0M)->0.0B(8192.0K) Survivors: 98304.0K->103.0M Heap: 1550.6M(2048.0M)->735.3M(2048.0M)]
 [Times: user=0.24 sys=0.00, real=0.04 secs] 
2021-01-22T00:59:09.510+0800: 42.546: [GC pause (G1 Evacuation Pause) (mixed), 0.0141606 secs]
   [Parallel Time: 10.7 ms, GC Workers: 8]
      [GC Worker Start (ms): Min: 42546.4, Avg: 42546.5, Max: 42546.7, Diff: 0.3]
      [Ext Root Scanning (ms): Min: 0.0, Avg: 0.1, Max: 0.2, Diff: 0.2, Sum: 0.5]
      [Update RS (ms): Min: 0.3, Avg: 0.5, Max: 0.9, Diff: 0.6, Sum: 3.8]
         [Processed Buffers: Min: 4, Avg: 5.5, Max: 7, Diff: 3, Sum: 44]
      [Scan RS (ms): Min: 0.0, Avg: 0.1, Max: 0.3, Diff: 0.3, Sum: 1.0]
      [Code Root Scanning (ms): Min: 0.0, Avg: 0.0, Max: 0.0, Diff: 0.0, Sum: 0.0]
      [Object Copy (ms): Min: 8.9, Avg: 9.2, Max: 9.3, Diff: 0.4, Sum: 73.2]
      [Termination (ms): Min: 0.0, Avg: 0.0, Max: 0.1, Diff: 0.1, Sum: 0.4]
         [Termination Attempts: Min: 1, Avg: 1.1, Max: 2, Diff: 1, Sum: 9]
      [GC Worker Other (ms): Min: 0.0, Avg: 0.0, Max: 0.0, Diff: 0.0, Sum: 0.1]
      [GC Worker Total (ms): Min: 9.7, Avg: 9.9, Max: 10.0, Diff: 0.3, Sum: 79.0]
      [GC Worker End (ms): Min: 42556.4, Avg: 42556.4, Max: 42556.4, Diff: 0.0]
   [Code Root Fixup: 0.0 ms]
   [Code Root Purge: 0.0 ms]
   [Clear CT: 1.0 ms]
   [Other: 2.4 ms]
      [Choose CSet: 0.1 ms]
      [Ref Proc: 0.9 ms]
      [Ref Enq: 0.0 ms]
      [Redirty Cards: 1.0 ms]
      [Humongous Register: 0.1 ms]
      [Humongous Reclaim: 0.0 ms]
      [Free CSet: 0.2 ms]
   [Eden: 8192.0K(8192.0K)->0.0B(328.0M) Survivors: 103.0M->2048.0K Heap: 747.6M(2048.0M)->581.2M(2048.0M)]
 [Times: user=0.09 sys=0.00, real=0.01 secs] 
2021-01-22T00:59:09.570+0800: 42.605: [GC pause (G1 Evacuation Pause) (young), 0.0166956 secs]
   [Parallel Time: 13.3 ms, GC Workers: 8]
      [GC Worker Start (ms): Min: 42605.7, Avg: 42605.8, Max: 42606.0, Diff: 0.3]
      [Ext Root Scanning (ms): Min: 0.0, Avg: 0.1, Max: 0.2, Diff: 0.2, Sum: 0.5]
      [Update RS (ms): Min: 5.5, Avg: 5.6, Max: 5.6, Diff: 0.2, Sum: 44.6]
         [Processed Buffers: Min: 80, Avg: 84.1, Max: 86, Diff: 6, Sum: 673]
      [Scan RS (ms): Min: 0.0, Avg: 0.0, Max: 0.1, Diff: 0.0, Sum: 0.3]
      [Code Root Scanning (ms): Min: 0.0, Avg: 0.0, Max: 0.0, Diff: 0.0, Sum: 0.0]
      [Object Copy (ms): Min: 7.1, Avg: 7.1, Max: 7.2, Diff: 0.1, Sum: 57.1]
      [Termination (ms): Min: 0.0, Avg: 0.0, Max: 0.1, Diff: 0.1, Sum: 0.3]
         [Termination Attempts: Min: 1, Avg: 1.0, Max: 1, Diff: 0, Sum: 8]
      [GC Worker Other (ms): Min: 0.0, Avg: 0.1, Max: 0.2, Diff: 0.2, Sum: 0.5]
      [GC Worker Total (ms): Min: 12.7, Avg: 12.9, Max: 13.1, Diff: 0.4, Sum: 103.2]
      [GC Worker End (ms): Min: 42618.7, Avg: 42618.7, Max: 42618.9, Diff: 0.2]
   [Code Root Fixup: 0.0 ms]
   [Code Root Purge: 0.0 ms]
   [Clear CT: 1.0 ms]
   [Other: 2.4 ms]
      [Choose CSet: 0.0 ms]
      [Ref Proc: 0.8 ms]
      [Ref Enq: 0.0 ms]
      [Redirty Cards: 1.0 ms]
      [Humongous Register: 0.1 ms]
      [Humongous Reclaim: 0.2 ms]
      [Free CSet: 0.1 ms]
   [Eden: 328.0M(328.0M)->0.0B(279.0M) Survivors: 2048.0K->43008.0K Heap: 992.1M(2048.0M)->670.8M(2048.0M)]
 [Times: user=0.11 sys=0.00, real=0.01 secs] 
2021-01-22T00:59:09.626+0800: 42.662: [GC pause (G1 Evacuation Pause) (young), 0.0195829 secs]
   [Parallel Time: 15.1 ms, GC Workers: 8]
      [GC Worker Start (ms): Min: 42661.9, Avg: 42662.1, Max: 42662.2, Diff: 0.4]
      [Ext Root Scanning (ms): Min: 0.0, Avg: 0.1, Max: 0.2, Diff: 0.2, Sum: 0.4]
      [Update RS (ms): Min: 5.3, Avg: 5.4, Max: 5.5, Diff: 0.1, Sum: 43.2]
         [Processed Buffers: Min: 80, Avg: 82.2, Max: 84, Diff: 4, Sum: 658]
      [Scan RS (ms): Min: 0.0, Avg: 0.0, Max: 0.0, Diff: 0.0, Sum: 0.3]
      [Code Root Scanning (ms): Min: 0.0, Avg: 0.0, Max: 0.0, Diff: 0.0, Sum: 0.0]
      [Object Copy (ms): Min: 9.1, Avg: 9.1, Max: 9.2, Diff: 0.1, Sum: 72.7]
      [Termination (ms): Min: 0.0, Avg: 0.1, Max: 0.2, Diff: 0.2, Sum: 1.0]
         [Termination Attempts: Min: 1, Avg: 1.0, Max: 1, Diff: 0, Sum: 8]
      [GC Worker Other (ms): Min: 0.0, Avg: 0.0, Max: 0.0, Diff: 0.0, Sum: 0.1]
      [GC Worker Total (ms): Min: 14.5, Avg: 14.7, Max: 14.9, Diff: 0.4, Sum: 117.6]
      [GC Worker End (ms): Min: 42676.8, Avg: 42676.8, Max: 42676.8, Diff: 0.1]
   [Code Root Fixup: 0.0 ms]
   [Code Root Purge: 0.0 ms]
   [Clear CT: 1.0 ms]
   [Other: 3.4 ms]
      [Choose CSet: 0.0 ms]
      [Ref Proc: 1.3 ms]
      [Ref Enq: 0.0 ms]
      [Redirty Cards: 1.1 ms]
      [Humongous Register: 0.1 ms]
      [Humongous Reclaim: 0.3 ms]
      [Free CSet: 0.3 ms]
   [Eden: 279.0M(279.0M)->0.0B(372.0M) Survivors: 43008.0K->41984.0K Heap: 1030.8M(2048.0M)->742.7M(2048.0M)]
 [Times: user=0.13 sys=0.00, real=0.02 secs] 
2021-01-22T00:59:09.697+0800: 42.733: [GC pause (G1 Humongous Allocation) (young) (initial-mark), 0.0227032 secs]
   [Parallel Time: 19.6 ms, GC Workers: 8]
      [GC Worker Start (ms): Min: 42733.2, Avg: 42733.4, Max: 42733.6, Diff: 0.4]
      [Ext Root Scanning (ms): Min: 0.1, Avg: 0.4, Max: 0.6, Diff: 0.5, Sum: 3.4]
      [Update RS (ms): Min: 6.7, Avg: 6.9, Max: 7.4, Diff: 0.7, Sum: 55.0]
         [Processed Buffers: Min: 54, Avg: 96.0, Max: 108, Diff: 54, Sum: 768]
      [Scan RS (ms): Min: 0.0, Avg: 0.0, Max: 0.1, Diff: 0.0, Sum: 0.3]
      [Code Root Scanning (ms): Min: 0.0, Avg: 0.0, Max: 0.0, Diff: 0.0, Sum: 0.0]
      [Object Copy (ms): Min: 9.4, Avg: 10.2, Max: 11.6, Diff: 2.2, Sum: 81.3]
      [Termination (ms): Min: 0.0, Avg: 1.3, Max: 1.6, Diff: 1.6, Sum: 10.7]
         [Termination Attempts: Min: 1, Avg: 1.1, Max: 2, Diff: 1, Sum: 9]
      [GC Worker Other (ms): Min: 0.0, Avg: 0.0, Max: 0.0, Diff: 0.0, Sum: 0.1]
      [GC Worker Total (ms): Min: 18.6, Avg: 18.9, Max: 19.1, Diff: 0.4, Sum: 150.9]
      [GC Worker End (ms): Min: 42752.2, Avg: 42752.2, Max: 42752.3, Diff: 0.1]
   [Code Root Fixup: 0.0 ms]
   [Code Root Purge: 0.0 ms]
   [Clear CT: 1.1 ms]
   [Other: 1.9 ms]
      [Choose CSet: 0.0 ms]
      [Ref Proc: 0.4 ms]
      [Ref Enq: 0.0 ms]
      [Redirty Cards: 0.9 ms]
      [Humongous Register: 0.1 ms]
      [Humongous Reclaim: 0.2 ms]
      [Free CSet: 0.1 ms]
   [Eden: 333.0M(372.0M)->0.0B(472.0M) Survivors: 41984.0K->53248.0K Heap: 1169.8M(2048.0M)->825.7M(2048.0M)]
 [Times: user=0.15 sys=0.00, real=0.03 secs] 
2021-01-22T00:59:09.720+0800: 42.756: [GC concurrent-root-region-scan-start]
2021-01-22T00:59:09.721+0800: 42.756: [GC concurrent-root-region-scan-end, 0.0001852 secs]
2021-01-22T00:59:09.721+0800: 42.756: [GC concurrent-mark-start]
2021-01-22T00:59:09.723+0800: 42.759: [GC concurrent-mark-end, 0.0026914 secs]
2021-01-22T00:59:09.724+0800: 42.759: [GC remark 2021-01-22T00:59:09.724+0800: 42.760: [Finalize Marking, 0.0007986 secs] 2021-01-22T00:59:09.725+0800: 42.761: [GC ref-proc, 0.0005150 secs] 2021-01-22T00:59:09.726+0800: 42.762: [Unloading, 0.0013649 secs], 0.0050634 secs]
 [Times: user=0.01 sys=0.00, real=0.01 secs] 
2021-01-22T00:59:09.729+0800: 42.765: [GC cleanup 851M->696M(2048M), 0.0041168 secs]
 [Times: user=0.01 sys=0.00, real=0.00 secs] 
2021-01-22T00:59:09.734+0800: 42.770: [GC concurrent-cleanup-start]
2021-01-22T00:59:09.734+0800: 42.770: [GC concurrent-cleanup-end, 0.0001159 secs]
2021-01-22T00:59:09.797+0800: 42.833: [GC pause (G1 Evacuation Pause) (young), 0.0306824 secs]
   [Parallel Time: 26.2 ms, GC Workers: 8]
      [GC Worker Start (ms): Min: 42833.7, Avg: 42833.9, Max: 42834.0, Diff: 0.3]
      [Ext Root Scanning (ms): Min: 0.0, Avg: 0.1, Max: 0.2, Diff: 0.2, Sum: 0.5]
      [Update RS (ms): Min: 8.1, Avg: 8.2, Max: 8.3, Diff: 0.2, Sum: 65.7]
         [Processed Buffers: Min: 114, Avg: 124.1, Max: 127, Diff: 13, Sum: 993]
      [Scan RS (ms): Min: 0.1, Avg: 0.1, Max: 0.1, Diff: 0.0, Sum: 0.7]
      [Code Root Scanning (ms): Min: 0.0, Avg: 0.0, Max: 0.0, Diff: 0.0, Sum: 0.0]
      [Object Copy (ms): Min: 12.9, Avg: 13.4, Max: 16.9, Diff: 4.0, Sum: 107.2]
      [Termination (ms): Min: 0.0, Avg: 3.5, Max: 4.1, Diff: 4.1, Sum: 28.0]
         [Termination Attempts: Min: 1, Avg: 1.0, Max: 1, Diff: 0, Sum: 8]
      [GC Worker Other (ms): Min: 0.0, Avg: 0.0, Max: 0.0, Diff: 0.0, Sum: 0.1]
      [GC Worker Total (ms): Min: 25.2, Avg: 25.3, Max: 25.4, Diff: 0.3, Sum: 202.2]
      [GC Worker End (ms): Min: 42859.1, Avg: 42859.1, Max: 42859.2, Diff: 0.0]
   [Code Root Fixup: 0.0 ms]
   [Code Root Purge: 0.0 ms]
   [Clear CT: 1.1 ms]
   [Other: 3.4 ms]
      [Choose CSet: 0.0 ms]
      [Ref Proc: 1.0 ms]
      [Ref Enq: 0.0 ms]
      [Redirty Cards: 1.4 ms]
      [Humongous Register: 0.1 ms]
      [Humongous Reclaim: 0.3 ms]
      [Free CSet: 0.3 ms]
   [Eden: 472.0M(472.0M)->0.0B(36864.0K) Survivors: 53248.0K->67584.0K Heap: 1265.5M(2048.0M)->761.6M(2048.0M)]
 [Times: user=0.20 sys=0.01, real=0.04 secs] 
2021-01-22T00:59:09.834+0800: 42.870: [GC pause (G1 Evacuation Pause) (mixed), 0.0125358 secs]
   [Parallel Time: 9.0 ms, GC Workers: 8]
      [GC Worker Start (ms): Min: 42870.1, Avg: 42870.3, Max: 42870.5, Diff: 0.4]
      [Ext Root Scanning (ms): Min: 0.0, Avg: 0.1, Max: 0.3, Diff: 0.3, Sum: 0.7]
      [Update RS (ms): Min: 0.3, Avg: 0.4, Max: 0.5, Diff: 0.2, Sum: 3.5]
         [Processed Buffers: Min: 5, Avg: 6.9, Max: 8, Diff: 3, Sum: 55]
      [Scan RS (ms): Min: 0.1, Avg: 0.1, Max: 0.1, Diff: 0.0, Sum: 0.7]
      [Code Root Scanning (ms): Min: 0.0, Avg: 0.0, Max: 0.0, Diff: 0.0, Sum: 0.1]
      [Object Copy (ms): Min: 7.7, Avg: 7.7, Max: 7.8, Diff: 0.1, Sum: 61.8]
      [Termination (ms): Min: 0.0, Avg: 0.1, Max: 0.1, Diff: 0.1, Sum: 0.4]
         [Termination Attempts: Min: 1, Avg: 1.0, Max: 1, Diff: 0, Sum: 8]
      [GC Worker Other (ms): Min: 0.0, Avg: 0.0, Max: 0.0, Diff: 0.0, Sum: 0.0]
      [GC Worker Total (ms): Min: 8.2, Avg: 8.4, Max: 8.6, Diff: 0.4, Sum: 67.1]
      [GC Worker End (ms): Min: 42878.7, Avg: 42878.7, Max: 42878.7, Diff: 0.0]
   [Code Root Fixup: 0.0 ms]
   [Code Root Purge: 0.0 ms]
   [Clear CT: 1.3 ms]
   [Other: 2.3 ms]
      [Choose CSet: 0.1 ms]
      [Ref Proc: 0.6 ms]
      [Ref Enq: 0.0 ms]
      [Redirty Cards: 1.0 ms]
      [Humongous Register: 0.1 ms]
      [Humongous Reclaim: 0.1 ms]
      [Free CSet: 0.2 ms]
   [Eden: 36864.0K(36864.0K)->0.0B(710.0M) Survivors: 67584.0K->12288.0K Heap: 803.3M(2048.0M)->582.8M(2048.0M)]
 [Times: user=0.07 sys=0.00, real=0.01 secs] 
2021-01-22T00:59:09.945+0800: 42.981: [GC pause (G1 Evacuation Pause) (young), 0.0307985 secs]
   [Parallel Time: 26.6 ms, GC Workers: 8]
      [GC Worker Start (ms): Min: 42981.5, Avg: 42981.7, Max: 42981.8, Diff: 0.3]
      [Ext Root Scanning (ms): Min: 0.0, Avg: 0.1, Max: 0.2, Diff: 0.2, Sum: 0.6]
      [Update RS (ms): Min: 12.1, Avg: 12.1, Max: 12.1, Diff: 0.1, Sum: 96.8]
         [Processed Buffers: Min: 68, Avg: 169.1, Max: 189, Diff: 121, Sum: 1353]
      [Scan RS (ms): Min: 0.1, Avg: 0.1, Max: 0.1, Diff: 0.0, Sum: 0.7]
      [Code Root Scanning (ms): Min: 0.0, Avg: 0.0, Max: 0.0, Diff: 0.0, Sum: 0.0]
      [Object Copy (ms): Min: 13.2, Avg: 13.2, Max: 13.2, Diff: 0.1, Sum: 105.7]
      [Termination (ms): Min: 0.0, Avg: 0.0, Max: 0.1, Diff: 0.1, Sum: 0.3]
         [Termination Attempts: Min: 1, Avg: 1.0, Max: 1, Diff: 0, Sum: 8]
      [GC Worker Other (ms): Min: 0.0, Avg: 0.1, Max: 0.3, Diff: 0.3, Sum: 0.6]
      [GC Worker Total (ms): Min: 25.4, Avg: 25.6, Max: 25.9, Diff: 0.5, Sum: 204.7]
      [GC Worker End (ms): Min: 43007.2, Avg: 43007.3, Max: 43007.4, Diff: 0.3]
   [Code Root Fixup: 0.0 ms]
   [Code Root Purge: 0.0 ms]
   [Clear CT: 1.1 ms]
   [Other: 3.1 ms]
      [Choose CSet: 0.0 ms]
      [Ref Proc: 0.9 ms]
      [Ref Enq: 0.0 ms]
      [Redirty Cards: 1.1 ms]
      [Humongous Register: 0.3 ms]
      [Humongous Reclaim: 0.3 ms]
      [Free CSet: 0.3 ms]
   [Eden: 710.0M(710.0M)->0.0B(781.0M) Survivors: 12288.0K->93184.0K Heap: 1460.6M(2048.0M)->723.7M(2048.0M)]
 [Times: user=0.20 sys=0.01, real=0.03 secs] 
2021-01-22T00:59:10.049+0800: 43.085: [GC pause (G1 Humongous Allocation) (young) (initial-mark), 0.0294118 secs]
   [Parallel Time: 25.8 ms, GC Workers: 8]
      [GC Worker Start (ms): Min: 43085.7, Avg: 43085.9, Max: 43086.1, Diff: 0.5]
      [Ext Root Scanning (ms): Min: 0.0, Avg: 0.4, Max: 0.6, Diff: 0.6, Sum: 3.3]
      [Update RS (ms): Min: 9.7, Avg: 9.8, Max: 10.0, Diff: 0.2, Sum: 78.7]
         [Processed Buffers: Min: 144, Avg: 147.6, Max: 153, Diff: 9, Sum: 1181]
      [Scan RS (ms): Min: 0.0, Avg: 0.1, Max: 0.1, Diff: 0.0, Sum: 0.5]
      [Code Root Scanning (ms): Min: 0.0, Avg: 0.0, Max: 0.0, Diff: 0.0, Sum: 0.0]
      [Object Copy (ms): Min: 14.5, Avg: 14.6, Max: 14.7, Diff: 0.2, Sum: 116.9]
      [Termination (ms): Min: 0.0, Avg: 0.1, Max: 0.2, Diff: 0.2, Sum: 1.1]
         [Termination Attempts: Min: 1, Avg: 1.2, Max: 3, Diff: 2, Sum: 10]
      [GC Worker Other (ms): Min: 0.0, Avg: 0.0, Max: 0.1, Diff: 0.0, Sum: 0.1]
      [GC Worker Total (ms): Min: 24.8, Avg: 25.1, Max: 25.3, Diff: 0.5, Sum: 200.6]
      [GC Worker End (ms): Min: 43111.0, Avg: 43111.0, Max: 43111.0, Diff: 0.0]
   [Code Root Fixup: 0.0 ms]
   [Code Root Purge: 0.0 ms]
   [Clear CT: 0.9 ms]
   [Other: 2.6 ms]
      [Choose CSet: 0.0 ms]
      [Ref Proc: 0.8 ms]
      [Ref Enq: 0.0 ms]
      [Redirty Cards: 1.0 ms]
      [Humongous Register: 0.2 ms]
      [Humongous Reclaim: 0.2 ms]
      [Free CSet: 0.3 ms]
   [Eden: 510.0M(781.0M)->0.0B(731.0M) Survivors: 93184.0K->109.0M Heap: 1379.6M(2048.0M)->834.4M(2048.0M)]
 [Times: user=0.20 sys=0.01, real=0.03 secs] 
2021-01-22T00:59:10.080+0800: 43.116: [GC concurrent-root-region-scan-start]
2021-01-22T00:59:10.080+0800: 43.116: [GC concurrent-root-region-scan-end, 0.0002603 secs]
2021-01-22T00:59:10.080+0800: 43.116: [GC concurrent-mark-start]
2021-01-22T00:59:10.083+0800: 43.119: [GC concurrent-mark-end, 0.0025262 secs]
2021-01-22T00:59:10.083+0800: 43.119: [GC remark 2021-01-22T00:59:10.083+0800: 43.119: [Finalize Marking, 0.0011509 secs] 2021-01-22T00:59:10.085+0800: 43.121: [GC ref-proc, 0.0005132 secs] 2021-01-22T00:59:10.085+0800: 43.121: [Unloading, 0.0014346 secs], 0.0054323 secs]
 [Times: user=0.01 sys=0.01, real=0.01 secs] 
2021-01-22T00:59:10.089+0800: 43.125: [GC cleanup 865M->694M(2048M), 0.0033345 secs]
 [Times: user=0.01 sys=0.00, real=0.00 secs] 
2021-01-22T00:59:10.093+0800: 43.129: [GC concurrent-cleanup-start]
2021-01-22T00:59:10.093+0800: 43.129: [GC concurrent-cleanup-end, 0.0000985 secs]
2021-01-22T00:59:10.193+0800: 43.229: [GC pause (G1 Evacuation Pause) (young), 0.0353153 secs]
   [Parallel Time: 30.6 ms, GC Workers: 8]
      [GC Worker Start (ms): Min: 43229.6, Avg: 43229.8, Max: 43230.0, Diff: 0.3]
      [Ext Root Scanning (ms): Min: 0.0, Avg: 0.1, Max: 0.2, Diff: 0.2, Sum: 0.5]
      [Update RS (ms): Min: 12.9, Avg: 13.0, Max: 13.1, Diff: 0.1, Sum: 104.0]
         [Processed Buffers: Min: 186, Avg: 194.4, Max: 200, Diff: 14, Sum: 1555]
      [Scan RS (ms): Min: 0.1, Avg: 0.1, Max: 0.1, Diff: 0.0, Sum: 0.8]
      [Code Root Scanning (ms): Min: 0.0, Avg: 0.0, Max: 0.0, Diff: 0.0, Sum: 0.0]
      [Object Copy (ms): Min: 16.6, Avg: 16.6, Max: 16.7, Diff: 0.1, Sum: 133.1]
      [Termination (ms): Min: 0.0, Avg: 0.0, Max: 0.1, Diff: 0.1, Sum: 0.3]
         [Termination Attempts: Min: 1, Avg: 1.0, Max: 1, Diff: 0, Sum: 8]
      [GC Worker Other (ms): Min: 0.0, Avg: 0.2, Max: 0.4, Diff: 0.4, Sum: 1.5]
      [GC Worker Total (ms): Min: 29.8, Avg: 30.0, Max: 30.4, Diff: 0.6, Sum: 240.3]
      [GC Worker End (ms): Min: 43259.7, Avg: 43259.9, Max: 43260.1, Diff: 0.4]
   [Code Root Fixup: 0.0 ms]
   [Code Root Purge: 0.0 ms]
   [Clear CT: 1.1 ms]
   [Other: 3.6 ms]
      [Choose CSet: 0.0 ms]
      [Ref Proc: 1.0 ms]
      [Ref Enq: 0.0 ms]
      [Redirty Cards: 1.7 ms]
      [Humongous Register: 0.2 ms]
      [Humongous Reclaim: 0.2 ms]
      [Free CSet: 0.4 ms]
   [Eden: 731.0M(731.0M)->0.0B(7168.0K) Survivors: 109.0M->105.0M Heap: 1587.5M(2048.0M)->764.8M(2048.0M)]
 [Times: user=0.25 sys=0.00, real=0.04 secs] 
2021-01-22T00:59:10.231+0800: 43.267: [GC pause (G1 Evacuation Pause) (mixed), 0.0137539 secs]
   [Parallel Time: 10.3 ms, GC Workers: 8]
      [GC Worker Start (ms): Min: 43267.0, Avg: 43267.2, Max: 43267.4, Diff: 0.3]
      [Ext Root Scanning (ms): Min: 0.0, Avg: 0.1, Max: 0.2, Diff: 0.2, Sum: 0.5]
      [Update RS (ms): Min: 0.0, Avg: 0.1, Max: 0.1, Diff: 0.1, Sum: 0.6]
         [Processed Buffers: Min: 0, Avg: 1.1, Max: 2, Diff: 2, Sum: 9]
      [Scan RS (ms): Min: 0.0, Avg: 0.1, Max: 0.1, Diff: 0.1, Sum: 0.5]
      [Code Root Scanning (ms): Min: 0.0, Avg: 0.0, Max: 0.0, Diff: 0.0, Sum: 0.0]
      [Object Copy (ms): Min: 9.7, Avg: 9.7, Max: 9.7, Diff: 0.0, Sum: 77.8]
      [Termination (ms): Min: 0.0, Avg: 0.0, Max: 0.1, Diff: 0.1, Sum: 0.3]
         [Termination Attempts: Min: 1, Avg: 1.0, Max: 1, Diff: 0, Sum: 8]
      [GC Worker Other (ms): Min: 0.0, Avg: 0.0, Max: 0.0, Diff: 0.0, Sum: 0.1]
      [GC Worker Total (ms): Min: 9.8, Avg: 10.0, Max: 10.2, Diff: 0.3, Sum: 79.7]
      [GC Worker End (ms): Min: 43277.2, Avg: 43277.2, Max: 43277.2, Diff: 0.0]
   [Code Root Fixup: 0.0 ms]
   [Code Root Purge: 0.0 ms]
   [Clear CT: 1.3 ms]
   [Other: 2.2 ms]
      [Choose CSet: 0.1 ms]
      [Ref Proc: 0.6 ms]
      [Ref Enq: 0.0 ms]
      [Redirty Cards: 1.0 ms]
      [Humongous Register: 0.2 ms]
      [Humongous Reclaim: 0.1 ms]
      [Free CSet: 0.2 ms]
   [Eden: 7168.0K(7168.0K)->0.0B(925.0M) Survivors: 105.0M->2048.0K Heap: 771.8M(2048.0M)->599.8M(2048.0M)]
 [Times: user=0.08 sys=0.00, real=0.01 secs] 
2021-01-22T00:59:10.333+0800: 43.369: [GC pause (G1 Humongous Allocation) (young) (initial-mark), 0.0276384 secs]
   [Parallel Time: 24.1 ms, GC Workers: 8]
      [GC Worker Start (ms): Min: 43369.1, Avg: 43369.3, Max: 43369.5, Diff: 0.4]
      [Ext Root Scanning (ms): Min: 0.0, Avg: 0.4, Max: 0.5, Diff: 0.5, Sum: 3.1]
      [Update RS (ms): Min: 10.7, Avg: 10.8, Max: 10.9, Diff: 0.3, Sum: 86.2]
         [Processed Buffers: Min: 149, Avg: 159.0, Max: 167, Diff: 18, Sum: 1272]
      [Scan RS (ms): Min: 0.1, Avg: 0.1, Max: 0.1, Diff: 0.0, Sum: 0.6]
      [Code Root Scanning (ms): Min: 0.0, Avg: 0.0, Max: 0.0, Diff: 0.0, Sum: 0.0]
      [Object Copy (ms): Min: 12.2, Avg: 12.2, Max: 12.2, Diff: 0.1, Sum: 97.6]
      [Termination (ms): Min: 0.0, Avg: 0.1, Max: 0.1, Diff: 0.1, Sum: 0.5]
         [Termination Attempts: Min: 1, Avg: 1.0, Max: 1, Diff: 0, Sum: 8]
      [GC Worker Other (ms): Min: 0.0, Avg: 0.0, Max: 0.0, Diff: 0.0, Sum: 0.1]
      [GC Worker Total (ms): Min: 23.3, Avg: 23.5, Max: 23.7, Diff: 0.4, Sum: 188.1]
      [GC Worker End (ms): Min: 43392.8, Avg: 43392.8, Max: 43392.8, Diff: 0.0]
   [Code Root Fixup: 0.0 ms]
   [Code Root Purge: 0.0 ms]
   [Clear CT: 0.9 ms]
   [Other: 2.5 ms]
      [Choose CSet: 0.0 ms]
      [Ref Proc: 0.9 ms]
      [Ref Enq: 0.0 ms]
      [Redirty Cards: 0.8 ms]
      [Humongous Register: 0.2 ms]
      [Humongous Reclaim: 0.2 ms]
      [Free CSet: 0.2 ms]
   [Eden: 626.0M(925.0M)->0.0B(832.0M) Survivors: 2048.0K->116.0M Heap: 1383.3M(2048.0M)->725.4M(2048.0M)]
 [Times: user=0.19 sys=0.00, real=0.03 secs] 
2021-01-22T00:59:10.361+0800: 43.397: [GC concurrent-root-region-scan-start]
2021-01-22T00:59:10.361+0800: 43.397: [GC concurrent-root-region-scan-end, 0.0002451 secs]
2021-01-22T00:59:10.361+0800: 43.397: [GC concurrent-mark-start]
2021-01-22T00:59:10.364+0800: 43.400: [GC concurrent-mark-end, 0.0025687 secs]
2021-01-22T00:59:10.364+0800: 43.400: [GC remark 2021-01-22T00:59:10.364+0800: 43.400: [Finalize Marking, 0.0007957 secs] 2021-01-22T00:59:10.366+0800: 43.401: [GC ref-proc, 0.0005407 secs] 2021-01-22T00:59:10.366+0800: 43.402: [Unloading, 0.0009531 secs], 0.0048430 secs]
 [Times: user=0.02 sys=0.00, real=0.01 secs] 
2021-01-22T00:59:10.370+0800: 43.406: [GC cleanup 752M->641M(2048M), 0.0035214 secs]
 [Times: user=0.01 sys=0.00, real=0.00 secs] 
2021-01-22T00:59:10.374+0800: 43.410: [GC concurrent-cleanup-start]
2021-01-22T00:59:10.374+0800: 43.410: [GC concurrent-cleanup-end, 0.0000570 secs]
2021-01-22T00:59:10.490+0800: 43.526: [GC pause (G1 Evacuation Pause) (young) (to-space exhausted), 0.0383025 secs]
   [Parallel Time: 33.2 ms, GC Workers: 8]
      [GC Worker Start (ms): Min: 43526.2, Avg: 43526.4, Max: 43526.6, Diff: 0.3]
      [Ext Root Scanning (ms): Min: 0.0, Avg: 0.1, Max: 0.2, Diff: 0.2, Sum: 0.4]
      [Update RS (ms): Min: 15.3, Avg: 15.4, Max: 15.5, Diff: 0.2, Sum: 123.3]
         [Processed Buffers: Min: 176, Avg: 221.1, Max: 242, Diff: 66, Sum: 1769]
      [Scan RS (ms): Min: 0.1, Avg: 0.1, Max: 0.2, Diff: 0.1, Sum: 1.1]
      [Code Root Scanning (ms): Min: 0.0, Avg: 0.0, Max: 0.0, Diff: 0.0, Sum: 0.0]
      [Object Copy (ms): Min: 16.3, Avg: 16.3, Max: 16.4, Diff: 0.1, Sum: 130.7]
      [Termination (ms): Min: 0.0, Avg: 0.1, Max: 0.1, Diff: 0.1, Sum: 0.4]
         [Termination Attempts: Min: 1, Avg: 1.0, Max: 1, Diff: 0, Sum: 8]
      [GC Worker Other (ms): Min: 0.0, Avg: 0.1, Max: 0.3, Diff: 0.3, Sum: 0.6]
      [GC Worker Total (ms): Min: 31.9, Avg: 32.1, Max: 32.2, Diff: 0.4, Sum: 256.6]
      [GC Worker End (ms): Min: 43558.4, Avg: 43558.5, Max: 43558.7, Diff: 0.3]
   [Code Root Fixup: 0.0 ms]
   [Code Root Purge: 0.0 ms]
   [Clear CT: 1.0 ms]
   [Other: 4.0 ms]
      [Evacuation Failure: 1.1 ms]
      [Choose CSet: 0.0 ms]
      [Ref Proc: 0.5 ms]
      [Ref Enq: 0.0 ms]
      [Redirty Cards: 1.1 ms]
      [Humongous Register: 0.2 ms]
      [Humongous Reclaim: 0.5 ms]
      [Free CSet: 0.4 ms]
   [Eden: 832.0M(832.0M)->0.0B(7168.0K) Survivors: 116.0M->119.0M Heap: 1666.2M(2048.0M)->857.8M(2048.0M)]
 [Times: user=0.27 sys=0.00, real=0.04 secs] 
2021-01-22T00:59:10.530+0800: 43.566: [GC pause (G1 Evacuation Pause) (mixed), 0.0163324 secs]
   [Parallel Time: 12.4 ms, GC Workers: 8]
      [GC Worker Start (ms): Min: 43566.6, Avg: 43566.8, Max: 43566.9, Diff: 0.3]
      [Ext Root Scanning (ms): Min: 0.0, Avg: 0.1, Max: 0.2, Diff: 0.2, Sum: 0.7]
      [Update RS (ms): Min: 0.1, Avg: 0.2, Max: 0.2, Diff: 0.1, Sum: 1.6]
         [Processed Buffers: Min: 3, Avg: 4.0, Max: 5, Diff: 2, Sum: 32]
      [Scan RS (ms): Min: 0.1, Avg: 0.1, Max: 0.1, Diff: 0.0, Sum: 0.5]
      [Code Root Scanning (ms): Min: 0.0, Avg: 0.0, Max: 0.1, Diff: 0.1, Sum: 0.1]
      [Object Copy (ms): Min: 11.1, Avg: 11.1, Max: 11.2, Diff: 0.1, Sum: 89.0]
      [Termination (ms): Min: 0.0, Avg: 0.1, Max: 0.1, Diff: 0.1, Sum: 0.5]
         [Termination Attempts: Min: 1, Avg: 1.0, Max: 1, Diff: 0, Sum: 8]
      [GC Worker Other (ms): Min: 0.0, Avg: 0.0, Max: 0.0, Diff: 0.0, Sum: 0.1]
      [GC Worker Total (ms): Min: 11.4, Avg: 11.6, Max: 11.8, Diff: 0.3, Sum: 92.4]
      [GC Worker End (ms): Min: 43578.3, Avg: 43578.3, Max: 43578.4, Diff: 0.0]
   [Code Root Fixup: 0.0 ms]
   [Code Root Purge: 0.0 ms]
   [Clear CT: 1.4 ms]
   [Other: 2.6 ms]
      [Choose CSet: 0.1 ms]
      [Ref Proc: 0.5 ms]
      [Ref Enq: 0.0 ms]
      [Redirty Cards: 1.1 ms]
      [Humongous Register: 0.2 ms]
      [Humongous Reclaim: 0.1 ms]
      [Free CSet: 0.4 ms]
   [Eden: 7168.0K(7168.0K)->0.0B(841.0M) Survivors: 119.0M->1024.0K Heap: 866.7M(2048.0M)->721.6M(2048.0M)]
 [Times: user=0.10 sys=0.00, real=0.01 secs] 
2021-01-22T00:59:10.596+0800: 43.632: [GC pause (G1 Humongous Allocation) (young) (initial-mark), 0.0182179 secs]
   [Parallel Time: 14.3 ms, GC Workers: 8]
      [GC Worker Start (ms): Min: 43632.6, Avg: 43632.8, Max: 43633.0, Diff: 0.4]
      [Ext Root Scanning (ms): Min: 0.0, Avg: 0.4, Max: 0.6, Diff: 0.5, Sum: 3.4]
      [Update RS (ms): Min: 5.5, Avg: 5.6, Max: 5.8, Diff: 0.3, Sum: 44.6]
         [Processed Buffers: Min: 83, Avg: 84.8, Max: 87, Diff: 4, Sum: 678]
      [Scan RS (ms): Min: 0.0, Avg: 0.0, Max: 0.1, Diff: 0.0, Sum: 0.2]
      [Code Root Scanning (ms): Min: 0.0, Avg: 0.0, Max: 0.0, Diff: 0.0, Sum: 0.0]
      [Object Copy (ms): Min: 7.5, Avg: 7.5, Max: 7.6, Diff: 0.1, Sum: 60.4]
      [Termination (ms): Min: 0.0, Avg: 0.1, Max: 0.2, Diff: 0.2, Sum: 0.5]
         [Termination Attempts: Min: 1, Avg: 1.2, Max: 2, Diff: 1, Sum: 10]
      [GC Worker Other (ms): Min: 0.0, Avg: 0.0, Max: 0.0, Diff: 0.0, Sum: 0.1]
      [GC Worker Total (ms): Min: 13.4, Avg: 13.6, Max: 13.8, Diff: 0.4, Sum: 109.2]
      [GC Worker End (ms): Min: 43646.4, Avg: 43646.4, Max: 43646.4, Diff: 0.0]
   [Code Root Fixup: 0.0 ms]
   [Code Root Purge: 0.0 ms]
   [Clear CT: 1.2 ms]
   [Other: 2.8 ms]
      [Choose CSet: 0.0 ms]
      [Ref Proc: 0.8 ms]
      [Ref Enq: 0.0 ms]
      [Redirty Cards: 1.3 ms]
      [Humongous Register: 0.1 ms]
      [Humongous Reclaim: 0.2 ms]
      [Free CSet: 0.2 ms]
   [Eden: 340.0M(841.0M)->0.0B(778.0M) Survivors: 1024.0K->94208.0K Heap: 1145.1M(2048.0M)->803.7M(2048.0M)]
 [Times: user=0.12 sys=0.00, real=0.02 secs] 
2021-01-22T00:59:10.615+0800: 43.651: [GC concurrent-root-region-scan-start]
2021-01-22T00:59:10.616+0800: 43.652: [GC concurrent-root-region-scan-end, 0.0003721 secs]
2021-01-22T00:59:10.616+0800: 43.652: [GC concurrent-mark-start]
2021-01-22T00:59:10.619+0800: 43.655: [GC concurrent-mark-end, 0.0027073 secs]
2021-01-22T00:59:10.619+0800: 43.655: [GC remark 2021-01-22T00:59:10.619+0800: 43.655: [Finalize Marking, 0.0011703 secs] 2021-01-22T00:59:10.621+0800: 43.657: [GC ref-proc, 0.0004797 secs] 2021-01-22T00:59:10.622+0800: 43.658: [Unloading, 0.0008326 secs], 0.0054452 secs]
 [Times: user=0.01 sys=0.00, real=0.00 secs] 
2021-01-22T00:59:10.625+0800: 43.661: [GC cleanup 832M->685M(2048M), 0.0037353 secs]
 [Times: user=0.00 sys=0.01, real=0.01 secs] 
2021-01-22T00:59:10.630+0800: 43.666: [GC concurrent-cleanup-start]
2021-01-22T00:59:10.630+0800: 43.666: [GC concurrent-cleanup-end, 0.0000879 secs]
2021-01-22T00:59:10.736+0800: 43.772: [GC pause (G1 Evacuation Pause) (young), 0.0364621 secs]
   [Parallel Time: 32.4 ms, GC Workers: 8]
      [GC Worker Start (ms): Min: 43772.7, Avg: 43773.0, Max: 43773.1, Diff: 0.4]
      [Ext Root Scanning (ms): Min: 0.0, Avg: 0.1, Max: 0.3, Diff: 0.3, Sum: 0.6]
      [Update RS (ms): Min: 13.4, Avg: 13.5, Max: 13.6, Diff: 0.1, Sum: 108.3]
         [Processed Buffers: Min: 177, Avg: 197.8, Max: 208, Diff: 31, Sum: 1582]
      [Scan RS (ms): Min: 0.1, Avg: 0.1, Max: 0.2, Diff: 0.0, Sum: 1.0]
      [Code Root Scanning (ms): Min: 0.0, Avg: 0.0, Max: 0.0, Diff: 0.0, Sum: 0.0]
      [Object Copy (ms): Min: 17.4, Avg: 17.6, Max: 17.9, Diff: 0.5, Sum: 140.6]
      [Termination (ms): Min: 0.0, Avg: 0.4, Max: 0.5, Diff: 0.5, Sum: 3.0]
         [Termination Attempts: Min: 1, Avg: 1.0, Max: 1, Diff: 0, Sum: 8]
      [GC Worker Other (ms): Min: 0.0, Avg: 0.1, Max: 0.2, Diff: 0.2, Sum: 0.4]
      [GC Worker Total (ms): Min: 31.6, Avg: 31.7, Max: 31.9, Diff: 0.4, Sum: 254.0]
      [GC Worker End (ms): Min: 43804.7, Avg: 43804.7, Max: 43804.8, Diff: 0.2]
   [Code Root Fixup: 0.0 ms]
   [Code Root Purge: 0.0 ms]
   [Clear CT: 1.0 ms]
   [Other: 3.1 ms]
      [Choose CSet: 0.0 ms]
      [Ref Proc: 1.0 ms]
      [Ref Enq: 0.0 ms]
      [Redirty Cards: 1.1 ms]
      [Humongous Register: 0.2 ms]
      [Humongous Reclaim: 0.3 ms]
      [Free CSet: 0.4 ms]
   [Eden: 778.0M(778.0M)->0.0B(7168.0K) Survivors: 94208.0K->109.0M Heap: 1631.2M(2048.0M)->775.0M(2048.0M)]
 [Times: user=0.26 sys=0.00, real=0.04 secs] 
2021-01-22T00:59:10.775+0800: 43.811: [GC pause (G1 Evacuation Pause) (mixed), 0.0176316 secs]
   [Parallel Time: 11.9 ms, GC Workers: 8]
      [GC Worker Start (ms): Min: 43810.9, Avg: 43811.1, Max: 43811.5, Diff: 0.6]
      [Ext Root Scanning (ms): Min: 0.0, Avg: 0.1, Max: 0.2, Diff: 0.2, Sum: 0.7]
      [Update RS (ms): Min: 0.0, Avg: 0.1, Max: 0.2, Diff: 0.2, Sum: 0.9]
         [Processed Buffers: Min: 0, Avg: 1.9, Max: 4, Diff: 4, Sum: 15]
      [Scan RS (ms): Min: 0.0, Avg: 0.1, Max: 0.1, Diff: 0.1, Sum: 0.5]
      [Code Root Scanning (ms): Min: 0.0, Avg: 0.0, Max: 0.0, Diff: 0.0, Sum: 0.0]
      [Object Copy (ms): Min: 10.3, Avg: 10.4, Max: 10.8, Diff: 0.6, Sum: 83.3]
      [Termination (ms): Min: 0.0, Avg: 0.6, Max: 0.7, Diff: 0.7, Sum: 4.7]
         [Termination Attempts: Min: 1, Avg: 1.0, Max: 1, Diff: 0, Sum: 8]
      [GC Worker Other (ms): Min: 0.0, Avg: 0.0, Max: 0.0, Diff: 0.0, Sum: 0.1]
      [GC Worker Total (ms): Min: 10.9, Avg: 11.3, Max: 11.5, Diff: 0.6, Sum: 90.1]
      [GC Worker End (ms): Min: 43822.4, Avg: 43822.4, Max: 43822.4, Diff: 0.0]
   [Code Root Fixup: 0.0 ms]
   [Code Root Purge: 0.0 ms]
   [Clear CT: 0.6 ms]
   [Other: 5.1 ms]
      [Choose CSet: 0.1 ms]
      [Ref Proc: 3.8 ms]
      [Ref Enq: 0.0 ms]
      [Redirty Cards: 0.6 ms]
      [Humongous Register: 0.2 ms]
      [Humongous Reclaim: 0.0 ms]
      [Free CSet: 0.2 ms]
   [Eden: 7168.0K(7168.0K)->0.0B(101376.0K) Survivors: 109.0M->3072.0K Heap: 782.7M(2048.0M)->586.0M(2048.0M)]
 [Times: user=0.12 sys=0.00, real=0.02 secs] 
2021-01-22T00:59:10.809+0800: 43.845: [GC pause (G1 Evacuation Pause) (mixed), 0.0080915 secs]
   [Parallel Time: 5.5 ms, GC Workers: 8]
      [GC Worker Start (ms): Min: 43845.1, Avg: 43845.2, Max: 43845.5, Diff: 0.4]
      [Ext Root Scanning (ms): Min: 0.0, Avg: 0.1, Max: 0.2, Diff: 0.2, Sum: 0.5]
      [Update RS (ms): Min: 2.0, Avg: 2.2, Max: 2.2, Diff: 0.2, Sum: 17.3]
         [Processed Buffers: Min: 30, Avg: 33.0, Max: 34, Diff: 4, Sum: 264]
      [Scan RS (ms): Min: 0.0, Avg: 0.0, Max: 0.0, Diff: 0.0, Sum: 0.1]
      [Code Root Scanning (ms): Min: 0.0, Avg: 0.0, Max: 0.0, Diff: 0.0, Sum: 0.0]
      [Object Copy (ms): Min: 2.7, Avg: 2.7, Max: 2.7, Diff: 0.1, Sum: 21.6]
      [Termination (ms): Min: 0.0, Avg: 0.0, Max: 0.1, Diff: 0.1, Sum: 0.3]
         [Termination Attempts: Min: 1, Avg: 1.0, Max: 1, Diff: 0, Sum: 8]
      [GC Worker Other (ms): Min: 0.0, Avg: 0.0, Max: 0.0, Diff: 0.0, Sum: 0.1]
      [GC Worker Total (ms): Min: 4.7, Avg: 5.0, Max: 5.1, Diff: 0.4, Sum: 39.9]
      [GC Worker End (ms): Min: 43850.2, Avg: 43850.2, Max: 43850.2, Diff: 0.0]
   [Code Root Fixup: 0.0 ms]
   [Code Root Purge: 0.0 ms]
   [Clear CT: 0.9 ms]
   [Other: 1.7 ms]
      [Choose CSet: 0.0 ms]
      [Ref Proc: 0.7 ms]
      [Ref Enq: 0.0 ms]
      [Redirty Cards: 0.6 ms]
      [Humongous Register: 0.1 ms]
      [Humongous Reclaim: 0.1 ms]
      [Free CSet: 0.1 ms]
   [Eden: 101376.0K(101376.0K)->0.0B(941.0M) Survivors: 3072.0K->13312.0K Heap: 716.7M(2048.0M)->617.7M(2048.0M)]
 [Times: user=0.05 sys=0.00, real=0.00 secs] 
2021-01-22T00:59:10.904+0800: 43.940: [GC pause (G1 Humongous Allocation) (young) (initial-mark), 0.0274390 secs]
   [Parallel Time: 23.7 ms, GC Workers: 8]
      [GC Worker Start (ms): Min: 43940.5, Avg: 43940.8, Max: 43941.0, Diff: 0.4]
      [Ext Root Scanning (ms): Min: 0.0, Avg: 0.4, Max: 0.7, Diff: 0.7, Sum: 3.4]
      [Update RS (ms): Min: 10.6, Avg: 10.7, Max: 10.9, Diff: 0.3, Sum: 85.6]
         [Processed Buffers: Min: 149, Avg: 161.6, Max: 168, Diff: 19, Sum: 1293]
      [Scan RS (ms): Min: 0.1, Avg: 0.1, Max: 0.1, Diff: 0.0, Sum: 0.6]
      [Code Root Scanning (ms): Min: 0.0, Avg: 0.0, Max: 0.0, Diff: 0.0, Sum: 0.0]
      [Object Copy (ms): Min: 11.5, Avg: 11.6, Max: 11.7, Diff: 0.2, Sum: 93.0]
      [Termination (ms): Min: 0.0, Avg: 0.1, Max: 0.2, Diff: 0.2, Sum: 1.0]
         [Termination Attempts: Min: 1, Avg: 1.0, Max: 1, Diff: 0, Sum: 8]
      [GC Worker Other (ms): Min: 0.0, Avg: 0.0, Max: 0.1, Diff: 0.1, Sum: 0.2]
      [GC Worker Total (ms): Min: 22.8, Avg: 23.0, Max: 23.2, Diff: 0.4, Sum: 183.8]
      [GC Worker End (ms): Min: 43963.7, Avg: 43963.7, Max: 43963.8, Diff: 0.1]
   [Code Root Fixup: 0.0 ms]
   [Code Root Purge: 0.0 ms]
   [Clear CT: 1.1 ms]
   [Other: 2.7 ms]
      [Choose CSet: 0.0 ms]
      [Ref Proc: 0.8 ms]
      [Ref Enq: 0.0 ms]
      [Redirty Cards: 1.2 ms]
      [Humongous Register: 0.1 ms]
      [Humongous Reclaim: 0.2 ms]
      [Free CSet: 0.3 ms]
   [Eden: 590.0M(941.0M)->0.0B(804.0M) Survivors: 13312.0K->120.0M Heap: 1367.3M(2048.0M)->753.3M(2048.0M)]
 [Times: user=0.19 sys=0.00, real=0.03 secs] 
2021-01-22T00:59:10.933+0800: 43.969: [GC concurrent-root-region-scan-start]
2021-01-22T00:59:10.933+0800: 43.969: [GC concurrent-root-region-scan-end, 0.0003587 secs]
2021-01-22T00:59:10.933+0800: 43.969: [GC concurrent-mark-start]
2021-01-22T00:59:10.935+0800: 43.971: [GC concurrent-mark-end, 0.0024356 secs]
2021-01-22T00:59:10.936+0800: 43.972: [GC remark 2021-01-22T00:59:10.936+0800: 43.972: [Finalize Marking, 0.0013555 secs] 2021-01-22T00:59:10.938+0800: 43.974: [GC ref-proc, 0.0005847 secs] 2021-01-22T00:59:10.939+0800: 43.975: [Unloading, 0.0013021 secs], 0.0062199 secs]
 [Times: user=0.01 sys=0.00, real=0.01 secs] 
2021-01-22T00:59:10.943+0800: 43.979: [GC cleanup 775M->666M(2048M), 0.0041161 secs]
 [Times: user=0.02 sys=0.00, real=0.00 secs] 
2021-01-22T00:59:10.948+0800: 43.984: [GC concurrent-cleanup-start]
2021-01-22T00:59:10.948+0800: 43.984: [GC concurrent-cleanup-end, 0.0000632 secs]
2021-01-22T00:59:11.056+0800: 44.092: [GC pause (G1 Evacuation Pause) (young) (to-space exhausted), 0.0393042 secs]
   [Parallel Time: 33.2 ms, GC Workers: 8]
      [GC Worker Start (ms): Min: 44092.5, Avg: 44092.7, Max: 44092.9, Diff: 0.4]
      [Ext Root Scanning (ms): Min: 0.0, Avg: 0.1, Max: 0.3, Diff: 0.3, Sum: 0.7]
      [Update RS (ms): Min: 13.4, Avg: 13.5, Max: 13.5, Diff: 0.1, Sum: 107.6]
         [Processed Buffers: Min: 195, Avg: 204.2, Max: 210, Diff: 15, Sum: 1634]
      [Scan RS (ms): Min: 0.1, Avg: 0.1, Max: 0.2, Diff: 0.0, Sum: 1.1]
      [Code Root Scanning (ms): Min: 0.0, Avg: 0.0, Max: 0.0, Diff: 0.0, Sum: 0.0]
      [Object Copy (ms): Min: 18.2, Avg: 18.3, Max: 18.5, Diff: 0.3, Sum: 146.1]
      [Termination (ms): Min: 0.0, Avg: 0.2, Max: 0.3, Diff: 0.3, Sum: 1.8]
         [Termination Attempts: Min: 1, Avg: 1.0, Max: 1, Diff: 0, Sum: 8]
      [GC Worker Other (ms): Min: 0.0, Avg: 0.0, Max: 0.0, Diff: 0.0, Sum: 0.1]
      [GC Worker Total (ms): Min: 32.0, Avg: 32.2, Max: 32.4, Diff: 0.4, Sum: 257.6]
      [GC Worker End (ms): Min: 44124.9, Avg: 44124.9, Max: 44125.0, Diff: 0.1]
   [Code Root Fixup: 0.0 ms]
   [Code Root Purge: 0.0 ms]
   [Clear CT: 1.0 ms]
   [Other: 5.2 ms]
      [Evacuation Failure: 1.4 ms]
      [Choose CSet: 0.0 ms]
      [Ref Proc: 1.7 ms]
      [Ref Enq: 0.0 ms]
      [Redirty Cards: 0.9 ms]
      [Humongous Register: 0.2 ms]
      [Humongous Reclaim: 0.3 ms]
      [Free CSet: 0.6 ms]
   [Eden: 804.0M(804.0M)->0.0B(7168.0K) Survivors: 120.0M->116.0M Heap: 1651.3M(2048.0M)->759.3M(2048.0M)]
 [Times: user=0.27 sys=0.00, real=0.04 secs] 
2021-01-22T00:59:11.097+0800: 44.133: [GC pause (G1 Evacuation Pause) (mixed), 0.0149714 secs]
   [Parallel Time: 12.2 ms, GC Workers: 8]
      [GC Worker Start (ms): Min: 44133.6, Avg: 44133.7, Max: 44133.9, Diff: 0.3]
      [Ext Root Scanning (ms): Min: 0.0, Avg: 0.1, Max: 0.2, Diff: 0.2, Sum: 0.5]
      [Update RS (ms): Min: 0.2, Avg: 0.2, Max: 0.3, Diff: 0.1, Sum: 1.7]
         [Processed Buffers: Min: 2, Avg: 4.0, Max: 7, Diff: 5, Sum: 32]
      [Scan RS (ms): Min: 0.1, Avg: 0.1, Max: 0.1, Diff: 0.0, Sum: 0.6]
      [Code Root Scanning (ms): Min: 0.0, Avg: 0.0, Max: 0.0, Diff: 0.0, Sum: 0.0]
      [Object Copy (ms): Min: 10.8, Avg: 10.9, Max: 11.2, Diff: 0.4, Sum: 86.9]
      [Termination (ms): Min: 0.0, Avg: 0.4, Max: 0.4, Diff: 0.4, Sum: 2.9]
         [Termination Attempts: Min: 1, Avg: 1.4, Max: 3, Diff: 2, Sum: 11]
      [GC Worker Other (ms): Min: 0.0, Avg: 0.0, Max: 0.0, Diff: 0.0, Sum: 0.1]
      [GC Worker Total (ms): Min: 11.4, Avg: 11.6, Max: 11.8, Diff: 0.3, Sum: 92.7]
      [GC Worker End (ms): Min: 44145.3, Avg: 44145.3, Max: 44145.4, Diff: 0.1]
   [Code Root Fixup: 0.0 ms]
   [Code Root Purge: 0.0 ms]
   [Clear CT: 0.7 ms]
   [Other: 2.0 ms]
      [Choose CSet: 0.1 ms]
      [Ref Proc: 0.7 ms]
      [Ref Enq: 0.0 ms]
      [Redirty Cards: 0.8 ms]
      [Humongous Register: 0.1 ms]
      [Humongous Reclaim: 0.0 ms]
      [Free CSet: 0.2 ms]
   [Eden: 7168.0K(7168.0K)->0.0B(933.0M) Survivors: 116.0M->2048.0K Heap: 768.3M(2048.0M)->598.9M(2048.0M)]
 [Times: user=0.10 sys=0.00, real=0.02 secs] 
2021-01-22T00:59:11.207+0800: 44.243: [GC pause (G1 Humongous Allocation) (young) (initial-mark), 0.0283793 secs]
   [Parallel Time: 25.0 ms, GC Workers: 8]
      [GC Worker Start (ms): Min: 44243.0, Avg: 44243.2, Max: 44243.4, Diff: 0.5]
      [Ext Root Scanning (ms): Min: 0.1, Avg: 0.4, Max: 0.6, Diff: 0.6, Sum: 3.5]
      [Update RS (ms): Min: 11.2, Avg: 11.3, Max: 11.5, Diff: 0.3, Sum: 90.7]
         [Processed Buffers: Min: 156, Avg: 168.5, Max: 177, Diff: 21, Sum: 1348]
      [Scan RS (ms): Min: 0.1, Avg: 0.1, Max: 0.1, Diff: 0.0, Sum: 0.6]
      [Code Root Scanning (ms): Min: 0.0, Avg: 0.0, Max: 0.0, Diff: 0.0, Sum: 0.0]
      [Object Copy (ms): Min: 12.4, Avg: 12.4, Max: 12.4, Diff: 0.1, Sum: 99.1]
      [Termination (ms): Min: 0.0, Avg: 0.1, Max: 0.1, Diff: 0.1, Sum: 0.4]
         [Termination Attempts: Min: 1, Avg: 1.0, Max: 1, Diff: 0, Sum: 8]
      [GC Worker Other (ms): Min: 0.0, Avg: 0.0, Max: 0.2, Diff: 0.2, Sum: 0.4]
      [GC Worker Total (ms): Min: 24.1, Avg: 24.3, Max: 24.5, Diff: 0.4, Sum: 194.7]
      [GC Worker End (ms): Min: 44267.5, Avg: 44267.6, Max: 44267.7, Diff: 0.2]
   [Code Root Fixup: 0.0 ms]
   [Code Root Purge: 0.0 ms]
   [Clear CT: 1.0 ms]
   [Other: 2.4 ms]
      [Choose CSet: 0.0 ms]
      [Ref Proc: 0.7 ms]
      [Ref Enq: 0.0 ms]
      [Redirty Cards: 0.8 ms]
      [Humongous Register: 0.2 ms]
      [Humongous Reclaim: 0.2 ms]
      [Free CSet: 0.2 ms]
   [Eden: 648.0M(933.0M)->0.0B(807.0M) Survivors: 2048.0K->117.0M Heap: 1413.6M(2048.0M)->759.6M(2048.0M)]
 [Times: user=0.20 sys=0.00, real=0.03 secs] 
2021-01-22T00:59:11.236+0800: 44.272: [GC concurrent-root-region-scan-start]
2021-01-22T00:59:11.236+0800: 44.272: [GC concurrent-root-region-scan-end, 0.0003727 secs]
2021-01-22T00:59:11.236+0800: 44.272: [GC concurrent-mark-start]
2021-01-22T00:59:11.239+0800: 44.275: [GC concurrent-mark-end, 0.0026875 secs]
2021-01-22T00:59:11.239+0800: 44.275: [GC remark 2021-01-22T00:59:11.240+0800: 44.275: [Finalize Marking, 0.0012385 secs] 2021-01-22T00:59:11.241+0800: 44.277: [GC ref-proc, 0.0004561 secs] 2021-01-22T00:59:11.242+0800: 44.278: [Unloading, 0.0015527 secs], 0.0056944 secs]
 [Times: user=0.02 sys=0.00, real=0.00 secs] 
2021-01-22T00:59:11.246+0800: 44.282: [GC cleanup 783M->645M(2048M), 0.0037434 secs]
 [Times: user=0.01 sys=0.00, real=0.01 secs] 
2021-01-22T00:59:11.250+0800: 44.286: [GC concurrent-cleanup-start]
2021-01-22T00:59:11.251+0800: 44.286: [GC concurrent-cleanup-end, 0.0000950 secs]
2021-01-22T00:59:11.365+0800: 44.401: [GC pause (G1 Evacuation Pause) (young) (to-space exhausted), 0.0378580 secs]
   [Parallel Time: 32.6 ms, GC Workers: 8]
      [GC Worker Start (ms): Min: 44401.7, Avg: 44401.9, Max: 44402.0, Diff: 0.4]
      [Ext Root Scanning (ms): Min: 0.0, Avg: 0.1, Max: 0.2, Diff: 0.2, Sum: 0.6]
      [Update RS (ms): Min: 14.9, Avg: 15.0, Max: 15.1, Diff: 0.1, Sum: 120.2]
         [Processed Buffers: Min: 221, Avg: 227.2, Max: 233, Diff: 12, Sum: 1818]
      [Scan RS (ms): Min: 0.1, Avg: 0.1, Max: 0.2, Diff: 0.0, Sum: 1.0]
      [Code Root Scanning (ms): Min: 0.0, Avg: 0.0, Max: 0.0, Diff: 0.0, Sum: 0.0]
      [Object Copy (ms): Min: 16.3, Avg: 16.3, Max: 16.4, Diff: 0.2, Sum: 130.7]
      [Termination (ms): Min: 0.0, Avg: 0.1, Max: 0.2, Diff: 0.2, Sum: 0.8]
         [Termination Attempts: Min: 1, Avg: 1.0, Max: 1, Diff: 0, Sum: 8]
      [GC Worker Other (ms): Min: 0.0, Avg: 0.0, Max: 0.0, Diff: 0.0, Sum: 0.1]
      [GC Worker Total (ms): Min: 31.5, Avg: 31.7, Max: 31.9, Diff: 0.4, Sum: 253.5]
      [GC Worker End (ms): Min: 44433.5, Avg: 44433.5, Max: 44433.6, Diff: 0.0]
   [Code Root Fixup: 0.0 ms]
   [Code Root Purge: 0.0 ms]
   [Clear CT: 1.4 ms]
   [Other: 3.8 ms]
      [Evacuation Failure: 1.1 ms]
      [Choose CSet: 0.0 ms]
      [Ref Proc: 0.4 ms]
      [Ref Enq: 0.0 ms]
      [Redirty Cards: 1.3 ms]
      [Humongous Register: 0.2 ms]
      [Humongous Reclaim: 0.5 ms]
      [Free CSet: 0.3 ms]
   [Eden: 807.0M(807.0M)->0.0B(7168.0K) Survivors: 117.0M->116.0M Heap: 1654.6M(2048.0M)->797.7M(2048.0M)]
 [Times: user=0.26 sys=0.01, real=0.04 secs] 
2021-01-22T00:59:11.406+0800: 44.442: [GC pause (G1 Evacuation Pause) (mixed), 0.0150581 secs]
   [Parallel Time: 11.6 ms, GC Workers: 8]
      [GC Worker Start (ms): Min: 44442.3, Avg: 44442.4, Max: 44442.6, Diff: 0.3]
      [Ext Root Scanning (ms): Min: 0.0, Avg: 0.1, Max: 0.2, Diff: 0.2, Sum: 0.5]
      [Update RS (ms): Min: 0.1, Avg: 0.2, Max: 0.2, Diff: 0.1, Sum: 1.5]
         [Processed Buffers: Min: 2, Avg: 4.0, Max: 6, Diff: 4, Sum: 32]
      [Scan RS (ms): Min: 0.0, Avg: 0.0, Max: 0.1, Diff: 0.0, Sum: 0.4]
      [Code Root Scanning (ms): Min: 0.0, Avg: 0.0, Max: 0.0, Diff: 0.0, Sum: 0.0]
      [Object Copy (ms): Min: 10.5, Avg: 10.5, Max: 10.6, Diff: 0.1, Sum: 84.1]
      [Termination (ms): Min: 0.0, Avg: 0.1, Max: 0.1, Diff: 0.1, Sum: 0.4]
         [Termination Attempts: Min: 1, Avg: 1.0, Max: 1, Diff: 0, Sum: 8]
      [GC Worker Other (ms): Min: 0.0, Avg: 0.0, Max: 0.0, Diff: 0.0, Sum: 0.1]
      [GC Worker Total (ms): Min: 10.7, Avg: 10.9, Max: 11.1, Diff: 0.3, Sum: 87.0]
      [GC Worker End (ms): Min: 44453.3, Avg: 44453.3, Max: 44453.3, Diff: 0.0]
   [Code Root Fixup: 0.0 ms]
   [Code Root Purge: 0.0 ms]
   [Clear CT: 1.2 ms]
   [Other: 2.3 ms]
      [Choose CSet: 0.1 ms]
      [Ref Proc: 0.5 ms]
      [Ref Enq: 0.0 ms]
      [Redirty Cards: 0.9 ms]
      [Humongous Register: 0.1 ms]
      [Humongous Reclaim: 0.1 ms]
      [Free CSet: 0.3 ms]
   [Eden: 7168.0K(7168.0K)->0.0B(896.0M) Survivors: 116.0M->2048.0K Heap: 806.6M(2048.0M)->663.0M(2048.0M)]
 [Times: user=0.08 sys=0.01, real=0.02 secs] 
2021-01-22T00:59:11.486+0800: 44.522: [GC pause (G1 Humongous Allocation) (young) (initial-mark), 0.0217816 secs]
   [Parallel Time: 18.6 ms, GC Workers: 8]
      [GC Worker Start (ms): Min: 44522.0, Avg: 44522.2, Max: 44522.4, Diff: 0.3]
      [Ext Root Scanning (ms): Min: 0.0, Avg: 0.3, Max: 0.5, Diff: 0.5, Sum: 2.6]
      [Update RS (ms): Min: 8.2, Avg: 8.3, Max: 8.5, Diff: 0.3, Sum: 66.7]
         [Processed Buffers: Min: 118, Avg: 124.5, Max: 129, Diff: 11, Sum: 996]
      [Scan RS (ms): Min: 0.0, Avg: 0.1, Max: 0.1, Diff: 0.1, Sum: 0.4]
      [Code Root Scanning (ms): Min: 0.0, Avg: 0.0, Max: 0.0, Diff: 0.0, Sum: 0.0]
      [Object Copy (ms): Min: 9.1, Avg: 9.2, Max: 9.2, Diff: 0.1, Sum: 73.6]
      [Termination (ms): Min: 0.0, Avg: 0.0, Max: 0.1, Diff: 0.1, Sum: 0.4]
         [Termination Attempts: Min: 1, Avg: 1.0, Max: 1, Diff: 0, Sum: 8]
      [GC Worker Other (ms): Min: 0.0, Avg: 0.1, Max: 0.2, Diff: 0.2, Sum: 0.5]
      [GC Worker Total (ms): Min: 17.8, Avg: 18.0, Max: 18.2, Diff: 0.4, Sum: 144.1]
      [GC Worker End (ms): Min: 44540.2, Avg: 44540.2, Max: 44540.4, Diff: 0.2]
   [Code Root Fixup: 0.0 ms]
   [Code Root Purge: 0.0 ms]
   [Clear CT: 0.8 ms]
   [Other: 2.3 ms]
      [Choose CSet: 0.0 ms]
      [Ref Proc: 0.6 ms]
      [Ref Enq: 0.0 ms]
      [Redirty Cards: 1.0 ms]
      [Humongous Register: 0.1 ms]
      [Humongous Reclaim: 0.2 ms]
      [Free CSet: 0.2 ms]
   [Eden: 451.0M(896.0M)->0.0B(808.0M) Survivors: 2048.0K->113.0M Heap: 1236.8M(2048.0M)->773.0M(2048.0M)]
 [Times: user=0.15 sys=0.00, real=0.02 secs] 
2021-01-22T00:59:11.508+0800: 44.544: [GC concurrent-root-region-scan-start]
2021-01-22T00:59:11.509+0800: 44.545: [GC concurrent-root-region-scan-end, 0.0003456 secs]
2021-01-22T00:59:11.509+0800: 44.545: [GC concurrent-mark-start]
2021-01-22T00:59:11.511+0800: 44.547: [GC concurrent-mark-end, 0.0026092 secs]
2021-01-22T00:59:11.512+0800: 44.548: [GC remark 2021-01-22T00:59:11.512+0800: 44.548: [Finalize Marking, 0.0010694 secs] 2021-01-22T00:59:11.514+0800: 44.549: [GC ref-proc, 0.0004965 secs] 2021-01-22T00:59:11.514+0800: 44.550: [Unloading, 0.0013433 secs], 0.0054657 secs]
 [Times: user=0.01 sys=0.00, real=0.00 secs] 
2021-01-22T00:59:11.518+0800: 44.554: [GC cleanup 798M->680M(2048M), 0.0035075 secs]
 [Times: user=0.01 sys=0.00, real=0.01 secs] 
2021-01-22T00:59:11.522+0800: 44.558: [GC concurrent-cleanup-start]
2021-01-22T00:59:11.522+0800: 44.558: [GC concurrent-cleanup-end, 0.0000837 secs]
2021-01-22T00:59:11.632+0800: 44.668: [GC pause (G1 Evacuation Pause) (young) (to-space exhausted), 0.0383366 secs]
   [Parallel Time: 31.9 ms, GC Workers: 8]
      [GC Worker Start (ms): Min: 44668.7, Avg: 44668.9, Max: 44669.1, Diff: 0.4]
      [Ext Root Scanning (ms): Min: 0.0, Avg: 0.1, Max: 0.3, Diff: 0.3, Sum: 0.6]
      [Update RS (ms): Min: 15.3, Avg: 15.4, Max: 15.7, Diff: 0.4, Sum: 123.3]
         [Processed Buffers: Min: 194, Avg: 226.2, Max: 239, Diff: 45, Sum: 1810]
      [Scan RS (ms): Min: 0.1, Avg: 0.1, Max: 0.2, Diff: 0.0, Sum: 1.0]
      [Code Root Scanning (ms): Min: 0.0, Avg: 0.0, Max: 0.0, Diff: 0.0, Sum: 0.0]
      [Object Copy (ms): Min: 14.3, Avg: 14.7, Max: 15.5, Diff: 1.1, Sum: 117.5]
      [Termination (ms): Min: 0.0, Avg: 0.7, Max: 1.0, Diff: 1.0, Sum: 5.8]
         [Termination Attempts: Min: 1, Avg: 1.0, Max: 1, Diff: 0, Sum: 8]
      [GC Worker Other (ms): Min: 0.0, Avg: 0.0, Max: 0.1, Diff: 0.0, Sum: 0.1]
      [GC Worker Total (ms): Min: 30.9, Avg: 31.0, Max: 31.3, Diff: 0.4, Sum: 248.4]
      [GC Worker End (ms): Min: 44700.0, Avg: 44700.0, Max: 44700.0, Diff: 0.1]
   [Code Root Fixup: 0.0 ms]
   [Code Root Purge: 0.0 ms]
   [Clear CT: 0.8 ms]
   [Other: 5.6 ms]
      [Evacuation Failure: 1.0 ms]
      [Choose CSet: 0.0 ms]
      [Ref Proc: 2.9 ms]
      [Ref Enq: 0.0 ms]
      [Redirty Cards: 0.9 ms]
      [Humongous Register: 0.2 ms]
      [Humongous Reclaim: 0.3 ms]
      [Free CSet: 0.3 ms]
   [Eden: 808.0M(808.0M)->0.0B(6144.0K) Survivors: 113.0M->116.0M Heap: 1688.2M(2048.0M)->964.1M(2048.0M)]
 [Times: user=0.26 sys=0.01, real=0.04 secs] 
2021-01-22T00:59:11.673+0800: 44.708: [GC pause (G1 Evacuation Pause) (mixed), 0.0171734 secs]
   [Parallel Time: 13.3 ms, GC Workers: 8]
      [GC Worker Start (ms): Min: 44708.8, Avg: 44709.0, Max: 44709.2, Diff: 0.4]
      [Ext Root Scanning (ms): Min: 0.0, Avg: 0.1, Max: 0.2, Diff: 0.2, Sum: 0.6]
      [Update RS (ms): Min: 0.1, Avg: 0.5, Max: 2.3, Diff: 2.1, Sum: 3.7]
         [Processed Buffers: Min: 1, Avg: 3.2, Max: 6, Diff: 5, Sum: 26]
      [Scan RS (ms): Min: 0.0, Avg: 0.1, Max: 0.2, Diff: 0.1, Sum: 0.6]
      [Code Root Scanning (ms): Min: 0.0, Avg: 0.0, Max: 0.0, Diff: 0.0, Sum: 0.0]
      [Object Copy (ms): Min: 9.3, Avg: 11.4, Max: 12.3, Diff: 2.9, Sum: 90.9]
      [Termination (ms): Min: 0.0, Avg: 0.7, Max: 0.9, Diff: 0.9, Sum: 5.4]
         [Termination Attempts: Min: 1, Avg: 1.0, Max: 1, Diff: 0, Sum: 8]
      [GC Worker Other (ms): Min: 0.0, Avg: 0.0, Max: 0.0, Diff: 0.0, Sum: 0.1]
      [GC Worker Total (ms): Min: 12.5, Avg: 12.7, Max: 12.9, Diff: 0.4, Sum: 101.3]
      [GC Worker End (ms): Min: 44721.6, Avg: 44721.6, Max: 44721.7, Diff: 0.1]
   [Code Root Fixup: 0.0 ms]
   [Code Root Purge: 0.0 ms]
   [Clear CT: 0.8 ms]
   [Other: 3.0 ms]
      [Choose CSet: 0.1 ms]
      [Ref Proc: 1.3 ms]
      [Ref Enq: 0.0 ms]
      [Redirty Cards: 0.8 ms]
      [Humongous Register: 0.1 ms]
      [Humongous Reclaim: 0.1 ms]
      [Free CSet: 0.4 ms]
   [Eden: 6144.0K(6144.0K)->0.0B(802.0M) Survivors: 116.0M->2048.0K Heap: 971.4M(2048.0M)->782.8M(2048.0M)]
 [Times: user=0.09 sys=0.01, real=0.02 secs] 
2021-01-22T00:59:11.716+0800: 44.752: [GC pause (G1 Humongous Allocation) (young) (initial-mark), 0.0121713 secs]
   [Parallel Time: 9.1 ms, GC Workers: 8]
      [GC Worker Start (ms): Min: 44752.5, Avg: 44752.7, Max: 44752.9, Diff: 0.3]
      [Ext Root Scanning (ms): Min: 0.0, Avg: 0.3, Max: 0.5, Diff: 0.5, Sum: 2.5]
      [Update RS (ms): Min: 2.9, Avg: 3.0, Max: 3.1, Diff: 0.2, Sum: 24.1]
         [Processed Buffers: Min: 44, Avg: 45.9, Max: 49, Diff: 5, Sum: 367]
      [Scan RS (ms): Min: 0.0, Avg: 0.0, Max: 0.0, Diff: 0.0, Sum: 0.1]
      [Code Root Scanning (ms): Min: 0.0, Avg: 0.0, Max: 0.0, Diff: 0.0, Sum: 0.0]
      [Object Copy (ms): Min: 4.8, Avg: 4.8, Max: 5.1, Diff: 0.3, Sum: 38.4]
      [Termination (ms): Min: 0.0, Avg: 0.3, Max: 0.3, Diff: 0.3, Sum: 2.1]
         [Termination Attempts: Min: 1, Avg: 1.1, Max: 2, Diff: 1, Sum: 9]
      [GC Worker Other (ms): Min: 0.0, Avg: 0.0, Max: 0.0, Diff: 0.0, Sum: 0.1]
      [GC Worker Total (ms): Min: 8.2, Avg: 8.4, Max: 8.6, Diff: 0.3, Sum: 67.3]
      [GC Worker End (ms): Min: 44761.1, Avg: 44761.1, Max: 44761.1, Diff: 0.0]
   [Code Root Fixup: 0.0 ms]
   [Code Root Purge: 0.0 ms]
   [Clear CT: 1.1 ms]
   [Other: 2.0 ms]
      [Choose CSet: 0.0 ms]
      [Ref Proc: 0.5 ms]
      [Ref Enq: 0.0 ms]
      [Redirty Cards: 0.8 ms]
      [Humongous Register: 0.1 ms]
      [Humongous Reclaim: 0.2 ms]
      [Free CSet: 0.1 ms]
   [Eden: 176.0M(802.0M)->0.0B(766.0M) Survivors: 2048.0K->59392.0K Heap: 1002.9M(2048.0M)->833.3M(2048.0M)]
 [Times: user=0.06 sys=0.00, real=0.02 secs] 
2021-01-22T00:59:11.729+0800: 44.765: [GC concurrent-root-region-scan-start]
2021-01-22T00:59:11.729+0800: 44.765: [GC concurrent-root-region-scan-end, 0.0002330 secs]
2021-01-22T00:59:11.729+0800: 44.765: [GC concurrent-mark-start]
2021-01-22T00:59:11.732+0800: 44.768: [GC concurrent-mark-end, 0.0028007 secs]
2021-01-22T00:59:11.733+0800: 44.768: [GC remark 2021-01-22T00:59:11.733+0800: 44.769: [Finalize Marking, 0.0008756 secs] 2021-01-22T00:59:11.734+0800: 44.770: [GC ref-proc, 0.0003887 secs] 2021-01-22T00:59:11.735+0800: 44.770: [Unloading, 0.0007481 secs], 0.0040746 secs]
 [Times: user=0.01 sys=0.00, real=0.00 secs] 
2021-01-22T00:59:11.737+0800: 44.773: [GC cleanup 860M->754M(2048M), 0.0026949 secs]
 [Times: user=0.01 sys=0.00, real=0.01 secs] 
2021-01-22T00:59:11.740+0800: 44.776: [GC concurrent-cleanup-start]
2021-01-22T00:59:11.741+0800: 44.776: [GC concurrent-cleanup-end, 0.0000612 secs]
2021-01-22T00:59:11.848+0800: 44.884: [GC pause (G1 Evacuation Pause) (young) (to-space exhausted), 0.0338271 secs]
   [Parallel Time: 29.5 ms, GC Workers: 8]
      [GC Worker Start (ms): Min: 44884.5, Avg: 44885.0, Max: 44886.9, Diff: 2.4]
      [Ext Root Scanning (ms): Min: 0.0, Avg: 0.1, Max: 0.2, Diff: 0.2, Sum: 0.5]
      [Update RS (ms): Min: 11.3, Avg: 13.2, Max: 13.5, Diff: 2.2, Sum: 105.6]
         [Processed Buffers: Min: 171, Avg: 198.6, Max: 208, Diff: 37, Sum: 1589]
      [Scan RS (ms): Min: 0.1, Avg: 0.1, Max: 0.1, Diff: 0.1, Sum: 0.8]
      [Code Root Scanning (ms): Min: 0.0, Avg: 0.0, Max: 0.0, Diff: 0.0, Sum: 0.0]
      [Object Copy (ms): Min: 15.0, Avg: 15.1, Max: 15.2, Diff: 0.3, Sum: 120.8]
      [Termination (ms): Min: 0.0, Avg: 0.2, Max: 0.3, Diff: 0.3, Sum: 1.3]
         [Termination Attempts: Min: 1, Avg: 1.0, Max: 1, Diff: 0, Sum: 8]
      [GC Worker Other (ms): Min: 0.0, Avg: 0.0, Max: 0.1, Diff: 0.1, Sum: 0.2]
      [GC Worker Total (ms): Min: 26.7, Avg: 28.7, Max: 29.1, Diff: 2.4, Sum: 229.3]
      [GC Worker End (ms): Min: 44913.6, Avg: 44913.6, Max: 44913.7, Diff: 0.1]
   [Code Root Fixup: 0.0 ms]
   [Code Root Purge: 0.0 ms]
   [Clear CT: 0.7 ms]
   [Other: 3.6 ms]
      [Evacuation Failure: 0.6 ms]
      [Choose CSet: 0.0 ms]
      [Ref Proc: 0.6 ms]
      [Ref Enq: 0.0 ms]
      [Redirty Cards: 1.3 ms]
      [Humongous Register: 0.2 ms]
      [Humongous Reclaim: 0.4 ms]
      [Free CSet: 0.4 ms]
   [Eden: 766.0M(766.0M)->0.0B(6144.0K) Survivors: 59392.0K->103.0M Heap: 1690.6M(2048.0M)->933.5M(2048.0M)]
 [Times: user=0.24 sys=0.00, real=0.03 secs] 
2021-01-22T00:59:11.884+0800: 44.920: [GC pause (G1 Evacuation Pause) (mixed), 0.0174305 secs]
   [Parallel Time: 12.1 ms, GC Workers: 8]
      [GC Worker Start (ms): Min: 44920.3, Avg: 44920.4, Max: 44920.6, Diff: 0.3]
      [Ext Root Scanning (ms): Min: 0.0, Avg: 0.1, Max: 0.2, Diff: 0.2, Sum: 0.6]
      [Update RS (ms): Min: 0.2, Avg: 0.2, Max: 0.4, Diff: 0.2, Sum: 2.0]
         [Processed Buffers: Min: 1, Avg: 3.9, Max: 5, Diff: 4, Sum: 31]
      [Scan RS (ms): Min: 0.0, Avg: 0.1, Max: 0.1, Diff: 0.1, Sum: 0.4]
      [Code Root Scanning (ms): Min: 0.0, Avg: 0.0, Max: 0.0, Diff: 0.0, Sum: 0.0]
      [Object Copy (ms): Min: 10.1, Avg: 10.3, Max: 10.9, Diff: 0.8, Sum: 82.2]
      [Termination (ms): Min: 0.0, Avg: 0.6, Max: 0.9, Diff: 0.9, Sum: 5.2]
         [Termination Attempts: Min: 1, Avg: 1.0, Max: 1, Diff: 0, Sum: 8]
      [GC Worker Other (ms): Min: 0.0, Avg: 0.0, Max: 0.0, Diff: 0.0, Sum: 0.1]
      [GC Worker Total (ms): Min: 11.2, Avg: 11.3, Max: 11.4, Diff: 0.2, Sum: 90.5]
      [GC Worker End (ms): Min: 44931.7, Avg: 44931.8, Max: 44931.8, Diff: 0.1]
   [Code Root Fixup: 0.0 ms]
   [Code Root Purge: 0.0 ms]
   [Clear CT: 1.6 ms]
   [Other: 3.8 ms]
      [Choose CSet: 0.1 ms]
      [Ref Proc: 2.0 ms]
      [Ref Enq: 0.0 ms]
      [Redirty Cards: 1.1 ms]
      [Humongous Register: 0.1 ms]
      [Humongous Reclaim: 0.1 ms]
      [Free CSet: 0.2 ms]
   [Eden: 6144.0K(6144.0K)->0.0B(101376.0K) Survivors: 103.0M->3072.0K Heap: 941.5M(2048.0M)->740.4M(2048.0M)]
 [Times: user=0.09 sys=0.02, real=0.02 secs] 
2021-01-22T00:59:11.918+0800: 44.954: [GC pause (G1 Evacuation Pause) (mixed), 0.0128641 secs]
   [Parallel Time: 9.7 ms, GC Workers: 8]
      [GC Worker Start (ms): Min: 44954.7, Avg: 44954.8, Max: 44954.9, Diff: 0.3]
      [Ext Root Scanning (ms): Min: 0.0, Avg: 0.1, Max: 0.2, Diff: 0.2, Sum: 0.5]
      [Update RS (ms): Min: 2.2, Avg: 3.1, Max: 8.9, Diff: 6.8, Sum: 24.8]
         [Processed Buffers: Min: 1, Avg: 30.4, Max: 36, Diff: 35, Sum: 243]
      [Scan RS (ms): Min: 0.0, Avg: 0.0, Max: 0.1, Diff: 0.1, Sum: 0.3]
      [Code Root Scanning (ms): Min: 0.0, Avg: 0.0, Max: 0.0, Diff: 0.0, Sum: 0.0]
      [Object Copy (ms): Min: 0.0, Avg: 2.9, Max: 3.3, Diff: 3.3, Sum: 22.9]
      [Termination (ms): Min: 0.0, Avg: 3.0, Max: 3.5, Diff: 3.5, Sum: 23.8]
         [Termination Attempts: Min: 1, Avg: 2.1, Max: 4, Diff: 3, Sum: 17]
      [GC Worker Other (ms): Min: 0.0, Avg: 0.0, Max: 0.0, Diff: 0.0, Sum: 0.0]
      [GC Worker Total (ms): Min: 8.9, Avg: 9.0, Max: 9.2, Diff: 0.3, Sum: 72.3]
      [GC Worker End (ms): Min: 44963.8, Avg: 44963.8, Max: 44963.9, Diff: 0.0]
   [Code Root Fixup: 0.0 ms]
   [Code Root Purge: 0.0 ms]
   [Clear CT: 0.8 ms]
   [Other: 2.3 ms]
      [Choose CSet: 0.0 ms]
      [Ref Proc: 0.9 ms]
      [Ref Enq: 0.0 ms]
      [Redirty Cards: 0.7 ms]
      [Humongous Register: 0.2 ms]
      [Humongous Reclaim: 0.1 ms]
      [Free CSet: 0.1 ms]
   [Eden: 101376.0K(101376.0K)->0.0B(892.0M) Survivors: 3072.0K->13312.0K Heap: 868.7M(2048.0M)->701.8M(2048.0M)]
 [Times: user=0.08 sys=0.00, real=0.01 secs] 
2021-01-22T00:59:12.003+0800: 45.039: [GC pause (G1 Humongous Allocation) (young) (initial-mark), 0.0216368 secs]
   [Parallel Time: 18.4 ms, GC Workers: 8]
      [GC Worker Start (ms): Min: 45039.5, Avg: 45039.7, Max: 45039.9, Diff: 0.4]
      [Ext Root Scanning (ms): Min: 0.0, Avg: 0.4, Max: 0.6, Diff: 0.6, Sum: 3.4]
      [Update RS (ms): Min: 7.3, Avg: 7.4, Max: 7.6, Diff: 0.3, Sum: 59.1]
         [Processed Buffers: Min: 96, Avg: 109.5, Max: 116, Diff: 20, Sum: 876]
      [Scan RS (ms): Min: 0.0, Avg: 0.1, Max: 0.1, Diff: 0.0, Sum: 0.4]
      [Code Root Scanning (ms): Min: 0.0, Avg: 0.0, Max: 0.0, Diff: 0.0, Sum: 0.0]
      [Object Copy (ms): Min: 10.0, Avg: 10.0, Max: 10.1, Diff: 0.1, Sum: 80.3]
      [Termination (ms): Min: 0.0, Avg: 0.0, Max: 0.1, Diff: 0.1, Sum: 0.4]
         [Termination Attempts: Min: 1, Avg: 1.0, Max: 1, Diff: 0, Sum: 8]
      [GC Worker Other (ms): Min: 0.0, Avg: 0.0, Max: 0.0, Diff: 0.0, Sum: 0.1]
      [GC Worker Total (ms): Min: 17.7, Avg: 18.0, Max: 18.1, Diff: 0.4, Sum: 143.6]
      [GC Worker End (ms): Min: 45057.6, Avg: 45057.6, Max: 45057.6, Diff: 0.0]
   [Code Root Fixup: 0.0 ms]
   [Code Root Purge: 0.0 ms]
   [Clear CT: 0.8 ms]
   [Other: 2.4 ms]
      [Choose CSet: 0.0 ms]
      [Ref Proc: 0.8 ms]
      [Ref Enq: 0.0 ms]
      [Redirty Cards: 0.9 ms]
      [Humongous Register: 0.1 ms]
      [Humongous Reclaim: 0.1 ms]
      [Free CSet: 0.2 ms]
   [Eden: 474.0M(892.0M)->0.0B(747.0M) Survivors: 13312.0K->114.0M Heap: 1283.7M(2048.0M)->815.3M(2048.0M)]
 [Times: user=0.15 sys=0.00, real=0.02 secs] 
2021-01-22T00:59:12.026+0800: 45.062: [GC concurrent-root-region-scan-start]
2021-01-22T00:59:12.026+0800: 45.062: [GC concurrent-root-region-scan-end, 0.0003455 secs]
2021-01-22T00:59:12.026+0800: 45.062: [GC concurrent-mark-start]
2021-01-22T00:59:12.029+0800: 45.065: [GC concurrent-mark-end, 0.0031445 secs]
2021-01-22T00:59:12.029+0800: 45.065: [GC remark 2021-01-22T00:59:12.030+0800: 45.066: [Finalize Marking, 0.0010640 secs] 2021-01-22T00:59:12.031+0800: 45.067: [GC ref-proc, 0.0004551 secs] 2021-01-22T00:59:12.032+0800: 45.068: [Unloading, 0.0012677 secs], 0.0051642 secs]
 [Times: user=0.01 sys=0.00, real=0.00 secs] 
2021-01-22T00:59:12.035+0800: 45.071: [GC cleanup 841M->687M(2048M), 0.0035806 secs]
 [Times: user=0.00 sys=0.01, real=0.01 secs] 
2021-01-22T00:59:12.040+0800: 45.075: [GC concurrent-cleanup-start]
2021-01-22T00:59:12.040+0800: 45.076: [GC concurrent-cleanup-end, 0.0001026 secs]
2021-01-22T00:59:12.142+0800: 45.178: [GC pause (G1 Evacuation Pause) (young), 0.0370973 secs]
   [Parallel Time: 32.2 ms, GC Workers: 8]
      [GC Worker Start (ms): Min: 45178.2, Avg: 45178.4, Max: 45178.5, Diff: 0.3]
      [Ext Root Scanning (ms): Min: 0.0, Avg: 0.1, Max: 0.2, Diff: 0.2, Sum: 0.6]
      [Update RS (ms): Min: 13.4, Avg: 13.4, Max: 13.5, Diff: 0.1, Sum: 107.6]
         [Processed Buffers: Min: 190, Avg: 202.4, Max: 211, Diff: 21, Sum: 1619]
      [Scan RS (ms): Min: 0.1, Avg: 0.1, Max: 0.1, Diff: 0.0, Sum: 1.0]
      [Code Root Scanning (ms): Min: 0.0, Avg: 0.0, Max: 0.0, Diff: 0.0, Sum: 0.0]
      [Object Copy (ms): Min: 17.5, Avg: 17.6, Max: 17.6, Diff: 0.1, Sum: 140.5]
      [Termination (ms): Min: 0.0, Avg: 0.0, Max: 0.1, Diff: 0.1, Sum: 0.3]
         [Termination Attempts: Min: 1, Avg: 1.0, Max: 1, Diff: 0, Sum: 8]
      [GC Worker Other (ms): Min: 0.0, Avg: 0.1, Max: 0.4, Diff: 0.4, Sum: 1.0]
      [GC Worker Total (ms): Min: 31.1, Avg: 31.4, Max: 31.8, Diff: 0.7, Sum: 251.1]
      [GC Worker End (ms): Min: 45209.6, Avg: 45209.7, Max: 45210.0, Diff: 0.4]
   [Code Root Fixup: 0.0 ms]
   [Code Root Purge: 0.0 ms]
   [Clear CT: 1.2 ms]
   [Other: 3.7 ms]
      [Choose CSet: 0.0 ms]
      [Ref Proc: 0.9 ms]
      [Ref Enq: 0.0 ms]
      [Redirty Cards: 1.5 ms]
      [Humongous Register: 0.2 ms]
      [Humongous Reclaim: 0.4 ms]
      [Free CSet: 0.6 ms]
   [Eden: 747.0M(747.0M)->0.0B(7168.0K) Survivors: 114.0M->108.0M Heap: 1609.4M(2048.0M)->765.4M(2048.0M)]
 [Times: user=0.26 sys=0.00, real=0.04 secs] 
2021-01-22T00:59:12.181+0800: 45.217: [GC pause (G1 Evacuation Pause) (mixed), 0.0148296 secs]
   [Parallel Time: 11.5 ms, GC Workers: 8]
      [GC Worker Start (ms): Min: 45217.2, Avg: 45217.4, Max: 45217.5, Diff: 0.3]
      [Ext Root Scanning (ms): Min: 0.0, Avg: 0.1, Max: 0.2, Diff: 0.2, Sum: 0.5]
      [Update RS (ms): Min: 0.1, Avg: 0.2, Max: 0.2, Diff: 0.1, Sum: 1.5]
         [Processed Buffers: Min: 2, Avg: 2.9, Max: 4, Diff: 2, Sum: 23]
      [Scan RS (ms): Min: 0.0, Avg: 0.1, Max: 0.1, Diff: 0.0, Sum: 0.5]
      [Code Root Scanning (ms): Min: 0.0, Avg: 0.0, Max: 0.0, Diff: 0.0, Sum: 0.0]
      [Object Copy (ms): Min: 10.2, Avg: 10.3, Max: 10.3, Diff: 0.1, Sum: 82.0]
      [Termination (ms): Min: 0.0, Avg: 0.1, Max: 0.1, Diff: 0.1, Sum: 0.4]
         [Termination Attempts: Min: 1, Avg: 1.5, Max: 4, Diff: 3, Sum: 12]
      [GC Worker Other (ms): Min: 0.0, Avg: 0.0, Max: 0.0, Diff: 0.0, Sum: 0.1]
      [GC Worker Total (ms): Min: 10.5, Avg: 10.6, Max: 10.8, Diff: 0.3, Sum: 85.0]
      [GC Worker End (ms): Min: 45228.0, Avg: 45228.0, Max: 45228.0, Diff: 0.0]
   [Code Root Fixup: 0.0 ms]
   [Code Root Purge: 0.0 ms]
   [Clear CT: 1.2 ms]
   [Other: 2.1 ms]
      [Choose CSet: 0.1 ms]
      [Ref Proc: 0.6 ms]
      [Ref Enq: 0.0 ms]
      [Redirty Cards: 0.8 ms]
      [Humongous Register: 0.1 ms]
      [Humongous Reclaim: 0.1 ms]
      [Free CSet: 0.3 ms]
   [Eden: 7168.0K(7168.0K)->0.0B(101376.0K) Survivors: 108.0M->3072.0K Heap: 774.1M(2048.0M)->576.8M(2048.0M)]
 [Times: user=0.09 sys=0.00, real=0.01 secs] 
2021-01-22T00:59:12.211+0800: 45.247: [GC pause (G1 Evacuation Pause) (mixed), 0.0085863 secs]
   [Parallel Time: 5.7 ms, GC Workers: 8]
      [GC Worker Start (ms): Min: 45247.5, Avg: 45247.8, Max: 45247.9, Diff: 0.4]
      [Ext Root Scanning (ms): Min: 0.0, Avg: 0.1, Max: 0.2, Diff: 0.2, Sum: 0.5]
      [Update RS (ms): Min: 2.0, Avg: 2.1, Max: 2.2, Diff: 0.1, Sum: 16.9]
         [Processed Buffers: Min: 30, Avg: 32.1, Max: 34, Diff: 4, Sum: 257]
      [Scan RS (ms): Min: 0.0, Avg: 0.0, Max: 0.0, Diff: 0.0, Sum: 0.1]
      [Code Root Scanning (ms): Min: 0.0, Avg: 0.0, Max: 0.0, Diff: 0.0, Sum: 0.0]
      [Object Copy (ms): Min: 2.5, Avg: 2.6, Max: 2.6, Diff: 0.1, Sum: 20.5]
      [Termination (ms): Min: 0.0, Avg: 0.0, Max: 0.1, Diff: 0.1, Sum: 0.3]
         [Termination Attempts: Min: 1, Avg: 1.0, Max: 1, Diff: 0, Sum: 8]
      [GC Worker Other (ms): Min: 0.0, Avg: 0.0, Max: 0.0, Diff: 0.0, Sum: 0.0]
      [GC Worker Total (ms): Min: 4.7, Avg: 4.8, Max: 5.0, Diff: 0.4, Sum: 38.4]
      [GC Worker End (ms): Min: 45252.6, Avg: 45252.6, Max: 45252.6, Diff: 0.0]
   [Code Root Fixup: 0.0 ms]
   [Code Root Purge: 0.0 ms]
   [Clear CT: 1.0 ms]
   [Other: 1.9 ms]
      [Choose CSet: 0.0 ms]
      [Ref Proc: 0.5 ms]
      [Ref Enq: 0.0 ms]
      [Redirty Cards: 1.0 ms]
      [Humongous Register: 0.1 ms]
      [Humongous Reclaim: 0.1 ms]
      [Free CSet: 0.1 ms]
   [Eden: 101376.0K(101376.0K)->0.0B(925.0M) Survivors: 3072.0K->13312.0K Heap: 706.7M(2048.0M)->602.1M(2048.0M)]
 [Times: user=0.04 sys=0.01, real=0.01 secs] 
2021-01-22T00:59:12.325+0800: 45.361: [GC pause (G1 Humongous Allocation) (young) (initial-mark), 0.0308829 secs]
   [Parallel Time: 27.6 ms, GC Workers: 8]
      [GC Worker Start (ms): Min: 45361.8, Avg: 45361.9, Max: 45362.1, Diff: 0.3]
      [Ext Root Scanning (ms): Min: 0.0, Avg: 0.4, Max: 0.6, Diff: 0.6, Sum: 2.9]
      [Update RS (ms): Min: 11.6, Avg: 11.8, Max: 12.3, Diff: 0.7, Sum: 94.3]
         [Processed Buffers: Min: 157, Avg: 170.4, Max: 181, Diff: 24, Sum: 1363]
      [Scan RS (ms): Min: 0.0, Avg: 0.4, Max: 2.5, Diff: 2.5, Sum: 3.4]
      [Code Root Scanning (ms): Min: 0.0, Avg: 0.0, Max: 0.0, Diff: 0.0, Sum: 0.0]
      [Object Copy (ms): Min: 11.3, Avg: 13.7, Max: 14.1, Diff: 2.8, Sum: 109.4]
      [Termination (ms): Min: 0.0, Avg: 0.4, Max: 0.6, Diff: 0.6, Sum: 3.5]
         [Termination Attempts: Min: 1, Avg: 1.0, Max: 1, Diff: 0, Sum: 8]
      [GC Worker Other (ms): Min: 0.0, Avg: 0.0, Max: 0.1, Diff: 0.1, Sum: 0.2]
      [GC Worker Total (ms): Min: 26.5, Avg: 26.7, Max: 26.8, Diff: 0.3, Sum: 213.6]
      [GC Worker End (ms): Min: 45388.6, Avg: 45388.6, Max: 45388.6, Diff: 0.0]
   [Code Root Fixup: 0.0 ms]
   [Code Root Purge: 0.0 ms]
   [Clear CT: 0.9 ms]
   [Other: 2.4 ms]
      [Choose CSet: 0.0 ms]
      [Ref Proc: 0.7 ms]
      [Ref Enq: 0.0 ms]
      [Redirty Cards: 0.8 ms]
      [Humongous Register: 0.2 ms]
      [Humongous Reclaim: 0.2 ms]
      [Free CSet: 0.2 ms]
   [Eden: 749.0M(925.0M)->0.0B(815.0M) Survivors: 13312.0K->118.0M Heap: 1520.0M(2048.0M)->749.2M(2048.0M)]
 [Times: user=0.22 sys=0.00, real=0.03 secs] 
2021-01-22T00:59:12.357+0800: 45.393: [GC concurrent-root-region-scan-start]
2021-01-22T00:59:12.357+0800: 45.393: [GC concurrent-root-region-scan-end, 0.0002996 secs]
2021-01-22T00:59:12.357+0800: 45.393: [GC concurrent-mark-start]
2021-01-22T00:59:12.360+0800: 45.396: [GC concurrent-mark-end, 0.0024640 secs]
2021-01-22T00:59:12.360+0800: 45.396: [GC remark 2021-01-22T00:59:12.361+0800: 45.396: [Finalize Marking, 0.0011082 secs] 2021-01-22T00:59:12.362+0800: 45.398: [GC ref-proc, 0.0004035 secs] 2021-01-22T00:59:12.363+0800: 45.399: [Unloading, 0.0014173 secs], 0.0052271 secs]
 [Times: user=0.02 sys=0.00, real=0.00 secs] 
2021-01-22T00:59:12.366+0800: 45.402: [GC cleanup 772M->640M(2048M), 0.0039586 secs]
 [Times: user=0.01 sys=0.00, real=0.01 secs] 
2021-01-22T00:59:12.371+0800: 45.407: [GC concurrent-cleanup-start]
2021-01-22T00:59:12.371+0800: 45.407: [GC concurrent-cleanup-end, 0.0000936 secs]
2021-01-22T00:59:12.483+0800: 45.519: [GC pause (G1 Evacuation Pause) (young) (to-space exhausted), 0.0362618 secs]
   [Parallel Time: 32.3 ms, GC Workers: 8]
      [GC Worker Start (ms): Min: 45519.5, Avg: 45519.7, Max: 45519.8, Diff: 0.3]
      [Ext Root Scanning (ms): Min: 0.0, Avg: 0.1, Max: 0.2, Diff: 0.2, Sum: 0.5]
      [Update RS (ms): Min: 15.8, Avg: 15.8, Max: 15.9, Diff: 0.1, Sum: 126.7]
         [Processed Buffers: Min: 233, Avg: 238.6, Max: 244, Diff: 11, Sum: 1909]
      [Scan RS (ms): Min: 0.1, Avg: 0.1, Max: 0.1, Diff: 0.0, Sum: 1.0]
      [Code Root Scanning (ms): Min: 0.0, Avg: 0.0, Max: 0.0, Diff: 0.0, Sum: 0.0]
      [Object Copy (ms): Min: 15.2, Avg: 15.3, Max: 15.3, Diff: 0.1, Sum: 122.1]
      [Termination (ms): Min: 0.0, Avg: 0.1, Max: 0.1, Diff: 0.1, Sum: 0.6]
         [Termination Attempts: Min: 1, Avg: 1.0, Max: 1, Diff: 0, Sum: 8]
      [GC Worker Other (ms): Min: 0.0, Avg: 0.1, Max: 0.2, Diff: 0.2, Sum: 0.4]
      [GC Worker Total (ms): Min: 31.2, Avg: 31.4, Max: 31.6, Diff: 0.3, Sum: 251.4]
      [GC Worker End (ms): Min: 45551.1, Avg: 45551.1, Max: 45551.2, Diff: 0.2]
   [Code Root Fixup: 0.0 ms]
   [Code Root Purge: 0.0 ms]
   [Clear CT: 0.9 ms]
   [Other: 3.1 ms]
      [Evacuation Failure: 1.0 ms]
      [Choose CSet: 0.0 ms]
      [Ref Proc: 0.4 ms]
      [Ref Enq: 0.0 ms]
      [Redirty Cards: 1.0 ms]
      [Humongous Register: 0.2 ms]
      [Humongous Reclaim: 0.3 ms]
      [Free CSet: 0.2 ms]
   [Eden: 815.0M(815.0M)->0.0B(7168.0K) Survivors: 118.0M->117.0M Heap: 1669.5M(2048.0M)->891.6M(2048.0M)]
 [Times: user=0.25 sys=0.01, real=0.04 secs] 
2021-01-22T00:59:12.521+0800: 45.557: [GC pause (G1 Evacuation Pause) (mixed), 0.0167783 secs]
   [Parallel Time: 12.5 ms, GC Workers: 8]
      [GC Worker Start (ms): Min: 45557.4, Avg: 45557.6, Max: 45557.7, Diff: 0.3]
      [Ext Root Scanning (ms): Min: 0.0, Avg: 0.1, Max: 0.2, Diff: 0.2, Sum: 0.5]
      [Update RS (ms): Min: 0.2, Avg: 0.2, Max: 0.3, Diff: 0.1, Sum: 2.0]
         [Processed Buffers: Min: 3, Avg: 5.2, Max: 8, Diff: 5, Sum: 42]
      [Scan RS (ms): Min: 0.0, Avg: 0.1, Max: 0.1, Diff: 0.1, Sum: 0.5]
      [Code Root Scanning (ms): Min: 0.0, Avg: 0.0, Max: 0.0, Diff: 0.0, Sum: 0.0]
      [Object Copy (ms): Min: 11.0, Avg: 11.1, Max: 11.2, Diff: 0.2, Sum: 88.5]
      [Termination (ms): Min: 0.0, Avg: 0.1, Max: 0.2, Diff: 0.2, Sum: 1.2]
         [Termination Attempts: Min: 1, Avg: 1.0, Max: 1, Diff: 0, Sum: 8]
      [GC Worker Other (ms): Min: 0.0, Avg: 0.0, Max: 0.0, Diff: 0.0, Sum: 0.1]
      [GC Worker Total (ms): Min: 11.5, Avg: 11.6, Max: 11.7, Diff: 0.3, Sum: 92.7]
      [GC Worker End (ms): Min: 45569.2, Avg: 45569.2, Max: 45569.2, Diff: 0.0]
   [Code Root Fixup: 0.0 ms]
   [Code Root Purge: 0.0 ms]
   [Clear CT: 1.3 ms]
   [Other: 2.9 ms]
      [Choose CSet: 0.1 ms]
      [Ref Proc: 1.5 ms]
      [Ref Enq: 0.0 ms]
      [Redirty Cards: 0.9 ms]
      [Humongous Register: 0.1 ms]
      [Humongous Reclaim: 0.1 ms]
      [Free CSet: 0.2 ms]
   [Eden: 7168.0K(7168.0K)->0.0B(825.0M) Survivors: 117.0M->3072.0K Heap: 901.2M(2048.0M)->745.4M(2048.0M)]
 [Times: user=0.10 sys=0.01, real=0.02 secs] 
2021-01-22T00:59:12.579+0800: 45.615: [GC pause (G1 Humongous Allocation) (young) (initial-mark), 0.0222223 secs]
   [Parallel Time: 19.2 ms, GC Workers: 8]
      [GC Worker Start (ms): Min: 45614.9, Avg: 45615.1, Max: 45615.2, Diff: 0.3]
      [Ext Root Scanning (ms): Min: 0.0, Avg: 0.5, Max: 2.0, Diff: 2.0, Sum: 3.8]
      [Update RS (ms): Min: 3.3, Avg: 4.9, Max: 5.2, Diff: 1.9, Sum: 39.1]
         [Processed Buffers: Min: 51, Avg: 74.8, Max: 80, Diff: 29, Sum: 598]
      [Scan RS (ms): Min: 0.0, Avg: 0.0, Max: 0.0, Diff: 0.0, Sum: 0.2]
      [Code Root Scanning (ms): Min: 0.0, Avg: 0.0, Max: 0.0, Diff: 0.0, Sum: 0.0]
      [Object Copy (ms): Min: 6.6, Avg: 8.1, Max: 13.3, Diff: 6.7, Sum: 64.7]
      [Termination (ms): Min: 0.0, Avg: 5.2, Max: 6.7, Diff: 6.7, Sum: 41.8]
         [Termination Attempts: Min: 1, Avg: 1.1, Max: 2, Diff: 1, Sum: 9]
      [GC Worker Other (ms): Min: 0.0, Avg: 0.0, Max: 0.0, Diff: 0.0, Sum: 0.1]
      [GC Worker Total (ms): Min: 18.6, Avg: 18.7, Max: 18.9, Diff: 0.3, Sum: 149.7]
      [GC Worker End (ms): Min: 45633.8, Avg: 45633.8, Max: 45633.8, Diff: 0.1]
   [Code Root Fixup: 0.0 ms]
   [Code Root Purge: 0.0 ms]
   [Clear CT: 0.9 ms]
   [Other: 2.1 ms]
      [Choose CSet: 0.0 ms]
      [Ref Proc: 0.8 ms]
      [Ref Enq: 0.0 ms]
      [Redirty Cards: 0.6 ms]
      [Humongous Register: 0.1 ms]
      [Humongous Reclaim: 0.2 ms]
      [Free CSet: 0.2 ms]
   [Eden: 264.0M(825.0M)->0.0B(582.0M) Survivors: 3072.0K->79872.0K Heap: 1082.5M(2048.0M)->821.6M(2048.0M)]
 [Times: user=0.15 sys=0.01, real=0.02 secs] 
2021-01-22T00:59:12.602+0800: 45.637: [GC concurrent-root-region-scan-start]
2021-01-22T00:59:12.602+0800: 45.638: [GC concurrent-root-region-scan-end, 0.0001922 secs]
2021-01-22T00:59:12.602+0800: 45.638: [GC concurrent-mark-start]
2021-01-22T00:59:12.605+0800: 45.641: [GC concurrent-mark-end, 0.0028621 secs]
2021-01-22T00:59:12.605+0800: 45.641: [GC remark 2021-01-22T00:59:12.605+0800: 45.641: [Finalize Marking, 0.0011951 secs] 2021-01-22T00:59:12.606+0800: 45.642: [GC ref-proc, 0.0004994 secs] 2021-01-22T00:59:12.607+0800: 45.643: [Unloading, 0.0012354 secs], 0.0047652 secs]
 [Times: user=0.00 sys=0.02, real=0.01 secs] 
2021-01-22T00:59:12.610+0800: 45.646: [GC cleanup 845M->724M(2048M), 0.0028210 secs]
 [Times: user=0.01 sys=0.01, real=0.00 secs] 
2021-01-22T00:59:12.614+0800: 45.649: [GC concurrent-cleanup-start]
2021-01-22T00:59:12.614+0800: 45.650: [GC concurrent-cleanup-end, 0.0000807 secs]
2021-01-22T00:59:12.694+0800: 45.730: [GC pause (G1 Evacuation Pause) (young), 0.0305755 secs]
   [Parallel Time: 27.4 ms, GC Workers: 8]
      [GC Worker Start (ms): Min: 45730.2, Avg: 45730.4, Max: 45730.6, Diff: 0.4]
      [Ext Root Scanning (ms): Min: 0.0, Avg: 0.1, Max: 0.2, Diff: 0.2, Sum: 0.5]
      [Update RS (ms): Min: 11.4, Avg: 11.6, Max: 11.6, Diff: 0.2, Sum: 92.4]
         [Processed Buffers: Min: 139, Avg: 164.8, Max: 179, Diff: 40, Sum: 1318]
      [Scan RS (ms): Min: 0.1, Avg: 0.1, Max: 0.1, Diff: 0.1, Sum: 0.7]
      [Code Root Scanning (ms): Min: 0.0, Avg: 0.0, Max: 0.0, Diff: 0.0, Sum: 0.0]
      [Object Copy (ms): Min: 14.8, Avg: 14.9, Max: 14.9, Diff: 0.1, Sum: 118.8]
      [Termination (ms): Min: 0.0, Avg: 0.0, Max: 0.1, Diff: 0.1, Sum: 0.3]
         [Termination Attempts: Min: 1, Avg: 1.0, Max: 1, Diff: 0, Sum: 8]
      [GC Worker Other (ms): Min: 0.0, Avg: 0.1, Max: 0.3, Diff: 0.3, Sum: 0.8]
      [GC Worker Total (ms): Min: 26.4, Avg: 26.7, Max: 26.8, Diff: 0.4, Sum: 213.5]
      [GC Worker End (ms): Min: 45757.0, Avg: 45757.1, Max: 45757.3, Diff: 0.3]
   [Code Root Fixup: 0.0 ms]
   [Code Root Purge: 0.0 ms]
   [Clear CT: 0.8 ms]
   [Other: 2.3 ms]
      [Choose CSet: 0.0 ms]
      [Ref Proc: 0.6 ms]
      [Ref Enq: 0.0 ms]
      [Redirty Cards: 0.9 ms]
      [Humongous Register: 0.2 ms]
      [Humongous Reclaim: 0.2 ms]
      [Free CSet: 0.2 ms]
   [Eden: 582.0M(582.0M)->0.0B(19456.0K) Survivors: 79872.0K->84992.0K Heap: 1446.8M(2048.0M)->811.4M(2048.0M)]
 [Times: user=0.22 sys=0.00, real=0.03 secs] 
2021-01-22T00:59:12.728+0800: 45.764: [GC pause (G1 Evacuation Pause) (mixed), 0.0122795 secs]
   [Parallel Time: 9.5 ms, GC Workers: 8]
      [GC Worker Start (ms): Min: 45764.2, Avg: 45764.4, Max: 45764.5, Diff: 0.3]
      [Ext Root Scanning (ms): Min: 0.0, Avg: 0.1, Max: 0.2, Diff: 0.2, Sum: 0.5]
      [Update RS (ms): Min: 0.3, Avg: 0.4, Max: 0.5, Diff: 0.1, Sum: 3.3]
         [Processed Buffers: Min: 5, Avg: 6.5, Max: 8, Diff: 3, Sum: 52]
      [Scan RS (ms): Min: 0.0, Avg: 0.1, Max: 0.1, Diff: 0.1, Sum: 0.6]
      [Code Root Scanning (ms): Min: 0.0, Avg: 0.0, Max: 0.0, Diff: 0.0, Sum: 0.0]
      [Object Copy (ms): Min: 8.2, Avg: 8.3, Max: 8.3, Diff: 0.1, Sum: 66.2]
      [Termination (ms): Min: 0.0, Avg: 0.0, Max: 0.0, Diff: 0.0, Sum: 0.2]
         [Termination Attempts: Min: 1, Avg: 1.4, Max: 2, Diff: 1, Sum: 11]
      [GC Worker Other (ms): Min: 0.0, Avg: 0.0, Max: 0.0, Diff: 0.0, Sum: 0.1]
      [GC Worker Total (ms): Min: 8.7, Avg: 8.9, Max: 9.0, Diff: 0.3, Sum: 70.8]
      [GC Worker End (ms): Min: 45773.2, Avg: 45773.2, Max: 45773.3, Diff: 0.0]
   [Code Root Fixup: 0.0 ms]
   [Code Root Purge: 0.0 ms]
   [Clear CT: 0.9 ms]
   [Other: 1.9 ms]
      [Choose CSet: 0.1 ms]
      [Ref Proc: 0.5 ms]
      [Ref Enq: 0.0 ms]
      [Redirty Cards: 0.8 ms]
      [Humongous Register: 0.1 ms]
      [Humongous Reclaim: 0.0 ms]
      [Free CSet: 0.3 ms]
   [Eden: 19456.0K(19456.0K)->0.0B(99328.0K) Survivors: 84992.0K->5120.0K Heap: 835.7M(2048.0M)->624.6M(2048.0M)]
 [Times: user=0.07 sys=0.00, real=0.02 secs] 
2021-01-22T00:59:12.754+0800: 45.790: [GC pause (G1 Evacuation Pause) (mixed), 0.0090841 secs]
   [Parallel Time: 6.2 ms, GC Workers: 8]
      [GC Worker Start (ms): Min: 45790.1, Avg: 45790.2, Max: 45790.4, Diff: 0.3]
      [Ext Root Scanning (ms): Min: 0.0, Avg: 0.1, Max: 0.2, Diff: 0.2, Sum: 0.6]
      [Update RS (ms): Min: 1.6, Avg: 1.7, Max: 1.7, Diff: 0.1, Sum: 13.5]
         [Processed Buffers: Min: 25, Avg: 25.5, Max: 27, Diff: 2, Sum: 204]
      [Scan RS (ms): Min: 0.0, Avg: 0.1, Max: 0.2, Diff: 0.2, Sum: 0.4]
      [Code Root Scanning (ms): Min: 0.0, Avg: 0.0, Max: 0.1, Diff: 0.1, Sum: 0.1]
      [Object Copy (ms): Min: 3.6, Avg: 3.7, Max: 3.8, Diff: 0.2, Sum: 29.8]
      [Termination (ms): Min: 0.0, Avg: 0.0, Max: 0.1, Diff: 0.1, Sum: 0.2]
         [Termination Attempts: Min: 1, Avg: 1.1, Max: 2, Diff: 1, Sum: 9]
      [GC Worker Other (ms): Min: 0.0, Avg: 0.0, Max: 0.0, Diff: 0.0, Sum: 0.1]
      [GC Worker Total (ms): Min: 5.4, Avg: 5.6, Max: 5.7, Diff: 0.3, Sum: 44.7]
      [GC Worker End (ms): Min: 45795.8, Avg: 45795.8, Max: 45795.8, Diff: 0.0]
   [Code Root Fixup: 0.0 ms]
   [Code Root Purge: 0.0 ms]
   [Clear CT: 0.8 ms]
   [Other: 2.2 ms]
      [Choose CSet: 0.0 ms]
      [Ref Proc: 0.7 ms]
      [Ref Enq: 0.0 ms]
      [Redirty Cards: 0.9 ms]
      [Humongous Register: 0.1 ms]
      [Humongous Reclaim: 0.2 ms]
      [Free CSet: 0.1 ms]
   [Eden: 99328.0K(99328.0K)->0.0B(935.0M) Survivors: 5120.0K->13312.0K Heap: 745.9M(2048.0M)->624.0M(2048.0M)]
 [Times: user=0.05 sys=0.00, real=0.01 secs] 
2021-01-22T00:59:12.846+0800: 45.882: [GC pause (G1 Humongous Allocation) (young) (initial-mark), 0.0272025 secs]
   [Parallel Time: 23.4 ms, GC Workers: 8]
      [GC Worker Start (ms): Min: 45882.0, Avg: 45882.2, Max: 45882.4, Diff: 0.5]
      [Ext Root Scanning (ms): Min: 0.1, Avg: 0.4, Max: 0.7, Diff: 0.6, Sum: 3.5]
      [Update RS (ms): Min: 10.0, Avg: 10.1, Max: 10.2, Diff: 0.3, Sum: 80.7]
         [Processed Buffers: Min: 150, Avg: 153.5, Max: 157, Diff: 7, Sum: 1228]
      [Scan RS (ms): Min: 0.1, Avg: 0.1, Max: 0.1, Diff: 0.0, Sum: 0.5]
      [Code Root Scanning (ms): Min: 0.0, Avg: 0.0, Max: 0.0, Diff: 0.0, Sum: 0.0]
      [Object Copy (ms): Min: 11.8, Avg: 11.9, Max: 11.9, Diff: 0.1, Sum: 94.9]
      [Termination (ms): Min: 0.0, Avg: 0.1, Max: 0.2, Diff: 0.2, Sum: 0.7]
         [Termination Attempts: Min: 1, Avg: 1.0, Max: 1, Diff: 0, Sum: 8]
      [GC Worker Other (ms): Min: 0.0, Avg: 0.0, Max: 0.0, Diff: 0.0, Sum: 0.1]
      [GC Worker Total (ms): Min: 22.3, Avg: 22.5, Max: 22.8, Diff: 0.5, Sum: 180.4]
      [GC Worker End (ms): Min: 45904.7, Avg: 45904.7, Max: 45904.8, Diff: 0.1]
   [Code Root Fixup: 0.0 ms]
   [Code Root Purge: 0.0 ms]
   [Clear CT: 1.0 ms]
   [Other: 2.8 ms]
      [Choose CSet: 0.0 ms]
      [Ref Proc: 0.9 ms]
      [Ref Enq: 0.0 ms]
      [Redirty Cards: 1.0 ms]
      [Humongous Register: 0.2 ms]
      [Humongous Reclaim: 0.2 ms]
      [Free CSet: 0.2 ms]
   [Eden: 583.0M(935.0M)->0.0B(835.0M) Survivors: 13312.0K->119.0M Heap: 1358.7M(2048.0M)->747.0M(2048.0M)]
 [Times: user=0.19 sys=0.00, real=0.03 secs] 
2021-01-22T00:59:12.874+0800: 45.909: [GC concurrent-root-region-scan-start]
2021-01-22T00:59:12.874+0800: 45.910: [GC concurrent-root-region-scan-end, 0.0002039 secs]
2021-01-22T00:59:12.874+0800: 45.910: [GC concurrent-mark-start]
2021-01-22T00:59:12.876+0800: 45.912: [GC concurrent-mark-end, 0.0026645 secs]
2021-01-22T00:59:12.877+0800: 45.913: [GC remark 2021-01-22T00:59:12.877+0800: 45.913: [Finalize Marking, 0.0032374 secs] 2021-01-22T00:59:12.881+0800: 45.916: [GC ref-proc, 0.0005513 secs] 2021-01-22T00:59:12.881+0800: 45.917: [Unloading, 0.0014399 secs], 0.0073567 secs]
 [Times: user=0.03 sys=0.00, real=0.01 secs] 
2021-01-22T00:59:12.885+0800: 45.921: [GC cleanup 764M->651M(2048M), 0.0035129 secs]
 [Times: user=0.01 sys=0.00, real=0.01 secs] 
2021-01-22T00:59:12.889+0800: 45.925: [GC concurrent-cleanup-start]
2021-01-22T00:59:12.889+0800: 45.925: [GC concurrent-cleanup-end, 0.0001039 secs]
2021-01-22T00:59:13.016+0800: 46.052: [GC pause (G1 Evacuation Pause) (young) (to-space exhausted), 0.0581543 secs]
   [Parallel Time: 47.6 ms, GC Workers: 8]
      [GC Worker Start (ms): Min: 46052.8, Avg: 46053.0, Max: 46053.1, Diff: 0.3]
      [Ext Root Scanning (ms): Min: 0.0, Avg: 0.1, Max: 0.2, Diff: 0.2, Sum: 0.6]
      [Update RS (ms): Min: 20.0, Avg: 20.2, Max: 21.4, Diff: 1.4, Sum: 161.2]
         [Processed Buffers: Min: 179, Avg: 218.9, Max: 251, Diff: 72, Sum: 1751]
      [Scan RS (ms): Min: 0.1, Avg: 0.2, Max: 0.6, Diff: 0.5, Sum: 1.7]
      [Code Root Scanning (ms): Min: 0.0, Avg: 0.0, Max: 0.0, Diff: 0.0, Sum: 0.0]
      [Object Copy (ms): Min: 17.0, Avg: 19.9, Max: 26.6, Diff: 9.6, Sum: 159.2]
      [Termination (ms): Min: 0.0, Avg: 6.5, Max: 9.7, Diff: 9.7, Sum: 52.0]
         [Termination Attempts: Min: 1, Avg: 1.0, Max: 1, Diff: 0, Sum: 8]
      [GC Worker Other (ms): Min: 0.0, Avg: 0.0, Max: 0.0, Diff: 0.0, Sum: 0.1]
      [GC Worker Total (ms): Min: 46.7, Avg: 46.9, Max: 47.0, Diff: 0.3, Sum: 375.0]
      [GC Worker End (ms): Min: 46099.9, Avg: 46099.9, Max: 46099.9, Diff: 0.1]
   [Code Root Fixup: 0.0 ms]
   [Code Root Purge: 0.0 ms]
   [Clear CT: 0.7 ms]
   [Other: 9.9 ms]
      [Evacuation Failure: 1.0 ms]
      [Choose CSet: 0.0 ms]
      [Ref Proc: 6.3 ms]
      [Ref Enq: 0.0 ms]
      [Redirty Cards: 0.6 ms]
      [Humongous Register: 0.8 ms]
      [Humongous Reclaim: 0.4 ms]
      [Free CSet: 0.5 ms]
   [Eden: 835.0M(835.0M)->0.0B(7168.0K) Survivors: 119.0M->120.0M Heap: 1686.6M(2048.0M)->954.7M(2048.0M)]
 [Times: user=0.40 sys=0.02, real=0.06 secs] 
2021-01-22T00:59:13.075+0800: 46.111: [GC pause (G1 Evacuation Pause) (mixed), 0.0244100 secs]
   [Parallel Time: 15.9 ms, GC Workers: 8]
      [GC Worker Start (ms): Min: 46111.6, Avg: 46111.7, Max: 46111.9, Diff: 0.3]
      [Ext Root Scanning (ms): Min: 0.0, Avg: 0.3, Max: 2.0, Diff: 2.0, Sum: 2.4]
      [Update RS (ms): Min: 0.0, Avg: 0.1, Max: 0.2, Diff: 0.2, Sum: 1.0]
         [Processed Buffers: Min: 0, Avg: 3.0, Max: 5, Diff: 5, Sum: 24]
      [Scan RS (ms): Min: 0.0, Avg: 0.1, Max: 0.2, Diff: 0.1, Sum: 0.6]
      [Code Root Scanning (ms): Min: 0.0, Avg: 0.0, Max: 0.0, Diff: 0.0, Sum: 0.0]
      [Object Copy (ms): Min: 12.6, Avg: 13.5, Max: 15.0, Diff: 2.5, Sum: 107.8]
      [Termination (ms): Min: 0.0, Avg: 1.4, Max: 2.5, Diff: 2.5, Sum: 11.1]
         [Termination Attempts: Min: 1, Avg: 1.4, Max: 3, Diff: 2, Sum: 11]
      [GC Worker Other (ms): Min: 0.0, Avg: 0.0, Max: 0.0, Diff: 0.0, Sum: 0.1]
      [GC Worker Total (ms): Min: 15.2, Avg: 15.4, Max: 15.5, Diff: 0.3, Sum: 123.1]
      [GC Worker End (ms): Min: 46127.1, Avg: 46127.1, Max: 46127.2, Diff: 0.1]
   [Code Root Fixup: 0.0 ms]
   [Code Root Purge: 0.0 ms]
   [Clear CT: 1.2 ms]
   [Other: 7.3 ms]
      [Choose CSet: 0.1 ms]
      [Ref Proc: 5.9 ms]
      [Ref Enq: 0.0 ms]
      [Redirty Cards: 0.7 ms]
      [Humongous Register: 0.2 ms]
      [Humongous Reclaim: 0.1 ms]
      [Free CSet: 0.2 ms]
   [Eden: 7168.0K(7168.0K)->0.0B(796.0M) Survivors: 120.0M->3072.0K Heap: 962.2M(2048.0M)->795.1M(2048.0M)]
 [Times: user=0.12 sys=0.02, real=0.03 secs] 
2021-01-22T00:59:13.125+0800: 46.161: [GC pause (G1 Humongous Allocation) (young) (initial-mark), 0.0127529 secs]
   [Parallel Time: 7.8 ms, GC Workers: 8]
      [GC Worker Start (ms): Min: 46161.3, Avg: 46161.5, Max: 46161.6, Diff: 0.3]
      [Ext Root Scanning (ms): Min: 0.0, Avg: 0.3, Max: 0.4, Diff: 0.4, Sum: 2.2]
      [Update RS (ms): Min: 2.5, Avg: 2.6, Max: 2.7, Diff: 0.2, Sum: 20.7]
         [Processed Buffers: Min: 37, Avg: 38.8, Max: 41, Diff: 4, Sum: 310]
      [Scan RS (ms): Min: 0.0, Avg: 0.0, Max: 0.0, Diff: 0.0, Sum: 0.1]
      [Code Root Scanning (ms): Min: 0.0, Avg: 0.0, Max: 0.0, Diff: 0.0, Sum: 0.0]
      [Object Copy (ms): Min: 3.6, Avg: 3.7, Max: 4.6, Diff: 1.0, Sum: 29.8]
      [Termination (ms): Min: 0.0, Avg: 0.9, Max: 1.0, Diff: 1.0, Sum: 6.9]
         [Termination Attempts: Min: 1, Avg: 1.1, Max: 2, Diff: 1, Sum: 9]
      [GC Worker Other (ms): Min: 0.0, Avg: 0.0, Max: 0.0, Diff: 0.0, Sum: 0.1]
      [GC Worker Total (ms): Min: 7.3, Avg: 7.5, Max: 7.6, Diff: 0.3, Sum: 59.7]
      [GC Worker End (ms): Min: 46168.9, Avg: 46169.0, Max: 46169.0, Diff: 0.0]
   [Code Root Fixup: 0.0 ms]
   [Code Root Purge: 0.0 ms]
   [Clear CT: 0.5 ms]
   [Other: 4.4 ms]
      [Choose CSet: 0.0 ms]
      [Ref Proc: 3.5 ms]
      [Ref Enq: 0.0 ms]
      [Redirty Cards: 0.4 ms]
      [Humongous Register: 0.1 ms]
      [Humongous Reclaim: 0.1 ms]
      [Free CSet: 0.1 ms]
   [Eden: 154.0M(796.0M)->0.0B(762.0M) Survivors: 3072.0K->46080.0K Heap: 985.9M(2048.0M)->833.5M(2048.0M)]
 [Times: user=0.09 sys=0.00, real=0.02 secs] 
2021-01-22T00:59:13.138+0800: 46.174: [GC concurrent-root-region-scan-start]
2021-01-22T00:59:13.139+0800: 46.174: [GC concurrent-root-region-scan-end, 0.0002192 secs]
2021-01-22T00:59:13.139+0800: 46.174: [GC concurrent-mark-start]
2021-01-22T00:59:13.142+0800: 46.178: [GC concurrent-mark-end, 0.0031811 secs]
2021-01-22T00:59:13.142+0800: 46.178: [GC remark 2021-01-22T00:59:13.142+0800: 46.178: [Finalize Marking, 0.0041576 secs] 2021-01-22T00:59:13.147+0800: 46.183: [GC ref-proc, 0.0004083 secs] 2021-01-22T00:59:13.147+0800: 46.183: [Unloading, 0.0009886 secs], 0.0075948 secs]
 [Times: user=0.02 sys=0.01, real=0.01 secs] 
2021-01-22T00:59:13.150+0800: 46.186: [GC cleanup 870M->765M(2048M), 0.0022402 secs]
 [Times: user=0.01 sys=0.00, real=0.00 secs] 
2021-01-22T00:59:13.153+0800: 46.189: [GC concurrent-cleanup-start]
2021-01-22T00:59:13.153+0800: 46.189: [GC concurrent-cleanup-end, 0.0000650 secs]
2021-01-22T00:59:13.270+0800: 46.306: [GC pause (G1 Evacuation Pause) (young) (to-space exhausted), 0.0633050 secs]
   [Parallel Time: 58.0 ms, GC Workers: 8]
      [GC Worker Start (ms): Min: 46306.6, Avg: 46306.9, Max: 46307.0, Diff: 0.4]
      [Ext Root Scanning (ms): Min: 0.0, Avg: 0.1, Max: 0.2, Diff: 0.2, Sum: 0.5]
      [Update RS (ms): Min: 21.6, Avg: 22.3, Max: 26.0, Diff: 4.4, Sum: 178.2]
         [Processed Buffers: Min: 172, Avg: 201.4, Max: 266, Diff: 94, Sum: 1611]
      [Scan RS (ms): Min: 0.1, Avg: 0.2, Max: 0.4, Diff: 0.3, Sum: 1.4]
      [Code Root Scanning (ms): Min: 0.0, Avg: 0.0, Max: 0.0, Diff: 0.0, Sum: 0.0]
      [Object Copy (ms): Min: 15.5, Avg: 18.1, Max: 21.9, Diff: 6.4, Sum: 144.7]
      [Termination (ms): Min: 0.0, Avg: 7.3, Max: 15.5, Diff: 15.4, Sum: 58.1]
         [Termination Attempts: Min: 1, Avg: 1.0, Max: 1, Diff: 0, Sum: 8]
      [GC Worker Other (ms): Min: 0.0, Avg: 0.0, Max: 0.0, Diff: 0.0, Sum: 0.1]
      [GC Worker Total (ms): Min: 43.9, Avg: 47.9, Max: 55.0, Diff: 11.1, Sum: 383.1]
      [GC Worker End (ms): Min: 46350.8, Avg: 46354.8, Max: 46361.8, Diff: 11.0]
   [Code Root Fixup: 0.0 ms]
   [Code Root Purge: 0.0 ms]
   [Clear CT: 0.7 ms]
   [Other: 4.6 ms]
      [Evacuation Failure: 0.6 ms]
      [Choose CSet: 0.0 ms]
      [Ref Proc: 2.4 ms]
      [Ref Enq: 0.0 ms]
      [Redirty Cards: 0.5 ms]
      [Humongous Register: 0.2 ms]
      [Humongous Reclaim: 0.4 ms]
      [Free CSet: 0.4 ms]
   [Eden: 762.0M(762.0M)->0.0B(7168.0K) Survivors: 46080.0K->101.0M Heap: 1690.7M(2048.0M)->865.9M(2048.0M)]
 [Times: user=0.40 sys=0.00, real=0.06 secs] 
2021-01-22T00:59:13.336+0800: 46.372: [GC pause (G1 Evacuation Pause) (mixed), 0.0225352 secs]
   [Parallel Time: 19.6 ms, GC Workers: 8]
      [GC Worker Start (ms): Min: 46372.1, Avg: 46372.5, Max: 46374.1, Diff: 2.0]
      [Ext Root Scanning (ms): Min: 0.0, Avg: 0.1, Max: 0.2, Diff: 0.2, Sum: 0.6]
      [Update RS (ms): Min: 0.0, Avg: 0.2, Max: 0.3, Diff: 0.3, Sum: 1.7]
         [Processed Buffers: Min: 0, Avg: 3.9, Max: 6, Diff: 6, Sum: 31]
      [Scan RS (ms): Min: 0.0, Avg: 0.1, Max: 0.2, Diff: 0.1, Sum: 0.6]
      [Code Root Scanning (ms): Min: 0.0, Avg: 0.0, Max: 0.0, Diff: 0.0, Sum: 0.0]
      [Object Copy (ms): Min: 11.4, Avg: 13.4, Max: 18.7, Diff: 7.4, Sum: 107.5]
      [Termination (ms): Min: 0.0, Avg: 5.1, Max: 7.4, Diff: 7.4, Sum: 40.8]
         [Termination Attempts: Min: 1, Avg: 1.1, Max: 2, Diff: 1, Sum: 9]
      [GC Worker Other (ms): Min: 0.0, Avg: 0.0, Max: 0.0, Diff: 0.0, Sum: 0.1]
      [GC Worker Total (ms): Min: 17.3, Avg: 18.9, Max: 19.3, Diff: 2.0, Sum: 151.2]
      [GC Worker End (ms): Min: 46391.4, Avg: 46391.4, Max: 46391.4, Diff: 0.1]
   [Code Root Fixup: 0.0 ms]
   [Code Root Purge: 0.0 ms]
   [Clear CT: 0.6 ms]
   [Other: 2.3 ms]
      [Choose CSet: 0.1 ms]
      [Ref Proc: 1.2 ms]
      [Ref Enq: 0.0 ms]
      [Redirty Cards: 0.4 ms]
      [Humongous Register: 0.2 ms]
      [Humongous Reclaim: 0.0 ms]
      [Free CSet: 0.2 ms]
   [Eden: 7168.0K(7168.0K)->0.0B(101376.0K) Survivors: 101.0M->3072.0K Heap: 875.0M(2048.0M)->675.1M(2048.0M)]
 [Times: user=0.16 sys=0.00, real=0.03 secs] 
2021-01-22T00:59:13.373+0800: 46.409: [GC pause (G1 Evacuation Pause) (mixed), 0.0092202 secs]
   [Parallel Time: 7.2 ms, GC Workers: 8]
      [GC Worker Start (ms): Min: 46409.6, Avg: 46410.6, Max: 46416.3, Diff: 6.6]
      [Ext Root Scanning (ms): Min: 0.0, Avg: 0.1, Max: 0.2, Diff: 0.2, Sum: 0.6]
      [Update RS (ms): Min: 0.0, Avg: 1.8, Max: 2.1, Diff: 2.1, Sum: 14.6]
         [Processed Buffers: Min: 0, Avg: 28.6, Max: 34, Diff: 34, Sum: 229]
      [Scan RS (ms): Min: 0.0, Avg: 0.1, Max: 0.2, Diff: 0.2, Sum: 0.5]
      [Code Root Scanning (ms): Min: 0.0, Avg: 0.0, Max: 0.1, Diff: 0.1, Sum: 0.1]
      [Object Copy (ms): Min: 0.0, Avg: 2.8, Max: 3.3, Diff: 3.3, Sum: 22.6]
      [Termination (ms): Min: 0.0, Avg: 1.0, Max: 1.3, Diff: 1.3, Sum: 7.6]
         [Termination Attempts: Min: 1, Avg: 1.0, Max: 1, Diff: 0, Sum: 8]
      [GC Worker Other (ms): Min: 0.0, Avg: 0.0, Max: 0.0, Diff: 0.0, Sum: 0.1]
      [GC Worker Total (ms): Min: 0.0, Avg: 5.8, Max: 6.7, Diff: 6.7, Sum: 46.2]
      [GC Worker End (ms): Min: 46416.3, Avg: 46416.3, Max: 46416.5, Diff: 0.2]
   [Code Root Fixup: 0.0 ms]
   [Code Root Purge: 0.0 ms]
   [Clear CT: 0.5 ms]
   [Other: 1.6 ms]
      [Choose CSet: 0.0 ms]
      [Ref Proc: 0.6 ms]
      [Ref Enq: 0.0 ms]
      [Redirty Cards: 0.4 ms]
      [Humongous Register: 0.1 ms]
      [Humongous Reclaim: 0.1 ms]
      [Free CSet: 0.1 ms]
   [Eden: 101376.0K(101376.0K)->0.0B(909.0M) Survivors: 3072.0K->13312.0K Heap: 801.7M(2048.0M)->631.7M(2048.0M)]
 [Times: user=0.06 sys=0.00, real=0.01 secs] 
2021-01-22T00:59:13.463+0800: 46.499: [GC pause (G1 Humongous Allocation) (young) (initial-mark), 0.0270765 secs]
   [Parallel Time: 24.4 ms, GC Workers: 8]
      [GC Worker Start (ms): Min: 46499.5, Avg: 46499.7, Max: 46499.9, Diff: 0.4]
      [Ext Root Scanning (ms): Min: 0.0, Avg: 0.4, Max: 0.5, Diff: 0.5, Sum: 2.9]
      [Update RS (ms): Min: 11.2, Avg: 11.3, Max: 11.4, Diff: 0.2, Sum: 90.1]
         [Processed Buffers: Min: 125, Avg: 157.1, Max: 171, Diff: 46, Sum: 1257]
      [Scan RS (ms): Min: 0.0, Avg: 0.1, Max: 0.1, Diff: 0.1, Sum: 0.6]
      [Code Root Scanning (ms): Min: 0.0, Avg: 0.0, Max: 0.0, Diff: 0.0, Sum: 0.0]
      [Object Copy (ms): Min: 11.7, Avg: 11.7, Max: 11.8, Diff: 0.1, Sum: 93.9]
      [Termination (ms): Min: 0.0, Avg: 0.0, Max: 0.1, Diff: 0.1, Sum: 0.3]
         [Termination Attempts: Min: 1, Avg: 1.0, Max: 1, Diff: 0, Sum: 8]
      [GC Worker Other (ms): Min: 0.0, Avg: 0.0, Max: 0.0, Diff: 0.0, Sum: 0.1]
      [GC Worker Total (ms): Min: 23.3, Avg: 23.5, Max: 23.7, Diff: 0.4, Sum: 187.9]
      [GC Worker End (ms): Min: 46523.2, Avg: 46523.2, Max: 46523.2, Diff: 0.0]
   [Code Root Fixup: 0.0 ms]
   [Code Root Purge: 0.0 ms]
   [Clear CT: 0.6 ms]
   [Other: 2.0 ms]
      [Choose CSet: 0.0 ms]
      [Ref Proc: 0.5 ms]
      [Ref Enq: 0.0 ms]
      [Redirty Cards: 0.7 ms]
      [Humongous Register: 0.2 ms]
      [Humongous Reclaim: 0.2 ms]
      [Free CSet: 0.2 ms]
   [Eden: 559.0M(909.0M)->0.0B(809.0M) Survivors: 13312.0K->116.0M Heap: 1345.9M(2048.0M)->764.9M(2048.0M)]
 [Times: user=0.18 sys=0.01, real=0.03 secs] 
2021-01-22T00:59:13.491+0800: 46.527: [GC concurrent-root-region-scan-start]
2021-01-22T00:59:13.491+0800: 46.527: [GC concurrent-root-region-scan-end, 0.0002198 secs]
2021-01-22T00:59:13.491+0800: 46.527: [GC concurrent-mark-start]
2021-01-22T00:59:13.493+0800: 46.529: [GC concurrent-mark-end, 0.0023385 secs]
2021-01-22T00:59:13.494+0800: 46.530: [GC remark 2021-01-22T00:59:13.494+0800: 46.530: [Finalize Marking, 0.0009357 secs] 2021-01-22T00:59:13.495+0800: 46.531: [GC ref-proc, 0.0004057 secs] 2021-01-22T00:59:13.496+0800: 46.532: [Unloading, 0.0009123 secs], 0.0040858 secs]
 [Times: user=0.02 sys=0.00, real=0.00 secs] 
2021-01-22T00:59:13.498+0800: 46.534: [GC cleanup 783M->656M(2048M), 0.0024092 secs]
 [Times: user=0.00 sys=0.01, real=0.00 secs] 
2021-01-22T00:59:13.501+0800: 46.537: [GC concurrent-cleanup-start]
2021-01-22T00:59:13.501+0800: 46.537: [GC concurrent-cleanup-end, 0.0000849 secs]
2021-01-22T00:59:13.622+0800: 46.658: [GC pause (G1 Evacuation Pause) (young) (to-space exhausted), 0.0358135 secs]
   [Parallel Time: 31.2 ms, GC Workers: 8]
      [GC Worker Start (ms): Min: 46658.5, Avg: 46658.7, Max: 46658.9, Diff: 0.3]
      [Ext Root Scanning (ms): Min: 0.0, Avg: 0.1, Max: 0.2, Diff: 0.2, Sum: 0.5]
      [Update RS (ms): Min: 17.4, Avg: 17.5, Max: 17.6, Diff: 0.1, Sum: 140.1]
         [Processed Buffers: Min: 223, Avg: 256.1, Max: 271, Diff: 48, Sum: 2049]
      [Scan RS (ms): Min: 0.1, Avg: 0.1, Max: 0.2, Diff: 0.0, Sum: 1.0]
      [Code Root Scanning (ms): Min: 0.0, Avg: 0.0, Max: 0.0, Diff: 0.0, Sum: 0.0]
      [Object Copy (ms): Min: 12.7, Avg: 12.8, Max: 12.9, Diff: 0.3, Sum: 102.6]
      [Termination (ms): Min: 0.0, Avg: 0.1, Max: 0.3, Diff: 0.3, Sum: 0.9]
         [Termination Attempts: Min: 1, Avg: 1.0, Max: 1, Diff: 0, Sum: 8]
      [GC Worker Other (ms): Min: 0.0, Avg: 0.0, Max: 0.1, Diff: 0.0, Sum: 0.2]
      [GC Worker Total (ms): Min: 30.5, Avg: 30.7, Max: 30.9, Diff: 0.4, Sum: 245.3]
      [GC Worker End (ms): Min: 46689.4, Avg: 46689.4, Max: 46689.4, Diff: 0.1]
   [Code Root Fixup: 0.0 ms]
   [Code Root Purge: 0.0 ms]
   [Clear CT: 1.1 ms]
   [Other: 3.5 ms]
      [Evacuation Failure: 1.2 ms]
      [Choose CSet: 0.0 ms]
      [Ref Proc: 0.5 ms]
      [Ref Enq: 0.0 ms]
      [Redirty Cards: 1.0 ms]
      [Humongous Register: 0.2 ms]
      [Humongous Reclaim: 0.3 ms]
      [Free CSet: 0.3 ms]
   [Eden: 809.0M(809.0M)->0.0B(7168.0K) Survivors: 116.0M->106.0M Heap: 1701.8M(2048.0M)->1073.4M(2048.0M)]
 [Times: user=0.25 sys=0.00, real=0.04 secs] 
2021-01-22T00:59:13.661+0800: 46.697: [GC pause (G1 Evacuation Pause) (mixed), 0.0141687 secs]
   [Parallel Time: 10.9 ms, GC Workers: 8]
      [GC Worker Start (ms): Min: 46696.9, Avg: 46697.1, Max: 46697.2, Diff: 0.3]
      [Ext Root Scanning (ms): Min: 0.0, Avg: 0.1, Max: 0.2, Diff: 0.2, Sum: 0.5]
      [Update RS (ms): Min: 0.2, Avg: 0.3, Max: 0.3, Diff: 0.1, Sum: 2.3]
         [Processed Buffers: Min: 3, Avg: 5.2, Max: 8, Diff: 5, Sum: 42]
      [Scan RS (ms): Min: 0.0, Avg: 0.1, Max: 0.1, Diff: 0.1, Sum: 0.7]
      [Code Root Scanning (ms): Min: 0.0, Avg: 0.0, Max: 0.0, Diff: 0.0, Sum: 0.0]
      [Object Copy (ms): Min: 9.6, Avg: 9.6, Max: 9.7, Diff: 0.1, Sum: 77.1]
      [Termination (ms): Min: 0.0, Avg: 0.0, Max: 0.1, Diff: 0.1, Sum: 0.4]
         [Termination Attempts: Min: 1, Avg: 1.0, Max: 1, Diff: 0, Sum: 8]
      [GC Worker Other (ms): Min: 0.0, Avg: 0.0, Max: 0.0, Diff: 0.0, Sum: 0.1]
      [GC Worker Total (ms): Min: 10.0, Avg: 10.1, Max: 10.3, Diff: 0.3, Sum: 81.0]
      [GC Worker End (ms): Min: 46707.2, Avg: 46707.2, Max: 46707.2, Diff: 0.0]
   [Code Root Fixup: 0.0 ms]
   [Code Root Purge: 0.0 ms]
   [Clear CT: 1.2 ms]
   [Other: 2.1 ms]
      [Choose CSet: 0.1 ms]
      [Ref Proc: 0.4 ms]
      [Ref Enq: 0.0 ms]
      [Redirty Cards: 0.9 ms]
      [Humongous Register: 0.1 ms]
      [Humongous Reclaim: 0.1 ms]
      [Free CSet: 0.2 ms]
   [Eden: 7168.0K(7168.0K)->0.0B(697.0M) Survivors: 106.0M->2048.0K Heap: 1083.7M(2048.0M)->908.5M(2048.0M)]
 [Times: user=0.09 sys=0.00, real=0.01 secs] 
2021-01-22T00:59:13.676+0800: 46.712: [GC pause (G1 Humongous Allocation) (young) (initial-mark), 0.0041609 secs]
   [Parallel Time: 1.2 ms, GC Workers: 8]
      [GC Worker Start (ms): Min: 46711.9, Avg: 46712.1, Max: 46712.3, Diff: 0.4]
      [Ext Root Scanning (ms): Min: 0.0, Avg: 0.4, Max: 0.6, Diff: 0.5, Sum: 2.9]
      [Update RS (ms): Min: 0.0, Avg: 0.1, Max: 0.2, Diff: 0.2, Sum: 0.9]
         [Processed Buffers: Min: 0, Avg: 1.1, Max: 3, Diff: 3, Sum: 9]
      [Scan RS (ms): Min: 0.0, Avg: 0.0, Max: 0.0, Diff: 0.0, Sum: 0.0]
      [Code Root Scanning (ms): Min: 0.0, Avg: 0.0, Max: 0.0, Diff: 0.0, Sum: 0.0]
      [Object Copy (ms): Min: 0.0, Avg: 0.1, Max: 0.1, Diff: 0.1, Sum: 0.4]
      [Termination (ms): Min: 0.0, Avg: 0.1, Max: 0.1, Diff: 0.1, Sum: 0.6]
         [Termination Attempts: Min: 1, Avg: 1.0, Max: 1, Diff: 0, Sum: 8]
      [GC Worker Other (ms): Min: 0.0, Avg: 0.0, Max: 0.0, Diff: 0.0, Sum: 0.0]
      [GC Worker Total (ms): Min: 0.4, Avg: 0.6, Max: 0.8, Diff: 0.4, Sum: 4.9]
      [GC Worker End (ms): Min: 46712.7, Avg: 46712.7, Max: 46712.7, Diff: 0.0]
   [Code Root Fixup: 0.0 ms]
   [Code Root Purge: 0.0 ms]
   [Clear CT: 0.9 ms]
   [Other: 2.1 ms]
      [Choose CSet: 0.0 ms]
      [Ref Proc: 1.0 ms]
      [Ref Enq: 0.0 ms]
      [Redirty Cards: 0.8 ms]
      [Humongous Register: 0.1 ms]
      [Humongous Reclaim: 0.0 ms]
      [Free CSet: 0.0 ms]
   [Eden: 1024.0K(697.0M)->0.0B(667.0M) Survivors: 2048.0K->2048.0K Heap: 909.3M(2048.0M)->908.7M(2048.0M)]
 [Times: user=0.00 sys=0.01, real=0.01 secs] 
2021-01-22T00:59:13.681+0800: 46.716: [GC concurrent-root-region-scan-start]
2021-01-22T00:59:13.681+0800: 46.717: [GC concurrent-root-region-scan-end, 0.0002515 secs]
2021-01-22T00:59:13.681+0800: 46.717: [GC concurrent-mark-start]
2021-01-22T00:59:13.684+0800: 46.720: [GC concurrent-mark-end, 0.0030768 secs]
2021-01-22T00:59:13.684+0800: 46.720: [GC remark 2021-01-22T00:59:13.685+0800: 46.720: [Finalize Marking, 0.0012018 secs] 2021-01-22T00:59:13.686+0800: 46.722: [GC ref-proc, 0.0004178 secs] 2021-01-22T00:59:13.687+0800: 46.723: [Unloading, 0.0012488 secs], 0.0052883 secs]
 [Times: user=0.01 sys=0.00, real=0.01 secs] 
2021-01-22T00:59:13.690+0800: 46.726: [GC cleanup 937M->881M(2048M), 0.0028878 secs]
 [Times: user=0.01 sys=0.01, real=0.00 secs] 
2021-01-22T00:59:13.694+0800: 46.730: [GC concurrent-cleanup-start]
2021-01-22T00:59:13.694+0800: 46.730: [GC concurrent-cleanup-end, 0.0000347 secs]
2021-01-22T00:59:13.787+0800: 46.823: [GC pause (G1 Evacuation Pause) (young), 0.0389112 secs]
   [Parallel Time: 35.5 ms, GC Workers: 8]
      [GC Worker Start (ms): Min: 46823.6, Avg: 46823.8, Max: 46823.9, Diff: 0.3]
      [Ext Root Scanning (ms): Min: 0.0, Avg: 0.1, Max: 0.2, Diff: 0.2, Sum: 0.5]
      [Update RS (ms): Min: 15.6, Avg: 16.0, Max: 17.3, Diff: 1.8, Sum: 128.0]
         [Processed Buffers: Min: 115, Avg: 181.5, Max: 239, Diff: 124, Sum: 1452]
      [Scan RS (ms): Min: 0.0, Avg: 0.1, Max: 0.3, Diff: 0.2, Sum: 0.9]
      [Code Root Scanning (ms): Min: 0.0, Avg: 0.0, Max: 0.0, Diff: 0.0, Sum: 0.0]
      [Object Copy (ms): Min: 12.3, Avg: 14.7, Max: 18.2, Diff: 5.9, Sum: 117.8]
      [Termination (ms): Min: 0.0, Avg: 3.7, Max: 4.7, Diff: 4.7, Sum: 29.7]
         [Termination Attempts: Min: 1, Avg: 1.0, Max: 1, Diff: 0, Sum: 8]
      [GC Worker Other (ms): Min: 0.0, Avg: 0.0, Max: 0.0, Diff: 0.0, Sum: 0.1]
      [GC Worker Total (ms): Min: 34.5, Avg: 34.6, Max: 34.8, Diff: 0.3, Sum: 277.1]
      [GC Worker End (ms): Min: 46858.4, Avg: 46858.4, Max: 46858.5, Diff: 0.1]
   [Code Root Fixup: 0.0 ms]
   [Code Root Purge: 0.0 ms]
   [Clear CT: 0.7 ms]
   [Other: 2.8 ms]
      [Choose CSet: 0.0 ms]
      [Ref Proc: 0.5 ms]
      [Ref Enq: 0.0 ms]
      [Redirty Cards: 1.1 ms]
      [Humongous Register: 0.3 ms]
      [Humongous Reclaim: 0.4 ms]
      [Free CSet: 0.4 ms]
   [Eden: 667.0M(667.0M)->0.0B(18432.0K) Survivors: 2048.0K->86016.0K Heap: 1700.3M(2048.0M)->978.1M(2048.0M)]
 [Times: user=0.26 sys=0.00, real=0.04 secs] 
2021-01-22T00:59:13.830+0800: 46.866: [GC pause (G1 Evacuation Pause) (mixed), 0.0150224 secs]
   [Parallel Time: 11.4 ms, GC Workers: 8]
      [GC Worker Start (ms): Min: 46866.3, Avg: 46867.8, Max: 46870.7, Diff: 4.4]
      [Ext Root Scanning (ms): Min: 0.0, Avg: 0.1, Max: 0.2, Diff: 0.2, Sum: 0.6]
      [Update RS (ms): Min: 0.0, Avg: 0.4, Max: 0.7, Diff: 0.7, Sum: 3.2]
         [Processed Buffers: Min: 0, Avg: 6.1, Max: 11, Diff: 11, Sum: 49]
      [Scan RS (ms): Min: 0.1, Avg: 0.1, Max: 0.2, Diff: 0.1, Sum: 0.8]
      [Code Root Scanning (ms): Min: 0.0, Avg: 0.0, Max: 0.0, Diff: 0.0, Sum: 0.0]
      [Object Copy (ms): Min: 5.4, Avg: 7.9, Max: 9.8, Diff: 4.4, Sum: 62.9]
      [Termination (ms): Min: 0.0, Avg: 0.7, Max: 0.8, Diff: 0.8, Sum: 5.8]
         [Termination Attempts: Min: 1, Avg: 1.2, Max: 3, Diff: 2, Sum: 10]
      [GC Worker Other (ms): Min: 0.0, Avg: 0.0, Max: 0.0, Diff: 0.0, Sum: 0.1]
      [GC Worker Total (ms): Min: 6.3, Avg: 9.2, Max: 10.8, Diff: 4.5, Sum: 73.5]
      [GC Worker End (ms): Min: 46877.0, Avg: 46877.0, Max: 46877.1, Diff: 0.0]
   [Code Root Fixup: 0.0 ms]
   [Code Root Purge: 0.0 ms]
   [Clear CT: 0.9 ms]
   [Other: 2.7 ms]
      [Choose CSet: 0.1 ms]
      [Ref Proc: 1.0 ms]
      [Ref Enq: 0.0 ms]
      [Redirty Cards: 1.0 ms]
      [Humongous Register: 0.2 ms]
      [Humongous Reclaim: 0.1 ms]
      [Free CSet: 0.3 ms]
   [Eden: 18432.0K(18432.0K)->0.0B(95232.0K) Survivors: 86016.0K->9216.0K Heap: 1001.1M(2048.0M)->786.7M(2048.0M)]
 [Times: user=0.08 sys=0.00, real=0.01 secs] 
2021-01-22T00:59:13.861+0800: 46.897: [GC pause (G1 Evacuation Pause) (mixed), 0.0119406 secs]
   [Parallel Time: 7.8 ms, GC Workers: 8]
      [GC Worker Start (ms): Min: 46897.4, Avg: 46897.6, Max: 46897.7, Diff: 0.3]
      [Ext Root Scanning (ms): Min: 0.0, Avg: 0.1, Max: 0.2, Diff: 0.2, Sum: 0.5]
      [Update RS (ms): Min: 1.6, Avg: 1.7, Max: 1.7, Diff: 0.1, Sum: 13.3]
         [Processed Buffers: Min: 24, Avg: 25.1, Max: 26, Diff: 2, Sum: 201]
      [Scan RS (ms): Min: 0.0, Avg: 0.1, Max: 0.1, Diff: 0.0, Sum: 0.5]
      [Code Root Scanning (ms): Min: 0.0, Avg: 0.0, Max: 0.0, Diff: 0.0, Sum: 0.0]
      [Object Copy (ms): Min: 4.6, Avg: 4.8, Max: 5.6, Diff: 1.0, Sum: 38.3]
      [Termination (ms): Min: 0.0, Avg: 0.8, Max: 1.0, Diff: 1.0, Sum: 6.6]
         [Termination Attempts: Min: 1, Avg: 1.0, Max: 1, Diff: 0, Sum: 8]
      [GC Worker Other (ms): Min: 0.0, Avg: 0.0, Max: 0.0, Diff: 0.0, Sum: 0.0]
      [GC Worker Total (ms): Min: 7.3, Avg: 7.4, Max: 7.6, Diff: 0.3, Sum: 59.3]
      [GC Worker End (ms): Min: 46905.0, Avg: 46905.0, Max: 46905.0, Diff: 0.1]
   [Code Root Fixup: 0.0 ms]
   [Code Root Purge: 0.0 ms]
   [Clear CT: 1.0 ms]
   [Other: 3.1 ms]
      [Choose CSet: 0.1 ms]
      [Ref Proc: 1.1 ms]
      [Ref Enq: 0.0 ms]
      [Redirty Cards: 1.2 ms]
      [Humongous Register: 0.1 ms]
      [Humongous Reclaim: 0.1 ms]
      [Free CSet: 0.3 ms]
   [Eden: 95232.0K(95232.0K)->0.0B(91136.0K) Survivors: 9216.0K->13312.0K Heap: 903.6M(2048.0M)->627.5M(2048.0M)]
 [Times: user=0.07 sys=0.00, real=0.01 secs] 
2021-01-22T00:59:13.889+0800: 46.925: [GC pause (G1 Evacuation Pause) (mixed), 0.0091530 secs]
   [Parallel Time: 6.5 ms, GC Workers: 8]
      [GC Worker Start (ms): Min: 46924.8, Avg: 46925.0, Max: 46925.1, Diff: 0.3]
      [Ext Root Scanning (ms): Min: 0.0, Avg: 0.1, Max: 0.2, Diff: 0.2, Sum: 0.5]
      [Update RS (ms): Min: 2.2, Avg: 2.5, Max: 4.3, Diff: 2.2, Sum: 20.1]
         [Processed Buffers: Min: 2, Avg: 30.9, Max: 37, Diff: 35, Sum: 247]
      [Scan RS (ms): Min: 0.0, Avg: 0.0, Max: 0.0, Diff: 0.0, Sum: 0.2]
      [Code Root Scanning (ms): Min: 0.0, Avg: 0.0, Max: 0.0, Diff: 0.0, Sum: 0.0]
      [Object Copy (ms): Min: 1.1, Avg: 3.0, Max: 3.6, Diff: 2.4, Sum: 24.0]
      [Termination (ms): Min: 0.0, Avg: 0.3, Max: 0.5, Diff: 0.5, Sum: 2.7]
         [Termination Attempts: Min: 1, Avg: 1.0, Max: 1, Diff: 0, Sum: 8]
      [GC Worker Other (ms): Min: 0.0, Avg: 0.0, Max: 0.0, Diff: 0.0, Sum: 0.1]
      [GC Worker Total (ms): Min: 5.8, Avg: 5.9, Max: 6.1, Diff: 0.3, Sum: 47.6]
      [GC Worker End (ms): Min: 46930.9, Avg: 46930.9, Max: 46931.0, Diff: 0.1]
   [Code Root Fixup: 0.0 ms]
   [Code Root Purge: 0.0 ms]
   [Clear CT: 0.6 ms]
   [Other: 2.0 ms]
      [Choose CSet: 0.0 ms]
      [Ref Proc: 0.6 ms]
      [Ref Enq: 0.0 ms]
      [Redirty Cards: 0.9 ms]
      [Humongous Register: 0.1 ms]
      [Humongous Reclaim: 0.1 ms]
      [Free CSet: 0.0 ms]
   [Eden: 91136.0K(91136.0K)->0.0B(888.0M) Survivors: 13312.0K->13312.0K Heap: 746.1M(2048.0M)->651.1M(2048.0M)]
 [Times: user=0.05 sys=0.01, real=0.01 secs] 
2021-01-22T00:59:13.985+0800: 47.021: [GC pause (G1 Humongous Allocation) (young) (initial-mark), 0.0271440 secs]
   [Parallel Time: 23.7 ms, GC Workers: 8]
      [GC Worker Start (ms): Min: 47021.3, Avg: 47021.5, Max: 47021.7, Diff: 0.4]
      [Ext Root Scanning (ms): Min: 0.0, Avg: 0.7, Max: 2.4, Diff: 2.3, Sum: 5.3]
      [Update RS (ms): Min: 8.1, Avg: 10.3, Max: 11.9, Diff: 3.8, Sum: 82.3]
         [Processed Buffers: Min: 121, Avg: 142.2, Max: 158, Diff: 37, Sum: 1138]
      [Scan RS (ms): Min: 0.0, Avg: 0.1, Max: 0.3, Diff: 0.3, Sum: 1.0]
      [Code Root Scanning (ms): Min: 0.0, Avg: 0.0, Max: 0.0, Diff: 0.0, Sum: 0.0]
      [Object Copy (ms): Min: 10.3, Avg: 11.7, Max: 12.1, Diff: 1.8, Sum: 93.4]
      [Termination (ms): Min: 0.0, Avg: 0.2, Max: 0.2, Diff: 0.2, Sum: 1.5]
         [Termination Attempts: Min: 1, Avg: 1.1, Max: 2, Diff: 1, Sum: 9]
      [GC Worker Other (ms): Min: 0.0, Avg: 0.1, Max: 0.2, Diff: 0.2, Sum: 0.6]
      [GC Worker Total (ms): Min: 22.8, Avg: 23.0, Max: 23.3, Diff: 0.6, Sum: 184.1]
      [GC Worker End (ms): Min: 47044.4, Avg: 47044.5, Max: 47044.7, Diff: 0.2]
   [Code Root Fixup: 0.0 ms]
   [Code Root Purge: 0.0 ms]
   [Clear CT: 0.8 ms]
   [Other: 2.6 ms]
      [Choose CSet: 0.0 ms]
      [Ref Proc: 0.8 ms]
      [Ref Enq: 0.0 ms]
      [Redirty Cards: 0.8 ms]
      [Humongous Register: 0.1 ms]
      [Humongous Reclaim: 0.2 ms]
      [Free CSet: 0.4 ms]
   [Eden: 612.0M(888.0M)->0.0B(156.0M) Survivors: 13312.0K->113.0M Heap: 1403.6M(2048.0M)->782.8M(2048.0M)]
 [Times: user=0.18 sys=0.00, real=0.03 secs] 
2021-01-22T00:59:14.013+0800: 47.049: [GC concurrent-root-region-scan-start]
2021-01-22T00:59:14.013+0800: 47.049: [GC concurrent-root-region-scan-end, 0.0003188 secs]
2021-01-22T00:59:14.013+0800: 47.049: [GC concurrent-mark-start]
2021-01-22T00:59:14.016+0800: 47.052: [GC concurrent-mark-end, 0.0029220 secs]
2021-01-22T00:59:14.017+0800: 47.052: [GC remark 2021-01-22T00:59:14.017+0800: 47.053: [Finalize Marking, 0.0010928 secs] 2021-01-22T00:59:14.018+0800: 47.054: [GC ref-proc, 0.0004771 secs] 2021-01-22T00:59:14.019+0800: 47.055: [Unloading, 0.0013304 secs], 0.0052878 secs]
 [Times: user=0.02 sys=0.00, real=0.01 secs] 
2021-01-22T00:59:14.023+0800: 47.059: [GC cleanup 808M->666M(2048M), 0.0035220 secs]
 [Times: user=0.01 sys=0.00, real=0.00 secs] 
2021-01-22T00:59:14.027+0800: 47.063: [GC concurrent-cleanup-start]
2021-01-22T00:59:14.027+0800: 47.063: [GC concurrent-cleanup-end, 0.0000901 secs]
2021-01-22T00:59:14.048+0800: 47.084: [GC pause (G1 Evacuation Pause) (young), 0.0190572 secs]
   [Parallel Time: 15.5 ms, GC Workers: 8]
      [GC Worker Start (ms): Min: 47084.1, Avg: 47084.3, Max: 47084.4, Diff: 0.3]
      [Ext Root Scanning (ms): Min: 0.0, Avg: 0.1, Max: 0.2, Diff: 0.2, Sum: 0.4]
      [Update RS (ms): Min: 2.8, Avg: 2.9, Max: 2.9, Diff: 0.1, Sum: 23.0]
         [Processed Buffers: Min: 42, Avg: 43.8, Max: 45, Diff: 3, Sum: 350]
      [Scan RS (ms): Min: 0.0, Avg: 0.0, Max: 0.0, Diff: 0.0, Sum: 0.2]
      [Code Root Scanning (ms): Min: 0.0, Avg: 0.0, Max: 0.0, Diff: 0.0, Sum: 0.0]
      [Object Copy (ms): Min: 11.7, Avg: 11.7, Max: 11.8, Diff: 0.2, Sum: 93.8]
      [Termination (ms): Min: 0.0, Avg: 0.1, Max: 0.2, Diff: 0.2, Sum: 0.9]
         [Termination Attempts: Min: 1, Avg: 1.2, Max: 2, Diff: 1, Sum: 10]
      [GC Worker Other (ms): Min: 0.0, Avg: 0.0, Max: 0.0, Diff: 0.0, Sum: 0.1]
      [GC Worker Total (ms): Min: 14.7, Avg: 14.8, Max: 15.0, Diff: 0.3, Sum: 118.5]
      [GC Worker End (ms): Min: 47099.1, Avg: 47099.1, Max: 47099.1, Diff: 0.0]
   [Code Root Fixup: 0.0 ms]
   [Code Root Purge: 0.0 ms]
   [Clear CT: 1.5 ms]
   [Other: 2.1 ms]
      [Choose CSet: 0.0 ms]
      [Ref Proc: 0.5 ms]
      [Ref Enq: 0.0 ms]
      [Redirty Cards: 0.9 ms]
      [Humongous Register: 0.1 ms]
      [Humongous Reclaim: 0.1 ms]
      [Free CSet: 0.1 ms]
   [Eden: 156.0M(156.0M)->0.0B(69632.0K) Survivors: 113.0M->34816.0K Heap: 839.4M(2048.0M)->664.1M(2048.0M)]
 [Times: user=0.13 sys=0.00, real=0.02 secs] 
2021-01-22T00:59:14.078+0800: 47.114: [GC pause (G1 Evacuation Pause) (mixed), 0.0130198 secs]
   [Parallel Time: 9.4 ms, GC Workers: 8]
      [GC Worker Start (ms): Min: 47114.6, Avg: 47114.7, Max: 47114.8, Diff: 0.3]
      [Ext Root Scanning (ms): Min: 0.0, Avg: 0.1, Max: 0.2, Diff: 0.2, Sum: 0.6]
      [Update RS (ms): Min: 1.7, Avg: 1.7, Max: 1.8, Diff: 0.1, Sum: 13.9]
         [Processed Buffers: Min: 25, Avg: 26.4, Max: 28, Diff: 3, Sum: 211]
      [Scan RS (ms): Min: 0.0, Avg: 0.1, Max: 0.1, Diff: 0.1, Sum: 0.6]
      [Code Root Scanning (ms): Min: 0.0, Avg: 0.0, Max: 0.1, Diff: 0.1, Sum: 0.1]
      [Object Copy (ms): Min: 6.4, Avg: 6.5, Max: 6.6, Diff: 0.1, Sum: 51.9]
      [Termination (ms): Min: 0.0, Avg: 0.1, Max: 0.1, Diff: 0.1, Sum: 0.5]
         [Termination Attempts: Min: 1, Avg: 1.0, Max: 1, Diff: 0, Sum: 8]
      [GC Worker Other (ms): Min: 0.0, Avg: 0.0, Max: 0.0, Diff: 0.0, Sum: 0.1]
      [GC Worker Total (ms): Min: 8.3, Avg: 8.4, Max: 8.6, Diff: 0.3, Sum: 67.6]
      [GC Worker End (ms): Min: 47123.2, Avg: 47123.2, Max: 47123.2, Diff: 0.0]
   [Code Root Fixup: 0.0 ms]
   [Code Root Purge: 0.0 ms]
   [Clear CT: 1.0 ms]
   [Other: 2.6 ms]
      [Choose CSet: 0.1 ms]
      [Ref Proc: 0.8 ms]
      [Ref Enq: 0.0 ms]
      [Redirty Cards: 0.9 ms]
      [Humongous Register: 0.1 ms]
      [Humongous Reclaim: 0.2 ms]
      [Free CSet: 0.2 ms]
   [Eden: 69632.0K(69632.0K)->0.0B(779.0M) Survivors: 34816.0K->13312.0K Heap: 757.3M(2048.0M)->519.8M(2048.0M)]
 [Times: user=0.07 sys=0.00, real=0.01 secs] 
2021-01-22T00:59:14.229+0800: 47.265: [GC pause (G1 Evacuation Pause) (young), 0.0335548 secs]
   [Parallel Time: 31.1 ms, GC Workers: 8]
      [GC Worker Start (ms): Min: 47265.0, Avg: 47265.1, Max: 47265.3, Diff: 0.3]
      [Ext Root Scanning (ms): Min: 0.0, Avg: 0.1, Max: 0.2, Diff: 0.2, Sum: 0.5]
      [Update RS (ms): Min: 15.0, Avg: 15.3, Max: 17.1, Diff: 2.2, Sum: 122.4]
         [Processed Buffers: Min: 161, Avg: 204.1, Max: 229, Diff: 68, Sum: 1633]
      [Scan RS (ms): Min: 0.0, Avg: 0.1, Max: 0.4, Diff: 0.4, Sum: 1.2]
      [Code Root Scanning (ms): Min: 0.0, Avg: 0.0, Max: 0.0, Diff: 0.0, Sum: 0.0]
      [Object Copy (ms): Min: 11.8, Avg: 13.6, Max: 15.2, Diff: 3.5, Sum: 108.9]
      [Termination (ms): Min: 0.0, Avg: 1.4, Max: 1.7, Diff: 1.7, Sum: 10.8]
         [Termination Attempts: Min: 1, Avg: 1.0, Max: 1, Diff: 0, Sum: 8]
      [GC Worker Other (ms): Min: 0.0, Avg: 0.0, Max: 0.0, Diff: 0.0, Sum: 0.1]
      [GC Worker Total (ms): Min: 30.3, Avg: 30.5, Max: 30.6, Diff: 0.3, Sum: 243.9]
      [GC Worker End (ms): Min: 47295.6, Avg: 47295.6, Max: 47295.7, Diff: 0.1]
   [Code Root Fixup: 0.0 ms]
   [Code Root Purge: 0.0 ms]
   [Clear CT: 0.6 ms]
   [Other: 1.9 ms]
      [Choose CSet: 0.0 ms]
      [Ref Proc: 0.4 ms]
      [Ref Enq: 0.0 ms]
      [Redirty Cards: 0.5 ms]
      [Humongous Register: 0.2 ms]
      [Humongous Reclaim: 0.3 ms]
      [Free CSet: 0.3 ms]
   [Eden: 779.0M(779.0M)->0.0B(749.0M) Survivors: 13312.0K->101376.0K Heap: 1501.7M(2048.0M)->668.9M(2048.0M)]
 [Times: user=0.25 sys=0.00, real=0.03 secs] 
2021-01-22T00:59:14.353+0800: 47.389: [GC pause (G1 Humongous Allocation) (young) (initial-mark), 0.0330665 secs]
   [Parallel Time: 29.3 ms, GC Workers: 8]
      [GC Worker Start (ms): Min: 47389.3, Avg: 47389.5, Max: 47389.7, Diff: 0.4]
      [Ext Root Scanning (ms): Min: 0.0, Avg: 0.4, Max: 0.6, Diff: 0.6, Sum: 3.1]
      [Update RS (ms): Min: 12.0, Avg: 12.1, Max: 12.3, Diff: 0.3, Sum: 97.1]
         [Processed Buffers: Min: 175, Avg: 183.0, Max: 192, Diff: 17, Sum: 1464]
      [Scan RS (ms): Min: 0.1, Avg: 0.1, Max: 0.1, Diff: 0.0, Sum: 0.7]
      [Code Root Scanning (ms): Min: 0.0, Avg: 0.0, Max: 0.0, Diff: 0.0, Sum: 0.0]
      [Object Copy (ms): Min: 15.9, Avg: 15.9, Max: 15.9, Diff: 0.1, Sum: 127.2]
      [Termination (ms): Min: 0.0, Avg: 0.0, Max: 0.1, Diff: 0.1, Sum: 0.2]
         [Termination Attempts: Min: 1, Avg: 1.0, Max: 1, Diff: 0, Sum: 8]
      [GC Worker Other (ms): Min: 0.0, Avg: 0.1, Max: 0.3, Diff: 0.3, Sum: 1.0]
      [GC Worker Total (ms): Min: 28.4, Avg: 28.7, Max: 29.0, Diff: 0.7, Sum: 229.4]
      [GC Worker End (ms): Min: 47418.1, Avg: 47418.2, Max: 47418.4, Diff: 0.3]
   [Code Root Fixup: 0.0 ms]
   [Code Root Purge: 0.0 ms]
   [Clear CT: 0.9 ms]
   [Other: 2.8 ms]
      [Choose CSet: 0.0 ms]
      [Ref Proc: 0.9 ms]
      [Ref Enq: 0.0 ms]
      [Redirty Cards: 1.2 ms]
      [Humongous Register: 0.1 ms]
      [Humongous Reclaim: 0.2 ms]
      [Free CSet: 0.2 ms]
   [Eden: 653.0M(749.0M)->0.0B(574.0M) Survivors: 101376.0K->106.0M Heap: 1502.9M(2048.0M)->770.4M(2048.0M)]
 [Times: user=0.23 sys=0.00, real=0.03 secs] 
2021-01-22T00:59:14.387+0800: 47.423: [GC concurrent-root-region-scan-start]
2021-01-22T00:59:14.387+0800: 47.423: [GC concurrent-root-region-scan-end, 0.0002937 secs]
2021-01-22T00:59:14.387+0800: 47.423: [GC concurrent-mark-start]
2021-01-22T00:59:14.390+0800: 47.426: [GC concurrent-mark-end, 0.0024149 secs]
2021-01-22T00:59:14.390+0800: 47.426: [GC remark 2021-01-22T00:59:14.390+0800: 47.426: [Finalize Marking, 0.0011228 secs] 2021-01-22T00:59:14.392+0800: 47.428: [GC ref-proc, 0.0006677 secs] 2021-01-22T00:59:14.393+0800: 47.429: [Unloading, 0.0013619 secs], 0.0055757 secs]
 [Times: user=0.02 sys=0.00, real=0.00 secs] 
2021-01-22T00:59:14.396+0800: 47.432: [GC cleanup 796M->617M(2048M), 0.0026269 secs]
 [Times: user=0.00 sys=0.01, real=0.01 secs] 
2021-01-22T00:59:14.399+0800: 47.435: [GC concurrent-cleanup-start]
2021-01-22T00:59:14.399+0800: 47.435: [GC concurrent-cleanup-end, 0.0001113 secs]
2021-01-22T00:59:14.475+0800: 47.511: [GC pause (G1 Evacuation Pause) (young), 0.0309354 secs]
   [Parallel Time: 27.2 ms, GC Workers: 8]
      [GC Worker Start (ms): Min: 47511.2, Avg: 47511.4, Max: 47511.5, Diff: 0.3]
      [Ext Root Scanning (ms): Min: 0.0, Avg: 0.1, Max: 0.2, Diff: 0.2, Sum: 0.6]
      [Update RS (ms): Min: 10.1, Avg: 10.2, Max: 10.2, Diff: 0.1, Sum: 81.7]
         [Processed Buffers: Min: 145, Avg: 153.2, Max: 158, Diff: 13, Sum: 1226]
      [Scan RS (ms): Min: 0.1, Avg: 0.1, Max: 0.1, Diff: 0.0, Sum: 0.7]
      [Code Root Scanning (ms): Min: 0.0, Avg: 0.0, Max: 0.0, Diff: 0.0, Sum: 0.0]
      [Object Copy (ms): Min: 15.9, Avg: 15.9, Max: 15.9, Diff: 0.1, Sum: 127.1]
      [Termination (ms): Min: 0.0, Avg: 0.1, Max: 0.1, Diff: 0.1, Sum: 0.5]
         [Termination Attempts: Min: 1, Avg: 1.0, Max: 1, Diff: 0, Sum: 8]
      [GC Worker Other (ms): Min: 0.0, Avg: 0.0, Max: 0.2, Diff: 0.1, Sum: 0.3]
      [GC Worker Total (ms): Min: 26.2, Avg: 26.4, Max: 26.6, Diff: 0.4, Sum: 210.8]
      [GC Worker End (ms): Min: 47537.7, Avg: 47537.7, Max: 47537.8, Diff: 0.1]
   [Code Root Fixup: 0.0 ms]
   [Code Root Purge: 0.0 ms]
   [Clear CT: 0.9 ms]
   [Other: 2.8 ms]
      [Choose CSet: 0.0 ms]
      [Ref Proc: 0.9 ms]
      [Ref Enq: 0.0 ms]
      [Redirty Cards: 1.2 ms]
      [Humongous Register: 0.2 ms]
      [Humongous Reclaim: 0.2 ms]
      [Free CSet: 0.2 ms]
   [Eden: 574.0M(574.0M)->0.0B(17408.0K) Survivors: 106.0M->87040.0K Heap: 1317.3M(2048.0M)->663.8M(2048.0M)]
 [Times: user=0.22 sys=0.00, real=0.03 secs] 
2021-01-22T00:59:14.509+0800: 47.545: [GC pause (G1 Evacuation Pause) (mixed), 0.0124626 secs]
   [Parallel Time: 9.2 ms, GC Workers: 8]
      [GC Worker Start (ms): Min: 47545.4, Avg: 47545.7, Max: 47545.8, Diff: 0.4]
      [Ext Root Scanning (ms): Min: 0.0, Avg: 0.1, Max: 0.2, Diff: 0.2, Sum: 0.5]
      [Update RS (ms): Min: 0.3, Avg: 0.4, Max: 0.5, Diff: 0.1, Sum: 3.2]
         [Processed Buffers: Min: 5, Avg: 6.4, Max: 8, Diff: 3, Sum: 51]
      [Scan RS (ms): Min: 0.0, Avg: 0.1, Max: 0.1, Diff: 0.0, Sum: 0.4]
      [Code Root Scanning (ms): Min: 0.0, Avg: 0.0, Max: 0.0, Diff: 0.0, Sum: 0.0]
      [Object Copy (ms): Min: 7.9, Avg: 7.9, Max: 8.0, Diff: 0.1, Sum: 63.3]
      [Termination (ms): Min: 0.0, Avg: 0.0, Max: 0.1, Diff: 0.1, Sum: 0.3]
         [Termination Attempts: Min: 1, Avg: 1.1, Max: 2, Diff: 1, Sum: 9]
      [GC Worker Other (ms): Min: 0.0, Avg: 0.0, Max: 0.0, Diff: 0.0, Sum: 0.1]
      [GC Worker Total (ms): Min: 8.3, Avg: 8.5, Max: 8.7, Diff: 0.4, Sum: 67.8]
      [GC Worker End (ms): Min: 47554.1, Avg: 47554.1, Max: 47554.2, Diff: 0.0]
   [Code Root Fixup: 0.0 ms]
   [Code Root Purge: 0.0 ms]
   [Clear CT: 1.3 ms]
   [Other: 1.9 ms]
      [Choose CSet: 0.0 ms]
      [Ref Proc: 0.4 ms]
      [Ref Enq: 0.0 ms]
      [Redirty Cards: 1.0 ms]
      [Humongous Register: 0.2 ms]
      [Humongous Reclaim: 0.0 ms]
      [Free CSet: 0.1 ms]
   [Eden: 17408.0K(17408.0K)->0.0B(1022.0M) Survivors: 87040.0K->5120.0K Heap: 685.9M(2048.0M)->561.6M(2048.0M)]
 [Times: user=0.08 sys=0.00, real=0.01 secs] 
2021-01-22T00:59:14.634+0800: 47.669: [GC pause (G1 Humongous Allocation) (young) (initial-mark), 0.0333401 secs]
   [Parallel Time: 29.2 ms, GC Workers: 8]
      [GC Worker Start (ms): Min: 47669.8, Avg: 47670.1, Max: 47670.3, Diff: 0.4]
      [Ext Root Scanning (ms): Min: 0.0, Avg: 0.4, Max: 0.7, Diff: 0.7, Sum: 3.4]
      [Update RS (ms): Min: 13.1, Avg: 13.2, Max: 13.4, Diff: 0.3, Sum: 105.8]
         [Processed Buffers: Min: 181, Avg: 194.2, Max: 200, Diff: 19, Sum: 1554]
      [Scan RS (ms): Min: 0.1, Avg: 0.1, Max: 0.1, Diff: 0.0, Sum: 0.8]
      [Code Root Scanning (ms): Min: 0.0, Avg: 0.0, Max: 0.0, Diff: 0.0, Sum: 0.0]
      [Object Copy (ms): Min: 14.5, Avg: 14.6, Max: 14.6, Diff: 0.1, Sum: 116.5]
      [Termination (ms): Min: 0.0, Avg: 0.1, Max: 0.1, Diff: 0.1, Sum: 0.4]
         [Termination Attempts: Min: 1, Avg: 1.2, Max: 2, Diff: 1, Sum: 10]
      [GC Worker Other (ms): Min: 0.0, Avg: 0.0, Max: 0.2, Diff: 0.1, Sum: 0.3]
      [GC Worker Total (ms): Min: 28.2, Avg: 28.4, Max: 28.6, Diff: 0.4, Sum: 227.4]
      [GC Worker End (ms): Min: 47698.4, Avg: 47698.5, Max: 47698.6, Diff: 0.1]
   [Code Root Fixup: 0.0 ms]
   [Code Root Purge: 0.0 ms]
   [Clear CT: 1.0 ms]
   [Other: 3.1 ms]
      [Choose CSet: 0.0 ms]
      [Ref Proc: 1.0 ms]
      [Ref Enq: 0.0 ms]
      [Redirty Cards: 1.2 ms]
      [Humongous Register: 0.1 ms]
      [Humongous Reclaim: 0.2 ms]
      [Free CSet: 0.3 ms]
   [Eden: 796.0M(1022.0M)->0.0B(877.0M) Survivors: 5120.0K->129.0M Heap: 1550.0M(2048.0M)->719.6M(2048.0M)]
 [Times: user=0.23 sys=0.00, real=0.03 secs] 
2021-01-22T00:59:14.668+0800: 47.704: [GC concurrent-root-region-scan-start]
2021-01-22T00:59:14.668+0800: 47.704: [GC concurrent-root-region-scan-end, 0.0003615 secs]
2021-01-22T00:59:14.668+0800: 47.704: [GC concurrent-mark-start]
2021-01-22T00:59:14.671+0800: 47.707: [GC concurrent-mark-end, 0.0024243 secs]
2021-01-22T00:59:14.671+0800: 47.707: [GC remark 2021-01-22T00:59:14.672+0800: 47.707: [Finalize Marking, 0.0013925 secs] 2021-01-22T00:59:14.673+0800: 47.709: [GC ref-proc, 0.0006053 secs] 2021-01-22T00:59:14.674+0800: 47.710: [Unloading, 0.0017199 secs], 0.0064156 secs]
 [Times: user=0.01 sys=0.01, real=0.00 secs] 
2021-01-22T00:59:14.679+0800: 47.715: [GC cleanup 744M->621M(2048M), 0.0035883 secs]
 [Times: user=0.01 sys=0.00, real=0.00 secs] 
2021-01-22T00:59:14.683+0800: 47.719: [GC concurrent-cleanup-start]
2021-01-22T00:59:14.683+0800: 47.719: [GC concurrent-cleanup-end, 0.0000710 secs]
2021-01-22T00:59:14.808+0800: 47.844: [GC pause (G1 Evacuation Pause) (young) (to-space exhausted), 0.0355861 secs]
   [Parallel Time: 30.0 ms, GC Workers: 8]
      [GC Worker Start (ms): Min: 47844.3, Avg: 47844.5, Max: 47844.7, Diff: 0.4]
      [Ext Root Scanning (ms): Min: 0.0, Avg: 0.1, Max: 0.2, Diff: 0.2, Sum: 0.5]
      [Update RS (ms): Min: 16.2, Avg: 16.3, Max: 16.3, Diff: 0.2, Sum: 130.0]
         [Processed Buffers: Min: 220, Avg: 241.1, Max: 251, Diff: 31, Sum: 1929]
      [Scan RS (ms): Min: 0.1, Avg: 0.1, Max: 0.2, Diff: 0.1, Sum: 1.2]
      [Code Root Scanning (ms): Min: 0.0, Avg: 0.0, Max: 0.0, Diff: 0.0, Sum: 0.0]
      [Object Copy (ms): Min: 12.4, Avg: 12.5, Max: 12.6, Diff: 0.3, Sum: 100.2]
      [Termination (ms): Min: 0.0, Avg: 0.1, Max: 0.3, Diff: 0.3, Sum: 1.0]
         [Termination Attempts: Min: 1, Avg: 1.0, Max: 1, Diff: 0, Sum: 8]
      [GC Worker Other (ms): Min: 0.0, Avg: 0.0, Max: 0.0, Diff: 0.0, Sum: 0.1]
      [GC Worker Total (ms): Min: 29.0, Avg: 29.1, Max: 29.3, Diff: 0.3, Sum: 232.9]
      [GC Worker End (ms): Min: 47873.6, Avg: 47873.6, Max: 47873.7, Diff: 0.0]
   [Code Root Fixup: 0.0 ms]
   [Code Root Purge: 0.0 ms]
   [Clear CT: 1.2 ms]
   [Other: 4.4 ms]
      [Evacuation Failure: 1.3 ms]
      [Choose CSet: 0.0 ms]
      [Ref Proc: 0.8 ms]
      [Ref Enq: 0.0 ms]
      [Redirty Cards: 1.2 ms]
      [Humongous Register: 0.2 ms]
      [Humongous Reclaim: 0.4 ms]
      [Free CSet: 0.4 ms]
   [Eden: 877.0M(877.0M)->0.0B(7168.0K) Survivors: 129.0M->114.0M Heap: 1713.5M(2048.0M)->1010.0M(2048.0M)]
 [Times: user=0.24 sys=0.00, real=0.04 secs] 
2021-01-22T00:59:14.846+0800: 47.882: [GC pause (G1 Evacuation Pause) (mixed), 0.0153626 secs]
   [Parallel Time: 11.1 ms, GC Workers: 8]
      [GC Worker Start (ms): Min: 47882.1, Avg: 47882.3, Max: 47882.4, Diff: 0.3]
      [Ext Root Scanning (ms): Min: 0.0, Avg: 0.1, Max: 0.2, Diff: 0.2, Sum: 0.5]
      [Update RS (ms): Min: 0.2, Avg: 0.3, Max: 0.3, Diff: 0.1, Sum: 2.1]
         [Processed Buffers: Min: 4, Avg: 4.9, Max: 6, Diff: 2, Sum: 39]
      [Scan RS (ms): Min: 0.0, Avg: 0.0, Max: 0.1, Diff: 0.0, Sum: 0.4]
      [Code Root Scanning (ms): Min: 0.0, Avg: 0.0, Max: 0.0, Diff: 0.0, Sum: 0.0]
      [Object Copy (ms): Min: 9.9, Avg: 9.9, Max: 10.0, Diff: 0.1, Sum: 79.5]
      [Termination (ms): Min: 0.0, Avg: 0.1, Max: 0.1, Diff: 0.1, Sum: 0.8]
         [Termination Attempts: Min: 1, Avg: 1.6, Max: 6, Diff: 5, Sum: 13]
      [GC Worker Other (ms): Min: 0.0, Avg: 0.0, Max: 0.0, Diff: 0.0, Sum: 0.1]
      [GC Worker Total (ms): Min: 10.3, Avg: 10.4, Max: 10.6, Diff: 0.3, Sum: 83.3]
      [GC Worker End (ms): Min: 47892.7, Avg: 47892.7, Max: 47892.7, Diff: 0.0]
   [Code Root Fixup: 0.0 ms]
   [Code Root Purge: 0.0 ms]
   [Clear CT: 1.4 ms]
   [Other: 2.9 ms]
      [Choose CSet: 0.0 ms]
      [Ref Proc: 1.0 ms]
      [Ref Enq: 0.0 ms]
      [Redirty Cards: 1.2 ms]
      [Humongous Register: 0.1 ms]
      [Humongous Reclaim: 0.1 ms]
      [Free CSet: 0.3 ms]
   [Eden: 7168.0K(7168.0K)->0.0B(736.0M) Survivors: 114.0M->2048.0K Heap: 1019.7M(2048.0M)->882.6M(2048.0M)]
 [Times: user=0.08 sys=0.01, real=0.02 secs] 
2021-01-22T00:59:14.863+0800: 47.899: [GC pause (G1 Humongous Allocation) (young) (initial-mark), 0.0048741 secs]
   [Parallel Time: 1.3 ms, GC Workers: 8]
      [GC Worker Start (ms): Min: 47898.9, Avg: 47899.1, Max: 47899.2, Diff: 0.2]
      [Ext Root Scanning (ms): Min: 0.0, Avg: 0.3, Max: 0.5, Diff: 0.5, Sum: 2.2]
      [Update RS (ms): Min: 0.0, Avg: 0.1, Max: 0.2, Diff: 0.2, Sum: 0.7]
         [Processed Buffers: Min: 0, Avg: 1.1, Max: 4, Diff: 4, Sum: 9]
      [Scan RS (ms): Min: 0.0, Avg: 0.0, Max: 0.0, Diff: 0.0, Sum: 0.0]
      [Code Root Scanning (ms): Min: 0.0, Avg: 0.0, Max: 0.0, Diff: 0.0, Sum: 0.0]
      [Object Copy (ms): Min: 0.1, Avg: 0.1, Max: 0.2, Diff: 0.1, Sum: 1.2]
      [Termination (ms): Min: 0.0, Avg: 0.0, Max: 0.1, Diff: 0.1, Sum: 0.3]
         [Termination Attempts: Min: 1, Avg: 1.0, Max: 1, Diff: 0, Sum: 8]
      [GC Worker Other (ms): Min: 0.0, Avg: 0.0, Max: 0.0, Diff: 0.0, Sum: 0.0]
      [GC Worker Total (ms): Min: 0.5, Avg: 0.6, Max: 0.7, Diff: 0.2, Sum: 4.4]
      [GC Worker End (ms): Min: 47899.6, Avg: 47899.6, Max: 47899.6, Diff: 0.0]
   [Code Root Fixup: 0.0 ms]
   [Code Root Purge: 0.0 ms]
   [Clear CT: 1.1 ms]
   [Other: 2.4 ms]
      [Choose CSet: 0.0 ms]
      [Ref Proc: 1.0 ms]
      [Ref Enq: 0.0 ms]
      [Redirty Cards: 1.1 ms]
      [Humongous Register: 0.1 ms]
      [Humongous Reclaim: 0.0 ms]
      [Free CSet: 0.0 ms]
   [Eden: 4096.0K(736.0M)->0.0B(670.0M) Survivors: 2048.0K->4096.0K Heap: 885.7M(2048.0M)->883.3M(2048.0M)]
 [Times: user=0.01 sys=0.00, real=0.00 secs] 
2021-01-22T00:59:14.868+0800: 47.904: [GC concurrent-root-region-scan-start]
2021-01-22T00:59:14.869+0800: 47.905: [GC concurrent-root-region-scan-end, 0.0002097 secs]
2021-01-22T00:59:14.869+0800: 47.905: [GC concurrent-mark-start]
2021-01-22T00:59:14.872+0800: 47.908: [GC concurrent-mark-end, 0.0029317 secs]
2021-01-22T00:59:14.872+0800: 47.908: [GC remark 2021-01-22T00:59:14.872+0800: 47.908: [Finalize Marking, 0.0007806 secs] 2021-01-22T00:59:14.874+0800: 47.909: [GC ref-proc, 0.0005255 secs] 2021-01-22T00:59:14.874+0800: 47.910: [Unloading, 0.0012596 secs], 0.0051861 secs]
 [Times: user=0.01 sys=0.00, real=0.00 secs] 
2021-01-22T00:59:14.878+0800: 47.914: [GC cleanup 910M->841M(2048M), 0.0033572 secs]
 [Times: user=0.00 sys=0.01, real=0.00 secs] 
2021-01-22T00:59:14.882+0800: 47.918: [GC concurrent-cleanup-start]
2021-01-22T00:59:14.882+0800: 47.918: [GC concurrent-cleanup-end, 0.0000548 secs]
2021-01-22T00:59:14.973+0800: 48.009: [GC pause (G1 Evacuation Pause) (young), 0.0353804 secs]
   [Parallel Time: 31.4 ms, GC Workers: 8]
      [GC Worker Start (ms): Min: 48009.6, Avg: 48009.8, Max: 48010.0, Diff: 0.3]
      [Ext Root Scanning (ms): Min: 0.0, Avg: 0.1, Max: 0.2, Diff: 0.2, Sum: 0.5]
      [Update RS (ms): Min: 10.8, Avg: 10.9, Max: 11.0, Diff: 0.2, Sum: 87.2]
         [Processed Buffers: Min: 155, Avg: 163.2, Max: 171, Diff: 16, Sum: 1306]
      [Scan RS (ms): Min: 0.1, Avg: 0.1, Max: 0.1, Diff: 0.0, Sum: 0.7]
      [Code Root Scanning (ms): Min: 0.0, Avg: 0.0, Max: 0.0, Diff: 0.0, Sum: 0.0]
      [Object Copy (ms): Min: 13.4, Avg: 14.1, Max: 19.4, Diff: 6.0, Sum: 113.0]
      [Termination (ms): Min: 0.0, Avg: 5.3, Max: 6.0, Diff: 6.0, Sum: 42.0]
         [Termination Attempts: Min: 1, Avg: 1.0, Max: 1, Diff: 0, Sum: 8]
      [GC Worker Other (ms): Min: 0.0, Avg: 0.0, Max: 0.1, Diff: 0.1, Sum: 0.2]
      [GC Worker Total (ms): Min: 30.3, Avg: 30.4, Max: 30.6, Diff: 0.3, Sum: 243.6]
      [GC Worker End (ms): Min: 48040.2, Avg: 48040.3, Max: 48040.3, Diff: 0.1]
   [Code Root Fixup: 0.0 ms]
   [Code Root Purge: 0.0 ms]
   [Clear CT: 1.1 ms]
   [Other: 2.9 ms]
      [Choose CSet: 0.0 ms]
      [Ref Proc: 0.9 ms]
      [Ref Enq: 0.0 ms]
      [Redirty Cards: 1.2 ms]
      [Humongous Register: 0.1 ms]
      [Humongous Reclaim: 0.2 ms]
      [Free CSet: 0.2 ms]
   [Eden: 670.0M(670.0M)->0.0B(17408.0K) Survivors: 4096.0K->87040.0K Heap: 1646.6M(2048.0M)->967.4M(2048.0M)]
 [Times: user=0.23 sys=0.01, real=0.04 secs] 
2021-01-22T00:59:15.013+0800: 48.049: [GC pause (G1 Evacuation Pause) (mixed), 0.0125887 secs]
   [Parallel Time: 9.3 ms, GC Workers: 8]
      [GC Worker Start (ms): Min: 48048.9, Avg: 48049.1, Max: 48049.3, Diff: 0.3]
      [Ext Root Scanning (ms): Min: 0.0, Avg: 0.1, Max: 0.2, Diff: 0.2, Sum: 0.5]
      [Update RS (ms): Min: 0.1, Avg: 0.1, Max: 0.2, Diff: 0.1, Sum: 1.1]
         [Processed Buffers: Min: 1, Avg: 2.4, Max: 4, Diff: 3, Sum: 19]
      [Scan RS (ms): Min: 0.0, Avg: 0.0, Max: 0.1, Diff: 0.0, Sum: 0.4]
      [Code Root Scanning (ms): Min: 0.0, Avg: 0.0, Max: 0.0, Diff: 0.0, Sum: 0.0]
      [Object Copy (ms): Min: 7.8, Avg: 7.9, Max: 7.9, Diff: 0.0, Sum: 62.8]
      [Termination (ms): Min: 0.0, Avg: 0.0, Max: 0.0, Diff: 0.0, Sum: 0.2]
         [Termination Attempts: Min: 1, Avg: 1.0, Max: 1, Diff: 0, Sum: 8]
      [GC Worker Other (ms): Min: 0.0, Avg: 0.0, Max: 0.0, Diff: 0.0, Sum: 0.1]
      [GC Worker Total (ms): Min: 8.0, Avg: 8.1, Max: 8.3, Diff: 0.3, Sum: 65.0]
      [GC Worker End (ms): Min: 48057.3, Avg: 48057.3, Max: 48057.3, Diff: 0.0]
   [Code Root Fixup: 0.0 ms]
   [Code Root Purge: 0.0 ms]
   [Clear CT: 1.3 ms]
   [Other: 1.9 ms]
      [Choose CSet: 0.1 ms]
      [Ref Proc: 0.5 ms]
      [Ref Enq: 0.0 ms]
      [Redirty Cards: 0.8 ms]
      [Humongous Register: 0.1 ms]
      [Humongous Reclaim: 0.0 ms]
      [Free CSet: 0.3 ms]
   [Eden: 17408.0K(17408.0K)->0.0B(100352.0K) Survivors: 87040.0K->4096.0K Heap: 985.6M(2048.0M)->773.6M(2048.0M)]
 [Times: user=0.08 sys=0.00, real=0.01 secs] 
2021-01-22T00:59:15.040+0800: 48.076: [GC pause (G1 Evacuation Pause) (mixed), 0.0115652 secs]
   [Parallel Time: 8.2 ms, GC Workers: 8]
      [GC Worker Start (ms): Min: 48076.6, Avg: 48076.8, Max: 48076.9, Diff: 0.3]
      [Ext Root Scanning (ms): Min: 0.0, Avg: 0.1, Max: 0.2, Diff: 0.2, Sum: 0.5]
      [Update RS (ms): Min: 2.1, Avg: 2.1, Max: 2.2, Diff: 0.1, Sum: 17.2]
         [Processed Buffers: Min: 31, Avg: 32.5, Max: 34, Diff: 3, Sum: 260]
      [Scan RS (ms): Min: 0.0, Avg: 0.1, Max: 0.1, Diff: 0.1, Sum: 0.4]
      [Code Root Scanning (ms): Min: 0.0, Avg: 0.0, Max: 0.0, Diff: 0.0, Sum: 0.0]
      [Object Copy (ms): Min: 5.2, Avg: 5.2, Max: 5.2, Diff: 0.0, Sum: 41.7]
      [Termination (ms): Min: 0.0, Avg: 0.0, Max: 0.0, Diff: 0.0, Sum: 0.2]
         [Termination Attempts: Min: 1, Avg: 1.0, Max: 1, Diff: 0, Sum: 8]
      [GC Worker Other (ms): Min: 0.0, Avg: 0.0, Max: 0.0, Diff: 0.0, Sum: 0.1]
      [GC Worker Total (ms): Min: 7.4, Avg: 7.5, Max: 7.7, Diff: 0.3, Sum: 60.1]
      [GC Worker End (ms): Min: 48084.3, Avg: 48084.3, Max: 48084.3, Diff: 0.0]
   [Code Root Fixup: 0.0 ms]
   [Code Root Purge: 0.0 ms]
   [Clear CT: 1.3 ms]
   [Other: 2.0 ms]
      [Choose CSet: 0.1 ms]
      [Ref Proc: 0.5 ms]
      [Ref Enq: 0.0 ms]
      [Redirty Cards: 1.0 ms]
      [Humongous Register: 0.1 ms]
      [Humongous Reclaim: 0.1 ms]
      [Free CSet: 0.2 ms]
   [Eden: 100352.0K(100352.0K)->0.0B(887.0M) Survivors: 4096.0K->13312.0K Heap: 903.0M(2048.0M)->633.4M(2048.0M)]
 [Times: user=0.07 sys=0.00, real=0.01 secs] 
2021-01-22T00:59:15.131+0800: 48.167: [GC pause (G1 Humongous Allocation) (young) (initial-mark), 0.0260697 secs]
   [Parallel Time: 22.6 ms, GC Workers: 8]
      [GC Worker Start (ms): Min: 48167.4, Avg: 48167.6, Max: 48167.7, Diff: 0.3]
      [Ext Root Scanning (ms): Min: 0.0, Avg: 0.3, Max: 0.5, Diff: 0.4, Sum: 2.8]
      [Update RS (ms): Min: 10.3, Avg: 10.4, Max: 10.5, Diff: 0.3, Sum: 82.8]
         [Processed Buffers: Min: 150, Avg: 156.8, Max: 163, Diff: 13, Sum: 1254]
      [Scan RS (ms): Min: 0.0, Avg: 0.1, Max: 0.1, Diff: 0.0, Sum: 0.5]
      [Code Root Scanning (ms): Min: 0.0, Avg: 0.0, Max: 0.0, Diff: 0.0, Sum: 0.0]
      [Object Copy (ms): Min: 11.0, Avg: 11.0, Max: 11.1, Diff: 0.1, Sum: 88.3]
      [Termination (ms): Min: 0.0, Avg: 0.1, Max: 0.1, Diff: 0.1, Sum: 0.5]
         [Termination Attempts: Min: 1, Avg: 1.1, Max: 2, Diff: 1, Sum: 9]
      [GC Worker Other (ms): Min: 0.0, Avg: 0.0, Max: 0.0, Diff: 0.0, Sum: 0.1]
      [GC Worker Total (ms): Min: 21.7, Avg: 21.9, Max: 22.0, Diff: 0.3, Sum: 175.0]
      [GC Worker End (ms): Min: 48189.4, Avg: 48189.5, Max: 48189.5, Diff: 0.1]
   [Code Root Fixup: 0.0 ms]
   [Code Root Purge: 0.0 ms]
   [Clear CT: 1.0 ms]
   [Other: 2.6 ms]
      [Choose CSet: 0.0 ms]
      [Ref Proc: 0.8 ms]
      [Ref Enq: 0.0 ms]
      [Redirty Cards: 1.0 ms]
      [Humongous Register: 0.2 ms]
      [Humongous Reclaim: 0.2 ms]
      [Free CSet: 0.2 ms]
   [Eden: 556.0M(887.0M)->0.0B(799.0M) Survivors: 13312.0K->113.0M Heap: 1344.6M(2048.0M)->756.9M(2048.0M)]
 [Times: user=0.18 sys=0.00, real=0.02 secs] 
2021-01-22T00:59:15.158+0800: 48.194: [GC concurrent-root-region-scan-start]
2021-01-22T00:59:15.158+0800: 48.194: [GC concurrent-root-region-scan-end, 0.0002500 secs]
2021-01-22T00:59:15.158+0800: 48.194: [GC concurrent-mark-start]
2021-01-22T00:59:15.161+0800: 48.197: [GC concurrent-mark-end, 0.0024469 secs]
2021-01-22T00:59:15.161+0800: 48.197: [GC remark 2021-01-22T00:59:15.161+0800: 48.197: [Finalize Marking, 0.0012136 secs] 2021-01-22T00:59:15.163+0800: 48.199: [GC ref-proc, 0.0005783 secs] 2021-01-22T00:59:15.164+0800: 48.200: [Unloading, 0.0015468 secs], 0.0059754 secs]
 [Times: user=0.01 sys=0.00, real=0.00 secs] 
2021-01-22T00:59:15.168+0800: 48.204: [GC cleanup 786M->659M(2048M), 0.0039528 secs]
 [Times: user=0.01 sys=0.00, real=0.01 secs] 
2021-01-22T00:59:15.173+0800: 48.209: [GC concurrent-cleanup-start]
2021-01-22T00:59:15.173+0800: 48.209: [GC concurrent-cleanup-end, 0.0001702 secs]
2021-01-22T00:59:15.291+0800: 48.327: [GC pause (G1 Evacuation Pause) (young), 0.0395080 secs]
   [Parallel Time: 36.5 ms, GC Workers: 8]
      [GC Worker Start (ms): Min: 48326.9, Avg: 48327.1, Max: 48327.3, Diff: 0.4]
      [Ext Root Scanning (ms): Min: 0.0, Avg: 0.1, Max: 0.3, Diff: 0.3, Sum: 0.6]
      [Update RS (ms): Min: 16.7, Avg: 17.9, Max: 23.4, Diff: 6.7, Sum: 142.8]
         [Processed Buffers: Min: 126, Avg: 216.1, Max: 261, Diff: 135, Sum: 1729]
      [Scan RS (ms): Min: 0.1, Avg: 0.2, Max: 0.5, Diff: 0.4, Sum: 1.8]
      [Code Root Scanning (ms): Min: 0.0, Avg: 0.0, Max: 0.0, Diff: 0.0, Sum: 0.0]
      [Object Copy (ms): Min: 11.6, Avg: 17.4, Max: 18.6, Diff: 7.0, Sum: 139.3]
      [Termination (ms): Min: 0.0, Avg: 0.1, Max: 0.2, Diff: 0.2, Sum: 1.2]
         [Termination Attempts: Min: 1, Avg: 1.0, Max: 1, Diff: 0, Sum: 8]
      [GC Worker Other (ms): Min: 0.0, Avg: 0.2, Max: 0.3, Diff: 0.3, Sum: 1.3]
      [GC Worker Total (ms): Min: 35.7, Avg: 35.9, Max: 36.1, Diff: 0.4, Sum: 287.0]
      [GC Worker End (ms): Min: 48362.9, Avg: 48363.0, Max: 48363.1, Diff: 0.2]
   [Code Root Fixup: 0.0 ms]
   [Code Root Purge: 0.0 ms]
   [Clear CT: 0.8 ms]
   [Other: 2.2 ms]
      [Choose CSet: 0.0 ms]
      [Ref Proc: 0.7 ms]
      [Ref Enq: 0.0 ms]
      [Redirty Cards: 0.6 ms]
      [Humongous Register: 0.2 ms]
      [Humongous Reclaim: 0.3 ms]
      [Free CSet: 0.3 ms]
   [Eden: 799.0M(799.0M)->0.0B(7168.0K) Survivors: 113.0M->114.0M Heap: 1643.8M(2048.0M)->734.5M(2048.0M)]
 [Times: user=0.29 sys=0.00, real=0.04 secs] 
2021-01-22T00:59:15.332+0800: 48.368: [GC pause (G1 Evacuation Pause) (mixed), 0.0157177 secs]
   [Parallel Time: 13.2 ms, GC Workers: 8]
      [GC Worker Start (ms): Min: 48368.0, Avg: 48368.2, Max: 48368.3, Diff: 0.3]
      [Ext Root Scanning (ms): Min: 0.0, Avg: 0.1, Max: 0.2, Diff: 0.2, Sum: 0.5]
      [Update RS (ms): Min: 0.1, Avg: 0.1, Max: 0.2, Diff: 0.1, Sum: 1.0]
         [Processed Buffers: Min: 1, Avg: 2.0, Max: 4, Diff: 3, Sum: 16]
      [Scan RS (ms): Min: 0.0, Avg: 0.1, Max: 0.1, Diff: 0.1, Sum: 0.5]
      [Code Root Scanning (ms): Min: 0.0, Avg: 0.0, Max: 0.0, Diff: 0.0, Sum: 0.0]
      [Object Copy (ms): Min: 11.1, Avg: 11.4, Max: 12.4, Diff: 1.3, Sum: 91.3]
      [Termination (ms): Min: 0.0, Avg: 1.1, Max: 1.3, Diff: 1.3, Sum: 8.4]
         [Termination Attempts: Min: 1, Avg: 1.2, Max: 3, Diff: 2, Sum: 10]
      [GC Worker Other (ms): Min: 0.0, Avg: 0.0, Max: 0.0, Diff: 0.0, Sum: 0.1]
      [GC Worker Total (ms): Min: 12.6, Avg: 12.7, Max: 12.8, Diff: 0.3, Sum: 101.8]
      [GC Worker End (ms): Min: 48380.9, Avg: 48380.9, Max: 48380.9, Diff: 0.1]
   [Code Root Fixup: 0.0 ms]
   [Code Root Purge: 0.0 ms]
   [Clear CT: 0.9 ms]
   [Other: 1.6 ms]
      [Choose CSet: 0.1 ms]
      [Ref Proc: 0.5 ms]
      [Ref Enq: 0.0 ms]
      [Redirty Cards: 0.5 ms]
      [Humongous Register: 0.2 ms]
      [Humongous Reclaim: 0.0 ms]
      [Free CSet: 0.2 ms]
   [Eden: 7168.0K(7168.0K)->0.0B(209.0M) Survivors: 114.0M->3072.0K Heap: 742.3M(2048.0M)->560.6M(2048.0M)]
 [Times: user=0.11 sys=0.00, real=0.01 secs] 
2021-01-22T00:59:15.379+0800: 48.415: [GC pause (G1 Evacuation Pause) (young), 0.0176905 secs]
   [Parallel Time: 11.8 ms, GC Workers: 8]
      [GC Worker Start (ms): Min: 48415.2, Avg: 48415.4, Max: 48415.5, Diff: 0.3]
      [Ext Root Scanning (ms): Min: 0.0, Avg: 0.1, Max: 0.2, Diff: 0.2, Sum: 0.5]
      [Update RS (ms): Min: 4.4, Avg: 4.4, Max: 4.5, Diff: 0.1, Sum: 35.4]
         [Processed Buffers: Min: 66, Avg: 67.5, Max: 69, Diff: 3, Sum: 540]
      [Scan RS (ms): Min: 0.0, Avg: 0.0, Max: 0.0, Diff: 0.0, Sum: 0.2]
      [Code Root Scanning (ms): Min: 0.0, Avg: 0.0, Max: 0.0, Diff: 0.0, Sum: 0.0]
      [Object Copy (ms): Min: 5.5, Avg: 5.7, Max: 6.9, Diff: 1.4, Sum: 45.4]
      [Termination (ms): Min: 0.0, Avg: 1.2, Max: 1.4, Diff: 1.4, Sum: 9.6]
         [Termination Attempts: Min: 1, Avg: 1.0, Max: 1, Diff: 0, Sum: 8]
      [GC Worker Other (ms): Min: 0.0, Avg: 0.0, Max: 0.0, Diff: 0.0, Sum: 0.1]
      [GC Worker Total (ms): Min: 11.2, Avg: 11.4, Max: 11.5, Diff: 0.3, Sum: 91.1]
      [GC Worker End (ms): Min: 48426.7, Avg: 48426.8, Max: 48426.8, Diff: 0.1]
   [Code Root Fixup: 0.0 ms]
   [Code Root Purge: 0.0 ms]
   [Clear CT: 0.5 ms]
   [Other: 5.3 ms]
      [Choose CSet: 0.0 ms]
      [Ref Proc: 4.4 ms]
      [Ref Enq: 0.0 ms]
      [Redirty Cards: 0.4 ms]
      [Humongous Register: 0.1 ms]
      [Humongous Reclaim: 0.2 ms]
      [Free CSet: 0.1 ms]
   [Eden: 209.0M(209.0M)->0.0B(219.0M) Survivors: 3072.0K->27648.0K Heap: 835.9M(2048.0M)->619.1M(2048.0M)]
 [Times: user=0.12 sys=0.00, real=0.01 secs] 
2021-01-22T00:59:15.429+0800: 48.465: [GC pause (G1 Evacuation Pause) (young), 0.0125237 secs]
   [Parallel Time: 10.6 ms, GC Workers: 8]
      [GC Worker Start (ms): Min: 48465.7, Avg: 48465.9, Max: 48466.1, Diff: 0.4]
      [Ext Root Scanning (ms): Min: 0.0, Avg: 0.1, Max: 0.2, Diff: 0.2, Sum: 0.7]
      [Update RS (ms): Min: 3.4, Avg: 3.6, Max: 3.6, Diff: 0.2, Sum: 28.4]
         [Processed Buffers: Min: 52, Avg: 54.4, Max: 56, Diff: 4, Sum: 435]
      [Scan RS (ms): Min: 0.0, Avg: 0.0, Max: 0.0, Diff: 0.0, Sum: 0.2]
      [Code Root Scanning (ms): Min: 0.0, Avg: 0.0, Max: 0.0, Diff: 0.0, Sum: 0.0]
      [Object Copy (ms): Min: 6.5, Avg: 6.5, Max: 6.6, Diff: 0.1, Sum: 52.2]
      [Termination (ms): Min: 0.0, Avg: 0.1, Max: 0.1, Diff: 0.1, Sum: 0.4]
         [Termination Attempts: Min: 1, Avg: 1.0, Max: 1, Diff: 0, Sum: 8]
      [GC Worker Other (ms): Min: 0.0, Avg: 0.0, Max: 0.0, Diff: 0.0, Sum: 0.1]
      [GC Worker Total (ms): Min: 10.0, Avg: 10.3, Max: 10.5, Diff: 0.4, Sum: 82.0]
      [GC Worker End (ms): Min: 48476.2, Avg: 48476.2, Max: 48476.2, Diff: 0.0]
   [Code Root Fixup: 0.0 ms]
   [Code Root Purge: 0.0 ms]
   [Clear CT: 0.4 ms]
   [Other: 1.5 ms]
      [Choose CSet: 0.0 ms]
      [Ref Proc: 0.5 ms]
      [Ref Enq: 0.0 ms]
      [Redirty Cards: 0.4 ms]
      [Humongous Register: 0.2 ms]
      [Humongous Reclaim: 0.1 ms]
      [Free CSet: 0.1 ms]
   [Eden: 219.0M(219.0M)->0.0B(284.0M) Survivors: 27648.0K->31744.0K Heap: 891.3M(2048.0M)->681.1M(2048.0M)]
 [Times: user=0.09 sys=0.00, real=0.01 secs] 
2021-01-22T00:59:15.481+0800: 48.517: [GC pause (G1 Evacuation Pause) (young), 0.0186334 secs]
   [Parallel Time: 15.2 ms, GC Workers: 8]
      [GC Worker Start (ms): Min: 48517.5, Avg: 48517.6, Max: 48517.8, Diff: 0.3]
      [Ext Root Scanning (ms): Min: 0.0, Avg: 0.1, Max: 0.2, Diff: 0.2, Sum: 0.6]
      [Update RS (ms): Min: 4.8, Avg: 4.8, Max: 4.9, Diff: 0.1, Sum: 38.7]
         [Processed Buffers: Min: 60, Avg: 72.4, Max: 77, Diff: 17, Sum: 579]
      [Scan RS (ms): Min: 0.0, Avg: 0.0, Max: 0.0, Diff: 0.0, Sum: 0.3]
      [Code Root Scanning (ms): Min: 0.0, Avg: 0.0, Max: 0.0, Diff: 0.0, Sum: 0.0]
      [Object Copy (ms): Min: 8.6, Avg: 8.7, Max: 9.3, Diff: 0.7, Sum: 69.9]
      [Termination (ms): Min: 0.0, Avg: 0.6, Max: 0.7, Diff: 0.7, Sum: 5.0]
         [Termination Attempts: Min: 1, Avg: 1.0, Max: 1, Diff: 0, Sum: 8]
      [GC Worker Other (ms): Min: 0.0, Avg: 0.0, Max: 0.1, Diff: 0.0, Sum: 0.1]
      [GC Worker Total (ms): Min: 14.2, Avg: 14.3, Max: 14.5, Diff: 0.3, Sum: 114.5]
      [GC Worker End (ms): Min: 48531.9, Avg: 48532.0, Max: 48532.0, Diff: 0.1]
   [Code Root Fixup: 0.0 ms]
   [Code Root Purge: 0.0 ms]
   [Clear CT: 1.5 ms]
   [Other: 2.0 ms]
      [Choose CSet: 0.0 ms]
      [Ref Proc: 0.4 ms]
      [Ref Enq: 0.0 ms]
      [Redirty Cards: 1.0 ms]
      [Humongous Register: 0.1 ms]
      [Humongous Reclaim: 0.1 ms]
      [Free CSet: 0.1 ms]
   [Eden: 284.0M(284.0M)->0.0B(355.0M) Survivors: 31744.0K->40960.0K Heap: 1036.3M(2048.0M)->759.8M(2048.0M)]
 [Times: user=0.11 sys=0.01, real=0.02 secs] 
2021-01-22T00:59:15.548+0800: 48.584: [GC pause (G1 Humongous Allocation) (young) (initial-mark), 0.0204714 secs]
   [Parallel Time: 17.2 ms, GC Workers: 8]
      [GC Worker Start (ms): Min: 48584.2, Avg: 48584.3, Max: 48584.5, Diff: 0.3]
      [Ext Root Scanning (ms): Min: 0.0, Avg: 0.4, Max: 0.6, Diff: 0.6, Sum: 3.0]
      [Update RS (ms): Min: 5.6, Avg: 5.7, Max: 5.9, Diff: 0.3, Sum: 45.5]
         [Processed Buffers: Min: 85, Avg: 87.4, Max: 90, Diff: 5, Sum: 699]
      [Scan RS (ms): Min: 0.0, Avg: 0.0, Max: 0.1, Diff: 0.1, Sum: 0.4]
      [Code Root Scanning (ms): Min: 0.0, Avg: 0.0, Max: 0.0, Diff: 0.0, Sum: 0.0]
      [Object Copy (ms): Min: 10.2, Avg: 10.2, Max: 10.3, Diff: 0.2, Sum: 81.7]
      [Termination (ms): Min: 0.0, Avg: 0.1, Max: 0.2, Diff: 0.2, Sum: 1.0]
         [Termination Attempts: Min: 1, Avg: 1.0, Max: 1, Diff: 0, Sum: 8]
      [GC Worker Other (ms): Min: 0.0, Avg: 0.0, Max: 0.0, Diff: 0.0, Sum: 0.1]
      [GC Worker Total (ms): Min: 16.3, Avg: 16.5, Max: 16.6, Diff: 0.3, Sum: 131.7]
      [GC Worker End (ms): Min: 48600.8, Avg: 48600.8, Max: 48600.8, Diff: 0.0]
   [Code Root Fixup: 0.0 ms]
   [Code Root Purge: 0.0 ms]
   [Clear CT: 0.9 ms]
   [Other: 2.3 ms]
      [Choose CSet: 0.0 ms]
      [Ref Proc: 0.7 ms]
      [Ref Enq: 0.0 ms]
      [Redirty Cards: 0.9 ms]
      [Humongous Register: 0.1 ms]
      [Humongous Reclaim: 0.1 ms]
      [Free CSet: 0.2 ms]
   [Eden: 340.0M(355.0M)->0.0B(440.0M) Survivors: 40960.0K->51200.0K Heap: 1185.4M(2048.0M)->835.2M(2048.0M)]
 [Times: user=0.13 sys=0.01, real=0.03 secs] 
2021-01-22T00:59:15.569+0800: 48.605: [GC concurrent-root-region-scan-start]
2021-01-22T00:59:15.570+0800: 48.605: [GC concurrent-root-region-scan-end, 0.0003702 secs]
2021-01-22T00:59:15.570+0800: 48.605: [GC concurrent-mark-start]
2021-01-22T00:59:15.573+0800: 48.608: [GC concurrent-mark-end, 0.0029137 secs]
2021-01-22T00:59:15.573+0800: 48.609: [GC remark 2021-01-22T00:59:15.573+0800: 48.609: [Finalize Marking, 0.0012124 secs] 2021-01-22T00:59:15.575+0800: 48.611: [GC ref-proc, 0.0004756 secs] 2021-01-22T00:59:15.575+0800: 48.611: [Unloading, 0.0013295 secs], 0.0056001 secs]
 [Times: user=0.01 sys=0.01, real=0.01 secs] 
2021-01-22T00:59:15.579+0800: 48.615: [GC cleanup 866M->699M(2048M), 0.0036286 secs]
 [Times: user=0.01 sys=0.00, real=0.00 secs] 
2021-01-22T00:59:15.584+0800: 48.620: [GC concurrent-cleanup-start]
2021-01-22T00:59:15.584+0800: 48.620: [GC concurrent-cleanup-end, 0.0000976 secs]
2021-01-22T00:59:15.642+0800: 48.677: [GC pause (G1 Evacuation Pause) (young), 0.0247271 secs]
   [Parallel Time: 21.7 ms, GC Workers: 8]
      [GC Worker Start (ms): Min: 48677.8, Avg: 48678.0, Max: 48678.1, Diff: 0.3]
      [Ext Root Scanning (ms): Min: 0.0, Avg: 0.1, Max: 0.2, Diff: 0.2, Sum: 0.5]
      [Update RS (ms): Min: 8.7, Avg: 8.8, Max: 8.8, Diff: 0.1, Sum: 70.4]
         [Processed Buffers: Min: 127, Avg: 133.0, Max: 136, Diff: 9, Sum: 1064]
      [Scan RS (ms): Min: 0.1, Avg: 0.1, Max: 0.1, Diff: 0.0, Sum: 0.5]
      [Code Root Scanning (ms): Min: 0.0, Avg: 0.0, Max: 0.0, Diff: 0.0, Sum: 0.0]
      [Object Copy (ms): Min: 11.7, Avg: 11.8, Max: 11.8, Diff: 0.1, Sum: 94.0]
      [Termination (ms): Min: 0.0, Avg: 0.1, Max: 0.1, Diff: 0.1, Sum: 0.4]
         [Termination Attempts: Min: 1, Avg: 1.0, Max: 1, Diff: 0, Sum: 8]
      [GC Worker Other (ms): Min: 0.0, Avg: 0.0, Max: 0.0, Diff: 0.0, Sum: 0.1]
      [GC Worker Total (ms): Min: 20.6, Avg: 20.8, Max: 20.9, Diff: 0.3, Sum: 166.0]
      [GC Worker End (ms): Min: 48698.7, Avg: 48698.7, Max: 48698.8, Diff: 0.0]
   [Code Root Fixup: 0.0 ms]
   [Code Root Purge: 0.0 ms]
   [Clear CT: 0.8 ms]
   [Other: 2.2 ms]
      [Choose CSet: 0.0 ms]
      [Ref Proc: 0.8 ms]
      [Ref Enq: 0.0 ms]
      [Redirty Cards: 0.8 ms]
      [Humongous Register: 0.1 ms]
      [Humongous Reclaim: 0.2 ms]
      [Free CSet: 0.2 ms]
   [Eden: 440.0M(440.0M)->0.0B(40960.0K) Survivors: 51200.0K->63488.0K Heap: 1240.0M(2048.0M)->768.1M(2048.0M)]
 [Times: user=0.17 sys=0.00, real=0.02 secs] 
2021-01-22T00:59:15.672+0800: 48.708: [GC pause (G1 Evacuation Pause) (mixed), 0.0118153 secs]
   [Parallel Time: 8.8 ms, GC Workers: 8]
      [GC Worker Start (ms): Min: 48708.9, Avg: 48709.1, Max: 48709.3, Diff: 0.4]
      [Ext Root Scanning (ms): Min: 0.0, Avg: 0.1, Max: 0.3, Diff: 0.3, Sum: 0.7]
      [Update RS (ms): Min: 0.4, Avg: 0.4, Max: 0.4, Diff: 0.1, Sum: 3.1]
         [Processed Buffers: Min: 6, Avg: 6.1, Max: 7, Diff: 1, Sum: 49]
      [Scan RS (ms): Min: 0.1, Avg: 0.1, Max: 0.1, Diff: 0.0, Sum: 0.7]
      [Code Root Scanning (ms): Min: 0.0, Avg: 0.0, Max: 0.0, Diff: 0.0, Sum: 0.0]
      [Object Copy (ms): Min: 7.4, Avg: 7.4, Max: 7.5, Diff: 0.1, Sum: 59.2]
      [Termination (ms): Min: 0.0, Avg: 0.0, Max: 0.1, Diff: 0.1, Sum: 0.3]
         [Termination Attempts: Min: 1, Avg: 1.0, Max: 1, Diff: 0, Sum: 8]
      [GC Worker Other (ms): Min: 0.0, Avg: 0.0, Max: 0.0, Diff: 0.0, Sum: 0.1]
      [GC Worker Total (ms): Min: 7.9, Avg: 8.0, Max: 8.2, Diff: 0.4, Sum: 64.1]
      [GC Worker End (ms): Min: 48717.1, Avg: 48717.1, Max: 48717.2, Diff: 0.0]
   [Code Root Fixup: 0.0 ms]
   [Code Root Purge: 0.0 ms]
   [Clear CT: 0.7 ms]
   [Other: 2.3 ms]
      [Choose CSet: 0.1 ms]
      [Ref Proc: 0.8 ms]
      [Ref Enq: 0.0 ms]
      [Redirty Cards: 0.8 ms]
      [Humongous Register: 0.2 ms]
      [Humongous Reclaim: 0.1 ms]
      [Free CSet: 0.2 ms]
   [Eden: 40960.0K(40960.0K)->0.0B(91136.0K) Survivors: 63488.0K->13312.0K Heap: 813.0M(2048.0M)->586.8M(2048.0M)]
 [Times: user=0.07 sys=0.00, real=0.01 secs] 
2021-01-22T00:59:15.698+0800: 48.734: [GC pause (G1 Evacuation Pause) (mixed), 0.0090326 secs]
   [Parallel Time: 6.1 ms, GC Workers: 8]
      [GC Worker Start (ms): Min: 48734.5, Avg: 48734.7, Max: 48734.8, Diff: 0.3]
      [Ext Root Scanning (ms): Min: 0.0, Avg: 0.1, Max: 0.2, Diff: 0.2, Sum: 0.5]
      [Update RS (ms): Min: 1.4, Avg: 1.5, Max: 1.5, Diff: 0.1, Sum: 11.9]
         [Processed Buffers: Min: 20, Avg: 22.8, Max: 25, Diff: 5, Sum: 182]
      [Scan RS (ms): Min: 0.0, Avg: 0.0, Max: 0.1, Diff: 0.0, Sum: 0.3]
      [Code Root Scanning (ms): Min: 0.0, Avg: 0.0, Max: 0.0, Diff: 0.0, Sum: 0.0]
      [Object Copy (ms): Min: 3.1, Avg: 3.3, Max: 3.8, Diff: 0.7, Sum: 26.4]
      [Termination (ms): Min: 0.0, Avg: 0.5, Max: 0.7, Diff: 0.7, Sum: 4.1]
         [Termination Attempts: Min: 1, Avg: 1.0, Max: 1, Diff: 0, Sum: 8]
      [GC Worker Other (ms): Min: 0.0, Avg: 0.0, Max: 0.0, Diff: 0.0, Sum: 0.1]
      [GC Worker Total (ms): Min: 5.3, Avg: 5.4, Max: 5.6, Diff: 0.3, Sum: 43.2]
      [GC Worker End (ms): Min: 48740.1, Avg: 48740.1, Max: 48740.1, Diff: 0.0]
   [Code Root Fixup: 0.0 ms]
   [Code Root Purge: 0.0 ms]
   [Clear CT: 0.9 ms]
   [Other: 2.1 ms]
      [Choose CSet: 0.0 ms]
      [Ref Proc: 0.8 ms]
      [Ref Enq: 0.0 ms]
      [Redirty Cards: 0.9 ms]
      [Humongous Register: 0.1 ms]
      [Humongous Reclaim: 0.1 ms]
      [Free CSet: 0.1 ms]
   [Eden: 91136.0K(91136.0K)->0.0B(953.0M) Survivors: 13312.0K->13312.0K Heap: 697.2M(2048.0M)->589.9M(2048.0M)]
 [Times: user=0.05 sys=0.00, real=0.00 secs] 
2021-01-22T00:59:15.810+0800: 48.845: [GC pause (G1 Humongous Allocation) (young) (initial-mark), 0.0306193 secs]
   [Parallel Time: 27.7 ms, GC Workers: 8]
      [GC Worker Start (ms): Min: 48845.7, Avg: 48845.9, Max: 48846.1, Diff: 0.4]
      [Ext Root Scanning (ms): Min: 0.0, Avg: 0.3, Max: 0.5, Diff: 0.5, Sum: 2.7]
      [Update RS (ms): Min: 12.3, Avg: 12.4, Max: 12.5, Diff: 0.3, Sum: 99.0]
         [Processed Buffers: Min: 170, Avg: 182.2, Max: 189, Diff: 19, Sum: 1458]
      [Scan RS (ms): Min: 0.1, Avg: 0.1, Max: 0.1, Diff: 0.0, Sum: 0.8]
      [Code Root Scanning (ms): Min: 0.0, Avg: 0.0, Max: 0.0, Diff: 0.0, Sum: 0.0]
      [Object Copy (ms): Min: 13.5, Avg: 13.7, Max: 14.1, Diff: 0.6, Sum: 109.4]
      [Termination (ms): Min: 0.0, Avg: 0.4, Max: 0.6, Diff: 0.6, Sum: 3.5]
         [Termination Attempts: Min: 1, Avg: 1.2, Max: 3, Diff: 2, Sum: 10]
      [GC Worker Other (ms): Min: 0.0, Avg: 0.0, Max: 0.0, Diff: 0.0, Sum: 0.1]
      [GC Worker Total (ms): Min: 26.7, Avg: 26.9, Max: 27.1, Diff: 0.4, Sum: 215.5]
      [GC Worker End (ms): Min: 48872.9, Avg: 48872.9, Max: 48872.9, Diff: 0.1]
   [Code Root Fixup: 0.0 ms]
   [Code Root Purge: 0.0 ms]
   [Clear CT: 0.7 ms]
   [Other: 2.2 ms]
      [Choose CSet: 0.0 ms]
      [Ref Proc: 0.8 ms]
      [Ref Enq: 0.0 ms]
      [Redirty Cards: 0.6 ms]
      [Humongous Register: 0.1 ms]
      [Humongous Reclaim: 0.2 ms]
      [Free CSet: 0.3 ms]
   [Eden: 611.0M(953.0M)->0.0B(819.0M) Survivors: 13312.0K->121.0M Heap: 1381.7M(2048.0M)->743.1M(2048.0M)]
 [Times: user=0.21 sys=0.01, real=0.03 secs] 
2021-01-22T00:59:15.841+0800: 48.877: [GC concurrent-root-region-scan-start]
2021-01-22T00:59:15.841+0800: 48.877: [GC concurrent-root-region-scan-end, 0.0002846 secs]
2021-01-22T00:59:15.841+0800: 48.877: [GC concurrent-mark-start]
2021-01-22T00:59:15.844+0800: 48.879: [GC concurrent-mark-end, 0.0023485 secs]
2021-01-22T00:59:15.844+0800: 48.880: [GC remark 2021-01-22T00:59:15.844+0800: 48.880: [Finalize Marking, 0.0014231 secs] 2021-01-22T00:59:15.846+0800: 48.882: [GC ref-proc, 0.0004876 secs] 2021-01-22T00:59:15.847+0800: 48.882: [Unloading, 0.0012909 secs], 0.0053634 secs]
 [Times: user=0.00 sys=0.01, real=0.01 secs] 
2021-01-22T00:59:15.850+0800: 48.886: [GC cleanup 765M->656M(2048M), 0.0024797 secs]
 [Times: user=0.01 sys=0.00, real=0.00 secs] 
2021-01-22T00:59:15.853+0800: 48.889: [GC concurrent-cleanup-start]
2021-01-22T00:59:15.853+0800: 48.889: [GC concurrent-cleanup-end, 0.0000710 secs]
2021-01-22T00:59:15.964+0800: 49.000: [GC pause (G1 Evacuation Pause) (young) (to-space exhausted), 0.0359247 secs]
   [Parallel Time: 31.8 ms, GC Workers: 8]
      [GC Worker Start (ms): Min: 49000.4, Avg: 49000.6, Max: 49000.7, Diff: 0.3]
      [Ext Root Scanning (ms): Min: 0.0, Avg: 0.1, Max: 0.2, Diff: 0.2, Sum: 0.5]
      [Update RS (ms): Min: 13.5, Avg: 13.6, Max: 13.6, Diff: 0.1, Sum: 108.5]
         [Processed Buffers: Min: 200, Avg: 204.2, Max: 210, Diff: 10, Sum: 1634]
      [Scan RS (ms): Min: 0.1, Avg: 0.1, Max: 0.2, Diff: 0.1, Sum: 1.0]
      [Code Root Scanning (ms): Min: 0.0, Avg: 0.0, Max: 0.0, Diff: 0.0, Sum: 0.0]
      [Object Copy (ms): Min: 17.3, Avg: 17.4, Max: 17.4, Diff: 0.1, Sum: 138.9]
      [Termination (ms): Min: 0.0, Avg: 0.1, Max: 0.1, Diff: 0.1, Sum: 0.8]
         [Termination Attempts: Min: 1, Avg: 1.2, Max: 3, Diff: 2, Sum: 10]
      [GC Worker Other (ms): Min: 0.0, Avg: 0.1, Max: 0.2, Diff: 0.2, Sum: 0.5]
      [GC Worker Total (ms): Min: 31.1, Avg: 31.3, Max: 31.6, Diff: 0.5, Sum: 250.3]
      [GC Worker End (ms): Min: 49031.8, Avg: 49031.9, Max: 49032.0, Diff: 0.2]
   [Code Root Fixup: 0.0 ms]
   [Code Root Purge: 0.0 ms]
   [Clear CT: 0.8 ms]
   [Other: 3.3 ms]
      [Evacuation Failure: 0.8 ms]
      [Choose CSet: 0.0 ms]
      [Ref Proc: 0.9 ms]
      [Ref Enq: 0.0 ms]
      [Redirty Cards: 0.9 ms]
      [Humongous Register: 0.2 ms]
      [Humongous Reclaim: 0.2 ms]
      [Free CSet: 0.3 ms]
   [Eden: 819.0M(819.0M)->0.0B(7168.0K) Survivors: 121.0M->118.0M Heap: 1656.1M(2048.0M)->808.8M(2048.0M)]
 [Times: user=0.25 sys=0.01, real=0.04 secs] 
2021-01-22T00:59:16.002+0800: 49.037: [GC pause (G1 Evacuation Pause) (mixed), 0.0151139 secs]
   [Parallel Time: 12.0 ms, GC Workers: 8]
      [GC Worker Start (ms): Min: 49037.7, Avg: 49037.9, Max: 49038.0, Diff: 0.3]
      [Ext Root Scanning (ms): Min: 0.0, Avg: 0.1, Max: 0.2, Diff: 0.2, Sum: 0.5]
      [Update RS (ms): Min: 0.1, Avg: 0.2, Max: 0.2, Diff: 0.1, Sum: 1.2]
         [Processed Buffers: Min: 2, Avg: 3.2, Max: 5, Diff: 3, Sum: 26]
      [Scan RS (ms): Min: 0.0, Avg: 0.1, Max: 0.1, Diff: 0.1, Sum: 0.4]
      [Code Root Scanning (ms): Min: 0.0, Avg: 0.0, Max: 0.0, Diff: 0.0, Sum: 0.0]
      [Object Copy (ms): Min: 11.3, Avg: 11.3, Max: 11.4, Diff: 0.2, Sum: 90.4]
      [Termination (ms): Min: 0.0, Avg: 0.1, Max: 0.2, Diff: 0.2, Sum: 1.0]
         [Termination Attempts: Min: 1, Avg: 1.1, Max: 2, Diff: 1, Sum: 9]
      [GC Worker Other (ms): Min: 0.0, Avg: 0.0, Max: 0.0, Diff: 0.0, Sum: 0.1]
      [GC Worker Total (ms): Min: 11.6, Avg: 11.7, Max: 11.9, Diff: 0.3, Sum: 93.6]
      [GC Worker End (ms): Min: 49049.6, Avg: 49049.6, Max: 49049.6, Diff: 0.0]
   [Code Root Fixup: 0.0 ms]
   [Code Root Purge: 0.0 ms]
   [Clear CT: 1.3 ms]
   [Other: 1.9 ms]
      [Choose CSet: 0.0 ms]
      [Ref Proc: 0.4 ms]
      [Ref Enq: 0.0 ms]
      [Redirty Cards: 0.9 ms]
      [Humongous Register: 0.1 ms]
      [Humongous Reclaim: 0.0 ms]
      [Free CSet: 0.2 ms]
   [Eden: 7168.0K(7168.0K)->0.0B(904.0M) Survivors: 118.0M->4096.0K Heap: 817.1M(2048.0M)->650.6M(2048.0M)]
 [Times: user=0.09 sys=0.00, real=0.01 secs] 
2021-01-22T00:59:16.084+0800: 49.120: [GC pause (G1 Humongous Allocation) (young) (initial-mark), 0.0238245 secs]
   [Parallel Time: 20.2 ms, GC Workers: 8]
      [GC Worker Start (ms): Min: 49120.5, Avg: 49120.7, Max: 49120.9, Diff: 0.3]
      [Ext Root Scanning (ms): Min: 0.0, Avg: 0.3, Max: 0.6, Diff: 0.6, Sum: 2.7]
      [Update RS (ms): Min: 8.7, Avg: 8.8, Max: 9.0, Diff: 0.3, Sum: 70.7]
         [Processed Buffers: Min: 131, Avg: 133.0, Max: 135, Diff: 4, Sum: 1064]
      [Scan RS (ms): Min: 0.0, Avg: 0.1, Max: 0.2, Diff: 0.2, Sum: 0.6]
      [Code Root Scanning (ms): Min: 0.0, Avg: 0.0, Max: 0.0, Diff: 0.0, Sum: 0.0]
      [Object Copy (ms): Min: 9.7, Avg: 9.8, Max: 9.9, Diff: 0.2, Sum: 78.6]
      [Termination (ms): Min: 0.0, Avg: 0.1, Max: 0.1, Diff: 0.1, Sum: 0.5]
         [Termination Attempts: Min: 1, Avg: 1.0, Max: 1, Diff: 0, Sum: 8]
      [GC Worker Other (ms): Min: 0.0, Avg: 0.0, Max: 0.0, Diff: 0.0, Sum: 0.1]
      [GC Worker Total (ms): Min: 19.0, Avg: 19.2, Max: 19.3, Diff: 0.4, Sum: 153.3]
      [GC Worker End (ms): Min: 49139.8, Avg: 49139.9, Max: 49139.9, Diff: 0.0]
   [Code Root Fixup: 0.0 ms]
   [Code Root Purge: 0.0 ms]
   [Clear CT: 1.3 ms]
   [Other: 2.4 ms]
      [Choose CSet: 0.0 ms]
      [Ref Proc: 0.5 ms]
      [Ref Enq: 0.0 ms]
      [Redirty Cards: 1.1 ms]
      [Humongous Register: 0.1 ms]
      [Humongous Reclaim: 0.2 ms]
      [Free CSet: 0.2 ms]
   [Eden: 453.0M(904.0M)->0.0B(824.0M) Survivors: 4096.0K->114.0M Heap: 1235.2M(2048.0M)->759.8M(2048.0M)]
 [Times: user=0.16 sys=0.00, real=0.03 secs] 
2021-01-22T00:59:16.109+0800: 49.145: [GC concurrent-root-region-scan-start]
2021-01-22T00:59:16.109+0800: 49.145: [GC concurrent-root-region-scan-end, 0.0002711 secs]
2021-01-22T00:59:16.109+0800: 49.145: [GC concurrent-mark-start]
2021-01-22T00:59:16.112+0800: 49.148: [GC concurrent-mark-end, 0.0025428 secs]
2021-01-22T00:59:16.112+0800: 49.148: [GC remark 2021-01-22T00:59:16.112+0800: 49.148: [Finalize Marking, 0.0010063 secs] 2021-01-22T00:59:16.114+0800: 49.150: [GC ref-proc, 0.0004494 secs] 2021-01-22T00:59:16.115+0800: 49.150: [Unloading, 0.0016209 secs], 0.0056848 secs]
 [Times: user=0.01 sys=0.00, real=0.00 secs] 
2021-01-22T00:59:16.119+0800: 49.155: [GC cleanup 785M->663M(2048M), 0.0036803 secs]
 [Times: user=0.01 sys=0.00, real=0.00 secs] 
2021-01-22T00:59:16.123+0800: 49.159: [GC concurrent-cleanup-start]
2021-01-22T00:59:16.123+0800: 49.159: [GC concurrent-cleanup-end, 0.0001099 secs]
2021-01-22T00:59:16.233+0800: 49.269: [GC pause (G1 Evacuation Pause) (young) (to-space exhausted), 0.0375035 secs]
   [Parallel Time: 33.3 ms, GC Workers: 8]
      [GC Worker Start (ms): Min: 49268.8, Avg: 49269.0, Max: 49269.2, Diff: 0.3]
      [Ext Root Scanning (ms): Min: 0.0, Avg: 0.1, Max: 0.2, Diff: 0.2, Sum: 0.6]
      [Update RS (ms): Min: 14.2, Avg: 14.3, Max: 14.4, Diff: 0.2, Sum: 114.8]
         [Processed Buffers: Min: 191, Avg: 210.1, Max: 222, Diff: 31, Sum: 1681]
      [Scan RS (ms): Min: 0.1, Avg: 0.1, Max: 0.2, Diff: 0.1, Sum: 1.1]
      [Code Root Scanning (ms): Min: 0.0, Avg: 0.0, Max: 0.0, Diff: 0.0, Sum: 0.0]
      [Object Copy (ms): Min: 16.1, Avg: 16.3, Max: 17.5, Diff: 1.4, Sum: 130.7]
      [Termination (ms): Min: 0.0, Avg: 1.2, Max: 1.4, Diff: 1.4, Sum: 9.4]
         [Termination Attempts: Min: 1, Avg: 1.4, Max: 4, Diff: 3, Sum: 11]
      [GC Worker Other (ms): Min: 0.0, Avg: 0.0, Max: 0.1, Diff: 0.1, Sum: 0.2]
      [GC Worker Total (ms): Min: 31.9, Avg: 32.1, Max: 32.3, Diff: 0.4, Sum: 256.6]
      [GC Worker End (ms): Min: 49301.1, Avg: 49301.1, Max: 49301.1, Diff: 0.1]
   [Code Root Fixup: 0.0 ms]
   [Code Root Purge: 0.0 ms]
   [Clear CT: 1.0 ms]
   [Other: 3.2 ms]
      [Evacuation Failure: 0.8 ms]
      [Choose CSet: 0.0 ms]
      [Ref Proc: 0.7 ms]
      [Ref Enq: 0.0 ms]
      [Redirty Cards: 0.8 ms]
      [Humongous Register: 0.2 ms]
      [Humongous Reclaim: 0.3 ms]
      [Free CSet: 0.3 ms]
   [Eden: 824.0M(824.0M)->0.0B(7168.0K) Survivors: 114.0M->118.0M Heap: 1670.6M(2048.0M)->851.1M(2048.0M)]
 [Times: user=0.27 sys=0.00, real=0.04 secs] 
2021-01-22T00:59:16.272+0800: 49.308: [GC pause (G1 Evacuation Pause) (mixed), 0.0152245 secs]
   [Parallel Time: 12.0 ms, GC Workers: 8]
      [GC Worker Start (ms): Min: 49308.2, Avg: 49308.4, Max: 49308.5, Diff: 0.4]
      [Ext Root Scanning (ms): Min: 0.0, Avg: 0.1, Max: 0.2, Diff: 0.2, Sum: 0.5]
      [Update RS (ms): Min: 0.1, Avg: 0.2, Max: 0.3, Diff: 0.2, Sum: 2.0]
         [Processed Buffers: Min: 3, Avg: 4.6, Max: 6, Diff: 3, Sum: 37]
      [Scan RS (ms): Min: 0.0, Avg: 0.1, Max: 0.1, Diff: 0.0, Sum: 0.5]
      [Code Root Scanning (ms): Min: 0.0, Avg: 0.0, Max: 0.0, Diff: 0.0, Sum: 0.0]
      [Object Copy (ms): Min: 11.0, Avg: 11.0, Max: 11.1, Diff: 0.1, Sum: 88.1]
      [Termination (ms): Min: 0.0, Avg: 0.1, Max: 0.1, Diff: 0.1, Sum: 0.4]
         [Termination Attempts: Min: 1, Avg: 1.0, Max: 1, Diff: 0, Sum: 8]
      [GC Worker Other (ms): Min: 0.0, Avg: 0.0, Max: 0.0, Diff: 0.0, Sum: 0.1]
      [GC Worker Total (ms): Min: 11.3, Avg: 11.4, Max: 11.7, Diff: 0.3, Sum: 91.6]
      [GC Worker End (ms): Min: 49319.8, Avg: 49319.8, Max: 49319.8, Diff: 0.0]
   [Code Root Fixup: 0.0 ms]
   [Code Root Purge: 0.0 ms]
   [Clear CT: 1.0 ms]
   [Other: 2.3 ms]
      [Choose CSet: 0.1 ms]
      [Ref Proc: 0.9 ms]
      [Ref Enq: 0.0 ms]
      [Redirty Cards: 0.9 ms]
      [Humongous Register: 0.1 ms]
      [Humongous Reclaim: 0.1 ms]
      [Free CSet: 0.2 ms]
   [Eden: 7168.0K(7168.0K)->0.0B(881.0M) Survivors: 118.0M->4096.0K Heap: 860.8M(2048.0M)->693.3M(2048.0M)]
 [Times: user=0.10 sys=0.00, real=0.01 secs] 
2021-01-22T00:59:16.337+0800: 49.373: [GC pause (G1 Humongous Allocation) (young) (initial-mark), 0.0299829 secs]
   [Parallel Time: 26.2 ms, GC Workers: 8]
      [GC Worker Start (ms): Min: 49373.6, Avg: 49373.7, Max: 49373.9, Diff: 0.3]
      [Ext Root Scanning (ms): Min: 0.0, Avg: 1.3, Max: 4.3, Diff: 4.2, Sum: 10.5]
      [Update RS (ms): Min: 4.4, Avg: 9.1, Max: 14.4, Diff: 10.0, Sum: 73.0]
         [Processed Buffers: Min: 70, Avg: 107.2, Max: 137, Diff: 67, Sum: 858]
      [Scan RS (ms): Min: 0.0, Avg: 0.1, Max: 0.1, Diff: 0.1, Sum: 0.6]
      [Code Root Scanning (ms): Min: 0.0, Avg: 0.0, Max: 0.0, Diff: 0.0, Sum: 0.0]
      [Object Copy (ms): Min: 3.0, Avg: 8.4, Max: 16.6, Diff: 13.6, Sum: 67.4]
      [Termination (ms): Min: 0.0, Avg: 6.5, Max: 7.5, Diff: 7.5, Sum: 51.9]
         [Termination Attempts: Min: 1, Avg: 1.2, Max: 3, Diff: 2, Sum: 10]
      [GC Worker Other (ms): Min: 0.0, Avg: 0.0, Max: 0.1, Diff: 0.1, Sum: 0.1]
      [GC Worker Total (ms): Min: 25.3, Avg: 25.4, Max: 25.6, Diff: 0.3, Sum: 203.5]
      [GC Worker End (ms): Min: 49399.1, Avg: 49399.1, Max: 49399.2, Diff: 0.1]
   [Code Root Fixup: 0.0 ms]
   [Code Root Purge: 0.0 ms]
   [Clear CT: 1.3 ms]
   [Other: 2.5 ms]
      [Choose CSet: 0.0 ms]
      [Ref Proc: 0.9 ms]
      [Ref Enq: 0.0 ms]
      [Redirty Cards: 1.0 ms]
      [Humongous Register: 0.1 ms]
      [Humongous Reclaim: 0.2 ms]
      [Free CSet: 0.1 ms]
   [Eden: 345.0M(881.0M)->0.0B(179.0M) Survivors: 4096.0K->103.0M Heap: 1143.7M(2048.0M)->798.9M(2048.0M)]
 [Times: user=0.20 sys=0.01, real=0.03 secs] 
2021-01-22T00:59:16.368+0800: 49.404: [GC concurrent-root-region-scan-start]
2021-01-22T00:59:16.368+0800: 49.404: [GC concurrent-root-region-scan-end, 0.0002940 secs]
2021-01-22T00:59:16.368+0800: 49.404: [GC concurrent-mark-start]
2021-01-22T00:59:16.372+0800: 49.407: [GC concurrent-mark-end, 0.0031406 secs]
2021-01-22T00:59:16.372+0800: 49.408: [GC remark 2021-01-22T00:59:16.372+0800: 49.408: [Finalize Marking, 0.0012062 secs] 2021-01-22T00:59:16.374+0800: 49.410: [GC ref-proc, 0.0004907 secs] 2021-01-22T00:59:16.374+0800: 49.410: [Unloading, 0.0013694 secs], 0.0055761 secs]
 [Times: user=0.00 sys=0.01, real=0.00 secs] 
2021-01-22T00:59:16.379+0800: 49.414: [GC cleanup 827M->703M(2048M), 0.0038603 secs]
 [Times: user=0.00 sys=0.01, real=0.00 secs] 
2021-01-22T00:59:16.383+0800: 49.419: [GC concurrent-cleanup-start]
2021-01-22T00:59:16.383+0800: 49.419: [GC concurrent-cleanup-end, 0.0000845 secs]
2021-01-22T00:59:16.406+0800: 49.442: [GC pause (G1 Evacuation Pause) (young), 0.0215479 secs]
   [Parallel Time: 16.2 ms, GC Workers: 8]
      [GC Worker Start (ms): Min: 49442.6, Avg: 49442.8, Max: 49442.9, Diff: 0.3]
      [Ext Root Scanning (ms): Min: 0.0, Avg: 0.1, Max: 0.2, Diff: 0.2, Sum: 0.5]
      [Update RS (ms): Min: 3.0, Avg: 3.2, Max: 3.9, Diff: 0.9, Sum: 25.5]
         [Processed Buffers: Min: 45, Avg: 46.9, Max: 48, Diff: 3, Sum: 375]
      [Scan RS (ms): Min: 0.0, Avg: 0.0, Max: 0.1, Diff: 0.1, Sum: 0.3]
      [Code Root Scanning (ms): Min: 0.0, Avg: 0.0, Max: 0.0, Diff: 0.0, Sum: 0.0]
      [Object Copy (ms): Min: 11.0, Avg: 11.8, Max: 12.2, Diff: 1.2, Sum: 94.5]
      [Termination (ms): Min: 0.0, Avg: 0.3, Max: 0.4, Diff: 0.4, Sum: 2.6]
         [Termination Attempts: Min: 1, Avg: 1.0, Max: 1, Diff: 0, Sum: 8]
      [GC Worker Other (ms): Min: 0.0, Avg: 0.0, Max: 0.0, Diff: 0.0, Sum: 0.1]
      [GC Worker Total (ms): Min: 15.2, Avg: 15.4, Max: 15.6, Diff: 0.4, Sum: 123.5]
      [GC Worker End (ms): Min: 49458.2, Avg: 49458.2, Max: 49458.2, Diff: 0.1]
   [Code Root Fixup: 0.0 ms]
   [Code Root Purge: 0.0 ms]
   [Clear CT: 1.5 ms]
   [Other: 3.8 ms]
      [Choose CSet: 0.0 ms]
      [Ref Proc: 2.0 ms]
      [Ref Enq: 0.0 ms]
      [Redirty Cards: 0.9 ms]
      [Humongous Register: 0.1 ms]
      [Humongous Reclaim: 0.2 ms]
      [Free CSet: 0.3 ms]
   [Eden: 179.0M(179.0M)->0.0B(67584.0K) Survivors: 103.0M->36864.0K Heap: 900.3M(2048.0M)->708.0M(2048.0M)]
 [Times: user=0.14 sys=0.00, real=0.03 secs] 
2021-01-22T00:59:16.439+0800: 49.475: [GC pause (G1 Evacuation Pause) (mixed), 0.0198195 secs]
   [Parallel Time: 11.2 ms, GC Workers: 8]
      [GC Worker Start (ms): Min: 49475.1, Avg: 49475.7, Max: 49477.0, Diff: 1.9]
      [Ext Root Scanning (ms): Min: 0.0, Avg: 0.1, Max: 0.3, Diff: 0.3, Sum: 0.7]
      [Update RS (ms): Min: 0.0, Avg: 1.0, Max: 1.3, Diff: 1.3, Sum: 7.8]
         [Processed Buffers: Min: 0, Avg: 16.9, Max: 24, Diff: 24, Sum: 135]
      [Scan RS (ms): Min: 0.0, Avg: 0.1, Max: 0.1, Diff: 0.1, Sum: 0.8]
      [Code Root Scanning (ms): Min: 0.0, Avg: 0.0, Max: 0.0, Diff: 0.0, Sum: 0.1]
      [Object Copy (ms): Min: 6.5, Avg: 7.5, Max: 8.8, Diff: 2.3, Sum: 59.7]
      [Termination (ms): Min: 0.0, Avg: 1.3, Max: 2.1, Diff: 2.1, Sum: 10.6]
         [Termination Attempts: Min: 1, Avg: 1.1, Max: 2, Diff: 1, Sum: 9]
      [GC Worker Other (ms): Min: 0.0, Avg: 0.0, Max: 0.0, Diff: 0.0, Sum: 0.1]
      [GC Worker Total (ms): Min: 8.7, Avg: 10.0, Max: 10.5, Diff: 1.9, Sum: 79.6]
      [GC Worker End (ms): Min: 49485.6, Avg: 49485.6, Max: 49485.7, Diff: 0.1]
   [Code Root Fixup: 0.0 ms]
   [Code Root Purge: 0.0 ms]
   [Clear CT: 1.0 ms]
   [Other: 7.6 ms]
      [Choose CSet: 0.1 ms]
      [Ref Proc: 6.1 ms]
      [Ref Enq: 0.0 ms]
      [Redirty Cards: 0.7 ms]
      [Humongous Register: 0.2 ms]
      [Humongous Reclaim: 0.1 ms]
      [Free CSet: 0.2 ms]
   [Eden: 67584.0K(67584.0K)->0.0B(91136.0K) Survivors: 36864.0K->13312.0K Heap: 789.7M(2048.0M)->541.8M(2048.0M)]
 [Times: user=0.12 sys=0.01, real=0.02 secs] 
2021-01-22T00:59:16.471+0800: 49.507: [GC pause (G1 Evacuation Pause) (mixed), 0.0109966 secs]
   [Parallel Time: 7.7 ms, GC Workers: 8]
      [GC Worker Start (ms): Min: 49507.1, Avg: 49507.2, Max: 49507.4, Diff: 0.3]
      [Ext Root Scanning (ms): Min: 0.0, Avg: 0.1, Max: 0.2, Diff: 0.2, Sum: 0.5]
      [Update RS (ms): Min: 1.3, Avg: 1.4, Max: 1.5, Diff: 0.1, Sum: 11.3]
         [Processed Buffers: Min: 19, Avg: 20.6, Max: 22, Diff: 3, Sum: 165]
      [Scan RS (ms): Min: 0.0, Avg: 0.0, Max: 0.0, Diff: 0.0, Sum: 0.1]
      [Code Root Scanning (ms): Min: 0.0, Avg: 0.0, Max: 0.0, Diff: 0.0, Sum: 0.0]
      [Object Copy (ms): Min: 3.6, Avg: 3.9, Max: 5.7, Diff: 2.1, Sum: 31.3]
      [Termination (ms): Min: 0.0, Avg: 1.8, Max: 2.1, Diff: 2.1, Sum: 14.4]
         [Termination Attempts: Min: 1, Avg: 1.0, Max: 1, Diff: 0, Sum: 8]
      [GC Worker Other (ms): Min: 0.0, Avg: 0.0, Max: 0.0, Diff: 0.0, Sum: 0.1]
      [GC Worker Total (ms): Min: 7.1, Avg: 7.2, Max: 7.4, Diff: 0.3, Sum: 57.6]
      [GC Worker End (ms): Min: 49514.4, Avg: 49514.4, Max: 49514.4, Diff: 0.0]
   [Code Root Fixup: 0.0 ms]
   [Code Root Purge: 0.0 ms]
   [Clear CT: 1.1 ms]
   [Other: 2.2 ms]
      [Choose CSet: 0.0 ms]
      [Ref Proc: 1.0 ms]
      [Ref Enq: 0.0 ms]
      [Redirty Cards: 0.7 ms]
      [Humongous Register: 0.1 ms]
      [Humongous Reclaim: 0.1 ms]
      [Free CSet: 0.1 ms]
   [Eden: 91136.0K(91136.0K)->0.0B(833.0M) Survivors: 13312.0K->13312.0K Heap: 650.3M(2048.0M)->570.6M(2048.0M)]
 [Times: user=0.07 sys=0.00, real=0.01 secs] 
2021-01-22T00:59:16.590+0800: 49.626: [GC pause (G1 Humongous Allocation) (young) (initial-mark), 0.0313701 secs]
   [Parallel Time: 28.3 ms, GC Workers: 8]
      [GC Worker Start (ms): Min: 49626.2, Avg: 49626.4, Max: 49626.6, Diff: 0.4]
      [Ext Root Scanning (ms): Min: 0.0, Avg: 0.4, Max: 0.5, Diff: 0.5, Sum: 3.2]
      [Update RS (ms): Min: 12.5, Avg: 12.6, Max: 12.8, Diff: 0.3, Sum: 101.0]
         [Processed Buffers: Min: 185, Avg: 191.2, Max: 196, Diff: 11, Sum: 1530]
      [Scan RS (ms): Min: 0.1, Avg: 0.1, Max: 0.1, Diff: 0.0, Sum: 0.8]
      [Code Root Scanning (ms): Min: 0.0, Avg: 0.0, Max: 0.0, Diff: 0.0, Sum: 0.0]
      [Object Copy (ms): Min: 14.3, Avg: 14.4, Max: 14.4, Diff: 0.1, Sum: 115.1]
      [Termination (ms): Min: 0.0, Avg: 0.1, Max: 0.1, Diff: 0.1, Sum: 0.5]
         [Termination Attempts: Min: 1, Avg: 1.2, Max: 2, Diff: 1, Sum: 10]
      [GC Worker Other (ms): Min: 0.0, Avg: 0.0, Max: 0.1, Diff: 0.1, Sum: 0.3]
      [GC Worker Total (ms): Min: 27.4, Avg: 27.6, Max: 27.8, Diff: 0.4, Sum: 220.9]
      [GC Worker End (ms): Min: 49653.9, Avg: 49654.0, Max: 49654.1, Diff: 0.1]
   [Code Root Fixup: 0.0 ms]
   [Code Root Purge: 0.0 ms]
   [Clear CT: 0.7 ms]
   [Other: 2.4 ms]
      [Choose CSet: 0.0 ms]
      [Ref Proc: 0.4 ms]
      [Ref Enq: 0.0 ms]
      [Redirty Cards: 1.0 ms]
      [Humongous Register: 0.1 ms]
      [Humongous Reclaim: 0.3 ms]
      [Free CSet: 0.3 ms]
   [Eden: 767.0M(833.0M)->0.0B(825.0M) Survivors: 13312.0K->106.0M Heap: 1527.4M(2048.0M)->732.1M(2048.0M)]
 [Times: user=0.23 sys=0.00, real=0.03 secs] 
2021-01-22T00:59:16.622+0800: 49.658: [GC concurrent-root-region-scan-start]
2021-01-22T00:59:16.622+0800: 49.658: [GC concurrent-root-region-scan-end, 0.0002888 secs]
2021-01-22T00:59:16.622+0800: 49.658: [GC concurrent-mark-start]
2021-01-22T00:59:16.625+0800: 49.661: [GC concurrent-mark-end, 0.0027901 secs]
2021-01-22T00:59:16.625+0800: 49.661: [GC remark 2021-01-22T00:59:16.626+0800: 49.662: [Finalize Marking, 0.0010470 secs] 2021-01-22T00:59:16.627+0800: 49.663: [GC ref-proc, 0.0005125 secs] 2021-01-22T00:59:16.628+0800: 49.664: [Unloading, 0.0008456 secs], 0.0046000 secs]
 [Times: user=0.00 sys=0.01, real=0.01 secs] 
2021-01-22T00:59:16.631+0800: 49.667: [GC cleanup 752M->648M(2048M), 0.0028445 secs]
 [Times: user=0.01 sys=0.00, real=0.00 secs] 
2021-01-22T00:59:16.634+0800: 49.670: [GC concurrent-cleanup-start]
2021-01-22T00:59:16.634+0800: 49.670: [GC concurrent-cleanup-end, 0.0000823 secs]
2021-01-22T00:59:16.750+0800: 49.786: [GC pause (G1 Evacuation Pause) (young) (to-space exhausted), 0.0363519 secs]
   [Parallel Time: 32.2 ms, GC Workers: 8]
      [GC Worker Start (ms): Min: 49785.9, Avg: 49786.1, Max: 49786.3, Diff: 0.4]
      [Ext Root Scanning (ms): Min: 0.0, Avg: 0.1, Max: 0.2, Diff: 0.2, Sum: 0.7]
      [Update RS (ms): Min: 15.8, Avg: 15.9, Max: 15.9, Diff: 0.1, Sum: 126.8]
         [Processed Buffers: Min: 214, Avg: 229.5, Max: 239, Diff: 25, Sum: 1836]
      [Scan RS (ms): Min: 0.2, Avg: 0.3, Max: 0.3, Diff: 0.2, Sum: 2.0]
      [Code Root Scanning (ms): Min: 0.0, Avg: 0.0, Max: 0.0, Diff: 0.0, Sum: 0.0]
      [Object Copy (ms): Min: 15.0, Avg: 15.2, Max: 15.3, Diff: 0.3, Sum: 121.5]
      [Termination (ms): Min: 0.0, Avg: 0.1, Max: 0.2, Diff: 0.2, Sum: 0.9]
         [Termination Attempts: Min: 1, Avg: 1.0, Max: 1, Diff: 0, Sum: 8]
      [GC Worker Other (ms): Min: 0.0, Avg: 0.0, Max: 0.1, Diff: 0.1, Sum: 0.1]
      [GC Worker Total (ms): Min: 31.3, Avg: 31.5, Max: 31.7, Diff: 0.4, Sum: 252.1]
      [GC Worker End (ms): Min: 49817.6, Avg: 49817.6, Max: 49817.7, Diff: 0.0]
   [Code Root Fixup: 0.0 ms]
   [Code Root Purge: 0.0 ms]
   [Clear CT: 0.8 ms]
   [Other: 3.3 ms]
      [Evacuation Failure: 0.9 ms]
      [Choose CSet: 0.0 ms]
      [Ref Proc: 0.8 ms]
      [Ref Enq: 0.0 ms]
      [Redirty Cards: 0.8 ms]
      [Humongous Register: 0.2 ms]
      [Humongous Reclaim: 0.3 ms]
      [Free CSet: 0.3 ms]
   [Eden: 825.0M(825.0M)->0.0B(7168.0K) Survivors: 106.0M->117.0M Heap: 1681.3M(2048.0M)->964.7M(2048.0M)]
 [Times: user=0.26 sys=0.00, real=0.03 secs] 
2021-01-22T00:59:16.788+0800: 49.824: [GC pause (G1 Evacuation Pause) (mixed), 0.0150060 secs]
   [Parallel Time: 12.3 ms, GC Workers: 8]
      [GC Worker Start (ms): Min: 49823.9, Avg: 49824.0, Max: 49824.1, Diff: 0.2]
      [Ext Root Scanning (ms): Min: 0.0, Avg: 0.1, Max: 0.2, Diff: 0.2, Sum: 0.5]
      [Update RS (ms): Min: 0.2, Avg: 0.2, Max: 0.3, Diff: 0.1, Sum: 1.9]
         [Processed Buffers: Min: 3, Avg: 4.6, Max: 6, Diff: 3, Sum: 37]
      [Scan RS (ms): Min: 0.0, Avg: 0.1, Max: 0.1, Diff: 0.0, Sum: 0.5]
      [Code Root Scanning (ms): Min: 0.0, Avg: 0.0, Max: 0.0, Diff: 0.0, Sum: 0.0]
      [Object Copy (ms): Min: 11.1, Avg: 11.2, Max: 11.2, Diff: 0.1, Sum: 89.5]
      [Termination (ms): Min: 0.0, Avg: 0.1, Max: 0.1, Diff: 0.1, Sum: 0.4]
         [Termination Attempts: Min: 1, Avg: 1.0, Max: 1, Diff: 0, Sum: 8]
      [GC Worker Other (ms): Min: 0.0, Avg: 0.0, Max: 0.0, Diff: 0.0, Sum: 0.1]
      [GC Worker Total (ms): Min: 11.5, Avg: 11.6, Max: 11.7, Diff: 0.2, Sum: 92.9]
      [GC Worker End (ms): Min: 49835.6, Avg: 49835.6, Max: 49835.6, Diff: 0.0]
   [Code Root Fixup: 0.0 ms]
   [Code Root Purge: 0.0 ms]
   [Clear CT: 0.8 ms]
   [Other: 2.0 ms]
      [Choose CSet: 0.1 ms]
      [Ref Proc: 0.7 ms]
      [Ref Enq: 0.0 ms]
      [Redirty Cards: 0.8 ms]
      [Humongous Register: 0.1 ms]
      [Humongous Reclaim: 0.0 ms]
      [Free CSet: 0.2 ms]
   [Eden: 7168.0K(7168.0K)->0.0B(763.0M) Survivors: 117.0M->2048.0K Heap: 973.6M(2048.0M)->814.8M(2048.0M)]
 [Times: user=0.10 sys=0.00, real=0.02 secs] 
2021-01-22T00:59:16.816+0800: 49.852: [GC pause (G1 Humongous Allocation) (young) (initial-mark), 0.0073588 secs]
   [Parallel Time: 5.0 ms, GC Workers: 8]
      [GC Worker Start (ms): Min: 49852.6, Avg: 49852.7, Max: 49852.9, Diff: 0.4]
      [Ext Root Scanning (ms): Min: 0.0, Avg: 0.3, Max: 0.4, Diff: 0.4, Sum: 2.6]
      [Update RS (ms): Min: 1.6, Avg: 1.7, Max: 1.8, Diff: 0.2, Sum: 13.6]
         [Processed Buffers: Min: 23, Avg: 25.2, Max: 27, Diff: 4, Sum: 202]
      [Scan RS (ms): Min: 0.0, Avg: 0.0, Max: 0.0, Diff: 0.0, Sum: 0.1]
      [Code Root Scanning (ms): Min: 0.0, Avg: 0.0, Max: 0.0, Diff: 0.0, Sum: 0.0]
      [Object Copy (ms): Min: 2.3, Avg: 2.3, Max: 2.4, Diff: 0.1, Sum: 18.5]
      [Termination (ms): Min: 0.0, Avg: 0.0, Max: 0.1, Diff: 0.1, Sum: 0.4]
         [Termination Attempts: Min: 1, Avg: 1.5, Max: 2, Diff: 1, Sum: 12]
      [GC Worker Other (ms): Min: 0.0, Avg: 0.0, Max: 0.0, Diff: 0.0, Sum: 0.1]
      [GC Worker Total (ms): Min: 4.2, Avg: 4.4, Max: 4.6, Diff: 0.4, Sum: 35.2]
      [GC Worker End (ms): Min: 49857.1, Avg: 49857.1, Max: 49857.1, Diff: 0.0]
   [Code Root Fixup: 0.0 ms]
   [Code Root Purge: 0.0 ms]
   [Clear CT: 0.7 ms]
   [Other: 1.7 ms]
      [Choose CSet: 0.0 ms]
      [Ref Proc: 0.5 ms]
      [Ref Enq: 0.0 ms]
      [Redirty Cards: 0.6 ms]
      [Humongous Register: 0.1 ms]
      [Humongous Reclaim: 0.1 ms]
      [Free CSet: 0.1 ms]
   [Eden: 92160.0K(763.0M)->0.0B(731.0M) Survivors: 2048.0K->31744.0K Heap: 928.3M(2048.0M)->845.8M(2048.0M)]
 [Times: user=0.04 sys=0.00, real=0.01 secs] 
2021-01-22T00:59:16.825+0800: 49.860: [GC concurrent-root-region-scan-start]
2021-01-22T00:59:16.825+0800: 49.861: [GC concurrent-root-region-scan-end, 0.0002831 secs]
2021-01-22T00:59:16.825+0800: 49.861: [GC concurrent-mark-start]
2021-01-22T00:59:16.828+0800: 49.864: [GC concurrent-mark-end, 0.0030712 secs]
2021-01-22T00:59:16.828+0800: 49.864: [GC remark 2021-01-22T00:59:16.829+0800: 49.864: [Finalize Marking, 0.0006656 secs] 2021-01-22T00:59:16.830+0800: 49.865: [GC ref-proc, 0.0005581 secs] 2021-01-22T00:59:16.830+0800: 49.866: [Unloading, 0.0008937 secs], 0.0040201 secs]
 [Times: user=0.00 sys=0.00, real=0.00 secs] 
2021-01-22T00:59:16.833+0800: 49.869: [GC cleanup 874M->764M(2048M), 0.0024781 secs]
 [Times: user=0.01 sys=0.00, real=0.00 secs] 
2021-01-22T00:59:16.836+0800: 49.872: [GC concurrent-cleanup-start]
2021-01-22T00:59:16.836+0800: 49.872: [GC concurrent-cleanup-end, 0.0000739 secs]
2021-01-22T00:59:16.938+0800: 49.974: [GC pause (G1 Evacuation Pause) (young), 0.0326322 secs]
   [Parallel Time: 29.5 ms, GC Workers: 8]
      [GC Worker Start (ms): Min: 49973.9, Avg: 49974.1, Max: 49974.3, Diff: 0.3]
      [Ext Root Scanning (ms): Min: 0.0, Avg: 0.1, Max: 0.2, Diff: 0.2, Sum: 0.6]
      [Update RS (ms): Min: 13.8, Avg: 13.8, Max: 13.9, Diff: 0.1, Sum: 110.8]
         [Processed Buffers: Min: 194, Avg: 209.1, Max: 215, Diff: 21, Sum: 1673]
      [Scan RS (ms): Min: 0.1, Avg: 0.1, Max: 0.1, Diff: 0.0, Sum: 0.8]
      [Code Root Scanning (ms): Min: 0.0, Avg: 0.0, Max: 0.0, Diff: 0.0, Sum: 0.0]
      [Object Copy (ms): Min: 14.7, Avg: 14.8, Max: 14.8, Diff: 0.0, Sum: 118.1]
      [Termination (ms): Min: 0.0, Avg: 0.0, Max: 0.1, Diff: 0.1, Sum: 0.2]
         [Termination Attempts: Min: 1, Avg: 1.0, Max: 1, Diff: 0, Sum: 8]
      [GC Worker Other (ms): Min: 0.0, Avg: 0.0, Max: 0.1, Diff: 0.1, Sum: 0.2]
      [GC Worker Total (ms): Min: 28.7, Avg: 28.8, Max: 29.0, Diff: 0.4, Sum: 230.8]
      [GC Worker End (ms): Min: 50002.9, Avg: 50002.9, Max: 50003.0, Diff: 0.1]
   [Code Root Fixup: 0.0 ms]
   [Code Root Purge: 0.0 ms]
   [Clear CT: 0.9 ms]
   [Other: 2.3 ms]
      [Choose CSet: 0.0 ms]
      [Ref Proc: 0.4 ms]
      [Ref Enq: 0.0 ms]
      [Redirty Cards: 1.1 ms]
      [Humongous Register: 0.2 ms]
      [Humongous Reclaim: 0.2 ms]
      [Free CSet: 0.2 ms]
   [Eden: 731.0M(731.0M)->0.0B(7168.0K) Survivors: 31744.0K->98304.0K Heap: 1674.6M(2048.0M)->890.6M(2048.0M)]
 [Times: user=0.23 sys=0.01, real=0.04 secs] 
2021-01-22T00:59:16.972+0800: 50.008: [GC pause (G1 Evacuation Pause) (mixed), 0.0128259 secs]
   [Parallel Time: 10.0 ms, GC Workers: 8]
      [GC Worker Start (ms): Min: 50008.6, Avg: 50008.7, Max: 50008.9, Diff: 0.3]
      [Ext Root Scanning (ms): Min: 0.0, Avg: 0.1, Max: 0.2, Diff: 0.2, Sum: 0.5]
      [Update RS (ms): Min: 0.2, Avg: 0.2, Max: 0.3, Diff: 0.1, Sum: 1.8]
         [Processed Buffers: Min: 3, Avg: 3.5, Max: 4, Diff: 1, Sum: 28]
      [Scan RS (ms): Min: 0.0, Avg: 0.0, Max: 0.1, Diff: 0.0, Sum: 0.4]
      [Code Root Scanning (ms): Min: 0.0, Avg: 0.0, Max: 0.0, Diff: 0.0, Sum: 0.0]
      [Object Copy (ms): Min: 9.1, Avg: 9.1, Max: 9.1, Diff: 0.1, Sum: 72.8]
      [Termination (ms): Min: 0.0, Avg: 0.0, Max: 0.1, Diff: 0.1, Sum: 0.2]
         [Termination Attempts: Min: 1, Avg: 1.1, Max: 2, Diff: 1, Sum: 9]
      [GC Worker Other (ms): Min: 0.0, Avg: 0.0, Max: 0.0, Diff: 0.0, Sum: 0.1]
      [GC Worker Total (ms): Min: 9.4, Avg: 9.5, Max: 9.6, Diff: 0.3, Sum: 75.8]
      [GC Worker End (ms): Min: 50018.2, Avg: 50018.2, Max: 50018.2, Diff: 0.0]
   [Code Root Fixup: 0.0 ms]
   [Code Root Purge: 0.0 ms]
   [Clear CT: 1.0 ms]
   [Other: 1.8 ms]
      [Choose CSet: 0.1 ms]
      [Ref Proc: 0.5 ms]
      [Ref Enq: 0.0 ms]
      [Redirty Cards: 0.7 ms]
      [Humongous Register: 0.2 ms]
      [Humongous Reclaim: 0.0 ms]
      [Free CSet: 0.2 ms]
   [Eden: 7168.0K(7168.0K)->0.0B(101376.0K) Survivors: 98304.0K->3072.0K Heap: 899.9M(2048.0M)->697.8M(2048.0M)]
 [Times: user=0.08 sys=0.00, real=0.01 secs] 
2021-01-22T00:59:16.999+0800: 50.035: [GC pause (G1 Evacuation Pause) (mixed), 0.0085655 secs]
   [Parallel Time: 6.2 ms, GC Workers: 8]
      [GC Worker Start (ms): Min: 50035.3, Avg: 50035.4, Max: 50035.6, Diff: 0.3]
      [Ext Root Scanning (ms): Min: 0.0, Avg: 0.1, Max: 0.2, Diff: 0.2, Sum: 0.5]
      [Update RS (ms): Min: 1.8, Avg: 1.9, Max: 1.9, Diff: 0.1, Sum: 15.3]
         [Processed Buffers: Min: 28, Avg: 29.0, Max: 30, Diff: 2, Sum: 232]
      [Scan RS (ms): Min: 0.0, Avg: 0.0, Max: 0.1, Diff: 0.0, Sum: 0.3]
      [Code Root Scanning (ms): Min: 0.0, Avg: 0.0, Max: 0.0, Diff: 0.0, Sum: 0.0]
      [Object Copy (ms): Min: 3.5, Avg: 3.6, Max: 3.6, Diff: 0.1, Sum: 28.5]
      [Termination (ms): Min: 0.0, Avg: 0.1, Max: 0.1, Diff: 0.1, Sum: 0.4]
         [Termination Attempts: Min: 1, Avg: 1.0, Max: 1, Diff: 0, Sum: 8]
      [GC Worker Other (ms): Min: 0.0, Avg: 0.0, Max: 0.0, Diff: 0.0, Sum: 0.0]
      [GC Worker Total (ms): Min: 5.5, Avg: 5.6, Max: 5.8, Diff: 0.3, Sum: 45.1]
      [GC Worker End (ms): Min: 50041.1, Avg: 50041.1, Max: 50041.1, Diff: 0.0]
   [Code Root Fixup: 0.0 ms]
   [Code Root Purge: 0.0 ms]
   [Clear CT: 0.7 ms]
   [Other: 1.7 ms]
      [Choose CSet: 0.0 ms]
      [Ref Proc: 0.6 ms]
      [Ref Enq: 0.0 ms]
      [Redirty Cards: 0.7 ms]
      [Humongous Register: 0.1 ms]
      [Humongous Reclaim: 0.1 ms]
      [Free CSet: 0.1 ms]
   [Eden: 101376.0K(101376.0K)->0.0B(886.0M) Survivors: 3072.0K->13312.0K Heap: 824.6M(2048.0M)->654.8M(2048.0M)]
 [Times: user=0.05 sys=0.00, real=0.00 secs] 
2021-01-22T00:59:17.076+0800: 50.112: [GC pause (G1 Humongous Allocation) (young) (initial-mark), 0.0240273 secs]
   [Parallel Time: 20.2 ms, GC Workers: 8]
      [GC Worker Start (ms): Min: 50112.0, Avg: 50112.3, Max: 50112.5, Diff: 0.5]
      [Ext Root Scanning (ms): Min: 0.0, Avg: 0.5, Max: 0.6, Diff: 0.5, Sum: 3.6]
      [Update RS (ms): Min: 9.0, Avg: 9.1, Max: 9.3, Diff: 0.3, Sum: 72.7]
         [Processed Buffers: Min: 124, Avg: 135.5, Max: 143, Diff: 19, Sum: 1084]
      [Scan RS (ms): Min: 0.0, Avg: 0.1, Max: 0.1, Diff: 0.0, Sum: 0.4]
      [Code Root Scanning (ms): Min: 0.0, Avg: 0.0, Max: 0.0, Diff: 0.0, Sum: 0.0]
      [Object Copy (ms): Min: 9.8, Avg: 9.8, Max: 9.8, Diff: 0.0, Sum: 78.4]
      [Termination (ms): Min: 0.0, Avg: 0.0, Max: 0.1, Diff: 0.1, Sum: 0.2]
         [Termination Attempts: Min: 1, Avg: 1.0, Max: 1, Diff: 0, Sum: 8]
      [GC Worker Other (ms): Min: 0.0, Avg: 0.0, Max: 0.1, Diff: 0.1, Sum: 0.2]
      [GC Worker Total (ms): Min: 19.3, Avg: 19.5, Max: 19.7, Diff: 0.4, Sum: 155.7]
      [GC Worker End (ms): Min: 50131.7, Avg: 50131.7, Max: 50131.8, Diff: 0.1]
   [Code Root Fixup: 0.0 ms]
   [Code Root Purge: 0.0 ms]
   [Clear CT: 1.0 ms]
   [Other: 2.9 ms]
      [Choose CSet: 0.0 ms]
      [Ref Proc: 0.7 ms]
      [Ref Enq: 0.0 ms]
      [Redirty Cards: 1.4 ms]
      [Humongous Register: 0.2 ms]
      [Humongous Reclaim: 0.2 ms]
      [Free CSet: 0.2 ms]
   [Eden: 476.0M(886.0M)->0.0B(807.0M) Survivors: 13312.0K->113.0M Heap: 1264.6M(2048.0M)->762.8M(2048.0M)]
 [Times: user=0.16 sys=0.00, real=0.03 secs] 
2021-01-22T00:59:17.101+0800: 50.137: [GC concurrent-root-region-scan-start]
2021-01-22T00:59:17.101+0800: 50.137: [GC concurrent-root-region-scan-end, 0.0003625 secs]
2021-01-22T00:59:17.101+0800: 50.137: [GC concurrent-mark-start]
2021-01-22T00:59:17.104+0800: 50.140: [GC concurrent-mark-end, 0.0025109 secs]
2021-01-22T00:59:17.104+0800: 50.140: [GC remark 2021-01-22T00:59:17.104+0800: 50.140: [Finalize Marking, 0.0009873 secs] 2021-01-22T00:59:17.106+0800: 50.142: [GC ref-proc, 0.0005672 secs] 2021-01-22T00:59:17.107+0800: 50.143: [Unloading, 0.0011193 secs], 0.0051563 secs]
 [Times: user=0.00 sys=0.01, real=0.01 secs] 
2021-01-22T00:59:17.110+0800: 50.146: [GC cleanup 791M->668M(2048M), 0.0032107 secs]
 [Times: user=0.01 sys=0.01, real=0.00 secs] 
2021-01-22T00:59:17.114+0800: 50.150: [GC concurrent-cleanup-start]
2021-01-22T00:59:17.114+0800: 50.150: [GC concurrent-cleanup-end, 0.0000740 secs]
2021-01-22T00:59:17.234+0800: 50.270: [GC pause (G1 Evacuation Pause) (young) (to-space exhausted), 0.0370833 secs]
   [Parallel Time: 31.6 ms, GC Workers: 8]
      [GC Worker Start (ms): Min: 50270.7, Avg: 50270.8, Max: 50271.0, Diff: 0.3]
      [Ext Root Scanning (ms): Min: 0.0, Avg: 0.1, Max: 0.2, Diff: 0.2, Sum: 0.5]
      [Update RS (ms): Min: 16.8, Avg: 16.9, Max: 17.0, Diff: 0.2, Sum: 135.4]
         [Processed Buffers: Min: 153, Avg: 244.9, Max: 262, Diff: 109, Sum: 1959]
      [Scan RS (ms): Min: 0.1, Avg: 0.1, Max: 0.2, Diff: 0.1, Sum: 1.0]
      [Code Root Scanning (ms): Min: 0.0, Avg: 0.0, Max: 0.0, Diff: 0.0, Sum: 0.0]
      [Object Copy (ms): Min: 13.2, Avg: 13.4, Max: 13.5, Diff: 0.3, Sum: 106.9]
      [Termination (ms): Min: 0.0, Avg: 0.1, Max: 0.3, Diff: 0.3, Sum: 1.0]
         [Termination Attempts: Min: 1, Avg: 1.0, Max: 1, Diff: 0, Sum: 8]
      [GC Worker Other (ms): Min: 0.0, Avg: 0.0, Max: 0.1, Diff: 0.1, Sum: 0.3]
      [GC Worker Total (ms): Min: 30.5, Avg: 30.6, Max: 30.8, Diff: 0.2, Sum: 245.2]
      [GC Worker End (ms): Min: 50301.5, Avg: 50301.5, Max: 50301.6, Diff: 0.1]
   [Code Root Fixup: 0.0 ms]
   [Code Root Purge: 0.0 ms]
   [Clear CT: 1.1 ms]
   [Other: 4.3 ms]
      [Evacuation Failure: 1.1 ms]
      [Choose CSet: 0.0 ms]
      [Ref Proc: 1.0 ms]
      [Ref Enq: 0.0 ms]
      [Redirty Cards: 1.3 ms]
      [Humongous Register: 0.2 ms]
      [Humongous Reclaim: 0.3 ms]
      [Free CSet: 0.3 ms]
   [Eden: 807.0M(807.0M)->0.0B(7168.0K) Survivors: 113.0M->115.0M Heap: 1690.4M(2048.0M)->976.7M(2048.0M)]
 [Times: user=0.25 sys=0.01, real=0.04 secs] 
2021-01-22T00:59:17.274+0800: 50.310: [GC pause (G1 Evacuation Pause) (mixed), 0.0149759 secs]
   [Parallel Time: 11.7 ms, GC Workers: 8]
      [GC Worker Start (ms): Min: 50310.0, Avg: 50310.2, Max: 50310.3, Diff: 0.3]
      [Ext Root Scanning (ms): Min: 0.0, Avg: 0.1, Max: 0.2, Diff: 0.2, Sum: 0.5]
      [Update RS (ms): Min: 0.0, Avg: 0.1, Max: 0.1, Diff: 0.1, Sum: 0.7]
         [Processed Buffers: Min: 1, Avg: 1.9, Max: 3, Diff: 2, Sum: 15]
      [Scan RS (ms): Min: 0.1, Avg: 0.1, Max: 0.1, Diff: 0.0, Sum: 0.6]
      [Code Root Scanning (ms): Min: 0.0, Avg: 0.0, Max: 0.0, Diff: 0.0, Sum: 0.0]
      [Object Copy (ms): Min: 11.0, Avg: 11.0, Max: 11.1, Diff: 0.0, Sum: 88.3]
      [Termination (ms): Min: 0.0, Avg: 0.0, Max: 0.1, Diff: 0.1, Sum: 0.3]
         [Termination Attempts: Min: 1, Avg: 1.0, Max: 1, Diff: 0, Sum: 8]
      [GC Worker Other (ms): Min: 0.0, Avg: 0.0, Max: 0.1, Diff: 0.1, Sum: 0.2]
      [GC Worker Total (ms): Min: 11.2, Avg: 11.3, Max: 11.5, Diff: 0.3, Sum: 90.5]
      [GC Worker End (ms): Min: 50321.5, Avg: 50321.5, Max: 50321.5, Diff: 0.0]
   [Code Root Fixup: 0.0 ms]
   [Code Root Purge: 0.0 ms]
   [Clear CT: 1.0 ms]
   [Other: 2.3 ms]
      [Choose CSet: 0.1 ms]
      [Ref Proc: 0.8 ms]
      [Ref Enq: 0.0 ms]
      [Redirty Cards: 0.9 ms]
      [Humongous Register: 0.1 ms]
      [Humongous Reclaim: 0.1 ms]
      [Free CSet: 0.2 ms]
   [Eden: 7168.0K(7168.0K)->0.0B(772.0M) Survivors: 115.0M->2048.0K Heap: 983.7M(2048.0M)->817.7M(2048.0M)]
 [Times: user=0.09 sys=0.01, real=0.02 secs] 
2021-01-22T00:59:17.300+0800: 50.336: [GC pause (G1 Humongous Allocation) (young) (initial-mark), 0.0082488 secs]
   [Parallel Time: 4.7 ms, GC Workers: 8]
      [GC Worker Start (ms): Min: 50336.1, Avg: 50336.3, Max: 50336.6, Diff: 0.5]
      [Ext Root Scanning (ms): Min: 0.0, Avg: 0.4, Max: 0.7, Diff: 0.7, Sum: 3.5]
      [Update RS (ms): Min: 1.4, Avg: 1.5, Max: 1.7, Diff: 0.2, Sum: 12.4]
         [Processed Buffers: Min: 22, Avg: 23.4, Max: 26, Diff: 4, Sum: 187]
      [Scan RS (ms): Min: 0.0, Avg: 0.0, Max: 0.0, Diff: 0.0, Sum: 0.0]
      [Code Root Scanning (ms): Min: 0.0, Avg: 0.0, Max: 0.0, Diff: 0.0, Sum: 0.0]
      [Object Copy (ms): Min: 1.8, Avg: 1.8, Max: 1.9, Diff: 0.1, Sum: 14.8]
      [Termination (ms): Min: 0.0, Avg: 0.0, Max: 0.1, Diff: 0.1, Sum: 0.4]
         [Termination Attempts: Min: 1, Avg: 1.0, Max: 1, Diff: 0, Sum: 8]
      [GC Worker Other (ms): Min: 0.0, Avg: 0.0, Max: 0.0, Diff: 0.0, Sum: 0.0]
      [GC Worker Total (ms): Min: 3.7, Avg: 3.9, Max: 4.1, Diff: 0.4, Sum: 31.1]
      [GC Worker End (ms): Min: 50340.2, Avg: 50340.2, Max: 50340.2, Diff: 0.0]
   [Code Root Fixup: 0.0 ms]
   [Code Root Purge: 0.0 ms]
   [Clear CT: 1.5 ms]
   [Other: 2.1 ms]
      [Choose CSet: 0.0 ms]
      [Ref Proc: 0.5 ms]
      [Ref Enq: 0.0 ms]
      [Redirty Cards: 1.1 ms]
      [Humongous Register: 0.1 ms]
      [Humongous Reclaim: 0.1 ms]
      [Free CSet: 0.1 ms]
   [Eden: 71680.0K(772.0M)->0.0B(671.0M) Survivors: 2048.0K->25600.0K Heap: 909.6M(2048.0M)->840.8M(2048.0M)]
 [Times: user=0.03 sys=0.00, real=0.01 secs] 
2021-01-22T00:59:17.309+0800: 50.345: [GC concurrent-root-region-scan-start]
2021-01-22T00:59:17.309+0800: 50.345: [GC concurrent-root-region-scan-end, 0.0003318 secs]
2021-01-22T00:59:17.309+0800: 50.345: [GC concurrent-mark-start]
2021-01-22T00:59:17.312+0800: 50.348: [GC concurrent-mark-end, 0.0032098 secs]
2021-01-22T00:59:17.313+0800: 50.349: [GC remark 2021-01-22T00:59:17.313+0800: 50.349: [Finalize Marking, 0.0011166 secs] 2021-01-22T00:59:17.315+0800: 50.350: [GC ref-proc, 0.0005183 secs] 2021-01-22T00:59:17.315+0800: 50.351: [Unloading, 0.0011623 secs], 0.0050963 secs]
 [Times: user=0.02 sys=0.00, real=0.01 secs] 
2021-01-22T00:59:17.319+0800: 50.355: [GC cleanup 872M->774M(2048M), 0.0031848 secs]
 [Times: user=0.00 sys=0.00, real=0.00 secs] 
2021-01-22T00:59:17.322+0800: 50.358: [GC concurrent-cleanup-start]
2021-01-22T00:59:17.322+0800: 50.358: [GC concurrent-cleanup-end, 0.0000571 secs]
2021-01-22T00:59:17.414+0800: 50.450: [GC pause (G1 Evacuation Pause) (young), 0.0316301 secs]
   [Parallel Time: 27.5 ms, GC Workers: 8]
      [GC Worker Start (ms): Min: 50450.0, Avg: 50450.2, Max: 50450.4, Diff: 0.4]
      [Ext Root Scanning (ms): Min: 0.0, Avg: 0.1, Max: 0.2, Diff: 0.2, Sum: 0.5]
      [Update RS (ms): Min: 12.3, Avg: 12.5, Max: 13.1, Diff: 0.8, Sum: 100.1]
         [Processed Buffers: Min: 184, Avg: 188.9, Max: 193, Diff: 9, Sum: 1511]
      [Scan RS (ms): Min: 0.1, Avg: 0.2, Max: 0.2, Diff: 0.1, Sum: 1.2]
      [Code Root Scanning (ms): Min: 0.0, Avg: 0.0, Max: 0.0, Diff: 0.0, Sum: 0.1]
      [Object Copy (ms): Min: 13.0, Avg: 13.5, Max: 13.6, Diff: 0.6, Sum: 108.1]
      [Termination (ms): Min: 0.0, Avg: 0.0, Max: 0.1, Diff: 0.1, Sum: 0.4]
         [Termination Attempts: Min: 1, Avg: 1.0, Max: 1, Diff: 0, Sum: 8]
      [GC Worker Other (ms): Min: 0.0, Avg: 0.1, Max: 0.3, Diff: 0.3, Sum: 0.7]
      [GC Worker Total (ms): Min: 26.2, Avg: 26.4, Max: 26.5, Diff: 0.3, Sum: 211.1]
      [GC Worker End (ms): Min: 50476.5, Avg: 50476.6, Max: 50476.8, Diff: 0.3]
   [Code Root Fixup: 0.0 ms]
   [Code Root Purge: 0.0 ms]
   [Clear CT: 1.6 ms]
   [Other: 2.5 ms]
      [Choose CSet: 0.0 ms]
      [Ref Proc: 0.7 ms]
      [Ref Enq: 0.0 ms]
      [Redirty Cards: 1.1 ms]
      [Humongous Register: 0.2 ms]
      [Humongous Reclaim: 0.3 ms]
      [Free CSet: 0.3 ms]
   [Eden: 671.0M(671.0M)->0.0B(15360.0K) Survivors: 25600.0K->89088.0K Heap: 1601.5M(2048.0M)->866.3M(2048.0M)]
 [Times: user=0.22 sys=0.00, real=0.03 secs] 
2021-01-22T00:59:17.449+0800: 50.485: [GC pause (G1 Evacuation Pause) (mixed), 0.0136386 secs]
   [Parallel Time: 9.7 ms, GC Workers: 8]
      [GC Worker Start (ms): Min: 50484.9, Avg: 50485.1, Max: 50485.2, Diff: 0.3]
      [Ext Root Scanning (ms): Min: 0.0, Avg: 0.1, Max: 0.2, Diff: 0.2, Sum: 0.5]
      [Update RS (ms): Min: 0.4, Avg: 0.5, Max: 0.5, Diff: 0.1, Sum: 3.8]
         [Processed Buffers: Min: 6, Avg: 7.4, Max: 9, Diff: 3, Sum: 59]
      [Scan RS (ms): Min: 0.0, Avg: 0.1, Max: 0.1, Diff: 0.1, Sum: 0.4]
      [Code Root Scanning (ms): Min: 0.0, Avg: 0.0, Max: 0.0, Diff: 0.0, Sum: 0.0]
      [Object Copy (ms): Min: 8.2, Avg: 8.2, Max: 8.2, Diff: 0.1, Sum: 65.5]
      [Termination (ms): Min: 0.0, Avg: 0.0, Max: 0.1, Diff: 0.1, Sum: 0.3]
         [Termination Attempts: Min: 1, Avg: 1.0, Max: 1, Diff: 0, Sum: 8]
      [GC Worker Other (ms): Min: 0.0, Avg: 0.0, Max: 0.0, Diff: 0.0, Sum: 0.1]
      [GC Worker Total (ms): Min: 8.7, Avg: 8.8, Max: 9.0, Diff: 0.3, Sum: 70.7]
      [GC Worker End (ms): Min: 50493.9, Avg: 50493.9, Max: 50493.9, Diff: 0.0]
   [Code Root Fixup: 0.0 ms]
   [Code Root Purge: 0.0 ms]
   [Clear CT: 1.1 ms]
   [Other: 2.9 ms]
      [Choose CSet: 0.1 ms]
      [Ref Proc: 1.0 ms]
      [Ref Enq: 0.0 ms]
      [Redirty Cards: 1.1 ms]
      [Humongous Register: 0.1 ms]
      [Humongous Reclaim: 0.1 ms]
      [Free CSet: 0.3 ms]
   [Eden: 15360.0K(15360.0K)->0.0B(98304.0K) Survivors: 89088.0K->6144.0K Heap: 887.5M(2048.0M)->679.4M(2048.0M)]
 [Times: user=0.07 sys=0.01, real=0.01 secs] 
2021-01-22T00:59:17.477+0800: 50.513: [GC pause (G1 Evacuation Pause) (mixed), 0.0093051 secs]
   [Parallel Time: 5.9 ms, GC Workers: 8]
      [GC Worker Start (ms): Min: 50513.3, Avg: 50513.8, Max: 50515.7, Diff: 2.3]
      [Ext Root Scanning (ms): Min: 0.0, Avg: 0.1, Max: 0.2, Diff: 0.2, Sum: 0.5]
      [Update RS (ms): Min: 0.0, Avg: 1.7, Max: 2.0, Diff: 2.0, Sum: 13.7]
         [Processed Buffers: Min: 0, Avg: 26.6, Max: 33, Diff: 33, Sum: 213]
      [Scan RS (ms): Min: 0.0, Avg: 0.0, Max: 0.1, Diff: 0.0, Sum: 0.3]
      [Code Root Scanning (ms): Min: 0.0, Avg: 0.0, Max: 0.0, Diff: 0.0, Sum: 0.0]
      [Object Copy (ms): Min: 3.3, Avg: 3.4, Max: 3.4, Diff: 0.1, Sum: 26.8]
      [Termination (ms): Min: 0.0, Avg: 0.1, Max: 0.1, Diff: 0.1, Sum: 0.5]
         [Termination Attempts: Min: 1, Avg: 1.4, Max: 3, Diff: 2, Sum: 11]
      [GC Worker Other (ms): Min: 0.0, Avg: 0.0, Max: 0.0, Diff: 0.0, Sum: 0.1]
      [GC Worker Total (ms): Min: 3.4, Avg: 5.2, Max: 5.7, Diff: 2.3, Sum: 41.8]
      [GC Worker End (ms): Min: 50519.0, Avg: 50519.0, Max: 50519.0, Diff: 0.0]
   [Code Root Fixup: 0.0 ms]
   [Code Root Purge: 0.0 ms]
   [Clear CT: 1.3 ms]
   [Other: 2.1 ms]
      [Choose CSet: 0.1 ms]
      [Ref Proc: 0.5 ms]
      [Ref Enq: 0.0 ms]
      [Redirty Cards: 1.0 ms]
      [Humongous Register: 0.2 ms]
      [Humongous Reclaim: 0.1 ms]
      [Free CSet: 0.2 ms]
   [Eden: 98304.0K(98304.0K)->0.0B(862.0M) Survivors: 6144.0K->13312.0K Heap: 800.8M(2048.0M)->624.0M(2048.0M)]
 [Times: user=0.05 sys=0.00, real=0.01 secs] 
2021-01-22T00:59:17.579+0800: 50.615: [GC pause (G1 Humongous Allocation) (young) (initial-mark), 0.0320049 secs]
   [Parallel Time: 27.6 ms, GC Workers: 8]
      [GC Worker Start (ms): Min: 50615.6, Avg: 50615.8, Max: 50616.0, Diff: 0.4]
      [Ext Root Scanning (ms): Min: 0.0, Avg: 0.4, Max: 0.7, Diff: 0.7, Sum: 3.6]
      [Update RS (ms): Min: 11.3, Avg: 11.8, Max: 12.0, Diff: 0.7, Sum: 94.3]
         [Processed Buffers: Min: 116, Avg: 158.8, Max: 184, Diff: 68, Sum: 1270]
      [Scan RS (ms): Min: 0.0, Avg: 0.1, Max: 0.1, Diff: 0.1, Sum: 0.7]
      [Code Root Scanning (ms): Min: 0.0, Avg: 0.0, Max: 0.0, Diff: 0.0, Sum: 0.0]
      [Object Copy (ms): Min: 13.2, Avg: 13.4, Max: 14.2, Diff: 1.0, Sum: 107.3]
      [Termination (ms): Min: 0.0, Avg: 0.8, Max: 1.0, Diff: 1.0, Sum: 6.5]
         [Termination Attempts: Min: 1, Avg: 1.0, Max: 1, Diff: 0, Sum: 8]
      [GC Worker Other (ms): Min: 0.0, Avg: 0.0, Max: 0.0, Diff: 0.0, Sum: 0.1]
      [GC Worker Total (ms): Min: 26.4, Avg: 26.6, Max: 26.8, Diff: 0.4, Sum: 212.7]
      [GC Worker End (ms): Min: 50642.4, Avg: 50642.4, Max: 50642.4, Diff: 0.0]
   [Code Root Fixup: 0.0 ms]
   [Code Root Purge: 0.0 ms]
   [Clear CT: 1.1 ms]
   [Other: 3.3 ms]
      [Choose CSet: 0.0 ms]
      [Ref Proc: 1.1 ms]
      [Ref Enq: 0.0 ms]
      [Redirty Cards: 1.3 ms]
      [Humongous Register: 0.2 ms]
      [Humongous Reclaim: 0.2 ms]
      [Free CSet: 0.2 ms]
   [Eden: 631.0M(862.0M)->0.0B(37888.0K) Survivors: 13312.0K->110.0M Heap: 1412.6M(2048.0M)->771.7M(2048.0M)]
 [Times: user=0.22 sys=0.00, real=0.03 secs] 
2021-01-22T00:59:17.612+0800: 50.648: [GC concurrent-root-region-scan-start]
2021-01-22T00:59:17.612+0800: 50.648: [GC concurrent-root-region-scan-end, 0.0002500 secs]
2021-01-22T00:59:17.612+0800: 50.648: [GC concurrent-mark-start]
2021-01-22T00:59:17.615+0800: 50.651: [GC concurrent-mark-end, 0.0025261 secs]
2021-01-22T00:59:17.615+0800: 50.651: [GC remark 2021-01-22T00:59:17.616+0800: 50.652: [Finalize Marking, 0.0015390 secs] 2021-01-22T00:59:17.618+0800: 50.654: [GC ref-proc, 0.0005628 secs] 2021-01-22T00:59:17.619+0800: 50.655: [Unloading, 0.0011717 secs], 0.0062140 secs]
 [Times: user=0.01 sys=0.00, real=0.01 secs] 
2021-01-22T00:59:17.622+0800: 50.658: [GC cleanup 796M->666M(2048M), 0.0029153 secs]
 [Times: user=0.01 sys=0.00, real=0.00 secs] 
2021-01-22T00:59:17.626+0800: 50.662: [GC concurrent-cleanup-start]
2021-01-22T00:59:17.626+0800: 50.662: [GC concurrent-cleanup-end, 0.0001707 secs]
2021-01-22T00:59:17.629+0800: 50.665: [GC pause (G1 Evacuation Pause) (young), 0.0158033 secs]
   [Parallel Time: 12.2 ms, GC Workers: 8]
      [GC Worker Start (ms): Min: 50665.8, Avg: 50665.9, Max: 50666.0, Diff: 0.3]
      [Ext Root Scanning (ms): Min: 0.0, Avg: 0.1, Max: 0.2, Diff: 0.2, Sum: 0.5]
      [Update RS (ms): Min: 0.6, Avg: 0.7, Max: 0.7, Diff: 0.1, Sum: 5.5]
         [Processed Buffers: Min: 10, Avg: 10.9, Max: 12, Diff: 2, Sum: 87]
      [Scan RS (ms): Min: 0.0, Avg: 0.0, Max: 0.0, Diff: 0.0, Sum: 0.1]
      [Code Root Scanning (ms): Min: 0.0, Avg: 0.0, Max: 0.0, Diff: 0.0, Sum: 0.0]
      [Object Copy (ms): Min: 9.6, Avg: 9.7, Max: 10.8, Diff: 1.2, Sum: 77.8]
      [Termination (ms): Min: 0.0, Avg: 1.1, Max: 1.3, Diff: 1.3, Sum: 8.6]
         [Termination Attempts: Min: 1, Avg: 1.0, Max: 1, Diff: 0, Sum: 8]
      [GC Worker Other (ms): Min: 0.0, Avg: 0.0, Max: 0.0, Diff: 0.0, Sum: 0.1]
      [GC Worker Total (ms): Min: 11.4, Avg: 11.6, Max: 11.7, Diff: 0.3, Sum: 92.6]
      [GC Worker End (ms): Min: 50677.5, Avg: 50677.5, Max: 50677.5, Diff: 0.1]
   [Code Root Fixup: 0.0 ms]
   [Code Root Purge: 0.0 ms]
   [Clear CT: 1.1 ms]
   [Other: 2.5 ms]
      [Choose CSet: 0.0 ms]
      [Ref Proc: 0.8 ms]
      [Ref Enq: 0.0 ms]
      [Redirty Cards: 1.1 ms]
      [Humongous Register: 0.1 ms]
      [Humongous Reclaim: 0.1 ms]
      [Free CSet: 0.1 ms]
   [Eden: 37888.0K(37888.0K)->0.0B(92160.0K) Survivors: 110.0M->12288.0K Heap: 688.4M(2048.0M)->649.0M(2048.0M)]
 [Times: user=0.10 sys=0.00, real=0.01 secs] 
2021-01-22T00:59:17.660+0800: 50.695: [GC pause (G1 Evacuation Pause) (mixed), 0.0115853 secs]
   [Parallel Time: 8.0 ms, GC Workers: 8]
      [GC Worker Start (ms): Min: 50695.7, Avg: 50695.8, Max: 50696.0, Diff: 0.3]
      [Ext Root Scanning (ms): Min: 0.0, Avg: 0.1, Max: 0.2, Diff: 0.2, Sum: 0.6]
      [Update RS (ms): Min: 1.4, Avg: 1.4, Max: 1.4, Diff: 0.1, Sum: 11.1]
         [Processed Buffers: Min: 21, Avg: 22.2, Max: 24, Diff: 3, Sum: 178]
      [Scan RS (ms): Min: 0.0, Avg: 0.1, Max: 0.1, Diff: 0.0, Sum: 0.5]
      [Code Root Scanning (ms): Min: 0.0, Avg: 0.0, Max: 0.0, Diff: 0.0, Sum: 0.1]
      [Object Copy (ms): Min: 5.1, Avg: 5.2, Max: 5.9, Diff: 0.8, Sum: 41.8]
      [Termination (ms): Min: 0.0, Avg: 0.7, Max: 0.9, Diff: 0.9, Sum: 5.8]
         [Termination Attempts: Min: 1, Avg: 1.0, Max: 1, Diff: 0, Sum: 8]
      [GC Worker Other (ms): Min: 0.0, Avg: 0.0, Max: 0.0, Diff: 0.0, Sum: 0.0]
      [GC Worker Total (ms): Min: 7.3, Avg: 7.5, Max: 7.6, Diff: 0.3, Sum: 59.8]
      [GC Worker End (ms): Min: 50703.3, Avg: 50703.3, Max: 50703.4, Diff: 0.1]
   [Code Root Fixup: 0.0 ms]
   [Code Root Purge: 0.0 ms]
   [Clear CT: 0.4 ms]
   [Other: 3.2 ms]
      [Choose CSet: 0.1 ms]
      [Ref Proc: 2.2 ms]
      [Ref Enq: 0.0 ms]
      [Redirty Cards: 0.4 ms]
      [Humongous Register: 0.1 ms]
      [Humongous Reclaim: 0.1 ms]
      [Free CSet: 0.2 ms]
   [Eden: 92160.0K(92160.0K)->0.0B(271.0M) Survivors: 12288.0K->13312.0K Heap: 760.0M(2048.0M)->511.7M(2048.0M)]
 [Times: user=0.08 sys=0.00, real=0.01 secs] 
2021-01-22T00:59:17.708+0800: 50.744: [GC pause (G1 Evacuation Pause) (young), 0.0151447 secs]
   [Parallel Time: 12.0 ms, GC Workers: 8]
      [GC Worker Start (ms): Min: 50744.4, Avg: 50744.5, Max: 50744.7, Diff: 0.3]
      [Ext Root Scanning (ms): Min: 0.0, Avg: 0.1, Max: 0.2, Diff: 0.2, Sum: 0.5]
      [Update RS (ms): Min: 4.4, Avg: 4.5, Max: 4.5, Diff: 0.1, Sum: 35.6]
         [Processed Buffers: Min: 64, Avg: 66.4, Max: 68, Diff: 4, Sum: 531]
      [Scan RS (ms): Min: 0.0, Avg: 0.0, Max: 0.0, Diff: 0.0, Sum: 0.2]
      [Code Root Scanning (ms): Min: 0.0, Avg: 0.0, Max: 0.0, Diff: 0.0, Sum: 0.0]
      [Object Copy (ms): Min: 7.2, Avg: 7.2, Max: 7.2, Diff: 0.0, Sum: 57.4]
      [Termination (ms): Min: 0.0, Avg: 0.0, Max: 0.1, Diff: 0.1, Sum: 0.4]
         [Termination Attempts: Min: 1, Avg: 1.0, Max: 1, Diff: 0, Sum: 8]
      [GC Worker Other (ms): Min: 0.0, Avg: 0.0, Max: 0.0, Diff: 0.0, Sum: 0.1]
      [GC Worker Total (ms): Min: 11.6, Avg: 11.8, Max: 11.9, Diff: 0.3, Sum: 94.2]
      [GC Worker End (ms): Min: 50756.3, Avg: 50756.3, Max: 50756.3, Diff: 0.0]
   [Code Root Fixup: 0.0 ms]
   [Code Root Purge: 0.0 ms]
   [Clear CT: 0.8 ms]
   [Other: 2.3 ms]
      [Choose CSet: 0.0 ms]
      [Ref Proc: 0.7 ms]
      [Ref Enq: 0.0 ms]
      [Redirty Cards: 1.0 ms]
      [Humongous Register: 0.1 ms]
      [Humongous Reclaim: 0.2 ms]
      [Free CSet: 0.2 ms]
   [Eden: 271.0M(271.0M)->0.0B(314.0M) Survivors: 13312.0K->36864.0K Heap: 847.9M(2048.0M)->581.4M(2048.0M)]
 [Times: user=0.10 sys=0.00, real=0.01 secs] 
2021-01-22T00:59:17.770+0800: 50.806: [GC pause (G1 Evacuation Pause) (young), 0.0196784 secs]
   [Parallel Time: 16.1 ms, GC Workers: 8]
      [GC Worker Start (ms): Min: 50806.2, Avg: 50806.4, Max: 50806.6, Diff: 0.4]
      [Ext Root Scanning (ms): Min: 0.0, Avg: 0.1, Max: 0.2, Diff: 0.2, Sum: 0.5]
      [Update RS (ms): Min: 5.2, Avg: 5.3, Max: 5.4, Diff: 0.1, Sum: 42.4]
         [Processed Buffers: Min: 80, Avg: 81.0, Max: 83, Diff: 3, Sum: 648]
      [Scan RS (ms): Min: 0.0, Avg: 0.0, Max: 0.1, Diff: 0.0, Sum: 0.3]
      [Code Root Scanning (ms): Min: 0.0, Avg: 0.0, Max: 0.0, Diff: 0.0, Sum: 0.0]
      [Object Copy (ms): Min: 10.0, Avg: 10.0, Max: 10.1, Diff: 0.1, Sum: 80.2]
      [Termination (ms): Min: 0.0, Avg: 0.1, Max: 0.1, Diff: 0.1, Sum: 0.5]
         [Termination Attempts: Min: 1, Avg: 1.0, Max: 1, Diff: 0, Sum: 8]
      [GC Worker Other (ms): Min: 0.0, Avg: 0.0, Max: 0.1, Diff: 0.1, Sum: 0.4]
      [GC Worker Total (ms): Min: 15.4, Avg: 15.5, Max: 15.7, Diff: 0.3, Sum: 124.3]
      [GC Worker End (ms): Min: 50821.9, Avg: 50821.9, Max: 50822.0, Diff: 0.1]
   [Code Root Fixup: 0.0 ms]
   [Code Root Purge: 0.0 ms]
   [Clear CT: 1.0 ms]
   [Other: 2.5 ms]
      [Choose CSet: 0.0 ms]
      [Ref Proc: 0.8 ms]
      [Ref Enq: 0.0 ms]
      [Redirty Cards: 1.1 ms]
      [Humongous Register: 0.1 ms]
      [Humongous Reclaim: 0.2 ms]
      [Free CSet: 0.2 ms]
   [Eden: 314.0M(314.0M)->0.0B(421.0M) Survivors: 36864.0K->45056.0K Heap: 975.2M(2048.0M)->660.7M(2048.0M)]
 [Times: user=0.12 sys=0.01, real=0.02 secs] 
2021-01-22T00:59:17.857+0800: 50.892: [GC pause (G1 Evacuation Pause) (young), 0.0250843 secs]
   [Parallel Time: 21.7 ms, GC Workers: 8]
      [GC Worker Start (ms): Min: 50892.7, Avg: 50892.9, Max: 50893.1, Diff: 0.4]
      [Ext Root Scanning (ms): Min: 0.0, Avg: 0.0, Max: 0.2, Diff: 0.2, Sum: 0.4]
      [Update RS (ms): Min: 7.9, Avg: 8.3, Max: 9.9, Diff: 2.0, Sum: 66.2]
         [Processed Buffers: Min: 114, Avg: 121.0, Max: 124, Diff: 10, Sum: 968]
      [Scan RS (ms): Min: 0.0, Avg: 0.1, Max: 0.4, Diff: 0.3, Sum: 0.9]
      [Code Root Scanning (ms): Min: 0.0, Avg: 0.0, Max: 0.0, Diff: 0.0, Sum: 0.0]
      [Object Copy (ms): Min: 10.1, Avg: 12.2, Max: 13.2, Diff: 3.1, Sum: 97.5]
      [Termination (ms): Min: 0.0, Avg: 0.7, Max: 0.9, Diff: 0.9, Sum: 5.7]
         [Termination Attempts: Min: 1, Avg: 1.0, Max: 1, Diff: 0, Sum: 8]
      [GC Worker Other (ms): Min: 0.0, Avg: 0.0, Max: 0.0, Diff: 0.0, Sum: 0.1]
      [GC Worker Total (ms): Min: 21.2, Avg: 21.3, Max: 21.5, Diff: 0.4, Sum: 170.7]
      [GC Worker End (ms): Min: 50914.3, Avg: 50914.3, Max: 50914.3, Diff: 0.0]
   [Code Root Fixup: 0.0 ms]
   [Code Root Purge: 0.0 ms]
   [Clear CT: 0.9 ms]
   [Other: 2.6 ms]
      [Choose CSet: 0.0 ms]
      [Ref Proc: 1.0 ms]
      [Ref Enq: 0.0 ms]
      [Redirty Cards: 0.9 ms]
      [Humongous Register: 0.2 ms]
      [Humongous Reclaim: 0.2 ms]
      [Free CSet: 0.2 ms]
   [Eden: 421.0M(421.0M)->0.0B(315.0M) Survivors: 45056.0K->60416.0K Heap: 1201.4M(2048.0M)->745.4M(2048.0M)]
 [Times: user=0.17 sys=0.00, real=0.03 secs] 
2021-01-22T00:59:17.932+0800: 50.968: [GC pause (G1 Evacuation Pause) (young), 0.0243459 secs]
   [Parallel Time: 20.9 ms, GC Workers: 8]
      [GC Worker Start (ms): Min: 50968.0, Avg: 50968.2, Max: 50968.4, Diff: 0.4]
      [Ext Root Scanning (ms): Min: 0.0, Avg: 0.1, Max: 0.2, Diff: 0.2, Sum: 0.6]
      [Update RS (ms): Min: 5.8, Avg: 5.9, Max: 6.0, Diff: 0.2, Sum: 47.2]
         [Processed Buffers: Min: 86, Avg: 89.0, Max: 91, Diff: 5, Sum: 712]
      [Scan RS (ms): Min: 0.0, Avg: 0.0, Max: 0.1, Diff: 0.0, Sum: 0.3]
      [Code Root Scanning (ms): Min: 0.0, Avg: 0.0, Max: 0.0, Diff: 0.0, Sum: 0.0]
      [Object Copy (ms): Min: 12.0, Avg: 12.3, Max: 14.0, Diff: 2.0, Sum: 98.3]
      [Termination (ms): Min: 0.0, Avg: 1.7, Max: 2.0, Diff: 2.0, Sum: 13.6]
         [Termination Attempts: Min: 1, Avg: 1.0, Max: 1, Diff: 0, Sum: 8]
      [GC Worker Other (ms): Min: 0.0, Avg: 0.0, Max: 0.0, Diff: 0.0, Sum: 0.1]
      [GC Worker Total (ms): Min: 19.8, Avg: 20.0, Max: 20.3, Diff: 0.5, Sum: 160.1]
      [GC Worker End (ms): Min: 50988.2, Avg: 50988.3, Max: 50988.3, Diff: 0.0]
   [Code Root Fixup: 0.0 ms]
   [Code Root Purge: 0.0 ms]
   [Clear CT: 1.4 ms]
   [Other: 2.0 ms]
      [Choose CSet: 0.0 ms]
      [Ref Proc: 0.5 ms]
      [Ref Enq: 0.0 ms]
      [Redirty Cards: 0.9 ms]
      [Humongous Register: 0.2 ms]
      [Humongous Reclaim: 0.2 ms]
      [Free CSet: 0.2 ms]
   [Eden: 315.0M(315.0M)->0.0B(460.0M) Survivors: 60416.0K->48128.0K Heap: 1148.1M(2048.0M)->820.6M(2048.0M)]
 [Times: user=0.17 sys=0.00, real=0.02 secs] 
2021-01-22T00:59:17.992+0800: 51.028: [GC pause (G1 Humongous Allocation) (young) (initial-mark), 0.0244185 secs]
   [Parallel Time: 15.8 ms, GC Workers: 8]
      [GC Worker Start (ms): Min: 51028.2, Avg: 51028.5, Max: 51028.7, Diff: 0.5]
      [Ext Root Scanning (ms): Min: 0.0, Avg: 0.4, Max: 0.7, Diff: 0.7, Sum: 3.6]
      [Update RS (ms): Min: 3.8, Avg: 4.3, Max: 7.2, Diff: 3.4, Sum: 34.7]
         [Processed Buffers: Min: 32, Avg: 56.4, Max: 62, Diff: 30, Sum: 451]
      [Scan RS (ms): Min: 0.0, Avg: 0.0, Max: 0.1, Diff: 0.1, Sum: 0.3]
      [Code Root Scanning (ms): Min: 0.0, Avg: 0.0, Max: 0.0, Diff: 0.0, Sum: 0.0]
      [Object Copy (ms): Min: 6.2, Avg: 9.3, Max: 10.6, Diff: 4.4, Sum: 74.1]
      [Termination (ms): Min: 0.0, Avg: 0.9, Max: 1.2, Diff: 1.2, Sum: 7.5]
         [Termination Attempts: Min: 1, Avg: 1.0, Max: 1, Diff: 0, Sum: 8]
      [GC Worker Other (ms): Min: 0.0, Avg: 0.0, Max: 0.0, Diff: 0.0, Sum: 0.1]
      [GC Worker Total (ms): Min: 14.8, Avg: 15.0, Max: 15.3, Diff: 0.5, Sum: 120.3]
      [GC Worker End (ms): Min: 51043.5, Avg: 51043.5, Max: 51043.5, Diff: 0.0]
   [Code Root Fixup: 0.0 ms]
   [Code Root Purge: 0.0 ms]
   [Clear CT: 1.0 ms]
   [Other: 7.6 ms]
      [Choose CSet: 0.0 ms]
      [Ref Proc: 5.7 ms]
      [Ref Enq: 0.0 ms]
      [Redirty Cards: 1.1 ms]
      [Humongous Register: 0.1 ms]
      [Humongous Reclaim: 0.1 ms]
      [Free CSet: 0.2 ms]
   [Eden: 224.0M(460.0M)->0.0B(633.0M) Survivors: 48128.0K->65536.0K Heap: 1099.6M(2048.0M)->879.1M(2048.0M)]
 [Times: user=0.16 sys=0.01, real=0.02 secs] 
2021-01-22T00:59:18.017+0800: 51.053: [GC concurrent-root-region-scan-start]
2021-01-22T00:59:18.018+0800: 51.054: [GC concurrent-root-region-scan-end, 0.0002933 secs]
2021-01-22T00:59:18.018+0800: 51.054: [GC concurrent-mark-start]
2021-01-22T00:59:18.021+0800: 51.057: [GC concurrent-mark-end, 0.0031306 secs]
2021-01-22T00:59:18.021+0800: 51.057: [GC remark 2021-01-22T00:59:18.022+0800: 51.058: [Finalize Marking, 0.0024375 secs] 2021-01-22T00:59:18.024+0800: 51.060: [GC ref-proc, 0.0005189 secs] 2021-01-22T00:59:18.025+0800: 51.061: [Unloading, 0.0017577 secs], 0.0072027 secs]
 [Times: user=0.01 sys=0.00, real=0.01 secs] 
2021-01-22T00:59:18.029+0800: 51.065: [GC cleanup 911M->711M(2048M), 0.0037620 secs]
 [Times: user=0.01 sys=0.00, real=0.00 secs] 
2021-01-22T00:59:18.034+0800: 51.070: [GC concurrent-cleanup-start]
2021-01-22T00:59:18.034+0800: 51.070: [GC concurrent-cleanup-end, 0.0001718 secs]
2021-01-22T00:59:18.141+0800: 51.177: [GC pause (G1 Evacuation Pause) (young), 0.0333063 secs]
   [Parallel Time: 28.3 ms, GC Workers: 8]
      [GC Worker Start (ms): Min: 51177.7, Avg: 51178.1, Max: 51178.7, Diff: 1.0]
      [Ext Root Scanning (ms): Min: 0.0, Avg: 0.1, Max: 0.2, Diff: 0.2, Sum: 0.6]
      [Update RS (ms): Min: 10.2, Avg: 10.7, Max: 11.0, Diff: 0.8, Sum: 85.4]
         [Processed Buffers: Min: 138, Avg: 157.8, Max: 170, Diff: 32, Sum: 1262]
      [Scan RS (ms): Min: 0.1, Avg: 0.1, Max: 0.1, Diff: 0.0, Sum: 0.9]
      [Code Root Scanning (ms): Min: 0.0, Avg: 0.0, Max: 0.0, Diff: 0.0, Sum: 0.0]
      [Object Copy (ms): Min: 16.2, Avg: 16.2, Max: 16.3, Diff: 0.1, Sum: 130.0]
      [Termination (ms): Min: 0.0, Avg: 0.1, Max: 0.1, Diff: 0.1, Sum: 0.5]
         [Termination Attempts: Min: 1, Avg: 1.1, Max: 2, Diff: 1, Sum: 9]
      [GC Worker Other (ms): Min: 0.0, Avg: 0.0, Max: 0.1, Diff: 0.1, Sum: 0.4]
      [GC Worker Total (ms): Min: 26.6, Avg: 27.2, Max: 27.6, Diff: 1.0, Sum: 217.7]
      [GC Worker End (ms): Min: 51205.3, Avg: 51205.3, Max: 51205.4, Diff: 0.1]
   [Code Root Fixup: 0.0 ms]
   [Code Root Purge: 0.0 ms]
   [Clear CT: 1.1 ms]
   [Other: 3.9 ms]
      [Choose CSet: 0.0 ms]
      [Ref Proc: 1.0 ms]
      [Ref Enq: 0.0 ms]
      [Redirty Cards: 1.2 ms]
      [Humongous Register: 0.5 ms]
      [Humongous Reclaim: 0.5 ms]
      [Free CSet: 0.5 ms]
   [Eden: 633.0M(633.0M)->0.0B(14336.0K) Survivors: 65536.0K->90112.0K Heap: 1468.6M(2048.0M)->797.4M(2048.0M)]
 [Times: user=0.23 sys=0.00, real=0.03 secs] 
2021-01-22T00:59:18.178+0800: 51.214: [GC pause (G1 Evacuation Pause) (mixed), 0.0125984 secs]
   [Parallel Time: 9.4 ms, GC Workers: 8]
      [GC Worker Start (ms): Min: 51214.3, Avg: 51214.5, Max: 51214.6, Diff: 0.3]
      [Ext Root Scanning (ms): Min: 0.0, Avg: 0.1, Max: 0.2, Diff: 0.2, Sum: 0.7]
      [Update RS (ms): Min: 0.2, Avg: 0.3, Max: 0.3, Diff: 0.1, Sum: 2.0]
         [Processed Buffers: Min: 4, Avg: 5.0, Max: 6, Diff: 2, Sum: 40]
      [Scan RS (ms): Min: 0.0, Avg: 0.1, Max: 0.2, Diff: 0.1, Sum: 0.6]
      [Code Root Scanning (ms): Min: 0.0, Avg: 0.0, Max: 0.1, Diff: 0.1, Sum: 0.1]
      [Object Copy (ms): Min: 8.5, Avg: 8.6, Max: 8.7, Diff: 0.2, Sum: 68.9]
      [Termination (ms): Min: 0.0, Avg: 0.0, Max: 0.1, Diff: 0.1, Sum: 0.2]
         [Termination Attempts: Min: 1, Avg: 1.0, Max: 1, Diff: 0, Sum: 8]
      [GC Worker Other (ms): Min: 0.0, Avg: 0.0, Max: 0.0, Diff: 0.0, Sum: 0.1]
      [GC Worker Total (ms): Min: 9.0, Avg: 9.1, Max: 9.2, Diff: 0.3, Sum: 72.6]
      [GC Worker End (ms): Min: 51223.5, Avg: 51223.5, Max: 51223.6, Diff: 0.0]
   [Code Root Fixup: 0.0 ms]
   [Code Root Purge: 0.0 ms]
   [Clear CT: 1.0 ms]
   [Other: 2.2 ms]
      [Choose CSet: 0.1 ms]
      [Ref Proc: 0.7 ms]
      [Ref Enq: 0.0 ms]
      [Redirty Cards: 1.0 ms]
      [Humongous Register: 0.1 ms]
      [Humongous Reclaim: 0.1 ms]
      [Free CSet: 0.2 ms]
   [Eden: 14336.0K(14336.0K)->0.0B(98304.0K) Survivors: 90112.0K->6144.0K Heap: 815.2M(2048.0M)->604.5M(2048.0M)]
 [Times: user=0.07 sys=0.00, real=0.02 secs] 
2021-01-22T00:59:18.204+0800: 51.240: [GC pause (G1 Evacuation Pause) (mixed), 0.0091969 secs]
   [Parallel Time: 6.0 ms, GC Workers: 8]
      [GC Worker Start (ms): Min: 51240.1, Avg: 51240.3, Max: 51240.4, Diff: 0.3]
      [Ext Root Scanning (ms): Min: 0.0, Avg: 0.1, Max: 0.2, Diff: 0.2, Sum: 0.5]
      [Update RS (ms): Min: 1.6, Avg: 1.7, Max: 1.7, Diff: 0.1, Sum: 13.5]
         [Processed Buffers: Min: 17, Avg: 23.8, Max: 26, Diff: 9, Sum: 190]
      [Scan RS (ms): Min: 0.0, Avg: 0.0, Max: 0.1, Diff: 0.1, Sum: 0.2]
      [Code Root Scanning (ms): Min: 0.0, Avg: 0.0, Max: 0.0, Diff: 0.0, Sum: 0.0]
      [Object Copy (ms): Min: 3.2, Avg: 3.3, Max: 3.3, Diff: 0.1, Sum: 26.4]
      [Termination (ms): Min: 0.0, Avg: 0.1, Max: 0.1, Diff: 0.1, Sum: 0.4]
         [Termination Attempts: Min: 1, Avg: 1.0, Max: 1, Diff: 0, Sum: 8]
      [GC Worker Other (ms): Min: 0.0, Avg: 0.0, Max: 0.1, Diff: 0.1, Sum: 0.3]
      [GC Worker Total (ms): Min: 5.0, Avg: 5.2, Max: 5.3, Diff: 0.3, Sum: 41.3]
      [GC Worker End (ms): Min: 51245.4, Avg: 51245.4, Max: 51245.5, Diff: 0.1]
   [Code Root Fixup: 0.0 ms]
   [Code Root Purge: 0.0 ms]
   [Clear CT: 1.4 ms]
   [Other: 1.8 ms]
      [Choose CSet: 0.0 ms]
      [Ref Proc: 0.4 ms]
      [Ref Enq: 0.0 ms]
      [Redirty Cards: 0.9 ms]
      [Humongous Register: 0.1 ms]
      [Humongous Reclaim: 0.1 ms]
      [Free CSet: 0.1 ms]
   [Eden: 98304.0K(98304.0K)->0.0B(911.0M) Survivors: 6144.0K->13312.0K Heap: 723.1M(2048.0M)->614.5M(2048.0M)]
 [Times: user=0.05 sys=0.00, real=0.01 secs] 
2021-01-22T00:59:18.311+0800: 51.347: [GC pause (G1 Humongous Allocation) (young) (initial-mark), 0.0284765 secs]
   [Parallel Time: 25.3 ms, GC Workers: 8]
      [GC Worker Start (ms): Min: 51347.5, Avg: 51347.7, Max: 51347.8, Diff: 0.3]
      [Ext Root Scanning (ms): Min: 0.0, Avg: 0.4, Max: 0.6, Diff: 0.6, Sum: 3.2]
      [Update RS (ms): Min: 11.0, Avg: 11.1, Max: 11.3, Diff: 0.3, Sum: 89.1]
         [Processed Buffers: Min: 164, Avg: 168.4, Max: 175, Diff: 11, Sum: 1347]
      [Scan RS (ms): Min: 0.1, Avg: 0.1, Max: 0.1, Diff: 0.0, Sum: 0.7]
      [Code Root Scanning (ms): Min: 0.0, Avg: 0.0, Max: 0.0, Diff: 0.0, Sum: 0.0]
      [Object Copy (ms): Min: 12.9, Avg: 12.9, Max: 13.0, Diff: 0.1, Sum: 103.4]
      [Termination (ms): Min: 0.0, Avg: 0.1, Max: 0.1, Diff: 0.1, Sum: 0.5]
         [Termination Attempts: Min: 1, Avg: 1.1, Max: 2, Diff: 1, Sum: 9]
      [GC Worker Other (ms): Min: 0.0, Avg: 0.1, Max: 0.2, Diff: 0.2, Sum: 0.5]
      [GC Worker Total (ms): Min: 24.5, Avg: 24.7, Max: 24.9, Diff: 0.4, Sum: 197.4]
      [GC Worker End (ms): Min: 51372.3, Avg: 51372.3, Max: 51372.5, Diff: 0.2]
   [Code Root Fixup: 0.0 ms]
   [Code Root Purge: 0.0 ms]
   [Clear CT: 0.9 ms]
   [Other: 2.2 ms]
      [Choose CSet: 0.0 ms]
      [Ref Proc: 0.6 ms]
      [Ref Enq: 0.0 ms]
      [Redirty Cards: 0.9 ms]
      [Humongous Register: 0.1 ms]
      [Humongous Reclaim: 0.2 ms]
      [Free CSet: 0.3 ms]
   [Eden: 685.0M(911.0M)->0.0B(806.0M) Survivors: 13312.0K->116.0M Heap: 1466.3M(2048.0M)->758.5M(2048.0M)]
 [Times: user=0.20 sys=0.00, real=0.03 secs] 
2021-01-22T00:59:18.341+0800: 51.376: [GC concurrent-root-region-scan-start]
2021-01-22T00:59:18.341+0800: 51.377: [GC concurrent-root-region-scan-end, 0.0003026 secs]
2021-01-22T00:59:18.341+0800: 51.377: [GC concurrent-mark-start]
2021-01-22T00:59:18.343+0800: 51.379: [GC concurrent-mark-end, 0.0024723 secs]
2021-01-22T00:59:18.344+0800: 51.379: [GC remark 2021-01-22T00:59:18.344+0800: 51.380: [Finalize Marking, 0.0014392 secs] 2021-01-22T00:59:18.346+0800: 51.382: [GC ref-proc, 0.0004834 secs] 2021-01-22T00:59:18.346+0800: 51.382: [Unloading, 0.0013840 secs], 0.0058620 secs]
 [Times: user=0.02 sys=0.00, real=0.01 secs] 
2021-01-22T00:59:18.350+0800: 51.386: [GC cleanup 784M->655M(2048M), 0.0036090 secs]
 [Times: user=0.01 sys=0.00, real=0.00 secs] 
2021-01-22T00:59:18.354+0800: 51.390: [GC concurrent-cleanup-start]
2021-01-22T00:59:18.355+0800: 51.390: [GC concurrent-cleanup-end, 0.0001229 secs]
2021-01-22T00:59:18.467+0800: 51.503: [GC pause (G1 Evacuation Pause) (young), 0.0373322 secs]
   [Parallel Time: 33.2 ms, GC Workers: 8]
      [GC Worker Start (ms): Min: 51503.5, Avg: 51503.8, Max: 51503.9, Diff: 0.4]
      [Ext Root Scanning (ms): Min: 0.0, Avg: 0.1, Max: 0.2, Diff: 0.2, Sum: 0.5]
      [Update RS (ms): Min: 14.3, Avg: 14.4, Max: 14.5, Diff: 0.1, Sum: 115.3]
         [Processed Buffers: Min: 211, Avg: 216.4, Max: 222, Diff: 11, Sum: 1731]
      [Scan RS (ms): Min: 0.1, Avg: 0.1, Max: 0.2, Diff: 0.1, Sum: 1.0]
      [Code Root Scanning (ms): Min: 0.0, Avg: 0.0, Max: 0.0, Diff: 0.0, Sum: 0.0]
      [Object Copy (ms): Min: 17.5, Avg: 17.5, Max: 17.7, Diff: 0.3, Sum: 140.3]
      [Termination (ms): Min: 0.0, Avg: 0.2, Max: 0.3, Diff: 0.3, Sum: 1.7]
         [Termination Attempts: Min: 1, Avg: 1.0, Max: 1, Diff: 0, Sum: 8]
      [GC Worker Other (ms): Min: 0.0, Avg: 0.1, Max: 0.3, Diff: 0.3, Sum: 0.7]
      [GC Worker Total (ms): Min: 32.2, Avg: 32.4, Max: 32.7, Diff: 0.5, Sum: 259.6]
      [GC Worker End (ms): Min: 51536.1, Avg: 51536.2, Max: 51536.4, Diff: 0.3]
   [Code Root Fixup: 0.0 ms]
   [Code Root Purge: 0.0 ms]
   [Clear CT: 1.1 ms]
   [Other: 3.0 ms]
      [Choose CSet: 0.0 ms]
      [Ref Proc: 0.6 ms]
      [Ref Enq: 0.0 ms]
      [Redirty Cards: 1.5 ms]
      [Humongous Register: 0.2 ms]
      [Humongous Reclaim: 0.2 ms]
      [Free CSet: 0.4 ms]
   [Eden: 806.0M(806.0M)->0.0B(7168.0K) Survivors: 116.0M->116.0M Heap: 1650.6M(2048.0M)->734.5M(2048.0M)]
 [Times: user=0.27 sys=0.00, real=0.04 secs] 
2021-01-22T00:59:18.507+0800: 51.542: [GC pause (G1 Evacuation Pause) (mixed), 0.0147086 secs]
   [Parallel Time: 11.5 ms, GC Workers: 8]
      [GC Worker Start (ms): Min: 51542.7, Avg: 51542.9, Max: 51543.1, Diff: 0.3]
      [Ext Root Scanning (ms): Min: 0.0, Avg: 0.1, Max: 0.2, Diff: 0.2, Sum: 0.6]
      [Update RS (ms): Min: 0.1, Avg: 0.2, Max: 0.3, Diff: 0.1, Sum: 1.6]
         [Processed Buffers: Min: 2, Avg: 3.0, Max: 4, Diff: 2, Sum: 24]
      [Scan RS (ms): Min: 0.0, Avg: 0.1, Max: 0.1, Diff: 0.1, Sum: 0.6]
      [Code Root Scanning (ms): Min: 0.0, Avg: 0.0, Max: 0.0, Diff: 0.0, Sum: 0.0]
      [Object Copy (ms): Min: 10.4, Avg: 10.4, Max: 10.4, Diff: 0.1, Sum: 83.1]
      [Termination (ms): Min: 0.0, Avg: 0.1, Max: 0.1, Diff: 0.1, Sum: 0.5]
         [Termination Attempts: Min: 1, Avg: 1.6, Max: 3, Diff: 2, Sum: 13]
      [GC Worker Other (ms): Min: 0.0, Avg: 0.0, Max: 0.0, Diff: 0.0, Sum: 0.1]
      [GC Worker Total (ms): Min: 10.7, Avg: 10.8, Max: 11.0, Diff: 0.3, Sum: 86.5]
      [GC Worker End (ms): Min: 51553.7, Avg: 51553.7, Max: 51553.8, Diff: 0.0]
   [Code Root Fixup: 0.0 ms]
   [Code Root Purge: 0.0 ms]
   [Clear CT: 1.2 ms]
   [Other: 1.9 ms]
      [Choose CSet: 0.1 ms]
      [Ref Proc: 0.5 ms]
      [Ref Enq: 0.0 ms]
      [Redirty Cards: 0.9 ms]
      [Humongous Register: 0.1 ms]
      [Humongous Reclaim: 0.0 ms]
      [Free CSet: 0.2 ms]
   [Eden: 7168.0K(7168.0K)->0.0B(482.0M) Survivors: 116.0M->3072.0K Heap: 743.3M(2048.0M)->569.0M(2048.0M)]
 [Times: user=0.10 sys=0.00, real=0.02 secs] 
2021-01-22T00:59:18.589+0800: 51.625: [GC pause (G1 Evacuation Pause) (young), 0.0240258 secs]
   [Parallel Time: 19.9 ms, GC Workers: 8]
      [GC Worker Start (ms): Min: 51625.5, Avg: 51625.8, Max: 51626.7, Diff: 1.2]
      [Ext Root Scanning (ms): Min: 0.0, Avg: 0.1, Max: 0.2, Diff: 0.2, Sum: 0.5]
      [Update RS (ms): Min: 8.6, Avg: 9.4, Max: 9.6, Diff: 1.0, Sum: 75.5]
         [Processed Buffers: Min: 132, Avg: 141.0, Max: 150, Diff: 18, Sum: 1128]
      [Scan RS (ms): Min: 0.0, Avg: 0.1, Max: 0.1, Diff: 0.0, Sum: 0.4]
      [Code Root Scanning (ms): Min: 0.0, Avg: 0.0, Max: 0.0, Diff: 0.0, Sum: 0.0]
      [Object Copy (ms): Min: 9.5, Avg: 9.5, Max: 9.5, Diff: 0.0, Sum: 76.1]
      [Termination (ms): Min: 0.0, Avg: 0.0, Max: 0.1, Diff: 0.1, Sum: 0.2]
         [Termination Attempts: Min: 1, Avg: 1.0, Max: 1, Diff: 0, Sum: 8]
      [GC Worker Other (ms): Min: 0.0, Avg: 0.1, Max: 0.2, Diff: 0.2, Sum: 0.4]
      [GC Worker Total (ms): Min: 18.2, Avg: 19.1, Max: 19.5, Diff: 1.2, Sum: 153.2]
      [GC Worker End (ms): Min: 51644.9, Avg: 51644.9, Max: 51645.1, Diff: 0.2]
   [Code Root Fixup: 0.0 ms]
   [Code Root Purge: 0.0 ms]
   [Clear CT: 1.6 ms]
   [Other: 2.5 ms]
      [Choose CSet: 0.0 ms]
      [Ref Proc: 0.5 ms]
      [Ref Enq: 0.0 ms]
      [Redirty Cards: 1.2 ms]
      [Humongous Register: 0.2 ms]
      [Humongous Reclaim: 0.2 ms]
      [Free CSet: 0.2 ms]
   [Eden: 482.0M(482.0M)->0.0B(533.0M) Survivors: 3072.0K->62464.0K Heap: 1190.8M(2048.0M)->686.7M(2048.0M)]
 [Times: user=0.16 sys=0.00, real=0.02 secs] 
2021-01-22T00:59:18.692+0800: 51.728: [GC pause (G1 Evacuation Pause) (young), 0.0286374 secs]
   [Parallel Time: 24.7 ms, GC Workers: 8]
      [GC Worker Start (ms): Min: 51727.9, Avg: 51728.1, Max: 51728.2, Diff: 0.3]
      [Ext Root Scanning (ms): Min: 0.0, Avg: 0.1, Max: 0.2, Diff: 0.2, Sum: 0.5]
      [Update RS (ms): Min: 10.2, Avg: 10.5, Max: 12.6, Diff: 2.5, Sum: 84.2]
         [Processed Buffers: Min: 116, Avg: 146.0, Max: 160, Diff: 44, Sum: 1168]
      [Scan RS (ms): Min: 0.1, Avg: 0.1, Max: 0.4, Diff: 0.3, Sum: 0.9]
      [Code Root Scanning (ms): Min: 0.0, Avg: 0.0, Max: 0.0, Diff: 0.0, Sum: 0.0]
      [Object Copy (ms): Min: 10.8, Avg: 13.3, Max: 13.7, Diff: 2.8, Sum: 106.2]
      [Termination (ms): Min: 0.0, Avg: 0.0, Max: 0.1, Diff: 0.1, Sum: 0.4]
         [Termination Attempts: Min: 1, Avg: 1.0, Max: 1, Diff: 0, Sum: 8]
      [GC Worker Other (ms): Min: 0.0, Avg: 0.1, Max: 0.2, Diff: 0.2, Sum: 0.5]
      [GC Worker Total (ms): Min: 23.9, Avg: 24.1, Max: 24.3, Diff: 0.4, Sum: 192.8]
      [GC Worker End (ms): Min: 51752.1, Avg: 51752.2, Max: 51752.3, Diff: 0.2]
   [Code Root Fixup: 0.0 ms]
   [Code Root Purge: 0.0 ms]
   [Clear CT: 1.0 ms]
   [Other: 2.9 ms]
      [Choose CSet: 0.0 ms]
      [Ref Proc: 0.9 ms]
      [Ref Enq: 0.0 ms]
      [Redirty Cards: 1.2 ms]
      [Humongous Register: 0.2 ms]
      [Humongous Reclaim: 0.3 ms]
      [Free CSet: 0.3 ms]
   [Eden: 533.0M(533.0M)->0.0B(546.0M) Survivors: 62464.0K->76800.0K Heap: 1364.4M(2048.0M)->792.6M(2048.0M)]
 [Times: user=0.20 sys=0.01, real=0.03 secs] 
2021-01-22T00:59:18.773+0800: 51.808: [GC pause (G1 Humongous Allocation) (young) (initial-mark), 0.0230777 secs]
   [Parallel Time: 20.0 ms, GC Workers: 8]
      [GC Worker Start (ms): Min: 51808.9, Avg: 51809.0, Max: 51809.2, Diff: 0.4]
      [Ext Root Scanning (ms): Min: 0.0, Avg: 0.5, Max: 1.1, Diff: 1.1, Sum: 3.9]
      [Update RS (ms): Min: 6.1, Avg: 6.7, Max: 7.0, Diff: 0.9, Sum: 53.9]
         [Processed Buffers: Min: 23, Avg: 91.1, Max: 110, Diff: 87, Sum: 729]
      [Scan RS (ms): Min: 0.0, Avg: 0.0, Max: 0.1, Diff: 0.1, Sum: 0.3]
      [Code Root Scanning (ms): Min: 0.0, Avg: 0.0, Max: 0.0, Diff: 0.0, Sum: 0.0]
      [Object Copy (ms): Min: 11.3, Avg: 11.5, Max: 11.9, Diff: 0.6, Sum: 92.0]
      [Termination (ms): Min: 0.0, Avg: 0.4, Max: 0.6, Diff: 0.6, Sum: 3.1]
         [Termination Attempts: Min: 1, Avg: 1.0, Max: 1, Diff: 0, Sum: 8]
      [GC Worker Other (ms): Min: 0.0, Avg: 0.0, Max: 0.0, Diff: 0.0, Sum: 0.1]
      [GC Worker Total (ms): Min: 18.9, Avg: 19.2, Max: 19.3, Diff: 0.4, Sum: 153.3]
      [GC Worker End (ms): Min: 51828.2, Avg: 51828.2, Max: 51828.2, Diff: 0.0]
   [Code Root Fixup: 0.0 ms]
   [Code Root Purge: 0.0 ms]
   [Clear CT: 0.9 ms]
   [Other: 2.1 ms]
      [Choose CSet: 0.0 ms]
      [Ref Proc: 0.7 ms]
      [Ref Enq: 0.0 ms]
      [Redirty Cards: 0.8 ms]
      [Humongous Register: 0.1 ms]
      [Humongous Reclaim: 0.1 ms]
      [Free CSet: 0.2 ms]
   [Eden: 325.0M(546.0M)->0.0B(644.0M) Survivors: 76800.0K->79872.0K Heap: 1207.3M(2048.0M)->860.9M(2048.0M)]
 [Times: user=0.15 sys=0.00, real=0.02 secs] 
2021-01-22T00:59:18.796+0800: 51.832: [GC concurrent-root-region-scan-start]
2021-01-22T00:59:18.797+0800: 51.832: [GC concurrent-root-region-scan-end, 0.0002780 secs]
2021-01-22T00:59:18.797+0800: 51.832: [GC concurrent-mark-start]
2021-01-22T00:59:18.800+0800: 51.836: [GC concurrent-mark-end, 0.0032174 secs]
2021-01-22T00:59:18.800+0800: 51.836: [GC remark 2021-01-22T00:59:18.800+0800: 51.836: [Finalize Marking, 0.0008143 secs] 2021-01-22T00:59:18.801+0800: 51.837: [GC ref-proc, 0.0004225 secs] 2021-01-22T00:59:18.802+0800: 51.838: [Unloading, 0.0012230 secs], 0.0045660 secs]
 [Times: user=0.02 sys=0.00, real=0.00 secs] 
2021-01-22T00:59:18.805+0800: 51.841: [GC cleanup 889M->670M(2048M), 0.0034355 secs]
 [Times: user=0.00 sys=0.01, real=0.01 secs] 
2021-01-22T00:59:18.809+0800: 51.845: [GC concurrent-cleanup-start]
2021-01-22T00:59:18.809+0800: 51.845: [GC concurrent-cleanup-end, 0.0001420 secs]
2021-01-22T00:59:18.897+0800: 51.932: [GC pause (G1 Evacuation Pause) (young), 0.0305952 secs]
   [Parallel Time: 27.3 ms, GC Workers: 8]
      [GC Worker Start (ms): Min: 51932.8, Avg: 51932.9, Max: 51933.1, Diff: 0.3]
      [Ext Root Scanning (ms): Min: 0.0, Avg: 0.1, Max: 0.2, Diff: 0.2, Sum: 0.5]
      [Update RS (ms): Min: 11.8, Avg: 11.9, Max: 12.0, Diff: 0.1, Sum: 95.4]
         [Processed Buffers: Min: 175, Avg: 180.0, Max: 185, Diff: 10, Sum: 1440]
      [Scan RS (ms): Min: 0.1, Avg: 0.1, Max: 0.1, Diff: 0.0, Sum: 0.7]
      [Code Root Scanning (ms): Min: 0.0, Avg: 0.0, Max: 0.0, Diff: 0.0, Sum: 0.0]
      [Object Copy (ms): Min: 14.1, Avg: 14.2, Max: 14.2, Diff: 0.1, Sum: 113.3]
      [Termination (ms): Min: 0.0, Avg: 0.1, Max: 0.1, Diff: 0.1, Sum: 0.6]
         [Termination Attempts: Min: 1, Avg: 1.2, Max: 3, Diff: 2, Sum: 10]
      [GC Worker Other (ms): Min: 0.0, Avg: 0.0, Max: 0.2, Diff: 0.2, Sum: 0.4]
      [GC Worker Total (ms): Min: 26.3, Avg: 26.4, Max: 26.7, Diff: 0.4, Sum: 211.1]
      [GC Worker End (ms): Min: 51959.3, Avg: 51959.3, Max: 51959.5, Diff: 0.2]
   [Code Root Fixup: 0.0 ms]
   [Code Root Purge: 0.0 ms]
   [Clear CT: 0.8 ms]
   [Other: 2.6 ms]
      [Choose CSet: 0.0 ms]
      [Ref Proc: 0.7 ms]
      [Ref Enq: 0.0 ms]
      [Redirty Cards: 0.9 ms]
      [Humongous Register: 0.2 ms]
      [Humongous Reclaim: 0.3 ms]
      [Free CSet: 0.2 ms]
   [Eden: 644.0M(644.0M)->0.0B(11264.0K) Survivors: 79872.0K->93184.0K Heap: 1464.7M(2048.0M)->740.7M(2048.0M)]
 [Times: user=0.22 sys=0.00, real=0.03 secs] 
2021-01-22T00:59:18.930+0800: 51.966: [GC pause (G1 Evacuation Pause) (mixed), 0.0124982 secs]
   [Parallel Time: 9.7 ms, GC Workers: 8]
      [GC Worker Start (ms): Min: 51966.0, Avg: 51966.2, Max: 51966.3, Diff: 0.3]
      [Ext Root Scanning (ms): Min: 0.0, Avg: 0.1, Max: 0.2, Diff: 0.2, Sum: 0.5]
      [Update RS (ms): Min: 0.1, Avg: 0.2, Max: 0.2, Diff: 0.1, Sum: 1.4]
         [Processed Buffers: Min: 2, Avg: 3.0, Max: 4, Diff: 2, Sum: 24]
      [Scan RS (ms): Min: 0.0, Avg: 0.1, Max: 0.1, Diff: 0.1, Sum: 0.6]
      [Code Root Scanning (ms): Min: 0.0, Avg: 0.0, Max: 0.0, Diff: 0.0, Sum: 0.0]
      [Object Copy (ms): Min: 8.6, Avg: 8.6, Max: 8.7, Diff: 0.2, Sum: 68.8]
      [Termination (ms): Min: 0.0, Avg: 0.1, Max: 0.2, Diff: 0.2, Sum: 1.0]
         [Termination Attempts: Min: 1, Avg: 1.4, Max: 3, Diff: 2, Sum: 11]
      [GC Worker Other (ms): Min: 0.0, Avg: 0.0, Max: 0.0, Diff: 0.0, Sum: 0.1]
      [GC Worker Total (ms): Min: 8.9, Avg: 9.1, Max: 9.2, Diff: 0.3, Sum: 72.4]
      [GC Worker End (ms): Min: 51975.2, Avg: 51975.2, Max: 51975.3, Diff: 0.0]
   [Code Root Fixup: 0.0 ms]
   [Code Root Purge: 0.0 ms]
   [Clear CT: 0.9 ms]
   [Other: 1.8 ms]
      [Choose CSet: 0.1 ms]
      [Ref Proc: 0.5 ms]
      [Ref Enq: 0.0 ms]
      [Redirty Cards: 0.7 ms]
      [Humongous Register: 0.2 ms]
      [Humongous Reclaim: 0.0 ms]
      [Free CSet: 0.2 ms]
   [Eden: 11264.0K(11264.0K)->0.0B(955.0M) Survivors: 93184.0K->4096.0K Heap: 753.5M(2048.0M)->572.7M(2048.0M)]
 [Times: user=0.08 sys=0.00, real=0.01 secs] 
2021-01-22T00:59:19.044+0800: 52.080: [GC pause (G1 Humongous Allocation) (young) (initial-mark), 0.0311984 secs]
   [Parallel Time: 27.7 ms, GC Workers: 8]
      [GC Worker Start (ms): Min: 52080.5, Avg: 52080.6, Max: 52080.9, Diff: 0.4]
      [Ext Root Scanning (ms): Min: 0.0, Avg: 0.4, Max: 0.6, Diff: 0.6, Sum: 2.9]
      [Update RS (ms): Min: 12.7, Avg: 12.9, Max: 13.1, Diff: 0.3, Sum: 103.5]
         [Processed Buffers: Min: 69, Avg: 180.0, Max: 202, Diff: 133, Sum: 1440]
      [Scan RS (ms): Min: 0.1, Avg: 0.1, Max: 0.1, Diff: 0.1, Sum: 0.9]
      [Code Root Scanning (ms): Min: 0.0, Avg: 0.0, Max: 0.0, Diff: 0.0, Sum: 0.1]
      [Object Copy (ms): Min: 13.3, Avg: 13.4, Max: 13.4, Diff: 0.1, Sum: 107.0]
      [Termination (ms): Min: 0.0, Avg: 0.0, Max: 0.1, Diff: 0.1, Sum: 0.3]
         [Termination Attempts: Min: 1, Avg: 1.4, Max: 3, Diff: 2, Sum: 11]
      [GC Worker Other (ms): Min: 0.0, Avg: 0.0, Max: 0.1, Diff: 0.1, Sum: 0.2]
      [GC Worker Total (ms): Min: 26.7, Avg: 26.9, Max: 27.0, Diff: 0.3, Sum: 214.9]
      [GC Worker End (ms): Min: 52107.5, Avg: 52107.5, Max: 52107.6, Diff: 0.1]
   [Code Root Fixup: 0.0 ms]
   [Code Root Purge: 0.0 ms]
   [Clear CT: 0.9 ms]
   [Other: 2.6 ms]
      [Choose CSet: 0.0 ms]
      [Ref Proc: 0.5 ms]
      [Ref Enq: 0.0 ms]
      [Redirty Cards: 1.1 ms]
      [Humongous Register: 0.2 ms]
      [Humongous Reclaim: 0.3 ms]
      [Free CSet: 0.3 ms]
   [Eden: 728.0M(955.0M)->0.0B(848.0M) Survivors: 4096.0K->120.0M Heap: 1479.4M(2048.0M)->714.8M(2048.0M)]
 [Times: user=0.21 sys=0.00, real=0.03 secs] 
2021-01-22T00:59:19.076+0800: 52.112: [GC concurrent-root-region-scan-start]
2021-01-22T00:59:19.076+0800: 52.112: [GC concurrent-root-region-scan-end, 0.0003452 secs]
2021-01-22T00:59:19.076+0800: 52.112: [GC concurrent-mark-start]
2021-01-22T00:59:19.080+0800: 52.116: [GC concurrent-mark-end, 0.0036009 secs]
2021-01-22T00:59:19.080+0800: 52.116: [GC remark 2021-01-22T00:59:19.081+0800: 52.117: [Finalize Marking, 0.0010460 secs] 2021-01-22T00:59:19.082+0800: 52.118: [GC ref-proc, 0.0004202 secs] 2021-01-22T00:59:19.083+0800: 52.118: [Unloading, 0.0010424 secs], 0.0048011 secs]
 [Times: user=0.01 sys=0.00, real=0.00 secs] 
2021-01-22T00:59:19.086+0800: 52.122: [GC cleanup 736M->617M(2048M), 0.0036957 secs]
 [Times: user=0.00 sys=0.01, real=0.01 secs] 
2021-01-22T00:59:19.090+0800: 52.126: [GC concurrent-cleanup-start]
2021-01-22T00:59:19.090+0800: 52.126: [GC concurrent-cleanup-end, 0.0000858 secs]
2021-01-22T00:59:19.216+0800: 52.252: [GC pause (G1 Evacuation Pause) (young) (to-space exhausted), 0.0394094 secs]
   [Parallel Time: 32.1 ms, GC Workers: 8]
      [GC Worker Start (ms): Min: 52252.3, Avg: 52252.5, Max: 52252.6, Diff: 0.3]
      [Ext Root Scanning (ms): Min: 0.0, Avg: 0.1, Max: 0.2, Diff: 0.2, Sum: 0.7]
      [Update RS (ms): Min: 17.1, Avg: 17.2, Max: 17.2, Diff: 0.1, Sum: 137.3]
         [Processed Buffers: Min: 239, Avg: 256.2, Max: 263, Diff: 24, Sum: 2050]
      [Scan RS (ms): Min: 0.1, Avg: 0.1, Max: 0.2, Diff: 0.0, Sum: 1.1]
      [Code Root Scanning (ms): Min: 0.0, Avg: 0.0, Max: 0.0, Diff: 0.0, Sum: 0.0]
      [Object Copy (ms): Min: 13.4, Avg: 13.5, Max: 13.9, Diff: 0.4, Sum: 108.3]
      [Termination (ms): Min: 0.0, Avg: 0.4, Max: 0.5, Diff: 0.5, Sum: 2.9]
         [Termination Attempts: Min: 1, Avg: 1.0, Max: 1, Diff: 0, Sum: 8]
      [GC Worker Other (ms): Min: 0.0, Avg: 0.0, Max: 0.1, Diff: 0.0, Sum: 0.2]
      [GC Worker Total (ms): Min: 31.2, Avg: 31.3, Max: 31.5, Diff: 0.3, Sum: 250.5]
      [GC Worker End (ms): Min: 52283.8, Avg: 52283.8, Max: 52283.8, Diff: 0.1]
   [Code Root Fixup: 0.0 ms]
   [Code Root Purge: 0.0 ms]
   [Clear CT: 1.4 ms]
   [Other: 5.9 ms]
      [Evacuation Failure: 1.2 ms]
      [Choose CSet: 0.0 ms]
      [Ref Proc: 2.9 ms]
      [Ref Enq: 0.0 ms]
      [Redirty Cards: 0.9 ms]
      [Humongous Register: 0.2 ms]
      [Humongous Reclaim: 0.4 ms]
      [Free CSet: 0.3 ms]
   [Eden: 848.0M(848.0M)->0.0B(7168.0K) Survivors: 120.0M->112.0M Heap: 1698.8M(2048.0M)->1016.3M(2048.0M)]
 [Times: user=0.27 sys=0.01, real=0.04 secs] 
2021-01-22T00:59:19.258+0800: 52.294: [GC pause (G1 Evacuation Pause) (mixed), 0.0149955 secs]
   [Parallel Time: 11.6 ms, GC Workers: 8]
      [GC Worker Start (ms): Min: 52293.9, Avg: 52294.2, Max: 52294.3, Diff: 0.4]
      [Ext Root Scanning (ms): Min: 0.0, Avg: 0.1, Max: 0.3, Diff: 0.3, Sum: 0.7]
      [Update RS (ms): Min: 0.2, Avg: 0.3, Max: 0.3, Diff: 0.1, Sum: 2.3]
         [Processed Buffers: Min: 3, Avg: 4.5, Max: 7, Diff: 4, Sum: 36]
      [Scan RS (ms): Min: 0.0, Avg: 0.1, Max: 0.1, Diff: 0.1, Sum: 0.5]
      [Code Root Scanning (ms): Min: 0.0, Avg: 0.0, Max: 0.0, Diff: 0.0, Sum: 0.0]
      [Object Copy (ms): Min: 10.7, Avg: 10.7, Max: 10.8, Diff: 0.1, Sum: 85.7]
      [Termination (ms): Min: 0.0, Avg: 0.1, Max: 0.1, Diff: 0.1, Sum: 0.4]
         [Termination Attempts: Min: 1, Avg: 1.1, Max: 2, Diff: 1, Sum: 9]
      [GC Worker Other (ms): Min: 0.0, Avg: 0.0, Max: 0.0, Diff: 0.0, Sum: 0.1]
      [GC Worker Total (ms): Min: 11.0, Avg: 11.2, Max: 11.4, Diff: 0.4, Sum: 89.7]
      [GC Worker End (ms): Min: 52305.4, Avg: 52305.4, Max: 52305.4, Diff: 0.0]
   [Code Root Fixup: 0.0 ms]
   [Code Root Purge: 0.0 ms]
   [Clear CT: 1.0 ms]
   [Other: 2.4 ms]
      [Choose CSet: 0.1 ms]
      [Ref Proc: 0.9 ms]
      [Ref Enq: 0.0 ms]
      [Redirty Cards: 0.9 ms]
      [Humongous Register: 0.1 ms]
      [Humongous Reclaim: 0.0 ms]
      [Free CSet: 0.2 ms]
   [Eden: 7168.0K(7168.0K)->0.0B(716.0M) Survivors: 112.0M->2048.0K Heap: 1025.3M(2048.0M)->885.0M(2048.0M)]
 [Times: user=0.09 sys=0.01, real=0.02 secs] 
2021-01-22T00:59:19.274+0800: 52.310: [GC pause (G1 Humongous Allocation) (young) (initial-mark), 0.0049015 secs]
   [Parallel Time: 1.7 ms, GC Workers: 8]
      [GC Worker Start (ms): Min: 52310.3, Avg: 52310.5, Max: 52310.8, Diff: 0.4]
      [Ext Root Scanning (ms): Min: 0.0, Avg: 0.5, Max: 0.8, Diff: 0.8, Sum: 3.9]
      [Update RS (ms): Min: 0.0, Avg: 0.1, Max: 0.5, Diff: 0.5, Sum: 1.1]
         [Processed Buffers: Min: 0, Avg: 1.1, Max: 4, Diff: 4, Sum: 9]
      [Scan RS (ms): Min: 0.0, Avg: 0.0, Max: 0.0, Diff: 0.0, Sum: 0.0]
      [Code Root Scanning (ms): Min: 0.0, Avg: 0.0, Max: 0.0, Diff: 0.0, Sum: 0.0]
      [Object Copy (ms): Min: 0.0, Avg: 0.1, Max: 0.3, Diff: 0.3, Sum: 1.0]
      [Termination (ms): Min: 0.0, Avg: 0.1, Max: 0.2, Diff: 0.2, Sum: 1.1]
         [Termination Attempts: Min: 1, Avg: 1.0, Max: 1, Diff: 0, Sum: 8]
      [GC Worker Other (ms): Min: 0.0, Avg: 0.0, Max: 0.0, Diff: 0.0, Sum: 0.1]
      [GC Worker Total (ms): Min: 0.7, Avg: 0.9, Max: 1.1, Diff: 0.4, Sum: 7.2]
      [GC Worker End (ms): Min: 52311.4, Avg: 52311.4, Max: 52311.5, Diff: 0.0]
   [Code Root Fixup: 0.0 ms]
   [Code Root Purge: 0.0 ms]
   [Clear CT: 1.3 ms]
   [Other: 1.9 ms]
      [Choose CSet: 0.0 ms]
      [Ref Proc: 0.5 ms]
      [Ref Enq: 0.0 ms]
      [Redirty Cards: 1.0 ms]
      [Humongous Register: 0.1 ms]
      [Humongous Reclaim: 0.0 ms]
      [Free CSet: 0.0 ms]
   [Eden: 4096.0K(716.0M)->0.0B(691.0M) Survivors: 2048.0K->3072.0K Heap: 888.9M(2048.0M)->884.8M(2048.0M)]
 [Times: user=0.01 sys=0.00, real=0.01 secs] 
2021-01-22T00:59:19.280+0800: 52.316: [GC concurrent-root-region-scan-start]
2021-01-22T00:59:19.280+0800: 52.316: [GC concurrent-root-region-scan-end, 0.0001639 secs]
2021-01-22T00:59:19.280+0800: 52.316: [GC concurrent-mark-start]
2021-01-22T00:59:19.283+0800: 52.319: [GC concurrent-mark-end, 0.0030568 secs]
2021-01-22T00:59:19.283+0800: 52.319: [GC remark 2021-01-22T00:59:19.284+0800: 52.319: [Finalize Marking, 0.0010322 secs] 2021-01-22T00:59:19.285+0800: 52.321: [GC ref-proc, 0.0004601 secs] 2021-01-22T00:59:19.286+0800: 52.321: [Unloading, 0.0007442 secs], 0.0047897 secs]
 [Times: user=0.01 sys=0.00, real=0.01 secs] 
2021-01-22T00:59:19.289+0800: 52.325: [GC cleanup 916M->861M(2048M), 0.0035331 secs]
 [Times: user=0.01 sys=0.00, real=0.00 secs] 
2021-01-22T00:59:19.293+0800: 52.329: [GC concurrent-cleanup-start]
2021-01-22T00:59:19.293+0800: 52.329: [GC concurrent-cleanup-end, 0.0000353 secs]
2021-01-22T00:59:19.383+0800: 52.419: [GC pause (G1 Evacuation Pause) (young) (to-space exhausted), 0.0302730 secs]
   [Parallel Time: 26.7 ms, GC Workers: 8]
      [GC Worker Start (ms): Min: 52419.6, Avg: 52419.8, Max: 52419.9, Diff: 0.3]
      [Ext Root Scanning (ms): Min: 0.0, Avg: 0.1, Max: 0.2, Diff: 0.2, Sum: 0.5]
      [Update RS (ms): Min: 13.4, Avg: 13.5, Max: 13.5, Diff: 0.1, Sum: 107.9]
         [Processed Buffers: Min: 193, Avg: 198.6, Max: 205, Diff: 12, Sum: 1589]
      [Scan RS (ms): Min: 0.1, Avg: 0.1, Max: 0.1, Diff: 0.0, Sum: 0.7]
      [Code Root Scanning (ms): Min: 0.0, Avg: 0.0, Max: 0.0, Diff: 0.0, Sum: 0.0]
      [Object Copy (ms): Min: 12.2, Avg: 12.3, Max: 12.5, Diff: 0.3, Sum: 98.4]
      [Termination (ms): Min: 0.0, Avg: 0.2, Max: 0.3, Diff: 0.3, Sum: 1.7]
         [Termination Attempts: Min: 1, Avg: 1.0, Max: 1, Diff: 0, Sum: 8]
      [GC Worker Other (ms): Min: 0.0, Avg: 0.1, Max: 0.2, Diff: 0.2, Sum: 0.5]
      [GC Worker Total (ms): Min: 26.0, Avg: 26.2, Max: 26.4, Diff: 0.4, Sum: 209.8]
      [GC Worker End (ms): Min: 52445.9, Avg: 52446.0, Max: 52446.1, Diff: 0.2]
   [Code Root Fixup: 0.0 ms]
   [Code Root Purge: 0.0 ms]
   [Clear CT: 0.7 ms]
   [Other: 2.9 ms]
      [Evacuation Failure: 0.8 ms]
      [Choose CSet: 0.0 ms]
      [Ref Proc: 0.7 ms]
      [Ref Enq: 0.0 ms]
      [Redirty Cards: 0.6 ms]
      [Humongous Register: 0.2 ms]
      [Humongous Reclaim: 0.3 ms]
      [Free CSet: 0.3 ms]
   [Eden: 691.0M(691.0M)->0.0B(15360.0K) Survivors: 3072.0K->89088.0K Heap: 1718.6M(2048.0M)->1049.2M(2048.0M)]
 [Times: user=0.22 sys=0.00, real=0.03 secs] 
2021-01-22T00:59:19.417+0800: 52.452: [GC pause (G1 Evacuation Pause) (mixed), 0.0122662 secs]
   [Parallel Time: 9.8 ms, GC Workers: 8]
      [GC Worker Start (ms): Min: 52452.7, Avg: 52452.9, Max: 52453.0, Diff: 0.3]
      [Ext Root Scanning (ms): Min: 0.0, Avg: 0.1, Max: 0.2, Diff: 0.2, Sum: 0.5]
      [Update RS (ms): Min: 0.5, Avg: 0.5, Max: 0.6, Diff: 0.1, Sum: 4.3]
         [Processed Buffers: Min: 8, Avg: 8.8, Max: 10, Diff: 2, Sum: 70]
      [Scan RS (ms): Min: 0.0, Avg: 0.0, Max: 0.1, Diff: 0.0, Sum: 0.4]
      [Code Root Scanning (ms): Min: 0.0, Avg: 0.0, Max: 0.0, Diff: 0.0, Sum: 0.0]
      [Object Copy (ms): Min: 7.9, Avg: 8.0, Max: 8.4, Diff: 0.5, Sum: 63.9]
      [Termination (ms): Min: 0.0, Avg: 0.5, Max: 0.5, Diff: 0.5, Sum: 3.6]
         [Termination Attempts: Min: 1, Avg: 1.9, Max: 4, Diff: 3, Sum: 15]
      [GC Worker Other (ms): Min: 0.0, Avg: 0.0, Max: 0.1, Diff: 0.1, Sum: 0.1]
      [GC Worker Total (ms): Min: 9.0, Avg: 9.1, Max: 9.2, Diff: 0.3, Sum: 72.9]
      [GC Worker End (ms): Min: 52462.0, Avg: 52462.0, Max: 52462.0, Diff: 0.1]
   [Code Root Fixup: 0.0 ms]
   [Code Root Purge: 0.0 ms]
   [Clear CT: 0.5 ms]
   [Other: 2.0 ms]
      [Choose CSet: 0.1 ms]
      [Ref Proc: 0.6 ms]
      [Ref Enq: 0.0 ms]
      [Redirty Cards: 0.8 ms]
      [Humongous Register: 0.1 ms]
      [Humongous Reclaim: 0.1 ms]
      [Free CSet: 0.2 ms]
   [Eden: 15360.0K(15360.0K)->0.0B(98304.0K) Survivors: 89088.0K->6144.0K Heap: 1071.0M(2048.0M)->857.9M(2048.0M)]
 [Times: user=0.07 sys=0.01, real=0.02 secs] 
2021-01-22T00:59:19.443+0800: 52.479: [GC pause (G1 Evacuation Pause) (mixed), 0.0096584 secs]
   [Parallel Time: 7.2 ms, GC Workers: 8]
      [GC Worker Start (ms): Min: 52479.6, Avg: 52479.8, Max: 52479.9, Diff: 0.3]
      [Ext Root Scanning (ms): Min: 0.0, Avg: 0.1, Max: 0.2, Diff: 0.2, Sum: 0.6]
      [Update RS (ms): Min: 1.4, Avg: 1.5, Max: 1.5, Diff: 0.1, Sum: 11.9]
         [Processed Buffers: Min: 21, Avg: 22.4, Max: 23, Diff: 2, Sum: 179]
      [Scan RS (ms): Min: 0.0, Avg: 0.1, Max: 0.1, Diff: 0.1, Sum: 0.5]
      [Code Root Scanning (ms): Min: 0.0, Avg: 0.0, Max: 0.0, Diff: 0.0, Sum: 0.0]
      [Object Copy (ms): Min: 4.7, Avg: 4.8, Max: 4.8, Diff: 0.1, Sum: 38.0]
      [Termination (ms): Min: 0.0, Avg: 0.1, Max: 0.1, Diff: 0.1, Sum: 0.5]
         [Termination Attempts: Min: 1, Avg: 1.4, Max: 3, Diff: 2, Sum: 11]
      [GC Worker Other (ms): Min: 0.0, Avg: 0.0, Max: 0.0, Diff: 0.0, Sum: 0.1]
      [GC Worker Total (ms): Min: 6.3, Avg: 6.4, Max: 6.6, Diff: 0.3, Sum: 51.6]
      [GC Worker End (ms): Min: 52486.2, Avg: 52486.3, Max: 52486.3, Diff: 0.0]
   [Code Root Fixup: 0.0 ms]
   [Code Root Purge: 0.0 ms]
   [Clear CT: 0.6 ms]
   [Other: 1.8 ms]
      [Choose CSet: 0.1 ms]
      [Ref Proc: 0.5 ms]
      [Ref Enq: 0.0 ms]
      [Redirty Cards: 0.6 ms]
      [Humongous Register: 0.2 ms]
      [Humongous Reclaim: 0.1 ms]
      [Free CSet: 0.2 ms]
   [Eden: 98304.0K(98304.0K)->0.0B(834.0M) Survivors: 6144.0K->13312.0K Heap: 975.1M(2048.0M)->715.4M(2048.0M)]
 [Times: user=0.06 sys=0.00, real=0.01 secs] 
2021-01-22T00:59:19.500+0800: 52.536: [GC pause (G1 Humongous Allocation) (young) (initial-mark), 0.0190576 secs]
   [Parallel Time: 16.4 ms, GC Workers: 8]
      [GC Worker Start (ms): Min: 52536.4, Avg: 52536.5, Max: 52536.6, Diff: 0.3]
      [Ext Root Scanning (ms): Min: 0.1, Avg: 0.9, Max: 2.3, Diff: 2.2, Sum: 6.8]
      [Update RS (ms): Min: 5.3, Avg: 6.8, Max: 7.5, Diff: 2.1, Sum: 54.4]
         [Processed Buffers: Min: 53, Avg: 98.8, Max: 117, Diff: 64, Sum: 790]
      [Scan RS (ms): Min: 0.1, Avg: 0.1, Max: 0.1, Diff: 0.0, Sum: 0.5]
      [Code Root Scanning (ms): Min: 0.0, Avg: 0.0, Max: 0.0, Diff: 0.0, Sum: 0.0]
      [Object Copy (ms): Min: 7.9, Avg: 7.9, Max: 8.0, Diff: 0.1, Sum: 63.6]
      [Termination (ms): Min: 0.0, Avg: 0.1, Max: 0.1, Diff: 0.1, Sum: 0.4]
         [Termination Attempts: Min: 1, Avg: 1.0, Max: 1, Diff: 0, Sum: 8]
      [GC Worker Other (ms): Min: 0.0, Avg: 0.0, Max: 0.0, Diff: 0.0, Sum: 0.1]
      [GC Worker Total (ms): Min: 15.6, Avg: 15.7, Max: 15.9, Diff: 0.3, Sum: 125.8]
      [GC Worker End (ms): Min: 52552.2, Avg: 52552.2, Max: 52552.3, Diff: 0.0]
   [Code Root Fixup: 0.0 ms]
   [Code Root Purge: 0.0 ms]
   [Clear CT: 0.9 ms]
   [Other: 1.8 ms]
      [Choose CSet: 0.0 ms]
      [Ref Proc: 0.4 ms]
      [Ref Enq: 0.0 ms]
      [Redirty Cards: 0.7 ms]
      [Humongous Register: 0.1 ms]
      [Humongous Reclaim: 0.2 ms]
      [Free CSet: 0.1 ms]
   [Eden: 318.0M(834.0M)->0.0B(551.0M) Survivors: 13312.0K->99328.0K Heap: 1130.2M(2048.0M)->804.9M(2048.0M)]
 [Times: user=0.13 sys=0.00, real=0.02 secs] 
2021-01-22T00:59:19.520+0800: 52.556: [GC concurrent-root-region-scan-start]
2021-01-22T00:59:19.520+0800: 52.556: [GC concurrent-root-region-scan-end, 0.0002614 secs]
2021-01-22T00:59:19.520+0800: 52.556: [GC concurrent-mark-start]
2021-01-22T00:59:19.523+0800: 52.559: [GC concurrent-mark-end, 0.0025449 secs]
2021-01-22T00:59:19.523+0800: 52.559: [GC remark 2021-01-22T00:59:19.523+0800: 52.559: [Finalize Marking, 0.0008571 secs] 2021-01-22T00:59:19.524+0800: 52.560: [GC ref-proc, 0.0003926 secs] 2021-01-22T00:59:19.525+0800: 52.561: [Unloading, 0.0008282 secs], 0.0043864 secs]
 [Times: user=0.01 sys=0.00, real=0.00 secs] 
2021-01-22T00:59:19.528+0800: 52.564: [GC cleanup 832M->693M(2048M), 0.0029372 secs]
 [Times: user=0.00 sys=0.01, real=0.01 secs] 
2021-01-22T00:59:19.532+0800: 52.568: [GC concurrent-cleanup-start]
2021-01-22T00:59:19.532+0800: 52.568: [GC concurrent-cleanup-end, 0.0001011 secs]
2021-01-22T00:59:19.606+0800: 52.642: [GC pause (G1 Evacuation Pause) (young), 0.0298021 secs]
   [Parallel Time: 26.7 ms, GC Workers: 8]
      [GC Worker Start (ms): Min: 52642.7, Avg: 52642.9, Max: 52643.0, Diff: 0.3]
      [Ext Root Scanning (ms): Min: 0.0, Avg: 0.1, Max: 0.2, Diff: 0.2, Sum: 0.6]
      [Update RS (ms): Min: 10.6, Avg: 10.7, Max: 10.7, Diff: 0.1, Sum: 85.6]
         [Processed Buffers: Min: 153, Avg: 160.5, Max: 166, Diff: 13, Sum: 1284]
      [Scan RS (ms): Min: 0.1, Avg: 0.1, Max: 0.1, Diff: 0.0, Sum: 0.6]
      [Code Root Scanning (ms): Min: 0.0, Avg: 0.0, Max: 0.0, Diff: 0.0, Sum: 0.0]
      [Object Copy (ms): Min: 15.0, Avg: 15.0, Max: 15.0, Diff: 0.1, Sum: 120.0]
      [Termination (ms): Min: 0.0, Avg: 0.0, Max: 0.1, Diff: 0.1, Sum: 0.3]
         [Termination Attempts: Min: 1, Avg: 1.0, Max: 1, Diff: 0, Sum: 8]
      [GC Worker Other (ms): Min: 0.0, Avg: 0.0, Max: 0.0, Diff: 0.0, Sum: 0.1]
      [GC Worker Total (ms): Min: 25.8, Avg: 25.9, Max: 26.1, Diff: 0.3, Sum: 207.2]
      [GC Worker End (ms): Min: 52668.7, Avg: 52668.8, Max: 52668.8, Diff: 0.0]
   [Code Root Fixup: 0.0 ms]
   [Code Root Purge: 0.0 ms]
   [Clear CT: 0.9 ms]
   [Other: 2.2 ms]
      [Choose CSet: 0.0 ms]
      [Ref Proc: 0.5 ms]
      [Ref Enq: 0.0 ms]
      [Redirty Cards: 1.0 ms]
      [Humongous Register: 0.2 ms]
      [Humongous Reclaim: 0.2 ms]
      [Free CSet: 0.2 ms]
   [Eden: 551.0M(551.0M)->0.0B(21504.0K) Survivors: 99328.0K->82944.0K Heap: 1376.2M(2048.0M)->767.2M(2048.0M)]
 [Times: user=0.21 sys=0.00, real=0.03 secs] 
2021-01-22T00:59:19.640+0800: 52.676: [GC pause (G1 Evacuation Pause) (mixed), 0.0134804 secs]
   [Parallel Time: 10.2 ms, GC Workers: 8]
      [GC Worker Start (ms): Min: 52676.1, Avg: 52676.3, Max: 52676.4, Diff: 0.3]
      [Ext Root Scanning (ms): Min: 0.0, Avg: 0.1, Max: 0.2, Diff: 0.2, Sum: 0.5]
      [Update RS (ms): Min: 0.4, Avg: 0.5, Max: 0.6, Diff: 0.1, Sum: 4.2]
         [Processed Buffers: Min: 7, Avg: 7.8, Max: 9, Diff: 2, Sum: 62]
      [Scan RS (ms): Min: 0.1, Avg: 0.1, Max: 0.1, Diff: 0.1, Sum: 0.7]
      [Code Root Scanning (ms): Min: 0.0, Avg: 0.0, Max: 0.0, Diff: 0.0, Sum: 0.0]
      [Object Copy (ms): Min: 8.8, Avg: 8.9, Max: 8.9, Diff: 0.1, Sum: 71.0]
      [Termination (ms): Min: 0.0, Avg: 0.0, Max: 0.0, Diff: 0.0, Sum: 0.1]
         [Termination Attempts: Min: 1, Avg: 1.5, Max: 2, Diff: 1, Sum: 12]
      [GC Worker Other (ms): Min: 0.0, Avg: 0.0, Max: 0.0, Diff: 0.0, Sum: 0.1]
      [GC Worker Total (ms): Min: 9.5, Avg: 9.6, Max: 9.7, Diff: 0.3, Sum: 76.6]
      [GC Worker End (ms): Min: 52685.8, Avg: 52685.8, Max: 52685.8, Diff: 0.0]
   [Code Root Fixup: 0.0 ms]
   [Code Root Purge: 0.0 ms]
   [Clear CT: 1.4 ms]
   [Other: 1.9 ms]
      [Choose CSet: 0.1 ms]
      [Ref Proc: 0.4 ms]
      [Ref Enq: 0.0 ms]
      [Redirty Cards: 0.9 ms]
      [Humongous Register: 0.1 ms]
      [Humongous Reclaim: 0.0 ms]
      [Free CSet: 0.2 ms]
   [Eden: 21504.0K(21504.0K)->0.0B(96256.0K) Survivors: 82944.0K->8192.0K Heap: 794.9M(2048.0M)->588.6M(2048.0M)]
 [Times: user=0.09 sys=0.00, real=0.01 secs] 
2021-01-22T00:59:19.667+0800: 52.703: [GC pause (G1 Evacuation Pause) (mixed), 0.0082307 secs]
   [Parallel Time: 5.3 ms, GC Workers: 8]
      [GC Worker Start (ms): Min: 52703.2, Avg: 52703.4, Max: 52703.6, Diff: 0.4]
      [Ext Root Scanning (ms): Min: 0.0, Avg: 0.1, Max: 0.2, Diff: 0.2, Sum: 0.6]
      [Update RS (ms): Min: 1.5, Avg: 1.5, Max: 1.6, Diff: 0.1, Sum: 12.3]
         [Processed Buffers: Min: 21, Avg: 22.2, Max: 24, Diff: 3, Sum: 178]
      [Scan RS (ms): Min: 0.0, Avg: 0.0, Max: 0.0, Diff: 0.0, Sum: 0.1]
      [Code Root Scanning (ms): Min: 0.0, Avg: 0.0, Max: 0.0, Diff: 0.0, Sum: 0.0]
      [Object Copy (ms): Min: 3.2, Avg: 3.3, Max: 3.3, Diff: 0.1, Sum: 26.2]
      [Termination (ms): Min: 0.0, Avg: 0.0, Max: 0.1, Diff: 0.1, Sum: 0.4]
         [Termination Attempts: Min: 1, Avg: 1.0, Max: 1, Diff: 0, Sum: 8]
      [GC Worker Other (ms): Min: 0.0, Avg: 0.0, Max: 0.0, Diff: 0.0, Sum: 0.1]
      [GC Worker Total (ms): Min: 4.8, Avg: 5.0, Max: 5.2, Diff: 0.4, Sum: 39.6]
      [GC Worker End (ms): Min: 52708.4, Avg: 52708.4, Max: 52708.4, Diff: 0.0]
   [Code Root Fixup: 0.0 ms]
   [Code Root Purge: 0.0 ms]
   [Clear CT: 0.9 ms]
   [Other: 2.0 ms]
      [Choose CSet: 0.0 ms]
      [Ref Proc: 0.6 ms]
      [Ref Enq: 0.0 ms]
      [Redirty Cards: 1.0 ms]
      [Humongous Register: 0.2 ms]
      [Humongous Reclaim: 0.1 ms]
      [Free CSet: 0.1 ms]
   [Eden: 96256.0K(96256.0K)->0.0B(904.0M) Survivors: 8192.0K->13312.0K Heap: 703.7M(2048.0M)->615.5M(2048.0M)]
 [Times: user=0.05 sys=0.00, real=0.01 secs] 
2021-01-22T00:59:19.765+0800: 52.801: [GC pause (G1 Humongous Allocation) (young) (initial-mark), 0.0278652 secs]
   [Parallel Time: 24.0 ms, GC Workers: 8]
      [GC Worker Start (ms): Min: 52801.7, Avg: 52801.9, Max: 52802.1, Diff: 0.4]
      [Ext Root Scanning (ms): Min: 0.0, Avg: 0.4, Max: 0.6, Diff: 0.6, Sum: 3.3]
      [Update RS (ms): Min: 10.1, Avg: 10.3, Max: 10.6, Diff: 0.5, Sum: 82.4]
         [Processed Buffers: Min: 149, Avg: 155.4, Max: 161, Diff: 12, Sum: 1243]
      [Scan RS (ms): Min: 0.0, Avg: 0.1, Max: 0.4, Diff: 0.4, Sum: 1.0]
      [Code Root Scanning (ms): Min: 0.0, Avg: 0.0, Max: 0.2, Diff: 0.2, Sum: 0.2]
      [Object Copy (ms): Min: 12.2, Avg: 12.5, Max: 12.6, Diff: 0.3, Sum: 99.7]
      [Termination (ms): Min: 0.0, Avg: 0.0, Max: 0.1, Diff: 0.1, Sum: 0.3]
         [Termination Attempts: Min: 1, Avg: 1.0, Max: 1, Diff: 0, Sum: 8]
      [GC Worker Other (ms): Min: 0.0, Avg: 0.0, Max: 0.1, Diff: 0.1, Sum: 0.1]
      [GC Worker Total (ms): Min: 23.2, Avg: 23.4, Max: 23.6, Diff: 0.4, Sum: 187.1]
      [GC Worker End (ms): Min: 52825.2, Avg: 52825.3, Max: 52825.3, Diff: 0.0]
   [Code Root Fixup: 0.0 ms]
   [Code Root Purge: 0.0 ms]
   [Clear CT: 0.9 ms]
   [Other: 2.9 ms]
      [Choose CSet: 0.0 ms]
      [Ref Proc: 0.9 ms]
      [Ref Enq: 0.0 ms]
      [Redirty Cards: 1.1 ms]
      [Humongous Register: 0.2 ms]
      [Humongous Reclaim: 0.2 ms]
      [Free CSet: 0.3 ms]
   [Eden: 636.0M(904.0M)->0.0B(800.0M) Survivors: 13312.0K->115.0M Heap: 1405.5M(2048.0M)->756.2M(2048.0M)]
 [Times: user=0.19 sys=0.00, real=0.03 secs] 
2021-01-22T00:59:19.794+0800: 52.830: [GC concurrent-root-region-scan-start]
2021-01-22T00:59:19.794+0800: 52.830: [GC concurrent-root-region-scan-end, 0.0003008 secs]
2021-01-22T00:59:19.794+0800: 52.830: [GC concurrent-mark-start]
2021-01-22T00:59:19.797+0800: 52.833: [GC concurrent-mark-end, 0.0023499 secs]
2021-01-22T00:59:19.797+0800: 52.833: [GC remark 2021-01-22T00:59:19.797+0800: 52.833: [Finalize Marking, 0.0011077 secs] 2021-01-22T00:59:19.799+0800: 52.835: [GC ref-proc, 0.0004319 secs] 2021-01-22T00:59:19.799+0800: 52.835: [Unloading, 0.0009305 secs], 0.0049786 secs]
 [Times: user=0.01 sys=0.00, real=0.01 secs] 
2021-01-22T00:59:19.803+0800: 52.839: [GC cleanup 778M->668M(2048M), 0.0031622 secs]
 [Times: user=0.01 sys=0.00, real=0.00 secs] 
2021-01-22T00:59:19.807+0800: 52.843: [GC concurrent-cleanup-start]
2021-01-22T00:59:19.807+0800: 52.843: [GC concurrent-cleanup-end, 0.0000712 secs]
2021-01-22T00:59:19.926+0800: 52.961: [GC pause (G1 Evacuation Pause) (young) (to-space exhausted), 0.0425417 secs]
   [Parallel Time: 38.0 ms, GC Workers: 8]
      [GC Worker Start (ms): Min: 52961.9, Avg: 52962.7, Max: 52967.4, Diff: 5.5]
      [Ext Root Scanning (ms): Min: 0.0, Avg: 0.1, Max: 0.2, Diff: 0.2, Sum: 0.5]
      [Update RS (ms): Min: 11.7, Avg: 17.6, Max: 21.4, Diff: 9.8, Sum: 140.5]
         [Processed Buffers: Min: 136, Avg: 201.0, Max: 261, Diff: 125, Sum: 1608]
      [Scan RS (ms): Min: 0.1, Avg: 0.3, Max: 0.5, Diff: 0.4, Sum: 2.0]
      [Code Root Scanning (ms): Min: 0.0, Avg: 0.0, Max: 0.0, Diff: 0.0, Sum: 0.0]
      [Object Copy (ms): Min: 15.4, Avg: 17.9, Max: 19.2, Diff: 3.8, Sum: 143.1]
      [Termination (ms): Min: 0.0, Avg: 0.9, Max: 1.1, Diff: 1.1, Sum: 7.5]
         [Termination Attempts: Min: 1, Avg: 1.0, Max: 1, Diff: 0, Sum: 8]
      [GC Worker Other (ms): Min: 0.0, Avg: 0.0, Max: 0.1, Diff: 0.1, Sum: 0.2]
      [GC Worker Total (ms): Min: 32.1, Avg: 36.7, Max: 37.5, Diff: 5.5, Sum: 293.8]
      [GC Worker End (ms): Min: 52999.4, Avg: 52999.5, Max: 52999.5, Diff: 0.1]
   [Code Root Fixup: 0.0 ms]
   [Code Root Purge: 0.0 ms]
   [Clear CT: 0.7 ms]
   [Other: 3.8 ms]
      [Evacuation Failure: 1.1 ms]
      [Choose CSet: 0.0 ms]
      [Ref Proc: 0.8 ms]
      [Ref Enq: 0.0 ms]
      [Redirty Cards: 0.9 ms]
      [Humongous Register: 0.2 ms]
      [Humongous Reclaim: 0.3 ms]
      [Free CSet: 0.3 ms]
   [Eden: 800.0M(800.0M)->0.0B(7168.0K) Survivors: 115.0M->115.0M Heap: 1646.0M(2048.0M)->744.1M(2048.0M)]
 [Times: user=0.31 sys=0.00, real=0.05 secs] 
2021-01-22T00:59:19.970+0800: 53.006: [GC pause (G1 Evacuation Pause) (mixed), 0.0204865 secs]
   [Parallel Time: 14.3 ms, GC Workers: 8]
      [GC Worker Start (ms): Min: 53006.5, Avg: 53007.9, Max: 53011.8, Diff: 5.2]
      [Ext Root Scanning (ms): Min: 0.0, Avg: 0.1, Max: 0.2, Diff: 0.2, Sum: 0.5]
      [Update RS (ms): Min: 0.0, Avg: 0.2, Max: 0.3, Diff: 0.3, Sum: 1.5]
         [Processed Buffers: Min: 0, Avg: 3.9, Max: 7, Diff: 7, Sum: 31]
      [Scan RS (ms): Min: 0.0, Avg: 0.1, Max: 0.1, Diff: 0.1, Sum: 0.6]
      [Code Root Scanning (ms): Min: 0.0, Avg: 0.0, Max: 0.0, Diff: 0.0, Sum: 0.0]
      [Object Copy (ms): Min: 6.9, Avg: 10.9, Max: 13.3, Diff: 6.5, Sum: 86.9]
      [Termination (ms): Min: 0.0, Avg: 1.3, Max: 1.7, Diff: 1.7, Sum: 10.4]
         [Termination Attempts: Min: 1, Avg: 1.5, Max: 3, Diff: 2, Sum: 12]
      [GC Worker Other (ms): Min: 0.0, Avg: 0.0, Max: 0.0, Diff: 0.0, Sum: 0.1]
      [GC Worker Total (ms): Min: 8.7, Avg: 12.5, Max: 13.9, Diff: 5.2, Sum: 100.0]
      [GC Worker End (ms): Min: 53020.4, Avg: 53020.4, Max: 53020.4, Diff: 0.1]
   [Code Root Fixup: 0.0 ms]
   [Code Root Purge: 0.0 ms]
   [Clear CT: 1.0 ms]
   [Other: 5.1 ms]
      [Choose CSet: 0.1 ms]
      [Ref Proc: 3.8 ms]
      [Ref Enq: 0.0 ms]
      [Redirty Cards: 0.6 ms]
      [Humongous Register: 0.1 ms]
      [Humongous Reclaim: 0.1 ms]
      [Free CSet: 0.3 ms]
   [Eden: 7168.0K(7168.0K)->0.0B(947.0M) Survivors: 115.0M->3072.0K Heap: 753.0M(2048.0M)->597.8M(2048.0M)]
 [Times: user=0.12 sys=0.01, real=0.02 secs] 
2021-01-22T00:59:20.095+0800: 53.131: [GC pause (G1 Humongous Allocation) (young) (initial-mark), 0.0305874 secs]
   [Parallel Time: 26.9 ms, GC Workers: 8]
      [GC Worker Start (ms): Min: 53131.0, Avg: 53131.2, Max: 53131.4, Diff: 0.4]
      [Ext Root Scanning (ms): Min: 0.0, Avg: 0.4, Max: 0.6, Diff: 0.6, Sum: 3.4]
      [Update RS (ms): Min: 11.1, Avg: 11.3, Max: 11.8, Diff: 0.7, Sum: 90.4]
         [Processed Buffers: Min: 163, Avg: 166.6, Max: 170, Diff: 7, Sum: 1333]
      [Scan RS (ms): Min: 0.1, Avg: 0.2, Max: 0.7, Diff: 0.7, Sum: 1.5]
      [Code Root Scanning (ms): Min: 0.0, Avg: 0.0, Max: 0.0, Diff: 0.0, Sum: 0.0]
      [Object Copy (ms): Min: 12.8, Avg: 13.4, Max: 14.5, Diff: 1.6, Sum: 107.2]
      [Termination (ms): Min: 0.0, Avg: 0.9, Max: 1.1, Diff: 1.1, Sum: 7.5]
         [Termination Attempts: Min: 1, Avg: 1.4, Max: 3, Diff: 2, Sum: 11]
      [GC Worker Other (ms): Min: 0.0, Avg: 0.0, Max: 0.1, Diff: 0.1, Sum: 0.3]
      [GC Worker Total (ms): Min: 26.1, Avg: 26.3, Max: 26.5, Diff: 0.4, Sum: 210.3]
      [GC Worker End (ms): Min: 53157.5, Avg: 53157.5, Max: 53157.6, Diff: 0.1]
   [Code Root Fixup: 0.0 ms]
   [Code Root Purge: 0.0 ms]
   [Clear CT: 1.0 ms]
   [Other: 2.7 ms]
      [Choose CSet: 0.0 ms]
      [Ref Proc: 0.7 ms]
      [Ref Enq: 0.0 ms]
      [Redirty Cards: 1.0 ms]
      [Humongous Register: 0.1 ms]
      [Humongous Reclaim: 0.2 ms]
      [Free CSet: 0.4 ms]
   [Eden: 723.0M(947.0M)->0.0B(816.0M) Survivors: 3072.0K->119.0M Heap: 1485.5M(2048.0M)->755.2M(2048.0M)]
 [Times: user=0.22 sys=0.00, real=0.03 secs] 
2021-01-22T00:59:20.126+0800: 53.162: [GC concurrent-root-region-scan-start]
2021-01-22T00:59:20.126+0800: 53.162: [GC concurrent-root-region-scan-end, 0.0002593 secs]
2021-01-22T00:59:20.126+0800: 53.162: [GC concurrent-mark-start]
2021-01-22T00:59:20.129+0800: 53.165: [GC concurrent-mark-end, 0.0027649 secs]
2021-01-22T00:59:20.129+0800: 53.165: [GC remark 2021-01-22T00:59:20.130+0800: 53.166: [Finalize Marking, 0.0010595 secs] 2021-01-22T00:59:20.131+0800: 53.167: [GC ref-proc, 0.0004682 secs] 2021-01-22T00:59:20.132+0800: 53.168: [Unloading, 0.0014308 secs], 0.0054661 secs]
 [Times: user=0.01 sys=0.00, real=0.00 secs] 
2021-01-22T00:59:20.136+0800: 53.172: [GC cleanup 780M->654M(2048M), 0.0033189 secs]
 [Times: user=0.01 sys=0.00, real=0.01 secs] 
2021-01-22T00:59:20.140+0800: 53.176: [GC concurrent-cleanup-start]
2021-01-22T00:59:20.140+0800: 53.176: [GC concurrent-cleanup-end, 0.0000936 secs]
2021-01-22T00:59:20.261+0800: 53.297: [GC pause (G1 Evacuation Pause) (young) (to-space exhausted), 0.0386225 secs]
   [Parallel Time: 34.0 ms, GC Workers: 8]
      [GC Worker Start (ms): Min: 53297.4, Avg: 53297.8, Max: 53299.2, Diff: 1.8]
      [Ext Root Scanning (ms): Min: 0.0, Avg: 0.1, Max: 0.2, Diff: 0.2, Sum: 0.5]
      [Update RS (ms): Min: 14.4, Avg: 15.7, Max: 16.0, Diff: 1.6, Sum: 126.0]
         [Processed Buffers: Min: 184, Avg: 222.4, Max: 246, Diff: 62, Sum: 1779]
      [Scan RS (ms): Min: 0.1, Avg: 0.1, Max: 0.2, Diff: 0.1, Sum: 1.1]
      [Code Root Scanning (ms): Min: 0.0, Avg: 0.0, Max: 0.0, Diff: 0.0, Sum: 0.0]
      [Object Copy (ms): Min: 16.7, Avg: 16.8, Max: 16.9, Diff: 0.2, Sum: 134.3]
      [Termination (ms): Min: 0.0, Avg: 0.1, Max: 0.2, Diff: 0.2, Sum: 0.9]
         [Termination Attempts: Min: 1, Avg: 1.0, Max: 1, Diff: 0, Sum: 8]
      [GC Worker Other (ms): Min: 0.0, Avg: 0.0, Max: 0.1, Diff: 0.1, Sum: 0.2]
      [GC Worker Total (ms): Min: 31.5, Avg: 32.9, Max: 33.2, Diff: 1.7, Sum: 263.1]
      [GC Worker End (ms): Min: 53330.6, Avg: 53330.6, Max: 53330.7, Diff: 0.1]
   [Code Root Fixup: 0.0 ms]
   [Code Root Purge: 0.0 ms]
   [Clear CT: 0.9 ms]
   [Other: 3.7 ms]
      [Evacuation Failure: 1.1 ms]
      [Choose CSet: 0.0 ms]
      [Ref Proc: 0.4 ms]
      [Ref Enq: 0.0 ms]
      [Redirty Cards: 1.0 ms]
      [Humongous Register: 0.4 ms]
      [Humongous Reclaim: 0.4 ms]
      [Free CSet: 0.3 ms]
   [Eden: 816.0M(816.0M)->0.0B(7168.0K) Survivors: 119.0M->117.0M Heap: 1666.2M(2048.0M)->850.4M(2048.0M)]
 [Times: user=0.27 sys=0.01, real=0.04 secs] 
2021-01-22T00:59:20.301+0800: 53.337: [GC pause (G1 Evacuation Pause) (mixed), 0.0154364 secs]
   [Parallel Time: 12.1 ms, GC Workers: 8]
      [GC Worker Start (ms): Min: 53337.7, Avg: 53337.8, Max: 53338.0, Diff: 0.3]
      [Ext Root Scanning (ms): Min: 0.0, Avg: 0.1, Max: 0.2, Diff: 0.2, Sum: 0.5]
      [Update RS (ms): Min: 0.3, Avg: 0.4, Max: 0.4, Diff: 0.1, Sum: 2.9]
         [Processed Buffers: Min: 4, Avg: 6.4, Max: 8, Diff: 4, Sum: 51]
      [Scan RS (ms): Min: 0.0, Avg: 0.1, Max: 0.1, Diff: 0.0, Sum: 0.5]
      [Code Root Scanning (ms): Min: 0.0, Avg: 0.0, Max: 0.0, Diff: 0.0, Sum: 0.0]
      [Object Copy (ms): Min: 10.9, Avg: 10.9, Max: 10.9, Diff: 0.0, Sum: 87.2]
      [Termination (ms): Min: 0.0, Avg: 0.0, Max: 0.1, Diff: 0.1, Sum: 0.3]
         [Termination Attempts: Min: 1, Avg: 2.8, Max: 5, Diff: 4, Sum: 22]
      [GC Worker Other (ms): Min: 0.0, Avg: 0.0, Max: 0.0, Diff: 0.0, Sum: 0.1]
      [GC Worker Total (ms): Min: 11.3, Avg: 11.4, Max: 11.6, Diff: 0.3, Sum: 91.5]
      [GC Worker End (ms): Min: 53349.3, Avg: 53349.3, Max: 53349.3, Diff: 0.0]
   [Code Root Fixup: 0.0 ms]
   [Code Root Purge: 0.0 ms]
   [Clear CT: 1.2 ms]
   [Other: 2.1 ms]
      [Choose CSet: 0.1 ms]
      [Ref Proc: 0.6 ms]
      [Ref Enq: 0.0 ms]
      [Redirty Cards: 1.0 ms]
      [Humongous Register: 0.1 ms]
      [Humongous Reclaim: 0.0 ms]
      [Free CSet: 0.2 ms]
   [Eden: 7168.0K(7168.0K)->0.0B(870.0M) Survivors: 117.0M->2048.0K Heap: 861.6M(2048.0M)->698.5M(2048.0M)]
 [Times: user=0.10 sys=0.00, real=0.01 secs] 
2021-01-22T00:59:20.373+0800: 53.409: [GC pause (G1 Humongous Allocation) (young) (initial-mark), 0.0200402 secs]
   [Parallel Time: 16.6 ms, GC Workers: 8]
      [GC Worker Start (ms): Min: 53409.0, Avg: 53409.2, Max: 53409.4, Diff: 0.4]
      [Ext Root Scanning (ms): Min: 0.0, Avg: 0.4, Max: 0.5, Diff: 0.5, Sum: 2.9]
      [Update RS (ms): Min: 6.6, Avg: 6.7, Max: 6.8, Diff: 0.3, Sum: 53.4]
         [Processed Buffers: Min: 95, Avg: 100.8, Max: 103, Diff: 8, Sum: 806]
      [Scan RS (ms): Min: 0.0, Avg: 0.0, Max: 0.1, Diff: 0.0, Sum: 0.3]
      [Code Root Scanning (ms): Min: 0.0, Avg: 0.0, Max: 0.0, Diff: 0.0, Sum: 0.0]
      [Object Copy (ms): Min: 8.6, Avg: 8.6, Max: 8.7, Diff: 0.1, Sum: 69.0]
      [Termination (ms): Min: 0.0, Avg: 0.0, Max: 0.1, Diff: 0.1, Sum: 0.4]
         [Termination Attempts: Min: 1, Avg: 1.6, Max: 2, Diff: 1, Sum: 13]
      [GC Worker Other (ms): Min: 0.0, Avg: 0.0, Max: 0.1, Diff: 0.1, Sum: 0.2]
      [GC Worker Total (ms): Min: 15.6, Avg: 15.8, Max: 16.0, Diff: 0.4, Sum: 126.3]
      [GC Worker End (ms): Min: 53425.0, Avg: 53425.0, Max: 53425.1, Diff: 0.1]
   [Code Root Fixup: 0.0 ms]
   [Code Root Purge: 0.0 ms]
   [Clear CT: 1.1 ms]
   [Other: 2.3 ms]
      [Choose CSet: 0.0 ms]
      [Ref Proc: 0.6 ms]
      [Ref Enq: 0.0 ms]
      [Redirty Cards: 1.0 ms]
      [Humongous Register: 0.1 ms]
      [Humongous Reclaim: 0.2 ms]
      [Free CSet: 0.2 ms]
   [Eden: 393.0M(870.0M)->0.0B(447.0M) Survivors: 2048.0K->107.0M Heap: 1190.7M(2048.0M)->801.3M(2048.0M)]
 [Times: user=0.14 sys=0.00, real=0.02 secs] 
2021-01-22T00:59:20.394+0800: 53.430: [GC concurrent-root-region-scan-start]
2021-01-22T00:59:20.394+0800: 53.430: [GC concurrent-root-region-scan-end, 0.0002931 secs]
2021-01-22T00:59:20.394+0800: 53.430: [GC concurrent-mark-start]
2021-01-22T00:59:20.397+0800: 53.433: [GC concurrent-mark-end, 0.0026848 secs]
2021-01-22T00:59:20.397+0800: 53.433: [GC remark 2021-01-22T00:59:20.397+0800: 53.433: [Finalize Marking, 0.0009939 secs] 2021-01-22T00:59:20.399+0800: 53.435: [GC ref-proc, 0.0004607 secs] 2021-01-22T00:59:20.399+0800: 53.435: [Unloading, 0.0013609 secs], 0.0051121 secs]
 [Times: user=0.01 sys=0.00, real=0.01 secs] 
2021-01-22T00:59:20.403+0800: 53.439: [GC cleanup 828M->699M(2048M), 0.0030957 secs]
 [Times: user=0.01 sys=0.00, real=0.00 secs] 
2021-01-22T00:59:20.407+0800: 53.443: [GC concurrent-cleanup-start]
2021-01-22T00:59:20.407+0800: 53.443: [GC concurrent-cleanup-end, 0.0001277 secs]
2021-01-22T00:59:20.468+0800: 53.504: [GC pause (G1 Evacuation Pause) (young), 0.0274128 secs]
   [Parallel Time: 23.5 ms, GC Workers: 8]
      [GC Worker Start (ms): Min: 53504.3, Avg: 53504.5, Max: 53504.7, Diff: 0.4]
      [Ext Root Scanning (ms): Min: 0.0, Avg: 0.1, Max: 0.2, Diff: 0.2, Sum: 0.5]
      [Update RS (ms): Min: 8.1, Avg: 8.2, Max: 8.2, Diff: 0.1, Sum: 65.5]
         [Processed Buffers: Min: 123, Avg: 124.8, Max: 127, Diff: 4, Sum: 998]
      [Scan RS (ms): Min: 0.1, Avg: 0.1, Max: 0.1, Diff: 0.0, Sum: 0.5]
      [Code Root Scanning (ms): Min: 0.0, Avg: 0.0, Max: 0.0, Diff: 0.0, Sum: 0.0]
      [Object Copy (ms): Min: 14.0, Avg: 14.0, Max: 14.1, Diff: 0.1, Sum: 112.3]
      [Termination (ms): Min: 0.0, Avg: 0.0, Max: 0.1, Diff: 0.1, Sum: 0.4]
         [Termination Attempts: Min: 1, Avg: 1.0, Max: 1, Diff: 0, Sum: 8]
      [GC Worker Other (ms): Min: 0.0, Avg: 0.0, Max: 0.0, Diff: 0.0, Sum: 0.1]
      [GC Worker Total (ms): Min: 22.3, Avg: 22.4, Max: 22.6, Diff: 0.4, Sum: 179.4]
      [GC Worker End (ms): Min: 53526.9, Avg: 53526.9, Max: 53527.0, Diff: 0.0]
   [Code Root Fixup: 0.0 ms]
   [Code Root Purge: 0.0 ms]
   [Clear CT: 1.2 ms]
   [Other: 2.7 ms]
      [Choose CSet: 0.0 ms]
      [Ref Proc: 0.6 ms]
      [Ref Enq: 0.0 ms]
      [Redirty Cards: 1.3 ms]
      [Humongous Register: 0.1 ms]
      [Humongous Reclaim: 0.2 ms]
      [Free CSet: 0.3 ms]
   [Eden: 447.0M(447.0M)->0.0B(32768.0K) Survivors: 107.0M->71680.0K Heap: 1242.8M(2048.0M)->732.6M(2048.0M)]
 [Times: user=0.19 sys=0.00, real=0.03 secs] 
2021-01-22T00:59:20.501+0800: 53.537: [GC pause (G1 Evacuation Pause) (mixed), 0.0141021 secs]
   [Parallel Time: 10.3 ms, GC Workers: 8]
      [GC Worker Start (ms): Min: 53537.5, Avg: 53537.7, Max: 53537.9, Diff: 0.4]
      [Ext Root Scanning (ms): Min: 0.0, Avg: 0.1, Max: 0.2, Diff: 0.2, Sum: 0.5]
      [Update RS (ms): Min: 0.5, Avg: 0.6, Max: 0.8, Diff: 0.3, Sum: 5.1]
         [Processed Buffers: Min: 5, Avg: 9.0, Max: 12, Diff: 7, Sum: 72]
      [Scan RS (ms): Min: 0.0, Avg: 0.1, Max: 0.1, Diff: 0.1, Sum: 0.7]
      [Code Root Scanning (ms): Min: 0.0, Avg: 0.0, Max: 0.0, Diff: 0.0, Sum: 0.0]
      [Object Copy (ms): Min: 8.2, Avg: 8.3, Max: 8.6, Diff: 0.4, Sum: 66.8]
      [Termination (ms): Min: 0.0, Avg: 0.3, Max: 0.4, Diff: 0.4, Sum: 2.3]
         [Termination Attempts: Min: 1, Avg: 1.1, Max: 2, Diff: 1, Sum: 9]
      [GC Worker Other (ms): Min: 0.0, Avg: 0.0, Max: 0.0, Diff: 0.0, Sum: 0.1]
      [GC Worker Total (ms): Min: 9.3, Avg: 9.4, Max: 9.6, Diff: 0.4, Sum: 75.5]
      [GC Worker End (ms): Min: 53547.2, Avg: 53547.2, Max: 53547.2, Diff: 0.0]
   [Code Root Fixup: 0.0 ms]
   [Code Root Purge: 0.0 ms]
   [Clear CT: 1.5 ms]
   [Other: 2.3 ms]
      [Choose CSet: 0.1 ms]
      [Ref Proc: 0.6 ms]
      [Ref Enq: 0.0 ms]
      [Redirty Cards: 1.1 ms]
      [Humongous Register: 0.1 ms]
      [Humongous Reclaim: 0.1 ms]
      [Free CSet: 0.2 ms]
   [Eden: 32768.0K(32768.0K)->0.0B(92160.0K) Survivors: 71680.0K->12288.0K Heap: 772.3M(2048.0M)->553.6M(2048.0M)]
 [Times: user=0.09 sys=0.00, real=0.01 secs] 
2021-01-22T00:59:20.529+0800: 53.565: [GC pause (G1 Evacuation Pause) (mixed), 0.0086299 secs]
   [Parallel Time: 6.0 ms, GC Workers: 8]
      [GC Worker Start (ms): Min: 53565.1, Avg: 53565.3, Max: 53565.4, Diff: 0.3]
      [Ext Root Scanning (ms): Min: 0.0, Avg: 0.1, Max: 0.2, Diff: 0.2, Sum: 0.5]
      [Update RS (ms): Min: 1.8, Avg: 1.9, Max: 2.0, Diff: 0.2, Sum: 15.6]
         [Processed Buffers: Min: 28, Avg: 28.6, Max: 30, Diff: 2, Sum: 229]
      [Scan RS (ms): Min: 0.0, Avg: 0.0, Max: 0.0, Diff: 0.0, Sum: 0.1]
      [Code Root Scanning (ms): Min: 0.0, Avg: 0.0, Max: 0.0, Diff: 0.0, Sum: 0.0]
      [Object Copy (ms): Min: 3.3, Avg: 3.3, Max: 3.4, Diff: 0.0, Sum: 26.6]
      [Termination (ms): Min: 0.0, Avg: 0.0, Max: 0.1, Diff: 0.1, Sum: 0.1]
         [Termination Attempts: Min: 1, Avg: 1.0, Max: 1, Diff: 0, Sum: 8]
      [GC Worker Other (ms): Min: 0.0, Avg: 0.0, Max: 0.1, Diff: 0.1, Sum: 0.3]
      [GC Worker Total (ms): Min: 5.3, Avg: 5.4, Max: 5.6, Diff: 0.3, Sum: 43.3]
      [GC Worker End (ms): Min: 53570.7, Avg: 53570.7, Max: 53570.7, Diff: 0.1]
   [Code Root Fixup: 0.0 ms]
   [Code Root Purge: 0.0 ms]
   [Clear CT: 0.9 ms]
   [Other: 1.8 ms]
      [Choose CSet: 0.0 ms]
      [Ref Proc: 0.5 ms]
      [Ref Enq: 0.0 ms]
      [Redirty Cards: 0.9 ms]
      [Humongous Register: 0.1 ms]
      [Humongous Reclaim: 0.1 ms]
      [Free CSet: 0.1 ms]
   [Eden: 92160.0K(92160.0K)->0.0B(981.0M) Survivors: 12288.0K->13312.0K Heap: 671.0M(2048.0M)->576.8M(2048.0M)]
 [Times: user=0.05 sys=0.01, real=0.00 secs] 
2021-01-22T00:59:20.634+0800: 53.670: [GC pause (G1 Humongous Allocation) (young) (initial-mark), 0.0313269 secs]
   [Parallel Time: 27.4 ms, GC Workers: 8]
      [GC Worker Start (ms): Min: 53670.6, Avg: 53670.9, Max: 53671.2, Diff: 0.5]
      [Ext Root Scanning (ms): Min: 0.0, Avg: 0.5, Max: 0.6, Diff: 0.6, Sum: 4.0]
      [Update RS (ms): Min: 12.4, Avg: 12.5, Max: 12.7, Diff: 0.3, Sum: 100.2]
         [Processed Buffers: Min: 179, Avg: 187.4, Max: 196, Diff: 17, Sum: 1499]
      [Scan RS (ms): Min: 0.1, Avg: 0.1, Max: 0.1, Diff: 0.0, Sum: 0.8]
      [Code Root Scanning (ms): Min: 0.0, Avg: 0.0, Max: 0.0, Diff: 0.0, Sum: 0.0]
      [Object Copy (ms): Min: 13.1, Avg: 13.1, Max: 13.1, Diff: 0.1, Sum: 104.8]
      [Termination (ms): Min: 0.0, Avg: 0.0, Max: 0.1, Diff: 0.1, Sum: 0.4]
         [Termination Attempts: Min: 1, Avg: 1.2, Max: 3, Diff: 2, Sum: 10]
      [GC Worker Other (ms): Min: 0.0, Avg: 0.1, Max: 0.2, Diff: 0.2, Sum: 0.5]
      [GC Worker Total (ms): Min: 26.1, Avg: 26.3, Max: 26.6, Diff: 0.5, Sum: 210.6]
      [GC Worker End (ms): Min: 53697.2, Avg: 53697.2, Max: 53697.4, Diff: 0.2]
   [Code Root Fixup: 0.0 ms]
   [Code Root Purge: 0.0 ms]
   [Clear CT: 1.1 ms]
   [Other: 2.8 ms]
      [Choose CSet: 0.0 ms]
      [Ref Proc: 0.8 ms]
      [Ref Enq: 0.0 ms]
      [Redirty Cards: 1.2 ms]
      [Humongous Register: 0.1 ms]
      [Humongous Reclaim: 0.3 ms]
      [Free CSet: 0.3 ms]
   [Eden: 677.0M(981.0M)->0.0B(830.0M) Survivors: 13312.0K->125.0M Heap: 1439.0M(2048.0M)->730.1M(2048.0M)]
 [Times: user=0.22 sys=0.00, real=0.03 secs] 
2021-01-22T00:59:20.667+0800: 53.703: [GC concurrent-root-region-scan-start]
2021-01-22T00:59:20.667+0800: 53.703: [GC concurrent-root-region-scan-end, 0.0002843 secs]
2021-01-22T00:59:20.667+0800: 53.703: [GC concurrent-mark-start]
2021-01-22T00:59:20.669+0800: 53.705: [GC concurrent-mark-end, 0.0023823 secs]
2021-01-22T00:59:20.670+0800: 53.706: [GC remark 2021-01-22T00:59:20.670+0800: 53.706: [Finalize Marking, 0.0010557 secs] 2021-01-22T00:59:20.672+0800: 53.708: [GC ref-proc, 0.0005448 secs] 2021-01-22T00:59:20.673+0800: 53.709: [Unloading, 0.0017898 secs], 0.0067469 secs]
 [Times: user=0.01 sys=0.00, real=0.00 secs] 
2021-01-22T00:59:20.677+0800: 53.713: [GC cleanup 750M->640M(2048M), 0.0034416 secs]
 [Times: user=0.00 sys=0.01, real=0.01 secs] 
2021-01-22T00:59:20.682+0800: 53.717: [GC concurrent-cleanup-start]
2021-01-22T00:59:20.682+0800: 53.718: [GC concurrent-cleanup-end, 0.0000744 secs]
2021-01-22T00:59:20.802+0800: 53.838: [GC pause (G1 Evacuation Pause) (young) (to-space exhausted), 0.0355614 secs]
   [Parallel Time: 31.0 ms, GC Workers: 8]
      [GC Worker Start (ms): Min: 53837.8, Avg: 53838.0, Max: 53838.2, Diff: 0.4]
      [Ext Root Scanning (ms): Min: 0.0, Avg: 0.1, Max: 0.2, Diff: 0.2, Sum: 0.4]
      [Update RS (ms): Min: 14.2, Avg: 14.3, Max: 14.4, Diff: 0.2, Sum: 114.3]
         [Processed Buffers: Min: 208, Avg: 214.8, Max: 221, Diff: 13, Sum: 1718]
      [Scan RS (ms): Min: 0.1, Avg: 0.1, Max: 0.2, Diff: 0.1, Sum: 1.1]
      [Code Root Scanning (ms): Min: 0.0, Avg: 0.0, Max: 0.0, Diff: 0.0, Sum: 0.0]
      [Object Copy (ms): Min: 16.0, Avg: 16.1, Max: 16.1, Diff: 0.1, Sum: 128.4]
      [Termination (ms): Min: 0.0, Avg: 0.1, Max: 0.1, Diff: 0.1, Sum: 0.6]
         [Termination Attempts: Min: 1, Avg: 1.0, Max: 1, Diff: 0, Sum: 8]
      [GC Worker Other (ms): Min: 0.0, Avg: 0.0, Max: 0.1, Diff: 0.1, Sum: 0.2]
      [GC Worker Total (ms): Min: 30.5, Avg: 30.6, Max: 30.8, Diff: 0.3, Sum: 245.0]
      [GC Worker End (ms): Min: 53868.7, Avg: 53868.7, Max: 53868.7, Diff: 0.1]
   [Code Root Fixup: 0.0 ms]
   [Code Root Purge: 0.0 ms]
   [Clear CT: 1.0 ms]
   [Other: 3.5 ms]
      [Evacuation Failure: 1.0 ms]
      [Choose CSet: 0.0 ms]
      [Ref Proc: 0.4 ms]
      [Ref Enq: 0.0 ms]
      [Redirty Cards: 1.1 ms]
      [Humongous Register: 0.2 ms]
      [Humongous Reclaim: 0.5 ms]
      [Free CSet: 0.3 ms]
   [Eden: 830.0M(830.0M)->0.0B(7168.0K) Survivors: 125.0M->120.0M Heap: 1663.7M(2048.0M)->878.2M(2048.0M)]
 [Times: user=0.25 sys=0.00, real=0.03 secs] 
2021-01-22T00:59:20.840+0800: 53.876: [GC pause (G1 Evacuation Pause) (mixed), 0.0156480 secs]
   [Parallel Time: 12.0 ms, GC Workers: 8]
      [GC Worker Start (ms): Min: 53876.1, Avg: 53876.3, Max: 53876.4, Diff: 0.3]
      [Ext Root Scanning (ms): Min: 0.0, Avg: 0.1, Max: 0.2, Diff: 0.2, Sum: 0.5]
      [Update RS (ms): Min: 0.0, Avg: 0.1, Max: 0.2, Diff: 0.2, Sum: 1.2]
         [Processed Buffers: Min: 2, Avg: 2.6, Max: 3, Diff: 1, Sum: 21]
      [Scan RS (ms): Min: 0.0, Avg: 0.1, Max: 0.1, Diff: 0.0, Sum: 0.4]
      [Code Root Scanning (ms): Min: 0.0, Avg: 0.0, Max: 0.0, Diff: 0.0, Sum: 0.0]
      [Object Copy (ms): Min: 10.7, Avg: 10.8, Max: 10.8, Diff: 0.1, Sum: 86.2]
      [Termination (ms): Min: 0.0, Avg: 0.0, Max: 0.1, Diff: 0.1, Sum: 0.3]
         [Termination Attempts: Min: 1, Avg: 1.2, Max: 2, Diff: 1, Sum: 10]
      [GC Worker Other (ms): Min: 0.0, Avg: 0.0, Max: 0.1, Diff: 0.1, Sum: 0.2]
      [GC Worker Total (ms): Min: 10.9, Avg: 11.1, Max: 11.3, Diff: 0.3, Sum: 88.9]
      [GC Worker End (ms): Min: 53887.4, Avg: 53887.4, Max: 53887.5, Diff: 0.1]
   [Code Root Fixup: 0.0 ms]
   [Code Root Purge: 0.0 ms]
   [Clear CT: 1.3 ms]
   [Other: 2.4 ms]
      [Choose CSet: 0.1 ms]
      [Ref Proc: 0.7 ms]
      [Ref Enq: 0.0 ms]
      [Redirty Cards: 1.0 ms]
      [Humongous Register: 0.3 ms]
      [Humongous Reclaim: 0.1 ms]
      [Free CSet: 0.1 ms]
   [Eden: 7168.0K(7168.0K)->0.0B(832.0M) Survivors: 120.0M->2048.0K Heap: 885.8M(2048.0M)->740.8M(2048.0M)]
 [Times: user=0.10 sys=0.00, real=0.01 secs] 
2021-01-22T00:59:20.902+0800: 53.938: [GC pause (G1 Humongous Allocation) (young) (initial-mark), 0.0175463 secs]
   [Parallel Time: 13.9 ms, GC Workers: 8]
      [GC Worker Start (ms): Min: 53938.4, Avg: 53938.7, Max: 53938.9, Diff: 0.4]
      [Ext Root Scanning (ms): Min: 0.0, Avg: 0.4, Max: 0.6, Diff: 0.6, Sum: 3.5]
      [Update RS (ms): Min: 4.6, Avg: 4.8, Max: 5.0, Diff: 0.4, Sum: 38.6]
         [Processed Buffers: Min: 69, Avg: 73.9, Max: 77, Diff: 8, Sum: 591]
      [Scan RS (ms): Min: 0.0, Avg: 0.0, Max: 0.1, Diff: 0.0, Sum: 0.3]
      [Code Root Scanning (ms): Min: 0.0, Avg: 0.0, Max: 0.0, Diff: 0.0, Sum: 0.0]
      [Object Copy (ms): Min: 7.7, Avg: 7.7, Max: 7.8, Diff: 0.1, Sum: 61.7]
      [Termination (ms): Min: 0.0, Avg: 0.1, Max: 0.2, Diff: 0.2, Sum: 1.0]
         [Termination Attempts: Min: 1, Avg: 1.0, Max: 1, Diff: 0, Sum: 8]
      [GC Worker Other (ms): Min: 0.0, Avg: 0.0, Max: 0.0, Diff: 0.0, Sum: 0.1]
      [GC Worker Total (ms): Min: 13.0, Avg: 13.1, Max: 13.4, Diff: 0.4, Sum: 105.2]
      [GC Worker End (ms): Min: 53951.8, Avg: 53951.8, Max: 53951.8, Diff: 0.0]
   [Code Root Fixup: 0.0 ms]
   [Code Root Purge: 0.0 ms]
   [Clear CT: 1.4 ms]
   [Other: 2.2 ms]
      [Choose CSet: 0.0 ms]
      [Ref Proc: 0.6 ms]
      [Ref Enq: 0.0 ms]
      [Redirty Cards: 1.0 ms]
      [Humongous Register: 0.1 ms]
      [Humongous Reclaim: 0.1 ms]
      [Free CSet: 0.1 ms]
   [Eden: 328.0M(832.0M)->0.0B(750.0M) Survivors: 2048.0K->94208.0K Heap: 1141.3M(2048.0M)->822.4M(2048.0M)]
 [Times: user=0.10 sys=0.01, real=0.02 secs] 
2021-01-22T00:59:20.921+0800: 53.957: [GC concurrent-root-region-scan-start]
2021-01-22T00:59:20.921+0800: 53.957: [GC concurrent-root-region-scan-end, 0.0004409 secs]
2021-01-22T00:59:20.921+0800: 53.957: [GC concurrent-mark-start]
2021-01-22T00:59:20.924+0800: 53.960: [GC concurrent-mark-end, 0.0027650 secs]
2021-01-22T00:59:20.924+0800: 53.960: [GC remark 2021-01-22T00:59:20.925+0800: 53.960: [Finalize Marking, 0.0008933 secs] 2021-01-22T00:59:20.926+0800: 53.962: [GC ref-proc, 0.0006865 secs] 2021-01-22T00:59:20.927+0800: 53.963: [Unloading, 0.0015950 secs], 0.0060296 secs]
 [Times: user=0.02 sys=0.00, real=0.01 secs] 
2021-01-22T00:59:20.931+0800: 53.967: [GC cleanup 851M->723M(2048M), 0.0039030 secs]
 [Times: user=0.01 sys=0.00, real=0.00 secs] 
2021-01-22T00:59:20.936+0800: 53.972: [GC concurrent-cleanup-start]
2021-01-22T00:59:20.936+0800: 53.972: [GC concurrent-cleanup-end, 0.0000944 secs]
2021-01-22T00:59:21.046+0800: 54.082: [GC pause (G1 Evacuation Pause) (young), 0.0347909 secs]
   [Parallel Time: 31.8 ms, GC Workers: 8]
      [GC Worker Start (ms): Min: 54082.6, Avg: 54082.8, Max: 54082.9, Diff: 0.4]
      [Ext Root Scanning (ms): Min: 0.0, Avg: 0.1, Max: 0.2, Diff: 0.2, Sum: 0.5]
      [Update RS (ms): Min: 13.7, Avg: 13.8, Max: 13.9, Diff: 0.2, Sum: 110.8]
         [Processed Buffers: Min: 199, Avg: 206.6, Max: 214, Diff: 15, Sum: 1653]
      [Scan RS (ms): Min: 0.1, Avg: 0.1, Max: 0.1, Diff: 0.0, Sum: 0.9]
      [Code Root Scanning (ms): Min: 0.0, Avg: 0.0, Max: 0.0, Diff: 0.0, Sum: 0.0]
      [Object Copy (ms): Min: 16.9, Avg: 17.0, Max: 17.0, Diff: 0.1, Sum: 135.7]
      [Termination (ms): Min: 0.0, Avg: 0.1, Max: 0.1, Diff: 0.1, Sum: 0.7]
         [Termination Attempts: Min: 1, Avg: 1.0, Max: 1, Diff: 0, Sum: 8]
      [GC Worker Other (ms): Min: 0.0, Avg: 0.0, Max: 0.0, Diff: 0.0, Sum: 0.1]
      [GC Worker Total (ms): Min: 30.9, Avg: 31.1, Max: 31.3, Diff: 0.4, Sum: 248.7]
      [GC Worker End (ms): Min: 54113.9, Avg: 54113.9, Max: 54113.9, Diff: 0.0]
   [Code Root Fixup: 0.0 ms]
   [Code Root Purge: 0.0 ms]
   [Clear CT: 1.0 ms]
   [Other: 2.0 ms]
      [Choose CSet: 0.0 ms]
      [Ref Proc: 0.4 ms]
      [Ref Enq: 0.0 ms]
      [Redirty Cards: 0.8 ms]
      [Humongous Register: 0.2 ms]
      [Humongous Reclaim: 0.2 ms]
      [Free CSet: 0.3 ms]
   [Eden: 750.0M(750.0M)->0.0B(7168.0K) Survivors: 94208.0K->106.0M Heap: 1649.9M(2048.0M)->821.9M(2048.0M)]
 [Times: user=0.24 sys=0.00, real=0.04 secs] 
2021-01-22T00:59:21.083+0800: 54.119: [GC pause (G1 Evacuation Pause) (mixed), 0.0131947 secs]
   [Parallel Time: 10.9 ms, GC Workers: 8]
      [GC Worker Start (ms): Min: 54118.9, Avg: 54119.1, Max: 54119.5, Diff: 0.6]
      [Ext Root Scanning (ms): Min: 0.0, Avg: 0.1, Max: 0.2, Diff: 0.2, Sum: 0.5]
      [Update RS (ms): Min: 0.0, Avg: 0.1, Max: 0.2, Diff: 0.2, Sum: 0.8]
         [Processed Buffers: Min: 0, Avg: 1.8, Max: 3, Diff: 3, Sum: 14]
      [Scan RS (ms): Min: 0.0, Avg: 0.1, Max: 0.1, Diff: 0.1, Sum: 0.6]
      [Code Root Scanning (ms): Min: 0.0, Avg: 0.0, Max: 0.0, Diff: 0.0, Sum: 0.0]
      [Object Copy (ms): Min: 9.9, Avg: 10.0, Max: 10.1, Diff: 0.1, Sum: 79.9]
      [Termination (ms): Min: 0.0, Avg: 0.1, Max: 0.2, Diff: 0.2, Sum: 1.0]
         [Termination Attempts: Min: 1, Avg: 1.0, Max: 1, Diff: 0, Sum: 8]
      [GC Worker Other (ms): Min: 0.0, Avg: 0.0, Max: 0.0, Diff: 0.0, Sum: 0.1]
      [GC Worker Total (ms): Min: 10.0, Avg: 10.4, Max: 10.6, Diff: 0.6, Sum: 82.8]
      [GC Worker End (ms): Min: 54129.5, Avg: 54129.5, Max: 54129.5, Diff: 0.0]
   [Code Root Fixup: 0.0 ms]
   [Code Root Purge: 0.0 ms]
   [Clear CT: 0.7 ms]
   [Other: 1.6 ms]
      [Choose CSet: 0.1 ms]
      [Ref Proc: 0.6 ms]
      [Ref Enq: 0.0 ms]
      [Redirty Cards: 0.5 ms]
      [Humongous Register: 0.1 ms]
      [Humongous Reclaim: 0.0 ms]
      [Free CSet: 0.2 ms]
   [Eden: 7168.0K(7168.0K)->0.0B(100.0M) Survivors: 106.0M->2048.0K Heap: 829.5M(2048.0M)->630.0M(2048.0M)]
 [Times: user=0.09 sys=0.00, real=0.01 secs] 
2021-01-22T00:59:21.111+0800: 54.147: [GC pause (G1 Evacuation Pause) (mixed), 0.0074309 secs]
   [Parallel Time: 5.3 ms, GC Workers: 8]
      [GC Worker Start (ms): Min: 54147.6, Avg: 54147.7, Max: 54147.9, Diff: 0.3]
      [Ext Root Scanning (ms): Min: 0.0, Avg: 0.1, Max: 0.2, Diff: 0.2, Sum: 0.5]
      [Update RS (ms): Min: 1.7, Avg: 1.7, Max: 1.8, Diff: 0.1, Sum: 13.8]
         [Processed Buffers: Min: 24, Avg: 26.0, Max: 28, Diff: 4, Sum: 208]
      [Scan RS (ms): Min: 0.0, Avg: 0.1, Max: 0.2, Diff: 0.1, Sum: 0.5]
      [Code Root Scanning (ms): Min: 0.0, Avg: 0.0, Max: 0.0, Diff: 0.0, Sum: 0.0]
      [Object Copy (ms): Min: 2.7, Avg: 2.8, Max: 2.8, Diff: 0.1, Sum: 22.3]
      [Termination (ms): Min: 0.0, Avg: 0.0, Max: 0.0, Diff: 0.0, Sum: 0.1]
         [Termination Attempts: Min: 1, Avg: 1.2, Max: 3, Diff: 2, Sum: 10]
      [GC Worker Other (ms): Min: 0.0, Avg: 0.0, Max: 0.1, Diff: 0.1, Sum: 0.4]
      [GC Worker Total (ms): Min: 4.5, Avg: 4.7, Max: 4.9, Diff: 0.4, Sum: 37.6]
      [GC Worker End (ms): Min: 54152.4, Avg: 54152.4, Max: 54152.5, Diff: 0.1]
   [Code Root Fixup: 0.0 ms]
   [Code Root Purge: 0.0 ms]
   [Clear CT: 0.5 ms]
   [Other: 1.6 ms]
      [Choose CSet: 0.0 ms]
      [Ref Proc: 0.5 ms]
      [Ref Enq: 0.0 ms]
      [Redirty Cards: 0.6 ms]
      [Humongous Register: 0.1 ms]
      [Humongous Reclaim: 0.1 ms]
      [Free CSet: 0.1 ms]
   [Eden: 100.0M(100.0M)->0.0B(911.0M) Survivors: 2048.0K->13312.0K Heap: 754.8M(2048.0M)->620.9M(2048.0M)]
 [Times: user=0.03 sys=0.01, real=0.01 secs] 
2021-01-22T00:59:21.196+0800: 54.231: [GC pause (G1 Humongous Allocation) (young) (initial-mark), 0.0256563 secs]
   [Parallel Time: 22.4 ms, GC Workers: 8]
      [GC Worker Start (ms): Min: 54231.8, Avg: 54232.0, Max: 54232.2, Diff: 0.4]
      [Ext Root Scanning (ms): Min: 0.0, Avg: 0.4, Max: 0.6, Diff: 0.6, Sum: 3.2]
      [Update RS (ms): Min: 10.0, Avg: 10.1, Max: 10.2, Diff: 0.3, Sum: 80.7]
         [Processed Buffers: Min: 146, Avg: 152.1, Max: 158, Diff: 12, Sum: 1217]
      [Scan RS (ms): Min: 0.0, Avg: 0.1, Max: 0.1, Diff: 0.0, Sum: 0.5]
      [Code Root Scanning (ms): Min: 0.0, Avg: 0.0, Max: 0.0, Diff: 0.0, Sum: 0.0]
      [Object Copy (ms): Min: 11.1, Avg: 11.1, Max: 11.2, Diff: 0.1, Sum: 89.1]
      [Termination (ms): Min: 0.0, Avg: 0.1, Max: 0.1, Diff: 0.1, Sum: 0.4]
         [Termination Attempts: Min: 1, Avg: 1.4, Max: 2, Diff: 1, Sum: 11]
      [GC Worker Other (ms): Min: 0.0, Avg: 0.0, Max: 0.0, Diff: 0.0, Sum: 0.1]
      [GC Worker Total (ms): Min: 21.6, Avg: 21.8, Max: 22.0, Diff: 0.4, Sum: 174.0]
      [GC Worker End (ms): Min: 54253.7, Avg: 54253.7, Max: 54253.7, Diff: 0.0]
   [Code Root Fixup: 0.0 ms]
   [Code Root Purge: 0.0 ms]
   [Clear CT: 1.1 ms]
   [Other: 2.1 ms]
      [Choose CSet: 0.0 ms]
      [Ref Proc: 0.4 ms]
      [Ref Enq: 0.0 ms]
      [Redirty Cards: 0.9 ms]
      [Humongous Register: 0.1 ms]
      [Humongous Reclaim: 0.2 ms]
      [Free CSet: 0.2 ms]
   [Eden: 537.0M(911.0M)->0.0B(806.0M) Survivors: 13312.0K->116.0M Heap: 1308.3M(2048.0M)->735.7M(2048.0M)]
 [Times: user=0.18 sys=0.00, real=0.03 secs] 
2021-01-22T00:59:21.222+0800: 54.258: [GC concurrent-root-region-scan-start]
2021-01-22T00:59:21.222+0800: 54.258: [GC concurrent-root-region-scan-end, 0.0002607 secs]
2021-01-22T00:59:21.222+0800: 54.258: [GC concurrent-mark-start]
2021-01-22T00:59:21.226+0800: 54.262: [GC concurrent-mark-end, 0.0034413 secs]
2021-01-22T00:59:21.226+0800: 54.262: [GC remark 2021-01-22T00:59:21.226+0800: 54.262: [Finalize Marking, 0.0013483 secs] 2021-01-22T00:59:21.228+0800: 54.264: [GC ref-proc, 0.0005673 secs] 2021-01-22T00:59:21.229+0800: 54.265: [Unloading, 0.0013769 secs], 0.0060735 secs]
 [Times: user=0.01 sys=0.00, real=0.01 secs] 
2021-01-22T00:59:21.233+0800: 54.269: [GC cleanup 774M->669M(2048M), 0.0034163 secs]
 [Times: user=0.01 sys=0.00, real=0.00 secs] 
2021-01-22T00:59:21.237+0800: 54.273: [GC concurrent-cleanup-start]
2021-01-22T00:59:21.237+0800: 54.273: [GC concurrent-cleanup-end, 0.0000845 secs]
2021-01-22T00:59:21.355+0800: 54.391: [GC pause (G1 Evacuation Pause) (young) (to-space exhausted), 0.0374086 secs]
   [Parallel Time: 32.0 ms, GC Workers: 8]
      [GC Worker Start (ms): Min: 54391.7, Avg: 54391.9, Max: 54392.0, Diff: 0.3]
      [Ext Root Scanning (ms): Min: 0.0, Avg: 0.1, Max: 0.2, Diff: 0.2, Sum: 0.5]
      [Update RS (ms): Min: 15.1, Avg: 15.1, Max: 15.1, Diff: 0.1, Sum: 120.8]
         [Processed Buffers: Min: 218, Avg: 227.9, Max: 234, Diff: 16, Sum: 1823]
      [Scan RS (ms): Min: 0.1, Avg: 0.1, Max: 0.2, Diff: 0.1, Sum: 1.0]
      [Code Root Scanning (ms): Min: 0.0, Avg: 0.0, Max: 0.0, Diff: 0.0, Sum: 0.0]
      [Object Copy (ms): Min: 15.8, Avg: 15.8, Max: 15.9, Diff: 0.2, Sum: 126.7]
      [Termination (ms): Min: 0.0, Avg: 0.1, Max: 0.2, Diff: 0.2, Sum: 0.9]
         [Termination Attempts: Min: 1, Avg: 1.0, Max: 1, Diff: 0, Sum: 8]
      [GC Worker Other (ms): Min: 0.0, Avg: 0.1, Max: 0.2, Diff: 0.2, Sum: 0.5]
      [GC Worker Total (ms): Min: 31.1, Avg: 31.3, Max: 31.6, Diff: 0.5, Sum: 250.5]
      [GC Worker End (ms): Min: 54423.1, Avg: 54423.2, Max: 54423.3, Diff: 0.2]
   [Code Root Fixup: 0.0 ms]
   [Code Root Purge: 0.0 ms]
   [Clear CT: 1.1 ms]
   [Other: 4.2 ms]
      [Evacuation Failure: 1.2 ms]
      [Choose CSet: 0.0 ms]
      [Ref Proc: 0.6 ms]
      [Ref Enq: 0.0 ms]
      [Redirty Cards: 1.3 ms]
      [Humongous Register: 0.3 ms]
      [Humongous Reclaim: 0.3 ms]
      [Free CSet: 0.4 ms]
   [Eden: 806.0M(806.0M)->0.0B(7168.0K) Survivors: 116.0M->116.0M Heap: 1663.2M(2048.0M)->848.8M(2048.0M)]
 [Times: user=0.26 sys=0.00, real=0.04 secs] 
2021-01-22T00:59:21.395+0800: 54.430: [GC pause (G1 Evacuation Pause) (mixed), 0.0152937 secs]
   [Parallel Time: 12.1 ms, GC Workers: 8]
      [GC Worker Start (ms): Min: 54430.8, Avg: 54431.0, Max: 54431.2, Diff: 0.4]
      [Ext Root Scanning (ms): Min: 0.0, Avg: 0.1, Max: 0.2, Diff: 0.2, Sum: 0.6]
      [Update RS (ms): Min: 0.2, Avg: 0.3, Max: 0.3, Diff: 0.1, Sum: 2.1]
         [Processed Buffers: Min: 3, Avg: 4.9, Max: 7, Diff: 4, Sum: 39]
      [Scan RS (ms): Min: 0.1, Avg: 0.1, Max: 0.1, Diff: 0.0, Sum: 0.6]
      [Code Root Scanning (ms): Min: 0.0, Avg: 0.0, Max: 0.0, Diff: 0.0, Sum: 0.0]
      [Object Copy (ms): Min: 10.6, Avg: 10.7, Max: 10.9, Diff: 0.3, Sum: 85.3]
      [Termination (ms): Min: 0.0, Avg: 0.2, Max: 0.3, Diff: 0.3, Sum: 1.7]
         [Termination Attempts: Min: 1, Avg: 1.0, Max: 1, Diff: 0, Sum: 8]
      [GC Worker Other (ms): Min: 0.0, Avg: 0.0, Max: 0.0, Diff: 0.0, Sum: 0.1]
      [GC Worker Total (ms): Min: 11.1, Avg: 11.3, Max: 11.5, Diff: 0.4, Sum: 90.3]
      [GC Worker End (ms): Min: 54442.3, Avg: 54442.3, Max: 54442.3, Diff: 0.0]
   [Code Root Fixup: 0.0 ms]
   [Code Root Purge: 0.0 ms]
   [Clear CT: 0.8 ms]
   [Other: 2.4 ms]
      [Choose CSet: 0.1 ms]
      [Ref Proc: 0.6 ms]
      [Ref Enq: 0.0 ms]
      [Redirty Cards: 1.1 ms]
      [Humongous Register: 0.2 ms]
      [Humongous Reclaim: 0.1 ms]
      [Free CSet: 0.2 ms]
   [Eden: 7168.0K(7168.0K)->0.0B(839.0M) Survivors: 116.0M->3072.0K Heap: 858.7M(2048.0M)->703.9M(2048.0M)]
 [Times: user=0.09 sys=0.00, real=0.02 secs] 
2021-01-22T00:59:21.456+0800: 54.492: [GC pause (G1 Humongous Allocation) (young) (initial-mark), 0.0186087 secs]
   [Parallel Time: 14.7 ms, GC Workers: 8]
      [GC Worker Start (ms): Min: 54492.8, Avg: 54493.0, Max: 54493.3, Diff: 0.5]
      [Ext Root Scanning (ms): Min: 0.0, Avg: 0.5, Max: 0.7, Diff: 0.7, Sum: 3.8]
      [Update RS (ms): Min: 6.2, Avg: 6.4, Max: 6.5, Diff: 0.3, Sum: 50.8]
         [Processed Buffers: Min: 76, Avg: 93.5, Max: 98, Diff: 22, Sum: 748]
      [Scan RS (ms): Min: 0.0, Avg: 0.0, Max: 0.1, Diff: 0.0, Sum: 0.2]
      [Code Root Scanning (ms): Min: 0.0, Avg: 0.0, Max: 0.0, Diff: 0.0, Sum: 0.0]
      [Object Copy (ms): Min: 6.8, Avg: 6.8, Max: 6.8, Diff: 0.1, Sum: 54.5]
      [Termination (ms): Min: 0.0, Avg: 0.0, Max: 0.1, Diff: 0.1, Sum: 0.4]
         [Termination Attempts: Min: 1, Avg: 1.2, Max: 2, Diff: 1, Sum: 10]
      [GC Worker Other (ms): Min: 0.0, Avg: 0.0, Max: 0.0, Diff: 0.0, Sum: 0.1]
      [GC Worker Total (ms): Min: 13.5, Avg: 13.7, Max: 14.0, Diff: 0.5, Sum: 109.8]
      [GC Worker End (ms): Min: 54506.7, Avg: 54506.7, Max: 54506.7, Diff: 0.0]
   [Code Root Fixup: 0.0 ms]
   [Code Root Purge: 0.0 ms]
   [Clear CT: 1.0 ms]
   [Other: 2.9 ms]
      [Choose CSet: 0.0 ms]
      [Ref Proc: 0.9 ms]
      [Ref Enq: 0.0 ms]
      [Redirty Cards: 1.0 ms]
      [Humongous Register: 0.2 ms]
      [Humongous Reclaim: 0.2 ms]
      [Free CSet: 0.2 ms]
   [Eden: 298.0M(839.0M)->0.0B(789.0M) Survivors: 3072.0K->84992.0K Heap: 1093.9M(2048.0M)->784.0M(2048.0M)]
 [Times: user=0.11 sys=0.00, real=0.02 secs] 
2021-01-22T00:59:21.476+0800: 54.511: [GC concurrent-root-region-scan-start]
2021-01-22T00:59:21.476+0800: 54.512: [GC concurrent-root-region-scan-end, 0.0002855 secs]
2021-01-22T00:59:21.476+0800: 54.512: [GC concurrent-mark-start]
2021-01-22T00:59:21.479+0800: 54.515: [GC concurrent-mark-end, 0.0027917 secs]
2021-01-22T00:59:21.479+0800: 54.515: [GC remark 2021-01-22T00:59:21.479+0800: 54.515: [Finalize Marking, 0.0011367 secs] 2021-01-22T00:59:21.481+0800: 54.517: [GC ref-proc, 0.0004161 secs] 2021-01-22T00:59:21.481+0800: 54.517: [Unloading, 0.0007749 secs], 0.0048814 secs]
 [Times: user=0.02 sys=0.00, real=0.00 secs] 
2021-01-22T00:59:21.485+0800: 54.521: [GC cleanup 811M->685M(2048M), 0.0033814 secs]
 [Times: user=0.01 sys=0.00, real=0.01 secs] 
2021-01-22T00:59:21.489+0800: 54.525: [GC concurrent-cleanup-start]
2021-01-22T00:59:21.489+0800: 54.525: [GC concurrent-cleanup-end, 0.0000785 secs]
2021-01-22T00:59:21.610+0800: 54.645: [GC pause (G1 Evacuation Pause) (young) (to-space exhausted), 0.0375175 secs]
   [Parallel Time: 33.5 ms, GC Workers: 8]
      [GC Worker Start (ms): Min: 54645.7, Avg: 54645.9, Max: 54646.0, Diff: 0.3]
      [Ext Root Scanning (ms): Min: 0.0, Avg: 0.1, Max: 0.2, Diff: 0.2, Sum: 0.5]
      [Update RS (ms): Min: 14.1, Avg: 14.2, Max: 14.2, Diff: 0.1, Sum: 113.5]
         [Processed Buffers: Min: 203, Avg: 212.8, Max: 220, Diff: 17, Sum: 1702]
      [Scan RS (ms): Min: 0.1, Avg: 0.1, Max: 0.1, Diff: 0.1, Sum: 1.0]
      [Code Root Scanning (ms): Min: 0.0, Avg: 0.0, Max: 0.0, Diff: 0.0, Sum: 0.0]
      [Object Copy (ms): Min: 17.0, Avg: 17.3, Max: 18.6, Diff: 1.5, Sum: 138.2]
      [Termination (ms): Min: 0.0, Avg: 1.3, Max: 1.6, Diff: 1.6, Sum: 10.4]
         [Termination Attempts: Min: 1, Avg: 1.0, Max: 1, Diff: 0, Sum: 8]
      [GC Worker Other (ms): Min: 0.0, Avg: 0.0, Max: 0.1, Diff: 0.1, Sum: 0.2]
      [GC Worker Total (ms): Min: 32.8, Avg: 33.0, Max: 33.1, Diff: 0.3, Sum: 263.8]
      [GC Worker End (ms): Min: 54678.8, Avg: 54678.8, Max: 54678.9, Diff: 0.1]
   [Code Root Fixup: 0.0 ms]
   [Code Root Purge: 0.0 ms]
   [Clear CT: 0.7 ms]
   [Other: 3.3 ms]
      [Evacuation Failure: 0.7 ms]
      [Choose CSet: 0.0 ms]
      [Ref Proc: 1.1 ms]
      [Ref Enq: 0.0 ms]
      [Redirty Cards: 0.7 ms]
      [Humongous Register: 0.2 ms]
      [Humongous Reclaim: 0.3 ms]
      [Free CSet: 0.3 ms]
   [Eden: 789.0M(789.0M)->0.0B(7168.0K) Survivors: 84992.0K->109.0M Heap: 1658.5M(2048.0M)->818.1M(2048.0M)]
 [Times: user=0.27 sys=0.00, real=0.03 secs] 
2021-01-22T00:59:21.649+0800: 54.684: [GC pause (G1 Evacuation Pause) (mixed), 0.0151858 secs]
   [Parallel Time: 11.5 ms, GC Workers: 8]
      [GC Worker Start (ms): Min: 54684.7, Avg: 54684.9, Max: 54685.0, Diff: 0.3]
      [Ext Root Scanning (ms): Min: 0.0, Avg: 0.1, Max: 0.2, Diff: 0.2, Sum: 0.5]
      [Update RS (ms): Min: 0.1, Avg: 0.2, Max: 0.2, Diff: 0.1, Sum: 1.3]
         [Processed Buffers: Min: 2, Avg: 3.1, Max: 5, Diff: 3, Sum: 25]
      [Scan RS (ms): Min: 0.0, Avg: 0.1, Max: 0.1, Diff: 0.0, Sum: 0.5]
      [Code Root Scanning (ms): Min: 0.0, Avg: 0.0, Max: 0.0, Diff: 0.0, Sum: 0.0]
      [Object Copy (ms): Min: 10.4, Avg: 10.4, Max: 10.6, Diff: 0.2, Sum: 83.6]
      [Termination (ms): Min: 0.0, Avg: 0.1, Max: 0.2, Diff: 0.2, Sum: 1.1]
         [Termination Attempts: Min: 1, Avg: 1.2, Max: 2, Diff: 1, Sum: 10]
      [GC Worker Other (ms): Min: 0.0, Avg: 0.0, Max: 0.0, Diff: 0.0, Sum: 0.1]
      [GC Worker Total (ms): Min: 10.8, Avg: 10.9, Max: 11.1, Diff: 0.3, Sum: 87.1]
      [GC Worker End (ms): Min: 54695.7, Avg: 54695.8, Max: 54695.8, Diff: 0.1]
   [Code Root Fixup: 0.0 ms]
   [Code Root Purge: 0.0 ms]
   [Clear CT: 1.2 ms]
   [Other: 2.5 ms]
      [Choose CSet: 0.1 ms]
      [Ref Proc: 1.0 ms]
      [Ref Enq: 0.0 ms]
      [Redirty Cards: 0.9 ms]
      [Humongous Register: 0.1 ms]
      [Humongous Reclaim: 0.0 ms]
      [Free CSet: 0.2 ms]
   [Eden: 7168.0K(7168.0K)->0.0B(907.0M) Survivors: 109.0M->3072.0K Heap: 826.4M(2048.0M)->643.3M(2048.0M)]
 [Times: user=0.09 sys=0.00, real=0.01 secs] 
2021-01-22T00:59:21.735+0800: 54.771: [GC pause (G1 Humongous Allocation) (young) (initial-mark), 0.0303475 secs]
   [Parallel Time: 26.8 ms, GC Workers: 8]
      [GC Worker Start (ms): Min: 54771.5, Avg: 54771.7, Max: 54771.9, Diff: 0.4]
      [Ext Root Scanning (ms): Min: 0.0, Avg: 0.4, Max: 0.6, Diff: 0.6, Sum: 2.9]
      [Update RS (ms): Min: 9.1, Avg: 9.2, Max: 9.5, Diff: 0.4, Sum: 74.0]
         [Processed Buffers: Min: 99, Avg: 131.2, Max: 142, Diff: 43, Sum: 1050]
      [Scan RS (ms): Min: 0.0, Avg: 0.1, Max: 0.1, Diff: 0.1, Sum: 0.5]
      [Code Root Scanning (ms): Min: 0.0, Avg: 0.0, Max: 0.0, Diff: 0.0, Sum: 0.0]
      [Object Copy (ms): Min: 11.0, Avg: 11.7, Max: 16.3, Diff: 5.3, Sum: 93.8]
      [Termination (ms): Min: 0.0, Avg: 4.5, Max: 5.2, Diff: 5.2, Sum: 36.3]
         [Termination Attempts: Min: 1, Avg: 1.2, Max: 2, Diff: 1, Sum: 10]
      [GC Worker Other (ms): Min: 0.0, Avg: 0.0, Max: 0.0, Diff: 0.0, Sum: 0.1]
      [GC Worker Total (ms): Min: 25.8, Avg: 26.0, Max: 26.1, Diff: 0.4, Sum: 207.6]
      [GC Worker End (ms): Min: 54797.7, Avg: 54797.7, Max: 54797.7, Diff: 0.1]
   [Code Root Fixup: 0.0 ms]
   [Code Root Purge: 0.0 ms]
   [Clear CT: 0.9 ms]
   [Other: 2.7 ms]
      [Choose CSet: 0.0 ms]
      [Ref Proc: 0.9 ms]
      [Ref Enq: 0.0 ms]
      [Redirty Cards: 1.0 ms]
      [Humongous Register: 0.1 ms]
      [Humongous Reclaim: 0.2 ms]
      [Free CSet: 0.2 ms]
   [Eden: 503.0M(907.0M)->0.0B(781.0M) Survivors: 3072.0K->114.0M Heap: 1276.3M(2048.0M)->757.6M(2048.0M)]
 [Times: user=0.21 sys=0.00, real=0.03 secs] 
2021-01-22T00:59:21.766+0800: 54.802: [GC concurrent-root-region-scan-start]
2021-01-22T00:59:21.767+0800: 54.803: [GC concurrent-root-region-scan-end, 0.0002641 secs]
2021-01-22T00:59:21.767+0800: 54.803: [GC concurrent-mark-start]
2021-01-22T00:59:21.769+0800: 54.805: [GC concurrent-mark-end, 0.0024809 secs]
2021-01-22T00:59:21.769+0800: 54.805: [GC remark 2021-01-22T00:59:21.770+0800: 54.806: [Finalize Marking, 0.0009720 secs] 2021-01-22T00:59:21.771+0800: 54.807: [GC ref-proc, 0.0005347 secs] 2021-01-22T00:59:21.772+0800: 54.808: [Unloading, 0.0016532 secs], 0.0063654 secs]
 [Times: user=0.01 sys=0.00, real=0.00 secs] 
2021-01-22T00:59:21.777+0800: 54.813: [GC cleanup 787M->652M(2048M), 0.0036977 secs]
 [Times: user=0.01 sys=0.00, real=0.01 secs] 
2021-01-22T00:59:21.781+0800: 54.817: [GC concurrent-cleanup-start]
2021-01-22T00:59:21.781+0800: 54.817: [GC concurrent-cleanup-end, 0.0001293 secs]
2021-01-22T00:59:21.890+0800: 54.925: [GC pause (G1 Evacuation Pause) (young), 0.0380699 secs]
   [Parallel Time: 33.7 ms, GC Workers: 8]
      [GC Worker Start (ms): Min: 54925.9, Avg: 54926.1, Max: 54926.3, Diff: 0.4]
      [Ext Root Scanning (ms): Min: 0.0, Avg: 0.1, Max: 0.3, Diff: 0.3, Sum: 0.7]
      [Update RS (ms): Min: 14.0, Avg: 14.1, Max: 14.2, Diff: 0.1, Sum: 113.0]
         [Processed Buffers: Min: 204, Avg: 212.5, Max: 219, Diff: 15, Sum: 1700]
      [Scan RS (ms): Min: 0.1, Avg: 0.1, Max: 0.2, Diff: 0.1, Sum: 1.1]
      [Code Root Scanning (ms): Min: 0.0, Avg: 0.0, Max: 0.0, Diff: 0.0, Sum: 0.0]
      [Object Copy (ms): Min: 18.1, Avg: 18.2, Max: 18.3, Diff: 0.2, Sum: 145.4]
      [Termination (ms): Min: 0.0, Avg: 0.1, Max: 0.2, Diff: 0.2, Sum: 0.7]
         [Termination Attempts: Min: 1, Avg: 1.0, Max: 1, Diff: 0, Sum: 8]
      [GC Worker Other (ms): Min: 0.0, Avg: 0.1, Max: 0.3, Diff: 0.3, Sum: 1.0]
      [GC Worker Total (ms): Min: 32.5, Avg: 32.7, Max: 33.0, Diff: 0.5, Sum: 261.9]
      [GC Worker End (ms): Min: 54958.8, Avg: 54958.9, Max: 54959.1, Diff: 0.3]
   [Code Root Fixup: 0.0 ms]
   [Code Root Purge: 0.0 ms]
   [Clear CT: 0.8 ms]
   [Other: 3.5 ms]
      [Choose CSet: 0.0 ms]
      [Ref Proc: 0.9 ms]
      [Ref Enq: 0.0 ms]
      [Redirty Cards: 1.2 ms]
      [Humongous Register: 0.3 ms]
      [Humongous Reclaim: 0.4 ms]
      [Free CSet: 0.5 ms]
   [Eden: 781.0M(781.0M)->0.0B(7168.0K) Survivors: 114.0M->112.0M Heap: 1614.8M(2048.0M)->712.8M(2048.0M)]
 [Times: user=0.27 sys=0.00, real=0.03 secs] 
2021-01-22T00:59:21.929+0800: 54.965: [GC pause (G1 Evacuation Pause) (mixed), 0.0144751 secs]
   [Parallel Time: 11.3 ms, GC Workers: 8]
      [GC Worker Start (ms): Min: 54965.0, Avg: 54965.1, Max: 54965.3, Diff: 0.3]
      [Ext Root Scanning (ms): Min: 0.0, Avg: 0.1, Max: 0.2, Diff: 0.2, Sum: 0.6]
      [Update RS (ms): Min: 0.1, Avg: 0.2, Max: 0.3, Diff: 0.1, Sum: 1.7]
         [Processed Buffers: Min: 2, Avg: 3.1, Max: 4, Diff: 2, Sum: 25]
      [Scan RS (ms): Min: 0.0, Avg: 0.1, Max: 0.1, Diff: 0.1, Sum: 0.4]
      [Code Root Scanning (ms): Min: 0.0, Avg: 0.0, Max: 0.0, Diff: 0.0, Sum: 0.0]
      [Object Copy (ms): Min: 10.5, Avg: 10.5, Max: 10.6, Diff: 0.1, Sum: 84.2]
      [Termination (ms): Min: 0.0, Avg: 0.0, Max: 0.1, Diff: 0.1, Sum: 0.3]
         [Termination Attempts: Min: 1, Avg: 2.1, Max: 6, Diff: 5, Sum: 17]
      [GC Worker Other (ms): Min: 0.0, Avg: 0.0, Max: 0.0, Diff: 0.0, Sum: 0.1]
      [GC Worker Total (ms): Min: 10.8, Avg: 10.9, Max: 11.1, Diff: 0.3, Sum: 87.3]
      [GC Worker End (ms): Min: 54976.0, Avg: 54976.1, Max: 54976.1, Diff: 0.0]
   [Code Root Fixup: 0.0 ms]
   [Code Root Purge: 0.0 ms]
   [Clear CT: 1.2 ms]
   [Other: 2.0 ms]
      [Choose CSet: 0.1 ms]
      [Ref Proc: 0.6 ms]
      [Ref Enq: 0.0 ms]
      [Redirty Cards: 0.8 ms]
      [Humongous Register: 0.1 ms]
      [Humongous Reclaim: 0.0 ms]
      [Free CSet: 0.2 ms]
   [Eden: 7168.0K(7168.0K)->0.0B(940.0M) Survivors: 112.0M->5120.0K Heap: 721.8M(2048.0M)->571.4M(2048.0M)]
 [Times: user=0.09 sys=0.00, real=0.01 secs] 
2021-01-22T00:59:22.033+0800: 55.069: [GC pause (G1 Humongous Allocation) (young) (initial-mark), 0.0308153 secs]
   [Parallel Time: 26.9 ms, GC Workers: 8]
      [GC Worker Start (ms): Min: 55069.3, Avg: 55069.5, Max: 55069.7, Diff: 0.4]
      [Ext Root Scanning (ms): Min: 0.0, Avg: 0.4, Max: 0.6, Diff: 0.6, Sum: 3.2]
      [Update RS (ms): Min: 13.2, Avg: 13.3, Max: 13.6, Diff: 0.4, Sum: 106.7]
         [Processed Buffers: Min: 155, Avg: 186.0, Max: 203, Diff: 48, Sum: 1488]
      [Scan RS (ms): Min: 0.0, Avg: 0.1, Max: 0.1, Diff: 0.1, Sum: 0.7]
      [Code Root Scanning (ms): Min: 0.0, Avg: 0.0, Max: 0.0, Diff: 0.0, Sum: 0.0]
      [Object Copy (ms): Min: 11.5, Avg: 11.9, Max: 12.6, Diff: 1.0, Sum: 95.5]
      [Termination (ms): Min: 0.0, Avg: 0.6, Max: 0.7, Diff: 0.7, Sum: 4.7]
         [Termination Attempts: Min: 1, Avg: 1.5, Max: 3, Diff: 2, Sum: 12]
      [GC Worker Other (ms): Min: 0.0, Avg: 0.1, Max: 0.1, Diff: 0.1, Sum: 0.5]
      [GC Worker Total (ms): Min: 26.2, Avg: 26.4, Max: 26.6, Diff: 0.4, Sum: 211.3]
      [GC Worker End (ms): Min: 55095.9, Avg: 55095.9, Max: 55096.0, Diff: 0.1]
   [Code Root Fixup: 0.0 ms]
   [Code Root Purge: 0.0 ms]
   [Clear CT: 1.3 ms]
   [Other: 2.6 ms]
      [Choose CSet: 0.0 ms]
      [Ref Proc: 0.5 ms]
      [Ref Enq: 0.0 ms]
      [Redirty Cards: 1.2 ms]
      [Humongous Register: 0.1 ms]
      [Humongous Reclaim: 0.3 ms]
      [Free CSet: 0.3 ms]
   [Eden: 621.0M(940.0M)->0.0B(821.0M) Survivors: 5120.0K->119.0M Heap: 1376.4M(2048.0M)->716.6M(2048.0M)]
 [Times: user=0.22 sys=0.00, real=0.03 secs] 
2021-01-22T00:59:22.065+0800: 55.101: [GC concurrent-root-region-scan-start]
2021-01-22T00:59:22.065+0800: 55.101: [GC concurrent-root-region-scan-end, 0.0003195 secs]
2021-01-22T00:59:22.065+0800: 55.101: [GC concurrent-mark-start]
2021-01-22T00:59:22.068+0800: 55.104: [GC concurrent-mark-end, 0.0026263 secs]
2021-01-22T00:59:22.068+0800: 55.104: [GC remark 2021-01-22T00:59:22.069+0800: 55.104: [Finalize Marking, 0.0014140 secs] 2021-01-22T00:59:22.070+0800: 55.106: [GC ref-proc, 0.0005152 secs] 2021-01-22T00:59:22.071+0800: 55.107: [Unloading, 0.0015325 secs], 0.0059322 secs]
 [Times: user=0.01 sys=0.00, real=0.01 secs] 
2021-01-22T00:59:22.075+0800: 55.111: [GC cleanup 750M->636M(2048M), 0.0032290 secs]
 [Times: user=0.00 sys=0.01, real=0.01 secs] 
2021-01-22T00:59:22.079+0800: 55.114: [GC concurrent-cleanup-start]
2021-01-22T00:59:22.079+0800: 55.114: [GC concurrent-cleanup-end, 0.0000875 secs]
2021-01-22T00:59:22.193+0800: 55.229: [GC pause (G1 Evacuation Pause) (young) (to-space exhausted), 0.0383378 secs]
   [Parallel Time: 34.1 ms, GC Workers: 8]
      [GC Worker Start (ms): Min: 55229.5, Avg: 55229.7, Max: 55229.9, Diff: 0.4]
      [Ext Root Scanning (ms): Min: 0.0, Avg: 0.1, Max: 0.3, Diff: 0.2, Sum: 0.5]
      [Update RS (ms): Min: 14.2, Avg: 14.3, Max: 14.4, Diff: 0.1, Sum: 114.6]
         [Processed Buffers: Min: 209, Avg: 216.8, Max: 223, Diff: 14, Sum: 1734]
      [Scan RS (ms): Min: 0.1, Avg: 0.1, Max: 0.2, Diff: 0.0, Sum: 1.0]
      [Code Root Scanning (ms): Min: 0.0, Avg: 0.0, Max: 0.0, Diff: 0.0, Sum: 0.0]
      [Object Copy (ms): Min: 18.3, Avg: 18.3, Max: 18.4, Diff: 0.1, Sum: 146.5]
      [Termination (ms): Min: 0.0, Avg: 0.1, Max: 0.1, Diff: 0.1, Sum: 0.4]
         [Termination Attempts: Min: 1, Avg: 1.0, Max: 1, Diff: 0, Sum: 8]
      [GC Worker Other (ms): Min: 0.0, Avg: 0.1, Max: 0.4, Diff: 0.4, Sum: 1.0]
      [GC Worker Total (ms): Min: 32.8, Avg: 33.0, Max: 33.5, Diff: 0.7, Sum: 264.0]
      [GC Worker End (ms): Min: 55262.6, Avg: 55262.7, Max: 55263.0, Diff: 0.4]
   [Code Root Fixup: 0.0 ms]
   [Code Root Purge: 0.0 ms]
   [Clear CT: 0.8 ms]
   [Other: 3.4 ms]
      [Evacuation Failure: 1.1 ms]
      [Choose CSet: 0.0 ms]
      [Ref Proc: 0.5 ms]
      [Ref Enq: 0.0 ms]
      [Redirty Cards: 1.0 ms]
      [Humongous Register: 0.2 ms]
      [Humongous Reclaim: 0.3 ms]
      [Free CSet: 0.3 ms]
   [Eden: 821.0M(821.0M)->0.0B(7168.0K) Survivors: 119.0M->118.0M Heap: 1639.1M(2048.0M)->710.4M(2048.0M)]
 [Times: user=0.26 sys=0.01, real=0.04 secs] 
2021-01-22T00:59:22.233+0800: 55.269: [GC pause (G1 Evacuation Pause) (mixed), 0.0147342 secs]
   [Parallel Time: 11.9 ms, GC Workers: 8]
      [GC Worker Start (ms): Min: 55269.6, Avg: 55269.8, Max: 55269.9, Diff: 0.3]
      [Ext Root Scanning (ms): Min: 0.0, Avg: 0.1, Max: 0.2, Diff: 0.2, Sum: 0.5]
      [Update RS (ms): Min: 0.0, Avg: 0.1, Max: 0.2, Diff: 0.1, Sum: 0.9]
         [Processed Buffers: Min: 1, Avg: 2.6, Max: 5, Diff: 4, Sum: 21]
      [Scan RS (ms): Min: 0.0, Avg: 0.0, Max: 0.1, Diff: 0.1, Sum: 0.4]
      [Code Root Scanning (ms): Min: 0.0, Avg: 0.0, Max: 0.0, Diff: 0.0, Sum: 0.0]
      [Object Copy (ms): Min: 10.8, Avg: 10.9, Max: 11.1, Diff: 0.3, Sum: 87.3]
      [Termination (ms): Min: 0.0, Avg: 0.2, Max: 0.3, Diff: 0.3, Sum: 1.6]
         [Termination Attempts: Min: 1, Avg: 1.5, Max: 4, Diff: 3, Sum: 12]
      [GC Worker Other (ms): Min: 0.0, Avg: 0.0, Max: 0.0, Diff: 0.0, Sum: 0.1]
      [GC Worker Total (ms): Min: 11.2, Avg: 11.4, Max: 11.5, Diff: 0.3, Sum: 90.8]
      [GC Worker End (ms): Min: 55281.1, Avg: 55281.1, Max: 55281.1, Diff: 0.0]
   [Code Root Fixup: 0.0 ms]
   [Code Root Purge: 0.0 ms]
   [Clear CT: 0.8 ms]
   [Other: 2.0 ms]
      [Choose CSet: 0.1 ms]
      [Ref Proc: 0.5 ms]
      [Ref Enq: 0.0 ms]
      [Redirty Cards: 0.9 ms]
      [Humongous Register: 0.1 ms]
      [Humongous Reclaim: 0.1 ms]
      [Free CSet: 0.2 ms]
   [Eden: 7168.0K(7168.0K)->0.0B(940.0M) Survivors: 118.0M->3072.0K Heap: 718.1M(2048.0M)->577.1M(2048.0M)]
 [Times: user=0.10 sys=0.00, real=0.02 secs] 
2021-01-22T00:59:22.353+0800: 55.389: [GC pause (G1 Humongous Allocation) (young) (initial-mark), 0.0302208 secs]
   [Parallel Time: 26.6 ms, GC Workers: 8]
      [GC Worker Start (ms): Min: 55389.2, Avg: 55389.4, Max: 55389.6, Diff: 0.4]
      [Ext Root Scanning (ms): Min: 0.0, Avg: 0.4, Max: 0.5, Diff: 0.5, Sum: 2.9]
      [Update RS (ms): Min: 12.0, Avg: 12.1, Max: 12.2, Diff: 0.2, Sum: 96.9]
         [Processed Buffers: Min: 171, Avg: 181.5, Max: 185, Diff: 14, Sum: 1452]
      [Scan RS (ms): Min: 0.1, Avg: 0.1, Max: 0.1, Diff: 0.0, Sum: 0.8]
      [Code Root Scanning (ms): Min: 0.0, Avg: 0.0, Max: 0.0, Diff: 0.0, Sum: 0.0]
      [Object Copy (ms): Min: 13.2, Avg: 13.3, Max: 13.4, Diff: 0.2, Sum: 106.3]
      [Termination (ms): Min: 0.0, Avg: 0.1, Max: 0.2, Diff: 0.2, Sum: 1.1]
         [Termination Attempts: Min: 1, Avg: 1.2, Max: 2, Diff: 1, Sum: 10]
      [GC Worker Other (ms): Min: 0.0, Avg: 0.0, Max: 0.1, Diff: 0.1, Sum: 0.2]
      [GC Worker Total (ms): Min: 25.9, Avg: 26.0, Max: 26.2, Diff: 0.3, Sum: 208.4]
      [GC Worker End (ms): Min: 55415.4, Avg: 55415.4, Max: 55415.5, Diff: 0.1]
   [Code Root Fixup: 0.0 ms]
   [Code Root Purge: 0.0 ms]
   [Clear CT: 0.9 ms]
   [Other: 2.7 ms]
      [Choose CSet: 0.0 ms]
      [Ref Proc: 0.7 ms]
      [Ref Enq: 0.0 ms]
      [Redirty Cards: 0.9 ms]
      [Humongous Register: 0.2 ms]
      [Humongous Reclaim: 0.3 ms]
      [Free CSet: 0.3 ms]
   [Eden: 720.0M(940.0M)->0.0B(828.0M) Survivors: 3072.0K->118.0M Heap: 1476.6M(2048.0M)->728.7M(2048.0M)]
 [Times: user=0.21 sys=0.00, real=0.03 secs] 
2021-01-22T00:59:22.384+0800: 55.420: [GC concurrent-root-region-scan-start]
2021-01-22T00:59:22.384+0800: 55.420: [GC concurrent-root-region-scan-end, 0.0002909 secs]
2021-01-22T00:59:22.384+0800: 55.420: [GC concurrent-mark-start]
2021-01-22T00:59:22.388+0800: 55.424: [GC concurrent-mark-end, 0.0033747 secs]
2021-01-22T00:59:22.388+0800: 55.424: [GC remark 2021-01-22T00:59:22.388+0800: 55.424: [Finalize Marking, 0.0010353 secs] 2021-01-22T00:59:22.390+0800: 55.426: [GC ref-proc, 0.0004840 secs] 2021-01-22T00:59:22.391+0800: 55.426: [Unloading, 0.0012469 secs], 0.0050629 secs]
 [Times: user=0.01 sys=0.00, real=0.01 secs] 
2021-01-22T00:59:22.394+0800: 55.430: [GC cleanup 761M->637M(2048M), 0.0037532 secs]
 [Times: user=0.01 sys=0.00, real=0.00 secs] 
2021-01-22T00:59:22.398+0800: 55.434: [GC concurrent-cleanup-start]
2021-01-22T00:59:22.398+0800: 55.434: [GC concurrent-cleanup-end, 0.0000842 secs]
2021-01-22T00:59:22.519+0800: 55.555: [GC pause (G1 Evacuation Pause) (young) (to-space exhausted), 0.0373317 secs]
   [Parallel Time: 32.8 ms, GC Workers: 8]
      [GC Worker Start (ms): Min: 55554.9, Avg: 55555.1, Max: 55555.3, Diff: 0.4]
      [Ext Root Scanning (ms): Min: 0.0, Avg: 0.1, Max: 0.3, Diff: 0.3, Sum: 0.5]
      [Update RS (ms): Min: 15.4, Avg: 15.5, Max: 15.5, Diff: 0.1, Sum: 123.8]
         [Processed Buffers: Min: 225, Avg: 234.0, Max: 238, Diff: 13, Sum: 1872]
      [Scan RS (ms): Min: 0.1, Avg: 0.1, Max: 0.2, Diff: 0.0, Sum: 1.1]
      [Code Root Scanning (ms): Min: 0.0, Avg: 0.0, Max: 0.0, Diff: 0.0, Sum: 0.0]
      [Object Copy (ms): Min: 16.3, Avg: 16.3, Max: 16.3, Diff: 0.1, Sum: 130.3]
      [Termination (ms): Min: 0.0, Avg: 0.1, Max: 0.1, Diff: 0.1, Sum: 0.5]
         [Termination Attempts: Min: 1, Avg: 1.0, Max: 1, Diff: 0, Sum: 8]
      [GC Worker Other (ms): Min: 0.0, Avg: 0.1, Max: 0.3, Diff: 0.3, Sum: 0.9]
      [GC Worker Total (ms): Min: 31.9, Avg: 32.2, Max: 32.6, Diff: 0.7, Sum: 257.2]
      [GC Worker End (ms): Min: 55587.2, Avg: 55587.3, Max: 55587.5, Diff: 0.3]
   [Code Root Fixup: 0.0 ms]
   [Code Root Purge: 0.0 ms]
   [Clear CT: 0.9 ms]
   [Other: 3.7 ms]
      [Evacuation Failure: 0.9 ms]
      [Choose CSet: 0.0 ms]
      [Ref Proc: 0.8 ms]
      [Ref Enq: 0.0 ms]
      [Redirty Cards: 1.0 ms]
      [Humongous Register: 0.2 ms]
      [Humongous Reclaim: 0.3 ms]
      [Free CSet: 0.3 ms]
   [Eden: 828.0M(828.0M)->0.0B(7168.0K) Survivors: 118.0M->119.0M Heap: 1665.5M(2048.0M)->791.3M(2048.0M)]
 [Times: user=0.27 sys=0.00, real=0.03 secs] 
2021-01-22T00:59:22.558+0800: 55.594: [GC pause (G1 Evacuation Pause) (mixed), 0.0153586 secs]
   [Parallel Time: 12.4 ms, GC Workers: 8]
      [GC Worker Start (ms): Min: 55594.1, Avg: 55594.3, Max: 55594.4, Diff: 0.3]
      [Ext Root Scanning (ms): Min: 0.0, Avg: 0.1, Max: 0.2, Diff: 0.2, Sum: 0.5]
      [Update RS (ms): Min: 0.2, Avg: 0.3, Max: 0.3, Diff: 0.1, Sum: 2.0]
         [Processed Buffers: Min: 3, Avg: 4.6, Max: 6, Diff: 3, Sum: 37]
      [Scan RS (ms): Min: 0.0, Avg: 0.1, Max: 0.1, Diff: 0.1, Sum: 0.4]
      [Code Root Scanning (ms): Min: 0.0, Avg: 0.0, Max: 0.0, Diff: 0.0, Sum: 0.0]
      [Object Copy (ms): Min: 11.1, Avg: 11.1, Max: 11.1, Diff: 0.0, Sum: 88.6]
      [Termination (ms): Min: 0.0, Avg: 0.0, Max: 0.0, Diff: 0.0, Sum: 0.2]
         [Termination Attempts: Min: 1, Avg: 1.6, Max: 3, Diff: 2, Sum: 13]
      [GC Worker Other (ms): Min: 0.0, Avg: 0.1, Max: 0.2, Diff: 0.2, Sum: 0.4]
      [GC Worker Total (ms): Min: 11.4, Avg: 11.5, Max: 11.7, Diff: 0.3, Sum: 92.2]
      [GC Worker End (ms): Min: 55605.8, Avg: 55605.8, Max: 55605.9, Diff: 0.2]
   [Code Root Fixup: 0.0 ms]
   [Code Root Purge: 0.0 ms]
   [Clear CT: 0.9 ms]
   [Other: 2.0 ms]
      [Choose CSet: 0.1 ms]
      [Ref Proc: 0.5 ms]
      [Ref Enq: 0.0 ms]
      [Redirty Cards: 1.0 ms]
      [Humongous Register: 0.1 ms]
      [Humongous Reclaim: 0.1 ms]
      [Free CSet: 0.2 ms]
   [Eden: 7168.0K(7168.0K)->0.0B(906.0M) Survivors: 119.0M->3072.0K Heap: 801.2M(2048.0M)->650.7M(2048.0M)]
 [Times: user=0.10 sys=0.00, real=0.02 secs] 
2021-01-22T00:59:22.643+0800: 55.679: [GC pause (G1 Humongous Allocation) (young) (initial-mark), 0.0258551 secs]
   [Parallel Time: 21.7 ms, GC Workers: 8]
      [GC Worker Start (ms): Min: 55679.5, Avg: 55679.6, Max: 55679.8, Diff: 0.3]
      [Ext Root Scanning (ms): Min: 0.1, Avg: 0.4, Max: 0.8, Diff: 0.8, Sum: 3.3]
      [Update RS (ms): Min: 9.3, Avg: 9.8, Max: 10.0, Diff: 0.7, Sum: 78.7]
         [Processed Buffers: Min: 129, Avg: 141.9, Max: 155, Diff: 26, Sum: 1135]
      [Scan RS (ms): Min: 0.0, Avg: 0.1, Max: 0.1, Diff: 0.1, Sum: 0.5]
      [Code Root Scanning (ms): Min: 0.0, Avg: 0.0, Max: 0.0, Diff: 0.0, Sum: 0.0]
      [Object Copy (ms): Min: 10.4, Avg: 10.5, Max: 10.5, Diff: 0.2, Sum: 83.8]
      [Termination (ms): Min: 0.0, Avg: 0.1, Max: 0.1, Diff: 0.1, Sum: 0.4]
         [Termination Attempts: Min: 1, Avg: 1.1, Max: 2, Diff: 1, Sum: 9]
      [GC Worker Other (ms): Min: 0.0, Avg: 0.0, Max: 0.0, Diff: 0.0, Sum: 0.1]
      [GC Worker Total (ms): Min: 20.7, Avg: 20.8, Max: 21.0, Diff: 0.3, Sum: 166.7]
      [GC Worker End (ms): Min: 55700.5, Avg: 55700.5, Max: 55700.5, Diff: 0.0]
   [Code Root Fixup: 0.0 ms]
   [Code Root Purge: 0.0 ms]
   [Clear CT: 1.0 ms]
   [Other: 3.1 ms]
      [Choose CSet: 0.0 ms]
      [Ref Proc: 0.9 ms]
      [Ref Enq: 0.0 ms]
      [Redirty Cards: 1.2 ms]
      [Humongous Register: 0.2 ms]
      [Humongous Reclaim: 0.3 ms]
      [Free CSet: 0.2 ms]
   [Eden: 501.0M(906.0M)->0.0B(780.0M) Survivors: 3072.0K->114.0M Heap: 1292.4M(2048.0M)->779.2M(2048.0M)]
 [Times: user=0.17 sys=0.00, real=0.03 secs] 
2021-01-22T00:59:22.670+0800: 55.706: [GC concurrent-root-region-scan-start]
2021-01-22T00:59:22.670+0800: 55.706: [GC concurrent-root-region-scan-end, 0.0002474 secs]
2021-01-22T00:59:22.670+0800: 55.706: [GC concurrent-mark-start]
2021-01-22T00:59:22.673+0800: 55.709: [GC concurrent-mark-end, 0.0028053 secs]
2021-01-22T00:59:22.673+0800: 55.709: [GC remark 2021-01-22T00:59:22.674+0800: 55.710: [Finalize Marking, 0.0009477 secs] 2021-01-22T00:59:22.675+0800: 55.711: [GC ref-proc, 0.0005603 secs] 2021-01-22T00:59:22.676+0800: 55.712: [Unloading, 0.0015627 secs], 0.0058253 secs]
 [Times: user=0.00 sys=0.01, real=0.01 secs] 
2021-01-22T00:59:22.680+0800: 55.716: [GC cleanup 805M->671M(2048M), 0.0040605 secs]
 [Times: user=0.01 sys=0.00, real=0.00 secs] 
2021-01-22T00:59:22.685+0800: 55.721: [GC concurrent-cleanup-start]
2021-01-22T00:59:22.685+0800: 55.721: [GC concurrent-cleanup-end, 0.0001254 secs]
2021-01-22T00:59:22.794+0800: 55.829: [GC pause (G1 Evacuation Pause) (young), 0.0416316 secs]
   [Parallel Time: 36.8 ms, GC Workers: 8]
      [GC Worker Start (ms): Min: 55829.8, Avg: 55830.0, Max: 55830.1, Diff: 0.4]
      [Ext Root Scanning (ms): Min: 0.0, Avg: 0.1, Max: 0.2, Diff: 0.2, Sum: 0.5]
      [Update RS (ms): Min: 13.4, Avg: 13.5, Max: 13.6, Diff: 0.1, Sum: 108.2]
         [Processed Buffers: Min: 184, Avg: 195.8, Max: 209, Diff: 25, Sum: 1566]
      [Scan RS (ms): Min: 0.1, Avg: 0.1, Max: 0.1, Diff: 0.0, Sum: 1.0]
      [Code Root Scanning (ms): Min: 0.0, Avg: 0.0, Max: 0.0, Diff: 0.0, Sum: 0.0]
      [Object Copy (ms): Min: 19.1, Avg: 19.6, Max: 22.2, Diff: 3.1, Sum: 156.9]
      [Termination (ms): Min: 0.0, Avg: 2.6, Max: 3.1, Diff: 3.1, Sum: 20.5]
         [Termination Attempts: Min: 1, Avg: 1.0, Max: 1, Diff: 0, Sum: 8]
      [GC Worker Other (ms): Min: 0.0, Avg: 0.0, Max: 0.1, Diff: 0.1, Sum: 0.2]
      [GC Worker Total (ms): Min: 35.8, Avg: 35.9, Max: 36.1, Diff: 0.3, Sum: 287.4]
      [GC Worker End (ms): Min: 55865.9, Avg: 55865.9, Max: 55865.9, Diff: 0.1]
   [Code Root Fixup: 0.0 ms]
   [Code Root Purge: 0.0 ms]
   [Clear CT: 1.1 ms]
   [Other: 3.8 ms]
      [Choose CSet: 0.1 ms]
      [Ref Proc: 0.9 ms]
      [Ref Enq: 0.0 ms]
      [Redirty Cards: 1.2 ms]
      [Humongous Register: 0.2 ms]
      [Humongous Reclaim: 0.7 ms]
      [Free CSet: 0.7 ms]
   [Eden: 780.0M(780.0M)->0.0B(7168.0K) Survivors: 114.0M->112.0M Heap: 1619.6M(2048.0M)->746.7M(2048.0M)]
 [Times: user=0.29 sys=0.00, real=0.04 secs] 
2021-01-22T00:59:22.837+0800: 55.873: [GC pause (G1 Evacuation Pause) (mixed), 0.0202568 secs]
   [Parallel Time: 13.6 ms, GC Workers: 8]
      [GC Worker Start (ms): Min: 55873.8, Avg: 55874.2, Max: 55875.6, Diff: 1.8]
      [Ext Root Scanning (ms): Min: 0.0, Avg: 0.1, Max: 0.2, Diff: 0.2, Sum: 0.7]
      [Update RS (ms): Min: 0.0, Avg: 0.2, Max: 0.3, Diff: 0.3, Sum: 1.9]
         [Processed Buffers: Min: 0, Avg: 3.9, Max: 5, Diff: 5, Sum: 31]
      [Scan RS (ms): Min: 0.1, Avg: 0.1, Max: 0.2, Diff: 0.1, Sum: 0.8]
      [Code Root Scanning (ms): Min: 0.0, Avg: 0.0, Max: 0.0, Diff: 0.0, Sum: 0.0]
      [Object Copy (ms): Min: 10.0, Avg: 11.4, Max: 12.4, Diff: 2.4, Sum: 91.4]
      [Termination (ms): Min: 0.0, Avg: 0.9, Max: 1.1, Diff: 1.1, Sum: 7.0]
         [Termination Attempts: Min: 1, Avg: 1.1, Max: 2, Diff: 1, Sum: 9]
      [GC Worker Other (ms): Min: 0.0, Avg: 0.0, Max: 0.0, Diff: 0.0, Sum: 0.1]
      [GC Worker Total (ms): Min: 11.3, Avg: 12.7, Max: 13.1, Diff: 1.7, Sum: 101.8]
      [GC Worker End (ms): Min: 55886.9, Avg: 55886.9, Max: 55886.9, Diff: 0.1]
   [Code Root Fixup: 0.0 ms]
   [Code Root Purge: 0.0 ms]
   [Clear CT: 0.9 ms]
   [Other: 5.8 ms]
      [Choose CSet: 0.1 ms]
      [Ref Proc: 4.2 ms]
      [Ref Enq: 0.0 ms]
      [Redirty Cards: 0.8 ms]
      [Humongous Register: 0.2 ms]
      [Humongous Reclaim: 0.0 ms]
      [Free CSet: 0.3 ms]
   [Eden: 7168.0K(7168.0K)->0.0B(958.0M) Survivors: 112.0M->2048.0K Heap: 756.4M(2048.0M)->571.7M(2048.0M)]
 [Times: user=0.14 sys=0.00, real=0.02 secs] 
2021-01-22T00:59:22.977+0800: 56.013: [GC pause (G1 Humongous Allocation) (young) (initial-mark), 0.0321320 secs]
   [Parallel Time: 28.8 ms, GC Workers: 8]
      [GC Worker Start (ms): Min: 56013.4, Avg: 56013.6, Max: 56013.8, Diff: 0.4]
      [Ext Root Scanning (ms): Min: 0.1, Avg: 0.5, Max: 0.7, Diff: 0.7, Sum: 3.7]
      [Update RS (ms): Min: 13.1, Avg: 13.3, Max: 14.1, Diff: 1.0, Sum: 106.7]
         [Processed Buffers: Min: 171, Avg: 189.5, Max: 200, Diff: 29, Sum: 1516]
      [Scan RS (ms): Min: 0.1, Avg: 0.1, Max: 0.4, Diff: 0.3, Sum: 1.1]
      [Code Root Scanning (ms): Min: 0.0, Avg: 0.0, Max: 0.0, Diff: 0.0, Sum: 0.0]
      [Object Copy (ms): Min: 12.4, Avg: 13.7, Max: 14.2, Diff: 1.8, Sum: 109.5]
      [Termination (ms): Min: 0.0, Avg: 0.3, Max: 0.5, Diff: 0.5, Sum: 2.8]
         [Termination Attempts: Min: 1, Avg: 1.0, Max: 1, Diff: 0, Sum: 8]
      [GC Worker Other (ms): Min: 0.0, Avg: 0.0, Max: 0.0, Diff: 0.0, Sum: 0.1]
      [GC Worker Total (ms): Min: 27.8, Avg: 28.0, Max: 28.2, Diff: 0.4, Sum: 224.0]
      [GC Worker End (ms): Min: 56041.6, Avg: 56041.6, Max: 56041.7, Diff: 0.1]
   [Code Root Fixup: 0.0 ms]
   [Code Root Purge: 0.0 ms]
   [Clear CT: 0.7 ms]
   [Other: 2.6 ms]
      [Choose CSet: 0.0 ms]
      [Ref Proc: 0.7 ms]
      [Ref Enq: 0.0 ms]
      [Redirty Cards: 1.0 ms]
      [Humongous Register: 0.1 ms]
      [Humongous Reclaim: 0.3 ms]
      [Free CSet: 0.3 ms]
   [Eden: 735.0M(958.0M)->0.0B(835.0M) Survivors: 2048.0K->120.0M Heap: 1494.2M(2048.0M)->729.3M(2048.0M)]
 [Times: user=0.21 sys=0.02, real=0.04 secs] 
2021-01-22T00:59:23.010+0800: 56.046: [GC concurrent-root-region-scan-start]
2021-01-22T00:59:23.010+0800: 56.046: [GC concurrent-root-region-scan-end, 0.0002672 secs]
2021-01-22T00:59:23.010+0800: 56.046: [GC concurrent-mark-start]
2021-01-22T00:59:23.014+0800: 56.050: [GC concurrent-mark-end, 0.0037808 secs]
2021-01-22T00:59:23.014+0800: 56.050: [GC remark 2021-01-22T00:59:23.015+0800: 56.051: [Finalize Marking, 0.0010405 secs] 2021-01-22T00:59:23.016+0800: 56.052: [GC ref-proc, 0.0004603 secs] 2021-01-22T00:59:23.017+0800: 56.053: [Unloading, 0.0013608 secs], 0.0050243 secs]
 [Times: user=0.00 sys=0.01, real=0.01 secs] 
2021-01-22T00:59:23.020+0800: 56.056: [GC cleanup 761M->646M(2048M), 0.0035893 secs]
 [Times: user=0.01 sys=0.00, real=0.00 secs] 
2021-01-22T00:59:23.024+0800: 56.060: [GC concurrent-cleanup-start]
2021-01-22T00:59:23.024+0800: 56.060: [GC concurrent-cleanup-end, 0.0000751 secs]
2021-01-22T00:59:23.162+0800: 56.198: [GC pause (G1 Evacuation Pause) (young) (to-space exhausted), 0.0503470 secs]
   [Parallel Time: 42.6 ms, GC Workers: 8]
      [GC Worker Start (ms): Min: 56197.8, Avg: 56198.0, Max: 56198.2, Diff: 0.3]
      [Ext Root Scanning (ms): Min: 0.0, Avg: 0.1, Max: 0.2, Diff: 0.2, Sum: 0.5]
      [Update RS (ms): Min: 21.7, Avg: 21.8, Max: 21.8, Diff: 0.1, Sum: 174.0]
         [Processed Buffers: Min: 169, Avg: 223.6, Max: 314, Diff: 145, Sum: 1789]
      [Scan RS (ms): Min: 0.1, Avg: 0.1, Max: 0.2, Diff: 0.0, Sum: 1.1]
      [Code Root Scanning (ms): Min: 0.0, Avg: 0.0, Max: 0.0, Diff: 0.0, Sum: 0.0]
      [Object Copy (ms): Min: 19.3, Avg: 19.5, Max: 20.3, Diff: 1.0, Sum: 155.6]
      [Termination (ms): Min: 0.0, Avg: 0.9, Max: 1.1, Diff: 1.1, Sum: 6.8]
         [Termination Attempts: Min: 1, Avg: 1.0, Max: 1, Diff: 0, Sum: 8]
      [GC Worker Other (ms): Min: 0.0, Avg: 0.0, Max: 0.0, Diff: 0.0, Sum: 0.1]
      [GC Worker Total (ms): Min: 42.1, Avg: 42.3, Max: 42.5, Diff: 0.3, Sum: 338.2]
      [GC Worker End (ms): Min: 56240.3, Avg: 56240.3, Max: 56240.3, Diff: 0.0]
   [Code Root Fixup: 0.0 ms]
   [Code Root Purge: 0.0 ms]
   [Clear CT: 0.7 ms]
   [Other: 7.0 ms]
      [Evacuation Failure: 1.4 ms]
      [Choose CSet: 0.0 ms]
      [Ref Proc: 3.3 ms]
      [Ref Enq: 0.0 ms]
      [Redirty Cards: 1.0 ms]
      [Humongous Register: 0.2 ms]
      [Humongous Reclaim: 0.5 ms]
      [Free CSet: 0.5 ms]
   [Eden: 835.0M(835.0M)->0.0B(6144.0K) Survivors: 120.0M->120.0M Heap: 1671.6M(2048.0M)->854.0M(2048.0M)]
 [Times: user=0.36 sys=0.01, real=0.05 secs] 
2021-01-22T00:59:23.214+0800: 56.250: [GC pause (G1 Evacuation Pause) (mixed), 0.0227542 secs]
   [Parallel Time: 18.3 ms, GC Workers: 8]
      [GC Worker Start (ms): Min: 56250.0, Avg: 56250.1, Max: 56250.4, Diff: 0.4]
      [Ext Root Scanning (ms): Min: 0.0, Avg: 0.1, Max: 0.2, Diff: 0.2, Sum: 0.5]
      [Update RS (ms): Min: 0.0, Avg: 0.1, Max: 0.2, Diff: 0.2, Sum: 1.1]
         [Processed Buffers: Min: 0, Avg: 2.6, Max: 5, Diff: 5, Sum: 21]
      [Scan RS (ms): Min: 0.0, Avg: 0.5, Max: 2.5, Diff: 2.5, Sum: 3.6]
      [Code Root Scanning (ms): Min: 0.0, Avg: 0.0, Max: 0.1, Diff: 0.1, Sum: 0.1]
      [Object Copy (ms): Min: 12.4, Avg: 13.8, Max: 17.2, Diff: 4.7, Sum: 110.4]
      [Termination (ms): Min: 0.0, Avg: 3.1, Max: 4.4, Diff: 4.4, Sum: 24.8]
         [Termination Attempts: Min: 1, Avg: 1.1, Max: 2, Diff: 1, Sum: 9]
      [GC Worker Other (ms): Min: 0.0, Avg: 0.0, Max: 0.0, Diff: 0.0, Sum: 0.1]
      [GC Worker Total (ms): Min: 17.3, Avg: 17.6, Max: 17.7, Diff: 0.4, Sum: 140.6]
      [GC Worker End (ms): Min: 56267.7, Avg: 56267.7, Max: 56267.7, Diff: 0.1]
   [Code Root Fixup: 0.0 ms]
   [Code Root Purge: 0.0 ms]
   [Clear CT: 1.0 ms]
   [Other: 3.5 ms]
      [Choose CSet: 0.1 ms]
      [Ref Proc: 1.8 ms]
      [Ref Enq: 0.0 ms]
      [Redirty Cards: 0.7 ms]
      [Humongous Register: 0.1 ms]
      [Humongous Reclaim: 0.2 ms]
      [Free CSet: 0.3 ms]
   [Eden: 6144.0K(6144.0K)->0.0B(845.0M) Survivors: 120.0M->3072.0K Heap: 860.7M(2048.0M)->717.0M(2048.0M)]
 [Times: user=0.15 sys=0.00, real=0.02 secs] 
2021-01-22T00:59:23.287+0800: 56.323: [GC pause (G1 Humongous Allocation) (young) (initial-mark), 0.0199463 secs]
   [Parallel Time: 16.3 ms, GC Workers: 8]
      [GC Worker Start (ms): Min: 56323.6, Avg: 56323.7, Max: 56323.9, Diff: 0.3]
      [Ext Root Scanning (ms): Min: 0.0, Avg: 0.4, Max: 1.4, Diff: 1.4, Sum: 3.2]
      [Update RS (ms): Min: 5.2, Avg: 6.3, Max: 6.6, Diff: 1.4, Sum: 50.4]
         [Processed Buffers: Min: 66, Avg: 92.6, Max: 103, Diff: 37, Sum: 741]
      [Scan RS (ms): Min: 0.0, Avg: 0.0, Max: 0.1, Diff: 0.0, Sum: 0.3]
      [Code Root Scanning (ms): Min: 0.0, Avg: 0.0, Max: 0.0, Diff: 0.0, Sum: 0.0]
      [Object Copy (ms): Min: 7.7, Avg: 8.0, Max: 9.1, Diff: 1.4, Sum: 63.8]
      [Termination (ms): Min: 0.0, Avg: 1.1, Max: 1.4, Diff: 1.4, Sum: 9.1]
         [Termination Attempts: Min: 1, Avg: 1.0, Max: 1, Diff: 0, Sum: 8]
      [GC Worker Other (ms): Min: 0.0, Avg: 0.0, Max: 0.0, Diff: 0.0, Sum: 0.1]
      [GC Worker Total (ms): Min: 15.7, Avg: 15.9, Max: 16.0, Diff: 0.3, Sum: 126.9]
      [GC Worker End (ms): Min: 56339.6, Avg: 56339.6, Max: 56339.6, Diff: 0.1]
   [Code Root Fixup: 0.0 ms]
   [Code Root Purge: 0.0 ms]
   [Clear CT: 0.5 ms]
   [Other: 3.2 ms]
      [Choose CSet: 0.0 ms]
      [Ref Proc: 1.7 ms]
      [Ref Enq: 0.0 ms]
      [Redirty Cards: 0.8 ms]
      [Humongous Register: 0.1 ms]
      [Humongous Reclaim: 0.2 ms]
      [Free CSet: 0.1 ms]
   [Eden: 325.0M(845.0M)->0.0B(788.0M) Survivors: 3072.0K->88064.0K Heap: 1132.7M(2048.0M)->801.1M(2048.0M)]
 [Times: user=0.14 sys=0.00, real=0.02 secs] 
2021-01-22T00:59:23.308+0800: 56.344: [GC concurrent-root-region-scan-start]
2021-01-22T00:59:23.308+0800: 56.344: [GC concurrent-root-region-scan-end, 0.0001782 secs]
2021-01-22T00:59:23.308+0800: 56.344: [GC concurrent-mark-start]
2021-01-22T00:59:23.311+0800: 56.347: [GC concurrent-mark-end, 0.0026173 secs]
2021-01-22T00:59:23.311+0800: 56.347: [GC remark 2021-01-22T00:59:23.311+0800: 56.347: [Finalize Marking, 0.0007083 secs] 2021-01-22T00:59:23.312+0800: 56.348: [GC ref-proc, 0.0003311 secs] 2021-01-22T00:59:23.312+0800: 56.348: [Unloading, 0.0005691 secs], 0.0031939 secs]
 [Times: user=0.00 sys=0.01, real=0.00 secs] 
2021-01-22T00:59:23.315+0800: 56.350: [GC cleanup 823M->688M(2048M), 0.0020010 secs]
 [Times: user=0.01 sys=0.00, real=0.00 secs] 
2021-01-22T00:59:23.317+0800: 56.353: [GC concurrent-cleanup-start]
2021-01-22T00:59:23.317+0800: 56.353: [GC concurrent-cleanup-end, 0.0000797 secs]
2021-01-22T00:59:23.428+0800: 56.464: [GC pause (G1 Evacuation Pause) (young) (to-space exhausted), 0.0352295 secs]
   [Parallel Time: 31.8 ms, GC Workers: 8]
      [GC Worker Start (ms): Min: 56464.7, Avg: 56464.8, Max: 56465.0, Diff: 0.3]
      [Ext Root Scanning (ms): Min: 0.0, Avg: 0.1, Max: 0.2, Diff: 0.2, Sum: 0.5]
      [Update RS (ms): Min: 16.0, Avg: 16.1, Max: 16.3, Diff: 0.3, Sum: 128.7]
         [Processed Buffers: Min: 201, Avg: 226.6, Max: 249, Diff: 48, Sum: 1813]
      [Scan RS (ms): Min: 0.1, Avg: 0.1, Max: 0.2, Diff: 0.1, Sum: 1.0]
      [Code Root Scanning (ms): Min: 0.0, Avg: 0.0, Max: 0.0, Diff: 0.0, Sum: 0.0]
      [Object Copy (ms): Min: 14.6, Avg: 14.7, Max: 14.9, Diff: 0.3, Sum: 117.7]
      [Termination (ms): Min: 0.0, Avg: 0.1, Max: 0.2, Diff: 0.2, Sum: 1.1]
         [Termination Attempts: Min: 1, Avg: 1.1, Max: 2, Diff: 1, Sum: 9]
      [GC Worker Other (ms): Min: 0.0, Avg: 0.0, Max: 0.0, Diff: 0.0, Sum: 0.1]
      [GC Worker Total (ms): Min: 31.0, Avg: 31.1, Max: 31.3, Diff: 0.3, Sum: 249.1]
      [GC Worker End (ms): Min: 56496.0, Avg: 56496.0, Max: 56496.0, Diff: 0.0]
   [Code Root Fixup: 0.0 ms]
   [Code Root Purge: 0.0 ms]
   [Clear CT: 0.7 ms]
   [Other: 2.7 ms]
      [Evacuation Failure: 0.6 ms]
      [Choose CSet: 0.0 ms]
      [Ref Proc: 0.8 ms]
      [Ref Enq: 0.0 ms]
      [Redirty Cards: 0.5 ms]
      [Humongous Register: 0.2 ms]
      [Humongous Reclaim: 0.3 ms]
      [Free CSet: 0.3 ms]
   [Eden: 788.0M(788.0M)->0.0B(6144.0K) Survivors: 88064.0K->110.0M Heap: 1679.5M(2048.0M)->930.9M(2048.0M)]
 [Times: user=0.26 sys=0.00, real=0.03 secs] 
2021-01-22T00:59:23.465+0800: 56.501: [GC pause (G1 Evacuation Pause) (mixed), 0.0145776 secs]
   [Parallel Time: 12.2 ms, GC Workers: 8]
      [GC Worker Start (ms): Min: 56501.2, Avg: 56501.4, Max: 56502.1, Diff: 1.0]
      [Ext Root Scanning (ms): Min: 0.0, Avg: 0.1, Max: 0.2, Diff: 0.2, Sum: 0.6]
      [Update RS (ms): Min: 0.0, Avg: 0.2, Max: 0.3, Diff: 0.3, Sum: 1.2]
         [Processed Buffers: Min: 0, Avg: 2.8, Max: 6, Diff: 6, Sum: 22]
      [Scan RS (ms): Min: 0.0, Avg: 0.1, Max: 0.3, Diff: 0.3, Sum: 0.8]
      [Code Root Scanning (ms): Min: 0.0, Avg: 0.0, Max: 0.0, Diff: 0.0, Sum: 0.0]
      [Object Copy (ms): Min: 10.2, Avg: 10.6, Max: 11.1, Diff: 0.9, Sum: 84.9]
      [Termination (ms): Min: 0.0, Avg: 0.4, Max: 0.5, Diff: 0.5, Sum: 3.3]
         [Termination Attempts: Min: 1, Avg: 1.0, Max: 1, Diff: 0, Sum: 8]
      [GC Worker Other (ms): Min: 0.0, Avg: 0.0, Max: 0.0, Diff: 0.0, Sum: 0.1]
      [GC Worker Total (ms): Min: 10.7, Avg: 11.4, Max: 11.6, Diff: 1.0, Sum: 90.9]
      [GC Worker End (ms): Min: 56512.8, Avg: 56512.8, Max: 56512.8, Diff: 0.0]
   [Code Root Fixup: 0.0 ms]
   [Code Root Purge: 0.0 ms]
   [Clear CT: 0.7 ms]
   [Other: 1.6 ms]
      [Choose CSet: 0.1 ms]
      [Ref Proc: 0.6 ms]
      [Ref Enq: 0.0 ms]
      [Redirty Cards: 0.5 ms]
      [Humongous Register: 0.1 ms]
      [Humongous Reclaim: 0.0 ms]
      [Free CSet: 0.2 ms]
   [Eden: 6144.0K(6144.0K)->0.0B(839.0M) Survivors: 110.0M->2048.0K Heap: 937.7M(2048.0M)->747.1M(2048.0M)]
 [Times: user=0.09 sys=0.01, real=0.02 secs] 
2021-01-22T00:59:23.523+0800: 56.559: [GC pause (G1 Humongous Allocation) (young) (initial-mark), 0.0174228 secs]
   [Parallel Time: 14.1 ms, GC Workers: 8]
      [GC Worker Start (ms): Min: 56559.6, Avg: 56559.7, Max: 56559.9, Diff: 0.3]
      [Ext Root Scanning (ms): Min: 0.0, Avg: 0.3, Max: 0.5, Diff: 0.5, Sum: 2.5]
      [Update RS (ms): Min: 4.3, Avg: 4.4, Max: 4.5, Diff: 0.2, Sum: 35.2]
         [Processed Buffers: Min: 65, Avg: 67.4, Max: 72, Diff: 7, Sum: 539]
      [Scan RS (ms): Min: 0.0, Avg: 0.0, Max: 0.0, Diff: 0.0, Sum: 0.2]
      [Code Root Scanning (ms): Min: 0.0, Avg: 0.0, Max: 0.0, Diff: 0.0, Sum: 0.0]
      [Object Copy (ms): Min: 8.2, Avg: 8.3, Max: 8.9, Diff: 0.7, Sum: 66.8]
      [Termination (ms): Min: 0.0, Avg: 0.6, Max: 0.7, Diff: 0.7, Sum: 4.6]
         [Termination Attempts: Min: 1, Avg: 1.0, Max: 1, Diff: 0, Sum: 8]
      [GC Worker Other (ms): Min: 0.0, Avg: 0.0, Max: 0.0, Diff: 0.0, Sum: 0.1]
      [GC Worker Total (ms): Min: 13.5, Avg: 13.7, Max: 13.8, Diff: 0.3, Sum: 109.4]
      [GC Worker End (ms): Min: 56573.4, Avg: 56573.4, Max: 56573.4, Diff: 0.1]
   [Code Root Fixup: 0.0 ms]
   [Code Root Purge: 0.0 ms]
   [Clear CT: 0.8 ms]
   [Other: 2.5 ms]
      [Choose CSet: 0.0 ms]
      [Ref Proc: 1.2 ms]
      [Ref Enq: 0.0 ms]
      [Redirty Cards: 0.6 ms]
      [Humongous Register: 0.2 ms]
      [Humongous Reclaim: 0.1 ms]
      [Free CSet: 0.2 ms]
   [Eden: 307.0M(839.0M)->0.0B(755.0M) Survivors: 2048.0K->92160.0K Heap: 1119.7M(2048.0M)->837.1M(2048.0M)]
 [Times: user=0.12 sys=0.00, real=0.02 secs] 
2021-01-22T00:59:23.541+0800: 56.577: [GC concurrent-root-region-scan-start]
2021-01-22T00:59:23.542+0800: 56.577: [GC concurrent-root-region-scan-end, 0.0002574 secs]
2021-01-22T00:59:23.542+0800: 56.577: [GC concurrent-mark-start]
2021-01-22T00:59:23.545+0800: 56.580: [GC concurrent-mark-end, 0.0029796 secs]
2021-01-22T00:59:23.545+0800: 56.581: [GC remark 2021-01-22T00:59:23.545+0800: 56.581: [Finalize Marking, 0.0008962 secs] 2021-01-22T00:59:23.546+0800: 56.582: [GC ref-proc, 0.0004372 secs] 2021-01-22T00:59:23.547+0800: 56.583: [Unloading, 0.0015590 secs], 0.0052623 secs]
 [Times: user=0.01 sys=0.00, real=0.01 secs] 
2021-01-22T00:59:23.551+0800: 56.587: [GC cleanup 866M->742M(2048M), 0.0029099 secs]
 [Times: user=0.01 sys=0.00, real=0.00 secs] 
2021-01-22T00:59:23.555+0800: 56.590: [GC concurrent-cleanup-start]
2021-01-22T00:59:23.555+0800: 56.591: [GC concurrent-cleanup-end, 0.0000976 secs]
2021-01-22T00:59:23.668+0800: 56.704: [GC pause (G1 Evacuation Pause) (young) (to-space exhausted), 0.0480224 secs]
   [Parallel Time: 40.6 ms, GC Workers: 8]
      [GC Worker Start (ms): Min: 56704.7, Avg: 56704.9, Max: 56705.0, Diff: 0.4]
      [Ext Root Scanning (ms): Min: 0.0, Avg: 0.1, Max: 0.2, Diff: 0.2, Sum: 0.6]
      [Update RS (ms): Min: 15.2, Avg: 15.3, Max: 15.4, Diff: 0.1, Sum: 122.5]
         [Processed Buffers: Min: 172, Avg: 211.0, Max: 240, Diff: 68, Sum: 1688]
      [Scan RS (ms): Min: 0.1, Avg: 0.1, Max: 0.1, Diff: 0.0, Sum: 1.0]
      [Code Root Scanning (ms): Min: 0.0, Avg: 0.0, Max: 0.0, Diff: 0.0, Sum: 0.0]
      [Object Copy (ms): Min: 16.3, Avg: 17.0, Max: 21.7, Diff: 5.4, Sum: 136.1]
      [Termination (ms): Min: 0.0, Avg: 5.3, Max: 8.3, Diff: 8.3, Sum: 42.1]
         [Termination Attempts: Min: 1, Avg: 1.0, Max: 1, Diff: 0, Sum: 8]
      [GC Worker Other (ms): Min: 0.0, Avg: 0.0, Max: 0.1, Diff: 0.1, Sum: 0.3]
      [GC Worker Total (ms): Min: 37.1, Avg: 37.8, Max: 40.4, Diff: 3.3, Sum: 302.5]
      [GC Worker End (ms): Min: 56742.1, Avg: 56742.7, Max: 56745.1, Diff: 2.9]
   [Code Root Fixup: 0.0 ms]
   [Code Root Purge: 0.0 ms]
   [Clear CT: 0.6 ms]
   [Other: 6.8 ms]
      [Evacuation Failure: 0.8 ms]
      [Choose CSet: 0.0 ms]
      [Ref Proc: 4.7 ms]
      [Ref Enq: 0.0 ms]
      [Redirty Cards: 0.5 ms]
      [Humongous Register: 0.2 ms]
      [Humongous Reclaim: 0.3 ms]
      [Free CSet: 0.4 ms]
   [Eden: 755.0M(755.0M)->0.0B(6144.0K) Survivors: 92160.0K->106.0M Heap: 1677.9M(2048.0M)->889.4M(2048.0M)]
 [Times: user=0.33 sys=0.01, real=0.04 secs] 
2021-01-22T00:59:23.719+0800: 56.754: [GC pause (G1 Evacuation Pause) (mixed), 0.0255356 secs]
   [Parallel Time: 18.1 ms, GC Workers: 8]
      [GC Worker Start (ms): Min: 56755.2, Avg: 56755.9, Max: 56757.8, Diff: 2.6]
      [Ext Root Scanning (ms): Min: 0.0, Avg: 0.1, Max: 0.2, Diff: 0.2, Sum: 0.8]
      [Update RS (ms): Min: 0.0, Avg: 0.1, Max: 0.1, Diff: 0.1, Sum: 0.6]
         [Processed Buffers: Min: 0, Avg: 2.0, Max: 4, Diff: 4, Sum: 16]
      [Scan RS (ms): Min: 0.1, Avg: 0.1, Max: 0.1, Diff: 0.1, Sum: 0.6]
      [Code Root Scanning (ms): Min: 0.0, Avg: 0.0, Max: 0.0, Diff: 0.0, Sum: 0.0]
      [Object Copy (ms): Min: 10.7, Avg: 11.0, Max: 11.1, Diff: 0.4, Sum: 88.2]
      [Termination (ms): Min: 0.0, Avg: 1.9, Max: 2.6, Diff: 2.6, Sum: 15.0]
         [Termination Attempts: Min: 1, Avg: 1.1, Max: 2, Diff: 1, Sum: 9]
      [GC Worker Other (ms): Min: 0.0, Avg: 0.0, Max: 0.0, Diff: 0.0, Sum: 0.1]
      [GC Worker Total (ms): Min: 11.2, Avg: 13.2, Max: 14.1, Diff: 2.9, Sum: 105.4]
      [GC Worker End (ms): Min: 56768.9, Avg: 56769.1, Max: 56769.3, Diff: 0.4]
   [Code Root Fixup: 0.0 ms]
   [Code Root Purge: 0.0 ms]
   [Clear CT: 0.9 ms]
   [Other: 6.5 ms]
      [Choose CSet: 0.2 ms]
      [Ref Proc: 4.8 ms]
      [Ref Enq: 0.0 ms]
      [Redirty Cards: 0.6 ms]
      [Humongous Register: 0.3 ms]
      [Humongous Reclaim: 0.1 ms]
      [Free CSet: 0.3 ms]
   [Eden: 6144.0K(6144.0K)->0.0B(101376.0K) Survivors: 106.0M->3072.0K Heap: 895.4M(2048.0M)->701.5M(2048.0M)]
 [Times: user=0.15 sys=0.00, real=0.02 secs] 
2021-01-22T00:59:23.762+0800: 56.798: [GC pause (G1 Evacuation Pause) (mixed), 0.0073902 secs]
   [Parallel Time: 5.6 ms, GC Workers: 8]
      [GC Worker Start (ms): Min: 56798.2, Avg: 56798.3, Max: 56798.5, Diff: 0.3]
      [Ext Root Scanning (ms): Min: 0.0, Avg: 0.1, Max: 0.2, Diff: 0.2, Sum: 0.5]
      [Update RS (ms): Min: 1.9, Avg: 2.0, Max: 2.0, Diff: 0.2, Sum: 15.9]
         [Processed Buffers: Min: 28, Avg: 30.1, Max: 32, Diff: 4, Sum: 241]
      [Scan RS (ms): Min: 0.0, Avg: 0.0, Max: 0.0, Diff: 0.0, Sum: 0.2]
      [Code Root Scanning (ms): Min: 0.0, Avg: 0.0, Max: 0.0, Diff: 0.0, Sum: 0.0]
      [Object Copy (ms): Min: 2.8, Avg: 2.9, Max: 2.9, Diff: 0.1, Sum: 23.1]
      [Termination (ms): Min: 0.0, Avg: 0.1, Max: 0.1, Diff: 0.1, Sum: 0.6]
         [Termination Attempts: Min: 1, Avg: 1.0, Max: 1, Diff: 0, Sum: 8]
      [GC Worker Other (ms): Min: 0.0, Avg: 0.0, Max: 0.0, Diff: 0.0, Sum: 0.1]
      [GC Worker Total (ms): Min: 4.8, Avg: 5.1, Max: 5.2, Diff: 0.3, Sum: 40.4]
      [GC Worker End (ms): Min: 56803.4, Avg: 56803.4, Max: 56803.4, Diff: 0.0]
   [Code Root Fixup: 0.0 ms]
   [Code Root Purge: 0.0 ms]
   [Clear CT: 0.4 ms]
   [Other: 1.4 ms]
      [Choose CSet: 0.0 ms]
      [Ref Proc: 0.6 ms]
      [Ref Enq: 0.0 ms]
      [Redirty Cards: 0.4 ms]
      [Humongous Register: 0.1 ms]
      [Humongous Reclaim: 0.1 ms]
      [Free CSet: 0.1 ms]
   [Eden: 101376.0K(101376.0K)->0.0B(871.0M) Survivors: 3072.0K->13312.0K Heap: 829.4M(2048.0M)->695.2M(2048.0M)]
 [Times: user=0.05 sys=0.00, real=0.01 secs] 
2021-01-22T00:59:23.832+0800: 56.868: [GC pause (G1 Humongous Allocation) (young) (initial-mark), 0.0219050 secs]
   [Parallel Time: 18.9 ms, GC Workers: 8]
      [GC Worker Start (ms): Min: 56868.3, Avg: 56868.5, Max: 56868.6, Diff: 0.3]
      [Ext Root Scanning (ms): Min: 0.0, Avg: 0.3, Max: 0.5, Diff: 0.5, Sum: 2.5]
      [Update RS (ms): Min: 7.4, Avg: 7.7, Max: 9.6, Diff: 2.2, Sum: 61.7]
         [Processed Buffers: Min: 96, Avg: 112.0, Max: 117, Diff: 21, Sum: 896]
      [Scan RS (ms): Min: 0.0, Avg: 0.1, Max: 0.2, Diff: 0.2, Sum: 0.6]
      [Code Root Scanning (ms): Min: 0.0, Avg: 0.0, Max: 0.0, Diff: 0.0, Sum: 0.0]
      [Object Copy (ms): Min: 7.9, Avg: 10.0, Max: 10.8, Diff: 2.9, Sum: 79.7]
      [Termination (ms): Min: 0.0, Avg: 0.5, Max: 0.7, Diff: 0.7, Sum: 4.3]
         [Termination Attempts: Min: 1, Avg: 1.4, Max: 3, Diff: 2, Sum: 11]
      [GC Worker Other (ms): Min: 0.0, Avg: 0.0, Max: 0.0, Diff: 0.0, Sum: 0.1]
      [GC Worker Total (ms): Min: 18.5, Avg: 18.6, Max: 18.8, Diff: 0.3, Sum: 149.0]
      [GC Worker End (ms): Min: 56887.1, Avg: 56887.1, Max: 56887.1, Diff: 0.0]
   [Code Root Fixup: 0.0 ms]
   [Code Root Purge: 0.0 ms]
   [Clear CT: 0.7 ms]
   [Other: 2.3 ms]
      [Choose CSet: 0.0 ms]
      [Ref Proc: 0.7 ms]
      [Ref Enq: 0.0 ms]
      [Redirty Cards: 0.9 ms]
      [Humongous Register: 0.1 ms]
      [Humongous Reclaim: 0.2 ms]
      [Free CSet: 0.2 ms]
   [Eden: 432.0M(871.0M)->0.0B(797.0M) Survivors: 13312.0K->111.0M Heap: 1237.9M(2048.0M)->791.0M(2048.0M)]
 [Times: user=0.15 sys=0.00, real=0.02 secs] 
2021-01-22T00:59:23.855+0800: 56.891: [GC concurrent-root-region-scan-start]
2021-01-22T00:59:23.855+0800: 56.891: [GC concurrent-root-region-scan-end, 0.0003050 secs]
2021-01-22T00:59:23.855+0800: 56.891: [GC concurrent-mark-start]
2021-01-22T00:59:23.858+0800: 56.894: [GC concurrent-mark-end, 0.0025925 secs]
2021-01-22T00:59:23.858+0800: 56.894: [GC remark 2021-01-22T00:59:23.858+0800: 56.894: [Finalize Marking, 0.0009929 secs] 2021-01-22T00:59:23.860+0800: 56.895: [GC ref-proc, 0.0004858 secs] 2021-01-22T00:59:23.860+0800: 56.896: [Unloading, 0.0012684 secs], 0.0048554 secs]
 [Times: user=0.02 sys=0.00, real=0.01 secs] 
2021-01-22T00:59:23.864+0800: 56.900: [GC cleanup 814M->683M(2048M), 0.0031530 secs]
 [Times: user=0.01 sys=0.00, real=0.00 secs] 
2021-01-22T00:59:23.867+0800: 56.903: [GC concurrent-cleanup-start]
2021-01-22T00:59:23.867+0800: 56.903: [GC concurrent-cleanup-end, 0.0000922 secs]
2021-01-22T00:59:23.976+0800: 57.012: [GC pause (G1 Evacuation Pause) (young) (to-space exhausted), 0.0362077 secs]
   [Parallel Time: 31.6 ms, GC Workers: 8]
      [GC Worker Start (ms): Min: 57012.7, Avg: 57012.9, Max: 57013.0, Diff: 0.3]
      [Ext Root Scanning (ms): Min: 0.0, Avg: 0.1, Max: 0.2, Diff: 0.2, Sum: 0.6]
      [Update RS (ms): Min: 14.7, Avg: 14.7, Max: 14.8, Diff: 0.1, Sum: 117.7]
         [Processed Buffers: Min: 216, Avg: 219.9, Max: 225, Diff: 9, Sum: 1759]
      [Scan RS (ms): Min: 0.1, Avg: 0.1, Max: 0.1, Diff: 0.1, Sum: 0.9]
      [Code Root Scanning (ms): Min: 0.0, Avg: 0.0, Max: 0.0, Diff: 0.0, Sum: 0.0]
      [Object Copy (ms): Min: 15.8, Avg: 15.8, Max: 15.8, Diff: 0.1, Sum: 126.4]
      [Termination (ms): Min: 0.0, Avg: 0.0, Max: 0.1, Diff: 0.1, Sum: 0.2]
         [Termination Attempts: Min: 1, Avg: 1.0, Max: 1, Diff: 0, Sum: 8]
      [GC Worker Other (ms): Min: 0.0, Avg: 0.1, Max: 0.2, Diff: 0.2, Sum: 0.5]
      [GC Worker Total (ms): Min: 30.6, Avg: 30.8, Max: 31.0, Diff: 0.4, Sum: 246.4]
      [GC Worker End (ms): Min: 57043.6, Avg: 57043.7, Max: 57043.8, Diff: 0.2]
   [Code Root Fixup: 0.0 ms]
   [Code Root Purge: 0.0 ms]
   [Clear CT: 0.8 ms]
   [Other: 3.7 ms]
      [Evacuation Failure: 0.9 ms]
      [Choose CSet: 0.0 ms]
      [Ref Proc: 1.1 ms]
      [Ref Enq: 0.0 ms]
      [Redirty Cards: 0.8 ms]
      [Humongous Register: 0.3 ms]
      [Humongous Reclaim: 0.2 ms]
      [Free CSet: 0.3 ms]
   [Eden: 797.0M(797.0M)->0.0B(6144.0K) Survivors: 111.0M->114.0M Heap: 1675.6M(2048.0M)->891.1M(2048.0M)]
 [Times: user=0.25 sys=0.01, real=0.04 secs] 
2021-01-22T00:59:24.014+0800: 57.050: [GC pause (G1 Evacuation Pause) (mixed), 0.0157721 secs]
   [Parallel Time: 11.6 ms, GC Workers: 8]
      [GC Worker Start (ms): Min: 57050.1, Avg: 57050.3, Max: 57050.4, Diff: 0.3]
      [Ext Root Scanning (ms): Min: 0.0, Avg: 0.1, Max: 0.2, Diff: 0.2, Sum: 0.5]
      [Update RS (ms): Min: 0.1, Avg: 0.1, Max: 0.1, Diff: 0.1, Sum: 0.9]
         [Processed Buffers: Min: 1, Avg: 2.6, Max: 4, Diff: 3, Sum: 21]
      [Scan RS (ms): Min: 0.1, Avg: 0.1, Max: 0.1, Diff: 0.1, Sum: 0.7]
      [Code Root Scanning (ms): Min: 0.0, Avg: 0.0, Max: 0.0, Diff: 0.0, Sum: 0.0]
      [Object Copy (ms): Min: 10.5, Avg: 10.7, Max: 10.7, Diff: 0.2, Sum: 85.3]
      [Termination (ms): Min: 0.0, Avg: 0.1, Max: 0.1, Diff: 0.1, Sum: 0.5]
         [Termination Attempts: Min: 1, Avg: 1.0, Max: 1, Diff: 0, Sum: 8]
      [GC Worker Other (ms): Min: 0.0, Avg: 0.0, Max: 0.0, Diff: 0.0, Sum: 0.1]
      [GC Worker Total (ms): Min: 10.9, Avg: 11.0, Max: 11.2, Diff: 0.3, Sum: 87.9]
      [GC Worker End (ms): Min: 57061.2, Avg: 57061.3, Max: 57061.3, Diff: 0.0]
   [Code Root Fixup: 0.0 ms]
   [Code Root Purge: 0.0 ms]
   [Clear CT: 2.2 ms]
   [Other: 1.9 ms]
      [Choose CSet: 0.1 ms]
      [Ref Proc: 0.8 ms]
      [Ref Enq: 0.0 ms]
      [Redirty Cards: 0.5 ms]
      [Humongous Register: 0.1 ms]
      [Humongous Reclaim: 0.1 ms]
      [Free CSet: 0.3 ms]
   [Eden: 6144.0K(6144.0K)->0.0B(100.0M) Survivors: 114.0M->2048.0K Heap: 897.7M(2048.0M)->700.2M(2048.0M)]
 [Times: user=0.09 sys=0.01, real=0.02 secs] 
2021-01-22T00:59:24.051+0800: 57.087: [GC pause (G1 Evacuation Pause) (mixed), 0.0084583 secs]
   [Parallel Time: 6.7 ms, GC Workers: 8]
      [GC Worker Start (ms): Min: 57087.2, Avg: 57087.3, Max: 57087.5, Diff: 0.3]
      [Ext Root Scanning (ms): Min: 0.0, Avg: 0.1, Max: 0.2, Diff: 0.2, Sum: 0.5]
      [Update RS (ms): Min: 2.1, Avg: 2.2, Max: 2.2, Diff: 0.1, Sum: 17.6]
         [Processed Buffers: Min: 31, Avg: 32.2, Max: 33, Diff: 2, Sum: 258]
      [Scan RS (ms): Min: 0.0, Avg: 0.0, Max: 0.0, Diff: 0.0, Sum: 0.1]
      [Code Root Scanning (ms): Min: 0.0, Avg: 0.0, Max: 0.0, Diff: 0.0, Sum: 0.0]
      [Object Copy (ms): Min: 2.8, Avg: 2.9, Max: 3.5, Diff: 0.7, Sum: 23.4]
      [Termination (ms): Min: 0.0, Avg: 0.6, Max: 0.8, Diff: 0.8, Sum: 5.0]
         [Termination Attempts: Min: 1, Avg: 1.0, Max: 1, Diff: 0, Sum: 8]
      [GC Worker Other (ms): Min: 0.0, Avg: 0.0, Max: 0.0, Diff: 0.0, Sum: 0.1]
      [GC Worker Total (ms): Min: 5.7, Avg: 5.8, Max: 6.0, Diff: 0.2, Sum: 46.7]
      [GC Worker End (ms): Min: 57093.1, Avg: 57093.2, Max: 57093.2, Diff: 0.0]
   [Code Root Fixup: 0.0 ms]
   [Code Root Purge: 0.0 ms]
   [Clear CT: 0.5 ms]
   [Other: 1.2 ms]
      [Choose CSet: 0.0 ms]
      [Ref Proc: 0.4 ms]
      [Ref Enq: 0.0 ms]
      [Redirty Cards: 0.4 ms]
      [Humongous Register: 0.1 ms]
      [Humongous Reclaim: 0.1 ms]
      [Free CSet: 0.1 ms]
   [Eden: 100.0M(100.0M)->0.0B(853.0M) Survivors: 2048.0K->13312.0K Heap: 831.3M(2048.0M)->724.6M(2048.0M)]
 [Times: user=0.04 sys=0.01, real=0.01 secs] 
2021-01-22T00:59:24.112+0800: 57.148: [GC pause (G1 Humongous Allocation) (young) (initial-mark), 0.0191082 secs]
   [Parallel Time: 15.8 ms, GC Workers: 8]
      [GC Worker Start (ms): Min: 57148.2, Avg: 57148.3, Max: 57148.5, Diff: 0.3]
      [Ext Root Scanning (ms): Min: 0.0, Avg: 0.3, Max: 0.6, Diff: 0.6, Sum: 2.4]
      [Update RS (ms): Min: 4.6, Avg: 6.0, Max: 6.3, Diff: 1.7, Sum: 47.8]
         [Processed Buffers: Min: 69, Avg: 91.9, Max: 98, Diff: 29, Sum: 735]
      [Scan RS (ms): Min: 0.0, Avg: 0.0, Max: 0.1, Diff: 0.0, Sum: 0.3]
      [Code Root Scanning (ms): Min: 0.0, Avg: 0.0, Max: 0.0, Diff: 0.0, Sum: 0.0]
      [Object Copy (ms): Min: 8.3, Avg: 8.5, Max: 9.6, Diff: 1.4, Sum: 67.9]
      [Termination (ms): Min: 0.0, Avg: 0.1, Max: 0.1, Diff: 0.1, Sum: 0.5]
         [Termination Attempts: Min: 1, Avg: 1.4, Max: 2, Diff: 1, Sum: 11]
      [GC Worker Other (ms): Min: 0.0, Avg: 0.0, Max: 0.0, Diff: 0.0, Sum: 0.1]
      [GC Worker Total (ms): Min: 14.8, Avg: 14.9, Max: 15.0, Diff: 0.3, Sum: 119.1]
      [GC Worker End (ms): Min: 57163.2, Avg: 57163.2, Max: 57163.2, Diff: 0.0]
   [Code Root Fixup: 0.0 ms]
   [Code Root Purge: 0.0 ms]
   [Clear CT: 0.8 ms]
   [Other: 2.5 ms]
      [Choose CSet: 0.0 ms]
      [Ref Proc: 0.8 ms]
      [Ref Enq: 0.0 ms]
      [Redirty Cards: 1.0 ms]
      [Humongous Register: 0.2 ms]
      [Humongous Reclaim: 0.2 ms]
      [Free CSet: 0.2 ms]
   [Eden: 365.0M(853.0M)->0.0B(214.0M) Survivors: 13312.0K->101.0M Heap: 1179.6M(2048.0M)->805.7M(2048.0M)]
 [Times: user=0.11 sys=0.01, real=0.02 secs] 
2021-01-22T00:59:24.132+0800: 57.168: [GC concurrent-root-region-scan-start]
2021-01-22T00:59:24.132+0800: 57.168: [GC concurrent-root-region-scan-end, 0.0003289 secs]
2021-01-22T00:59:24.132+0800: 57.168: [GC concurrent-mark-start]
2021-01-22T00:59:24.135+0800: 57.171: [GC concurrent-mark-end, 0.0026000 secs]
2021-01-22T00:59:24.135+0800: 57.171: [GC remark 2021-01-22T00:59:24.136+0800: 57.171: [Finalize Marking, 0.0012500 secs] 2021-01-22T00:59:24.137+0800: 57.173: [GC ref-proc, 0.0004770 secs] 2021-01-22T00:59:24.138+0800: 57.174: [Unloading, 0.0014778 secs], 0.0058907 secs]
 [Times: user=0.01 sys=0.00, real=0.01 secs] 
2021-01-22T00:59:24.142+0800: 57.178: [GC cleanup 834M->690M(2048M), 0.0036262 secs]
 [Times: user=0.01 sys=0.00, real=0.00 secs] 
2021-01-22T00:59:24.146+0800: 57.182: [GC concurrent-cleanup-start]
2021-01-22T00:59:24.146+0800: 57.182: [GC concurrent-cleanup-end, 0.0001077 secs]
2021-01-22T00:59:24.173+0800: 57.209: [GC pause (G1 Evacuation Pause) (young), 0.0194431 secs]
   [Parallel Time: 16.8 ms, GC Workers: 8]
      [GC Worker Start (ms): Min: 57209.1, Avg: 57209.3, Max: 57209.4, Diff: 0.3]
      [Ext Root Scanning (ms): Min: 0.0, Avg: 0.1, Max: 0.2, Diff: 0.2, Sum: 0.5]
      [Update RS (ms): Min: 4.2, Avg: 4.3, Max: 4.3, Diff: 0.1, Sum: 34.4]
         [Processed Buffers: Min: 56, Avg: 64.8, Max: 68, Diff: 12, Sum: 518]
      [Scan RS (ms): Min: 0.0, Avg: 0.0, Max: 0.0, Diff: 0.0, Sum: 0.3]
      [Code Root Scanning (ms): Min: 0.0, Avg: 0.0, Max: 0.0, Diff: 0.0, Sum: 0.0]
      [Object Copy (ms): Min: 11.8, Avg: 11.8, Max: 11.8, Diff: 0.1, Sum: 94.4]
      [Termination (ms): Min: 0.0, Avg: 0.0, Max: 0.1, Diff: 0.1, Sum: 0.3]
         [Termination Attempts: Min: 1, Avg: 1.0, Max: 1, Diff: 0, Sum: 8]
      [GC Worker Other (ms): Min: 0.0, Avg: 0.0, Max: 0.1, Diff: 0.0, Sum: 0.1]
      [GC Worker Total (ms): Min: 16.1, Avg: 16.3, Max: 16.4, Diff: 0.3, Sum: 130.1]
      [GC Worker End (ms): Min: 57225.5, Avg: 57225.5, Max: 57225.6, Diff: 0.1]
   [Code Root Fixup: 0.0 ms]
   [Code Root Purge: 0.0 ms]
   [Clear CT: 0.7 ms]
   [Other: 1.9 ms]
      [Choose CSet: 0.0 ms]
      [Ref Proc: 0.5 ms]
      [Ref Enq: 0.0 ms]
      [Redirty Cards: 0.8 ms]
      [Humongous Register: 0.1 ms]
      [Humongous Reclaim: 0.1 ms]
      [Free CSet: 0.1 ms]
   [Eden: 214.0M(214.0M)->0.0B(63488.0K) Survivors: 101.0M->40960.0K Heap: 939.3M(2048.0M)->701.9M(2048.0M)]
 [Times: user=0.14 sys=0.00, real=0.02 secs] 
2021-01-22T00:59:24.201+0800: 57.237: [GC pause (G1 Evacuation Pause) (mixed), 0.0109072 secs]
   [Parallel Time: 7.9 ms, GC Workers: 8]
      [GC Worker Start (ms): Min: 57237.1, Avg: 57237.2, Max: 57237.3, Diff: 0.3]
      [Ext Root Scanning (ms): Min: 0.0, Avg: 0.1, Max: 0.2, Diff: 0.2, Sum: 0.5]
      [Update RS (ms): Min: 0.7, Avg: 0.8, Max: 0.8, Diff: 0.1, Sum: 6.5]
         [Processed Buffers: Min: 12, Avg: 12.4, Max: 13, Diff: 1, Sum: 99]
      [Scan RS (ms): Min: 0.0, Avg: 0.1, Max: 0.2, Diff: 0.2, Sum: 0.8]
      [Code Root Scanning (ms): Min: 0.0, Avg: 0.0, Max: 0.0, Diff: 0.0, Sum: 0.0]
      [Object Copy (ms): Min: 6.1, Avg: 6.3, Max: 6.3, Diff: 0.2, Sum: 50.1]
      [Termination (ms): Min: 0.0, Avg: 0.1, Max: 0.1, Diff: 0.1, Sum: 0.4]
         [Termination Attempts: Min: 1, Avg: 1.0, Max: 1, Diff: 0, Sum: 8]
      [GC Worker Other (ms): Min: 0.0, Avg: 0.0, Max: 0.0, Diff: 0.0, Sum: 0.0]
      [GC Worker Total (ms): Min: 7.2, Avg: 7.3, Max: 7.4, Diff: 0.3, Sum: 58.5]
      [GC Worker End (ms): Min: 57244.5, Avg: 57244.5, Max: 57244.6, Diff: 0.1]
   [Code Root Fixup: 0.0 ms]
   [Code Root Purge: 0.0 ms]
   [Clear CT: 1.0 ms]
   [Other: 2.0 ms]
      [Choose CSet: 0.1 ms]
      [Ref Proc: 0.6 ms]
      [Ref Enq: 0.0 ms]
      [Redirty Cards: 0.8 ms]
      [Humongous Register: 0.1 ms]
      [Humongous Reclaim: 0.1 ms]
      [Free CSet: 0.3 ms]
   [Eden: 63488.0K(63488.0K)->0.0B(91136.0K) Survivors: 40960.0K->13312.0K Heap: 775.0M(2048.0M)->527.5M(2048.0M)]
 [Times: user=0.06 sys=0.00, real=0.01 secs] 
2021-01-22T00:59:24.225+0800: 57.261: [GC pause (G1 Evacuation Pause) (mixed), 0.0091524 secs]
   [Parallel Time: 6.3 ms, GC Workers: 8]
      [GC Worker Start (ms): Min: 57260.9, Avg: 57261.0, Max: 57261.1, Diff: 0.2]
      [Ext Root Scanning (ms): Min: 0.0, Avg: 0.1, Max: 0.2, Diff: 0.2, Sum: 0.6]
      [Update RS (ms): Min: 1.5, Avg: 1.6, Max: 1.6, Diff: 0.1, Sum: 12.5]
         [Processed Buffers: Min: 23, Avg: 23.8, Max: 25, Diff: 2, Sum: 190]
      [Scan RS (ms): Min: 0.0, Avg: 0.0, Max: 0.1, Diff: 0.1, Sum: 0.3]
      [Code Root Scanning (ms): Min: 0.0, Avg: 0.0, Max: 0.0, Diff: 0.0, Sum: 0.0]
      [Object Copy (ms): Min: 3.7, Avg: 3.8, Max: 3.9, Diff: 0.1, Sum: 30.5]
      [Termination (ms): Min: 0.0, Avg: 0.0, Max: 0.1, Diff: 0.1, Sum: 0.4]
         [Termination Attempts: Min: 1, Avg: 1.5, Max: 4, Diff: 3, Sum: 12]
      [GC Worker Other (ms): Min: 0.0, Avg: 0.0, Max: 0.0, Diff: 0.0, Sum: 0.1]
      [GC Worker Total (ms): Min: 5.4, Avg: 5.5, Max: 5.7, Diff: 0.2, Sum: 44.4]
      [GC Worker End (ms): Min: 57266.5, Avg: 57266.6, Max: 57266.6, Diff: 0.0]
   [Code Root Fixup: 0.0 ms]
   [Code Root Purge: 0.0 ms]
   [Clear CT: 0.8 ms]
   [Other: 2.0 ms]
      [Choose CSet: 0.0 ms]
      [Ref Proc: 0.8 ms]
      [Ref Enq: 0.0 ms]
      [Redirty Cards: 0.8 ms]
      [Humongous Register: 0.1 ms]
      [Humongous Reclaim: 0.1 ms]
      [Free CSet: 0.1 ms]
   [Eden: 91136.0K(91136.0K)->0.0B(988.0M) Survivors: 13312.0K->13312.0K Heap: 639.0M(2048.0M)->552.0M(2048.0M)]
 [Times: user=0.06 sys=0.00, real=0.01 secs] 
2021-01-22T00:59:24.338+0800: 57.374: [GC pause (G1 Humongous Allocation) (young) (initial-mark), 0.0357704 secs]
   [Parallel Time: 31.0 ms, GC Workers: 8]
      [GC Worker Start (ms): Min: 57374.1, Avg: 57374.3, Max: 57374.4, Diff: 0.3]
      [Ext Root Scanning (ms): Min: 0.1, Avg: 0.4, Max: 1.0, Diff: 0.9, Sum: 3.5]
      [Update RS (ms): Min: 15.5, Avg: 15.6, Max: 15.7, Diff: 0.2, Sum: 124.7]
         [Processed Buffers: Min: 152, Avg: 207.2, Max: 242, Diff: 90, Sum: 1658]
      [Scan RS (ms): Min: 0.1, Avg: 0.1, Max: 0.2, Diff: 0.1, Sum: 0.8]
      [Code Root Scanning (ms): Min: 0.0, Avg: 0.0, Max: 0.0, Diff: 0.0, Sum: 0.0]
      [Object Copy (ms): Min: 13.3, Avg: 13.9, Max: 14.1, Diff: 0.8, Sum: 111.2]
      [Termination (ms): Min: 0.0, Avg: 0.1, Max: 0.2, Diff: 0.2, Sum: 0.8]
         [Termination Attempts: Min: 1, Avg: 1.1, Max: 2, Diff: 1, Sum: 9]
      [GC Worker Other (ms): Min: 0.0, Avg: 0.0, Max: 0.0, Diff: 0.0, Sum: 0.1]
      [GC Worker Total (ms): Min: 30.0, Avg: 30.1, Max: 30.3, Diff: 0.4, Sum: 241.2]
      [GC Worker End (ms): Min: 57404.4, Avg: 57404.4, Max: 57404.5, Diff: 0.1]
   [Code Root Fixup: 0.0 ms]
   [Code Root Purge: 0.0 ms]
   [Clear CT: 0.9 ms]
   [Other: 3.9 ms]
      [Choose CSet: 0.0 ms]
      [Ref Proc: 1.7 ms]
      [Ref Enq: 0.0 ms]
      [Redirty Cards: 1.2 ms]
      [Humongous Register: 0.2 ms]
      [Humongous Reclaim: 0.3 ms]
      [Free CSet: 0.3 ms]
   [Eden: 717.0M(988.0M)->0.0B(862.0M) Survivors: 13312.0K->126.0M Heap: 1474.3M(2048.0M)->711.6M(2048.0M)]
 [Times: user=0.25 sys=0.00, real=0.04 secs] 
2021-01-22T00:59:24.374+0800: 57.410: [GC concurrent-root-region-scan-start]
2021-01-22T00:59:24.375+0800: 57.410: [GC concurrent-root-region-scan-end, 0.0002558 secs]
2021-01-22T00:59:24.375+0800: 57.410: [GC concurrent-mark-start]
2021-01-22T00:59:24.377+0800: 57.413: [GC concurrent-mark-end, 0.0024383 secs]
2021-01-22T00:59:24.377+0800: 57.413: [GC remark 2021-01-22T00:59:24.378+0800: 57.414: [Finalize Marking, 0.0006674 secs] 2021-01-22T00:59:24.379+0800: 57.415: [GC ref-proc, 0.0006387 secs] 2021-01-22T00:59:24.380+0800: 57.416: [Unloading, 0.0014186 secs], 0.0056851 secs]
 [Times: user=0.02 sys=0.00, real=0.01 secs] 
2021-01-22T00:59:24.384+0800: 57.420: [GC cleanup 726M->641M(2048M), 0.0027482 secs]
 [Times: user=0.01 sys=0.00, real=0.00 secs] 
2021-01-22T00:59:24.387+0800: 57.423: [GC concurrent-cleanup-start]
2021-01-22T00:59:24.387+0800: 57.423: [GC concurrent-cleanup-end, 0.0000528 secs]
2021-01-22T00:59:24.506+0800: 57.542: [GC pause (G1 Evacuation Pause) (young) (to-space exhausted), 0.0338121 secs]
   [Parallel Time: 29.4 ms, GC Workers: 8]
      [GC Worker Start (ms): Min: 57542.6, Avg: 57542.8, Max: 57542.9, Diff: 0.3]
      [Ext Root Scanning (ms): Min: 0.0, Avg: 0.1, Max: 0.2, Diff: 0.2, Sum: 0.6]
      [Update RS (ms): Min: 14.2, Avg: 14.3, Max: 14.4, Diff: 0.1, Sum: 114.5]
         [Processed Buffers: Min: 207, Avg: 214.9, Max: 223, Diff: 16, Sum: 1719]
      [Scan RS (ms): Min: 0.1, Avg: 0.1, Max: 0.2, Diff: 0.1, Sum: 1.0]
      [Code Root Scanning (ms): Min: 0.0, Avg: 0.0, Max: 0.0, Diff: 0.0, Sum: 0.0]
      [Object Copy (ms): Min: 13.9, Avg: 14.0, Max: 14.1, Diff: 0.2, Sum: 112.3]
      [Termination (ms): Min: 0.0, Avg: 0.1, Max: 0.2, Diff: 0.2, Sum: 0.9]
         [Termination Attempts: Min: 1, Avg: 1.0, Max: 1, Diff: 0, Sum: 8]
      [GC Worker Other (ms): Min: 0.0, Avg: 0.0, Max: 0.0, Diff: 0.0, Sum: 0.1]
      [GC Worker Total (ms): Min: 28.5, Avg: 28.7, Max: 28.9, Diff: 0.3, Sum: 229.3]
      [GC Worker End (ms): Min: 57571.4, Avg: 57571.4, Max: 57571.5, Diff: 0.0]
   [Code Root Fixup: 0.0 ms]
   [Code Root Purge: 0.0 ms]
   [Clear CT: 0.9 ms]
   [Other: 3.4 ms]
      [Evacuation Failure: 1.0 ms]
      [Choose CSet: 0.0 ms]
      [Ref Proc: 0.4 ms]
      [Ref Enq: 0.0 ms]
      [Redirty Cards: 1.2 ms]
      [Humongous Register: 0.2 ms]
      [Humongous Reclaim: 0.3 ms]
      [Free CSet: 0.3 ms]
   [Eden: 862.0M(862.0M)->0.0B(8192.0K) Survivors: 126.0M->124.0M Heap: 1702.3M(2048.0M)->940.0M(2048.0M)]
 [Times: user=0.24 sys=0.00, real=0.04 secs] 
2021-01-22T00:59:24.542+0800: 57.578: [GC pause (G1 Evacuation Pause) (mixed), 0.0163036 secs]
   [Parallel Time: 12.6 ms, GC Workers: 8]
      [GC Worker Start (ms): Min: 57578.4, Avg: 57578.6, Max: 57578.7, Diff: 0.3]
      [Ext Root Scanning (ms): Min: 0.0, Avg: 0.1, Max: 0.2, Diff: 0.2, Sum: 0.5]
      [Update RS (ms): Min: 0.0, Avg: 0.1, Max: 0.1, Diff: 0.1, Sum: 0.8]
         [Processed Buffers: Min: 1, Avg: 2.4, Max: 4, Diff: 3, Sum: 19]
      [Scan RS (ms): Min: 0.0, Avg: 0.1, Max: 0.1, Diff: 0.0, Sum: 0.6]
      [Code Root Scanning (ms): Min: 0.0, Avg: 0.0, Max: 0.0, Diff: 0.0, Sum: 0.0]
      [Object Copy (ms): Min: 11.5, Avg: 11.5, Max: 11.6, Diff: 0.1, Sum: 92.2]
      [Termination (ms): Min: 0.0, Avg: 0.1, Max: 0.1, Diff: 0.1, Sum: 0.5]
         [Termination Attempts: Min: 1, Avg: 1.5, Max: 3, Diff: 2, Sum: 12]
      [GC Worker Other (ms): Min: 0.0, Avg: 0.0, Max: 0.0, Diff: 0.0, Sum: 0.1]
      [GC Worker Total (ms): Min: 11.7, Avg: 11.8, Max: 12.0, Diff: 0.3, Sum: 94.6]
      [GC Worker End (ms): Min: 57590.4, Avg: 57590.4, Max: 57590.4, Diff: 0.0]
   [Code Root Fixup: 0.0 ms]
   [Code Root Purge: 0.0 ms]
   [Clear CT: 1.3 ms]
   [Other: 2.4 ms]
      [Choose CSet: 0.1 ms]
      [Ref Proc: 0.5 ms]
      [Ref Enq: 0.0 ms]
      [Redirty Cards: 1.2 ms]
      [Humongous Register: 0.1 ms]
      [Humongous Reclaim: 0.1 ms]
      [Free CSet: 0.2 ms]
   [Eden: 8192.0K(8192.0K)->0.0B(804.0M) Survivors: 124.0M->4096.0K Heap: 948.0M(2048.0M)->791.6M(2048.0M)]
 [Times: user=0.10 sys=0.00, real=0.02 secs] 
2021-01-22T00:59:24.586+0800: 57.622: [GC pause (G1 Humongous Allocation) (young) (initial-mark), 0.0146362 secs]
   [Parallel Time: 9.6 ms, GC Workers: 8]
      [GC Worker Start (ms): Min: 57622.6, Avg: 57622.7, Max: 57622.9, Diff: 0.3]
      [Ext Root Scanning (ms): Min: 0.0, Avg: 0.4, Max: 0.6, Diff: 0.6, Sum: 3.2]
      [Update RS (ms): Min: 3.4, Avg: 3.9, Max: 6.9, Diff: 3.5, Sum: 31.2]
         [Processed Buffers: Min: 18, Avg: 48.2, Max: 56, Diff: 38, Sum: 386]
      [Scan RS (ms): Min: 0.0, Avg: 0.0, Max: 0.1, Diff: 0.1, Sum: 0.3]
      [Code Root Scanning (ms): Min: 0.0, Avg: 0.0, Max: 0.0, Diff: 0.0, Sum: 0.0]
      [Object Copy (ms): Min: 1.3, Avg: 4.4, Max: 4.8, Diff: 3.5, Sum: 34.8]
      [Termination (ms): Min: 0.0, Avg: 0.0, Max: 0.1, Diff: 0.1, Sum: 0.3]
         [Termination Attempts: Min: 1, Avg: 1.4, Max: 2, Diff: 1, Sum: 11]
      [GC Worker Other (ms): Min: 0.0, Avg: 0.0, Max: 0.0, Diff: 0.0, Sum: 0.1]
      [GC Worker Total (ms): Min: 8.6, Avg: 8.7, Max: 8.9, Diff: 0.4, Sum: 69.8]
      [GC Worker End (ms): Min: 57631.5, Avg: 57631.5, Max: 57631.5, Diff: 0.0]
   [Code Root Fixup: 0.0 ms]
   [Code Root Purge: 0.0 ms]
   [Clear CT: 1.1 ms]
   [Other: 3.9 ms]
      [Choose CSet: 0.0 ms]
      [Ref Proc: 2.4 ms]
      [Ref Enq: 0.0 ms]
      [Redirty Cards: 0.9 ms]
      [Humongous Register: 0.1 ms]
      [Humongous Reclaim: 0.1 ms]
      [Free CSet: 0.1 ms]
   [Eden: 193.0M(804.0M)->0.0B(779.0M) Survivors: 4096.0K->59392.0K Heap: 1030.9M(2048.0M)->847.1M(2048.0M)]
 [Times: user=0.08 sys=0.00, real=0.02 secs] 
2021-01-22T00:59:24.602+0800: 57.638: [GC concurrent-root-region-scan-start]
2021-01-22T00:59:24.602+0800: 57.638: [GC concurrent-root-region-scan-end, 0.0002887 secs]
2021-01-22T00:59:24.602+0800: 57.638: [GC concurrent-mark-start]
2021-01-22T00:59:24.605+0800: 57.641: [GC concurrent-mark-end, 0.0031346 secs]
2021-01-22T00:59:24.605+0800: 57.641: [GC remark 2021-01-22T00:59:24.606+0800: 57.642: [Finalize Marking, 0.0010293 secs] 2021-01-22T00:59:24.607+0800: 57.643: [GC ref-proc, 0.0004699 secs] 2021-01-22T00:59:24.608+0800: 57.644: [Unloading, 0.0013563 secs], 0.0052803 secs]
 [Times: user=0.01 sys=0.00, real=0.01 secs] 
2021-01-22T00:59:24.612+0800: 57.648: [GC cleanup 872M->758M(2048M), 0.0029304 secs]
 [Times: user=0.01 sys=0.00, real=0.00 secs] 
2021-01-22T00:59:24.615+0800: 57.651: [GC concurrent-cleanup-start]
2021-01-22T00:59:24.615+0800: 57.651: [GC concurrent-cleanup-end, 0.0000647 secs]
2021-01-22T00:59:24.722+0800: 57.758: [GC pause (G1 Evacuation Pause) (young) (to-space exhausted), 0.0345222 secs]
   [Parallel Time: 29.0 ms, GC Workers: 8]
      [GC Worker Start (ms): Min: 57758.6, Avg: 57758.9, Max: 57759.0, Diff: 0.4]
      [Ext Root Scanning (ms): Min: 0.0, Avg: 0.1, Max: 0.2, Diff: 0.2, Sum: 0.5]
      [Update RS (ms): Min: 12.4, Avg: 12.5, Max: 12.5, Diff: 0.1, Sum: 99.8]
         [Processed Buffers: Min: 165, Avg: 182.6, Max: 196, Diff: 31, Sum: 1461]
      [Scan RS (ms): Min: 0.1, Avg: 0.1, Max: 0.1, Diff: 0.0, Sum: 0.9]
      [Code Root Scanning (ms): Min: 0.0, Avg: 0.0, Max: 0.0, Diff: 0.0, Sum: 0.0]
      [Object Copy (ms): Min: 15.5, Avg: 15.5, Max: 15.6, Diff: 0.1, Sum: 124.3]
      [Termination (ms): Min: 0.0, Avg: 0.1, Max: 0.1, Diff: 0.1, Sum: 0.5]
         [Termination Attempts: Min: 1, Avg: 1.0, Max: 1, Diff: 0, Sum: 8]
      [GC Worker Other (ms): Min: 0.0, Avg: 0.1, Max: 0.1, Diff: 0.1, Sum: 0.4]
      [GC Worker Total (ms): Min: 28.1, Avg: 28.3, Max: 28.6, Diff: 0.5, Sum: 226.3]
      [GC Worker End (ms): Min: 57787.1, Avg: 57787.2, Max: 57787.2, Diff: 0.1]
   [Code Root Fixup: 0.0 ms]
   [Code Root Purge: 0.0 ms]
   [Clear CT: 1.0 ms]
   [Other: 4.5 ms]
      [Evacuation Failure: 1.4 ms]
      [Choose CSet: 0.0 ms]
      [Ref Proc: 1.0 ms]
      [Ref Enq: 0.0 ms]
      [Redirty Cards: 1.3 ms]
      [Humongous Register: 0.2 ms]
      [Humongous Reclaim: 0.2 ms]
      [Free CSet: 0.3 ms]
   [Eden: 779.0M(779.0M)->0.0B(7168.0K) Survivors: 59392.0K->105.0M Heap: 1693.6M(2048.0M)->880.2M(2048.0M)]
 [Times: user=0.24 sys=0.00, real=0.03 secs] 
2021-01-22T00:59:24.759+0800: 57.795: [GC pause (G1 Evacuation Pause) (mixed), 0.0141220 secs]
   [Parallel Time: 10.9 ms, GC Workers: 8]
      [GC Worker Start (ms): Min: 57795.2, Avg: 57795.5, Max: 57795.6, Diff: 0.4]
      [Ext Root Scanning (ms): Min: 0.0, Avg: 0.1, Max: 0.3, Diff: 0.3, Sum: 0.6]
      [Update RS (ms): Min: 0.1, Avg: 0.2, Max: 0.2, Diff: 0.2, Sum: 1.3]
         [Processed Buffers: Min: 1, Avg: 3.4, Max: 5, Diff: 4, Sum: 27]
      [Scan RS (ms): Min: 0.0, Avg: 0.1, Max: 0.1, Diff: 0.0, Sum: 0.5]
      [Code Root Scanning (ms): Min: 0.0, Avg: 0.0, Max: 0.0, Diff: 0.0, Sum: 0.0]
      [Object Copy (ms): Min: 9.6, Avg: 9.6, Max: 9.7, Diff: 0.1, Sum: 77.2]
      [Termination (ms): Min: 0.0, Avg: 0.1, Max: 0.2, Diff: 0.2, Sum: 0.9]
         [Termination Attempts: Min: 1, Avg: 1.0, Max: 1, Diff: 0, Sum: 8]
      [GC Worker Other (ms): Min: 0.0, Avg: 0.0, Max: 0.0, Diff: 0.0, Sum: 0.0]
      [GC Worker Total (ms): Min: 9.9, Avg: 10.1, Max: 10.3, Diff: 0.4, Sum: 80.6]
      [GC Worker End (ms): Min: 57805.5, Avg: 57805.5, Max: 57805.5, Diff: 0.0]
   [Code Root Fixup: 0.0 ms]
   [Code Root Purge: 0.0 ms]
   [Clear CT: 1.3 ms]
   [Other: 1.9 ms]
      [Choose CSet: 0.1 ms]
      [Ref Proc: 0.4 ms]
      [Ref Enq: 0.0 ms]
      [Redirty Cards: 0.9 ms]
      [Humongous Register: 0.1 ms]
      [Humongous Reclaim: 0.0 ms]
      [Free CSet: 0.2 ms]
   [Eden: 7168.0K(7168.0K)->0.0B(101376.0K) Survivors: 105.0M->3072.0K Heap: 888.7M(2048.0M)->685.5M(2048.0M)]
 [Times: user=0.09 sys=0.00, real=0.01 secs] 
2021-01-22T00:59:24.788+0800: 57.824: [GC pause (G1 Evacuation Pause) (mixed), 0.0091201 secs]
   [Parallel Time: 5.7 ms, GC Workers: 8]
      [GC Worker Start (ms): Min: 57824.5, Avg: 57824.7, Max: 57824.8, Diff: 0.3]
      [Ext Root Scanning (ms): Min: 0.0, Avg: 0.1, Max: 0.2, Diff: 0.2, Sum: 0.5]
      [Update RS (ms): Min: 1.2, Avg: 1.3, Max: 1.3, Diff: 0.1, Sum: 10.5]
         [Processed Buffers: Min: 19, Avg: 19.5, Max: 20, Diff: 1, Sum: 156]
      [Scan RS (ms): Min: 0.0, Avg: 0.0, Max: 0.1, Diff: 0.1, Sum: 0.4]
      [Code Root Scanning (ms): Min: 0.0, Avg: 0.0, Max: 0.0, Diff: 0.0, Sum: 0.0]
      [Object Copy (ms): Min: 3.4, Avg: 3.5, Max: 3.5, Diff: 0.1, Sum: 27.8]
      [Termination (ms): Min: 0.0, Avg: 0.1, Max: 0.1, Diff: 0.1, Sum: 0.5]
         [Termination Attempts: Min: 1, Avg: 1.1, Max: 2, Diff: 1, Sum: 9]
      [GC Worker Other (ms): Min: 0.0, Avg: 0.0, Max: 0.0, Diff: 0.0, Sum: 0.1]
      [GC Worker Total (ms): Min: 4.8, Avg: 5.0, Max: 5.1, Diff: 0.3, Sum: 39.8]
      [GC Worker End (ms): Min: 57829.6, Avg: 57829.6, Max: 57829.7, Diff: 0.0]
   [Code Root Fixup: 0.0 ms]
   [Code Root Purge: 0.0 ms]
   [Clear CT: 1.3 ms]
   [Other: 2.1 ms]
      [Choose CSet: 0.0 ms]
      [Ref Proc: 0.7 ms]
      [Ref Enq: 0.0 ms]
      [Redirty Cards: 0.9 ms]
      [Humongous Register: 0.1 ms]
      [Humongous Reclaim: 0.1 ms]
      [Free CSet: 0.1 ms]
   [Eden: 101376.0K(101376.0K)->0.0B(974.0M) Survivors: 3072.0K->13312.0K Heap: 802.8M(2048.0M)->629.3M(2048.0M)]
 [Times: user=0.05 sys=0.01, real=0.00 secs] 
2021-01-22T00:59:24.895+0800: 57.931: [GC pause (G1 Humongous Allocation) (young) (initial-mark), 0.0278044 secs]
   [Parallel Time: 24.4 ms, GC Workers: 8]
      [GC Worker Start (ms): Min: 57930.9, Avg: 57931.1, Max: 57931.3, Diff: 0.4]
      [Ext Root Scanning (ms): Min: 0.0, Avg: 0.3, Max: 0.5, Diff: 0.5, Sum: 2.7]
      [Update RS (ms): Min: 10.5, Avg: 10.6, Max: 10.7, Diff: 0.2, Sum: 84.4]
         [Processed Buffers: Min: 159, Avg: 161.4, Max: 165, Diff: 6, Sum: 1291]
      [Scan RS (ms): Min: 0.1, Avg: 0.1, Max: 0.1, Diff: 0.0, Sum: 0.6]
      [Code Root Scanning (ms): Min: 0.0, Avg: 0.0, Max: 0.0, Diff: 0.0, Sum: 0.0]
      [Object Copy (ms): Min: 12.4, Avg: 12.4, Max: 12.5, Diff: 0.1, Sum: 99.4]
      [Termination (ms): Min: 0.0, Avg: 0.0, Max: 0.1, Diff: 0.1, Sum: 0.3]
         [Termination Attempts: Min: 1, Avg: 1.0, Max: 1, Diff: 0, Sum: 8]
      [GC Worker Other (ms): Min: 0.0, Avg: 0.1, Max: 0.1, Diff: 0.1, Sum: 0.5]
      [GC Worker Total (ms): Min: 23.3, Avg: 23.5, Max: 23.8, Diff: 0.5, Sum: 188.0]
      [GC Worker End (ms): Min: 57954.5, Avg: 57954.6, Max: 57954.7, Diff: 0.1]
   [Code Root Fixup: 0.0 ms]
   [Code Root Purge: 0.0 ms]
   [Clear CT: 0.9 ms]
   [Other: 2.5 ms]
      [Choose CSet: 0.0 ms]
      [Ref Proc: 0.8 ms]
      [Ref Enq: 0.0 ms]
      [Redirty Cards: 0.9 ms]
      [Humongous Register: 0.1 ms]
      [Humongous Reclaim: 0.2 ms]
      [Free CSet: 0.2 ms]
   [Eden: 662.0M(974.0M)->0.0B(854.0M) Survivors: 13312.0K->124.0M Heap: 1450.8M(2048.0M)->759.1M(2048.0M)]
 [Times: user=0.19 sys=0.00, real=0.03 secs] 
2021-01-22T00:59:24.923+0800: 57.959: [GC concurrent-root-region-scan-start]
2021-01-22T00:59:24.924+0800: 57.960: [GC concurrent-root-region-scan-end, 0.0003392 secs]
2021-01-22T00:59:24.924+0800: 57.960: [GC concurrent-mark-start]
2021-01-22T00:59:24.926+0800: 57.962: [GC concurrent-mark-end, 0.0022988 secs]
2021-01-22T00:59:24.926+0800: 57.962: [GC remark 2021-01-22T00:59:24.927+0800: 57.963: [Finalize Marking, 0.0011224 secs] 2021-01-22T00:59:24.928+0800: 57.964: [GC ref-proc, 0.0004194 secs] 2021-01-22T00:59:24.929+0800: 57.965: [Unloading, 0.0013349 secs], 0.0049275 secs]
 [Times: user=0.01 sys=0.00, real=0.01 secs] 
2021-01-22T00:59:24.932+0800: 57.968: [GC cleanup 788M->653M(2048M), 0.0030924 secs]
 [Times: user=0.01 sys=0.00, real=0.00 secs] 
2021-01-22T00:59:24.936+0800: 57.972: [GC concurrent-cleanup-start]
2021-01-22T00:59:24.936+0800: 57.972: [GC concurrent-cleanup-end, 0.0000897 secs]
2021-01-22T00:59:25.057+0800: 58.092: [GC pause (G1 Evacuation Pause) (young) (to-space exhausted), 0.0348108 secs]
   [Parallel Time: 30.1 ms, GC Workers: 8]
      [GC Worker Start (ms): Min: 58092.7, Avg: 58092.9, Max: 58093.1, Diff: 0.3]
      [Ext Root Scanning (ms): Min: 0.0, Avg: 0.1, Max: 0.2, Diff: 0.2, Sum: 0.5]
      [Update RS (ms): Min: 16.0, Avg: 16.1, Max: 16.2, Diff: 0.1, Sum: 128.9]
         [Processed Buffers: Min: 223, Avg: 240.6, Max: 248, Diff: 25, Sum: 1925]
      [Scan RS (ms): Min: 0.1, Avg: 0.1, Max: 0.2, Diff: 0.1, Sum: 1.1]
      [Code Root Scanning (ms): Min: 0.0, Avg: 0.0, Max: 0.0, Diff: 0.0, Sum: 0.0]
      [Object Copy (ms): Min: 12.6, Avg: 12.7, Max: 12.9, Diff: 0.3, Sum: 101.9]
      [Termination (ms): Min: 0.0, Avg: 0.1, Max: 0.3, Diff: 0.3, Sum: 1.1]
         [Termination Attempts: Min: 1, Avg: 1.0, Max: 1, Diff: 0, Sum: 8]
      [GC Worker Other (ms): Min: 0.0, Avg: 0.1, Max: 0.3, Diff: 0.3, Sum: 0.6]
      [GC Worker Total (ms): Min: 29.1, Avg: 29.3, Max: 29.5, Diff: 0.4, Sum: 234.1]
      [GC Worker End (ms): Min: 58122.1, Avg: 58122.2, Max: 58122.4, Diff: 0.3]
   [Code Root Fixup: 0.0 ms]
   [Code Root Purge: 0.0 ms]
   [Clear CT: 1.0 ms]
   [Other: 3.7 ms]
      [Evacuation Failure: 1.2 ms]
      [Choose CSet: 0.0 ms]
      [Ref Proc: 0.8 ms]
      [Ref Enq: 0.0 ms]
      [Redirty Cards: 0.9 ms]
      [Humongous Register: 0.1 ms]
      [Humongous Reclaim: 0.3 ms]
      [Free CSet: 0.3 ms]
   [Eden: 854.0M(854.0M)->0.0B(7168.0K) Survivors: 124.0M->119.0M Heap: 1717.5M(2048.0M)->1034.8M(2048.0M)]
 [Times: user=0.25 sys=0.00, real=0.04 secs] 
2021-01-22T00:59:25.094+0800: 58.129: [GC pause (G1 Evacuation Pause) (mixed), 0.0156399 secs]
   [Parallel Time: 12.3 ms, GC Workers: 8]
      [GC Worker Start (ms): Min: 58129.9, Avg: 58130.0, Max: 58130.2, Diff: 0.3]
      [Ext Root Scanning (ms): Min: 0.0, Avg: 0.1, Max: 0.2, Diff: 0.2, Sum: 0.5]
      [Update RS (ms): Min: 0.2, Avg: 0.3, Max: 0.3, Diff: 0.1, Sum: 2.2]
         [Processed Buffers: Min: 4, Avg: 4.9, Max: 7, Diff: 3, Sum: 39]
      [Scan RS (ms): Min: 0.1, Avg: 0.1, Max: 0.1, Diff: 0.0, Sum: 0.6]
      [Code Root Scanning (ms): Min: 0.0, Avg: 0.0, Max: 0.0, Diff: 0.0, Sum: 0.0]
      [Object Copy (ms): Min: 11.0, Avg: 11.1, Max: 11.1, Diff: 0.1, Sum: 88.6]
      [Termination (ms): Min: 0.0, Avg: 0.0, Max: 0.1, Diff: 0.1, Sum: 0.3]
         [Termination Attempts: Min: 1, Avg: 1.1, Max: 2, Diff: 1, Sum: 9]
      [GC Worker Other (ms): Min: 0.0, Avg: 0.0, Max: 0.0, Diff: 0.0, Sum: 0.1]
      [GC Worker Total (ms): Min: 11.4, Avg: 11.5, Max: 11.7, Diff: 0.3, Sum: 92.2]
      [GC Worker End (ms): Min: 58141.6, Avg: 58141.6, Max: 58141.6, Diff: 0.0]
   [Code Root Fixup: 0.0 ms]
   [Code Root Purge: 0.0 ms]
   [Clear CT: 1.2 ms]
   [Other: 2.1 ms]
      [Choose CSet: 0.1 ms]
      [Ref Proc: 0.4 ms]
      [Ref Enq: 0.0 ms]
      [Redirty Cards: 1.0 ms]
      [Humongous Register: 0.2 ms]
      [Humongous Reclaim: 0.0 ms]
      [Free CSet: 0.2 ms]
   [Eden: 7168.0K(7168.0K)->0.0B(748.0M) Survivors: 119.0M->2048.0K Heap: 1044.7M(2048.0M)->871.2M(2048.0M)]
 [Times: user=0.09 sys=0.00, real=0.02 secs] 
2021-01-22T00:59:25.110+0800: 58.146: [GC pause (G1 Humongous Allocation) (young) (initial-mark), 0.0045618 secs]
   [Parallel Time: 1.6 ms, GC Workers: 8]
      [GC Worker Start (ms): Min: 58146.3, Avg: 58146.5, Max: 58146.6, Diff: 0.3]
      [Ext Root Scanning (ms): Min: 0.0, Avg: 0.3, Max: 0.6, Diff: 0.6, Sum: 2.8]
      [Update RS (ms): Min: 0.0, Avg: 0.2, Max: 0.5, Diff: 0.5, Sum: 1.5]
         [Processed Buffers: Min: 0, Avg: 1.1, Max: 2, Diff: 2, Sum: 9]
      [Scan RS (ms): Min: 0.0, Avg: 0.0, Max: 0.0, Diff: 0.0, Sum: 0.0]
      [Code Root Scanning (ms): Min: 0.0, Avg: 0.0, Max: 0.0, Diff: 0.0, Sum: 0.0]
      [Object Copy (ms): Min: 0.0, Avg: 0.0, Max: 0.1, Diff: 0.1, Sum: 0.3]
      [Termination (ms): Min: 0.0, Avg: 0.1, Max: 0.3, Diff: 0.3, Sum: 1.2]
         [Termination Attempts: Min: 1, Avg: 1.8, Max: 4, Diff: 3, Sum: 14]
      [GC Worker Other (ms): Min: 0.0, Avg: 0.0, Max: 0.0, Diff: 0.0, Sum: 0.1]
      [GC Worker Total (ms): Min: 0.6, Avg: 0.7, Max: 0.9, Diff: 0.3, Sum: 5.9]
      [GC Worker End (ms): Min: 58147.2, Avg: 58147.2, Max: 58147.2, Diff: 0.0]
   [Code Root Fixup: 0.0 ms]
   [Code Root Purge: 0.0 ms]
   [Clear CT: 0.9 ms]
   [Other: 2.0 ms]
      [Choose CSet: 0.0 ms]
      [Ref Proc: 0.8 ms]
      [Ref Enq: 0.0 ms]
      [Redirty Cards: 0.9 ms]
      [Humongous Register: 0.1 ms]
      [Humongous Reclaim: 0.0 ms]
      [Free CSet: 0.0 ms]
   [Eden: 2048.0K(748.0M)->0.0B(716.0M) Survivors: 2048.0K->2048.0K Heap: 873.2M(2048.0M)->871.7M(2048.0M)]
 [Times: user=0.01 sys=0.01, real=0.00 secs] 
2021-01-22T00:59:25.115+0800: 58.151: [GC concurrent-root-region-scan-start]
2021-01-22T00:59:25.116+0800: 58.152: [GC concurrent-root-region-scan-end, 0.0002414 secs]
2021-01-22T00:59:25.116+0800: 58.152: [GC concurrent-mark-start]
2021-01-22T00:59:25.119+0800: 58.155: [GC concurrent-mark-end, 0.0030127 secs]
2021-01-22T00:59:25.119+0800: 58.155: [GC remark 2021-01-22T00:59:25.119+0800: 58.155: [Finalize Marking, 0.0011166 secs] 2021-01-22T00:59:25.121+0800: 58.157: [GC ref-proc, 0.0004150 secs] 2021-01-22T00:59:25.121+0800: 58.157: [Unloading, 0.0011867 secs], 0.0049936 secs]
 [Times: user=0.01 sys=0.00, real=0.00 secs] 
2021-01-22T00:59:25.125+0800: 58.161: [GC cleanup 901M->846M(2048M), 0.0036750 secs]
 [Times: user=0.00 sys=0.01, real=0.01 secs] 
2021-01-22T00:59:25.129+0800: 58.165: [GC concurrent-cleanup-start]
2021-01-22T00:59:25.129+0800: 58.165: [GC concurrent-cleanup-end, 0.0000368 secs]
2021-01-22T00:59:25.227+0800: 58.263: [GC pause (G1 Evacuation Pause) (young), 0.0298728 secs]
   [Parallel Time: 26.3 ms, GC Workers: 8]
      [GC Worker Start (ms): Min: 58263.6, Avg: 58263.8, Max: 58263.9, Diff: 0.3]
      [Ext Root Scanning (ms): Min: 0.0, Avg: 0.1, Max: 0.2, Diff: 0.2, Sum: 0.6]
      [Update RS (ms): Min: 11.7, Avg: 11.7, Max: 11.8, Diff: 0.1, Sum: 93.9]
         [Processed Buffers: Min: 177, Avg: 178.9, Max: 182, Diff: 5, Sum: 1431]
      [Scan RS (ms): Min: 0.1, Avg: 0.1, Max: 0.2, Diff: 0.1, Sum: 0.9]
      [Code Root Scanning (ms): Min: 0.0, Avg: 0.0, Max: 0.0, Diff: 0.0, Sum: 0.0]
      [Object Copy (ms): Min: 13.4, Avg: 13.5, Max: 13.5, Diff: 0.1, Sum: 107.6]
      [Termination (ms): Min: 0.0, Avg: 0.0, Max: 0.1, Diff: 0.1, Sum: 0.3]
         [Termination Attempts: Min: 1, Avg: 1.1, Max: 2, Diff: 1, Sum: 9]
      [GC Worker Other (ms): Min: 0.0, Avg: 0.0, Max: 0.2, Diff: 0.2, Sum: 0.3]
      [GC Worker Total (ms): Min: 25.3, Avg: 25.4, Max: 25.6, Diff: 0.3, Sum: 203.6]
      [GC Worker End (ms): Min: 58289.2, Avg: 58289.2, Max: 58289.3, Diff: 0.1]
   [Code Root Fixup: 0.0 ms]
   [Code Root Purge: 0.0 ms]
   [Clear CT: 1.2 ms]
   [Other: 2.4 ms]
      [Choose CSet: 0.0 ms]
      [Ref Proc: 0.4 ms]
      [Ref Enq: 0.0 ms]
      [Redirty Cards: 1.1 ms]
      [Humongous Register: 0.2 ms]
      [Humongous Reclaim: 0.3 ms]
      [Free CSet: 0.4 ms]
   [Eden: 716.0M(716.0M)->0.0B(12288.0K) Survivors: 2048.0K->92160.0K Heap: 1710.9M(2048.0M)->986.7M(2048.0M)]
 [Times: user=0.22 sys=0.00, real=0.03 secs] 
2021-01-22T00:59:25.260+0800: 58.296: [GC pause (G1 Evacuation Pause) (mixed), 0.0122955 secs]
   [Parallel Time: 9.1 ms, GC Workers: 8]
      [GC Worker Start (ms): Min: 58296.2, Avg: 58296.4, Max: 58296.5, Diff: 0.3]
      [Ext Root Scanning (ms): Min: 0.0, Avg: 0.1, Max: 0.2, Diff: 0.2, Sum: 0.5]
      [Update RS (ms): Min: 0.1, Avg: 0.2, Max: 0.2, Diff: 0.1, Sum: 1.6]
         [Processed Buffers: Min: 2, Avg: 3.4, Max: 5, Diff: 3, Sum: 27]
      [Scan RS (ms): Min: 0.1, Avg: 0.1, Max: 0.4, Diff: 0.3, Sum: 1.1]
      [Code Root Scanning (ms): Min: 0.0, Avg: 0.0, Max: 0.0, Diff: 0.0, Sum: 0.0]
      [Object Copy (ms): Min: 8.1, Avg: 8.4, Max: 8.5, Diff: 0.4, Sum: 67.1]
      [Termination (ms): Min: 0.0, Avg: 0.0, Max: 0.1, Diff: 0.1, Sum: 0.3]
         [Termination Attempts: Min: 1, Avg: 1.0, Max: 1, Diff: 0, Sum: 8]
      [GC Worker Other (ms): Min: 0.0, Avg: 0.0, Max: 0.0, Diff: 0.0, Sum: 0.1]
      [GC Worker Total (ms): Min: 8.7, Avg: 8.8, Max: 9.0, Diff: 0.3, Sum: 70.8]
      [GC Worker End (ms): Min: 58305.2, Avg: 58305.2, Max: 58305.2, Diff: 0.0]
   [Code Root Fixup: 0.0 ms]
   [Code Root Purge: 0.0 ms]
   [Clear CT: 1.0 ms]
   [Other: 2.2 ms]
      [Choose CSet: 0.1 ms]
      [Ref Proc: 0.7 ms]
      [Ref Enq: 0.0 ms]
      [Redirty Cards: 0.9 ms]
      [Humongous Register: 0.1 ms]
      [Humongous Reclaim: 0.0 ms]
      [Free CSet: 0.2 ms]
   [Eden: 12288.0K(12288.0K)->0.0B(101376.0K) Survivors: 92160.0K->3072.0K Heap: 1000.8M(2048.0M)->790.8M(2048.0M)]
 [Times: user=0.06 sys=0.01, real=0.01 secs] 
2021-01-22T00:59:25.287+0800: 58.323: [GC pause (G1 Evacuation Pause) (mixed), 0.0112490 secs]
   [Parallel Time: 8.1 ms, GC Workers: 8]
      [GC Worker Start (ms): Min: 58323.5, Avg: 58323.7, Max: 58323.8, Diff: 0.4]
      [Ext Root Scanning (ms): Min: 0.0, Avg: 0.1, Max: 0.2, Diff: 0.2, Sum: 0.4]
      [Update RS (ms): Min: 2.0, Avg: 2.1, Max: 2.1, Diff: 0.1, Sum: 16.4]
         [Processed Buffers: Min: 28, Avg: 30.4, Max: 33, Diff: 5, Sum: 243]
      [Scan RS (ms): Min: 0.0, Avg: 0.0, Max: 0.1, Diff: 0.0, Sum: 0.4]
      [Code Root Scanning (ms): Min: 0.0, Avg: 0.0, Max: 0.0, Diff: 0.0, Sum: 0.0]
      [Object Copy (ms): Min: 4.5, Avg: 4.7, Max: 5.6, Diff: 1.1, Sum: 37.7]
      [Termination (ms): Min: 0.0, Avg: 0.9, Max: 1.1, Diff: 1.1, Sum: 7.4]
         [Termination Attempts: Min: 1, Avg: 1.0, Max: 1, Diff: 0, Sum: 8]
      [GC Worker Other (ms): Min: 0.0, Avg: 0.0, Max: 0.0, Diff: 0.0, Sum: 0.0]
      [GC Worker Total (ms): Min: 7.6, Avg: 7.8, Max: 8.0, Diff: 0.3, Sum: 62.3]
      [GC Worker End (ms): Min: 58331.5, Avg: 58331.5, Max: 58331.5, Diff: 0.0]
   [Code Root Fixup: 0.0 ms]
   [Code Root Purge: 0.0 ms]
   [Clear CT: 1.0 ms]
   [Other: 2.2 ms]
      [Choose CSet: 0.1 ms]
      [Ref Proc: 0.7 ms]
      [Ref Enq: 0.0 ms]
      [Redirty Cards: 1.0 ms]
      [Humongous Register: 0.1 ms]
      [Humongous Reclaim: 0.1 ms]
      [Free CSet: 0.2 ms]
   [Eden: 101376.0K(101376.0K)->0.0B(882.0M) Survivors: 3072.0K->13312.0K Heap: 919.0M(2048.0M)->654.9M(2048.0M)]
 [Times: user=0.06 sys=0.01, real=0.02 secs] 
2021-01-22T00:59:25.370+0800: 58.406: [GC pause (G1 Humongous Allocation) (young) (initial-mark), 0.0286210 secs]
   [Parallel Time: 23.6 ms, GC Workers: 8]
      [GC Worker Start (ms): Min: 58405.9, Avg: 58406.1, Max: 58406.3, Diff: 0.4]
      [Ext Root Scanning (ms): Min: 0.0, Avg: 0.4, Max: 0.7, Diff: 0.6, Sum: 3.4]
      [Update RS (ms): Min: 8.7, Avg: 8.8, Max: 9.0, Diff: 0.3, Sum: 70.2]
         [Processed Buffers: Min: 121, Avg: 132.2, Max: 137, Diff: 16, Sum: 1058]
      [Scan RS (ms): Min: 0.0, Avg: 0.1, Max: 0.1, Diff: 0.1, Sum: 0.4]
      [Code Root Scanning (ms): Min: 0.0, Avg: 0.0, Max: 0.0, Diff: 0.0, Sum: 0.0]
      [Object Copy (ms): Min: 11.4, Avg: 11.7, Max: 13.3, Diff: 1.9, Sum: 93.4]
      [Termination (ms): Min: 0.0, Avg: 1.7, Max: 1.9, Diff: 1.9, Sum: 13.2]
         [Termination Attempts: Min: 1, Avg: 1.1, Max: 2, Diff: 1, Sum: 9]
      [GC Worker Other (ms): Min: 0.0, Avg: 0.0, Max: 0.0, Diff: 0.0, Sum: 0.1]
      [GC Worker Total (ms): Min: 22.4, Avg: 22.6, Max: 22.8, Diff: 0.4, Sum: 180.8]
      [GC Worker End (ms): Min: 58428.7, Avg: 58428.7, Max: 58428.8, Diff: 0.0]
   [Code Root Fixup: 0.0 ms]
   [Code Root Purge: 0.0 ms]
   [Clear CT: 1.1 ms]
   [Other: 3.9 ms]
      [Choose CSet: 0.0 ms]
      [Ref Proc: 1.9 ms]
      [Ref Enq: 0.0 ms]
      [Redirty Cards: 1.2 ms]
      [Humongous Register: 0.1 ms]
      [Humongous Reclaim: 0.2 ms]
      [Free CSet: 0.2 ms]
   [Eden: 498.0M(882.0M)->0.0B(7168.0K) Survivors: 13312.0K->112.0M Heap: 1284.0M(2048.0M)->774.1M(2048.0M)]
 [Times: user=0.20 sys=0.00, real=0.03 secs] 
2021-01-22T00:59:25.399+0800: 58.435: [GC concurrent-root-region-scan-start]
2021-01-22T00:59:25.400+0800: 58.436: [GC concurrent-root-region-scan-end, 0.0003583 secs]
2021-01-22T00:59:25.400+0800: 58.436: [GC concurrent-mark-start]
2021-01-22T00:59:25.402+0800: 58.438: [GC pause (G1 Evacuation Pause) (young), 0.0128755 secs]
   [Parallel Time: 10.0 ms, GC Workers: 8]
      [GC Worker Start (ms): Min: 58438.2, Avg: 58438.4, Max: 58438.6, Diff: 0.4]
      [Ext Root Scanning (ms): Min: 0.0, Avg: 0.1, Max: 0.2, Diff: 0.2, Sum: 0.5]
      [Update RS (ms): Min: 0.2, Avg: 0.3, Max: 0.4, Diff: 0.1, Sum: 2.7]
         [Processed Buffers: Min: 2, Avg: 5.0, Max: 7, Diff: 5, Sum: 40]
      [Scan RS (ms): Min: 0.0, Avg: 0.0, Max: 0.0, Diff: 0.0, Sum: 0.1]
      [Code Root Scanning (ms): Min: 0.0, Avg: 0.0, Max: 0.0, Diff: 0.0, Sum: 0.0]
      [Object Copy (ms): Min: 9.2, Avg: 9.2, Max: 9.2, Diff: 0.0, Sum: 73.8]
      [Termination (ms): Min: 0.0, Avg: 0.0, Max: 0.1, Diff: 0.1, Sum: 0.2]
         [Termination Attempts: Min: 1, Avg: 1.0, Max: 1, Diff: 0, Sum: 8]
      [GC Worker Other (ms): Min: 0.0, Avg: 0.0, Max: 0.0, Diff: 0.0, Sum: 0.1]
      [GC Worker Total (ms): Min: 9.5, Avg: 9.7, Max: 9.9, Diff: 0.4, Sum: 77.4]
      [GC Worker End (ms): Min: 58448.1, Avg: 58448.1, Max: 58448.1, Diff: 0.0]
   [Code Root Fixup: 0.0 ms]
   [Code Root Purge: 0.0 ms]
   [Clear CT: 1.1 ms]
   [Other: 1.8 ms]
      [Choose CSet: 0.0 ms]
      [Ref Proc: 0.5 ms]
      [Ref Enq: 0.0 ms]
      [Redirty Cards: 1.0 ms]
      [Humongous Register: 0.1 ms]
      [Humongous Reclaim: 0.1 ms]
      [Free CSet: 0.1 ms]
   [Eden: 7168.0K(7168.0K)->0.0B(773.0M) Survivors: 112.0M->2048.0K Heap: 785.0M(2048.0M)->777.5M(2048.0M)]
 [Times: user=0.09 sys=0.00, real=0.01 secs] 
2021-01-22T00:59:25.417+0800: 58.453: [GC concurrent-mark-end, 0.0173375 secs]
2021-01-22T00:59:25.417+0800: 58.453: [GC remark 2021-01-22T00:59:25.418+0800: 58.454: [Finalize Marking, 0.0010757 secs] 2021-01-22T00:59:25.419+0800: 58.455: [GC ref-proc, 0.0004836 secs] 2021-01-22T00:59:25.420+0800: 58.456: [Unloading, 0.0008750 secs], 0.0045862 secs]
 [Times: user=0.00 sys=0.01, real=0.01 secs] 
2021-01-22T00:59:25.423+0800: 58.459: [GC cleanup 786M->652M(2048M), 0.0027150 secs]
 [Times: user=0.01 sys=0.00, real=0.00 secs] 
2021-01-22T00:59:25.426+0800: 58.462: [GC concurrent-cleanup-start]
2021-01-22T00:59:25.426+0800: 58.462: [GC concurrent-cleanup-end, 0.0000841 secs]
2021-01-22T00:59:25.535+0800: 58.571: [GC pause (G1 Evacuation Pause) (young), 0.0319039 secs]
   [Parallel Time: 29.1 ms, GC Workers: 8]
      [GC Worker Start (ms): Min: 58571.3, Avg: 58571.4, Max: 58571.6, Diff: 0.3]
      [Ext Root Scanning (ms): Min: 0.0, Avg: 0.1, Max: 0.2, Diff: 0.2, Sum: 0.7]
      [Update RS (ms): Min: 12.9, Avg: 13.0, Max: 13.0, Diff: 0.1, Sum: 103.9]
         [Processed Buffers: Min: 179, Avg: 192.8, Max: 202, Diff: 23, Sum: 1542]
      [Scan RS (ms): Min: 0.1, Avg: 0.1, Max: 0.1, Diff: 0.1, Sum: 0.8]
      [Code Root Scanning (ms): Min: 0.0, Avg: 0.0, Max: 0.0, Diff: 0.0, Sum: 0.0]
      [Object Copy (ms): Min: 14.7, Avg: 14.8, Max: 15.1, Diff: 0.4, Sum: 118.5]
      [Termination (ms): Min: 0.0, Avg: 0.3, Max: 0.4, Diff: 0.4, Sum: 2.7]
         [Termination Attempts: Min: 1, Avg: 1.0, Max: 1, Diff: 0, Sum: 8]
      [GC Worker Other (ms): Min: 0.0, Avg: 0.0, Max: 0.0, Diff: 0.0, Sum: 0.1]
      [GC Worker Total (ms): Min: 28.2, Avg: 28.3, Max: 28.5, Diff: 0.4, Sum: 226.7]
      [GC Worker End (ms): Min: 58599.8, Avg: 58599.8, Max: 58599.8, Diff: 0.1]
   [Code Root Fixup: 0.0 ms]
   [Code Root Purge: 0.0 ms]
   [Clear CT: 0.7 ms]
   [Other: 2.1 ms]
      [Choose CSet: 0.0 ms]
      [Ref Proc: 0.5 ms]
      [Ref Enq: 0.0 ms]
      [Redirty Cards: 0.8 ms]
      [Humongous Register: 0.2 ms]
      [Humongous Reclaim: 0.3 ms]
      [Free CSet: 0.3 ms]
   [Eden: 773.0M(773.0M)->0.0B(7168.0K) Survivors: 2048.0K->99328.0K Heap: 1608.0M(2048.0M)->816.1M(2048.0M)]
 [Times: user=0.24 sys=0.00, real=0.03 secs] 
2021-01-22T00:59:25.569+0800: 58.605: [GC pause (G1 Evacuation Pause) (mixed), 0.0119972 secs]
   [Parallel Time: 9.1 ms, GC Workers: 8]
      [GC Worker Start (ms): Min: 58604.9, Avg: 58605.1, Max: 58605.2, Diff: 0.3]
      [Ext Root Scanning (ms): Min: 0.0, Avg: 0.1, Max: 0.2, Diff: 0.2, Sum: 0.6]
      [Update RS (ms): Min: 0.1, Avg: 0.1, Max: 0.2, Diff: 0.1, Sum: 1.2]
         [Processed Buffers: Min: 2, Avg: 2.5, Max: 3, Diff: 1, Sum: 20]
      [Scan RS (ms): Min: 0.0, Avg: 0.0, Max: 0.1, Diff: 0.0, Sum: 0.3]
      [Code Root Scanning (ms): Min: 0.0, Avg: 0.0, Max: 0.0, Diff: 0.0, Sum: 0.0]
      [Object Copy (ms): Min: 8.1, Avg: 8.1, Max: 8.2, Diff: 0.1, Sum: 65.0]
      [Termination (ms): Min: 0.0, Avg: 0.1, Max: 0.1, Diff: 0.1, Sum: 0.5]
         [Termination Attempts: Min: 1, Avg: 1.0, Max: 1, Diff: 0, Sum: 8]
      [GC Worker Other (ms): Min: 0.0, Avg: 0.0, Max: 0.0, Diff: 0.0, Sum: 0.1]
      [GC Worker Total (ms): Min: 8.3, Avg: 8.4, Max: 8.6, Diff: 0.3, Sum: 67.5]
      [GC Worker End (ms): Min: 58613.5, Avg: 58613.5, Max: 58613.5, Diff: 0.0]
   [Code Root Fixup: 0.0 ms]
   [Code Root Purge: 0.0 ms]
   [Clear CT: 0.8 ms]
   [Other: 2.1 ms]
      [Choose CSet: 0.0 ms]
      [Ref Proc: 0.8 ms]
      [Ref Enq: 0.0 ms]
      [Redirty Cards: 0.8 ms]
      [Humongous Register: 0.1 ms]
      [Humongous Reclaim: 0.0 ms]
      [Free CSet: 0.1 ms]
   [Eden: 7168.0K(7168.0K)->0.0B(100352.0K) Survivors: 99328.0K->4096.0K Heap: 824.3M(2048.0M)->770.4M(2048.0M)]
 [Times: user=0.07 sys=0.00, real=0.01 secs] 
2021-01-22T00:59:25.596+0800: 58.632: [GC pause (G1 Evacuation Pause) (mixed), 0.0101992 secs]
   [Parallel Time: 7.3 ms, GC Workers: 8]
      [GC Worker Start (ms): Min: 58632.4, Avg: 58632.6, Max: 58632.7, Diff: 0.3]
      [Ext Root Scanning (ms): Min: 0.0, Avg: 0.1, Max: 0.2, Diff: 0.2, Sum: 0.5]
      [Update RS (ms): Min: 2.0, Avg: 2.1, Max: 2.2, Diff: 0.1, Sum: 16.9]
         [Processed Buffers: Min: 25, Avg: 31.1, Max: 33, Diff: 8, Sum: 249]
      [Scan RS (ms): Min: 0.0, Avg: 0.0, Max: 0.1, Diff: 0.0, Sum: 0.4]
      [Code Root Scanning (ms): Min: 0.0, Avg: 0.0, Max: 0.0, Diff: 0.0, Sum: 0.0]
      [Object Copy (ms): Min: 4.1, Avg: 4.2, Max: 4.7, Diff: 0.6, Sum: 33.9]
      [Termination (ms): Min: 0.0, Avg: 0.5, Max: 0.6, Diff: 0.6, Sum: 4.2]
         [Termination Attempts: Min: 1, Avg: 1.0, Max: 1, Diff: 0, Sum: 8]
      [GC Worker Other (ms): Min: 0.0, Avg: 0.0, Max: 0.0, Diff: 0.0, Sum: 0.0]
      [GC Worker Total (ms): Min: 6.9, Avg: 7.0, Max: 7.2, Diff: 0.3, Sum: 56.0]
      [GC Worker End (ms): Min: 58639.6, Avg: 58639.6, Max: 58639.6, Diff: 0.0]
   [Code Root Fixup: 0.0 ms]
   [Code Root Purge: 0.0 ms]
   [Clear CT: 1.1 ms]
   [Other: 1.8 ms]
      [Choose CSet: 0.0 ms]
      [Ref Proc: 0.4 ms]
      [Ref Enq: 0.0 ms]
      [Redirty Cards: 0.8 ms]
      [Humongous Register: 0.1 ms]
      [Humongous Reclaim: 0.1 ms]
      [Free CSet: 0.2 ms]
   [Eden: 100352.0K(100352.0K)->0.0B(209.0M) Survivors: 4096.0K->13312.0K Heap: 898.4M(2048.0M)->678.5M(2048.0M)]
 [Times: user=0.06 sys=0.00, real=0.01 secs] 
2021-01-22T00:59:25.636+0800: 58.672: [GC pause (G1 Evacuation Pause) (young), 0.0140965 secs]
   [Parallel Time: 11.4 ms, GC Workers: 8]
      [GC Worker Start (ms): Min: 58672.3, Avg: 58672.5, Max: 58672.6, Diff: 0.4]
      [Ext Root Scanning (ms): Min: 0.0, Avg: 0.0, Max: 0.2, Diff: 0.2, Sum: 0.4]
      [Update RS (ms): Min: 4.2, Avg: 4.3, Max: 4.3, Diff: 0.2, Sum: 34.1]
         [Processed Buffers: Min: 60, Avg: 64.6, Max: 67, Diff: 7, Sum: 517]
      [Scan RS (ms): Min: 0.0, Avg: 0.0, Max: 0.0, Diff: 0.0, Sum: 0.2]
      [Code Root Scanning (ms): Min: 0.0, Avg: 0.0, Max: 0.0, Diff: 0.0, Sum: 0.0]
      [Object Copy (ms): Min: 5.9, Avg: 6.0, Max: 6.3, Diff: 0.4, Sum: 48.1]
      [Termination (ms): Min: 0.0, Avg: 0.3, Max: 0.4, Diff: 0.4, Sum: 2.6]
         [Termination Attempts: Min: 1, Avg: 1.0, Max: 1, Diff: 0, Sum: 8]
      [GC Worker Other (ms): Min: 0.0, Avg: 0.0, Max: 0.0, Diff: 0.0, Sum: 0.1]
      [GC Worker Total (ms): Min: 10.6, Avg: 10.7, Max: 10.9, Diff: 0.4, Sum: 85.5]
      [GC Worker End (ms): Min: 58683.2, Avg: 58683.2, Max: 58683.2, Diff: 0.0]
   [Code Root Fixup: 0.0 ms]
   [Code Root Purge: 0.0 ms]
   [Clear CT: 0.7 ms]
   [Other: 2.0 ms]
      [Choose CSet: 0.0 ms]
      [Ref Proc: 0.7 ms]
      [Ref Enq: 0.0 ms]
      [Redirty Cards: 0.8 ms]
      [Humongous Register: 0.1 ms]
      [Humongous Reclaim: 0.1 ms]
      [Free CSet: 0.1 ms]
   [Eden: 209.0M(209.0M)->0.0B(214.0M) Survivors: 13312.0K->28672.0K Heap: 951.0M(2048.0M)->738.5M(2048.0M)]
 [Times: user=0.07 sys=0.02, real=0.02 secs] 
2021-01-22T00:59:25.679+0800: 58.715: [GC pause (G1 Evacuation Pause) (young), 0.0144581 secs]
   [Parallel Time: 11.6 ms, GC Workers: 8]
      [GC Worker Start (ms): Min: 58715.0, Avg: 58715.1, Max: 58715.3, Diff: 0.3]
      [Ext Root Scanning (ms): Min: 0.0, Avg: 0.1, Max: 0.2, Diff: 0.2, Sum: 0.6]
      [Update RS (ms): Min: 3.1, Avg: 3.2, Max: 3.2, Diff: 0.1, Sum: 25.7]
         [Processed Buffers: Min: 48, Avg: 49.2, Max: 51, Diff: 3, Sum: 394]
      [Scan RS (ms): Min: 0.0, Avg: 0.0, Max: 0.0, Diff: 0.0, Sum: 0.2]
      [Code Root Scanning (ms): Min: 0.0, Avg: 0.0, Max: 0.0, Diff: 0.0, Sum: 0.0]
      [Object Copy (ms): Min: 6.9, Avg: 6.9, Max: 7.0, Diff: 0.1, Sum: 55.6]
      [Termination (ms): Min: 0.0, Avg: 0.1, Max: 0.1, Diff: 0.1, Sum: 0.7]
         [Termination Attempts: Min: 1, Avg: 1.0, Max: 1, Diff: 0, Sum: 8]
      [GC Worker Other (ms): Min: 0.0, Avg: 0.0, Max: 0.0, Diff: 0.0, Sum: 0.1]
      [GC Worker Total (ms): Min: 10.2, Avg: 10.3, Max: 10.5, Diff: 0.3, Sum: 82.8]
      [GC Worker End (ms): Min: 58725.5, Avg: 58725.5, Max: 58725.5, Diff: 0.0]
   [Code Root Fixup: 0.0 ms]
   [Code Root Purge: 0.0 ms]
   [Clear CT: 1.1 ms]
   [Other: 1.8 ms]
      [Choose CSet: 0.0 ms]
      [Ref Proc: 0.4 ms]
      [Ref Enq: 0.0 ms]
      [Redirty Cards: 0.9 ms]
      [Humongous Register: 0.1 ms]
      [Humongous Reclaim: 0.1 ms]
      [Free CSet: 0.1 ms]
   [Eden: 214.0M(214.0M)->0.0B(280.0M) Survivors: 28672.0K->31744.0K Heap: 1000.5M(2048.0M)->789.9M(2048.0M)]
 [Times: user=0.09 sys=0.00, real=0.01 secs] 
2021-01-22T00:59:25.733+0800: 58.769: [GC pause (G1 Humongous Allocation) (young) (initial-mark), 0.0175593 secs]
   [Parallel Time: 13.5 ms, GC Workers: 8]
      [GC Worker Start (ms): Min: 58769.8, Avg: 58770.0, Max: 58770.3, Diff: 0.5]
      [Ext Root Scanning (ms): Min: 0.0, Avg: 0.5, Max: 0.7, Diff: 0.7, Sum: 3.9]
      [Update RS (ms): Min: 3.5, Avg: 3.9, Max: 4.1, Diff: 0.6, Sum: 30.9]
         [Processed Buffers: Min: 53, Avg: 59.6, Max: 63, Diff: 10, Sum: 477]
      [Scan RS (ms): Min: 0.0, Avg: 0.0, Max: 0.0, Diff: 0.0, Sum: 0.2]
      [Code Root Scanning (ms): Min: 0.0, Avg: 0.0, Max: 0.0, Diff: 0.0, Sum: 0.0]
      [Object Copy (ms): Min: 8.4, Avg: 8.4, Max: 8.6, Diff: 0.2, Sum: 67.4]
      [Termination (ms): Min: 0.0, Avg: 0.1, Max: 0.2, Diff: 0.2, Sum: 1.1]
         [Termination Attempts: Min: 1, Avg: 1.2, Max: 3, Diff: 2, Sum: 10]
      [GC Worker Other (ms): Min: 0.0, Avg: 0.0, Max: 0.0, Diff: 0.0, Sum: 0.1]
      [GC Worker Total (ms): Min: 12.7, Avg: 13.0, Max: 13.2, Diff: 0.5, Sum: 103.6]
      [GC Worker End (ms): Min: 58783.0, Avg: 58783.0, Max: 58783.0, Diff: 0.0]
   [Code Root Fixup: 0.0 ms]
   [Code Root Purge: 0.0 ms]
   [Clear CT: 1.2 ms]
   [Other: 2.9 ms]
      [Choose CSet: 0.0 ms]
      [Ref Proc: 0.8 ms]
      [Ref Enq: 0.0 ms]
      [Redirty Cards: 1.3 ms]
      [Humongous Register: 0.1 ms]
      [Humongous Reclaim: 0.3 ms]
      [Free CSet: 0.2 ms]
   [Eden: 272.0M(280.0M)->0.0B(354.0M) Survivors: 31744.0K->39936.0K Heap: 1120.2M(2048.0M)->850.5M(2048.0M)]
 [Times: user=0.10 sys=0.01, real=0.02 secs] 
2021-01-22T00:59:25.752+0800: 58.788: [GC concurrent-root-region-scan-start]
2021-01-22T00:59:25.752+0800: 58.788: [GC concurrent-root-region-scan-end, 0.0002958 secs]
2021-01-22T00:59:25.752+0800: 58.788: [GC concurrent-mark-start]
2021-01-22T00:59:25.755+0800: 58.791: [GC concurrent-mark-end, 0.0028247 secs]
2021-01-22T00:59:25.756+0800: 58.792: [GC remark 2021-01-22T00:59:25.756+0800: 58.792: [Finalize Marking, 0.0013338 secs] 2021-01-22T00:59:25.758+0800: 58.794: [GC ref-proc, 0.0006283 secs] 2021-01-22T00:59:25.759+0800: 58.795: [Unloading, 0.0014291 secs], 0.0062486 secs]
 [Times: user=0.01 sys=0.00, real=0.01 secs] 
2021-01-22T00:59:25.763+0800: 58.799: [GC cleanup 876M->711M(2048M), 0.0038815 secs]
 [Times: user=0.01 sys=0.00, real=0.00 secs] 
2021-01-22T00:59:25.768+0800: 58.804: [GC concurrent-cleanup-start]
2021-01-22T00:59:25.768+0800: 58.804: [GC concurrent-cleanup-end, 0.0001617 secs]
2021-01-22T00:59:25.819+0800: 58.855: [GC pause (G1 Evacuation Pause) (young), 0.0222167 secs]
   [Parallel Time: 17.9 ms, GC Workers: 8]
      [GC Worker Start (ms): Min: 58855.6, Avg: 58855.8, Max: 58856.0, Diff: 0.4]
      [Ext Root Scanning (ms): Min: 0.0, Avg: 0.1, Max: 0.3, Diff: 0.3, Sum: 0.6]
      [Update RS (ms): Min: 6.1, Avg: 6.2, Max: 6.3, Diff: 0.2, Sum: 49.7]
         [Processed Buffers: Min: 93, Avg: 94.0, Max: 96, Diff: 3, Sum: 752]
      [Scan RS (ms): Min: 0.0, Avg: 0.0, Max: 0.1, Diff: 0.0, Sum: 0.3]
      [Code Root Scanning (ms): Min: 0.0, Avg: 0.0, Max: 0.0, Diff: 0.0, Sum: 0.0]
      [Object Copy (ms): Min: 9.9, Avg: 10.0, Max: 10.6, Diff: 0.7, Sum: 80.1]
      [Termination (ms): Min: 0.0, Avg: 0.6, Max: 0.7, Diff: 0.7, Sum: 4.6]
         [Termination Attempts: Min: 1, Avg: 1.0, Max: 1, Diff: 0, Sum: 8]
      [GC Worker Other (ms): Min: 0.0, Avg: 0.0, Max: 0.0, Diff: 0.0, Sum: 0.1]
      [GC Worker Total (ms): Min: 16.8, Avg: 16.9, Max: 17.2, Diff: 0.4, Sum: 135.4]
      [GC Worker End (ms): Min: 58872.8, Avg: 58872.8, Max: 58872.8, Diff: 0.0]
   [Code Root Fixup: 0.0 ms]
   [Code Root Purge: 0.0 ms]
   [Clear CT: 1.5 ms]
   [Other: 2.9 ms]
      [Choose CSet: 0.0 ms]
      [Ref Proc: 1.1 ms]
      [Ref Enq: 0.0 ms]
      [Redirty Cards: 1.2 ms]
      [Humongous Register: 0.1 ms]
      [Humongous Reclaim: 0.2 ms]
      [Free CSet: 0.2 ms]
   [Eden: 354.0M(354.0M)->0.0B(53248.0K) Survivors: 39936.0K->51200.0K Heap: 1132.2M(2048.0M)->757.5M(2048.0M)]
 [Times: user=0.15 sys=0.00, real=0.02 secs] 
2021-01-22T00:59:25.850+0800: 58.886: [GC pause (G1 Evacuation Pause) (mixed), 0.0144272 secs]
   [Parallel Time: 9.8 ms, GC Workers: 8]
      [GC Worker Start (ms): Min: 58886.5, Avg: 58886.9, Max: 58888.1, Diff: 1.5]
      [Ext Root Scanning (ms): Min: 0.0, Avg: 0.1, Max: 0.3, Diff: 0.3, Sum: 0.6]
      [Update RS (ms): Min: 0.0, Avg: 0.8, Max: 1.0, Diff: 1.0, Sum: 6.6]
         [Processed Buffers: Min: 0, Avg: 13.0, Max: 16, Diff: 16, Sum: 104]
      [Scan RS (ms): Min: 0.0, Avg: 0.1, Max: 0.2, Diff: 0.2, Sum: 1.0]
      [Code Root Scanning (ms): Min: 0.0, Avg: 0.0, Max: 0.0, Diff: 0.0, Sum: 0.0]
      [Object Copy (ms): Min: 7.3, Avg: 7.5, Max: 7.7, Diff: 0.3, Sum: 60.3]
      [Termination (ms): Min: 0.0, Avg: 0.1, Max: 0.1, Diff: 0.1, Sum: 0.7]
         [Termination Attempts: Min: 1, Avg: 1.0, Max: 1, Diff: 0, Sum: 8]
      [GC Worker Other (ms): Min: 0.0, Avg: 0.0, Max: 0.1, Diff: 0.1, Sum: 0.1]
      [GC Worker Total (ms): Min: 7.5, Avg: 8.7, Max: 9.1, Diff: 1.6, Sum: 69.4]
      [GC Worker End (ms): Min: 58895.6, Avg: 58895.6, Max: 58895.6, Diff: 0.1]
   [Code Root Fixup: 0.0 ms]
   [Code Root Purge: 0.0 ms]
   [Clear CT: 1.3 ms]
   [Other: 3.3 ms]
      [Choose CSet: 0.1 ms]
      [Ref Proc: 1.4 ms]
      [Ref Enq: 0.0 ms]
      [Redirty Cards: 1.3 ms]
      [Humongous Register: 0.1 ms]
      [Humongous Reclaim: 0.1 ms]
      [Free CSet: 0.3 ms]
   [Eden: 53248.0K(53248.0K)->0.0B(91136.0K) Survivors: 51200.0K->13312.0K Heap: 821.3M(2048.0M)->589.5M(2048.0M)]
 [Times: user=0.08 sys=0.00, real=0.01 secs] 
2021-01-22T00:59:25.880+0800: 58.916: [GC pause (G1 Evacuation Pause) (mixed), 0.0102858 secs]
   [Parallel Time: 6.2 ms, GC Workers: 8]
      [GC Worker Start (ms): Min: 58916.1, Avg: 58916.3, Max: 58916.4, Diff: 0.3]
      [Ext Root Scanning (ms): Min: 0.0, Avg: 0.1, Max: 0.2, Diff: 0.2, Sum: 0.7]
      [Update RS (ms): Min: 1.5, Avg: 1.5, Max: 1.6, Diff: 0.1, Sum: 12.2]
         [Processed Buffers: Min: 22, Avg: 23.6, Max: 26, Diff: 4, Sum: 189]
      [Scan RS (ms): Min: 0.0, Avg: 0.0, Max: 0.1, Diff: 0.1, Sum: 0.3]
      [Code Root Scanning (ms): Min: 0.0, Avg: 0.0, Max: 0.1, Diff: 0.1, Sum: 0.1]
      [Object Copy (ms): Min: 3.6, Avg: 3.7, Max: 3.7, Diff: 0.1, Sum: 29.3]
      [Termination (ms): Min: 0.0, Avg: 0.1, Max: 0.1, Diff: 0.1, Sum: 0.5]
         [Termination Attempts: Min: 1, Avg: 1.0, Max: 1, Diff: 0, Sum: 8]
      [GC Worker Other (ms): Min: 0.0, Avg: 0.0, Max: 0.0, Diff: 0.0, Sum: 0.1]
      [GC Worker Total (ms): Min: 5.2, Avg: 5.4, Max: 5.5, Diff: 0.3, Sum: 43.1]
      [GC Worker End (ms): Min: 58921.6, Avg: 58921.6, Max: 58921.7, Diff: 0.1]
   [Code Root Fixup: 0.0 ms]
   [Code Root Purge: 0.0 ms]
   [Clear CT: 1.4 ms]
   [Other: 2.7 ms]
      [Choose CSet: 0.0 ms]
      [Ref Proc: 1.3 ms]
      [Ref Enq: 0.0 ms]
      [Redirty Cards: 1.0 ms]
      [Humongous Register: 0.1 ms]
      [Humongous Reclaim: 0.1 ms]
      [Free CSet: 0.1 ms]
   [Eden: 91136.0K(91136.0K)->0.0B(836.0M) Survivors: 13312.0K->13312.0K Heap: 700.9M(2048.0M)->580.3M(2048.0M)]
 [Times: user=0.04 sys=0.01, real=0.01 secs] 
2021-01-22T00:59:25.981+0800: 59.017: [GC pause (G1 Humongous Allocation) (young) (initial-mark), 0.0307550 secs]
   [Parallel Time: 27.0 ms, GC Workers: 8]
      [GC Worker Start (ms): Min: 59016.9, Avg: 59017.2, Max: 59017.4, Diff: 0.4]
      [Ext Root Scanning (ms): Min: 0.0, Avg: 0.5, Max: 0.9, Diff: 0.8, Sum: 3.6]
      [Update RS (ms): Min: 12.4, Avg: 13.0, Max: 13.2, Diff: 0.8, Sum: 103.7]
         [Processed Buffers: Min: 176, Avg: 190.5, Max: 201, Diff: 25, Sum: 1524]
      [Scan RS (ms): Min: 0.1, Avg: 0.1, Max: 0.1, Diff: 0.0, Sum: 0.6]
      [Code Root Scanning (ms): Min: 0.0, Avg: 0.0, Max: 0.0, Diff: 0.0, Sum: 0.0]
      [Object Copy (ms): Min: 12.3, Avg: 12.4, Max: 12.6, Diff: 0.2, Sum: 99.3]
      [Termination (ms): Min: 0.0, Avg: 0.2, Max: 0.2, Diff: 0.2, Sum: 1.3]
         [Termination Attempts: Min: 1, Avg: 1.4, Max: 2, Diff: 1, Sum: 11]
      [GC Worker Other (ms): Min: 0.0, Avg: 0.0, Max: 0.0, Diff: 0.0, Sum: 0.1]
      [GC Worker Total (ms): Min: 25.9, Avg: 26.1, Max: 26.3, Diff: 0.4, Sum: 208.7]
      [GC Worker End (ms): Min: 59043.2, Avg: 59043.3, Max: 59043.3, Diff: 0.1]
   [Code Root Fixup: 0.0 ms]
   [Code Root Purge: 0.0 ms]
   [Clear CT: 0.9 ms]
   [Other: 2.9 ms]
      [Choose CSet: 0.0 ms]
      [Ref Proc: 0.8 ms]
      [Ref Enq: 0.0 ms]
      [Redirty Cards: 0.8 ms]
      [Humongous Register: 0.1 ms]
      [Humongous Reclaim: 0.4 ms]
      [Free CSet: 0.5 ms]
   [Eden: 600.0M(836.0M)->0.0B(790.0M) Survivors: 13312.0K->107.0M Heap: 1369.2M(2048.0M)->729.4M(2048.0M)]
 [Times: user=0.20 sys=0.01, real=0.03 secs] 
2021-01-22T00:59:26.012+0800: 59.048: [GC concurrent-root-region-scan-start]
2021-01-22T00:59:26.013+0800: 59.049: [GC concurrent-root-region-scan-end, 0.0003063 secs]
2021-01-22T00:59:26.013+0800: 59.049: [GC concurrent-mark-start]
2021-01-22T00:59:26.015+0800: 59.051: [GC concurrent-mark-end, 0.0023889 secs]
2021-01-22T00:59:26.015+0800: 59.051: [GC remark 2021-01-22T00:59:26.016+0800: 59.052: [Finalize Marking, 0.0011169 secs] 2021-01-22T00:59:26.017+0800: 59.053: [GC ref-proc, 0.0005144 secs] 2021-01-22T00:59:26.018+0800: 59.054: [Unloading, 0.0011538 secs], 0.0052917 secs]
 [Times: user=0.01 sys=0.00, real=0.01 secs] 
2021-01-22T00:59:26.021+0800: 59.057: [GC cleanup 758M->673M(2048M), 0.0037091 secs]
 [Times: user=0.01 sys=0.00, real=0.00 secs] 
2021-01-22T00:59:26.026+0800: 59.062: [GC concurrent-cleanup-start]
2021-01-22T00:59:26.026+0800: 59.062: [GC concurrent-cleanup-end, 0.0000481 secs]
2021-01-22T00:59:26.138+0800: 59.174: [GC pause (G1 Evacuation Pause) (young) (to-space exhausted), 0.0386789 secs]
   [Parallel Time: 33.8 ms, GC Workers: 8]
      [GC Worker Start (ms): Min: 59174.2, Avg: 59174.4, Max: 59174.6, Diff: 0.4]
      [Ext Root Scanning (ms): Min: 0.0, Avg: 0.1, Max: 0.2, Diff: 0.2, Sum: 0.5]
      [Update RS (ms): Min: 15.1, Avg: 15.2, Max: 15.3, Diff: 0.2, Sum: 121.8]
         [Processed Buffers: Min: 214, Avg: 228.0, Max: 237, Diff: 23, Sum: 1824]
      [Scan RS (ms): Min: 0.1, Avg: 0.1, Max: 0.2, Diff: 0.1, Sum: 1.0]
      [Code Root Scanning (ms): Min: 0.0, Avg: 0.0, Max: 0.0, Diff: 0.0, Sum: 0.0]
      [Object Copy (ms): Min: 16.8, Avg: 16.8, Max: 17.0, Diff: 0.3, Sum: 134.8]
      [Termination (ms): Min: 0.0, Avg: 0.2, Max: 0.3, Diff: 0.3, Sum: 1.8]
         [Termination Attempts: Min: 1, Avg: 1.0, Max: 1, Diff: 0, Sum: 8]
      [GC Worker Other (ms): Min: 0.0, Avg: 0.1, Max: 0.2, Diff: 0.2, Sum: 0.7]
      [GC Worker Total (ms): Min: 32.4, Avg: 32.6, Max: 32.8, Diff: 0.5, Sum: 260.6]
      [GC Worker End (ms): Min: 59206.9, Avg: 59207.0, Max: 59207.1, Diff: 0.2]
   [Code Root Fixup: 0.0 ms]
   [Code Root Purge: 0.0 ms]
   [Clear CT: 1.1 ms]
   [Other: 3.8 ms]
      [Evacuation Failure: 0.7 ms]
      [Choose CSet: 0.0 ms]
      [Ref Proc: 0.6 ms]
      [Ref Enq: 0.0 ms]
      [Redirty Cards: 1.6 ms]
      [Humongous Register: 0.2 ms]
      [Humongous Reclaim: 0.3 ms]
      [Free CSet: 0.4 ms]
   [Eden: 790.0M(790.0M)->0.0B(7168.0K) Survivors: 107.0M->113.0M Heap: 1661.2M(2048.0M)->833.5M(2048.0M)]
 [Times: user=0.26 sys=0.01, real=0.04 secs] 
2021-01-22T00:59:26.179+0800: 59.215: [GC pause (G1 Evacuation Pause) (mixed), 0.0157459 secs]
   [Parallel Time: 12.2 ms, GC Workers: 8]
      [GC Worker Start (ms): Min: 59215.2, Avg: 59215.4, Max: 59215.6, Diff: 0.3]
      [Ext Root Scanning (ms): Min: 0.0, Avg: 0.1, Max: 0.2, Diff: 0.2, Sum: 0.5]
      [Update RS (ms): Min: 0.1, Avg: 0.2, Max: 0.3, Diff: 0.1, Sum: 1.7]
         [Processed Buffers: Min: 2, Avg: 3.9, Max: 7, Diff: 5, Sum: 31]
      [Scan RS (ms): Min: 0.0, Avg: 0.1, Max: 0.1, Diff: 0.0, Sum: 0.4]
      [Code Root Scanning (ms): Min: 0.0, Avg: 0.0, Max: 0.0, Diff: 0.0, Sum: 0.0]
      [Object Copy (ms): Min: 11.2, Avg: 11.3, Max: 11.5, Diff: 0.2, Sum: 90.2]
      [Termination (ms): Min: 0.0, Avg: 0.2, Max: 0.2, Diff: 0.2, Sum: 1.6]
         [Termination Attempts: Min: 1, Avg: 2.9, Max: 5, Diff: 4, Sum: 23]
      [GC Worker Other (ms): Min: 0.0, Avg: 0.0, Max: 0.0, Diff: 0.0, Sum: 0.1]
      [GC Worker Total (ms): Min: 11.7, Avg: 11.8, Max: 12.0, Diff: 0.3, Sum: 94.5]
      [GC Worker End (ms): Min: 59227.2, Avg: 59227.2, Max: 59227.3, Diff: 0.0]
   [Code Root Fixup: 0.0 ms]
   [Code Root Purge: 0.0 ms]
   [Clear CT: 1.0 ms]
   [Other: 2.5 ms]
      [Choose CSet: 0.1 ms]
      [Ref Proc: 1.1 ms]
      [Ref Enq: 0.0 ms]
      [Redirty Cards: 0.8 ms]
      [Humongous Register: 0.1 ms]
      [Humongous Reclaim: 0.0 ms]
      [Free CSet: 0.3 ms]
   [Eden: 7168.0K(7168.0K)->0.0B(892.0M) Survivors: 113.0M->4096.0K Heap: 842.5M(2048.0M)->657.7M(2048.0M)]
 [Times: user=0.11 sys=0.00, real=0.01 secs] 
2021-01-22T00:59:26.261+0800: 59.297: [GC pause (G1 Humongous Allocation) (young) (initial-mark), 0.0236827 secs]
   [Parallel Time: 19.9 ms, GC Workers: 8]
      [GC Worker Start (ms): Min: 59297.6, Avg: 59297.8, Max: 59298.0, Diff: 0.4]
      [Ext Root Scanning (ms): Min: 0.0, Avg: 0.4, Max: 0.8, Diff: 0.8, Sum: 3.2]
      [Update RS (ms): Min: 8.8, Avg: 9.0, Max: 9.2, Diff: 0.4, Sum: 71.7]
         [Processed Buffers: Min: 115, Avg: 132.0, Max: 141, Diff: 26, Sum: 1056]
      [Scan RS (ms): Min: 0.0, Avg: 0.0, Max: 0.1, Diff: 0.0, Sum: 0.4]
      [Code Root Scanning (ms): Min: 0.0, Avg: 0.0, Max: 0.0, Diff: 0.0, Sum: 0.0]
      [Object Copy (ms): Min: 9.7, Avg: 9.8, Max: 9.8, Diff: 0.1, Sum: 78.1]
      [Termination (ms): Min: 0.0, Avg: 0.1, Max: 0.2, Diff: 0.2, Sum: 0.7]
         [Termination Attempts: Min: 1, Avg: 1.0, Max: 1, Diff: 0, Sum: 8]
      [GC Worker Other (ms): Min: 0.0, Avg: 0.0, Max: 0.0, Diff: 0.0, Sum: 0.1]
      [GC Worker Total (ms): Min: 19.1, Avg: 19.3, Max: 19.5, Diff: 0.4, Sum: 154.2]
      [GC Worker End (ms): Min: 59317.1, Avg: 59317.1, Max: 59317.1, Diff: 0.0]
   [Code Root Fixup: 0.0 ms]
   [Code Root Purge: 0.0 ms]
   [Clear CT: 1.1 ms]
   [Other: 2.7 ms]
      [Choose CSet: 0.0 ms]
      [Ref Proc: 1.0 ms]
      [Ref Enq: 0.0 ms]
      [Redirty Cards: 0.9 ms]
      [Humongous Register: 0.2 ms]
      [Humongous Reclaim: 0.2 ms]
      [Free CSet: 0.2 ms]
   [Eden: 429.0M(892.0M)->0.0B(803.0M) Survivors: 4096.0K->112.0M Heap: 1217.4M(2048.0M)->773.9M(2048.0M)]
 [Times: user=0.16 sys=0.00, real=0.02 secs] 
2021-01-22T00:59:26.286+0800: 59.322: [GC concurrent-root-region-scan-start]
2021-01-22T00:59:26.286+0800: 59.322: [GC concurrent-root-region-scan-end, 0.0002357 secs]
2021-01-22T00:59:26.286+0800: 59.322: [GC concurrent-mark-start]
2021-01-22T00:59:26.289+0800: 59.325: [GC concurrent-mark-end, 0.0028643 secs]
2021-01-22T00:59:26.289+0800: 59.325: [GC remark 2021-01-22T00:59:26.290+0800: 59.326: [Finalize Marking, 0.0011762 secs] 2021-01-22T00:59:26.291+0800: 59.327: [GC ref-proc, 0.0004371 secs] 2021-01-22T00:59:26.292+0800: 59.328: [Unloading, 0.0012863 secs], 0.0049231 secs]
 [Times: user=0.01 sys=0.00, real=0.00 secs] 
2021-01-22T00:59:26.295+0800: 59.331: [GC cleanup 798M->667M(2048M), 0.0036881 secs]
 [Times: user=0.01 sys=0.00, real=0.01 secs] 
2021-01-22T00:59:26.300+0800: 59.335: [GC concurrent-cleanup-start]
2021-01-22T00:59:26.300+0800: 59.336: [GC concurrent-cleanup-end, 0.0001104 secs]
2021-01-22T00:59:26.416+0800: 59.452: [GC pause (G1 Evacuation Pause) (young) (to-space exhausted), 0.0388110 secs]
   [Parallel Time: 33.9 ms, GC Workers: 8]
      [GC Worker Start (ms): Min: 59452.1, Avg: 59452.3, Max: 59452.5, Diff: 0.4]
      [Ext Root Scanning (ms): Min: 0.0, Avg: 0.1, Max: 0.2, Diff: 0.2, Sum: 0.5]
      [Update RS (ms): Min: 14.0, Avg: 14.1, Max: 14.3, Diff: 0.3, Sum: 112.8]
         [Processed Buffers: Min: 193, Avg: 205.9, Max: 212, Diff: 19, Sum: 1647]
      [Scan RS (ms): Min: 0.1, Avg: 0.1, Max: 0.2, Diff: 0.1, Sum: 1.0]
      [Code Root Scanning (ms): Min: 0.0, Avg: 0.0, Max: 0.0, Diff: 0.0, Sum: 0.0]
      [Object Copy (ms): Min: 18.2, Avg: 18.3, Max: 18.4, Diff: 0.2, Sum: 146.6]
      [Termination (ms): Min: 0.0, Avg: 0.0, Max: 0.1, Diff: 0.1, Sum: 0.2]
         [Termination Attempts: Min: 1, Avg: 1.0, Max: 1, Diff: 0, Sum: 8]
      [GC Worker Other (ms): Min: 0.0, Avg: 0.1, Max: 0.3, Diff: 0.3, Sum: 0.8]
      [GC Worker Total (ms): Min: 32.5, Avg: 32.8, Max: 33.0, Diff: 0.5, Sum: 262.0]
      [GC Worker End (ms): Min: 59485.0, Avg: 59485.1, Max: 59485.3, Diff: 0.3]
   [Code Root Fixup: 0.0 ms]
   [Code Root Purge: 0.0 ms]
   [Clear CT: 1.0 ms]
   [Other: 4.0 ms]
      [Evacuation Failure: 1.2 ms]
      [Choose CSet: 0.0 ms]
      [Ref Proc: 0.7 ms]
      [Ref Enq: 0.0 ms]
      [Redirty Cards: 1.2 ms]
      [Humongous Register: 0.2 ms]
      [Humongous Reclaim: 0.3 ms]
      [Free CSet: 0.3 ms]
   [Eden: 803.0M(803.0M)->0.0B(7168.0K) Survivors: 112.0M->115.0M Heap: 1650.6M(2048.0M)->756.8M(2048.0M)]
 [Times: user=0.27 sys=0.00, real=0.04 secs] 
2021-01-22T00:59:26.457+0800: 59.493: [GC pause (G1 Evacuation Pause) (mixed), 0.0158950 secs]
   [Parallel Time: 12.5 ms, GC Workers: 8]
      [GC Worker Start (ms): Min: 59492.8, Avg: 59493.0, Max: 59493.2, Diff: 0.3]
      [Ext Root Scanning (ms): Min: 0.0, Avg: 0.1, Max: 0.2, Diff: 0.2, Sum: 0.6]
      [Update RS (ms): Min: 0.1, Avg: 0.1, Max: 0.1, Diff: 0.1, Sum: 0.9]
         [Processed Buffers: Min: 1, Avg: 2.6, Max: 4, Diff: 3, Sum: 21]
      [Scan RS (ms): Min: 0.0, Avg: 0.1, Max: 0.1, Diff: 0.1, Sum: 0.5]
      [Code Root Scanning (ms): Min: 0.0, Avg: 0.0, Max: 0.0, Diff: 0.0, Sum: 0.0]
      [Object Copy (ms): Min: 11.2, Avg: 11.4, Max: 12.0, Diff: 0.7, Sum: 90.9]
      [Termination (ms): Min: 0.0, Avg: 0.6, Max: 0.7, Diff: 0.7, Sum: 4.8]
         [Termination Attempts: Min: 1, Avg: 1.0, Max: 1, Diff: 0, Sum: 8]
      [GC Worker Other (ms): Min: 0.0, Avg: 0.0, Max: 0.0, Diff: 0.0, Sum: 0.1]
      [GC Worker Total (ms): Min: 12.1, Avg: 12.2, Max: 12.4, Diff: 0.3, Sum: 97.7]
      [GC Worker End (ms): Min: 59505.2, Avg: 59505.2, Max: 59505.2, Diff: 0.0]
   [Code Root Fixup: 0.0 ms]
   [Code Root Purge: 0.0 ms]
   [Clear CT: 0.9 ms]
   [Other: 2.5 ms]
      [Choose CSet: 0.1 ms]
      [Ref Proc: 0.9 ms]
      [Ref Enq: 0.0 ms]
      [Redirty Cards: 1.1 ms]
      [Humongous Register: 0.1 ms]
      [Humongous Reclaim: 0.0 ms]
      [Free CSet: 0.2 ms]
   [Eden: 7168.0K(7168.0K)->0.0B(958.0M) Survivors: 115.0M->2048.0K Heap: 764.4M(2048.0M)->596.6M(2048.0M)]
 [Times: user=0.10 sys=0.00, real=0.02 secs] 
2021-01-22T00:59:26.564+0800: 59.600: [GC pause (G1 Humongous Allocation) (young) (initial-mark), 0.0326961 secs]
   [Parallel Time: 27.7 ms, GC Workers: 8]
      [GC Worker Start (ms): Min: 59600.4, Avg: 59600.6, Max: 59600.8, Diff: 0.3]
      [Ext Root Scanning (ms): Min: 0.0, Avg: 0.3, Max: 0.5, Diff: 0.5, Sum: 2.7]
      [Update RS (ms): Min: 11.9, Avg: 12.1, Max: 12.9, Diff: 0.9, Sum: 97.1]
         [Processed Buffers: Min: 157, Avg: 170.0, Max: 186, Diff: 29, Sum: 1360]
      [Scan RS (ms): Min: 0.0, Avg: 0.1, Max: 0.2, Diff: 0.1, Sum: 0.7]
      [Code Root Scanning (ms): Min: 0.0, Avg: 0.0, Max: 0.0, Diff: 0.0, Sum: 0.0]
      [Object Copy (ms): Min: 11.2, Avg: 12.1, Max: 14.5, Diff: 3.3, Sum: 97.1]
      [Termination (ms): Min: 0.0, Avg: 2.3, Max: 2.7, Diff: 2.7, Sum: 18.3]
         [Termination Attempts: Min: 1, Avg: 1.1, Max: 2, Diff: 1, Sum: 9]
      [GC Worker Other (ms): Min: 0.0, Avg: 0.0, Max: 0.1, Diff: 0.0, Sum: 0.1]
      [GC Worker Total (ms): Min: 26.8, Avg: 27.0, Max: 27.2, Diff: 0.3, Sum: 216.1]
      [GC Worker End (ms): Min: 59627.6, Avg: 59627.6, Max: 59627.7, Diff: 0.1]
   [Code Root Fixup: 0.0 ms]
   [Code Root Purge: 0.0 ms]
   [Clear CT: 1.1 ms]
   [Other: 3.9 ms]
      [Choose CSet: 0.0 ms]
      [Ref Proc: 1.9 ms]
      [Ref Enq: 0.0 ms]
      [Redirty Cards: 1.1 ms]
      [Humongous Register: 0.2 ms]
      [Humongous Reclaim: 0.2 ms]
      [Free CSet: 0.3 ms]
   [Eden: 604.0M(958.0M)->0.0B(832.0M) Survivors: 2048.0K->120.0M Heap: 1368.7M(2048.0M)->743.8M(2048.0M)]
 [Times: user=0.23 sys=0.00, real=0.03 secs] 
2021-01-22T00:59:26.598+0800: 59.634: [GC concurrent-root-region-scan-start]
2021-01-22T00:59:26.598+0800: 59.634: [GC concurrent-root-region-scan-end, 0.0001891 secs]
2021-01-22T00:59:26.598+0800: 59.634: [GC concurrent-mark-start]
2021-01-22T00:59:26.601+0800: 59.637: [GC concurrent-mark-end, 0.0028924 secs]
2021-01-22T00:59:26.601+0800: 59.637: [GC remark 2021-01-22T00:59:26.601+0800: 59.637: [Finalize Marking, 0.0009057 secs] 2021-01-22T00:59:26.602+0800: 59.638: [GC ref-proc, 0.0004106 secs] 2021-01-22T00:59:26.603+0800: 59.639: [Unloading, 0.0008565 secs], 0.0043453 secs]
 [Times: user=0.01 sys=0.00, real=0.00 secs] 
2021-01-22T00:59:26.606+0800: 59.642: [GC cleanup 772M->655M(2048M), 0.0031417 secs]
 [Times: user=0.01 sys=0.00, real=0.01 secs] 
2021-01-22T00:59:26.610+0800: 59.646: [GC concurrent-cleanup-start]
2021-01-22T00:59:26.610+0800: 59.646: [GC concurrent-cleanup-end, 0.0001037 secs]
2021-01-22T00:59:26.727+0800: 59.763: [GC pause (G1 Evacuation Pause) (young) (to-space exhausted), 0.0366730 secs]
   [Parallel Time: 31.9 ms, GC Workers: 8]
      [GC Worker Start (ms): Min: 59763.1, Avg: 59763.3, Max: 59763.4, Diff: 0.4]
      [Ext Root Scanning (ms): Min: 0.0, Avg: 0.1, Max: 0.2, Diff: 0.2, Sum: 0.5]
      [Update RS (ms): Min: 16.2, Avg: 16.3, Max: 16.3, Diff: 0.1, Sum: 130.2]
         [Processed Buffers: Min: 213, Avg: 236.9, Max: 249, Diff: 36, Sum: 1895]
      [Scan RS (ms): Min: 0.1, Avg: 0.2, Max: 0.2, Diff: 0.0, Sum: 1.2]
      [Code Root Scanning (ms): Min: 0.0, Avg: 0.0, Max: 0.0, Diff: 0.0, Sum: 0.0]
      [Object Copy (ms): Min: 13.7, Avg: 14.0, Max: 14.6, Diff: 0.8, Sum: 111.9]
      [Termination (ms): Min: 0.0, Avg: 0.6, Max: 0.8, Diff: 0.8, Sum: 4.7]
         [Termination Attempts: Min: 1, Avg: 1.0, Max: 1, Diff: 0, Sum: 8]
      [GC Worker Other (ms): Min: 0.0, Avg: 0.0, Max: 0.1, Diff: 0.0, Sum: 0.2]
      [GC Worker Total (ms): Min: 30.9, Avg: 31.1, Max: 31.3, Diff: 0.4, Sum: 248.7]
      [GC Worker End (ms): Min: 59794.4, Avg: 59794.4, Max: 59794.4, Diff: 0.1]
   [Code Root Fixup: 0.0 ms]
   [Code Root Purge: 0.0 ms]
   [Clear CT: 1.0 ms]
   [Other: 3.8 ms]
      [Evacuation Failure: 1.0 ms]
      [Choose CSet: 0.0 ms]
      [Ref Proc: 0.9 ms]
      [Ref Enq: 0.0 ms]
      [Redirty Cards: 0.8 ms]
      [Humongous Register: 0.2 ms]
      [Humongous Reclaim: 0.4 ms]
      [Free CSet: 0.5 ms]
   [Eden: 832.0M(832.0M)->0.0B(6144.0K) Survivors: 120.0M->119.0M Heap: 1694.4M(2048.0M)->995.2M(2048.0M)]
 [Times: user=0.25 sys=0.00, real=0.04 secs] 
2021-01-22T00:59:26.765+0800: 59.801: [GC pause (G1 Evacuation Pause) (mixed), 0.0149979 secs]
   [Parallel Time: 12.3 ms, GC Workers: 8]
      [GC Worker Start (ms): Min: 59801.4, Avg: 59801.7, Max: 59801.9, Diff: 0.5]
      [Ext Root Scanning (ms): Min: 0.0, Avg: 0.1, Max: 0.2, Diff: 0.2, Sum: 0.5]
      [Update RS (ms): Min: 0.1, Avg: 0.3, Max: 0.4, Diff: 0.3, Sum: 2.5]
         [Processed Buffers: Min: 2, Avg: 6.0, Max: 8, Diff: 6, Sum: 48]
      [Scan RS (ms): Min: 0.0, Avg: 0.0, Max: 0.1, Diff: 0.0, Sum: 0.4]
      [Code Root Scanning (ms): Min: 0.0, Avg: 0.0, Max: 0.0, Diff: 0.0, Sum: 0.0]
      [Object Copy (ms): Min: 11.2, Avg: 11.2, Max: 11.2, Diff: 0.1, Sum: 89.5]
      [Termination (ms): Min: 0.0, Avg: 0.1, Max: 0.1, Diff: 0.1, Sum: 0.5]
         [Termination Attempts: Min: 1, Avg: 1.2, Max: 3, Diff: 2, Sum: 10]
      [GC Worker Other (ms): Min: 0.0, Avg: 0.0, Max: 0.0, Diff: 0.0, Sum: 0.1]
      [GC Worker Total (ms): Min: 11.4, Avg: 11.7, Max: 11.9, Diff: 0.5, Sum: 93.4]
      [GC Worker End (ms): Min: 59813.4, Avg: 59813.4, Max: 59813.4, Diff: 0.1]
   [Code Root Fixup: 0.0 ms]
   [Code Root Purge: 0.0 ms]
   [Clear CT: 0.7 ms]
   [Other: 2.0 ms]
      [Choose CSet: 0.1 ms]
      [Ref Proc: 0.7 ms]
      [Ref Enq: 0.0 ms]
      [Redirty Cards: 0.8 ms]
      [Humongous Register: 0.1 ms]
      [Humongous Reclaim: 0.1 ms]
      [Free CSet: 0.2 ms]
   [Eden: 6144.0K(6144.0K)->0.0B(743.0M) Survivors: 119.0M->3072.0K Heap: 1004.5M(2048.0M)->859.5M(2048.0M)]
 [Times: user=0.10 sys=0.01, real=0.02 secs] 
2021-01-22T00:59:26.782+0800: 59.818: [GC pause (G1 Humongous Allocation) (young) (initial-mark), 0.0052248 secs]
   [Parallel Time: 2.0 ms, GC Workers: 8]
      [GC Worker Start (ms): Min: 59817.9, Avg: 59818.1, Max: 59818.2, Diff: 0.3]
      [Ext Root Scanning (ms): Min: 0.1, Avg: 0.3, Max: 0.6, Diff: 0.5, Sum: 2.7]
      [Update RS (ms): Min: 0.0, Avg: 0.1, Max: 0.2, Diff: 0.2, Sum: 0.8]
         [Processed Buffers: Min: 0, Avg: 1.1, Max: 3, Diff: 3, Sum: 9]
      [Scan RS (ms): Min: 0.0, Avg: 0.0, Max: 0.0, Diff: 0.0, Sum: 0.0]
      [Code Root Scanning (ms): Min: 0.0, Avg: 0.0, Max: 0.0, Diff: 0.0, Sum: 0.0]
      [Object Copy (ms): Min: 0.1, Avg: 0.3, Max: 1.2, Diff: 1.1, Sum: 2.7]
      [Termination (ms): Min: 0.0, Avg: 0.8, Max: 1.0, Diff: 1.0, Sum: 6.4]
         [Termination Attempts: Min: 1, Avg: 1.0, Max: 1, Diff: 0, Sum: 8]
      [GC Worker Other (ms): Min: 0.0, Avg: 0.0, Max: 0.0, Diff: 0.0, Sum: 0.0]
      [GC Worker Total (ms): Min: 1.4, Avg: 1.6, Max: 1.8, Diff: 0.4, Sum: 12.7]
      [GC Worker End (ms): Min: 59819.6, Avg: 59819.6, Max: 59819.7, Diff: 0.0]
   [Code Root Fixup: 0.0 ms]
   [Code Root Purge: 0.0 ms]
   [Clear CT: 0.7 ms]
   [Other: 2.5 ms]
      [Choose CSet: 0.0 ms]
      [Ref Proc: 1.3 ms]
      [Ref Enq: 0.0 ms]
      [Redirty Cards: 0.7 ms]
      [Humongous Register: 0.1 ms]
      [Humongous Reclaim: 0.1 ms]
      [Free CSet: 0.0 ms]
   [Eden: 6144.0K(743.0M)->0.0B(669.0M) Survivors: 3072.0K->5120.0K Heap: 864.9M(2048.0M)->860.6M(2048.0M)]
 [Times: user=0.02 sys=0.00, real=0.00 secs] 
2021-01-22T00:59:26.788+0800: 59.824: [GC concurrent-root-region-scan-start]
2021-01-22T00:59:26.788+0800: 59.824: [GC concurrent-root-region-scan-end, 0.0002006 secs]
2021-01-22T00:59:26.788+0800: 59.824: [GC concurrent-mark-start]
2021-01-22T00:59:26.791+0800: 59.827: [GC concurrent-mark-end, 0.0031780 secs]
2021-01-22T00:59:26.791+0800: 59.827: [GC remark 2021-01-22T00:59:26.792+0800: 59.828: [Finalize Marking, 0.0009523 secs] 2021-01-22T00:59:26.793+0800: 59.829: [GC ref-proc, 0.0006316 secs] 2021-01-22T00:59:26.794+0800: 59.830: [Unloading, 0.0007705 secs], 0.0048744 secs]
 [Times: user=0.00 sys=0.01, real=0.00 secs] 
2021-01-22T00:59:26.797+0800: 59.833: [GC cleanup 892M->829M(2048M), 0.0033124 secs]
 [Times: user=0.00 sys=0.01, real=0.01 secs] 
2021-01-22T00:59:26.801+0800: 59.837: [GC concurrent-cleanup-start]
2021-01-22T00:59:26.801+0800: 59.837: [GC concurrent-cleanup-end, 0.0000573 secs]
2021-01-22T00:59:26.892+0800: 59.928: [GC pause (G1 Evacuation Pause) (young), 0.0314303 secs]
   [Parallel Time: 27.8 ms, GC Workers: 8]
      [GC Worker Start (ms): Min: 59928.6, Avg: 59928.8, Max: 59929.0, Diff: 0.3]
      [Ext Root Scanning (ms): Min: 0.0, Avg: 0.1, Max: 0.2, Diff: 0.2, Sum: 0.5]
      [Update RS (ms): Min: 13.0, Avg: 13.1, Max: 13.1, Diff: 0.1, Sum: 104.5]
         [Processed Buffers: Min: 171, Avg: 190.0, Max: 200, Diff: 29, Sum: 1520]
      [Scan RS (ms): Min: 0.1, Avg: 0.1, Max: 0.1, Diff: 0.0, Sum: 0.8]
      [Code Root Scanning (ms): Min: 0.0, Avg: 0.0, Max: 0.0, Diff: 0.0, Sum: 0.0]
      [Object Copy (ms): Min: 13.3, Avg: 13.4, Max: 13.8, Diff: 0.5, Sum: 107.2]
      [Termination (ms): Min: 0.0, Avg: 0.4, Max: 0.5, Diff: 0.5, Sum: 3.1]
         [Termination Attempts: Min: 1, Avg: 1.1, Max: 2, Diff: 1, Sum: 9]
      [GC Worker Other (ms): Min: 0.0, Avg: 0.1, Max: 0.2, Diff: 0.2, Sum: 0.6]
      [GC Worker Total (ms): Min: 27.0, Avg: 27.1, Max: 27.2, Diff: 0.2, Sum: 216.7]
      [GC Worker End (ms): Min: 59955.8, Avg: 59955.9, Max: 59956.1, Diff: 0.2]
   [Code Root Fixup: 0.0 ms]
   [Code Root Purge: 0.0 ms]
   [Clear CT: 1.1 ms]
   [Other: 2.6 ms]
      [Choose CSet: 0.0 ms]
      [Ref Proc: 0.8 ms]
      [Ref Enq: 0.0 ms]
      [Redirty Cards: 1.0 ms]
      [Humongous Register: 0.2 ms]
      [Humongous Reclaim: 0.2 ms]
      [Free CSet: 0.3 ms]
   [Eden: 669.0M(669.0M)->0.0B(17408.0K) Survivors: 5120.0K->87040.0K Heap: 1655.5M(2048.0M)->949.8M(2048.0M)]
 [Times: user=0.21 sys=0.01, real=0.03 secs] 
2021-01-22T00:59:26.928+0800: 59.963: [GC pause (G1 Evacuation Pause) (mixed), 0.0130855 secs]
   [Parallel Time: 9.4 ms, GC Workers: 8]
      [GC Worker Start (ms): Min: 59963.9, Avg: 59964.0, Max: 59964.2, Diff: 0.3]
      [Ext Root Scanning (ms): Min: 0.0, Avg: 0.1, Max: 0.2, Diff: 0.2, Sum: 0.7]
      [Update RS (ms): Min: 0.3, Avg: 0.4, Max: 0.4, Diff: 0.1, Sum: 2.9]
         [Processed Buffers: Min: 5, Avg: 5.2, Max: 6, Diff: 1, Sum: 42]
      [Scan RS (ms): Min: 0.0, Avg: 0.0, Max: 0.1, Diff: 0.0, Sum: 0.4]
      [Code Root Scanning (ms): Min: 0.0, Avg: 0.0, Max: 0.0, Diff: 0.0, Sum: 0.0]
      [Object Copy (ms): Min: 8.0, Avg: 8.1, Max: 8.4, Diff: 0.3, Sum: 65.2]
      [Termination (ms): Min: 0.0, Avg: 0.2, Max: 0.3, Diff: 0.3, Sum: 1.5]
         [Termination Attempts: Min: 1, Avg: 1.4, Max: 4, Diff: 3, Sum: 11]
      [GC Worker Other (ms): Min: 0.0, Avg: 0.0, Max: 0.0, Diff: 0.0, Sum: 0.1]
      [GC Worker Total (ms): Min: 8.7, Avg: 8.8, Max: 9.0, Diff: 0.3, Sum: 70.7]
      [GC Worker End (ms): Min: 59972.9, Avg: 59972.9, Max: 59972.9, Diff: 0.0]
   [Code Root Fixup: 0.0 ms]
   [Code Root Purge: 0.0 ms]
   [Clear CT: 1.1 ms]
   [Other: 2.6 ms]
      [Choose CSet: 0.1 ms]
      [Ref Proc: 0.9 ms]
      [Ref Enq: 0.0 ms]
      [Redirty Cards: 1.1 ms]
      [Humongous Register: 0.2 ms]
      [Humongous Reclaim: 0.1 ms]
      [Free CSet: 0.2 ms]
   [Eden: 17408.0K(17408.0K)->0.0B(97280.0K) Survivors: 87040.0K->7168.0K Heap: 970.9M(2048.0M)->758.8M(2048.0M)]
 [Times: user=0.06 sys=0.01, real=0.02 secs] 
2021-01-22T00:59:26.956+0800: 59.992: [GC pause (G1 Evacuation Pause) (mixed), 0.0113035 secs]
   [Parallel Time: 7.6 ms, GC Workers: 8]
      [GC Worker Start (ms): Min: 59992.6, Avg: 59992.7, Max: 59992.9, Diff: 0.3]
      [Ext Root Scanning (ms): Min: 0.0, Avg: 0.1, Max: 0.2, Diff: 0.2, Sum: 0.6]
      [Update RS (ms): Min: 2.2, Avg: 2.3, Max: 2.3, Diff: 0.1, Sum: 18.1]
         [Processed Buffers: Min: 32, Avg: 33.8, Max: 35, Diff: 3, Sum: 270]
      [Scan RS (ms): Min: 0.0, Avg: 0.0, Max: 0.1, Diff: 0.0, Sum: 0.3]
      [Code Root Scanning (ms): Min: 0.0, Avg: 0.0, Max: 0.0, Diff: 0.0, Sum: 0.0]
      [Object Copy (ms): Min: 4.1, Avg: 4.2, Max: 4.4, Diff: 0.2, Sum: 33.7]
      [Termination (ms): Min: 0.0, Avg: 0.2, Max: 0.3, Diff: 0.3, Sum: 1.5]
         [Termination Attempts: Min: 1, Avg: 1.1, Max: 2, Diff: 1, Sum: 9]
      [GC Worker Other (ms): Min: 0.0, Avg: 0.0, Max: 0.0, Diff: 0.0, Sum: 0.1]
      [GC Worker Total (ms): Min: 6.6, Avg: 6.8, Max: 6.9, Diff: 0.3, Sum: 54.3]
      [GC Worker End (ms): Min: 59999.5, Avg: 59999.5, Max: 59999.6, Diff: 0.1]
   [Code Root Fixup: 0.0 ms]
   [Code Root Purge: 0.0 ms]
   [Clear CT: 1.2 ms]
   [Other: 2.5 ms]
      [Choose CSet: 0.0 ms]
      [Ref Proc: 0.7 ms]
      [Ref Enq: 0.0 ms]
      [Redirty Cards: 1.2 ms]
      [Humongous Register: 0.1 ms]
      [Humongous Reclaim: 0.1 ms]
      [Free CSet: 0.2 ms]
   [Eden: 97280.0K(97280.0K)->0.0B(834.0M) Survivors: 7168.0K->13312.0K Heap: 886.3M(2048.0M)->647.4M(2048.0M)]
 [Times: user=0.06 sys=0.00, real=0.01 secs] 
Heap
 garbage-first heap   total 2097152K, used 1304135K [0x0000000080000000, 0x0000000080104000, 0x0000000100000000)
  region size 1024K, 519 young (531456K), 13 survivors (13312K)
 Metaspace       used 2823K, capacity 4490K, committed 4864K, reserved 1056768K
  class space    used 293K, capacity 386K, committed 512K, reserved 1048576K
