OpenJDK 64-Bit Server VM (25.252-b09) for linux-amd64 JRE (1.8.0_252-8u252-b09-1ubuntu1-b09), built on Apr 16 2020 08:47:49 by "buildd" with gcc 9.3.0
Memory: 4k page, physical 39286120k(39106280k free), swap 10485760k(10485760k free)
CommandLine flags: -XX:InitialHeapSize=4294967296 -XX:MaxHeapSize=4294967296 -XX:+PrintGC -XX:+PrintGCDateStamps -XX:+PrintGCDetails -XX:+PrintGCTimeStamps -XX:+UseCompressedClassPointers -XX:+UseCompressedOops -XX:+UseG1GC 
2021-01-22T00:37:23.893+0800: 0.156: [GC pause (G1 Evacuation Pause) (young), 0.0371903 secs]
   [Parallel Time: 34.2 ms, GC Workers: 8]
      [GC Worker Start (ms): Min: 156.6, Avg: 156.9, Max: 157.1, Diff: 0.4]
      [Ext Root Scanning (ms): Min: 0.0, Avg: 1.1, Max: 8.0, Diff: 8.0, Sum: 9.0]
      [Update RS (ms): Min: 0.0, Avg: 0.0, Max: 0.0, Diff: 0.0, Sum: 0.0]
         [Processed Buffers: Min: 0, Avg: 0.0, Max: 0, Diff: 0, Sum: 0]
      [Scan RS (ms): Min: 0.0, Avg: 0.0, Max: 0.0, Diff: 0.0, Sum: 0.1]
      [Code Root Scanning (ms): Min: 0.0, Avg: 0.1, Max: 0.9, Diff: 0.9, Sum: 0.9]
      [Object Copy (ms): Min: 19.4, Avg: 23.3, Max: 25.8, Diff: 6.4, Sum: 186.8]
      [Termination (ms): Min: 2.5, Avg: 8.9, Max: 13.0, Diff: 10.4, Sum: 70.8]
         [Termination Attempts: Min: 1, Avg: 4.1, Max: 10, Diff: 9, Sum: 33]
      [GC Worker Other (ms): Min: 0.0, Avg: 0.0, Max: 0.0, Diff: 0.0, Sum: 0.1]
      [GC Worker Total (ms): Min: 33.2, Avg: 33.5, Max: 33.7, Diff: 0.4, Sum: 267.8]
      [GC Worker End (ms): Min: 190.3, Avg: 190.3, Max: 190.4, Diff: 0.1]
   [Code Root Fixup: 0.0 ms]
   [Code Root Purge: 0.0 ms]
   [Clear CT: 0.8 ms]
   [Other: 2.1 ms]
      [Choose CSet: 0.0 ms]
      [Ref Proc: 0.8 ms]
      [Ref Enq: 0.0 ms]
      [Redirty Cards: 0.8 ms]
      [Humongous Register: 0.0 ms]
      [Humongous Reclaim: 0.0 ms]
      [Free CSet: 0.1 ms]
   [Eden: 204.0M(204.0M)->0.0B(178.0M) Survivors: 0.0B->26624.0K Heap: 204.0M(4096.0M)->74563.0K(4096.0M)]
 [Times: user=0.11 sys=0.16, real=0.04 secs] 
2021-01-22T00:37:23.958+0800: 0.222: [GC pause (G1 Evacuation Pause) (young), 0.0343084 secs]
   [Parallel Time: 24.3 ms, GC Workers: 8]
      [GC Worker Start (ms): Min: 221.7, Avg: 223.1, Max: 231.7, Diff: 10.0]
      [Ext Root Scanning (ms): Min: 0.0, Avg: 0.1, Max: 0.2, Diff: 0.2, Sum: 0.7]
      [Update RS (ms): Min: 0.0, Avg: 0.0, Max: 0.0, Diff: 0.0, Sum: 0.1]
         [Processed Buffers: Min: 0, Avg: 1.1, Max: 3, Diff: 3, Sum: 9]
      [Scan RS (ms): Min: 0.0, Avg: 0.0, Max: 0.0, Diff: 0.0, Sum: 0.2]
      [Code Root Scanning (ms): Min: 0.0, Avg: 0.0, Max: 0.0, Diff: 0.0, Sum: 0.0]
      [Object Copy (ms): Min: 9.1, Avg: 18.4, Max: 23.5, Diff: 14.4, Sum: 147.5]
      [Termination (ms): Min: 0.0, Avg: 3.9, Max: 4.8, Diff: 4.8, Sum: 31.5]
         [Termination Attempts: Min: 1, Avg: 1.0, Max: 1, Diff: 0, Sum: 8]
      [GC Worker Other (ms): Min: 0.0, Avg: 0.0, Max: 0.0, Diff: 0.0, Sum: 0.1]
      [GC Worker Total (ms): Min: 13.9, Avg: 22.5, Max: 23.9, Diff: 10.0, Sum: 180.0]
      [GC Worker End (ms): Min: 245.6, Avg: 245.6, Max: 245.7, Diff: 0.1]
   [Code Root Fixup: 0.0 ms]
   [Code Root Purge: 0.0 ms]
   [Clear CT: 0.5 ms]
   [Other: 9.5 ms]
      [Choose CSet: 0.0 ms]
      [Ref Proc: 8.6 ms]
      [Ref Enq: 0.0 ms]
      [Redirty Cards: 0.5 ms]
      [Humongous Register: 0.1 ms]
      [Humongous Reclaim: 0.0 ms]
      [Free CSet: 0.1 ms]
   [Eden: 178.0M(178.0M)->0.0B(178.0M) Survivors: 26624.0K->26624.0K Heap: 250.8M(4096.0M)->135.7M(4096.0M)]
 [Times: user=0.16 sys=0.05, real=0.04 secs] 
2021-01-22T00:37:24.014+0800: 0.278: [GC pause (G1 Evacuation Pause) (young), 0.0281943 secs]
   [Parallel Time: 25.5 ms, GC Workers: 8]
      [GC Worker Start (ms): Min: 278.4, Avg: 278.6, Max: 278.7, Diff: 0.3]
      [Ext Root Scanning (ms): Min: 0.0, Avg: 0.1, Max: 0.2, Diff: 0.2, Sum: 0.6]
      [Update RS (ms): Min: 0.0, Avg: 0.2, Max: 0.6, Diff: 0.6, Sum: 1.2]
         [Processed Buffers: Min: 0, Avg: 1.2, Max: 2, Diff: 2, Sum: 10]
      [Scan RS (ms): Min: 0.0, Avg: 0.0, Max: 0.0, Diff: 0.0, Sum: 0.1]
      [Code Root Scanning (ms): Min: 0.0, Avg: 0.0, Max: 0.0, Diff: 0.0, Sum: 0.0]
      [Object Copy (ms): Min: 20.9, Avg: 21.6, Max: 24.8, Diff: 4.0, Sum: 172.5]
      [Termination (ms): Min: 0.0, Avg: 3.4, Max: 4.1, Diff: 4.1, Sum: 26.8]
         [Termination Attempts: Min: 1, Avg: 1.0, Max: 1, Diff: 0, Sum: 8]
      [GC Worker Other (ms): Min: 0.0, Avg: 0.0, Max: 0.0, Diff: 0.0, Sum: 0.1]
      [GC Worker Total (ms): Min: 25.0, Avg: 25.2, Max: 25.3, Diff: 0.3, Sum: 201.3]
      [GC Worker End (ms): Min: 303.7, Avg: 303.7, Max: 303.8, Diff: 0.0]
   [Code Root Fixup: 0.0 ms]
   [Code Root Purge: 0.0 ms]
   [Clear CT: 0.4 ms]
   [Other: 2.3 ms]
      [Choose CSet: 0.0 ms]
      [Ref Proc: 1.6 ms]
      [Ref Enq: 0.0 ms]
      [Redirty Cards: 0.4 ms]
      [Humongous Register: 0.1 ms]
      [Humongous Reclaim: 0.0 ms]
      [Free CSet: 0.0 ms]
   [Eden: 178.0M(178.0M)->0.0B(178.0M) Survivors: 26624.0K->26624.0K Heap: 313.7M(4096.0M)->195.4M(4096.0M)]
 [Times: user=0.10 sys=0.09, real=0.03 secs] 
2021-01-22T00:37:24.069+0800: 0.333: [GC pause (G1 Evacuation Pause) (young), 0.0232831 secs]
   [Parallel Time: 21.6 ms, GC Workers: 8]
      [GC Worker Start (ms): Min: 333.4, Avg: 333.6, Max: 334.1, Diff: 0.7]
      [Ext Root Scanning (ms): Min: 0.0, Avg: 0.1, Max: 0.2, Diff: 0.2, Sum: 0.6]
      [Update RS (ms): Min: 0.0, Avg: 0.0, Max: 0.1, Diff: 0.1, Sum: 0.2]
         [Processed Buffers: Min: 0, Avg: 1.2, Max: 3, Diff: 3, Sum: 10]
      [Scan RS (ms): Min: 0.0, Avg: 0.0, Max: 0.0, Diff: 0.0, Sum: 0.1]
      [Code Root Scanning (ms): Min: 0.0, Avg: 0.0, Max: 0.0, Diff: 0.0, Sum: 0.0]
      [Object Copy (ms): Min: 19.6, Avg: 20.4, Max: 21.0, Diff: 1.4, Sum: 163.2]
      [Termination (ms): Min: 0.0, Avg: 0.6, Max: 0.9, Diff: 0.9, Sum: 4.6]
         [Termination Attempts: Min: 1, Avg: 1.0, Max: 1, Diff: 0, Sum: 8]
      [GC Worker Other (ms): Min: 0.0, Avg: 0.0, Max: 0.0, Diff: 0.0, Sum: 0.1]
      [GC Worker Total (ms): Min: 20.6, Avg: 21.1, Max: 21.3, Diff: 0.8, Sum: 168.7]
      [GC Worker End (ms): Min: 354.7, Avg: 354.7, Max: 354.7, Diff: 0.0]
   [Code Root Fixup: 0.0 ms]
   [Code Root Purge: 0.0 ms]
   [Clear CT: 0.4 ms]
   [Other: 1.2 ms]
      [Choose CSet: 0.0 ms]
      [Ref Proc: 0.5 ms]
      [Ref Enq: 0.0 ms]
      [Redirty Cards: 0.4 ms]
      [Humongous Register: 0.0 ms]
      [Humongous Reclaim: 0.0 ms]
      [Free CSet: 0.0 ms]
   [Eden: 178.0M(178.0M)->0.0B(178.0M) Survivors: 26624.0K->26624.0K Heap: 373.4M(4096.0M)->251.2M(4096.0M)]
 [Times: user=0.05 sys=0.13, real=0.02 secs] 
2021-01-22T00:37:24.114+0800: 0.378: [GC pause (G1 Evacuation Pause) (young), 0.0294887 secs]
   [Parallel Time: 27.7 ms, GC Workers: 8]
      [GC Worker Start (ms): Min: 378.0, Avg: 378.1, Max: 378.5, Diff: 0.5]
      [Ext Root Scanning (ms): Min: 0.0, Avg: 0.1, Max: 0.2, Diff: 0.2, Sum: 0.5]
      [Update RS (ms): Min: 0.0, Avg: 0.0, Max: 0.1, Diff: 0.1, Sum: 0.3]
         [Processed Buffers: Min: 0, Avg: 1.2, Max: 3, Diff: 3, Sum: 10]
      [Scan RS (ms): Min: 0.0, Avg: 0.0, Max: 0.0, Diff: 0.0, Sum: 0.1]
      [Code Root Scanning (ms): Min: 0.0, Avg: 0.0, Max: 0.0, Diff: 0.0, Sum: 0.0]
      [Object Copy (ms): Min: 21.5, Avg: 22.4, Max: 27.1, Diff: 5.6, Sum: 179.5]
      [Termination (ms): Min: 0.0, Avg: 4.6, Max: 5.7, Diff: 5.7, Sum: 37.0]
         [Termination Attempts: Min: 1, Avg: 1.0, Max: 1, Diff: 0, Sum: 8]
      [GC Worker Other (ms): Min: 0.0, Avg: 0.0, Max: 0.0, Diff: 0.0, Sum: 0.1]
      [GC Worker Total (ms): Min: 26.8, Avg: 27.2, Max: 27.3, Diff: 0.5, Sum: 217.4]
      [GC Worker End (ms): Min: 405.3, Avg: 405.3, Max: 405.4, Diff: 0.1]
   [Code Root Fixup: 0.0 ms]
   [Code Root Purge: 0.0 ms]
   [Clear CT: 0.4 ms]
   [Other: 1.4 ms]
      [Choose CSet: 0.0 ms]
      [Ref Proc: 0.8 ms]
      [Ref Enq: 0.0 ms]
      [Redirty Cards: 0.4 ms]
      [Humongous Register: 0.0 ms]
      [Humongous Reclaim: 0.0 ms]
      [Free CSet: 0.0 ms]
   [Eden: 178.0M(178.0M)->0.0B(178.0M) Survivors: 26624.0K->26624.0K Heap: 429.2M(4096.0M)->311.6M(4096.0M)]
 [Times: user=0.12 sys=0.10, real=0.03 secs] 
2021-01-22T00:37:24.163+0800: 0.427: [GC pause (G1 Evacuation Pause) (young), 0.0305768 secs]
   [Parallel Time: 28.1 ms, GC Workers: 8]
      [GC Worker Start (ms): Min: 427.2, Avg: 427.4, Max: 427.5, Diff: 0.3]
      [Ext Root Scanning (ms): Min: 0.0, Avg: 0.1, Max: 0.2, Diff: 0.2, Sum: 0.5]
      [Update RS (ms): Min: 0.0, Avg: 0.1, Max: 0.2, Diff: 0.2, Sum: 0.5]
         [Processed Buffers: Min: 0, Avg: 1.1, Max: 2, Diff: 2, Sum: 9]
      [Scan RS (ms): Min: 0.0, Avg: 0.0, Max: 0.0, Diff: 0.0, Sum: 0.1]
      [Code Root Scanning (ms): Min: 0.0, Avg: 0.0, Max: 0.0, Diff: 0.0, Sum: 0.0]
      [Object Copy (ms): Min: 21.8, Avg: 22.7, Max: 27.2, Diff: 5.4, Sum: 181.6]
      [Termination (ms): Min: 0.0, Avg: 4.7, Max: 5.5, Diff: 5.5, Sum: 37.3]
         [Termination Attempts: Min: 1, Avg: 1.0, Max: 1, Diff: 0, Sum: 8]
      [GC Worker Other (ms): Min: 0.0, Avg: 0.0, Max: 0.0, Diff: 0.0, Sum: 0.1]
      [GC Worker Total (ms): Min: 27.3, Avg: 27.5, Max: 27.7, Diff: 0.4, Sum: 220.0]
      [GC Worker End (ms): Min: 454.8, Avg: 454.9, Max: 455.1, Diff: 0.2]
   [Code Root Fixup: 0.0 ms]
   [Code Root Purge: 0.0 ms]
   [Clear CT: 0.5 ms]
   [Other: 1.9 ms]
      [Choose CSet: 0.0 ms]
      [Ref Proc: 1.2 ms]
      [Ref Enq: 0.0 ms]
      [Redirty Cards: 0.4 ms]
      [Humongous Register: 0.0 ms]
      [Humongous Reclaim: 0.0 ms]
      [Free CSet: 0.1 ms]
   [Eden: 178.0M(178.0M)->0.0B(178.0M) Survivors: 26624.0K->26624.0K Heap: 489.6M(4096.0M)->372.9M(4096.0M)]
 [Times: user=0.09 sys=0.13, real=0.03 secs] 
2021-01-22T00:37:24.215+0800: 0.479: [GC pause (G1 Evacuation Pause) (young), 0.0264487 secs]
   [Parallel Time: 24.8 ms, GC Workers: 8]
      [GC Worker Start (ms): Min: 479.0, Avg: 479.2, Max: 479.3, Diff: 0.3]
      [Ext Root Scanning (ms): Min: 0.0, Avg: 0.1, Max: 0.2, Diff: 0.2, Sum: 0.6]
      [Update RS (ms): Min: 0.0, Avg: 0.0, Max: 0.1, Diff: 0.1, Sum: 0.4]
         [Processed Buffers: Min: 0, Avg: 1.1, Max: 2, Diff: 2, Sum: 9]
      [Scan RS (ms): Min: 0.0, Avg: 0.0, Max: 0.0, Diff: 0.0, Sum: 0.1]
      [Code Root Scanning (ms): Min: 0.0, Avg: 0.0, Max: 0.0, Diff: 0.0, Sum: 0.0]
      [Object Copy (ms): Min: 23.7, Avg: 23.9, Max: 24.3, Diff: 0.6, Sum: 191.3]
      [Termination (ms): Min: 0.0, Avg: 0.5, Max: 0.7, Diff: 0.7, Sum: 3.9]
         [Termination Attempts: Min: 1, Avg: 1.0, Max: 1, Diff: 0, Sum: 8]
      [GC Worker Other (ms): Min: 0.0, Avg: 0.0, Max: 0.0, Diff: 0.0, Sum: 0.1]
      [GC Worker Total (ms): Min: 24.4, Avg: 24.5, Max: 24.7, Diff: 0.3, Sum: 196.4]
      [GC Worker End (ms): Min: 503.7, Avg: 503.7, Max: 503.7, Diff: 0.0]
   [Code Root Fixup: 0.0 ms]
   [Code Root Purge: 0.0 ms]
   [Clear CT: 0.4 ms]
   [Other: 1.2 ms]
      [Choose CSet: 0.0 ms]
      [Ref Proc: 0.5 ms]
      [Ref Enq: 0.0 ms]
      [Redirty Cards: 0.4 ms]
      [Humongous Register: 0.0 ms]
      [Humongous Reclaim: 0.0 ms]
      [Free CSet: 0.0 ms]
   [Eden: 178.0M(178.0M)->0.0B(180.0M) Survivors: 26624.0K->26624.0K Heap: 550.9M(4096.0M)->435.9M(4096.0M)]
 [Times: user=0.04 sys=0.16, real=0.03 secs] 
2021-01-22T00:37:24.261+0800: 0.525: [GC pause (G1 Evacuation Pause) (young), 0.0261709 secs]
   [Parallel Time: 24.7 ms, GC Workers: 8]
      [GC Worker Start (ms): Min: 525.5, Avg: 525.6, Max: 525.7, Diff: 0.2]
      [Ext Root Scanning (ms): Min: 0.0, Avg: 0.1, Max: 0.2, Diff: 0.2, Sum: 0.5]
      [Update RS (ms): Min: 0.0, Avg: 0.0, Max: 0.1, Diff: 0.1, Sum: 0.4]
         [Processed Buffers: Min: 0, Avg: 1.1, Max: 2, Diff: 2, Sum: 9]
      [Scan RS (ms): Min: 0.0, Avg: 0.0, Max: 0.0, Diff: 0.0, Sum: 0.1]
      [Code Root Scanning (ms): Min: 0.0, Avg: 0.0, Max: 0.0, Diff: 0.0, Sum: 0.0]
      [Object Copy (ms): Min: 23.5, Avg: 23.8, Max: 24.2, Diff: 0.7, Sum: 190.7]
      [Termination (ms): Min: 0.0, Avg: 0.3, Max: 0.7, Diff: 0.7, Sum: 2.7]
         [Termination Attempts: Min: 1, Avg: 1.0, Max: 1, Diff: 0, Sum: 8]
      [GC Worker Other (ms): Min: 0.0, Avg: 0.0, Max: 0.0, Diff: 0.0, Sum: 0.1]
      [GC Worker Total (ms): Min: 24.2, Avg: 24.3, Max: 24.4, Diff: 0.2, Sum: 194.4]
      [GC Worker End (ms): Min: 549.9, Avg: 549.9, Max: 549.9, Diff: 0.0]
   [Code Root Fixup: 0.0 ms]
   [Code Root Purge: 0.0 ms]
   [Clear CT: 0.4 ms]
   [Other: 1.0 ms]
      [Choose CSet: 0.0 ms]
      [Ref Proc: 0.3 ms]
      [Ref Enq: 0.0 ms]
      [Redirty Cards: 0.4 ms]
      [Humongous Register: 0.0 ms]
      [Humongous Reclaim: 0.0 ms]
      [Free CSet: 0.0 ms]
   [Eden: 180.0M(180.0M)->0.0B(228.0M) Survivors: 26624.0K->26624.0K Heap: 615.9M(4096.0M)->497.1M(4096.0M)]
 [Times: user=0.04 sys=0.15, real=0.02 secs] 
2021-01-22T00:37:24.314+0800: 0.578: [GC pause (G1 Evacuation Pause) (young), 0.0361254 secs]
   [Parallel Time: 34.6 ms, GC Workers: 8]
      [GC Worker Start (ms): Min: 578.5, Avg: 578.6, Max: 578.8, Diff: 0.2]
      [Ext Root Scanning (ms): Min: 0.0, Avg: 0.1, Max: 0.2, Diff: 0.2, Sum: 0.6]
      [Update RS (ms): Min: 0.0, Avg: 0.1, Max: 0.1, Diff: 0.1, Sum: 0.4]
         [Processed Buffers: Min: 0, Avg: 1.2, Max: 3, Diff: 3, Sum: 10]
      [Scan RS (ms): Min: 0.0, Avg: 0.0, Max: 0.1, Diff: 0.1, Sum: 0.1]
      [Code Root Scanning (ms): Min: 0.0, Avg: 0.0, Max: 0.0, Diff: 0.0, Sum: 0.0]
      [Object Copy (ms): Min: 33.7, Avg: 33.9, Max: 34.1, Diff: 0.4, Sum: 271.5]
      [Termination (ms): Min: 0.0, Avg: 0.2, Max: 0.4, Diff: 0.4, Sum: 1.8]
         [Termination Attempts: Min: 1, Avg: 1.0, Max: 1, Diff: 0, Sum: 8]
      [GC Worker Other (ms): Min: 0.0, Avg: 0.0, Max: 0.0, Diff: 0.0, Sum: 0.1]
      [GC Worker Total (ms): Min: 34.2, Avg: 34.3, Max: 34.4, Diff: 0.2, Sum: 274.5]
      [GC Worker End (ms): Min: 612.9, Avg: 612.9, Max: 612.9, Diff: 0.0]
   [Code Root Fixup: 0.0 ms]
   [Code Root Purge: 0.0 ms]
   [Clear CT: 0.4 ms]
   [Other: 1.1 ms]
      [Choose CSet: 0.0 ms]
      [Ref Proc: 0.4 ms]
      [Ref Enq: 0.0 ms]
      [Redirty Cards: 0.4 ms]
      [Humongous Register: 0.0 ms]
      [Humongous Reclaim: 0.0 ms]
      [Free CSet: 0.0 ms]
   [Eden: 228.0M(228.0M)->0.0B(246.0M) Survivors: 26624.0K->32768.0K Heap: 725.1M(4096.0M)->573.6M(4096.0M)]
 [Times: user=0.08 sys=0.18, real=0.04 secs] 
2021-01-22T00:37:24.379+0800: 0.643: [GC pause (G1 Evacuation Pause) (young), 0.0344429 secs]
   [Parallel Time: 32.6 ms, GC Workers: 8]
      [GC Worker Start (ms): Min: 643.1, Avg: 643.2, Max: 643.3, Diff: 0.2]
      [Ext Root Scanning (ms): Min: 0.0, Avg: 0.1, Max: 0.2, Diff: 0.2, Sum: 0.5]
      [Update RS (ms): Min: 0.0, Avg: 0.1, Max: 0.2, Diff: 0.2, Sum: 0.5]
         [Processed Buffers: Min: 0, Avg: 1.1, Max: 2, Diff: 2, Sum: 9]
      [Scan RS (ms): Min: 0.0, Avg: 0.0, Max: 0.0, Diff: 0.0, Sum: 0.1]
      [Code Root Scanning (ms): Min: 0.0, Avg: 0.0, Max: 0.0, Diff: 0.0, Sum: 0.0]
      [Object Copy (ms): Min: 31.8, Avg: 32.0, Max: 32.2, Diff: 0.4, Sum: 255.8]
      [Termination (ms): Min: 0.0, Avg: 0.2, Max: 0.4, Diff: 0.4, Sum: 1.5]
         [Termination Attempts: Min: 1, Avg: 1.0, Max: 1, Diff: 0, Sum: 8]
      [GC Worker Other (ms): Min: 0.0, Avg: 0.0, Max: 0.0, Diff: 0.0, Sum: 0.1]
      [GC Worker Total (ms): Min: 32.2, Avg: 32.3, Max: 32.4, Diff: 0.2, Sum: 258.6]
      [GC Worker End (ms): Min: 675.5, Avg: 675.5, Max: 675.5, Diff: 0.0]
   [Code Root Fixup: 0.0 ms]
   [Code Root Purge: 0.0 ms]
   [Clear CT: 0.7 ms]
   [Other: 1.2 ms]
      [Choose CSet: 0.0 ms]
      [Ref Proc: 0.5 ms]
      [Ref Enq: 0.0 ms]
      [Redirty Cards: 0.4 ms]
      [Humongous Register: 0.0 ms]
      [Humongous Reclaim: 0.0 ms]
      [Free CSet: 0.0 ms]
   [Eden: 246.0M(246.0M)->0.0B(298.0M) Survivors: 32768.0K->36864.0K Heap: 819.6M(4096.0M)->643.4M(4096.0M)]
 [Times: user=0.09 sys=0.17, real=0.03 secs] 
2021-01-22T00:37:24.450+0800: 0.714: [GC pause (G1 Evacuation Pause) (young), 0.0419750 secs]
   [Parallel Time: 40.3 ms, GC Workers: 8]
      [GC Worker Start (ms): Min: 714.0, Avg: 714.1, Max: 714.2, Diff: 0.2]
      [Ext Root Scanning (ms): Min: 0.0, Avg: 0.1, Max: 0.2, Diff: 0.2, Sum: 0.5]
      [Update RS (ms): Min: 0.0, Avg: 0.1, Max: 0.1, Diff: 0.1, Sum: 0.4]
         [Processed Buffers: Min: 0, Avg: 1.1, Max: 2, Diff: 2, Sum: 9]
      [Scan RS (ms): Min: 0.0, Avg: 0.0, Max: 0.0, Diff: 0.0, Sum: 0.1]
      [Code Root Scanning (ms): Min: 0.0, Avg: 0.0, Max: 0.0, Diff: 0.0, Sum: 0.0]
      [Object Copy (ms): Min: 39.3, Avg: 39.5, Max: 40.0, Diff: 0.6, Sum: 315.9]
      [Termination (ms): Min: 0.0, Avg: 0.5, Max: 0.7, Diff: 0.7, Sum: 4.1]
         [Termination Attempts: Min: 1, Avg: 1.0, Max: 1, Diff: 0, Sum: 8]
      [GC Worker Other (ms): Min: 0.0, Avg: 0.0, Max: 0.0, Diff: 0.0, Sum: 0.1]
      [GC Worker Total (ms): Min: 40.0, Avg: 40.1, Max: 40.2, Diff: 0.2, Sum: 321.1]
      [GC Worker End (ms): Min: 754.2, Avg: 754.3, Max: 754.3, Diff: 0.0]
   [Code Root Fixup: 0.0 ms]
   [Code Root Purge: 0.0 ms]
   [Clear CT: 0.4 ms]
   [Other: 1.2 ms]
      [Choose CSet: 0.0 ms]
      [Ref Proc: 0.5 ms]
      [Ref Enq: 0.0 ms]
      [Redirty Cards: 0.4 ms]
      [Humongous Register: 0.0 ms]
      [Humongous Reclaim: 0.0 ms]
      [Free CSet: 0.1 ms]
   [Eden: 298.0M(298.0M)->0.0B(332.0M) Survivors: 36864.0K->43008.0K Heap: 941.4M(4096.0M)->727.6M(4096.0M)]
 [Times: user=0.11 sys=0.21, real=0.04 secs] 
2021-01-22T00:37:24.529+0800: 0.793: [GC pause (G1 Evacuation Pause) (young), 0.0469125 secs]
   [Parallel Time: 45.3 ms, GC Workers: 8]
      [GC Worker Start (ms): Min: 792.8, Avg: 792.9, Max: 793.0, Diff: 0.2]
      [Ext Root Scanning (ms): Min: 0.0, Avg: 0.1, Max: 0.2, Diff: 0.2, Sum: 0.5]
      [Update RS (ms): Min: 0.0, Avg: 0.1, Max: 0.1, Diff: 0.1, Sum: 0.5]
         [Processed Buffers: Min: 0, Avg: 1.1, Max: 2, Diff: 2, Sum: 9]
      [Scan RS (ms): Min: 0.0, Avg: 0.0, Max: 0.0, Diff: 0.0, Sum: 0.1]
      [Code Root Scanning (ms): Min: 0.0, Avg: 0.0, Max: 0.0, Diff: 0.0, Sum: 0.0]
      [Object Copy (ms): Min: 44.5, Avg: 44.6, Max: 44.9, Diff: 0.4, Sum: 357.1]
      [Termination (ms): Min: 0.0, Avg: 0.2, Max: 0.4, Diff: 0.4, Sum: 1.8]
         [Termination Attempts: Min: 1, Avg: 1.0, Max: 1, Diff: 0, Sum: 8]
      [GC Worker Other (ms): Min: 0.0, Avg: 0.0, Max: 0.0, Diff: 0.0, Sum: 0.1]
      [GC Worker Total (ms): Min: 44.9, Avg: 45.0, Max: 45.1, Diff: 0.2, Sum: 360.1]
      [GC Worker End (ms): Min: 837.9, Avg: 837.9, Max: 837.9, Diff: 0.0]
   [Code Root Fixup: 0.0 ms]
   [Code Root Purge: 0.0 ms]
   [Clear CT: 0.5 ms]
   [Other: 1.1 ms]
      [Choose CSet: 0.0 ms]
      [Ref Proc: 0.4 ms]
      [Ref Enq: 0.0 ms]
      [Redirty Cards: 0.4 ms]
      [Humongous Register: 0.1 ms]
      [Humongous Reclaim: 0.0 ms]
      [Free CSet: 0.1 ms]
   [Eden: 332.0M(332.0M)->0.0B(418.0M) Survivors: 43008.0K->49152.0K Heap: 1059.6M(4096.0M)->825.0M(4096.0M)]
 [Times: user=0.08 sys=0.27, real=0.04 secs] 
2021-01-22T00:37:24.624+0800: 0.887: [GC pause (G1 Evacuation Pause) (young), 0.0595665 secs]
   [Parallel Time: 57.8 ms, GC Workers: 8]
      [GC Worker Start (ms): Min: 887.5, Avg: 887.7, Max: 887.8, Diff: 0.3]
      [Ext Root Scanning (ms): Min: 0.0, Avg: 0.1, Max: 0.2, Diff: 0.2, Sum: 0.5]
      [Update RS (ms): Min: 0.0, Avg: 0.1, Max: 0.2, Diff: 0.2, Sum: 0.5]
         [Processed Buffers: Min: 0, Avg: 1.1, Max: 2, Diff: 2, Sum: 9]
      [Scan RS (ms): Min: 0.0, Avg: 0.0, Max: 0.0, Diff: 0.0, Sum: 0.2]
      [Code Root Scanning (ms): Min: 0.0, Avg: 0.0, Max: 0.0, Diff: 0.0, Sum: 0.0]
      [Object Copy (ms): Min: 56.7, Avg: 56.9, Max: 57.1, Diff: 0.3, Sum: 455.1]
      [Termination (ms): Min: 0.0, Avg: 0.2, Max: 0.3, Diff: 0.3, Sum: 1.2]
         [Termination Attempts: Min: 1, Avg: 1.0, Max: 1, Diff: 0, Sum: 8]
      [GC Worker Other (ms): Min: 0.0, Avg: 0.0, Max: 0.0, Diff: 0.0, Sum: 0.1]
      [GC Worker Total (ms): Min: 57.1, Avg: 57.2, Max: 57.3, Diff: 0.3, Sum: 457.6]
      [GC Worker End (ms): Min: 944.9, Avg: 944.9, Max: 944.9, Diff: 0.0]
   [Code Root Fixup: 0.0 ms]
   [Code Root Purge: 0.0 ms]
   [Clear CT: 0.4 ms]
   [Other: 1.3 ms]
      [Choose CSet: 0.0 ms]
      [Ref Proc: 0.5 ms]
      [Ref Enq: 0.0 ms]
      [Redirty Cards: 0.5 ms]
      [Humongous Register: 0.0 ms]
      [Humongous Reclaim: 0.0 ms]
      [Free CSet: 0.1 ms]
   [Eden: 418.0M(418.0M)->0.0B(482.0M) Survivors: 49152.0K->61440.0K Heap: 1243.0M(4096.0M)->950.4M(4096.0M)]
 [Times: user=0.14 sys=0.31, real=0.06 secs] 
2021-01-22T00:37:24.736+0800: 1.000: [GC pause (G1 Evacuation Pause) (young), 0.0633904 secs]
   [Parallel Time: 61.3 ms, GC Workers: 8]
      [GC Worker Start (ms): Min: 999.9, Avg: 1000.1, Max: 1000.2, Diff: 0.3]
      [Ext Root Scanning (ms): Min: 0.0, Avg: 0.1, Max: 0.2, Diff: 0.2, Sum: 0.4]
      [Update RS (ms): Min: 0.0, Avg: 0.1, Max: 0.2, Diff: 0.2, Sum: 0.7]
         [Processed Buffers: Min: 0, Avg: 1.1, Max: 2, Diff: 2, Sum: 9]
      [Scan RS (ms): Min: 0.0, Avg: 0.0, Max: 0.1, Diff: 0.0, Sum: 0.2]
      [Code Root Scanning (ms): Min: 0.0, Avg: 0.0, Max: 0.0, Diff: 0.0, Sum: 0.0]
      [Object Copy (ms): Min: 59.1, Avg: 59.5, Max: 60.4, Diff: 1.4, Sum: 476.2]
      [Termination (ms): Min: 0.0, Avg: 0.9, Max: 1.4, Diff: 1.4, Sum: 7.3]
         [Termination Attempts: Min: 1, Avg: 1.0, Max: 1, Diff: 0, Sum: 8]
      [GC Worker Other (ms): Min: 0.0, Avg: 0.0, Max: 0.0, Diff: 0.0, Sum: 0.1]
      [GC Worker Total (ms): Min: 60.5, Avg: 60.6, Max: 60.8, Diff: 0.3, Sum: 484.9]
      [GC Worker End (ms): Min: 1060.7, Avg: 1060.7, Max: 1060.7, Diff: 0.0]
   [Code Root Fixup: 0.0 ms]
   [Code Root Purge: 0.0 ms]
   [Clear CT: 0.6 ms]
   [Other: 1.5 ms]
      [Choose CSet: 0.0 ms]
      [Ref Proc: 0.6 ms]
      [Ref Enq: 0.0 ms]
      [Redirty Cards: 0.6 ms]
      [Humongous Register: 0.0 ms]
      [Humongous Reclaim: 0.0 ms]
      [Free CSet: 0.1 ms]
   [Eden: 482.0M(482.0M)->0.0B(518.0M) Survivors: 61440.0K->69632.0K Heap: 1432.4M(4096.0M)->1075.2M(4096.0M)]
 [Times: user=0.11 sys=0.37, real=0.07 secs] 
2021-01-22T00:37:24.859+0800: 1.123: [GC pause (G1 Evacuation Pause) (young), 0.0563863 secs]
   [Parallel Time: 54.8 ms, GC Workers: 8]
      [GC Worker Start (ms): Min: 1123.1, Avg: 1123.3, Max: 1123.4, Diff: 0.3]
      [Ext Root Scanning (ms): Min: 0.0, Avg: 0.1, Max: 0.2, Diff: 0.2, Sum: 0.5]
      [Update RS (ms): Min: 0.0, Avg: 0.1, Max: 0.2, Diff: 0.2, Sum: 0.5]
         [Processed Buffers: Min: 0, Avg: 1.1, Max: 2, Diff: 2, Sum: 9]
      [Scan RS (ms): Min: 0.0, Avg: 0.0, Max: 0.1, Diff: 0.0, Sum: 0.3]
      [Code Root Scanning (ms): Min: 0.0, Avg: 0.0, Max: 0.0, Diff: 0.0, Sum: 0.0]
      [Object Copy (ms): Min: 53.5, Avg: 53.8, Max: 54.0, Diff: 0.5, Sum: 430.1]
      [Termination (ms): Min: 0.0, Avg: 0.3, Max: 0.6, Diff: 0.6, Sum: 2.3]
         [Termination Attempts: Min: 1, Avg: 1.0, Max: 1, Diff: 0, Sum: 8]
      [GC Worker Other (ms): Min: 0.0, Avg: 0.0, Max: 0.1, Diff: 0.1, Sum: 0.2]
      [GC Worker Total (ms): Min: 54.1, Avg: 54.2, Max: 54.5, Diff: 0.4, Sum: 434.0]
      [GC Worker End (ms): Min: 1177.5, Avg: 1177.6, Max: 1177.6, Diff: 0.1]
   [Code Root Fixup: 0.0 ms]
   [Code Root Purge: 0.0 ms]
   [Clear CT: 0.4 ms]
   [Other: 1.2 ms]
      [Choose CSet: 0.0 ms]
      [Ref Proc: 0.4 ms]
      [Ref Enq: 0.0 ms]
      [Redirty Cards: 0.4 ms]
      [Humongous Register: 0.0 ms]
      [Humongous Reclaim: 0.0 ms]
      [Free CSet: 0.1 ms]
   [Eden: 518.0M(518.0M)->0.0B(628.0M) Survivors: 69632.0K->75776.0K Heap: 1593.2M(4096.0M)->1186.9M(4096.0M)]
 [Times: user=0.16 sys=0.27, real=0.05 secs] 
2021-01-22T00:37:24.993+0800: 1.257: [GC pause (G1 Evacuation Pause) (young), 0.0768628 secs]
   [Parallel Time: 74.9 ms, GC Workers: 8]
      [GC Worker Start (ms): Min: 1256.8, Avg: 1257.0, Max: 1257.1, Diff: 0.3]
      [Ext Root Scanning (ms): Min: 0.0, Avg: 0.1, Max: 0.2, Diff: 0.2, Sum: 0.5]
      [Update RS (ms): Min: 0.0, Avg: 0.1, Max: 0.1, Diff: 0.1, Sum: 0.5]
         [Processed Buffers: Min: 0, Avg: 1.1, Max: 2, Diff: 2, Sum: 9]
      [Scan RS (ms): Min: 0.0, Avg: 0.0, Max: 0.1, Diff: 0.1, Sum: 0.4]
      [Code Root Scanning (ms): Min: 0.0, Avg: 0.0, Max: 0.0, Diff: 0.0, Sum: 0.0]
      [Object Copy (ms): Min: 73.7, Avg: 73.9, Max: 74.1, Diff: 0.4, Sum: 591.1]
      [Termination (ms): Min: 0.0, Avg: 0.2, Max: 0.4, Diff: 0.4, Sum: 1.8]
         [Termination Attempts: Min: 1, Avg: 1.0, Max: 1, Diff: 0, Sum: 8]
      [GC Worker Other (ms): Min: 0.0, Avg: 0.0, Max: 0.0, Diff: 0.0, Sum: 0.1]
      [GC Worker Total (ms): Min: 74.1, Avg: 74.3, Max: 74.5, Diff: 0.3, Sum: 594.4]
      [GC Worker End (ms): Min: 1331.3, Avg: 1331.3, Max: 1331.3, Diff: 0.0]
   [Code Root Fixup: 0.0 ms]
   [Code Root Purge: 0.0 ms]
   [Clear CT: 0.6 ms]
   [Other: 1.4 ms]
      [Choose CSet: 0.0 ms]
      [Ref Proc: 0.5 ms]
      [Ref Enq: 0.0 ms]
      [Redirty Cards: 0.5 ms]
      [Humongous Register: 0.0 ms]
      [Humongous Reclaim: 0.0 ms]
      [Free CSet: 0.2 ms]
   [Eden: 628.0M(628.0M)->0.0B(1266.0M) Survivors: 75776.0K->90112.0K Heap: 1814.9M(4096.0M)->1340.8M(4096.0M)]
 [Times: user=0.16 sys=0.41, real=0.08 secs] 
2021-01-22T00:37:25.298+0800: 1.562: [GC pause (G1 Evacuation Pause) (young), 0.1081885 secs]
   [Parallel Time: 106.2 ms, GC Workers: 8]
      [GC Worker Start (ms): Min: 1562.6, Avg: 1562.9, Max: 1563.1, Diff: 0.5]
      [Ext Root Scanning (ms): Min: 0.0, Avg: 0.1, Max: 0.3, Diff: 0.3, Sum: 0.7]
      [Update RS (ms): Min: 0.0, Avg: 0.1, Max: 0.2, Diff: 0.2, Sum: 0.6]
         [Processed Buffers: Min: 0, Avg: 1.1, Max: 3, Diff: 3, Sum: 9]
      [Scan RS (ms): Min: 0.0, Avg: 0.1, Max: 0.4, Diff: 0.3, Sum: 0.9]
      [Code Root Scanning (ms): Min: 0.0, Avg: 0.0, Max: 0.0, Diff: 0.0, Sum: 0.0]
      [Object Copy (ms): Min: 104.2, Avg: 104.5, Max: 105.2, Diff: 0.9, Sum: 836.0]
      [Termination (ms): Min: 0.0, Avg: 0.7, Max: 0.9, Diff: 0.9, Sum: 5.2]
         [Termination Attempts: Min: 1, Avg: 1.0, Max: 1, Diff: 0, Sum: 8]
      [GC Worker Other (ms): Min: 0.0, Avg: 0.0, Max: 0.1, Diff: 0.1, Sum: 0.2]
      [GC Worker Total (ms): Min: 105.2, Avg: 105.5, Max: 105.8, Diff: 0.5, Sum: 843.8]
      [GC Worker End (ms): Min: 1668.3, Avg: 1668.3, Max: 1668.4, Diff: 0.1]
   [Code Root Fixup: 0.0 ms]
   [Code Root Purge: 0.0 ms]
   [Clear CT: 0.5 ms]
   [Other: 1.4 ms]
      [Choose CSet: 0.0 ms]
      [Ref Proc: 0.4 ms]
      [Ref Enq: 0.0 ms]
      [Redirty Cards: 0.4 ms]
      [Humongous Register: 0.1 ms]
      [Humongous Reclaim: 0.0 ms]
      [Free CSet: 0.2 ms]
   [Eden: 1266.0M(1266.0M)->0.0B(820.0M) Survivors: 90112.0K->170.0M Heap: 2606.8M(4096.0M)->1545.4M(4096.0M)]
 [Times: user=0.15 sys=0.67, real=0.10 secs] 
2021-01-22T00:37:25.494+0800: 1.758: [GC pause (G1 Evacuation Pause) (young), 0.0749847 secs]
   [Parallel Time: 72.7 ms, GC Workers: 8]
      [GC Worker Start (ms): Min: 1758.2, Avg: 1758.4, Max: 1758.6, Diff: 0.3]
      [Ext Root Scanning (ms): Min: 0.0, Avg: 0.1, Max: 0.2, Diff: 0.2, Sum: 0.5]
      [Update RS (ms): Min: 0.0, Avg: 0.1, Max: 0.1, Diff: 0.1, Sum: 0.5]
         [Processed Buffers: Min: 0, Avg: 1.1, Max: 2, Diff: 2, Sum: 9]
      [Scan RS (ms): Min: 0.0, Avg: 0.1, Max: 0.1, Diff: 0.1, Sum: 0.4]
      [Code Root Scanning (ms): Min: 0.0, Avg: 0.0, Max: 0.0, Diff: 0.0, Sum: 0.0]
      [Object Copy (ms): Min: 71.3, Avg: 71.7, Max: 71.9, Diff: 0.5, Sum: 573.7]
      [Termination (ms): Min: 0.0, Avg: 0.2, Max: 0.5, Diff: 0.5, Sum: 1.4]
         [Termination Attempts: Min: 1, Avg: 1.0, Max: 1, Diff: 0, Sum: 8]
      [GC Worker Other (ms): Min: 0.0, Avg: 0.0, Max: 0.1, Diff: 0.1, Sum: 0.2]
      [GC Worker Total (ms): Min: 72.0, Avg: 72.1, Max: 72.3, Diff: 0.3, Sum: 576.8]
      [GC Worker End (ms): Min: 1830.5, Avg: 1830.5, Max: 1830.6, Diff: 0.1]
   [Code Root Fixup: 0.0 ms]
   [Code Root Purge: 0.0 ms]
   [Clear CT: 0.6 ms]
   [Other: 1.6 ms]
      [Choose CSet: 0.0 ms]
      [Ref Proc: 0.6 ms]
      [Ref Enq: 0.0 ms]
      [Redirty Cards: 0.6 ms]
      [Humongous Register: 0.0 ms]
      [Humongous Reclaim: 0.0 ms]
      [Free CSet: 0.2 ms]
   [Eden: 820.0M(820.0M)->0.0B(1092.0M) Survivors: 170.0M->124.0M Heap: 2365.4M(4096.0M)->1681.3M(4096.0M)]
 [Times: user=0.20 sys=0.36, real=0.08 secs] 
2021-01-22T00:37:25.688+0800: 1.952: [GC pause (G1 Evacuation Pause) (young), 0.0657596 secs]
   [Parallel Time: 62.8 ms, GC Workers: 8]
      [GC Worker Start (ms): Min: 1952.2, Avg: 1952.4, Max: 1952.6, Diff: 0.4]
      [Ext Root Scanning (ms): Min: 0.0, Avg: 0.1, Max: 0.2, Diff: 0.2, Sum: 0.4]
      [Update RS (ms): Min: 0.0, Avg: 0.1, Max: 0.2, Diff: 0.2, Sum: 0.5]
         [Processed Buffers: Min: 0, Avg: 1.1, Max: 2, Diff: 2, Sum: 9]
      [Scan RS (ms): Min: 0.0, Avg: 0.1, Max: 0.1, Diff: 0.1, Sum: 0.6]
      [Code Root Scanning (ms): Min: 0.0, Avg: 0.0, Max: 0.0, Diff: 0.0, Sum: 0.0]
      [Object Copy (ms): Min: 61.1, Avg: 61.2, Max: 61.7, Diff: 0.7, Sum: 489.9]
      [Termination (ms): Min: 0.0, Avg: 0.5, Max: 0.7, Diff: 0.7, Sum: 4.3]
         [Termination Attempts: Min: 1, Avg: 1.0, Max: 1, Diff: 0, Sum: 8]
      [GC Worker Other (ms): Min: 0.0, Avg: 0.0, Max: 0.0, Diff: 0.0, Sum: 0.1]
      [GC Worker Total (ms): Min: 61.8, Avg: 62.0, Max: 62.2, Diff: 0.4, Sum: 495.7]
      [GC Worker End (ms): Min: 2014.4, Avg: 2014.4, Max: 2014.4, Diff: 0.1]
   [Code Root Fixup: 0.0 ms]
   [Code Root Purge: 0.0 ms]
   [Clear CT: 0.9 ms]
   [Other: 2.1 ms]
      [Choose CSet: 0.0 ms]
      [Ref Proc: 0.5 ms]
      [Ref Enq: 0.0 ms]
      [Redirty Cards: 1.1 ms]
      [Humongous Register: 0.0 ms]
      [Humongous Reclaim: 0.0 ms]
      [Free CSet: 0.3 ms]
   [Eden: 1092.0M(1092.0M)->0.0B(1354.0M) Survivors: 124.0M->152.0M Heap: 2773.3M(4096.0M)->1855.2M(4096.0M)]
 [Times: user=0.12 sys=0.37, real=0.06 secs] 
2021-01-22T00:37:25.905+0800: 2.169: [GC pause (G1 Evacuation Pause) (young), 0.1070968 secs]
   [Parallel Time: 104.8 ms, GC Workers: 8]
      [GC Worker Start (ms): Min: 2169.5, Avg: 2169.7, Max: 2169.8, Diff: 0.3]
      [Ext Root Scanning (ms): Min: 0.0, Avg: 0.1, Max: 0.2, Diff: 0.2, Sum: 0.4]
      [Update RS (ms): Min: 0.0, Avg: 0.1, Max: 0.2, Diff: 0.2, Sum: 0.4]
         [Processed Buffers: Min: 0, Avg: 1.1, Max: 3, Diff: 3, Sum: 9]
      [Scan RS (ms): Min: 0.0, Avg: 0.1, Max: 0.1, Diff: 0.1, Sum: 0.7]
      [Code Root Scanning (ms): Min: 0.0, Avg: 0.0, Max: 0.0, Diff: 0.0, Sum: 0.0]
      [Object Copy (ms): Min: 103.3, Avg: 103.4, Max: 103.6, Diff: 0.3, Sum: 827.5]
      [Termination (ms): Min: 0.0, Avg: 0.2, Max: 0.4, Diff: 0.3, Sum: 1.4]
         [Termination Attempts: Min: 1, Avg: 1.2, Max: 2, Diff: 1, Sum: 10]
      [GC Worker Other (ms): Min: 0.0, Avg: 0.0, Max: 0.0, Diff: 0.0, Sum: 0.1]
      [GC Worker Total (ms): Min: 103.7, Avg: 103.8, Max: 104.0, Diff: 0.3, Sum: 830.7]
      [GC Worker End (ms): Min: 2273.5, Avg: 2273.5, Max: 2273.5, Diff: 0.0]
   [Code Root Fixup: 0.0 ms]
   [Code Root Purge: 0.0 ms]
   [Clear CT: 0.4 ms]
   [Other: 1.9 ms]
      [Choose CSet: 0.0 ms]
      [Ref Proc: 0.6 ms]
      [Ref Enq: 0.0 ms]
      [Redirty Cards: 0.8 ms]
      [Humongous Register: 0.1 ms]
      [Humongous Reclaim: 0.0 ms]
      [Free CSet: 0.2 ms]
   [Eden: 1354.0M(1354.0M)->0.0B(1296.0M) Survivors: 152.0M->190.0M Heap: 3209.2M(4096.0M)->2041.4M(4096.0M)]
 [Times: user=0.21 sys=0.57, real=0.11 secs] 
2021-01-22T00:37:26.158+0800: 2.421: [GC pause (G1 Evacuation Pause) (young) (initial-mark), 0.0683462 secs]
   [Parallel Time: 66.0 ms, GC Workers: 8]
      [GC Worker Start (ms): Min: 2421.6, Avg: 2421.8, Max: 2422.1, Diff: 0.4]
      [Ext Root Scanning (ms): Min: 0.1, Avg: 0.4, Max: 0.7, Diff: 0.6, Sum: 3.5]
      [Update RS (ms): Min: 0.0, Avg: 0.1, Max: 0.2, Diff: 0.2, Sum: 0.4]
         [Processed Buffers: Min: 0, Avg: 1.1, Max: 4, Diff: 4, Sum: 9]
      [Scan RS (ms): Min: 0.0, Avg: 0.1, Max: 0.1, Diff: 0.1, Sum: 0.6]
      [Code Root Scanning (ms): Min: 0.0, Avg: 0.0, Max: 0.0, Diff: 0.0, Sum: 0.0]
      [Object Copy (ms): Min: 61.2, Avg: 61.8, Max: 64.6, Diff: 3.4, Sum: 494.1]
      [Termination (ms): Min: 0.0, Avg: 2.8, Max: 3.4, Diff: 3.4, Sum: 22.7]
         [Termination Attempts: Min: 1, Avg: 1.2, Max: 2, Diff: 1, Sum: 10]
      [GC Worker Other (ms): Min: 0.0, Avg: 0.0, Max: 0.1, Diff: 0.1, Sum: 0.2]
      [GC Worker Total (ms): Min: 65.0, Avg: 65.2, Max: 65.5, Diff: 0.5, Sum: 521.5]
      [GC Worker End (ms): Min: 2487.0, Avg: 2487.0, Max: 2487.1, Diff: 0.1]
   [Code Root Fixup: 0.0 ms]
   [Code Root Purge: 0.0 ms]
   [Clear CT: 0.7 ms]
   [Other: 1.7 ms]
      [Choose CSet: 0.0 ms]
      [Ref Proc: 0.5 ms]
      [Ref Enq: 0.0 ms]
      [Redirty Cards: 0.7 ms]
      [Humongous Register: 0.0 ms]
      [Humongous Reclaim: 0.0 ms]
      [Free CSet: 0.2 ms]
   [Eden: 1296.0M(1296.0M)->0.0B(1194.0M) Survivors: 190.0M->186.0M Heap: 3337.4M(4096.0M)->2175.6M(4096.0M)]
 [Times: user=0.20 sys=0.32, real=0.07 secs] 
2021-01-22T00:37:26.227+0800: 2.490: [GC concurrent-root-region-scan-start]
2021-01-22T00:37:26.227+0800: 2.491: [GC concurrent-root-region-scan-end, 0.0005947 secs]
2021-01-22T00:37:26.227+0800: 2.491: [GC concurrent-mark-start]
2021-01-22T00:37:26.234+0800: 2.498: [GC concurrent-mark-end, 0.0069237 secs]
2021-01-22T00:37:26.234+0800: 2.498: [GC remark 2021-01-22T00:37:26.235+0800: 2.499: [Finalize Marking, 0.0019872 secs] 2021-01-22T00:37:26.237+0800: 2.501: [GC ref-proc, 0.0005003 secs] 2021-01-22T00:37:26.238+0800: 2.502: [Unloading, 0.0013687 secs], 0.0060443 secs]
 [Times: user=0.01 sys=0.01, real=0.01 secs] 
2021-01-22T00:37:26.241+0800: 2.505: [GC cleanup 2224M->678M(4096M), 0.0044766 secs]
 [Times: user=0.01 sys=0.01, real=0.00 secs] 
2021-01-22T00:37:26.246+0800: 2.510: [GC concurrent-cleanup-start]
2021-01-22T00:37:26.248+0800: 2.512: [GC concurrent-cleanup-end, 0.0012612 secs]
2021-01-22T00:37:26.380+0800: 2.644: [GC pause (G1 Evacuation Pause) (young), 0.0353254 secs]
   [Parallel Time: 32.4 ms, GC Workers: 8]
      [GC Worker Start (ms): Min: 2644.5, Avg: 2644.6, Max: 2644.8, Diff: 0.3]
      [Ext Root Scanning (ms): Min: 0.0, Avg: 0.1, Max: 0.2, Diff: 0.2, Sum: 0.6]
      [Update RS (ms): Min: 0.1, Avg: 1.4, Max: 10.2, Diff: 10.1, Sum: 10.9]
         [Processed Buffers: Min: 0, Avg: 1.1, Max: 2, Diff: 2, Sum: 9]
      [Scan RS (ms): Min: 0.0, Avg: 0.1, Max: 0.5, Diff: 0.5, Sum: 1.1]
      [Code Root Scanning (ms): Min: 0.0, Avg: 0.0, Max: 0.0, Diff: 0.0, Sum: 0.0]
      [Object Copy (ms): Min: 20.9, Avg: 30.1, Max: 31.5, Diff: 10.6, Sum: 240.9]
      [Termination (ms): Min: 0.0, Avg: 0.1, Max: 0.2, Diff: 0.2, Sum: 1.0]
         [Termination Attempts: Min: 1, Avg: 1.0, Max: 1, Diff: 0, Sum: 8]
      [GC Worker Other (ms): Min: 0.0, Avg: 0.0, Max: 0.0, Diff: 0.0, Sum: 0.1]
      [GC Worker Total (ms): Min: 31.7, Avg: 31.8, Max: 32.0, Diff: 0.2, Sum: 254.7]
      [GC Worker End (ms): Min: 2676.5, Avg: 2676.5, Max: 2676.5, Diff: 0.1]
   [Code Root Fixup: 0.0 ms]
   [Code Root Purge: 0.0 ms]
   [Clear CT: 0.8 ms]
   [Other: 2.1 ms]
      [Choose CSet: 0.0 ms]
      [Ref Proc: 0.7 ms]
      [Ref Enq: 0.0 ms]
      [Redirty Cards: 0.8 ms]
      [Humongous Register: 0.0 ms]
      [Humongous Reclaim: 0.0 ms]
      [Free CSet: 0.3 ms]
   [Eden: 1194.0M(1194.0M)->0.0B(30720.0K) Survivors: 186.0M->174.0M Heap: 1823.6M(4096.0M)->787.0M(4096.0M)]
 [Times: user=0.24 sys=0.01, real=0.03 secs] 
2021-01-22T00:37:26.419+0800: 2.683: [GC pause (G1 Evacuation Pause) (mixed), 0.0199159 secs]
   [Parallel Time: 17.2 ms, GC Workers: 8]
      [GC Worker Start (ms): Min: 2683.3, Avg: 2683.4, Max: 2683.5, Diff: 0.3]
      [Ext Root Scanning (ms): Min: 0.0, Avg: 0.1, Max: 0.2, Diff: 0.2, Sum: 0.5]
      [Update RS (ms): Min: 0.0, Avg: 0.1, Max: 0.2, Diff: 0.2, Sum: 0.4]
         [Processed Buffers: Min: 0, Avg: 1.1, Max: 2, Diff: 2, Sum: 9]
      [Scan RS (ms): Min: 0.0, Avg: 0.0, Max: 0.0, Diff: 0.0, Sum: 0.3]
      [Code Root Scanning (ms): Min: 0.0, Avg: 0.0, Max: 0.0, Diff: 0.0, Sum: 0.0]
      [Object Copy (ms): Min: 16.1, Avg: 16.3, Max: 16.7, Diff: 0.6, Sum: 130.5]
      [Termination (ms): Min: 0.0, Avg: 0.4, Max: 0.6, Diff: 0.6, Sum: 3.4]
         [Termination Attempts: Min: 1, Avg: 1.0, Max: 1, Diff: 0, Sum: 8]
      [GC Worker Other (ms): Min: 0.0, Avg: 0.0, Max: 0.0, Diff: 0.0, Sum: 0.1]
      [GC Worker Total (ms): Min: 16.8, Avg: 16.9, Max: 17.0, Diff: 0.3, Sum: 135.2]
      [GC Worker End (ms): Min: 2700.3, Avg: 2700.3, Max: 2700.3, Diff: 0.0]
   [Code Root Fixup: 0.0 ms]
   [Code Root Purge: 0.0 ms]
   [Clear CT: 0.9 ms]
   [Other: 1.9 ms]
      [Choose CSet: 0.0 ms]
      [Ref Proc: 0.8 ms]
      [Ref Enq: 0.0 ms]
      [Redirty Cards: 0.8 ms]
      [Humongous Register: 0.1 ms]
      [Humongous Reclaim: 0.0 ms]
      [Free CSet: 0.1 ms]
   [Eden: 30720.0K(30720.0K)->0.0B(2444.0M) Survivors: 174.0M->12288.0K Heap: 817.0M(4096.0M)->744.8M(4096.0M)]
 [Times: user=0.11 sys=0.03, real=0.02 secs] 
2021-01-22T00:37:26.793+0800: 3.057: [GC pause (G1 Evacuation Pause) (young), 0.0431864 secs]
   [Parallel Time: 39.6 ms, GC Workers: 8]
      [GC Worker Start (ms): Min: 3057.6, Avg: 3058.3, Max: 3062.1, Diff: 4.5]
      [Ext Root Scanning (ms): Min: 0.0, Avg: 0.1, Max: 0.2, Diff: 0.2, Sum: 0.6]
      [Update RS (ms): Min: 0.0, Avg: 0.1, Max: 0.1, Diff: 0.1, Sum: 0.5]
         [Processed Buffers: Min: 0, Avg: 1.1, Max: 2, Diff: 2, Sum: 9]
      [Scan RS (ms): Min: 0.2, Avg: 0.2, Max: 0.6, Diff: 0.4, Sum: 1.8]
      [Code Root Scanning (ms): Min: 0.0, Avg: 0.0, Max: 0.0, Diff: 0.0, Sum: 0.0]
      [Object Copy (ms): Min: 32.0, Avg: 36.2, Max: 38.3, Diff: 6.3, Sum: 289.8]
      [Termination (ms): Min: 0.0, Avg: 1.5, Max: 2.1, Diff: 2.1, Sum: 12.2]
         [Termination Attempts: Min: 1, Avg: 1.0, Max: 1, Diff: 0, Sum: 8]
      [GC Worker Other (ms): Min: 0.0, Avg: 0.1, Max: 0.2, Diff: 0.2, Sum: 0.5]
      [GC Worker Total (ms): Min: 34.4, Avg: 38.2, Max: 38.9, Diff: 4.5, Sum: 305.6]
      [GC Worker End (ms): Min: 3096.5, Avg: 3096.5, Max: 3096.6, Diff: 0.2]
   [Code Root Fixup: 0.0 ms]
   [Code Root Purge: 0.0 ms]
   [Clear CT: 1.0 ms]
   [Other: 2.6 ms]
      [Choose CSet: 0.0 ms]
      [Ref Proc: 0.4 ms]
      [Ref Enq: 0.0 ms]
      [Redirty Cards: 1.0 ms]
      [Humongous Register: 0.0 ms]
      [Humongous Reclaim: 0.0 ms]
      [Free CSet: 0.9 ms]
   [Eden: 2444.0M(2444.0M)->0.0B(2148.0M) Survivors: 12288.0K->308.0M Heap: 3188.8M(4096.0M)->1096.8M(4096.0M)]
 [Times: user=0.31 sys=0.00, real=0.04 secs] 
2021-01-22T00:37:27.099+0800: 3.363: [GC pause (G1 Evacuation Pause) (young), 0.0434495 secs]
   [Parallel Time: 38.4 ms, GC Workers: 8]
      [GC Worker Start (ms): Min: 3362.9, Avg: 3363.1, Max: 3363.2, Diff: 0.4]
      [Ext Root Scanning (ms): Min: 0.0, Avg: 0.1, Max: 0.2, Diff: 0.2, Sum: 0.5]
      [Update RS (ms): Min: 0.0, Avg: 0.1, Max: 0.1, Diff: 0.1, Sum: 0.5]
         [Processed Buffers: Min: 0, Avg: 1.1, Max: 2, Diff: 2, Sum: 9]
      [Scan RS (ms): Min: 0.2, Avg: 0.2, Max: 0.2, Diff: 0.1, Sum: 1.5]
      [Code Root Scanning (ms): Min: 0.0, Avg: 0.0, Max: 0.0, Diff: 0.0, Sum: 0.0]
      [Object Copy (ms): Min: 35.7, Avg: 36.1, Max: 37.2, Diff: 1.5, Sum: 288.8]
      [Termination (ms): Min: 0.0, Avg: 1.1, Max: 1.5, Diff: 1.5, Sum: 9.0]
         [Termination Attempts: Min: 1, Avg: 1.0, Max: 1, Diff: 0, Sum: 8]
      [GC Worker Other (ms): Min: 0.0, Avg: 0.1, Max: 0.2, Diff: 0.1, Sum: 0.4]
      [GC Worker Total (ms): Min: 37.4, Avg: 37.6, Max: 37.8, Diff: 0.4, Sum: 300.7]
      [GC Worker End (ms): Min: 3400.6, Avg: 3400.7, Max: 3400.8, Diff: 0.2]
   [Code Root Fixup: 0.0 ms]
   [Code Root Purge: 0.0 ms]
   [Clear CT: 1.0 ms]
   [Other: 4.0 ms]
      [Choose CSet: 0.0 ms]
      [Ref Proc: 1.2 ms]
      [Ref Enq: 0.0 ms]
      [Redirty Cards: 1.8 ms]
      [Humongous Register: 0.0 ms]
      [Humongous Reclaim: 0.0 ms]
      [Free CSet: 0.8 ms]
   [Eden: 2148.0M(2148.0M)->0.0B(2092.0M) Survivors: 308.0M->308.0M Heap: 3244.8M(4096.0M)->1167.6M(4096.0M)]
 [Times: user=0.29 sys=0.01, real=0.04 secs] 
2021-01-22T00:37:27.410+0800: 3.674: [GC pause (G1 Evacuation Pause) (young), 0.0404021 secs]
   [Parallel Time: 36.9 ms, GC Workers: 8]
      [GC Worker Start (ms): Min: 3674.5, Avg: 3674.7, Max: 3674.8, Diff: 0.3]
      [Ext Root Scanning (ms): Min: 0.0, Avg: 0.1, Max: 0.2, Diff: 0.2, Sum: 0.5]
      [Update RS (ms): Min: 0.0, Avg: 1.0, Max: 7.7, Diff: 7.7, Sum: 8.2]
         [Processed Buffers: Min: 0, Avg: 1.1, Max: 2, Diff: 2, Sum: 9]
      [Scan RS (ms): Min: 0.1, Avg: 0.2, Max: 0.5, Diff: 0.3, Sum: 1.7]
      [Code Root Scanning (ms): Min: 0.0, Avg: 0.0, Max: 0.0, Diff: 0.0, Sum: 0.0]
      [Object Copy (ms): Min: 27.0, Avg: 34.1, Max: 35.7, Diff: 8.7, Sum: 273.0]
      [Termination (ms): Min: 0.0, Avg: 0.6, Max: 0.8, Diff: 0.8, Sum: 4.6]
         [Termination Attempts: Min: 1, Avg: 1.1, Max: 2, Diff: 1, Sum: 9]
      [GC Worker Other (ms): Min: 0.0, Avg: 0.0, Max: 0.0, Diff: 0.0, Sum: 0.1]
      [GC Worker Total (ms): Min: 35.9, Avg: 36.0, Max: 36.2, Diff: 0.3, Sum: 288.2]
      [GC Worker End (ms): Min: 3710.7, Avg: 3710.7, Max: 3710.7, Diff: 0.1]
   [Code Root Fixup: 0.0 ms]
   [Code Root Purge: 0.0 ms]
   [Clear CT: 0.8 ms]
   [Other: 2.7 ms]
      [Choose CSet: 0.0 ms]
      [Ref Proc: 0.8 ms]
      [Ref Enq: 0.0 ms]
      [Redirty Cards: 1.1 ms]
      [Humongous Register: 0.0 ms]
      [Humongous Reclaim: 0.0 ms]
      [Free CSet: 0.5 ms]
   [Eden: 2092.0M(2092.0M)->0.0B(2044.0M) Survivors: 308.0M->300.0M Heap: 3259.6M(4096.0M)->1233.7M(4096.0M)]
 [Times: user=0.29 sys=0.00, real=0.04 secs] 
2021-01-22T00:37:27.689+0800: 3.953: [GC pause (G1 Evacuation Pause) (young), 0.0398331 secs]
   [Parallel Time: 36.1 ms, GC Workers: 8]
      [GC Worker Start (ms): Min: 3953.4, Avg: 3953.6, Max: 3953.8, Diff: 0.4]
      [Ext Root Scanning (ms): Min: 0.0, Avg: 0.0, Max: 0.2, Diff: 0.2, Sum: 0.4]
      [Update RS (ms): Min: 0.0, Avg: 0.0, Max: 0.2, Diff: 0.2, Sum: 0.4]
         [Processed Buffers: Min: 0, Avg: 1.1, Max: 3, Diff: 3, Sum: 9]
      [Scan RS (ms): Min: 0.1, Avg: 0.2, Max: 0.2, Diff: 0.1, Sum: 1.3]
      [Code Root Scanning (ms): Min: 0.0, Avg: 0.0, Max: 0.0, Diff: 0.0, Sum: 0.0]
      [Object Copy (ms): Min: 34.7, Avg: 34.8, Max: 34.8, Diff: 0.1, Sum: 278.2]
      [Termination (ms): Min: 0.0, Avg: 0.1, Max: 0.1, Diff: 0.1, Sum: 0.5]
         [Termination Attempts: Min: 1, Avg: 1.2, Max: 2, Diff: 1, Sum: 10]
      [GC Worker Other (ms): Min: 0.0, Avg: 0.1, Max: 0.2, Diff: 0.2, Sum: 0.5]
      [GC Worker Total (ms): Min: 35.0, Avg: 35.2, Max: 35.4, Diff: 0.5, Sum: 281.3]
      [GC Worker End (ms): Min: 3988.7, Avg: 3988.8, Max: 3988.9, Diff: 0.2]
   [Code Root Fixup: 0.0 ms]
   [Code Root Purge: 0.0 ms]
   [Clear CT: 1.0 ms]
   [Other: 2.7 ms]
      [Choose CSet: 0.0 ms]
      [Ref Proc: 1.1 ms]
      [Ref Enq: 0.0 ms]
      [Redirty Cards: 1.0 ms]
      [Humongous Register: 0.0 ms]
      [Humongous Reclaim: 0.0 ms]
      [Free CSet: 0.5 ms]
   [Eden: 2044.0M(2044.0M)->0.0B(1972.0M) Survivors: 300.0M->294.0M Heap: 3277.7M(4096.0M)->1313.0M(4096.0M)]
 [Times: user=0.28 sys=0.01, real=0.04 secs] 
2021-01-22T00:37:27.961+0800: 4.225: [GC pause (G1 Evacuation Pause) (young), 0.0406495 secs]
   [Parallel Time: 36.7 ms, GC Workers: 8]
      [GC Worker Start (ms): Min: 4225.1, Avg: 4225.3, Max: 4225.5, Diff: 0.4]
      [Ext Root Scanning (ms): Min: 0.0, Avg: 0.1, Max: 0.2, Diff: 0.2, Sum: 0.4]
      [Update RS (ms): Min: 0.0, Avg: 0.1, Max: 0.1, Diff: 0.1, Sum: 0.5]
         [Processed Buffers: Min: 0, Avg: 1.1, Max: 3, Diff: 3, Sum: 9]
      [Scan RS (ms): Min: 0.1, Avg: 0.2, Max: 0.2, Diff: 0.1, Sum: 1.2]
      [Code Root Scanning (ms): Min: 0.0, Avg: 0.0, Max: 0.0, Diff: 0.0, Sum: 0.0]
      [Object Copy (ms): Min: 35.1, Avg: 35.2, Max: 35.3, Diff: 0.2, Sum: 281.2]
      [Termination (ms): Min: 0.0, Avg: 0.1, Max: 0.2, Diff: 0.2, Sum: 1.0]
         [Termination Attempts: Min: 1, Avg: 1.0, Max: 1, Diff: 0, Sum: 8]
      [GC Worker Other (ms): Min: 0.0, Avg: 0.1, Max: 0.2, Diff: 0.2, Sum: 0.5]
      [GC Worker Total (ms): Min: 35.4, Avg: 35.6, Max: 35.8, Diff: 0.4, Sum: 284.9]
      [GC Worker End (ms): Min: 4260.9, Avg: 4261.0, Max: 4261.1, Diff: 0.2]
   [Code Root Fixup: 0.0 ms]
   [Code Root Purge: 0.0 ms]
   [Clear CT: 1.1 ms]
   [Other: 2.9 ms]
      [Choose CSet: 0.0 ms]
      [Ref Proc: 0.5 ms]
      [Ref Enq: 0.0 ms]
      [Redirty Cards: 1.7 ms]
      [Humongous Register: 0.0 ms]
      [Humongous Reclaim: 0.0 ms]
      [Free CSet: 0.5 ms]
   [Eden: 1972.0M(1972.0M)->0.0B(1870.0M) Survivors: 294.0M->284.0M Heap: 3285.0M(4096.0M)->1414.7M(4096.0M)]
 [Times: user=0.29 sys=0.01, real=0.04 secs] 
2021-01-22T00:37:28.223+0800: 4.487: [GC pause (G1 Evacuation Pause) (young), 0.0399429 secs]
   [Parallel Time: 36.6 ms, GC Workers: 8]
      [GC Worker Start (ms): Min: 4486.8, Avg: 4487.0, Max: 4487.1, Diff: 0.4]
      [Ext Root Scanning (ms): Min: 0.0, Avg: 0.1, Max: 0.2, Diff: 0.2, Sum: 0.5]
      [Update RS (ms): Min: 0.0, Avg: 0.0, Max: 0.1, Diff: 0.1, Sum: 0.4]
         [Processed Buffers: Min: 0, Avg: 1.1, Max: 2, Diff: 2, Sum: 9]
      [Scan RS (ms): Min: 0.1, Avg: 0.1, Max: 0.2, Diff: 0.0, Sum: 1.2]
      [Code Root Scanning (ms): Min: 0.0, Avg: 0.0, Max: 0.0, Diff: 0.0, Sum: 0.0]
      [Object Copy (ms): Min: 35.0, Avg: 35.1, Max: 35.1, Diff: 0.1, Sum: 280.8]
      [Termination (ms): Min: 0.0, Avg: 0.0, Max: 0.1, Diff: 0.1, Sum: 0.2]
         [Termination Attempts: Min: 1, Avg: 1.0, Max: 1, Diff: 0, Sum: 8]
      [GC Worker Other (ms): Min: 0.0, Avg: 0.1, Max: 0.3, Diff: 0.3, Sum: 0.8]
      [GC Worker Total (ms): Min: 35.3, Avg: 35.5, Max: 35.8, Diff: 0.5, Sum: 283.9]
      [GC Worker End (ms): Min: 4522.4, Avg: 4522.5, Max: 4522.6, Diff: 0.3]
   [Code Root Fixup: 0.0 ms]
   [Code Root Purge: 0.0 ms]
   [Clear CT: 1.3 ms]
   [Other: 2.1 ms]
      [Choose CSet: 0.0 ms]
      [Ref Proc: 0.4 ms]
      [Ref Enq: 0.0 ms]
      [Redirty Cards: 1.1 ms]
      [Humongous Register: 0.0 ms]
      [Humongous Reclaim: 0.0 ms]
      [Free CSet: 0.4 ms]
   [Eden: 1870.0M(1870.0M)->0.0B(1784.0M) Survivors: 284.0M->270.0M Heap: 3284.7M(4096.0M)->1510.2M(4096.0M)]
 [Times: user=0.29 sys=0.00, real=0.04 secs] 
2021-01-22T00:37:28.469+0800: 4.733: [GC pause (G1 Evacuation Pause) (young), 0.0471639 secs]
   [Parallel Time: 43.6 ms, GC Workers: 8]
      [GC Worker Start (ms): Min: 4732.9, Avg: 4733.1, Max: 4733.3, Diff: 0.4]
      [Ext Root Scanning (ms): Min: 0.0, Avg: 0.1, Max: 0.2, Diff: 0.2, Sum: 0.5]
      [Update RS (ms): Min: 0.0, Avg: 0.1, Max: 0.1, Diff: 0.1, Sum: 0.4]
         [Processed Buffers: Min: 0, Avg: 1.1, Max: 3, Diff: 3, Sum: 9]
      [Scan RS (ms): Min: 0.1, Avg: 0.1, Max: 0.2, Diff: 0.1, Sum: 1.1]
      [Code Root Scanning (ms): Min: 0.0, Avg: 0.0, Max: 0.0, Diff: 0.0, Sum: 0.0]
      [Object Copy (ms): Min: 37.1, Avg: 38.4, Max: 42.5, Diff: 5.4, Sum: 307.4]
      [Termination (ms): Min: 0.0, Avg: 4.1, Max: 5.5, Diff: 5.5, Sum: 33.0]
         [Termination Attempts: Min: 1, Avg: 1.0, Max: 1, Diff: 0, Sum: 8]
      [GC Worker Other (ms): Min: 0.0, Avg: 0.0, Max: 0.1, Diff: 0.1, Sum: 0.3]
      [GC Worker Total (ms): Min: 42.7, Avg: 42.8, Max: 43.1, Diff: 0.4, Sum: 342.8]
      [GC Worker End (ms): Min: 4775.9, Avg: 4776.0, Max: 4776.0, Diff: 0.1]
   [Code Root Fixup: 0.0 ms]
   [Code Root Purge: 0.0 ms]
   [Clear CT: 0.9 ms]
   [Other: 2.7 ms]
      [Choose CSet: 0.0 ms]
      [Ref Proc: 1.0 ms]
      [Ref Enq: 0.0 ms]
      [Redirty Cards: 1.0 ms]
      [Humongous Register: 0.0 ms]
      [Humongous Reclaim: 0.0 ms]
      [Free CSet: 0.6 ms]
   [Eden: 1784.0M(1784.0M)->0.0B(1676.0M) Survivors: 270.0M->258.0M Heap: 3294.2M(4096.0M)->1624.3M(4096.0M)]
 [Times: user=0.34 sys=0.00, real=0.04 secs] 
2021-01-22T00:37:28.726+0800: 4.990: [GC pause (G1 Evacuation Pause) (young), 0.0476700 secs]
   [Parallel Time: 43.6 ms, GC Workers: 8]
      [GC Worker Start (ms): Min: 4990.4, Avg: 4990.6, Max: 4990.7, Diff: 0.3]
      [Ext Root Scanning (ms): Min: 0.0, Avg: 0.1, Max: 0.2, Diff: 0.2, Sum: 0.5]
      [Update RS (ms): Min: 0.0, Avg: 1.0, Max: 7.3, Diff: 7.3, Sum: 7.7]
         [Processed Buffers: Min: 0, Avg: 1.1, Max: 2, Diff: 2, Sum: 9]
      [Scan RS (ms): Min: 0.1, Avg: 0.2, Max: 0.5, Diff: 0.4, Sum: 1.5]
      [Code Root Scanning (ms): Min: 0.0, Avg: 0.0, Max: 0.0, Diff: 0.0, Sum: 0.0]
      [Object Copy (ms): Min: 35.3, Avg: 36.3, Max: 36.7, Diff: 1.4, Sum: 290.3]
      [Termination (ms): Min: 0.0, Avg: 5.6, Max: 6.5, Diff: 6.5, Sum: 44.9]
         [Termination Attempts: Min: 1, Avg: 1.0, Max: 1, Diff: 0, Sum: 8]
      [GC Worker Other (ms): Min: 0.0, Avg: 0.0, Max: 0.0, Diff: 0.0, Sum: 0.1]
      [GC Worker Total (ms): Min: 43.0, Avg: 43.1, Max: 43.3, Diff: 0.3, Sum: 345.1]
      [GC Worker End (ms): Min: 5033.7, Avg: 5033.7, Max: 5033.8, Diff: 0.0]
   [Code Root Fixup: 0.0 ms]
   [Code Root Purge: 0.0 ms]
   [Clear CT: 1.1 ms]
   [Other: 3.0 ms]
      [Choose CSet: 0.0 ms]
      [Ref Proc: 1.0 ms]
      [Ref Enq: 0.0 ms]
      [Redirty Cards: 1.3 ms]
      [Humongous Register: 0.1 ms]
      [Humongous Reclaim: 0.0 ms]
      [Free CSet: 0.5 ms]
   [Eden: 1676.0M(1676.0M)->0.0B(1564.0M) Survivors: 258.0M->242.0M Heap: 3300.3M(4096.0M)->1747.4M(4096.0M)]
 [Times: user=0.36 sys=0.00, real=0.05 secs] 
2021-01-22T00:37:28.959+0800: 5.223: [GC pause (G1 Evacuation Pause) (young), 0.0408189 secs]
   [Parallel Time: 36.2 ms, GC Workers: 8]
      [GC Worker Start (ms): Min: 5223.3, Avg: 5223.6, Max: 5223.7, Diff: 0.4]
      [Ext Root Scanning (ms): Min: 0.0, Avg: 0.1, Max: 0.3, Diff: 0.3, Sum: 0.6]
      [Update RS (ms): Min: 0.0, Avg: 0.1, Max: 0.1, Diff: 0.1, Sum: 0.5]
         [Processed Buffers: Min: 0, Avg: 1.1, Max: 2, Diff: 2, Sum: 9]
      [Scan RS (ms): Min: 0.1, Avg: 0.1, Max: 0.1, Diff: 0.1, Sum: 1.0]
      [Code Root Scanning (ms): Min: 0.0, Avg: 0.0, Max: 0.0, Diff: 0.0, Sum: 0.0]
      [Object Copy (ms): Min: 34.8, Avg: 34.9, Max: 34.9, Diff: 0.1, Sum: 279.0]
      [Termination (ms): Min: 0.0, Avg: 0.1, Max: 0.1, Diff: 0.1, Sum: 0.4]
         [Termination Attempts: Min: 1, Avg: 1.2, Max: 3, Diff: 2, Sum: 10]
      [GC Worker Other (ms): Min: 0.0, Avg: 0.0, Max: 0.0, Diff: 0.0, Sum: 0.1]
      [GC Worker Total (ms): Min: 35.1, Avg: 35.2, Max: 35.5, Diff: 0.4, Sum: 281.6]
      [GC Worker End (ms): Min: 5258.7, Avg: 5258.8, Max: 5258.8, Diff: 0.0]
   [Code Root Fixup: 0.0 ms]
   [Code Root Purge: 0.0 ms]
   [Clear CT: 1.2 ms]
   [Other: 3.5 ms]
      [Choose CSet: 0.0 ms]
      [Ref Proc: 1.5 ms]
      [Ref Enq: 0.0 ms]
      [Redirty Cards: 1.3 ms]
      [Humongous Register: 0.0 ms]
      [Humongous Reclaim: 0.0 ms]
      [Free CSet: 0.5 ms]
   [Eden: 1564.0M(1564.0M)->0.0B(1460.0M) Survivors: 242.0M->226.0M Heap: 3311.4M(4096.0M)->1869.0M(4096.0M)]
 [Times: user=0.29 sys=0.00, real=0.04 secs] 
2021-01-22T00:37:29.177+0800: 5.441: [GC pause (G1 Evacuation Pause) (young), 0.0435824 secs]
   [Parallel Time: 38.4 ms, GC Workers: 8]
      [GC Worker Start (ms): Min: 5440.7, Avg: 5440.9, Max: 5441.1, Diff: 0.3]
      [Ext Root Scanning (ms): Min: 0.0, Avg: 0.1, Max: 0.2, Diff: 0.2, Sum: 0.5]
      [Update RS (ms): Min: 0.0, Avg: 0.1, Max: 0.1, Diff: 0.1, Sum: 0.4]
         [Processed Buffers: Min: 0, Avg: 1.1, Max: 2, Diff: 2, Sum: 9]
      [Scan RS (ms): Min: 0.1, Avg: 0.1, Max: 0.1, Diff: 0.0, Sum: 0.8]
      [Code Root Scanning (ms): Min: 0.0, Avg: 0.0, Max: 0.0, Diff: 0.0, Sum: 0.0]
      [Object Copy (ms): Min: 35.7, Avg: 35.9, Max: 37.6, Diff: 1.9, Sum: 287.3]
      [Termination (ms): Min: 0.0, Avg: 1.7, Max: 1.9, Diff: 1.9, Sum: 13.5]
         [Termination Attempts: Min: 1, Avg: 1.2, Max: 3, Diff: 2, Sum: 10]
      [GC Worker Other (ms): Min: 0.0, Avg: 0.0, Max: 0.2, Diff: 0.2, Sum: 0.4]
      [GC Worker Total (ms): Min: 37.7, Avg: 37.9, Max: 38.1, Diff: 0.5, Sum: 302.9]
      [GC Worker End (ms): Min: 5478.7, Avg: 5478.8, Max: 5478.9, Diff: 0.2]
   [Code Root Fixup: 0.0 ms]
   [Code Root Purge: 0.0 ms]
   [Clear CT: 1.5 ms]
   [Other: 3.6 ms]
      [Choose CSet: 0.0 ms]
      [Ref Proc: 1.7 ms]
      [Ref Enq: 0.0 ms]
      [Redirty Cards: 1.0 ms]
      [Humongous Register: 0.1 ms]
      [Humongous Reclaim: 0.0 ms]
      [Free CSet: 0.7 ms]
   [Eden: 1460.0M(1460.0M)->0.0B(1356.0M) Survivors: 226.0M->212.0M Heap: 3329.0M(4096.0M)->1991.3M(4096.0M)]
 [Times: user=0.32 sys=0.00, real=0.05 secs] 
2021-01-22T00:37:29.400+0800: 5.664: [GC pause (G1 Evacuation Pause) (young), 0.0419219 secs]
   [Parallel Time: 37.3 ms, GC Workers: 8]
      [GC Worker Start (ms): Min: 5664.0, Avg: 5664.2, Max: 5664.4, Diff: 0.3]
      [Ext Root Scanning (ms): Min: 0.0, Avg: 0.1, Max: 0.2, Diff: 0.2, Sum: 0.5]
      [Update RS (ms): Min: 0.0, Avg: 0.1, Max: 0.1, Diff: 0.1, Sum: 0.4]
         [Processed Buffers: Min: 0, Avg: 1.1, Max: 2, Diff: 2, Sum: 9]
      [Scan RS (ms): Min: 0.1, Avg: 0.1, Max: 0.2, Diff: 0.1, Sum: 1.1]
      [Code Root Scanning (ms): Min: 0.0, Avg: 0.0, Max: 0.0, Diff: 0.0, Sum: 0.0]
      [Object Copy (ms): Min: 33.4, Avg: 34.2, Max: 36.2, Diff: 2.8, Sum: 273.5]
      [Termination (ms): Min: 0.0, Avg: 2.0, Max: 2.8, Diff: 2.8, Sum: 16.0]
         [Termination Attempts: Min: 1, Avg: 1.0, Max: 1, Diff: 0, Sum: 8]
      [GC Worker Other (ms): Min: 0.0, Avg: 0.0, Max: 0.0, Diff: 0.0, Sum: 0.2]
      [GC Worker Total (ms): Min: 36.4, Avg: 36.5, Max: 36.7, Diff: 0.3, Sum: 291.7]
      [GC Worker End (ms): Min: 5700.6, Avg: 5700.7, Max: 5700.7, Diff: 0.1]
   [Code Root Fixup: 0.0 ms]
   [Code Root Purge: 0.0 ms]
   [Clear CT: 1.0 ms]
   [Other: 3.6 ms]
      [Choose CSet: 0.0 ms]
      [Ref Proc: 1.8 ms]
      [Ref Enq: 0.0 ms]
      [Redirty Cards: 1.3 ms]
      [Humongous Register: 0.1 ms]
      [Humongous Reclaim: 0.0 ms]
      [Free CSet: 0.3 ms]
   [Eden: 1356.0M(1356.0M)->0.0B(1226.0M) Survivors: 212.0M->196.0M Heap: 3347.3M(4096.0M)->2135.2M(4096.0M)]
 [Times: user=0.30 sys=0.00, real=0.04 secs] 
2021-01-22T00:37:29.592+0800: 5.856: [GC pause (G1 Evacuation Pause) (young) (initial-mark), 0.0354553 secs]
   [Parallel Time: 31.4 ms, GC Workers: 8]
      [GC Worker Start (ms): Min: 5855.9, Avg: 5856.1, Max: 5856.3, Diff: 0.4]
      [Ext Root Scanning (ms): Min: 0.0, Avg: 0.4, Max: 0.6, Diff: 0.6, Sum: 3.4]
      [Update RS (ms): Min: 0.0, Avg: 0.0, Max: 0.2, Diff: 0.2, Sum: 0.3]
         [Processed Buffers: Min: 0, Avg: 1.1, Max: 5, Diff: 5, Sum: 9]
      [Scan RS (ms): Min: 0.0, Avg: 0.1, Max: 0.1, Diff: 0.1, Sum: 0.6]
      [Code Root Scanning (ms): Min: 0.0, Avg: 0.0, Max: 0.0, Diff: 0.0, Sum: 0.0]
      [Object Copy (ms): Min: 29.2, Avg: 29.4, Max: 30.0, Diff: 0.8, Sum: 235.4]
      [Termination (ms): Min: 0.0, Avg: 0.6, Max: 0.8, Diff: 0.8, Sum: 5.2]
         [Termination Attempts: Min: 1, Avg: 1.4, Max: 3, Diff: 2, Sum: 11]
      [GC Worker Other (ms): Min: 0.0, Avg: 0.0, Max: 0.0, Diff: 0.0, Sum: 0.1]
      [GC Worker Total (ms): Min: 30.4, Avg: 30.6, Max: 30.8, Diff: 0.4, Sum: 245.0]
      [GC Worker End (ms): Min: 5886.7, Avg: 5886.7, Max: 5886.7, Diff: 0.1]
   [Code Root Fixup: 0.0 ms]
   [Code Root Purge: 0.0 ms]
   [Clear CT: 1.1 ms]
   [Other: 2.9 ms]
      [Choose CSet: 0.0 ms]
      [Ref Proc: 0.8 ms]
      [Ref Enq: 0.0 ms]
      [Redirty Cards: 1.3 ms]
      [Humongous Register: 0.0 ms]
      [Humongous Reclaim: 0.0 ms]
      [Free CSet: 0.5 ms]
   [Eden: 1226.0M(1226.0M)->0.0B(1124.0M) Survivors: 196.0M->178.0M Heap: 3361.2M(4096.0M)->2258.7M(4096.0M)]
 [Times: user=0.26 sys=0.00, real=0.03 secs] 
2021-01-22T00:37:29.628+0800: 5.892: [GC concurrent-root-region-scan-start]
2021-01-22T00:37:29.628+0800: 5.892: [GC concurrent-root-region-scan-end, 0.0003209 secs]
2021-01-22T00:37:29.628+0800: 5.892: [GC concurrent-mark-start]
2021-01-22T00:37:29.635+0800: 5.899: [GC concurrent-mark-end, 0.0062313 secs]
2021-01-22T00:37:29.635+0800: 5.899: [GC remark 2021-01-22T00:37:29.636+0800: 5.899: [Finalize Marking, 0.0014559 secs] 2021-01-22T00:37:29.637+0800: 5.901: [GC ref-proc, 0.0006714 secs] 2021-01-22T00:37:29.638+0800: 5.902: [Unloading, 0.0013874 secs], 0.0058945 secs]
 [Times: user=0.00 sys=0.00, real=0.01 secs] 
2021-01-22T00:37:29.642+0800: 5.905: [GC cleanup 2290M->654M(4096M), 0.0030995 secs]
 [Times: user=0.00 sys=0.01, real=0.00 secs] 
2021-01-22T00:37:29.645+0800: 5.909: [GC concurrent-cleanup-start]
2021-01-22T00:37:29.647+0800: 5.911: [GC concurrent-cleanup-end, 0.0014665 secs]
2021-01-22T00:37:29.787+0800: 6.051: [GC pause (G1 Evacuation Pause) (young), 0.0365987 secs]
   [Parallel Time: 32.6 ms, GC Workers: 8]
      [GC Worker Start (ms): Min: 6051.1, Avg: 6051.2, Max: 6051.3, Diff: 0.3]
      [Ext Root Scanning (ms): Min: 0.0, Avg: 0.1, Max: 0.2, Diff: 0.2, Sum: 0.5]
      [Update RS (ms): Min: 0.0, Avg: 0.1, Max: 0.1, Diff: 0.1, Sum: 0.5]
         [Processed Buffers: Min: 0, Avg: 1.1, Max: 2, Diff: 2, Sum: 9]
      [Scan RS (ms): Min: 0.1, Avg: 0.1, Max: 0.1, Diff: 0.1, Sum: 0.6]
      [Code Root Scanning (ms): Min: 0.0, Avg: 0.0, Max: 0.0, Diff: 0.0, Sum: 0.0]
      [Object Copy (ms): Min: 29.7, Avg: 30.1, Max: 31.4, Diff: 1.8, Sum: 240.7]
      [Termination (ms): Min: 0.0, Avg: 1.4, Max: 1.8, Diff: 1.8, Sum: 10.9]
         [Termination Attempts: Min: 1, Avg: 1.1, Max: 2, Diff: 1, Sum: 9]
      [GC Worker Other (ms): Min: 0.0, Avg: 0.0, Max: 0.1, Diff: 0.1, Sum: 0.3]
      [GC Worker Total (ms): Min: 31.6, Avg: 31.7, Max: 31.8, Diff: 0.3, Sum: 253.5]
      [GC Worker End (ms): Min: 6082.9, Avg: 6082.9, Max: 6082.9, Diff: 0.1]
   [Code Root Fixup: 0.0 ms]
   [Code Root Purge: 0.0 ms]
   [Clear CT: 1.1 ms]
   [Other: 2.9 ms]
      [Choose CSet: 0.0 ms]
      [Ref Proc: 1.4 ms]
      [Ref Enq: 0.0 ms]
      [Redirty Cards: 1.0 ms]
      [Humongous Register: 0.0 ms]
      [Humongous Reclaim: 0.0 ms]
      [Free CSet: 0.2 ms]
   [Eden: 1124.0M(1124.0M)->0.0B(40960.0K) Survivors: 178.0M->164.0M Heap: 1746.7M(4096.0M)->775.3M(4096.0M)]
 [Times: user=0.27 sys=0.00, real=0.04 secs] 
2021-01-22T00:37:29.828+0800: 6.092: [GC pause (G1 Evacuation Pause) (mixed), 0.0212858 secs]
   [Parallel Time: 17.9 ms, GC Workers: 8]
      [GC Worker Start (ms): Min: 6092.1, Avg: 6092.3, Max: 6092.4, Diff: 0.3]
      [Ext Root Scanning (ms): Min: 0.0, Avg: 0.1, Max: 0.2, Diff: 0.2, Sum: 0.5]
      [Update RS (ms): Min: 0.0, Avg: 0.1, Max: 0.2, Diff: 0.2, Sum: 0.5]
         [Processed Buffers: Min: 0, Avg: 1.1, Max: 2, Diff: 2, Sum: 9]
      [Scan RS (ms): Min: 0.0, Avg: 0.0, Max: 0.0, Diff: 0.0, Sum: 0.2]
      [Code Root Scanning (ms): Min: 0.0, Avg: 0.0, Max: 0.0, Diff: 0.0, Sum: 0.0]
      [Object Copy (ms): Min: 16.4, Avg: 16.7, Max: 17.2, Diff: 0.8, Sum: 133.8]
      [Termination (ms): Min: 0.0, Avg: 0.5, Max: 0.7, Diff: 0.7, Sum: 4.0]
         [Termination Attempts: Min: 1, Avg: 1.0, Max: 1, Diff: 0, Sum: 8]
      [GC Worker Other (ms): Min: 0.0, Avg: 0.0, Max: 0.0, Diff: 0.0, Sum: 0.1]
      [GC Worker Total (ms): Min: 17.2, Avg: 17.4, Max: 17.5, Diff: 0.3, Sum: 139.0]
      [GC Worker End (ms): Min: 6109.7, Avg: 6109.7, Max: 6109.7, Diff: 0.0]
   [Code Root Fixup: 0.0 ms]
   [Code Root Purge: 0.0 ms]
   [Clear CT: 1.3 ms]
   [Other: 2.0 ms]
      [Choose CSet: 0.0 ms]
      [Ref Proc: 1.0 ms]
      [Ref Enq: 0.0 ms]
      [Redirty Cards: 0.7 ms]
      [Humongous Register: 0.0 ms]
      [Humongous Reclaim: 0.0 ms]
      [Free CSet: 0.1 ms]
   [Eden: 40960.0K(40960.0K)->0.0B(2394.0M) Survivors: 164.0M->16384.0K Heap: 815.3M(4096.0M)->755.7M(4096.0M)]
 [Times: user=0.14 sys=0.00, real=0.03 secs] 
2021-01-22T00:37:30.126+0800: 6.390: [GC pause (G1 Evacuation Pause) (young), 0.0366772 secs]
   [Parallel Time: 32.3 ms, GC Workers: 8]
      [GC Worker Start (ms): Min: 6390.0, Avg: 6390.2, Max: 6390.3, Diff: 0.3]
      [Ext Root Scanning (ms): Min: 0.0, Avg: 0.1, Max: 0.2, Diff: 0.2, Sum: 0.5]
      [Update RS (ms): Min: 0.0, Avg: 0.1, Max: 0.1, Diff: 0.1, Sum: 0.5]
         [Processed Buffers: Min: 0, Avg: 1.1, Max: 2, Diff: 2, Sum: 9]
      [Scan RS (ms): Min: 0.1, Avg: 0.2, Max: 0.2, Diff: 0.1, Sum: 1.3]
      [Code Root Scanning (ms): Min: 0.0, Avg: 0.0, Max: 0.0, Diff: 0.0, Sum: 0.0]
      [Object Copy (ms): Min: 30.9, Avg: 31.1, Max: 31.3, Diff: 0.3, Sum: 248.4]
      [Termination (ms): Min: 0.0, Avg: 0.2, Max: 0.4, Diff: 0.4, Sum: 2.0]
         [Termination Attempts: Min: 1, Avg: 1.1, Max: 2, Diff: 1, Sum: 9]
      [GC Worker Other (ms): Min: 0.0, Avg: 0.0, Max: 0.1, Diff: 0.1, Sum: 0.3]
      [GC Worker Total (ms): Min: 31.5, Avg: 31.6, Max: 31.8, Diff: 0.3, Sum: 253.0]
      [GC Worker End (ms): Min: 6421.7, Avg: 6421.8, Max: 6421.9, Diff: 0.1]
   [Code Root Fixup: 0.0 ms]
   [Code Root Purge: 0.0 ms]
   [Clear CT: 1.0 ms]
   [Other: 3.4 ms]
      [Choose CSet: 0.0 ms]
      [Ref Proc: 1.0 ms]
      [Ref Enq: 0.0 ms]
      [Redirty Cards: 1.6 ms]
      [Humongous Register: 0.0 ms]
      [Humongous Reclaim: 0.0 ms]
      [Free CSet: 0.5 ms]
   [Eden: 2394.0M(2394.0M)->0.0B(2128.0M) Survivors: 16384.0K->302.0M Heap: 3149.7M(4096.0M)->1091.0M(4096.0M)]
 [Times: user=0.26 sys=0.00, real=0.04 secs] 
2021-01-22T00:37:30.397+0800: 6.661: [GC pause (G1 Evacuation Pause) (young), 0.0418164 secs]
   [Parallel Time: 37.3 ms, GC Workers: 8]
      [GC Worker Start (ms): Min: 6661.4, Avg: 6661.6, Max: 6661.8, Diff: 0.4]
      [Ext Root Scanning (ms): Min: 0.0, Avg: 0.1, Max: 0.3, Diff: 0.3, Sum: 0.6]
      [Update RS (ms): Min: 0.0, Avg: 0.1, Max: 0.1, Diff: 0.1, Sum: 0.5]
         [Processed Buffers: Min: 0, Avg: 1.1, Max: 2, Diff: 2, Sum: 9]
      [Scan RS (ms): Min: 0.1, Avg: 0.6, Max: 3.7, Diff: 3.6, Sum: 5.0]
      [Code Root Scanning (ms): Min: 0.0, Avg: 0.0, Max: 0.0, Diff: 0.0, Sum: 0.0]
      [Object Copy (ms): Min: 32.4, Avg: 34.4, Max: 34.9, Diff: 2.5, Sum: 275.2]
      [Termination (ms): Min: 0.0, Avg: 1.1, Max: 1.3, Diff: 1.3, Sum: 8.8]
         [Termination Attempts: Min: 1, Avg: 1.0, Max: 1, Diff: 0, Sum: 8]
      [GC Worker Other (ms): Min: 0.0, Avg: 0.2, Max: 0.4, Diff: 0.4, Sum: 1.3]
      [GC Worker Total (ms): Min: 36.2, Avg: 36.4, Max: 36.5, Diff: 0.3, Sum: 291.4]
      [GC Worker End (ms): Min: 6697.9, Avg: 6698.0, Max: 6698.3, Diff: 0.4]
   [Code Root Fixup: 0.0 ms]
   [Code Root Purge: 0.0 ms]
   [Clear CT: 1.4 ms]
   [Other: 3.2 ms]
      [Choose CSet: 0.1 ms]
      [Ref Proc: 1.1 ms]
      [Ref Enq: 0.0 ms]
      [Redirty Cards: 1.3 ms]
      [Humongous Register: 0.1 ms]
      [Humongous Reclaim: 0.0 ms]
      [Free CSet: 0.5 ms]
   [Eden: 2128.0M(2128.0M)->0.0B(2060.0M) Survivors: 302.0M->304.0M Heap: 3219.0M(4096.0M)->1179.5M(4096.0M)]
 [Times: user=0.30 sys=0.00, real=0.05 secs] 
2021-01-22T00:37:30.681+0800: 6.945: [GC pause (G1 Evacuation Pause) (young), 0.0451176 secs]
   [Parallel Time: 39.9 ms, GC Workers: 8]
      [GC Worker Start (ms): Min: 6944.9, Avg: 6945.2, Max: 6945.9, Diff: 1.0]
      [Ext Root Scanning (ms): Min: 0.0, Avg: 0.1, Max: 0.2, Diff: 0.2, Sum: 0.5]
      [Update RS (ms): Min: 0.0, Avg: 0.1, Max: 0.1, Diff: 0.1, Sum: 0.5]
         [Processed Buffers: Min: 0, Avg: 1.1, Max: 2, Diff: 2, Sum: 9]
      [Scan RS (ms): Min: 0.1, Avg: 0.2, Max: 0.2, Diff: 0.1, Sum: 1.3]
      [Code Root Scanning (ms): Min: 0.0, Avg: 0.0, Max: 0.0, Diff: 0.0, Sum: 0.0]
      [Object Copy (ms): Min: 36.1, Avg: 36.9, Max: 38.2, Diff: 2.2, Sum: 295.3]
      [Termination (ms): Min: 0.0, Avg: 1.2, Max: 1.5, Diff: 1.5, Sum: 9.8]
         [Termination Attempts: Min: 1, Avg: 1.0, Max: 1, Diff: 0, Sum: 8]
      [GC Worker Other (ms): Min: 0.0, Avg: 0.3, Max: 0.5, Diff: 0.5, Sum: 2.1]
      [GC Worker Total (ms): Min: 38.1, Avg: 38.7, Max: 39.1, Diff: 1.0, Sum: 309.6]
      [GC Worker End (ms): Min: 6983.6, Avg: 6983.9, Max: 6984.1, Diff: 0.4]
   [Code Root Fixup: 0.0 ms]
   [Code Root Purge: 0.0 ms]
   [Clear CT: 1.6 ms]
   [Other: 3.6 ms]
      [Choose CSet: 0.0 ms]
      [Ref Proc: 1.3 ms]
      [Ref Enq: 0.0 ms]
      [Redirty Cards: 1.4 ms]
      [Humongous Register: 0.1 ms]
      [Humongous Reclaim: 0.0 ms]
      [Free CSet: 0.7 ms]
   [Eden: 2060.0M(2060.0M)->0.0B(1988.0M) Survivors: 304.0M->296.0M Heap: 3239.5M(4096.0M)->1268.0M(4096.0M)]
 [Times: user=0.32 sys=0.00, real=0.04 secs] 
2021-01-22T00:37:30.986+0800: 7.250: [GC pause (G1 Evacuation Pause) (young), 0.0424328 secs]
   [Parallel Time: 38.1 ms, GC Workers: 8]
      [GC Worker Start (ms): Min: 7249.9, Avg: 7250.1, Max: 7250.3, Diff: 0.4]
      [Ext Root Scanning (ms): Min: 0.0, Avg: 0.1, Max: 0.2, Diff: 0.2, Sum: 0.5]
      [Update RS (ms): Min: 0.0, Avg: 0.1, Max: 0.1, Diff: 0.1, Sum: 0.4]
         [Processed Buffers: Min: 0, Avg: 1.1, Max: 2, Diff: 2, Sum: 9]
      [Scan RS (ms): Min: 0.1, Avg: 0.2, Max: 0.2, Diff: 0.1, Sum: 1.4]
      [Code Root Scanning (ms): Min: 0.0, Avg: 0.0, Max: 0.0, Diff: 0.0, Sum: 0.0]
      [Object Copy (ms): Min: 36.5, Avg: 36.5, Max: 36.6, Diff: 0.1, Sum: 292.0]
      [Termination (ms): Min: 0.0, Avg: 0.1, Max: 0.1, Diff: 0.1, Sum: 0.5]
         [Termination Attempts: Min: 1, Avg: 1.0, Max: 1, Diff: 0, Sum: 8]
      [GC Worker Other (ms): Min: 0.0, Avg: 0.1, Max: 0.2, Diff: 0.2, Sum: 0.7]
      [GC Worker Total (ms): Min: 36.7, Avg: 36.9, Max: 37.1, Diff: 0.4, Sum: 295.5]
      [GC Worker End (ms): Min: 7287.0, Avg: 7287.1, Max: 7287.2, Diff: 0.2]
   [Code Root Fixup: 0.0 ms]
   [Code Root Purge: 0.0 ms]
   [Clear CT: 1.7 ms]
   [Other: 2.7 ms]
      [Choose CSet: 0.0 ms]
      [Ref Proc: 0.6 ms]
      [Ref Enq: 0.0 ms]
      [Redirty Cards: 1.4 ms]
      [Humongous Register: 0.0 ms]
      [Humongous Reclaim: 0.0 ms]
      [Free CSet: 0.5 ms]
   [Eden: 1988.0M(1988.0M)->0.0B(1904.0M) Survivors: 296.0M->286.0M Heap: 3256.0M(4096.0M)->1364.7M(4096.0M)]
 [Times: user=0.30 sys=0.00, real=0.05 secs] 
2021-01-22T00:37:31.254+0800: 7.518: [GC pause (G1 Evacuation Pause) (young), 0.0390546 secs]
   [Parallel Time: 35.4 ms, GC Workers: 8]
      [GC Worker Start (ms): Min: 7518.3, Avg: 7518.5, Max: 7518.7, Diff: 0.4]
      [Ext Root Scanning (ms): Min: 0.0, Avg: 0.1, Max: 0.2, Diff: 0.2, Sum: 0.5]
      [Update RS (ms): Min: 0.0, Avg: 0.0, Max: 0.1, Diff: 0.1, Sum: 0.4]
         [Processed Buffers: Min: 0, Avg: 1.1, Max: 3, Diff: 3, Sum: 9]
      [Scan RS (ms): Min: 0.1, Avg: 0.2, Max: 0.2, Diff: 0.0, Sum: 1.2]
      [Code Root Scanning (ms): Min: 0.0, Avg: 0.0, Max: 0.0, Diff: 0.0, Sum: 0.0]
      [Object Copy (ms): Min: 34.0, Avg: 34.1, Max: 34.1, Diff: 0.1, Sum: 272.7]
      [Termination (ms): Min: 0.0, Avg: 0.0, Max: 0.0, Diff: 0.0, Sum: 0.2]
         [Termination Attempts: Min: 1, Avg: 1.0, Max: 1, Diff: 0, Sum: 8]
      [GC Worker Other (ms): Min: 0.0, Avg: 0.1, Max: 0.4, Diff: 0.4, Sum: 1.0]
      [GC Worker Total (ms): Min: 34.2, Avg: 34.5, Max: 34.7, Diff: 0.5, Sum: 276.0]
      [GC Worker End (ms): Min: 7552.9, Avg: 7553.0, Max: 7553.2, Diff: 0.4]
   [Code Root Fixup: 0.0 ms]
   [Code Root Purge: 0.0 ms]
   [Clear CT: 0.9 ms]
   [Other: 2.7 ms]
      [Choose CSet: 0.0 ms]
      [Ref Proc: 0.6 ms]
      [Ref Enq: 0.0 ms]
      [Redirty Cards: 1.3 ms]
      [Humongous Register: 0.0 ms]
      [Humongous Reclaim: 0.0 ms]
      [Free CSet: 0.6 ms]
   [Eden: 1904.0M(1904.0M)->0.0B(1828.0M) Survivors: 286.0M->274.0M Heap: 3268.7M(4096.0M)->1455.6M(4096.0M)]
 [Times: user=0.28 sys=0.00, real=0.04 secs] 
2021-01-22T00:37:31.502+0800: 7.766: [GC pause (G1 Evacuation Pause) (young), 0.0402475 secs]
   [Parallel Time: 35.7 ms, GC Workers: 8]
      [GC Worker Start (ms): Min: 7766.3, Avg: 7766.5, Max: 7766.7, Diff: 0.4]
      [Ext Root Scanning (ms): Min: 0.0, Avg: 0.1, Max: 0.2, Diff: 0.2, Sum: 0.5]
      [Update RS (ms): Min: 0.0, Avg: 0.0, Max: 0.1, Diff: 0.1, Sum: 0.4]
         [Processed Buffers: Min: 0, Avg: 1.1, Max: 2, Diff: 2, Sum: 9]
      [Scan RS (ms): Min: 0.1, Avg: 0.1, Max: 0.2, Diff: 0.0, Sum: 1.1]
      [Code Root Scanning (ms): Min: 0.0, Avg: 0.0, Max: 0.0, Diff: 0.0, Sum: 0.0]
      [Object Copy (ms): Min: 34.2, Avg: 34.3, Max: 34.4, Diff: 0.2, Sum: 274.5]
      [Termination (ms): Min: 0.0, Avg: 0.1, Max: 0.2, Diff: 0.2, Sum: 0.8]
         [Termination Attempts: Min: 1, Avg: 1.2, Max: 2, Diff: 1, Sum: 10]
      [GC Worker Other (ms): Min: 0.0, Avg: 0.3, Max: 0.7, Diff: 0.6, Sum: 2.4]
      [GC Worker Total (ms): Min: 34.5, Avg: 35.0, Max: 35.4, Diff: 0.8, Sum: 279.7]
      [GC Worker End (ms): Min: 7801.2, Avg: 7801.5, Max: 7801.9, Diff: 0.7]
   [Code Root Fixup: 0.0 ms]
   [Code Root Purge: 0.0 ms]
   [Clear CT: 1.3 ms]
   [Other: 3.2 ms]
      [Choose CSet: 0.0 ms]
      [Ref Proc: 1.1 ms]
      [Ref Enq: 0.0 ms]
      [Redirty Cards: 1.2 ms]
      [Humongous Register: 0.0 ms]
      [Humongous Reclaim: 0.0 ms]
      [Free CSet: 0.6 ms]
   [Eden: 1828.0M(1828.0M)->0.0B(1740.0M) Survivors: 274.0M->264.0M Heap: 3283.6M(4096.0M)->1555.1M(4096.0M)]
 [Times: user=0.29 sys=0.00, real=0.04 secs] 
2021-01-22T00:37:31.749+0800: 8.013: [GC pause (G1 Evacuation Pause) (young), 0.0433921 secs]
   [Parallel Time: 36.0 ms, GC Workers: 8]
      [GC Worker Start (ms): Min: 8013.5, Avg: 8013.7, Max: 8013.9, Diff: 0.4]
      [Ext Root Scanning (ms): Min: 0.0, Avg: 0.1, Max: 0.2, Diff: 0.2, Sum: 0.5]
      [Update RS (ms): Min: 0.0, Avg: 0.0, Max: 0.1, Diff: 0.1, Sum: 0.4]
         [Processed Buffers: Min: 0, Avg: 1.1, Max: 2, Diff: 2, Sum: 9]
      [Scan RS (ms): Min: 0.1, Avg: 0.1, Max: 0.2, Diff: 0.1, Sum: 1.0]
      [Code Root Scanning (ms): Min: 0.0, Avg: 0.0, Max: 0.0, Diff: 0.0, Sum: 0.0]
      [Object Copy (ms): Min: 34.6, Avg: 34.7, Max: 35.1, Diff: 0.5, Sum: 277.3]
      [Termination (ms): Min: 0.0, Avg: 0.4, Max: 0.5, Diff: 0.5, Sum: 3.3]
         [Termination Attempts: Min: 1, Avg: 1.1, Max: 2, Diff: 1, Sum: 9]
      [GC Worker Other (ms): Min: 0.0, Avg: 0.1, Max: 0.2, Diff: 0.2, Sum: 0.7]
      [GC Worker Total (ms): Min: 35.3, Avg: 35.4, Max: 35.5, Diff: 0.2, Sum: 283.2]
      [GC Worker End (ms): Min: 8049.0, Avg: 8049.1, Max: 8049.2, Diff: 0.2]
   [Code Root Fixup: 0.0 ms]
   [Code Root Purge: 0.0 ms]
   [Clear CT: 1.1 ms]
   [Other: 6.3 ms]
      [Choose CSet: 0.0 ms]
      [Ref Proc: 4.2 ms]
      [Ref Enq: 0.0 ms]
      [Redirty Cards: 1.3 ms]
      [Humongous Register: 0.0 ms]
      [Humongous Reclaim: 0.0 ms]
      [Free CSet: 0.6 ms]
   [Eden: 1740.0M(1740.0M)->0.0B(1648.0M) Survivors: 264.0M->252.0M Heap: 3295.1M(4096.0M)->1662.1M(4096.0M)]
 [Times: user=0.32 sys=0.00, real=0.04 secs] 
2021-01-22T00:37:32.004+0800: 8.268: [GC pause (G1 Evacuation Pause) (young), 0.0424246 secs]
   [Parallel Time: 39.1 ms, GC Workers: 8]
      [GC Worker Start (ms): Min: 8268.4, Avg: 8268.7, Max: 8269.0, Diff: 0.6]
      [Ext Root Scanning (ms): Min: 0.0, Avg: 0.1, Max: 0.2, Diff: 0.2, Sum: 0.4]
      [Update RS (ms): Min: 0.0, Avg: 0.1, Max: 0.1, Diff: 0.1, Sum: 0.5]
         [Processed Buffers: Min: 0, Avg: 1.1, Max: 2, Diff: 2, Sum: 9]
      [Scan RS (ms): Min: 0.1, Avg: 0.1, Max: 0.2, Diff: 0.1, Sum: 1.2]
      [Code Root Scanning (ms): Min: 0.0, Avg: 0.0, Max: 0.0, Diff: 0.0, Sum: 0.0]
      [Object Copy (ms): Min: 37.5, Avg: 37.8, Max: 38.0, Diff: 0.5, Sum: 302.2]
      [Termination (ms): Min: 0.0, Avg: 0.2, Max: 0.4, Diff: 0.4, Sum: 2.0]
         [Termination Attempts: Min: 1, Avg: 1.4, Max: 2, Diff: 1, Sum: 11]
      [GC Worker Other (ms): Min: 0.0, Avg: 0.1, Max: 0.2, Diff: 0.2, Sum: 0.6]
      [GC Worker Total (ms): Min: 38.0, Avg: 38.4, Max: 38.7, Diff: 0.8, Sum: 306.8]
      [GC Worker End (ms): Min: 8307.0, Avg: 8307.0, Max: 8307.2, Diff: 0.2]
   [Code Root Fixup: 0.0 ms]
   [Code Root Purge: 0.0 ms]
   [Clear CT: 1.0 ms]
   [Other: 2.4 ms]
      [Choose CSet: 0.0 ms]
      [Ref Proc: 0.8 ms]
      [Ref Enq: 0.0 ms]
      [Redirty Cards: 0.8 ms]
      [Humongous Register: 0.0 ms]
      [Humongous Reclaim: 0.0 ms]
      [Free CSet: 0.6 ms]
   [Eden: 1648.0M(1648.0M)->0.0B(1546.0M) Survivors: 252.0M->238.0M Heap: 3310.1M(4096.0M)->1776.9M(4096.0M)]
 [Times: user=0.31 sys=0.00, real=0.04 secs] 
2021-01-22T00:37:32.235+0800: 8.499: [GC pause (G1 Evacuation Pause) (young), 0.0382722 secs]
   [Parallel Time: 34.6 ms, GC Workers: 8]
      [GC Worker Start (ms): Min: 8498.8, Avg: 8499.0, Max: 8499.2, Diff: 0.3]
      [Ext Root Scanning (ms): Min: 0.0, Avg: 0.1, Max: 0.2, Diff: 0.2, Sum: 0.4]
      [Update RS (ms): Min: 0.0, Avg: 0.0, Max: 0.2, Diff: 0.2, Sum: 0.4]
         [Processed Buffers: Min: 0, Avg: 1.1, Max: 3, Diff: 3, Sum: 9]
      [Scan RS (ms): Min: 0.0, Avg: 0.1, Max: 0.2, Diff: 0.1, Sum: 0.9]
      [Code Root Scanning (ms): Min: 0.0, Avg: 0.0, Max: 0.0, Diff: 0.0, Sum: 0.0]
      [Object Copy (ms): Min: 33.0, Avg: 33.1, Max: 33.3, Diff: 0.3, Sum: 264.8]
      [Termination (ms): Min: 0.0, Avg: 0.2, Max: 0.3, Diff: 0.3, Sum: 1.8]
         [Termination Attempts: Min: 1, Avg: 1.0, Max: 1, Diff: 0, Sum: 8]
      [GC Worker Other (ms): Min: 0.0, Avg: 0.0, Max: 0.1, Diff: 0.1, Sum: 0.2]
      [GC Worker Total (ms): Min: 33.4, Avg: 33.6, Max: 33.8, Diff: 0.4, Sum: 268.6]
      [GC Worker End (ms): Min: 8532.6, Avg: 8532.6, Max: 8532.7, Diff: 0.1]
   [Code Root Fixup: 0.0 ms]
   [Code Root Purge: 0.0 ms]
   [Clear CT: 1.0 ms]
   [Other: 2.7 ms]
      [Choose CSet: 0.0 ms]
      [Ref Proc: 0.9 ms]
      [Ref Enq: 0.0 ms]
      [Redirty Cards: 1.2 ms]
      [Humongous Register: 0.0 ms]
      [Humongous Reclaim: 0.0 ms]
      [Free CSet: 0.4 ms]
   [Eden: 1546.0M(1546.0M)->0.0B(1448.0M) Survivors: 238.0M->224.0M Heap: 3322.9M(4096.0M)->1891.7M(4096.0M)]
 [Times: user=0.28 sys=0.00, real=0.04 secs] 
2021-01-22T00:37:32.443+0800: 8.707: [GC pause (G1 Evacuation Pause) (young), 0.0381364 secs]
   [Parallel Time: 34.7 ms, GC Workers: 8]
      [GC Worker Start (ms): Min: 8707.6, Avg: 8707.8, Max: 8707.9, Diff: 0.4]
      [Ext Root Scanning (ms): Min: 0.0, Avg: 0.1, Max: 0.2, Diff: 0.2, Sum: 0.4]
      [Update RS (ms): Min: 0.0, Avg: 0.0, Max: 0.1, Diff: 0.1, Sum: 0.4]
         [Processed Buffers: Min: 0, Avg: 1.1, Max: 3, Diff: 3, Sum: 9]
      [Scan RS (ms): Min: 0.1, Avg: 0.1, Max: 0.1, Diff: 0.1, Sum: 0.9]
      [Code Root Scanning (ms): Min: 0.0, Avg: 0.0, Max: 0.0, Diff: 0.0, Sum: 0.0]
      [Object Copy (ms): Min: 33.2, Avg: 33.3, Max: 33.5, Diff: 0.3, Sum: 266.1]
      [Termination (ms): Min: 0.0, Avg: 0.3, Max: 0.3, Diff: 0.3, Sum: 2.1]
         [Termination Attempts: Min: 1, Avg: 1.0, Max: 1, Diff: 0, Sum: 8]
      [GC Worker Other (ms): Min: 0.0, Avg: 0.0, Max: 0.0, Diff: 0.0, Sum: 0.1]
      [GC Worker Total (ms): Min: 33.6, Avg: 33.7, Max: 33.9, Diff: 0.4, Sum: 270.0]
      [GC Worker End (ms): Min: 8741.5, Avg: 8741.5, Max: 8741.5, Diff: 0.0]
   [Code Root Fixup: 0.0 ms]
   [Code Root Purge: 0.0 ms]
   [Clear CT: 1.0 ms]
   [Other: 2.4 ms]
      [Choose CSet: 0.0 ms]
      [Ref Proc: 0.5 ms]
      [Ref Enq: 0.0 ms]
      [Redirty Cards: 1.1 ms]
      [Humongous Register: 0.0 ms]
      [Humongous Reclaim: 0.0 ms]
      [Free CSet: 0.6 ms]
   [Eden: 1448.0M(1448.0M)->0.0B(1324.0M) Survivors: 224.0M->210.0M Heap: 3339.7M(4096.0M)->2028.9M(4096.0M)]
 [Times: user=0.27 sys=0.00, real=0.04 secs] 
2021-01-22T00:37:32.636+0800: 8.900: [GC pause (G1 Evacuation Pause) (young), 0.0372653 secs]
   [Parallel Time: 33.2 ms, GC Workers: 8]
      [GC Worker Start (ms): Min: 8899.9, Avg: 8900.1, Max: 8900.2, Diff: 0.3]
      [Ext Root Scanning (ms): Min: 0.0, Avg: 0.1, Max: 0.2, Diff: 0.2, Sum: 0.5]
      [Update RS (ms): Min: 0.0, Avg: 0.1, Max: 0.1, Diff: 0.1, Sum: 0.4]
         [Processed Buffers: Min: 0, Avg: 1.1, Max: 2, Diff: 2, Sum: 9]
      [Scan RS (ms): Min: 0.1, Avg: 0.1, Max: 0.1, Diff: 0.0, Sum: 0.8]
      [Code Root Scanning (ms): Min: 0.0, Avg: 0.0, Max: 0.0, Diff: 0.0, Sum: 0.0]
      [Object Copy (ms): Min: 32.1, Avg: 32.1, Max: 32.2, Diff: 0.2, Sum: 257.0]
      [Termination (ms): Min: 0.0, Avg: 0.1, Max: 0.2, Diff: 0.2, Sum: 1.1]
         [Termination Attempts: Min: 1, Avg: 1.0, Max: 1, Diff: 0, Sum: 8]
      [GC Worker Other (ms): Min: 0.0, Avg: 0.0, Max: 0.1, Diff: 0.1, Sum: 0.2]
      [GC Worker Total (ms): Min: 32.4, Avg: 32.5, Max: 32.7, Diff: 0.4, Sum: 260.0]
      [GC Worker End (ms): Min: 8932.5, Avg: 8932.6, Max: 8932.6, Diff: 0.0]
   [Code Root Fixup: 0.0 ms]
   [Code Root Purge: 0.0 ms]
   [Clear CT: 1.1 ms]
   [Other: 2.9 ms]
      [Choose CSet: 0.0 ms]
      [Ref Proc: 0.5 ms]
      [Ref Enq: 0.0 ms]
      [Redirty Cards: 1.6 ms]
      [Humongous Register: 0.0 ms]
      [Humongous Reclaim: 0.0 ms]
      [Free CSet: 0.6 ms]
   [Eden: 1324.0M(1324.0M)->0.0B(1194.0M) Survivors: 210.0M->192.0M Heap: 3352.9M(4096.0M)->2175.0M(4096.0M)]
 [Times: user=0.27 sys=0.00, real=0.04 secs] 
2021-01-22T00:37:32.808+0800: 9.072: [GC pause (G1 Evacuation Pause) (young) (initial-mark), 0.0367929 secs]
   [Parallel Time: 32.7 ms, GC Workers: 8]
      [GC Worker Start (ms): Min: 9071.9, Avg: 9072.1, Max: 9072.3, Diff: 0.4]
      [Ext Root Scanning (ms): Min: 0.0, Avg: 0.4, Max: 0.7, Diff: 0.7, Sum: 3.4]
      [Update RS (ms): Min: 0.0, Avg: 0.0, Max: 0.2, Diff: 0.2, Sum: 0.4]
         [Processed Buffers: Min: 0, Avg: 1.1, Max: 5, Diff: 5, Sum: 9]
      [Scan RS (ms): Min: 0.0, Avg: 0.1, Max: 0.1, Diff: 0.1, Sum: 0.6]
      [Code Root Scanning (ms): Min: 0.0, Avg: 0.0, Max: 0.0, Diff: 0.0, Sum: 0.0]
      [Object Copy (ms): Min: 31.0, Avg: 31.1, Max: 31.1, Diff: 0.2, Sum: 248.5]
      [Termination (ms): Min: 0.0, Avg: 0.1, Max: 0.1, Diff: 0.1, Sum: 0.6]
         [Termination Attempts: Min: 1, Avg: 1.0, Max: 1, Diff: 0, Sum: 8]
      [GC Worker Other (ms): Min: 0.0, Avg: 0.0, Max: 0.1, Diff: 0.1, Sum: 0.2]
      [GC Worker Total (ms): Min: 31.5, Avg: 31.7, Max: 31.9, Diff: 0.4, Sum: 253.7]
      [GC Worker End (ms): Min: 9103.8, Avg: 9103.8, Max: 9103.9, Diff: 0.1]
   [Code Root Fixup: 0.0 ms]
   [Code Root Purge: 0.0 ms]
   [Clear CT: 1.1 ms]
   [Other: 3.0 ms]
      [Choose CSet: 0.0 ms]
      [Ref Proc: 1.0 ms]
      [Ref Enq: 0.0 ms]
      [Redirty Cards: 1.2 ms]
      [Humongous Register: 0.0 ms]
      [Humongous Reclaim: 0.0 ms]
      [Free CSet: 0.3 ms]
   [Eden: 1194.0M(1194.0M)->0.0B(1058.0M) Survivors: 192.0M->174.0M Heap: 3369.0M(4096.0M)->2329.5M(4096.0M)]
 [Times: user=0.26 sys=0.00, real=0.04 secs] 
2021-01-22T00:37:32.846+0800: 9.110: [GC concurrent-root-region-scan-start]
2021-01-22T00:37:32.846+0800: 9.110: [GC concurrent-root-region-scan-end, 0.0002734 secs]
2021-01-22T00:37:32.846+0800: 9.110: [GC concurrent-mark-start]
2021-01-22T00:37:32.851+0800: 9.115: [GC concurrent-mark-end, 0.0050628 secs]
2021-01-22T00:37:32.851+0800: 9.115: [GC remark 2021-01-22T00:37:32.852+0800: 9.116: [Finalize Marking, 0.0011340 secs] 2021-01-22T00:37:32.853+0800: 9.117: [GC ref-proc, 0.0004699 secs] 2021-01-22T00:37:32.854+0800: 9.118: [Unloading, 0.0011576 secs], 0.0057004 secs]
 [Times: user=0.01 sys=0.00, real=0.00 secs] 
2021-01-22T00:37:32.858+0800: 9.122: [GC cleanup 2372M->704M(4096M), 0.0048077 secs]
 [Times: user=0.02 sys=0.00, real=0.01 secs] 
2021-01-22T00:37:32.863+0800: 9.127: [GC concurrent-cleanup-start]
2021-01-22T00:37:32.865+0800: 9.129: [GC concurrent-cleanup-end, 0.0013566 secs]
2021-01-22T00:37:32.982+0800: 9.246: [GC pause (G1 Evacuation Pause) (young), 0.0381574 secs]
   [Parallel Time: 33.6 ms, GC Workers: 8]
      [GC Worker Start (ms): Min: 9246.0, Avg: 9247.1, Max: 9253.6, Diff: 7.5]
      [Ext Root Scanning (ms): Min: 0.0, Avg: 0.1, Max: 0.2, Diff: 0.2, Sum: 0.6]
      [Update RS (ms): Min: 0.0, Avg: 0.1, Max: 0.1, Diff: 0.1, Sum: 0.5]
         [Processed Buffers: Min: 0, Avg: 1.1, Max: 3, Diff: 3, Sum: 9]
      [Scan RS (ms): Min: 0.1, Avg: 0.1, Max: 0.2, Diff: 0.2, Sum: 0.8]
      [Code Root Scanning (ms): Min: 0.0, Avg: 0.0, Max: 0.0, Diff: 0.0, Sum: 0.0]
      [Object Copy (ms): Min: 21.2, Avg: 28.2, Max: 32.7, Diff: 11.5, Sum: 225.4]
      [Termination (ms): Min: 0.0, Avg: 3.6, Max: 4.2, Diff: 4.2, Sum: 28.9]
         [Termination Attempts: Min: 1, Avg: 1.0, Max: 1, Diff: 0, Sum: 8]
      [GC Worker Other (ms): Min: 0.0, Avg: 0.0, Max: 0.1, Diff: 0.0, Sum: 0.2]
      [GC Worker Total (ms): Min: 25.6, Avg: 32.0, Max: 33.1, Diff: 7.5, Sum: 256.3]
      [GC Worker End (ms): Min: 9279.1, Avg: 9279.2, Max: 9279.2, Diff: 0.0]
   [Code Root Fixup: 0.0 ms]
   [Code Root Purge: 0.0 ms]
   [Clear CT: 0.9 ms]
   [Other: 3.6 ms]
      [Choose CSet: 0.0 ms]
      [Ref Proc: 2.0 ms]
      [Ref Enq: 0.0 ms]
      [Redirty Cards: 0.8 ms]
      [Humongous Register: 0.1 ms]
      [Humongous Reclaim: 0.0 ms]
      [Free CSet: 0.3 ms]
   [Eden: 1058.0M(1058.0M)->0.0B(51200.0K) Survivors: 174.0M->154.0M Heap: 1719.5M(4096.0M)->796.8M(4096.0M)]
 [Times: user=0.27 sys=0.00, real=0.04 secs] 
2021-01-22T00:37:33.026+0800: 9.290: [GC pause (G1 Evacuation Pause) (mixed), 0.0188622 secs]
   [Parallel Time: 16.6 ms, GC Workers: 8]
      [GC Worker Start (ms): Min: 9290.1, Avg: 9290.3, Max: 9290.4, Diff: 0.3]
      [Ext Root Scanning (ms): Min: 0.0, Avg: 0.1, Max: 0.2, Diff: 0.2, Sum: 0.6]
      [Update RS (ms): Min: 0.0, Avg: 0.1, Max: 0.1, Diff: 0.1, Sum: 0.5]
         [Processed Buffers: Min: 0, Avg: 1.1, Max: 3, Diff: 3, Sum: 9]
      [Scan RS (ms): Min: 0.0, Avg: 0.0, Max: 0.1, Diff: 0.1, Sum: 0.3]
      [Code Root Scanning (ms): Min: 0.0, Avg: 0.0, Max: 0.0, Diff: 0.0, Sum: 0.0]
      [Object Copy (ms): Min: 15.4, Avg: 15.5, Max: 16.1, Diff: 0.7, Sum: 124.3]
      [Termination (ms): Min: 0.0, Avg: 0.6, Max: 0.7, Diff: 0.7, Sum: 4.4]
         [Termination Attempts: Min: 1, Avg: 1.0, Max: 1, Diff: 0, Sum: 8]
      [GC Worker Other (ms): Min: 0.0, Avg: 0.0, Max: 0.0, Diff: 0.0, Sum: 0.1]
      [GC Worker Total (ms): Min: 16.1, Avg: 16.3, Max: 16.4, Diff: 0.3, Sum: 130.1]
      [GC Worker End (ms): Min: 9306.5, Avg: 9306.5, Max: 9306.6, Diff: 0.0]
   [Code Root Fixup: 0.0 ms]
   [Code Root Purge: 0.0 ms]
   [Clear CT: 0.6 ms]
   [Other: 1.6 ms]
      [Choose CSet: 0.0 ms]
      [Ref Proc: 0.6 ms]
      [Ref Enq: 0.0 ms]
      [Redirty Cards: 0.6 ms]
      [Humongous Register: 0.1 ms]
      [Humongous Reclaim: 0.0 ms]
      [Free CSet: 0.1 ms]
   [Eden: 51200.0K(51200.0K)->0.0B(2436.0M) Survivors: 154.0M->20480.0K Heap: 846.8M(4096.0M)->757.7M(4096.0M)]
 [Times: user=0.14 sys=0.00, real=0.02 secs] 
2021-01-22T00:37:33.333+0800: 9.597: [GC pause (G1 Evacuation Pause) (young), 0.0386577 secs]
   [Parallel Time: 34.3 ms, GC Workers: 8]
      [GC Worker Start (ms): Min: 9597.4, Avg: 9597.6, Max: 9597.8, Diff: 0.4]
      [Ext Root Scanning (ms): Min: 0.0, Avg: 0.1, Max: 0.2, Diff: 0.2, Sum: 0.5]
      [Update RS (ms): Min: 0.0, Avg: 0.1, Max: 0.1, Diff: 0.1, Sum: 0.6]
         [Processed Buffers: Min: 0, Avg: 1.1, Max: 2, Diff: 2, Sum: 9]
      [Scan RS (ms): Min: 0.1, Avg: 0.2, Max: 0.2, Diff: 0.1, Sum: 1.4]
      [Code Root Scanning (ms): Min: 0.0, Avg: 0.0, Max: 0.0, Diff: 0.0, Sum: 0.0]
      [Object Copy (ms): Min: 32.7, Avg: 32.8, Max: 32.8, Diff: 0.1, Sum: 262.2]
      [Termination (ms): Min: 0.0, Avg: 0.0, Max: 0.1, Diff: 0.1, Sum: 0.3]
         [Termination Attempts: Min: 1, Avg: 1.0, Max: 1, Diff: 0, Sum: 8]
      [GC Worker Other (ms): Min: 0.0, Avg: 0.1, Max: 0.2, Diff: 0.2, Sum: 0.5]
      [GC Worker Total (ms): Min: 33.0, Avg: 33.2, Max: 33.4, Diff: 0.4, Sum: 265.5]
      [GC Worker End (ms): Min: 9630.8, Avg: 9630.8, Max: 9631.0, Diff: 0.2]
   [Code Root Fixup: 0.0 ms]
   [Code Root Purge: 0.0 ms]
   [Clear CT: 1.1 ms]
   [Other: 3.3 ms]
      [Choose CSet: 0.0 ms]
      [Ref Proc: 0.9 ms]
      [Ref Enq: 0.0 ms]
      [Redirty Cards: 1.7 ms]
      [Humongous Register: 0.0 ms]
      [Humongous Reclaim: 0.0 ms]
      [Free CSet: 0.5 ms]
   [Eden: 2436.0M(2436.0M)->0.0B(2148.0M) Survivors: 20480.0K->308.0M Heap: 3193.7M(4096.0M)->1103.3M(4096.0M)]
 [Times: user=0.27 sys=0.00, real=0.04 secs] 
2021-01-22T00:37:33.611+0800: 9.875: [GC pause (G1 Evacuation Pause) (young), 0.0396726 secs]
   [Parallel Time: 35.3 ms, GC Workers: 8]
      [GC Worker Start (ms): Min: 9875.1, Avg: 9875.8, Max: 9879.0, Diff: 3.9]
      [Ext Root Scanning (ms): Min: 0.0, Avg: 0.1, Max: 0.2, Diff: 0.2, Sum: 0.6]
      [Update RS (ms): Min: 0.0, Avg: 0.1, Max: 0.1, Diff: 0.1, Sum: 0.5]
         [Processed Buffers: Min: 0, Avg: 1.1, Max: 2, Diff: 2, Sum: 9]
      [Scan RS (ms): Min: 0.1, Avg: 0.3, Max: 1.5, Diff: 1.4, Sum: 2.7]
      [Code Root Scanning (ms): Min: 0.0, Avg: 0.0, Max: 0.0, Diff: 0.0, Sum: 0.0]
      [Object Copy (ms): Min: 29.0, Avg: 33.3, Max: 34.0, Diff: 5.0, Sum: 266.5]
      [Termination (ms): Min: 0.0, Avg: 0.1, Max: 0.1, Diff: 0.1, Sum: 0.6]
         [Termination Attempts: Min: 1, Avg: 1.0, Max: 1, Diff: 0, Sum: 8]
      [GC Worker Other (ms): Min: 0.0, Avg: 0.2, Max: 0.4, Diff: 0.4, Sum: 1.4]
      [GC Worker Total (ms): Min: 30.7, Avg: 34.1, Max: 34.8, Diff: 4.2, Sum: 272.4]
      [GC Worker End (ms): Min: 9909.7, Avg: 9909.9, Max: 9910.1, Diff: 0.4]
   [Code Root Fixup: 0.0 ms]
   [Code Root Purge: 0.0 ms]
   [Clear CT: 1.1 ms]
   [Other: 3.3 ms]
      [Choose CSet: 0.0 ms]
      [Ref Proc: 1.1 ms]
      [Ref Enq: 0.0 ms]
      [Redirty Cards: 1.6 ms]
      [Humongous Register: 0.0 ms]
      [Humongous Reclaim: 0.0 ms]
      [Free CSet: 0.5 ms]
   [Eden: 2148.0M(2148.0M)->0.0B(2114.0M) Survivors: 308.0M->308.0M Heap: 3251.3M(4096.0M)->1169.2M(4096.0M)]
 [Times: user=0.29 sys=0.00, real=0.04 secs] 
2021-01-22T00:37:33.902+0800: 10.166: [GC pause (G1 Evacuation Pause) (young), 0.0387188 secs]
   [Parallel Time: 35.2 ms, GC Workers: 8]
      [GC Worker Start (ms): Min: 10165.7, Avg: 10165.9, Max: 10166.1, Diff: 0.3]
      [Ext Root Scanning (ms): Min: 0.0, Avg: 0.1, Max: 0.2, Diff: 0.2, Sum: 0.5]
      [Update RS (ms): Min: 0.0, Avg: 0.0, Max: 0.1, Diff: 0.1, Sum: 0.4]
         [Processed Buffers: Min: 0, Avg: 1.1, Max: 2, Diff: 2, Sum: 9]
      [Scan RS (ms): Min: 0.1, Avg: 0.2, Max: 0.2, Diff: 0.1, Sum: 1.2]
      [Code Root Scanning (ms): Min: 0.0, Avg: 0.0, Max: 0.0, Diff: 0.0, Sum: 0.0]
      [Object Copy (ms): Min: 34.2, Avg: 34.3, Max: 34.3, Diff: 0.1, Sum: 274.3]
      [Termination (ms): Min: 0.0, Avg: 0.0, Max: 0.1, Diff: 0.1, Sum: 0.3]
         [Termination Attempts: Min: 1, Avg: 1.1, Max: 2, Diff: 1, Sum: 9]
      [GC Worker Other (ms): Min: 0.0, Avg: 0.0, Max: 0.1, Diff: 0.1, Sum: 0.4]
      [GC Worker Total (ms): Min: 34.5, Avg: 34.6, Max: 34.9, Diff: 0.4, Sum: 277.0]
      [GC Worker End (ms): Min: 10200.5, Avg: 10200.6, Max: 10200.7, Diff: 0.2]
   [Code Root Fixup: 0.0 ms]
   [Code Root Purge: 0.0 ms]
   [Clear CT: 0.7 ms]
   [Other: 2.8 ms]
      [Choose CSet: 0.0 ms]
      [Ref Proc: 0.7 ms]
      [Ref Enq: 0.0 ms]
      [Redirty Cards: 1.4 ms]
      [Humongous Register: 0.0 ms]
      [Humongous Reclaim: 0.0 ms]
      [Free CSet: 0.5 ms]
   [Eden: 2114.0M(2114.0M)->0.0B(2034.0M) Survivors: 308.0M->304.0M Heap: 3283.2M(4096.0M)->1250.8M(4096.0M)]
 [Times: user=0.29 sys=0.00, real=0.04 secs] 
2021-01-22T00:37:34.169+0800: 10.433: [GC pause (G1 Evacuation Pause) (young), 0.0406707 secs]
   [Parallel Time: 36.9 ms, GC Workers: 8]
      [GC Worker Start (ms): Min: 10433.5, Avg: 10433.7, Max: 10433.8, Diff: 0.4]
      [Ext Root Scanning (ms): Min: 0.0, Avg: 0.1, Max: 0.2, Diff: 0.2, Sum: 0.5]
      [Update RS (ms): Min: 0.0, Avg: 0.1, Max: 0.1, Diff: 0.1, Sum: 0.5]
         [Processed Buffers: Min: 0, Avg: 1.1, Max: 2, Diff: 2, Sum: 9]
      [Scan RS (ms): Min: 0.1, Avg: 0.2, Max: 0.2, Diff: 0.1, Sum: 1.3]
      [Code Root Scanning (ms): Min: 0.0, Avg: 0.0, Max: 0.0, Diff: 0.0, Sum: 0.0]
      [Object Copy (ms): Min: 34.9, Avg: 35.1, Max: 35.7, Diff: 0.8, Sum: 280.7]
      [Termination (ms): Min: 0.0, Avg: 0.6, Max: 0.8, Diff: 0.8, Sum: 5.2]
         [Termination Attempts: Min: 1, Avg: 1.0, Max: 1, Diff: 0, Sum: 8]
      [GC Worker Other (ms): Min: 0.0, Avg: 0.0, Max: 0.0, Diff: 0.0, Sum: 0.2]
      [GC Worker Total (ms): Min: 35.9, Avg: 36.1, Max: 36.3, Diff: 0.4, Sum: 288.4]
      [GC Worker End (ms): Min: 10469.7, Avg: 10469.8, Max: 10469.8, Diff: 0.1]
   [Code Root Fixup: 0.0 ms]
   [Code Root Purge: 0.0 ms]
   [Clear CT: 1.0 ms]
   [Other: 2.8 ms]
      [Choose CSet: 0.0 ms]
      [Ref Proc: 1.0 ms]
      [Ref Enq: 0.0 ms]
      [Redirty Cards: 1.1 ms]
      [Humongous Register: 0.1 ms]
      [Humongous Reclaim: 0.0 ms]
      [Free CSet: 0.4 ms]
   [Eden: 2034.0M(2034.0M)->0.0B(1956.0M) Survivors: 304.0M->294.0M Heap: 3284.8M(4096.0M)->1331.7M(4096.0M)]
 [Times: user=0.29 sys=0.02, real=0.04 secs] 
2021-01-22T00:37:34.429+0800: 10.693: [GC pause (G1 Evacuation Pause) (young), 0.0410285 secs]
   [Parallel Time: 36.6 ms, GC Workers: 8]
      [GC Worker Start (ms): Min: 10693.1, Avg: 10693.3, Max: 10693.5, Diff: 0.4]
      [Ext Root Scanning (ms): Min: 0.0, Avg: 0.1, Max: 0.2, Diff: 0.2, Sum: 0.5]
      [Update RS (ms): Min: 0.0, Avg: 0.0, Max: 0.1, Diff: 0.1, Sum: 0.4]
         [Processed Buffers: Min: 0, Avg: 1.1, Max: 2, Diff: 2, Sum: 9]
      [Scan RS (ms): Min: 0.1, Avg: 0.1, Max: 0.2, Diff: 0.1, Sum: 1.2]
      [Code Root Scanning (ms): Min: 0.0, Avg: 0.0, Max: 0.0, Diff: 0.0, Sum: 0.0]
      [Object Copy (ms): Min: 35.1, Avg: 35.2, Max: 35.4, Diff: 0.3, Sum: 281.7]
      [Termination (ms): Min: 0.0, Avg: 0.2, Max: 0.3, Diff: 0.3, Sum: 1.3]
         [Termination Attempts: Min: 1, Avg: 1.4, Max: 2, Diff: 1, Sum: 11]
      [GC Worker Other (ms): Min: 0.0, Avg: 0.1, Max: 0.2, Diff: 0.2, Sum: 0.4]
      [GC Worker Total (ms): Min: 35.5, Avg: 35.7, Max: 36.0, Diff: 0.5, Sum: 285.5]
      [GC Worker End (ms): Min: 10728.9, Avg: 10729.0, Max: 10729.1, Diff: 0.2]
   [Code Root Fixup: 0.0 ms]
   [Code Root Purge: 0.0 ms]
   [Clear CT: 1.0 ms]
   [Other: 3.5 ms]
      [Choose CSet: 0.0 ms]
      [Ref Proc: 1.0 ms]
      [Ref Enq: 0.0 ms]
      [Redirty Cards: 1.6 ms]
      [Humongous Register: 0.0 ms]
      [Humongous Reclaim: 0.0 ms]
      [Free CSet: 0.7 ms]
   [Eden: 1956.0M(1956.0M)->0.0B(1862.0M) Survivors: 294.0M->282.0M Heap: 3287.7M(4096.0M)->1427.5M(4096.0M)]
 [Times: user=0.29 sys=0.01, real=0.04 secs] 
2021-01-22T00:37:34.676+0800: 10.940: [GC pause (G1 Evacuation Pause) (young), 0.0382747 secs]
   [Parallel Time: 35.5 ms, GC Workers: 8]
      [GC Worker Start (ms): Min: 10940.2, Avg: 10940.4, Max: 10940.5, Diff: 0.3]
      [Ext Root Scanning (ms): Min: 0.0, Avg: 0.1, Max: 0.2, Diff: 0.2, Sum: 0.5]
      [Update RS (ms): Min: 0.0, Avg: 0.1, Max: 0.1, Diff: 0.1, Sum: 0.4]
         [Processed Buffers: Min: 0, Avg: 1.1, Max: 3, Diff: 3, Sum: 9]
      [Scan RS (ms): Min: 0.1, Avg: 0.2, Max: 0.2, Diff: 0.1, Sum: 1.3]
      [Code Root Scanning (ms): Min: 0.0, Avg: 0.0, Max: 0.0, Diff: 0.0, Sum: 0.0]
      [Object Copy (ms): Min: 34.1, Avg: 34.2, Max: 34.5, Diff: 0.3, Sum: 273.7]
      [Termination (ms): Min: 0.0, Avg: 0.3, Max: 0.3, Diff: 0.3, Sum: 2.1]
         [Termination Attempts: Min: 1, Avg: 1.4, Max: 2, Diff: 1, Sum: 11]
      [GC Worker Other (ms): Min: 0.0, Avg: 0.0, Max: 0.1, Diff: 0.1, Sum: 0.2]
      [GC Worker Total (ms): Min: 34.7, Avg: 34.8, Max: 35.0, Diff: 0.3, Sum: 278.4]
      [GC Worker End (ms): Min: 10975.1, Avg: 10975.2, Max: 10975.2, Diff: 0.1]
   [Code Root Fixup: 0.0 ms]
   [Code Root Purge: 0.0 ms]
   [Clear CT: 0.8 ms]
   [Other: 2.0 ms]
      [Choose CSet: 0.0 ms]
      [Ref Proc: 0.6 ms]
      [Ref Enq: 0.0 ms]
      [Redirty Cards: 0.8 ms]
      [Humongous Register: 0.0 ms]
      [Humongous Reclaim: 0.0 ms]
      [Free CSet: 0.4 ms]
   [Eden: 1862.0M(1862.0M)->0.0B(1778.0M) Survivors: 282.0M->268.0M Heap: 3289.5M(4096.0M)->1518.2M(4096.0M)]
 [Times: user=0.29 sys=0.00, real=0.04 secs] 
2021-01-22T00:37:34.910+0800: 11.174: [GC pause (G1 Evacuation Pause) (young), 0.0393858 secs]
   [Parallel Time: 35.2 ms, GC Workers: 8]
      [GC Worker Start (ms): Min: 11174.4, Avg: 11174.8, Max: 11176.7, Diff: 2.3]
      [Ext Root Scanning (ms): Min: 0.0, Avg: 0.1, Max: 0.2, Diff: 0.2, Sum: 0.6]
      [Update RS (ms): Min: 0.0, Avg: 0.1, Max: 0.1, Diff: 0.1, Sum: 0.4]
         [Processed Buffers: Min: 0, Avg: 1.1, Max: 2, Diff: 2, Sum: 9]
      [Scan RS (ms): Min: 0.1, Avg: 0.2, Max: 0.6, Diff: 0.5, Sum: 1.7]
      [Code Root Scanning (ms): Min: 0.0, Avg: 0.0, Max: 0.0, Diff: 0.0, Sum: 0.0]
      [Object Copy (ms): Min: 31.7, Avg: 33.9, Max: 34.4, Diff: 2.7, Sum: 271.0]
      [Termination (ms): Min: 0.0, Avg: 0.2, Max: 0.3, Diff: 0.3, Sum: 1.6]
         [Termination Attempts: Min: 1, Avg: 1.0, Max: 1, Diff: 0, Sum: 8]
      [GC Worker Other (ms): Min: 0.0, Avg: 0.1, Max: 0.2, Diff: 0.2, Sum: 0.6]
      [GC Worker Total (ms): Min: 32.8, Avg: 34.5, Max: 34.9, Diff: 2.1, Sum: 276.0]
      [GC Worker End (ms): Min: 11209.2, Avg: 11209.3, Max: 11209.4, Diff: 0.2]
   [Code Root Fixup: 0.0 ms]
   [Code Root Purge: 0.0 ms]
   [Clear CT: 1.0 ms]
   [Other: 3.1 ms]
      [Choose CSet: 0.0 ms]
      [Ref Proc: 1.1 ms]
      [Ref Enq: 0.0 ms]
      [Redirty Cards: 1.3 ms]
      [Humongous Register: 0.1 ms]
      [Humongous Reclaim: 0.0 ms]
      [Free CSet: 0.5 ms]
   [Eden: 1778.0M(1778.0M)->0.0B(1678.0M) Survivors: 268.0M->256.0M Heap: 3296.2M(4096.0M)->1628.9M(4096.0M)]
 [Times: user=0.28 sys=0.01, real=0.04 secs] 
2021-01-22T00:37:35.140+0800: 11.403: [GC pause (G1 Evacuation Pause) (young), 0.0387528 secs]
   [Parallel Time: 34.8 ms, GC Workers: 8]
      [GC Worker Start (ms): Min: 11403.7, Avg: 11403.9, Max: 11404.0, Diff: 0.4]
      [Ext Root Scanning (ms): Min: 0.0, Avg: 0.1, Max: 0.2, Diff: 0.2, Sum: 0.5]
      [Update RS (ms): Min: 0.0, Avg: 0.1, Max: 0.1, Diff: 0.1, Sum: 0.4]
         [Processed Buffers: Min: 0, Avg: 1.1, Max: 2, Diff: 2, Sum: 9]
      [Scan RS (ms): Min: 0.1, Avg: 0.7, Max: 5.0, Diff: 4.9, Sum: 5.9]
      [Code Root Scanning (ms): Min: 0.0, Avg: 0.0, Max: 0.0, Diff: 0.0, Sum: 0.0]
      [Object Copy (ms): Min: 28.8, Avg: 33.1, Max: 33.7, Diff: 4.9, Sum: 264.8]
      [Termination (ms): Min: 0.0, Avg: 0.1, Max: 0.1, Diff: 0.1, Sum: 0.4]
         [Termination Attempts: Min: 1, Avg: 1.0, Max: 1, Diff: 0, Sum: 8]
      [GC Worker Other (ms): Min: 0.0, Avg: 0.0, Max: 0.1, Diff: 0.1, Sum: 0.3]
      [GC Worker Total (ms): Min: 33.9, Avg: 34.1, Max: 34.3, Diff: 0.4, Sum: 272.4]
      [GC Worker End (ms): Min: 11437.9, Avg: 11437.9, Max: 11438.0, Diff: 0.1]
   [Code Root Fixup: 0.0 ms]
   [Code Root Purge: 0.0 ms]
   [Clear CT: 1.0 ms]
   [Other: 2.9 ms]
      [Choose CSet: 0.0 ms]
      [Ref Proc: 0.7 ms]
      [Ref Enq: 0.0 ms]
      [Redirty Cards: 1.3 ms]
      [Humongous Register: 0.1 ms]
      [Humongous Reclaim: 0.0 ms]
      [Free CSet: 0.7 ms]
   [Eden: 1678.0M(1678.0M)->0.0B(1566.0M) Survivors: 256.0M->242.0M Heap: 3306.9M(4096.0M)->1749.8M(4096.0M)]
 [Times: user=0.28 sys=0.00, real=0.04 secs] 
2021-01-22T00:37:35.364+0800: 11.628: [GC pause (G1 Evacuation Pause) (young), 0.0366962 secs]
   [Parallel Time: 32.2 ms, GC Workers: 8]
      [GC Worker Start (ms): Min: 11628.0, Avg: 11628.2, Max: 11628.4, Diff: 0.3]
      [Ext Root Scanning (ms): Min: 0.0, Avg: 0.1, Max: 0.2, Diff: 0.2, Sum: 0.5]
      [Update RS (ms): Min: 0.0, Avg: 0.1, Max: 0.1, Diff: 0.1, Sum: 0.4]
         [Processed Buffers: Min: 0, Avg: 1.1, Max: 2, Diff: 2, Sum: 9]
      [Scan RS (ms): Min: 0.1, Avg: 0.1, Max: 0.1, Diff: 0.0, Sum: 1.0]
      [Code Root Scanning (ms): Min: 0.0, Avg: 0.0, Max: 0.0, Diff: 0.0, Sum: 0.0]
      [Object Copy (ms): Min: 30.8, Avg: 31.0, Max: 31.2, Diff: 0.3, Sum: 248.0]
      [Termination (ms): Min: 0.0, Avg: 0.2, Max: 0.4, Diff: 0.4, Sum: 1.6]
         [Termination Attempts: Min: 1, Avg: 1.0, Max: 1, Diff: 0, Sum: 8]
      [GC Worker Other (ms): Min: 0.0, Avg: 0.1, Max: 0.1, Diff: 0.1, Sum: 0.4]
      [GC Worker Total (ms): Min: 31.3, Avg: 31.5, Max: 31.6, Diff: 0.3, Sum: 251.9]
      [GC Worker End (ms): Min: 11659.7, Avg: 11659.7, Max: 11659.8, Diff: 0.1]
   [Code Root Fixup: 0.0 ms]
   [Code Root Purge: 0.0 ms]
   [Clear CT: 1.2 ms]
   [Other: 3.3 ms]
      [Choose CSet: 0.0 ms]
      [Ref Proc: 1.1 ms]
      [Ref Enq: 0.0 ms]
      [Redirty Cards: 1.6 ms]
      [Humongous Register: 0.0 ms]
      [Humongous Reclaim: 0.0 ms]
      [Free CSet: 0.4 ms]
   [Eden: 1566.0M(1566.0M)->0.0B(1468.0M) Survivors: 242.0M->226.0M Heap: 3315.8M(4096.0M)->1860.8M(4096.0M)]
 [Times: user=0.25 sys=0.02, real=0.04 secs] 
2021-01-22T00:37:35.569+0800: 11.833: [GC pause (G1 Evacuation Pause) (young), 0.0374403 secs]
   [Parallel Time: 33.0 ms, GC Workers: 8]
      [GC Worker Start (ms): Min: 11833.3, Avg: 11833.5, Max: 11833.7, Diff: 0.4]
      [Ext Root Scanning (ms): Min: 0.0, Avg: 0.0, Max: 0.2, Diff: 0.2, Sum: 0.4]
      [Update RS (ms): Min: 0.0, Avg: 0.0, Max: 0.1, Diff: 0.1, Sum: 0.3]
         [Processed Buffers: Min: 0, Avg: 1.1, Max: 2, Diff: 2, Sum: 9]
      [Scan RS (ms): Min: 0.1, Avg: 0.1, Max: 0.2, Diff: 0.1, Sum: 1.0]
      [Code Root Scanning (ms): Min: 0.0, Avg: 0.0, Max: 0.0, Diff: 0.0, Sum: 0.0]
      [Object Copy (ms): Min: 31.5, Avg: 31.6, Max: 31.7, Diff: 0.2, Sum: 252.7]
      [Termination (ms): Min: 0.0, Avg: 0.1, Max: 0.2, Diff: 0.2, Sum: 0.9]
         [Termination Attempts: Min: 1, Avg: 1.0, Max: 1, Diff: 0, Sum: 8]
      [GC Worker Other (ms): Min: 0.0, Avg: 0.0, Max: 0.1, Diff: 0.1, Sum: 0.3]
      [GC Worker Total (ms): Min: 31.8, Avg: 32.0, Max: 32.1, Diff: 0.3, Sum: 255.6]
      [GC Worker End (ms): Min: 11865.4, Avg: 11865.4, Max: 11865.5, Diff: 0.1]
   [Code Root Fixup: 0.0 ms]
   [Code Root Purge: 0.0 ms]
   [Clear CT: 1.1 ms]
   [Other: 3.3 ms]
      [Choose CSet: 0.0 ms]
      [Ref Proc: 1.1 ms]
      [Ref Enq: 0.0 ms]
      [Redirty Cards: 1.3 ms]
      [Humongous Register: 0.0 ms]
      [Humongous Reclaim: 0.0 ms]
      [Free CSet: 0.6 ms]
   [Eden: 1468.0M(1468.0M)->0.0B(1348.0M) Survivors: 226.0M->212.0M Heap: 3328.8M(4096.0M)->1994.7M(4096.0M)]
 [Times: user=0.27 sys=0.00, real=0.03 secs] 
2021-01-22T00:37:35.759+0800: 12.023: [GC pause (G1 Evacuation Pause) (young), 0.0359642 secs]
   [Parallel Time: 32.5 ms, GC Workers: 8]
      [GC Worker Start (ms): Min: 12022.7, Avg: 12022.9, Max: 12023.1, Diff: 0.3]
      [Ext Root Scanning (ms): Min: 0.0, Avg: 0.1, Max: 0.2, Diff: 0.2, Sum: 0.5]
      [Update RS (ms): Min: 0.0, Avg: 0.1, Max: 0.2, Diff: 0.2, Sum: 0.6]
         [Processed Buffers: Min: 0, Avg: 1.1, Max: 2, Diff: 2, Sum: 9]
      [Scan RS (ms): Min: 0.1, Avg: 0.1, Max: 0.1, Diff: 0.1, Sum: 0.8]
      [Code Root Scanning (ms): Min: 0.0, Avg: 0.0, Max: 0.0, Diff: 0.0, Sum: 0.0]
      [Object Copy (ms): Min: 31.3, Avg: 31.4, Max: 31.4, Diff: 0.1, Sum: 250.9]
      [Termination (ms): Min: 0.0, Avg: 0.0, Max: 0.1, Diff: 0.1, Sum: 0.4]
         [Termination Attempts: Min: 1, Avg: 1.0, Max: 1, Diff: 0, Sum: 8]
      [GC Worker Other (ms): Min: 0.0, Avg: 0.0, Max: 0.0, Diff: 0.0, Sum: 0.1]
      [GC Worker Total (ms): Min: 31.5, Avg: 31.7, Max: 31.9, Diff: 0.4, Sum: 253.3]
      [GC Worker End (ms): Min: 12054.6, Avg: 12054.6, Max: 12054.6, Diff: 0.0]
   [Code Root Fixup: 0.0 ms]
   [Code Root Purge: 0.0 ms]
   [Clear CT: 1.0 ms]
   [Other: 2.4 ms]
      [Choose CSet: 0.0 ms]
      [Ref Proc: 0.9 ms]
      [Ref Enq: 0.0 ms]
      [Redirty Cards: 1.0 ms]
      [Humongous Register: 0.0 ms]
      [Humongous Reclaim: 0.0 ms]
      [Free CSet: 0.3 ms]
   [Eden: 1348.0M(1348.0M)->0.0B(1224.0M) Survivors: 212.0M->196.0M Heap: 3342.7M(4096.0M)->2134.3M(4096.0M)]
 [Times: user=0.26 sys=0.00, real=0.03 secs] 
2021-01-22T00:37:35.931+0800: 12.195: [GC pause (G1 Evacuation Pause) (young) (initial-mark), 0.0344962 secs]
   [Parallel Time: 30.7 ms, GC Workers: 8]
      [GC Worker Start (ms): Min: 12195.4, Avg: 12195.6, Max: 12195.8, Diff: 0.4]
      [Ext Root Scanning (ms): Min: 0.0, Avg: 0.4, Max: 0.6, Diff: 0.6, Sum: 3.3]
      [Update RS (ms): Min: 0.0, Avg: 0.0, Max: 0.2, Diff: 0.2, Sum: 0.3]
         [Processed Buffers: Min: 0, Avg: 1.1, Max: 6, Diff: 6, Sum: 9]
      [Scan RS (ms): Min: 0.0, Avg: 0.1, Max: 0.1, Diff: 0.1, Sum: 0.6]
      [Code Root Scanning (ms): Min: 0.0, Avg: 0.0, Max: 0.0, Diff: 0.0, Sum: 0.0]
      [Object Copy (ms): Min: 28.9, Avg: 29.1, Max: 29.3, Diff: 0.4, Sum: 232.9]
      [Termination (ms): Min: 0.0, Avg: 0.2, Max: 0.3, Diff: 0.3, Sum: 1.5]
         [Termination Attempts: Min: 1, Avg: 1.4, Max: 3, Diff: 2, Sum: 11]
      [GC Worker Other (ms): Min: 0.0, Avg: 0.0, Max: 0.1, Diff: 0.1, Sum: 0.1]
      [GC Worker Total (ms): Min: 29.6, Avg: 29.8, Max: 30.1, Diff: 0.4, Sum: 238.7]
      [GC Worker End (ms): Min: 12225.4, Avg: 12225.4, Max: 12225.5, Diff: 0.0]
   [Code Root Fixup: 0.0 ms]
   [Code Root Purge: 0.0 ms]
   [Clear CT: 1.1 ms]
   [Other: 2.6 ms]
      [Choose CSet: 0.0 ms]
      [Ref Proc: 0.9 ms]
      [Ref Enq: 0.0 ms]
      [Redirty Cards: 1.2 ms]
      [Humongous Register: 0.0 ms]
      [Humongous Reclaim: 0.0 ms]
      [Free CSet: 0.3 ms]
   [Eden: 1224.0M(1224.0M)->0.0B(1112.0M) Survivors: 196.0M->178.0M Heap: 3358.3M(4096.0M)->2267.1M(4096.0M)]
 [Times: user=0.25 sys=0.00, real=0.03 secs] 
2021-01-22T00:37:35.967+0800: 12.231: [GC concurrent-root-region-scan-start]
2021-01-22T00:37:35.967+0800: 12.231: [GC concurrent-root-region-scan-end, 0.0003783 secs]
2021-01-22T00:37:35.967+0800: 12.231: [GC concurrent-mark-start]
2021-01-22T00:37:35.972+0800: 12.236: [GC concurrent-mark-end, 0.0047074 secs]
2021-01-22T00:37:35.972+0800: 12.236: [GC remark 2021-01-22T00:37:35.973+0800: 12.237: [Finalize Marking, 0.0012307 secs] 2021-01-22T00:37:35.974+0800: 12.238: [GC ref-proc, 0.0006207 secs] 2021-01-22T00:37:35.975+0800: 12.239: [Unloading, 0.0018495 secs], 0.0066707 secs]
 [Times: user=0.01 sys=0.00, real=0.01 secs] 
2021-01-22T00:37:35.980+0800: 12.244: [GC cleanup 2304M->676M(4096M), 0.0048566 secs]
 [Times: user=0.01 sys=0.00, real=0.00 secs] 
2021-01-22T00:37:35.986+0800: 12.250: [GC concurrent-cleanup-start]
2021-01-22T00:37:35.987+0800: 12.251: [GC concurrent-cleanup-end, 0.0011322 secs]
2021-01-22T00:37:36.114+0800: 12.378: [GC pause (G1 Evacuation Pause) (young), 0.0343425 secs]
   [Parallel Time: 30.1 ms, GC Workers: 8]
      [GC Worker Start (ms): Min: 12377.8, Avg: 12378.0, Max: 12378.1, Diff: 0.3]
      [Ext Root Scanning (ms): Min: 0.0, Avg: 0.1, Max: 0.2, Diff: 0.2, Sum: 0.4]
      [Update RS (ms): Min: 0.0, Avg: 0.0, Max: 0.1, Diff: 0.1, Sum: 0.4]
         [Processed Buffers: Min: 0, Avg: 1.1, Max: 2, Diff: 2, Sum: 9]
      [Scan RS (ms): Min: 0.0, Avg: 0.1, Max: 0.1, Diff: 0.1, Sum: 0.6]
      [Code Root Scanning (ms): Min: 0.0, Avg: 0.0, Max: 0.0, Diff: 0.0, Sum: 0.0]
      [Object Copy (ms): Min: 28.3, Avg: 28.4, Max: 28.8, Diff: 0.5, Sum: 227.4]
      [Termination (ms): Min: 0.0, Avg: 0.4, Max: 0.6, Diff: 0.6, Sum: 3.4]
         [Termination Attempts: Min: 1, Avg: 1.0, Max: 1, Diff: 0, Sum: 8]
      [GC Worker Other (ms): Min: 0.0, Avg: 0.0, Max: 0.0, Diff: 0.0, Sum: 0.2]
      [GC Worker Total (ms): Min: 28.9, Avg: 29.0, Max: 29.2, Diff: 0.3, Sum: 232.4]
      [GC Worker End (ms): Min: 12407.0, Avg: 12407.0, Max: 12407.1, Diff: 0.1]
   [Code Root Fixup: 0.0 ms]
   [Code Root Purge: 0.0 ms]
   [Clear CT: 1.2 ms]
   [Other: 3.0 ms]
      [Choose CSet: 0.0 ms]
      [Ref Proc: 1.0 ms]
      [Ref Enq: 0.0 ms]
      [Redirty Cards: 1.5 ms]
      [Humongous Register: 0.0 ms]
      [Humongous Reclaim: 0.0 ms]
      [Free CSet: 0.3 ms]
   [Eden: 1112.0M(1112.0M)->0.0B(43008.0K) Survivors: 178.0M->162.0M Heap: 1751.1M(4096.0M)->782.6M(4096.0M)]
 [Times: user=0.24 sys=0.00, real=0.04 secs] 
2021-01-22T00:37:36.153+0800: 12.417: [GC pause (G1 Evacuation Pause) (mixed), 0.0198394 secs]
   [Parallel Time: 16.1 ms, GC Workers: 8]
      [GC Worker Start (ms): Min: 12417.3, Avg: 12417.5, Max: 12417.6, Diff: 0.4]
      [Ext Root Scanning (ms): Min: 0.0, Avg: 0.1, Max: 0.3, Diff: 0.3, Sum: 0.6]
      [Update RS (ms): Min: 0.0, Avg: 0.1, Max: 0.1, Diff: 0.1, Sum: 0.5]
         [Processed Buffers: Min: 0, Avg: 1.1, Max: 3, Diff: 3, Sum: 9]
      [Scan RS (ms): Min: 0.0, Avg: 0.0, Max: 0.1, Diff: 0.0, Sum: 0.3]
      [Code Root Scanning (ms): Min: 0.0, Avg: 0.0, Max: 0.0, Diff: 0.0, Sum: 0.0]
      [Object Copy (ms): Min: 14.8, Avg: 14.9, Max: 14.9, Diff: 0.2, Sum: 119.0]
      [Termination (ms): Min: 0.0, Avg: 0.1, Max: 0.2, Diff: 0.2, Sum: 0.7]
         [Termination Attempts: Min: 1, Avg: 1.0, Max: 1, Diff: 0, Sum: 8]
      [GC Worker Other (ms): Min: 0.0, Avg: 0.0, Max: 0.0, Diff: 0.0, Sum: 0.0]
      [GC Worker Total (ms): Min: 15.0, Avg: 15.1, Max: 15.3, Diff: 0.4, Sum: 121.1]
      [GC Worker End (ms): Min: 12432.6, Avg: 12432.6, Max: 12432.6, Diff: 0.0]
   [Code Root Fixup: 0.0 ms]
   [Code Root Purge: 0.0 ms]
   [Clear CT: 1.4 ms]
   [Other: 2.3 ms]
      [Choose CSet: 0.0 ms]
      [Ref Proc: 0.8 ms]
      [Ref Enq: 0.0 ms]
      [Redirty Cards: 1.2 ms]
      [Humongous Register: 0.0 ms]
      [Humongous Reclaim: 0.0 ms]
      [Free CSet: 0.1 ms]
   [Eden: 43008.0K(43008.0K)->0.0B(2442.0M) Survivors: 162.0M->14336.0K Heap: 824.6M(4096.0M)->741.1M(4096.0M)]
 [Times: user=0.13 sys=0.00, real=0.02 secs] 
2021-01-22T00:37:36.457+0800: 12.720: [GC pause (G1 Evacuation Pause) (young), 0.0385242 secs]
   [Parallel Time: 34.4 ms, GC Workers: 8]
      [GC Worker Start (ms): Min: 12720.7, Avg: 12720.9, Max: 12721.0, Diff: 0.4]
      [Ext Root Scanning (ms): Min: 0.0, Avg: 0.1, Max: 0.2, Diff: 0.2, Sum: 0.5]
      [Update RS (ms): Min: 0.0, Avg: 0.1, Max: 0.1, Diff: 0.1, Sum: 0.6]
         [Processed Buffers: Min: 0, Avg: 1.1, Max: 3, Diff: 3, Sum: 9]
      [Scan RS (ms): Min: 0.2, Avg: 0.2, Max: 0.2, Diff: 0.0, Sum: 1.4]
      [Code Root Scanning (ms): Min: 0.0, Avg: 0.0, Max: 0.0, Diff: 0.0, Sum: 0.0]
      [Object Copy (ms): Min: 32.7, Avg: 32.8, Max: 32.9, Diff: 0.2, Sum: 262.3]
      [Termination (ms): Min: 0.0, Avg: 0.2, Max: 0.2, Diff: 0.2, Sum: 1.3]
         [Termination Attempts: Min: 1, Avg: 1.0, Max: 1, Diff: 0, Sum: 8]
      [GC Worker Other (ms): Min: 0.0, Avg: 0.0, Max: 0.2, Diff: 0.1, Sum: 0.3]
      [GC Worker Total (ms): Min: 33.1, Avg: 33.3, Max: 33.5, Diff: 0.4, Sum: 266.4]
      [GC Worker End (ms): Min: 12754.1, Avg: 12754.2, Max: 12754.3, Diff: 0.1]
   [Code Root Fixup: 0.0 ms]
   [Code Root Purge: 0.0 ms]
   [Clear CT: 1.1 ms]
   [Other: 3.1 ms]
      [Choose CSet: 0.0 ms]
      [Ref Proc: 0.9 ms]
      [Ref Enq: 0.0 ms]
      [Redirty Cards: 1.3 ms]
      [Humongous Register: 0.1 ms]
      [Humongous Reclaim: 0.0 ms]
      [Free CSet: 0.6 ms]
   [Eden: 2442.0M(2442.0M)->0.0B(2148.0M) Survivors: 14336.0K->308.0M Heap: 3183.1M(4096.0M)->1095.7M(4096.0M)]
 [Times: user=0.27 sys=0.00, real=0.04 secs] 
2021-01-22T00:37:36.735+0800: 12.999: [GC pause (G1 Evacuation Pause) (young), 0.0426114 secs]
   [Parallel Time: 38.0 ms, GC Workers: 8]
      [GC Worker Start (ms): Min: 12998.8, Avg: 12999.0, Max: 12999.1, Diff: 0.3]
      [Ext Root Scanning (ms): Min: 0.0, Avg: 0.1, Max: 0.2, Diff: 0.2, Sum: 0.5]
      [Update RS (ms): Min: 0.0, Avg: 0.1, Max: 0.1, Diff: 0.1, Sum: 0.4]
         [Processed Buffers: Min: 0, Avg: 1.1, Max: 2, Diff: 2, Sum: 9]
      [Scan RS (ms): Min: 0.1, Avg: 0.2, Max: 0.2, Diff: 0.1, Sum: 1.3]
      [Code Root Scanning (ms): Min: 0.0, Avg: 0.0, Max: 0.0, Diff: 0.0, Sum: 0.0]
      [Object Copy (ms): Min: 36.5, Avg: 36.6, Max: 36.7, Diff: 0.2, Sum: 293.0]
      [Termination (ms): Min: 0.0, Avg: 0.1, Max: 0.2, Diff: 0.2, Sum: 0.7]
         [Termination Attempts: Min: 1, Avg: 1.0, Max: 1, Diff: 0, Sum: 8]
      [GC Worker Other (ms): Min: 0.0, Avg: 0.1, Max: 0.2, Diff: 0.2, Sum: 0.5]
      [GC Worker Total (ms): Min: 36.8, Avg: 37.0, Max: 37.2, Diff: 0.4, Sum: 296.4]
      [GC Worker End (ms): Min: 13036.0, Avg: 13036.0, Max: 13036.2, Diff: 0.2]
   [Code Root Fixup: 0.0 ms]
   [Code Root Purge: 0.0 ms]
   [Clear CT: 1.1 ms]
   [Other: 3.5 ms]
      [Choose CSet: 0.0 ms]
      [Ref Proc: 0.8 ms]
      [Ref Enq: 0.0 ms]
      [Redirty Cards: 1.7 ms]
      [Humongous Register: 0.0 ms]
      [Humongous Reclaim: 0.0 ms]
      [Free CSet: 0.8 ms]
   [Eden: 2148.0M(2148.0M)->0.0B(2080.0M) Survivors: 308.0M->308.0M Heap: 3243.7M(4096.0M)->1193.8M(4096.0M)]
 [Times: user=0.31 sys=0.00, real=0.04 secs] 
2021-01-22T00:37:37.018+0800: 13.282: [GC pause (G1 Evacuation Pause) (young), 0.0405348 secs]
   [Parallel Time: 36.2 ms, GC Workers: 8]
      [GC Worker Start (ms): Min: 13282.0, Avg: 13282.2, Max: 13282.4, Diff: 0.4]
      [Ext Root Scanning (ms): Min: 0.0, Avg: 0.1, Max: 0.2, Diff: 0.2, Sum: 0.4]
      [Update RS (ms): Min: 0.0, Avg: 0.1, Max: 0.2, Diff: 0.2, Sum: 0.4]
         [Processed Buffers: Min: 0, Avg: 1.1, Max: 3, Diff: 3, Sum: 9]
      [Scan RS (ms): Min: 0.1, Avg: 0.2, Max: 0.2, Diff: 0.1, Sum: 1.5]
      [Code Root Scanning (ms): Min: 0.0, Avg: 0.0, Max: 0.1, Diff: 0.1, Sum: 0.1]
      [Object Copy (ms): Min: 34.6, Avg: 34.7, Max: 34.8, Diff: 0.2, Sum: 277.6]
      [Termination (ms): Min: 0.0, Avg: 0.1, Max: 0.1, Diff: 0.1, Sum: 0.7]
         [Termination Attempts: Min: 1, Avg: 1.2, Max: 2, Diff: 1, Sum: 10]
      [GC Worker Other (ms): Min: 0.0, Avg: 0.1, Max: 0.2, Diff: 0.2, Sum: 0.5]
      [GC Worker Total (ms): Min: 34.9, Avg: 35.2, Max: 35.4, Diff: 0.5, Sum: 281.2]
      [GC Worker End (ms): Min: 13317.3, Avg: 13317.4, Max: 13317.5, Diff: 0.2]
   [Code Root Fixup: 0.0 ms]
   [Code Root Purge: 0.0 ms]
   [Clear CT: 1.0 ms]
   [Other: 3.4 ms]
      [Choose CSet: 0.0 ms]
      [Ref Proc: 1.0 ms]
      [Ref Enq: 0.0 ms]
      [Redirty Cards: 1.1 ms]
      [Humongous Register: 0.0 ms]
      [Humongous Reclaim: 0.0 ms]
      [Free CSet: 1.0 ms]
   [Eden: 2080.0M(2080.0M)->0.0B(2000.0M) Survivors: 308.0M->300.0M Heap: 3273.8M(4096.0M)->1277.8M(4096.0M)]
 [Times: user=0.29 sys=0.00, real=0.05 secs] 
2021-01-22T00:37:37.290+0800: 13.554: [GC pause (G1 Evacuation Pause) (young), 0.0417083 secs]
   [Parallel Time: 37.2 ms, GC Workers: 8]
      [GC Worker Start (ms): Min: 13554.3, Avg: 13554.5, Max: 13554.7, Diff: 0.4]
      [Ext Root Scanning (ms): Min: 0.0, Avg: 0.1, Max: 0.2, Diff: 0.2, Sum: 0.5]
      [Update RS (ms): Min: 0.0, Avg: 0.1, Max: 0.2, Diff: 0.2, Sum: 0.5]
         [Processed Buffers: Min: 0, Avg: 1.1, Max: 3, Diff: 3, Sum: 9]
      [Scan RS (ms): Min: 0.2, Avg: 1.0, Max: 6.4, Diff: 6.3, Sum: 7.7]
      [Code Root Scanning (ms): Min: 0.0, Avg: 0.0, Max: 0.0, Diff: 0.0, Sum: 0.0]
      [Object Copy (ms): Min: 29.9, Avg: 34.9, Max: 36.0, Diff: 6.1, Sum: 279.3]
      [Termination (ms): Min: 0.0, Avg: 0.5, Max: 0.6, Diff: 0.6, Sum: 3.8]
         [Termination Attempts: Min: 1, Avg: 1.2, Max: 2, Diff: 1, Sum: 10]
      [GC Worker Other (ms): Min: 0.0, Avg: 0.0, Max: 0.1, Diff: 0.1, Sum: 0.4]
      [GC Worker Total (ms): Min: 36.3, Avg: 36.5, Max: 36.8, Diff: 0.4, Sum: 292.2]
      [GC Worker End (ms): Min: 13591.0, Avg: 13591.1, Max: 13591.2, Diff: 0.1]
   [Code Root Fixup: 0.0 ms]
   [Code Root Purge: 0.0 ms]
   [Clear CT: 1.4 ms]
   [Other: 3.1 ms]
      [Choose CSet: 0.0 ms]
      [Ref Proc: 0.8 ms]
      [Ref Enq: 0.0 ms]
      [Redirty Cards: 1.5 ms]
      [Humongous Register: 0.0 ms]
      [Humongous Reclaim: 0.0 ms]
      [Free CSet: 0.5 ms]
   [Eden: 2000.0M(2000.0M)->0.0B(1912.0M) Survivors: 300.0M->288.0M Heap: 3277.8M(4096.0M)->1366.4M(4096.0M)]
 [Times: user=0.30 sys=0.00, real=0.04 secs] 
2021-01-22T00:37:37.582+0800: 13.846: [GC pause (G1 Evacuation Pause) (young), 0.0449033 secs]
   [Parallel Time: 41.1 ms, GC Workers: 8]
      [GC Worker Start (ms): Min: 13846.0, Avg: 13846.2, Max: 13846.3, Diff: 0.3]
      [Ext Root Scanning (ms): Min: 0.0, Avg: 0.1, Max: 0.2, Diff: 0.2, Sum: 0.5]
      [Update RS (ms): Min: 0.0, Avg: 0.1, Max: 0.1, Diff: 0.1, Sum: 0.5]
         [Processed Buffers: Min: 0, Avg: 1.1, Max: 2, Diff: 2, Sum: 9]
      [Scan RS (ms): Min: 0.1, Avg: 0.1, Max: 0.2, Diff: 0.0, Sum: 1.2]
      [Code Root Scanning (ms): Min: 0.0, Avg: 0.0, Max: 0.0, Diff: 0.0, Sum: 0.0]
      [Object Copy (ms): Min: 39.7, Avg: 39.9, Max: 40.3, Diff: 0.6, Sum: 319.1]
      [Termination (ms): Min: 0.0, Avg: 0.5, Max: 0.7, Diff: 0.7, Sum: 3.8]
         [Termination Attempts: Min: 1, Avg: 1.0, Max: 1, Diff: 0, Sum: 8]
      [GC Worker Other (ms): Min: 0.0, Avg: 0.0, Max: 0.0, Diff: 0.0, Sum: 0.1]
      [GC Worker Total (ms): Min: 40.5, Avg: 40.6, Max: 40.8, Diff: 0.3, Sum: 325.2]
      [GC Worker End (ms): Min: 13886.8, Avg: 13886.8, Max: 13886.8, Diff: 0.1]
   [Code Root Fixup: 0.0 ms]
   [Code Root Purge: 0.0 ms]
   [Clear CT: 1.0 ms]
   [Other: 2.8 ms]
      [Choose CSet: 0.0 ms]
      [Ref Proc: 0.9 ms]
      [Ref Enq: 0.0 ms]
      [Redirty Cards: 0.9 ms]
      [Humongous Register: 0.0 ms]
      [Humongous Reclaim: 0.0 ms]
      [Free CSet: 0.8 ms]
   [Eden: 1912.0M(1912.0M)->0.0B(1816.0M) Survivors: 288.0M->276.0M Heap: 3278.4M(4096.0M)->1471.0M(4096.0M)]
 [Times: user=0.34 sys=0.00, real=0.04 secs] 
2021-01-22T00:37:37.840+0800: 14.104: [GC pause (G1 Evacuation Pause) (young), 0.0445710 secs]
   [Parallel Time: 41.4 ms, GC Workers: 8]
      [GC Worker Start (ms): Min: 14104.0, Avg: 14104.3, Max: 14104.8, Diff: 0.7]
      [Ext Root Scanning (ms): Min: 0.0, Avg: 0.1, Max: 0.2, Diff: 0.2, Sum: 0.6]
      [Update RS (ms): Min: 0.0, Avg: 0.1, Max: 0.1, Diff: 0.1, Sum: 0.5]
         [Processed Buffers: Min: 0, Avg: 1.1, Max: 2, Diff: 2, Sum: 9]
      [Scan RS (ms): Min: 0.1, Avg: 0.2, Max: 0.2, Diff: 0.1, Sum: 1.2]
      [Code Root Scanning (ms): Min: 0.0, Avg: 0.0, Max: 0.0, Diff: 0.0, Sum: 0.0]
      [Object Copy (ms): Min: 37.1, Avg: 38.1, Max: 40.2, Diff: 3.1, Sum: 304.8]
      [Termination (ms): Min: 0.0, Avg: 2.1, Max: 3.1, Diff: 3.1, Sum: 16.8]
         [Termination Attempts: Min: 1, Avg: 1.0, Max: 1, Diff: 0, Sum: 8]
      [GC Worker Other (ms): Min: 0.0, Avg: 0.1, Max: 0.2, Diff: 0.2, Sum: 0.5]
      [GC Worker Total (ms): Min: 40.0, Avg: 40.6, Max: 40.9, Diff: 1.0, Sum: 324.5]
      [GC Worker End (ms): Min: 14144.7, Avg: 14144.8, Max: 14145.1, Diff: 0.4]
   [Code Root Fixup: 0.0 ms]
   [Code Root Purge: 0.0 ms]
   [Clear CT: 0.6 ms]
   [Other: 2.6 ms]
      [Choose CSet: 0.0 ms]
      [Ref Proc: 1.2 ms]
      [Ref Enq: 0.0 ms]
      [Redirty Cards: 0.7 ms]
      [Humongous Register: 0.0 ms]
      [Humongous Reclaim: 0.0 ms]
      [Free CSet: 0.5 ms]
   [Eden: 1816.0M(1816.0M)->0.0B(1740.0M) Survivors: 276.0M->262.0M Heap: 3287.0M(4096.0M)->1556.7M(4096.0M)]
 [Times: user=0.33 sys=0.00, real=0.04 secs] 
2021-01-22T00:37:38.096+0800: 14.360: [GC pause (G1 Evacuation Pause) (young), 0.0411620 secs]
   [Parallel Time: 36.8 ms, GC Workers: 8]
      [GC Worker Start (ms): Min: 14359.7, Avg: 14360.1, Max: 14361.4, Diff: 1.6]
      [Ext Root Scanning (ms): Min: 0.0, Avg: 0.1, Max: 0.2, Diff: 0.2, Sum: 0.5]
      [Update RS (ms): Min: 0.0, Avg: 0.1, Max: 0.1, Diff: 0.1, Sum: 0.5]
         [Processed Buffers: Min: 0, Avg: 1.1, Max: 2, Diff: 2, Sum: 9]
      [Scan RS (ms): Min: 0.1, Avg: 0.2, Max: 0.6, Diff: 0.5, Sum: 1.6]
      [Code Root Scanning (ms): Min: 0.0, Avg: 0.0, Max: 0.0, Diff: 0.0, Sum: 0.0]
      [Object Copy (ms): Min: 33.7, Avg: 35.3, Max: 35.6, Diff: 1.9, Sum: 282.2]
      [Termination (ms): Min: 0.0, Avg: 0.1, Max: 0.2, Diff: 0.2, Sum: 1.0]
         [Termination Attempts: Min: 1, Avg: 1.4, Max: 2, Diff: 1, Sum: 11]
      [GC Worker Other (ms): Min: 0.0, Avg: 0.0, Max: 0.0, Diff: 0.0, Sum: 0.1]
      [GC Worker Total (ms): Min: 34.5, Avg: 35.7, Max: 36.1, Diff: 1.6, Sum: 285.9]
      [GC Worker End (ms): Min: 14395.8, Avg: 14395.9, Max: 14395.9, Diff: 0.0]
   [Code Root Fixup: 0.0 ms]
   [Code Root Purge: 0.0 ms]
   [Clear CT: 1.4 ms]
   [Other: 3.0 ms]
      [Choose CSet: 0.0 ms]
      [Ref Proc: 1.1 ms]
      [Ref Enq: 0.0 ms]
      [Redirty Cards: 1.2 ms]
      [Humongous Register: 0.0 ms]
      [Humongous Reclaim: 0.0 ms]
      [Free CSet: 0.4 ms]
   [Eden: 1740.0M(1740.0M)->0.0B(1638.0M) Survivors: 262.0M->252.0M Heap: 3296.7M(4096.0M)->1670.5M(4096.0M)]
 [Times: user=0.27 sys=0.00, real=0.04 secs] 
2021-01-22T00:37:38.336+0800: 14.600: [GC pause (G1 Evacuation Pause) (young), 0.0424635 secs]
   [Parallel Time: 39.4 ms, GC Workers: 8]
      [GC Worker Start (ms): Min: 14600.1, Avg: 14600.3, Max: 14600.5, Diff: 0.4]
      [Ext Root Scanning (ms): Min: 0.0, Avg: 0.1, Max: 0.2, Diff: 0.2, Sum: 0.5]
      [Update RS (ms): Min: 0.0, Avg: 0.1, Max: 0.1, Diff: 0.1, Sum: 0.4]
         [Processed Buffers: Min: 0, Avg: 1.1, Max: 3, Diff: 3, Sum: 9]
      [Scan RS (ms): Min: 0.1, Avg: 0.2, Max: 0.2, Diff: 0.1, Sum: 1.3]
      [Code Root Scanning (ms): Min: 0.0, Avg: 0.0, Max: 0.0, Diff: 0.0, Sum: 0.1]
      [Object Copy (ms): Min: 36.9, Avg: 37.3, Max: 38.1, Diff: 1.2, Sum: 298.3]
      [Termination (ms): Min: 0.0, Avg: 0.9, Max: 1.2, Diff: 1.2, Sum: 6.8]
         [Termination Attempts: Min: 1, Avg: 1.0, Max: 1, Diff: 0, Sum: 8]
      [GC Worker Other (ms): Min: 0.0, Avg: 0.0, Max: 0.1, Diff: 0.1, Sum: 0.3]
      [GC Worker Total (ms): Min: 38.3, Avg: 38.5, Max: 38.7, Diff: 0.4, Sum: 307.6]
      [GC Worker End (ms): Min: 14638.8, Avg: 14638.8, Max: 14638.8, Diff: 0.1]
   [Code Root Fixup: 0.0 ms]
   [Code Root Purge: 0.0 ms]
   [Clear CT: 0.8 ms]
   [Other: 2.2 ms]
      [Choose CSet: 0.0 ms]
      [Ref Proc: 0.8 ms]
      [Ref Enq: 0.0 ms]
      [Redirty Cards: 0.9 ms]
      [Humongous Register: 0.0 ms]
      [Humongous Reclaim: 0.0 ms]
      [Free CSet: 0.4 ms]
   [Eden: 1638.0M(1638.0M)->0.0B(1518.0M) Survivors: 252.0M->238.0M Heap: 3308.5M(4096.0M)->1800.7M(4096.0M)]
 [Times: user=0.31 sys=0.00, real=0.05 secs] 
2021-01-22T00:37:38.554+0800: 14.818: [GC pause (G1 Evacuation Pause) (young), 0.0446254 secs]
   [Parallel Time: 38.6 ms, GC Workers: 8]
      [GC Worker Start (ms): Min: 14818.4, Avg: 14818.7, Max: 14819.0, Diff: 0.6]
      [Ext Root Scanning (ms): Min: 0.0, Avg: 0.0, Max: 0.2, Diff: 0.2, Sum: 0.4]
      [Update RS (ms): Min: 0.0, Avg: 0.1, Max: 0.1, Diff: 0.1, Sum: 0.5]
         [Processed Buffers: Min: 0, Avg: 1.1, Max: 3, Diff: 3, Sum: 9]
      [Scan RS (ms): Min: 0.1, Avg: 0.1, Max: 0.2, Diff: 0.1, Sum: 1.0]
      [Code Root Scanning (ms): Min: 0.0, Avg: 0.0, Max: 0.0, Diff: 0.0, Sum: 0.0]
      [Object Copy (ms): Min: 36.2, Avg: 36.6, Max: 37.3, Diff: 1.1, Sum: 292.6]
      [Termination (ms): Min: 0.0, Avg: 0.9, Max: 1.1, Diff: 1.1, Sum: 7.2]
         [Termination Attempts: Min: 1, Avg: 1.1, Max: 2, Diff: 1, Sum: 9]
      [GC Worker Other (ms): Min: 0.0, Avg: 0.0, Max: 0.1, Diff: 0.1, Sum: 0.2]
      [GC Worker Total (ms): Min: 37.4, Avg: 37.7, Max: 38.0, Diff: 0.7, Sum: 301.8]
      [GC Worker End (ms): Min: 14856.4, Avg: 14856.4, Max: 14856.5, Diff: 0.1]
   [Code Root Fixup: 0.0 ms]
   [Code Root Purge: 0.0 ms]
   [Clear CT: 1.1 ms]
   [Other: 4.8 ms]
      [Choose CSet: 0.0 ms]
      [Ref Proc: 3.0 ms]
      [Ref Enq: 0.0 ms]
      [Redirty Cards: 1.2 ms]
      [Humongous Register: 0.1 ms]
      [Humongous Reclaim: 0.0 ms]
      [Free CSet: 0.4 ms]
   [Eden: 1518.0M(1518.0M)->0.0B(1390.0M) Survivors: 238.0M->220.0M Heap: 3318.7M(4096.0M)->1942.9M(4096.0M)]
 [Times: user=0.32 sys=0.00, real=0.05 secs] 
2021-01-22T00:37:38.772+0800: 15.036: [GC pause (G1 Evacuation Pause) (young), 0.0418304 secs]
   [Parallel Time: 37.3 ms, GC Workers: 8]
      [GC Worker Start (ms): Min: 15036.5, Avg: 15037.3, Max: 15041.8, Diff: 5.3]
      [Ext Root Scanning (ms): Min: 0.0, Avg: 0.1, Max: 0.4, Diff: 0.4, Sum: 1.0]
      [Update RS (ms): Min: 0.0, Avg: 0.1, Max: 0.1, Diff: 0.1, Sum: 0.6]
         [Processed Buffers: Min: 0, Avg: 1.1, Max: 2, Diff: 2, Sum: 9]
      [Scan RS (ms): Min: 0.1, Avg: 0.2, Max: 0.8, Diff: 0.8, Sum: 1.7]
      [Code Root Scanning (ms): Min: 0.0, Avg: 0.0, Max: 0.0, Diff: 0.0, Sum: 0.0]
      [Object Copy (ms): Min: 29.9, Avg: 34.9, Max: 36.3, Diff: 6.5, Sum: 279.6]
      [Termination (ms): Min: 0.0, Avg: 0.7, Max: 1.1, Diff: 1.1, Sum: 5.7]
         [Termination Attempts: Min: 1, Avg: 1.0, Max: 1, Diff: 0, Sum: 8]
      [GC Worker Other (ms): Min: 0.0, Avg: 0.0, Max: 0.0, Diff: 0.0, Sum: 0.1]
      [GC Worker Total (ms): Min: 31.7, Avg: 36.1, Max: 36.9, Diff: 5.3, Sum: 288.7]
      [GC Worker End (ms): Min: 15073.4, Avg: 15073.4, Max: 15073.5, Diff: 0.1]
   [Code Root Fixup: 0.0 ms]
   [Code Root Purge: 0.0 ms]
   [Clear CT: 0.9 ms]
   [Other: 3.6 ms]
      [Choose CSet: 0.0 ms]
      [Ref Proc: 1.6 ms]
      [Ref Enq: 0.0 ms]
      [Redirty Cards: 1.5 ms]
      [Humongous Register: 0.0 ms]
      [Humongous Reclaim: 0.0 ms]
      [Free CSet: 0.3 ms]
   [Eden: 1390.0M(1390.0M)->0.0B(1266.0M) Survivors: 220.0M->202.0M Heap: 3332.9M(4096.0M)->2082.7M(4096.0M)]
 [Times: user=0.30 sys=0.00, real=0.04 secs] 
2021-01-22T00:37:38.966+0800: 15.229: [GC pause (G1 Evacuation Pause) (young) (initial-mark), 0.0387976 secs]
   [Parallel Time: 35.5 ms, GC Workers: 8]
      [GC Worker Start (ms): Min: 15229.7, Avg: 15229.9, Max: 15230.1, Diff: 0.4]
      [Ext Root Scanning (ms): Min: 0.0, Avg: 0.4, Max: 0.6, Diff: 0.6, Sum: 3.1]
      [Update RS (ms): Min: 0.0, Avg: 0.0, Max: 0.2, Diff: 0.2, Sum: 0.3]
         [Processed Buffers: Min: 0, Avg: 1.1, Max: 4, Diff: 4, Sum: 9]
      [Scan RS (ms): Min: 0.0, Avg: 0.1, Max: 0.1, Diff: 0.1, Sum: 0.8]
      [Code Root Scanning (ms): Min: 0.0, Avg: 0.0, Max: 0.0, Diff: 0.0, Sum: 0.0]
      [Object Copy (ms): Min: 32.9, Avg: 33.1, Max: 33.9, Diff: 1.0, Sum: 265.1]
      [Termination (ms): Min: 0.0, Avg: 0.8, Max: 1.0, Diff: 1.0, Sum: 6.5]
         [Termination Attempts: Min: 1, Avg: 1.0, Max: 1, Diff: 0, Sum: 8]
      [GC Worker Other (ms): Min: 0.0, Avg: 0.0, Max: 0.0, Diff: 0.0, Sum: 0.1]
      [GC Worker Total (ms): Min: 34.3, Avg: 34.5, Max: 34.7, Diff: 0.4, Sum: 276.1]
      [GC Worker End (ms): Min: 15264.4, Avg: 15264.4, Max: 15264.5, Diff: 0.0]
   [Code Root Fixup: 0.0 ms]
   [Code Root Purge: 0.0 ms]
   [Clear CT: 1.0 ms]
   [Other: 2.2 ms]
      [Choose CSet: 0.0 ms]
      [Ref Proc: 0.8 ms]
      [Ref Enq: 0.0 ms]
      [Redirty Cards: 0.9 ms]
      [Humongous Register: 0.0 ms]
      [Humongous Reclaim: 0.0 ms]
      [Free CSet: 0.3 ms]
   [Eden: 1266.0M(1266.0M)->0.0B(1156.0M) Survivors: 202.0M->184.0M Heap: 3348.7M(4096.0M)->2213.9M(4096.0M)]
 [Times: user=0.28 sys=0.00, real=0.04 secs] 
2021-01-22T00:37:39.005+0800: 15.269: [GC concurrent-root-region-scan-start]
2021-01-22T00:37:39.006+0800: 15.270: [GC concurrent-root-region-scan-end, 0.0002908 secs]
2021-01-22T00:37:39.006+0800: 15.270: [GC concurrent-mark-start]
2021-01-22T00:37:39.013+0800: 15.277: [GC concurrent-mark-end, 0.0070039 secs]
2021-01-22T00:37:39.013+0800: 15.277: [GC remark 2021-01-22T00:37:39.013+0800: 15.277: [Finalize Marking, 0.0012954 secs] 2021-01-22T00:37:39.015+0800: 15.279: [GC ref-proc, 0.0005686 secs] 2021-01-22T00:37:39.016+0800: 15.280: [Unloading, 0.0011283 secs], 0.0057159 secs]
 [Times: user=0.02 sys=0.00, real=0.01 secs] 
2021-01-22T00:37:39.020+0800: 15.284: [GC cleanup 2263M->701M(4096M), 0.0038914 secs]
 [Times: user=0.01 sys=0.00, real=0.00 secs] 
2021-01-22T00:37:39.025+0800: 15.289: [GC concurrent-cleanup-start]
2021-01-22T00:37:39.028+0800: 15.291: [GC concurrent-cleanup-end, 0.0028891 secs]
2021-01-22T00:37:39.178+0800: 15.442: [GC pause (G1 Evacuation Pause) (young), 0.0343366 secs]
   [Parallel Time: 29.9 ms, GC Workers: 8]
      [GC Worker Start (ms): Min: 15442.3, Avg: 15442.5, Max: 15442.6, Diff: 0.3]
      [Ext Root Scanning (ms): Min: 0.0, Avg: 0.1, Max: 0.2, Diff: 0.2, Sum: 0.5]
      [Update RS (ms): Min: 0.0, Avg: 0.1, Max: 0.1, Diff: 0.1, Sum: 0.6]
         [Processed Buffers: Min: 0, Avg: 1.1, Max: 2, Diff: 2, Sum: 9]
      [Scan RS (ms): Min: 0.0, Avg: 0.1, Max: 0.1, Diff: 0.1, Sum: 0.6]
      [Code Root Scanning (ms): Min: 0.0, Avg: 0.0, Max: 0.0, Diff: 0.0, Sum: 0.0]
      [Object Copy (ms): Min: 28.2, Avg: 28.3, Max: 28.9, Diff: 0.7, Sum: 226.7]
      [Termination (ms): Min: 0.0, Avg: 0.6, Max: 0.7, Diff: 0.7, Sum: 4.7]
         [Termination Attempts: Min: 1, Avg: 1.0, Max: 1, Diff: 0, Sum: 8]
      [GC Worker Other (ms): Min: 0.0, Avg: 0.0, Max: 0.0, Diff: 0.0, Sum: 0.1]
      [GC Worker Total (ms): Min: 29.0, Avg: 29.1, Max: 29.3, Diff: 0.3, Sum: 233.2]
      [GC Worker End (ms): Min: 15471.6, Avg: 15471.6, Max: 15471.7, Diff: 0.1]
   [Code Root Fixup: 0.0 ms]
   [Code Root Purge: 0.0 ms]
   [Clear CT: 1.4 ms]
   [Other: 3.0 ms]
      [Choose CSet: 0.0 ms]
      [Ref Proc: 1.6 ms]
      [Ref Enq: 0.0 ms]
      [Redirty Cards: 0.8 ms]
      [Humongous Register: 0.0 ms]
      [Humongous Reclaim: 0.0 ms]
      [Free CSet: 0.3 ms]
   [Eden: 1156.0M(1156.0M)->0.0B(36864.0K) Survivors: 184.0M->168.0M Heap: 1807.9M(4096.0M)->783.8M(4096.0M)]
 [Times: user=0.25 sys=0.00, real=0.03 secs] 
2021-01-22T00:37:39.217+0800: 15.481: [GC pause (G1 Evacuation Pause) (mixed), 0.0202206 secs]
   [Parallel Time: 17.7 ms, GC Workers: 8]
      [GC Worker Start (ms): Min: 15481.1, Avg: 15481.3, Max: 15481.4, Diff: 0.3]
      [Ext Root Scanning (ms): Min: 0.0, Avg: 0.1, Max: 0.2, Diff: 0.2, Sum: 0.5]
      [Update RS (ms): Min: 0.0, Avg: 0.1, Max: 0.1, Diff: 0.1, Sum: 0.6]
         [Processed Buffers: Min: 0, Avg: 1.1, Max: 2, Diff: 2, Sum: 9]
      [Scan RS (ms): Min: 0.0, Avg: 0.0, Max: 0.0, Diff: 0.0, Sum: 0.2]
      [Code Root Scanning (ms): Min: 0.0, Avg: 0.0, Max: 0.0, Diff: 0.0, Sum: 0.0]
      [Object Copy (ms): Min: 16.7, Avg: 16.9, Max: 17.0, Diff: 0.3, Sum: 134.9]
      [Termination (ms): Min: 0.0, Avg: 0.2, Max: 0.3, Diff: 0.3, Sum: 1.6]
         [Termination Attempts: Min: 1, Avg: 1.0, Max: 1, Diff: 0, Sum: 8]
      [GC Worker Other (ms): Min: 0.0, Avg: 0.0, Max: 0.0, Diff: 0.0, Sum: 0.1]
      [GC Worker Total (ms): Min: 17.1, Avg: 17.2, Max: 17.4, Diff: 0.3, Sum: 137.9]
      [GC Worker End (ms): Min: 15498.5, Avg: 15498.5, Max: 15498.6, Diff: 0.1]
   [Code Root Fixup: 0.0 ms]
   [Code Root Purge: 0.0 ms]
   [Clear CT: 0.7 ms]
   [Other: 1.8 ms]
      [Choose CSet: 0.0 ms]
      [Ref Proc: 0.7 ms]
      [Ref Enq: 0.0 ms]
      [Redirty Cards: 0.8 ms]
      [Humongous Register: 0.0 ms]
      [Humongous Reclaim: 0.0 ms]
      [Free CSet: 0.1 ms]
   [Eden: 36864.0K(36864.0K)->0.0B(2440.0M) Survivors: 168.0M->16384.0K Heap: 819.8M(4096.0M)->734.4M(4096.0M)]
 [Times: user=0.14 sys=0.00, real=0.02 secs] 
2021-01-22T00:37:39.521+0800: 15.785: [GC pause (G1 Evacuation Pause) (young), 0.0391494 secs]
   [Parallel Time: 34.1 ms, GC Workers: 8]
      [GC Worker Start (ms): Min: 15784.7, Avg: 15784.9, Max: 15785.1, Diff: 0.4]
      [Ext Root Scanning (ms): Min: 0.0, Avg: 0.1, Max: 0.2, Diff: 0.2, Sum: 0.5]
      [Update RS (ms): Min: 0.0, Avg: 0.1, Max: 0.2, Diff: 0.2, Sum: 0.6]
         [Processed Buffers: Min: 0, Avg: 1.1, Max: 3, Diff: 3, Sum: 9]
      [Scan RS (ms): Min: 0.1, Avg: 0.2, Max: 0.2, Diff: 0.1, Sum: 1.5]
      [Code Root Scanning (ms): Min: 0.0, Avg: 0.0, Max: 0.0, Diff: 0.0, Sum: 0.0]
      [Object Copy (ms): Min: 32.6, Avg: 32.6, Max: 32.8, Diff: 0.2, Sum: 261.1]
      [Termination (ms): Min: 0.0, Avg: 0.1, Max: 0.1, Diff: 0.1, Sum: 0.5]
         [Termination Attempts: Min: 1, Avg: 1.1, Max: 2, Diff: 1, Sum: 9]
      [GC Worker Other (ms): Min: 0.0, Avg: 0.0, Max: 0.2, Diff: 0.2, Sum: 0.3]
      [GC Worker Total (ms): Min: 32.8, Avg: 33.1, Max: 33.3, Diff: 0.5, Sum: 264.5]
      [GC Worker End (ms): Min: 15818.0, Avg: 15818.0, Max: 15818.1, Diff: 0.2]
   [Code Root Fixup: 0.0 ms]
   [Code Root Purge: 0.0 ms]
   [Clear CT: 0.9 ms]
   [Other: 4.1 ms]
      [Choose CSet: 0.0 ms]
      [Ref Proc: 0.6 ms]
      [Ref Enq: 0.0 ms]
      [Redirty Cards: 1.8 ms]
      [Humongous Register: 0.0 ms]
      [Humongous Reclaim: 0.0 ms]
      [Free CSet: 1.5 ms]
   [Eden: 2440.0M(2440.0M)->0.0B(2148.0M) Survivors: 16384.0K->308.0M Heap: 3174.4M(4096.0M)->1077.8M(4096.0M)]
 [Times: user=0.28 sys=0.00, real=0.04 secs] 
2021-01-22T00:37:39.855+0800: 16.119: [GC pause (G1 Evacuation Pause) (young), 0.0448115 secs]
   [Parallel Time: 41.8 ms, GC Workers: 8]
      [GC Worker Start (ms): Min: 16118.9, Avg: 16119.1, Max: 16119.3, Diff: 0.4]
      [Ext Root Scanning (ms): Min: 0.0, Avg: 1.2, Max: 9.2, Diff: 9.2, Sum: 9.6]
      [Update RS (ms): Min: 0.0, Avg: 0.1, Max: 0.2, Diff: 0.2, Sum: 0.5]
         [Processed Buffers: Min: 0, Avg: 1.1, Max: 3, Diff: 3, Sum: 9]
      [Scan RS (ms): Min: 0.1, Avg: 0.2, Max: 0.5, Diff: 0.4, Sum: 1.8]
      [Code Root Scanning (ms): Min: 0.0, Avg: 0.0, Max: 0.0, Diff: 0.0, Sum: 0.0]
      [Object Copy (ms): Min: 31.0, Avg: 39.1, Max: 40.6, Diff: 9.6, Sum: 312.6]
      [Termination (ms): Min: 0.0, Avg: 0.4, Max: 0.6, Diff: 0.6, Sum: 3.4]
         [Termination Attempts: Min: 1, Avg: 1.4, Max: 2, Diff: 1, Sum: 11]
      [GC Worker Other (ms): Min: 0.0, Avg: 0.0, Max: 0.1, Diff: 0.1, Sum: 0.2]
      [GC Worker Total (ms): Min: 40.8, Avg: 41.0, Max: 41.2, Diff: 0.4, Sum: 328.1]
      [GC Worker End (ms): Min: 16160.1, Avg: 16160.1, Max: 16160.2, Diff: 0.1]
   [Code Root Fixup: 0.0 ms]
   [Code Root Purge: 0.0 ms]
   [Clear CT: 0.8 ms]
   [Other: 2.2 ms]
      [Choose CSet: 0.0 ms]
      [Ref Proc: 0.9 ms]
      [Ref Enq: 0.0 ms]
      [Redirty Cards: 0.7 ms]
      [Humongous Register: 0.0 ms]
      [Humongous Reclaim: 0.0 ms]
      [Free CSet: 0.4 ms]
   [Eden: 2148.0M(2148.0M)->0.0B(2104.0M) Survivors: 308.0M->308.0M Heap: 3225.8M(4096.0M)->1168.5M(4096.0M)]
 [Times: user=0.34 sys=0.00, real=0.05 secs] 
2021-01-22T00:37:40.164+0800: 16.428: [GC pause (G1 Evacuation Pause) (young), 0.0400108 secs]
   [Parallel Time: 36.3 ms, GC Workers: 8]
      [GC Worker Start (ms): Min: 16427.7, Avg: 16427.9, Max: 16428.0, Diff: 0.3]
      [Ext Root Scanning (ms): Min: 0.0, Avg: 0.1, Max: 0.2, Diff: 0.2, Sum: 0.5]
      [Update RS (ms): Min: 0.0, Avg: 0.0, Max: 0.1, Diff: 0.1, Sum: 0.4]
         [Processed Buffers: Min: 0, Avg: 1.1, Max: 3, Diff: 3, Sum: 9]
      [Scan RS (ms): Min: 0.1, Avg: 0.2, Max: 0.2, Diff: 0.1, Sum: 1.3]
      [Code Root Scanning (ms): Min: 0.0, Avg: 0.0, Max: 0.0, Diff: 0.0, Sum: 0.0]
      [Object Copy (ms): Min: 35.0, Avg: 35.0, Max: 35.1, Diff: 0.1, Sum: 280.3]
      [Termination (ms): Min: 0.0, Avg: 0.1, Max: 0.1, Diff: 0.1, Sum: 0.6]
         [Termination Attempts: Min: 1, Avg: 1.0, Max: 1, Diff: 0, Sum: 8]
      [GC Worker Other (ms): Min: 0.0, Avg: 0.0, Max: 0.1, Diff: 0.1, Sum: 0.2]
      [GC Worker Total (ms): Min: 35.3, Avg: 35.4, Max: 35.6, Diff: 0.3, Sum: 283.3]
      [GC Worker End (ms): Min: 16463.3, Avg: 16463.3, Max: 16463.4, Diff: 0.1]
   [Code Root Fixup: 0.0 ms]
   [Code Root Purge: 0.0 ms]
   [Clear CT: 1.2 ms]
   [Other: 2.5 ms]
      [Choose CSet: 0.0 ms]
      [Ref Proc: 0.8 ms]
      [Ref Enq: 0.0 ms]
      [Redirty Cards: 0.9 ms]
      [Humongous Register: 0.1 ms]
      [Humongous Reclaim: 0.0 ms]
      [Free CSet: 0.5 ms]
   [Eden: 2104.0M(2104.0M)->0.0B(2030.0M) Survivors: 308.0M->302.0M Heap: 3272.5M(4096.0M)->1248.6M(4096.0M)]
 [Times: user=0.29 sys=0.00, real=0.04 secs] 
2021-01-22T00:37:40.441+0800: 16.705: [GC pause (G1 Evacuation Pause) (young), 0.0415237 secs]
   [Parallel Time: 36.9 ms, GC Workers: 8]
      [GC Worker Start (ms): Min: 16704.7, Avg: 16704.9, Max: 16705.0, Diff: 0.4]
      [Ext Root Scanning (ms): Min: 0.0, Avg: 0.1, Max: 0.2, Diff: 0.2, Sum: 0.4]
      [Update RS (ms): Min: 0.0, Avg: 0.0, Max: 0.1, Diff: 0.1, Sum: 0.3]
         [Processed Buffers: Min: 0, Avg: 1.1, Max: 2, Diff: 2, Sum: 9]
      [Scan RS (ms): Min: 0.1, Avg: 0.2, Max: 0.2, Diff: 0.1, Sum: 1.3]
      [Code Root Scanning (ms): Min: 0.0, Avg: 0.0, Max: 0.0, Diff: 0.0, Sum: 0.0]
      [Object Copy (ms): Min: 35.1, Avg: 35.3, Max: 35.5, Diff: 0.5, Sum: 282.6]
      [Termination (ms): Min: 0.0, Avg: 0.2, Max: 0.5, Diff: 0.5, Sum: 1.7]
         [Termination Attempts: Min: 1, Avg: 1.0, Max: 1, Diff: 0, Sum: 8]
      [GC Worker Other (ms): Min: 0.0, Avg: 0.3, Max: 0.5, Diff: 0.5, Sum: 2.2]
      [GC Worker Total (ms): Min: 35.8, Avg: 36.1, Max: 36.3, Diff: 0.4, Sum: 288.7]
      [GC Worker End (ms): Min: 16740.7, Avg: 16741.0, Max: 16741.2, Diff: 0.5]
   [Code Root Fixup: 0.0 ms]
   [Code Root Purge: 0.0 ms]
   [Clear CT: 1.4 ms]
   [Other: 3.3 ms]
      [Choose CSet: 0.0 ms]
      [Ref Proc: 0.9 ms]
      [Ref Enq: 0.0 ms]
      [Redirty Cards: 1.4 ms]
      [Humongous Register: 0.0 ms]
      [Humongous Reclaim: 0.0 ms]
      [Free CSet: 0.8 ms]
   [Eden: 2030.0M(2030.0M)->0.0B(1960.0M) Survivors: 302.0M->292.0M Heap: 3278.6M(4096.0M)->1326.3M(4096.0M)]
 [Times: user=0.29 sys=0.00, real=0.04 secs] 
2021-01-22T00:37:40.706+0800: 16.970: [GC pause (G1 Evacuation Pause) (young), 0.0407057 secs]
   [Parallel Time: 36.1 ms, GC Workers: 8]
      [GC Worker Start (ms): Min: 16970.4, Avg: 16970.6, Max: 16970.7, Diff: 0.4]
      [Ext Root Scanning (ms): Min: 0.0, Avg: 0.1, Max: 0.2, Diff: 0.2, Sum: 0.5]
      [Update RS (ms): Min: 0.0, Avg: 0.0, Max: 0.1, Diff: 0.1, Sum: 0.3]
         [Processed Buffers: Min: 0, Avg: 1.1, Max: 2, Diff: 2, Sum: 9]
      [Scan RS (ms): Min: 0.1, Avg: 0.2, Max: 0.2, Diff: 0.1, Sum: 1.2]
      [Code Root Scanning (ms): Min: 0.0, Avg: 0.0, Max: 0.0, Diff: 0.0, Sum: 0.0]
      [Object Copy (ms): Min: 34.7, Avg: 34.8, Max: 35.0, Diff: 0.3, Sum: 278.5]
      [Termination (ms): Min: 0.0, Avg: 0.2, Max: 0.3, Diff: 0.3, Sum: 1.5]
         [Termination Attempts: Min: 1, Avg: 1.0, Max: 1, Diff: 0, Sum: 8]
      [GC Worker Other (ms): Min: 0.0, Avg: 0.0, Max: 0.0, Diff: 0.0, Sum: 0.1]
      [GC Worker Total (ms): Min: 35.1, Avg: 35.3, Max: 35.5, Diff: 0.4, Sum: 282.1]
      [GC Worker End (ms): Min: 17005.8, Avg: 17005.8, Max: 17005.9, Diff: 0.0]
   [Code Root Fixup: 0.0 ms]
   [Code Root Purge: 0.0 ms]
   [Clear CT: 1.4 ms]
   [Other: 3.2 ms]
      [Choose CSet: 0.0 ms]
      [Ref Proc: 1.2 ms]
      [Ref Enq: 0.0 ms]
      [Redirty Cards: 1.0 ms]
      [Humongous Register: 0.0 ms]
      [Humongous Reclaim: 0.0 ms]
      [Free CSet: 0.8 ms]
   [Eden: 1960.0M(1960.0M)->0.0B(1874.0M) Survivors: 292.0M->282.0M Heap: 3286.3M(4096.0M)->1417.0M(4096.0M)]
 [Times: user=0.29 sys=0.00, real=0.04 secs] 
2021-01-22T00:37:40.976+0800: 17.240: [GC pause (G1 Evacuation Pause) (young), 0.0406657 secs]
   [Parallel Time: 36.8 ms, GC Workers: 8]
      [GC Worker Start (ms): Min: 17239.8, Avg: 17240.0, Max: 17240.1, Diff: 0.3]
      [Ext Root Scanning (ms): Min: 0.0, Avg: 0.1, Max: 0.2, Diff: 0.2, Sum: 0.5]
      [Update RS (ms): Min: 0.0, Avg: 0.5, Max: 3.4, Diff: 3.4, Sum: 3.7]
         [Processed Buffers: Min: 0, Avg: 1.1, Max: 2, Diff: 2, Sum: 9]
      [Scan RS (ms): Min: 0.1, Avg: 0.2, Max: 0.7, Diff: 0.6, Sum: 1.9]
      [Code Root Scanning (ms): Min: 0.0, Avg: 0.0, Max: 0.0, Diff: 0.0, Sum: 0.1]
      [Object Copy (ms): Min: 31.9, Avg: 33.4, Max: 33.7, Diff: 1.8, Sum: 267.4]
      [Termination (ms): Min: 0.0, Avg: 1.9, Max: 2.3, Diff: 2.3, Sum: 15.2]
         [Termination Attempts: Min: 1, Avg: 1.0, Max: 1, Diff: 0, Sum: 8]
      [GC Worker Other (ms): Min: 0.0, Avg: 0.0, Max: 0.1, Diff: 0.1, Sum: 0.2]
      [GC Worker Total (ms): Min: 36.0, Avg: 36.1, Max: 36.3, Diff: 0.3, Sum: 288.9]
      [GC Worker End (ms): Min: 17276.0, Avg: 17276.1, Max: 17276.1, Diff: 0.1]
   [Code Root Fixup: 0.0 ms]
   [Code Root Purge: 0.0 ms]
   [Clear CT: 0.9 ms]
   [Other: 3.0 ms]
      [Choose CSet: 0.0 ms]
      [Ref Proc: 1.2 ms]
      [Ref Enq: 0.0 ms]
      [Redirty Cards: 1.2 ms]
      [Humongous Register: 0.0 ms]
      [Humongous Reclaim: 0.0 ms]
      [Free CSet: 0.4 ms]
   [Eden: 1874.0M(1874.0M)->0.0B(1812.0M) Survivors: 282.0M->270.0M Heap: 3291.0M(4096.0M)->1490.9M(4096.0M)]
 [Times: user=0.30 sys=0.00, real=0.04 secs] 
2021-01-22T00:37:41.226+0800: 17.490: [GC pause (G1 Evacuation Pause) (young), 0.0387260 secs]
   [Parallel Time: 35.1 ms, GC Workers: 8]
      [GC Worker Start (ms): Min: 17489.9, Avg: 17490.1, Max: 17490.3, Diff: 0.4]
      [Ext Root Scanning (ms): Min: 0.0, Avg: 0.1, Max: 0.2, Diff: 0.2, Sum: 0.4]
      [Update RS (ms): Min: 0.0, Avg: 0.1, Max: 0.1, Diff: 0.1, Sum: 0.4]
         [Processed Buffers: Min: 0, Avg: 1.1, Max: 3, Diff: 3, Sum: 9]
      [Scan RS (ms): Min: 0.1, Avg: 0.1, Max: 0.2, Diff: 0.1, Sum: 1.1]
      [Code Root Scanning (ms): Min: 0.0, Avg: 0.0, Max: 0.0, Diff: 0.0, Sum: 0.0]
      [Object Copy (ms): Min: 33.8, Avg: 33.9, Max: 34.0, Diff: 0.1, Sum: 271.2]
      [Termination (ms): Min: 0.0, Avg: 0.1, Max: 0.1, Diff: 0.1, Sum: 0.4]
         [Termination Attempts: Min: 1, Avg: 1.0, Max: 1, Diff: 0, Sum: 8]
      [GC Worker Other (ms): Min: 0.0, Avg: 0.1, Max: 0.3, Diff: 0.3, Sum: 0.9]
      [GC Worker Total (ms): Min: 34.1, Avg: 34.3, Max: 34.5, Diff: 0.5, Sum: 274.6]
      [GC Worker End (ms): Min: 17524.4, Avg: 17524.5, Max: 17524.7, Diff: 0.3]
   [Code Root Fixup: 0.0 ms]
   [Code Root Purge: 0.0 ms]
   [Clear CT: 1.1 ms]
   [Other: 2.6 ms]
      [Choose CSet: 0.0 ms]
      [Ref Proc: 0.9 ms]
      [Ref Enq: 0.0 ms]
      [Redirty Cards: 1.0 ms]
      [Humongous Register: 0.0 ms]
      [Humongous Reclaim: 0.0 ms]
      [Free CSet: 0.5 ms]
   [Eden: 1812.0M(1812.0M)->0.0B(1718.0M) Survivors: 270.0M->262.0M Heap: 3302.9M(4096.0M)->1590.7M(4096.0M)]
 [Times: user=0.28 sys=0.00, real=0.04 secs] 
2021-01-22T00:37:41.466+0800: 17.730: [GC pause (G1 Evacuation Pause) (young), 0.0381527 secs]
   [Parallel Time: 34.4 ms, GC Workers: 8]
      [GC Worker Start (ms): Min: 17729.7, Avg: 17729.9, Max: 17730.1, Diff: 0.4]
      [Ext Root Scanning (ms): Min: 0.0, Avg: 0.0, Max: 0.2, Diff: 0.2, Sum: 0.4]
      [Update RS (ms): Min: 0.0, Avg: 0.0, Max: 0.1, Diff: 0.1, Sum: 0.4]
         [Processed Buffers: Min: 0, Avg: 1.1, Max: 3, Diff: 3, Sum: 9]
      [Scan RS (ms): Min: 0.1, Avg: 0.1, Max: 0.2, Diff: 0.1, Sum: 1.0]
      [Code Root Scanning (ms): Min: 0.0, Avg: 0.0, Max: 0.0, Diff: 0.0, Sum: 0.0]
      [Object Copy (ms): Min: 33.0, Avg: 33.1, Max: 33.3, Diff: 0.3, Sum: 264.8]
      [Termination (ms): Min: 0.0, Avg: 0.3, Max: 0.4, Diff: 0.4, Sum: 2.1]
         [Termination Attempts: Min: 1, Avg: 1.0, Max: 1, Diff: 0, Sum: 8]
      [GC Worker Other (ms): Min: 0.0, Avg: 0.0, Max: 0.1, Diff: 0.1, Sum: 0.4]
      [GC Worker Total (ms): Min: 33.5, Avg: 33.6, Max: 33.8, Diff: 0.4, Sum: 269.1]
      [GC Worker End (ms): Min: 17763.5, Avg: 17763.6, Max: 17763.6, Diff: 0.1]
   [Code Root Fixup: 0.0 ms]
   [Code Root Purge: 0.0 ms]
   [Clear CT: 0.8 ms]
   [Other: 2.9 ms]
      [Choose CSet: 0.0 ms]
      [Ref Proc: 0.8 ms]
      [Ref Enq: 0.0 ms]
      [Redirty Cards: 1.2 ms]
      [Humongous Register: 0.1 ms]
      [Humongous Reclaim: 0.0 ms]
      [Free CSet: 0.5 ms]
   [Eden: 1718.0M(1718.0M)->0.0B(1620.0M) Survivors: 262.0M->248.0M Heap: 3308.7M(4096.0M)->1696.7M(4096.0M)]
 [Times: user=0.28 sys=0.00, real=0.04 secs] 
2021-01-22T00:37:41.690+0800: 17.954: [GC pause (G1 Evacuation Pause) (young), 0.0373666 secs]
   [Parallel Time: 33.8 ms, GC Workers: 8]
      [GC Worker Start (ms): Min: 17953.7, Avg: 17953.9, Max: 17954.0, Diff: 0.3]
      [Ext Root Scanning (ms): Min: 0.0, Avg: 0.1, Max: 0.2, Diff: 0.2, Sum: 0.4]
      [Update RS (ms): Min: 0.0, Avg: 0.0, Max: 0.1, Diff: 0.1, Sum: 0.4]
         [Processed Buffers: Min: 0, Avg: 1.1, Max: 2, Diff: 2, Sum: 9]
      [Scan RS (ms): Min: 0.1, Avg: 0.1, Max: 0.2, Diff: 0.0, Sum: 1.0]
      [Code Root Scanning (ms): Min: 0.0, Avg: 0.0, Max: 0.0, Diff: 0.0, Sum: 0.0]
      [Object Copy (ms): Min: 32.1, Avg: 32.1, Max: 32.6, Diff: 0.6, Sum: 257.1]
      [Termination (ms): Min: 0.0, Avg: 0.5, Max: 0.6, Diff: 0.6, Sum: 4.0]
         [Termination Attempts: Min: 1, Avg: 1.0, Max: 1, Diff: 0, Sum: 8]
      [GC Worker Other (ms): Min: 0.0, Avg: 0.0, Max: 0.2, Diff: 0.1, Sum: 0.3]
      [GC Worker Total (ms): Min: 32.8, Avg: 32.9, Max: 33.1, Diff: 0.3, Sum: 263.2]
      [GC Worker End (ms): Min: 17986.8, Avg: 17986.8, Max: 17986.9, Diff: 0.1]
   [Code Root Fixup: 0.0 ms]
   [Code Root Purge: 0.0 ms]
   [Clear CT: 0.9 ms]
   [Other: 2.7 ms]
      [Choose CSet: 0.0 ms]
      [Ref Proc: 0.8 ms]
      [Ref Enq: 0.0 ms]
      [Redirty Cards: 1.1 ms]
      [Humongous Register: 0.0 ms]
      [Humongous Reclaim: 0.0 ms]
      [Free CSet: 0.6 ms]
   [Eden: 1620.0M(1620.0M)->0.0B(1520.0M) Survivors: 248.0M->234.0M Heap: 3316.7M(4096.0M)->1809.2M(4096.0M)]
 [Times: user=0.27 sys=0.00, real=0.03 secs] 
2021-01-22T00:37:41.906+0800: 18.170: [GC pause (G1 Evacuation Pause) (young), 0.0386962 secs]
   [Parallel Time: 34.2 ms, GC Workers: 8]
      [GC Worker Start (ms): Min: 18170.4, Avg: 18170.6, Max: 18170.8, Diff: 0.4]
      [Ext Root Scanning (ms): Min: 0.0, Avg: 0.1, Max: 0.3, Diff: 0.3, Sum: 0.6]
      [Update RS (ms): Min: 0.0, Avg: 0.1, Max: 0.1, Diff: 0.1, Sum: 0.4]
         [Processed Buffers: Min: 0, Avg: 1.1, Max: 2, Diff: 2, Sum: 9]
      [Scan RS (ms): Min: 0.1, Avg: 0.1, Max: 0.1, Diff: 0.1, Sum: 0.9]
      [Code Root Scanning (ms): Min: 0.0, Avg: 0.0, Max: 0.0, Diff: 0.0, Sum: 0.0]
      [Object Copy (ms): Min: 31.6, Avg: 31.9, Max: 32.5, Diff: 0.8, Sum: 254.9]
      [Termination (ms): Min: 0.0, Avg: 0.6, Max: 0.9, Diff: 0.9, Sum: 4.9]
         [Termination Attempts: Min: 1, Avg: 1.0, Max: 1, Diff: 0, Sum: 8]
      [GC Worker Other (ms): Min: 0.0, Avg: 0.2, Max: 0.5, Diff: 0.5, Sum: 1.7]
      [GC Worker Total (ms): Min: 32.6, Avg: 32.9, Max: 33.2, Diff: 0.6, Sum: 263.5]
      [GC Worker End (ms): Min: 18203.4, Avg: 18203.5, Max: 18203.8, Diff: 0.5]
   [Code Root Fixup: 0.0 ms]
   [Code Root Purge: 0.0 ms]
   [Clear CT: 1.1 ms]
   [Other: 3.3 ms]
      [Choose CSet: 0.0 ms]
      [Ref Proc: 1.2 ms]
      [Ref Enq: 0.0 ms]
      [Redirty Cards: 1.5 ms]
      [Humongous Register: 0.0 ms]
      [Humongous Reclaim: 0.0 ms]
      [Free CSet: 0.5 ms]
   [Eden: 1520.0M(1520.0M)->0.0B(1410.0M) Survivors: 234.0M->220.0M Heap: 3329.2M(4096.0M)->1933.5M(4096.0M)]
 [Times: user=0.28 sys=0.00, real=0.04 secs] 
2021-01-22T00:37:42.116+0800: 18.379: [GC pause (G1 Evacuation Pause) (young), 0.0356384 secs]
   [Parallel Time: 31.8 ms, GC Workers: 8]
      [GC Worker Start (ms): Min: 18379.6, Avg: 18379.8, Max: 18380.0, Diff: 0.4]
      [Ext Root Scanning (ms): Min: 0.0, Avg: 0.1, Max: 0.2, Diff: 0.2, Sum: 0.5]
      [Update RS (ms): Min: 0.0, Avg: 0.1, Max: 0.1, Diff: 0.1, Sum: 0.5]
         [Processed Buffers: Min: 0, Avg: 1.1, Max: 2, Diff: 2, Sum: 9]
      [Scan RS (ms): Min: 0.1, Avg: 0.1, Max: 0.1, Diff: 0.1, Sum: 0.9]
      [Code Root Scanning (ms): Min: 0.0, Avg: 0.0, Max: 0.0, Diff: 0.0, Sum: 0.0]
      [Object Copy (ms): Min: 30.6, Avg: 30.7, Max: 30.8, Diff: 0.2, Sum: 245.4]
      [Termination (ms): Min: 0.0, Avg: 0.1, Max: 0.2, Diff: 0.2, Sum: 1.1]
         [Termination Attempts: Min: 1, Avg: 1.0, Max: 1, Diff: 0, Sum: 8]
      [GC Worker Other (ms): Min: 0.0, Avg: 0.1, Max: 0.3, Diff: 0.2, Sum: 0.6]
      [GC Worker Total (ms): Min: 30.9, Avg: 31.1, Max: 31.5, Diff: 0.6, Sum: 249.0]
      [GC Worker End (ms): Min: 18410.9, Avg: 18411.0, Max: 18411.1, Diff: 0.2]
   [Code Root Fixup: 0.0 ms]
   [Code Root Purge: 0.0 ms]
   [Clear CT: 1.1 ms]
   [Other: 2.7 ms]
      [Choose CSet: 0.0 ms]
      [Ref Proc: 1.0 ms]
      [Ref Enq: 0.0 ms]
      [Redirty Cards: 1.1 ms]
      [Humongous Register: 0.0 ms]
      [Humongous Reclaim: 0.0 ms]
      [Free CSet: 0.4 ms]
   [Eden: 1410.0M(1410.0M)->0.0B(1294.0M) Survivors: 220.0M->204.0M Heap: 3343.5M(4096.0M)->2063.0M(4096.0M)]
 [Times: user=0.26 sys=0.00, real=0.04 secs] 
2021-01-22T00:37:42.302+0800: 18.566: [GC pause (G1 Evacuation Pause) (young) (initial-mark), 0.0367483 secs]
   [Parallel Time: 33.6 ms, GC Workers: 8]
      [GC Worker Start (ms): Min: 18566.1, Avg: 18566.3, Max: 18566.6, Diff: 0.4]
      [Ext Root Scanning (ms): Min: 0.0, Avg: 1.1, Max: 5.5, Diff: 5.5, Sum: 8.5]
      [Update RS (ms): Min: 0.0, Avg: 0.1, Max: 0.2, Diff: 0.2, Sum: 0.4]
         [Processed Buffers: Min: 0, Avg: 1.1, Max: 3, Diff: 3, Sum: 9]
      [Scan RS (ms): Min: 0.1, Avg: 0.2, Max: 0.6, Diff: 0.5, Sum: 1.4]
      [Code Root Scanning (ms): Min: 0.0, Avg: 0.0, Max: 0.0, Diff: 0.0, Sum: 0.0]
      [Object Copy (ms): Min: 26.5, Avg: 31.5, Max: 32.3, Diff: 5.7, Sum: 252.0]
      [Termination (ms): Min: 0.0, Avg: 0.0, Max: 0.1, Diff: 0.1, Sum: 0.3]
         [Termination Attempts: Min: 1, Avg: 1.5, Max: 3, Diff: 2, Sum: 12]
      [GC Worker Other (ms): Min: 0.0, Avg: 0.0, Max: 0.2, Diff: 0.1, Sum: 0.3]
      [GC Worker Total (ms): Min: 32.6, Avg: 32.9, Max: 33.1, Diff: 0.4, Sum: 262.9]
      [GC Worker End (ms): Min: 18599.2, Avg: 18599.2, Max: 18599.3, Diff: 0.1]
   [Code Root Fixup: 0.0 ms]
   [Code Root Purge: 0.0 ms]
   [Clear CT: 0.8 ms]
   [Other: 2.3 ms]
      [Choose CSet: 0.0 ms]
      [Ref Proc: 0.9 ms]
      [Ref Enq: 0.0 ms]
      [Redirty Cards: 0.9 ms]
      [Humongous Register: 0.0 ms]
      [Humongous Reclaim: 0.0 ms]
      [Free CSet: 0.3 ms]
   [Eden: 1294.0M(1294.0M)->0.0B(1176.0M) Survivors: 204.0M->188.0M Heap: 3357.0M(4096.0M)->2203.3M(4096.0M)]
 [Times: user=0.26 sys=0.00, real=0.04 secs] 
2021-01-22T00:37:42.340+0800: 18.604: [GC concurrent-root-region-scan-start]
2021-01-22T00:37:42.340+0800: 18.604: [GC concurrent-root-region-scan-end, 0.0003442 secs]
2021-01-22T00:37:42.340+0800: 18.604: [GC concurrent-mark-start]
2021-01-22T00:37:42.345+0800: 18.609: [GC concurrent-mark-end, 0.0046605 secs]
2021-01-22T00:37:42.345+0800: 18.609: [GC remark 2021-01-22T00:37:42.345+0800: 18.609: [Finalize Marking, 0.0012330 secs] 2021-01-22T00:37:42.347+0800: 18.611: [GC ref-proc, 0.0005012 secs] 2021-01-22T00:37:42.348+0800: 18.612: [Unloading, 0.0011786 secs], 0.0052730 secs]
 [Times: user=0.01 sys=0.00, real=0.01 secs] 
2021-01-22T00:37:42.351+0800: 18.615: [GC cleanup 2248M->674M(4096M), 0.0045838 secs]
 [Times: user=0.01 sys=0.00, real=0.00 secs] 
2021-01-22T00:37:42.357+0800: 18.621: [GC concurrent-cleanup-start]
2021-01-22T00:37:42.358+0800: 18.622: [GC concurrent-cleanup-end, 0.0010030 secs]
2021-01-22T00:37:42.488+0800: 18.752: [GC pause (G1 Evacuation Pause) (young), 0.0373090 secs]
   [Parallel Time: 33.5 ms, GC Workers: 8]
      [GC Worker Start (ms): Min: 18752.5, Avg: 18752.7, Max: 18752.8, Diff: 0.3]
      [Ext Root Scanning (ms): Min: 0.0, Avg: 0.1, Max: 0.2, Diff: 0.2, Sum: 0.4]
      [Update RS (ms): Min: 0.0, Avg: 0.1, Max: 0.1, Diff: 0.1, Sum: 0.4]
         [Processed Buffers: Min: 0, Avg: 1.1, Max: 3, Diff: 3, Sum: 9]
      [Scan RS (ms): Min: 0.0, Avg: 0.1, Max: 0.1, Diff: 0.1, Sum: 0.6]
      [Code Root Scanning (ms): Min: 0.0, Avg: 0.0, Max: 0.0, Diff: 0.0, Sum: 0.0]
      [Object Copy (ms): Min: 29.8, Avg: 30.1, Max: 32.2, Diff: 2.5, Sum: 241.1]
      [Termination (ms): Min: 0.0, Avg: 2.1, Max: 2.5, Diff: 2.5, Sum: 17.0]
         [Termination Attempts: Min: 1, Avg: 1.0, Max: 1, Diff: 0, Sum: 8]
      [GC Worker Other (ms): Min: 0.0, Avg: 0.2, Max: 0.4, Diff: 0.4, Sum: 1.3]
      [GC Worker Total (ms): Min: 32.3, Avg: 32.6, Max: 33.0, Diff: 0.6, Sum: 260.8]
      [GC Worker End (ms): Min: 18785.1, Avg: 18785.3, Max: 18785.5, Diff: 0.4]
   [Code Root Fixup: 0.0 ms]
   [Code Root Purge: 0.0 ms]
   [Clear CT: 0.8 ms]
   [Other: 2.9 ms]
      [Choose CSet: 0.0 ms]
      [Ref Proc: 0.7 ms]
      [Ref Enq: 0.0 ms]
      [Redirty Cards: 1.4 ms]
      [Humongous Register: 0.0 ms]
      [Humongous Reclaim: 0.0 ms]
      [Free CSet: 0.4 ms]
   [Eden: 1176.0M(1176.0M)->0.0B(32768.0K) Survivors: 188.0M->172.0M Heap: 1805.3M(4096.0M)->779.5M(4096.0M)]
 [Times: user=0.27 sys=0.00, real=0.03 secs] 
2021-01-22T00:37:42.532+0800: 18.796: [GC pause (G1 Evacuation Pause) (mixed), 0.0216498 secs]
   [Parallel Time: 17.8 ms, GC Workers: 8]
      [GC Worker Start (ms): Min: 18795.8, Avg: 18796.0, Max: 18796.2, Diff: 0.4]
      [Ext Root Scanning (ms): Min: 0.0, Avg: 0.1, Max: 0.2, Diff: 0.2, Sum: 0.6]
      [Update RS (ms): Min: 0.0, Avg: 0.1, Max: 0.1, Diff: 0.1, Sum: 0.5]
         [Processed Buffers: Min: 0, Avg: 1.1, Max: 2, Diff: 2, Sum: 9]
      [Scan RS (ms): Min: 0.0, Avg: 0.0, Max: 0.0, Diff: 0.0, Sum: 0.2]
      [Code Root Scanning (ms): Min: 0.0, Avg: 0.0, Max: 0.0, Diff: 0.0, Sum: 0.0]
      [Object Copy (ms): Min: 16.6, Avg: 16.7, Max: 16.8, Diff: 0.2, Sum: 133.9]
      [Termination (ms): Min: 0.0, Avg: 0.1, Max: 0.1, Diff: 0.1, Sum: 0.4]
         [Termination Attempts: Min: 1, Avg: 1.0, Max: 1, Diff: 0, Sum: 8]
      [GC Worker Other (ms): Min: 0.0, Avg: 0.0, Max: 0.0, Diff: 0.0, Sum: 0.1]
      [GC Worker Total (ms): Min: 16.8, Avg: 17.0, Max: 17.1, Diff: 0.4, Sum: 135.7]
      [GC Worker End (ms): Min: 18813.0, Avg: 18813.0, Max: 18813.0, Diff: 0.0]
   [Code Root Fixup: 0.0 ms]
   [Code Root Purge: 0.0 ms]
   [Clear CT: 1.5 ms]
   [Other: 2.2 ms]
      [Choose CSet: 0.0 ms]
      [Ref Proc: 0.5 ms]
      [Ref Enq: 0.0 ms]
      [Redirty Cards: 1.3 ms]
      [Humongous Register: 0.1 ms]
      [Humongous Reclaim: 0.0 ms]
      [Free CSet: 0.1 ms]
   [Eden: 32768.0K(32768.0K)->0.0B(2444.0M) Survivors: 172.0M->12288.0K Heap: 811.5M(4096.0M)->751.9M(4096.0M)]
 [Times: user=0.14 sys=0.00, real=0.02 secs] 
2021-01-22T00:37:42.833+0800: 19.097: [GC pause (G1 Evacuation Pause) (young), 0.0377911 secs]
   [Parallel Time: 34.1 ms, GC Workers: 8]
      [GC Worker Start (ms): Min: 19097.6, Avg: 19097.8, Max: 19097.9, Diff: 0.3]
      [Ext Root Scanning (ms): Min: 0.0, Avg: 0.1, Max: 0.2, Diff: 0.2, Sum: 0.6]
      [Update RS (ms): Min: 0.0, Avg: 0.1, Max: 0.1, Diff: 0.1, Sum: 0.6]
         [Processed Buffers: Min: 0, Avg: 1.1, Max: 2, Diff: 2, Sum: 9]
      [Scan RS (ms): Min: 0.1, Avg: 0.2, Max: 0.2, Diff: 0.1, Sum: 1.4]
      [Code Root Scanning (ms): Min: 0.0, Avg: 0.0, Max: 0.0, Diff: 0.0, Sum: 0.0]
      [Object Copy (ms): Min: 32.7, Avg: 32.8, Max: 32.8, Diff: 0.1, Sum: 262.1]
      [Termination (ms): Min: 0.0, Avg: 0.1, Max: 0.1, Diff: 0.1, Sum: 0.4]
         [Termination Attempts: Min: 1, Avg: 1.1, Max: 2, Diff: 1, Sum: 9]
      [GC Worker Other (ms): Min: 0.0, Avg: 0.0, Max: 0.1, Diff: 0.1, Sum: 0.3]
      [GC Worker Total (ms): Min: 33.0, Avg: 33.2, Max: 33.3, Diff: 0.3, Sum: 265.4]
      [GC Worker End (ms): Min: 19130.9, Avg: 19131.0, Max: 19131.1, Diff: 0.1]
   [Code Root Fixup: 0.0 ms]
   [Code Root Purge: 0.0 ms]
   [Clear CT: 1.1 ms]
   [Other: 2.6 ms]
      [Choose CSet: 0.0 ms]
      [Ref Proc: 0.9 ms]
      [Ref Enq: 0.0 ms]
      [Redirty Cards: 1.0 ms]
      [Humongous Register: 0.0 ms]
      [Humongous Reclaim: 0.0 ms]
      [Free CSet: 0.5 ms]
   [Eden: 2444.0M(2444.0M)->0.0B(2148.0M) Survivors: 12288.0K->308.0M Heap: 3195.9M(4096.0M)->1103.5M(4096.0M)]
 [Times: user=0.28 sys=0.00, real=0.04 secs] 
2021-01-22T00:37:43.151+0800: 19.415: [GC pause (G1 Evacuation Pause) (young), 0.0451676 secs]
   [Parallel Time: 42.5 ms, GC Workers: 8]
      [GC Worker Start (ms): Min: 19415.5, Avg: 19416.3, Max: 19420.3, Diff: 4.8]
      [Ext Root Scanning (ms): Min: 0.0, Avg: 0.1, Max: 0.2, Diff: 0.2, Sum: 0.5]
      [Update RS (ms): Min: 0.0, Avg: 0.1, Max: 0.1, Diff: 0.1, Sum: 0.5]
         [Processed Buffers: Min: 0, Avg: 1.1, Max: 2, Diff: 2, Sum: 9]
      [Scan RS (ms): Min: 0.2, Avg: 0.3, Max: 1.1, Diff: 0.9, Sum: 2.6]
      [Code Root Scanning (ms): Min: 0.0, Avg: 0.0, Max: 0.0, Diff: 0.0, Sum: 0.0]
      [Object Copy (ms): Min: 35.2, Avg: 40.1, Max: 41.5, Diff: 6.3, Sum: 321.1]
      [Termination (ms): Min: 0.0, Avg: 0.7, Max: 1.0, Diff: 1.0, Sum: 5.7]
         [Termination Attempts: Min: 1, Avg: 1.1, Max: 2, Diff: 1, Sum: 9]
      [GC Worker Other (ms): Min: 0.0, Avg: 0.0, Max: 0.0, Diff: 0.0, Sum: 0.1]
      [GC Worker Total (ms): Min: 37.3, Avg: 41.3, Max: 42.1, Diff: 4.8, Sum: 330.5]
      [GC Worker End (ms): Min: 19457.6, Avg: 19457.6, Max: 19457.6, Diff: 0.0]
   [Code Root Fixup: 0.0 ms]
   [Code Root Purge: 0.0 ms]
   [Clear CT: 0.7 ms]
   [Other: 1.9 ms]
      [Choose CSet: 0.0 ms]
      [Ref Proc: 0.4 ms]
      [Ref Enq: 0.0 ms]
      [Redirty Cards: 0.9 ms]
      [Humongous Register: 0.0 ms]
      [Humongous Reclaim: 0.0 ms]
      [Free CSet: 0.4 ms]
   [Eden: 2148.0M(2148.0M)->0.0B(2098.0M) Survivors: 308.0M->308.0M Heap: 3251.5M(4096.0M)->1165.8M(4096.0M)]
 [Times: user=0.33 sys=0.00, real=0.04 secs] 
2021-01-22T00:37:43.444+0800: 19.708: [GC pause (G1 Evacuation Pause) (young), 0.0401576 secs]
   [Parallel Time: 36.0 ms, GC Workers: 8]
      [GC Worker Start (ms): Min: 19708.6, Avg: 19708.8, Max: 19709.0, Diff: 0.4]
      [Ext Root Scanning (ms): Min: 0.0, Avg: 0.1, Max: 0.2, Diff: 0.2, Sum: 0.5]
      [Update RS (ms): Min: 0.0, Avg: 0.0, Max: 0.1, Diff: 0.1, Sum: 0.4]
         [Processed Buffers: Min: 0, Avg: 1.1, Max: 3, Diff: 3, Sum: 9]
      [Scan RS (ms): Min: 0.1, Avg: 0.2, Max: 0.2, Diff: 0.1, Sum: 1.4]
      [Code Root Scanning (ms): Min: 0.0, Avg: 0.0, Max: 0.0, Diff: 0.0, Sum: 0.0]
      [Object Copy (ms): Min: 34.5, Avg: 34.6, Max: 34.7, Diff: 0.3, Sum: 276.7]
      [Termination (ms): Min: 0.0, Avg: 0.2, Max: 0.3, Diff: 0.3, Sum: 1.6]
         [Termination Attempts: Min: 1, Avg: 1.0, Max: 1, Diff: 0, Sum: 8]
      [GC Worker Other (ms): Min: 0.0, Avg: 0.0, Max: 0.1, Diff: 0.0, Sum: 0.2]
      [GC Worker Total (ms): Min: 34.9, Avg: 35.1, Max: 35.4, Diff: 0.5, Sum: 280.8]
      [GC Worker End (ms): Min: 19743.9, Avg: 19743.9, Max: 19744.0, Diff: 0.1]
   [Code Root Fixup: 0.0 ms]
   [Code Root Purge: 0.0 ms]
   [Clear CT: 1.1 ms]
   [Other: 3.1 ms]
      [Choose CSet: 0.0 ms]
      [Ref Proc: 0.8 ms]
      [Ref Enq: 0.0 ms]
      [Redirty Cards: 1.6 ms]
      [Humongous Register: 0.1 ms]
      [Humongous Reclaim: 0.0 ms]
      [Free CSet: 0.5 ms]
   [Eden: 2098.0M(2098.0M)->0.0B(2038.0M) Survivors: 308.0M->302.0M Heap: 3263.8M(4096.0M)->1235.5M(4096.0M)]
 [Times: user=0.29 sys=0.00, real=0.04 secs] 
2021-01-22T00:37:43.724+0800: 19.988: [GC pause (G1 Evacuation Pause) (young), 0.0396884 secs]
   [Parallel Time: 36.0 ms, GC Workers: 8]
      [GC Worker Start (ms): Min: 19988.6, Avg: 19988.8, Max: 19988.9, Diff: 0.4]
      [Ext Root Scanning (ms): Min: 0.0, Avg: 0.1, Max: 0.2, Diff: 0.2, Sum: 0.4]
      [Update RS (ms): Min: 0.0, Avg: 0.0, Max: 0.2, Diff: 0.2, Sum: 0.4]
         [Processed Buffers: Min: 0, Avg: 1.1, Max: 3, Diff: 3, Sum: 9]
      [Scan RS (ms): Min: 0.1, Avg: 0.2, Max: 0.2, Diff: 0.1, Sum: 1.4]
      [Code Root Scanning (ms): Min: 0.0, Avg: 0.0, Max: 0.0, Diff: 0.0, Sum: 0.0]
      [Object Copy (ms): Min: 34.6, Avg: 34.7, Max: 34.7, Diff: 0.1, Sum: 277.4]
      [Termination (ms): Min: 0.0, Avg: 0.0, Max: 0.1, Diff: 0.1, Sum: 0.2]
         [Termination Attempts: Min: 1, Avg: 2.0, Max: 3, Diff: 2, Sum: 16]
      [GC Worker Other (ms): Min: 0.0, Avg: 0.1, Max: 0.2, Diff: 0.2, Sum: 0.7]
      [GC Worker Total (ms): Min: 34.9, Avg: 35.1, Max: 35.4, Diff: 0.5, Sum: 280.5]
      [GC Worker End (ms): Min: 20023.7, Avg: 20023.8, Max: 20024.0, Diff: 0.2]
   [Code Root Fixup: 0.0 ms]
   [Code Root Purge: 0.0 ms]
   [Clear CT: 0.8 ms]
   [Other: 3.0 ms]
      [Choose CSet: 0.0 ms]
      [Ref Proc: 0.9 ms]
      [Ref Enq: 0.0 ms]
      [Redirty Cards: 1.5 ms]
      [Humongous Register: 0.0 ms]
      [Humongous Reclaim: 0.0 ms]
      [Free CSet: 0.4 ms]
   [Eden: 2038.0M(2038.0M)->0.0B(1952.0M) Survivors: 302.0M->294.0M Heap: 3273.5M(4096.0M)->1327.6M(4096.0M)]
 [Times: user=0.29 sys=0.00, real=0.04 secs] 
2021-01-22T00:37:43.991+0800: 20.255: [GC pause (G1 Evacuation Pause) (young), 0.0454423 secs]
   [Parallel Time: 40.6 ms, GC Workers: 8]
      [GC Worker Start (ms): Min: 20254.7, Avg: 20254.9, Max: 20255.1, Diff: 0.4]
      [Ext Root Scanning (ms): Min: 0.0, Avg: 0.1, Max: 0.2, Diff: 0.2, Sum: 0.5]
      [Update RS (ms): Min: 0.0, Avg: 0.1, Max: 0.1, Diff: 0.1, Sum: 0.4]
         [Processed Buffers: Min: 0, Avg: 1.1, Max: 3, Diff: 3, Sum: 9]
      [Scan RS (ms): Min: 0.1, Avg: 0.2, Max: 0.2, Diff: 0.1, Sum: 1.2]
      [Code Root Scanning (ms): Min: 0.0, Avg: 0.0, Max: 0.0, Diff: 0.0, Sum: 0.0]
      [Object Copy (ms): Min: 38.8, Avg: 39.0, Max: 39.4, Diff: 0.6, Sum: 311.7]
      [Termination (ms): Min: 0.0, Avg: 0.5, Max: 0.6, Diff: 0.6, Sum: 4.0]
         [Termination Attempts: Min: 1, Avg: 1.0, Max: 1, Diff: 0, Sum: 8]
      [GC Worker Other (ms): Min: 0.0, Avg: 0.0, Max: 0.1, Diff: 0.1, Sum: 0.2]
      [GC Worker Total (ms): Min: 39.6, Avg: 39.8, Max: 40.0, Diff: 0.4, Sum: 318.0]
      [GC Worker End (ms): Min: 20294.6, Avg: 20294.7, Max: 20294.7, Diff: 0.1]
   [Code Root Fixup: 0.0 ms]
   [Code Root Purge: 0.0 ms]
   [Clear CT: 0.9 ms]
   [Other: 3.9 ms]
      [Choose CSet: 0.0 ms]
      [Ref Proc: 0.9 ms]
      [Ref Enq: 0.0 ms]
      [Redirty Cards: 1.3 ms]
      [Humongous Register: 0.0 ms]
      [Humongous Reclaim: 0.0 ms]
      [Free CSet: 1.3 ms]
   [Eden: 1952.0M(1952.0M)->0.0B(1874.0M) Survivors: 294.0M->282.0M Heap: 3279.6M(4096.0M)->1412.6M(4096.0M)]
 [Times: user=0.33 sys=0.00, real=0.04 secs] 
2021-01-22T00:37:44.290+0800: 20.554: [GC pause (G1 Evacuation Pause) (young), 0.0447038 secs]
   [Parallel Time: 41.4 ms, GC Workers: 8]
      [GC Worker Start (ms): Min: 20553.8, Avg: 20554.0, Max: 20554.2, Diff: 0.4]
      [Ext Root Scanning (ms): Min: 0.0, Avg: 0.1, Max: 0.2, Diff: 0.2, Sum: 0.4]
      [Update RS (ms): Min: 0.0, Avg: 0.1, Max: 0.1, Diff: 0.1, Sum: 0.4]
         [Processed Buffers: Min: 0, Avg: 1.1, Max: 3, Diff: 3, Sum: 9]
      [Scan RS (ms): Min: 0.1, Avg: 0.1, Max: 0.2, Diff: 0.1, Sum: 1.2]
      [Code Root Scanning (ms): Min: 0.0, Avg: 0.0, Max: 0.0, Diff: 0.0, Sum: 0.0]
      [Object Copy (ms): Min: 37.8, Avg: 38.2, Max: 40.2, Diff: 2.4, Sum: 305.7]
      [Termination (ms): Min: 0.0, Avg: 2.0, Max: 2.4, Diff: 2.4, Sum: 15.9]
         [Termination Attempts: Min: 1, Avg: 1.0, Max: 1, Diff: 0, Sum: 8]
      [GC Worker Other (ms): Min: 0.0, Avg: 0.1, Max: 0.2, Diff: 0.2, Sum: 0.7]
      [GC Worker Total (ms): Min: 40.3, Avg: 40.5, Max: 40.7, Diff: 0.3, Sum: 324.3]
      [GC Worker End (ms): Min: 20594.5, Avg: 20594.6, Max: 20594.7, Diff: 0.2]
   [Code Root Fixup: 0.0 ms]
   [Code Root Purge: 0.0 ms]
   [Clear CT: 0.8 ms]
   [Other: 2.5 ms]
      [Choose CSet: 0.0 ms]
      [Ref Proc: 0.8 ms]
      [Ref Enq: 0.0 ms]
      [Redirty Cards: 1.0 ms]
      [Humongous Register: 0.0 ms]
      [Humongous Reclaim: 0.0 ms]
      [Free CSet: 0.5 ms]
   [Eden: 1874.0M(1874.0M)->0.0B(1782.0M) Survivors: 282.0M->270.0M Heap: 3286.6M(4096.0M)->1512.9M(4096.0M)]
 [Times: user=0.33 sys=0.00, real=0.04 secs] 
2021-01-22T00:37:44.542+0800: 20.806: [GC pause (G1 Evacuation Pause) (young), 0.0423520 secs]
   [Parallel Time: 38.4 ms, GC Workers: 8]
      [GC Worker Start (ms): Min: 20806.2, Avg: 20806.4, Max: 20806.5, Diff: 0.3]
      [Ext Root Scanning (ms): Min: 0.0, Avg: 0.1, Max: 0.2, Diff: 0.2, Sum: 0.5]
      [Update RS (ms): Min: 0.0, Avg: 0.1, Max: 0.1, Diff: 0.1, Sum: 0.4]
         [Processed Buffers: Min: 0, Avg: 1.1, Max: 2, Diff: 2, Sum: 9]
      [Scan RS (ms): Min: 0.1, Avg: 0.2, Max: 0.2, Diff: 0.1, Sum: 1.3]
      [Code Root Scanning (ms): Min: 0.0, Avg: 0.0, Max: 0.0, Diff: 0.0, Sum: 0.0]
      [Object Copy (ms): Min: 37.4, Avg: 37.4, Max: 37.4, Diff: 0.0, Sum: 299.2]
      [Termination (ms): Min: 0.0, Avg: 0.0, Max: 0.1, Diff: 0.1, Sum: 0.3]
         [Termination Attempts: Min: 1, Avg: 1.0, Max: 1, Diff: 0, Sum: 8]
      [GC Worker Other (ms): Min: 0.0, Avg: 0.0, Max: 0.2, Diff: 0.1, Sum: 0.3]
      [GC Worker Total (ms): Min: 37.6, Avg: 37.8, Max: 37.9, Diff: 0.3, Sum: 302.0]
      [GC Worker End (ms): Min: 20844.1, Avg: 20844.1, Max: 20844.3, Diff: 0.1]
   [Code Root Fixup: 0.0 ms]
   [Code Root Purge: 0.0 ms]
   [Clear CT: 1.0 ms]
   [Other: 3.0 ms]
      [Choose CSet: 0.0 ms]
      [Ref Proc: 0.8 ms]
      [Ref Enq: 0.0 ms]
      [Redirty Cards: 1.2 ms]
      [Humongous Register: 0.0 ms]
      [Humongous Reclaim: 0.0 ms]
      [Free CSet: 0.6 ms]
   [Eden: 1782.0M(1782.0M)->0.0B(1668.0M) Survivors: 270.0M->258.0M Heap: 3294.9M(4096.0M)->1632.9M(4096.0M)]
 [Times: user=0.31 sys=0.00, real=0.04 secs] 
2021-01-22T00:37:44.793+0800: 21.057: [GC pause (G1 Evacuation Pause) (young), 0.0385139 secs]
   [Parallel Time: 34.5 ms, GC Workers: 8]
      [GC Worker Start (ms): Min: 21057.0, Avg: 21057.2, Max: 21057.4, Diff: 0.4]
      [Ext Root Scanning (ms): Min: 0.0, Avg: 0.1, Max: 0.2, Diff: 0.2, Sum: 0.4]
      [Update RS (ms): Min: 0.0, Avg: 0.0, Max: 0.1, Diff: 0.1, Sum: 0.4]
         [Processed Buffers: Min: 0, Avg: 1.1, Max: 2, Diff: 2, Sum: 9]
      [Scan RS (ms): Min: 0.1, Avg: 0.1, Max: 0.2, Diff: 0.1, Sum: 1.0]
      [Code Root Scanning (ms): Min: 0.0, Avg: 0.0, Max: 0.0, Diff: 0.0, Sum: 0.0]
      [Object Copy (ms): Min: 33.4, Avg: 33.4, Max: 33.5, Diff: 0.1, Sum: 267.2]
      [Termination (ms): Min: 0.0, Avg: 0.1, Max: 0.1, Diff: 0.1, Sum: 0.6]
         [Termination Attempts: Min: 1, Avg: 1.0, Max: 1, Diff: 0, Sum: 8]
      [GC Worker Other (ms): Min: 0.0, Avg: 0.1, Max: 0.3, Diff: 0.3, Sum: 0.8]
      [GC Worker Total (ms): Min: 33.6, Avg: 33.8, Max: 34.0, Diff: 0.4, Sum: 270.5]
      [GC Worker End (ms): Min: 21090.9, Avg: 21091.0, Max: 21091.2, Diff: 0.3]
   [Code Root Fixup: 0.0 ms]
   [Code Root Purge: 0.0 ms]
   [Clear CT: 1.2 ms]
   [Other: 2.8 ms]
      [Choose CSet: 0.0 ms]
      [Ref Proc: 0.6 ms]
      [Ref Enq: 0.0 ms]
      [Redirty Cards: 1.6 ms]
      [Humongous Register: 0.0 ms]
      [Humongous Reclaim: 0.0 ms]
      [Free CSet: 0.4 ms]
   [Eden: 1668.0M(1668.0M)->0.0B(1574.0M) Survivors: 258.0M->242.0M Heap: 3300.9M(4096.0M)->1741.0M(4096.0M)]
 [Times: user=0.27 sys=0.01, real=0.04 secs] 
2021-01-22T00:37:45.012+0800: 21.275: [GC pause (G1 Evacuation Pause) (young), 0.0398431 secs]
   [Parallel Time: 35.3 ms, GC Workers: 8]
      [GC Worker Start (ms): Min: 21275.7, Avg: 21275.9, Max: 21276.1, Diff: 0.4]
      [Ext Root Scanning (ms): Min: 0.0, Avg: 0.1, Max: 0.3, Diff: 0.3, Sum: 0.6]
      [Update RS (ms): Min: 0.0, Avg: 0.1, Max: 0.2, Diff: 0.2, Sum: 0.5]
         [Processed Buffers: Min: 0, Avg: 1.1, Max: 2, Diff: 2, Sum: 9]
      [Scan RS (ms): Min: 0.1, Avg: 0.1, Max: 0.2, Diff: 0.1, Sum: 1.1]
      [Code Root Scanning (ms): Min: 0.0, Avg: 0.0, Max: 0.0, Diff: 0.0, Sum: 0.0]
      [Object Copy (ms): Min: 32.8, Avg: 33.0, Max: 34.2, Diff: 1.4, Sum: 264.1]
      [Termination (ms): Min: 0.0, Avg: 1.3, Max: 1.5, Diff: 1.5, Sum: 10.0]
         [Termination Attempts: Min: 1, Avg: 1.0, Max: 1, Diff: 0, Sum: 8]
      [GC Worker Other (ms): Min: 0.0, Avg: 0.0, Max: 0.0, Diff: 0.0, Sum: 0.1]
      [GC Worker Total (ms): Min: 34.4, Avg: 34.6, Max: 34.8, Diff: 0.4, Sum: 276.5]
      [GC Worker End (ms): Min: 21310.5, Avg: 21310.5, Max: 21310.5, Diff: 0.1]
   [Code Root Fixup: 0.0 ms]
   [Code Root Purge: 0.0 ms]
   [Clear CT: 1.1 ms]
   [Other: 3.4 ms]
      [Choose CSet: 0.0 ms]
      [Ref Proc: 1.4 ms]
      [Ref Enq: 0.0 ms]
      [Redirty Cards: 1.2 ms]
      [Humongous Register: 0.0 ms]
      [Humongous Reclaim: 0.0 ms]
      [Free CSet: 0.5 ms]
   [Eden: 1574.0M(1574.0M)->0.0B(1468.0M) Survivors: 242.0M->228.0M Heap: 3315.0M(4096.0M)->1859.7M(4096.0M)]
 [Times: user=0.27 sys=0.01, real=0.04 secs] 
2021-01-22T00:37:45.223+0800: 21.487: [GC pause (G1 Evacuation Pause) (young), 0.0387910 secs]
   [Parallel Time: 34.4 ms, GC Workers: 8]
      [GC Worker Start (ms): Min: 21487.2, Avg: 21487.4, Max: 21487.6, Diff: 0.4]
      [Ext Root Scanning (ms): Min: 0.0, Avg: 0.1, Max: 0.2, Diff: 0.2, Sum: 0.5]
      [Update RS (ms): Min: 0.0, Avg: 0.1, Max: 0.2, Diff: 0.2, Sum: 0.7]
         [Processed Buffers: Min: 0, Avg: 1.1, Max: 3, Diff: 3, Sum: 9]
      [Scan RS (ms): Min: 0.1, Avg: 0.1, Max: 0.2, Diff: 0.1, Sum: 1.0]
      [Code Root Scanning (ms): Min: 0.0, Avg: 0.0, Max: 0.0, Diff: 0.0, Sum: 0.0]
      [Object Copy (ms): Min: 32.2, Avg: 32.4, Max: 33.1, Diff: 0.9, Sum: 259.0]
      [Termination (ms): Min: 0.0, Avg: 0.8, Max: 1.0, Diff: 1.0, Sum: 6.2]
         [Termination Attempts: Min: 1, Avg: 1.0, Max: 1, Diff: 0, Sum: 8]
      [GC Worker Other (ms): Min: 0.0, Avg: 0.0, Max: 0.0, Diff: 0.0, Sum: 0.1]
      [GC Worker Total (ms): Min: 33.2, Avg: 33.4, Max: 33.7, Diff: 0.4, Sum: 267.6]
      [GC Worker End (ms): Min: 21520.8, Avg: 21520.9, Max: 21520.9, Diff: 0.1]
   [Code Root Fixup: 0.0 ms]
   [Code Root Purge: 0.0 ms]
   [Clear CT: 1.2 ms]
   [Other: 3.2 ms]
      [Choose CSet: 0.0 ms]
      [Ref Proc: 1.2 ms]
      [Ref Enq: 0.0 ms]
      [Redirty Cards: 1.5 ms]
      [Humongous Register: 0.0 ms]
      [Humongous Reclaim: 0.0 ms]
      [Free CSet: 0.3 ms]
   [Eden: 1468.0M(1468.0M)->0.0B(1348.0M) Survivors: 228.0M->212.0M Heap: 3327.7M(4096.0M)->1995.7M(4096.0M)]
 [Times: user=0.27 sys=0.02, real=0.04 secs] 
2021-01-22T00:37:45.429+0800: 21.692: [GC pause (G1 Evacuation Pause) (young), 0.0423579 secs]
   [Parallel Time: 37.9 ms, GC Workers: 8]
      [GC Worker Start (ms): Min: 21692.8, Avg: 21693.0, Max: 21693.1, Diff: 0.4]
      [Ext Root Scanning (ms): Min: 0.0, Avg: 0.1, Max: 0.2, Diff: 0.2, Sum: 0.5]
      [Update RS (ms): Min: 0.0, Avg: 0.1, Max: 0.1, Diff: 0.1, Sum: 0.6]
         [Processed Buffers: Min: 0, Avg: 1.1, Max: 2, Diff: 2, Sum: 9]
      [Scan RS (ms): Min: 0.1, Avg: 0.2, Max: 0.3, Diff: 0.2, Sum: 1.3]
      [Code Root Scanning (ms): Min: 0.0, Avg: 0.0, Max: 0.0, Diff: 0.0, Sum: 0.0]
      [Object Copy (ms): Min: 36.3, Avg: 36.4, Max: 36.4, Diff: 0.2, Sum: 290.9]
      [Termination (ms): Min: 0.0, Avg: 0.0, Max: 0.1, Diff: 0.1, Sum: 0.3]
         [Termination Attempts: Min: 1, Avg: 1.0, Max: 1, Diff: 0, Sum: 8]
      [GC Worker Other (ms): Min: 0.0, Avg: 0.2, Max: 0.4, Diff: 0.3, Sum: 1.3]
      [GC Worker Total (ms): Min: 36.5, Avg: 36.9, Max: 37.1, Diff: 0.5, Sum: 294.9]
      [GC Worker End (ms): Min: 21729.7, Avg: 21729.8, Max: 21730.0, Diff: 0.3]
   [Code Root Fixup: 0.0 ms]
   [Code Root Purge: 0.0 ms]
   [Clear CT: 0.8 ms]
   [Other: 3.6 ms]
      [Choose CSet: 0.0 ms]
      [Ref Proc: 1.8 ms]
      [Ref Enq: 0.0 ms]
      [Redirty Cards: 1.1 ms]
      [Humongous Register: 0.1 ms]
      [Humongous Reclaim: 0.0 ms]
      [Free CSet: 0.5 ms]
   [Eden: 1348.0M(1348.0M)->0.0B(1224.0M) Survivors: 212.0M->196.0M Heap: 3343.7M(4096.0M)->2134.4M(4096.0M)]
 [Times: user=0.30 sys=0.01, real=0.04 secs] 
2021-01-22T00:37:45.619+0800: 21.883: [GC pause (G1 Evacuation Pause) (young) (initial-mark), 0.0368204 secs]
   [Parallel Time: 32.8 ms, GC Workers: 8]
      [GC Worker Start (ms): Min: 21883.3, Avg: 21883.6, Max: 21883.8, Diff: 0.5]
      [Ext Root Scanning (ms): Min: 0.0, Avg: 0.4, Max: 0.6, Diff: 0.6, Sum: 3.6]
      [Update RS (ms): Min: 0.0, Avg: 0.1, Max: 0.2, Diff: 0.2, Sum: 0.4]
         [Processed Buffers: Min: 0, Avg: 1.1, Max: 3, Diff: 3, Sum: 9]
      [Scan RS (ms): Min: 0.0, Avg: 0.1, Max: 0.1, Diff: 0.1, Sum: 0.7]
      [Code Root Scanning (ms): Min: 0.0, Avg: 0.0, Max: 0.0, Diff: 0.0, Sum: 0.0]
      [Object Copy (ms): Min: 30.9, Avg: 31.0, Max: 31.3, Diff: 0.4, Sum: 248.0]
      [Termination (ms): Min: 0.0, Avg: 0.4, Max: 0.4, Diff: 0.4, Sum: 2.8]
         [Termination Attempts: Min: 1, Avg: 1.0, Max: 1, Diff: 0, Sum: 8]
      [GC Worker Other (ms): Min: 0.0, Avg: 0.0, Max: 0.1, Diff: 0.1, Sum: 0.2]
      [GC Worker Total (ms): Min: 31.7, Avg: 32.0, Max: 32.2, Diff: 0.5, Sum: 255.8]
      [GC Worker End (ms): Min: 21915.5, Avg: 21915.5, Max: 21915.6, Diff: 0.1]
   [Code Root Fixup: 0.0 ms]
   [Code Root Purge: 0.0 ms]
   [Clear CT: 1.2 ms]
   [Other: 2.8 ms]
      [Choose CSet: 0.0 ms]
      [Ref Proc: 1.1 ms]
      [Ref Enq: 0.0 ms]
      [Redirty Cards: 1.2 ms]
      [Humongous Register: 0.0 ms]
      [Humongous Reclaim: 0.0 ms]
      [Free CSet: 0.3 ms]
   [Eden: 1224.0M(1224.0M)->0.0B(1084.0M) Survivors: 196.0M->178.0M Heap: 3358.4M(4096.0M)->2295.9M(4096.0M)]
 [Times: user=0.26 sys=0.01, real=0.03 secs] 
2021-01-22T00:37:45.657+0800: 21.921: [GC concurrent-root-region-scan-start]
2021-01-22T00:37:45.657+0800: 21.921: [GC concurrent-root-region-scan-end, 0.0002509 secs]
2021-01-22T00:37:45.657+0800: 21.921: [GC concurrent-mark-start]
2021-01-22T00:37:45.662+0800: 21.926: [GC concurrent-mark-end, 0.0050351 secs]
2021-01-22T00:37:45.663+0800: 21.926: [GC remark 2021-01-22T00:37:45.663+0800: 21.927: [Finalize Marking, 0.0014601 secs] 2021-01-22T00:37:45.665+0800: 21.929: [GC ref-proc, 0.0005346 secs] 2021-01-22T00:37:45.666+0800: 21.930: [Unloading, 0.0017902 secs], 0.0068291 secs]
 [Times: user=0.02 sys=0.00, real=0.01 secs] 
2021-01-22T00:37:45.671+0800: 21.935: [GC cleanup 2338M->712M(4096M), 0.0041386 secs]
 [Times: user=0.01 sys=0.00, real=0.00 secs] 
2021-01-22T00:37:45.676+0800: 21.940: [GC concurrent-cleanup-start]
2021-01-22T00:37:45.677+0800: 21.941: [GC concurrent-cleanup-end, 0.0011461 secs]
2021-01-22T00:37:45.794+0800: 22.058: [GC pause (G1 Evacuation Pause) (young), 0.0328507 secs]
   [Parallel Time: 29.3 ms, GC Workers: 8]
      [GC Worker Start (ms): Min: 22058.1, Avg: 22058.3, Max: 22058.5, Diff: 0.3]
      [Ext Root Scanning (ms): Min: 0.0, Avg: 0.1, Max: 0.2, Diff: 0.2, Sum: 0.5]
      [Update RS (ms): Min: 0.0, Avg: 0.3, Max: 2.2, Diff: 2.2, Sum: 2.6]
         [Processed Buffers: Min: 0, Avg: 1.1, Max: 2, Diff: 2, Sum: 9]
      [Scan RS (ms): Min: 0.0, Avg: 0.1, Max: 0.3, Diff: 0.3, Sum: 0.9]
      [Code Root Scanning (ms): Min: 0.0, Avg: 0.0, Max: 0.0, Diff: 0.0, Sum: 0.0]
      [Object Copy (ms): Min: 25.6, Avg: 27.7, Max: 28.3, Diff: 2.6, Sum: 221.6]
      [Termination (ms): Min: 0.0, Avg: 0.3, Max: 0.4, Diff: 0.4, Sum: 2.3]
         [Termination Attempts: Min: 1, Avg: 1.0, Max: 1, Diff: 0, Sum: 8]
      [GC Worker Other (ms): Min: 0.0, Avg: 0.0, Max: 0.0, Diff: 0.0, Sum: 0.1]
      [GC Worker Total (ms): Min: 28.4, Avg: 28.5, Max: 28.7, Diff: 0.3, Sum: 228.1]
      [GC Worker End (ms): Min: 22086.8, Avg: 22086.8, Max: 22086.8, Diff: 0.0]
   [Code Root Fixup: 0.0 ms]
   [Code Root Purge: 0.0 ms]
   [Clear CT: 1.0 ms]
   [Other: 2.5 ms]
      [Choose CSet: 0.0 ms]
      [Ref Proc: 0.9 ms]
      [Ref Enq: 0.0 ms]
      [Redirty Cards: 1.0 ms]
      [Humongous Register: 0.0 ms]
      [Humongous Reclaim: 0.0 ms]
      [Free CSet: 0.3 ms]
   [Eden: 1084.0M(1084.0M)->0.0B(47104.0K) Survivors: 178.0M->158.0M Heap: 1753.9M(4096.0M)->810.4M(4096.0M)]
 [Times: user=0.23 sys=0.00, real=0.03 secs] 
2021-01-22T00:37:45.833+0800: 22.097: [GC pause (G1 Evacuation Pause) (mixed), 0.0197621 secs]
   [Parallel Time: 15.8 ms, GC Workers: 8]
      [GC Worker Start (ms): Min: 22096.8, Avg: 22097.0, Max: 22097.2, Diff: 0.4]
      [Ext Root Scanning (ms): Min: 0.0, Avg: 0.1, Max: 0.2, Diff: 0.2, Sum: 0.5]
      [Update RS (ms): Min: 0.0, Avg: 0.1, Max: 0.1, Diff: 0.1, Sum: 0.5]
         [Processed Buffers: Min: 0, Avg: 1.1, Max: 2, Diff: 2, Sum: 9]
      [Scan RS (ms): Min: 0.0, Avg: 0.1, Max: 0.3, Diff: 0.3, Sum: 0.5]
      [Code Root Scanning (ms): Min: 0.0, Avg: 0.0, Max: 0.0, Diff: 0.0, Sum: 0.0]
      [Object Copy (ms): Min: 14.7, Avg: 14.9, Max: 15.0, Diff: 0.3, Sum: 119.4]
      [Termination (ms): Min: 0.0, Avg: 0.1, Max: 0.1, Diff: 0.1, Sum: 0.4]
         [Termination Attempts: Min: 1, Avg: 1.0, Max: 1, Diff: 0, Sum: 8]
      [GC Worker Other (ms): Min: 0.0, Avg: 0.0, Max: 0.1, Diff: 0.1, Sum: 0.2]
      [GC Worker Total (ms): Min: 14.9, Avg: 15.2, Max: 15.4, Diff: 0.4, Sum: 121.5]
      [GC Worker End (ms): Min: 22112.1, Avg: 22112.2, Max: 22112.2, Diff: 0.1]
   [Code Root Fixup: 0.0 ms]
   [Code Root Purge: 0.0 ms]
   [Clear CT: 1.3 ms]
   [Other: 2.6 ms]
      [Choose CSet: 0.0 ms]
      [Ref Proc: 0.6 ms]
      [Ref Enq: 0.0 ms]
      [Redirty Cards: 1.2 ms]
      [Humongous Register: 0.1 ms]
      [Humongous Reclaim: 0.0 ms]
      [Free CSet: 0.3 ms]
   [Eden: 47104.0K(47104.0K)->0.0B(2388.0M) Survivors: 158.0M->18432.0K Heap: 856.4M(4096.0M)->774.6M(4096.0M)]
 [Times: user=0.13 sys=0.00, real=0.02 secs] 
2021-01-22T00:37:46.127+0800: 22.391: [GC pause (G1 Evacuation Pause) (young), 0.0406838 secs]
   [Parallel Time: 36.0 ms, GC Workers: 8]
      [GC Worker Start (ms): Min: 22391.1, Avg: 22391.3, Max: 22391.5, Diff: 0.4]
      [Ext Root Scanning (ms): Min: 0.0, Avg: 0.1, Max: 0.2, Diff: 0.2, Sum: 0.4]
      [Update RS (ms): Min: 0.0, Avg: 0.1, Max: 0.1, Diff: 0.1, Sum: 0.5]
         [Processed Buffers: Min: 0, Avg: 1.1, Max: 3, Diff: 3, Sum: 9]
      [Scan RS (ms): Min: 0.1, Avg: 0.2, Max: 0.2, Diff: 0.1, Sum: 1.3]
      [Code Root Scanning (ms): Min: 0.0, Avg: 0.0, Max: 0.0, Diff: 0.0, Sum: 0.0]
      [Object Copy (ms): Min: 34.1, Avg: 34.3, Max: 34.5, Diff: 0.4, Sum: 274.0]
      [Termination (ms): Min: 0.0, Avg: 0.3, Max: 0.4, Diff: 0.4, Sum: 2.3]
         [Termination Attempts: Min: 1, Avg: 1.0, Max: 1, Diff: 0, Sum: 8]
      [GC Worker Other (ms): Min: 0.0, Avg: 0.1, Max: 0.3, Diff: 0.3, Sum: 0.6]
      [GC Worker Total (ms): Min: 34.7, Avg: 34.9, Max: 35.2, Diff: 0.5, Sum: 279.2]
      [GC Worker End (ms): Min: 22426.1, Avg: 22426.2, Max: 22426.4, Diff: 0.3]
   [Code Root Fixup: 0.0 ms]
   [Code Root Purge: 0.0 ms]
   [Clear CT: 1.3 ms]
   [Other: 3.4 ms]
      [Choose CSet: 0.0 ms]
      [Ref Proc: 0.9 ms]
      [Ref Enq: 0.0 ms]
      [Redirty Cards: 1.4 ms]
      [Humongous Register: 0.0 ms]
      [Humongous Reclaim: 0.0 ms]
      [Free CSet: 0.9 ms]
   [Eden: 2388.0M(2388.0M)->0.0B(2104.0M) Survivors: 18432.0K->302.0M Heap: 3162.6M(4096.0M)->1121.7M(4096.0M)]
 [Times: user=0.29 sys=0.00, real=0.05 secs] 
2021-01-22T00:37:46.421+0800: 22.685: [GC pause (G1 Evacuation Pause) (young), 0.0431182 secs]
   [Parallel Time: 38.5 ms, GC Workers: 8]
      [GC Worker Start (ms): Min: 22685.4, Avg: 22685.8, Max: 22687.2, Diff: 1.8]
      [Ext Root Scanning (ms): Min: 0.0, Avg: 0.1, Max: 0.2, Diff: 0.2, Sum: 0.6]
      [Update RS (ms): Min: 0.0, Avg: 0.1, Max: 0.2, Diff: 0.2, Sum: 0.4]
         [Processed Buffers: Min: 0, Avg: 1.1, Max: 2, Diff: 2, Sum: 9]
      [Scan RS (ms): Min: 0.1, Avg: 0.2, Max: 0.8, Diff: 0.7, Sum: 2.0]
      [Code Root Scanning (ms): Min: 0.0, Avg: 0.0, Max: 0.0, Diff: 0.0, Sum: 0.0]
      [Object Copy (ms): Min: 34.5, Avg: 36.3, Max: 37.2, Diff: 2.7, Sum: 290.2]
      [Termination (ms): Min: 0.0, Avg: 0.7, Max: 0.9, Diff: 0.9, Sum: 5.2]
         [Termination Attempts: Min: 1, Avg: 1.0, Max: 1, Diff: 0, Sum: 8]
      [GC Worker Other (ms): Min: 0.0, Avg: 0.2, Max: 0.4, Diff: 0.3, Sum: 1.4]
      [GC Worker Total (ms): Min: 36.1, Avg: 37.5, Max: 38.0, Diff: 2.0, Sum: 299.8]
      [GC Worker End (ms): Min: 22723.1, Avg: 22723.2, Max: 22723.4, Diff: 0.3]
   [Code Root Fixup: 0.0 ms]
   [Code Root Purge: 0.0 ms]
   [Clear CT: 0.9 ms]
   [Other: 3.6 ms]
      [Choose CSet: 0.0 ms]
      [Ref Proc: 1.6 ms]
      [Ref Enq: 0.0 ms]
      [Redirty Cards: 1.3 ms]
      [Humongous Register: 0.0 ms]
      [Humongous Reclaim: 0.0 ms]
      [Free CSet: 0.5 ms]
   [Eden: 2104.0M(2104.0M)->0.0B(2034.0M) Survivors: 302.0M->302.0M Heap: 3225.7M(4096.0M)->1211.1M(4096.0M)]
 [Times: user=0.31 sys=0.00, real=0.04 secs] 
2021-01-22T00:37:46.712+0800: 22.976: [GC pause (G1 Evacuation Pause) (young), 0.0484739 secs]
   [Parallel Time: 44.7 ms, GC Workers: 8]
      [GC Worker Start (ms): Min: 22976.6, Avg: 22976.8, Max: 22977.2, Diff: 0.6]
      [Ext Root Scanning (ms): Min: 0.0, Avg: 0.1, Max: 0.2, Diff: 0.2, Sum: 0.6]
      [Update RS (ms): Min: 0.0, Avg: 0.1, Max: 0.2, Diff: 0.2, Sum: 0.5]
         [Processed Buffers: Min: 0, Avg: 1.1, Max: 2, Diff: 2, Sum: 9]
      [Scan RS (ms): Min: 0.1, Avg: 0.2, Max: 0.2, Diff: 0.1, Sum: 1.6]
      [Code Root Scanning (ms): Min: 0.0, Avg: 0.0, Max: 0.0, Diff: 0.0, Sum: 0.1]
      [Object Copy (ms): Min: 41.9, Avg: 42.4, Max: 43.5, Diff: 1.6, Sum: 338.9]
      [Termination (ms): Min: 0.0, Avg: 1.2, Max: 1.4, Diff: 1.4, Sum: 9.2]
         [Termination Attempts: Min: 1, Avg: 1.0, Max: 1, Diff: 0, Sum: 8]
      [GC Worker Other (ms): Min: 0.0, Avg: 0.0, Max: 0.0, Diff: 0.0, Sum: 0.1]
      [GC Worker Total (ms): Min: 43.4, Avg: 43.9, Max: 44.0, Diff: 0.6, Sum: 350.9]
      [GC Worker End (ms): Min: 23020.6, Avg: 23020.6, Max: 23020.7, Diff: 0.0]
   [Code Root Fixup: 0.0 ms]
   [Code Root Purge: 0.0 ms]
   [Clear CT: 1.1 ms]
   [Other: 2.6 ms]
      [Choose CSet: 0.0 ms]
      [Ref Proc: 0.5 ms]
      [Ref Enq: 0.0 ms]
      [Redirty Cards: 1.4 ms]
      [Humongous Register: 0.1 ms]
      [Humongous Reclaim: 0.0 ms]
      [Free CSet: 0.5 ms]
   [Eden: 2034.0M(2034.0M)->0.0B(1960.0M) Survivors: 302.0M->292.0M Heap: 3245.1M(4096.0M)->1300.6M(4096.0M)]
 [Times: user=0.35 sys=0.00, real=0.05 secs] 
2021-01-22T00:37:46.999+0800: 23.263: [GC pause (G1 Evacuation Pause) (young), 0.0412519 secs]
   [Parallel Time: 36.4 ms, GC Workers: 8]
      [GC Worker Start (ms): Min: 23262.9, Avg: 23263.1, Max: 23263.2, Diff: 0.3]
      [Ext Root Scanning (ms): Min: 0.0, Avg: 0.1, Max: 0.2, Diff: 0.2, Sum: 0.5]
      [Update RS (ms): Min: 0.0, Avg: 0.0, Max: 0.1, Diff: 0.1, Sum: 0.4]
         [Processed Buffers: Min: 0, Avg: 1.1, Max: 2, Diff: 2, Sum: 9]
      [Scan RS (ms): Min: 0.1, Avg: 0.1, Max: 0.2, Diff: 0.1, Sum: 1.2]
      [Code Root Scanning (ms): Min: 0.0, Avg: 0.0, Max: 0.0, Diff: 0.0, Sum: 0.0]
      [Object Copy (ms): Min: 35.1, Avg: 35.3, Max: 35.6, Diff: 0.5, Sum: 282.0]
      [Termination (ms): Min: 0.0, Avg: 0.3, Max: 0.5, Diff: 0.5, Sum: 2.8]
         [Termination Attempts: Min: 1, Avg: 1.0, Max: 1, Diff: 0, Sum: 8]
      [GC Worker Other (ms): Min: 0.0, Avg: 0.0, Max: 0.0, Diff: 0.0, Sum: 0.1]
      [GC Worker Total (ms): Min: 35.7, Avg: 35.9, Max: 36.1, Diff: 0.3, Sum: 287.0]
      [GC Worker End (ms): Min: 23299.0, Avg: 23299.0, Max: 23299.0, Diff: 0.0]
   [Code Root Fixup: 0.0 ms]
   [Code Root Purge: 0.0 ms]
   [Clear CT: 1.2 ms]
   [Other: 3.6 ms]
      [Choose CSet: 0.0 ms]
      [Ref Proc: 1.3 ms]
      [Ref Enq: 0.0 ms]
      [Redirty Cards: 1.5 ms]
      [Humongous Register: 0.0 ms]
      [Humongous Reclaim: 0.0 ms]
      [Free CSet: 0.6 ms]
   [Eden: 1960.0M(1960.0M)->0.0B(1860.0M) Survivors: 292.0M->282.0M Heap: 3260.6M(4096.0M)->1411.9M(4096.0M)]
 [Times: user=0.30 sys=0.00, real=0.04 secs] 
2021-01-22T00:37:47.260+0800: 23.523: [GC pause (G1 Evacuation Pause) (young), 0.0412336 secs]
   [Parallel Time: 35.8 ms, GC Workers: 8]
      [GC Worker Start (ms): Min: 23523.6, Avg: 23523.8, Max: 23523.9, Diff: 0.3]
      [Ext Root Scanning (ms): Min: 0.0, Avg: 0.1, Max: 0.2, Diff: 0.2, Sum: 0.5]
      [Update RS (ms): Min: 0.0, Avg: 0.1, Max: 0.1, Diff: 0.1, Sum: 0.6]
         [Processed Buffers: Min: 0, Avg: 1.1, Max: 2, Diff: 2, Sum: 9]
      [Scan RS (ms): Min: 0.1, Avg: 0.1, Max: 0.2, Diff: 0.1, Sum: 1.2]
      [Code Root Scanning (ms): Min: 0.0, Avg: 0.0, Max: 0.0, Diff: 0.0, Sum: 0.0]
      [Object Copy (ms): Min: 34.6, Avg: 34.6, Max: 34.7, Diff: 0.1, Sum: 277.1]
      [Termination (ms): Min: 0.0, Avg: 0.1, Max: 0.1, Diff: 0.1, Sum: 0.4]
         [Termination Attempts: Min: 1, Avg: 1.0, Max: 1, Diff: 0, Sum: 8]
      [GC Worker Other (ms): Min: 0.0, Avg: 0.2, Max: 0.4, Diff: 0.4, Sum: 1.3]
      [GC Worker Total (ms): Min: 34.9, Avg: 35.1, Max: 35.4, Diff: 0.5, Sum: 281.1]
      [GC Worker End (ms): Min: 23558.8, Avg: 23558.9, Max: 23559.2, Diff: 0.4]
   [Code Root Fixup: 0.0 ms]
   [Code Root Purge: 0.0 ms]
   [Clear CT: 1.4 ms]
   [Other: 4.1 ms]
      [Choose CSet: 0.0 ms]
      [Ref Proc: 1.3 ms]
      [Ref Enq: 0.0 ms]
      [Redirty Cards: 1.3 ms]
      [Humongous Register: 0.0 ms]
      [Humongous Reclaim: 0.0 ms]
      [Free CSet: 1.1 ms]
   [Eden: 1860.0M(1860.0M)->0.0B(1770.0M) Survivors: 282.0M->268.0M Heap: 3271.9M(4096.0M)->1514.4M(4096.0M)]
 [Times: user=0.28 sys=0.00, real=0.04 secs] 
2021-01-22T00:37:47.502+0800: 23.766: [GC pause (G1 Evacuation Pause) (young), 0.0429041 secs]
   [Parallel Time: 38.8 ms, GC Workers: 8]
      [GC Worker Start (ms): Min: 23766.0, Avg: 23766.2, Max: 23766.3, Diff: 0.4]
      [Ext Root Scanning (ms): Min: 0.0, Avg: 0.1, Max: 0.2, Diff: 0.2, Sum: 0.5]
      [Update RS (ms): Min: 0.0, Avg: 0.1, Max: 0.1, Diff: 0.1, Sum: 0.5]
         [Processed Buffers: Min: 0, Avg: 1.1, Max: 2, Diff: 2, Sum: 9]
      [Scan RS (ms): Min: 0.1, Avg: 0.1, Max: 0.2, Diff: 0.0, Sum: 1.1]
      [Code Root Scanning (ms): Min: 0.0, Avg: 0.0, Max: 0.0, Diff: 0.0, Sum: 0.0]
      [Object Copy (ms): Min: 35.2, Avg: 35.5, Max: 37.5, Diff: 2.3, Sum: 284.4]
      [Termination (ms): Min: 0.0, Avg: 2.0, Max: 2.4, Diff: 2.4, Sum: 16.2]
         [Termination Attempts: Min: 1, Avg: 1.0, Max: 1, Diff: 0, Sum: 8]
      [GC Worker Other (ms): Min: 0.0, Avg: 0.0, Max: 0.1, Diff: 0.1, Sum: 0.2]
      [GC Worker Total (ms): Min: 37.7, Avg: 37.9, Max: 38.1, Diff: 0.4, Sum: 303.0]
      [GC Worker End (ms): Min: 23804.0, Avg: 23804.1, Max: 23804.1, Diff: 0.1]
   [Code Root Fixup: 0.0 ms]
   [Code Root Purge: 0.0 ms]
   [Clear CT: 1.0 ms]
   [Other: 3.1 ms]
      [Choose CSet: 0.0 ms]
      [Ref Proc: 0.8 ms]
      [Ref Enq: 0.0 ms]
      [Redirty Cards: 1.6 ms]
      [Humongous Register: 0.0 ms]
      [Humongous Reclaim: 0.0 ms]
      [Free CSet: 0.5 ms]
   [Eden: 1770.0M(1770.0M)->0.0B(1670.0M) Survivors: 268.0M->256.0M Heap: 3284.4M(4096.0M)->1627.2M(4096.0M)]
 [Times: user=0.30 sys=0.00, real=0.04 secs] 
2021-01-22T00:37:47.760+0800: 24.023: [GC pause (G1 Evacuation Pause) (young), 0.0401832 secs]
   [Parallel Time: 37.2 ms, GC Workers: 8]
      [GC Worker Start (ms): Min: 24023.7, Avg: 24024.7, Max: 24030.6, Diff: 6.9]
      [Ext Root Scanning (ms): Min: 0.0, Avg: 0.1, Max: 0.3, Diff: 0.3, Sum: 0.6]
      [Update RS (ms): Min: 0.0, Avg: 0.1, Max: 0.1, Diff: 0.1, Sum: 0.4]
         [Processed Buffers: Min: 0, Avg: 1.1, Max: 2, Diff: 2, Sum: 9]
      [Scan RS (ms): Min: 0.1, Avg: 0.2, Max: 0.7, Diff: 0.6, Sum: 1.6]
      [Code Root Scanning (ms): Min: 0.0, Avg: 0.0, Max: 0.0, Diff: 0.0, Sum: 0.0]
      [Object Copy (ms): Min: 27.7, Avg: 34.1, Max: 35.9, Diff: 8.3, Sum: 272.7]
      [Termination (ms): Min: 0.0, Avg: 1.0, Max: 1.1, Diff: 1.1, Sum: 7.6]
         [Termination Attempts: Min: 1, Avg: 1.0, Max: 1, Diff: 0, Sum: 8]
      [GC Worker Other (ms): Min: 0.1, Avg: 0.2, Max: 0.3, Diff: 0.2, Sum: 1.8]
      [GC Worker Total (ms): Min: 29.7, Avg: 35.6, Max: 36.7, Diff: 7.1, Sum: 284.8]
      [GC Worker End (ms): Min: 24060.2, Avg: 24060.3, Max: 24060.5, Diff: 0.3]
   [Code Root Fixup: 0.0 ms]
   [Code Root Purge: 0.0 ms]
   [Clear CT: 0.5 ms]
   [Other: 2.5 ms]
      [Choose CSet: 0.0 ms]
      [Ref Proc: 0.7 ms]
      [Ref Enq: 0.0 ms]
      [Redirty Cards: 0.5 ms]
      [Humongous Register: 0.1 ms]
      [Humongous Reclaim: 0.0 ms]
      [Free CSet: 1.1 ms]
   [Eden: 1670.0M(1670.0M)->0.0B(1564.0M) Survivors: 256.0M->242.0M Heap: 3297.2M(4096.0M)->1748.4M(4096.0M)]
 [Times: user=0.28 sys=0.01, real=0.04 secs] 
2021-01-22T00:37:47.980+0800: 24.244: [GC pause (G1 Evacuation Pause) (young), 0.0392400 secs]
   [Parallel Time: 35.2 ms, GC Workers: 8]
      [GC Worker Start (ms): Min: 24244.0, Avg: 24244.2, Max: 24244.4, Diff: 0.4]
      [Ext Root Scanning (ms): Min: 0.0, Avg: 0.1, Max: 0.2, Diff: 0.2, Sum: 0.6]
      [Update RS (ms): Min: 0.0, Avg: 0.7, Max: 4.9, Diff: 4.9, Sum: 5.4]
         [Processed Buffers: Min: 0, Avg: 1.1, Max: 2, Diff: 2, Sum: 9]
      [Scan RS (ms): Min: 0.0, Avg: 0.2, Max: 0.9, Diff: 0.9, Sum: 1.8]
      [Code Root Scanning (ms): Min: 0.0, Avg: 0.0, Max: 0.0, Diff: 0.0, Sum: 0.0]
      [Object Copy (ms): Min: 28.5, Avg: 33.0, Max: 33.7, Diff: 5.2, Sum: 263.9]
      [Termination (ms): Min: 0.0, Avg: 0.4, Max: 0.5, Diff: 0.5, Sum: 3.2]
         [Termination Attempts: Min: 1, Avg: 1.0, Max: 1, Diff: 0, Sum: 8]
      [GC Worker Other (ms): Min: 0.0, Avg: 0.0, Max: 0.1, Diff: 0.1, Sum: 0.3]
      [GC Worker Total (ms): Min: 34.3, Avg: 34.4, Max: 34.6, Diff: 0.3, Sum: 275.2]
      [GC Worker End (ms): Min: 24278.6, Avg: 24278.6, Max: 24278.7, Diff: 0.1]
   [Code Root Fixup: 0.0 ms]
   [Code Root Purge: 0.0 ms]
   [Clear CT: 1.2 ms]
   [Other: 2.8 ms]
      [Choose CSet: 0.0 ms]
      [Ref Proc: 0.9 ms]
      [Ref Enq: 0.0 ms]
      [Redirty Cards: 1.2 ms]
      [Humongous Register: 0.2 ms]
      [Humongous Reclaim: 0.0 ms]
      [Free CSet: 0.4 ms]
   [Eden: 1564.0M(1564.0M)->0.0B(1452.0M) Survivors: 242.0M->226.0M Heap: 3312.4M(4096.0M)->1875.6M(4096.0M)]
 [Times: user=0.27 sys=0.02, real=0.04 secs] 
2021-01-22T00:37:48.185+0800: 24.449: [GC pause (G1 Evacuation Pause) (young), 0.0390009 secs]
   [Parallel Time: 35.1 ms, GC Workers: 8]
      [GC Worker Start (ms): Min: 24449.7, Avg: 24449.9, Max: 24450.1, Diff: 0.4]
      [Ext Root Scanning (ms): Min: 0.0, Avg: 0.1, Max: 0.2, Diff: 0.2, Sum: 0.5]
      [Update RS (ms): Min: 0.0, Avg: 0.1, Max: 0.1, Diff: 0.1, Sum: 0.5]
         [Processed Buffers: Min: 0, Avg: 1.1, Max: 2, Diff: 2, Sum: 9]
      [Scan RS (ms): Min: 0.1, Avg: 0.1, Max: 0.1, Diff: 0.1, Sum: 0.9]
      [Code Root Scanning (ms): Min: 0.0, Avg: 0.0, Max: 0.0, Diff: 0.0, Sum: 0.0]
      [Object Copy (ms): Min: 33.5, Avg: 33.5, Max: 33.6, Diff: 0.1, Sum: 268.4]
      [Termination (ms): Min: 0.0, Avg: 0.1, Max: 0.1, Diff: 0.1, Sum: 0.4]
         [Termination Attempts: Min: 1, Avg: 1.0, Max: 1, Diff: 0, Sum: 8]
      [GC Worker Other (ms): Min: 0.0, Avg: 0.1, Max: 0.2, Diff: 0.2, Sum: 0.6]
      [GC Worker Total (ms): Min: 33.7, Avg: 33.9, Max: 34.2, Diff: 0.5, Sum: 271.3]
      [GC Worker End (ms): Min: 24483.7, Avg: 24483.8, Max: 24484.0, Diff: 0.3]
   [Code Root Fixup: 0.0 ms]
   [Code Root Purge: 0.0 ms]
   [Clear CT: 1.3 ms]
   [Other: 2.6 ms]
      [Choose CSet: 0.1 ms]
      [Ref Proc: 0.6 ms]
      [Ref Enq: 0.0 ms]
      [Redirty Cards: 1.4 ms]
      [Humongous Register: 0.2 ms]
      [Humongous Reclaim: 0.0 ms]
      [Free CSet: 0.3 ms]
   [Eden: 1452.0M(1452.0M)->0.0B(1328.0M) Survivors: 226.0M->210.0M Heap: 3327.6M(4096.0M)->2018.0M(4096.0M)]
 [Times: user=0.28 sys=0.00, real=0.04 secs] 
2021-01-22T00:37:48.376+0800: 24.640: [GC pause (G1 Evacuation Pause) (young), 0.0368970 secs]
   [Parallel Time: 34.2 ms, GC Workers: 8]
      [GC Worker Start (ms): Min: 24640.4, Avg: 24640.6, Max: 24640.7, Diff: 0.3]
      [Ext Root Scanning (ms): Min: 0.0, Avg: 0.1, Max: 0.2, Diff: 0.2, Sum: 0.5]
      [Update RS (ms): Min: 0.0, Avg: 0.1, Max: 0.1, Diff: 0.1, Sum: 0.5]
         [Processed Buffers: Min: 0, Avg: 1.1, Max: 2, Diff: 2, Sum: 9]
      [Scan RS (ms): Min: 0.1, Avg: 0.1, Max: 0.1, Diff: 0.0, Sum: 0.8]
      [Code Root Scanning (ms): Min: 0.0, Avg: 0.0, Max: 0.0, Diff: 0.0, Sum: 0.0]
      [Object Copy (ms): Min: 32.5, Avg: 32.7, Max: 33.0, Diff: 0.5, Sum: 261.5]
      [Termination (ms): Min: 0.0, Avg: 0.4, Max: 0.6, Diff: 0.6, Sum: 3.1]
         [Termination Attempts: Min: 1, Avg: 1.0, Max: 1, Diff: 0, Sum: 8]
      [GC Worker Other (ms): Min: 0.0, Avg: 0.0, Max: 0.0, Diff: 0.0, Sum: 0.1]
      [GC Worker Total (ms): Min: 33.2, Avg: 33.3, Max: 33.5, Diff: 0.3, Sum: 266.5]
      [GC Worker End (ms): Min: 24673.9, Avg: 24673.9, Max: 24674.0, Diff: 0.1]
   [Code Root Fixup: 0.0 ms]
   [Code Root Purge: 0.0 ms]
   [Clear CT: 0.8 ms]
   [Other: 1.9 ms]
      [Choose CSet: 0.0 ms]
      [Ref Proc: 0.4 ms]
      [Ref Enq: 0.0 ms]
      [Redirty Cards: 1.1 ms]
      [Humongous Register: 0.1 ms]
      [Humongous Reclaim: 0.0 ms]
      [Free CSet: 0.3 ms]
   [Eden: 1328.0M(1328.0M)->0.0B(1194.0M) Survivors: 210.0M->194.0M Heap: 3346.0M(4096.0M)->2169.3M(4096.0M)]
 [Times: user=0.27 sys=0.00, real=0.04 secs] 
2021-01-22T00:37:48.548+0800: 24.812: [GC pause (G1 Evacuation Pause) (young) (initial-mark), 0.0345690 secs]
   [Parallel Time: 30.2 ms, GC Workers: 8]
      [GC Worker Start (ms): Min: 24812.5, Avg: 24812.7, Max: 24813.0, Diff: 0.5]
      [Ext Root Scanning (ms): Min: 0.0, Avg: 0.4, Max: 0.7, Diff: 0.6, Sum: 3.4]
      [Update RS (ms): Min: 0.0, Avg: 0.1, Max: 0.2, Diff: 0.2, Sum: 0.5]
         [Processed Buffers: Min: 0, Avg: 1.1, Max: 3, Diff: 3, Sum: 9]
      [Scan RS (ms): Min: 0.0, Avg: 0.1, Max: 0.1, Diff: 0.1, Sum: 0.6]
      [Code Root Scanning (ms): Min: 0.0, Avg: 0.0, Max: 0.0, Diff: 0.0, Sum: 0.0]
      [Object Copy (ms): Min: 28.5, Avg: 28.5, Max: 28.6, Diff: 0.1, Sum: 228.3]
      [Termination (ms): Min: 0.0, Avg: 0.0, Max: 0.1, Diff: 0.1, Sum: 0.2]
         [Termination Attempts: Min: 1, Avg: 1.1, Max: 2, Diff: 1, Sum: 9]
      [GC Worker Other (ms): Min: 0.0, Avg: 0.1, Max: 0.2, Diff: 0.2, Sum: 0.5]
      [GC Worker Total (ms): Min: 28.9, Avg: 29.2, Max: 29.5, Diff: 0.6, Sum: 233.7]
      [GC Worker End (ms): Min: 24841.9, Avg: 24841.9, Max: 24842.1, Diff: 0.3]
   [Code Root Fixup: 0.0 ms]
   [Code Root Purge: 0.0 ms]
   [Clear CT: 1.3 ms]
   [Other: 3.0 ms]
      [Choose CSet: 0.0 ms]
      [Ref Proc: 0.6 ms]
      [Ref Enq: 0.0 ms]
      [Redirty Cards: 1.5 ms]
      [Humongous Register: 0.0 ms]
      [Humongous Reclaim: 0.0 ms]
      [Free CSet: 0.7 ms]
   [Eden: 1194.0M(1194.0M)->0.0B(1082.0M) Survivors: 194.0M->174.0M Heap: 3363.3M(4096.0M)->2300.5M(4096.0M)]
 [Times: user=0.24 sys=0.00, real=0.03 secs] 
2021-01-22T00:37:48.584+0800: 24.848: [GC concurrent-root-region-scan-start]
2021-01-22T00:37:48.584+0800: 24.848: [GC concurrent-root-region-scan-end, 0.0003624 secs]
2021-01-22T00:37:48.584+0800: 24.848: [GC concurrent-mark-start]
2021-01-22T00:37:48.589+0800: 24.853: [GC concurrent-mark-end, 0.0047093 secs]
2021-01-22T00:37:48.589+0800: 24.853: [GC remark 2021-01-22T00:37:48.590+0800: 24.854: [Finalize Marking, 0.0010034 secs] 2021-01-22T00:37:48.591+0800: 24.855: [GC ref-proc, 0.0007473 secs] 2021-01-22T00:37:48.592+0800: 24.856: [Unloading, 0.0016070 secs], 0.0057211 secs]
 [Times: user=0.01 sys=0.00, real=0.00 secs] 
2021-01-22T00:37:48.596+0800: 24.860: [GC cleanup 2350M->684M(4096M), 0.0047795 secs]
 [Times: user=0.00 sys=0.02, real=0.01 secs] 
2021-01-22T00:37:48.602+0800: 24.866: [GC concurrent-cleanup-start]
2021-01-22T00:37:48.603+0800: 24.867: [GC concurrent-cleanup-end, 0.0012257 secs]
2021-01-22T00:37:48.722+0800: 24.986: [GC pause (G1 Evacuation Pause) (young), 0.0383644 secs]
   [Parallel Time: 35.0 ms, GC Workers: 8]
      [GC Worker Start (ms): Min: 24986.5, Avg: 24987.4, Max: 24993.3, Diff: 6.9]
      [Ext Root Scanning (ms): Min: 0.0, Avg: 0.1, Max: 0.2, Diff: 0.2, Sum: 0.5]
      [Update RS (ms): Min: 0.0, Avg: 0.1, Max: 0.1, Diff: 0.1, Sum: 0.5]
         [Processed Buffers: Min: 0, Avg: 1.1, Max: 2, Diff: 2, Sum: 9]
      [Scan RS (ms): Min: 0.0, Avg: 0.1, Max: 0.4, Diff: 0.3, Sum: 0.9]
      [Code Root Scanning (ms): Min: 0.0, Avg: 0.0, Max: 0.0, Diff: 0.0, Sum: 0.0]
      [Object Copy (ms): Min: 22.4, Avg: 29.1, Max: 34.0, Diff: 11.5, Sum: 232.8]
      [Termination (ms): Min: 0.0, Avg: 4.0, Max: 4.7, Diff: 4.7, Sum: 32.0]
         [Termination Attempts: Min: 1, Avg: 1.0, Max: 1, Diff: 0, Sum: 8]
      [GC Worker Other (ms): Min: 0.0, Avg: 0.0, Max: 0.1, Diff: 0.1, Sum: 0.2]
      [GC Worker Total (ms): Min: 27.5, Avg: 33.4, Max: 34.4, Diff: 6.9, Sum: 267.0]
      [GC Worker End (ms): Min: 25020.8, Avg: 25020.8, Max: 25020.9, Diff: 0.1]
   [Code Root Fixup: 0.0 ms]
   [Code Root Purge: 0.0 ms]
   [Clear CT: 0.9 ms]
   [Other: 2.4 ms]
      [Choose CSet: 0.0 ms]
      [Ref Proc: 1.0 ms]
      [Ref Enq: 0.0 ms]
      [Redirty Cards: 0.9 ms]
      [Humongous Register: 0.0 ms]
      [Humongous Reclaim: 0.0 ms]
      [Free CSet: 0.3 ms]
   [Eden: 1082.0M(1082.0M)->0.0B(47104.0K) Survivors: 174.0M->158.0M Heap: 1716.5M(4096.0M)->767.3M(4096.0M)]
 [Times: user=0.25 sys=0.02, real=0.04 secs] 
2021-01-22T00:37:48.768+0800: 25.032: [GC pause (G1 Evacuation Pause) (mixed), 0.0201203 secs]
   [Parallel Time: 17.3 ms, GC Workers: 8]
      [GC Worker Start (ms): Min: 25031.7, Avg: 25031.9, Max: 25032.0, Diff: 0.3]
      [Ext Root Scanning (ms): Min: 0.0, Avg: 0.1, Max: 0.2, Diff: 0.2, Sum: 0.5]
      [Update RS (ms): Min: 0.0, Avg: 0.4, Max: 3.1, Diff: 3.1, Sum: 3.4]
         [Processed Buffers: Min: 0, Avg: 1.1, Max: 2, Diff: 2, Sum: 9]
      [Scan RS (ms): Min: 0.0, Avg: 0.0, Max: 0.1, Diff: 0.1, Sum: 0.3]
      [Code Root Scanning (ms): Min: 0.0, Avg: 0.0, Max: 0.0, Diff: 0.0, Sum: 0.0]
      [Object Copy (ms): Min: 12.0, Avg: 14.9, Max: 16.3, Diff: 4.3, Sum: 119.2]
      [Termination (ms): Min: 0.0, Avg: 1.1, Max: 1.4, Diff: 1.4, Sum: 8.7]
         [Termination Attempts: Min: 1, Avg: 1.0, Max: 1, Diff: 0, Sum: 8]
      [GC Worker Other (ms): Min: 0.0, Avg: 0.0, Max: 0.0, Diff: 0.0, Sum: 0.1]
      [GC Worker Total (ms): Min: 16.3, Avg: 16.5, Max: 16.7, Diff: 0.4, Sum: 132.1]
      [GC Worker End (ms): Min: 25048.4, Avg: 25048.4, Max: 25048.4, Diff: 0.0]
   [Code Root Fixup: 0.0 ms]
   [Code Root Purge: 0.0 ms]
   [Clear CT: 0.8 ms]
   [Other: 2.1 ms]
      [Choose CSet: 0.0 ms]
      [Ref Proc: 0.9 ms]
      [Ref Enq: 0.0 ms]
      [Redirty Cards: 0.7 ms]
      [Humongous Register: 0.0 ms]
      [Humongous Reclaim: 0.0 ms]
      [Free CSet: 0.1 ms]
   [Eden: 47104.0K(47104.0K)->0.0B(2440.0M) Survivors: 158.0M->16384.0K Heap: 813.3M(4096.0M)->726.1M(4096.0M)]
 [Times: user=0.13 sys=0.01, real=0.03 secs] 
2021-01-22T00:37:49.069+0800: 25.333: [GC pause (G1 Evacuation Pause) (young), 0.0386352 secs]
   [Parallel Time: 34.9 ms, GC Workers: 8]
      [GC Worker Start (ms): Min: 25333.2, Avg: 25333.4, Max: 25333.6, Diff: 0.3]
      [Ext Root Scanning (ms): Min: 0.0, Avg: 0.1, Max: 0.2, Diff: 0.2, Sum: 0.5]
      [Update RS (ms): Min: 0.0, Avg: 0.1, Max: 0.1, Diff: 0.1, Sum: 0.5]
         [Processed Buffers: Min: 0, Avg: 1.1, Max: 2, Diff: 2, Sum: 9]
      [Scan RS (ms): Min: 0.1, Avg: 0.2, Max: 0.2, Diff: 0.1, Sum: 1.4]
      [Code Root Scanning (ms): Min: 0.0, Avg: 0.0, Max: 0.0, Diff: 0.0, Sum: 0.0]
      [Object Copy (ms): Min: 33.6, Avg: 33.6, Max: 33.7, Diff: 0.1, Sum: 268.9]
      [Termination (ms): Min: 0.0, Avg: 0.1, Max: 0.1, Diff: 0.1, Sum: 0.4]
         [Termination Attempts: Min: 1, Avg: 1.2, Max: 3, Diff: 2, Sum: 10]
      [GC Worker Other (ms): Min: 0.0, Avg: 0.0, Max: 0.0, Diff: 0.0, Sum: 0.1]
      [GC Worker Total (ms): Min: 33.9, Avg: 34.0, Max: 34.2, Diff: 0.3, Sum: 271.9]
      [GC Worker End (ms): Min: 25367.4, Avg: 25367.4, Max: 25367.4, Diff: 0.0]
   [Code Root Fixup: 0.0 ms]
   [Code Root Purge: 0.0 ms]
   [Clear CT: 1.0 ms]
   [Other: 2.7 ms]
      [Choose CSet: 0.0 ms]
      [Ref Proc: 0.7 ms]
      [Ref Enq: 0.0 ms]
      [Redirty Cards: 1.1 ms]
      [Humongous Register: 0.1 ms]
      [Humongous Reclaim: 0.0 ms]
      [Free CSet: 0.6 ms]
   [Eden: 2440.0M(2440.0M)->0.0B(2148.0M) Survivors: 16384.0K->308.0M Heap: 3166.1M(4096.0M)->1068.4M(4096.0M)]
 [Times: user=0.28 sys=0.00, real=0.03 secs] 
2021-01-22T00:37:49.354+0800: 25.618: [GC pause (G1 Evacuation Pause) (young), 0.0412764 secs]
   [Parallel Time: 37.8 ms, GC Workers: 8]
      [GC Worker Start (ms): Min: 25617.8, Avg: 25618.0, Max: 25618.1, Diff: 0.4]
      [Ext Root Scanning (ms): Min: 0.0, Avg: 0.1, Max: 0.2, Diff: 0.2, Sum: 0.6]
      [Update RS (ms): Min: 0.0, Avg: 0.1, Max: 0.2, Diff: 0.2, Sum: 0.5]
         [Processed Buffers: Min: 0, Avg: 1.1, Max: 2, Diff: 2, Sum: 9]
      [Scan RS (ms): Min: 0.1, Avg: 0.2, Max: 0.7, Diff: 0.6, Sum: 2.0]
      [Code Root Scanning (ms): Min: 0.0, Avg: 0.0, Max: 0.0, Diff: 0.0, Sum: 0.0]
      [Object Copy (ms): Min: 36.3, Avg: 36.7, Max: 36.9, Diff: 0.6, Sum: 294.0]
      [Termination (ms): Min: 0.0, Avg: 0.1, Max: 0.2, Diff: 0.2, Sum: 0.7]
         [Termination Attempts: Min: 1, Avg: 1.2, Max: 2, Diff: 1, Sum: 10]
      [GC Worker Other (ms): Min: 0.0, Avg: 0.1, Max: 0.2, Diff: 0.2, Sum: 0.6]
      [GC Worker Total (ms): Min: 37.1, Avg: 37.3, Max: 37.5, Diff: 0.4, Sum: 298.3]
      [GC Worker End (ms): Min: 25655.2, Avg: 25655.3, Max: 25655.4, Diff: 0.2]
   [Code Root Fixup: 0.0 ms]
   [Code Root Purge: 0.0 ms]
   [Clear CT: 0.8 ms]
   [Other: 2.7 ms]
      [Choose CSet: 0.0 ms]
      [Ref Proc: 0.5 ms]
      [Ref Enq: 0.0 ms]
      [Redirty Cards: 1.3 ms]
      [Humongous Register: 0.0 ms]
      [Humongous Reclaim: 0.0 ms]
      [Free CSet: 0.7 ms]
   [Eden: 2148.0M(2148.0M)->0.0B(2118.0M) Survivors: 308.0M->308.0M Heap: 3216.4M(4096.0M)->1149.6M(4096.0M)]
 [Times: user=0.31 sys=0.00, real=0.04 secs] 
2021-01-22T00:37:49.638+0800: 25.902: [GC pause (G1 Evacuation Pause) (young), 0.0415560 secs]
   [Parallel Time: 38.0 ms, GC Workers: 8]
      [GC Worker Start (ms): Min: 25902.1, Avg: 25902.3, Max: 25902.5, Diff: 0.4]
      [Ext Root Scanning (ms): Min: 0.0, Avg: 0.1, Max: 0.2, Diff: 0.2, Sum: 0.5]
      [Update RS (ms): Min: 0.0, Avg: 0.1, Max: 0.1, Diff: 0.1, Sum: 0.4]
         [Processed Buffers: Min: 0, Avg: 1.1, Max: 2, Diff: 2, Sum: 9]
      [Scan RS (ms): Min: 0.1, Avg: 0.2, Max: 0.2, Diff: 0.1, Sum: 1.4]
      [Code Root Scanning (ms): Min: 0.0, Avg: 0.0, Max: 0.0, Diff: 0.0, Sum: 0.0]
      [Object Copy (ms): Min: 36.2, Avg: 36.4, Max: 36.9, Diff: 0.6, Sum: 291.5]
      [Termination (ms): Min: 0.0, Avg: 0.5, Max: 0.7, Diff: 0.7, Sum: 3.9]
         [Termination Attempts: Min: 1, Avg: 1.0, Max: 1, Diff: 0, Sum: 8]
      [GC Worker Other (ms): Min: 0.0, Avg: 0.1, Max: 0.2, Diff: 0.2, Sum: 0.5]
      [GC Worker Total (ms): Min: 37.1, Avg: 37.3, Max: 37.6, Diff: 0.5, Sum: 298.2]
      [GC Worker End (ms): Min: 25939.5, Avg: 25939.6, Max: 25939.7, Diff: 0.2]
   [Code Root Fixup: 0.0 ms]
   [Code Root Purge: 0.0 ms]
   [Clear CT: 0.9 ms]
   [Other: 2.6 ms]
      [Choose CSet: 0.0 ms]
      [Ref Proc: 0.4 ms]
      [Ref Enq: 0.0 ms]
      [Redirty Cards: 1.2 ms]
      [Humongous Register: 0.0 ms]
      [Humongous Reclaim: 0.0 ms]
      [Free CSet: 0.8 ms]
   [Eden: 2118.0M(2118.0M)->0.0B(2026.0M) Survivors: 308.0M->304.0M Heap: 3267.6M(4096.0M)->1243.6M(4096.0M)]
 [Times: user=0.29 sys=0.02, real=0.05 secs] 
2021-01-22T00:37:49.916+0800: 26.180: [GC pause (G1 Evacuation Pause) (young), 0.0400239 secs]
   [Parallel Time: 35.8 ms, GC Workers: 8]
      [GC Worker Start (ms): Min: 26180.6, Avg: 26180.8, Max: 26180.9, Diff: 0.4]
      [Ext Root Scanning (ms): Min: 0.0, Avg: 0.1, Max: 0.2, Diff: 0.2, Sum: 0.5]
      [Update RS (ms): Min: 0.0, Avg: 0.0, Max: 0.1, Diff: 0.1, Sum: 0.4]
         [Processed Buffers: Min: 0, Avg: 1.1, Max: 3, Diff: 3, Sum: 9]
      [Scan RS (ms): Min: 0.1, Avg: 0.2, Max: 0.2, Diff: 0.1, Sum: 1.3]
      [Code Root Scanning (ms): Min: 0.0, Avg: 0.0, Max: 0.0, Diff: 0.0, Sum: 0.0]
      [Object Copy (ms): Min: 34.1, Avg: 34.2, Max: 34.4, Diff: 0.3, Sum: 273.8]
      [Termination (ms): Min: 0.0, Avg: 0.2, Max: 0.3, Diff: 0.3, Sum: 1.8]
         [Termination Attempts: Min: 1, Avg: 1.0, Max: 1, Diff: 0, Sum: 8]
      [GC Worker Other (ms): Min: 0.0, Avg: 0.1, Max: 0.2, Diff: 0.2, Sum: 0.4]
      [GC Worker Total (ms): Min: 34.6, Avg: 34.8, Max: 35.0, Diff: 0.4, Sum: 278.2]
      [GC Worker End (ms): Min: 26215.5, Avg: 26215.5, Max: 26215.7, Diff: 0.2]
   [Code Root Fixup: 0.0 ms]
   [Code Root Purge: 0.0 ms]
   [Clear CT: 1.5 ms]
   [Other: 2.7 ms]
      [Choose CSet: 0.0 ms]
      [Ref Proc: 0.5 ms]
      [Ref Enq: 0.0 ms]
      [Redirty Cards: 1.2 ms]
      [Humongous Register: 0.0 ms]
      [Humongous Reclaim: 0.0 ms]
      [Free CSet: 0.7 ms]
   [Eden: 2026.0M(2026.0M)->0.0B(1964.0M) Survivors: 304.0M->292.0M Heap: 3269.6M(4096.0M)->1314.6M(4096.0M)]
 [Times: user=0.29 sys=0.00, real=0.04 secs] 
2021-01-22T00:37:50.182+0800: 26.446: [GC pause (G1 Evacuation Pause) (young), 0.0402272 secs]
   [Parallel Time: 36.5 ms, GC Workers: 8]
      [GC Worker Start (ms): Min: 26446.1, Avg: 26446.3, Max: 26446.5, Diff: 0.4]
      [Ext Root Scanning (ms): Min: 0.0, Avg: 0.1, Max: 0.2, Diff: 0.2, Sum: 0.4]
      [Update RS (ms): Min: 0.0, Avg: 0.0, Max: 0.1, Diff: 0.1, Sum: 0.4]
         [Processed Buffers: Min: 0, Avg: 1.1, Max: 3, Diff: 3, Sum: 9]
      [Scan RS (ms): Min: 0.1, Avg: 0.1, Max: 0.2, Diff: 0.1, Sum: 1.2]
      [Code Root Scanning (ms): Min: 0.0, Avg: 0.0, Max: 0.0, Diff: 0.0, Sum: 0.0]
      [Object Copy (ms): Min: 35.4, Avg: 35.5, Max: 35.5, Diff: 0.1, Sum: 283.7]
      [Termination (ms): Min: 0.0, Avg: 0.1, Max: 0.1, Diff: 0.1, Sum: 0.4]
         [Termination Attempts: Min: 1, Avg: 1.0, Max: 1, Diff: 0, Sum: 8]
      [GC Worker Other (ms): Min: 0.0, Avg: 0.0, Max: 0.0, Diff: 0.0, Sum: 0.1]
      [GC Worker Total (ms): Min: 35.6, Avg: 35.8, Max: 36.0, Diff: 0.3, Sum: 286.2]
      [GC Worker End (ms): Min: 26482.1, Avg: 26482.1, Max: 26482.1, Diff: 0.0]
   [Code Root Fixup: 0.0 ms]
   [Code Root Purge: 0.0 ms]
   [Clear CT: 0.9 ms]
   [Other: 2.8 ms]
      [Choose CSet: 0.0 ms]
      [Ref Proc: 1.0 ms]
      [Ref Enq: 0.0 ms]
      [Redirty Cards: 1.2 ms]
      [Humongous Register: 0.0 ms]
      [Humongous Reclaim: 0.0 ms]
      [Free CSet: 0.4 ms]
   [Eden: 1964.0M(1964.0M)->0.0B(1862.0M) Survivors: 292.0M->282.0M Heap: 3278.6M(4096.0M)->1420.4M(4096.0M)]
 [Times: user=0.29 sys=0.00, real=0.04 secs] 
2021-01-22T00:37:50.430+0800: 26.694: [GC pause (G1 Evacuation Pause) (young), 0.0410273 secs]
   [Parallel Time: 36.9 ms, GC Workers: 8]
      [GC Worker Start (ms): Min: 26694.3, Avg: 26694.6, Max: 26695.8, Diff: 1.4]
      [Ext Root Scanning (ms): Min: 0.0, Avg: 0.1, Max: 0.2, Diff: 0.2, Sum: 0.5]
      [Update RS (ms): Min: 0.0, Avg: 0.1, Max: 0.1, Diff: 0.1, Sum: 0.5]
         [Processed Buffers: Min: 0, Avg: 1.1, Max: 2, Diff: 2, Sum: 9]
      [Scan RS (ms): Min: 0.1, Avg: 0.2, Max: 0.6, Diff: 0.5, Sum: 1.8]
      [Code Root Scanning (ms): Min: 0.0, Avg: 0.0, Max: 0.0, Diff: 0.0, Sum: 0.0]
      [Object Copy (ms): Min: 33.2, Avg: 34.6, Max: 35.0, Diff: 1.8, Sum: 276.9]
      [Termination (ms): Min: 0.0, Avg: 0.2, Max: 0.3, Diff: 0.3, Sum: 1.8]
         [Termination Attempts: Min: 1, Avg: 1.0, Max: 1, Diff: 0, Sum: 8]
      [GC Worker Other (ms): Min: 0.0, Avg: 0.3, Max: 0.7, Diff: 0.7, Sum: 2.7]
      [GC Worker Total (ms): Min: 34.7, Avg: 35.5, Max: 36.1, Diff: 1.4, Sum: 284.1]
      [GC Worker End (ms): Min: 26729.8, Avg: 26730.2, Max: 26730.5, Diff: 0.7]
   [Code Root Fixup: 0.0 ms]
   [Code Root Purge: 0.0 ms]
   [Clear CT: 1.0 ms]
   [Other: 3.1 ms]
      [Choose CSet: 0.0 ms]
      [Ref Proc: 0.9 ms]
      [Ref Enq: 0.0 ms]
      [Redirty Cards: 1.5 ms]
      [Humongous Register: 0.1 ms]
      [Humongous Reclaim: 0.0 ms]
      [Free CSet: 0.4 ms]
   [Eden: 1862.0M(1862.0M)->0.0B(1778.0M) Survivors: 282.0M->268.0M Heap: 3282.4M(4096.0M)->1516.5M(4096.0M)]
 [Times: user=0.29 sys=0.00, real=0.04 secs] 
2021-01-22T00:37:50.673+0800: 26.937: [GC pause (G1 Evacuation Pause) (young), 0.0401222 secs]
   [Parallel Time: 35.7 ms, GC Workers: 8]
      [GC Worker Start (ms): Min: 26936.8, Avg: 26937.0, Max: 26937.2, Diff: 0.4]
      [Ext Root Scanning (ms): Min: 0.0, Avg: 0.0, Max: 0.2, Diff: 0.2, Sum: 0.4]
      [Update RS (ms): Min: 0.0, Avg: 0.1, Max: 0.2, Diff: 0.2, Sum: 0.4]
         [Processed Buffers: Min: 0, Avg: 1.1, Max: 2, Diff: 2, Sum: 9]
      [Scan RS (ms): Min: 0.1, Avg: 0.1, Max: 0.2, Diff: 0.1, Sum: 1.1]
      [Code Root Scanning (ms): Min: 0.0, Avg: 0.0, Max: 0.0, Diff: 0.0, Sum: 0.0]
      [Object Copy (ms): Min: 34.2, Avg: 34.3, Max: 34.4, Diff: 0.1, Sum: 274.4]
      [Termination (ms): Min: 0.0, Avg: 0.1, Max: 0.1, Diff: 0.1, Sum: 0.5]
         [Termination Attempts: Min: 1, Avg: 1.2, Max: 2, Diff: 1, Sum: 10]
      [GC Worker Other (ms): Min: 0.0, Avg: 0.1, Max: 0.3, Diff: 0.3, Sum: 0.9]
      [GC Worker Total (ms): Min: 34.4, Avg: 34.7, Max: 35.0, Diff: 0.6, Sum: 277.7]
      [GC Worker End (ms): Min: 26971.6, Avg: 26971.7, Max: 26971.9, Diff: 0.3]
   [Code Root Fixup: 0.0 ms]
   [Code Root Purge: 0.0 ms]
   [Clear CT: 1.1 ms]
   [Other: 3.3 ms]
      [Choose CSet: 0.0 ms]
      [Ref Proc: 1.0 ms]
      [Ref Enq: 0.0 ms]
      [Redirty Cards: 1.3 ms]
      [Humongous Register: 0.0 ms]
      [Humongous Reclaim: 0.0 ms]
      [Free CSet: 0.6 ms]
   [Eden: 1778.0M(1778.0M)->0.0B(1678.0M) Survivors: 268.0M->256.0M Heap: 3294.5M(4096.0M)->1624.7M(4096.0M)]
 [Times: user=0.28 sys=0.01, real=0.04 secs] 
2021-01-22T00:37:50.920+0800: 27.184: [GC pause (G1 Evacuation Pause) (young), 0.0488273 secs]
   [Parallel Time: 44.3 ms, GC Workers: 8]
      [GC Worker Start (ms): Min: 27184.1, Avg: 27184.3, Max: 27184.5, Diff: 0.4]
      [Ext Root Scanning (ms): Min: 0.0, Avg: 0.1, Max: 0.2, Diff: 0.2, Sum: 0.5]
      [Update RS (ms): Min: 0.0, Avg: 0.9, Max: 6.7, Diff: 6.7, Sum: 7.2]
         [Processed Buffers: Min: 0, Avg: 1.1, Max: 2, Diff: 2, Sum: 9]
      [Scan RS (ms): Min: 0.1, Avg: 0.2, Max: 0.6, Diff: 0.4, Sum: 1.7]
      [Code Root Scanning (ms): Min: 0.0, Avg: 0.0, Max: 0.0, Diff: 0.0, Sum: 0.0]
      [Object Copy (ms): Min: 34.0, Avg: 40.3, Max: 42.4, Diff: 8.4, Sum: 322.4]
      [Termination (ms): Min: 0.0, Avg: 1.3, Max: 1.8, Diff: 1.8, Sum: 10.7]
         [Termination Attempts: Min: 1, Avg: 1.0, Max: 1, Diff: 0, Sum: 8]
      [GC Worker Other (ms): Min: 0.0, Avg: 0.4, Max: 0.8, Diff: 0.8, Sum: 2.9]
      [GC Worker Total (ms): Min: 42.6, Avg: 43.2, Max: 43.5, Diff: 0.9, Sum: 345.4]
      [GC Worker End (ms): Min: 27227.1, Avg: 27227.5, Max: 27227.9, Diff: 0.8]
   [Code Root Fixup: 0.0 ms]
   [Code Root Purge: 0.0 ms]
   [Clear CT: 1.0 ms]
   [Other: 3.5 ms]
      [Choose CSet: 0.0 ms]
      [Ref Proc: 0.8 ms]
      [Ref Enq: 0.0 ms]
      [Redirty Cards: 1.6 ms]
      [Humongous Register: 0.0 ms]
      [Humongous Reclaim: 0.0 ms]
      [Free CSet: 0.9 ms]
   [Eden: 1678.0M(1678.0M)->0.0B(1552.0M) Survivors: 256.0M->242.0M Heap: 3302.7M(4096.0M)->1763.7M(4096.0M)]
 [Times: user=0.35 sys=0.00, real=0.05 secs] 
2021-01-22T00:37:51.174+0800: 27.438: [GC pause (G1 Evacuation Pause) (young), 0.0399651 secs]
   [Parallel Time: 35.7 ms, GC Workers: 8]
      [GC Worker Start (ms): Min: 27438.5, Avg: 27438.7, Max: 27438.9, Diff: 0.4]
      [Ext Root Scanning (ms): Min: 0.0, Avg: 0.0, Max: 0.2, Diff: 0.2, Sum: 0.4]
      [Update RS (ms): Min: 0.0, Avg: 0.0, Max: 0.1, Diff: 0.1, Sum: 0.4]
         [Processed Buffers: Min: 0, Avg: 1.1, Max: 2, Diff: 2, Sum: 9]
      [Scan RS (ms): Min: 0.1, Avg: 0.1, Max: 0.1, Diff: 0.1, Sum: 0.9]
      [Code Root Scanning (ms): Min: 0.0, Avg: 0.0, Max: 0.0, Diff: 0.0, Sum: 0.0]
      [Object Copy (ms): Min: 34.6, Avg: 34.6, Max: 34.7, Diff: 0.1, Sum: 276.8]
      [Termination (ms): Min: 0.0, Avg: 0.1, Max: 0.2, Diff: 0.1, Sum: 0.7]
         [Termination Attempts: Min: 1, Avg: 1.0, Max: 1, Diff: 0, Sum: 8]
      [GC Worker Other (ms): Min: 0.0, Avg: 0.1, Max: 0.2, Diff: 0.2, Sum: 0.4]
      [GC Worker Total (ms): Min: 34.8, Avg: 35.0, Max: 35.1, Diff: 0.3, Sum: 279.6]
      [GC Worker End (ms): Min: 27473.6, Avg: 27473.7, Max: 27473.8, Diff: 0.2]
   [Code Root Fixup: 0.0 ms]
   [Code Root Purge: 0.0 ms]
   [Clear CT: 1.0 ms]
   [Other: 3.3 ms]
      [Choose CSet: 0.0 ms]
      [Ref Proc: 0.9 ms]
      [Ref Enq: 0.0 ms]
      [Redirty Cards: 1.4 ms]
      [Humongous Register: 0.0 ms]
      [Humongous Reclaim: 0.0 ms]
      [Free CSet: 0.7 ms]
   [Eden: 1552.0M(1552.0M)->0.0B(1434.0M) Survivors: 242.0M->226.0M Heap: 3315.7M(4096.0M)->1894.7M(4096.0M)]
 [Times: user=0.29 sys=0.00, real=0.04 secs] 
2021-01-22T00:37:51.385+0800: 27.649: [GC pause (G1 Evacuation Pause) (young), 0.0381904 secs]
   [Parallel Time: 34.9 ms, GC Workers: 8]
      [GC Worker Start (ms): Min: 27649.2, Avg: 27649.4, Max: 27649.5, Diff: 0.4]
      [Ext Root Scanning (ms): Min: 0.0, Avg: 0.1, Max: 0.2, Diff: 0.2, Sum: 0.5]
      [Update RS (ms): Min: 0.0, Avg: 0.1, Max: 0.1, Diff: 0.1, Sum: 0.4]
         [Processed Buffers: Min: 0, Avg: 1.1, Max: 3, Diff: 3, Sum: 9]
      [Scan RS (ms): Min: 0.1, Avg: 0.1, Max: 0.2, Diff: 0.1, Sum: 1.0]
      [Code Root Scanning (ms): Min: 0.0, Avg: 0.0, Max: 0.0, Diff: 0.0, Sum: 0.0]
      [Object Copy (ms): Min: 32.6, Avg: 32.8, Max: 33.7, Diff: 1.1, Sum: 262.3]
      [Termination (ms): Min: 0.0, Avg: 0.9, Max: 1.1, Diff: 1.1, Sum: 7.2]
         [Termination Attempts: Min: 1, Avg: 1.2, Max: 2, Diff: 1, Sum: 10]
      [GC Worker Other (ms): Min: 0.0, Avg: 0.0, Max: 0.1, Diff: 0.1, Sum: 0.2]
      [GC Worker Total (ms): Min: 33.8, Avg: 33.9, Max: 34.1, Diff: 0.4, Sum: 271.6]
      [GC Worker End (ms): Min: 27683.3, Avg: 27683.3, Max: 27683.4, Diff: 0.1]
   [Code Root Fixup: 0.0 ms]
   [Code Root Purge: 0.0 ms]
   [Clear CT: 0.9 ms]
   [Other: 2.5 ms]
      [Choose CSet: 0.0 ms]
      [Ref Proc: 0.7 ms]
      [Ref Enq: 0.0 ms]
      [Redirty Cards: 1.2 ms]
      [Humongous Register: 0.0 ms]
      [Humongous Reclaim: 0.0 ms]
      [Free CSet: 0.3 ms]
   [Eden: 1434.0M(1434.0M)->0.0B(1322.0M) Survivors: 226.0M->208.0M Heap: 3328.7M(4096.0M)->2025.1M(4096.0M)]
 [Times: user=0.28 sys=0.00, real=0.04 secs] 
2021-01-22T00:37:51.581+0800: 27.845: [GC pause (G1 Evacuation Pause) (young), 0.0363651 secs]
   [Parallel Time: 32.6 ms, GC Workers: 8]
      [GC Worker Start (ms): Min: 27844.8, Avg: 27845.0, Max: 27845.2, Diff: 0.4]
      [Ext Root Scanning (ms): Min: 0.0, Avg: 0.1, Max: 0.3, Diff: 0.3, Sum: 0.5]
      [Update RS (ms): Min: 0.0, Avg: 0.0, Max: 0.1, Diff: 0.1, Sum: 0.4]
         [Processed Buffers: Min: 0, Avg: 1.1, Max: 2, Diff: 2, Sum: 9]
      [Scan RS (ms): Min: 0.1, Avg: 0.1, Max: 0.1, Diff: 0.1, Sum: 0.7]
      [Code Root Scanning (ms): Min: 0.0, Avg: 0.0, Max: 0.0, Diff: 0.0, Sum: 0.0]
      [Object Copy (ms): Min: 31.1, Avg: 31.2, Max: 31.4, Diff: 0.3, Sum: 249.9]
      [Termination (ms): Min: 0.0, Avg: 0.2, Max: 0.3, Diff: 0.3, Sum: 1.3]
         [Termination Attempts: Min: 1, Avg: 1.2, Max: 3, Diff: 2, Sum: 10]
      [GC Worker Other (ms): Min: 0.0, Avg: 0.0, Max: 0.0, Diff: 0.0, Sum: 0.1]
      [GC Worker Total (ms): Min: 31.5, Avg: 31.6, Max: 31.8, Diff: 0.4, Sum: 252.9]
      [GC Worker End (ms): Min: 27876.6, Avg: 27876.7, Max: 27876.7, Diff: 0.0]
   [Code Root Fixup: 0.0 ms]
   [Code Root Purge: 0.0 ms]
   [Clear CT: 1.1 ms]
   [Other: 2.7 ms]
      [Choose CSet: 0.0 ms]
      [Ref Proc: 0.9 ms]
      [Ref Enq: 0.0 ms]
      [Redirty Cards: 1.2 ms]
      [Humongous Register: 0.1 ms]
      [Humongous Reclaim: 0.0 ms]
      [Free CSet: 0.3 ms]
   [Eden: 1322.0M(1322.0M)->0.0B(1192.0M) Survivors: 208.0M->192.0M Heap: 3347.1M(4096.0M)->2173.2M(4096.0M)]
 [Times: user=0.26 sys=0.00, real=0.03 secs] 
2021-01-22T00:37:51.758+0800: 28.022: [GC pause (G1 Evacuation Pause) (young) (initial-mark), 0.0360430 secs]
   [Parallel Time: 33.0 ms, GC Workers: 8]
      [GC Worker Start (ms): Min: 28022.0, Avg: 28022.2, Max: 28022.3, Diff: 0.3]
      [Ext Root Scanning (ms): Min: 0.0, Avg: 0.4, Max: 0.5, Diff: 0.5, Sum: 3.0]
      [Update RS (ms): Min: 0.0, Avg: 0.0, Max: 0.2, Diff: 0.2, Sum: 0.3]
         [Processed Buffers: Min: 0, Avg: 1.1, Max: 4, Diff: 4, Sum: 9]
      [Scan RS (ms): Min: 0.0, Avg: 0.1, Max: 0.1, Diff: 0.1, Sum: 0.6]
      [Code Root Scanning (ms): Min: 0.0, Avg: 0.0, Max: 0.0, Diff: 0.0, Sum: 0.0]
      [Object Copy (ms): Min: 31.5, Avg: 31.6, Max: 31.7, Diff: 0.2, Sum: 252.8]
      [Termination (ms): Min: 0.0, Avg: 0.1, Max: 0.1, Diff: 0.1, Sum: 0.4]
         [Termination Attempts: Min: 1, Avg: 1.4, Max: 2, Diff: 1, Sum: 11]
      [GC Worker Other (ms): Min: 0.0, Avg: 0.0, Max: 0.1, Diff: 0.1, Sum: 0.3]
      [GC Worker Total (ms): Min: 32.0, Avg: 32.2, Max: 32.3, Diff: 0.3, Sum: 257.4]
      [GC Worker End (ms): Min: 28054.3, Avg: 28054.4, Max: 28054.4, Diff: 0.1]
   [Code Root Fixup: 0.0 ms]
   [Code Root Purge: 0.0 ms]
   [Clear CT: 0.9 ms]
   [Other: 2.1 ms]
      [Choose CSet: 0.0 ms]
      [Ref Proc: 0.5 ms]
      [Ref Enq: 0.0 ms]
      [Redirty Cards: 1.0 ms]
      [Humongous Register: 0.0 ms]
      [Humongous Reclaim: 0.0 ms]
      [Free CSet: 0.5 ms]
   [Eden: 1192.0M(1192.0M)->0.0B(1056.0M) Survivors: 192.0M->174.0M Heap: 3365.2M(4096.0M)->2327.5M(4096.0M)]
 [Times: user=0.26 sys=0.00, real=0.04 secs] 
2021-01-22T00:37:51.795+0800: 28.059: [GC concurrent-root-region-scan-start]
2021-01-22T00:37:51.795+0800: 28.059: [GC concurrent-root-region-scan-end, 0.0005357 secs]
2021-01-22T00:37:51.795+0800: 28.059: [GC concurrent-mark-start]
2021-01-22T00:37:51.801+0800: 28.065: [GC concurrent-mark-end, 0.0054333 secs]
2021-01-22T00:37:51.801+0800: 28.065: [GC remark 2021-01-22T00:37:51.801+0800: 28.065: [Finalize Marking, 0.0013994 secs] 2021-01-22T00:37:51.803+0800: 28.067: [GC ref-proc, 0.0005310 secs] 2021-01-22T00:37:51.804+0800: 28.068: [Unloading, 0.0011194 secs], 0.0055179 secs]
 [Times: user=0.01 sys=0.00, real=0.00 secs] 
2021-01-22T00:37:51.808+0800: 28.072: [GC cleanup 2373M->701M(4096M), 0.0042058 secs]
 [Times: user=0.00 sys=0.01, real=0.01 secs] 
2021-01-22T00:37:51.812+0800: 28.076: [GC concurrent-cleanup-start]
2021-01-22T00:37:51.814+0800: 28.078: [GC concurrent-cleanup-end, 0.0014538 secs]
2021-01-22T00:37:51.926+0800: 28.190: [GC pause (G1 Evacuation Pause) (young), 0.0363222 secs]
   [Parallel Time: 32.4 ms, GC Workers: 8]
      [GC Worker Start (ms): Min: 28190.2, Avg: 28190.5, Max: 28190.8, Diff: 0.5]
      [Ext Root Scanning (ms): Min: 0.0, Avg: 0.1, Max: 0.2, Diff: 0.2, Sum: 0.5]
      [Update RS (ms): Min: 0.0, Avg: 0.1, Max: 0.2, Diff: 0.2, Sum: 0.6]
         [Processed Buffers: Min: 0, Avg: 1.1, Max: 2, Diff: 2, Sum: 9]
      [Scan RS (ms): Min: 0.0, Avg: 0.1, Max: 0.1, Diff: 0.1, Sum: 0.6]
      [Code Root Scanning (ms): Min: 0.0, Avg: 0.0, Max: 0.0, Diff: 0.0, Sum: 0.0]
      [Object Copy (ms): Min: 30.9, Avg: 31.0, Max: 31.1, Diff: 0.2, Sum: 248.1]
      [Termination (ms): Min: 0.0, Avg: 0.1, Max: 0.2, Diff: 0.2, Sum: 0.6]
         [Termination Attempts: Min: 1, Avg: 1.2, Max: 2, Diff: 1, Sum: 10]
      [GC Worker Other (ms): Min: 0.0, Avg: 0.1, Max: 0.2, Diff: 0.2, Sum: 0.6]
      [GC Worker Total (ms): Min: 31.0, Avg: 31.4, Max: 31.6, Diff: 0.5, Sum: 251.1]
      [GC Worker End (ms): Min: 28221.8, Avg: 28221.8, Max: 28222.0, Diff: 0.2]
   [Code Root Fixup: 0.0 ms]
   [Code Root Purge: 0.0 ms]
   [Clear CT: 1.2 ms]
   [Other: 2.7 ms]
      [Choose CSet: 0.0 ms]
      [Ref Proc: 0.9 ms]
      [Ref Enq: 0.0 ms]
      [Redirty Cards: 1.2 ms]
      [Humongous Register: 0.0 ms]
      [Humongous Reclaim: 0.0 ms]
      [Free CSet: 0.3 ms]
   [Eden: 1056.0M(1056.0M)->0.0B(51200.0K) Survivors: 174.0M->154.0M Heap: 1711.5M(4096.0M)->807.2M(4096.0M)]
 [Times: user=0.26 sys=0.00, real=0.04 secs] 
2021-01-22T00:37:51.969+0800: 28.233: [GC pause (G1 Evacuation Pause) (mixed), 0.0196807 secs]
   [Parallel Time: 16.0 ms, GC Workers: 8]
      [GC Worker Start (ms): Min: 28233.0, Avg: 28233.2, Max: 28233.3, Diff: 0.3]
      [Ext Root Scanning (ms): Min: 0.0, Avg: 0.1, Max: 0.2, Diff: 0.2, Sum: 0.4]
      [Update RS (ms): Min: 0.0, Avg: 0.1, Max: 0.2, Diff: 0.2, Sum: 0.5]
         [Processed Buffers: Min: 0, Avg: 1.1, Max: 2, Diff: 2, Sum: 9]
      [Scan RS (ms): Min: 0.0, Avg: 0.0, Max: 0.0, Diff: 0.0, Sum: 0.2]
      [Code Root Scanning (ms): Min: 0.0, Avg: 0.0, Max: 0.0, Diff: 0.0, Sum: 0.0]
      [Object Copy (ms): Min: 14.8, Avg: 14.9, Max: 14.9, Diff: 0.1, Sum: 119.1]
      [Termination (ms): Min: 0.0, Avg: 0.1, Max: 0.1, Diff: 0.1, Sum: 0.6]
         [Termination Attempts: Min: 1, Avg: 1.0, Max: 1, Diff: 0, Sum: 8]
      [GC Worker Other (ms): Min: 0.0, Avg: 0.0, Max: 0.0, Diff: 0.0, Sum: 0.1]
      [GC Worker Total (ms): Min: 15.0, Avg: 15.1, Max: 15.3, Diff: 0.4, Sum: 120.9]
      [GC Worker End (ms): Min: 28248.3, Avg: 28248.3, Max: 28248.3, Diff: 0.0]
   [Code Root Fixup: 0.0 ms]
   [Code Root Purge: 0.0 ms]
   [Clear CT: 1.6 ms]
   [Other: 2.0 ms]
      [Choose CSet: 0.0 ms]
      [Ref Proc: 0.5 ms]
      [Ref Enq: 0.0 ms]
      [Redirty Cards: 1.2 ms]
      [Humongous Register: 0.0 ms]
      [Humongous Reclaim: 0.0 ms]
      [Free CSet: 0.1 ms]
   [Eden: 51200.0K(51200.0K)->0.0B(2326.0M) Survivors: 154.0M->18432.0K Heap: 857.2M(4096.0M)->772.0M(4096.0M)]
 [Times: user=0.12 sys=0.01, real=0.02 secs] 
2021-01-22T00:37:52.264+0800: 28.528: [GC pause (G1 Evacuation Pause) (young), 0.0408863 secs]
   [Parallel Time: 37.5 ms, GC Workers: 8]
      [GC Worker Start (ms): Min: 28528.2, Avg: 28528.4, Max: 28528.5, Diff: 0.4]
      [Ext Root Scanning (ms): Min: 0.0, Avg: 0.1, Max: 0.2, Diff: 0.2, Sum: 0.4]
      [Update RS (ms): Min: 0.0, Avg: 0.1, Max: 0.2, Diff: 0.2, Sum: 0.5]
         [Processed Buffers: Min: 0, Avg: 1.1, Max: 3, Diff: 3, Sum: 9]
      [Scan RS (ms): Min: 0.1, Avg: 0.2, Max: 0.2, Diff: 0.1, Sum: 1.3]
      [Code Root Scanning (ms): Min: 0.0, Avg: 0.0, Max: 0.0, Diff: 0.0, Sum: 0.0]
      [Object Copy (ms): Min: 32.1, Avg: 32.8, Max: 36.5, Diff: 4.4, Sum: 262.1]
      [Termination (ms): Min: 0.0, Avg: 3.8, Max: 4.4, Diff: 4.4, Sum: 30.4]
         [Termination Attempts: Min: 1, Avg: 1.4, Max: 3, Diff: 2, Sum: 11]
      [GC Worker Other (ms): Min: 0.0, Avg: 0.0, Max: 0.1, Diff: 0.0, Sum: 0.1]
      [GC Worker Total (ms): Min: 36.7, Avg: 36.9, Max: 37.1, Diff: 0.4, Sum: 294.9]
      [GC Worker End (ms): Min: 28565.2, Avg: 28565.3, Max: 28565.3, Diff: 0.1]
   [Code Root Fixup: 0.0 ms]
   [Code Root Purge: 0.0 ms]
   [Clear CT: 1.0 ms]
   [Other: 2.4 ms]
      [Choose CSet: 0.0 ms]
      [Ref Proc: 0.8 ms]
      [Ref Enq: 0.0 ms]
      [Redirty Cards: 1.0 ms]
      [Humongous Register: 0.0 ms]
      [Humongous Reclaim: 0.0 ms]
      [Free CSet: 0.4 ms]
   [Eden: 2326.0M(2326.0M)->0.0B(2078.0M) Survivors: 18432.0K->294.0M Heap: 3098.0M(4096.0M)->1106.6M(4096.0M)]
 [Times: user=0.27 sys=0.00, real=0.04 secs] 
2021-01-22T00:37:52.540+0800: 28.804: [GC pause (G1 Evacuation Pause) (young), 0.0409388 secs]
   [Parallel Time: 35.8 ms, GC Workers: 8]
      [GC Worker Start (ms): Min: 28803.8, Avg: 28804.0, Max: 28804.2, Diff: 0.4]
      [Ext Root Scanning (ms): Min: 0.0, Avg: 0.1, Max: 0.2, Diff: 0.2, Sum: 0.5]
      [Update RS (ms): Min: 0.0, Avg: 0.0, Max: 0.1, Diff: 0.1, Sum: 0.4]
         [Processed Buffers: Min: 0, Avg: 1.1, Max: 2, Diff: 2, Sum: 9]
      [Scan RS (ms): Min: 0.2, Avg: 0.2, Max: 0.2, Diff: 0.1, Sum: 1.6]
      [Code Root Scanning (ms): Min: 0.0, Avg: 0.0, Max: 0.0, Diff: 0.0, Sum: 0.0]
      [Object Copy (ms): Min: 33.5, Avg: 33.6, Max: 34.4, Diff: 0.9, Sum: 268.9]
      [Termination (ms): Min: 0.0, Avg: 0.8, Max: 1.0, Diff: 1.0, Sum: 6.5]
         [Termination Attempts: Min: 1, Avg: 1.0, Max: 1, Diff: 0, Sum: 8]
      [GC Worker Other (ms): Min: 0.0, Avg: 0.0, Max: 0.2, Diff: 0.1, Sum: 0.3]
      [GC Worker Total (ms): Min: 34.6, Avg: 34.8, Max: 34.9, Diff: 0.3, Sum: 278.2]
      [GC Worker End (ms): Min: 28838.7, Avg: 28838.8, Max: 28838.9, Diff: 0.2]
   [Code Root Fixup: 0.0 ms]
   [Code Root Purge: 0.0 ms]
   [Clear CT: 1.1 ms]
   [Other: 4.0 ms]
      [Choose CSet: 0.0 ms]
      [Ref Proc: 1.8 ms]
      [Ref Enq: 0.0 ms]
      [Redirty Cards: 1.5 ms]
      [Humongous Register: 0.0 ms]
      [Humongous Reclaim: 0.0 ms]
      [Free CSet: 0.5 ms]
   [Eden: 2078.0M(2078.0M)->0.0B(2042.0M) Survivors: 294.0M->298.0M Heap: 3184.6M(4096.0M)->1178.0M(4096.0M)]
 [Times: user=0.29 sys=0.00, real=0.04 secs] 
2021-01-22T00:37:52.815+0800: 29.078: [GC pause (G1 Evacuation Pause) (young), 0.0409052 secs]
   [Parallel Time: 37.7 ms, GC Workers: 8]
      [GC Worker Start (ms): Min: 29078.6, Avg: 29078.8, Max: 29079.0, Diff: 0.4]
      [Ext Root Scanning (ms): Min: 0.0, Avg: 0.1, Max: 0.2, Diff: 0.2, Sum: 0.5]
      [Update RS (ms): Min: 0.0, Avg: 0.1, Max: 0.1, Diff: 0.1, Sum: 0.7]
         [Processed Buffers: Min: 0, Avg: 1.1, Max: 2, Diff: 2, Sum: 9]
      [Scan RS (ms): Min: 0.1, Avg: 0.2, Max: 0.2, Diff: 0.0, Sum: 1.3]
      [Code Root Scanning (ms): Min: 0.0, Avg: 0.0, Max: 0.0, Diff: 0.0, Sum: 0.0]
      [Object Copy (ms): Min: 36.4, Avg: 36.5, Max: 36.6, Diff: 0.2, Sum: 292.2]
      [Termination (ms): Min: 0.0, Avg: 0.1, Max: 0.2, Diff: 0.2, Sum: 0.7]
         [Termination Attempts: Min: 1, Avg: 1.1, Max: 2, Diff: 1, Sum: 9]
      [GC Worker Other (ms): Min: 0.0, Avg: 0.1, Max: 0.2, Diff: 0.2, Sum: 0.7]
      [GC Worker Total (ms): Min: 36.8, Avg: 37.0, Max: 37.2, Diff: 0.4, Sum: 296.0]
      [GC Worker End (ms): Min: 29115.7, Avg: 29115.8, Max: 29116.0, Diff: 0.2]
   [Code Root Fixup: 0.0 ms]
   [Code Root Purge: 0.0 ms]
   [Clear CT: 0.5 ms]
   [Other: 2.6 ms]
      [Choose CSet: 0.0 ms]
      [Ref Proc: 0.9 ms]
      [Ref Enq: 0.0 ms]
      [Redirty Cards: 1.1 ms]
      [Humongous Register: 0.0 ms]
      [Humongous Reclaim: 0.0 ms]
      [Free CSet: 0.4 ms]
   [Eden: 2042.0M(2042.0M)->0.0B(1964.0M) Survivors: 298.0M->294.0M Heap: 3220.0M(4096.0M)->1275.6M(4096.0M)]
 [Times: user=0.30 sys=0.00, real=0.04 secs] 
2021-01-22T00:37:53.075+0800: 29.338: [GC pause (G1 Evacuation Pause) (young), 0.0392410 secs]
   [Parallel Time: 36.2 ms, GC Workers: 8]
      [GC Worker Start (ms): Min: 29338.6, Avg: 29338.8, Max: 29339.0, Diff: 0.4]
      [Ext Root Scanning (ms): Min: 0.0, Avg: 0.1, Max: 0.2, Diff: 0.2, Sum: 0.5]
      [Update RS (ms): Min: 0.0, Avg: 0.1, Max: 0.1, Diff: 0.1, Sum: 0.4]
         [Processed Buffers: Min: 0, Avg: 1.1, Max: 3, Diff: 3, Sum: 9]
      [Scan RS (ms): Min: 0.1, Avg: 0.2, Max: 0.2, Diff: 0.1, Sum: 1.3]
      [Code Root Scanning (ms): Min: 0.0, Avg: 0.0, Max: 0.0, Diff: 0.0, Sum: 0.0]
      [Object Copy (ms): Min: 34.7, Avg: 34.8, Max: 35.0, Diff: 0.2, Sum: 278.7]
      [Termination (ms): Min: 0.0, Avg: 0.1, Max: 0.2, Diff: 0.2, Sum: 1.0]
         [Termination Attempts: Min: 1, Avg: 1.0, Max: 1, Diff: 0, Sum: 8]
      [GC Worker Other (ms): Min: 0.0, Avg: 0.0, Max: 0.0, Diff: 0.0, Sum: 0.1]
      [GC Worker Total (ms): Min: 35.1, Avg: 35.3, Max: 35.5, Diff: 0.4, Sum: 282.1]
      [GC Worker End (ms): Min: 29374.0, Avg: 29374.1, Max: 29374.1, Diff: 0.0]
   [Code Root Fixup: 0.0 ms]
   [Code Root Purge: 0.0 ms]
   [Clear CT: 0.8 ms]
   [Other: 2.3 ms]
      [Choose CSet: 0.0 ms]
      [Ref Proc: 0.6 ms]
      [Ref Enq: 0.0 ms]
      [Redirty Cards: 0.8 ms]
      [Humongous Register: 0.0 ms]
      [Humongous Reclaim: 0.0 ms]
      [Free CSet: 0.7 ms]
   [Eden: 1964.0M(1964.0M)->0.0B(1892.0M) Survivors: 294.0M->284.0M Heap: 3239.6M(4096.0M)->1362.4M(4096.0M)]
 [Times: user=0.29 sys=0.00, real=0.04 secs] 
2021-01-22T00:37:53.341+0800: 29.604: [GC pause (G1 Evacuation Pause) (young), 0.0412099 secs]
   [Parallel Time: 37.3 ms, GC Workers: 8]
      [GC Worker Start (ms): Min: 29604.6, Avg: 29604.8, Max: 29605.0, Diff: 0.4]
      [Ext Root Scanning (ms): Min: 0.0, Avg: 0.1, Max: 0.2, Diff: 0.2, Sum: 0.5]
      [Update RS (ms): Min: 0.0, Avg: 0.0, Max: 0.2, Diff: 0.2, Sum: 0.4]
         [Processed Buffers: Min: 0, Avg: 1.1, Max: 3, Diff: 3, Sum: 9]
      [Scan RS (ms): Min: 0.1, Avg: 0.1, Max: 0.2, Diff: 0.1, Sum: 1.2]
      [Code Root Scanning (ms): Min: 0.0, Avg: 0.0, Max: 0.0, Diff: 0.0, Sum: 0.0]
      [Object Copy (ms): Min: 35.0, Avg: 35.2, Max: 35.9, Diff: 0.9, Sum: 281.6]
      [Termination (ms): Min: 0.0, Avg: 0.8, Max: 1.0, Diff: 1.0, Sum: 6.1]
         [Termination Attempts: Min: 1, Avg: 1.1, Max: 2, Diff: 1, Sum: 9]
      [GC Worker Other (ms): Min: 0.0, Avg: 0.1, Max: 0.3, Diff: 0.3, Sum: 0.9]
      [GC Worker Total (ms): Min: 36.1, Avg: 36.3, Max: 36.6, Diff: 0.5, Sum: 290.7]
      [GC Worker End (ms): Min: 29641.1, Avg: 29641.2, Max: 29641.4, Diff: 0.3]
   [Code Root Fixup: 0.0 ms]
   [Code Root Purge: 0.0 ms]
   [Clear CT: 0.9 ms]
   [Other: 3.1 ms]
      [Choose CSet: 0.0 ms]
      [Ref Proc: 1.2 ms]
      [Ref Enq: 0.0 ms]
      [Redirty Cards: 1.3 ms]
      [Humongous Register: 0.1 ms]
      [Humongous Reclaim: 0.0 ms]
      [Free CSet: 0.4 ms]
   [Eden: 1892.0M(1892.0M)->0.0B(1814.0M) Survivors: 284.0M->272.0M Heap: 3254.4M(4096.0M)->1457.7M(4096.0M)]
 [Times: user=0.29 sys=0.01, real=0.04 secs] 
2021-01-22T00:37:53.591+0800: 29.855: [GC pause (G1 Evacuation Pause) (young), 0.0410685 secs]
   [Parallel Time: 37.2 ms, GC Workers: 8]
      [GC Worker Start (ms): Min: 29855.3, Avg: 29856.3, Max: 29861.3, Diff: 5.9]
      [Ext Root Scanning (ms): Min: 0.0, Avg: 0.1, Max: 0.3, Diff: 0.3, Sum: 0.6]
      [Update RS (ms): Min: 0.0, Avg: 0.1, Max: 0.1, Diff: 0.1, Sum: 0.5]
         [Processed Buffers: Min: 0, Avg: 1.1, Max: 3, Diff: 3, Sum: 9]
      [Scan RS (ms): Min: 0.1, Avg: 0.2, Max: 0.7, Diff: 0.6, Sum: 1.8]
      [Code Root Scanning (ms): Min: 0.0, Avg: 0.0, Max: 0.0, Diff: 0.0, Sum: 0.0]
      [Object Copy (ms): Min: 29.2, Avg: 34.5, Max: 35.8, Diff: 6.6, Sum: 276.1]
      [Termination (ms): Min: 0.0, Avg: 0.6, Max: 0.7, Diff: 0.7, Sum: 4.4]
         [Termination Attempts: Min: 1, Avg: 1.0, Max: 1, Diff: 0, Sum: 8]
      [GC Worker Other (ms): Min: 0.0, Avg: 0.0, Max: 0.0, Diff: 0.0, Sum: 0.1]
      [GC Worker Total (ms): Min: 30.5, Avg: 35.4, Max: 36.4, Diff: 5.9, Sum: 283.5]
      [GC Worker End (ms): Min: 29891.8, Avg: 29891.8, Max: 29891.8, Diff: 0.0]
   [Code Root Fixup: 0.0 ms]
   [Code Root Purge: 0.0 ms]
   [Clear CT: 1.0 ms]
   [Other: 2.9 ms]
      [Choose CSet: 0.0 ms]
      [Ref Proc: 1.1 ms]
      [Ref Enq: 0.0 ms]
      [Redirty Cards: 1.2 ms]
      [Humongous Register: 0.0 ms]
      [Humongous Reclaim: 0.0 ms]
      [Free CSet: 0.4 ms]
   [Eden: 1814.0M(1814.0M)->0.0B(1716.0M) Survivors: 272.0M->262.0M Heap: 3271.7M(4096.0M)->1571.2M(4096.0M)]
 [Times: user=0.28 sys=0.01, real=0.04 secs] 
2021-01-22T00:37:53.832+0800: 30.095: [GC pause (G1 Evacuation Pause) (young), 0.0373684 secs]
   [Parallel Time: 33.5 ms, GC Workers: 8]
      [GC Worker Start (ms): Min: 30095.7, Avg: 30095.9, Max: 30096.0, Diff: 0.4]
      [Ext Root Scanning (ms): Min: 0.0, Avg: 0.1, Max: 0.2, Diff: 0.2, Sum: 0.5]
      [Update RS (ms): Min: 0.0, Avg: 0.1, Max: 0.1, Diff: 0.1, Sum: 0.4]
         [Processed Buffers: Min: 0, Avg: 1.1, Max: 2, Diff: 2, Sum: 9]
      [Scan RS (ms): Min: 0.1, Avg: 0.2, Max: 0.2, Diff: 0.1, Sum: 1.3]
      [Code Root Scanning (ms): Min: 0.0, Avg: 0.0, Max: 0.0, Diff: 0.0, Sum: 0.0]
      [Object Copy (ms): Min: 32.4, Avg: 32.5, Max: 32.6, Diff: 0.1, Sum: 259.9]
      [Termination (ms): Min: 0.0, Avg: 0.0, Max: 0.1, Diff: 0.1, Sum: 0.4]
         [Termination Attempts: Min: 1, Avg: 1.0, Max: 1, Diff: 0, Sum: 8]
      [GC Worker Other (ms): Min: 0.0, Avg: 0.1, Max: 0.2, Diff: 0.2, Sum: 0.4]
      [GC Worker Total (ms): Min: 32.7, Avg: 32.9, Max: 33.1, Diff: 0.3, Sum: 262.9]
      [GC Worker End (ms): Min: 30128.7, Avg: 30128.7, Max: 30128.9, Diff: 0.2]
   [Code Root Fixup: 0.0 ms]
   [Code Root Purge: 0.0 ms]
   [Clear CT: 1.4 ms]
   [Other: 2.4 ms]
      [Choose CSet: 0.0 ms]
      [Ref Proc: 0.6 ms]
      [Ref Enq: 0.0 ms]
      [Redirty Cards: 1.3 ms]
      [Humongous Register: 0.0 ms]
      [Humongous Reclaim: 0.0 ms]
      [Free CSet: 0.4 ms]
   [Eden: 1716.0M(1716.0M)->0.0B(1642.0M) Survivors: 262.0M->248.0M Heap: 3287.2M(4096.0M)->1662.4M(4096.0M)]
 [Times: user=0.27 sys=0.01, real=0.04 secs] 
2021-01-22T00:37:54.054+0800: 30.318: [GC pause (G1 Evacuation Pause) (young), 0.0399458 secs]
   [Parallel Time: 35.2 ms, GC Workers: 8]
      [GC Worker Start (ms): Min: 30318.5, Avg: 30318.7, Max: 30318.9, Diff: 0.4]
      [Ext Root Scanning (ms): Min: 0.0, Avg: 0.1, Max: 0.2, Diff: 0.2, Sum: 0.5]
      [Update RS (ms): Min: 0.0, Avg: 0.1, Max: 0.1, Diff: 0.1, Sum: 0.4]
         [Processed Buffers: Min: 0, Avg: 1.1, Max: 2, Diff: 2, Sum: 9]
      [Scan RS (ms): Min: 0.1, Avg: 0.1, Max: 0.2, Diff: 0.1, Sum: 1.1]
      [Code Root Scanning (ms): Min: 0.0, Avg: 0.0, Max: 0.0, Diff: 0.0, Sum: 0.0]
      [Object Copy (ms): Min: 33.2, Avg: 33.4, Max: 33.9, Diff: 0.7, Sum: 267.4]
      [Termination (ms): Min: 0.0, Avg: 0.5, Max: 0.7, Diff: 0.7, Sum: 3.9]
         [Termination Attempts: Min: 1, Avg: 1.1, Max: 2, Diff: 1, Sum: 9]
      [GC Worker Other (ms): Min: 0.0, Avg: 0.0, Max: 0.1, Diff: 0.1, Sum: 0.2]
      [GC Worker Total (ms): Min: 34.0, Avg: 34.2, Max: 34.4, Diff: 0.3, Sum: 273.6]
      [GC Worker End (ms): Min: 30352.9, Avg: 30352.9, Max: 30352.9, Diff: 0.1]
   [Code Root Fixup: 0.0 ms]
   [Code Root Purge: 0.0 ms]
   [Clear CT: 1.3 ms]
   [Other: 3.4 ms]
      [Choose CSet: 0.0 ms]
      [Ref Proc: 1.1 ms]
      [Ref Enq: 0.0 ms]
      [Redirty Cards: 1.5 ms]
      [Humongous Register: 0.0 ms]
      [Humongous Reclaim: 0.0 ms]
      [Free CSet: 0.6 ms]
   [Eden: 1642.0M(1642.0M)->0.0B(1546.0M) Survivors: 248.0M->238.0M Heap: 3304.4M(4096.0M)->1773.7M(4096.0M)]
 [Times: user=0.28 sys=0.00, real=0.04 secs] 
2021-01-22T00:37:54.294+0800: 30.558: [GC pause (G1 Evacuation Pause) (young), 0.0499609 secs]
   [Parallel Time: 45.0 ms, GC Workers: 8]
      [GC Worker Start (ms): Min: 30557.9, Avg: 30558.4, Max: 30560.0, Diff: 2.1]
      [Ext Root Scanning (ms): Min: 0.0, Avg: 0.2, Max: 0.4, Diff: 0.4, Sum: 1.2]
      [Update RS (ms): Min: 0.0, Avg: 0.1, Max: 0.2, Diff: 0.2, Sum: 1.1]
         [Processed Buffers: Min: 0, Avg: 1.1, Max: 2, Diff: 2, Sum: 9]
      [Scan RS (ms): Min: 0.2, Avg: 0.3, Max: 0.6, Diff: 0.4, Sum: 2.3]
      [Code Root Scanning (ms): Min: 0.0, Avg: 0.0, Max: 0.0, Diff: 0.0, Sum: 0.0]
      [Object Copy (ms): Min: 36.6, Avg: 38.9, Max: 43.3, Diff: 6.7, Sum: 311.1]
      [Termination (ms): Min: 0.0, Avg: 4.2, Max: 5.0, Diff: 5.0, Sum: 33.6]
         [Termination Attempts: Min: 1, Avg: 1.0, Max: 1, Diff: 0, Sum: 8]
      [GC Worker Other (ms): Min: 0.0, Avg: 0.0, Max: 0.0, Diff: 0.0, Sum: 0.2]
      [GC Worker Total (ms): Min: 42.1, Avg: 43.7, Max: 44.2, Diff: 2.1, Sum: 349.6]
      [GC Worker End (ms): Min: 30602.1, Avg: 30602.1, Max: 30602.1, Diff: 0.0]
   [Code Root Fixup: 0.0 ms]
   [Code Root Purge: 0.0 ms]
   [Clear CT: 1.0 ms]
   [Other: 4.0 ms]
      [Choose CSet: 0.0 ms]
      [Ref Proc: 2.0 ms]
      [Ref Enq: 0.0 ms]
      [Redirty Cards: 0.9 ms]
      [Humongous Register: 0.2 ms]
      [Humongous Reclaim: 0.0 ms]
      [Free CSet: 0.7 ms]
   [Eden: 1546.0M(1546.0M)->0.0B(1442.0M) Survivors: 238.0M->224.0M Heap: 3319.7M(4096.0M)->1893.5M(4096.0M)]
 [Times: user=0.35 sys=0.00, real=0.05 secs] 
2021-01-22T00:37:54.518+0800: 30.781: [GC pause (G1 Evacuation Pause) (young), 0.0374638 secs]
   [Parallel Time: 34.9 ms, GC Workers: 8]
      [GC Worker Start (ms): Min: 30781.6, Avg: 30781.8, Max: 30782.0, Diff: 0.4]
      [Ext Root Scanning (ms): Min: 0.0, Avg: 0.1, Max: 0.2, Diff: 0.2, Sum: 0.5]
      [Update RS (ms): Min: 0.0, Avg: 0.1, Max: 0.2, Diff: 0.2, Sum: 0.5]
         [Processed Buffers: Min: 0, Avg: 1.1, Max: 2, Diff: 2, Sum: 9]
      [Scan RS (ms): Min: 0.1, Avg: 0.1, Max: 0.1, Diff: 0.1, Sum: 0.9]
      [Code Root Scanning (ms): Min: 0.0, Avg: 0.0, Max: 0.0, Diff: 0.0, Sum: 0.0]
      [Object Copy (ms): Min: 33.5, Avg: 33.6, Max: 33.8, Diff: 0.3, Sum: 268.8]
      [Termination (ms): Min: 0.0, Avg: 0.2, Max: 0.3, Diff: 0.3, Sum: 1.4]
         [Termination Attempts: Min: 1, Avg: 1.1, Max: 2, Diff: 1, Sum: 9]
      [GC Worker Other (ms): Min: 0.0, Avg: 0.0, Max: 0.2, Diff: 0.2, Sum: 0.4]
      [GC Worker Total (ms): Min: 33.9, Avg: 34.1, Max: 34.2, Diff: 0.4, Sum: 272.5]
      [GC Worker End (ms): Min: 30815.8, Avg: 30815.9, Max: 30816.0, Diff: 0.2]
   [Code Root Fixup: 0.0 ms]
   [Code Root Purge: 0.0 ms]
   [Clear CT: 0.7 ms]
   [Other: 1.8 ms]
      [Choose CSet: 0.0 ms]
      [Ref Proc: 0.5 ms]
      [Ref Enq: 0.0 ms]
      [Redirty Cards: 0.7 ms]
      [Humongous Register: 0.0 ms]
      [Humongous Reclaim: 0.0 ms]
      [Free CSet: 0.4 ms]
   [Eden: 1442.0M(1442.0M)->0.0B(1316.0M) Survivors: 224.0M->210.0M Heap: 3335.5M(4096.0M)->2030.2M(4096.0M)]
 [Times: user=0.28 sys=0.00, real=0.04 secs] 
2021-01-22T00:37:54.713+0800: 30.977: [GC pause (G1 Evacuation Pause) (young), 0.0375944 secs]
   [Parallel Time: 33.4 ms, GC Workers: 8]
      [GC Worker Start (ms): Min: 30976.7, Avg: 30976.9, Max: 30977.0, Diff: 0.3]
      [Ext Root Scanning (ms): Min: 0.0, Avg: 0.1, Max: 0.2, Diff: 0.2, Sum: 0.4]
      [Update RS (ms): Min: 0.0, Avg: 0.0, Max: 0.1, Diff: 0.1, Sum: 0.4]
         [Processed Buffers: Min: 0, Avg: 1.1, Max: 3, Diff: 3, Sum: 9]
      [Scan RS (ms): Min: 0.1, Avg: 0.1, Max: 0.1, Diff: 0.1, Sum: 0.7]
      [Code Root Scanning (ms): Min: 0.0, Avg: 0.0, Max: 0.0, Diff: 0.0, Sum: 0.0]
      [Object Copy (ms): Min: 31.8, Avg: 31.9, Max: 32.3, Diff: 0.5, Sum: 255.4]
      [Termination (ms): Min: 0.0, Avg: 0.4, Max: 0.6, Diff: 0.6, Sum: 3.1]
         [Termination Attempts: Min: 1, Avg: 1.0, Max: 1, Diff: 0, Sum: 8]
      [GC Worker Other (ms): Min: 0.0, Avg: 0.0, Max: 0.0, Diff: 0.0, Sum: 0.1]
      [GC Worker Total (ms): Min: 32.4, Avg: 32.5, Max: 32.7, Diff: 0.3, Sum: 260.2]
      [GC Worker End (ms): Min: 31009.4, Avg: 31009.4, Max: 31009.4, Diff: 0.0]
   [Code Root Fixup: 0.0 ms]
   [Code Root Purge: 0.0 ms]
   [Clear CT: 1.1 ms]
   [Other: 3.1 ms]
      [Choose CSet: 0.0 ms]
      [Ref Proc: 0.8 ms]
      [Ref Enq: 0.0 ms]
      [Redirty Cards: 1.7 ms]
      [Humongous Register: 0.1 ms]
      [Humongous Reclaim: 0.0 ms]
      [Free CSet: 0.4 ms]
   [Eden: 1316.0M(1316.0M)->0.0B(1194.0M) Survivors: 210.0M->192.0M Heap: 3346.2M(4096.0M)->2171.1M(4096.0M)]
 [Times: user=0.26 sys=0.00, real=0.04 secs] 
2021-01-22T00:37:54.910+0800: 31.174: [GC pause (G1 Evacuation Pause) (young) (initial-mark), 0.0387256 secs]
   [Parallel Time: 34.7 ms, GC Workers: 8]
      [GC Worker Start (ms): Min: 31174.7, Avg: 31174.8, Max: 31175.0, Diff: 0.3]
      [Ext Root Scanning (ms): Min: 0.1, Avg: 0.3, Max: 0.6, Diff: 0.6, Sum: 2.8]
      [Update RS (ms): Min: 0.0, Avg: 0.1, Max: 0.2, Diff: 0.2, Sum: 0.5]
         [Processed Buffers: Min: 0, Avg: 1.1, Max: 3, Diff: 3, Sum: 9]
      [Scan RS (ms): Min: 0.0, Avg: 0.1, Max: 0.1, Diff: 0.1, Sum: 0.6]
      [Code Root Scanning (ms): Min: 0.0, Avg: 0.0, Max: 0.0, Diff: 0.0, Sum: 0.0]
      [Object Copy (ms): Min: 31.3, Avg: 31.6, Max: 33.0, Diff: 1.7, Sum: 253.0]
      [Termination (ms): Min: 0.0, Avg: 1.3, Max: 1.8, Diff: 1.8, Sum: 10.7]
         [Termination Attempts: Min: 1, Avg: 1.0, Max: 1, Diff: 0, Sum: 8]
      [GC Worker Other (ms): Min: 0.0, Avg: 0.1, Max: 0.3, Diff: 0.3, Sum: 1.1]
      [GC Worker Total (ms): Min: 33.4, Avg: 33.6, Max: 33.9, Diff: 0.5, Sum: 268.7]
      [GC Worker End (ms): Min: 31208.3, Avg: 31208.4, Max: 31208.6, Diff: 0.3]
   [Code Root Fixup: 0.0 ms]
   [Code Root Purge: 0.0 ms]
   [Clear CT: 1.0 ms]
   [Other: 3.0 ms]
      [Choose CSet: 0.0 ms]
      [Ref Proc: 1.1 ms]
      [Ref Enq: 0.0 ms]
      [Redirty Cards: 1.1 ms]
      [Humongous Register: 0.1 ms]
      [Humongous Reclaim: 0.0 ms]
      [Free CSet: 0.4 ms]
   [Eden: 1194.0M(1194.0M)->0.0B(1084.0M) Survivors: 192.0M->174.0M Heap: 3365.1M(4096.0M)->2302.7M(4096.0M)]
 [Times: user=0.28 sys=0.00, real=0.04 secs] 
2021-01-22T00:37:54.950+0800: 31.214: [GC concurrent-root-region-scan-start]
2021-01-22T00:37:54.950+0800: 31.214: [GC concurrent-root-region-scan-end, 0.0002586 secs]
2021-01-22T00:37:54.950+0800: 31.214: [GC concurrent-mark-start]
2021-01-22T00:37:54.955+0800: 31.219: [GC concurrent-mark-end, 0.0044769 secs]
2021-01-22T00:37:54.955+0800: 31.219: [GC remark 2021-01-22T00:37:54.956+0800: 31.220: [Finalize Marking, 0.0013610 secs] 2021-01-22T00:37:54.957+0800: 31.221: [GC ref-proc, 0.0005488 secs] 2021-01-22T00:37:54.958+0800: 31.222: [Unloading, 0.0014111 secs], 0.0063718 secs]
 [Times: user=0.00 sys=0.00, real=0.01 secs] 
2021-01-22T00:37:54.962+0800: 31.226: [GC cleanup 2347M->693M(4096M), 0.0044462 secs]
 [Times: user=0.02 sys=0.00, real=0.00 secs] 
2021-01-22T00:37:54.968+0800: 31.232: [GC concurrent-cleanup-start]
2021-01-22T00:37:54.969+0800: 31.233: [GC concurrent-cleanup-end, 0.0011503 secs]
2021-01-22T00:37:55.100+0800: 31.364: [GC pause (G1 Evacuation Pause) (young), 0.0391611 secs]
   [Parallel Time: 34.0 ms, GC Workers: 8]
      [GC Worker Start (ms): Min: 31364.5, Avg: 31364.8, Max: 31364.9, Diff: 0.4]
      [Ext Root Scanning (ms): Min: 0.0, Avg: 0.0, Max: 0.2, Diff: 0.2, Sum: 0.3]
      [Update RS (ms): Min: 0.0, Avg: 0.1, Max: 0.2, Diff: 0.2, Sum: 0.5]
         [Processed Buffers: Min: 0, Avg: 1.1, Max: 3, Diff: 3, Sum: 9]
      [Scan RS (ms): Min: 0.1, Avg: 0.3, Max: 1.6, Diff: 1.6, Sum: 2.2]
      [Code Root Scanning (ms): Min: 0.0, Avg: 0.0, Max: 0.0, Diff: 0.0, Sum: 0.0]
      [Object Copy (ms): Min: 30.6, Avg: 32.0, Max: 32.8, Diff: 2.2, Sum: 256.2]
      [Termination (ms): Min: 0.0, Avg: 0.6, Max: 0.8, Diff: 0.8, Sum: 4.9]
         [Termination Attempts: Min: 1, Avg: 1.0, Max: 1, Diff: 0, Sum: 8]
      [GC Worker Other (ms): Min: 0.0, Avg: 0.0, Max: 0.0, Diff: 0.0, Sum: 0.2]
      [GC Worker Total (ms): Min: 32.8, Avg: 33.0, Max: 33.3, Diff: 0.5, Sum: 264.3]
      [GC Worker End (ms): Min: 31397.8, Avg: 31397.8, Max: 31397.8, Diff: 0.1]
   [Code Root Fixup: 0.0 ms]
   [Code Root Purge: 0.0 ms]
   [Clear CT: 1.0 ms]
   [Other: 4.2 ms]
      [Choose CSet: 0.0 ms]
      [Ref Proc: 2.1 ms]
      [Ref Enq: 0.0 ms]
      [Redirty Cards: 1.4 ms]
      [Humongous Register: 0.0 ms]
      [Humongous Reclaim: 0.0 ms]
      [Free CSet: 0.4 ms]
   [Eden: 1084.0M(1084.0M)->0.0B(47104.0K) Survivors: 174.0M->158.0M Heap: 1732.7M(4096.0M)->802.3M(4096.0M)]
 [Times: user=0.27 sys=0.01, real=0.04 secs] 
2021-01-22T00:37:55.148+0800: 31.412: [GC pause (G1 Evacuation Pause) (mixed), 0.0215335 secs]
   [Parallel Time: 18.6 ms, GC Workers: 8]
      [GC Worker Start (ms): Min: 31412.0, Avg: 31412.1, Max: 31412.3, Diff: 0.3]
      [Ext Root Scanning (ms): Min: 0.0, Avg: 0.1, Max: 0.2, Diff: 0.2, Sum: 0.5]
      [Update RS (ms): Min: 0.0, Avg: 0.1, Max: 0.1, Diff: 0.1, Sum: 0.4]
         [Processed Buffers: Min: 0, Avg: 1.1, Max: 2, Diff: 2, Sum: 9]
      [Scan RS (ms): Min: 0.0, Avg: 0.0, Max: 0.0, Diff: 0.0, Sum: 0.2]
      [Code Root Scanning (ms): Min: 0.0, Avg: 0.0, Max: 0.0, Diff: 0.0, Sum: 0.0]
      [Object Copy (ms): Min: 16.8, Avg: 16.9, Max: 17.7, Diff: 0.9, Sum: 135.5]
      [Termination (ms): Min: 0.0, Avg: 0.8, Max: 1.0, Diff: 1.0, Sum: 6.4]
         [Termination Attempts: Min: 1, Avg: 1.0, Max: 1, Diff: 0, Sum: 8]
      [GC Worker Other (ms): Min: 0.0, Avg: 0.0, Max: 0.0, Diff: 0.0, Sum: 0.0]
      [GC Worker Total (ms): Min: 17.8, Avg: 17.9, Max: 18.1, Diff: 0.3, Sum: 143.1]
      [GC Worker End (ms): Min: 31430.0, Avg: 31430.0, Max: 31430.1, Diff: 0.1]
   [Code Root Fixup: 0.0 ms]
   [Code Root Purge: 0.0 ms]
   [Clear CT: 1.1 ms]
   [Other: 1.8 ms]
      [Choose CSet: 0.0 ms]
      [Ref Proc: 0.5 ms]
      [Ref Enq: 0.0 ms]
      [Redirty Cards: 0.8 ms]
      [Humongous Register: 0.1 ms]
      [Humongous Reclaim: 0.0 ms]
      [Free CSet: 0.2 ms]
   [Eden: 47104.0K(47104.0K)->0.0B(2436.0M) Survivors: 158.0M->16384.0K Heap: 848.3M(4096.0M)->753.9M(4096.0M)]
 [Times: user=0.13 sys=0.01, real=0.03 secs] 
2021-01-22T00:37:55.470+0800: 31.733: [GC pause (G1 Evacuation Pause) (young), 0.0419460 secs]
   [Parallel Time: 38.0 ms, GC Workers: 8]
      [GC Worker Start (ms): Min: 31733.5, Avg: 31734.3, Max: 31738.8, Diff: 5.2]
      [Ext Root Scanning (ms): Min: 0.0, Avg: 0.1, Max: 0.2, Diff: 0.2, Sum: 0.5]
      [Update RS (ms): Min: 0.0, Avg: 0.1, Max: 0.2, Diff: 0.2, Sum: 0.6]
         [Processed Buffers: Min: 0, Avg: 1.1, Max: 2, Diff: 2, Sum: 9]
      [Scan RS (ms): Min: 0.1, Avg: 0.3, Max: 0.8, Diff: 0.7, Sum: 2.2]
      [Code Root Scanning (ms): Min: 0.0, Avg: 0.0, Max: 0.0, Diff: 0.0, Sum: 0.0]
      [Object Copy (ms): Min: 29.4, Avg: 34.5, Max: 37.1, Diff: 7.7, Sum: 276.2]
      [Termination (ms): Min: 0.0, Avg: 1.8, Max: 2.1, Diff: 2.1, Sum: 14.8]
         [Termination Attempts: Min: 1, Avg: 1.1, Max: 2, Diff: 1, Sum: 9]
      [GC Worker Other (ms): Min: 0.0, Avg: 0.1, Max: 0.2, Diff: 0.2, Sum: 0.7]
      [GC Worker Total (ms): Min: 32.5, Avg: 36.9, Max: 37.6, Diff: 5.1, Sum: 295.0]
      [GC Worker End (ms): Min: 31771.1, Avg: 31771.2, Max: 31771.3, Diff: 0.2]
   [Code Root Fixup: 0.0 ms]
   [Code Root Purge: 0.0 ms]
   [Clear CT: 0.9 ms]
   [Other: 3.0 ms]
      [Choose CSet: 0.0 ms]
      [Ref Proc: 1.1 ms]
      [Ref Enq: 0.0 ms]
      [Redirty Cards: 1.3 ms]
      [Humongous Register: 0.0 ms]
      [Humongous Reclaim: 0.0 ms]
      [Free CSet: 0.5 ms]
   [Eden: 2436.0M(2436.0M)->0.0B(2144.0M) Survivors: 16384.0K->308.0M Heap: 3189.9M(4096.0M)->1099.8M(4096.0M)]
 [Times: user=0.29 sys=0.01, real=0.04 secs] 
2021-01-22T00:37:55.754+0800: 32.018: [GC pause (G1 Evacuation Pause) (young), 0.0436236 secs]
   [Parallel Time: 39.4 ms, GC Workers: 8]
      [GC Worker Start (ms): Min: 32017.8, Avg: 32017.9, Max: 32018.1, Diff: 0.3]
      [Ext Root Scanning (ms): Min: 0.0, Avg: 0.1, Max: 0.2, Diff: 0.2, Sum: 0.5]
      [Update RS (ms): Min: 0.0, Avg: 0.1, Max: 0.1, Diff: 0.1, Sum: 0.4]
         [Processed Buffers: Min: 0, Avg: 1.1, Max: 3, Diff: 3, Sum: 9]
      [Scan RS (ms): Min: 0.1, Avg: 0.2, Max: 0.2, Diff: 0.1, Sum: 1.4]
      [Code Root Scanning (ms): Min: 0.0, Avg: 0.0, Max: 0.0, Diff: 0.0, Sum: 0.0]
      [Object Copy (ms): Min: 38.0, Avg: 38.1, Max: 38.3, Diff: 0.3, Sum: 305.1]
      [Termination (ms): Min: 0.0, Avg: 0.2, Max: 0.3, Diff: 0.3, Sum: 1.6]
         [Termination Attempts: Min: 1, Avg: 1.0, Max: 1, Diff: 0, Sum: 8]
      [GC Worker Other (ms): Min: 0.0, Avg: 0.0, Max: 0.0, Diff: 0.0, Sum: 0.1]
      [GC Worker Total (ms): Min: 38.5, Avg: 38.7, Max: 38.8, Diff: 0.4, Sum: 309.3]
      [GC Worker End (ms): Min: 32056.6, Avg: 32056.6, Max: 32056.6, Diff: 0.1]
   [Code Root Fixup: 0.0 ms]
   [Code Root Purge: 0.0 ms]
   [Clear CT: 1.2 ms]
   [Other: 3.1 ms]
      [Choose CSet: 0.0 ms]
      [Ref Proc: 0.9 ms]
      [Ref Enq: 0.0 ms]
      [Redirty Cards: 1.6 ms]
      [Humongous Register: 0.0 ms]
      [Humongous Reclaim: 0.0 ms]
      [Free CSet: 0.5 ms]
   [Eden: 2144.0M(2144.0M)->0.0B(2054.0M) Survivors: 308.0M->308.0M Heap: 3243.8M(4096.0M)->1199.2M(4096.0M)]
 [Times: user=0.32 sys=0.00, real=0.04 secs] 
2021-01-22T00:37:56.049+0800: 32.313: [GC pause (G1 Evacuation Pause) (young), 0.0438634 secs]
   [Parallel Time: 39.2 ms, GC Workers: 8]
      [GC Worker Start (ms): Min: 32313.2, Avg: 32313.4, Max: 32313.6, Diff: 0.4]
      [Ext Root Scanning (ms): Min: 0.0, Avg: 0.1, Max: 0.2, Diff: 0.2, Sum: 0.4]
      [Update RS (ms): Min: 0.0, Avg: 0.0, Max: 0.2, Diff: 0.2, Sum: 0.4]
         [Processed Buffers: Min: 0, Avg: 1.1, Max: 3, Diff: 3, Sum: 9]
      [Scan RS (ms): Min: 0.1, Avg: 0.2, Max: 0.2, Diff: 0.1, Sum: 1.5]
      [Code Root Scanning (ms): Min: 0.0, Avg: 0.0, Max: 0.0, Diff: 0.0, Sum: 0.1]
      [Object Copy (ms): Min: 37.6, Avg: 37.6, Max: 37.7, Diff: 0.1, Sum: 300.9]
      [Termination (ms): Min: 0.0, Avg: 0.1, Max: 0.1, Diff: 0.1, Sum: 0.4]
         [Termination Attempts: Min: 1, Avg: 1.0, Max: 1, Diff: 0, Sum: 8]
      [GC Worker Other (ms): Min: 0.0, Avg: 0.1, Max: 0.3, Diff: 0.3, Sum: 0.9]
      [GC Worker Total (ms): Min: 37.8, Avg: 38.1, Max: 38.4, Diff: 0.6, Sum: 304.7]
      [GC Worker End (ms): Min: 32351.4, Avg: 32351.5, Max: 32351.7, Diff: 0.3]
   [Code Root Fixup: 0.0 ms]
   [Code Root Purge: 0.0 ms]
   [Clear CT: 1.1 ms]
   [Other: 3.6 ms]
      [Choose CSet: 0.0 ms]
      [Ref Proc: 0.8 ms]
      [Ref Enq: 0.0 ms]
      [Redirty Cards: 1.2 ms]
      [Humongous Register: 0.0 ms]
      [Humongous Reclaim: 0.0 ms]
      [Free CSet: 1.3 ms]
   [Eden: 2054.0M(2054.0M)->0.0B(1982.0M) Survivors: 308.0M->296.0M Heap: 3253.2M(4096.0M)->1283.1M(4096.0M)]
 [Times: user=0.30 sys=0.02, real=0.04 secs] 
2021-01-22T00:37:56.326+0800: 32.590: [GC pause (G1 Evacuation Pause) (young), 0.0420167 secs]
   [Parallel Time: 37.9 ms, GC Workers: 8]
      [GC Worker Start (ms): Min: 32589.9, Avg: 32590.1, Max: 32590.2, Diff: 0.4]
      [Ext Root Scanning (ms): Min: 0.0, Avg: 0.0, Max: 0.2, Diff: 0.2, Sum: 0.4]
      [Update RS (ms): Min: 0.0, Avg: 0.0, Max: 0.1, Diff: 0.1, Sum: 0.3]
         [Processed Buffers: Min: 0, Avg: 1.1, Max: 3, Diff: 3, Sum: 9]
      [Scan RS (ms): Min: 0.1, Avg: 0.2, Max: 0.2, Diff: 0.1, Sum: 1.3]
      [Code Root Scanning (ms): Min: 0.0, Avg: 0.0, Max: 0.0, Diff: 0.0, Sum: 0.0]
      [Object Copy (ms): Min: 36.5, Avg: 36.5, Max: 36.7, Diff: 0.2, Sum: 292.3]
      [Termination (ms): Min: 0.0, Avg: 0.1, Max: 0.2, Diff: 0.2, Sum: 1.1]
         [Termination Attempts: Min: 1, Avg: 1.0, Max: 1, Diff: 0, Sum: 8]
      [GC Worker Other (ms): Min: 0.0, Avg: 0.0, Max: 0.1, Diff: 0.1, Sum: 0.2]
      [GC Worker Total (ms): Min: 36.8, Avg: 37.0, Max: 37.2, Diff: 0.3, Sum: 295.6]
      [GC Worker End (ms): Min: 32627.0, Avg: 32627.0, Max: 32627.1, Diff: 0.1]
   [Code Root Fixup: 0.0 ms]
   [Code Root Purge: 0.0 ms]
   [Clear CT: 1.0 ms]
   [Other: 3.1 ms]
      [Choose CSet: 0.0 ms]
      [Ref Proc: 1.0 ms]
      [Ref Enq: 0.0 ms]
      [Redirty Cards: 1.5 ms]
      [Humongous Register: 0.0 ms]
      [Humongous Reclaim: 0.0 ms]
      [Free CSet: 0.5 ms]
   [Eden: 1982.0M(1982.0M)->0.0B(1890.0M) Survivors: 296.0M->286.0M Heap: 3265.1M(4096.0M)->1383.4M(4096.0M)]
 [Times: user=0.30 sys=0.00, real=0.05 secs] 
2021-01-22T00:37:56.595+0800: 32.859: [GC pause (G1 Evacuation Pause) (young), 0.0404898 secs]
   [Parallel Time: 36.2 ms, GC Workers: 8]
      [GC Worker Start (ms): Min: 32859.3, Avg: 32860.3, Max: 32866.4, Diff: 7.0]
      [Ext Root Scanning (ms): Min: 0.0, Avg: 0.1, Max: 0.2, Diff: 0.2, Sum: 0.5]
      [Update RS (ms): Min: 0.0, Avg: 0.1, Max: 0.1, Diff: 0.1, Sum: 0.5]
         [Processed Buffers: Min: 0, Avg: 1.1, Max: 2, Diff: 2, Sum: 9]
      [Scan RS (ms): Min: 0.1, Avg: 0.2, Max: 0.7, Diff: 0.6, Sum: 1.8]
      [Code Root Scanning (ms): Min: 0.0, Avg: 0.0, Max: 0.0, Diff: 0.0, Sum: 0.0]
      [Object Copy (ms): Min: 27.2, Avg: 33.7, Max: 35.1, Diff: 7.9, Sum: 269.6]
      [Termination (ms): Min: 0.0, Avg: 0.5, Max: 0.6, Diff: 0.6, Sum: 3.9]
         [Termination Attempts: Min: 1, Avg: 1.2, Max: 2, Diff: 1, Sum: 10]
      [GC Worker Other (ms): Min: 0.0, Avg: 0.0, Max: 0.0, Diff: 0.0, Sum: 0.2]
      [GC Worker Total (ms): Min: 28.5, Avg: 34.6, Max: 35.5, Diff: 7.0, Sum: 276.5]
      [GC Worker End (ms): Min: 32894.9, Avg: 32894.9, Max: 32894.9, Diff: 0.0]
   [Code Root Fixup: 0.0 ms]
   [Code Root Purge: 0.0 ms]
   [Clear CT: 0.8 ms]
   [Other: 3.5 ms]
      [Choose CSet: 0.0 ms]
      [Ref Proc: 1.3 ms]
      [Ref Enq: 0.0 ms]
      [Redirty Cards: 1.0 ms]
      [Humongous Register: 0.0 ms]
      [Humongous Reclaim: 0.0 ms]
      [Free CSet: 0.9 ms]
   [Eden: 1890.0M(1890.0M)->0.0B(1818.0M) Survivors: 286.0M->272.0M Heap: 3273.4M(4096.0M)->1468.8M(4096.0M)]
 [Times: user=0.29 sys=0.00, real=0.04 secs] 
2021-01-22T00:37:56.850+0800: 33.114: [GC pause (G1 Evacuation Pause) (young), 0.0424106 secs]
   [Parallel Time: 37.8 ms, GC Workers: 8]
      [GC Worker Start (ms): Min: 33113.8, Avg: 33114.0, Max: 33114.2, Diff: 0.4]
      [Ext Root Scanning (ms): Min: 0.0, Avg: 0.1, Max: 0.3, Diff: 0.3, Sum: 0.6]
      [Update RS (ms): Min: 0.0, Avg: 0.3, Max: 2.1, Diff: 2.1, Sum: 2.5]
         [Processed Buffers: Min: 0, Avg: 1.1, Max: 2, Diff: 2, Sum: 9]
      [Scan RS (ms): Min: 0.1, Avg: 0.2, Max: 0.6, Diff: 0.5, Sum: 1.8]
      [Code Root Scanning (ms): Min: 0.0, Avg: 0.0, Max: 0.0, Diff: 0.0, Sum: 0.0]
      [Object Copy (ms): Min: 33.9, Avg: 36.0, Max: 36.4, Diff: 2.5, Sum: 288.2]
      [Termination (ms): Min: 0.0, Avg: 0.1, Max: 0.1, Diff: 0.1, Sum: 0.6]
         [Termination Attempts: Min: 1, Avg: 1.5, Max: 2, Diff: 1, Sum: 12]
      [GC Worker Other (ms): Min: 0.0, Avg: 0.2, Max: 0.5, Diff: 0.5, Sum: 1.4]
      [GC Worker Total (ms): Min: 36.6, Avg: 36.9, Max: 37.4, Diff: 0.8, Sum: 295.2]
      [GC Worker End (ms): Min: 33150.8, Avg: 33150.9, Max: 33151.2, Diff: 0.5]
   [Code Root Fixup: 0.0 ms]
   [Code Root Purge: 0.0 ms]
   [Clear CT: 1.0 ms]
   [Other: 3.5 ms]
      [Choose CSet: 0.0 ms]
      [Ref Proc: 1.0 ms]
      [Ref Enq: 0.0 ms]
      [Redirty Cards: 1.7 ms]
      [Humongous Register: 0.0 ms]
      [Humongous Reclaim: 0.0 ms]
      [Free CSet: 0.6 ms]
   [Eden: 1818.0M(1818.0M)->0.0B(1698.0M) Survivors: 272.0M->262.0M Heap: 3286.8M(4096.0M)->1597.4M(4096.0M)]
 [Times: user=0.29 sys=0.01, real=0.04 secs] 
2021-01-22T00:37:57.088+0800: 33.351: [GC pause (G1 Evacuation Pause) (young), 0.0405921 secs]
   [Parallel Time: 36.5 ms, GC Workers: 8]
      [GC Worker Start (ms): Min: 33351.6, Avg: 33351.9, Max: 33352.0, Diff: 0.4]
      [Ext Root Scanning (ms): Min: 0.0, Avg: 0.1, Max: 0.2, Diff: 0.2, Sum: 0.5]
      [Update RS (ms): Min: 0.0, Avg: 0.1, Max: 0.2, Diff: 0.2, Sum: 0.6]
         [Processed Buffers: Min: 0, Avg: 1.1, Max: 2, Diff: 2, Sum: 9]
      [Scan RS (ms): Min: 0.1, Avg: 0.1, Max: 0.2, Diff: 0.1, Sum: 1.1]
      [Code Root Scanning (ms): Min: 0.0, Avg: 0.0, Max: 0.0, Diff: 0.0, Sum: 0.0]
      [Object Copy (ms): Min: 34.5, Avg: 34.7, Max: 35.5, Diff: 1.0, Sum: 277.5]
      [Termination (ms): Min: 0.0, Avg: 0.8, Max: 1.0, Diff: 1.0, Sum: 6.5]
         [Termination Attempts: Min: 1, Avg: 1.0, Max: 1, Diff: 0, Sum: 8]
      [GC Worker Other (ms): Min: 0.0, Avg: 0.1, Max: 0.2, Diff: 0.2, Sum: 0.5]
      [GC Worker Total (ms): Min: 35.7, Avg: 35.8, Max: 36.0, Diff: 0.3, Sum: 286.8]
      [GC Worker End (ms): Min: 33387.7, Avg: 33387.7, Max: 33387.8, Diff: 0.2]
   [Code Root Fixup: 0.0 ms]
   [Code Root Purge: 0.0 ms]
   [Clear CT: 1.0 ms]
   [Other: 3.1 ms]
      [Choose CSet: 0.0 ms]
      [Ref Proc: 1.2 ms]
      [Ref Enq: 0.0 ms]
      [Redirty Cards: 1.1 ms]
      [Humongous Register: 0.1 ms]
      [Humongous Reclaim: 0.0 ms]
      [Free CSet: 0.5 ms]
   [Eden: 1698.0M(1698.0M)->0.0B(1574.0M) Survivors: 262.0M->246.0M Heap: 3295.4M(4096.0M)->1730.7M(4096.0M)]
 [Times: user=0.28 sys=0.01, real=0.05 secs] 
2021-01-22T00:37:57.309+0800: 33.573: [GC pause (G1 Evacuation Pause) (young), 0.0373917 secs]
   [Parallel Time: 33.0 ms, GC Workers: 8]
      [GC Worker Start (ms): Min: 33573.4, Avg: 33573.7, Max: 33573.8, Diff: 0.4]
      [Ext Root Scanning (ms): Min: 0.0, Avg: 0.1, Max: 0.2, Diff: 0.2, Sum: 0.5]
      [Update RS (ms): Min: 0.0, Avg: 0.1, Max: 0.2, Diff: 0.2, Sum: 0.4]
         [Processed Buffers: Min: 0, Avg: 1.1, Max: 3, Diff: 3, Sum: 9]
      [Scan RS (ms): Min: 0.0, Avg: 0.1, Max: 0.1, Diff: 0.1, Sum: 0.9]
      [Code Root Scanning (ms): Min: 0.0, Avg: 0.0, Max: 0.0, Diff: 0.0, Sum: 0.0]
      [Object Copy (ms): Min: 31.2, Avg: 31.3, Max: 31.7, Diff: 0.5, Sum: 250.3]
      [Termination (ms): Min: 0.0, Avg: 0.4, Max: 0.5, Diff: 0.5, Sum: 3.1]
         [Termination Attempts: Min: 1, Avg: 1.2, Max: 2, Diff: 1, Sum: 10]
      [GC Worker Other (ms): Min: 0.0, Avg: 0.0, Max: 0.2, Diff: 0.2, Sum: 0.3]
      [GC Worker Total (ms): Min: 31.8, Avg: 31.9, Max: 32.1, Diff: 0.4, Sum: 255.6]
      [GC Worker End (ms): Min: 33605.6, Avg: 33605.6, Max: 33605.8, Diff: 0.2]
   [Code Root Fixup: 0.0 ms]
   [Code Root Purge: 0.0 ms]
   [Clear CT: 1.1 ms]
   [Other: 3.3 ms]
      [Choose CSet: 0.0 ms]
      [Ref Proc: 1.2 ms]
      [Ref Enq: 0.0 ms]
      [Redirty Cards: 1.4 ms]
      [Humongous Register: 0.0 ms]
      [Humongous Reclaim: 0.0 ms]
      [Free CSet: 0.4 ms]
   [Eden: 1574.0M(1574.0M)->0.0B(1484.0M) Survivors: 246.0M->228.0M Heap: 3304.7M(4096.0M)->1837.3M(4096.0M)]
 [Times: user=0.27 sys=0.00, real=0.03 secs] 
2021-01-22T00:37:57.513+0800: 33.776: [GC pause (G1 Evacuation Pause) (young), 0.0378526 secs]
   [Parallel Time: 34.1 ms, GC Workers: 8]
      [GC Worker Start (ms): Min: 33776.8, Avg: 33777.0, Max: 33777.2, Diff: 0.4]
      [Ext Root Scanning (ms): Min: 0.0, Avg: 0.1, Max: 0.3, Diff: 0.3, Sum: 0.6]
      [Update RS (ms): Min: 0.0, Avg: 0.1, Max: 0.2, Diff: 0.2, Sum: 0.6]
         [Processed Buffers: Min: 0, Avg: 1.1, Max: 2, Diff: 2, Sum: 9]
      [Scan RS (ms): Min: 0.1, Avg: 0.1, Max: 0.1, Diff: 0.1, Sum: 0.9]
      [Code Root Scanning (ms): Min: 0.0, Avg: 0.0, Max: 0.0, Diff: 0.0, Sum: 0.0]
      [Object Copy (ms): Min: 32.9, Avg: 33.0, Max: 33.1, Diff: 0.2, Sum: 263.8]
      [Termination (ms): Min: 0.0, Avg: 0.1, Max: 0.1, Diff: 0.1, Sum: 0.6]
         [Termination Attempts: Min: 1, Avg: 1.0, Max: 1, Diff: 0, Sum: 8]
      [GC Worker Other (ms): Min: 0.0, Avg: 0.0, Max: 0.1, Diff: 0.1, Sum: 0.2]
      [GC Worker Total (ms): Min: 33.2, Avg: 33.3, Max: 33.6, Diff: 0.4, Sum: 266.8]
      [GC Worker End (ms): Min: 33810.3, Avg: 33810.4, Max: 33810.5, Diff: 0.1]
   [Code Root Fixup: 0.0 ms]
   [Code Root Purge: 0.0 ms]
   [Clear CT: 1.1 ms]
   [Other: 2.7 ms]
      [Choose CSet: 0.0 ms]
      [Ref Proc: 0.5 ms]
      [Ref Enq: 0.0 ms]
      [Redirty Cards: 1.6 ms]
      [Humongous Register: 0.1 ms]
      [Humongous Reclaim: 0.0 ms]
      [Free CSet: 0.4 ms]
   [Eden: 1484.0M(1484.0M)->0.0B(1354.0M) Survivors: 228.0M->214.0M Heap: 3321.3M(4096.0M)->1983.1M(4096.0M)]
 [Times: user=0.27 sys=0.00, real=0.04 secs] 
2021-01-22T00:37:57.714+0800: 33.978: [GC pause (G1 Evacuation Pause) (young), 0.0405726 secs]
   [Parallel Time: 37.8 ms, GC Workers: 8]
      [GC Worker Start (ms): Min: 33977.9, Avg: 33978.7, Max: 33983.1, Diff: 5.2]
      [Ext Root Scanning (ms): Min: 0.0, Avg: 0.1, Max: 0.2, Diff: 0.2, Sum: 0.5]
      [Update RS (ms): Min: 0.0, Avg: 0.1, Max: 0.1, Diff: 0.1, Sum: 0.5]
         [Processed Buffers: Min: 0, Avg: 1.1, Max: 3, Diff: 3, Sum: 9]
      [Scan RS (ms): Min: 0.0, Avg: 0.1, Max: 0.5, Diff: 0.4, Sum: 1.2]
      [Code Root Scanning (ms): Min: 0.0, Avg: 0.0, Max: 0.0, Diff: 0.0, Sum: 0.0]
      [Object Copy (ms): Min: 29.3, Avg: 34.2, Max: 36.9, Diff: 7.6, Sum: 273.6]
      [Termination (ms): Min: 0.0, Avg: 2.0, Max: 2.3, Diff: 2.3, Sum: 16.3]
         [Termination Attempts: Min: 1, Avg: 1.0, Max: 1, Diff: 0, Sum: 8]
      [GC Worker Other (ms): Min: 0.0, Avg: 0.0, Max: 0.0, Diff: 0.0, Sum: 0.1]
      [GC Worker Total (ms): Min: 32.1, Avg: 36.5, Max: 37.3, Diff: 5.2, Sum: 292.2]
      [GC Worker End (ms): Min: 34015.2, Avg: 34015.2, Max: 34015.2, Diff: 0.1]
   [Code Root Fixup: 0.0 ms]
   [Code Root Purge: 0.0 ms]
   [Clear CT: 0.9 ms]
   [Other: 1.9 ms]
      [Choose CSet: 0.0 ms]
      [Ref Proc: 0.7 ms]
      [Ref Enq: 0.0 ms]
      [Redirty Cards: 0.6 ms]
      [Humongous Register: 0.1 ms]
      [Humongous Reclaim: 0.0 ms]
      [Free CSet: 0.4 ms]
   [Eden: 1354.0M(1354.0M)->0.0B(1228.0M) Survivors: 214.0M->196.0M Heap: 3337.1M(4096.0M)->2126.1M(4096.0M)]
 [Times: user=0.29 sys=0.00, real=0.04 secs] 
2021-01-22T00:37:57.905+0800: 34.169: [GC pause (G1 Evacuation Pause) (young) (initial-mark), 0.0355197 secs]
   [Parallel Time: 30.9 ms, GC Workers: 8]
      [GC Worker Start (ms): Min: 34169.6, Avg: 34169.9, Max: 34170.2, Diff: 0.6]
      [Ext Root Scanning (ms): Min: 0.0, Avg: 0.5, Max: 0.7, Diff: 0.7, Sum: 4.2]
      [Update RS (ms): Min: 0.0, Avg: 0.1, Max: 0.3, Diff: 0.3, Sum: 0.6]
         [Processed Buffers: Min: 0, Avg: 1.1, Max: 4, Diff: 4, Sum: 9]
      [Scan RS (ms): Min: 0.0, Avg: 0.1, Max: 0.1, Diff: 0.1, Sum: 0.7]
      [Code Root Scanning (ms): Min: 0.0, Avg: 0.0, Max: 0.0, Diff: 0.0, Sum: 0.0]
      [Object Copy (ms): Min: 29.2, Avg: 29.3, Max: 29.3, Diff: 0.1, Sum: 234.2]
      [Termination (ms): Min: 0.0, Avg: 0.0, Max: 0.1, Diff: 0.1, Sum: 0.4]
         [Termination Attempts: Min: 1, Avg: 1.4, Max: 2, Diff: 1, Sum: 11]
      [GC Worker Other (ms): Min: 0.0, Avg: 0.1, Max: 0.1, Diff: 0.1, Sum: 0.4]
      [GC Worker Total (ms): Min: 29.8, Avg: 30.1, Max: 30.3, Diff: 0.5, Sum: 240.5]
      [GC Worker End (ms): Min: 34200.0, Avg: 34200.0, Max: 34200.1, Diff: 0.1]
   [Code Root Fixup: 0.0 ms]
   [Code Root Purge: 0.0 ms]
   [Clear CT: 1.2 ms]
   [Other: 3.4 ms]
      [Choose CSet: 0.0 ms]
      [Ref Proc: 1.1 ms]
      [Ref Enq: 0.0 ms]
      [Redirty Cards: 1.2 ms]
      [Humongous Register: 0.0 ms]
      [Humongous Reclaim: 0.0 ms]
      [Free CSet: 0.6 ms]
   [Eden: 1228.0M(1228.0M)->0.0B(1116.0M) Survivors: 196.0M->178.0M Heap: 3354.1M(4096.0M)->2261.8M(4096.0M)]
 [Times: user=0.23 sys=0.01, real=0.04 secs] 
2021-01-22T00:37:57.942+0800: 34.206: [GC concurrent-root-region-scan-start]
2021-01-22T00:37:57.942+0800: 34.206: [GC concurrent-root-region-scan-end, 0.0003651 secs]
2021-01-22T00:37:57.942+0800: 34.206: [GC concurrent-mark-start]
2021-01-22T00:37:57.947+0800: 34.211: [GC concurrent-mark-end, 0.0050401 secs]
2021-01-22T00:37:57.947+0800: 34.211: [GC remark 2021-01-22T00:37:57.948+0800: 34.212: [Finalize Marking, 0.0012545 secs] 2021-01-22T00:37:57.950+0800: 34.213: [GC ref-proc, 0.0004859 secs] 2021-01-22T00:37:57.950+0800: 34.214: [Unloading, 0.0014941 secs], 0.0056425 secs]
 [Times: user=0.01 sys=0.00, real=0.01 secs] 
2021-01-22T00:37:57.954+0800: 34.218: [GC cleanup 2311M->683M(4096M), 0.0043600 secs]
 [Times: user=0.01 sys=0.01, real=0.01 secs] 
2021-01-22T00:37:57.959+0800: 34.223: [GC concurrent-cleanup-start]
2021-01-22T00:37:57.960+0800: 34.224: [GC concurrent-cleanup-end, 0.0010372 secs]
2021-01-22T00:37:58.085+0800: 34.348: [GC pause (G1 Evacuation Pause) (young), 0.0350318 secs]
   [Parallel Time: 31.1 ms, GC Workers: 8]
      [GC Worker Start (ms): Min: 34348.7, Avg: 34348.9, Max: 34349.0, Diff: 0.4]
      [Ext Root Scanning (ms): Min: 0.0, Avg: 0.1, Max: 0.2, Diff: 0.2, Sum: 0.4]
      [Update RS (ms): Min: 0.0, Avg: 0.1, Max: 0.1, Diff: 0.1, Sum: 0.4]
         [Processed Buffers: Min: 0, Avg: 1.1, Max: 2, Diff: 2, Sum: 9]
      [Scan RS (ms): Min: 0.0, Avg: 0.1, Max: 0.1, Diff: 0.1, Sum: 0.6]
      [Code Root Scanning (ms): Min: 0.0, Avg: 0.0, Max: 0.0, Diff: 0.0, Sum: 0.0]
      [Object Copy (ms): Min: 30.1, Avg: 30.1, Max: 30.2, Diff: 0.1, Sum: 241.1]
      [Termination (ms): Min: 0.0, Avg: 0.1, Max: 0.1, Diff: 0.1, Sum: 0.5]
         [Termination Attempts: Min: 1, Avg: 1.0, Max: 1, Diff: 0, Sum: 8]
      [GC Worker Other (ms): Min: 0.0, Avg: 0.0, Max: 0.2, Diff: 0.1, Sum: 0.3]
      [GC Worker Total (ms): Min: 30.3, Avg: 30.4, Max: 30.7, Diff: 0.4, Sum: 243.4]
      [GC Worker End (ms): Min: 34379.3, Avg: 34379.3, Max: 34379.4, Diff: 0.1]
   [Code Root Fixup: 0.0 ms]
   [Code Root Purge: 0.0 ms]
   [Clear CT: 0.9 ms]
   [Other: 3.1 ms]
      [Choose CSet: 0.0 ms]
      [Ref Proc: 0.7 ms]
      [Ref Enq: 0.0 ms]
      [Redirty Cards: 1.5 ms]
      [Humongous Register: 0.0 ms]
      [Humongous Reclaim: 0.0 ms]
      [Free CSet: 0.5 ms]
   [Eden: 1116.0M(1116.0M)->0.0B(43008.0K) Survivors: 178.0M->162.0M Heap: 1749.8M(4096.0M)->772.3M(4096.0M)]
 [Times: user=0.25 sys=0.00, real=0.04 secs] 
2021-01-22T00:37:58.125+0800: 34.389: [GC pause (G1 Evacuation Pause) (mixed), 0.0192353 secs]
   [Parallel Time: 16.5 ms, GC Workers: 8]
      [GC Worker Start (ms): Min: 34389.5, Avg: 34389.6, Max: 34389.8, Diff: 0.3]
      [Ext Root Scanning (ms): Min: 0.0, Avg: 0.1, Max: 0.2, Diff: 0.2, Sum: 0.5]
      [Update RS (ms): Min: 0.0, Avg: 0.1, Max: 0.2, Diff: 0.2, Sum: 0.5]
         [Processed Buffers: Min: 0, Avg: 1.1, Max: 2, Diff: 2, Sum: 9]
      [Scan RS (ms): Min: 0.0, Avg: 0.0, Max: 0.0, Diff: 0.0, Sum: 0.2]
      [Code Root Scanning (ms): Min: 0.0, Avg: 0.0, Max: 0.0, Diff: 0.0, Sum: 0.0]
      [Object Copy (ms): Min: 15.0, Avg: 15.2, Max: 15.8, Diff: 0.8, Sum: 122.0]
      [Termination (ms): Min: 0.0, Avg: 0.6, Max: 0.8, Diff: 0.8, Sum: 4.7]
         [Termination Attempts: Min: 1, Avg: 1.0, Max: 1, Diff: 0, Sum: 8]
      [GC Worker Other (ms): Min: 0.0, Avg: 0.0, Max: 0.0, Diff: 0.0, Sum: 0.1]
      [GC Worker Total (ms): Min: 15.8, Avg: 16.0, Max: 16.2, Diff: 0.3, Sum: 128.0]
      [GC Worker End (ms): Min: 34405.6, Avg: 34405.6, Max: 34405.7, Diff: 0.1]
   [Code Root Fixup: 0.0 ms]
   [Code Root Purge: 0.0 ms]
   [Clear CT: 0.8 ms]
   [Other: 1.9 ms]
      [Choose CSet: 0.0 ms]
      [Ref Proc: 0.7 ms]
      [Ref Enq: 0.0 ms]
      [Redirty Cards: 0.9 ms]
      [Humongous Register: 0.0 ms]
      [Humongous Reclaim: 0.0 ms]
      [Free CSet: 0.1 ms]
   [Eden: 43008.0K(43008.0K)->0.0B(2380.0M) Survivors: 162.0M->20480.0K Heap: 814.3M(4096.0M)->735.9M(4096.0M)]
 [Times: user=0.14 sys=0.00, real=0.02 secs] 
2021-01-22T00:37:58.425+0800: 34.688: [GC pause (G1 Evacuation Pause) (young), 0.0375883 secs]
   [Parallel Time: 33.4 ms, GC Workers: 8]
      [GC Worker Start (ms): Min: 34688.7, Avg: 34688.9, Max: 34689.0, Diff: 0.3]
      [Ext Root Scanning (ms): Min: 0.0, Avg: 0.1, Max: 0.2, Diff: 0.2, Sum: 0.5]
      [Update RS (ms): Min: 0.0, Avg: 0.1, Max: 0.1, Diff: 0.1, Sum: 0.5]
         [Processed Buffers: Min: 0, Avg: 1.1, Max: 2, Diff: 2, Sum: 9]
      [Scan RS (ms): Min: 0.1, Avg: 0.8, Max: 5.2, Diff: 5.0, Sum: 6.4]
      [Code Root Scanning (ms): Min: 0.0, Avg: 0.0, Max: 0.0, Diff: 0.0, Sum: 0.0]
      [Object Copy (ms): Min: 26.9, Avg: 31.3, Max: 32.2, Diff: 5.3, Sum: 250.3]
      [Termination (ms): Min: 0.0, Avg: 0.3, Max: 0.3, Diff: 0.3, Sum: 2.1]
         [Termination Attempts: Min: 1, Avg: 1.0, Max: 1, Diff: 0, Sum: 8]
      [GC Worker Other (ms): Min: 0.0, Avg: 0.1, Max: 0.2, Diff: 0.2, Sum: 0.5]
      [GC Worker Total (ms): Min: 32.3, Avg: 32.5, Max: 32.7, Diff: 0.4, Sum: 260.3]
      [GC Worker End (ms): Min: 34721.3, Avg: 34721.4, Max: 34721.5, Diff: 0.2]
   [Code Root Fixup: 0.0 ms]
   [Code Root Purge: 0.0 ms]
   [Clear CT: 1.3 ms]
   [Other: 2.9 ms]
      [Choose CSet: 0.0 ms]
      [Ref Proc: 0.9 ms]
      [Ref Enq: 0.0 ms]
      [Redirty Cards: 1.2 ms]
      [Humongous Register: 0.0 ms]
      [Humongous Reclaim: 0.0 ms]
      [Free CSet: 0.6 ms]
   [Eden: 2380.0M(2380.0M)->0.0B(2112.0M) Survivors: 20480.0K->300.0M Heap: 3115.9M(4096.0M)->1086.5M(4096.0M)]
 [Times: user=0.26 sys=0.01, real=0.04 secs] 
2021-01-22T00:37:58.706+0800: 34.970: [GC pause (G1 Evacuation Pause) (young), 0.0394448 secs]
   [Parallel Time: 35.3 ms, GC Workers: 8]
      [GC Worker Start (ms): Min: 34969.9, Avg: 34970.1, Max: 34970.2, Diff: 0.4]
      [Ext Root Scanning (ms): Min: 0.0, Avg: 0.1, Max: 0.2, Diff: 0.2, Sum: 0.5]
      [Update RS (ms): Min: 0.0, Avg: 0.1, Max: 0.1, Diff: 0.1, Sum: 0.5]
         [Processed Buffers: Min: 0, Avg: 1.1, Max: 2, Diff: 2, Sum: 9]
      [Scan RS (ms): Min: 0.1, Avg: 0.2, Max: 0.2, Diff: 0.1, Sum: 1.3]
      [Code Root Scanning (ms): Min: 0.0, Avg: 0.0, Max: 0.0, Diff: 0.0, Sum: 0.0]
      [Object Copy (ms): Min: 33.8, Avg: 33.9, Max: 34.1, Diff: 0.3, Sum: 271.1]
      [Termination (ms): Min: 0.0, Avg: 0.2, Max: 0.3, Diff: 0.3, Sum: 1.6]
         [Termination Attempts: Min: 1, Avg: 1.1, Max: 2, Diff: 1, Sum: 9]
      [GC Worker Other (ms): Min: 0.0, Avg: 0.0, Max: 0.2, Diff: 0.2, Sum: 0.4]
      [GC Worker Total (ms): Min: 34.3, Avg: 34.4, Max: 34.7, Diff: 0.4, Sum: 275.4]
      [GC Worker End (ms): Min: 35004.4, Avg: 35004.5, Max: 35004.6, Diff: 0.2]
   [Code Root Fixup: 0.0 ms]
   [Code Root Purge: 0.0 ms]
   [Clear CT: 0.8 ms]
   [Other: 3.3 ms]
      [Choose CSet: 0.0 ms]
      [Ref Proc: 0.9 ms]
      [Ref Enq: 0.0 ms]
      [Redirty Cards: 1.2 ms]
      [Humongous Register: 0.1 ms]
      [Humongous Reclaim: 0.0 ms]
      [Free CSet: 0.9 ms]
   [Eden: 2112.0M(2112.0M)->0.0B(2056.0M) Survivors: 300.0M->302.0M Heap: 3198.5M(4096.0M)->1170.6M(4096.0M)]
 [Times: user=0.29 sys=0.00, real=0.04 secs] 
2021-01-22T00:37:58.997+0800: 35.261: [GC pause (G1 Evacuation Pause) (young), 0.0397148 secs]
   [Parallel Time: 36.1 ms, GC Workers: 8]
      [GC Worker Start (ms): Min: 35260.9, Avg: 35261.1, Max: 35261.3, Diff: 0.4]
      [Ext Root Scanning (ms): Min: 0.0, Avg: 0.1, Max: 0.2, Diff: 0.2, Sum: 0.5]
      [Update RS (ms): Min: 0.0, Avg: 0.1, Max: 0.2, Diff: 0.2, Sum: 0.5]
         [Processed Buffers: Min: 0, Avg: 1.1, Max: 3, Diff: 3, Sum: 9]
      [Scan RS (ms): Min: 0.1, Avg: 0.2, Max: 0.2, Diff: 0.1, Sum: 1.3]
      [Code Root Scanning (ms): Min: 0.0, Avg: 0.0, Max: 0.0, Diff: 0.0, Sum: 0.1]
      [Object Copy (ms): Min: 34.7, Avg: 34.8, Max: 34.8, Diff: 0.1, Sum: 278.3]
      [Termination (ms): Min: 0.0, Avg: 0.1, Max: 0.2, Diff: 0.2, Sum: 0.5]
         [Termination Attempts: Min: 1, Avg: 2.2, Max: 4, Diff: 3, Sum: 18]
      [GC Worker Other (ms): Min: 0.0, Avg: 0.1, Max: 0.3, Diff: 0.3, Sum: 1.0]
      [GC Worker Total (ms): Min: 35.1, Avg: 35.3, Max: 35.5, Diff: 0.4, Sum: 282.2]
      [GC Worker End (ms): Min: 35296.3, Avg: 35296.4, Max: 35296.6, Diff: 0.3]
   [Code Root Fixup: 0.0 ms]
   [Code Root Purge: 0.0 ms]
   [Clear CT: 1.2 ms]
   [Other: 2.4 ms]
      [Choose CSet: 0.0 ms]
      [Ref Proc: 0.5 ms]
      [Ref Enq: 0.0 ms]
      [Redirty Cards: 1.0 ms]
      [Humongous Register: 0.0 ms]
      [Humongous Reclaim: 0.0 ms]
      [Free CSet: 0.6 ms]
   [Eden: 2056.0M(2056.0M)->0.0B(1998.0M) Survivors: 302.0M->296.0M Heap: 3226.6M(4096.0M)->1247.2M(4096.0M)]
 [Times: user=0.29 sys=0.00, real=0.04 secs] 
2021-01-22T00:37:59.259+0800: 35.523: [GC pause (G1 Evacuation Pause) (young), 0.0410220 secs]
   [Parallel Time: 37.2 ms, GC Workers: 8]
      [GC Worker Start (ms): Min: 35523.4, Avg: 35523.7, Max: 35523.9, Diff: 0.4]
      [Ext Root Scanning (ms): Min: 0.0, Avg: 0.1, Max: 0.3, Diff: 0.3, Sum: 0.6]
      [Update RS (ms): Min: 0.0, Avg: 0.1, Max: 0.2, Diff: 0.2, Sum: 0.4]
         [Processed Buffers: Min: 0, Avg: 1.1, Max: 2, Diff: 2, Sum: 9]
      [Scan RS (ms): Min: 0.1, Avg: 0.2, Max: 0.2, Diff: 0.1, Sum: 1.5]
      [Code Root Scanning (ms): Min: 0.0, Avg: 0.0, Max: 0.0, Diff: 0.0, Sum: 0.0]
      [Object Copy (ms): Min: 35.5, Avg: 35.7, Max: 35.9, Diff: 0.5, Sum: 285.3]
      [Termination (ms): Min: 0.0, Avg: 0.3, Max: 0.5, Diff: 0.5, Sum: 2.4]
         [Termination Attempts: Min: 1, Avg: 1.2, Max: 3, Diff: 2, Sum: 10]
      [GC Worker Other (ms): Min: 0.0, Avg: 0.0, Max: 0.1, Diff: 0.0, Sum: 0.2]
      [GC Worker Total (ms): Min: 36.1, Avg: 36.3, Max: 36.6, Diff: 0.5, Sum: 290.3]
      [GC Worker End (ms): Min: 35560.0, Avg: 35560.0, Max: 35560.0, Diff: 0.0]
   [Code Root Fixup: 0.0 ms]
   [Code Root Purge: 0.0 ms]
   [Clear CT: 1.0 ms]
   [Other: 2.8 ms]
      [Choose CSet: 0.0 ms]
      [Ref Proc: 0.6 ms]
      [Ref Enq: 0.0 ms]
      [Redirty Cards: 1.5 ms]
      [Humongous Register: 0.1 ms]
      [Humongous Reclaim: 0.0 ms]
      [Free CSet: 0.5 ms]
   [Eden: 1998.0M(1998.0M)->0.0B(1936.0M) Survivors: 296.0M->288.0M Heap: 3245.2M(4096.0M)->1326.7M(4096.0M)]
 [Times: user=0.28 sys=0.02, real=0.04 secs] 
2021-01-22T00:37:59.525+0800: 35.789: [GC pause (G1 Evacuation Pause) (young), 0.0407717 secs]
   [Parallel Time: 36.1 ms, GC Workers: 8]
      [GC Worker Start (ms): Min: 35788.7, Avg: 35788.9, Max: 35789.1, Diff: 0.4]
      [Ext Root Scanning (ms): Min: 0.0, Avg: 0.1, Max: 0.3, Diff: 0.3, Sum: 0.6]
      [Update RS (ms): Min: 0.0, Avg: 0.1, Max: 0.1, Diff: 0.1, Sum: 0.4]
         [Processed Buffers: Min: 0, Avg: 1.1, Max: 3, Diff: 3, Sum: 9]
      [Scan RS (ms): Min: 0.1, Avg: 0.2, Max: 0.2, Diff: 0.1, Sum: 1.3]
      [Code Root Scanning (ms): Min: 0.0, Avg: 0.0, Max: 0.0, Diff: 0.0, Sum: 0.0]
      [Object Copy (ms): Min: 35.1, Avg: 35.2, Max: 35.4, Diff: 0.3, Sum: 281.2]
      [Termination (ms): Min: 0.0, Avg: 0.3, Max: 0.3, Diff: 0.3, Sum: 2.0]
         [Termination Attempts: Min: 1, Avg: 1.0, Max: 1, Diff: 0, Sum: 8]
      [GC Worker Other (ms): Min: 0.0, Avg: 0.0, Max: 0.0, Diff: 0.0, Sum: 0.1]
      [GC Worker Total (ms): Min: 35.5, Avg: 35.7, Max: 35.9, Diff: 0.4, Sum: 285.6]
      [GC Worker End (ms): Min: 35824.6, Avg: 35824.6, Max: 35824.6, Diff: 0.0]
   [Code Root Fixup: 0.0 ms]
   [Code Root Purge: 0.0 ms]
   [Clear CT: 1.1 ms]
   [Other: 3.5 ms]
      [Choose CSet: 0.0 ms]
      [Ref Proc: 1.0 ms]
      [Ref Enq: 0.0 ms]
      [Redirty Cards: 1.8 ms]
      [Humongous Register: 0.0 ms]
      [Humongous Reclaim: 0.0 ms]
      [Free CSet: 0.4 ms]
   [Eden: 1936.0M(1936.0M)->0.0B(1856.0M) Survivors: 288.0M->278.0M Heap: 3262.7M(4096.0M)->1423.6M(4096.0M)]
 [Times: user=0.29 sys=0.00, real=0.04 secs] 
2021-01-22T00:37:59.833+0800: 36.097: [GC pause (G1 Evacuation Pause) (young), 0.0399032 secs]
   [Parallel Time: 35.4 ms, GC Workers: 8]
      [GC Worker Start (ms): Min: 36097.2, Avg: 36097.4, Max: 36097.6, Diff: 0.4]
      [Ext Root Scanning (ms): Min: 0.0, Avg: 0.1, Max: 0.2, Diff: 0.2, Sum: 0.5]
      [Update RS (ms): Min: 0.0, Avg: 0.1, Max: 0.1, Diff: 0.1, Sum: 0.4]
         [Processed Buffers: Min: 0, Avg: 1.1, Max: 3, Diff: 3, Sum: 9]
      [Scan RS (ms): Min: 0.1, Avg: 0.1, Max: 0.2, Diff: 0.1, Sum: 1.1]
      [Code Root Scanning (ms): Min: 0.0, Avg: 0.0, Max: 0.0, Diff: 0.0, Sum: 0.0]
      [Object Copy (ms): Min: 34.3, Avg: 34.4, Max: 34.4, Diff: 0.1, Sum: 274.9]
      [Termination (ms): Min: 0.0, Avg: 0.0, Max: 0.1, Diff: 0.1, Sum: 0.4]
         [Termination Attempts: Min: 1, Avg: 1.2, Max: 3, Diff: 2, Sum: 10]
      [GC Worker Other (ms): Min: 0.0, Avg: 0.1, Max: 0.3, Diff: 0.3, Sum: 1.1]
      [GC Worker Total (ms): Min: 34.6, Avg: 34.8, Max: 35.1, Diff: 0.5, Sum: 278.5]
      [GC Worker End (ms): Min: 36132.1, Avg: 36132.2, Max: 36132.4, Diff: 0.3]
   [Code Root Fixup: 0.0 ms]
   [Code Root Purge: 0.0 ms]
   [Clear CT: 1.2 ms]
   [Other: 3.3 ms]
      [Choose CSet: 0.0 ms]
      [Ref Proc: 0.8 ms]
      [Ref Enq: 0.0 ms]
      [Redirty Cards: 1.8 ms]
      [Humongous Register: 0.0 ms]
      [Humongous Reclaim: 0.0 ms]
      [Free CSet: 0.5 ms]
   [Eden: 1856.0M(1856.0M)->0.0B(1776.0M) Survivors: 278.0M->268.0M Heap: 3279.6M(4096.0M)->1519.0M(4096.0M)]
 [Times: user=0.29 sys=0.00, real=0.04 secs] 
2021-01-22T00:38:00.092+0800: 36.356: [GC pause (G1 Evacuation Pause) (young), 0.0441378 secs]
   [Parallel Time: 41.1 ms, GC Workers: 8]
      [GC Worker Start (ms): Min: 36356.0, Avg: 36356.1, Max: 36356.3, Diff: 0.3]
      [Ext Root Scanning (ms): Min: 0.0, Avg: 0.1, Max: 0.2, Diff: 0.2, Sum: 0.5]
      [Update RS (ms): Min: 0.0, Avg: 0.1, Max: 0.1, Diff: 0.1, Sum: 0.4]
         [Processed Buffers: Min: 0, Avg: 1.1, Max: 2, Diff: 2, Sum: 9]
      [Scan RS (ms): Min: 0.1, Avg: 0.2, Max: 0.2, Diff: 0.1, Sum: 1.3]
      [Code Root Scanning (ms): Min: 0.0, Avg: 0.0, Max: 0.0, Diff: 0.0, Sum: 0.0]
      [Object Copy (ms): Min: 36.4, Avg: 37.2, Max: 40.0, Diff: 3.6, Sum: 297.8]
      [Termination (ms): Min: 0.0, Avg: 2.7, Max: 3.6, Diff: 3.6, Sum: 22.0]
         [Termination Attempts: Min: 1, Avg: 1.0, Max: 1, Diff: 0, Sum: 8]
      [GC Worker Other (ms): Min: 0.0, Avg: 0.0, Max: 0.2, Diff: 0.2, Sum: 0.4]
      [GC Worker Total (ms): Min: 40.2, Avg: 40.3, Max: 40.5, Diff: 0.3, Sum: 322.5]
      [GC Worker End (ms): Min: 36396.4, Avg: 36396.4, Max: 36396.6, Diff: 0.2]
   [Code Root Fixup: 0.0 ms]
   [Code Root Purge: 0.0 ms]
   [Clear CT: 0.7 ms]
   [Other: 2.3 ms]
      [Choose CSet: 0.0 ms]
      [Ref Proc: 0.7 ms]
      [Ref Enq: 0.0 ms]
      [Redirty Cards: 0.8 ms]
      [Humongous Register: 0.0 ms]
      [Humongous Reclaim: 0.0 ms]
      [Free CSet: 0.6 ms]
   [Eden: 1776.0M(1776.0M)->0.0B(1698.0M) Survivors: 268.0M->256.0M Heap: 3295.0M(4096.0M)->1611.8M(4096.0M)]
 [Times: user=0.33 sys=0.00, real=0.04 secs] 
2021-01-22T00:38:00.347+0800: 36.611: [GC pause (G1 Evacuation Pause) (young), 0.0429594 secs]
   [Parallel Time: 37.9 ms, GC Workers: 8]
      [GC Worker Start (ms): Min: 36611.2, Avg: 36611.4, Max: 36611.6, Diff: 0.4]
      [Ext Root Scanning (ms): Min: 0.0, Avg: 0.1, Max: 0.2, Diff: 0.2, Sum: 0.4]
      [Update RS (ms): Min: 0.0, Avg: 0.0, Max: 0.1, Diff: 0.1, Sum: 0.4]
         [Processed Buffers: Min: 0, Avg: 1.1, Max: 2, Diff: 2, Sum: 9]
      [Scan RS (ms): Min: 0.1, Avg: 0.1, Max: 0.2, Diff: 0.1, Sum: 1.0]
      [Code Root Scanning (ms): Min: 0.0, Avg: 0.0, Max: 0.0, Diff: 0.0, Sum: 0.0]
      [Object Copy (ms): Min: 36.6, Avg: 36.6, Max: 36.8, Diff: 0.2, Sum: 293.1]
      [Termination (ms): Min: 0.0, Avg: 0.2, Max: 0.2, Diff: 0.2, Sum: 1.3]
         [Termination Attempts: Min: 1, Avg: 1.0, Max: 1, Diff: 0, Sum: 8]
      [GC Worker Other (ms): Min: 0.0, Avg: 0.1, Max: 0.2, Diff: 0.2, Sum: 0.4]
      [GC Worker Total (ms): Min: 36.9, Avg: 37.1, Max: 37.3, Diff: 0.4, Sum: 296.7]
      [GC Worker End (ms): Min: 36648.5, Avg: 36648.5, Max: 36648.6, Diff: 0.2]
   [Code Root Fixup: 0.0 ms]
   [Code Root Purge: 0.0 ms]
   [Clear CT: 1.2 ms]
   [Other: 3.9 ms]
      [Choose CSet: 0.0 ms]
      [Ref Proc: 1.9 ms]
      [Ref Enq: 0.0 ms]
      [Redirty Cards: 1.3 ms]
      [Humongous Register: 0.0 ms]
      [Humongous Reclaim: 0.0 ms]
      [Free CSet: 0.5 ms]
   [Eden: 1698.0M(1698.0M)->0.0B(1602.0M) Survivors: 256.0M->246.0M Heap: 3309.8M(4096.0M)->1719.9M(4096.0M)]
 [Times: user=0.31 sys=0.00, real=0.05 secs] 
2021-01-22T00:38:00.589+0800: 36.853: [GC pause (G1 Evacuation Pause) (young), 0.0436305 secs]
   [Parallel Time: 39.8 ms, GC Workers: 8]
      [GC Worker Start (ms): Min: 36853.5, Avg: 36853.7, Max: 36853.8, Diff: 0.3]
      [Ext Root Scanning (ms): Min: 0.0, Avg: 0.1, Max: 0.2, Diff: 0.2, Sum: 0.5]
      [Update RS (ms): Min: 0.0, Avg: 0.3, Max: 2.1, Diff: 2.1, Sum: 2.5]
         [Processed Buffers: Min: 0, Avg: 1.1, Max: 2, Diff: 2, Sum: 9]
      [Scan RS (ms): Min: 0.1, Avg: 0.2, Max: 0.9, Diff: 0.8, Sum: 1.8]
      [Code Root Scanning (ms): Min: 0.0, Avg: 0.0, Max: 0.0, Diff: 0.0, Sum: 0.0]
      [Object Copy (ms): Min: 34.8, Avg: 37.4, Max: 38.8, Diff: 4.0, Sum: 299.3]
      [Termination (ms): Min: 0.0, Avg: 1.0, Max: 1.3, Diff: 1.3, Sum: 8.1]
         [Termination Attempts: Min: 1, Avg: 1.1, Max: 2, Diff: 1, Sum: 9]
      [GC Worker Other (ms): Min: 0.0, Avg: 0.1, Max: 0.2, Diff: 0.2, Sum: 0.6]
      [GC Worker Total (ms): Min: 38.9, Avg: 39.1, Max: 39.3, Diff: 0.4, Sum: 312.9]
      [GC Worker End (ms): Min: 36892.7, Avg: 36892.8, Max: 36892.9, Diff: 0.2]
   [Code Root Fixup: 0.0 ms]
   [Code Root Purge: 0.0 ms]
   [Clear CT: 1.5 ms]
   [Other: 2.4 ms]
      [Choose CSet: 0.0 ms]
      [Ref Proc: 0.6 ms]
      [Ref Enq: 0.0 ms]
      [Redirty Cards: 1.1 ms]
      [Humongous Register: 0.1 ms]
      [Humongous Reclaim: 0.0 ms]
      [Free CSet: 0.4 ms]
   [Eden: 1602.0M(1602.0M)->0.0B(1484.0M) Survivors: 246.0M->232.0M Heap: 3321.9M(4096.0M)->1846.2M(4096.0M)]
 [Times: user=0.32 sys=0.00, real=0.04 secs] 
2021-01-22T00:38:00.827+0800: 37.091: [GC pause (G1 Evacuation Pause) (young), 0.0395048 secs]
   [Parallel Time: 35.8 ms, GC Workers: 8]
      [GC Worker Start (ms): Min: 37091.5, Avg: 37091.7, Max: 37091.9, Diff: 0.3]
      [Ext Root Scanning (ms): Min: 0.0, Avg: 0.1, Max: 0.2, Diff: 0.2, Sum: 0.5]
      [Update RS (ms): Min: 0.0, Avg: 0.1, Max: 0.1, Diff: 0.1, Sum: 0.5]
         [Processed Buffers: Min: 0, Avg: 1.1, Max: 2, Diff: 2, Sum: 9]
      [Scan RS (ms): Min: 0.1, Avg: 0.3, Max: 1.2, Diff: 1.1, Sum: 2.0]
      [Code Root Scanning (ms): Min: 0.0, Avg: 0.0, Max: 0.0, Diff: 0.0, Sum: 0.0]
      [Object Copy (ms): Min: 33.6, Avg: 34.6, Max: 34.8, Diff: 1.2, Sum: 276.7]
      [Termination (ms): Min: 0.0, Avg: 0.1, Max: 0.2, Diff: 0.2, Sum: 0.6]
         [Termination Attempts: Min: 1, Avg: 1.0, Max: 1, Diff: 0, Sum: 8]
      [GC Worker Other (ms): Min: 0.0, Avg: 0.0, Max: 0.1, Diff: 0.1, Sum: 0.3]
      [GC Worker Total (ms): Min: 34.9, Avg: 35.1, Max: 35.3, Diff: 0.4, Sum: 280.6]
      [GC Worker End (ms): Min: 37126.8, Avg: 37126.8, Max: 37126.9, Diff: 0.1]
   [Code Root Fixup: 0.0 ms]
   [Code Root Purge: 0.0 ms]
   [Clear CT: 1.3 ms]
   [Other: 2.4 ms]
      [Choose CSet: 0.0 ms]
      [Ref Proc: 0.7 ms]
      [Ref Enq: 0.0 ms]
      [Redirty Cards: 1.1 ms]
      [Humongous Register: 0.0 ms]
      [Humongous Reclaim: 0.0 ms]
      [Free CSet: 0.4 ms]
   [Eden: 1484.0M(1484.0M)->0.0B(1382.0M) Survivors: 232.0M->216.0M Heap: 3330.2M(4096.0M)->1966.0M(4096.0M)]
 [Times: user=0.29 sys=0.00, real=0.04 secs] 
2021-01-22T00:38:01.038+0800: 37.302: [GC pause (G1 Evacuation Pause) (young), 0.0376154 secs]
   [Parallel Time: 34.0 ms, GC Workers: 8]
      [GC Worker Start (ms): Min: 37302.0, Avg: 37302.2, Max: 37302.4, Diff: 0.4]
      [Ext Root Scanning (ms): Min: 0.0, Avg: 0.0, Max: 0.2, Diff: 0.2, Sum: 0.4]
      [Update RS (ms): Min: 0.0, Avg: 0.0, Max: 0.1, Diff: 0.1, Sum: 0.4]
         [Processed Buffers: Min: 0, Avg: 1.1, Max: 3, Diff: 3, Sum: 9]
      [Scan RS (ms): Min: 0.1, Avg: 0.1, Max: 0.1, Diff: 0.1, Sum: 0.8]
      [Code Root Scanning (ms): Min: 0.0, Avg: 0.0, Max: 0.0, Diff: 0.0, Sum: 0.0]
      [Object Copy (ms): Min: 30.8, Avg: 31.2, Max: 33.4, Diff: 2.6, Sum: 249.6]
      [Termination (ms): Min: 0.0, Avg: 2.3, Max: 2.6, Diff: 2.6, Sum: 18.0]
         [Termination Attempts: Min: 1, Avg: 1.0, Max: 1, Diff: 0, Sum: 8]
      [GC Worker Other (ms): Min: 0.0, Avg: 0.0, Max: 0.0, Diff: 0.0, Sum: 0.1]
      [GC Worker Total (ms): Min: 33.5, Avg: 33.7, Max: 33.9, Diff: 0.3, Sum: 269.4]
      [GC Worker End (ms): Min: 37335.9, Avg: 37335.9, Max: 37335.9, Diff: 0.0]
   [Code Root Fixup: 0.0 ms]
   [Code Root Purge: 0.0 ms]
   [Clear CT: 0.8 ms]
   [Other: 2.8 ms]
      [Choose CSet: 0.0 ms]
      [Ref Proc: 1.4 ms]
      [Ref Enq: 0.0 ms]
      [Redirty Cards: 0.8 ms]
      [Humongous Register: 0.0 ms]
      [Humongous Reclaim: 0.0 ms]
      [Free CSet: 0.4 ms]
   [Eden: 1382.0M(1382.0M)->0.0B(1280.0M) Survivors: 216.0M->200.0M Heap: 3348.0M(4096.0M)->2085.9M(4096.0M)]
 [Times: user=0.27 sys=0.00, real=0.04 secs] 
2021-01-22T00:38:01.242+0800: 37.506: [GC pause (G1 Evacuation Pause) (young) (initial-mark), 0.0451318 secs]
   [Parallel Time: 41.3 ms, GC Workers: 8]
      [GC Worker Start (ms): Min: 37506.0, Avg: 37506.1, Max: 37506.3, Diff: 0.3]
      [Ext Root Scanning (ms): Min: 0.0, Avg: 0.3, Max: 0.5, Diff: 0.5, Sum: 2.5]
      [Update RS (ms): Min: 0.0, Avg: 0.0, Max: 0.1, Diff: 0.1, Sum: 0.3]
         [Processed Buffers: Min: 0, Avg: 1.1, Max: 4, Diff: 4, Sum: 9]
      [Scan RS (ms): Min: 0.0, Avg: 1.3, Max: 9.9, Diff: 9.8, Sum: 10.4]
      [Code Root Scanning (ms): Min: 0.0, Avg: 0.0, Max: 0.0, Diff: 0.0, Sum: 0.0]
      [Object Copy (ms): Min: 26.6, Avg: 35.8, Max: 40.4, Diff: 13.7, Sum: 286.6]
      [Termination (ms): Min: 0.0, Avg: 3.3, Max: 4.0, Diff: 4.0, Sum: 26.6]
         [Termination Attempts: Min: 1, Avg: 1.1, Max: 2, Diff: 1, Sum: 9]
      [GC Worker Other (ms): Min: 0.0, Avg: 0.0, Max: 0.1, Diff: 0.1, Sum: 0.2]
      [GC Worker Total (ms): Min: 40.6, Avg: 40.8, Max: 41.0, Diff: 0.4, Sum: 326.7]
      [GC Worker End (ms): Min: 37546.9, Avg: 37547.0, Max: 37547.0, Diff: 0.1]
   [Code Root Fixup: 0.0 ms]
   [Code Root Purge: 0.0 ms]
   [Clear CT: 0.9 ms]
   [Other: 2.9 ms]
      [Choose CSet: 0.0 ms]
      [Ref Proc: 1.1 ms]
      [Ref Enq: 0.0 ms]
      [Redirty Cards: 0.8 ms]
      [Humongous Register: 0.0 ms]
      [Humongous Reclaim: 0.0 ms]
      [Free CSet: 0.7 ms]
   [Eden: 1280.0M(1280.0M)->0.0B(1158.0M) Survivors: 200.0M->186.0M Heap: 3365.9M(4096.0M)->2225.7M(4096.0M)]
 [Times: user=0.34 sys=0.00, real=0.04 secs] 
2021-01-22T00:38:01.288+0800: 37.552: [GC concurrent-root-region-scan-start]
2021-01-22T00:38:01.288+0800: 37.552: [GC concurrent-root-region-scan-end, 0.0002940 secs]
2021-01-22T00:38:01.288+0800: 37.552: [GC concurrent-mark-start]
2021-01-22T00:38:01.294+0800: 37.558: [GC concurrent-mark-end, 0.0059196 secs]
2021-01-22T00:38:01.294+0800: 37.558: [GC remark 2021-01-22T00:38:01.295+0800: 37.559: [Finalize Marking, 0.0012142 secs] 2021-01-22T00:38:01.296+0800: 37.560: [GC ref-proc, 0.0003372 secs] 2021-01-22T00:38:01.297+0800: 37.561: [Unloading, 0.0008611 secs], 0.0039727 secs]
 [Times: user=0.01 sys=0.00, real=0.01 secs] 
2021-01-22T00:38:01.299+0800: 37.563: [GC cleanup 2275M->665M(4096M), 0.0029855 secs]
 [Times: user=0.02 sys=0.00, real=0.00 secs] 
2021-01-22T00:38:01.303+0800: 37.566: [GC concurrent-cleanup-start]
2021-01-22T00:38:01.306+0800: 37.570: [GC concurrent-cleanup-end, 0.0031406 secs]
2021-01-22T00:38:01.447+0800: 37.711: [GC pause (G1 Evacuation Pause) (young), 0.0405472 secs]
   [Parallel Time: 37.8 ms, GC Workers: 8]
      [GC Worker Start (ms): Min: 37711.3, Avg: 37711.5, Max: 37711.7, Diff: 0.3]
      [Ext Root Scanning (ms): Min: 0.0, Avg: 0.1, Max: 0.2, Diff: 0.2, Sum: 0.5]
      [Update RS (ms): Min: 0.0, Avg: 0.1, Max: 0.1, Diff: 0.1, Sum: 0.6]
         [Processed Buffers: Min: 0, Avg: 1.1, Max: 2, Diff: 2, Sum: 9]
      [Scan RS (ms): Min: 0.1, Avg: 0.1, Max: 0.1, Diff: 0.0, Sum: 0.6]
      [Code Root Scanning (ms): Min: 0.0, Avg: 0.0, Max: 0.0, Diff: 0.0, Sum: 0.0]
      [Object Copy (ms): Min: 35.2, Avg: 35.5, Max: 36.7, Diff: 1.5, Sum: 283.9]
      [Termination (ms): Min: 0.0, Avg: 1.3, Max: 1.5, Diff: 1.5, Sum: 10.2]
         [Termination Attempts: Min: 1, Avg: 1.0, Max: 1, Diff: 0, Sum: 8]
      [GC Worker Other (ms): Min: 0.0, Avg: 0.0, Max: 0.1, Diff: 0.1, Sum: 0.2]
      [GC Worker Total (ms): Min: 36.9, Avg: 37.0, Max: 37.2, Diff: 0.3, Sum: 296.1]
      [GC Worker End (ms): Min: 37748.5, Avg: 37748.5, Max: 37748.5, Diff: 0.1]
   [Code Root Fixup: 0.0 ms]
   [Code Root Purge: 0.0 ms]
   [Clear CT: 0.7 ms]
   [Other: 2.0 ms]
      [Choose CSet: 0.0 ms]
      [Ref Proc: 0.5 ms]
      [Ref Enq: 0.0 ms]
      [Redirty Cards: 0.9 ms]
      [Humongous Register: 0.0 ms]
      [Humongous Reclaim: 0.0 ms]
      [Free CSet: 0.3 ms]
   [Eden: 1158.0M(1158.0M)->0.0B(36864.0K) Survivors: 186.0M->168.0M Heap: 1773.7M(4096.0M)->767.2M(4096.0M)]
 [Times: user=0.29 sys=0.01, real=0.05 secs] 
2021-01-22T00:38:01.492+0800: 37.756: [GC pause (G1 Evacuation Pause) (mixed), 0.0260842 secs]
   [Parallel Time: 21.9 ms, GC Workers: 8]
      [GC Worker Start (ms): Min: 37756.4, Avg: 37756.5, Max: 37756.8, Diff: 0.4]
      [Ext Root Scanning (ms): Min: 0.0, Avg: 0.1, Max: 0.2, Diff: 0.2, Sum: 0.6]
      [Update RS (ms): Min: 0.0, Avg: 0.1, Max: 0.1, Diff: 0.1, Sum: 0.4]
         [Processed Buffers: Min: 0, Avg: 1.1, Max: 2, Diff: 2, Sum: 9]
      [Scan RS (ms): Min: 0.0, Avg: 0.0, Max: 0.0, Diff: 0.0, Sum: 0.2]
      [Code Root Scanning (ms): Min: 0.0, Avg: 0.0, Max: 0.0, Diff: 0.0, Sum: 0.0]
      [Object Copy (ms): Min: 16.7, Avg: 17.4, Max: 21.3, Diff: 4.6, Sum: 139.5]
      [Termination (ms): Min: 0.0, Avg: 3.9, Max: 4.5, Diff: 4.5, Sum: 31.0]
         [Termination Attempts: Min: 1, Avg: 1.0, Max: 1, Diff: 0, Sum: 8]
      [GC Worker Other (ms): Min: 0.0, Avg: 0.0, Max: 0.0, Diff: 0.0, Sum: 0.1]
      [GC Worker Total (ms): Min: 21.2, Avg: 21.5, Max: 21.6, Diff: 0.4, Sum: 171.7]
      [GC Worker End (ms): Min: 37778.0, Avg: 37778.0, Max: 37778.0, Diff: 0.0]
   [Code Root Fixup: 0.0 ms]
   [Code Root Purge: 0.0 ms]
   [Clear CT: 0.6 ms]
   [Other: 3.6 ms]
      [Choose CSet: 0.0 ms]
      [Ref Proc: 2.7 ms]
      [Ref Enq: 0.0 ms]
      [Redirty Cards: 0.5 ms]
      [Humongous Register: 0.0 ms]
      [Humongous Reclaim: 0.0 ms]
      [Free CSet: 0.1 ms]
   [Eden: 36864.0K(36864.0K)->0.0B(2432.0M) Survivors: 168.0M->12288.0K Heap: 803.2M(4096.0M)->745.3M(4096.0M)]
 [Times: user=0.19 sys=0.02, real=0.03 secs] 
2021-01-22T00:38:01.823+0800: 38.087: [GC pause (G1 Evacuation Pause) (young), 0.0448268 secs]
   [Parallel Time: 41.6 ms, GC Workers: 8]
      [GC Worker Start (ms): Min: 38087.2, Avg: 38087.3, Max: 38087.5, Diff: 0.3]
      [Ext Root Scanning (ms): Min: 0.0, Avg: 0.1, Max: 0.2, Diff: 0.2, Sum: 0.5]
      [Update RS (ms): Min: 0.0, Avg: 0.1, Max: 0.1, Diff: 0.1, Sum: 0.5]
         [Processed Buffers: Min: 0, Avg: 1.1, Max: 2, Diff: 2, Sum: 9]
      [Scan RS (ms): Min: 0.1, Avg: 0.2, Max: 0.2, Diff: 0.1, Sum: 1.4]
      [Code Root Scanning (ms): Min: 0.0, Avg: 0.0, Max: 0.0, Diff: 0.0, Sum: 0.0]
      [Object Copy (ms): Min: 38.5, Avg: 39.0, Max: 40.5, Diff: 2.0, Sum: 312.1]
      [Termination (ms): Min: 0.0, Avg: 1.5, Max: 2.1, Diff: 2.1, Sum: 11.7]
         [Termination Attempts: Min: 1, Avg: 1.0, Max: 1, Diff: 0, Sum: 8]
      [GC Worker Other (ms): Min: 0.0, Avg: 0.0, Max: 0.1, Diff: 0.1, Sum: 0.4]
      [GC Worker Total (ms): Min: 40.7, Avg: 40.8, Max: 41.1, Diff: 0.4, Sum: 326.7]
      [GC Worker End (ms): Min: 38128.1, Avg: 38128.2, Max: 38128.3, Diff: 0.1]
   [Code Root Fixup: 0.0 ms]
   [Code Root Purge: 0.0 ms]
   [Clear CT: 0.8 ms]
   [Other: 2.5 ms]
      [Choose CSet: 0.0 ms]
      [Ref Proc: 0.5 ms]
      [Ref Enq: 0.0 ms]
      [Redirty Cards: 0.8 ms]
      [Humongous Register: 0.1 ms]
      [Humongous Reclaim: 0.0 ms]
      [Free CSet: 0.9 ms]
   [Eden: 2432.0M(2432.0M)->0.0B(2140.0M) Survivors: 12288.0K->306.0M Heap: 3177.3M(4096.0M)->1092.0M(4096.0M)]
 [Times: user=0.32 sys=0.00, real=0.05 secs] 
2021-01-22T00:38:02.134+0800: 38.398: [GC pause (G1 Evacuation Pause) (young), 0.0405898 secs]
   [Parallel Time: 38.4 ms, GC Workers: 8]
      [GC Worker Start (ms): Min: 38398.7, Avg: 38399.0, Max: 38399.2, Diff: 0.5]
      [Ext Root Scanning (ms): Min: 0.0, Avg: 0.2, Max: 0.4, Diff: 0.4, Sum: 1.3]
      [Update RS (ms): Min: 0.0, Avg: 0.1, Max: 0.3, Diff: 0.3, Sum: 1.1]
         [Processed Buffers: Min: 0, Avg: 1.1, Max: 2, Diff: 2, Sum: 9]
      [Scan RS (ms): Min: 0.1, Avg: 0.3, Max: 0.7, Diff: 0.5, Sum: 2.8]
      [Code Root Scanning (ms): Min: 0.0, Avg: 0.0, Max: 0.0, Diff: 0.0, Sum: 0.0]
      [Object Copy (ms): Min: 33.7, Avg: 34.5, Max: 37.2, Diff: 3.5, Sum: 276.1]
      [Termination (ms): Min: 0.0, Avg: 2.6, Max: 3.3, Diff: 3.3, Sum: 21.1]
         [Termination Attempts: Min: 1, Avg: 1.0, Max: 1, Diff: 0, Sum: 8]
      [GC Worker Other (ms): Min: 0.0, Avg: 0.0, Max: 0.0, Diff: 0.0, Sum: 0.2]
      [GC Worker Total (ms): Min: 37.5, Avg: 37.8, Max: 38.1, Diff: 0.5, Sum: 302.5]
      [GC Worker End (ms): Min: 38436.8, Avg: 38436.8, Max: 38436.8, Diff: 0.1]
   [Code Root Fixup: 0.0 ms]
   [Code Root Purge: 0.0 ms]
   [Clear CT: 0.5 ms]
   [Other: 1.7 ms]
      [Choose CSet: 0.0 ms]
      [Ref Proc: 0.5 ms]
      [Ref Enq: 0.0 ms]
      [Redirty Cards: 0.4 ms]
      [Humongous Register: 0.1 ms]
      [Humongous Reclaim: 0.0 ms]
      [Free CSet: 0.5 ms]
   [Eden: 2140.0M(2140.0M)->0.0B(2104.0M) Survivors: 306.0M->306.0M Heap: 3232.0M(4096.0M)->1147.2M(4096.0M)]
 [Times: user=0.31 sys=0.00, real=0.04 secs] 
2021-01-22T00:38:02.443+0800: 38.707: [GC pause (G1 Evacuation Pause) (young), 0.0451761 secs]
   [Parallel Time: 39.9 ms, GC Workers: 8]
      [GC Worker Start (ms): Min: 38707.3, Avg: 38707.5, Max: 38707.6, Diff: 0.4]
      [Ext Root Scanning (ms): Min: 0.0, Avg: 0.0, Max: 0.2, Diff: 0.2, Sum: 0.4]
      [Update RS (ms): Min: 0.0, Avg: 0.0, Max: 0.1, Diff: 0.1, Sum: 0.4]
         [Processed Buffers: Min: 0, Avg: 1.1, Max: 3, Diff: 3, Sum: 9]
      [Scan RS (ms): Min: 0.1, Avg: 0.2, Max: 0.2, Diff: 0.1, Sum: 1.3]
      [Code Root Scanning (ms): Min: 0.0, Avg: 0.0, Max: 0.0, Diff: 0.0, Sum: 0.0]
      [Object Copy (ms): Min: 38.8, Avg: 38.8, Max: 38.9, Diff: 0.1, Sum: 310.5]
      [Termination (ms): Min: 0.0, Avg: 0.1, Max: 0.2, Diff: 0.2, Sum: 0.5]
         [Termination Attempts: Min: 1, Avg: 1.4, Max: 2, Diff: 1, Sum: 11]
      [GC Worker Other (ms): Min: 0.0, Avg: 0.2, Max: 0.3, Diff: 0.3, Sum: 1.2]
      [GC Worker Total (ms): Min: 39.1, Avg: 39.3, Max: 39.6, Diff: 0.5, Sum: 314.3]
      [GC Worker End (ms): Min: 38746.6, Avg: 38746.8, Max: 38746.9, Diff: 0.3]
   [Code Root Fixup: 0.0 ms]
   [Code Root Purge: 0.0 ms]
   [Clear CT: 1.5 ms]
   [Other: 3.7 ms]
      [Choose CSet: 0.0 ms]
      [Ref Proc: 0.8 ms]
      [Ref Enq: 0.0 ms]
      [Redirty Cards: 1.7 ms]
      [Humongous Register: 0.1 ms]
      [Humongous Reclaim: 0.0 ms]
      [Free CSet: 1.0 ms]
   [Eden: 2104.0M(2104.0M)->0.0B(2044.0M) Survivors: 306.0M->302.0M Heap: 3251.2M(4096.0M)->1221.5M(4096.0M)]
 [Times: user=0.33 sys=0.00, real=0.05 secs] 
2021-01-22T00:38:02.730+0800: 38.994: [GC pause (G1 Evacuation Pause) (young), 0.0404111 secs]
   [Parallel Time: 37.2 ms, GC Workers: 8]
      [GC Worker Start (ms): Min: 38994.4, Avg: 38994.8, Max: 38995.1, Diff: 0.6]
      [Ext Root Scanning (ms): Min: 0.0, Avg: 0.1, Max: 0.3, Diff: 0.3, Sum: 0.6]
      [Update RS (ms): Min: 0.0, Avg: 0.1, Max: 0.2, Diff: 0.2, Sum: 0.5]
         [Processed Buffers: Min: 0, Avg: 1.1, Max: 3, Diff: 3, Sum: 9]
      [Scan RS (ms): Min: 0.1, Avg: 0.4, Max: 2.3, Diff: 2.2, Sum: 3.4]
      [Code Root Scanning (ms): Min: 0.0, Avg: 0.0, Max: 0.0, Diff: 0.0, Sum: 0.0]
      [Object Copy (ms): Min: 33.6, Avg: 35.5, Max: 35.8, Diff: 2.2, Sum: 283.9]
      [Termination (ms): Min: 0.0, Avg: 0.1, Max: 0.1, Diff: 0.1, Sum: 0.6]
         [Termination Attempts: Min: 1, Avg: 1.1, Max: 2, Diff: 1, Sum: 9]
      [GC Worker Other (ms): Min: 0.0, Avg: 0.1, Max: 0.3, Diff: 0.3, Sum: 0.9]
      [GC Worker Total (ms): Min: 35.9, Avg: 36.2, Max: 36.8, Diff: 0.9, Sum: 290.0]
      [GC Worker End (ms): Min: 39030.9, Avg: 39031.0, Max: 39031.2, Diff: 0.3]
   [Code Root Fixup: 0.0 ms]
   [Code Root Purge: 0.0 ms]
   [Clear CT: 0.9 ms]
   [Other: 2.3 ms]
      [Choose CSet: 0.0 ms]
      [Ref Proc: 0.6 ms]
      [Ref Enq: 0.0 ms]
      [Redirty Cards: 1.1 ms]
      [Humongous Register: 0.0 ms]
      [Humongous Reclaim: 0.0 ms]
      [Free CSet: 0.4 ms]
   [Eden: 2044.0M(2044.0M)->0.0B(1962.0M) Survivors: 302.0M->294.0M Heap: 3265.5M(4096.0M)->1312.8M(4096.0M)]
 [Times: user=0.28 sys=0.01, real=0.04 secs] 
2021-01-22T00:38:02.993+0800: 39.257: [GC pause (G1 Evacuation Pause) (young), 0.0396367 secs]
   [Parallel Time: 35.6 ms, GC Workers: 8]
      [GC Worker Start (ms): Min: 39257.0, Avg: 39257.3, Max: 39257.4, Diff: 0.4]
      [Ext Root Scanning (ms): Min: 0.0, Avg: 0.1, Max: 0.3, Diff: 0.3, Sum: 0.5]
      [Update RS (ms): Min: 0.0, Avg: 0.1, Max: 0.1, Diff: 0.1, Sum: 0.4]
         [Processed Buffers: Min: 0, Avg: 1.1, Max: 3, Diff: 3, Sum: 9]
      [Scan RS (ms): Min: 0.1, Avg: 0.2, Max: 0.2, Diff: 0.1, Sum: 1.3]
      [Code Root Scanning (ms): Min: 0.0, Avg: 0.0, Max: 0.0, Diff: 0.0, Sum: 0.0]
      [Object Copy (ms): Min: 34.2, Avg: 34.3, Max: 34.4, Diff: 0.1, Sum: 274.5]
      [Termination (ms): Min: 0.0, Avg: 0.1, Max: 0.1, Diff: 0.1, Sum: 0.7]
         [Termination Attempts: Min: 1, Avg: 1.0, Max: 1, Diff: 0, Sum: 8]
      [GC Worker Other (ms): Min: 0.0, Avg: 0.0, Max: 0.1, Diff: 0.1, Sum: 0.3]
      [GC Worker Total (ms): Min: 34.6, Avg: 34.7, Max: 34.9, Diff: 0.4, Sum: 277.7]
      [GC Worker End (ms): Min: 39291.9, Avg: 39292.0, Max: 39292.1, Diff: 0.1]
   [Code Root Fixup: 0.0 ms]
   [Code Root Purge: 0.0 ms]
   [Clear CT: 1.0 ms]
   [Other: 3.0 ms]
      [Choose CSet: 0.0 ms]
      [Ref Proc: 1.3 ms]
      [Ref Enq: 0.0 ms]
      [Redirty Cards: 1.0 ms]
      [Humongous Register: 0.0 ms]
      [Humongous Reclaim: 0.0 ms]
      [Free CSet: 0.6 ms]
   [Eden: 1962.0M(1962.0M)->0.0B(1892.0M) Survivors: 294.0M->282.0M Heap: 3274.8M(4096.0M)->1394.5M(4096.0M)]
 [Times: user=0.26 sys=0.02, real=0.04 secs] 
2021-01-22T00:38:03.257+0800: 39.521: [GC pause (G1 Evacuation Pause) (young), 0.0519817 secs]
   [Parallel Time: 42.4 ms, GC Workers: 8]
      [GC Worker Start (ms): Min: 39520.8, Avg: 39521.0, Max: 39521.2, Diff: 0.4]
      [Ext Root Scanning (ms): Min: 0.0, Avg: 0.1, Max: 0.2, Diff: 0.2, Sum: 0.5]
      [Update RS (ms): Min: 0.0, Avg: 0.1, Max: 0.1, Diff: 0.1, Sum: 0.4]
         [Processed Buffers: Min: 0, Avg: 1.1, Max: 2, Diff: 2, Sum: 9]
      [Scan RS (ms): Min: 0.1, Avg: 0.1, Max: 0.2, Diff: 0.1, Sum: 1.2]
      [Code Root Scanning (ms): Min: 0.0, Avg: 0.0, Max: 0.0, Diff: 0.0, Sum: 0.0]
      [Object Copy (ms): Min: 36.5, Avg: 37.2, Max: 41.7, Diff: 5.2, Sum: 297.4]
      [Termination (ms): Min: 0.0, Avg: 4.5, Max: 5.2, Diff: 5.2, Sum: 36.0]
         [Termination Attempts: Min: 1, Avg: 1.0, Max: 1, Diff: 0, Sum: 8]
      [GC Worker Other (ms): Min: 0.0, Avg: 0.0, Max: 0.1, Diff: 0.1, Sum: 0.3]
      [GC Worker Total (ms): Min: 41.8, Avg: 42.0, Max: 42.2, Diff: 0.4, Sum: 335.8]
      [GC Worker End (ms): Min: 39562.9, Avg: 39563.0, Max: 39563.0, Diff: 0.1]
   [Code Root Fixup: 0.0 ms]
   [Code Root Purge: 0.0 ms]
   [Clear CT: 0.8 ms]
   [Other: 8.7 ms]
      [Choose CSet: 0.0 ms]
      [Ref Proc: 7.0 ms]
      [Ref Enq: 0.0 ms]
      [Redirty Cards: 0.9 ms]
      [Humongous Register: 0.1 ms]
      [Humongous Reclaim: 0.0 ms]
      [Free CSet: 0.6 ms]
   [Eden: 1892.0M(1892.0M)->0.0B(1804.0M) Survivors: 282.0M->272.0M Heap: 3286.5M(4096.0M)->1488.1M(4096.0M)]
 [Times: user=0.38 sys=0.00, real=0.06 secs] 
2021-01-22T00:38:03.534+0800: 39.798: [GC pause (G1 Evacuation Pause) (young), 0.0470992 secs]
   [Parallel Time: 42.1 ms, GC Workers: 8]
      [GC Worker Start (ms): Min: 39798.1, Avg: 39798.5, Max: 39798.7, Diff: 0.6]
      [Ext Root Scanning (ms): Min: 0.0, Avg: 0.2, Max: 0.4, Diff: 0.4, Sum: 1.3]
      [Update RS (ms): Min: 0.1, Avg: 0.6, Max: 3.6, Diff: 3.6, Sum: 4.8]
         [Processed Buffers: Min: 0, Avg: 1.1, Max: 2, Diff: 2, Sum: 9]
      [Scan RS (ms): Min: 0.1, Avg: 0.2, Max: 0.7, Diff: 0.7, Sum: 1.8]
      [Code Root Scanning (ms): Min: 0.0, Avg: 0.0, Max: 0.0, Diff: 0.0, Sum: 0.0]
      [Object Copy (ms): Min: 36.2, Avg: 39.6, Max: 40.1, Diff: 3.9, Sum: 316.5]
      [Termination (ms): Min: 0.0, Avg: 0.2, Max: 0.3, Diff: 0.3, Sum: 1.4]
         [Termination Attempts: Min: 1, Avg: 1.0, Max: 1, Diff: 0, Sum: 8]
      [GC Worker Other (ms): Min: 0.0, Avg: 0.2, Max: 0.5, Diff: 0.4, Sum: 1.5]
      [GC Worker Total (ms): Min: 40.6, Avg: 40.9, Max: 41.2, Diff: 0.7, Sum: 327.3]
      [GC Worker End (ms): Min: 39839.2, Avg: 39839.4, Max: 39839.7, Diff: 0.4]
   [Code Root Fixup: 0.0 ms]
   [Code Root Purge: 0.0 ms]
   [Clear CT: 1.0 ms]
   [Other: 4.0 ms]
      [Choose CSet: 0.1 ms]
      [Ref Proc: 1.0 ms]
      [Ref Enq: 0.0 ms]
      [Redirty Cards: 1.9 ms]
      [Humongous Register: 0.2 ms]
      [Humongous Reclaim: 0.0 ms]
      [Free CSet: 0.6 ms]
   [Eden: 1804.0M(1804.0M)->0.0B(1686.0M) Survivors: 272.0M->260.0M Heap: 3292.1M(4096.0M)->1614.6M(4096.0M)]
 [Times: user=0.33 sys=0.00, real=0.05 secs] 
2021-01-22T00:38:03.784+0800: 40.048: [GC pause (G1 Evacuation Pause) (young), 0.0386153 secs]
   [Parallel Time: 34.1 ms, GC Workers: 8]
      [GC Worker Start (ms): Min: 40048.0, Avg: 40048.2, Max: 40048.3, Diff: 0.4]
      [Ext Root Scanning (ms): Min: 0.0, Avg: 0.1, Max: 0.3, Diff: 0.3, Sum: 0.6]
      [Update RS (ms): Min: 0.0, Avg: 0.1, Max: 0.2, Diff: 0.2, Sum: 0.4]
         [Processed Buffers: Min: 0, Avg: 1.1, Max: 3, Diff: 3, Sum: 9]
      [Scan RS (ms): Min: 0.1, Avg: 0.1, Max: 0.2, Diff: 0.1, Sum: 1.1]
      [Code Root Scanning (ms): Min: 0.0, Avg: 0.0, Max: 0.0, Diff: 0.0, Sum: 0.0]
      [Object Copy (ms): Min: 32.5, Avg: 32.6, Max: 33.2, Diff: 0.8, Sum: 261.0]
      [Termination (ms): Min: 0.0, Avg: 0.6, Max: 0.8, Diff: 0.8, Sum: 4.9]
         [Termination Attempts: Min: 1, Avg: 1.2, Max: 3, Diff: 2, Sum: 10]
      [GC Worker Other (ms): Min: 0.0, Avg: 0.0, Max: 0.1, Diff: 0.1, Sum: 0.3]
      [GC Worker Total (ms): Min: 33.4, Avg: 33.5, Max: 33.7, Diff: 0.4, Sum: 268.2]
      [GC Worker End (ms): Min: 40081.7, Avg: 40081.7, Max: 40081.8, Diff: 0.1]
   [Code Root Fixup: 0.0 ms]
   [Code Root Purge: 0.0 ms]
   [Clear CT: 1.0 ms]
   [Other: 3.5 ms]
      [Choose CSet: 0.0 ms]
      [Ref Proc: 0.9 ms]
      [Ref Enq: 0.0 ms]
      [Redirty Cards: 2.0 ms]
      [Humongous Register: 0.1 ms]
      [Humongous Reclaim: 0.0 ms]
      [Free CSet: 0.4 ms]
   [Eden: 1686.0M(1686.0M)->0.0B(1596.0M) Survivors: 260.0M->244.0M Heap: 3300.6M(4096.0M)->1718.0M(4096.0M)]
 [Times: user=0.28 sys=0.00, real=0.04 secs] 
2021-01-22T00:38:04.013+0800: 40.277: [GC pause (G1 Evacuation Pause) (young), 0.0409664 secs]
   [Parallel Time: 37.3 ms, GC Workers: 8]
      [GC Worker Start (ms): Min: 40277.2, Avg: 40277.4, Max: 40277.5, Diff: 0.3]
      [Ext Root Scanning (ms): Min: 0.0, Avg: 0.1, Max: 0.2, Diff: 0.2, Sum: 0.5]
      [Update RS (ms): Min: 0.0, Avg: 0.1, Max: 0.1, Diff: 0.1, Sum: 0.4]
         [Processed Buffers: Min: 0, Avg: 1.1, Max: 2, Diff: 2, Sum: 9]
      [Scan RS (ms): Min: 0.1, Avg: 0.1, Max: 0.1, Diff: 0.1, Sum: 1.0]
      [Code Root Scanning (ms): Min: 0.0, Avg: 0.0, Max: 0.0, Diff: 0.0, Sum: 0.0]
      [Object Copy (ms): Min: 35.9, Avg: 35.9, Max: 36.0, Diff: 0.1, Sum: 287.5]
      [Termination (ms): Min: 0.0, Avg: 0.1, Max: 0.1, Diff: 0.1, Sum: 0.6]
         [Termination Attempts: Min: 1, Avg: 1.0, Max: 1, Diff: 0, Sum: 8]
      [GC Worker Other (ms): Min: 0.0, Avg: 0.1, Max: 0.2, Diff: 0.2, Sum: 0.4]
      [GC Worker Total (ms): Min: 36.1, Avg: 36.3, Max: 36.5, Diff: 0.3, Sum: 290.4]
      [GC Worker End (ms): Min: 40313.6, Avg: 40313.7, Max: 40313.8, Diff: 0.2]
   [Code Root Fixup: 0.0 ms]
   [Code Root Purge: 0.0 ms]
   [Clear CT: 1.1 ms]
   [Other: 2.5 ms]
      [Choose CSet: 0.0 ms]
      [Ref Proc: 0.9 ms]
      [Ref Enq: 0.0 ms]
      [Redirty Cards: 1.2 ms]
      [Humongous Register: 0.1 ms]
      [Humongous Reclaim: 0.0 ms]
      [Free CSet: 0.3 ms]
   [Eden: 1596.0M(1596.0M)->0.0B(1474.0M) Survivors: 244.0M->230.0M Heap: 3314.0M(4096.0M)->1851.9M(4096.0M)]
 [Times: user=0.30 sys=0.00, real=0.04 secs] 
2021-01-22T00:38:04.221+0800: 40.485: [GC pause (G1 Evacuation Pause) (young), 0.0395872 secs]
   [Parallel Time: 35.9 ms, GC Workers: 8]
      [GC Worker Start (ms): Min: 40485.2, Avg: 40485.5, Max: 40485.6, Diff: 0.4]
      [Ext Root Scanning (ms): Min: 0.0, Avg: 0.1, Max: 0.2, Diff: 0.2, Sum: 0.4]
      [Update RS (ms): Min: 0.0, Avg: 0.0, Max: 0.1, Diff: 0.1, Sum: 0.3]
         [Processed Buffers: Min: 0, Avg: 1.1, Max: 2, Diff: 2, Sum: 9]
      [Scan RS (ms): Min: 0.1, Avg: 0.1, Max: 0.1, Diff: 0.1, Sum: 0.9]
      [Code Root Scanning (ms): Min: 0.0, Avg: 0.0, Max: 0.0, Diff: 0.0, Sum: 0.0]
      [Object Copy (ms): Min: 34.5, Avg: 34.5, Max: 34.6, Diff: 0.1, Sum: 276.2]
      [Termination (ms): Min: 0.0, Avg: 0.1, Max: 0.1, Diff: 0.1, Sum: 0.7]
         [Termination Attempts: Min: 1, Avg: 1.0, Max: 1, Diff: 0, Sum: 8]
      [GC Worker Other (ms): Min: 0.0, Avg: 0.1, Max: 0.2, Diff: 0.2, Sum: 0.4]
      [GC Worker Total (ms): Min: 34.7, Avg: 34.9, Max: 35.2, Diff: 0.5, Sum: 279.0]
      [GC Worker End (ms): Min: 40520.3, Avg: 40520.3, Max: 40520.5, Diff: 0.2]
   [Code Root Fixup: 0.0 ms]
   [Code Root Purge: 0.0 ms]
   [Clear CT: 1.0 ms]
   [Other: 2.7 ms]
      [Choose CSet: 0.0 ms]
      [Ref Proc: 0.6 ms]
      [Ref Enq: 0.0 ms]
      [Redirty Cards: 1.6 ms]
      [Humongous Register: 0.0 ms]
      [Humongous Reclaim: 0.0 ms]
      [Free CSet: 0.3 ms]
   [Eden: 1474.0M(1474.0M)->0.0B(1350.0M) Survivors: 230.0M->214.0M Heap: 3325.9M(4096.0M)->1989.7M(4096.0M)]
 [Times: user=0.28 sys=0.01, real=0.04 secs] 
2021-01-22T00:38:04.418+0800: 40.682: [GC pause (G1 Evacuation Pause) (young), 0.0381303 secs]
   [Parallel Time: 33.7 ms, GC Workers: 8]
      [GC Worker Start (ms): Min: 40681.8, Avg: 40682.1, Max: 40682.6, Diff: 0.8]
      [Ext Root Scanning (ms): Min: 0.0, Avg: 0.1, Max: 0.2, Diff: 0.2, Sum: 0.6]
      [Update RS (ms): Min: 0.0, Avg: 0.7, Max: 5.0, Diff: 5.0, Sum: 5.9]
         [Processed Buffers: Min: 0, Avg: 1.1, Max: 2, Diff: 2, Sum: 9]
      [Scan RS (ms): Min: 0.1, Avg: 0.1, Max: 0.4, Diff: 0.3, Sum: 1.1]
      [Code Root Scanning (ms): Min: 0.0, Avg: 0.0, Max: 0.0, Diff: 0.0, Sum: 0.0]
      [Object Copy (ms): Min: 26.2, Avg: 30.7, Max: 31.9, Diff: 5.7, Sum: 245.9]
      [Termination (ms): Min: 0.0, Avg: 0.9, Max: 1.1, Diff: 1.1, Sum: 7.0]
         [Termination Attempts: Min: 1, Avg: 1.0, Max: 1, Diff: 0, Sum: 8]
      [GC Worker Other (ms): Min: 0.0, Avg: 0.2, Max: 0.3, Diff: 0.3, Sum: 1.3]
      [GC Worker Total (ms): Min: 32.3, Avg: 32.7, Max: 33.0, Diff: 0.7, Sum: 261.9]
      [GC Worker End (ms): Min: 40714.7, Avg: 40714.8, Max: 40715.0, Diff: 0.3]
   [Code Root Fixup: 0.0 ms]
   [Code Root Purge: 0.0 ms]
   [Clear CT: 0.7 ms]
   [Other: 3.7 ms]
      [Choose CSet: 0.0 ms]
      [Ref Proc: 2.3 ms]
      [Ref Enq: 0.0 ms]
      [Redirty Cards: 1.0 ms]
      [Humongous Register: 0.1 ms]
      [Humongous Reclaim: 0.0 ms]
      [Free CSet: 0.3 ms]
   [Eden: 1350.0M(1350.0M)->0.0B(1238.0M) Survivors: 214.0M->196.0M Heap: 3339.7M(4096.0M)->2120.6M(4096.0M)]
 [Times: user=0.25 sys=0.01, real=0.04 secs] 
2021-01-22T00:38:04.599+0800: 40.863: [GC pause (G1 Evacuation Pause) (young) (initial-mark), 0.0366885 secs]
   [Parallel Time: 31.1 ms, GC Workers: 8]
      [GC Worker Start (ms): Min: 40863.2, Avg: 40863.4, Max: 40863.6, Diff: 0.4]
      [Ext Root Scanning (ms): Min: 0.0, Avg: 0.4, Max: 0.6, Diff: 0.6, Sum: 3.3]
      [Update RS (ms): Min: 0.0, Avg: 0.0, Max: 0.2, Diff: 0.2, Sum: 0.3]
         [Processed Buffers: Min: 0, Avg: 1.1, Max: 4, Diff: 4, Sum: 9]
      [Scan RS (ms): Min: 0.0, Avg: 0.1, Max: 0.1, Diff: 0.1, Sum: 0.6]
      [Code Root Scanning (ms): Min: 0.0, Avg: 0.0, Max: 0.0, Diff: 0.0, Sum: 0.0]
      [Object Copy (ms): Min: 30.1, Avg: 30.1, Max: 30.2, Diff: 0.1, Sum: 240.7]
      [Termination (ms): Min: 0.0, Avg: 0.1, Max: 0.2, Diff: 0.2, Sum: 0.8]
         [Termination Attempts: Min: 1, Avg: 1.5, Max: 2, Diff: 1, Sum: 12]
      [GC Worker Other (ms): Min: 0.0, Avg: 0.0, Max: 0.0, Diff: 0.0, Sum: 0.1]
      [GC Worker Total (ms): Min: 30.5, Avg: 30.7, Max: 30.9, Diff: 0.4, Sum: 245.9]
      [GC Worker End (ms): Min: 40894.1, Avg: 40894.1, Max: 40894.2, Diff: 0.0]
   [Code Root Fixup: 0.0 ms]
   [Code Root Purge: 0.0 ms]
   [Clear CT: 1.6 ms]
   [Other: 4.0 ms]
      [Choose CSet: 0.0 ms]
      [Ref Proc: 2.0 ms]
      [Ref Enq: 0.0 ms]
      [Redirty Cards: 1.4 ms]
      [Humongous Register: 0.0 ms]
      [Humongous Reclaim: 0.0 ms]
      [Free CSet: 0.4 ms]
   [Eden: 1238.0M(1238.0M)->0.0B(1104.0M) Survivors: 196.0M->180.0M Heap: 3358.6M(4096.0M)->2272.7M(4096.0M)]
 [Times: user=0.26 sys=0.00, real=0.03 secs] 
2021-01-22T00:38:04.637+0800: 40.901: [GC concurrent-root-region-scan-start]
2021-01-22T00:38:04.637+0800: 40.901: [GC concurrent-root-region-scan-end, 0.0003516 secs]
2021-01-22T00:38:04.637+0800: 40.901: [GC concurrent-mark-start]
2021-01-22T00:38:04.642+0800: 40.906: [GC concurrent-mark-end, 0.0046665 secs]
2021-01-22T00:38:04.642+0800: 40.906: [GC remark 2021-01-22T00:38:04.643+0800: 40.907: [Finalize Marking, 0.0010198 secs] 2021-01-22T00:38:04.644+0800: 40.908: [GC ref-proc, 0.0006927 secs] 2021-01-22T00:38:04.645+0800: 40.909: [Unloading, 0.0018248 secs], 0.0064304 secs]
 [Times: user=0.01 sys=0.00, real=0.01 secs] 
2021-01-22T00:38:04.650+0800: 40.914: [GC cleanup 2309M->673M(4096M), 0.0046346 secs]
 [Times: user=0.02 sys=0.00, real=0.00 secs] 
2021-01-22T00:38:04.655+0800: 40.919: [GC concurrent-cleanup-start]
2021-01-22T00:38:04.656+0800: 40.920: [GC concurrent-cleanup-end, 0.0012509 secs]
2021-01-22T00:38:04.777+0800: 41.041: [GC pause (G1 Evacuation Pause) (young), 0.0347480 secs]
   [Parallel Time: 31.5 ms, GC Workers: 8]
      [GC Worker Start (ms): Min: 41041.2, Avg: 41041.4, Max: 41041.5, Diff: 0.3]
      [Ext Root Scanning (ms): Min: 0.0, Avg: 0.1, Max: 0.2, Diff: 0.2, Sum: 0.5]
      [Update RS (ms): Min: 0.0, Avg: 0.1, Max: 0.1, Diff: 0.1, Sum: 0.5]
         [Processed Buffers: Min: 0, Avg: 1.1, Max: 2, Diff: 2, Sum: 9]
      [Scan RS (ms): Min: 0.0, Avg: 0.1, Max: 0.1, Diff: 0.1, Sum: 0.6]
      [Code Root Scanning (ms): Min: 0.0, Avg: 0.0, Max: 0.0, Diff: 0.0, Sum: 0.0]
      [Object Copy (ms): Min: 30.2, Avg: 30.4, Max: 30.4, Diff: 0.2, Sum: 242.9]
      [Termination (ms): Min: 0.0, Avg: 0.1, Max: 0.2, Diff: 0.2, Sum: 0.7]
         [Termination Attempts: Min: 1, Avg: 1.0, Max: 1, Diff: 0, Sum: 8]
      [GC Worker Other (ms): Min: 0.0, Avg: 0.0, Max: 0.0, Diff: 0.0, Sum: 0.1]
      [GC Worker Total (ms): Min: 30.5, Avg: 30.7, Max: 30.8, Diff: 0.3, Sum: 245.4]
      [GC Worker End (ms): Min: 41072.0, Avg: 41072.0, Max: 41072.0, Diff: 0.0]
   [Code Root Fixup: 0.0 ms]
   [Code Root Purge: 0.0 ms]
   [Clear CT: 1.0 ms]
   [Other: 2.2 ms]
      [Choose CSet: 0.0 ms]
      [Ref Proc: 0.5 ms]
      [Ref Enq: 0.0 ms]
      [Redirty Cards: 1.2 ms]
      [Humongous Register: 0.0 ms]
      [Humongous Reclaim: 0.0 ms]
      [Free CSet: 0.3 ms]
   [Eden: 1104.0M(1104.0M)->0.0B(43008.0K) Survivors: 180.0M->162.0M Heap: 1740.7M(4096.0M)->786.5M(4096.0M)]
 [Times: user=0.26 sys=0.00, real=0.04 secs] 
2021-01-22T00:38:04.819+0800: 41.082: [GC pause (G1 Evacuation Pause) (mixed), 0.0194329 secs]
   [Parallel Time: 16.5 ms, GC Workers: 8]
      [GC Worker Start (ms): Min: 41082.6, Avg: 41082.8, Max: 41082.9, Diff: 0.3]
      [Ext Root Scanning (ms): Min: 0.0, Avg: 0.1, Max: 0.2, Diff: 0.2, Sum: 0.5]
      [Update RS (ms): Min: 0.0, Avg: 0.0, Max: 0.1, Diff: 0.1, Sum: 0.4]
         [Processed Buffers: Min: 0, Avg: 1.1, Max: 2, Diff: 2, Sum: 9]
      [Scan RS (ms): Min: 0.0, Avg: 0.0, Max: 0.0, Diff: 0.0, Sum: 0.2]
      [Code Root Scanning (ms): Min: 0.0, Avg: 0.0, Max: 0.0, Diff: 0.0, Sum: 0.0]
      [Object Copy (ms): Min: 14.6, Avg: 14.8, Max: 15.5, Diff: 0.9, Sum: 118.2]
      [Termination (ms): Min: 0.0, Avg: 0.8, Max: 0.9, Diff: 0.9, Sum: 6.3]
         [Termination Attempts: Min: 1, Avg: 1.1, Max: 2, Diff: 1, Sum: 9]
      [GC Worker Other (ms): Min: 0.0, Avg: 0.0, Max: 0.0, Diff: 0.0, Sum: 0.1]
      [GC Worker Total (ms): Min: 15.5, Avg: 15.7, Max: 15.9, Diff: 0.4, Sum: 125.6]
      [GC Worker End (ms): Min: 41098.5, Avg: 41098.5, Max: 41098.5, Diff: 0.1]
   [Code Root Fixup: 0.0 ms]
   [Code Root Purge: 0.0 ms]
   [Clear CT: 1.0 ms]
   [Other: 1.9 ms]
      [Choose CSet: 0.0 ms]
      [Ref Proc: 0.6 ms]
      [Ref Enq: 0.0 ms]
      [Redirty Cards: 0.8 ms]
      [Humongous Register: 0.0 ms]
      [Humongous Reclaim: 0.0 ms]
      [Free CSet: 0.1 ms]
   [Eden: 43008.0K(43008.0K)->0.0B(2330.0M) Survivors: 162.0M->14336.0K Heap: 828.5M(4096.0M)->757.7M(4096.0M)]
 [Times: user=0.14 sys=0.00, real=0.02 secs] 
2021-01-22T00:38:05.100+0800: 41.364: [GC pause (G1 Evacuation Pause) (young), 0.0382134 secs]
   [Parallel Time: 34.8 ms, GC Workers: 8]
      [GC Worker Start (ms): Min: 41364.0, Avg: 41364.2, Max: 41364.4, Diff: 0.4]
      [Ext Root Scanning (ms): Min: 0.0, Avg: 0.1, Max: 0.2, Diff: 0.2, Sum: 0.5]
      [Update RS (ms): Min: 0.0, Avg: 0.1, Max: 0.2, Diff: 0.2, Sum: 0.6]
         [Processed Buffers: Min: 0, Avg: 1.1, Max: 3, Diff: 3, Sum: 9]
      [Scan RS (ms): Min: 0.1, Avg: 0.2, Max: 0.2, Diff: 0.1, Sum: 1.4]
      [Code Root Scanning (ms): Min: 0.0, Avg: 0.0, Max: 0.0, Diff: 0.0, Sum: 0.0]
      [Object Copy (ms): Min: 31.3, Avg: 31.7, Max: 33.5, Diff: 2.2, Sum: 253.2]
      [Termination (ms): Min: 0.0, Avg: 1.9, Max: 2.3, Diff: 2.3, Sum: 15.3]
         [Termination Attempts: Min: 1, Avg: 1.0, Max: 1, Diff: 0, Sum: 8]
      [GC Worker Other (ms): Min: 0.0, Avg: 0.0, Max: 0.0, Diff: 0.0, Sum: 0.1]
      [GC Worker Total (ms): Min: 33.7, Avg: 33.9, Max: 34.1, Diff: 0.4, Sum: 271.0]
      [GC Worker End (ms): Min: 41398.1, Avg: 41398.1, Max: 41398.2, Diff: 0.1]
   [Code Root Fixup: 0.0 ms]
   [Code Root Purge: 0.0 ms]
   [Clear CT: 0.9 ms]
   [Other: 2.4 ms]
      [Choose CSet: 0.0 ms]
      [Ref Proc: 0.9 ms]
      [Ref Enq: 0.0 ms]
      [Redirty Cards: 0.9 ms]
      [Humongous Register: 0.0 ms]
      [Humongous Reclaim: 0.0 ms]
      [Free CSet: 0.5 ms]
   [Eden: 2330.0M(2330.0M)->0.0B(2078.0M) Survivors: 14336.0K->294.0M Heap: 3087.7M(4096.0M)->1103.2M(4096.0M)]
 [Times: user=0.28 sys=0.00, real=0.04 secs] 
2021-01-22T00:38:05.376+0800: 41.640: [GC pause (G1 Evacuation Pause) (young), 0.0380333 secs]
   [Parallel Time: 34.5 ms, GC Workers: 8]
      [GC Worker Start (ms): Min: 41639.9, Avg: 41640.1, Max: 41640.3, Diff: 0.3]
      [Ext Root Scanning (ms): Min: 0.0, Avg: 0.1, Max: 0.2, Diff: 0.2, Sum: 0.6]
      [Update RS (ms): Min: 0.0, Avg: 0.1, Max: 0.1, Diff: 0.1, Sum: 0.6]
         [Processed Buffers: Min: 0, Avg: 1.1, Max: 2, Diff: 2, Sum: 9]
      [Scan RS (ms): Min: 0.1, Avg: 0.2, Max: 0.2, Diff: 0.1, Sum: 1.3]
      [Code Root Scanning (ms): Min: 0.0, Avg: 0.0, Max: 0.0, Diff: 0.0, Sum: 0.0]
      [Object Copy (ms): Min: 33.1, Avg: 33.2, Max: 33.2, Diff: 0.1, Sum: 265.2]
      [Termination (ms): Min: 0.0, Avg: 0.1, Max: 0.1, Diff: 0.1, Sum: 0.6]
         [Termination Attempts: Min: 1, Avg: 1.0, Max: 1, Diff: 0, Sum: 8]
      [GC Worker Other (ms): Min: 0.0, Avg: 0.1, Max: 0.2, Diff: 0.2, Sum: 0.6]
      [GC Worker Total (ms): Min: 33.4, Avg: 33.6, Max: 33.8, Diff: 0.4, Sum: 269.0]
      [GC Worker End (ms): Min: 41673.7, Avg: 41673.7, Max: 41673.9, Diff: 0.2]
   [Code Root Fixup: 0.0 ms]
   [Code Root Purge: 0.0 ms]
   [Clear CT: 1.1 ms]
   [Other: 2.5 ms]
      [Choose CSet: 0.0 ms]
      [Ref Proc: 0.8 ms]
      [Ref Enq: 0.0 ms]
      [Redirty Cards: 1.0 ms]
      [Humongous Register: 0.0 ms]
      [Humongous Reclaim: 0.0 ms]
      [Free CSet: 0.5 ms]
   [Eden: 2078.0M(2078.0M)->0.0B(2032.0M) Survivors: 294.0M->298.0M Heap: 3181.2M(4096.0M)->1181.6M(4096.0M)]
 [Times: user=0.28 sys=0.00, real=0.04 secs] 
2021-01-22T00:38:05.656+0800: 41.920: [GC pause (G1 Evacuation Pause) (young), 0.0407234 secs]
   [Parallel Time: 36.7 ms, GC Workers: 8]
      [GC Worker Start (ms): Min: 41920.6, Avg: 41920.8, Max: 41920.9, Diff: 0.4]
      [Ext Root Scanning (ms): Min: 0.0, Avg: 0.1, Max: 0.3, Diff: 0.3, Sum: 0.7]
      [Update RS (ms): Min: 0.0, Avg: 0.1, Max: 0.2, Diff: 0.2, Sum: 0.4]
         [Processed Buffers: Min: 0, Avg: 1.1, Max: 2, Diff: 2, Sum: 9]
      [Scan RS (ms): Min: 0.1, Avg: 0.2, Max: 0.2, Diff: 0.1, Sum: 1.3]
      [Code Root Scanning (ms): Min: 0.0, Avg: 0.0, Max: 0.0, Diff: 0.0, Sum: 0.0]
      [Object Copy (ms): Min: 35.1, Avg: 35.2, Max: 35.2, Diff: 0.1, Sum: 281.2]
      [Termination (ms): Min: 0.0, Avg: 0.1, Max: 0.1, Diff: 0.1, Sum: 0.5]
         [Termination Attempts: Min: 1, Avg: 1.1, Max: 2, Diff: 1, Sum: 9]
      [GC Worker Other (ms): Min: 0.0, Avg: 0.1, Max: 0.3, Diff: 0.3, Sum: 0.9]
      [GC Worker Total (ms): Min: 35.4, Avg: 35.6, Max: 35.9, Diff: 0.6, Sum: 285.1]
      [GC Worker End (ms): Min: 41956.3, Avg: 41956.4, Max: 41956.6, Diff: 0.3]
   [Code Root Fixup: 0.0 ms]
   [Code Root Purge: 0.0 ms]
   [Clear CT: 0.8 ms]
   [Other: 3.2 ms]
      [Choose CSet: 0.0 ms]
      [Ref Proc: 0.9 ms]
      [Ref Enq: 0.0 ms]
      [Redirty Cards: 1.4 ms]
      [Humongous Register: 0.1 ms]
      [Humongous Reclaim: 0.0 ms]
      [Free CSet: 0.7 ms]
   [Eden: 2032.0M(2032.0M)->0.0B(1956.0M) Survivors: 298.0M->292.0M Heap: 3213.6M(4096.0M)->1283.8M(4096.0M)]
 [Times: user=0.30 sys=0.00, real=0.04 secs] 
2021-01-22T00:38:05.922+0800: 42.186: [GC pause (G1 Evacuation Pause) (young), 0.0413632 secs]
   [Parallel Time: 37.5 ms, GC Workers: 8]
      [GC Worker Start (ms): Min: 42186.1, Avg: 42186.3, Max: 42186.5, Diff: 0.4]
      [Ext Root Scanning (ms): Min: 0.0, Avg: 0.1, Max: 0.2, Diff: 0.2, Sum: 0.4]
      [Update RS (ms): Min: 0.0, Avg: 0.0, Max: 0.1, Diff: 0.1, Sum: 0.3]
         [Processed Buffers: Min: 0, Avg: 1.1, Max: 2, Diff: 2, Sum: 9]
      [Scan RS (ms): Min: 0.1, Avg: 0.2, Max: 0.2, Diff: 0.1, Sum: 1.2]
      [Code Root Scanning (ms): Min: 0.0, Avg: 0.0, Max: 0.0, Diff: 0.0, Sum: 0.0]
      [Object Copy (ms): Min: 36.1, Avg: 36.2, Max: 36.3, Diff: 0.2, Sum: 289.7]
      [Termination (ms): Min: 0.0, Avg: 0.1, Max: 0.2, Diff: 0.2, Sum: 0.8]
         [Termination Attempts: Min: 1, Avg: 1.0, Max: 1, Diff: 0, Sum: 8]
      [GC Worker Other (ms): Min: 0.0, Avg: 0.0, Max: 0.1, Diff: 0.1, Sum: 0.2]
      [GC Worker Total (ms): Min: 36.4, Avg: 36.6, Max: 36.8, Diff: 0.4, Sum: 292.8]
      [GC Worker End (ms): Min: 42222.9, Avg: 42222.9, Max: 42223.0, Diff: 0.1]
   [Code Root Fixup: 0.0 ms]
   [Code Root Purge: 0.0 ms]
   [Clear CT: 0.8 ms]
   [Other: 3.1 ms]
      [Choose CSet: 0.0 ms]
      [Ref Proc: 0.9 ms]
      [Ref Enq: 0.0 ms]
      [Redirty Cards: 1.4 ms]
      [Humongous Register: 0.0 ms]
      [Humongous Reclaim: 0.0 ms]
      [Free CSet: 0.7 ms]
   [Eden: 1956.0M(1956.0M)->0.0B(1870.0M) Survivors: 292.0M->282.0M Heap: 3239.8M(4096.0M)->1387.1M(4096.0M)]
 [Times: user=0.30 sys=0.00, real=0.04 secs] 
2021-01-22T00:38:06.189+0800: 42.453: [GC pause (G1 Evacuation Pause) (young), 0.0405731 secs]
   [Parallel Time: 36.2 ms, GC Workers: 8]
      [GC Worker Start (ms): Min: 42453.4, Avg: 42453.7, Max: 42453.9, Diff: 0.4]
      [Ext Root Scanning (ms): Min: 0.0, Avg: 0.1, Max: 0.2, Diff: 0.2, Sum: 0.4]
      [Update RS (ms): Min: 0.0, Avg: 0.0, Max: 0.1, Diff: 0.1, Sum: 0.4]
         [Processed Buffers: Min: 0, Avg: 1.1, Max: 2, Diff: 2, Sum: 9]
      [Scan RS (ms): Min: 0.1, Avg: 0.2, Max: 0.2, Diff: 0.1, Sum: 1.3]
      [Code Root Scanning (ms): Min: 0.0, Avg: 0.0, Max: 0.0, Diff: 0.0, Sum: 0.1]
      [Object Copy (ms): Min: 34.7, Avg: 34.8, Max: 34.9, Diff: 0.2, Sum: 278.5]
      [Termination (ms): Min: 0.0, Avg: 0.1, Max: 0.2, Diff: 0.2, Sum: 0.6]
         [Termination Attempts: Min: 1, Avg: 1.0, Max: 1, Diff: 0, Sum: 8]
      [GC Worker Other (ms): Min: 0.0, Avg: 0.0, Max: 0.0, Diff: 0.0, Sum: 0.1]
      [GC Worker Total (ms): Min: 35.0, Avg: 35.2, Max: 35.4, Diff: 0.4, Sum: 281.4]
      [GC Worker End (ms): Min: 42488.8, Avg: 42488.9, Max: 42488.9, Diff: 0.1]
   [Code Root Fixup: 0.0 ms]
   [Code Root Purge: 0.0 ms]
   [Clear CT: 1.8 ms]
   [Other: 2.6 ms]
      [Choose CSet: 0.0 ms]
      [Ref Proc: 0.7 ms]
      [Ref Enq: 0.0 ms]
      [Redirty Cards: 1.2 ms]
      [Humongous Register: 0.0 ms]
      [Humongous Reclaim: 0.0 ms]
      [Free CSet: 0.5 ms]
   [Eden: 1870.0M(1870.0M)->0.0B(1806.0M) Survivors: 282.0M->270.0M Heap: 3257.1M(4096.0M)->1472.7M(4096.0M)]
 [Times: user=0.29 sys=0.00, real=0.04 secs] 
2021-01-22T00:38:06.441+0800: 42.705: [GC pause (G1 Evacuation Pause) (young), 0.0503428 secs]
   [Parallel Time: 45.2 ms, GC Workers: 8]
      [GC Worker Start (ms): Min: 42705.0, Avg: 42705.2, Max: 42705.4, Diff: 0.4]
      [Ext Root Scanning (ms): Min: 0.0, Avg: 0.0, Max: 0.2, Diff: 0.2, Sum: 0.4]
      [Update RS (ms): Min: 0.0, Avg: 0.1, Max: 0.2, Diff: 0.2, Sum: 0.4]
         [Processed Buffers: Min: 0, Avg: 1.1, Max: 3, Diff: 3, Sum: 9]
      [Scan RS (ms): Min: 0.1, Avg: 0.2, Max: 0.2, Diff: 0.1, Sum: 1.2]
      [Code Root Scanning (ms): Min: 0.0, Avg: 0.0, Max: 0.0, Diff: 0.0, Sum: 0.0]
      [Object Copy (ms): Min: 35.1, Avg: 36.3, Max: 44.0, Diff: 9.0, Sum: 290.5]
      [Termination (ms): Min: 0.0, Avg: 7.7, Max: 9.0, Diff: 9.0, Sum: 61.9]
         [Termination Attempts: Min: 1, Avg: 1.5, Max: 2, Diff: 1, Sum: 12]
      [GC Worker Other (ms): Min: 0.0, Avg: 0.1, Max: 0.2, Diff: 0.2, Sum: 0.5]
      [GC Worker Total (ms): Min: 44.2, Avg: 44.4, Max: 44.6, Diff: 0.4, Sum: 354.9]
      [GC Worker End (ms): Min: 42749.5, Avg: 42749.6, Max: 42749.7, Diff: 0.2]
   [Code Root Fixup: 0.0 ms]
   [Code Root Purge: 0.0 ms]
   [Clear CT: 1.3 ms]
   [Other: 3.9 ms]
      [Choose CSet: 0.0 ms]
      [Ref Proc: 1.4 ms]
      [Ref Enq: 0.0 ms]
      [Redirty Cards: 1.7 ms]
      [Humongous Register: 0.0 ms]
      [Humongous Reclaim: 0.0 ms]
      [Free CSet: 0.6 ms]
   [Eden: 1806.0M(1806.0M)->0.0B(1714.0M) Survivors: 270.0M->260.0M Heap: 3278.7M(4096.0M)->1579.4M(4096.0M)]
 [Times: user=0.34 sys=0.01, real=0.05 secs] 
2021-01-22T00:38:06.691+0800: 42.955: [GC pause (G1 Evacuation Pause) (young), 0.0437175 secs]
   [Parallel Time: 35.7 ms, GC Workers: 8]
      [GC Worker Start (ms): Min: 42955.5, Avg: 42955.7, Max: 42955.9, Diff: 0.4]
      [Ext Root Scanning (ms): Min: 0.0, Avg: 0.1, Max: 0.3, Diff: 0.3, Sum: 0.6]
      [Update RS (ms): Min: 0.0, Avg: 0.1, Max: 0.1, Diff: 0.1, Sum: 0.4]
         [Processed Buffers: Min: 0, Avg: 1.1, Max: 2, Diff: 2, Sum: 9]
      [Scan RS (ms): Min: 0.1, Avg: 0.2, Max: 0.2, Diff: 0.0, Sum: 1.2]
      [Code Root Scanning (ms): Min: 0.0, Avg: 0.0, Max: 0.0, Diff: 0.0, Sum: 0.1]
      [Object Copy (ms): Min: 34.4, Avg: 34.5, Max: 34.7, Diff: 0.2, Sum: 276.1]
      [Termination (ms): Min: 0.0, Avg: 0.2, Max: 0.4, Diff: 0.4, Sum: 1.6]
         [Termination Attempts: Min: 1, Avg: 1.0, Max: 1, Diff: 0, Sum: 8]
      [GC Worker Other (ms): Min: 0.0, Avg: 0.0, Max: 0.2, Diff: 0.2, Sum: 0.4]
      [GC Worker Total (ms): Min: 34.8, Avg: 35.0, Max: 35.2, Diff: 0.4, Sum: 280.3]
      [GC Worker End (ms): Min: 42990.7, Avg: 42990.8, Max: 42990.9, Diff: 0.2]
   [Code Root Fixup: 0.0 ms]
   [Code Root Purge: 0.0 ms]
   [Clear CT: 0.7 ms]
   [Other: 7.3 ms]
      [Choose CSet: 0.0 ms]
      [Ref Proc: 5.1 ms]
      [Ref Enq: 0.0 ms]
      [Redirty Cards: 1.2 ms]
      [Humongous Register: 0.0 ms]
      [Humongous Reclaim: 0.0 ms]
      [Free CSet: 0.8 ms]
   [Eden: 1714.0M(1714.0M)->0.0B(1622.0M) Survivors: 260.0M->248.0M Heap: 3293.4M(4096.0M)->1687.2M(4096.0M)]
 [Times: user=0.32 sys=0.01, real=0.04 secs] 
2021-01-22T00:38:06.921+0800: 43.185: [GC pause (G1 Evacuation Pause) (young), 0.0396405 secs]
   [Parallel Time: 36.1 ms, GC Workers: 8]
      [GC Worker Start (ms): Min: 43184.7, Avg: 43184.9, Max: 43185.1, Diff: 0.4]
      [Ext Root Scanning (ms): Min: 0.0, Avg: 0.1, Max: 0.2, Diff: 0.2, Sum: 0.4]
      [Update RS (ms): Min: 0.0, Avg: 0.0, Max: 0.1, Diff: 0.1, Sum: 0.4]
         [Processed Buffers: Min: 0, Avg: 1.1, Max: 3, Diff: 3, Sum: 9]
      [Scan RS (ms): Min: 0.1, Avg: 0.1, Max: 0.2, Diff: 0.1, Sum: 1.0]
      [Code Root Scanning (ms): Min: 0.0, Avg: 0.0, Max: 0.0, Diff: 0.0, Sum: 0.0]
      [Object Copy (ms): Min: 34.6, Avg: 34.7, Max: 35.0, Diff: 0.4, Sum: 277.7]
      [Termination (ms): Min: 0.0, Avg: 0.3, Max: 0.5, Diff: 0.5, Sum: 2.5]
         [Termination Attempts: Min: 1, Avg: 1.0, Max: 1, Diff: 0, Sum: 8]
      [GC Worker Other (ms): Min: 0.0, Avg: 0.0, Max: 0.1, Diff: 0.1, Sum: 0.3]
      [GC Worker Total (ms): Min: 35.2, Avg: 35.3, Max: 35.5, Diff: 0.3, Sum: 282.4]
      [GC Worker End (ms): Min: 43220.1, Avg: 43220.2, Max: 43220.3, Diff: 0.1]
   [Code Root Fixup: 0.0 ms]
   [Code Root Purge: 0.0 ms]
   [Clear CT: 0.8 ms]
   [Other: 2.6 ms]
      [Choose CSet: 0.0 ms]
      [Ref Proc: 0.8 ms]
      [Ref Enq: 0.0 ms]
      [Redirty Cards: 1.3 ms]
      [Humongous Register: 0.0 ms]
      [Humongous Reclaim: 0.0 ms]
      [Free CSet: 0.4 ms]
   [Eden: 1622.0M(1622.0M)->0.0B(1514.0M) Survivors: 248.0M->234.0M Heap: 3309.2M(4096.0M)->1805.8M(4096.0M)]
 [Times: user=0.28 sys=0.01, real=0.04 secs] 
2021-01-22T00:38:07.137+0800: 43.401: [GC pause (G1 Evacuation Pause) (young), 0.0372965 secs]
   [Parallel Time: 33.8 ms, GC Workers: 8]
      [GC Worker Start (ms): Min: 43401.5, Avg: 43401.7, Max: 43401.9, Diff: 0.4]
      [Ext Root Scanning (ms): Min: 0.0, Avg: 0.1, Max: 0.2, Diff: 0.2, Sum: 0.5]
      [Update RS (ms): Min: 0.0, Avg: 0.1, Max: 0.1, Diff: 0.1, Sum: 0.6]
         [Processed Buffers: Min: 0, Avg: 1.1, Max: 3, Diff: 3, Sum: 9]
      [Scan RS (ms): Min: 0.1, Avg: 0.1, Max: 0.1, Diff: 0.0, Sum: 1.0]
      [Code Root Scanning (ms): Min: 0.0, Avg: 0.0, Max: 0.0, Diff: 0.0, Sum: 0.0]
      [Object Copy (ms): Min: 32.2, Avg: 32.3, Max: 32.5, Diff: 0.4, Sum: 258.2]
      [Termination (ms): Min: 0.0, Avg: 0.3, Max: 0.4, Diff: 0.4, Sum: 2.2]
         [Termination Attempts: Min: 1, Avg: 1.0, Max: 1, Diff: 0, Sum: 8]
      [GC Worker Other (ms): Min: 0.0, Avg: 0.0, Max: 0.1, Diff: 0.1, Sum: 0.3]
      [GC Worker Total (ms): Min: 32.7, Avg: 32.8, Max: 33.0, Diff: 0.4, Sum: 262.8]
      [GC Worker End (ms): Min: 43434.5, Avg: 43434.6, Max: 43434.6, Diff: 0.1]
   [Code Root Fixup: 0.0 ms]
   [Code Root Purge: 0.0 ms]
   [Clear CT: 1.0 ms]
   [Other: 2.5 ms]
      [Choose CSet: 0.0 ms]
      [Ref Proc: 0.7 ms]
      [Ref Enq: 0.0 ms]
      [Redirty Cards: 1.2 ms]
      [Humongous Register: 0.1 ms]
      [Humongous Reclaim: 0.0 ms]
      [Free CSet: 0.4 ms]
   [Eden: 1514.0M(1514.0M)->0.0B(1412.0M) Survivors: 234.0M->220.0M Heap: 3319.8M(4096.0M)->1923.6M(4096.0M)]
 [Times: user=0.27 sys=0.00, real=0.04 secs] 
2021-01-22T00:38:07.342+0800: 43.606: [GC pause (G1 Evacuation Pause) (young), 0.0399466 secs]
   [Parallel Time: 35.8 ms, GC Workers: 8]
      [GC Worker Start (ms): Min: 43606.5, Avg: 43606.7, Max: 43606.9, Diff: 0.4]
      [Ext Root Scanning (ms): Min: 0.0, Avg: 0.1, Max: 0.2, Diff: 0.2, Sum: 0.5]
      [Update RS (ms): Min: 0.0, Avg: 0.1, Max: 0.1, Diff: 0.1, Sum: 0.5]
         [Processed Buffers: Min: 0, Avg: 1.1, Max: 2, Diff: 2, Sum: 9]
      [Scan RS (ms): Min: 0.1, Avg: 0.1, Max: 0.1, Diff: 0.1, Sum: 0.8]
      [Code Root Scanning (ms): Min: 0.0, Avg: 0.0, Max: 0.0, Diff: 0.0, Sum: 0.0]
      [Object Copy (ms): Min: 34.3, Avg: 34.3, Max: 34.4, Diff: 0.1, Sum: 274.7]
      [Termination (ms): Min: 0.0, Avg: 0.1, Max: 0.1, Diff: 0.1, Sum: 0.5]
         [Termination Attempts: Min: 1, Avg: 1.4, Max: 2, Diff: 1, Sum: 11]
      [GC Worker Other (ms): Min: 0.0, Avg: 0.0, Max: 0.1, Diff: 0.0, Sum: 0.2]
      [GC Worker Total (ms): Min: 34.5, Avg: 34.6, Max: 34.9, Diff: 0.3, Sum: 277.2]
      [GC Worker End (ms): Min: 43641.3, Avg: 43641.4, Max: 43641.4, Diff: 0.1]
   [Code Root Fixup: 0.0 ms]
   [Code Root Purge: 0.0 ms]
   [Clear CT: 1.0 ms]
   [Other: 3.1 ms]
      [Choose CSet: 0.0 ms]
      [Ref Proc: 1.3 ms]
      [Ref Enq: 0.0 ms]
      [Redirty Cards: 1.3 ms]
      [Humongous Register: 0.1 ms]
      [Humongous Reclaim: 0.0 ms]
      [Free CSet: 0.3 ms]
   [Eden: 1412.0M(1412.0M)->0.0B(1302.0M) Survivors: 220.0M->204.0M Heap: 3335.6M(4096.0M)->2048.5M(4096.0M)]
 [Times: user=0.28 sys=0.01, real=0.04 secs] 
2021-01-22T00:38:07.535+0800: 43.799: [GC pause (G1 Evacuation Pause) (young) (initial-mark), 0.0370499 secs]
   [Parallel Time: 32.8 ms, GC Workers: 8]
      [GC Worker Start (ms): Min: 43799.2, Avg: 43799.5, Max: 43799.7, Diff: 0.5]
      [Ext Root Scanning (ms): Min: 0.0, Avg: 0.5, Max: 0.8, Diff: 0.7, Sum: 3.6]
      [Update RS (ms): Min: 0.0, Avg: 0.0, Max: 0.2, Diff: 0.2, Sum: 0.3]
         [Processed Buffers: Min: 0, Avg: 1.1, Max: 5, Diff: 5, Sum: 9]
      [Scan RS (ms): Min: 0.0, Avg: 0.1, Max: 0.1, Diff: 0.1, Sum: 0.6]
      [Code Root Scanning (ms): Min: 0.0, Avg: 0.0, Max: 0.0, Diff: 0.0, Sum: 0.0]
      [Object Copy (ms): Min: 31.0, Avg: 31.1, Max: 31.1, Diff: 0.1, Sum: 248.5]
      [Termination (ms): Min: 0.0, Avg: 0.1, Max: 0.2, Diff: 0.2, Sum: 0.9]
         [Termination Attempts: Min: 1, Avg: 1.1, Max: 2, Diff: 1, Sum: 9]
      [GC Worker Other (ms): Min: 0.0, Avg: 0.1, Max: 0.3, Diff: 0.3, Sum: 0.8]
      [GC Worker Total (ms): Min: 31.5, Avg: 31.9, Max: 32.2, Diff: 0.7, Sum: 254.9]
      [GC Worker End (ms): Min: 43831.3, Avg: 43831.4, Max: 43831.6, Diff: 0.3]
   [Code Root Fixup: 0.0 ms]
   [Code Root Purge: 0.0 ms]
   [Clear CT: 1.1 ms]
   [Other: 3.1 ms]
      [Choose CSet: 0.0 ms]
      [Ref Proc: 1.1 ms]
      [Ref Enq: 0.0 ms]
      [Redirty Cards: 1.5 ms]
      [Humongous Register: 0.0 ms]
      [Humongous Reclaim: 0.0 ms]
      [Free CSet: 0.3 ms]
   [Eden: 1302.0M(1302.0M)->0.0B(1172.0M) Survivors: 204.0M->190.0M Heap: 3350.5M(4096.0M)->2198.7M(4096.0M)]
 [Times: user=0.26 sys=0.00, real=0.04 secs] 
2021-01-22T00:38:07.573+0800: 43.837: [GC concurrent-root-region-scan-start]
2021-01-22T00:38:07.573+0800: 43.837: [GC concurrent-root-region-scan-end, 0.0003822 secs]
2021-01-22T00:38:07.573+0800: 43.837: [GC concurrent-mark-start]
2021-01-22T00:38:07.579+0800: 43.843: [GC concurrent-mark-end, 0.0056315 secs]
2021-01-22T00:38:07.579+0800: 43.843: [GC remark 2021-01-22T00:38:07.580+0800: 43.844: [Finalize Marking, 0.0017919 secs] 2021-01-22T00:38:07.582+0800: 43.846: [GC ref-proc, 0.0005991 secs] 2021-01-22T00:38:07.583+0800: 43.847: [Unloading, 0.0016643 secs], 0.0069902 secs]
 [Times: user=0.01 sys=0.00, real=0.00 secs] 
2021-01-22T00:38:07.587+0800: 43.851: [GC cleanup 2245M->679M(4096M), 0.0040884 secs]
 [Times: user=0.01 sys=0.01, real=0.01 secs] 
2021-01-22T00:38:07.592+0800: 43.856: [GC concurrent-cleanup-start]
2021-01-22T00:38:07.593+0800: 43.857: [GC concurrent-cleanup-end, 0.0010273 secs]
2021-01-22T00:38:07.726+0800: 43.990: [GC pause (G1 Evacuation Pause) (young), 0.0364788 secs]
   [Parallel Time: 32.3 ms, GC Workers: 8]
      [GC Worker Start (ms): Min: 43990.4, Avg: 43990.6, Max: 43990.8, Diff: 0.4]
      [Ext Root Scanning (ms): Min: 0.0, Avg: 0.1, Max: 0.3, Diff: 0.3, Sum: 0.6]
      [Update RS (ms): Min: 0.0, Avg: 0.1, Max: 0.1, Diff: 0.1, Sum: 0.5]
         [Processed Buffers: Min: 0, Avg: 1.1, Max: 2, Diff: 2, Sum: 9]
      [Scan RS (ms): Min: 0.0, Avg: 0.1, Max: 0.1, Diff: 0.1, Sum: 0.7]
      [Code Root Scanning (ms): Min: 0.0, Avg: 0.0, Max: 0.0, Diff: 0.0, Sum: 0.0]
      [Object Copy (ms): Min: 31.3, Avg: 31.4, Max: 31.5, Diff: 0.1, Sum: 251.1]
      [Termination (ms): Min: 0.0, Avg: 0.1, Max: 0.1, Diff: 0.1, Sum: 0.6]
         [Termination Attempts: Min: 1, Avg: 1.0, Max: 1, Diff: 0, Sum: 8]
      [GC Worker Other (ms): Min: 0.0, Avg: 0.0, Max: 0.0, Diff: 0.0, Sum: 0.1]
      [GC Worker Total (ms): Min: 31.6, Avg: 31.7, Max: 32.0, Diff: 0.4, Sum: 253.7]
      [GC Worker End (ms): Min: 44022.3, Avg: 44022.4, Max: 44022.4, Diff: 0.0]
   [Code Root Fixup: 0.0 ms]
   [Code Root Purge: 0.0 ms]
   [Clear CT: 0.8 ms]
   [Other: 3.3 ms]
      [Choose CSet: 0.0 ms]
      [Ref Proc: 0.6 ms]
      [Ref Enq: 0.0 ms]
      [Redirty Cards: 1.2 ms]
      [Humongous Register: 0.0 ms]
      [Humongous Reclaim: 0.0 ms]
      [Free CSet: 1.0 ms]
   [Eden: 1172.0M(1172.0M)->0.0B(32768.0K) Survivors: 190.0M->172.0M Heap: 1804.7M(4096.0M)->767.9M(4096.0M)]
 [Times: user=0.25 sys=0.02, real=0.04 secs] 
2021-01-22T00:38:07.767+0800: 44.031: [GC pause (G1 Evacuation Pause) (mixed), 0.0231084 secs]
   [Parallel Time: 20.0 ms, GC Workers: 8]
      [GC Worker Start (ms): Min: 44031.4, Avg: 44031.5, Max: 44031.7, Diff: 0.3]
      [Ext Root Scanning (ms): Min: 0.0, Avg: 0.1, Max: 0.2, Diff: 0.2, Sum: 0.5]
      [Update RS (ms): Min: 0.0, Avg: 0.1, Max: 0.1, Diff: 0.1, Sum: 0.4]
         [Processed Buffers: Min: 0, Avg: 1.1, Max: 2, Diff: 2, Sum: 9]
      [Scan RS (ms): Min: 0.0, Avg: 0.0, Max: 0.0, Diff: 0.0, Sum: 0.2]
      [Code Root Scanning (ms): Min: 0.0, Avg: 0.0, Max: 0.0, Diff: 0.0, Sum: 0.0]
      [Object Copy (ms): Min: 18.1, Avg: 18.2, Max: 18.9, Diff: 0.8, Sum: 145.9]
      [Termination (ms): Min: 0.0, Avg: 0.7, Max: 0.8, Diff: 0.8, Sum: 5.4]
         [Termination Attempts: Min: 1, Avg: 1.1, Max: 2, Diff: 1, Sum: 9]
      [GC Worker Other (ms): Min: 0.0, Avg: 0.0, Max: 0.0, Diff: 0.0, Sum: 0.1]
      [GC Worker Total (ms): Min: 18.9, Avg: 19.1, Max: 19.3, Diff: 0.3, Sum: 152.5]
      [GC Worker End (ms): Min: 44050.6, Avg: 44050.6, Max: 44050.6, Diff: 0.0]
   [Code Root Fixup: 0.0 ms]
   [Code Root Purge: 0.0 ms]
   [Clear CT: 1.1 ms]
   [Other: 2.0 ms]
      [Choose CSet: 0.0 ms]
      [Ref Proc: 0.5 ms]
      [Ref Enq: 0.0 ms]
      [Redirty Cards: 1.2 ms]
      [Humongous Register: 0.0 ms]
      [Humongous Reclaim: 0.0 ms]
      [Free CSet: 0.1 ms]
   [Eden: 32768.0K(32768.0K)->0.0B(2442.0M) Survivors: 172.0M->14336.0K Heap: 799.9M(4096.0M)->745.2M(4096.0M)]
 [Times: user=0.15 sys=0.01, real=0.03 secs] 
2021-01-22T00:38:08.103+0800: 44.367: [GC pause (G1 Evacuation Pause) (young), 0.0384992 secs]
   [Parallel Time: 34.4 ms, GC Workers: 8]
      [GC Worker Start (ms): Min: 44367.4, Avg: 44367.6, Max: 44367.8, Diff: 0.4]
      [Ext Root Scanning (ms): Min: 0.0, Avg: 0.1, Max: 0.3, Diff: 0.3, Sum: 0.6]
      [Update RS (ms): Min: 0.0, Avg: 0.1, Max: 0.2, Diff: 0.2, Sum: 0.5]
         [Processed Buffers: Min: 0, Avg: 1.1, Max: 2, Diff: 2, Sum: 9]
      [Scan RS (ms): Min: 0.1, Avg: 0.2, Max: 0.2, Diff: 0.1, Sum: 1.4]
      [Code Root Scanning (ms): Min: 0.0, Avg: 0.0, Max: 0.0, Diff: 0.0, Sum: 0.0]
      [Object Copy (ms): Min: 33.2, Avg: 33.3, Max: 33.4, Diff: 0.2, Sum: 266.1]
      [Termination (ms): Min: 0.0, Avg: 0.1, Max: 0.2, Diff: 0.2, Sum: 0.7]
         [Termination Attempts: Min: 1, Avg: 1.5, Max: 3, Diff: 2, Sum: 12]
      [GC Worker Other (ms): Min: 0.0, Avg: 0.1, Max: 0.3, Diff: 0.3, Sum: 0.9]
      [GC Worker Total (ms): Min: 33.6, Avg: 33.8, Max: 34.1, Diff: 0.5, Sum: 270.3]
      [GC Worker End (ms): Min: 44401.3, Avg: 44401.4, Max: 44401.6, Diff: 0.3]
   [Code Root Fixup: 0.0 ms]
   [Code Root Purge: 0.0 ms]
   [Clear CT: 1.3 ms]
   [Other: 2.9 ms]
      [Choose CSet: 0.0 ms]
      [Ref Proc: 0.9 ms]
      [Ref Enq: 0.0 ms]
      [Redirty Cards: 1.0 ms]
      [Humongous Register: 0.0 ms]
      [Humongous Reclaim: 0.0 ms]
      [Free CSet: 0.7 ms]
   [Eden: 2442.0M(2442.0M)->0.0B(2148.0M) Survivors: 14336.0K->308.0M Heap: 3187.2M(4096.0M)->1094.0M(4096.0M)]
 [Times: user=0.28 sys=0.00, real=0.04 secs] 
2021-01-22T00:38:08.387+0800: 44.651: [GC pause (G1 Evacuation Pause) (young), 0.0413773 secs]
   [Parallel Time: 37.5 ms, GC Workers: 8]
      [GC Worker Start (ms): Min: 44650.8, Avg: 44651.1, Max: 44651.2, Diff: 0.4]
      [Ext Root Scanning (ms): Min: 0.0, Avg: 0.1, Max: 0.2, Diff: 0.2, Sum: 0.5]
      [Update RS (ms): Min: 0.0, Avg: 0.0, Max: 0.1, Diff: 0.1, Sum: 0.4]
         [Processed Buffers: Min: 0, Avg: 1.1, Max: 2, Diff: 2, Sum: 9]
      [Scan RS (ms): Min: 0.1, Avg: 0.2, Max: 0.2, Diff: 0.1, Sum: 1.4]
      [Code Root Scanning (ms): Min: 0.0, Avg: 0.0, Max: 0.0, Diff: 0.0, Sum: 0.0]
      [Object Copy (ms): Min: 36.3, Avg: 36.4, Max: 36.5, Diff: 0.1, Sum: 291.1]
      [Termination (ms): Min: 0.0, Avg: 0.1, Max: 0.1, Diff: 0.1, Sum: 0.5]
         [Termination Attempts: Min: 1, Avg: 1.1, Max: 2, Diff: 1, Sum: 9]
      [GC Worker Other (ms): Min: 0.0, Avg: 0.1, Max: 0.4, Diff: 0.4, Sum: 1.2]
      [GC Worker Total (ms): Min: 36.7, Avg: 36.9, Max: 37.1, Diff: 0.4, Sum: 295.1]
      [GC Worker End (ms): Min: 44687.8, Avg: 44687.9, Max: 44688.2, Diff: 0.4]
   [Code Root Fixup: 0.0 ms]
   [Code Root Purge: 0.0 ms]
   [Clear CT: 1.0 ms]
   [Other: 2.8 ms]
      [Choose CSet: 0.0 ms]
      [Ref Proc: 1.0 ms]
      [Ref Enq: 0.0 ms]
      [Redirty Cards: 0.9 ms]
      [Humongous Register: 0.0 ms]
      [Humongous Reclaim: 0.0 ms]
      [Free CSet: 0.6 ms]
   [Eden: 2148.0M(2148.0M)->0.0B(2072.0M) Survivors: 308.0M->308.0M Heap: 3242.0M(4096.0M)->1190.8M(4096.0M)]
 [Times: user=0.30 sys=0.00, real=0.05 secs] 
2021-01-22T00:38:08.665+0800: 44.929: [GC pause (G1 Evacuation Pause) (young), 0.0397101 secs]
   [Parallel Time: 36.0 ms, GC Workers: 8]
      [GC Worker Start (ms): Min: 44929.2, Avg: 44929.4, Max: 44929.6, Diff: 0.4]
      [Ext Root Scanning (ms): Min: 0.0, Avg: 0.1, Max: 0.2, Diff: 0.2, Sum: 0.5]
      [Update RS (ms): Min: 0.0, Avg: 0.1, Max: 0.1, Diff: 0.1, Sum: 0.5]
         [Processed Buffers: Min: 0, Avg: 1.1, Max: 2, Diff: 2, Sum: 9]
      [Scan RS (ms): Min: 0.1, Avg: 0.2, Max: 0.2, Diff: 0.0, Sum: 1.3]
      [Code Root Scanning (ms): Min: 0.0, Avg: 0.0, Max: 0.0, Diff: 0.0, Sum: 0.0]
      [Object Copy (ms): Min: 33.9, Avg: 34.2, Max: 35.3, Diff: 1.4, Sum: 273.5]
      [Termination (ms): Min: 0.0, Avg: 1.1, Max: 1.4, Diff: 1.4, Sum: 8.9]
         [Termination Attempts: Min: 1, Avg: 1.0, Max: 1, Diff: 0, Sum: 8]
      [GC Worker Other (ms): Min: 0.0, Avg: 0.0, Max: 0.0, Diff: 0.0, Sum: 0.1]
      [GC Worker Total (ms): Min: 35.4, Avg: 35.6, Max: 35.8, Diff: 0.4, Sum: 284.9]
      [GC Worker End (ms): Min: 44965.0, Avg: 44965.0, Max: 44965.0, Diff: 0.0]
   [Code Root Fixup: 0.0 ms]
   [Code Root Purge: 0.0 ms]
   [Clear CT: 1.0 ms]
   [Other: 2.7 ms]
      [Choose CSet: 0.0 ms]
      [Ref Proc: 0.6 ms]
      [Ref Enq: 0.0 ms]
      [Redirty Cards: 1.5 ms]
      [Humongous Register: 0.0 ms]
      [Humongous Reclaim: 0.0 ms]
      [Free CSet: 0.4 ms]
   [Eden: 2072.0M(2072.0M)->0.0B(2006.0M) Survivors: 308.0M->298.0M Heap: 3262.8M(4096.0M)->1264.9M(4096.0M)]
 [Times: user=0.29 sys=0.00, real=0.04 secs] 
2021-01-22T00:38:08.937+0800: 45.201: [GC pause (G1 Evacuation Pause) (young), 0.0442424 secs]
   [Parallel Time: 39.9 ms, GC Workers: 8]
      [GC Worker Start (ms): Min: 45201.1, Avg: 45201.4, Max: 45202.1, Diff: 1.0]
      [Ext Root Scanning (ms): Min: 0.0, Avg: 0.1, Max: 0.2, Diff: 0.2, Sum: 0.5]
      [Update RS (ms): Min: 0.0, Avg: 0.1, Max: 0.1, Diff: 0.1, Sum: 0.4]
         [Processed Buffers: Min: 0, Avg: 1.1, Max: 2, Diff: 2, Sum: 9]
      [Scan RS (ms): Min: 0.1, Avg: 0.2, Max: 0.3, Diff: 0.1, Sum: 1.4]
      [Code Root Scanning (ms): Min: 0.0, Avg: 0.0, Max: 0.0, Diff: 0.0, Sum: 0.0]
      [Object Copy (ms): Min: 34.7, Avg: 35.8, Max: 38.6, Diff: 3.9, Sum: 286.5]
      [Termination (ms): Min: 0.0, Avg: 2.7, Max: 3.2, Diff: 3.2, Sum: 21.7]
         [Termination Attempts: Min: 1, Avg: 1.0, Max: 1, Diff: 0, Sum: 8]
      [GC Worker Other (ms): Min: 0.0, Avg: 0.1, Max: 0.1, Diff: 0.1, Sum: 0.5]
      [GC Worker Total (ms): Min: 38.1, Avg: 38.9, Max: 39.1, Diff: 1.0, Sum: 311.1]
      [GC Worker End (ms): Min: 45240.2, Avg: 45240.3, Max: 45240.3, Diff: 0.1]
   [Code Root Fixup: 0.0 ms]
   [Code Root Purge: 0.0 ms]
   [Clear CT: 1.1 ms]
   [Other: 3.3 ms]
      [Choose CSet: 0.0 ms]
      [Ref Proc: 0.9 ms]
      [Ref Enq: 0.0 ms]
      [Redirty Cards: 1.2 ms]
      [Humongous Register: 0.1 ms]
      [Humongous Reclaim: 0.0 ms]
      [Free CSet: 0.8 ms]
   [Eden: 2006.0M(2006.0M)->0.0B(1934.0M) Survivors: 298.0M->288.0M Heap: 3270.9M(4096.0M)->1345.3M(4096.0M)]
 [Times: user=0.31 sys=0.00, real=0.05 secs] 
2021-01-22T00:38:09.206+0800: 45.470: [GC pause (G1 Evacuation Pause) (young), 0.0414932 secs]
   [Parallel Time: 37.1 ms, GC Workers: 8]
      [GC Worker Start (ms): Min: 45470.0, Avg: 45470.3, Max: 45470.4, Diff: 0.4]
      [Ext Root Scanning (ms): Min: 0.0, Avg: 0.1, Max: 0.2, Diff: 0.2, Sum: 0.5]
      [Update RS (ms): Min: 0.0, Avg: 0.0, Max: 0.1, Diff: 0.1, Sum: 0.4]
         [Processed Buffers: Min: 0, Avg: 1.1, Max: 3, Diff: 3, Sum: 9]
      [Scan RS (ms): Min: 0.1, Avg: 0.2, Max: 0.2, Diff: 0.0, Sum: 1.2]
      [Code Root Scanning (ms): Min: 0.0, Avg: 0.0, Max: 0.0, Diff: 0.0, Sum: 0.0]
      [Object Copy (ms): Min: 35.7, Avg: 35.8, Max: 35.9, Diff: 0.2, Sum: 286.3]
      [Termination (ms): Min: 0.0, Avg: 0.1, Max: 0.2, Diff: 0.2, Sum: 0.8]
         [Termination Attempts: Min: 1, Avg: 1.0, Max: 1, Diff: 0, Sum: 8]
      [GC Worker Other (ms): Min: 0.0, Avg: 0.0, Max: 0.2, Diff: 0.2, Sum: 0.4]
      [GC Worker Total (ms): Min: 36.0, Avg: 36.2, Max: 36.4, Diff: 0.4, Sum: 289.6]
      [GC Worker End (ms): Min: 45506.4, Avg: 45506.5, Max: 45506.6, Diff: 0.2]
   [Code Root Fixup: 0.0 ms]
   [Code Root Purge: 0.0 ms]
   [Clear CT: 1.1 ms]
   [Other: 3.3 ms]
      [Choose CSet: 0.0 ms]
      [Ref Proc: 1.0 ms]
      [Ref Enq: 0.0 ms]
      [Redirty Cards: 1.6 ms]
      [Humongous Register: 0.0 ms]
      [Humongous Reclaim: 0.0 ms]
      [Free CSet: 0.5 ms]
   [Eden: 1934.0M(1934.0M)->0.0B(1838.0M) Survivors: 288.0M->278.0M Heap: 3279.3M(4096.0M)->1448.0M(4096.0M)]
 [Times: user=0.30 sys=0.00, real=0.04 secs] 
2021-01-22T00:38:09.460+0800: 45.724: [GC pause (G1 Evacuation Pause) (young), 0.0404502 secs]
   [Parallel Time: 35.6 ms, GC Workers: 8]
      [GC Worker Start (ms): Min: 45724.3, Avg: 45724.5, Max: 45724.7, Diff: 0.4]
      [Ext Root Scanning (ms): Min: 0.0, Avg: 0.1, Max: 0.2, Diff: 0.2, Sum: 0.4]
      [Update RS (ms): Min: 0.0, Avg: 0.1, Max: 0.1, Diff: 0.1, Sum: 0.5]
         [Processed Buffers: Min: 0, Avg: 1.1, Max: 2, Diff: 2, Sum: 9]
      [Scan RS (ms): Min: 0.1, Avg: 0.2, Max: 0.2, Diff: 0.1, Sum: 1.2]
      [Code Root Scanning (ms): Min: 0.0, Avg: 0.0, Max: 0.0, Diff: 0.0, Sum: 0.1]
      [Object Copy (ms): Min: 33.2, Avg: 33.5, Max: 34.4, Diff: 1.2, Sum: 267.8]
      [Termination (ms): Min: 0.0, Avg: 0.9, Max: 1.1, Diff: 1.1, Sum: 7.0]
         [Termination Attempts: Min: 1, Avg: 1.0, Max: 1, Diff: 0, Sum: 8]
      [GC Worker Other (ms): Min: 0.0, Avg: 0.0, Max: 0.0, Diff: 0.0, Sum: 0.1]
      [GC Worker Total (ms): Min: 34.5, Avg: 34.6, Max: 34.8, Diff: 0.3, Sum: 277.0]
      [GC Worker End (ms): Min: 45759.1, Avg: 45759.2, Max: 45759.2, Diff: 0.0]
   [Code Root Fixup: 0.0 ms]
   [Code Root Purge: 0.0 ms]
   [Clear CT: 1.0 ms]
   [Other: 3.8 ms]
      [Choose CSet: 0.0 ms]
      [Ref Proc: 1.2 ms]
      [Ref Enq: 0.0 ms]
      [Redirty Cards: 1.6 ms]
      [Humongous Register: 0.0 ms]
      [Humongous Reclaim: 0.0 ms]
      [Free CSet: 0.8 ms]
   [Eden: 1838.0M(1838.0M)->0.0B(1744.0M) Survivors: 278.0M->266.0M Heap: 3286.0M(4096.0M)->1550.6M(4096.0M)]
 [Times: user=0.28 sys=0.02, real=0.04 secs] 
2021-01-22T00:38:09.698+0800: 45.961: [GC pause (G1 Evacuation Pause) (young), 0.0394844 secs]
   [Parallel Time: 35.6 ms, GC Workers: 8]
      [GC Worker Start (ms): Min: 45961.6, Avg: 45962.5, Max: 45967.1, Diff: 5.5]
      [Ext Root Scanning (ms): Min: 0.0, Avg: 0.1, Max: 0.2, Diff: 0.2, Sum: 0.4]
      [Update RS (ms): Min: 0.0, Avg: 0.1, Max: 0.1, Diff: 0.1, Sum: 0.4]
         [Processed Buffers: Min: 0, Avg: 1.1, Max: 2, Diff: 2, Sum: 9]
      [Scan RS (ms): Min: 0.1, Avg: 0.2, Max: 0.6, Diff: 0.5, Sum: 1.7]
      [Code Root Scanning (ms): Min: 0.0, Avg: 0.0, Max: 0.0, Diff: 0.0, Sum: 0.0]
      [Object Copy (ms): Min: 28.5, Avg: 33.5, Max: 34.3, Diff: 5.8, Sum: 268.2]
      [Termination (ms): Min: 0.0, Avg: 0.1, Max: 0.1, Diff: 0.1, Sum: 0.6]
         [Termination Attempts: Min: 1, Avg: 1.0, Max: 1, Diff: 0, Sum: 8]
      [GC Worker Other (ms): Min: 0.0, Avg: 0.1, Max: 0.4, Diff: 0.4, Sum: 1.1]
      [GC Worker Total (ms): Min: 29.7, Avg: 34.1, Max: 35.0, Diff: 5.3, Sum: 272.4]
      [GC Worker End (ms): Min: 45996.4, Avg: 45996.5, Max: 45996.8, Diff: 0.4]
   [Code Root Fixup: 0.0 ms]
   [Code Root Purge: 0.0 ms]
   [Clear CT: 1.6 ms]
   [Other: 2.3 ms]
      [Choose CSet: 0.0 ms]
      [Ref Proc: 0.4 ms]
      [Ref Enq: 0.0 ms]
      [Redirty Cards: 1.2 ms]
      [Humongous Register: 0.0 ms]
      [Humongous Reclaim: 0.0 ms]
      [Free CSet: 0.5 ms]
   [Eden: 1744.0M(1744.0M)->0.0B(1642.0M) Survivors: 266.0M->252.0M Heap: 3294.6M(4096.0M)->1664.2M(4096.0M)]
 [Times: user=0.28 sys=0.00, real=0.04 secs] 
2021-01-22T00:38:09.925+0800: 46.189: [GC pause (G1 Evacuation Pause) (young), 0.0393067 secs]
   [Parallel Time: 35.4 ms, GC Workers: 8]
      [GC Worker Start (ms): Min: 46188.8, Avg: 46189.0, Max: 46189.2, Diff: 0.4]
      [Ext Root Scanning (ms): Min: 0.0, Avg: 0.1, Max: 0.2, Diff: 0.2, Sum: 0.4]
      [Update RS (ms): Min: 0.0, Avg: 0.0, Max: 0.1, Diff: 0.1, Sum: 0.4]
         [Processed Buffers: Min: 0, Avg: 1.1, Max: 2, Diff: 2, Sum: 9]
      [Scan RS (ms): Min: 0.1, Avg: 0.2, Max: 0.3, Diff: 0.2, Sum: 1.2]
      [Code Root Scanning (ms): Min: 0.0, Avg: 0.0, Max: 0.0, Diff: 0.0, Sum: 0.0]
      [Object Copy (ms): Min: 33.4, Avg: 33.7, Max: 34.4, Diff: 0.9, Sum: 269.3]
      [Termination (ms): Min: 0.0, Avg: 0.7, Max: 1.0, Diff: 1.0, Sum: 5.9]
         [Termination Attempts: Min: 1, Avg: 1.0, Max: 1, Diff: 0, Sum: 8]
      [GC Worker Other (ms): Min: 0.0, Avg: 0.0, Max: 0.1, Diff: 0.0, Sum: 0.2]
      [GC Worker Total (ms): Min: 34.5, Avg: 34.7, Max: 34.9, Diff: 0.4, Sum: 277.4]
      [GC Worker End (ms): Min: 46223.7, Avg: 46223.7, Max: 46223.7, Diff: 0.1]
   [Code Root Fixup: 0.0 ms]
   [Code Root Purge: 0.0 ms]
   [Clear CT: 1.0 ms]
   [Other: 2.9 ms]
      [Choose CSet: 0.0 ms]
      [Ref Proc: 0.8 ms]
      [Ref Enq: 0.0 ms]
      [Redirty Cards: 1.3 ms]
      [Humongous Register: 0.0 ms]
      [Humongous Reclaim: 0.0 ms]
      [Free CSet: 0.5 ms]
   [Eden: 1642.0M(1642.0M)->0.0B(1536.0M) Survivors: 252.0M->238.0M Heap: 3306.2M(4096.0M)->1781.9M(4096.0M)]
 [Times: user=0.28 sys=0.00, real=0.04 secs] 
2021-01-22T00:38:10.154+0800: 46.417: [GC pause (G1 Evacuation Pause) (young), 0.0407765 secs]
   [Parallel Time: 36.2 ms, GC Workers: 8]
      [GC Worker Start (ms): Min: 46417.5, Avg: 46417.7, Max: 46417.8, Diff: 0.3]
      [Ext Root Scanning (ms): Min: 0.0, Avg: 0.1, Max: 0.2, Diff: 0.2, Sum: 0.5]
      [Update RS (ms): Min: 0.0, Avg: 0.2, Max: 1.5, Diff: 1.5, Sum: 1.8]
         [Processed Buffers: Min: 0, Avg: 1.1, Max: 2, Diff: 2, Sum: 9]
      [Scan RS (ms): Min: 0.1, Avg: 0.2, Max: 0.4, Diff: 0.3, Sum: 1.3]
      [Code Root Scanning (ms): Min: 0.0, Avg: 0.0, Max: 0.0, Diff: 0.0, Sum: 0.0]
      [Object Copy (ms): Min: 33.6, Avg: 34.0, Max: 34.2, Diff: 0.5, Sum: 272.4]
      [Termination (ms): Min: 0.0, Avg: 1.1, Max: 1.3, Diff: 1.3, Sum: 8.8]
         [Termination Attempts: Min: 1, Avg: 1.0, Max: 1, Diff: 0, Sum: 8]
      [GC Worker Other (ms): Min: 0.0, Avg: 0.0, Max: 0.0, Diff: 0.0, Sum: 0.1]
      [GC Worker Total (ms): Min: 35.5, Avg: 35.6, Max: 35.8, Diff: 0.3, Sum: 284.8]
      [GC Worker End (ms): Min: 46453.3, Avg: 46453.3, Max: 46453.3, Diff: 0.1]
   [Code Root Fixup: 0.0 ms]
   [Code Root Purge: 0.0 ms]
   [Clear CT: 0.7 ms]
   [Other: 3.9 ms]
      [Choose CSet: 0.0 ms]
      [Ref Proc: 1.8 ms]
      [Ref Enq: 0.0 ms]
      [Redirty Cards: 0.7 ms]
      [Humongous Register: 0.0 ms]
      [Humongous Reclaim: 0.0 ms]
      [Free CSet: 1.1 ms]
   [Eden: 1536.0M(1536.0M)->0.0B(1422.0M) Survivors: 238.0M->222.0M Heap: 3317.9M(4096.0M)->1911.3M(4096.0M)]
 [Times: user=0.30 sys=0.00, real=0.04 secs] 
2021-01-22T00:38:10.356+0800: 46.620: [GC pause (G1 Evacuation Pause) (young), 0.0377875 secs]
   [Parallel Time: 34.7 ms, GC Workers: 8]
      [GC Worker Start (ms): Min: 46620.5, Avg: 46620.7, Max: 46620.9, Diff: 0.4]
      [Ext Root Scanning (ms): Min: 0.0, Avg: 0.1, Max: 0.2, Diff: 0.2, Sum: 0.5]
      [Update RS (ms): Min: 0.0, Avg: 0.1, Max: 0.2, Diff: 0.2, Sum: 0.4]
         [Processed Buffers: Min: 0, Avg: 1.1, Max: 3, Diff: 3, Sum: 9]
      [Scan RS (ms): Min: 0.0, Avg: 0.1, Max: 0.1, Diff: 0.1, Sum: 0.8]
      [Code Root Scanning (ms): Min: 0.0, Avg: 0.0, Max: 0.0, Diff: 0.0, Sum: 0.0]
      [Object Copy (ms): Min: 33.3, Avg: 33.4, Max: 33.5, Diff: 0.2, Sum: 267.3]
      [Termination (ms): Min: 0.0, Avg: 0.1, Max: 0.2, Diff: 0.2, Sum: 0.8]
         [Termination Attempts: Min: 1, Avg: 1.2, Max: 3, Diff: 2, Sum: 10]
      [GC Worker Other (ms): Min: 0.0, Avg: 0.1, Max: 0.3, Diff: 0.3, Sum: 0.8]
      [GC Worker Total (ms): Min: 33.6, Avg: 33.8, Max: 34.1, Diff: 0.5, Sum: 270.7]
      [GC Worker End (ms): Min: 46654.5, Avg: 46654.6, Max: 46654.7, Diff: 0.3]
   [Code Root Fixup: 0.0 ms]
   [Code Root Purge: 0.0 ms]
   [Clear CT: 0.9 ms]
   [Other: 2.1 ms]
      [Choose CSet: 0.0 ms]
      [Ref Proc: 0.7 ms]
      [Ref Enq: 0.0 ms]
      [Redirty Cards: 1.0 ms]
      [Humongous Register: 0.0 ms]
      [Humongous Reclaim: 0.0 ms]
      [Free CSet: 0.3 ms]
   [Eden: 1422.0M(1422.0M)->0.0B(1304.0M) Survivors: 222.0M->206.0M Heap: 3333.3M(4096.0M)->2044.4M(4096.0M)]
 [Times: user=0.28 sys=0.00, real=0.04 secs] 
2021-01-22T00:38:10.549+0800: 46.813: [GC pause (G1 Evacuation Pause) (young), 0.0345724 secs]
   [Parallel Time: 30.9 ms, GC Workers: 8]
      [GC Worker Start (ms): Min: 46812.7, Avg: 46812.9, Max: 46813.1, Diff: 0.3]
      [Ext Root Scanning (ms): Min: 0.0, Avg: 0.1, Max: 0.2, Diff: 0.2, Sum: 0.4]
      [Update RS (ms): Min: 0.0, Avg: 0.1, Max: 0.1, Diff: 0.1, Sum: 0.5]
         [Processed Buffers: Min: 0, Avg: 1.1, Max: 3, Diff: 3, Sum: 9]
      [Scan RS (ms): Min: 0.1, Avg: 0.1, Max: 0.1, Diff: 0.1, Sum: 0.8]
      [Code Root Scanning (ms): Min: 0.0, Avg: 0.0, Max: 0.0, Diff: 0.0, Sum: 0.0]
      [Object Copy (ms): Min: 29.5, Avg: 29.6, Max: 29.7, Diff: 0.2, Sum: 237.0]
      [Termination (ms): Min: 0.0, Avg: 0.1, Max: 0.2, Diff: 0.2, Sum: 0.8]
         [Termination Attempts: Min: 1, Avg: 1.0, Max: 1, Diff: 0, Sum: 8]
      [GC Worker Other (ms): Min: 0.0, Avg: 0.0, Max: 0.1, Diff: 0.1, Sum: 0.2]
      [GC Worker Total (ms): Min: 29.8, Avg: 30.0, Max: 30.2, Diff: 0.4, Sum: 239.8]
      [GC Worker End (ms): Min: 46842.9, Avg: 46842.9, Max: 46842.9, Diff: 0.1]
   [Code Root Fixup: 0.0 ms]
   [Code Root Purge: 0.0 ms]
   [Clear CT: 0.9 ms]
   [Other: 2.7 ms]
      [Choose CSet: 0.0 ms]
      [Ref Proc: 1.0 ms]
      [Ref Enq: 0.0 ms]
      [Redirty Cards: 1.3 ms]
      [Humongous Register: 0.0 ms]
      [Humongous Reclaim: 0.0 ms]
      [Free CSet: 0.3 ms]
   [Eden: 1304.0M(1304.0M)->0.0B(1196.0M) Survivors: 206.0M->190.0M Heap: 3348.4M(4096.0M)->2172.1M(4096.0M)]
 [Times: user=0.25 sys=0.00, real=0.03 secs] 
2021-01-22T00:38:10.717+0800: 46.981: [GC pause (G1 Evacuation Pause) (young) (initial-mark), 0.0362427 secs]
   [Parallel Time: 33.0 ms, GC Workers: 8]
      [GC Worker Start (ms): Min: 46981.5, Avg: 46981.8, Max: 46982.0, Diff: 0.5]
      [Ext Root Scanning (ms): Min: 0.0, Avg: 0.5, Max: 0.7, Diff: 0.6, Sum: 3.6]
      [Update RS (ms): Min: 0.0, Avg: 0.0, Max: 0.2, Diff: 0.2, Sum: 0.3]
         [Processed Buffers: Min: 0, Avg: 1.1, Max: 5, Diff: 5, Sum: 9]
      [Scan RS (ms): Min: 0.0, Avg: 0.1, Max: 0.1, Diff: 0.1, Sum: 0.6]
      [Code Root Scanning (ms): Min: 0.0, Avg: 0.0, Max: 0.0, Diff: 0.0, Sum: 0.0]
      [Object Copy (ms): Min: 31.1, Avg: 31.2, Max: 31.4, Diff: 0.3, Sum: 249.9]
      [Termination (ms): Min: 0.0, Avg: 0.3, Max: 0.4, Diff: 0.4, Sum: 2.3]
         [Termination Attempts: Min: 1, Avg: 1.2, Max: 2, Diff: 1, Sum: 10]
      [GC Worker Other (ms): Min: 0.0, Avg: 0.0, Max: 0.1, Diff: 0.1, Sum: 0.2]
      [GC Worker Total (ms): Min: 31.8, Avg: 32.1, Max: 32.4, Diff: 0.6, Sum: 256.8]
      [GC Worker End (ms): Min: 47013.9, Avg: 47013.9, Max: 47014.0, Diff: 0.1]
   [Code Root Fixup: 0.0 ms]
   [Code Root Purge: 0.0 ms]
   [Clear CT: 1.0 ms]
   [Other: 2.3 ms]
      [Choose CSet: 0.0 ms]
      [Ref Proc: 0.8 ms]
      [Ref Enq: 0.0 ms]
      [Redirty Cards: 0.9 ms]
      [Humongous Register: 0.0 ms]
      [Humongous Reclaim: 0.0 ms]
      [Free CSet: 0.3 ms]
   [Eden: 1196.0M(1196.0M)->0.0B(1062.0M) Survivors: 190.0M->174.0M Heap: 3368.1M(4096.0M)->2323.5M(4096.0M)]
 [Times: user=0.26 sys=0.00, real=0.04 secs] 
2021-01-22T00:38:10.755+0800: 47.018: [GC concurrent-root-region-scan-start]
2021-01-22T00:38:10.755+0800: 47.019: [GC concurrent-root-region-scan-end, 0.0002734 secs]
2021-01-22T00:38:10.755+0800: 47.019: [GC concurrent-mark-start]
2021-01-22T00:38:10.760+0800: 47.024: [GC concurrent-mark-end, 0.0048168 secs]
2021-01-22T00:38:10.760+0800: 47.024: [GC remark 2021-01-22T00:38:10.761+0800: 47.025: [Finalize Marking, 0.0012679 secs] 2021-01-22T00:38:10.762+0800: 47.026: [GC ref-proc, 0.0006263 secs] 2021-01-22T00:38:10.763+0800: 47.027: [Unloading, 0.0014098 secs], 0.0060789 secs]
 [Times: user=0.02 sys=0.00, real=0.00 secs] 
2021-01-22T00:38:10.767+0800: 47.031: [GC cleanup 2366M->688M(4096M), 0.0040647 secs]
 [Times: user=0.01 sys=0.00, real=0.01 secs] 
2021-01-22T00:38:10.772+0800: 47.036: [GC concurrent-cleanup-start]
2021-01-22T00:38:10.773+0800: 47.037: [GC concurrent-cleanup-end, 0.0010558 secs]
2021-01-22T00:38:10.894+0800: 47.158: [GC pause (G1 Evacuation Pause) (young), 0.0382371 secs]
   [Parallel Time: 34.8 ms, GC Workers: 8]
      [GC Worker Start (ms): Min: 47158.6, Avg: 47159.7, Max: 47165.6, Diff: 7.0]
      [Ext Root Scanning (ms): Min: 0.0, Avg: 0.2, Max: 0.5, Diff: 0.5, Sum: 1.3]
      [Update RS (ms): Min: 0.0, Avg: 0.1, Max: 0.4, Diff: 0.4, Sum: 1.0]
         [Processed Buffers: Min: 0, Avg: 1.1, Max: 2, Diff: 2, Sum: 9]
      [Scan RS (ms): Min: 0.1, Avg: 0.1, Max: 0.4, Diff: 0.3, Sum: 1.0]
      [Code Root Scanning (ms): Min: 0.0, Avg: 0.0, Max: 0.0, Diff: 0.0, Sum: 0.0]
      [Object Copy (ms): Min: 25.7, Avg: 32.0, Max: 33.2, Diff: 7.6, Sum: 255.9]
      [Termination (ms): Min: 0.0, Avg: 0.4, Max: 0.9, Diff: 0.9, Sum: 3.2]
         [Termination Attempts: Min: 1, Avg: 1.0, Max: 1, Diff: 0, Sum: 8]
      [GC Worker Other (ms): Min: 0.0, Avg: 0.1, Max: 0.2, Diff: 0.2, Sum: 0.6]
      [GC Worker Total (ms): Min: 27.0, Avg: 32.9, Max: 34.1, Diff: 7.1, Sum: 263.0]
      [GC Worker End (ms): Min: 47192.5, Avg: 47192.6, Max: 47192.7, Diff: 0.2]
   [Code Root Fixup: 0.0 ms]
   [Code Root Purge: 0.0 ms]
   [Clear CT: 0.7 ms]
   [Other: 2.6 ms]
      [Choose CSet: 0.0 ms]
      [Ref Proc: 0.6 ms]
      [Ref Enq: 0.0 ms]
      [Redirty Cards: 1.0 ms]
      [Humongous Register: 0.2 ms]
      [Humongous Reclaim: 0.0 ms]
      [Free CSet: 0.3 ms]
   [Eden: 1062.0M(1062.0M)->0.0B(49152.0K) Survivors: 174.0M->156.0M Heap: 1707.5M(4096.0M)->800.6M(4096.0M)]
 [Times: user=0.27 sys=0.00, real=0.04 secs] 
2021-01-22T00:38:10.937+0800: 47.201: [GC pause (G1 Evacuation Pause) (mixed), 0.0212282 secs]
   [Parallel Time: 18.3 ms, GC Workers: 8]
      [GC Worker Start (ms): Min: 47201.2, Avg: 47201.4, Max: 47201.6, Diff: 0.3]
      [Ext Root Scanning (ms): Min: 0.0, Avg: 0.1, Max: 0.2, Diff: 0.2, Sum: 0.5]
      [Update RS (ms): Min: 0.0, Avg: 0.1, Max: 0.2, Diff: 0.2, Sum: 0.4]
         [Processed Buffers: Min: 0, Avg: 1.1, Max: 2, Diff: 2, Sum: 9]
      [Scan RS (ms): Min: 0.0, Avg: 0.0, Max: 0.0, Diff: 0.0, Sum: 0.2]
      [Code Root Scanning (ms): Min: 0.0, Avg: 0.0, Max: 0.0, Diff: 0.0, Sum: 0.0]
      [Object Copy (ms): Min: 17.3, Avg: 17.4, Max: 17.6, Diff: 0.3, Sum: 139.4]
      [Termination (ms): Min: 0.0, Avg: 0.2, Max: 0.3, Diff: 0.3, Sum: 1.7]
         [Termination Attempts: Min: 1, Avg: 1.0, Max: 1, Diff: 0, Sum: 8]
      [GC Worker Other (ms): Min: 0.0, Avg: 0.0, Max: 0.0, Diff: 0.0, Sum: 0.1]
      [GC Worker Total (ms): Min: 17.6, Avg: 17.8, Max: 18.0, Diff: 0.4, Sum: 142.4]
      [GC Worker End (ms): Min: 47219.1, Avg: 47219.2, Max: 47219.3, Diff: 0.1]
   [Code Root Fixup: 0.0 ms]
   [Code Root Purge: 0.0 ms]
   [Clear CT: 0.7 ms]
   [Other: 2.2 ms]
      [Choose CSet: 0.0 ms]
      [Ref Proc: 1.1 ms]
      [Ref Enq: 0.0 ms]
      [Redirty Cards: 0.6 ms]
      [Humongous Register: 0.0 ms]
      [Humongous Reclaim: 0.0 ms]
      [Free CSet: 0.1 ms]
   [Eden: 49152.0K(49152.0K)->0.0B(2288.0M) Survivors: 156.0M->24576.0K Heap: 848.6M(4096.0M)->772.8M(4096.0M)]
 [Times: user=0.15 sys=0.00, real=0.03 secs] 
2021-01-22T00:38:11.237+0800: 47.501: [GC pause (G1 Evacuation Pause) (young), 0.0408168 secs]
   [Parallel Time: 36.0 ms, GC Workers: 8]
      [GC Worker Start (ms): Min: 47501.3, Avg: 47501.5, Max: 47501.6, Diff: 0.3]
      [Ext Root Scanning (ms): Min: 0.0, Avg: 0.1, Max: 0.2, Diff: 0.2, Sum: 0.5]
      [Update RS (ms): Min: 0.0, Avg: 0.1, Max: 0.2, Diff: 0.2, Sum: 0.6]
         [Processed Buffers: Min: 0, Avg: 1.1, Max: 2, Diff: 2, Sum: 9]
      [Scan RS (ms): Min: 0.1, Avg: 0.2, Max: 0.2, Diff: 0.1, Sum: 1.3]
      [Code Root Scanning (ms): Min: 0.0, Avg: 0.0, Max: 0.0, Diff: 0.0, Sum: 0.0]
      [Object Copy (ms): Min: 32.2, Avg: 32.6, Max: 34.6, Diff: 2.4, Sum: 261.0]
      [Termination (ms): Min: 0.0, Avg: 2.0, Max: 2.4, Diff: 2.4, Sum: 15.9]
         [Termination Attempts: Min: 1, Avg: 2.0, Max: 4, Diff: 3, Sum: 16]
      [GC Worker Other (ms): Min: 0.0, Avg: 0.1, Max: 0.2, Diff: 0.2, Sum: 0.6]
      [GC Worker Total (ms): Min: 34.8, Avg: 35.0, Max: 35.1, Diff: 0.3, Sum: 279.8]
      [GC Worker End (ms): Min: 47536.4, Avg: 47536.4, Max: 47536.6, Diff: 0.2]
   [Code Root Fixup: 0.0 ms]
   [Code Root Purge: 0.0 ms]
   [Clear CT: 1.2 ms]
   [Other: 3.7 ms]
      [Choose CSet: 0.0 ms]
      [Ref Proc: 1.1 ms]
      [Ref Enq: 0.0 ms]
      [Redirty Cards: 1.6 ms]
      [Humongous Register: 0.0 ms]
      [Humongous Reclaim: 0.0 ms]
      [Free CSet: 0.7 ms]
   [Eden: 2288.0M(2288.0M)->0.0B(2058.0M) Survivors: 24576.0K->290.0M Heap: 3060.8M(4096.0M)->1102.0M(4096.0M)]
 [Times: user=0.28 sys=0.00, real=0.05 secs] 
2021-01-22T00:38:11.516+0800: 47.780: [GC pause (G1 Evacuation Pause) (young), 0.0413854 secs]
   [Parallel Time: 37.2 ms, GC Workers: 8]
      [GC Worker Start (ms): Min: 47780.1, Avg: 47780.3, Max: 47780.5, Diff: 0.4]
      [Ext Root Scanning (ms): Min: 0.0, Avg: 0.1, Max: 0.2, Diff: 0.2, Sum: 0.5]
      [Update RS (ms): Min: 0.0, Avg: 0.1, Max: 0.1, Diff: 0.1, Sum: 0.4]
         [Processed Buffers: Min: 0, Avg: 1.1, Max: 4, Diff: 4, Sum: 9]
      [Scan RS (ms): Min: 0.1, Avg: 0.2, Max: 0.2, Diff: 0.1, Sum: 1.3]
      [Code Root Scanning (ms): Min: 0.0, Avg: 0.0, Max: 0.0, Diff: 0.0, Sum: 0.0]
      [Object Copy (ms): Min: 36.2, Avg: 36.3, Max: 36.3, Diff: 0.1, Sum: 290.0]
      [Termination (ms): Min: 0.0, Avg: 0.1, Max: 0.1, Diff: 0.1, Sum: 0.9]
         [Termination Attempts: Min: 1, Avg: 1.0, Max: 1, Diff: 0, Sum: 8]
      [GC Worker Other (ms): Min: 0.0, Avg: 0.1, Max: 0.3, Diff: 0.2, Sum: 0.7]
      [GC Worker Total (ms): Min: 36.5, Avg: 36.7, Max: 36.9, Diff: 0.4, Sum: 293.8]
      [GC Worker End (ms): Min: 47817.0, Avg: 47817.1, Max: 47817.2, Diff: 0.2]
   [Code Root Fixup: 0.0 ms]
   [Code Root Purge: 0.0 ms]
   [Clear CT: 0.9 ms]
   [Other: 3.2 ms]
      [Choose CSet: 0.0 ms]
      [Ref Proc: 0.6 ms]
      [Ref Enq: 0.0 ms]
      [Redirty Cards: 1.5 ms]
      [Humongous Register: 0.0 ms]
      [Humongous Reclaim: 0.0 ms]
      [Free CSet: 0.5 ms]
   [Eden: 2058.0M(2058.0M)->0.0B(1992.0M) Survivors: 290.0M->294.0M Heap: 3160.0M(4096.0M)->1204.4M(4096.0M)]
 [Times: user=0.27 sys=0.00, real=0.04 secs] 
2021-01-22T00:38:11.797+0800: 48.061: [GC pause (G1 Evacuation Pause) (young), 0.0418421 secs]
   [Parallel Time: 37.3 ms, GC Workers: 8]
      [GC Worker Start (ms): Min: 48061.2, Avg: 48061.4, Max: 48061.6, Diff: 0.4]
      [Ext Root Scanning (ms): Min: 0.0, Avg: 0.1, Max: 0.2, Diff: 0.2, Sum: 0.5]
      [Update RS (ms): Min: 0.0, Avg: 0.0, Max: 0.1, Diff: 0.1, Sum: 0.3]
         [Processed Buffers: Min: 0, Avg: 1.1, Max: 2, Diff: 2, Sum: 9]
      [Scan RS (ms): Min: 0.1, Avg: 0.2, Max: 0.2, Diff: 0.0, Sum: 1.2]
      [Code Root Scanning (ms): Min: 0.0, Avg: 0.0, Max: 0.0, Diff: 0.0, Sum: 0.0]
      [Object Copy (ms): Min: 35.8, Avg: 35.9, Max: 36.0, Diff: 0.2, Sum: 287.1]
      [Termination (ms): Min: 0.0, Avg: 0.1, Max: 0.2, Diff: 0.2, Sum: 0.6]
         [Termination Attempts: Min: 1, Avg: 1.0, Max: 1, Diff: 0, Sum: 8]
      [GC Worker Other (ms): Min: 0.0, Avg: 0.1, Max: 0.2, Diff: 0.2, Sum: 0.5]
      [GC Worker Total (ms): Min: 36.1, Avg: 36.3, Max: 36.5, Diff: 0.4, Sum: 290.3]
      [GC Worker End (ms): Min: 48097.7, Avg: 48097.7, Max: 48097.9, Diff: 0.2]
   [Code Root Fixup: 0.0 ms]
   [Code Root Purge: 0.0 ms]
   [Clear CT: 1.2 ms]
   [Other: 3.4 ms]
      [Choose CSet: 0.0 ms]
      [Ref Proc: 1.3 ms]
      [Ref Enq: 0.0 ms]
      [Redirty Cards: 1.4 ms]
      [Humongous Register: 0.0 ms]
      [Humongous Reclaim: 0.0 ms]
      [Free CSet: 0.5 ms]
   [Eden: 1992.0M(1992.0M)->0.0B(1918.0M) Survivors: 294.0M->286.0M Heap: 3196.4M(4096.0M)->1306.9M(4096.0M)]
 [Times: user=0.29 sys=0.01, real=0.05 secs] 
2021-01-22T00:38:12.070+0800: 48.334: [GC pause (G1 Evacuation Pause) (young), 0.0409184 secs]
   [Parallel Time: 36.0 ms, GC Workers: 8]
      [GC Worker Start (ms): Min: 48333.8, Avg: 48334.0, Max: 48334.2, Diff: 0.4]
      [Ext Root Scanning (ms): Min: 0.0, Avg: 0.1, Max: 0.2, Diff: 0.2, Sum: 0.5]
      [Update RS (ms): Min: 0.0, Avg: 0.1, Max: 0.1, Diff: 0.1, Sum: 0.6]
         [Processed Buffers: Min: 0, Avg: 1.1, Max: 3, Diff: 3, Sum: 9]
      [Scan RS (ms): Min: 0.1, Avg: 0.2, Max: 0.2, Diff: 0.1, Sum: 1.2]
      [Code Root Scanning (ms): Min: 0.0, Avg: 0.0, Max: 0.0, Diff: 0.0, Sum: 0.0]
      [Object Copy (ms): Min: 34.6, Avg: 34.6, Max: 34.7, Diff: 0.1, Sum: 276.8]
      [Termination (ms): Min: 0.0, Avg: 0.1, Max: 0.1, Diff: 0.1, Sum: 0.5]
         [Termination Attempts: Min: 1, Avg: 1.0, Max: 1, Diff: 0, Sum: 8]
      [GC Worker Other (ms): Min: 0.0, Avg: 0.3, Max: 0.6, Diff: 0.6, Sum: 2.2]
      [GC Worker Total (ms): Min: 34.9, Avg: 35.2, Max: 35.8, Diff: 0.9, Sum: 281.8]
      [GC Worker End (ms): Min: 48369.0, Avg: 48369.3, Max: 48369.6, Diff: 0.6]
   [Code Root Fixup: 0.0 ms]
   [Code Root Purge: 0.0 ms]
   [Clear CT: 1.2 ms]
   [Other: 3.7 ms]
      [Choose CSet: 0.0 ms]
      [Ref Proc: 1.0 ms]
      [Ref Enq: 0.0 ms]
      [Redirty Cards: 1.6 ms]
      [Humongous Register: 0.0 ms]
      [Humongous Reclaim: 0.0 ms]
      [Free CSet: 0.9 ms]
   [Eden: 1918.0M(1918.0M)->0.0B(1846.0M) Survivors: 286.0M->276.0M Heap: 3224.9M(4096.0M)->1406.8M(4096.0M)]
 [Times: user=0.29 sys=0.00, real=0.04 secs] 
2021-01-22T00:38:12.322+0800: 48.586: [GC pause (G1 Evacuation Pause) (young), 0.0433760 secs]
   [Parallel Time: 39.4 ms, GC Workers: 8]
      [GC Worker Start (ms): Min: 48586.2, Avg: 48586.3, Max: 48586.5, Diff: 0.3]
      [Ext Root Scanning (ms): Min: 0.0, Avg: 0.1, Max: 0.2, Diff: 0.2, Sum: 0.5]
      [Update RS (ms): Min: 0.0, Avg: 0.1, Max: 0.1, Diff: 0.1, Sum: 0.5]
         [Processed Buffers: Min: 0, Avg: 1.1, Max: 2, Diff: 2, Sum: 9]
      [Scan RS (ms): Min: 0.1, Avg: 0.1, Max: 0.2, Diff: 0.1, Sum: 1.2]
      [Code Root Scanning (ms): Min: 0.0, Avg: 0.0, Max: 0.0, Diff: 0.0, Sum: 0.0]
      [Object Copy (ms): Min: 37.2, Avg: 37.4, Max: 38.3, Diff: 1.1, Sum: 299.1]
      [Termination (ms): Min: 0.0, Avg: 1.0, Max: 1.2, Diff: 1.2, Sum: 7.7]
         [Termination Attempts: Min: 1, Avg: 1.0, Max: 1, Diff: 0, Sum: 8]
      [GC Worker Other (ms): Min: 0.0, Avg: 0.1, Max: 0.2, Diff: 0.1, Sum: 0.5]
      [GC Worker Total (ms): Min: 38.5, Avg: 38.7, Max: 38.9, Diff: 0.4, Sum: 309.5]
      [GC Worker End (ms): Min: 48625.0, Avg: 48625.0, Max: 48625.1, Diff: 0.1]
   [Code Root Fixup: 0.0 ms]
   [Code Root Purge: 0.0 ms]
   [Clear CT: 0.8 ms]
   [Other: 3.1 ms]
      [Choose CSet: 0.0 ms]
      [Ref Proc: 1.0 ms]
      [Ref Enq: 0.0 ms]
      [Redirty Cards: 1.4 ms]
      [Humongous Register: 0.0 ms]
      [Humongous Reclaim: 0.0 ms]
      [Free CSet: 0.5 ms]
   [Eden: 1846.0M(1846.0M)->0.0B(1744.0M) Survivors: 276.0M->266.0M Heap: 3252.8M(4096.0M)->1528.6M(4096.0M)]
 [Times: user=0.32 sys=0.00, real=0.04 secs] 
2021-01-22T00:38:12.572+0800: 48.836: [GC pause (G1 Evacuation Pause) (young), 0.0383656 secs]
   [Parallel Time: 34.0 ms, GC Workers: 8]
      [GC Worker Start (ms): Min: 48835.7, Avg: 48835.9, Max: 48836.1, Diff: 0.4]
      [Ext Root Scanning (ms): Min: 0.0, Avg: 0.1, Max: 0.2, Diff: 0.2, Sum: 0.4]
      [Update RS (ms): Min: 0.0, Avg: 0.0, Max: 0.1, Diff: 0.1, Sum: 0.4]
         [Processed Buffers: Min: 0, Avg: 1.1, Max: 2, Diff: 2, Sum: 9]
      [Scan RS (ms): Min: 0.1, Avg: 0.1, Max: 0.2, Diff: 0.0, Sum: 1.1]
      [Code Root Scanning (ms): Min: 0.0, Avg: 0.0, Max: 0.0, Diff: 0.0, Sum: 0.0]
      [Object Copy (ms): Min: 32.7, Avg: 32.8, Max: 33.1, Diff: 0.4, Sum: 262.2]
      [Termination (ms): Min: 0.0, Avg: 0.3, Max: 0.4, Diff: 0.4, Sum: 2.4]
         [Termination Attempts: Min: 1, Avg: 1.0, Max: 1, Diff: 0, Sum: 8]
      [GC Worker Other (ms): Min: 0.0, Avg: 0.0, Max: 0.0, Diff: 0.0, Sum: 0.1]
      [GC Worker Total (ms): Min: 33.1, Avg: 33.3, Max: 33.5, Diff: 0.4, Sum: 266.6]
      [GC Worker End (ms): Min: 48869.2, Avg: 48869.2, Max: 48869.3, Diff: 0.1]
   [Code Root Fixup: 0.0 ms]
   [Code Root Purge: 0.0 ms]
   [Clear CT: 1.1 ms]
   [Other: 3.3 ms]
      [Choose CSet: 0.0 ms]
      [Ref Proc: 1.2 ms]
      [Ref Enq: 0.0 ms]
      [Redirty Cards: 1.3 ms]
      [Humongous Register: 0.1 ms]
      [Humongous Reclaim: 0.0 ms]
      [Free CSet: 0.5 ms]
   [Eden: 1744.0M(1744.0M)->0.0B(1662.0M) Survivors: 266.0M->252.0M Heap: 3272.6M(4096.0M)->1631.3M(4096.0M)]
 [Times: user=0.27 sys=0.01, real=0.04 secs] 
2021-01-22T00:38:12.814+0800: 49.078: [GC pause (G1 Evacuation Pause) (young), 0.0414742 secs]
   [Parallel Time: 36.9 ms, GC Workers: 8]
      [GC Worker Start (ms): Min: 49078.0, Avg: 49078.2, Max: 49078.4, Diff: 0.4]
      [Ext Root Scanning (ms): Min: 0.0, Avg: 0.1, Max: 0.2, Diff: 0.2, Sum: 0.5]
      [Update RS (ms): Min: 0.0, Avg: 0.1, Max: 0.1, Diff: 0.1, Sum: 0.5]
         [Processed Buffers: Min: 0, Avg: 1.1, Max: 2, Diff: 2, Sum: 9]
      [Scan RS (ms): Min: 0.1, Avg: 0.1, Max: 0.2, Diff: 0.1, Sum: 1.1]
      [Code Root Scanning (ms): Min: 0.0, Avg: 0.0, Max: 0.0, Diff: 0.0, Sum: 0.0]
      [Object Copy (ms): Min: 35.5, Avg: 35.6, Max: 35.7, Diff: 0.2, Sum: 284.5]
      [Termination (ms): Min: 0.0, Avg: 0.1, Max: 0.2, Diff: 0.2, Sum: 0.9]
         [Termination Attempts: Min: 1, Avg: 1.0, Max: 1, Diff: 0, Sum: 8]
      [GC Worker Other (ms): Min: 0.0, Avg: 0.0, Max: 0.1, Diff: 0.1, Sum: 0.2]
      [GC Worker Total (ms): Min: 35.8, Avg: 36.0, Max: 36.2, Diff: 0.4, Sum: 287.7]
      [GC Worker End (ms): Min: 49114.1, Avg: 49114.2, Max: 49114.2, Diff: 0.1]
   [Code Root Fixup: 0.0 ms]
   [Code Root Purge: 0.0 ms]
   [Clear CT: 1.2 ms]
   [Other: 3.4 ms]
      [Choose CSet: 0.0 ms]
      [Ref Proc: 1.0 ms]
      [Ref Enq: 0.0 ms]
      [Redirty Cards: 1.7 ms]
      [Humongous Register: 0.1 ms]
      [Humongous Reclaim: 0.0 ms]
      [Free CSet: 0.5 ms]
   [Eden: 1662.0M(1662.0M)->0.0B(1560.0M) Survivors: 252.0M->240.0M Heap: 3293.3M(4096.0M)->1751.6M(4096.0M)]
 [Times: user=0.30 sys=0.00, real=0.04 secs] 
2021-01-22T00:38:13.044+0800: 49.308: [GC pause (G1 Evacuation Pause) (young), 0.0405978 secs]
   [Parallel Time: 36.4 ms, GC Workers: 8]
      [GC Worker Start (ms): Min: 49308.1, Avg: 49308.7, Max: 49312.1, Diff: 4.0]
      [Ext Root Scanning (ms): Min: 0.0, Avg: 0.1, Max: 0.2, Diff: 0.2, Sum: 0.6]
      [Update RS (ms): Min: 0.0, Avg: 0.1, Max: 0.2, Diff: 0.2, Sum: 0.5]
         [Processed Buffers: Min: 0, Avg: 1.1, Max: 2, Diff: 2, Sum: 9]
      [Scan RS (ms): Min: 0.1, Avg: 0.2, Max: 0.5, Diff: 0.4, Sum: 1.4]
      [Code Root Scanning (ms): Min: 0.0, Avg: 0.0, Max: 0.0, Diff: 0.0, Sum: 0.0]
      [Object Copy (ms): Min: 30.9, Avg: 34.2, Max: 34.8, Diff: 3.9, Sum: 273.8]
      [Termination (ms): Min: 0.0, Avg: 0.3, Max: 0.4, Diff: 0.4, Sum: 2.2]
         [Termination Attempts: Min: 1, Avg: 1.4, Max: 3, Diff: 2, Sum: 11]
      [GC Worker Other (ms): Min: 0.0, Avg: 0.1, Max: 0.3, Diff: 0.3, Sum: 0.7]
      [GC Worker Total (ms): Min: 31.4, Avg: 34.9, Max: 35.7, Diff: 4.3, Sum: 279.2]
      [GC Worker End (ms): Min: 49343.5, Avg: 49343.6, Max: 49343.8, Diff: 0.3]
   [Code Root Fixup: 0.0 ms]
   [Code Root Purge: 0.0 ms]
   [Clear CT: 1.0 ms]
   [Other: 3.2 ms]
      [Choose CSet: 0.0 ms]
      [Ref Proc: 0.8 ms]
      [Ref Enq: 0.0 ms]
      [Redirty Cards: 1.8 ms]
      [Humongous Register: 0.1 ms]
      [Humongous Reclaim: 0.0 ms]
      [Free CSet: 0.3 ms]
   [Eden: 1560.0M(1560.0M)->0.0B(1454.0M) Survivors: 240.0M->226.0M Heap: 3311.6M(4096.0M)->1874.8M(4096.0M)]
 [Times: user=0.29 sys=0.00, real=0.04 secs] 
2021-01-22T00:38:13.261+0800: 49.525: [GC pause (G1 Evacuation Pause) (young), 0.0379418 secs]
   [Parallel Time: 35.0 ms, GC Workers: 8]
      [GC Worker Start (ms): Min: 49524.8, Avg: 49525.0, Max: 49525.2, Diff: 0.3]
      [Ext Root Scanning (ms): Min: 0.0, Avg: 0.1, Max: 0.2, Diff: 0.2, Sum: 0.5]
      [Update RS (ms): Min: 0.0, Avg: 0.1, Max: 0.1, Diff: 0.1, Sum: 0.5]
         [Processed Buffers: Min: 0, Avg: 1.1, Max: 2, Diff: 2, Sum: 9]
      [Scan RS (ms): Min: 0.1, Avg: 0.1, Max: 0.1, Diff: 0.0, Sum: 0.8]
      [Code Root Scanning (ms): Min: 0.0, Avg: 0.0, Max: 0.0, Diff: 0.0, Sum: 0.0]
      [Object Copy (ms): Min: 33.6, Avg: 33.7, Max: 33.8, Diff: 0.2, Sum: 269.4]
      [Termination (ms): Min: 0.0, Avg: 0.1, Max: 0.3, Diff: 0.3, Sum: 1.0]
         [Termination Attempts: Min: 1, Avg: 1.0, Max: 1, Diff: 0, Sum: 8]
      [GC Worker Other (ms): Min: 0.0, Avg: 0.1, Max: 0.2, Diff: 0.2, Sum: 0.9]
      [GC Worker Total (ms): Min: 33.9, Avg: 34.2, Max: 34.4, Diff: 0.5, Sum: 273.3]
      [GC Worker End (ms): Min: 49559.1, Avg: 49559.2, Max: 49559.3, Diff: 0.2]
   [Code Root Fixup: 0.0 ms]
   [Code Root Purge: 0.0 ms]
   [Clear CT: 1.2 ms]
   [Other: 1.7 ms]
      [Choose CSet: 0.0 ms]
      [Ref Proc: 0.5 ms]
      [Ref Enq: 0.0 ms]
      [Redirty Cards: 0.7 ms]
      [Humongous Register: 0.1 ms]
      [Humongous Reclaim: 0.0 ms]
      [Free CSet: 0.3 ms]
   [Eden: 1454.0M(1454.0M)->0.0B(1338.0M) Survivors: 226.0M->210.0M Heap: 3328.8M(4096.0M)->2007.2M(4096.0M)]
 [Times: user=0.28 sys=0.00, real=0.04 secs] 
2021-01-22T00:38:13.451+0800: 49.715: [GC pause (G1 Evacuation Pause) (young), 0.0458103 secs]
   [Parallel Time: 37.0 ms, GC Workers: 8]
      [GC Worker Start (ms): Min: 49715.1, Avg: 49715.3, Max: 49715.4, Diff: 0.4]
      [Ext Root Scanning (ms): Min: 0.0, Avg: 0.1, Max: 0.2, Diff: 0.2, Sum: 0.4]
      [Update RS (ms): Min: 0.0, Avg: 0.1, Max: 0.2, Diff: 0.2, Sum: 0.4]
         [Processed Buffers: Min: 0, Avg: 1.1, Max: 2, Diff: 2, Sum: 9]
      [Scan RS (ms): Min: 0.0, Avg: 0.1, Max: 0.1, Diff: 0.1, Sum: 0.7]
      [Code Root Scanning (ms): Min: 0.0, Avg: 0.0, Max: 0.0, Diff: 0.0, Sum: 0.0]
      [Object Copy (ms): Min: 32.3, Avg: 32.9, Max: 35.9, Diff: 3.5, Sum: 262.8]
      [Termination (ms): Min: 0.0, Avg: 3.0, Max: 3.5, Diff: 3.5, Sum: 24.2]
         [Termination Attempts: Min: 1, Avg: 1.0, Max: 1, Diff: 0, Sum: 8]
      [GC Worker Other (ms): Min: 0.0, Avg: 0.0, Max: 0.0, Diff: 0.0, Sum: 0.1]
      [GC Worker Total (ms): Min: 35.9, Avg: 36.1, Max: 36.3, Diff: 0.4, Sum: 288.7]
      [GC Worker End (ms): Min: 49751.4, Avg: 49751.4, Max: 49751.4, Diff: 0.0]
   [Code Root Fixup: 0.0 ms]
   [Code Root Purge: 0.0 ms]
   [Clear CT: 1.0 ms]
   [Other: 7.8 ms]
      [Choose CSet: 0.0 ms]
      [Ref Proc: 6.2 ms]
      [Ref Enq: 0.0 ms]
      [Redirty Cards: 1.0 ms]
      [Humongous Register: 0.0 ms]
      [Humongous Reclaim: 0.0 ms]
      [Free CSet: 0.4 ms]
   [Eden: 1338.0M(1338.0M)->0.0B(1216.0M) Survivors: 210.0M->194.0M Heap: 3345.2M(4096.0M)->2147.9M(4096.0M)]
 [Times: user=0.32 sys=0.02, real=0.04 secs] 
2021-01-22T00:38:13.644+0800: 49.908: [GC pause (G1 Evacuation Pause) (young) (initial-mark), 0.0389188 secs]
   [Parallel Time: 35.7 ms, GC Workers: 8]
      [GC Worker Start (ms): Min: 49908.3, Avg: 49908.5, Max: 49908.7, Diff: 0.4]
      [Ext Root Scanning (ms): Min: 0.1, Avg: 0.4, Max: 0.6, Diff: 0.5, Sum: 3.4]
      [Update RS (ms): Min: 0.0, Avg: 0.1, Max: 0.2, Diff: 0.2, Sum: 0.5]
         [Processed Buffers: Min: 0, Avg: 1.1, Max: 5, Diff: 5, Sum: 9]
      [Scan RS (ms): Min: 0.0, Avg: 0.1, Max: 0.1, Diff: 0.1, Sum: 0.7]
      [Code Root Scanning (ms): Min: 0.0, Avg: 0.0, Max: 0.0, Diff: 0.0, Sum: 0.0]
      [Object Copy (ms): Min: 33.4, Avg: 33.7, Max: 34.8, Diff: 1.5, Sum: 269.6]
      [Termination (ms): Min: 0.0, Avg: 1.2, Max: 1.5, Diff: 1.5, Sum: 9.2]
         [Termination Attempts: Min: 1, Avg: 1.2, Max: 2, Diff: 1, Sum: 10]
      [GC Worker Other (ms): Min: 0.0, Avg: 0.0, Max: 0.0, Diff: 0.0, Sum: 0.1]
      [GC Worker Total (ms): Min: 35.3, Avg: 35.4, Max: 35.6, Diff: 0.3, Sum: 283.5]
      [GC Worker End (ms): Min: 49943.9, Avg: 49943.9, Max: 49944.0, Diff: 0.0]
   [Code Root Fixup: 0.0 ms]
   [Code Root Purge: 0.0 ms]
   [Clear CT: 0.9 ms]
   [Other: 2.3 ms]
      [Choose CSet: 0.0 ms]
      [Ref Proc: 0.9 ms]
      [Ref Enq: 0.0 ms]
      [Redirty Cards: 0.9 ms]
      [Humongous Register: 0.0 ms]
      [Humongous Reclaim: 0.0 ms]
      [Free CSet: 0.3 ms]
   [Eden: 1216.0M(1216.0M)->0.0B(1084.0M) Survivors: 194.0M->178.0M Heap: 3363.9M(4096.0M)->2301.2M(4096.0M)]
 [Times: user=0.29 sys=0.00, real=0.04 secs] 
2021-01-22T00:38:13.684+0800: 49.948: [GC concurrent-root-region-scan-start]
2021-01-22T00:38:13.684+0800: 49.948: [GC concurrent-root-region-scan-end, 0.0003810 secs]
2021-01-22T00:38:13.684+0800: 49.948: [GC concurrent-mark-start]
2021-01-22T00:38:13.690+0800: 49.953: [GC concurrent-mark-end, 0.0052070 secs]
2021-01-22T00:38:13.690+0800: 49.954: [GC remark 2021-01-22T00:38:13.690+0800: 49.954: [Finalize Marking, 0.0010172 secs] 2021-01-22T00:38:13.692+0800: 49.956: [GC ref-proc, 0.0006319 secs] 2021-01-22T00:38:13.693+0800: 49.957: [Unloading, 0.0014364 secs], 0.0059875 secs]
 [Times: user=0.01 sys=0.00, real=0.00 secs] 
2021-01-22T00:38:13.697+0800: 49.961: [GC cleanup 2342M->712M(4096M), 0.0042195 secs]
 [Times: user=0.01 sys=0.00, real=0.01 secs] 
2021-01-22T00:38:13.702+0800: 49.966: [GC concurrent-cleanup-start]
2021-01-22T00:38:13.704+0800: 49.967: [GC concurrent-cleanup-end, 0.0017365 secs]
2021-01-22T00:38:13.830+0800: 50.094: [GC pause (G1 Evacuation Pause) (young), 0.0346123 secs]
   [Parallel Time: 30.7 ms, GC Workers: 8]
      [GC Worker Start (ms): Min: 50094.0, Avg: 50094.2, Max: 50094.4, Diff: 0.4]
      [Ext Root Scanning (ms): Min: 0.0, Avg: 0.1, Max: 0.3, Diff: 0.3, Sum: 0.6]
      [Update RS (ms): Min: 0.0, Avg: 0.1, Max: 0.1, Diff: 0.1, Sum: 0.5]
         [Processed Buffers: Min: 0, Avg: 1.1, Max: 2, Diff: 2, Sum: 9]
      [Scan RS (ms): Min: 0.0, Avg: 0.1, Max: 0.1, Diff: 0.1, Sum: 0.6]
      [Code Root Scanning (ms): Min: 0.0, Avg: 0.0, Max: 0.0, Diff: 0.0, Sum: 0.0]
      [Object Copy (ms): Min: 29.4, Avg: 29.4, Max: 29.5, Diff: 0.1, Sum: 235.6]
      [Termination (ms): Min: 0.0, Avg: 0.1, Max: 0.1, Diff: 0.1, Sum: 0.8]
         [Termination Attempts: Min: 1, Avg: 1.0, Max: 1, Diff: 0, Sum: 8]
      [GC Worker Other (ms): Min: 0.0, Avg: 0.0, Max: 0.0, Diff: 0.0, Sum: 0.1]
      [GC Worker Total (ms): Min: 29.6, Avg: 29.8, Max: 30.1, Diff: 0.4, Sum: 238.2]
      [GC Worker End (ms): Min: 50124.0, Avg: 50124.0, Max: 50124.1, Diff: 0.1]
   [Code Root Fixup: 0.0 ms]
   [Code Root Purge: 0.0 ms]
   [Clear CT: 0.8 ms]
   [Other: 3.1 ms]
      [Choose CSet: 0.0 ms]
      [Ref Proc: 1.2 ms]
      [Ref Enq: 0.0 ms]
      [Redirty Cards: 1.4 ms]
      [Humongous Register: 0.0 ms]
      [Humongous Reclaim: 0.0 ms]
      [Free CSet: 0.3 ms]
   [Eden: 1084.0M(1084.0M)->0.0B(47104.0K) Survivors: 178.0M->158.0M Heap: 1755.2M(4096.0M)->815.0M(4096.0M)]
 [Times: user=0.25 sys=0.00, real=0.03 secs] 
2021-01-22T00:38:13.870+0800: 50.134: [GC pause (G1 Evacuation Pause) (mixed), 0.0206286 secs]
   [Parallel Time: 16.7 ms, GC Workers: 8]
      [GC Worker Start (ms): Min: 50134.6, Avg: 50134.8, Max: 50134.9, Diff: 0.4]
      [Ext Root Scanning (ms): Min: 0.0, Avg: 0.1, Max: 0.2, Diff: 0.2, Sum: 0.5]
      [Update RS (ms): Min: 0.0, Avg: 0.1, Max: 0.1, Diff: 0.1, Sum: 0.4]
         [Processed Buffers: Min: 0, Avg: 1.1, Max: 2, Diff: 2, Sum: 9]
      [Scan RS (ms): Min: 0.0, Avg: 0.0, Max: 0.0, Diff: 0.0, Sum: 0.2]
      [Code Root Scanning (ms): Min: 0.0, Avg: 0.0, Max: 0.0, Diff: 0.0, Sum: 0.0]
      [Object Copy (ms): Min: 16.1, Avg: 16.2, Max: 16.2, Diff: 0.1, Sum: 129.2]
      [Termination (ms): Min: 0.0, Avg: 0.1, Max: 0.1, Diff: 0.1, Sum: 0.4]
         [Termination Attempts: Min: 1, Avg: 1.4, Max: 3, Diff: 2, Sum: 11]
      [GC Worker Other (ms): Min: 0.0, Avg: 0.0, Max: 0.0, Diff: 0.0, Sum: 0.1]
      [GC Worker Total (ms): Min: 16.2, Avg: 16.4, Max: 16.6, Diff: 0.4, Sum: 130.9]
      [GC Worker End (ms): Min: 50151.1, Avg: 50151.1, Max: 50151.1, Diff: 0.0]
   [Code Root Fixup: 0.0 ms]
   [Code Root Purge: 0.0 ms]
   [Clear CT: 1.4 ms]
   [Other: 2.5 ms]
      [Choose CSet: 0.0 ms]
      [Ref Proc: 0.5 ms]
      [Ref Enq: 0.0 ms]
      [Redirty Cards: 1.3 ms]
      [Humongous Register: 0.0 ms]
      [Humongous Reclaim: 0.0 ms]
      [Free CSet: 0.3 ms]
   [Eden: 47104.0K(47104.0K)->0.0B(2438.0M) Survivors: 158.0M->18432.0K Heap: 861.0M(4096.0M)->763.3M(4096.0M)]
 [Times: user=0.13 sys=0.02, real=0.02 secs] 
2021-01-22T00:38:14.180+0800: 50.444: [GC pause (G1 Evacuation Pause) (young), 0.0398545 secs]
   [Parallel Time: 35.9 ms, GC Workers: 8]
      [GC Worker Start (ms): Min: 50443.8, Avg: 50444.1, Max: 50444.2, Diff: 0.4]
      [Ext Root Scanning (ms): Min: 0.0, Avg: 0.1, Max: 0.2, Diff: 0.2, Sum: 0.5]
      [Update RS (ms): Min: 0.0, Avg: 0.1, Max: 0.2, Diff: 0.2, Sum: 0.5]
         [Processed Buffers: Min: 0, Avg: 1.1, Max: 3, Diff: 3, Sum: 9]
      [Scan RS (ms): Min: 0.1, Avg: 0.2, Max: 0.2, Diff: 0.1, Sum: 1.3]
      [Code Root Scanning (ms): Min: 0.0, Avg: 0.0, Max: 0.0, Diff: 0.0, Sum: 0.0]
      [Object Copy (ms): Min: 34.4, Avg: 34.4, Max: 34.5, Diff: 0.1, Sum: 275.5]
      [Termination (ms): Min: 0.0, Avg: 0.0, Max: 0.1, Diff: 0.1, Sum: 0.4]
         [Termination Attempts: Min: 1, Avg: 1.1, Max: 2, Diff: 1, Sum: 9]
      [GC Worker Other (ms): Min: 0.0, Avg: 0.2, Max: 0.3, Diff: 0.3, Sum: 1.3]
      [GC Worker Total (ms): Min: 34.8, Avg: 34.9, Max: 35.1, Diff: 0.4, Sum: 279.5]
      [GC Worker End (ms): Min: 50478.8, Avg: 50479.0, Max: 50479.1, Diff: 0.3]
   [Code Root Fixup: 0.0 ms]
   [Code Root Purge: 0.0 ms]
   [Clear CT: 0.5 ms]
   [Other: 3.5 ms]
      [Choose CSet: 0.0 ms]
      [Ref Proc: 0.9 ms]
      [Ref Enq: 0.0 ms]
      [Redirty Cards: 1.6 ms]
      [Humongous Register: 0.0 ms]
      [Humongous Reclaim: 0.0 ms]
      [Free CSet: 0.8 ms]
   [Eden: 2438.0M(2438.0M)->0.0B(2148.0M) Survivors: 18432.0K->308.0M Heap: 3201.3M(4096.0M)->1112.4M(4096.0M)]
 [Times: user=0.28 sys=0.00, real=0.04 secs] 
2021-01-22T00:38:14.464+0800: 50.728: [GC pause (G1 Evacuation Pause) (young), 0.0399447 secs]
   [Parallel Time: 36.5 ms, GC Workers: 8]
      [GC Worker Start (ms): Min: 50728.3, Avg: 50728.5, Max: 50728.7, Diff: 0.4]
      [Ext Root Scanning (ms): Min: 0.0, Avg: 0.1, Max: 0.2, Diff: 0.2, Sum: 0.5]
      [Update RS (ms): Min: 0.0, Avg: 0.0, Max: 0.1, Diff: 0.1, Sum: 0.4]
         [Processed Buffers: Min: 0, Avg: 1.1, Max: 2, Diff: 2, Sum: 9]
      [Scan RS (ms): Min: 0.2, Avg: 0.2, Max: 0.2, Diff: 0.1, Sum: 1.5]
      [Code Root Scanning (ms): Min: 0.0, Avg: 0.0, Max: 0.0, Diff: 0.0, Sum: 0.0]
      [Object Copy (ms): Min: 35.2, Avg: 35.2, Max: 35.4, Diff: 0.2, Sum: 281.8]
      [Termination (ms): Min: 0.0, Avg: 0.2, Max: 0.3, Diff: 0.3, Sum: 1.5]
         [Termination Attempts: Min: 1, Avg: 1.0, Max: 1, Diff: 0, Sum: 8]
      [GC Worker Other (ms): Min: 0.0, Avg: 0.0, Max: 0.1, Diff: 0.1, Sum: 0.2]
      [GC Worker Total (ms): Min: 35.6, Avg: 35.7, Max: 36.0, Diff: 0.4, Sum: 286.0]
      [GC Worker End (ms): Min: 50764.3, Avg: 50764.3, Max: 50764.3, Diff: 0.1]
   [Code Root Fixup: 0.0 ms]
   [Code Root Purge: 0.0 ms]
   [Clear CT: 0.7 ms]
   [Other: 2.7 ms]
      [Choose CSet: 0.0 ms]
      [Ref Proc: 1.0 ms]
      [Ref Enq: 0.0 ms]
      [Redirty Cards: 0.8 ms]
      [Humongous Register: 0.1 ms]
      [Humongous Reclaim: 0.0 ms]
      [Free CSet: 0.6 ms]
   [Eden: 2148.0M(2148.0M)->0.0B(2090.0M) Survivors: 308.0M->308.0M Heap: 3260.4M(4096.0M)->1192.9M(4096.0M)]
 [Times: user=0.29 sys=0.00, real=0.04 secs] 
2021-01-22T00:38:14.770+0800: 51.034: [GC pause (G1 Evacuation Pause) (young), 0.0442343 secs]
   [Parallel Time: 40.4 ms, GC Workers: 8]
      [GC Worker Start (ms): Min: 51033.7, Avg: 51033.9, Max: 51034.1, Diff: 0.3]
      [Ext Root Scanning (ms): Min: 0.0, Avg: 0.1, Max: 0.2, Diff: 0.2, Sum: 0.4]
      [Update RS (ms): Min: 0.0, Avg: 0.0, Max: 0.1, Diff: 0.1, Sum: 0.3]
         [Processed Buffers: Min: 0, Avg: 1.1, Max: 3, Diff: 3, Sum: 9]
      [Scan RS (ms): Min: 0.1, Avg: 0.2, Max: 0.2, Diff: 0.0, Sum: 1.2]
      [Code Root Scanning (ms): Min: 0.0, Avg: 0.0, Max: 0.0, Diff: 0.0, Sum: 0.0]
      [Object Copy (ms): Min: 37.8, Avg: 38.0, Max: 39.3, Diff: 1.5, Sum: 304.0]
      [Termination (ms): Min: 0.0, Avg: 1.3, Max: 1.6, Diff: 1.6, Sum: 10.7]
         [Termination Attempts: Min: 1, Avg: 1.0, Max: 1, Diff: 0, Sum: 8]
      [GC Worker Other (ms): Min: 0.0, Avg: 0.1, Max: 0.2, Diff: 0.2, Sum: 0.7]
      [GC Worker Total (ms): Min: 39.5, Avg: 39.7, Max: 39.9, Diff: 0.4, Sum: 317.4]
      [GC Worker End (ms): Min: 51073.5, Avg: 51073.6, Max: 51073.8, Diff: 0.2]
   [Code Root Fixup: 0.0 ms]
   [Code Root Purge: 0.0 ms]
   [Clear CT: 1.3 ms]
   [Other: 2.5 ms]
      [Choose CSet: 0.0 ms]
      [Ref Proc: 0.4 ms]
      [Ref Enq: 0.0 ms]
      [Redirty Cards: 1.2 ms]
      [Humongous Register: 0.0 ms]
      [Humongous Reclaim: 0.0 ms]
      [Free CSet: 0.8 ms]
   [Eden: 2090.0M(2090.0M)->0.0B(2004.0M) Survivors: 308.0M->300.0M Heap: 3282.9M(4096.0M)->1280.8M(4096.0M)]
 [Times: user=0.33 sys=0.00, real=0.04 secs] 
2021-01-22T00:38:15.049+0800: 51.313: [GC pause (G1 Evacuation Pause) (young), 0.0434185 secs]
   [Parallel Time: 39.6 ms, GC Workers: 8]
      [GC Worker Start (ms): Min: 51313.0, Avg: 51313.2, Max: 51313.3, Diff: 0.4]
      [Ext Root Scanning (ms): Min: 0.0, Avg: 0.1, Max: 0.2, Diff: 0.2, Sum: 0.4]
      [Update RS (ms): Min: 0.0, Avg: 0.0, Max: 0.2, Diff: 0.2, Sum: 0.4]
         [Processed Buffers: Min: 0, Avg: 1.1, Max: 3, Diff: 3, Sum: 9]
      [Scan RS (ms): Min: 0.1, Avg: 0.2, Max: 0.2, Diff: 0.1, Sum: 1.2]
      [Code Root Scanning (ms): Min: 0.0, Avg: 0.0, Max: 0.0, Diff: 0.0, Sum: 0.0]
      [Object Copy (ms): Min: 37.9, Avg: 38.0, Max: 38.3, Diff: 0.4, Sum: 304.3]
      [Termination (ms): Min: 0.0, Avg: 0.3, Max: 0.4, Diff: 0.4, Sum: 2.4]
         [Termination Attempts: Min: 1, Avg: 1.5, Max: 2, Diff: 1, Sum: 12]
      [GC Worker Other (ms): Min: 0.0, Avg: 0.1, Max: 0.2, Diff: 0.1, Sum: 0.4]
      [GC Worker Total (ms): Min: 38.5, Avg: 38.7, Max: 38.8, Diff: 0.3, Sum: 309.2]
      [GC Worker End (ms): Min: 51351.8, Avg: 51351.8, Max: 51351.9, Diff: 0.1]
   [Code Root Fixup: 0.0 ms]
   [Code Root Purge: 0.0 ms]
   [Clear CT: 1.1 ms]
   [Other: 2.7 ms]
      [Choose CSet: 0.0 ms]
      [Ref Proc: 0.6 ms]
      [Ref Enq: 0.0 ms]
      [Redirty Cards: 1.6 ms]
      [Humongous Register: 0.0 ms]
      [Humongous Reclaim: 0.0 ms]
      [Free CSet: 0.4 ms]
   [Eden: 2004.0M(2004.0M)->0.0B(1920.0M) Survivors: 300.0M->288.0M Heap: 3284.8M(4096.0M)->1367.6M(4096.0M)]
 [Times: user=0.32 sys=0.00, real=0.04 secs] 
2021-01-22T00:38:15.324+0800: 51.588: [GC pause (G1 Evacuation Pause) (young), 0.0435800 secs]
   [Parallel Time: 39.4 ms, GC Workers: 8]
      [GC Worker Start (ms): Min: 51588.2, Avg: 51588.5, Max: 51588.7, Diff: 0.5]
      [Ext Root Scanning (ms): Min: 0.0, Avg: 0.1, Max: 0.3, Diff: 0.3, Sum: 0.6]
      [Update RS (ms): Min: 0.0, Avg: 0.1, Max: 0.2, Diff: 0.2, Sum: 0.4]
         [Processed Buffers: Min: 0, Avg: 1.1, Max: 3, Diff: 3, Sum: 9]
      [Scan RS (ms): Min: 0.1, Avg: 0.2, Max: 0.2, Diff: 0.1, Sum: 1.3]
      [Code Root Scanning (ms): Min: 0.0, Avg: 0.0, Max: 0.0, Diff: 0.0, Sum: 0.0]
      [Object Copy (ms): Min: 37.4, Avg: 37.6, Max: 38.0, Diff: 0.6, Sum: 300.6]
      [Termination (ms): Min: 0.0, Avg: 0.4, Max: 0.6, Diff: 0.6, Sum: 3.4]
         [Termination Attempts: Min: 1, Avg: 1.1, Max: 2, Diff: 1, Sum: 9]
      [GC Worker Other (ms): Min: 0.0, Avg: 0.1, Max: 0.3, Diff: 0.3, Sum: 0.9]
      [GC Worker Total (ms): Min: 38.1, Avg: 38.4, Max: 38.8, Diff: 0.7, Sum: 307.4]
      [GC Worker End (ms): Min: 51626.8, Avg: 51626.9, Max: 51627.1, Diff: 0.3]
   [Code Root Fixup: 0.0 ms]
   [Code Root Purge: 0.0 ms]
   [Clear CT: 1.5 ms]
   [Other: 2.7 ms]
      [Choose CSet: 0.0 ms]
      [Ref Proc: 0.9 ms]
      [Ref Enq: 0.0 ms]
      [Redirty Cards: 1.0 ms]
      [Humongous Register: 0.1 ms]
      [Humongous Reclaim: 0.0 ms]
      [Free CSet: 0.5 ms]
   [Eden: 1920.0M(1920.0M)->0.0B(1812.0M) Survivors: 288.0M->276.0M Heap: 3287.6M(4096.0M)->1475.7M(4096.0M)]
 [Times: user=0.32 sys=0.00, real=0.04 secs] 
2021-01-22T00:38:15.581+0800: 51.845: [GC pause (G1 Evacuation Pause) (young), 0.0429826 secs]
   [Parallel Time: 39.3 ms, GC Workers: 8]
      [GC Worker Start (ms): Min: 51845.1, Avg: 51845.3, Max: 51845.4, Diff: 0.4]
      [Ext Root Scanning (ms): Min: 0.0, Avg: 0.1, Max: 0.2, Diff: 0.2, Sum: 0.4]
      [Update RS (ms): Min: 0.0, Avg: 0.0, Max: 0.1, Diff: 0.1, Sum: 0.4]
         [Processed Buffers: Min: 0, Avg: 1.1, Max: 3, Diff: 3, Sum: 9]
      [Scan RS (ms): Min: 0.1, Avg: 0.1, Max: 0.2, Diff: 0.1, Sum: 1.1]
      [Code Root Scanning (ms): Min: 0.0, Avg: 0.0, Max: 0.0, Diff: 0.0, Sum: 0.0]
      [Object Copy (ms): Min: 37.7, Avg: 37.9, Max: 38.2, Diff: 0.5, Sum: 302.9]
      [Termination (ms): Min: 0.0, Avg: 0.4, Max: 0.5, Diff: 0.5, Sum: 3.0]
         [Termination Attempts: Min: 1, Avg: 1.0, Max: 1, Diff: 0, Sum: 8]
      [GC Worker Other (ms): Min: 0.0, Avg: 0.0, Max: 0.1, Diff: 0.1, Sum: 0.3]
      [GC Worker Total (ms): Min: 38.4, Avg: 38.5, Max: 38.7, Diff: 0.4, Sum: 308.1]
      [GC Worker End (ms): Min: 51883.8, Avg: 51883.8, Max: 51883.9, Diff: 0.1]
   [Code Root Fixup: 0.0 ms]
   [Code Root Purge: 0.0 ms]
   [Clear CT: 0.9 ms]
   [Other: 2.8 ms]
      [Choose CSet: 0.0 ms]
      [Ref Proc: 0.7 ms]
      [Ref Enq: 0.0 ms]
      [Redirty Cards: 1.3 ms]
      [Humongous Register: 0.0 ms]
      [Humongous Reclaim: 0.0 ms]
      [Free CSet: 0.6 ms]
   [Eden: 1812.0M(1812.0M)->0.0B(1722.0M) Survivors: 276.0M->262.0M Heap: 3287.7M(4096.0M)->1575.9M(4096.0M)]
 [Times: user=0.27 sys=0.01, real=0.04 secs] 
2021-01-22T00:38:15.829+0800: 52.093: [GC pause (G1 Evacuation Pause) (young), 0.0419517 secs]
   [Parallel Time: 38.6 ms, GC Workers: 8]
      [GC Worker Start (ms): Min: 52093.0, Avg: 52093.1, Max: 52093.2, Diff: 0.3]
      [Ext Root Scanning (ms): Min: 0.0, Avg: 0.1, Max: 0.2, Diff: 0.2, Sum: 0.5]
      [Update RS (ms): Min: 0.0, Avg: 0.1, Max: 0.1, Diff: 0.1, Sum: 0.5]
         [Processed Buffers: Min: 0, Avg: 1.1, Max: 2, Diff: 2, Sum: 9]
      [Scan RS (ms): Min: 0.1, Avg: 0.1, Max: 0.2, Diff: 0.0, Sum: 1.1]
      [Code Root Scanning (ms): Min: 0.0, Avg: 0.0, Max: 0.0, Diff: 0.0, Sum: 0.0]
      [Object Copy (ms): Min: 36.7, Avg: 36.9, Max: 37.4, Diff: 0.7, Sum: 295.4]
      [Termination (ms): Min: 0.0, Avg: 0.5, Max: 0.8, Diff: 0.8, Sum: 4.3]
         [Termination Attempts: Min: 1, Avg: 1.0, Max: 1, Diff: 0, Sum: 8]
      [GC Worker Other (ms): Min: 0.0, Avg: 0.0, Max: 0.1, Diff: 0.1, Sum: 0.2]
      [GC Worker Total (ms): Min: 37.6, Avg: 37.8, Max: 37.9, Diff: 0.3, Sum: 302.1]
      [GC Worker End (ms): Min: 52130.9, Avg: 52130.9, Max: 52130.9, Diff: 0.1]
   [Code Root Fixup: 0.0 ms]
   [Code Root Purge: 0.0 ms]
   [Clear CT: 1.0 ms]
   [Other: 2.3 ms]
      [Choose CSet: 0.0 ms]
      [Ref Proc: 0.8 ms]
      [Ref Enq: 0.0 ms]
      [Redirty Cards: 0.9 ms]
      [Humongous Register: 0.0 ms]
      [Humongous Reclaim: 0.0 ms]
      [Free CSet: 0.4 ms]
   [Eden: 1722.0M(1722.0M)->0.0B(1624.0M) Survivors: 262.0M->248.0M Heap: 3297.9M(4096.0M)->1684.6M(4096.0M)]
 [Times: user=0.29 sys=0.01, real=0.04 secs] 
2021-01-22T00:38:16.076+0800: 52.340: [GC pause (G1 Evacuation Pause) (young), 0.0429002 secs]
   [Parallel Time: 38.3 ms, GC Workers: 8]
      [GC Worker Start (ms): Min: 52340.0, Avg: 52340.2, Max: 52340.4, Diff: 0.4]
      [Ext Root Scanning (ms): Min: 0.0, Avg: 0.0, Max: 0.2, Diff: 0.2, Sum: 0.4]
      [Update RS (ms): Min: 0.0, Avg: 0.0, Max: 0.1, Diff: 0.1, Sum: 0.3]
         [Processed Buffers: Min: 0, Avg: 1.1, Max: 3, Diff: 3, Sum: 9]
      [Scan RS (ms): Min: 0.1, Avg: 0.1, Max: 0.2, Diff: 0.1, Sum: 1.0]
      [Code Root Scanning (ms): Min: 0.0, Avg: 0.0, Max: 0.0, Diff: 0.0, Sum: 0.0]
      [Object Copy (ms): Min: 36.5, Avg: 36.6, Max: 37.1, Diff: 0.6, Sum: 292.9]
      [Termination (ms): Min: 0.0, Avg: 0.5, Max: 0.7, Diff: 0.7, Sum: 4.2]
         [Termination Attempts: Min: 1, Avg: 1.0, Max: 1, Diff: 0, Sum: 8]
      [GC Worker Other (ms): Min: 0.0, Avg: 0.0, Max: 0.1, Diff: 0.1, Sum: 0.4]
      [GC Worker Total (ms): Min: 37.3, Avg: 37.4, Max: 37.6, Diff: 0.3, Sum: 299.2]
      [GC Worker End (ms): Min: 52377.6, Avg: 52377.6, Max: 52377.7, Diff: 0.1]
   [Code Root Fixup: 0.0 ms]
   [Code Root Purge: 0.0 ms]
   [Clear CT: 1.2 ms]
   [Other: 3.4 ms]
      [Choose CSet: 0.0 ms]
      [Ref Proc: 1.1 ms]
      [Ref Enq: 0.0 ms]
      [Redirty Cards: 1.5 ms]
      [Humongous Register: 0.0 ms]
      [Humongous Reclaim: 0.0 ms]
      [Free CSet: 0.6 ms]
   [Eden: 1624.0M(1624.0M)->0.0B(1522.0M) Survivors: 248.0M->234.0M Heap: 3308.6M(4096.0M)->1800.8M(4096.0M)]
 [Times: user=0.31 sys=0.00, real=0.05 secs] 
2021-01-22T00:38:16.319+0800: 52.582: [GC pause (G1 Evacuation Pause) (young), 0.0427483 secs]
   [Parallel Time: 38.4 ms, GC Workers: 8]
      [GC Worker Start (ms): Min: 52582.6, Avg: 52582.9, Max: 52583.1, Diff: 0.5]
      [Ext Root Scanning (ms): Min: 0.0, Avg: 0.1, Max: 0.2, Diff: 0.2, Sum: 0.4]
      [Update RS (ms): Min: 0.0, Avg: 0.0, Max: 0.1, Diff: 0.1, Sum: 0.4]
         [Processed Buffers: Min: 0, Avg: 1.1, Max: 3, Diff: 3, Sum: 9]
      [Scan RS (ms): Min: 0.0, Avg: 0.1, Max: 0.2, Diff: 0.1, Sum: 1.0]
      [Code Root Scanning (ms): Min: 0.0, Avg: 0.0, Max: 0.0, Diff: 0.0, Sum: 0.0]
      [Object Copy (ms): Min: 35.8, Avg: 36.3, Max: 37.3, Diff: 1.5, Sum: 290.1]
      [Termination (ms): Min: 0.0, Avg: 1.1, Max: 1.4, Diff: 1.4, Sum: 8.4]
         [Termination Attempts: Min: 1, Avg: 1.1, Max: 2, Diff: 1, Sum: 9]
      [GC Worker Other (ms): Min: 0.0, Avg: 0.0, Max: 0.1, Diff: 0.0, Sum: 0.1]
      [GC Worker Total (ms): Min: 37.3, Avg: 37.6, Max: 37.8, Diff: 0.5, Sum: 300.5]
      [GC Worker End (ms): Min: 52620.4, Avg: 52620.5, Max: 52620.5, Diff: 0.0]
   [Code Root Fixup: 0.0 ms]
   [Code Root Purge: 0.0 ms]
   [Clear CT: 1.0 ms]
   [Other: 3.3 ms]
      [Choose CSet: 0.0 ms]
      [Ref Proc: 1.0 ms]
      [Ref Enq: 0.0 ms]
      [Redirty Cards: 1.0 ms]
      [Humongous Register: 0.0 ms]
      [Humongous Reclaim: 0.0 ms]
      [Free CSet: 1.0 ms]
   [Eden: 1522.0M(1522.0M)->0.0B(1410.0M) Survivors: 234.0M->220.0M Heap: 3322.8M(4096.0M)->1925.6M(4096.0M)]
 [Times: user=0.30 sys=0.01, real=0.04 secs] 
2021-01-22T00:38:16.540+0800: 52.804: [GC pause (G1 Evacuation Pause) (young), 0.0440747 secs]
   [Parallel Time: 39.3 ms, GC Workers: 8]
      [GC Worker Start (ms): Min: 52804.5, Avg: 52804.8, Max: 52805.0, Diff: 0.5]
      [Ext Root Scanning (ms): Min: 0.0, Avg: 0.1, Max: 0.3, Diff: 0.3, Sum: 0.7]
      [Update RS (ms): Min: 0.0, Avg: 1.1, Max: 8.2, Diff: 8.2, Sum: 8.8]
         [Processed Buffers: Min: 0, Avg: 1.1, Max: 2, Diff: 2, Sum: 9]
      [Scan RS (ms): Min: 0.1, Avg: 0.2, Max: 0.4, Diff: 0.3, Sum: 1.4]
      [Code Root Scanning (ms): Min: 0.0, Avg: 0.0, Max: 0.0, Diff: 0.0, Sum: 0.0]
      [Object Copy (ms): Min: 27.2, Avg: 34.7, Max: 37.2, Diff: 10.0, Sum: 277.9]
      [Termination (ms): Min: 0.0, Avg: 1.4, Max: 1.9, Diff: 1.9, Sum: 11.5]
         [Termination Attempts: Min: 1, Avg: 1.0, Max: 1, Diff: 0, Sum: 8]
      [GC Worker Other (ms): Min: 0.0, Avg: 0.4, Max: 0.7, Diff: 0.7, Sum: 2.9]
      [GC Worker Total (ms): Min: 37.4, Avg: 37.9, Max: 38.3, Diff: 0.9, Sum: 303.3]
      [GC Worker End (ms): Min: 52842.3, Avg: 52842.7, Max: 52843.1, Diff: 0.7]
   [Code Root Fixup: 0.0 ms]
   [Code Root Purge: 0.0 ms]
   [Clear CT: 1.3 ms]
   [Other: 3.4 ms]
      [Choose CSet: 0.0 ms]
      [Ref Proc: 1.1 ms]
      [Ref Enq: 0.0 ms]
      [Redirty Cards: 1.6 ms]
      [Humongous Register: 0.2 ms]
      [Humongous Reclaim: 0.0 ms]
      [Free CSet: 0.4 ms]
   [Eden: 1410.0M(1410.0M)->0.0B(1302.0M) Survivors: 220.0M->204.0M Heap: 3335.6M(4096.0M)->2049.8M(4096.0M)]
 [Times: user=0.31 sys=0.00, real=0.04 secs] 
2021-01-22T00:38:16.750+0800: 53.014: [GC pause (G1 Evacuation Pause) (young) (initial-mark), 0.0385194 secs]
   [Parallel Time: 34.3 ms, GC Workers: 8]
      [GC Worker Start (ms): Min: 53014.5, Avg: 53014.7, Max: 53014.9, Diff: 0.4]
      [Ext Root Scanning (ms): Min: 0.0, Avg: 0.4, Max: 0.6, Diff: 0.6, Sum: 3.0]
      [Update RS (ms): Min: 0.0, Avg: 0.0, Max: 0.2, Diff: 0.1, Sum: 0.3]
         [Processed Buffers: Min: 0, Avg: 1.1, Max: 5, Diff: 5, Sum: 9]
      [Scan RS (ms): Min: 0.0, Avg: 0.1, Max: 0.1, Diff: 0.1, Sum: 0.6]
      [Code Root Scanning (ms): Min: 0.0, Avg: 0.0, Max: 0.0, Diff: 0.0, Sum: 0.0]
      [Object Copy (ms): Min: 32.6, Avg: 32.8, Max: 32.8, Diff: 0.2, Sum: 262.0]
      [Termination (ms): Min: 0.0, Avg: 0.1, Max: 0.1, Diff: 0.1, Sum: 0.7]
         [Termination Attempts: Min: 1, Avg: 1.0, Max: 1, Diff: 0, Sum: 8]
      [GC Worker Other (ms): Min: 0.0, Avg: 0.0, Max: 0.1, Diff: 0.1, Sum: 0.2]
      [GC Worker Total (ms): Min: 33.2, Avg: 33.4, Max: 33.6, Diff: 0.4, Sum: 266.9]
      [GC Worker End (ms): Min: 53048.0, Avg: 53048.1, Max: 53048.1, Diff: 0.1]
   [Code Root Fixup: 0.0 ms]
   [Code Root Purge: 0.0 ms]
   [Clear CT: 1.1 ms]
   [Other: 3.1 ms]
      [Choose CSet: 0.0 ms]
      [Ref Proc: 0.8 ms]
      [Ref Enq: 0.0 ms]
      [Redirty Cards: 1.3 ms]
      [Humongous Register: 0.0 ms]
      [Humongous Reclaim: 0.0 ms]
      [Free CSet: 0.8 ms]
   [Eden: 1302.0M(1302.0M)->0.0B(1174.0M) Survivors: 204.0M->190.0M Heap: 3351.8M(4096.0M)->2197.7M(4096.0M)]
 [Times: user=0.28 sys=0.00, real=0.04 secs] 
2021-01-22T00:38:16.790+0800: 53.054: [GC concurrent-root-region-scan-start]
2021-01-22T00:38:16.790+0800: 53.054: [GC concurrent-root-region-scan-end, 0.0003184 secs]
2021-01-22T00:38:16.790+0800: 53.054: [GC concurrent-mark-start]
2021-01-22T00:38:16.795+0800: 53.058: [GC concurrent-mark-end, 0.0044122 secs]
2021-01-22T00:38:16.795+0800: 53.059: [GC remark 2021-01-22T00:38:16.795+0800: 53.059: [Finalize Marking, 0.0011097 secs] 2021-01-22T00:38:16.797+0800: 53.061: [GC ref-proc, 0.0005361 secs] 2021-01-22T00:38:16.797+0800: 53.061: [Unloading, 0.0013270 secs], 0.0049047 secs]
 [Times: user=0.01 sys=0.00, real=0.01 secs] 
2021-01-22T00:38:16.800+0800: 53.064: [GC cleanup 2240M->666M(4096M), 0.0033460 secs]
 [Times: user=0.01 sys=0.00, real=0.00 secs] 
2021-01-22T00:38:16.804+0800: 53.068: [GC concurrent-cleanup-start]
2021-01-22T00:38:16.805+0800: 53.069: [GC concurrent-cleanup-end, 0.0011203 secs]
2021-01-22T00:38:16.941+0800: 53.204: [GC pause (G1 Evacuation Pause) (young), 0.0346652 secs]
   [Parallel Time: 31.6 ms, GC Workers: 8]
      [GC Worker Start (ms): Min: 53204.7, Avg: 53204.8, Max: 53205.1, Diff: 0.4]
      [Ext Root Scanning (ms): Min: 0.0, Avg: 0.1, Max: 0.2, Diff: 0.2, Sum: 0.5]
      [Update RS (ms): Min: 0.0, Avg: 0.1, Max: 0.1, Diff: 0.1, Sum: 0.5]
         [Processed Buffers: Min: 0, Avg: 1.1, Max: 3, Diff: 3, Sum: 9]
      [Scan RS (ms): Min: 0.0, Avg: 0.1, Max: 0.1, Diff: 0.1, Sum: 0.6]
      [Code Root Scanning (ms): Min: 0.0, Avg: 0.0, Max: 0.0, Diff: 0.0, Sum: 0.0]
      [Object Copy (ms): Min: 30.0, Avg: 30.2, Max: 30.6, Diff: 0.6, Sum: 241.3]
      [Termination (ms): Min: 0.0, Avg: 0.5, Max: 0.6, Diff: 0.6, Sum: 3.8]
         [Termination Attempts: Min: 1, Avg: 1.0, Max: 1, Diff: 0, Sum: 8]
      [GC Worker Other (ms): Min: 0.0, Avg: 0.0, Max: 0.1, Diff: 0.1, Sum: 0.2]
      [GC Worker Total (ms): Min: 30.6, Avg: 30.9, Max: 31.1, Diff: 0.5, Sum: 247.0]
      [GC Worker End (ms): Min: 53235.7, Avg: 53235.7, Max: 53235.8, Diff: 0.1]
   [Code Root Fixup: 0.0 ms]
   [Code Root Purge: 0.0 ms]
   [Clear CT: 0.8 ms]
   [Other: 2.2 ms]
      [Choose CSet: 0.0 ms]
      [Ref Proc: 0.7 ms]
      [Ref Enq: 0.0 ms]
      [Redirty Cards: 1.0 ms]
      [Humongous Register: 0.0 ms]
      [Humongous Reclaim: 0.0 ms]
      [Free CSet: 0.3 ms]
   [Eden: 1174.0M(1174.0M)->0.0B(32768.0K) Survivors: 190.0M->172.0M Heap: 1797.7M(4096.0M)->761.3M(4096.0M)]
 [Times: user=0.25 sys=0.00, real=0.03 secs] 
2021-01-22T00:38:16.980+0800: 53.244: [GC pause (G1 Evacuation Pause) (mixed), 0.0213986 secs]
   [Parallel Time: 18.2 ms, GC Workers: 8]
      [GC Worker Start (ms): Min: 53243.8, Avg: 53243.9, Max: 53244.0, Diff: 0.3]
      [Ext Root Scanning (ms): Min: 0.0, Avg: 0.1, Max: 0.2, Diff: 0.2, Sum: 0.6]
      [Update RS (ms): Min: 0.0, Avg: 0.1, Max: 0.1, Diff: 0.1, Sum: 0.5]
         [Processed Buffers: Min: 0, Avg: 1.1, Max: 3, Diff: 3, Sum: 9]
      [Scan RS (ms): Min: 0.0, Avg: 0.0, Max: 0.0, Diff: 0.0, Sum: 0.1]
      [Code Root Scanning (ms): Min: 0.0, Avg: 0.0, Max: 0.0, Diff: 0.0, Sum: 0.0]
      [Object Copy (ms): Min: 16.8, Avg: 16.9, Max: 17.4, Diff: 0.6, Sum: 135.5]
      [Termination (ms): Min: 0.0, Avg: 0.5, Max: 0.7, Diff: 0.7, Sum: 3.7]
         [Termination Attempts: Min: 1, Avg: 1.0, Max: 1, Diff: 0, Sum: 8]
      [GC Worker Other (ms): Min: 0.0, Avg: 0.0, Max: 0.0, Diff: 0.0, Sum: 0.0]
      [GC Worker Total (ms): Min: 17.4, Avg: 17.6, Max: 17.7, Diff: 0.3, Sum: 140.6]
      [GC Worker End (ms): Min: 53261.5, Avg: 53261.5, Max: 53261.5, Diff: 0.1]
   [Code Root Fixup: 0.0 ms]
   [Code Root Purge: 0.0 ms]
   [Clear CT: 0.8 ms]
   [Other: 2.5 ms]
      [Choose CSet: 0.0 ms]
      [Ref Proc: 1.5 ms]
      [Ref Enq: 0.0 ms]
      [Redirty Cards: 0.7 ms]
      [Humongous Register: 0.0 ms]
      [Humongous Reclaim: 0.0 ms]
      [Free CSet: 0.1 ms]
   [Eden: 32768.0K(32768.0K)->0.0B(2442.0M) Survivors: 172.0M->14336.0K Heap: 793.3M(4096.0M)->736.1M(4096.0M)]
 [Times: user=0.14 sys=0.01, real=0.02 secs] 
2021-01-22T00:38:17.289+0800: 53.553: [GC pause (G1 Evacuation Pause) (young), 0.0372789 secs]
   [Parallel Time: 32.7 ms, GC Workers: 8]
      [GC Worker Start (ms): Min: 53552.8, Avg: 53553.0, Max: 53553.2, Diff: 0.4]
      [Ext Root Scanning (ms): Min: 0.0, Avg: 0.0, Max: 0.2, Diff: 0.2, Sum: 0.4]
      [Update RS (ms): Min: 0.0, Avg: 0.1, Max: 0.2, Diff: 0.2, Sum: 0.4]
         [Processed Buffers: Min: 0, Avg: 1.1, Max: 2, Diff: 2, Sum: 9]
      [Scan RS (ms): Min: 0.1, Avg: 0.2, Max: 0.2, Diff: 0.1, Sum: 1.3]
      [Code Root Scanning (ms): Min: 0.0, Avg: 0.0, Max: 0.0, Diff: 0.0, Sum: 0.0]
      [Object Copy (ms): Min: 30.7, Avg: 30.8, Max: 31.5, Diff: 0.8, Sum: 246.2]
      [Termination (ms): Min: 0.0, Avg: 0.7, Max: 0.8, Diff: 0.8, Sum: 5.5]
         [Termination Attempts: Min: 1, Avg: 1.0, Max: 1, Diff: 0, Sum: 8]
      [GC Worker Other (ms): Min: 0.0, Avg: 0.0, Max: 0.0, Diff: 0.0, Sum: 0.1]
      [GC Worker Total (ms): Min: 31.6, Avg: 31.8, Max: 32.0, Diff: 0.4, Sum: 254.0]
      [GC Worker End (ms): Min: 53584.8, Avg: 53584.8, Max: 53584.8, Diff: 0.0]
   [Code Root Fixup: 0.0 ms]
   [Code Root Purge: 0.0 ms]
   [Clear CT: 1.2 ms]
   [Other: 3.4 ms]
      [Choose CSet: 0.0 ms]
      [Ref Proc: 1.2 ms]
      [Ref Enq: 0.0 ms]
      [Redirty Cards: 1.2 ms]
      [Humongous Register: 0.1 ms]
      [Humongous Reclaim: 0.0 ms]
      [Free CSet: 0.8 ms]
   [Eden: 2442.0M(2442.0M)->0.0B(2148.0M) Survivors: 14336.0K->308.0M Heap: 3178.1M(4096.0M)->1069.1M(4096.0M)]
 [Times: user=0.26 sys=0.00, real=0.03 secs] 
2021-01-22T00:38:17.576+0800: 53.840: [GC pause (G1 Evacuation Pause) (young), 0.0440378 secs]
   [Parallel Time: 38.9 ms, GC Workers: 8]
      [GC Worker Start (ms): Min: 53840.2, Avg: 53840.4, Max: 53840.6, Diff: 0.4]
      [Ext Root Scanning (ms): Min: 0.0, Avg: 0.1, Max: 0.3, Diff: 0.3, Sum: 0.6]
      [Update RS (ms): Min: 0.0, Avg: 0.1, Max: 0.1, Diff: 0.1, Sum: 0.5]
         [Processed Buffers: Min: 0, Avg: 1.1, Max: 2, Diff: 2, Sum: 9]
      [Scan RS (ms): Min: 0.1, Avg: 0.2, Max: 0.2, Diff: 0.1, Sum: 1.3]
      [Code Root Scanning (ms): Min: 0.0, Avg: 0.0, Max: 0.0, Diff: 0.0, Sum: 0.0]
      [Object Copy (ms): Min: 37.3, Avg: 37.4, Max: 37.5, Diff: 0.2, Sum: 298.9]
      [Termination (ms): Min: 0.0, Avg: 0.2, Max: 0.2, Diff: 0.2, Sum: 1.4]
         [Termination Attempts: Min: 1, Avg: 1.0, Max: 1, Diff: 0, Sum: 8]
      [GC Worker Other (ms): Min: 0.0, Avg: 0.0, Max: 0.1, Diff: 0.1, Sum: 0.3]
      [GC Worker Total (ms): Min: 37.6, Avg: 37.9, Max: 38.1, Diff: 0.5, Sum: 303.1]
      [GC Worker End (ms): Min: 53878.2, Avg: 53878.3, Max: 53878.4, Diff: 0.1]
   [Code Root Fixup: 0.0 ms]
   [Code Root Purge: 0.0 ms]
   [Clear CT: 1.1 ms]
   [Other: 4.1 ms]
      [Choose CSet: 0.0 ms]
      [Ref Proc: 1.1 ms]
      [Ref Enq: 0.0 ms]
      [Redirty Cards: 1.7 ms]
      [Humongous Register: 0.0 ms]
      [Humongous Reclaim: 0.0 ms]
      [Free CSet: 1.0 ms]
   [Eden: 2148.0M(2148.0M)->0.0B(2112.0M) Survivors: 308.0M->308.0M Heap: 3217.1M(4096.0M)->1168.0M(4096.0M)]
 [Times: user=0.31 sys=0.01, real=0.05 secs] 
2021-01-22T00:38:17.857+0800: 54.121: [GC pause (G1 Evacuation Pause) (young), 0.0416974 secs]
   [Parallel Time: 36.9 ms, GC Workers: 8]
      [GC Worker Start (ms): Min: 54120.7, Avg: 54121.0, Max: 54121.1, Diff: 0.4]
      [Ext Root Scanning (ms): Min: 0.0, Avg: 0.1, Max: 0.2, Diff: 0.2, Sum: 0.5]
      [Update RS (ms): Min: 0.0, Avg: 0.1, Max: 0.1, Diff: 0.1, Sum: 0.4]
         [Processed Buffers: Min: 0, Avg: 1.1, Max: 3, Diff: 3, Sum: 9]
      [Scan RS (ms): Min: 0.1, Avg: 0.2, Max: 0.2, Diff: 0.1, Sum: 1.4]
      [Code Root Scanning (ms): Min: 0.0, Avg: 0.0, Max: 0.0, Diff: 0.0, Sum: 0.0]
      [Object Copy (ms): Min: 35.7, Avg: 35.8, Max: 35.9, Diff: 0.1, Sum: 286.4]
      [Termination (ms): Min: 0.0, Avg: 0.0, Max: 0.1, Diff: 0.1, Sum: 0.4]
         [Termination Attempts: Min: 1, Avg: 1.0, Max: 1, Diff: 0, Sum: 8]
      [GC Worker Other (ms): Min: 0.0, Avg: 0.1, Max: 0.3, Diff: 0.3, Sum: 1.1]
      [GC Worker Total (ms): Min: 36.0, Avg: 36.3, Max: 36.7, Diff: 0.7, Sum: 290.2]
      [GC Worker End (ms): Min: 54157.1, Avg: 54157.2, Max: 54157.4, Diff: 0.3]
   [Code Root Fixup: 0.0 ms]
   [Code Root Purge: 0.0 ms]
   [Clear CT: 1.4 ms]
   [Other: 3.4 ms]
      [Choose CSet: 0.0 ms]
      [Ref Proc: 1.0 ms]
      [Ref Enq: 0.0 ms]
      [Redirty Cards: 1.2 ms]
      [Humongous Register: 0.0 ms]
      [Humongous Reclaim: 0.0 ms]
      [Free CSet: 0.8 ms]
   [Eden: 2112.0M(2112.0M)->0.0B(2026.0M) Survivors: 308.0M->304.0M Heap: 3280.0M(4096.0M)->1252.1M(4096.0M)]
 [Times: user=0.30 sys=0.00, real=0.05 secs] 
2021-01-22T00:38:18.150+0800: 54.414: [GC pause (G1 Evacuation Pause) (young), 0.0409547 secs]
   [Parallel Time: 36.9 ms, GC Workers: 8]
      [GC Worker Start (ms): Min: 54414.0, Avg: 54414.2, Max: 54414.3, Diff: 0.4]
      [Ext Root Scanning (ms): Min: 0.0, Avg: 0.1, Max: 0.2, Diff: 0.2, Sum: 0.4]
      [Update RS (ms): Min: 0.0, Avg: 0.1, Max: 0.1, Diff: 0.1, Sum: 0.4]
         [Processed Buffers: Min: 0, Avg: 1.1, Max: 2, Diff: 2, Sum: 9]
      [Scan RS (ms): Min: 0.1, Avg: 0.2, Max: 0.3, Diff: 0.2, Sum: 1.5]
      [Code Root Scanning (ms): Min: 0.0, Avg: 0.0, Max: 0.0, Diff: 0.0, Sum: 0.0]
      [Object Copy (ms): Min: 34.5, Avg: 34.7, Max: 35.5, Diff: 1.1, Sum: 277.8]
      [Termination (ms): Min: 0.0, Avg: 0.8, Max: 0.9, Diff: 0.9, Sum: 6.0]
         [Termination Attempts: Min: 1, Avg: 1.0, Max: 1, Diff: 0, Sum: 8]
      [GC Worker Other (ms): Min: 0.0, Avg: 0.1, Max: 0.3, Diff: 0.3, Sum: 0.6]
      [GC Worker Total (ms): Min: 35.6, Avg: 35.9, Max: 36.1, Diff: 0.5, Sum: 286.8]
      [GC Worker End (ms): Min: 54450.0, Avg: 54450.0, Max: 54450.2, Diff: 0.3]
   [Code Root Fixup: 0.0 ms]
   [Code Root Purge: 0.0 ms]
   [Clear CT: 1.1 ms]
   [Other: 2.9 ms]
      [Choose CSet: 0.0 ms]
      [Ref Proc: 0.8 ms]
      [Ref Enq: 0.0 ms]
      [Redirty Cards: 1.0 ms]
      [Humongous Register: 0.0 ms]
      [Humongous Reclaim: 0.0 ms]
      [Free CSet: 0.8 ms]
   [Eden: 2026.0M(2026.0M)->0.0B(1954.0M) Survivors: 304.0M->292.0M Heap: 3278.1M(4096.0M)->1331.3M(4096.0M)]
 [Times: user=0.30 sys=0.00, real=0.04 secs] 
2021-01-22T00:38:18.418+0800: 54.682: [GC pause (G1 Evacuation Pause) (young), 0.0387634 secs]
   [Parallel Time: 34.5 ms, GC Workers: 8]
      [GC Worker Start (ms): Min: 54682.0, Avg: 54682.2, Max: 54682.4, Diff: 0.3]
      [Ext Root Scanning (ms): Min: 0.0, Avg: 0.1, Max: 0.2, Diff: 0.2, Sum: 0.4]
      [Update RS (ms): Min: 0.0, Avg: 0.0, Max: 0.1, Diff: 0.1, Sum: 0.4]
         [Processed Buffers: Min: 0, Avg: 1.1, Max: 2, Diff: 2, Sum: 9]
      [Scan RS (ms): Min: 0.1, Avg: 0.2, Max: 0.2, Diff: 0.1, Sum: 1.3]
      [Code Root Scanning (ms): Min: 0.0, Avg: 0.0, Max: 0.0, Diff: 0.0, Sum: 0.0]
      [Object Copy (ms): Min: 32.7, Avg: 32.8, Max: 33.5, Diff: 0.8, Sum: 262.3]
      [Termination (ms): Min: 0.0, Avg: 0.7, Max: 0.8, Diff: 0.8, Sum: 5.5]
         [Termination Attempts: Min: 1, Avg: 1.0, Max: 1, Diff: 0, Sum: 8]
      [GC Worker Other (ms): Min: 0.0, Avg: 0.1, Max: 0.2, Diff: 0.2, Sum: 0.7]
      [GC Worker Total (ms): Min: 33.7, Avg: 33.8, Max: 34.2, Diff: 0.5, Sum: 270.6]
      [GC Worker End (ms): Min: 54716.0, Avg: 54716.0, Max: 54716.2, Diff: 0.2]
   [Code Root Fixup: 0.0 ms]
   [Code Root Purge: 0.0 ms]
   [Clear CT: 1.2 ms]
   [Other: 3.1 ms]
      [Choose CSet: 0.0 ms]
      [Ref Proc: 0.7 ms]
      [Ref Enq: 0.0 ms]
      [Redirty Cards: 1.8 ms]
      [Humongous Register: 0.1 ms]
      [Humongous Reclaim: 0.0 ms]
      [Free CSet: 0.4 ms]
   [Eden: 1954.0M(1954.0M)->0.0B(1880.0M) Survivors: 292.0M->282.0M Heap: 3285.3M(4096.0M)->1412.8M(4096.0M)]
 [Times: user=0.27 sys=0.01, real=0.04 secs] 
2021-01-22T00:38:18.677+0800: 54.940: [GC pause (G1 Evacuation Pause) (young), 0.0405464 secs]
   [Parallel Time: 36.8 ms, GC Workers: 8]
      [GC Worker Start (ms): Min: 54940.6, Avg: 54941.0, Max: 54941.6, Diff: 1.0]
      [Ext Root Scanning (ms): Min: 0.0, Avg: 0.1, Max: 0.2, Diff: 0.2, Sum: 0.5]
      [Update RS (ms): Min: 0.0, Avg: 0.1, Max: 0.1, Diff: 0.1, Sum: 0.5]
         [Processed Buffers: Min: 0, Avg: 1.1, Max: 3, Diff: 3, Sum: 9]
      [Scan RS (ms): Min: 0.1, Avg: 0.1, Max: 0.2, Diff: 0.1, Sum: 1.1]
      [Code Root Scanning (ms): Min: 0.0, Avg: 0.0, Max: 0.0, Diff: 0.0, Sum: 0.0]
      [Object Copy (ms): Min: 34.5, Avg: 35.1, Max: 35.4, Diff: 0.9, Sum: 280.5]
      [Termination (ms): Min: 0.0, Avg: 0.4, Max: 0.6, Diff: 0.6, Sum: 3.2]
         [Termination Attempts: Min: 1, Avg: 1.0, Max: 1, Diff: 0, Sum: 8]
      [GC Worker Other (ms): Min: 0.0, Avg: 0.0, Max: 0.0, Diff: 0.0, Sum: 0.1]
      [GC Worker Total (ms): Min: 35.1, Avg: 35.8, Max: 36.2, Diff: 1.0, Sum: 286.0]
      [GC Worker End (ms): Min: 54976.7, Avg: 54976.7, Max: 54976.8, Diff: 0.1]
   [Code Root Fixup: 0.0 ms]
   [Code Root Purge: 0.0 ms]
   [Clear CT: 0.9 ms]
   [Other: 2.9 ms]
      [Choose CSet: 0.0 ms]
      [Ref Proc: 0.7 ms]
      [Ref Enq: 0.0 ms]
      [Redirty Cards: 1.5 ms]
      [Humongous Register: 0.0 ms]
      [Humongous Reclaim: 0.0 ms]
      [Free CSet: 0.5 ms]
   [Eden: 1880.0M(1880.0M)->0.0B(1784.0M) Survivors: 282.0M->272.0M Heap: 3292.8M(4096.0M)->1513.8M(4096.0M)]
 [Times: user=0.30 sys=0.00, real=0.04 secs] 
2021-01-22T00:38:18.921+0800: 55.185: [GC pause (G1 Evacuation Pause) (young), 0.0408724 secs]
   [Parallel Time: 36.5 ms, GC Workers: 8]
      [GC Worker Start (ms): Min: 55184.7, Avg: 55184.9, Max: 55185.1, Diff: 0.4]
      [Ext Root Scanning (ms): Min: 0.0, Avg: 0.1, Max: 0.2, Diff: 0.2, Sum: 0.5]
      [Update RS (ms): Min: 0.0, Avg: 0.1, Max: 0.1, Diff: 0.1, Sum: 0.4]
         [Processed Buffers: Min: 0, Avg: 1.1, Max: 3, Diff: 3, Sum: 9]
      [Scan RS (ms): Min: 0.1, Avg: 0.1, Max: 0.2, Diff: 0.1, Sum: 1.1]
      [Code Root Scanning (ms): Min: 0.0, Avg: 0.0, Max: 0.0, Diff: 0.0, Sum: 0.0]
      [Object Copy (ms): Min: 35.0, Avg: 35.1, Max: 35.1, Diff: 0.1, Sum: 280.5]
      [Termination (ms): Min: 0.0, Avg: 0.0, Max: 0.1, Diff: 0.1, Sum: 0.3]
         [Termination Attempts: Min: 1, Avg: 1.1, Max: 2, Diff: 1, Sum: 9]
      [GC Worker Other (ms): Min: 0.0, Avg: 0.1, Max: 0.3, Diff: 0.3, Sum: 0.6]
      [GC Worker Total (ms): Min: 35.2, Avg: 35.4, Max: 35.6, Diff: 0.4, Sum: 283.4]
      [GC Worker End (ms): Min: 55220.3, Avg: 55220.4, Max: 55220.6, Diff: 0.3]
   [Code Root Fixup: 0.0 ms]
   [Code Root Purge: 0.0 ms]
   [Clear CT: 1.0 ms]
   [Other: 3.3 ms]
      [Choose CSet: 0.0 ms]
      [Ref Proc: 1.0 ms]
      [Ref Enq: 0.0 ms]
      [Redirty Cards: 1.7 ms]
      [Humongous Register: 0.1 ms]
      [Humongous Reclaim: 0.0 ms]
      [Free CSet: 0.4 ms]
   [Eden: 1784.0M(1784.0M)->0.0B(1680.0M) Survivors: 272.0M->258.0M Heap: 3297.8M(4096.0M)->1625.6M(4096.0M)]
 [Times: user=0.29 sys=0.00, real=0.04 secs] 
2021-01-22T00:38:19.169+0800: 55.433: [GC pause (G1 Evacuation Pause) (young), 0.0396157 secs]
   [Parallel Time: 35.6 ms, GC Workers: 8]
      [GC Worker Start (ms): Min: 55433.4, Avg: 55433.6, Max: 55433.8, Diff: 0.4]
      [Ext Root Scanning (ms): Min: 0.0, Avg: 0.1, Max: 0.2, Diff: 0.2, Sum: 0.5]
      [Update RS (ms): Min: 0.0, Avg: 0.0, Max: 0.1, Diff: 0.1, Sum: 0.4]
         [Processed Buffers: Min: 0, Avg: 1.1, Max: 3, Diff: 3, Sum: 9]
      [Scan RS (ms): Min: 0.1, Avg: 0.1, Max: 0.1, Diff: 0.0, Sum: 1.0]
      [Code Root Scanning (ms): Min: 0.0, Avg: 0.0, Max: 0.0, Diff: 0.0, Sum: 0.0]
      [Object Copy (ms): Min: 33.8, Avg: 33.9, Max: 34.0, Diff: 0.2, Sum: 271.3]
      [Termination (ms): Min: 0.0, Avg: 0.1, Max: 0.2, Diff: 0.2, Sum: 1.0]
         [Termination Attempts: Min: 1, Avg: 1.0, Max: 1, Diff: 0, Sum: 8]
      [GC Worker Other (ms): Min: 0.0, Avg: 0.1, Max: 0.2, Diff: 0.2, Sum: 0.5]
      [GC Worker Total (ms): Min: 34.2, Avg: 34.4, Max: 34.6, Diff: 0.4, Sum: 274.9]
      [GC Worker End (ms): Min: 55467.9, Avg: 55468.0, Max: 55468.1, Diff: 0.2]
   [Code Root Fixup: 0.0 ms]
   [Code Root Purge: 0.0 ms]
   [Clear CT: 1.2 ms]
   [Other: 2.8 ms]
      [Choose CSet: 0.0 ms]
      [Ref Proc: 1.0 ms]
      [Ref Enq: 0.0 ms]
      [Redirty Cards: 1.3 ms]
      [Humongous Register: 0.0 ms]
      [Humongous Reclaim: 0.0 ms]
      [Free CSet: 0.4 ms]
   [Eden: 1680.0M(1680.0M)->0.0B(1566.0M) Survivors: 258.0M->244.0M Heap: 3305.6M(4096.0M)->1748.0M(4096.0M)]
 [Times: user=0.28 sys=0.01, real=0.04 secs] 
2021-01-22T00:38:19.393+0800: 55.657: [GC pause (G1 Evacuation Pause) (young), 0.0414840 secs]
   [Parallel Time: 36.9 ms, GC Workers: 8]
      [GC Worker Start (ms): Min: 55657.0, Avg: 55657.2, Max: 55657.4, Diff: 0.4]
      [Ext Root Scanning (ms): Min: 0.0, Avg: 0.1, Max: 0.2, Diff: 0.2, Sum: 0.6]
      [Update RS (ms): Min: 0.0, Avg: 0.1, Max: 0.1, Diff: 0.1, Sum: 0.5]
         [Processed Buffers: Min: 0, Avg: 1.1, Max: 2, Diff: 2, Sum: 9]
      [Scan RS (ms): Min: 0.1, Avg: 0.1, Max: 0.2, Diff: 0.1, Sum: 1.0]
      [Code Root Scanning (ms): Min: 0.0, Avg: 0.0, Max: 0.0, Diff: 0.0, Sum: 0.0]
      [Object Copy (ms): Min: 35.1, Avg: 35.3, Max: 35.7, Diff: 0.5, Sum: 282.8]
      [Termination (ms): Min: 0.0, Avg: 0.3, Max: 0.6, Diff: 0.6, Sum: 2.8]
         [Termination Attempts: Min: 1, Avg: 1.0, Max: 1, Diff: 0, Sum: 8]
      [GC Worker Other (ms): Min: 0.0, Avg: 0.0, Max: 0.1, Diff: 0.1, Sum: 0.3]
      [GC Worker Total (ms): Min: 35.8, Avg: 36.0, Max: 36.2, Diff: 0.4, Sum: 287.9]
      [GC Worker End (ms): Min: 55693.2, Avg: 55693.2, Max: 55693.3, Diff: 0.1]
   [Code Root Fixup: 0.0 ms]
   [Code Root Purge: 0.0 ms]
   [Clear CT: 1.1 ms]
   [Other: 3.5 ms]
      [Choose CSet: 0.0 ms]
      [Ref Proc: 1.1 ms]
      [Ref Enq: 0.0 ms]
      [Redirty Cards: 1.6 ms]
      [Humongous Register: 0.0 ms]
      [Humongous Reclaim: 0.0 ms]
      [Free CSet: 0.5 ms]
   [Eden: 1566.0M(1566.0M)->0.0B(1452.0M) Survivors: 244.0M->228.0M Heap: 3314.0M(4096.0M)->1874.7M(4096.0M)]
 [Times: user=0.30 sys=0.00, real=0.04 secs] 
2021-01-22T00:38:19.602+0800: 55.866: [GC pause (G1 Evacuation Pause) (young), 0.0400379 secs]
   [Parallel Time: 37.1 ms, GC Workers: 8]
      [GC Worker Start (ms): Min: 55866.2, Avg: 55866.4, Max: 55866.6, Diff: 0.3]
      [Ext Root Scanning (ms): Min: 0.0, Avg: 0.1, Max: 0.2, Diff: 0.2, Sum: 0.5]
      [Update RS (ms): Min: 0.0, Avg: 0.1, Max: 0.1, Diff: 0.1, Sum: 0.4]
         [Processed Buffers: Min: 0, Avg: 1.1, Max: 2, Diff: 2, Sum: 9]
      [Scan RS (ms): Min: 0.1, Avg: 0.1, Max: 0.2, Diff: 0.1, Sum: 0.9]
      [Code Root Scanning (ms): Min: 0.0, Avg: 0.0, Max: 0.0, Diff: 0.0, Sum: 0.0]
      [Object Copy (ms): Min: 34.6, Avg: 34.9, Max: 36.1, Diff: 1.6, Sum: 279.5]
      [Termination (ms): Min: 0.0, Avg: 1.2, Max: 1.6, Diff: 1.6, Sum: 9.6]
         [Termination Attempts: Min: 1, Avg: 1.2, Max: 3, Diff: 2, Sum: 10]
      [GC Worker Other (ms): Min: 0.0, Avg: 0.0, Max: 0.1, Diff: 0.1, Sum: 0.2]
      [GC Worker Total (ms): Min: 36.2, Avg: 36.4, Max: 36.6, Diff: 0.3, Sum: 291.1]
      [GC Worker End (ms): Min: 55902.8, Avg: 55902.8, Max: 55902.8, Diff: 0.1]
   [Code Root Fixup: 0.0 ms]
   [Code Root Purge: 0.0 ms]
   [Clear CT: 0.5 ms]
   [Other: 2.4 ms]
      [Choose CSet: 0.0 ms]
      [Ref Proc: 0.5 ms]
      [Ref Enq: 0.0 ms]
      [Redirty Cards: 0.8 ms]
      [Humongous Register: 0.1 ms]
      [Humongous Reclaim: 0.0 ms]
      [Free CSet: 0.8 ms]
   [Eden: 1452.0M(1452.0M)->0.0B(1336.0M) Survivors: 228.0M->210.0M Heap: 3326.7M(4096.0M)->2007.0M(4096.0M)]
 [Times: user=0.30 sys=0.00, real=0.04 secs] 
2021-01-22T00:38:19.811+0800: 56.075: [GC pause (G1 Evacuation Pause) (young), 0.0404749 secs]
   [Parallel Time: 37.4 ms, GC Workers: 8]
      [GC Worker Start (ms): Min: 56075.5, Avg: 56075.8, Max: 56075.9, Diff: 0.4]
      [Ext Root Scanning (ms): Min: 0.0, Avg: 0.1, Max: 0.3, Diff: 0.3, Sum: 0.6]
      [Update RS (ms): Min: 0.0, Avg: 0.1, Max: 0.1, Diff: 0.1, Sum: 0.6]
         [Processed Buffers: Min: 0, Avg: 1.1, Max: 2, Diff: 2, Sum: 9]
      [Scan RS (ms): Min: 0.1, Avg: 0.1, Max: 0.1, Diff: 0.0, Sum: 0.9]
      [Code Root Scanning (ms): Min: 0.0, Avg: 0.0, Max: 0.0, Diff: 0.0, Sum: 0.0]
      [Object Copy (ms): Min: 35.4, Avg: 35.6, Max: 36.5, Diff: 1.1, Sum: 284.6]
      [Termination (ms): Min: 0.0, Avg: 0.9, Max: 1.2, Diff: 1.2, Sum: 7.3]
         [Termination Attempts: Min: 1, Avg: 1.0, Max: 1, Diff: 0, Sum: 8]
      [GC Worker Other (ms): Min: 0.0, Avg: 0.0, Max: 0.1, Diff: 0.1, Sum: 0.2]
      [GC Worker Total (ms): Min: 36.6, Avg: 36.8, Max: 37.0, Diff: 0.4, Sum: 294.2]
      [GC Worker End (ms): Min: 56112.5, Avg: 56112.5, Max: 56112.6, Diff: 0.1]
   [Code Root Fixup: 0.0 ms]
   [Code Root Purge: 0.0 ms]
   [Clear CT: 0.7 ms]
   [Other: 2.3 ms]
      [Choose CSet: 0.0 ms]
      [Ref Proc: 0.9 ms]
      [Ref Enq: 0.0 ms]
      [Redirty Cards: 0.7 ms]
      [Humongous Register: 0.1 ms]
      [Humongous Reclaim: 0.0 ms]
      [Free CSet: 0.4 ms]
   [Eden: 1336.0M(1336.0M)->0.0B(1214.0M) Survivors: 210.0M->194.0M Heap: 3343.0M(4096.0M)->2146.7M(4096.0M)]
 [Times: user=0.30 sys=0.00, real=0.04 secs] 
2021-01-22T00:38:20.011+0800: 56.275: [GC pause (G1 Evacuation Pause) (young) (initial-mark), 0.0390185 secs]
   [Parallel Time: 35.4 ms, GC Workers: 8]
      [GC Worker Start (ms): Min: 56275.7, Avg: 56275.9, Max: 56276.0, Diff: 0.3]
      [Ext Root Scanning (ms): Min: 0.0, Avg: 0.4, Max: 0.5, Diff: 0.5, Sum: 2.9]
      [Update RS (ms): Min: 0.0, Avg: 0.0, Max: 0.2, Diff: 0.2, Sum: 0.4]
         [Processed Buffers: Min: 0, Avg: 1.1, Max: 4, Diff: 4, Sum: 9]
      [Scan RS (ms): Min: 0.0, Avg: 0.1, Max: 0.1, Diff: 0.1, Sum: 0.6]
      [Code Root Scanning (ms): Min: 0.0, Avg: 0.0, Max: 0.0, Diff: 0.0, Sum: 0.0]
      [Object Copy (ms): Min: 33.3, Avg: 33.4, Max: 33.8, Diff: 0.5, Sum: 267.4]
      [Termination (ms): Min: 0.0, Avg: 0.4, Max: 0.5, Diff: 0.5, Sum: 2.9]
         [Termination Attempts: Min: 1, Avg: 1.4, Max: 3, Diff: 2, Sum: 11]
      [GC Worker Other (ms): Min: 0.0, Avg: 0.0, Max: 0.0, Diff: 0.0, Sum: 0.1]
      [GC Worker Total (ms): Min: 34.1, Avg: 34.3, Max: 34.5, Diff: 0.3, Sum: 274.3]
      [GC Worker End (ms): Min: 56310.1, Avg: 56310.2, Max: 56310.2, Diff: 0.0]
   [Code Root Fixup: 0.0 ms]
   [Code Root Purge: 0.0 ms]
   [Clear CT: 0.9 ms]
   [Other: 2.7 ms]
      [Choose CSet: 0.0 ms]
      [Ref Proc: 0.9 ms]
      [Ref Enq: 0.0 ms]
      [Redirty Cards: 0.8 ms]
      [Humongous Register: 0.1 ms]
      [Humongous Reclaim: 0.0 ms]
      [Free CSet: 0.6 ms]
   [Eden: 1214.0M(1214.0M)->0.0B(1094.0M) Survivors: 194.0M->176.0M Heap: 3360.7M(4096.0M)->2289.1M(4096.0M)]
 [Times: user=0.27 sys=0.01, real=0.04 secs] 
2021-01-22T00:38:20.052+0800: 56.315: [GC concurrent-root-region-scan-start]
2021-01-22T00:38:20.052+0800: 56.316: [GC concurrent-root-region-scan-end, 0.0003404 secs]
2021-01-22T00:38:20.052+0800: 56.316: [GC concurrent-mark-start]
2021-01-22T00:38:20.059+0800: 56.323: [GC concurrent-mark-end, 0.0068010 secs]
2021-01-22T00:38:20.059+0800: 56.323: [GC remark 2021-01-22T00:38:20.060+0800: 56.323: [Finalize Marking, 0.0011376 secs] 2021-01-22T00:38:20.061+0800: 56.325: [GC ref-proc, 0.0005556 secs] 2021-01-22T00:38:20.062+0800: 56.326: [Unloading, 0.0013701 secs], 0.0055863 secs]
 [Times: user=0.02 sys=0.00, real=0.00 secs] 
2021-01-22T00:38:20.066+0800: 56.330: [GC cleanup 2351M->691M(4096M), 0.0048885 secs]
 [Times: user=0.02 sys=0.00, real=0.01 secs] 
2021-01-22T00:38:20.071+0800: 56.335: [GC concurrent-cleanup-start]
2021-01-22T00:38:20.072+0800: 56.336: [GC concurrent-cleanup-end, 0.0010850 secs]
2021-01-22T00:38:20.203+0800: 56.467: [GC pause (G1 Evacuation Pause) (young), 0.0401542 secs]
   [Parallel Time: 36.7 ms, GC Workers: 8]
      [GC Worker Start (ms): Min: 56467.3, Avg: 56467.6, Max: 56467.8, Diff: 0.4]
      [Ext Root Scanning (ms): Min: 0.0, Avg: 0.1, Max: 0.3, Diff: 0.3, Sum: 0.7]
      [Update RS (ms): Min: 0.0, Avg: 0.1, Max: 0.2, Diff: 0.2, Sum: 0.8]
         [Processed Buffers: Min: 0, Avg: 1.1, Max: 2, Diff: 2, Sum: 9]
      [Scan RS (ms): Min: 0.0, Avg: 0.1, Max: 0.1, Diff: 0.1, Sum: 0.6]
      [Code Root Scanning (ms): Min: 0.0, Avg: 0.0, Max: 0.0, Diff: 0.0, Sum: 0.0]
      [Object Copy (ms): Min: 33.1, Avg: 33.5, Max: 35.8, Diff: 2.7, Sum: 267.9]
      [Termination (ms): Min: 0.0, Avg: 2.3, Max: 2.7, Diff: 2.7, Sum: 18.5]
         [Termination Attempts: Min: 1, Avg: 1.0, Max: 1, Diff: 0, Sum: 8]
      [GC Worker Other (ms): Min: 0.0, Avg: 0.0, Max: 0.0, Diff: 0.0, Sum: 0.1]
      [GC Worker Total (ms): Min: 35.9, Avg: 36.1, Max: 36.3, Diff: 0.4, Sum: 288.6]
      [GC Worker End (ms): Min: 56503.7, Avg: 56503.7, Max: 56503.7, Diff: 0.1]
   [Code Root Fixup: 0.0 ms]
   [Code Root Purge: 0.0 ms]
   [Clear CT: 0.8 ms]
   [Other: 2.7 ms]
      [Choose CSet: 0.0 ms]
      [Ref Proc: 1.0 ms]
      [Ref Enq: 0.0 ms]
      [Redirty Cards: 1.0 ms]
      [Humongous Register: 0.0 ms]
      [Humongous Reclaim: 0.0 ms]
      [Free CSet: 0.3 ms]
   [Eden: 1094.0M(1094.0M)->0.0B(45056.0K) Survivors: 176.0M->160.0M Heap: 1723.1M(4096.0M)->782.2M(4096.0M)]
 [Times: user=0.30 sys=0.00, real=0.04 secs] 
2021-01-22T00:38:20.250+0800: 56.514: [GC pause (G1 Evacuation Pause) (mixed), 0.0225603 secs]
   [Parallel Time: 20.1 ms, GC Workers: 8]
      [GC Worker Start (ms): Min: 56513.9, Avg: 56514.7, Max: 56516.7, Diff: 2.8]
      [Ext Root Scanning (ms): Min: 0.0, Avg: 0.1, Max: 0.2, Diff: 0.2, Sum: 0.6]
      [Update RS (ms): Min: 0.0, Avg: 0.1, Max: 0.2, Diff: 0.2, Sum: 0.4]
         [Processed Buffers: Min: 0, Avg: 1.1, Max: 3, Diff: 3, Sum: 9]
      [Scan RS (ms): Min: 0.0, Avg: 0.0, Max: 0.1, Diff: 0.0, Sum: 0.2]
      [Code Root Scanning (ms): Min: 0.0, Avg: 0.0, Max: 0.0, Diff: 0.0, Sum: 0.0]
      [Object Copy (ms): Min: 14.7, Avg: 16.8, Max: 17.6, Diff: 2.9, Sum: 134.4]
      [Termination (ms): Min: 0.0, Avg: 1.5, Max: 2.0, Diff: 2.0, Sum: 12.3]
         [Termination Attempts: Min: 1, Avg: 1.0, Max: 1, Diff: 0, Sum: 8]
      [GC Worker Other (ms): Min: 0.0, Avg: 0.0, Max: 0.0, Diff: 0.0, Sum: 0.1]
      [GC Worker Total (ms): Min: 16.6, Avg: 18.5, Max: 19.3, Diff: 2.7, Sum: 148.1]
      [GC Worker End (ms): Min: 56533.2, Avg: 56533.2, Max: 56533.2, Diff: 0.1]
   [Code Root Fixup: 0.0 ms]
   [Code Root Purge: 0.0 ms]
   [Clear CT: 0.7 ms]
   [Other: 1.8 ms]
      [Choose CSet: 0.0 ms]
      [Ref Proc: 0.5 ms]
      [Ref Enq: 0.0 ms]
      [Redirty Cards: 0.8 ms]
      [Humongous Register: 0.1 ms]
      [Humongous Reclaim: 0.0 ms]
      [Free CSet: 0.1 ms]
   [Eden: 45056.0K(45056.0K)->0.0B(2398.0M) Survivors: 160.0M->20480.0K Heap: 826.2M(4096.0M)->752.8M(4096.0M)]
 [Times: user=0.16 sys=0.00, real=0.02 secs] 
2021-01-22T00:38:20.552+0800: 56.816: [GC pause (G1 Evacuation Pause) (young), 0.0419034 secs]
   [Parallel Time: 37.1 ms, GC Workers: 8]
      [GC Worker Start (ms): Min: 56816.3, Avg: 56816.6, Max: 56816.7, Diff: 0.4]
      [Ext Root Scanning (ms): Min: 0.0, Avg: 0.1, Max: 0.2, Diff: 0.2, Sum: 0.5]
      [Update RS (ms): Min: 0.0, Avg: 0.1, Max: 0.2, Diff: 0.2, Sum: 0.9]
         [Processed Buffers: Min: 0, Avg: 1.1, Max: 2, Diff: 2, Sum: 9]
      [Scan RS (ms): Min: 0.1, Avg: 0.2, Max: 0.2, Diff: 0.1, Sum: 1.6]
      [Code Root Scanning (ms): Min: 0.0, Avg: 0.0, Max: 0.0, Diff: 0.0, Sum: 0.0]
      [Object Copy (ms): Min: 34.2, Avg: 34.5, Max: 35.5, Diff: 1.3, Sum: 276.0]
      [Termination (ms): Min: 0.0, Avg: 1.0, Max: 1.4, Diff: 1.4, Sum: 8.2]
         [Termination Attempts: Min: 1, Avg: 1.0, Max: 1, Diff: 0, Sum: 8]
      [GC Worker Other (ms): Min: 0.0, Avg: 0.3, Max: 0.6, Diff: 0.6, Sum: 2.1]
      [GC Worker Total (ms): Min: 35.8, Avg: 36.2, Max: 36.7, Diff: 0.8, Sum: 289.3]
      [GC Worker End (ms): Min: 56852.5, Avg: 56852.7, Max: 56853.1, Diff: 0.6]
   [Code Root Fixup: 0.0 ms]
   [Code Root Purge: 0.0 ms]
   [Clear CT: 1.1 ms]
   [Other: 3.7 ms]
      [Choose CSet: 0.0 ms]
      [Ref Proc: 0.8 ms]
      [Ref Enq: 0.0 ms]
      [Redirty Cards: 1.6 ms]
      [Humongous Register: 0.1 ms]
      [Humongous Reclaim: 0.0 ms]
      [Free CSet: 1.0 ms]
   [Eden: 2398.0M(2398.0M)->0.0B(2122.0M) Survivors: 20480.0K->304.0M Heap: 3150.8M(4096.0M)->1092.3M(4096.0M)]
 [Times: user=0.30 sys=0.00, real=0.04 secs] 
2021-01-22T00:38:20.838+0800: 57.102: [GC pause (G1 Evacuation Pause) (young), 0.0411478 secs]
   [Parallel Time: 36.6 ms, GC Workers: 8]
      [GC Worker Start (ms): Min: 57102.0, Avg: 57102.2, Max: 57102.3, Diff: 0.4]
      [Ext Root Scanning (ms): Min: 0.0, Avg: 0.1, Max: 0.2, Diff: 0.2, Sum: 0.4]
      [Update RS (ms): Min: 0.0, Avg: 0.0, Max: 0.1, Diff: 0.1, Sum: 0.4]
         [Processed Buffers: Min: 0, Avg: 1.1, Max: 3, Diff: 3, Sum: 9]
      [Scan RS (ms): Min: 0.1, Avg: 0.2, Max: 0.2, Diff: 0.1, Sum: 1.3]
      [Code Root Scanning (ms): Min: 0.0, Avg: 0.0, Max: 0.0, Diff: 0.0, Sum: 0.0]
      [Object Copy (ms): Min: 35.1, Avg: 35.3, Max: 35.4, Diff: 0.2, Sum: 282.3]
      [Termination (ms): Min: 0.0, Avg: 0.1, Max: 0.2, Diff: 0.2, Sum: 0.6]
         [Termination Attempts: Min: 1, Avg: 1.0, Max: 1, Diff: 0, Sum: 8]
      [GC Worker Other (ms): Min: 0.0, Avg: 0.0, Max: 0.1, Diff: 0.1, Sum: 0.2]
      [GC Worker Total (ms): Min: 35.5, Avg: 35.7, Max: 35.8, Diff: 0.4, Sum: 285.2]
      [GC Worker End (ms): Min: 57137.8, Avg: 57137.8, Max: 57137.9, Diff: 0.1]
   [Code Root Fixup: 0.0 ms]
   [Code Root Purge: 0.0 ms]
   [Clear CT: 1.1 ms]
   [Other: 3.5 ms]
      [Choose CSet: 0.0 ms]
      [Ref Proc: 0.8 ms]
      [Ref Enq: 0.0 ms]
      [Redirty Cards: 1.5 ms]
      [Humongous Register: 0.0 ms]
      [Humongous Reclaim: 0.0 ms]
      [Free CSet: 0.9 ms]
   [Eden: 2122.0M(2122.0M)->0.0B(2064.0M) Survivors: 304.0M->304.0M Heap: 3214.3M(4096.0M)->1171.5M(4096.0M)]
 [Times: user=0.30 sys=0.00, real=0.05 secs] 
2021-01-22T00:38:21.128+0800: 57.392: [GC pause (G1 Evacuation Pause) (young), 0.0474087 secs]
   [Parallel Time: 43.4 ms, GC Workers: 8]
      [GC Worker Start (ms): Min: 57392.0, Avg: 57392.3, Max: 57392.5, Diff: 0.4]
      [Ext Root Scanning (ms): Min: 0.0, Avg: 0.1, Max: 0.3, Diff: 0.3, Sum: 0.5]
      [Update RS (ms): Min: 0.0, Avg: 0.1, Max: 0.1, Diff: 0.1, Sum: 0.4]
         [Processed Buffers: Min: 0, Avg: 1.1, Max: 2, Diff: 2, Sum: 9]
      [Scan RS (ms): Min: 0.1, Avg: 0.2, Max: 0.2, Diff: 0.1, Sum: 1.3]
      [Code Root Scanning (ms): Min: 0.0, Avg: 0.0, Max: 0.0, Diff: 0.0, Sum: 0.1]
      [Object Copy (ms): Min: 38.5, Avg: 39.0, Max: 41.9, Diff: 3.5, Sum: 311.8]
      [Termination (ms): Min: 0.0, Avg: 3.0, Max: 3.5, Diff: 3.5, Sum: 23.7]
         [Termination Attempts: Min: 1, Avg: 1.0, Max: 1, Diff: 0, Sum: 8]
      [GC Worker Other (ms): Min: 0.0, Avg: 0.1, Max: 0.2, Diff: 0.2, Sum: 0.5]
      [GC Worker Total (ms): Min: 42.1, Avg: 42.3, Max: 42.5, Diff: 0.4, Sum: 338.4]
      [GC Worker End (ms): Min: 57434.5, Avg: 57434.6, Max: 57434.7, Diff: 0.2]
   [Code Root Fixup: 0.0 ms]
   [Code Root Purge: 0.0 ms]
   [Clear CT: 1.1 ms]
   [Other: 2.9 ms]
      [Choose CSet: 0.0 ms]
      [Ref Proc: 1.0 ms]
      [Ref Enq: 0.0 ms]
      [Redirty Cards: 1.2 ms]
      [Humongous Register: 0.1 ms]
      [Humongous Reclaim: 0.0 ms]
      [Free CSet: 0.5 ms]
   [Eden: 2064.0M(2064.0M)->0.0B(1992.0M) Survivors: 304.0M->296.0M Heap: 3235.5M(4096.0M)->1259.1M(4096.0M)]
 [Times: user=0.35 sys=0.00, real=0.05 secs] 
2021-01-22T00:38:21.442+0800: 57.706: [GC pause (G1 Evacuation Pause) (young), 0.0465043 secs]
   [Parallel Time: 42.2 ms, GC Workers: 8]
      [GC Worker Start (ms): Min: 57706.1, Avg: 57706.3, Max: 57706.5, Diff: 0.4]
      [Ext Root Scanning (ms): Min: 0.0, Avg: 0.1, Max: 0.2, Diff: 0.2, Sum: 0.4]
      [Update RS (ms): Min: 0.0, Avg: 0.0, Max: 0.1, Diff: 0.1, Sum: 0.4]
         [Processed Buffers: Min: 0, Avg: 1.1, Max: 3, Diff: 3, Sum: 9]
      [Scan RS (ms): Min: 0.1, Avg: 0.2, Max: 0.2, Diff: 0.1, Sum: 1.3]
      [Code Root Scanning (ms): Min: 0.0, Avg: 0.0, Max: 0.0, Diff: 0.0, Sum: 0.0]
      [Object Copy (ms): Min: 40.8, Avg: 40.8, Max: 41.0, Diff: 0.2, Sum: 326.6]
      [Termination (ms): Min: 0.0, Avg: 0.2, Max: 0.3, Diff: 0.3, Sum: 1.5]
         [Termination Attempts: Min: 1, Avg: 1.0, Max: 1, Diff: 0, Sum: 8]
      [GC Worker Other (ms): Min: 0.0, Avg: 0.0, Max: 0.1, Diff: 0.1, Sum: 0.1]
      [GC Worker Total (ms): Min: 41.1, Avg: 41.3, Max: 41.5, Diff: 0.4, Sum: 330.4]
      [GC Worker End (ms): Min: 57747.6, Avg: 57747.6, Max: 57747.7, Diff: 0.2]
   [Code Root Fixup: 0.0 ms]
   [Code Root Purge: 0.0 ms]
   [Clear CT: 1.0 ms]
   [Other: 3.3 ms]
      [Choose CSet: 0.0 ms]
      [Ref Proc: 1.3 ms]
      [Ref Enq: 0.0 ms]
      [Redirty Cards: 1.1 ms]
      [Humongous Register: 0.0 ms]
      [Humongous Reclaim: 0.0 ms]
      [Free CSet: 0.6 ms]
   [Eden: 1992.0M(1992.0M)->0.0B(1908.0M) Survivors: 296.0M->286.0M Heap: 3251.1M(4096.0M)->1354.3M(4096.0M)]
 [Times: user=0.34 sys=0.00, real=0.05 secs] 
2021-01-22T00:38:21.726+0800: 57.990: [GC pause (G1 Evacuation Pause) (young), 0.0424115 secs]
   [Parallel Time: 38.4 ms, GC Workers: 8]
      [GC Worker Start (ms): Min: 57989.9, Avg: 57990.1, Max: 57990.3, Diff: 0.4]
      [Ext Root Scanning (ms): Min: 0.0, Avg: 0.0, Max: 0.2, Diff: 0.2, Sum: 0.4]
      [Update RS (ms): Min: 0.0, Avg: 0.0, Max: 0.1, Diff: 0.1, Sum: 0.4]
         [Processed Buffers: Min: 0, Avg: 1.1, Max: 2, Diff: 2, Sum: 9]
      [Scan RS (ms): Min: 0.1, Avg: 0.1, Max: 0.2, Diff: 0.1, Sum: 1.2]
      [Code Root Scanning (ms): Min: 0.0, Avg: 0.0, Max: 0.0, Diff: 0.0, Sum: 0.0]
      [Object Copy (ms): Min: 36.6, Avg: 36.7, Max: 36.8, Diff: 0.1, Sum: 293.6]
      [Termination (ms): Min: 0.0, Avg: 0.1, Max: 0.1, Diff: 0.1, Sum: 0.5]
         [Termination Attempts: Min: 1, Avg: 1.0, Max: 1, Diff: 0, Sum: 8]
      [GC Worker Other (ms): Min: 0.0, Avg: 0.1, Max: 0.3, Diff: 0.3, Sum: 0.9]
      [GC Worker Total (ms): Min: 36.9, Avg: 37.1, Max: 37.3, Diff: 0.4, Sum: 296.9]
      [GC Worker End (ms): Min: 58027.1, Avg: 58027.2, Max: 58027.5, Diff: 0.3]
   [Code Root Fixup: 0.0 ms]
   [Code Root Purge: 0.0 ms]
   [Clear CT: 1.0 ms]
   [Other: 3.0 ms]
      [Choose CSet: 0.0 ms]
      [Ref Proc: 0.8 ms]
      [Ref Enq: 0.0 ms]
      [Redirty Cards: 1.3 ms]
      [Humongous Register: 0.0 ms]
      [Humongous Reclaim: 0.0 ms]
      [Free CSet: 0.6 ms]
   [Eden: 1908.0M(1908.0M)->0.0B(1818.0M) Survivors: 286.0M->276.0M Heap: 3262.3M(4096.0M)->1458.6M(4096.0M)]
 [Times: user=0.30 sys=0.00, real=0.05 secs] 
2021-01-22T00:38:21.990+0800: 58.254: [GC pause (G1 Evacuation Pause) (young), 0.0397849 secs]
   [Parallel Time: 36.5 ms, GC Workers: 8]
      [GC Worker Start (ms): Min: 58253.7, Avg: 58253.9, Max: 58254.1, Diff: 0.4]
      [Ext Root Scanning (ms): Min: 0.0, Avg: 0.1, Max: 0.2, Diff: 0.2, Sum: 0.5]
      [Update RS (ms): Min: 0.0, Avg: 0.0, Max: 0.1, Diff: 0.1, Sum: 0.4]
         [Processed Buffers: Min: 0, Avg: 1.1, Max: 2, Diff: 2, Sum: 9]
      [Scan RS (ms): Min: 0.1, Avg: 0.1, Max: 0.2, Diff: 0.1, Sum: 1.1]
      [Code Root Scanning (ms): Min: 0.0, Avg: 0.0, Max: 0.0, Diff: 0.0, Sum: 0.0]
      [Object Copy (ms): Min: 35.1, Avg: 35.1, Max: 35.2, Diff: 0.1, Sum: 281.2]
      [Termination (ms): Min: 0.0, Avg: 0.1, Max: 0.1, Diff: 0.1, Sum: 0.6]
         [Termination Attempts: Min: 1, Avg: 1.6, Max: 3, Diff: 2, Sum: 13]
      [GC Worker Other (ms): Min: 0.0, Avg: 0.0, Max: 0.1, Diff: 0.1, Sum: 0.2]
      [GC Worker Total (ms): Min: 35.3, Avg: 35.5, Max: 35.7, Diff: 0.4, Sum: 284.0]
      [GC Worker End (ms): Min: 58289.4, Avg: 58289.5, Max: 58289.5, Diff: 0.1]
   [Code Root Fixup: 0.0 ms]
   [Code Root Purge: 0.0 ms]
   [Clear CT: 1.0 ms]
   [Other: 2.3 ms]
      [Choose CSet: 0.0 ms]
      [Ref Proc: 0.6 ms]
      [Ref Enq: 0.0 ms]
      [Redirty Cards: 1.1 ms]
      [Humongous Register: 0.0 ms]
      [Humongous Reclaim: 0.0 ms]
      [Free CSet: 0.4 ms]
   [Eden: 1818.0M(1818.0M)->0.0B(1730.0M) Survivors: 276.0M->262.0M Heap: 3276.6M(4096.0M)->1557.5M(4096.0M)]
 [Times: user=0.29 sys=0.01, real=0.04 secs] 
2021-01-22T00:38:22.245+0800: 58.509: [GC pause (G1 Evacuation Pause) (young), 0.0454724 secs]
   [Parallel Time: 42.2 ms, GC Workers: 8]
      [GC Worker Start (ms): Min: 58509.5, Avg: 58509.8, Max: 58510.4, Diff: 0.9]
      [Ext Root Scanning (ms): Min: 0.0, Avg: 0.1, Max: 0.2, Diff: 0.2, Sum: 0.4]
      [Update RS (ms): Min: 0.0, Avg: 0.1, Max: 0.1, Diff: 0.1, Sum: 0.4]
         [Processed Buffers: Min: 0, Avg: 1.1, Max: 3, Diff: 3, Sum: 9]
      [Scan RS (ms): Min: 0.1, Avg: 0.1, Max: 0.2, Diff: 0.1, Sum: 1.2]
      [Code Root Scanning (ms): Min: 0.0, Avg: 0.0, Max: 0.0, Diff: 0.0, Sum: 0.0]
      [Object Copy (ms): Min: 39.0, Avg: 39.9, Max: 40.9, Diff: 1.9, Sum: 318.9]
      [Termination (ms): Min: 0.0, Avg: 0.9, Max: 1.3, Diff: 1.3, Sum: 7.5]
         [Termination Attempts: Min: 1, Avg: 1.1, Max: 2, Diff: 1, Sum: 9]
      [GC Worker Other (ms): Min: 0.0, Avg: 0.2, Max: 0.3, Diff: 0.3, Sum: 1.3]
      [GC Worker Total (ms): Min: 40.5, Avg: 41.2, Max: 41.5, Diff: 1.0, Sum: 329.7]
      [GC Worker End (ms): Min: 58550.9, Avg: 58551.0, Max: 58551.2, Diff: 0.3]
   [Code Root Fixup: 0.0 ms]
   [Code Root Purge: 0.0 ms]
   [Clear CT: 0.9 ms]
   [Other: 2.3 ms]
      [Choose CSet: 0.0 ms]
      [Ref Proc: 0.8 ms]
      [Ref Enq: 0.0 ms]
      [Redirty Cards: 0.9 ms]
      [Humongous Register: 0.0 ms]
      [Humongous Reclaim: 0.0 ms]
      [Free CSet: 0.4 ms]
   [Eden: 1730.0M(1730.0M)->0.0B(1624.0M) Survivors: 262.0M->250.0M Heap: 3287.5M(4096.0M)->1677.7M(4096.0M)]
 [Times: user=0.33 sys=0.01, real=0.05 secs] 
2021-01-22T00:38:22.501+0800: 58.765: [GC pause (G1 Evacuation Pause) (young), 0.0401416 secs]
   [Parallel Time: 36.8 ms, GC Workers: 8]
      [GC Worker Start (ms): Min: 58765.2, Avg: 58765.4, Max: 58765.5, Diff: 0.3]
      [Ext Root Scanning (ms): Min: 0.0, Avg: 0.1, Max: 0.2, Diff: 0.2, Sum: 0.4]
      [Update RS (ms): Min: 0.0, Avg: 0.1, Max: 0.1, Diff: 0.1, Sum: 0.4]
         [Processed Buffers: Min: 0, Avg: 1.1, Max: 3, Diff: 3, Sum: 9]
      [Scan RS (ms): Min: 0.1, Avg: 0.9, Max: 6.3, Diff: 6.1, Sum: 7.1]
      [Code Root Scanning (ms): Min: 0.0, Avg: 0.0, Max: 0.0, Diff: 0.0, Sum: 0.0]
      [Object Copy (ms): Min: 28.1, Avg: 33.6, Max: 35.8, Diff: 7.7, Sum: 268.5]
      [Termination (ms): Min: 0.0, Avg: 1.5, Max: 1.8, Diff: 1.8, Sum: 12.2]
         [Termination Attempts: Min: 1, Avg: 1.0, Max: 1, Diff: 0, Sum: 8]
      [GC Worker Other (ms): Min: 0.0, Avg: 0.0, Max: 0.1, Diff: 0.1, Sum: 0.3]
      [GC Worker Total (ms): Min: 36.0, Avg: 36.1, Max: 36.4, Diff: 0.4, Sum: 289.1]
      [GC Worker End (ms): Min: 58801.5, Avg: 58801.5, Max: 58801.6, Diff: 0.1]
   [Code Root Fixup: 0.0 ms]
   [Code Root Purge: 0.0 ms]
   [Clear CT: 0.8 ms]
   [Other: 2.5 ms]
      [Choose CSet: 0.0 ms]
      [Ref Proc: 0.8 ms]
      [Ref Enq: 0.0 ms]
      [Redirty Cards: 1.1 ms]
      [Humongous Register: 0.0 ms]
      [Humongous Reclaim: 0.0 ms]
      [Free CSet: 0.4 ms]
   [Eden: 1624.0M(1624.0M)->0.0B(1524.0M) Survivors: 250.0M->236.0M Heap: 3301.7M(4096.0M)->1791.0M(4096.0M)]
 [Times: user=0.29 sys=0.00, real=0.04 secs] 
2021-01-22T00:38:22.719+0800: 58.983: [GC pause (G1 Evacuation Pause) (young), 0.0397262 secs]
   [Parallel Time: 35.8 ms, GC Workers: 8]
      [GC Worker Start (ms): Min: 58983.0, Avg: 58983.2, Max: 58983.4, Diff: 0.4]
      [Ext Root Scanning (ms): Min: 0.0, Avg: 0.1, Max: 0.2, Diff: 0.2, Sum: 0.5]
      [Update RS (ms): Min: 0.0, Avg: 0.0, Max: 0.1, Diff: 0.1, Sum: 0.4]
         [Processed Buffers: Min: 0, Avg: 1.1, Max: 3, Diff: 3, Sum: 9]
      [Scan RS (ms): Min: 0.1, Avg: 0.1, Max: 0.1, Diff: 0.1, Sum: 0.9]
      [Code Root Scanning (ms): Min: 0.0, Avg: 0.0, Max: 0.0, Diff: 0.0, Sum: 0.0]
      [Object Copy (ms): Min: 34.5, Avg: 34.5, Max: 34.6, Diff: 0.1, Sum: 276.2]
      [Termination (ms): Min: 0.0, Avg: 0.1, Max: 0.2, Diff: 0.1, Sum: 0.7]
         [Termination Attempts: Min: 1, Avg: 1.6, Max: 3, Diff: 2, Sum: 13]
      [GC Worker Other (ms): Min: 0.0, Avg: 0.0, Max: 0.1, Diff: 0.1, Sum: 0.2]
      [GC Worker Total (ms): Min: 34.7, Avg: 34.9, Max: 35.1, Diff: 0.4, Sum: 278.9]
      [GC Worker End (ms): Min: 59018.0, Avg: 59018.1, Max: 59018.1, Diff: 0.1]
   [Code Root Fixup: 0.0 ms]
   [Code Root Purge: 0.0 ms]
   [Clear CT: 1.3 ms]
   [Other: 2.6 ms]
      [Choose CSet: 0.0 ms]
      [Ref Proc: 0.6 ms]
      [Ref Enq: 0.0 ms]
      [Redirty Cards: 1.3 ms]
      [Humongous Register: 0.0 ms]
      [Humongous Reclaim: 0.0 ms]
      [Free CSet: 0.5 ms]
   [Eden: 1524.0M(1524.0M)->0.0B(1396.0M) Survivors: 236.0M->220.0M Heap: 3315.0M(4096.0M)->1935.5M(4096.0M)]
 [Times: user=0.29 sys=0.00, real=0.04 secs] 
2021-01-22T00:38:22.921+0800: 59.185: [GC pause (G1 Evacuation Pause) (young), 0.0356036 secs]
   [Parallel Time: 32.3 ms, GC Workers: 8]
      [GC Worker Start (ms): Min: 59185.5, Avg: 59185.8, Max: 59185.9, Diff: 0.4]
      [Ext Root Scanning (ms): Min: 0.0, Avg: 0.1, Max: 0.2, Diff: 0.2, Sum: 0.5]
      [Update RS (ms): Min: 0.0, Avg: 0.1, Max: 0.1, Diff: 0.1, Sum: 0.4]
         [Processed Buffers: Min: 0, Avg: 1.1, Max: 3, Diff: 3, Sum: 9]
      [Scan RS (ms): Min: 0.1, Avg: 0.1, Max: 0.1, Diff: 0.1, Sum: 0.8]
      [Code Root Scanning (ms): Min: 0.0, Avg: 0.0, Max: 0.0, Diff: 0.0, Sum: 0.0]
      [Object Copy (ms): Min: 31.1, Avg: 31.2, Max: 31.5, Diff: 0.4, Sum: 249.4]
      [Termination (ms): Min: 0.0, Avg: 0.3, Max: 0.4, Diff: 0.4, Sum: 2.7]
         [Termination Attempts: Min: 1, Avg: 1.0, Max: 1, Diff: 0, Sum: 8]
      [GC Worker Other (ms): Min: 0.0, Avg: 0.0, Max: 0.1, Diff: 0.1, Sum: 0.3]
      [GC Worker Total (ms): Min: 31.6, Avg: 31.8, Max: 32.0, Diff: 0.4, Sum: 254.1]
      [GC Worker End (ms): Min: 59217.5, Avg: 59217.5, Max: 59217.6, Diff: 0.1]
   [Code Root Fixup: 0.0 ms]
   [Code Root Purge: 0.0 ms]
   [Clear CT: 0.9 ms]
   [Other: 2.3 ms]
      [Choose CSet: 0.0 ms]
      [Ref Proc: 0.5 ms]
      [Ref Enq: 0.0 ms]
      [Redirty Cards: 1.4 ms]
      [Humongous Register: 0.1 ms]
      [Humongous Reclaim: 0.0 ms]
      [Free CSet: 0.3 ms]
   [Eden: 1396.0M(1396.0M)->0.0B(1286.0M) Survivors: 220.0M->202.0M Heap: 3331.5M(4096.0M)->2065.5M(4096.0M)]
 [Times: user=0.26 sys=0.00, real=0.03 secs] 
2021-01-22T00:38:23.102+0800: 59.366: [GC pause (G1 Evacuation Pause) (young) (initial-mark), 0.0370335 secs]
   [Parallel Time: 33.7 ms, GC Workers: 8]
      [GC Worker Start (ms): Min: 59366.0, Avg: 59366.2, Max: 59366.4, Diff: 0.4]
      [Ext Root Scanning (ms): Min: 0.0, Avg: 0.4, Max: 0.6, Diff: 0.5, Sum: 3.2]
      [Update RS (ms): Min: 0.0, Avg: 0.0, Max: 0.2, Diff: 0.2, Sum: 0.3]
         [Processed Buffers: Min: 0, Avg: 1.1, Max: 4, Diff: 4, Sum: 9]
      [Scan RS (ms): Min: 0.0, Avg: 0.1, Max: 0.1, Diff: 0.1, Sum: 0.7]
      [Code Root Scanning (ms): Min: 0.0, Avg: 0.0, Max: 0.0, Diff: 0.0, Sum: 0.0]
      [Object Copy (ms): Min: 31.6, Avg: 31.6, Max: 31.7, Diff: 0.1, Sum: 253.1]
      [Termination (ms): Min: 0.0, Avg: 0.1, Max: 0.2, Diff: 0.2, Sum: 0.7]
         [Termination Attempts: Min: 1, Avg: 1.0, Max: 1, Diff: 0, Sum: 8]
      [GC Worker Other (ms): Min: 0.0, Avg: 0.3, Max: 0.5, Diff: 0.5, Sum: 2.3]
      [GC Worker Total (ms): Min: 32.2, Avg: 32.5, Max: 33.0, Diff: 0.8, Sum: 260.3]
      [GC Worker End (ms): Min: 59398.4, Avg: 59398.7, Max: 59398.9, Diff: 0.5]
   [Code Root Fixup: 0.0 ms]
   [Code Root Purge: 0.0 ms]
   [Clear CT: 1.1 ms]
   [Other: 2.3 ms]
      [Choose CSet: 0.0 ms]
      [Ref Proc: 0.8 ms]
      [Ref Enq: 0.0 ms]
      [Redirty Cards: 1.0 ms]
      [Humongous Register: 0.0 ms]
      [Humongous Reclaim: 0.0 ms]
      [Free CSet: 0.3 ms]
   [Eden: 1286.0M(1286.0M)->0.0B(1170.0M) Survivors: 202.0M->186.0M Heap: 3351.5M(4096.0M)->2202.1M(4096.0M)]
 [Times: user=0.26 sys=0.01, real=0.04 secs] 
2021-01-22T00:38:23.140+0800: 59.404: [GC concurrent-root-region-scan-start]
2021-01-22T00:38:23.140+0800: 59.404: [GC concurrent-root-region-scan-end, 0.0003456 secs]
2021-01-22T00:38:23.140+0800: 59.404: [GC concurrent-mark-start]
2021-01-22T00:38:23.145+0800: 59.409: [GC concurrent-mark-end, 0.0046418 secs]
2021-01-22T00:38:23.145+0800: 59.409: [GC remark 2021-01-22T00:38:23.145+0800: 59.409: [Finalize Marking, 0.0008489 secs] 2021-01-22T00:38:23.147+0800: 59.411: [GC ref-proc, 0.0005344 secs] 2021-01-22T00:38:23.148+0800: 59.412: [Unloading, 0.0013991 secs], 0.0052989 secs]
 [Times: user=0.01 sys=0.01, real=0.01 secs] 
2021-01-22T00:38:23.151+0800: 59.415: [GC cleanup 2247M->663M(4096M), 0.0039077 secs]
 [Times: user=0.01 sys=0.00, real=0.00 secs] 
2021-01-22T00:38:23.156+0800: 59.420: [GC concurrent-cleanup-start]
2021-01-22T00:38:23.157+0800: 59.421: [GC concurrent-cleanup-end, 0.0010017 secs]
2021-01-22T00:38:23.295+0800: 59.559: [GC pause (G1 Evacuation Pause) (young), 0.0347828 secs]
   [Parallel Time: 30.5 ms, GC Workers: 8]
      [GC Worker Start (ms): Min: 59559.1, Avg: 59559.3, Max: 59559.5, Diff: 0.4]
      [Ext Root Scanning (ms): Min: 0.0, Avg: 0.1, Max: 0.3, Diff: 0.3, Sum: 0.6]
      [Update RS (ms): Min: 0.0, Avg: 0.1, Max: 0.5, Diff: 0.5, Sum: 1.1]
         [Processed Buffers: Min: 0, Avg: 1.1, Max: 2, Diff: 2, Sum: 9]
      [Scan RS (ms): Min: 0.0, Avg: 0.1, Max: 0.1, Diff: 0.1, Sum: 0.7]
      [Code Root Scanning (ms): Min: 0.0, Avg: 0.0, Max: 0.0, Diff: 0.0, Sum: 0.0]
      [Object Copy (ms): Min: 28.9, Avg: 29.2, Max: 29.3, Diff: 0.4, Sum: 233.9]
      [Termination (ms): Min: 0.0, Avg: 0.0, Max: 0.1, Diff: 0.1, Sum: 0.4]
         [Termination Attempts: Min: 1, Avg: 1.0, Max: 1, Diff: 0, Sum: 8]
      [GC Worker Other (ms): Min: 0.0, Avg: 0.0, Max: 0.1, Diff: 0.1, Sum: 0.2]
      [GC Worker Total (ms): Min: 29.4, Avg: 29.6, Max: 29.9, Diff: 0.4, Sum: 237.0]
      [GC Worker End (ms): Min: 59588.9, Avg: 59589.0, Max: 59589.0, Diff: 0.1]
   [Code Root Fixup: 0.0 ms]
   [Code Root Purge: 0.0 ms]
   [Clear CT: 1.3 ms]
   [Other: 3.0 ms]
      [Choose CSet: 0.0 ms]
      [Ref Proc: 0.9 ms]
      [Ref Enq: 0.0 ms]
      [Redirty Cards: 1.2 ms]
      [Humongous Register: 0.0 ms]
      [Humongous Reclaim: 0.0 ms]
      [Free CSet: 0.5 ms]
   [Eden: 1170.0M(1170.0M)->0.0B(34816.0K) Survivors: 186.0M->170.0M Heap: 1788.1M(4096.0M)->767.5M(4096.0M)]
 [Times: user=0.24 sys=0.01, real=0.04 secs] 
2021-01-22T00:38:23.335+0800: 59.599: [GC pause (G1 Evacuation Pause) (mixed), 0.0200440 secs]
   [Parallel Time: 15.9 ms, GC Workers: 8]
      [GC Worker Start (ms): Min: 59598.9, Avg: 59599.1, Max: 59599.2, Diff: 0.3]
      [Ext Root Scanning (ms): Min: 0.0, Avg: 0.1, Max: 0.2, Diff: 0.2, Sum: 0.5]
      [Update RS (ms): Min: 0.0, Avg: 0.1, Max: 0.1, Diff: 0.1, Sum: 0.4]
         [Processed Buffers: Min: 0, Avg: 1.1, Max: 2, Diff: 2, Sum: 9]
      [Scan RS (ms): Min: 0.0, Avg: 0.0, Max: 0.0, Diff: 0.0, Sum: 0.2]
      [Code Root Scanning (ms): Min: 0.0, Avg: 0.0, Max: 0.0, Diff: 0.0, Sum: 0.0]
      [Object Copy (ms): Min: 15.3, Avg: 15.4, Max: 15.5, Diff: 0.1, Sum: 122.9]
      [Termination (ms): Min: 0.0, Avg: 0.1, Max: 0.2, Diff: 0.2, Sum: 0.8]
         [Termination Attempts: Min: 1, Avg: 1.0, Max: 1, Diff: 0, Sum: 8]
      [GC Worker Other (ms): Min: 0.0, Avg: 0.0, Max: 0.0, Diff: 0.0, Sum: 0.1]
      [GC Worker Total (ms): Min: 15.5, Avg: 15.6, Max: 15.8, Diff: 0.3, Sum: 124.9]
      [GC Worker End (ms): Min: 59614.7, Avg: 59614.7, Max: 59614.7, Diff: 0.0]
   [Code Root Fixup: 0.0 ms]
   [Code Root Purge: 0.0 ms]
   [Clear CT: 1.6 ms]
   [Other: 2.5 ms]
      [Choose CSet: 0.0 ms]
      [Ref Proc: 0.9 ms]
      [Ref Enq: 0.0 ms]
      [Redirty Cards: 1.2 ms]
      [Humongous Register: 0.0 ms]
      [Humongous Reclaim: 0.0 ms]
      [Free CSet: 0.1 ms]
   [Eden: 34816.0K(34816.0K)->0.0B(2442.0M) Survivors: 170.0M->14336.0K Heap: 801.5M(4096.0M)->746.5M(4096.0M)]
 [Times: user=0.14 sys=0.00, real=0.02 secs] 
2021-01-22T00:38:23.636+0800: 59.900: [GC pause (G1 Evacuation Pause) (young), 0.0414182 secs]
   [Parallel Time: 38.4 ms, GC Workers: 8]
      [GC Worker Start (ms): Min: 59899.7, Avg: 59899.9, Max: 59900.0, Diff: 0.3]
      [Ext Root Scanning (ms): Min: 0.0, Avg: 0.1, Max: 0.2, Diff: 0.2, Sum: 0.5]
      [Update RS (ms): Min: 0.0, Avg: 0.1, Max: 0.2, Diff: 0.2, Sum: 0.6]
         [Processed Buffers: Min: 0, Avg: 1.2, Max: 2, Diff: 2, Sum: 10]
      [Scan RS (ms): Min: 0.1, Avg: 0.2, Max: 0.2, Diff: 0.1, Sum: 1.3]
      [Code Root Scanning (ms): Min: 0.0, Avg: 0.0, Max: 0.0, Diff: 0.0, Sum: 0.0]
      [Object Copy (ms): Min: 35.6, Avg: 35.8, Max: 37.4, Diff: 1.8, Sum: 286.7]
      [Termination (ms): Min: 0.0, Avg: 1.6, Max: 1.9, Diff: 1.9, Sum: 12.7]
         [Termination Attempts: Min: 1, Avg: 1.8, Max: 3, Diff: 2, Sum: 14]
      [GC Worker Other (ms): Min: 0.0, Avg: 0.0, Max: 0.1, Diff: 0.1, Sum: 0.2]
      [GC Worker Total (ms): Min: 37.6, Avg: 37.8, Max: 37.9, Diff: 0.3, Sum: 302.1]
      [GC Worker End (ms): Min: 59937.6, Avg: 59937.6, Max: 59937.7, Diff: 0.1]
   [Code Root Fixup: 0.0 ms]
   [Code Root Purge: 0.0 ms]
   [Clear CT: 0.6 ms]
   [Other: 2.4 ms]
      [Choose CSet: 0.0 ms]
      [Ref Proc: 0.7 ms]
      [Ref Enq: 0.0 ms]
      [Redirty Cards: 0.9 ms]
      [Humongous Register: 0.1 ms]
      [Humongous Reclaim: 0.0 ms]
      [Free CSet: 0.5 ms]
   [Eden: 2442.0M(2442.0M)->0.0B(2148.0M) Survivors: 14336.0K->308.0M Heap: 3188.5M(4096.0M)->1105.0M(4096.0M)]
 [Times: user=0.31 sys=0.00, real=0.04 secs] 
Heap
 garbage-first heap   total 4194304K, used 2276369K [0x00000006c0000000, 0x00000006c0204000, 0x00000007c0000000)
  region size 2048K, 714 young (1462272K), 154 survivors (315392K)
 Metaspace       used 2823K, capacity 4490K, committed 4864K, reserved 1056768K
  class space    used 293K, capacity 386K, committed 512K, reserved 1048576K
