OpenJDK 64-Bit Server VM (25.252-b09) for linux-amd64 JRE (1.8.0_252-8u252-b09-1ubuntu1-b09), built on Apr 16 2020 08:47:49 by "buildd" with gcc 9.3.0
Memory: 4k page, physical 39286120k(39105644k free), swap 10485760k(10485760k free)
CommandLine flags: -XX:InitialHeapSize=4294967296 -XX:MaxHeapSize=4294967296 -XX:+PrintGC -XX:+PrintGCDateStamps -XX:+PrintGCDetails -XX:+PrintGCTimeStamps -XX:+UseCompressedClassPointers -XX:+UseCompressedOops -XX:+UseParallelGC 
2021-01-22T00:41:32.521+0800: 0.377: [GC (Allocation Failure) [PSYoungGen: 1048576K->174591K(1223168K)] 1048576K->232825K(4019712K), 0.0784375 secs] [Times: user=0.12 sys=0.50, real=0.08 secs] 
2021-01-22T00:41:32.746+0800: 0.602: [GC (Allocation Failure) [PSYoungGen: 1223167K->174582K(1223168K)] 1281401K->362334K(4019712K), 0.1017332 secs] [Times: user=0.26 sys=0.54, real=0.11 secs] 
2021-01-22T00:41:32.972+0800: 0.828: [GC (Allocation Failure) [PSYoungGen: 1223158K->174591K(1223168K)] 1410910K->482950K(4019712K), 0.0631942 secs] [Times: user=0.23 sys=0.26, real=0.06 secs] 
2021-01-22T00:41:33.153+0800: 1.009: [GC (Allocation Failure) [PSYoungGen: 1223167K->174588K(1223168K)] 1531526K->603573K(4019712K), 0.0599188 secs] [Times: user=0.20 sys=0.28, real=0.06 secs] 
2021-01-22T00:41:33.333+0800: 1.189: [GC (Allocation Failure) [PSYoungGen: 1223164K->174587K(1223168K)] 1652149K->730451K(4019712K), 0.0662493 secs] [Times: user=0.35 sys=0.16, real=0.07 secs] 
2021-01-22T00:41:33.513+0800: 1.369: [GC (Allocation Failure) [PSYoungGen: 1223163K->174581K(900608K)] 1779027K->856507K(3697152K), 0.0661367 secs] [Times: user=0.37 sys=0.16, real=0.07 secs] 
2021-01-22T00:41:33.661+0800: 1.517: [GC (Allocation Failure) [PSYoungGen: 900597K->273441K(1061888K)] 1582523K->957483K(3858432K), 0.0285355 secs] [Times: user=0.22 sys=0.00, real=0.03 secs] 
2021-01-22T00:41:33.769+0800: 1.625: [GC (Allocation Failure) [PSYoungGen: 999457K->328057K(1039360K)] 1683499K->1015846K(3835904K), 0.0338649 secs] [Times: user=0.26 sys=0.00, real=0.03 secs] 
2021-01-22T00:41:33.882+0800: 1.738: [GC (Allocation Failure) [PSYoungGen: 1034617K->339560K(1046528K)] 1722406K->1045447K(3843072K), 0.0389475 secs] [Times: user=0.29 sys=0.01, real=0.04 secs] 
2021-01-22T00:41:34.012+0800: 1.868: [GC (Allocation Failure) [PSYoungGen: 1046120K->279769K(1037312K)] 1752007K->1062013K(3833856K), 0.0506716 secs] [Times: user=0.28 sys=0.12, real=0.05 secs] 
2021-01-22T00:41:34.139+0800: 1.995: [GC (Allocation Failure) [PSYoungGen: 965849K->175703K(862208K)] 1748093K->1113536K(3658752K), 0.0716664 secs] [Times: user=0.26 sys=0.31, real=0.07 secs] 
2021-01-22T00:41:34.287+0800: 2.143: [GC (Allocation Failure) [PSYoungGen: 861783K->183845K(1011712K)] 1799616K->1214206K(3808256K), 0.0509913 secs] [Times: user=0.25 sys=0.15, real=0.05 secs] 
2021-01-22T00:41:34.409+0800: 2.265: [GC (Allocation Failure) [PSYoungGen: 825893K->172730K(815104K)] 1856254K->1302037K(3611648K), 0.0499477 secs] [Times: user=0.25 sys=0.11, real=0.05 secs] 
2021-01-22T00:41:34.532+0800: 2.388: [GC (Allocation Failure) [PSYoungGen: 814778K->164827K(1004032K)] 1944085K->1396994K(3800576K), 0.0489715 secs] [Times: user=0.20 sys=0.19, real=0.05 secs] 
2021-01-22T00:41:34.650+0800: 2.506: [GC (Allocation Failure) [PSYoungGen: 784347K->152750K(772608K)] 2016514K->1484828K(3569152K), 0.0501576 secs] [Times: user=0.11 sys=0.26, real=0.05 secs] 
2021-01-22T00:41:34.773+0800: 2.629: [GC (Allocation Failure) [PSYoungGen: 772270K->158214K(1005568K)] 2104348K->1578686K(3802112K), 0.0468308 secs] [Times: user=0.19 sys=0.18, real=0.05 secs] 
2021-01-22T00:41:34.890+0800: 2.746: [GC (Allocation Failure) [PSYoungGen: 771078K->161657K(1005056K)] 2191550K->1666683K(3801600K), 0.0460360 secs] [Times: user=0.17 sys=0.19, real=0.04 secs] 
2021-01-22T00:41:35.003+0800: 2.859: [GC (Allocation Failure) [PSYoungGen: 774521K->180350K(1017344K)] 2279547K->1774310K(3813888K), 0.0486380 secs] [Times: user=0.28 sys=0.10, real=0.05 secs] 
2021-01-22T00:41:35.127+0800: 2.983: [GC (Allocation Failure) [PSYoungGen: 809086K->171287K(1009152K)] 2403046K->1871335K(3805696K), 0.0535513 secs] [Times: user=0.23 sys=0.20, real=0.06 secs] 
2021-01-22T00:41:35.257+0800: 3.113: [GC (Allocation Failure) [PSYoungGen: 800023K->158518K(1029632K)] 2500071K->1950121K(3826176K), 0.0496668 secs] [Times: user=0.16 sys=0.23, real=0.05 secs] 
2021-01-22T00:41:35.380+0800: 3.236: [GC (Allocation Failure) [PSYoungGen: 814390K->174599K(1024000K)] 2605993K->2043229K(3820544K), 0.0458651 secs] [Times: user=0.26 sys=0.10, real=0.04 secs] 
2021-01-22T00:41:35.498+0800: 3.354: [GC (Allocation Failure) [PSYoungGen: 830471K->180724K(1049600K)] 2699101K->2150687K(3846144K), 0.0536385 secs] [Times: user=0.29 sys=0.13, real=0.06 secs] 
2021-01-22T00:41:35.631+0800: 3.487: [GC (Allocation Failure) [PSYoungGen: 871412K->171082K(1038848K)] 2841375K->2239041K(3835392K), 0.0520992 secs] [Times: user=0.21 sys=0.19, real=0.05 secs] 
2021-01-22T00:41:35.758+0800: 3.614: [GC (Allocation Failure) [PSYoungGen: 861770K->176671K(1067520K)] 2929729K->2334584K(3864064K), 0.0501852 secs] [Times: user=0.24 sys=0.15, real=0.06 secs] 
2021-01-22T00:41:35.885+0800: 3.741: [GC (Allocation Failure) [PSYoungGen: 904223K->176515K(1057792K)] 3062136K->2418587K(3854336K), 0.0476883 secs] [Times: user=0.24 sys=0.13, real=0.05 secs] 
2021-01-22T00:41:36.014+0800: 3.870: [GC (Allocation Failure) [PSYoungGen: 904067K->183470K(1086976K)] 3146139K->2509010K(3883520K), 0.0480812 secs] [Times: user=0.11 sys=0.28, real=0.05 secs] 
2021-01-22T00:41:36.143+0800: 3.999: [GC (Allocation Failure) [PSYoungGen: 949422K->187826K(1076736K)] 3274962K->2606695K(3873280K), 0.0517947 secs] [Times: user=0.24 sys=0.16, real=0.05 secs] 
2021-01-22T00:41:36.283+0800: 4.139: [GC (Allocation Failure) [PSYoungGen: 953778K->189876K(1106944K)] 3372647K->2703812K(3903488K), 0.0558191 secs] [Times: user=0.25 sys=0.19, real=0.06 secs] 
2021-01-22T00:41:36.432+0800: 4.288: [GC (Allocation Failure) [PSYoungGen: 996276K->195952K(1097216K)] 3510212K->2801407K(3893760K), 0.0580156 secs] [Times: user=0.23 sys=0.20, real=0.06 secs] 
2021-01-22T00:41:36.579+0800: 4.435: [GC (Allocation Failure) [PSYoungGen: 1002352K->194377K(1124352K)] 3607807K->2892488K(3920896K), 0.0523258 secs] [Times: user=0.21 sys=0.20, real=0.05 secs] 
2021-01-22T00:41:36.632+0800: 4.488: [Full GC (Ergonomics) [PSYoungGen: 194377K->0K(1124352K)] [ParOldGen: 2698110K->372069K(2796544K)] 2892488K->372069K(3920896K), [Metaspace: 2816K->2816K(1056768K)], 0.0815452 secs] [Times: user=0.50 sys=0.04, real=0.08 secs] 
2021-01-22T00:41:36.809+0800: 4.665: [GC (Allocation Failure) [PSYoungGen: 842240K->207381K(1115648K)] 1214309K->579451K(3912192K), 0.0211953 secs] [Times: user=0.16 sys=0.00, real=0.02 secs] 
2021-01-22T00:41:36.928+0800: 4.784: [GC (Allocation Failure) [PSYoungGen: 1049621K->201223K(1133056K)] 1421691K->672087K(3929600K), 0.0317827 secs] [Times: user=0.24 sys=0.00, real=0.03 secs] 
2021-01-22T00:41:37.068+0800: 4.924: [GC (Allocation Failure) [PSYoungGen: 1063943K->216468K(1127424K)] 1534807K->782292K(3923968K), 0.0319459 secs] [Times: user=0.24 sys=0.00, real=0.04 secs] 
2021-01-22T00:41:37.199+0800: 5.055: [GC (Allocation Failure) [PSYoungGen: 1079188K->202676K(1137152K)] 1645012K->862357K(3933696K), 0.0300474 secs] [Times: user=0.23 sys=0.00, real=0.03 secs] 
2021-01-22T00:41:37.327+0800: 5.183: [GC (Allocation Failure) [PSYoungGen: 1074612K->220910K(1132544K)] 1734293K->967749K(3929088K), 0.0329863 secs] [Times: user=0.26 sys=0.00, real=0.04 secs] 
2021-01-22T00:41:37.465+0800: 5.321: [GC (Allocation Failure) [PSYoungGen: 1092846K->207143K(1139200K)] 1839685K->1057170K(3935744K), 0.0402818 secs] [Times: user=0.30 sys=0.00, real=0.04 secs] 
2021-01-22T00:41:37.612+0800: 5.468: [GC (Allocation Failure) [PSYoungGen: 1083687K->198309K(1135104K)] 1933714K->1146508K(3931648K), 0.0297445 secs] [Times: user=0.23 sys=0.00, real=0.03 secs] 
2021-01-22T00:41:37.742+0800: 5.598: [GC (Allocation Failure) [PSYoungGen: 1074853K->209818K(1146368K)] 2023052K->1248866K(3942912K), 0.0305243 secs] [Times: user=0.24 sys=0.00, real=0.03 secs] 
2021-01-22T00:41:37.870+0800: 5.726: [GC (Allocation Failure) [PSYoungGen: 1102746K->221272K(1144320K)] 2141794K->1351176K(3940864K), 0.0316187 secs] [Times: user=0.24 sys=0.00, real=0.03 secs] 
2021-01-22T00:41:37.998+0800: 5.854: [GC (Allocation Failure) [PSYoungGen: 1114200K->217712K(1143296K)] 2244104K->1449342K(3939840K), 0.0318661 secs] [Times: user=0.25 sys=0.00, real=0.04 secs] 
2021-01-22T00:41:38.131+0800: 5.987: [GC (Allocation Failure) [PSYoungGen: 1107568K->212157K(1143808K)] 2339198K->1538650K(3940352K), 0.0314547 secs] [Times: user=0.24 sys=0.00, real=0.03 secs] 
2021-01-22T00:41:38.260+0800: 6.116: [GC (Allocation Failure) [PSYoungGen: 1102013K->207374K(1150464K)] 2428506K->1636124K(3947008K), 0.0313329 secs] [Times: user=0.24 sys=0.00, real=0.03 secs] 
2021-01-22T00:41:38.395+0800: 6.251: [GC (Allocation Failure) [PSYoungGen: 1106446K->213422K(1146368K)] 2535196K->1728664K(3942912K), 0.0309011 secs] [Times: user=0.23 sys=0.00, real=0.03 secs] 
2021-01-22T00:41:38.539+0800: 6.395: [GC (Allocation Failure) [PSYoungGen: 1112494K->216509K(1152000K)] 2627736K->1819903K(3948544K), 0.0332540 secs] [Times: user=0.26 sys=0.00, real=0.03 secs] 
2021-01-22T00:41:38.683+0800: 6.539: [GC (Allocation Failure) [PSYoungGen: 1122749K->202405K(1152000K)] 2726143K->1902887K(3948544K), 0.0326045 secs] [Times: user=0.25 sys=0.00, real=0.03 secs] 
2021-01-22T00:41:38.829+0800: 6.685: [GC (Allocation Failure) [PSYoungGen: 1108645K->214241K(1156096K)] 2809127K->2000132K(3952640K), 0.0367153 secs] [Times: user=0.27 sys=0.01, real=0.03 secs] 
2021-01-22T00:41:38.971+0800: 6.827: [GC (Allocation Failure) [PSYoungGen: 1127649K->212416K(1155072K)] 2913540K->2086602K(3951616K), 0.0332613 secs] [Times: user=0.25 sys=0.00, real=0.03 secs] 
2021-01-22T00:41:39.126+0800: 6.982: [GC (Allocation Failure) [PSYoungGen: 1125824K->221552K(1154560K)] 3000010K->2189305K(3951104K), 0.0433900 secs] [Times: user=0.33 sys=0.00, real=0.05 secs] 
2021-01-22T00:41:39.272+0800: 7.128: [GC (Allocation Failure) [PSYoungGen: 1135984K->228034K(1142784K)] 3103737K->2288760K(3939328K), 0.0338378 secs] [Times: user=0.26 sys=0.00, real=0.03 secs] 
2021-01-22T00:41:39.410+0800: 7.266: [GC (Allocation Failure) [PSYoungGen: 1142466K->214915K(1154560K)] 3203192K->2371117K(3951104K), 0.0352022 secs] [Times: user=0.27 sys=0.01, real=0.03 secs] 
2021-01-22T00:41:39.552+0800: 7.408: [GC (Allocation Failure) [PSYoungGen: 1124227K->218159K(1152512K)] 3280429K->2467446K(3949056K), 0.0355720 secs] [Times: user=0.27 sys=0.01, real=0.03 secs] 
2021-01-22T00:41:39.701+0800: 7.557: [GC (Allocation Failure) [PSYoungGen: 1127471K->209962K(1157632K)] 3376758K->2556089K(3954176K), 0.0375399 secs] [Times: user=0.25 sys=0.01, real=0.04 secs] 
2021-01-22T00:41:39.839+0800: 7.695: [GC (Allocation Failure) [PSYoungGen: 1124906K->224024K(1155072K)] 3471033K->2660029K(3951616K), 0.0336240 secs] [Times: user=0.25 sys=0.01, real=0.03 secs] 
2021-01-22T00:41:39.975+0800: 7.831: [GC (Allocation Failure) [PSYoungGen: 1138968K->215383K(1158144K)] 3574973K->2744831K(3954688K), 0.0329887 secs] [Times: user=0.26 sys=0.00, real=0.04 secs] 
2021-01-22T00:41:40.111+0800: 7.967: [GC (Allocation Failure) [PSYoungGen: 1131690K->208455K(1156096K)] 3661139K->2823978K(3952640K), 0.0345383 secs] [Times: user=0.26 sys=0.01, real=0.03 secs] 
2021-01-22T00:41:40.264+0800: 8.120: [GC (Allocation Failure) [PSYoungGen: 1124935K->221926K(1158144K)] 3740458K->2921640K(3954688K), 0.0340185 secs] [Times: user=0.26 sys=0.00, real=0.04 secs] 
2021-01-22T00:41:40.299+0800: 8.155: [Full GC (Ergonomics) [PSYoungGen: 221926K->0K(1158144K)] [ParOldGen: 2699714K->371455K(2796544K)] 2921640K->371455K(3954688K), [Metaspace: 2816K->2816K(1056768K)], 0.0419359 secs] [Times: user=0.28 sys=0.01, real=0.04 secs] 
2021-01-22T00:41:40.441+0800: 8.297: [GC (Allocation Failure) [PSYoungGen: 920576K->214483K(1159168K)] 1292031K->585939K(3955712K), 0.0211314 secs] [Times: user=0.16 sys=0.00, real=0.02 secs] 
2021-01-22T00:41:40.566+0800: 8.422: [GC (Allocation Failure) [PSYoungGen: 1135059K->231162K(1153024K)] 1506515K->686956K(3949568K), 0.0309729 secs] [Times: user=0.23 sys=0.00, real=0.03 secs] 
2021-01-22T00:41:40.703+0800: 8.559: [GC (Allocation Failure) [PSYoungGen: 1147642K->216127K(1157120K)] 1603436K->765472K(3953664K), 0.0323639 secs] [Times: user=0.25 sys=0.00, real=0.03 secs] 
2021-01-22T00:41:40.845+0800: 8.701: [GC (Allocation Failure) [PSYoungGen: 1132607K->208978K(1160704K)] 1681952K->849527K(3957248K), 0.0292360 secs] [Times: user=0.23 sys=0.00, real=0.03 secs] 
2021-01-22T00:41:40.975+0800: 8.831: [GC (Allocation Failure) [PSYoungGen: 1131602K->224014K(1159680K)] 1772151K->950323K(3956224K), 0.0321665 secs] [Times: user=0.24 sys=0.00, real=0.03 secs] 
2021-01-22T00:41:41.111+0800: 8.967: [GC (Allocation Failure) [PSYoungGen: 1146638K->214191K(1161216K)] 1872947K->1030950K(3957760K), 0.0306868 secs] [Times: user=0.23 sys=0.00, real=0.03 secs] 
2021-01-22T00:41:41.249+0800: 9.105: [GC (Allocation Failure) [PSYoungGen: 1137327K->221087K(1159680K)] 1954086K->1125274K(3956224K), 0.0318188 secs] [Times: user=0.25 sys=0.00, real=0.03 secs] 
2021-01-22T00:41:41.382+0800: 9.238: [GC (Allocation Failure) [PSYoungGen: 1144223K->224440K(1159680K)] 2048410K->1218604K(3956224K), 0.0348476 secs] [Times: user=0.26 sys=0.01, real=0.03 secs] 
2021-01-22T00:41:41.527+0800: 9.383: [GC (Allocation Failure) [PSYoungGen: 1148088K->222109K(1160704K)] 2142252K->1313146K(3957248K), 0.0345567 secs] [Times: user=0.25 sys=0.00, real=0.04 secs] 
2021-01-22T00:41:41.673+0800: 9.529: [GC (Allocation Failure) [PSYoungGen: 1145757K->219125K(1162240K)] 2236794K->1406457K(3958784K), 0.0341766 secs] [Times: user=0.27 sys=0.00, real=0.03 secs] 
2021-01-22T00:41:41.817+0800: 9.673: [GC (Allocation Failure) [PSYoungGen: 1144309K->225035K(1160704K)] 2331641K->1503536K(3957248K), 0.0336284 secs] [Times: user=0.26 sys=0.00, real=0.04 secs] 
2021-01-22T00:41:41.960+0800: 9.816: [GC (Allocation Failure) [PSYoungGen: 1150219K->231378K(1155072K)] 2428720K->1601878K(3951616K), 0.0425528 secs] [Times: user=0.33 sys=0.00, real=0.04 secs] 
2021-01-22T00:41:42.112+0800: 9.968: [GC (Allocation Failure) [PSYoungGen: 1149906K->210412K(1158144K)] 2520406K->1680222K(3954688K), 0.0330597 secs] [Times: user=0.26 sys=0.00, real=0.03 secs] 
2021-01-22T00:41:42.246+0800: 10.102: [GC (Allocation Failure) [PSYoungGen: 1128940K->225109K(1157632K)] 2598750K->1788471K(3954176K), 0.0332603 secs] [Times: user=0.25 sys=0.00, real=0.04 secs] 
2021-01-22T00:41:42.384+0800: 10.240: [GC (Allocation Failure) [PSYoungGen: 1143637K->217089K(1158144K)] 2706999K->1877369K(3954688K), 0.0322894 secs] [Times: user=0.25 sys=0.00, real=0.03 secs] 
2021-01-22T00:41:42.519+0800: 10.375: [GC (Allocation Failure) [PSYoungGen: 1135617K->221913K(1160704K)] 2795897K->1970725K(3957248K), 0.0320285 secs] [Times: user=0.25 sys=0.00, real=0.03 secs] 
2021-01-22T00:41:42.660+0800: 10.516: [GC (Allocation Failure) [PSYoungGen: 1144537K->207209K(1159680K)] 2893349K->2049581K(3956224K), 0.0355741 secs] [Times: user=0.27 sys=0.00, real=0.03 secs] 
2021-01-22T00:41:42.808+0800: 10.664: [GC (Allocation Failure) [PSYoungGen: 1129833K->210611K(1160704K)] 2972205K->2147295K(3957248K), 0.0330329 secs] [Times: user=0.25 sys=0.00, real=0.03 secs] 
2021-01-22T00:41:42.952+0800: 10.808: [GC (Allocation Failure) [PSYoungGen: 1133747K->213306K(1160192K)] 3070431K->2241023K(3956736K), 0.0352181 secs] [Times: user=0.27 sys=0.01, real=0.03 secs] 
2021-01-22T00:41:43.093+0800: 10.949: [GC (Allocation Failure) [PSYoungGen: 1136442K->216524K(1163776K)] 3164159K->2336824K(3960320K), 0.0353615 secs] [Times: user=0.27 sys=0.00, real=0.04 secs] 
2021-01-22T00:41:43.236+0800: 11.092: [GC (Allocation Failure) [PSYoungGen: 1144780K->225761K(1162240K)] 3265080K->2441749K(3958784K), 0.0365753 secs] [Times: user=0.28 sys=0.00, real=0.04 secs] 
2021-01-22T00:41:43.402+0800: 11.258: [GC (Allocation Failure) [PSYoungGen: 1154017K->220596K(1162752K)] 3370005K->2523515K(3959296K), 0.0371587 secs] [Times: user=0.28 sys=0.00, real=0.04 secs] 
2021-01-22T00:41:43.547+0800: 11.403: [GC (Allocation Failure) [PSYoungGen: 1147828K->221200K(1162240K)] 3450747K->2623023K(3958784K), 0.0411551 secs] [Times: user=0.31 sys=0.00, real=0.05 secs] 
2021-01-22T00:41:43.696+0800: 11.552: [GC (Allocation Failure) [PSYoungGen: 1148432K->222867K(1163264K)] 3550255K->2721186K(3959808K), 0.0360394 secs] [Times: user=0.28 sys=0.00, real=0.04 secs] 
2021-01-22T00:41:43.850+0800: 11.706: [GC (Allocation Failure) [PSYoungGen: 1151635K->224426K(1153536K)] 3649954K->2816484K(3950080K), 0.0401372 secs] [Times: user=0.30 sys=0.00, real=0.04 secs] 
2021-01-22T00:41:44.004+0800: 11.860: [GC (Allocation Failure) [PSYoungGen: 1153194K->218629K(1164288K)] 3745252K->2905591K(3960832K), 0.0386754 secs] [Times: user=0.30 sys=0.00, real=0.04 secs] 
2021-01-22T00:41:44.170+0800: 12.026: [GC (Allocation Failure) [PSYoungGen: 1147909K->220739K(1162752K)] 3834871K->3002599K(3959296K), 0.0562431 secs] [Times: user=0.28 sys=0.16, real=0.05 secs] 
2021-01-22T00:41:44.227+0800: 12.083: [Full GC (Ergonomics) [PSYoungGen: 220739K->0K(1162752K)] [ParOldGen: 2781860K->389858K(2796544K)] 3002599K->389858K(3959296K), [Metaspace: 2816K->2816K(1056768K)], 0.0511947 secs] [Times: user=0.34 sys=0.01, real=0.06 secs] 
2021-01-22T00:41:44.385+0800: 12.241: [GC (Allocation Failure) [PSYoungGen: 929280K->224078K(1164288K)] 1319138K->613936K(3960832K), 0.0250655 secs] [Times: user=0.19 sys=0.00, real=0.03 secs] 
2021-01-22T00:41:44.525+0800: 12.381: [GC (Allocation Failure) [PSYoungGen: 1155918K->225054K(1157120K)] 1545776K->709266K(3953664K), 0.0357434 secs] [Times: user=0.28 sys=0.00, real=0.04 secs] 
2021-01-22T00:41:44.677+0800: 12.533: [GC (Allocation Failure) [PSYoungGen: 1156894K->209643K(1163264K)] 1641106K->787714K(3959808K), 0.0356754 secs] [Times: user=0.28 sys=0.00, real=0.04 secs] 
2021-01-22T00:41:44.830+0800: 12.686: [GC (Allocation Failure) [PSYoungGen: 1139435K->220164K(1163776K)] 1717506K->886169K(3960320K), 0.0366015 secs] [Times: user=0.28 sys=0.00, real=0.03 secs] 
2021-01-22T00:41:44.973+0800: 12.829: [GC (Allocation Failure) [PSYoungGen: 1149956K->208377K(1163776K)] 1815961K->965327K(3960320K), 0.0297118 secs] [Times: user=0.23 sys=0.00, real=0.03 secs] 
2021-01-22T00:41:45.109+0800: 12.965: [GC (Allocation Failure) [PSYoungGen: 1139193K->217035K(1164288K)] 1896143K->1061931K(3960832K), 0.0309308 secs] [Times: user=0.24 sys=0.00, real=0.03 secs] 
2021-01-22T00:41:45.252+0800: 13.108: [GC (Allocation Failure) [PSYoungGen: 1147851K->224003K(1164288K)] 1992747K->1162162K(3960832K), 0.0373610 secs] [Times: user=0.28 sys=0.00, real=0.04 secs] 
2021-01-22T00:41:45.408+0800: 13.264: [GC (Allocation Failure) [PSYoungGen: 1155843K->220734K(1164800K)] 2094002K->1246932K(3961344K), 0.0367191 secs] [Times: user=0.29 sys=0.00, real=0.04 secs] 
2021-01-22T00:41:45.562+0800: 13.418: [GC (Allocation Failure) [PSYoungGen: 1152574K->220534K(1166336K)] 2178772K->1338157K(3962880K), 0.0508595 secs] [Times: user=0.37 sys=0.00, real=0.05 secs] 
2021-01-22T00:41:45.740+0800: 13.596: [GC (Allocation Failure) [PSYoungGen: 1154422K->215287K(1165312K)] 2272045K->1431846K(3961856K), 0.0334429 secs] [Times: user=0.26 sys=0.00, real=0.03 secs] 
2021-01-22T00:41:45.883+0800: 13.739: [GC (Allocation Failure) [PSYoungGen: 1149175K->229410K(1160704K)] 2365734K->1532523K(3957248K), 0.0343636 secs] [Times: user=0.26 sys=0.00, real=0.03 secs] 
2021-01-22T00:41:46.059+0800: 13.915: [GC (Allocation Failure) [PSYoungGen: 1159202K->217351K(1163776K)] 2462315K->1608506K(3960320K), 0.0402778 secs] [Times: user=0.31 sys=0.00, real=0.04 secs] 
2021-01-22T00:41:46.252+0800: 14.108: [GC (Allocation Failure) [PSYoungGen: 1147143K->210515K(1164800K)] 2538298K->1697141K(3961344K), 0.0408985 secs] [Times: user=0.32 sys=0.00, real=0.04 secs] 
2021-01-22T00:41:46.416+0800: 14.272: [GC (Allocation Failure) [PSYoungGen: 1142355K->212002K(1164800K)] 2628981K->1784211K(3961344K), 0.0361740 secs] [Times: user=0.27 sys=0.00, real=0.04 secs] 
2021-01-22T00:41:46.575+0800: 14.431: [GC (Allocation Failure) [PSYoungGen: 1143842K->219482K(1165824K)] 2716051K->1873260K(3962368K), 0.0385306 secs] [Times: user=0.30 sys=0.00, real=0.04 secs] 
2021-01-22T00:41:46.735+0800: 14.591: [GC (Allocation Failure) [PSYoungGen: 1152346K->220616K(1164800K)] 2806124K->1962140K(3961344K), 0.0386242 secs] [Times: user=0.30 sys=0.00, real=0.04 secs] 
2021-01-22T00:41:46.897+0800: 14.753: [GC (Allocation Failure) [PSYoungGen: 1153480K->205025K(1164288K)] 2895004K->2043855K(3960832K), 0.0399591 secs] [Times: user=0.31 sys=0.00, real=0.04 secs] 
2021-01-22T00:41:47.050+0800: 14.906: [GC (Allocation Failure) [PSYoungGen: 1137889K->219808K(1165312K)] 2976719K->2139950K(3961856K), 0.0411685 secs] [Times: user=0.32 sys=0.00, real=0.04 secs] 
2021-01-22T00:41:47.225+0800: 15.081: [GC (Allocation Failure) [PSYoungGen: 1152672K->216720K(1167360K)] 3072814K->2233240K(3963904K), 0.0417178 secs] [Times: user=0.32 sys=0.00, real=0.04 secs] 
2021-01-22T00:41:47.401+0800: 15.257: [GC (Allocation Failure) [PSYoungGen: 1152144K->222137K(1165824K)] 3168664K->2319807K(3962368K), 0.0395333 secs] [Times: user=0.30 sys=0.00, real=0.04 secs] 
2021-01-22T00:41:47.567+0800: 15.423: [GC (Allocation Failure) [PSYoungGen: 1157561K->220955K(1166848K)] 3255231K->2410046K(3963392K), 0.0369017 secs] [Times: user=0.29 sys=0.00, real=0.04 secs] 
2021-01-22T00:41:47.717+0800: 15.573: [GC (Allocation Failure) [PSYoungGen: 1156891K->223346K(1159680K)] 3345982K->2500059K(3956224K), 0.0372201 secs] [Times: user=0.29 sys=0.00, real=0.04 secs] 
2021-01-22T00:41:47.871+0800: 15.727: [GC (Allocation Failure) [PSYoungGen: 1159282K->215975K(1166848K)] 3435995K->2591397K(3963392K), 0.0399658 secs] [Times: user=0.32 sys=0.00, real=0.04 secs] 
2021-01-22T00:41:48.039+0800: 15.895: [GC (Allocation Failure) [PSYoungGen: 1151399K->218401K(1166336K)] 3526821K->2679980K(3962880K), 0.0408329 secs] [Times: user=0.28 sys=0.01, real=0.04 secs] 
2021-01-22T00:41:48.233+0800: 16.088: [GC (Allocation Failure) [PSYoungGen: 1153825K->225126K(1165312K)] 3615404K->2770247K(3961856K), 0.0391461 secs] [Times: user=0.31 sys=0.00, real=0.04 secs] 
2021-01-22T00:41:48.542+0800: 16.398: [GC (Allocation Failure) [PSYoungGen: 1161062K->226500K(1162752K)] 3706183K->2861334K(3959296K), 0.0513530 secs] [Times: user=0.39 sys=0.00, real=0.05 secs] 
2021-01-22T00:41:48.873+0800: 16.729: [GC (Allocation Failure) [PSYoungGen: 1162436K->216679K(1165824K)] 3797270K->2943997K(3962368K), 0.0443349 secs] [Times: user=0.35 sys=0.00, real=0.04 secs] 
2021-01-22T00:41:48.918+0800: 16.774: [Full GC (Ergonomics) [PSYoungGen: 216679K->0K(1165824K)] [ParOldGen: 2727317K->376197K(2796544K)] 2943997K->376197K(3962368K), [Metaspace: 2816K->2816K(1056768K)], 0.0699777 secs] [Times: user=0.42 sys=0.02, real=0.08 secs] 
2021-01-22T00:41:49.139+0800: 16.995: [GC (Allocation Failure) [PSYoungGen: 933376K->219319K(1165312K)] 1309573K->595516K(3961856K), 0.0249373 secs] [Times: user=0.19 sys=0.00, real=0.02 secs] 
2021-01-22T00:41:49.291+0800: 17.147: [GC (Allocation Failure) [PSYoungGen: 1152695K->230905K(1160704K)] 1528892K->699079K(3957248K), 0.0399848 secs] [Times: user=0.31 sys=0.00, real=0.04 secs] 
2021-01-22T00:41:49.449+0800: 17.305: [GC (Allocation Failure) [PSYoungGen: 1160697K->220606K(1163776K)] 1628871K->783919K(3960320K), 0.0408045 secs] [Times: user=0.32 sys=0.00, real=0.04 secs] 
2021-01-22T00:41:49.608+0800: 17.464: [GC (Allocation Failure) [PSYoungGen: 1150398K->223302K(1165312K)] 1713711K->880042K(3961856K), 0.0394269 secs] [Times: user=0.29 sys=0.01, real=0.03 secs] 
2021-01-22T00:41:49.762+0800: 17.618: [GC (Allocation Failure) [PSYoungGen: 1156166K->211244K(1144320K)] 1812906K->965200K(3940864K), 0.0334252 secs] [Times: user=0.25 sys=0.00, real=0.03 secs] 
2021-01-22T00:41:49.915+0800: 17.771: [GC (Allocation Failure) [PSYoungGen: 1144108K->214694K(1165312K)] 1898064K->1052495K(3961856K), 0.0353286 secs] [Times: user=0.27 sys=0.00, real=0.04 secs] 
2021-01-22T00:41:50.062+0800: 17.918: [GC (Allocation Failure) [PSYoungGen: 1146364K->222484K(1164800K)] 1984165K->1152527K(3961344K), 0.0344069 secs] [Times: user=0.27 sys=0.00, real=0.03 secs] 
2021-01-22T00:41:50.213+0800: 18.069: [GC (Allocation Failure) [PSYoungGen: 1154836K->227345K(1162240K)] 2084879K->1247950K(3958784K), 0.0357963 secs] [Times: user=0.27 sys=0.01, real=0.04 secs] 
2021-01-22T00:41:50.360+0800: 18.216: [GC (Allocation Failure) [PSYoungGen: 1157137K->213957K(1163776K)] 2177742K->1322868K(3960320K), 0.0357111 secs] [Times: user=0.27 sys=0.00, real=0.03 secs] 
2021-01-22T00:41:50.510+0800: 18.366: [GC (Allocation Failure) [PSYoungGen: 1143749K->221992K(1164800K)] 2252660K->1413116K(3961344K), 0.0361406 secs] [Times: user=0.27 sys=0.01, real=0.03 secs] 
2021-01-22T00:41:50.659+0800: 18.515: [GC (Allocation Failure) [PSYoungGen: 1152808K->217697K(1163776K)] 2343932K->1496893K(3960320K), 0.0364920 secs] [Times: user=0.25 sys=0.01, real=0.03 secs] 
2021-01-22T00:41:50.811+0800: 18.667: [GC (Allocation Failure) [PSYoungGen: 1148513K->218887K(1166336K)] 2427709K->1582466K(3962880K), 0.0344170 secs] [Times: user=0.26 sys=0.00, real=0.03 secs] 
2021-01-22T00:41:50.962+0800: 18.818: [GC (Allocation Failure) [PSYoungGen: 1152775K->230676K(1164800K)] 2516354K->1685376K(3961344K), 0.0363254 secs] [Times: user=0.27 sys=0.02, real=0.04 secs] 
2021-01-22T00:41:51.155+0800: 19.011: [GC (Allocation Failure) [PSYoungGen: 1164564K->210321K(1161728K)] 2619264K->1748389K(3958272K), 0.0401011 secs] [Times: user=0.31 sys=0.00, real=0.04 secs] 
2021-01-22T00:41:51.307+0800: 19.163: [GC (Allocation Failure) [PSYoungGen: 1139089K->233287K(1162240K)] 2677157K->1857873K(3958784K), 0.0373110 secs] [Times: user=0.28 sys=0.00, real=0.04 secs] 
2021-01-22T00:41:51.455+0800: 19.311: [GC (Allocation Failure) [PSYoungGen: 1162055K->219750K(1160192K)] 2786641K->1940576K(3956736K), 0.0372870 secs] [Times: user=0.28 sys=0.00, real=0.04 secs] 
2021-01-22T00:41:51.618+0800: 19.474: [GC (Allocation Failure) [PSYoungGen: 1144422K->228220K(1153024K)] 2865248K->2035671K(3949568K), 0.0421762 secs] [Times: user=0.32 sys=0.00, real=0.05 secs] 
2021-01-22T00:41:51.807+0800: 19.663: [GC (Allocation Failure) [PSYoungGen: 1152892K->227305K(1159680K)] 2960343K->2126879K(3956224K), 0.0449663 secs] [Times: user=0.34 sys=0.01, real=0.05 secs] 
2021-01-22T00:41:51.982+0800: 19.838: [GC (Allocation Failure) [PSYoungGen: 1148905K->218671K(1159680K)] 3048479K->2208894K(3956224K), 0.0383926 secs] [Times: user=0.30 sys=0.00, real=0.04 secs] 
2021-01-22T00:41:52.143+0800: 19.999: [GC (Allocation Failure) [PSYoungGen: 1140271K->213923K(1160704K)] 3130494K->2290679K(3957248K), 0.0454572 secs] [Times: user=0.35 sys=0.01, real=0.05 secs] 
2021-01-22T00:41:52.307+0800: 20.163: [GC (Allocation Failure) [PSYoungGen: 1137059K->218361K(1160192K)] 3213815K->2385844K(3956736K), 0.0377244 secs] [Times: user=0.29 sys=0.00, real=0.04 secs] 
2021-01-22T00:41:52.456+0800: 20.312: [GC (Allocation Failure) [PSYoungGen: 1141497K->215668K(1162240K)] 3308980K->2467829K(3958784K), 0.0382498 secs] [Times: user=0.30 sys=0.00, real=0.04 secs] 
2021-01-22T00:41:52.610+0800: 20.466: [GC (Allocation Failure) [PSYoungGen: 1141876K->218522K(1161728K)] 3394037K->2563095K(3958272K), 0.0367351 secs] [Times: user=0.29 sys=0.00, real=0.03 secs] 
2021-01-22T00:41:52.766+0800: 20.622: [GC (Allocation Failure) [PSYoungGen: 1144730K->216811K(1164288K)] 3489303K->2648307K(3960832K), 0.0369509 secs] [Times: user=0.29 sys=0.00, real=0.04 secs] 
2021-01-22T00:41:52.923+0800: 20.779: [GC (Allocation Failure) [PSYoungGen: 1146603K->226178K(1163264K)] 3578099K->2749601K(3959808K), 0.0385394 secs] [Times: user=0.30 sys=0.00, real=0.04 secs] 
2021-01-22T00:41:53.080+0800: 20.936: [GC (Allocation Failure) [PSYoungGen: 1155970K->215398K(1163776K)] 3679393K->2827606K(3960320K), 0.0402447 secs] [Times: user=0.31 sys=0.00, real=0.04 secs] 
2021-01-22T00:41:53.262+0800: 21.118: [GC (Allocation Failure) [PSYoungGen: 1144678K->231463K(1161216K)] 3756886K->2927621K(3957760K), 0.0462605 secs] [Times: user=0.34 sys=0.02, real=0.05 secs] 
2021-01-22T00:41:53.478+0800: 21.334: [GC (Allocation Failure) [PSYoungGen: 1160743K->214613K(1161216K)] 3856901K->3009272K(3957760K), 0.0439535 secs] [Times: user=0.33 sys=0.01, real=0.05 secs] 
2021-01-22T00:41:53.522+0800: 21.378: [Full GC (Ergonomics) [PSYoungGen: 214613K->0K(1161216K)] [ParOldGen: 2794659K->377258K(2796544K)] 3009272K->377258K(3957760K), [Metaspace: 2816K->2816K(1056768K)], 0.0545235 secs] [Times: user=0.36 sys=0.00, real=0.05 secs] 
2021-01-22T00:41:53.884+0800: 21.740: [GC (Allocation Failure) [PSYoungGen: 924672K->221686K(1161216K)] 1301930K->598944K(3957760K), 0.0376557 secs] [Times: user=0.29 sys=0.00, real=0.04 secs] 
2021-01-22T00:41:54.167+0800: 22.023: [GC (Allocation Failure) [PSYoungGen: 1145845K->226470K(1161216K)] 1523104K->688841K(3957760K), 0.0429485 secs] [Times: user=0.33 sys=0.00, real=0.05 secs] 
2021-01-22T00:41:54.355+0800: 22.211: [GC (Allocation Failure) [PSYoungGen: 1152166K->216842K(1161728K)] 1614537K->775790K(3958272K), 0.0449474 secs] [Times: user=0.35 sys=0.00, real=0.05 secs] 
2021-01-22T00:41:54.535+0800: 22.391: [GC (Allocation Failure) [PSYoungGen: 1142538K->211864K(1162240K)] 1701486K->864826K(3958784K), 0.0416083 secs] [Times: user=0.32 sys=0.00, real=0.04 secs] 
2021-01-22T00:41:54.697+0800: 22.553: [GC (Allocation Failure) [PSYoungGen: 1138584K->217547K(1162240K)] 1791546K->951321K(3958784K), 0.0378979 secs] [Times: user=0.28 sys=0.00, real=0.04 secs] 
2021-01-22T00:41:54.856+0800: 22.712: [GC (Allocation Failure) [PSYoungGen: 1144267K->209925K(1162752K)] 1878041K->1034354K(3959296K), 0.0366198 secs] [Times: user=0.29 sys=0.00, real=0.04 secs] 
2021-01-22T00:41:55.010+0800: 22.866: [GC (Allocation Failure) [PSYoungGen: 1138693K->221980K(1163264K)] 1963122K->1131690K(3959808K), 0.0352638 secs] [Times: user=0.28 sys=0.00, real=0.03 secs] 
2021-01-22T00:41:55.152+0800: 23.007: [GC (Allocation Failure) [PSYoungGen: 1150748K->211232K(1163776K)] 2060458K->1210950K(3960320K), 0.0323516 secs] [Times: user=0.25 sys=0.00, real=0.03 secs] 
2021-01-22T00:41:55.296+0800: 23.152: [GC (Allocation Failure) [PSYoungGen: 1141024K->225708K(1155584K)] 2140742K->1309630K(3952128K), 0.0468340 secs] [Times: user=0.34 sys=0.00, real=0.05 secs] 
2021-01-22T00:41:55.483+0800: 23.339: [GC (Allocation Failure) [PSYoungGen: 1155500K->218473K(1164288K)] 2239422K->1398130K(3960832K), 0.0375791 secs] [Times: user=0.29 sys=0.00, real=0.04 secs] 
2021-01-22T00:41:55.633+0800: 23.489: [GC (Allocation Failure) [PSYoungGen: 1147753K->217415K(1162752K)] 2327410K->1488956K(3959296K), 0.0410627 secs] [Times: user=0.32 sys=0.00, real=0.04 secs] 
2021-01-22T00:41:55.786+0800: 23.642: [GC (Allocation Failure) [PSYoungGen: 1146695K->205786K(1163264K)] 2418236K->1572423K(3959808K), 0.0359305 secs] [Times: user=0.28 sys=0.00, real=0.04 secs] 
2021-01-22T00:41:55.928+0800: 23.784: [GC (Allocation Failure) [PSYoungGen: 1136602K->227917K(1159168K)] 2503239K->1684883K(3955712K), 0.0389792 secs] [Times: user=0.30 sys=0.00, real=0.04 secs] 
2021-01-22T00:41:56.084+0800: 23.940: [GC (Allocation Failure) [PSYoungGen: 1158733K->223312K(1162240K)] 2615699K->1769031K(3958784K), 0.0421343 secs] [Times: user=0.33 sys=0.00, real=0.04 secs] 
2021-01-22T00:41:56.246+0800: 24.102: [GC (Allocation Failure) [PSYoungGen: 1150032K->215080K(1162240K)] 2695751K->1849209K(3958784K), 0.0377928 secs] [Times: user=0.29 sys=0.00, real=0.04 secs] 
2021-01-22T00:41:56.410+0800: 24.266: [GC (Allocation Failure) [PSYoungGen: 1141800K->226495K(1160192K)] 2775929K->1945640K(3956736K), 0.0395066 secs] [Times: user=0.31 sys=0.00, real=0.04 secs] 
2021-01-22T00:41:56.569+0800: 24.425: [GC (Allocation Failure) [PSYoungGen: 1152191K->214423K(1161728K)] 2871336K->2038243K(3958272K), 0.0409125 secs] [Times: user=0.33 sys=0.00, real=0.04 secs] 
2021-01-22T00:41:56.730+0800: 24.586: [GC (Allocation Failure) [PSYoungGen: 1140119K->207195K(1162240K)] 2963939K->2120312K(3958784K), 0.0437563 secs] [Times: user=0.29 sys=0.00, real=0.04 secs] 
2021-01-22T00:41:56.906+0800: 24.762: [GC (Allocation Failure) [PSYoungGen: 1133915K->210755K(1162240K)] 3047032K->2211198K(3958784K), 0.0380044 secs] [Times: user=0.30 sys=0.00, real=0.04 secs] 
2021-01-22T00:41:57.065+0800: 24.921: [GC (Allocation Failure) [PSYoungGen: 1137475K->217613K(1164288K)] 3137918K->2305732K(3960832K), 0.0407006 secs] [Times: user=0.32 sys=0.00, real=0.04 secs] 
2021-01-22T00:41:57.224+0800: 25.080: [GC (Allocation Failure) [PSYoungGen: 1146893K->219319K(1162752K)] 3235012K->2394992K(3959296K), 0.0387578 secs] [Times: user=0.30 sys=0.00, real=0.04 secs] 
2021-01-22T00:41:57.383+0800: 25.239: [GC (Allocation Failure) [PSYoungGen: 1148599K->215760K(1166336K)] 3324272K->2478625K(3962880K), 0.0404134 secs] [Times: user=0.32 sys=0.00, real=0.04 secs] 
2021-01-22T00:41:57.546+0800: 25.402: [GC (Allocation Failure) [PSYoungGen: 1149136K->219412K(1164800K)] 3412001K->2571885K(3961344K), 0.0406281 secs] [Times: user=0.31 sys=0.00, real=0.04 secs] 
2021-01-22T00:41:57.710+0800: 25.566: [GC (Allocation Failure) [PSYoungGen: 1152788K->211651K(1167360K)] 3505261K->2656335K(3963904K), 0.0385811 secs] [Times: user=0.30 sys=0.00, real=0.04 secs] 
2021-01-22T00:41:57.875+0800: 25.731: [GC (Allocation Failure) [PSYoungGen: 1148099K->214123K(1166848K)] 3592783K->2741399K(3963392K), 0.0395545 secs] [Times: user=0.31 sys=0.00, real=0.04 secs] 
2021-01-22T00:41:58.046+0800: 25.902: [GC (Allocation Failure) [PSYoungGen: 1150571K->221277K(1167872K)] 3677847K->2833357K(3964416K), 0.0434893 secs] [Times: user=0.34 sys=0.00, real=0.05 secs] 
2021-01-22T00:41:58.205+0800: 26.061: [GC (Allocation Failure) [PSYoungGen: 1159261K->220942K(1159168K)] 3771341K->2921868K(3955712K), 0.0396905 secs] [Times: user=0.31 sys=0.00, real=0.04 secs] 
2021-01-22T00:41:58.246+0800: 26.102: [Full GC (Ergonomics) [PSYoungGen: 220942K->0K(1159168K)] [ParOldGen: 2700925K->367300K(2796544K)] 2921868K->367300K(3955712K), [Metaspace: 2816K->2816K(1056768K)], 0.0528052 secs] [Times: user=0.37 sys=0.00, real=0.06 secs] 
2021-01-22T00:41:58.413+0800: 26.269: [GC (Allocation Failure) [PSYoungGen: 937984K->230398K(1152000K)] 1305284K->609079K(3948544K), 0.0282670 secs] [Times: user=0.22 sys=0.00, real=0.03 secs] 
2021-01-22T00:41:58.561+0800: 26.417: [GC (Allocation Failure) [PSYoungGen: 1151998K->210372K(1159680K)] 1530679K->680458K(3956224K), 0.0397376 secs] [Times: user=0.30 sys=0.00, real=0.04 secs] 
2021-01-22T00:41:58.723+0800: 26.579: [GC (Allocation Failure) [PSYoungGen: 1131972K->209397K(1160192K)] 1602058K->766801K(3956736K), 0.0482695 secs] [Times: user=0.34 sys=0.00, real=0.05 secs] 
2021-01-22T00:41:58.905+0800: 26.761: [GC (Allocation Failure) [PSYoungGen: 1131509K->229872K(1152000K)] 1688913K->873399K(3948544K), 0.0338673 secs] [Times: user=0.27 sys=0.00, real=0.04 secs] 
2021-01-22T00:41:59.048+0800: 26.904: [GC (Allocation Failure) [PSYoungGen: 1151984K->209543K(1158144K)] 1795511K->945673K(3954688K), 0.0351191 secs] [Times: user=0.27 sys=0.00, real=0.03 secs] 
2021-01-22T00:41:59.211+0800: 27.067: [GC (Allocation Failure) [PSYoungGen: 1127559K->213868K(1157632K)] 1863689K->1036678K(3954176K), 0.0318482 secs] [Times: user=0.24 sys=0.00, real=0.03 secs] 
2021-01-22T00:41:59.355+0800: 27.211: [GC (Allocation Failure) [PSYoungGen: 1131884K->212440K(1160704K)] 1954694K->1135560K(3957248K), 0.0375787 secs] [Times: user=0.30 sys=0.00, real=0.04 secs] 
2021-01-22T00:41:59.507+0800: 27.363: [GC (Allocation Failure) [PSYoungGen: 1135064K->224596K(1159680K)] 2058184K->1227632K(3956224K), 0.0418867 secs] [Times: user=0.33 sys=0.00, real=0.05 secs] 
2021-01-22T00:41:59.679+0800: 27.535: [GC (Allocation Failure) [PSYoungGen: 1147220K->226092K(1157632K)] 2150256K->1320864K(3954176K), 0.0412255 secs] [Times: user=0.32 sys=0.00, real=0.04 secs] 
2021-01-22T00:41:59.833+0800: 27.689: [GC (Allocation Failure) [PSYoungGen: 1145644K->214171K(1158656K)] 2240416K->1401011K(3955200K), 0.0356616 secs] [Times: user=0.28 sys=0.00, real=0.04 secs] 
2021-01-22T00:41:59.987+0800: 27.843: [GC (Allocation Failure) [PSYoungGen: 1133723K->227593K(1157120K)] 2320563K->1504127K(3953664K), 0.0354840 secs] [Times: user=0.27 sys=0.00, real=0.04 secs] 
2021-01-22T00:42:00.140+0800: 27.996: [GC (Allocation Failure) [PSYoungGen: 1147145K->219812K(1158656K)] 2423679K->1591112K(3955200K), 0.0360026 secs] [Times: user=0.28 sys=0.00, real=0.03 secs] 
2021-01-22T00:42:00.289+0800: 28.145: [GC (Allocation Failure) [PSYoungGen: 1139364K->213450K(1161216K)] 2510664K->1674396K(3957760K), 0.0330086 secs] [Times: user=0.26 sys=0.00, real=0.03 secs] 
2021-01-22T00:42:00.425+0800: 28.281: [GC (Allocation Failure) [PSYoungGen: 1137098K->217986K(1160192K)] 2598044K->1765100K(3956736K), 0.0343326 secs] [Times: user=0.27 sys=0.00, real=0.04 secs] 
2021-01-22T00:42:00.572+0800: 28.428: [GC (Allocation Failure) [PSYoungGen: 1141634K->222664K(1162752K)] 2688748K->1855510K(3959296K), 0.0343916 secs] [Times: user=0.27 sys=0.00, real=0.03 secs] 
2021-01-22T00:42:00.722+0800: 28.578: [GC (Allocation Failure) [PSYoungGen: 1150408K->204656K(1132544K)] 2783254K->1933550K(3929088K), 0.0342895 secs] [Times: user=0.27 sys=0.00, real=0.03 secs] 
2021-01-22T00:42:00.875+0800: 28.731: [GC (Allocation Failure) [PSYoungGen: 1132400K->215331K(1163264K)] 2861294K->2027989K(3959808K), 0.0320314 secs] [Times: user=0.25 sys=0.00, real=0.03 secs] 
2021-01-22T00:42:01.017+0800: 28.873: [GC (Allocation Failure) [PSYoungGen: 1142563K->216899K(1161728K)] 2955221K->2110639K(3958272K), 0.0343098 secs] [Times: user=0.27 sys=0.00, real=0.04 secs] 
2021-01-22T00:42:01.169+0800: 29.025: [GC (Allocation Failure) [PSYoungGen: 1144131K->229847K(1158656K)] 3037871K->2208446K(3955200K), 0.0359958 secs] [Times: user=0.28 sys=0.00, real=0.03 secs] 
2021-01-22T00:42:01.326+0800: 29.182: [GC (Allocation Failure) [PSYoungGen: 1155543K->229556K(1155584K)] 3134142K->2302046K(3952128K), 0.0428789 secs] [Times: user=0.33 sys=0.00, real=0.05 secs] 
2021-01-22T00:42:01.490+0800: 29.346: [GC (Allocation Failure) [PSYoungGen: 1155252K->216937K(1160704K)] 3227742K->2383454K(3957248K), 0.0403573 secs] [Times: user=0.32 sys=0.00, real=0.04 secs] 
2021-01-22T00:42:01.639+0800: 29.495: [GC (Allocation Failure) [PSYoungGen: 1139561K->226219K(1159680K)] 3306078K->2484416K(3956224K), 0.0380888 secs] [Times: user=0.29 sys=0.00, real=0.03 secs] 
2021-01-22T00:42:01.805+0800: 29.661: [GC (Allocation Failure) [PSYoungGen: 1148843K->209303K(1160192K)] 3407040K->2568417K(3956736K), 0.0457656 secs] [Times: user=0.34 sys=0.00, real=0.05 secs] 
2021-01-22T00:42:01.992+0800: 29.848: [GC (Allocation Failure) [PSYoungGen: 1131927K->208739K(1160192K)] 3491041K->2648733K(3956736K), 0.0382753 secs] [Times: user=0.30 sys=0.00, real=0.04 secs] 
2021-01-22T00:42:02.145+0800: 30.001: [GC (Allocation Failure) [PSYoungGen: 1131363K->225489K(1158144K)] 3571357K->2748255K(3954688K), 0.0454096 secs] [Times: user=0.35 sys=0.00, real=0.05 secs] 
2021-01-22T00:42:02.320+0800: 30.176: [GC (Allocation Failure) [PSYoungGen: 1146065K->223990K(1159168K)] 3668831K->2835769K(3955712K), 0.0357526 secs] [Times: user=0.28 sys=0.00, real=0.03 secs] 
2021-01-22T00:42:02.460+0800: 30.316: [GC (Allocation Failure) [PSYoungGen: 1144566K->227724K(1157120K)] 3756345K->2931165K(3953664K), 0.0397838 secs] [Times: user=0.31 sys=0.00, real=0.04 secs] 
2021-01-22T00:42:02.501+0800: 30.357: [Full GC (Ergonomics) [PSYoungGen: 227724K->0K(1157120K)] [ParOldGen: 2703441K->390113K(2796544K)] 2931165K->390113K(3953664K), [Metaspace: 2816K->2816K(1056768K)], 0.0503212 secs] [Times: user=0.34 sys=0.00, real=0.05 secs] 
2021-01-22T00:42:02.667+0800: 30.523: [GC (Allocation Failure) [PSYoungGen: 918528K->220058K(1158144K)] 1308641K->610172K(3954688K), 0.0238507 secs] [Times: user=0.19 sys=0.00, real=0.03 secs] 
2021-01-22T00:42:02.805+0800: 30.661: [GC (Allocation Failure) [PSYoungGen: 1138586K->207884K(1159168K)] 1528700K->692146K(3955712K), 0.0323679 secs] [Times: user=0.25 sys=0.00, real=0.03 secs] 
2021-01-22T00:42:02.944+0800: 30.800: [GC (Allocation Failure) [PSYoungGen: 1129484K->218699K(1159680K)] 1613746K->793317K(3956224K), 0.0323421 secs] [Times: user=0.25 sys=0.00, real=0.03 secs] 
2021-01-22T00:42:03.084+0800: 30.940: [GC (Allocation Failure) [PSYoungGen: 1140299K->214997K(1162752K)] 1714917K->888294K(3959296K), 0.0327840 secs] [Times: user=0.25 sys=0.00, real=0.03 secs] 
2021-01-22T00:42:03.227+0800: 31.083: [GC (Allocation Failure) [PSYoungGen: 1141717K->223441K(1161728K)] 1815014K->988144K(3958272K), 0.0341879 secs] [Times: user=0.25 sys=0.02, real=0.04 secs] 
2021-01-22T00:42:03.376+0800: 31.232: [GC (Allocation Failure) [PSYoungGen: 1150161K->229637K(1158144K)] 1914864K->1089697K(3954688K), 0.0429929 secs] [Times: user=0.34 sys=0.00, real=0.05 secs] 
2021-01-22T00:42:03.543+0800: 31.399: [GC (Allocation Failure) [PSYoungGen: 1152261K->202663K(1125376K)] 2012321K->1164712K(3921920K), 0.0369059 secs] [Times: user=0.28 sys=0.01, real=0.04 secs] 
2021-01-22T00:42:03.707+0800: 31.563: [GC (Allocation Failure) [PSYoungGen: 1125287K->218916K(1160704K)] 2087336K->1261115K(3957248K), 0.0353835 secs] [Times: user=0.27 sys=0.00, real=0.04 secs] 
2021-01-22T00:42:03.857+0800: 31.713: [GC (Allocation Failure) [PSYoungGen: 1140516K->227194K(1158656K)] 2182715K->1355570K(3955200K), 0.0392489 secs] [Times: user=0.27 sys=0.00, real=0.04 secs] 
2021-01-22T00:42:04.009+0800: 31.865: [GC (Allocation Failure) [PSYoungGen: 1148794K->225191K(1159168K)] 2277170K->1443906K(3955712K), 0.0336324 secs] [Times: user=0.26 sys=0.00, real=0.03 secs] 
2021-01-22T00:42:04.152+0800: 32.008: [GC (Allocation Failure) [PSYoungGen: 1145767K->217724K(1159168K)] 2364482K->1533959K(3955712K), 0.0340019 secs] [Times: user=0.26 sys=0.00, real=0.03 secs] 
2021-01-22T00:42:04.289+0800: 32.145: [GC (Allocation Failure) [PSYoungGen: 1138300K->216857K(1161728K)] 2454535K->1620485K(3958272K), 0.0335549 secs] [Times: user=0.27 sys=0.00, real=0.03 secs] 
2021-01-22T00:42:04.429+0800: 32.285: [GC (Allocation Failure) [PSYoungGen: 1141017K->211273K(1160192K)] 2544645K->1698793K(3956736K), 0.0310179 secs] [Times: user=0.24 sys=0.00, real=0.03 secs] 
2021-01-22T00:42:04.568+0800: 32.424: [GC (Allocation Failure) [PSYoungGen: 1135433K->221952K(1162240K)] 2622953K->1786315K(3958784K), 0.0329956 secs] [Times: user=0.25 sys=0.00, real=0.04 secs] 
2021-01-22T00:42:04.711+0800: 32.567: [GC (Allocation Failure) [PSYoungGen: 1148160K->216119K(1161728K)] 2712523K->1877893K(3958272K), 0.0382440 secs] [Times: user=0.30 sys=0.00, real=0.04 secs] 
2021-01-22T00:42:04.873+0800: 32.729: [GC (Allocation Failure) [PSYoungGen: 1142327K->216492K(1164800K)] 2804101K->1973108K(3961344K), 0.0401988 secs] [Times: user=0.30 sys=0.00, real=0.04 secs] 
2021-01-22T00:42:05.030+0800: 32.886: [GC (Allocation Failure) [PSYoungGen: 1147308K->222432K(1163776K)] 2903924K->2069494K(3960320K), 0.0348700 secs] [Times: user=0.27 sys=0.00, real=0.03 secs] 
2021-01-22T00:42:05.173+0800: 33.029: [GC (Allocation Failure) [PSYoungGen: 1153248K->213845K(1165312K)] 3000310K->2153038K(3961856K), 0.0352096 secs] [Times: user=0.27 sys=0.00, real=0.04 secs] 
2021-01-22T00:42:05.322+0800: 33.178: [GC (Allocation Failure) [PSYoungGen: 1146197K->215917K(1164800K)] 3085390K->2239912K(3961344K), 0.0338063 secs] [Times: user=0.26 sys=0.00, real=0.03 secs] 
2021-01-22T00:42:05.466+0800: 33.322: [GC (Allocation Failure) [PSYoungGen: 1148269K->213678K(1166848K)] 3172264K->2333844K(3963392K), 0.0344415 secs] [Times: user=0.26 sys=0.01, real=0.04 secs] 
2021-01-22T00:42:05.604+0800: 33.460: [GC (Allocation Failure) [PSYoungGen: 1148986K->225435K(1161216K)] 3269152K->2428917K(3957760K), 0.0354499 secs] [Times: user=0.28 sys=0.00, real=0.04 secs] 
2021-01-22T00:42:05.750+0800: 33.606: [GC (Allocation Failure) [PSYoungGen: 1160859K->222874K(1164288K)] 3364341K->2527069K(3960832K), 0.0352435 secs] [Times: user=0.27 sys=0.00, real=0.03 secs] 
2021-01-22T00:42:05.902+0800: 33.758: [GC (Allocation Failure) [PSYoungGen: 1154714K->205378K(1137664K)] 3458909K->2602715K(3934208K), 0.0407448 secs] [Times: user=0.30 sys=0.00, real=0.04 secs] 
2021-01-22T00:42:06.055+0800: 33.911: [GC (Allocation Failure) [PSYoungGen: 1137218K->210628K(1164288K)] 3534555K->2693021K(3960832K), 0.0335521 secs] [Times: user=0.26 sys=0.00, real=0.04 secs] 
2021-01-22T00:42:06.196+0800: 34.052: [GC (Allocation Failure) [PSYoungGen: 1141444K->227573K(1158656K)] 3623837K->2790886K(3955200K), 0.0352640 secs] [Times: user=0.27 sys=0.00, real=0.04 secs] 
2021-01-22T00:42:06.341+0800: 34.197: [GC (Allocation Failure) [PSYoungGen: 1158389K->216894K(1163776K)] 3721702K->2875867K(3960320K), 0.0409705 secs] [Times: user=0.32 sys=0.00, real=0.04 secs] 
2021-01-22T00:42:06.496+0800: 34.352: [GC (Allocation Failure) [PSYoungGen: 1145150K->228508K(1157120K)] 3804123K->2981306K(3953664K), 0.0383876 secs] [Times: user=0.30 sys=0.00, real=0.04 secs] 
2021-01-22T00:42:06.536+0800: 34.392: [Full GC (Ergonomics) [PSYoungGen: 228508K->0K(1157120K)] [ParOldGen: 2752798K->382933K(2796544K)] 2981306K->382933K(3953664K), [Metaspace: 2816K->2816K(1056768K)], 0.0463103 secs] [Times: user=0.31 sys=0.01, real=0.05 secs] 
2021-01-22T00:42:06.689+0800: 34.545: [GC (Allocation Failure) [PSYoungGen: 928256K->223796K(1161216K)] 1311189K->606730K(3957760K), 0.0246939 secs] [Times: user=0.19 sys=0.00, real=0.02 secs] 
2021-01-22T00:42:06.823+0800: 34.679: [GC (Allocation Failure) [PSYoungGen: 1148468K->218880K(1161216K)] 1531402K->694776K(3957760K), 0.0324583 secs] [Times: user=0.25 sys=0.00, real=0.03 secs] 
2021-01-22T00:42:06.965+0800: 34.821: [GC (Allocation Failure) [PSYoungGen: 1143552K->218239K(1164288K)] 1619448K->786700K(3960832K), 0.0336182 secs] [Times: user=0.26 sys=0.00, real=0.04 secs] 
2021-01-22T00:42:07.111+0800: 34.967: [GC (Allocation Failure) [PSYoungGen: 1147519K->233470K(1162752K)] 1715980K->887321K(3959296K), 0.0323445 secs] [Times: user=0.25 sys=0.00, real=0.03 secs] 
2021-01-22T00:42:07.249+0800: 35.105: [GC (Allocation Failure) [PSYoungGen: 1162750K->230039K(1154560K)] 1816601K->978357K(3951104K), 0.0346233 secs] [Times: user=0.27 sys=0.00, real=0.03 secs] 
2021-01-22T00:42:07.395+0800: 35.251: [GC (Allocation Failure) [PSYoungGen: 1149591K->217212K(1158656K)] 1897909K->1053355K(3955200K), 0.0321585 secs] [Times: user=0.25 sys=0.00, real=0.03 secs] 
2021-01-22T00:42:07.535+0800: 35.391: [GC (Allocation Failure) [PSYoungGen: 1136764K->216841K(1160704K)] 1972907K->1143568K(3957248K), 0.0338867 secs] [Times: user=0.27 sys=0.00, real=0.04 secs] 
2021-01-22T00:42:07.681+0800: 35.537: [GC (Allocation Failure) [PSYoungGen: 1139465K->221710K(1159680K)] 2066192K->1240971K(3956224K), 0.0369211 secs] [Times: user=0.29 sys=0.00, real=0.03 secs] 
2021-01-22T00:42:07.832+0800: 35.688: [GC (Allocation Failure) [PSYoungGen: 1144334K->224740K(1161728K)] 2163595K->1330470K(3958272K), 0.0340163 secs] [Times: user=0.27 sys=0.00, real=0.03 secs] 
2021-01-22T00:42:07.984+0800: 35.840: [GC (Allocation Failure) [PSYoungGen: 1150436K->234480K(1160192K)] 2256166K->1425330K(3956736K), 0.0376776 secs] [Times: user=0.30 sys=0.00, real=0.04 secs] 
2021-01-22T00:42:08.132+0800: 35.988: [GC (Allocation Failure) [PSYoungGen: 1160176K->212240K(1156096K)] 2351026K->1505617K(3952640K), 0.0347252 secs] [Times: user=0.27 sys=0.00, real=0.03 secs] 
2021-01-22T00:42:08.279+0800: 36.135: [GC (Allocation Failure) [PSYoungGen: 1130768K->210626K(1158144K)] 2424145K->1593336K(3954688K), 0.0318574 secs] [Times: user=0.25 sys=0.00, real=0.03 secs] 
2021-01-22T00:42:08.420+0800: 36.276: [GC (Allocation Failure) [PSYoungGen: 1129154K->223296K(1159168K)] 2511864K->1697038K(3955712K), 0.0341444 secs] [Times: user=0.27 sys=0.00, real=0.03 secs] 
2021-01-22T00:42:08.563+0800: 36.419: [GC (Allocation Failure) [PSYoungGen: 1142848K->223299K(1158144K)] 2616590K->1790764K(3954688K), 0.0364819 secs] [Times: user=0.28 sys=0.00, real=0.04 secs] 
2021-01-22T00:42:08.717+0800: 36.573: [GC (Allocation Failure) [PSYoungGen: 1142851K->221894K(1161216K)] 2710316K->1881863K(3957760K), 0.0382383 secs] [Times: user=0.30 sys=0.00, real=0.04 secs] 
2021-01-22T00:42:08.882+0800: 36.738: [GC (Allocation Failure) [PSYoungGen: 1145030K->210334K(1159680K)] 2804999K->1969544K(3956224K), 0.0374637 secs] [Times: user=0.29 sys=0.00, real=0.04 secs] 
2021-01-22T00:42:09.039+0800: 36.895: [GC (Allocation Failure) [PSYoungGen: 1133470K->214035K(1161728K)] 2892680K->2065614K(3958272K), 0.0365973 secs] [Times: user=0.28 sys=0.00, real=0.03 secs] 
2021-01-22T00:42:09.189+0800: 37.045: [GC (Allocation Failure) [PSYoungGen: 1138707K->208177K(1160704K)] 2990286K->2159128K(3957248K), 0.0364152 secs] [Times: user=0.27 sys=0.00, real=0.03 secs] 
2021-01-22T00:42:09.343+0800: 37.199: [GC (Allocation Failure) [PSYoungGen: 1132849K->219720K(1162752K)] 3083800K->2259271K(3959296K), 0.0353178 secs] [Times: user=0.26 sys=0.01, real=0.04 secs] 
2021-01-22T00:42:09.489+0800: 37.345: [GC (Allocation Failure) [PSYoungGen: 1145928K->226032K(1161216K)] 3185479K->2356502K(3957760K), 0.0360344 secs] [Times: user=0.28 sys=0.01, real=0.03 secs] 
2021-01-22T00:42:09.632+0800: 37.488: [GC (Allocation Failure) [PSYoungGen: 1152240K->221091K(1162240K)] 3282710K->2443144K(3958784K), 0.0354043 secs] [Times: user=0.27 sys=0.00, real=0.03 secs] 
2021-01-22T00:42:09.775+0800: 37.631: [GC (Allocation Failure) [PSYoungGen: 1146787K->224096K(1161216K)] 3368840K->2546176K(3957760K), 0.0368598 secs] [Times: user=0.29 sys=0.00, real=0.04 secs] 
2021-01-22T00:42:09.920+0800: 37.776: [GC (Allocation Failure) [PSYoungGen: 1149792K->226658K(1160192K)] 3471872K->2640534K(3956736K), 0.0387127 secs] [Times: user=0.30 sys=0.00, real=0.04 secs] 
2021-01-22T00:42:10.077+0800: 37.933: [GC (Allocation Failure) [PSYoungGen: 1151330K->213672K(1161216K)] 3565206K->2723797K(3957760K), 0.0358974 secs] [Times: user=0.28 sys=0.00, real=0.04 secs] 
2021-01-22T00:42:10.224+0800: 38.080: [GC (Allocation Failure) [PSYoungGen: 1138344K->210695K(1161728K)] 3648469K->2814857K(3958272K), 0.0349881 secs] [Times: user=0.27 sys=0.00, real=0.04 secs] 
2021-01-22T00:42:10.372+0800: 38.228: [GC (Allocation Failure) [PSYoungGen: 1136391K->212097K(1161728K)] 3740553K->2910008K(3958272K), 0.0368554 secs] [Times: user=0.29 sys=0.00, real=0.04 secs] 
2021-01-22T00:42:10.409+0800: 38.265: [Full GC (Ergonomics) [PSYoungGen: 212097K->0K(1161728K)] [ParOldGen: 2697910K->377147K(2796544K)] 2910008K->377147K(3958272K), [Metaspace: 2816K->2816K(1056768K)], 0.0513342 secs] [Times: user=0.35 sys=0.00, real=0.05 secs] 
2021-01-22T00:42:10.578+0800: 38.434: [GC (Allocation Failure) [PSYoungGen: 925696K->227051K(1159168K)] 1302843K->604199K(3955712K), 0.0239519 secs] [Times: user=0.18 sys=0.00, real=0.03 secs] 
2021-01-22T00:42:10.715+0800: 38.571: [GC (Allocation Failure) [PSYoungGen: 1150699K->205515K(1129472K)] 1527847K->676061K(3926016K), 0.0328956 secs] [Times: user=0.25 sys=0.00, real=0.03 secs] 
2021-01-22T00:42:10.861+0800: 38.717: [GC (Allocation Failure) [PSYoungGen: 1129163K->219797K(1161216K)] 1599709K->768116K(3957760K), 0.0314591 secs] [Times: user=0.24 sys=0.00, real=0.03 secs] 
2021-01-22T00:42:11.001+0800: 38.857: [GC (Allocation Failure) [PSYoungGen: 1143445K->226758K(1150464K)] 1691764K->870720K(3947008K), 0.0338206 secs] [Times: user=0.26 sys=0.00, real=0.03 secs] 
2021-01-22T00:42:11.151+0800: 39.007: [GC (Allocation Failure) [PSYoungGen: 1150406K->218187K(1161728K)] 1794368K->952884K(3958272K), 0.0334977 secs] [Times: user=0.26 sys=0.00, real=0.03 secs] 
2021-01-22T00:42:11.293+0800: 39.149: [GC (Allocation Failure) [PSYoungGen: 1141835K->216346K(1159680K)] 1876532K->1048899K(3956224K), 0.0338173 secs] [Times: user=0.26 sys=0.00, real=0.03 secs] 
2021-01-22T00:42:11.433+0800: 39.289: [GC (Allocation Failure) [PSYoungGen: 1139994K->228108K(1159680K)] 1972547K->1156604K(3956224K), 0.0345119 secs] [Times: user=0.27 sys=0.00, real=0.03 secs] 
2021-01-22T00:42:11.582+0800: 39.438: [GC (Allocation Failure) [PSYoungGen: 1152780K->217616K(1161216K)] 2081276K->1239224K(3957760K), 0.0334680 secs] [Times: user=0.26 sys=0.00, real=0.03 secs] 
2021-01-22T00:42:11.726+0800: 39.582: [GC (Allocation Failure) [PSYoungGen: 1142288K->220522K(1163264K)] 2163896K->1334321K(3959808K), 0.0326172 secs] [Times: user=0.25 sys=0.00, real=0.04 secs] 
2021-01-22T00:42:11.870+0800: 39.726: [GC (Allocation Failure) [PSYoungGen: 1148266K->228154K(1156096K)] 2262065K->1432498K(3952640K), 0.0340543 secs] [Times: user=0.27 sys=0.00, real=0.03 secs] 
2021-01-22T00:42:12.012+0800: 39.868: [GC (Allocation Failure) [PSYoungGen: 1155898K->224264K(1161728K)] 2360242K->1524137K(3958272K), 0.0333989 secs] [Times: user=0.26 sys=0.00, real=0.03 secs] 
2021-01-22T00:42:12.156+0800: 40.012: [GC (Allocation Failure) [PSYoungGen: 1149960K->216360K(1161728K)] 2449833K->1607068K(3958272K), 0.0346230 secs] [Times: user=0.26 sys=0.00, real=0.04 secs] 
2021-01-22T00:42:12.300+0800: 40.156: [GC (Allocation Failure) [PSYoungGen: 1142056K->220703K(1163776K)] 2532764K->1693643K(3960320K), 0.0353543 secs] [Times: user=0.27 sys=0.00, real=0.03 secs] 
2021-01-22T00:42:12.454+0800: 40.310: [GC (Allocation Failure) [PSYoungGen: 1149471K->209945K(1162752K)] 2622411K->1779079K(3959296K), 0.0354722 secs] [Times: user=0.28 sys=0.00, real=0.04 secs] 
2021-01-22T00:42:12.601+0800: 40.457: [GC (Allocation Failure) [PSYoungGen: 1138713K->234464K(1155072K)] 2707847K->1891102K(3951616K), 0.0357576 secs] [Times: user=0.27 sys=0.00, real=0.03 secs] 
2021-01-22T00:42:12.762+0800: 40.618: [GC (Allocation Failure) [PSYoungGen: 1155040K->216370K(1159168K)] 2811678K->1969688K(3955712K), 0.0348820 secs] [Times: user=0.27 sys=0.00, real=0.03 secs] 
2021-01-22T00:42:12.907+0800: 40.763: [GC (Allocation Failure) [PSYoungGen: 1136946K->220108K(1161728K)] 2890264K->2064322K(3958272K), 0.0347108 secs] [Times: user=0.26 sys=0.00, real=0.04 secs] 
2021-01-22T00:42:13.053+0800: 40.909: [GC (Allocation Failure) [PSYoungGen: 1144268K->207148K(1160192K)] 2988482K->2146730K(3956736K), 0.0338289 secs] [Times: user=0.26 sys=0.00, real=0.03 secs] 
2021-01-22T00:42:13.192+0800: 41.048: [GC (Allocation Failure) [PSYoungGen: 1131308K->221362K(1162240K)] 3070890K->2249238K(3958784K), 0.0353300 secs] [Times: user=0.27 sys=0.00, real=0.03 secs] 
2021-01-22T00:42:13.342+0800: 41.198: [GC (Allocation Failure) [PSYoungGen: 1147058K->206270K(1161216K)] 3174934K->2327746K(3957760K), 0.0327821 secs] [Times: user=0.25 sys=0.00, real=0.03 secs] 
2021-01-22T00:42:13.488+0800: 41.344: [GC (Allocation Failure) [PSYoungGen: 1131966K->217983K(1163264K)] 3253442K->2424410K(3959808K), 0.0346957 secs] [Times: user=0.27 sys=0.00, real=0.03 secs] 
2021-01-22T00:42:13.634+0800: 41.490: [GC (Allocation Failure) [PSYoungGen: 1145215K->213611K(1161728K)] 3351642K->2514688K(3958272K), 0.0370470 secs] [Times: user=0.29 sys=0.00, real=0.04 secs] 
2021-01-22T00:42:13.788+0800: 41.644: [GC (Allocation Failure) [PSYoungGen: 1140843K->209449K(1164288K)] 3441920K->2601362K(3960832K), 0.0361738 secs] [Times: user=0.28 sys=0.00, real=0.03 secs] 
2021-01-22T00:42:13.941+0800: 41.797: [GC (Allocation Failure) [PSYoungGen: 1140265K->212261K(1164288K)] 3532178K->2684320K(3960832K), 0.0338758 secs] [Times: user=0.27 sys=0.00, real=0.03 secs] 
2021-01-22T00:42:14.088+0800: 41.944: [GC (Allocation Failure) [PSYoungGen: 1143077K->220342K(1165312K)] 3615136K->2781580K(3961856K), 0.0355041 secs] [Times: user=0.27 sys=0.01, real=0.04 secs] 
2021-01-22T00:42:14.235+0800: 42.091: [GC (Allocation Failure) [PSYoungGen: 1153206K->215240K(1165312K)] 3714444K->2871851K(3961856K), 0.0365482 secs] [Times: user=0.29 sys=0.00, real=0.04 secs] 
2021-01-22T00:42:14.378+0800: 42.234: [GC (Allocation Failure) [PSYoungGen: 1148104K->229896K(1159680K)] 3804715K->2976934K(3956224K), 0.0389093 secs] [Times: user=0.30 sys=0.00, real=0.04 secs] 
2021-01-22T00:42:14.418+0800: 42.274: [Full GC (Ergonomics) [PSYoungGen: 229896K->0K(1159680K)] [ParOldGen: 2747037K->384647K(2796544K)] 2976934K->384647K(3956224K), [Metaspace: 2816K->2816K(1056768K)], 0.0465715 secs] [Times: user=0.32 sys=0.00, real=0.05 secs] 
2021-01-22T00:42:14.577+0800: 42.432: [GC (Allocation Failure) [PSYoungGen: 928768K->221508K(1163264K)] 1313415K->606155K(3959808K), 0.0232525 secs] [Times: user=0.18 sys=0.00, real=0.03 secs] 
2021-01-22T00:42:14.713+0800: 42.569: [GC (Allocation Failure) [PSYoungGen: 1150276K->222126K(1163776K)] 1534923K->685367K(3960320K), 0.0334461 secs] [Times: user=0.26 sys=0.00, real=0.03 secs] 
2021-01-22T00:42:14.861+0800: 42.717: [GC (Allocation Failure) [PSYoungGen: 1151406K->222886K(1163264K)] 1614647K->774122K(3959808K), 0.0377661 secs] [Times: user=0.29 sys=0.00, real=0.04 secs] 
2021-01-22T00:42:15.018+0800: 42.874: [GC (Allocation Failure) [PSYoungGen: 1152166K->220134K(1164800K)] 1703402K->863953K(3961344K), 0.0338265 secs] [Times: user=0.23 sys=0.00, real=0.03 secs] 
2021-01-22T00:42:15.165+0800: 43.021: [GC (Allocation Failure) [PSYoungGen: 1150950K->227694K(1158656K)] 1794769K->956249K(3955200K), 0.0333491 secs] [Times: user=0.25 sys=0.01, real=0.04 secs] 
2021-01-22T00:42:15.315+0800: 43.171: [GC (Allocation Failure) [PSYoungGen: 1158510K->218032K(1163776K)] 1887065K->1037025K(3960320K), 0.0359925 secs] [Times: user=0.28 sys=0.00, real=0.04 secs] 
2021-01-22T00:42:15.474+0800: 43.330: [GC (Allocation Failure) [PSYoungGen: 1146800K->215494K(1162752K)] 1965793K->1121908K(3959296K), 0.0362035 secs] [Times: user=0.28 sys=0.00, real=0.04 secs] 
2021-01-22T00:42:15.624+0800: 43.480: [GC (Allocation Failure) [PSYoungGen: 1144262K->209315K(1163776K)] 2050676K->1196528K(3960320K), 0.0347716 secs] [Times: user=0.27 sys=0.01, real=0.04 secs] 
2021-01-22T00:42:15.774+0800: 43.630: [GC (Allocation Failure) [PSYoungGen: 1140131K->217213K(1164288K)] 2127344K->1290782K(3960832K), 0.0338347 secs] [Times: user=0.25 sys=0.01, real=0.04 secs] 
2021-01-22T00:42:15.921+0800: 43.777: [GC (Allocation Failure) [PSYoungGen: 1148029K->219471K(1166336K)] 2221598K->1381158K(3962880K), 0.0335559 secs] [Times: user=0.25 sys=0.00, real=0.03 secs] 
2021-01-22T00:42:16.079+0800: 43.935: [GC (Allocation Failure) [PSYoungGen: 1153359K->213751K(1165312K)] 2315046K->1463940K(3961856K), 0.0357258 secs] [Times: user=0.28 sys=0.00, real=0.03 secs] 
2021-01-22T00:42:16.231+0800: 44.087: [GC (Allocation Failure) [PSYoungGen: 1147639K->221453K(1166848K)] 2397828K->1562998K(3963392K), 0.0341105 secs] [Times: user=0.26 sys=0.00, real=0.03 secs] 
2021-01-22T00:42:16.383+0800: 44.238: [GC (Allocation Failure) [PSYoungGen: 1157389K->216264K(1166848K)] 2498934K->1651474K(3963392K), 0.0357594 secs] [Times: user=0.27 sys=0.01, real=0.04 secs] 
2021-01-22T00:42:16.541+0800: 44.397: [GC (Allocation Failure) [PSYoungGen: 1152200K->224412K(1165824K)] 2587410K->1750289K(3962368K), 0.0384016 secs] [Times: user=0.30 sys=0.00, real=0.04 secs] 
2021-01-22T00:42:16.696+0800: 44.552: [GC (Allocation Failure) [PSYoungGen: 1160348K->220872K(1166848K)] 2686225K->1844039K(3963392K), 0.0390279 secs] [Times: user=0.30 sys=0.00, real=0.04 secs] 
2021-01-22T00:42:16.847+0800: 44.703: [GC (Allocation Failure) [PSYoungGen: 1156808K->230889K(1086976K)] 2779975K->1953893K(3883520K), 0.0404850 secs] [Times: user=0.31 sys=0.00, real=0.04 secs] 
2021-01-22T00:42:16.997+0800: 44.853: [GC (Allocation Failure) [PSYoungGen: 1086953K->212808K(1126912K)] 2809957K->2032877K(3923456K), 0.0387642 secs] [Times: user=0.30 sys=0.00, real=0.04 secs] 
2021-01-22T00:42:17.147+0800: 45.003: [GC (Allocation Failure) [PSYoungGen: 1068872K->211154K(1128960K)] 2888941K->2128684K(3925504K), 0.0416631 secs] [Times: user=0.32 sys=0.00, real=0.05 secs] 
2021-01-22T00:42:17.306+0800: 45.162: [GC (Allocation Failure) [PSYoungGen: 1070290K->216634K(1127936K)] 2987820K->2226024K(3924480K), 0.0372320 secs] [Times: user=0.29 sys=0.00, real=0.04 secs] 
2021-01-22T00:42:17.448+0800: 45.304: [GC (Allocation Failure) [PSYoungGen: 1075770K->211444K(1133056K)] 3085160K->2315875K(3929600K), 0.0380740 secs] [Times: user=0.29 sys=0.00, real=0.04 secs] 
2021-01-22T00:42:17.592+0800: 45.448: [GC (Allocation Failure) [PSYoungGen: 1078260K->215609K(1131520K)] 3182691K->2409560K(3928064K), 0.0380277 secs] [Times: user=0.29 sys=0.00, real=0.04 secs] 
2021-01-22T00:42:17.741+0800: 45.597: [GC (Allocation Failure) [PSYoungGen: 1082425K->213193K(1137664K)] 3276376K->2499203K(3934208K), 0.0371667 secs] [Times: user=0.28 sys=0.01, real=0.04 secs] 
2021-01-22T00:42:17.894+0800: 45.750: [GC (Allocation Failure) [PSYoungGen: 1088713K->217383K(1135616K)] 3374723K->2600017K(3932160K), 0.0355913 secs] [Times: user=0.28 sys=0.00, real=0.04 secs] 
2021-01-22T00:42:18.037+0800: 45.893: [GC (Allocation Failure) [PSYoungGen: 1092751K->220963K(1144320K)] 3475384K->2686260K(3940864K), 0.0343413 secs] [Times: user=0.26 sys=0.00, real=0.04 secs] 
2021-01-22T00:42:18.181+0800: 46.037: [GC (Allocation Failure) [PSYoungGen: 1108259K->202629K(1140736K)] 3573556K->2757111K(3937280K), 0.0338824 secs] [Times: user=0.26 sys=0.00, real=0.03 secs] 
2021-01-22T00:42:18.325+0800: 46.181: [GC (Allocation Failure) [PSYoungGen: 1089925K->210194K(1145856K)] 3644407K->2852339K(3942400K), 0.0392897 secs] [Times: user=0.31 sys=0.00, real=0.04 secs] 
2021-01-22T00:42:18.488+0800: 46.344: [GC (Allocation Failure) [PSYoungGen: 1102098K->219413K(1143808K)] 3744243K->2951743K(3940352K), 0.0395046 secs] [Times: user=0.31 sys=0.00, real=0.04 secs] 
2021-01-22T00:42:18.528+0800: 46.384: [Full GC (Ergonomics) [PSYoungGen: 219413K->0K(1143808K)] [ParOldGen: 2732330K->371722K(2796544K)] 2951743K->371722K(3940352K), [Metaspace: 2816K->2816K(1056768K)], 0.0490314 secs] [Times: user=0.34 sys=0.00, real=0.04 secs] 
2021-01-22T00:42:18.677+0800: 46.533: [GC (Allocation Failure) [PSYoungGen: 891904K->210693K(1150464K)] 1263626K->582416K(3947008K), 0.0240688 secs] [Times: user=0.18 sys=0.00, real=0.03 secs] 
2021-01-22T00:42:18.804+0800: 46.660: [GC (Allocation Failure) [PSYoungGen: 1112325K->209402K(1148928K)] 1484048K->672751K(3945472K), 0.0314087 secs] [Times: user=0.24 sys=0.00, real=0.03 secs] 
2021-01-22T00:42:18.940+0800: 46.796: [GC (Allocation Failure) [PSYoungGen: 1111034K->221788K(1153024K)] 1574383K->774114K(3949568K), 0.0324307 secs] [Times: user=0.25 sys=0.00, real=0.03 secs] 
2021-01-22T00:42:19.077+0800: 46.933: [GC (Allocation Failure) [PSYoungGen: 1129052K->221598K(1152000K)] 1681378K->863957K(3948544K), 0.0349099 secs] [Times: user=0.24 sys=0.01, real=0.04 secs] 
2021-01-22T00:42:19.233+0800: 47.089: [GC (Allocation Failure) [PSYoungGen: 1128862K->210828K(1155584K)] 1771221K->946208K(3952128K), 0.0355041 secs] [Times: user=0.27 sys=0.00, real=0.04 secs] 
2021-01-22T00:42:19.380+0800: 47.236: [GC (Allocation Failure) [PSYoungGen: 1122700K->213525K(1154048K)] 1858080K->1040025K(3950592K), 0.0321115 secs] [Times: user=0.25 sys=0.00, real=0.03 secs] 
2021-01-22T00:42:19.531+0800: 47.387: [GC (Allocation Failure) [PSYoungGen: 1125397K->206426K(1157632K)] 1951897K->1127456K(3954176K), 0.0321948 secs] [Times: user=0.25 sys=0.00, real=0.03 secs] 
2021-01-22T00:42:19.674+0800: 47.530: [GC (Allocation Failure) [PSYoungGen: 1123418K->208747K(1157120K)] 2044448K->1213093K(3953664K), 0.0314992 secs] [Times: user=0.25 sys=0.00, real=0.03 secs] 
2021-01-22T00:42:19.826+0800: 47.682: [GC (Allocation Failure) [PSYoungGen: 1125739K->212393K(1160704K)] 2130085K->1304832K(3957248K), 0.0362958 secs] [Times: user=0.29 sys=0.00, real=0.04 secs] 
2021-01-22T00:42:19.985+0800: 47.841: [GC (Allocation Failure) [PSYoungGen: 1134505K->210339K(1159168K)] 2226944K->1390544K(3955712K), 0.0361005 secs] [Times: user=0.28 sys=0.00, real=0.04 secs] 
2021-01-22T00:42:20.145+0800: 48.001: [GC (Allocation Failure) [PSYoungGen: 1132451K->211642K(1163776K)] 2312656K->1479219K(3960320K), 0.0390157 secs] [Times: user=0.30 sys=0.00, real=0.04 secs] 
2021-01-22T00:42:20.299+0800: 48.155: [GC (Allocation Failure) [PSYoungGen: 1139898K->224725K(1153024K)] 2407475K->1588294K(3949568K), 0.0350623 secs] [Times: user=0.27 sys=0.00, real=0.03 secs] 
2021-01-22T00:42:20.443+0800: 48.299: [GC (Allocation Failure) [PSYoungGen: 1152981K->221612K(1161728K)] 2516550K->1678689K(3958272K), 0.0351926 secs] [Times: user=0.27 sys=0.01, real=0.04 secs] 
2021-01-22T00:42:20.590+0800: 48.446: [GC (Allocation Failure) [PSYoungGen: 1147308K->228470K(1154560K)] 2604385K->1778732K(3951104K), 0.0383462 secs] [Times: user=0.29 sys=0.01, real=0.04 secs] 
2021-01-22T00:42:20.750+0800: 48.606: [GC (Allocation Failure) [PSYoungGen: 1154166K->221967K(1159168K)] 2704428K->1869203K(3955712K), 0.0370264 secs] [Times: user=0.28 sys=0.00, real=0.03 secs] 
2021-01-22T00:42:20.904+0800: 48.760: [GC (Allocation Failure) [PSYoungGen: 1142543K->217273K(1159168K)] 2789779K->1958701K(3955712K), 0.0382880 secs] [Times: user=0.30 sys=0.00, real=0.04 secs] 
2021-01-22T00:42:21.061+0800: 48.917: [GC (Allocation Failure) [PSYoungGen: 1137849K->219819K(1162240K)] 2879277K->2043276K(3958784K), 0.0351418 secs] [Times: user=0.27 sys=0.00, real=0.03 secs] 
2021-01-22T00:42:21.208+0800: 49.064: [GC (Allocation Failure) [PSYoungGen: 1145515K->211166K(1161216K)] 2968972K->2121500K(3957760K), 0.0331838 secs] [Times: user=0.25 sys=0.00, real=0.04 secs] 
2021-01-22T00:42:21.354+0800: 49.210: [GC (Allocation Failure) [PSYoungGen: 1136862K->221202K(1163264K)] 3047196K->2216982K(3959808K), 0.0361604 secs] [Times: user=0.27 sys=0.01, real=0.04 secs] 
2021-01-22T00:42:21.504+0800: 49.360: [GC (Allocation Failure) [PSYoungGen: 1149458K->219554K(1162752K)] 3145238K->2296895K(3959296K), 0.0348881 secs] [Times: user=0.27 sys=0.01, real=0.04 secs] 
2021-01-22T00:42:21.667+0800: 49.523: [GC (Allocation Failure) [PSYoungGen: 1147810K->214013K(1164800K)] 3225151K->2383030K(3961344K), 0.0374404 secs] [Times: user=0.27 sys=0.02, real=0.04 secs] 
2021-01-22T00:42:21.832+0800: 49.688: [GC (Allocation Failure) [PSYoungGen: 1145341K->215611K(1164288K)] 3314358K->2477258K(3960832K), 0.0391673 secs] [Times: user=0.29 sys=0.01, real=0.04 secs] 
2021-01-22T00:42:21.989+0800: 49.845: [GC (Allocation Failure) [PSYoungGen: 1146939K->219064K(1166848K)] 3408586K->2572035K(3963392K), 0.0353007 secs] [Times: user=0.27 sys=0.00, real=0.03 secs] 
2021-01-22T00:42:22.134+0800: 49.990: [GC (Allocation Failure) [PSYoungGen: 1154488K->210513K(1166336K)] 3507459K->2659171K(3962880K), 0.0391391 secs] [Times: user=0.28 sys=0.00, real=0.04 secs] 
2021-01-22T00:42:22.291+0800: 50.147: [GC (Allocation Failure) [PSYoungGen: 1145937K->217960K(1167872K)] 3594595K->2755636K(3964416K), 0.0402818 secs] [Times: user=0.31 sys=0.00, real=0.04 secs] 
2021-01-22T00:42:22.455+0800: 50.311: [GC (Allocation Failure) [PSYoungGen: 1154920K->208940K(1166848K)] 3692596K->2834259K(3963392K), 0.0352449 secs] [Times: user=0.28 sys=0.00, real=0.04 secs] 
2021-01-22T00:42:22.610+0800: 50.466: [GC (Allocation Failure) [PSYoungGen: 1145900K->213848K(1168896K)] 3771219K->2920119K(3965440K), 0.0352901 secs] [Times: user=0.27 sys=0.00, real=0.03 secs] 
2021-01-22T00:42:22.646+0800: 50.502: [Full GC (Ergonomics) [PSYoungGen: 213848K->0K(1168896K)] [ParOldGen: 2706271K->359579K(2796544K)] 2920119K->359579K(3965440K), [Metaspace: 2816K->2816K(1056768K)], 0.0450163 secs] [Times: user=0.29 sys=0.01, real=0.05 secs] 
2021-01-22T00:42:22.804+0800: 50.660: [GC (Allocation Failure) [PSYoungGen: 939008K->218613K(1167872K)] 1298587K->578192K(3964416K), 0.0242555 secs] [Times: user=0.17 sys=0.01, real=0.03 secs] 
2021-01-22T00:42:22.951+0800: 50.807: [GC (Allocation Failure) [PSYoungGen: 1157621K->223154K(1166336K)] 1517200K->671529K(3962880K), 0.0326902 secs] [Times: user=0.26 sys=0.00, real=0.03 secs] 
2021-01-22T00:42:23.096+0800: 50.952: [GC (Allocation Failure) [PSYoungGen: 1161138K->209230K(1167872K)] 1609513K->748245K(3964416K), 0.0336922 secs] [Times: user=0.26 sys=0.00, real=0.04 secs] 
2021-01-22T00:42:23.246+0800: 51.102: [GC (Allocation Failure) [PSYoungGen: 1147214K->213008K(1168384K)] 1686229K->842179K(3964928K), 0.0314392 secs] [Times: user=0.24 sys=0.00, real=0.03 secs] 
2021-01-22T00:42:23.393+0800: 51.249: [GC (Allocation Failure) [PSYoungGen: 1151504K->218428K(1167872K)] 1780675K->931796K(3964416K), 0.0309708 secs] [Times: user=0.24 sys=0.00, real=0.03 secs] 
2021-01-22T00:42:23.540+0800: 51.396: [GC (Allocation Failure) [PSYoungGen: 1156924K->225364K(1164800K)] 1870292K->1023855K(3961344K), 0.0325142 secs] [Times: user=0.25 sys=0.00, real=0.03 secs] 
2021-01-22T00:42:23.687+0800: 51.543: [GC (Allocation Failure) [PSYoungGen: 1161300K->215963K(1166848K)] 1959791K->1106004K(3963392K), 0.0329503 secs] [Times: user=0.26 sys=0.00, real=0.04 secs] 
2021-01-22T00:42:23.832+0800: 51.688: [GC (Allocation Failure) [PSYoungGen: 1151899K->221393K(1166848K)] 2041940K->1200481K(3963392K), 0.0323031 secs] [Times: user=0.25 sys=0.00, real=0.03 secs] 
2021-01-22T00:42:23.980+0800: 51.836: [GC (Allocation Failure) [PSYoungGen: 1158353K->230389K(1167360K)] 2137441K->1288156K(3963904K), 0.0336314 secs] [Times: user=0.26 sys=0.00, real=0.03 secs] 
2021-01-22T00:42:24.127+0800: 51.983: [GC (Allocation Failure) [PSYoungGen: 1167349K->222941K(1160192K)] 2225116K->1379566K(3956736K), 0.0337995 secs] [Times: user=0.26 sys=0.01, real=0.04 secs] 
2021-01-22T00:42:24.279+0800: 52.135: [GC (Allocation Failure) [PSYoungGen: 1152733K->207955K(1138176K)] 2309358K->1453815K(3934720K), 0.0329121 secs] [Times: user=0.25 sys=0.00, real=0.03 secs] 
2021-01-22T00:42:24.427+0800: 52.283: [GC (Allocation Failure) [PSYoungGen: 1137747K->228129K(1159168K)] 2383607K->1566769K(3955712K), 0.0339669 secs] [Times: user=0.26 sys=0.00, real=0.04 secs] 
2021-01-22T00:42:24.573+0800: 52.429: [GC (Allocation Failure) [PSYoungGen: 1152801K->231599K(1156608K)] 2491441K->1667284K(3953152K), 0.0339151 secs] [Times: user=0.26 sys=0.00, real=0.03 secs] 
2021-01-22T00:42:24.720+0800: 52.576: [GC (Allocation Failure) [PSYoungGen: 1156271K->226625K(1157120K)] 2591956K->1754139K(3953664K), 0.0361873 secs] [Times: user=0.28 sys=0.00, real=0.03 secs] 
2021-01-22T00:42:24.866+0800: 52.722: [GC (Allocation Failure) [PSYoungGen: 1144129K->211969K(1157632K)] 2671643K->1831675K(3954176K), 0.0341642 secs] [Times: user=0.27 sys=0.00, real=0.04 secs] 
2021-01-22T00:42:25.012+0800: 52.868: [GC (Allocation Failure) [PSYoungGen: 1129473K->219328K(1160192K)] 2749179K->1935167K(3956736K), 0.0345480 secs] [Times: user=0.27 sys=0.00, real=0.03 secs] 
2021-01-22T00:42:25.164+0800: 53.020: [GC (Allocation Failure) [PSYoungGen: 1139904K->218235K(1158144K)] 2855743K->2025468K(3954688K), 0.0384759 secs] [Times: user=0.28 sys=0.00, real=0.04 secs] 
2021-01-22T00:42:25.314+0800: 53.170: [GC (Allocation Failure) [PSYoungGen: 1138811K->214664K(1162240K)] 2946044K->2113129K(3958784K), 0.0334626 secs] [Times: user=0.26 sys=0.00, real=0.03 secs] 
2021-01-22T00:42:25.461+0800: 53.317: [GC (Allocation Failure) [PSYoungGen: 1140872K->211928K(1161728K)] 3039337K->2203383K(3958272K), 0.0355958 secs] [Times: user=0.28 sys=0.00, real=0.03 secs] 
2021-01-22T00:42:25.611+0800: 53.467: [GC (Allocation Failure) [PSYoungGen: 1138136K->220322K(1163776K)] 3129591K->2310005K(3960320K), 0.0370979 secs] [Times: user=0.29 sys=0.00, real=0.04 secs] 
2021-01-22T00:42:25.762+0800: 53.618: [GC (Allocation Failure) [PSYoungGen: 1149090K->223953K(1162752K)] 3238773K->2407725K(3959296K), 0.0344959 secs] [Times: user=0.27 sys=0.00, real=0.03 secs] 
2021-01-22T00:42:25.905+0800: 53.761: [GC (Allocation Failure) [PSYoungGen: 1152721K->226696K(1160192K)] 3336493K->2495617K(3956736K), 0.0352332 secs] [Times: user=0.27 sys=0.00, real=0.04 secs] 
2021-01-22T00:42:26.055+0800: 53.911: [GC (Allocation Failure) [PSYoungGen: 1152392K->218498K(1161728K)] 3421313K->2583048K(3958272K), 0.0376320 secs] [Times: user=0.29 sys=0.00, real=0.04 secs] 
2021-01-22T00:42:26.205+0800: 54.061: [GC (Allocation Failure) [PSYoungGen: 1144194K->219107K(1164800K)] 3508744K->2668490K(3961344K), 0.0372662 secs] [Times: user=0.26 sys=0.00, real=0.04 secs] 
2021-01-22T00:42:26.358+0800: 54.214: [GC (Allocation Failure) [PSYoungGen: 1149411K->212485K(1163264K)] 3598794K->2760216K(3959808K), 0.0357271 secs] [Times: user=0.27 sys=0.00, real=0.04 secs] 
2021-01-22T00:42:26.501+0800: 54.357: [GC (Allocation Failure) [PSYoungGen: 1142789K->215961K(1165312K)] 3690520K->2852276K(3961856K), 0.0368238 secs] [Times: user=0.28 sys=0.00, real=0.04 secs] 
2021-01-22T00:42:26.651+0800: 54.507: [GC (Allocation Failure) [PSYoungGen: 1148313K->232420K(1164800K)] 3784628K->2961041K(3961344K), 0.0394731 secs] [Times: user=0.30 sys=0.00, real=0.04 secs] 
2021-01-22T00:42:26.692+0800: 54.548: [Full GC (Ergonomics) [PSYoungGen: 232420K->0K(1164800K)] [ParOldGen: 2728620K->383679K(2796544K)] 2961041K->383679K(3961344K), [Metaspace: 2816K->2816K(1056768K)], 0.0524828 secs] [Times: user=0.36 sys=0.00, real=0.05 secs] 
2021-01-22T00:42:26.853+0800: 54.709: [GC (Allocation Failure) [PSYoungGen: 932352K->220200K(1161728K)] 1316031K->603879K(3958272K), 0.0240076 secs] [Times: user=0.18 sys=0.00, real=0.02 secs] 
2021-01-22T00:42:26.988+0800: 54.844: [GC (Allocation Failure) [PSYoungGen: 1148968K->213043K(1163264K)] 1532647K->687219K(3959808K), 0.0321531 secs] [Times: user=0.25 sys=0.00, real=0.04 secs] 
2021-01-22T00:42:27.127+0800: 54.983: [GC (Allocation Failure) [PSYoungGen: 1141811K->225981K(1162240K)] 1615987K->785232K(3958784K), 0.0327827 secs] [Times: user=0.24 sys=0.01, real=0.04 secs] 
2021-01-22T00:42:27.266+0800: 55.122: [GC (Allocation Failure) [PSYoungGen: 1153725K->221328K(1162752K)] 1712976K->872513K(3959296K), 0.0333062 secs] [Times: user=0.25 sys=0.00, real=0.04 secs] 
2021-01-22T00:42:27.413+0800: 55.269: [GC (Allocation Failure) [PSYoungGen: 1149072K->210518K(1162752K)] 1800257K->951654K(3959296K), 0.0342004 secs] [Times: user=0.26 sys=0.00, real=0.03 secs] 
2021-01-22T00:42:27.561+0800: 55.416: [GC (Allocation Failure) [PSYoungGen: 1139286K->225838K(1155072K)] 1880422K->1059535K(3951616K), 0.0337569 secs] [Times: user=0.26 sys=0.00, real=0.03 secs] 
2021-01-22T00:42:27.704+0800: 55.560: [GC (Allocation Failure) [PSYoungGen: 1154606K->217292K(1163264K)] 1988303K->1146270K(3959808K), 0.0330313 secs] [Times: user=0.26 sys=0.00, real=0.03 secs] 
2021-01-22T00:42:27.847+0800: 55.703: [GC (Allocation Failure) [PSYoungGen: 1145036K->231718K(1159680K)] 2074014K->1241584K(3956224K), 0.0320469 secs] [Times: user=0.25 sys=0.00, real=0.04 secs] 
2021-01-22T00:42:27.990+0800: 55.846: [GC (Allocation Failure) [PSYoungGen: 1159462K->227467K(1159168K)] 2169328K->1336140K(3955712K), 0.0346234 secs] [Times: user=0.27 sys=0.00, real=0.03 secs] 
2021-01-22T00:42:28.132+0800: 55.988: [GC (Allocation Failure) [PSYoungGen: 1149067K->234113K(1156096K)] 2257740K->1430234K(3952640K), 0.0348727 secs] [Times: user=0.27 sys=0.00, real=0.03 secs] 
2021-01-22T00:42:28.282+0800: 56.138: [GC (Allocation Failure) [PSYoungGen: 1155713K->222162K(1158144K)] 2351834K->1516283K(3954688K), 0.0362686 secs] [Times: user=0.27 sys=0.01, real=0.04 secs] 
2021-01-22T00:42:28.426+0800: 56.282: [GC (Allocation Failure) [PSYoungGen: 1139154K->214845K(1156608K)] 2433275K->1608642K(3953152K), 0.0343248 secs] [Times: user=0.26 sys=0.00, real=0.04 secs] 
2021-01-22T00:42:28.580+0800: 56.436: [GC (Allocation Failure) [PSYoungGen: 1131837K->209994K(1157632K)] 2525634K->1693082K(3954176K), 0.0322082 secs] [Times: user=0.25 sys=0.00, real=0.03 secs] 
2021-01-22T00:42:28.718+0800: 56.574: [GC (Allocation Failure) [PSYoungGen: 1128522K->217142K(1158144K)] 2611610K->1794114K(3954688K), 0.0326712 secs] [Times: user=0.25 sys=0.00, real=0.04 secs] 
2021-01-22T00:42:28.853+0800: 56.709: [GC (Allocation Failure) [PSYoungGen: 1135670K->222807K(1160192K)] 2712642K->1890101K(3956736K), 0.0336391 secs] [Times: user=0.26 sys=0.00, real=0.03 secs] 
2021-01-22T00:42:28.995+0800: 56.851: [GC (Allocation Failure) [PSYoungGen: 1144919K->207230K(1159680K)] 2812213K->1963973K(3956224K), 0.0329977 secs] [Times: user=0.26 sys=0.00, real=0.04 secs] 
2021-01-22T00:42:29.140+0800: 56.996: [GC (Allocation Failure) [PSYoungGen: 1129342K->224898K(1159680K)] 2886085K->2066156K(3956224K), 0.0333618 secs] [Times: user=0.26 sys=0.00, real=0.03 secs] 
2021-01-22T00:42:29.287+0800: 57.143: [GC (Allocation Failure) [PSYoungGen: 1146498K->212768K(1159680K)] 2987756K->2149181K(3956224K), 0.0358986 secs] [Times: user=0.27 sys=0.00, real=0.04 secs] 
2021-01-22T00:42:29.435+0800: 57.291: [GC (Allocation Failure) [PSYoungGen: 1134368K->222109K(1160704K)] 3070781K->2247289K(3957248K), 0.0352473 secs] [Times: user=0.28 sys=0.00, real=0.04 secs] 
2021-01-22T00:42:29.582+0800: 57.438: [GC (Allocation Failure) [PSYoungGen: 1145245K->222129K(1160192K)] 3170425K->2341549K(3956736K), 0.0358174 secs] [Times: user=0.27 sys=0.01, real=0.04 secs] 
2021-01-22T00:42:29.735+0800: 57.591: [GC (Allocation Failure) [PSYoungGen: 1145265K->214982K(1162240K)] 3264685K->2422372K(3958784K), 0.0349955 secs] [Times: user=0.27 sys=0.00, real=0.04 secs] 
2021-01-22T00:42:29.879+0800: 57.735: [GC (Allocation Failure) [PSYoungGen: 1141190K->226450K(1153024K)] 3348580K->2522407K(3949568K), 0.0346177 secs] [Times: user=0.27 sys=0.00, real=0.03 secs] 
2021-01-22T00:42:30.024+0800: 57.880: [GC (Allocation Failure) [PSYoungGen: 1152658K->208141K(1160192K)] 3448615K->2597894K(3956736K), 0.0332074 secs] [Times: user=0.25 sys=0.00, real=0.03 secs] 
2021-01-22T00:42:30.162+0800: 58.018: [GC (Allocation Failure) [PSYoungGen: 1131789K->224658K(1160704K)] 3521542K->2709817K(3957248K), 0.0375047 secs] [Times: user=0.29 sys=0.00, real=0.04 secs] 
2021-01-22T00:42:30.311+0800: 58.167: [GC (Allocation Failure) [PSYoungGen: 1148306K->215086K(1161728K)] 3633465K->2798795K(3958272K), 0.0369165 secs] [Times: user=0.29 sys=0.00, real=0.03 secs] 
2021-01-22T00:42:30.462+0800: 58.318: [GC (Allocation Failure) [PSYoungGen: 1139758K->205587K(1160704K)] 3723467K->2881271K(3957248K), 0.0345244 secs] [Times: user=0.27 sys=0.00, real=0.03 secs] 
2021-01-22T00:42:30.605+0800: 58.461: [GC (Allocation Failure) [PSYoungGen: 1130259K->223251K(1160192K)] 3805943K->2977199K(3956736K), 0.0360081 secs] [Times: user=0.28 sys=0.00, real=0.04 secs] 
2021-01-22T00:42:30.642+0800: 58.498: [Full GC (Ergonomics) [PSYoungGen: 223251K->0K(1160192K)] [ParOldGen: 2753948K->373304K(2796544K)] 2977199K->373304K(3956736K), [Metaspace: 2816K->2816K(1056768K)], 0.0477999 secs] [Times: user=0.32 sys=0.00, real=0.05 secs] 
2021-01-22T00:42:30.828+0800: 58.684: [GC (Allocation Failure) [PSYoungGen: 923648K->226232K(1149952K)] 1296952K->599537K(3946496K), 0.0259576 secs] [Times: user=0.19 sys=0.01, real=0.03 secs] 
2021-01-22T00:42:30.969+0800: 58.825: [GC (Allocation Failure) [PSYoungGen: 1149880K->204095K(1158656K)] 1523185K->661179K(3955200K), 0.0324644 secs] [Times: user=0.25 sys=0.00, real=0.03 secs] 
2021-01-22T00:42:31.116+0800: 58.972: [GC (Allocation Failure) [PSYoungGen: 1124671K->224886K(1145856K)] 1581755K->767054K(3942400K), 0.0354770 secs] [Times: user=0.28 sys=0.00, real=0.04 secs] 
2021-01-22T00:42:31.273+0800: 59.129: [GC (Allocation Failure) [PSYoungGen: 1145462K->225698K(1157120K)] 1687630K->870550K(3953664K), 0.0388617 secs] [Times: user=0.25 sys=0.00, real=0.04 secs] 
2021-01-22T00:42:31.425+0800: 59.281: [GC (Allocation Failure) [PSYoungGen: 1143202K->214495K(1157632K)] 1788054K->957613K(3954176K), 0.0359263 secs] [Times: user=0.28 sys=0.00, real=0.04 secs] 
2021-01-22T00:42:31.578+0800: 59.434: [GC (Allocation Failure) [PSYoungGen: 1131999K->215995K(1160704K)] 1875117K->1046869K(3957248K), 0.0345958 secs] [Times: user=0.27 sys=0.00, real=0.03 secs] 
2021-01-22T00:42:31.733+0800: 59.589: [GC (Allocation Failure) [PSYoungGen: 1138107K->225788K(1159168K)] 1968981K->1145872K(3955712K), 0.0348558 secs] [Times: user=0.25 sys=0.01, real=0.04 secs] 
2021-01-22T00:42:31.889+0800: 59.745: [GC (Allocation Failure) [PSYoungGen: 1147900K->219761K(1161216K)] 2067984K->1229210K(3957760K), 0.0391992 secs] [Times: user=0.30 sys=0.00, real=0.03 secs] 
2021-01-22T00:42:32.048+0800: 59.904: [GC (Allocation Failure) [PSYoungGen: 1142897K->220750K(1159680K)] 2152346K->1321341K(3956224K), 0.0436706 secs] [Times: user=0.34 sys=0.00, real=0.05 secs] 
Heap
 PSYoungGen      total 1159680K, used 1133950K [0x000000076ab00000, 0x00000007c0000000, 0x00000007c0000000)
  eden space 923136K, 98% used [0x000000076ab00000,0x00000007a26cc2d0,0x00000007a3080000)
  from space 236544K, 93% used [0x00000007a3080000,0x00000007b08138e8,0x00000007b1780000)
  to   space 235520K, 0% used [0x00000007b1a00000,0x00000007b1a00000,0x00000007c0000000)
 ParOldGen       total 2796544K, used 1100590K [0x00000006c0000000, 0x000000076ab00000, 0x000000076ab00000)
  object space 2796544K, 39% used [0x00000006c0000000,0x00000007032cbbf0,0x000000076ab00000)
 Metaspace       used 2823K, capacity 4490K, committed 4864K, reserved 1056768K
  class space    used 293K, capacity 386K, committed 512K, reserved 1048576K
