OpenJDK 64-Bit Server VM (25.252-b09) for linux-amd64 JRE (1.8.0_252-8u252-b09-1ubuntu1-b09), built on Apr 16 2020 08:47:49 by "buildd" with gcc 9.3.0
Memory: 4k page, physical 39286120k(39104624k free), swap 10485760k(10485760k free)
CommandLine flags: -XX:InitialHeapSize=536870912 -XX:MaxHeapSize=536870912 -XX:+PrintGC -XX:+PrintGCDateStamps -XX:+PrintGCDetails -XX:+PrintGCTimeStamps -XX:+UseCompressedClassPointers -XX:+UseCompressedOops -XX:+UseParallelGC 
2021-01-21T22:10:06.019+0800: 0.108: [GC (Allocation Failure) [PSYoungGen: 131584K->21490K(153088K)] 131584K->42238K(502784K), 0.0169177 secs] [Times: user=0.06 sys=0.07, real=0.01 secs] 
2021-01-21T22:10:06.054+0800: 0.142: [GC (Allocation Failure) [PSYoungGen: 152786K->21499K(153088K)] 173534K->84802K(502784K), 0.0261096 secs] [Times: user=0.09 sys=0.10, real=0.03 secs] 
2021-01-21T22:10:06.098+0800: 0.186: [GC (Allocation Failure) [PSYoungGen: 153026K->21503K(153088K)] 216329K->120507K(502784K), 0.0174082 secs] [Times: user=0.03 sys=0.09, real=0.01 secs] 
2021-01-21T22:10:06.135+0800: 0.223: [GC (Allocation Failure) [PSYoungGen: 153087K->21493K(153088K)] 252091K->158835K(502784K), 0.0166428 secs] [Times: user=0.02 sys=0.10, real=0.02 secs] 
2021-01-21T22:10:06.170+0800: 0.258: [GC (Allocation Failure) [PSYoungGen: 153077K->21482K(153088K)] 290419K->201196K(502784K), 0.0184523 secs] [Times: user=0.06 sys=0.08, real=0.02 secs] 
2021-01-21T22:10:06.206+0800: 0.294: [GC (Allocation Failure) [PSYoungGen: 152839K->21503K(80384K)] 332553K->241270K(430080K), 0.0177223 secs] [Times: user=0.08 sys=0.06, real=0.02 secs] 
2021-01-21T22:10:06.232+0800: 0.320: [GC (Allocation Failure) [PSYoungGen: 80150K->30245K(116736K)] 299918K->258149K(466432K), 0.0065840 secs] [Times: user=0.01 sys=0.03, real=0.01 secs] 
2021-01-21T22:10:06.247+0800: 0.335: [GC (Allocation Failure) [PSYoungGen: 89125K->44599K(116736K)] 317029K->277455K(466432K), 0.0063612 secs] [Times: user=0.04 sys=0.00, real=0.01 secs] 
2021-01-21T22:10:06.260+0800: 0.349: [GC (Allocation Failure) [PSYoungGen: 103436K->57180K(116736K)] 336293K->295996K(466432K), 0.0085083 secs] [Times: user=0.06 sys=0.00, real=0.01 secs] 
2021-01-21T22:10:06.277+0800: 0.365: [GC (Allocation Failure) [PSYoungGen: 116060K->42322K(116736K)] 354876K->315549K(466432K), 0.0164481 secs] [Times: user=0.06 sys=0.07, real=0.02 secs] 
2021-01-21T22:10:06.300+0800: 0.388: [GC (Allocation Failure) [PSYoungGen: 101202K->22480K(116736K)] 374429K->337056K(466432K), 0.0178813 secs] [Times: user=0.03 sys=0.10, real=0.02 secs] 
2021-01-21T22:10:06.318+0800: 0.407: [Full GC (Ergonomics) [PSYoungGen: 22480K->0K(116736K)] [ParOldGen: 314576K->240501K(349696K)] 337056K->240501K(466432K), [Metaspace: 2810K->2810K(1056768K)], 0.0269008 secs] [Times: user=0.19 sys=0.02, real=0.02 secs] 
2021-01-21T22:10:06.353+0800: 0.441: [GC (Allocation Failure) [PSYoungGen: 58880K->19783K(116736K)] 299381K->260285K(466432K), 0.0039463 secs] [Times: user=0.02 sys=0.01, real=0.00 secs] 
2021-01-21T22:10:06.365+0800: 0.453: [GC (Allocation Failure) [PSYoungGen: 78663K->22248K(116736K)] 319165K->282080K(466432K), 0.0049273 secs] [Times: user=0.03 sys=0.00, real=0.01 secs] 
2021-01-21T22:10:06.377+0800: 0.466: [GC (Allocation Failure) [PSYoungGen: 81082K->22163K(116736K)] 340914K->302706K(466432K), 0.0047287 secs] [Times: user=0.03 sys=0.00, real=0.01 secs] 
2021-01-21T22:10:06.390+0800: 0.478: [GC (Allocation Failure) [PSYoungGen: 81043K->20040K(116736K)] 361586K->320090K(466432K), 0.0043621 secs] [Times: user=0.03 sys=0.00, real=0.00 secs] 
2021-01-21T22:10:06.394+0800: 0.483: [Full GC (Ergonomics) [PSYoungGen: 20040K->0K(116736K)] [ParOldGen: 300049K->273493K(349696K)] 320090K->273493K(466432K), [Metaspace: 2810K->2810K(1056768K)], 0.0279184 secs] [Times: user=0.21 sys=0.00, real=0.03 secs] 
2021-01-21T22:10:06.430+0800: 0.518: [GC (Allocation Failure) [PSYoungGen: 58880K->20663K(116736K)] 332373K->294157K(466432K), 0.0028153 secs] [Times: user=0.02 sys=0.00, real=0.00 secs] 
2021-01-21T22:10:06.440+0800: 0.528: [GC (Allocation Failure) [PSYoungGen: 79531K->23856K(116736K)] 353025K->316580K(466432K), 0.0048168 secs] [Times: user=0.04 sys=0.00, real=0.00 secs] 
2021-01-21T22:10:06.452+0800: 0.540: [GC (Allocation Failure) [PSYoungGen: 82589K->23488K(116736K)] 375312K->338768K(466432K), 0.0051548 secs] [Times: user=0.04 sys=0.00, real=0.00 secs] 
2021-01-21T22:10:06.457+0800: 0.546: [Full GC (Ergonomics) [PSYoungGen: 23488K->0K(116736K)] [ParOldGen: 315280K->289662K(349696K)] 338768K->289662K(466432K), [Metaspace: 2810K->2810K(1056768K)], 0.0291652 secs] [Times: user=0.22 sys=0.00, real=0.03 secs] 
2021-01-21T22:10:06.493+0800: 0.582: [GC (Allocation Failure) [PSYoungGen: 58698K->22335K(116736K)] 348360K->311997K(466432K), 0.0036108 secs] [Times: user=0.02 sys=0.00, real=0.00 secs] 
2021-01-21T22:10:06.504+0800: 0.592: [GC (Allocation Failure) [PSYoungGen: 80828K->19910K(116736K)] 370490K->331585K(466432K), 0.0047158 secs] [Times: user=0.03 sys=0.00, real=0.01 secs] 
2021-01-21T22:10:06.509+0800: 0.597: [Full GC (Ergonomics) [PSYoungGen: 19910K->0K(116736K)] [ParOldGen: 311674K->295453K(349696K)] 331585K->295453K(466432K), [Metaspace: 2810K->2810K(1056768K)], 0.0292294 secs] [Times: user=0.22 sys=0.00, real=0.03 secs] 
2021-01-21T22:10:06.545+0800: 0.634: [GC (Allocation Failure) [PSYoungGen: 58880K->19962K(116736K)] 354333K->315415K(466432K), 0.0027119 secs] [Times: user=0.02 sys=0.00, real=0.01 secs] 
2021-01-21T22:10:06.556+0800: 0.644: [GC (Allocation Failure) [PSYoungGen: 78842K->16826K(116736K)] 374295K->331441K(466432K), 0.0042076 secs] [Times: user=0.02 sys=0.00, real=0.01 secs] 
2021-01-21T22:10:06.561+0800: 0.649: [Full GC (Ergonomics) [PSYoungGen: 16826K->0K(116736K)] [ParOldGen: 314614K->306049K(349696K)] 331441K->306049K(466432K), [Metaspace: 2810K->2810K(1056768K)], 0.0302059 secs] [Times: user=0.23 sys=0.00, real=0.03 secs] 
2021-01-21T22:10:06.598+0800: 0.687: [GC (Allocation Failure) [PSYoungGen: 58880K->20054K(116736K)] 364929K->326103K(466432K), 0.0027512 secs] [Times: user=0.02 sys=0.00, real=0.00 secs] 
2021-01-21T22:10:06.609+0800: 0.697: [GC (Allocation Failure) [PSYoungGen: 78475K->20948K(116736K)] 384524K->346634K(466432K), 0.0065969 secs] [Times: user=0.05 sys=0.00, real=0.00 secs] 
2021-01-21T22:10:06.616+0800: 0.704: [Full GC (Ergonomics) [PSYoungGen: 20948K->0K(116736K)] [ParOldGen: 325685K->309009K(349696K)] 346634K->309009K(466432K), [Metaspace: 2810K->2810K(1056768K)], 0.0308160 secs] [Times: user=0.24 sys=0.00, real=0.03 secs] 
2021-01-21T22:10:06.654+0800: 0.743: [GC (Allocation Failure) [PSYoungGen: 58880K->18780K(116736K)] 367889K->327790K(466432K), 0.0032093 secs] [Times: user=0.02 sys=0.00, real=0.00 secs] 
2021-01-21T22:10:06.665+0800: 0.753: [GC (Allocation Failure) [PSYoungGen: 77162K->18705K(116736K)] 386172K->345646K(466432K), 0.0047540 secs] [Times: user=0.03 sys=0.00, real=0.01 secs] 
2021-01-21T22:10:06.670+0800: 0.758: [Full GC (Ergonomics) [PSYoungGen: 18705K->0K(116736K)] [ParOldGen: 326940K->312627K(349696K)] 345646K->312627K(466432K), [Metaspace: 2810K->2810K(1056768K)], 0.0312609 secs] [Times: user=0.24 sys=0.00, real=0.03 secs] 
2021-01-21T22:10:06.709+0800: 0.797: [GC (Allocation Failure) [PSYoungGen: 58880K->20196K(116736K)] 371507K->332824K(466432K), 0.0030759 secs] [Times: user=0.02 sys=0.00, real=0.00 secs] 
2021-01-21T22:10:06.719+0800: 0.808: [GC (Allocation Failure) [PSYoungGen: 79076K->41044K(116736K)] 391704K->353672K(466432K), 0.0046541 secs] [Times: user=0.04 sys=0.00, real=0.00 secs] 
2021-01-21T22:10:06.730+0800: 0.819: [GC (Allocation Failure) --[PSYoungGen: 99924K->99924K(116736K)] 412552K->449592K(466432K), 0.0112262 secs] [Times: user=0.04 sys=0.04, real=0.01 secs] 
2021-01-21T22:10:06.742+0800: 0.830: [Full GC (Ergonomics) [PSYoungGen: 99924K->0K(116736K)] [ParOldGen: 349668K->319948K(349696K)] 449592K->319948K(466432K), [Metaspace: 2810K->2810K(1056768K)], 0.0327817 secs] [Times: user=0.25 sys=0.00, real=0.03 secs] 
2021-01-21T22:10:06.782+0800: 0.870: [GC (Allocation Failure) [PSYoungGen: 58116K->17489K(116736K)] 378064K->337437K(466432K), 0.0026635 secs] [Times: user=0.02 sys=0.00, real=0.00 secs] 
2021-01-21T22:10:06.792+0800: 0.881: [GC (Allocation Failure) [PSYoungGen: 76369K->19264K(117760K)] 396317K->356603K(467456K), 0.0042991 secs] [Times: user=0.02 sys=0.01, real=0.00 secs] 
2021-01-21T22:10:06.797+0800: 0.885: [Full GC (Ergonomics) [PSYoungGen: 19264K->0K(117760K)] [ParOldGen: 337338K->322681K(349696K)] 356603K->322681K(467456K), [Metaspace: 2810K->2810K(1056768K)], 0.0324515 secs] [Times: user=0.25 sys=0.00, real=0.04 secs] 
2021-01-21T22:10:06.837+0800: 0.925: [Full GC (Ergonomics) [PSYoungGen: 59548K->0K(117760K)] [ParOldGen: 322681K->321860K(349696K)] 382229K->321860K(467456K), [Metaspace: 2810K->2810K(1056768K)], 0.0338790 secs] [Times: user=0.26 sys=0.00, real=0.04 secs] 
2021-01-21T22:10:06.879+0800: 0.967: [Full GC (Ergonomics) [PSYoungGen: 59904K->0K(117760K)] [ParOldGen: 321860K->322732K(349696K)] 381764K->322732K(467456K), [Metaspace: 2810K->2810K(1056768K)], 0.0332613 secs] [Times: user=0.25 sys=0.00, real=0.03 secs] 
2021-01-21T22:10:06.921+0800: 1.010: [Full GC (Ergonomics) [PSYoungGen: 59323K->0K(117760K)] [ParOldGen: 322732K->325387K(349696K)] 382056K->325387K(467456K), [Metaspace: 2810K->2810K(1056768K)], 0.0356181 secs] [Times: user=0.26 sys=0.00, real=0.03 secs] 
2021-01-21T22:10:06.966+0800: 1.054: [Full GC (Ergonomics) [PSYoungGen: 59904K->0K(117760K)] [ParOldGen: 325387K->328557K(349696K)] 385291K->328557K(467456K), [Metaspace: 2810K->2810K(1056768K)], 0.0354982 secs] [Times: user=0.27 sys=0.00, real=0.04 secs] 
2021-01-21T22:10:07.010+0800: 1.098: [Full GC (Ergonomics) [PSYoungGen: 59595K->0K(117760K)] [ParOldGen: 328557K->329801K(349696K)] 388153K->329801K(467456K), [Metaspace: 2810K->2810K(1056768K)], 0.0397142 secs] [Times: user=0.30 sys=0.00, real=0.04 secs] 
2021-01-21T22:10:07.059+0800: 1.147: [Full GC (Ergonomics) [PSYoungGen: 59904K->0K(117760K)] [ParOldGen: 329801K->331975K(349696K)] 389705K->331975K(467456K), [Metaspace: 2810K->2810K(1056768K)], 0.0410191 secs] [Times: user=0.31 sys=0.00, real=0.04 secs] 
2021-01-21T22:10:07.108+0800: 1.196: [Full GC (Ergonomics) [PSYoungGen: 59675K->0K(117760K)] [ParOldGen: 331975K->334744K(349696K)] 391651K->334744K(467456K), [Metaspace: 2810K->2810K(1056768K)], 0.0360571 secs] [Times: user=0.28 sys=0.00, real=0.04 secs] 
2021-01-21T22:10:07.153+0800: 1.241: [Full GC (Ergonomics) [PSYoungGen: 59904K->0K(117760K)] [ParOldGen: 334744K->330755K(349696K)] 394648K->330755K(467456K), [Metaspace: 2810K->2810K(1056768K)], 0.0349435 secs] [Times: user=0.27 sys=0.01, real=0.03 secs] 
2021-01-21T22:10:07.195+0800: 1.283: [Full GC (Ergonomics) [PSYoungGen: 59904K->0K(117760K)] [ParOldGen: 330755K->332844K(349696K)] 390659K->332844K(467456K), [Metaspace: 2810K->2810K(1056768K)], 0.0347904 secs] [Times: user=0.27 sys=0.00, real=0.04 secs] 
2021-01-21T22:10:07.238+0800: 1.326: [Full GC (Ergonomics) [PSYoungGen: 59904K->0K(117760K)] [ParOldGen: 332844K->328791K(349696K)] 392748K->328791K(467456K), [Metaspace: 2810K->2810K(1056768K)], 0.0346841 secs] [Times: user=0.26 sys=0.00, real=0.03 secs] 
2021-01-21T22:10:07.281+0800: 1.369: [Full GC (Ergonomics) [PSYoungGen: 59838K->0K(117760K)] [ParOldGen: 328791K->335210K(349696K)] 388629K->335210K(467456K), [Metaspace: 2810K->2810K(1056768K)], 0.0309592 secs] [Times: user=0.23 sys=0.00, real=0.03 secs] 
2021-01-21T22:10:07.319+0800: 1.408: [Full GC (Ergonomics) [PSYoungGen: 59867K->0K(117760K)] [ParOldGen: 335210K->339589K(349696K)] 395077K->339589K(467456K), [Metaspace: 2810K->2810K(1056768K)], 0.0349799 secs] [Times: user=0.26 sys=0.00, real=0.03 secs] 
2021-01-21T22:10:07.362+0800: 1.450: [Full GC (Ergonomics) [PSYoungGen: 59904K->0K(117760K)] [ParOldGen: 339589K->343210K(349696K)] 399493K->343210K(467456K), [Metaspace: 2810K->2810K(1056768K)], 0.0361639 secs] [Times: user=0.27 sys=0.00, real=0.04 secs] 
2021-01-21T22:10:07.405+0800: 1.494: [Full GC (Ergonomics) [PSYoungGen: 59598K->110K(117760K)] [ParOldGen: 343210K->349680K(349696K)] 402808K->349791K(467456K), [Metaspace: 2810K->2810K(1056768K)], 0.0351153 secs] [Times: user=0.26 sys=0.00, real=0.04 secs] 
2021-01-21T22:10:07.448+0800: 1.536: [Full GC (Ergonomics) [PSYoungGen: 59869K->2288K(117760K)] [ParOldGen: 349680K->349287K(349696K)] 409550K->351575K(467456K), [Metaspace: 2810K->2810K(1056768K)], 0.0358572 secs] [Times: user=0.27 sys=0.00, real=0.04 secs] 
2021-01-21T22:10:07.491+0800: 1.579: [Full GC (Ergonomics) [PSYoungGen: 59849K->9580K(117760K)] [ParOldGen: 349287K->349539K(349696K)] 409136K->359120K(467456K), [Metaspace: 2810K->2810K(1056768K)], 0.0371901 secs] [Times: user=0.27 sys=0.00, real=0.04 secs] 
2021-01-21T22:10:07.535+0800: 1.623: [Full GC (Ergonomics) [PSYoungGen: 59904K->10226K(117760K)] [ParOldGen: 349539K->349644K(349696K)] 409443K->359871K(467456K), [Metaspace: 2810K->2810K(1056768K)], 0.0370974 secs] [Times: user=0.28 sys=0.00, real=0.04 secs] 
2021-01-21T22:10:07.579+0800: 1.667: [Full GC (Ergonomics) [PSYoungGen: 59904K->12508K(117760K)] [ParOldGen: 349644K->349679K(349696K)] 409548K->362188K(467456K), [Metaspace: 2810K->2810K(1056768K)], 0.0355294 secs] [Times: user=0.27 sys=0.00, real=0.03 secs] 
2021-01-21T22:10:07.620+0800: 1.709: [Full GC (Ergonomics) [PSYoungGen: 59634K->12257K(117760K)] [ParOldGen: 349679K->349463K(349696K)] 409314K->361721K(467456K), [Metaspace: 2810K->2810K(1056768K)], 0.0371473 secs] [Times: user=0.28 sys=0.00, real=0.03 secs] 
2021-01-21T22:10:07.664+0800: 1.752: [Full GC (Ergonomics) [PSYoungGen: 59791K->12527K(117760K)] [ParOldGen: 349463K->349507K(349696K)] 409255K->362034K(467456K), [Metaspace: 2810K->2810K(1056768K)], 0.0451689 secs] [Times: user=0.32 sys=0.01, real=0.05 secs] 
2021-01-21T22:10:07.716+0800: 1.804: [Full GC (Ergonomics) [PSYoungGen: 59752K->12695K(117760K)] [ParOldGen: 349507K->349608K(349696K)] 409259K->362303K(467456K), [Metaspace: 2810K->2810K(1056768K)], 0.0391608 secs] [Times: user=0.29 sys=0.01, real=0.04 secs] 
2021-01-21T22:10:07.761+0800: 1.850: [Full GC (Ergonomics) [PSYoungGen: 59535K->13057K(117760K)] [ParOldGen: 349608K->349555K(349696K)] 409143K->362613K(467456K), [Metaspace: 2810K->2810K(1056768K)], 0.0478660 secs] [Times: user=0.36 sys=0.00, real=0.05 secs] 
2021-01-21T22:10:07.816+0800: 1.904: [Full GC (Ergonomics) [PSYoungGen: 59768K->11500K(117760K)] [ParOldGen: 349555K->349534K(349696K)] 409324K->361034K(467456K), [Metaspace: 2810K->2810K(1056768K)], 0.0443569 secs] [Times: user=0.33 sys=0.00, real=0.05 secs] 
2021-01-21T22:10:07.868+0800: 1.956: [Full GC (Ergonomics) [PSYoungGen: 59904K->12495K(117760K)] [ParOldGen: 349534K->349646K(349696K)] 409438K->362141K(467456K), [Metaspace: 2810K->2810K(1056768K)], 0.0384594 secs] [Times: user=0.28 sys=0.01, real=0.04 secs] 
2021-01-21T22:10:07.913+0800: 2.001: [Full GC (Ergonomics) [PSYoungGen: 59583K->10699K(117760K)] [ParOldGen: 349646K->349561K(349696K)] 409229K->360260K(467456K), [Metaspace: 2810K->2810K(1056768K)], 0.0381922 secs] [Times: user=0.29 sys=0.00, real=0.04 secs] 
2021-01-21T22:10:07.958+0800: 2.046: [Full GC (Ergonomics) [PSYoungGen: 59862K->6456K(117760K)] [ParOldGen: 349561K->349627K(349696K)] 409423K->356084K(467456K), [Metaspace: 2810K->2810K(1056768K)], 0.0382580 secs] [Times: user=0.29 sys=0.00, real=0.03 secs] 
2021-01-21T22:10:08.004+0800: 2.092: [Full GC (Ergonomics) [PSYoungGen: 59904K->4221K(117760K)] [ParOldGen: 349627K->349596K(349696K)] 409531K->353818K(467456K), [Metaspace: 2810K->2810K(1056768K)], 0.0356778 secs] [Times: user=0.27 sys=0.00, real=0.04 secs] 
2021-01-21T22:10:08.047+0800: 2.135: [Full GC (Ergonomics) [PSYoungGen: 59904K->2560K(117760K)] [ParOldGen: 349596K->349410K(349696K)] 409500K->351970K(467456K), [Metaspace: 2810K->2810K(1056768K)], 0.0379110 secs] [Times: user=0.29 sys=0.00, real=0.04 secs] 
2021-01-21T22:10:08.093+0800: 2.181: [Full GC (Ergonomics) [PSYoungGen: 59516K->4823K(117760K)] [ParOldGen: 349410K->349467K(349696K)] 408926K->354291K(467456K), [Metaspace: 2810K->2810K(1056768K)], 0.0399207 secs] [Times: user=0.30 sys=0.00, real=0.04 secs] 
2021-01-21T22:10:08.140+0800: 2.228: [Full GC (Ergonomics) [PSYoungGen: 59904K->337K(117760K)] [ParOldGen: 349467K->349561K(349696K)] 409371K->349899K(467456K), [Metaspace: 2810K->2810K(1056768K)], 0.0459924 secs] [Times: user=0.35 sys=0.00, real=0.04 secs] 
2021-01-21T22:10:08.194+0800: 2.282: [Full GC (Ergonomics) [PSYoungGen: 59714K->744K(117760K)] [ParOldGen: 349561K->349520K(349696K)] 409276K->350265K(467456K), [Metaspace: 2810K->2810K(1056768K)], 0.0483462 secs] [Times: user=0.37 sys=0.00, real=0.05 secs] 
2021-01-21T22:10:08.251+0800: 2.340: [Full GC (Ergonomics) [PSYoungGen: 59904K->3287K(117760K)] [ParOldGen: 349520K->348822K(349696K)] 409424K->352109K(467456K), [Metaspace: 2810K->2810K(1056768K)], 0.0435318 secs] [Times: user=0.33 sys=0.00, real=0.04 secs] 
2021-01-21T22:10:08.303+0800: 2.391: [Full GC (Ergonomics) [PSYoungGen: 59904K->432K(117760K)] [ParOldGen: 348822K->349649K(349696K)] 408726K->350081K(467456K), [Metaspace: 2810K->2810K(1056768K)], 0.0415206 secs] [Times: user=0.31 sys=0.00, real=0.04 secs] 
2021-01-21T22:10:08.353+0800: 2.441: [Full GC (Ergonomics) [PSYoungGen: 59904K->0K(117760K)] [ParOldGen: 349649K->346662K(349696K)] 409553K->346662K(467456K), [Metaspace: 2810K->2810K(1056768K)], 0.0401912 secs] [Times: user=0.31 sys=0.00, real=0.04 secs] 
2021-01-21T22:10:08.401+0800: 2.489: [Full GC (Ergonomics) [PSYoungGen: 59758K->0K(117760K)] [ParOldGen: 346662K->349260K(349696K)] 406420K->349260K(467456K), [Metaspace: 2810K->2810K(1056768K)], 0.0372372 secs] [Times: user=0.28 sys=0.00, real=0.04 secs] 
2021-01-21T22:10:08.446+0800: 2.534: [Full GC (Ergonomics) [PSYoungGen: 59274K->0K(117760K)] [ParOldGen: 349260K->345702K(349696K)] 408535K->345702K(467456K), [Metaspace: 2810K->2810K(1056768K)], 0.0385010 secs] [Times: user=0.29 sys=0.00, real=0.04 secs] 
2021-01-21T22:10:08.492+0800: 2.580: [Full GC (Ergonomics) [PSYoungGen: 59770K->0K(117760K)] [ParOldGen: 345702K->346204K(349696K)] 405473K->346204K(467456K), [Metaspace: 2810K->2810K(1056768K)], 0.0395654 secs] [Times: user=0.29 sys=0.00, real=0.04 secs] 
2021-01-21T22:10:08.540+0800: 2.629: [Full GC (Ergonomics) [PSYoungGen: 59895K->0K(117760K)] [ParOldGen: 346204K->348384K(349696K)] 406100K->348384K(467456K), [Metaspace: 2810K->2810K(1056768K)], 0.0359482 secs] [Times: user=0.28 sys=0.00, real=0.03 secs] 
2021-01-21T22:10:08.584+0800: 2.672: [Full GC (Ergonomics) [PSYoungGen: 59706K->0K(117760K)] [ParOldGen: 348384K->348165K(349696K)] 408091K->348165K(467456K), [Metaspace: 2810K->2810K(1056768K)], 0.0356305 secs] [Times: user=0.27 sys=0.00, real=0.04 secs] 
2021-01-21T22:10:08.627+0800: 2.716: [Full GC (Ergonomics) [PSYoungGen: 59603K->3243K(117760K)] [ParOldGen: 348165K->349535K(349696K)] 407768K->352778K(467456K), [Metaspace: 2810K->2810K(1056768K)], 0.0368478 secs] [Times: user=0.28 sys=0.00, real=0.04 secs] 
2021-01-21T22:10:08.672+0800: 2.760: [Full GC (Ergonomics) [PSYoungGen: 59904K->3515K(117760K)] [ParOldGen: 349535K->349498K(349696K)] 409439K->353013K(467456K), [Metaspace: 2810K->2810K(1056768K)], 0.0372617 secs] [Times: user=0.27 sys=0.00, real=0.04 secs] 
2021-01-21T22:10:08.717+0800: 2.805: [Full GC (Ergonomics) [PSYoungGen: 59797K->0K(117760K)] [ParOldGen: 349498K->349259K(349696K)] 409295K->349259K(467456K), [Metaspace: 2810K->2810K(1056768K)], 0.0366150 secs] [Times: user=0.28 sys=0.00, real=0.04 secs] 
2021-01-21T22:10:08.760+0800: 2.849: [Full GC (Ergonomics) [PSYoungGen: 59904K->4430K(117760K)] [ParOldGen: 349259K->348925K(349696K)] 409163K->353356K(467456K), [Metaspace: 2810K->2810K(1056768K)], 0.0353655 secs] [Times: user=0.27 sys=0.00, real=0.03 secs] 
2021-01-21T22:10:08.803+0800: 2.891: [Full GC (Ergonomics) [PSYoungGen: 59778K->4065K(117760K)] [ParOldGen: 348925K->349657K(349696K)] 408704K->353723K(467456K), [Metaspace: 2810K->2810K(1056768K)], 0.0338110 secs] [Times: user=0.26 sys=0.00, real=0.03 secs] 
2021-01-21T22:10:08.844+0800: 2.933: [Full GC (Ergonomics) [PSYoungGen: 59682K->7887K(117760K)] [ParOldGen: 349657K->349644K(349696K)] 409340K->357532K(467456K), [Metaspace: 2810K->2810K(1056768K)], 0.0356632 secs] [Times: user=0.27 sys=0.00, real=0.04 secs] 
2021-01-21T22:10:08.887+0800: 2.975: [Full GC (Ergonomics) [PSYoungGen: 59904K->11131K(117760K)] [ParOldGen: 349644K->349623K(349696K)] 409548K->360754K(467456K), [Metaspace: 2810K->2810K(1056768K)], 0.0362954 secs] [Times: user=0.28 sys=0.00, real=0.04 secs] 
2021-01-21T22:10:08.929+0800: 3.018: [Full GC (Ergonomics) [PSYoungGen: 59904K->9696K(117760K)] [ParOldGen: 349623K->349657K(349696K)] 409527K->359353K(467456K), [Metaspace: 2810K->2810K(1056768K)], 0.0373701 secs] [Times: user=0.28 sys=0.00, real=0.03 secs] 
2021-01-21T22:10:08.974+0800: 3.062: [Full GC (Ergonomics) [PSYoungGen: 59904K->8907K(117760K)] [ParOldGen: 349657K->349395K(349696K)] 409561K->358302K(467456K), [Metaspace: 2810K->2810K(1056768K)], 0.0400051 secs] [Times: user=0.30 sys=0.00, real=0.04 secs] 
2021-01-21T22:10:09.021+0800: 3.110: [Full GC (Ergonomics) [PSYoungGen: 59904K->6067K(117760K)] [ParOldGen: 349395K->349558K(349696K)] 409299K->355626K(467456K), [Metaspace: 2810K->2810K(1056768K)], 0.0382128 secs] [Times: user=0.29 sys=0.00, real=0.04 secs] 
2021-01-21T22:10:09.067+0800: 3.155: [Full GC (Ergonomics) [PSYoungGen: 59809K->5586K(117760K)] [ParOldGen: 349558K->349394K(349696K)] 409368K->354980K(467456K), [Metaspace: 2810K->2810K(1056768K)], 0.0384616 secs] [Times: user=0.28 sys=0.01, real=0.04 secs] 
2021-01-21T22:10:09.112+0800: 3.200: [Full GC (Ergonomics) [PSYoungGen: 59718K->10780K(117760K)] [ParOldGen: 349394K->349120K(349696K)] 409112K->359900K(467456K), [Metaspace: 2810K->2810K(1056768K)], 0.0364574 secs] [Times: user=0.27 sys=0.01, real=0.04 secs] 
2021-01-21T22:10:09.155+0800: 3.243: [Full GC (Ergonomics) [PSYoungGen: 59904K->14357K(117760K)] [ParOldGen: 349120K->349301K(349696K)] 409024K->363658K(467456K), [Metaspace: 2810K->2810K(1056768K)], 0.0456500 secs] [Times: user=0.35 sys=0.00, real=0.05 secs] 
2021-01-21T22:10:09.207+0800: 3.295: [Full GC (Ergonomics) [PSYoungGen: 59904K->10882K(117760K)] [ParOldGen: 349301K->349652K(349696K)] 409205K->360534K(467456K), [Metaspace: 2810K->2810K(1056768K)], 0.0378908 secs] [Times: user=0.29 sys=0.00, real=0.04 secs] 
2021-01-21T22:10:09.251+0800: 3.339: [Full GC (Ergonomics) [PSYoungGen: 59904K->10109K(117760K)] [ParOldGen: 349652K->349554K(349696K)] 409556K->359663K(467456K), [Metaspace: 2810K->2810K(1056768K)], 0.0402720 secs] [Times: user=0.30 sys=0.01, real=0.04 secs] 
2021-01-21T22:10:09.298+0800: 3.386: [Full GC (Ergonomics) [PSYoungGen: 59904K->11893K(117760K)] [ParOldGen: 349554K->349303K(349696K)] 409458K->361197K(467456K), [Metaspace: 2810K->2810K(1056768K)], 0.0379997 secs] [Times: user=0.28 sys=0.01, real=0.04 secs] 
2021-01-21T22:10:09.343+0800: 3.431: [Full GC (Ergonomics) [PSYoungGen: 59748K->14638K(117760K)] [ParOldGen: 349303K->349560K(349696K)] 409051K->364198K(467456K), [Metaspace: 2810K->2810K(1056768K)], 0.0467806 secs] [Times: user=0.35 sys=0.01, real=0.05 secs] 
2021-01-21T22:10:09.397+0800: 3.485: [Full GC (Ergonomics) [PSYoungGen: 59904K->16774K(117760K)] [ParOldGen: 349560K->349441K(349696K)] 409464K->366215K(467456K), [Metaspace: 2810K->2810K(1056768K)], 0.0537232 secs] [Times: user=0.38 sys=0.01, real=0.06 secs] 
2021-01-21T22:10:09.457+0800: 3.545: [Full GC (Ergonomics) [PSYoungGen: 59874K->13646K(117760K)] [ParOldGen: 349441K->349488K(349696K)] 409315K->363134K(467456K), [Metaspace: 2810K->2810K(1056768K)], 0.0455039 secs] [Times: user=0.34 sys=0.00, real=0.05 secs] 
2021-01-21T22:10:09.509+0800: 3.598: [Full GC (Ergonomics) [PSYoungGen: 59904K->14938K(117760K)] [ParOldGen: 349488K->349466K(349696K)] 409392K->364405K(467456K), [Metaspace: 2810K->2810K(1056768K)], 0.0444940 secs] [Times: user=0.34 sys=0.00, real=0.04 secs] 
2021-01-21T22:10:09.560+0800: 3.648: [Full GC (Ergonomics) [PSYoungGen: 59769K->13207K(117760K)] [ParOldGen: 349466K->349668K(349696K)] 409235K->362876K(467456K), [Metaspace: 2810K->2810K(1056768K)], 0.0401563 secs] [Times: user=0.30 sys=0.01, real=0.04 secs] 
2021-01-21T22:10:09.606+0800: 3.695: [Full GC (Ergonomics) [PSYoungGen: 59761K->14437K(117760K)] [ParOldGen: 349668K->349691K(349696K)] 409429K->364129K(467456K), [Metaspace: 2810K->2810K(1056768K)], 0.0361252 secs] [Times: user=0.27 sys=0.00, real=0.04 secs] 
2021-01-21T22:10:09.649+0800: 3.737: [Full GC (Ergonomics) [PSYoungGen: 59904K->13138K(117760K)] [ParOldGen: 349691K->349419K(349696K)] 409595K->362558K(467456K), [Metaspace: 2810K->2810K(1056768K)], 0.0386084 secs] [Times: user=0.29 sys=0.01, real=0.03 secs] 
2021-01-21T22:10:09.694+0800: 3.783: [Full GC (Ergonomics) [PSYoungGen: 59904K->17407K(117760K)] [ParOldGen: 349419K->349391K(349696K)] 409323K->366798K(467456K), [Metaspace: 2810K->2810K(1056768K)], 0.0399383 secs] [Times: user=0.30 sys=0.00, real=0.04 secs] 
2021-01-21T22:10:09.739+0800: 3.827: [Full GC (Ergonomics) [PSYoungGen: 59904K->17547K(117760K)] [ParOldGen: 349391K->349492K(349696K)] 409295K->367039K(467456K), [Metaspace: 2810K->2810K(1056768K)], 0.0452830 secs] [Times: user=0.35 sys=0.00, real=0.04 secs] 
2021-01-21T22:10:09.790+0800: 3.879: [Full GC (Ergonomics) [PSYoungGen: 59904K->16325K(117760K)] [ParOldGen: 349492K->349584K(349696K)] 409396K->365910K(467456K), [Metaspace: 2810K->2810K(1056768K)], 0.0401946 secs] [Times: user=0.31 sys=0.00, real=0.04 secs] 
2021-01-21T22:10:09.840+0800: 3.928: [Full GC (Ergonomics) [PSYoungGen: 59383K->14804K(117760K)] [ParOldGen: 349584K->349524K(349696K)] 408968K->364329K(467456K), [Metaspace: 2810K->2810K(1056768K)], 0.0414616 secs] [Times: user=0.32 sys=0.00, real=0.04 secs] 
2021-01-21T22:10:09.887+0800: 3.976: [Full GC (Ergonomics) [PSYoungGen: 59904K->15073K(117760K)] [ParOldGen: 349524K->349415K(349696K)] 409428K->364489K(467456K), [Metaspace: 2810K->2810K(1056768K)], 0.0393384 secs] [Times: user=0.30 sys=0.00, real=0.04 secs] 
2021-01-21T22:10:09.933+0800: 4.021: [Full GC (Ergonomics) [PSYoungGen: 59813K->14198K(117760K)] [ParOldGen: 349415K->349644K(349696K)] 409229K->363843K(467456K), [Metaspace: 2810K->2810K(1056768K)], 0.0429831 secs] [Times: user=0.33 sys=0.00, real=0.04 secs] 
2021-01-21T22:10:09.982+0800: 4.070: [Full GC (Ergonomics) [PSYoungGen: 59642K->12159K(117760K)] [ParOldGen: 349644K->349536K(349696K)] 409286K->361696K(467456K), [Metaspace: 2810K->2810K(1056768K)], 0.0365323 secs] [Times: user=0.27 sys=0.00, real=0.04 secs] 
2021-01-21T22:10:10.025+0800: 4.113: [Full GC (Ergonomics) [PSYoungGen: 59822K->14076K(117760K)] [ParOldGen: 349536K->348945K(349696K)] 409359K->363021K(467456K), [Metaspace: 2810K->2810K(1056768K)], 0.0353355 secs] [Times: user=0.26 sys=0.00, real=0.04 secs] 
2021-01-21T22:10:10.066+0800: 4.154: [Full GC (Ergonomics) [PSYoungGen: 59887K->16242K(117760K)] [ParOldGen: 348945K->349063K(349696K)] 408832K->365305K(467456K), [Metaspace: 2810K->2810K(1056768K)], 0.0623342 secs] [Times: user=0.43 sys=0.02, real=0.07 secs] 
2021-01-21T22:10:10.155+0800: 4.244: [Full GC (Ergonomics) [PSYoungGen: 59904K->12998K(117760K)] [ParOldGen: 349063K->349392K(349696K)] 408967K->362390K(467456K), [Metaspace: 2810K->2810K(1056768K)], 0.0607769 secs] [Times: user=0.44 sys=0.01, real=0.06 secs] 
2021-01-21T22:10:10.222+0800: 4.310: [Full GC (Ergonomics) [PSYoungGen: 59581K->15621K(117760K)] [ParOldGen: 349392K->349428K(349696K)] 408974K->365049K(467456K), [Metaspace: 2810K->2810K(1056768K)], 0.0412807 secs] [Times: user=0.30 sys=0.01, real=0.04 secs] 
2021-01-21T22:10:10.268+0800: 4.356: [Full GC (Ergonomics) [PSYoungGen: 59850K->16027K(117760K)] [ParOldGen: 349428K->349473K(349696K)] 409278K->365500K(467456K), [Metaspace: 2810K->2810K(1056768K)], 0.0393225 secs] [Times: user=0.28 sys=0.01, real=0.04 secs] 
2021-01-21T22:10:10.314+0800: 4.402: [Full GC (Ergonomics) [PSYoungGen: 59651K->17681K(117760K)] [ParOldGen: 349473K->349364K(349696K)] 409124K->367046K(467456K), [Metaspace: 2810K->2810K(1056768K)], 0.0419760 secs] [Times: user=0.32 sys=0.00, real=0.04 secs] 
2021-01-21T22:10:10.361+0800: 4.449: [Full GC (Ergonomics) [PSYoungGen: 59792K->19411K(117760K)] [ParOldGen: 349364K->349539K(349696K)] 409157K->368951K(467456K), [Metaspace: 2810K->2810K(1056768K)], 0.0425091 secs] [Times: user=0.32 sys=0.00, real=0.04 secs] 
2021-01-21T22:10:10.409+0800: 4.497: [Full GC (Ergonomics) [PSYoungGen: 59318K->18953K(117760K)] [ParOldGen: 349539K->349274K(349696K)] 408857K->368227K(467456K), [Metaspace: 2810K->2810K(1056768K)], 0.0402861 secs] [Times: user=0.29 sys=0.01, real=0.04 secs] 
2021-01-21T22:10:10.456+0800: 4.544: [Full GC (Ergonomics) [PSYoungGen: 59856K->19748K(117760K)] [ParOldGen: 349274K->349138K(349696K)] 409130K->368886K(467456K), [Metaspace: 2810K->2810K(1056768K)], 0.0455453 secs] [Times: user=0.35 sys=0.00, real=0.05 secs] 
2021-01-21T22:10:10.506+0800: 4.594: [Full GC (Ergonomics) [PSYoungGen: 59904K->17757K(117760K)] [ParOldGen: 349138K->349172K(349696K)] 409042K->366930K(467456K), [Metaspace: 2810K->2810K(1056768K)], 0.0388679 secs] [Times: user=0.30 sys=0.00, real=0.04 secs] 
2021-01-21T22:10:10.550+0800: 4.638: [Full GC (Ergonomics) [PSYoungGen: 59904K->18704K(117760K)] [ParOldGen: 349172K->349311K(349696K)] 409076K->368015K(467456K), [Metaspace: 2810K->2810K(1056768K)], 0.0414065 secs] [Times: user=0.32 sys=0.00, real=0.04 secs] 
2021-01-21T22:10:10.597+0800: 4.685: [Full GC (Ergonomics) [PSYoungGen: 59811K->19954K(117760K)] [ParOldGen: 349311K->349101K(349696K)] 409122K->369056K(467456K), [Metaspace: 2810K->2810K(1056768K)], 0.0566972 secs] [Times: user=0.41 sys=0.03, real=0.06 secs] 
2021-01-21T22:10:10.660+0800: 4.748: [Full GC (Ergonomics) [PSYoungGen: 59855K->18038K(117760K)] [ParOldGen: 349101K->349555K(349696K)] 408957K->367593K(467456K), [Metaspace: 2810K->2810K(1056768K)], 0.0780663 secs] [Times: user=0.57 sys=0.02, real=0.08 secs] 
2021-01-21T22:10:10.744+0800: 4.832: [Full GC (Ergonomics) [PSYoungGen: 59757K->19346K(117760K)] [ParOldGen: 349555K->349120K(349696K)] 409313K->368466K(467456K), [Metaspace: 2810K->2810K(1056768K)], 0.0438935 secs] [Times: user=0.33 sys=0.00, real=0.04 secs] 
2021-01-21T22:10:10.792+0800: 4.880: [Full GC (Ergonomics) [PSYoungGen: 59516K->22339K(117760K)] [ParOldGen: 349120K->349353K(349696K)] 408637K->371692K(467456K), [Metaspace: 2810K->2810K(1056768K)], 0.0447186 secs] [Times: user=0.32 sys=0.01, real=0.04 secs] 
2021-01-21T22:10:10.842+0800: 4.931: [Full GC (Ergonomics) [PSYoungGen: 59691K->26070K(117760K)] [ParOldGen: 349353K->349361K(349696K)] 409045K->375431K(467456K), [Metaspace: 2810K->2810K(1056768K)], 0.0527493 secs] [Times: user=0.41 sys=0.00, real=0.05 secs] 
2021-01-21T22:10:10.901+0800: 4.990: [Full GC (Ergonomics) [PSYoungGen: 59884K->26539K(117760K)] [ParOldGen: 349361K->348839K(349696K)] 409246K->375379K(467456K), [Metaspace: 2810K->2810K(1056768K)], 0.0435138 secs] [Times: user=0.33 sys=0.00, real=0.04 secs] 
2021-01-21T22:10:10.951+0800: 5.039: [Full GC (Ergonomics) [PSYoungGen: 59753K->26428K(117760K)] [ParOldGen: 348839K->349599K(349696K)] 408593K->376028K(467456K), [Metaspace: 2810K->2810K(1056768K)], 0.0398447 secs] [Times: user=0.31 sys=0.00, real=0.04 secs] 
2021-01-21T22:10:10.996+0800: 5.084: [Full GC (Ergonomics) [PSYoungGen: 59539K->25267K(117760K)] [ParOldGen: 349599K->349427K(349696K)] 409139K->374695K(467456K), [Metaspace: 2810K->2810K(1056768K)], 0.0476509 secs] [Times: user=0.37 sys=0.00, real=0.05 secs] 
2021-01-21T22:10:11.050+0800: 5.138: [Full GC (Ergonomics) [PSYoungGen: 59651K->25661K(117760K)] [ParOldGen: 349427K->349111K(349696K)] 409078K->374773K(467456K), [Metaspace: 2810K->2810K(1056768K)], 0.0419386 secs] [Times: user=0.32 sys=0.00, real=0.04 secs] 
2021-01-21T22:10:11.097+0800: 5.185: [Full GC (Ergonomics) [PSYoungGen: 59804K->23103K(117760K)] [ParOldGen: 349111K->349447K(349696K)] 408916K->372551K(467456K), [Metaspace: 2810K->2810K(1056768K)], 0.0411845 secs] [Times: user=0.31 sys=0.00, real=0.04 secs] 
2021-01-21T22:10:11.144+0800: 5.232: [Full GC (Ergonomics) [PSYoungGen: 59904K->22867K(117760K)] [ParOldGen: 349447K->349650K(349696K)] 409351K->372517K(467456K), [Metaspace: 2810K->2810K(1056768K)], 0.0367441 secs] [Times: user=0.28 sys=0.00, real=0.04 secs] 
2021-01-21T22:10:11.185+0800: 5.273: [Full GC (Ergonomics) [PSYoungGen: 59805K->24715K(117760K)] [ParOldGen: 349650K->349231K(349696K)] 409455K->373947K(467456K), [Metaspace: 2810K->2810K(1056768K)], 0.0392217 secs] [Times: user=0.30 sys=0.00, real=0.04 secs] 
2021-01-21T22:10:11.231+0800: 5.319: [Full GC (Ergonomics) [PSYoungGen: 59904K->29714K(117760K)] [ParOldGen: 349231K->349571K(349696K)] 409135K->379286K(467456K), [Metaspace: 2810K->2810K(1056768K)], 0.0657942 secs] [Times: user=0.50 sys=0.00, real=0.06 secs] 
2021-01-21T22:10:11.303+0800: 5.392: [Full GC (Ergonomics) [PSYoungGen: 59903K->30041K(117760K)] [ParOldGen: 349571K->349247K(349696K)] 409474K->379289K(467456K), [Metaspace: 2810K->2810K(1056768K)], 0.0520010 secs] [Times: user=0.38 sys=0.02, real=0.05 secs] 
2021-01-21T22:10:11.360+0800: 5.448: [Full GC (Ergonomics) [PSYoungGen: 59664K->28659K(117760K)] [ParOldGen: 349247K->349338K(349696K)] 408911K->377998K(467456K), [Metaspace: 2810K->2810K(1056768K)], 0.0466380 secs] [Times: user=0.36 sys=0.00, real=0.04 secs] 
2021-01-21T22:10:11.410+0800: 5.499: [Full GC (Ergonomics) [PSYoungGen: 59146K->27950K(117760K)] [ParOldGen: 349338K->349349K(349696K)] 408484K->377300K(467456K), [Metaspace: 2810K->2810K(1056768K)], 0.0483967 secs] [Times: user=0.36 sys=0.01, real=0.05 secs] 
2021-01-21T22:10:11.462+0800: 5.550: [Full GC (Ergonomics) [PSYoungGen: 59506K->28494K(117760K)] [ParOldGen: 349349K->349455K(349696K)] 408855K->377950K(467456K), [Metaspace: 2810K->2810K(1056768K)], 0.0427391 secs] [Times: user=0.33 sys=0.00, real=0.04 secs] 
2021-01-21T22:10:11.509+0800: 5.597: [Full GC (Ergonomics) [PSYoungGen: 59764K->29554K(117760K)] [ParOldGen: 349455K->349098K(349696K)] 409220K->378653K(467456K), [Metaspace: 2810K->2810K(1056768K)], 0.0465610 secs] [Times: user=0.35 sys=0.00, real=0.04 secs] 
2021-01-21T22:10:11.559+0800: 5.647: [Full GC (Ergonomics) [PSYoungGen: 59894K->29335K(117760K)] [ParOldGen: 349098K->349462K(349696K)] 408992K->378797K(467456K), [Metaspace: 2810K->2810K(1056768K)], 0.0413993 secs] [Times: user=0.31 sys=0.00, real=0.04 secs] 
2021-01-21T22:10:11.605+0800: 5.693: [Full GC (Ergonomics) [PSYoungGen: 59904K->29668K(117760K)] [ParOldGen: 349462K->349255K(349696K)] 409366K->378923K(467456K), [Metaspace: 2810K->2810K(1056768K)], 0.0393510 secs] [Times: user=0.30 sys=0.00, real=0.04 secs] 
2021-01-21T22:10:11.648+0800: 5.736: [Full GC (Ergonomics) [PSYoungGen: 59875K->32302K(117760K)] [ParOldGen: 349255K->349263K(349696K)] 409130K->381566K(467456K), [Metaspace: 2810K->2810K(1056768K)], 0.0376749 secs] [Times: user=0.29 sys=0.00, real=0.04 secs] 
2021-01-21T22:10:11.689+0800: 5.777: [Full GC (Ergonomics) [PSYoungGen: 59567K->32048K(117760K)] [ParOldGen: 349263K->349323K(349696K)] 408831K->381371K(467456K), [Metaspace: 2810K->2810K(1056768K)], 0.0434710 secs] [Times: user=0.32 sys=0.00, real=0.04 secs] 
2021-01-21T22:10:11.736+0800: 5.824: [Full GC (Ergonomics) [PSYoungGen: 59863K->31891K(117760K)] [ParOldGen: 349323K->349578K(349696K)] 409186K->381469K(467456K), [Metaspace: 2810K->2810K(1056768K)], 0.0421576 secs] [Times: user=0.32 sys=0.01, real=0.05 secs] 
2021-01-21T22:10:11.781+0800: 5.870: [Full GC (Ergonomics) [PSYoungGen: 59899K->32098K(117760K)] [ParOldGen: 349578K->349362K(349696K)] 409477K->381460K(467456K), [Metaspace: 2810K->2810K(1056768K)], 0.0470176 secs] [Times: user=0.36 sys=0.00, real=0.05 secs] 
2021-01-21T22:10:11.833+0800: 5.921: [Full GC (Ergonomics) [PSYoungGen: 59818K->30966K(117760K)] [ParOldGen: 349362K->349360K(349696K)] 409181K->380327K(467456K), [Metaspace: 2810K->2810K(1056768K)], 0.0533687 secs] [Times: user=0.42 sys=0.00, real=0.05 secs] 
2021-01-21T22:10:11.890+0800: 5.978: [Full GC (Ergonomics) [PSYoungGen: 59704K->31551K(117760K)] [ParOldGen: 349360K->349390K(349696K)] 409064K->380941K(467456K), [Metaspace: 2810K->2810K(1056768K)], 0.0484011 secs] [Times: user=0.37 sys=0.00, real=0.05 secs] 
2021-01-21T22:10:11.942+0800: 6.030: [Full GC (Ergonomics) [PSYoungGen: 59858K->31431K(117760K)] [ParOldGen: 349390K->349484K(349696K)] 409249K->380915K(467456K), [Metaspace: 2810K->2810K(1056768K)], 0.0435986 secs] [Times: user=0.33 sys=0.00, real=0.04 secs] 
2021-01-21T22:10:11.990+0800: 6.078: [Full GC (Ergonomics) [PSYoungGen: 59889K->31644K(117760K)] [ParOldGen: 349484K->349354K(349696K)] 409374K->380999K(467456K), [Metaspace: 2810K->2810K(1056768K)], 0.0562464 secs] [Times: user=0.43 sys=0.00, real=0.05 secs] 
2021-01-21T22:10:12.052+0800: 6.140: [Full GC (Ergonomics) [PSYoungGen: 59324K->30271K(117760K)] [ParOldGen: 349354K->349331K(349696K)] 408678K->379602K(467456K), [Metaspace: 2810K->2810K(1056768K)], 0.0432320 secs] [Times: user=0.34 sys=0.00, real=0.04 secs] 
2021-01-21T22:10:12.100+0800: 6.188: [Full GC (Ergonomics) [PSYoungGen: 59860K->28958K(117760K)] [ParOldGen: 349331K->349285K(349696K)] 409192K->378243K(467456K), [Metaspace: 2810K->2810K(1056768K)], 0.0421846 secs] [Times: user=0.31 sys=0.01, real=0.04 secs] 
2021-01-21T22:10:12.146+0800: 6.234: [Full GC (Ergonomics) [PSYoungGen: 59260K->26057K(117760K)] [ParOldGen: 349285K->349691K(349696K)] 408545K->375748K(467456K), [Metaspace: 2810K->2810K(1056768K)], 0.0384682 secs] [Times: user=0.30 sys=0.01, real=0.04 secs] 
2021-01-21T22:10:12.190+0800: 6.278: [Full GC (Ergonomics) [PSYoungGen: 59867K->27382K(117760K)] [ParOldGen: 349691K->349233K(349696K)] 409558K->376616K(467456K), [Metaspace: 2810K->2810K(1056768K)], 0.0489583 secs] [Times: user=0.37 sys=0.00, real=0.05 secs] 
2021-01-21T22:10:12.243+0800: 6.332: [Full GC (Ergonomics) [PSYoungGen: 59904K->29076K(117760K)] [ParOldGen: 349233K->349003K(349696K)] 409137K->378079K(467456K), [Metaspace: 2810K->2810K(1056768K)], 0.0457280 secs] [Times: user=0.34 sys=0.00, real=0.05 secs] 
2021-01-21T22:10:12.293+0800: 6.381: [Full GC (Ergonomics) [PSYoungGen: 59879K->30196K(117760K)] [ParOldGen: 349003K->349077K(349696K)] 408882K->379273K(467456K), [Metaspace: 2810K->2810K(1056768K)], 0.0477904 secs] [Times: user=0.36 sys=0.00, real=0.05 secs] 
2021-01-21T22:10:12.344+0800: 6.433: [Full GC (Ergonomics) [PSYoungGen: 59756K->30890K(117760K)] [ParOldGen: 349077K->349680K(349696K)] 408833K->380570K(467456K), [Metaspace: 2810K->2810K(1056768K)], 0.0438341 secs] [Times: user=0.33 sys=0.00, real=0.05 secs] 
2021-01-21T22:10:12.392+0800: 6.480: [Full GC (Ergonomics) [PSYoungGen: 59904K->31976K(117760K)] [ParOldGen: 349680K->349377K(349696K)] 409584K->381354K(467456K), [Metaspace: 2810K->2810K(1056768K)], 0.0736350 secs] [Times: user=0.56 sys=0.01, real=0.07 secs] 
2021-01-21T22:10:12.471+0800: 6.559: [Full GC (Ergonomics) [PSYoungGen: 59904K->32429K(117760K)] [ParOldGen: 349377K->349566K(349696K)] 409281K->381996K(467456K), [Metaspace: 2810K->2810K(1056768K)], 0.0645811 secs] [Times: user=0.48 sys=0.01, real=0.06 secs] 
2021-01-21T22:10:12.539+0800: 6.628: [Full GC (Ergonomics) [PSYoungGen: 59904K->30234K(117760K)] [ParOldGen: 349566K->349039K(349696K)] 409470K->379273K(467456K), [Metaspace: 2810K->2810K(1056768K)], 0.0400755 secs] [Times: user=0.31 sys=0.00, real=0.04 secs] 
2021-01-21T22:10:12.583+0800: 6.672: [Full GC (Ergonomics) [PSYoungGen: 59824K->32771K(117760K)] [ParOldGen: 349039K->349605K(349696K)] 408864K->382377K(467456K), [Metaspace: 2810K->2810K(1056768K)], 0.0364470 secs] [Times: user=0.28 sys=0.00, real=0.04 secs] 
2021-01-21T22:10:12.624+0800: 6.712: [Full GC (Ergonomics) [PSYoungGen: 59904K->34128K(117760K)] [ParOldGen: 349605K->349571K(349696K)] 409509K->383699K(467456K), [Metaspace: 2810K->2810K(1056768K)], 0.0383662 secs] [Times: user=0.29 sys=0.00, real=0.04 secs] 
2021-01-21T22:10:12.666+0800: 6.754: [Full GC (Ergonomics) [PSYoungGen: 59897K->34618K(117760K)] [ParOldGen: 349571K->349418K(349696K)] 409468K->384036K(467456K), [Metaspace: 2810K->2810K(1056768K)], 0.0384609 secs] [Times: user=0.29 sys=0.00, real=0.04 secs] 
2021-01-21T22:10:12.708+0800: 6.796: [Full GC (Ergonomics) [PSYoungGen: 59904K->33356K(117760K)] [ParOldGen: 349418K->349365K(349696K)] 409322K->382722K(467456K), [Metaspace: 2810K->2810K(1056768K)], 0.0446396 secs] [Times: user=0.33 sys=0.00, real=0.05 secs] 
2021-01-21T22:10:12.756+0800: 6.845: [Full GC (Ergonomics) [PSYoungGen: 59807K->32592K(117760K)] [ParOldGen: 349365K->349422K(349696K)] 409172K->382014K(467456K), [Metaspace: 2810K->2810K(1056768K)], 0.0441162 secs] [Times: user=0.33 sys=0.01, real=0.05 secs] 
2021-01-21T22:10:12.805+0800: 6.893: [Full GC (Ergonomics) [PSYoungGen: 59779K->30768K(117760K)] [ParOldGen: 349422K->349411K(349696K)] 409201K->380179K(467456K), [Metaspace: 2810K->2810K(1056768K)], 0.0443603 secs] [Times: user=0.34 sys=0.00, real=0.05 secs] 
2021-01-21T22:10:12.853+0800: 6.941: [Full GC (Ergonomics) [PSYoungGen: 59429K->31954K(117760K)] [ParOldGen: 349411K->349484K(349696K)] 408841K->381439K(467456K), [Metaspace: 2810K->2810K(1056768K)], 0.0513513 secs] [Times: user=0.38 sys=0.02, real=0.05 secs] 
2021-01-21T22:10:12.909+0800: 6.997: [Full GC (Ergonomics) [PSYoungGen: 59820K->31149K(117760K)] [ParOldGen: 349484K->349157K(349696K)] 409305K->380306K(467456K), [Metaspace: 2810K->2810K(1056768K)], 0.0457278 secs] [Times: user=0.35 sys=0.00, real=0.04 secs] 
2021-01-21T22:10:12.959+0800: 7.047: [Full GC (Ergonomics) [PSYoungGen: 59859K->27593K(117760K)] [ParOldGen: 349157K->349532K(349696K)] 409016K->377125K(467456K), [Metaspace: 2810K->2810K(1056768K)], 0.0511376 secs] [Times: user=0.38 sys=0.00, real=0.05 secs] 
2021-01-21T22:10:13.016+0800: 7.104: [Full GC (Ergonomics) [PSYoungGen: 59891K->28128K(117760K)] [ParOldGen: 349532K->349632K(349696K)] 409424K->377761K(467456K), [Metaspace: 2810K->2810K(1056768K)], 0.0505264 secs] [Times: user=0.39 sys=0.00, real=0.05 secs] 
2021-01-21T22:10:13.071+0800: 7.159: [Full GC (Ergonomics) [PSYoungGen: 59452K->28608K(117760K)] [ParOldGen: 349632K->349239K(349696K)] 409085K->377847K(467456K), [Metaspace: 2810K->2810K(1056768K)], 0.0559994 secs] [Times: user=0.43 sys=0.00, real=0.05 secs] 
2021-01-21T22:10:13.132+0800: 7.220: [Full GC (Ergonomics) [PSYoungGen: 59858K->27532K(117760K)] [ParOldGen: 349239K->349631K(349696K)] 409098K->377163K(467456K), [Metaspace: 2810K->2810K(1056768K)], 0.0492529 secs] [Times: user=0.37 sys=0.00, real=0.05 secs] 
2021-01-21T22:10:13.186+0800: 7.274: [Full GC (Ergonomics) [PSYoungGen: 59268K->28229K(117760K)] [ParOldGen: 349631K->349498K(349696K)] 408900K->377728K(467456K), [Metaspace: 2810K->2810K(1056768K)], 0.0450582 secs] [Times: user=0.35 sys=0.00, real=0.05 secs] 
2021-01-21T22:10:13.235+0800: 7.323: [Full GC (Ergonomics) [PSYoungGen: 59871K->26819K(117760K)] [ParOldGen: 349498K->349127K(349696K)] 409369K->375946K(467456K), [Metaspace: 2810K->2810K(1056768K)], 0.0421494 secs] [Times: user=0.31 sys=0.01, real=0.04 secs] 
2021-01-21T22:10:13.282+0800: 7.370: [Full GC (Ergonomics) [PSYoungGen: 59904K->32265K(117760K)] [ParOldGen: 349127K->348826K(349696K)] 409031K->381092K(467456K), [Metaspace: 2810K->2810K(1056768K)], 0.0409434 secs] [Times: user=0.31 sys=0.00, real=0.04 secs] 
2021-01-21T22:10:13.326+0800: 7.414: [Full GC (Ergonomics) [PSYoungGen: 59904K->36711K(117760K)] [ParOldGen: 348826K->349379K(349696K)] 408730K->386090K(467456K), [Metaspace: 2810K->2810K(1056768K)], 0.0460219 secs] [Times: user=0.35 sys=0.00, real=0.05 secs] 
2021-01-21T22:10:13.375+0800: 7.463: [Full GC (Ergonomics) [PSYoungGen: 59806K->35843K(117760K)] [ParOldGen: 349379K->349428K(349696K)] 409185K->385272K(467456K), [Metaspace: 2810K->2810K(1056768K)], 0.0447683 secs] [Times: user=0.34 sys=0.00, real=0.05 secs] 
2021-01-21T22:10:13.423+0800: 7.511: [Full GC (Ergonomics) [PSYoungGen: 59831K->37921K(117760K)] [ParOldGen: 349428K->349679K(349696K)] 409260K->387601K(467456K), [Metaspace: 2810K->2810K(1056768K)], 0.0431231 secs] [Times: user=0.33 sys=0.00, real=0.04 secs] 
2021-01-21T22:10:13.470+0800: 7.558: [Full GC (Ergonomics) [PSYoungGen: 59894K->36070K(117760K)] [ParOldGen: 349679K->349650K(349696K)] 409574K->385721K(467456K), [Metaspace: 2810K->2810K(1056768K)], 0.0380547 secs] [Times: user=0.28 sys=0.00, real=0.04 secs] 
2021-01-21T22:10:13.512+0800: 7.600: [Full GC (Ergonomics) [PSYoungGen: 59904K->33830K(117760K)] [ParOldGen: 349650K->349557K(349696K)] 409554K->383387K(467456K), [Metaspace: 2810K->2810K(1056768K)], 0.0402916 secs] [Times: user=0.30 sys=0.00, real=0.04 secs] 
2021-01-21T22:10:13.556+0800: 7.644: [Full GC (Ergonomics) [PSYoungGen: 59904K->32347K(117760K)] [ParOldGen: 349557K->349617K(349696K)] 409461K->381965K(467456K), [Metaspace: 2810K->2810K(1056768K)], 0.0522318 secs] [Times: user=0.39 sys=0.01, real=0.06 secs] 
2021-01-21T22:10:13.613+0800: 7.701: [Full GC (Ergonomics) [PSYoungGen: 59853K->31506K(117760K)] [ParOldGen: 349617K->349687K(349696K)] 409471K->381193K(467456K), [Metaspace: 2810K->2810K(1056768K)], 0.0463692 secs] [Times: user=0.34 sys=0.01, real=0.05 secs] 
2021-01-21T22:10:13.664+0800: 7.753: [Full GC (Ergonomics) [PSYoungGen: 59904K->32763K(117760K)] [ParOldGen: 349687K->349423K(349696K)] 409591K->382186K(467456K), [Metaspace: 2810K->2810K(1056768K)], 0.0428521 secs] [Times: user=0.33 sys=0.00, real=0.04 secs] 
2021-01-21T22:10:13.711+0800: 7.799: [Full GC (Ergonomics) [PSYoungGen: 59850K->33562K(117760K)] [ParOldGen: 349423K->349283K(349696K)] 409274K->382845K(467456K), [Metaspace: 2810K->2810K(1056768K)], 0.0503121 secs] [Times: user=0.36 sys=0.01, real=0.05 secs] 
2021-01-21T22:10:13.766+0800: 7.854: [Full GC (Ergonomics) [PSYoungGen: 59904K->34177K(117760K)] [ParOldGen: 349283K->349013K(349696K)] 409187K->383190K(467456K), [Metaspace: 2810K->2810K(1056768K)], 0.0429465 secs] [Times: user=0.33 sys=0.00, real=0.05 secs] 
2021-01-21T22:10:13.812+0800: 7.901: [Full GC (Ergonomics) [PSYoungGen: 59904K->35292K(117760K)] [ParOldGen: 349013K->349536K(349696K)] 408917K->384829K(467456K), [Metaspace: 2810K->2810K(1056768K)], 0.0418341 secs] [Times: user=0.30 sys=0.01, real=0.04 secs] 
2021-01-21T22:10:13.858+0800: 7.946: [Full GC (Ergonomics) [PSYoungGen: 59904K->33654K(117760K)] [ParOldGen: 349536K->349376K(349696K)] 409440K->383031K(467456K), [Metaspace: 2810K->2810K(1056768K)], 0.0392017 secs] [Times: user=0.28 sys=0.00, real=0.04 secs] 
2021-01-21T22:10:13.901+0800: 7.989: [Full GC (Ergonomics) [PSYoungGen: 59766K->30538K(117760K)] [ParOldGen: 349376K->349014K(349696K)] 409143K->379552K(467456K), [Metaspace: 2810K->2810K(1056768K)], 0.0389470 secs] [Times: user=0.30 sys=0.00, real=0.04 secs] 
2021-01-21T22:10:13.944+0800: 8.032: [Full GC (Ergonomics) [PSYoungGen: 59904K->29460K(117760K)] [ParOldGen: 349014K->349123K(349696K)] 408918K->378583K(467456K), [Metaspace: 2810K->2810K(1056768K)], 0.0424787 secs] [Times: user=0.33 sys=0.00, real=0.04 secs] 
2021-01-21T22:10:13.991+0800: 8.079: [Full GC (Ergonomics) [PSYoungGen: 59468K->30679K(117760K)] [ParOldGen: 349123K->349132K(349696K)] 408591K->379812K(467456K), [Metaspace: 2810K->2810K(1056768K)], 0.0406872 secs] [Times: user=0.31 sys=0.00, real=0.04 secs] 
2021-01-21T22:10:14.036+0800: 8.124: [Full GC (Ergonomics) [PSYoungGen: 59904K->29796K(117760K)] [ParOldGen: 349132K->349298K(349696K)] 409036K->379095K(467456K), [Metaspace: 2810K->2810K(1056768K)], 0.0451622 secs] [Times: user=0.35 sys=0.00, real=0.05 secs] 
2021-01-21T22:10:14.084+0800: 8.173: [Full GC (Ergonomics) [PSYoungGen: 59864K->32578K(117760K)] [ParOldGen: 349298K->349521K(349696K)] 409162K->382099K(467456K), [Metaspace: 2810K->2810K(1056768K)], 0.0396181 secs] [Times: user=0.31 sys=0.00, real=0.04 secs] 
2021-01-21T22:10:14.128+0800: 8.216: [Full GC (Ergonomics) [PSYoungGen: 59695K->32527K(117760K)] [ParOldGen: 349521K->349497K(349696K)] 409216K->382025K(467456K), [Metaspace: 2810K->2810K(1056768K)], 0.0417209 secs] [Times: user=0.31 sys=0.01, real=0.05 secs] 
2021-01-21T22:10:14.173+0800: 8.261: [Full GC (Ergonomics) [PSYoungGen: 59561K->28946K(117760K)] [ParOldGen: 349497K->348791K(349696K)] 409059K->377737K(467456K), [Metaspace: 2810K->2810K(1056768K)], 0.0524475 secs] [Times: user=0.39 sys=0.01, real=0.05 secs] 
2021-01-21T22:10:14.231+0800: 8.319: [Full GC (Ergonomics) [PSYoungGen: 59727K->28875K(117760K)] [ParOldGen: 348791K->349139K(349696K)] 408519K->378014K(467456K), [Metaspace: 2810K->2810K(1056768K)], 0.0481805 secs] [Times: user=0.36 sys=0.01, real=0.05 secs] 
2021-01-21T22:10:14.283+0800: 8.372: [Full GC (Ergonomics) [PSYoungGen: 59814K->26053K(117760K)] [ParOldGen: 349139K->349616K(349696K)] 408954K->375670K(467456K), [Metaspace: 2810K->2810K(1056768K)], 0.0447477 secs] [Times: user=0.34 sys=0.01, real=0.05 secs] 
2021-01-21T22:10:14.332+0800: 8.421: [Full GC (Ergonomics) [PSYoungGen: 59878K->25998K(117760K)] [ParOldGen: 349616K->349104K(349696K)] 409495K->375102K(467456K), [Metaspace: 2810K->2810K(1056768K)], 0.0417545 secs] [Times: user=0.32 sys=0.00, real=0.04 secs] 
2021-01-21T22:10:14.379+0800: 8.467: [Full GC (Ergonomics) [PSYoungGen: 59808K->26717K(117760K)] [ParOldGen: 349104K->349655K(349696K)] 408912K->376372K(467456K), [Metaspace: 2810K->2810K(1056768K)], 0.0372439 secs] [Times: user=0.28 sys=0.00, real=0.03 secs] 
2021-01-21T22:10:14.420+0800: 8.509: [Full GC (Ergonomics) [PSYoungGen: 59619K->26683K(117760K)] [ParOldGen: 349655K->349107K(349696K)] 409274K->375790K(467456K), [Metaspace: 2810K->2810K(1056768K)], 0.0365269 secs] [Times: user=0.28 sys=0.00, real=0.03 secs] 
2021-01-21T22:10:14.461+0800: 8.550: [Full GC (Ergonomics) [PSYoungGen: 59865K->26087K(117760K)] [ParOldGen: 349107K->349629K(349696K)] 408972K->375716K(467456K), [Metaspace: 2810K->2810K(1056768K)], 0.0355111 secs] [Times: user=0.27 sys=0.00, real=0.03 secs] 
2021-01-21T22:10:14.502+0800: 8.590: [Full GC (Ergonomics) [PSYoungGen: 59633K->28287K(117760K)] [ParOldGen: 349629K->349571K(349696K)] 409263K->377858K(467456K), [Metaspace: 2810K->2810K(1056768K)], 0.0361665 secs] [Times: user=0.27 sys=0.00, real=0.04 secs] 
2021-01-21T22:10:14.542+0800: 8.630: [Full GC (Ergonomics) [PSYoungGen: 59873K->32608K(117760K)] [ParOldGen: 349571K->349163K(349696K)] 409445K->381772K(467456K), [Metaspace: 2810K->2810K(1056768K)], 0.0438900 secs] [Times: user=0.33 sys=0.00, real=0.04 secs] 
2021-01-21T22:10:14.590+0800: 8.678: [Full GC (Ergonomics) [PSYoungGen: 59904K->31933K(117760K)] [ParOldGen: 349163K->349322K(349696K)] 409067K->381256K(467456K), [Metaspace: 2810K->2810K(1056768K)], 0.0415463 secs] [Times: user=0.31 sys=0.00, real=0.04 secs] 
2021-01-21T22:10:14.635+0800: 8.723: [Full GC (Ergonomics) [PSYoungGen: 59850K->31395K(117760K)] [ParOldGen: 349322K->349370K(349696K)] 409172K->380766K(467456K), [Metaspace: 2810K->2810K(1056768K)], 0.0369902 secs] [Times: user=0.29 sys=0.00, real=0.04 secs] 
2021-01-21T22:10:14.676+0800: 8.764: [Full GC (Ergonomics) [PSYoungGen: 59876K->29408K(117760K)] [ParOldGen: 349370K->349638K(349696K)] 409246K->379046K(467456K), [Metaspace: 2810K->2810K(1056768K)], 0.0405281 secs] [Times: user=0.30 sys=0.01, real=0.04 secs] 
2021-01-21T22:10:14.721+0800: 8.810: [Full GC (Ergonomics) [PSYoungGen: 59482K->29902K(117760K)] [ParOldGen: 349638K->349150K(349696K)] 409120K->379052K(467456K), [Metaspace: 2810K->2810K(1056768K)], 0.1243319 secs] [Times: user=0.93 sys=0.02, real=0.12 secs] 
2021-01-21T22:10:14.850+0800: 8.939: [Full GC (Ergonomics) [PSYoungGen: 59904K->26409K(117760K)] [ParOldGen: 349150K->349552K(349696K)] 409054K->375961K(467456K), [Metaspace: 2810K->2810K(1056768K)], 0.0529388 secs] [Times: user=0.41 sys=0.00, real=0.05 secs] 
2021-01-21T22:10:14.908+0800: 8.996: [Full GC (Ergonomics) [PSYoungGen: 59904K->27263K(117760K)] [ParOldGen: 349552K->349532K(349696K)] 409456K->376795K(467456K), [Metaspace: 2810K->2810K(1056768K)], 0.0474766 secs] [Times: user=0.35 sys=0.01, real=0.05 secs] 
2021-01-21T22:10:14.959+0800: 9.047: [Full GC (Ergonomics) [PSYoungGen: 59517K->27414K(117760K)] [ParOldGen: 349532K->349611K(349696K)] 409049K->377025K(467456K), [Metaspace: 2810K->2810K(1056768K)], 0.0374244 secs] [Times: user=0.29 sys=0.00, real=0.03 secs] 
2021-01-21T22:10:15.001+0800: 9.089: [Full GC (Ergonomics) [PSYoungGen: 59904K->30710K(117760K)] [ParOldGen: 349611K->349095K(349696K)] 409515K->379806K(467456K), [Metaspace: 2810K->2810K(1056768K)], 0.0363928 secs] [Times: user=0.28 sys=0.00, real=0.03 secs] 
2021-01-21T22:10:15.041+0800: 9.129: [Full GC (Ergonomics) [PSYoungGen: 59904K->31379K(117760K)] [ParOldGen: 349095K->349452K(349696K)] 408999K->380832K(467456K), [Metaspace: 2810K->2810K(1056768K)], 0.0362293 secs] [Times: user=0.28 sys=0.00, real=0.03 secs] 
2021-01-21T22:10:15.081+0800: 9.169: [Full GC (Ergonomics) [PSYoungGen: 59642K->29860K(117760K)] [ParOldGen: 349452K->349421K(349696K)] 409094K->379281K(467456K), [Metaspace: 2810K->2810K(1056768K)], 0.0378208 secs] [Times: user=0.29 sys=0.00, real=0.04 secs] 
2021-01-21T22:10:15.123+0800: 9.211: [Full GC (Ergonomics) [PSYoungGen: 59820K->29411K(117760K)] [ParOldGen: 349421K->349562K(349696K)] 409241K->378974K(467456K), [Metaspace: 2810K->2810K(1056768K)], 0.0418282 secs] [Times: user=0.32 sys=0.00, real=0.04 secs] 
2021-01-21T22:10:15.170+0800: 9.258: [Full GC (Ergonomics) [PSYoungGen: 59904K->29964K(117760K)] [ParOldGen: 349562K->349514K(349696K)] 409466K->379478K(467456K), [Metaspace: 2810K->2810K(1056768K)], 0.0439108 secs] [Times: user=0.34 sys=0.00, real=0.04 secs] 
2021-01-21T22:10:15.218+0800: 9.306: [Full GC (Ergonomics) [PSYoungGen: 59904K->29064K(117760K)] [ParOldGen: 349514K->349278K(349696K)] 409418K->378342K(467456K), [Metaspace: 2810K->2810K(1056768K)], 0.0469799 secs] [Times: user=0.35 sys=0.01, real=0.05 secs] 
2021-01-21T22:10:15.269+0800: 9.357: [Full GC (Ergonomics) [PSYoungGen: 59636K->34548K(117760K)] [ParOldGen: 349278K->349527K(349696K)] 408914K->384075K(467456K), [Metaspace: 2810K->2810K(1056768K)], 0.0473107 secs] [Times: user=0.35 sys=0.01, real=0.04 secs] 
2021-01-21T22:10:15.321+0800: 9.409: [Full GC (Ergonomics) [PSYoungGen: 59904K->35963K(117760K)] [ParOldGen: 349527K->349109K(349696K)] 409431K->385073K(467456K), [Metaspace: 2810K->2810K(1056768K)], 0.0496861 secs] [Times: user=0.38 sys=0.00, real=0.05 secs] 
2021-01-21T22:10:15.376+0800: 9.464: [Full GC (Ergonomics) [PSYoungGen: 59762K->33259K(117760K)] [ParOldGen: 349109K->349467K(349696K)] 408872K->382727K(467456K), [Metaspace: 2810K->2810K(1056768K)], 0.0548998 secs] [Times: user=0.41 sys=0.01, real=0.06 secs] 
2021-01-21T22:10:15.435+0800: 9.523: [Full GC (Ergonomics) [PSYoungGen: 59788K->36954K(117760K)] [ParOldGen: 349467K->349186K(349696K)] 409255K->386140K(467456K), [Metaspace: 2810K->2810K(1056768K)], 0.0514496 secs] [Times: user=0.40 sys=0.00, real=0.05 secs] 
2021-01-21T22:10:15.490+0800: 9.578: [Full GC (Ergonomics) [PSYoungGen: 59832K->33788K(117760K)] [ParOldGen: 349186K->349425K(349696K)] 409019K->383213K(467456K), [Metaspace: 2810K->2810K(1056768K)], 0.0508443 secs] [Times: user=0.40 sys=0.00, real=0.05 secs] 
2021-01-21T22:10:15.545+0800: 9.633: [Full GC (Ergonomics) [PSYoungGen: 59409K->33534K(117760K)] [ParOldGen: 349425K->349307K(349696K)] 408834K->382842K(467456K), [Metaspace: 2810K->2810K(1056768K)], 0.0410351 secs] [Times: user=0.31 sys=0.01, real=0.04 secs] 
2021-01-21T22:10:15.589+0800: 9.677: [Full GC (Ergonomics) [PSYoungGen: 59259K->34330K(117760K)] [ParOldGen: 349307K->349262K(349696K)] 408566K->383592K(467456K), [Metaspace: 2810K->2810K(1056768K)], 0.0435003 secs] [Times: user=0.33 sys=0.00, real=0.04 secs] 
2021-01-21T22:10:15.636+0800: 9.725: [Full GC (Ergonomics) [PSYoungGen: 59904K->35864K(117760K)] [ParOldGen: 349262K->349591K(349696K)] 409166K->385455K(467456K), [Metaspace: 2810K->2810K(1056768K)], 0.0498500 secs] [Times: user=0.39 sys=0.00, real=0.05 secs] 
2021-01-21T22:10:15.689+0800: 9.778: [Full GC (Ergonomics) [PSYoungGen: 59882K->32357K(117760K)] [ParOldGen: 349591K->349514K(349696K)] 409473K->381871K(467456K), [Metaspace: 2810K->2810K(1056768K)], 0.0427356 secs] [Times: user=0.33 sys=0.00, real=0.04 secs] 
2021-01-21T22:10:15.736+0800: 9.825: [Full GC (Ergonomics) [PSYoungGen: 59904K->32193K(117760K)] [ParOldGen: 349514K->349640K(349696K)] 409418K->381833K(467456K), [Metaspace: 2810K->2810K(1056768K)], 0.0549767 secs] [Times: user=0.42 sys=0.00, real=0.06 secs] 
2021-01-21T22:10:15.801+0800: 9.889: [Full GC (Ergonomics) [PSYoungGen: 59502K->31336K(117760K)] [ParOldGen: 349640K->349245K(349696K)] 409142K->380581K(467456K), [Metaspace: 2810K->2810K(1056768K)], 0.0587938 secs] [Times: user=0.43 sys=0.00, real=0.06 secs] 
2021-01-21T22:10:15.864+0800: 9.952: [Full GC (Ergonomics) [PSYoungGen: 59641K->34579K(117760K)] [ParOldGen: 349245K->349672K(349696K)] 408887K->384252K(467456K), [Metaspace: 2810K->2810K(1056768K)], 0.0653333 secs] [Times: user=0.50 sys=0.00, real=0.07 secs] 
2021-01-21T22:10:15.933+0800: 10.021: [Full GC (Ergonomics) [PSYoungGen: 59715K->35801K(117760K)] [ParOldGen: 349672K->349657K(349696K)] 409388K->385458K(467456K), [Metaspace: 2810K->2810K(1056768K)], 0.0474529 secs] [Times: user=0.37 sys=0.00, real=0.05 secs] 
2021-01-21T22:10:15.985+0800: 10.073: [Full GC (Ergonomics) [PSYoungGen: 59904K->37717K(117760K)] [ParOldGen: 349657K->349309K(349696K)] 409561K->387026K(467456K), [Metaspace: 2810K->2810K(1056768K)], 0.0517208 secs] [Times: user=0.40 sys=0.00, real=0.05 secs] 
2021-01-21T22:10:16.039+0800: 10.128: [Full GC (Ergonomics) [PSYoungGen: 59795K->37137K(117760K)] [ParOldGen: 349309K->349426K(349696K)] 409104K->386564K(467456K), [Metaspace: 2810K->2810K(1056768K)], 0.0386484 secs] [Times: user=0.29 sys=0.00, real=0.04 secs] 
2021-01-21T22:10:16.081+0800: 10.170: [Full GC (Ergonomics) [PSYoungGen: 59904K->38535K(117760K)] [ParOldGen: 349426K->348973K(349696K)] 409330K->387508K(467456K), [Metaspace: 2810K->2810K(1056768K)], 0.0406190 secs] [Times: user=0.31 sys=0.00, real=0.04 secs] 
2021-01-21T22:10:16.125+0800: 10.213: [Full GC (Ergonomics) [PSYoungGen: 59822K->41474K(117760K)] [ParOldGen: 348973K->349050K(349696K)] 408795K->390525K(467456K), [Metaspace: 2810K->2810K(1056768K)], 0.0394781 secs] [Times: user=0.30 sys=0.00, real=0.04 secs] 
2021-01-21T22:10:16.166+0800: 10.255: [Full GC (Ergonomics) [PSYoungGen: 59830K->40705K(117760K)] [ParOldGen: 349050K->349473K(349696K)] 408880K->390178K(467456K), [Metaspace: 2810K->2810K(1056768K)], 0.0460593 secs] [Times: user=0.36 sys=0.00, real=0.05 secs] 
2021-01-21T22:10:16.216+0800: 10.304: [Full GC (Ergonomics) [PSYoungGen: 59737K->39746K(117760K)] [ParOldGen: 349473K->349320K(349696K)] 409211K->389066K(467456K), [Metaspace: 2810K->2810K(1056768K)], 0.0440576 secs] [Times: user=0.33 sys=0.00, real=0.05 secs] 
2021-01-21T22:10:16.263+0800: 10.352: [Full GC (Ergonomics) [PSYoungGen: 59843K->38899K(117760K)] [ParOldGen: 349320K->349526K(349696K)] 409163K->388426K(467456K), [Metaspace: 2810K->2810K(1056768K)], 0.0437439 secs] [Times: user=0.34 sys=0.00, real=0.04 secs] 
2021-01-21T22:10:16.311+0800: 10.399: [Full GC (Ergonomics) [PSYoungGen: 59891K->36824K(117760K)] [ParOldGen: 349526K->349333K(349696K)] 409418K->386157K(467456K), [Metaspace: 2810K->2810K(1056768K)], 0.0428017 secs] [Times: user=0.33 sys=0.00, real=0.04 secs] 
2021-01-21T22:10:16.357+0800: 10.446: [Full GC (Ergonomics) [PSYoungGen: 59697K->35716K(117760K)] [ParOldGen: 349333K->349578K(349696K)] 409030K->385295K(467456K), [Metaspace: 2810K->2810K(1056768K)], 0.0479180 secs] [Times: user=0.37 sys=0.00, real=0.05 secs] 
2021-01-21T22:10:16.409+0800: 10.497: [Full GC (Ergonomics) [PSYoungGen: 59815K->33827K(117760K)] [ParOldGen: 349578K->349532K(349696K)] 409393K->383359K(467456K), [Metaspace: 2810K->2810K(1056768K)], 0.0405152 secs] [Times: user=0.31 sys=0.00, real=0.04 secs] 
2021-01-21T22:10:16.453+0800: 10.542: [Full GC (Ergonomics) [PSYoungGen: 59904K->37151K(117760K)] [ParOldGen: 349532K->349350K(349696K)] 409436K->386501K(467456K), [Metaspace: 2810K->2810K(1056768K)], 0.0404697 secs] [Times: user=0.31 sys=0.00, real=0.04 secs] 
2021-01-21T22:10:16.497+0800: 10.585: [Full GC (Ergonomics) [PSYoungGen: 59616K->34904K(117760K)] [ParOldGen: 349350K->349599K(349696K)] 408966K->384504K(467456K), [Metaspace: 2810K->2810K(1056768K)], 0.0636618 secs] [Times: user=0.49 sys=0.00, real=0.07 secs] 
2021-01-21T22:10:16.565+0800: 10.653: [Full GC (Ergonomics) [PSYoungGen: 59842K->34761K(117760K)] [ParOldGen: 349599K->349632K(349696K)] 409442K->384394K(467456K), [Metaspace: 2810K->2810K(1056768K)], 0.0518363 secs] [Times: user=0.39 sys=0.00, real=0.05 secs] 
2021-01-21T22:10:16.620+0800: 10.708: [Full GC (Ergonomics) [PSYoungGen: 59904K->37733K(117760K)] [ParOldGen: 349632K->349610K(349696K)] 409536K->387343K(467456K), [Metaspace: 2810K->2810K(1056768K)], 0.0451147 secs] [Times: user=0.35 sys=0.00, real=0.04 secs] 
2021-01-21T22:10:16.669+0800: 10.757: [Full GC (Ergonomics) [PSYoungGen: 59904K->36822K(117760K)] [ParOldGen: 349610K->349232K(349696K)] 409514K->386054K(467456K), [Metaspace: 2810K->2810K(1056768K)], 0.0456587 secs] [Times: user=0.35 sys=0.00, real=0.04 secs] 
2021-01-21T22:10:16.718+0800: 10.806: [Full GC (Ergonomics) [PSYoungGen: 59609K->40197K(117760K)] [ParOldGen: 349232K->349555K(349696K)] 408841K->389752K(467456K), [Metaspace: 2810K->2810K(1056768K)], 0.0399791 secs] [Times: user=0.28 sys=0.03, real=0.05 secs] 
2021-01-21T22:10:16.761+0800: 10.849: [Full GC (Ergonomics) [PSYoungGen: 59250K->38623K(117760K)] [ParOldGen: 349555K->349279K(349696K)] 408805K->387902K(467456K), [Metaspace: 2810K->2810K(1056768K)], 0.0369266 secs] [Times: user=0.28 sys=0.00, real=0.03 secs] 
2021-01-21T22:10:16.801+0800: 10.889: [Full GC (Ergonomics) [PSYoungGen: 59695K->39070K(117760K)] [ParOldGen: 349279K->349221K(349696K)] 408975K->388292K(467456K), [Metaspace: 2810K->2810K(1056768K)], 0.0427406 secs] [Times: user=0.31 sys=0.00, real=0.04 secs] 
2021-01-21T22:10:16.846+0800: 10.934: [Full GC (Ergonomics) [PSYoungGen: 59740K->36854K(117760K)] [ParOldGen: 349221K->349311K(349696K)] 408961K->386165K(467456K), [Metaspace: 2810K->2810K(1056768K)], 0.0433378 secs] [Times: user=0.32 sys=0.01, real=0.05 secs] 
2021-01-21T22:10:16.893+0800: 10.982: [Full GC (Ergonomics) [PSYoungGen: 59882K->37825K(117760K)] [ParOldGen: 349311K->349433K(349696K)] 409194K->387258K(467456K), [Metaspace: 2810K->2810K(1056768K)], 0.0436433 secs] [Times: user=0.34 sys=0.00, real=0.04 secs] 
2021-01-21T22:10:16.940+0800: 11.028: [Full GC (Ergonomics) [PSYoungGen: 59244K->35319K(117760K)] [ParOldGen: 349433K->349621K(349696K)] 408677K->384941K(467456K), [Metaspace: 2810K->2810K(1056768K)], 0.0452706 secs] [Times: user=0.35 sys=0.00, real=0.04 secs] 
2021-01-21T22:10:16.988+0800: 11.076: [Full GC (Ergonomics) [PSYoungGen: 59904K->36681K(117760K)] [ParOldGen: 349621K->349384K(349696K)] 409525K->386065K(467456K), [Metaspace: 2810K->2810K(1056768K)], 0.0471085 secs] [Times: user=0.36 sys=0.00, real=0.04 secs] 
2021-01-21T22:10:17.041+0800: 11.129: [Full GC (Ergonomics) [PSYoungGen: 59571K->33546K(117760K)] [ParOldGen: 349384K->349320K(349696K)] 408956K->382866K(467456K), [Metaspace: 2810K->2810K(1056768K)], 0.0591267 secs] [Times: user=0.45 sys=0.00, real=0.06 secs] 
2021-01-21T22:10:17.104+0800: 11.192: [Full GC (Ergonomics) [PSYoungGen: 59904K->35545K(117760K)] [ParOldGen: 349320K->349283K(349696K)] 409224K->384828K(467456K), [Metaspace: 2810K->2810K(1056768K)], 0.0436915 secs] [Times: user=0.34 sys=0.00, real=0.05 secs] 
2021-01-21T22:10:17.151+0800: 11.240: [Full GC (Ergonomics) [PSYoungGen: 59904K->35805K(117760K)] [ParOldGen: 349283K->349094K(349696K)] 409187K->384899K(467456K), [Metaspace: 2810K->2810K(1056768K)], 0.0396438 secs] [Times: user=0.30 sys=0.00, real=0.04 secs] 
2021-01-21T22:10:17.194+0800: 11.282: [Full GC (Ergonomics) [PSYoungGen: 59886K->36355K(117760K)] [ParOldGen: 349094K->349149K(349696K)] 408980K->385505K(467456K), [Metaspace: 2810K->2810K(1056768K)], 0.0407416 secs] [Times: user=0.31 sys=0.00, real=0.04 secs] 
2021-01-21T22:10:17.238+0800: 11.326: [Full GC (Ergonomics) [PSYoungGen: 59904K->37607K(117760K)] [ParOldGen: 349149K->349116K(349696K)] 409053K->386724K(467456K), [Metaspace: 2810K->2810K(1056768K)], 0.0421023 secs] [Times: user=0.32 sys=0.01, real=0.05 secs] 
2021-01-21T22:10:17.284+0800: 11.372: [Full GC (Ergonomics) [PSYoungGen: 59904K->37228K(117760K)] [ParOldGen: 349116K->349347K(349696K)] 409020K->386575K(467456K), [Metaspace: 2810K->2810K(1056768K)], 0.0446351 secs] [Times: user=0.34 sys=0.00, real=0.05 secs] 
2021-01-21T22:10:17.332+0800: 11.420: [Full GC (Ergonomics) [PSYoungGen: 59889K->38660K(117760K)] [ParOldGen: 349347K->349682K(349696K)] 409236K->388342K(467456K), [Metaspace: 2810K->2810K(1056768K)], 0.0590852 secs] [Times: user=0.45 sys=0.01, real=0.06 secs] 
2021-01-21T22:10:17.394+0800: 11.482: [Full GC (Ergonomics) [PSYoungGen: 59904K->41924K(117760K)] [ParOldGen: 349682K->349097K(349696K)] 409586K->391022K(467456K), [Metaspace: 2810K->2810K(1056768K)], 0.0421026 secs] [Times: user=0.32 sys=0.00, real=0.04 secs] 
2021-01-21T22:10:17.439+0800: 11.527: [Full GC (Ergonomics) [PSYoungGen: 59754K->39330K(117760K)] [ParOldGen: 349097K->349609K(349696K)] 408852K->388940K(467456K), [Metaspace: 2810K->2810K(1056768K)], 0.0418334 secs] [Times: user=0.32 sys=0.00, real=0.04 secs] 
2021-01-21T22:10:17.484+0800: 11.572: [Full GC (Ergonomics) [PSYoungGen: 59740K->40747K(117760K)] [ParOldGen: 349609K->349070K(349696K)] 409350K->389818K(467456K), [Metaspace: 2810K->2810K(1056768K)], 0.0461877 secs] [Times: user=0.35 sys=0.00, real=0.05 secs] 
2021-01-21T22:10:17.532+0800: 11.620: [Full GC (Ergonomics) [PSYoungGen: 59547K->42298K(117760K)] [ParOldGen: 349070K->349013K(349696K)] 408618K->391312K(467456K), [Metaspace: 2810K->2810K(1056768K)], 0.0451078 secs] [Times: user=0.34 sys=0.00, real=0.04 secs] 
2021-01-21T22:10:17.580+0800: 11.669: [Full GC (Ergonomics) [PSYoungGen: 59676K->42529K(117760K)] [ParOldGen: 349013K->349654K(349696K)] 408690K->392184K(467456K), [Metaspace: 2810K->2810K(1056768K)], 0.0466771 secs] [Times: user=0.34 sys=0.01, real=0.04 secs] 
2021-01-21T22:10:17.630+0800: 11.719: [Full GC (Ergonomics) [PSYoungGen: 59870K->40653K(117760K)] [ParOldGen: 349654K->349039K(349696K)] 409524K->389692K(467456K), [Metaspace: 2810K->2810K(1056768K)], 0.0428446 secs] [Times: user=0.33 sys=0.00, real=0.04 secs] 
2021-01-21T22:10:17.677+0800: 11.765: [Full GC (Ergonomics) [PSYoungGen: 59825K->42637K(117760K)] [ParOldGen: 349039K->349505K(349696K)] 408865K->392143K(467456K), [Metaspace: 2810K->2810K(1056768K)], 0.0534601 secs] [Times: user=0.41 sys=0.00, real=0.06 secs] 
2021-01-21T22:10:17.733+0800: 11.821: [Full GC (Ergonomics) [PSYoungGen: 59846K->42659K(117760K)] [ParOldGen: 349505K->349364K(349696K)] 409352K->392023K(467456K), [Metaspace: 2810K->2810K(1056768K)], 0.0626398 secs] [Times: user=0.48 sys=0.00, real=0.06 secs] 
2021-01-21T22:10:17.798+0800: 11.886: [Full GC (Ergonomics) [PSYoungGen: 59876K->43102K(117760K)] [ParOldGen: 349364K->348701K(349696K)] 409240K->391804K(467456K), [Metaspace: 2810K->2810K(1056768K)], 0.0625900 secs] [Times: user=0.46 sys=0.02, real=0.07 secs] 
2021-01-21T22:10:17.864+0800: 11.952: [Full GC (Ergonomics) [PSYoungGen: 59774K->40822K(117760K)] [ParOldGen: 348701K->349330K(349696K)] 408476K->390153K(467456K), [Metaspace: 2810K->2810K(1056768K)], 0.0514922 secs] [Times: user=0.39 sys=0.01, real=0.05 secs] 
2021-01-21T22:10:17.918+0800: 12.006: [Full GC (Ergonomics) [PSYoungGen: 59637K->41020K(117760K)] [ParOldGen: 349330K->349086K(349696K)] 408967K->390107K(467456K), [Metaspace: 2810K->2810K(1056768K)], 0.0457380 secs] [Times: user=0.35 sys=0.00, real=0.05 secs] 
2021-01-21T22:10:17.967+0800: 12.055: [Full GC (Ergonomics) [PSYoungGen: 59417K->38610K(117760K)] [ParOldGen: 349086K->349348K(349696K)] 408503K->387959K(467456K), [Metaspace: 2810K->2810K(1056768K)], 0.0454189 secs] [Times: user=0.35 sys=0.00, real=0.05 secs] 
2021-01-21T22:10:18.015+0800: 12.104: [Full GC (Ergonomics) [PSYoungGen: 59540K->37627K(117760K)] [ParOldGen: 349348K->349096K(349696K)] 408888K->386724K(467456K), [Metaspace: 2810K->2810K(1056768K)], 0.0458016 secs] [Times: user=0.35 sys=0.00, real=0.05 secs] 
2021-01-21T22:10:18.065+0800: 12.153: [Full GC (Ergonomics) [PSYoungGen: 59760K->36416K(117760K)] [ParOldGen: 349096K->349553K(349696K)] 408856K->385970K(467456K), [Metaspace: 2810K->2810K(1056768K)], 0.0452384 secs] [Times: user=0.32 sys=0.02, real=0.05 secs] 
2021-01-21T22:10:18.113+0800: 12.202: [Full GC (Ergonomics) [PSYoungGen: 59904K->38352K(117760K)] [ParOldGen: 349553K->349271K(349696K)] 409457K->387624K(467456K), [Metaspace: 2810K->2810K(1056768K)], 0.0425360 secs] [Times: user=0.32 sys=0.00, real=0.04 secs] 
2021-01-21T22:10:18.160+0800: 12.249: [Full GC (Ergonomics) [PSYoungGen: 59904K->41179K(117760K)] [ParOldGen: 349271K->349397K(349696K)] 409175K->390576K(467456K), [Metaspace: 2810K->2810K(1056768K)], 0.0437172 secs] [Times: user=0.33 sys=0.00, real=0.04 secs] 
2021-01-21T22:10:18.208+0800: 12.296: [Full GC (Ergonomics) [PSYoungGen: 59891K->40472K(117760K)] [ParOldGen: 349397K->348869K(349696K)] 409288K->389341K(467456K), [Metaspace: 2810K->2810K(1056768K)], 0.0440321 secs] [Times: user=0.33 sys=0.00, real=0.04 secs] 
2021-01-21T22:10:18.256+0800: 12.344: [Full GC (Ergonomics) [PSYoungGen: 59798K->41398K(117760K)] [ParOldGen: 348869K->349048K(349696K)] 408667K->390446K(467456K), [Metaspace: 2810K->2810K(1056768K)], 0.0480355 secs] [Times: user=0.37 sys=0.00, real=0.05 secs] 
2021-01-21T22:10:18.306+0800: 12.394: [Full GC (Ergonomics) [PSYoungGen: 59780K->42680K(117760K)] [ParOldGen: 349048K->349284K(349696K)] 408828K->391965K(467456K), [Metaspace: 2810K->2810K(1056768K)], 0.0449590 secs] [Times: user=0.33 sys=0.01, real=0.05 secs] 
2021-01-21T22:10:18.354+0800: 12.442: [Full GC (Ergonomics) [PSYoungGen: 59847K->42746K(117760K)] [ParOldGen: 349284K->349363K(349696K)] 409132K->392109K(467456K), [Metaspace: 2810K->2810K(1056768K)], 0.0472549 secs] [Times: user=0.36 sys=0.00, real=0.05 secs] 
2021-01-21T22:10:18.403+0800: 12.492: [Full GC (Ergonomics) [PSYoungGen: 59715K->42203K(117760K)] [ParOldGen: 349363K->349495K(349696K)] 409079K->391699K(467456K), [Metaspace: 2810K->2810K(1056768K)], 0.0429990 secs] [Times: user=0.33 sys=0.00, real=0.04 secs] 
2021-01-21T22:10:18.448+0800: 12.537: [Full GC (Ergonomics) [PSYoungGen: 59884K->39706K(117760K)] [ParOldGen: 349495K->349647K(349696K)] 409379K->389354K(467456K), [Metaspace: 2810K->2810K(1056768K)], 0.0453021 secs] [Times: user=0.34 sys=0.01, real=0.04 secs] 
2021-01-21T22:10:18.497+0800: 12.585: [Full GC (Ergonomics) [PSYoungGen: 59904K->39654K(117760K)] [ParOldGen: 349647K->349127K(349696K)] 409551K->388782K(467456K), [Metaspace: 2810K->2810K(1056768K)], 0.0475117 secs] [Times: user=0.36 sys=0.00, real=0.05 secs] 
2021-01-21T22:10:18.547+0800: 12.635: [Full GC (Ergonomics) [PSYoungGen: 59779K->39745K(117760K)] [ParOldGen: 349127K->349361K(349696K)] 408906K->389106K(467456K), [Metaspace: 2810K->2810K(1056768K)], 0.0443987 secs] [Times: user=0.33 sys=0.01, real=0.05 secs] 
2021-01-21T22:10:18.595+0800: 12.683: [Full GC (Ergonomics) [PSYoungGen: 59296K->38253K(117760K)] [ParOldGen: 349361K->349402K(349696K)] 408657K->387655K(467456K), [Metaspace: 2810K->2810K(1056768K)], 0.0475976 secs] [Times: user=0.35 sys=0.01, real=0.05 secs] 
2021-01-21T22:10:18.646+0800: 12.734: [Full GC (Ergonomics) [PSYoungGen: 59883K->40065K(117760K)] [ParOldGen: 349402K->349190K(349696K)] 409285K->389255K(467456K), [Metaspace: 2810K->2810K(1056768K)], 0.0429065 secs] [Times: user=0.32 sys=0.01, real=0.05 secs] 
2021-01-21T22:10:18.693+0800: 12.781: [Full GC (Ergonomics) [PSYoungGen: 59863K->38565K(117760K)] [ParOldGen: 349190K->348693K(349696K)] 409053K->387258K(467456K), [Metaspace: 2810K->2810K(1056768K)], 0.0437531 secs] [Times: user=0.33 sys=0.01, real=0.04 secs] 
2021-01-21T22:10:18.740+0800: 12.828: [Full GC (Ergonomics) [PSYoungGen: 59780K->36319K(117760K)] [ParOldGen: 348693K->349644K(349696K)] 408473K->385963K(467456K), [Metaspace: 2810K->2810K(1056768K)], 0.0420277 secs] [Times: user=0.32 sys=0.00, real=0.04 secs] 
2021-01-21T22:10:18.786+0800: 12.874: [Full GC (Ergonomics) [PSYoungGen: 59360K->35915K(117760K)] [ParOldGen: 349644K->349299K(349696K)] 409004K->385214K(467456K), [Metaspace: 2810K->2810K(1056768K)], 0.0448951 secs] [Times: user=0.34 sys=0.01, real=0.05 secs] 
2021-01-21T22:10:18.834+0800: 12.922: [Full GC (Ergonomics) [PSYoungGen: 59889K->33001K(117760K)] [ParOldGen: 349299K->349456K(349696K)] 409188K->382458K(467456K), [Metaspace: 2810K->2810K(1056768K)], 0.0482896 secs] [Times: user=0.35 sys=0.00, real=0.05 secs] 
2021-01-21T22:10:18.886+0800: 12.974: [Full GC (Ergonomics) [PSYoungGen: 59865K->33449K(117760K)] [ParOldGen: 349456K->349040K(349696K)] 409322K->382489K(467456K), [Metaspace: 2810K->2810K(1056768K)], 0.0582564 secs] [Times: user=0.45 sys=0.00, real=0.06 secs] 
2021-01-21T22:10:18.948+0800: 13.036: [Full GC (Ergonomics) [PSYoungGen: 59898K->32256K(117760K)] [ParOldGen: 349040K->349226K(349696K)] 408938K->381482K(467456K), [Metaspace: 2810K->2810K(1056768K)], 0.0543251 secs] [Times: user=0.40 sys=0.02, real=0.06 secs] 
2021-01-21T22:10:19.006+0800: 13.094: [Full GC (Ergonomics) [PSYoungGen: 59904K->31340K(117760K)] [ParOldGen: 349226K->349291K(349696K)] 409130K->380632K(467456K), [Metaspace: 2810K->2810K(1056768K)], 0.0462747 secs] [Times: user=0.36 sys=0.00, real=0.05 secs] 
2021-01-21T22:10:19.056+0800: 13.144: [Full GC (Ergonomics) [PSYoungGen: 59784K->28559K(117760K)] [ParOldGen: 349291K->349014K(349696K)] 409076K->377573K(467456K), [Metaspace: 2810K->2810K(1056768K)], 0.0430505 secs] [Times: user=0.32 sys=0.01, real=0.05 secs] 
2021-01-21T22:10:19.103+0800: 13.192: [Full GC (Ergonomics) [PSYoungGen: 59782K->29288K(117760K)] [ParOldGen: 349014K->349483K(349696K)] 408797K->378771K(467456K), [Metaspace: 2810K->2810K(1056768K)], 0.0432540 secs] [Times: user=0.33 sys=0.00, real=0.04 secs] 
2021-01-21T22:10:19.150+0800: 13.239: [Full GC (Ergonomics) [PSYoungGen: 59853K->27996K(117760K)] [ParOldGen: 349483K->349637K(349696K)] 409336K->377633K(467456K), [Metaspace: 2810K->2810K(1056768K)], 0.0427659 secs] [Times: user=0.33 sys=0.00, real=0.04 secs] 
2021-01-21T22:10:19.197+0800: 13.286: [Full GC (Ergonomics) [PSYoungGen: 59904K->27487K(117760K)] [ParOldGen: 349637K->349256K(349696K)] 409541K->376744K(467456K), [Metaspace: 2810K->2810K(1056768K)], 0.0370154 secs] [Times: user=0.28 sys=0.00, real=0.04 secs] 
2021-01-21T22:10:19.239+0800: 13.327: [Full GC (Ergonomics) [PSYoungGen: 59904K->25823K(117760K)] [ParOldGen: 349256K->349330K(349696K)] 409160K->375154K(467456K), [Metaspace: 2810K->2810K(1056768K)], 0.0356673 secs] [Times: user=0.27 sys=0.00, real=0.03 secs] 
2021-01-21T22:10:19.279+0800: 13.367: [Full GC (Ergonomics) [PSYoungGen: 59867K->25646K(117760K)] [ParOldGen: 349330K->349545K(349696K)] 409198K->375191K(467456K), [Metaspace: 2810K->2810K(1056768K)], 0.0363625 secs] [Times: user=0.27 sys=0.00, real=0.03 secs] 
2021-01-21T22:10:19.319+0800: 13.408: [Full GC (Ergonomics) [PSYoungGen: 59904K->25611K(117760K)] [ParOldGen: 349545K->349604K(349696K)] 409449K->375215K(467456K), [Metaspace: 2810K->2810K(1056768K)], 0.0352256 secs] [Times: user=0.26 sys=0.00, real=0.03 secs] 
2021-01-21T22:10:19.358+0800: 13.446: [Full GC (Ergonomics) [PSYoungGen: 59839K->29420K(117760K)] [ParOldGen: 349604K->348762K(349696K)] 409444K->378183K(467456K), [Metaspace: 2810K->2810K(1056768K)], 0.0410231 secs] [Times: user=0.32 sys=0.00, real=0.05 secs] 
2021-01-21T22:10:19.403+0800: 13.492: [Full GC (Ergonomics) [PSYoungGen: 59779K->28809K(117760K)] [ParOldGen: 348762K->349618K(349696K)] 408541K->378427K(467456K), [Metaspace: 2810K->2810K(1056768K)], 0.0386168 secs] [Times: user=0.30 sys=0.00, real=0.04 secs] 
2021-01-21T22:10:19.446+0800: 13.534: [Full GC (Ergonomics) [PSYoungGen: 59561K->30445K(117760K)] [ParOldGen: 349618K->349410K(349696K)] 409180K->379856K(467456K), [Metaspace: 2810K->2810K(1056768K)], 0.0383856 secs] [Times: user=0.29 sys=0.00, real=0.04 secs] 
2021-01-21T22:10:19.488+0800: 13.577: [Full GC (Ergonomics) [PSYoungGen: 59828K->30853K(117760K)] [ParOldGen: 349410K->349206K(349696K)] 409239K->380060K(467456K), [Metaspace: 2810K->2810K(1056768K)], 0.0368640 secs] [Times: user=0.28 sys=0.00, real=0.03 secs] 
2021-01-21T22:10:19.529+0800: 13.617: [Full GC (Ergonomics) [PSYoungGen: 59818K->27399K(117760K)] [ParOldGen: 349206K->349430K(349696K)] 409025K->376830K(467456K), [Metaspace: 2810K->2810K(1056768K)], 0.0376323 secs] [Times: user=0.29 sys=0.00, real=0.03 secs] 
2021-01-21T22:10:19.571+0800: 13.660: [Full GC (Ergonomics) [PSYoungGen: 59904K->20131K(117760K)] [ParOldGen: 349430K->349671K(349696K)] 409334K->369803K(467456K), [Metaspace: 2810K->2810K(1056768K)], 0.0352215 secs] [Times: user=0.27 sys=0.00, real=0.03 secs] 
2021-01-21T22:10:19.612+0800: 13.700: [Full GC (Ergonomics) [PSYoungGen: 59219K->20946K(117760K)] [ParOldGen: 349671K->349442K(349696K)] 408891K->370388K(467456K), [Metaspace: 2810K->2810K(1056768K)], 0.0367040 secs] [Times: user=0.28 sys=0.00, real=0.04 secs] 
2021-01-21T22:10:19.653+0800: 13.742: [Full GC (Ergonomics) [PSYoungGen: 59868K->20329K(117760K)] [ParOldGen: 349442K->349058K(349696K)] 409311K->369388K(467456K), [Metaspace: 2810K->2810K(1056768K)], 0.0366599 secs] [Times: user=0.27 sys=0.00, real=0.04 secs] 
2021-01-21T22:10:19.695+0800: 13.784: [Full GC (Ergonomics) [PSYoungGen: 59904K->21331K(117760K)] [ParOldGen: 349058K->349514K(349696K)] 408962K->370846K(467456K), [Metaspace: 2810K->2810K(1056768K)], 0.0404875 secs] [Times: user=0.31 sys=0.00, real=0.04 secs] 
2021-01-21T22:10:19.742+0800: 13.830: [Full GC (Ergonomics) [PSYoungGen: 59904K->20469K(117760K)] [ParOldGen: 349514K->349339K(349696K)] 409418K->369809K(467456K), [Metaspace: 2810K->2810K(1056768K)], 0.0417026 secs] [Times: user=0.32 sys=0.00, real=0.04 secs] 
2021-01-21T22:10:19.790+0800: 13.879: [Full GC (Ergonomics) [PSYoungGen: 59735K->18942K(117760K)] [ParOldGen: 349339K->349217K(349696K)] 409074K->368159K(467456K), [Metaspace: 2810K->2810K(1056768K)], 0.0428039 secs] [Times: user=0.32 sys=0.00, real=0.04 secs] 
2021-01-21T22:10:19.838+0800: 13.927: [Full GC (Ergonomics) [PSYoungGen: 59394K->14892K(117760K)] [ParOldGen: 349217K->349555K(349696K)] 408612K->364447K(467456K), [Metaspace: 2810K->2810K(1056768K)], 0.0440965 secs] [Times: user=0.32 sys=0.00, real=0.04 secs] 
2021-01-21T22:10:19.889+0800: 13.977: [Full GC (Ergonomics) [PSYoungGen: 59904K->14013K(117760K)] [ParOldGen: 349555K->349425K(349696K)] 409459K->363438K(467456K), [Metaspace: 2810K->2810K(1056768K)], 0.0446083 secs] [Times: user=0.33 sys=0.00, real=0.04 secs] 
2021-01-21T22:10:19.941+0800: 14.029: [Full GC (Ergonomics) [PSYoungGen: 59885K->15233K(117760K)] [ParOldGen: 349425K->349589K(349696K)] 409310K->364822K(467456K), [Metaspace: 2810K->2810K(1056768K)], 0.0394823 secs] [Times: user=0.30 sys=0.00, real=0.04 secs] 
2021-01-21T22:10:19.987+0800: 14.075: [Full GC (Ergonomics) [PSYoungGen: 59532K->15806K(117760K)] [ParOldGen: 349589K->349062K(349696K)] 409121K->364868K(467456K), [Metaspace: 2810K->2810K(1056768K)], 0.0420651 secs] [Times: user=0.32 sys=0.00, real=0.05 secs] 
2021-01-21T22:10:20.035+0800: 14.123: [Full GC (Ergonomics) [PSYoungGen: 59904K->19053K(117760K)] [ParOldGen: 349062K->349592K(349696K)] 408966K->368645K(467456K), [Metaspace: 2810K->2810K(1056768K)], 0.0455035 secs] [Times: user=0.35 sys=0.00, real=0.05 secs] 
2021-01-21T22:10:20.087+0800: 14.175: [Full GC (Ergonomics) [PSYoungGen: 59714K->18957K(117760K)] [ParOldGen: 349592K->349311K(349696K)] 409306K->368269K(467456K), [Metaspace: 2810K->2810K(1056768K)], 0.0590644 secs] [Times: user=0.46 sys=0.00, real=0.06 secs] 
2021-01-21T22:10:20.151+0800: 14.239: [Full GC (Ergonomics) [PSYoungGen: 59904K->19720K(117760K)] [ParOldGen: 349311K->349353K(349696K)] 409215K->369073K(467456K), [Metaspace: 2810K->2810K(1056768K)], 0.0436739 secs] [Times: user=0.32 sys=0.00, real=0.04 secs] 
2021-01-21T22:10:20.200+0800: 14.289: [Full GC (Ergonomics) [PSYoungGen: 59702K->20791K(117760K)] [ParOldGen: 349353K->349219K(349696K)] 409055K->370010K(467456K), [Metaspace: 2810K->2810K(1056768K)], 0.0497144 secs] [Times: user=0.37 sys=0.00, real=0.05 secs] 
2021-01-21T22:10:20.256+0800: 14.344: [Full GC (Ergonomics) [PSYoungGen: 59598K->23413K(117760K)] [ParOldGen: 349219K->349513K(349696K)] 408817K->372926K(467456K), [Metaspace: 2810K->2810K(1056768K)], 0.0407948 secs] [Times: user=0.29 sys=0.02, real=0.04 secs] 
2021-01-21T22:10:20.301+0800: 14.389: [Full GC (Ergonomics) [PSYoungGen: 59904K->27438K(117760K)] [ParOldGen: 349513K->349288K(349696K)] 409417K->376727K(467456K), [Metaspace: 2810K->2810K(1056768K)], 0.0474830 secs] [Times: user=0.36 sys=0.00, real=0.05 secs] 
2021-01-21T22:10:20.352+0800: 14.440: [Full GC (Ergonomics) [PSYoungGen: 59852K->28052K(117760K)] [ParOldGen: 349288K->349454K(349696K)] 409141K->377507K(467456K), [Metaspace: 2810K->2810K(1056768K)], 0.0523875 secs] [Times: user=0.39 sys=0.01, real=0.05 secs] 
2021-01-21T22:10:20.410+0800: 14.498: [Full GC (Ergonomics) [PSYoungGen: 59904K->27075K(117760K)] [ParOldGen: 349454K->349500K(349696K)] 409358K->376575K(467456K), [Metaspace: 2810K->2810K(1056768K)], 0.0416386 secs] [Times: user=0.32 sys=0.00, real=0.04 secs] 
2021-01-21T22:10:20.457+0800: 14.546: [Full GC (Ergonomics) [PSYoungGen: 59813K->23476K(117760K)] [ParOldGen: 349500K->349440K(349696K)] 409313K->372916K(467456K), [Metaspace: 2810K->2810K(1056768K)], 0.0399922 secs] [Times: user=0.31 sys=0.00, real=0.04 secs] 
2021-01-21T22:10:20.503+0800: 14.591: [Full GC (Ergonomics) [PSYoungGen: 59904K->22929K(117760K)] [ParOldGen: 349440K->349485K(349696K)] 409344K->372414K(467456K), [Metaspace: 2810K->2810K(1056768K)], 0.0418763 secs] [Times: user=0.32 sys=0.00, real=0.04 secs] 
2021-01-21T22:10:20.549+0800: 14.637: [Full GC (Ergonomics) [PSYoungGen: 59762K->22202K(117760K)] [ParOldGen: 349485K->349341K(349696K)] 409247K->371544K(467456K), [Metaspace: 2810K->2810K(1056768K)], 0.0429678 secs] [Times: user=0.33 sys=0.00, real=0.04 secs] 
2021-01-21T22:10:20.597+0800: 14.685: [Full GC (Ergonomics) [PSYoungGen: 59789K->21372K(117760K)] [ParOldGen: 349341K->349363K(349696K)] 409130K->370735K(467456K), [Metaspace: 2810K->2810K(1056768K)], 0.0410259 secs] [Times: user=0.31 sys=0.00, real=0.05 secs] 
2021-01-21T22:10:20.644+0800: 14.732: [Full GC (Ergonomics) [PSYoungGen: 59716K->19384K(117760K)] [ParOldGen: 349363K->349571K(349696K)] 409080K->368955K(467456K), [Metaspace: 2810K->2810K(1056768K)], 0.0417511 secs] [Times: user=0.32 sys=0.00, real=0.04 secs] 
2021-01-21T22:10:20.692+0800: 14.780: [Full GC (Ergonomics) [PSYoungGen: 59904K->20908K(117760K)] [ParOldGen: 349571K->349152K(349696K)] 409475K->370060K(467456K), [Metaspace: 2810K->2810K(1056768K)], 0.0463289 secs] [Times: user=0.35 sys=0.00, real=0.05 secs] 
2021-01-21T22:10:20.744+0800: 14.832: [Full GC (Ergonomics) [PSYoungGen: 59904K->19728K(117760K)] [ParOldGen: 349152K->349140K(349696K)] 409056K->368868K(467456K), [Metaspace: 2810K->2810K(1056768K)], 0.0422322 secs] [Times: user=0.32 sys=0.00, real=0.04 secs] 
2021-01-21T22:10:20.793+0800: 14.881: [Full GC (Ergonomics) [PSYoungGen: 59904K->22100K(117760K)] [ParOldGen: 349140K->349405K(349696K)] 409044K->371505K(467456K), [Metaspace: 2810K->2810K(1056768K)], 0.0419385 secs] [Times: user=0.33 sys=0.00, real=0.04 secs] 
2021-01-21T22:10:20.840+0800: 14.928: [Full GC (Ergonomics) [PSYoungGen: 59304K->23045K(117760K)] [ParOldGen: 349405K->349478K(349696K)] 408709K->372524K(467456K), [Metaspace: 2810K->2810K(1056768K)], 0.0434600 secs] [Times: user=0.33 sys=0.00, real=0.04 secs] 
2021-01-21T22:10:20.890+0800: 14.978: [Full GC (Ergonomics) [PSYoungGen: 59818K->22800K(117760K)] [ParOldGen: 349478K->349680K(349696K)] 409297K->372481K(467456K), [Metaspace: 2810K->2810K(1056768K)], 0.0416572 secs] [Times: user=0.31 sys=0.00, real=0.04 secs] 
2021-01-21T22:10:20.937+0800: 15.025: [Full GC (Ergonomics) [PSYoungGen: 59679K->22317K(117760K)] [ParOldGen: 349680K->349124K(349696K)] 409360K->371441K(467456K), [Metaspace: 2810K->2810K(1056768K)], 0.0419020 secs] [Times: user=0.31 sys=0.00, real=0.05 secs] 
2021-01-21T22:10:20.984+0800: 15.073: [Full GC (Ergonomics) [PSYoungGen: 59904K->19055K(117760K)] [ParOldGen: 349124K->349687K(349696K)] 409028K->368743K(467456K), [Metaspace: 2810K->2810K(1056768K)], 0.0428696 secs] [Times: user=0.32 sys=0.00, real=0.04 secs] 
2021-01-21T22:10:21.033+0800: 15.121: [Full GC (Ergonomics) [PSYoungGen: 59904K->14813K(117760K)] [ParOldGen: 349687K->349534K(349696K)] 409591K->364348K(467456K), [Metaspace: 2810K->2810K(1056768K)], 0.0423283 secs] [Times: user=0.33 sys=0.00, real=0.04 secs] 
2021-01-21T22:10:21.081+0800: 15.170: [Full GC (Ergonomics) [PSYoungGen: 59834K->19338K(117760K)] [ParOldGen: 349534K->349595K(349696K)] 409368K->368934K(467456K), [Metaspace: 2810K->2810K(1056768K)], 0.0410063 secs] [Times: user=0.31 sys=0.00, real=0.04 secs] 
2021-01-21T22:10:21.128+0800: 15.216: [Full GC (Ergonomics) [PSYoungGen: 59899K->18201K(117760K)] [ParOldGen: 349595K->349577K(349696K)] 409495K->367779K(467456K), [Metaspace: 2810K->2810K(1056768K)], 0.0470188 secs] [Times: user=0.36 sys=0.00, real=0.05 secs] 
2021-01-21T22:10:21.180+0800: 15.268: [Full GC (Ergonomics) [PSYoungGen: 59727K->20515K(117760K)] [ParOldGen: 349577K->349546K(349696K)] 409305K->370061K(467456K), [Metaspace: 2810K->2810K(1056768K)], 0.0425408 secs] [Times: user=0.33 sys=0.00, real=0.04 secs] 
2021-01-21T22:10:21.227+0800: 15.316: [Full GC (Ergonomics) [PSYoungGen: 59214K->23108K(117760K)] [ParOldGen: 349546K->349331K(349696K)] 408761K->372440K(467456K), [Metaspace: 2810K->2810K(1056768K)], 0.0469809 secs] [Times: user=0.36 sys=0.01, real=0.05 secs] 
2021-01-21T22:10:21.279+0800: 15.367: [Full GC (Ergonomics) [PSYoungGen: 59695K->25935K(117760K)] [ParOldGen: 349331K->349388K(349696K)] 409027K->375324K(467456K), [Metaspace: 2810K->2810K(1056768K)], 0.0473452 secs] [Times: user=0.36 sys=0.00, real=0.04 secs] 
2021-01-21T22:10:21.331+0800: 15.419: [Full GC (Ergonomics) [PSYoungGen: 59884K->26088K(117760K)] [ParOldGen: 349388K->349160K(349696K)] 409272K->375248K(467456K), [Metaspace: 2810K->2810K(1056768K)], 0.0392348 secs] [Times: user=0.29 sys=0.00, real=0.04 secs] 
2021-01-21T22:10:21.374+0800: 15.462: [Full GC (Ergonomics) [PSYoungGen: 59904K->30887K(117760K)] [ParOldGen: 349160K->349523K(349696K)] 409064K->380411K(467456K), [Metaspace: 2810K->2810K(1056768K)], 0.0501416 secs] [Times: user=0.39 sys=0.00, real=0.05 secs] 
2021-01-21T22:10:21.428+0800: 15.517: [Full GC (Ergonomics) [PSYoungGen: 59904K->30626K(117760K)] [ParOldGen: 349523K->349568K(349696K)] 409427K->380194K(467456K), [Metaspace: 2810K->2810K(1056768K)], 0.0380177 secs] [Times: user=0.29 sys=0.00, real=0.03 secs] 
2021-01-21T22:10:21.471+0800: 15.559: [Full GC (Ergonomics) [PSYoungGen: 59626K->30725K(117760K)] [ParOldGen: 349568K->349286K(349696K)] 409195K->380011K(467456K), [Metaspace: 2810K->2810K(1056768K)], 0.0384381 secs] [Times: user=0.30 sys=0.00, real=0.04 secs] 
2021-01-21T22:10:21.513+0800: 15.601: [Full GC (Ergonomics) [PSYoungGen: 59904K->30720K(117760K)] [ParOldGen: 349286K->349654K(349696K)] 409190K->380374K(467456K), [Metaspace: 2810K->2810K(1056768K)], 0.0363760 secs] [Times: user=0.28 sys=0.00, real=0.04 secs] 
2021-01-21T22:10:21.553+0800: 15.641: [Full GC (Ergonomics) [PSYoungGen: 59873K->31467K(117760K)] [ParOldGen: 349654K->349675K(349696K)] 409527K->381142K(467456K), [Metaspace: 2810K->2810K(1056768K)], 0.0364021 secs] [Times: user=0.28 sys=0.00, real=0.04 secs] 
2021-01-21T22:10:21.593+0800: 15.681: [Full GC (Ergonomics) [PSYoungGen: 59542K->27732K(117760K)] [ParOldGen: 349675K->349240K(349696K)] 409217K->376973K(467456K), [Metaspace: 2810K->2810K(1056768K)], 0.0387994 secs] [Times: user=0.30 sys=0.00, real=0.04 secs] 
2021-01-21T22:10:21.636+0800: 15.724: [Full GC (Ergonomics) [PSYoungGen: 59711K->28446K(117760K)] [ParOldGen: 349240K->349349K(349696K)] 408952K->377795K(467456K), [Metaspace: 2810K->2810K(1056768K)], 0.0354572 secs] [Times: user=0.25 sys=0.01, real=0.04 secs] 
2021-01-21T22:10:21.675+0800: 15.763: [Full GC (Ergonomics) [PSYoungGen: 59704K->31146K(117760K)] [ParOldGen: 349349K->348948K(349696K)] 409054K->380094K(467456K), [Metaspace: 2810K->2810K(1056768K)], 0.0360328 secs] [Times: user=0.27 sys=0.00, real=0.04 secs] 
2021-01-21T22:10:21.716+0800: 15.804: [Full GC (Ergonomics) [PSYoungGen: 59740K->27629K(117760K)] [ParOldGen: 348948K->349632K(349696K)] 408689K->377261K(467456K), [Metaspace: 2810K->2810K(1056768K)], 0.0379366 secs] [Times: user=0.29 sys=0.00, real=0.04 secs] 
2021-01-21T22:10:21.758+0800: 15.846: [Full GC (Ergonomics) [PSYoungGen: 59625K->30750K(117760K)] [ParOldGen: 349632K->349364K(349696K)] 409257K->380114K(467456K), [Metaspace: 2810K->2810K(1056768K)], 0.0399701 secs] [Times: user=0.29 sys=0.01, real=0.04 secs] 
2021-01-21T22:10:21.801+0800: 15.890: [Full GC (Ergonomics) [PSYoungGen: 59856K->33134K(117760K)] [ParOldGen: 349364K->349617K(349696K)] 409220K->382752K(467456K), [Metaspace: 2810K->2810K(1056768K)], 0.0415132 secs] [Times: user=0.31 sys=0.00, real=0.04 secs] 
2021-01-21T22:10:21.846+0800: 15.935: [Full GC (Ergonomics) [PSYoungGen: 59850K->34129K(117760K)] [ParOldGen: 349617K->349585K(349696K)] 409467K->383715K(467456K), [Metaspace: 2810K->2810K(1056768K)], 0.0448262 secs] [Times: user=0.33 sys=0.01, real=0.05 secs] 
2021-01-21T22:10:21.895+0800: 15.983: [Full GC (Ergonomics) [PSYoungGen: 59904K->31377K(117760K)] [ParOldGen: 349585K->349574K(349696K)] 409489K->380952K(467456K), [Metaspace: 2810K->2810K(1056768K)], 0.0503928 secs] [Times: user=0.37 sys=0.00, real=0.05 secs] 
2021-01-21T22:10:21.949+0800: 16.037: [Full GC (Ergonomics) [PSYoungGen: 59820K->28115K(117760K)] [ParOldGen: 349574K->349483K(349696K)] 409395K->377599K(467456K), [Metaspace: 2810K->2810K(1056768K)], 0.0433882 secs] [Times: user=0.33 sys=0.00, real=0.04 secs] 
2021-01-21T22:10:21.997+0800: 16.085: [Full GC (Ergonomics) [PSYoungGen: 59868K->24394K(117760K)] [ParOldGen: 349483K->349581K(349696K)] 409352K->373976K(467456K), [Metaspace: 2810K->2810K(1056768K)], 0.0357333 secs] [Times: user=0.27 sys=0.00, real=0.04 secs] 
2021-01-21T22:10:22.037+0800: 16.125: [Full GC (Ergonomics) [PSYoungGen: 59898K->28336K(117760K)] [ParOldGen: 349581K->348987K(349696K)] 409480K->377323K(467456K), [Metaspace: 2810K->2810K(1056768K)], 0.0367871 secs] [Times: user=0.28 sys=0.00, real=0.04 secs] 
2021-01-21T22:10:22.077+0800: 16.165: [Full GC (Ergonomics) [PSYoungGen: 59271K->27931K(117760K)] [ParOldGen: 348987K->349104K(349696K)] 408258K->377035K(467456K), [Metaspace: 2810K->2810K(1056768K)], 0.0381372 secs] [Times: user=0.28 sys=0.01, real=0.04 secs] 
2021-01-21T22:10:22.119+0800: 16.208: [Full GC (Ergonomics) [PSYoungGen: 59804K->26852K(117760K)] [ParOldGen: 349104K->349352K(349696K)] 408908K->376205K(467456K), [Metaspace: 2810K->2810K(1056768K)], 0.0364231 secs] [Times: user=0.28 sys=0.00, real=0.03 secs] 
2021-01-21T22:10:22.160+0800: 16.248: [Full GC (Ergonomics) [PSYoungGen: 59724K->26658K(117760K)] [ParOldGen: 349352K->349248K(349696K)] 409076K->375907K(467456K), [Metaspace: 2810K->2810K(1056768K)], 0.0367879 secs] [Times: user=0.28 sys=0.01, real=0.03 secs] 
2021-01-21T22:10:22.202+0800: 16.290: [Full GC (Ergonomics) [PSYoungGen: 59593K->28770K(117760K)] [ParOldGen: 349248K->349106K(349696K)] 408841K->377876K(467456K), [Metaspace: 2810K->2810K(1056768K)], 0.0410230 secs] [Times: user=0.31 sys=0.00, real=0.04 secs] 
2021-01-21T22:10:22.247+0800: 16.335: [Full GC (Ergonomics) [PSYoungGen: 59882K->31466K(117760K)] [ParOldGen: 349106K->348906K(349696K)] 408988K->380372K(467456K), [Metaspace: 2810K->2810K(1056768K)], 0.0373356 secs] [Times: user=0.28 sys=0.00, real=0.04 secs] 
2021-01-21T22:10:22.288+0800: 16.377: [Full GC (Ergonomics) [PSYoungGen: 59904K->31244K(117760K)] [ParOldGen: 348906K->349027K(349696K)] 408810K->380272K(467456K), [Metaspace: 2810K->2810K(1056768K)], 0.0362433 secs] [Times: user=0.28 sys=0.00, real=0.03 secs] 
2021-01-21T22:10:22.328+0800: 16.417: [Full GC (Ergonomics) [PSYoungGen: 59401K->27527K(117760K)] [ParOldGen: 349027K->349637K(349696K)] 408428K->377165K(467456K), [Metaspace: 2810K->2810K(1056768K)], 0.0406945 secs] [Times: user=0.30 sys=0.01, real=0.04 secs] 
2021-01-21T22:10:22.374+0800: 16.463: [Full GC (Ergonomics) [PSYoungGen: 59815K->31177K(117760K)] [ParOldGen: 349637K->349081K(349696K)] 409452K->380259K(467456K), [Metaspace: 2810K->2810K(1056768K)], 0.0410308 secs] [Times: user=0.31 sys=0.01, real=0.04 secs] 
2021-01-21T22:10:22.419+0800: 16.508: [Full GC (Ergonomics) [PSYoungGen: 59627K->31096K(117760K)] [ParOldGen: 349081K->349183K(349696K)] 408709K->380279K(467456K), [Metaspace: 2810K->2810K(1056768K)], 0.0427221 secs] [Times: user=0.33 sys=0.00, real=0.04 secs] 
2021-01-21T22:10:22.466+0800: 16.554: [Full GC (Ergonomics) [PSYoungGen: 59476K->34136K(117760K)] [ParOldGen: 349183K->348827K(349696K)] 408660K->382964K(467456K), [Metaspace: 2810K->2810K(1056768K)], 0.0652169 secs] [Times: user=0.48 sys=0.01, real=0.07 secs] 
2021-01-21T22:10:22.537+0800: 16.625: [Full GC (Ergonomics) [PSYoungGen: 59904K->37452K(117760K)] [ParOldGen: 348827K->349108K(349696K)] 408731K->386561K(467456K), [Metaspace: 2810K->2810K(1056768K)], 0.0625673 secs] [Times: user=0.47 sys=0.01, real=0.07 secs] 
2021-01-21T22:10:22.604+0800: 16.692: [Full GC (Ergonomics) [PSYoungGen: 59904K->31879K(117760K)] [ParOldGen: 349108K->349320K(349696K)] 409012K->381199K(467456K), [Metaspace: 2810K->2810K(1056768K)], 0.0440919 secs] [Times: user=0.33 sys=0.01, real=0.05 secs] 
2021-01-21T22:10:22.652+0800: 16.741: [Full GC (Ergonomics) [PSYoungGen: 59888K->32218K(117760K)] [ParOldGen: 349320K->349489K(349696K)] 409208K->381707K(467456K), [Metaspace: 2810K->2810K(1056768K)], 0.0503594 secs] [Times: user=0.38 sys=0.00, real=0.05 secs] 
2021-01-21T22:10:22.707+0800: 16.795: [Full GC (Ergonomics) [PSYoungGen: 59792K->32559K(117760K)] [ParOldGen: 349489K->349417K(349696K)] 409281K->381977K(467456K), [Metaspace: 2810K->2810K(1056768K)], 0.0457776 secs] [Times: user=0.34 sys=0.01, real=0.05 secs] 
2021-01-21T22:10:22.756+0800: 16.845: [Full GC (Ergonomics) [PSYoungGen: 59904K->32918K(117760K)] [ParOldGen: 349417K->349584K(349696K)] 409321K->382502K(467456K), [Metaspace: 2810K->2810K(1056768K)], 0.0409432 secs] [Times: user=0.31 sys=0.00, real=0.04 secs] 
2021-01-21T22:10:22.801+0800: 16.889: [Full GC (Ergonomics) [PSYoungGen: 59883K->32515K(117760K)] [ParOldGen: 349584K->349657K(349696K)] 409467K->382173K(467456K), [Metaspace: 2810K->2810K(1056768K)], 0.0449803 secs] [Times: user=0.34 sys=0.00, real=0.04 secs] 
2021-01-21T22:10:22.850+0800: 16.938: [Full GC (Ergonomics) [PSYoungGen: 59744K->33053K(117760K)] [ParOldGen: 349657K->349243K(349696K)] 409402K->382297K(467456K), [Metaspace: 2810K->2810K(1056768K)], 0.0432690 secs] [Times: user=0.33 sys=0.00, real=0.04 secs] 
2021-01-21T22:10:22.896+0800: 16.985: [Full GC (Ergonomics) [PSYoungGen: 59791K->33616K(117760K)] [ParOldGen: 349243K->349532K(349696K)] 409035K->383148K(467456K), [Metaspace: 2810K->2810K(1056768K)], 0.0490766 secs] [Times: user=0.37 sys=0.00, real=0.05 secs] 
2021-01-21T22:10:22.949+0800: 17.038: [Full GC (Ergonomics) [PSYoungGen: 59884K->32260K(117760K)] [ParOldGen: 349532K->349517K(349696K)] 409416K->381778K(467456K), [Metaspace: 2810K->2810K(1056768K)], 0.0417699 secs] [Times: user=0.32 sys=0.00, real=0.04 secs] 
2021-01-21T22:10:22.995+0800: 17.083: [Full GC (Ergonomics) [PSYoungGen: 59904K->32731K(117760K)] [ParOldGen: 349517K->349312K(349696K)] 409421K->382043K(467456K), [Metaspace: 2810K->2810K(1056768K)], 0.0422967 secs] [Times: user=0.33 sys=0.00, real=0.04 secs] 
2021-01-21T22:10:23.041+0800: 17.129: [Full GC (Ergonomics) [PSYoungGen: 59903K->32997K(117760K)] [ParOldGen: 349312K->349459K(349696K)] 409215K->382457K(467456K), [Metaspace: 2810K->2810K(1056768K)], 0.0398923 secs] [Times: user=0.31 sys=0.00, real=0.04 secs] 
2021-01-21T22:10:23.085+0800: 17.173: [Full GC (Ergonomics) [PSYoungGen: 59843K->32962K(117760K)] [ParOldGen: 349459K->349547K(349696K)] 409303K->382509K(467456K), [Metaspace: 2810K->2810K(1056768K)], 0.0384828 secs] [Times: user=0.29 sys=0.00, real=0.04 secs] 
2021-01-21T22:10:23.127+0800: 17.215: [Full GC (Ergonomics) [PSYoungGen: 59659K->34042K(117760K)] [ParOldGen: 349547K->349502K(349696K)] 409206K->383545K(467456K), [Metaspace: 2810K->2810K(1056768K)], 0.0385099 secs] [Times: user=0.29 sys=0.00, real=0.04 secs] 
2021-01-21T22:10:23.168+0800: 17.256: [Full GC (Ergonomics) [PSYoungGen: 59892K->34661K(117760K)] [ParOldGen: 349502K->349571K(349696K)] 409395K->384232K(467456K), [Metaspace: 2810K->2810K(1056768K)], 0.0374749 secs] [Times: user=0.28 sys=0.01, real=0.03 secs] 
2021-01-21T22:10:23.210+0800: 17.298: [Full GC (Ergonomics) [PSYoungGen: 59342K->36437K(117760K)] [ParOldGen: 349571K->349267K(349696K)] 408913K->385705K(467456K), [Metaspace: 2810K->2810K(1056768K)], 0.0382902 secs] [Times: user=0.28 sys=0.01, real=0.04 secs] 
2021-01-21T22:10:23.251+0800: 17.340: [Full GC (Ergonomics) [PSYoungGen: 59746K->36385K(117760K)] [ParOldGen: 349267K->349583K(349696K)] 409014K->385968K(467456K), [Metaspace: 2810K->2810K(1056768K)], 0.0379126 secs] [Times: user=0.29 sys=0.00, real=0.04 secs] 
2021-01-21T22:10:23.292+0800: 17.380: [Full GC (Ergonomics) [PSYoungGen: 59689K->34790K(117760K)] [ParOldGen: 349583K->349434K(349696K)] 409272K->384225K(467456K), [Metaspace: 2810K->2810K(1056768K)], 0.0390735 secs] [Times: user=0.30 sys=0.00, real=0.04 secs] 
2021-01-21T22:10:23.335+0800: 17.423: [Full GC (Ergonomics) [PSYoungGen: 59882K->33939K(117760K)] [ParOldGen: 349434K->349069K(349696K)] 409317K->383008K(467456K), [Metaspace: 2810K->2810K(1056768K)], 0.0426741 secs] [Times: user=0.33 sys=0.00, real=0.04 secs] 
2021-01-21T22:10:23.381+0800: 17.469: [Full GC (Ergonomics) [PSYoungGen: 59577K->35311K(117760K)] [ParOldGen: 349069K->349495K(349696K)] 408647K->384806K(467456K), [Metaspace: 2810K->2810K(1056768K)], 0.0453409 secs] [Times: user=0.34 sys=0.01, real=0.04 secs] 
2021-01-21T22:10:23.430+0800: 17.518: [Full GC (Ergonomics) [PSYoungGen: 59538K->34296K(117760K)] [ParOldGen: 349495K->349175K(349696K)] 409033K->383472K(467456K), [Metaspace: 2810K->2810K(1056768K)], 0.0415171 secs] [Times: user=0.32 sys=0.00, real=0.04 secs] 
2021-01-21T22:10:23.475+0800: 17.563: [Full GC (Ergonomics) [PSYoungGen: 59904K->34915K(117760K)] [ParOldGen: 349175K->349174K(349696K)] 409079K->384090K(467456K), [Metaspace: 2810K->2810K(1056768K)], 0.0426046 secs] [Times: user=0.33 sys=0.00, real=0.04 secs] 
2021-01-21T22:10:23.521+0800: 17.610: [Full GC (Ergonomics) [PSYoungGen: 59484K->35340K(117760K)] [ParOldGen: 349174K->348937K(349696K)] 408658K->384277K(467456K), [Metaspace: 2810K->2810K(1056768K)], 0.0395498 secs] [Times: user=0.30 sys=0.00, real=0.04 secs] 
2021-01-21T22:10:23.565+0800: 17.653: [Full GC (Ergonomics) [PSYoungGen: 59838K->35038K(117760K)] [ParOldGen: 348937K->349501K(349696K)] 408775K->384539K(467456K), [Metaspace: 2810K->2810K(1056768K)], 0.0396566 secs] [Times: user=0.29 sys=0.01, real=0.04 secs] 
2021-01-21T22:10:23.608+0800: 17.696: [Full GC (Ergonomics) [PSYoungGen: 59904K->37022K(117760K)] [ParOldGen: 349501K->349637K(349696K)] 409405K->386660K(467456K), [Metaspace: 2810K->2810K(1056768K)], 0.0517523 secs] [Times: user=0.39 sys=0.01, real=0.06 secs] 
2021-01-21T22:10:23.663+0800: 17.751: [Full GC (Ergonomics) [PSYoungGen: 59576K->36907K(117760K)] [ParOldGen: 349637K->349669K(349696K)] 409214K->386576K(467456K), [Metaspace: 2810K->2810K(1056768K)], 0.0659713 secs] [Times: user=0.50 sys=0.01, real=0.07 secs] 
2021-01-21T22:10:23.732+0800: 17.820: [Full GC (Ergonomics) [PSYoungGen: 59600K->34886K(117760K)] [ParOldGen: 349669K->349475K(349696K)] 409269K->384362K(467456K), [Metaspace: 2810K->2810K(1056768K)], 0.0510247 secs] [Times: user=0.39 sys=0.00, real=0.05 secs] 
2021-01-21T22:10:23.787+0800: 17.875: [Full GC (Ergonomics) [PSYoungGen: 59767K->35799K(117760K)] [ParOldGen: 349475K->349655K(349696K)] 409243K->385454K(467456K), [Metaspace: 2810K->2810K(1056768K)], 0.0503938 secs] [Times: user=0.37 sys=0.01, real=0.05 secs] 
2021-01-21T22:10:23.841+0800: 17.929: [Full GC (Ergonomics) [PSYoungGen: 59528K->38493K(117760K)] [ParOldGen: 349655K->349416K(349696K)] 409183K->387909K(467456K), [Metaspace: 2810K->2810K(1056768K)], 0.0513181 secs] [Times: user=0.39 sys=0.00, real=0.05 secs] 
2021-01-21T22:10:23.895+0800: 17.983: [Full GC (Ergonomics) [PSYoungGen: 59807K->38600K(117760K)] [ParOldGen: 349416K->349539K(349696K)] 409223K->388139K(467456K), [Metaspace: 2810K->2810K(1056768K)], 0.0540230 secs] [Times: user=0.39 sys=0.02, real=0.06 secs] 
2021-01-21T22:10:23.952+0800: 18.041: [Full GC (Ergonomics) [PSYoungGen: 59690K->37539K(117760K)] [ParOldGen: 349539K->349396K(349696K)] 409229K->386936K(467456K), [Metaspace: 2810K->2810K(1056768K)], 0.0406345 secs] [Times: user=0.31 sys=0.00, real=0.04 secs] 
2021-01-21T22:10:23.996+0800: 18.084: [Full GC (Ergonomics) [PSYoungGen: 59627K->37858K(117760K)] [ParOldGen: 349396K->348975K(349696K)] 409024K->386833K(467456K), [Metaspace: 2810K->2810K(1056768K)], 0.0429041 secs] [Times: user=0.30 sys=0.03, real=0.05 secs] 
2021-01-21T22:10:24.042+0800: 18.130: [Full GC (Ergonomics) [PSYoungGen: 59864K->34130K(117760K)] [ParOldGen: 348975K->349221K(349696K)] 408839K->383352K(467456K), [Metaspace: 2810K->2810K(1056768K)], 0.0434307 secs] [Times: user=0.33 sys=0.00, real=0.04 secs] 
2021-01-21T22:10:24.090+0800: 18.178: [Full GC (Ergonomics) [PSYoungGen: 59820K->34346K(117760K)] [ParOldGen: 349221K->349644K(349696K)] 409042K->383990K(467456K), [Metaspace: 2810K->2810K(1056768K)], 0.1004959 secs] [Times: user=0.78 sys=0.00, real=0.10 secs] 
2021-01-21T22:10:24.194+0800: 18.282: [Full GC (Ergonomics) [PSYoungGen: 59479K->33245K(117760K)] [ParOldGen: 349644K->349509K(349696K)] 409123K->382754K(467456K), [Metaspace: 2810K->2810K(1056768K)], 0.0595449 secs] [Times: user=0.46 sys=0.00, real=0.06 secs] 
2021-01-21T22:10:24.257+0800: 18.345: [Full GC (Ergonomics) [PSYoungGen: 59877K->35092K(117760K)] [ParOldGen: 349509K->349625K(349696K)] 409387K->384717K(467456K), [Metaspace: 2810K->2810K(1056768K)], 0.0722655 secs] [Times: user=0.51 sys=0.04, real=0.08 secs] 
2021-01-21T22:10:24.332+0800: 18.421: [Full GC (Ergonomics) [PSYoungGen: 59762K->35897K(117760K)] [ParOldGen: 349625K->349533K(349696K)] 409387K->385431K(467456K), [Metaspace: 2810K->2810K(1056768K)], 0.0821345 secs] [Times: user=0.64 sys=0.00, real=0.08 secs] 
2021-01-21T22:10:24.419+0800: 18.507: [Full GC (Ergonomics) [PSYoungGen: 59622K->32859K(117760K)] [ParOldGen: 349533K->349614K(349696K)] 409156K->382473K(467456K), [Metaspace: 2810K->2810K(1056768K)], 0.0479870 secs] [Times: user=0.36 sys=0.00, real=0.04 secs] 
2021-01-21T22:10:24.471+0800: 18.559: [Full GC (Ergonomics) [PSYoungGen: 59904K->31448K(117760K)] [ParOldGen: 349614K->349214K(349696K)] 409518K->380663K(467456K), [Metaspace: 2810K->2810K(1056768K)], 0.0498376 secs] [Times: user=0.38 sys=0.00, real=0.05 secs] 
2021-01-21T22:10:24.525+0800: 18.613: [Full GC (Ergonomics) [PSYoungGen: 59837K->28297K(117760K)] [ParOldGen: 349214K->349287K(349696K)] 409052K->377585K(467456K), [Metaspace: 2810K->2810K(1056768K)], 0.0505345 secs] [Times: user=0.39 sys=0.00, real=0.05 secs] 
2021-01-21T22:10:24.582+0800: 18.670: [Full GC (Ergonomics) [PSYoungGen: 59775K->26622K(117760K)] [ParOldGen: 349287K->349369K(349696K)] 409062K->375991K(467456K), [Metaspace: 2810K->2810K(1056768K)], 0.0925752 secs] [Times: user=0.70 sys=0.01, real=0.09 secs] 
2021-01-21T22:10:24.682+0800: 18.770: [Full GC (Ergonomics) [PSYoungGen: 59789K->25893K(117760K)] [ParOldGen: 349369K->349487K(349696K)] 409158K->375381K(467456K), [Metaspace: 2810K->2810K(1056768K)], 0.0951970 secs] [Times: user=0.72 sys=0.01, real=0.09 secs] 
2021-01-21T22:10:24.783+0800: 18.871: [Full GC (Ergonomics) [PSYoungGen: 59904K->24527K(117760K)] [ParOldGen: 349487K->349668K(349696K)] 409391K->374196K(467456K), [Metaspace: 2810K->2810K(1056768K)], 0.0799152 secs] [Times: user=0.59 sys=0.02, real=0.08 secs] 
2021-01-21T22:10:24.871+0800: 18.959: [Full GC (Ergonomics) [PSYoungGen: 59904K->25075K(117760K)] [ParOldGen: 349668K->349273K(349696K)] 409572K->374349K(467456K), [Metaspace: 2810K->2810K(1056768K)], 0.0612991 secs] [Times: user=0.47 sys=0.00, real=0.06 secs] 
2021-01-21T22:10:24.937+0800: 19.026: [Full GC (Ergonomics) [PSYoungGen: 59901K->25140K(117760K)] [ParOldGen: 349273K->349540K(349696K)] 409174K->374681K(467456K), [Metaspace: 2810K->2810K(1056768K)], 0.0689653 secs] [Times: user=0.50 sys=0.02, real=0.07 secs] 
2021-01-21T22:10:25.011+0800: 19.099: [Full GC (Ergonomics) [PSYoungGen: 59391K->32313K(117760K)] [ParOldGen: 349540K->349444K(349696K)] 408932K->381757K(467456K), [Metaspace: 2810K->2810K(1056768K)], 0.0600522 secs] [Times: user=0.46 sys=0.01, real=0.06 secs] 
2021-01-21T22:10:25.075+0800: 19.163: [Full GC (Ergonomics) [PSYoungGen: 59700K->30396K(117760K)] [ParOldGen: 349444K->349587K(349696K)] 409144K->379984K(467456K), [Metaspace: 2810K->2810K(1056768K)], 0.0647738 secs] [Times: user=0.50 sys=0.00, real=0.07 secs] 
2021-01-21T22:10:25.143+0800: 19.232: [Full GC (Ergonomics) [PSYoungGen: 59550K->32691K(117760K)] [ParOldGen: 349587K->349088K(349696K)] 409137K->381780K(467456K), [Metaspace: 2810K->2810K(1056768K)], 0.0766758 secs] [Times: user=0.58 sys=0.00, real=0.08 secs] 
2021-01-21T22:10:25.224+0800: 19.312: [Full GC (Ergonomics) [PSYoungGen: 59824K->31383K(117760K)] [ParOldGen: 349088K->349211K(349696K)] 408913K->380594K(467456K), [Metaspace: 2810K->2810K(1056768K)], 0.0484360 secs] [Times: user=0.38 sys=0.00, real=0.05 secs] 
2021-01-21T22:10:25.277+0800: 19.365: [Full GC (Ergonomics) [PSYoungGen: 59832K->29423K(117760K)] [ParOldGen: 349211K->349214K(349696K)] 409043K->378638K(467456K), [Metaspace: 2810K->2810K(1056768K)], 0.0426735 secs] [Times: user=0.33 sys=0.00, real=0.05 secs] 
2021-01-21T22:10:25.324+0800: 19.412: [Full GC (Ergonomics) [PSYoungGen: 59680K->31393K(117760K)] [ParOldGen: 349214K->349244K(349696K)] 408895K->380638K(467456K), [Metaspace: 2810K->2810K(1056768K)], 0.0517925 secs] [Times: user=0.40 sys=0.00, real=0.05 secs] 
2021-01-21T22:10:25.379+0800: 19.468: [Full GC (Ergonomics) [PSYoungGen: 59625K->32907K(117760K)] [ParOldGen: 349244K->349446K(349696K)] 408870K->382354K(467456K), [Metaspace: 2810K->2810K(1056768K)], 0.0452846 secs] [Times: user=0.34 sys=0.01, real=0.04 secs] 
2021-01-21T22:10:25.429+0800: 19.517: [Full GC (Ergonomics) [PSYoungGen: 59481K->32767K(117760K)] [ParOldGen: 349446K->349169K(349696K)] 408928K->381936K(467456K), [Metaspace: 2810K->2810K(1056768K)], 0.0449724 secs] [Times: user=0.33 sys=0.01, real=0.04 secs] 
2021-01-21T22:10:25.477+0800: 19.566: [Full GC (Ergonomics) [PSYoungGen: 59904K->28873K(117760K)] [ParOldGen: 349169K->349191K(349696K)] 409073K->378064K(467456K), [Metaspace: 2810K->2810K(1056768K)], 0.0426602 secs] [Times: user=0.33 sys=0.00, real=0.05 secs] 
2021-01-21T22:10:25.525+0800: 19.613: [Full GC (Ergonomics) [PSYoungGen: 59526K->25151K(117760K)] [ParOldGen: 349191K->349344K(349696K)] 408717K->374496K(467456K), [Metaspace: 2810K->2810K(1056768K)], 0.0438747 secs] [Times: user=0.33 sys=0.00, real=0.05 secs] 
2021-01-21T22:10:25.573+0800: 19.661: [Full GC (Ergonomics) [PSYoungGen: 59904K->24538K(117760K)] [ParOldGen: 349344K->349565K(349696K)] 409248K->374103K(467456K), [Metaspace: 2810K->2810K(1056768K)], 0.0401616 secs] [Times: user=0.31 sys=0.00, real=0.04 secs] 
2021-01-21T22:10:25.618+0800: 19.706: [Full GC (Ergonomics) [PSYoungGen: 59722K->28213K(117760K)] [ParOldGen: 349565K->349294K(349696K)] 409288K->377507K(467456K), [Metaspace: 2810K->2810K(1056768K)], 0.0460413 secs] [Times: user=0.35 sys=0.00, real=0.05 secs] 
2021-01-21T22:10:25.670+0800: 19.759: [Full GC (Ergonomics) [PSYoungGen: 59904K->29091K(117760K)] [ParOldGen: 349294K->349360K(349696K)] 409198K->378452K(467456K), [Metaspace: 2810K->2810K(1056768K)], 0.0603194 secs] [Times: user=0.46 sys=0.00, real=0.06 secs] 
2021-01-21T22:10:25.738+0800: 19.826: [Full GC (Ergonomics) [PSYoungGen: 59904K->30384K(117760K)] [ParOldGen: 349360K->349407K(349696K)] 409264K->379792K(467456K), [Metaspace: 2810K->2810K(1056768K)], 0.0506146 secs] [Times: user=0.38 sys=0.01, real=0.06 secs] 
2021-01-21T22:10:25.793+0800: 19.881: [Full GC (Ergonomics) [PSYoungGen: 59576K->27698K(117760K)] [ParOldGen: 349407K->349590K(349696K)] 408983K->377288K(467456K), [Metaspace: 2810K->2810K(1056768K)], 0.0421985 secs] [Times: user=0.32 sys=0.00, real=0.04 secs] 
2021-01-21T22:10:25.840+0800: 19.928: [Full GC (Ergonomics) [PSYoungGen: 59876K->28675K(117760K)] [ParOldGen: 349590K->349597K(349696K)] 409467K->378272K(467456K), [Metaspace: 2810K->2810K(1056768K)], 0.0486100 secs] [Times: user=0.37 sys=0.00, real=0.05 secs] 
2021-01-21T22:10:25.893+0800: 19.982: [Full GC (Ergonomics) [PSYoungGen: 59697K->29824K(117760K)] [ParOldGen: 349597K->349534K(349696K)] 409295K->379359K(467456K), [Metaspace: 2810K->2810K(1056768K)], 0.0502417 secs] [Times: user=0.37 sys=0.02, real=0.05 secs] 
2021-01-21T22:10:25.947+0800: 20.035: [Full GC (Ergonomics) [PSYoungGen: 59786K->35947K(117760K)] [ParOldGen: 349534K->348586K(349696K)] 409321K->384534K(467456K), [Metaspace: 2810K->2810K(1056768K)], 0.0736882 secs] [Times: user=0.55 sys=0.01, real=0.08 secs] 
2021-01-21T22:10:26.024+0800: 20.112: [Full GC (Ergonomics) [PSYoungGen: 59799K->34736K(117760K)] [ParOldGen: 348586K->349345K(349696K)] 408385K->384081K(467456K), [Metaspace: 2810K->2810K(1056768K)], 0.0537228 secs] [Times: user=0.42 sys=0.00, real=0.06 secs] 
2021-01-21T22:10:26.082+0800: 20.170: [Full GC (Ergonomics) [PSYoungGen: 59904K->33120K(117760K)] [ParOldGen: 349345K->349575K(349696K)] 409249K->382696K(467456K), [Metaspace: 2810K->2810K(1056768K)], 0.0461407 secs] [Times: user=0.35 sys=0.00, real=0.05 secs] 
2021-01-21T22:10:26.131+0800: 20.219: [Full GC (Ergonomics) [PSYoungGen: 59775K->34704K(117760K)] [ParOldGen: 349575K->349111K(349696K)] 409351K->383815K(467456K), [Metaspace: 2810K->2810K(1056768K)], 0.0453838 secs] [Times: user=0.35 sys=0.00, real=0.04 secs] 
2021-01-21T22:10:26.180+0800: 20.268: [Full GC (Ergonomics) [PSYoungGen: 59409K->32006K(117760K)] [ParOldGen: 349111K->348981K(349696K)] 408520K->380987K(467456K), [Metaspace: 2810K->2810K(1056768K)], 0.0438444 secs] [Times: user=0.33 sys=0.00, real=0.04 secs] 
2021-01-21T22:10:26.227+0800: 20.315: [Full GC (Ergonomics) [PSYoungGen: 59850K->28301K(117760K)] [ParOldGen: 348981K->349301K(349696K)] 408832K->377602K(467456K), [Metaspace: 2810K->2810K(1056768K)], 0.0431296 secs] [Times: user=0.32 sys=0.01, real=0.05 secs] 
2021-01-21T22:10:26.275+0800: 20.363: [Full GC (Ergonomics) [PSYoungGen: 59654K->28101K(117760K)] [ParOldGen: 349301K->349587K(349696K)] 408956K->377689K(467456K), [Metaspace: 2810K->2810K(1056768K)], 0.0462210 secs] [Times: user=0.35 sys=0.00, real=0.05 secs] 
2021-01-21T22:10:26.325+0800: 20.413: [Full GC (Ergonomics) [PSYoungGen: 59856K->27241K(117760K)] [ParOldGen: 349587K->349471K(349696K)] 409444K->376713K(467456K), [Metaspace: 2810K->2810K(1056768K)], 0.0460402 secs] [Times: user=0.35 sys=0.00, real=0.05 secs] 
2021-01-21T22:10:26.376+0800: 20.464: [Full GC (Ergonomics) [PSYoungGen: 59799K->26999K(117760K)] [ParOldGen: 349471K->349261K(349696K)] 409270K->376261K(467456K), [Metaspace: 2810K->2810K(1056768K)], 0.0413455 secs] [Times: user=0.32 sys=0.00, real=0.04 secs] 
2021-01-21T22:10:26.422+0800: 20.510: [Full GC (Ergonomics) [PSYoungGen: 59904K->27695K(117760K)] [ParOldGen: 349261K->349365K(349696K)] 409165K->377060K(467456K), [Metaspace: 2810K->2810K(1056768K)], 0.0400149 secs] [Times: user=0.31 sys=0.00, real=0.04 secs] 
2021-01-21T22:10:26.467+0800: 20.555: [Full GC (Ergonomics) [PSYoungGen: 59792K->28170K(117760K)] [ParOldGen: 349365K->349621K(349696K)] 409157K->377792K(467456K), [Metaspace: 2810K->2810K(1056768K)], 0.0479092 secs] [Times: user=0.35 sys=0.01, real=0.05 secs] 
2021-01-21T22:10:26.520+0800: 20.608: [Full GC (Ergonomics) [PSYoungGen: 59829K->30036K(117760K)] [ParOldGen: 349621K->349475K(349696K)] 409451K->379511K(467456K), [Metaspace: 2810K->2810K(1056768K)], 0.0423911 secs] [Times: user=0.33 sys=0.00, real=0.04 secs] 
2021-01-21T22:10:26.568+0800: 20.656: [Full GC (Ergonomics) [PSYoungGen: 59904K->26952K(117760K)] [ParOldGen: 349475K->349685K(349696K)] 409379K->376637K(467456K), [Metaspace: 2810K->2810K(1056768K)], 0.0595565 secs] [Times: user=0.45 sys=0.01, real=0.06 secs] 
2021-01-21T22:10:26.633+0800: 20.721: [Full GC (Ergonomics) [PSYoungGen: 59904K->27764K(117760K)] [ParOldGen: 349685K->349683K(349696K)] 409589K->377448K(467456K), [Metaspace: 2810K->2810K(1056768K)], 0.0531491 secs] [Times: user=0.41 sys=0.00, real=0.06 secs] 
2021-01-21T22:10:26.696+0800: 20.784: [Full GC (Ergonomics) [PSYoungGen: 59856K->28789K(117760K)] [ParOldGen: 349683K->349393K(349696K)] 409539K->378183K(467456K), [Metaspace: 2810K->2810K(1056768K)], 0.0512114 secs] [Times: user=0.40 sys=0.00, real=0.05 secs] 
2021-01-21T22:10:26.752+0800: 20.840: [Full GC (Ergonomics) [PSYoungGen: 59814K->28803K(117760K)] [ParOldGen: 349393K->348931K(349696K)] 409208K->377735K(467456K), [Metaspace: 2810K->2810K(1056768K)], 0.0469767 secs] [Times: user=0.34 sys=0.01, real=0.05 secs] 
2021-01-21T22:10:26.803+0800: 20.892: [Full GC (Ergonomics) [PSYoungGen: 59435K->29385K(117760K)] [ParOldGen: 348931K->349116K(349696K)] 408367K->378501K(467456K), [Metaspace: 2810K->2810K(1056768K)], 0.0579027 secs] [Times: user=0.45 sys=0.00, real=0.06 secs] 
2021-01-21T22:10:26.866+0800: 20.954: [Full GC (Ergonomics) [PSYoungGen: 59463K->28732K(117760K)] [ParOldGen: 349116K->349412K(349696K)] 408580K->378145K(467456K), [Metaspace: 2810K->2810K(1056768K)], 0.0530550 secs] [Times: user=0.40 sys=0.00, real=0.06 secs] 
2021-01-21T22:10:26.924+0800: 21.012: [Full GC (Ergonomics) [PSYoungGen: 59777K->26553K(117760K)] [ParOldGen: 349412K->349525K(349696K)] 409190K->376078K(467456K), [Metaspace: 2810K->2810K(1056768K)], 0.0559181 secs] [Times: user=0.43 sys=0.00, real=0.06 secs] 
2021-01-21T22:10:26.985+0800: 21.073: [Full GC (Ergonomics) [PSYoungGen: 59787K->27031K(117760K)] [ParOldGen: 349525K->349548K(349696K)] 409312K->376580K(467456K), [Metaspace: 2810K->2810K(1056768K)], 0.0514871 secs] [Times: user=0.36 sys=0.00, real=0.05 secs] 
2021-01-21T22:10:27.041+0800: 21.129: [Full GC (Ergonomics) [PSYoungGen: 59854K->27381K(117760K)] [ParOldGen: 349548K->349345K(349696K)] 409403K->376727K(467456K), [Metaspace: 2810K->2810K(1056768K)], 0.0522338 secs] [Times: user=0.40 sys=0.00, real=0.05 secs] 
2021-01-21T22:10:27.098+0800: 21.186: [Full GC (Ergonomics) [PSYoungGen: 59881K->26411K(117760K)] [ParOldGen: 349345K->349442K(349696K)] 409226K->375854K(467456K), [Metaspace: 2810K->2810K(1056768K)], 0.0460382 secs] [Times: user=0.34 sys=0.01, real=0.05 secs] 
2021-01-21T22:10:27.150+0800: 21.238: [Full GC (Ergonomics) [PSYoungGen: 59704K->27485K(117760K)] [ParOldGen: 349442K->349321K(349696K)] 409146K->376807K(467456K), [Metaspace: 2810K->2810K(1056768K)], 0.0786109 secs] [Times: user=0.61 sys=0.00, real=0.08 secs] 
2021-01-21T22:10:27.234+0800: 21.323: [Full GC (Ergonomics) [PSYoungGen: 59668K->23920K(117760K)] [ParOldGen: 349321K->349197K(349696K)] 408990K->373117K(467456K), [Metaspace: 2810K->2810K(1056768K)], 0.0543837 secs] [Times: user=0.39 sys=0.01, real=0.06 secs] 
2021-01-21T22:10:27.296+0800: 21.385: [Full GC (Ergonomics) [PSYoungGen: 59904K->21784K(117760K)] [ParOldGen: 349197K->349198K(349696K)] 409101K->370982K(467456K), [Metaspace: 2810K->2810K(1056768K)], 0.0659373 secs] [Times: user=0.49 sys=0.00, real=0.07 secs] 
2021-01-21T22:10:27.369+0800: 21.457: [Full GC (Ergonomics) [PSYoungGen: 59821K->23543K(117760K)] [ParOldGen: 349198K->349473K(349696K)] 409019K->373017K(467456K), [Metaspace: 2810K->2810K(1056768K)], 0.0545903 secs] [Times: user=0.42 sys=0.00, real=0.05 secs] 
2021-01-21T22:10:27.429+0800: 21.517: [Full GC (Ergonomics) [PSYoungGen: 59745K->24441K(117760K)] [ParOldGen: 349473K->349066K(349696K)] 409218K->373508K(467456K), [Metaspace: 2810K->2810K(1056768K)], 0.0615225 secs] [Times: user=0.46 sys=0.01, real=0.06 secs] 
2021-01-21T22:10:27.494+0800: 21.583: [Full GC (Ergonomics) [PSYoungGen: 59904K->22858K(117760K)] [ParOldGen: 349066K->349051K(349696K)] 408970K->371909K(467456K), [Metaspace: 2817K->2817K(1056768K)], 0.0497437 secs] [Times: user=0.37 sys=0.01, real=0.05 secs] 
2021-01-21T22:10:27.550+0800: 21.638: [Full GC (Ergonomics) [PSYoungGen: 59423K->22241K(117760K)] [ParOldGen: 349051K->349539K(349696K)] 408474K->371780K(467456K), [Metaspace: 2817K->2817K(1056768K)], 0.0577397 secs] [Times: user=0.44 sys=0.00, real=0.05 secs] 
2021-01-21T22:10:27.612+0800: 21.701: [Full GC (Ergonomics) [PSYoungGen: 59831K->23285K(117760K)] [ParOldGen: 349539K->349608K(349696K)] 409370K->372893K(467456K), [Metaspace: 2817K->2817K(1056768K)], 0.0425998 secs] [Times: user=0.32 sys=0.00, real=0.04 secs] 
2021-01-21T22:10:27.660+0800: 21.749: [Full GC (Ergonomics) [PSYoungGen: 59640K->25153K(117760K)] [ParOldGen: 349608K->349518K(349696K)] 409248K->374672K(467456K), [Metaspace: 2817K->2817K(1056768K)], 0.0599221 secs] [Times: user=0.46 sys=0.00, real=0.06 secs] 
2021-01-21T22:10:27.725+0800: 21.813: [Full GC (Ergonomics) [PSYoungGen: 59904K->25935K(117760K)] [ParOldGen: 349518K->349204K(349696K)] 409422K->375139K(467456K), [Metaspace: 2817K->2817K(1056768K)], 0.0542289 secs] [Times: user=0.41 sys=0.00, real=0.06 secs] 
2021-01-21T22:10:27.786+0800: 21.874: [Full GC (Ergonomics) [PSYoungGen: 59904K->26429K(117760K)] [ParOldGen: 349204K->349329K(349696K)] 409108K->375758K(467456K), [Metaspace: 2817K->2817K(1056768K)], 0.0440156 secs] [Times: user=0.33 sys=0.01, real=0.05 secs] 
2021-01-21T22:10:27.835+0800: 21.923: [Full GC (Ergonomics) [PSYoungGen: 59904K->25976K(117760K)] [ParOldGen: 349329K->349203K(349696K)] 409233K->375180K(467456K), [Metaspace: 2817K->2817K(1056768K)], 0.0655473 secs] [Times: user=0.51 sys=0.00, real=0.07 secs] 
2021-01-21T22:10:27.905+0800: 21.993: [Full GC (Ergonomics) [PSYoungGen: 59715K->24640K(117760K)] [ParOldGen: 349203K->349449K(349696K)] 408918K->374089K(467456K), [Metaspace: 2817K->2817K(1056768K)], 0.0504297 secs] [Times: user=0.38 sys=0.00, real=0.05 secs] 
2021-01-21T22:10:27.961+0800: 22.049: [Full GC (Ergonomics) [PSYoungGen: 59461K->25870K(117760K)] [ParOldGen: 349449K->349037K(349696K)] 408910K->374907K(467456K), [Metaspace: 2817K->2817K(1056768K)], 0.0656336 secs] [Times: user=0.49 sys=0.01, real=0.06 secs] 
2021-01-21T22:10:28.031+0800: 22.120: [Full GC (Ergonomics) [PSYoungGen: 59896K->24842K(117760K)] [ParOldGen: 349037K->349561K(349696K)] 408934K->374404K(467456K), [Metaspace: 2817K->2817K(1056768K)], 0.0587357 secs] [Times: user=0.45 sys=0.00, real=0.06 secs] 
2021-01-21T22:10:28.098+0800: 22.186: [Full GC (Ergonomics) [PSYoungGen: 59830K->21661K(117760K)] [ParOldGen: 349561K->349550K(349696K)] 409391K->371212K(467456K), [Metaspace: 2817K->2817K(1056768K)], 0.0650185 secs] [Times: user=0.49 sys=0.01, real=0.06 secs] 
2021-01-21T22:10:28.169+0800: 22.257: [Full GC (Ergonomics) [PSYoungGen: 59639K->20743K(117760K)] [ParOldGen: 349550K->349642K(349696K)] 409190K->370385K(467456K), [Metaspace: 2817K->2817K(1056768K)], 0.0513909 secs] [Times: user=0.40 sys=0.00, real=0.05 secs] 
2021-01-21T22:10:28.224+0800: 22.313: [Full GC (Ergonomics) [PSYoungGen: 59773K->23988K(117760K)] [ParOldGen: 349642K->349408K(349696K)] 409415K->373397K(467456K), [Metaspace: 2817K->2817K(1056768K)], 0.0793699 secs] [Times: user=0.62 sys=0.00, real=0.08 secs] 
2021-01-21T22:10:28.309+0800: 22.397: [Full GC (Ergonomics) [PSYoungGen: 59801K->27242K(117760K)] [ParOldGen: 349408K->348845K(349696K)] 409210K->376087K(467456K), [Metaspace: 2817K->2817K(1056768K)], 0.0817075 secs] [Times: user=0.62 sys=0.00, real=0.08 secs] 
2021-01-21T22:10:28.399+0800: 22.487: [Full GC (Ergonomics) [PSYoungGen: 59904K->28154K(117760K)] [ParOldGen: 348845K->349299K(349696K)] 408749K->377454K(467456K), [Metaspace: 2817K->2817K(1056768K)], 0.0856606 secs] [Times: user=0.65 sys=0.00, real=0.08 secs] 
2021-01-21T22:10:28.490+0800: 22.578: [Full GC (Ergonomics) [PSYoungGen: 59794K->27212K(117760K)] [ParOldGen: 349299K->349125K(349696K)] 409094K->376337K(467456K), [Metaspace: 2817K->2817K(1056768K)], 0.1016912 secs] [Times: user=0.77 sys=0.01, real=0.10 secs] 
2021-01-21T22:10:28.597+0800: 22.685: [Full GC (Ergonomics) [PSYoungGen: 59396K->25995K(117760K)] [ParOldGen: 349125K->349058K(349696K)] 408522K->375053K(467456K), [Metaspace: 2817K->2817K(1056768K)], 0.0806596 secs] [Times: user=0.58 sys=0.01, real=0.09 secs] 
2021-01-21T22:10:28.750+0800: 22.839: [Full GC (Ergonomics) [PSYoungGen: 59376K->23944K(117760K)] [ParOldGen: 349058K->349046K(349696K)] 408435K->372991K(467456K), [Metaspace: 2817K->2817K(1056768K)], 0.1291011 secs] [Times: user=0.70 sys=0.00, real=0.13 secs] 
2021-01-21T22:10:28.896+0800: 22.984: [Full GC (Ergonomics) [PSYoungGen: 59904K->20443K(117760K)] [ParOldGen: 349046K->349673K(349696K)] 408950K->370117K(467456K), [Metaspace: 2817K->2817K(1056768K)], 0.0626716 secs] [Times: user=0.44 sys=0.00, real=0.07 secs] 
2021-01-21T22:10:28.970+0800: 23.058: [Full GC (Ergonomics) [PSYoungGen: 59840K->15019K(117760K)] [ParOldGen: 349673K->349512K(349696K)] 409513K->364532K(467456K), [Metaspace: 2817K->2817K(1056768K)], 0.0826453 secs] [Times: user=0.61 sys=0.00, real=0.08 secs] 
2021-01-21T22:10:29.063+0800: 23.152: [Full GC (Ergonomics) [PSYoungGen: 59698K->17578K(117760K)] [ParOldGen: 349512K->349580K(349696K)] 409210K->367159K(467456K), [Metaspace: 2817K->2817K(1056768K)], 0.1099923 secs] [Times: user=0.81 sys=0.01, real=0.11 secs] 
2021-01-21T22:10:29.184+0800: 23.272: [Full GC (Ergonomics) [PSYoungGen: 59628K->23668K(117760K)] [ParOldGen: 349580K->349174K(349696K)] 409208K->372842K(467456K), [Metaspace: 2817K->2817K(1056768K)], 0.1143575 secs] [Times: user=0.88 sys=0.00, real=0.12 secs] 
2021-01-21T22:10:29.307+0800: 23.395: [Full GC (Ergonomics) [PSYoungGen: 59904K->24639K(117760K)] [ParOldGen: 349174K->349436K(349696K)] 409078K->374076K(467456K), [Metaspace: 2817K->2817K(1056768K)], 0.0711152 secs] [Times: user=0.52 sys=0.03, real=0.08 secs] 
2021-01-21T22:10:29.388+0800: 23.476: [Full GC (Ergonomics) [PSYoungGen: 59638K->25752K(117760K)] [ParOldGen: 349436K->349381K(349696K)] 409074K->375134K(467456K), [Metaspace: 2817K->2817K(1056768K)], 0.0604995 secs] [Times: user=0.42 sys=0.02, real=0.07 secs] 
2021-01-21T22:10:29.455+0800: 23.544: [Full GC (Ergonomics) [PSYoungGen: 59734K->23472K(117760K)] [ParOldGen: 349381K->349442K(349696K)] 409115K->372915K(467456K), [Metaspace: 2817K->2817K(1056768K)], 0.0726056 secs] [Times: user=0.54 sys=0.01, real=0.08 secs] 
2021-01-21T22:10:29.536+0800: 23.624: [Full GC (Ergonomics) [PSYoungGen: 59904K->24512K(117760K)] [ParOldGen: 349442K->349529K(349696K)] 409346K->374042K(467456K), [Metaspace: 2817K->2817K(1056768K)], 0.0539465 secs] [Times: user=0.41 sys=0.00, real=0.06 secs] 
2021-01-21T22:10:29.595+0800: 23.684: [Full GC (Ergonomics) [PSYoungGen: 59904K->23497K(117760K)] [ParOldGen: 349529K->349694K(349696K)] 409433K->373191K(467456K), [Metaspace: 2817K->2817K(1056768K)], 0.0670667 secs] [Times: user=0.50 sys=0.01, real=0.07 secs] 
2021-01-21T22:10:29.669+0800: 23.757: [Full GC (Ergonomics) [PSYoungGen: 59904K->23722K(117760K)] [ParOldGen: 349694K->349641K(349696K)] 409598K->373364K(467456K), [Metaspace: 2817K->2817K(1056768K)], 0.0822136 secs] [Times: user=0.61 sys=0.00, real=0.08 secs] 
2021-01-21T22:10:29.757+0800: 23.846: [Full GC (Ergonomics) [PSYoungGen: 59904K->26526K(117760K)] [ParOldGen: 349641K->349171K(349696K)] 409545K->375697K(467456K), [Metaspace: 2817K->2817K(1056768K)], 0.0611406 secs] [Times: user=0.43 sys=0.03, real=0.07 secs] 
2021-01-21T22:10:29.824+0800: 23.912: [Full GC (Ergonomics) [PSYoungGen: 59824K->27123K(117760K)] [ParOldGen: 349171K->349479K(349696K)] 408995K->376602K(467456K), [Metaspace: 2817K->2817K(1056768K)], 0.0517790 secs] [Times: user=0.37 sys=0.01, real=0.05 secs] 
2021-01-21T22:10:29.880+0800: 23.969: [Full GC (Ergonomics) [PSYoungGen: 59574K->27184K(117760K)] [ParOldGen: 349479K->349451K(349696K)] 409053K->376636K(467456K), [Metaspace: 2817K->2817K(1056768K)], 0.0496887 secs] [Times: user=0.35 sys=0.00, real=0.05 secs] 
2021-01-21T22:10:29.935+0800: 24.023: [Full GC (Ergonomics) [PSYoungGen: 59670K->26067K(117760K)] [ParOldGen: 349451K->349469K(349696K)] 409122K->375537K(467456K), [Metaspace: 2817K->2817K(1056768K)], 0.0448825 secs] [Times: user=0.33 sys=0.00, real=0.05 secs] 
2021-01-21T22:10:29.985+0800: 24.073: [Full GC (Ergonomics) [PSYoungGen: 59763K->27665K(117760K)] [ParOldGen: 349469K->349378K(349696K)] 409233K->377044K(467456K), [Metaspace: 2817K->2817K(1056768K)], 0.0581405 secs] [Times: user=0.42 sys=0.01, real=0.06 secs] 
2021-01-21T22:10:30.048+0800: 24.136: [Full GC (Ergonomics) [PSYoungGen: 59904K->26127K(117760K)] [ParOldGen: 349378K->349677K(349696K)] 409282K->375804K(467456K), [Metaspace: 2817K->2817K(1056768K)], 0.0629203 secs] [Times: user=0.47 sys=0.02, real=0.07 secs] 
2021-01-21T22:10:30.117+0800: 24.206: [Full GC (Ergonomics) [PSYoungGen: 59701K->26188K(117760K)] [ParOldGen: 349677K->349020K(349696K)] 409378K->375208K(467456K), [Metaspace: 2817K->2817K(1056768K)], 0.0600431 secs] [Times: user=0.45 sys=0.01, real=0.06 secs] 
2021-01-21T22:10:30.182+0800: 24.271: [Full GC (Ergonomics) [PSYoungGen: 59772K->25480K(117760K)] [ParOldGen: 349020K->349564K(349696K)] 408792K->375044K(467456K), [Metaspace: 2817K->2817K(1056768K)], 0.0600608 secs] [Times: user=0.46 sys=0.00, real=0.06 secs] 
2021-01-21T22:10:30.248+0800: 24.336: [Full GC (Ergonomics) [PSYoungGen: 59816K->30343K(117760K)] [ParOldGen: 349564K->349041K(349696K)] 409380K->379384K(467456K), [Metaspace: 2817K->2817K(1056768K)], 0.0558389 secs] [Times: user=0.42 sys=0.00, real=0.06 secs] 
2021-01-21T22:10:30.307+0800: 24.395: [Full GC (Ergonomics) [PSYoungGen: 59718K->30639K(117760K)] [ParOldGen: 349041K->349028K(349696K)] 408759K->379667K(467456K), [Metaspace: 2817K->2817K(1056768K)], 0.0618528 secs] [Times: user=0.46 sys=0.01, real=0.07 secs] 
2021-01-21T22:10:30.372+0800: 24.461: [Full GC (Ergonomics) [PSYoungGen: 59683K->35446K(117760K)] [ParOldGen: 349028K->349631K(349696K)] 408711K->385077K(467456K), [Metaspace: 2817K->2817K(1056768K)], 0.0700485 secs] [Times: user=0.53 sys=0.00, real=0.07 secs] 
2021-01-21T22:10:30.447+0800: 24.535: [Full GC (Ergonomics) [PSYoungGen: 59834K->33293K(117760K)] [ParOldGen: 349631K->349576K(349696K)] 409465K->382869K(467456K), [Metaspace: 2817K->2817K(1056768K)], 0.0626943 secs] [Times: user=0.48 sys=0.01, real=0.07 secs] 
2021-01-21T22:10:30.514+0800: 24.602: [Full GC (Ergonomics) [PSYoungGen: 59904K->35686K(117760K)] [ParOldGen: 349576K->349654K(349696K)] 409480K->385341K(467456K), [Metaspace: 2817K->2817K(1056768K)], 0.0436131 secs] [Times: user=0.34 sys=0.00, real=0.04 secs] 
2021-01-21T22:10:30.561+0800: 24.650: [Full GC (Ergonomics) [PSYoungGen: 59830K->37341K(117760K)] [ParOldGen: 349654K->349534K(349696K)] 409485K->386876K(467456K), [Metaspace: 2817K->2817K(1056768K)], 0.0407909 secs] [Times: user=0.31 sys=0.00, real=0.04 secs] 
2021-01-21T22:10:30.605+0800: 24.694: [Full GC (Ergonomics) [PSYoungGen: 59904K->35639K(117760K)] [ParOldGen: 349534K->349300K(349696K)] 409438K->384940K(467456K), [Metaspace: 2817K->2817K(1056768K)], 0.0405583 secs] [Times: user=0.30 sys=0.00, real=0.04 secs] 
2021-01-21T22:10:30.649+0800: 24.737: [Full GC (Ergonomics) [PSYoungGen: 59904K->38246K(117760K)] [ParOldGen: 349300K->349420K(349696K)] 409204K->387666K(467456K), [Metaspace: 2817K->2817K(1056768K)], 0.0399243 secs] [Times: user=0.31 sys=0.00, real=0.04 secs] 
2021-01-21T22:10:30.692+0800: 24.781: [Full GC (Ergonomics) [PSYoungGen: 59807K->37804K(117760K)] [ParOldGen: 349420K->349592K(349696K)] 409227K->387397K(467456K), [Metaspace: 2817K->2817K(1056768K)], 0.0444405 secs] [Times: user=0.34 sys=0.00, real=0.04 secs] 
2021-01-21T22:10:30.740+0800: 24.829: [Full GC (Ergonomics) [PSYoungGen: 59845K->36293K(117760K)] [ParOldGen: 349592K->349376K(349696K)] 409438K->385670K(467456K), [Metaspace: 2817K->2817K(1056768K)], 0.0471194 secs] [Times: user=0.36 sys=0.00, real=0.04 secs] 
2021-01-21T22:10:30.791+0800: 24.880: [Full GC (Ergonomics) [PSYoungGen: 59904K->36568K(117760K)] [ParOldGen: 349376K->349383K(349696K)] 409280K->385952K(467456K), [Metaspace: 2817K->2817K(1056768K)], 0.0538027 secs] [Times: user=0.39 sys=0.01, real=0.05 secs] 
2021-01-21T22:10:30.850+0800: 24.938: [Full GC (Ergonomics) [PSYoungGen: 59585K->35232K(117760K)] [ParOldGen: 349383K->349488K(349696K)] 408968K->384721K(467456K), [Metaspace: 2817K->2817K(1056768K)], 0.0512387 secs] [Times: user=0.39 sys=0.00, real=0.05 secs] 
2021-01-21T22:10:30.904+0800: 24.993: [Full GC (Ergonomics) [PSYoungGen: 59153K->38878K(117760K)] [ParOldGen: 349488K->349087K(349696K)] 408641K->387966K(467456K), [Metaspace: 2817K->2817K(1056768K)], 0.0549970 secs] [Times: user=0.42 sys=0.00, real=0.06 secs] 
2021-01-21T22:10:30.963+0800: 25.051: [Full GC (Ergonomics) [PSYoungGen: 59835K->39530K(117760K)] [ParOldGen: 349087K->349601K(349696K)] 408922K->389132K(467456K), [Metaspace: 2817K->2817K(1056768K)], 0.0405472 secs] [Times: user=0.29 sys=0.00, real=0.04 secs] 
2021-01-21T22:10:31.007+0800: 25.095: [Full GC (Ergonomics) [PSYoungGen: 59904K->37234K(117760K)] [ParOldGen: 349601K->349184K(349696K)] 409505K->386418K(467456K), [Metaspace: 2817K->2817K(1056768K)], 0.0469752 secs] [Times: user=0.34 sys=0.00, real=0.05 secs] 
2021-01-21T22:10:31.057+0800: 25.145: [Full GC (Ergonomics) [PSYoungGen: 59714K->36496K(117760K)] [ParOldGen: 349184K->349464K(349696K)] 408898K->385960K(467456K), [Metaspace: 2817K->2817K(1056768K)], 0.0407288 secs] [Times: user=0.27 sys=0.01, real=0.04 secs] 
2021-01-21T22:10:31.101+0800: 25.190: [Full GC (Ergonomics) [PSYoungGen: 59884K->34179K(117760K)] [ParOldGen: 349464K->349484K(349696K)] 409348K->383664K(467456K), [Metaspace: 2817K->2817K(1056768K)], 0.0563068 secs] [Times: user=0.38 sys=0.02, real=0.05 secs] 
2021-01-21T22:10:31.161+0800: 25.250: [Full GC (Ergonomics) [PSYoungGen: 59904K->32744K(117760K)] [ParOldGen: 349484K->349536K(349696K)] 409388K->382281K(467456K), [Metaspace: 2817K->2817K(1056768K)], 0.0427839 secs] [Times: user=0.33 sys=0.00, real=0.04 secs] 
2021-01-21T22:10:31.209+0800: 25.297: [Full GC (Ergonomics) [PSYoungGen: 59904K->30112K(117760K)] [ParOldGen: 349536K->349374K(349696K)] 409440K->379486K(467456K), [Metaspace: 2817K->2817K(1056768K)], 0.0429972 secs] [Times: user=0.33 sys=0.00, real=0.04 secs] 
2021-01-21T22:10:31.256+0800: 25.345: [Full GC (Ergonomics) [PSYoungGen: 59904K->29927K(117760K)] [ParOldGen: 349374K->349671K(349696K)] 409278K->379599K(467456K), [Metaspace: 2817K->2817K(1056768K)], 0.0432985 secs] [Times: user=0.33 sys=0.00, real=0.05 secs] 
2021-01-21T22:10:31.303+0800: 25.391: [Full GC (Ergonomics) [PSYoungGen: 59904K->29554K(117760K)] [ParOldGen: 349671K->349568K(349696K)] 409575K->379122K(467456K), [Metaspace: 2817K->2817K(1056768K)], 0.0479789 secs] [Times: user=0.36 sys=0.00, real=0.05 secs] 
2021-01-21T22:10:31.355+0800: 25.443: [Full GC (Ergonomics) [PSYoungGen: 59904K->31226K(117760K)] [ParOldGen: 349568K->349218K(349696K)] 409472K->380445K(467456K), [Metaspace: 2817K->2817K(1056768K)], 0.0443669 secs] [Times: user=0.34 sys=0.00, real=0.05 secs] 
2021-01-21T22:10:31.403+0800: 25.491: [Full GC (Ergonomics) [PSYoungGen: 59904K->31805K(117760K)] [ParOldGen: 349218K->349465K(349696K)] 409122K->381271K(467456K), [Metaspace: 2817K->2817K(1056768K)], 0.0420984 secs] [Times: user=0.32 sys=0.01, real=0.04 secs] 
2021-01-21T22:10:31.449+0800: 25.537: [Full GC (Ergonomics) [PSYoungGen: 59904K->33999K(117760K)] [ParOldGen: 349465K->349676K(349696K)] 409369K->383675K(467456K), [Metaspace: 2817K->2817K(1056768K)], 0.0403094 secs] [Times: user=0.31 sys=0.00, real=0.04 secs] 
2021-01-21T22:10:31.493+0800: 25.581: [Full GC (Ergonomics) [PSYoungGen: 59685K->37136K(117760K)] [ParOldGen: 349676K->349434K(349696K)] 409362K->386570K(467456K), [Metaspace: 2817K->2817K(1056768K)], 0.0425331 secs] [Times: user=0.32 sys=0.00, real=0.04 secs] 
2021-01-21T22:10:31.539+0800: 25.627: [Full GC (Ergonomics) [PSYoungGen: 59728K->38033K(117760K)] [ParOldGen: 349434K->349432K(349696K)] 409163K->387465K(467456K), [Metaspace: 2817K->2817K(1056768K)], 0.0581852 secs] [Times: user=0.44 sys=0.00, real=0.05 secs] 
2021-01-21T22:10:31.600+0800: 25.688: [Full GC (Ergonomics) [PSYoungGen: 59904K->39210K(117760K)] [ParOldGen: 349432K->349608K(349696K)] 409336K->388819K(467456K), [Metaspace: 2817K->2817K(1056768K)], 0.0485052 secs] [Times: user=0.37 sys=0.01, real=0.05 secs] 
2021-01-21T22:10:31.651+0800: 25.739: [Full GC (Ergonomics) [PSYoungGen: 59591K->42691K(117760K)] [ParOldGen: 349608K->349412K(349696K)] 409199K->392103K(467456K), [Metaspace: 2817K->2817K(1056768K)], 0.0453175 secs] [Times: user=0.34 sys=0.00, real=0.04 secs] 
2021-01-21T22:10:31.699+0800: 25.788: [Full GC (Ergonomics) [PSYoungGen: 59904K->40341K(117760K)] [ParOldGen: 349412K->349288K(349696K)] 409316K->389629K(467456K), [Metaspace: 2817K->2817K(1056768K)], 0.0443266 secs] [Times: user=0.33 sys=0.00, real=0.04 secs] 
2021-01-21T22:10:31.747+0800: 25.835: [Full GC (Ergonomics) [PSYoungGen: 59523K->41539K(117760K)] [ParOldGen: 349288K->348611K(349696K)] 408811K->390151K(467456K), [Metaspace: 2817K->2817K(1056768K)], 0.0419622 secs] [Times: user=0.30 sys=0.02, real=0.05 secs] 
2021-01-21T22:10:31.792+0800: 25.880: [Full GC (Ergonomics) [PSYoungGen: 59899K->42811K(117760K)] [ParOldGen: 348611K->349164K(349696K)] 408510K->391976K(467456K), [Metaspace: 2817K->2817K(1056768K)], 0.0428782 secs] [Times: user=0.33 sys=0.00, real=0.04 secs] 
2021-01-21T22:10:31.837+0800: 25.925: [Full GC (Ergonomics) [PSYoungGen: 59311K->42263K(117760K)] [ParOldGen: 349164K->349156K(349696K)] 408476K->391419K(467456K), [Metaspace: 2817K->2817K(1056768K)], 0.0456949 secs] [Times: user=0.35 sys=0.00, real=0.05 secs] 
2021-01-21T22:10:31.885+0800: 25.974: [Full GC (Ergonomics) [PSYoungGen: 59716K->41827K(117760K)] [ParOldGen: 349156K->348955K(349696K)] 408872K->390782K(467456K), [Metaspace: 2817K->2817K(1056768K)], 0.0417944 secs] [Times: user=0.30 sys=0.01, real=0.04 secs] 
2021-01-21T22:10:31.930+0800: 26.018: [Full GC (Ergonomics) [PSYoungGen: 59812K->43047K(117760K)] [ParOldGen: 348955K->349133K(349696K)] 408767K->392180K(467456K), [Metaspace: 2817K->2817K(1056768K)], 0.0465535 secs] [Times: user=0.34 sys=0.00, real=0.04 secs] 
2021-01-21T22:10:31.980+0800: 26.068: [Full GC (Ergonomics) [PSYoungGen: 59889K->42227K(117760K)] [ParOldGen: 349133K->349259K(349696K)] 409023K->391487K(467456K), [Metaspace: 2817K->2817K(1056768K)], 0.0564629 secs] [Times: user=0.44 sys=0.00, real=0.05 secs] 
2021-01-21T22:10:32.039+0800: 26.127: [Full GC (Ergonomics) [PSYoungGen: 59736K->41364K(117760K)] [ParOldGen: 349259K->349283K(349696K)] 408996K->390647K(467456K), [Metaspace: 2817K->2817K(1056768K)], 0.1262760 secs] [Times: user=0.97 sys=0.01, real=0.12 secs] 
2021-01-21T22:10:32.170+0800: 26.258: [Full GC (Ergonomics) [PSYoungGen: 59639K->40042K(117760K)] [ParOldGen: 349283K->349594K(349696K)] 408922K->389636K(467456K), [Metaspace: 2817K->2817K(1056768K)], 0.0659665 secs] [Times: user=0.47 sys=0.02, real=0.06 secs] 
2021-01-21T22:10:32.239+0800: 26.327: [Full GC (Ergonomics) [PSYoungGen: 59814K->40441K(117760K)] [ParOldGen: 349594K->349658K(349696K)] 409408K->390099K(467456K), [Metaspace: 2817K->2817K(1056768K)], 0.0584669 secs] [Times: user=0.44 sys=0.00, real=0.05 secs] 
2021-01-21T22:10:32.301+0800: 26.389: [Full GC (Ergonomics) [PSYoungGen: 59904K->40887K(117760K)] [ParOldGen: 349658K->349454K(349696K)] 409562K->390342K(467456K), [Metaspace: 2817K->2817K(1056768K)], 0.0489973 secs] [Times: user=0.37 sys=0.00, real=0.05 secs] 
2021-01-21T22:10:32.352+0800: 26.441: [Full GC (Ergonomics) [PSYoungGen: 59658K->41351K(117760K)] [ParOldGen: 349454K->349535K(349696K)] 409113K->390887K(467456K), [Metaspace: 2817K->2817K(1056768K)], 0.0462765 secs] [Times: user=0.36 sys=0.00, real=0.05 secs] 
2021-01-21T22:10:32.401+0800: 26.489: [Full GC (Ergonomics) [PSYoungGen: 59904K->44330K(117760K)] [ParOldGen: 349535K->349294K(349696K)] 409439K->393624K(467456K), [Metaspace: 2817K->2817K(1056768K)], 0.0419284 secs] [Times: user=0.32 sys=0.00, real=0.04 secs] 
2021-01-21T22:10:32.446+0800: 26.534: [Full GC (Ergonomics) [PSYoungGen: 59763K->43601K(117760K)] [ParOldGen: 349294K->349499K(349696K)] 409057K->393101K(467456K), [Metaspace: 2817K->2817K(1056768K)], 0.0415458 secs] [Times: user=0.30 sys=0.00, real=0.04 secs] 
2021-01-21T22:10:32.489+0800: 26.578: [Full GC (Ergonomics) [PSYoungGen: 59885K->46824K(117760K)] [ParOldGen: 349499K->349271K(349696K)] 409385K->396096K(467456K), [Metaspace: 2817K->2817K(1056768K)], 0.0440637 secs] [Times: user=0.34 sys=0.00, real=0.04 secs] 
2021-01-21T22:10:32.535+0800: 26.624: [Full GC (Ergonomics) [PSYoungGen: 59891K->46990K(117760K)] [ParOldGen: 349271K->349670K(349696K)] 409163K->396661K(467456K), [Metaspace: 2817K->2817K(1056768K)], 0.0449772 secs] [Times: user=0.33 sys=0.00, real=0.05 secs] 
2021-01-21T22:10:32.583+0800: 26.671: [Full GC (Ergonomics) [PSYoungGen: 59848K->47556K(117760K)] [ParOldGen: 349670K->349454K(349696K)] 409518K->397010K(467456K), [Metaspace: 2817K->2817K(1056768K)], 0.0420191 secs] [Times: user=0.30 sys=0.00, real=0.04 secs] 
2021-01-21T22:10:32.627+0800: 26.715: [Full GC (Ergonomics) [PSYoungGen: 59893K->49492K(117760K)] [ParOldGen: 349454K->349328K(349696K)] 409347K->398821K(467456K), [Metaspace: 2817K->2817K(1056768K)], 0.0469858 secs] [Times: user=0.35 sys=0.01, real=0.05 secs] 
2021-01-21T22:10:32.676+0800: 26.764: [Full GC (Ergonomics) [PSYoungGen: 59904K->50740K(117760K)] [ParOldGen: 349328K->349182K(349696K)] 409232K->399922K(467456K), [Metaspace: 2817K->2817K(1056768K)], 0.0472932 secs] [Times: user=0.36 sys=0.00, real=0.05 secs] 
2021-01-21T22:10:32.726+0800: 26.814: [Full GC (Ergonomics) [PSYoungGen: 59638K->49881K(117760K)] [ParOldGen: 349182K->349388K(349696K)] 408821K->399269K(467456K), [Metaspace: 2817K->2817K(1056768K)], 0.0694666 secs] [Times: user=0.54 sys=0.00, real=0.07 secs] 
2021-01-21T22:10:32.797+0800: 26.886: [Full GC (Ergonomics) [PSYoungGen: 59556K->48751K(117760K)] [ParOldGen: 349388K->349457K(349696K)] 408944K->398209K(467456K), [Metaspace: 2817K->2817K(1056768K)], 0.1002024 secs] [Times: user=0.76 sys=0.01, real=0.11 secs] 
2021-01-21T22:10:32.904+0800: 26.992: [Full GC (Ergonomics) [PSYoungGen: 59653K->49178K(117760K)] [ParOldGen: 349457K->349074K(349696K)] 409110K->398253K(467456K), [Metaspace: 2817K->2817K(1056768K)], 0.0695342 secs] [Times: user=0.53 sys=0.00, real=0.07 secs] 
2021-01-21T22:10:32.975+0800: 27.063: [Full GC (Ergonomics) [PSYoungGen: 59239K->49138K(117760K)] [ParOldGen: 349074K->349677K(349696K)] 408313K->398815K(467456K), [Metaspace: 2817K->2817K(1056768K)], 0.0597041 secs] [Times: user=0.45 sys=0.00, real=0.06 secs] 
2021-01-21T22:10:33.037+0800: 27.125: [Full GC (Ergonomics) [PSYoungGen: 59653K->50185K(117760K)] [ParOldGen: 349677K->349435K(349696K)] 409330K->399621K(467456K), [Metaspace: 2817K->2817K(1056768K)], 0.0533312 secs] [Times: user=0.39 sys=0.01, real=0.06 secs] 
2021-01-21T22:10:33.091+0800: 27.179: [Full GC (Ergonomics) [PSYoungGen: 59679K->48445K(117760K)] [ParOldGen: 349435K->349435K(349696K)] 409114K->397881K(467456K), [Metaspace: 2817K->2817K(1056768K)], 0.0589742 secs] [Times: user=0.45 sys=0.00, real=0.06 secs] 
2021-01-21T22:10:33.152+0800: 27.240: [Full GC (Ergonomics) [PSYoungGen: 59887K->48488K(117760K)] [ParOldGen: 349435K->349554K(349696K)] 409323K->398043K(467456K), [Metaspace: 2817K->2817K(1056768K)], 0.0713096 secs] [Times: user=0.56 sys=0.00, real=0.07 secs] 
2021-01-21T22:10:33.226+0800: 27.314: [Full GC (Ergonomics) [PSYoungGen: 59774K->50013K(117760K)] [ParOldGen: 349554K->349276K(349696K)] 409329K->399290K(467456K), [Metaspace: 2817K->2817K(1056768K)], 0.0582507 secs] [Times: user=0.45 sys=0.00, real=0.06 secs] 
2021-01-21T22:10:33.286+0800: 27.374: [Full GC (Ergonomics) [PSYoungGen: 59805K->49061K(117760K)] [ParOldGen: 349276K->349335K(349696K)] 409082K->398397K(467456K), [Metaspace: 2817K->2817K(1056768K)], 0.0644251 secs] [Times: user=0.50 sys=0.00, real=0.07 secs] 
2021-01-21T22:10:33.353+0800: 27.441: [Full GC (Ergonomics) [PSYoungGen: 59880K->51611K(117760K)] [ParOldGen: 349335K->349368K(349696K)] 409216K->400979K(467456K), [Metaspace: 2817K->2817K(1056768K)], 0.0626029 secs] [Times: user=0.47 sys=0.01, real=0.06 secs] 
2021-01-21T22:10:33.417+0800: 27.505: [Full GC (Ergonomics) [PSYoungGen: 59904K->50091K(117760K)] [ParOldGen: 349368K->349358K(349696K)] 409272K->399450K(467456K), [Metaspace: 2817K->2817K(1056768K)], 0.0466658 secs] [Times: user=0.36 sys=0.00, real=0.05 secs] 
2021-01-21T22:10:33.466+0800: 27.554: [Full GC (Ergonomics) [PSYoungGen: 59861K->50350K(117760K)] [ParOldGen: 349358K->348861K(349696K)] 409220K->399212K(467456K), [Metaspace: 2817K->2817K(1056768K)], 0.0415544 secs] [Times: user=0.31 sys=0.00, real=0.04 secs] 
2021-01-21T22:10:33.510+0800: 27.598: [Full GC (Ergonomics) [PSYoungGen: 59869K->49391K(117760K)] [ParOldGen: 348861K->349377K(349696K)] 408731K->398768K(467456K), [Metaspace: 2817K->2817K(1056768K)], 0.0533069 secs] [Times: user=0.40 sys=0.00, real=0.05 secs] 
2021-01-21T22:10:33.565+0800: 27.654: [Full GC (Ergonomics) [PSYoungGen: 59736K->48801K(117760K)] [ParOldGen: 349377K->349672K(349696K)] 409113K->398473K(467456K), [Metaspace: 2817K->2817K(1056768K)], 0.0476767 secs] [Times: user=0.36 sys=0.00, real=0.05 secs] 
2021-01-21T22:10:33.615+0800: 27.703: [Full GC (Ergonomics) [PSYoungGen: 59867K->48244K(117760K)] [ParOldGen: 349672K->348911K(349696K)] 409540K->397156K(467456K), [Metaspace: 2817K->2817K(1056768K)], 0.0521298 secs] [Times: user=0.40 sys=0.00, real=0.05 secs] 
2021-01-21T22:10:33.669+0800: 27.757: [Full GC (Ergonomics) [PSYoungGen: 59904K->47203K(117760K)] [ParOldGen: 348911K->349067K(349696K)] 408815K->396270K(467456K), [Metaspace: 2817K->2817K(1056768K)], 0.0533934 secs] [Times: user=0.39 sys=0.01, real=0.05 secs] 
2021-01-21T22:10:33.726+0800: 27.814: [Full GC (Ergonomics) [PSYoungGen: 59862K->44742K(117760K)] [ParOldGen: 349067K->349647K(349696K)] 408930K->394389K(467456K), [Metaspace: 2817K->2817K(1056768K)], 0.0571350 secs] [Times: user=0.44 sys=0.00, real=0.06 secs] 
2021-01-21T22:10:33.785+0800: 27.874: [Full GC (Ergonomics) [PSYoungGen: 59823K->45503K(117760K)] [ParOldGen: 349647K->349474K(349696K)] 409470K->394977K(467456K), [Metaspace: 2817K->2817K(1056768K)], 0.0553526 secs] [Times: user=0.42 sys=0.01, real=0.06 secs] 
2021-01-21T22:10:33.844+0800: 27.932: [Full GC (Ergonomics) [PSYoungGen: 59455K->45148K(117760K)] [ParOldGen: 349474K->349393K(349696K)] 408929K->394541K(467456K), [Metaspace: 2817K->2817K(1056768K)], 0.0625731 secs] [Times: user=0.47 sys=0.01, real=0.06 secs] 
2021-01-21T22:10:33.911+0800: 27.999: [Full GC (Ergonomics) [PSYoungGen: 59283K->45919K(117760K)] [ParOldGen: 349393K->349511K(349696K)] 408677K->395430K(467456K), [Metaspace: 2817K->2817K(1056768K)], 0.0536439 secs] [Times: user=0.41 sys=0.00, real=0.05 secs] 
2021-01-21T22:10:33.967+0800: 28.055: [Full GC (Ergonomics) [PSYoungGen: 59904K->43385K(117760K)] [ParOldGen: 349511K->349130K(349696K)] 409415K->392516K(467456K), [Metaspace: 2817K->2817K(1056768K)], 0.0536809 secs] [Times: user=0.41 sys=0.01, real=0.06 secs] 
2021-01-21T22:10:34.023+0800: 28.112: [Full GC (Ergonomics) [PSYoungGen: 59904K->42091K(117760K)] [ParOldGen: 349130K->349217K(349696K)] 409034K->391308K(467456K), [Metaspace: 2817K->2817K(1056768K)], 0.0631407 secs] [Times: user=0.48 sys=0.00, real=0.06 secs] 
2021-01-21T22:10:34.089+0800: 28.178: [Full GC (Ergonomics) [PSYoungGen: 59834K->40482K(117760K)] [ParOldGen: 349217K->349681K(349696K)] 409051K->390164K(467456K), [Metaspace: 2817K->2817K(1056768K)], 0.0460767 secs] [Times: user=0.35 sys=0.00, real=0.04 secs] 
2021-01-21T22:10:34.139+0800: 28.227: [Full GC (Ergonomics) [PSYoungGen: 59904K->41630K(117760K)] [ParOldGen: 349681K->349623K(349696K)] 409585K->391254K(467456K), [Metaspace: 2817K->2817K(1056768K)], 0.0579237 secs] [Times: user=0.44 sys=0.00, real=0.05 secs] 
2021-01-21T22:10:34.199+0800: 28.287: [Full GC (Ergonomics) [PSYoungGen: 59407K->41396K(117760K)] [ParOldGen: 349623K->349360K(349696K)] 409031K->390757K(467456K), [Metaspace: 2817K->2817K(1056768K)], 0.0468343 secs] [Times: user=0.33 sys=0.00, real=0.04 secs] 
2021-01-21T22:10:34.249+0800: 28.337: [Full GC (Ergonomics) [PSYoungGen: 59827K->40773K(117760K)] [ParOldGen: 349360K->349603K(349696K)] 409187K->390376K(467456K), [Metaspace: 2817K->2817K(1056768K)], 0.0486825 secs] [Times: user=0.37 sys=0.00, real=0.04 secs] 
2021-01-21T22:10:34.301+0800: 28.389: [Full GC (Ergonomics) [PSYoungGen: 59898K->39804K(117760K)] [ParOldGen: 349603K->349533K(349696K)] 409501K->389338K(467456K), [Metaspace: 2817K->2817K(1056768K)], 0.0498568 secs] [Times: user=0.38 sys=0.00, real=0.05 secs] 
2021-01-21T22:10:34.354+0800: 28.442: [Full GC (Ergonomics) [PSYoungGen: 59904K->39584K(117760K)] [ParOldGen: 349533K->349225K(349696K)] 409437K->388809K(467456K), [Metaspace: 2817K->2817K(1056768K)], 0.0646623 secs] [Times: user=0.48 sys=0.02, real=0.07 secs] 
2021-01-21T22:10:34.421+0800: 28.510: [Full GC (Ergonomics) [PSYoungGen: 59882K->41084K(117760K)] [ParOldGen: 349225K->349334K(349696K)] 409108K->390419K(467456K), [Metaspace: 2817K->2817K(1056768K)], 0.0590607 secs] [Times: user=0.45 sys=0.00, real=0.06 secs] 
2021-01-21T22:10:34.483+0800: 28.572: [Full GC (Ergonomics) [PSYoungGen: 59904K->41425K(117760K)] [ParOldGen: 349334K->349041K(349696K)] 409238K->390466K(467456K), [Metaspace: 2817K->2817K(1056768K)], 0.0614327 secs] [Times: user=0.48 sys=0.00, real=0.06 secs] 
2021-01-21T22:10:34.548+0800: 28.636: [Full GC (Ergonomics) [PSYoungGen: 59904K->41650K(117760K)] [ParOldGen: 349041K->349265K(349696K)] 408945K->390915K(467456K), [Metaspace: 2817K->2817K(1056768K)], 0.0506288 secs] [Times: user=0.36 sys=0.03, real=0.06 secs] 
2021-01-21T22:10:34.602+0800: 28.690: [Full GC (Ergonomics) [PSYoungGen: 59903K->39993K(117760K)] [ParOldGen: 349265K->349644K(349696K)] 409168K->389637K(467456K), [Metaspace: 2817K->2817K(1056768K)], 0.0543284 secs] [Times: user=0.41 sys=0.01, real=0.05 secs] 
2021-01-21T22:10:34.660+0800: 28.749: [Full GC (Ergonomics) [PSYoungGen: 59868K->41789K(117760K)] [ParOldGen: 349644K->348882K(349696K)] 409513K->390671K(467456K), [Metaspace: 2817K->2817K(1056768K)], 0.0501689 secs] [Times: user=0.39 sys=0.00, real=0.05 secs] 
2021-01-21T22:10:34.714+0800: 28.802: [Full GC (Ergonomics) [PSYoungGen: 59904K->39833K(117760K)] [ParOldGen: 348882K->349385K(349696K)] 408786K->389218K(467456K), [Metaspace: 2817K->2817K(1056768K)], 0.0541251 secs] [Times: user=0.40 sys=0.01, real=0.06 secs] 
2021-01-21T22:10:34.771+0800: 28.859: [Full GC (Ergonomics) [PSYoungGen: 59824K->39677K(117760K)] [ParOldGen: 349385K->349383K(349696K)] 409210K->389061K(467456K), [Metaspace: 2817K->2817K(1056768K)], 0.0450703 secs] [Times: user=0.34 sys=0.00, real=0.04 secs] 
2021-01-21T22:10:34.820+0800: 28.908: [Full GC (Ergonomics) [PSYoungGen: 59647K->41324K(117760K)] [ParOldGen: 349383K->349445K(349696K)] 409030K->390769K(467456K), [Metaspace: 2817K->2817K(1056768K)], 0.0566672 secs] [Times: user=0.42 sys=0.01, real=0.05 secs] 
2021-01-21T22:10:34.879+0800: 28.967: [Full GC (Ergonomics) [PSYoungGen: 59904K->41560K(117760K)] [ParOldGen: 349445K->349564K(349696K)] 409349K->391124K(467456K), [Metaspace: 2817K->2817K(1056768K)], 0.0526477 secs] [Times: user=0.40 sys=0.00, real=0.05 secs] 
2021-01-21T22:10:34.934+0800: 29.023: [Full GC (Ergonomics) [PSYoungGen: 59889K->39301K(117760K)] [ParOldGen: 349564K->349347K(349696K)] 409453K->388649K(467456K), [Metaspace: 2817K->2817K(1056768K)], 0.0507192 secs] [Times: user=0.40 sys=0.00, real=0.05 secs] 
2021-01-21T22:10:34.988+0800: 29.077: [Full GC (Ergonomics) [PSYoungGen: 59274K->35002K(117760K)] [ParOldGen: 349347K->349335K(349696K)] 408622K->384337K(467456K), [Metaspace: 2817K->2817K(1056768K)], 0.0462481 secs] [Times: user=0.33 sys=0.00, real=0.04 secs] 
2021-01-21T22:10:35.038+0800: 29.126: [Full GC (Ergonomics) [PSYoungGen: 59787K->36550K(117760K)] [ParOldGen: 349335K->349515K(349696K)] 409122K->386066K(467456K), [Metaspace: 2817K->2817K(1056768K)], 0.0498564 secs] [Times: user=0.36 sys=0.02, real=0.06 secs] 
2021-01-21T22:10:35.094+0800: 29.182: [Full GC (Ergonomics) [PSYoungGen: 59763K->34805K(117760K)] [ParOldGen: 349515K->349686K(349696K)] 409279K->384491K(467456K), [Metaspace: 2817K->2817K(1056768K)], 0.0495096 secs] [Times: user=0.34 sys=0.02, real=0.05 secs] 
2021-01-21T22:10:35.147+0800: 29.236: [Full GC (Ergonomics) [PSYoungGen: 59619K->35564K(117760K)] [ParOldGen: 349686K->349055K(349696K)] 409305K->384620K(467456K), [Metaspace: 2817K->2817K(1056768K)], 0.0569641 secs] [Times: user=0.44 sys=0.00, real=0.06 secs] 
2021-01-21T22:10:35.209+0800: 29.298: [Full GC (Ergonomics) [PSYoungGen: 59904K->35026K(117760K)] [ParOldGen: 349055K->349656K(349696K)] 408959K->384682K(467456K), [Metaspace: 2817K->2817K(1056768K)], 0.0570076 secs] [Times: user=0.44 sys=0.00, real=0.05 secs] 
2021-01-21T22:10:35.270+0800: 29.358: [Full GC (Ergonomics) [PSYoungGen: 59675K->37221K(117760K)] [ParOldGen: 349656K->349444K(349696K)] 409331K->386665K(467456K), [Metaspace: 2817K->2817K(1056768K)], 0.0507904 secs] [Times: user=0.39 sys=0.00, real=0.05 secs] 
2021-01-21T22:10:35.325+0800: 29.414: [Full GC (Ergonomics) [PSYoungGen: 59904K->39172K(117760K)] [ParOldGen: 349444K->348832K(349696K)] 409348K->388005K(467456K), [Metaspace: 2817K->2817K(1056768K)], 0.0505850 secs] [Times: user=0.39 sys=0.00, real=0.05 secs] 
2021-01-21T22:10:35.379+0800: 29.467: [Full GC (Ergonomics) [PSYoungGen: 59901K->39374K(117760K)] [ParOldGen: 348832K->349170K(349696K)] 408734K->388544K(467456K), [Metaspace: 2817K->2817K(1056768K)], 0.0432941 secs] [Times: user=0.31 sys=0.01, real=0.04 secs] 
2021-01-21T22:10:35.426+0800: 29.514: [Full GC (Ergonomics) [PSYoungGen: 59841K->38700K(117760K)] [ParOldGen: 349170K->348694K(349696K)] 409011K->387395K(467456K), [Metaspace: 2817K->2817K(1056768K)], 0.0447544 secs] [Times: user=0.33 sys=0.01, real=0.05 secs] 
2021-01-21T22:10:35.476+0800: 29.564: [Full GC (Ergonomics) [PSYoungGen: 59848K->39845K(117760K)] [ParOldGen: 348694K->349213K(349696K)] 408543K->389058K(467456K), [Metaspace: 2817K->2817K(1056768K)], 0.0454186 secs] [Times: user=0.34 sys=0.01, real=0.05 secs] 
2021-01-21T22:10:35.525+0800: 29.613: [Full GC (Ergonomics) [PSYoungGen: 59870K->39097K(117760K)] [ParOldGen: 349213K->349598K(349696K)] 409083K->388696K(467456K), [Metaspace: 2817K->2817K(1056768K)], 0.0537584 secs] [Times: user=0.37 sys=0.01, real=0.06 secs] 
2021-01-21T22:10:35.582+0800: 29.671: [Full GC (Ergonomics) [PSYoungGen: 59813K->41078K(117760K)] [ParOldGen: 349598K->349594K(349696K)] 409412K->390672K(467456K), [Metaspace: 2817K->2817K(1056768K)], 0.0650516 secs] [Times: user=0.49 sys=0.01, real=0.06 secs] 
2021-01-21T22:10:35.650+0800: 29.739: [Full GC (Ergonomics) [PSYoungGen: 59904K->41423K(117760K)] [ParOldGen: 349594K->349669K(349696K)] 409498K->391092K(467456K), [Metaspace: 2817K->2817K(1056768K)], 0.0632163 secs] [Times: user=0.48 sys=0.00, real=0.06 secs] 
2021-01-21T22:10:35.717+0800: 29.806: [Full GC (Ergonomics) [PSYoungGen: 59726K->44554K(117760K)] [ParOldGen: 349669K->349364K(349696K)] 409395K->393919K(467456K), [Metaspace: 2817K->2817K(1056768K)], 0.0537732 secs] [Times: user=0.41 sys=0.00, real=0.06 secs] 
2021-01-21T22:10:35.775+0800: 29.863: [Full GC (Ergonomics) [PSYoungGen: 59849K->43407K(117760K)] [ParOldGen: 349364K->348996K(349696K)] 409214K->392404K(467456K), [Metaspace: 2817K->2817K(1056768K)], 0.0598905 secs] [Times: user=0.46 sys=0.00, real=0.06 secs] 
2021-01-21T22:10:35.837+0800: 29.925: [Full GC (Ergonomics) [PSYoungGen: 59223K->40858K(117760K)] [ParOldGen: 348996K->349326K(349696K)] 408220K->390185K(467456K), [Metaspace: 2817K->2817K(1056768K)], 0.0495010 secs] [Times: user=0.34 sys=0.01, real=0.05 secs] 
2021-01-21T22:10:35.890+0800: 29.978: [Full GC (Ergonomics) [PSYoungGen: 59904K->43295K(117760K)] [ParOldGen: 349326K->348982K(349696K)] 409230K->392278K(467456K), [Metaspace: 2817K->2817K(1056768K)], 0.0544429 secs] [Times: user=0.41 sys=0.00, real=0.05 secs] 
2021-01-21T22:10:35.947+0800: 30.035: [Full GC (Ergonomics) [PSYoungGen: 59483K->40400K(117760K)] [ParOldGen: 348982K->349508K(349696K)] 408465K->389908K(467456K), [Metaspace: 2817K->2817K(1056768K)], 0.0388156 secs] [Times: user=0.27 sys=0.00, real=0.04 secs] 
2021-01-21T22:10:35.989+0800: 30.077: [Full GC (Ergonomics) [PSYoungGen: 59851K->41030K(117760K)] [ParOldGen: 349508K->349608K(349696K)] 409359K->390638K(467456K), [Metaspace: 2817K->2817K(1056768K)], 0.0484048 secs] [Times: user=0.37 sys=0.00, real=0.04 secs] 
2021-01-21T22:10:36.042+0800: 30.130: [Full GC (Ergonomics) [PSYoungGen: 59648K->40813K(117760K)] [ParOldGen: 349608K->348848K(349696K)] 409256K->389662K(467456K), [Metaspace: 2817K->2817K(1056768K)], 0.0486375 secs] [Times: user=0.36 sys=0.01, real=0.05 secs] 
2021-01-21T22:10:36.094+0800: 30.182: [Full GC (Ergonomics) [PSYoungGen: 59444K->38328K(117760K)] [ParOldGen: 348848K->349405K(349696K)] 408293K->387733K(467456K), [Metaspace: 2817K->2817K(1056768K)], 0.0572587 secs] [Times: user=0.42 sys=0.01, real=0.06 secs] 
2021-01-21T22:10:36.154+0800: 30.242: [Full GC (Ergonomics) [PSYoungGen: 59582K->38921K(117760K)] [ParOldGen: 349405K->348701K(349696K)] 408987K->387623K(467456K), [Metaspace: 2817K->2817K(1056768K)], 0.0528718 secs] [Times: user=0.40 sys=0.00, real=0.05 secs] 
2021-01-21T22:10:36.210+0800: 30.298: [Full GC (Ergonomics) [PSYoungGen: 59789K->41147K(117760K)] [ParOldGen: 348701K->349178K(349696K)] 408490K->390326K(467456K), [Metaspace: 2817K->2817K(1056768K)], 0.0517045 secs] [Times: user=0.39 sys=0.01, real=0.05 secs] 
2021-01-21T22:10:36.265+0800: 30.353: [Full GC (Ergonomics) [PSYoungGen: 59690K->40609K(117760K)] [ParOldGen: 349178K->349457K(349696K)] 408869K->390067K(467456K), [Metaspace: 2817K->2817K(1056768K)], 0.0533661 secs] [Times: user=0.39 sys=0.02, real=0.06 secs] 
2021-01-21T22:10:36.321+0800: 30.410: [Full GC (Ergonomics) [PSYoungGen: 59862K->38542K(117760K)] [ParOldGen: 349457K->349662K(349696K)] 409320K->388204K(467456K), [Metaspace: 2817K->2817K(1056768K)], 0.0564926 secs] [Times: user=0.40 sys=0.02, real=0.06 secs] 
2021-01-21T22:10:36.381+0800: 30.469: [Full GC (Ergonomics) [PSYoungGen: 59838K->42946K(117760K)] [ParOldGen: 349662K->349607K(349696K)] 409501K->392554K(467456K), [Metaspace: 2817K->2817K(1056768K)], 0.0554925 secs] [Times: user=0.43 sys=0.00, real=0.05 secs] 
2021-01-21T22:10:36.439+0800: 30.527: [Full GC (Ergonomics) [PSYoungGen: 59368K->46005K(117760K)] [ParOldGen: 349607K->349400K(349696K)] 408976K->395405K(467456K), [Metaspace: 2817K->2817K(1056768K)], 0.0525155 secs] [Times: user=0.40 sys=0.00, real=0.05 secs] 
2021-01-21T22:10:36.494+0800: 30.582: [Full GC (Ergonomics) [PSYoungGen: 59853K->46338K(117760K)] [ParOldGen: 349400K->349304K(349696K)] 409254K->395643K(467456K), [Metaspace: 2817K->2817K(1056768K)], 0.0486621 secs] [Times: user=0.36 sys=0.01, real=0.05 secs] 
2021-01-21T22:10:36.545+0800: 30.633: [Full GC (Ergonomics) [PSYoungGen: 59290K->46170K(117760K)] [ParOldGen: 349304K->349541K(349696K)] 408594K->395711K(467456K), [Metaspace: 2817K->2817K(1056768K)], 0.0478368 secs] [Times: user=0.37 sys=0.00, real=0.05 secs] 
2021-01-21T22:10:36.595+0800: 30.683: [Full GC (Ergonomics) [PSYoungGen: 59371K->45141K(117760K)] [ParOldGen: 349541K->349577K(349696K)] 408912K->394718K(467456K), [Metaspace: 2817K->2817K(1056768K)], 0.0428465 secs] [Times: user=0.33 sys=0.00, real=0.04 secs] 
2021-01-21T22:10:36.641+0800: 30.730: [Full GC (Ergonomics) [PSYoungGen: 59772K->45746K(117760K)] [ParOldGen: 349577K->349523K(349696K)] 409349K->395270K(467456K), [Metaspace: 2817K->2817K(1056768K)], 0.0566991 secs] [Times: user=0.43 sys=0.00, real=0.06 secs] 
2021-01-21T22:10:36.701+0800: 30.789: [Full GC (Ergonomics) [PSYoungGen: 59684K->45629K(117760K)] [ParOldGen: 349523K->349218K(349696K)] 409207K->394847K(467456K), [Metaspace: 2817K->2817K(1056768K)], 0.0756293 secs] [Times: user=0.57 sys=0.02, real=0.07 secs] 
2021-01-21T22:10:36.780+0800: 30.868: [Full GC (Ergonomics) [PSYoungGen: 59824K->45617K(117760K)] [ParOldGen: 349218K->349159K(349696K)] 409042K->394777K(467456K), [Metaspace: 2817K->2817K(1056768K)], 0.0711093 secs] [Times: user=0.55 sys=0.01, real=0.07 secs] 
2021-01-21T22:10:36.853+0800: 30.941: [Full GC (Ergonomics) [PSYoungGen: 59783K->45774K(117760K)] [ParOldGen: 349159K->349282K(349696K)] 408942K->395056K(467456K), [Metaspace: 2817K->2817K(1056768K)], 0.0557497 secs] [Times: user=0.41 sys=0.00, real=0.06 secs] 
2021-01-21T22:10:36.911+0800: 30.999: [Full GC (Ergonomics) [PSYoungGen: 59904K->43363K(117760K)] [ParOldGen: 349282K->349383K(349696K)] 409186K->392747K(467456K), [Metaspace: 2817K->2817K(1056768K)], 0.0529787 secs] [Times: user=0.41 sys=0.00, real=0.05 secs] 
2021-01-21T22:10:36.967+0800: 31.055: [Full GC (Ergonomics) [PSYoungGen: 59510K->42611K(117760K)] [ParOldGen: 349383K->349361K(349696K)] 408893K->391972K(467456K), [Metaspace: 2817K->2817K(1056768K)], 0.0518145 secs] [Times: user=0.40 sys=0.01, real=0.06 secs] 
2021-01-21T22:10:37.022+0800: 31.110: [Full GC (Ergonomics) [PSYoungGen: 59643K->43583K(117760K)] [ParOldGen: 349361K->349379K(349696K)] 409004K->392962K(467456K), [Metaspace: 2817K->2817K(1056768K)], 0.0475030 secs] [Times: user=0.36 sys=0.00, real=0.05 secs] 
2021-01-21T22:10:37.073+0800: 31.162: [Full GC (Ergonomics) [PSYoungGen: 59727K->43318K(117760K)] [ParOldGen: 349379K->349294K(349696K)] 409106K->392613K(467456K), [Metaspace: 2817K->2817K(1056768K)], 0.0575595 secs] [Times: user=0.41 sys=0.01, real=0.06 secs] 
2021-01-21T22:10:37.134+0800: 31.222: [Full GC (Ergonomics) [PSYoungGen: 59697K->42037K(117760K)] [ParOldGen: 349294K->349124K(349696K)] 408991K->391161K(467456K), [Metaspace: 2817K->2817K(1056768K)], 0.0536056 secs] [Times: user=0.40 sys=0.00, real=0.05 secs] 
2021-01-21T22:10:37.191+0800: 31.280: [Full GC (Ergonomics) [PSYoungGen: 59856K->43208K(117760K)] [ParOldGen: 349124K->349542K(349696K)] 408981K->392750K(467456K), [Metaspace: 2817K->2817K(1056768K)], 0.0534432 secs] [Times: user=0.39 sys=0.02, real=0.05 secs] 
2021-01-21T22:10:37.248+0800: 31.336: [Full GC (Ergonomics) [PSYoungGen: 59794K->43879K(117760K)] [ParOldGen: 349542K->349619K(349696K)] 409336K->393499K(467456K), [Metaspace: 2817K->2817K(1056768K)], 0.0468244 secs] [Times: user=0.36 sys=0.00, real=0.05 secs] 
2021-01-21T22:10:37.298+0800: 31.386: [Full GC (Ergonomics) [PSYoungGen: 59700K->40958K(117760K)] [ParOldGen: 349619K->349348K(349696K)] 409320K->390306K(467456K), [Metaspace: 2817K->2817K(1056768K)], 0.0467144 secs] [Times: user=0.35 sys=0.00, real=0.05 secs] 
2021-01-21T22:10:37.347+0800: 31.435: [Full GC (Ergonomics) [PSYoungGen: 59794K->43633K(117760K)] [ParOldGen: 349348K->349349K(349696K)] 409143K->392982K(467456K), [Metaspace: 2817K->2817K(1056768K)], 0.0496445 secs] [Times: user=0.36 sys=0.02, real=0.05 secs] 
2021-01-21T22:10:37.400+0800: 31.488: [Full GC (Ergonomics) [PSYoungGen: 59669K->43927K(117760K)] [ParOldGen: 349349K->349576K(349696K)] 409018K->393503K(467456K), [Metaspace: 2817K->2817K(1056768K)], 0.0521974 secs] [Times: user=0.40 sys=0.00, real=0.05 secs] 
2021-01-21T22:10:37.454+0800: 31.542: [Full GC (Ergonomics) [PSYoungGen: 59197K->42318K(117760K)] [ParOldGen: 349576K->349210K(349696K)] 408773K->391529K(467456K), [Metaspace: 2817K->2817K(1056768K)], 0.0467533 secs] [Times: user=0.34 sys=0.02, real=0.05 secs] 
2021-01-21T22:10:37.504+0800: 31.592: [Full GC (Ergonomics) [PSYoungGen: 59904K->41772K(117760K)] [ParOldGen: 349210K->349470K(349696K)] 409114K->391242K(467456K), [Metaspace: 2817K->2817K(1056768K)], 0.0479241 secs] [Times: user=0.36 sys=0.00, real=0.05 secs] 
2021-01-21T22:10:37.555+0800: 31.644: [Full GC (Ergonomics) [PSYoungGen: 59904K->40088K(117760K)] [ParOldGen: 349470K->349041K(349696K)] 409374K->389130K(467456K), [Metaspace: 2817K->2817K(1056768K)], 0.0448980 secs] [Times: user=0.35 sys=0.00, real=0.05 secs] 
2021-01-21T22:10:37.603+0800: 31.691: [Full GC (Ergonomics) [PSYoungGen: 59859K->40086K(117760K)] [ParOldGen: 349041K->349068K(349696K)] 408900K->389155K(467456K), [Metaspace: 2817K->2817K(1056768K)], 0.0461701 secs] [Times: user=0.35 sys=0.00, real=0.05 secs] 
2021-01-21T22:10:37.652+0800: 31.740: [Full GC (Ergonomics) [PSYoungGen: 59726K->36929K(117760K)] [ParOldGen: 349068K->349631K(349696K)] 408795K->386561K(467456K), [Metaspace: 2817K->2817K(1056768K)], 0.0457840 secs] [Times: user=0.35 sys=0.00, real=0.04 secs] 
2021-01-21T22:10:37.701+0800: 31.789: [Full GC (Ergonomics) [PSYoungGen: 59705K->37881K(117760K)] [ParOldGen: 349631K->349384K(349696K)] 409336K->387266K(467456K), [Metaspace: 2817K->2817K(1056768K)], 0.0501675 secs] [Times: user=0.37 sys=0.00, real=0.05 secs] 
2021-01-21T22:10:37.756+0800: 31.844: [Full GC (Ergonomics) [PSYoungGen: 59562K->36674K(117760K)] [ParOldGen: 349384K->349108K(349696K)] 408947K->385783K(467456K), [Metaspace: 2817K->2817K(1056768K)], 0.0456801 secs] [Times: user=0.35 sys=0.00, real=0.05 secs] 
2021-01-21T22:10:37.806+0800: 31.895: [Full GC (Ergonomics) [PSYoungGen: 59634K->36125K(117760K)] [ParOldGen: 349108K->349680K(349696K)] 408742K->385805K(467456K), [Metaspace: 2817K->2817K(1056768K)], 0.0536674 secs] [Times: user=0.41 sys=0.01, real=0.06 secs] 
2021-01-21T22:10:37.863+0800: 31.951: [Full GC (Ergonomics) [PSYoungGen: 59891K->35547K(117760K)] [ParOldGen: 349680K->349615K(349696K)] 409572K->385162K(467456K), [Metaspace: 2817K->2817K(1056768K)], 0.0544432 secs] [Times: user=0.42 sys=0.00, real=0.05 secs] 
2021-01-21T22:10:37.923+0800: 32.011: [Full GC (Ergonomics) [PSYoungGen: 59904K->32206K(117760K)] [ParOldGen: 349615K->349240K(349696K)] 409519K->381446K(467456K), [Metaspace: 2817K->2817K(1056768K)], 0.0687405 secs] [Times: user=0.52 sys=0.02, real=0.07 secs] 
2021-01-21T22:10:37.996+0800: 32.084: [Full GC (Ergonomics) [PSYoungGen: 59904K->31462K(117760K)] [ParOldGen: 349240K->349617K(349696K)] 409144K->381079K(467456K), [Metaspace: 2817K->2817K(1056768K)], 0.0532201 secs] [Times: user=0.41 sys=0.00, real=0.06 secs] 
2021-01-21T22:10:38.053+0800: 32.141: [Full GC (Ergonomics) [PSYoungGen: 59787K->30629K(117760K)] [ParOldGen: 349617K->349599K(349696K)] 409404K->380228K(467456K), [Metaspace: 2817K->2817K(1056768K)], 0.0613823 secs] [Times: user=0.47 sys=0.00, real=0.06 secs] 
2021-01-21T22:10:38.118+0800: 32.206: [Full GC (Ergonomics) [PSYoungGen: 59804K->30283K(117760K)] [ParOldGen: 349599K->349493K(349696K)] 409403K->379777K(467456K), [Metaspace: 2817K->2817K(1056768K)], 0.0618982 secs] [Times: user=0.47 sys=0.00, real=0.06 secs] 
2021-01-21T22:10:38.185+0800: 32.273: [Full GC (Ergonomics) [PSYoungGen: 59833K->28276K(117760K)] [ParOldGen: 349493K->349501K(349696K)] 409327K->377777K(467456K), [Metaspace: 2817K->2817K(1056768K)], 0.0510564 secs] [Times: user=0.40 sys=0.00, real=0.05 secs] 
2021-01-21T22:10:38.242+0800: 32.331: [Full GC (Ergonomics) [PSYoungGen: 59904K->28656K(117760K)] [ParOldGen: 349501K->349515K(349696K)] 409405K->378172K(467456K), [Metaspace: 2817K->2817K(1056768K)], 0.0508162 secs] [Times: user=0.39 sys=0.00, real=0.05 secs] 
2021-01-21T22:10:38.297+0800: 32.386: [Full GC (Ergonomics) [PSYoungGen: 59783K->32484K(117760K)] [ParOldGen: 349515K->349221K(349696K)] 409298K->381705K(467456K), [Metaspace: 2817K->2817K(1056768K)], 0.0533242 secs] [Times: user=0.40 sys=0.01, real=0.06 secs] 
2021-01-21T22:10:38.355+0800: 32.444: [Full GC (Ergonomics) [PSYoungGen: 59904K->28879K(117760K)] [ParOldGen: 349221K->349246K(349696K)] 409125K->378126K(467456K), [Metaspace: 2817K->2817K(1056768K)], 0.0617729 secs] [Times: user=0.48 sys=0.00, real=0.06 secs] 
2021-01-21T22:10:38.422+0800: 32.510: [Full GC (Ergonomics) [PSYoungGen: 59350K->27598K(117760K)] [ParOldGen: 349246K->349425K(349696K)] 408597K->377023K(467456K), [Metaspace: 2817K->2817K(1056768K)], 0.0515399 secs] [Times: user=0.39 sys=0.01, real=0.05 secs] 
2021-01-21T22:10:38.478+0800: 32.567: [Full GC (Ergonomics) [PSYoungGen: 59369K->24995K(117760K)] [ParOldGen: 349425K->349449K(349696K)] 408794K->374444K(467456K), [Metaspace: 2817K->2817K(1056768K)], 0.0489239 secs] [Times: user=0.38 sys=0.00, real=0.04 secs] 
2021-01-21T22:10:38.532+0800: 32.620: [Full GC (Ergonomics) [PSYoungGen: 59893K->29088K(117760K)] [ParOldGen: 349449K->349015K(349696K)] 409342K->378103K(467456K), [Metaspace: 2817K->2817K(1056768K)], 0.0478632 secs] [Times: user=0.37 sys=0.00, real=0.05 secs] 
2021-01-21T22:10:38.584+0800: 32.672: [Full GC (Ergonomics) [PSYoungGen: 59533K->28339K(117760K)] [ParOldGen: 349015K->349218K(349696K)] 408549K->377558K(467456K), [Metaspace: 2817K->2817K(1056768K)], 0.0514070 secs] [Times: user=0.40 sys=0.00, real=0.05 secs] 
2021-01-21T22:10:38.641+0800: 32.730: [Full GC (Ergonomics) [PSYoungGen: 59904K->28578K(117760K)] [ParOldGen: 349218K->349413K(349696K)] 409122K->377991K(467456K), [Metaspace: 2817K->2817K(1056768K)], 0.0494805 secs] [Times: user=0.39 sys=0.00, real=0.05 secs] 
2021-01-21T22:10:38.696+0800: 32.784: [Full GC (Ergonomics) [PSYoungGen: 59904K->26746K(117760K)] [ParOldGen: 349413K->349413K(349696K)] 409317K->376159K(467456K), [Metaspace: 2817K->2817K(1056768K)], 0.0492375 secs] [Times: user=0.37 sys=0.01, real=0.05 secs] 
2021-01-21T22:10:38.751+0800: 32.839: [Full GC (Ergonomics) [PSYoungGen: 59841K->28595K(117760K)] [ParOldGen: 349413K->349501K(349696K)] 409254K->378097K(467456K), [Metaspace: 2817K->2817K(1056768K)], 0.0462837 secs] [Times: user=0.35 sys=0.00, real=0.04 secs] 
2021-01-21T22:10:38.802+0800: 32.890: [Full GC (Ergonomics) [PSYoungGen: 59812K->31113K(117760K)] [ParOldGen: 349501K->349375K(349696K)] 409313K->380489K(467456K), [Metaspace: 2817K->2817K(1056768K)], 0.0496202 secs] [Times: user=0.37 sys=0.00, real=0.05 secs] 
2021-01-21T22:10:38.857+0800: 32.946: [Full GC (Ergonomics) [PSYoungGen: 59864K->32954K(117760K)] [ParOldGen: 349375K->349212K(349696K)] 409240K->382167K(467456K), [Metaspace: 2817K->2817K(1056768K)], 0.0546302 secs] [Times: user=0.42 sys=0.00, real=0.06 secs] 
2021-01-21T22:10:38.916+0800: 33.005: [Full GC (Ergonomics) [PSYoungGen: 59821K->29487K(117760K)] [ParOldGen: 349212K->349426K(349696K)] 409034K->378913K(467456K), [Metaspace: 2817K->2817K(1056768K)], 0.0464735 secs] [Times: user=0.35 sys=0.00, real=0.05 secs] 
2021-01-21T22:10:38.967+0800: 33.055: [Full GC (Ergonomics) [PSYoungGen: 59663K->27148K(117760K)] [ParOldGen: 349426K->349622K(349696K)] 409090K->376771K(467456K), [Metaspace: 2817K->2817K(1056768K)], 0.0480300 secs] [Times: user=0.35 sys=0.02, real=0.05 secs] 
2021-01-21T22:10:39.020+0800: 33.108: [Full GC (Ergonomics) [PSYoungGen: 59783K->26631K(117760K)] [ParOldGen: 349622K->349375K(349696K)] 409406K->376007K(467456K), [Metaspace: 2817K->2817K(1056768K)], 0.0487320 secs] [Times: user=0.37 sys=0.00, real=0.05 secs] 
2021-01-21T22:10:39.075+0800: 33.163: [Full GC (Ergonomics) [PSYoungGen: 59821K->27818K(117760K)] [ParOldGen: 349375K->349425K(349696K)] 409196K->377244K(467456K), [Metaspace: 2817K->2817K(1056768K)], 0.0814216 secs] [Times: user=0.59 sys=0.02, real=0.08 secs] 
2021-01-21T22:10:39.160+0800: 33.249: [Full GC (Ergonomics) [PSYoungGen: 59866K->29478K(117760K)] [ParOldGen: 349425K->349367K(349696K)] 409292K->378845K(467456K), [Metaspace: 2817K->2817K(1056768K)], 0.0835821 secs] [Times: user=0.61 sys=0.01, real=0.08 secs] 
2021-01-21T22:10:39.252+0800: 33.341: [Full GC (Ergonomics) [PSYoungGen: 59507K->31691K(117760K)] [ParOldGen: 349367K->349506K(349696K)] 408875K->381197K(467456K), [Metaspace: 2817K->2817K(1056768K)], 0.0772161 secs] [Times: user=0.59 sys=0.00, real=0.08 secs] 
2021-01-21T22:10:39.334+0800: 33.422: [Full GC (Ergonomics) [PSYoungGen: 59904K->35275K(117760K)] [ParOldGen: 349506K->349408K(349696K)] 409410K->384683K(467456K), [Metaspace: 2817K->2817K(1056768K)], 0.0662466 secs] [Times: user=0.50 sys=0.00, real=0.07 secs] 
2021-01-21T22:10:39.405+0800: 33.493: [Full GC (Ergonomics) [PSYoungGen: 59904K->34512K(117760K)] [ParOldGen: 349408K->349131K(349696K)] 409312K->383644K(467456K), [Metaspace: 2817K->2817K(1056768K)], 0.0424397 secs] [Times: user=0.30 sys=0.01, real=0.04 secs] 
2021-01-21T22:10:39.451+0800: 33.539: [Full GC (Ergonomics) [PSYoungGen: 59817K->33831K(117760K)] [ParOldGen: 349131K->349633K(349696K)] 408948K->383465K(467456K), [Metaspace: 2817K->2817K(1056768K)], 0.0436684 secs] [Times: user=0.34 sys=0.00, real=0.04 secs] 
2021-01-21T22:10:39.499+0800: 33.588: [Full GC (Ergonomics) [PSYoungGen: 59904K->32572K(117760K)] [ParOldGen: 349633K->349664K(349696K)] 409537K->382237K(467456K), [Metaspace: 2817K->2817K(1056768K)], 0.0478072 secs] [Times: user=0.35 sys=0.00, real=0.04 secs] 
2021-01-21T22:10:39.551+0800: 33.639: [Full GC (Ergonomics) [PSYoungGen: 59868K->35107K(117760K)] [ParOldGen: 349664K->349313K(349696K)] 409533K->384420K(467456K), [Metaspace: 2817K->2817K(1056768K)], 0.0440273 secs] [Times: user=0.33 sys=0.01, real=0.04 secs] 
2021-01-21T22:10:39.599+0800: 33.687: [Full GC (Ergonomics) [PSYoungGen: 59835K->36102K(117760K)] [ParOldGen: 349313K->349470K(349696K)] 409148K->385573K(467456K), [Metaspace: 2817K->2817K(1056768K)], 0.0466404 secs] [Times: user=0.36 sys=0.00, real=0.04 secs] 
2021-01-21T22:10:39.649+0800: 33.737: [Full GC (Ergonomics) [PSYoungGen: 59730K->36242K(117760K)] [ParOldGen: 349470K->349407K(349696K)] 409200K->385650K(467456K), [Metaspace: 2817K->2817K(1056768K)], 0.0456519 secs] [Times: user=0.35 sys=0.00, real=0.04 secs] 
2021-01-21T22:10:39.699+0800: 33.787: [Full GC (Ergonomics) [PSYoungGen: 59786K->35674K(117760K)] [ParOldGen: 349407K->349623K(349696K)] 409193K->385297K(467456K), [Metaspace: 2817K->2817K(1056768K)], 0.0532475 secs] [Times: user=0.40 sys=0.01, real=0.05 secs] 
2021-01-21T22:10:39.757+0800: 33.845: [Full GC (Ergonomics) [PSYoungGen: 59758K->34362K(117760K)] [ParOldGen: 349623K->349548K(349696K)] 409381K->383911K(467456K), [Metaspace: 2817K->2817K(1056768K)], 0.0504598 secs] [Times: user=0.39 sys=0.00, real=0.05 secs] 
2021-01-21T22:10:39.811+0800: 33.899: [Full GC (Ergonomics) [PSYoungGen: 59654K->32681K(117760K)] [ParOldGen: 349548K->349393K(349696K)] 409202K->382074K(467456K), [Metaspace: 2817K->2817K(1056768K)], 0.0590962 secs] [Times: user=0.44 sys=0.01, real=0.06 secs] 
2021-01-21T22:10:39.875+0800: 33.963: [Full GC (Ergonomics) [PSYoungGen: 59805K->34066K(117760K)] [ParOldGen: 349393K->349572K(349696K)] 409199K->383639K(467456K), [Metaspace: 2817K->2817K(1056768K)], 0.0528870 secs] [Times: user=0.40 sys=0.01, real=0.05 secs] 
2021-01-21T22:10:39.932+0800: 34.020: [Full GC (Ergonomics) [PSYoungGen: 59880K->32203K(117760K)] [ParOldGen: 349572K->349410K(349696K)] 409453K->381614K(467456K), [Metaspace: 2817K->2817K(1056768K)], 0.0497121 secs] [Times: user=0.37 sys=0.00, real=0.05 secs] 
2021-01-21T22:10:39.988+0800: 34.076: [Full GC (Ergonomics) [PSYoungGen: 59863K->33629K(117760K)] [ParOldGen: 349410K->349293K(349696K)] 409273K->382923K(467456K), [Metaspace: 2817K->2817K(1056768K)], 0.0590327 secs] [Times: user=0.43 sys=0.02, real=0.06 secs] 
2021-01-21T22:10:40.050+0800: 34.139: [Full GC (Ergonomics) [PSYoungGen: 59614K->34801K(117760K)] [ParOldGen: 349293K->349561K(349696K)] 408908K->384362K(467456K), [Metaspace: 2817K->2817K(1056768K)], 0.0621732 secs] [Times: user=0.45 sys=0.00, real=0.06 secs] 
2021-01-21T22:10:40.116+0800: 34.204: [Full GC (Ergonomics) [PSYoungGen: 59864K->35879K(117760K)] [ParOldGen: 349561K->349276K(349696K)] 409426K->385156K(467456K), [Metaspace: 2817K->2817K(1056768K)], 0.0612327 secs] [Times: user=0.45 sys=0.01, real=0.06 secs] 
2021-01-21T22:10:40.181+0800: 34.269: [Full GC (Ergonomics) [PSYoungGen: 59731K->36591K(117760K)] [ParOldGen: 349276K->349322K(349696K)] 409007K->385913K(467456K), [Metaspace: 2817K->2817K(1056768K)], 0.0549298 secs] [Times: user=0.42 sys=0.00, real=0.05 secs] 
2021-01-21T22:10:40.240+0800: 34.328: [Full GC (Ergonomics) [PSYoungGen: 59904K->36423K(117760K)] [ParOldGen: 349322K->349443K(349696K)] 409226K->385867K(467456K), [Metaspace: 2817K->2817K(1056768K)], 0.0621983 secs] [Times: user=0.45 sys=0.03, real=0.06 secs] 
2021-01-21T22:10:40.307+0800: 34.395: [Full GC (Ergonomics) [PSYoungGen: 59762K->34640K(117760K)] [ParOldGen: 349443K->349564K(349696K)] 409206K->384204K(467456K), [Metaspace: 2817K->2817K(1056768K)], 0.0769945 secs] [Times: user=0.59 sys=0.00, real=0.08 secs] 
2021-01-21T22:10:40.389+0800: 34.478: [Full GC (Ergonomics) [PSYoungGen: 59695K->35750K(117760K)] [ParOldGen: 349564K->348803K(349696K)] 409259K->384554K(467456K), [Metaspace: 2817K->2817K(1056768K)], 0.0731814 secs] [Times: user=0.56 sys=0.00, real=0.07 secs] 
2021-01-21T22:10:40.467+0800: 34.555: [Full GC (Ergonomics) [PSYoungGen: 59896K->35955K(117760K)] [ParOldGen: 348803K->349387K(349696K)] 408699K->385342K(467456K), [Metaspace: 2817K->2817K(1056768K)], 0.0599169 secs] [Times: user=0.44 sys=0.00, real=0.06 secs] 
2021-01-21T22:10:40.531+0800: 34.619: [Full GC (Ergonomics) [PSYoungGen: 59809K->35528K(117760K)] [ParOldGen: 349387K->349558K(349696K)] 409196K->385086K(467456K), [Metaspace: 2817K->2817K(1056768K)], 0.0610495 secs] [Times: user=0.45 sys=0.03, real=0.06 secs] 
2021-01-21T22:10:40.595+0800: 34.683: [Full GC (Ergonomics) [PSYoungGen: 59830K->35526K(117760K)] [ParOldGen: 349558K->349567K(349696K)] 409389K->385093K(467456K), [Metaspace: 2817K->2817K(1056768K)], 0.0549870 secs] [Times: user=0.42 sys=0.00, real=0.06 secs] 
2021-01-21T22:10:40.656+0800: 34.744: [Full GC (Ergonomics) [PSYoungGen: 59806K->37125K(117760K)] [ParOldGen: 349567K->349590K(349696K)] 409374K->386715K(467456K), [Metaspace: 2817K->2817K(1056768K)], 0.0517653 secs] [Times: user=0.40 sys=0.00, real=0.05 secs] 
2021-01-21T22:10:40.711+0800: 34.799: [Full GC (Ergonomics) [PSYoungGen: 59754K->37179K(117760K)] [ParOldGen: 349590K->349386K(349696K)] 409344K->386565K(467456K), [Metaspace: 2817K->2817K(1056768K)], 0.0485685 secs] [Times: user=0.36 sys=0.00, real=0.05 secs] 
2021-01-21T22:10:40.762+0800: 34.851: [Full GC (Ergonomics) [PSYoungGen: 59859K->38222K(117760K)] [ParOldGen: 349386K->349548K(349696K)] 409246K->387771K(467456K), [Metaspace: 2817K->2817K(1056768K)], 0.0492409 secs] [Times: user=0.37 sys=0.00, real=0.05 secs] 
2021-01-21T22:10:40.814+0800: 34.903: [Full GC (Ergonomics) [PSYoungGen: 59382K->40366K(117760K)] [ParOldGen: 349548K->349013K(349696K)] 408930K->389379K(467456K), [Metaspace: 2817K->2817K(1056768K)], 0.0557794 secs] [Times: user=0.43 sys=0.00, real=0.06 secs] 
2021-01-21T22:10:40.873+0800: 34.962: [Full GC (Ergonomics) [PSYoungGen: 59904K->38356K(117760K)] [ParOldGen: 349013K->349262K(349696K)] 408917K->387619K(467456K), [Metaspace: 2817K->2817K(1056768K)], 0.0477080 secs] [Times: user=0.35 sys=0.00, real=0.05 secs] 
2021-01-21T22:10:40.924+0800: 35.012: [Full GC (Ergonomics) [PSYoungGen: 59903K->39734K(117760K)] [ParOldGen: 349262K->349529K(349696K)] 409166K->389264K(467456K), [Metaspace: 2817K->2817K(1056768K)], 0.0542614 secs] [Times: user=0.42 sys=0.00, real=0.06 secs] 
2021-01-21T22:10:40.982+0800: 35.070: [Full GC (Ergonomics) [PSYoungGen: 59402K->41201K(117760K)] [ParOldGen: 349529K->349464K(349696K)] 408932K->390665K(467456K), [Metaspace: 2817K->2817K(1056768K)], 0.0592521 secs] [Times: user=0.45 sys=0.00, real=0.06 secs] 
2021-01-21T22:10:41.044+0800: 35.132: [Full GC (Ergonomics) [PSYoungGen: 59829K->41216K(117760K)] [ParOldGen: 349464K->348795K(349696K)] 409294K->390012K(467456K), [Metaspace: 2817K->2817K(1056768K)], 0.0479690 secs] [Times: user=0.36 sys=0.00, real=0.05 secs] 
2021-01-21T22:10:41.095+0800: 35.183: [Full GC (Ergonomics) [PSYoungGen: 59904K->40370K(117760K)] [ParOldGen: 348795K->349425K(349696K)] 408699K->389795K(467456K), [Metaspace: 2817K->2817K(1056768K)], 0.0770742 secs] [Times: user=0.59 sys=0.01, real=0.08 secs] 
2021-01-21T22:10:41.175+0800: 35.263: [Full GC (Ergonomics) [PSYoungGen: 59904K->41746K(117760K)] [ParOldGen: 349425K->349478K(349696K)] 409329K->391224K(467456K), [Metaspace: 2817K->2817K(1056768K)], 0.0688046 secs] [Times: user=0.49 sys=0.02, real=0.07 secs] 
2021-01-21T22:10:41.246+0800: 35.334: [Full GC (Ergonomics) [PSYoungGen: 59904K->40656K(117760K)] [ParOldGen: 349478K->349603K(349696K)] 409382K->390259K(467456K), [Metaspace: 2817K->2817K(1056768K)], 0.0640564 secs] [Times: user=0.49 sys=0.00, real=0.07 secs] 
2021-01-21T22:10:41.313+0800: 35.401: [Full GC (Ergonomics) [PSYoungGen: 59778K->40674K(117760K)] [ParOldGen: 349603K->349526K(349696K)] 409381K->390201K(467456K), [Metaspace: 2817K->2817K(1056768K)], 0.0575824 secs] [Times: user=0.45 sys=0.00, real=0.06 secs] 
2021-01-21T22:10:41.373+0800: 35.462: [Full GC (Ergonomics) [PSYoungGen: 59903K->40249K(117760K)] [ParOldGen: 349526K->349114K(349696K)] 409430K->389363K(467456K), [Metaspace: 2817K->2817K(1056768K)], 0.0493345 secs] [Times: user=0.38 sys=0.00, real=0.05 secs] 
2021-01-21T22:10:41.425+0800: 35.514: [Full GC (Ergonomics) [PSYoungGen: 59761K->39073K(117760K)] [ParOldGen: 349114K->349228K(349696K)] 408876K->388302K(467456K), [Metaspace: 2817K->2817K(1056768K)], 0.0476643 secs] [Times: user=0.36 sys=0.01, real=0.05 secs] 
2021-01-21T22:10:41.476+0800: 35.564: [Full GC (Ergonomics) [PSYoungGen: 59670K->39497K(117760K)] [ParOldGen: 349228K->349172K(349696K)] 408899K->388670K(467456K), [Metaspace: 2817K->2817K(1056768K)], 0.0590824 secs] [Times: user=0.45 sys=0.00, real=0.06 secs] 
2021-01-21T22:10:41.538+0800: 35.626: [Full GC (Ergonomics) [PSYoungGen: 59414K->39868K(117760K)] [ParOldGen: 349172K->349324K(349696K)] 408586K->389192K(467456K), [Metaspace: 2817K->2817K(1056768K)], 0.0929729 secs] [Times: user=0.71 sys=0.02, real=0.09 secs] 
2021-01-21T22:10:41.635+0800: 35.724: [Full GC (Ergonomics) [PSYoungGen: 59885K->40798K(117760K)] [ParOldGen: 349324K->349154K(349696K)] 409209K->389952K(467456K), [Metaspace: 2817K->2817K(1056768K)], 0.0773724 secs] [Times: user=0.57 sys=0.02, real=0.08 secs] 
2021-01-21T22:10:41.717+0800: 35.805: [Full GC (Ergonomics) [PSYoungGen: 59863K->37097K(117760K)] [ParOldGen: 349154K->349307K(349696K)] 409018K->386404K(467456K), [Metaspace: 2817K->2817K(1056768K)], 0.0620887 secs] [Times: user=0.48 sys=0.00, real=0.07 secs] 
2021-01-21T22:10:41.782+0800: 35.871: [Full GC (Ergonomics) [PSYoungGen: 59904K->37896K(117760K)] [ParOldGen: 349307K->349391K(349696K)] 409211K->387288K(467456K), [Metaspace: 2817K->2817K(1056768K)], 0.0597087 secs] [Times: user=0.45 sys=0.01, real=0.06 secs] 
2021-01-21T22:10:41.845+0800: 35.934: [Full GC (Ergonomics) [PSYoungGen: 59896K->37345K(117760K)] [ParOldGen: 349391K->349451K(349696K)] 409288K->386796K(467456K), [Metaspace: 2817K->2817K(1056768K)], 0.0492244 secs] [Times: user=0.37 sys=0.01, real=0.05 secs] 
2021-01-21T22:10:41.898+0800: 35.986: [Full GC (Ergonomics) [PSYoungGen: 59904K->35820K(117760K)] [ParOldGen: 349451K->348805K(349696K)] 409355K->384626K(467456K), [Metaspace: 2817K->2817K(1056768K)], 0.0592813 secs] [Times: user=0.45 sys=0.00, real=0.06 secs] 
2021-01-21T22:10:41.960+0800: 36.049: [Full GC (Ergonomics) [PSYoungGen: 59420K->35223K(117760K)] [ParOldGen: 348805K->349380K(349696K)] 408225K->384603K(467456K), [Metaspace: 2817K->2817K(1056768K)], 0.0534710 secs] [Times: user=0.42 sys=0.00, real=0.05 secs] 
2021-01-21T22:10:42.018+0800: 36.106: [Full GC (Ergonomics) [PSYoungGen: 59838K->35674K(117760K)] [ParOldGen: 349380K->349638K(349696K)] 409218K->385313K(467456K), [Metaspace: 2817K->2817K(1056768K)], 0.0453006 secs] [Times: user=0.34 sys=0.01, real=0.05 secs] 
2021-01-21T22:10:42.067+0800: 36.155: [Full GC (Ergonomics) [PSYoungGen: 59888K->38309K(117760K)] [ParOldGen: 349638K->349427K(349696K)] 409526K->387737K(467456K), [Metaspace: 2817K->2817K(1056768K)], 0.0481754 secs] [Times: user=0.35 sys=0.02, real=0.05 secs] 
2021-01-21T22:10:42.120+0800: 36.208: [Full GC (Ergonomics) [PSYoungGen: 59904K->38654K(117760K)] [ParOldGen: 349427K->349441K(349696K)] 409331K->388096K(467456K), [Metaspace: 2817K->2817K(1056768K)], 0.0452188 secs] [Times: user=0.35 sys=0.00, real=0.04 secs] 
2021-01-21T22:10:42.169+0800: 36.257: [Full GC (Ergonomics) [PSYoungGen: 59624K->39597K(117760K)] [ParOldGen: 349441K->349491K(349696K)] 409066K->389089K(467456K), [Metaspace: 2817K->2817K(1056768K)], 0.0571878 secs] [Times: user=0.43 sys=0.00, real=0.05 secs] 
2021-01-21T22:10:42.229+0800: 36.317: [Full GC (Ergonomics) [PSYoungGen: 59528K->39157K(117760K)] [ParOldGen: 349491K->349595K(349696K)] 409019K->388753K(467456K), [Metaspace: 2817K->2817K(1056768K)], 0.0772612 secs] [Times: user=0.60 sys=0.00, real=0.07 secs] 
2021-01-21T22:10:42.309+0800: 36.397: [Full GC (Ergonomics) [PSYoungGen: 59874K->39670K(117760K)] [ParOldGen: 349595K->349553K(349696K)] 409470K->389223K(467456K), [Metaspace: 2817K->2817K(1056768K)], 0.0659150 secs] [Times: user=0.50 sys=0.00, real=0.06 secs] 
2021-01-21T22:10:42.377+0800: 36.466: [Full GC (Ergonomics) [PSYoungGen: 59790K->40639K(117760K)] [ParOldGen: 349553K->349246K(349696K)] 409343K->389885K(467456K), [Metaspace: 2817K->2817K(1056768K)], 0.0700626 secs] [Times: user=0.54 sys=0.00, real=0.07 secs] 
2021-01-21T22:10:42.452+0800: 36.540: [Full GC (Ergonomics) [PSYoungGen: 59857K->39842K(117760K)] [ParOldGen: 349246K->349608K(349696K)] 409104K->389451K(467456K), [Metaspace: 2817K->2817K(1056768K)], 0.0569818 secs] [Times: user=0.40 sys=0.03, real=0.06 secs] 
2021-01-21T22:10:42.512+0800: 36.600: [Full GC (Ergonomics) [PSYoungGen: 59792K->40056K(117760K)] [ParOldGen: 349608K->349590K(349696K)] 409401K->389647K(467456K), [Metaspace: 2817K->2817K(1056768K)], 0.0499871 secs] [Times: user=0.39 sys=0.00, real=0.05 secs] 
2021-01-21T22:10:42.565+0800: 36.653: [Full GC (Ergonomics) [PSYoungGen: 59670K->39429K(117760K)] [ParOldGen: 349590K->349301K(349696K)] 409261K->388731K(467456K), [Metaspace: 2817K->2817K(1056768K)], 0.0642139 secs] [Times: user=0.49 sys=0.00, real=0.07 secs] 
2021-01-21T22:10:42.632+0800: 36.720: [Full GC (Ergonomics) [PSYoungGen: 59830K->38356K(117760K)] [ParOldGen: 349301K->349221K(349696K)] 409132K->387577K(467456K), [Metaspace: 2817K->2817K(1056768K)], 0.0493678 secs] [Times: user=0.38 sys=0.00, real=0.05 secs] 
2021-01-21T22:10:42.686+0800: 36.774: [Full GC (Ergonomics) [PSYoungGen: 59834K->33831K(117760K)] [ParOldGen: 349221K->348814K(349696K)] 409056K->382646K(467456K), [Metaspace: 2817K->2817K(1056768K)], 0.0552389 secs] [Times: user=0.43 sys=0.00, real=0.06 secs] 
2021-01-21T22:10:42.746+0800: 36.834: [Full GC (Ergonomics) [PSYoungGen: 59904K->34848K(117760K)] [ParOldGen: 348814K->349429K(349696K)] 408718K->384278K(467456K), [Metaspace: 2817K->2817K(1056768K)], 0.0646113 secs] [Times: user=0.49 sys=0.00, real=0.07 secs] 
2021-01-21T22:10:42.814+0800: 36.902: [Full GC (Ergonomics) [PSYoungGen: 59587K->35143K(117760K)] [ParOldGen: 349429K->349372K(349696K)] 409016K->384515K(467456K), [Metaspace: 2817K->2817K(1056768K)], 0.0575913 secs] [Times: user=0.43 sys=0.00, real=0.06 secs] 
2021-01-21T22:10:42.875+0800: 36.963: [Full GC (Ergonomics) [PSYoungGen: 59557K->33291K(117760K)] [ParOldGen: 349372K->349350K(349696K)] 408930K->382641K(467456K), [Metaspace: 2817K->2817K(1056768K)], 0.0496398 secs] [Times: user=0.37 sys=0.01, real=0.05 secs] 
2021-01-21T22:10:42.929+0800: 37.017: [Full GC (Ergonomics) [PSYoungGen: 59494K->36133K(117760K)] [ParOldGen: 349350K->349177K(349696K)] 408845K->385311K(467456K), [Metaspace: 2817K->2817K(1056768K)], 0.0542429 secs] [Times: user=0.42 sys=0.00, real=0.05 secs] 
2021-01-21T22:10:42.987+0800: 37.075: [Full GC (Ergonomics) [PSYoungGen: 59806K->36233K(117760K)] [ParOldGen: 349177K->349411K(349696K)] 408983K->385644K(467456K), [Metaspace: 2817K->2817K(1056768K)], 0.0613961 secs] [Times: user=0.48 sys=0.00, real=0.07 secs] 
2021-01-21T22:10:43.054+0800: 37.142: [Full GC (Ergonomics) [PSYoungGen: 59568K->36703K(117760K)] [ParOldGen: 349411K->349351K(349696K)] 408979K->386055K(467456K), [Metaspace: 2817K->2817K(1056768K)], 0.0600177 secs] [Times: user=0.47 sys=0.00, real=0.06 secs] 
2021-01-21T22:10:43.119+0800: 37.207: [Full GC (Ergonomics) [PSYoungGen: 59696K->34558K(117760K)] [ParOldGen: 349351K->348740K(349696K)] 409047K->383299K(467456K), [Metaspace: 2817K->2817K(1056768K)], 0.0693574 secs] [Times: user=0.53 sys=0.00, real=0.07 secs] 
2021-01-21T22:10:43.193+0800: 37.281: [Full GC (Ergonomics) [PSYoungGen: 59878K->33994K(117760K)] [ParOldGen: 348740K->349073K(349696K)] 408619K->383068K(467456K), [Metaspace: 2817K->2817K(1056768K)], 0.0636095 secs] [Times: user=0.45 sys=0.01, real=0.06 secs] 
2021-01-21T22:10:43.260+0800: 37.348: [Full GC (Ergonomics) [PSYoungGen: 59718K->34673K(117760K)] [ParOldGen: 349073K->349670K(349696K)] 408792K->384344K(467456K), [Metaspace: 2817K->2817K(1056768K)], 0.0474104 secs] [Times: user=0.35 sys=0.00, real=0.04 secs] 
2021-01-21T22:10:43.311+0800: 37.399: [Full GC (Ergonomics) [PSYoungGen: 59636K->31306K(117760K)] [ParOldGen: 349670K->349144K(349696K)] 409306K->380451K(467456K), [Metaspace: 2817K->2817K(1056768K)], 0.0488083 secs] [Times: user=0.37 sys=0.00, real=0.05 secs] 
2021-01-21T22:10:43.363+0800: 37.451: [Full GC (Ergonomics) [PSYoungGen: 59904K->32305K(117760K)] [ParOldGen: 349144K->348906K(349696K)] 409048K->381211K(467456K), [Metaspace: 2817K->2817K(1056768K)], 0.0486859 secs] [Times: user=0.37 sys=0.00, real=0.05 secs] 
2021-01-21T22:10:43.417+0800: 37.505: [Full GC (Ergonomics) [PSYoungGen: 59904K->30546K(117760K)] [ParOldGen: 348906K->349417K(349696K)] 408810K->379964K(467456K), [Metaspace: 2817K->2817K(1056768K)], 0.0459964 secs] [Times: user=0.35 sys=0.00, real=0.05 secs] 
2021-01-21T22:10:43.469+0800: 37.557: [Full GC (Ergonomics) [PSYoungGen: 59904K->30101K(117760K)] [ParOldGen: 349417K->348990K(349696K)] 409321K->379091K(467456K), [Metaspace: 2817K->2817K(1056768K)], 0.0525895 secs] [Times: user=0.41 sys=0.00, real=0.05 secs] 
2021-01-21T22:10:43.525+0800: 37.614: [Full GC (Ergonomics) [PSYoungGen: 59904K->32998K(117760K)] [ParOldGen: 348990K->349316K(349696K)] 408894K->382315K(467456K), [Metaspace: 2817K->2817K(1056768K)], 0.0475188 secs] [Times: user=0.37 sys=0.00, real=0.05 secs] 
2021-01-21T22:10:43.577+0800: 37.665: [Full GC (Ergonomics) [PSYoungGen: 59635K->34154K(117760K)] [ParOldGen: 349316K->349223K(349696K)] 408952K->383377K(467456K), [Metaspace: 2817K->2817K(1056768K)], 0.0632284 secs] [Times: user=0.45 sys=0.03, real=0.07 secs] 
2021-01-21T22:10:43.644+0800: 37.732: [Full GC (Ergonomics) [PSYoungGen: 59900K->34918K(117760K)] [ParOldGen: 349223K->349214K(349696K)] 409123K->384133K(467456K), [Metaspace: 2817K->2817K(1056768K)], 0.0767047 secs] [Times: user=0.56 sys=0.01, real=0.08 secs] 
2021-01-21T22:10:43.727+0800: 37.815: [Full GC (Ergonomics) [PSYoungGen: 59852K->35859K(117760K)] [ParOldGen: 349214K->349309K(349696K)] 409066K->385168K(467456K), [Metaspace: 2817K->2817K(1056768K)], 0.0948692 secs] [Times: user=0.69 sys=0.00, real=0.10 secs] 
2021-01-21T22:10:43.826+0800: 37.914: [Full GC (Ergonomics) [PSYoungGen: 59904K->35782K(117760K)] [ParOldGen: 349309K->349198K(349696K)] 409213K->384980K(467456K), [Metaspace: 2817K->2817K(1056768K)], 0.0652374 secs] [Times: user=0.51 sys=0.00, real=0.07 secs] 
2021-01-21T22:10:43.898+0800: 37.986: [Full GC (Ergonomics) [PSYoungGen: 59904K->32532K(117760K)] [ParOldGen: 349198K->349282K(349696K)] 409102K->381814K(467456K), [Metaspace: 2817K->2817K(1056768K)], 0.0664512 secs] [Times: user=0.48 sys=0.03, real=0.07 secs] 
2021-01-21T22:10:43.971+0800: 38.059: [Full GC (Ergonomics) [PSYoungGen: 59656K->32511K(117760K)] [ParOldGen: 349282K->348775K(349696K)] 408938K->381287K(467456K), [Metaspace: 2817K->2817K(1056768K)], 0.0549349 secs] [Times: user=0.41 sys=0.01, real=0.05 secs] 
2021-01-21T22:10:44.030+0800: 38.118: [Full GC (Ergonomics) [PSYoungGen: 59471K->31792K(117760K)] [ParOldGen: 348775K->349642K(349696K)] 408247K->381434K(467456K), [Metaspace: 2817K->2817K(1056768K)], 0.0663477 secs] [Times: user=0.49 sys=0.02, real=0.06 secs] 
2021-01-21T22:10:44.102+0800: 38.190: [Full GC (Ergonomics) [PSYoungGen: 59492K->32213K(117760K)] [ParOldGen: 349642K->349256K(349696K)] 409134K->381469K(467456K), [Metaspace: 2817K->2817K(1056768K)], 0.0629591 secs] [Times: user=0.48 sys=0.00, real=0.06 secs] 
2021-01-21T22:10:44.170+0800: 38.258: [Full GC (Ergonomics) [PSYoungGen: 59883K->36421K(117760K)] [ParOldGen: 349256K->349574K(349696K)] 409139K->385995K(467456K), [Metaspace: 2817K->2817K(1056768K)], 0.0688927 secs] [Times: user=0.51 sys=0.00, real=0.07 secs] 
2021-01-21T22:10:44.243+0800: 38.331: [Full GC (Ergonomics) [PSYoungGen: 59847K->37269K(117760K)] [ParOldGen: 349574K->349372K(349696K)] 409421K->386642K(467456K), [Metaspace: 2817K->2817K(1056768K)], 0.0921600 secs] [Times: user=0.69 sys=0.02, real=0.09 secs] 
2021-01-21T22:10:44.340+0800: 38.429: [Full GC (Ergonomics) [PSYoungGen: 59383K->35386K(117760K)] [ParOldGen: 349372K->349384K(349696K)] 408755K->384771K(467456K), [Metaspace: 2817K->2817K(1056768K)], 0.0872662 secs] [Times: user=0.68 sys=0.00, real=0.08 secs] 
2021-01-21T22:10:44.433+0800: 38.522: [Full GC (Ergonomics) [PSYoungGen: 59805K->33838K(117760K)] [ParOldGen: 349384K->349278K(349696K)] 409190K->383117K(467456K), [Metaspace: 2817K->2817K(1056768K)], 0.0588919 secs] [Times: user=0.45 sys=0.00, real=0.06 secs] 
2021-01-21T22:10:44.496+0800: 38.584: [Full GC (Ergonomics) [PSYoungGen: 59827K->34180K(117760K)] [ParOldGen: 349278K->349603K(349696K)] 409105K->383783K(467456K), [Metaspace: 2817K->2817K(1056768K)], 0.0794035 secs] [Times: user=0.61 sys=0.00, real=0.08 secs] 
2021-01-21T22:10:44.579+0800: 38.667: [Full GC (Ergonomics) [PSYoungGen: 59636K->34419K(117760K)] [ParOldGen: 349603K->349439K(349696K)] 409239K->383859K(467456K), [Metaspace: 2817K->2817K(1056768K)], 0.0787242 secs] [Times: user=0.61 sys=0.00, real=0.07 secs] 
2021-01-21T22:10:44.661+0800: 38.750: [Full GC (Ergonomics) [PSYoungGen: 59763K->36077K(117760K)] [ParOldGen: 349439K->349186K(349696K)] 409203K->385263K(467456K), [Metaspace: 2817K->2817K(1056768K)], 0.0486422 secs] [Times: user=0.38 sys=0.00, real=0.05 secs] 
2021-01-21T22:10:44.714+0800: 38.802: [Full GC (Ergonomics) [PSYoungGen: 59825K->35475K(117760K)] [ParOldGen: 349186K->348977K(349696K)] 409011K->384452K(467456K), [Metaspace: 2817K->2817K(1056768K)], 0.0543759 secs] [Times: user=0.40 sys=0.01, real=0.06 secs] 
2021-01-21T22:10:44.772+0800: 38.860: [Full GC (Ergonomics) [PSYoungGen: 59362K->33290K(117760K)] [ParOldGen: 348977K->349670K(349696K)] 408339K->382960K(467456K), [Metaspace: 2817K->2817K(1056768K)], 0.0521912 secs] [Times: user=0.40 sys=0.00, real=0.05 secs] 
2021-01-21T22:10:44.828+0800: 38.916: [Full GC (Ergonomics) [PSYoungGen: 59692K->34797K(117760K)] [ParOldGen: 349670K->349608K(349696K)] 409363K->384405K(467456K), [Metaspace: 2817K->2817K(1056768K)], 0.0698741 secs] [Times: user=0.50 sys=0.02, real=0.08 secs] 
2021-01-21T22:10:44.902+0800: 38.990: [Full GC (Ergonomics) [PSYoungGen: 59904K->34060K(117760K)] [ParOldGen: 349608K->349205K(349696K)] 409512K->383266K(467456K), [Metaspace: 2817K->2817K(1056768K)], 0.0585942 secs] [Times: user=0.44 sys=0.01, real=0.06 secs] 
2021-01-21T22:10:44.965+0800: 39.053: [Full GC (Ergonomics) [PSYoungGen: 59904K->31176K(117760K)] [ParOldGen: 349205K->349548K(349696K)] 409109K->380725K(467456K), [Metaspace: 2817K->2817K(1056768K)], 0.0587244 secs] [Times: user=0.45 sys=0.00, real=0.06 secs] 
2021-01-21T22:10:45.028+0800: 39.116: [Full GC (Ergonomics) [PSYoungGen: 59898K->32972K(117760K)] [ParOldGen: 349548K->349173K(349696K)] 409447K->382146K(467456K), [Metaspace: 2817K->2817K(1056768K)], 0.0616456 secs] [Times: user=0.45 sys=0.01, real=0.07 secs] 
2021-01-21T22:10:45.094+0800: 39.182: [Full GC (Ergonomics) [PSYoungGen: 59890K->34942K(117760K)] [ParOldGen: 349173K->349249K(349696K)] 409064K->384191K(467456K), [Metaspace: 2817K->2817K(1056768K)], 0.0619176 secs] [Times: user=0.47 sys=0.00, real=0.06 secs] 
2021-01-21T22:10:45.159+0800: 39.247: [Full GC (Ergonomics) [PSYoungGen: 59478K->34509K(117760K)] [ParOldGen: 349249K->349151K(349696K)] 408727K->383661K(467456K), [Metaspace: 2817K->2817K(1056768K)], 0.0594821 secs] [Times: user=0.45 sys=0.00, real=0.06 secs] 
2021-01-21T22:10:45.222+0800: 39.310: [Full GC (Ergonomics) [PSYoungGen: 59904K->34990K(117760K)] [ParOldGen: 349151K->349101K(349696K)] 409055K->384092K(467456K), [Metaspace: 2817K->2817K(1056768K)], 0.0704299 secs] [Times: user=0.52 sys=0.00, real=0.07 secs] 
2021-01-21T22:10:45.296+0800: 39.384: [Full GC (Ergonomics) [PSYoungGen: 59796K->35370K(117760K)] [ParOldGen: 349101K->349070K(349696K)] 408897K->384441K(467456K), [Metaspace: 2817K->2817K(1056768K)], 0.0461392 secs] [Times: user=0.34 sys=0.01, real=0.05 secs] 
2021-01-21T22:10:45.346+0800: 39.434: [Full GC (Ergonomics) [PSYoungGen: 59904K->34696K(117760K)] [ParOldGen: 349070K->349308K(349696K)] 408974K->384004K(467456K), [Metaspace: 2817K->2817K(1056768K)], 0.0507513 secs] [Times: user=0.39 sys=0.00, real=0.05 secs] 
2021-01-21T22:10:45.402+0800: 39.490: [Full GC (Ergonomics) [PSYoungGen: 59894K->35201K(117760K)] [ParOldGen: 349308K->349572K(349696K)] 409203K->384773K(467456K), [Metaspace: 2817K->2817K(1056768K)], 0.0454834 secs] [Times: user=0.35 sys=0.00, real=0.04 secs] 
2021-01-21T22:10:45.452+0800: 39.540: [Full GC (Ergonomics) [PSYoungGen: 59904K->29592K(117760K)] [ParOldGen: 349572K->349299K(349696K)] 409476K->378892K(467456K), [Metaspace: 2817K->2817K(1056768K)], 0.0426058 secs] [Times: user=0.33 sys=0.00, real=0.04 secs] 
2021-01-21T22:10:45.501+0800: 39.589: [Full GC (Ergonomics) [PSYoungGen: 59904K->24314K(117760K)] [ParOldGen: 349299K->349290K(349696K)] 409203K->373605K(467456K), [Metaspace: 2817K->2817K(1056768K)], 0.0488885 secs] [Times: user=0.36 sys=0.01, real=0.05 secs] 
2021-01-21T22:10:45.555+0800: 39.643: [Full GC (Ergonomics) [PSYoungGen: 59528K->25125K(117760K)] [ParOldGen: 349290K->349396K(349696K)] 408819K->374522K(467456K), [Metaspace: 2817K->2817K(1056768K)], 0.0500324 secs] [Times: user=0.37 sys=0.01, real=0.05 secs] 
2021-01-21T22:10:45.609+0800: 39.697: [Full GC (Ergonomics) [PSYoungGen: 59800K->25730K(117760K)] [ParOldGen: 349396K->349334K(349696K)] 409197K->375065K(467456K), [Metaspace: 2817K->2817K(1056768K)], 0.0430325 secs] [Times: user=0.32 sys=0.01, real=0.04 secs] 
2021-01-21T22:10:45.656+0800: 39.745: [Full GC (Ergonomics) [PSYoungGen: 59904K->25524K(117760K)] [ParOldGen: 349334K->349346K(349696K)] 409238K->374871K(467456K), [Metaspace: 2817K->2817K(1056768K)], 0.0518476 secs] [Times: user=0.40 sys=0.01, real=0.06 secs] 
2021-01-21T22:10:45.713+0800: 39.801: [Full GC (Ergonomics) [PSYoungGen: 59666K->24698K(117760K)] [ParOldGen: 349346K->349242K(349696K)] 409012K->373940K(467456K), [Metaspace: 2817K->2817K(1056768K)], 0.0561003 secs] [Times: user=0.42 sys=0.01, real=0.06 secs] 
2021-01-21T22:10:45.774+0800: 39.862: [Full GC (Ergonomics) [PSYoungGen: 59609K->25899K(117760K)] [ParOldGen: 349242K->349303K(349696K)] 408851K->375203K(467456K), [Metaspace: 2817K->2817K(1056768K)], 0.0458495 secs] [Times: user=0.35 sys=0.00, real=0.05 secs] 
2021-01-21T22:10:45.824+0800: 39.912: [Full GC (Ergonomics) [PSYoungGen: 59642K->26499K(117760K)] [ParOldGen: 349303K->349535K(349696K)] 408946K->376035K(467456K), [Metaspace: 2817K->2817K(1056768K)], 0.0508782 secs] [Times: user=0.39 sys=0.00, real=0.05 secs] 
2021-01-21T22:10:45.880+0800: 39.969: [Full GC (Ergonomics) [PSYoungGen: 59451K->26505K(117760K)] [ParOldGen: 349535K->349526K(349696K)] 408986K->376031K(467456K), [Metaspace: 2817K->2817K(1056768K)], 0.0591519 secs] [Times: user=0.45 sys=0.00, real=0.06 secs] 
2021-01-21T22:10:45.945+0800: 40.033: [Full GC (Ergonomics) [PSYoungGen: 59904K->24703K(117760K)] [ParOldGen: 349526K->349303K(349696K)] 409430K->374006K(467456K), [Metaspace: 2817K->2817K(1056768K)], 0.0476233 secs] [Times: user=0.36 sys=0.00, real=0.05 secs] 
2021-01-21T22:10:45.998+0800: 40.086: [Full GC (Ergonomics) [PSYoungGen: 59511K->23302K(117760K)] [ParOldGen: 349303K->349038K(349696K)] 408815K->372341K(467456K), [Metaspace: 2817K->2817K(1056768K)], 0.0437202 secs] [Times: user=0.32 sys=0.00, real=0.05 secs] 
2021-01-21T22:10:46.048+0800: 40.136: [Full GC (Ergonomics) [PSYoungGen: 59868K->25692K(117760K)] [ParOldGen: 349038K->349030K(349696K)] 408906K->374723K(467456K), [Metaspace: 2817K->2817K(1056768K)], 0.0469005 secs] [Times: user=0.34 sys=0.03, real=0.05 secs] 
2021-01-21T22:10:46.102+0800: 40.190: [Full GC (Ergonomics) [PSYoungGen: 59904K->24161K(117760K)] [ParOldGen: 349030K->349457K(349696K)] 408934K->373619K(467456K), [Metaspace: 2817K->2817K(1056768K)], 0.0500566 secs] [Times: user=0.37 sys=0.01, real=0.05 secs] 
2021-01-21T22:10:46.157+0800: 40.245: [Full GC (Ergonomics) [PSYoungGen: 59679K->23687K(117760K)] [ParOldGen: 349457K->349264K(349696K)] 409137K->372951K(467456K), [Metaspace: 2817K->2817K(1056768K)], 0.0448560 secs] [Times: user=0.33 sys=0.01, real=0.05 secs] 
2021-01-21T22:10:46.207+0800: 40.295: [Full GC (Ergonomics) [PSYoungGen: 59617K->23583K(117760K)] [ParOldGen: 349264K->349036K(349696K)] 408882K->372619K(467456K), [Metaspace: 2817K->2817K(1056768K)], 0.0449798 secs] [Times: user=0.34 sys=0.01, real=0.05 secs] 
2021-01-21T22:10:46.257+0800: 40.345: [Full GC (Ergonomics) [PSYoungGen: 59828K->25255K(117760K)] [ParOldGen: 349036K->349673K(349696K)] 408864K->374929K(467456K), [Metaspace: 2817K->2817K(1056768K)], 0.0704977 secs] [Times: user=0.54 sys=0.00, real=0.07 secs] 
2021-01-21T22:10:46.333+0800: 40.421: [Full GC (Ergonomics) [PSYoungGen: 59605K->23257K(117760K)] [ParOldGen: 349673K->349362K(349696K)] 409278K->372620K(467456K), [Metaspace: 2817K->2817K(1056768K)], 0.0666209 secs] [Times: user=0.51 sys=0.00, real=0.07 secs] 
2021-01-21T22:10:46.406+0800: 40.494: [Full GC (Ergonomics) [PSYoungGen: 59639K->26505K(117760K)] [ParOldGen: 349362K->349194K(349696K)] 409002K->375700K(467456K), [Metaspace: 2817K->2817K(1056768K)], 0.0671822 secs] [Times: user=0.51 sys=0.01, real=0.07 secs] 
2021-01-21T22:10:46.478+0800: 40.566: [Full GC (Ergonomics) [PSYoungGen: 59904K->24493K(117760K)] [ParOldGen: 349194K->349014K(349696K)] 409098K->373508K(467456K), [Metaspace: 2817K->2817K(1056768K)], 0.0435659 secs] [Times: user=0.30 sys=0.03, real=0.05 secs] 
2021-01-21T22:10:46.526+0800: 40.615: [Full GC (Ergonomics) [PSYoungGen: 59867K->21753K(117760K)] [ParOldGen: 349014K->349642K(349696K)] 408882K->371395K(467456K), [Metaspace: 2817K->2817K(1056768K)], 0.0435811 secs] [Times: user=0.33 sys=0.00, real=0.05 secs] 
2021-01-21T22:10:46.575+0800: 40.663: [Full GC (Ergonomics) [PSYoungGen: 59556K->19924K(117760K)] [ParOldGen: 349642K->349311K(349696K)] 409198K->369235K(467456K), [Metaspace: 2817K->2817K(1056768K)], 0.0464160 secs] [Times: user=0.35 sys=0.01, real=0.05 secs] 
2021-01-21T22:10:46.627+0800: 40.715: [Full GC (Ergonomics) [PSYoungGen: 59904K->20331K(117760K)] [ParOldGen: 349311K->349600K(349696K)] 409215K->369932K(467456K), [Metaspace: 2817K->2817K(1056768K)], 0.0453074 secs] [Times: user=0.33 sys=0.01, real=0.05 secs] 
2021-01-21T22:10:46.677+0800: 40.765: [Full GC (Ergonomics) [PSYoungGen: 59904K->26663K(117760K)] [ParOldGen: 349600K->348934K(349696K)] 409504K->375597K(467456K), [Metaspace: 2817K->2817K(1056768K)], 0.0464089 secs] [Times: user=0.34 sys=0.01, real=0.05 secs] 
2021-01-21T22:10:46.728+0800: 40.816: [Full GC (Ergonomics) [PSYoungGen: 59904K->29787K(117760K)] [ParOldGen: 348934K->348900K(349696K)] 408838K->378688K(467456K), [Metaspace: 2817K->2817K(1056768K)], 0.0450879 secs] [Times: user=0.34 sys=0.00, real=0.04 secs] 
2021-01-21T22:10:46.777+0800: 40.865: [Full GC (Ergonomics) [PSYoungGen: 59741K->27651K(117760K)] [ParOldGen: 348900K->349284K(349696K)] 408642K->376935K(467456K), [Metaspace: 2817K->2817K(1056768K)], 0.0447675 secs] [Times: user=0.34 sys=0.00, real=0.05 secs] 
2021-01-21T22:10:46.826+0800: 40.914: [Full GC (Ergonomics) [PSYoungGen: 59571K->30981K(117760K)] [ParOldGen: 349284K->349649K(349696K)] 408855K->380630K(467456K), [Metaspace: 2817K->2817K(1056768K)], 0.0527005 secs] [Times: user=0.40 sys=0.00, real=0.06 secs] 
2021-01-21T22:10:46.883+0800: 40.971: [Full GC (Ergonomics) [PSYoungGen: 59868K->29580K(117760K)] [ParOldGen: 349649K->349340K(349696K)] 409517K->378921K(467456K), [Metaspace: 2817K->2817K(1056768K)], 0.0425298 secs] [Times: user=0.33 sys=0.00, real=0.04 secs] 
2021-01-21T22:10:46.930+0800: 41.019: [Full GC (Ergonomics) [PSYoungGen: 59904K->29613K(117760K)] [ParOldGen: 349340K->349232K(349696K)] 409244K->378845K(467456K), [Metaspace: 2817K->2817K(1056768K)], 0.0485062 secs] [Times: user=0.36 sys=0.01, real=0.05 secs] 
2021-01-21T22:10:46.984+0800: 41.072: [Full GC (Ergonomics) [PSYoungGen: 59417K->28739K(117760K)] [ParOldGen: 349232K->349473K(349696K)] 408649K->378212K(467456K), [Metaspace: 2817K->2817K(1056768K)], 0.0421653 secs] [Times: user=0.32 sys=0.00, real=0.04 secs] 
2021-01-21T22:10:47.031+0800: 41.120: [Full GC (Ergonomics) [PSYoungGen: 59741K->28751K(117760K)] [ParOldGen: 349473K->349530K(349696K)] 409214K->378282K(467456K), [Metaspace: 2817K->2817K(1056768K)], 0.0421325 secs] [Times: user=0.32 sys=0.00, real=0.04 secs] 
2021-01-21T22:10:47.079+0800: 41.167: [Full GC (Ergonomics) [PSYoungGen: 59396K->29606K(117760K)] [ParOldGen: 349530K->349631K(349696K)] 408927K->379238K(467456K), [Metaspace: 2817K->2817K(1056768K)], 0.0562549 secs] [Times: user=0.43 sys=0.00, real=0.05 secs] 
2021-01-21T22:10:47.139+0800: 41.228: [Full GC (Ergonomics) [PSYoungGen: 59904K->30352K(117760K)] [ParOldGen: 349631K->348962K(349696K)] 409535K->379315K(467456K), [Metaspace: 2817K->2817K(1056768K)], 0.0523397 secs] [Times: user=0.41 sys=0.00, real=0.05 secs] 
2021-01-21T22:10:47.196+0800: 41.285: [Full GC (Ergonomics) [PSYoungGen: 59586K->29436K(117760K)] [ParOldGen: 348962K->349624K(349696K)] 408549K->379060K(467456K), [Metaspace: 2817K->2817K(1056768K)], 0.0438946 secs] [Times: user=0.33 sys=0.00, real=0.05 secs] 
2021-01-21T22:10:47.245+0800: 41.333: [Full GC (Ergonomics) [PSYoungGen: 59904K->28830K(117760K)] [ParOldGen: 349624K->349344K(349696K)] 409528K->378175K(467456K), [Metaspace: 2817K->2817K(1056768K)], 0.0495205 secs] [Times: user=0.34 sys=0.00, real=0.05 secs] 
2021-01-21T22:10:47.299+0800: 41.388: [Full GC (Ergonomics) [PSYoungGen: 59904K->29166K(117760K)] [ParOldGen: 349344K->349352K(349696K)] 409248K->378518K(467456K), [Metaspace: 2817K->2817K(1056768K)], 0.0411345 secs] [Times: user=0.31 sys=0.00, real=0.04 secs] 
2021-01-21T22:10:47.346+0800: 41.434: [Full GC (Ergonomics) [PSYoungGen: 59854K->29984K(117760K)] [ParOldGen: 349352K->349396K(349696K)] 409207K->379380K(467456K), [Metaspace: 2817K->2817K(1056768K)], 0.0481671 secs] [Times: user=0.37 sys=0.00, real=0.05 secs] 
2021-01-21T22:10:47.399+0800: 41.487: [Full GC (Ergonomics) [PSYoungGen: 59864K->25806K(117760K)] [ParOldGen: 349396K->349458K(349696K)] 409260K->375264K(467456K), [Metaspace: 2817K->2817K(1056768K)], 0.0495816 secs] [Times: user=0.38 sys=0.00, real=0.05 secs] 
2021-01-21T22:10:47.453+0800: 41.541: [Full GC (Ergonomics) [PSYoungGen: 59820K->23200K(117760K)] [ParOldGen: 349458K->349551K(349696K)] 409279K->372752K(467456K), [Metaspace: 2817K->2817K(1056768K)], 0.0508967 secs] [Times: user=0.38 sys=0.01, real=0.05 secs] 
2021-01-21T22:10:47.509+0800: 41.597: [Full GC (Ergonomics) [PSYoungGen: 59904K->21724K(117760K)] [ParOldGen: 349551K->349339K(349696K)] 409455K->371064K(467456K), [Metaspace: 2817K->2817K(1056768K)], 0.0487136 secs] [Times: user=0.37 sys=0.00, real=0.04 secs] 
2021-01-21T22:10:47.563+0800: 41.652: [Full GC (Ergonomics) [PSYoungGen: 59588K->20828K(117760K)] [ParOldGen: 349339K->349168K(349696K)] 408928K->369996K(467456K), [Metaspace: 2817K->2817K(1056768K)], 0.0497549 secs] [Times: user=0.39 sys=0.00, real=0.05 secs] 
2021-01-21T22:10:47.619+0800: 41.707: [Full GC (Ergonomics) [PSYoungGen: 59884K->20160K(117760K)] [ParOldGen: 349168K->349681K(349696K)] 409053K->369841K(467456K), [Metaspace: 2817K->2817K(1056768K)], 0.0508702 secs] [Times: user=0.39 sys=0.00, real=0.05 secs] 
2021-01-21T22:10:47.675+0800: 41.764: [Full GC (Ergonomics) [PSYoungGen: 59738K->18720K(117760K)] [ParOldGen: 349681K->349619K(349696K)] 409420K->368340K(467456K), [Metaspace: 2817K->2817K(1056768K)], 0.0457702 secs] [Times: user=0.34 sys=0.00, real=0.05 secs] 
2021-01-21T22:10:47.727+0800: 41.815: [Full GC (Ergonomics) [PSYoungGen: 59904K->22497K(117760K)] [ParOldGen: 349619K->349365K(349696K)] 409523K->371862K(467456K), [Metaspace: 2817K->2817K(1056768K)], 0.0427170 secs] [Times: user=0.32 sys=0.00, real=0.05 secs] 
2021-01-21T22:10:47.774+0800: 41.863: [Full GC (Ergonomics) [PSYoungGen: 59877K->25894K(117760K)] [ParOldGen: 349365K->349157K(349696K)] 409242K->375051K(467456K), [Metaspace: 2817K->2817K(1056768K)], 0.0426830 secs] [Times: user=0.32 sys=0.00, real=0.04 secs] 
2021-01-21T22:10:47.822+0800: 41.910: [Full GC (Ergonomics) [PSYoungGen: 59904K->25430K(117760K)] [ParOldGen: 349157K->349556K(349696K)] 409061K->374986K(467456K), [Metaspace: 2817K->2817K(1056768K)], 0.0519197 secs] [Times: user=0.40 sys=0.00, real=0.05 secs] 
2021-01-21T22:10:47.880+0800: 41.968: [Full GC (Ergonomics) [PSYoungGen: 59904K->26688K(117760K)] [ParOldGen: 349556K->349434K(349696K)] 409460K->376122K(467456K), [Metaspace: 2817K->2817K(1056768K)], 0.0442936 secs] [Times: user=0.34 sys=0.00, real=0.04 secs] 
2021-01-21T22:10:47.929+0800: 42.017: [Full GC (Ergonomics) [PSYoungGen: 59904K->27151K(117760K)] [ParOldGen: 349434K->349104K(349696K)] 409338K->376256K(467456K), [Metaspace: 2817K->2817K(1056768K)], 0.0467491 secs] [Times: user=0.36 sys=0.00, real=0.04 secs] 
2021-01-21T22:10:47.980+0800: 42.069: [Full GC (Ergonomics) [PSYoungGen: 59634K->25171K(117760K)] [ParOldGen: 349104K->349286K(349696K)] 408739K->374457K(467456K), [Metaspace: 2817K->2817K(1056768K)], 0.0429436 secs] [Times: user=0.33 sys=0.00, real=0.04 secs] 
2021-01-21T22:10:48.030+0800: 42.118: [Full GC (Ergonomics) [PSYoungGen: 59816K->19280K(117760K)] [ParOldGen: 349286K->349402K(349696K)] 409102K->368682K(467456K), [Metaspace: 2817K->2817K(1056768K)], 0.0411226 secs] [Times: user=0.31 sys=0.00, real=0.04 secs] 
2021-01-21T22:10:48.076+0800: 42.164: [Full GC (Ergonomics) [PSYoungGen: 59887K->21942K(117760K)] [ParOldGen: 349402K->349434K(349696K)] 409289K->371376K(467456K), [Metaspace: 2817K->2817K(1056768K)], 0.0446296 secs] [Times: user=0.32 sys=0.02, real=0.05 secs] 
2021-01-21T22:10:48.126+0800: 42.214: [Full GC (Ergonomics) [PSYoungGen: 59558K->22711K(117760K)] [ParOldGen: 349434K->349543K(349696K)] 408992K->372255K(467456K), [Metaspace: 2817K->2817K(1056768K)], 0.0416163 secs] [Times: user=0.30 sys=0.01, real=0.04 secs] 
2021-01-21T22:10:48.172+0800: 42.261: [Full GC (Ergonomics) [PSYoungGen: 59637K->18915K(117760K)] [ParOldGen: 349543K->349410K(349696K)] 409180K->368325K(467456K), [Metaspace: 2817K->2817K(1056768K)], 0.0448594 secs] [Times: user=0.34 sys=0.00, real=0.04 secs] 
2021-01-21T22:10:48.223+0800: 42.311: [Full GC (Ergonomics) [PSYoungGen: 59604K->15750K(117760K)] [ParOldGen: 349410K->349571K(349696K)] 409015K->365322K(467456K), [Metaspace: 2817K->2817K(1056768K)], 0.0439978 secs] [Times: user=0.34 sys=0.00, real=0.04 secs] 
2021-01-21T22:10:48.272+0800: 42.360: [Full GC (Ergonomics) [PSYoungGen: 59904K->16004K(117760K)] [ParOldGen: 349571K->349354K(349696K)] 409475K->365358K(467456K), [Metaspace: 2817K->2817K(1056768K)], 0.0421431 secs] [Times: user=0.31 sys=0.00, real=0.04 secs] 
2021-01-21T22:10:48.319+0800: 42.408: [Full GC (Ergonomics) [PSYoungGen: 59738K->14399K(117760K)] [ParOldGen: 349354K->349691K(349696K)] 409093K->364090K(467456K), [Metaspace: 2817K->2817K(1056768K)], 0.0419400 secs] [Times: user=0.32 sys=0.00, real=0.04 secs] 
2021-01-21T22:10:48.367+0800: 42.455: [Full GC (Ergonomics) [PSYoungGen: 59904K->16404K(117760K)] [ParOldGen: 349691K->349630K(349696K)] 409595K->366035K(467456K), [Metaspace: 2817K->2817K(1056768K)], 0.0406470 secs] [Times: user=0.31 sys=0.00, real=0.04 secs] 
2021-01-21T22:10:48.415+0800: 42.503: [Full GC (Ergonomics) [PSYoungGen: 59889K->17650K(117760K)] [ParOldGen: 349630K->349252K(349696K)] 409519K->366902K(467456K), [Metaspace: 2817K->2817K(1056768K)], 0.0427867 secs] [Times: user=0.32 sys=0.01, real=0.05 secs] 
2021-01-21T22:10:48.464+0800: 42.552: [Full GC (Ergonomics) [PSYoungGen: 59822K->20234K(117760K)] [ParOldGen: 349252K->349520K(349696K)] 409074K->369755K(467456K), [Metaspace: 2817K->2817K(1056768K)], 0.0464929 secs] [Times: user=0.36 sys=0.00, real=0.05 secs] 
2021-01-21T22:10:48.517+0800: 42.605: [Full GC (Ergonomics) [PSYoungGen: 59669K->20540K(117760K)] [ParOldGen: 349520K->349538K(349696K)] 409190K->370078K(467456K), [Metaspace: 2817K->2817K(1056768K)], 0.0425811 secs] [Times: user=0.33 sys=0.00, real=0.05 secs] 
2021-01-21T22:10:48.565+0800: 42.654: [Full GC (Ergonomics) [PSYoungGen: 59904K->17238K(117760K)] [ParOldGen: 349538K->349297K(349696K)] 409442K->366536K(467456K), [Metaspace: 2817K->2817K(1056768K)], 0.0406432 secs] [Times: user=0.31 sys=0.00, real=0.04 secs] 
2021-01-21T22:10:48.613+0800: 42.701: [Full GC (Ergonomics) [PSYoungGen: 59870K->14693K(117760K)] [ParOldGen: 349297K->349261K(349696K)] 409168K->363955K(467456K), [Metaspace: 2817K->2817K(1056768K)], 0.0398400 secs] [Times: user=0.30 sys=0.00, real=0.04 secs] 
2021-01-21T22:10:48.659+0800: 42.747: [Full GC (Ergonomics) [PSYoungGen: 59904K->14242K(117760K)] [ParOldGen: 349261K->349629K(349696K)] 409165K->363872K(467456K), [Metaspace: 2817K->2817K(1056768K)], 0.0435844 secs] [Times: user=0.33 sys=0.00, real=0.04 secs] 
2021-01-21T22:10:48.711+0800: 42.799: [Full GC (Ergonomics) [PSYoungGen: 59904K->17322K(117760K)] [ParOldGen: 349629K->348907K(349696K)] 409533K->366230K(467456K), [Metaspace: 2817K->2817K(1056768K)], 0.0504484 secs] [Times: user=0.38 sys=0.00, real=0.05 secs] 
2021-01-21T22:10:48.768+0800: 42.856: [Full GC (Ergonomics) [PSYoungGen: 59895K->13642K(117760K)] [ParOldGen: 348907K->349659K(349696K)] 408803K->363301K(467456K), [Metaspace: 2817K->2817K(1056768K)], 0.0509515 secs] [Times: user=0.39 sys=0.01, real=0.06 secs] 
2021-01-21T22:10:48.824+0800: 42.912: [Full GC (Ergonomics) [PSYoungGen: 59229K->11589K(117760K)] [ParOldGen: 349659K->349635K(349696K)] 408889K->361225K(467456K), [Metaspace: 2817K->2817K(1056768K)], 0.0596287 secs] [Times: user=0.45 sys=0.00, real=0.06 secs] 
2021-01-21T22:10:48.890+0800: 42.978: [Full GC (Ergonomics) [PSYoungGen: 59904K->10972K(117760K)] [ParOldGen: 349635K->349691K(349696K)] 409539K->360664K(467456K), [Metaspace: 2817K->2817K(1056768K)], 0.0420351 secs] [Times: user=0.32 sys=0.00, real=0.04 secs] 
2021-01-21T22:10:48.938+0800: 43.026: [Full GC (Ergonomics) [PSYoungGen: 59688K->9998K(117760K)] [ParOldGen: 349691K->349563K(349696K)] 409379K->359562K(467456K), [Metaspace: 2817K->2817K(1056768K)], 0.0426884 secs] [Times: user=0.32 sys=0.01, real=0.05 secs] 
2021-01-21T22:10:48.987+0800: 43.075: [Full GC (Ergonomics) [PSYoungGen: 59867K->11828K(117760K)] [ParOldGen: 349563K->349694K(349696K)] 409431K->361522K(467456K), [Metaspace: 2817K->2817K(1056768K)], 0.0459927 secs] [Times: user=0.34 sys=0.01, real=0.05 secs] 
2021-01-21T22:10:49.039+0800: 43.127: [Full GC (Ergonomics) [PSYoungGen: 59641K->11534K(117760K)] [ParOldGen: 349694K->349614K(349696K)] 409335K->361148K(467456K), [Metaspace: 2817K->2817K(1056768K)], 0.0465822 secs] [Times: user=0.34 sys=0.01, real=0.04 secs] 
2021-01-21T22:10:49.092+0800: 43.180: [Full GC (Ergonomics) [PSYoungGen: 59747K->6244K(117760K)] [ParOldGen: 349614K->349492K(349696K)] 409362K->355737K(467456K), [Metaspace: 2817K->2817K(1056768K)], 0.0452018 secs] [Times: user=0.34 sys=0.01, real=0.04 secs] 
2021-01-21T22:10:49.144+0800: 43.232: [Full GC (Ergonomics) [PSYoungGen: 59795K->6946K(117760K)] [ParOldGen: 349492K->349214K(349696K)] 409288K->356161K(467456K), [Metaspace: 2817K->2817K(1056768K)], 0.0405496 secs] [Times: user=0.31 sys=0.00, real=0.04 secs] 
2021-01-21T22:10:49.191+0800: 43.280: [Full GC (Ergonomics) [PSYoungGen: 59904K->5694K(117760K)] [ParOldGen: 349214K->349607K(349696K)] 409118K->355301K(467456K), [Metaspace: 2817K->2817K(1056768K)], 0.0425439 secs] [Times: user=0.31 sys=0.00, real=0.04 secs] 
2021-01-21T22:10:49.242+0800: 43.330: [Full GC (Ergonomics) [PSYoungGen: 59751K->2257K(117760K)] [ParOldGen: 349607K->349354K(349696K)] 409359K->351611K(467456K), [Metaspace: 2817K->2817K(1056768K)], 0.0415316 secs] [Times: user=0.31 sys=0.00, real=0.04 secs] 
2021-01-21T22:10:49.291+0800: 43.379: [Full GC (Ergonomics) [PSYoungGen: 59904K->3377K(117760K)] [ParOldGen: 349354K->349250K(349696K)] 409258K->352627K(467456K), [Metaspace: 2817K->2817K(1056768K)], 0.0500394 secs] [Times: user=0.35 sys=0.01, real=0.05 secs] 
2021-01-21T22:10:49.349+0800: 43.437: [Full GC (Ergonomics) [PSYoungGen: 59904K->2344K(117760K)] [ParOldGen: 349250K->349543K(349696K)] 409154K->351888K(467456K), [Metaspace: 2817K->2817K(1056768K)], 0.0447470 secs] [Times: user=0.34 sys=0.00, real=0.04 secs] 
2021-01-21T22:10:49.401+0800: 43.490: [Full GC (Ergonomics) [PSYoungGen: 59904K->2666K(117760K)] [ParOldGen: 349543K->349228K(349696K)] 409447K->351894K(467456K), [Metaspace: 2817K->2817K(1056768K)], 0.0456205 secs] [Times: user=0.34 sys=0.00, real=0.04 secs] 
2021-01-21T22:10:49.454+0800: 43.542: [Full GC (Ergonomics) [PSYoungGen: 59538K->1709K(117760K)] [ParOldGen: 349228K->349475K(349696K)] 408767K->351184K(467456K), [Metaspace: 2817K->2817K(1056768K)], 0.0394134 secs] [Times: user=0.30 sys=0.00, real=0.04 secs] 
2021-01-21T22:10:49.501+0800: 43.590: [Full GC (Ergonomics) [PSYoungGen: 59572K->625K(117760K)] [ParOldGen: 349475K->349490K(349696K)] 409047K->350116K(467456K), [Metaspace: 2817K->2817K(1056768K)], 0.0384898 secs] [Times: user=0.30 sys=0.00, real=0.04 secs] 
2021-01-21T22:10:49.548+0800: 43.636: [Full GC (Ergonomics) [PSYoungGen: 59904K->0K(117760K)] [ParOldGen: 349490K->346553K(349696K)] 409394K->346553K(467456K), [Metaspace: 2817K->2817K(1056768K)], 0.0387084 secs] [Times: user=0.29 sys=0.01, real=0.04 secs] 
2021-01-21T22:10:49.594+0800: 43.683: [Full GC (Ergonomics) [PSYoungGen: 59904K->1223K(117760K)] [ParOldGen: 346553K->349058K(349696K)] 406457K->350281K(467456K), [Metaspace: 2817K->2817K(1056768K)], 0.0390388 secs] [Times: user=0.30 sys=0.00, real=0.04 secs] 
2021-01-21T22:10:49.640+0800: 43.729: [Full GC (Ergonomics) [PSYoungGen: 59865K->3342K(117760K)] [ParOldGen: 349058K->349357K(349696K)] 408924K->352700K(467456K), [Metaspace: 2817K->2817K(1056768K)], 0.0405568 secs] [Times: user=0.31 sys=0.00, real=0.04 secs] 
2021-01-21T22:10:49.688+0800: 43.776: [Full GC (Ergonomics) [PSYoungGen: 59758K->327K(117760K)] [ParOldGen: 349357K->349617K(349696K)] 409116K->349944K(467456K), [Metaspace: 2817K->2817K(1056768K)], 0.0405312 secs] [Times: user=0.29 sys=0.01, real=0.05 secs] 
2021-01-21T22:10:49.734+0800: 43.823: [Full GC (Ergonomics) [PSYoungGen: 59904K->3901K(117760K)] [ParOldGen: 349617K->349505K(349696K)] 409521K->353407K(467456K), [Metaspace: 2817K->2817K(1056768K)], 0.0462984 secs] [Times: user=0.35 sys=0.00, real=0.05 secs] 
2021-01-21T22:10:49.789+0800: 43.877: [Full GC (Ergonomics) [PSYoungGen: 59508K->0K(117760K)] [ParOldGen: 349505K->348671K(349696K)] 409014K->348671K(467456K), [Metaspace: 2817K->2817K(1056768K)], 0.0408715 secs] [Times: user=0.31 sys=0.00, real=0.04 secs] 
2021-01-21T22:10:49.840+0800: 43.928: [Full GC (Ergonomics) [PSYoungGen: 59585K->695K(117760K)] [ParOldGen: 348671K->349285K(349696K)] 408256K->349980K(467456K), [Metaspace: 2817K->2817K(1056768K)], 0.0450733 secs] [Times: user=0.34 sys=0.00, real=0.04 secs] 
2021-01-21T22:10:49.894+0800: 43.982: [Full GC (Ergonomics) [PSYoungGen: 59858K->5174K(117760K)] [ParOldGen: 349285K->349624K(349696K)] 409143K->354799K(467456K), [Metaspace: 2817K->2817K(1056768K)], 0.0488187 secs] [Times: user=0.36 sys=0.00, real=0.05 secs] 
2021-01-21T22:10:49.950+0800: 44.038: [Full GC (Ergonomics) [PSYoungGen: 59904K->6521K(117760K)] [ParOldGen: 349624K->349159K(349696K)] 409528K->355681K(467456K), [Metaspace: 2817K->2817K(1056768K)], 0.0829924 secs] [Times: user=0.57 sys=0.02, real=0.08 secs] 
2021-01-21T22:10:50.051+0800: 44.139: [Full GC (Ergonomics) [PSYoungGen: 59904K->4260K(117760K)] [ParOldGen: 349159K->349559K(349696K)] 409063K->353820K(467456K), [Metaspace: 2817K->2817K(1056768K)], 0.0701597 secs] [Times: user=0.48 sys=0.01, real=0.07 secs] 
2021-01-21T22:10:50.129+0800: 44.217: [Full GC (Ergonomics) [PSYoungGen: 59845K->7132K(117760K)] [ParOldGen: 349559K->349566K(349696K)] 409404K->356699K(467456K), [Metaspace: 2817K->2817K(1056768K)], 0.0619374 secs] [Times: user=0.48 sys=0.00, real=0.06 secs] 
2021-01-21T22:10:50.200+0800: 44.288: [Full GC (Ergonomics) [PSYoungGen: 59903K->6767K(117760K)] [ParOldGen: 349566K->349444K(349696K)] 409470K->356211K(467456K), [Metaspace: 2817K->2817K(1056768K)], 0.0448085 secs] [Times: user=0.34 sys=0.00, real=0.04 secs] 
2021-01-21T22:10:50.252+0800: 44.340: [Full GC (Ergonomics) [PSYoungGen: 59880K->2739K(117760K)] [ParOldGen: 349444K->349586K(349696K)] 409324K->352326K(467456K), [Metaspace: 2817K->2817K(1056768K)], 0.0450505 secs] [Times: user=0.34 sys=0.00, real=0.04 secs] 
2021-01-21T22:10:50.304+0800: 44.392: [Full GC (Ergonomics) [PSYoungGen: 59904K->3130K(117760K)] [ParOldGen: 349586K->349375K(349696K)] 409490K->352505K(467456K), [Metaspace: 2817K->2817K(1056768K)], 0.0486656 secs] [Times: user=0.36 sys=0.00, real=0.05 secs] 
2021-01-21T22:10:50.361+0800: 44.450: [Full GC (Ergonomics) [PSYoungGen: 59864K->0K(117760K)] [ParOldGen: 349375K->349535K(349696K)] 409239K->349535K(467456K), [Metaspace: 2817K->2817K(1056768K)], 0.0419635 secs] [Times: user=0.33 sys=0.00, real=0.04 secs] 
2021-01-21T22:10:50.413+0800: 44.501: [Full GC (Ergonomics) [PSYoungGen: 59341K->0K(117760K)] [ParOldGen: 349535K->348549K(349696K)] 408877K->348549K(467456K), [Metaspace: 2817K->2817K(1056768K)], 0.0379061 secs] [Times: user=0.29 sys=0.00, real=0.04 secs] 
2021-01-21T22:10:50.457+0800: 44.546: [Full GC (Ergonomics) [PSYoungGen: 59790K->0K(117760K)] [ParOldGen: 348549K->347425K(349696K)] 408339K->347425K(467456K), [Metaspace: 2817K->2817K(1056768K)], 0.0423140 secs] [Times: user=0.31 sys=0.01, real=0.05 secs] 
2021-01-21T22:10:50.507+0800: 44.595: [Full GC (Ergonomics) [PSYoungGen: 59904K->1271K(117760K)] [ParOldGen: 347425K->349434K(349696K)] 407329K->350706K(467456K), [Metaspace: 2817K->2817K(1056768K)], 0.0433037 secs] [Times: user=0.33 sys=0.00, real=0.05 secs] 
2021-01-21T22:10:50.559+0800: 44.647: [Full GC (Ergonomics) [PSYoungGen: 59770K->732K(117760K)] [ParOldGen: 349434K->349284K(349696K)] 409205K->350016K(467456K), [Metaspace: 2817K->2817K(1056768K)], 0.0401958 secs] [Times: user=0.29 sys=0.02, real=0.04 secs] 
2021-01-21T22:10:50.607+0800: 44.695: [Full GC (Ergonomics) [PSYoungGen: 59904K->0K(117760K)] [ParOldGen: 349284K->349679K(349696K)] 409188K->349679K(467456K), [Metaspace: 2817K->2817K(1056768K)], 0.0418085 secs] [Times: user=0.31 sys=0.01, real=0.05 secs] 
2021-01-21T22:10:50.657+0800: 44.745: [Full GC (Ergonomics) [PSYoungGen: 59904K->0K(117760K)] [ParOldGen: 349679K->348724K(349696K)] 409583K->348724K(467456K), [Metaspace: 2817K->2817K(1056768K)], 0.0413451 secs] [Times: user=0.30 sys=0.00, real=0.05 secs] 
2021-01-21T22:10:50.706+0800: 44.794: [Full GC (Ergonomics) [PSYoungGen: 59904K->0K(117760K)] [ParOldGen: 348724K->348597K(349696K)] 408628K->348597K(467456K), [Metaspace: 2817K->2817K(1056768K)], 0.0504366 secs] [Times: user=0.38 sys=0.00, real=0.05 secs] 
2021-01-21T22:10:50.767+0800: 44.855: [Full GC (Ergonomics) [PSYoungGen: 59856K->0K(117760K)] [ParOldGen: 348597K->348227K(349696K)] 408454K->348227K(467456K), [Metaspace: 2817K->2817K(1056768K)], 0.0506471 secs] [Times: user=0.38 sys=0.01, real=0.05 secs] 
2021-01-21T22:10:50.826+0800: 44.914: [Full GC (Ergonomics) [PSYoungGen: 59859K->0K(117760K)] [ParOldGen: 348227K->348701K(349696K)] 408087K->348701K(467456K), [Metaspace: 2817K->2817K(1056768K)], 0.0458082 secs] [Times: user=0.34 sys=0.01, real=0.05 secs] 
2021-01-21T22:10:50.881+0800: 44.969: [Full GC (Ergonomics) [PSYoungGen: 59671K->0K(117760K)] [ParOldGen: 348701K->348154K(349696K)] 408373K->348154K(467456K), [Metaspace: 2817K->2817K(1056768K)], 0.0472506 secs] [Times: user=0.36 sys=0.00, real=0.05 secs] 
2021-01-21T22:10:50.936+0800: 45.024: [Full GC (Ergonomics) [PSYoungGen: 59904K->0K(117760K)] [ParOldGen: 348154K->349100K(349696K)] 408058K->349100K(467456K), [Metaspace: 2817K->2817K(1056768K)], 0.0472072 secs] [Times: user=0.36 sys=0.00, real=0.05 secs] 
2021-01-21T22:10:50.990+0800: 45.079: [Full GC (Ergonomics) [PSYoungGen: 59676K->4247K(117760K)] [ParOldGen: 349100K->349547K(349696K)] 408776K->353794K(467456K), [Metaspace: 2817K->2817K(1056768K)], 0.0443867 secs] [Times: user=0.34 sys=0.00, real=0.04 secs] 
2021-01-21T22:10:51.042+0800: 45.131: [Full GC (Ergonomics) [PSYoungGen: 59737K->6408K(117760K)] [ParOldGen: 349547K->348976K(349696K)] 409284K->355384K(467456K), [Metaspace: 2817K->2817K(1056768K)], 0.0454149 secs] [Times: user=0.35 sys=0.00, real=0.04 secs] 
2021-01-21T22:10:51.096+0800: 45.185: [Full GC (Ergonomics) [PSYoungGen: 59904K->5081K(117760K)] [ParOldGen: 348976K->349668K(349696K)] 408880K->354749K(467456K), [Metaspace: 2817K->2817K(1056768K)], 0.0556070 secs] [Times: user=0.41 sys=0.01, real=0.06 secs] 
2021-01-21T22:10:51.159+0800: 45.247: [Full GC (Ergonomics) [PSYoungGen: 59904K->10652K(117760K)] [ParOldGen: 349668K->349460K(349696K)] 409572K->360112K(467456K), [Metaspace: 2817K->2817K(1056768K)], 0.0525604 secs] [Times: user=0.39 sys=0.00, real=0.05 secs] 
2021-01-21T22:10:51.219+0800: 45.307: [Full GC (Ergonomics) [PSYoungGen: 59904K->16750K(117760K)] [ParOldGen: 349460K->349028K(349696K)] 409364K->365778K(467456K), [Metaspace: 2817K->2817K(1056768K)], 0.0593377 secs] [Times: user=0.44 sys=0.02, real=0.06 secs] 
2021-01-21T22:10:51.286+0800: 45.375: [Full GC (Ergonomics) [PSYoungGen: 59902K->15459K(117760K)] [ParOldGen: 349028K->349663K(349696K)] 408930K->365122K(467456K), [Metaspace: 2817K->2817K(1056768K)], 0.0467443 secs] [Times: user=0.35 sys=0.00, real=0.05 secs] 
2021-01-21T22:10:51.339+0800: 45.427: [Full GC (Ergonomics) [PSYoungGen: 59822K->18904K(117760K)] [ParOldGen: 349663K->349651K(349696K)] 409485K->368555K(467456K), [Metaspace: 2817K->2817K(1056768K)], 0.0579387 secs] [Times: user=0.42 sys=0.00, real=0.05 secs] 
2021-01-21T22:10:51.403+0800: 45.491: [Full GC (Ergonomics) [PSYoungGen: 59622K->13837K(117760K)] [ParOldGen: 349651K->349255K(349696K)] 409273K->363092K(467456K), [Metaspace: 2817K->2817K(1056768K)], 0.0481595 secs] [Times: user=0.37 sys=0.00, real=0.05 secs] 
2021-01-21T22:10:51.457+0800: 45.545: [Full GC (Ergonomics) [PSYoungGen: 59623K->14388K(117760K)] [ParOldGen: 349255K->349681K(349696K)] 408878K->364069K(467456K), [Metaspace: 2817K->2817K(1056768K)], 0.0459058 secs] [Times: user=0.35 sys=0.00, real=0.05 secs] 
2021-01-21T22:10:51.509+0800: 45.597: [Full GC (Ergonomics) [PSYoungGen: 59587K->16321K(117760K)] [ParOldGen: 349681K->349305K(349696K)] 409269K->365626K(467456K), [Metaspace: 2817K->2817K(1056768K)], 0.0562495 secs] [Times: user=0.44 sys=0.00, real=0.05 secs] 
2021-01-21T22:10:51.572+0800: 45.660: [Full GC (Ergonomics) [PSYoungGen: 59904K->11514K(117760K)] [ParOldGen: 349305K->349638K(349696K)] 409209K->361152K(467456K), [Metaspace: 2817K->2817K(1056768K)], 0.0422294 secs] [Times: user=0.32 sys=0.00, real=0.04 secs] 
2021-01-21T22:10:51.620+0800: 45.709: [Full GC (Ergonomics) [PSYoungGen: 59904K->10873K(117760K)] [ParOldGen: 349638K->349689K(349696K)] 409542K->360562K(467456K), [Metaspace: 2817K->2817K(1056768K)], 0.0432039 secs] [Times: user=0.33 sys=0.00, real=0.04 secs] 
2021-01-21T22:10:51.670+0800: 45.759: [Full GC (Ergonomics) [PSYoungGen: 59808K->11594K(117760K)] [ParOldGen: 349689K->349552K(349696K)] 409497K->361147K(467456K), [Metaspace: 2817K->2817K(1056768K)], 0.0441887 secs] [Times: user=0.34 sys=0.00, real=0.04 secs] 
2021-01-21T22:10:51.721+0800: 45.809: [Full GC (Ergonomics) [PSYoungGen: 59889K->15367K(117760K)] [ParOldGen: 349552K->349154K(349696K)] 409442K->364521K(467456K), [Metaspace: 2817K->2817K(1056768K)], 0.0420305 secs] [Times: user=0.32 sys=0.00, real=0.04 secs] 
2021-01-21T22:10:51.769+0800: 45.857: [Full GC (Ergonomics) [PSYoungGen: 59904K->16809K(117760K)] [ParOldGen: 349154K->349496K(349696K)] 409058K->366306K(467456K), [Metaspace: 2817K->2817K(1056768K)], 0.0438501 secs] [Times: user=0.34 sys=0.00, real=0.04 secs] 
2021-01-21T22:10:51.818+0800: 45.906: [Full GC (Ergonomics) [PSYoungGen: 59904K->17113K(117760K)] [ParOldGen: 349496K->349124K(349696K)] 409400K->366237K(467456K), [Metaspace: 2817K->2817K(1056768K)], 0.0471684 secs] [Times: user=0.35 sys=0.01, real=0.05 secs] 
2021-01-21T22:10:51.872+0800: 45.960: [Full GC (Ergonomics) [PSYoungGen: 59429K->14871K(117760K)] [ParOldGen: 349124K->349591K(349696K)] 408553K->364462K(467456K), [Metaspace: 2817K->2817K(1056768K)], 0.0431145 secs] [Times: user=0.32 sys=0.00, real=0.04 secs] 
2021-01-21T22:10:51.920+0800: 46.009: [Full GC (Ergonomics) [PSYoungGen: 59790K->17772K(117760K)] [ParOldGen: 349591K->349440K(349696K)] 409382K->367212K(467456K), [Metaspace: 2817K->2817K(1056768K)], 0.0439791 secs] [Times: user=0.32 sys=0.01, real=0.04 secs] 
2021-01-21T22:10:51.970+0800: 46.059: [Full GC (Ergonomics) [PSYoungGen: 59904K->18808K(117760K)] [ParOldGen: 349440K->349008K(349696K)] 409344K->367817K(467456K), [Metaspace: 2817K->2817K(1056768K)], 0.0452616 secs] [Times: user=0.33 sys=0.00, real=0.04 secs] 
2021-01-21T22:10:52.021+0800: 46.110: [Full GC (Ergonomics) [PSYoungGen: 59904K->17156K(117760K)] [ParOldGen: 349008K->349675K(349696K)] 408912K->366832K(467456K), [Metaspace: 2817K->2817K(1056768K)], 0.0449522 secs] [Times: user=0.34 sys=0.00, real=0.04 secs] 
2021-01-21T22:10:52.072+0800: 46.160: [Full GC (Ergonomics) [PSYoungGen: 59904K->17107K(117760K)] [ParOldGen: 349675K->349091K(349696K)] 409579K->366199K(467456K), [Metaspace: 2817K->2817K(1056768K)], 0.0433640 secs] [Times: user=0.32 sys=0.01, real=0.04 secs] 
2021-01-21T22:10:52.121+0800: 46.209: [Full GC (Ergonomics) [PSYoungGen: 59475K->20332K(117760K)] [ParOldGen: 349091K->349244K(349696K)] 408567K->369577K(467456K), [Metaspace: 2817K->2817K(1056768K)], 0.0418580 secs] [Times: user=0.32 sys=0.00, real=0.04 secs] 
2021-01-21T22:10:52.169+0800: 46.257: [Full GC (Ergonomics) [PSYoungGen: 59792K->16869K(117760K)] [ParOldGen: 349244K->349297K(349696K)] 409037K->366166K(467456K), [Metaspace: 2817K->2817K(1056768K)], 0.0481896 secs] [Times: user=0.37 sys=0.00, real=0.04 secs] 
2021-01-21T22:10:52.224+0800: 46.312: [Full GC (Ergonomics) [PSYoungGen: 59904K->19307K(117760K)] [ParOldGen: 349297K->349420K(349696K)] 409201K->368727K(467456K), [Metaspace: 2817K->2817K(1056768K)], 0.0566081 secs] [Times: user=0.43 sys=0.00, real=0.06 secs] 
2021-01-21T22:10:52.286+0800: 46.374: [Full GC (Ergonomics) [PSYoungGen: 59618K->18771K(117760K)] [ParOldGen: 349420K->349520K(349696K)] 409038K->368292K(467456K), [Metaspace: 2817K->2817K(1056768K)], 0.0437748 secs] [Times: user=0.33 sys=0.01, real=0.05 secs] 
2021-01-21T22:10:52.337+0800: 46.425: [Full GC (Ergonomics) [PSYoungGen: 59904K->16843K(117760K)] [ParOldGen: 349520K->349154K(349696K)] 409424K->365998K(467456K), [Metaspace: 2817K->2817K(1056768K)], 0.0789346 secs] [Times: user=0.59 sys=0.00, real=0.08 secs] 
2021-01-21T22:10:52.423+0800: 46.512: [Full GC (Ergonomics) [PSYoungGen: 59904K->14444K(117760K)] [ParOldGen: 349154K->349602K(349696K)] 409058K->364047K(467456K), [Metaspace: 2817K->2817K(1056768K)], 0.0697804 secs] [Times: user=0.51 sys=0.00, real=0.07 secs] 
2021-01-21T22:10:52.502+0800: 46.590: [Full GC (Ergonomics) [PSYoungGen: 59623K->13373K(117760K)] [ParOldGen: 349602K->349575K(349696K)] 409225K->362949K(467456K), [Metaspace: 2817K->2817K(1056768K)], 0.0915856 secs] [Times: user=0.68 sys=0.01, real=0.09 secs] 
2021-01-21T22:10:52.605+0800: 46.693: [Full GC (Ergonomics) [PSYoungGen: 59395K->14658K(117760K)] [ParOldGen: 349575K->349654K(349696K)] 408971K->364312K(467456K), [Metaspace: 2817K->2817K(1056768K)], 0.0896322 secs] [Times: user=0.64 sys=0.00, real=0.09 secs] 
2021-01-21T22:10:52.700+0800: 46.788: [Full GC (Ergonomics) [PSYoungGen: 59687K->14698K(117760K)] [ParOldGen: 349654K->349197K(349696K)] 409342K->363895K(467456K), [Metaspace: 2817K->2817K(1056768K)], 0.0503503 secs] [Times: user=0.38 sys=0.00, real=0.05 secs] 
2021-01-21T22:10:52.757+0800: 46.845: [Full GC (Ergonomics) [PSYoungGen: 59498K->18354K(117760K)] [ParOldGen: 349197K->349469K(349696K)] 408695K->367824K(467456K), [Metaspace: 2817K->2817K(1056768K)], 0.0541723 secs] [Times: user=0.42 sys=0.00, real=0.06 secs] 
2021-01-21T22:10:52.817+0800: 46.905: [Full GC (Ergonomics) [PSYoungGen: 59717K->14901K(117760K)] [ParOldGen: 349469K->348843K(349696K)] 409187K->363744K(467456K), [Metaspace: 2817K->2817K(1056768K)], 0.0554211 secs] [Times: user=0.41 sys=0.00, real=0.06 secs] 
2021-01-21T22:10:52.879+0800: 46.967: [Full GC (Ergonomics) [PSYoungGen: 59602K->17158K(117760K)] [ParOldGen: 348843K->349662K(349696K)] 408445K->366820K(467456K), [Metaspace: 2817K->2817K(1056768K)], 0.0445857 secs] [Times: user=0.32 sys=0.01, real=0.04 secs] 
2021-01-21T22:10:52.929+0800: 47.017: [Full GC (Ergonomics) [PSYoungGen: 59750K->17577K(117760K)] [ParOldGen: 349662K->349608K(349696K)] 409412K->367186K(467456K), [Metaspace: 2817K->2817K(1056768K)], 0.0471283 secs] [Times: user=0.35 sys=0.00, real=0.04 secs] 
2021-01-21T22:10:52.982+0800: 47.070: [Full GC (Ergonomics) [PSYoungGen: 59760K->15910K(117760K)] [ParOldGen: 349608K->349680K(349696K)] 409369K->365590K(467456K), [Metaspace: 2817K->2817K(1056768K)], 0.0414253 secs] [Times: user=0.31 sys=0.00, real=0.04 secs] 
2021-01-21T22:10:53.029+0800: 47.117: [Full GC (Ergonomics) [PSYoungGen: 59904K->17678K(117760K)] [ParOldGen: 349680K->349639K(349696K)] 409584K->367318K(467456K), [Metaspace: 2817K->2817K(1056768K)], 0.0487299 secs] [Times: user=0.37 sys=0.00, real=0.04 secs] 
2021-01-21T22:10:53.084+0800: 47.172: [Full GC (Ergonomics) [PSYoungGen: 59584K->16988K(117760K)] [ParOldGen: 349639K->349556K(349696K)] 409223K->366544K(467456K), [Metaspace: 2817K->2817K(1056768K)], 0.0425685 secs] [Times: user=0.33 sys=0.00, real=0.04 secs] 
2021-01-21T22:10:53.131+0800: 47.220: [Full GC (Ergonomics) [PSYoungGen: 59802K->18441K(117760K)] [ParOldGen: 349556K->349189K(349696K)] 409358K->367630K(467456K), [Metaspace: 2817K->2817K(1056768K)], 0.0527233 secs] [Times: user=0.41 sys=0.00, real=0.05 secs] 
2021-01-21T22:10:53.190+0800: 47.278: [Full GC (Ergonomics) [PSYoungGen: 59904K->19686K(117760K)] [ParOldGen: 349189K->349601K(349696K)] 409093K->369287K(467456K), [Metaspace: 2817K->2817K(1056768K)], 0.0474060 secs] [Times: user=0.36 sys=0.00, real=0.04 secs] 
2021-01-21T22:10:53.246+0800: 47.334: [Full GC (Ergonomics) [PSYoungGen: 59904K->20527K(117760K)] [ParOldGen: 349601K->349293K(349696K)] 409505K->369820K(467456K), [Metaspace: 2817K->2817K(1056768K)], 0.0557923 secs] [Times: user=0.43 sys=0.00, real=0.06 secs] 
2021-01-21T22:10:53.309+0800: 47.398: [Full GC (Ergonomics) [PSYoungGen: 59797K->19639K(117760K)] [ParOldGen: 349293K->349407K(349696K)] 409090K->369047K(467456K), [Metaspace: 2817K->2817K(1056768K)], 0.0685274 secs] [Times: user=0.52 sys=0.01, real=0.07 secs] 
2021-01-21T22:10:53.383+0800: 47.471: [Full GC (Ergonomics) [PSYoungGen: 59904K->21114K(117760K)] [ParOldGen: 349407K->349656K(349696K)] 409311K->370771K(467456K), [Metaspace: 2817K->2817K(1056768K)], 0.0670054 secs] [Times: user=0.48 sys=0.02, real=0.07 secs] 
2021-01-21T22:10:53.457+0800: 47.546: [Full GC (Ergonomics) [PSYoungGen: 59851K->24934K(117760K)] [ParOldGen: 349656K->349310K(349696K)] 409508K->374244K(467456K), [Metaspace: 2817K->2817K(1056768K)], 0.0753909 secs] [Times: user=0.58 sys=0.00, real=0.08 secs] 
2021-01-21T22:10:53.538+0800: 47.627: [Full GC (Ergonomics) [PSYoungGen: 59763K->25906K(117760K)] [ParOldGen: 349310K->349280K(349696K)] 409073K->375186K(467456K), [Metaspace: 2817K->2817K(1056768K)], 0.0664282 secs] [Times: user=0.50 sys=0.00, real=0.06 secs] 
2021-01-21T22:10:53.611+0800: 47.699: [Full GC (Ergonomics) [PSYoungGen: 59904K->25359K(117760K)] [ParOldGen: 349280K->349616K(349696K)] 409184K->374975K(467456K), [Metaspace: 2817K->2817K(1056768K)], 0.0567343 secs] [Times: user=0.44 sys=0.00, real=0.05 secs] 
2021-01-21T22:10:53.674+0800: 47.762: [Full GC (Ergonomics) [PSYoungGen: 59904K->28478K(117760K)] [ParOldGen: 349616K->349626K(349696K)] 409520K->378104K(467456K), [Metaspace: 2817K->2817K(1056768K)], 0.0956452 secs] [Times: user=0.74 sys=0.01, real=0.10 secs] 
2021-01-21T22:10:53.776+0800: 47.864: [Full GC (Ergonomics) [PSYoungGen: 59904K->25632K(117760K)] [ParOldGen: 349626K->349552K(349696K)] 409530K->375184K(467456K), [Metaspace: 2817K->2817K(1056768K)], 0.0596613 secs] [Times: user=0.45 sys=0.01, real=0.06 secs] 
2021-01-21T22:10:53.842+0800: 47.930: [Full GC (Ergonomics) [PSYoungGen: 59120K->22010K(117760K)] [ParOldGen: 349552K->349409K(349696K)] 408672K->371420K(467456K), [Metaspace: 2817K->2817K(1056768K)], 0.0578632 secs] [Times: user=0.43 sys=0.00, real=0.06 secs] 
2021-01-21T22:10:53.907+0800: 47.995: [Full GC (Ergonomics) [PSYoungGen: 59904K->21951K(117760K)] [ParOldGen: 349409K->349408K(349696K)] 409313K->371359K(467456K), [Metaspace: 2817K->2817K(1056768K)], 0.0617723 secs] [Times: user=0.47 sys=0.00, real=0.07 secs] 
2021-01-21T22:10:53.974+0800: 48.063: [Full GC (Ergonomics) [PSYoungGen: 59848K->26082K(117760K)] [ParOldGen: 349408K->349370K(349696K)] 409256K->375453K(467456K), [Metaspace: 2817K->2817K(1056768K)], 0.0580391 secs] [Times: user=0.44 sys=0.00, real=0.06 secs] 
2021-01-21T22:10:54.036+0800: 48.125: [Full GC (Ergonomics) [PSYoungGen: 59829K->29074K(117760K)] [ParOldGen: 349370K->349127K(349696K)] 409200K->378202K(467456K), [Metaspace: 2817K->2817K(1056768K)], 0.0544267 secs] [Times: user=0.40 sys=0.00, real=0.06 secs] 
2021-01-21T22:10:54.097+0800: 48.185: [Full GC (Ergonomics) [PSYoungGen: 59861K->29596K(117760K)] [ParOldGen: 349127K->349443K(349696K)] 408989K->379039K(467456K), [Metaspace: 2817K->2817K(1056768K)], 0.0629638 secs] [Times: user=0.48 sys=0.00, real=0.07 secs] 
2021-01-21T22:10:54.166+0800: 48.254: [Full GC (Ergonomics) [PSYoungGen: 59781K->29819K(117760K)] [ParOldGen: 349443K->349452K(349696K)] 409224K->379271K(467456K), [Metaspace: 2817K->2817K(1056768K)], 0.0486556 secs] [Times: user=0.37 sys=0.00, real=0.05 secs] 
2021-01-21T22:10:54.219+0800: 48.308: [Full GC (Ergonomics) [PSYoungGen: 59904K->28124K(117760K)] [ParOldGen: 349452K->349275K(349696K)] 409356K->377400K(467456K), [Metaspace: 2817K->2817K(1056768K)], 0.0547154 secs] [Times: user=0.40 sys=0.00, real=0.05 secs] 
2021-01-21T22:10:54.278+0800: 48.366: [Full GC (Ergonomics) [PSYoungGen: 59904K->30259K(117760K)] [ParOldGen: 349275K->349432K(349696K)] 409179K->379692K(467456K), [Metaspace: 2817K->2817K(1056768K)], 0.0548671 secs] [Times: user=0.42 sys=0.00, real=0.05 secs] 
2021-01-21T22:10:54.337+0800: 48.426: [Full GC (Ergonomics) [PSYoungGen: 59880K->27026K(117760K)] [ParOldGen: 349432K->349122K(349696K)] 409313K->376149K(467456K), [Metaspace: 2817K->2817K(1056768K)], 0.0553324 secs] [Times: user=0.41 sys=0.01, real=0.06 secs] 
2021-01-21T22:10:54.397+0800: 48.485: [Full GC (Ergonomics) [PSYoungGen: 59904K->26239K(117760K)] [ParOldGen: 349122K->349581K(349696K)] 409026K->375820K(467456K), [Metaspace: 2817K->2817K(1056768K)], 0.0542239 secs] [Times: user=0.40 sys=0.00, real=0.06 secs] 
2021-01-21T22:10:54.458+0800: 48.547: [Full GC (Ergonomics) [PSYoungGen: 59884K->28739K(117760K)] [ParOldGen: 349581K->349315K(349696K)] 409465K->378055K(467456K), [Metaspace: 2817K->2817K(1056768K)], 0.0511620 secs] [Times: user=0.38 sys=0.01, real=0.05 secs] 
2021-01-21T22:10:54.513+0800: 48.601: [Full GC (Ergonomics) [PSYoungGen: 59214K->32772K(117760K)] [ParOldGen: 349315K->349339K(349696K)] 408530K->382111K(467456K), [Metaspace: 2817K->2817K(1056768K)], 0.0617704 secs] [Times: user=0.47 sys=0.00, real=0.06 secs] 
2021-01-21T22:10:54.579+0800: 48.668: [Full GC (Ergonomics) [PSYoungGen: 59741K->32108K(117760K)] [ParOldGen: 349339K->349505K(349696K)] 409080K->381614K(467456K), [Metaspace: 2817K->2817K(1056768K)], 0.0509430 secs] [Times: user=0.38 sys=0.01, real=0.05 secs] 
2021-01-21T22:10:54.635+0800: 48.723: [Full GC (Ergonomics) [PSYoungGen: 59904K->32060K(117760K)] [ParOldGen: 349505K->349157K(349696K)] 409409K->381217K(467456K), [Metaspace: 2817K->2817K(1056768K)], 0.0510087 secs] [Times: user=0.38 sys=0.00, real=0.05 secs] 
2021-01-21T22:10:54.692+0800: 48.780: [Full GC (Ergonomics) [PSYoungGen: 59632K->30928K(117760K)] [ParOldGen: 349157K->349561K(349696K)] 408790K->380490K(467456K), [Metaspace: 2817K->2817K(1056768K)], 0.0598671 secs] [Times: user=0.45 sys=0.00, real=0.06 secs] 
2021-01-21T22:10:54.758+0800: 48.847: [Full GC (Ergonomics) [PSYoungGen: 59740K->31298K(117760K)] [ParOldGen: 349561K->349666K(349696K)] 409301K->380965K(467456K), [Metaspace: 2817K->2817K(1056768K)], 0.0529729 secs] [Times: user=0.41 sys=0.00, real=0.05 secs] 
2021-01-21T22:10:54.816+0800: 48.904: [Full GC (Ergonomics) [PSYoungGen: 59730K->33779K(117760K)] [ParOldGen: 349666K->349416K(349696K)] 409396K->383196K(467456K), [Metaspace: 2817K->2817K(1056768K)], 0.0806595 secs] [Times: user=0.63 sys=0.01, real=0.08 secs] 
2021-01-21T22:10:54.902+0800: 48.990: [Full GC (Ergonomics) [PSYoungGen: 59883K->35537K(117760K)] [ParOldGen: 349416K->349541K(349696K)] 409300K->385079K(467456K), [Metaspace: 2817K->2817K(1056768K)], 0.0691875 secs] [Times: user=0.52 sys=0.00, real=0.07 secs] 
2021-01-21T22:10:54.976+0800: 49.064: [Full GC (Ergonomics) [PSYoungGen: 59573K->34695K(117760K)] [ParOldGen: 349541K->349382K(349696K)] 409115K->384078K(467456K), [Metaspace: 2817K->2817K(1056768K)], 0.0517557 secs] [Times: user=0.40 sys=0.00, real=0.05 secs] 
2021-01-21T22:10:55.031+0800: 49.119: [Full GC (Ergonomics) [PSYoungGen: 59467K->33532K(117760K)] [ParOldGen: 349382K->349427K(349696K)] 408850K->382959K(467456K), [Metaspace: 2817K->2817K(1056768K)], 0.0623371 secs] [Times: user=0.48 sys=0.00, real=0.06 secs] 
2021-01-21T22:10:55.097+0800: 49.186: [Full GC (Ergonomics) [PSYoungGen: 59785K->32159K(117760K)] [ParOldGen: 349427K->348973K(349696K)] 409212K->381132K(467456K), [Metaspace: 2817K->2817K(1056768K)], 0.0639355 secs] [Times: user=0.48 sys=0.01, real=0.07 secs] 
2021-01-21T22:10:55.166+0800: 49.254: [Full GC (Ergonomics) [PSYoungGen: 59765K->29293K(117760K)] [ParOldGen: 348973K->349674K(349696K)] 408738K->378967K(467456K), [Metaspace: 2817K->2817K(1056768K)], 0.0678660 secs] [Times: user=0.51 sys=0.00, real=0.07 secs] 
2021-01-21T22:10:55.241+0800: 49.329: [Full GC (Ergonomics) [PSYoungGen: 59644K->28566K(117760K)] [ParOldGen: 349674K->349550K(349696K)] 409318K->378116K(467456K), [Metaspace: 2817K->2817K(1056768K)], 0.0753151 secs] [Times: user=0.56 sys=0.01, real=0.07 secs] 
2021-01-21T22:10:55.323+0800: 49.412: [Full GC (Ergonomics) [PSYoungGen: 59904K->26772K(117760K)] [ParOldGen: 349550K->349334K(349696K)] 409454K->376106K(467456K), [Metaspace: 2817K->2817K(1056768K)], 0.0535944 secs] [Times: user=0.41 sys=0.00, real=0.05 secs] 
2021-01-21T22:10:55.382+0800: 49.470: [Full GC (Ergonomics) [PSYoungGen: 59904K->29671K(117760K)] [ParOldGen: 349334K->349229K(349696K)] 409238K->378901K(467456K), [Metaspace: 2817K->2817K(1056768K)], 0.0528360 secs] [Times: user=0.41 sys=0.00, real=0.05 secs] 
2021-01-21T22:10:55.440+0800: 49.528: [Full GC (Ergonomics) [PSYoungGen: 59747K->31727K(117760K)] [ParOldGen: 349229K->349478K(349696K)] 408976K->381206K(467456K), [Metaspace: 2817K->2817K(1056768K)], 0.0427785 secs] [Times: user=0.30 sys=0.00, real=0.04 secs] 
2021-01-21T22:10:55.487+0800: 49.575: [Full GC (Ergonomics) [PSYoungGen: 59464K->33862K(117760K)] [ParOldGen: 349478K->349125K(349696K)] 408943K->382988K(467456K), [Metaspace: 2817K->2817K(1056768K)], 0.0535502 secs] [Times: user=0.41 sys=0.00, real=0.06 secs] 
2021-01-21T22:10:55.544+0800: 49.632: [Full GC (Ergonomics) [PSYoungGen: 59873K->32770K(117760K)] [ParOldGen: 349125K->349380K(349696K)] 408999K->382151K(467456K), [Metaspace: 2817K->2817K(1056768K)], 0.0502451 secs] [Times: user=0.39 sys=0.00, real=0.05 secs] 
2021-01-21T22:10:55.598+0800: 49.686: [Full GC (Ergonomics) [PSYoungGen: 59791K->35254K(117760K)] [ParOldGen: 349380K->349630K(349696K)] 409172K->384884K(467456K), [Metaspace: 2817K->2817K(1056768K)], 0.0428407 secs] [Times: user=0.31 sys=0.02, real=0.05 secs] 
2021-01-21T22:10:55.644+0800: 49.732: [Full GC (Ergonomics) [PSYoungGen: 59808K->34977K(117760K)] [ParOldGen: 349630K->349671K(349696K)] 409438K->384649K(467456K), [Metaspace: 2817K->2817K(1056768K)], 0.0432770 secs] [Times: user=0.32 sys=0.00, real=0.04 secs] 
2021-01-21T22:10:55.691+0800: 49.779: [Full GC (Ergonomics) [PSYoungGen: 59904K->34001K(117760K)] [ParOldGen: 349671K->349437K(349696K)] 409575K->383439K(467456K), [Metaspace: 2817K->2817K(1056768K)], 0.0452356 secs] [Times: user=0.33 sys=0.00, real=0.04 secs] 
2021-01-21T22:10:55.741+0800: 49.829: [Full GC (Ergonomics) [PSYoungGen: 59904K->35726K(117760K)] [ParOldGen: 349437K->349587K(349696K)] 409341K->385313K(467456K), [Metaspace: 2817K->2817K(1056768K)], 0.0425921 secs] [Times: user=0.32 sys=0.01, real=0.04 secs] 
2021-01-21T22:10:55.788+0800: 49.876: [Full GC (Ergonomics) [PSYoungGen: 59904K->38697K(117760K)] [ParOldGen: 349587K->349627K(349696K)] 409491K->388325K(467456K), [Metaspace: 2817K->2817K(1056768K)], 0.0435719 secs] [Times: user=0.33 sys=0.01, real=0.05 secs] 
2021-01-21T22:10:55.835+0800: 49.923: [Full GC (Ergonomics) [PSYoungGen: 59866K->37307K(117760K)] [ParOldGen: 349627K->349189K(349696K)] 409494K->386496K(467456K), [Metaspace: 2817K->2817K(1056768K)], 0.0486067 secs] [Times: user=0.37 sys=0.00, real=0.05 secs] 
2021-01-21T22:10:55.887+0800: 49.976: [Full GC (Ergonomics) [PSYoungGen: 59904K->37156K(117760K)] [ParOldGen: 349189K->349532K(349696K)] 409093K->386689K(467456K), [Metaspace: 2817K->2817K(1056768K)], 0.0530085 secs] [Times: user=0.40 sys=0.01, real=0.06 secs] 
2021-01-21T22:10:55.944+0800: 50.032: [Full GC (Ergonomics) [PSYoungGen: 59904K->35617K(117760K)] [ParOldGen: 349532K->349336K(349696K)] 409436K->384953K(467456K), [Metaspace: 2817K->2817K(1056768K)], 0.0574615 secs] [Times: user=0.43 sys=0.01, real=0.06 secs] 
2021-01-21T22:10:56.005+0800: 50.093: [Full GC (Ergonomics) [PSYoungGen: 59904K->37017K(117760K)] [ParOldGen: 349336K->349218K(349696K)] 409240K->386235K(467456K), [Metaspace: 2817K->2817K(1056768K)], 0.0473608 secs] [Times: user=0.37 sys=0.00, real=0.05 secs] 
2021-01-21T22:10:56.056+0800: 50.145: [Full GC (Ergonomics) [PSYoungGen: 59630K->36678K(117760K)] [ParOldGen: 349218K->349527K(349696K)] 408848K->386206K(467456K), [Metaspace: 2817K->2817K(1056768K)], 0.0534114 secs] [Times: user=0.41 sys=0.00, real=0.06 secs] 
2021-01-21T22:10:56.113+0800: 50.201: [Full GC (Ergonomics) [PSYoungGen: 59574K->36575K(117760K)] [ParOldGen: 349527K->349183K(349696K)] 409101K->385758K(467456K), [Metaspace: 2817K->2817K(1056768K)], 0.0529230 secs] [Times: user=0.40 sys=0.01, real=0.05 secs] 
2021-01-21T22:10:56.170+0800: 50.259: [Full GC (Ergonomics) [PSYoungGen: 59904K->37401K(117760K)] [ParOldGen: 349183K->349627K(349696K)] 409087K->387029K(467456K), [Metaspace: 2817K->2817K(1056768K)], 0.0508096 secs] [Times: user=0.38 sys=0.00, real=0.05 secs] 
2021-01-21T22:10:56.224+0800: 50.313: [Full GC (Ergonomics) [PSYoungGen: 59826K->36324K(117760K)] [ParOldGen: 349627K->349435K(349696K)] 409454K->385759K(467456K), [Metaspace: 2817K->2817K(1056768K)], 0.0440063 secs] [Times: user=0.33 sys=0.00, real=0.05 secs] 
2021-01-21T22:10:56.273+0800: 50.361: [Full GC (Ergonomics) [PSYoungGen: 59904K->34630K(117760K)] [ParOldGen: 349435K->349664K(349696K)] 409339K->384295K(467456K), [Metaspace: 2817K->2817K(1056768K)], 0.0503270 secs] [Times: user=0.39 sys=0.00, real=0.05 secs] 
2021-01-21T22:10:56.327+0800: 50.415: [Full GC (Ergonomics) [PSYoungGen: 59904K->36171K(117760K)] [ParOldGen: 349664K->349193K(349696K)] 409568K->385365K(467456K), [Metaspace: 2817K->2817K(1056768K)], 0.0547676 secs] [Times: user=0.41 sys=0.01, real=0.06 secs] 
2021-01-21T22:10:56.385+0800: 50.474: [Full GC (Ergonomics) [PSYoungGen: 59904K->37437K(117760K)] [ParOldGen: 349193K->349371K(349696K)] 409097K->386808K(467456K), [Metaspace: 2817K->2817K(1056768K)], 0.0530679 secs] [Times: user=0.39 sys=0.01, real=0.06 secs] 
2021-01-21T22:10:56.442+0800: 50.530: [Full GC (Ergonomics) [PSYoungGen: 59655K->36171K(117760K)] [ParOldGen: 349371K->349102K(349696K)] 409026K->385274K(467456K), [Metaspace: 2817K->2817K(1056768K)], 0.0417190 secs] [Times: user=0.32 sys=0.00, real=0.04 secs] 
2021-01-21T22:10:56.488+0800: 50.576: [Full GC (Ergonomics) [PSYoungGen: 59656K->30864K(117760K)] [ParOldGen: 349102K->349257K(349696K)] 408759K->380121K(467456K), [Metaspace: 2817K->2817K(1056768K)], 0.0460502 secs] [Times: user=0.34 sys=0.00, real=0.04 secs] 
2021-01-21T22:10:56.539+0800: 50.627: [Full GC (Ergonomics) [PSYoungGen: 59468K->32481K(117760K)] [ParOldGen: 349257K->349342K(349696K)] 408725K->381823K(467456K), [Metaspace: 2817K->2817K(1056768K)], 0.0447058 secs] [Times: user=0.33 sys=0.01, real=0.04 secs] 
2021-01-21T22:10:56.588+0800: 50.676: [Full GC (Ergonomics) [PSYoungGen: 59900K->33625K(117760K)] [ParOldGen: 349342K->349594K(349696K)] 409242K->383220K(467456K), [Metaspace: 2817K->2817K(1056768K)], 0.0496643 secs] [Times: user=0.37 sys=0.01, real=0.05 secs] 
2021-01-21T22:10:56.641+0800: 50.730: [Full GC (Ergonomics) [PSYoungGen: 59754K->31445K(117760K)] [ParOldGen: 349594K->349455K(349696K)] 409348K->380900K(467456K), [Metaspace: 2817K->2817K(1056768K)], 0.0539325 secs] [Times: user=0.40 sys=0.01, real=0.05 secs] 
2021-01-21T22:10:56.700+0800: 50.789: [Full GC (Ergonomics) [PSYoungGen: 59827K->28006K(117760K)] [ParOldGen: 349455K->349567K(349696K)] 409282K->377574K(467456K), [Metaspace: 2817K->2817K(1056768K)], 0.0602592 secs] [Times: user=0.44 sys=0.01, real=0.06 secs] 
2021-01-21T22:10:56.766+0800: 50.854: [Full GC (Ergonomics) [PSYoungGen: 59904K->29623K(117760K)] [ParOldGen: 349567K->349558K(349696K)] 409471K->379182K(467456K), [Metaspace: 2817K->2817K(1056768K)], 0.0847540 secs] [Times: user=0.61 sys=0.00, real=0.09 secs] 
2021-01-21T22:10:56.857+0800: 50.945: [Full GC (Ergonomics) [PSYoungGen: 59844K->31434K(117760K)] [ParOldGen: 349558K->349085K(349696K)] 409403K->380520K(467456K), [Metaspace: 2817K->2817K(1056768K)], 0.0575823 secs] [Times: user=0.45 sys=0.00, real=0.06 secs] 
2021-01-21T22:10:56.919+0800: 51.008: [Full GC (Ergonomics) [PSYoungGen: 59904K->32581K(117760K)] [ParOldGen: 349085K->349625K(349696K)] 408989K->382207K(467456K), [Metaspace: 2817K->2817K(1056768K)], 0.0547099 secs] [Times: user=0.42 sys=0.00, real=0.05 secs] 
2021-01-21T22:10:56.978+0800: 51.066: [Full GC (Ergonomics) [PSYoungGen: 59904K->31474K(117760K)] [ParOldGen: 349625K->349494K(349696K)] 409529K->380968K(467456K), [Metaspace: 2817K->2817K(1056768K)], 0.0452370 secs] [Times: user=0.33 sys=0.01, real=0.05 secs] 
2021-01-21T22:10:57.027+0800: 51.115: [Full GC (Ergonomics) [PSYoungGen: 59904K->32961K(117760K)] [ParOldGen: 349494K->349669K(349696K)] 409398K->382630K(467456K), [Metaspace: 2817K->2817K(1056768K)], 0.0482236 secs] [Times: user=0.36 sys=0.01, real=0.05 secs] 
2021-01-21T22:10:57.079+0800: 51.167: [Full GC (Ergonomics) [PSYoungGen: 59556K->33346K(117760K)] [ParOldGen: 349669K->349680K(349696K)] 409226K->383026K(467456K), [Metaspace: 2817K->2817K(1056768K)], 0.0595494 secs] [Times: user=0.45 sys=0.01, real=0.06 secs] 
2021-01-21T22:10:57.146+0800: 51.234: [Full GC (Ergonomics) [PSYoungGen: 59904K->34731K(117760K)] [ParOldGen: 349680K->349693K(349696K)] 409584K->384425K(467456K), [Metaspace: 2817K->2817K(1056768K)], 0.0666989 secs] [Times: user=0.51 sys=0.01, real=0.07 secs] 
2021-01-21T22:10:57.217+0800: 51.305: [Full GC (Ergonomics) [PSYoungGen: 59331K->37002K(117760K)] [ParOldGen: 349693K->349055K(349696K)] 409025K->386058K(467456K), [Metaspace: 2817K->2817K(1056768K)], 0.0586504 secs] [Times: user=0.45 sys=0.00, real=0.06 secs] 
2021-01-21T22:10:57.279+0800: 51.367: [Full GC (Ergonomics) [PSYoungGen: 59694K->37141K(117760K)] [ParOldGen: 349055K->349061K(349696K)] 408750K->386203K(467456K), [Metaspace: 2817K->2817K(1056768K)], 0.0525665 secs] [Times: user=0.41 sys=0.00, real=0.05 secs] 
2021-01-21T22:10:57.335+0800: 51.423: [Full GC (Ergonomics) [PSYoungGen: 59904K->38448K(117760K)] [ParOldGen: 349061K->349618K(349696K)] 408965K->388067K(467456K), [Metaspace: 2817K->2817K(1056768K)], 0.0527919 secs] [Times: user=0.40 sys=0.01, real=0.06 secs] 
2021-01-21T22:10:57.391+0800: 51.479: [Full GC (Ergonomics) [PSYoungGen: 59876K->38667K(117760K)] [ParOldGen: 349618K->349532K(349696K)] 409495K->388199K(467456K), [Metaspace: 2817K->2817K(1056768K)], 0.0435043 secs] [Times: user=0.33 sys=0.00, real=0.04 secs] 
2021-01-21T22:10:57.439+0800: 51.527: [Full GC (Ergonomics) [PSYoungGen: 59866K->37957K(117760K)] [ParOldGen: 349532K->349344K(349696K)] 409398K->387301K(467456K), [Metaspace: 2817K->2817K(1056768K)], 0.0505767 secs] [Times: user=0.39 sys=0.00, real=0.05 secs] 
2021-01-21T22:10:57.493+0800: 51.581: [Full GC (Ergonomics) [PSYoungGen: 59729K->38051K(117760K)] [ParOldGen: 349344K->349634K(349696K)] 409073K->387685K(467456K), [Metaspace: 2817K->2817K(1056768K)], 0.0469206 secs] [Times: user=0.33 sys=0.00, real=0.05 secs] 
2021-01-21T22:10:57.543+0800: 51.631: [Full GC (Ergonomics) [PSYoungGen: 59753K->39099K(117760K)] [ParOldGen: 349634K->349368K(349696K)] 409387K->388468K(467456K), [Metaspace: 2817K->2817K(1056768K)], 0.0590132 secs] [Times: user=0.45 sys=0.00, real=0.06 secs] 
2021-01-21T22:10:57.606+0800: 51.694: [Full GC (Ergonomics) [PSYoungGen: 59394K->39774K(117760K)] [ParOldGen: 349368K->349275K(349696K)] 408763K->389050K(467456K), [Metaspace: 2817K->2817K(1056768K)], 0.0529134 secs] [Times: user=0.40 sys=0.01, real=0.06 secs] 
2021-01-21T22:10:57.662+0800: 51.750: [Full GC (Ergonomics) [PSYoungGen: 59811K->41294K(117760K)] [ParOldGen: 349275K->349172K(349696K)] 409087K->390466K(467456K), [Metaspace: 2817K->2817K(1056768K)], 0.0482204 secs] [Times: user=0.37 sys=0.00, real=0.05 secs] 
2021-01-21T22:10:57.713+0800: 51.801: [Full GC (Ergonomics) [PSYoungGen: 59797K->38758K(117760K)] [ParOldGen: 349172K->349159K(349696K)] 408969K->387918K(467456K), [Metaspace: 2817K->2817K(1056768K)], 0.0571662 secs] [Times: user=0.42 sys=0.01, real=0.06 secs] 
2021-01-21T22:10:57.773+0800: 51.861: [Full GC (Ergonomics) [PSYoungGen: 59760K->38304K(117760K)] [ParOldGen: 349159K->349533K(349696K)] 408920K->387838K(467456K), [Metaspace: 2817K->2817K(1056768K)], 0.0533573 secs] [Times: user=0.41 sys=0.00, real=0.05 secs] 
2021-01-21T22:10:57.829+0800: 51.918: [Full GC (Ergonomics) [PSYoungGen: 59904K->39675K(117760K)] [ParOldGen: 349533K->349357K(349696K)] 409437K->389032K(467456K), [Metaspace: 2817K->2817K(1056768K)], 0.0480844 secs] [Times: user=0.37 sys=0.00, real=0.04 secs] 
2021-01-21T22:10:57.881+0800: 51.969: [Full GC (Ergonomics) [PSYoungGen: 59778K->38098K(117760K)] [ParOldGen: 349357K->349462K(349696K)] 409135K->387560K(467456K), [Metaspace: 2817K->2817K(1056768K)], 0.0488796 secs] [Times: user=0.37 sys=0.00, real=0.05 secs] 
2021-01-21T22:10:57.933+0800: 52.022: [Full GC (Ergonomics) [PSYoungGen: 59834K->37881K(117760K)] [ParOldGen: 349462K->349389K(349696K)] 409296K->387271K(467456K), [Metaspace: 2817K->2817K(1056768K)], 0.0462320 secs] [Times: user=0.34 sys=0.00, real=0.05 secs] 
2021-01-21T22:10:57.982+0800: 52.071: [Full GC (Ergonomics) [PSYoungGen: 59876K->38347K(117760K)] [ParOldGen: 349389K->349682K(349696K)] 409265K->388029K(467456K), [Metaspace: 2817K->2817K(1056768K)], 0.0628064 secs] [Times: user=0.48 sys=0.00, real=0.06 secs] 
2021-01-21T22:10:58.049+0800: 52.137: [Full GC (Ergonomics) [PSYoungGen: 59898K->37787K(117760K)] [ParOldGen: 349682K->349312K(349696K)] 409580K->387099K(467456K), [Metaspace: 2817K->2817K(1056768K)], 0.0582846 secs] [Times: user=0.44 sys=0.00, real=0.05 secs] 
2021-01-21T22:10:58.110+0800: 52.199: [Full GC (Ergonomics) [PSYoungGen: 59830K->36621K(117760K)] [ParOldGen: 349312K->349543K(349696K)] 409143K->386164K(467456K), [Metaspace: 2817K->2817K(1056768K)], 0.0534076 secs] [Times: user=0.40 sys=0.00, real=0.05 secs] 
2021-01-21T22:10:58.170+0800: 52.258: [Full GC (Ergonomics) [PSYoungGen: 59904K->35065K(117760K)] [ParOldGen: 349543K->349481K(349696K)] 409447K->384546K(467456K), [Metaspace: 2817K->2817K(1056768K)], 0.0420089 secs] [Times: user=0.30 sys=0.00, real=0.04 secs] 
2021-01-21T22:10:58.215+0800: 52.304: [Full GC (Ergonomics) [PSYoungGen: 59873K->33806K(117760K)] [ParOldGen: 349481K->349531K(349696K)] 409354K->383337K(467456K), [Metaspace: 2817K->2817K(1056768K)], 0.0397701 secs] [Times: user=0.31 sys=0.00, real=0.04 secs] 
2021-01-21T22:10:58.259+0800: 52.347: [Full GC (Ergonomics) [PSYoungGen: 59806K->39048K(117760K)] [ParOldGen: 349531K->349379K(349696K)] 409337K->388427K(467456K), [Metaspace: 2817K->2817K(1056768K)], 0.0387692 secs] [Times: user=0.30 sys=0.00, real=0.03 secs] 
2021-01-21T22:10:58.301+0800: 52.389: [Full GC (Ergonomics) [PSYoungGen: 59799K->41554K(117760K)] [ParOldGen: 349379K->348731K(349696K)] 409178K->390286K(467456K), [Metaspace: 2817K->2817K(1056768K)], 0.0608108 secs] [Times: user=0.46 sys=0.00, real=0.06 secs] 
2021-01-21T22:10:58.364+0800: 52.452: [Full GC (Ergonomics) [PSYoungGen: 59858K->39814K(117760K)] [ParOldGen: 348731K->349481K(349696K)] 408589K->389295K(467456K), [Metaspace: 2817K->2817K(1056768K)], 0.0443378 secs] [Times: user=0.33 sys=0.00, real=0.05 secs] 
2021-01-21T22:10:58.411+0800: 52.499: [Full GC (Ergonomics) [PSYoungGen: 59855K->39440K(117760K)] [ParOldGen: 349481K->349515K(349696K)] 409336K->388956K(467456K), [Metaspace: 2817K->2817K(1056768K)], 0.0489393 secs] [Times: user=0.37 sys=0.00, real=0.05 secs] 
2021-01-21T22:10:58.463+0800: 52.551: [Full GC (Ergonomics) [PSYoungGen: 59893K->40057K(117760K)] [ParOldGen: 349515K->349496K(349696K)] 409408K->389554K(467456K), [Metaspace: 2817K->2817K(1056768K)], 0.0375982 secs] [Times: user=0.27 sys=0.01, real=0.04 secs] 
2021-01-21T22:10:58.504+0800: 52.592: [Full GC (Ergonomics) [PSYoungGen: 59771K->39129K(117760K)] [ParOldGen: 349496K->349369K(349696K)] 409267K->388498K(467456K), [Metaspace: 2817K->2817K(1056768K)], 0.0487716 secs] [Times: user=0.36 sys=0.00, real=0.05 secs] 
2021-01-21T22:10:58.555+0800: 52.643: [Full GC (Ergonomics) [PSYoungGen: 59877K->41657K(117760K)] [ParOldGen: 349369K->349318K(349696K)] 409246K->390976K(467456K), [Metaspace: 2817K->2817K(1056768K)], 0.0381952 secs] [Times: user=0.29 sys=0.00, real=0.04 secs] 
2021-01-21T22:10:58.596+0800: 52.685: [Full GC (Ergonomics) [PSYoungGen: 59651K->37612K(117760K)] [ParOldGen: 349318K->349432K(349696K)] 408970K->387045K(467456K), [Metaspace: 2817K->2817K(1056768K)], 0.0389884 secs] [Times: user=0.29 sys=0.00, real=0.04 secs] 
2021-01-21T22:10:58.638+0800: 52.727: [Full GC (Ergonomics) [PSYoungGen: 59785K->37204K(117760K)] [ParOldGen: 349432K->349516K(349696K)] 409218K->386720K(467456K), [Metaspace: 2817K->2817K(1056768K)], 0.0394229 secs] [Times: user=0.30 sys=0.00, real=0.04 secs] 
2021-01-21T22:10:58.682+0800: 52.770: [Full GC (Ergonomics) [PSYoungGen: 59765K->35145K(117760K)] [ParOldGen: 349516K->349387K(349696K)] 409282K->384532K(467456K), [Metaspace: 2817K->2817K(1056768K)], 0.0405115 secs] [Times: user=0.31 sys=0.00, real=0.04 secs] 
2021-01-21T22:10:58.726+0800: 52.814: [Full GC (Ergonomics) [PSYoungGen: 59794K->34470K(117760K)] [ParOldGen: 349387K->349560K(349696K)] 409181K->384031K(467456K), [Metaspace: 2817K->2817K(1056768K)], 0.0394534 secs] [Times: user=0.30 sys=0.00, real=0.04 secs] 
2021-01-21T22:10:58.769+0800: 52.857: [Full GC (Ergonomics) [PSYoungGen: 59904K->33545K(117760K)] [ParOldGen: 349560K->349177K(349696K)] 409464K->382723K(467456K), [Metaspace: 2817K->2817K(1056768K)], 0.0397233 secs] [Times: user=0.30 sys=0.01, real=0.04 secs] 
2021-01-21T22:10:58.812+0800: 52.901: [Full GC (Ergonomics) [PSYoungGen: 59904K->33340K(117760K)] [ParOldGen: 349177K->349493K(349696K)] 409081K->382834K(467456K), [Metaspace: 2817K->2817K(1056768K)], 0.0404488 secs] [Times: user=0.31 sys=0.00, real=0.04 secs] 
2021-01-21T22:10:58.856+0800: 52.944: [Full GC (Ergonomics) [PSYoungGen: 59310K->31291K(117760K)] [ParOldGen: 349493K->349376K(349696K)] 408803K->380667K(467456K), [Metaspace: 2817K->2817K(1056768K)], 0.0393043 secs] [Times: user=0.30 sys=0.00, real=0.04 secs] 
2021-01-21T22:10:58.900+0800: 52.988: [Full GC (Ergonomics) [PSYoungGen: 59683K->31180K(117760K)] [ParOldGen: 349376K->349249K(349696K)] 409059K->380429K(467456K), [Metaspace: 2817K->2817K(1056768K)], 0.0443180 secs] [Times: user=0.34 sys=0.00, real=0.04 secs] 
2021-01-21T22:10:58.948+0800: 53.036: [Full GC (Ergonomics) [PSYoungGen: 59188K->34003K(117760K)] [ParOldGen: 349249K->349551K(349696K)] 408438K->383555K(467456K), [Metaspace: 2817K->2817K(1056768K)], 0.0387952 secs] [Times: user=0.29 sys=0.00, real=0.04 secs] 
2021-01-21T22:10:58.990+0800: 53.078: [Full GC (Ergonomics) [PSYoungGen: 59526K->35203K(117760K)] [ParOldGen: 349551K->349507K(349696K)] 409078K->384711K(467456K), [Metaspace: 2817K->2817K(1056768K)], 0.0393902 secs] [Times: user=0.31 sys=0.00, real=0.04 secs] 
2021-01-21T22:10:59.033+0800: 53.122: [Full GC (Ergonomics) [PSYoungGen: 59837K->36964K(117760K)] [ParOldGen: 349507K->349513K(349696K)] 409345K->386478K(467456K), [Metaspace: 2817K->2817K(1056768K)], 0.0397177 secs] [Times: user=0.29 sys=0.01, real=0.04 secs] 
2021-01-21T22:10:59.076+0800: 53.164: [Full GC (Ergonomics) [PSYoungGen: 59902K->32847K(117760K)] [ParOldGen: 349513K->349664K(349696K)] 409416K->382512K(467456K), [Metaspace: 2817K->2817K(1056768K)], 0.0478835 secs] [Times: user=0.35 sys=0.01, real=0.05 secs] 
2021-01-21T22:10:59.128+0800: 53.216: [Full GC (Ergonomics) [PSYoungGen: 59904K->32738K(117760K)] [ParOldGen: 349664K->349653K(349696K)] 409568K->382391K(467456K), [Metaspace: 2817K->2817K(1056768K)], 0.0443487 secs] [Times: user=0.33 sys=0.01, real=0.05 secs] 
2021-01-21T22:10:59.176+0800: 53.264: [Full GC (Ergonomics) [PSYoungGen: 59904K->31427K(117760K)] [ParOldGen: 349653K->349377K(349696K)] 409557K->380804K(467456K), [Metaspace: 2817K->2817K(1056768K)], 0.0419948 secs] [Times: user=0.32 sys=0.00, real=0.04 secs] 
2021-01-21T22:10:59.221+0800: 53.310: [Full GC (Ergonomics) [PSYoungGen: 59497K->34026K(117760K)] [ParOldGen: 349377K->349153K(349696K)] 408875K->383179K(467456K), [Metaspace: 2817K->2817K(1056768K)], 0.0380654 secs] [Times: user=0.29 sys=0.00, real=0.04 secs] 
2021-01-21T22:10:59.262+0800: 53.351: [Full GC (Ergonomics) [PSYoungGen: 59774K->33119K(117760K)] [ParOldGen: 349153K->349366K(349696K)] 408927K->382486K(467456K), [Metaspace: 2817K->2817K(1056768K)], 0.0407676 secs] [Times: user=0.31 sys=0.00, real=0.04 secs] 
2021-01-21T22:10:59.307+0800: 53.395: [Full GC (Ergonomics) [PSYoungGen: 59904K->32988K(117760K)] [ParOldGen: 349366K->349271K(349696K)] 409270K->382260K(467456K), [Metaspace: 2817K->2817K(1056768K)], 0.0388554 secs] [Times: user=0.29 sys=0.01, real=0.04 secs] 
2021-01-21T22:10:59.351+0800: 53.439: [Full GC (Ergonomics) [PSYoungGen: 59609K->31153K(117760K)] [ParOldGen: 349271K->348842K(349696K)] 408881K->379995K(467456K), [Metaspace: 2817K->2817K(1056768K)], 0.0383300 secs] [Times: user=0.29 sys=0.00, real=0.04 secs] 
2021-01-21T22:10:59.393+0800: 53.481: [Full GC (Ergonomics) [PSYoungGen: 59874K->28723K(117760K)] [ParOldGen: 348842K->349576K(349696K)] 408716K->378300K(467456K), [Metaspace: 2817K->2817K(1056768K)], 0.0396788 secs] [Times: user=0.30 sys=0.00, real=0.04 secs] 
2021-01-21T22:10:59.437+0800: 53.525: [Full GC (Ergonomics) [PSYoungGen: 59754K->31539K(117760K)] [ParOldGen: 349576K->349560K(349696K)] 409331K->381099K(467456K), [Metaspace: 2817K->2817K(1056768K)], 0.0580147 secs] [Times: user=0.43 sys=0.01, real=0.06 secs] 
2021-01-21T22:10:59.500+0800: 53.588: [Full GC (Ergonomics) [PSYoungGen: 59709K->30498K(117760K)] [ParOldGen: 349560K->349086K(349696K)] 409269K->379585K(467456K), [Metaspace: 2817K->2817K(1056768K)], 0.0437245 secs] [Times: user=0.32 sys=0.00, real=0.04 secs] 
2021-01-21T22:10:59.548+0800: 53.636: [Full GC (Ergonomics) [PSYoungGen: 59134K->29081K(117760K)] [ParOldGen: 349086K->349468K(349696K)] 408221K->378549K(467456K), [Metaspace: 2817K->2817K(1056768K)], 0.0490606 secs] [Times: user=0.35 sys=0.00, real=0.04 secs] 
2021-01-21T22:10:59.602+0800: 53.690: [Full GC (Ergonomics) [PSYoungGen: 59904K->28541K(117760K)] [ParOldGen: 349468K->349404K(349696K)] 409372K->377945K(467456K), [Metaspace: 2817K->2817K(1056768K)], 0.0412071 secs] [Times: user=0.29 sys=0.00, real=0.04 secs] 
2021-01-21T22:10:59.648+0800: 53.736: [Full GC (Ergonomics) [PSYoungGen: 59582K->27165K(117760K)] [ParOldGen: 349404K->349597K(349696K)] 408986K->376763K(467456K), [Metaspace: 2817K->2817K(1056768K)], 0.0417706 secs] [Times: user=0.31 sys=0.00, real=0.04 secs] 
2021-01-21T22:10:59.695+0800: 53.783: [Full GC (Ergonomics) [PSYoungGen: 59676K->24970K(117760K)] [ParOldGen: 349597K->349679K(349696K)] 409273K->374650K(467456K), [Metaspace: 2817K->2817K(1056768K)], 0.0439571 secs] [Times: user=0.34 sys=0.00, real=0.05 secs] 
2021-01-21T22:10:59.743+0800: 53.832: [Full GC (Ergonomics) [PSYoungGen: 59904K->26687K(117760K)] [ParOldGen: 349679K->349666K(349696K)] 409583K->376353K(467456K), [Metaspace: 2817K->2817K(1056768K)], 0.0418805 secs] [Times: user=0.32 sys=0.00, real=0.04 secs] 
2021-01-21T22:10:59.790+0800: 53.878: [Full GC (Ergonomics) [PSYoungGen: 59669K->27370K(117760K)] [ParOldGen: 349666K->349214K(349696K)] 409335K->376584K(467456K), [Metaspace: 2817K->2817K(1056768K)], 0.0393457 secs] [Times: user=0.30 sys=0.00, real=0.04 secs] 
2021-01-21T22:10:59.837+0800: 53.925: [Full GC (Ergonomics) [PSYoungGen: 59880K->27987K(117760K)] [ParOldGen: 349214K->349557K(349696K)] 409095K->377544K(467456K), [Metaspace: 2817K->2817K(1056768K)], 0.0520612 secs] [Times: user=0.39 sys=0.00, real=0.06 secs] 
2021-01-21T22:10:59.893+0800: 53.981: [Full GC (Ergonomics) [PSYoungGen: 59776K->27781K(117760K)] [ParOldGen: 349557K->349492K(349696K)] 409334K->377273K(467456K), [Metaspace: 2817K->2817K(1056768K)], 0.0440007 secs] [Times: user=0.34 sys=0.00, real=0.04 secs] 
2021-01-21T22:10:59.941+0800: 54.030: [Full GC (Ergonomics) [PSYoungGen: 59904K->31552K(117760K)] [ParOldGen: 349492K->349392K(349696K)] 409396K->380945K(467456K), [Metaspace: 2817K->2817K(1056768K)], 0.0382857 secs] [Times: user=0.29 sys=0.00, real=0.04 secs] 
2021-01-21T22:10:59.984+0800: 54.072: [Full GC (Ergonomics) [PSYoungGen: 59491K->31890K(117760K)] [ParOldGen: 349392K->349692K(349696K)] 408884K->381582K(467456K), [Metaspace: 2817K->2817K(1056768K)], 0.0407624 secs] [Times: user=0.30 sys=0.00, real=0.04 secs] 
2021-01-21T22:11:00.028+0800: 54.117: [Full GC (Ergonomics) [PSYoungGen: 59366K->33692K(117760K)] [ParOldGen: 349692K->349581K(349696K)] 409058K->383274K(467456K), [Metaspace: 2817K->2817K(1056768K)], 0.0442211 secs] [Times: user=0.34 sys=0.00, real=0.04 secs] 
2021-01-21T22:11:00.076+0800: 54.165: [Full GC (Ergonomics) [PSYoungGen: 59884K->34972K(117760K)] [ParOldGen: 349581K->349073K(349696K)] 409466K->384045K(467456K), [Metaspace: 2817K->2817K(1056768K)], 0.0420623 secs] [Times: user=0.31 sys=0.01, real=0.05 secs] 
2021-01-21T22:11:00.121+0800: 54.210: [Full GC (Ergonomics) [PSYoungGen: 59825K->35170K(117760K)] [ParOldGen: 349073K->349087K(349696K)] 408899K->384258K(467456K), [Metaspace: 2817K->2817K(1056768K)], 0.0400405 secs] [Times: user=0.31 sys=0.00, real=0.04 secs] 
2021-01-21T22:11:00.165+0800: 54.254: [Full GC (Ergonomics) [PSYoungGen: 59717K->35332K(117760K)] [ParOldGen: 349087K->348920K(349696K)] 408805K->384253K(467456K), [Metaspace: 2817K->2817K(1056768K)], 0.0415043 secs] [Times: user=0.31 sys=0.01, real=0.04 secs] 
2021-01-21T22:11:00.211+0800: 54.299: [Full GC (Ergonomics) [PSYoungGen: 59849K->33579K(117760K)] [ParOldGen: 348920K->349367K(349696K)] 408770K->382947K(467456K), [Metaspace: 2817K->2817K(1056768K)], 0.0430767 secs] [Times: user=0.33 sys=0.00, real=0.04 secs] 
2021-01-21T22:11:00.258+0800: 54.346: [Full GC (Ergonomics) [PSYoungGen: 59899K->32171K(117760K)] [ParOldGen: 349367K->349493K(349696K)] 409267K->381665K(467456K), [Metaspace: 2817K->2817K(1056768K)], 0.0373921 secs] [Times: user=0.28 sys=0.00, real=0.04 secs] 
2021-01-21T22:11:00.299+0800: 54.387: [Full GC (Ergonomics) [PSYoungGen: 59856K->33151K(117760K)] [ParOldGen: 349493K->349324K(349696K)] 409350K->382476K(467456K), [Metaspace: 2817K->2817K(1056768K)], 0.0400470 secs] [Times: user=0.31 sys=0.00, real=0.04 secs] 
2021-01-21T22:11:00.343+0800: 54.431: [Full GC (Ergonomics) [PSYoungGen: 59904K->33179K(117760K)] [ParOldGen: 349324K->349018K(349696K)] 409228K->382197K(467456K), [Metaspace: 2817K->2817K(1056768K)], 0.0435934 secs] [Times: user=0.33 sys=0.00, real=0.04 secs] 
2021-01-21T22:11:00.392+0800: 54.480: [Full GC (Ergonomics) [PSYoungGen: 59890K->29824K(117760K)] [ParOldGen: 349018K->349251K(349696K)] 408909K->379075K(467456K), [Metaspace: 2817K->2817K(1056768K)], 0.0443519 secs] [Times: user=0.33 sys=0.00, real=0.04 secs] 
2021-01-21T22:11:00.440+0800: 54.529: [Full GC (Ergonomics) [PSYoungGen: 59626K->29002K(117760K)] [ParOldGen: 349251K->349512K(349696K)] 408877K->378515K(467456K), [Metaspace: 2817K->2817K(1056768K)], 0.0449981 secs] [Times: user=0.34 sys=0.00, real=0.04 secs] 
2021-01-21T22:11:00.489+0800: 54.577: [Full GC (Ergonomics) [PSYoungGen: 59874K->29757K(117760K)] [ParOldGen: 349512K->349615K(349696K)] 409386K->379372K(467456K), [Metaspace: 2817K->2817K(1056768K)], 0.0401296 secs] [Times: user=0.30 sys=0.01, real=0.04 secs] 
2021-01-21T22:11:00.534+0800: 54.622: [Full GC (Ergonomics) [PSYoungGen: 59904K->29484K(117760K)] [ParOldGen: 349615K->349473K(349696K)] 409519K->378958K(467456K), [Metaspace: 2817K->2817K(1056768K)], 0.0506693 secs] [Times: user=0.37 sys=0.00, real=0.05 secs] 
2021-01-21T22:11:00.588+0800: 54.677: [Full GC (Ergonomics) [PSYoungGen: 59803K->28705K(117760K)] [ParOldGen: 349473K->349602K(349696K)] 409277K->378308K(467456K), [Metaspace: 2817K->2817K(1056768K)], 0.0374216 secs] [Times: user=0.25 sys=0.01, real=0.03 secs] 
2021-01-21T22:11:00.630+0800: 54.718: [Full GC (Ergonomics) [PSYoungGen: 59395K->29515K(117760K)] [ParOldGen: 349602K->349519K(349696K)] 408997K->379034K(467456K), [Metaspace: 2817K->2817K(1056768K)], 0.0457049 secs] [Times: user=0.35 sys=0.00, real=0.04 secs] 
2021-01-21T22:11:00.681+0800: 54.769: [Full GC (Ergonomics) [PSYoungGen: 59897K->27629K(117760K)] [ParOldGen: 349519K->348806K(349696K)] 409416K->376436K(467456K), [Metaspace: 2817K->2817K(1056768K)], 0.0488393 secs] [Times: user=0.37 sys=0.00, real=0.05 secs] 
2021-01-21T22:11:00.736+0800: 54.824: [Full GC (Ergonomics) [PSYoungGen: 59823K->22348K(117760K)] [ParOldGen: 348806K->349666K(349696K)] 408630K->372014K(467456K), [Metaspace: 2817K->2817K(1056768K)], 0.0388885 secs] [Times: user=0.30 sys=0.00, real=0.04 secs] 
2021-01-21T22:11:00.780+0800: 54.868: [Full GC (Ergonomics) [PSYoungGen: 59904K->22460K(117760K)] [ParOldGen: 349666K->348881K(349696K)] 409570K->371342K(467456K), [Metaspace: 2817K->2817K(1056768K)], 0.0444588 secs] [Times: user=0.34 sys=0.00, real=0.04 secs] 
2021-01-21T22:11:00.829+0800: 54.917: [Full GC (Ergonomics) [PSYoungGen: 59881K->22430K(117760K)] [ParOldGen: 348881K->349290K(349696K)] 408763K->371721K(467456K), [Metaspace: 2817K->2817K(1056768K)], 0.0399425 secs] [Times: user=0.30 sys=0.01, real=0.04 secs] 
2021-01-21T22:11:00.874+0800: 54.962: [Full GC (Ergonomics) [PSYoungGen: 59904K->24634K(117760K)] [ParOldGen: 349290K->349635K(349696K)] 409194K->374269K(467456K), [Metaspace: 2817K->2817K(1056768K)], 0.0398971 secs] [Times: user=0.30 sys=0.01, real=0.04 secs] 
2021-01-21T22:11:00.919+0800: 55.007: [Full GC (Ergonomics) [PSYoungGen: 59904K->24206K(117760K)] [ParOldGen: 349635K->349210K(349696K)] 409539K->373417K(467456K), [Metaspace: 2817K->2817K(1056768K)], 0.0426849 secs] [Times: user=0.33 sys=0.00, real=0.04 secs] 
2021-01-21T22:11:00.967+0800: 55.055: [Full GC (Ergonomics) [PSYoungGen: 59904K->26572K(117760K)] [ParOldGen: 349210K->349612K(349696K)] 409114K->376185K(467456K), [Metaspace: 2817K->2817K(1056768K)], 0.0395819 secs] [Times: user=0.29 sys=0.01, real=0.04 secs] 
2021-01-21T22:11:01.011+0800: 55.099: [Full GC (Ergonomics) [PSYoungGen: 59760K->25550K(117760K)] [ParOldGen: 349612K->349624K(349696K)] 409373K->375175K(467456K), [Metaspace: 2817K->2817K(1056768K)], 0.0394271 secs] [Times: user=0.30 sys=0.00, real=0.04 secs] 
2021-01-21T22:11:01.055+0800: 55.143: [Full GC (Ergonomics) [PSYoungGen: 59713K->27153K(117760K)] [ParOldGen: 349624K->349352K(349696K)] 409338K->376506K(467456K), [Metaspace: 2817K->2817K(1056768K)], 0.0388935 secs] [Times: user=0.29 sys=0.01, real=0.04 secs] 
2021-01-21T22:11:01.098+0800: 55.187: [Full GC (Ergonomics) [PSYoungGen: 59819K->30356K(117760K)] [ParOldGen: 349352K->349692K(349696K)] 409172K->380048K(467456K), [Metaspace: 2817K->2817K(1056768K)], 0.0398845 secs] [Times: user=0.30 sys=0.00, real=0.04 secs] 
2021-01-21T22:11:01.142+0800: 55.230: [Full GC (Ergonomics) [PSYoungGen: 59904K->35095K(117760K)] [ParOldGen: 349692K->349233K(349696K)] 409596K->384328K(467456K), [Metaspace: 2817K->2817K(1056768K)], 0.0391268 secs] [Times: user=0.30 sys=0.00, real=0.04 secs] 
2021-01-21T22:11:01.184+0800: 55.273: [Full GC (Ergonomics) [PSYoungGen: 59904K->34581K(117760K)] [ParOldGen: 349233K->349114K(349696K)] 409137K->383695K(467456K), [Metaspace: 2817K->2817K(1056768K)], 0.0412398 secs] [Times: user=0.32 sys=0.00, real=0.04 secs] 
2021-01-21T22:11:01.229+0800: 55.317: [Full GC (Ergonomics) [PSYoungGen: 59492K->36324K(117760K)] [ParOldGen: 349114K->349419K(349696K)] 408606K->385743K(467456K), [Metaspace: 2817K->2817K(1056768K)], 0.0439953 secs] [Times: user=0.33 sys=0.00, real=0.04 secs] 
2021-01-21T22:11:01.276+0800: 55.364: [Full GC (Ergonomics) [PSYoungGen: 59904K->35157K(117760K)] [ParOldGen: 349419K->349321K(349696K)] 409323K->384479K(467456K), [Metaspace: 2817K->2817K(1056768K)], 0.0412616 secs] [Times: user=0.30 sys=0.01, real=0.04 secs] 
2021-01-21T22:11:01.320+0800: 55.408: [Full GC (Ergonomics) [PSYoungGen: 59861K->36968K(117760K)] [ParOldGen: 349321K->349540K(349696K)] 409183K->386508K(467456K), [Metaspace: 2817K->2817K(1056768K)], 0.0394286 secs] [Times: user=0.30 sys=0.00, real=0.04 secs] 
2021-01-21T22:11:01.362+0800: 55.451: [Full GC (Ergonomics) [PSYoungGen: 59628K->35829K(117760K)] [ParOldGen: 349540K->349424K(349696K)] 409168K->385254K(467456K), [Metaspace: 2817K->2817K(1056768K)], 0.0427836 secs] [Times: user=0.32 sys=0.00, real=0.04 secs] 
2021-01-21T22:11:01.408+0800: 55.497: [Full GC (Ergonomics) [PSYoungGen: 59740K->37116K(117760K)] [ParOldGen: 349424K->349183K(349696K)] 409165K->386299K(467456K), [Metaspace: 2817K->2817K(1056768K)], 0.0407655 secs] [Times: user=0.29 sys=0.02, real=0.04 secs] 
2021-01-21T22:11:01.452+0800: 55.540: [Full GC (Ergonomics) [PSYoungGen: 59732K->38298K(117760K)] [ParOldGen: 349183K->349631K(349696K)] 408915K->387930K(467456K), [Metaspace: 2817K->2817K(1056768K)], 0.0386204 secs] [Times: user=0.29 sys=0.00, real=0.04 secs] 
2021-01-21T22:11:01.494+0800: 55.582: [Full GC (Ergonomics) [PSYoungGen: 59857K->39569K(117760K)] [ParOldGen: 349631K->349442K(349696K)] 409488K->389012K(467456K), [Metaspace: 2817K->2817K(1056768K)], 0.0421040 secs] [Times: user=0.32 sys=0.00, real=0.04 secs] 
2021-01-21T22:11:01.539+0800: 55.627: [Full GC (Ergonomics) [PSYoungGen: 59904K->40403K(117760K)] [ParOldGen: 349442K->349014K(349696K)] 409346K->389417K(467456K), [Metaspace: 2817K->2817K(1056768K)], 0.0487476 secs] [Times: user=0.35 sys=0.02, real=0.04 secs] 
2021-01-21T22:11:01.590+0800: 55.679: [Full GC (Ergonomics) [PSYoungGen: 59904K->39242K(117760K)] [ParOldGen: 349014K->349371K(349696K)] 408918K->388614K(467456K), [Metaspace: 2817K->2817K(1056768K)], 0.0418551 secs] [Times: user=0.32 sys=0.00, real=0.04 secs] 
2021-01-21T22:11:01.635+0800: 55.723: [Full GC (Ergonomics) [PSYoungGen: 59904K->37396K(117760K)] [ParOldGen: 349371K->349429K(349696K)] 409275K->386825K(467456K), [Metaspace: 2817K->2817K(1056768K)], 0.0479438 secs] [Times: user=0.37 sys=0.00, real=0.05 secs] 
2021-01-21T22:11:01.686+0800: 55.774: [Full GC (Ergonomics) [PSYoungGen: 59896K->36695K(117760K)] [ParOldGen: 349429K->349630K(349696K)] 409325K->386326K(467456K), [Metaspace: 2817K->2817K(1056768K)], 0.0397790 secs] [Times: user=0.30 sys=0.00, real=0.04 secs] 
2021-01-21T22:11:01.729+0800: 55.817: [Full GC (Ergonomics) [PSYoungGen: 59904K->40239K(117760K)] [ParOldGen: 349630K->349650K(349696K)] 409534K->389890K(467456K), [Metaspace: 2817K->2817K(1056768K)], 0.0405625 secs] [Times: user=0.31 sys=0.00, real=0.04 secs] 
2021-01-21T22:11:01.772+0800: 55.860: [Full GC (Ergonomics) [PSYoungGen: 59780K->40224K(117760K)] [ParOldGen: 349650K->349541K(349696K)] 409431K->389766K(467456K), [Metaspace: 2817K->2817K(1056768K)], 0.0373434 secs] [Times: user=0.28 sys=0.00, real=0.04 secs] 
2021-01-21T22:11:01.813+0800: 55.901: [Full GC (Ergonomics) [PSYoungGen: 59770K->40609K(117760K)] [ParOldGen: 349541K->349229K(349696K)] 409311K->389838K(467456K), [Metaspace: 2817K->2817K(1056768K)], 0.0488202 secs] [Times: user=0.37 sys=0.00, real=0.05 secs] 
2021-01-21T22:11:01.865+0800: 55.953: [Full GC (Ergonomics) [PSYoungGen: 59686K->40485K(117760K)] [ParOldGen: 349229K->349075K(349696K)] 408915K->389561K(467456K), [Metaspace: 2817K->2817K(1056768K)], 0.0474638 secs] [Times: user=0.36 sys=0.00, real=0.05 secs] 
2021-01-21T22:11:01.917+0800: 56.005: [Full GC (Ergonomics) [PSYoungGen: 59630K->39755K(117760K)] [ParOldGen: 349075K->349422K(349696K)] 408705K->389178K(467456K), [Metaspace: 2817K->2817K(1056768K)], 0.0556073 secs] [Times: user=0.42 sys=0.00, real=0.06 secs] 
2021-01-21T22:11:01.975+0800: 56.063: [Full GC (Ergonomics) [PSYoungGen: 59807K->36735K(117760K)] [ParOldGen: 349422K->349615K(349696K)] 409230K->386350K(467456K), [Metaspace: 2817K->2817K(1056768K)], 0.0483293 secs] [Times: user=0.37 sys=0.00, real=0.05 secs] 
2021-01-21T22:11:02.026+0800: 56.114: [Full GC (Ergonomics) [PSYoungGen: 59232K->36534K(117760K)] [ParOldGen: 349615K->349674K(349696K)] 408848K->386208K(467456K), [Metaspace: 2817K->2817K(1056768K)], 0.0423145 secs] [Times: user=0.32 sys=0.01, real=0.05 secs] 
2021-01-21T22:11:02.072+0800: 56.160: [Full GC (Ergonomics) [PSYoungGen: 59263K->36697K(117760K)] [ParOldGen: 349674K->349631K(349696K)] 408937K->386328K(467456K), [Metaspace: 2817K->2817K(1056768K)], 0.0400302 secs] [Times: user=0.31 sys=0.00, real=0.04 secs] 
2021-01-21T22:11:02.116+0800: 56.205: [Full GC (Ergonomics) [PSYoungGen: 59725K->37007K(117760K)] [ParOldGen: 349631K->349604K(349696K)] 409357K->386611K(467456K), [Metaspace: 2817K->2817K(1056768K)], 0.0372503 secs] [Times: user=0.27 sys=0.01, real=0.04 secs] 
2021-01-21T22:11:02.156+0800: 56.244: [Full GC (Ergonomics) [PSYoungGen: 59495K->39215K(117760K)] [ParOldGen: 349604K->348951K(349696K)] 409099K->388167K(467456K), [Metaspace: 2817K->2817K(1056768K)], 0.0384120 secs] [Times: user=0.29 sys=0.01, real=0.04 secs] 
2021-01-21T22:11:02.198+0800: 56.287: [Full GC (Ergonomics) [PSYoungGen: 59904K->41959K(117760K)] [ParOldGen: 348951K->349364K(349696K)] 408855K->391323K(467456K), [Metaspace: 2817K->2817K(1056768K)], 0.0390400 secs] [Times: user=0.30 sys=0.00, real=0.03 secs] 
2021-01-21T22:11:02.239+0800: 56.328: [Full GC (Ergonomics) [PSYoungGen: 59904K->44538K(117760K)] [ParOldGen: 349364K->349148K(349696K)] 409268K->393687K(467456K), [Metaspace: 2817K->2817K(1056768K)], 0.0409181 secs] [Times: user=0.31 sys=0.00, real=0.04 secs] 
2021-01-21T22:11:02.283+0800: 56.372: [Full GC (Ergonomics) [PSYoungGen: 59789K->44054K(117760K)] [ParOldGen: 349148K->349226K(349696K)] 408937K->393280K(467456K), [Metaspace: 2817K->2817K(1056768K)], 0.0369388 secs] [Times: user=0.27 sys=0.01, real=0.04 secs] 
2021-01-21T22:11:02.323+0800: 56.411: [Full GC (Ergonomics) [PSYoungGen: 59784K->40615K(117760K)] [ParOldGen: 349226K->349279K(349696K)] 409010K->389895K(467456K), [Metaspace: 2817K->2817K(1056768K)], 0.0424822 secs] [Times: user=0.32 sys=0.00, real=0.04 secs] 
2021-01-21T22:11:02.368+0800: 56.456: [Full GC (Ergonomics) [PSYoungGen: 59243K->40150K(117760K)] [ParOldGen: 349279K->349170K(349696K)] 408523K->389320K(467456K), [Metaspace: 2817K->2817K(1056768K)], 0.0427157 secs] [Times: user=0.33 sys=0.00, real=0.05 secs] 
2021-01-21T22:11:02.414+0800: 56.502: [Full GC (Ergonomics) [PSYoungGen: 59904K->41391K(117760K)] [ParOldGen: 349170K->349292K(349696K)] 409074K->390683K(467456K), [Metaspace: 2817K->2817K(1056768K)], 0.0412568 secs] [Times: user=0.31 sys=0.00, real=0.04 secs] 
2021-01-21T22:11:02.458+0800: 56.546: [Full GC (Ergonomics) [PSYoungGen: 59686K->40825K(117760K)] [ParOldGen: 349292K->349317K(349696K)] 408978K->390143K(467456K), [Metaspace: 2817K->2817K(1056768K)], 0.0383492 secs] [Times: user=0.28 sys=0.01, real=0.04 secs] 
2021-01-21T22:11:02.500+0800: 56.588: [Full GC (Ergonomics) [PSYoungGen: 59550K->42504K(117760K)] [ParOldGen: 349317K->349455K(349696K)] 408867K->391959K(467456K), [Metaspace: 2817K->2817K(1056768K)], 0.0417955 secs] [Times: user=0.32 sys=0.00, real=0.04 secs] 
2021-01-21T22:11:02.545+0800: 56.633: [Full GC (Ergonomics) [PSYoungGen: 59789K->40348K(117760K)] [ParOldGen: 349455K->349574K(349696K)] 409244K->389923K(467456K), [Metaspace: 2817K->2817K(1056768K)], 0.0498075 secs] [Times: user=0.37 sys=0.00, real=0.05 secs] 
2021-01-21T22:11:02.598+0800: 56.686: [Full GC (Ergonomics) [PSYoungGen: 59803K->39656K(117760K)] [ParOldGen: 349574K->349394K(349696K)] 409377K->389050K(467456K), [Metaspace: 2817K->2817K(1056768K)], 0.0412223 secs] [Times: user=0.31 sys=0.01, real=0.05 secs] 
2021-01-21T22:11:02.642+0800: 56.730: [Full GC (Ergonomics) [PSYoungGen: 59823K->40912K(117760K)] [ParOldGen: 349394K->349202K(349696K)] 409217K->390114K(467456K), [Metaspace: 2817K->2817K(1056768K)], 0.0422469 secs] [Times: user=0.32 sys=0.00, real=0.04 secs] 
2021-01-21T22:11:02.687+0800: 56.775: [Full GC (Ergonomics) [PSYoungGen: 59746K->42335K(117760K)] [ParOldGen: 349202K->349631K(349696K)] 408949K->391966K(467456K), [Metaspace: 2817K->2817K(1056768K)], 0.0463917 secs] [Times: user=0.35 sys=0.01, real=0.05 secs] 
2021-01-21T22:11:02.736+0800: 56.824: [Full GC (Ergonomics) [PSYoungGen: 59871K->42217K(117760K)] [ParOldGen: 349631K->349666K(349696K)] 409502K->391884K(467456K), [Metaspace: 2817K->2817K(1056768K)], 0.0393403 secs] [Times: user=0.29 sys=0.01, real=0.04 secs] 
2021-01-21T22:11:02.777+0800: 56.866: [Full GC (Ergonomics) [PSYoungGen: 59558K->40285K(117760K)] [ParOldGen: 349666K->349430K(349696K)] 409225K->389715K(467456K), [Metaspace: 2817K->2817K(1056768K)], 0.0409264 secs] [Times: user=0.31 sys=0.00, real=0.05 secs] 
2021-01-21T22:11:02.821+0800: 56.909: [Full GC (Ergonomics) [PSYoungGen: 59741K->39361K(117760K)] [ParOldGen: 349430K->349690K(349696K)] 409171K->389052K(467456K), [Metaspace: 2817K->2817K(1056768K)], 0.0419253 secs] [Times: user=0.32 sys=0.00, real=0.04 secs] 
2021-01-21T22:11:02.867+0800: 56.955: [Full GC (Ergonomics) [PSYoungGen: 59789K->37123K(117760K)] [ParOldGen: 349690K->349078K(349696K)] 409479K->386201K(467456K), [Metaspace: 2817K->2817K(1056768K)], 0.0458904 secs] [Times: user=0.36 sys=0.00, real=0.05 secs] 
2021-01-21T22:11:02.916+0800: 57.005: [Full GC (Ergonomics) [PSYoungGen: 59904K->36077K(117760K)] [ParOldGen: 349078K->349199K(349696K)] 408982K->385277K(467456K), [Metaspace: 2817K->2817K(1056768K)], 0.0414123 secs] [Times: user=0.31 sys=0.00, real=0.04 secs] 
2021-01-21T22:11:02.961+0800: 57.049: [Full GC (Ergonomics) [PSYoungGen: 59546K->34730K(117760K)] [ParOldGen: 349199K->349085K(349696K)] 408745K->383815K(467456K), [Metaspace: 2817K->2817K(1056768K)], 0.0394384 secs] [Times: user=0.30 sys=0.00, real=0.04 secs] 
2021-01-21T22:11:03.004+0800: 57.092: [Full GC (Ergonomics) [PSYoungGen: 59904K->38761K(117760K)] [ParOldGen: 349085K->349602K(349696K)] 408989K->388363K(467456K), [Metaspace: 2817K->2817K(1056768K)], 0.0552733 secs] [Times: user=0.43 sys=0.00, real=0.06 secs] 
2021-01-21T22:11:03.063+0800: 57.151: [Full GC (Ergonomics) [PSYoungGen: 59677K->37018K(117760K)] [ParOldGen: 349602K->349678K(349696K)] 409279K->386696K(467456K), [Metaspace: 2817K->2817K(1056768K)], 0.0538024 secs] [Times: user=0.41 sys=0.00, real=0.05 secs] 
2021-01-21T22:11:03.120+0800: 57.208: [Full GC (Ergonomics) [PSYoungGen: 59792K->37552K(117760K)] [ParOldGen: 349678K->349405K(349696K)] 409470K->386958K(467456K), [Metaspace: 2817K->2817K(1056768K)], 0.0513142 secs] [Times: user=0.39 sys=0.00, real=0.05 secs] 
2021-01-21T22:11:03.174+0800: 57.262: [Full GC (Ergonomics) [PSYoungGen: 59569K->37067K(117760K)] [ParOldGen: 349405K->349622K(349696K)] 408975K->386689K(467456K), [Metaspace: 2817K->2817K(1056768K)], 0.0428122 secs] [Times: user=0.33 sys=0.00, real=0.04 secs] 
2021-01-21T22:11:03.220+0800: 57.309: [Full GC (Ergonomics) [PSYoungGen: 59884K->38470K(117760K)] [ParOldGen: 349622K->349347K(349696K)] 409506K->387818K(467456K), [Metaspace: 2817K->2817K(1056768K)], 0.0419825 secs] [Times: user=0.31 sys=0.00, real=0.04 secs] 
2021-01-21T22:11:03.266+0800: 57.354: [Full GC (Ergonomics) [PSYoungGen: 59825K->38611K(117760K)] [ParOldGen: 349347K->349403K(349696K)] 409173K->388014K(467456K), [Metaspace: 2817K->2817K(1056768K)], 0.0389691 secs] [Times: user=0.30 sys=0.00, real=0.04 secs] 
2021-01-21T22:11:03.308+0800: 57.396: [Full GC (Ergonomics) [PSYoungGen: 59242K->37641K(117760K)] [ParOldGen: 349403K->349436K(349696K)] 408645K->387077K(467456K), [Metaspace: 2817K->2817K(1056768K)], 0.0390759 secs] [Times: user=0.28 sys=0.01, real=0.03 secs] 
2021-01-21T22:11:03.351+0800: 57.439: [Full GC (Ergonomics) [PSYoungGen: 59777K->40207K(117760K)] [ParOldGen: 349436K->349269K(349696K)] 409214K->389477K(467456K), [Metaspace: 2817K->2817K(1056768K)], 0.0419753 secs] [Times: user=0.32 sys=0.00, real=0.04 secs] 
2021-01-21T22:11:03.396+0800: 57.484: [Full GC (Ergonomics) [PSYoungGen: 59883K->37210K(117760K)] [ParOldGen: 349269K->349095K(349696K)] 409152K->386306K(467456K), [Metaspace: 2817K->2817K(1056768K)], 0.0404846 secs] [Times: user=0.31 sys=0.00, real=0.04 secs] 
2021-01-21T22:11:03.439+0800: 57.528: [Full GC (Ergonomics) [PSYoungGen: 59761K->33941K(117760K)] [ParOldGen: 349095K->349451K(349696K)] 408857K->383393K(467456K), [Metaspace: 2817K->2817K(1056768K)], 0.0397298 secs] [Times: user=0.28 sys=0.00, real=0.04 secs] 
2021-01-21T22:11:03.483+0800: 57.572: [Full GC (Ergonomics) [PSYoungGen: 59864K->34279K(117760K)] [ParOldGen: 349451K->348994K(349696K)] 409316K->383274K(467456K), [Metaspace: 2817K->2817K(1056768K)], 0.0489758 secs] [Times: user=0.37 sys=0.00, real=0.05 secs] 
2021-01-21T22:11:03.537+0800: 57.625: [Full GC (Ergonomics) [PSYoungGen: 59728K->31036K(117760K)] [ParOldGen: 348994K->349481K(349696K)] 408722K->380517K(467456K), [Metaspace: 2817K->2817K(1056768K)], 0.0539366 secs] [Times: user=0.41 sys=0.00, real=0.06 secs] 
2021-01-21T22:11:03.595+0800: 57.683: [Full GC (Ergonomics) [PSYoungGen: 59804K->27228K(117760K)] [ParOldGen: 349481K->349657K(349696K)] 409286K->376885K(467456K), [Metaspace: 2817K->2817K(1056768K)], 0.0521018 secs] [Times: user=0.34 sys=0.00, real=0.05 secs] 
2021-01-21T22:11:03.651+0800: 57.739: [Full GC (Ergonomics) [PSYoungGen: 59522K->27488K(117760K)] [ParOldGen: 349657K->349310K(349696K)] 409179K->376799K(467456K), [Metaspace: 2817K->2817K(1056768K)], 0.0465138 secs] [Times: user=0.35 sys=0.00, real=0.04 secs] 
2021-01-21T22:11:03.703+0800: 57.791: [Full GC (Ergonomics) [PSYoungGen: 59344K->27699K(117760K)] [ParOldGen: 349310K->349599K(349696K)] 408654K->377299K(467456K), [Metaspace: 2817K->2817K(1056768K)], 0.0532521 secs] [Times: user=0.41 sys=0.01, real=0.05 secs] 
2021-01-21T22:11:03.762+0800: 57.851: [Full GC (Ergonomics) [PSYoungGen: 59767K->26152K(117760K)] [ParOldGen: 349599K->349183K(349696K)] 409366K->375335K(467456K), [Metaspace: 2817K->2817K(1056768K)], 0.0395674 secs] [Times: user=0.31 sys=0.00, real=0.04 secs] 
2021-01-21T22:11:03.806+0800: 57.894: [Full GC (Ergonomics) [PSYoungGen: 59904K->29947K(117760K)] [ParOldGen: 349183K->349127K(349696K)] 409087K->379075K(467456K), [Metaspace: 2817K->2817K(1056768K)], 0.0422473 secs] [Times: user=0.31 sys=0.00, real=0.05 secs] 
2021-01-21T22:11:03.853+0800: 57.941: [Full GC (Ergonomics) [PSYoungGen: 59904K->26784K(117760K)] [ParOldGen: 349127K->349119K(349696K)] 409031K->375904K(467456K), [Metaspace: 2817K->2817K(1056768K)], 0.0392303 secs] [Times: user=0.30 sys=0.00, real=0.04 secs] 
2021-01-21T22:11:03.897+0800: 57.985: [Full GC (Ergonomics) [PSYoungGen: 59736K->28121K(117760K)] [ParOldGen: 349119K->349631K(349696K)] 408856K->377752K(467456K), [Metaspace: 2817K->2817K(1056768K)], 0.0405595 secs] [Times: user=0.30 sys=0.01, real=0.04 secs] 
2021-01-21T22:11:03.942+0800: 58.030: [Full GC (Ergonomics) [PSYoungGen: 59871K->29504K(117760K)] [ParOldGen: 349631K->349669K(349696K)] 409502K->379174K(467456K), [Metaspace: 2817K->2817K(1056768K)], 0.0387105 secs] [Times: user=0.30 sys=0.00, real=0.04 secs] 
2021-01-21T22:11:03.985+0800: 58.073: [Full GC (Ergonomics) [PSYoungGen: 59529K->28238K(117760K)] [ParOldGen: 349669K->349518K(349696K)] 409199K->377757K(467456K), [Metaspace: 2817K->2817K(1056768K)], 0.0396163 secs] [Times: user=0.30 sys=0.00, real=0.04 secs] 
2021-01-21T22:11:04.028+0800: 58.116: [Full GC (Ergonomics) [PSYoungGen: 59817K->24702K(117760K)] [ParOldGen: 349518K->349656K(349696K)] 409335K->374358K(467456K), [Metaspace: 2817K->2817K(1056768K)], 0.0419983 secs] [Times: user=0.32 sys=0.00, real=0.04 secs] 
2021-01-21T22:11:04.075+0800: 58.163: [Full GC (Ergonomics) [PSYoungGen: 59475K->23940K(117760K)] [ParOldGen: 349656K->349173K(349696K)] 409131K->373113K(467456K), [Metaspace: 2817K->2817K(1056768K)], 0.0395097 secs] [Times: user=0.30 sys=0.00, real=0.04 secs] 
2021-01-21T22:11:04.119+0800: 58.207: [Full GC (Ergonomics) [PSYoungGen: 59904K->21258K(117760K)] [ParOldGen: 349173K->349462K(349696K)] 409077K->370720K(467456K), [Metaspace: 2817K->2817K(1056768K)], 0.0389969 secs] [Times: user=0.29 sys=0.01, real=0.04 secs] 
2021-01-21T22:11:04.164+0800: 58.253: [Full GC (Ergonomics) [PSYoungGen: 59904K->17572K(117760K)] [ParOldGen: 349462K->349545K(349696K)] 409366K->367117K(467456K), [Metaspace: 2817K->2817K(1056768K)], 0.0448258 secs] [Times: user=0.35 sys=0.00, real=0.05 secs] 
2021-01-21T22:11:04.216+0800: 58.304: [Full GC (Ergonomics) [PSYoungGen: 59904K->15706K(117760K)] [ParOldGen: 349545K->349656K(349696K)] 409449K->365362K(467456K), [Metaspace: 2817K->2817K(1056768K)], 0.0474427 secs] [Times: user=0.36 sys=0.00, real=0.05 secs] 
2021-01-21T22:11:04.269+0800: 58.357: [Full GC (Ergonomics) [PSYoungGen: 59731K->20998K(117760K)] [ParOldGen: 349656K->349484K(349696K)] 409387K->370482K(467456K), [Metaspace: 2817K->2817K(1056768K)], 0.0407173 secs] [Times: user=0.31 sys=0.00, real=0.04 secs] 
2021-01-21T22:11:04.315+0800: 58.403: [Full GC (Ergonomics) [PSYoungGen: 59756K->21319K(117760K)] [ParOldGen: 349484K->349218K(349696K)] 409240K->370538K(467456K), [Metaspace: 2817K->2817K(1056768K)], 0.0398037 secs] [Times: user=0.30 sys=0.00, real=0.04 secs] 
2021-01-21T22:11:04.360+0800: 58.448: [Full GC (Ergonomics) [PSYoungGen: 59658K->21550K(117760K)] [ParOldGen: 349218K->349558K(349696K)] 408877K->371108K(467456K), [Metaspace: 2817K->2817K(1056768K)], 0.0416498 secs] [Times: user=0.31 sys=0.00, real=0.04 secs] 
2021-01-21T22:11:04.406+0800: 58.495: [Full GC (Ergonomics) [PSYoungGen: 59904K->20483K(117760K)] [ParOldGen: 349558K->349473K(349696K)] 409462K->369956K(467456K), [Metaspace: 2817K->2817K(1056768K)], 0.0350911 secs] [Times: user=0.26 sys=0.00, real=0.04 secs] 
2021-01-21T22:11:04.446+0800: 58.534: [Full GC (Ergonomics) [PSYoungGen: 59863K->20602K(117760K)] [ParOldGen: 349473K->349686K(349696K)] 409336K->370289K(467456K), [Metaspace: 2817K->2817K(1056768K)], 0.0349442 secs] [Times: user=0.26 sys=0.00, real=0.04 secs] 
2021-01-21T22:11:04.486+0800: 58.574: [Full GC (Ergonomics) [PSYoungGen: 59904K->21683K(117760K)] [ParOldGen: 349686K->349407K(349696K)] 409590K->371091K(467456K), [Metaspace: 2817K->2817K(1056768K)], 0.0364966 secs] [Times: user=0.27 sys=0.00, real=0.04 secs] 
2021-01-21T22:11:04.527+0800: 58.615: [Full GC (Ergonomics) [PSYoungGen: 59820K->24820K(117760K)] [ParOldGen: 349407K->349377K(349696K)] 409228K->374197K(467456K), [Metaspace: 2817K->2817K(1056768K)], 0.0365962 secs] [Times: user=0.28 sys=0.00, real=0.04 secs] 
2021-01-21T22:11:04.568+0800: 58.656: [Full GC (Ergonomics) [PSYoungGen: 59412K->23731K(117760K)] [ParOldGen: 349377K->349251K(349696K)] 408789K->372982K(467456K), [Metaspace: 2817K->2817K(1056768K)], 0.0453720 secs] [Times: user=0.34 sys=0.00, real=0.05 secs] 
2021-01-21T22:11:04.618+0800: 58.706: [Full GC (Ergonomics) [PSYoungGen: 59686K->22144K(117760K)] [ParOldGen: 349251K->349694K(349696K)] 408937K->371838K(467456K), [Metaspace: 2817K->2817K(1056768K)], 0.0377892 secs] [Times: user=0.29 sys=0.00, real=0.04 secs] 
2021-01-21T22:11:04.661+0800: 58.749: [Full GC (Ergonomics) [PSYoungGen: 59904K->24324K(117760K)] [ParOldGen: 349694K->349350K(349696K)] 409598K->373675K(467456K), [Metaspace: 2817K->2817K(1056768K)], 0.0367598 secs] [Times: user=0.28 sys=0.01, real=0.03 secs] 
2021-01-21T22:11:04.703+0800: 58.791: [Full GC (Ergonomics) [PSYoungGen: 59792K->22019K(117760K)] [ParOldGen: 349350K->349505K(349696K)] 409143K->371525K(467456K), [Metaspace: 2817K->2817K(1056768K)], 0.0366883 secs] [Times: user=0.28 sys=0.00, real=0.04 secs] 
2021-01-21T22:11:04.745+0800: 58.833: [Full GC (Ergonomics) [PSYoungGen: 59764K->22745K(117760K)] [ParOldGen: 349505K->349209K(349696K)] 409270K->371954K(467456K), [Metaspace: 2817K->2817K(1056768K)], 0.0370567 secs] [Times: user=0.28 sys=0.00, real=0.04 secs] 
2021-01-21T22:11:04.786+0800: 58.874: [Full GC (Ergonomics) [PSYoungGen: 59580K->24855K(117760K)] [ParOldGen: 349209K->349173K(349696K)] 408789K->374028K(467456K), [Metaspace: 2817K->2817K(1056768K)], 0.0375018 secs] [Times: user=0.28 sys=0.00, real=0.04 secs] 
2021-01-21T22:11:04.828+0800: 58.917: [Full GC (Ergonomics) [PSYoungGen: 59778K->22305K(117760K)] [ParOldGen: 349173K->349345K(349696K)] 408951K->371651K(467456K), [Metaspace: 2817K->2817K(1056768K)], 0.0359910 secs] [Times: user=0.28 sys=0.00, real=0.03 secs] 
2021-01-21T22:11:04.869+0800: 58.958: [Full GC (Ergonomics) [PSYoungGen: 59904K->22522K(117760K)] [ParOldGen: 349345K->349313K(349696K)] 409249K->371835K(467456K), [Metaspace: 2817K->2817K(1056768K)], 0.0424734 secs] [Times: user=0.33 sys=0.00, real=0.04 secs] 
2021-01-21T22:11:04.916+0800: 59.004: [Full GC (Ergonomics) [PSYoungGen: 59815K->21220K(117760K)] [ParOldGen: 349313K->349339K(349696K)] 409129K->370560K(467456K), [Metaspace: 2817K->2817K(1056768K)], 0.0385962 secs] [Times: user=0.29 sys=0.01, real=0.04 secs] 
2021-01-21T22:11:04.960+0800: 59.048: [Full GC (Ergonomics) [PSYoungGen: 59899K->21619K(117760K)] [ParOldGen: 349339K->348917K(349696K)] 409238K->370537K(467456K), [Metaspace: 2817K->2817K(1056768K)], 0.0371537 secs] [Times: user=0.28 sys=0.00, real=0.03 secs] 
2021-01-21T22:11:05.002+0800: 59.090: [Full GC (Ergonomics) [PSYoungGen: 59904K->20226K(117760K)] [ParOldGen: 348917K->349450K(349696K)] 408821K->369677K(467456K), [Metaspace: 2817K->2817K(1056768K)], 0.0370637 secs] [Times: user=0.27 sys=0.01, real=0.04 secs] 
2021-01-21T22:11:05.044+0800: 59.133: [Full GC (Ergonomics) [PSYoungGen: 59904K->20943K(117760K)] [ParOldGen: 349450K->349650K(349696K)] 409354K->370593K(467456K), [Metaspace: 2817K->2817K(1056768K)], 0.0372786 secs] [Times: user=0.28 sys=0.00, real=0.04 secs] 
2021-01-21T22:11:05.086+0800: 59.174: [Full GC (Ergonomics) [PSYoungGen: 59499K->20189K(117760K)] [ParOldGen: 349650K->349373K(349696K)] 409150K->369563K(467456K), [Metaspace: 2817K->2817K(1056768K)], 0.0365954 secs] [Times: user=0.27 sys=0.01, real=0.04 secs] 
2021-01-21T22:11:05.128+0800: 59.216: [Full GC (Ergonomics) [PSYoungGen: 59683K->19857K(117760K)] [ParOldGen: 349373K->348858K(349696K)] 409057K->368716K(467456K), [Metaspace: 2817K->2817K(1056768K)], 0.0389090 secs] [Times: user=0.30 sys=0.00, real=0.04 secs] 
2021-01-21T22:11:05.172+0800: 59.261: [Full GC (Ergonomics) [PSYoungGen: 59904K->19518K(117760K)] [ParOldGen: 348858K->349214K(349696K)] 408762K->368733K(467456K), [Metaspace: 2817K->2817K(1056768K)], 0.0367562 secs] [Times: user=0.28 sys=0.00, real=0.04 secs] 
2021-01-21T22:11:05.214+0800: 59.303: [Full GC (Ergonomics) [PSYoungGen: 59904K->23078K(117760K)] [ParOldGen: 349214K->349469K(349696K)] 409118K->372547K(467456K), [Metaspace: 2817K->2817K(1056768K)], 0.0378689 secs] [Times: user=0.28 sys=0.01, real=0.04 secs] 
2021-01-21T22:11:05.258+0800: 59.346: [Full GC (Ergonomics) [PSYoungGen: 59173K->23224K(117760K)] [ParOldGen: 349469K->348866K(349696K)] 408642K->372091K(467456K), [Metaspace: 2817K->2817K(1056768K)], 0.0436102 secs] [Times: user=0.33 sys=0.00, real=0.04 secs] 
2021-01-21T22:11:05.307+0800: 59.395: [Full GC (Ergonomics) [PSYoungGen: 59434K->20296K(117760K)] [ParOldGen: 348866K->349190K(349696K)] 408301K->369487K(467456K), [Metaspace: 2817K->2817K(1056768K)], 0.0383060 secs] [Times: user=0.29 sys=0.00, real=0.04 secs] 
2021-01-21T22:11:05.350+0800: 59.439: [Full GC (Ergonomics) [PSYoungGen: 59904K->17653K(117760K)] [ParOldGen: 349190K->349360K(349696K)] 409094K->367013K(467456K), [Metaspace: 2817K->2817K(1056768K)], 0.0396482 secs] [Times: user=0.31 sys=0.00, real=0.04 secs] 
2021-01-21T22:11:05.397+0800: 59.485: [Full GC (Ergonomics) [PSYoungGen: 59904K->17584K(117760K)] [ParOldGen: 349360K->349560K(349696K)] 409264K->367144K(467456K), [Metaspace: 2817K->2817K(1056768K)], 0.0425403 secs] [Times: user=0.32 sys=0.01, real=0.05 secs] 
2021-01-21T22:11:05.446+0800: 59.534: [Full GC (Ergonomics) [PSYoungGen: 59904K->16660K(117760K)] [ParOldGen: 349560K->349569K(349696K)] 409464K->366229K(467456K), [Metaspace: 2817K->2817K(1056768K)], 0.0413066 secs] [Times: user=0.31 sys=0.00, real=0.04 secs] 
2021-01-21T22:11:05.492+0800: 59.580: [Full GC (Ergonomics) [PSYoungGen: 59326K->18775K(117760K)] [ParOldGen: 349569K->348913K(349696K)] 408895K->367689K(467456K), [Metaspace: 2817K->2817K(1056768K)], 0.0446935 secs] [Times: user=0.34 sys=0.00, real=0.04 secs] 
2021-01-21T22:11:05.542+0800: 59.630: [Full GC (Ergonomics) [PSYoungGen: 59904K->18679K(117760K)] [ParOldGen: 348913K->349604K(349696K)] 408817K->368284K(467456K), [Metaspace: 2817K->2817K(1056768K)], 0.0383554 secs] [Times: user=0.29 sys=0.00, real=0.04 secs] 
2021-01-21T22:11:05.586+0800: 59.674: [Full GC (Ergonomics) [PSYoungGen: 59859K->21504K(117760K)] [ParOldGen: 349604K->349481K(349696K)] 409463K->370986K(467456K), [Metaspace: 2817K->2817K(1056768K)], 0.0457599 secs] [Times: user=0.34 sys=0.00, real=0.05 secs] 
2021-01-21T22:11:05.636+0800: 59.724: [Full GC (Ergonomics) [PSYoungGen: 59604K->23166K(117760K)] [ParOldGen: 349481K->349327K(349696K)] 409085K->372494K(467456K), [Metaspace: 2817K->2817K(1056768K)], 0.0382395 secs] [Times: user=0.27 sys=0.02, real=0.04 secs] 
2021-01-21T22:11:05.678+0800: 59.767: [Full GC (Ergonomics) [PSYoungGen: 59627K->25777K(117760K)] [ParOldGen: 349327K->349622K(349696K)] 408954K->375400K(467456K), [Metaspace: 2817K->2817K(1056768K)], 0.0458892 secs] [Times: user=0.34 sys=0.02, real=0.04 secs] 
2021-01-21T22:11:05.729+0800: 59.817: [Full GC (Ergonomics) [PSYoungGen: 59904K->25823K(117760K)] [ParOldGen: 349622K->349329K(349696K)] 409526K->375153K(467456K), [Metaspace: 2817K->2817K(1056768K)], 0.0385524 secs] [Times: user=0.29 sys=0.00, real=0.03 secs] 
2021-01-21T22:11:05.773+0800: 59.861: [Full GC (Ergonomics) [PSYoungGen: 59840K->22513K(117760K)] [ParOldGen: 349329K->349459K(349696K)] 409170K->371973K(467456K), [Metaspace: 2817K->2817K(1056768K)], 0.0380622 secs] [Times: user=0.28 sys=0.01, real=0.04 secs] 
2021-01-21T22:11:05.815+0800: 59.904: [Full GC (Ergonomics) [PSYoungGen: 59904K->25928K(117760K)] [ParOldGen: 349459K->349684K(349696K)] 409363K->375612K(467456K), [Metaspace: 2817K->2817K(1056768K)], 0.0415784 secs] [Times: user=0.31 sys=0.01, real=0.04 secs] 
2021-01-21T22:11:05.861+0800: 59.949: [Full GC (Ergonomics) [PSYoungGen: 59689K->30352K(117760K)] [ParOldGen: 349684K->349059K(349696K)] 409374K->379411K(467456K), [Metaspace: 2817K->2817K(1056768K)], 0.0518656 secs] [Times: user=0.39 sys=0.00, real=0.05 secs] 
2021-01-21T22:11:05.917+0800: 60.005: [Full GC (Ergonomics) [PSYoungGen: 59865K->32755K(117760K)] [ParOldGen: 349059K->349314K(349696K)] 408924K->382069K(467456K), [Metaspace: 2817K->2817K(1056768K)], 0.0420368 secs] [Times: user=0.31 sys=0.01, real=0.05 secs] 
2021-01-21T22:11:05.962+0800: 60.050: [Full GC (Ergonomics) [PSYoungGen: 59904K->33008K(117760K)] [ParOldGen: 349314K->349242K(349696K)] 409218K->382251K(467456K), [Metaspace: 2817K->2817K(1056768K)], 0.0474479 secs] [Times: user=0.37 sys=0.00, real=0.05 secs] 
Heap
 PSYoungGen      total 117760K, used 35631K [0x00000000f5580000, 0x0000000100000000, 0x0000000100000000)
  eden space 59904K, 59% used [0x00000000f5580000,0x00000000f784bf50,0x00000000f9000000)
  from space 57856K, 0% used [0x00000000fc780000,0x00000000fc780000,0x0000000100000000)
  to   space 56832K, 0% used [0x00000000f9000000,0x00000000f9000000,0x00000000fc780000)
 ParOldGen       total 349696K, used 349242K [0x00000000e0000000, 0x00000000f5580000, 0x00000000f5580000)
  object space 349696K, 99% used [0x00000000e0000000,0x00000000f550ebd0,0x00000000f5580000)
 Metaspace       used 2823K, capacity 4490K, committed 4864K, reserved 1056768K
  class space    used 293K, capacity 386K, committed 512K, reserved 1048576K
