OpenJDK 64-Bit Server VM (25.252-b09) for linux-amd64 JRE (1.8.0_252-8u252-b09-1ubuntu1-b09), built on Apr 16 2020 08:47:49 by "buildd" with gcc 9.3.0
Memory: 4k page, physical 39286120k(39078632k free), swap 10485760k(10485760k free)
CommandLine flags: -XX:InitialHeapSize=1073741824 -XX:MaxHeapSize=1073741824 -XX:+PrintGC -XX:+PrintGCDateStamps -XX:+PrintGCDetails -XX:+PrintGCTimeStamps -XX:+UseCompressedClassPointers -XX:+UseCompressedOops -XX:+UseParallelGC 
2021-01-22T01:12:37.811+0800: 0.154: [GC (Allocation Failure) [PSYoungGen: 262144K->43511K(305664K)] 262144K->79519K(1005056K), 0.0299972 secs] [Times: user=0.11 sys=0.13, real=0.03 secs] 
2021-01-22T01:12:37.876+0800: 0.219: [GC (Allocation Failure) [PSYoungGen: 305655K->43510K(305664K)] 341663K->149120K(1005056K), 0.0553588 secs] [Times: user=0.06 sys=0.26, real=0.06 secs] 
2021-01-22T01:12:37.966+0800: 0.308: [GC (Allocation Failure) [PSYoungGen: 305654K->43512K(305664K)] 411264K->216300K(1005056K), 0.0291975 secs] [Times: user=0.10 sys=0.12, real=0.03 secs] 
2021-01-22T01:12:38.023+0800: 0.366: [GC (Allocation Failure) [PSYoungGen: 305656K->43518K(305664K)] 478444K->292575K(1005056K), 0.0305080 secs] [Times: user=0.03 sys=0.21, real=0.03 secs] 
2021-01-22T01:12:38.083+0800: 0.426: [GC (Allocation Failure) [PSYoungGen: 305550K->43519K(305664K)] 554607K->364481K(1005056K), 0.0322042 secs] [Times: user=0.06 sys=0.20, real=0.03 secs] 
2021-01-22T01:12:38.144+0800: 0.486: [GC (Allocation Failure) [PSYoungGen: 305587K->43511K(160256K)] 626549K->443054K(859648K), 0.0322578 secs] [Times: user=0.06 sys=0.19, real=0.03 secs] 
2021-01-22T01:12:38.188+0800: 0.531: [GC (Allocation Failure) [PSYoungGen: 160247K->73022K(232960K)] 559790K->480866K(932352K), 0.0102764 secs] [Times: user=0.08 sys=0.00, real=0.01 secs] 
2021-01-22T01:12:38.213+0800: 0.555: [GC (Allocation Failure) [PSYoungGen: 189731K->90676K(232960K)] 597574K->506174K(932352K), 0.0112996 secs] [Times: user=0.09 sys=0.00, real=0.01 secs] 
2021-01-22T01:12:38.237+0800: 0.580: [GC (Allocation Failure) [PSYoungGen: 207412K->106106K(232960K)] 622910K->539923K(932352K), 0.0161579 secs] [Times: user=0.07 sys=0.06, real=0.02 secs] 
2021-01-22T01:12:38.266+0800: 0.609: [GC (Allocation Failure) [PSYoungGen: 222842K->75771K(232960K)] 656659K->566742K(932352K), 0.0289621 secs] [Times: user=0.14 sys=0.08, real=0.03 secs] 
2021-01-22T01:12:38.308+0800: 0.651: [GC (Allocation Failure) [PSYoungGen: 192309K->41737K(232960K)] 683281K->600397K(932352K), 0.0296720 secs] [Times: user=0.11 sys=0.13, real=0.03 secs] 
2021-01-22T01:12:38.351+0800: 0.694: [GC (Allocation Failure) [PSYoungGen: 158473K->40934K(232960K)] 717133K->637144K(932352K), 0.0170129 secs] [Times: user=0.08 sys=0.05, real=0.02 secs] 
2021-01-22T01:12:38.369+0800: 0.712: [Full GC (Ergonomics) [PSYoungGen: 40934K->0K(232960K)] [ParOldGen: 596209K->339538K(699392K)] 637144K->339538K(932352K), [Metaspace: 2810K->2810K(1056768K)], 0.0379283 secs] [Times: user=0.27 sys=0.02, real=0.03 secs] 
2021-01-22T01:12:38.420+0800: 0.763: [GC (Allocation Failure) [PSYoungGen: 116736K->40384K(232960K)] 456274K->379923K(932352K), 0.0045565 secs] [Times: user=0.02 sys=0.02, real=0.00 secs] 
2021-01-22T01:12:38.437+0800: 0.780: [GC (Allocation Failure) [PSYoungGen: 156743K->42625K(232960K)] 496281K->416950K(932352K), 0.0081223 secs] [Times: user=0.06 sys=0.00, real=0.01 secs] 
2021-01-22T01:12:38.459+0800: 0.802: [GC (Allocation Failure) [PSYoungGen: 159361K->40627K(232960K)] 533686K->453450K(932352K), 0.0086282 secs] [Times: user=0.06 sys=0.01, real=0.01 secs] 
2021-01-22T01:12:38.481+0800: 0.824: [GC (Allocation Failure) [PSYoungGen: 157363K->39554K(232960K)] 570186K->489197K(932352K), 0.0081199 secs] [Times: user=0.06 sys=0.00, real=0.01 secs] 
2021-01-22T01:12:38.503+0800: 0.846: [GC (Allocation Failure) [PSYoungGen: 156290K->39375K(232960K)] 605933K->522116K(932352K), 0.0082430 secs] [Times: user=0.06 sys=0.00, real=0.01 secs] 
2021-01-22T01:12:38.526+0800: 0.868: [GC (Allocation Failure) [PSYoungGen: 156111K->40777K(232960K)] 638852K->556606K(932352K), 0.0082692 secs] [Times: user=0.06 sys=0.00, real=0.01 secs] 
2021-01-22T01:12:38.547+0800: 0.890: [GC (Allocation Failure) [PSYoungGen: 157465K->39323K(232960K)] 673295K->590876K(932352K), 0.0087173 secs] [Times: user=0.06 sys=0.00, real=0.01 secs] 
2021-01-22T01:12:38.570+0800: 0.913: [GC (Allocation Failure) [PSYoungGen: 156059K->35749K(232960K)] 707612K->622535K(932352K), 0.0083869 secs] [Times: user=0.06 sys=0.00, real=0.01 secs] 
2021-01-22T01:12:38.593+0800: 0.936: [GC (Allocation Failure) [PSYoungGen: 152485K->39167K(232960K)] 739271K->659599K(932352K), 0.0151944 secs] [Times: user=0.07 sys=0.05, real=0.02 secs] 
2021-01-22T01:12:38.622+0800: 0.965: [GC (Allocation Failure) [PSYoungGen: 155903K->38069K(232960K)] 776335K->693854K(932352K), 0.0177476 secs] [Times: user=0.06 sys=0.07, real=0.02 secs] 
2021-01-22T01:12:38.641+0800: 0.983: [Full GC (Ergonomics) [PSYoungGen: 38069K->0K(232960K)] [ParOldGen: 655784K->352724K(699392K)] 693854K->352724K(932352K), [Metaspace: 2810K->2810K(1056768K)], 0.0415750 secs] [Times: user=0.31 sys=0.00, real=0.04 secs] 
2021-01-22T01:12:38.696+0800: 1.039: [GC (Allocation Failure) [PSYoungGen: 116736K->46386K(232960K)] 469460K->399110K(932352K), 0.0053989 secs] [Times: user=0.04 sys=0.00, real=0.01 secs] 
2021-01-22T01:12:38.716+0800: 1.058: [GC (Allocation Failure) [PSYoungGen: 163122K->39194K(232960K)] 515846K->433318K(932352K), 0.0086455 secs] [Times: user=0.07 sys=0.00, real=0.01 secs] 
2021-01-22T01:12:38.738+0800: 1.081: [GC (Allocation Failure) [PSYoungGen: 155930K->39478K(232960K)] 550054K->467584K(932352K), 0.0080769 secs] [Times: user=0.06 sys=0.00, real=0.00 secs] 
2021-01-22T01:12:38.760+0800: 1.103: [GC (Allocation Failure) [PSYoungGen: 156214K->39139K(236032K)] 584320K->503470K(935424K), 0.0091183 secs] [Times: user=0.07 sys=0.00, real=0.01 secs] 
2021-01-22T01:12:38.784+0800: 1.127: [GC (Allocation Failure) [PSYoungGen: 158878K->35778K(232960K)] 623209K->534070K(932352K), 0.0077812 secs] [Times: user=0.06 sys=0.00, real=0.01 secs] 
2021-01-22T01:12:38.807+0800: 1.150: [GC (Allocation Failure) [PSYoungGen: 155586K->46782K(245248K)] 653878K->576510K(944640K), 0.0091901 secs] [Times: user=0.07 sys=0.00, real=0.01 secs] 
2021-01-22T01:12:38.834+0800: 1.177: [GC (Allocation Failure) [PSYoungGen: 182441K->45933K(239616K)] 712168K->619935K(939008K), 0.0125224 secs] [Times: user=0.09 sys=0.00, real=0.01 secs] 
2021-01-22T01:12:38.866+0800: 1.209: [GC (Allocation Failure) [PSYoungGen: 181557K->44533K(253952K)] 755558K->656759K(953344K), 0.0123107 secs] [Times: user=0.09 sys=0.00, real=0.02 secs] 
2021-01-22T01:12:38.899+0800: 1.242: [GC (Allocation Failure) [PSYoungGen: 199157K->52529K(249856K)] 811383K->704181K(949248K), 0.0112415 secs] [Times: user=0.08 sys=0.00, real=0.01 secs] 
2021-01-22T01:12:38.911+0800: 1.254: [Full GC (Ergonomics) [PSYoungGen: 52529K->0K(249856K)] [ParOldGen: 651652K->374382K(699392K)] 704181K->374382K(949248K), [Metaspace: 2810K->2810K(1056768K)], 0.0445096 secs] [Times: user=0.33 sys=0.00, real=0.04 secs] 
2021-01-22T01:12:38.974+0800: 1.317: [GC (Allocation Failure) [PSYoungGen: 154624K->49119K(261632K)] 529006K->423502K(961024K), 0.0055869 secs] [Times: user=0.04 sys=0.00, real=0.01 secs] 
2021-01-22T01:12:38.997+0800: 1.340: [GC (Allocation Failure) [PSYoungGen: 219103K->55418K(257536K)] 593486K->472056K(956928K), 0.0101086 secs] [Times: user=0.07 sys=0.00, real=0.01 secs] 
2021-01-22T01:12:39.026+0800: 1.369: [GC (Allocation Failure) [PSYoungGen: 225402K->58447K(263168K)] 642040K->517427K(962560K), 0.0107374 secs] [Times: user=0.08 sys=0.00, real=0.01 secs] 
2021-01-22T01:12:39.057+0800: 1.400: [GC (Allocation Failure) [PSYoungGen: 235599K->55323K(263168K)] 694579K->562784K(962560K), 0.0109596 secs] [Times: user=0.08 sys=0.00, real=0.02 secs] 
2021-01-22T01:12:39.089+0800: 1.431: [GC (Allocation Failure) [PSYoungGen: 231748K->59483K(265216K)] 739209K->613052K(964608K), 0.0112456 secs] [Times: user=0.09 sys=0.00, real=0.01 secs] 
2021-01-22T01:12:39.120+0800: 1.463: [GC (Allocation Failure) [PSYoungGen: 240474K->62245K(243712K)] 794044K->665573K(943104K), 0.0120919 secs] [Times: user=0.09 sys=0.00, real=0.01 secs] 
2021-01-22T01:12:39.153+0800: 1.496: [GC (Allocation Failure) [PSYoungGen: 243493K->55674K(266752K)] 846821K->711781K(966144K), 0.0137822 secs] [Times: user=0.10 sys=0.00, real=0.01 secs] 
2021-01-22T01:12:39.168+0800: 1.511: [Full GC (Ergonomics) [PSYoungGen: 55674K->0K(266752K)] [ParOldGen: 656106K->369263K(699392K)] 711781K->369263K(966144K), [Metaspace: 2810K->2810K(1056768K)], 0.0387016 secs] [Times: user=0.29 sys=0.00, real=0.04 secs] 
2021-01-22T01:12:39.227+0800: 1.570: [GC (Allocation Failure) [PSYoungGen: 182272K->66860K(264704K)] 551535K->436123K(964096K), 0.0078257 secs] [Times: user=0.05 sys=0.00, real=0.01 secs] 
2021-01-22T01:12:39.257+0800: 1.600: [GC (Allocation Failure) [PSYoungGen: 248705K->54684K(267264K)] 617968K->480121K(966656K), 0.0117454 secs] [Times: user=0.09 sys=0.00, real=0.02 secs] 
2021-01-22T01:12:39.292+0800: 1.635: [GC (Allocation Failure) [PSYoungGen: 237468K->57662K(264704K)] 662905K->529349K(964096K), 0.0111901 secs] [Times: user=0.08 sys=0.00, real=0.01 secs] 
2021-01-22T01:12:39.324+0800: 1.667: [GC (Allocation Failure) [PSYoungGen: 240446K->58682K(270336K)] 712133K->580010K(969728K), 0.0121092 secs] [Times: user=0.09 sys=0.00, real=0.01 secs] 
2021-01-22T01:12:39.358+0800: 1.701: [GC (Allocation Failure) [PSYoungGen: 248634K->65418K(268800K)] 769962K->638522K(968192K), 0.0132022 secs] [Times: user=0.10 sys=0.00, real=0.02 secs] 
2021-01-22T01:12:39.394+0800: 1.737: [GC (Allocation Failure) [PSYoungGen: 255370K->62945K(268800K)] 828474K->690606K(968192K), 0.0129791 secs] [Times: user=0.09 sys=0.00, real=0.01 secs] 
2021-01-22T01:12:39.428+0800: 1.771: [GC (Allocation Failure) [PSYoungGen: 251361K->61878K(268800K)] 879022K->738880K(968192K), 0.0175513 secs] [Times: user=0.05 sys=0.08, real=0.01 secs] 
2021-01-22T01:12:39.447+0800: 1.790: [Full GC (Ergonomics) [PSYoungGen: 61878K->0K(268800K)] [ParOldGen: 677001K->372230K(699392K)] 738880K->372230K(968192K), [Metaspace: 2810K->2810K(1056768K)], 0.0408286 secs] [Times: user=0.29 sys=0.01, real=0.04 secs] 
2021-01-22T01:12:39.511+0800: 1.854: [GC (Allocation Failure) [PSYoungGen: 188327K->58461K(270848K)] 560558K->430691K(970240K), 0.0066774 secs] [Times: user=0.03 sys=0.02, real=0.00 secs] 
2021-01-22T01:12:39.541+0800: 1.883: [GC (Allocation Failure) [PSYoungGen: 249437K->59069K(269312K)] 621667K->480498K(968704K), 0.0131560 secs] [Times: user=0.10 sys=0.00, real=0.01 secs] 
2021-01-22T01:12:39.576+0800: 1.919: [GC (Allocation Failure) [PSYoungGen: 250045K->61712K(272896K)] 671474K->534008K(972288K), 0.0124834 secs] [Times: user=0.10 sys=0.00, real=0.02 secs] 
2021-01-22T01:12:39.613+0800: 1.955: [GC (Allocation Failure) [PSYoungGen: 257632K->64430K(272384K)] 729928K->585555K(971776K), 0.0128367 secs] [Times: user=0.09 sys=0.00, real=0.01 secs] 
2021-01-22T01:12:39.648+0800: 1.991: [GC (Allocation Failure) [PSYoungGen: 260526K->66673K(270336K)] 781651K->638349K(969728K), 0.0129389 secs] [Times: user=0.10 sys=0.00, real=0.02 secs] 
2021-01-22T01:12:39.685+0800: 2.027: [GC (Allocation Failure) [PSYoungGen: 259946K->66207K(260096K)] 831622K->691511K(959488K), 0.0135476 secs] [Times: user=0.10 sys=0.00, real=0.02 secs] 
2021-01-22T01:12:39.722+0800: 2.065: [GC (Allocation Failure) [PSYoungGen: 259743K->61655K(271872K)] 885047K->741593K(971264K), 0.0142856 secs] [Times: user=0.10 sys=0.00, real=0.01 secs] 
2021-01-22T01:12:39.737+0800: 2.080: [Full GC (Ergonomics) [PSYoungGen: 61655K->0K(271872K)] [ParOldGen: 679938K->384254K(699392K)] 741593K->384254K(971264K), [Metaspace: 2810K->2810K(1056768K)], 0.0414080 secs] [Times: user=0.30 sys=0.00, real=0.05 secs] 
2021-01-22T01:12:39.800+0800: 2.143: [GC (Allocation Failure) [PSYoungGen: 193024K->65690K(270336K)] 577278K->449945K(969728K), 0.0072971 secs] [Times: user=0.04 sys=0.01, real=0.00 secs] 
2021-01-22T01:12:39.829+0800: 2.171: [GC (Allocation Failure) [PSYoungGen: 258479K->60577K(272896K)] 642733K->500795K(972288K), 0.0146879 secs] [Times: user=0.10 sys=0.01, real=0.01 secs] 
2021-01-22T01:12:39.866+0800: 2.209: [GC (Allocation Failure) [PSYoungGen: 255649K->62448K(271360K)] 695867K->554585K(970752K), 0.0121212 secs] [Times: user=0.09 sys=0.00, real=0.02 secs] 
2021-01-22T01:12:39.901+0800: 2.244: [GC (Allocation Failure) [PSYoungGen: 257502K->63157K(274432K)] 749639K->607293K(973824K), 0.0124589 secs] [Times: user=0.09 sys=0.01, real=0.01 secs] 
2021-01-22T01:12:39.940+0800: 2.283: [GC (Allocation Failure) [PSYoungGen: 262325K->57599K(273920K)] 806461K->657710K(973312K), 0.0130396 secs] [Times: user=0.09 sys=0.00, real=0.01 secs] 
2021-01-22T01:12:39.978+0800: 2.321: [GC (Allocation Failure) [PSYoungGen: 256767K->64041K(275456K)] 856878K->711455K(974848K), 0.0135288 secs] [Times: user=0.09 sys=0.00, real=0.02 secs] 
2021-01-22T01:12:39.992+0800: 2.335: [Full GC (Ergonomics) [PSYoungGen: 64041K->0K(275456K)] [ParOldGen: 647413K->371691K(699392K)] 711455K->371691K(974848K), [Metaspace: 2810K->2810K(1056768K)], 0.0419132 secs] [Times: user=0.31 sys=0.00, real=0.04 secs] 
2021-01-22T01:12:40.061+0800: 2.404: [GC (Allocation Failure) [PSYoungGen: 201728K->66060K(268288K)] 573419K->437752K(967680K), 0.0079683 secs] [Times: user=0.04 sys=0.02, real=0.01 secs] 
2021-01-22T01:12:40.094+0800: 2.437: [GC (Allocation Failure) [PSYoungGen: 267788K->66842K(272896K)] 639480K->492875K(972288K), 0.0136572 secs] [Times: user=0.10 sys=0.00, real=0.01 secs] 
2021-01-22T01:12:40.131+0800: 2.474: [GC (Allocation Failure) [PSYoungGen: 265498K->71800K(270848K)] 691531K->553480K(970240K), 0.0131764 secs] [Times: user=0.10 sys=0.01, real=0.01 secs] 
2021-01-22T01:12:40.166+0800: 2.509: [GC (Allocation Failure) [PSYoungGen: 270456K->62679K(273408K)] 752136K->603532K(972800K), 0.0135217 secs] [Times: user=0.10 sys=0.00, real=0.02 secs] 
2021-01-22T01:12:40.203+0800: 2.546: [GC (Allocation Failure) [PSYoungGen: 258775K->63619K(271872K)] 799628K->656051K(971264K), 0.0134812 secs] [Times: user=0.10 sys=0.00, real=0.01 secs] 
2021-01-22T01:12:40.240+0800: 2.583: [GC (Allocation Failure) [PSYoungGen: 259715K->65199K(274432K)] 852147K->711703K(973824K), 0.0131475 secs] [Times: user=0.10 sys=0.00, real=0.01 secs] 
2021-01-22T01:12:40.253+0800: 2.596: [Full GC (Ergonomics) [PSYoungGen: 65199K->0K(274432K)] [ParOldGen: 646503K->382271K(699392K)] 711703K->382271K(973824K), [Metaspace: 2810K->2810K(1056768K)], 0.0391996 secs] [Times: user=0.29 sys=0.00, real=0.04 secs] 
2021-01-22T01:12:40.316+0800: 2.659: [GC (Allocation Failure) [PSYoungGen: 199680K->62248K(274432K)] 581951K->444519K(973824K), 0.0067330 secs] [Times: user=0.05 sys=0.00, real=0.01 secs] 
2021-01-22T01:12:40.346+0800: 2.689: [GC (Allocation Failure) [PSYoungGen: 261928K->71690K(271360K)] 644199K->506648K(970752K), 0.0136295 secs] [Times: user=0.11 sys=0.00, real=0.02 secs] 
2021-01-22T01:12:40.393+0800: 2.736: [GC (Allocation Failure) [PSYoungGen: 269322K->65279K(273408K)] 704280K->559795K(972800K), 0.0215092 secs] [Times: user=0.17 sys=0.00, real=0.02 secs] 
2021-01-22T01:12:40.440+0800: 2.783: [GC (Allocation Failure) [PSYoungGen: 262911K->63775K(274944K)] 757427K->613690K(974336K), 0.0166200 secs] [Times: user=0.13 sys=0.00, real=0.01 secs] 
2021-01-22T01:12:40.483+0800: 2.826: [GC (Allocation Failure) [PSYoungGen: 263455K->67573K(273920K)] 813370K->671322K(973312K), 0.0133663 secs] [Times: user=0.10 sys=0.00, real=0.01 secs] 
2021-01-22T01:12:40.519+0800: 2.862: [GC (Allocation Failure) [PSYoungGen: 267253K->67947K(273920K)] 871002K->728050K(973312K), 0.0135618 secs] [Times: user=0.10 sys=0.00, real=0.01 secs] 
2021-01-22T01:12:40.533+0800: 2.876: [Full GC (Ergonomics) [PSYoungGen: 67947K->0K(273920K)] [ParOldGen: 660102K->384426K(699392K)] 728050K->384426K(973312K), [Metaspace: 2810K->2810K(1056768K)], 0.0408272 secs] [Times: user=0.31 sys=0.00, real=0.04 secs] 
2021-01-22T01:12:40.599+0800: 2.941: [GC (Allocation Failure) [PSYoungGen: 199172K->62577K(274432K)] 583599K->447003K(973824K), 0.0087556 secs] [Times: user=0.07 sys=0.00, real=0.00 secs] 
2021-01-22T01:12:40.629+0800: 2.972: [GC (Allocation Failure) [PSYoungGen: 262257K->70584K(272896K)] 646683K->504738K(972288K), 0.0139797 secs] [Times: user=0.10 sys=0.00, real=0.01 secs] 
2021-01-22T01:12:40.665+0800: 3.008: [GC (Allocation Failure) [PSYoungGen: 269240K->61466K(273920K)] 703394K->556116K(973312K), 0.0153276 secs] [Times: user=0.12 sys=0.00, real=0.02 secs] 
2021-01-22T01:12:40.706+0800: 3.049: [GC (Allocation Failure) [PSYoungGen: 260122K->71918K(270848K)] 754772K->615426K(970240K), 0.0133181 secs] [Times: user=0.11 sys=0.00, real=0.02 secs] 
2021-01-22T01:12:40.740+0800: 3.083: [GC (Allocation Failure) [PSYoungGen: 267502K->70090K(265728K)] 811010K->670154K(965120K), 0.0131912 secs] [Times: user=0.10 sys=0.00, real=0.01 secs] 
2021-01-22T01:12:40.775+0800: 3.117: [GC (Allocation Failure) [PSYoungGen: 265674K->64838K(272896K)] 865738K->724640K(972288K), 0.0128297 secs] [Times: user=0.09 sys=0.00, real=0.01 secs] 
2021-01-22T01:12:40.788+0800: 3.131: [Full GC (Ergonomics) [PSYoungGen: 64838K->0K(272896K)] [ParOldGen: 659801K->391265K(699392K)] 724640K->391265K(972288K), [Metaspace: 2810K->2810K(1056768K)], 0.0407901 secs] [Times: user=0.31 sys=0.00, real=0.05 secs] 
2021-01-22T01:12:40.851+0800: 3.194: [GC (Allocation Failure) [PSYoungGen: 195584K->58937K(271872K)] 586849K->450202K(971264K), 0.0063603 secs] [Times: user=0.05 sys=0.00, real=0.00 secs] 
2021-01-22T01:12:40.879+0800: 3.222: [GC (Allocation Failure) [PSYoungGen: 254521K->56534K(271872K)] 645786K->497607K(971264K), 0.0107928 secs] [Times: user=0.08 sys=0.00, real=0.01 secs] 
2021-01-22T01:12:40.912+0800: 3.255: [GC (Allocation Failure) [PSYoungGen: 252118K->71634K(267264K)] 693191K->557812K(966656K), 0.0121590 secs] [Times: user=0.09 sys=0.00, real=0.01 secs] 
2021-01-22T01:12:40.948+0800: 3.291: [GC (Allocation Failure) [PSYoungGen: 267218K->61022K(271360K)] 753396K->607455K(970752K), 0.0126624 secs] [Times: user=0.10 sys=0.00, real=0.02 secs] 
2021-01-22T01:12:40.984+0800: 3.327: [GC (Allocation Failure) [PSYoungGen: 253954K->69525K(270848K)] 800387K->669433K(970240K), 0.0200600 secs] [Times: user=0.15 sys=0.00, real=0.02 secs] 
2021-01-22T01:12:41.028+0800: 3.371: [GC (Allocation Failure) [PSYoungGen: 262549K->68547K(270848K)] 862457K->727475K(970240K), 0.0141000 secs] [Times: user=0.11 sys=0.00, real=0.02 secs] 
2021-01-22T01:12:41.043+0800: 3.385: [Full GC (Ergonomics) [PSYoungGen: 68547K->0K(270848K)] [ParOldGen: 658927K->390939K(699392K)] 727475K->390939K(970240K), [Metaspace: 2810K->2810K(1056768K)], 0.0414163 secs] [Times: user=0.30 sys=0.00, real=0.04 secs] 
2021-01-22T01:12:41.104+0800: 3.447: [GC (Allocation Failure) [PSYoungGen: 192512K->57577K(270848K)] 583451K->448517K(970240K), 0.0060407 secs] [Times: user=0.05 sys=0.00, real=0.01 secs] 
2021-01-22T01:12:41.132+0800: 3.475: [GC (Allocation Failure) [PSYoungGen: 250089K->60430K(271360K)] 641029K->499767K(970752K), 0.0124056 secs] [Times: user=0.09 sys=0.00, real=0.01 secs] 
2021-01-22T01:12:41.173+0800: 3.516: [GC (Allocation Failure) [PSYoungGen: 253454K->66529K(270848K)] 692791K->555818K(970240K), 0.0139171 secs] [Times: user=0.11 sys=0.00, real=0.01 secs] 
2021-01-22T01:12:41.208+0800: 3.551: [GC (Allocation Failure) [PSYoungGen: 259553K->60842K(272384K)] 748842K->605396K(971776K), 0.0132495 secs] [Times: user=0.09 sys=0.00, real=0.01 secs] 
2021-01-22T01:12:41.245+0800: 3.588: [GC (Allocation Failure) [PSYoungGen: 255794K->63764K(271872K)] 800348K->659457K(971264K), 0.0134165 secs] [Times: user=0.09 sys=0.01, real=0.02 secs] 
2021-01-22T01:12:41.280+0800: 3.623: [GC (Allocation Failure) [PSYoungGen: 258836K->64978K(274432K)] 854529K->713552K(973824K), 0.0135938 secs] [Times: user=0.09 sys=0.01, real=0.01 secs] 
2021-01-22T01:12:41.294+0800: 3.637: [Full GC (Ergonomics) [PSYoungGen: 64978K->0K(274432K)] [ParOldGen: 648574K->399741K(699392K)] 713552K->399741K(973824K), [Metaspace: 2810K->2810K(1056768K)], 0.0437420 secs] [Times: user=0.33 sys=0.00, real=0.05 secs] 
2021-01-22T01:12:41.359+0800: 3.702: [GC (Allocation Failure) [PSYoungGen: 198744K->65651K(273920K)] 598485K->465392K(973312K), 0.0077153 secs] [Times: user=0.05 sys=0.00, real=0.00 secs] 
2021-01-22T01:12:41.389+0800: 3.732: [GC (Allocation Failure) [PSYoungGen: 264819K->67470K(274944K)] 664560K->519932K(974336K), 0.0129721 secs] [Times: user=0.10 sys=0.01, real=0.01 secs] 
2021-01-22T01:12:41.424+0800: 3.766: [GC (Allocation Failure) [PSYoungGen: 268174K->67932K(268800K)] 720636K->580100K(968192K), 0.0132935 secs] [Times: user=0.10 sys=0.00, real=0.01 secs] 
2021-01-22T01:12:41.458+0800: 3.801: [GC (Allocation Failure) [PSYoungGen: 268301K->66388K(274944K)] 780469K->634213K(974336K), 0.0130550 secs] [Times: user=0.09 sys=0.00, real=0.02 secs] 
2021-01-22T01:12:41.493+0800: 3.836: [GC (Allocation Failure) [PSYoungGen: 266580K->64823K(274432K)] 834405K->687249K(973824K), 0.0144256 secs] [Times: user=0.11 sys=0.00, real=0.01 secs] 
2021-01-22T01:12:41.532+0800: 3.875: [GC (Allocation Failure) [PSYoungGen: 264771K->62864K(275968K)] 887196K->737613K(975360K), 0.0136839 secs] [Times: user=0.10 sys=0.00, real=0.01 secs] 
2021-01-22T01:12:41.547+0800: 3.890: [Full GC (Ergonomics) [PSYoungGen: 62864K->0K(275968K)] [ParOldGen: 674748K->392626K(699392K)] 737613K->392626K(975360K), [Metaspace: 2817K->2817K(1056768K)], 0.0446767 secs] [Times: user=0.34 sys=0.00, real=0.05 secs] 
2021-01-22T01:12:41.616+0800: 3.959: [GC (Allocation Failure) [PSYoungGen: 202752K->62227K(275968K)] 595378K->454853K(975360K), 0.0077095 secs] [Times: user=0.05 sys=0.00, real=0.01 secs] 
2021-01-22T01:12:41.646+0800: 3.989: [GC (Allocation Failure) [PSYoungGen: 264979K->68070K(275456K)] 657605K->510253K(974848K), 0.0135771 secs] [Times: user=0.11 sys=0.00, real=0.02 secs] 
2021-01-22T01:12:41.685+0800: 4.027: [GC (Allocation Failure) [PSYoungGen: 270634K->68997K(271872K)] 712816K->570372K(971264K), 0.0140187 secs] [Times: user=0.11 sys=0.00, real=0.02 secs] 
2021-01-22T01:12:41.722+0800: 4.065: [GC (Allocation Failure) [PSYoungGen: 271749K->66824K(275456K)] 773124K->626686K(974848K), 0.0165013 secs] [Times: user=0.11 sys=0.01, real=0.02 secs] 
2021-01-22T01:12:41.764+0800: 4.107: [GC (Allocation Failure) [PSYoungGen: 268552K->63956K(275456K)] 828414K->681256K(974848K), 0.0171567 secs] [Times: user=0.13 sys=0.00, real=0.02 secs] 
2021-01-22T01:12:41.803+0800: 4.146: [GC (Allocation Failure) [PSYoungGen: 265684K->71930K(272896K)] 882984K->742760K(972288K), 0.0140930 secs] [Times: user=0.11 sys=0.00, real=0.01 secs] 
2021-01-22T01:12:41.818+0800: 4.161: [Full GC (Ergonomics) [PSYoungGen: 71930K->0K(272896K)] [ParOldGen: 670829K->390554K(699392K)] 742760K->390554K(972288K), [Metaspace: 2817K->2817K(1056768K)], 0.0414888 secs] [Times: user=0.29 sys=0.02, real=0.05 secs] 
2021-01-22T01:12:41.880+0800: 4.222: [GC (Allocation Failure) [PSYoungGen: 199680K->64925K(274432K)] 590234K->455480K(973824K), 0.0077482 secs] [Times: user=0.05 sys=0.01, real=0.00 secs] 
2021-01-22T01:12:41.908+0800: 4.251: [GC (Allocation Failure) [PSYoungGen: 264338K->66389K(275968K)] 654892K->505185K(975360K), 0.0134840 secs] [Times: user=0.10 sys=0.00, real=0.01 secs] 
2021-01-22T01:12:41.945+0800: 4.288: [GC (Allocation Failure) [PSYoungGen: 268117K->67835K(274944K)] 706913K->560982K(974336K), 0.0151654 secs] [Times: user=0.12 sys=0.00, real=0.02 secs] 
2021-01-22T01:12:41.984+0800: 4.327: [GC (Allocation Failure) [PSYoungGen: 269563K->57805K(273920K)] 762710K->608274K(973312K), 0.0144229 secs] [Times: user=0.10 sys=0.00, real=0.02 secs] 
2021-01-22T01:12:42.024+0800: 4.367: [GC (Allocation Failure) [PSYoungGen: 258509K->60921K(274944K)] 808978K->661175K(974336K), 0.0173904 secs] [Times: user=0.14 sys=0.00, real=0.02 secs] 
2021-01-22T01:12:42.063+0800: 4.406: [GC (Allocation Failure) [PSYoungGen: 261625K->65245K(275968K)] 861879K->715620K(975360K), 0.0119273 secs] [Times: user=0.09 sys=0.00, real=0.01 secs] 
2021-01-22T01:12:42.075+0800: 4.418: [Full GC (Ergonomics) [PSYoungGen: 65245K->0K(275968K)] [ParOldGen: 650374K->390291K(699392K)] 715620K->390291K(975360K), [Metaspace: 2817K->2817K(1056768K)], 0.0416479 secs] [Times: user=0.30 sys=0.00, real=0.04 secs] 
2021-01-22T01:12:42.140+0800: 4.483: [GC (Allocation Failure) [PSYoungGen: 201728K->62424K(274944K)] 592019K->452715K(974336K), 0.0086575 secs] [Times: user=0.06 sys=0.01, real=0.01 secs] 
2021-01-22T01:12:42.171+0800: 4.514: [GC (Allocation Failure) [PSYoungGen: 264073K->64893K(276992K)] 654365K->510180K(976384K), 0.0132192 secs] [Times: user=0.10 sys=0.00, real=0.01 secs] 
2021-01-22T01:12:42.205+0800: 4.548: [GC (Allocation Failure) [PSYoungGen: 268981K->61731K(276480K)] 714268K->563689K(975872K), 0.0130994 secs] [Times: user=0.10 sys=0.00, real=0.02 secs] 
2021-01-22T01:12:42.241+0800: 4.583: [GC (Allocation Failure) [PSYoungGen: 266019K->62929K(277504K)] 767977K->617100K(976896K), 0.0126422 secs] [Times: user=0.10 sys=0.00, real=0.01 secs] 
2021-01-22T01:12:42.275+0800: 4.618: [GC (Allocation Failure) [PSYoungGen: 268241K->67159K(276992K)] 822412K->675652K(976384K), 0.0147891 secs] [Times: user=0.10 sys=0.00, real=0.02 secs] 
2021-01-22T01:12:42.314+0800: 4.657: [GC (Allocation Failure) [PSYoungGen: 272194K->71322K(273408K)] 880687K->734501K(972800K), 0.0143081 secs] [Times: user=0.09 sys=0.01, real=0.02 secs] 
2021-01-22T01:12:42.329+0800: 4.672: [Full GC (Ergonomics) [PSYoungGen: 71322K->0K(273408K)] [ParOldGen: 663179K->393933K(699392K)] 734501K->393933K(972800K), [Metaspace: 2817K->2817K(1056768K)], 0.0457793 secs] [Times: user=0.35 sys=0.00, real=0.04 secs] 
2021-01-22T01:12:42.398+0800: 4.741: [GC (Allocation Failure) [PSYoungGen: 201728K->57666K(259584K)] 595661K->451599K(958976K), 0.0093236 secs] [Times: user=0.06 sys=0.00, real=0.00 secs] 
2021-01-22T01:12:42.429+0800: 4.772: [GC (Allocation Failure) [PSYoungGen: 259390K->63586K(275968K)] 653323K->505557K(975360K), 0.0120784 secs] [Times: user=0.09 sys=0.00, real=0.01 secs] 
2021-01-22T01:12:42.463+0800: 4.806: [GC (Allocation Failure) [PSYoungGen: 265314K->66729K(274944K)] 707285K->559646K(974336K), 0.0134272 secs] [Times: user=0.10 sys=0.01, real=0.01 secs] 
2021-01-22T01:12:42.499+0800: 4.842: [GC (Allocation Failure) [PSYoungGen: 268457K->66332K(275968K)] 761374K->616741K(975360K), 0.0125766 secs] [Times: user=0.09 sys=0.00, real=0.01 secs] 
2021-01-22T01:12:42.534+0800: 4.877: [GC (Allocation Failure) [PSYoungGen: 268997K->63447K(275968K)] 819406K->668514K(975360K), 0.0148265 secs] [Times: user=0.10 sys=0.00, real=0.02 secs] 
2021-01-22T01:12:42.575+0800: 4.917: [GC (Allocation Failure) [PSYoungGen: 266199K->64971K(277504K)] 871266K->721048K(976896K), 0.0169024 secs] [Times: user=0.13 sys=0.00, real=0.02 secs] 
2021-01-22T01:12:42.592+0800: 4.935: [Full GC (Ergonomics) [PSYoungGen: 64971K->0K(277504K)] [ParOldGen: 656077K->384311K(699392K)] 721048K->384311K(976896K), [Metaspace: 2817K->2817K(1056768K)], 0.0432599 secs] [Times: user=0.33 sys=0.00, real=0.04 secs] 
2021-01-22T01:12:42.658+0800: 5.001: [GC (Allocation Failure) [PSYoungGen: 204615K->66584K(276480K)] 588927K->450896K(975872K), 0.0070353 secs] [Times: user=0.05 sys=0.00, real=0.01 secs] 
2021-01-22T01:12:42.695+0800: 5.038: [GC (Allocation Failure) [PSYoungGen: 271370K->63988K(278016K)] 655682K->501314K(977408K), 0.0166517 secs] [Times: user=0.13 sys=0.00, real=0.02 secs] 
2021-01-22T01:12:42.740+0800: 5.083: [GC (Allocation Failure) [PSYoungGen: 270068K->69449K(275968K)] 707395K->557476K(975360K), 0.0257868 secs] [Times: user=0.18 sys=0.01, real=0.02 secs] 
2021-01-22T01:12:42.795+0800: 5.138: [GC (Allocation Failure) [PSYoungGen: 275785K->63895K(276992K)] 763812K->610405K(976384K), 0.0215931 secs] [Times: user=0.16 sys=0.00, real=0.02 secs] 
2021-01-22T01:12:42.845+0800: 5.188: [GC (Allocation Failure) [PSYoungGen: 267996K->65182K(276480K)] 814506K->662011K(975872K), 0.0154530 secs] [Times: user=0.12 sys=0.00, real=0.02 secs] 
2021-01-22T01:12:42.883+0800: 5.226: [GC (Allocation Failure) [PSYoungGen: 269470K->69503K(275968K)] 866299K->723073K(975360K), 0.0146078 secs] [Times: user=0.11 sys=0.00, real=0.01 secs] 
2021-01-22T01:12:42.898+0800: 5.241: [Full GC (Ergonomics) [PSYoungGen: 69503K->0K(275968K)] [ParOldGen: 653570K->391807K(699392K)] 723073K->391807K(975360K), [Metaspace: 2817K->2817K(1056768K)], 0.0449017 secs] [Times: user=0.33 sys=0.00, real=0.05 secs] 
2021-01-22T01:12:42.967+0800: 5.310: [GC (Allocation Failure) [PSYoungGen: 204800K->62124K(276992K)] 596607K->453932K(976384K), 0.0067298 secs] [Times: user=0.05 sys=0.00, real=0.01 secs] 
2021-01-22T01:12:42.998+0800: 5.341: [GC (Allocation Failure) [PSYoungGen: 266924K->71649K(272896K)] 658732K->516900K(972288K), 0.0224879 secs] [Times: user=0.15 sys=0.00, real=0.03 secs] 
2021-01-22T01:12:43.043+0800: 5.386: [GC (Allocation Failure) [PSYoungGen: 272353K->69354K(270336K)] 717604K->575193K(969728K), 0.0141898 secs] [Times: user=0.11 sys=0.00, real=0.01 secs] 
2021-01-22T01:12:43.083+0800: 5.425: [GC (Allocation Failure) [PSYoungGen: 270058K->70049K(273408K)] 775897K->632727K(972800K), 0.0150902 secs] [Times: user=0.10 sys=0.01, real=0.01 secs] 
2021-01-22T01:12:43.120+0800: 5.463: [GC (Allocation Failure) [PSYoungGen: 268705K->65815K(273920K)] 831383K->681272K(973312K), 0.0135502 secs] [Times: user=0.10 sys=0.00, real=0.01 secs] 
2021-01-22T01:12:43.155+0800: 5.498: [GC (Allocation Failure) [PSYoungGen: 264471K->62223K(274944K)] 879928K->733763K(974336K), 0.0142214 secs] [Times: user=0.10 sys=0.00, real=0.02 secs] 
2021-01-22T01:12:43.170+0800: 5.513: [Full GC (Ergonomics) [PSYoungGen: 62223K->0K(274944K)] [ParOldGen: 671539K->382262K(699392K)] 733763K->382262K(974336K), [Metaspace: 2817K->2817K(1056768K)], 0.0415107 secs] [Times: user=0.32 sys=0.00, real=0.04 secs] 
2021-01-22T01:12:43.234+0800: 5.577: [GC (Allocation Failure) [PSYoungGen: 200704K->62076K(274944K)] 582966K->444339K(974336K), 0.0068872 secs] [Times: user=0.05 sys=0.00, real=0.01 secs] 
2021-01-22T01:12:43.264+0800: 5.607: [GC (Allocation Failure) [PSYoungGen: 262780K->60122K(274944K)] 645043K->496060K(974336K), 0.0118400 secs] [Times: user=0.09 sys=0.00, real=0.01 secs] 
2021-01-22T01:12:43.299+0800: 5.642: [GC (Allocation Failure) [PSYoungGen: 260826K->70841K(271872K)] 696764K->558162K(971264K), 0.0129943 secs] [Times: user=0.10 sys=0.00, real=0.01 secs] 
2021-01-22T01:12:43.333+0800: 5.675: [GC (Allocation Failure) [PSYoungGen: 271545K->65319K(274432K)] 758866K->616131K(973824K), 0.0134976 secs] [Times: user=0.10 sys=0.00, real=0.01 secs] 
2021-01-22T01:12:43.369+0800: 5.712: [GC (Allocation Failure) [PSYoungGen: 263975K->65975K(273408K)] 814787K->672515K(972800K), 0.0142910 secs] [Times: user=0.10 sys=0.00, real=0.01 secs] 
2021-01-22T01:12:43.408+0800: 5.751: [GC (Allocation Failure) [PSYoungGen: 264631K->70693K(273408K)] 871171K->732260K(972800K), 0.0145142 secs] [Times: user=0.11 sys=0.00, real=0.02 secs] 
2021-01-22T01:12:43.423+0800: 5.766: [Full GC (Ergonomics) [PSYoungGen: 70693K->0K(273408K)] [ParOldGen: 661567K->385289K(699392K)] 732260K->385289K(972800K), [Metaspace: 2817K->2817K(1056768K)], 0.0450399 secs] [Times: user=0.33 sys=0.00, real=0.05 secs] 
2021-01-22T01:12:43.491+0800: 5.834: [GC (Allocation Failure) [PSYoungGen: 199680K->66198K(274432K)] 584969K->451488K(973824K), 0.0074257 secs] [Times: user=0.03 sys=0.02, real=0.01 secs] 
2021-01-22T01:12:43.523+0800: 5.866: [GC (Allocation Failure) [PSYoungGen: 265878K->54277K(272896K)] 651168K->496023K(972288K), 0.0133177 secs] [Times: user=0.10 sys=0.00, real=0.01 secs] 
2021-01-22T01:12:43.560+0800: 5.902: [GC (Allocation Failure) [PSYoungGen: 252932K->66365K(273920K)] 694679K->552942K(973312K), 0.0116491 secs] [Times: user=0.09 sys=0.00, real=0.01 secs] 
2021-01-22T01:12:43.593+0800: 5.936: [GC (Allocation Failure) [PSYoungGen: 265021K->63163K(274944K)] 751598K->604328K(974336K), 0.0125009 secs] [Times: user=0.09 sys=0.00, real=0.01 secs] 
2021-01-22T01:12:43.627+0800: 5.970: [GC (Allocation Failure) [PSYoungGen: 263355K->67019K(274432K)] 804520K->659527K(973824K), 0.0136655 secs] [Times: user=0.10 sys=0.00, real=0.02 secs] 
2021-01-22T01:12:43.666+0800: 6.009: [GC (Allocation Failure) [PSYoungGen: 267211K->65543K(275968K)] 859719K->709296K(975360K), 0.0135367 secs] [Times: user=0.09 sys=0.00, real=0.02 secs] 
2021-01-22T01:12:43.681+0800: 6.023: [Full GC (Ergonomics) [PSYoungGen: 65543K->0K(275968K)] [ParOldGen: 643753K->375565K(699392K)] 709296K->375565K(975360K), [Metaspace: 2817K->2817K(1056768K)], 0.0411260 secs] [Times: user=0.30 sys=0.00, real=0.04 secs] 
2021-01-22T01:12:43.744+0800: 6.086: [GC (Allocation Failure) [PSYoungGen: 201728K->66819K(274944K)] 577293K->442384K(974336K), 0.0082516 secs] [Times: user=0.06 sys=0.00, real=0.01 secs] 
2021-01-22T01:12:43.774+0800: 6.117: [GC (Allocation Failure) [PSYoungGen: 268452K->69449K(274944K)] 644017K->500600K(974336K), 0.0130960 secs] [Times: user=0.08 sys=0.00, real=0.01 secs] 
2021-01-22T01:12:43.810+0800: 6.153: [GC (Allocation Failure) [PSYoungGen: 271177K->72429K(274432K)] 702328K->562535K(973824K), 0.0134066 secs] [Times: user=0.10 sys=0.00, real=0.01 secs] 
2021-01-22T01:12:43.848+0800: 6.191: [GC (Allocation Failure) [PSYoungGen: 274157K->60549K(272384K)] 764263K->611479K(971776K), 0.0168665 secs] [Times: user=0.08 sys=0.00, real=0.01 secs] 
2021-01-22T01:12:43.891+0800: 6.233: [GC (Allocation Failure) [PSYoungGen: 258181K->60362K(273408K)] 809111K->662926K(972800K), 0.0168367 secs] [Times: user=0.09 sys=0.00, real=0.01 secs] 
2021-01-22T01:12:43.937+0800: 6.280: [GC (Allocation Failure) [PSYoungGen: 257994K->54182K(271360K)] 860558K->705742K(970752K), 0.0118929 secs] [Times: user=0.08 sys=0.00, real=0.02 secs] 
2021-01-22T01:12:43.949+0800: 6.292: [Full GC (Ergonomics) [PSYoungGen: 54182K->0K(271360K)] [ParOldGen: 651559K->381738K(699392K)] 705742K->381738K(970752K), [Metaspace: 2817K->2817K(1056768K)], 0.0645075 secs] [Times: user=0.33 sys=0.00, real=0.06 secs] 
2021-01-22T01:12:44.035+0800: 6.377: [GC (Allocation Failure) [PSYoungGen: 195584K->64092K(272384K)] 577322K->445831K(971776K), 0.0077250 secs] [Times: user=0.05 sys=0.00, real=0.01 secs] 
2021-01-22T01:12:44.066+0800: 6.409: [GC (Allocation Failure) [PSYoungGen: 259676K->61208K(274432K)] 641415K->497287K(973824K), 0.0134845 secs] [Times: user=0.09 sys=0.00, real=0.02 secs] 
2021-01-22T01:12:44.111+0800: 6.454: [GC (Allocation Failure) [PSYoungGen: 260376K->66650K(273920K)] 696455K->555403K(973312K), 0.0190538 secs] [Times: user=0.11 sys=0.00, real=0.02 secs] 
2021-01-22T01:12:44.155+0800: 6.497: [GC (Allocation Failure) [PSYoungGen: 265818K->60816K(274944K)] 754571K->604785K(974336K), 0.0137212 secs] [Times: user=0.09 sys=0.01, real=0.02 secs] 
2021-01-22T01:12:44.201+0800: 6.544: [GC (Allocation Failure) [PSYoungGen: 261008K->63292K(274432K)] 804977K->659038K(973824K), 0.0125485 secs] [Times: user=0.06 sys=0.00, real=0.01 secs] 
2021-01-22T01:12:44.243+0800: 6.586: [GC (Allocation Failure) [PSYoungGen: 263484K->66971K(274944K)] 859230K->714082K(974336K), 0.0139646 secs] [Times: user=0.09 sys=0.00, real=0.01 secs] 
2021-01-22T01:12:44.258+0800: 6.601: [Full GC (Ergonomics) [PSYoungGen: 66971K->0K(274944K)] [ParOldGen: 647111K->380414K(699392K)] 714082K->380414K(974336K), [Metaspace: 2817K->2817K(1056768K)], 0.0634394 secs] [Times: user=0.32 sys=0.02, real=0.07 secs] 
2021-01-22T01:12:44.351+0800: 6.694: [GC (Allocation Failure) [PSYoungGen: 201549K->60664K(275456K)] 581963K->441079K(974848K), 0.0076145 secs] [Times: user=0.04 sys=0.00, real=0.01 secs] 
2021-01-22T01:12:44.389+0800: 6.731: [GC (Allocation Failure) [PSYoungGen: 262392K->64732K(276480K)] 642807K->496534K(975872K), 0.0178335 secs] [Times: user=0.07 sys=0.00, real=0.01 secs] 
2021-01-22T01:12:44.442+0800: 6.785: [GC (Allocation Failure) [PSYoungGen: 267996K->61548K(275968K)] 699798K->547418K(975360K), 0.0134839 secs] [Times: user=0.09 sys=0.00, real=0.01 secs] 
2021-01-22T01:12:44.484+0800: 6.827: [GC (Allocation Failure) [PSYoungGen: 264812K->70243K(273920K)] 750682K->609327K(973312K), 0.0270218 secs] [Times: user=0.09 sys=0.00, real=0.03 secs] 
2021-01-22T01:12:44.540+0800: 6.883: [GC (Allocation Failure) [PSYoungGen: 271943K->60010K(275456K)] 811027K->658671K(974848K), 0.0194903 secs] [Times: user=0.10 sys=0.00, real=0.02 secs] 
2021-01-22T01:12:44.592+0800: 6.935: [GC (Allocation Failure) [PSYoungGen: 261502K->66914K(275456K)] 860163K->714234K(974848K), 0.0217415 secs] [Times: user=0.06 sys=0.00, real=0.02 secs] 
2021-01-22T01:12:44.615+0800: 6.957: [Full GC (Ergonomics) [PSYoungGen: 66914K->0K(275456K)] [ParOldGen: 647319K->382989K(699392K)] 714234K->382989K(974848K), [Metaspace: 2817K->2817K(1056768K)], 0.0518598 secs] [Times: user=0.19 sys=0.01, real=0.05 secs] 
2021-01-22T01:12:44.692+0800: 7.035: [GC (Allocation Failure) [PSYoungGen: 201728K->69188K(271360K)] 584717K->452178K(970752K), 0.0099216 secs] [Times: user=0.07 sys=0.00, real=0.01 secs] 
2021-01-22T01:12:44.738+0800: 7.081: [GC (Allocation Failure) [PSYoungGen: 270916K->59742K(274432K)] 653906K->495947K(973824K), 0.0137753 secs] [Times: user=0.10 sys=0.00, real=0.02 secs] 
2021-01-22T01:12:44.787+0800: 7.129: [GC (Allocation Failure) [PSYoungGen: 259422K->61228K(274432K)] 695627K->545192K(973824K), 0.0125419 secs] [Times: user=0.09 sys=0.00, real=0.02 secs] 
2021-01-22T01:12:44.830+0800: 7.173: [GC (Allocation Failure) [PSYoungGen: 260908K->67377K(274944K)] 744872K->602714K(974336K), 0.0144772 secs] [Times: user=0.05 sys=0.00, real=0.01 secs] 
2021-01-22T01:12:44.872+0800: 7.215: [GC (Allocation Failure) [PSYoungGen: 268081K->56171K(257024K)] 803418K->645177K(956416K), 0.0134202 secs] [Times: user=0.09 sys=0.00, real=0.01 secs] 
2021-01-22T01:12:44.919+0800: 7.262: [GC (Allocation Failure) [PSYoungGen: 256875K->68196K(273408K)] 845881K->702502K(972800K), 0.0263120 secs] [Times: user=0.10 sys=0.00, real=0.02 secs] 
2021-01-22T01:12:44.946+0800: 7.288: [Full GC (Ergonomics) [PSYoungGen: 68196K->0K(273408K)] [ParOldGen: 634305K->375728K(699392K)] 702502K->375728K(972800K), [Metaspace: 2817K->2817K(1056768K)], 0.0456920 secs] [Times: user=0.30 sys=0.00, real=0.05 secs] 
2021-01-22T01:12:45.016+0800: 7.359: [GC (Allocation Failure) [PSYoungGen: 198656K->71989K(270848K)] 574384K->447717K(970240K), 0.0086498 secs] [Times: user=0.06 sys=0.00, real=0.01 secs] 
2021-01-22T01:12:45.060+0800: 7.402: [GC (Allocation Failure) [PSYoungGen: 270645K->57986K(271872K)] 646373K->495640K(971264K), 0.0219943 secs] [Times: user=0.13 sys=0.00, real=0.02 secs] 
2021-01-22T01:12:45.107+0800: 7.450: [GC (Allocation Failure) [PSYoungGen: 252546K->66980K(271872K)] 690200K->552033K(971264K), 0.0151083 secs] [Times: user=0.10 sys=0.00, real=0.02 secs] 
2021-01-22T01:12:45.155+0800: 7.498: [GC (Allocation Failure) [PSYoungGen: 261540K->69169K(271360K)] 746593K->610276K(970752K), 0.0154227 secs] [Times: user=0.10 sys=0.00, real=0.02 secs] 
2021-01-22T01:12:45.197+0800: 7.540: [GC (Allocation Failure) [PSYoungGen: 263729K->61162K(271872K)] 804836K->657440K(971264K), 0.0343608 secs] [Times: user=0.10 sys=0.00, real=0.04 secs] 
2021-01-22T01:12:45.257+0800: 7.600: [GC (Allocation Failure) [PSYoungGen: 255722K->65275K(273408K)] 852000K->713514K(972800K), 0.0144956 secs] [Times: user=0.09 sys=0.00, real=0.02 secs] 
2021-01-22T01:12:45.272+0800: 7.615: [Full GC (Ergonomics) [PSYoungGen: 65275K->0K(273408K)] [ParOldGen: 648239K->368243K(699392K)] 713514K->368243K(972800K), [Metaspace: 2817K->2817K(1056768K)], 0.0568669 secs] [Times: user=0.30 sys=0.00, real=0.06 secs] 
2021-01-22T01:12:45.357+0800: 7.700: [GC (Allocation Failure) [PSYoungGen: 196608K->61925K(272384K)] 564851K->430169K(971776K), 0.0092619 secs] [Times: user=0.06 sys=0.00, real=0.01 secs] 
2021-01-22T01:12:45.402+0800: 7.745: [GC (Allocation Failure) [PSYoungGen: 258356K->59576K(273920K)] 626600K->478844K(973312K), 0.0120686 secs] [Times: user=0.08 sys=0.00, real=0.01 secs] 
2021-01-22T01:12:45.444+0800: 7.787: [GC (Allocation Failure) [PSYoungGen: 258232K->56027K(273920K)] 677500K->526187K(973312K), 0.0133720 secs] [Times: user=0.09 sys=0.00, real=0.01 secs] 
2021-01-22T01:12:45.486+0800: 7.829: [GC (Allocation Failure) [PSYoungGen: 254683K->59792K(274432K)] 724843K->577538K(973824K), 0.0130665 secs] [Times: user=0.08 sys=0.00, real=0.02 secs] 
2021-01-22T01:12:45.526+0800: 7.869: [GC (Allocation Failure) [PSYoungGen: 258960K->63699K(273920K)] 776706K->628994K(973312K), 0.0138015 secs] [Times: user=0.09 sys=0.00, real=0.02 secs] 
2021-01-22T01:12:45.566+0800: 7.909: [GC (Allocation Failure) [PSYoungGen: 262867K->65760K(275456K)] 828162K->683350K(974848K), 0.0153855 secs] [Times: user=0.10 sys=0.00, real=0.02 secs] 
2021-01-22T01:12:45.612+0800: 7.955: [GC (Allocation Failure) [PSYoungGen: 267488K->63839K(275456K)] 885078K->733536K(974848K), 0.0193924 secs] [Times: user=0.06 sys=0.00, real=0.02 secs] 
2021-01-22T01:12:45.632+0800: 7.975: [Full GC (Ergonomics) [PSYoungGen: 63839K->0K(275456K)] [ParOldGen: 669697K->360455K(699392K)] 733536K->360455K(974848K), [Metaspace: 2817K->2817K(1056768K)], 0.0439577 secs] [Times: user=0.29 sys=0.00, real=0.04 secs] 
2021-01-22T01:12:45.704+0800: 8.047: [GC (Allocation Failure) [PSYoungGen: 201728K->61526K(276992K)] 562183K->421981K(976384K), 0.0162703 secs] [Times: user=0.03 sys=0.00, real=0.02 secs] 
2021-01-22T01:12:45.745+0800: 8.088: [GC (Allocation Failure) [PSYoungGen: 264934K->72172K(275968K)] 625389K->486578K(975360K), 0.0182315 secs] [Times: user=0.12 sys=0.00, real=0.02 secs] 
2021-01-22T01:12:45.791+0800: 8.133: [GC (Allocation Failure) [PSYoungGen: 275948K->63930K(274944K)] 690354K->539255K(974336K), 0.0184443 secs] [Times: user=0.11 sys=0.00, real=0.02 secs] 
2021-01-22T01:12:45.858+0800: 8.200: [GC (Allocation Failure) [PSYoungGen: 265658K->66094K(275456K)] 740983K->593230K(974848K), 0.0178663 secs] [Times: user=0.13 sys=0.00, real=0.02 secs] 
2021-01-22T01:12:45.902+0800: 8.245: [GC (Allocation Failure) [PSYoungGen: 267822K->73153K(270336K)] 794958K->650668K(969728K), 0.0149805 secs] [Times: user=0.10 sys=0.00, real=0.01 secs] 
2021-01-22T01:12:45.945+0800: 8.287: [GC (Allocation Failure) [PSYoungGen: 269761K->57942K(272896K)] 847276K->698653K(972288K), 0.0156524 secs] [Times: user=0.11 sys=0.00, real=0.02 secs] 
2021-01-22T01:12:45.961+0800: 8.304: [Full GC (Ergonomics) [PSYoungGen: 57942K->0K(272896K)] [ParOldGen: 640711K->363497K(699392K)] 698653K->363497K(972288K), [Metaspace: 2817K->2817K(1056768K)], 0.0499166 secs] [Times: user=0.32 sys=0.00, real=0.05 secs] 
2021-01-22T01:12:46.044+0800: 8.386: [GC (Allocation Failure) [PSYoungGen: 196608K->61908K(273920K)] 560105K->425405K(973312K), 0.0131433 secs] [Times: user=0.08 sys=0.00, real=0.01 secs] 
2021-01-22T01:12:46.095+0800: 8.438: [GC (Allocation Failure) [PSYoungGen: 259540K->65121K(272896K)] 623037K->478014K(972288K), 0.0214022 secs] [Times: user=0.14 sys=0.00, real=0.02 secs] 
2021-01-22T01:12:46.148+0800: 8.490: [GC (Allocation Failure) [PSYoungGen: 262753K->61219K(274944K)] 675646K->526700K(974336K), 0.0378435 secs] [Times: user=0.16 sys=0.00, real=0.04 secs] 
2021-01-22T01:12:46.215+0800: 8.558: [GC (Allocation Failure) [PSYoungGen: 261411K->64039K(274432K)] 726892K->580379K(973824K), 0.0171251 secs] [Times: user=0.11 sys=0.00, real=0.02 secs] 
2021-01-22T01:12:46.269+0800: 8.612: [GC (Allocation Failure) [PSYoungGen: 264231K->58345K(275968K)] 780571K->630521K(975360K), 0.0148604 secs] [Times: user=0.10 sys=0.00, real=0.01 secs] 
2021-01-22T01:12:46.316+0800: 8.658: [GC (Allocation Failure) [PSYoungGen: 261097K->62927K(275968K)] 833273K->681701K(975360K), 0.0263571 secs] [Times: user=0.10 sys=0.01, real=0.03 secs] 
2021-01-22T01:12:46.370+0800: 8.713: [GC (Allocation Failure) [PSYoungGen: 265679K->61831K(277504K)] 884453K->734770K(976896K), 0.0146877 secs] [Times: user=0.09 sys=0.00, real=0.01 secs] 
2021-01-22T01:12:46.385+0800: 8.728: [Full GC (Ergonomics) [PSYoungGen: 61831K->0K(277504K)] [ParOldGen: 672939K->364894K(699392K)] 734770K->364894K(976896K), [Metaspace: 2817K->2817K(1056768K)], 0.0537840 secs] [Times: user=0.27 sys=0.00, real=0.06 secs] 
2021-01-22T01:12:46.472+0800: 8.815: [GC (Allocation Failure) [PSYoungGen: 205312K->64766K(276992K)] 570206K->429661K(976384K), 0.0128268 secs] [Times: user=0.08 sys=0.00, real=0.01 secs] 
2021-01-22T01:12:46.522+0800: 8.865: [GC (Allocation Failure) [PSYoungGen: 270078K->66215K(277504K)] 634973K->486072K(976896K), 0.0145878 secs] [Times: user=0.09 sys=0.00, real=0.01 secs] 
2021-01-22T01:12:46.565+0800: 8.908: [GC (Allocation Failure) [PSYoungGen: 272039K->68146K(274432K)] 691896K->543813K(973824K), 0.0303215 secs] [Times: user=0.15 sys=0.00, real=0.03 secs] 
2021-01-22T01:12:46.624+0800: 8.966: [GC (Allocation Failure) [PSYoungGen: 273970K->64244K(277504K)] 749637K->597618K(976896K), 0.0230525 secs] [Times: user=0.15 sys=0.00, real=0.02 secs] 
2021-01-22T01:12:46.682+0800: 9.024: [GC (Allocation Failure) [PSYoungGen: 269044K->67352K(276480K)] 802418K->649425K(975872K), 0.0142893 secs] [Times: user=0.09 sys=0.01, real=0.01 secs] 
2021-01-22T01:12:46.726+0800: 9.069: [GC (Allocation Failure) [PSYoungGen: 272152K->67310K(275968K)] 854225K->704754K(975360K), 0.0273727 secs] [Times: user=0.10 sys=0.00, real=0.03 secs] 
2021-01-22T01:12:46.754+0800: 9.097: [Full GC (Ergonomics) [PSYoungGen: 67310K->0K(275968K)] [ParOldGen: 637444K->373380K(699392K)] 704754K->373380K(975360K), [Metaspace: 2817K->2817K(1056768K)], 0.0515392 secs] [Times: user=0.31 sys=0.00, real=0.05 secs] 
2021-01-22T01:12:46.832+0800: 9.174: [GC (Allocation Failure) [PSYoungGen: 203776K->72576K(276480K)] 577156K->445956K(975872K), 0.0095691 secs] [Times: user=0.05 sys=0.00, real=0.01 secs] 
2021-01-22T01:12:46.870+0800: 9.213: [GC (Allocation Failure) [PSYoungGen: 276352K->64401K(273408K)] 649732K->494239K(972800K), 0.0158652 secs] [Times: user=0.10 sys=0.00, real=0.01 secs] 
2021-01-22T01:12:46.915+0800: 9.258: [GC (Allocation Failure) [PSYoungGen: 264503K->62078K(274944K)] 694342K->544933K(974336K), 0.0146338 secs] [Times: user=0.10 sys=0.00, real=0.02 secs] 
2021-01-22T01:12:46.959+0800: 9.302: [GC (Allocation Failure) [PSYoungGen: 262782K->65512K(275968K)] 745637K->600002K(975360K), 0.0146165 secs] [Times: user=0.10 sys=0.00, real=0.01 secs] 
2021-01-22T01:12:47.011+0800: 9.354: [GC (Allocation Failure) [PSYoungGen: 267575K->63140K(275456K)] 802064K->649509K(974848K), 0.0139012 secs] [Times: user=0.10 sys=0.00, real=0.01 secs] 
2021-01-22T01:12:47.057+0800: 9.400: [GC (Allocation Failure) [PSYoungGen: 265380K->60701K(276480K)] 851749K->700204K(975872K), 0.0221904 secs] [Times: user=0.10 sys=0.00, real=0.03 secs] 
2021-01-22T01:12:47.080+0800: 9.422: [Full GC (Ergonomics) [PSYoungGen: 60701K->0K(276480K)] [ParOldGen: 639503K->361613K(699392K)] 700204K->361613K(975872K), [Metaspace: 2817K->2817K(1056768K)], 0.0468076 secs] [Times: user=0.29 sys=0.00, real=0.04 secs] 
2021-01-22T01:12:47.157+0800: 9.499: [GC (Allocation Failure) [PSYoungGen: 203776K->63884K(276480K)] 565389K->425498K(975872K), 0.0131130 secs] [Times: user=0.03 sys=0.00, real=0.02 secs] 
2021-01-22T01:12:47.197+0800: 9.540: [GC (Allocation Failure) [PSYoungGen: 267660K->71820K(273920K)] 629274K->485661K(973312K), 0.0149240 secs] [Times: user=0.10 sys=0.00, real=0.02 secs] 
2021-01-22T01:12:47.245+0800: 9.588: [GC (Allocation Failure) [PSYoungGen: 273548K->63159K(275456K)] 687389K->535059K(974848K), 0.0222152 secs] [Times: user=0.16 sys=0.00, real=0.02 secs] 
2021-01-22T01:12:47.298+0800: 9.641: [GC (Allocation Failure) [PSYoungGen: 264510K->63279K(276480K)] 736410K->586559K(975872K), 0.0172131 secs] [Times: user=0.05 sys=0.00, real=0.02 secs] 
2021-01-22T01:12:47.342+0800: 9.685: [GC (Allocation Failure) [PSYoungGen: 266543K->64758K(275968K)] 789823K->639882K(975360K), 0.0137292 secs] [Times: user=0.09 sys=0.00, real=0.01 secs] 
2021-01-22T01:12:47.386+0800: 9.729: [GC (Allocation Failure) [PSYoungGen: 268022K->64499K(277504K)] 843146K->693199K(976896K), 0.0122413 secs] [Times: user=0.07 sys=0.02, real=0.02 secs] 
2021-01-22T01:12:47.423+0800: 9.766: [GC (Allocation Failure) [PSYoungGen: 269811K->64914K(276992K)] 898511K->747753K(976384K), 0.0133640 secs] [Times: user=0.10 sys=0.00, real=0.01 secs] 
2021-01-22T01:12:47.437+0800: 9.780: [Full GC (Ergonomics) [PSYoungGen: 64914K->0K(276992K)] [ParOldGen: 682839K->359253K(699392K)] 747753K->359253K(976384K), [Metaspace: 2817K->2817K(1056768K)], 0.0548298 secs] [Times: user=0.27 sys=0.02, real=0.06 secs] 
2021-01-22T01:12:47.522+0800: 9.865: [GC (Allocation Failure) [PSYoungGen: 205312K->66200K(278528K)] 564565K->425453K(977920K), 0.0096776 secs] [Times: user=0.06 sys=0.00, real=0.01 secs] 
2021-01-22T01:12:47.569+0800: 9.911: [GC (Allocation Failure) [PSYoungGen: 274072K->67225K(275456K)] 633325K->480845K(974848K), 0.0147580 secs] [Times: user=0.11 sys=0.00, real=0.01 secs] 
2021-01-22T01:12:47.613+0800: 9.956: [GC (Allocation Failure) [PSYoungGen: 275097K->66055K(278528K)] 688717K->534159K(977920K), 0.0311560 secs] [Times: user=0.15 sys=0.00, real=0.03 secs] 
2021-01-22T01:12:47.678+0800: 10.020: [GC (Allocation Failure) [PSYoungGen: 273415K->65221K(278016K)] 741519K->585357K(977408K), 0.0182803 secs] [Times: user=0.12 sys=0.00, real=0.02 secs] 
2021-01-22T01:12:47.734+0800: 10.077: [GC (Allocation Failure) [PSYoungGen: 272581K->70139K(275968K)] 792717K->642987K(975360K), 0.0172348 secs] [Times: user=0.07 sys=0.00, real=0.02 secs] 
2021-01-22T01:12:47.780+0800: 10.122: [GC (Allocation Failure) [PSYoungGen: 275963K->67121K(277504K)] 848811K->694609K(976896K), 0.0164874 secs] [Times: user=0.11 sys=0.00, real=0.01 secs] 
2021-01-22T01:12:47.832+0800: 10.175: [GC (Allocation Failure) [PSYoungGen: 272945K->66679K(278016K)] 900433K->747597K(977408K), 0.0269854 secs] [Times: user=0.18 sys=0.00, real=0.03 secs] 
2021-01-22T01:12:47.859+0800: 10.202: [Full GC (Ergonomics) [PSYoungGen: 66679K->0K(278016K)] [ParOldGen: 680917K->357055K(699392K)] 747597K->357055K(977408K), [Metaspace: 2817K->2817K(1056768K)], 0.0497719 secs] [Times: user=0.33 sys=0.00, real=0.05 secs] 
2021-01-22T01:12:47.940+0800: 10.283: [GC (Allocation Failure) [PSYoungGen: 206336K->68689K(277504K)] 563391K->425744K(976896K), 0.0096596 secs] [Times: user=0.06 sys=0.00, real=0.01 secs] 
2021-01-22T01:12:47.976+0800: 10.319: [GC (Allocation Failure) [PSYoungGen: 275025K->64392K(277504K)] 632080K->477787K(976896K), 0.0201766 secs] [Times: user=0.04 sys=0.00, real=0.02 secs] 
2021-01-22T01:12:48.024+0800: 10.367: [GC (Allocation Failure) [PSYoungGen: 269909K->68061K(277504K)] 683303K->533323K(976896K), 0.0164938 secs] [Times: user=0.11 sys=0.00, real=0.02 secs] 
2021-01-22T01:12:48.071+0800: 10.414: [GC (Allocation Failure) [PSYoungGen: 273885K->71661K(274432K)] 739147K->594091K(973824K), 0.0208309 secs] [Times: user=0.09 sys=0.00, real=0.02 secs] 
2021-01-22T01:12:48.127+0800: 10.470: [GC (Allocation Failure) [PSYoungGen: 274413K->63003K(275968K)] 796843K->644335K(975360K), 0.0196131 secs] [Times: user=0.13 sys=0.00, real=0.02 secs] 
2021-01-22T01:12:48.181+0800: 10.524: [GC (Allocation Failure) [PSYoungGen: 265755K->66614K(276480K)] 847087K->700368K(975872K), 0.0151097 secs] [Times: user=0.09 sys=0.00, real=0.01 secs] 
2021-01-22T01:12:48.197+0800: 10.540: [Full GC (Ergonomics) [PSYoungGen: 66614K->0K(276480K)] [ParOldGen: 633753K->361412K(699392K)] 700368K->361412K(975872K), [Metaspace: 2817K->2817K(1056768K)], 0.0456743 secs] [Times: user=0.29 sys=0.01, real=0.05 secs] 
2021-01-22T01:12:48.272+0800: 10.615: [GC (Allocation Failure) [PSYoungGen: 203264K->59854K(275968K)] 564676K->421267K(975360K), 0.0098804 secs] [Times: user=0.04 sys=0.00, real=0.01 secs] 
2021-01-22T01:12:48.308+0800: 10.651: [GC (Allocation Failure) [PSYoungGen: 263118K->67852K(275968K)] 624531K->477642K(975360K), 0.0166232 secs] [Times: user=0.10 sys=0.00, real=0.01 secs] 
2021-01-22T01:12:48.352+0800: 10.695: [GC (Allocation Failure) [PSYoungGen: 270466K->68066K(275968K)] 680256K->533669K(975360K), 0.0206621 secs] [Times: user=0.08 sys=0.00, real=0.02 secs] 
2021-01-22T01:12:48.402+0800: 10.745: [GC (Allocation Failure) [PSYoungGen: 270818K->57263K(273920K)] 736421K->580484K(973312K), 0.0141964 secs] [Times: user=0.10 sys=0.00, real=0.01 secs] 
2021-01-22T01:12:48.448+0800: 10.791: [GC (Allocation Failure) [PSYoungGen: 257967K->63049K(274944K)] 781188K->636303K(974336K), 0.0137405 secs] [Times: user=0.09 sys=0.00, real=0.01 secs] 
2021-01-22T01:12:48.488+0800: 10.831: [GC (Allocation Failure) [PSYoungGen: 263382K->70568K(273408K)] 836637K->696090K(972800K), 0.0155979 secs] [Times: user=0.09 sys=0.01, real=0.02 secs] 
2021-01-22T01:12:48.535+0800: 10.878: [GC (Allocation Failure) [PSYoungGen: 270104K->67824K(274432K)] 895627K->751296K(973824K), 0.0162433 secs] [Times: user=0.11 sys=0.00, real=0.02 secs] 
2021-01-22T01:12:48.552+0800: 10.895: [Full GC (Ergonomics) [PSYoungGen: 67824K->0K(274432K)] [ParOldGen: 683472K->381868K(699392K)] 751296K->381868K(973824K), [Metaspace: 2817K->2817K(1056768K)], 0.0468756 secs] [Times: user=0.31 sys=0.00, real=0.05 secs] 
2021-01-22T01:12:48.632+0800: 10.975: [GC (Allocation Failure) [PSYoungGen: 199512K->63375K(274944K)] 581380K->445243K(974336K), 0.0153807 secs] [Times: user=0.08 sys=0.00, real=0.01 secs] 
2021-01-22T01:12:48.677+0800: 11.020: [GC (Allocation Failure) [PSYoungGen: 263567K->63819K(274432K)] 645435K->499059K(973824K), 0.0315661 secs] [Times: user=0.12 sys=0.01, real=0.04 secs] 
2021-01-22T01:12:48.746+0800: 11.089: [GC (Allocation Failure) [PSYoungGen: 264011K->68051K(275456K)] 699251K->555611K(974848K), 0.0145134 secs] [Times: user=0.09 sys=0.00, real=0.02 secs] 
2021-01-22T01:12:48.788+0800: 11.130: [GC (Allocation Failure) [PSYoungGen: 269622K->62933K(275456K)] 757182K->607432K(974848K), 0.0152867 secs] [Times: user=0.10 sys=0.01, real=0.02 secs] 
2021-01-22T01:12:48.834+0800: 11.177: [GC (Allocation Failure) [PSYoungGen: 264661K->62171K(275968K)] 809160K->660585K(975360K), 0.0137930 secs] [Times: user=0.09 sys=0.00, real=0.01 secs] 
2021-01-22T01:12:48.875+0800: 11.217: [GC (Allocation Failure) [PSYoungGen: 264148K->70105K(272384K)] 862562K->721428K(971776K), 0.0229337 secs] [Times: user=0.16 sys=0.00, real=0.02 secs] 
2021-01-22T01:12:48.898+0800: 11.241: [Full GC (Ergonomics) [PSYoungGen: 70105K->0K(272384K)] [ParOldGen: 651323K->386101K(699392K)] 721428K->386101K(971776K), [Metaspace: 2817K->2817K(1056768K)], 0.0557155 secs] [Times: user=0.32 sys=0.00, real=0.05 secs] 
2021-01-22T01:12:48.979+0800: 11.322: [GC (Allocation Failure) [PSYoungGen: 202240K->63957K(275456K)] 588341K->450058K(974848K), 0.0079442 secs] [Times: user=0.05 sys=0.00, real=0.00 secs] 
2021-01-22T01:12:49.019+0800: 11.362: [GC (Allocation Failure) [PSYoungGen: 265141K->63676K(274944K)] 651242K->503610K(974336K), 0.0141809 secs] [Times: user=0.09 sys=0.01, real=0.01 secs] 
2021-01-22T01:12:49.060+0800: 11.403: [GC (Allocation Failure) [PSYoungGen: 264870K->66163K(276480K)] 704804K->558560K(975872K), 0.0267226 secs] [Times: user=0.12 sys=0.00, real=0.02 secs] 
2021-01-22T01:12:49.116+0800: 11.459: [GC (Allocation Failure) [PSYoungGen: 269427K->62862K(275968K)] 761824K->609131K(975360K), 0.0142497 secs] [Times: user=0.09 sys=0.00, real=0.02 secs] 
2021-01-22T01:12:49.157+0800: 11.500: [GC (Allocation Failure) [PSYoungGen: 266126K->69103K(275456K)] 812395K->668960K(974848K), 0.0145592 secs] [Times: user=0.09 sys=0.00, real=0.02 secs] 
2021-01-22T01:12:49.201+0800: 11.544: [GC (Allocation Failure) [PSYoungGen: 271855K->57814K(260608K)] 871712K->713830K(960000K), 0.0155842 secs] [Times: user=0.11 sys=0.00, real=0.01 secs] 
2021-01-22T01:12:49.218+0800: 11.560: [Full GC (Ergonomics) [PSYoungGen: 57814K->0K(260608K)] [ParOldGen: 656015K->382488K(699392K)] 713830K->382488K(960000K), [Metaspace: 2817K->2817K(1056768K)], 0.0492606 secs] [Times: user=0.30 sys=0.00, real=0.05 secs] 
2021-01-22T01:12:49.291+0800: 11.634: [GC (Allocation Failure) [PSYoungGen: 202752K->70950K(272384K)] 585240K->453439K(971776K), 0.0090842 secs] [Times: user=0.06 sys=0.00, real=0.01 secs] 
2021-01-22T01:12:49.327+0800: 11.670: [GC (Allocation Failure) [PSYoungGen: 269606K->61252K(273920K)] 652095K->501460K(973312K), 0.0136725 secs] [Times: user=0.09 sys=0.00, real=0.02 secs] 
2021-01-22T01:12:49.371+0800: 11.714: [GC (Allocation Failure) [PSYoungGen: 259908K->64329K(274944K)] 700116K->557642K(974336K), 0.0141140 secs] [Times: user=0.10 sys=0.00, real=0.01 secs] 
2021-01-22T01:12:49.415+0800: 11.758: [GC (Allocation Failure) [PSYoungGen: 264009K->67664K(273920K)] 757322K->614588K(973312K), 0.0180577 secs] [Times: user=0.06 sys=0.00, real=0.02 secs] 
2021-01-22T01:12:49.461+0800: 11.804: [GC (Allocation Failure) [PSYoungGen: 267344K->60448K(274944K)] 814268K->661444K(974336K), 0.0137725 secs] [Times: user=0.09 sys=0.00, real=0.01 secs] 
2021-01-22T01:12:49.509+0800: 11.852: [GC (Allocation Failure) [PSYoungGen: 261152K->59020K(274944K)] 862148K->709040K(974336K), 0.0135626 secs] [Times: user=0.09 sys=0.00, real=0.01 secs] 
2021-01-22T01:12:49.523+0800: 11.866: [Full GC (Ergonomics) [PSYoungGen: 59020K->0K(274944K)] [ParOldGen: 650019K->373914K(699392K)] 709040K->373914K(974336K), [Metaspace: 2817K->2817K(1056768K)], 0.0481719 secs] [Times: user=0.31 sys=0.00, real=0.05 secs] 
2021-01-22T01:12:49.603+0800: 11.945: [GC (Allocation Failure) [PSYoungGen: 200704K->68945K(272896K)] 574618K->442860K(972288K), 0.0100008 secs] [Times: user=0.06 sys=0.00, real=0.01 secs] 
2021-01-22T01:12:49.637+0800: 11.980: [GC (Allocation Failure) [PSYoungGen: 267601K->66654K(273920K)] 641516K->498808K(973312K), 0.0147805 secs] [Times: user=0.10 sys=0.00, real=0.02 secs] 
2021-01-22T01:12:49.685+0800: 12.028: [GC (Allocation Failure) [PSYoungGen: 264850K->61589K(274944K)] 697004K->546328K(974336K), 0.0177118 secs] [Times: user=0.12 sys=0.00, real=0.02 secs] 
2021-01-22T01:12:49.730+0800: 12.073: [GC (Allocation Failure) [PSYoungGen: 261781K->65171K(274432K)] 746520K->601214K(973824K), 0.0286028 secs] [Times: user=0.10 sys=0.00, real=0.03 secs] 
2021-01-22T01:12:49.790+0800: 12.133: [GC (Allocation Failure) [PSYoungGen: 265279K->61974K(275968K)] 801321K->648064K(975360K), 0.0140796 secs] [Times: user=0.09 sys=0.00, real=0.01 secs] 
2021-01-22T01:12:49.836+0800: 12.179: [GC (Allocation Failure) [PSYoungGen: 264214K->63014K(275456K)] 850304K->700902K(974848K), 0.0139889 secs] [Times: user=0.09 sys=0.00, real=0.02 secs] 
2021-01-22T01:12:49.851+0800: 12.194: [Full GC (Ergonomics) [PSYoungGen: 63014K->0K(275456K)] [ParOldGen: 637887K->365650K(699392K)] 700902K->365650K(974848K), [Metaspace: 2817K->2817K(1056768K)], 0.0432408 secs] [Times: user=0.29 sys=0.00, real=0.04 secs] 
2021-01-22T01:12:49.921+0800: 12.264: [GC (Allocation Failure) [PSYoungGen: 202240K->64475K(277504K)] 567890K->430125K(976896K), 0.0177588 secs] [Times: user=0.12 sys=0.00, real=0.02 secs] 
2021-01-22T01:12:49.966+0800: 12.309: [GC (Allocation Failure) [PSYoungGen: 269275K->64960K(276480K)] 634925K->484147K(975872K), 0.0169678 secs] [Times: user=0.06 sys=0.00, real=0.02 secs] 
2021-01-22T01:12:50.015+0800: 12.358: [GC (Allocation Failure) [PSYoungGen: 269760K->68068K(275968K)] 688947K->541579K(975360K), 0.0145033 secs] [Times: user=0.10 sys=0.00, real=0.02 secs] 
2021-01-22T01:12:50.065+0800: 12.408: [GC (Allocation Failure) [PSYoungGen: 272864K->69351K(274432K)] 746376K->594025K(973824K), 0.0180618 secs] [Times: user=0.13 sys=0.00, real=0.02 secs] 
2021-01-22T01:12:50.113+0800: 12.455: [GC (Allocation Failure) [PSYoungGen: 273946K->67319K(275968K)] 798620K->650512K(975360K), 0.0205128 secs] [Times: user=0.08 sys=0.00, real=0.02 secs] 
2021-01-22T01:12:50.160+0800: 12.502: [GC (Allocation Failure) [PSYoungGen: 270071K->66086K(275968K)] 853264K->705340K(975360K), 0.0142989 secs] [Times: user=0.10 sys=0.00, real=0.01 secs] 
2021-01-22T01:12:50.174+0800: 12.517: [Full GC (Ergonomics) [PSYoungGen: 66086K->0K(275968K)] [ParOldGen: 639254K->379299K(699392K)] 705340K->379299K(975360K), [Metaspace: 2817K->2817K(1056768K)], 0.0546806 secs] [Times: user=0.26 sys=0.00, real=0.06 secs] 
2021-01-22T01:12:50.255+0800: 12.598: [GC (Allocation Failure) [PSYoungGen: 202752K->71468K(273408K)] 582051K->450768K(972800K), 0.0087604 secs] [Times: user=0.06 sys=0.00, real=0.01 secs] 
2021-01-22T01:12:50.298+0800: 12.641: [GC (Allocation Failure) [PSYoungGen: 272172K->70918K(271872K)] 651472K->510828K(971264K), 0.0133164 secs] [Times: user=0.09 sys=0.01, real=0.02 secs] 
2021-01-22T01:12:50.343+0800: 12.686: [GC (Allocation Failure) [PSYoungGen: 271622K->66366K(274944K)] 711532K->564806K(974336K), 0.0180208 secs] [Times: user=0.13 sys=0.00, real=0.02 secs] 
2021-01-22T01:12:50.396+0800: 12.739: [GC (Allocation Failure) [PSYoungGen: 265986K->60082K(273920K)] 764426K->611470K(973312K), 0.0152065 secs] [Times: user=0.09 sys=0.01, real=0.02 secs] 
2021-01-22T01:12:50.438+0800: 12.781: [GC (Allocation Failure) [PSYoungGen: 259371K->70601K(272384K)] 810760K->672529K(971776K), 0.0336975 secs] [Times: user=0.14 sys=0.02, real=0.04 secs] 
2021-01-22T01:12:50.499+0800: 12.841: [GC (Allocation Failure) [PSYoungGen: 268233K->55310K(253440K)] 870161K->714512K(952832K), 0.0139879 secs] [Times: user=0.09 sys=0.00, real=0.01 secs] 
2021-01-22T01:12:50.513+0800: 12.856: [Full GC (Ergonomics) [PSYoungGen: 55310K->0K(253440K)] [ParOldGen: 659202K->360773K(699392K)] 714512K->360773K(952832K), [Metaspace: 2817K->2817K(1056768K)], 0.0520732 secs] [Times: user=0.24 sys=0.00, real=0.05 secs] 
2021-01-22T01:12:50.591+0800: 12.933: [GC (Allocation Failure) [PSYoungGen: 197034K->63430K(273408K)] 557808K->424204K(972800K), 0.0070932 secs] [Times: user=0.05 sys=0.00, real=0.00 secs] 
2021-01-22T01:12:50.625+0800: 12.967: [GC (Allocation Failure) [PSYoungGen: 259741K->67367K(272384K)] 620515K->483042K(971776K), 0.0172965 secs] [Times: user=0.07 sys=0.00, real=0.02 secs] 
2021-01-22T01:12:50.667+0800: 13.010: [GC (Allocation Failure) [PSYoungGen: 263975K->64836K(274432K)] 679650K->532475K(973824K), 0.0138066 secs] [Times: user=0.10 sys=0.00, real=0.02 secs] 
2021-01-22T01:12:50.714+0800: 13.057: [GC (Allocation Failure) [PSYoungGen: 263492K->71021K(273408K)] 731131K->588633K(972800K), 0.0229729 secs] [Times: user=0.12 sys=0.00, real=0.02 secs] 
2021-01-22T01:12:50.763+0800: 13.106: [GC (Allocation Failure) [PSYoungGen: 269677K->65796K(274432K)] 787289K->641101K(973824K), 0.0166449 secs] [Times: user=0.10 sys=0.01, real=0.02 secs] 
2021-01-22T01:12:50.817+0800: 13.159: [GC (Allocation Failure) [PSYoungGen: 264452K->60647K(273408K)] 839757K->689656K(972800K), 0.0137047 secs] [Times: user=0.09 sys=0.00, real=0.02 secs] 
2021-01-22T01:12:50.831+0800: 13.174: [Full GC (Ergonomics) [PSYoungGen: 60647K->0K(273408K)] [ParOldGen: 629009K->366906K(699392K)] 689656K->366906K(972800K), [Metaspace: 2817K->2817K(1056768K)], 0.0525253 secs] [Times: user=0.35 sys=0.00, real=0.05 secs] 
2021-01-22T01:12:50.916+0800: 13.259: [GC (Allocation Failure) [PSYoungGen: 198558K->62884K(274944K)] 565464K->429790K(974336K), 0.0076641 secs] [Times: user=0.05 sys=0.00, real=0.01 secs] 
2021-01-22T01:12:50.949+0800: 13.292: [GC (Allocation Failure) [PSYoungGen: 262913K->61401K(274432K)] 629819K->482047K(973824K), 0.0188615 secs] [Times: user=0.08 sys=0.00, real=0.02 secs] 
2021-01-22T01:12:50.997+0800: 13.340: [GC (Allocation Failure) [PSYoungGen: 261593K->64319K(275968K)] 682239K->537809K(975360K), 0.0136933 secs] [Times: user=0.09 sys=0.00, real=0.02 secs] 
2021-01-22T01:12:51.044+0800: 13.387: [GC (Allocation Failure) [PSYoungGen: 266047K->60301K(274944K)] 739537K->587383K(974336K), 0.0143054 secs] [Times: user=0.09 sys=0.00, real=0.02 secs] 
2021-01-22T01:12:51.085+0800: 13.428: [GC (Allocation Failure) [PSYoungGen: 262029K->62296K(276480K)] 789111K->638433K(975872K), 0.0130625 secs] [Times: user=0.09 sys=0.00, real=0.02 secs] 
2021-01-22T01:12:51.138+0800: 13.481: [GC (Allocation Failure) [PSYoungGen: 265560K->62505K(275968K)] 841697K->688462K(975360K), 0.0168735 secs] [Times: user=0.11 sys=0.00, real=0.02 secs] 
2021-01-22T01:12:51.198+0800: 13.541: [GC (Allocation Failure) [PSYoungGen: 265769K->68917K(274944K)] 891726K->745295K(974336K), 0.0276729 secs] [Times: user=0.09 sys=0.00, real=0.03 secs] 
2021-01-22T01:12:51.226+0800: 13.569: [Full GC (Ergonomics) [PSYoungGen: 68917K->0K(274944K)] [ParOldGen: 676377K->370541K(699392K)] 745295K->370541K(974336K), [Metaspace: 2817K->2817K(1056768K)], 0.0731845 secs] [Times: user=0.38 sys=0.01, real=0.08 secs] 
2021-01-22T01:12:51.333+0800: 13.675: [GC (Allocation Failure) [PSYoungGen: 202752K->60437K(275968K)] 573293K->430978K(975360K), 0.0076859 secs] [Times: user=0.03 sys=0.00, real=0.01 secs] 
2021-01-22T01:12:51.365+0800: 13.707: [GC (Allocation Failure) [PSYoungGen: 262981K->67036K(275456K)] 633522K->486990K(974848K), 0.0142480 secs] [Times: user=0.09 sys=0.00, real=0.02 secs] 
2021-01-22T01:12:51.411+0800: 13.754: [GC (Allocation Failure) [PSYoungGen: 269788K->66943K(275968K)] 689742K->541072K(975360K), 0.0144856 secs] [Times: user=0.09 sys=0.00, real=0.01 secs] 
2021-01-22T01:12:51.451+0800: 13.794: [GC (Allocation Failure) [PSYoungGen: 269695K->64903K(276480K)] 743824K->595946K(975872K), 0.0158978 secs] [Times: user=0.10 sys=0.00, real=0.02 secs] 
2021-01-22T01:12:51.526+0800: 13.868: [GC (Allocation Failure) [PSYoungGen: 267858K->71060K(274432K)] 798901K->655113K(973824K), 0.0228862 secs] [Times: user=0.14 sys=0.02, real=0.03 secs] 
2021-01-22T01:12:51.586+0800: 13.929: [GC (Allocation Failure) [PSYoungGen: 274324K->67055K(274944K)] 858377K->706921K(974336K), 0.0196752 secs] [Times: user=0.13 sys=0.00, real=0.02 secs] 
2021-01-22T01:12:51.607+0800: 13.949: [Full GC (Ergonomics) [PSYoungGen: 67055K->0K(274944K)] [ParOldGen: 639866K->375126K(699392K)] 706921K->375126K(974336K), [Metaspace: 2817K->2817K(1056768K)], 0.0552310 secs] [Times: user=0.34 sys=0.00, real=0.06 secs] 
2021-01-22T01:12:51.694+0800: 14.036: [GC (Allocation Failure) [PSYoungGen: 200704K->65829K(274944K)] 575830K->440956K(974336K), 0.0100443 secs] [Times: user=0.04 sys=0.00, real=0.01 secs] 
2021-01-22T01:12:51.731+0800: 14.074: [GC (Allocation Failure) [PSYoungGen: 266533K->68711K(274944K)] 641660K->500127K(974336K), 0.0151726 secs] [Times: user=0.11 sys=0.00, real=0.01 secs] 
2021-01-22T01:12:51.774+0800: 14.117: [GC (Allocation Failure) [PSYoungGen: 270439K->57712K(259584K)] 701855K->546705K(958976K), 0.0259183 secs] [Times: user=0.17 sys=0.00, real=0.03 secs] 
2021-01-22T01:12:51.830+0800: 14.173: [GC (Allocation Failure) [PSYoungGen: 259440K->67994K(273920K)] 748433K->604684K(973312K), 0.0144641 secs] [Times: user=0.09 sys=0.00, real=0.01 secs] 
2021-01-22T01:12:51.871+0800: 14.214: [GC (Allocation Failure) [PSYoungGen: 267674K->64807K(274432K)] 804364K->660737K(973824K), 0.0157160 secs] [Times: user=0.10 sys=0.00, real=0.01 secs] 
2021-01-22T01:12:51.919+0800: 14.262: [GC (Allocation Failure) [PSYoungGen: 264487K->62911K(275968K)] 860417K->713026K(975360K), 0.0147293 secs] [Times: user=0.09 sys=0.00, real=0.01 secs] 
2021-01-22T01:12:51.935+0800: 14.277: [Full GC (Ergonomics) [PSYoungGen: 62911K->0K(275968K)] [ParOldGen: 650114K->370961K(699392K)] 713026K->370961K(975360K), [Metaspace: 2817K->2817K(1056768K)], 0.0460013 secs] [Times: user=0.31 sys=0.00, real=0.05 secs] 
2021-01-22T01:12:52.014+0800: 14.357: [GC (Allocation Failure) [PSYoungGen: 202240K->58941K(275456K)] 573201K->429903K(974848K), 0.0077732 secs] [Times: user=0.05 sys=0.00, real=0.01 secs] 
2021-01-22T01:12:52.048+0800: 14.391: [GC (Allocation Failure) [PSYoungGen: 261181K->64905K(276480K)] 632143K->484255K(975872K), 0.0199474 secs] [Times: user=0.09 sys=0.00, real=0.03 secs] 
2021-01-22T01:12:52.098+0800: 14.440: [GC (Allocation Failure) [PSYoungGen: 267657K->65015K(275456K)] 687007K->537480K(974848K), 0.0142098 secs] [Times: user=0.09 sys=0.01, real=0.02 secs] 
2021-01-22T01:12:52.146+0800: 14.489: [GC (Allocation Failure) [PSYoungGen: 267767K->61571K(276992K)] 740232K->587449K(976384K), 0.0134749 secs] [Times: user=0.09 sys=0.00, real=0.02 secs] 
2021-01-22T01:12:52.187+0800: 14.530: [GC (Allocation Failure) [PSYoungGen: 266371K->72174K(276992K)] 792249K->650524K(976384K), 0.0146989 secs] [Times: user=0.10 sys=0.00, real=0.02 secs] 
2021-01-22T01:12:52.234+0800: 14.577: [GC (Allocation Failure) [PSYoungGen: 276715K->64970K(274944K)] 855065K->699608K(974336K), 0.0142669 secs] [Times: user=0.09 sys=0.00, real=0.02 secs] 
2021-01-22T01:12:52.249+0800: 14.591: [Full GC (Ergonomics) [PSYoungGen: 64970K->0K(274944K)] [ParOldGen: 634638K->375954K(699392K)] 699608K->375954K(974336K), [Metaspace: 2817K->2817K(1056768K)], 0.0451757 secs] [Times: user=0.29 sys=0.00, real=0.04 secs] 
2021-01-22T01:12:52.326+0800: 14.669: [GC (Allocation Failure) [PSYoungGen: 202174K->64610K(275968K)] 578129K->440564K(975360K), 0.0081732 secs] [Times: user=0.06 sys=0.00, real=0.01 secs] 
2021-01-22T01:12:52.359+0800: 14.702: [GC (Allocation Failure) [PSYoungGen: 267362K->63807K(276992K)] 643316K->494970K(976384K), 0.0263681 secs] [Times: user=0.11 sys=0.00, real=0.02 secs] 
2021-01-22T01:12:52.409+0800: 14.752: [GC (Allocation Failure) [PSYoungGen: 268095K->67679K(276480K)] 699258K->550764K(975872K), 0.0142413 secs] [Times: user=0.10 sys=0.01, real=0.01 secs] 
2021-01-22T01:12:52.460+0800: 14.803: [GC (Allocation Failure) [PSYoungGen: 271967K->63851K(277504K)] 755052K->606316K(976896K), 0.0132566 secs] [Times: user=0.10 sys=0.00, real=0.01 secs] 
2021-01-22T01:12:52.500+0800: 14.843: [GC (Allocation Failure) [PSYoungGen: 269163K->68691K(274432K)] 811628K->666097K(973824K), 0.0147722 secs] [Times: user=0.09 sys=0.00, real=0.01 secs] 
2021-01-22T01:12:52.551+0800: 14.894: [GC (Allocation Failure) [PSYoungGen: 274003K->61103K(276480K)] 871409K->711601K(975872K), 0.0144781 secs] [Times: user=0.10 sys=0.00, real=0.01 secs] 
2021-01-22T01:12:52.566+0800: 14.909: [Full GC (Ergonomics) [PSYoungGen: 61103K->0K(276480K)] [ParOldGen: 650498K->378616K(699392K)] 711601K->378616K(975872K), [Metaspace: 2817K->2817K(1056768K)], 0.0475278 secs] [Times: user=0.31 sys=0.00, real=0.05 secs] 
2021-01-22T01:12:52.647+0800: 14.990: [GC (Allocation Failure) [PSYoungGen: 203587K->72615K(276480K)] 582203K->452659K(975872K), 0.0113421 secs] [Times: user=0.07 sys=0.00, real=0.02 secs] 
2021-01-22T01:12:52.693+0800: 15.036: [GC (Allocation Failure) [PSYoungGen: 276391K->67632K(272384K)] 656435K->506407K(971776K), 0.0187652 secs] [Times: user=0.12 sys=0.00, real=0.02 secs] 
2021-01-22T01:12:52.750+0800: 15.093: [GC (Allocation Failure) [PSYoungGen: 267295K->62126K(274432K)] 706070K->554924K(973824K), 0.0140031 secs] [Times: user=0.09 sys=0.00, real=0.01 secs] 
2021-01-22T01:12:52.799+0800: 15.141: [GC (Allocation Failure) [PSYoungGen: 261806K->60908K(274944K)] 754604K->603884K(974336K), 0.0140016 secs] [Times: user=0.03 sys=0.00, real=0.01 secs] 
2021-01-22T01:12:52.839+0800: 15.182: [GC (Allocation Failure) [PSYoungGen: 261612K->65702K(274944K)] 804588K->657820K(974336K), 0.0150094 secs] [Times: user=0.07 sys=0.00, real=0.01 secs] 
2021-01-22T01:12:52.889+0800: 15.232: [GC (Allocation Failure) [PSYoungGen: 266406K->64021K(275968K)] 858524K->712549K(975360K), 0.0159879 secs] [Times: user=0.08 sys=0.00, real=0.01 secs] 
2021-01-22T01:12:52.905+0800: 15.248: [Full GC (Ergonomics) [PSYoungGen: 64021K->0K(275968K)] [ParOldGen: 648528K->376304K(699392K)] 712549K->376304K(975360K), [Metaspace: 2817K->2817K(1056768K)], 0.0468829 secs] [Times: user=0.32 sys=0.00, real=0.05 secs] 
2021-01-22T01:12:52.987+0800: 15.330: [GC (Allocation Failure) [PSYoungGen: 202240K->63390K(275456K)] 578544K->439694K(974848K), 0.0080729 secs] [Times: user=0.05 sys=0.00, real=0.01 secs] 
2021-01-22T01:12:53.026+0800: 15.368: [GC (Allocation Failure) [PSYoungGen: 265630K->66668K(276992K)] 641934K->496375K(976384K), 0.0122390 secs] [Times: user=0.09 sys=0.00, real=0.01 secs] 
2021-01-22T01:12:53.065+0800: 15.408: [GC (Allocation Failure) [PSYoungGen: 270956K->70535K(274944K)] 700663K->554625K(974336K), 0.0243876 secs] [Times: user=0.16 sys=0.00, real=0.03 secs] 
2021-01-22T01:12:53.120+0800: 15.463: [GC (Allocation Failure) [PSYoungGen: 274823K->70495K(273408K)] 758913K->615388K(972800K), 0.0167570 secs] [Times: user=0.12 sys=0.00, real=0.01 secs] 
2021-01-22T01:12:53.165+0800: 15.508: [GC (Allocation Failure) [PSYoungGen: 270175K->62196K(274432K)] 815068K->663089K(973824K), 0.0235771 secs] [Times: user=0.10 sys=0.01, real=0.03 secs] 
2021-01-22T01:12:53.214+0800: 15.557: [GC (Allocation Failure) [PSYoungGen: 261876K->73920K(270336K)] 862769K->725332K(969728K), 0.0148388 secs] [Times: user=0.10 sys=0.00, real=0.02 secs] 
2021-01-22T01:12:53.229+0800: 15.572: [Full GC (Ergonomics) [PSYoungGen: 73920K->0K(270336K)] [ParOldGen: 651411K->371097K(699392K)] 725332K->371097K(969728K), [Metaspace: 2817K->2817K(1056768K)], 0.0582494 secs] [Times: user=0.30 sys=0.00, real=0.05 secs] 
2021-01-22T01:12:53.315+0800: 15.657: [GC (Allocation Failure) [PSYoungGen: 195584K->62347K(272384K)] 566681K->433445K(971776K), 0.0096109 secs] [Times: user=0.06 sys=0.00, real=0.01 secs] 
2021-01-22T01:12:53.357+0800: 15.700: [GC (Allocation Failure) [PSYoungGen: 257931K->59816K(272896K)] 629029K->481670K(972288K), 0.0133624 secs] [Times: user=0.09 sys=0.00, real=0.02 secs] 
2021-01-22T01:12:53.398+0800: 15.741: [GC (Allocation Failure) [PSYoungGen: 256424K->71705K(268800K)] 678278K->544440K(968192K), 0.0297874 secs] [Times: user=0.13 sys=0.01, real=0.03 secs] 
2021-01-22T01:12:53.458+0800: 15.801: [GC (Allocation Failure) [PSYoungGen: 268313K->66470K(272384K)] 741048K->598118K(971776K), 0.0149601 secs] [Times: user=0.10 sys=0.00, real=0.01 secs] 
2021-01-22T01:12:53.504+0800: 15.847: [GC (Allocation Failure) [PSYoungGen: 261030K->59775K(271360K)] 792678K->647299K(970752K), 0.0122799 secs] [Times: user=0.08 sys=0.00, real=0.01 secs] 
2021-01-22T01:12:53.551+0800: 15.894: [GC (Allocation Failure) [PSYoungGen: 254335K->68735K(272384K)] 841859K->706858K(971776K), 0.0146163 secs] [Times: user=0.09 sys=0.00, real=0.01 secs] 
2021-01-22T01:12:53.566+0800: 15.909: [Full GC (Ergonomics) [PSYoungGen: 68735K->0K(272384K)] [ParOldGen: 638123K->366352K(699392K)] 706858K->366352K(971776K), [Metaspace: 2817K->2817K(1056768K)], 0.0571956 secs] [Times: user=0.28 sys=0.00, real=0.06 secs] 
2021-01-22T01:12:53.651+0800: 15.994: [GC (Allocation Failure) [PSYoungGen: 195584K->68827K(272384K)] 561936K->435180K(971776K), 0.0177483 secs] [Times: user=0.05 sys=0.00, real=0.02 secs] 
2021-01-22T01:12:53.700+0800: 16.042: [GC (Allocation Failure) [PSYoungGen: 264411K->67341K(272896K)] 630764K->493261K(972288K), 0.0153852 secs] [Times: user=0.09 sys=0.00, real=0.01 secs] 
2021-01-22T01:12:53.744+0800: 16.087: [GC (Allocation Failure) [PSYoungGen: 263437K->68760K(272384K)] 689357K->550924K(971776K), 0.0241697 secs] [Times: user=0.11 sys=0.01, real=0.03 secs] 
2021-01-22T01:12:53.798+0800: 16.141: [GC (Allocation Failure) [PSYoungGen: 264856K->68648K(272896K)] 747020K->610111K(972288K), 0.0186284 secs] [Times: user=0.12 sys=0.00, real=0.02 secs] 
2021-01-22T01:12:53.854+0800: 16.196: [GC (Allocation Failure) [PSYoungGen: 265256K->62729K(272896K)] 806719K->660237K(972288K), 0.0140187 secs] [Times: user=0.10 sys=0.00, real=0.01 secs] 
2021-01-22T01:12:53.897+0800: 16.240: [GC (Allocation Failure) [PSYoungGen: 259337K->62198K(273408K)] 856845K->707269K(972800K), 0.0134124 secs] [Times: user=0.10 sys=0.00, real=0.02 secs] 
2021-01-22T01:12:53.911+0800: 16.254: [Full GC (Ergonomics) [PSYoungGen: 62198K->0K(273408K)] [ParOldGen: 645071K->375254K(699392K)] 707269K->375254K(972800K), [Metaspace: 2817K->2817K(1056768K)], 0.0535573 secs] [Times: user=0.30 sys=0.00, real=0.05 secs] 
2021-01-22T01:12:53.995+0800: 16.338: [GC (Allocation Failure) [PSYoungGen: 197632K->64030K(273408K)] 572886K->439285K(972800K), 0.0080746 secs] [Times: user=0.05 sys=0.00, real=0.01 secs] 
2021-01-22T01:12:54.030+0800: 16.372: [GC (Allocation Failure) [PSYoungGen: 261502K->65400K(274944K)] 636756K->492318K(974336K), 0.0207203 secs] [Times: user=0.07 sys=0.00, real=0.02 secs] 
2021-01-22T01:12:54.084+0800: 16.427: [GC (Allocation Failure) [PSYoungGen: 265080K->65311K(273920K)] 691998K->546105K(973312K), 0.0138477 secs] [Times: user=0.09 sys=0.01, real=0.02 secs] 
2021-01-22T01:12:54.133+0800: 16.475: [GC (Allocation Failure) [PSYoungGen: 264991K->60500K(274944K)] 745785K->593813K(974336K), 0.0138351 secs] [Times: user=0.09 sys=0.00, real=0.01 secs] 
2021-01-22T01:12:54.171+0800: 16.514: [GC (Allocation Failure) [PSYoungGen: 262228K->61977K(275456K)] 795541K->646253K(974848K), 0.0321072 secs] [Times: user=0.14 sys=0.00, real=0.03 secs] 
2021-01-22T01:12:54.233+0800: 16.576: [GC (Allocation Failure) [PSYoungGen: 263705K->64404K(276480K)] 847981K->693905K(975872K), 0.0142722 secs] [Times: user=0.09 sys=0.00, real=0.01 secs] 
2021-01-22T01:12:54.276+0800: 16.619: [GC (Allocation Failure) [PSYoungGen: 267668K->62565K(275968K)] 897169K->745406K(975360K), 0.0202239 secs] [Times: user=0.10 sys=0.00, real=0.02 secs] 
2021-01-22T01:12:54.297+0800: 16.640: [Full GC (Ergonomics) [PSYoungGen: 62565K->0K(275968K)] [ParOldGen: 682840K->362344K(699392K)] 745406K->362344K(975360K), [Metaspace: 2817K->2817K(1056768K)], 0.0380060 secs] [Times: user=0.23 sys=0.02, real=0.06 secs] 
2021-01-22T01:12:54.378+0800: 16.721: [GC (Allocation Failure) [PSYoungGen: 203264K->65141K(277504K)] 565608K->427486K(976896K), 0.0135224 secs] [Times: user=0.04 sys=0.00, real=0.01 secs] 
2021-01-22T01:12:54.424+0800: 16.767: [GC (Allocation Failure) [PSYoungGen: 270453K->63278K(276992K)] 632798K->482914K(976384K), 0.0179226 secs] [Times: user=0.12 sys=0.00, real=0.02 secs] 
2021-01-22T01:12:54.477+0800: 16.820: [GC (Allocation Failure) [PSYoungGen: 268590K->63037K(278528K)] 688226K->536681K(977920K), 0.0144389 secs] [Times: user=0.10 sys=0.00, real=0.02 secs] 
2021-01-22T01:12:54.520+0800: 16.863: [GC (Allocation Failure) [PSYoungGen: 270397K->64311K(278016K)] 744041K->588147K(977408K), 0.0250711 secs] [Times: user=0.17 sys=0.00, real=0.02 secs] 
2021-01-22T01:12:54.594+0800: 16.937: [GC (Allocation Failure) [PSYoungGen: 271671K->70060K(275968K)] 795507K->648632K(975360K), 0.0206920 secs] [Times: user=0.14 sys=0.00, real=0.02 secs] 
2021-01-22T01:12:54.662+0800: 17.005: [GC (Allocation Failure) [PSYoungGen: 275689K->71583K(277504K)] 854261K->710807K(976896K), 0.0268004 secs] [Times: user=0.18 sys=0.00, real=0.03 secs] 
2021-01-22T01:12:54.690+0800: 17.032: [Full GC (Ergonomics) [PSYoungGen: 71583K->0K(277504K)] [ParOldGen: 639224K->369435K(699392K)] 710807K->369435K(976896K), [Metaspace: 2817K->2817K(1056768K)], 0.0705236 secs] [Times: user=0.46 sys=0.00, real=0.07 secs] 
2021-01-22T01:12:54.813+0800: 17.156: [GC (Allocation Failure) [PSYoungGen: 205547K->70288K(271360K)] 574982K->439723K(970752K), 0.0128654 secs] [Times: user=0.08 sys=0.00, real=0.01 secs] 
2021-01-22T01:12:54.858+0800: 17.201: [GC (Allocation Failure) [PSYoungGen: 269968K->64728K(274432K)] 639403K->492713K(973824K), 0.0151595 secs] [Times: user=0.11 sys=0.00, real=0.02 secs] 
2021-01-22T01:12:54.908+0800: 17.250: [GC (Allocation Failure) [PSYoungGen: 264408K->68161K(275456K)] 692393K->548231K(974848K), 0.0138333 secs] [Times: user=0.09 sys=0.00, real=0.02 secs] 
2021-01-22T01:12:54.954+0800: 17.297: [GC (Allocation Failure) [PSYoungGen: 269889K->64423K(275456K)] 749959K->604278K(974848K), 0.0248536 secs] [Times: user=0.12 sys=0.00, real=0.03 secs] 
2021-01-22T01:12:55.005+0800: 17.348: [GC (Allocation Failure) [PSYoungGen: 266151K->62344K(275968K)] 806006K->654206K(975360K), 0.0239490 secs] [Times: user=0.17 sys=0.00, real=0.03 secs] 
2021-01-22T01:12:55.065+0800: 17.408: [GC (Allocation Failure) [PSYoungGen: 264584K->64315K(275456K)] 856446K->707777K(974848K), 0.0151111 secs] [Times: user=0.10 sys=0.00, real=0.02 secs] 
2021-01-22T01:12:55.081+0800: 17.424: [Full GC (Ergonomics) [PSYoungGen: 64315K->0K(275456K)] [ParOldGen: 643462K->375722K(699392K)] 707777K->375722K(974848K), [Metaspace: 2817K->2817K(1056768K)], 0.0514886 secs] [Times: user=0.34 sys=0.00, real=0.05 secs] 
2021-01-22T01:12:55.160+0800: 17.503: [GC (Allocation Failure) [PSYoungGen: 202240K->70861K(273408K)] 577962K->446583K(972800K), 0.0090623 secs] [Times: user=0.06 sys=0.00, real=0.01 secs] 
2021-01-22T01:12:55.200+0800: 17.543: [GC (Allocation Failure) [PSYoungGen: 271565K->68504K(274944K)] 647287K->502040K(974336K), 0.0214300 secs] [Times: user=0.12 sys=0.00, real=0.02 secs] 
2021-01-22T01:12:55.250+0800: 17.593: [GC (Allocation Failure) [PSYoungGen: 269208K->67647K(274944K)] 702744K->563121K(974336K), 0.0268820 secs] [Times: user=0.09 sys=0.00, real=0.02 secs] 
2021-01-22T01:12:55.309+0800: 17.651: [GC (Allocation Failure) [PSYoungGen: 268351K->71651K(272384K)] 763825K->623282K(971776K), 0.0150038 secs] [Times: user=0.11 sys=0.00, real=0.01 secs] 
2021-01-22T01:12:55.355+0800: 17.698: [GC (Allocation Failure) [PSYoungGen: 272355K->57015K(271872K)] 823986K->668831K(971264K), 0.0218713 secs] [Times: user=0.14 sys=0.00, real=0.02 secs] 
2021-01-22T01:12:55.408+0800: 17.751: [GC (Allocation Failure) [PSYoungGen: 253623K->61059K(272896K)] 865439K->722175K(972288K), 0.0120435 secs] [Times: user=0.08 sys=0.00, real=0.01 secs] 
2021-01-22T01:12:55.421+0800: 17.764: [Full GC (Ergonomics) [PSYoungGen: 61059K->0K(272896K)] [ParOldGen: 661116K->377649K(699392K)] 722175K->377649K(972288K), [Metaspace: 2817K->2817K(1056768K)], 0.0500522 secs] [Times: user=0.32 sys=0.00, real=0.05 secs] 
2021-01-22T01:12:55.500+0800: 17.843: [GC (Allocation Failure) [PSYoungGen: 196371K->61307K(273408K)] 574020K->438956K(972800K), 0.0126395 secs] [Times: user=0.04 sys=0.00, real=0.01 secs] 
2021-01-22T01:12:55.543+0800: 17.886: [GC (Allocation Failure) [PSYoungGen: 258939K->66141K(273408K)] 636588K->495365K(972800K), 0.0143813 secs] [Times: user=0.10 sys=0.00, real=0.01 secs] 
2021-01-22T01:12:55.592+0800: 17.935: [GC (Allocation Failure) [PSYoungGen: 263773K->63172K(274944K)] 692997K->547132K(974336K), 0.0152248 secs] [Times: user=0.10 sys=0.00, real=0.01 secs] 
2021-01-22T01:12:55.634+0800: 17.977: [GC (Allocation Failure) [PSYoungGen: 263364K->63883K(274432K)] 747324K->602652K(973824K), 0.0166939 secs] [Times: user=0.11 sys=0.00, real=0.02 secs] 
2021-01-22T01:12:55.693+0800: 18.036: [GC (Allocation Failure) [PSYoungGen: 264075K->55222K(274432K)] 802844K->645657K(973824K), 0.0143992 secs] [Times: user=0.11 sys=0.00, real=0.01 secs] 
2021-01-22T01:12:55.739+0800: 18.082: [GC (Allocation Failure) [PSYoungGen: 255926K->63114K(274944K)] 846361K->700476K(974336K), 0.0199522 secs] [Times: user=0.07 sys=0.00, real=0.02 secs] 
2021-01-22T01:12:55.760+0800: 18.103: [Full GC (Ergonomics) [PSYoungGen: 63114K->0K(274944K)] [ParOldGen: 637362K->366849K(699392K)] 700476K->366849K(974336K), [Metaspace: 2817K->2817K(1056768K)], 0.0450049 secs] [Times: user=0.29 sys=0.00, real=0.04 secs] 
2021-01-22T01:12:55.831+0800: 18.174: [GC (Allocation Failure) [PSYoungGen: 200704K->65315K(275968K)] 567553K->432164K(975360K), 0.0082559 secs] [Times: user=0.06 sys=0.00, real=0.01 secs] 
2021-01-22T01:12:55.874+0800: 18.217: [GC (Allocation Failure) [PSYoungGen: 267555K->66850K(275456K)] 634404K->486628K(974848K), 0.0150624 secs] [Times: user=0.09 sys=0.01, real=0.02 secs] 
2021-01-22T01:12:55.915+0800: 18.258: [GC (Allocation Failure) [PSYoungGen: 269090K->65728K(275968K)] 688868K->543786K(975360K), 0.0363278 secs] [Times: user=0.07 sys=0.00, real=0.04 secs] 
2021-01-22T01:12:55.984+0800: 18.327: [GC (Allocation Failure) [PSYoungGen: 268480K->70414K(273408K)] 746538K->599675K(972800K), 0.0150510 secs] [Times: user=0.11 sys=0.00, real=0.02 secs] 
2021-01-22T01:12:56.032+0800: 18.375: [GC (Allocation Failure) [PSYoungGen: 273166K->64455K(275456K)] 802427K->653271K(974848K), 0.0158873 secs] [Times: user=0.10 sys=0.00, real=0.01 secs] 
2021-01-22T01:12:56.073+0800: 18.416: [GC (Allocation Failure) [PSYoungGen: 265671K->72557K(273920K)] 854487K->715218K(973312K), 0.0314532 secs] [Times: user=0.14 sys=0.00, real=0.03 secs] 
2021-01-22T01:12:56.106+0800: 18.449: [Full GC (Ergonomics) [PSYoungGen: 72557K->0K(273920K)] [ParOldGen: 642660K->389797K(699392K)] 715218K->389797K(973312K), [Metaspace: 2817K->2817K(1056768K)], 0.0644664 secs] [Times: user=0.41 sys=0.02, real=0.07 secs] 
2021-01-22T01:12:56.198+0800: 18.541: [GC (Allocation Failure) [PSYoungGen: 201216K->62018K(273920K)] 591013K->451815K(973312K), 0.0081469 secs] [Times: user=0.05 sys=0.00, real=0.02 secs] 
2021-01-22T01:12:56.240+0800: 18.583: [GC (Allocation Failure) [PSYoungGen: 260674K->63328K(273920K)] 650471K->504559K(973312K), 0.0136311 secs] [Times: user=0.09 sys=0.00, real=0.01 secs] 
2021-01-22T01:12:56.280+0800: 18.623: [GC (Allocation Failure) [PSYoungGen: 261984K->58165K(274432K)] 703215K->554545K(973824K), 0.0304894 secs] [Times: user=0.06 sys=0.02, real=0.03 secs] 
2021-01-22T01:12:56.340+0800: 18.683: [GC (Allocation Failure) [PSYoungGen: 257845K->57000K(257024K)] 754225K->600407K(956416K), 0.0129583 secs] [Times: user=0.09 sys=0.00, real=0.01 secs] 
2021-01-22T01:12:56.379+0800: 18.722: [GC (Allocation Failure) [PSYoungGen: 256680K->67926K(272896K)] 800087K->656032K(972288K), 0.0135834 secs] [Times: user=0.09 sys=0.00, real=0.01 secs] 
2021-01-22T01:12:56.427+0800: 18.770: [GC (Allocation Failure) [PSYoungGen: 265558K->65049K(273408K)] 853664K->708594K(972800K), 0.0146015 secs] [Times: user=0.10 sys=0.00, real=0.02 secs] 
2021-01-22T01:12:56.443+0800: 18.786: [Full GC (Ergonomics) [PSYoungGen: 65049K->0K(273408K)] [ParOldGen: 643545K->371160K(699392K)] 708594K->371160K(972800K), [Metaspace: 2817K->2817K(1056768K)], 0.0448200 secs] [Times: user=0.29 sys=0.00, real=0.04 secs] 
2021-01-22T01:12:56.519+0800: 18.862: [GC (Allocation Failure) [PSYoungGen: 197632K->64801K(275456K)] 568792K->435962K(974848K), 0.0197707 secs] [Times: user=0.12 sys=0.00, real=0.02 secs] 
2021-01-22T01:12:56.564+0800: 18.907: [GC (Allocation Failure) [PSYoungGen: 265300K->66056K(274432K)] 636460K->492296K(973824K), 0.0445065 secs] [Times: user=0.23 sys=0.00, real=0.05 secs] 
2021-01-22T01:12:56.632+0800: 18.975: [GC (Allocation Failure) [PSYoungGen: 266760K->65148K(275968K)] 693000K->543361K(975360K), 0.0182842 secs] [Times: user=0.12 sys=0.01, real=0.02 secs] 
2021-01-22T01:12:56.690+0800: 19.033: [GC (Allocation Failure) [PSYoungGen: 267388K->65065K(275456K)] 745601K->594722K(974848K), 0.0565951 secs] [Times: user=0.19 sys=0.02, real=0.07 secs] 
2021-01-22T01:12:56.788+0800: 19.131: [GC (Allocation Failure) [PSYoungGen: 267305K->61787K(276992K)] 796962K->647939K(976384K), 0.0342848 secs] [Times: user=0.08 sys=0.00, real=0.04 secs] 
2021-01-22T01:12:56.855+0800: 19.198: [GC (Allocation Failure) [PSYoungGen: 266470K->65428K(276992K)] 852623K->704212K(976384K), 0.0217106 secs] [Times: user=0.15 sys=0.00, real=0.02 secs] 
2021-01-22T01:12:56.878+0800: 19.221: [Full GC (Ergonomics) [PSYoungGen: 65428K->0K(276992K)] [ParOldGen: 638784K->376061K(699392K)] 704212K->376061K(976384K), [Metaspace: 2817K->2817K(1056768K)], 0.0714115 secs] [Times: user=0.39 sys=0.02, real=0.08 secs] 
2021-01-22T01:12:56.979+0800: 19.322: [GC (Allocation Failure) [PSYoungGen: 204800K->62215K(277504K)] 580861K->438276K(976896K), 0.0093779 secs] [Times: user=0.05 sys=0.01, real=0.01 secs] 
2021-01-22T01:12:57.021+0800: 19.363: [GC (Allocation Failure) [PSYoungGen: 268039K->68376K(274432K)] 644100K->496902K(973824K), 0.0141650 secs] [Times: user=0.09 sys=0.00, real=0.01 secs] 
2021-01-22T01:12:57.062+0800: 19.405: [GC (Allocation Failure) [PSYoungGen: 274200K->63356K(277504K)] 702726K->546284K(976896K), 0.0265337 secs] [Times: user=0.19 sys=0.00, real=0.03 secs] 
2021-01-22T01:12:57.116+0800: 19.459: [GC (Allocation Failure) [PSYoungGen: 268668K->68064K(276992K)] 751596K->601920K(976384K), 0.0134762 secs] [Times: user=0.09 sys=0.00, real=0.02 secs] 
2021-01-22T01:12:57.158+0800: 19.500: [GC (Allocation Failure) [PSYoungGen: 273376K->68393K(274944K)] 807232K->657346K(974336K), 0.0156636 secs] [Times: user=0.10 sys=0.01, real=0.02 secs] 
2021-01-22T01:12:57.205+0800: 19.548: [GC (Allocation Failure) [PSYoungGen: 271145K->64248K(275968K)] 860098K->711217K(975360K), 0.0228776 secs] [Times: user=0.15 sys=0.00, real=0.02 secs] 
2021-01-22T01:12:57.228+0800: 19.571: [Full GC (Ergonomics) [PSYoungGen: 64248K->0K(275968K)] [ParOldGen: 646968K->378759K(699392K)] 711217K->378759K(975360K), [Metaspace: 2817K->2817K(1056768K)], 0.0545475 secs] [Times: user=0.34 sys=0.00, real=0.05 secs] 
2021-01-22T01:12:57.325+0800: 19.668: [GC (Allocation Failure) [PSYoungGen: 202752K->68410K(275968K)] 581511K->447169K(975360K), 0.0104362 secs] [Times: user=0.07 sys=0.00, real=0.01 secs] 
2021-01-22T01:12:57.367+0800: 19.710: [GC (Allocation Failure) [PSYoungGen: 272186K->64329K(276480K)] 650945K->500039K(975872K), 0.0194664 secs] [Times: user=0.07 sys=0.00, real=0.02 secs] 
2021-01-22T01:12:57.440+0800: 19.783: [GC (Allocation Failure) [PSYoungGen: 267764K->64666K(277504K)] 703473K->549532K(976896K), 0.0135374 secs] [Times: user=0.10 sys=0.00, real=0.01 secs] 
2021-01-22T01:12:57.482+0800: 19.825: [GC (Allocation Failure) [PSYoungGen: 269778K->69233K(274944K)] 754645K->608493K(974336K), 0.0220237 secs] [Times: user=0.14 sys=0.00, real=0.02 secs] 
2021-01-22T01:12:57.545+0800: 19.888: [GC (Allocation Failure) [PSYoungGen: 274545K->67929K(276480K)] 813805K->664834K(975872K), 0.0234601 secs] [Times: user=0.16 sys=0.00, real=0.03 secs] 
2021-01-22T01:12:57.597+0800: 19.940: [GC (Allocation Failure) [PSYoungGen: 271705K->69675K(273920K)] 868610K->723209K(973312K), 0.0221095 secs] [Times: user=0.06 sys=0.00, real=0.03 secs] 
2021-01-22T01:12:57.620+0800: 19.963: [Full GC (Ergonomics) [PSYoungGen: 69675K->0K(273920K)] [ParOldGen: 653534K->379283K(699392K)] 723209K->379283K(973312K), [Metaspace: 2817K->2817K(1056768K)], 0.0533760 secs] [Times: user=0.34 sys=0.00, real=0.05 secs] 
2021-01-22T01:12:57.714+0800: 20.057: [GC (Allocation Failure) [PSYoungGen: 203776K->65932K(276480K)] 583059K->445216K(975872K), 0.0164536 secs] [Times: user=0.03 sys=0.00, real=0.02 secs] 
2021-01-22T01:12:57.755+0800: 20.098: [GC (Allocation Failure) [PSYoungGen: 268684K->58197K(275456K)] 647968K->494437K(974848K), 0.0211931 secs] [Times: user=0.14 sys=0.00, real=0.03 secs] 
2021-01-22T01:12:57.821+0800: 20.164: [GC (Allocation Failure) [PSYoungGen: 260949K->65611K(276480K)] 697189K->546801K(975872K), 0.0137934 secs] [Times: user=0.09 sys=0.00, real=0.01 secs] 
2021-01-22T01:12:57.867+0800: 20.210: [GC (Allocation Failure) [PSYoungGen: 268363K->62986K(275456K)] 749553K->598077K(974848K), 0.0143120 secs] [Times: user=0.09 sys=0.00, real=0.02 secs] 
2021-01-22T01:12:57.910+0800: 20.253: [GC (Allocation Failure) [PSYoungGen: 265738K->63578K(276992K)] 800829K->652203K(976384K), 0.0146077 secs] [Times: user=0.06 sys=0.00, real=0.02 secs] 
2021-01-22T01:12:57.955+0800: 20.297: [GC (Allocation Failure) [PSYoungGen: 267866K->64618K(276480K)] 856491K->709225K(975872K), 0.0239481 secs] [Times: user=0.16 sys=0.00, real=0.03 secs] 
2021-01-22T01:12:57.979+0800: 20.322: [Full GC (Ergonomics) [PSYoungGen: 64618K->0K(276480K)] [ParOldGen: 644606K->375567K(699392K)] 709225K->375567K(975872K), [Metaspace: 2817K->2817K(1056768K)], 0.0554826 secs] [Times: user=0.30 sys=0.00, real=0.05 secs] 
2021-01-22T01:12:58.061+0800: 20.404: [GC (Allocation Failure) [PSYoungGen: 204288K->66748K(277504K)] 579855K->442315K(976896K), 0.0159272 secs] [Times: user=0.06 sys=0.00, real=0.01 secs] 
2021-01-22T01:12:58.109+0800: 20.452: [GC (Allocation Failure) [PSYoungGen: 272572K->64321K(277504K)] 648139K->493444K(976896K), 0.0139483 secs] [Times: user=0.10 sys=0.00, real=0.01 secs] 
2021-01-22T01:12:58.157+0800: 20.499: [GC (Allocation Failure) [PSYoungGen: 270145K->61420K(278016K)] 699268K->544287K(977408K), 0.0118253 secs] [Times: user=0.07 sys=0.00, real=0.02 secs] 
2021-01-22T01:12:58.196+0800: 20.539: [GC (Allocation Failure) [PSYoungGen: 268268K->66889K(278016K)] 751135K->599720K(977408K), 0.0138311 secs] [Times: user=0.10 sys=0.00, real=0.02 secs] 
2021-01-22T01:12:58.245+0800: 20.588: [GC (Allocation Failure) [PSYoungGen: 273737K->65531K(278016K)] 806568K->654713K(977408K), 0.0155446 secs] [Times: user=0.11 sys=0.00, real=0.02 secs] 
2021-01-22T01:12:58.289+0800: 20.632: [GC (Allocation Failure) [PSYoungGen: 272379K->66690K(278016K)] 861561K->709413K(977408K), 0.0279874 secs] [Times: user=0.09 sys=0.00, real=0.02 secs] 
2021-01-22T01:12:58.317+0800: 20.660: [Full GC (Ergonomics) [PSYoungGen: 66690K->0K(278016K)] [ParOldGen: 642723K->371161K(699392K)] 709413K->371161K(977408K), [Metaspace: 2817K->2817K(1056768K)], 0.0728922 secs] [Times: user=0.34 sys=0.00, real=0.08 secs] 
2021-01-22T01:12:58.426+0800: 20.768: [GC (Allocation Failure) [PSYoungGen: 206848K->69890K(275968K)] 578009K->441051K(975360K), 0.0086366 secs] [Times: user=0.05 sys=0.00, real=0.01 secs] 
2021-01-22T01:12:58.463+0800: 20.806: [GC (Allocation Failure) [PSYoungGen: 274272K->66140K(276992K)] 645434K->495365K(976384K), 0.0145118 secs] [Times: user=0.09 sys=0.00, real=0.01 secs] 
2021-01-22T01:12:58.506+0800: 20.849: [GC (Allocation Failure) [PSYoungGen: 270940K->60242K(276480K)] 700165K->546369K(975872K), 0.0214262 secs] [Times: user=0.08 sys=0.00, real=0.03 secs] 
2021-01-22T01:12:58.553+0800: 20.896: [GC (Allocation Failure) [PSYoungGen: 265042K->69620K(274432K)] 751169K->602306K(973824K), 0.0136692 secs] [Times: user=0.09 sys=0.01, real=0.01 secs] 
2021-01-22T01:12:58.598+0800: 20.941: [GC (Allocation Failure) [PSYoungGen: 274420K->62858K(276480K)] 807106K->655441K(975872K), 0.0149760 secs] [Times: user=0.10 sys=0.00, real=0.02 secs] 
2021-01-22T01:12:58.643+0800: 20.986: [GC (Allocation Failure) [PSYoungGen: 266122K->65960K(275968K)] 858705K->708600K(975360K), 0.0234027 secs] [Times: user=0.07 sys=0.00, real=0.02 secs] 
2021-01-22T01:12:58.667+0800: 21.010: [Full GC (Ergonomics) [PSYoungGen: 65960K->0K(275968K)] [ParOldGen: 642640K->373057K(699392K)] 708600K->373057K(975360K), [Metaspace: 2817K->2817K(1056768K)], 0.0463425 secs] [Times: user=0.30 sys=0.00, real=0.05 secs] 
2021-01-22T01:12:58.746+0800: 21.089: [GC (Allocation Failure) [PSYoungGen: 203264K->64174K(277504K)] 576321K->437232K(976896K), 0.0130381 secs] [Times: user=0.05 sys=0.00, real=0.02 secs] 
2021-01-22T01:12:58.785+0800: 21.128: [GC (Allocation Failure) [PSYoungGen: 269486K->66891K(276992K)] 642544K->490900K(976384K), 0.0151513 secs] [Times: user=0.11 sys=0.00, real=0.02 secs] 
2021-01-22T01:12:58.835+0800: 21.178: [GC (Allocation Failure) [PSYoungGen: 272203K->66812K(277504K)] 696212K->546417K(976896K), 0.0191954 secs] [Times: user=0.13 sys=0.00, real=0.02 secs] 
2021-01-22T01:12:58.881+0800: 21.224: [GC (Allocation Failure) [PSYoungGen: 272636K->70323K(276480K)] 752241K->604942K(975872K), 0.0283874 secs] [Times: user=0.11 sys=0.00, real=0.03 secs] 
2021-01-22T01:12:58.942+0800: 21.285: [GC (Allocation Failure) [PSYoungGen: 276147K->67855K(276480K)] 810766K->660530K(975872K), 0.0147540 secs] [Times: user=0.10 sys=0.00, real=0.01 secs] 
2021-01-22T01:12:58.990+0800: 21.333: [GC (Allocation Failure) [PSYoungGen: 271631K->59245K(263168K)] 864306K->710103K(962560K), 0.0140723 secs] [Times: user=0.07 sys=0.00, real=0.01 secs] 
2021-01-22T01:12:59.005+0800: 21.347: [Full GC (Ergonomics) [PSYoungGen: 59245K->0K(263168K)] [ParOldGen: 650858K->374206K(699392K)] 710103K->374206K(962560K), [Metaspace: 2817K->2817K(1056768K)], 0.0586369 secs] [Times: user=0.38 sys=0.00, real=0.06 secs] 
2021-01-22T01:12:59.093+0800: 21.436: [GC (Allocation Failure) [PSYoungGen: 203776K->64915K(276480K)] 577982K->439122K(975872K), 0.0095515 secs] [Times: user=0.06 sys=0.00, real=0.01 secs] 
2021-01-22T01:12:59.138+0800: 21.481: [GC (Allocation Failure) [PSYoungGen: 268179K->66510K(275968K)] 642386K->497113K(975360K), 0.0171634 secs] [Times: user=0.05 sys=0.00, real=0.03 secs] 
2021-01-22T01:12:59.185+0800: 21.528: [GC (Allocation Failure) [PSYoungGen: 269774K->65684K(277504K)] 700377K->550059K(976896K), 0.0135352 secs] [Times: user=0.09 sys=0.00, real=0.02 secs] 
2021-01-22T01:12:59.234+0800: 21.576: [GC (Allocation Failure) [PSYoungGen: 270484K->69777K(276480K)] 754859K->610092K(975872K), 0.0252790 secs] [Times: user=0.14 sys=0.00, real=0.03 secs] 
2021-01-22T01:12:59.291+0800: 21.634: [GC (Allocation Failure) [PSYoungGen: 274577K->63097K(276480K)] 814892K->659193K(975872K), 0.0170112 secs] [Times: user=0.06 sys=0.00, real=0.02 secs] 
2021-01-22T01:12:59.339+0800: 21.681: [GC (Allocation Failure) [PSYoungGen: 266811K->70414K(274432K)] 862908K->716690K(973824K), 0.0150037 secs] [Times: user=0.10 sys=0.01, real=0.01 secs] 
2021-01-22T01:12:59.354+0800: 21.697: [Full GC (Ergonomics) [PSYoungGen: 70414K->0K(274432K)] [ParOldGen: 646276K->377817K(699392K)] 716690K->377817K(973824K), [Metaspace: 2817K->2817K(1056768K)], 0.0662852 secs] [Times: user=0.36 sys=0.00, real=0.07 secs] 
2021-01-22T01:12:59.447+0800: 21.790: [GC (Allocation Failure) [PSYoungGen: 203776K->66531K(275968K)] 581593K->444349K(975360K), 0.0079833 secs] [Times: user=0.06 sys=0.00, real=0.01 secs] 
2021-01-22T01:12:59.488+0800: 21.831: [GC (Allocation Failure) [PSYoungGen: 268771K->58412K(275456K)] 646589K->489154K(974848K), 0.0143537 secs] [Times: user=0.07 sys=0.00, real=0.02 secs] 
2021-01-22T01:12:59.530+0800: 21.872: [GC (Allocation Failure) [PSYoungGen: 260652K->66598K(275968K)] 691394K->546345K(975360K), 0.0159312 secs] [Times: user=0.10 sys=0.00, real=0.01 secs] 
2021-01-22T01:12:59.582+0800: 21.924: [GC (Allocation Failure) [PSYoungGen: 268838K->63177K(275456K)] 748585K->596360K(974848K), 0.0146349 secs] [Times: user=0.11 sys=0.01, real=0.01 secs] 
2021-01-22T01:12:59.625+0800: 21.968: [GC (Allocation Failure) [PSYoungGen: 264828K->69453K(274944K)] 798011K->652747K(974336K), 0.0138960 secs] [Times: user=0.09 sys=0.00, real=0.02 secs] 
2021-01-22T01:12:59.673+0800: 22.016: [GC (Allocation Failure) [PSYoungGen: 271174K->63634K(275456K)] 854468K->704207K(974848K), 0.0144060 secs] [Times: user=0.09 sys=0.00, real=0.01 secs] 
2021-01-22T01:12:59.688+0800: 22.031: [Full GC (Ergonomics) [PSYoungGen: 63634K->0K(275456K)] [ParOldGen: 640572K->376843K(699392K)] 704207K->376843K(974848K), [Metaspace: 2817K->2817K(1056768K)], 0.0465561 secs] [Times: user=0.30 sys=0.00, real=0.04 secs] 
2021-01-22T01:12:59.769+0800: 22.112: [GC (Allocation Failure) [PSYoungGen: 201728K->59122K(274944K)] 578571K->435966K(974336K), 0.0077683 secs] [Times: user=0.04 sys=0.00, real=0.00 secs] 
2021-01-22T01:12:59.803+0800: 22.146: [GC (Allocation Failure) [PSYoungGen: 260850K->65539K(275456K)] 637694K->488732K(974848K), 0.0157254 secs] [Times: user=0.11 sys=0.00, real=0.02 secs] 
2021-01-22T01:12:59.846+0800: 22.189: [GC (Allocation Failure) [PSYoungGen: 267267K->58847K(275968K)] 690460K->536397K(975360K), 0.0141999 secs] [Times: user=0.10 sys=0.00, real=0.02 secs] 
2021-01-22T01:12:59.887+0800: 22.230: [GC (Allocation Failure) [PSYoungGen: 261599K->67293K(270336K)] 739149K->591514K(969728K), 0.0349549 secs] [Times: user=0.10 sys=0.00, real=0.04 secs] 
2021-01-22T01:12:59.957+0800: 22.300: [GC (Allocation Failure) [PSYoungGen: 270045K->72702K(271360K)] 794266K->651404K(970752K), 0.0158486 secs] [Times: user=0.11 sys=0.00, real=0.02 secs] 
2021-01-22T01:13:00.009+0800: 22.352: [GC (Allocation Failure) [PSYoungGen: 270334K->59912K(273408K)] 849036K->702355K(972800K), 0.0213101 secs] [Times: user=0.08 sys=0.00, real=0.02 secs] 
2021-01-22T01:13:00.031+0800: 22.374: [Full GC (Ergonomics) [PSYoungGen: 59912K->0K(273408K)] [ParOldGen: 642443K->368076K(699392K)] 702355K->368076K(972800K), [Metaspace: 2817K->2817K(1056768K)], 0.0514173 secs] [Times: user=0.30 sys=0.00, real=0.05 secs] 
2021-01-22T01:13:00.110+0800: 22.453: [GC (Allocation Failure) [PSYoungGen: 197356K->66440K(273920K)] 565433K->434517K(973312K), 0.0175468 secs] [Times: user=0.03 sys=0.00, real=0.02 secs] 
2021-01-22T01:13:00.155+0800: 22.498: [GC (Allocation Failure) [PSYoungGen: 264584K->57473K(273408K)] 632661K->479048K(972800K), 0.0131498 secs] [Times: user=0.08 sys=0.00, real=0.02 secs] 
2021-01-22T01:13:00.199+0800: 22.542: [GC (Allocation Failure) [PSYoungGen: 255130K->66043K(273920K)] 676705K->535639K(973312K), 0.0124082 secs] [Times: user=0.09 sys=0.01, real=0.01 secs] 
2021-01-22T01:13:00.238+0800: 22.581: [GC (Allocation Failure) [PSYoungGen: 264699K->67479K(273920K)] 734295K->591738K(973312K), 0.0145797 secs] [Times: user=0.09 sys=0.01, real=0.01 secs] 
2021-01-22T01:13:00.284+0800: 22.627: [GC (Allocation Failure) [PSYoungGen: 266135K->66100K(274432K)] 790394K->646306K(973824K), 0.0147123 secs] [Times: user=0.09 sys=0.00, real=0.02 secs] 
2021-01-22T01:13:00.325+0800: 22.667: [GC (Allocation Failure) [PSYoungGen: 265268K->58075K(273920K)] 845474K->697562K(973312K), 0.0319081 secs] [Times: user=0.14 sys=0.00, real=0.03 secs] 
2021-01-22T01:13:00.357+0800: 22.700: [Full GC (Ergonomics) [PSYoungGen: 58075K->0K(273920K)] [ParOldGen: 639487K->365297K(699392K)] 697562K->365297K(973312K), [Metaspace: 2817K->2817K(1056768K)], 0.0451891 secs] [Times: user=0.27 sys=0.00, real=0.05 secs] 
2021-01-22T01:13:00.430+0800: 22.773: [GC (Allocation Failure) [PSYoungGen: 199168K->60933K(274944K)] 564465K->426231K(974336K), 0.0091746 secs] [Times: user=0.05 sys=0.00, real=0.01 secs] 
2021-01-22T01:13:00.474+0800: 22.817: [GC (Allocation Failure) [PSYoungGen: 261125K->62218K(274432K)] 626423K->476273K(973824K), 0.0137045 secs] [Times: user=0.08 sys=0.01, real=0.02 secs] 
2021-01-22T01:13:00.517+0800: 22.859: [GC (Allocation Failure) [PSYoungGen: 262410K->67186K(275456K)] 676465K->534270K(974848K), 0.0199833 secs] [Times: user=0.08 sys=0.00, real=0.02 secs] 
2021-01-22T01:13:00.561+0800: 22.903: [GC (Allocation Failure) [PSYoungGen: 268914K->73694K(275456K)] 735998K->598146K(974848K), 0.0158489 secs] [Times: user=0.10 sys=0.00, real=0.01 secs] 
2021-01-22T01:13:00.604+0800: 22.947: [GC (Allocation Failure) [PSYoungGen: 275422K->58636K(270336K)] 799874K->645131K(969728K), 0.0142327 secs] [Times: user=0.09 sys=0.01, real=0.02 secs] 
2021-01-22T01:13:00.650+0800: 22.993: [GC (Allocation Failure) [PSYoungGen: 255244K->64111K(272896K)] 841739K->701218K(972288K), 0.0142561 secs] [Times: user=0.09 sys=0.00, real=0.01 secs] 
2021-01-22T01:13:00.665+0800: 23.008: [Full GC (Ergonomics) [PSYoungGen: 64111K->0K(272896K)] [ParOldGen: 637106K->376834K(699392K)] 701218K->376834K(972288K), [Metaspace: 2817K->2817K(1056768K)], 0.0607259 secs] [Times: user=0.40 sys=0.00, real=0.06 secs] 
2021-01-22T01:13:00.761+0800: 23.104: [GC (Allocation Failure) [PSYoungGen: 196608K->60609K(274432K)] 573442K->437443K(973824K), 0.0085028 secs] [Times: user=0.05 sys=0.00, real=0.01 secs] 
2021-01-22T01:13:00.796+0800: 23.139: [GC (Allocation Failure) [PSYoungGen: 259777K->65877K(273920K)] 636611K->492479K(973312K), 0.0309820 secs] [Times: user=0.14 sys=0.01, real=0.04 secs] 
2021-01-22T01:13:00.859+0800: 23.201: [GC (Allocation Failure) [PSYoungGen: 264461K->66615K(274944K)] 691063K->544314K(974336K), 0.0133585 secs] [Times: user=0.09 sys=0.00, real=0.01 secs] 
2021-01-22T01:13:00.899+0800: 23.242: [GC (Allocation Failure) [PSYoungGen: 266807K->66941K(274432K)] 744506K->599691K(973824K), 0.0146279 secs] [Times: user=0.09 sys=0.00, real=0.01 secs] 
2021-01-22T01:13:00.941+0800: 23.284: [GC (Allocation Failure) [PSYoungGen: 267097K->64344K(275456K)] 799847K->651579K(974848K), 0.0143263 secs] [Times: user=0.10 sys=0.00, real=0.01 secs] 
2021-01-22T01:13:00.984+0800: 23.327: [GC (Allocation Failure) [PSYoungGen: 265560K->65362K(274944K)] 852795K->708199K(974336K), 0.0199723 secs] [Times: user=0.13 sys=0.00, real=0.02 secs] 
2021-01-22T01:13:01.004+0800: 23.347: [Full GC (Ergonomics) [PSYoungGen: 65362K->0K(274944K)] [ParOldGen: 642836K->374681K(699392K)] 708199K->374681K(974336K), [Metaspace: 2817K->2817K(1056768K)], 0.0568470 secs] [Times: user=0.32 sys=0.01, real=0.06 secs] 
2021-01-22T01:13:01.086+0800: 23.429: [GC (Allocation Failure) [PSYoungGen: 201216K->61839K(276480K)] 575897K->436521K(975872K), 0.0094385 secs] [Times: user=0.06 sys=0.00, real=0.01 secs] 
2021-01-22T01:13:01.130+0800: 23.473: [GC (Allocation Failure) [PSYoungGen: 265615K->59934K(276480K)] 640297K->485507K(975872K), 0.0131130 secs] [Times: user=0.09 sys=0.00, real=0.01 secs] 
2021-01-22T01:13:01.169+0800: 23.511: [GC (Allocation Failure) [PSYoungGen: 263710K->72681K(272384K)] 689283K->545815K(971776K), 0.0228441 secs] [Times: user=0.04 sys=0.01, real=0.02 secs] 
2021-01-22T01:13:01.216+0800: 23.559: [GC (Allocation Failure) [PSYoungGen: 272361K->65701K(274432K)] 745495K->598081K(973824K), 0.0155266 secs] [Times: user=0.10 sys=0.00, real=0.02 secs] 
2021-01-22T01:13:01.263+0800: 23.605: [GC (Allocation Failure) [PSYoungGen: 265013K->73302K(270848K)] 797393K->657114K(970240K), 0.0157078 secs] [Times: user=0.11 sys=0.00, real=0.02 secs] 
2021-01-22T01:13:01.303+0800: 23.646: [GC (Allocation Failure) [PSYoungGen: 269910K->66478K(272896K)] 853722K->709374K(972288K), 0.0256798 secs] [Times: user=0.17 sys=0.00, real=0.03 secs] 
2021-01-22T01:13:01.329+0800: 23.672: [Full GC (Ergonomics) [PSYoungGen: 66478K->0K(272896K)] [ParOldGen: 642896K->374699K(699392K)] 709374K->374699K(972288K), [Metaspace: 2817K->2817K(1056768K)], 0.0455790 secs] [Times: user=0.30 sys=0.00, real=0.04 secs] 
2021-01-22T01:13:01.413+0800: 23.756: [GC (Allocation Failure) [PSYoungGen: 196013K->57831K(272384K)] 570713K->432531K(971776K), 0.0072183 secs] [Times: user=0.05 sys=0.00, real=0.01 secs] 
2021-01-22T01:13:01.444+0800: 23.787: [GC (Allocation Failure) [PSYoungGen: 254439K->63418K(272896K)] 629139K->486145K(972288K), 0.0132070 secs] [Times: user=0.09 sys=0.00, real=0.01 secs] 
2021-01-22T01:13:01.492+0800: 23.835: [GC (Allocation Failure) [PSYoungGen: 260026K->63714K(274944K)] 682753K->543242K(974336K), 0.0139261 secs] [Times: user=0.10 sys=0.00, real=0.01 secs] 
2021-01-22T01:13:01.537+0800: 23.880: [GC (Allocation Failure) [PSYoungGen: 263394K->61682K(273920K)] 742922K->594539K(973312K), 0.0141168 secs] [Times: user=0.09 sys=0.00, real=0.02 secs] 
2021-01-22T01:13:01.577+0800: 23.920: [GC (Allocation Failure) [PSYoungGen: 261362K->62481K(275968K)] 794219K->642617K(975360K), 0.0242829 secs] [Times: user=0.10 sys=0.00, real=0.03 secs] 
2021-01-22T01:13:01.627+0800: 23.970: [GC (Allocation Failure) [PSYoungGen: 264209K->68010K(274944K)] 844345K->698485K(974336K), 0.0139053 secs] [Times: user=0.10 sys=0.00, real=0.02 secs] 
2021-01-22T01:13:01.676+0800: 24.019: [GC (Allocation Failure) [PSYoungGen: 269421K->66942K(275456K)] 899895K->751644K(974848K), 0.0151697 secs] [Times: user=0.10 sys=0.00, real=0.02 secs] 
2021-01-22T01:13:01.692+0800: 24.034: [Full GC (Ergonomics) [PSYoungGen: 66942K->0K(275456K)] [ParOldGen: 684702K->364553K(699392K)] 751644K->364553K(974848K), [Metaspace: 2817K->2817K(1056768K)], 0.0451222 secs] [Times: user=0.29 sys=0.00, real=0.04 secs] 
2021-01-22T01:13:01.769+0800: 24.112: [GC (Allocation Failure) [PSYoungGen: 201728K->67779K(269824K)] 566281K->432333K(969216K), 0.0084958 secs] [Times: user=0.05 sys=0.00, real=0.00 secs] 
2021-01-22T01:13:01.808+0800: 24.151: [GC (Allocation Failure) [PSYoungGen: 269507K->72971K(270848K)] 634061K->493943K(970240K), 0.0228350 secs] [Times: user=0.14 sys=0.00, real=0.03 secs] 
2021-01-22T01:13:01.863+0800: 24.205: [GC (Allocation Failure) [PSYoungGen: 269579K->58377K(272896K)] 690551K->541559K(972288K), 0.0166359 secs] [Times: user=0.10 sys=0.00, real=0.02 secs] 
2021-01-22T01:13:01.908+0800: 24.251: [GC (Allocation Failure) [PSYoungGen: 254985K->70933K(270848K)] 738167K->601004K(970240K), 0.0145970 secs] [Times: user=0.10 sys=0.00, real=0.02 secs] 
2021-01-22T01:13:01.951+0800: 24.294: [GC (Allocation Failure) [PSYoungGen: 265493K->65651K(271872K)] 795564K->653733K(971264K), 0.0168409 secs] [Times: user=0.10 sys=0.02, real=0.02 secs] 
2021-01-22T01:13:02.000+0800: 24.343: [GC (Allocation Failure) [PSYoungGen: 260211K->67913K(272896K)] 848293K->711651K(972288K), 0.0150409 secs] [Times: user=0.10 sys=0.00, real=0.01 secs] 
2021-01-22T01:13:02.015+0800: 24.358: [Full GC (Ergonomics) [PSYoungGen: 67913K->0K(272896K)] [ParOldGen: 643738K->374430K(699392K)] 711651K->374430K(972288K), [Metaspace: 2817K->2817K(1056768K)], 0.0449063 secs] [Times: user=0.29 sys=0.00, real=0.05 secs] 
2021-01-22T01:13:02.096+0800: 24.439: [GC (Allocation Failure) [PSYoungGen: 196608K->58790K(272896K)] 571038K->433220K(972288K), 0.0127739 secs] [Times: user=0.05 sys=0.03, real=0.02 secs] 
2021-01-22T01:13:02.137+0800: 24.480: [GC (Allocation Failure) [PSYoungGen: 255239K->67153K(273408K)] 629669K->487769K(972800K), 0.0259319 secs] [Times: user=0.07 sys=0.00, real=0.03 secs] 
2021-01-22T01:13:02.201+0800: 24.544: [GC (Allocation Failure) [PSYoungGen: 264273K->63881K(272896K)] 684889K->543186K(972288K), 0.0150935 secs] [Times: user=0.10 sys=0.00, real=0.01 secs] 
2021-01-22T01:13:02.249+0800: 24.592: [GC (Allocation Failure) [PSYoungGen: 260559K->62866K(274432K)] 739864K->596112K(973824K), 0.0152938 secs] [Times: user=0.06 sys=0.00, real=0.01 secs] 
2021-01-22T01:13:02.290+0800: 24.633: [GC (Allocation Failure) [PSYoungGen: 262034K->67997K(273920K)] 795280K->654004K(973312K), 0.0145395 secs] [Times: user=0.10 sys=0.00, real=0.01 secs] 
2021-01-22T01:13:02.340+0800: 24.683: [GC (Allocation Failure) [PSYoungGen: 267165K->62808K(274944K)] 853172K->703862K(974336K), 0.0126739 secs] [Times: user=0.09 sys=0.00, real=0.01 secs] 
2021-01-22T01:13:02.353+0800: 24.696: [Full GC (Ergonomics) [PSYoungGen: 62808K->0K(274944K)] [ParOldGen: 641053K->387372K(699392K)] 703862K->387372K(974336K), [Metaspace: 2817K->2817K(1056768K)], 0.0461838 secs] [Times: user=0.29 sys=0.00, real=0.05 secs] 
2021-01-22T01:13:02.425+0800: 24.768: [GC (Allocation Failure) [PSYoungGen: 200192K->60215K(274432K)] 587564K->447587K(973824K), 0.0218744 secs] [Times: user=0.09 sys=0.00, real=0.02 secs] 
2021-01-22T01:13:02.474+0800: 24.817: [GC (Allocation Failure) [PSYoungGen: 260407K->57056K(273920K)] 647779K->495357K(973312K), 0.0126276 secs] [Times: user=0.08 sys=0.00, real=0.01 secs] 
2021-01-22T01:13:02.516+0800: 24.859: [GC (Allocation Failure) [PSYoungGen: 256430K->64953K(274432K)] 694731K->553068K(973824K), 0.0111314 secs] [Times: user=0.05 sys=0.00, real=0.01 secs] 
2021-01-22T01:13:02.552+0800: 24.895: [GC (Allocation Failure) [PSYoungGen: 264633K->64186K(275968K)] 752748K->609717K(975360K), 0.0146417 secs] [Times: user=0.10 sys=0.00, real=0.01 secs] 
2021-01-22T01:13:02.599+0800: 24.942: [GC (Allocation Failure) [PSYoungGen: 266426K->71008K(273408K)] 811957K->667399K(972800K), 0.0150352 secs] [Times: user=0.10 sys=0.00, real=0.01 secs] 
2021-01-22T01:13:02.640+0800: 24.982: [GC (Allocation Failure) [PSYoungGen: 273058K->66902K(274432K)] 869448K->721812K(973824K), 0.0296751 secs] [Times: user=0.11 sys=0.00, real=0.03 secs] 
2021-01-22T01:13:02.670+0800: 25.013: [Full GC (Ergonomics) [PSYoungGen: 66902K->0K(274432K)] [ParOldGen: 654909K->384912K(699392K)] 721812K->384912K(973824K), [Metaspace: 2817K->2817K(1056768K)], 0.0868167 secs] [Times: user=0.38 sys=0.00, real=0.08 secs] 
2021-01-22T01:13:02.790+0800: 25.133: [GC (Allocation Failure) [PSYoungGen: 199124K->65327K(274432K)] 584036K->450240K(973824K), 0.0081442 secs] [Times: user=0.05 sys=0.01, real=0.01 secs] 
2021-01-22T01:13:02.827+0800: 25.170: [GC (Allocation Failure) [PSYoungGen: 265007K->58258K(274432K)] 649920K->495908K(973824K), 0.0143774 secs] [Times: user=0.08 sys=0.00, real=0.02 secs] 
2021-01-22T01:13:02.870+0800: 25.213: [GC (Allocation Failure) [PSYoungGen: 258962K->63858K(274944K)] 696612K->549964K(974336K), 0.0270745 secs] [Times: user=0.19 sys=0.00, real=0.02 secs] 
2021-01-22T01:13:02.937+0800: 25.280: [GC (Allocation Failure) [PSYoungGen: 264562K->66909K(275968K)] 750668K->609267K(975360K), 0.0183494 secs] [Times: user=0.12 sys=0.00, real=0.02 secs] 
2021-01-22T01:13:02.988+0800: 25.331: [GC (Allocation Failure) [PSYoungGen: 269661K->72686K(275456K)] 812019K->668158K(974848K), 0.0269011 secs] [Times: user=0.11 sys=0.01, real=0.02 secs] 
2021-01-22T01:13:03.050+0800: 25.393: [GC (Allocation Failure) [PSYoungGen: 275438K->67118K(272384K)] 870910K->723501K(971776K), 0.0206666 secs] [Times: user=0.14 sys=0.00, real=0.02 secs] 
2021-01-22T01:13:03.071+0800: 25.414: [Full GC (Ergonomics) [PSYoungGen: 67118K->0K(272384K)] [ParOldGen: 656383K->393218K(699392K)] 723501K->393218K(971776K), [Metaspace: 2817K->2817K(1056768K)], 0.0591533 secs] [Times: user=0.29 sys=0.02, real=0.06 secs] 
2021-01-22T01:13:03.189+0800: 25.532: [GC (Allocation Failure) [PSYoungGen: 198656K->72050K(270848K)] 591874K->465268K(970240K), 0.0288834 secs] [Times: user=0.13 sys=0.00, real=0.02 secs] 
2021-01-22T01:13:03.250+0800: 25.593: [GC (Allocation Failure) [PSYoungGen: 270706K->70049K(271360K)] 663924K->518229K(970752K), 0.0149785 secs] [Times: user=0.09 sys=0.00, real=0.01 secs] 
2021-01-22T01:13:03.295+0800: 25.638: [GC (Allocation Failure) [PSYoungGen: 264609K->66926K(271872K)] 712789K->576380K(971264K), 0.0220832 secs] [Times: user=0.15 sys=0.00, real=0.02 secs] 
2021-01-22T01:13:03.353+0800: 25.696: [GC (Allocation Failure) [PSYoungGen: 261486K->60144K(272896K)] 770940K->625285K(972288K), 0.0142535 secs] [Times: user=0.10 sys=0.01, real=0.01 secs] 
2021-01-22T01:13:03.396+0800: 25.739: [GC (Allocation Failure) [PSYoungGen: 256752K->60184K(272896K)] 821893K->675420K(972288K), 0.0322860 secs] [Times: user=0.15 sys=0.00, real=0.04 secs] 
2021-01-22T01:13:03.457+0800: 25.800: [GC (Allocation Failure) [PSYoungGen: 256792K->60172K(272896K)] 872028K->725853K(972288K), 0.0151993 secs] [Times: user=0.11 sys=0.00, real=0.02 secs] 
2021-01-22T01:13:03.473+0800: 25.816: [Full GC (Ergonomics) [PSYoungGen: 60172K->0K(272896K)] [ParOldGen: 665681K->385227K(699392K)] 725853K->385227K(972288K), [Metaspace: 2817K->2817K(1056768K)], 0.0450462 secs] [Times: user=0.30 sys=0.00, real=0.05 secs] 
2021-01-22T01:13:03.546+0800: 25.888: [GC (Allocation Failure) [PSYoungGen: 196608K->63372K(272896K)] 581835K->448600K(972288K), 0.0083967 secs] [Times: user=0.05 sys=0.00, real=0.01 secs] 
2021-01-22T01:13:03.588+0800: 25.931: [GC (Allocation Failure) [PSYoungGen: 259980K->60305K(274432K)] 645208K->498678K(973824K), 0.0136898 secs] [Times: user=0.08 sys=0.00, real=0.02 secs] 
2021-01-22T01:13:03.636+0800: 25.978: [GC (Allocation Failure) [PSYoungGen: 259473K->62355K(273920K)] 697846K->551403K(973312K), 0.0200509 secs] [Times: user=0.04 sys=0.00, real=0.02 secs] 
2021-01-22T01:13:03.686+0800: 26.029: [GC (Allocation Failure) [PSYoungGen: 261246K->66166K(274944K)] 750295K->609188K(974336K), 0.0165554 secs] [Times: user=0.11 sys=0.00, real=0.02 secs] 
2021-01-22T01:13:03.740+0800: 26.083: [GC (Allocation Failure) [PSYoungGen: 266870K->71977K(272896K)] 809892K->668187K(972288K), 0.0164932 secs] [Times: user=0.11 sys=0.00, real=0.01 secs] 
2021-01-22T01:13:03.789+0800: 26.132: [GC (Allocation Failure) [PSYoungGen: 272681K->59706K(273408K)] 868891K->715157K(972800K), 0.0371768 secs] [Times: user=0.09 sys=0.00, real=0.03 secs] 
2021-01-22T01:13:03.828+0800: 26.171: [Full GC (Ergonomics) [PSYoungGen: 59706K->0K(273408K)] [ParOldGen: 655450K->369774K(699392K)] 715157K->369774K(972800K), [Metaspace: 2817K->2817K(1056768K)], 0.0614938 secs] [Times: user=0.42 sys=0.01, real=0.07 secs] 
2021-01-22T01:13:03.926+0800: 26.269: [GC (Allocation Failure) [PSYoungGen: 197632K->67923K(273408K)] 567406K->437698K(972800K), 0.0072122 secs] [Times: user=0.05 sys=0.00, real=0.01 secs] 
2021-01-22T01:13:03.972+0800: 26.315: [GC (Allocation Failure) [PSYoungGen: 265555K->64759K(274432K)] 635330K->492903K(973824K), 0.0144961 secs] [Times: user=0.09 sys=0.00, real=0.01 secs] 
2021-01-22T01:13:04.025+0800: 26.368: [GC (Allocation Failure) [PSYoungGen: 263415K->61878K(273408K)] 691559K->544182K(972800K), 0.0347650 secs] [Times: user=0.16 sys=0.01, real=0.04 secs] 
2021-01-22T01:13:04.106+0800: 26.449: [GC (Allocation Failure) [PSYoungGen: 260534K->64303K(275456K)] 742838K->595689K(974848K), 0.0191424 secs] [Times: user=0.09 sys=0.00, real=0.02 secs] 
2021-01-22T01:13:04.152+0800: 26.495: [GC (Allocation Failure) [PSYoungGen: 265485K->66888K(274944K)] 796871K->653362K(974336K), 0.0145126 secs] [Times: user=0.10 sys=0.00, real=0.01 secs] 
2021-01-22T01:13:04.203+0800: 26.546: [GC (Allocation Failure) [PSYoungGen: 268104K->67082K(275456K)] 854578K->712188K(974848K), 0.0174942 secs] [Times: user=0.12 sys=0.00, real=0.02 secs] 
2021-01-22T01:13:04.221+0800: 26.564: [Full GC (Ergonomics) [PSYoungGen: 67082K->0K(275456K)] [ParOldGen: 645105K->379950K(699392K)] 712188K->379950K(974848K), [Metaspace: 2817K->2817K(1056768K)], 0.0589616 secs] [Times: user=0.36 sys=0.02, real=0.06 secs] 
2021-01-22T01:13:04.316+0800: 26.659: [GC (Allocation Failure) [PSYoungGen: 201728K->65243K(275456K)] 581678K->445194K(974848K), 0.0098816 secs] [Times: user=0.06 sys=0.00, real=0.01 secs] 
2021-01-22T01:13:04.363+0800: 26.706: [GC (Allocation Failure) [PSYoungGen: 266971K->62141K(276480K)] 646922K->496255K(975872K), 0.0229076 secs] [Times: user=0.09 sys=0.00, real=0.02 secs] 
2021-01-22T01:13:04.418+0800: 26.761: [GC (Allocation Failure) [PSYoungGen: 265917K->65757K(276480K)] 700031K->550172K(975872K), 0.0211921 secs] [Times: user=0.14 sys=0.01, real=0.03 secs] 
2021-01-22T01:13:04.475+0800: 26.818: [GC (Allocation Failure) [PSYoungGen: 269533K->63477K(277504K)] 753948K->599445K(976896K), 0.0216444 secs] [Times: user=0.15 sys=0.00, real=0.02 secs] 
2021-01-22T01:13:04.526+0800: 26.869: [GC (Allocation Failure) [PSYoungGen: 268789K->71516K(276992K)] 804757K->664468K(976384K), 0.0194382 secs] [Times: user=0.07 sys=0.00, real=0.02 secs] 
2021-01-22T01:13:04.572+0800: 26.915: [GC (Allocation Failure) [PSYoungGen: 276828K->65911K(275968K)] 869780K->716926K(975360K), 0.0154395 secs] [Times: user=0.10 sys=0.01, real=0.01 secs] 
2021-01-22T01:13:04.588+0800: 26.931: [Full GC (Ergonomics) [PSYoungGen: 65911K->0K(275968K)] [ParOldGen: 651015K->382792K(699392K)] 716926K->382792K(975360K), [Metaspace: 2817K->2817K(1056768K)], 0.0563874 secs] [Times: user=0.26 sys=0.00, real=0.06 secs] 
2021-01-22T01:13:04.672+0800: 27.015: [GC (Allocation Failure) [PSYoungGen: 203776K->60998K(276480K)] 586568K->443791K(975872K), 0.0080745 secs] [Times: user=0.06 sys=0.00, real=0.01 secs] 
2021-01-22T01:13:04.712+0800: 27.055: [GC (Allocation Failure) [PSYoungGen: 264774K->64879K(276992K)] 647567K->497941K(976384K), 0.0142191 secs] [Times: user=0.09 sys=0.00, real=0.01 secs] 
2021-01-22T01:13:04.756+0800: 27.098: [GC (Allocation Failure) [PSYoungGen: 269167K->59316K(276480K)] 702229K->545829K(975872K), 0.0273638 secs] [Times: user=0.11 sys=0.01, real=0.03 secs] 
2021-01-22T01:13:04.810+0800: 27.153: [GC (Allocation Failure) [PSYoungGen: 263604K->66895K(276480K)] 750117K->602300K(975872K), 0.0175450 secs] [Times: user=0.12 sys=0.01, real=0.01 secs] 
2021-01-22T01:13:04.867+0800: 27.210: [GC (Allocation Failure) [PSYoungGen: 270671K->72666K(276480K)] 806076K->662167K(975872K), 0.0212424 secs] [Times: user=0.10 sys=0.03, real=0.03 secs] 
2021-01-22T01:13:04.916+0800: 27.259: [GC (Allocation Failure) [PSYoungGen: 276442K->54892K(270336K)] 865943K->703898K(969728K), 0.0138778 secs] [Times: user=0.10 sys=0.00, real=0.02 secs] 
2021-01-22T01:13:04.930+0800: 27.273: [Full GC (Ergonomics) [PSYoungGen: 54892K->0K(270336K)] [ParOldGen: 649005K->369480K(699392K)] 703898K->369480K(969728K), [Metaspace: 2817K->2817K(1056768K)], 0.0523057 secs] [Times: user=0.19 sys=0.00, real=0.05 secs] 
2021-01-22T01:13:05.008+0800: 27.351: [GC (Allocation Failure) [PSYoungGen: 197632K->61899K(273408K)] 567112K->431379K(972800K), 0.0079962 secs] [Times: user=0.04 sys=0.00, real=0.01 secs] 
2021-01-22T01:13:05.047+0800: 27.390: [GC (Allocation Failure) [PSYoungGen: 259531K->64009K(275456K)] 629011K->485019K(974848K), 0.0222385 secs] [Times: user=0.06 sys=0.00, real=0.03 secs] 
2021-01-22T01:13:05.101+0800: 27.444: [GC (Allocation Failure) [PSYoungGen: 264201K->63857K(273920K)] 685211K->536705K(973312K), 0.0136808 secs] [Times: user=0.09 sys=0.00, real=0.01 secs] 
2021-01-22T01:13:05.147+0800: 27.490: [GC (Allocation Failure) [PSYoungGen: 264049K->68397K(274944K)] 736897K->591080K(974336K), 0.0151826 secs] [Times: user=0.10 sys=0.00, real=0.02 secs] 
2021-01-22T01:13:05.188+0800: 27.531: [GC (Allocation Failure) [PSYoungGen: 270125K->67684K(269824K)] 792808K->646943K(969216K), 0.0126578 secs] [Times: user=0.10 sys=0.00, real=0.02 secs] 
2021-01-22T01:13:05.234+0800: 27.577: [GC (Allocation Failure) [PSYoungGen: 269412K->68086K(274944K)] 848671K->701188K(974336K), 0.0208939 secs] [Times: user=0.14 sys=0.00, real=0.02 secs] 
2021-01-22T01:13:05.255+0800: 27.598: [Full GC (Ergonomics) [PSYoungGen: 68086K->0K(274944K)] [ParOldGen: 633102K->374050K(699392K)] 701188K->374050K(974336K), [Metaspace: 2817K->2817K(1056768K)], 0.0582158 secs] [Times: user=0.31 sys=0.00, real=0.06 secs] 
2021-01-22T01:13:05.339+0800: 27.682: [GC (Allocation Failure) [PSYoungGen: 200704K->66958K(274944K)] 574754K->441009K(974336K), 0.0093516 secs] [Times: user=0.06 sys=0.00, real=0.01 secs] 
2021-01-22T01:13:05.388+0800: 27.731: [GC (Allocation Failure) [PSYoungGen: 267540K->62627K(275456K)] 641590K->491770K(974848K), 0.0165702 secs] [Times: user=0.10 sys=0.00, real=0.01 secs] 
2021-01-22T01:13:05.430+0800: 27.773: [GC (Allocation Failure) [PSYoungGen: 263843K->69003K(274944K)] 692986K->551999K(974336K), 0.0262768 secs] [Times: user=0.11 sys=0.00, real=0.02 secs] 
2021-01-22T01:13:05.487+0800: 27.830: [GC (Allocation Failure) [PSYoungGen: 270219K->65901K(275456K)] 753215K->606773K(974848K), 0.0144064 secs] [Times: user=0.09 sys=0.00, real=0.02 secs] 
2021-01-22T01:13:05.533+0800: 27.876: [GC (Allocation Failure) [PSYoungGen: 267117K->61559K(274944K)] 807989K->657870K(974336K), 0.0201321 secs] [Times: user=0.07 sys=0.00, real=0.02 secs] 
2021-01-22T01:13:05.585+0800: 27.928: [GC (Allocation Failure) [PSYoungGen: 262775K->68450K(275456K)] 859086K->717863K(974848K), 0.0145874 secs] [Times: user=0.09 sys=0.00, real=0.02 secs] 
2021-01-22T01:13:05.600+0800: 27.943: [Full GC (Ergonomics) [PSYoungGen: 68450K->0K(275456K)] [ParOldGen: 649413K->385617K(699392K)] 717863K->385617K(974848K), [Metaspace: 2817K->2817K(1056768K)], 0.0517591 secs] [Times: user=0.31 sys=0.00, real=0.05 secs] 
2021-01-22T01:13:05.680+0800: 28.023: [GC (Allocation Failure) [PSYoungGen: 201497K->65880K(275456K)] 587114K->451498K(974848K), 0.0087056 secs] [Times: user=0.05 sys=0.00, real=0.01 secs] 
2021-01-22T01:13:05.720+0800: 28.063: [GC (Allocation Failure) [PSYoungGen: 267246K->65351K(276480K)] 652863K->507160K(975872K), 0.0144209 secs] [Times: user=0.09 sys=0.00, real=0.01 secs] 
2021-01-22T01:13:05.762+0800: 28.105: [GC (Allocation Failure) [PSYoungGen: 268615K->64958K(275968K)] 710424K->557192K(975360K), 0.0138600 secs] [Times: user=0.10 sys=0.00, real=0.01 secs] 
2021-01-22T01:13:05.807+0800: 28.149: [GC (Allocation Failure) [PSYoungGen: 268222K->71805K(273920K)] 760456K->615719K(973312K), 0.0150634 secs] [Times: user=0.08 sys=0.00, real=0.02 secs] 
2021-01-22T01:13:05.850+0800: 28.193: [GC (Allocation Failure) [PSYoungGen: 273533K->58160K(260096K)] 817447K->662996K(959488K), 0.0269039 secs] [Times: user=0.11 sys=0.00, real=0.02 secs] 
2021-01-22T01:13:05.908+0800: 28.251: [GC (Allocation Failure) [PSYoungGen: 259571K->69745K(272896K)] 864406K->722543K(972288K), 0.0175256 secs] [Times: user=0.11 sys=0.00, real=0.02 secs] 
2021-01-22T01:13:05.926+0800: 28.269: [Full GC (Ergonomics) [PSYoungGen: 69745K->0K(272896K)] [ParOldGen: 652797K->383061K(699392K)] 722543K->383061K(972288K), [Metaspace: 2817K->2817K(1056768K)], 0.0546025 secs] [Times: user=0.22 sys=0.00, real=0.06 secs] 
2021-01-22T01:13:06.011+0800: 28.354: [GC (Allocation Failure) [PSYoungGen: 198656K->65585K(273920K)] 581717K->448647K(973312K), 0.0086633 secs] [Times: user=0.05 sys=0.00, real=0.01 secs] 
2021-01-22T01:13:06.051+0800: 28.394: [GC (Allocation Failure) [PSYoungGen: 264103K->66251K(275456K)] 647164K->504558K(974848K), 0.0152687 secs] [Times: user=0.06 sys=0.00, real=0.01 secs] 
2021-01-22T01:13:06.093+0800: 28.436: [GC (Allocation Failure) [PSYoungGen: 267035K->67162K(274944K)] 705341K->562641K(974336K), 0.0149161 secs] [Times: user=0.10 sys=0.00, real=0.01 secs] 
2021-01-22T01:13:06.140+0800: 28.483: [GC (Allocation Failure) [PSYoungGen: 268378K->69354K(274944K)] 763857K->621715K(974336K), 0.0129103 secs] [Times: user=0.10 sys=0.00, real=0.01 secs] 
2021-01-22T01:13:06.187+0800: 28.530: [GC (Allocation Failure) [PSYoungGen: 271082K->64946K(275456K)] 823443K->674959K(974848K), 0.0162483 secs] [Times: user=0.11 sys=0.00, real=0.02 secs] 
2021-01-22T01:13:06.238+0800: 28.580: [GC (Allocation Failure) [PSYoungGen: 266674K->58310K(273920K)] 876687K->721940K(973312K), 0.0155191 secs] [Times: user=0.09 sys=0.00, real=0.02 secs] 
2021-01-22T01:13:06.254+0800: 28.596: [Full GC (Ergonomics) [PSYoungGen: 58310K->0K(273920K)] [ParOldGen: 663629K->374752K(699392K)] 721940K->374752K(973312K), [Metaspace: 2817K->2817K(1056768K)], 0.0468600 secs] [Times: user=0.31 sys=0.00, real=0.05 secs] 
2021-01-22T01:13:06.334+0800: 28.676: [GC (Allocation Failure) [PSYoungGen: 200704K->59153K(274944K)] 575456K->433906K(974336K), 0.0078126 secs] [Times: user=0.04 sys=0.00, real=0.01 secs] 
2021-01-22T01:13:06.372+0800: 28.715: [GC (Allocation Failure) [PSYoungGen: 259857K->63516K(275456K)] 634610K->485664K(974848K), 0.0212459 secs] [Times: user=0.06 sys=0.00, real=0.02 secs] 
2021-01-22T01:13:06.423+0800: 28.766: [GC (Allocation Failure) [PSYoungGen: 264732K->60325K(274944K)] 686880K->536597K(974336K), 0.0148116 secs] [Times: user=0.09 sys=0.01, real=0.02 secs] 
2021-01-22T01:13:06.471+0800: 28.814: [GC (Allocation Failure) [PSYoungGen: 261541K->67909K(274944K)] 737813K->594262K(974336K), 0.0145975 secs] [Times: user=0.10 sys=0.00, real=0.01 secs] 
2021-01-22T01:13:06.519+0800: 28.861: [GC (Allocation Failure) [PSYoungGen: 269637K->57426K(259584K)] 795990K->640625K(958976K), 0.0200346 secs] [Times: user=0.12 sys=0.00, real=0.02 secs] 
2021-01-22T01:13:06.569+0800: 28.911: [GC (Allocation Failure) [PSYoungGen: 259154K->64170K(275968K)] 842353K->694508K(975360K), 0.0155261 secs] [Times: user=0.10 sys=0.00, real=0.01 secs] 
2021-01-22T01:13:06.585+0800: 28.927: [Full GC (Ergonomics) [PSYoungGen: 64170K->0K(275968K)] [ParOldGen: 630338K->355268K(699392K)] 694508K->355268K(975360K), [Metaspace: 2817K->2817K(1056768K)], 0.0653529 secs] [Times: user=0.30 sys=0.00, real=0.07 secs] 
2021-01-22T01:13:06.676+0800: 29.019: [GC (Allocation Failure) [PSYoungGen: 201728K->67924K(274944K)] 556996K->423193K(974336K), 0.0091649 secs] [Times: user=0.06 sys=0.00, real=0.03 secs] 
2021-01-22T01:13:06.728+0800: 29.071: [GC (Allocation Failure) [PSYoungGen: 269652K->68236K(274432K)] 624921K->479090K(973824K), 0.0160934 secs] [Times: user=0.10 sys=0.01, real=0.02 secs] 
2021-01-22T01:13:06.776+0800: 29.119: [GC (Allocation Failure) [PSYoungGen: 268940K->71845K(272896K)] 679794K->538556K(972288K), 0.0154408 secs] [Times: user=0.10 sys=0.00, real=0.02 secs] 
2021-01-22T01:13:06.818+0800: 29.161: [GC (Allocation Failure) [PSYoungGen: 272549K->63807K(273920K)] 739260K->586918K(973312K), 0.0294123 secs] [Times: user=0.19 sys=0.00, real=0.03 secs] 
2021-01-22T01:13:06.874+0800: 29.217: [GC (Allocation Failure) [PSYoungGen: 261439K->62409K(272896K)] 784550K->636548K(972288K), 0.0143331 secs] [Times: user=0.09 sys=0.00, real=0.02 secs] 
2021-01-22T01:13:06.917+0800: 29.259: [GC (Allocation Failure) [PSYoungGen: 260041K->65347K(274944K)] 834180K->693604K(974336K), 0.0159700 secs] [Times: user=0.10 sys=0.00, real=0.02 secs] 
2021-01-22T01:13:06.933+0800: 29.276: [Full GC (Ergonomics) [PSYoungGen: 65347K->0K(274944K)] [ParOldGen: 628256K->365495K(699392K)] 693604K->365495K(974336K), [Metaspace: 2817K->2817K(1056768K)], 0.0461458 secs] [Times: user=0.30 sys=0.00, real=0.05 secs] 
2021-01-22T01:13:07.007+0800: 29.349: [GC (Allocation Failure) [PSYoungGen: 200192K->69140K(274432K)] 565687K->434636K(973824K), 0.0082490 secs] [Times: user=0.05 sys=0.00, real=0.01 secs] 
2021-01-22T01:13:07.041+0800: 29.384: [GC (Allocation Failure) [PSYoungGen: 269332K->62730K(274944K)] 634828K->483775K(974336K), 0.0151890 secs] [Times: user=0.10 sys=0.00, real=0.02 secs] 
2021-01-22T01:13:07.097+0800: 29.440: [GC (Allocation Failure) [PSYoungGen: 262922K->67973K(274432K)] 683967K->541005K(973824K), 0.0148119 secs] [Times: user=0.11 sys=0.00, real=0.02 secs] 
2021-01-22T01:13:07.145+0800: 29.487: [GC (Allocation Failure) [PSYoungGen: 268165K->62741K(275456K)] 741197K->591436K(974848K), 0.0142910 secs] [Times: user=0.06 sys=0.00, real=0.02 secs] 
2021-01-22T01:13:07.191+0800: 29.534: [GC (Allocation Failure) [PSYoungGen: 263957K->73674K(274944K)] 792652K->653741K(974336K), 0.0233620 secs] [Times: user=0.16 sys=0.00, real=0.02 secs] 
2021-01-22T01:13:07.256+0800: 29.599: [GC (Allocation Failure) [PSYoungGen: 274838K->68446K(270848K)] 854905K->710965K(970240K), 0.0248592 secs] [Times: user=0.16 sys=0.00, real=0.03 secs] 
2021-01-22T01:13:07.282+0800: 29.624: [Full GC (Ergonomics) [PSYoungGen: 68446K->0K(270848K)] [ParOldGen: 642518K->376251K(699392K)] 710965K->376251K(970240K), [Metaspace: 2817K->2817K(1056768K)], 0.0584373 secs] [Times: user=0.36 sys=0.02, real=0.06 secs] 
2021-01-22T01:13:07.374+0800: 29.717: [GC (Allocation Failure) [PSYoungGen: 196608K->63291K(272896K)] 572859K->439542K(972288K), 0.0086309 secs] [Times: user=0.06 sys=0.00, real=0.01 secs] 
2021-01-22T01:13:07.412+0800: 29.755: [GC (Allocation Failure) [PSYoungGen: 259899K->61536K(273920K)] 636150K->490208K(973312K), 0.0153413 secs] [Times: user=0.10 sys=0.00, real=0.01 secs] 
2021-01-22T01:13:07.456+0800: 29.799: [GC (Allocation Failure) [PSYoungGen: 259680K->69569K(267776K)] 688352K->550715K(967168K), 0.0208961 secs] [Times: user=0.14 sys=0.00, real=0.02 secs] 
2021-01-22T01:13:07.509+0800: 29.852: [GC (Allocation Failure) [PSYoungGen: 267679K->64486K(273920K)] 748826K->603483K(973312K), 0.0159344 secs] [Times: user=0.11 sys=0.00, real=0.01 secs] 
2021-01-22T01:13:07.552+0800: 29.895: [GC (Allocation Failure) [PSYoungGen: 261793K->63816K(272896K)] 800790K->653945K(972288K), 0.0138607 secs] [Times: user=0.09 sys=0.00, real=0.01 secs] 
2021-01-22T01:13:07.601+0800: 29.944: [GC (Allocation Failure) [PSYoungGen: 261448K->71262K(272384K)] 851577K->715561K(971776K), 0.0147423 secs] [Times: user=0.11 sys=0.00, real=0.01 secs] 
2021-01-22T01:13:07.616+0800: 29.959: [Full GC (Ergonomics) [PSYoungGen: 71262K->0K(272384K)] [ParOldGen: 644299K->383245K(699392K)] 715561K->383245K(971776K), [Metaspace: 2817K->2817K(1056768K)], 0.0595234 secs] [Times: user=0.37 sys=0.00, real=0.06 secs] 
2021-01-22T01:13:07.713+0800: 30.056: [GC (Allocation Failure) [PSYoungGen: 197632K->64524K(273408K)] 580877K->447770K(972800K), 0.0085009 secs] [Times: user=0.06 sys=0.00, real=0.01 secs] 
2021-01-22T01:13:07.755+0800: 30.098: [GC (Allocation Failure) [PSYoungGen: 262156K->61217K(273920K)] 645402K->497968K(973312K), 0.0251036 secs] [Times: user=0.10 sys=0.00, real=0.03 secs] 
2021-01-22T01:13:07.813+0800: 30.156: [GC (Allocation Failure) [PSYoungGen: 259776K->67211K(273920K)] 696527K->555858K(973312K), 0.0174947 secs] [Times: user=0.11 sys=0.00, real=0.02 secs] 
2021-01-22T01:13:07.863+0800: 30.206: [GC (Allocation Failure) [PSYoungGen: 265867K->68527K(274432K)] 754514K->612937K(973824K), 0.0196069 secs] [Times: user=0.05 sys=0.01, real=0.02 secs] 
2021-01-22T01:13:07.910+0800: 30.252: [GC (Allocation Failure) [PSYoungGen: 268207K->69576K(269312K)] 812617K->670829K(968704K), 0.0141770 secs] [Times: user=0.11 sys=0.00, real=0.01 secs] 
2021-01-22T01:13:07.953+0800: 30.296: [GC (Allocation Failure) [PSYoungGen: 269256K->67954K(273920K)] 870509K->727326K(973312K), 0.0329163 secs] [Times: user=0.11 sys=0.00, real=0.03 secs] 
2021-01-22T01:13:07.986+0800: 30.329: [Full GC (Ergonomics) [PSYoungGen: 67954K->0K(273920K)] [ParOldGen: 659372K->389019K(699392K)] 727326K->389019K(973312K), [Metaspace: 2817K->2817K(1056768K)], 0.0457673 secs] [Times: user=0.29 sys=0.01, real=0.05 secs] 
2021-01-22T01:13:08.057+0800: 30.400: [GC (Allocation Failure) [PSYoungGen: 198656K->68960K(273920K)] 587675K->457980K(973312K), 0.0082511 secs] [Times: user=0.05 sys=0.00, real=0.01 secs] 
2021-01-22T01:13:08.099+0800: 30.442: [GC (Allocation Failure) [PSYoungGen: 267616K->64221K(274432K)] 656636K->507217K(973824K), 0.0162770 secs] [Times: user=0.10 sys=0.00, real=0.01 secs] 
2021-01-22T01:13:08.149+0800: 30.492: [GC (Allocation Failure) [PSYoungGen: 263389K->64170K(273920K)] 706385K->560203K(973312K), 0.0205385 secs] [Times: user=0.06 sys=0.00, real=0.02 secs] 
2021-01-22T01:13:08.205+0800: 30.548: [GC (Allocation Failure) [PSYoungGen: 263338K->64800K(275456K)] 759371K->615712K(974848K), 0.0217200 secs] [Times: user=0.15 sys=0.00, real=0.02 secs] 
2021-01-22T01:13:08.254+0800: 30.597: [GC (Allocation Failure) [PSYoungGen: 266016K->64277K(274944K)] 816928K->665458K(974336K), 0.0136781 secs] [Times: user=0.09 sys=0.00, real=0.01 secs] 
2021-01-22T01:13:08.296+0800: 30.639: [GC (Allocation Failure) [PSYoungGen: 265493K->64143K(275968K)] 866674K->718326K(975360K), 0.0149949 secs] [Times: user=0.10 sys=0.00, real=0.02 secs] 
2021-01-22T01:13:08.312+0800: 30.654: [Full GC (Ergonomics) [PSYoungGen: 64143K->0K(275968K)] [ParOldGen: 654183K->373870K(699392K)] 718326K->373870K(975360K), [Metaspace: 2817K->2817K(1056768K)], 0.0547933 secs] [Times: user=0.37 sys=0.00, real=0.05 secs] 
2021-01-22T01:13:08.395+0800: 30.738: [GC (Allocation Failure) [PSYoungGen: 202619K->73159K(275968K)] 576489K->447563K(975360K), 0.0185166 secs] [Times: user=0.12 sys=0.00, real=0.02 secs] 
2021-01-22T01:13:08.448+0800: 30.791: [GC (Allocation Failure) [PSYoungGen: 275911K->56143K(270848K)] 650315K->494443K(970240K), 0.0142536 secs] [Times: user=0.09 sys=0.00, real=0.01 secs] 
2021-01-22T01:13:08.495+0800: 30.837: [GC (Allocation Failure) [PSYoungGen: 253775K->62686K(273408K)] 692075K->547840K(972800K), 0.0130995 secs] [Times: user=0.08 sys=0.00, real=0.01 secs] 
2021-01-22T01:13:08.534+0800: 30.876: [GC (Allocation Failure) [PSYoungGen: 260318K->54697K(271872K)] 745472K->593205K(971264K), 0.0206231 secs] [Times: user=0.13 sys=0.00, real=0.02 secs] 
2021-01-22T01:13:08.581+0800: 30.924: [GC (Allocation Failure) [PSYoungGen: 251305K->64092K(272896K)] 789813K->649061K(972288K), 0.0131852 secs] [Times: user=0.09 sys=0.00, real=0.01 secs] 
2021-01-22T01:13:08.617+0800: 30.960: [GC (Allocation Failure) [PSYoungGen: 260633K->67869K(273920K)] 845602K->703818K(973312K), 0.0140110 secs] [Times: user=0.09 sys=0.00, real=0.02 secs] 
2021-01-22T01:13:08.631+0800: 30.974: [Full GC (Ergonomics) [PSYoungGen: 67869K->0K(273920K)] [ParOldGen: 635949K->381198K(699392K)] 703818K->381198K(973312K), [Metaspace: 2817K->2817K(1056768K)], 0.0470638 secs] [Times: user=0.30 sys=0.00, real=0.05 secs] 
2021-01-22T01:13:08.704+0800: 31.047: [GC (Allocation Failure) [PSYoungGen: 198656K->64368K(273920K)] 579854K->445566K(973312K), 0.0086088 secs] [Times: user=0.05 sys=0.00, real=0.01 secs] 
2021-01-22T01:13:08.740+0800: 31.083: [GC (Allocation Failure) [PSYoungGen: 263024K->58868K(274944K)] 644222K->492666K(974336K), 0.0141229 secs] [Times: user=0.09 sys=0.00, real=0.01 secs] 
2021-01-22T01:13:08.782+0800: 31.125: [GC (Allocation Failure) [PSYoungGen: 259572K->68135K(269312K)] 693370K->550739K(968704K), 0.0193180 secs] [Times: user=0.07 sys=0.00, real=0.02 secs] 
2021-01-22T01:13:08.835+0800: 31.178: [GC (Allocation Failure) [PSYoungGen: 268839K->64047K(275456K)] 751443K->602815K(974848K), 0.0228118 secs] [Times: user=0.15 sys=0.00, real=0.02 secs] 
2021-01-22T01:13:08.896+0800: 31.239: [GC (Allocation Failure) [PSYoungGen: 264751K->64577K(274432K)] 803519K->657376K(973824K), 0.0142054 secs] [Times: user=0.09 sys=0.00, real=0.02 secs] 
2021-01-22T01:13:08.938+0800: 31.281: [GC (Allocation Failure) [PSYoungGen: 265281K->62774K(276480K)] 858080K->709120K(975872K), 0.0216213 secs] [Times: user=0.10 sys=0.00, real=0.03 secs] 
2021-01-22T01:13:08.960+0800: 31.303: [Full GC (Ergonomics) [PSYoungGen: 62774K->0K(276480K)] [ParOldGen: 646346K->378366K(699392K)] 709120K->378366K(975872K), [Metaspace: 2817K->2817K(1056768K)], 0.0597050 secs] [Times: user=0.39 sys=0.00, real=0.06 secs] 
2021-01-22T01:13:09.044+0800: 31.387: [GC (Allocation Failure) [PSYoungGen: 203264K->59811K(275968K)] 581630K->438177K(975360K), 0.0092332 secs] [Times: user=0.06 sys=0.00, real=0.01 secs] 
2021-01-22T01:13:09.080+0800: 31.423: [GC (Allocation Failure) [PSYoungGen: 263075K->68746K(274944K)] 641441K->497212K(974336K), 0.0141736 secs] [Times: user=0.09 sys=0.00, real=0.01 secs] 
2021-01-22T01:13:09.128+0800: 31.471: [GC (Allocation Failure) [PSYoungGen: 271498K->67362K(270336K)] 699964K->551209K(969728K), 0.0147366 secs] [Times: user=0.09 sys=0.00, real=0.02 secs] 
2021-01-22T01:13:09.169+0800: 31.512: [GC (Allocation Failure) [PSYoungGen: 270114K->65823K(275968K)] 753961K->601894K(975360K), 0.0242245 secs] [Times: user=0.07 sys=0.00, real=0.02 secs] 
2021-01-22T01:13:09.222+0800: 31.564: [GC (Allocation Failure) [PSYoungGen: 268063K->69418K(271872K)] 804134K->659560K(971264K), 0.0152590 secs] [Times: user=0.10 sys=0.00, real=0.01 secs] 
2021-01-22T01:13:09.275+0800: 31.617: [GC (Allocation Failure) [PSYoungGen: 271658K->69015K(273920K)] 861800K->716271K(973312K), 0.0207793 secs] [Times: user=0.14 sys=0.00, real=0.02 secs] 
2021-01-22T01:13:09.296+0800: 31.639: [Full GC (Ergonomics) [PSYoungGen: 69015K->0K(273920K)] [ParOldGen: 647256K->377371K(699392K)] 716271K->377371K(973312K), [Metaspace: 2817K->2817K(1056768K)], 0.0581152 secs] [Times: user=0.31 sys=0.01, real=0.06 secs] 
2021-01-22T01:13:09.379+0800: 31.722: [GC (Allocation Failure) [PSYoungGen: 199603K->61212K(274432K)] 576974K->438584K(973824K), 0.0077138 secs] [Times: user=0.05 sys=0.00, real=0.00 secs] 
2021-01-22T01:13:09.409+0800: 31.752: [GC (Allocation Failure) [PSYoungGen: 260892K->66005K(274944K)] 638264K->496995K(974336K), 0.0198269 secs] [Times: user=0.13 sys=0.00, real=0.02 secs] 
2021-01-22T01:13:09.462+0800: 31.805: [GC (Allocation Failure) [PSYoungGen: 266197K->63282K(274432K)] 697187K->548997K(973824K), 0.0142317 secs] [Times: user=0.10 sys=0.00, real=0.01 secs] 
2021-01-22T01:13:09.504+0800: 31.847: [GC (Allocation Failure) [PSYoungGen: 263474K->59708K(274944K)] 749189K->598527K(974336K), 0.0146433 secs] [Times: user=0.10 sys=0.00, real=0.02 secs] 
2021-01-22T01:13:09.552+0800: 31.894: [GC (Allocation Failure) [PSYoungGen: 261436K->62159K(275456K)] 800255K->650774K(974848K), 0.0140890 secs] [Times: user=0.09 sys=0.01, real=0.01 secs] 
2021-01-22T01:13:09.592+0800: 31.934: [GC (Allocation Failure) [PSYoungGen: 263887K->70216K(273920K)] 852502K->709324K(973312K), 0.0283555 secs] [Times: user=0.12 sys=0.00, real=0.03 secs] 
2021-01-22T01:13:09.621+0800: 31.963: [Full GC (Ergonomics) [PSYoungGen: 70216K->0K(273920K)] [ParOldGen: 639107K->385129K(699392K)] 709324K->385129K(973312K), [Metaspace: 2817K->2817K(1056768K)], 0.0481201 secs] [Times: user=0.29 sys=0.01, real=0.05 secs] 
2021-01-22T01:13:09.697+0800: 32.040: [GC (Allocation Failure) [PSYoungGen: 200630K->59634K(274944K)] 585759K->444764K(974336K), 0.0149277 secs] [Times: user=0.03 sys=0.00, real=0.02 secs] 
2021-01-22T01:13:09.736+0800: 32.079: [GC (Allocation Failure) [PSYoungGen: 260338K->66254K(274944K)] 645468K->502714K(974336K), 0.0149014 secs] [Times: user=0.10 sys=0.00, real=0.02 secs] 
2021-01-22T01:13:09.785+0800: 32.128: [GC (Allocation Failure) [PSYoungGen: 266958K->60579K(274944K)] 703418K->547978K(974336K), 0.0139495 secs] [Times: user=0.08 sys=0.00, real=0.02 secs] 
2021-01-22T01:13:09.829+0800: 32.172: [GC (Allocation Failure) [PSYoungGen: 261283K->71383K(271360K)] 748682K->608923K(970752K), 0.0231299 secs] [Times: user=0.11 sys=0.00, real=0.02 secs] 
2021-01-22T01:13:09.879+0800: 32.222: [GC (Allocation Failure) [PSYoungGen: 269015K->64979K(273408K)] 806555K->662785K(972800K), 0.0149204 secs] [Times: user=0.09 sys=0.00, real=0.01 secs] 
2021-01-22T01:13:09.927+0800: 32.270: [GC (Allocation Failure) [PSYoungGen: 262611K->63048K(275456K)] 860417K->717619K(974848K), 0.0139828 secs] [Times: user=0.10 sys=0.00, real=0.02 secs] 
2021-01-22T01:13:09.941+0800: 32.284: [Full GC (Ergonomics) [PSYoungGen: 63048K->0K(275456K)] [ParOldGen: 654570K->380018K(699392K)] 717619K->380018K(974848K), [Metaspace: 2817K->2817K(1056768K)], 0.0487985 secs] [Times: user=0.32 sys=0.00, real=0.05 secs] 
2021-01-22T01:13:10.019+0800: 32.362: [GC (Allocation Failure) [PSYoungGen: 200704K->60262K(274432K)] 580722K->440281K(973824K), 0.0223527 secs] [Times: user=0.05 sys=0.00, real=0.02 secs] 
2021-01-22T01:13:10.071+0800: 32.414: [GC (Allocation Failure) [PSYoungGen: 260966K->62843K(275968K)] 640985K->493365K(975360K), 0.0134249 secs] [Times: user=0.08 sys=0.00, real=0.01 secs] 
2021-01-22T01:13:10.117+0800: 32.460: [GC (Allocation Failure) [PSYoungGen: 265083K->69253K(271872K)] 695605K->550581K(971264K), 0.0162702 secs] [Times: user=0.11 sys=0.00, real=0.02 secs] 
2021-01-22T01:13:10.159+0800: 32.502: [GC (Allocation Failure) [PSYoungGen: 271493K->67351K(274944K)] 752821K->602908K(974336K), 0.0221063 secs] [Times: user=0.10 sys=0.00, real=0.02 secs] 
2021-01-22T01:13:10.212+0800: 32.555: [GC (Allocation Failure) [PSYoungGen: 268055K->61836K(274944K)] 803612K->652446K(974336K), 0.0136173 secs] [Times: user=0.09 sys=0.00, real=0.01 secs] 
2021-01-22T01:13:10.257+0800: 32.600: [GC (Allocation Failure) [PSYoungGen: 262540K->66080K(275456K)] 853150K->708150K(974848K), 0.0123051 secs] [Times: user=0.09 sys=0.00, real=0.02 secs] 
2021-01-22T01:13:10.270+0800: 32.613: [Full GC (Ergonomics) [PSYoungGen: 66080K->0K(275456K)] [ParOldGen: 642070K->377667K(699392K)] 708150K->377667K(974848K), [Metaspace: 2817K->2817K(1056768K)], 0.0513399 secs] [Times: user=0.33 sys=0.00, real=0.05 secs] 
2021-01-22T01:13:10.355+0800: 32.698: [GC (Allocation Failure) [PSYoungGen: 201728K->65250K(275456K)] 579395K->442917K(974848K), 0.0089305 secs] [Times: user=0.03 sys=0.00, real=0.01 secs] 
2021-01-22T01:13:10.390+0800: 32.733: [GC (Allocation Failure) [PSYoungGen: 266978K->67719K(275456K)] 644645K->500678K(974848K), 0.0143621 secs] [Times: user=0.10 sys=0.00, real=0.01 secs] 
2021-01-22T01:13:10.437+0800: 32.780: [GC (Allocation Failure) [PSYoungGen: 270445K->62605K(275968K)] 703404K->553655K(975360K), 0.0148146 secs] [Times: user=0.09 sys=0.00, real=0.02 secs] 
2021-01-22T01:13:10.478+0800: 32.821: [GC (Allocation Failure) [PSYoungGen: 265357K->65371K(276992K)] 756407K->607644K(976384K), 0.0302293 secs] [Times: user=0.14 sys=0.01, real=0.04 secs] 
2021-01-22T01:13:10.538+0800: 32.881: [GC (Allocation Failure) [PSYoungGen: 269659K->63603K(276480K)] 811932K->661750K(975872K), 0.0153092 secs] [Times: user=0.09 sys=0.01, real=0.02 secs] 
2021-01-22T01:13:10.589+0800: 32.932: [GC (Allocation Failure) [PSYoungGen: 267891K->64218K(278016K)] 866038K->716838K(977408K), 0.0148824 secs] [Times: user=0.10 sys=0.00, real=0.01 secs] 
2021-01-22T01:13:10.604+0800: 32.947: [Full GC (Ergonomics) [PSYoungGen: 64218K->0K(278016K)] [ParOldGen: 652619K->386383K(699392K)] 716838K->386383K(977408K), [Metaspace: 2817K->2817K(1056768K)], 0.0519185 secs] [Times: user=0.33 sys=0.01, real=0.05 secs] 
2021-01-22T01:13:10.696+0800: 33.038: [GC (Allocation Failure) [PSYoungGen: 206336K->65093K(277504K)] 592719K->451477K(976896K), 0.0091109 secs] [Times: user=0.06 sys=0.00, real=0.01 secs] 
2021-01-22T01:13:10.736+0800: 33.079: [GC (Allocation Failure) [PSYoungGen: 271429K->66996K(277504K)] 657813K->504951K(976896K), 0.0153391 secs] [Times: user=0.10 sys=0.00, real=0.02 secs] 
2021-01-22T01:13:10.778+0800: 33.121: [GC (Allocation Failure) [PSYoungGen: 273299K->60330K(278016K)] 711253K->556705K(977408K), 0.0134751 secs] [Times: user=0.09 sys=0.00, real=0.02 secs] 
2021-01-22T01:13:10.824+0800: 33.167: [GC (Allocation Failure) [PSYoungGen: 267178K->71153K(273920K)] 763553K->617518K(973312K), 0.0169529 secs] [Times: user=0.12 sys=0.00, real=0.02 secs] 
2021-01-22T01:13:10.878+0800: 33.220: [GC (Allocation Failure) [PSYoungGen: 273759K->66303K(275968K)] 820124K->671801K(975360K), 0.0159545 secs] [Times: user=0.11 sys=0.00, real=0.02 secs] 
2021-01-22T01:13:10.921+0800: 33.264: [GC (Allocation Failure) [PSYoungGen: 269055K->63215K(276992K)] 874553K->724394K(976384K), 0.0147907 secs] [Times: user=0.09 sys=0.00, real=0.01 secs] 
2021-01-22T01:13:10.937+0800: 33.280: [Full GC (Ergonomics) [PSYoungGen: 63215K->0K(276992K)] [ParOldGen: 661179K->380510K(699392K)] 724394K->380510K(976384K), [Metaspace: 2817K->2817K(1056768K)], 0.0555762 secs] [Times: user=0.23 sys=0.02, real=0.06 secs] 
2021-01-22T01:13:11.018+0800: 33.361: [GC (Allocation Failure) [PSYoungGen: 204288K->67009K(276480K)] 584798K->447519K(975872K), 0.0082005 secs] [Times: user=0.06 sys=0.00, real=0.00 secs] 
2021-01-22T01:13:11.067+0800: 33.409: [GC (Allocation Failure) [PSYoungGen: 271280K->72189K(272896K)] 651790K->507958K(972288K), 0.0134126 secs] [Times: user=0.10 sys=0.00, real=0.02 secs] 
2021-01-22T01:13:11.105+0800: 33.448: [GC (Allocation Failure) [PSYoungGen: 272893K->66048K(274944K)] 708662K->562901K(974336K), 0.0172333 secs] [Times: user=0.12 sys=0.00, real=0.02 secs] 
2021-01-22T01:13:11.154+0800: 33.497: [GC (Allocation Failure) [PSYoungGen: 266752K->71767K(272896K)] 763605K->619992K(972288K), 0.0162599 secs] [Times: user=0.11 sys=0.00, real=0.02 secs] 
2021-01-22T01:13:11.199+0800: 33.542: [GC (Allocation Failure) [PSYoungGen: 271447K->59368K(259072K)] 819672K->665086K(958464K), 0.0368757 secs] [Times: user=0.14 sys=0.00, real=0.03 secs] 
2021-01-22T01:13:11.263+0800: 33.606: [GC (Allocation Failure) [PSYoungGen: 259048K->59443K(273920K)] 864766K->713745K(973312K), 0.0133944 secs] [Times: user=0.09 sys=0.00, real=0.01 secs] 
2021-01-22T01:13:11.277+0800: 33.620: [Full GC (Ergonomics) [PSYoungGen: 59443K->0K(273920K)] [ParOldGen: 654302K->377022K(699392K)] 713745K->377022K(973312K), [Metaspace: 2817K->2817K(1056768K)], 0.0525422 secs] [Times: user=0.34 sys=0.01, real=0.06 secs] 
2021-01-22T01:13:11.354+0800: 33.697: [GC (Allocation Failure) [PSYoungGen: 198656K->72597K(271360K)] 575678K->449620K(970752K), 0.0093292 secs] [Times: user=0.06 sys=0.00, real=0.01 secs] 
2021-01-22T01:13:11.390+0800: 33.732: [GC (Allocation Failure) [PSYoungGen: 271253K->65424K(272896K)] 648276K->502431K(972288K), 0.0191530 secs] [Times: user=0.13 sys=0.00, real=0.02 secs] 
2021-01-22T01:13:11.441+0800: 33.783: [GC (Allocation Failure) [PSYoungGen: 261008K->60516K(271872K)] 698015K->553442K(971264K), 0.0159724 secs] [Times: user=0.06 sys=0.01, real=0.01 secs] 
2021-01-22T01:13:11.482+0800: 33.824: [GC (Allocation Failure) [PSYoungGen: 256100K->62221K(273408K)] 749026K->605431K(972800K), 0.0141867 secs] [Times: user=0.10 sys=0.00, real=0.01 secs] 
2021-01-22T01:13:11.529+0800: 33.872: [GC (Allocation Failure) [PSYoungGen: 259341K->63424K(272896K)] 802551K->656397K(972288K), 0.0136925 secs] [Times: user=0.08 sys=0.01, real=0.01 secs] 
2021-01-22T01:13:11.570+0800: 33.913: [GC (Allocation Failure) [PSYoungGen: 260349K->65469K(274944K)] 853321K->710357K(974336K), 0.0192503 secs] [Times: user=0.05 sys=0.00, real=0.02 secs] 
2021-01-22T01:13:11.589+0800: 33.932: [Full GC (Ergonomics) [PSYoungGen: 65469K->0K(274944K)] [ParOldGen: 644887K->383297K(699392K)] 710357K->383297K(974336K), [Metaspace: 2817K->2817K(1056768K)], 0.0791277 secs] [Times: user=0.31 sys=0.00, real=0.08 secs] 
2021-01-22T01:13:11.694+0800: 34.036: [GC (Allocation Failure) [PSYoungGen: 200192K->62226K(274432K)] 583489K->445524K(973824K), 0.0077220 secs] [Times: user=0.05 sys=0.00, real=0.01 secs] 
2021-01-22T01:13:11.731+0800: 34.074: [GC (Allocation Failure) [PSYoungGen: 262418K->64543K(276480K)] 645716K->501484K(975872K), 0.0121509 secs] [Times: user=0.06 sys=0.00, real=0.01 secs] 
2021-01-22T01:13:11.769+0800: 34.112: [GC (Allocation Failure) [PSYoungGen: 267295K->64183K(275456K)] 704236K->555620K(974848K), 0.0140537 secs] [Times: user=0.09 sys=0.00, real=0.01 secs] 
2021-01-22T01:13:11.816+0800: 34.158: [GC (Allocation Failure) [PSYoungGen: 266935K->57937K(275968K)] 758372K->600622K(975360K), 0.0126583 secs] [Times: user=0.09 sys=0.00, real=0.02 secs] 
2021-01-22T01:13:11.857+0800: 34.200: [GC (Allocation Failure) [PSYoungGen: 261713K->63082K(276480K)] 804398K->652451K(975872K), 0.0139423 secs] [Times: user=0.09 sys=0.00, real=0.02 secs] 
2021-01-22T01:13:11.905+0800: 34.248: [GC (Allocation Failure) [PSYoungGen: 266858K->61805K(278016K)] 856227K->699809K(977408K), 0.0132153 secs] [Times: user=0.08 sys=0.01, real=0.02 secs] 
2021-01-22T01:13:11.919+0800: 34.262: [Full GC (Ergonomics) [PSYoungGen: 61805K->0K(278016K)] [ParOldGen: 638003K->369816K(699392K)] 699809K->369816K(977408K), [Metaspace: 2817K->2817K(1056768K)], 0.0452547 secs] [Times: user=0.29 sys=0.00, real=0.04 secs] 
2021-01-22T01:13:12.000+0800: 34.342: [GC (Allocation Failure) [PSYoungGen: 206330K->63749K(277504K)] 576146K->433566K(976896K), 0.0081038 secs] [Times: user=0.05 sys=0.00, real=0.00 secs] 
2021-01-22T01:13:12.036+0800: 34.378: [GC (Allocation Failure) [PSYoungGen: 270085K->59618K(278528K)] 639902K->482607K(977920K), 0.0261241 secs] [Times: user=0.07 sys=0.00, real=0.03 secs] 
2021-01-22T01:13:12.098+0800: 34.441: [GC (Allocation Failure) [PSYoungGen: 267490K->59821K(278528K)] 690479K->533478K(977920K), 0.0127723 secs] [Times: user=0.08 sys=0.00, real=0.01 secs] 
2021-01-22T01:13:12.146+0800: 34.489: [GC (Allocation Failure) [PSYoungGen: 267693K->68467K(276480K)] 741350K->593720K(975872K), 0.0138159 secs] [Times: user=0.09 sys=0.00, real=0.02 secs] 
2021-01-22T01:13:12.187+0800: 34.530: [GC (Allocation Failure) [PSYoungGen: 274291K->66533K(272384K)] 799544K->643863K(971776K), 0.0205305 secs] [Times: user=0.05 sys=0.00, real=0.03 secs] 
2021-01-22T01:13:12.237+0800: 34.580: [GC (Allocation Failure) [PSYoungGen: 272357K->70580K(273920K)] 849687K->701902K(973312K), 0.0183198 secs] [Times: user=0.12 sys=0.00, real=0.02 secs] 
2021-01-22T01:13:12.256+0800: 34.599: [Full GC (Ergonomics) [PSYoungGen: 70580K->0K(273920K)] [ParOldGen: 631321K->374673K(699392K)] 701902K->374673K(973312K), [Metaspace: 2817K->2817K(1056768K)], 0.0668422 secs] [Times: user=0.32 sys=0.01, real=0.07 secs] 
2021-01-22T01:13:12.351+0800: 34.694: [GC (Allocation Failure) [PSYoungGen: 201728K->60226K(275456K)] 576401K->434900K(974848K), 0.0088688 secs] [Times: user=0.06 sys=0.00, real=0.01 secs] 
2021-01-22T01:13:12.398+0800: 34.740: [GC (Allocation Failure) [PSYoungGen: 261954K->62374K(275968K)] 636628K->486107K(975360K), 0.0137252 secs] [Times: user=0.08 sys=0.01, real=0.02 secs] 
2021-01-22T01:13:12.436+0800: 34.779: [GC (Allocation Failure) [PSYoungGen: 264614K->73213K(275456K)] 688347K->553207K(974848K), 0.0156330 secs] [Times: user=0.10 sys=0.00, real=0.02 secs] 
2021-01-22T01:13:12.490+0800: 34.833: [GC (Allocation Failure) [PSYoungGen: 275453K->66146K(272384K)] 755447K->610032K(971776K), 0.0157515 secs] [Times: user=0.10 sys=0.00, real=0.01 secs] 
2021-01-22T01:13:12.532+0800: 34.875: [GC (Allocation Failure) [PSYoungGen: 264736K->62108K(273920K)] 808622K->660756K(973312K), 0.0141988 secs] [Times: user=0.09 sys=0.00, real=0.01 secs] 
2021-01-22T01:13:12.573+0800: 34.916: [GC (Allocation Failure) [PSYoungGen: 260469K->61302K(274944K)] 859117K->708473K(974336K), 0.0132499 secs] [Times: user=0.09 sys=0.00, real=0.01 secs] 
2021-01-22T01:13:12.587+0800: 34.930: [Full GC (Ergonomics) [PSYoungGen: 61302K->0K(274944K)] [ParOldGen: 647171K->378424K(699392K)] 708473K->378424K(974336K), [Metaspace: 2817K->2817K(1056768K)], 0.0442640 secs] [Times: user=0.28 sys=0.02, real=0.05 secs] 
2021-01-22T01:13:12.660+0800: 35.002: [GC (Allocation Failure) [PSYoungGen: 200192K->61767K(274432K)] 578616K->440192K(973824K), 0.0088938 secs] [Times: user=0.05 sys=0.00, real=0.01 secs] 
2021-01-22T01:13:12.697+0800: 35.040: [GC (Allocation Failure) [PSYoungGen: 261959K->61782K(275968K)] 640384K->490318K(975360K), 0.0129420 secs] [Times: user=0.09 sys=0.00, real=0.02 secs] 
2021-01-22T01:13:12.740+0800: 35.083: [GC (Allocation Failure) [PSYoungGen: 264022K->65867K(275456K)] 692558K->541309K(974848K), 0.0200758 secs] [Times: user=0.06 sys=0.00, real=0.02 secs] 
2021-01-22T01:13:12.786+0800: 35.129: [GC (Allocation Failure) [PSYoungGen: 268107K->61142K(276480K)] 743549K->589457K(975872K), 0.0138264 secs] [Times: user=0.09 sys=0.00, real=0.02 secs] 
2021-01-22T01:13:12.832+0800: 35.175: [GC (Allocation Failure) [PSYoungGen: 264918K->72161K(275968K)] 793233K->647540K(975360K), 0.0151390 secs] [Times: user=0.10 sys=0.00, real=0.01 secs] 
2021-01-22T01:13:12.879+0800: 35.222: [GC (Allocation Failure) [PSYoungGen: 275937K->67321K(272896K)] 851316K->703318K(972288K), 0.0265354 secs] [Times: user=0.11 sys=0.00, real=0.02 secs] 
2021-01-22T01:13:12.906+0800: 35.249: [Full GC (Ergonomics) [PSYoungGen: 67321K->0K(272896K)] [ParOldGen: 635997K->367384K(699392K)] 703318K->367384K(972288K), [Metaspace: 2817K->2817K(1056768K)], 0.0472543 secs] [Times: user=0.29 sys=0.00, real=0.05 secs] 
2021-01-22T01:13:12.979+0800: 35.321: [GC (Allocation Failure) [PSYoungGen: 199680K->63323K(274432K)] 567064K->430707K(973824K), 0.0078318 secs] [Times: user=0.05 sys=0.00, real=0.00 secs] 
2021-01-22T01:13:13.014+0800: 35.357: [GC (Allocation Failure) [PSYoungGen: 263003K->62064K(275456K)] 630387K->481602K(974848K), 0.0130344 secs] [Times: user=0.09 sys=0.00, real=0.01 secs] 
2021-01-22T01:13:13.053+0800: 35.396: [GC (Allocation Failure) [PSYoungGen: 263280K->68961K(274944K)] 682818K->537891K(974336K), 0.0135679 secs] [Times: user=0.09 sys=0.00, real=0.01 secs] 
2021-01-22T01:13:13.094+0800: 35.436: [GC (Allocation Failure) [PSYoungGen: 270177K->61256K(274944K)] 739107K->588565K(974336K), 0.0238604 secs] [Times: user=0.14 sys=0.00, real=0.02 secs] 
2021-01-22T01:13:13.149+0800: 35.492: [GC (Allocation Failure) [PSYoungGen: 261960K->64051K(274944K)] 789269K->639122K(974336K), 0.0134042 secs] [Times: user=0.09 sys=0.00, real=0.01 secs] 
2021-01-22T01:13:13.198+0800: 35.541: [GC (Allocation Failure) [PSYoungGen: 264755K->66286K(275968K)] 839826K->697556K(975360K), 0.0150193 secs] [Times: user=0.10 sys=0.00, real=0.02 secs] 
2021-01-22T01:13:13.213+0800: 35.556: [Full GC (Ergonomics) [PSYoungGen: 66286K->0K(275968K)] [ParOldGen: 631270K->374783K(699392K)] 697556K->374783K(975360K), [Metaspace: 2817K->2817K(1056768K)], 0.0572845 secs] [Times: user=0.36 sys=0.00, real=0.07 secs] 
2021-01-22T01:13:13.310+0800: 35.653: [GC (Allocation Failure) [PSYoungGen: 202752K->66597K(275968K)] 577535K->441380K(975360K), 0.0080042 secs] [Times: user=0.05 sys=0.00, real=0.00 secs] 
2021-01-22T01:13:13.343+0800: 35.686: [GC (Allocation Failure) [PSYoungGen: 269323K->68875K(274944K)] 644106K->497545K(974336K), 0.0202736 secs] [Times: user=0.07 sys=0.00, real=0.02 secs] 
2021-01-22T01:13:13.390+0800: 35.733: [GC (Allocation Failure) [PSYoungGen: 270273K->66926K(275456K)] 698943K->553071K(974848K), 0.0151682 secs] [Times: user=0.10 sys=0.00, real=0.01 secs] 
2021-01-22T01:13:13.433+0800: 35.776: [GC (Allocation Failure) [PSYoungGen: 268654K->60254K(275456K)] 754799K->599944K(974848K), 0.0139259 secs] [Times: user=0.09 sys=0.01, real=0.01 secs] 
2021-01-22T01:13:13.474+0800: 35.817: [GC (Allocation Failure) [PSYoungGen: 261982K->64461K(275456K)] 801672K->654798K(974848K), 0.0233884 secs] [Times: user=0.14 sys=0.00, real=0.03 secs] 
2021-01-22T01:13:13.527+0800: 35.869: [GC (Allocation Failure) [PSYoungGen: 266019K->57953K(275456K)] 856356K->703209K(974848K), 0.0134299 secs] [Times: user=0.09 sys=0.00, real=0.02 secs] 
2021-01-22T01:13:13.540+0800: 35.883: [Full GC (Ergonomics) [PSYoungGen: 57953K->0K(275456K)] [ParOldGen: 645256K->370972K(699392K)] 703209K->370972K(974848K), [Metaspace: 2817K->2817K(1056768K)], 0.0592039 secs] [Times: user=0.31 sys=0.00, real=0.06 secs] 
2021-01-22T01:13:13.625+0800: 35.968: [GC (Allocation Failure) [PSYoungGen: 202752K->68035K(270848K)] 573724K->439007K(970240K), 0.0085447 secs] [Times: user=0.05 sys=0.00, real=0.01 secs] 
2021-01-22T01:13:13.664+0800: 36.007: [GC (Allocation Failure) [PSYoungGen: 270787K->67391K(275456K)] 641759K->492199K(974848K), 0.0140856 secs] [Times: user=0.09 sys=0.01, real=0.02 secs] 
2021-01-22T01:13:13.717+0800: 36.060: [GC (Allocation Failure) [PSYoungGen: 269119K->60126K(275456K)] 693927K->541544K(974848K), 0.0239032 secs] [Times: user=0.11 sys=0.00, real=0.05 secs] 
2021-01-22T01:13:13.788+0800: 36.131: [GC (Allocation Failure) [PSYoungGen: 261854K->58861K(275456K)] 743272K->592161K(974848K), 0.0167265 secs] [Times: user=0.06 sys=0.00, real=0.01 secs] 
2021-01-22T01:13:13.831+0800: 36.173: [GC (Allocation Failure) [PSYoungGen: 260589K->66535K(275456K)] 793889K->646770K(974848K), 0.0123045 secs] [Times: user=0.09 sys=0.00, real=0.01 secs] 
2021-01-22T01:13:13.872+0800: 36.215: [GC (Allocation Failure) [PSYoungGen: 268263K->65494K(275968K)] 848498K->701117K(975360K), 0.0158086 secs] [Times: user=0.04 sys=0.01, real=0.02 secs] 
2021-01-22T01:13:13.888+0800: 36.231: [Full GC (Ergonomics) [PSYoungGen: 65494K->0K(275968K)] [ParOldGen: 635622K->375753K(699392K)] 701117K->375753K(975360K), [Metaspace: 2817K->2817K(1056768K)], 0.0504957 secs] [Times: user=0.31 sys=0.00, real=0.05 secs] 
2021-01-22T01:13:13.970+0800: 36.312: [GC (Allocation Failure) [PSYoungGen: 202240K->69438K(271872K)] 577993K->445191K(971264K), 0.0083095 secs] [Times: user=0.04 sys=0.01, real=0.01 secs] 
2021-01-22T01:13:14.004+0800: 36.347: [GC (Allocation Failure) [PSYoungGen: 271678K->59722K(274944K)] 647431K->493169K(974336K), 0.0146862 secs] [Times: user=0.10 sys=0.00, real=0.02 secs] 
2021-01-22T01:13:14.049+0800: 36.392: [GC (Allocation Failure) [PSYoungGen: 260426K->62318K(274944K)] 693873K->545557K(974336K), 0.0131695 secs] [Times: user=0.09 sys=0.00, real=0.01 secs] 
2021-01-22T01:13:14.089+0800: 36.432: [GC (Allocation Failure) [PSYoungGen: 263022K->66540K(275456K)] 746261K->600277K(974848K), 0.0239285 secs] [Times: user=0.09 sys=0.00, real=0.02 secs] 
2021-01-22T01:13:14.136+0800: 36.479: [GC (Allocation Failure) [PSYoungGen: 268268K->66969K(275456K)] 802005K->653887K(974848K), 0.0228563 secs] [Times: user=0.15 sys=0.00, real=0.03 secs] 
2021-01-22T01:13:14.187+0800: 36.529: [GC (Allocation Failure) [PSYoungGen: 268697K->67703K(274432K)] 855615K->707393K(973824K), 0.0202947 secs] [Times: user=0.08 sys=0.00, real=0.02 secs] 
2021-01-22T01:13:14.207+0800: 36.550: [Full GC (Ergonomics) [PSYoungGen: 67703K->0K(274432K)] [ParOldGen: 639690K->373320K(699392K)] 707393K->373320K(973824K), [Metaspace: 2817K->2817K(1056768K)], 0.0644567 secs] [Times: user=0.28 sys=0.00, real=0.07 secs] 
2021-01-22T01:13:14.297+0800: 36.640: [GC (Allocation Failure) [PSYoungGen: 200704K->63011K(274944K)] 574024K->436331K(974336K), 0.0076489 secs] [Times: user=0.05 sys=0.00, real=0.01 secs] 
2021-01-22T01:13:14.332+0800: 36.675: [GC (Allocation Failure) [PSYoungGen: 263715K->60003K(275968K)] 637035K->484766K(975360K), 0.0135385 secs] [Times: user=0.08 sys=0.00, real=0.01 secs] 
2021-01-22T01:13:14.372+0800: 36.715: [GC (Allocation Failure) [PSYoungGen: 262755K->70995K(273920K)] 687518K->546621K(973312K), 0.0148298 secs] [Times: user=0.10 sys=0.00, real=0.01 secs] 
2021-01-22T01:13:14.420+0800: 36.763: [GC (Allocation Failure) [PSYoungGen: 273747K->71647K(271872K)] 749373K->607443K(971264K), 0.0151351 secs] [Times: user=0.10 sys=0.00, real=0.01 secs] 
2021-01-22T01:13:14.464+0800: 36.806: [GC (Allocation Failure) [PSYoungGen: 268196K->63418K(272896K)] 803992K->655625K(972288K), 0.0271490 secs] [Times: user=0.09 sys=0.00, real=0.03 secs] 
2021-01-22T01:13:14.517+0800: 36.860: [GC (Allocation Failure) [PSYoungGen: 259383K->58989K(273408K)] 851590K->705506K(972800K), 0.0145938 secs] [Times: user=0.09 sys=0.00, real=0.02 secs] 
2021-01-22T01:13:14.532+0800: 36.875: [Full GC (Ergonomics) [PSYoungGen: 58989K->0K(273408K)] [ParOldGen: 646517K->384157K(699392K)] 705506K->384157K(972800K), [Metaspace: 2817K->2817K(1056768K)], 0.0603553 secs] [Times: user=0.32 sys=0.00, real=0.06 secs] 
2021-01-22T01:13:14.624+0800: 36.967: [GC (Allocation Failure) [PSYoungGen: 197632K->65763K(273408K)] 581789K->449920K(972800K), 0.0147718 secs] [Times: user=0.04 sys=0.00, real=0.02 secs] 
2021-01-22T01:13:14.666+0800: 37.009: [GC (Allocation Failure) [PSYoungGen: 263395K->59354K(273920K)] 647552K->497590K(973312K), 0.0130432 secs] [Times: user=0.09 sys=0.00, real=0.02 secs] 
2021-01-22T01:13:14.705+0800: 37.048: [GC (Allocation Failure) [PSYoungGen: 258010K->63545K(273920K)] 696246K->550931K(973312K), 0.0154174 secs] [Times: user=0.06 sys=0.00, real=0.02 secs] 
2021-01-22T01:13:14.748+0800: 37.091: [GC (Allocation Failure) [PSYoungGen: 262201K->57677K(274944K)] 749587K->596868K(974336K), 0.0187520 secs] [Times: user=0.12 sys=0.00, real=0.01 secs] 
2021-01-22T01:13:14.800+0800: 37.143: [GC (Allocation Failure) [PSYoungGen: 258381K->65766K(274944K)] 797572K->655112K(974336K), 0.0141160 secs] [Times: user=0.09 sys=0.00, real=0.01 secs] 
2021-01-22T01:13:14.841+0800: 37.184: [GC (Allocation Failure) [PSYoungGen: 266470K->63690K(275968K)] 855816K->710216K(975360K), 0.0239464 secs] [Times: user=0.09 sys=0.00, real=0.02 secs] 
2021-01-22T01:13:14.866+0800: 37.209: [Full GC (Ergonomics) [PSYoungGen: 63690K->0K(275968K)] [ParOldGen: 646525K->370563K(699392K)] 710216K->370563K(975360K), [Metaspace: 2817K->2817K(1056768K)], 0.0438650 secs] [Times: user=0.26 sys=0.00, real=0.05 secs] 
2021-01-22T01:13:14.938+0800: 37.281: [GC (Allocation Failure) [PSYoungGen: 201587K->70566K(272384K)] 572150K->441129K(971776K), 0.0122958 secs] [Times: user=0.06 sys=0.00, real=0.01 secs] 
2021-01-22T01:13:14.981+0800: 37.324: [GC (Allocation Failure) [PSYoungGen: 272220K->63102K(275456K)] 642783K->488629K(974848K), 0.0140862 secs] [Times: user=0.10 sys=0.00, real=0.01 secs] 
2021-01-22T01:13:15.027+0800: 37.370: [GC (Allocation Failure) [PSYoungGen: 263806K->63950K(274432K)] 689333K->541347K(973824K), 0.0117225 secs] [Times: user=0.04 sys=0.01, real=0.02 secs] 
2021-01-22T01:13:15.064+0800: 37.407: [GC (Allocation Failure) [PSYoungGen: 264654K->67584K(275968K)] 742051K->599193K(975360K), 0.0216337 secs] [Times: user=0.15 sys=0.00, real=0.02 secs] 
2021-01-22T01:13:15.117+0800: 37.460: [GC (Allocation Failure) [PSYoungGen: 270336K->69042K(271872K)] 801945K->655587K(971264K), 0.0147019 secs] [Times: user=0.10 sys=0.00, real=0.02 secs] 
2021-01-22T01:13:15.170+0800: 37.512: [GC (Allocation Failure) [PSYoungGen: 271794K->65277K(275968K)] 858339K->706229K(975360K), 0.0154635 secs] [Times: user=0.05 sys=0.00, real=0.01 secs] 
2021-01-22T01:13:15.186+0800: 37.529: [Full GC (Ergonomics) [PSYoungGen: 65277K->0K(275968K)] [ParOldGen: 640952K->377111K(699392K)] 706229K->377111K(975360K), [Metaspace: 2817K->2817K(1056768K)], 0.0421633 secs] [Times: user=0.28 sys=0.00, real=0.05 secs] 
2021-01-22T01:13:15.255+0800: 37.598: [GC (Allocation Failure) [PSYoungGen: 201728K->64019K(274944K)] 578839K->441130K(974336K), 0.0085623 secs] [Times: user=0.07 sys=0.00, real=0.01 secs] 
2021-01-22T01:13:15.289+0800: 37.631: [GC (Allocation Failure) [PSYoungGen: 265747K->71388K(273408K)] 642858K->499953K(972800K), 0.0148349 secs] [Times: user=0.10 sys=0.00, real=0.01 secs] 
2021-01-22T01:13:15.331+0800: 37.674: [GC (Allocation Failure) [PSYoungGen: 272092K->61960K(274944K)] 700657K->551409K(974336K), 0.0144202 secs] [Times: user=0.10 sys=0.00, real=0.01 secs] 
2021-01-22T01:13:15.371+0800: 37.714: [GC (Allocation Failure) [PSYoungGen: 262664K->62490K(275456K)] 752113K->604181K(974848K), 0.0140694 secs] [Times: user=0.09 sys=0.00, real=0.01 secs] 
2021-01-22T01:13:15.415+0800: 37.758: [GC (Allocation Failure) [PSYoungGen: 263413K->65241K(274944K)] 805104K->659905K(974336K), 0.0222993 secs] [Times: user=0.15 sys=0.00, real=0.02 secs] 
2021-01-22T01:13:15.469+0800: 37.811: [GC (Allocation Failure) [PSYoungGen: 266420K->68761K(274944K)] 861084K->719526K(974336K), 0.0196894 secs] [Times: user=0.05 sys=0.01, real=0.02 secs] 
2021-01-22T01:13:15.489+0800: 37.832: [Full GC (Ergonomics) [PSYoungGen: 68761K->0K(274944K)] [ParOldGen: 650764K->372576K(699392K)] 719526K->372576K(974336K), [Metaspace: 2817K->2817K(1056768K)], 0.0506754 secs] [Times: user=0.15 sys=0.00, real=0.05 secs] 
2021-01-22T01:13:15.565+0800: 37.908: [GC (Allocation Failure) [PSYoungGen: 201722K->68480K(275456K)] 574298K->441057K(974848K), 0.0086991 secs] [Times: user=0.05 sys=0.00, real=0.01 secs] 
2021-01-22T01:13:15.610+0800: 37.953: [GC (Allocation Failure) [PSYoungGen: 270208K->67150K(275456K)] 642785K->494663K(974848K), 0.0146691 secs] [Times: user=0.10 sys=0.00, real=0.01 secs] 
2021-01-22T01:13:15.655+0800: 37.998: [GC (Allocation Failure) [PSYoungGen: 268878K->60479K(275456K)] 696391K->544007K(974848K), 0.0159422 secs] [Times: user=0.04 sys=0.00, real=0.02 secs] 
2021-01-22T01:13:15.703+0800: 38.046: [GC (Allocation Failure) [PSYoungGen: 262207K->61903K(275456K)] 745735K->595984K(974848K), 0.0143238 secs] [Times: user=0.09 sys=0.00, real=0.01 secs] 
2021-01-22T01:13:15.752+0800: 38.094: [GC (Allocation Failure) [PSYoungGen: 263631K->65677K(275456K)] 797712K->652220K(974848K), 0.0202294 secs] [Times: user=0.08 sys=0.00, real=0.02 secs] 
2021-01-22T01:13:15.803+0800: 38.146: [GC (Allocation Failure) [PSYoungGen: 267405K->60651K(275968K)] 853948K->700286K(975360K), 0.0168489 secs] [Times: user=0.11 sys=0.00, real=0.02 secs] 
2021-01-22T01:13:15.821+0800: 38.164: [Full GC (Ergonomics) [PSYoungGen: 60651K->0K(275968K)] [ParOldGen: 639635K->360086K(699392K)] 700286K->360086K(975360K), [Metaspace: 2817K->2817K(1056768K)], 0.0659545 secs] [Times: user=0.32 sys=0.00, real=0.06 secs] 
2021-01-22T01:13:15.916+0800: 38.259: [GC (Allocation Failure) [PSYoungGen: 202752K->63856K(275968K)] 562838K->423942K(975360K), 0.0077645 secs] [Times: user=0.05 sys=0.00, real=0.01 secs] 
2021-01-22T01:13:15.955+0800: 38.298: [GC (Allocation Failure) [PSYoungGen: 266608K->60828K(276992K)] 626694K->472559K(976384K), 0.0143947 secs] [Times: user=0.09 sys=0.00, real=0.02 secs] 
2021-01-22T01:13:15.996+0800: 38.339: [GC (Allocation Failure) [PSYoungGen: 265628K->67049K(271872K)] 677359K->525943K(971264K), 0.0257209 secs] [Times: user=0.14 sys=0.00, real=0.03 secs] 
2021-01-22T01:13:16.049+0800: 38.392: [GC (Allocation Failure) [PSYoungGen: 271849K->62975K(276992K)] 730743K->579380K(976384K), 0.0146763 secs] [Times: user=0.10 sys=0.00, real=0.01 secs] 
2021-01-22T01:13:16.098+0800: 38.441: [GC (Allocation Failure) [PSYoungGen: 267263K->62622K(276480K)] 783668K->632699K(975872K), 0.0139671 secs] [Times: user=0.09 sys=0.00, real=0.01 secs] 
2021-01-22T01:13:16.145+0800: 38.488: [GC (Allocation Failure) [PSYoungGen: 266910K->66624K(277504K)] 836987K->688020K(976896K), 0.0126284 secs] [Times: user=0.10 sys=0.00, real=0.01 secs] 
2021-01-22T01:13:16.185+0800: 38.528: [GC (Allocation Failure) [PSYoungGen: 272448K->70690K(276992K)] 893844K->748380K(976384K), 0.0225966 secs] [Times: user=0.16 sys=0.00, real=0.02 secs] 
2021-01-22T01:13:16.208+0800: 38.551: [Full GC (Ergonomics) [PSYoungGen: 70690K->0K(276992K)] [ParOldGen: 677690K->356756K(699392K)] 748380K->356756K(976384K), [Metaspace: 2817K->2817K(1056768K)], 0.0456486 secs] [Times: user=0.29 sys=0.00, real=0.05 secs] 
2021-01-22T01:13:16.283+0800: 38.626: [GC (Allocation Failure) [PSYoungGen: 205824K->66405K(274944K)] 562580K->423162K(974336K), 0.0084935 secs] [Times: user=0.05 sys=0.00, real=0.01 secs] 
2021-01-22T01:13:16.325+0800: 38.668: [GC (Allocation Failure) [PSYoungGen: 269157K->66315K(275968K)] 625914K->478306K(975360K), 0.0218599 secs] [Times: user=0.15 sys=0.00, real=0.02 secs] 
2021-01-22T01:13:16.373+0800: 38.716: [GC (Allocation Failure) [PSYoungGen: 269067K->69794K(274432K)] 681058K->534831K(973824K), 0.0227395 secs] [Times: user=0.06 sys=0.00, real=0.02 secs] 
2021-01-22T01:13:16.419+0800: 38.762: [GC (Allocation Failure) [PSYoungGen: 271522K->65846K(275456K)] 736559K->589301K(974848K), 0.0148648 secs] [Times: user=0.10 sys=0.01, real=0.01 secs] 
2021-01-22T01:13:16.464+0800: 38.807: [GC (Allocation Failure) [PSYoungGen: 267574K->64618K(276992K)] 791029K->636799K(976384K), 0.0174681 secs] [Times: user=0.06 sys=0.00, real=0.02 secs] 
2021-01-22T01:13:16.534+0800: 38.877: [GC (Allocation Failure) [PSYoungGen: 268906K->64001K(276480K)] 841087K->689680K(975872K), 0.0146330 secs] [Times: user=0.09 sys=0.00, real=0.02 secs] 
2021-01-22T01:13:16.576+0800: 38.918: [GC (Allocation Failure) [PSYoungGen: 268289K->68408K(275968K)] 893968K->748086K(975360K), 0.0157949 secs] [Times: user=0.10 sys=0.00, real=0.02 secs] 
2021-01-22T01:13:16.592+0800: 38.935: [Full GC (Ergonomics) [PSYoungGen: 68408K->0K(275968K)] [ParOldGen: 679677K->377528K(699392K)] 748086K->377528K(975360K), [Metaspace: 2817K->2817K(1056768K)], 0.0445958 secs] [Times: user=0.30 sys=0.00, real=0.04 secs] 
2021-01-22T01:13:16.666+0800: 39.009: [GC (Allocation Failure) [PSYoungGen: 203776K->71394K(275456K)] 581304K->448922K(974848K), 0.0094571 secs] [Times: user=0.06 sys=0.00, real=0.01 secs] 
2021-01-22T01:13:16.706+0800: 39.048: [GC (Allocation Failure) [PSYoungGen: 275170K->57949K(273408K)] 652698K->491909K(972800K), 0.0145986 secs] [Times: user=0.09 sys=0.00, real=0.02 secs] 
2021-01-22T01:13:16.754+0800: 39.097: [GC (Allocation Failure) [PSYoungGen: 257629K->56396K(256512K)] 691589K->534325K(955904K), 0.0122348 secs] [Times: user=0.07 sys=0.00, real=0.01 secs] 
2021-01-22T01:13:16.791+0800: 39.134: [GC (Allocation Failure) [PSYoungGen: 255971K->61242K(274432K)] 733900K->586238K(973824K), 0.0125809 secs] [Times: user=0.08 sys=0.00, real=0.01 secs] 
2021-01-22T01:13:16.836+0800: 39.179: [GC (Allocation Failure) [PSYoungGen: 259836K->67838K(273920K)] 784832K->646056K(973312K), 0.0157026 secs] [Times: user=0.11 sys=0.00, real=0.02 secs] 
2021-01-22T01:13:16.881+0800: 39.224: [GC (Allocation Failure) [PSYoungGen: 266726K->61443K(274432K)] 844943K->692837K(973824K), 0.0129599 secs] [Times: user=0.09 sys=0.00, real=0.01 secs] 
2021-01-22T01:13:16.934+0800: 39.276: [GC (Allocation Failure) [PSYoungGen: 260288K->64584K(273920K)] 891682K->743662K(973312K), 0.0147654 secs] [Times: user=0.10 sys=0.01, real=0.02 secs] 
2021-01-22T01:13:16.949+0800: 39.292: [Full GC (Ergonomics) [PSYoungGen: 64584K->0K(273920K)] [ParOldGen: 679078K->364326K(699392K)] 743662K->364326K(973312K), [Metaspace: 2817K->2817K(1056768K)], 0.0499963 secs] [Times: user=0.29 sys=0.01, real=0.05 secs] 
2021-01-22T01:13:17.031+0800: 39.374: [GC (Allocation Failure) [PSYoungGen: 199168K->63905K(276480K)] 563494K->428231K(975872K), 0.0081010 secs] [Times: user=0.05 sys=0.00, real=0.01 secs] 
2021-01-22T01:13:17.070+0800: 39.413: [GC (Allocation Failure) [PSYoungGen: 266657K->68377K(275456K)] 630983K->488359K(974848K), 0.0159664 secs] [Times: user=0.06 sys=0.00, real=0.01 secs] 
2021-01-22T01:13:17.113+0800: 39.456: [GC (Allocation Failure) [PSYoungGen: 271115K->69143K(274432K)] 691096K->548769K(973824K), 0.0153136 secs] [Times: user=0.09 sys=0.01, real=0.02 secs] 
2021-01-22T01:13:17.160+0800: 39.502: [GC (Allocation Failure) [PSYoungGen: 269847K->70519K(271360K)] 749473K->608673K(970752K), 0.0162704 secs] [Times: user=0.11 sys=0.00, real=0.01 secs] 
2021-01-22T01:13:17.205+0800: 39.548: [GC (Allocation Failure) [PSYoungGen: 271223K->69012K(272896K)] 809377K->667153K(972288K), 0.0156996 secs] [Times: user=0.11 sys=0.00, real=0.02 secs] 
2021-01-22T01:13:17.253+0800: 39.596: [GC (Allocation Failure) [PSYoungGen: 266644K->65948K(273408K)] 864785K->723650K(972800K), 0.0150521 secs] [Times: user=0.10 sys=0.00, real=0.01 secs] 
2021-01-22T01:13:17.268+0800: 39.611: [Full GC (Ergonomics) [PSYoungGen: 65948K->0K(273408K)] [ParOldGen: 657702K->388781K(699392K)] 723650K->388781K(972800K), [Metaspace: 2817K->2817K(1056768K)], 0.0583743 secs] [Times: user=0.34 sys=0.00, real=0.05 secs] 
2021-01-22T01:13:17.357+0800: 39.699: [GC (Allocation Failure) [PSYoungGen: 197632K->62835K(274944K)] 586413K->451617K(974336K), 0.0086461 secs] [Times: user=0.06 sys=0.00, real=0.01 secs] 
2021-01-22T01:13:17.393+0800: 39.736: [GC (Allocation Failure) [PSYoungGen: 263027K->67990K(274432K)] 651809K->512010K(973824K), 0.0132806 secs] [Times: user=0.06 sys=0.00, real=0.01 secs] 
2021-01-22T01:13:17.441+0800: 39.784: [GC (Allocation Failure) [PSYoungGen: 268182K->58427K(273920K)] 712202K->561348K(973312K), 0.0116773 secs] [Times: user=0.09 sys=0.00, real=0.01 secs] 
2021-01-22T01:13:17.479+0800: 39.822: [GC (Allocation Failure) [PSYoungGen: 258107K->68044K(267776K)] 761028K->616783K(967168K), 0.0139041 secs] [Times: user=0.09 sys=0.00, real=0.01 secs] 
2021-01-22T01:13:17.527+0800: 39.869: [GC (Allocation Failure) [PSYoungGen: 267724K->54599K(272896K)] 816463K->657335K(972288K), 0.0176056 secs] [Times: user=0.11 sys=0.00, real=0.02 secs] 
2021-01-22T01:13:17.575+0800: 39.918: [GC (Allocation Failure) [PSYoungGen: 252231K->66810K(273408K)] 854967K->715199K(972800K), 0.0139047 secs] [Times: user=0.08 sys=0.00, real=0.02 secs] 
2021-01-22T01:13:17.589+0800: 39.932: [Full GC (Ergonomics) [PSYoungGen: 66810K->0K(273408K)] [ParOldGen: 648389K->372500K(699392K)] 715199K->372500K(972800K), [Metaspace: 2817K->2817K(1056768K)], 0.0503052 secs] [Times: user=0.31 sys=0.00, real=0.05 secs] 
2021-01-22T01:13:17.673+0800: 40.015: [GC (Allocation Failure) [PSYoungGen: 197632K->72052K(270336K)] 570132K->444552K(969728K), 0.0115715 secs] [Times: user=0.05 sys=0.00, real=0.01 secs] 
2021-01-22T01:13:17.711+0800: 40.054: [GC (Allocation Failure) [PSYoungGen: 266612K->61514K(271872K)] 639112K->489715K(971264K), 0.0137269 secs] [Times: user=0.09 sys=0.00, real=0.01 secs] 
2021-01-22T01:13:17.756+0800: 40.099: [GC (Allocation Failure) [PSYoungGen: 256074K->64720K(273408K)] 684275K->545306K(972800K), 0.0142902 secs] [Times: user=0.09 sys=0.00, real=0.02 secs] 
2021-01-22T01:13:17.800+0800: 40.143: [GC (Allocation Failure) [PSYoungGen: 261328K->64551K(272384K)] 741914K->598110K(971776K), 0.0215687 secs] [Times: user=0.09 sys=0.00, real=0.02 secs] 
2021-01-22T01:13:17.848+0800: 40.191: [GC (Allocation Failure) [PSYoungGen: 261159K->61886K(274944K)] 794718K->651361K(974336K), 0.0139233 secs] [Times: user=0.10 sys=0.00, real=0.01 secs] 
2021-01-22T01:13:17.888+0800: 40.231: [GC (Allocation Failure) [PSYoungGen: 262078K->61489K(274432K)] 851553K->702918K(973824K), 0.0155589 secs] [Times: user=0.07 sys=0.01, real=0.02 secs] 
2021-01-22T01:13:17.904+0800: 40.247: [Full GC (Ergonomics) [PSYoungGen: 61489K->0K(274432K)] [ParOldGen: 641429K->378741K(699392K)] 702918K->378741K(973824K), [Metaspace: 2817K->2817K(1056768K)], 0.0459249 secs] [Times: user=0.17 sys=0.00, real=0.05 secs] 
2021-01-22T01:13:17.978+0800: 40.320: [GC (Allocation Failure) [PSYoungGen: 200192K->59048K(275456K)] 578933K->437789K(974848K), 0.0091252 secs] [Times: user=0.05 sys=0.01, real=0.01 secs] 
2021-01-22T01:13:18.019+0800: 40.362: [GC (Allocation Failure) [PSYoungGen: 260776K->66634K(275456K)] 639517K->491526K(974848K), 0.0147328 secs] [Times: user=0.10 sys=0.00, real=0.01 secs] 
2021-01-22T01:13:18.062+0800: 40.405: [GC (Allocation Failure) [PSYoungGen: 268230K->63419K(275968K)] 693122K->543303K(975360K), 0.0314799 secs] [Times: user=0.13 sys=0.00, real=0.03 secs] 
2021-01-22T01:13:18.120+0800: 40.463: [GC (Allocation Failure) [PSYoungGen: 265659K->66688K(275456K)] 745543K->597165K(974848K), 0.0160966 secs] [Times: user=0.12 sys=0.00, real=0.01 secs] 
2021-01-22T01:13:18.166+0800: 40.509: [GC (Allocation Failure) [PSYoungGen: 268928K->72797K(271872K)] 799405K->656512K(971264K), 0.0181253 secs] [Times: user=0.09 sys=0.00, real=0.02 secs] 
2021-01-22T01:13:18.214+0800: 40.557: [GC (Allocation Failure) [PSYoungGen: 271453K->66291K(273920K)] 855168K->712063K(973312K), 0.0150281 secs] [Times: user=0.10 sys=0.00, real=0.02 secs] 
2021-01-22T01:13:18.230+0800: 40.573: [Full GC (Ergonomics) [PSYoungGen: 66291K->0K(273920K)] [ParOldGen: 645772K->369448K(699392K)] 712063K->369448K(973312K), [Metaspace: 2817K->2817K(1056768K)], 0.0600458 secs] [Times: user=0.32 sys=0.00, real=0.06 secs] 
2021-01-22T01:13:18.322+0800: 40.665: [GC (Allocation Failure) [PSYoungGen: 198656K->63758K(274944K)] 568104K->433207K(974336K), 0.0083008 secs] [Times: user=0.05 sys=0.00, real=0.01 secs] 
2021-01-22T01:13:18.356+0800: 40.699: [GC (Allocation Failure) [PSYoungGen: 263950K->64978K(274432K)] 633399K->487632K(973824K), 0.0224013 secs] [Times: user=0.09 sys=0.00, real=0.03 secs] 
2021-01-22T01:13:18.404+0800: 40.747: [GC (Allocation Failure) [PSYoungGen: 264666K->68610K(274944K)] 687320K->543075K(974336K), 0.0136987 secs] [Times: user=0.09 sys=0.00, real=0.01 secs] 
2021-01-22T01:13:18.451+0800: 40.794: [GC (Allocation Failure) [PSYoungGen: 270338K->60921K(275456K)] 744803K->591293K(974848K), 0.0142390 secs] [Times: user=0.09 sys=0.00, real=0.01 secs] 
2021-01-22T01:13:18.489+0800: 40.832: [GC (Allocation Failure) [PSYoungGen: 262649K->70895K(272384K)] 793021K->650110K(971776K), 0.0127240 secs] [Times: user=0.08 sys=0.00, real=0.01 secs] 
2021-01-22T01:13:18.528+0800: 40.871: [GC (Allocation Failure) [PSYoungGen: 269385K->65995K(273920K)] 848600K->703009K(973312K), 0.0155317 secs] [Times: user=0.10 sys=0.00, real=0.01 secs] 
2021-01-22T01:13:18.545+0800: 40.887: [Full GC (Ergonomics) [PSYoungGen: 65995K->0K(273920K)] [ParOldGen: 637014K->369281K(699392K)] 703009K->369281K(973312K), [Metaspace: 2817K->2817K(1056768K)], 0.0450045 secs] [Times: user=0.26 sys=0.01, real=0.05 secs] 
2021-01-22T01:13:18.613+0800: 40.956: [GC (Allocation Failure) [PSYoungGen: 198500K->67996K(274944K)] 567782K->437278K(974336K), 0.0094598 secs] [Times: user=0.07 sys=0.00, real=0.01 secs] 
2021-01-22T01:13:18.653+0800: 40.996: [GC (Allocation Failure) [PSYoungGen: 268700K->60098K(261120K)] 637982K->482541K(960512K), 0.0201370 secs] [Times: user=0.09 sys=0.00, real=0.02 secs] 
2021-01-22T01:13:18.700+0800: 41.043: [GC (Allocation Failure) [PSYoungGen: 260802K->64214K(275456K)] 683245K->534363K(974848K), 0.0157493 secs] [Times: user=0.09 sys=0.00, real=0.01 secs] 
2021-01-22T01:13:18.750+0800: 41.093: [GC (Allocation Failure) [PSYoungGen: 264918K->64334K(274432K)] 735067K->587306K(973824K), 0.0149073 secs] [Times: user=0.08 sys=0.00, real=0.01 secs] 
2021-01-22T01:13:18.790+0800: 41.133: [GC (Allocation Failure) [PSYoungGen: 265038K->72669K(271872K)] 788010K->650595K(971264K), 0.0150485 secs] [Times: user=0.10 sys=0.00, real=0.01 secs] 
2021-01-22T01:13:18.838+0800: 41.181: [GC (Allocation Failure) [PSYoungGen: 271325K->69351K(268288K)] 849251K->702203K(967680K), 0.0143991 secs] [Times: user=0.10 sys=0.00, real=0.02 secs] 
2021-01-22T01:13:18.853+0800: 41.196: [Full GC (Ergonomics) [PSYoungGen: 69351K->0K(268288K)] [ParOldGen: 632851K->380335K(699392K)] 702203K->380335K(967680K), [Metaspace: 2817K->2817K(1056768K)], 0.0632896 secs] [Times: user=0.29 sys=0.01, real=0.06 secs] 
2021-01-22T01:13:18.943+0800: 41.286: [GC (Allocation Failure) [PSYoungGen: 198656K->69387K(273408K)] 578991K->449722K(972800K), 0.0096160 secs] [Times: user=0.06 sys=0.00, real=0.01 secs] 
2021-01-22T01:13:18.983+0800: 41.326: [GC (Allocation Failure) [PSYoungGen: 267019K->66717K(273408K)] 647354K->506379K(972800K), 0.0150170 secs] [Times: user=0.02 sys=0.01, real=0.02 secs] 
2021-01-22T01:13:19.023+0800: 41.366: [GC (Allocation Failure) [PSYoungGen: 264349K->74305K(270336K)] 704011K->572023K(969728K), 0.0151980 secs] [Times: user=0.09 sys=0.01, real=0.02 secs] 
2021-01-22T01:13:19.070+0800: 41.413: [GC (Allocation Failure) [PSYoungGen: 269861K->58030K(253952K)] 767578K->619313K(953344K), 0.0184526 secs] [Times: user=0.11 sys=0.00, real=0.02 secs] 
2021-01-22T01:13:19.114+0800: 41.457: [GC (Allocation Failure) [PSYoungGen: 253614K->60155K(271360K)] 814897K->668848K(970752K), 0.0208258 secs] [Times: user=0.09 sys=0.00, real=0.02 secs] 
2021-01-22T01:13:19.165+0800: 41.508: [GC (Allocation Failure) [PSYoungGen: 253691K->66838K(271360K)] 862384K->725954K(970752K), 0.0136918 secs] [Times: user=0.08 sys=0.01, real=0.02 secs] 
2021-01-22T01:13:19.179+0800: 41.522: [Full GC (Ergonomics) [PSYoungGen: 66838K->0K(271360K)] [ParOldGen: 659116K->401513K(699392K)] 725954K->401513K(970752K), [Metaspace: 2817K->2817K(1056768K)], 0.0509206 secs] [Times: user=0.33 sys=0.01, real=0.05 secs] 
2021-01-22T01:13:19.265+0800: 41.608: [GC (Allocation Failure) [PSYoungGen: 193536K->64052K(272896K)] 595049K->465565K(972288K), 0.0100922 secs] [Times: user=0.06 sys=0.00, real=0.01 secs] 
2021-01-22T01:13:19.301+0800: 41.644: [GC (Allocation Failure) [PSYoungGen: 260148K->61717K(272384K)] 661661K->513625K(971776K), 0.0133163 secs] [Times: user=0.09 sys=0.00, real=0.01 secs] 
2021-01-22T01:13:19.346+0800: 41.689: [GC (Allocation Failure) [PSYoungGen: 257813K->65307K(274432K)] 709721K->567508K(973824K), 0.0230214 secs] [Times: user=0.16 sys=0.00, real=0.03 secs] 
2021-01-22T01:13:19.400+0800: 41.743: [GC (Allocation Failure) [PSYoungGen: 263963K->65123K(273408K)] 766164K->622042K(972800K), 0.0141320 secs] [Times: user=0.07 sys=0.00, real=0.01 secs] 
2021-01-22T01:13:19.439+0800: 41.782: [GC (Allocation Failure) [PSYoungGen: 263779K->60969K(275456K)] 820698K->673124K(974848K), 0.0143310 secs] [Times: user=0.10 sys=0.00, real=0.01 secs] 
2021-01-22T01:13:19.487+0800: 41.830: [GC (Allocation Failure) [PSYoungGen: 262697K->61925K(275456K)] 874852K->724965K(974848K), 0.0132711 secs] [Times: user=0.09 sys=0.00, real=0.02 secs] 
2021-01-22T01:13:19.501+0800: 41.843: [Full GC (Ergonomics) [PSYoungGen: 61925K->0K(275456K)] [ParOldGen: 663040K->372944K(699392K)] 724965K->372944K(974848K), [Metaspace: 2817K->2817K(1056768K)], 0.0448435 secs] [Times: user=0.29 sys=0.00, real=0.04 secs] 
2021-01-22T01:13:19.573+0800: 41.915: [GC (Allocation Failure) [PSYoungGen: 201728K->59167K(275968K)] 574672K->432112K(975360K), 0.0153499 secs] [Times: user=0.09 sys=0.00, real=0.02 secs] 
2021-01-22T01:13:19.616+0800: 41.958: [GC (Allocation Failure) [PSYoungGen: 261919K->70821K(273920K)] 634864K->491972K(973312K), 0.0123909 secs] [Times: user=0.09 sys=0.00, real=0.02 secs] 
2021-01-22T01:13:19.656+0800: 41.999: [GC (Allocation Failure) [PSYoungGen: 273573K->61163K(274432K)] 694724K->540460K(973824K), 0.0143378 secs] [Times: user=0.10 sys=0.00, real=0.02 secs] 
2021-01-22T01:13:19.701+0800: 42.044: [GC (Allocation Failure) [PSYoungGen: 260331K->64138K(273920K)] 739628K->595325K(973312K), 0.0137376 secs] [Times: user=0.09 sys=0.00, real=0.01 secs] 
2021-01-22T01:13:19.753+0800: 42.096: [GC (Allocation Failure) [PSYoungGen: 263306K->64076K(276480K)] 794493K->648007K(975872K), 0.0122777 secs] [Times: user=0.09 sys=0.00, real=0.01 secs] 
2021-01-22T01:13:19.790+0800: 42.133: [GC (Allocation Failure) [PSYoungGen: 266828K->69379K(275456K)] 850759K->707700K(974848K), 0.0146014 secs] [Times: user=0.10 sys=0.00, real=0.01 secs] 
2021-01-22T01:13:19.806+0800: 42.148: [Full GC (Ergonomics) [PSYoungGen: 69379K->0K(275456K)] [ParOldGen: 638320K->375394K(699392K)] 707700K->375394K(974848K), [Metaspace: 2817K->2817K(1056768K)], 0.0605294 secs] [Times: user=0.32 sys=0.00, real=0.06 secs] 
2021-01-22T01:13:19.921+0800: 42.263: [GC (Allocation Failure) [PSYoungGen: 202752K->65361K(275968K)] 578146K->440756K(975360K), 0.0076380 secs] [Times: user=0.02 sys=0.01, real=0.01 secs] 
2021-01-22T01:13:19.956+0800: 42.298: [GC (Allocation Failure) [PSYoungGen: 267601K->66869K(275456K)] 642996K->498357K(974848K), 0.0151810 secs] [Times: user=0.10 sys=0.00, real=0.02 secs] 
2021-01-22T01:13:20.004+0800: 42.347: [GC (Allocation Failure) [PSYoungGen: 269109K->73139K(271872K)] 700597K->560504K(971264K), 0.0245037 secs] [Times: user=0.16 sys=0.01, real=0.03 secs] 
2021-01-22T01:13:20.064+0800: 42.407: [GC (Allocation Failure) [PSYoungGen: 271795K->69531K(268288K)] 759160K->617603K(967680K), 0.0170972 secs] [Times: user=0.06 sys=0.01, real=0.02 secs] 
2021-01-22T01:13:20.111+0800: 42.454: [GC (Allocation Failure) [PSYoungGen: 268187K->66072K(274432K)] 816259K->670584K(973824K), 0.0153267 secs] [Times: user=0.11 sys=0.01, real=0.01 secs] 
2021-01-22T01:13:20.155+0800: 42.498: [GC (Allocation Failure) [PSYoungGen: 264728K->59357K(273408K)] 869240K->718139K(972800K), 0.0133369 secs] [Times: user=0.08 sys=0.00, real=0.02 secs] 
2021-01-22T01:13:20.169+0800: 42.512: [Full GC (Ergonomics) [PSYoungGen: 59357K->0K(273408K)] [ParOldGen: 658781K->371376K(699392K)] 718139K->371376K(972800K), [Metaspace: 2817K->2817K(1056768K)], 0.0498567 secs] [Times: user=0.32 sys=0.00, real=0.05 secs] 
2021-01-22T01:13:20.252+0800: 42.595: [GC (Allocation Failure) [PSYoungGen: 198656K->66018K(274944K)] 570032K->437395K(974336K), 0.0078938 secs] [Times: user=0.05 sys=0.00, real=0.01 secs] 
2021-01-22T01:13:20.285+0800: 42.627: [GC (Allocation Failure) [PSYoungGen: 265698K->63895K(273920K)] 637075K->486997K(973312K), 0.0119983 secs] [Times: user=0.09 sys=0.00, real=0.01 secs] 
2021-01-22T01:13:20.334+0800: 42.676: [GC (Allocation Failure) [PSYoungGen: 263575K->64699K(275968K)] 686677K->537721K(975360K), 0.0132712 secs] [Times: user=0.09 sys=0.00, real=0.01 secs] 
2021-01-22T01:13:20.374+0800: 42.716: [GC (Allocation Failure) [PSYoungGen: 266939K->66481K(275456K)] 739961K->588943K(974848K), 0.0295671 secs] [Times: user=0.12 sys=0.01, real=0.03 secs] 
2021-01-22T01:13:20.427+0800: 42.770: [GC (Allocation Failure) [PSYoungGen: 268721K->66766K(276480K)] 791183K->647764K(975872K), 0.0140466 secs] [Times: user=0.09 sys=0.00, real=0.02 secs] 
2021-01-22T01:13:20.467+0800: 42.810: [GC (Allocation Failure) [PSYoungGen: 270542K->62975K(276480K)] 851540K->694891K(975872K), 0.0253198 secs] [Times: user=0.11 sys=0.00, real=0.03 secs] 
2021-01-22T01:13:20.493+0800: 42.836: [Full GC (Ergonomics) [PSYoungGen: 62975K->0K(276480K)] [ParOldGen: 631916K->370449K(699392K)] 694891K->370449K(975872K), [Metaspace: 2817K->2817K(1056768K)], 0.0476728 secs] [Times: user=0.29 sys=0.01, real=0.05 secs] 
2021-01-22T01:13:20.574+0800: 42.917: [GC (Allocation Failure) [PSYoungGen: 203776K->67827K(275968K)] 574225K->438277K(975360K), 0.0121483 secs] [Times: user=0.03 sys=0.00, real=0.01 secs] 
2021-01-22T01:13:20.614+0800: 42.957: [GC (Allocation Failure) [PSYoungGen: 271603K->67962K(276480K)] 642053K->495088K(975872K), 0.0243980 secs] [Times: user=0.15 sys=0.02, real=0.03 secs] 
2021-01-22T01:13:20.672+0800: 43.015: [GC (Allocation Failure) [PSYoungGen: 271738K->62134K(276480K)] 698864K->543063K(975872K), 0.0144018 secs] [Times: user=0.09 sys=0.00, real=0.01 secs] 
2021-01-22T01:13:20.716+0800: 43.059: [GC (Allocation Failure) [PSYoungGen: 265910K->69589K(273408K)] 746839K->602415K(972800K), 0.0343360 secs] [Times: user=0.14 sys=0.00, real=0.04 secs] 
2021-01-22T01:13:20.781+0800: 43.123: [GC (Allocation Failure) [PSYoungGen: 273365K->62329K(275968K)] 806191K->653026K(975360K), 0.0128896 secs] [Times: user=0.09 sys=0.00, real=0.01 secs] 
2021-01-22T01:13:20.823+0800: 43.166: [GC (Allocation Failure) [PSYoungGen: 264569K->69806K(272384K)] 855266K->709177K(971776K), 0.0167270 secs] [Times: user=0.06 sys=0.00, real=0.02 secs] 
2021-01-22T01:13:20.841+0800: 43.184: [Full GC (Ergonomics) [PSYoungGen: 69806K->0K(272384K)] [ParOldGen: 639370K->372746K(699392K)] 709177K->372746K(971776K), [Metaspace: 2817K->2817K(1056768K)], 0.0491938 secs] [Times: user=0.30 sys=0.00, real=0.05 secs] 
2021-01-22T01:13:20.917+0800: 43.260: [GC (Allocation Failure) [PSYoungGen: 202240K->69529K(273920K)] 574986K->442276K(973312K), 0.0243083 secs] [Times: user=0.11 sys=0.00, real=0.03 secs] 
2021-01-22T01:13:20.974+0800: 43.317: [GC (Allocation Failure) [PSYoungGen: 268995K->58666K(258560K)] 641742K->487872K(957952K), 0.0144124 secs] [Times: user=0.09 sys=0.00, real=0.02 secs] 
2021-01-22T01:13:21.021+0800: 43.364: [GC (Allocation Failure) [PSYoungGen: 258346K->68013K(273920K)] 687552K->547003K(973312K), 0.0177437 secs] [Times: user=0.09 sys=0.00, real=0.02 secs] 
2021-01-22T01:13:21.064+0800: 43.407: [GC (Allocation Failure) [PSYoungGen: 266669K->60424K(273920K)] 745659K->596486K(973312K), 0.0148672 secs] [Times: user=0.09 sys=0.01, real=0.02 secs] 
2021-01-22T01:13:21.113+0800: 43.456: [GC (Allocation Failure) [PSYoungGen: 259056K->60412K(273920K)] 795118K->648641K(973312K), 0.0134028 secs] [Times: user=0.10 sys=0.00, real=0.01 secs] 
2021-01-22T01:13:21.152+0800: 43.495: [GC (Allocation Failure) [PSYoungGen: 259068K->58783K(273920K)] 847297K->698170K(973312K), 0.0167601 secs] [Times: user=0.11 sys=0.00, real=0.02 secs] 
2021-01-22T01:13:21.169+0800: 43.512: [Full GC (Ergonomics) [PSYoungGen: 58783K->0K(273920K)] [ParOldGen: 639387K->369394K(699392K)] 698170K->369394K(973312K), [Metaspace: 2817K->2817K(1056768K)], 0.0628852 secs] [Times: user=0.24 sys=0.00, real=0.06 secs] 
2021-01-22T01:13:21.256+0800: 43.599: [GC (Allocation Failure) [PSYoungGen: 198435K->62569K(274944K)] 567829K->431964K(974336K), 0.0084856 secs] [Times: user=0.05 sys=0.00, real=0.01 secs] 
2021-01-22T01:13:21.294+0800: 43.637: [GC (Allocation Failure) [PSYoungGen: 262249K->69472K(273920K)] 631644K->492774K(973312K), 0.0477561 secs] [Times: user=0.24 sys=0.00, real=0.05 secs] 
2021-01-22T01:13:21.369+0800: 43.712: [GC (Allocation Failure) [PSYoungGen: 269152K->66739K(273920K)] 692454K->548019K(973312K), 0.0146002 secs] [Times: user=0.10 sys=0.00, real=0.01 secs] 
2021-01-22T01:13:21.414+0800: 43.757: [GC (Allocation Failure) [PSYoungGen: 265395K->64995K(273920K)] 746675K->600639K(973312K), 0.0141293 secs] [Times: user=0.05 sys=0.00, real=0.02 secs] 
2021-01-22T01:13:21.459+0800: 43.802: [GC (Allocation Failure) [PSYoungGen: 263651K->72064K(271872K)] 799295K->661627K(971264K), 0.0154537 secs] [Times: user=0.10 sys=0.00, real=0.01 secs] 
2021-01-22T01:13:21.509+0800: 43.852: [GC (Allocation Failure) [PSYoungGen: 269696K->65551K(273408K)] 859259K->714421K(972800K), 0.0146083 secs] [Times: user=0.09 sys=0.00, real=0.01 secs] 
2021-01-22T01:13:21.524+0800: 43.867: [Full GC (Ergonomics) [PSYoungGen: 65551K->0K(273408K)] [ParOldGen: 648870K->379676K(699392K)] 714421K->379676K(972800K), [Metaspace: 2817K->2817K(1056768K)], 0.0547315 secs] [Times: user=0.37 sys=0.00, real=0.06 secs] 
2021-01-22T01:13:21.604+0800: 43.947: [GC (Allocation Failure) [PSYoungGen: 197632K->65232K(274944K)] 577308K->444909K(974336K), 0.0089235 secs] [Times: user=0.05 sys=0.00, real=0.01 secs] 
2021-01-22T01:13:21.639+0800: 43.982: [GC (Allocation Failure) [PSYoungGen: 265424K->62758K(274432K)] 645101K->496729K(973824K), 0.0141498 secs] [Times: user=0.09 sys=0.00, real=0.01 secs] 
2021-01-22T01:13:21.679+0800: 44.022: [GC (Allocation Failure) [PSYoungGen: 262848K->66134K(275968K)] 696819K->553635K(975360K), 0.0136965 secs] [Times: user=0.09 sys=0.00, real=0.01 secs] 
2021-01-22T01:13:21.723+0800: 44.066: [GC (Allocation Failure) [PSYoungGen: 268374K->59233K(275456K)] 755875K->601392K(974848K), 0.0115335 secs] [Times: user=0.09 sys=0.00, real=0.01 secs] 
2021-01-22T01:13:21.761+0800: 44.103: [GC (Allocation Failure) [PSYoungGen: 261473K->69301K(274432K)] 803632K->660400K(973824K), 0.0138658 secs] [Times: user=0.08 sys=0.00, real=0.01 secs] 
2021-01-22T01:13:21.807+0800: 44.149: [GC (Allocation Failure) [PSYoungGen: 270005K->64165K(274944K)] 861104K->712748K(974336K), 0.0144653 secs] [Times: user=0.10 sys=0.00, real=0.02 secs] 
2021-01-22T01:13:21.821+0800: 44.164: [Full GC (Ergonomics) [PSYoungGen: 64165K->0K(274944K)] [ParOldGen: 648583K->366460K(699392K)] 712748K->366460K(974336K), [Metaspace: 2817K->2817K(1056768K)], 0.0641709 secs] [Times: user=0.36 sys=0.00, real=0.06 secs] 
2021-01-22T01:13:21.912+0800: 44.255: [GC (Allocation Failure) [PSYoungGen: 200704K->61835K(275968K)] 567164K->428295K(975360K), 0.0080000 secs] [Times: user=0.06 sys=0.00, real=0.01 secs] 
2021-01-22T01:13:21.959+0800: 44.302: [GC (Allocation Failure) [PSYoungGen: 264075K->60483K(275456K)] 630535K->476191K(974848K), 0.0130830 secs] [Times: user=0.08 sys=0.00, real=0.01 secs] 
2021-01-22T01:13:22.000+0800: 44.342: [GC (Allocation Failure) [PSYoungGen: 262723K->60548K(275968K)] 678431K->523121K(975360K), 0.0156306 secs] [Times: user=0.06 sys=0.00, real=0.01 secs] 
2021-01-22T01:13:22.045+0800: 44.388: [GC (Allocation Failure) [PSYoungGen: 263050K->64132K(275968K)] 725623K->573428K(975360K), 0.0172359 secs] [Times: user=0.09 sys=0.00, real=0.02 secs] 
2021-01-22T01:13:22.094+0800: 44.437: [GC (Allocation Failure) [PSYoungGen: 266884K->71781K(272896K)] 776180K->636463K(972288K), 0.0249494 secs] [Times: user=0.17 sys=0.00, real=0.03 secs] 
2021-01-22T01:13:22.149+0800: 44.491: [GC (Allocation Failure) [PSYoungGen: 272485K->67396K(274944K)] 837167K->694779K(974336K), 0.0150656 secs] [Times: user=0.10 sys=0.00, real=0.01 secs] 
2021-01-22T01:13:22.192+0800: 44.535: [GC (Allocation Failure) [PSYoungGen: 268100K->58742K(274944K)] 895483K->744909K(974336K), 0.0143143 secs] [Times: user=0.09 sys=0.00, real=0.01 secs] 
2021-01-22T01:13:22.207+0800: 44.550: [Full GC (Ergonomics) [PSYoungGen: 58742K->0K(274944K)] [ParOldGen: 686167K->371085K(699392K)] 744909K->371085K(974336K), [Metaspace: 2817K->2817K(1056768K)], 0.0454115 secs] [Times: user=0.29 sys=0.00, real=0.05 secs] 
2021-01-22T01:13:22.278+0800: 44.620: [GC (Allocation Failure) [PSYoungGen: 200704K->72056K(272896K)] 571789K->443142K(972288K), 0.0088244 secs] [Times: user=0.05 sys=0.01, real=0.01 secs] 
2021-01-22T01:13:22.317+0800: 44.660: [GC (Allocation Failure) [PSYoungGen: 272760K->66495K(273408K)] 643846K->493662K(972800K), 0.0141365 secs] [Times: user=0.09 sys=0.00, real=0.02 secs] 
2021-01-22T01:13:22.356+0800: 44.699: [GC (Allocation Failure) [PSYoungGen: 263615K->65192K(272896K)] 690782K->546437K(972288K), 0.0139404 secs] [Times: user=0.09 sys=0.00, real=0.03 secs] 
2021-01-22T01:13:22.410+0800: 44.753: [GC (Allocation Failure) [PSYoungGen: 262312K->62157K(274944K)] 743557K->597624K(974336K), 0.0136489 secs] [Times: user=0.09 sys=0.00, real=0.01 secs] 
2021-01-22T01:13:22.458+0800: 44.801: [GC (Allocation Failure) [PSYoungGen: 262349K->61125K(274432K)] 797816K->646068K(973824K), 0.0129372 secs] [Times: user=0.09 sys=0.00, real=0.01 secs] 
2021-01-22T01:13:22.497+0800: 44.840: [GC (Allocation Failure) [PSYoungGen: 261222K->65569K(275456K)] 846165K->703728K(974848K), 0.0260842 secs] [Times: user=0.12 sys=0.00, real=0.03 secs] 
2021-01-22T01:13:22.523+0800: 44.866: [Full GC (Ergonomics) [PSYoungGen: 65569K->0K(275456K)] [ParOldGen: 638159K->379522K(699392K)] 703728K->379522K(974848K), [Metaspace: 2817K->2817K(1056768K)], 0.0453769 secs] [Times: user=0.30 sys=0.00, real=0.05 secs] 
2021-01-22T01:13:22.597+0800: 44.940: [GC (Allocation Failure) [PSYoungGen: 201216K->71991K(273408K)] 580738K->451513K(972800K), 0.0084148 secs] [Times: user=0.05 sys=0.00, real=0.01 secs] 
2021-01-22T01:13:22.646+0800: 44.989: [GC (Allocation Failure) [PSYoungGen: 273207K->63875K(274432K)] 652729K->501593K(973824K), 0.0134021 secs] [Times: user=0.09 sys=0.00, real=0.02 secs] 
2021-01-22T01:13:22.691+0800: 45.034: [GC (Allocation Failure) [PSYoungGen: 263043K->63821K(273920K)] 700761K->552431K(973312K), 0.0129650 secs] [Times: user=0.09 sys=0.00, real=0.01 secs] 
2021-01-22T01:13:22.729+0800: 45.072: [GC (Allocation Failure) [PSYoungGen: 262989K->66187K(275456K)] 751599K->605768K(974848K), 0.0214210 secs] [Times: user=0.06 sys=0.00, real=0.02 secs] 
2021-01-22T01:13:22.782+0800: 45.124: [GC (Allocation Failure) [PSYoungGen: 267006K->64807K(274944K)] 806587K->661363K(974336K), 0.0153645 secs] [Times: user=0.11 sys=0.00, real=0.01 secs] 
2021-01-22T01:13:22.830+0800: 45.173: [GC (Allocation Failure) [PSYoungGen: 266023K->63409K(276992K)] 862579K->711479K(976384K), 0.0141791 secs] [Times: user=0.10 sys=0.00, real=0.01 secs] 
2021-01-22T01:13:22.845+0800: 45.188: [Full GC (Ergonomics) [PSYoungGen: 63409K->0K(276992K)] [ParOldGen: 648070K->365929K(699392K)] 711479K->365929K(976384K), [Metaspace: 2817K->2817K(1056768K)], 0.0434989 secs] [Times: user=0.28 sys=0.00, real=0.05 secs] 
2021-01-22T01:13:22.921+0800: 45.264: [GC (Allocation Failure) [PSYoungGen: 204288K->55126K(259584K)] 570217K->421056K(958976K), 0.0071366 secs] [Times: user=0.05 sys=0.00, real=0.01 secs] 
2021-01-22T01:13:22.956+0800: 45.298: [GC (Allocation Failure) [PSYoungGen: 259414K->65127K(276480K)] 625344K->476854K(975872K), 0.0281407 secs] [Times: user=0.09 sys=0.00, real=0.03 secs] 
2021-01-22T01:13:23.008+0800: 45.351: [GC (Allocation Failure) [PSYoungGen: 268171K->59251K(275968K)] 679898K->526004K(975360K), 0.0159225 secs] [Times: user=0.11 sys=0.00, real=0.01 secs] 
2021-01-22T01:13:23.056+0800: 45.399: [GC (Allocation Failure) [PSYoungGen: 262515K->65108K(276480K)] 729268K->580603K(975872K), 0.0139369 secs] [Times: user=0.09 sys=0.00, real=0.02 secs] 
2021-01-22T01:13:23.095+0800: 45.438: [GC (Allocation Failure) [PSYoungGen: 268884K->68565K(272384K)] 784379K->638494K(971776K), 0.0308122 secs] [Times: user=0.16 sys=0.00, real=0.03 secs] 
2021-01-22T01:13:23.154+0800: 45.497: [GC (Allocation Failure) [PSYoungGen: 272341K->62023K(276480K)] 842270K->691649K(975872K), 0.0143727 secs] [Times: user=0.09 sys=0.01, real=0.02 secs] 
2021-01-22T01:13:23.169+0800: 45.511: [Full GC (Ergonomics) [PSYoungGen: 62023K->0K(276480K)] [ParOldGen: 629626K->376671K(699392K)] 691649K->376671K(975872K), [Metaspace: 2817K->2817K(1056768K)], 0.0410835 secs] [Times: user=0.27 sys=0.01, real=0.04 secs] 
2021-01-22T01:13:23.236+0800: 45.579: [GC (Allocation Failure) [PSYoungGen: 203151K->62323K(275968K)] 579823K->438995K(975360K), 0.0081522 secs] [Times: user=0.05 sys=0.00, real=0.01 secs] 
2021-01-22T01:13:23.274+0800: 45.617: [GC (Allocation Failure) [PSYoungGen: 265587K->60600K(276992K)] 642259K->485652K(976384K), 0.0134363 secs] [Times: user=0.09 sys=0.00, real=0.01 secs] 
2021-01-22T01:13:23.316+0800: 45.659: [GC (Allocation Failure) [PSYoungGen: 265400K->68969K(273920K)] 690452K->541945K(973312K), 0.0260502 secs] [Times: user=0.11 sys=0.00, real=0.03 secs] 
2021-01-22T01:13:23.369+0800: 45.712: [GC (Allocation Failure) [PSYoungGen: 273769K->65871K(275968K)] 746745K->595696K(975360K), 0.0140584 secs] [Times: user=0.10 sys=0.00, real=0.01 secs] 
2021-01-22T01:13:23.416+0800: 45.759: [GC (Allocation Failure) [PSYoungGen: 268623K->60971K(275968K)] 798448K->645172K(975360K), 0.0208328 secs] [Times: user=0.14 sys=0.00, real=0.02 secs] 
2021-01-22T01:13:23.468+0800: 45.811: [GC (Allocation Failure) [PSYoungGen: 263723K->58864K(276480K)] 847924K->692481K(975872K), 0.0134261 secs] [Times: user=0.08 sys=0.00, real=0.01 secs] 
2021-01-22T01:13:23.482+0800: 45.825: [Full GC (Ergonomics) [PSYoungGen: 58864K->0K(276480K)] [ParOldGen: 633616K->363341K(699392K)] 692481K->363341K(975872K), [Metaspace: 2817K->2817K(1056768K)], 0.0443706 secs] [Times: user=0.28 sys=0.00, real=0.04 secs] 
2021-01-22T01:13:23.557+0800: 45.900: [GC (Allocation Failure) [PSYoungGen: 203776K->71173K(275456K)] 567117K->434514K(974848K), 0.0088204 secs] [Times: user=0.05 sys=0.00, real=0.01 secs] 
2021-01-22T01:13:23.592+0800: 45.935: [GC (Allocation Failure) [PSYoungGen: 274949K->70925K(270336K)] 638290K->493673K(969728K), 0.0149714 secs] [Times: user=0.10 sys=0.00, real=0.01 secs] 
2021-01-22T01:13:23.638+0800: 45.981: [GC (Allocation Failure) [PSYoungGen: 267533K->63681K(272896K)] 690281K->545139K(972288K), 0.0148536 secs] [Times: user=0.09 sys=0.00, real=0.02 secs] 
2021-01-22T01:13:23.679+0800: 46.022: [GC (Allocation Failure) [PSYoungGen: 260289K->59192K(273920K)] 741747K->597184K(973312K), 0.0262268 secs] [Times: user=0.11 sys=0.00, real=0.02 secs] 
2021-01-22T01:13:23.733+0800: 46.075: [GC (Allocation Failure) [PSYoungGen: 257848K->62863K(273920K)] 795840K->649431K(973312K), 0.0131269 secs] [Times: user=0.09 sys=0.00, real=0.01 secs] 
2021-01-22T01:13:23.785+0800: 46.127: [GC (Allocation Failure) [PSYoungGen: 261336K->56885K(273920K)] 847904K->698015K(973312K), 0.0118589 secs] [Times: user=0.08 sys=0.00, real=0.01 secs] 
2021-01-22T01:13:23.797+0800: 46.140: [Full GC (Ergonomics) [PSYoungGen: 56885K->0K(273920K)] [ParOldGen: 641130K->370792K(699392K)] 698015K->370792K(973312K), [Metaspace: 2817K->2817K(1056768K)], 0.0452514 secs] [Times: user=0.26 sys=0.01, real=0.05 secs] 
2021-01-22T01:13:23.873+0800: 46.215: [GC (Allocation Failure) [PSYoungGen: 199680K->64589K(274432K)] 570472K->435382K(973824K), 0.0148929 secs] [Times: user=0.05 sys=0.00, real=0.01 secs] 
2021-01-22T01:13:23.915+0800: 46.257: [GC (Allocation Failure) [PSYoungGen: 264269K->71455K(271360K)] 635062K->495706K(970752K), 0.0228359 secs] [Times: user=0.16 sys=0.00, real=0.02 secs] 
2021-01-22T01:13:23.969+0800: 46.312: [GC (Allocation Failure) [PSYoungGen: 269087K->66798K(273408K)] 693338K->551070K(972800K), 0.0149132 secs] [Times: user=0.10 sys=0.00, real=0.01 secs] 
2021-01-22T01:13:24.009+0800: 46.352: [GC (Allocation Failure) [PSYoungGen: 264430K->60507K(273920K)] 748702K->602855K(973312K), 0.0200244 secs] [Times: user=0.10 sys=0.00, real=0.02 secs] 
2021-01-22T01:13:24.059+0800: 46.401: [GC (Allocation Failure) [PSYoungGen: 258651K->59583K(273408K)] 800999K->655033K(972800K), 0.0159596 secs] [Times: user=0.09 sys=0.00, real=0.01 secs] 
2021-01-22T01:13:24.108+0800: 46.450: [GC (Allocation Failure) [PSYoungGen: 257604K->67352K(273408K)] 853054K->710515K(972800K), 0.0117775 secs] [Times: user=0.08 sys=0.01, real=0.02 secs] 
2021-01-22T01:13:24.120+0800: 46.463: [Full GC (Ergonomics) [PSYoungGen: 67352K->0K(273408K)] [ParOldGen: 643163K->383256K(699392K)] 710515K->383256K(972800K), [Metaspace: 2817K->2817K(1056768K)], 0.0499484 secs] [Times: user=0.29 sys=0.00, real=0.05 secs] 
2021-01-22T01:13:24.193+0800: 46.536: [GC (Allocation Failure) [PSYoungGen: 198656K->65532K(273920K)] 581912K->448788K(973312K), 0.0121308 secs] [Times: user=0.03 sys=0.00, real=0.01 secs] 
2021-01-22T01:13:24.232+0800: 46.575: [GC (Allocation Failure) [PSYoungGen: 263928K->65161K(274944K)] 647184K->499177K(974336K), 0.0138957 secs] [Times: user=0.09 sys=0.00, real=0.01 secs] 
2021-01-22T01:13:24.278+0800: 46.621: [GC (Allocation Failure) [PSYoungGen: 265353K->68597K(274432K)] 699369K->558090K(973824K), 0.0132674 secs] [Times: user=0.08 sys=0.00, real=0.02 secs] 
2021-01-22T01:13:24.314+0800: 46.657: [GC (Allocation Failure) [PSYoungGen: 268457K->71863K(271360K)] 757950K->613946K(970752K), 0.0150869 secs] [Times: user=0.10 sys=0.00, real=0.02 secs] 
2021-01-22T01:13:24.360+0800: 46.703: [GC (Allocation Failure) [PSYoungGen: 268471K->58396K(272896K)] 810554K->660146K(972288K), 0.0147105 secs] [Times: user=0.10 sys=0.00, real=0.01 secs] 
2021-01-22T01:13:24.399+0800: 46.742: [GC (Allocation Failure) [PSYoungGen: 255004K->64712K(273920K)] 856754K->715836K(973312K), 0.0138985 secs] [Times: user=0.09 sys=0.00, real=0.01 secs] 
2021-01-22T01:13:24.413+0800: 46.756: [Full GC (Ergonomics) [PSYoungGen: 64712K->0K(273920K)] [ParOldGen: 651124K->377594K(699392K)] 715836K->377594K(973312K), [Metaspace: 2817K->2817K(1056768K)], 0.0593751 secs] [Times: user=0.30 sys=0.02, real=0.06 secs] 
2021-01-22T01:13:24.505+0800: 46.848: [GC (Allocation Failure) [PSYoungGen: 197501K->71394K(269312K)] 575096K->448989K(968704K), 0.0095305 secs] [Times: user=0.07 sys=0.00, real=0.01 secs] 
2021-01-22T01:13:24.552+0800: 46.895: [GC (Allocation Failure) [PSYoungGen: 269026K->60134K(272896K)] 646621K->497346K(972288K), 0.0146139 secs] [Times: user=0.10 sys=0.01, real=0.01 secs] 
2021-01-22T01:13:24.592+0800: 46.935: [GC (Allocation Failure) [PSYoungGen: 256230K->64190K(272384K)] 693442K->552344K(971776K), 0.0142298 secs] [Times: user=0.09 sys=0.00, real=0.01 secs] 
2021-01-22T01:13:24.635+0800: 46.978: [GC (Allocation Failure) [PSYoungGen: 260286K->58163K(272896K)] 748440K->597928K(972288K), 0.0222232 secs] [Times: user=0.13 sys=0.00, real=0.02 secs] 
2021-01-22T01:13:24.686+0800: 47.028: [GC (Allocation Failure) [PSYoungGen: 255448K->58601K(273408K)] 795213K->648229K(972800K), 0.0210628 secs] [Times: user=0.14 sys=0.00, real=0.02 secs] 
2021-01-22T01:13:24.737+0800: 47.079: [GC (Allocation Failure) [PSYoungGen: 256233K->68255K(272896K)] 845861K->704577K(972288K), 0.0141808 secs] [Times: user=0.10 sys=0.00, real=0.02 secs] 
2021-01-22T01:13:24.751+0800: 47.094: [Full GC (Ergonomics) [PSYoungGen: 68255K->0K(272896K)] [ParOldGen: 636322K->387135K(699392K)] 704577K->387135K(972288K), [Metaspace: 2817K->2817K(1056768K)], 0.0475444 secs] [Times: user=0.31 sys=0.00, real=0.05 secs] 
2021-01-22T01:13:24.833+0800: 47.176: [GC (Allocation Failure) [PSYoungGen: 197632K->62116K(273408K)] 584767K->449252K(972800K), 0.0077839 secs] [Times: user=0.05 sys=0.00, real=0.01 secs] 
2021-01-22T01:13:24.866+0800: 47.209: [GC (Allocation Failure) [PSYoungGen: 259748K->64343K(274944K)] 646884K->500726K(974336K), 0.0226963 secs] [Times: user=0.09 sys=0.00, real=0.03 secs] 
2021-01-22T01:13:24.918+0800: 47.261: [GC (Allocation Failure) [PSYoungGen: 264023K->71053K(270848K)] 700406K->557098K(970240K), 0.0149887 secs] [Times: user=0.10 sys=0.00, real=0.02 secs] 
2021-01-22T01:13:24.970+0800: 47.312: [GC (Allocation Failure) [PSYoungGen: 270733K->65121K(274432K)] 756778K->613017K(973824K), 0.0253734 secs] [Times: user=0.11 sys=0.00, real=0.02 secs] 
2021-01-22T01:13:25.020+0800: 47.363: [GC (Allocation Failure) [PSYoungGen: 263777K->60955K(273408K)] 811673K->663731K(972800K), 0.0137507 secs] [Times: user=0.09 sys=0.00, real=0.01 secs] 
2021-01-22T01:13:25.067+0800: 47.410: [GC (Allocation Failure) [PSYoungGen: 259611K->61799K(274944K)] 862387K->716391K(974336K), 0.0137608 secs] [Times: user=0.09 sys=0.00, real=0.02 secs] 
2021-01-22T01:13:25.082+0800: 47.425: [Full GC (Ergonomics) [PSYoungGen: 61799K->0K(274944K)] [ParOldGen: 654591K->382465K(699392K)] 716391K->382465K(974336K), [Metaspace: 2817K->2817K(1056768K)], 0.0555877 secs] [Times: user=0.37 sys=0.00, real=0.05 secs] 
2021-01-22T01:13:25.162+0800: 47.505: [GC (Allocation Failure) [PSYoungGen: 199947K->66054K(274432K)] 582413K->448520K(973824K), 0.0087279 secs] [Times: user=0.05 sys=0.00, real=0.01 secs] 
2021-01-22T01:13:25.195+0800: 47.538: [GC (Allocation Failure) [PSYoungGen: 266246K->66130K(275456K)] 648712K->504004K(974848K), 0.0250550 secs] [Times: user=0.12 sys=0.00, real=0.03 secs] 
2021-01-22T01:13:25.248+0800: 47.590: [GC (Allocation Failure) [PSYoungGen: 267858K->68682K(270848K)] 705732K->560127K(970240K), 0.0156121 secs] [Times: user=0.10 sys=0.00, real=0.02 secs] 
2021-01-22T01:13:25.297+0800: 47.640: [GC (Allocation Failure) [PSYoungGen: 270410K->62414K(275456K)] 761855K->612987K(974848K), 0.0148074 secs] [Times: user=0.10 sys=0.00, real=0.02 secs] 
2021-01-22T01:13:25.342+0800: 47.684: [GC (Allocation Failure) [PSYoungGen: 263630K->66615K(274944K)] 814203K->666119K(974336K), 0.0202193 secs] [Times: user=0.07 sys=0.00, real=0.02 secs] 
2021-01-22T01:13:25.398+0800: 47.741: [GC (Allocation Failure) [PSYoungGen: 267629K->64709K(276480K)] 867133K->722121K(975872K), 0.0154494 secs] [Times: user=0.10 sys=0.00, real=0.01 secs] 
2021-01-22T01:13:25.414+0800: 47.757: [Full GC (Ergonomics) [PSYoungGen: 64709K->0K(276480K)] [ParOldGen: 657412K->373662K(699392K)] 722121K->373662K(975872K), [Metaspace: 2817K->2817K(1056768K)], 0.0453474 secs] [Times: user=0.29 sys=0.01, real=0.05 secs] 
2021-01-22T01:13:25.495+0800: 47.838: [GC (Allocation Failure) [PSYoungGen: 202752K->63387K(275456K)] 576414K->437049K(974848K), 0.0080856 secs] [Times: user=0.05 sys=0.00, real=0.01 secs] 
2021-01-22T01:13:25.530+0800: 47.873: [GC (Allocation Failure) [PSYoungGen: 266139K->66601K(276992K)] 639801K->498015K(976384K), 0.0156639 secs] [Times: user=0.10 sys=0.00, real=0.01 secs] 
2021-01-22T01:13:25.578+0800: 47.921: [GC (Allocation Failure) [PSYoungGen: 271401K->67601K(272896K)] 702815K->551099K(972288K), 0.0144941 secs] [Times: user=0.09 sys=0.00, real=0.01 secs] 
2021-01-22T01:13:25.620+0800: 47.962: [GC (Allocation Failure) [PSYoungGen: 272132K->65367K(277504K)] 755630K->602927K(976896K), 0.0143318 secs] [Times: user=0.10 sys=0.00, real=0.01 secs] 
2021-01-22T01:13:25.675+0800: 48.018: [GC (Allocation Failure) [PSYoungGen: 270167K->67031K(276480K)] 807727K->656269K(975872K), 0.0216964 secs] [Times: user=0.14 sys=0.00, real=0.02 secs] 
2021-01-22T01:13:25.729+0800: 48.072: [GC (Allocation Failure) [PSYoungGen: 271831K->62776K(277504K)] 861069K->706384K(976896K), 0.0139316 secs] [Times: user=0.10 sys=0.00, real=0.01 secs] 
2021-01-22T01:13:25.743+0800: 48.086: [Full GC (Ergonomics) [PSYoungGen: 62776K->0K(277504K)] [ParOldGen: 643608K->365404K(699392K)] 706384K->365404K(976896K), [Metaspace: 2817K->2817K(1056768K)], 0.0485748 secs] [Times: user=0.32 sys=0.00, real=0.05 secs] 
2021-01-22T01:13:25.823+0800: 48.166: [GC (Allocation Failure) [PSYoungGen: 205312K->67524K(276992K)] 570716K->432928K(976384K), 0.0079711 secs] [Times: user=0.05 sys=0.00, real=0.01 secs] 
2021-01-22T01:13:25.858+0800: 48.200: [GC (Allocation Failure) [PSYoungGen: 272836K->62674K(277504K)] 638240K->482332K(976896K), 0.0120705 secs] [Times: user=0.08 sys=0.00, real=0.02 secs] 
2021-01-22T01:13:25.896+0800: 48.239: [GC (Allocation Failure) [PSYoungGen: 267807K->63715K(276992K)] 687465K->533555K(976384K), 0.0179240 secs] [Times: user=0.12 sys=0.00, real=0.02 secs] 
2021-01-22T01:13:25.942+0800: 48.285: [GC (Allocation Failure) [PSYoungGen: 269027K->64910K(278528K)] 738867K->586307K(977920K), 0.0143444 secs] [Times: user=0.10 sys=0.00, real=0.01 secs] 
2021-01-22T01:13:25.985+0800: 48.328: [GC (Allocation Failure) [PSYoungGen: 272270K->61306K(278016K)] 793667K->635287K(977408K), 0.0166017 secs] [Times: user=0.08 sys=0.00, real=0.02 secs] 
2021-01-22T01:13:26.030+0800: 48.373: [GC (Allocation Failure) [PSYoungGen: 268348K->62746K(278528K)] 842329K->689670K(977920K), 0.0137912 secs] [Times: user=0.09 sys=0.00, real=0.01 secs] 
2021-01-22T01:13:26.084+0800: 48.427: [GC (Allocation Failure) [PSYoungGen: 270618K->70653K(278528K)] 897542K->749063K(977920K), 0.0239789 secs] [Times: user=0.15 sys=0.01, real=0.03 secs] 
2021-01-22T01:13:26.109+0800: 48.451: [Full GC (Ergonomics) [PSYoungGen: 70653K->0K(278528K)] [ParOldGen: 678410K->372735K(699392K)] 749063K->372735K(977920K), [Metaspace: 2817K->2817K(1056768K)], 0.0465449 secs] [Times: user=0.31 sys=0.00, real=0.04 secs] 
2021-01-22T01:13:26.188+0800: 48.531: [GC (Allocation Failure) [PSYoungGen: 207872K->64003K(239616K)] 580607K->436739K(939008K), 0.0081112 secs] [Times: user=0.05 sys=0.00, real=0.01 secs] 
2021-01-22T01:13:26.218+0800: 48.561: [GC (Allocation Failure) [PSYoungGen: 232963K->56977K(259072K)] 605699K->484177K(958464K), 0.0204054 secs] [Times: user=0.08 sys=0.00, real=0.02 secs] 
2021-01-22T01:13:26.259+0800: 48.602: [GC (Allocation Failure) [PSYoungGen: 225937K->53650K(258048K)] 653137K->529131K(957440K), 0.0108623 secs] [Times: user=0.08 sys=0.00, real=0.01 secs] 
2021-01-22T01:13:26.293+0800: 48.636: [GC (Allocation Failure) [PSYoungGen: 221586K->51810K(258560K)] 697067K->572899K(957952K), 0.0240450 secs] [Times: user=0.06 sys=0.01, real=0.02 secs] 
2021-01-22T01:13:26.338+0800: 48.681: [GC (Allocation Failure) [PSYoungGen: 219450K->55119K(259072K)] 740539K->619786K(958464K), 0.0114809 secs] [Times: user=0.08 sys=0.00, real=0.02 secs] 
2021-01-22T01:13:26.374+0800: 48.717: [GC (Allocation Failure) [PSYoungGen: 223567K->52585K(258560K)] 788234K->662956K(957952K), 0.0143054 secs] [Times: user=0.04 sys=0.01, real=0.02 secs] 
2021-01-22T01:13:26.414+0800: 48.757: [GC (Allocation Failure) [PSYoungGen: 221033K->54547K(260608K)] 831404K->711622K(960000K), 0.0121001 secs] [Times: user=0.08 sys=0.00, real=0.01 secs] 
2021-01-22T01:13:26.426+0800: 48.769: [Full GC (Ergonomics) [PSYoungGen: 54547K->0K(260608K)] [ParOldGen: 657074K->369749K(699392K)] 711622K->369749K(960000K), [Metaspace: 2817K->2817K(1056768K)], 0.0523031 secs] [Times: user=0.36 sys=0.00, real=0.06 secs] 
2021-01-22T01:13:26.509+0800: 48.852: [GC (Allocation Failure) [PSYoungGen: 171008K->51840K(259584K)] 540757K->421589K(958976K), 0.0079058 secs] [Times: user=0.05 sys=0.00, real=0.00 secs] 
2021-01-22T01:13:26.541+0800: 48.884: [GC (Allocation Failure) [PSYoungGen: 222848K->63582K(263168K)] 592597K->476742K(962560K), 0.0174732 secs] [Times: user=0.09 sys=0.00, real=0.02 secs] 
2021-01-22T01:13:26.582+0800: 48.924: [GC (Allocation Failure) [PSYoungGen: 239198K->57616K(261632K)] 652358K->525712K(961024K), 0.0137296 secs] [Times: user=0.09 sys=0.01, real=0.01 secs] 
2021-01-22T01:13:26.622+0800: 48.965: [GC (Allocation Failure) [PSYoungGen: 233232K->62073K(267264K)] 701328K->578652K(966656K), 0.0139192 secs] [Times: user=0.09 sys=0.00, real=0.01 secs] 
2021-01-22T01:13:26.660+0800: 49.002: [GC (Allocation Failure) [PSYoungGen: 245369K->67318K(265216K)] 761948K->635832K(964608K), 0.0280565 secs] [Times: user=0.11 sys=0.00, real=0.02 secs] 
2021-01-22T01:13:26.719+0800: 49.061: [GC (Allocation Failure) [PSYoungGen: 250571K->59901K(268288K)] 819086K->681460K(967680K), 0.0138296 secs] [Times: user=0.09 sys=0.00, real=0.01 secs] 
2021-01-22T01:13:26.756+0800: 49.099: [GC (Allocation Failure) [PSYoungGen: 245078K->55844K(266752K)] 866638K->728741K(966144K), 0.0206669 secs] [Times: user=0.11 sys=0.00, real=0.02 secs] 
2021-01-22T01:13:26.777+0800: 49.120: [Full GC (Ergonomics) [PSYoungGen: 55844K->0K(266752K)] [ParOldGen: 672896K->388371K(699392K)] 728741K->388371K(966144K), [Metaspace: 2817K->2817K(1056768K)], 0.0503501 secs] [Times: user=0.30 sys=0.00, real=0.05 secs] 
2021-01-22T01:13:26.863+0800: 49.206: [GC (Allocation Failure) [PSYoungGen: 185242K->59971K(271360K)] 573613K->448343K(970752K), 0.0064703 secs] [Times: user=0.04 sys=0.00, real=0.01 secs] 
2021-01-22T01:13:26.895+0800: 49.237: [GC (Allocation Failure) [PSYoungGen: 251441K->67514K(269312K)] 639813K->505182K(968704K), 0.0131142 secs] [Times: user=0.10 sys=0.00, real=0.01 secs] 
2021-01-22T01:13:26.939+0800: 49.282: [GC (Allocation Failure) [PSYoungGen: 258929K->64337K(270848K)] 696597K->554645K(970240K), 0.0124902 secs] [Times: user=0.09 sys=0.00, real=0.01 secs] 
2021-01-22T01:13:26.978+0800: 49.321: [GC (Allocation Failure) [PSYoungGen: 256337K->55259K(270336K)] 746645K->599386K(969728K), 0.0132811 secs] [Times: user=0.08 sys=0.01, real=0.02 secs] 
2021-01-22T01:13:27.022+0800: 49.365: [GC (Allocation Failure) [PSYoungGen: 247259K->63787K(272384K)] 791386K->653694K(971776K), 0.0141146 secs] [Times: user=0.08 sys=0.00, real=0.01 secs] 
2021-01-22T01:13:27.061+0800: 49.404: [GC (Allocation Failure) [PSYoungGen: 258347K->67717K(271360K)] 848254K->709562K(970752K), 0.0146641 secs] [Times: user=0.10 sys=0.00, real=0.01 secs] 
2021-01-22T01:13:27.076+0800: 49.419: [Full GC (Ergonomics) [PSYoungGen: 67717K->0K(271360K)] [ParOldGen: 641844K->383525K(699392K)] 709562K->383525K(970752K), [Metaspace: 2817K->2817K(1056768K)], 0.0548454 secs] [Times: user=0.20 sys=0.00, real=0.06 secs] 
2021-01-22T01:13:27.158+0800: 49.501: [GC (Allocation Failure) [PSYoungGen: 194560K->63901K(272384K)] 578085K->447426K(971776K), 0.0098660 secs] [Times: user=0.06 sys=0.00, real=0.02 secs] 
2021-01-22T01:13:27.204+0800: 49.547: [GC (Allocation Failure) [PSYoungGen: 258461K->67642K(271360K)] 641986K->506337K(970752K), 0.0250408 secs] [Times: user=0.08 sys=0.00, real=0.03 secs] 
2021-01-22T01:13:27.255+0800: 49.598: [GC (Allocation Failure) [PSYoungGen: 262202K->66283K(271872K)] 700897K->560425K(971264K), 0.0184075 secs] [Times: user=0.12 sys=0.00, real=0.02 secs] 
2021-01-22T01:13:27.306+0800: 49.649: [GC (Allocation Failure) [PSYoungGen: 260639K->67007K(271872K)] 754781K->613294K(971264K), 0.0144467 secs] [Times: user=0.10 sys=0.00, real=0.02 secs] 
2021-01-22T01:13:27.344+0800: 49.687: [GC (Allocation Failure) [PSYoungGen: 261567K->62845K(272896K)] 807854K->662326K(972288K), 0.0138885 secs] [Times: user=0.09 sys=0.01, real=0.02 secs] 
2021-01-22T01:13:27.389+0800: 49.732: [GC (Allocation Failure) [PSYoungGen: 258429K->61046K(271872K)] 857910K->710591K(971264K), 0.0133547 secs] [Times: user=0.09 sys=0.00, real=0.01 secs] 
2021-01-22T01:13:27.403+0800: 49.745: [Full GC (Ergonomics) [PSYoungGen: 61046K->0K(271872K)] [ParOldGen: 649544K->375912K(699392K)] 710591K->375912K(971264K), [Metaspace: 2817K->2817K(1056768K)], 0.0523564 secs] [Times: user=0.35 sys=0.00, real=0.05 secs] 
2021-01-22T01:13:27.485+0800: 49.828: [GC (Allocation Failure) [PSYoungGen: 195584K->60641K(274432K)] 571496K->436554K(973824K), 0.0072260 secs] [Times: user=0.04 sys=0.00, real=0.01 secs] 
2021-01-22T01:13:27.519+0800: 49.862: [GC (Allocation Failure) [PSYoungGen: 259809K->66113K(273920K)] 635722K->493220K(973312K), 0.0135188 secs] [Times: user=0.09 sys=0.00, real=0.01 secs] 
2021-01-22T01:13:27.566+0800: 49.909: [GC (Allocation Failure) [PSYoungGen: 265281K->67681K(273408K)] 692388K->551282K(972800K), 0.0146519 secs] [Times: user=0.10 sys=0.00, real=0.02 secs] 
2021-01-22T01:13:27.612+0800: 49.955: [GC (Allocation Failure) [PSYoungGen: 266125K->67854K(273920K)] 749726K->607024K(973312K), 0.0226855 secs] [Times: user=0.06 sys=0.00, real=0.02 secs] 
2021-01-22T01:13:27.665+0800: 50.008: [GC (Allocation Failure) [PSYoungGen: 266510K->68103K(272896K)] 805680K->658847K(972288K), 0.0126557 secs] [Times: user=0.09 sys=0.01, real=0.02 secs] 
2021-01-22T01:13:27.713+0800: 50.056: [GC (Allocation Failure) [PSYoungGen: 265735K->62621K(273408K)] 856479K->710805K(972800K), 0.0144597 secs] [Times: user=0.09 sys=0.00, real=0.01 secs] 
2021-01-22T01:13:27.728+0800: 50.071: [Full GC (Ergonomics) [PSYoungGen: 62621K->0K(273408K)] [ParOldGen: 648184K->379753K(699392K)] 710805K->379753K(972800K), [Metaspace: 2817K->2817K(1056768K)], 0.0554196 secs] [Times: user=0.37 sys=0.00, real=0.06 secs] 
2021-01-22T01:13:27.805+0800: 50.148: [GC (Allocation Failure) [PSYoungGen: 197433K->58936K(274432K)] 577187K->438690K(973824K), 0.0073831 secs] [Times: user=0.05 sys=0.00, real=0.01 secs] 
2021-01-22T01:13:27.839+0800: 50.182: [GC (Allocation Failure) [PSYoungGen: 257925K->64760K(273920K)] 637679K->488899K(973312K), 0.0133182 secs] [Times: user=0.09 sys=0.00, real=0.01 secs] 
2021-01-22T01:13:27.881+0800: 50.224: [GC (Allocation Failure) [PSYoungGen: 263928K->65660K(275456K)] 688067K->540991K(974848K), 0.0141851 secs] [Times: user=0.09 sys=0.00, real=0.01 secs] 
2021-01-22T01:13:27.922+0800: 50.265: [GC (Allocation Failure) [PSYoungGen: 266876K->73723K(274944K)] 742207K->604764K(974336K), 0.0233499 secs] [Times: user=0.09 sys=0.00, real=0.02 secs] 
2021-01-22T01:13:27.975+0800: 50.318: [GC (Allocation Failure) [PSYoungGen: 274939K->62304K(271872K)] 805980K->652955K(971264K), 0.0132496 secs] [Times: user=0.10 sys=0.00, real=0.02 secs] 
2021-01-22T01:13:28.023+0800: 50.366: [GC (Allocation Failure) [PSYoungGen: 259936K->57857K(273408K)] 850587K->703894K(972800K), 0.0122288 secs] [Times: user=0.09 sys=0.00, real=0.01 secs] 
2021-01-22T01:13:28.035+0800: 50.378: [Full GC (Ergonomics) [PSYoungGen: 57857K->0K(273408K)] [ParOldGen: 646036K->378092K(699392K)] 703894K->378092K(972800K), [Metaspace: 2817K->2817K(1056768K)], 0.0472700 secs] [Times: user=0.30 sys=0.00, real=0.05 secs] 
2021-01-22T01:13:28.107+0800: 50.450: [GC (Allocation Failure) [PSYoungGen: 197622K->62662K(274432K)] 575714K->440754K(973824K), 0.0200742 secs] [Times: user=0.07 sys=0.00, real=0.02 secs] 
2021-01-22T01:13:28.153+0800: 50.496: [GC (Allocation Failure) [PSYoungGen: 261233K->60976K(273408K)] 639325K->488934K(972800K), 0.0134205 secs] [Times: user=0.08 sys=0.00, real=0.01 secs] 
2021-01-22T01:13:28.199+0800: 50.542: [GC (Allocation Failure) [PSYoungGen: 259632K->57405K(274944K)] 687590K->538087K(974336K), 0.0127896 secs] [Times: user=0.08 sys=0.00, real=0.01 secs] 
2021-01-22T01:13:28.237+0800: 50.580: [GC (Allocation Failure) [PSYoungGen: 258109K->65398K(274944K)] 738791K->592997K(974336K), 0.0315973 secs] [Times: user=0.21 sys=0.00, real=0.04 secs] 
2021-01-22T01:13:28.296+0800: 50.638: [GC (Allocation Failure) [PSYoungGen: 266102K->65969K(274944K)] 793701K->648256K(974336K), 0.0167428 secs] [Times: user=0.11 sys=0.00, real=0.02 secs] 
2021-01-22T01:13:28.346+0800: 50.689: [GC (Allocation Failure) [PSYoungGen: 266673K->63913K(274944K)] 848960K->701296K(974336K), 0.0132576 secs] [Times: user=0.10 sys=0.00, real=0.02 secs] 
2021-01-22T01:13:28.360+0800: 50.703: [Full GC (Ergonomics) [PSYoungGen: 63913K->0K(274944K)] [ParOldGen: 637383K->372598K(699392K)] 701296K->372598K(974336K), [Metaspace: 2817K->2817K(1056768K)], 0.0485669 secs] [Times: user=0.32 sys=0.00, real=0.05 secs] 
2021-01-22T01:13:28.434+0800: 50.777: [GC (Allocation Failure) [PSYoungGen: 200704K->64584K(276480K)] 573302K->437183K(975872K), 0.0169080 secs] [Times: user=0.04 sys=0.00, real=0.02 secs] 
2021-01-22T01:13:28.476+0800: 50.819: [GC (Allocation Failure) [PSYoungGen: 267848K->69124K(272896K)] 640447K->493727K(972288K), 0.0151664 secs] [Times: user=0.10 sys=0.00, real=0.02 secs] 
2021-01-22T01:13:28.525+0800: 50.868: [GC (Allocation Failure) [PSYoungGen: 272169K->66892K(275456K)] 696772K->547232K(974848K), 0.0262602 secs] [Times: user=0.18 sys=0.00, real=0.03 secs] 
2021-01-22T01:13:28.586+0800: 50.928: [GC (Allocation Failure) [PSYoungGen: 268620K->60553K(275456K)] 748960K->596401K(974848K), 0.0136068 secs] [Times: user=0.09 sys=0.00, real=0.02 secs] 
2021-01-22T01:13:28.626+0800: 50.969: [GC (Allocation Failure) [PSYoungGen: 262281K->69584K(273408K)] 798129K->656681K(972800K), 0.0149377 secs] [Times: user=0.10 sys=0.00, real=0.02 secs] 
2021-01-22T01:13:28.674+0800: 51.017: [GC (Allocation Failure) [PSYoungGen: 269264K->63458K(274432K)] 856361K->706516K(973824K), 0.0186986 secs] [Times: user=0.12 sys=0.00, real=0.02 secs] 
2021-01-22T01:13:28.693+0800: 51.036: [Full GC (Ergonomics) [PSYoungGen: 63458K->0K(274432K)] [ParOldGen: 643058K->373832K(699392K)] 706516K->373832K(973824K), [Metaspace: 2817K->2817K(1056768K)], 0.0501582 secs] [Times: user=0.28 sys=0.00, real=0.05 secs] 
2021-01-22T01:13:28.775+0800: 51.118: [GC (Allocation Failure) [PSYoungGen: 199680K->62057K(275968K)] 573512K->435890K(975360K), 0.0081606 secs] [Times: user=0.05 sys=0.00, real=0.01 secs] 
2021-01-22T01:13:28.816+0800: 51.158: [GC (Allocation Failure) [PSYoungGen: 264297K->59724K(275456K)] 638130K->487408K(974848K), 0.0165940 secs] [Times: user=0.05 sys=0.00, real=0.02 secs] 
2021-01-22T01:13:28.864+0800: 51.207: [GC (Allocation Failure) [PSYoungGen: 261964K->66293K(275968K)] 689648K->542938K(975360K), 0.0137578 secs] [Times: user=0.08 sys=0.01, real=0.02 secs] 
2021-01-22T01:13:28.912+0800: 51.254: [GC (Allocation Failure) [PSYoungGen: 268955K->58403K(275968K)] 745601K->589039K(975360K), 0.0112973 secs] [Times: user=0.09 sys=0.00, real=0.01 secs] 
2021-01-22T01:13:28.949+0800: 51.292: [GC (Allocation Failure) [PSYoungGen: 261155K->63449K(276992K)] 791791K->645443K(976384K), 0.0145385 secs] [Times: user=0.09 sys=0.00, real=0.01 secs] 
2021-01-22T01:13:28.998+0800: 51.341: [GC (Allocation Failure) [PSYoungGen: 267225K->62277K(275968K)] 849219K->696748K(975360K), 0.0143456 secs] [Times: user=0.09 sys=0.00, real=0.02 secs] 
2021-01-22T01:13:29.013+0800: 51.356: [Full GC (Ergonomics) [PSYoungGen: 62277K->0K(275968K)] [ParOldGen: 634471K->373497K(699392K)] 696748K->373497K(975360K), [Metaspace: 2817K->2817K(1056768K)], 0.0489608 secs] [Times: user=0.32 sys=0.00, real=0.05 secs] 
2021-01-22T01:13:29.093+0800: 51.436: [GC (Allocation Failure) [PSYoungGen: 203776K->63773K(278016K)] 577273K->437271K(977408K), 0.0095506 secs] [Times: user=0.04 sys=0.00, real=0.01 secs] 
2021-01-22T01:13:29.129+0800: 51.472: [GC (Allocation Failure) [PSYoungGen: 270109K->66265K(277504K)] 643607K->493508K(976896K), 0.0151325 secs] [Times: user=0.10 sys=0.00, real=0.01 secs] 
2021-01-22T01:13:29.178+0800: 51.521: [GC (Allocation Failure) [PSYoungGen: 272601K->66027K(276992K)] 699844K->549398K(976384K), 0.0167650 secs] [Times: user=0.10 sys=0.01, real=0.02 secs] 
2021-01-22T01:13:29.228+0800: 51.571: [GC (Allocation Failure) [PSYoungGen: 271851K->60089K(277504K)] 755222K->598695K(976896K), 0.0209713 secs] [Times: user=0.07 sys=0.00, real=0.03 secs] 
2021-01-22T01:13:29.275+0800: 51.618: [GC (Allocation Failure) [PSYoungGen: 265729K->68527K(275456K)] 804335K->655618K(974848K), 0.0254573 secs] [Times: user=0.18 sys=0.00, real=0.03 secs] 
2021-01-22T01:13:29.335+0800: 51.678: [GC (Allocation Failure) [PSYoungGen: 272303K->65261K(276480K)] 859394K->704212K(975872K), 0.0142768 secs] [Times: user=0.10 sys=0.00, real=0.02 secs] 
2021-01-22T01:13:29.350+0800: 51.693: [Full GC (Ergonomics) [PSYoungGen: 65261K->0K(276480K)] [ParOldGen: 638951K->366138K(699392K)] 704212K->366138K(975872K), [Metaspace: 2817K->2817K(1056768K)], 0.0462045 secs] [Times: user=0.30 sys=0.00, real=0.04 secs] 
2021-01-22T01:13:29.431+0800: 51.774: [GC (Allocation Failure) [PSYoungGen: 203776K->63883K(277504K)] 569914K->430022K(976896K), 0.0083271 secs] [Times: user=0.05 sys=0.00, real=0.01 secs] 
2021-01-22T01:13:29.467+0800: 51.810: [GC (Allocation Failure) [PSYoungGen: 269195K->68465K(276992K)] 635334K->484150K(976384K), 0.0158330 secs] [Times: user=0.09 sys=0.00, real=0.02 secs] 
2021-01-22T01:13:29.519+0800: 51.862: [GC (Allocation Failure) [PSYoungGen: 273777K->62127K(276992K)] 689462K->536048K(976384K), 0.0340163 secs] [Times: user=0.24 sys=0.00, real=0.03 secs] 
2021-01-22T01:13:29.587+0800: 51.930: [GC (Allocation Failure) [PSYoungGen: 266927K->62819K(276992K)] 740848K->591669K(976384K), 0.0235042 secs] [Times: user=0.07 sys=0.00, real=0.03 secs] 
2021-01-22T01:13:29.639+0800: 51.982: [GC (Allocation Failure) [PSYoungGen: 267619K->66512K(277504K)] 796469K->649045K(976896K), 0.0149226 secs] [Times: user=0.10 sys=0.00, real=0.01 secs] 
2021-01-22T01:13:29.690+0800: 52.032: [GC (Allocation Failure) [PSYoungGen: 272336K->65294K(277504K)] 854869K->701981K(976896K), 0.0159309 secs] [Times: user=0.11 sys=0.00, real=0.01 secs] 
2021-01-22T01:13:29.706+0800: 52.049: [Full GC (Ergonomics) [PSYoungGen: 65294K->0K(277504K)] [ParOldGen: 636686K->361720K(699392K)] 701981K->361720K(976896K), [Metaspace: 2817K->2817K(1056768K)], 0.0590016 secs] [Times: user=0.37 sys=0.00, real=0.06 secs] 
2021-01-22T01:13:29.795+0800: 52.137: [GC (Allocation Failure) [PSYoungGen: 205209K->57389K(276992K)] 566929K->419109K(976384K), 0.0070647 secs] [Times: user=0.04 sys=0.00, real=0.01 secs] 
2021-01-22T01:13:29.835+0800: 52.178: [GC (Allocation Failure) [PSYoungGen: 263213K->71671K(277504K)] 624933K->485217K(976896K), 0.0147414 secs] [Times: user=0.09 sys=0.00, real=0.02 secs] 
2021-01-22T01:13:29.881+0800: 52.224: [GC (Allocation Failure) [PSYoungGen: 277495K->71632K(269312K)] 691041K->547248K(968704K), 0.0153639 secs] [Times: user=0.10 sys=0.00, real=0.01 secs] 
2021-01-22T01:13:29.923+0800: 52.266: [GC (Allocation Failure) [PSYoungGen: 268969K->67562K(273408K)] 744584K->599906K(972800K), 0.0305802 secs] [Times: user=0.10 sys=0.01, real=0.03 secs] 
2021-01-22T01:13:29.985+0800: 52.328: [GC (Allocation Failure) [PSYoungGen: 265194K->63564K(274432K)] 797538K->650747K(973824K), 0.0150251 secs] [Times: user=0.09 sys=0.00, real=0.02 secs] 
2021-01-22T01:13:30.028+0800: 52.371: [GC (Allocation Failure) [PSYoungGen: 262732K->59670K(273920K)] 849915K->702293K(973312K), 0.0157220 secs] [Times: user=0.09 sys=0.00, real=0.01 secs] 
2021-01-22T01:13:30.045+0800: 52.387: [Full GC (Ergonomics) [PSYoungGen: 59670K->0K(273920K)] [ParOldGen: 642623K->379080K(699392K)] 702293K->379080K(973312K), [Metaspace: 2817K->2817K(1056768K)], 0.0467715 secs] [Times: user=0.28 sys=0.00, real=0.05 secs] 
2021-01-22T01:13:30.116+0800: 52.459: [GC (Allocation Failure) [PSYoungGen: 199168K->70267K(272384K)] 578248K->449347K(971776K), 0.0081382 secs] [Times: user=0.05 sys=0.00, real=0.01 secs] 
2021-01-22T01:13:30.154+0800: 52.497: [GC (Allocation Failure) [PSYoungGen: 267899K->62200K(273408K)] 646979K->497273K(972800K), 0.0117812 secs] [Times: user=0.08 sys=0.00, real=0.01 secs] 
2021-01-22T01:13:30.192+0800: 52.535: [GC (Allocation Failure) [PSYoungGen: 259832K->69566K(271872K)] 694905K->553216K(971264K), 0.0137279 secs] [Times: user=0.09 sys=0.00, real=0.01 secs] 
2021-01-22T01:13:30.236+0800: 52.579: [GC (Allocation Failure) [PSYoungGen: 266174K->69432K(272896K)] 749824K->609530K(972288K), 0.0146302 secs] [Times: user=0.10 sys=0.00, real=0.02 secs] 
2021-01-22T01:13:30.274+0800: 52.617: [GC (Allocation Failure) [PSYoungGen: 266040K->63449K(273408K)] 806138K->658880K(972800K), 0.0134170 secs] [Times: user=0.09 sys=0.00, real=0.01 secs] 
2021-01-22T01:13:30.320+0800: 52.663: [GC (Allocation Failure) [PSYoungGen: 260569K->64720K(272896K)] 856000K->715520K(972288K), 0.0145470 secs] [Times: user=0.09 sys=0.00, real=0.01 secs] 
2021-01-22T01:13:30.335+0800: 52.678: [Full GC (Ergonomics) [PSYoungGen: 64720K->0K(272896K)] [ParOldGen: 650799K->389640K(699392K)] 715520K->389640K(972288K), [Metaspace: 2817K->2817K(1056768K)], 0.0465889 secs] [Times: user=0.31 sys=0.00, real=0.05 secs] 
2021-01-22T01:13:30.412+0800: 52.755: [GC (Allocation Failure) [PSYoungGen: 197120K->62350K(274432K)] 586760K->451991K(973824K), 0.0079466 secs] [Times: user=0.05 sys=0.00, real=0.01 secs] 
2021-01-22T01:13:30.444+0800: 52.787: [GC (Allocation Failure) [PSYoungGen: 261518K->67818K(273920K)] 651159K->507006K(973312K), 0.0132280 secs] [Times: user=0.09 sys=0.00, real=0.03 secs] 
2021-01-22T01:13:30.495+0800: 52.838: [GC (Allocation Failure) [PSYoungGen: 266986K->55202K(272384K)] 706174K->548964K(971776K), 0.0131101 secs] [Times: user=0.09 sys=0.00, real=0.02 secs] 
2021-01-22T01:13:30.534+0800: 52.877: [GC (Allocation Failure) [PSYoungGen: 252834K->65364K(273408K)] 746596K->603974K(972800K), 0.0136430 secs] [Times: user=0.09 sys=0.00, real=0.01 secs] 
2021-01-22T01:13:30.585+0800: 52.928: [GC (Allocation Failure) [PSYoungGen: 262996K->69907K(272384K)] 801606K->662160K(971776K), 0.0158622 secs] [Times: user=0.10 sys=0.00, real=0.02 secs] 
2021-01-22T01:13:30.630+0800: 52.973: [GC (Allocation Failure) [PSYoungGen: 267304K->63532K(273408K)] 859557K->713171K(972800K), 0.0416963 secs] [Times: user=0.20 sys=0.01, real=0.04 secs] 
2021-01-22T01:13:30.672+0800: 53.015: [Full GC (Ergonomics) [PSYoungGen: 63532K->0K(273408K)] [ParOldGen: 649638K->379516K(699392K)] 713171K->379516K(972800K), [Metaspace: 2817K->2817K(1056768K)], 0.0514909 secs] [Times: user=0.32 sys=0.00, real=0.05 secs] 
2021-01-22T01:13:30.767+0800: 53.110: [GC (Allocation Failure) [PSYoungGen: 197632K->64440K(274944K)] 577148K->443956K(974336K), 0.0102561 secs] [Times: user=0.05 sys=0.00, real=0.01 secs] 
2021-01-22T01:13:30.806+0800: 53.149: [GC (Allocation Failure) [PSYoungGen: 264120K->63149K(273920K)] 643636K->490476K(973312K), 0.0147541 secs] [Times: user=0.10 sys=0.00, real=0.02 secs] 
2021-01-22T01:13:30.857+0800: 53.200: [GC (Allocation Failure) [PSYoungGen: 262829K->61750K(275968K)] 690156K->543226K(975360K), 0.0140705 secs] [Times: user=0.10 sys=0.00, real=0.02 secs] 
2021-01-22T01:13:30.903+0800: 53.246: [GC (Allocation Failure) [PSYoungGen: 263990K->64257K(275456K)] 745466K->595219K(974848K), 0.0171403 secs] [Times: user=0.08 sys=0.00, real=0.02 secs] 
2021-01-22T01:13:30.945+0800: 53.288: [GC (Allocation Failure) [PSYoungGen: 266497K->71394K(272896K)] 797459K->655865K(972288K), 0.0182002 secs] [Times: user=0.12 sys=0.00, real=0.02 secs] 
2021-01-22T01:13:30.996+0800: 53.339: [GC (Allocation Failure) [PSYoungGen: 272098K->68165K(274944K)] 856569K->711534K(974336K), 0.0170919 secs] [Times: user=0.11 sys=0.00, real=0.02 secs] 
2021-01-22T01:13:31.013+0800: 53.356: [Full GC (Ergonomics) [PSYoungGen: 68165K->0K(274944K)] [ParOldGen: 643369K->369432K(699392K)] 711534K->369432K(974336K), [Metaspace: 2817K->2817K(1056768K)], 0.0472848 secs] [Times: user=0.31 sys=0.00, real=0.05 secs] 
2021-01-22T01:13:31.094+0800: 53.437: [GC (Allocation Failure) [PSYoungGen: 200698K->63313K(275456K)] 570130K->432745K(974848K), 0.0072207 secs] [Times: user=0.06 sys=0.00, real=0.01 secs] 
2021-01-22T01:13:31.129+0800: 53.472: [GC (Allocation Failure) [PSYoungGen: 264529K->59583K(274944K)] 633961K->483726K(974336K), 0.0191743 secs] [Times: user=0.08 sys=0.01, real=0.02 secs] 
2021-01-22T01:13:31.182+0800: 53.525: [GC (Allocation Failure) [PSYoungGen: 260799K->61258K(275456K)] 684942K->532858K(974848K), 0.0131393 secs] [Times: user=0.09 sys=0.00, real=0.01 secs] 
2021-01-22T01:13:31.226+0800: 53.569: [GC (Allocation Failure) [PSYoungGen: 262474K->65173K(274944K)] 734074K->586060K(974336K), 0.0140554 secs] [Times: user=0.10 sys=0.00, real=0.02 secs] 
2021-01-22T01:13:31.268+0800: 53.611: [GC (Allocation Failure) [PSYoungGen: 266389K->63487K(276992K)] 787276K->637493K(976384K), 0.0154614 secs] [Times: user=0.09 sys=0.01, real=0.02 secs] 
2021-01-22T01:13:31.318+0800: 53.661: [GC (Allocation Failure) [PSYoungGen: 267263K->63164K(275968K)] 841269K->689625K(975360K), 0.0149800 secs] [Times: user=0.11 sys=0.00, real=0.02 secs] 
2021-01-22T01:13:31.361+0800: 53.704: [GC (Allocation Failure) [PSYoungGen: 266940K->66610K(276480K)] 893401K->745585K(975872K), 0.0132232 secs] [Times: user=0.09 sys=0.01, real=0.01 secs] 
2021-01-22T01:13:31.375+0800: 53.718: [Full GC (Ergonomics) [PSYoungGen: 66610K->0K(276480K)] [ParOldGen: 678974K->362225K(699392K)] 745585K->362225K(975872K), [Metaspace: 2817K->2817K(1056768K)], 0.0438210 secs] [Times: user=0.29 sys=0.00, real=0.05 secs] 
2021-01-22T01:13:31.460+0800: 53.803: [GC (Allocation Failure) [PSYoungGen: 204800K->72176K(276992K)] 567025K->434402K(976384K), 0.0190939 secs] [Times: user=0.05 sys=0.01, real=0.02 secs] 
2021-01-22T01:13:31.514+0800: 53.857: [GC (Allocation Failure) [PSYoungGen: 276976K->66791K(273920K)] 639202K->488442K(973312K), 0.0184553 secs] [Times: user=0.13 sys=0.00, real=0.02 secs] 
2021-01-22T01:13:31.578+0800: 53.921: [GC (Allocation Failure) [PSYoungGen: 268499K->66530K(275456K)] 690150K->543251K(974848K), 0.0173765 secs] [Times: user=0.12 sys=0.00, real=0.01 secs] 
2021-01-22T01:13:31.628+0800: 53.971: [GC (Allocation Failure) [PSYoungGen: 268258K->55266K(273920K)] 744979K->590646K(973312K), 0.0142424 secs] [Times: user=0.09 sys=0.00, real=0.01 secs] 
2021-01-22T01:13:31.667+0800: 54.010: [GC (Allocation Failure) [PSYoungGen: 255970K->71356K(272384K)] 791350K->652696K(971776K), 0.0141986 secs] [Times: user=0.10 sys=0.00, real=0.02 secs] 
2021-01-22T01:13:31.711+0800: 54.054: [GC (Allocation Failure) [PSYoungGen: 272060K->68453K(272384K)] 853400K->710191K(971776K), 0.0131338 secs] [Times: user=0.09 sys=0.00, real=0.01 secs] 
2021-01-22T01:13:31.725+0800: 54.068: [Full GC (Ergonomics) [PSYoungGen: 68453K->0K(272384K)] [ParOldGen: 641737K->368852K(699392K)] 710191K->368852K(971776K), [Metaspace: 2817K->2817K(1056768K)], 0.0538081 secs] [Times: user=0.35 sys=0.00, real=0.06 secs] 
2021-01-22T01:13:31.818+0800: 54.160: [GC (Allocation Failure) [PSYoungGen: 196608K->64491K(272896K)] 565460K->433343K(972288K), 0.0092629 secs] [Times: user=0.04 sys=0.00, real=0.01 secs] 
2021-01-22T01:13:31.858+0800: 54.201: [GC (Allocation Failure) [PSYoungGen: 260984K->66829K(274432K)] 629836K->488271K(973824K), 0.0144414 secs] [Times: user=0.10 sys=0.00, real=0.01 secs] 
2021-01-22T01:13:31.910+0800: 54.253: [GC (Allocation Failure) [PSYoungGen: 265928K->68892K(273920K)] 687370K->543207K(973312K), 0.0130608 secs] [Times: user=0.08 sys=0.00, real=0.01 secs] 
2021-01-22T01:13:31.949+0800: 54.292: [GC (Allocation Failure) [PSYoungGen: 268060K->66307K(274944K)] 742375K->598068K(974336K), 0.0161680 secs] [Times: user=0.11 sys=0.00, real=0.01 secs] 
2021-01-22T01:13:32.008+0800: 54.351: [GC (Allocation Failure) [PSYoungGen: 265987K->64763K(273920K)] 797748K->650837K(973312K), 0.0162795 secs] [Times: user=0.10 sys=0.00, real=0.02 secs] 
2021-01-22T01:13:32.056+0800: 54.399: [GC (Allocation Failure) [PSYoungGen: 264443K->53671K(272384K)] 850517K->694493K(971776K), 0.0183436 secs] [Times: user=0.07 sys=0.00, real=0.02 secs] 
2021-01-22T01:13:32.075+0800: 54.418: [Full GC (Ergonomics) [PSYoungGen: 53671K->0K(272384K)] [ParOldGen: 640821K->369080K(699392K)] 694493K->369080K(971776K), [Metaspace: 2817K->2817K(1056768K)], 0.0454555 secs] [Times: user=0.27 sys=0.01, real=0.05 secs] 
2021-01-22T01:13:32.153+0800: 54.496: [GC (Allocation Failure) [PSYoungGen: 198656K->60578K(273920K)] 567736K->429659K(973312K), 0.0117854 secs] [Times: user=0.04 sys=0.00, real=0.01 secs] 
2021-01-22T01:13:32.192+0800: 54.534: [GC (Allocation Failure) [PSYoungGen: 259234K->66761K(274432K)] 628315K->484480K(973824K), 0.0152526 secs] [Times: user=0.11 sys=0.00, real=0.01 secs] 
2021-01-22T01:13:32.232+0800: 54.575: [GC (Allocation Failure) [PSYoungGen: 266182K->65544K(274432K)] 683901K->539324K(973824K), 0.0144057 secs] [Times: user=0.10 sys=0.00, real=0.01 secs] 
2021-01-22T01:13:32.275+0800: 54.618: [GC (Allocation Failure) [PSYoungGen: 265224K->64378K(275968K)] 739004K->592231K(975360K), 0.0342282 secs] [Times: user=0.22 sys=0.00, real=0.04 secs] 
2021-01-22T01:13:32.335+0800: 54.678: [GC (Allocation Failure) [PSYoungGen: 266106K->65635K(274944K)] 793959K->645219K(974336K), 0.0141113 secs] [Times: user=0.10 sys=0.00, real=0.02 secs] 
2021-01-22T01:13:32.378+0800: 54.721: [GC (Allocation Failure) [PSYoungGen: 267363K->64946K(276992K)] 846947K->695261K(976384K), 0.0232961 secs] [Times: user=0.10 sys=0.00, real=0.03 secs] 
2021-01-22T01:13:32.402+0800: 54.745: [Full GC (Ergonomics) [PSYoungGen: 64946K->0K(276992K)] [ParOldGen: 630315K->368522K(699392K)] 695261K->368522K(976384K), [Metaspace: 2817K->2817K(1056768K)], 0.0428913 secs] [Times: user=0.29 sys=0.00, real=0.04 secs] 
2021-01-22T01:13:32.471+0800: 54.814: [GC (Allocation Failure) [PSYoungGen: 204288K->69282K(273920K)] 572810K->437805K(973312K), 0.0099950 secs] [Times: user=0.06 sys=0.00, real=0.01 secs] 
2021-01-22T01:13:32.514+0800: 54.857: [GC (Allocation Failure) [PSYoungGen: 273570K->63385K(276480K)] 642093K->488719K(975872K), 0.0143604 secs] [Times: user=0.08 sys=0.01, real=0.02 secs] 
2021-01-22T01:13:32.554+0800: 54.897: [GC (Allocation Failure) [PSYoungGen: 266649K->68321K(275968K)] 691983K->544513K(975360K), 0.0258223 secs] [Times: user=0.05 sys=0.01, real=0.03 secs] 
2021-01-22T01:13:32.612+0800: 54.955: [GC (Allocation Failure) [PSYoungGen: 271585K->68403K(274944K)] 747777K->601177K(974336K), 0.0157464 secs] [Times: user=0.10 sys=0.00, real=0.01 secs] 
2021-01-22T01:13:32.657+0800: 55.000: [GC (Allocation Failure) [PSYoungGen: 270131K->65858K(275456K)] 802905K->654197K(974848K), 0.0158885 secs] [Times: user=0.04 sys=0.00, real=0.02 secs] 
2021-01-22T01:13:32.705+0800: 55.048: [GC (Allocation Failure) [PSYoungGen: 267586K->68447K(275456K)] 855925K->711868K(974848K), 0.0214286 secs] [Times: user=0.15 sys=0.00, real=0.02 secs] 
2021-01-22T01:13:32.727+0800: 55.070: [Full GC (Ergonomics) [PSYoungGen: 68447K->0K(275456K)] [ParOldGen: 643421K->369003K(699392K)] 711868K->369003K(974848K), [Metaspace: 2817K->2817K(1056768K)], 0.0423700 secs] [Times: user=0.28 sys=0.00, real=0.05 secs] 
2021-01-22T01:13:32.798+0800: 55.141: [GC (Allocation Failure) [PSYoungGen: 202752K->67423K(275968K)] 571755K->436427K(975360K), 0.0095811 secs] [Times: user=0.04 sys=0.01, real=0.01 secs] 
2021-01-22T01:13:32.834+0800: 55.177: [GC (Allocation Failure) [PSYoungGen: 270074K->66619K(276480K)] 639078K->491558K(975872K), 0.0146237 secs] [Times: user=0.10 sys=0.00, real=0.02 secs] 
2021-01-22T01:13:32.874+0800: 55.217: [GC (Allocation Failure) [PSYoungGen: 269495K->71365K(274944K)] 694435K->550974K(974336K), 0.0155204 secs] [Times: user=0.11 sys=0.00, real=0.02 secs] 
2021-01-22T01:13:32.924+0800: 55.266: [GC (Allocation Failure) [PSYoungGen: 274629K->68275K(275456K)] 754238K->603917K(974848K), 0.0257572 secs] [Times: user=0.17 sys=0.00, real=0.03 secs] 
2021-01-22T01:13:32.990+0800: 55.333: [GC (Allocation Failure) [PSYoungGen: 269437K->61288K(263168K)] 805079K->656349K(962560K), 0.0174294 secs] [Times: user=0.12 sys=0.00, real=0.01 secs] 
2021-01-22T01:13:33.038+0800: 55.381: [GC (Allocation Failure) [PSYoungGen: 263016K->70650K(273920K)] 858077K->716523K(973312K), 0.0558762 secs] [Times: user=0.23 sys=0.01, real=0.06 secs] 
2021-01-22T01:13:33.102+0800: 55.445: [Full GC (Ergonomics) [PSYoungGen: 70650K->0K(273920K)] [ParOldGen: 645872K->382754K(699392K)] 716523K->382754K(973312K), [Metaspace: 2817K->2817K(1056768K)], 0.0521090 secs] [Times: user=0.32 sys=0.01, real=0.07 secs] 
2021-01-22T01:13:33.211+0800: 55.554: [GC (Allocation Failure) [PSYoungGen: 199680K->64097K(274432K)] 582434K->446851K(973824K), 0.0070734 secs] [Times: user=0.04 sys=0.01, real=0.01 secs] 
2021-01-22T01:13:33.244+0800: 55.587: [GC (Allocation Failure) [PSYoungGen: 263777K->67391K(274944K)] 646531K->503387K(974336K), 0.0242955 secs] [Times: user=0.14 sys=0.00, real=0.03 secs] 
2021-01-22T01:13:33.304+0800: 55.647: [GC (Allocation Failure) [PSYoungGen: 267583K->63310K(274432K)] 703579K->557614K(973824K), 0.0157227 secs] [Times: user=0.10 sys=0.00, real=0.02 secs] 
2021-01-22T01:13:33.350+0800: 55.693: [GC (Allocation Failure) [PSYoungGen: 263502K->64061K(275456K)] 757806K->612697K(974848K), 0.0303552 secs] [Times: user=0.07 sys=0.00, real=0.03 secs] 
2021-01-22T01:13:33.409+0800: 55.752: [GC (Allocation Failure) [PSYoungGen: 265789K->65083K(275456K)] 814425K->667014K(974848K), 0.0141336 secs] [Times: user=0.09 sys=0.00, real=0.01 secs] 
2021-01-22T01:13:33.451+0800: 55.794: [GC (Allocation Failure) [PSYoungGen: 266811K->66211K(276992K)] 868742K->720079K(976384K), 0.0154918 secs] [Times: user=0.11 sys=0.00, real=0.01 secs] 
2021-01-22T01:13:33.467+0800: 55.810: [Full GC (Ergonomics) [PSYoungGen: 66211K->0K(276992K)] [ParOldGen: 653868K->375211K(699392K)] 720079K->375211K(976384K), [Metaspace: 2817K->2817K(1056768K)], 0.0500489 secs] [Times: user=0.33 sys=0.00, real=0.05 secs] 
2021-01-22T01:13:33.547+0800: 55.890: [GC (Allocation Failure) [PSYoungGen: 203776K->68331K(275968K)] 578987K->443543K(975360K), 0.0115520 secs] [Times: user=0.07 sys=0.00, real=0.02 secs] 
2021-01-22T01:13:33.592+0800: 55.934: [GC (Allocation Failure) [PSYoungGen: 272107K->72215K(273408K)] 647319K->503149K(972800K), 0.0159842 secs] [Times: user=0.10 sys=0.00, real=0.01 secs] 
2021-01-22T01:13:33.644+0800: 55.987: [GC (Allocation Failure) [PSYoungGen: 272919K->61795K(274944K)] 703853K->551366K(974336K), 0.0138827 secs] [Times: user=0.10 sys=0.00, real=0.02 secs] 
2021-01-22T01:13:33.689+0800: 56.032: [GC (Allocation Failure) [PSYoungGen: 262499K->67040K(275456K)] 752070K->607696K(974848K), 0.0200793 secs] [Times: user=0.05 sys=0.00, real=0.02 secs] 
2021-01-22T01:13:33.738+0800: 56.081: [GC (Allocation Failure) [PSYoungGen: 268256K->63878K(274944K)] 808912K->659733K(974336K), 0.0164229 secs] [Times: user=0.11 sys=0.00, real=0.01 secs] 
2021-01-22T01:13:33.789+0800: 56.132: [GC (Allocation Failure) [PSYoungGen: 265094K->62874K(275968K)] 860949K->711432K(975360K), 0.0143680 secs] [Times: user=0.10 sys=0.00, real=0.01 secs] 
2021-01-22T01:13:33.804+0800: 56.147: [Full GC (Ergonomics) [PSYoungGen: 62874K->0K(275968K)] [ParOldGen: 648557K->371235K(699392K)] 711432K->371235K(975360K), [Metaspace: 2817K->2817K(1056768K)], 0.0606583 secs] [Times: user=0.38 sys=0.01, real=0.06 secs] 
2021-01-22T01:13:33.896+0800: 56.239: [GC (Allocation Failure) [PSYoungGen: 202240K->60548K(275456K)] 573475K->431784K(974848K), 0.0104627 secs] [Times: user=0.07 sys=0.00, real=0.01 secs] 
2021-01-22T01:13:33.942+0800: 56.284: [GC (Allocation Failure) [PSYoungGen: 262788K->69720K(274432K)] 634024K->491886K(973824K), 0.0164788 secs] [Times: user=0.08 sys=0.02, real=0.02 secs] 
2021-01-22T01:13:33.989+0800: 56.332: [GC (Allocation Failure) [PSYoungGen: 270424K->61134K(274944K)] 692590K->542370K(974336K), 0.0155312 secs] [Times: user=0.10 sys=0.00, real=0.01 secs] 
2021-01-22T01:13:34.041+0800: 56.384: [GC (Allocation Failure) [PSYoungGen: 261838K->67004K(274944K)] 743074K->598294K(974336K), 0.0149395 secs] [Times: user=0.10 sys=0.00, real=0.01 secs] 
2021-01-22T01:13:34.087+0800: 56.430: [GC (Allocation Failure) [PSYoungGen: 267708K->73480K(274432K)] 798998K->658456K(973824K), 0.0194145 secs] [Times: user=0.11 sys=0.00, real=0.02 secs] 
2021-01-22T01:13:34.135+0800: 56.478: [GC (Allocation Failure) [PSYoungGen: 274138K->67380K(272384K)] 859113K->707855K(971776K), 0.0174020 secs] [Times: user=0.12 sys=0.00, real=0.02 secs] 
2021-01-22T01:13:34.153+0800: 56.496: [Full GC (Ergonomics) [PSYoungGen: 67380K->0K(272384K)] [ParOldGen: 640474K->379876K(699392K)] 707855K->379876K(971776K), [Metaspace: 2817K->2817K(1056768K)], 0.0575010 secs] [Times: user=0.29 sys=0.00, real=0.06 secs] 
2021-01-22T01:13:34.239+0800: 56.581: [GC (Allocation Failure) [PSYoungGen: 197632K->65273K(273408K)] 577508K->445150K(972800K), 0.0080040 secs] [Times: user=0.05 sys=0.00, real=0.00 secs] 
2021-01-22T01:13:34.271+0800: 56.614: [GC (Allocation Failure) [PSYoungGen: 262905K->66471K(274944K)] 642782K->501461K(974336K), 0.0324619 secs] [Times: user=0.16 sys=0.00, real=0.03 secs] 
2021-01-22T01:13:34.327+0800: 56.670: [GC (Allocation Failure) [PSYoungGen: 266663K->60535K(274432K)] 701653K->550068K(973824K), 0.0140122 secs] [Times: user=0.09 sys=0.00, real=0.02 secs] 
2021-01-22T01:13:34.375+0800: 56.718: [GC (Allocation Failure) [PSYoungGen: 259993K->67634K(274944K)] 749526K->609953K(974336K), 0.0259953 secs] [Times: user=0.09 sys=0.00, real=0.03 secs] 
2021-01-22T01:13:34.427+0800: 56.770: [GC (Allocation Failure) [PSYoungGen: 268338K->69962K(270848K)] 810657K->666449K(970240K), 0.0164418 secs] [Times: user=0.11 sys=0.00, real=0.02 secs] 
2021-01-22T01:13:34.477+0800: 56.820: [GC (Allocation Failure) [PSYoungGen: 270666K->64224K(274944K)] 867153K->719372K(974336K), 0.0238305 secs] [Times: user=0.16 sys=0.00, real=0.03 secs] 
2021-01-22T01:13:34.502+0800: 56.844: [Full GC (Ergonomics) [PSYoungGen: 64224K->0K(274944K)] [ParOldGen: 655147K->384854K(699392K)] 719372K->384854K(974336K), [Metaspace: 2817K->2817K(1056768K)], 0.0491351 secs] [Times: user=0.32 sys=0.00, real=0.05 secs] 
2021-01-22T01:13:34.578+0800: 56.921: [GC (Allocation Failure) [PSYoungGen: 200069K->60691K(274432K)] 584924K->445546K(973824K), 0.0082564 secs] [Times: user=0.05 sys=0.00, real=0.00 secs] 
2021-01-22T01:13:34.618+0800: 56.960: [GC (Allocation Failure) [PSYoungGen: 260883K->68308K(274432K)] 645738K->504357K(973824K), 0.0159260 secs] [Times: user=0.11 sys=0.00, real=0.02 secs] 
2021-01-22T01:13:34.662+0800: 57.005: [GC (Allocation Failure) [PSYoungGen: 267988K->63353K(274432K)] 704037K->556869K(973824K), 0.0149685 secs] [Times: user=0.10 sys=0.00, real=0.01 secs] 
2021-01-22T01:13:34.711+0800: 57.054: [GC (Allocation Failure) [PSYoungGen: 263033K->69329K(273920K)] 756549K->613506K(973312K), 0.0148429 secs] [Times: user=0.10 sys=0.00, real=0.01 secs] 
2021-01-22T01:13:34.753+0800: 57.095: [GC (Allocation Failure) [PSYoungGen: 268644K->66778K(274432K)] 812821K->663410K(973824K), 0.0275477 secs] [Times: user=0.13 sys=0.00, real=0.03 secs] 
2021-01-22T01:13:34.803+0800: 57.146: [GC (Allocation Failure) [PSYoungGen: 266458K->64176K(275456K)] 863090K->716114K(974848K), 0.0232153 secs] [Times: user=0.14 sys=0.00, real=0.02 secs] 
2021-01-22T01:13:34.827+0800: 57.170: [Full GC (Ergonomics) [PSYoungGen: 64176K->0K(275456K)] [ParOldGen: 651937K->371107K(699392K)] 716114K->371107K(974848K), [Metaspace: 2817K->2817K(1056768K)], 0.0466286 secs] [Times: user=0.31 sys=0.00, real=0.05 secs] 
2021-01-22T01:13:34.911+0800: 57.254: [GC (Allocation Failure) [PSYoungGen: 201216K->68949K(274944K)] 572323K->440056K(974336K), 0.0097169 secs] [Times: user=0.05 sys=0.00, real=0.01 secs] 
2021-01-22T01:13:34.951+0800: 57.294: [GC (Allocation Failure) [PSYoungGen: 270165K->66337K(275968K)] 641272K->491031K(975360K), 0.0183533 secs] [Times: user=0.08 sys=0.00, real=0.02 secs] 
2021-01-22T01:13:35.000+0800: 57.343: [GC (Allocation Failure) [PSYoungGen: 268065K->69132K(274944K)] 692759K->548321K(974336K), 0.0149345 secs] [Times: user=0.10 sys=0.00, real=0.01 secs] 
2021-01-22T01:13:35.040+0800: 57.383: [GC (Allocation Failure) [PSYoungGen: 270737K->67576K(275456K)] 749925K->603947K(974848K), 0.0144777 secs] [Times: user=0.09 sys=0.00, real=0.01 secs] 
2021-01-22T01:13:35.081+0800: 57.424: [GC (Allocation Failure) [PSYoungGen: 269205K->64378K(275456K)] 805576K->658195K(974848K), 0.0144279 secs] [Times: user=0.09 sys=0.00, real=0.01 secs] 
2021-01-22T01:13:35.122+0800: 57.465: [GC (Allocation Failure) [PSYoungGen: 266106K->66646K(276480K)] 859923K->716976K(975872K), 0.0361539 secs] [Times: user=0.27 sys=0.00, real=0.04 secs] 
2021-01-22T01:13:35.159+0800: 57.502: [Full GC (Ergonomics) [PSYoungGen: 66646K->0K(276480K)] [ParOldGen: 650329K->375321K(699392K)] 716976K->375321K(975872K), [Metaspace: 2817K->2817K(1056768K)], 0.0570271 secs] [Times: user=0.29 sys=0.01, real=0.05 secs] 
2021-01-22T01:13:35.246+0800: 57.588: [GC (Allocation Failure) [PSYoungGen: 203264K->63236K(275968K)] 578585K->438558K(975360K), 0.0086529 secs] [Times: user=0.06 sys=0.00, real=0.01 secs] 
2021-01-22T01:13:35.323+0800: 57.666: [GC (Allocation Failure) [PSYoungGen: 266500K->65904K(276992K)] 641822K->491142K(976384K), 0.0261320 secs] [Times: user=0.18 sys=0.00, real=0.03 secs] 
2021-01-22T01:13:35.416+0800: 57.759: [GC (Allocation Failure) [PSYoungGen: 270124K->63826K(276480K)] 695362K->543790K(975872K), 0.0429522 secs] [Times: user=0.07 sys=0.00, real=0.05 secs] 
2021-01-22T01:13:35.491+0800: 57.834: [GC (Allocation Failure) [PSYoungGen: 267875K->68964K(276480K)] 747839K->600410K(975872K), 0.0143963 secs] [Times: user=0.11 sys=0.00, real=0.01 secs] 
2021-01-22T01:13:35.536+0800: 57.878: [GC (Allocation Failure) [PSYoungGen: 273764K->66831K(276992K)] 805210K->655998K(976384K), 0.0292895 secs] [Times: user=0.14 sys=0.00, real=0.03 secs] 
2021-01-22T01:13:35.589+0800: 57.932: [GC (Allocation Failure) [PSYoungGen: 271631K->70309K(274944K)] 860798K->713077K(974336K), 0.0152964 secs] [Times: user=0.10 sys=0.00, real=0.01 secs] 
2021-01-22T01:13:35.605+0800: 57.948: [Full GC (Ergonomics) [PSYoungGen: 70309K->0K(274944K)] [ParOldGen: 642767K->371295K(699392K)] 713077K->371295K(974336K), [Metaspace: 2817K->2817K(1056768K)], 0.0472278 secs] [Times: user=0.30 sys=0.00, real=0.05 secs] 
2021-01-22T01:13:35.685+0800: 58.028: [GC (Allocation Failure) [PSYoungGen: 202752K->65694K(275968K)] 574047K->436990K(975360K), 0.0084991 secs] [Times: user=0.05 sys=0.00, real=0.01 secs] 
2021-01-22T01:13:35.725+0800: 58.068: [GC (Allocation Failure) [PSYoungGen: 268446K->69892K(275456K)] 639742K->491284K(974848K), 0.0294356 secs] [Times: user=0.13 sys=0.01, real=0.03 secs] 
2021-01-22T01:13:35.787+0800: 58.129: [GC (Allocation Failure) [PSYoungGen: 272644K->63322K(275968K)] 694036K->539330K(975360K), 0.0157181 secs] [Times: user=0.10 sys=0.00, real=0.02 secs] 
2021-01-22T01:13:35.829+0800: 58.171: [GC (Allocation Failure) [PSYoungGen: 266074K->68188K(275968K)] 742082K->595192K(975360K), 0.0167099 secs] [Times: user=0.08 sys=0.00, real=0.01 secs] 
2021-01-22T01:13:35.879+0800: 58.222: [GC (Allocation Failure) [PSYoungGen: 270940K->71393K(274432K)] 797944K->655324K(973824K), 0.0193130 secs] [Times: user=0.13 sys=0.00, real=0.02 secs] 
2021-01-22T01:13:35.931+0800: 58.273: [GC (Allocation Failure) [PSYoungGen: 274145K->67502K(275456K)] 858076K->711299K(974848K), 0.0174059 secs] [Times: user=0.11 sys=0.02, real=0.02 secs] 
2021-01-22T01:13:35.948+0800: 58.291: [Full GC (Ergonomics) [PSYoungGen: 67502K->0K(275456K)] [ParOldGen: 643796K->378069K(699392K)] 711299K->378069K(974848K), [Metaspace: 2817K->2817K(1056768K)], 0.0613486 secs] [Times: user=0.33 sys=0.00, real=0.06 secs] 
2021-01-22T01:13:36.042+0800: 58.385: [GC (Allocation Failure) [PSYoungGen: 201216K->60948K(274944K)] 579285K->439018K(974336K), 0.0095791 secs] [Times: user=0.06 sys=0.00, real=0.01 secs] 
2021-01-22T01:13:36.080+0800: 58.423: [GC (Allocation Failure) [PSYoungGen: 262164K->67015K(275456K)] 640234K->495422K(974848K), 0.0280930 secs] [Times: user=0.09 sys=0.01, real=0.03 secs] 
2021-01-22T01:13:36.138+0800: 58.481: [GC (Allocation Failure) [PSYoungGen: 268231K->67058K(274944K)] 696638K->554912K(974336K), 0.0153795 secs] [Times: user=0.10 sys=0.00, real=0.02 secs] 
2021-01-22T01:13:36.184+0800: 58.527: [GC (Allocation Failure) [PSYoungGen: 268274K->67141K(276480K)] 756128K->612399K(975872K), 0.0237505 secs] [Times: user=0.15 sys=0.01, real=0.03 secs] 
2021-01-22T01:13:36.259+0800: 58.602: [GC (Allocation Failure) [PSYoungGen: 270405K->68725K(275968K)] 815663K->669731K(975360K), 0.0230578 secs] [Times: user=0.12 sys=0.00, real=0.02 secs] 
2021-01-22T01:13:36.307+0800: 58.650: [GC (Allocation Failure) [PSYoungGen: 271989K->72688K(273408K)] 872995K->730492K(972800K), 0.0163741 secs] [Times: user=0.10 sys=0.00, real=0.02 secs] 
2021-01-22T01:13:36.324+0800: 58.667: [Full GC (Ergonomics) [PSYoungGen: 72688K->0K(273408K)] [ParOldGen: 657804K->389093K(699392K)] 730492K->389093K(972800K), [Metaspace: 2817K->2817K(1056768K)], 0.0634315 secs] [Times: user=0.28 sys=0.01, real=0.06 secs] 
2021-01-22T01:13:36.412+0800: 58.755: [GC (Allocation Failure) [PSYoungGen: 200491K->65696K(274944K)] 589584K->454789K(974336K), 0.0080413 secs] [Times: user=0.06 sys=0.00, real=0.01 secs] 
2021-01-22T01:13:36.452+0800: 58.795: [GC (Allocation Failure) [PSYoungGen: 266400K->65635K(275456K)] 655493K->507376K(974848K), 0.0144429 secs] [Times: user=0.07 sys=0.00, real=0.01 secs] 
2021-01-22T01:13:36.494+0800: 58.836: [GC (Allocation Failure) [PSYoungGen: 266851K->60128K(274944K)] 708592K->554585K(974336K), 0.0130781 secs] [Times: user=0.09 sys=0.00, real=0.01 secs] 
2021-01-22T01:13:36.539+0800: 58.882: [GC (Allocation Failure) [PSYoungGen: 261344K->69963K(273920K)] 755801K->614006K(973312K), 0.0154949 secs] [Times: user=0.06 sys=0.00, real=0.01 secs] 
2021-01-22T01:13:36.585+0800: 58.928: [GC (Allocation Failure) [PSYoungGen: 269643K->60080K(260096K)] 813686K->663309K(959488K), 0.0191475 secs] [Times: user=0.13 sys=0.00, real=0.02 secs] 
2021-01-22T01:13:36.639+0800: 58.982: [GC (Allocation Failure) [PSYoungGen: 259760K->59013K(273920K)] 862989K->712556K(973312K), 0.0129264 secs] [Times: user=0.08 sys=0.00, real=0.01 secs] 
2021-01-22T01:13:36.653+0800: 58.995: [Full GC (Ergonomics) [PSYoungGen: 59013K->0K(273920K)] [ParOldGen: 653543K->374194K(699392K)] 712556K->374194K(973312K), [Metaspace: 2817K->2817K(1056768K)], 0.0498904 secs] [Times: user=0.33 sys=0.00, real=0.05 secs] 
2021-01-22T01:13:36.734+0800: 59.077: [GC (Allocation Failure) [PSYoungGen: 198656K->57425K(256512K)] 572850K->431620K(955904K), 0.0081135 secs] [Times: user=0.05 sys=0.00, real=0.01 secs] 
2021-01-22T01:13:36.769+0800: 59.112: [GC (Allocation Failure) [PSYoungGen: 256010K->58948K(273408K)] 630204K->480302K(972800K), 0.0250037 secs] [Times: user=0.12 sys=0.00, real=0.02 secs] 
2021-01-22T01:13:36.821+0800: 59.164: [GC (Allocation Failure) [PSYoungGen: 256580K->63415K(273408K)] 677934K->532502K(972800K), 0.0141808 secs] [Times: user=0.08 sys=0.00, real=0.01 secs] 
2021-01-22T01:13:36.870+0800: 59.213: [GC (Allocation Failure) [PSYoungGen: 261047K->66839K(274432K)] 730134K->585876K(973824K), 0.0120427 secs] [Times: user=0.07 sys=0.00, real=0.01 secs] 
2021-01-22T01:13:36.912+0800: 59.255: [GC (Allocation Failure) [PSYoungGen: 266519K->60610K(274432K)] 785556K->635488K(973824K), 0.0117456 secs] [Times: user=0.09 sys=0.00, real=0.01 secs] 
2021-01-22T01:13:36.958+0800: 59.300: [GC (Allocation Failure) [PSYoungGen: 260261K->59390K(274944K)] 835139K->685700K(974336K), 0.0137538 secs] [Times: user=0.08 sys=0.01, real=0.02 secs] 
2021-01-22T01:13:36.997+0800: 59.340: [GC (Allocation Failure) [PSYoungGen: 260094K->64654K(274944K)] 886404K->739928K(974336K), 0.0350331 secs] [Times: user=0.15 sys=0.00, real=0.04 secs] 
2021-01-22T01:13:37.033+0800: 59.376: [Full GC (Ergonomics) [PSYoungGen: 64654K->0K(274944K)] [ParOldGen: 675274K->372550K(699392K)] 739928K->372550K(974336K), [Metaspace: 2817K->2817K(1056768K)], 0.0462107 secs] [Times: user=0.29 sys=0.01, real=0.05 secs] 
2021-01-22T01:13:37.105+0800: 59.448: [GC (Allocation Failure) [PSYoungGen: 200241K->63649K(276480K)] 572791K->436200K(975872K), 0.0148615 secs] [Times: user=0.06 sys=0.00, real=0.02 secs] 
2021-01-22T01:13:37.154+0800: 59.497: [GC (Allocation Failure) [PSYoungGen: 266913K->62989K(275968K)] 639464K->485227K(975360K), 0.0131435 secs] [Times: user=0.09 sys=0.00, real=0.01 secs] 
2021-01-22T01:13:37.199+0800: 59.542: [GC (Allocation Failure) [PSYoungGen: 266253K->64354K(278016K)] 688491K->540340K(977408K), 0.0161817 secs] [Times: user=0.09 sys=0.00, real=0.01 secs] 
2021-01-22T01:13:37.241+0800: 59.584: [GC (Allocation Failure) [PSYoungGen: 270445K->71121K(277504K)] 746431K->602380K(976896K), 0.0318160 secs] [Times: user=0.13 sys=0.00, real=0.03 secs] 
2021-01-22T01:13:37.298+0800: 59.640: [GC (Allocation Failure) [PSYoungGen: 277457K->68382K(273408K)] 808716K->661124K(972800K), 0.0151236 secs] [Times: user=0.09 sys=0.01, real=0.02 secs] 
2021-01-22T01:13:37.346+0800: 59.689: [GC (Allocation Failure) [PSYoungGen: 270110K->57008K(259072K)] 862852K->708306K(958464K), 0.0152137 secs] [Times: user=0.10 sys=0.00, real=0.02 secs] 
2021-01-22T01:13:37.362+0800: 59.705: [Full GC (Ergonomics) [PSYoungGen: 57008K->0K(259072K)] [ParOldGen: 651298K->377215K(699392K)] 708306K->377215K(958464K), [Metaspace: 2817K->2817K(1056768K)], 0.0461166 secs] [Times: user=0.29 sys=0.01, real=0.05 secs] 
2021-01-22T01:13:37.440+0800: 59.783: [GC (Allocation Failure) [PSYoungGen: 201728K->62940K(275456K)] 578943K->440156K(974848K), 0.0083213 secs] [Times: user=0.06 sys=0.00, real=0.01 secs] 
2021-01-22T01:13:37.475+0800: 59.818: [GC (Allocation Failure) [PSYoungGen: 264156K->62611K(274944K)] 641372K->493483K(974336K), 0.0339635 secs] [Times: user=0.14 sys=0.00, real=0.04 secs] 
2021-01-22T01:13:37.534+0800: 59.877: [GC (Allocation Failure) [PSYoungGen: 263694K->57225K(275456K)] 694565K->539588K(974848K), 0.0133665 secs] [Times: user=0.08 sys=0.00, real=0.01 secs] 
2021-01-22T01:13:37.572+0800: 59.914: [GC (Allocation Failure) [PSYoungGen: 259977K->70470K(273408K)] 742340K->599361K(972800K), 0.0137997 secs] [Times: user=0.09 sys=0.00, real=0.01 secs] 
2021-01-22T01:13:37.613+0800: 59.956: [GC (Allocation Failure) [PSYoungGen: 273222K->63252K(275456K)] 802113K->654138K(974848K), 0.0256490 secs] [Times: user=0.17 sys=0.00, real=0.03 secs] 
2021-01-22T01:13:37.664+0800: 60.007: [GC (Allocation Failure) [PSYoungGen: 263956K->69706K(270848K)] 854842K->713164K(970240K), 0.0244567 secs] [Times: user=0.16 sys=0.00, real=0.03 secs] 
2021-01-22T01:13:37.690+0800: 60.032: [Full GC (Ergonomics) [PSYoungGen: 69706K->0K(270848K)] [ParOldGen: 643458K->376518K(699392K)] 713164K->376518K(970240K), [Metaspace: 2817K->2817K(1056768K)], 0.0703426 secs] [Times: user=0.43 sys=0.00, real=0.07 secs] 
Heap
 PSYoungGen      total 270848K, used 8272K [0x00000000eab00000, 0x0000000100000000, 0x0000000100000000)
  eden space 200704K, 4% used [0x00000000eab00000,0x00000000eb3141d0,0x00000000f6f00000)
  from space 70144K, 0% used [0x00000000f6f00000,0x00000000f6f00000,0x00000000fb380000)
  to   space 75264K, 0% used [0x00000000fb680000,0x00000000fb680000,0x0000000100000000)
 ParOldGen       total 699392K, used 376518K [0x00000000c0000000, 0x00000000eab00000, 0x00000000eab00000)
  object space 699392K, 53% used [0x00000000c0000000,0x00000000d6fb1a88,0x00000000eab00000)
 Metaspace       used 2823K, capacity 4490K, committed 4864K, reserved 1056768K
  class space    used 293K, capacity 386K, committed 512K, reserved 1048576K
