OpenJDK 64-Bit Server VM (25.252-b09) for linux-amd64 JRE (1.8.0_252-8u252-b09-1ubuntu1-b09), built on Apr 16 2020 08:47:49 by "buildd" with gcc 9.3.0
Memory: 4k page, physical 39286120k(39105160k free), swap 10485760k(10485760k free)
CommandLine flags: -XX:InitialHeapSize=2147483648 -XX:MaxHeapSize=2147483648 -XX:+PrintGC -XX:+PrintGCDateStamps -XX:+PrintGCDetails -XX:+PrintGCTimeStamps -XX:+UseCompressedClassPointers -XX:+UseCompressedOops -XX:+UseParallelGC 
2021-01-22T01:08:00.546+0800: 0.237: [GC (Allocation Failure) [PSYoungGen: 524800K->87039K(611840K)] 524800K->143796K(2010112K), 0.0469536 secs] [Times: user=0.09 sys=0.28, real=0.05 secs] 
2021-01-22T01:08:00.660+0800: 0.351: [GC (Allocation Failure) [PSYoungGen: 611839K->87039K(611840K)] 668596K->255302K(2010112K), 0.0728010 secs] [Times: user=0.19 sys=0.38, real=0.07 secs] 
2021-01-22T01:08:00.798+0800: 0.489: [GC (Allocation Failure) [PSYoungGen: 611839K->87037K(611840K)] 780102K->359737K(2010112K), 0.0418109 secs] [Times: user=0.17 sys=0.16, real=0.05 secs] 
2021-01-22T01:08:00.905+0800: 0.596: [GC (Allocation Failure) [PSYoungGen: 611837K->87037K(611840K)] 884537K->470861K(2010112K), 0.0441417 secs] [Times: user=0.18 sys=0.17, real=0.05 secs] 
2021-01-22T01:08:01.010+0800: 0.701: [GC (Allocation Failure) [PSYoungGen: 611692K->87026K(611840K)] 995516K->588457K(2010112K), 0.0474812 secs] [Times: user=0.13 sys=0.23, real=0.04 secs] 
2021-01-22T01:08:01.114+0800: 0.806: [GC (Allocation Failure) [PSYoungGen: 611826K->87037K(332288K)] 1113257K->692308K(1730560K), 0.0475206 secs] [Times: user=0.17 sys=0.21, real=0.05 secs] 
2021-01-22T01:08:01.188+0800: 0.879: [GC (Allocation Failure) [PSYoungGen: 332285K->142657K(388096K)] 937556K->753453K(1786368K), 0.0170923 secs] [Times: user=0.11 sys=0.02, real=0.01 secs] 
2021-01-22T01:08:01.234+0800: 0.925: [GC (Allocation Failure) [PSYoungGen: 387905K->181388K(473600K)] 998701K->804560K(1871872K), 0.0229301 secs] [Times: user=0.17 sys=0.01, real=0.02 secs] 
2021-01-22T01:08:01.287+0800: 0.978: [GC (Allocation Failure) [PSYoungGen: 423564K->188310K(467456K)] 1046736K->837113K(1865728K), 0.0278554 secs] [Times: user=0.21 sys=0.01, real=0.03 secs] 
2021-01-22T01:08:01.342+0800: 1.033: [GC (Allocation Failure) [PSYoungGen: 430486K->136958K(468480K)] 1079289K->876006K(1866752K), 0.0470441 secs] [Times: user=0.11 sys=0.25, real=0.05 secs] 
2021-01-22T01:08:01.415+0800: 1.106: [GC (Allocation Failure) [PSYoungGen: 382206K->82522K(328192K)] 1121254K->927612K(1726464K), 0.0482235 secs] [Times: user=0.13 sys=0.25, real=0.05 secs] 
2021-01-22T01:08:01.502+0800: 1.193: [GC (Allocation Failure) [PSYoungGen: 327770K->88149K(465920K)] 1172860K->995278K(1864192K), 0.0375273 secs] [Times: user=0.21 sys=0.08, real=0.04 secs] 
2021-01-22T01:08:01.579+0800: 1.270: [GC (Allocation Failure) [PSYoungGen: 321109K->69036K(465920K)] 1228238K->1047516K(1864192K), 0.0322850 secs] [Times: user=0.09 sys=0.17, real=0.03 secs] 
2021-01-22T01:08:01.637+0800: 1.328: [GC (Allocation Failure) [PSYoungGen: 301996K->77584K(465920K)] 1280476K->1110791K(1864192K), 0.0275012 secs] [Times: user=0.11 sys=0.11, real=0.03 secs] 
2021-01-22T01:08:01.689+0800: 1.380: [GC (Allocation Failure) [PSYoungGen: 310454K->76009K(465920K)] 1343661K->1172227K(1864192K), 0.0281806 secs] [Times: user=0.10 sys=0.12, real=0.02 secs] 
2021-01-22T01:08:01.746+0800: 1.437: [GC (Allocation Failure) [PSYoungGen: 308969K->79047K(465920K)] 1405187K->1236485K(1864192K), 0.0279491 secs] [Times: user=0.16 sys=0.06, real=0.03 secs] 
2021-01-22T01:08:01.803+0800: 1.494: [GC (Allocation Failure) [PSYoungGen: 311903K->76980K(465920K)] 1469341K->1297829K(1864192K), 0.0291693 secs] [Times: user=0.15 sys=0.08, real=0.03 secs] 
2021-01-22T01:08:01.856+0800: 1.547: [GC (Allocation Failure) [PSYoungGen: 309940K->76686K(465920K)] 1530789K->1357625K(1864192K), 0.0280272 secs] [Times: user=0.09 sys=0.13, real=0.03 secs] 
2021-01-22T01:08:01.885+0800: 1.576: [Full GC (Ergonomics) [PSYoungGen: 76686K->0K(465920K)] [ParOldGen: 1280938K->388393K(1398272K)] 1357625K->388393K(1864192K), [Metaspace: 2810K->2810K(1056768K)], 0.0482694 secs] [Times: user=0.35 sys=0.00, real=0.05 secs] 
2021-01-22T01:08:01.959+0800: 1.650: [GC (Allocation Failure) [PSYoungGen: 232960K->72005K(465920K)] 621353K->460399K(1864192K), 0.0079046 secs] [Times: user=0.04 sys=0.03, real=0.00 secs] 
2021-01-22T01:08:01.993+0800: 1.684: [GC (Allocation Failure) [PSYoungGen: 304965K->71804K(465920K)] 693359K->514691K(1864192K), 0.0128007 secs] [Times: user=0.09 sys=0.00, real=0.01 secs] 
2021-01-22T01:08:02.032+0800: 1.723: [GC (Allocation Failure) [PSYoungGen: 304764K->75766K(465920K)] 747651K->574496K(1864192K), 0.0138862 secs] [Times: user=0.09 sys=0.01, real=0.01 secs] 
2021-01-22T01:08:02.069+0800: 1.760: [GC (Allocation Failure) [PSYoungGen: 308726K->76099K(475136K)] 807456K->635421K(1873408K), 0.0138350 secs] [Times: user=0.09 sys=0.01, real=0.01 secs] 
2021-01-22T01:08:02.110+0800: 1.801: [GC (Allocation Failure) [PSYoungGen: 320835K->77293K(468480K)] 880157K->694191K(1866752K), 0.0148738 secs] [Times: user=0.10 sys=0.01, real=0.01 secs] 
2021-01-22T01:08:02.152+0800: 1.843: [GC (Allocation Failure) [PSYoungGen: 322029K->80511K(490496K)] 938927K->756785K(1888768K), 0.0149284 secs] [Times: user=0.09 sys=0.01, real=0.01 secs] 
2021-01-22T01:08:02.201+0800: 1.892: [GC (Allocation Failure) [PSYoungGen: 354431K->83472K(482304K)] 1030705K->823121K(1880576K), 0.0160097 secs] [Times: user=0.11 sys=0.01, real=0.01 secs] 
2021-01-22T01:08:02.249+0800: 1.940: [GC (Allocation Failure) [PSYoungGen: 357392K->84513K(506368K)] 1097041K->889783K(1904640K), 0.0161437 secs] [Times: user=0.10 sys=0.02, real=0.01 secs] 
2021-01-22T01:08:02.302+0800: 1.993: [GC (Allocation Failure) [PSYoungGen: 390177K->89950K(498176K)] 1195447K->959569K(1896448K), 0.0163528 secs] [Times: user=0.10 sys=0.02, real=0.02 secs] 
2021-01-22T01:08:02.353+0800: 2.044: [GC (Allocation Failure) [PSYoungGen: 395614K->96608K(523264K)] 1265233K->1032592K(1921536K), 0.0174281 secs] [Times: user=0.14 sys=0.00, real=0.02 secs] 
2021-01-22T01:08:02.412+0800: 2.103: [GC (Allocation Failure) [PSYoungGen: 435552K->103294K(514560K)] 1371536K->1108288K(1912832K), 0.0217924 secs] [Times: user=0.17 sys=0.00, real=0.02 secs] 
2021-01-22T01:08:02.471+0800: 2.162: [GC (Allocation Failure) [PSYoungGen: 442112K->104179K(532992K)] 1447106K->1186146K(1931264K), 0.0199230 secs] [Times: user=0.15 sys=0.00, real=0.02 secs] 
2021-01-22T01:08:02.530+0800: 2.221: [GC (Allocation Failure) [PSYoungGen: 466675K->110773K(528384K)] 1548642K->1264622K(1926656K), 0.0191134 secs] [Times: user=0.15 sys=0.00, real=0.02 secs] 
2021-01-22T01:08:02.589+0800: 2.280: [GC (Allocation Failure) [PSYoungGen: 473269K->117167K(535040K)] 1627118K->1344692K(1933312K), 0.0207318 secs] [Times: user=0.16 sys=0.00, real=0.02 secs] 
2021-01-22T01:08:02.651+0800: 2.342: [GC (Allocation Failure) [PSYoungGen: 488367K->111194K(535040K)] 1715892K->1417995K(1933312K), 0.0256665 secs] [Times: user=0.15 sys=0.04, real=0.02 secs] 
2021-01-22T01:08:02.677+0800: 2.368: [Full GC (Ergonomics) [PSYoungGen: 111194K->0K(535040K)] [ParOldGen: 1306800K->385495K(1398272K)] 1417995K->385495K(1933312K), [Metaspace: 2810K->2810K(1056768K)], 0.0459426 secs] [Times: user=0.33 sys=0.00, real=0.05 secs] 
2021-01-22T01:08:02.765+0800: 2.456: [GC (Allocation Failure) [PSYoungGen: 371200K->115223K(538112K)] 756695K->500719K(1936384K), 0.0139645 secs] [Times: user=0.10 sys=0.00, real=0.02 secs] 
2021-01-22T01:08:02.822+0800: 2.514: [GC (Allocation Failure) [PSYoungGen: 491543K->113057K(537088K)] 877039K->580999K(1935360K), 0.0226715 secs] [Times: user=0.17 sys=0.00, real=0.02 secs] 
2021-01-22T01:08:02.886+0800: 2.577: [GC (Allocation Failure) [PSYoungGen: 489377K->109481K(543744K)] 957319K->656936K(1942016K), 0.0185398 secs] [Times: user=0.15 sys=0.00, real=0.02 secs] 
2021-01-22T01:08:02.946+0800: 2.637: [GC (Allocation Failure) [PSYoungGen: 494505K->116879K(540160K)] 1041960K->742988K(1938432K), 0.0198927 secs] [Times: user=0.15 sys=0.00, real=0.02 secs] 
2021-01-22T01:08:03.012+0800: 2.703: [GC (Allocation Failure) [PSYoungGen: 501903K->110112K(547328K)] 1128012K->815737K(1945600K), 0.0208056 secs] [Times: user=0.16 sys=0.00, real=0.02 secs] 
2021-01-22T01:08:03.083+0800: 2.774: [GC (Allocation Failure) [PSYoungGen: 502816K->119223K(544256K)] 1208441K->894144K(1942528K), 0.0219184 secs] [Times: user=0.16 sys=0.00, real=0.02 secs] 
2021-01-22T01:08:03.153+0800: 2.844: [GC (Allocation Failure) [PSYoungGen: 511927K->112046K(549888K)] 1286848K->964874K(1948160K), 0.0205902 secs] [Times: user=0.16 sys=0.00, real=0.02 secs] 
2021-01-22T01:08:03.222+0800: 2.913: [GC (Allocation Failure) [PSYoungGen: 510382K->110447K(547328K)] 1363210K->1044814K(1945600K), 0.0216319 secs] [Times: user=0.16 sys=0.00, real=0.02 secs] 
2021-01-22T01:08:03.292+0800: 2.983: [GC (Allocation Failure) [PSYoungGen: 508783K->116732K(553984K)] 1443150K->1130075K(1952256K), 0.0241555 secs] [Times: user=0.18 sys=0.00, real=0.02 secs] 
2021-01-22T01:08:03.367+0800: 3.058: [GC (Allocation Failure) [PSYoungGen: 524796K->128360K(536576K)] 1538139K->1220642K(1934848K), 0.0421533 secs] [Times: user=0.29 sys=0.00, real=0.05 secs] 
2021-01-22T01:08:03.463+0800: 3.154: [GC (Allocation Failure) [PSYoungGen: 536424K->117751K(551424K)] 1628706K->1298672K(1949696K), 0.0223401 secs] [Times: user=0.17 sys=0.00, real=0.02 secs] 
2021-01-22T01:08:03.532+0800: 3.223: [GC (Allocation Failure) [PSYoungGen: 520695K->115093K(550400K)] 1701616K->1377129K(1948672K), 0.0206411 secs] [Times: user=0.16 sys=0.00, real=0.02 secs] 
2021-01-22T01:08:03.598+0800: 3.289: [GC (Allocation Failure) [PSYoungGen: 518037K->125927K(549888K)] 1780073K->1472011K(1948160K), 0.0303456 secs] [Times: user=0.22 sys=0.01, real=0.04 secs] 
2021-01-22T01:08:03.629+0800: 3.320: [Full GC (Ergonomics) [PSYoungGen: 125927K->0K(549888K)] [ParOldGen: 1346083K->375429K(1398272K)] 1472011K->375429K(1948160K), [Metaspace: 2810K->2810K(1056768K)], 0.0403996 secs] [Times: user=0.28 sys=0.01, real=0.04 secs] 
2021-01-22T01:08:03.713+0800: 3.404: [GC (Allocation Failure) [PSYoungGen: 404992K->126797K(531968K)] 780421K->502227K(1930240K), 0.0125596 secs] [Times: user=0.09 sys=0.00, real=0.01 secs] 
2021-01-22T01:08:03.773+0800: 3.464: [GC (Allocation Failure) [PSYoungGen: 531789K->109506K(552960K)] 907219K->574990K(1951232K), 0.0203673 secs] [Times: user=0.15 sys=0.00, real=0.02 secs] 
2021-01-22T01:08:03.836+0800: 3.527: [GC (Allocation Failure) [PSYoungGen: 513986K->122994K(550400K)] 979470K->664431K(1948672K), 0.0199048 secs] [Times: user=0.15 sys=0.00, real=0.02 secs] 
2021-01-22T01:08:03.901+0800: 3.592: [GC (Allocation Failure) [PSYoungGen: 527474K->118377K(554496K)] 1068911K->737906K(1952768K), 0.0217604 secs] [Times: user=0.17 sys=0.00, real=0.02 secs] 
2021-01-22T01:08:03.970+0800: 3.661: [GC (Allocation Failure) [PSYoungGen: 526441K->120408K(552448K)] 1145970K->818608K(1950720K), 0.0241499 secs] [Times: user=0.18 sys=0.01, real=0.02 secs] 
2021-01-22T01:08:04.043+0800: 3.734: [GC (Allocation Failure) [PSYoungGen: 528472K->117855K(557568K)] 1226672K->897789K(1955840K), 0.0219904 secs] [Times: user=0.17 sys=0.00, real=0.02 secs] 
2021-01-22T01:08:04.111+0800: 3.802: [GC (Allocation Failure) [PSYoungGen: 532063K->109343K(555520K)] 1311997K->968931K(1953792K), 0.0195782 secs] [Times: user=0.14 sys=0.00, real=0.02 secs] 
2021-01-22T01:08:04.184+0800: 3.875: [GC (Allocation Failure) [PSYoungGen: 523469K->116683K(561152K)] 1383057K->1052696K(1959424K), 0.0251442 secs] [Times: user=0.19 sys=0.00, real=0.03 secs] 
2021-01-22T01:08:04.269+0800: 3.960: [GC (Allocation Failure) [PSYoungGen: 538059K->121026K(559104K)] 1474072K->1137585K(1957376K), 0.0411870 secs] [Times: user=0.25 sys=0.00, real=0.04 secs] 
2021-01-22T01:08:04.359+0800: 4.050: [GC (Allocation Failure) [PSYoungGen: 542402K->118335K(562176K)] 1558961K->1211689K(1960448K), 0.0211082 secs] [Times: user=0.16 sys=0.00, real=0.02 secs] 
2021-01-22T01:08:04.425+0800: 4.116: [GC (Allocation Failure) [PSYoungGen: 542783K->117495K(561152K)] 1636137K->1289824K(1959424K), 0.0202577 secs] [Times: user=0.15 sys=0.00, real=0.02 secs] 
2021-01-22T01:08:04.492+0800: 4.183: [GC (Allocation Failure) [PSYoungGen: 541943K->120013K(564736K)] 1714272K->1367276K(1963008K), 0.0207160 secs] [Times: user=0.16 sys=0.00, real=0.02 secs] 
2021-01-22T01:08:04.562+0800: 4.253: [GC (Allocation Failure) [PSYoungGen: 550093K->122013K(564224K)] 1797356K->1443829K(1962496K), 0.0209010 secs] [Times: user=0.16 sys=0.00, real=0.02 secs] 
2021-01-22T01:08:04.584+0800: 4.275: [Full GC (Ergonomics) [PSYoungGen: 122013K->0K(564224K)] [ParOldGen: 1321815K->356525K(1398272K)] 1443829K->356525K(1962496K), [Metaspace: 2817K->2817K(1056768K)], 0.0412411 secs] [Times: user=0.29 sys=0.00, real=0.04 secs] 
2021-01-22T01:08:04.678+0800: 4.369: [GC (Allocation Failure) [PSYoungGen: 430080K->134342K(555008K)] 786605K->492152K(1953280K), 0.0144931 secs] [Times: user=0.11 sys=0.01, real=0.01 secs] 
2021-01-22T01:08:04.741+0800: 4.432: [GC (Allocation Failure) [PSYoungGen: 554694K->112353K(559616K)] 912504K->566346K(1957888K), 0.0206773 secs] [Times: user=0.16 sys=0.00, real=0.02 secs] 
2021-01-22T01:08:04.812+0800: 4.503: [GC (Allocation Failure) [PSYoungGen: 532705K->124559K(559616K)] 986698K->652633K(1957888K), 0.0263797 secs] [Times: user=0.17 sys=0.01, real=0.03 secs] 
2021-01-22T01:08:04.884+0800: 4.575: [GC (Allocation Failure) [PSYoungGen: 545935K->126805K(548352K)] 1074009K->739365K(1946624K), 0.0212824 secs] [Times: user=0.16 sys=0.00, real=0.02 secs] 
2021-01-22T01:08:04.954+0800: 4.645: [GC (Allocation Failure) [PSYoungGen: 548181K->122995K(560128K)] 1160741K->817717K(1958400K), 0.0219958 secs] [Times: user=0.16 sys=0.00, real=0.02 secs] 
2021-01-22T01:08:05.027+0800: 4.718: [GC (Allocation Failure) [PSYoungGen: 543347K->126871K(559104K)] 1238069K->903763K(1957376K), 0.0221146 secs] [Times: user=0.17 sys=0.00, real=0.03 secs] 
2021-01-22T01:08:05.104+0800: 4.795: [GC (Allocation Failure) [PSYoungGen: 547223K->127704K(557568K)] 1324115K->987987K(1955840K), 0.0301402 secs] [Times: user=0.23 sys=0.00, real=0.03 secs] 
2021-01-22T01:08:05.182+0800: 4.873: [GC (Allocation Failure) [PSYoungGen: 546008K->124255K(558592K)] 1406291K->1073480K(1956864K), 0.0222220 secs] [Times: user=0.17 sys=0.00, real=0.02 secs] 
2021-01-22T01:08:05.250+0800: 4.941: [GC (Allocation Failure) [PSYoungGen: 542559K->118293K(560640K)] 1491784K->1157613K(1958912K), 0.0213813 secs] [Times: user=0.17 sys=0.00, real=0.02 secs] 
2021-01-22T01:08:05.317+0800: 5.008: [GC (Allocation Failure) [PSYoungGen: 539669K->120756K(559616K)] 1578989K->1240523K(1957888K), 0.0210903 secs] [Times: user=0.16 sys=0.00, real=0.03 secs] 
2021-01-22T01:08:05.388+0800: 5.079: [GC (Allocation Failure) [PSYoungGen: 542132K->120012K(563712K)] 1661899K->1323688K(1961984K), 0.0211487 secs] [Times: user=0.17 sys=0.00, real=0.03 secs] 
2021-01-22T01:08:05.458+0800: 5.149: [GC (Allocation Failure) [PSYoungGen: 547020K->133435K(560640K)] 1750696K->1418507K(1958912K), 0.0226439 secs] [Times: user=0.18 sys=0.00, real=0.03 secs] 
2021-01-22T01:08:05.528+0800: 5.219: [GC (Allocation Failure) [PSYoungGen: 560443K->121350K(561664K)] 1845515K->1492343K(1959936K), 0.0308071 secs] [Times: user=0.19 sys=0.05, real=0.04 secs] 
2021-01-22T01:08:05.559+0800: 5.250: [Full GC (Ergonomics) [PSYoungGen: 121350K->0K(561664K)] [ParOldGen: 1370993K->375271K(1398272K)] 1492343K->375271K(1959936K), [Metaspace: 2817K->2817K(1056768K)], 0.0461885 secs] [Times: user=0.33 sys=0.00, real=0.04 secs] 
2021-01-22T01:08:05.652+0800: 5.343: [GC (Allocation Failure) [PSYoungGen: 423371K->127820K(560640K)] 798643K->503091K(1958912K), 0.0128822 secs] [Times: user=0.10 sys=0.00, real=0.01 secs] 
2021-01-22T01:08:05.712+0800: 5.404: [GC (Allocation Failure) [PSYoungGen: 551244K->123278K(562688K)] 926515K->582101K(1960960K), 0.0202983 secs] [Times: user=0.15 sys=0.00, real=0.02 secs] 
2021-01-22T01:08:05.780+0800: 5.471: [GC (Allocation Failure) [PSYoungGen: 548238K->133169K(558592K)] 1007061K->669336K(1956864K), 0.0208432 secs] [Times: user=0.16 sys=0.00, real=0.02 secs] 
2021-01-22T01:08:05.847+0800: 5.538: [GC (Allocation Failure) [PSYoungGen: 558129K->125477K(561152K)] 1094296K->750182K(1959424K), 0.0215448 secs] [Times: user=0.14 sys=0.01, real=0.03 secs] 
2021-01-22T01:08:05.918+0800: 5.609: [GC (Allocation Failure) [PSYoungGen: 547877K->125945K(560128K)] 1172582K->834835K(1958400K), 0.0221128 secs] [Times: user=0.17 sys=0.00, real=0.02 secs] 
2021-01-22T01:08:05.984+0800: 5.676: [GC (Allocation Failure) [PSYoungGen: 548345K->124194K(562688K)] 1257235K->918595K(1960960K), 0.0211655 secs] [Times: user=0.17 sys=0.00, real=0.02 secs] 
2021-01-22T01:08:06.055+0800: 5.746: [GC (Allocation Failure) [PSYoungGen: 549666K->127298K(561664K)] 1344067K->1001557K(1959936K), 0.0213573 secs] [Times: user=0.16 sys=0.00, real=0.02 secs] 
2021-01-22T01:08:06.127+0800: 5.818: [GC (Allocation Failure) [PSYoungGen: 552770K->124576K(564224K)] 1427029K->1082823K(1962496K), 0.0218475 secs] [Times: user=0.15 sys=0.01, real=0.03 secs] 
2021-01-22T01:08:06.198+0800: 5.889: [GC (Allocation Failure) [PSYoungGen: 552504K->132877K(561152K)] 1510752K->1173416K(1959424K), 0.0222386 secs] [Times: user=0.17 sys=0.00, real=0.02 secs] 
2021-01-22T01:08:06.271+0800: 5.962: [GC (Allocation Failure) [PSYoungGen: 560909K->133608K(558080K)] 1601448K->1255595K(1956352K), 0.0223642 secs] [Times: user=0.17 sys=0.01, real=0.02 secs] 
2021-01-22T01:08:06.337+0800: 6.028: [GC (Allocation Failure) [PSYoungGen: 554984K->128131K(560128K)] 1676971K->1335648K(1958400K), 0.0218642 secs] [Times: user=0.17 sys=0.00, real=0.03 secs] 
2021-01-22T01:08:06.406+0800: 6.097: [GC (Allocation Failure) [PSYoungGen: 549507K->121065K(560640K)] 1757024K->1410067K(1958912K), 0.0226946 secs] [Times: user=0.18 sys=0.00, real=0.03 secs] 
2021-01-22T01:08:06.473+0800: 6.164: [GC (Allocation Failure) [PSYoungGen: 543465K->126097K(560640K)] 1832467K->1502259K(1958912K), 0.0228435 secs] [Times: user=0.18 sys=0.00, real=0.02 secs] 
2021-01-22T01:08:06.497+0800: 6.188: [Full GC (Ergonomics) [PSYoungGen: 126097K->0K(560640K)] [ParOldGen: 1376162K->373347K(1398272K)] 1502259K->373347K(1958912K), [Metaspace: 2817K->2817K(1056768K)], 0.0403847 secs] [Times: user=0.30 sys=0.00, real=0.04 secs] 
2021-01-22T01:08:06.583+0800: 6.275: [GC (Allocation Failure) [PSYoungGen: 422400K->123990K(562688K)] 795747K->497337K(1960960K), 0.0125236 secs] [Times: user=0.10 sys=0.00, real=0.01 secs] 
2021-01-22T01:08:06.643+0800: 6.334: [GC (Allocation Failure) [PSYoungGen: 549462K->127946K(561664K)] 922809K->584179K(1959936K), 0.0205608 secs] [Times: user=0.16 sys=0.00, real=0.02 secs] 
2021-01-22T01:08:06.712+0800: 6.403: [GC (Allocation Failure) [PSYoungGen: 553418K->114994K(561664K)] 1009651K->653281K(1959936K), 0.0197259 secs] [Times: user=0.15 sys=0.00, real=0.02 secs] 
2021-01-22T01:08:06.780+0800: 6.471: [GC (Allocation Failure) [PSYoungGen: 540466K->123808K(562176K)] 1078753K->742596K(1960448K), 0.0208114 secs] [Times: user=0.15 sys=0.00, real=0.02 secs] 
2021-01-22T01:08:06.850+0800: 6.541: [GC (Allocation Failure) [PSYoungGen: 549280K->125341K(563712K)] 1168068K->826724K(1961984K), 0.0218344 secs] [Times: user=0.15 sys=0.00, real=0.02 secs] 
2021-01-22T01:08:06.917+0800: 6.608: [GC (Allocation Failure) [PSYoungGen: 553373K->126985K(563200K)] 1254756K->911590K(1961472K), 0.0211867 secs] [Times: user=0.16 sys=0.00, real=0.03 secs] 
2021-01-22T01:08:06.989+0800: 6.680: [GC (Allocation Failure) [PSYoungGen: 555017K->124561K(564736K)] 1339622K->994681K(1963008K), 0.0252717 secs] [Times: user=0.19 sys=0.01, real=0.02 secs] 
2021-01-22T01:08:07.070+0800: 6.761: [GC (Allocation Failure) [PSYoungGen: 554641K->134119K(564224K)] 1424761K->1091133K(1962496K), 0.0243172 secs] [Times: user=0.18 sys=0.00, real=0.02 secs] 
2021-01-22T01:08:07.142+0800: 6.833: [GC (Allocation Failure) [PSYoungGen: 564199K->130664K(501760K)] 1521213K->1170213K(1900032K), 0.0226246 secs] [Times: user=0.17 sys=0.00, real=0.02 secs] 
2021-01-22T01:08:07.213+0800: 6.904: [GC (Allocation Failure) [PSYoungGen: 497768K->112068K(479232K)] 1537317K->1246961K(1877504K), 0.0216987 secs] [Times: user=0.16 sys=0.00, real=0.02 secs] 
2021-01-22T01:08:07.278+0800: 6.969: [GC (Allocation Failure) [PSYoungGen: 479172K->117578K(533504K)] 1614065K->1332031K(1931776K), 0.0213438 secs] [Times: user=0.16 sys=0.00, real=0.03 secs] 
2021-01-22T01:08:07.344+0800: 7.035: [GC (Allocation Failure) [PSYoungGen: 484682K->112254K(532480K)] 1699135K->1409650K(1930752K), 0.0215446 secs] [Times: user=0.16 sys=0.00, real=0.02 secs] 
2021-01-22T01:08:07.407+0800: 7.098: [GC (Allocation Failure) [PSYoungGen: 479358K->114938K(535040K)] 1776754K->1493993K(1933312K), 0.0216019 secs] [Times: user=0.14 sys=0.02, real=0.03 secs] 
2021-01-22T01:08:07.430+0800: 7.121: [Full GC (Ergonomics) [PSYoungGen: 114938K->0K(535040K)] [ParOldGen: 1379055K->392472K(1398272K)] 1493993K->392472K(1933312K), [Metaspace: 2817K->2817K(1056768K)], 0.0446841 secs] [Times: user=0.32 sys=0.00, real=0.04 secs] 
2021-01-22T01:08:07.520+0800: 7.211: [GC (Allocation Failure) [PSYoungGen: 369202K->109091K(533504K)] 761675K->501564K(1931776K), 0.0122628 secs] [Times: user=0.09 sys=0.00, real=0.01 secs] 
2021-01-22T01:08:07.577+0800: 7.269: [GC (Allocation Failure) [PSYoungGen: 478755K->107874K(536064K)] 871228K->574157K(1934336K), 0.0191881 secs] [Times: user=0.15 sys=0.00, real=0.02 secs] 
2021-01-22T01:08:07.641+0800: 7.332: [GC (Allocation Failure) [PSYoungGen: 480610K->106207K(535552K)] 946893K->649735K(1933824K), 0.0191108 secs] [Times: user=0.14 sys=0.00, real=0.02 secs] 
2021-01-22T01:08:07.704+0800: 7.395: [GC (Allocation Failure) [PSYoungGen: 478943K->112640K(539648K)] 1022471K->727872K(1937920K), 0.0217334 secs] [Times: user=0.16 sys=0.00, real=0.02 secs] 
2021-01-22T01:08:07.769+0800: 7.460: [GC (Allocation Failure) [PSYoungGen: 490496K->107110K(537088K)] 1105728K->803086K(1935360K), 0.0192762 secs] [Times: user=0.13 sys=0.01, real=0.02 secs] 
2021-01-22T01:08:07.826+0800: 7.517: [GC (Allocation Failure) [PSYoungGen: 484966K->118076K(544256K)] 1180942K->886912K(1942528K), 0.0196108 secs] [Times: user=0.15 sys=0.00, real=0.02 secs] 
2021-01-22T01:08:07.888+0800: 7.579: [GC (Allocation Failure) [PSYoungGen: 504636K->111781K(541184K)] 1273472K->961324K(1939456K), 0.0215504 secs] [Times: user=0.17 sys=0.00, real=0.03 secs] 
2021-01-22T01:08:07.953+0800: 7.644: [GC (Allocation Failure) [PSYoungGen: 498341K->114845K(549376K)] 1347884K->1044878K(1947648K), 0.0203406 secs] [Times: user=0.16 sys=0.00, real=0.02 secs] 
2021-01-22T01:08:08.016+0800: 7.708: [GC (Allocation Failure) [PSYoungGen: 512157K->116318K(546816K)] 1442190K->1121658K(1945088K), 0.0214533 secs] [Times: user=0.17 sys=0.00, real=0.03 secs] 
2021-01-22T01:08:08.083+0800: 7.774: [GC (Allocation Failure) [PSYoungGen: 513630K->122071K(553472K)] 1518970K->1208356K(1951744K), 0.0214631 secs] [Times: user=0.17 sys=0.00, real=0.02 secs] 
2021-01-22T01:08:08.149+0800: 7.841: [GC (Allocation Failure) [PSYoungGen: 528599K->126096K(551936K)] 1614884K->1297948K(1950208K), 0.0225149 secs] [Times: user=0.18 sys=0.00, real=0.02 secs] 
2021-01-22T01:08:08.217+0800: 7.909: [GC (Allocation Failure) [PSYoungGen: 532624K->122162K(555008K)] 1704476K->1382895K(1953280K), 0.0230547 secs] [Times: user=0.17 sys=0.01, real=0.03 secs] 
2021-01-22T01:08:08.288+0800: 7.979: [GC (Allocation Failure) [PSYoungGen: 531762K->115703K(553472K)] 1792495K->1457546K(1951744K), 0.0207275 secs] [Times: user=0.13 sys=0.02, real=0.03 secs] 
2021-01-22T01:08:08.309+0800: 8.001: [Full GC (Ergonomics) [PSYoungGen: 115703K->0K(553472K)] [ParOldGen: 1341843K->371126K(1398272K)] 1457546K->371126K(1951744K), [Metaspace: 2817K->2817K(1056768K)], 0.0393198 secs] [Times: user=0.29 sys=0.00, real=0.04 secs] 
2021-01-22T01:08:08.392+0800: 8.083: [GC (Allocation Failure) [PSYoungGen: 409600K->126515K(555520K)] 780726K->497641K(1953792K), 0.0128907 secs] [Times: user=0.10 sys=0.01, real=0.01 secs] 
2021-01-22T01:08:08.457+0800: 8.148: [GC (Allocation Failure) [PSYoungGen: 539699K->112698K(556032K)] 910825K->571846K(1954304K), 0.0203469 secs] [Times: user=0.15 sys=0.00, real=0.02 secs] 
2021-01-22T01:08:08.521+0800: 8.212: [GC (Allocation Failure) [PSYoungGen: 525882K->128558K(555008K)] 985030K->663873K(1953280K), 0.0202720 secs] [Times: user=0.15 sys=0.00, real=0.02 secs] 
2021-01-22T01:08:08.587+0800: 8.278: [GC (Allocation Failure) [PSYoungGen: 541742K->127151K(540672K)] 1077057K->746553K(1938944K), 0.0214132 secs] [Times: user=0.15 sys=0.00, real=0.03 secs] 
2021-01-22T01:08:08.654+0800: 8.345: [GC (Allocation Failure) [PSYoungGen: 540335K->116822K(557056K)] 1159737K->822603K(1955328K), 0.0221868 secs] [Times: user=0.17 sys=0.00, real=0.02 secs] 
2021-01-22T01:08:08.740+0800: 8.432: [GC (Allocation Failure) [PSYoungGen: 530518K->123114K(555520K)] 1236299K->905163K(1953792K), 0.0260111 secs] [Times: user=0.18 sys=0.01, real=0.02 secs] 
2021-01-22T01:08:08.813+0800: 8.504: [GC (Allocation Failure) [PSYoungGen: 536810K->128770K(556032K)] 1318859K->990586K(1954304K), 0.0212498 secs] [Times: user=0.16 sys=0.00, real=0.02 secs] 
2021-01-22T01:08:08.879+0800: 8.570: [GC (Allocation Failure) [PSYoungGen: 544002K->112487K(557056K)] 1405818K->1056392K(1955328K), 0.0272031 secs] [Times: user=0.19 sys=0.00, real=0.02 secs] 
2021-01-22T01:08:08.951+0800: 8.643: [GC (Allocation Failure) [PSYoungGen: 527719K->119107K(559616K)] 1471624K->1134948K(1957888K), 0.0201779 secs] [Times: user=0.15 sys=0.00, real=0.02 secs] 
2021-01-22T01:08:09.021+0800: 8.712: [GC (Allocation Failure) [PSYoungGen: 537411K->117871K(557568K)] 1553252K->1214241K(1955840K), 0.0205703 secs] [Times: user=0.16 sys=0.00, real=0.02 secs] 
2021-01-22T01:08:09.086+0800: 8.777: [GC (Allocation Failure) [PSYoungGen: 536175K->123044K(561664K)] 1632545K->1301508K(1959936K), 0.0210587 secs] [Times: user=0.16 sys=0.00, real=0.02 secs] 
2021-01-22T01:08:09.154+0800: 8.845: [GC (Allocation Failure) [PSYoungGen: 546980K->123477K(561152K)] 1725444K->1387369K(1959424K), 0.0224947 secs] [Times: user=0.18 sys=0.00, real=0.02 secs] 
2021-01-22T01:08:09.234+0800: 8.925: [GC (Allocation Failure) [PSYoungGen: 547413K->118077K(563200K)] 1811305K->1467123K(1961472K), 0.0278057 secs] [Times: user=0.22 sys=0.00, real=0.03 secs] 
2021-01-22T01:08:09.262+0800: 8.954: [Full GC (Ergonomics) [PSYoungGen: 118077K->0K(563200K)] [ParOldGen: 1349046K->373981K(1398272K)] 1467123K->373981K(1961472K), [Metaspace: 2817K->2817K(1056768K)], 0.0435495 secs] [Times: user=0.31 sys=0.00, real=0.04 secs] 
2021-01-22T01:08:09.361+0800: 9.052: [GC (Allocation Failure) [PSYoungGen: 426496K->125263K(562176K)] 800477K->499245K(1960448K), 0.0161015 secs] [Times: user=0.12 sys=0.00, real=0.01 secs] 
2021-01-22T01:08:09.432+0800: 9.123: [GC (Allocation Failure) [PSYoungGen: 551759K->121538K(564224K)] 925741K->575288K(1962496K), 0.0233197 secs] [Times: user=0.18 sys=0.00, real=0.02 secs] 
2021-01-22T01:08:09.525+0800: 9.216: [GC (Allocation Failure) [PSYoungGen: 550082K->113750K(563200K)] 1003832K->651522K(1961472K), 0.0306740 secs] [Times: user=0.20 sys=0.01, real=0.03 secs] 
2021-01-22T01:08:09.614+0800: 9.305: [GC (Allocation Failure) [PSYoungGen: 542144K->123402K(564736K)] 1079916K->738267K(1963008K), 0.0254952 secs] [Times: user=0.20 sys=0.00, real=0.03 secs] 
2021-01-22T01:08:09.690+0800: 9.381: [GC (Allocation Failure) [PSYoungGen: 553482K->126950K(557056K)] 1168347K->828993K(1955328K), 0.0255539 secs] [Times: user=0.19 sys=0.00, real=0.02 secs] 
2021-01-22T01:08:09.764+0800: 9.455: [GC (Allocation Failure) [PSYoungGen: 557030K->116224K(564224K)] 1259073K->905541K(1962496K), 0.0231156 secs] [Times: user=0.17 sys=0.00, real=0.02 secs] 
2021-01-22T01:08:09.831+0800: 9.522: [GC (Allocation Failure) [PSYoungGen: 545280K->120717K(563712K)] 1334597K->987075K(1961984K), 0.0201675 secs] [Times: user=0.15 sys=0.00, real=0.02 secs] 
2021-01-22T01:08:09.896+0800: 9.587: [GC (Allocation Failure) [PSYoungGen: 549773K->128262K(562176K)] 1416131K->1071513K(1960448K), 0.0270945 secs] [Times: user=0.20 sys=0.00, real=0.03 secs] 
2021-01-22T01:08:09.970+0800: 9.661: [GC (Allocation Failure) [PSYoungGen: 556806K->120683K(563712K)] 1500057K->1148225K(1961984K), 0.0212688 secs] [Times: user=0.17 sys=0.00, real=0.02 secs] 
2021-01-22T01:08:10.039+0800: 9.730: [GC (Allocation Failure) [PSYoungGen: 549227K->121599K(566272K)] 1576769K->1231033K(1964544K), 0.0222326 secs] [Times: user=0.17 sys=0.00, real=0.02 secs] 
2021-01-22T01:08:10.110+0800: 9.801: [GC (Allocation Failure) [PSYoungGen: 554239K->123531K(565248K)] 1663673K->1313816K(1963520K), 0.0228789 secs] [Times: user=0.18 sys=0.00, real=0.02 secs] 
2021-01-22T01:08:10.183+0800: 9.874: [GC (Allocation Failure) [PSYoungGen: 556171K->129696K(562688K)] 1746456K->1402698K(1960960K), 0.0229695 secs] [Times: user=0.17 sys=0.00, real=0.02 secs] 
2021-01-22T01:08:10.257+0800: 9.948: [GC (Allocation Failure) [PSYoungGen: 560288K->130021K(560640K)] 1833290K->1496400K(1958912K), 0.0250503 secs] [Times: user=0.20 sys=0.00, real=0.03 secs] 
2021-01-22T01:08:10.282+0800: 9.973: [Full GC (Ergonomics) [PSYoungGen: 130021K->0K(560640K)] [ParOldGen: 1366378K->382987K(1398272K)] 1496400K->382987K(1958912K), [Metaspace: 2817K->2817K(1056768K)], 0.0449640 secs] [Times: user=0.33 sys=0.00, real=0.04 secs] 
2021-01-22T01:08:10.375+0800: 10.066: [GC (Allocation Failure) [PSYoungGen: 430592K->125375K(563200K)] 813579K->508362K(1961472K), 0.0128273 secs] [Times: user=0.10 sys=0.01, real=0.02 secs] 
2021-01-22T01:08:10.434+0800: 10.125: [GC (Allocation Failure) [PSYoungGen: 552895K->131542K(559104K)] 935882K->597332K(1957376K), 0.0209815 secs] [Times: user=0.16 sys=0.00, real=0.02 secs] 
2021-01-22T01:08:10.504+0800: 10.195: [GC (Allocation Failure) [PSYoungGen: 559062K->134694K(556544K)] 1024852K->690406K(1954816K), 0.0244908 secs] [Times: user=0.18 sys=0.01, real=0.03 secs] 
2021-01-22T01:08:10.578+0800: 10.269: [GC (Allocation Failure) [PSYoungGen: 554022K->121440K(559104K)] 1109734K->766309K(1957376K), 0.0218027 secs] [Times: user=0.16 sys=0.00, real=0.03 secs] 
2021-01-22T01:08:10.659+0800: 10.350: [GC (Allocation Failure) [PSYoungGen: 540768K->120123K(560128K)] 1185637K->844897K(1958400K), 0.0254040 secs] [Times: user=0.19 sys=0.00, real=0.02 secs] 
2021-01-22T01:08:10.735+0800: 10.426: [GC (Allocation Failure) [PSYoungGen: 540886K->125408K(559616K)] 1265661K->931583K(1957888K), 0.0231677 secs] [Times: user=0.18 sys=0.00, real=0.02 secs] 
2021-01-22T01:08:10.804+0800: 10.495: [GC (Allocation Failure) [PSYoungGen: 546272K->120314K(562176K)] 1352447K->1005769K(1960448K), 0.0213577 secs] [Times: user=0.17 sys=0.00, real=0.02 secs] 
2021-01-22T01:08:10.875+0800: 10.566: [GC (Allocation Failure) [PSYoungGen: 544762K->113324K(561152K)] 1430217K->1078728K(1959424K), 0.0196423 secs] [Times: user=0.15 sys=0.00, real=0.02 secs] 
2021-01-22T01:08:10.942+0800: 10.633: [GC (Allocation Failure) [PSYoungGen: 537772K->128655K(560128K)] 1503176K->1169624K(1958400K), 0.0213529 secs] [Times: user=0.16 sys=0.00, real=0.02 secs] 
2021-01-22T01:08:11.014+0800: 10.705: [GC (Allocation Failure) [PSYoungGen: 551055K->120664K(560640K)] 1592024K->1242813K(1958912K), 0.0219092 secs] [Times: user=0.17 sys=0.00, real=0.02 secs] 
2021-01-22T01:08:11.092+0800: 10.783: [GC (Allocation Failure) [PSYoungGen: 543064K->120738K(562688K)] 1665213K->1319745K(1960960K), 0.0226901 secs] [Times: user=0.18 sys=0.00, real=0.02 secs] 
2021-01-22T01:08:11.165+0800: 10.856: [GC (Allocation Failure) [PSYoungGen: 546210K->116515K(561664K)] 1745217K->1398354K(1959936K), 0.0213359 secs] [Times: user=0.16 sys=0.00, real=0.02 secs] 
2021-01-22T01:08:11.236+0800: 10.927: [GC (Allocation Failure) [PSYoungGen: 541987K->119300K(563712K)] 1823826K->1482995K(1961984K), 0.0211336 secs] [Times: user=0.16 sys=0.00, real=0.02 secs] 
2021-01-22T01:08:11.258+0800: 10.949: [Full GC (Ergonomics) [PSYoungGen: 119300K->0K(563712K)] [ParOldGen: 1363694K->360901K(1398272K)] 1482995K->360901K(1961984K), [Metaspace: 2817K->2817K(1056768K)], 0.0392739 secs] [Times: user=0.27 sys=0.01, real=0.04 secs] 
2021-01-22T01:08:11.344+0800: 11.035: [GC (Allocation Failure) [PSYoungGen: 427520K->114792K(562688K)] 788421K->475694K(1960960K), 0.0120676 secs] [Times: user=0.09 sys=0.00, real=0.01 secs] 
2021-01-22T01:08:11.401+0800: 11.092: [GC (Allocation Failure) [PSYoungGen: 541861K->133085K(557568K)] 902762K->570432K(1955840K), 0.0205013 secs] [Times: user=0.16 sys=0.00, real=0.02 secs] 
2021-01-22T01:08:11.469+0800: 11.160: [GC (Allocation Failure) [PSYoungGen: 555485K->118662K(560640K)] 992832K->643639K(1958912K), 0.0203229 secs] [Times: user=0.16 sys=0.00, real=0.02 secs] 
2021-01-22T01:08:11.535+0800: 11.226: [GC (Allocation Failure) [PSYoungGen: 541062K->128038K(559616K)] 1066039K->732418K(1957888K), 0.0212011 secs] [Times: user=0.16 sys=0.00, real=0.02 secs] 
2021-01-22T01:08:11.603+0800: 11.294: [GC (Allocation Failure) [PSYoungGen: 550438K->117031K(560640K)] 1154818K->807425K(1958912K), 0.0209411 secs] [Times: user=0.16 sys=0.00, real=0.02 secs] 
2021-01-22T01:08:11.671+0800: 11.362: [GC (Allocation Failure) [PSYoungGen: 539431K->125386K(561664K)] 1229825K->898157K(1959936K), 0.0214210 secs] [Times: user=0.16 sys=0.00, real=0.02 secs] 
2021-01-22T01:08:11.742+0800: 11.433: [GC (Allocation Failure) [PSYoungGen: 549322K->116690K(561152K)] 1322093K->979642K(1959424K), 0.0207102 secs] [Times: user=0.16 sys=0.00, real=0.02 secs] 
2021-01-22T01:08:11.812+0800: 11.503: [GC (Allocation Failure) [PSYoungGen: 540626K->122163K(563712K)] 1403578K->1062928K(1961984K), 0.0238504 secs] [Times: user=0.18 sys=0.00, real=0.02 secs] 
2021-01-22T01:08:11.885+0800: 11.576: [GC (Allocation Failure) [PSYoungGen: 549171K->126017K(562176K)] 1489936K->1147130K(1960448K), 0.0209020 secs] [Times: user=0.16 sys=0.00, real=0.02 secs] 
2021-01-22T01:08:11.951+0800: 11.642: [GC (Allocation Failure) [PSYoungGen: 553025K->127767K(562176K)] 1574138K->1231126K(1960448K), 0.0215550 secs] [Times: user=0.17 sys=0.00, real=0.02 secs] 
2021-01-22T01:08:12.021+0800: 11.712: [GC (Allocation Failure) [PSYoungGen: 554263K->117406K(562688K)] 1657622K->1306974K(1960960K), 0.0219994 secs] [Times: user=0.17 sys=0.00, real=0.02 secs] 
2021-01-22T01:08:12.093+0800: 11.784: [GC (Allocation Failure) [PSYoungGen: 543902K->127472K(561152K)] 1733470K->1395393K(1959424K), 0.0225102 secs] [Times: user=0.17 sys=0.00, real=0.02 secs] 
2021-01-22T01:08:12.164+0800: 11.856: [GC (Allocation Failure) [PSYoungGen: 552944K->121606K(562176K)] 1820865K->1478548K(1960448K), 0.0226207 secs] [Times: user=0.17 sys=0.00, real=0.02 secs] 
2021-01-22T01:08:12.188+0800: 11.879: [Full GC (Ergonomics) [PSYoungGen: 121606K->0K(562176K)] [ParOldGen: 1356942K->375888K(1398272K)] 1478548K->375888K(1960448K), [Metaspace: 2817K->2817K(1056768K)], 0.0427856 secs] [Times: user=0.31 sys=0.00, real=0.05 secs] 
2021-01-22T01:08:12.275+0800: 11.966: [GC (Allocation Failure) [PSYoungGen: 425472K->126703K(562688K)] 801360K->502591K(1960960K), 0.0144705 secs] [Times: user=0.11 sys=0.00, real=0.02 secs] 
2021-01-22T01:08:12.338+0800: 12.029: [GC (Allocation Failure) [PSYoungGen: 554223K->121432K(563200K)] 930111K->582679K(1961472K), 0.0225740 secs] [Times: user=0.17 sys=0.00, real=0.03 secs] 
2021-01-22T01:08:12.414+0800: 12.105: [GC (Allocation Failure) [PSYoungGen: 548952K->126366K(564224K)] 1010199K->669809K(1962496K), 0.0210796 secs] [Times: user=0.16 sys=0.00, real=0.02 secs] 
2021-01-22T01:08:12.483+0800: 12.174: [GC (Allocation Failure) [PSYoungGen: 555934K->126707K(564224K)] 1099377K->757112K(1962496K), 0.0218180 secs] [Times: user=0.17 sys=0.00, real=0.02 secs] 
2021-01-22T01:08:12.553+0800: 12.245: [GC (Allocation Failure) [PSYoungGen: 556275K->130161K(561152K)] 1186680K->847049K(1959424K), 0.0228095 secs] [Times: user=0.17 sys=0.00, real=0.02 secs] 
2021-01-22T01:08:12.623+0800: 12.314: [GC (Allocation Failure) [PSYoungGen: 556525K->121050K(562688K)] 1273412K->928265K(1960960K), 0.0211580 secs] [Times: user=0.16 sys=0.00, real=0.02 secs] 
2021-01-22T01:08:12.694+0800: 12.385: [GC (Allocation Failure) [PSYoungGen: 547546K->117680K(563200K)] 1354761K->1011263K(1961472K), 0.0213259 secs] [Times: user=0.17 sys=0.00, real=0.02 secs] 
2021-01-22T01:08:12.762+0800: 12.453: [GC (Allocation Failure) [PSYoungGen: 545200K->129284K(557056K)] 1438783K->1101465K(1955328K), 0.0219094 secs] [Times: user=0.17 sys=0.00, real=0.02 secs] 
2021-01-22T01:08:12.832+0800: 12.523: [GC (Allocation Failure) [PSYoungGen: 556804K->129058K(561152K)] 1528985K->1181693K(1959424K), 0.0215216 secs] [Times: user=0.16 sys=0.00, real=0.02 secs] 
2021-01-22T01:08:12.902+0800: 12.593: [GC (Allocation Failure) [PSYoungGen: 553506K->120005K(561664K)] 1606141K->1258190K(1959936K), 0.0219843 secs] [Times: user=0.17 sys=0.00, real=0.02 secs] 
2021-01-22T01:08:12.974+0800: 12.665: [GC (Allocation Failure) [PSYoungGen: 544453K->127249K(562176K)] 1682638K->1345359K(1960448K), 0.0253512 secs] [Times: user=0.19 sys=0.00, real=0.03 secs] 
2021-01-22T01:08:13.053+0800: 12.744: [GC (Allocation Failure) [PSYoungGen: 552721K->124149K(562176K)] 1770831K->1427442K(1960448K), 0.0227358 secs] [Times: user=0.18 sys=0.00, real=0.02 secs] 
2021-01-22T01:08:13.077+0800: 12.768: [Full GC (Ergonomics) [PSYoungGen: 124149K->0K(562176K)] [ParOldGen: 1303292K->368875K(1398272K)] 1427442K->368875K(1960448K), [Metaspace: 2817K->2817K(1056768K)], 0.0411117 secs] [Times: user=0.29 sys=0.00, real=0.05 secs] 
2021-01-22T01:08:13.164+0800: 12.855: [GC (Allocation Failure) [PSYoungGen: 425472K->130191K(561152K)] 794347K->499067K(1959424K), 0.0131237 secs] [Times: user=0.10 sys=0.00, real=0.01 secs] 
2021-01-22T01:08:13.226+0800: 12.917: [GC (Allocation Failure) [PSYoungGen: 555643K->126779K(562176K)] 924519K->579528K(1960448K), 0.0212178 secs] [Times: user=0.16 sys=0.00, real=0.02 secs] 
2021-01-22T01:08:13.293+0800: 12.984: [GC (Allocation Failure) [PSYoungGen: 552251K->132009K(559616K)] 1005000K->670505K(1957888K), 0.0221500 secs] [Times: user=0.17 sys=0.00, real=0.02 secs] 
2021-01-22T01:08:13.364+0800: 13.055: [GC (Allocation Failure) [PSYoungGen: 555433K->122916K(561152K)] 1093929K->742994K(1959424K), 0.0213885 secs] [Times: user=0.16 sys=0.00, real=0.02 secs] 
2021-01-22T01:08:13.443+0800: 13.134: [GC (Allocation Failure) [PSYoungGen: 546340K->125698K(563200K)] 1166418K->826126K(1961472K), 0.0233454 secs] [Times: user=0.18 sys=0.00, real=0.02 secs] 
2021-01-22T01:08:13.514+0800: 13.205: [GC (Allocation Failure) [PSYoungGen: 552194K->133857K(560640K)] 1252622K->918814K(1958912K), 0.0225801 secs] [Times: user=0.18 sys=0.00, real=0.02 secs] 
2021-01-22T01:08:13.583+0800: 13.274: [GC (Allocation Failure) [PSYoungGen: 560353K->128032K(561664K)] 1345310K->1000852K(1959936K), 0.0263054 secs] [Times: user=0.21 sys=0.00, real=0.03 secs] 
2021-01-22T01:08:13.655+0800: 13.346: [GC (Allocation Failure) [PSYoungGen: 551968K->121072K(561152K)] 1424788K->1080847K(1959424K), 0.0212343 secs] [Times: user=0.16 sys=0.00, real=0.02 secs] 
2021-01-22T01:08:13.723+0800: 13.414: [GC (Allocation Failure) [PSYoungGen: 545008K->116578K(560640K)] 1504783K->1157518K(1958912K), 0.0207480 secs] [Times: user=0.16 sys=0.00, real=0.02 secs] 
2021-01-22T01:08:13.794+0800: 13.485: [GC (Allocation Failure) [PSYoungGen: 540002K->117078K(561152K)] 1580942K->1234882K(1959424K), 0.0210793 secs] [Times: user=0.16 sys=0.00, real=0.02 secs] 
2021-01-22T01:08:13.866+0800: 13.557: [GC (Allocation Failure) [PSYoungGen: 540502K->126971K(561152K)] 1658306K->1319648K(1959424K), 0.0210442 secs] [Times: user=0.16 sys=0.00, real=0.02 secs] 
2021-01-22T01:08:13.935+0800: 13.626: [GC (Allocation Failure) [PSYoungGen: 550395K->124554K(561152K)] 1743072K->1400357K(1959424K), 0.0281583 secs] [Times: user=0.20 sys=0.00, real=0.03 secs] 
2021-01-22T01:08:14.010+0800: 13.701: [GC (Allocation Failure) [PSYoungGen: 547978K->126924K(562688K)] 1823781K->1482668K(1960960K), 0.0231091 secs] [Times: user=0.18 sys=0.00, real=0.02 secs] 
2021-01-22T01:08:14.034+0800: 13.725: [Full GC (Ergonomics) [PSYoungGen: 126924K->0K(562688K)] [ParOldGen: 1355743K->368119K(1398272K)] 1482668K->368119K(1960960K), [Metaspace: 2817K->2817K(1056768K)], 0.0420732 secs] [Times: user=0.30 sys=0.00, real=0.04 secs] 
2021-01-22T01:08:14.128+0800: 13.819: [GC (Allocation Failure) [PSYoungGen: 426496K->124470K(562688K)] 794615K->492589K(1960960K), 0.0140610 secs] [Times: user=0.10 sys=0.00, real=0.01 secs] 
2021-01-22T01:08:14.194+0800: 13.885: [GC (Allocation Failure) [PSYoungGen: 550966K->130303K(561664K)] 919085K->580097K(1959936K), 0.0211708 secs] [Times: user=0.16 sys=0.00, real=0.02 secs] 
2021-01-22T01:08:14.262+0800: 13.954: [GC (Allocation Failure) [PSYoungGen: 556799K->131012K(557568K)] 1006593K->667779K(1955840K), 0.0241452 secs] [Times: user=0.18 sys=0.00, real=0.02 secs] 
2021-01-22T01:08:14.335+0800: 14.026: [GC (Allocation Failure) [PSYoungGen: 557508K->134298K(557568K)] 1094275K->752739K(1955840K), 0.0218004 secs] [Times: user=0.17 sys=0.00, real=0.02 secs] 
2021-01-22T01:08:14.403+0800: 14.094: [GC (Allocation Failure) [PSYoungGen: 554650K->125374K(559616K)] 1173091K->833029K(1957888K), 0.0212643 secs] [Times: user=0.17 sys=0.00, real=0.02 secs] 
2021-01-22T01:08:14.471+0800: 14.162: [GC (Allocation Failure) [PSYoungGen: 545726K->119102K(560640K)] 1253381K->913262K(1958912K), 0.0205861 secs] [Times: user=0.16 sys=0.00, real=0.02 secs] 
2021-01-22T01:08:14.542+0800: 14.233: [GC (Allocation Failure) [PSYoungGen: 541502K->124262K(560640K)] 1335662K->997050K(1958912K), 0.0206781 secs] [Times: user=0.16 sys=0.00, real=0.02 secs] 
2021-01-22T01:08:14.613+0800: 14.304: [GC (Allocation Failure) [PSYoungGen: 546662K->115592K(560640K)] 1419450K->1074056K(1958912K), 0.0217138 secs] [Times: user=0.16 sys=0.00, real=0.02 secs] 
2021-01-22T01:08:14.683+0800: 14.374: [GC (Allocation Failure) [PSYoungGen: 539016K->119495K(561152K)] 1497480K->1157265K(1959424K), 0.0219803 secs] [Times: user=0.17 sys=0.00, real=0.02 secs] 
2021-01-22T01:08:14.750+0800: 14.441: [GC (Allocation Failure) [PSYoungGen: 542919K->122990K(562688K)] 1580689K->1241736K(1960960K), 0.0208820 secs] [Times: user=0.16 sys=0.00, real=0.02 secs] 
2021-01-22T01:08:14.816+0800: 14.507: [GC (Allocation Failure) [PSYoungGen: 547950K->130976K(561152K)] 1666696K->1330221K(1959424K), 0.0217991 secs] [Times: user=0.16 sys=0.00, real=0.03 secs] 
2021-01-22T01:08:14.885+0800: 14.577: [GC (Allocation Failure) [PSYoungGen: 555936K->120780K(561664K)] 1755181K->1411309K(1959936K), 0.0217651 secs] [Times: user=0.16 sys=0.00, real=0.02 secs] 
2021-01-22T01:08:14.952+0800: 14.643: [GC (Allocation Failure) [PSYoungGen: 544716K->129794K(561152K)] 1835245K->1500848K(1959424K), 0.0283123 secs] [Times: user=0.19 sys=0.01, real=0.03 secs] 
2021-01-22T01:08:14.981+0800: 14.672: [Full GC (Ergonomics) [PSYoungGen: 129794K->0K(561152K)] [ParOldGen: 1371054K->386907K(1398272K)] 1500848K->386907K(1959424K), [Metaspace: 2817K->2817K(1056768K)], 0.0459584 secs] [Times: user=0.33 sys=0.00, real=0.04 secs] 
2021-01-22T01:08:15.075+0800: 14.766: [GC (Allocation Failure) [PSYoungGen: 423936K->123084K(562176K)] 810843K->509992K(1960448K), 0.0128100 secs] [Times: user=0.09 sys=0.00, real=0.01 secs] 
2021-01-22T01:08:15.133+0800: 14.824: [GC (Allocation Failure) [PSYoungGen: 547532K->121960K(561152K)] 934440K->590289K(1959424K), 0.0206503 secs] [Times: user=0.16 sys=0.00, real=0.02 secs] 
2021-01-22T01:08:15.203+0800: 14.894: [GC (Allocation Failure) [PSYoungGen: 546408K->121610K(563200K)] 1014737K->678017K(1961472K), 0.0266917 secs] [Times: user=0.21 sys=0.00, real=0.03 secs] 
2021-01-22T01:08:15.280+0800: 14.971: [GC (Allocation Failure) [PSYoungGen: 548618K->117995K(562688K)] 1105025K->752238K(1960960K), 0.0219951 secs] [Times: user=0.17 sys=0.00, real=0.02 secs] 
2021-01-22T01:08:15.346+0800: 15.037: [GC (Allocation Failure) [PSYoungGen: 545003K->131734K(560128K)] 1179246K->842179K(1958400K), 0.0220350 secs] [Times: user=0.17 sys=0.00, real=0.02 secs] 
2021-01-22T01:08:15.418+0800: 15.109: [GC (Allocation Failure) [PSYoungGen: 556182K->112935K(537600K)] 1266627K->911543K(1935872K), 0.0211405 secs] [Times: user=0.16 sys=0.00, real=0.02 secs] 
2021-01-22T01:08:15.488+0800: 15.179: [GC (Allocation Failure) [PSYoungGen: 537383K->125202K(561664K)] 1335991K->998877K(1959936K), 0.0223279 secs] [Times: user=0.14 sys=0.03, real=0.03 secs] 
2021-01-22T01:08:15.557+0800: 15.248: [GC (Allocation Failure) [PSYoungGen: 548626K->135317K(559104K)] 1422301K->1089616K(1957376K), 0.0229770 secs] [Times: user=0.17 sys=0.00, real=0.03 secs] 
2021-01-22T01:08:15.632+0800: 15.323: [GC (Allocation Failure) [PSYoungGen: 558741K->132061K(556032K)] 1513040K->1175672K(1954304K), 0.0238584 secs] [Times: user=0.19 sys=0.00, real=0.02 secs] 
2021-01-22T01:08:15.711+0800: 15.402: [GC (Allocation Failure) [PSYoungGen: 548317K->120297K(557568K)] 1591928K->1252005K(1955840K), 0.0231820 secs] [Times: user=0.18 sys=0.00, real=0.02 secs] 
2021-01-22T01:08:15.781+0800: 15.472: [GC (Allocation Failure) [PSYoungGen: 536553K->117138K(558592K)] 1668261K->1339171K(1956864K), 0.0222636 secs] [Times: user=0.17 sys=0.00, real=0.02 secs] 
2021-01-22T01:08:15.853+0800: 15.544: [GC (Allocation Failure) [PSYoungGen: 534930K->121234K(558080K)] 1756963K->1414995K(1956352K), 0.0209018 secs] [Times: user=0.16 sys=0.00, real=0.02 secs] 
2021-01-22T01:08:15.921+0800: 15.612: [GC (Allocation Failure) [PSYoungGen: 539026K->121465K(560640K)] 1832787K->1495660K(1958912K), 0.0219010 secs] [Times: user=0.16 sys=0.00, real=0.02 secs] 
2021-01-22T01:08:15.943+0800: 15.634: [Full GC (Ergonomics) [PSYoungGen: 121465K->0K(560640K)] [ParOldGen: 1374194K->373836K(1398272K)] 1495660K->373836K(1958912K), [Metaspace: 2817K->2817K(1056768K)], 0.0484749 secs] [Times: user=0.35 sys=0.00, real=0.05 secs] 
2021-01-22T01:08:16.039+0800: 15.730: [GC (Allocation Failure) [PSYoungGen: 421376K->120085K(559616K)] 795212K->493921K(1957888K), 0.0122511 secs] [Times: user=0.09 sys=0.00, real=0.01 secs] 
2021-01-22T01:08:16.100+0800: 15.791: [GC (Allocation Failure) [PSYoungGen: 541461K->126818K(561664K)] 915297K->581532K(1959936K), 0.0210825 secs] [Times: user=0.16 sys=0.00, real=0.02 secs] 
2021-01-22T01:08:16.169+0800: 15.860: [GC (Allocation Failure) [PSYoungGen: 551266K->124044K(561664K)] 1005980K->660911K(1959936K), 0.0207286 secs] [Times: user=0.15 sys=0.00, real=0.02 secs] 
2021-01-22T01:08:16.238+0800: 15.929: [GC (Allocation Failure) [PSYoungGen: 548492K->123507K(563712K)] 1085359K->748033K(1961984K), 0.0223520 secs] [Times: user=0.17 sys=0.00, real=0.02 secs] 
2021-01-22T01:08:16.311+0800: 16.002: [GC (Allocation Failure) [PSYoungGen: 550899K->126692K(562688K)] 1175424K->830745K(1960960K), 0.0218537 secs] [Times: user=0.17 sys=0.00, real=0.02 secs] 
2021-01-22T01:08:16.384+0800: 16.075: [GC (Allocation Failure) [PSYoungGen: 554212K->118912K(564224K)] 1258265K->909074K(1962496K), 0.0216167 secs] [Times: user=0.16 sys=0.00, real=0.02 secs] 
2021-01-22T01:08:16.453+0800: 16.144: [GC (Allocation Failure) [PSYoungGen: 547968K->130948K(560128K)] 1338130K->1000842K(1958400K), 0.0217654 secs] [Times: user=0.17 sys=0.00, real=0.02 secs] 
2021-01-22T01:08:16.526+0800: 16.217: [GC (Allocation Failure) [PSYoungGen: 560004K->126403K(562688K)] 1429898K->1081537K(1960960K), 0.0221123 secs] [Times: user=0.16 sys=0.00, real=0.02 secs] 
2021-01-22T01:08:16.594+0800: 16.286: [GC (Allocation Failure) [PSYoungGen: 552899K->128805K(555520K)] 1508033K->1168638K(1953792K), 0.0229057 secs] [Times: user=0.17 sys=0.00, real=0.02 secs] 
2021-01-22T01:08:16.668+0800: 16.359: [GC (Allocation Failure) [PSYoungGen: 555271K->121282K(562688K)] 1595104K->1243815K(1960960K), 0.0211136 secs] [Times: user=0.15 sys=0.01, real=0.03 secs] 
2021-01-22T01:08:16.735+0800: 16.427: [GC (Allocation Failure) [PSYoungGen: 547266K->123400K(562176K)] 1669799K->1325263K(1960448K), 0.0212933 secs] [Times: user=0.16 sys=0.00, real=0.02 secs] 
2021-01-22T01:08:16.807+0800: 16.498: [GC (Allocation Failure) [PSYoungGen: 549384K->119206K(564224K)] 1751247K->1401119K(1962496K), 0.0207828 secs] [Times: user=0.16 sys=0.00, real=0.02 secs] 
2021-01-22T01:08:16.877+0800: 16.568: [GC (Allocation Failure) [PSYoungGen: 548262K->123950K(563712K)] 1830175K->1481227K(1961984K), 0.0212729 secs] [Times: user=0.16 sys=0.00, real=0.03 secs] 
2021-01-22T01:08:16.899+0800: 16.590: [Full GC (Ergonomics) [PSYoungGen: 123950K->0K(563712K)] [ParOldGen: 1357276K->368065K(1398272K)] 1481227K->368065K(1961984K), [Metaspace: 2817K->2817K(1056768K)], 0.0412009 secs] [Times: user=0.28 sys=0.01, real=0.04 secs] 
2021-01-22T01:08:16.988+0800: 16.679: [GC (Allocation Failure) [PSYoungGen: 429056K->133619K(556032K)] 797121K->506004K(1954304K), 0.0203572 secs] [Times: user=0.12 sys=0.01, real=0.03 secs] 
2021-01-22T01:08:17.057+0800: 16.749: [GC (Allocation Failure) [PSYoungGen: 556019K->116703K(560640K)] 928404K->580339K(1958912K), 0.0209217 secs] [Times: user=0.15 sys=0.01, real=0.03 secs] 
2021-01-22T01:08:17.125+0800: 16.816: [GC (Allocation Failure) [PSYoungGen: 539103K->124603K(561664K)] 1002739K->667284K(1959936K), 0.0200133 secs] [Times: user=0.15 sys=0.00, real=0.02 secs] 
2021-01-22T01:08:17.191+0800: 16.882: [GC (Allocation Failure) [PSYoungGen: 548027K->120033K(560640K)] 1090708K->740966K(1958912K), 0.0217481 secs] [Times: user=0.16 sys=0.00, real=0.02 secs] 
2021-01-22T01:08:17.264+0800: 16.955: [GC (Allocation Failure) [PSYoungGen: 543457K->124010K(563712K)] 1164390K->822889K(1961984K), 0.0205919 secs] [Times: user=0.16 sys=0.00, real=0.02 secs] 
2021-01-22T01:08:17.331+0800: 17.022: [GC (Allocation Failure) [PSYoungGen: 551018K->129555K(562176K)] 1249897K->911427K(1960448K), 0.0220116 secs] [Times: user=0.16 sys=0.00, real=0.02 secs] 
2021-01-22T01:08:17.408+0800: 17.099: [GC (Allocation Failure) [PSYoungGen: 556563K->133078K(558592K)] 1338435K->1003536K(1956864K), 0.0287460 secs] [Times: user=0.22 sys=0.00, real=0.03 secs] 
2021-01-22T01:08:17.497+0800: 17.189: [GC (Allocation Failure) [PSYoungGen: 555478K->122022K(560640K)] 1425936K->1081192K(1958912K), 0.0257717 secs] [Times: user=0.20 sys=0.00, real=0.03 secs] 
2021-01-22T01:08:17.573+0800: 17.264: [GC (Allocation Failure) [PSYoungGen: 544422K->127628K(561664K)] 1503592K->1171451K(1959936K), 0.0226024 secs] [Times: user=0.17 sys=0.00, real=0.02 secs] 
2021-01-22T01:08:17.641+0800: 17.332: [GC (Allocation Failure) [PSYoungGen: 551564K->122901K(561152K)] 1595387K->1250438K(1959424K), 0.0214186 secs] [Times: user=0.17 sys=0.00, real=0.02 secs] 
2021-01-22T01:08:17.708+0800: 17.399: [GC (Allocation Failure) [PSYoungGen: 546837K->129044K(562176K)] 1674374K->1332603K(1960448K), 0.0218546 secs] [Times: user=0.17 sys=0.00, real=0.02 secs] 
2021-01-22T01:08:17.780+0800: 17.471: [GC (Allocation Failure) [PSYoungGen: 554516K->113801K(539648K)] 1758075K->1403140K(1937920K), 0.0229519 secs] [Times: user=0.18 sys=0.00, real=0.02 secs] 
2021-01-22T01:08:17.852+0800: 17.543: [GC (Allocation Failure) [PSYoungGen: 539273K->131403K(558080K)] 1828612K->1500191K(1956352K), 0.0232567 secs] [Times: user=0.18 sys=0.01, real=0.02 secs] 
2021-01-22T01:08:17.876+0800: 17.567: [Full GC (Ergonomics) [PSYoungGen: 131403K->0K(558080K)] [ParOldGen: 1368787K->380210K(1398272K)] 1500191K->380210K(1956352K), [Metaspace: 2817K->2817K(1056768K)], 0.0425923 secs] [Times: user=0.30 sys=0.01, real=0.05 secs] 
2021-01-22T01:08:17.962+0800: 17.653: [GC (Allocation Failure) [PSYoungGen: 420352K->129593K(559616K)] 800562K->509803K(1957888K), 0.0128447 secs] [Times: user=0.10 sys=0.00, real=0.01 secs] 
2021-01-22T01:08:18.021+0800: 17.712: [GC (Allocation Failure) [PSYoungGen: 549945K->117747K(559616K)] 930155K->587209K(1957888K), 0.0264934 secs] [Times: user=0.20 sys=0.00, real=0.02 secs] 
2021-01-22T01:08:18.096+0800: 17.787: [GC (Allocation Failure) [PSYoungGen: 538099K->128878K(559616K)] 1007561K->679317K(1957888K), 0.0214832 secs] [Times: user=0.16 sys=0.00, real=0.02 secs] 
2021-01-22T01:08:18.175+0800: 17.866: [GC (Allocation Failure) [PSYoungGen: 549230K->124006K(560640K)] 1099669K->763995K(1958912K), 0.0246307 secs] [Times: user=0.19 sys=0.00, real=0.03 secs] 
2021-01-22T01:08:18.247+0800: 17.939: [GC (Allocation Failure) [PSYoungGen: 544832K->129486K(559616K)] 1184820K->849863K(1957888K), 0.0211638 secs] [Times: user=0.16 sys=0.01, real=0.03 secs] 
2021-01-22T01:08:18.311+0800: 18.002: [GC (Allocation Failure) [PSYoungGen: 550862K->124298K(561152K)] 1271239K->931154K(1959424K), 0.0214729 secs] [Times: user=0.16 sys=0.00, real=0.02 secs] 
2021-01-22T01:08:18.379+0800: 18.070: [GC (Allocation Failure) [PSYoungGen: 546698K->126104K(560128K)] 1353554K->1014648K(1958400K), 0.0211080 secs] [Times: user=0.16 sys=0.00, real=0.02 secs] 
2021-01-22T01:08:18.449+0800: 18.140: [GC (Allocation Failure) [PSYoungGen: 548504K->130994K(560128K)] 1437048K->1098684K(1958400K), 0.0218391 secs] [Times: user=0.16 sys=0.00, real=0.02 secs] 
2021-01-22T01:08:18.518+0800: 18.209: [GC (Allocation Failure) [PSYoungGen: 554418K->120688K(561152K)] 1522108K->1177457K(1959424K), 0.0221100 secs] [Times: user=0.16 sys=0.01, real=0.03 secs] 
2021-01-22T01:08:18.586+0800: 18.277: [GC (Allocation Failure) [PSYoungGen: 544112K->132442K(558592K)] 1600881K->1268876K(1956864K), 0.0248155 secs] [Times: user=0.18 sys=0.00, real=0.03 secs] 
2021-01-22T01:08:18.662+0800: 18.353: [GC (Allocation Failure) [PSYoungGen: 553818K->126574K(560128K)] 1690252K->1352854K(1958400K), 0.0227830 secs] [Times: user=0.18 sys=0.00, real=0.02 secs] 
2021-01-22T01:08:18.736+0800: 18.427: [GC (Allocation Failure) [PSYoungGen: 547950K->126447K(562176K)] 1774230K->1431303K(1960448K), 0.0215312 secs] [Times: user=0.16 sys=0.00, real=0.03 secs] 
2021-01-22T01:08:18.759+0800: 18.450: [Full GC (Ergonomics) [PSYoungGen: 126447K->0K(562176K)] [ParOldGen: 1304855K->376474K(1398272K)] 1431303K->376474K(1960448K), [Metaspace: 2817K->2817K(1056768K)], 0.0406118 secs] [Times: user=0.29 sys=0.01, real=0.04 secs] 
2021-01-22T01:08:18.845+0800: 18.536: [GC (Allocation Failure) [PSYoungGen: 424448K->122315K(561152K)] 800922K->498789K(1959424K), 0.0127884 secs] [Times: user=0.09 sys=0.00, real=0.02 secs] 
2021-01-22T01:08:18.907+0800: 18.598: [GC (Allocation Failure) [PSYoungGen: 546763K->122725K(563200K)] 923237K->580829K(1961472K), 0.0208352 secs] [Times: user=0.16 sys=0.00, real=0.02 secs] 
2021-01-22T01:08:18.978+0800: 18.669: [GC (Allocation Failure) [PSYoungGen: 549733K->118834K(562688K)] 1007837K->658247K(1960960K), 0.0199753 secs] [Times: user=0.15 sys=0.00, real=0.03 secs] 
2021-01-22T01:08:19.046+0800: 18.737: [GC (Allocation Failure) [PSYoungGen: 545842K->116747K(562176K)] 1085255K->738751K(1960448K), 0.0205184 secs] [Times: user=0.15 sys=0.00, real=0.02 secs] 
2021-01-22T01:08:19.118+0800: 18.809: [GC (Allocation Failure) [PSYoungGen: 543243K->120750K(562688K)] 1165247K->818960K(1960960K), 0.0213384 secs] [Times: user=0.16 sys=0.00, real=0.03 secs] 
2021-01-22T01:08:19.192+0800: 18.883: [GC (Allocation Failure) [PSYoungGen: 547246K->116616K(563200K)] 1245456K->891687K(1961472K), 0.0202820 secs] [Times: user=0.15 sys=0.00, real=0.02 secs] 
2021-01-22T01:08:19.263+0800: 18.954: [GC (Allocation Failure) [PSYoungGen: 544136K->129111K(557056K)] 1319207K->979546K(1955328K), 0.0209152 secs] [Times: user=0.16 sys=0.00, real=0.02 secs] 
2021-01-22T01:08:19.338+0800: 19.029: [GC (Allocation Failure) [PSYoungGen: 556631K->125972K(562688K)] 1407066K->1061903K(1960960K), 0.0220833 secs] [Times: user=0.16 sys=0.00, real=0.02 secs] 
2021-01-22T01:08:19.411+0800: 19.102: [GC (Allocation Failure) [PSYoungGen: 551956K->124689K(562176K)] 1487887K->1147432K(1960448K), 0.0220322 secs] [Times: user=0.17 sys=0.00, real=0.02 secs] 
2021-01-22T01:08:19.483+0800: 19.174: [GC (Allocation Failure) [PSYoungGen: 550673K->128107K(562688K)] 1573416K->1229222K(1960960K), 0.0214943 secs] [Times: user=0.17 sys=0.00, real=0.02 secs] 
2021-01-22T01:08:19.553+0800: 19.244: [GC (Allocation Failure) [PSYoungGen: 555627K->131907K(559616K)] 1656742K->1317275K(1957888K), 0.0223291 secs] [Times: user=0.17 sys=0.00, real=0.02 secs] 
2021-01-22T01:08:19.621+0800: 19.312: [GC (Allocation Failure) [PSYoungGen: 559397K->123977K(562688K)] 1744765K->1394820K(1960960K), 0.0224124 secs] [Times: user=0.17 sys=0.00, real=0.02 secs] 
2021-01-22T01:08:19.690+0800: 19.381: [GC (Allocation Failure) [PSYoungGen: 549449K->131470K(557056K)] 1820292K->1481970K(1955328K), 0.0221841 secs] [Times: user=0.17 sys=0.00, real=0.02 secs] 
2021-01-22T01:08:19.713+0800: 19.404: [Full GC (Ergonomics) [PSYoungGen: 131470K->0K(557056K)] [ParOldGen: 1350499K->381436K(1398272K)] 1481970K->381436K(1955328K), [Metaspace: 2817K->2817K(1056768K)], 0.0432647 secs] [Times: user=0.31 sys=0.00, real=0.04 secs] 
2021-01-22T01:08:19.804+0800: 19.495: [GC (Allocation Failure) [PSYoungGen: 425363K->129716K(560128K)] 806800K->511152K(1958400K), 0.0146602 secs] [Times: user=0.09 sys=0.01, real=0.02 secs] 
2021-01-22T01:08:19.868+0800: 19.559: [GC (Allocation Failure) [PSYoungGen: 552116K->131206K(553984K)] 933552K->601022K(1952256K), 0.0216980 secs] [Times: user=0.17 sys=0.00, real=0.03 secs] 
2021-01-22T01:08:19.936+0800: 19.627: [GC (Allocation Failure) [PSYoungGen: 553606K->120851K(560128K)] 1023422K->678168K(1958400K), 0.0251809 secs] [Times: user=0.20 sys=0.00, real=0.03 secs] 
2021-01-22T01:08:20.008+0800: 19.700: [GC (Allocation Failure) [PSYoungGen: 542175K->120691K(560128K)] 1099492K->757898K(1958400K), 0.0281208 secs] [Times: user=0.21 sys=0.00, real=0.02 secs] 
2021-01-22T01:08:20.082+0800: 19.773: [GC (Allocation Failure) [PSYoungGen: 542067K->122704K(561664K)] 1179274K->837237K(1959936K), 0.0211596 secs] [Times: user=0.16 sys=0.00, real=0.02 secs] 
2021-01-22T01:08:20.150+0800: 19.841: [GC (Allocation Failure) [PSYoungGen: 546128K->123876K(560640K)] 1260661K->922473K(1958912K), 0.0212128 secs] [Times: user=0.16 sys=0.00, real=0.02 secs] 
2021-01-22T01:08:20.218+0800: 19.909: [GC (Allocation Failure) [PSYoungGen: 547300K->128563K(562176K)] 1345897K->1008837K(1960448K), 0.0214785 secs] [Times: user=0.17 sys=0.00, real=0.02 secs] 
2021-01-22T01:08:20.288+0800: 19.979: [GC (Allocation Failure) [PSYoungGen: 554035K->124408K(562176K)] 1434309K->1090622K(1960448K), 0.0224031 secs] [Times: user=0.17 sys=0.00, real=0.02 secs] 
2021-01-22T01:08:20.360+0800: 20.051: [GC (Allocation Failure) [PSYoungGen: 549880K->116009K(562176K)] 1516094K->1172799K(1960448K), 0.0217691 secs] [Times: user=0.16 sys=0.00, real=0.02 secs] 
2021-01-22T01:08:20.426+0800: 20.117: [GC (Allocation Failure) [PSYoungGen: 542505K->124970K(562688K)] 1599295K->1258442K(1960960K), 0.0211269 secs] [Times: user=0.16 sys=0.00, real=0.02 secs] 
2021-01-22T01:08:20.496+0800: 20.187: [GC (Allocation Failure) [PSYoungGen: 551466K->123124K(564224K)] 1684938K->1344702K(1962496K), 0.0219673 secs] [Times: user=0.17 sys=0.00, real=0.03 secs] 
2021-01-22T01:08:20.567+0800: 20.258: [GC (Allocation Failure) [PSYoungGen: 551577K->121504K(563712K)] 1773156K->1422303K(1961984K), 0.0228732 secs] [Times: user=0.18 sys=0.00, real=0.03 secs] 
2021-01-22T01:08:20.591+0800: 20.282: [Full GC (Ergonomics) [PSYoungGen: 121504K->0K(563712K)] [ParOldGen: 1300798K->370836K(1398272K)] 1422303K->370836K(1961984K), [Metaspace: 2817K->2817K(1056768K)], 0.0409018 secs] [Times: user=0.29 sys=0.00, real=0.04 secs] 
2021-01-22T01:08:20.684+0800: 20.375: [GC (Allocation Failure) [PSYoungGen: 429056K->121095K(565248K)] 799892K->491931K(1963520K), 0.0138639 secs] [Times: user=0.10 sys=0.00, real=0.01 secs] 
2021-01-22T01:08:20.753+0800: 20.444: [GC (Allocation Failure) [PSYoungGen: 552199K->128709K(564736K)] 923035K->581052K(1963008K), 0.0235626 secs] [Times: user=0.18 sys=0.00, real=0.02 secs] 
2021-01-22T01:08:20.825+0800: 20.516: [GC (Allocation Failure) [PSYoungGen: 559813K->119797K(564736K)] 1012156K->662232K(1963008K), 0.0215824 secs] [Times: user=0.17 sys=0.00, real=0.02 secs] 
2021-01-22T01:08:20.897+0800: 20.588: [GC (Allocation Failure) [PSYoungGen: 550389K->126236K(564736K)] 1092824K->750847K(1963008K), 0.0213104 secs] [Times: user=0.13 sys=0.03, real=0.03 secs] 
2021-01-22T01:08:20.971+0800: 20.662: [GC (Allocation Failure) [PSYoungGen: 556828K->134106K(559616K)] 1181439K->839736K(1957888K), 0.0219939 secs] [Times: user=0.17 sys=0.00, real=0.02 secs] 
2021-01-22T01:08:21.043+0800: 20.734: [GC (Allocation Failure) [PSYoungGen: 559578K->129148K(555008K)] 1265208K->924857K(1953280K), 0.0230372 secs] [Times: user=0.17 sys=0.00, real=0.02 secs] 
2021-01-22T01:08:21.120+0800: 20.811: [GC (Allocation Failure) [PSYoungGen: 554620K->121885K(562176K)] 1350329K->999776K(1960448K), 0.0215043 secs] [Times: user=0.16 sys=0.00, real=0.02 secs] 
2021-01-22T01:08:21.189+0800: 20.880: [GC (Allocation Failure) [PSYoungGen: 546845K->131376K(556544K)] 1424736K->1089767K(1954816K), 0.0224856 secs] [Times: user=0.17 sys=0.00, real=0.02 secs] 
2021-01-22T01:08:21.260+0800: 20.951: [GC (Allocation Failure) [PSYoungGen: 556336K->126504K(562176K)] 1514727K->1170538K(1960448K), 0.0226963 secs] [Times: user=0.17 sys=0.00, real=0.02 secs] 
2021-01-22T01:08:21.331+0800: 21.022: [GC (Allocation Failure) [PSYoungGen: 550952K->114879K(561152K)] 1594986K->1242439K(1959424K), 0.0204065 secs] [Times: user=0.16 sys=0.00, real=0.02 secs] 
2021-01-22T01:08:21.398+0800: 21.089: [GC (Allocation Failure) [PSYoungGen: 539327K->114725K(560128K)] 1666887K->1326341K(1958400K), 0.0223899 secs] [Times: user=0.17 sys=0.00, real=0.02 secs] 
2021-01-22T01:08:21.471+0800: 21.162: [GC (Allocation Failure) [PSYoungGen: 537125K->127928K(560640K)] 1748741K->1415137K(1958912K), 0.0219971 secs] [Times: user=0.17 sys=0.00, real=0.02 secs] 
2021-01-22T01:08:21.542+0800: 21.233: [GC (Allocation Failure) [PSYoungGen: 550328K->122163K(561664K)] 1837537K->1495054K(1959936K), 0.0227227 secs] [Times: user=0.17 sys=0.00, real=0.02 secs] 
2021-01-22T01:08:21.566+0800: 21.257: [Full GC (Ergonomics) [PSYoungGen: 122163K->0K(561664K)] [ParOldGen: 1372891K->374525K(1398272K)] 1495054K->374525K(1959936K), [Metaspace: 2817K->2817K(1056768K)], 0.0430800 secs] [Times: user=0.31 sys=0.01, real=0.05 secs] 
2021-01-22T01:08:21.655+0800: 21.346: [GC (Allocation Failure) [PSYoungGen: 423424K->124896K(560640K)] 797949K->499422K(1958912K), 0.0129023 secs] [Times: user=0.10 sys=0.00, real=0.02 secs] 
2021-01-22T01:08:21.715+0800: 21.406: [GC (Allocation Failure) [PSYoungGen: 548320K->127639K(562688K)] 922846K->588671K(1960960K), 0.0211108 secs] [Times: user=0.17 sys=0.00, real=0.02 secs] 
2021-01-22T01:08:21.785+0800: 21.476: [GC (Allocation Failure) [PSYoungGen: 554135K->120162K(562688K)] 1015167K->667826K(1960960K), 0.0215275 secs] [Times: user=0.16 sys=0.00, real=0.02 secs] 
2021-01-22T01:08:21.854+0800: 21.545: [GC (Allocation Failure) [PSYoungGen: 546658K->121237K(563712K)] 1094322K->745656K(1961984K), 0.0207785 secs] [Times: user=0.15 sys=0.00, real=0.02 secs] 
2021-01-22T01:08:21.922+0800: 21.613: [GC (Allocation Failure) [PSYoungGen: 548757K->119095K(562688K)] 1173176K->825328K(1960960K), 0.0212562 secs] [Times: user=0.16 sys=0.00, real=0.02 secs] 
2021-01-22T01:08:21.993+0800: 21.684: [GC (Allocation Failure) [PSYoungGen: 546615K->124688K(564736K)] 1252848K->910842K(1963008K), 0.0223619 secs] [Times: user=0.17 sys=0.00, real=0.02 secs] 
2021-01-22T01:08:22.069+0800: 21.760: [GC (Allocation Failure) [PSYoungGen: 554768K->119296K(564224K)] 1340922K->989276K(1962496K), 0.0251357 secs] [Times: user=0.20 sys=0.00, real=0.02 secs] 
2021-01-22T01:08:22.137+0800: 21.828: [GC (Allocation Failure) [PSYoungGen: 549376K->124871K(565248K)] 1419356K->1070484K(1963520K), 0.0208811 secs] [Times: user=0.15 sys=0.01, real=0.03 secs] 
2021-01-22T01:08:22.204+0800: 21.895: [GC (Allocation Failure) [PSYoungGen: 555975K->127722K(564736K)] 1501588K->1159733K(1963008K), 0.0220449 secs] [Times: user=0.17 sys=0.00, real=0.02 secs] 
2021-01-22T01:08:22.273+0800: 21.964: [GC (Allocation Failure) [PSYoungGen: 558826K->126010K(564736K)] 1590837K->1239231K(1963008K), 0.0218982 secs] [Times: user=0.17 sys=0.00, real=0.02 secs] 
2021-01-22T01:08:22.345+0800: 22.036: [GC (Allocation Failure) [PSYoungGen: 556602K->130196K(561152K)] 1669823K->1324068K(1959424K), 0.0238563 secs] [Times: user=0.17 sys=0.01, real=0.03 secs] 
2021-01-22T01:08:22.416+0800: 22.108: [GC (Allocation Failure) [PSYoungGen: 560788K->122403K(564224K)] 1754660K->1398539K(1962496K), 0.0217143 secs] [Times: user=0.16 sys=0.00, real=0.03 secs] 
2021-01-22T01:08:22.488+0800: 22.179: [GC (Allocation Failure) [PSYoungGen: 550947K->126278K(563200K)] 1827083K->1480598K(1961472K), 0.0228513 secs] [Times: user=0.17 sys=0.00, real=0.03 secs] 
2021-01-22T01:08:22.511+0800: 22.202: [Full GC (Ergonomics) [PSYoungGen: 126278K->0K(563200K)] [ParOldGen: 1354320K->365728K(1398272K)] 1480598K->365728K(1961472K), [Metaspace: 2817K->2817K(1056768K)], 0.0460143 secs] [Times: user=0.33 sys=0.00, real=0.04 secs] 
2021-01-22T01:08:22.609+0800: 22.300: [GC (Allocation Failure) [PSYoungGen: 428544K->120748K(564736K)] 794272K->486477K(1963008K), 0.0226298 secs] [Times: user=0.14 sys=0.00, real=0.02 secs] 
2021-01-22T01:08:22.688+0800: 22.379: [GC (Allocation Failure) [PSYoungGen: 550828K->133842K(564224K)] 916557K->575555K(1962496K), 0.0300958 secs] [Times: user=0.22 sys=0.00, real=0.04 secs] 
2021-01-22T01:08:22.774+0800: 22.465: [GC (Allocation Failure) [PSYoungGen: 563922K->118859K(560128K)] 1005635K->646676K(1958400K), 0.0230079 secs] [Times: user=0.18 sys=0.00, real=0.02 secs] 
2021-01-22T01:08:22.844+0800: 22.535: [GC (Allocation Failure) [PSYoungGen: 544331K->117565K(562176K)] 1072148K->720002K(1960448K), 0.0197505 secs] [Times: user=0.16 sys=0.00, real=0.02 secs] 
2021-01-22T01:08:22.909+0800: 22.600: [GC (Allocation Failure) [PSYoungGen: 543037K->125552K(562688K)] 1145474K->801876K(1960960K), 0.0211771 secs] [Times: user=0.17 sys=0.00, real=0.02 secs] 
2021-01-22T01:08:22.980+0800: 22.672: [GC (Allocation Failure) [PSYoungGen: 551361K->118277K(562176K)] 1227685K->881770K(1960448K), 0.0290303 secs] [Times: user=0.22 sys=0.00, real=0.03 secs] 
2021-01-22T01:08:23.060+0800: 22.751: [GC (Allocation Failure) [PSYoungGen: 544261K->120830K(563712K)] 1307754K->960032K(1961984K), 0.0219228 secs] [Times: user=0.16 sys=0.00, real=0.02 secs] 
2021-01-22T01:08:23.130+0800: 22.821: [GC (Allocation Failure) [PSYoungGen: 548862K->128878K(557056K)] 1388064K->1050699K(1955328K), 0.0279295 secs] [Times: user=0.22 sys=0.00, real=0.02 secs] 
2021-01-22T01:08:23.210+0800: 22.901: [GC (Allocation Failure) [PSYoungGen: 556910K->120309K(563712K)] 1478731K->1131041K(1961984K), 0.0260516 secs] [Times: user=0.20 sys=0.00, real=0.02 secs] 
2021-01-22T01:08:23.294+0800: 22.985: [GC (Allocation Failure) [PSYoungGen: 547829K->130947K(558592K)] 1558561K->1218539K(1956864K), 0.0309610 secs] [Times: user=0.24 sys=0.00, real=0.03 secs] 
2021-01-22T01:08:23.371+0800: 23.062: [GC (Allocation Failure) [PSYoungGen: 558467K->129744K(560640K)] 1646059K->1304071K(1958912K), 0.0239024 secs] [Times: user=0.18 sys=0.00, real=0.02 secs] 
2021-01-22T01:08:23.442+0800: 23.133: [GC (Allocation Failure) [PSYoungGen: 553168K->129109K(552960K)] 1727495K->1387845K(1951232K), 0.0234206 secs] [Times: user=0.18 sys=0.01, real=0.02 secs] 
2021-01-22T01:08:23.510+0800: 23.201: [GC (Allocation Failure) [PSYoungGen: 552533K->131078K(558592K)] 1811269K->1475036K(1956864K), 0.0233391 secs] [Times: user=0.18 sys=0.00, real=0.02 secs] 
2021-01-22T01:08:23.534+0800: 23.225: [Full GC (Ergonomics) [PSYoungGen: 131078K->0K(558592K)] [ParOldGen: 1343957K->382319K(1398272K)] 1475036K->382319K(1956864K), [Metaspace: 2817K->2817K(1056768K)], 0.0443296 secs] [Times: user=0.31 sys=0.00, real=0.05 secs] 
2021-01-22T01:08:23.631+0800: 23.322: [GC (Allocation Failure) [PSYoungGen: 420352K->114712K(535552K)] 802671K->497032K(1933824K), 0.0148903 secs] [Times: user=0.10 sys=0.01, real=0.01 secs] 
2021-01-22T01:08:23.699+0800: 23.391: [GC (Allocation Failure) [PSYoungGen: 535064K->112930K(558080K)] 917384K->577467K(1956352K), 0.0285594 secs] [Times: user=0.19 sys=0.01, real=0.03 secs] 
2021-01-22T01:08:23.779+0800: 23.470: [GC (Allocation Failure) [PSYoungGen: 531234K->116746K(558592K)] 995771K->654307K(1956864K), 0.0215679 secs] [Times: user=0.17 sys=0.00, real=0.02 secs] 
2021-01-22T01:08:23.849+0800: 23.540: [GC (Allocation Failure) [PSYoungGen: 535050K->117738K(560128K)] 1072611K->737784K(1958400K), 0.0211203 secs] [Times: user=0.16 sys=0.00, real=0.02 secs] 
2021-01-22T01:08:23.920+0800: 23.611: [GC (Allocation Failure) [PSYoungGen: 538090K->119459K(559104K)] 1158136K->815540K(1957376K), 0.0266623 secs] [Times: user=0.20 sys=0.00, real=0.02 secs] 
2021-01-22T01:08:23.991+0800: 23.682: [GC (Allocation Failure) [PSYoungGen: 539811K->122368K(562688K)] 1235892K->900275K(1960960K), 0.0214921 secs] [Times: user=0.16 sys=0.00, real=0.02 secs] 
2021-01-22T01:08:24.060+0800: 23.751: [GC (Allocation Failure) [PSYoungGen: 547328K->123104K(561152K)] 1325235K->979847K(1959424K), 0.0216772 secs] [Times: user=0.15 sys=0.00, real=0.02 secs] 
2021-01-22T01:08:24.127+0800: 23.818: [GC (Allocation Failure) [PSYoungGen: 548064K->122435K(564736K)] 1404807K->1060990K(1963008K), 0.0209890 secs] [Times: user=0.16 sys=0.00, real=0.03 secs] 
2021-01-22T01:08:24.193+0800: 23.884: [GC (Allocation Failure) [PSYoungGen: 552003K->133366K(563200K)] 1490558K->1153371K(1961472K), 0.0229391 secs] [Times: user=0.18 sys=0.00, real=0.02 secs] 
2021-01-22T01:08:24.270+0800: 23.961: [GC (Allocation Failure) [PSYoungGen: 562934K->124051K(562176K)] 1582939K->1231081K(1960448K), 0.0271784 secs] [Times: user=0.21 sys=0.00, real=0.02 secs] 
2021-01-22T01:08:24.349+0800: 24.040: [GC (Allocation Failure) [PSYoungGen: 550547K->128006K(555008K)] 1657577K->1323450K(1953280K), 0.0233760 secs] [Times: user=0.18 sys=0.00, real=0.02 secs] 
2021-01-22T01:08:24.420+0800: 24.111: [GC (Allocation Failure) [PSYoungGen: 554502K->127770K(562176K)] 1749946K->1407870K(1960448K), 0.0225666 secs] [Times: user=0.17 sys=0.00, real=0.02 secs] 
2021-01-22T01:08:24.492+0800: 24.183: [GC (Allocation Failure) [PSYoungGen: 553242K->119942K(562176K)] 1833342K->1488435K(1960448K), 0.0220943 secs] [Times: user=0.17 sys=0.00, real=0.02 secs] 
2021-01-22T01:08:24.515+0800: 24.206: [Full GC (Ergonomics) [PSYoungGen: 119942K->0K(562176K)] [ParOldGen: 1368493K->384902K(1398272K)] 1488435K->384902K(1960448K), [Metaspace: 2817K->2817K(1056768K)], 0.0417968 secs] [Times: user=0.30 sys=0.00, real=0.04 secs] 
2021-01-22T01:08:24.601+0800: 24.292: [GC (Allocation Failure) [PSYoungGen: 425068K->127797K(561664K)] 809970K->512700K(1959936K), 0.0133632 secs] [Times: user=0.10 sys=0.01, real=0.01 secs] 
2021-01-22T01:08:24.662+0800: 24.353: [GC (Allocation Failure) [PSYoungGen: 553234K->124732K(562176K)] 938136K->594335K(1960448K), 0.0206203 secs] [Times: user=0.16 sys=0.00, real=0.02 secs] 
2021-01-22T01:08:24.733+0800: 24.424: [GC (Allocation Failure) [PSYoungGen: 550204K->115594K(563200K)] 1019807K->669119K(1961472K), 0.0197312 secs] [Times: user=0.14 sys=0.00, real=0.02 secs] 
2021-01-22T01:08:24.801+0800: 24.493: [GC (Allocation Failure) [PSYoungGen: 543114K->127882K(555520K)] 1096639K->761217K(1953792K), 0.0222465 secs] [Times: user=0.17 sys=0.00, real=0.02 secs] 
2021-01-22T01:08:24.871+0800: 24.562: [GC (Allocation Failure) [PSYoungGen: 555402K->127645K(561664K)] 1188737K->845770K(1959936K), 0.0215621 secs] [Times: user=0.16 sys=0.00, real=0.02 secs] 
2021-01-22T01:08:24.939+0800: 24.630: [GC (Allocation Failure) [PSYoungGen: 553117K->129590K(555520K)] 1271242K->934581K(1953792K), 0.0217800 secs] [Times: user=0.17 sys=0.00, real=0.02 secs] 
2021-01-22T01:08:25.008+0800: 24.699: [GC (Allocation Failure) [PSYoungGen: 555062K->129801K(560640K)] 1360053K->1021941K(1958912K), 0.0223668 secs] [Times: user=0.16 sys=0.00, real=0.03 secs] 
2021-01-22T01:08:25.075+0800: 24.766: [GC (Allocation Failure) [PSYoungGen: 553225K->128263K(561152K)] 1445365K->1107576K(1959424K), 0.0285630 secs] [Times: user=0.21 sys=0.00, real=0.03 secs] 
2021-01-22T01:08:25.153+0800: 24.844: [GC (Allocation Failure) [PSYoungGen: 551687K->115785K(560128K)] 1531000K->1182733K(1958400K), 0.0216105 secs] [Times: user=0.17 sys=0.00, real=0.02 secs] 
2021-01-22T01:08:25.222+0800: 24.913: [GC (Allocation Failure) [PSYoungGen: 538185K->126176K(560640K)] 1605133K->1268706K(1958912K), 0.0210400 secs] [Times: user=0.16 sys=0.00, real=0.02 secs] 
2021-01-22T01:08:25.292+0800: 24.983: [GC (Allocation Failure) [PSYoungGen: 548576K->123450K(562176K)] 1691106K->1350632K(1960448K), 0.0220211 secs] [Times: user=0.16 sys=0.00, real=0.02 secs] 
2021-01-22T01:08:25.359+0800: 25.050: [GC (Allocation Failure) [PSYoungGen: 547898K->129632K(561152K)] 1775080K->1435798K(1959424K), 0.0215546 secs] [Times: user=0.14 sys=0.00, real=0.02 secs] 
2021-01-22T01:08:25.381+0800: 25.072: [Full GC (Ergonomics) [PSYoungGen: 129632K->0K(561152K)] [ParOldGen: 1306166K->376522K(1398272K)] 1435798K->376522K(1959424K), [Metaspace: 2817K->2817K(1056768K)], 0.0415837 secs] [Times: user=0.25 sys=0.00, real=0.04 secs] 
2021-01-22T01:08:25.472+0800: 25.163: [GC (Allocation Failure) [PSYoungGen: 424448K->123538K(562688K)] 800970K->500060K(1960960K), 0.0139911 secs] [Times: user=0.11 sys=0.00, real=0.01 secs] 
2021-01-22T01:08:25.532+0800: 25.223: [GC (Allocation Failure) [PSYoungGen: 549010K->131537K(557056K)] 925532K->591507K(1955328K), 0.0208981 secs] [Times: user=0.16 sys=0.00, real=0.02 secs] 
2021-01-22T01:08:25.599+0800: 25.290: [GC (Allocation Failure) [PSYoungGen: 557009K->131590K(559104K)] 1016979K->677202K(1957376K), 0.0213327 secs] [Times: user=0.17 sys=0.00, real=0.02 secs] 
2021-01-22T01:08:25.666+0800: 25.357: [GC (Allocation Failure) [PSYoungGen: 552966K->126994K(560128K)] 1098578K->764181K(1958400K), 0.0225314 secs] [Times: user=0.18 sys=0.00, real=0.03 secs] 
2021-01-22T01:08:25.733+0800: 25.424: [GC (Allocation Failure) [PSYoungGen: 548370K->133461K(558080K)] 1185557K->855001K(1956352K), 0.0219956 secs] [Times: user=0.17 sys=0.00, real=0.02 secs] 
2021-01-22T01:08:25.801+0800: 25.492: [GC (Allocation Failure) [PSYoungGen: 553813K->125682K(559616K)] 1275353K->941857K(1957888K), 0.0232297 secs] [Times: user=0.18 sys=0.00, real=0.02 secs] 
2021-01-22T01:08:25.874+0800: 25.566: [GC (Allocation Failure) [PSYoungGen: 546034K->125348K(561664K)] 1362209K->1023463K(1959936K), 0.0216665 secs] [Times: user=0.16 sys=0.00, real=0.02 secs] 
2021-01-22T01:08:25.946+0800: 25.637: [GC (Allocation Failure) [PSYoungGen: 548772K->121183K(560640K)] 1446887K->1101192K(1958912K), 0.0219692 secs] [Times: user=0.16 sys=0.01, real=0.03 secs] 
2021-01-22T01:08:26.020+0800: 25.711: [GC (Allocation Failure) [PSYoungGen: 544607K->133697K(558592K)] 1524616K->1190373K(1956864K), 0.0227415 secs] [Times: user=0.18 sys=0.00, real=0.02 secs] 
2021-01-22T01:08:26.091+0800: 25.783: [GC (Allocation Failure) [PSYoungGen: 555073K->124388K(560128K)] 1611749K->1269688K(1958400K), 0.0281039 secs] [Times: user=0.21 sys=0.00, real=0.03 secs] 
2021-01-22T01:08:26.166+0800: 25.857: [GC (Allocation Failure) [PSYoungGen: 545764K->119870K(560640K)] 1691064K->1347503K(1958912K), 0.0211082 secs] [Times: user=0.16 sys=0.00, real=0.02 secs] 
2021-01-22T01:08:26.235+0800: 25.926: [GC (Allocation Failure) [PSYoungGen: 542270K->123206K(560640K)] 1769903K->1435576K(1958912K), 0.0217858 secs] [Times: user=0.17 sys=0.00, real=0.02 secs] 
2021-01-22T01:08:26.258+0800: 25.949: [Full GC (Ergonomics) [PSYoungGen: 123206K->0K(560640K)] [ParOldGen: 1312370K->379884K(1398272K)] 1435576K->379884K(1958912K), [Metaspace: 2817K->2817K(1056768K)], 0.0408423 secs] [Times: user=0.29 sys=0.00, real=0.05 secs] 
2021-01-22T01:08:26.355+0800: 26.046: [GC (Allocation Failure) [PSYoungGen: 422400K->135390K(557056K)] 802284K->515274K(1955328K), 0.0164565 secs] [Times: user=0.12 sys=0.00, real=0.02 secs] 
2021-01-22T01:08:26.421+0800: 26.112: [GC (Allocation Failure) [PSYoungGen: 554718K->127688K(559104K)] 934602K->603697K(1957376K), 0.0232223 secs] [Times: user=0.18 sys=0.00, real=0.02 secs] 
2021-01-22T01:08:26.492+0800: 26.183: [GC (Allocation Failure) [PSYoungGen: 547016K->118928K(559616K)] 1023025K->681747K(1957888K), 0.0203478 secs] [Times: user=0.16 sys=0.00, real=0.02 secs] 
2021-01-22T01:08:26.561+0800: 26.252: [GC (Allocation Failure) [PSYoungGen: 539073K->123216K(559616K)] 1101892K->766189K(1957888K), 0.0224762 secs] [Times: user=0.17 sys=0.00, real=0.02 secs] 
2021-01-22T01:08:26.633+0800: 26.324: [GC (Allocation Failure) [PSYoungGen: 543568K->120434K(560640K)] 1186541K->841691K(1958912K), 0.0215065 secs] [Times: user=0.16 sys=0.00, real=0.02 secs] 
2021-01-22T01:08:26.703+0800: 26.394: [GC (Allocation Failure) [PSYoungGen: 542834K->123769K(560640K)] 1264091K->921596K(1958912K), 0.0212758 secs] [Times: user=0.17 sys=0.00, real=0.02 secs] 
2021-01-22T01:08:26.772+0800: 26.463: [GC (Allocation Failure) [PSYoungGen: 546169K->109810K(559616K)] 1343996K->996186K(1957888K), 0.0217799 secs] [Times: user=0.17 sys=0.00, real=0.02 secs] 
2021-01-22T01:08:26.841+0800: 26.532: [GC (Allocation Failure) [PSYoungGen: 532210K->130145K(552960K)] 1418586K->1086518K(1951232K), 0.0209740 secs] [Times: user=0.16 sys=0.00, real=0.02 secs] 
2021-01-22T01:08:26.909+0800: 26.600: [GC (Allocation Failure) [PSYoungGen: 552545K->139239K(551424K)] 1508918K->1186564K(1949696K), 0.0240479 secs] [Times: user=0.19 sys=0.00, real=0.02 secs] 
2021-01-22T01:08:26.979+0800: 26.670: [GC (Allocation Failure) [PSYoungGen: 551399K->129017K(555520K)] 1598724K->1267469K(1953792K), 0.0232979 secs] [Times: user=0.18 sys=0.00, real=0.02 secs] 
2021-01-22T01:08:27.047+0800: 26.738: [GC (Allocation Failure) [PSYoungGen: 541177K->118558K(556544K)] 1679629K->1337212K(1954816K), 0.0210271 secs] [Times: user=0.16 sys=0.00, real=0.03 secs] 
2021-01-22T01:08:27.113+0800: 26.804: [GC (Allocation Failure) [PSYoungGen: 532254K->118962K(556032K)] 1750908K->1415533K(1954304K), 0.0260494 secs] [Times: user=0.19 sys=0.00, real=0.03 secs] 
2021-01-22T01:08:27.185+0800: 26.876: [GC (Allocation Failure) [PSYoungGen: 532658K->123622K(558592K)] 1829229K->1498133K(1956864K), 0.0220508 secs] [Times: user=0.17 sys=0.00, real=0.02 secs] 
2021-01-22T01:08:27.208+0800: 26.899: [Full GC (Ergonomics) [PSYoungGen: 123622K->0K(558592K)] [ParOldGen: 1374510K->373666K(1398272K)] 1498133K->373666K(1956864K), [Metaspace: 2817K->2817K(1056768K)], 0.0401498 secs] [Times: user=0.28 sys=0.01, real=0.05 secs] 
2021-01-22T01:08:27.292+0800: 26.983: [GC (Allocation Failure) [PSYoungGen: 416768K->124772K(557056K)] 790434K->498439K(1955328K), 0.0123522 secs] [Times: user=0.09 sys=0.00, real=0.01 secs] 
2021-01-22T01:08:27.353+0800: 27.044: [GC (Allocation Failure) [PSYoungGen: 541540K->117648K(560128K)] 915207K->575936K(1958400K), 0.0204615 secs] [Times: user=0.16 sys=0.00, real=0.02 secs] 
2021-01-22T01:08:27.421+0800: 27.112: [GC (Allocation Failure) [PSYoungGen: 539024K->125202K(560128K)] 997312K->655107K(1958400K), 0.0202139 secs] [Times: user=0.15 sys=0.00, real=0.02 secs] 
2021-01-22T01:08:27.488+0800: 27.179: [GC (Allocation Failure) [PSYoungGen: 546578K->126189K(561664K)] 1076483K->736447K(1959936K), 0.0212216 secs] [Times: user=0.13 sys=0.03, real=0.03 secs] 
2021-01-22T01:08:27.555+0800: 27.246: [GC (Allocation Failure) [PSYoungGen: 550125K->124420K(561152K)] 1160383K->818722K(1959424K), 0.0220364 secs] [Times: user=0.17 sys=0.00, real=0.02 secs] 
2021-01-22T01:08:27.625+0800: 27.316: [GC (Allocation Failure) [PSYoungGen: 548356K->117315K(562688K)] 1242658K->894139K(1960960K), 0.0242234 secs] [Times: user=0.19 sys=0.00, real=0.03 secs] 
2021-01-22T01:08:27.704+0800: 27.395: [GC (Allocation Failure) [PSYoungGen: 543811K->120746K(562688K)] 1320635K->974944K(1960960K), 0.0219110 secs] [Times: user=0.17 sys=0.00, real=0.02 secs] 
2021-01-22T01:08:27.777+0800: 27.469: [GC (Allocation Failure) [PSYoungGen: 547242K->125717K(563712K)] 1401440K->1059413K(1961984K), 0.0219127 secs] [Times: user=0.17 sys=0.00, real=0.03 secs] 
2021-01-22T01:08:27.851+0800: 27.542: [GC (Allocation Failure) [PSYoungGen: 554261K->127219K(563712K)] 1487957K->1141696K(1961984K), 0.0212167 secs] [Times: user=0.17 sys=0.00, real=0.02 secs] 
2021-01-22T01:08:27.922+0800: 27.613: [GC (Allocation Failure) [PSYoungGen: 555763K->124862K(564224K)] 1570240K->1226235K(1962496K), 0.0221413 secs] [Times: user=0.17 sys=0.00, real=0.02 secs] 
2021-01-22T01:08:27.989+0800: 27.680: [GC (Allocation Failure) [PSYoungGen: 553918K->128963K(563712K)] 1655291K->1313011K(1961984K), 0.0219739 secs] [Times: user=0.17 sys=0.00, real=0.02 secs] 
2021-01-22T01:08:28.057+0800: 27.749: [GC (Allocation Failure) [PSYoungGen: 558019K->125376K(564224K)] 1742067K->1391634K(1962496K), 0.0219690 secs] [Times: user=0.16 sys=0.01, real=0.03 secs] 
2021-01-22T01:08:28.127+0800: 27.818: [GC (Allocation Failure) [PSYoungGen: 554432K->123708K(563712K)] 1820690K->1473593K(1961984K), 0.0277699 secs] [Times: user=0.20 sys=0.00, real=0.03 secs] 
2021-01-22T01:08:28.156+0800: 27.847: [Full GC (Ergonomics) [PSYoungGen: 123708K->0K(563712K)] [ParOldGen: 1349885K->369046K(1398272K)] 1473593K->369046K(1961984K), [Metaspace: 2817K->2817K(1056768K)], 0.0394199 secs] [Times: user=0.29 sys=0.00, real=0.04 secs] 
2021-01-22T01:08:28.244+0800: 27.935: [GC (Allocation Failure) [PSYoungGen: 429056K->125234K(565760K)] 798102K->494280K(1964032K), 0.0133050 secs] [Times: user=0.09 sys=0.00, real=0.01 secs] 
2021-01-22T01:08:28.302+0800: 27.993: [GC (Allocation Failure) [PSYoungGen: 557362K->122120K(565248K)] 926408K->572511K(1963520K), 0.0206472 secs] [Times: user=0.15 sys=0.00, real=0.02 secs] 
2021-01-22T01:08:28.370+0800: 28.061: [GC (Allocation Failure) [PSYoungGen: 554248K->125010K(566784K)] 1004639K->654247K(1965056K), 0.0207205 secs] [Times: user=0.15 sys=0.00, real=0.02 secs] 
2021-01-22T01:08:28.444+0800: 28.135: [GC (Allocation Failure) [PSYoungGen: 559186K->128242K(566272K)] 1088423K->743042K(1964544K), 0.0220712 secs] [Times: user=0.17 sys=0.00, real=0.02 secs] 
2021-01-22T01:08:28.517+0800: 28.208: [GC (Allocation Failure) [PSYoungGen: 562418K->126824K(566272K)] 1177218K->826347K(1964544K), 0.0219661 secs] [Times: user=0.17 sys=0.00, real=0.03 secs] 
2021-01-22T01:08:28.589+0800: 28.280: [GC (Allocation Failure) [PSYoungGen: 560488K->122882K(566272K)] 1260011K->907865K(1964544K), 0.0212276 secs] [Times: user=0.17 sys=0.00, real=0.02 secs] 
2021-01-22T01:08:28.661+0800: 28.352: [GC (Allocation Failure) [PSYoungGen: 556546K->120903K(566784K)] 1341529K->984794K(1965056K), 0.0220674 secs] [Times: user=0.17 sys=0.00, real=0.02 secs] 
2021-01-22T01:08:28.735+0800: 28.426: [GC (Allocation Failure) [PSYoungGen: 555079K->117734K(566272K)] 1418970K->1058684K(1964544K), 0.0212666 secs] [Times: user=0.16 sys=0.00, real=0.02 secs] 
2021-01-22T01:08:28.813+0800: 28.504: [GC (Allocation Failure) [PSYoungGen: 551910K->125185K(566272K)] 1492860K->1138509K(1964544K), 0.0254014 secs] [Times: user=0.18 sys=0.02, real=0.03 secs] 
2021-01-22T01:08:28.890+0800: 28.582: [GC (Allocation Failure) [PSYoungGen: 558849K->120276K(566272K)] 1572173K->1215794K(1964544K), 0.0218185 secs] [Times: user=0.17 sys=0.00, real=0.02 secs] 
2021-01-22T01:08:28.960+0800: 28.651: [GC (Allocation Failure) [PSYoungGen: 553940K->119130K(566784K)] 1649458K->1294601K(1965056K), 0.0211264 secs] [Times: user=0.16 sys=0.00, real=0.02 secs] 
2021-01-22T01:08:29.029+0800: 28.720: [GC (Allocation Failure) [PSYoungGen: 553818K->129704K(564736K)] 1729289K->1379680K(1963008K), 0.0217630 secs] [Times: user=0.17 sys=0.00, real=0.02 secs] 
2021-01-22T01:08:29.100+0800: 28.791: [GC (Allocation Failure) [PSYoungGen: 564392K->120471K(565760K)] 1814368K->1458379K(1964032K), 0.0222099 secs] [Times: user=0.17 sys=0.00, real=0.02 secs] 
2021-01-22T01:08:29.123+0800: 28.814: [Full GC (Ergonomics) [PSYoungGen: 120471K->0K(565760K)] [ParOldGen: 1337907K->365497K(1398272K)] 1458379K->365497K(1964032K), [Metaspace: 2817K->2817K(1056768K)], 0.0500567 secs] [Times: user=0.34 sys=0.00, real=0.05 secs] 
2021-01-22T01:08:29.224+0800: 28.915: [GC (Allocation Failure) [PSYoungGen: 432128K->125365K(565248K)] 797625K->490862K(1963520K), 0.0133474 secs] [Times: user=0.10 sys=0.00, real=0.01 secs] 
2021-01-22T01:08:29.285+0800: 28.976: [GC (Allocation Failure) [PSYoungGen: 557493K->127417K(564736K)] 922990K->577096K(1963008K), 0.0215936 secs] [Times: user=0.16 sys=0.00, real=0.02 secs] 
2021-01-22T01:08:29.357+0800: 29.048: [GC (Allocation Failure) [PSYoungGen: 559033K->123935K(565248K)] 1008712K->655758K(1963520K), 0.0216349 secs] [Times: user=0.16 sys=0.01, real=0.03 secs] 
2021-01-22T01:08:29.433+0800: 29.125: [GC (Allocation Failure) [PSYoungGen: 555551K->122276K(566784K)] 1087374K->737791K(1965056K), 0.0211352 secs] [Times: user=0.16 sys=0.00, real=0.02 secs] 
2021-01-22T01:08:29.510+0800: 29.201: [GC (Allocation Failure) [PSYoungGen: 556452K->114931K(566272K)] 1171967K->810494K(1964544K), 0.0211003 secs] [Times: user=0.16 sys=0.00, real=0.02 secs] 
2021-01-22T01:08:29.583+0800: 29.274: [GC (Allocation Failure) [PSYoungGen: 549107K->120960K(566784K)] 1244670K->894802K(1965056K), 0.0214768 secs] [Times: user=0.16 sys=0.00, real=0.02 secs] 
2021-01-22T01:08:29.669+0800: 29.360: [GC (Allocation Failure) [PSYoungGen: 555136K->125755K(566272K)] 1328978K->983875K(1964544K), 0.0252735 secs] [Times: user=0.18 sys=0.00, real=0.02 secs] 
2021-01-22T01:08:29.748+0800: 29.440: [GC (Allocation Failure) [PSYoungGen: 559931K->132089K(561664K)] 1418051K->1075759K(1959936K), 0.0260774 secs] [Times: user=0.20 sys=0.00, real=0.02 secs] 
2021-01-22T01:08:29.822+0800: 29.513: [GC (Allocation Failure) [PSYoungGen: 561657K->125983K(564224K)] 1505327K->1161037K(1962496K), 0.0231883 secs] [Times: user=0.18 sys=0.00, real=0.02 secs] 
2021-01-22T01:08:29.894+0800: 29.585: [GC (Allocation Failure) [PSYoungGen: 555551K->122594K(565248K)] 1590605K->1244301K(1963520K), 0.0224106 secs] [Times: user=0.17 sys=0.00, real=0.02 secs] 
2021-01-22T01:08:29.971+0800: 29.662: [GC (Allocation Failure) [PSYoungGen: 553186K->115083K(564224K)] 1674893K->1323065K(1962496K), 0.0237485 secs] [Times: user=0.18 sys=0.00, real=0.02 secs] 
2021-01-22T01:08:30.045+0800: 29.736: [GC (Allocation Failure) [PSYoungGen: 545675K->129108K(561664K)] 1753657K->1410643K(1959936K), 0.0225212 secs] [Times: user=0.18 sys=0.00, real=0.02 secs] 
2021-01-22T01:08:30.113+0800: 29.804: [GC (Allocation Failure) [PSYoungGen: 556443K->116128K(563200K)] 1837978K->1488565K(1961472K), 0.0219333 secs] [Times: user=0.17 sys=0.00, real=0.02 secs] 
2021-01-22T01:08:30.136+0800: 29.827: [Full GC (Ergonomics) [PSYoungGen: 116128K->0K(563200K)] [ParOldGen: 1372437K->376784K(1398272K)] 1488565K->376784K(1961472K), [Metaspace: 2817K->2817K(1056768K)], 0.0501304 secs] [Times: user=0.37 sys=0.00, real=0.05 secs] 
2021-01-22T01:08:30.230+0800: 29.921: [GC (Allocation Failure) [PSYoungGen: 427520K->122621K(564736K)] 804304K->499406K(1963008K), 0.0133036 secs] [Times: user=0.10 sys=0.00, real=0.01 secs] 
2021-01-22T01:08:30.296+0800: 29.987: [GC (Allocation Failure) [PSYoungGen: 551677K->122618K(563200K)] 928462K->582565K(1961472K), 0.0208200 secs] [Times: user=0.16 sys=0.00, real=0.02 secs] 
2021-01-22T01:08:30.365+0800: 30.056: [GC (Allocation Failure) [PSYoungGen: 551674K->122442K(566272K)] 1011621K->670748K(1964544K), 0.0212102 secs] [Times: user=0.16 sys=0.00, real=0.02 secs] 
2021-01-22T01:08:30.434+0800: 30.125: [GC (Allocation Failure) [PSYoungGen: 555594K->129496K(562688K)] 1103900K->758663K(1960960K), 0.0220531 secs] [Times: user=0.17 sys=0.00, real=0.02 secs] 
2021-01-22T01:08:30.503+0800: 30.194: [GC (Allocation Failure) [PSYoungGen: 562648K->125934K(565248K)] 1191815K->845890K(1963520K), 0.0220679 secs] [Times: user=0.17 sys=0.00, real=0.02 secs] 
2021-01-22T01:08:30.573+0800: 30.264: [GC (Allocation Failure) [PSYoungGen: 557038K->124141K(564736K)] 1276994K->932727K(1963008K), 0.0213287 secs] [Times: user=0.16 sys=0.00, real=0.02 secs] 
2021-01-22T01:08:30.642+0800: 30.333: [GC (Allocation Failure) [PSYoungGen: 555245K->121343K(566272K)] 1363831K->1011060K(1964544K), 0.0205203 secs] [Times: user=0.16 sys=0.00, real=0.02 secs] 
2021-01-22T01:08:30.715+0800: 30.406: [GC (Allocation Failure) [PSYoungGen: 554495K->132124K(565760K)] 1444212K->1103559K(1964032K), 0.0222298 secs] [Times: user=0.16 sys=0.00, real=0.02 secs] 
2021-01-22T01:08:30.785+0800: 30.476: [GC (Allocation Failure) [PSYoungGen: 565276K->128001K(561664K)] 1536711K->1190611K(1959936K), 0.0222830 secs] [Times: user=0.17 sys=0.00, real=0.02 secs] 
2021-01-22T01:08:30.854+0800: 30.545: [GC (Allocation Failure) [PSYoungGen: 556336K->114929K(543744K)] 1618946K->1260828K(1942016K), 0.0210688 secs] [Times: user=0.16 sys=0.00, real=0.02 secs] 
2021-01-22T01:08:30.922+0800: 30.613: [GC (Allocation Failure) [PSYoungGen: 543473K->125350K(563712K)] 1689372K->1343978K(1961984K), 0.0209366 secs] [Times: user=0.16 sys=0.00, real=0.02 secs] 
2021-01-22T01:08:30.992+0800: 30.683: [GC (Allocation Failure) [PSYoungGen: 553382K->123087K(563200K)] 1772010K->1431751K(1961472K), 0.0222419 secs] [Times: user=0.17 sys=0.00, real=0.02 secs] 
2021-01-22T01:08:31.015+0800: 30.706: [Full GC (Ergonomics) [PSYoungGen: 123087K->0K(563200K)] [ParOldGen: 1308663K->379579K(1398272K)] 1431751K->379579K(1961472K), [Metaspace: 2817K->2817K(1056768K)], 0.0413713 secs] [Times: user=0.30 sys=0.00, real=0.04 secs] 
2021-01-22T01:08:31.108+0800: 30.799: [GC (Allocation Failure) [PSYoungGen: 428032K->122940K(565760K)] 807611K->502519K(1964032K), 0.0146777 secs] [Times: user=0.10 sys=0.00, real=0.01 secs] 
2021-01-22T01:08:31.174+0800: 30.865: [GC (Allocation Failure) [PSYoungGen: 554556K->119723K(564736K)] 934135K->577345K(1963008K), 0.0264567 secs] [Times: user=0.19 sys=0.00, real=0.03 secs] 
2021-01-22T01:08:31.250+0800: 30.941: [GC (Allocation Failure) [PSYoungGen: 551339K->119955K(566272K)] 1008961K->652947K(1964544K), 0.0197498 secs] [Times: user=0.15 sys=0.00, real=0.02 secs] 
2021-01-22T01:08:31.319+0800: 31.010: [GC (Allocation Failure) [PSYoungGen: 553107K->129870K(563200K)] 1086099K->742948K(1961472K), 0.0210783 secs] [Times: user=0.16 sys=0.00, real=0.02 secs] 
2021-01-22T01:08:31.388+0800: 31.079: [GC (Allocation Failure) [PSYoungGen: 563022K->123878K(565760K)] 1176100K->818846K(1964032K), 0.0208110 secs] [Times: user=0.14 sys=0.01, real=0.03 secs] 
2021-01-22T01:08:31.458+0800: 31.149: [GC (Allocation Failure) [PSYoungGen: 554911K->123121K(564736K)] 1249879K->899884K(1963008K), 0.0208450 secs] [Times: user=0.16 sys=0.00, real=0.02 secs] 
2021-01-22T01:08:31.527+0800: 31.218: [GC (Allocation Failure) [PSYoungGen: 554737K->122607K(566784K)] 1331500K->980612K(1965056K), 0.0207670 secs] [Times: user=0.16 sys=0.00, real=0.02 secs] 
2021-01-22T01:08:31.597+0800: 31.288: [GC (Allocation Failure) [PSYoungGen: 556783K->128927K(563200K)] 1414788K->1067066K(1961472K), 0.0213289 secs] [Times: user=0.16 sys=0.00, real=0.03 secs] 
2021-01-22T01:08:31.666+0800: 31.357: [GC (Allocation Failure) [PSYoungGen: 563103K->119509K(565760K)] 1501242K->1146450K(1964032K), 0.0214519 secs] [Times: user=0.16 sys=0.00, real=0.02 secs] 
2021-01-22T01:08:31.735+0800: 31.426: [GC (Allocation Failure) [PSYoungGen: 552149K->130007K(562688K)] 1579090K->1236894K(1960960K), 0.0220983 secs] [Times: user=0.16 sys=0.00, real=0.02 secs] 
2021-01-22T01:08:31.803+0800: 31.494: [GC (Allocation Failure) [PSYoungGen: 562647K->121781K(565248K)] 1669534K->1316465K(1963520K), 0.0219147 secs] [Times: user=0.17 sys=0.00, real=0.02 secs] 
2021-01-22T01:08:31.875+0800: 31.566: [GC (Allocation Failure) [PSYoungGen: 552885K->123295K(564736K)] 1747569K->1403339K(1963008K), 0.0216752 secs] [Times: user=0.16 sys=0.00, real=0.02 secs] 
2021-01-22T01:08:31.942+0800: 31.633: [GC (Allocation Failure) [PSYoungGen: 554211K->133119K(497152K)] 1834255K->1499448K(1895424K), 0.0234194 secs] [Times: user=0.17 sys=0.00, real=0.02 secs] 
2021-01-22T01:08:31.967+0800: 31.658: [Full GC (Ergonomics) [PSYoungGen: 133119K->0K(497152K)] [ParOldGen: 1366329K->389336K(1398272K)] 1499448K->389336K(1895424K), [Metaspace: 2817K->2817K(1056768K)], 0.0435706 secs] [Times: user=0.31 sys=0.01, real=0.05 secs] 
2021-01-22T01:08:32.052+0800: 31.743: [GC (Allocation Failure) [PSYoungGen: 363576K->111649K(476160K)] 752913K->500986K(1874432K), 0.0118664 secs] [Times: user=0.08 sys=0.00, real=0.01 secs] 
2021-01-22T01:08:32.102+0800: 31.793: [GC (Allocation Failure) [PSYoungGen: 475681K->110656K(531456K)] 865018K->579365K(1929728K), 0.0187066 secs] [Times: user=0.15 sys=0.00, real=0.02 secs] 
2021-01-22T01:08:32.162+0800: 31.853: [GC (Allocation Failure) [PSYoungGen: 474176K->106452K(530944K)] 942885K->652738K(1929216K), 0.0191809 secs] [Times: user=0.14 sys=0.00, real=0.02 secs] 
2021-01-22T01:08:32.227+0800: 31.918: [GC (Allocation Failure) [PSYoungGen: 469817K->107969K(531968K)] 1016103K->731639K(1930240K), 0.0203420 secs] [Times: user=0.15 sys=0.00, real=0.02 secs] 
2021-01-22T01:08:32.292+0800: 31.983: [GC (Allocation Failure) [PSYoungGen: 472001K->113441K(530944K)] 1095671K->806324K(1929216K), 0.0210506 secs] [Times: user=0.16 sys=0.00, real=0.02 secs] 
2021-01-22T01:08:32.355+0800: 32.046: [GC (Allocation Failure) [PSYoungGen: 477473K->107691K(535552K)] 1170356K->886092K(1933824K), 0.0266343 secs] [Times: user=0.20 sys=0.00, real=0.03 secs] 
2021-01-22T01:08:32.432+0800: 32.123: [GC (Allocation Failure) [PSYoungGen: 478379K->113081K(534016K)] 1256780K->972756K(1932288K), 0.0205376 secs] [Times: user=0.16 sys=0.00, real=0.02 secs] 
2021-01-22T01:08:32.496+0800: 32.187: [GC (Allocation Failure) [PSYoungGen: 483769K->111260K(540160K)] 1343444K->1051597K(1938432K), 0.0208241 secs] [Times: user=0.14 sys=0.02, real=0.02 secs] 
2021-01-22T01:08:32.557+0800: 32.248: [GC (Allocation Failure) [PSYoungGen: 490652K->114206K(538112K)] 1430989K->1127472K(1936384K), 0.0204171 secs] [Times: user=0.16 sys=0.00, real=0.02 secs] 
2021-01-22T01:08:32.625+0800: 32.316: [GC (Allocation Failure) [PSYoungGen: 493598K->112280K(545280K)] 1506864K->1198442K(1943552K), 0.0199988 secs] [Times: user=0.14 sys=0.00, real=0.02 secs] 
2021-01-22T01:08:32.690+0800: 32.381: [GC (Allocation Failure) [PSYoungGen: 501400K->101520K(542720K)] 1587562K->1267658K(1940992K), 0.0253027 secs] [Times: user=0.18 sys=0.00, real=0.02 secs] 
2021-01-22T01:08:32.760+0800: 32.451: [GC (Allocation Failure) [PSYoungGen: 490640K->118583K(548864K)] 1656778K->1352757K(1947136K), 0.0255012 secs] [Times: user=0.20 sys=0.00, real=0.02 secs] 
2021-01-22T01:08:32.828+0800: 32.519: [GC (Allocation Failure) [PSYoungGen: 514359K->115111K(545792K)] 1748533K->1427966K(1944064K), 0.0223480 secs] [Times: user=0.16 sys=0.01, real=0.03 secs] 
2021-01-22T01:08:32.851+0800: 32.542: [Full GC (Ergonomics) [PSYoungGen: 115111K->0K(545792K)] [ParOldGen: 1312854K->352545K(1398272K)] 1427966K->352545K(1944064K), [Metaspace: 2817K->2817K(1056768K)], 0.0458716 secs] [Times: user=0.34 sys=0.00, real=0.04 secs] 
2021-01-22T01:08:32.942+0800: 32.633: [GC (Allocation Failure) [PSYoungGen: 395776K->118087K(554496K)] 748321K->470633K(1952768K), 0.0144680 secs] [Times: user=0.11 sys=0.00, real=0.01 secs] 
2021-01-22T01:08:33.001+0800: 32.692: [GC (Allocation Failure) [PSYoungGen: 525127K->112271K(551424K)] 877673K->549059K(1949696K), 0.0208023 secs] [Times: user=0.16 sys=0.00, real=0.02 secs] 
2021-01-22T01:08:33.068+0800: 32.759: [GC (Allocation Failure) [PSYoungGen: 519311K->120386K(557568K)] 956099K->629510K(1955840K), 0.0193854 secs] [Times: user=0.13 sys=0.01, real=0.02 secs] 
2021-01-22T01:08:33.132+0800: 32.823: [GC (Allocation Failure) [PSYoungGen: 535106K->127701K(556032K)] 1044230K->713741K(1954304K), 0.0207288 secs] [Times: user=0.16 sys=0.00, real=0.02 secs] 
2021-01-22T01:08:33.200+0800: 32.891: [GC (Allocation Failure) [PSYoungGen: 542421K->128526K(552960K)] 1128461K->805013K(1951232K), 0.0279658 secs] [Times: user=0.19 sys=0.01, real=0.03 secs] 
2021-01-22T01:08:33.275+0800: 32.966: [GC (Allocation Failure) [PSYoungGen: 538638K->119297K(554496K)] 1215125K->889991K(1952768K), 0.0212298 secs] [Times: user=0.16 sys=0.00, real=0.02 secs] 
2021-01-22T01:08:33.345+0800: 33.036: [GC (Allocation Failure) [PSYoungGen: 529409K->116475K(558592K)] 1300103K->968450K(1956864K), 0.0226275 secs] [Times: user=0.17 sys=0.00, real=0.02 secs] 
2021-01-22T01:08:33.420+0800: 33.111: [GC (Allocation Failure) [PSYoungGen: 533243K->115597K(557056K)] 1385218K->1045793K(1955328K), 0.0203110 secs] [Times: user=0.15 sys=0.00, real=0.02 secs] 
2021-01-22T01:08:33.485+0800: 33.176: [GC (Allocation Failure) [PSYoungGen: 532365K->119526K(561664K)] 1462561K->1127581K(1959936K), 0.0201297 secs] [Times: user=0.15 sys=0.00, real=0.02 secs] 
2021-01-22T01:08:33.552+0800: 33.243: [GC (Allocation Failure) [PSYoungGen: 542438K->125376K(560128K)] 1550493K->1212647K(1958400K), 0.0212505 secs] [Times: user=0.16 sys=0.00, real=0.02 secs] 
2021-01-22T01:08:33.617+0800: 33.308: [GC (Allocation Failure) [PSYoungGen: 548288K->122302K(562176K)] 1635559K->1298936K(1960448K), 0.0217635 secs] [Times: user=0.16 sys=0.01, real=0.03 secs] 
2021-01-22T01:08:33.684+0800: 33.375: [GC (Allocation Failure) [PSYoungGen: 546750K->129326K(553984K)] 1723384K->1385413K(1952256K), 0.0220731 secs] [Times: user=0.17 sys=0.00, real=0.02 secs] 
2021-01-22T01:08:33.754+0800: 33.445: [GC (Allocation Failure) [PSYoungGen: 553774K->121403K(561664K)] 1809861K->1465009K(1959936K), 0.0234072 secs] [Times: user=0.17 sys=0.00, real=0.02 secs] 
2021-01-22T01:08:33.778+0800: 33.469: [Full GC (Ergonomics) [PSYoungGen: 121403K->0K(561664K)] [ParOldGen: 1343606K->380551K(1398272K)] 1465009K->380551K(1959936K), [Metaspace: 2817K->2817K(1056768K)], 0.0474808 secs] [Times: user=0.35 sys=0.00, real=0.04 secs] 
2021-01-22T01:08:33.877+0800: 33.568: [GC (Allocation Failure) [PSYoungGen: 422912K->125668K(560128K)] 803463K->506219K(1958400K), 0.0139302 secs] [Times: user=0.10 sys=0.00, real=0.02 secs] 
2021-01-22T01:08:33.943+0800: 33.634: [GC (Allocation Failure) [PSYoungGen: 548580K->117914K(562176K)] 929131K->585574K(1960448K), 0.0205256 secs] [Times: user=0.16 sys=0.00, real=0.02 secs] 
2021-01-22T01:08:34.015+0800: 33.706: [GC (Allocation Failure) [PSYoungGen: 542362K->129522K(553984K)] 1010022K->674132K(1952256K), 0.0213500 secs] [Times: user=0.16 sys=0.00, real=0.02 secs] 
2021-01-22T01:08:34.083+0800: 33.774: [GC (Allocation Failure) [PSYoungGen: 553970K->126825K(560640K)] 1098580K->751983K(1958912K), 0.0213165 secs] [Times: user=0.16 sys=0.00, real=0.02 secs] 
2021-01-22T01:08:34.150+0800: 33.841: [GC (Allocation Failure) [PSYoungGen: 549225K->132381K(555008K)] 1174383K->837990K(1953280K), 0.0213793 secs] [Times: user=0.16 sys=0.00, real=0.02 secs] 
2021-01-22T01:08:34.219+0800: 33.910: [GC (Allocation Failure) [PSYoungGen: 554781K->131410K(556032K)] 1260390K->926586K(1954304K), 0.0285215 secs] [Times: user=0.20 sys=0.00, real=0.02 secs] 
2021-01-22T01:08:34.294+0800: 33.985: [GC (Allocation Failure) [PSYoungGen: 546642K->116599K(557056K)] 1341818K->1001358K(1955328K), 0.0212012 secs] [Times: user=0.16 sys=0.00, real=0.02 secs] 
2021-01-22T01:08:34.363+0800: 34.054: [GC (Allocation Failure) [PSYoungGen: 531831K->127114K(558080K)] 1416590K->1085419K(1956352K), 0.0209566 secs] [Times: user=0.16 sys=0.00, real=0.02 secs] 
2021-01-22T01:08:34.434+0800: 34.125: [GC (Allocation Failure) [PSYoungGen: 543882K->127173K(557568K)] 1502187K->1169952K(1955840K), 0.0262751 secs] [Times: user=0.20 sys=0.00, real=0.03 secs] 
2021-01-22T01:08:34.512+0800: 34.203: [GC (Allocation Failure) [PSYoungGen: 543941K->112233K(558080K)] 1586720K->1243813K(1956352K), 0.0212099 secs] [Times: user=0.16 sys=0.00, real=0.02 secs] 
2021-01-22T01:08:34.580+0800: 34.271: [GC (Allocation Failure) [PSYoungGen: 529513K->120789K(558080K)] 1661093K->1327994K(1956352K), 0.0206042 secs] [Times: user=0.15 sys=0.00, real=0.02 secs] 
2021-01-22T01:08:34.646+0800: 34.337: [GC (Allocation Failure) [PSYoungGen: 538049K->116038K(560128K)] 1745254K->1404024K(1958400K), 0.0216166 secs] [Times: user=0.16 sys=0.00, real=0.02 secs] 
2021-01-22T01:08:34.715+0800: 34.406: [GC (Allocation Failure) [PSYoungGen: 536390K->129062K(559104K)] 1824376K->1494441K(1957376K), 0.0219198 secs] [Times: user=0.17 sys=0.00, real=0.02 secs] 
2021-01-22T01:08:34.738+0800: 34.429: [Full GC (Ergonomics) [PSYoungGen: 129062K->0K(559104K)] [ParOldGen: 1365379K->370456K(1398272K)] 1494441K->370456K(1957376K), [Metaspace: 2817K->2817K(1056768K)], 0.0423724 secs] [Times: user=0.30 sys=0.00, real=0.05 secs] 
2021-01-22T01:08:34.828+0800: 34.519: [GC (Allocation Failure) [PSYoungGen: 420352K->115862K(559616K)] 790808K->486319K(1957888K), 0.0124123 secs] [Times: user=0.09 sys=0.01, real=0.02 secs] 
2021-01-22T01:08:34.885+0800: 34.576: [GC (Allocation Failure) [PSYoungGen: 535702K->116946K(559104K)] 906159K->565280K(1957376K), 0.0201160 secs] [Times: user=0.15 sys=0.00, real=0.02 secs] 
2021-01-22T01:08:34.953+0800: 34.644: [GC (Allocation Failure) [PSYoungGen: 536786K->116107K(561152K)] 985120K->641993K(1959424K), 0.0225344 secs] [Times: user=0.17 sys=0.00, real=0.02 secs] 
2021-01-22T01:08:35.027+0800: 34.718: [GC (Allocation Failure) [PSYoungGen: 538507K->121444K(560128K)] 1064393K->724792K(1958400K), 0.0209482 secs] [Times: user=0.14 sys=0.02, real=0.03 secs] 
2021-01-22T01:08:35.100+0800: 34.791: [GC (Allocation Failure) [PSYoungGen: 543844K->113047K(562688K)] 1147192K->801222K(1960960K), 0.0199777 secs] [Times: user=0.16 sys=0.00, real=0.02 secs] 
2021-01-22T01:08:35.164+0800: 34.855: [GC (Allocation Failure) [PSYoungGen: 539543K->120727K(562688K)] 1227718K->883703K(1960960K), 0.0194328 secs] [Times: user=0.15 sys=0.00, real=0.02 secs] 
2021-01-22T01:08:35.230+0800: 34.921: [GC (Allocation Failure) [PSYoungGen: 546726K->118815K(565248K)] 1309703K->958191K(1963520K), 0.0277697 secs] [Times: user=0.20 sys=0.00, real=0.03 secs] 
2021-01-22T01:08:35.305+0800: 34.996: [GC (Allocation Failure) [PSYoungGen: 549407K->126204K(564224K)] 1388783K->1042952K(1962496K), 0.0207254 secs] [Times: user=0.16 sys=0.00, real=0.02 secs] 
2021-01-22T01:08:35.375+0800: 35.067: [GC (Allocation Failure) [PSYoungGen: 556796K->119574K(565760K)] 1473544K->1122912K(1964032K), 0.0217097 secs] [Times: user=0.16 sys=0.00, real=0.02 secs] 
2021-01-22T01:08:35.445+0800: 35.136: [GC (Allocation Failure) [PSYoungGen: 550678K->128546K(560128K)] 1554016K->1210699K(1958400K), 0.0214081 secs] [Times: user=0.16 sys=0.00, real=0.02 secs] 
2021-01-22T01:08:35.514+0800: 35.205: [GC (Allocation Failure) [PSYoungGen: 559650K->125760K(563712K)] 1641803K->1298386K(1961984K), 0.0223176 secs] [Times: user=0.17 sys=0.00, real=0.02 secs] 
2021-01-22T01:08:35.586+0800: 35.277: [GC (Allocation Failure) [PSYoungGen: 554304K->122743K(563712K)] 1726930K->1378035K(1961984K), 0.0245177 secs] [Times: user=0.19 sys=0.00, real=0.03 secs] 
2021-01-22T01:08:35.660+0800: 35.351: [GC (Allocation Failure) [PSYoungGen: 551287K->132981K(558592K)] 1806579K->1471728K(1956864K), 0.0234334 secs] [Times: user=0.18 sys=0.00, real=0.02 secs] 
2021-01-22T01:08:35.684+0800: 35.375: [Full GC (Ergonomics) [PSYoungGen: 132981K->0K(558592K)] [ParOldGen: 1338746K->385592K(1398272K)] 1471728K->385592K(1956864K), [Metaspace: 2817K->2817K(1056768K)], 0.0443973 secs] [Times: user=0.30 sys=0.02, real=0.05 secs] 
2021-01-22T01:08:35.771+0800: 35.462: [GC (Allocation Failure) [PSYoungGen: 424448K->130651K(555520K)] 810040K->516244K(1953792K), 0.0131949 secs] [Times: user=0.10 sys=0.00, real=0.01 secs] 
2021-01-22T01:08:35.832+0800: 35.523: [GC (Allocation Failure) [PSYoungGen: 555099K->130208K(558080K)] 940692K->608912K(1956352K), 0.0219783 secs] [Times: user=0.17 sys=0.00, real=0.02 secs] 
2021-01-22T01:08:35.900+0800: 35.591: [GC (Allocation Failure) [PSYoungGen: 549536K->126571K(559104K)] 1028240K->687295K(1957376K), 0.0207137 secs] [Times: user=0.15 sys=0.00, real=0.02 secs] 
2021-01-22T01:08:35.967+0800: 35.658: [GC (Allocation Failure) [PSYoungGen: 545899K->122213K(561152K)] 1106623K->762511K(1959424K), 0.0204157 secs] [Times: user=0.15 sys=0.00, real=0.02 secs] 
2021-01-22T01:08:36.035+0800: 35.727: [GC (Allocation Failure) [PSYoungGen: 544613K->123642K(560128K)] 1184911K->845390K(1958400K), 0.0217548 secs] [Times: user=0.16 sys=0.00, real=0.02 secs] 
2021-01-22T01:08:36.105+0800: 35.796: [GC (Allocation Failure) [PSYoungGen: 546042K->122893K(563200K)] 1267790K->926611K(1961472K), 0.0208815 secs] [Times: user=0.16 sys=0.00, real=0.02 secs] 
2021-01-22T01:08:36.174+0800: 35.865: [GC (Allocation Failure) [PSYoungGen: 549389K->132076K(558592K)] 1353107K->1017775K(1956864K), 0.0215874 secs] [Times: user=0.16 sys=0.00, real=0.02 secs] 
2021-01-22T01:08:36.244+0800: 35.936: [GC (Allocation Failure) [PSYoungGen: 558572K->121654K(562176K)] 1444271K->1100484K(1960448K), 0.0287679 secs] [Times: user=0.21 sys=0.00, real=0.03 secs] 
2021-01-22T01:08:36.317+0800: 36.008: [GC (Allocation Failure) [PSYoungGen: 546102K->136680K(561152K)] 1524932K->1198451K(1959424K), 0.0224519 secs] [Times: user=0.17 sys=0.00, real=0.03 secs] 
2021-01-22T01:08:36.389+0800: 36.080: [GC (Allocation Failure) [PSYoungGen: 561128K->119601K(557056K)] 1622899K->1275463K(1955328K), 0.0222775 secs] [Times: user=0.17 sys=0.00, real=0.02 secs] 
2021-01-22T01:08:36.455+0800: 36.146: [GC (Allocation Failure) [PSYoungGen: 538929K->125643K(559104K)] 1694791K->1363760K(1957376K), 0.0217396 secs] [Times: user=0.17 sys=0.00, real=0.02 secs] 
2021-01-22T01:08:36.522+0800: 36.213: [GC (Allocation Failure) [PSYoungGen: 544971K->127041K(561152K)] 1783088K->1449939K(1959424K), 0.0227546 secs] [Times: user=0.18 sys=0.00, real=0.02 secs] 
2021-01-22T01:08:36.545+0800: 36.236: [Full GC (Ergonomics) [PSYoungGen: 127041K->0K(561152K)] [ParOldGen: 1322897K->396381K(1398272K)] 1449939K->396381K(1959424K), [Metaspace: 2817K->2817K(1056768K)], 0.0423905 secs] [Times: user=0.30 sys=0.00, real=0.04 secs] 
2021-01-22T01:08:36.634+0800: 36.325: [GC (Allocation Failure) [PSYoungGen: 422912K->129423K(560640K)] 819293K->525804K(1958912K), 0.0131763 secs] [Times: user=0.10 sys=0.00, real=0.01 secs] 
2021-01-22T01:08:36.694+0800: 36.385: [GC (Allocation Failure) [PSYoungGen: 552335K->129162K(560640K)] 948716K->610605K(1958912K), 0.0220156 secs] [Times: user=0.16 sys=0.00, real=0.02 secs] 
2021-01-22T01:08:36.766+0800: 36.457: [GC (Allocation Failure) [PSYoungGen: 551562K->124450K(560640K)] 1033005K->691999K(1958912K), 0.0243033 secs] [Times: user=0.19 sys=0.00, real=0.03 secs] 
2021-01-22T01:08:36.841+0800: 36.532: [GC (Allocation Failure) [PSYoungGen: 546850K->130950K(559616K)] 1114399K->781820K(1957888K), 0.0216025 secs] [Times: user=0.16 sys=0.00, real=0.02 secs] 
2021-01-22T01:08:36.908+0800: 36.599: [GC (Allocation Failure) [PSYoungGen: 553350K->123282K(560640K)] 1204220K->863825K(1958912K), 0.0216522 secs] [Times: user=0.16 sys=0.00, real=0.02 secs] 
2021-01-22T01:08:36.976+0800: 36.667: [GC (Allocation Failure) [PSYoungGen: 545682K->121814K(561664K)] 1286225K->949469K(1959936K), 0.0226851 secs] [Times: user=0.17 sys=0.00, real=0.03 secs] 
2021-01-22T01:08:37.047+0800: 36.738: [GC (Allocation Failure) [PSYoungGen: 546262K->119299K(561664K)] 1373917K->1031314K(1959936K), 0.0217378 secs] [Times: user=0.16 sys=0.00, real=0.03 secs] 
2021-01-22T01:08:37.115+0800: 36.806: [GC (Allocation Failure) [PSYoungGen: 543747K->122509K(562688K)] 1455762K->1114597K(1960960K), 0.0208052 secs] [Times: user=0.16 sys=0.00, real=0.02 secs] 
2021-01-22T01:08:37.185+0800: 36.876: [GC (Allocation Failure) [PSYoungGen: 547981K->126492K(561664K)] 1540069K->1199365K(1959936K), 0.0220374 secs] [Times: user=0.16 sys=0.00, real=0.02 secs] 
2021-01-22T01:08:37.252+0800: 36.943: [GC (Allocation Failure) [PSYoungGen: 551964K->128600K(562176K)] 1624837K->1286165K(1960448K), 0.0302981 secs] [Times: user=0.22 sys=0.00, real=0.03 secs] 
2021-01-22T01:08:37.330+0800: 37.021: [GC (Allocation Failure) [PSYoungGen: 555096K->123830K(562688K)] 1712661K->1367390K(1960960K), 0.0220181 secs] [Times: user=0.17 sys=0.00, real=0.02 secs] 
2021-01-22T01:08:37.398+0800: 37.089: [GC (Allocation Failure) [PSYoungGen: 550326K->125348K(564736K)] 1793886K->1447222K(1963008K), 0.0214841 secs] [Times: user=0.17 sys=0.00, real=0.03 secs] 
2021-01-22T01:08:37.420+0800: 37.111: [Full GC (Ergonomics) [PSYoungGen: 125348K->0K(564736K)] [ParOldGen: 1321873K->364246K(1398272K)] 1447222K->364246K(1963008K), [Metaspace: 2817K->2817K(1056768K)], 0.0398759 secs] [Times: user=0.28 sys=0.01, real=0.04 secs] 
2021-01-22T01:08:37.509+0800: 37.200: [GC (Allocation Failure) [PSYoungGen: 429568K->130524K(560128K)] 793814K->494770K(1958400K), 0.0130558 secs] [Times: user=0.10 sys=0.00, real=0.01 secs] 
2021-01-22T01:08:37.568+0800: 37.259: [GC (Allocation Failure) [PSYoungGen: 560092K->127319K(563712K)] 924338K->569632K(1961984K), 0.0209077 secs] [Times: user=0.15 sys=0.01, real=0.03 secs] 
2021-01-22T01:08:37.636+0800: 37.327: [GC (Allocation Failure) [PSYoungGen: 555351K->123727K(563200K)] 997664K->654294K(1961472K), 0.0210797 secs] [Times: user=0.17 sys=0.00, real=0.02 secs] 
2021-01-22T01:08:37.703+0800: 37.394: [GC (Allocation Failure) [PSYoungGen: 551759K->130850K(562176K)] 1082326K->745768K(1960448K), 0.0212712 secs] [Times: user=0.17 sys=0.00, real=0.02 secs] 
2021-01-22T01:08:37.769+0800: 37.460: [GC (Allocation Failure) [PSYoungGen: 558370K->124685K(563200K)] 1173288K->831578K(1961472K), 0.0216583 secs] [Times: user=0.17 sys=0.00, real=0.02 secs] 
2021-01-22T01:08:37.838+0800: 37.529: [GC (Allocation Failure) [PSYoungGen: 552205K->119644K(563712K)] 1259098K->910848K(1961984K), 0.0251845 secs] [Times: user=0.20 sys=0.00, real=0.02 secs] 
2021-01-22T01:08:37.915+0800: 37.606: [GC (Allocation Failure) [PSYoungGen: 548188K->118167K(546816K)] 1339392K->987524K(1945088K), 0.0216995 secs] [Times: user=0.16 sys=0.00, real=0.02 secs] 
2021-01-22T01:08:37.990+0800: 37.681: [GC (Allocation Failure) [PSYoungGen: 546711K->128747K(563200K)] 1416068K->1067703K(1961472K), 0.0228561 secs] [Times: user=0.17 sys=0.00, real=0.02 secs] 
2021-01-22T01:08:38.066+0800: 37.757: [GC (Allocation Failure) [PSYoungGen: 556078K->123830K(563200K)] 1495034K->1141808K(1961472K), 0.0209585 secs] [Times: user=0.16 sys=0.00, real=0.02 secs] 
2021-01-22T01:08:38.132+0800: 37.823: [GC (Allocation Failure) [PSYoungGen: 551350K->114770K(562688K)] 1569328K->1217431K(1960960K), 0.0208148 secs] [Times: user=0.16 sys=0.00, real=0.02 secs] 
2021-01-22T01:08:38.202+0800: 37.893: [GC (Allocation Failure) [PSYoungGen: 542290K->127216K(563200K)] 1644951K->1306699K(1961472K), 0.0214873 secs] [Times: user=0.16 sys=0.00, real=0.02 secs] 
2021-01-22T01:08:38.267+0800: 37.958: [GC (Allocation Failure) [PSYoungGen: 554435K->131585K(560128K)] 1733918K->1398523K(1958400K), 0.0283354 secs] [Times: user=0.21 sys=0.00, real=0.03 secs] 
2021-01-22T01:08:38.343+0800: 38.034: [GC (Allocation Failure) [PSYoungGen: 556033K->123395K(561664K)] 1822971K->1482197K(1959936K), 0.0220133 secs] [Times: user=0.17 sys=0.00, real=0.02 secs] 
2021-01-22T01:08:38.365+0800: 38.056: [Full GC (Ergonomics) [PSYoungGen: 123395K->0K(561664K)] [ParOldGen: 1358802K->372194K(1398272K)] 1482197K->372194K(1959936K), [Metaspace: 2817K->2817K(1056768K)], 0.0401513 secs] [Times: user=0.29 sys=0.00, real=0.04 secs] 
2021-01-22T01:08:38.451+0800: 38.142: [GC (Allocation Failure) [PSYoungGen: 424448K->121081K(562688K)] 796642K->493275K(1960960K), 0.0125192 secs] [Times: user=0.10 sys=0.00, real=0.01 secs] 
2021-01-22T01:08:38.509+0800: 38.200: [GC (Allocation Failure) [PSYoungGen: 546802K->128770K(562176K)] 918996K->578857K(1960448K), 0.0203451 secs] [Times: user=0.16 sys=0.00, real=0.02 secs] 
2021-01-22T01:08:38.574+0800: 38.265: [GC (Allocation Failure) [PSYoungGen: 554754K->131787K(560128K)] 1004841K->665605K(1958400K), 0.0213807 secs] [Times: user=0.17 sys=0.00, real=0.02 secs] 
2021-01-22T01:08:38.645+0800: 38.336: [GC (Allocation Failure) [PSYoungGen: 555089K->116296K(540160K)] 1088907K->739051K(1938432K), 0.0213276 secs] [Times: user=0.17 sys=0.00, real=0.02 secs] 
2021-01-22T01:08:38.713+0800: 38.404: [GC (Allocation Failure) [PSYoungGen: 539720K->112443K(559616K)] 1162475K->819045K(1957888K), 0.0199720 secs] [Times: user=0.15 sys=0.00, real=0.02 secs] 
2021-01-22T01:08:38.779+0800: 38.470: [GC (Allocation Failure) [PSYoungGen: 533819K->129446K(550912K)] 1240421K->910318K(1949184K), 0.0208681 secs] [Times: user=0.16 sys=0.00, real=0.02 secs] 
2021-01-22T01:08:38.843+0800: 38.535: [GC (Allocation Failure) [PSYoungGen: 550822K->126399K(559616K)] 1331694K->993234K(1957888K), 0.0217736 secs] [Times: user=0.17 sys=0.00, real=0.02 secs] 
2021-01-22T01:08:38.912+0800: 38.603: [GC (Allocation Failure) [PSYoungGen: 546239K->121518K(559104K)] 1413074K->1072197K(1957376K), 0.0215383 secs] [Times: user=0.17 sys=0.00, real=0.02 secs] 
2021-01-22T01:08:38.982+0800: 38.673: [GC (Allocation Failure) [PSYoungGen: 541358K->114883K(560640K)] 1492037K->1147975K(1958912K), 0.0212065 secs] [Times: user=0.15 sys=0.00, real=0.02 secs] 
2021-01-22T01:08:39.053+0800: 38.744: [GC (Allocation Failure) [PSYoungGen: 537283K->123968K(560640K)] 1570375K->1232125K(1958912K), 0.0238265 secs] [Times: user=0.19 sys=0.00, real=0.02 secs] 
2021-01-22T01:08:39.125+0800: 38.816: [GC (Allocation Failure) [PSYoungGen: 546368K->128587K(560640K)] 1654525K->1321016K(1958912K), 0.0219958 secs] [Times: user=0.17 sys=0.00, real=0.02 secs] 
2021-01-22T01:08:39.195+0800: 38.886: [GC (Allocation Failure) [PSYoungGen: 552011K->121743K(561152K)] 1744440K->1398553K(1959424K), 0.0218578 secs] [Times: user=0.17 sys=0.00, real=0.02 secs] 
2021-01-22T01:08:39.265+0800: 38.956: [GC (Allocation Failure) [PSYoungGen: 545167K->128126K(561152K)] 1821977K->1486594K(1959424K), 0.0222031 secs] [Times: user=0.17 sys=0.00, real=0.02 secs] 
2021-01-22T01:08:39.288+0800: 38.979: [Full GC (Ergonomics) [PSYoungGen: 128126K->0K(561152K)] [ParOldGen: 1358468K->379329K(1398272K)] 1486594K->379329K(1959424K), [Metaspace: 2817K->2817K(1056768K)], 0.0414324 secs] [Times: user=0.28 sys=0.00, real=0.05 secs] 
2021-01-22T01:08:39.379+0800: 39.070: [GC (Allocation Failure) [PSYoungGen: 424448K->120269K(561664K)] 803777K->499599K(1959936K), 0.0124672 secs] [Times: user=0.09 sys=0.00, real=0.01 secs] 
2021-01-22T01:08:39.437+0800: 39.128: [GC (Allocation Failure) [PSYoungGen: 544717K->129409K(560640K)] 924047K->592860K(1958912K), 0.0212557 secs] [Times: user=0.15 sys=0.01, real=0.03 secs] 
2021-01-22T01:08:39.508+0800: 39.199: [GC (Allocation Failure) [PSYoungGen: 553857K->123074K(561664K)] 1017308K->670499K(1959936K), 0.0205180 secs] [Times: user=0.16 sys=0.00, real=0.03 secs] 
2021-01-22T01:08:39.577+0800: 39.268: [GC (Allocation Failure) [PSYoungGen: 547522K->117696K(562688K)] 1094947K->749208K(1960960K), 0.0206374 secs] [Times: user=0.16 sys=0.00, real=0.02 secs] 
2021-01-22T01:08:39.644+0800: 39.335: [GC (Allocation Failure) [PSYoungGen: 544192K->131343K(558080K)] 1175704K->842939K(1956352K), 0.0212402 secs] [Times: user=0.16 sys=0.00, real=0.02 secs] 
2021-01-22T01:08:39.714+0800: 39.405: [GC (Allocation Failure) [PSYoungGen: 557839K->127888K(561152K)] 1269435K->925077K(1959424K), 0.0222316 secs] [Times: user=0.17 sys=0.00, real=0.02 secs] 
2021-01-22T01:08:39.783+0800: 39.474: [GC (Allocation Failure) [PSYoungGen: 551312K->119234K(561152K)] 1348501K->1005535K(1959424K), 0.0210263 secs] [Times: user=0.16 sys=0.00, real=0.02 secs] 
2021-01-22T01:08:39.850+0800: 39.541: [GC (Allocation Failure) [PSYoungGen: 542658K->124117K(562688K)] 1428959K->1093035K(1960960K), 0.0214379 secs] [Times: user=0.16 sys=0.00, real=0.02 secs] 
2021-01-22T01:08:39.920+0800: 39.611: [GC (Allocation Failure) [PSYoungGen: 549589K->118870K(561664K)] 1518507K->1172000K(1959936K), 0.0212310 secs] [Times: user=0.16 sys=0.00, real=0.02 secs] 
2021-01-22T01:08:39.988+0800: 39.679: [GC (Allocation Failure) [PSYoungGen: 544342K->130242K(560128K)] 1597472K->1263567K(1958400K), 0.0218597 secs] [Times: user=0.17 sys=0.00, real=0.02 secs] 
2021-01-22T01:08:40.058+0800: 39.749: [GC (Allocation Failure) [PSYoungGen: 554690K->126836K(561664K)] 1688015K->1345250K(1959936K), 0.0223491 secs] [Times: user=0.17 sys=0.00, real=0.02 secs] 
2021-01-22T01:08:40.129+0800: 39.820: [GC (Allocation Failure) [PSYoungGen: 551284K->130221K(560128K)] 1769698K->1435733K(1958400K), 0.0235312 secs] [Times: user=0.18 sys=0.00, real=0.02 secs] 
2021-01-22T01:08:40.153+0800: 39.844: [Full GC (Ergonomics) [PSYoungGen: 130221K->0K(560128K)] [ParOldGen: 1305512K->386739K(1398272K)] 1435733K->386739K(1958400K), [Metaspace: 2817K->2817K(1056768K)], 0.0468431 secs] [Times: user=0.31 sys=0.00, real=0.05 secs] 
2021-01-22T01:08:40.250+0800: 39.941: [GC (Allocation Failure) [PSYoungGen: 423424K->128141K(561152K)] 810163K->514880K(1959424K), 0.0137203 secs] [Times: user=0.10 sys=0.00, real=0.01 secs] 
2021-01-22T01:08:40.313+0800: 40.004: [GC (Allocation Failure) [PSYoungGen: 551565K->121932K(561664K)] 938304K->596370K(1959936K), 0.0289186 secs] [Times: user=0.22 sys=0.00, real=0.03 secs] 
2021-01-22T01:08:40.387+0800: 40.078: [GC (Allocation Failure) [PSYoungGen: 545868K->119264K(561152K)] 1020306K->676706K(1959424K), 0.0203645 secs] [Times: user=0.14 sys=0.01, real=0.03 secs] 
2021-01-22T01:08:40.453+0800: 40.144: [GC (Allocation Failure) [PSYoungGen: 543200K->134347K(557056K)] 1100642K->769182K(1955328K), 0.0210502 secs] [Times: user=0.16 sys=0.00, real=0.02 secs] 
2021-01-22T01:08:40.521+0800: 40.212: [GC (Allocation Failure) [PSYoungGen: 554699K->114866K(535552K)] 1189534K->846218K(1933824K), 0.0216411 secs] [Times: user=0.16 sys=0.00, real=0.02 secs] 
2021-01-22T01:08:40.591+0800: 40.282: [GC (Allocation Failure) [PSYoungGen: 535218K->118753K(559616K)] 1266570K->929006K(1957888K), 0.0200319 secs] [Times: user=0.15 sys=0.00, real=0.02 secs] 
2021-01-22T01:08:40.659+0800: 40.350: [GC (Allocation Failure) [PSYoungGen: 538593K->112637K(559104K)] 1348846K->1000380K(1957376K), 0.0195953 secs] [Times: user=0.14 sys=0.01, real=0.02 secs] 
2021-01-22T01:08:40.727+0800: 40.418: [GC (Allocation Failure) [PSYoungGen: 532477K->120439K(560640K)] 1420220K->1085262K(1958912K), 0.0217652 secs] [Times: user=0.16 sys=0.00, real=0.03 secs] 
2021-01-22T01:08:40.798+0800: 40.489: [GC (Allocation Failure) [PSYoungGen: 541303K->130962K(559104K)] 1506126K->1170054K(1957376K), 0.0213410 secs] [Times: user=0.16 sys=0.00, real=0.03 secs] 
2021-01-22T01:08:40.865+0800: 40.556: [GC (Allocation Failure) [PSYoungGen: 551826K->128919K(558080K)] 1590918K->1255434K(1956352K), 0.0220256 secs] [Times: user=0.17 sys=0.00, real=0.02 secs] 
2021-01-22T01:08:40.935+0800: 40.626: [GC (Allocation Failure) [PSYoungGen: 547086K->117506K(558592K)] 1673601K->1337129K(1956864K), 0.0217393 secs] [Times: user=0.17 sys=0.00, real=0.02 secs] 
2021-01-22T01:08:41.001+0800: 40.692: [GC (Allocation Failure) [PSYoungGen: 535810K->126774K(559616K)] 1755433K->1421384K(1957888K), 0.0211232 secs] [Times: user=0.16 sys=0.00, real=0.02 secs] 
2021-01-22T01:08:41.070+0800: 40.761: [GC (Allocation Failure) [PSYoungGen: 546614K->127290K(559104K)] 1841224K->1501566K(1957376K), 0.0215060 secs] [Times: user=0.17 sys=0.00, real=0.02 secs] 
2021-01-22T01:08:41.092+0800: 40.783: [Full GC (Ergonomics) [PSYoungGen: 127290K->0K(559104K)] [ParOldGen: 1374276K->376832K(1398272K)] 1501566K->376832K(1957376K), [Metaspace: 2817K->2817K(1056768K)], 0.0405462 secs] [Times: user=0.29 sys=0.00, real=0.04 secs] 
2021-01-22T01:08:41.181+0800: 40.872: [GC (Allocation Failure) [PSYoungGen: 419840K->126348K(560128K)] 796672K->503181K(1958400K), 0.0129560 secs] [Times: user=0.10 sys=0.00, real=0.01 secs] 
2021-01-22T01:08:41.239+0800: 40.930: [GC (Allocation Failure) [PSYoungGen: 547212K->120336K(559616K)] 924045K->583446K(1957888K), 0.0223936 secs] [Times: user=0.17 sys=0.00, real=0.02 secs] 
2021-01-22T01:08:41.313+0800: 41.005: [GC (Allocation Failure) [PSYoungGen: 541200K->119072K(561664K)] 1004310K->663407K(1959936K), 0.0218835 secs] [Times: user=0.17 sys=0.00, real=0.02 secs] 
2021-01-22T01:08:41.385+0800: 41.076: [GC (Allocation Failure) [PSYoungGen: 543008K->132849K(557056K)] 1087343K->756659K(1955328K), 0.0211834 secs] [Times: user=0.16 sys=0.00, real=0.02 secs] 
2021-01-22T01:08:41.451+0800: 41.142: [GC (Allocation Failure) [PSYoungGen: 556645K->133606K(555520K)] 1180455K->843376K(1953792K), 0.0218222 secs] [Times: user=0.17 sys=0.00, real=0.02 secs] 
2021-01-22T01:08:41.517+0800: 41.208: [GC (Allocation Failure) [PSYoungGen: 549862K->120758K(557568K)] 1259632K->925486K(1955840K), 0.0218930 secs] [Times: user=0.16 sys=0.01, real=0.03 secs] 
2021-01-22T01:08:41.586+0800: 41.277: [GC (Allocation Failure) [PSYoungGen: 537014K->117928K(558592K)] 1341742K->1007387K(1956864K), 0.0211000 secs] [Times: user=0.16 sys=0.00, real=0.02 secs] 
2021-01-22T01:08:41.649+0800: 41.340: [GC (Allocation Failure) [PSYoungGen: 535025K->119686K(558080K)] 1424484K->1088541K(1956352K), 0.0206137 secs] [Times: user=0.15 sys=0.00, real=0.02 secs] 
2021-01-22T01:08:41.715+0800: 41.406: [GC (Allocation Failure) [PSYoungGen: 537309K->129743K(557568K)] 1506164K->1177941K(1955840K), 0.0214416 secs] [Times: user=0.16 sys=0.00, real=0.02 secs] 
2021-01-22T01:08:41.783+0800: 41.474: [GC (Allocation Failure) [PSYoungGen: 548047K->116535K(558592K)] 1596245K->1249948K(1956864K), 0.0212527 secs] [Times: user=0.16 sys=0.00, real=0.02 secs] 
2021-01-22T01:08:41.851+0800: 41.542: [GC (Allocation Failure) [PSYoungGen: 534839K->117736K(559616K)] 1668252K->1329279K(1957888K), 0.0203426 secs] [Times: user=0.15 sys=0.00, real=0.02 secs] 
2021-01-22T01:08:41.917+0800: 41.608: [GC (Allocation Failure) [PSYoungGen: 537576K->119815K(559104K)] 1749119K->1410093K(1957376K), 0.0208591 secs] [Times: user=0.16 sys=0.00, real=0.02 secs] 
2021-01-22T01:08:41.982+0800: 41.673: [GC (Allocation Failure) [PSYoungGen: 539655K->117580K(561664K)] 1829933K->1491272K(1959936K), 0.0218450 secs] [Times: user=0.16 sys=0.00, real=0.02 secs] 
2021-01-22T01:08:42.005+0800: 41.696: [Full GC (Ergonomics) [PSYoungGen: 117580K->0K(561664K)] [ParOldGen: 1373692K->368253K(1398272K)] 1491272K->368253K(1959936K), [Metaspace: 2817K->2817K(1056768K)], 0.0403170 secs] [Times: user=0.28 sys=0.01, real=0.04 secs] 
2021-01-22T01:08:42.091+0800: 41.783: [GC (Allocation Failure) [PSYoungGen: 423424K->126110K(560640K)] 791677K->494364K(1958912K), 0.0130227 secs] [Times: user=0.09 sys=0.00, real=0.01 secs] 
2021-01-22T01:08:42.148+0800: 41.839: [GC (Allocation Failure) [PSYoungGen: 549534K->129171K(559616K)] 917788K->576387K(1957888K), 0.0208389 secs] [Times: user=0.15 sys=0.00, real=0.02 secs] 
2021-01-22T01:08:42.213+0800: 41.904: [GC (Allocation Failure) [PSYoungGen: 551571K->129593K(552448K)] 998787K->661156K(1950720K), 0.0213456 secs] [Times: user=0.16 sys=0.00, real=0.02 secs] 
2021-01-22T01:08:42.279+0800: 41.970: [GC (Allocation Failure) [PSYoungGen: 551993K->123093K(561152K)] 1083556K->736177K(1959424K), 0.0209473 secs] [Times: user=0.16 sys=0.00, real=0.02 secs] 
2021-01-22T01:08:42.348+0800: 42.039: [GC (Allocation Failure) [PSYoungGen: 544981K->115580K(559616K)] 1158065K->808820K(1957888K), 0.0232365 secs] [Times: user=0.15 sys=0.01, real=0.03 secs] 
2021-01-22T01:08:42.420+0800: 42.111: [GC (Allocation Failure) [PSYoungGen: 537468K->119835K(562176K)] 1230708K->893353K(1960448K), 0.0218481 secs] [Times: user=0.16 sys=0.00, real=0.02 secs] 
2021-01-22T01:08:42.495+0800: 42.186: [GC (Allocation Failure) [PSYoungGen: 544283K->132101K(557056K)] 1317801K->989361K(1955328K), 0.0217319 secs] [Times: user=0.16 sys=0.00, real=0.02 secs] 
2021-01-22T01:08:42.563+0800: 42.254: [GC (Allocation Failure) [PSYoungGen: 556549K->118523K(560640K)] 1413809K->1067744K(1958912K), 0.0211454 secs] [Times: user=0.16 sys=0.00, real=0.02 secs] 
2021-01-22T01:08:42.629+0800: 42.320: [GC (Allocation Failure) [PSYoungGen: 539899K->125820K(559616K)] 1489120K->1152377K(1957888K), 0.0207733 secs] [Times: user=0.16 sys=0.00, real=0.02 secs] 
2021-01-22T01:08:42.695+0800: 42.386: [GC (Allocation Failure) [PSYoungGen: 547196K->131823K(557056K)] 1573753K->1240930K(1955328K), 0.0224356 secs] [Times: user=0.17 sys=0.00, real=0.02 secs] 
2021-01-22T01:08:42.763+0800: 42.454: [GC (Allocation Failure) [PSYoungGen: 551151K->120884K(559104K)] 1660258K->1318849K(1957376K), 0.0218122 secs] [Times: user=0.16 sys=0.00, real=0.02 secs] 
2021-01-22T01:08:42.830+0800: 42.521: [GC (Allocation Failure) [PSYoungGen: 540212K->121658K(561152K)] 1738177K->1399264K(1959424K), 0.0212641 secs] [Times: user=0.16 sys=0.00, real=0.02 secs] 
2021-01-22T01:08:42.897+0800: 42.588: [GC (Allocation Failure) [PSYoungGen: 544058K->127902K(560128K)] 1821664K->1491438K(1958400K), 0.0227694 secs] [Times: user=0.18 sys=0.00, real=0.03 secs] 
2021-01-22T01:08:42.921+0800: 42.612: [Full GC (Ergonomics) [PSYoungGen: 127902K->0K(560128K)] [ParOldGen: 1363535K->397398K(1398272K)] 1491438K->397398K(1958400K), [Metaspace: 2817K->2817K(1056768K)], 0.0431008 secs] [Times: user=0.31 sys=0.00, real=0.04 secs] 
2021-01-22T01:08:43.011+0800: 42.702: [GC (Allocation Failure) [PSYoungGen: 422400K->125891K(561664K)] 819798K->523290K(1959936K), 0.0129848 secs] [Times: user=0.09 sys=0.00, real=0.01 secs] 
2021-01-22T01:08:43.070+0800: 42.761: [GC (Allocation Failure) [PSYoungGen: 549625K->125328K(561152K)] 947024K->603824K(1959424K), 0.0211525 secs] [Times: user=0.16 sys=0.00, real=0.02 secs] 
2021-01-22T01:08:43.135+0800: 42.826: [GC (Allocation Failure) [PSYoungGen: 549264K->114849K(561664K)] 1027760K->678015K(1959936K), 0.0199070 secs] [Times: user=0.15 sys=0.00, real=0.02 secs] 
2021-01-22T01:08:43.200+0800: 42.892: [GC (Allocation Failure) [PSYoungGen: 540321K->133676K(559616K)] 1103487K->779464K(1957888K), 0.0215755 secs] [Times: user=0.17 sys=0.00, real=0.02 secs] 
2021-01-22T01:08:43.269+0800: 42.960: [GC (Allocation Failure) [PSYoungGen: 559148K->124784K(561152K)] 1204936K->861728K(1959424K), 0.0219640 secs] [Times: user=0.17 sys=0.00, real=0.02 secs] 
2021-01-22T01:08:43.339+0800: 43.030: [GC (Allocation Failure) [PSYoungGen: 546672K->119658K(559616K)] 1283616K->938600K(1957888K), 0.0205089 secs] [Times: user=0.15 sys=0.00, real=0.02 secs] 
2021-01-22T01:08:43.407+0800: 43.098: [GC (Allocation Failure) [PSYoungGen: 541546K->122305K(562688K)] 1360488K->1022511K(1960960K), 0.0212658 secs] [Times: user=0.15 sys=0.02, real=0.03 secs] 
2021-01-22T01:08:43.476+0800: 43.167: [GC (Allocation Failure) [PSYoungGen: 547777K->128819K(561664K)] 1447983K->1111235K(1959936K), 0.0214167 secs] [Times: user=0.17 sys=0.00, real=0.02 secs] 
2021-01-22T01:08:43.547+0800: 43.238: [GC (Allocation Failure) [PSYoungGen: 554291K->120579K(562688K)] 1536707K->1190715K(1960960K), 0.0221417 secs] [Times: user=0.17 sys=0.00, real=0.03 secs] 
2021-01-22T01:08:43.620+0800: 43.311: [GC (Allocation Failure) [PSYoungGen: 546051K->121051K(561664K)] 1616187K->1275773K(1959936K), 0.0226065 secs] [Times: user=0.18 sys=0.00, real=0.02 secs] 
2021-01-22T01:08:43.689+0800: 43.380: [GC (Allocation Failure) [PSYoungGen: 546523K->126535K(563200K)] 1701245K->1360766K(1961472K), 0.0212967 secs] [Times: user=0.16 sys=0.00, real=0.02 secs] 
2021-01-22T01:08:43.757+0800: 43.448: [GC (Allocation Failure) [PSYoungGen: 554055K->122508K(563200K)] 1788286K->1442662K(1961472K), 0.0218535 secs] [Times: user=0.16 sys=0.01, real=0.03 secs] 
2021-01-22T01:08:43.779+0800: 43.470: [Full GC (Ergonomics) [PSYoungGen: 122508K->0K(563200K)] [ParOldGen: 1320153K->378773K(1398272K)] 1442662K->378773K(1961472K), [Metaspace: 2817K->2817K(1056768K)], 0.0411811 secs] [Times: user=0.28 sys=0.01, real=0.04 secs] 
2021-01-22T01:08:43.868+0800: 43.559: [GC (Allocation Failure) [PSYoungGen: 427520K->132771K(560128K)] 806293K->511545K(1958400K), 0.0133363 secs] [Times: user=0.10 sys=0.00, real=0.02 secs] 
2021-01-22T01:08:43.927+0800: 43.618: [GC (Allocation Failure) [PSYoungGen: 558243K->121683K(562176K)] 937017K->587553K(1960448K), 0.0210112 secs] [Times: user=0.15 sys=0.01, real=0.03 secs] 
2021-01-22T01:08:43.999+0800: 43.690: [GC (Allocation Failure) [PSYoungGen: 547155K->117196K(562688K)] 1013025K->662201K(1960960K), 0.0196987 secs] [Times: user=0.14 sys=0.01, real=0.02 secs] 
2021-01-22T01:08:44.070+0800: 43.761: [GC (Allocation Failure) [PSYoungGen: 543692K->119886K(562688K)] 1088697K->742802K(1960960K), 0.0204136 secs] [Times: user=0.16 sys=0.00, real=0.02 secs] 
2021-01-22T01:08:44.138+0800: 43.829: [GC (Allocation Failure) [PSYoungGen: 546382K->118249K(563712K)] 1169298K->824718K(1961984K), 0.0223761 secs] [Times: user=0.17 sys=0.00, real=0.03 secs] 
2021-01-22T01:08:44.208+0800: 43.900: [GC (Allocation Failure) [PSYoungGen: 546281K->127417K(563200K)] 1252750K->910303K(1961472K), 0.0205476 secs] [Times: user=0.16 sys=0.00, real=0.02 secs] 
2021-01-22T01:08:44.278+0800: 43.969: [GC (Allocation Failure) [PSYoungGen: 555449K->123606K(564224K)] 1338335K->993165K(1962496K), 0.0214016 secs] [Times: user=0.16 sys=0.00, real=0.02 secs] 
2021-01-22T01:08:44.345+0800: 44.036: [GC (Allocation Failure) [PSYoungGen: 552150K->130404K(559104K)] 1421709K->1078659K(1957376K), 0.0212297 secs] [Times: user=0.16 sys=0.00, real=0.02 secs] 
2021-01-22T01:08:44.416+0800: 44.107: [GC (Allocation Failure) [PSYoungGen: 558948K->123284K(563712K)] 1507203K->1161606K(1961984K), 0.0220378 secs] [Times: user=0.17 sys=0.00, real=0.03 secs] 
2021-01-22T01:08:44.487+0800: 44.178: [GC (Allocation Failure) [PSYoungGen: 550804K->134956K(562688K)] 1589126K->1251573K(1960960K), 0.0224883 secs] [Times: user=0.17 sys=0.01, real=0.03 secs] 
2021-01-22T01:08:44.557+0800: 44.248: [GC (Allocation Failure) [PSYoungGen: 562476K->133264K(555520K)] 1679093K->1340696K(1953792K), 0.0233202 secs] [Times: user=0.18 sys=0.00, real=0.03 secs] 
2021-01-22T01:08:44.626+0800: 44.317: [GC (Allocation Failure) [PSYoungGen: 552592K->114709K(534528K)] 1760024K->1416925K(1932800K), 0.0222713 secs] [Times: user=0.16 sys=0.01, real=0.03 secs] 
2021-01-22T01:08:44.649+0800: 44.340: [Full GC (Ergonomics) [PSYoungGen: 114709K->0K(534528K)] [ParOldGen: 1302215K->375757K(1398272K)] 1416925K->375757K(1932800K), [Metaspace: 2817K->2817K(1056768K)], 0.0422364 secs] [Times: user=0.30 sys=0.00, real=0.04 secs] 
2021-01-22T01:08:44.738+0800: 44.429: [GC (Allocation Failure) [PSYoungGen: 419328K->131188K(556544K)] 795085K->506945K(1954816K), 0.0139179 secs] [Times: user=0.10 sys=0.00, real=0.02 secs] 
2021-01-22T01:08:44.799+0800: 44.490: [GC (Allocation Failure) [PSYoungGen: 547444K->121876K(557568K)] 923201K->581763K(1955840K), 0.0207800 secs] [Times: user=0.16 sys=0.00, real=0.02 secs] 
2021-01-22T01:08:44.865+0800: 44.556: [GC (Allocation Failure) [PSYoungGen: 538132K->107305K(555520K)] 998019K->652112K(1953792K), 0.0190363 secs] [Times: user=0.15 sys=0.00, real=0.02 secs] 
2021-01-22T01:08:44.930+0800: 44.621: [GC (Allocation Failure) [PSYoungGen: 522537K->119640K(557056K)] 1067344K->738253K(1955328K), 0.0199506 secs] [Times: user=0.15 sys=0.00, real=0.02 secs] 
2021-01-22T01:08:44.999+0800: 44.690: [GC (Allocation Failure) [PSYoungGen: 534872K->116234K(559104K)] 1153485K->814115K(1957376K), 0.0202281 secs] [Times: user=0.16 sys=0.00, real=0.02 secs] 
2021-01-22T01:08:45.064+0800: 44.755: [GC (Allocation Failure) [PSYoungGen: 534538K->119299K(558080K)] 1232419K->897140K(1956352K), 0.0207748 secs] [Times: user=0.16 sys=0.00, real=0.02 secs] 
2021-01-22T01:08:45.130+0800: 44.821: [GC (Allocation Failure) [PSYoungGen: 537603K->123592K(561152K)] 1315444K->977533K(1959424K), 0.0202147 secs] [Times: user=0.16 sys=0.00, real=0.02 secs] 
2021-01-22T01:08:45.196+0800: 44.887: [GC (Allocation Failure) [PSYoungGen: 545992K->124928K(560128K)] 1399933K->1066940K(1958400K), 0.0215163 secs] [Times: user=0.17 sys=0.00, real=0.02 secs] 
2021-01-22T01:08:45.264+0800: 44.955: [GC (Allocation Failure) [PSYoungGen: 547328K->116513K(562176K)] 1489340K->1141181K(1960448K), 0.0204260 secs] [Times: user=0.16 sys=0.00, real=0.02 secs] 
2021-01-22T01:08:45.331+0800: 45.022: [GC (Allocation Failure) [PSYoungGen: 541243K->129341K(554496K)] 1565911K->1237767K(1952768K), 0.0220990 secs] [Times: user=0.17 sys=0.00, real=0.02 secs] 
2021-01-22T01:08:45.398+0800: 45.090: [GC (Allocation Failure) [PSYoungGen: 554301K->125051K(561664K)] 1662727K->1318622K(1959936K), 0.0219785 secs] [Times: user=0.16 sys=0.00, real=0.02 secs] 
2021-01-22T01:08:45.465+0800: 45.156: [GC (Allocation Failure) [PSYoungGen: 548475K->129054K(560640K)] 1742046K->1400830K(1958912K), 0.0215545 secs] [Times: user=0.16 sys=0.00, real=0.02 secs] 
2021-01-22T01:08:45.532+0800: 45.223: [GC (Allocation Failure) [PSYoungGen: 552478K->117434K(561152K)] 1824254K->1478269K(1959424K), 0.0224197 secs] [Times: user=0.17 sys=0.00, real=0.02 secs] 
2021-01-22T01:08:45.556+0800: 45.247: [Full GC (Ergonomics) [PSYoungGen: 117434K->0K(561152K)] [ParOldGen: 1360834K->372053K(1398272K)] 1478269K->372053K(1959424K), [Metaspace: 2817K->2817K(1056768K)], 0.0406803 secs] [Times: user=0.29 sys=0.01, real=0.04 secs] 
2021-01-22T01:08:45.644+0800: 45.335: [GC (Allocation Failure) [PSYoungGen: 422912K->123920K(560640K)] 794965K->495973K(1958912K), 0.0126893 secs] [Times: user=0.09 sys=0.00, real=0.01 secs] 
2021-01-22T01:08:45.702+0800: 45.393: [GC (Allocation Failure) [PSYoungGen: 546832K->125071K(562688K)] 918885K->578860K(1960960K), 0.0204160 secs] [Times: user=0.15 sys=0.00, real=0.02 secs] 
2021-01-22T01:08:45.769+0800: 45.460: [GC (Allocation Failure) [PSYoungGen: 551055K->116163K(562176K)] 1004844K->659106K(1960448K), 0.0204264 secs] [Times: user=0.15 sys=0.00, real=0.02 secs] 
2021-01-22T01:08:45.843+0800: 45.534: [GC (Allocation Failure) [PSYoungGen: 542147K->127166K(561664K)] 1085090K->747830K(1959936K), 0.0215958 secs] [Times: user=0.16 sys=0.00, real=0.02 secs] 
2021-01-22T01:08:45.915+0800: 45.606: [GC (Allocation Failure) [PSYoungGen: 552638K->135723K(561664K)] 1173302K->834003K(1959936K), 0.0212316 secs] [Times: user=0.16 sys=0.00, real=0.02 secs] 
2021-01-22T01:08:45.982+0800: 45.673: [GC (Allocation Failure) [PSYoungGen: 561195K->126195K(557568K)] 1259475K->920145K(1955840K), 0.0221310 secs] [Times: user=0.17 sys=0.00, real=0.02 secs] 
2021-01-22T01:08:46.051+0800: 45.742: [GC (Allocation Failure) [PSYoungGen: 546547K->124784K(559616K)] 1340497K->1003653K(1957888K), 0.0218787 secs] [Times: user=0.16 sys=0.00, real=0.02 secs] 
2021-01-22T01:08:46.117+0800: 45.808: [GC (Allocation Failure) [PSYoungGen: 545136K->121597K(561664K)] 1424005K->1088017K(1959936K), 0.0213616 secs] [Times: user=0.14 sys=0.02, real=0.03 secs] 
2021-01-22T01:08:46.183+0800: 45.874: [GC (Allocation Failure) [PSYoungGen: 545533K->130212K(561152K)] 1511953K->1177127K(1959424K), 0.0220718 secs] [Times: user=0.16 sys=0.00, real=0.02 secs] 
2021-01-22T01:08:46.250+0800: 45.941: [GC (Allocation Failure) [PSYoungGen: 554148K->118415K(561152K)] 1601063K->1253679K(1959424K), 0.0218534 secs] [Times: user=0.16 sys=0.00, real=0.02 secs] 
2021-01-22T01:08:46.318+0800: 46.009: [GC (Allocation Failure) [PSYoungGen: 541839K->125096K(561152K)] 1677103K->1339920K(1959424K), 0.0218181 secs] [Times: user=0.16 sys=0.00, real=0.03 secs] 
2021-01-22T01:08:46.385+0800: 46.076: [GC (Allocation Failure) [PSYoungGen: 548520K->122947K(563200K)] 1763344K->1424420K(1961472K), 0.0280702 secs] [Times: user=0.20 sys=0.00, real=0.03 secs] 
2021-01-22T01:08:46.413+0800: 46.105: [Full GC (Ergonomics) [PSYoungGen: 122947K->0K(563200K)] [ParOldGen: 1301473K->382687K(1398272K)] 1424420K->382687K(1961472K), [Metaspace: 2817K->2817K(1056768K)], 0.0419358 secs] [Times: user=0.30 sys=0.00, real=0.04 secs] 
2021-01-22T01:08:46.503+0800: 46.194: [GC (Allocation Failure) [PSYoungGen: 426496K->124724K(562176K)] 809183K->507411K(1960448K), 0.0126989 secs] [Times: user=0.09 sys=0.00, real=0.01 secs] 
2021-01-22T01:08:46.562+0800: 46.253: [GC (Allocation Failure) [PSYoungGen: 551220K->130139K(561152K)] 933907K->600209K(1959424K), 0.0214076 secs] [Times: user=0.16 sys=0.00, real=0.02 secs] 
2021-01-22T01:08:46.631+0800: 46.322: [GC (Allocation Failure) [PSYoungGen: 556635K->119405K(562688K)] 1026705K->676650K(1960960K), 0.0208196 secs] [Times: user=0.16 sys=0.00, real=0.02 secs] 
2021-01-22T01:08:46.699+0800: 46.390: [GC (Allocation Failure) [PSYoungGen: 545901K->130268K(561152K)] 1103146K->766216K(1959424K), 0.0207158 secs] [Times: user=0.16 sys=0.00, real=0.02 secs] 
2021-01-22T01:08:46.766+0800: 46.457: [GC (Allocation Failure) [PSYoungGen: 555740K->126366K(562176K)] 1191688K->848856K(1960448K), 0.0210225 secs] [Times: user=0.16 sys=0.00, real=0.02 secs] 
2021-01-22T01:08:46.834+0800: 46.525: [GC (Allocation Failure) [PSYoungGen: 551838K->122078K(563200K)] 1274328K->937470K(1961472K), 0.0222969 secs] [Times: user=0.17 sys=0.00, real=0.02 secs] 
2021-01-22T01:08:46.904+0800: 46.595: [GC (Allocation Failure) [PSYoungGen: 549086K->117686K(562688K)] 1364478K->1018584K(1960960K), 0.0213677 secs] [Times: user=0.16 sys=0.00, real=0.02 secs] 
2021-01-22T01:08:46.976+0800: 46.668: [GC (Allocation Failure) [PSYoungGen: 544694K->129966K(561152K)] 1445592K->1113987K(1959424K), 0.0227779 secs] [Times: user=0.17 sys=0.00, real=0.03 secs] 
2021-01-22T01:08:47.050+0800: 46.741: [GC (Allocation Failure) [PSYoungGen: 555438K->121395K(562176K)] 1539459K->1194240K(1960448K), 0.0216892 secs] [Times: user=0.17 sys=0.00, real=0.02 secs] 
2021-01-22T01:08:47.121+0800: 46.812: [GC (Allocation Failure) [PSYoungGen: 546867K->123400K(563712K)] 1619712K->1280530K(1961984K), 0.0220930 secs] [Times: user=0.17 sys=0.00, real=0.02 secs] 
2021-01-22T01:08:47.190+0800: 46.881: [GC (Allocation Failure) [PSYoungGen: 550920K->130202K(562688K)] 1708050K->1367144K(1960960K), 0.0221597 secs] [Times: user=0.17 sys=0.00, real=0.02 secs] 
2021-01-22T01:08:47.260+0800: 46.951: [GC (Allocation Failure) [PSYoungGen: 557722K->126193K(563200K)] 1794664K->1447880K(1961472K), 0.0220083 secs] [Times: user=0.17 sys=0.00, real=0.02 secs] 
2021-01-22T01:08:47.283+0800: 46.974: [Full GC (Ergonomics) [PSYoungGen: 126193K->0K(563200K)] [ParOldGen: 1321687K->376158K(1398272K)] 1447880K->376158K(1961472K), [Metaspace: 2817K->2817K(1056768K)], 0.0416411 secs] [Times: user=0.29 sys=0.00, real=0.04 secs] 
2021-01-22T01:08:47.373+0800: 47.064: [GC (Allocation Failure) [PSYoungGen: 427008K->126064K(562688K)] 803166K->502223K(1960960K), 0.0127525 secs] [Times: user=0.10 sys=0.00, real=0.01 secs] 
2021-01-22T01:08:47.431+0800: 47.122: [GC (Allocation Failure) [PSYoungGen: 553072K->121608K(564224K)] 929231K->583704K(1962496K), 0.0202331 secs] [Times: user=0.16 sys=0.00, real=0.02 secs] 
2021-01-22T01:08:47.495+0800: 47.186: [GC (Allocation Failure) [PSYoungGen: 550490K->132503K(561664K)] 1012586K->670012K(1959936K), 0.0207866 secs] [Times: user=0.16 sys=0.00, real=0.02 secs] 
2021-01-22T01:08:47.564+0800: 47.255: [GC (Allocation Failure) [PSYoungGen: 561559K->114165K(561152K)] 1099068K->737444K(1959424K), 0.0199620 secs] [Times: user=0.15 sys=0.00, real=0.02 secs] 
2021-01-22T01:08:47.632+0800: 47.324: [GC (Allocation Failure) [PSYoungGen: 538613K->128024K(552960K)] 1161892K->820190K(1951232K), 0.0202581 secs] [Times: user=0.15 sys=0.00, real=0.02 secs] 
2021-01-22T01:08:47.700+0800: 47.391: [GC (Allocation Failure) [PSYoungGen: 552472K->123931K(562688K)] 1244638K->897625K(1960960K), 0.0205549 secs] [Times: user=0.15 sys=0.00, real=0.02 secs] 
2021-01-22T01:08:47.765+0800: 47.456: [GC (Allocation Failure) [PSYoungGen: 548891K->124163K(561152K)] 1322585K->977229K(1959424K), 0.0211611 secs] [Times: user=0.16 sys=0.00, real=0.02 secs] 
2021-01-22T01:08:47.833+0800: 47.524: [GC (Allocation Failure) [PSYoungGen: 549123K->122201K(564224K)] 1402189K->1053028K(1962496K), 0.0214040 secs] [Times: user=0.16 sys=0.00, real=0.02 secs] 
2021-01-22T01:08:47.903+0800: 47.594: [GC (Allocation Failure) [PSYoungGen: 551257K->118343K(563712K)] 1482084K->1130787K(1961984K), 0.0206951 secs] [Times: user=0.16 sys=0.00, real=0.02 secs] 
2021-01-22T01:08:47.970+0800: 47.661: [GC (Allocation Failure) [PSYoungGen: 547399K->125246K(564736K)] 1559843K->1219387K(1963008K), 0.0219654 secs] [Times: user=0.16 sys=0.00, real=0.02 secs] 
2021-01-22T01:08:48.039+0800: 47.730: [GC (Allocation Failure) [PSYoungGen: 555326K->118360K(564224K)] 1649467K->1303534K(1962496K), 0.0250733 secs] [Times: user=0.19 sys=0.00, real=0.02 secs] 
2021-01-22T01:08:48.117+0800: 47.808: [GC (Allocation Failure) [PSYoungGen: 548440K->129291K(562688K)] 1733614K->1392890K(1960960K), 0.0220096 secs] [Times: user=0.17 sys=0.00, real=0.03 secs] 
2021-01-22T01:08:48.191+0800: 47.882: [GC (Allocation Failure) [PSYoungGen: 557835K->127585K(556544K)] 1821434K->1476238K(1954816K), 0.0228159 secs] [Times: user=0.17 sys=0.00, real=0.02 secs] 
2021-01-22T01:08:48.214+0800: 47.906: [Full GC (Ergonomics) [PSYoungGen: 127585K->0K(556544K)] [ParOldGen: 1348653K->378283K(1398272K)] 1476238K->378283K(1954816K), [Metaspace: 2817K->2817K(1056768K)], 0.0399345 secs] [Times: user=0.30 sys=0.00, real=0.04 secs] 
2021-01-22T01:08:48.298+0800: 47.989: [GC (Allocation Failure) [PSYoungGen: 428475K->134303K(558080K)] 806758K->512586K(1956352K), 0.0133341 secs] [Times: user=0.10 sys=0.00, real=0.02 secs] 
2021-01-22T01:08:48.358+0800: 48.049: [GC (Allocation Failure) [PSYoungGen: 556703K->121318K(560640K)] 934986K->588345K(1958912K), 0.0206147 secs] [Times: user=0.15 sys=0.01, real=0.03 secs] 
2021-01-22T01:08:48.424+0800: 48.115: [GC (Allocation Failure) [PSYoungGen: 543718K->133926K(557056K)] 1010745K->677312K(1955328K), 0.0216380 secs] [Times: user=0.15 sys=0.00, real=0.02 secs] 
2021-01-22T01:08:48.492+0800: 48.183: [GC (Allocation Failure) [PSYoungGen: 553254K->123302K(559104K)] 1096640K->761454K(1957376K), 0.0217616 secs] [Times: user=0.17 sys=0.00, real=0.02 secs] 
2021-01-22T01:08:48.561+0800: 48.252: [GC (Allocation Failure) [PSYoungGen: 542630K->128220K(560640K)] 1180782K->851713K(1958912K), 0.0212641 secs] [Times: user=0.16 sys=0.00, real=0.02 secs] 
2021-01-22T01:08:48.628+0800: 48.319: [GC (Allocation Failure) [PSYoungGen: 550108K->116527K(560128K)] 1273601K->926969K(1958400K), 0.0207535 secs] [Times: user=0.15 sys=0.01, real=0.03 secs] 
2021-01-22T01:08:48.695+0800: 48.386: [GC (Allocation Failure) [PSYoungGen: 538415K->119572K(560640K)] 1348857K->1005977K(1958912K), 0.0203792 secs] [Times: user=0.16 sys=0.00, real=0.02 secs] 
2021-01-22T01:08:48.761+0800: 48.452: [GC (Allocation Failure) [PSYoungGen: 541460K->123177K(560128K)] 1427865K->1086983K(1958400K), 0.0204410 secs] [Times: user=0.15 sys=0.00, real=0.02 secs] 
2021-01-22T01:08:48.828+0800: 48.519: [GC (Allocation Failure) [PSYoungGen: 545065K->126046K(562176K)] 1508871K->1169426K(1960448K), 0.0213770 secs] [Times: user=0.16 sys=0.00, real=0.03 secs] 
2021-01-22T01:08:48.898+0800: 48.589: [GC (Allocation Failure) [PSYoungGen: 551006K->120684K(561664K)] 1594386K->1243777K(1959936K), 0.0209427 secs] [Times: user=0.15 sys=0.01, real=0.03 secs] 
2021-01-22T01:08:48.965+0800: 48.656: [GC (Allocation Failure) [PSYoungGen: 545644K->129961K(560640K)] 1668737K->1336704K(1958912K), 0.0217819 secs] [Times: user=0.17 sys=0.00, real=0.02 secs] 
2021-01-22T01:08:49.032+0800: 48.724: [GC (Allocation Failure) [PSYoungGen: 554409K->121936K(561664K)] 1761152K->1415894K(1959936K), 0.0222174 secs] [Times: user=0.17 sys=0.00, real=0.02 secs] 
2021-01-22T01:08:49.100+0800: 48.791: [GC (Allocation Failure) [PSYoungGen: 546384K->129392K(561664K)] 1840342K->1507343K(1959936K), 0.0223567 secs] [Times: user=0.17 sys=0.00, real=0.02 secs] 
2021-01-22T01:08:49.123+0800: 48.814: [Full GC (Ergonomics) [PSYoungGen: 129392K->0K(561664K)] [ParOldGen: 1377951K->380133K(1398272K)] 1507343K->380133K(1959936K), [Metaspace: 2817K->2817K(1056768K)], 0.0410827 secs] [Times: user=0.30 sys=0.00, real=0.04 secs] 
2021-01-22T01:08:49.214+0800: 48.905: [GC (Allocation Failure) [PSYoungGen: 425472K->125909K(562176K)] 805605K->506043K(1960448K), 0.0157544 secs] [Times: user=0.12 sys=0.00, real=0.02 secs] 
2021-01-22T01:08:49.277+0800: 48.968: [GC (Allocation Failure) [PSYoungGen: 551381K->124758K(563712K)] 931515K->589844K(1961984K), 0.0211675 secs] [Times: user=0.16 sys=0.01, real=0.03 secs] 
2021-01-22T01:08:49.348+0800: 49.039: [GC (Allocation Failure) [PSYoungGen: 552158K->124518K(562688K)] 1017244K->673266K(1960960K), 0.0211103 secs] [Times: user=0.16 sys=0.00, real=0.02 secs] 
2021-01-22T01:08:49.416+0800: 49.107: [GC (Allocation Failure) [PSYoungGen: 552038K->127253K(564736K)] 1100786K->764091K(1963008K), 0.0215447 secs] [Times: user=0.17 sys=0.00, real=0.02 secs] 
2021-01-22T01:08:49.486+0800: 49.177: [GC (Allocation Failure) [PSYoungGen: 557845K->127210K(564736K)] 1194683K->848230K(1963008K), 0.0215814 secs] [Times: user=0.17 sys=0.00, real=0.02 secs] 
2021-01-22T01:08:49.556+0800: 49.247: [GC (Allocation Failure) [PSYoungGen: 557802K->132018K(561664K)] 1278822K->935821K(1959936K), 0.0218861 secs] [Times: user=0.16 sys=0.00, real=0.03 secs] 
2021-01-22T01:08:49.627+0800: 49.318: [GC (Allocation Failure) [PSYoungGen: 559538K->119386K(563200K)] 1363341K->1010890K(1961472K), 0.0212782 secs] [Times: user=0.15 sys=0.01, real=0.03 secs] 
2021-01-22T01:08:49.696+0800: 49.387: [GC (Allocation Failure) [PSYoungGen: 546906K->128845K(562176K)] 1438410K->1100303K(1960448K), 0.0216211 secs] [Times: user=0.16 sys=0.00, real=0.03 secs] 
2021-01-22T01:08:49.767+0800: 49.458: [GC (Allocation Failure) [PSYoungGen: 555341K->127677K(562688K)] 1526799K->1184181K(1960960K), 0.0222151 secs] [Times: user=0.17 sys=0.00, real=0.03 secs] 
2021-01-22T01:08:49.835+0800: 49.527: [GC (Allocation Failure) [PSYoungGen: 554173K->126838K(563712K)] 1610677K->1263211K(1961984K), 0.0214410 secs] [Times: user=0.17 sys=0.00, real=0.02 secs] 
2021-01-22T01:08:49.909+0800: 49.600: [GC (Allocation Failure) [PSYoungGen: 554870K->117362K(563200K)] 1691243K->1337828K(1961472K), 0.0207753 secs] [Times: user=0.16 sys=0.00, real=0.02 secs] 
2021-01-22T01:08:49.977+0800: 49.668: [GC (Allocation Failure) [PSYoungGen: 545394K->129566K(562176K)] 1765860K->1423628K(1960448K), 0.0213520 secs] [Times: user=0.16 sys=0.01, real=0.03 secs] 
2021-01-22T01:08:50.046+0800: 49.737: [GC (Allocation Failure) [PSYoungGen: 556062K->133909K(560640K)] 1850124K->1511857K(1958912K), 0.0228256 secs] [Times: user=0.17 sys=0.00, real=0.03 secs] 
2021-01-22T01:08:50.069+0800: 49.760: [Full GC (Ergonomics) [PSYoungGen: 133909K->0K(560640K)] [ParOldGen: 1377948K->379416K(1398272K)] 1511857K->379416K(1958912K), [Metaspace: 2817K->2817K(1056768K)], 0.0408764 secs] [Times: user=0.30 sys=0.00, real=0.04 secs] 
2021-01-22T01:08:50.158+0800: 49.849: [GC (Allocation Failure) [PSYoungGen: 426403K->125758K(561664K)] 805819K->505175K(1959936K), 0.0132508 secs] [Times: user=0.09 sys=0.00, real=0.01 secs] 
2021-01-22T01:08:50.216+0800: 49.907: [GC (Allocation Failure) [PSYoungGen: 549182K->125878K(560640K)] 928599K->596960K(1958912K), 0.0215524 secs] [Times: user=0.15 sys=0.01, real=0.03 secs] 
2021-01-22T01:08:50.284+0800: 49.975: [GC (Allocation Failure) [PSYoungGen: 549302K->126954K(563200K)] 1020384K->678455K(1961472K), 0.0206633 secs] [Times: user=0.16 sys=0.00, real=0.02 secs] 
2021-01-22T01:08:50.355+0800: 50.046: [GC (Allocation Failure) [PSYoungGen: 553962K->123919K(562688K)] 1105463K->755784K(1960960K), 0.0226125 secs] [Times: user=0.17 sys=0.00, real=0.02 secs] 
2021-01-22T01:08:50.429+0800: 50.120: [GC (Allocation Failure) [PSYoungGen: 550927K->124535K(564224K)] 1182792K->841158K(1962496K), 0.0210273 secs] [Times: user=0.16 sys=0.00, real=0.02 secs] 
2021-01-22T01:08:50.497+0800: 50.188: [GC (Allocation Failure) [PSYoungGen: 553591K->127418K(563712K)] 1270214K->931698K(1961984K), 0.0213960 secs] [Times: user=0.14 sys=0.02, real=0.03 secs] 
2021-01-22T01:08:50.563+0800: 50.254: [GC (Allocation Failure) [PSYoungGen: 556474K->134095K(560640K)] 1360754K->1027716K(1958912K), 0.0225079 secs] [Times: user=0.17 sys=0.00, real=0.02 secs] 
2021-01-22T01:08:50.632+0800: 50.323: [GC (Allocation Failure) [PSYoungGen: 560591K->125744K(562688K)] 1454212K->1105257K(1960960K), 0.0216995 secs] [Times: user=0.16 sys=0.00, real=0.02 secs] 
2021-01-22T01:08:50.698+0800: 50.389: [GC (Allocation Failure) [PSYoungGen: 552240K->122326K(563200K)] 1531753K->1187026K(1961472K), 0.0216863 secs] [Times: user=0.16 sys=0.00, real=0.02 secs] 
2021-01-22T01:08:50.769+0800: 50.460: [GC (Allocation Failure) [PSYoungGen: 549846K->122395K(563200K)] 1614546K->1266124K(1961472K), 0.0212644 secs] [Times: user=0.16 sys=0.00, real=0.02 secs] 
2021-01-22T01:08:50.838+0800: 50.529: [GC (Allocation Failure) [PSYoungGen: 549915K->127217K(564224K)] 1693644K->1348157K(1962496K), 0.0218834 secs] [Times: user=0.15 sys=0.01, real=0.03 secs] 
2021-01-22T01:08:50.908+0800: 50.599: [GC (Allocation Failure) [PSYoungGen: 556273K->128293K(563712K)] 1777213K->1435354K(1961984K), 0.0224337 secs] [Times: user=0.17 sys=0.00, real=0.03 secs] 
2021-01-22T01:08:50.931+0800: 50.622: [Full GC (Ergonomics) [PSYoungGen: 128293K->0K(563712K)] [ParOldGen: 1307060K->370654K(1398272K)] 1435354K->370654K(1961984K), [Metaspace: 2817K->2817K(1056768K)], 0.0412661 secs] [Times: user=0.29 sys=0.00, real=0.04 secs] 
2021-01-22T01:08:51.022+0800: 50.713: [GC (Allocation Failure) [PSYoungGen: 429056K->119892K(563200K)] 799710K->490547K(1961472K), 0.0124794 secs] [Times: user=0.09 sys=0.00, real=0.01 secs] 
2021-01-22T01:08:51.082+0800: 50.773: [GC (Allocation Failure) [PSYoungGen: 548436K->125128K(563712K)] 919091K->574987K(1961984K), 0.0201979 secs] [Times: user=0.16 sys=0.00, real=0.02 secs] 
2021-01-22T01:08:51.151+0800: 50.842: [GC (Allocation Failure) [PSYoungGen: 553672K->121068K(564736K)] 1003531K->654782K(1963008K), 0.0209036 secs] [Times: user=0.15 sys=0.00, real=0.02 secs] 
2021-01-22T01:08:51.218+0800: 50.909: [GC (Allocation Failure) [PSYoungGen: 551660K->127784K(564736K)] 1085374K->742015K(1963008K), 0.0212813 secs] [Times: user=0.16 sys=0.00, real=0.02 secs] 
2021-01-22T01:08:51.286+0800: 50.977: [GC (Allocation Failure) [PSYoungGen: 558275K->130823K(561664K)] 1172506K->825859K(1959936K), 0.0213821 secs] [Times: user=0.17 sys=0.00, real=0.02 secs] 
2021-01-22T01:08:51.354+0800: 51.045: [GC (Allocation Failure) [PSYoungGen: 558343K->129047K(563200K)] 1253379K->916801K(1961472K), 0.0230245 secs] [Times: user=0.18 sys=0.00, real=0.02 secs] 
2021-01-22T01:08:51.424+0800: 51.115: [GC (Allocation Failure) [PSYoungGen: 556567K->122525K(563712K)] 1344321K->1000400K(1961984K), 0.0218594 secs] [Times: user=0.17 sys=0.00, real=0.02 secs] 
2021-01-22T01:08:51.496+0800: 51.187: [GC (Allocation Failure) [PSYoungGen: 550557K->118299K(563200K)] 1428432K->1077480K(1961472K), 0.0204373 secs] [Times: user=0.15 sys=0.01, real=0.02 secs] 
2021-01-22T01:08:51.569+0800: 51.260: [GC (Allocation Failure) [PSYoungGen: 546331K->135362K(557056K)] 1505512K->1173560K(1955328K), 0.0231726 secs] [Times: user=0.18 sys=0.00, real=0.02 secs] 
2021-01-22T01:08:51.638+0800: 51.329: [GC (Allocation Failure) [PSYoungGen: 556738K->125678K(560128K)] 1594936K->1256652K(1958400K), 0.0223153 secs] [Times: user=0.17 sys=0.01, real=0.03 secs] 
2021-01-22T01:08:51.706+0800: 51.397: [GC (Allocation Failure) [PSYoungGen: 547054K->122105K(562176K)] 1678028K->1343275K(1960448K), 0.0221317 secs] [Times: user=0.17 sys=0.00, real=0.03 secs] 
2021-01-22T01:08:51.774+0800: 51.465: [GC (Allocation Failure) [PSYoungGen: 547065K->120164K(561664K)] 1768235K->1419319K(1959936K), 0.0205596 secs] [Times: user=0.16 sys=0.00, real=0.02 secs] 
2021-01-22T01:08:51.795+0800: 51.486: [Full GC (Ergonomics) [PSYoungGen: 120164K->0K(561664K)] [ParOldGen: 1299154K->376966K(1398272K)] 1419319K->376966K(1959936K), [Metaspace: 2817K->2817K(1056768K)], 0.0401063 secs] [Times: user=0.29 sys=0.00, real=0.04 secs] 
2021-01-22T01:08:51.882+0800: 51.573: [GC (Allocation Failure) [PSYoungGen: 424960K->126640K(562688K)] 801926K->503607K(1960960K), 0.0136421 secs] [Times: user=0.10 sys=0.00, real=0.01 secs] 
2021-01-22T01:08:51.944+0800: 51.635: [GC (Allocation Failure) [PSYoungGen: 552624K->117926K(562176K)] 929591K->576699K(1960448K), 0.0200514 secs] [Times: user=0.15 sys=0.00, real=0.02 secs] 
2021-01-22T01:08:52.013+0800: 51.704: [GC (Allocation Failure) [PSYoungGen: 543910K->122828K(563200K)] 1002683K->663311K(1961472K), 0.0204253 secs] [Times: user=0.15 sys=0.00, real=0.02 secs] 
2021-01-22T01:08:52.080+0800: 51.771: [GC (Allocation Failure) [PSYoungGen: 549836K->121369K(562688K)] 1090319K->743902K(1960960K), 0.0206420 secs] [Times: user=0.15 sys=0.00, real=0.02 secs] 
2021-01-22T01:08:52.146+0800: 51.838: [GC (Allocation Failure) [PSYoungGen: 548377K->125894K(564224K)] 1170910K->829412K(1962496K), 0.0209726 secs] [Times: user=0.16 sys=0.00, real=0.02 secs] 
2021-01-22T01:08:52.215+0800: 51.906: [GC (Allocation Failure) [PSYoungGen: 554950K->128539K(563712K)] 1258468K->919396K(1961984K), 0.0216848 secs] [Times: user=0.16 sys=0.00, real=0.02 secs] 
2021-01-22T01:08:52.285+0800: 51.976: [GC (Allocation Failure) [PSYoungGen: 557595K->124380K(564736K)] 1348452K->1000067K(1963008K), 0.0211906 secs] [Times: user=0.16 sys=0.00, real=0.02 secs] 
2021-01-22T01:08:52.358+0800: 52.049: [GC (Allocation Failure) [PSYoungGen: 553948K->110848K(540672K)] 1429635K->1071785K(1938944K), 0.0203201 secs] [Times: user=0.15 sys=0.01, real=0.03 secs] 
2021-01-22T01:08:52.427+0800: 52.118: [GC (Allocation Failure) [PSYoungGen: 540416K->135663K(557056K)] 1501353K->1172437K(1955328K), 0.0218888 secs] [Times: user=0.16 sys=0.00, real=0.03 secs] 
2021-01-22T01:08:52.498+0800: 52.189: [GC (Allocation Failure) [PSYoungGen: 557039K->123100K(560128K)] 1593813K->1252126K(1958400K), 0.0221400 secs] [Times: user=0.17 sys=0.00, real=0.03 secs] 
2021-01-22T01:08:52.567+0800: 52.258: [GC (Allocation Failure) [PSYoungGen: 544476K->122376K(562176K)] 1673502K->1330823K(1960448K), 0.0226883 secs] [Times: user=0.17 sys=0.00, real=0.03 secs] 
2021-01-22T01:08:52.641+0800: 52.332: [GC (Allocation Failure) [PSYoungGen: 546384K->124421K(561152K)] 1754831K->1418084K(1959424K), 0.0216161 secs] [Times: user=0.17 sys=0.00, real=0.02 secs] 
2021-01-22T01:08:52.714+0800: 52.405: [GC (Allocation Failure) [PSYoungGen: 548869K->116596K(563200K)] 1842532K->1494094K(1961472K), 0.0211221 secs] [Times: user=0.16 sys=0.00, real=0.02 secs] 
2021-01-22T01:08:52.736+0800: 52.427: [Full GC (Ergonomics) [PSYoungGen: 116596K->0K(563200K)] [ParOldGen: 1377497K->370655K(1398272K)] 1494094K->370655K(1961472K), [Metaspace: 2817K->2817K(1056768K)], 0.0403669 secs] [Times: user=0.29 sys=0.00, real=0.04 secs] 
2021-01-22T01:08:52.821+0800: 52.512: [GC (Allocation Failure) [PSYoungGen: 427520K->119343K(563200K)] 798175K->489999K(1961472K), 0.0121284 secs] [Times: user=0.09 sys=0.00, real=0.01 secs] 
2021-01-22T01:08:52.879+0800: 52.571: [GC (Allocation Failure) [PSYoungGen: 546863K->124667K(564224K)] 917519K->573903K(1962496K), 0.0222726 secs] [Times: user=0.17 sys=0.00, real=0.02 secs] 
2021-01-22T01:08:52.949+0800: 52.640: [GC (Allocation Failure) [PSYoungGen: 553723K->128566K(558080K)] 1002959K->660531K(1956352K), 0.0214330 secs] [Times: user=0.16 sys=0.00, real=0.02 secs] 
2021-01-22T01:08:53.017+0800: 52.708: [GC (Allocation Failure) [PSYoungGen: 557622K->122457K(564224K)] 1089587K->735182K(1962496K), 0.0206431 secs] [Times: user=0.15 sys=0.01, real=0.03 secs] 
2021-01-22T01:08:53.090+0800: 52.781: [GC (Allocation Failure) [PSYoungGen: 551001K->119752K(563200K)] 1163726K->812287K(1961472K), 0.0202875 secs] [Times: user=0.15 sys=0.00, real=0.02 secs] 
2021-01-22T01:08:53.157+0800: 52.848: [GC (Allocation Failure) [PSYoungGen: 548296K->116385K(564736K)] 1240831K->894368K(1963008K), 0.0204358 secs] [Times: user=0.15 sys=0.00, real=0.02 secs] 
2021-01-22T01:08:53.226+0800: 52.917: [GC (Allocation Failure) [PSYoungGen: 546977K->121107K(564736K)] 1324960K->979033K(1963008K), 0.0209377 secs] [Times: user=0.16 sys=0.00, real=0.02 secs] 
2021-01-22T01:08:53.296+0800: 52.987: [GC (Allocation Failure) [PSYoungGen: 551699K->123102K(566272K)] 1409625K->1062835K(1964544K), 0.0209843 secs] [Times: user=0.16 sys=0.00, real=0.02 secs] 
2021-01-22T01:08:53.364+0800: 53.055: [GC (Allocation Failure) [PSYoungGen: 555742K->129239K(562176K)] 1495475K->1154111K(1960448K), 0.0217462 secs] [Times: user=0.16 sys=0.00, real=0.02 secs] 
2021-01-22T01:08:53.436+0800: 53.127: [GC (Allocation Failure) [PSYoungGen: 561879K->113251K(563712K)] 1586751K->1228318K(1961984K), 0.0214428 secs] [Times: user=0.16 sys=0.00, real=0.02 secs] 
2021-01-22T01:08:53.507+0800: 53.199: [GC (Allocation Failure) [PSYoungGen: 542819K->120425K(564224K)] 1657886K->1305015K(1962496K), 0.0203201 secs] [Times: user=0.14 sys=0.02, real=0.03 secs] 
2021-01-22T01:08:53.576+0800: 53.267: [GC (Allocation Failure) [PSYoungGen: 549993K->119372K(565760K)] 1734583K->1386172K(1964032K), 0.0210375 secs] [Times: user=0.16 sys=0.00, real=0.02 secs] 
2021-01-22T01:08:53.645+0800: 53.336: [GC (Allocation Failure) [PSYoungGen: 551500K->114261K(565248K)] 1818300K->1463405K(1963520K), 0.0206028 secs] [Times: user=0.15 sys=0.00, real=0.02 secs] 
2021-01-22T01:08:53.667+0800: 53.358: [Full GC (Ergonomics) [PSYoungGen: 114261K->0K(565248K)] [ParOldGen: 1349143K->368772K(1398272K)] 1463405K->368772K(1963520K), [Metaspace: 2817K->2817K(1056768K)], 0.0428508 secs] [Times: user=0.32 sys=0.00, real=0.05 secs] 
2021-01-22T01:08:53.762+0800: 53.453: [GC (Allocation Failure) [PSYoungGen: 432128K->129931K(561664K)] 800900K->498703K(1959936K), 0.0136675 secs] [Times: user=0.10 sys=0.00, real=0.01 secs] 
2021-01-22T01:08:53.825+0800: 53.516: [GC (Allocation Failure) [PSYoungGen: 558475K->120293K(563712K)] 927247K->575036K(1961984K), 0.0205673 secs] [Times: user=0.16 sys=0.00, real=0.02 secs] 
2021-01-22T01:08:53.892+0800: 53.583: [GC (Allocation Failure) [PSYoungGen: 548837K->119732K(565248K)] 1003580K->655456K(1963520K), 0.0197703 secs] [Times: user=0.15 sys=0.00, real=0.02 secs] 
2021-01-22T01:08:53.958+0800: 53.649: [GC (Allocation Failure) [PSYoungGen: 550836K->128940K(560128K)] 1086560K->743411K(1958400K), 0.0204796 secs] [Times: user=0.14 sys=0.02, real=0.03 secs] 
2021-01-22T01:08:54.028+0800: 53.719: [GC (Allocation Failure) [PSYoungGen: 559457K->125993K(563712K)] 1173928K->823983K(1961984K), 0.0210596 secs] [Times: user=0.16 sys=0.00, real=0.03 secs] 
2021-01-22T01:08:54.094+0800: 53.785: [GC (Allocation Failure) [PSYoungGen: 554537K->125255K(563712K)] 1252527K->907544K(1961984K), 0.0212064 secs] [Times: user=0.16 sys=0.00, real=0.02 secs] 
2021-01-22T01:08:54.162+0800: 53.853: [GC (Allocation Failure) [PSYoungGen: 553799K->124471K(564736K)] 1336088K->992751K(1963008K), 0.0212035 secs] [Times: user=0.16 sys=0.00, real=0.02 secs] 
2021-01-22T01:08:54.234+0800: 53.925: [GC (Allocation Failure) [PSYoungGen: 554551K->124448K(564224K)] 1422831K->1073449K(1962496K), 0.0214602 secs] [Times: user=0.15 sys=0.01, real=0.02 secs] 
2021-01-22T01:08:54.302+0800: 53.993: [GC (Allocation Failure) [PSYoungGen: 554334K->126255K(565248K)] 1503335K->1160104K(1963520K), 0.0220973 secs] [Times: user=0.17 sys=0.00, real=0.02 secs] 
2021-01-22T01:08:54.374+0800: 54.065: [GC (Allocation Failure) [PSYoungGen: 557871K->122311K(565248K)] 1591720K->1244169K(1963520K), 0.0218389 secs] [Times: user=0.16 sys=0.00, real=0.02 secs] 
2021-01-22T01:08:54.444+0800: 54.136: [GC (Allocation Failure) [PSYoungGen: 553927K->133090K(560640K)] 1675785K->1342446K(1958912K), 0.0227391 secs] [Times: user=0.17 sys=0.00, real=0.02 secs] 
2021-01-22T01:08:54.514+0800: 54.205: [GC (Allocation Failure) [PSYoungGen: 560610K->128640K(556544K)] 1769966K->1429680K(1954816K), 0.0232129 secs] [Times: user=0.18 sys=0.00, real=0.02 secs] 
2021-01-22T01:08:54.538+0800: 54.229: [Full GC (Ergonomics) [PSYoungGen: 128640K->0K(556544K)] [ParOldGen: 1301040K->399649K(1398272K)] 1429680K->399649K(1954816K), [Metaspace: 2817K->2817K(1056768K)], 0.0440695 secs] [Times: user=0.30 sys=0.01, real=0.05 secs] 
2021-01-22T01:08:54.632+0800: 54.323: [GC (Allocation Failure) [PSYoungGen: 427520K->130843K(560640K)] 827169K->530493K(1958912K), 0.0133550 secs] [Times: user=0.10 sys=0.00, real=0.01 secs] 
2021-01-22T01:08:54.692+0800: 54.383: [GC (Allocation Failure) [PSYoungGen: 555291K->131682K(556544K)] 954941K->617535K(1954816K), 0.0216234 secs] [Times: user=0.17 sys=0.00, real=0.02 secs] 
2021-01-22T01:08:54.760+0800: 54.451: [GC (Allocation Failure) [PSYoungGen: 556130K->125959K(561664K)] 1041983K->697398K(1959936K), 0.0217411 secs] [Times: user=0.17 sys=0.00, real=0.02 secs] 
2021-01-22T01:08:54.831+0800: 54.522: [GC (Allocation Failure) [PSYoungGen: 549383K->124018K(560640K)] 1120822K->782975K(1958912K), 0.0277636 secs] [Times: user=0.22 sys=0.00, real=0.03 secs] 
2021-01-22T01:08:54.912+0800: 54.603: [GC (Allocation Failure) [PSYoungGen: 547442K->112640K(560128K)] 1206399K->852984K(1958400K), 0.0200608 secs] [Times: user=0.15 sys=0.01, real=0.02 secs] 
2021-01-22T01:08:54.981+0800: 54.672: [GC (Allocation Failure) [PSYoungGen: 536064K->118428K(561152K)] 1276408K->938152K(1959424K), 0.0201294 secs] [Times: user=0.16 sys=0.00, real=0.02 secs] 
2021-01-22T01:08:55.050+0800: 54.741: [GC (Allocation Failure) [PSYoungGen: 541852K->117455K(561664K)] 1361576K->1015276K(1959936K), 0.0199364 secs] [Times: user=0.15 sys=0.00, real=0.02 secs] 
2021-01-22T01:08:55.118+0800: 54.809: [GC (Allocation Failure) [PSYoungGen: 541903K->117416K(561664K)] 1439724K->1095441K(1959936K), 0.0208993 secs] [Times: user=0.13 sys=0.03, real=0.03 secs] 
2021-01-22T01:08:55.183+0800: 54.874: [GC (Allocation Failure) [PSYoungGen: 541607K->123290K(563200K)] 1519632K->1180993K(1961472K), 0.0209897 secs] [Times: user=0.17 sys=0.00, real=0.02 secs] 
2021-01-22T01:08:55.250+0800: 54.941: [GC (Allocation Failure) [PSYoungGen: 549786K->121142K(562176K)] 1607489K->1257505K(1960448K), 0.0207747 secs] [Times: user=0.15 sys=0.01, real=0.02 secs] 
2021-01-22T01:08:55.318+0800: 55.009: [GC (Allocation Failure) [PSYoungGen: 547638K->122680K(565248K)] 1684001K->1342200K(1963520K), 0.0215265 secs] [Times: user=0.16 sys=0.00, real=0.03 secs] 
2021-01-22T01:08:55.385+0800: 55.076: [GC (Allocation Failure) [PSYoungGen: 553272K->126085K(564224K)] 1772792K->1427132K(1962496K), 0.0222244 secs] [Times: user=0.16 sys=0.00, real=0.02 secs] 
2021-01-22T01:08:55.456+0800: 55.147: [GC (Allocation Failure) [PSYoungGen: 556677K->131838K(560128K)] 1857724K->1521701K(1958400K), 0.0255709 secs] [Times: user=0.17 sys=0.03, real=0.03 secs] 
2021-01-22T01:08:55.483+0800: 55.174: [Full GC (Ergonomics) [PSYoungGen: 131838K->0K(560128K)] [ParOldGen: 1389863K->390721K(1398272K)] 1521701K->390721K(1958400K), [Metaspace: 2817K->2817K(1056768K)], 0.0421531 secs] [Times: user=0.29 sys=0.00, real=0.04 secs] 
2021-01-22T01:08:55.573+0800: 55.264: [GC (Allocation Failure) [PSYoungGen: 426496K->125835K(562688K)] 817217K->516557K(1960960K), 0.0127525 secs] [Times: user=0.09 sys=0.00, real=0.01 secs] 
2021-01-22T01:08:55.632+0800: 55.323: [GC (Allocation Failure) [PSYoungGen: 552331K->135233K(557056K)] 943053K->609264K(1955328K), 0.0215287 secs] [Times: user=0.16 sys=0.00, real=0.02 secs] 
2021-01-22T01:08:55.696+0800: 55.387: [GC (Allocation Failure) [PSYoungGen: 556391K->136491K(558080K)] 1030422K->700436K(1956352K), 0.0225186 secs] [Times: user=0.17 sys=0.00, real=0.03 secs] 
2021-01-22T01:08:55.766+0800: 55.457: [GC (Allocation Failure) [PSYoungGen: 557867K->130506K(557056K)] 1121812K->783392K(1955328K), 0.0220383 secs] [Times: user=0.15 sys=0.00, real=0.03 secs] 
2021-01-22T01:08:55.835+0800: 55.526: [GC (Allocation Failure) [PSYoungGen: 546762K->114326K(530944K)] 1199648K->860162K(1929216K), 0.0210002 secs] [Times: user=0.16 sys=0.00, real=0.02 secs] 
2021-01-22T01:08:55.903+0800: 55.594: [GC (Allocation Failure) [PSYoungGen: 530582K->116662K(557056K)] 1276418K->941912K(1955328K), 0.0201522 secs] [Times: user=0.15 sys=0.00, real=0.02 secs] 
2021-01-22T01:08:55.971+0800: 55.662: [GC (Allocation Failure) [PSYoungGen: 531382K->116341K(556544K)] 1356632K->1027813K(1954816K), 0.0236197 secs] [Times: user=0.18 sys=0.00, real=0.02 secs] 
2021-01-22T01:08:56.045+0800: 55.736: [GC (Allocation Failure) [PSYoungGen: 531061K->123036K(558592K)] 1442533K->1116098K(1956864K), 0.0216190 secs] [Times: user=0.16 sys=0.00, real=0.02 secs] 
2021-01-22T01:08:56.116+0800: 55.808: [GC (Allocation Failure) [PSYoungGen: 539804K->117954K(557056K)] 1532866K->1194826K(1955328K), 0.0215562 secs] [Times: user=0.16 sys=0.01, real=0.03 secs] 
2021-01-22T01:08:56.185+0800: 55.877: [GC (Allocation Failure) [PSYoungGen: 534722K->114203K(559616K)] 1611594K->1268671K(1957888K), 0.0204889 secs] [Times: user=0.16 sys=0.00, real=0.02 secs] 
2021-01-22T01:08:56.256+0800: 55.947: [GC (Allocation Failure) [PSYoungGen: 534555K->121724K(559616K)] 1689023K->1357229K(1957888K), 0.0217152 secs] [Times: user=0.16 sys=0.00, real=0.02 secs] 
2021-01-22T01:08:56.324+0800: 56.015: [GC (Allocation Failure) [PSYoungGen: 542076K->121876K(562688K)] 1777581K->1432905K(1960960K), 0.0216615 secs] [Times: user=0.17 sys=0.00, real=0.02 secs] 
2021-01-22T01:08:56.347+0800: 56.038: [Full GC (Ergonomics) [PSYoungGen: 121876K->0K(562688K)] [ParOldGen: 1311029K->360419K(1398272K)] 1432905K->360419K(1960960K), [Metaspace: 2817K->2817K(1056768K)], 0.0388478 secs] [Times: user=0.28 sys=0.00, real=0.04 secs] 
2021-01-22T01:08:56.431+0800: 56.123: [GC (Allocation Failure) [PSYoungGen: 424960K->133632K(559104K)] 785379K->494051K(1957376K), 0.0135071 secs] [Times: user=0.10 sys=0.00, real=0.01 secs] 
2021-01-22T01:08:56.491+0800: 56.182: [GC (Allocation Failure) [PSYoungGen: 558592K->136128K(553472K)] 919011K->585518K(1951744K), 0.0224611 secs] [Times: user=0.17 sys=0.00, real=0.02 secs] 
2021-01-22T01:08:56.560+0800: 56.251: [GC (Allocation Failure) [PSYoungGen: 550336K->118162K(556544K)] 999726K->657493K(1954816K), 0.0206791 secs] [Times: user=0.15 sys=0.00, real=0.02 secs] 
2021-01-22T01:08:56.628+0800: 56.319: [GC (Allocation Failure) [PSYoungGen: 532370K->117959K(558080K)] 1071701K->732956K(1956352K), 0.0196903 secs] [Times: user=0.15 sys=0.01, real=0.03 secs] 
2021-01-22T01:08:56.690+0800: 56.381: [GC (Allocation Failure) [PSYoungGen: 533924K->124804K(557056K)] 1148921K->813019K(1955328K), 0.0205961 secs] [Times: user=0.16 sys=0.00, real=0.02 secs] 
2021-01-22T01:08:56.757+0800: 56.448: [GC (Allocation Failure) [PSYoungGen: 541060K->124825K(560128K)] 1229275K->898394K(1958400K), 0.0214518 secs] [Times: user=0.15 sys=0.01, real=0.03 secs] 
2021-01-22T01:08:56.825+0800: 56.516: [GC (Allocation Failure) [PSYoungGen: 545177K->128267K(559104K)] 1318746K->984902K(1957376K), 0.0216396 secs] [Times: user=0.17 sys=0.00, real=0.02 secs] 
2021-01-22T01:08:56.895+0800: 56.586: [GC (Allocation Failure) [PSYoungGen: 548619K->125814K(560640K)] 1405254K->1068383K(1958912K), 0.0215935 secs] [Times: user=0.17 sys=0.00, real=0.02 secs] 
2021-01-22T01:08:56.962+0800: 56.653: [GC (Allocation Failure) [PSYoungGen: 547702K->129304K(560128K)] 1490271K->1155008K(1958400K), 0.0217278 secs] [Times: user=0.17 sys=0.00, real=0.02 secs] 
2021-01-22T01:08:57.029+0800: 56.720: [GC (Allocation Failure) [PSYoungGen: 551192K->122891K(561152K)] 1576896K->1233837K(1959424K), 0.0214543 secs] [Times: user=0.17 sys=0.00, real=0.02 secs] 
2021-01-22T01:08:57.097+0800: 56.788: [GC (Allocation Failure) [PSYoungGen: 545291K->130427K(560128K)] 1656237K->1324587K(1958400K), 0.0226775 secs] [Times: user=0.18 sys=0.00, real=0.03 secs] 
2021-01-22T01:08:57.171+0800: 56.862: [GC (Allocation Failure) [PSYoungGen: 552827K->123414K(561664K)] 1746987K->1402911K(1959936K), 0.0247102 secs] [Times: user=0.19 sys=0.00, real=0.02 secs] 
2021-01-22T01:08:57.246+0800: 56.937: [GC (Allocation Failure) [PSYoungGen: 546838K->128211K(560640K)] 1826335K->1485967K(1958912K), 0.0216052 secs] [Times: user=0.16 sys=0.00, real=0.02 secs] 
2021-01-22T01:08:57.268+0800: 56.959: [Full GC (Ergonomics) [PSYoungGen: 128211K->0K(560640K)] [ParOldGen: 1357756K->383034K(1398272K)] 1485967K->383034K(1958912K), [Metaspace: 2817K->2817K(1056768K)], 0.0409041 secs] [Times: user=0.30 sys=0.00, real=0.05 secs] 
2021-01-22T01:08:57.356+0800: 57.047: [GC (Allocation Failure) [PSYoungGen: 423424K->121325K(562176K)] 806458K->504359K(1960448K), 0.0122776 secs] [Times: user=0.08 sys=0.01, real=0.02 secs] 
2021-01-22T01:08:57.412+0800: 57.104: [GC (Allocation Failure) [PSYoungGen: 546285K->136687K(561664K)] 929319K->593007K(1959936K), 0.0210562 secs] [Times: user=0.16 sys=0.00, real=0.02 secs] 
2021-01-22T01:08:57.482+0800: 57.173: [GC (Allocation Failure) [PSYoungGen: 561647K->121909K(504320K)] 1017967K->670069K(1902592K), 0.0209972 secs] [Times: user=0.16 sys=0.00, real=0.02 secs] 
2021-01-22T01:08:57.542+0800: 57.233: [GC (Allocation Failure) [PSYoungGen: 489013K->110936K(532992K)] 1037173K->741287K(1931264K), 0.0193331 secs] [Times: user=0.15 sys=0.00, real=0.02 secs] 
2021-01-22T01:08:57.601+0800: 57.292: [GC (Allocation Failure) [PSYoungGen: 478040K->107844K(531968K)] 1108391K->816303K(1930240K), 0.0194170 secs] [Times: user=0.15 sys=0.00, real=0.02 secs] 
2021-01-22T01:08:57.660+0800: 57.351: [GC (Allocation Failure) [PSYoungGen: 473924K->120084K(532480K)] 1182383K->901146K(1930752K), 0.0199682 secs] [Times: user=0.15 sys=0.00, real=0.02 secs] 
2021-01-22T01:08:57.721+0800: 57.412: [GC (Allocation Failure) [PSYoungGen: 486164K->112341K(536064K)] 1267226K->976233K(1934336K), 0.0203668 secs] [Times: user=0.15 sys=0.00, real=0.02 secs] 
2021-01-22T01:08:57.783+0800: 57.474: [GC (Allocation Failure) [PSYoungGen: 484337K->119391K(535040K)] 1348229K->1063098K(1933312K), 0.0205949 secs] [Times: user=0.15 sys=0.00, real=0.02 secs] 
2021-01-22T01:08:57.846+0800: 57.537: [GC (Allocation Failure) [PSYoungGen: 491615K->112473K(540160K)] 1435322K->1135886K(1938432K), 0.0198493 secs] [Times: user=0.16 sys=0.00, real=0.02 secs] 
2021-01-22T01:08:57.908+0800: 57.599: [GC (Allocation Failure) [PSYoungGen: 492377K->109867K(538624K)] 1515790K->1216594K(1936896K), 0.0201033 secs] [Times: user=0.15 sys=0.00, real=0.03 secs] 
2021-01-22T01:08:57.971+0800: 57.662: [GC (Allocation Failure) [PSYoungGen: 489771K->109088K(542720K)] 1596498K->1288456K(1940992K), 0.0192839 secs] [Times: user=0.15 sys=0.00, real=0.02 secs] 
2021-01-22T01:08:58.034+0800: 57.725: [GC (Allocation Failure) [PSYoungGen: 493370K->107752K(541184K)] 1672738K->1362938K(1939456K), 0.0198923 secs] [Times: user=0.15 sys=0.00, real=0.02 secs] 
2021-01-22T01:08:58.095+0800: 57.786: [GC (Allocation Failure) [PSYoungGen: 492776K->110890K(545792K)] 1747962K->1443463K(1944064K), 0.0204467 secs] [Times: user=0.15 sys=0.00, real=0.02 secs] 
2021-01-22T01:08:58.117+0800: 57.808: [Full GC (Ergonomics) [PSYoungGen: 110890K->0K(545792K)] [ParOldGen: 1332573K->370808K(1398272K)] 1443463K->370808K(1944064K), [Metaspace: 2817K->2817K(1056768K)], 0.0415555 secs] [Times: user=0.29 sys=0.01, real=0.05 secs] 
2021-01-22T01:08:58.203+0800: 57.894: [GC (Allocation Failure) [PSYoungGen: 390656K->117033K(543744K)] 761464K->487841K(1942016K), 0.0127180 secs] [Times: user=0.08 sys=0.00, real=0.01 secs] 
2021-01-22T01:08:58.265+0800: 57.956: [GC (Allocation Failure) [PSYoungGen: 507689K->117896K(551936K)] 878497K->570139K(1950208K), 0.0217727 secs] [Times: user=0.17 sys=0.00, real=0.02 secs] 
2021-01-22T01:08:58.333+0800: 58.024: [GC (Allocation Failure) [PSYoungGen: 519816K->122635K(548864K)] 972059K->654595K(1947136K), 0.0201165 secs] [Times: user=0.15 sys=0.00, real=0.02 secs] 
2021-01-22T01:08:58.399+0800: 58.090: [GC (Allocation Failure) [PSYoungGen: 524555K->117727K(555520K)] 1056515K->731255K(1953792K), 0.0198394 secs] [Times: user=0.15 sys=0.00, real=0.02 secs] 
2021-01-22T01:08:58.464+0800: 58.155: [GC (Allocation Failure) [PSYoungGen: 527327K->129876K(552960K)] 1140855K->821490K(1951232K), 0.0211206 secs] [Times: user=0.16 sys=0.00, real=0.02 secs] 
2021-01-22T01:08:58.532+0800: 58.223: [GC (Allocation Failure) [PSYoungGen: 539476K->117541K(556032K)] 1231090K->900711K(1954304K), 0.0278239 secs] [Times: user=0.21 sys=0.00, real=0.03 secs] 
2021-01-22T01:08:58.602+0800: 58.294: [GC (Allocation Failure) [PSYoungGen: 528677K->127951K(553984K)] 1311847K->986098K(1952256K), 0.0209955 secs] [Times: user=0.16 sys=0.00, real=0.02 secs] 
2021-01-22T01:08:58.668+0800: 58.359: [GC (Allocation Failure) [PSYoungGen: 539087K->111855K(556032K)] 1397234K->1057346K(1954304K), 0.0205723 secs] [Times: user=0.15 sys=0.01, real=0.03 secs] 
2021-01-22T01:08:58.733+0800: 58.424: [GC (Allocation Failure) [PSYoungGen: 524015K->120246K(555008K)] 1469506K->1137311K(1953280K), 0.0199485 secs] [Times: user=0.15 sys=0.00, real=0.02 secs] 
2021-01-22T01:08:58.799+0800: 58.490: [GC (Allocation Failure) [PSYoungGen: 532406K->123107K(559104K)] 1549471K->1222643K(1957376K), 0.0222531 secs] [Times: user=0.17 sys=0.00, real=0.02 secs] 
2021-01-22T01:08:58.870+0800: 58.561: [GC (Allocation Failure) [PSYoungGen: 541411K->125743K(558080K)] 1640947K->1310974K(1956352K), 0.0223669 secs] [Times: user=0.17 sys=0.00, real=0.02 secs] 
2021-01-22T01:08:58.936+0800: 58.627: [GC (Allocation Failure) [PSYoungGen: 544047K->124245K(559616K)] 1729278K->1394599K(1957888K), 0.0221251 secs] [Times: user=0.16 sys=0.01, real=0.03 secs] 
2021-01-22T01:08:59.007+0800: 58.698: [GC (Allocation Failure) [PSYoungGen: 543573K->112577K(558592K)] 1813927K->1472978K(1956864K), 0.0218311 secs] [Times: user=0.15 sys=0.02, real=0.03 secs] 
2021-01-22T01:08:59.030+0800: 58.721: [Full GC (Ergonomics) [PSYoungGen: 112577K->0K(558592K)] [ParOldGen: 1360401K->372079K(1398272K)] 1472978K->372079K(1956864K), [Metaspace: 2817K->2817K(1056768K)], 0.0405238 secs] [Times: user=0.29 sys=0.00, real=0.04 secs] 
2021-01-22T01:08:59.116+0800: 58.807: [GC (Allocation Failure) [PSYoungGen: 419328K->125301K(559616K)] 791407K->497381K(1957888K), 0.0165514 secs] [Times: user=0.13 sys=0.00, real=0.02 secs] 
2021-01-22T01:08:59.178+0800: 58.869: [GC (Allocation Failure) [PSYoungGen: 545653K->126072K(559616K)] 917733K->581277K(1957888K), 0.0206222 secs] [Times: user=0.16 sys=0.00, real=0.03 secs] 
2021-01-22T01:08:59.244+0800: 58.935: [GC (Allocation Failure) [PSYoungGen: 546424K->123927K(560128K)] 1001629K->659537K(1958400K), 0.0208287 secs] [Times: user=0.15 sys=0.00, real=0.02 secs] 
2021-01-22T01:08:59.315+0800: 59.007: [GC (Allocation Failure) [PSYoungGen: 544791K->119025K(559616K)] 1080401K->736782K(1957888K), 0.0208723 secs] [Times: user=0.16 sys=0.00, real=0.02 secs] 
2021-01-22T01:08:59.390+0800: 59.081: [GC (Allocation Failure) [PSYoungGen: 539889K->123328K(562176K)] 1157646K->825552K(1960448K), 0.0217621 secs] [Times: user=0.16 sys=0.00, real=0.02 secs] 
2021-01-22T01:08:59.464+0800: 59.155: [GC (Allocation Failure) [PSYoungGen: 548288K->128105K(561664K)] 1250512K->912406K(1959936K), 0.0275809 secs] [Times: user=0.21 sys=0.00, real=0.03 secs] 
2021-01-22T01:08:59.539+0800: 59.230: [GC (Allocation Failure) [PSYoungGen: 553065K->114874K(561664K)] 1337366K->982844K(1959936K), 0.0206071 secs] [Times: user=0.15 sys=0.00, real=0.02 secs] 
2021-01-22T01:08:59.608+0800: 59.299: [GC (Allocation Failure) [PSYoungGen: 539322K->127859K(552448K)] 1407292K->1072621K(1950720K), 0.0220786 secs] [Times: user=0.17 sys=0.00, real=0.02 secs] 
2021-01-22T01:08:59.678+0800: 59.369: [GC (Allocation Failure) [PSYoungGen: 552307K->119937K(562176K)] 1497069K->1147469K(1960448K), 0.0216311 secs] [Times: user=0.15 sys=0.01, real=0.03 secs] 
2021-01-22T01:08:59.744+0800: 59.435: [GC (Allocation Failure) [PSYoungGen: 543873K->128099K(560640K)] 1571405K->1235372K(1958912K), 0.0213737 secs] [Times: user=0.16 sys=0.00, real=0.02 secs] 
2021-01-22T01:08:59.815+0800: 59.506: [GC (Allocation Failure) [PSYoungGen: 552035K->124823K(561664K)] 1659308K->1315708K(1959936K), 0.0219910 secs] [Times: user=0.17 sys=0.00, real=0.02 secs] 
2021-01-22T01:08:59.882+0800: 59.573: [GC (Allocation Failure) [PSYoungGen: 548759K->123271K(561152K)] 1739644K->1393081K(1959424K), 0.0213518 secs] [Times: user=0.16 sys=0.00, real=0.02 secs] 
2021-01-22T01:08:59.951+0800: 59.642: [GC (Allocation Failure) [PSYoungGen: 547207K->125143K(563200K)] 1817017K->1477038K(1961472K), 0.0226830 secs] [Times: user=0.16 sys=0.01, real=0.02 secs] 
2021-01-22T01:08:59.975+0800: 59.666: [Full GC (Ergonomics) [PSYoungGen: 125143K->0K(563200K)] [ParOldGen: 1351895K->375327K(1398272K)] 1477038K->375327K(1961472K), [Metaspace: 2817K->2817K(1056768K)], 0.0412174 secs] [Times: user=0.29 sys=0.01, real=0.04 secs] 
2021-01-22T01:09:00.059+0800: 59.750: [GC (Allocation Failure) [PSYoungGen: 427520K->124573K(563200K)] 802847K->499901K(1961472K), 0.0125232 secs] [Times: user=0.10 sys=0.00, real=0.01 secs] 
2021-01-22T01:09:00.119+0800: 59.810: [GC (Allocation Failure) [PSYoungGen: 552093K->119576K(564736K)] 927421K->580595K(1963008K), 0.0212784 secs] [Times: user=0.17 sys=0.00, real=0.02 secs] 
2021-01-22T01:09:00.186+0800: 59.877: [GC (Allocation Failure) [PSYoungGen: 549656K->132475K(562688K)] 1010675K->674813K(1960960K), 0.0210761 secs] [Times: user=0.16 sys=0.00, real=0.02 secs] 
2021-01-22T01:09:00.255+0800: 59.946: [GC (Allocation Failure) [PSYoungGen: 562555K->126587K(561664K)] 1104893K->752113K(1959936K), 0.0215068 secs] [Times: user=0.16 sys=0.00, real=0.02 secs] 
2021-01-22T01:09:00.324+0800: 60.016: [GC (Allocation Failure) [PSYoungGen: 552059K->126605K(562176K)] 1177585K->839127K(1960448K), 0.0213167 secs] [Times: user=0.16 sys=0.00, real=0.02 secs] 
Heap
 PSYoungGen      total 562176K, used 379695K [0x00000000d5580000, 0x0000000100000000, 0x0000000100000000)
  eden space 425472K, 59% used [0x00000000d5580000,0x00000000e4ca8a28,0x00000000ef500000)
  from space 136704K, 92% used [0x00000000ef500000,0x00000000f70a34f0,0x00000000f7a80000)
  to   space 136192K, 0% used [0x00000000f7b00000,0x00000000f7b00000,0x0000000100000000)
 ParOldGen       total 1398272K, used 712522K [0x0000000080000000, 0x00000000d5580000, 0x00000000d5580000)
  object space 1398272K, 50% used [0x0000000080000000,0x00000000ab7d2928,0x00000000d5580000)
 Metaspace       used 2823K, capacity 4490K, committed 4864K, reserved 1056768K
  class space    used 293K, capacity 386K, committed 512K, reserved 1048576K
