OpenJDK 64-Bit Server VM (25.252-b09) for linux-amd64 JRE (1.8.0_252-8u252-b09-1ubuntu1-b09), built on Apr 16 2020 08:47:49 by "buildd" with gcc 9.3.0
Memory: 4k page, physical 39286120k(39105040k free), swap 10485760k(10485760k free)
CommandLine flags: -XX:InitialHeapSize=4294967296 -XX:MaxHeapSize=4294967296 -XX:+PrintGC -XX:+PrintGCDateStamps -XX:+PrintGCDetails -XX:+PrintGCTimeStamps -XX:+UseCompressedClassPointers -XX:+UseCompressedOops -XX:+UseSerialGC 
2021-01-22T00:43:15.061+0800: 0.399: [GC (Allocation Failure) 2021-01-22T00:43:15.061+0800: 0.399: [DefNew: 1118528K->139776K(1258304K), 0.0616253 secs] 1118528K->234280K(4054528K), 0.0625737 secs] [Times: user=0.05 sys=0.02, real=0.06 secs] 
2021-01-22T00:43:15.262+0800: 0.600: [GC (Allocation Failure) 2021-01-22T00:43:15.277+0800: 0.615: [DefNew: 1258304K->139775K(1258304K), 0.0733246 secs] 1352808K->384672K(4054528K), 0.0885215 secs] [Times: user=0.01 sys=0.06, real=0.09 secs] 
2021-01-22T00:43:15.486+0800: 0.824: [GC (Allocation Failure) 2021-01-22T00:43:15.486+0800: 0.824: [DefNew: 1258303K->139775K(1258304K), 0.0610983 secs] 1503200K->562766K(4054528K), 0.0620521 secs] [Times: user=0.02 sys=0.04, real=0.07 secs] 
2021-01-22T00:43:15.684+0800: 1.022: [GC (Allocation Failure) 2021-01-22T00:43:15.684+0800: 1.022: [DefNew: 1258303K->139775K(1258304K), 0.0570431 secs] 1681294K->715536K(4054528K), 0.0580064 secs] [Times: user=0.04 sys=0.02, real=0.06 secs] 
2021-01-22T00:43:15.879+0800: 1.217: [GC (Allocation Failure) 2021-01-22T00:43:15.879+0800: 1.217: [DefNew: 1258303K->139775K(1258304K), 0.0606707 secs] 1834064K->867648K(4054528K), 0.0615540 secs] [Times: user=0.03 sys=0.03, real=0.06 secs] 
2021-01-22T00:43:16.072+0800: 1.409: [GC (Allocation Failure) 2021-01-22T00:43:16.072+0800: 1.410: [DefNew: 1258303K->139775K(1258304K), 0.0595700 secs] 1986176K->1017615K(4054528K), 0.0603845 secs] [Times: user=0.05 sys=0.01, real=0.06 secs] 
2021-01-22T00:43:16.273+0800: 1.611: [GC (Allocation Failure) 2021-01-22T00:43:16.273+0800: 1.611: [DefNew: 1258303K->139776K(1258304K), 0.0636761 secs] 2136143K->1169776K(4054528K), 0.0645433 secs] [Times: user=0.04 sys=0.02, real=0.06 secs] 
2021-01-22T00:43:16.487+0800: 1.825: [GC (Allocation Failure) 2021-01-22T00:43:16.488+0800: 1.825: [DefNew: 1258304K->139776K(1258304K), 0.0674620 secs] 2288304K->1327265K(4054528K), 0.0682245 secs] [Times: user=0.03 sys=0.04, real=0.07 secs] 
2021-01-22T00:43:16.696+0800: 2.034: [GC (Allocation Failure) 2021-01-22T00:43:16.696+0800: 2.034: [DefNew: 1258304K->139776K(1258304K), 0.0613172 secs] 2445793K->1488449K(4054528K), 0.0622203 secs] [Times: user=0.04 sys=0.02, real=0.07 secs] 
2021-01-22T00:43:16.921+0800: 2.259: [GC (Allocation Failure) 2021-01-22T00:43:16.921+0800: 2.259: [DefNew: 1258304K->139775K(1258304K), 0.0613497 secs] 2606977K->1636379K(4054528K), 0.0620893 secs] [Times: user=0.03 sys=0.03, real=0.06 secs] 
2021-01-22T00:43:17.127+0800: 2.465: [GC (Allocation Failure) 2021-01-22T00:43:17.127+0800: 2.465: [DefNew: 1258303K->139775K(1258304K), 0.0606687 secs] 2754907K->1793813K(4054528K), 0.0615094 secs] [Times: user=0.03 sys=0.03, real=0.07 secs] 
2021-01-22T00:43:17.333+0800: 2.671: [GC (Allocation Failure) 2021-01-22T00:43:17.333+0800: 2.671: [DefNew: 1258303K->139776K(1258304K), 0.0574569 secs] 2912341K->1929389K(4054528K), 0.0582025 secs] [Times: user=0.01 sys=0.05, real=0.06 secs] 
2021-01-22T00:43:17.537+0800: 2.875: [GC (Allocation Failure) 2021-01-22T00:43:17.538+0800: 2.876: [DefNew: 1258304K->139775K(1258304K), 0.0726032 secs] 3047917K->2089274K(4054528K), 0.0734412 secs] [Times: user=0.04 sys=0.03, real=0.08 secs] 
2021-01-22T00:43:17.762+0800: 3.099: [GC (Allocation Failure) 2021-01-22T00:43:17.762+0800: 3.100: [DefNew: 1258303K->139775K(1258304K), 0.0657455 secs] 3207802K->2256330K(4054528K), 0.0664841 secs] [Times: user=0.03 sys=0.03, real=0.07 secs] 
2021-01-22T00:43:17.969+0800: 3.307: [GC (Allocation Failure) 2021-01-22T00:43:17.969+0800: 3.307: [DefNew: 1258303K->139775K(1258304K), 0.0525099 secs] 3374858K->2387360K(4054528K), 0.0535388 secs] [Times: user=0.03 sys=0.02, real=0.05 secs] 
2021-01-22T00:43:18.153+0800: 3.491: [GC (Allocation Failure) 2021-01-22T00:43:18.154+0800: 3.492: [DefNew: 1258303K->139775K(1258304K), 0.0579003 secs] 3505888K->2540226K(4054528K), 0.0588358 secs] [Times: user=0.01 sys=0.05, real=0.06 secs] 
2021-01-22T00:43:18.345+0800: 3.683: [GC (Allocation Failure) 2021-01-22T00:43:18.346+0800: 3.684: [DefNew: 1258303K->139775K(1258304K), 0.0572246 secs] 3658754K->2686097K(4054528K), 0.0580916 secs] [Times: user=0.03 sys=0.03, real=0.06 secs] 
2021-01-22T00:43:18.546+0800: 3.884: [GC (Allocation Failure) 2021-01-22T00:43:18.547+0800: 3.885: [DefNew: 1258303K->139776K(1258304K), 0.0578152 secs] 3804625K->2831148K(4054528K), 0.0587517 secs] [Times: user=0.01 sys=0.05, real=0.06 secs] 
2021-01-22T00:43:18.748+0800: 4.086: [GC (Allocation Failure) 2021-01-22T00:43:18.748+0800: 4.086: [DefNew: 1258304K->1258304K(1258304K), 0.0002425 secs]2021-01-22T00:43:18.749+0800: 4.087: [Tenured: 2691372K->463230K(2796224K), 0.0530711 secs] 3949676K->463230K(4054528K), [Metaspace: 2816K->2816K(1056768K)], 0.0543377 secs] [Times: user=0.05 sys=0.00, real=0.06 secs] 
2021-01-22T00:43:18.933+0800: 4.271: [GC (Allocation Failure) 2021-01-22T00:43:18.934+0800: 4.271: [DefNew: 1118528K->139775K(1258304K), 0.0336237 secs] 1581758K->705469K(4054528K), 0.0345654 secs] [Times: user=0.03 sys=0.00, real=0.03 secs] 
2021-01-22T00:43:19.097+0800: 4.435: [GC (Allocation Failure) 2021-01-22T00:43:19.098+0800: 4.436: [DefNew: 1258303K->139776K(1258304K), 0.0389389 secs] 1823997K->855588K(4054528K), 0.0402027 secs] [Times: user=0.04 sys=0.00, real=0.04 secs] 
2021-01-22T00:43:19.265+0800: 4.603: [GC (Allocation Failure) 2021-01-22T00:43:19.266+0800: 4.604: [DefNew: 1258304K->139775K(1258304K), 0.0432069 secs] 1974116K->1022789K(4054528K), 0.0441147 secs] [Times: user=0.04 sys=0.00, real=0.05 secs] 
2021-01-22T00:43:19.441+0800: 4.779: [GC (Allocation Failure) 2021-01-22T00:43:19.441+0800: 4.779: [DefNew: 1258303K->139775K(1258304K), 0.0386473 secs] 2141317K->1173729K(4054528K), 0.0396879 secs] [Times: user=0.04 sys=0.00, real=0.04 secs] 
2021-01-22T00:43:19.610+0800: 4.948: [GC (Allocation Failure) 2021-01-22T00:43:19.611+0800: 4.949: [DefNew: 1258303K->139775K(1258304K), 0.0397955 secs] 2292257K->1336679K(4054528K), 0.0407645 secs] [Times: user=0.04 sys=0.00, real=0.04 secs] 
2021-01-22T00:43:19.788+0800: 5.126: [GC (Allocation Failure) 2021-01-22T00:43:19.788+0800: 5.126: [DefNew: 1258303K->139775K(1258304K), 0.0447817 secs] 2455207K->1482326K(4054528K), 0.0455008 secs] [Times: user=0.04 sys=0.00, real=0.05 secs] 
2021-01-22T00:43:19.975+0800: 5.313: [GC (Allocation Failure) 2021-01-22T00:43:19.975+0800: 5.313: [DefNew: 1258303K->139776K(1258304K), 0.0395376 secs] 2600854K->1635026K(4054528K), 0.0406369 secs] [Times: user=0.04 sys=0.00, real=0.04 secs] 
2021-01-22T00:43:20.161+0800: 5.499: [GC (Allocation Failure) 2021-01-22T00:43:20.162+0800: 5.500: [DefNew: 1258304K->139775K(1258304K), 0.0423970 secs] 2753554K->1782752K(4054528K), 0.0431961 secs] [Times: user=0.04 sys=0.00, real=0.04 secs] 
2021-01-22T00:43:20.348+0800: 5.686: [GC (Allocation Failure) 2021-01-22T00:43:20.349+0800: 5.687: [DefNew: 1258303K->139775K(1258304K), 0.0433892 secs] 2901280K->1941785K(4054528K), 0.0443153 secs] [Times: user=0.04 sys=0.00, real=0.04 secs] 
2021-01-22T00:43:20.530+0800: 5.868: [GC (Allocation Failure) 2021-01-22T00:43:20.530+0800: 5.868: [DefNew: 1258303K->139775K(1258304K), 0.0402596 secs] 3060313K->2091851K(4054528K), 0.0411613 secs] [Times: user=0.04 sys=0.00, real=0.04 secs] 
2021-01-22T00:43:20.707+0800: 6.045: [GC (Allocation Failure) 2021-01-22T00:43:20.708+0800: 6.045: [DefNew: 1258303K->139775K(1258304K), 0.0399056 secs] 3210379K->2250418K(4054528K), 0.0411571 secs] [Times: user=0.04 sys=0.00, real=0.05 secs] 
2021-01-22T00:43:20.880+0800: 6.218: [GC (Allocation Failure) 2021-01-22T00:43:20.881+0800: 6.218: [DefNew: 1258303K->139775K(1258304K), 0.0420432 secs] 3368946K->2397501K(4054528K), 0.0430049 secs] [Times: user=0.04 sys=0.00, real=0.04 secs] 
2021-01-22T00:43:21.065+0800: 6.403: [GC (Allocation Failure) 2021-01-22T00:43:21.065+0800: 6.403: [DefNew: 1258303K->139775K(1258304K), 0.0394976 secs] 3516029K->2553796K(4054528K), 0.0403511 secs] [Times: user=0.04 sys=0.00, real=0.04 secs] 
2021-01-22T00:43:21.235+0800: 6.573: [GC (Allocation Failure) 2021-01-22T00:43:21.236+0800: 6.573: [DefNew: 1258303K->139775K(1258304K), 0.0387305 secs] 3672324K->2708087K(4054528K), 0.0397917 secs] [Times: user=0.04 sys=0.00, real=0.04 secs] 
2021-01-22T00:43:21.410+0800: 6.748: [GC (Allocation Failure) 2021-01-22T00:43:21.411+0800: 6.748: [DefNew: 1258303K->139776K(1258304K), 0.0465278 secs] 3826615K->2855117K(4054528K), 0.0474381 secs] [Times: user=0.05 sys=0.00, real=0.04 secs] 
2021-01-22T00:43:21.607+0800: 6.945: [GC (Allocation Failure) 2021-01-22T00:43:21.607+0800: 6.945: [DefNew: 1258304K->1258304K(1258304K), 0.0003574 secs]2021-01-22T00:43:21.608+0800: 6.946: [Tenured: 2715341K->473149K(2796224K), 0.0583730 secs] 3973645K->473149K(4054528K), [Metaspace: 2817K->2817K(1056768K)], 0.0602206 secs] [Times: user=0.05 sys=0.00, real=0.06 secs] 
2021-01-22T00:43:21.812+0800: 7.149: [GC (Allocation Failure) 2021-01-22T00:43:21.812+0800: 7.150: [DefNew: 1118528K->139776K(1258304K), 0.0368781 secs] 1591677K->718284K(4054528K), 0.0377209 secs] [Times: user=0.04 sys=0.00, real=0.04 secs] 
2021-01-22T00:43:21.996+0800: 7.334: [GC (Allocation Failure) 2021-01-22T00:43:21.997+0800: 7.335: [DefNew: 1258304K->139775K(1258304K), 0.0480421 secs] 1836812K->879625K(4054528K), 0.0488782 secs] [Times: user=0.05 sys=0.00, real=0.05 secs] 
2021-01-22T00:43:22.190+0800: 7.528: [GC (Allocation Failure) 2021-01-22T00:43:22.191+0800: 7.529: [DefNew: 1258303K->139776K(1258304K), 0.0421755 secs] 1998153K->1042486K(4054528K), 0.0431799 secs] [Times: user=0.05 sys=0.00, real=0.04 secs] 
2021-01-22T00:43:22.383+0800: 7.721: [GC (Allocation Failure) 2021-01-22T00:43:22.383+0800: 7.721: [DefNew: 1258304K->139775K(1258304K), 0.0479924 secs] 2161014K->1193494K(4054528K), 0.0488350 secs] [Times: user=0.04 sys=0.00, real=0.05 secs] 
2021-01-22T00:43:22.577+0800: 7.915: [GC (Allocation Failure) 2021-01-22T00:43:22.577+0800: 7.915: [DefNew: 1258303K->139775K(1258304K), 0.0376923 secs] 2312022K->1345226K(4054528K), 0.0386451 secs] [Times: user=0.04 sys=0.00, real=0.04 secs] 
2021-01-22T00:43:22.749+0800: 8.087: [GC (Allocation Failure) 2021-01-22T00:43:22.749+0800: 8.087: [DefNew: 1258303K->139776K(1258304K), 0.0408021 secs] 2463754K->1510500K(4054528K), 0.0416849 secs] [Times: user=0.04 sys=0.00, real=0.04 secs] 
2021-01-22T00:43:22.927+0800: 8.265: [GC (Allocation Failure) 2021-01-22T00:43:22.928+0800: 8.266: [DefNew: 1258304K->139775K(1258304K), 0.0363798 secs] 2629028K->1651587K(4054528K), 0.0372405 secs] [Times: user=0.03 sys=0.00, real=0.04 secs] 
2021-01-22T00:43:23.111+0800: 8.449: [GC (Allocation Failure) 2021-01-22T00:43:23.111+0800: 8.449: [DefNew: 1258303K->139775K(1258304K), 0.0418522 secs] 2770115K->1806159K(4054528K), 0.0427745 secs] [Times: user=0.04 sys=0.00, real=0.04 secs] 
2021-01-22T00:43:23.298+0800: 8.636: [GC (Allocation Failure) 2021-01-22T00:43:23.299+0800: 8.637: [DefNew: 1258303K->139776K(1258304K), 0.0433741 secs] 2924687K->1957199K(4054528K), 0.0442549 secs] [Times: user=0.05 sys=0.00, real=0.04 secs] 
2021-01-22T00:43:23.485+0800: 8.823: [GC (Allocation Failure) 2021-01-22T00:43:23.485+0800: 8.823: [DefNew: 1258304K->139775K(1258304K), 0.0370842 secs] 3075727K->2101667K(4054528K), 0.0381894 secs] [Times: user=0.04 sys=0.00, real=0.04 secs] 
2021-01-22T00:43:23.657+0800: 8.995: [GC (Allocation Failure) 2021-01-22T00:43:23.657+0800: 8.995: [DefNew: 1258303K->139775K(1258304K), 0.0386588 secs] 3220195K->2250377K(4054528K), 0.0395830 secs] [Times: user=0.04 sys=0.00, real=0.04 secs] 
2021-01-22T00:43:23.830+0800: 9.168: [GC (Allocation Failure) 2021-01-22T00:43:23.830+0800: 9.168: [DefNew: 1258303K->139776K(1258304K), 0.0449388 secs] 3368905K->2412007K(4054528K), 0.0459201 secs] [Times: user=0.05 sys=0.00, real=0.04 secs] 
2021-01-22T00:43:24.022+0800: 9.360: [GC (Allocation Failure) 2021-01-22T00:43:24.022+0800: 9.360: [DefNew: 1258304K->139775K(1258304K), 0.0398053 secs] 3530535K->2561137K(4054528K), 0.0406993 secs] [Times: user=0.04 sys=0.00, real=0.04 secs] 
2021-01-22T00:43:24.195+0800: 9.533: [GC (Allocation Failure) 2021-01-22T00:43:24.196+0800: 9.534: [DefNew: 1258303K->139776K(1258304K), 0.0390282 secs] 3679665K->2699725K(4054528K), 0.0403424 secs] [Times: user=0.04 sys=0.00, real=0.04 secs] 
2021-01-22T00:43:24.376+0800: 9.714: [GC (Allocation Failure) 2021-01-22T00:43:24.377+0800: 9.715: [DefNew: 1258304K->139776K(1258304K), 0.0442359 secs] 3818253K->2850885K(4054528K), 0.0451476 secs] [Times: user=0.05 sys=0.00, real=0.05 secs] 
2021-01-22T00:43:24.560+0800: 9.898: [GC (Allocation Failure) 2021-01-22T00:43:24.560+0800: 9.898: [DefNew: 1258304K->1258304K(1258304K), 0.0002949 secs]2021-01-22T00:43:24.561+0800: 9.899: [Tenured: 2711109K->462307K(2796224K), 0.0594169 secs] 3969413K->462307K(4054528K), [Metaspace: 2817K->2817K(1056768K)], 0.0611159 secs] [Times: user=0.06 sys=0.00, real=0.06 secs] 
2021-01-22T00:43:24.753+0800: 10.091: [GC (Allocation Failure) 2021-01-22T00:43:24.754+0800: 10.092: [DefNew: 1118528K->139776K(1258304K), 0.0336188 secs] 1580835K->714597K(4054528K), 0.0347359 secs] [Times: user=0.03 sys=0.00, real=0.03 secs] 
2021-01-22T00:43:24.913+0800: 10.251: [GC (Allocation Failure) 2021-01-22T00:43:24.914+0800: 10.252: [DefNew: 1258304K->139775K(1258304K), 0.0418471 secs] 1833125K->870943K(4054528K), 0.0429209 secs] [Times: user=0.05 sys=0.00, real=0.04 secs] 
2021-01-22T00:43:25.099+0800: 10.437: [GC (Allocation Failure) 2021-01-22T00:43:25.099+0800: 10.437: [DefNew: 1258303K->139776K(1258304K), 0.0414582 secs] 1989471K->1025417K(4054528K), 0.0422015 secs] [Times: user=0.04 sys=0.00, real=0.04 secs] 
2021-01-22T00:43:25.281+0800: 10.619: [GC (Allocation Failure) 2021-01-22T00:43:25.282+0800: 10.620: [DefNew: 1258304K->139775K(1258304K), 0.0411978 secs] 2143945K->1192249K(4054528K), 0.0421526 secs] [Times: user=0.04 sys=0.00, real=0.04 secs] 
2021-01-22T00:43:25.460+0800: 10.798: [GC (Allocation Failure) 2021-01-22T00:43:25.460+0800: 10.798: [DefNew: 1258303K->139776K(1258304K), 0.0400461 secs] 2310777K->1347856K(4054528K), 0.0407984 secs] [Times: user=0.04 sys=0.00, real=0.04 secs] 
2021-01-22T00:43:25.628+0800: 10.966: [GC (Allocation Failure) 2021-01-22T00:43:25.629+0800: 10.967: [DefNew: 1258304K->139775K(1258304K), 0.0405344 secs] 2466384K->1512132K(4054528K), 0.0413745 secs] [Times: user=0.04 sys=0.00, real=0.04 secs] 
2021-01-22T00:43:25.800+0800: 11.138: [GC (Allocation Failure) 2021-01-22T00:43:25.801+0800: 11.139: [DefNew: 1258303K->139775K(1258304K), 0.0393752 secs] 2630660K->1672453K(4054528K), 0.0402299 secs] [Times: user=0.04 sys=0.00, real=0.04 secs] 
2021-01-22T00:43:25.984+0800: 11.321: [GC (Allocation Failure) 2021-01-22T00:43:25.984+0800: 11.322: [DefNew: 1258303K->139775K(1258304K), 0.0401152 secs] 2790981K->1817095K(4054528K), 0.0411580 secs] [Times: user=0.04 sys=0.00, real=0.04 secs] 
2021-01-22T00:43:26.159+0800: 11.497: [GC (Allocation Failure) 2021-01-22T00:43:26.160+0800: 11.498: [DefNew: 1258303K->139775K(1258304K), 0.0406940 secs] 2935623K->1967929K(4054528K), 0.0417183 secs] [Times: user=0.04 sys=0.00, real=0.04 secs] 
2021-01-22T00:43:26.331+0800: 11.669: [GC (Allocation Failure) 2021-01-22T00:43:26.331+0800: 11.669: [DefNew: 1258303K->139775K(1258304K), 0.0399755 secs] 3086457K->2121032K(4054528K), 0.0409454 secs] [Times: user=0.04 sys=0.00, real=0.04 secs] 
2021-01-22T00:43:26.505+0800: 11.843: [GC (Allocation Failure) 2021-01-22T00:43:26.506+0800: 11.844: [DefNew: 1258303K->139775K(1258304K), 0.0433978 secs] 3239560K->2273048K(4054528K), 0.0443165 secs] [Times: user=0.05 sys=0.00, real=0.05 secs] 
2021-01-22T00:43:26.684+0800: 12.022: [GC (Allocation Failure) 2021-01-22T00:43:26.684+0800: 12.022: [DefNew: 1258303K->139775K(1258304K), 0.0368883 secs] 3391576K->2422859K(4054528K), 0.0378459 secs] [Times: user=0.04 sys=0.00, real=0.04 secs] 
2021-01-22T00:43:26.854+0800: 12.192: [GC (Allocation Failure) 2021-01-22T00:43:26.855+0800: 12.192: [DefNew: 1258303K->139775K(1258304K), 0.0408333 secs] 3541387K->2581049K(4054528K), 0.0416783 secs] [Times: user=0.04 sys=0.00, real=0.04 secs] 
2021-01-22T00:43:27.029+0800: 12.367: [GC (Allocation Failure) 2021-01-22T00:43:27.029+0800: 12.367: [DefNew: 1258303K->139775K(1258304K), 0.0420297 secs] 3699577K->2744788K(4054528K), 0.0429894 secs] [Times: user=0.04 sys=0.00, real=0.04 secs] 
2021-01-22T00:43:27.206+0800: 12.544: [GC (Allocation Failure) 2021-01-22T00:43:27.206+0800: 12.544: [DefNew: 1258303K->139776K(1258304K), 0.0434290 secs] 3863316K->2892056K(4054528K), 0.0443098 secs] [Times: user=0.04 sys=0.01, real=0.05 secs] 
2021-01-22T00:43:27.383+0800: 12.721: [GC (Allocation Failure) 2021-01-22T00:43:27.384+0800: 12.722: [DefNew: 1258304K->1258304K(1258304K), 0.0004116 secs]2021-01-22T00:43:27.384+0800: 12.722: [Tenured: 2752280K->374385K(2796224K), 0.0543458 secs] 4010584K->374385K(4054528K), [Metaspace: 2817K->2817K(1056768K)], 0.0560093 secs] [Times: user=0.05 sys=0.01, real=0.06 secs] 
2021-01-22T00:43:27.572+0800: 12.909: [GC (Allocation Failure) 2021-01-22T00:43:27.572+0800: 12.910: [DefNew: 1118528K->139775K(1258304K), 0.0366656 secs] 1492913K->628129K(4054528K), 0.0376211 secs] [Times: user=0.03 sys=0.00, real=0.04 secs] 
2021-01-22T00:43:27.748+0800: 13.086: [GC (Allocation Failure) 2021-01-22T00:43:27.748+0800: 13.086: [DefNew: 1258303K->139775K(1258304K), 0.0380519 secs] 1746657K->784054K(4054528K), 0.0390233 secs] [Times: user=0.04 sys=0.00, real=0.04 secs] 
2021-01-22T00:43:27.920+0800: 13.258: [GC (Allocation Failure) 2021-01-22T00:43:27.920+0800: 13.258: [DefNew: 1258303K->139776K(1258304K), 0.0390367 secs] 1902582K->931821K(4054528K), 0.0399357 secs] [Times: user=0.04 sys=0.00, real=0.04 secs] 
2021-01-22T00:43:28.090+0800: 13.428: [GC (Allocation Failure) 2021-01-22T00:43:28.091+0800: 13.429: [DefNew: 1258304K->139775K(1258304K), 0.0406607 secs] 2050349K->1099622K(4054528K), 0.0415153 secs] [Times: user=0.04 sys=0.00, real=0.04 secs] 
2021-01-22T00:43:28.273+0800: 13.610: [GC (Allocation Failure) 2021-01-22T00:43:28.273+0800: 13.611: [DefNew: 1258303K->139775K(1258304K), 0.0459673 secs] 2218150K->1254486K(4054528K), 0.0468082 secs] [Times: user=0.05 sys=0.00, real=0.05 secs] 
2021-01-22T00:43:28.469+0800: 13.807: [GC (Allocation Failure) 2021-01-22T00:43:28.470+0800: 13.808: [DefNew: 1258303K->139776K(1258304K), 0.0388237 secs] 2373014K->1395953K(4054528K), 0.0396933 secs] [Times: user=0.04 sys=0.00, real=0.04 secs] 
2021-01-22T00:43:28.640+0800: 13.978: [GC (Allocation Failure) 2021-01-22T00:43:28.641+0800: 13.979: [DefNew: 1258304K->139775K(1258304K), 0.0365043 secs] 2514481K->1547820K(4054528K), 0.0373471 secs] [Times: user=0.03 sys=0.00, real=0.03 secs] 
2021-01-22T00:43:28.823+0800: 14.161: [GC (Allocation Failure) 2021-01-22T00:43:28.823+0800: 14.161: [DefNew: 1258303K->139775K(1258304K), 0.0417072 secs] 2666348K->1698777K(4054528K), 0.0425884 secs] [Times: user=0.04 sys=0.00, real=0.04 secs] 
2021-01-22T00:43:29.009+0800: 14.347: [GC (Allocation Failure) 2021-01-22T00:43:29.010+0800: 14.348: [DefNew: 1258303K->139775K(1258304K), 0.0427995 secs] 2817305K->1858984K(4054528K), 0.0436868 secs] [Times: user=0.05 sys=0.00, real=0.04 secs] 
2021-01-22T00:43:29.187+0800: 14.525: [GC (Allocation Failure) 2021-01-22T00:43:29.187+0800: 14.525: [DefNew: 1258303K->139775K(1258304K), 0.0375490 secs] 2977512K->2006556K(4054528K), 0.0384650 secs] [Times: user=0.04 sys=0.00, real=0.04 secs] 
2021-01-22T00:43:29.370+0800: 14.708: [GC (Allocation Failure) 2021-01-22T00:43:29.370+0800: 14.708: [DefNew: 1258303K->139775K(1258304K), 0.0423742 secs] 3125084K->2148385K(4054528K), 0.0435307 secs] [Times: user=0.04 sys=0.00, real=0.04 secs] 
2021-01-22T00:43:29.550+0800: 14.888: [GC (Allocation Failure) 2021-01-22T00:43:29.550+0800: 14.888: [DefNew: 1258303K->139775K(1258304K), 0.0385799 secs] 3266913K->2307753K(4054528K), 0.0396225 secs] [Times: user=0.04 sys=0.00, real=0.04 secs] 
2021-01-22T00:43:29.735+0800: 15.073: [GC (Allocation Failure) 2021-01-22T00:43:29.735+0800: 15.073: [DefNew: 1258303K->139775K(1258304K), 0.0402884 secs] 3426281K->2451861K(4054528K), 0.0410887 secs] [Times: user=0.04 sys=0.00, real=0.04 secs] 
2021-01-22T00:43:29.921+0800: 15.259: [GC (Allocation Failure) 2021-01-22T00:43:29.922+0800: 15.260: [DefNew: 1258303K->139776K(1258304K), 0.0419181 secs] 3570389K->2612451K(4054528K), 0.0429135 secs] [Times: user=0.04 sys=0.00, real=0.04 secs] 
2021-01-22T00:43:30.093+0800: 15.431: [GC (Allocation Failure) 2021-01-22T00:43:30.094+0800: 15.432: [DefNew: 1258304K->139775K(1258304K), 0.0396214 secs] 3730979K->2768141K(4054528K), 0.0405120 secs] [Times: user=0.04 sys=0.00, real=0.04 secs] 
2021-01-22T00:43:30.277+0800: 15.615: [GC (Allocation Failure) 2021-01-22T00:43:30.277+0800: 15.615: [DefNew: 1258303K->1258303K(1258304K), 0.0005703 secs]2021-01-22T00:43:30.278+0800: 15.616: [Tenured: 2628365K->379742K(2796224K), 0.0605556 secs] 3886669K->379742K(4054528K), [Metaspace: 2817K->2817K(1056768K)], 0.0626253 secs] [Times: user=0.06 sys=0.00, real=0.07 secs] 
2021-01-22T00:43:30.487+0800: 15.825: [GC (Allocation Failure) 2021-01-22T00:43:30.487+0800: 15.825: [DefNew: 1118528K->139775K(1258304K), 0.0366434 secs] 1498270K->633936K(4054528K), 0.0374655 secs] [Times: user=0.03 sys=0.00, real=0.04 secs] 
2021-01-22T00:43:30.664+0800: 16.002: [GC (Allocation Failure) 2021-01-22T00:43:30.664+0800: 16.002: [DefNew: 1258303K->139776K(1258304K), 0.0444704 secs] 1752464K->802230K(4054528K), 0.0453224 secs] [Times: user=0.05 sys=0.00, real=0.05 secs] 
2021-01-22T00:43:30.858+0800: 16.196: [GC (Allocation Failure) 2021-01-22T00:43:30.858+0800: 16.196: [DefNew: 1258304K->139775K(1258304K), 0.0471931 secs] 1920758K->961417K(4054528K), 0.0480454 secs] [Times: user=0.04 sys=0.00, real=0.05 secs] 
2021-01-22T00:43:31.065+0800: 16.403: [GC (Allocation Failure) 2021-01-22T00:43:31.066+0800: 16.404: [DefNew: 1258303K->139776K(1258304K), 0.0381989 secs] 2079945K->1100687K(4054528K), 0.0389723 secs] [Times: user=0.04 sys=0.00, real=0.04 secs] 
2021-01-22T00:43:31.250+0800: 16.588: [GC (Allocation Failure) 2021-01-22T00:43:31.250+0800: 16.588: [DefNew: 1258304K->139775K(1258304K), 0.0430761 secs] 2219215K->1262588K(4054528K), 0.0441852 secs] [Times: user=0.04 sys=0.00, real=0.04 secs] 
2021-01-22T00:43:31.427+0800: 16.765: [GC (Allocation Failure) 2021-01-22T00:43:31.427+0800: 16.765: [DefNew: 1258303K->139776K(1258304K), 0.0386787 secs] 2381116K->1404688K(4054528K), 0.0397293 secs] [Times: user=0.04 sys=0.00, real=0.04 secs] 
2021-01-22T00:43:31.618+0800: 16.956: [GC (Allocation Failure) 2021-01-22T00:43:31.619+0800: 16.957: [DefNew: 1258304K->139775K(1258304K), 0.0467239 secs] 2523216K->1564492K(4054528K), 0.0474737 secs] [Times: user=0.05 sys=0.00, real=0.04 secs] 
2021-01-22T00:43:31.811+0800: 17.149: [GC (Allocation Failure) 2021-01-22T00:43:31.811+0800: 17.149: [DefNew: 1258303K->139776K(1258304K), 0.0408636 secs] 2683020K->1710703K(4054528K), 0.0418059 secs] [Times: user=0.04 sys=0.00, real=0.04 secs] 
2021-01-22T00:43:31.997+0800: 17.335: [GC (Allocation Failure) 2021-01-22T00:43:31.997+0800: 17.335: [DefNew: 1258304K->139775K(1258304K), 0.0427435 secs] 2829231K->1868277K(4054528K), 0.0435240 secs] [Times: user=0.04 sys=0.00, real=0.05 secs] 
2021-01-22T00:43:32.186+0800: 17.524: [GC (Allocation Failure) 2021-01-22T00:43:32.186+0800: 17.524: [DefNew: 1258303K->139775K(1258304K), 0.0377284 secs] 2986805K->2018444K(4054528K), 0.0386606 secs] [Times: user=0.03 sys=0.00, real=0.04 secs] 
2021-01-22T00:43:32.359+0800: 17.697: [GC (Allocation Failure) 2021-01-22T00:43:32.360+0800: 17.698: [DefNew: 1258303K->139775K(1258304K), 0.0406527 secs] 3136972K->2176687K(4054528K), 0.0415247 secs] [Times: user=0.04 sys=0.00, real=0.04 secs] 
2021-01-22T00:43:32.531+0800: 17.868: [GC (Allocation Failure) 2021-01-22T00:43:32.531+0800: 17.869: [DefNew: 1258303K->139775K(1258304K), 0.0444578 secs] 3295215K->2351426K(4054528K), 0.0453644 secs] [Times: user=0.04 sys=0.00, real=0.04 secs] 
2021-01-22T00:43:32.710+0800: 18.048: [GC (Allocation Failure) 2021-01-22T00:43:32.711+0800: 18.049: [DefNew: 1258303K->139775K(1258304K), 0.0392846 secs] 3469954K->2511143K(4054528K), 0.0400559 secs] [Times: user=0.04 sys=0.00, real=0.04 secs] 
2021-01-22T00:43:32.885+0800: 18.223: [GC (Allocation Failure) 2021-01-22T00:43:32.886+0800: 18.224: [DefNew: 1258303K->139775K(1258304K), 0.0396380 secs] 3629671K->2662773K(4054528K), 0.0408791 secs] [Times: user=0.04 sys=0.00, real=0.04 secs] 
2021-01-22T00:43:33.061+0800: 18.399: [GC (Allocation Failure) 2021-01-22T00:43:33.062+0800: 18.400: [DefNew: 1258303K->139775K(1258304K), 0.0386039 secs] 3781301K->2805445K(4054528K), 0.0396146 secs] [Times: user=0.04 sys=0.00, real=0.04 secs] 
2021-01-22T00:43:33.244+0800: 18.582: [GC (Allocation Failure) 2021-01-22T00:43:33.244+0800: 18.582: [DefNew: 1258303K->1258303K(1258304K), 0.0002866 secs]2021-01-22T00:43:33.245+0800: 18.582: [Tenured: 2665669K->372943K(2796224K), 0.0579652 secs] 3923973K->372943K(4054528K), [Metaspace: 2817K->2817K(1056768K)], 0.0592878 secs] [Times: user=0.06 sys=0.00, real=0.06 secs] 
2021-01-22T00:43:33.438+0800: 18.776: [GC (Allocation Failure) 2021-01-22T00:43:33.438+0800: 18.776: [DefNew: 1118528K->139775K(1258304K), 0.0341108 secs] 1491471K->617285K(4054528K), 0.0350140 secs] [Times: user=0.03 sys=0.00, real=0.04 secs] 
2021-01-22T00:43:33.608+0800: 18.946: [GC (Allocation Failure) 2021-01-22T00:43:33.608+0800: 18.946: [DefNew: 1258303K->139776K(1258304K), 0.0413104 secs] 1735813K->773574K(4054528K), 0.0421536 secs] [Times: user=0.04 sys=0.00, real=0.05 secs] 
2021-01-22T00:43:33.781+0800: 19.119: [GC (Allocation Failure) 2021-01-22T00:43:33.781+0800: 19.119: [DefNew: 1258304K->139776K(1258304K), 0.0367977 secs] 1892102K->926627K(4054528K), 0.0378981 secs] [Times: user=0.04 sys=0.00, real=0.04 secs] 
2021-01-22T00:43:33.949+0800: 19.287: [GC (Allocation Failure) 2021-01-22T00:43:33.950+0800: 19.288: [DefNew: 1258304K->139775K(1258304K), 0.0415735 secs] 2045155K->1102268K(4054528K), 0.0424958 secs] [Times: user=0.04 sys=0.00, real=0.04 secs] 
2021-01-22T00:43:34.128+0800: 19.466: [GC (Allocation Failure) 2021-01-22T00:43:34.129+0800: 19.467: [DefNew: 1258303K->139775K(1258304K), 0.0361468 secs] 2220796K->1247779K(4054528K), 0.0371495 secs] [Times: user=0.04 sys=0.00, real=0.03 secs] 
2021-01-22T00:43:34.300+0800: 19.638: [GC (Allocation Failure) 2021-01-22T00:43:34.301+0800: 19.639: [DefNew: 1258303K->139776K(1258304K), 0.0468396 secs] 2366307K->1407979K(4054528K), 0.0476602 secs] [Times: user=0.05 sys=0.00, real=0.05 secs] 
2021-01-22T00:43:34.479+0800: 19.817: [GC (Allocation Failure) 2021-01-22T00:43:34.479+0800: 19.817: [DefNew: 1258304K->139776K(1258304K), 0.0401328 secs] 2526507K->1574777K(4054528K), 0.0409941 secs] [Times: user=0.04 sys=0.00, real=0.04 secs] 
2021-01-22T00:43:34.652+0800: 19.990: [GC (Allocation Failure) 2021-01-22T00:43:34.652+0800: 19.990: [DefNew: 1258304K->139775K(1258304K), 0.0398340 secs] 2693305K->1727057K(4054528K), 0.0407044 secs] [Times: user=0.04 sys=0.00, real=0.04 secs] 
2021-01-22T00:43:34.822+0800: 20.160: [GC (Allocation Failure) 2021-01-22T00:43:34.823+0800: 20.161: [DefNew: 1258303K->139775K(1258304K), 0.0398750 secs] 2845585K->1879508K(4054528K), 0.0406838 secs] [Times: user=0.04 sys=0.00, real=0.04 secs] 
2021-01-22T00:43:34.996+0800: 20.334: [GC (Allocation Failure) 2021-01-22T00:43:34.996+0800: 20.334: [DefNew: 1258303K->139776K(1258304K), 0.0396469 secs] 2998036K->2040743K(4054528K), 0.0405355 secs] [Times: user=0.04 sys=0.00, real=0.04 secs] 
2021-01-22T00:43:35.169+0800: 20.507: [GC (Allocation Failure) 2021-01-22T00:43:35.169+0800: 20.507: [DefNew: 1258304K->139775K(1258304K), 0.0401931 secs] 3159271K->2178817K(4054528K), 0.0409547 secs] [Times: user=0.05 sys=0.00, real=0.04 secs] 
2021-01-22T00:43:35.343+0800: 20.681: [GC (Allocation Failure) 2021-01-22T00:43:35.343+0800: 20.681: [DefNew: 1258303K->139775K(1258304K), 0.0373257 secs] 3297345K->2328143K(4054528K), 0.0381635 secs] [Times: user=0.03 sys=0.00, real=0.04 secs] 
2021-01-22T00:43:35.524+0800: 20.862: [GC (Allocation Failure) 2021-01-22T00:43:35.524+0800: 20.862: [DefNew: 1258303K->139775K(1258304K), 0.0407648 secs] 3446671K->2495680K(4054528K), 0.0417386 secs] [Times: user=0.04 sys=0.00, real=0.04 secs] 
2021-01-22T00:43:35.696+0800: 21.034: [GC (Allocation Failure) 2021-01-22T00:43:35.697+0800: 21.035: [DefNew: 1258303K->139775K(1258304K), 0.0376708 secs] 3614208K->2640003K(4054528K), 0.0385392 secs] [Times: user=0.04 sys=0.00, real=0.04 secs] 
2021-01-22T00:43:35.868+0800: 21.206: [GC (Allocation Failure) 2021-01-22T00:43:35.868+0800: 21.206: [DefNew: 1258303K->139776K(1258304K), 0.0364896 secs] 3758531K->2784046K(4054528K), 0.0374172 secs] [Times: user=0.03 sys=0.00, real=0.04 secs] 
2021-01-22T00:43:36.037+0800: 21.375: [GC (Allocation Failure) 2021-01-22T00:43:36.038+0800: 21.376: [DefNew: 1258304K->1258304K(1258304K), 0.0004010 secs]2021-01-22T00:43:36.039+0800: 21.376: [Tenured: 2644270K->363020K(2796224K), 0.0529816 secs] 3902574K->363020K(4054528K), [Metaspace: 2817K->2817K(1056768K)], 0.0546656 secs] [Times: user=0.05 sys=0.00, real=0.06 secs] 
2021-01-22T00:43:36.220+0800: 21.558: [GC (Allocation Failure) 2021-01-22T00:43:36.221+0800: 21.559: [DefNew: 1118528K->139776K(1258304K), 0.0340959 secs] 1481548K->615891K(4054528K), 0.0350504 secs] [Times: user=0.03 sys=0.00, real=0.03 secs] 
2021-01-22T00:43:36.389+0800: 21.727: [GC (Allocation Failure) 2021-01-22T00:43:36.389+0800: 21.727: [DefNew: 1258304K->139775K(1258304K), 0.0355186 secs] 1734419K->754977K(4054528K), 0.0366768 secs] [Times: user=0.04 sys=0.00, real=0.03 secs] 
2021-01-22T00:43:36.575+0800: 21.913: [GC (Allocation Failure) 2021-01-22T00:43:36.576+0800: 21.914: [DefNew: 1258303K->139775K(1258304K), 0.0466145 secs] 1873505K->910572K(4054528K), 0.0471969 secs] [Times: user=0.05 sys=0.00, real=0.05 secs] 
2021-01-22T00:43:36.777+0800: 22.115: [GC (Allocation Failure) 2021-01-22T00:43:36.778+0800: 22.116: [DefNew: 1258303K->139775K(1258304K), 0.0473305 secs] 2029100K->1072094K(4054528K), 0.0481171 secs] [Times: user=0.05 sys=0.00, real=0.05 secs] 
2021-01-22T00:43:36.982+0800: 22.320: [GC (Allocation Failure) 2021-01-22T00:43:36.983+0800: 22.321: [DefNew: 1258303K->139776K(1258304K), 0.0473897 secs] 2190622K->1232842K(4054528K), 0.0482540 secs] [Times: user=0.05 sys=0.00, real=0.05 secs] 
2021-01-22T00:43:37.179+0800: 22.517: [GC (Allocation Failure) 2021-01-22T00:43:37.180+0800: 22.518: [DefNew: 1258304K->139775K(1258304K), 0.0479967 secs] 2351370K->1392314K(4054528K), 0.0489387 secs] [Times: user=0.05 sys=0.00, real=0.05 secs] 
2021-01-22T00:43:37.380+0800: 22.718: [GC (Allocation Failure) 2021-01-22T00:43:37.380+0800: 22.718: [DefNew: 1258303K->139775K(1258304K), 0.0462411 secs] 2510842K->1542068K(4054528K), 0.0470727 secs] [Times: user=0.04 sys=0.00, real=0.04 secs] 
2021-01-22T00:43:37.575+0800: 22.913: [GC (Allocation Failure) 2021-01-22T00:43:37.575+0800: 22.913: [DefNew: 1258303K->139775K(1258304K), 0.0453657 secs] 2660596K->1699989K(4054528K), 0.0464395 secs] [Times: user=0.05 sys=0.00, real=0.05 secs] 
2021-01-22T00:43:37.781+0800: 23.119: [GC (Allocation Failure) 2021-01-22T00:43:37.781+0800: 23.119: [DefNew: 1258303K->139775K(1258304K), 0.0482400 secs] 2818517K->1852719K(4054528K), 0.0491578 secs] [Times: user=0.04 sys=0.00, real=0.05 secs] 
2021-01-22T00:43:37.980+0800: 23.318: [GC (Allocation Failure) 2021-01-22T00:43:37.981+0800: 23.319: [DefNew: 1258303K->139776K(1258304K), 0.0494125 secs] 2971247K->2010022K(4054528K), 0.0504438 secs] [Times: user=0.05 sys=0.00, real=0.05 secs] 
2021-01-22T00:43:38.176+0800: 23.514: [GC (Allocation Failure) 2021-01-22T00:43:38.176+0800: 23.514: [DefNew: 1258304K->139775K(1258304K), 0.0435171 secs] 3128550K->2162048K(4054528K), 0.0443959 secs] [Times: user=0.04 sys=0.00, real=0.05 secs] 
2021-01-22T00:43:38.365+0800: 23.702: [GC (Allocation Failure) 2021-01-22T00:43:38.365+0800: 23.703: [DefNew: 1258303K->139775K(1258304K), 0.0454904 secs] 3280576K->2313335K(4054528K), 0.0464862 secs] [Times: user=0.04 sys=0.00, real=0.05 secs] 
2021-01-22T00:43:38.557+0800: 23.895: [GC (Allocation Failure) 2021-01-22T00:43:38.557+0800: 23.895: [DefNew: 1258303K->139775K(1258304K), 0.0354604 secs] 3431863K->2460265K(4054528K), 0.0362736 secs] [Times: user=0.03 sys=0.00, real=0.04 secs] 
2021-01-22T00:43:38.720+0800: 24.058: [GC (Allocation Failure) 2021-01-22T00:43:38.720+0800: 24.058: [DefNew: 1258303K->139775K(1258304K), 0.0332199 secs] 3578793K->2594746K(4054528K), 0.0341477 secs] [Times: user=0.03 sys=0.00, real=0.03 secs] 
2021-01-22T00:43:38.889+0800: 24.227: [GC (Allocation Failure) 2021-01-22T00:43:38.889+0800: 24.227: [DefNew: 1258303K->139775K(1258304K), 0.0369076 secs] 3713274K->2749923K(4054528K), 0.0378258 secs] [Times: user=0.03 sys=0.00, real=0.03 secs] 
2021-01-22T00:43:39.054+0800: 24.392: [GC (Allocation Failure) 2021-01-22T00:43:39.055+0800: 24.393: [DefNew: 1258303K->139776K(1258304K), 0.0372835 secs] 3868451K->2903093K(4054528K), 0.0380573 secs] [Times: user=0.04 sys=0.00, real=0.04 secs] 
2021-01-22T00:43:39.219+0800: 24.557: [GC (Allocation Failure) 2021-01-22T00:43:39.220+0800: 24.558: [DefNew: 1258304K->1258304K(1258304K), 0.0003171 secs]2021-01-22T00:43:39.220+0800: 24.558: [Tenured: 2763317K->369491K(2796224K), 0.0485860 secs] 4021621K->369491K(4054528K), [Metaspace: 2817K->2817K(1056768K)], 0.0501542 secs] [Times: user=0.05 sys=0.00, real=0.05 secs] 
2021-01-22T00:43:39.408+0800: 24.746: [GC (Allocation Failure) 2021-01-22T00:43:39.408+0800: 24.746: [DefNew: 1118528K->139776K(1258304K), 0.0362626 secs] 1488019K->617243K(4054528K), 0.0370847 secs] [Times: user=0.04 sys=0.00, real=0.04 secs] 
2021-01-22T00:43:39.580+0800: 24.918: [GC (Allocation Failure) 2021-01-22T00:43:39.581+0800: 24.919: [DefNew: 1258304K->139776K(1258304K), 0.0360202 secs] 1735771K->772910K(4054528K), 0.0372101 secs] [Times: user=0.04 sys=0.00, real=0.03 secs] 
2021-01-22T00:43:39.741+0800: 25.079: [GC (Allocation Failure) 2021-01-22T00:43:39.741+0800: 25.079: [DefNew: 1258304K->139775K(1258304K), 0.0336839 secs] 1891438K->916814K(4054528K), 0.0345621 secs] [Times: user=0.03 sys=0.00, real=0.03 secs] 
2021-01-22T00:43:39.897+0800: 25.235: [GC (Allocation Failure) 2021-01-22T00:43:39.898+0800: 25.236: [DefNew: 1258303K->139776K(1258304K), 0.0413677 secs] 2035342K->1092002K(4054528K), 0.0421977 secs] [Times: user=0.05 sys=0.00, real=0.05 secs] 
2021-01-22T00:43:40.066+0800: 25.404: [GC (Allocation Failure) 2021-01-22T00:43:40.066+0800: 25.404: [DefNew: 1258304K->139775K(1258304K), 0.0347615 secs] 2210530K->1244035K(4054528K), 0.0357832 secs] [Times: user=0.04 sys=0.00, real=0.04 secs] 
2021-01-22T00:43:40.227+0800: 25.565: [GC (Allocation Failure) 2021-01-22T00:43:40.228+0800: 25.566: [DefNew: 1258303K->139775K(1258304K), 0.0396099 secs] 2362563K->1418104K(4054528K), 0.0405091 secs] [Times: user=0.04 sys=0.00, real=0.05 secs] 
2021-01-22T00:43:40.395+0800: 25.732: [GC (Allocation Failure) 2021-01-22T00:43:40.395+0800: 25.733: [DefNew: 1258303K->139775K(1258304K), 0.0354215 secs] 2536632K->1563080K(4054528K), 0.0363954 secs] [Times: user=0.03 sys=0.00, real=0.04 secs] 
2021-01-22T00:43:40.556+0800: 25.894: [GC (Allocation Failure) 2021-01-22T00:43:40.556+0800: 25.894: [DefNew: 1258303K->139775K(1258304K), 0.0358337 secs] 2681608K->1717457K(4054528K), 0.0366800 secs] [Times: user=0.03 sys=0.00, real=0.04 secs] 
2021-01-22T00:43:40.716+0800: 26.054: [GC (Allocation Failure) 2021-01-22T00:43:40.716+0800: 26.054: [DefNew: 1258303K->139775K(1258304K), 0.0345372 secs] 2835985K->1861891K(4054528K), 0.0353607 secs] [Times: user=0.03 sys=0.00, real=0.04 secs] 
2021-01-22T00:43:40.876+0800: 26.214: [GC (Allocation Failure) 2021-01-22T00:43:40.877+0800: 26.214: [DefNew: 1258303K->139775K(1258304K), 0.0349778 secs] 2980419K->2015040K(4054528K), 0.0358507 secs] [Times: user=0.04 sys=0.00, real=0.04 secs] 
2021-01-22T00:43:41.041+0800: 26.379: [GC (Allocation Failure) 2021-01-22T00:43:41.042+0800: 26.380: [DefNew: 1258303K->139775K(1258304K), 0.0371977 secs] 3133568K->2161974K(4054528K), 0.0381710 secs] [Times: user=0.04 sys=0.00, real=0.04 secs] 
2021-01-22T00:43:41.201+0800: 26.539: [GC (Allocation Failure) 2021-01-22T00:43:41.202+0800: 26.540: [DefNew: 1258303K->139775K(1258304K), 0.0369852 secs] 3280502K->2324032K(4054528K), 0.0379743 secs] [Times: user=0.03 sys=0.00, real=0.04 secs] 
2021-01-22T00:43:41.363+0800: 26.701: [GC (Allocation Failure) 2021-01-22T00:43:41.363+0800: 26.701: [DefNew: 1258303K->139775K(1258304K), 0.0351344 secs] 3442560K->2471061K(4054528K), 0.0360566 secs] [Times: user=0.03 sys=0.00, real=0.04 secs] 
2021-01-22T00:43:41.519+0800: 26.857: [GC (Allocation Failure) 2021-01-22T00:43:41.520+0800: 26.858: [DefNew: 1258303K->139775K(1258304K), 0.0377424 secs] 3589589K->2636590K(4054528K), 0.0385356 secs] [Times: user=0.04 sys=0.00, real=0.04 secs] 
2021-01-22T00:43:41.684+0800: 27.022: [GC (Allocation Failure) 2021-01-22T00:43:41.684+0800: 27.022: [DefNew: 1258303K->139775K(1258304K), 0.0352946 secs] 3755118K->2789901K(4054528K), 0.0361753 secs] [Times: user=0.04 sys=0.00, real=0.04 secs] 
2021-01-22T00:43:41.842+0800: 27.180: [GC (Allocation Failure) 2021-01-22T00:43:41.842+0800: 27.180: [DefNew: 1258303K->1258303K(1258304K), 0.0003481 secs]2021-01-22T00:43:41.843+0800: 27.181: [Tenured: 2650125K->372517K(2796224K), 0.0482757 secs] 3908429K->372517K(4054528K), [Metaspace: 2817K->2817K(1056768K)], 0.0498350 secs] [Times: user=0.05 sys=0.00, real=0.05 secs] 
2021-01-22T00:43:42.018+0800: 27.356: [GC (Allocation Failure) 2021-01-22T00:43:42.019+0800: 27.357: [DefNew: 1118528K->139775K(1258304K), 0.0297088 secs] 1491045K->614803K(4054528K), 0.0305382 secs] [Times: user=0.03 sys=0.00, real=0.03 secs] 
2021-01-22T00:43:42.184+0800: 27.522: [GC (Allocation Failure) 2021-01-22T00:43:42.185+0800: 27.523: [DefNew: 1258303K->139775K(1258304K), 0.0421678 secs] 1733331K->776576K(4054528K), 0.0430349 secs] [Times: user=0.04 sys=0.00, real=0.04 secs] 
2021-01-22T00:43:42.365+0800: 27.703: [GC (Allocation Failure) 2021-01-22T00:43:42.366+0800: 27.704: [DefNew: 1258303K->139775K(1258304K), 0.0440293 secs] 1895104K->938380K(4054528K), 0.0448019 secs] [Times: user=0.04 sys=0.00, real=0.05 secs] 
2021-01-22T00:43:42.556+0800: 27.894: [GC (Allocation Failure) 2021-01-22T00:43:42.556+0800: 27.894: [DefNew: 1258303K->139775K(1258304K), 0.0426298 secs] 2056908K->1104196K(4054528K), 0.0436017 secs] [Times: user=0.04 sys=0.00, real=0.05 secs] 
2021-01-22T00:43:42.744+0800: 28.082: [GC (Allocation Failure) 2021-01-22T00:43:42.744+0800: 28.082: [DefNew: 1258303K->139776K(1258304K), 0.0434473 secs] 2222724K->1250512K(4054528K), 0.0444433 secs] [Times: user=0.04 sys=0.00, real=0.05 secs] 
2021-01-22T00:43:42.932+0800: 28.270: [GC (Allocation Failure) 2021-01-22T00:43:42.933+0800: 28.271: [DefNew: 1258304K->139775K(1258304K), 0.0412377 secs] 2369040K->1397254K(4054528K), 0.0422303 secs] [Times: user=0.04 sys=0.00, real=0.04 secs] 
2021-01-22T00:43:43.110+0800: 28.448: [GC (Allocation Failure) 2021-01-22T00:43:43.111+0800: 28.449: [DefNew: 1258303K->139775K(1258304K), 0.0391847 secs] 2515782K->1555643K(4054528K), 0.0400817 secs] [Times: user=0.04 sys=0.00, real=0.04 secs] 
2021-01-22T00:43:43.287+0800: 28.625: [GC (Allocation Failure) 2021-01-22T00:43:43.288+0800: 28.626: [DefNew: 1258303K->139775K(1258304K), 0.0385931 secs] 2674171K->1709858K(4054528K), 0.0394341 secs] [Times: user=0.03 sys=0.00, real=0.04 secs] 
2021-01-22T00:43:43.453+0800: 28.791: [GC (Allocation Failure) 2021-01-22T00:43:43.453+0800: 28.791: [DefNew: 1258303K->139775K(1258304K), 0.0352026 secs] 2828386K->1858171K(4054528K), 0.0361058 secs] [Times: user=0.03 sys=0.00, real=0.04 secs] 
2021-01-22T00:43:43.656+0800: 28.994: [GC (Allocation Failure) 2021-01-22T00:43:43.656+0800: 28.994: [DefNew: 1258303K->139776K(1258304K), 0.0428019 secs] 2976699K->2012822K(4054528K), 0.0436736 secs] [Times: user=0.04 sys=0.00, real=0.05 secs] 
2021-01-22T00:43:43.831+0800: 29.169: [GC (Allocation Failure) 2021-01-22T00:43:43.831+0800: 29.169: [DefNew: 1258304K->139775K(1258304K), 0.0368901 secs] 3131350K->2167695K(4054528K), 0.0377982 secs] [Times: user=0.04 sys=0.00, real=0.04 secs] 
2021-01-22T00:43:43.996+0800: 29.334: [GC (Allocation Failure) 2021-01-22T00:43:43.996+0800: 29.334: [DefNew: 1258303K->139776K(1258304K), 0.0446418 secs] 3286223K->2335494K(4054528K), 0.0455130 secs] [Times: user=0.04 sys=0.00, real=0.05 secs] 
2021-01-22T00:43:44.200+0800: 29.538: [GC (Allocation Failure) 2021-01-22T00:43:44.200+0800: 29.538: [DefNew: 1258304K->139775K(1258304K), 0.0430815 secs] 3454022K->2479999K(4054528K), 0.0440752 secs] [Times: user=0.04 sys=0.00, real=0.04 secs] 
2021-01-22T00:43:44.383+0800: 29.721: [GC (Allocation Failure) 2021-01-22T00:43:44.384+0800: 29.722: [DefNew: 1258303K->139776K(1258304K), 0.0410292 secs] 3598527K->2640522K(4054528K), 0.0420497 secs] [Times: user=0.04 sys=0.00, real=0.04 secs] 
2021-01-22T00:43:44.565+0800: 29.903: [GC (Allocation Failure) 2021-01-22T00:43:44.566+0800: 29.903: [DefNew: 1258304K->139775K(1258304K), 0.0395662 secs] 3759050K->2795661K(4054528K), 0.0405070 secs] [Times: user=0.04 sys=0.00, real=0.04 secs] 
2021-01-22T00:43:44.729+0800: 30.067: [GC (Allocation Failure) 2021-01-22T00:43:44.729+0800: 30.067: [DefNew: 1258303K->1258303K(1258304K), 0.0003504 secs]2021-01-22T00:43:44.730+0800: 30.068: [Tenured: 2655885K->390298K(2796224K), 0.0508006 secs] 3914189K->390298K(4054528K), [Metaspace: 2817K->2817K(1056768K)], 0.0525757 secs] [Times: user=0.06 sys=0.00, real=0.05 secs] 
2021-01-22T00:43:44.902+0800: 30.240: [GC (Allocation Failure) 2021-01-22T00:43:44.902+0800: 30.240: [DefNew: 1118528K->139775K(1258304K), 0.0327299 secs] 1508826K->639483K(4054528K), 0.0335900 secs] [Times: user=0.03 sys=0.00, real=0.03 secs] 
2021-01-22T00:43:45.076+0800: 30.414: [GC (Allocation Failure) 2021-01-22T00:43:45.076+0800: 30.414: [DefNew: 1258303K->139775K(1258304K), 0.0405324 secs] 1758011K->784822K(4054528K), 0.0414378 secs] [Times: user=0.04 sys=0.00, real=0.04 secs] 
2021-01-22T00:43:45.258+0800: 30.596: [GC (Allocation Failure) 2021-01-22T00:43:45.258+0800: 30.596: [DefNew: 1258303K->139775K(1258304K), 0.0467306 secs] 1903350K->938841K(4054528K), 0.0475821 secs] [Times: user=0.05 sys=0.00, real=0.05 secs] 
2021-01-22T00:43:45.444+0800: 30.781: [GC (Allocation Failure) 2021-01-22T00:43:45.444+0800: 30.782: [DefNew: 1258303K->139775K(1258304K), 0.0481569 secs] 2057369K->1090606K(4054528K), 0.0490710 secs] [Times: user=0.05 sys=0.00, real=0.05 secs] 
2021-01-22T00:43:45.639+0800: 30.977: [GC (Allocation Failure) 2021-01-22T00:43:45.640+0800: 30.977: [DefNew: 1258303K->139775K(1258304K), 0.0426885 secs] 2209134K->1246296K(4054528K), 0.0436591 secs] [Times: user=0.04 sys=0.00, real=0.04 secs] 
2021-01-22T00:43:45.818+0800: 31.156: [GC (Allocation Failure) 2021-01-22T00:43:45.818+0800: 31.156: [DefNew: 1258303K->139776K(1258304K), 0.0338943 secs] 2364824K->1384143K(4054528K), 0.0347584 secs] [Times: user=0.03 sys=0.00, real=0.04 secs] 
2021-01-22T00:43:45.976+0800: 31.314: [GC (Allocation Failure) 2021-01-22T00:43:45.976+0800: 31.314: [DefNew: 1258304K->139776K(1258304K), 0.0431971 secs] 2502671K->1544023K(4054528K), 0.0441038 secs] [Times: user=0.05 sys=0.00, real=0.05 secs] 
2021-01-22T00:43:46.146+0800: 31.484: [GC (Allocation Failure) 2021-01-22T00:43:46.146+0800: 31.484: [DefNew: 1258304K->139775K(1258304K), 0.0392978 secs] 2662551K->1694577K(4054528K), 0.0402090 secs] [Times: user=0.04 sys=0.00, real=0.04 secs] 
2021-01-22T00:43:46.326+0800: 31.664: [GC (Allocation Failure) 2021-01-22T00:43:46.327+0800: 31.665: [DefNew: 1258303K->139774K(1258304K), 0.0401713 secs] 2813105K->1846287K(4054528K), 0.0410584 secs] [Times: user=0.04 sys=0.00, real=0.04 secs] 
2021-01-22T00:43:46.501+0800: 31.839: [GC (Allocation Failure) 2021-01-22T00:43:46.501+0800: 31.839: [DefNew: 1258302K->139775K(1258304K), 0.0346880 secs] 2964815K->1991838K(4054528K), 0.0355640 secs] [Times: user=0.04 sys=0.00, real=0.03 secs] 
2021-01-22T00:43:46.666+0800: 32.004: [GC (Allocation Failure) 2021-01-22T00:43:46.667+0800: 32.005: [DefNew: 1258303K->139776K(1258304K), 0.0367911 secs] 3110366K->2144243K(4054528K), 0.0378549 secs] [Times: user=0.03 sys=0.00, real=0.04 secs] 
2021-01-22T00:43:46.853+0800: 32.191: [GC (Allocation Failure) 2021-01-22T00:43:46.854+0800: 32.192: [DefNew: 1258304K->139776K(1258304K), 0.0455674 secs] 3262771K->2311010K(4054528K), 0.0464818 secs] [Times: user=0.05 sys=0.00, real=0.05 secs] 
2021-01-22T00:43:47.035+0800: 32.373: [GC (Allocation Failure) 2021-01-22T00:43:47.036+0800: 32.374: [DefNew: 1258304K->139775K(1258304K), 0.0396911 secs] 3429538K->2467115K(4054528K), 0.0406436 secs] [Times: user=0.04 sys=0.00, real=0.04 secs] 
2021-01-22T00:43:47.204+0800: 32.542: [GC (Allocation Failure) 2021-01-22T00:43:47.204+0800: 32.542: [DefNew: 1258303K->139776K(1258304K), 0.0372973 secs] 3585643K->2621465K(4054528K), 0.0380638 secs] [Times: user=0.04 sys=0.00, real=0.04 secs] 
2021-01-22T00:43:47.376+0800: 32.714: [GC (Allocation Failure) 2021-01-22T00:43:47.376+0800: 32.714: [DefNew: 1258304K->139775K(1258304K), 0.0453284 secs] 3739993K->2773095K(4054528K), 0.0461636 secs] [Times: user=0.04 sys=0.00, real=0.05 secs] 
2021-01-22T00:43:47.558+0800: 32.896: [GC (Allocation Failure) 2021-01-22T00:43:47.559+0800: 32.897: [DefNew: 1258303K->1258303K(1258304K), 0.0003387 secs]2021-01-22T00:43:47.559+0800: 32.897: [Tenured: 2633319K->382080K(2796224K), 0.0521032 secs] 3891623K->382080K(4054528K), [Metaspace: 2817K->2817K(1056768K)], 0.0535936 secs] [Times: user=0.05 sys=0.00, real=0.05 secs] 
2021-01-22T00:43:47.790+0800: 33.127: [GC (Allocation Failure) 2021-01-22T00:43:47.790+0800: 33.128: [DefNew: 1118528K->139776K(1258304K), 0.0440572 secs] 1500608K->639594K(4054528K), 0.0447635 secs] [Times: user=0.04 sys=0.00, real=0.04 secs] 
2021-01-22T00:43:47.961+0800: 33.299: [GC (Allocation Failure) 2021-01-22T00:43:47.962+0800: 33.299: [DefNew: 1258304K->139775K(1258304K), 0.0348816 secs] 1758122K->789784K(4054528K), 0.0356941 secs] [Times: user=0.04 sys=0.00, real=0.03 secs] 
2021-01-22T00:43:48.118+0800: 33.456: [GC (Allocation Failure) 2021-01-22T00:43:48.119+0800: 33.457: [DefNew: 1258303K->139776K(1258304K), 0.0418789 secs] 1908312K->939102K(4054528K), 0.0432000 secs] [Times: user=0.04 sys=0.00, real=0.04 secs] 
2021-01-22T00:43:48.303+0800: 33.641: [GC (Allocation Failure) 2021-01-22T00:43:48.303+0800: 33.641: [DefNew: 1258304K->139775K(1258304K), 0.0401857 secs] 2057630K->1070288K(4054528K), 0.0410538 secs] [Times: user=0.04 sys=0.00, real=0.04 secs] 
2021-01-22T00:43:48.487+0800: 33.825: [GC (Allocation Failure) 2021-01-22T00:43:48.488+0800: 33.826: [DefNew: 1258303K->139775K(1258304K), 0.0445235 secs] 2188816K->1232489K(4054528K), 0.0453711 secs] [Times: user=0.05 sys=0.00, real=0.05 secs] 
2021-01-22T00:43:48.659+0800: 33.997: [GC (Allocation Failure) 2021-01-22T00:43:48.659+0800: 33.997: [DefNew: 1258303K->139775K(1258304K), 0.0349225 secs] 2351017K->1386410K(4054528K), 0.0357590 secs] [Times: user=0.04 sys=0.00, real=0.03 secs] 
2021-01-22T00:43:48.869+0800: 34.207: [GC (Allocation Failure) 2021-01-22T00:43:48.870+0800: 34.208: [DefNew: 1258303K->139775K(1258304K), 0.0442819 secs] 2504938K->1543603K(4054528K), 0.0449938 secs] [Times: user=0.05 sys=0.00, real=0.04 secs] 
2021-01-22T00:43:49.042+0800: 34.380: [GC (Allocation Failure) 2021-01-22T00:43:49.043+0800: 34.381: [DefNew: 1258303K->139776K(1258304K), 0.0354969 secs] 2662131K->1697427K(4054528K), 0.0363905 secs] [Times: user=0.04 sys=0.00, real=0.04 secs] 
2021-01-22T00:43:49.203+0800: 34.541: [GC (Allocation Failure) 2021-01-22T00:43:49.203+0800: 34.541: [DefNew: 1258304K->139775K(1258304K), 0.0382156 secs] 2815955K->1842479K(4054528K), 0.0391244 secs] [Times: user=0.04 sys=0.00, real=0.04 secs] 
2021-01-22T00:43:49.372+0800: 34.710: [GC (Allocation Failure) 2021-01-22T00:43:49.372+0800: 34.710: [DefNew: 1258303K->139775K(1258304K), 0.0358945 secs] 2961007K->2003102K(4054528K), 0.0367633 secs] [Times: user=0.04 sys=0.00, real=0.04 secs] 
2021-01-22T00:43:49.535+0800: 34.873: [GC (Allocation Failure) 2021-01-22T00:43:49.535+0800: 34.873: [DefNew: 1258303K->139776K(1258304K), 0.0358911 secs] 3121630K->2152300K(4054528K), 0.0367754 secs] [Times: user=0.04 sys=0.00, real=0.04 secs] 
2021-01-22T00:43:49.697+0800: 35.035: [GC (Allocation Failure) 2021-01-22T00:43:49.698+0800: 35.036: [DefNew: 1258304K->139776K(1258304K), 0.0365761 secs] 3270828K->2315351K(4054528K), 0.0375947 secs] [Times: user=0.04 sys=0.00, real=0.04 secs] 
2021-01-22T00:43:49.879+0800: 35.217: [GC (Allocation Failure) 2021-01-22T00:43:49.880+0800: 35.218: [DefNew: 1258304K->139776K(1258304K), 0.0418852 secs] 3433879K->2478144K(4054528K), 0.0427356 secs] [Times: user=0.04 sys=0.00, real=0.04 secs] 
2021-01-22T00:43:50.072+0800: 35.410: [GC (Allocation Failure) 2021-01-22T00:43:50.072+0800: 35.410: [DefNew: 1258304K->139775K(1258304K), 0.0458550 secs] 3596672K->2634950K(4054528K), 0.0466930 secs] [Times: user=0.05 sys=0.00, real=0.05 secs] 
2021-01-22T00:43:50.247+0800: 35.585: [GC (Allocation Failure) 2021-01-22T00:43:50.248+0800: 35.586: [DefNew: 1258303K->139775K(1258304K), 0.0346547 secs] 3753478K->2783880K(4054528K), 0.0357275 secs] [Times: user=0.03 sys=0.00, real=0.04 secs] 
2021-01-22T00:43:50.407+0800: 35.745: [GC (Allocation Failure) 2021-01-22T00:43:50.407+0800: 35.745: [DefNew: 1258303K->1258303K(1258304K), 0.0002948 secs]2021-01-22T00:43:50.408+0800: 35.746: [Tenured: 2644104K->374411K(2796224K), 0.0499469 secs] 3902408K->374411K(4054528K), [Metaspace: 2817K->2817K(1056768K)], 0.0513714 secs] [Times: user=0.05 sys=0.00, real=0.06 secs] 
2021-01-22T00:43:50.580+0800: 35.918: [GC (Allocation Failure) 2021-01-22T00:43:50.581+0800: 35.919: [DefNew: 1118528K->139776K(1258304K), 0.0303043 secs] 1492939K->625424K(4054528K), 0.0312345 secs] [Times: user=0.03 sys=0.00, real=0.03 secs] 
2021-01-22T00:43:50.733+0800: 36.071: [GC (Allocation Failure) 2021-01-22T00:43:50.733+0800: 36.071: [DefNew: 1258304K->139775K(1258304K), 0.0379759 secs] 1743952K->778671K(4054528K), 0.0387903 secs] [Times: user=0.04 sys=0.00, real=0.04 secs] 
2021-01-22T00:43:50.902+0800: 36.240: [GC (Allocation Failure) 2021-01-22T00:43:50.903+0800: 36.241: [DefNew: 1258303K->139775K(1258304K), 0.0389988 secs] 1897199K->925931K(4054528K), 0.0398416 secs] [Times: user=0.04 sys=0.00, real=0.04 secs] 
2021-01-22T00:43:51.071+0800: 36.409: [GC (Allocation Failure) 2021-01-22T00:43:51.071+0800: 36.409: [DefNew: 1258303K->139775K(1258304K), 0.0397024 secs] 2044459K->1071534K(4054528K), 0.0406720 secs] [Times: user=0.04 sys=0.00, real=0.04 secs] 
2021-01-22T00:43:51.240+0800: 36.578: [GC (Allocation Failure) 2021-01-22T00:43:51.240+0800: 36.578: [DefNew: 1258303K->139776K(1258304K), 0.0363327 secs] 2190062K->1229924K(4054528K), 0.0372356 secs] [Times: user=0.04 sys=0.00, real=0.03 secs] 
2021-01-22T00:43:51.441+0800: 36.779: [GC (Allocation Failure) 2021-01-22T00:43:51.441+0800: 36.779: [DefNew: 1258304K->139775K(1258304K), 0.0497239 secs] 2348452K->1378230K(4054528K), 0.0508263 secs] [Times: user=0.05 sys=0.00, real=0.05 secs] 
2021-01-22T00:43:51.622+0800: 36.960: [GC (Allocation Failure) 2021-01-22T00:43:51.623+0800: 36.961: [DefNew: 1258303K->139776K(1258304K), 0.0364561 secs] 2496758K->1534604K(4054528K), 0.0373327 secs] [Times: user=0.04 sys=0.00, real=0.04 secs] 
2021-01-22T00:43:51.800+0800: 37.138: [GC (Allocation Failure) 2021-01-22T00:43:51.800+0800: 37.138: [DefNew: 1258304K->139775K(1258304K), 0.0428615 secs] 2653132K->1680138K(4054528K), 0.0437348 secs] [Times: user=0.04 sys=0.00, real=0.04 secs] 
2021-01-22T00:43:51.982+0800: 37.320: [GC (Allocation Failure) 2021-01-22T00:43:51.982+0800: 37.320: [DefNew: 1258303K->139775K(1258304K), 0.0739679 secs] 2798666K->1836301K(4054528K), 0.0749916 secs] [Times: user=0.07 sys=0.00, real=0.07 secs] 
2021-01-22T00:43:52.212+0800: 37.550: [GC (Allocation Failure) 2021-01-22T00:43:52.212+0800: 37.550: [DefNew: 1258303K->139775K(1258304K), 0.0466576 secs] 2954829K->1996846K(4054528K), 0.0482078 secs] [Times: user=0.04 sys=0.00, real=0.05 secs] 
2021-01-22T00:43:52.402+0800: 37.740: [GC (Allocation Failure) 2021-01-22T00:43:52.402+0800: 37.740: [DefNew: 1258303K->139776K(1258304K), 0.0477261 secs] 3115374K->2170485K(4054528K), 0.0485699 secs] [Times: user=0.05 sys=0.00, real=0.05 secs] 
2021-01-22T00:43:52.591+0800: 37.929: [GC (Allocation Failure) 2021-01-22T00:43:52.592+0800: 37.930: [DefNew: 1258304K->139775K(1258304K), 0.0401438 secs] 3289013K->2324654K(4054528K), 0.0411126 secs] [Times: user=0.04 sys=0.00, real=0.04 secs] 
2021-01-22T00:43:52.772+0800: 38.110: [GC (Allocation Failure) 2021-01-22T00:43:52.772+0800: 38.110: [DefNew: 1258303K->139776K(1258304K), 0.0424056 secs] 3443182K->2488731K(4054528K), 0.0434402 secs] [Times: user=0.04 sys=0.00, real=0.04 secs] 
2021-01-22T00:43:52.959+0800: 38.297: [GC (Allocation Failure) 2021-01-22T00:43:52.959+0800: 38.297: [DefNew: 1258304K->139775K(1258304K), 0.0410970 secs] 3607259K->2632581K(4054528K), 0.0420676 secs] [Times: user=0.04 sys=0.00, real=0.04 secs] 
2021-01-22T00:43:53.137+0800: 38.475: [GC (Allocation Failure) 2021-01-22T00:43:53.138+0800: 38.476: [DefNew: 1258303K->139776K(1258304K), 0.0407307 secs] 3751109K->2790388K(4054528K), 0.0416215 secs] [Times: user=0.04 sys=0.00, real=0.05 secs] 
2021-01-22T00:43:53.313+0800: 38.651: [GC (Allocation Failure) 2021-01-22T00:43:53.313+0800: 38.651: [DefNew: 1258304K->1258304K(1258304K), 0.0004055 secs]2021-01-22T00:43:53.314+0800: 38.652: [Tenured: 2650612K->390909K(2796224K), 0.0594243 secs] 3908916K->390909K(4054528K), [Metaspace: 2817K->2817K(1056768K)], 0.0610226 secs] [Times: user=0.06 sys=0.00, real=0.06 secs] 
2021-01-22T00:43:53.517+0800: 38.855: [GC (Allocation Failure) 2021-01-22T00:43:53.517+0800: 38.855: [DefNew: 1118528K->139775K(1258304K), 0.0334981 secs] 1509437K->639440K(4054528K), 0.0344584 secs] [Times: user=0.03 sys=0.00, real=0.04 secs] 
2021-01-22T00:43:53.680+0800: 39.018: [GC (Allocation Failure) 2021-01-22T00:43:53.681+0800: 39.019: [DefNew: 1258303K->139775K(1258304K), 0.0380436 secs] 1757968K->797522K(4054528K), 0.0388787 secs] [Times: user=0.04 sys=0.00, real=0.04 secs] 
2021-01-22T00:43:53.844+0800: 39.182: [GC (Allocation Failure) 2021-01-22T00:43:53.845+0800: 39.183: [DefNew: 1258303K->139775K(1258304K), 0.0352456 secs] 1916050K->943765K(4054528K), 0.0361004 secs] [Times: user=0.04 sys=0.00, real=0.04 secs] 
2021-01-22T00:43:54.008+0800: 39.346: [GC (Allocation Failure) 2021-01-22T00:43:54.008+0800: 39.346: [DefNew: 1258303K->139776K(1258304K), 0.0529671 secs] 2062293K->1106664K(4054528K), 0.0537644 secs] [Times: user=0.05 sys=0.00, real=0.06 secs] 
2021-01-22T00:43:54.218+0800: 39.556: [GC (Allocation Failure) 2021-01-22T00:43:54.219+0800: 39.557: [DefNew: 1258304K->139775K(1258304K), 0.0566995 secs] 2225192K->1259212K(4054528K), 0.0575287 secs] [Times: user=0.05 sys=0.00, real=0.05 secs] 
2021-01-22T00:43:54.449+0800: 39.786: [GC (Allocation Failure) 2021-01-22T00:43:54.449+0800: 39.787: [DefNew: 1258303K->139776K(1258304K), 0.0588639 secs] 2377740K->1406435K(4054528K), 0.0596236 secs] [Times: user=0.06 sys=0.00, real=0.06 secs] 
2021-01-22T00:43:54.666+0800: 40.004: [GC (Allocation Failure) 2021-01-22T00:43:54.666+0800: 40.004: [DefNew: 1258304K->139775K(1258304K), 0.0437031 secs] 2524963K->1550494K(4054528K), 0.0443002 secs] [Times: user=0.04 sys=0.00, real=0.05 secs] 
2021-01-22T00:43:54.898+0800: 40.236: [GC (Allocation Failure) 2021-01-22T00:43:54.898+0800: 40.236: [DefNew: 1258303K->139775K(1258304K), 0.0451205 secs] 2669022K->1706134K(4054528K), 0.0457252 secs] [Times: user=0.05 sys=0.00, real=0.05 secs] 
2021-01-22T00:43:55.089+0800: 40.427: [GC (Allocation Failure) 2021-01-22T00:43:55.090+0800: 40.428: [DefNew: 1258303K->139775K(1258304K), 0.0429020 secs] 2824662K->1854194K(4054528K), 0.0439799 secs] [Times: user=0.05 sys=0.00, real=0.04 secs] 
2021-01-22T00:43:55.292+0800: 40.630: [GC (Allocation Failure) 2021-01-22T00:43:55.293+0800: 40.631: [DefNew: 1258303K->139775K(1258304K), 0.0481185 secs] 2972722K->2016218K(4054528K), 0.0488168 secs] [Times: user=0.05 sys=0.00, real=0.05 secs] 
2021-01-22T00:43:55.492+0800: 40.830: [GC (Allocation Failure) 2021-01-22T00:43:55.492+0800: 40.830: [DefNew: 1258303K->139775K(1258304K), 0.0384309 secs] 3134746K->2151291K(4054528K), 0.0395289 secs] [Times: user=0.04 sys=0.00, real=0.04 secs] 
2021-01-22T00:43:55.680+0800: 41.018: [GC (Allocation Failure) 2021-01-22T00:43:55.680+0800: 41.018: [DefNew: 1258303K->139776K(1258304K), 0.0434870 secs] 3269819K->2307114K(4054528K), 0.0443145 secs] [Times: user=0.04 sys=0.00, real=0.04 secs] 
2021-01-22T00:43:55.863+0800: 41.201: [GC (Allocation Failure) 2021-01-22T00:43:55.863+0800: 41.201: [DefNew: 1258304K->139775K(1258304K), 0.0420062 secs] 3425642K->2459036K(4054528K), 0.0429381 secs] [Times: user=0.04 sys=0.00, real=0.04 secs] 
2021-01-22T00:43:56.067+0800: 41.405: [GC (Allocation Failure) 2021-01-22T00:43:56.067+0800: 41.405: [DefNew: 1258303K->139775K(1258304K), 0.0486154 secs] 3577564K->2627242K(4054528K), 0.0495250 secs] [Times: user=0.05 sys=0.00, real=0.05 secs] 
2021-01-22T00:43:56.268+0800: 41.606: [GC (Allocation Failure) 2021-01-22T00:43:56.268+0800: 41.606: [DefNew: 1258303K->139775K(1258304K), 0.0442837 secs] 3745770K->2788355K(4054528K), 0.0451402 secs] [Times: user=0.05 sys=0.00, real=0.05 secs] 
2021-01-22T00:43:56.467+0800: 41.805: [GC (Allocation Failure) 2021-01-22T00:43:56.468+0800: 41.806: [DefNew: 1258303K->1258303K(1258304K), 0.0002258 secs]2021-01-22T00:43:56.468+0800: 41.806: [Tenured: 2648579K->370535K(2796224K), 0.0627446 secs] 3906883K->370535K(4054528K), [Metaspace: 2817K->2817K(1056768K)], 0.0639970 secs] [Times: user=0.05 sys=0.01, real=0.07 secs] 
2021-01-22T00:43:56.673+0800: 42.011: [GC (Allocation Failure) 2021-01-22T00:43:56.673+0800: 42.011: [DefNew: 1118528K->139775K(1258304K), 0.0396134 secs] 1489063K->615754K(4054528K), 0.0404295 secs] [Times: user=0.04 sys=0.00, real=0.04 secs] 
2021-01-22T00:43:56.886+0800: 42.224: [GC (Allocation Failure) 2021-01-22T00:43:56.890+0800: 42.228: [DefNew: 1258303K->139775K(1258304K), 0.0530568 secs] 1734282K->762312K(4054528K), 0.0572214 secs] [Times: user=0.05 sys=0.00, real=0.06 secs] 
2021-01-22T00:43:57.225+0800: 42.563: [GC (Allocation Failure) 2021-01-22T00:43:57.267+0800: 42.605: [DefNew: 1258303K->139775K(1258304K), 0.0904437 secs] 1880840K->921091K(4054528K), 0.1348215 secs] [Times: user=0.09 sys=0.00, real=0.14 secs] 
2021-01-22T00:43:57.613+0800: 42.951: [GC (Allocation Failure) 2021-01-22T00:43:57.613+0800: 42.951: [DefNew: 1258303K->139775K(1258304K), 0.0500421 secs] 2039619K->1072776K(4054528K), 0.0506333 secs] [Times: user=0.05 sys=0.00, real=0.05 secs] 
2021-01-22T00:43:57.826+0800: 43.164: [GC (Allocation Failure) 2021-01-22T00:43:57.827+0800: 43.165: [DefNew: 1258303K->139775K(1258304K), 0.0519882 secs] 2191304K->1232779K(4054528K), 0.0525012 secs] [Times: user=0.05 sys=0.00, real=0.06 secs] 
2021-01-22T00:43:58.032+0800: 43.370: [GC (Allocation Failure) 2021-01-22T00:43:58.032+0800: 43.370: [DefNew: 1258303K->139776K(1258304K), 0.0435857 secs] 2351307K->1392442K(4054528K), 0.0441956 secs] [Times: user=0.04 sys=0.00, real=0.04 secs] 
2021-01-22T00:43:58.220+0800: 43.558: [GC (Allocation Failure) 2021-01-22T00:43:58.220+0800: 43.558: [DefNew: 1258304K->139775K(1258304K), 0.0383992 secs] 2510970K->1542359K(4054528K), 0.0391691 secs] [Times: user=0.04 sys=0.00, real=0.04 secs] 
2021-01-22T00:43:58.399+0800: 43.737: [GC (Allocation Failure) 2021-01-22T00:43:58.399+0800: 43.737: [DefNew: 1258303K->139775K(1258304K), 0.0417316 secs] 2660887K->1697455K(4054528K), 0.0426741 secs] [Times: user=0.04 sys=0.00, real=0.04 secs] 
2021-01-22T00:43:58.582+0800: 43.920: [GC (Allocation Failure) 2021-01-22T00:43:58.582+0800: 43.920: [DefNew: 1258303K->139775K(1258304K), 0.0384862 secs] 2815983K->1832569K(4054528K), 0.0393213 secs] [Times: user=0.04 sys=0.00, real=0.04 secs] 
2021-01-22T00:43:58.761+0800: 44.099: [GC (Allocation Failure) 2021-01-22T00:43:58.762+0800: 44.100: [DefNew: 1258303K->139776K(1258304K), 0.0427913 secs] 2951097K->1997745K(4054528K), 0.0436636 secs] [Times: user=0.04 sys=0.00, real=0.04 secs] 
2021-01-22T00:43:58.947+0800: 44.285: [GC (Allocation Failure) 2021-01-22T00:43:58.948+0800: 44.286: [DefNew: 1258304K->139775K(1258304K), 0.0482080 secs] 3116273K->2153458K(4054528K), 0.0491042 secs] [Times: user=0.05 sys=0.00, real=0.05 secs] 
2021-01-22T00:43:59.143+0800: 44.481: [GC (Allocation Failure) 2021-01-22T00:43:59.144+0800: 44.482: [DefNew: 1258303K->139775K(1258304K), 0.0410514 secs] 3271986K->2316236K(4054528K), 0.0419028 secs] [Times: user=0.04 sys=0.00, real=0.04 secs] 
2021-01-22T00:43:59.322+0800: 44.660: [GC (Allocation Failure) 2021-01-22T00:43:59.322+0800: 44.660: [DefNew: 1258303K->139775K(1258304K), 0.0452804 secs] 3434764K->2475871K(4054528K), 0.0460513 secs] [Times: user=0.04 sys=0.00, real=0.05 secs] 
2021-01-22T00:43:59.510+0800: 44.848: [GC (Allocation Failure) 2021-01-22T00:43:59.510+0800: 44.848: [DefNew: 1258303K->139775K(1258304K), 0.0394051 secs] 3594399K->2611048K(4054528K), 0.0402513 secs] [Times: user=0.04 sys=0.00, real=0.04 secs] 
2021-01-22T00:43:59.687+0800: 45.025: [GC (Allocation Failure) 2021-01-22T00:43:59.688+0800: 45.026: [DefNew: 1258303K->139775K(1258304K), 0.0402985 secs] 3729576K->2767180K(4054528K), 0.0412113 secs] [Times: user=0.03 sys=0.01, real=0.05 secs] 
2021-01-22T00:43:59.863+0800: 45.201: [GC (Allocation Failure) 2021-01-22T00:43:59.863+0800: 45.201: [DefNew: 1258303K->1258303K(1258304K), 0.0003343 secs]2021-01-22T00:43:59.864+0800: 45.202: [Tenured: 2627404K->382893K(2796224K), 0.0551097 secs] 3885708K->382893K(4054528K), [Metaspace: 2817K->2817K(1056768K)], 0.0566490 secs] [Times: user=0.06 sys=0.00, real=0.06 secs] 
2021-01-22T00:44:00.055+0800: 45.393: [GC (Allocation Failure) 2021-01-22T00:44:00.055+0800: 45.393: [DefNew: 1118528K->139775K(1258304K), 0.0364486 secs] 1501421K->625429K(4054528K), 0.0373424 secs] [Times: user=0.04 sys=0.00, real=0.04 secs] 
2021-01-22T00:44:00.237+0800: 45.575: [GC (Allocation Failure) 2021-01-22T00:44:00.237+0800: 45.575: [DefNew: 1258303K->139775K(1258304K), 0.0413723 secs] 1743957K->779792K(4054528K), 0.0421978 secs] [Times: user=0.05 sys=0.00, real=0.05 secs] 
2021-01-22T00:44:00.423+0800: 45.761: [GC (Allocation Failure) 2021-01-22T00:44:00.423+0800: 45.761: [DefNew: 1258303K->139775K(1258304K), 0.0443704 secs] 1898320K->929361K(4054528K), 0.0453562 secs] [Times: user=0.04 sys=0.00, real=0.05 secs] 
2021-01-22T00:44:00.609+0800: 45.947: [GC (Allocation Failure) 2021-01-22T00:44:00.609+0800: 45.947: [DefNew: 1258303K->139775K(1258304K), 0.0403862 secs] 2047889K->1075854K(4054528K), 0.0413328 secs] [Times: user=0.04 sys=0.00, real=0.04 secs] 
2021-01-22T00:44:00.787+0800: 46.125: [GC (Allocation Failure) 2021-01-22T00:44:00.788+0800: 46.126: [DefNew: 1258303K->139775K(1258304K), 0.0407023 secs] 2194382K->1230072K(4054528K), 0.0417453 secs] [Times: user=0.04 sys=0.00, real=0.05 secs] 
2021-01-22T00:44:00.961+0800: 46.299: [GC (Allocation Failure) 2021-01-22T00:44:00.962+0800: 46.300: [DefNew: 1258303K->139775K(1258304K), 0.0407008 secs] 2348600K->1389322K(4054528K), 0.0416212 secs] [Times: user=0.04 sys=0.00, real=0.04 secs] 
2021-01-22T00:44:01.149+0800: 46.487: [GC (Allocation Failure) 2021-01-22T00:44:01.150+0800: 46.487: [DefNew: 1258303K->139775K(1258304K), 0.0405003 secs] 2507850K->1530747K(4054528K), 0.0412756 secs] [Times: user=0.04 sys=0.00, real=0.04 secs] 
2021-01-22T00:44:01.377+0800: 46.714: [GC (Allocation Failure) 2021-01-22T00:44:01.377+0800: 46.715: [DefNew: 1258303K->139776K(1258304K), 0.0439967 secs] 2649275K->1689803K(4054528K), 0.0444941 secs] [Times: user=0.05 sys=0.00, real=0.05 secs] 
2021-01-22T00:44:01.558+0800: 46.896: [GC (Allocation Failure) 2021-01-22T00:44:01.559+0800: 46.897: [DefNew: 1258304K->139776K(1258304K), 0.0427328 secs] 2808331K->1833230K(4054528K), 0.0435506 secs] [Times: user=0.04 sys=0.00, real=0.04 secs] 
2021-01-22T00:44:01.742+0800: 47.080: [GC (Allocation Failure) 2021-01-22T00:44:01.742+0800: 47.080: [DefNew: 1258304K->139775K(1258304K), 0.0416853 secs] 2951758K->1978137K(4054528K), 0.0426941 secs] [Times: user=0.04 sys=0.00, real=0.04 secs] 
2021-01-22T00:44:01.944+0800: 47.282: [GC (Allocation Failure) 2021-01-22T00:44:01.944+0800: 47.282: [DefNew: 1258303K->139775K(1258304K), 0.0549767 secs] 3096665K->2128952K(4054528K), 0.0557210 secs] [Times: user=0.05 sys=0.00, real=0.06 secs] 
2021-01-22T00:44:02.163+0800: 47.501: [GC (Allocation Failure) 2021-01-22T00:44:02.164+0800: 47.502: [DefNew: 1258303K->139775K(1258304K), 0.0475524 secs] 3247480K->2285585K(4054528K), 0.0487802 secs] [Times: user=0.04 sys=0.00, real=0.05 secs] 
2021-01-22T00:44:02.380+0800: 47.717: [GC (Allocation Failure) 2021-01-22T00:44:02.380+0800: 47.718: [DefNew: 1258303K->139775K(1258304K), 0.0532284 secs] 3404113K->2443318K(4054528K), 0.0540194 secs] [Times: user=0.05 sys=0.00, real=0.05 secs] 
2021-01-22T00:44:02.581+0800: 47.919: [GC (Allocation Failure) 2021-01-22T00:44:02.582+0800: 47.919: [DefNew: 1258303K->139776K(1258304K), 0.0433692 secs] 3561846K->2600657K(4054528K), 0.0439200 secs] [Times: user=0.05 sys=0.00, real=0.04 secs] 
2021-01-22T00:44:02.771+0800: 48.109: [GC (Allocation Failure) 2021-01-22T00:44:02.772+0800: 48.110: [DefNew: 1258304K->139775K(1258304K), 0.0528702 secs] 3719185K->2754744K(4054528K), 0.0535366 secs] [Times: user=0.05 sys=0.00, real=0.05 secs] 
2021-01-22T00:44:02.986+0800: 48.324: [GC (Allocation Failure) 2021-01-22T00:44:02.986+0800: 48.324: [DefNew: 1258303K->139776K(1258304K), 0.0459414 secs] 3873272K->2906718K(4054528K), 0.0465655 secs] [Times: user=0.04 sys=0.00, real=0.05 secs] 
2021-01-22T00:44:03.185+0800: 48.523: [GC (Allocation Failure) 2021-01-22T00:44:03.185+0800: 48.523: [DefNew: 1258304K->1258304K(1258304K), 0.0002348 secs]2021-01-22T00:44:03.186+0800: 48.524: [Tenured: 2766942K->388656K(2796224K), 0.0607855 secs] 4025246K->388656K(4054528K), [Metaspace: 2817K->2817K(1056768K)], 0.0621409 secs] [Times: user=0.06 sys=0.00, real=0.06 secs] 
2021-01-22T00:44:03.395+0800: 48.733: [GC (Allocation Failure) 2021-01-22T00:44:03.395+0800: 48.733: [DefNew: 1118528K->139775K(1258304K), 0.0415338 secs] 1507184K->633017K(4054528K), 0.0425006 secs] [Times: user=0.04 sys=0.00, real=0.04 secs] 
2021-01-22T00:44:03.617+0800: 48.955: [GC (Allocation Failure) 2021-01-22T00:44:03.618+0800: 48.956: [DefNew: 1258303K->139775K(1258304K), 0.0448232 secs] 1751545K->789443K(4054528K), 0.0455223 secs] [Times: user=0.05 sys=0.00, real=0.05 secs] 
2021-01-22T00:44:03.823+0800: 49.161: [GC (Allocation Failure) 2021-01-22T00:44:03.823+0800: 49.161: [DefNew: 1258303K->139775K(1258304K), 0.0550442 secs] 1907971K->954959K(4054528K), 0.0560204 secs] [Times: user=0.05 sys=0.00, real=0.06 secs] 
2021-01-22T00:44:04.049+0800: 49.387: [GC (Allocation Failure) 2021-01-22T00:44:04.050+0800: 49.388: [DefNew: 1258303K->139776K(1258304K), 0.0386516 secs] 2073487K->1105100K(4054528K), 0.0392058 secs] [Times: user=0.04 sys=0.00, real=0.04 secs] 
2021-01-22T00:44:04.224+0800: 49.562: [GC (Allocation Failure) 2021-01-22T00:44:04.224+0800: 49.562: [DefNew: 1258304K->139776K(1258304K), 0.0435225 secs] 2223628K->1247373K(4054528K), 0.0441945 secs] [Times: user=0.04 sys=0.00, real=0.05 secs] 
2021-01-22T00:44:04.405+0800: 49.743: [GC (Allocation Failure) 2021-01-22T00:44:04.405+0800: 49.743: [DefNew: 1258304K->139775K(1258304K), 0.0451485 secs] 2365901K->1398765K(4054528K), 0.0460457 secs] [Times: user=0.04 sys=0.00, real=0.05 secs] 
2021-01-22T00:44:04.611+0800: 49.949: [GC (Allocation Failure) 2021-01-22T00:44:04.611+0800: 49.949: [DefNew: 1258303K->139775K(1258304K), 0.0542658 secs] 2517293K->1559292K(4054528K), 0.0551355 secs] [Times: user=0.06 sys=0.00, real=0.05 secs] 
2021-01-22T00:44:04.827+0800: 50.165: [GC (Allocation Failure) 2021-01-22T00:44:04.827+0800: 50.165: [DefNew: 1258303K->139776K(1258304K), 0.0530414 secs] 2677820K->1725870K(4054528K), 0.0537016 secs] [Times: user=0.05 sys=0.00, real=0.06 secs] 
2021-01-22T00:44:05.022+0800: 50.360: [GC (Allocation Failure) 2021-01-22T00:44:05.022+0800: 50.360: [DefNew: 1258304K->139775K(1258304K), 0.0433691 secs] 2844398K->1886479K(4054528K), 0.0440960 secs] [Times: user=0.04 sys=0.00, real=0.04 secs] 
2021-01-22T00:44:05.215+0800: 50.553: [GC (Allocation Failure) 2021-01-22T00:44:05.216+0800: 50.554: [DefNew: 1258303K->139775K(1258304K), 0.0382835 secs] 3005007K->2045925K(4054528K), 0.0391172 secs] [Times: user=0.04 sys=0.00, real=0.04 secs] 
2021-01-22T00:44:05.388+0800: 50.726: [GC (Allocation Failure) 2021-01-22T00:44:05.389+0800: 50.727: [DefNew: 1258303K->139775K(1258304K), 0.0438436 secs] 3164453K->2211207K(4054528K), 0.0448266 secs] [Times: user=0.05 sys=0.00, real=0.04 secs] 
2021-01-22T00:44:05.574+0800: 50.912: [GC (Allocation Failure) 2021-01-22T00:44:05.574+0800: 50.912: [DefNew: 1258303K->139775K(1258304K), 0.0392961 secs] 3329735K->2352329K(4054528K), 0.0402696 secs] [Times: user=0.04 sys=0.00, real=0.04 secs] 
2021-01-22T00:44:05.748+0800: 51.086: [GC (Allocation Failure) 2021-01-22T00:44:05.749+0800: 51.087: [DefNew: 1258303K->139775K(1258304K), 0.0436290 secs] 3470857K->2496767K(4054528K), 0.0446010 secs] [Times: user=0.05 sys=0.00, real=0.04 secs] 
2021-01-22T00:44:05.931+0800: 51.269: [GC (Allocation Failure) 2021-01-22T00:44:05.932+0800: 51.269: [DefNew: 1258303K->139775K(1258304K), 0.0370664 secs] 3615295K->2644497K(4054528K), 0.0380154 secs] [Times: user=0.04 sys=0.00, real=0.04 secs] 
2021-01-22T00:44:06.101+0800: 51.439: [GC (Allocation Failure) 2021-01-22T00:44:06.102+0800: 51.439: [DefNew: 1258303K->139775K(1258304K), 0.0403967 secs] 3763025K->2792078K(4054528K), 0.0412898 secs] [Times: user=0.04 sys=0.00, real=0.04 secs] 
2021-01-22T00:44:06.277+0800: 51.615: [GC (Allocation Failure) 2021-01-22T00:44:06.278+0800: 51.616: [DefNew: 1258303K->1258303K(1258304K), 0.0004884 secs]2021-01-22T00:44:06.278+0800: 51.616: [Tenured: 2652302K->373462K(2796224K), 0.0545435 secs] 3910606K->373462K(4054528K), [Metaspace: 2817K->2817K(1056768K)], 0.0561679 secs] [Times: user=0.05 sys=0.00, real=0.06 secs] 
2021-01-22T00:44:06.469+0800: 51.807: [GC (Allocation Failure) 2021-01-22T00:44:06.469+0800: 51.807: [DefNew: 1118528K->139775K(1258304K), 0.0329197 secs] 1491990K->620265K(4054528K), 0.0338777 secs] [Times: user=0.03 sys=0.00, real=0.03 secs] 
2021-01-22T00:44:06.638+0800: 51.976: [GC (Allocation Failure) 2021-01-22T00:44:06.638+0800: 51.976: [DefNew: 1258303K->139775K(1258304K), 0.0406663 secs] 1738793K->766653K(4054528K), 0.0416777 secs] [Times: user=0.04 sys=0.00, real=0.05 secs] 
2021-01-22T00:44:06.811+0800: 52.149: [GC (Allocation Failure) 2021-01-22T00:44:06.811+0800: 52.149: [DefNew: 1258303K->139775K(1258304K), 0.0394553 secs] 1885181K->918087K(4054528K), 0.0404687 secs] [Times: user=0.04 sys=0.00, real=0.04 secs] 
2021-01-22T00:44:07.004+0800: 52.341: [GC (Allocation Failure) 2021-01-22T00:44:07.004+0800: 52.342: [DefNew: 1258303K->139776K(1258304K), 0.0393868 secs] 2036615K->1071760K(4054528K), 0.0401563 secs] [Times: user=0.04 sys=0.00, real=0.04 secs] 
2021-01-22T00:44:07.196+0800: 52.534: [GC (Allocation Failure) 2021-01-22T00:44:07.196+0800: 52.534: [DefNew: 1258304K->139776K(1258304K), 0.0383391 secs] 2190288K->1225027K(4054528K), 0.0392412 secs] [Times: user=0.04 sys=0.00, real=0.04 secs] 
2021-01-22T00:44:07.370+0800: 52.708: [GC (Allocation Failure) 2021-01-22T00:44:07.370+0800: 52.708: [DefNew: 1258304K->139775K(1258304K), 0.0422949 secs] 2343555K->1383037K(4054528K), 0.0431538 secs] [Times: user=0.04 sys=0.00, real=0.04 secs] 
2021-01-22T00:44:07.552+0800: 52.890: [GC (Allocation Failure) 2021-01-22T00:44:07.552+0800: 52.890: [DefNew: 1258303K->139776K(1258304K), 0.0391210 secs] 2501565K->1533698K(4054528K), 0.0404109 secs] [Times: user=0.04 sys=0.00, real=0.04 secs] 
2021-01-22T00:44:07.736+0800: 53.074: [GC (Allocation Failure) 2021-01-22T00:44:07.736+0800: 53.074: [DefNew: 1258304K->139775K(1258304K), 0.0381551 secs] 2652226K->1675861K(4054528K), 0.0389834 secs] [Times: user=0.04 sys=0.00, real=0.04 secs] 
2021-01-22T00:44:07.910+0800: 53.248: [GC (Allocation Failure) 2021-01-22T00:44:07.911+0800: 53.249: [DefNew: 1258303K->139775K(1258304K), 0.0404035 secs] 2794389K->1840113K(4054528K), 0.0412835 secs] [Times: user=0.04 sys=0.00, real=0.04 secs] 
2021-01-22T00:44:08.094+0800: 53.432: [GC (Allocation Failure) 2021-01-22T00:44:08.094+0800: 53.432: [DefNew: 1258303K->139775K(1258304K), 0.0369427 secs] 2958641K->1990909K(4054528K), 0.0377692 secs] [Times: user=0.04 sys=0.00, real=0.04 secs] 
2021-01-22T00:44:08.271+0800: 53.609: [GC (Allocation Failure) 2021-01-22T00:44:08.272+0800: 53.610: [DefNew: 1258303K->139776K(1258304K), 0.0434070 secs] 3109437K->2134301K(4054528K), 0.0444049 secs] [Times: user=0.05 sys=0.00, real=0.04 secs] 
2021-01-22T00:44:08.465+0800: 53.803: [GC (Allocation Failure) 2021-01-22T00:44:08.465+0800: 53.803: [DefNew: 1258304K->139775K(1258304K), 0.0459023 secs] 3252829K->2288823K(4054528K), 0.0466438 secs] [Times: user=0.04 sys=0.00, real=0.05 secs] 
2021-01-22T00:44:08.655+0800: 53.993: [GC (Allocation Failure) 2021-01-22T00:44:08.655+0800: 53.993: [DefNew: 1258303K->139775K(1258304K), 0.0419749 secs] 3407351K->2432296K(4054528K), 0.0430793 secs] [Times: user=0.04 sys=0.00, real=0.05 secs] 
2021-01-22T00:44:08.837+0800: 54.175: [GC (Allocation Failure) 2021-01-22T00:44:08.838+0800: 54.176: [DefNew: 1258303K->139775K(1258304K), 0.0403989 secs] 3550824K->2584715K(4054528K), 0.0412137 secs] [Times: user=0.04 sys=0.00, real=0.05 secs] 
2021-01-22T00:44:09.008+0800: 54.346: [GC (Allocation Failure) 2021-01-22T00:44:09.009+0800: 54.347: [DefNew: 1258303K->139775K(1258304K), 0.0372853 secs] 3703243K->2741567K(4054528K), 0.0381309 secs] [Times: user=0.03 sys=0.00, real=0.03 secs] 
2021-01-22T00:44:09.183+0800: 54.521: [GC (Allocation Failure) 2021-01-22T00:44:09.183+0800: 54.521: [DefNew: 1258303K->139776K(1258304K), 0.0398726 secs] 3860095K->2897548K(4054528K), 0.0408739 secs] [Times: user=0.04 sys=0.00, real=0.04 secs] 
2021-01-22T00:44:09.358+0800: 54.696: [GC (Allocation Failure) 2021-01-22T00:44:09.359+0800: 54.697: [DefNew: 1258304K->1258304K(1258304K), 0.0003279 secs]2021-01-22T00:44:09.359+0800: 54.697: [Tenured: 2757772K->358670K(2796224K), 0.0520394 secs] 4016076K->358670K(4054528K), [Metaspace: 2817K->2817K(1056768K)], 0.0534765 secs] [Times: user=0.05 sys=0.00, real=0.05 secs] 
2021-01-22T00:44:09.549+0800: 54.886: [GC (Allocation Failure) 2021-01-22T00:44:09.549+0800: 54.887: [DefNew: 1118528K->139775K(1258304K), 0.0333986 secs] 1477198K->614860K(4054528K), 0.0342239 secs] [Times: user=0.03 sys=0.00, real=0.03 secs] 
2021-01-22T00:44:09.715+0800: 55.053: [GC (Allocation Failure) 2021-01-22T00:44:09.716+0800: 55.054: [DefNew: 1258303K->139775K(1258304K), 0.0399343 secs] 1733388K->767878K(4054528K), 0.0407925 secs] [Times: user=0.04 sys=0.00, real=0.04 secs] 
2021-01-22T00:44:09.888+0800: 55.226: [GC (Allocation Failure) 2021-01-22T00:44:09.889+0800: 55.227: [DefNew: 1258303K->139776K(1258304K), 0.0425321 secs] 1886406K->913682K(4054528K), 0.0435329 secs] [Times: user=0.04 sys=0.00, real=0.04 secs] 
2021-01-22T00:44:10.078+0800: 55.416: [GC (Allocation Failure) 2021-01-22T00:44:10.078+0800: 55.416: [DefNew: 1258304K->139775K(1258304K), 0.0454480 secs] 2032210K->1077889K(4054528K), 0.0464469 secs] [Times: user=0.05 sys=0.00, real=0.05 secs] 
2021-01-22T00:44:10.263+0800: 55.601: [GC (Allocation Failure) 2021-01-22T00:44:10.263+0800: 55.601: [DefNew: 1258303K->139775K(1258304K), 0.0404015 secs] 2196417K->1218315K(4054528K), 0.0411630 secs] [Times: user=0.04 sys=0.00, real=0.04 secs] 
2021-01-22T00:44:10.436+0800: 55.774: [GC (Allocation Failure) 2021-01-22T00:44:10.436+0800: 55.774: [DefNew: 1258303K->139776K(1258304K), 0.0384632 secs] 2336843K->1363797K(4054528K), 0.0393369 secs] [Times: user=0.03 sys=0.00, real=0.04 secs] 
2021-01-22T00:44:10.608+0800: 55.946: [GC (Allocation Failure) 2021-01-22T00:44:10.609+0800: 55.947: [DefNew: 1258304K->139775K(1258304K), 0.0374411 secs] 2482325K->1522577K(4054528K), 0.0382863 secs] [Times: user=0.03 sys=0.00, real=0.03 secs] 
2021-01-22T00:44:10.783+0800: 56.121: [GC (Allocation Failure) 2021-01-22T00:44:10.783+0800: 56.121: [DefNew: 1258303K->139775K(1258304K), 0.0395507 secs] 2641105K->1678662K(4054528K), 0.0404653 secs] [Times: user=0.04 sys=0.00, real=0.04 secs] 
2021-01-22T00:44:10.952+0800: 56.290: [GC (Allocation Failure) 2021-01-22T00:44:10.953+0800: 56.291: [DefNew: 1258303K->139776K(1258304K), 0.0392701 secs] 2797190K->1833221K(4054528K), 0.0401655 secs] [Times: user=0.04 sys=0.00, real=0.04 secs] 
2021-01-22T00:44:11.128+0800: 56.466: [GC (Allocation Failure) 2021-01-22T00:44:11.128+0800: 56.466: [DefNew: 1258304K->139776K(1258304K), 0.0365651 secs] 2951749K->1966219K(4054528K), 0.0373879 secs] [Times: user=0.04 sys=0.00, real=0.04 secs] 
2021-01-22T00:44:11.299+0800: 56.637: [GC (Allocation Failure) 2021-01-22T00:44:11.300+0800: 56.638: [DefNew: 1258304K->139775K(1258304K), 0.0400095 secs] 3084747K->2116422K(4054528K), 0.0411030 secs] [Times: user=0.04 sys=0.00, real=0.04 secs] 
2021-01-22T00:44:11.482+0800: 56.820: [GC (Allocation Failure) 2021-01-22T00:44:11.483+0800: 56.821: [DefNew: 1258303K->139775K(1258304K), 0.0449721 secs] 3234950K->2277928K(4054528K), 0.0459938 secs] [Times: user=0.05 sys=0.00, real=0.05 secs] 
2021-01-22T00:44:11.668+0800: 57.006: [GC (Allocation Failure) 2021-01-22T00:44:11.669+0800: 57.007: [DefNew: 1258303K->139775K(1258304K), 0.0387996 secs] 3396456K->2437338K(4054528K), 0.0396649 secs] [Times: user=0.04 sys=0.00, real=0.04 secs] 
2021-01-22T00:44:11.844+0800: 57.182: [GC (Allocation Failure) 2021-01-22T00:44:11.845+0800: 57.183: [DefNew: 1258303K->139776K(1258304K), 0.0461440 secs] 3555866K->2597180K(4054528K), 0.0471199 secs] [Times: user=0.05 sys=0.00, real=0.05 secs] 
2021-01-22T00:44:12.028+0800: 57.366: [GC (Allocation Failure) 2021-01-22T00:44:12.028+0800: 57.366: [DefNew: 1258304K->139775K(1258304K), 0.0390090 secs] 3715708K->2741480K(4054528K), 0.0399453 secs] [Times: user=0.04 sys=0.00, real=0.05 secs] 
2021-01-22T00:44:12.207+0800: 57.545: [GC (Allocation Failure) 2021-01-22T00:44:12.208+0800: 57.546: [DefNew: 1258303K->139775K(1258304K), 0.0414033 secs] 3860008K->2903187K(4054528K), 0.0423474 secs] [Times: user=0.04 sys=0.00, real=0.05 secs] 
2021-01-22T00:44:12.385+0800: 57.723: [GC (Allocation Failure) 2021-01-22T00:44:12.386+0800: 57.724: [DefNew: 1258303K->1258303K(1258304K), 0.0003521 secs]2021-01-22T00:44:12.386+0800: 57.724: [Tenured: 2763411K->371800K(2796224K), 0.0551121 secs] 4021715K->371800K(4054528K), [Metaspace: 2817K->2817K(1056768K)], 0.0567391 secs] [Times: user=0.05 sys=0.00, real=0.06 secs] 
2021-01-22T00:44:12.585+0800: 57.923: [GC (Allocation Failure) 2021-01-22T00:44:12.585+0800: 57.923: [DefNew: 1118528K->139775K(1258304K), 0.0316713 secs] 1490328K->609174K(4054528K), 0.0325903 secs] [Times: user=0.04 sys=0.00, real=0.03 secs] 
2021-01-22T00:44:12.750+0800: 58.088: [GC (Allocation Failure) 2021-01-22T00:44:12.750+0800: 58.088: [DefNew: 1258303K->139776K(1258304K), 0.0387376 secs] 1727702K->755802K(4054528K), 0.0396078 secs] [Times: user=0.04 sys=0.00, real=0.04 secs] 
2021-01-22T00:44:12.925+0800: 58.263: [GC (Allocation Failure) 2021-01-22T00:44:12.925+0800: 58.263: [DefNew: 1258304K->139775K(1258304K), 0.0403157 secs] 1874330K->907547K(4054528K), 0.0411996 secs] [Times: user=0.04 sys=0.00, real=0.04 secs] 
2021-01-22T00:44:13.096+0800: 58.434: [GC (Allocation Failure) 2021-01-22T00:44:13.097+0800: 58.435: [DefNew: 1258303K->139776K(1258304K), 0.0424341 secs] 2026075K->1072011K(4054528K), 0.0434062 secs] [Times: user=0.04 sys=0.00, real=0.05 secs] 
2021-01-22T00:44:13.276+0800: 58.614: [GC (Allocation Failure) 2021-01-22T00:44:13.276+0800: 58.614: [DefNew: 1258304K->139776K(1258304K), 0.0384270 secs] 2190539K->1221261K(4054528K), 0.0392904 secs] [Times: user=0.04 sys=0.00, real=0.04 secs] 
2021-01-22T00:44:13.450+0800: 58.788: [GC (Allocation Failure) 2021-01-22T00:44:13.450+0800: 58.788: [DefNew: 1258304K->139776K(1258304K), 0.0412230 secs] 2339789K->1363894K(4054528K), 0.0421038 secs] [Times: user=0.04 sys=0.00, real=0.04 secs] 
2021-01-22T00:44:13.632+0800: 58.970: [GC (Allocation Failure) 2021-01-22T00:44:13.632+0800: 58.970: [DefNew: 1258304K->139776K(1258304K), 0.0426630 secs] 2482422K->1535131K(4054528K), 0.0434438 secs] [Times: user=0.05 sys=0.00, real=0.04 secs] 
2021-01-22T00:44:13.814+0800: 59.152: [GC (Allocation Failure) 2021-01-22T00:44:13.814+0800: 59.152: [DefNew: 1258304K->139775K(1258304K), 0.0399734 secs] 2653659K->1696556K(4054528K), 0.0409717 secs] [Times: user=0.04 sys=0.00, real=0.04 secs] 
2021-01-22T00:44:13.994+0800: 59.331: [GC (Allocation Failure) 2021-01-22T00:44:13.994+0800: 59.332: [DefNew: 1258303K->139776K(1258304K), 0.0407840 secs] 2815084K->1846683K(4054528K), 0.0418578 secs] [Times: user=0.04 sys=0.00, real=0.04 secs] 
2021-01-22T00:44:14.171+0800: 59.509: [GC (Allocation Failure) 2021-01-22T00:44:14.171+0800: 59.509: [DefNew: 1258304K->139775K(1258304K), 0.0402009 secs] 2965211K->1994264K(4054528K), 0.0412162 secs] [Times: user=0.04 sys=0.00, real=0.04 secs] 
2021-01-22T00:44:14.348+0800: 59.686: [GC (Allocation Failure) 2021-01-22T00:44:14.348+0800: 59.686: [DefNew: 1258303K->139776K(1258304K), 0.0411868 secs] 3112792K->2148956K(4054528K), 0.0420941 secs] [Times: user=0.04 sys=0.00, real=0.05 secs] 
2021-01-22T00:44:14.528+0800: 59.866: [GC (Allocation Failure) 2021-01-22T00:44:14.529+0800: 59.867: [DefNew: 1258304K->139776K(1258304K), 0.0395238 secs] 3267484K->2301060K(4054528K), 0.0403168 secs] [Times: user=0.04 sys=0.00, real=0.04 secs] 
2021-01-22T00:44:14.703+0800: 60.041: [GC (Allocation Failure) 2021-01-22T00:44:14.704+0800: 60.041: [DefNew: 1258304K->139776K(1258304K), 0.0442409 secs] 3419588K->2458303K(4054528K), 0.0450279 secs] [Times: user=0.04 sys=0.00, real=0.05 secs] 
Heap
 def new generation   total 1258304K, used 184904K [0x00000006c0000000, 0x0000000715550000, 0x0000000715550000)
  eden space 1118528K,   4% used [0x00000006c0000000, 0x00000006c2c12070, 0x0000000704450000)
  from space 139776K, 100% used [0x000000070ccd0000, 0x0000000715550000, 0x0000000715550000)
  to   space 139776K,   0% used [0x0000000704450000, 0x0000000704450000, 0x000000070ccd0000)
 tenured generation   total 2796224K, used 2318527K [0x0000000715550000, 0x00000007c0000000, 0x00000007c0000000)
   the space 2796224K,  82% used [0x0000000715550000, 0x00000007a2d7fc78, 0x00000007a2d7fe00, 0x00000007c0000000)
 Metaspace       used 2823K, capacity 4490K, committed 4864K, reserved 1056768K
  class space    used 293K, capacity 386K, committed 512K, reserved 1048576K
