OpenJDK 64-Bit Server VM (25.252-b09) for linux-amd64 JRE (1.8.0_252-8u252-b09-1ubuntu1-b09), built on Apr 16 2020 08:47:49 by "buildd" with gcc 9.3.0
Memory: 4k page, physical 39286120k(39105228k free), swap 10485760k(10485760k free)
CommandLine flags: -XX:InitialHeapSize=536870912 -XX:MaxHeapSize=536870912 -XX:+PrintGC -XX:+PrintGCDateStamps -XX:+PrintGCDetails -XX:+PrintGCTimeStamps -XX:+UseCompressedClassPointers -XX:+UseCompressedOops -XX:+UseSerialGC 
2021-01-21T22:06:24.481+0800: 0.111: [GC (Allocation Failure) 2021-01-21T22:06:24.481+0800: 0.112: [DefNew: 139776K->17472K(157248K), 0.0128595 secs] 139776K->47356K(506816K), 0.0139071 secs] [Times: user=0.00 sys=0.01, real=0.01 secs] 
2021-01-21T22:06:24.514+0800: 0.145: [GC (Allocation Failure) 2021-01-21T22:06:24.514+0800: 0.145: [DefNew: 157248K->17469K(157248K), 0.0136819 secs] 187132K->89093K(506816K), 0.0145366 secs] [Times: user=0.02 sys=0.00, real=0.02 secs] 
2021-01-21T22:06:24.546+0800: 0.176: [GC (Allocation Failure) 2021-01-21T22:06:24.546+0800: 0.177: [DefNew: 157190K->17471K(157248K), 0.0110070 secs] 228814K->127263K(506816K), 0.0119109 secs] [Times: user=0.01 sys=0.00, real=0.01 secs] 
2021-01-21T22:06:24.575+0800: 0.206: [GC (Allocation Failure) 2021-01-21T22:06:24.576+0800: 0.207: [DefNew: 156723K->17471K(157248K), 0.0127037 secs] 266516K->169247K(506816K), 0.0138479 secs] [Times: user=0.00 sys=0.02, real=0.02 secs] 
2021-01-21T22:06:24.607+0800: 0.237: [GC (Allocation Failure) 2021-01-21T22:06:24.607+0800: 0.238: [DefNew: 157220K->17472K(157248K), 0.0102622 secs] 308996K->206522K(506816K), 0.0111617 secs] [Times: user=0.01 sys=0.00, real=0.01 secs] 
2021-01-21T22:06:24.635+0800: 0.265: [GC (Allocation Failure) 2021-01-21T22:06:24.635+0800: 0.266: [DefNew: 157248K->17470K(157248K), 0.0143821 secs] 346298K->250242K(506816K), 0.0151952 secs] [Times: user=0.01 sys=0.00, real=0.02 secs] 
2021-01-21T22:06:24.666+0800: 0.297: [GC (Allocation Failure) 2021-01-21T22:06:24.666+0800: 0.297: [DefNew: 157246K->17471K(157248K), 0.0131351 secs] 390018K->296497K(506816K), 0.0139920 secs] [Times: user=0.00 sys=0.01, real=0.02 secs] 
2021-01-21T22:06:24.696+0800: 0.327: [GC (Allocation Failure) 2021-01-21T22:06:24.696+0800: 0.327: [DefNew: 157247K->17470K(157248K), 0.0131434 secs] 436273K->338830K(506816K), 0.0139739 secs] [Times: user=0.01 sys=0.00, real=0.02 secs] 
2021-01-21T22:06:24.727+0800: 0.357: [GC (Allocation Failure) 2021-01-21T22:06:24.727+0800: 0.358: [DefNew: 157246K->157246K(157248K), 0.0003466 secs]2021-01-21T22:06:24.728+0800: 0.359: [Tenured: 321360K->275536K(349568K), 0.0304036 secs] 478606K->275536K(506816K), [Metaspace: 2809K->2809K(1056768K)], 0.0320506 secs] [Times: user=0.03 sys=0.00, real=0.04 secs] 
2021-01-21T22:06:24.775+0800: 0.406: [GC (Allocation Failure) 2021-01-21T22:06:24.775+0800: 0.406: [DefNew: 139776K->17469K(157248K), 0.0061826 secs] 415312K->321615K(506816K), 0.0070380 secs] [Times: user=0.00 sys=0.00, real=0.01 secs] 
2021-01-21T22:06:24.799+0800: 0.429: [GC (Allocation Failure) 2021-01-21T22:06:24.799+0800: 0.430: [DefNew: 157245K->157245K(157248K), 0.0003467 secs]2021-01-21T22:06:24.800+0800: 0.430: [Tenured: 304145K->301264K(349568K), 0.0345638 secs] 461391K->301264K(506816K), [Metaspace: 2810K->2810K(1056768K)], 0.0361538 secs] [Times: user=0.03 sys=0.00, real=0.03 secs] 
2021-01-21T22:06:24.852+0800: 0.483: [GC (Allocation Failure) 2021-01-21T22:06:24.853+0800: 0.484: [DefNew: 139776K->17471K(157248K), 0.0067201 secs] 441040K->345517K(506816K), 0.0078634 secs] [Times: user=0.00 sys=0.01, real=0.01 secs] 
2021-01-21T22:06:24.876+0800: 0.507: [GC (Allocation Failure) 2021-01-21T22:06:24.876+0800: 0.507: [DefNew: 157247K->157247K(157248K), 0.0003311 secs]2021-01-21T22:06:24.877+0800: 0.508: [Tenured: 328045K->329199K(349568K), 0.0394603 secs] 485293K->329199K(506816K), [Metaspace: 2810K->2810K(1056768K)], 0.0409563 secs] [Times: user=0.04 sys=0.00, real=0.04 secs] 
2021-01-21T22:06:24.933+0800: 0.564: [GC (Allocation Failure) 2021-01-21T22:06:24.934+0800: 0.565: [DefNew: 139776K->139776K(157248K), 0.0003476 secs]2021-01-21T22:06:24.935+0800: 0.565: [Tenured: 329199K->313616K(349568K), 0.0419291 secs] 468975K->313616K(506816K), [Metaspace: 2810K->2810K(1056768K)], 0.0434885 secs] [Times: user=0.04 sys=0.00, real=0.04 secs] 
2021-01-21T22:06:24.994+0800: 0.625: [GC (Allocation Failure) 2021-01-21T22:06:24.995+0800: 0.625: [DefNew: 139776K->17471K(157248K), 0.0088464 secs] 453392K->363289K(506816K), 0.0096610 secs] [Times: user=0.01 sys=0.00, real=0.01 secs] 
2021-01-21T22:06:25.020+0800: 0.650: [GC (Allocation Failure) 2021-01-21T22:06:25.020+0800: 0.651: [DefNew: 157247K->157247K(157248K), 0.0003523 secs]2021-01-21T22:06:25.021+0800: 0.651: [Tenured: 345817K->349532K(349568K), 0.0333513 secs] 503065K->349532K(506816K), [Metaspace: 2810K->2810K(1056768K)], 0.0348682 secs] [Times: user=0.03 sys=0.00, real=0.03 secs] 
2021-01-21T22:06:25.073+0800: 0.703: [GC (Allocation Failure) 2021-01-21T22:06:25.073+0800: 0.704: [DefNew: 139776K->139776K(157248K), 0.0003049 secs]2021-01-21T22:06:25.074+0800: 0.704: [Tenured: 349532K->349464K(349568K), 0.0371032 secs] 489308K->352119K(506816K), [Metaspace: 2810K->2810K(1056768K)], 0.0385952 secs] [Times: user=0.04 sys=0.00, real=0.04 secs] 
2021-01-21T22:06:25.130+0800: 0.761: [Full GC (Allocation Failure) 2021-01-21T22:06:25.131+0800: 0.761: [Tenured: 349552K->349488K(349568K), 0.0388064 secs] 506759K->356430K(506816K), [Metaspace: 2810K->2810K(1056768K)], 0.0397132 secs] [Times: user=0.04 sys=0.00, real=0.04 secs] 
2021-01-21T22:06:25.187+0800: 0.818: [Full GC (Allocation Failure) 2021-01-21T22:06:25.188+0800: 0.819: [Tenured: 349559K->343068K(349568K), 0.0439062 secs] 506761K->343068K(506816K), [Metaspace: 2810K->2810K(1056768K)], 0.0448027 secs] [Times: user=0.05 sys=0.00, real=0.05 secs] 
2021-01-21T22:06:25.247+0800: 0.878: [GC (Allocation Failure) 2021-01-21T22:06:25.248+0800: 0.878: [DefNew: 139776K->139776K(157248K), 0.0003173 secs]2021-01-21T22:06:25.248+0800: 0.879: [Tenured: 343068K->349489K(349568K), 0.0271267 secs] 482844K->362924K(506816K), [Metaspace: 2810K->2810K(1056768K)], 0.0288851 secs] [Times: user=0.03 sys=0.00, real=0.03 secs] 
2021-01-21T22:06:25.294+0800: 0.924: [Full GC (Allocation Failure) 2021-01-21T22:06:25.294+0800: 0.925: [Tenured: 349489K->349340K(349568K), 0.0369303 secs] 506238K->361165K(506816K), [Metaspace: 2810K->2810K(1056768K)], 0.0380122 secs] [Times: user=0.03 sys=0.00, real=0.04 secs] 
2021-01-21T22:06:25.349+0800: 0.980: [Full GC (Allocation Failure) 2021-01-21T22:06:25.350+0800: 0.980: [Tenured: 349484K->349383K(349568K), 0.0443195 secs] 506638K->361604K(506816K), [Metaspace: 2810K->2810K(1056768K)], 0.0452338 secs] [Times: user=0.04 sys=0.00, real=0.04 secs] 
2021-01-21T22:06:25.413+0800: 1.044: [Full GC (Allocation Failure) 2021-01-21T22:06:25.413+0800: 1.044: [Tenured: 349383K->348005K(349568K), 0.0475899 secs] 506476K->348005K(506816K), [Metaspace: 2810K->2810K(1056768K)], 0.0484671 secs] [Times: user=0.05 sys=0.00, real=0.05 secs] 
2021-01-21T22:06:25.478+0800: 1.109: [GC (Allocation Failure) 2021-01-21T22:06:25.479+0800: 1.110: [DefNew: 139465K->139465K(157248K), 0.0003339 secs]2021-01-21T22:06:25.479+0800: 1.110: [Tenured: 348005K->349549K(349568K), 0.0288284 secs] 487470K->364812K(506816K), [Metaspace: 2810K->2810K(1056768K)], 0.0303576 secs] [Times: user=0.02 sys=0.00, real=0.03 secs] 
2021-01-21T22:06:25.527+0800: 1.158: [Full GC (Allocation Failure) 2021-01-21T22:06:25.528+0800: 1.159: [Tenured: 349549K->349297K(349568K), 0.0376575 secs] 506735K->368048K(506816K), [Metaspace: 2810K->2810K(1056768K)], 0.0386115 secs] [Times: user=0.04 sys=0.00, real=0.04 secs] 
2021-01-21T22:06:25.584+0800: 1.214: [Full GC (Allocation Failure) 2021-01-21T22:06:25.584+0800: 1.215: [Tenured: 349297K->349286K(349568K), 0.0407627 secs] 506383K->376256K(506816K), [Metaspace: 2810K->2810K(1056768K)], 0.0418255 secs] [Times: user=0.04 sys=0.00, real=0.04 secs] 
2021-01-21T22:06:25.642+0800: 1.273: [Full GC (Allocation Failure) 2021-01-21T22:06:25.643+0800: 1.273: [Tenured: 349286K->349149K(349568K), 0.0448618 secs] 506432K->365655K(506816K), [Metaspace: 2810K->2810K(1056768K)], 0.0459696 secs] [Times: user=0.05 sys=0.00, real=0.05 secs] 
2021-01-21T22:06:25.704+0800: 1.335: [Full GC (Allocation Failure) 2021-01-21T22:06:25.705+0800: 1.336: [Tenured: 349401K->349519K(349568K), 0.0305504 secs] 506644K->381732K(506816K), [Metaspace: 2810K->2810K(1056768K)], 0.0314569 secs] [Times: user=0.03 sys=0.00, real=0.03 secs] 
2021-01-21T22:06:25.752+0800: 1.382: [Full GC (Allocation Failure) 2021-01-21T22:06:25.752+0800: 1.383: [Tenured: 349519K->349102K(349568K), 0.0411421 secs] 506634K->384317K(506816K), [Metaspace: 2810K->2810K(1056768K)], 0.0421370 secs] [Times: user=0.04 sys=0.00, real=0.04 secs] 
2021-01-21T22:06:25.808+0800: 1.439: [Full GC (Allocation Failure) 2021-01-21T22:06:25.809+0800: 1.439: [Tenured: 349439K->349196K(349568K), 0.0443117 secs] 506678K->382802K(506816K), [Metaspace: 2810K->2810K(1056768K)], 0.0451902 secs] [Times: user=0.05 sys=0.00, real=0.04 secs] 
2021-01-21T22:06:25.870+0800: 1.501: [Full GC (Allocation Failure) 2021-01-21T22:06:25.870+0800: 1.501: [Tenured: 349196K->349356K(349568K), 0.0493157 secs] 506108K->368182K(506816K), [Metaspace: 2810K->2810K(1056768K)], 0.0502792 secs] [Times: user=0.05 sys=0.00, real=0.05 secs] 
2021-01-21T22:06:25.937+0800: 1.568: [Full GC (Allocation Failure) 2021-01-21T22:06:25.938+0800: 1.569: [Tenured: 349356K->349554K(349568K), 0.0320657 secs] 506253K->386303K(506816K), [Metaspace: 2810K->2810K(1056768K)], 0.0337715 secs] [Times: user=0.03 sys=0.00, real=0.04 secs] 
2021-01-21T22:06:25.986+0800: 1.617: [Full GC (Allocation Failure) 2021-01-21T22:06:25.987+0800: 1.617: [Tenured: 349554K->349002K(349568K), 0.0415782 secs] 506684K->393798K(506816K), [Metaspace: 2810K->2810K(1056768K)], 0.0424348 secs] [Times: user=0.04 sys=0.00, real=0.05 secs] 
2021-01-21T22:06:26.044+0800: 1.675: [Full GC (Allocation Failure) 2021-01-21T22:06:26.044+0800: 1.675: [Tenured: 349557K->349442K(349568K), 0.0454160 secs] 506793K->390270K(506816K), [Metaspace: 2810K->2810K(1056768K)], 0.0463849 secs] [Times: user=0.05 sys=0.00, real=0.05 secs] 
2021-01-21T22:06:26.106+0800: 1.737: [Full GC (Allocation Failure) 2021-01-21T22:06:26.106+0800: 1.737: [Tenured: 349442K->348955K(349568K), 0.0516955 secs] 506454K->371497K(506816K), [Metaspace: 2810K->2810K(1056768K)], 0.0524947 secs] [Times: user=0.06 sys=0.00, real=0.06 secs] 
2021-01-21T22:06:26.176+0800: 1.807: [Full GC (Allocation Failure) 2021-01-21T22:06:26.176+0800: 1.807: [Tenured: 349363K->349164K(349568K), 0.0331741 secs] 506543K->390286K(506816K), [Metaspace: 2810K->2810K(1056768K)], 0.0340923 secs] [Times: user=0.04 sys=0.00, real=0.04 secs] 
2021-01-21T22:06:26.227+0800: 1.857: [Full GC (Allocation Failure) 2021-01-21T22:06:26.227+0800: 1.858: [Tenured: 349525K->349409K(349568K), 0.0404142 secs] 506709K->392580K(506816K), [Metaspace: 2810K->2810K(1056768K)], 0.0413319 secs] [Times: user=0.04 sys=0.00, real=0.05 secs] 
2021-01-21T22:06:26.283+0800: 1.914: [Full GC (Allocation Failure) 2021-01-21T22:06:26.284+0800: 1.914: [Tenured: 349409K->349547K(349568K), 0.0420957 secs] 506649K->391305K(506816K), [Metaspace: 2810K->2810K(1056768K)], 0.0430655 secs] [Times: user=0.04 sys=0.00, real=0.04 secs] 
2021-01-21T22:06:26.341+0800: 1.972: [Full GC (Allocation Failure) 2021-01-21T22:06:26.341+0800: 1.972: [Tenured: 349547K->349393K(349568K), 0.0518666 secs] 506778K->372526K(506816K), [Metaspace: 2810K->2810K(1056768K)], 0.0528090 secs] [Times: user=0.05 sys=0.00, real=0.05 secs] 
2021-01-21T22:06:26.411+0800: 2.042: [Full GC (Allocation Failure) 2021-01-21T22:06:26.412+0800: 2.043: [Tenured: 349393K->349298K(349568K), 0.0344057 secs] 506264K->387719K(506816K), [Metaspace: 2810K->2810K(1056768K)], 0.0353306 secs] [Times: user=0.04 sys=0.00, real=0.03 secs] 
2021-01-21T22:06:26.462+0800: 2.093: [Full GC (Allocation Failure) 2021-01-21T22:06:26.463+0800: 2.093: [Tenured: 349298K->349549K(349568K), 0.0453781 secs] 505995K->388965K(506816K), [Metaspace: 2810K->2810K(1056768K)], 0.0463375 secs] [Times: user=0.04 sys=0.00, real=0.05 secs] 
2021-01-21T22:06:26.524+0800: 2.155: [Full GC (Allocation Failure) 2021-01-21T22:06:26.524+0800: 2.155: [Tenured: 349549K->349146K(349568K), 0.0471020 secs] 506778K->390256K(506816K), [Metaspace: 2810K->2810K(1056768K)], 0.0479419 secs] [Times: user=0.05 sys=0.00, real=0.05 secs] 
2021-01-21T22:06:26.586+0800: 2.217: [Full GC (Allocation Failure) 2021-01-21T22:06:26.587+0800: 2.218: [Tenured: 349251K->349505K(349568K), 0.0478309 secs] 506413K->369121K(506816K), [Metaspace: 2810K->2810K(1056768K)], 0.0487748 secs] [Times: user=0.05 sys=0.00, real=0.05 secs] 
2021-01-21T22:06:26.650+0800: 2.281: [Full GC (Allocation Failure) 2021-01-21T22:06:26.650+0800: 2.281: [Tenured: 349541K->349396K(349568K), 0.0309397 secs] 506766K->393162K(506816K), [Metaspace: 2810K->2810K(1056768K)], 0.0316784 secs] [Times: user=0.03 sys=0.00, real=0.03 secs] 
2021-01-21T22:06:26.694+0800: 2.325: [Full GC (Allocation Failure) 2021-01-21T22:06:26.695+0800: 2.325: [Tenured: 349396K->349426K(349568K), 0.0385886 secs] 506643K->396863K(506816K), [Metaspace: 2810K->2810K(1056768K)], 0.0394739 secs] [Times: user=0.04 sys=0.00, real=0.04 secs] 
2021-01-21T22:06:26.748+0800: 2.379: [Full GC (Allocation Failure) 2021-01-21T22:06:26.749+0800: 2.379: [Tenured: 349426K->349472K(349568K), 0.0441801 secs] 506068K->394260K(506816K), [Metaspace: 2810K->2810K(1056768K)], 0.0451881 secs] [Times: user=0.04 sys=0.01, real=0.05 secs] 
2021-01-21T22:06:26.807+0800: 2.437: [Full GC (Allocation Failure) 2021-01-21T22:06:26.807+0800: 2.438: [Tenured: 349472K->349139K(349568K), 0.0507295 secs] 506704K->380346K(506816K), [Metaspace: 2810K->2810K(1056768K)], 0.0515440 secs] [Times: user=0.05 sys=0.00, real=0.06 secs] 
2021-01-21T22:06:26.871+0800: 2.502: [Full GC (Allocation Failure) 2021-01-21T22:06:26.872+0800: 2.502: [Tenured: 349269K->349546K(349568K), 0.0379385 secs] 506421K->400281K(506816K), [Metaspace: 2810K->2810K(1056768K)], 0.0390680 secs] [Times: user=0.04 sys=0.00, real=0.04 secs] 
2021-01-21T22:06:26.920+0800: 2.551: [Full GC (Allocation Failure) 2021-01-21T22:06:26.921+0800: 2.552: [Tenured: 349546K->349224K(349568K), 0.0405401 secs] 506753K->404132K(506816K), [Metaspace: 2810K->2810K(1056768K)], 0.0415128 secs] [Times: user=0.04 sys=0.00, real=0.04 secs] 
2021-01-21T22:06:26.978+0800: 2.609: [Full GC (Allocation Failure) 2021-01-21T22:06:26.979+0800: 2.610: [Tenured: 349369K->349412K(349568K), 0.0485444 secs] 506551K->404138K(506816K), [Metaspace: 2810K->2810K(1056768K)], 0.0499973 secs] [Times: user=0.05 sys=0.00, real=0.06 secs] 
2021-01-21T22:06:27.040+0800: 2.671: [Full GC (Allocation Failure) 2021-01-21T22:06:27.041+0800: 2.672: [Tenured: 349412K->349189K(349568K), 0.0529876 secs] 506607K->390941K(506816K), [Metaspace: 2810K->2810K(1056768K)], 0.0540334 secs] [Times: user=0.06 sys=0.00, real=0.05 secs] 
2021-01-21T22:06:27.111+0800: 2.741: [Full GC (Allocation Failure) 2021-01-21T22:06:27.111+0800: 2.742: [Tenured: 349555K->348971K(349568K), 0.0271478 secs] 506796K->406651K(506816K), [Metaspace: 2810K->2810K(1056768K)], 0.0280608 secs] [Times: user=0.03 sys=0.00, real=0.03 secs] 
2021-01-21T22:06:27.151+0800: 2.782: [Full GC (Allocation Failure) 2021-01-21T22:06:27.152+0800: 2.783: [Tenured: 348971K->349471K(349568K), 0.0380026 secs] 506038K->411803K(506816K), [Metaspace: 2810K->2810K(1056768K)], 0.0390595 secs] [Times: user=0.04 sys=0.00, real=0.04 secs] 
2021-01-21T22:06:27.204+0800: 2.835: [Full GC (Allocation Failure) 2021-01-21T22:06:27.205+0800: 2.835: [Tenured: 349507K->349386K(349568K), 0.0438832 secs] 506744K->417744K(506816K), [Metaspace: 2810K->2810K(1056768K)], 0.0447940 secs] [Times: user=0.05 sys=0.00, real=0.05 secs] 
2021-01-21T22:06:27.260+0800: 2.891: [Full GC (Allocation Failure) 2021-01-21T22:06:27.260+0800: 2.891: [Tenured: 349530K->348827K(349568K), 0.0527349 secs] 506778K->405397K(506816K), [Metaspace: 2810K->2810K(1056768K)], 0.0536179 secs] [Times: user=0.05 sys=0.00, real=0.05 secs] 
2021-01-21T22:06:27.326+0800: 2.956: [Full GC (Allocation Failure) 2021-01-21T22:06:27.326+0800: 2.957: [Tenured: 348827K->349342K(349568K), 0.0297873 secs] 505627K->413696K(506816K), [Metaspace: 2810K->2810K(1056768K)], 0.0305973 secs] [Times: user=0.03 sys=0.00, real=0.03 secs] 
2021-01-21T22:06:27.366+0800: 2.997: [Full GC (Allocation Failure) 2021-01-21T22:06:27.367+0800: 2.997: [Tenured: 349486K->348909K(349568K), 0.0398236 secs] 506673K->406200K(506816K), [Metaspace: 2810K->2810K(1056768K)], 0.0407129 secs] [Times: user=0.04 sys=0.00, real=0.04 secs] 
2021-01-21T22:06:27.420+0800: 3.051: [Full GC (Allocation Failure) 2021-01-21T22:06:27.421+0800: 3.051: [Tenured: 349495K->349083K(349568K), 0.0451478 secs] 506633K->410174K(506816K), [Metaspace: 2810K->2810K(1056768K)], 0.0463029 secs] [Times: user=0.05 sys=0.00, real=0.04 secs] 
2021-01-21T22:06:27.477+0800: 3.108: [Full GC (Allocation Failure) 2021-01-21T22:06:27.478+0800: 3.109: [Tenured: 349299K->349467K(349568K), 0.0478425 secs] 506525K->389023K(506816K), [Metaspace: 2810K->2810K(1056768K)], 0.0488806 secs] [Times: user=0.04 sys=0.00, real=0.05 secs] 
2021-01-21T22:06:27.541+0800: 3.172: [Full GC (Allocation Failure) 2021-01-21T22:06:27.541+0800: 3.172: [Tenured: 349485K->349502K(349568K), 0.0304498 secs] 506733K->405163K(506816K), [Metaspace: 2810K->2810K(1056768K)], 0.0313376 secs] [Times: user=0.03 sys=0.00, real=0.03 secs] 
2021-01-21T22:06:27.586+0800: 3.216: [Full GC (Allocation Failure) 2021-01-21T22:06:27.586+0800: 3.217: [Tenured: 349502K->349270K(349568K), 0.0440459 secs] 506506K->404077K(506816K), [Metaspace: 2810K->2810K(1056768K)], 0.0448509 secs] [Times: user=0.05 sys=0.00, real=0.05 secs] 
2021-01-21T22:06:27.644+0800: 3.274: [Full GC (Allocation Failure) 2021-01-21T22:06:27.644+0800: 3.275: [Tenured: 349540K->349474K(349568K), 0.0452272 secs] 506775K->401699K(506816K), [Metaspace: 2810K->2810K(1056768K)], 0.0461775 secs] [Times: user=0.04 sys=0.00, real=0.05 secs] 
2021-01-21T22:06:27.703+0800: 3.334: [Full GC (Allocation Failure) 2021-01-21T22:06:27.704+0800: 3.335: [Tenured: 349474K->349429K(349568K), 0.0468102 secs] 506625K->381500K(506816K), [Metaspace: 2810K->2810K(1056768K)], 0.0478009 secs] [Times: user=0.04 sys=0.00, real=0.05 secs] 
2021-01-21T22:06:27.765+0800: 3.396: [Full GC (Allocation Failure) 2021-01-21T22:06:27.766+0800: 3.397: [Tenured: 349429K->349521K(349568K), 0.0312115 secs] 506072K->400833K(506816K), [Metaspace: 2810K->2810K(1056768K)], 0.0322993 secs] [Times: user=0.03 sys=0.00, real=0.03 secs] 
2021-01-21T22:06:27.812+0800: 3.443: [Full GC (Allocation Failure) 2021-01-21T22:06:27.812+0800: 3.443: [Tenured: 349521K->349278K(349568K), 0.0402347 secs] 506750K->402655K(506816K), [Metaspace: 2810K->2810K(1056768K)], 0.0411011 secs] [Times: user=0.04 sys=0.00, real=0.04 secs] 
2021-01-21T22:06:27.866+0800: 3.497: [Full GC (Allocation Failure) 2021-01-21T22:06:27.867+0800: 3.498: [Tenured: 349278K->349498K(349568K), 0.0418424 secs] 506490K->400731K(506816K), [Metaspace: 2810K->2810K(1056768K)], 0.0428852 secs] [Times: user=0.05 sys=0.00, real=0.05 secs] 
2021-01-21T22:06:27.921+0800: 3.552: [Full GC (Allocation Failure) 2021-01-21T22:06:27.922+0800: 3.553: [Tenured: 349498K->349314K(349568K), 0.0490760 secs] 506271K->381215K(506816K), [Metaspace: 2810K->2810K(1056768K)], 0.0499804 secs] [Times: user=0.05 sys=0.00, real=0.05 secs] 
2021-01-21T22:06:27.987+0800: 3.618: [Full GC (Allocation Failure) 2021-01-21T22:06:27.989+0800: 3.620: [Tenured: 349558K->349392K(349568K), 0.0319973 secs] 506792K->398418K(506816K), [Metaspace: 2810K->2810K(1056768K)], 0.0344225 secs] [Times: user=0.03 sys=0.00, real=0.04 secs] 
2021-01-21T22:06:28.036+0800: 3.667: [Full GC (Allocation Failure) 2021-01-21T22:06:28.036+0800: 3.667: [Tenured: 349392K->349477K(349568K), 0.0385892 secs] 506329K->394777K(506816K), [Metaspace: 2810K->2810K(1056768K)], 0.0397068 secs] [Times: user=0.04 sys=0.00, real=0.04 secs] 
2021-01-21T22:06:28.089+0800: 3.720: [Full GC (Allocation Failure) 2021-01-21T22:06:28.090+0800: 3.721: [Tenured: 349477K->349366K(349568K), 0.0420672 secs] 506630K->393497K(506816K), [Metaspace: 2810K->2810K(1056768K)], 0.0429868 secs] [Times: user=0.04 sys=0.00, real=0.04 secs] 
2021-01-21T22:06:28.145+0800: 3.775: [Full GC (Allocation Failure) 2021-01-21T22:06:28.145+0800: 3.776: [Tenured: 349492K->349249K(349568K), 0.0466317 secs] 506726K->377401K(506816K), [Metaspace: 2810K->2810K(1056768K)], 0.0475348 secs] [Times: user=0.05 sys=0.00, real=0.05 secs] 
2021-01-21T22:06:28.208+0800: 3.838: [Full GC (Allocation Failure) 2021-01-21T22:06:28.208+0800: 3.839: [Tenured: 349537K->349404K(349568K), 0.0289184 secs] 506638K->388706K(506816K), [Metaspace: 2810K->2810K(1056768K)], 0.0298919 secs] [Times: user=0.03 sys=0.00, real=0.03 secs] 
2021-01-21T22:06:28.253+0800: 3.883: [Full GC (Allocation Failure) 2021-01-21T22:06:28.253+0800: 3.884: [Tenured: 349404K->349494K(349568K), 0.0388142 secs] 506505K->383231K(506816K), [Metaspace: 2810K->2810K(1056768K)], 0.0396549 secs] [Times: user=0.04 sys=0.00, real=0.04 secs] 
2021-01-21T22:06:28.307+0800: 3.937: [Full GC (Allocation Failure) 2021-01-21T22:06:28.307+0800: 3.938: [Tenured: 349494K->349559K(349568K), 0.0441962 secs] 506685K->382834K(506816K), [Metaspace: 2810K->2810K(1056768K)], 0.0451061 secs] [Times: user=0.04 sys=0.00, real=0.05 secs] 
2021-01-21T22:06:28.367+0800: 3.998: [Full GC (Allocation Failure) 2021-01-21T22:06:28.367+0800: 3.998: [Tenured: 349559K->349529K(349568K), 0.0464271 secs] 506693K->363468K(506816K), [Metaspace: 2810K->2810K(1056768K)], 0.0474645 secs] [Times: user=0.04 sys=0.00, real=0.05 secs] 
2021-01-21T22:06:28.432+0800: 4.063: [Full GC (Allocation Failure) 2021-01-21T22:06:28.433+0800: 4.064: [Tenured: 349529K->349416K(349568K), 0.0341311 secs] 506418K->382778K(506816K), [Metaspace: 2810K->2810K(1056768K)], 0.0352217 secs] [Times: user=0.04 sys=0.00, real=0.03 secs] 
2021-01-21T22:06:28.483+0800: 4.113: [Full GC (Allocation Failure) 2021-01-21T22:06:28.483+0800: 4.114: [Tenured: 349416K->349335K(349568K), 0.0466217 secs] 506445K->383036K(506816K), [Metaspace: 2810K->2810K(1056768K)], 0.0475264 secs] [Times: user=0.05 sys=0.00, real=0.05 secs] 
2021-01-21T22:06:28.546+0800: 4.177: [Full GC (Allocation Failure) 2021-01-21T22:06:28.546+0800: 4.177: [Tenured: 349471K->349550K(349568K), 0.0439653 secs] 506708K->379426K(506816K), [Metaspace: 2810K->2810K(1056768K)], 0.0448318 secs] [Times: user=0.05 sys=0.00, real=0.05 secs] 
2021-01-21T22:06:28.607+0800: 4.238: [Full GC (Allocation Failure) 2021-01-21T22:06:28.608+0800: 4.238: [Tenured: 349550K->349513K(349568K), 0.0501229 secs] 506485K->364941K(506816K), [Metaspace: 2810K->2810K(1056768K)], 0.0509891 secs] [Times: user=0.05 sys=0.00, real=0.06 secs] 
2021-01-21T22:06:28.676+0800: 4.307: [Full GC (Allocation Failure) 2021-01-21T22:06:28.677+0800: 4.308: [Tenured: 349513K->349300K(349568K), 0.0350538 secs] 506563K->380386K(506816K), [Metaspace: 2810K->2810K(1056768K)], 0.0361015 secs] [Times: user=0.03 sys=0.00, real=0.04 secs] 
2021-01-21T22:06:28.730+0800: 4.361: [Full GC (Allocation Failure) 2021-01-21T22:06:28.731+0800: 4.361: [Tenured: 349464K->348983K(349568K), 0.0589610 secs] 506712K->380249K(506816K), [Metaspace: 2810K->2810K(1056768K)], 0.0597281 secs] [Times: user=0.06 sys=0.00, real=0.06 secs] 
2021-01-21T22:06:28.813+0800: 4.444: [Full GC (Allocation Failure) 2021-01-21T22:06:28.813+0800: 4.444: [Tenured: 349240K->349421K(349568K), 0.0476558 secs] 506481K->380712K(506816K), [Metaspace: 2810K->2810K(1056768K)], 0.0483854 secs] [Times: user=0.05 sys=0.00, real=0.05 secs] 
2021-01-21T22:06:28.877+0800: 4.508: [Full GC (Allocation Failure) 2021-01-21T22:06:28.877+0800: 4.508: [Tenured: 349421K->349529K(349568K), 0.0471511 secs] 506666K->365767K(506816K), [Metaspace: 2810K->2810K(1056768K)], 0.0480234 secs] [Times: user=0.04 sys=0.00, real=0.05 secs] 
2021-01-21T22:06:28.946+0800: 4.576: [Full GC (Allocation Failure) 2021-01-21T22:06:28.946+0800: 4.577: [Tenured: 349529K->349160K(349568K), 0.0298464 secs] 506588K->385374K(506816K), [Metaspace: 2810K->2810K(1056768K)], 0.0306782 secs] [Times: user=0.03 sys=0.00, real=0.03 secs] 
2021-01-21T22:06:28.990+0800: 4.621: [Full GC (Allocation Failure) 2021-01-21T22:06:28.992+0800: 4.622: [Tenured: 349344K->349028K(349568K), 0.0393151 secs] 506430K->388566K(506816K), [Metaspace: 2810K->2810K(1056768K)], 0.0413173 secs] [Times: user=0.03 sys=0.00, real=0.04 secs] 
2021-01-21T22:06:29.045+0800: 4.676: [Full GC (Allocation Failure) 2021-01-21T22:06:29.046+0800: 4.677: [Tenured: 349183K->349447K(349568K), 0.0419102 secs] 506394K->391063K(506816K), [Metaspace: 2810K->2810K(1056768K)], 0.0427979 secs] [Times: user=0.04 sys=0.00, real=0.05 secs] 
2021-01-21T22:06:29.103+0800: 4.734: [Full GC (Allocation Failure) 2021-01-21T22:06:29.104+0800: 4.735: [Tenured: 349447K->349500K(349568K), 0.0492727 secs] 506505K->374409K(506816K), [Metaspace: 2810K->2810K(1056768K)], 0.0502611 secs] [Times: user=0.05 sys=0.00, real=0.05 secs] 
2021-01-21T22:06:29.169+0800: 4.800: [Full GC (Allocation Failure) 2021-01-21T22:06:29.169+0800: 4.800: [Tenured: 349500K->349097K(349568K), 0.0362613 secs] 506524K->393993K(506816K), [Metaspace: 2810K->2810K(1056768K)], 0.0373426 secs] [Times: user=0.03 sys=0.00, real=0.03 secs] 
2021-01-21T22:06:29.220+0800: 4.850: [Full GC (Allocation Failure) 2021-01-21T22:06:29.220+0800: 4.851: [Tenured: 349097K->349242K(349568K), 0.0426794 secs] 506267K->401711K(506816K), [Metaspace: 2810K->2810K(1056768K)], 0.0435867 secs] [Times: user=0.04 sys=0.00, real=0.04 secs] 
2021-01-21T22:06:29.279+0800: 4.910: [Full GC (Allocation Failure) 2021-01-21T22:06:29.280+0800: 4.910: [Tenured: 349526K->349344K(349568K), 0.0444376 secs] 506749K->404051K(506816K), [Metaspace: 2810K->2810K(1056768K)], 0.0452822 secs] [Times: user=0.05 sys=0.00, real=0.04 secs] 
2021-01-21T22:06:29.338+0800: 4.969: [Full GC (Allocation Failure) 2021-01-21T22:06:29.338+0800: 4.969: [Tenured: 349561K->349446K(349568K), 0.0509025 secs] 506806K->382031K(506816K), [Metaspace: 2810K->2810K(1056768K)], 0.0518936 secs] [Times: user=0.05 sys=0.00, real=0.06 secs] 
2021-01-21T22:06:29.406+0800: 5.037: [Full GC (Allocation Failure) 2021-01-21T22:06:29.407+0800: 5.037: [Tenured: 349446K->349471K(349568K), 0.0291024 secs] 506386K->392229K(506816K), [Metaspace: 2810K->2810K(1056768K)], 0.0299819 secs] [Times: user=0.03 sys=0.00, real=0.03 secs] 
2021-01-21T22:06:29.449+0800: 5.080: [Full GC (Allocation Failure) 2021-01-21T22:06:29.450+0800: 5.080: [Tenured: 349471K->349477K(349568K), 0.0383948 secs] 506432K->393625K(506816K), [Metaspace: 2810K->2810K(1056768K)], 0.0392191 secs] [Times: user=0.04 sys=0.00, real=0.04 secs] 
2021-01-21T22:06:29.503+0800: 5.133: [Full GC (Allocation Failure) 2021-01-21T22:06:29.503+0800: 5.134: [Tenured: 349557K->349488K(349568K), 0.0442649 secs] 506796K->396992K(506816K), [Metaspace: 2810K->2810K(1056768K)], 0.0453445 secs] [Times: user=0.05 sys=0.00, real=0.05 secs] 
2021-01-21T22:06:29.562+0800: 5.193: [Full GC (Allocation Failure) 2021-01-21T22:06:29.562+0800: 5.193: [Tenured: 349488K->349558K(349568K), 0.0487964 secs] 506461K->372071K(506816K), [Metaspace: 2810K->2810K(1056768K)], 0.0496583 secs] [Times: user=0.05 sys=0.00, real=0.05 secs] 
2021-01-21T22:06:29.629+0800: 5.260: [Full GC (Allocation Failure) 2021-01-21T22:06:29.630+0800: 5.261: [Tenured: 349558K->349521K(349568K), 0.0280271 secs] 506575K->394469K(506816K), [Metaspace: 2810K->2810K(1056768K)], 0.0290782 secs] [Times: user=0.02 sys=0.00, real=0.03 secs] 
2021-01-21T22:06:29.674+0800: 5.305: [Full GC (Allocation Failure) 2021-01-21T22:06:29.674+0800: 5.305: [Tenured: 349521K->349126K(349568K), 0.0388530 secs] 506575K->394157K(506816K), [Metaspace: 2810K->2810K(1056768K)], 0.0396829 secs] [Times: user=0.04 sys=0.00, real=0.04 secs] 
2021-01-21T22:06:29.728+0800: 5.359: [Full GC (Allocation Failure) 2021-01-21T22:06:29.728+0800: 5.359: [Tenured: 349226K->349425K(349568K), 0.0401310 secs] 506405K->395719K(506816K), [Metaspace: 2810K->2810K(1056768K)], 0.0410044 secs] [Times: user=0.04 sys=0.00, real=0.05 secs] 
2021-01-21T22:06:29.784+0800: 5.415: [Full GC (Allocation Failure) 2021-01-21T22:06:29.784+0800: 5.415: [Tenured: 349425K->349547K(349568K), 0.0485717 secs] 506422K->375329K(506816K), [Metaspace: 2810K->2810K(1056768K)], 0.0495053 secs] [Times: user=0.04 sys=0.00, real=0.05 secs] 
2021-01-21T22:06:29.855+0800: 5.486: [Full GC (Allocation Failure) 2021-01-21T22:06:29.856+0800: 5.486: [Tenured: 349547K->349564K(349568K), 0.0367876 secs] 506790K->386476K(506816K), [Metaspace: 2810K->2810K(1056768K)], 0.0375861 secs] [Times: user=0.04 sys=0.00, real=0.04 secs] 
2021-01-21T22:06:29.909+0800: 5.540: [Full GC (Allocation Failure) 2021-01-21T22:06:29.909+0800: 5.540: [Tenured: 349564K->349182K(349568K), 0.0429431 secs] 506755K->389036K(506816K), [Metaspace: 2810K->2810K(1056768K)], 0.0437282 secs] [Times: user=0.04 sys=0.00, real=0.04 secs] 
2021-01-21T22:06:29.966+0800: 5.597: [Full GC (Allocation Failure) 2021-01-21T22:06:29.966+0800: 5.597: [Tenured: 349182K->349343K(349568K), 0.0457577 secs] 506318K->386458K(506816K), [Metaspace: 2810K->2810K(1056768K)], 0.0466695 secs] [Times: user=0.05 sys=0.00, real=0.05 secs] 
2021-01-21T22:06:30.028+0800: 5.659: [Full GC (Allocation Failure) 2021-01-21T22:06:30.028+0800: 5.659: [Tenured: 349343K->349491K(349568K), 0.0480691 secs] 506404K->372326K(506816K), [Metaspace: 2810K->2810K(1056768K)], 0.0488937 secs] [Times: user=0.05 sys=0.00, real=0.05 secs] 
2021-01-21T22:06:30.092+0800: 5.723: [Full GC (Allocation Failure) 2021-01-21T22:06:30.092+0800: 5.723: [Tenured: 349491K->349462K(349568K), 0.0324662 secs] 506739K->393166K(506816K), [Metaspace: 2810K->2810K(1056768K)], 0.0333732 secs] [Times: user=0.03 sys=0.00, real=0.03 secs] 
2021-01-21T22:06:30.139+0800: 5.770: [Full GC (Allocation Failure) 2021-01-21T22:06:30.140+0800: 5.770: [Tenured: 349534K->349365K(349568K), 0.0374381 secs] 506754K->393051K(506816K), [Metaspace: 2810K->2810K(1056768K)], 0.0383724 secs] [Times: user=0.04 sys=0.00, real=0.03 secs] 
2021-01-21T22:06:30.191+0800: 5.822: [Full GC (Allocation Failure) 2021-01-21T22:06:30.191+0800: 5.822: [Tenured: 349473K->349463K(349568K), 0.0414221 secs] 506703K->394211K(506816K), [Metaspace: 2810K->2810K(1056768K)], 0.0422581 secs] [Times: user=0.04 sys=0.00, real=0.04 secs] 
2021-01-21T22:06:30.246+0800: 5.876: [Full GC (Allocation Failure) 2021-01-21T22:06:30.246+0800: 5.877: [Tenured: 349463K->349530K(349568K), 0.0458893 secs] 506667K->376481K(506816K), [Metaspace: 2810K->2810K(1056768K)], 0.0470476 secs] [Times: user=0.04 sys=0.00, real=0.05 secs] 
2021-01-21T22:06:30.310+0800: 5.940: [Full GC (Allocation Failure) 2021-01-21T22:06:30.310+0800: 5.941: [Tenured: 349530K->349553K(349568K), 0.0331602 secs] 506659K->391548K(506816K), [Metaspace: 2810K->2810K(1056768K)], 0.0341873 secs] [Times: user=0.03 sys=0.00, real=0.03 secs] 
2021-01-21T22:06:30.360+0800: 5.990: [Full GC (Allocation Failure) 2021-01-21T22:06:30.360+0800: 5.991: [Tenured: 349553K->349521K(349568K), 0.0389903 secs] 506798K->393159K(506816K), [Metaspace: 2810K->2810K(1056768K)], 0.0398138 secs] [Times: user=0.03 sys=0.00, real=0.04 secs] 
2021-01-21T22:06:30.415+0800: 6.046: [Full GC (Allocation Failure) 2021-01-21T22:06:30.415+0800: 6.046: [Tenured: 349521K->349478K(349568K), 0.0452538 secs] 506578K->391883K(506816K), [Metaspace: 2810K->2810K(1056768K)], 0.0461251 secs] [Times: user=0.04 sys=0.00, real=0.05 secs] 
2021-01-21T22:06:30.477+0800: 6.108: [Full GC (Allocation Failure) 2021-01-21T22:06:30.478+0800: 6.109: [Tenured: 349478K->349407K(349568K), 0.0516135 secs] 506490K->374487K(506816K), [Metaspace: 2810K->2810K(1056768K)], 0.0527098 secs] [Times: user=0.05 sys=0.00, real=0.06 secs] 
2021-01-21T22:06:30.550+0800: 6.181: [Full GC (Allocation Failure) 2021-01-21T22:06:30.551+0800: 6.181: [Tenured: 349479K->349546K(349568K), 0.0334693 secs] 506678K->384595K(506816K), [Metaspace: 2810K->2810K(1056768K)], 0.0343904 secs] [Times: user=0.03 sys=0.00, real=0.03 secs] 
2021-01-21T22:06:30.600+0800: 6.231: [Full GC (Allocation Failure) 2021-01-21T22:06:30.601+0800: 6.231: [Tenured: 349546K->349144K(349568K), 0.0403106 secs] 506746K->387714K(506816K), [Metaspace: 2810K->2810K(1056768K)], 0.0412612 secs] [Times: user=0.04 sys=0.00, real=0.04 secs] 
2021-01-21T22:06:30.657+0800: 6.287: [Full GC (Allocation Failure) 2021-01-21T22:06:30.657+0800: 6.288: [Tenured: 349144K->349533K(349568K), 0.0419086 secs] 505790K->388081K(506816K), [Metaspace: 2810K->2810K(1056768K)], 0.0428169 secs] [Times: user=0.05 sys=0.00, real=0.05 secs] 
2021-01-21T22:06:30.714+0800: 6.345: [Full GC (Allocation Failure) 2021-01-21T22:06:30.715+0800: 6.345: [Tenured: 349533K->349310K(349568K), 0.0529894 secs] 506765K->367387K(506816K), [Metaspace: 2810K->2810K(1056768K)], 0.0540212 secs] [Times: user=0.04 sys=0.01, real=0.06 secs] 
2021-01-21T22:06:30.786+0800: 6.416: [Full GC (Allocation Failure) 2021-01-21T22:06:30.786+0800: 6.417: [Tenured: 349508K->349148K(349568K), 0.0327240 secs] 506754K->393624K(506816K), [Metaspace: 2810K->2810K(1056768K)], 0.0336506 secs] [Times: user=0.03 sys=0.00, real=0.04 secs] 
2021-01-21T22:06:30.833+0800: 6.464: [Full GC (Allocation Failure) 2021-01-21T22:06:30.834+0800: 6.464: [Tenured: 349148K->349437K(349568K), 0.0465480 secs] 506322K->394791K(506816K), [Metaspace: 2810K->2810K(1056768K)], 0.0475716 secs] [Times: user=0.04 sys=0.00, real=0.05 secs] 
2021-01-21T22:06:30.892+0800: 6.522: [Full GC (Allocation Failure) 2021-01-21T22:06:30.892+0800: 6.523: [Tenured: 349437K->349282K(349568K), 0.0445037 secs] 506175K->398188K(506816K), [Metaspace: 2810K->2810K(1056768K)], 0.0454851 secs] [Times: user=0.05 sys=0.00, real=0.04 secs] 
2021-01-21T22:06:30.950+0800: 6.581: [Full GC (Allocation Failure) 2021-01-21T22:06:30.950+0800: 6.581: [Tenured: 349498K->349547K(349568K), 0.0556444 secs] 506685K->384080K(506816K), [Metaspace: 2810K->2810K(1056768K)], 0.0564458 secs] [Times: user=0.06 sys=0.00, real=0.05 secs] 
2021-01-21T22:06:31.022+0800: 6.652: [Full GC (Allocation Failure) 2021-01-21T22:06:31.022+0800: 6.653: [Tenured: 349547K->349213K(349568K), 0.0403691 secs] 506696K->397141K(506816K), [Metaspace: 2810K->2810K(1056768K)], 0.0412736 secs] [Times: user=0.04 sys=0.00, real=0.04 secs] 
2021-01-21T22:06:31.077+0800: 6.708: [Full GC (Allocation Failure) 2021-01-21T22:06:31.078+0800: 6.709: [Tenured: 349394K->349506K(349568K), 0.0408155 secs] 506605K->401134K(506816K), [Metaspace: 2810K->2810K(1056768K)], 0.0417511 secs] [Times: user=0.04 sys=0.00, real=0.05 secs] 
2021-01-21T22:06:31.131+0800: 6.762: [Full GC (Allocation Failure) 2021-01-21T22:06:31.132+0800: 6.763: [Tenured: 349506K->349381K(349568K), 0.0406725 secs] 506210K->395346K(506816K), [Metaspace: 2810K->2810K(1056768K)], 0.0415642 secs] [Times: user=0.04 sys=0.00, real=0.04 secs] 
2021-01-21T22:06:31.186+0800: 6.817: [Full GC (Allocation Failure) 2021-01-21T22:06:31.187+0800: 6.818: [Tenured: 349381K->349074K(349568K), 0.0470875 secs] 506546K->374739K(506816K), [Metaspace: 2810K->2810K(1056768K)], 0.0480292 secs] [Times: user=0.05 sys=0.00, real=0.05 secs] 
2021-01-21T22:06:31.251+0800: 6.881: [Full GC (Allocation Failure) 2021-01-21T22:06:31.251+0800: 6.882: [Tenured: 349517K->349420K(349568K), 0.0322126 secs] 506762K->394349K(506816K), [Metaspace: 2810K->2810K(1056768K)], 0.0330794 secs] [Times: user=0.04 sys=0.00, real=0.03 secs] 
2021-01-21T22:06:31.299+0800: 6.930: [Full GC (Allocation Failure) 2021-01-21T22:06:31.299+0800: 6.930: [Tenured: 349420K->349131K(349568K), 0.0375353 secs] 506553K->389003K(506816K), [Metaspace: 2810K->2810K(1056768K)], 0.0385299 secs] [Times: user=0.04 sys=0.00, real=0.03 secs] 
2021-01-21T22:06:31.355+0800: 6.986: [Full GC (Allocation Failure) 2021-01-21T22:06:31.355+0800: 6.986: [Tenured: 349329K->349455K(349568K), 0.0410776 secs] 506566K->385185K(506816K), [Metaspace: 2810K->2810K(1056768K)], 0.0419731 secs] [Times: user=0.05 sys=0.00, real=0.04 secs] 
2021-01-21T22:06:31.411+0800: 7.041: [Full GC (Allocation Failure) 2021-01-21T22:06:31.411+0800: 7.042: [Tenured: 349455K->349464K(349568K), 0.0461922 secs] 506281K->374481K(506816K), [Metaspace: 2810K->2810K(1056768K)], 0.0470940 secs] [Times: user=0.05 sys=0.00, real=0.05 secs] 
2021-01-21T22:06:31.472+0800: 7.103: [Full GC (Allocation Failure) 2021-01-21T22:06:31.473+0800: 7.104: [Tenured: 349464K->349492K(349568K), 0.0355898 secs] 506621K->385403K(506816K), [Metaspace: 2810K->2810K(1056768K)], 0.0364597 secs] [Times: user=0.04 sys=0.00, real=0.04 secs] 
2021-01-21T22:06:31.524+0800: 7.154: [Full GC (Allocation Failure) 2021-01-21T22:06:31.524+0800: 7.155: [Tenured: 349492K->349540K(349568K), 0.0437497 secs] 506533K->384125K(506816K), [Metaspace: 2810K->2810K(1056768K)], 0.0445527 secs] [Times: user=0.04 sys=0.00, real=0.05 secs] 
2021-01-21T22:06:31.582+0800: 7.213: [Full GC (Allocation Failure) 2021-01-21T22:06:31.583+0800: 7.214: [Tenured: 349540K->348907K(349568K), 0.0434996 secs] 506775K->384818K(506816K), [Metaspace: 2810K->2810K(1056768K)], 0.0444262 secs] [Times: user=0.04 sys=0.00, real=0.04 secs] 
2021-01-21T22:06:31.642+0800: 7.273: [Full GC (Allocation Failure) 2021-01-21T22:06:31.642+0800: 7.273: [Tenured: 349415K->349340K(349568K), 0.0470586 secs] 506562K->360161K(506816K), [Metaspace: 2817K->2817K(1056768K)], 0.0479624 secs] [Times: user=0.04 sys=0.00, real=0.05 secs] 
2021-01-21T22:06:31.709+0800: 7.340: [Full GC (Allocation Failure) 2021-01-21T22:06:31.710+0800: 7.340: [Tenured: 349484K->349349K(349568K), 0.0308024 secs] 506661K->373114K(506816K), [Metaspace: 2817K->2817K(1056768K)], 0.0318787 secs] [Times: user=0.03 sys=0.00, real=0.03 secs] 
2021-01-21T22:06:31.758+0800: 7.388: [Full GC (Allocation Failure) 2021-01-21T22:06:31.758+0800: 7.389: [Tenured: 349565K->349506K(349568K), 0.0452511 secs] 506750K->379846K(506816K), [Metaspace: 2817K->2817K(1056768K)], 0.0462083 secs] [Times: user=0.04 sys=0.00, real=0.05 secs] 
2021-01-21T22:06:31.822+0800: 7.453: [Full GC (Allocation Failure) 2021-01-21T22:06:31.822+0800: 7.453: [Tenured: 349506K->349338K(349568K), 0.0499492 secs] 506568K->382066K(506816K), [Metaspace: 2817K->2817K(1056768K)], 0.0508676 secs] [Times: user=0.05 sys=0.00, real=0.05 secs] 
2021-01-21T22:06:31.890+0800: 7.521: [Full GC (Allocation Failure) 2021-01-21T22:06:31.890+0800: 7.521: [Tenured: 349338K->349472K(349568K), 0.0507799 secs] 506457K->365260K(506816K), [Metaspace: 2817K->2817K(1056768K)], 0.0516028 secs] [Times: user=0.05 sys=0.00, real=0.05 secs] 
2021-01-21T22:06:31.957+0800: 7.588: [Full GC (Allocation Failure) 2021-01-21T22:06:31.958+0800: 7.589: [Tenured: 349540K->349402K(349568K), 0.0384870 secs] 506770K->380757K(506816K), [Metaspace: 2817K->2817K(1056768K)], 0.0392855 secs] [Times: user=0.03 sys=0.00, real=0.04 secs] 
2021-01-21T22:06:32.013+0800: 7.643: [Full GC (Allocation Failure) 2021-01-21T22:06:32.013+0800: 7.644: [Tenured: 349563K->349403K(349568K), 0.0446686 secs] 506800K->382899K(506816K), [Metaspace: 2817K->2817K(1056768K)], 0.0455259 secs] [Times: user=0.04 sys=0.00, real=0.05 secs] 
2021-01-21T22:06:32.078+0800: 7.709: [Full GC (Allocation Failure) 2021-01-21T22:06:32.078+0800: 7.709: [Tenured: 349547K->349012K(349568K), 0.0689244 secs] 506748K->381540K(506816K), [Metaspace: 2817K->2817K(1056768K)], 0.0699029 secs] [Times: user=0.07 sys=0.00, real=0.07 secs] 
2021-01-21T22:06:32.169+0800: 7.800: [Full GC (Allocation Failure) 2021-01-21T22:06:32.169+0800: 7.800: [Tenured: 349376K->349566K(349568K), 0.0465343 secs] 506544K->368317K(506816K), [Metaspace: 2817K->2817K(1056768K)], 0.0471018 secs] [Times: user=0.05 sys=0.00, real=0.04 secs] 
2021-01-21T22:06:32.232+0800: 7.863: [Full GC (Allocation Failure) 2021-01-21T22:06:32.233+0800: 7.863: [Tenured: 349566K->349567K(349568K), 0.0286227 secs] 506377K->380281K(506816K), [Metaspace: 2817K->2817K(1056768K)], 0.0293518 secs] [Times: user=0.03 sys=0.00, real=0.03 secs] 
2021-01-21T22:06:32.277+0800: 7.908: [Full GC (Allocation Failure) 2021-01-21T22:06:32.277+0800: 7.908: [Tenured: 349567K->348953K(349568K), 0.0392689 secs] 506775K->382939K(506816K), [Metaspace: 2817K->2817K(1056768K)], 0.0400763 secs] [Times: user=0.04 sys=0.00, real=0.04 secs] 
2021-01-21T22:06:32.333+0800: 7.963: [Full GC (Allocation Failure) 2021-01-21T22:06:32.333+0800: 7.964: [Tenured: 349511K->349534K(349568K), 0.0406364 secs] 506748K->385722K(506816K), [Metaspace: 2817K->2817K(1056768K)], 0.0417469 secs] [Times: user=0.04 sys=0.00, real=0.04 secs] 
2021-01-21T22:06:32.388+0800: 8.019: [Full GC (Allocation Failure) 2021-01-21T22:06:32.389+0800: 8.019: [Tenured: 349534K->349010K(349568K), 0.0486256 secs] 506748K->369861K(506816K), [Metaspace: 2817K->2817K(1056768K)], 0.0496243 secs] [Times: user=0.05 sys=0.00, real=0.05 secs] 
2021-01-21T22:06:32.454+0800: 8.084: [Full GC (Allocation Failure) 2021-01-21T22:06:32.454+0800: 8.085: [Tenured: 349010K->349515K(349568K), 0.0315350 secs] 505888K->391388K(506816K), [Metaspace: 2817K->2817K(1056768K)], 0.0330367 secs] [Times: user=0.03 sys=0.00, real=0.03 secs] 
2021-01-21T22:06:32.501+0800: 8.131: [Full GC (Allocation Failure) 2021-01-21T22:06:32.501+0800: 8.132: [Tenured: 349515K->349354K(349568K), 0.0438885 secs] 506760K->393124K(506816K), [Metaspace: 2817K->2817K(1056768K)], 0.0449132 secs] [Times: user=0.04 sys=0.00, real=0.04 secs] 
2021-01-21T22:06:32.560+0800: 8.190: [Full GC (Allocation Failure) 2021-01-21T22:06:32.560+0800: 8.191: [Tenured: 349426K->348886K(349568K), 0.0435289 secs] 506627K->395160K(506816K), [Metaspace: 2817K->2817K(1056768K)], 0.0447721 secs] [Times: user=0.05 sys=0.00, real=0.04 secs] 
2021-01-21T22:06:32.618+0800: 8.249: [Full GC (Allocation Failure) 2021-01-21T22:06:32.619+0800: 8.250: [Tenured: 349567K->349000K(349568K), 0.0460816 secs] 506811K->375396K(506816K), [Metaspace: 2817K->2817K(1056768K)], 0.0471337 secs] [Times: user=0.05 sys=0.00, real=0.04 secs] 
2021-01-21T22:06:32.681+0800: 8.311: [Full GC (Allocation Failure) 2021-01-21T22:06:32.681+0800: 8.312: [Tenured: 349000K->349010K(349568K), 0.0302441 secs] 506026K->392193K(506816K), [Metaspace: 2817K->2817K(1056768K)], 0.0312120 secs] [Times: user=0.03 sys=0.00, real=0.03 secs] 
2021-01-21T22:06:32.727+0800: 8.357: [Full GC (Allocation Failure) 2021-01-21T22:06:32.727+0800: 8.358: [Tenured: 349534K->349115K(349568K), 0.0389136 secs] 506560K->392815K(506816K), [Metaspace: 2817K->2817K(1056768K)], 0.0398270 secs] [Times: user=0.04 sys=0.00, real=0.04 secs] 
2021-01-21T22:06:32.781+0800: 8.411: [Full GC (Allocation Failure) 2021-01-21T22:06:32.781+0800: 8.412: [Tenured: 349115K->349542K(349568K), 0.0457300 secs] 506356K->396544K(506816K), [Metaspace: 2817K->2817K(1056768K)], 0.0465974 secs] [Times: user=0.04 sys=0.00, real=0.04 secs] 
2021-01-21T22:06:32.840+0800: 8.471: [Full GC (Allocation Failure) 2021-01-21T22:06:32.840+0800: 8.471: [Tenured: 349542K->349542K(349568K), 0.0530003 secs] 506754K->376898K(506816K), [Metaspace: 2817K->2817K(1056768K)], 0.0548995 secs] [Times: user=0.06 sys=0.00, real=0.05 secs] 
2021-01-21T22:06:32.914+0800: 8.544: [Full GC (Allocation Failure) 2021-01-21T22:06:32.914+0800: 8.545: [Tenured: 349542K->349535K(349568K), 0.0308403 secs] 506470K->395940K(506816K), [Metaspace: 2817K->2817K(1056768K)], 0.0318731 secs] [Times: user=0.03 sys=0.00, real=0.03 secs] 
2021-01-21T22:06:32.959+0800: 8.590: [Full GC (Allocation Failure) 2021-01-21T22:06:32.959+0800: 8.590: [Tenured: 349535K->349321K(349568K), 0.0383527 secs] 506692K->397592K(506816K), [Metaspace: 2817K->2817K(1056768K)], 0.0393846 secs] [Times: user=0.04 sys=0.00, real=0.04 secs] 
2021-01-21T22:06:33.012+0800: 8.642: [Full GC (Allocation Failure) 2021-01-21T22:06:33.012+0800: 8.643: [Tenured: 349474K->349462K(349568K), 0.0474435 secs] 506593K->399411K(506816K), [Metaspace: 2817K->2817K(1056768K)], 0.0483210 secs] [Times: user=0.05 sys=0.00, real=0.05 secs] 
2021-01-21T22:06:33.074+0800: 8.705: [Full GC (Allocation Failure) 2021-01-21T22:06:33.074+0800: 8.705: [Tenured: 349534K->349170K(349568K), 0.0467826 secs] 506740K->382255K(506816K), [Metaspace: 2817K->2817K(1056768K)], 0.0475884 secs] [Times: user=0.05 sys=0.00, real=0.05 secs] 
2021-01-21T22:06:33.135+0800: 8.766: [Full GC (Allocation Failure) 2021-01-21T22:06:33.135+0800: 8.766: [Tenured: 349496K->349302K(349568K), 0.0325592 secs] 506743K->406724K(506816K), [Metaspace: 2817K->2817K(1056768K)], 0.0333972 secs] [Times: user=0.03 sys=0.00, real=0.04 secs] 
2021-01-21T22:06:33.180+0800: 8.811: [Full GC (Allocation Failure) 2021-01-21T22:06:33.181+0800: 8.812: [Tenured: 349302K->349060K(349568K), 0.0390665 secs] 506291K->412776K(506816K), [Metaspace: 2817K->2817K(1056768K)], 0.0399883 secs] [Times: user=0.04 sys=0.00, real=0.04 secs] 
2021-01-21T22:06:33.232+0800: 8.862: [Full GC (Allocation Failure) 2021-01-21T22:06:33.232+0800: 8.863: [Tenured: 349060K->349423K(349568K), 0.0501594 secs] 505774K->416301K(506816K), [Metaspace: 2817K->2817K(1056768K)], 0.0510442 secs] [Times: user=0.05 sys=0.00, real=0.05 secs] 
2021-01-21T22:06:33.294+0800: 8.925: [Full GC (Allocation Failure) 2021-01-21T22:06:33.295+0800: 8.925: [Tenured: 349423K->349544K(349568K), 0.0538012 secs] 506181K->398246K(506816K), [Metaspace: 2817K->2817K(1056768K)], 0.0547184 secs] [Times: user=0.05 sys=0.00, real=0.06 secs] 
2021-01-21T22:06:33.361+0800: 8.992: [Full GC (Allocation Failure) 2021-01-21T22:06:33.362+0800: 8.993: [Tenured: 349544K->349471K(349568K), 0.0319823 secs] 506569K->410399K(506816K), [Metaspace: 2817K->2817K(1056768K)], 0.0330727 secs] [Times: user=0.03 sys=0.00, real=0.03 secs] 
2021-01-21T22:06:33.405+0800: 9.036: [Full GC (Allocation Failure) 2021-01-21T22:06:33.405+0800: 9.036: [Tenured: 349471K->349543K(349568K), 0.0415313 secs] 506585K->413936K(506816K), [Metaspace: 2817K->2817K(1056768K)], 0.0425409 secs] [Times: user=0.04 sys=0.00, real=0.04 secs] 
2021-01-21T22:06:33.458+0800: 9.089: [Full GC (Allocation Failure) 2021-01-21T22:06:33.458+0800: 9.089: [Tenured: 349543K->349250K(349568K), 0.0419270 secs] 506391K->412313K(506816K), [Metaspace: 2817K->2817K(1056768K)], 0.0428262 secs] [Times: user=0.05 sys=0.00, real=0.05 secs] 
2021-01-21T22:06:33.513+0800: 9.144: [Full GC (Allocation Failure) 2021-01-21T22:06:33.513+0800: 9.144: [Tenured: 349394K->349397K(349568K), 0.0524112 secs] 506635K->397542K(506816K), [Metaspace: 2817K->2817K(1056768K)], 0.0532594 secs] [Times: user=0.05 sys=0.00, real=0.05 secs] 
2021-01-21T22:06:33.578+0800: 9.209: [Full GC (Allocation Failure) 2021-01-21T22:06:33.579+0800: 9.209: [Tenured: 349397K->349293K(349568K), 0.0262322 secs] 506577K->415618K(506816K), [Metaspace: 2817K->2817K(1056768K)], 0.0271240 secs] [Times: user=0.03 sys=0.00, real=0.02 secs] 
2021-01-21T22:06:33.615+0800: 9.245: [Full GC (Allocation Failure) 2021-01-21T22:06:33.615+0800: 9.246: [Tenured: 349293K->349529K(349568K), 0.0381709 secs] 506403K->413373K(506816K), [Metaspace: 2817K->2817K(1056768K)], 0.0392333 secs] [Times: user=0.03 sys=0.00, real=0.04 secs] 
2021-01-21T22:06:33.666+0800: 9.296: [Full GC (Allocation Failure) 2021-01-21T22:06:33.666+0800: 9.297: [Tenured: 349529K->349446K(349568K), 0.0438680 secs] 506609K->413561K(506816K), [Metaspace: 2817K->2817K(1056768K)], 0.0448278 secs] [Times: user=0.04 sys=0.00, real=0.05 secs] 
2021-01-21T22:06:33.721+0800: 9.351: [Full GC (Allocation Failure) 2021-01-21T22:06:33.721+0800: 9.352: [Tenured: 349446K->349231K(349568K), 0.0516376 secs] 506546K->399057K(506816K), [Metaspace: 2817K->2817K(1056768K)], 0.0524996 secs] [Times: user=0.05 sys=0.00, real=0.05 secs] 
2021-01-21T22:06:33.787+0800: 9.417: [Full GC (Allocation Failure) 2021-01-21T22:06:33.787+0800: 9.418: [Tenured: 349231K->349550K(349568K), 0.0294731 secs] 505715K->412095K(506816K), [Metaspace: 2817K->2817K(1056768K)], 0.0303832 secs] [Times: user=0.03 sys=0.00, real=0.03 secs] 
2021-01-21T22:06:33.828+0800: 9.459: [Full GC (Allocation Failure) 2021-01-21T22:06:33.829+0800: 9.460: [Tenured: 349550K->349268K(349568K), 0.0380155 secs] 506666K->412517K(506816K), [Metaspace: 2817K->2817K(1056768K)], 0.0390968 secs] [Times: user=0.04 sys=0.00, real=0.03 secs] 
2021-01-21T22:06:33.880+0800: 9.510: [Full GC (Allocation Failure) 2021-01-21T22:06:33.880+0800: 9.511: [Tenured: 349550K->349544K(349568K), 0.0439984 secs] 506791K->408310K(506816K), [Metaspace: 2817K->2817K(1056768K)], 0.0449373 secs] [Times: user=0.05 sys=0.00, real=0.04 secs] 
2021-01-21T22:06:33.938+0800: 9.569: [Full GC (Allocation Failure) 2021-01-21T22:06:33.938+0800: 9.569: [Tenured: 349544K->348862K(349568K), 0.0504201 secs] 506677K->394225K(506816K), [Metaspace: 2817K->2817K(1056768K)], 0.0513319 secs] [Times: user=0.05 sys=0.00, real=0.06 secs] 
2021-01-21T22:06:34.004+0800: 9.635: [Full GC (Allocation Failure) 2021-01-21T22:06:34.005+0800: 9.635: [Tenured: 349461K->349467K(349568K), 0.0262549 secs] 506709K->413067K(506816K), [Metaspace: 2817K->2817K(1056768K)], 0.0271055 secs] [Times: user=0.03 sys=0.00, real=0.03 secs] 
2021-01-21T22:06:34.043+0800: 9.674: [Full GC (Allocation Failure) 2021-01-21T22:06:34.044+0800: 9.675: [Tenured: 349467K->349277K(349568K), 0.0400632 secs] 506620K->412487K(506816K), [Metaspace: 2817K->2817K(1056768K)], 0.0419617 secs] [Times: user=0.04 sys=0.00, real=0.04 secs] 
2021-01-21T22:06:34.096+0800: 9.727: [Full GC (Allocation Failure) 2021-01-21T22:06:34.097+0800: 9.727: [Tenured: 349277K->349402K(349568K), 0.0442961 secs] 506318K->411124K(506816K), [Metaspace: 2817K->2817K(1056768K)], 0.0451820 secs] [Times: user=0.05 sys=0.00, real=0.05 secs] 
2021-01-21T22:06:34.153+0800: 9.784: [Full GC (Allocation Failure) 2021-01-21T22:06:34.154+0800: 9.785: [Tenured: 349470K->349532K(349568K), 0.0508149 secs] 506706K->388272K(506816K), [Metaspace: 2817K->2817K(1056768K)], 0.0516003 secs] [Times: user=0.05 sys=0.00, real=0.05 secs] 
2021-01-21T22:06:34.219+0800: 9.850: [Full GC (Allocation Failure) 2021-01-21T22:06:34.220+0800: 9.850: [Tenured: 349532K->349467K(349568K), 0.0284937 secs] 506476K->402365K(506816K), [Metaspace: 2817K->2817K(1056768K)], 0.0294074 secs] [Times: user=0.03 sys=0.00, real=0.03 secs] 
2021-01-21T22:06:34.261+0800: 9.892: [Full GC (Allocation Failure) 2021-01-21T22:06:34.262+0800: 9.892: [Tenured: 349467K->349330K(349568K), 0.0413483 secs] 506583K->407583K(506816K), [Metaspace: 2817K->2817K(1056768K)], 0.0423221 secs] [Times: user=0.04 sys=0.00, real=0.04 secs] 
2021-01-21T22:06:34.316+0800: 9.947: [Full GC (Allocation Failure) 2021-01-21T22:06:34.317+0800: 9.947: [Tenured: 349330K->349410K(349568K), 0.0486548 secs] 506298K->405342K(506816K), [Metaspace: 2817K->2817K(1056768K)], 0.0496554 secs] [Times: user=0.05 sys=0.00, real=0.05 secs] 
2021-01-21T22:06:34.379+0800: 10.010: [Full GC (Allocation Failure) 2021-01-21T22:06:34.380+0800: 10.011: [Tenured: 349410K->349426K(349568K), 0.0554865 secs] 506200K->388188K(506816K), [Metaspace: 2817K->2817K(1056768K)], 0.0562791 secs] [Times: user=0.05 sys=0.00, real=0.05 secs] 
2021-01-21T22:06:34.451+0800: 10.082: [Full GC (Allocation Failure) 2021-01-21T22:06:34.452+0800: 10.083: [Tenured: 349426K->349243K(349568K), 0.0336890 secs] 506411K->400011K(506816K), [Metaspace: 2817K->2817K(1056768K)], 0.0348845 secs] [Times: user=0.03 sys=0.00, real=0.03 secs] 
2021-01-21T22:06:34.499+0800: 10.130: [Full GC (Allocation Failure) 2021-01-21T22:06:34.499+0800: 10.130: [Tenured: 349400K->349329K(349568K), 0.0403187 secs] 506596K->391851K(506816K), [Metaspace: 2817K->2817K(1056768K)], 0.0412383 secs] [Times: user=0.04 sys=0.00, real=0.04 secs] 
2021-01-21T22:06:34.553+0800: 10.184: [Full GC (Allocation Failure) 2021-01-21T22:06:34.554+0800: 10.185: [Tenured: 349329K->348957K(349568K), 0.0444199 secs] 506523K->388739K(506816K), [Metaspace: 2817K->2817K(1056768K)], 0.0453544 secs] [Times: user=0.04 sys=0.00, real=0.05 secs] 
2021-01-21T22:06:34.613+0800: 10.244: [Full GC (Allocation Failure) 2021-01-21T22:06:34.614+0800: 10.245: [Tenured: 349284K->349204K(349568K), 0.0510352 secs] 506504K->374469K(506816K), [Metaspace: 2817K->2817K(1056768K)], 0.0520376 secs] [Times: user=0.05 sys=0.00, real=0.05 secs] 
2021-01-21T22:06:34.684+0800: 10.315: [Full GC (Allocation Failure) 2021-01-21T22:06:34.685+0800: 10.315: [Tenured: 349498K->349275K(349568K), 0.0263428 secs] 506741K->393841K(506816K), [Metaspace: 2817K->2817K(1056768K)], 0.0274467 secs] [Times: user=0.03 sys=0.00, real=0.03 secs] 
2021-01-21T22:06:34.724+0800: 10.354: [Full GC (Allocation Failure) 2021-01-21T22:06:34.724+0800: 10.355: [Tenured: 349527K->349455K(349568K), 0.0384858 secs] 506762K->390193K(506816K), [Metaspace: 2817K->2817K(1056768K)], 0.0396913 secs] [Times: user=0.04 sys=0.00, real=0.04 secs] 
2021-01-21T22:06:34.778+0800: 10.409: [Full GC (Allocation Failure) 2021-01-21T22:06:34.779+0800: 10.410: [Tenured: 349527K->349144K(349568K), 0.0405335 secs] 506723K->385677K(506816K), [Metaspace: 2817K->2817K(1056768K)], 0.0415148 secs] [Times: user=0.04 sys=0.00, real=0.04 secs] 
2021-01-21T22:06:34.835+0800: 10.466: [Full GC (Allocation Failure) 2021-01-21T22:06:34.835+0800: 10.466: [Tenured: 349144K->349246K(349568K), 0.0468484 secs] 506139K->365065K(506816K), [Metaspace: 2817K->2817K(1056768K)], 0.0477551 secs] [Times: user=0.05 sys=0.00, real=0.05 secs] 
2021-01-21T22:06:34.900+0800: 10.531: [Full GC (Allocation Failure) 2021-01-21T22:06:34.900+0800: 10.531: [Tenured: 349246K->349551K(349568K), 0.0322992 secs] 506156K->383064K(506816K), [Metaspace: 2817K->2817K(1056768K)], 0.0332829 secs] [Times: user=0.03 sys=0.00, real=0.03 secs] 
2021-01-21T22:06:34.950+0800: 10.580: [Full GC (Allocation Failure) 2021-01-21T22:06:34.950+0800: 10.581: [Tenured: 349551K->349432K(349568K), 0.0353771 secs] 506732K->381899K(506816K), [Metaspace: 2817K->2817K(1056768K)], 0.0362331 secs] [Times: user=0.04 sys=0.00, real=0.03 secs] 
2021-01-21T22:06:35.001+0800: 10.632: [Full GC (Allocation Failure) 2021-01-21T22:06:35.002+0800: 10.633: [Tenured: 349432K->349387K(349568K), 0.0414501 secs] 506353K->384051K(506816K), [Metaspace: 2817K->2817K(1056768K)], 0.0423609 secs] [Times: user=0.04 sys=0.00, real=0.04 secs] 
2021-01-21T22:06:35.058+0800: 10.688: [Full GC (Allocation Failure) 2021-01-21T22:06:35.058+0800: 10.689: [Tenured: 349513K->349507K(349568K), 0.0459400 secs] 506748K->367053K(506816K), [Metaspace: 2817K->2817K(1056768K)], 0.0468236 secs] [Times: user=0.05 sys=0.00, real=0.05 secs] 
2021-01-21T22:06:35.121+0800: 10.752: [Full GC (Allocation Failure) 2021-01-21T22:06:35.122+0800: 10.753: [Tenured: 349507K->349391K(349568K), 0.0337644 secs] 506743K->385333K(506816K), [Metaspace: 2817K->2817K(1056768K)], 0.0346484 secs] [Times: user=0.03 sys=0.00, real=0.03 secs] 
2021-01-21T22:06:35.169+0800: 10.800: [Full GC (Allocation Failure) 2021-01-21T22:06:35.170+0800: 10.800: [Tenured: 349391K->349542K(349568K), 0.0379616 secs] 506573K->384110K(506816K), [Metaspace: 2817K->2817K(1056768K)], 0.0388169 secs] [Times: user=0.04 sys=0.00, real=0.04 secs] 
2021-01-21T22:06:35.221+0800: 10.852: [Full GC (Allocation Failure) 2021-01-21T22:06:35.222+0800: 10.853: [Tenured: 349542K->349566K(349568K), 0.0425327 secs] 506671K->386876K(506816K), [Metaspace: 2817K->2817K(1056768K)], 0.0434303 secs] [Times: user=0.05 sys=0.00, real=0.04 secs] 
2021-01-21T22:06:35.281+0800: 10.911: [Full GC (Allocation Failure) 2021-01-21T22:06:35.281+0800: 10.912: [Tenured: 349566K->349441K(349568K), 0.0501877 secs] 506747K->371877K(506816K), [Metaspace: 2817K->2817K(1056768K)], 0.0511061 secs] [Times: user=0.05 sys=0.00, real=0.05 secs] 
2021-01-21T22:06:35.352+0800: 10.982: [Full GC (Allocation Failure) 2021-01-21T22:06:35.352+0800: 10.983: [Tenured: 349525K->349476K(349568K), 0.0302592 secs] 506720K->391385K(506816K), [Metaspace: 2817K->2817K(1056768K)], 0.0311844 secs] [Times: user=0.03 sys=0.00, real=0.03 secs] 
2021-01-21T22:06:35.396+0800: 11.027: [Full GC (Allocation Failure) 2021-01-21T22:06:35.396+0800: 11.027: [Tenured: 349476K->349202K(349568K), 0.0378807 secs] 506612K->389666K(506816K), [Metaspace: 2817K->2817K(1056768K)], 0.0389164 secs] [Times: user=0.04 sys=0.00, real=0.04 secs] 
2021-01-21T22:06:35.449+0800: 11.080: [Full GC (Allocation Failure) 2021-01-21T22:06:35.449+0800: 11.080: [Tenured: 349461K->349306K(349568K), 0.0431270 secs] 506637K->392123K(506816K), [Metaspace: 2817K->2817K(1056768K)], 0.0440762 secs] [Times: user=0.04 sys=0.00, real=0.04 secs] 
2021-01-21T22:06:35.507+0800: 11.138: [Full GC (Allocation Failure) 2021-01-21T22:06:35.507+0800: 11.138: [Tenured: 349439K->349516K(349568K), 0.0645294 secs] 506637K->374965K(506816K), [Metaspace: 2817K->2817K(1056768K)], 0.0654468 secs] [Times: user=0.07 sys=0.00, real=0.07 secs] 
2021-01-21T22:06:35.592+0800: 11.223: [Full GC (Allocation Failure) 2021-01-21T22:06:35.592+0800: 11.223: [Tenured: 349550K->349499K(349568K), 0.0404660 secs] 506790K->387451K(506816K), [Metaspace: 2817K->2817K(1056768K)], 0.0413309 secs] [Times: user=0.05 sys=0.00, real=0.04 secs] 
2021-01-21T22:06:35.649+0800: 11.280: [Full GC (Allocation Failure) 2021-01-21T22:06:35.650+0800: 11.280: [Tenured: 349499K->349533K(349568K), 0.0396943 secs] 506657K->389842K(506816K), [Metaspace: 2817K->2817K(1056768K)], 0.0404932 secs] [Times: user=0.04 sys=0.00, real=0.04 secs] 
2021-01-21T22:06:35.705+0800: 11.336: [Full GC (Allocation Failure) 2021-01-21T22:06:35.706+0800: 11.336: [Tenured: 349533K->349507K(349568K), 0.0504365 secs] 506770K->388045K(506816K), [Metaspace: 2817K->2817K(1056768K)], 0.0513013 secs] [Times: user=0.05 sys=0.00, real=0.05 secs] 
2021-01-21T22:06:35.772+0800: 11.403: [Full GC (Allocation Failure) 2021-01-21T22:06:35.773+0800: 11.404: [Tenured: 349507K->349535K(349568K), 0.0483819 secs] 506296K->368468K(506816K), [Metaspace: 2817K->2817K(1056768K)], 0.0491787 secs] [Times: user=0.05 sys=0.00, real=0.05 secs] 
2021-01-21T22:06:35.851+0800: 11.482: [Full GC (Allocation Failure) 2021-01-21T22:06:35.851+0800: 11.482: [Tenured: 349535K->349137K(349568K), 0.0364731 secs] 506502K->390907K(506816K), [Metaspace: 2817K->2817K(1056768K)], 0.0373511 secs] [Times: user=0.04 sys=0.00, real=0.04 secs] 
2021-01-21T22:06:35.902+0800: 11.533: [Full GC (Allocation Failure) 2021-01-21T22:06:35.902+0800: 11.533: [Tenured: 349425K->349232K(349568K), 0.0387107 secs] 506617K->393360K(506816K), [Metaspace: 2817K->2817K(1056768K)], 0.0396055 secs] [Times: user=0.04 sys=0.00, real=0.04 secs] 
2021-01-21T22:06:35.955+0800: 11.586: [Full GC (Allocation Failure) 2021-01-21T22:06:35.956+0800: 11.586: [Tenured: 349232K->349428K(349568K), 0.0420321 secs] 506476K->397806K(506816K), [Metaspace: 2817K->2817K(1056768K)], 0.0428534 secs] [Times: user=0.04 sys=0.00, real=0.05 secs] 
2021-01-21T22:06:36.012+0800: 11.643: [Full GC (Allocation Failure) 2021-01-21T22:06:36.012+0800: 11.643: [Tenured: 349428K->349333K(349568K), 0.0469522 secs] 506203K->383035K(506816K), [Metaspace: 2817K->2817K(1056768K)], 0.0506555 secs] [Times: user=0.05 sys=0.00, real=0.05 secs] 
2021-01-21T22:06:36.078+0800: 11.709: [Full GC (Allocation Failure) 2021-01-21T22:06:36.078+0800: 11.709: [Tenured: 349333K->349409K(349568K), 0.0331745 secs] 506362K->396881K(506816K), [Metaspace: 2817K->2817K(1056768K)], 0.0340308 secs] [Times: user=0.03 sys=0.00, real=0.04 secs] 
2021-01-21T22:06:36.125+0800: 11.756: [Full GC (Allocation Failure) 2021-01-21T22:06:36.126+0800: 11.757: [Tenured: 349409K->349533K(349568K), 0.0391232 secs] 506513K->396545K(506816K), [Metaspace: 2817K->2817K(1056768K)], 0.0402067 secs] [Times: user=0.04 sys=0.00, real=0.04 secs] 
2021-01-21T22:06:36.178+0800: 11.809: [Full GC (Allocation Failure) 2021-01-21T22:06:36.179+0800: 11.809: [Tenured: 349533K->349321K(349568K), 0.0417810 secs] 506598K->398709K(506816K), [Metaspace: 2817K->2817K(1056768K)], 0.0426403 secs] [Times: user=0.04 sys=0.00, real=0.04 secs] 
2021-01-21T22:06:36.234+0800: 11.864: [Full GC (Allocation Failure) 2021-01-21T22:06:36.234+0800: 11.865: [Tenured: 349335K->349300K(349568K), 0.0489554 secs] 506571K->385272K(506816K), [Metaspace: 2817K->2817K(1056768K)], 0.0498492 secs] [Times: user=0.05 sys=0.00, real=0.05 secs] 
2021-01-21T22:06:36.298+0800: 11.929: [Full GC (Allocation Failure) 2021-01-21T22:06:36.299+0800: 11.930: [Tenured: 349300K->349531K(349568K), 0.0290153 secs] 506235K->401656K(506816K), [Metaspace: 2817K->2817K(1056768K)], 0.0298963 secs] [Times: user=0.03 sys=0.00, real=0.03 secs] 
2021-01-21T22:06:36.339+0800: 11.970: [Full GC (Allocation Failure) 2021-01-21T22:06:36.340+0800: 11.971: [Tenured: 349531K->349251K(349568K), 0.0423532 secs] 506654K->398982K(506816K), [Metaspace: 2817K->2817K(1056768K)], 0.0433583 secs] [Times: user=0.04 sys=0.00, real=0.04 secs] 
2021-01-21T22:06:36.397+0800: 12.028: [Full GC (Allocation Failure) 2021-01-21T22:06:36.398+0800: 12.028: [Tenured: 349351K->349411K(349568K), 0.0434852 secs] 506564K->397496K(506816K), [Metaspace: 2817K->2817K(1056768K)], 0.0443834 secs] [Times: user=0.04 sys=0.00, real=0.05 secs] 
2021-01-21T22:06:36.455+0800: 12.086: [Full GC (Allocation Failure) 2021-01-21T22:06:36.456+0800: 12.087: [Tenured: 349411K->349542K(349568K), 0.0488594 secs] 506386K->381289K(506816K), [Metaspace: 2817K->2817K(1056768K)], 0.0497048 secs] [Times: user=0.05 sys=0.00, real=0.05 secs] 
2021-01-21T22:06:36.520+0800: 12.151: [Full GC (Allocation Failure) 2021-01-21T22:06:36.520+0800: 12.151: [Tenured: 349542K->349447K(349568K), 0.0343675 secs] 506698K->395683K(506816K), [Metaspace: 2817K->2817K(1056768K)], 0.0353157 secs] [Times: user=0.03 sys=0.00, real=0.03 secs] 
2021-01-21T22:06:36.569+0800: 12.200: [Full GC (Allocation Failure) 2021-01-21T22:06:36.569+0800: 12.200: [Tenured: 349447K->349535K(349568K), 0.0405198 secs] 506247K->391698K(506816K), [Metaspace: 2817K->2817K(1056768K)], 0.0414827 secs] [Times: user=0.04 sys=0.00, real=0.04 secs] 
2021-01-21T22:06:36.624+0800: 12.255: [Full GC (Allocation Failure) 2021-01-21T22:06:36.624+0800: 12.255: [Tenured: 349535K->349520K(349568K), 0.0493692 secs] 506582K->390198K(506816K), [Metaspace: 2817K->2817K(1056768K)], 0.0500850 secs] [Times: user=0.05 sys=0.00, real=0.05 secs] 
2021-01-21T22:06:36.690+0800: 12.321: [Full GC (Allocation Failure) 2021-01-21T22:06:36.691+0800: 12.321: [Tenured: 349520K->349121K(349568K), 0.0511709 secs] 506722K->377913K(506816K), [Metaspace: 2817K->2817K(1056768K)], 0.0519797 secs] [Times: user=0.05 sys=0.00, real=0.05 secs] 
2021-01-21T22:06:36.758+0800: 12.388: [Full GC (Allocation Failure) 2021-01-21T22:06:36.758+0800: 12.389: [Tenured: 349564K->349458K(349568K), 0.0314023 secs] 506804K->396180K(506816K), [Metaspace: 2817K->2817K(1056768K)], 0.0323250 secs] [Times: user=0.03 sys=0.00, real=0.04 secs] 
2021-01-21T22:06:36.804+0800: 12.434: [Full GC (Allocation Failure) 2021-01-21T22:06:36.804+0800: 12.435: [Tenured: 349458K->349518K(349568K), 0.0409530 secs] 506631K->392074K(506816K), [Metaspace: 2817K->2817K(1056768K)], 0.0418064 secs] [Times: user=0.04 sys=0.00, real=0.04 secs] 
2021-01-21T22:06:36.860+0800: 12.491: [Full GC (Allocation Failure) 2021-01-21T22:06:36.861+0800: 12.492: [Tenured: 349554K->349549K(349568K), 0.0457347 secs] 506767K->395590K(506816K), [Metaspace: 2817K->2817K(1056768K)], 0.0467705 secs] [Times: user=0.04 sys=0.00, real=0.04 secs] 
2021-01-21T22:06:36.921+0800: 12.552: [Full GC (Allocation Failure) 2021-01-21T22:06:36.921+0800: 12.552: [Tenured: 349549K->349460K(349568K), 0.0474783 secs] 506558K->379143K(506816K), [Metaspace: 2817K->2817K(1056768K)], 0.0483440 secs] [Times: user=0.04 sys=0.00, real=0.05 secs] 
2021-01-21T22:06:36.985+0800: 12.615: [Full GC (Allocation Failure) 2021-01-21T22:06:36.985+0800: 12.616: [Tenured: 349460K->349521K(349568K), 0.0295546 secs] 506492K->396141K(506816K), [Metaspace: 2817K->2817K(1056768K)], 0.0303654 secs] [Times: user=0.03 sys=0.00, real=0.03 secs] 
2021-01-21T22:06:37.029+0800: 12.659: [Full GC (Allocation Failure) 2021-01-21T22:06:37.029+0800: 12.660: [Tenured: 349521K->349358K(349568K), 0.0390229 secs] 506687K->392982K(506816K), [Metaspace: 2817K->2817K(1056768K)], 0.0400620 secs] [Times: user=0.04 sys=0.00, real=0.04 secs] 
2021-01-21T22:06:37.085+0800: 12.715: [Full GC (Allocation Failure) 2021-01-21T22:06:37.085+0800: 12.716: [Tenured: 349358K->349553K(349568K), 0.0411743 secs] 506541K->392774K(506816K), [Metaspace: 2817K->2817K(1056768K)], 0.0420301 secs] [Times: user=0.04 sys=0.00, real=0.04 secs] 
2021-01-21T22:06:37.140+0800: 12.770: [Full GC (Allocation Failure) 2021-01-21T22:06:37.140+0800: 12.771: [Tenured: 349553K->349410K(349568K), 0.0473223 secs] 506721K->380061K(506816K), [Metaspace: 2817K->2817K(1056768K)], 0.0481743 secs] [Times: user=0.05 sys=0.00, real=0.04 secs] 
2021-01-21T22:06:37.202+0800: 12.832: [Full GC (Allocation Failure) 2021-01-21T22:06:37.202+0800: 12.833: [Tenured: 349555K->349468K(349568K), 0.0286189 secs] 506776K->392635K(506816K), [Metaspace: 2817K->2817K(1056768K)], 0.0294959 secs] [Times: user=0.03 sys=0.00, real=0.03 secs] 
2021-01-21T22:06:37.244+0800: 12.875: [Full GC (Allocation Failure) 2021-01-21T22:06:37.245+0800: 12.875: [Tenured: 349552K->349331K(349568K), 0.0384807 secs] 506789K->400061K(506816K), [Metaspace: 2817K->2817K(1056768K)], 0.0393697 secs] [Times: user=0.04 sys=0.00, real=0.04 secs] 
2021-01-21T22:06:37.296+0800: 12.927: [Full GC (Allocation Failure) 2021-01-21T22:06:37.297+0800: 12.927: [Tenured: 349331K->348997K(349568K), 0.0412628 secs] 506495K->400703K(506816K), [Metaspace: 2817K->2817K(1056768K)], 0.0421608 secs] [Times: user=0.04 sys=0.00, real=0.05 secs] 
2021-01-21T22:06:37.353+0800: 12.984: [Full GC (Allocation Failure) 2021-01-21T22:06:37.354+0800: 12.984: [Tenured: 349211K->349413K(349568K), 0.0477143 secs] 506457K->386372K(506816K), [Metaspace: 2817K->2817K(1056768K)], 0.0486233 secs] [Times: user=0.04 sys=0.00, real=0.05 secs] 
2021-01-21T22:06:37.417+0800: 13.048: [Full GC (Allocation Failure) 2021-01-21T22:06:37.417+0800: 13.048: [Tenured: 349413K->349423K(349568K), 0.0294242 secs] 506594K->395509K(506816K), [Metaspace: 2817K->2817K(1056768K)], 0.0305481 secs] [Times: user=0.03 sys=0.00, real=0.03 secs] 
2021-01-21T22:06:37.461+0800: 13.092: [Full GC (Allocation Failure) 2021-01-21T22:06:37.461+0800: 13.092: [Tenured: 349423K->349131K(349568K), 0.0397572 secs] 506635K->387521K(506816K), [Metaspace: 2817K->2817K(1056768K)], 0.0406590 secs] [Times: user=0.04 sys=0.00, real=0.04 secs] 
2021-01-21T22:06:37.517+0800: 13.148: [Full GC (Allocation Failure) 2021-01-21T22:06:37.518+0800: 13.148: [Tenured: 349419K->349294K(349568K), 0.0435036 secs] 506496K->386867K(506816K), [Metaspace: 2817K->2817K(1056768K)], 0.0444315 secs] [Times: user=0.05 sys=0.00, real=0.05 secs] 
2021-01-21T22:06:37.576+0800: 13.207: [Full GC (Allocation Failure) 2021-01-21T22:06:37.576+0800: 13.207: [Tenured: 349510K->349309K(349568K), 0.0459098 secs] 506753K->373200K(506816K), [Metaspace: 2817K->2817K(1056768K)], 0.0467968 secs] [Times: user=0.05 sys=0.00, real=0.05 secs] 
2021-01-21T22:06:37.638+0800: 13.269: [Full GC (Allocation Failure) 2021-01-21T22:06:37.639+0800: 13.269: [Tenured: 349453K->349463K(349568K), 0.0271061 secs] 506612K->390198K(506816K), [Metaspace: 2817K->2817K(1056768K)], 0.0282291 secs] [Times: user=0.03 sys=0.00, real=0.03 secs] 
2021-01-21T22:06:37.681+0800: 13.311: [Full GC (Allocation Failure) 2021-01-21T22:06:37.681+0800: 13.312: [Tenured: 349463K->349562K(349568K), 0.0376223 secs] 506210K->383052K(506816K), [Metaspace: 2817K->2817K(1056768K)], 0.0385485 secs] [Times: user=0.04 sys=0.00, real=0.04 secs] 
2021-01-21T22:06:37.735+0800: 13.366: [Full GC (Allocation Failure) 2021-01-21T22:06:37.736+0800: 13.367: [Tenured: 349562K->349521K(349568K), 0.0474608 secs] 506806K->376897K(506816K), [Metaspace: 2817K->2817K(1056768K)], 0.0483984 secs] [Times: user=0.04 sys=0.00, real=0.05 secs] 
2021-01-21T22:06:37.802+0800: 13.432: [Full GC (Allocation Failure) 2021-01-21T22:06:37.802+0800: 13.433: [Tenured: 349521K->349162K(349568K), 0.0490715 secs] 506388K->355773K(506816K), [Metaspace: 2817K->2817K(1056768K)], 0.0498547 secs] [Times: user=0.05 sys=0.00, real=0.05 secs] 
2021-01-21T22:06:37.872+0800: 13.503: [Full GC (Allocation Failure) 2021-01-21T22:06:37.872+0800: 13.503: [Tenured: 349162K->348995K(349568K), 0.0301798 secs] 506312K->384044K(506816K), [Metaspace: 2817K->2817K(1056768K)], 0.0309710 secs] [Times: user=0.03 sys=0.00, real=0.03 secs] 
2021-01-21T22:06:37.918+0800: 13.549: [Full GC (Allocation Failure) 2021-01-21T22:06:37.918+0800: 13.549: [Tenured: 349417K->348870K(349568K), 0.0403962 secs] 506571K->383426K(506816K), [Metaspace: 2817K->2817K(1056768K)], 0.0412307 secs] [Times: user=0.05 sys=0.00, real=0.05 secs] 
2021-01-21T22:06:37.972+0800: 13.603: [Full GC (Allocation Failure) 2021-01-21T22:06:37.973+0800: 13.604: [Tenured: 349540K->348841K(349568K), 0.0412757 secs] 506762K->388376K(506816K), [Metaspace: 2817K->2817K(1056768K)], 0.0423155 secs] [Times: user=0.04 sys=0.00, real=0.04 secs] 
2021-01-21T22:06:38.029+0800: 13.659: [Full GC (Allocation Failure) 2021-01-21T22:06:38.029+0800: 13.660: [Tenured: 349515K->348950K(349568K), 0.0478036 secs] 506756K->373586K(506816K), [Metaspace: 2817K->2817K(1056768K)], 0.0492456 secs] [Times: user=0.05 sys=0.00, real=0.05 secs] 
2021-01-21T22:06:38.099+0800: 13.730: [Full GC (Allocation Failure) 2021-01-21T22:06:38.100+0800: 13.730: [Tenured: 349416K->349529K(349568K), 0.0358629 secs] 506656K->390684K(506816K), [Metaspace: 2817K->2817K(1056768K)], 0.0367447 secs] [Times: user=0.03 sys=0.00, real=0.03 secs] 
2021-01-21T22:06:38.152+0800: 13.783: [Full GC (Allocation Failure) 2021-01-21T22:06:38.153+0800: 13.783: [Tenured: 349565K->349512K(349568K), 0.0436184 secs] 506807K->393678K(506816K), [Metaspace: 2817K->2817K(1056768K)], 0.0444725 secs] [Times: user=0.04 sys=0.00, real=0.04 secs] 
2021-01-21T22:06:38.211+0800: 13.841: [Full GC (Allocation Failure) 2021-01-21T22:06:38.211+0800: 13.842: [Tenured: 349512K->349094K(349568K), 0.0418717 secs] 506709K->396789K(506816K), [Metaspace: 2817K->2817K(1056768K)], 0.0427557 secs] [Times: user=0.04 sys=0.00, real=0.04 secs] 
2021-01-21T22:06:38.268+0800: 13.899: [Full GC (Allocation Failure) 2021-01-21T22:06:38.268+0800: 13.899: [Tenured: 349460K->349449K(349568K), 0.0527142 secs] 506537K->377353K(506816K), [Metaspace: 2817K->2817K(1056768K)], 0.0535866 secs] [Times: user=0.05 sys=0.00, real=0.06 secs] 
2021-01-21T22:06:38.338+0800: 13.969: [Full GC (Allocation Failure) 2021-01-21T22:06:38.338+0800: 13.969: [Tenured: 349449K->349545K(349568K), 0.0380585 secs] 506587K->399250K(506816K), [Metaspace: 2817K->2817K(1056768K)], 0.0390014 secs] [Times: user=0.04 sys=0.00, real=0.04 secs] 
2021-01-21T22:06:38.399+0800: 14.030: [Full GC (Allocation Failure) 2021-01-21T22:06:38.408+0800: 14.039: [Tenured: 349545K->349457K(349568K), 0.0481340 secs] 506489K->397888K(506816K), [Metaspace: 2817K->2817K(1056768K)], 0.0570061 secs] [Times: user=0.05 sys=0.00, real=0.05 secs] 
2021-01-21T22:06:38.470+0800: 14.100: [Full GC (Allocation Failure) 2021-01-21T22:06:38.470+0800: 14.101: [Tenured: 349457K->349523K(349568K), 0.0419565 secs] 506702K->393716K(506816K), [Metaspace: 2817K->2817K(1056768K)], 0.0428889 secs] [Times: user=0.04 sys=0.00, real=0.04 secs] 
2021-01-21T22:06:38.527+0800: 14.157: [Full GC (Allocation Failure) 2021-01-21T22:06:38.527+0800: 14.158: [Tenured: 349523K->349494K(349568K), 0.0458820 secs] 506346K->368315K(506816K), [Metaspace: 2817K->2817K(1056768K)], 0.0470089 secs] [Times: user=0.04 sys=0.00, real=0.05 secs] 
2021-01-21T22:06:38.591+0800: 14.221: [Full GC (Allocation Failure) 2021-01-21T22:06:38.591+0800: 14.222: [Tenured: 349494K->349564K(349568K), 0.0259265 secs] 506457K->390333K(506816K), [Metaspace: 2817K->2817K(1056768K)], 0.0267699 secs] [Times: user=0.02 sys=0.00, real=0.02 secs] 
2021-01-21T22:06:38.631+0800: 14.262: [Full GC (Allocation Failure) 2021-01-21T22:06:38.632+0800: 14.262: [Tenured: 349564K->349428K(349568K), 0.0362407 secs] 506710K->396105K(506816K), [Metaspace: 2817K->2817K(1056768K)], 0.0373178 secs] [Times: user=0.03 sys=0.00, real=0.04 secs] 
2021-01-21T22:06:38.681+0800: 14.312: [Full GC (Allocation Failure) 2021-01-21T22:06:38.681+0800: 14.312: [Tenured: 349428K->349476K(349568K), 0.0427274 secs] 506059K->396431K(506816K), [Metaspace: 2817K->2817K(1056768K)], 0.0435877 secs] [Times: user=0.04 sys=0.00, real=0.04 secs] 
2021-01-21T22:06:38.738+0800: 14.368: [Full GC (Allocation Failure) 2021-01-21T22:06:38.738+0800: 14.369: [Tenured: 349476K->349325K(349568K), 0.0476239 secs] 506652K->382650K(506816K), [Metaspace: 2817K->2817K(1056768K)], 0.0484834 secs] [Times: user=0.05 sys=0.00, real=0.05 secs] 
2021-01-21T22:06:38.802+0800: 14.433: [Full GC (Allocation Failure) 2021-01-21T22:06:38.802+0800: 14.433: [Tenured: 349541K->348987K(349568K), 0.0252201 secs] 506743K->395717K(506816K), [Metaspace: 2817K->2817K(1056768K)], 0.0260575 secs] [Times: user=0.03 sys=0.00, real=0.03 secs] 
2021-01-21T22:06:38.842+0800: 14.473: [Full GC (Allocation Failure) 2021-01-21T22:06:38.842+0800: 14.473: [Tenured: 348987K->349483K(349568K), 0.0371195 secs] 505712K->395156K(506816K), [Metaspace: 2817K->2817K(1056768K)], 0.0380810 secs] [Times: user=0.04 sys=0.00, real=0.04 secs] 
2021-01-21T22:06:38.898+0800: 14.529: [Full GC (Allocation Failure) 2021-01-21T22:06:38.899+0800: 14.530: [Tenured: 349483K->349147K(349568K), 0.0447042 secs] 506537K->386833K(506816K), [Metaspace: 2817K->2817K(1056768K)], 0.0454333 secs] [Times: user=0.04 sys=0.00, real=0.04 secs] 
2021-01-21T22:06:38.960+0800: 14.591: [Full GC (Allocation Failure) 2021-01-21T22:06:38.960+0800: 14.591: [Tenured: 349472K->349489K(349568K), 0.0480331 secs] 506668K->367544K(506816K), [Metaspace: 2817K->2817K(1056768K)], 0.0488531 secs] [Times: user=0.04 sys=0.00, real=0.05 secs] 
2021-01-21T22:06:39.026+0800: 14.657: [Full GC (Allocation Failure) 2021-01-21T22:06:39.026+0800: 14.657: [Tenured: 349489K->349551K(349568K), 0.0366926 secs] 506649K->385969K(506816K), [Metaspace: 2817K->2817K(1056768K)], 0.0375000 secs] [Times: user=0.04 sys=0.00, real=0.04 secs] 
2021-01-21T22:06:39.078+0800: 14.709: [Full GC (Allocation Failure) 2021-01-21T22:06:39.078+0800: 14.709: [Tenured: 349551K->349284K(349568K), 0.0388248 secs] 506186K->394770K(506816K), [Metaspace: 2817K->2817K(1056768K)], 0.0396736 secs] [Times: user=0.04 sys=0.00, real=0.04 secs] 
2021-01-21T22:06:39.131+0800: 14.761: [Full GC (Allocation Failure) 2021-01-21T22:06:39.131+0800: 14.762: [Tenured: 349284K->349542K(349568K), 0.0423144 secs] 506324K->396439K(506816K), [Metaspace: 2817K->2817K(1056768K)], 0.0432417 secs] [Times: user=0.04 sys=0.00, real=0.04 secs] 
2021-01-21T22:06:39.186+0800: 14.817: [Full GC (Allocation Failure) 2021-01-21T22:06:39.186+0800: 14.817: [Tenured: 349542K->349359K(349568K), 0.0469963 secs] 506722K->375074K(506816K), [Metaspace: 2817K->2817K(1056768K)], 0.0478830 secs] [Times: user=0.04 sys=0.00, real=0.05 secs] 
2021-01-21T22:06:39.249+0800: 14.879: [Full GC (Allocation Failure) 2021-01-21T22:06:39.249+0800: 14.880: [Tenured: 349505K->349161K(349568K), 0.0345360 secs] 506722K->390369K(506816K), [Metaspace: 2817K->2817K(1056768K)], 0.0355379 secs] [Times: user=0.03 sys=0.00, real=0.03 secs] 
2021-01-21T22:06:39.298+0800: 14.928: [Full GC (Allocation Failure) 2021-01-21T22:06:39.298+0800: 14.929: [Tenured: 349555K->349409K(349568K), 0.0402726 secs] 506799K->389589K(506816K), [Metaspace: 2817K->2817K(1056768K)], 0.0411884 secs] [Times: user=0.04 sys=0.00, real=0.05 secs] 
2021-01-21T22:06:39.354+0800: 14.985: [Full GC (Allocation Failure) 2021-01-21T22:06:39.355+0800: 14.985: [Tenured: 349409K->349350K(349568K), 0.0446251 secs] 506363K->389059K(506816K), [Metaspace: 2817K->2817K(1056768K)], 0.0454274 secs] [Times: user=0.04 sys=0.00, real=0.05 secs] 
2021-01-21T22:06:39.414+0800: 15.044: [Full GC (Allocation Failure) 2021-01-21T22:06:39.414+0800: 15.045: [Tenured: 349350K->349362K(349568K), 0.0474340 secs] 506571K->372885K(506816K), [Metaspace: 2817K->2817K(1056768K)], 0.0486463 secs] [Times: user=0.05 sys=0.00, real=0.05 secs] 
2021-01-21T22:06:39.481+0800: 15.111: [Full GC (Allocation Failure) 2021-01-21T22:06:39.481+0800: 15.112: [Tenured: 349506K->349108K(349568K), 0.0258550 secs] 506692K->389546K(506816K), [Metaspace: 2817K->2817K(1056768K)], 0.0267568 secs] [Times: user=0.03 sys=0.00, real=0.02 secs] 
2021-01-21T22:06:39.521+0800: 15.152: [Full GC (Allocation Failure) 2021-01-21T22:06:39.521+0800: 15.152: [Tenured: 349279K->349126K(349568K), 0.0409583 secs] 506459K->381272K(506816K), [Metaspace: 2817K->2817K(1056768K)], 0.0418088 secs] [Times: user=0.04 sys=0.00, real=0.04 secs] 
2021-01-21T22:06:39.578+0800: 15.209: [Full GC (Allocation Failure) 2021-01-21T22:06:39.579+0800: 15.209: [Tenured: 349126K->349337K(349568K), 0.0402846 secs] 506091K->380724K(506816K), [Metaspace: 2817K->2817K(1056768K)], 0.0412859 secs] [Times: user=0.04 sys=0.00, real=0.04 secs] 
2021-01-21T22:06:39.635+0800: 15.265: [Full GC (Allocation Failure) 2021-01-21T22:06:39.635+0800: 15.266: [Tenured: 349337K->349512K(349568K), 0.0512380 secs] 506388K->365684K(506816K), [Metaspace: 2817K->2817K(1056768K)], 0.0521032 secs] [Times: user=0.05 sys=0.00, real=0.05 secs] 
2021-01-21T22:06:39.703+0800: 15.334: [Full GC (Allocation Failure) 2021-01-21T22:06:39.703+0800: 15.334: [Tenured: 349512K->349501K(349568K), 0.0371040 secs] 506723K->383858K(506816K), [Metaspace: 2817K->2817K(1056768K)], 0.0379750 secs] [Times: user=0.04 sys=0.00, real=0.04 secs] 
2021-01-21T22:06:39.757+0800: 15.388: [Full GC (Allocation Failure) 2021-01-21T22:06:39.758+0800: 15.389: [Tenured: 349501K->349543K(349568K), 0.0403720 secs] 506237K->383255K(506816K), [Metaspace: 2817K->2817K(1056768K)], 0.0412887 secs] [Times: user=0.04 sys=0.00, real=0.05 secs] 
2021-01-21T22:06:39.818+0800: 15.448: [Full GC (Allocation Failure) 2021-01-21T22:06:39.818+0800: 15.449: [Tenured: 349543K->348924K(349568K), 0.0459824 secs] 506687K->381114K(506816K), [Metaspace: 2817K->2817K(1056768K)], 0.0468974 secs] [Times: user=0.05 sys=0.00, real=0.05 secs] 
2021-01-21T22:06:39.881+0800: 15.511: [Full GC (Allocation Failure) 2021-01-21T22:06:39.881+0800: 15.512: [Tenured: 349309K->349389K(349568K), 0.0481255 secs] 506464K->359659K(506816K), [Metaspace: 2817K->2817K(1056768K)], 0.0490967 secs] [Times: user=0.05 sys=0.00, real=0.05 secs] 
2021-01-21T22:06:39.948+0800: 15.579: [Full GC (Allocation Failure) 2021-01-21T22:06:39.949+0800: 15.580: [Tenured: 349515K->349126K(349568K), 0.0291500 secs] 506763K->384494K(506816K), [Metaspace: 2817K->2817K(1056768K)], 0.0300535 secs] [Times: user=0.03 sys=0.00, real=0.03 secs] 
2021-01-21T22:06:39.994+0800: 15.625: [Full GC (Allocation Failure) 2021-01-21T22:06:39.995+0800: 15.625: [Tenured: 349342K->349239K(349568K), 0.0456665 secs] 506545K->378416K(506816K), [Metaspace: 2817K->2817K(1056768K)], 0.0465151 secs] [Times: user=0.05 sys=0.00, real=0.05 secs] 
2021-01-21T22:06:40.057+0800: 15.688: [Full GC (Allocation Failure) 2021-01-21T22:06:40.058+0800: 15.688: [Tenured: 349383K->349145K(349568K), 0.0459726 secs] 506559K->376532K(506816K), [Metaspace: 2817K->2817K(1056768K)], 0.0468200 secs] [Times: user=0.05 sys=0.00, real=0.05 secs] 
2021-01-21T22:06:40.119+0800: 15.749: [Full GC (Allocation Failure) 2021-01-21T22:06:40.119+0800: 15.750: [Tenured: 349553K->349443K(349568K), 0.0482109 secs] 506795K->365583K(506816K), [Metaspace: 2817K->2817K(1056768K)], 0.0490102 secs] [Times: user=0.05 sys=0.00, real=0.04 secs] 
2021-01-21T22:06:40.185+0800: 15.815: [Full GC (Allocation Failure) 2021-01-21T22:06:40.185+0800: 15.816: [Tenured: 349443K->349501K(349568K), 0.0327861 secs] 506611K->383210K(506816K), [Metaspace: 2817K->2817K(1056768K)], 0.0337407 secs] [Times: user=0.03 sys=0.00, real=0.04 secs] 
2021-01-21T22:06:40.234+0800: 15.864: [Full GC (Allocation Failure) 2021-01-21T22:06:40.234+0800: 15.865: [Tenured: 349501K->349470K(349568K), 0.0422177 secs] 506703K->380532K(506816K), [Metaspace: 2817K->2817K(1056768K)], 0.0433431 secs] [Times: user=0.04 sys=0.00, real=0.04 secs] 
2021-01-21T22:06:40.293+0800: 15.924: [Full GC (Allocation Failure) 2021-01-21T22:06:40.294+0800: 15.924: [Tenured: 349470K->349447K(349568K), 0.0427572 secs] 506648K->381107K(506816K), [Metaspace: 2817K->2817K(1056768K)], 0.0437518 secs] [Times: user=0.05 sys=0.00, real=0.04 secs] 
2021-01-21T22:06:40.355+0800: 15.986: [Full GC (Allocation Failure) 2021-01-21T22:06:40.355+0800: 15.986: [Tenured: 349555K->349525K(349568K), 0.0486471 secs] 506774K->365204K(506816K), [Metaspace: 2817K->2817K(1056768K)], 0.0494500 secs] [Times: user=0.05 sys=0.00, real=0.05 secs] 
2021-01-21T22:06:40.421+0800: 16.051: [Full GC (Allocation Failure) 2021-01-21T22:06:40.421+0800: 16.052: [Tenured: 349525K->349537K(349568K), 0.0294767 secs] 506768K->385820K(506816K), [Metaspace: 2817K->2817K(1056768K)], 0.0304501 secs] [Times: user=0.03 sys=0.00, real=0.03 secs] 
2021-01-21T22:06:40.465+0800: 16.096: [Full GC (Allocation Failure) 2021-01-21T22:06:40.466+0800: 16.097: [Tenured: 349537K->349438K(349568K), 0.0371724 secs] 506537K->385727K(506816K), [Metaspace: 2817K->2817K(1056768K)], 0.0380547 secs] [Times: user=0.04 sys=0.00, real=0.04 secs] 
2021-01-21T22:06:40.517+0800: 16.148: [Full GC (Allocation Failure) 2021-01-21T22:06:40.518+0800: 16.148: [Tenured: 349438K->349356K(349568K), 0.0380375 secs] 506534K->378228K(506816K), [Metaspace: 2817K->2817K(1056768K)], 0.0389051 secs] [Times: user=0.04 sys=0.00, real=0.04 secs] 
2021-01-21T22:06:40.573+0800: 16.203: [Full GC (Allocation Failure) 2021-01-21T22:06:40.573+0800: 16.204: [Tenured: 349356K->349480K(349568K), 0.0498825 secs] 506099K->365159K(506816K), [Metaspace: 2817K->2817K(1056768K)], 0.0507767 secs] [Times: user=0.05 sys=0.00, real=0.05 secs] 
2021-01-21T22:06:40.640+0800: 16.271: [Full GC (Allocation Failure) 2021-01-21T22:06:40.640+0800: 16.271: [Tenured: 349516K->349196K(349568K), 0.0349054 secs] 506739K->386800K(506816K), [Metaspace: 2817K->2817K(1056768K)], 0.0358088 secs] [Times: user=0.04 sys=0.00, real=0.03 secs] 
2021-01-21T22:06:40.690+0800: 16.321: [Full GC (Allocation Failure) 2021-01-21T22:06:40.691+0800: 16.321: [Tenured: 349482K->349532K(349568K), 0.0437246 secs] 506728K->390547K(506816K), [Metaspace: 2817K->2817K(1056768K)], 0.0445544 secs] [Times: user=0.04 sys=0.00, real=0.04 secs] 
2021-01-21T22:06:40.750+0800: 16.381: [Full GC (Allocation Failure) 2021-01-21T22:06:40.751+0800: 16.381: [Tenured: 349532K->349547K(349568K), 0.0482237 secs] 506679K->388978K(506816K), [Metaspace: 2817K->2817K(1056768K)], 0.0491736 secs] [Times: user=0.05 sys=0.00, real=0.05 secs] 
2021-01-21T22:06:40.815+0800: 16.446: [Full GC (Allocation Failure) 2021-01-21T22:06:40.816+0800: 16.447: [Tenured: 349547K->349558K(349568K), 0.0528820 secs] 506778K->366338K(506816K), [Metaspace: 2817K->2817K(1056768K)], 0.0537181 secs] [Times: user=0.06 sys=0.00, real=0.06 secs] 
2021-01-21T22:06:40.890+0800: 16.521: [Full GC (Allocation Failure) 2021-01-21T22:06:40.891+0800: 16.521: [Tenured: 349558K->349507K(349568K), 0.0303940 secs] 506716K->389424K(506816K), [Metaspace: 2817K->2817K(1056768K)], 0.0315763 secs] [Times: user=0.03 sys=0.00, real=0.03 secs] 
2021-01-21T22:06:40.937+0800: 16.568: [Full GC (Allocation Failure) 2021-01-21T22:06:40.938+0800: 16.568: [Tenured: 349507K->349093K(349568K), 0.0487194 secs] 506602K->389460K(506816K), [Metaspace: 2817K->2817K(1056768K)], 0.0498881 secs] [Times: user=0.05 sys=0.00, real=0.05 secs] 
2021-01-21T22:06:41.001+0800: 16.632: [Full GC (Allocation Failure) 2021-01-21T22:06:41.002+0800: 16.632: [Tenured: 349536K->349523K(349568K), 0.0455495 secs] 506754K->395203K(506816K), [Metaspace: 2817K->2817K(1056768K)], 0.0466091 secs] [Times: user=0.05 sys=0.00, real=0.04 secs] 
2021-01-21T22:06:41.063+0800: 16.694: [Full GC (Allocation Failure) 2021-01-21T22:06:41.063+0800: 16.694: [Tenured: 349523K->349467K(349568K), 0.0501501 secs] 506551K->376831K(506816K), [Metaspace: 2817K->2817K(1056768K)], 0.0509464 secs] [Times: user=0.05 sys=0.00, real=0.05 secs] 
2021-01-21T22:06:41.129+0800: 16.760: [Full GC (Allocation Failure) 2021-01-21T22:06:41.130+0800: 16.760: [Tenured: 349467K->349464K(349568K), 0.0349442 secs] 506448K->395986K(506816K), [Metaspace: 2817K->2817K(1056768K)], 0.0359200 secs] [Times: user=0.03 sys=0.00, real=0.03 secs] 
2021-01-21T22:06:41.179+0800: 16.809: [Full GC (Allocation Failure) 2021-01-21T22:06:41.179+0800: 16.810: [Tenured: 349464K->349546K(349568K), 0.0428134 secs] 506669K->397855K(506816K), [Metaspace: 2817K->2817K(1056768K)], 0.0436136 secs] [Times: user=0.04 sys=0.00, real=0.04 secs] 
2021-01-21T22:06:41.235+0800: 16.866: [Full GC (Allocation Failure) 2021-01-21T22:06:41.236+0800: 16.866: [Tenured: 349546K->349262K(349568K), 0.0430497 secs] 506756K->398893K(506816K), [Metaspace: 2817K->2817K(1056768K)], 0.0438361 secs] [Times: user=0.04 sys=0.00, real=0.05 secs] 
2021-01-21T22:06:41.293+0800: 16.923: [Full GC (Allocation Failure) 2021-01-21T22:06:41.293+0800: 16.924: [Tenured: 349262K->349025K(349568K), 0.0475253 secs] 506241K->383997K(506816K), [Metaspace: 2817K->2817K(1056768K)], 0.0484671 secs] [Times: user=0.04 sys=0.00, real=0.05 secs] 
2021-01-21T22:06:41.357+0800: 16.988: [Full GC (Allocation Failure) 2021-01-21T22:06:41.357+0800: 16.988: [Tenured: 349358K->349331K(349568K), 0.0309852 secs] 506601K->398474K(506816K), [Metaspace: 2817K->2817K(1056768K)], 0.0318849 secs] [Times: user=0.03 sys=0.00, real=0.04 secs] 
2021-01-21T22:06:41.402+0800: 17.032: [Full GC (Allocation Failure) 2021-01-21T22:06:41.402+0800: 17.033: [Tenured: 349406K->349502K(349568K), 0.0411493 secs] 506602K->395376K(506816K), [Metaspace: 2817K->2817K(1056768K)], 0.0421086 secs] [Times: user=0.04 sys=0.00, real=0.04 secs] 
2021-01-21T22:06:41.457+0800: 17.088: [Full GC (Allocation Failure) 2021-01-21T22:06:41.458+0800: 17.089: [Tenured: 349502K->349361K(349568K), 0.0421767 secs] 506482K->391721K(506816K), [Metaspace: 2817K->2817K(1056768K)], 0.0435146 secs] [Times: user=0.04 sys=0.00, real=0.05 secs] 
2021-01-21T22:06:41.516+0800: 17.147: [Full GC (Allocation Failure) 2021-01-21T22:06:41.516+0800: 17.147: [Tenured: 349361K->349377K(349568K), 0.0540487 secs] 506571K->370434K(506816K), [Metaspace: 2817K->2817K(1056768K)], 0.0549190 secs] [Times: user=0.06 sys=0.00, real=0.06 secs] 
2021-01-21T22:06:41.591+0800: 17.221: [Full GC (Allocation Failure) 2021-01-21T22:06:41.591+0800: 17.222: [Tenured: 349377K->349553K(349568K), 0.0350928 secs] 506448K->388146K(506816K), [Metaspace: 2817K->2817K(1056768K)], 0.0362326 secs] [Times: user=0.03 sys=0.00, real=0.03 secs] 
2021-01-21T22:06:41.643+0800: 17.274: [Full GC (Allocation Failure) 2021-01-21T22:06:41.644+0800: 17.275: [Tenured: 349553K->348970K(349568K), 0.0438200 secs] 506560K->389001K(506816K), [Metaspace: 2817K->2817K(1056768K)], 0.0448065 secs] [Times: user=0.04 sys=0.00, real=0.05 secs] 
2021-01-21T22:06:41.706+0800: 17.337: [Full GC (Allocation Failure) 2021-01-21T22:06:41.707+0800: 17.337: [Tenured: 348970K->348914K(349568K), 0.0538066 secs] 506017K->394872K(506816K), [Metaspace: 2817K->2817K(1056768K)], 0.0548174 secs] [Times: user=0.05 sys=0.00, real=0.06 secs] 
2021-01-21T22:06:41.778+0800: 17.409: [Full GC (Allocation Failure) 2021-01-21T22:06:41.779+0800: 17.410: [Tenured: 349534K->349441K(349568K), 0.0588298 secs] 506747K->376102K(506816K), [Metaspace: 2817K->2817K(1056768K)], 0.0597347 secs] [Times: user=0.06 sys=0.00, real=0.06 secs] 
2021-01-21T22:06:41.855+0800: 17.486: [Full GC (Allocation Failure) 2021-01-21T22:06:41.855+0800: 17.486: [Tenured: 349441K->349350K(349568K), 0.0311213 secs] 506395K->397320K(506816K), [Metaspace: 2817K->2817K(1056768K)], 0.0319119 secs] [Times: user=0.04 sys=0.00, real=0.03 secs] 
2021-01-21T22:06:41.903+0800: 17.534: [Full GC (Allocation Failure) 2021-01-21T22:06:41.903+0800: 17.534: [Tenured: 349566K->349521K(349568K), 0.0425456 secs] 506786K->395156K(506816K), [Metaspace: 2817K->2817K(1056768K)], 0.0434423 secs] [Times: user=0.04 sys=0.00, real=0.04 secs] 
2021-01-21T22:06:41.961+0800: 17.592: [Full GC (Allocation Failure) 2021-01-21T22:06:41.961+0800: 17.592: [Tenured: 349521K->349326K(349568K), 0.0439283 secs] 506286K->393026K(506816K), [Metaspace: 2817K->2817K(1056768K)], 0.0448015 secs] [Times: user=0.04 sys=0.00, real=0.04 secs] 
2021-01-21T22:06:42.019+0800: 17.650: [Full GC (Allocation Failure) 2021-01-21T22:06:42.020+0800: 17.650: [Tenured: 349326K->349521K(349568K), 0.0521801 secs] 506552K->379902K(506816K), [Metaspace: 2817K->2817K(1056768K)], 0.0532511 secs] [Times: user=0.06 sys=0.00, real=0.05 secs] 
2021-01-21T22:06:42.090+0800: 17.721: [Full GC (Allocation Failure) 2021-01-21T22:06:42.091+0800: 17.721: [Tenured: 349521K->349444K(349568K), 0.0357436 secs] 506497K->385237K(506816K), [Metaspace: 2817K->2817K(1056768K)], 0.0366488 secs] [Times: user=0.04 sys=0.00, real=0.03 secs] 
2021-01-21T22:06:42.142+0800: 17.773: [Full GC (Allocation Failure) 2021-01-21T22:06:42.143+0800: 17.774: [Tenured: 349516K->349416K(349568K), 0.0410774 secs] 506722K->387989K(506816K), [Metaspace: 2817K->2817K(1056768K)], 0.0421504 secs] [Times: user=0.05 sys=0.00, real=0.04 secs] 
2021-01-21T22:06:42.198+0800: 17.829: [Full GC (Allocation Failure) 2021-01-21T22:06:42.198+0800: 17.829: [Tenured: 349532K->349529K(349568K), 0.0443530 secs] 506703K->401291K(506816K), [Metaspace: 2817K->2817K(1056768K)], 0.0452184 secs] [Times: user=0.04 sys=0.00, real=0.05 secs] 
2021-01-21T22:06:42.258+0800: 17.889: [Full GC (Allocation Failure) 2021-01-21T22:06:42.259+0800: 17.890: [Tenured: 349529K->349450K(349568K), 0.0580153 secs] 506600K->380103K(506816K), [Metaspace: 2817K->2817K(1056768K)], 0.0589227 secs] [Times: user=0.06 sys=0.00, real=0.05 secs] 
2021-01-21T22:06:42.333+0800: 17.964: [Full GC (Allocation Failure) 2021-01-21T22:06:42.334+0800: 17.964: [Tenured: 349534K->349562K(349568K), 0.0347341 secs] 506773K->396686K(506816K), [Metaspace: 2817K->2817K(1056768K)], 0.0355123 secs] [Times: user=0.04 sys=0.00, real=0.04 secs] 
2021-01-21T22:06:42.381+0800: 18.011: [Full GC (Allocation Failure) 2021-01-21T22:06:42.381+0800: 18.012: [Tenured: 349562K->349335K(349568K), 0.0381999 secs] 506791K->397320K(506816K), [Metaspace: 2817K->2817K(1056768K)], 0.0390414 secs] [Times: user=0.04 sys=0.00, real=0.04 secs] 
2021-01-21T22:06:42.433+0800: 18.064: [Full GC (Allocation Failure) 2021-01-21T22:06:42.434+0800: 18.064: [Tenured: 349386K->349426K(349568K), 0.0435284 secs] 506627K->394696K(506816K), [Metaspace: 2817K->2817K(1056768K)], 0.0443806 secs] [Times: user=0.04 sys=0.00, real=0.04 secs] 
2021-01-21T22:06:42.490+0800: 18.121: [Full GC (Allocation Failure) 2021-01-21T22:06:42.491+0800: 18.122: [Tenured: 349426K->349478K(349568K), 0.0458841 secs] 506451K->381684K(506816K), [Metaspace: 2817K->2817K(1056768K)], 0.0469020 secs] [Times: user=0.05 sys=0.00, real=0.04 secs] 
2021-01-21T22:06:42.553+0800: 18.184: [Full GC (Allocation Failure) 2021-01-21T22:06:42.554+0800: 18.184: [Tenured: 349478K->348885K(349568K), 0.0262252 secs] 506626K->397154K(506816K), [Metaspace: 2817K->2817K(1056768K)], 0.0271426 secs] [Times: user=0.02 sys=0.00, real=0.03 secs] 
2021-01-21T22:06:42.595+0800: 18.225: [Full GC (Allocation Failure) 2021-01-21T22:06:42.595+0800: 18.226: [Tenured: 348922K->349271K(349568K), 0.0348755 secs] 506153K->397290K(506816K), [Metaspace: 2817K->2817K(1056768K)], 0.0356858 secs] [Times: user=0.03 sys=0.00, real=0.04 secs] 
2021-01-21T22:06:42.642+0800: 18.272: [Full GC (Allocation Failure) 2021-01-21T22:06:42.642+0800: 18.273: [Tenured: 349528K->349480K(349568K), 0.0406316 secs] 506717K->392959K(506816K), [Metaspace: 2817K->2817K(1056768K)], 0.0414876 secs] [Times: user=0.04 sys=0.00, real=0.04 secs] 
2021-01-21T22:06:42.697+0800: 18.328: [Full GC (Allocation Failure) 2021-01-21T22:06:42.698+0800: 18.329: [Tenured: 349480K->349454K(349568K), 0.0466552 secs] 506010K->365943K(506816K), [Metaspace: 2817K->2817K(1056768K)], 0.0475030 secs] [Times: user=0.03 sys=0.01, real=0.05 secs] 
2021-01-21T22:06:42.761+0800: 18.392: [Full GC (Allocation Failure) 2021-01-21T22:06:42.762+0800: 18.392: [Tenured: 349564K->349346K(349568K), 0.0322094 secs] 506802K->381424K(506816K), [Metaspace: 2817K->2817K(1056768K)], 0.0331278 secs] [Times: user=0.03 sys=0.00, real=0.03 secs] 
2021-01-21T22:06:42.806+0800: 18.437: [Full GC (Allocation Failure) 2021-01-21T22:06:42.807+0800: 18.438: [Tenured: 349346K->348906K(349568K), 0.0402522 secs] 506434K->382077K(506816K), [Metaspace: 2817K->2817K(1056768K)], 0.0412303 secs] [Times: user=0.04 sys=0.00, real=0.04 secs] 
2021-01-21T22:06:42.863+0800: 18.494: [Full GC (Allocation Failure) 2021-01-21T22:06:42.864+0800: 18.494: [Tenured: 349299K->349031K(349568K), 0.0432745 secs] 506281K->383814K(506816K), [Metaspace: 2817K->2817K(1056768K)], 0.0441525 secs] [Times: user=0.04 sys=0.00, real=0.04 secs] 
2021-01-21T22:06:42.922+0800: 18.553: [Full GC (Allocation Failure) 2021-01-21T22:06:42.923+0800: 18.553: [Tenured: 349511K->349559K(349568K), 0.0528112 secs] 506758K->374700K(506816K), [Metaspace: 2817K->2817K(1056768K)], 0.0538013 secs] [Times: user=0.06 sys=0.00, real=0.05 secs] 
2021-01-21T22:06:42.992+0800: 18.623: [Full GC (Allocation Failure) 2021-01-21T22:06:42.993+0800: 18.623: [Tenured: 349559K->349554K(349568K), 0.0339292 secs] 506563K->388038K(506816K), [Metaspace: 2817K->2817K(1056768K)], 0.0349653 secs] [Times: user=0.04 sys=0.00, real=0.03 secs] 
2021-01-21T22:06:43.042+0800: 18.673: [Full GC (Allocation Failure) 2021-01-21T22:06:43.042+0800: 18.673: [Tenured: 349554K->349504K(349568K), 0.0390114 secs] 506419K->383099K(506816K), [Metaspace: 2817K->2817K(1056768K)], 0.0400074 secs] [Times: user=0.04 sys=0.00, real=0.04 secs] 
2021-01-21T22:06:43.097+0800: 18.728: [Full GC (Allocation Failure) 2021-01-21T22:06:43.098+0800: 18.728: [Tenured: 349504K->349510K(349568K), 0.0438200 secs] 506467K->389080K(506816K), [Metaspace: 2817K->2817K(1056768K)], 0.0447354 secs] [Times: user=0.05 sys=0.00, real=0.05 secs] 
2021-01-21T22:06:43.156+0800: 18.787: [Full GC (Allocation Failure) 2021-01-21T22:06:43.156+0800: 18.787: [Tenured: 349542K->349037K(349568K), 0.0463329 secs] 506780K->371693K(506816K), [Metaspace: 2817K->2817K(1056768K)], 0.0471647 secs] [Times: user=0.05 sys=0.00, real=0.05 secs] 
2021-01-21T22:06:43.218+0800: 18.849: [Full GC (Allocation Failure) 2021-01-21T22:06:43.219+0800: 18.849: [Tenured: 349289K->349422K(349568K), 0.0343593 secs] 506524K->389667K(506816K), [Metaspace: 2817K->2817K(1056768K)], 0.0350859 secs] [Times: user=0.04 sys=0.00, real=0.03 secs] 
2021-01-21T22:06:43.267+0800: 18.898: [Full GC (Allocation Failure) 2021-01-21T22:06:43.268+0800: 18.899: [Tenured: 349486K->349322K(349568K), 0.0407405 secs] 506702K->386052K(506816K), [Metaspace: 2817K->2817K(1056768K)], 0.0416180 secs] [Times: user=0.04 sys=0.00, real=0.05 secs] 
2021-01-21T22:06:43.324+0800: 18.954: [Full GC (Allocation Failure) 2021-01-21T22:06:43.324+0800: 18.955: [Tenured: 349448K->349404K(349568K), 0.0430884 secs] 506669K->383106K(506816K), [Metaspace: 2817K->2817K(1056768K)], 0.0440000 secs] [Times: user=0.05 sys=0.00, real=0.04 secs] 
2021-01-21T22:06:43.383+0800: 19.014: [Full GC (Allocation Failure) 2021-01-21T22:06:43.384+0800: 19.014: [Tenured: 349476K->349558K(349568K), 0.0558414 secs] 506680K->366144K(506816K), [Metaspace: 2817K->2817K(1056768K)], 0.0567682 secs] [Times: user=0.06 sys=0.00, real=0.06 secs] 
2021-01-21T22:06:43.460+0800: 19.090: [Full GC (Allocation Failure) 2021-01-21T22:06:43.460+0800: 19.091: [Tenured: 349558K->348888K(349568K), 0.0355170 secs] 506371K->385864K(506816K), [Metaspace: 2817K->2817K(1056768K)], 0.0365073 secs] [Times: user=0.03 sys=0.00, real=0.03 secs] 
2021-01-21T22:06:43.511+0800: 19.142: [Full GC (Allocation Failure) 2021-01-21T22:06:43.512+0800: 19.143: [Tenured: 349428K->349277K(349568K), 0.0403245 secs] 506647K->383288K(506816K), [Metaspace: 2817K->2817K(1056768K)], 0.0411970 secs] [Times: user=0.04 sys=0.00, real=0.04 secs] 
2021-01-21T22:06:43.567+0800: 19.198: [Full GC (Allocation Failure) 2021-01-21T22:06:43.568+0800: 19.198: [Tenured: 349277K->349105K(349568K), 0.0409153 secs] 506391K->383955K(506816K), [Metaspace: 2817K->2817K(1056768K)], 0.0417914 secs] [Times: user=0.04 sys=0.00, real=0.05 secs] 
2021-01-21T22:06:43.625+0800: 19.255: [Full GC (Allocation Failure) 2021-01-21T22:06:43.625+0800: 19.256: [Tenured: 349451K->349476K(349568K), 0.0469694 secs] 506669K->371803K(506816K), [Metaspace: 2817K->2817K(1056768K)], 0.0481014 secs] [Times: user=0.04 sys=0.00, real=0.05 secs] 
2021-01-21T22:06:43.688+0800: 19.318: [Full GC (Allocation Failure) 2021-01-21T22:06:43.688+0800: 19.319: [Tenured: 349476K->348983K(349568K), 0.0338904 secs] 506376K->384116K(506816K), [Metaspace: 2817K->2817K(1056768K)], 0.0348095 secs] [Times: user=0.03 sys=0.00, real=0.04 secs] 
2021-01-21T22:06:43.738+0800: 19.368: [Full GC (Allocation Failure) 2021-01-21T22:06:43.738+0800: 19.369: [Tenured: 349415K->349395K(349568K), 0.0425081 secs] 506557K->388348K(506816K), [Metaspace: 2817K->2817K(1056768K)], 0.0433836 secs] [Times: user=0.04 sys=0.00, real=0.05 secs] 
2021-01-21T22:06:43.796+0800: 19.427: [Full GC (Allocation Failure) 2021-01-21T22:06:43.796+0800: 19.427: [Tenured: 349395K->349517K(349568K), 0.0444343 secs] 506526K->387330K(506816K), [Metaspace: 2817K->2817K(1056768K)], 0.0454361 secs] [Times: user=0.05 sys=0.00, real=0.05 secs] 
2021-01-21T22:06:43.860+0800: 19.491: [Full GC (Allocation Failure) 2021-01-21T22:06:43.860+0800: 19.491: [Tenured: 349517K->348835K(349568K), 0.0500862 secs] 506453K->366765K(506816K), [Metaspace: 2817K->2817K(1056768K)], 0.0510048 secs] [Times: user=0.05 sys=0.00, real=0.05 secs] 
2021-01-21T22:06:43.925+0800: 19.556: [Full GC (Allocation Failure) 2021-01-21T22:06:43.925+0800: 19.556: [Tenured: 349306K->349401K(349568K), 0.0301040 secs] 506547K->384772K(506816K), [Metaspace: 2817K->2817K(1056768K)], 0.0310937 secs] [Times: user=0.03 sys=0.00, real=0.03 secs] 
2021-01-21T22:06:43.971+0800: 19.601: [Full GC (Allocation Failure) 2021-01-21T22:06:43.971+0800: 19.602: [Tenured: 349473K->349475K(349568K), 0.0400940 secs] 506704K->385787K(506816K), [Metaspace: 2817K->2817K(1056768K)], 0.0410557 secs] [Times: user=0.04 sys=0.00, real=0.04 secs] 
2021-01-21T22:06:44.027+0800: 19.658: [Full GC (Allocation Failure) 2021-01-21T22:06:44.028+0800: 19.658: [Tenured: 349475K->349476K(349568K), 0.0430016 secs] 506437K->389544K(506816K), [Metaspace: 2817K->2817K(1056768K)], 0.0438286 secs] [Times: user=0.04 sys=0.00, real=0.05 secs] 
2021-01-21T22:06:44.085+0800: 19.716: [Full GC (Allocation Failure) 2021-01-21T22:06:44.085+0800: 19.716: [Tenured: 349476K->349541K(349568K), 0.0457328 secs] 506653K->371058K(506816K), [Metaspace: 2817K->2817K(1056768K)], 0.0477096 secs] [Times: user=0.04 sys=0.00, real=0.05 secs] 
2021-01-21T22:06:44.152+0800: 19.783: [Full GC (Allocation Failure) 2021-01-21T22:06:44.153+0800: 19.784: [Tenured: 349541K->348801K(349568K), 0.0318300 secs] 506700K->390234K(506816K), [Metaspace: 2817K->2817K(1056768K)], 0.0327250 secs] [Times: user=0.03 sys=0.00, real=0.03 secs] 
2021-01-21T22:06:44.199+0800: 19.830: [Full GC (Allocation Failure) 2021-01-21T22:06:44.200+0800: 19.830: [Tenured: 349357K->349360K(349568K), 0.0394349 secs] 506598K->386850K(506816K), [Metaspace: 2817K->2817K(1056768K)], 0.0403690 secs] [Times: user=0.04 sys=0.00, real=0.04 secs] 
2021-01-21T22:06:44.254+0800: 19.885: [Full GC (Allocation Failure) 2021-01-21T22:06:44.254+0800: 19.885: [Tenured: 349432K->349074K(349568K), 0.0435476 secs] 506642K->388857K(506816K), [Metaspace: 2817K->2817K(1056768K)], 0.0445243 secs] [Times: user=0.04 sys=0.00, real=0.05 secs] 
2021-01-21T22:06:44.313+0800: 19.944: [Full GC (Allocation Failure) 2021-01-21T22:06:44.314+0800: 19.944: [Tenured: 349074K->349083K(349568K), 0.0500132 secs] 505670K->375509K(506816K), [Metaspace: 2817K->2817K(1056768K)], 0.0509334 secs] [Times: user=0.05 sys=0.00, real=0.05 secs] 
2021-01-21T22:06:44.380+0800: 20.010: [Full GC (Allocation Failure) 2021-01-21T22:06:44.380+0800: 20.011: [Tenured: 349083K->349314K(349568K), 0.0345983 secs] 505717K->384092K(506816K), [Metaspace: 2817K->2817K(1056768K)], 0.0355646 secs] [Times: user=0.03 sys=0.00, real=0.03 secs] 
2021-01-21T22:06:44.430+0800: 20.061: [Full GC (Allocation Failure) 2021-01-21T22:06:44.431+0800: 20.062: [Tenured: 349314K->349535K(349568K), 0.0379559 secs] 506261K->384178K(506816K), [Metaspace: 2817K->2817K(1056768K)], 0.0387711 secs] [Times: user=0.04 sys=0.00, real=0.04 secs] 
2021-01-21T22:06:44.484+0800: 20.115: [Full GC (Allocation Failure) 2021-01-21T22:06:44.485+0800: 20.115: [Tenured: 349535K->349449K(349568K), 0.0472817 secs] 506762K->384601K(506816K), [Metaspace: 2817K->2817K(1056768K)], 0.0481691 secs] [Times: user=0.05 sys=0.00, real=0.05 secs] 
2021-01-21T22:06:44.549+0800: 20.180: [Full GC (Allocation Failure) 2021-01-21T22:06:44.549+0800: 20.180: [Tenured: 349449K->349555K(349568K), 0.0498123 secs] 506688K->375491K(506816K), [Metaspace: 2817K->2817K(1056768K)], 0.0504573 secs] [Times: user=0.05 sys=0.00, real=0.05 secs] 
2021-01-21T22:06:44.615+0800: 20.246: [Full GC (Allocation Failure) 2021-01-21T22:06:44.615+0800: 20.246: [Tenured: 349555K->349390K(349568K), 0.0332476 secs] 506659K->396951K(506816K), [Metaspace: 2817K->2817K(1056768K)], 0.0340996 secs] [Times: user=0.03 sys=0.00, real=0.04 secs] 
2021-01-21T22:06:44.662+0800: 20.293: [Full GC (Allocation Failure) 2021-01-21T22:06:44.662+0800: 20.293: [Tenured: 349390K->349236K(349568K), 0.0378363 secs] 506367K->392786K(506816K), [Metaspace: 2817K->2817K(1056768K)], 0.0387587 secs] [Times: user=0.04 sys=0.00, real=0.04 secs] 
2021-01-21T22:06:44.714+0800: 20.344: [Full GC (Allocation Failure) 2021-01-21T22:06:44.714+0800: 20.345: [Tenured: 349315K->349545K(349568K), 0.0450387 secs] 506553K->393995K(506816K), [Metaspace: 2817K->2817K(1056768K)], 0.0458990 secs] [Times: user=0.05 sys=0.00, real=0.05 secs] 
2021-01-21T22:06:44.773+0800: 20.404: [Full GC (Allocation Failure) 2021-01-21T22:06:44.774+0800: 20.404: [Tenured: 349545K->349359K(349568K), 0.0480389 secs] 506632K->384359K(506816K), [Metaspace: 2817K->2817K(1056768K)], 0.0492721 secs] [Times: user=0.05 sys=0.00, real=0.05 secs] 
2021-01-21T22:06:44.837+0800: 20.468: [Full GC (Allocation Failure) 2021-01-21T22:06:44.838+0800: 20.468: [Tenured: 349359K->349553K(349568K), 0.0339752 secs] 506592K->402528K(506816K), [Metaspace: 2817K->2817K(1056768K)], 0.0350030 secs] [Times: user=0.04 sys=0.00, real=0.04 secs] 
2021-01-21T22:06:44.886+0800: 20.517: [Full GC (Allocation Failure) 2021-01-21T22:06:44.887+0800: 20.518: [Tenured: 349553K->349080K(349568K), 0.0406337 secs] 506372K->404210K(506816K), [Metaspace: 2817K->2817K(1056768K)], 0.0415164 secs] [Times: user=0.04 sys=0.00, real=0.05 secs] 
2021-01-21T22:06:44.941+0800: 20.571: [Full GC (Allocation Failure) 2021-01-21T22:06:44.941+0800: 20.572: [Tenured: 349479K->349530K(349568K), 0.0453346 secs] 506722K->403980K(506816K), [Metaspace: 2817K->2817K(1056768K)], 0.0465467 secs] [Times: user=0.05 sys=0.00, real=0.04 secs] 
2021-01-21T22:06:45.001+0800: 20.632: [Full GC (Allocation Failure) 2021-01-21T22:06:45.001+0800: 20.632: [Tenured: 349530K->349536K(349568K), 0.0506575 secs] 506585K->384237K(506816K), [Metaspace: 2817K->2817K(1056768K)], 0.0515060 secs] [Times: user=0.05 sys=0.00, real=0.05 secs] 
2021-01-21T22:06:45.068+0800: 20.699: [Full GC (Allocation Failure) 2021-01-21T22:06:45.068+0800: 20.699: [Tenured: 349536K->349249K(349568K), 0.0321277 secs] 506481K->401710K(506816K), [Metaspace: 2817K->2817K(1056768K)], 0.0330331 secs] [Times: user=0.03 sys=0.00, real=0.04 secs] 
2021-01-21T22:06:45.114+0800: 20.745: [Full GC (Allocation Failure) 2021-01-21T22:06:45.115+0800: 20.745: [Tenured: 349249K->349280K(349568K), 0.0425002 secs] 506080K->397535K(506816K), [Metaspace: 2817K->2817K(1056768K)], 0.0434905 secs] [Times: user=0.05 sys=0.00, real=0.04 secs] 
2021-01-21T22:06:45.170+0800: 20.801: [Full GC (Allocation Failure) 2021-01-21T22:06:45.170+0800: 20.801: [Tenured: 349280K->349475K(349568K), 0.0450922 secs] 506222K->398066K(506816K), [Metaspace: 2817K->2817K(1056768K)], 0.0459725 secs] [Times: user=0.04 sys=0.00, real=0.04 secs] 
2021-01-21T22:06:45.230+0800: 20.860: [Full GC (Allocation Failure) 2021-01-21T22:06:45.230+0800: 20.861: [Tenured: 349475K->349215K(349568K), 0.0492805 secs] 506561K->383612K(506816K), [Metaspace: 2817K->2817K(1056768K)], 0.0501296 secs] [Times: user=0.04 sys=0.00, real=0.05 secs] 
2021-01-21T22:06:45.294+0800: 20.925: [Full GC (Allocation Failure) 2021-01-21T22:06:45.295+0800: 20.926: [Tenured: 349215K->349325K(349568K), 0.0301276 secs] 506072K->403727K(506816K), [Metaspace: 2817K->2817K(1056768K)], 0.0310384 secs] [Times: user=0.03 sys=0.00, real=0.03 secs] 
2021-01-21T22:06:45.337+0800: 20.968: [Full GC (Allocation Failure) 2021-01-21T22:06:45.338+0800: 20.969: [Tenured: 349406K->349520K(349568K), 0.0415127 secs] 506577K->402074K(506816K), [Metaspace: 2817K->2817K(1056768K)], 0.0424414 secs] [Times: user=0.04 sys=0.00, real=0.05 secs] 
2021-01-21T22:06:45.394+0800: 21.024: [Full GC (Allocation Failure) 2021-01-21T22:06:45.394+0800: 21.025: [Tenured: 349520K->349562K(349568K), 0.0423855 secs] 506635K->398812K(506816K), [Metaspace: 2817K->2817K(1056768K)], 0.0432082 secs] [Times: user=0.05 sys=0.00, real=0.04 secs] 
2021-01-21T22:06:45.451+0800: 21.081: [Full GC (Allocation Failure) 2021-01-21T22:06:45.451+0800: 21.082: [Tenured: 349562K->349542K(349568K), 0.0485258 secs] 506298K->375683K(506816K), [Metaspace: 2817K->2817K(1056768K)], 0.0495496 secs] [Times: user=0.05 sys=0.00, real=0.05 secs] 
2021-01-21T22:06:45.516+0800: 21.147: [Full GC (Allocation Failure) 2021-01-21T22:06:45.516+0800: 21.147: [Tenured: 349542K->349519K(349568K), 0.0350528 secs] 506784K->392925K(506816K), [Metaspace: 2817K->2817K(1056768K)], 0.0358973 secs] [Times: user=0.04 sys=0.00, real=0.04 secs] 
2021-01-21T22:06:45.566+0800: 21.197: [Full GC (Allocation Failure) 2021-01-21T22:06:45.566+0800: 21.197: [Tenured: 349519K->349494K(349568K), 0.0410018 secs] 506662K->383927K(506816K), [Metaspace: 2817K->2817K(1056768K)], 0.0420939 secs] [Times: user=0.04 sys=0.00, real=0.05 secs] 
2021-01-21T22:06:45.626+0800: 21.256: [Full GC (Allocation Failure) 2021-01-21T22:06:45.626+0800: 21.257: [Tenured: 349494K->349045K(349568K), 0.0480418 secs] 506631K->381013K(506816K), [Metaspace: 2817K->2817K(1056768K)], 0.0489091 secs] [Times: user=0.05 sys=0.00, real=0.05 secs] 
2021-01-21T22:06:45.692+0800: 21.323: [Full GC (Allocation Failure) 2021-01-21T22:06:45.692+0800: 21.323: [Tenured: 349533K->349056K(349568K), 0.0478288 secs] 506772K->367225K(506816K), [Metaspace: 2817K->2817K(1056768K)], 0.0486526 secs] [Times: user=0.05 sys=0.00, real=0.05 secs] 
2021-01-21T22:06:45.756+0800: 21.387: [Full GC (Allocation Failure) 2021-01-21T22:06:45.757+0800: 21.388: [Tenured: 349365K->349395K(349568K), 0.0271161 secs] 506450K->385372K(506816K), [Metaspace: 2817K->2817K(1056768K)], 0.0280157 secs] [Times: user=0.02 sys=0.00, real=0.03 secs] 
2021-01-21T22:06:45.799+0800: 21.430: [Full GC (Allocation Failure) 2021-01-21T22:06:45.800+0800: 21.430: [Tenured: 349395K->349391K(349568K), 0.0368759 secs] 506511K->382478K(506816K), [Metaspace: 2817K->2817K(1056768K)], 0.0378225 secs] [Times: user=0.04 sys=0.00, real=0.03 secs] 
2021-01-21T22:06:45.854+0800: 21.484: [Full GC (Allocation Failure) 2021-01-21T22:06:45.854+0800: 21.485: [Tenured: 349391K->349147K(349568K), 0.0433054 secs] 506636K->384819K(506816K), [Metaspace: 2817K->2817K(1056768K)], 0.0441732 secs] [Times: user=0.05 sys=0.00, real=0.05 secs] 
2021-01-21T22:06:45.913+0800: 21.544: [Full GC (Allocation Failure) 2021-01-21T22:06:45.914+0800: 21.544: [Tenured: 349559K->349371K(349568K), 0.0465510 secs] 506775K->363934K(506816K), [Metaspace: 2817K->2817K(1056768K)], 0.0473757 secs] [Times: user=0.05 sys=0.00, real=0.05 secs] 
2021-01-21T22:06:45.977+0800: 21.608: [Full GC (Allocation Failure) 2021-01-21T22:06:45.977+0800: 21.608: [Tenured: 349516K->349419K(349568K), 0.0331823 secs] 506752K->385768K(506816K), [Metaspace: 2817K->2817K(1056768K)], 0.0340464 secs] [Times: user=0.04 sys=0.00, real=0.04 secs] 
2021-01-21T22:06:46.027+0800: 21.658: [Full GC (Allocation Failure) 2021-01-21T22:06:46.028+0800: 21.658: [Tenured: 349545K->349363K(349568K), 0.0412461 secs] 506792K->387734K(506816K), [Metaspace: 2817K->2817K(1056768K)], 0.0422353 secs] [Times: user=0.04 sys=0.00, real=0.05 secs] 
2021-01-21T22:06:46.084+0800: 21.714: [Full GC (Allocation Failure) 2021-01-21T22:06:46.084+0800: 21.715: [Tenured: 349363K->349524K(349568K), 0.0436528 secs] 506111K->393090K(506816K), [Metaspace: 2817K->2817K(1056768K)], 0.0445581 secs] [Times: user=0.04 sys=0.00, real=0.05 secs] 
2021-01-21T22:06:46.142+0800: 21.773: [Full GC (Allocation Failure) 2021-01-21T22:06:46.143+0800: 21.773: [Tenured: 349524K->349449K(349568K), 0.0526198 secs] 506681K->373162K(506816K), [Metaspace: 2817K->2817K(1056768K)], 0.0535663 secs] [Times: user=0.06 sys=0.00, real=0.05 secs] 
2021-01-21T22:06:46.218+0800: 21.849: [Full GC (Allocation Failure) 2021-01-21T22:06:46.219+0800: 21.849: [Tenured: 349449K->349490K(349568K), 0.0355516 secs] 506592K->388097K(506816K), [Metaspace: 2817K->2817K(1056768K)], 0.0365668 secs] [Times: user=0.03 sys=0.00, real=0.04 secs] 
2021-01-21T22:06:46.271+0800: 21.902: [Full GC (Allocation Failure) 2021-01-21T22:06:46.271+0800: 21.902: [Tenured: 349490K->349373K(349568K), 0.0503518 secs] 506696K->394251K(506816K), [Metaspace: 2817K->2817K(1056768K)], 0.0513129 secs] [Times: user=0.05 sys=0.00, real=0.05 secs] 
2021-01-21T22:06:46.338+0800: 21.969: [Full GC (Allocation Failure) 2021-01-21T22:06:46.339+0800: 21.970: [Tenured: 349494K->349408K(349568K), 0.0562708 secs] 506695K->389731K(506816K), [Metaspace: 2817K->2817K(1056768K)], 0.0572032 secs] [Times: user=0.06 sys=0.00, real=0.05 secs] 
2021-01-21T22:06:46.412+0800: 22.042: [Full GC (Allocation Failure) 2021-01-21T22:06:46.412+0800: 22.043: [Tenured: 349535K->348842K(349568K), 0.0658538 secs] 506771K->370964K(506816K), [Metaspace: 2817K->2817K(1056768K)], 0.0668057 secs] [Times: user=0.06 sys=0.00, real=0.07 secs] 
2021-01-21T22:06:46.495+0800: 22.126: [Full GC (Allocation Failure) 2021-01-21T22:06:46.496+0800: 22.127: [Tenured: 349476K->349540K(349568K), 0.0340134 secs] 506723K->387000K(506816K), [Metaspace: 2817K->2817K(1056768K)], 0.0348211 secs] [Times: user=0.03 sys=0.00, real=0.04 secs] 
2021-01-21T22:06:46.545+0800: 22.175: [Full GC (Allocation Failure) 2021-01-21T22:06:46.545+0800: 22.176: [Tenured: 349540K->349461K(349568K), 0.0403587 secs] 506638K->389905K(506816K), [Metaspace: 2817K->2817K(1056768K)], 0.0412355 secs] [Times: user=0.04 sys=0.00, real=0.04 secs] 
2021-01-21T22:06:46.601+0800: 22.232: [Full GC (Allocation Failure) 2021-01-21T22:06:46.601+0800: 22.232: [Tenured: 349461K->349441K(349568K), 0.0501906 secs] 506655K->387701K(506816K), [Metaspace: 2817K->2817K(1056768K)], 0.0510617 secs] [Times: user=0.05 sys=0.00, real=0.05 secs] 
2021-01-21T22:06:46.668+0800: 22.299: [Full GC (Allocation Failure) 2021-01-21T22:06:46.669+0800: 22.299: [Tenured: 349441K->349106K(349568K), 0.0505085 secs] 506596K->373882K(506816K), [Metaspace: 2817K->2817K(1056768K)], 0.0513824 secs] [Times: user=0.05 sys=0.00, real=0.06 secs] 
2021-01-21T22:06:46.737+0800: 22.368: [Full GC (Allocation Failure) 2021-01-21T22:06:46.737+0800: 22.368: [Tenured: 349106K->349545K(349568K), 0.0414397 secs] 505869K->390366K(506816K), [Metaspace: 2817K->2817K(1056768K)], 0.0426013 secs] [Times: user=0.05 sys=0.00, real=0.05 secs] 
2021-01-21T22:06:46.794+0800: 22.425: [Full GC (Allocation Failure) 2021-01-21T22:06:46.794+0800: 22.425: [Tenured: 349545K->349497K(349568K), 0.0457218 secs] 506587K->397540K(506816K), [Metaspace: 2817K->2817K(1056768K)], 0.0466847 secs] [Times: user=0.05 sys=0.00, real=0.05 secs] 
2021-01-21T22:06:46.855+0800: 22.486: [Full GC (Allocation Failure) 2021-01-21T22:06:46.855+0800: 22.486: [Tenured: 349497K->349057K(349568K), 0.0469189 secs] 506646K->400270K(506816K), [Metaspace: 2817K->2817K(1056768K)], 0.0477415 secs] [Times: user=0.05 sys=0.00, real=0.05 secs] 
2021-01-21T22:06:46.917+0800: 22.548: [Full GC (Allocation Failure) 2021-01-21T22:06:46.917+0800: 22.548: [Tenured: 349456K->349549K(349568K), 0.0528626 secs] 506672K->383126K(506816K), [Metaspace: 2817K->2817K(1056768K)], 0.0537743 secs] [Times: user=0.05 sys=0.00, real=0.06 secs] 
2021-01-21T22:06:46.986+0800: 22.617: [Full GC (Allocation Failure) 2021-01-21T22:06:46.986+0800: 22.617: [Tenured: 349549K->349554K(349568K), 0.0321908 secs] 506437K->400489K(506816K), [Metaspace: 2817K->2817K(1056768K)], 0.0330243 secs] [Times: user=0.03 sys=0.00, real=0.04 secs] 
2021-01-21T22:06:47.033+0800: 22.664: [Full GC (Allocation Failure) 2021-01-21T22:06:47.033+0800: 22.664: [Tenured: 349554K->349192K(349568K), 0.0408720 secs] 506734K->398816K(506816K), [Metaspace: 2817K->2817K(1056768K)], 0.0417747 secs] [Times: user=0.04 sys=0.00, real=0.04 secs] 
2021-01-21T22:06:47.088+0800: 22.719: [Full GC (Allocation Failure) 2021-01-21T22:06:47.089+0800: 22.720: [Tenured: 349192K->349479K(349568K), 0.0472484 secs] 506133K->404204K(506816K), [Metaspace: 2817K->2817K(1056768K)], 0.0481069 secs] [Times: user=0.04 sys=0.00, real=0.04 secs] 
2021-01-21T22:06:47.148+0800: 22.779: [Full GC (Allocation Failure) 2021-01-21T22:06:47.149+0800: 22.779: [Tenured: 349479K->349250K(349568K), 0.0523744 secs] 506403K->387551K(506816K), [Metaspace: 2817K->2817K(1056768K)], 0.0533543 secs] [Times: user=0.05 sys=0.00, real=0.05 secs] 
2021-01-21T22:06:47.216+0800: 22.846: [Full GC (Allocation Failure) 2021-01-21T22:06:47.216+0800: 22.847: [Tenured: 349502K->349388K(349568K), 0.0317380 secs] 506730K->404275K(506816K), [Metaspace: 2817K->2817K(1056768K)], 0.0326996 secs] [Times: user=0.03 sys=0.00, real=0.04 secs] 
2021-01-21T22:06:47.260+0800: 22.891: [Full GC (Allocation Failure) 2021-01-21T22:06:47.261+0800: 22.892: [Tenured: 349522K->349456K(349568K), 0.0415752 secs] 506757K->401604K(506816K), [Metaspace: 2817K->2817K(1056768K)], 0.0425375 secs] [Times: user=0.05 sys=0.00, real=0.04 secs] 
2021-01-21T22:06:47.316+0800: 22.947: [Full GC (Allocation Failure) 2021-01-21T22:06:47.317+0800: 22.948: [Tenured: 349456K->349218K(349568K), 0.0510902 secs] 506649K->400898K(506816K), [Metaspace: 2817K->2817K(1056768K)], 0.0520008 secs] [Times: user=0.05 sys=0.00, real=0.06 secs] 
2021-01-21T22:06:47.383+0800: 23.014: [Full GC (Allocation Failure) 2021-01-21T22:06:47.383+0800: 23.014: [Tenured: 349506K->349149K(349568K), 0.0514521 secs] 506711K->378250K(506816K), [Metaspace: 2817K->2817K(1056768K)], 0.0523403 secs] [Times: user=0.06 sys=0.00, real=0.05 secs] 
2021-01-21T22:06:47.457+0800: 23.087: [Full GC (Allocation Failure) 2021-01-21T22:06:47.457+0800: 23.088: [Tenured: 349149K->349458K(349568K), 0.0425098 secs] 506300K->390522K(506816K), [Metaspace: 2817K->2817K(1056768K)], 0.0432462 secs] [Times: user=0.04 sys=0.00, real=0.05 secs] 
2021-01-21T22:06:47.521+0800: 23.152: [Full GC (Allocation Failure) 2021-01-21T22:06:47.521+0800: 23.152: [Tenured: 349500K->349198K(349568K), 0.0456851 secs] 506747K->391843K(506816K), [Metaspace: 2817K->2817K(1056768K)], 0.0465914 secs] [Times: user=0.05 sys=0.00, real=0.04 secs] 
2021-01-21T22:06:47.582+0800: 23.213: [Full GC (Allocation Failure) 2021-01-21T22:06:47.582+0800: 23.213: [Tenured: 349535K->349447K(349568K), 0.0425516 secs] 506769K->390242K(506816K), [Metaspace: 2817K->2817K(1056768K)], 0.0434820 secs] [Times: user=0.04 sys=0.00, real=0.04 secs] 
2021-01-21T22:06:47.641+0800: 23.271: [Full GC (Allocation Failure) 2021-01-21T22:06:47.641+0800: 23.272: [Tenured: 349447K->349379K(349568K), 0.0525075 secs] 506677K->368769K(506816K), [Metaspace: 2817K->2817K(1056768K)], 0.0532425 secs] [Times: user=0.05 sys=0.00, real=0.05 secs] 
2021-01-21T22:06:47.712+0800: 23.343: [Full GC (Allocation Failure) 2021-01-21T22:06:47.712+0800: 23.343: [Tenured: 349379K->349241K(349568K), 0.0290629 secs] 506325K->382702K(506816K), [Metaspace: 2817K->2817K(1056768K)], 0.0300538 secs] [Times: user=0.03 sys=0.00, real=0.03 secs] 
2021-01-21T22:06:47.757+0800: 23.388: [Full GC (Allocation Failure) 2021-01-21T22:06:47.758+0800: 23.388: [Tenured: 349241K->349495K(349568K), 0.0392074 secs] 506281K->392547K(506816K), [Metaspace: 2817K->2817K(1056768K)], 0.0401988 secs] [Times: user=0.04 sys=0.00, real=0.04 secs] 
2021-01-21T22:06:47.813+0800: 23.443: [Full GC (Allocation Failure) 2021-01-21T22:06:47.813+0800: 23.444: [Tenured: 349495K->349495K(349568K), 0.0444281 secs] 506706K->390159K(506816K), [Metaspace: 2817K->2817K(1056768K)], 0.0452430 secs] [Times: user=0.05 sys=0.00, real=0.05 secs] 
2021-01-21T22:06:47.874+0800: 23.505: [Full GC (Allocation Failure) 2021-01-21T22:06:47.874+0800: 23.505: [Tenured: 349567K->349379K(349568K), 0.0584429 secs] 506761K->365091K(506816K), [Metaspace: 2817K->2817K(1056768K)], 0.0594008 secs] [Times: user=0.06 sys=0.00, real=0.06 secs] 
2021-01-21T22:06:47.959+0800: 23.590: [Full GC (Allocation Failure) 2021-01-21T22:06:47.960+0800: 23.591: [Tenured: 349379K->349355K(349568K), 0.0392126 secs] 506579K->383169K(506816K), [Metaspace: 2817K->2817K(1056768K)], 0.0399986 secs] [Times: user=0.04 sys=0.00, real=0.04 secs] 
2021-01-21T22:06:48.017+0800: 23.648: [Full GC (Allocation Failure) 2021-01-21T22:06:48.018+0800: 23.649: [Tenured: 349453K->349397K(349568K), 0.0418255 secs] 506605K->377085K(506816K), [Metaspace: 2817K->2817K(1056768K)], 0.0428638 secs] [Times: user=0.05 sys=0.00, real=0.05 secs] 
2021-01-21T22:06:48.077+0800: 23.707: [Full GC (Allocation Failure) 2021-01-21T22:06:48.077+0800: 23.708: [Tenured: 349397K->349415K(349568K), 0.0455849 secs] 505987K->377158K(506816K), [Metaspace: 2817K->2817K(1056768K)], 0.0464315 secs] [Times: user=0.05 sys=0.00, real=0.05 secs] 
2021-01-21T22:06:48.141+0800: 23.772: [Full GC (Allocation Failure) 2021-01-21T22:06:48.141+0800: 23.772: [Tenured: 349514K->349135K(349568K), 0.0523700 secs] 506752K->362078K(506816K), [Metaspace: 2817K->2817K(1056768K)], 0.0531392 secs] [Times: user=0.05 sys=0.00, real=0.05 secs] 
2021-01-21T22:06:48.212+0800: 23.843: [Full GC (Allocation Failure) 2021-01-21T22:06:48.213+0800: 23.843: [Tenured: 349423K->349454K(349568K), 0.0341195 secs] 506669K->378403K(506816K), [Metaspace: 2817K->2817K(1056768K)], 0.0352420 secs] [Times: user=0.03 sys=0.00, real=0.03 secs] 
2021-01-21T22:06:48.263+0800: 23.894: [Full GC (Allocation Failure) 2021-01-21T22:06:48.263+0800: 23.894: [Tenured: 349454K->349021K(349568K), 0.0432414 secs] 506669K->380249K(506816K), [Metaspace: 2817K->2817K(1056768K)], 0.0439653 secs] [Times: user=0.05 sys=0.00, real=0.04 secs] 
2021-01-21T22:06:48.327+0800: 23.957: [Full GC (Allocation Failure) 2021-01-21T22:06:48.327+0800: 23.958: [Tenured: 349407K->349559K(349568K), 0.0467833 secs] 506485K->388160K(506816K), [Metaspace: 2817K->2817K(1056768K)], 0.0477509 secs] [Times: user=0.04 sys=0.00, real=0.05 secs] 
2021-01-21T22:06:48.388+0800: 24.019: [Full GC (Allocation Failure) 2021-01-21T22:06:48.389+0800: 24.020: [Tenured: 349559K->349403K(349568K), 0.0503470 secs] 506782K->379149K(506816K), [Metaspace: 2817K->2817K(1056768K)], 0.0512283 secs] [Times: user=0.05 sys=0.00, real=0.05 secs] 
2021-01-21T22:06:48.455+0800: 24.085: [Full GC (Allocation Failure) 2021-01-21T22:06:48.455+0800: 24.086: [Tenured: 349403K->349382K(349568K), 0.0323489 secs] 506384K->404480K(506816K), [Metaspace: 2817K->2817K(1056768K)], 0.0331248 secs] [Times: user=0.03 sys=0.00, real=0.03 secs] 
2021-01-21T22:06:48.501+0800: 24.132: [Full GC (Allocation Failure) 2021-01-21T22:06:48.501+0800: 24.132: [Tenured: 349565K->349537K(349568K), 0.0492224 secs] 506807K->410659K(506816K), [Metaspace: 2817K->2817K(1056768K)], 0.0500416 secs] [Times: user=0.05 sys=0.00, real=0.05 secs] 
2021-01-21T22:06:48.565+0800: 24.195: [Full GC (Allocation Failure) 2021-01-21T22:06:48.565+0800: 24.196: [Tenured: 349537K->349297K(349568K), 0.0504357 secs] 506668K->403611K(506816K), [Metaspace: 2817K->2817K(1056768K)], 0.0516398 secs] [Times: user=0.05 sys=0.00, real=0.05 secs] 
2021-01-21T22:06:48.632+0800: 24.262: [Full GC (Allocation Failure) 2021-01-21T22:06:48.632+0800: 24.263: [Tenured: 349297K->349378K(349568K), 0.0543072 secs] 506397K->380171K(506816K), [Metaspace: 2817K->2817K(1056768K)], 0.0551330 secs] [Times: user=0.06 sys=0.00, real=0.05 secs] 
2021-01-21T22:06:48.703+0800: 24.333: [Full GC (Allocation Failure) 2021-01-21T22:06:48.703+0800: 24.334: [Tenured: 349378K->348854K(349568K), 0.0262637 secs] 506441K->393139K(506816K), [Metaspace: 2817K->2817K(1056768K)], 0.0270644 secs] [Times: user=0.03 sys=0.00, real=0.03 secs] 
2021-01-21T22:06:48.743+0800: 24.373: [Full GC (Allocation Failure) 2021-01-21T22:06:48.743+0800: 24.374: [Tenured: 349470K->349401K(349568K), 0.0402027 secs] 506642K->393525K(506816K), [Metaspace: 2817K->2817K(1056768K)], 0.0409897 secs] [Times: user=0.04 sys=0.00, real=0.04 secs] 
2021-01-21T22:06:48.798+0800: 24.429: [Full GC (Allocation Failure) 2021-01-21T22:06:48.799+0800: 24.429: [Tenured: 349545K->349457K(349568K), 0.0413462 secs] 506730K->392265K(506816K), [Metaspace: 2817K->2817K(1056768K)], 0.0421854 secs] [Times: user=0.04 sys=0.00, real=0.04 secs] 
2021-01-21T22:06:48.855+0800: 24.486: [Full GC (Allocation Failure) 2021-01-21T22:06:48.856+0800: 24.486: [Tenured: 349457K->349527K(349568K), 0.0490190 secs] 506390K->377437K(506816K), [Metaspace: 2817K->2817K(1056768K)], 0.0498748 secs] [Times: user=0.05 sys=0.00, real=0.05 secs] 
2021-01-21T22:06:48.921+0800: 24.552: [Full GC (Allocation Failure) 2021-01-21T22:06:48.921+0800: 24.552: [Tenured: 349527K->349003K(349568K), 0.0312408 secs] 506516K->388506K(506816K), [Metaspace: 2817K->2817K(1056768K)], 0.0321101 secs] [Times: user=0.03 sys=0.00, real=0.03 secs] 
2021-01-21T22:06:48.967+0800: 24.598: [Full GC (Allocation Failure) 2021-01-21T22:06:48.968+0800: 24.599: [Tenured: 349326K->349057K(349568K), 0.0382186 secs] 506574K->386234K(506816K), [Metaspace: 2817K->2817K(1056768K)], 0.0391509 secs] [Times: user=0.04 sys=0.00, real=0.04 secs] 
2021-01-21T22:06:49.023+0800: 24.654: [Full GC (Allocation Failure) 2021-01-21T22:06:49.024+0800: 24.655: [Tenured: 349476K->349501K(349568K), 0.0450361 secs] 506700K->385974K(506816K), [Metaspace: 2817K->2817K(1056768K)], 0.0458562 secs] [Times: user=0.04 sys=0.00, real=0.05 secs] 
2021-01-21T22:06:49.085+0800: 24.716: [Full GC (Allocation Failure) 2021-01-21T22:06:49.085+0800: 24.716: [Tenured: 349501K->349053K(349568K), 0.0544030 secs] 506659K->366755K(506816K), [Metaspace: 2817K->2817K(1056768K)], 0.0552125 secs] [Times: user=0.05 sys=0.00, real=0.06 secs] 
2021-01-21T22:06:49.159+0800: 24.790: [Full GC (Allocation Failure) 2021-01-21T22:06:49.159+0800: 24.790: [Tenured: 349417K->349244K(349568K), 0.0329807 secs] 506643K->381453K(506816K), [Metaspace: 2817K->2817K(1056768K)], 0.0337287 secs] [Times: user=0.03 sys=0.00, real=0.03 secs] 
2021-01-21T22:06:49.208+0800: 24.839: [Full GC (Allocation Failure) 2021-01-21T22:06:49.209+0800: 24.839: [Tenured: 349547K->349520K(349568K), 0.0388997 secs] 506682K->379773K(506816K), [Metaspace: 2817K->2817K(1056768K)], 0.0396395 secs] [Times: user=0.04 sys=0.00, real=0.04 secs] 
2021-01-21T22:06:49.264+0800: 24.895: [Full GC (Allocation Failure) 2021-01-21T22:06:49.264+0800: 24.895: [Tenured: 349520K->349485K(349568K), 0.0435428 secs] 506489K->386166K(506816K), [Metaspace: 2817K->2817K(1056768K)], 0.0445612 secs] [Times: user=0.05 sys=0.00, real=0.05 secs] 
2021-01-21T22:06:49.323+0800: 24.954: [Full GC (Allocation Failure) 2021-01-21T22:06:49.323+0800: 24.954: [Tenured: 349485K->349517K(349568K), 0.0496476 secs] 506696K->372049K(506816K), [Metaspace: 2817K->2817K(1056768K)], 0.0504455 secs] [Times: user=0.05 sys=0.00, real=0.05 secs] 
2021-01-21T22:06:49.388+0800: 25.019: [Full GC (Allocation Failure) 2021-01-21T22:06:49.389+0800: 25.020: [Tenured: 349517K->349428K(349568K), 0.0378981 secs] 506623K->392423K(506816K), [Metaspace: 2817K->2817K(1056768K)], 0.0389797 secs] [Times: user=0.04 sys=0.00, real=0.03 secs] 
2021-01-21T22:06:49.440+0800: 25.071: [Full GC (Allocation Failure) 2021-01-21T22:06:49.441+0800: 25.072: [Tenured: 349428K->349375K(349568K), 0.0380516 secs] 506452K->392769K(506816K), [Metaspace: 2817K->2817K(1056768K)], 0.0388689 secs] [Times: user=0.04 sys=0.00, real=0.04 secs] 
2021-01-21T22:06:49.492+0800: 25.123: [Full GC (Allocation Failure) 2021-01-21T22:06:49.493+0800: 25.123: [Tenured: 349519K->349450K(349568K), 0.0421621 secs] 506721K->403036K(506816K), [Metaspace: 2817K->2817K(1056768K)], 0.0431073 secs] [Times: user=0.05 sys=0.00, real=0.04 secs] 
2021-01-21T22:06:49.549+0800: 25.180: [Full GC (Allocation Failure) 2021-01-21T22:06:49.549+0800: 25.180: [Tenured: 349450K->348955K(349568K), 0.0486525 secs] 506457K->380883K(506816K), [Metaspace: 2817K->2817K(1056768K)], 0.0494893 secs] [Times: user=0.05 sys=0.00, real=0.05 secs] 
2021-01-21T22:06:49.613+0800: 25.244: [Full GC (Allocation Failure) 2021-01-21T22:06:49.613+0800: 25.244: [Tenured: 348955K->349500K(349568K), 0.0326532 secs] 506005K->395893K(506816K), [Metaspace: 2817K->2817K(1056768K)], 0.0333811 secs] [Times: user=0.03 sys=0.00, real=0.03 secs] 
2021-01-21T22:06:49.660+0800: 25.290: [Full GC (Allocation Failure) 2021-01-21T22:06:49.660+0800: 25.291: [Tenured: 349500K->348773K(349568K), 0.0423813 secs] 506641K->395446K(506816K), [Metaspace: 2817K->2817K(1056768K)], 0.0432664 secs] [Times: user=0.04 sys=0.00, real=0.04 secs] 
2021-01-21T22:06:49.719+0800: 25.350: [Full GC (Allocation Failure) 2021-01-21T22:06:49.720+0800: 25.350: [Tenured: 349558K->349030K(349568K), 0.0487081 secs] 506700K->391610K(506816K), [Metaspace: 2817K->2817K(1056768K)], 0.0495324 secs] [Times: user=0.04 sys=0.00, real=0.05 secs] 
2021-01-21T22:06:49.783+0800: 25.414: [Full GC (Allocation Failure) 2021-01-21T22:06:49.783+0800: 25.414: [Tenured: 349460K->349443K(349568K), 0.0503167 secs] 506394K->372696K(506816K), [Metaspace: 2817K->2817K(1056768K)], 0.0512794 secs] [Times: user=0.05 sys=0.00, real=0.05 secs] 
2021-01-21T22:06:49.851+0800: 25.482: [Full GC (Allocation Failure) 2021-01-21T22:06:49.852+0800: 25.482: [Tenured: 349443K->349192K(349568K), 0.0350268 secs] 506248K->392377K(506816K), [Metaspace: 2817K->2817K(1056768K)], 0.0363306 secs] [Times: user=0.04 sys=0.00, real=0.03 secs] 
2021-01-21T22:06:49.900+0800: 25.531: [Full GC (Allocation Failure) 2021-01-21T22:06:49.901+0800: 25.531: [Tenured: 349192K->349353K(349568K), 0.0434363 secs] 506167K->395840K(506816K), [Metaspace: 2817K->2817K(1056768K)], 0.0442328 secs] [Times: user=0.05 sys=0.00, real=0.04 secs] 
2021-01-21T22:06:49.958+0800: 25.589: [Full GC (Allocation Failure) 2021-01-21T22:06:49.958+0800: 25.589: [Tenured: 349461K->349518K(349568K), 0.0438329 secs] 506684K->396468K(506816K), [Metaspace: 2817K->2817K(1056768K)], 0.0447002 secs] [Times: user=0.04 sys=0.00, real=0.05 secs] 
2021-01-21T22:06:50.018+0800: 25.649: [Full GC (Allocation Failure) 2021-01-21T22:06:50.019+0800: 25.649: [Tenured: 349518K->349539K(349568K), 0.0487704 secs] 506464K->378657K(506816K), [Metaspace: 2817K->2817K(1056768K)], 0.0497409 secs] [Times: user=0.05 sys=0.00, real=0.05 secs] 
2021-01-21T22:06:50.083+0800: 25.714: [Full GC (Allocation Failure) 2021-01-21T22:06:50.084+0800: 25.714: [Tenured: 349539K->349275K(349568K), 0.0334507 secs] 506656K->393849K(506816K), [Metaspace: 2817K->2817K(1056768K)], 0.0344412 secs] [Times: user=0.03 sys=0.00, real=0.04 secs] 
2021-01-21T22:06:50.132+0800: 25.763: [Full GC (Allocation Failure) 2021-01-21T22:06:50.133+0800: 25.763: [Tenured: 349275K->349526K(349568K), 0.0465185 secs] 505892K->388568K(506816K), [Metaspace: 2817K->2817K(1056768K)], 0.0473392 secs] [Times: user=0.04 sys=0.00, real=0.05 secs] 
2021-01-21T22:06:50.195+0800: 25.826: [Full GC (Allocation Failure) 2021-01-21T22:06:50.196+0800: 25.826: [Tenured: 349526K->349482K(349568K), 0.0458615 secs] 506721K->394285K(506816K), [Metaspace: 2817K->2817K(1056768K)], 0.0467458 secs] [Times: user=0.04 sys=0.00, real=0.05 secs] 
2021-01-21T22:06:50.255+0800: 25.886: [Full GC (Allocation Failure) 2021-01-21T22:06:50.256+0800: 25.886: [Tenured: 349482K->349536K(349568K), 0.0473601 secs] 506508K->379116K(506816K), [Metaspace: 2817K->2817K(1056768K)], 0.0481156 secs] [Times: user=0.04 sys=0.00, real=0.05 secs] 
2021-01-21T22:06:50.317+0800: 25.948: [Full GC (Allocation Failure) 2021-01-21T22:06:50.317+0800: 25.948: [Tenured: 349536K->349151K(349568K), 0.0283423 secs] 506772K->403183K(506816K), [Metaspace: 2817K->2817K(1056768K)], 0.0292598 secs] [Times: user=0.03 sys=0.00, real=0.03 secs] 
2021-01-21T22:06:50.357+0800: 25.988: [Full GC (Allocation Failure) 2021-01-21T22:06:50.358+0800: 25.988: [Tenured: 349295K->349173K(349568K), 0.0397932 secs] 506515K->402626K(506816K), [Metaspace: 2817K->2817K(1056768K)], 0.0406748 secs] [Times: user=0.04 sys=0.00, real=0.05 secs] 
2021-01-21T22:06:50.410+0800: 26.041: [Full GC (Allocation Failure) 2021-01-21T22:06:50.411+0800: 26.041: [Tenured: 349496K->348926K(349568K), 0.0428128 secs] 506744K->404730K(506816K), [Metaspace: 2817K->2817K(1056768K)], 0.0437936 secs] [Times: user=0.04 sys=0.00, real=0.04 secs] 
2021-01-21T22:06:50.466+0800: 26.097: [Full GC (Allocation Failure) 2021-01-21T22:06:50.466+0800: 26.097: [Tenured: 349214K->349257K(349568K), 0.0506974 secs] 506347K->386610K(506816K), [Metaspace: 2817K->2817K(1056768K)], 0.0515769 secs] [Times: user=0.05 sys=0.00, real=0.05 secs] 
2021-01-21T22:06:50.531+0800: 26.162: [Full GC (Allocation Failure) 2021-01-21T22:06:50.532+0800: 26.162: [Tenured: 349335K->349517K(349568K), 0.0278339 secs] 506546K->403771K(506816K), [Metaspace: 2817K->2817K(1056768K)], 0.0289528 secs] [Times: user=0.02 sys=0.00, real=0.03 secs] 
2021-01-21T22:06:50.572+0800: 26.203: [Full GC (Allocation Failure) 2021-01-21T22:06:50.572+0800: 26.203: [Tenured: 349517K->349554K(349568K), 0.0398824 secs] 506746K->399591K(506816K), [Metaspace: 2817K->2817K(1056768K)], 0.0407642 secs] [Times: user=0.04 sys=0.00, real=0.04 secs] 
2021-01-21T22:06:50.624+0800: 26.255: [Full GC (Allocation Failure) 2021-01-21T22:06:50.624+0800: 26.255: [Tenured: 349554K->349007K(349568K), 0.0446505 secs] 506745K->395649K(506816K), [Metaspace: 2817K->2817K(1056768K)], 0.0456338 secs] [Times: user=0.04 sys=0.00, real=0.05 secs] 
2021-01-21T22:06:50.682+0800: 26.313: [Full GC (Allocation Failure) 2021-01-21T22:06:50.682+0800: 26.313: [Tenured: 349007K->349029K(349568K), 0.0490323 secs] 506171K->382082K(506816K), [Metaspace: 2817K->2817K(1056768K)], 0.0499871 secs] [Times: user=0.05 sys=0.00, real=0.05 secs] 
2021-01-21T22:06:50.746+0800: 26.377: [Full GC (Allocation Failure) 2021-01-21T22:06:50.747+0800: 26.378: [Tenured: 349528K->349562K(349568K), 0.0282789 secs] 506744K->399644K(506816K), [Metaspace: 2817K->2817K(1056768K)], 0.0290811 secs] [Times: user=0.03 sys=0.00, real=0.03 secs] 
2021-01-21T22:06:50.788+0800: 26.419: [Full GC (Allocation Failure) 2021-01-21T22:06:50.789+0800: 26.419: [Tenured: 349562K->349535K(349568K), 0.0422621 secs] 506764K->402395K(506816K), [Metaspace: 2817K->2817K(1056768K)], 0.0430349 secs] [Times: user=0.04 sys=0.00, real=0.04 secs] 
2021-01-21T22:06:50.845+0800: 26.476: [Full GC (Allocation Failure) 2021-01-21T22:06:50.845+0800: 26.476: [Tenured: 349535K->349428K(349568K), 0.0456434 secs] 506669K->403025K(506816K), [Metaspace: 2817K->2817K(1056768K)], 0.0466377 secs] [Times: user=0.05 sys=0.00, real=0.05 secs] 
2021-01-21T22:06:50.904+0800: 26.534: [Full GC (Allocation Failure) 2021-01-21T22:06:50.904+0800: 26.535: [Tenured: 349428K->349544K(349568K), 0.0510523 secs] 506211K->384564K(506816K), [Metaspace: 2817K->2817K(1056768K)], 0.0521456 secs] [Times: user=0.05 sys=0.00, real=0.05 secs] 
2021-01-21T22:06:50.971+0800: 26.602: [Full GC (Allocation Failure) 2021-01-21T22:06:50.972+0800: 26.602: [Tenured: 349544K->349062K(349568K), 0.0304457 secs] 506759K->402117K(506816K), [Metaspace: 2817K->2817K(1056768K)], 0.0312839 secs] [Times: user=0.03 sys=0.00, real=0.03 secs] 
2021-01-21T22:06:51.015+0800: 26.645: [Full GC (Allocation Failure) 2021-01-21T22:06:51.015+0800: 26.646: [Tenured: 349545K->349428K(349568K), 0.0396207 secs] 506789K->404480K(506816K), [Metaspace: 2817K->2817K(1056768K)], 0.0404729 secs] [Times: user=0.03 sys=0.00, real=0.04 secs] 
2021-01-21T22:06:51.067+0800: 26.698: [Full GC (Allocation Failure) 2021-01-21T22:06:51.068+0800: 26.698: [Tenured: 349563K->349550K(349568K), 0.0438596 secs] 506809K->407503K(506816K), [Metaspace: 2817K->2817K(1056768K)], 0.0447275 secs] [Times: user=0.04 sys=0.00, real=0.05 secs] 
2021-01-21T22:06:51.124+0800: 26.754: [Full GC (Allocation Failure) 2021-01-21T22:06:51.124+0800: 26.755: [Tenured: 349550K->349547K(349568K), 0.0515830 secs] 506710K->392964K(506816K), [Metaspace: 2817K->2817K(1056768K)], 0.0525193 secs] [Times: user=0.05 sys=0.00, real=0.05 secs] 
2021-01-21T22:06:51.190+0800: 26.821: [Full GC (Allocation Failure) 2021-01-21T22:06:51.190+0800: 26.821: [Tenured: 349547K->349516K(349568K), 0.0283519 secs] 506700K->402224K(506816K), [Metaspace: 2817K->2817K(1056768K)], 0.0291672 secs] [Times: user=0.02 sys=0.00, real=0.03 secs] 
2021-01-21T22:06:51.233+0800: 26.864: [Full GC (Allocation Failure) 2021-01-21T22:06:51.233+0800: 26.864: [Tenured: 349516K->349363K(349568K), 0.0452262 secs] 506737K->399630K(506816K), [Metaspace: 2817K->2817K(1056768K)], 0.0461047 secs] [Times: user=0.04 sys=0.00, real=0.05 secs] 
2021-01-21T22:06:51.294+0800: 26.925: [Full GC (Allocation Failure) 2021-01-21T22:06:51.294+0800: 26.925: [Tenured: 349363K->349511K(349568K), 0.0457420 secs] 506434K->403410K(506816K), [Metaspace: 2817K->2817K(1056768K)], 0.0466533 secs] [Times: user=0.04 sys=0.00, real=0.05 secs] 
2021-01-21T22:06:51.356+0800: 26.987: [Full GC (Allocation Failure) 2021-01-21T22:06:51.356+0800: 26.987: [Tenured: 349511K->349400K(349568K), 0.0484961 secs] 506185K->379175K(506816K), [Metaspace: 2817K->2817K(1056768K)], 0.0492366 secs] [Times: user=0.05 sys=0.00, real=0.05 secs] 
2021-01-21T22:06:51.419+0800: 27.050: [Full GC (Allocation Failure) 2021-01-21T22:06:51.420+0800: 27.051: [Tenured: 349400K->349402K(349568K), 0.0310681 secs] 506530K->404980K(506816K), [Metaspace: 2817K->2817K(1056768K)], 0.0321796 secs] [Times: user=0.03 sys=0.00, real=0.03 secs] 
2021-01-21T22:06:51.465+0800: 27.096: [Full GC (Allocation Failure) 2021-01-21T22:06:51.465+0800: 27.096: [Tenured: 349561K->349533K(349568K), 0.0375055 secs] 506797K->403023K(506816K), [Metaspace: 2817K->2817K(1056768K)], 0.0383767 secs] [Times: user=0.04 sys=0.00, real=0.04 secs] 
2021-01-21T22:06:51.516+0800: 27.146: [Full GC (Allocation Failure) 2021-01-21T22:06:51.516+0800: 27.147: [Tenured: 349533K->349387K(349568K), 0.0426871 secs] 506530K->398148K(506816K), [Metaspace: 2817K->2817K(1056768K)], 0.0436070 secs] [Times: user=0.05 sys=0.00, real=0.05 secs] 
2021-01-21T22:06:51.570+0800: 27.201: [Full GC (Allocation Failure) 2021-01-21T22:06:51.571+0800: 27.201: [Tenured: 349387K->349162K(349568K), 0.0475378 secs] 506167K->380572K(506816K), [Metaspace: 2817K->2817K(1056768K)], 0.0483986 secs] [Times: user=0.04 sys=0.00, real=0.05 secs] 
2021-01-21T22:06:51.635+0800: 27.266: [Full GC (Allocation Failure) 2021-01-21T22:06:51.635+0800: 27.266: [Tenured: 349162K->349561K(349568K), 0.0316035 secs] 506118K->395149K(506816K), [Metaspace: 2817K->2817K(1056768K)], 0.0326316 secs] [Times: user=0.03 sys=0.00, real=0.03 secs] 
2021-01-21T22:06:51.681+0800: 27.312: [Full GC (Allocation Failure) 2021-01-21T22:06:51.682+0800: 27.313: [Tenured: 349561K->349445K(349568K), 0.0395550 secs] 506798K->398901K(506816K), [Metaspace: 2817K->2817K(1056768K)], 0.0404267 secs] [Times: user=0.04 sys=0.00, real=0.04 secs] 
2021-01-21T22:06:51.736+0800: 27.367: [Full GC (Allocation Failure) 2021-01-21T22:06:51.737+0800: 27.367: [Tenured: 349445K->349010K(349568K), 0.0433057 secs] 506596K->399032K(506816K), [Metaspace: 2817K->2817K(1056768K)], 0.0440373 secs] [Times: user=0.04 sys=0.00, real=0.05 secs] 
2021-01-21T22:06:51.794+0800: 27.425: [Full GC (Allocation Failure) 2021-01-21T22:06:51.794+0800: 27.425: [Tenured: 349483K->349540K(349568K), 0.0537040 secs] 506654K->378244K(506816K), [Metaspace: 2817K->2817K(1056768K)], 0.0546513 secs] [Times: user=0.06 sys=0.00, real=0.06 secs] 
2021-01-21T22:06:51.864+0800: 27.495: [Full GC (Allocation Failure) 2021-01-21T22:06:51.865+0800: 27.495: [Tenured: 349540K->349269K(349568K), 0.0349336 secs] 506706K->402816K(506816K), [Metaspace: 2817K->2817K(1056768K)], 0.0358307 secs] [Times: user=0.04 sys=0.00, real=0.04 secs] 
2021-01-21T22:06:51.913+0800: 27.544: [Full GC (Allocation Failure) 2021-01-21T22:06:51.913+0800: 27.544: [Tenured: 349444K->349471K(349568K), 0.0424835 secs] 506690K->408219K(506816K), [Metaspace: 2817K->2817K(1056768K)], 0.0432888 secs] [Times: user=0.04 sys=0.00, real=0.04 secs] 
2021-01-21T22:06:51.968+0800: 27.599: [Full GC (Allocation Failure) 2021-01-21T22:06:51.969+0800: 27.600: [Tenured: 349471K->348935K(349568K), 0.0491059 secs] 506495K->409542K(506816K), [Metaspace: 2817K->2817K(1056768K)], 0.0501534 secs] [Times: user=0.05 sys=0.00, real=0.05 secs] 
2021-01-21T22:06:52.031+0800: 27.662: [Full GC (Allocation Failure) 2021-01-21T22:06:52.032+0800: 27.663: [Tenured: 349115K->349555K(349568K), 0.0509755 secs] 506331K->390881K(506816K), [Metaspace: 2817K->2817K(1056768K)], 0.0518054 secs] [Times: user=0.05 sys=0.00, real=0.05 secs] 
2021-01-21T22:06:52.097+0800: 27.728: [Full GC (Allocation Failure) 2021-01-21T22:06:52.097+0800: 27.728: [Tenured: 349555K->349345K(349568K), 0.0279990 secs] 506655K->405980K(506816K), [Metaspace: 2817K->2817K(1056768K)], 0.0291088 secs] [Times: user=0.03 sys=0.00, real=0.03 secs] 
2021-01-21T22:06:52.138+0800: 27.769: [Full GC (Allocation Failure) 2021-01-21T22:06:52.139+0800: 27.769: [Tenured: 349345K->349217K(349568K), 0.0356417 secs] 506348K->395662K(506816K), [Metaspace: 2817K->2817K(1056768K)], 0.0365032 secs] [Times: user=0.04 sys=0.00, real=0.03 secs] 
2021-01-21T22:06:52.187+0800: 27.818: [Full GC (Allocation Failure) 2021-01-21T22:06:52.187+0800: 27.818: [Tenured: 349502K->349265K(349568K), 0.0414254 secs] 506742K->395211K(506816K), [Metaspace: 2817K->2817K(1056768K)], 0.0422770 secs] [Times: user=0.04 sys=0.00, real=0.05 secs] 
2021-01-21T22:06:52.244+0800: 27.875: [Full GC (Allocation Failure) 2021-01-21T22:06:52.244+0800: 27.875: [Tenured: 349265K->349562K(349568K), 0.0538582 secs] 506389K->382488K(506816K), [Metaspace: 2817K->2817K(1056768K)], 0.0547721 secs] [Times: user=0.06 sys=0.00, real=0.06 secs] 
2021-01-21T22:06:52.314+0800: 27.945: [Full GC (Allocation Failure) 2021-01-21T22:06:52.315+0800: 27.945: [Tenured: 349562K->349501K(349568K), 0.0290010 secs] 506602K->403897K(506816K), [Metaspace: 2817K->2817K(1056768K)], 0.0299956 secs] [Times: user=0.03 sys=0.00, real=0.03 secs] 
2021-01-21T22:06:52.357+0800: 27.988: [Full GC (Allocation Failure) 2021-01-21T22:06:52.358+0800: 27.989: [Tenured: 349501K->349458K(349568K), 0.0454384 secs] 506651K->406394K(506816K), [Metaspace: 2817K->2817K(1056768K)], 0.0464534 secs] [Times: user=0.05 sys=0.00, real=0.05 secs] 
2021-01-21T22:06:52.416+0800: 28.047: [Full GC (Allocation Failure) 2021-01-21T22:06:52.417+0800: 28.047: [Tenured: 349458K->349342K(349568K), 0.0454578 secs] 506094K->401155K(506816K), [Metaspace: 2817K->2817K(1056768K)], 0.0461745 secs] [Times: user=0.05 sys=0.00, real=0.05 secs] 
2021-01-21T22:06:52.475+0800: 28.106: [Full GC (Allocation Failure) 2021-01-21T22:06:52.475+0800: 28.106: [Tenured: 349562K->349496K(349568K), 0.0471535 secs] 506789K->384411K(506816K), [Metaspace: 2817K->2817K(1056768K)], 0.0483618 secs] [Times: user=0.04 sys=0.00, real=0.05 secs] 
2021-01-21T22:06:52.539+0800: 28.170: [Full GC (Allocation Failure) 2021-01-21T22:06:52.540+0800: 28.170: [Tenured: 349496K->349450K(349568K), 0.0315923 secs] 506684K->397865K(506816K), [Metaspace: 2817K->2817K(1056768K)], 0.0328339 secs] [Times: user=0.03 sys=0.00, real=0.03 secs] 
2021-01-21T22:06:52.584+0800: 28.215: [Full GC (Allocation Failure) 2021-01-21T22:06:52.585+0800: 28.215: [Tenured: 349450K->349454K(349568K), 0.0415758 secs] 506618K->398415K(506816K), [Metaspace: 2817K->2817K(1056768K)], 0.0425211 secs] [Times: user=0.04 sys=0.00, real=0.04 secs] 
2021-01-21T22:06:52.640+0800: 28.271: [Full GC (Allocation Failure) 2021-01-21T22:06:52.641+0800: 28.271: [Tenured: 349454K->349334K(349568K), 0.0445447 secs] 506024K->402354K(506816K), [Metaspace: 2817K->2817K(1056768K)], 0.0453434 secs] [Times: user=0.04 sys=0.00, real=0.04 secs] 
2021-01-21T22:06:52.697+0800: 28.328: [Full GC (Allocation Failure) 2021-01-21T22:06:52.698+0800: 28.328: [Tenured: 349525K->349543K(349568K), 0.0477602 secs] 506748K->383023K(506816K), [Metaspace: 2817K->2817K(1056768K)], 0.0489571 secs] [Times: user=0.05 sys=0.00, real=0.05 secs] 
2021-01-21T22:06:52.761+0800: 28.392: [Full GC (Allocation Failure) 2021-01-21T22:06:52.761+0800: 28.392: [Tenured: 349543K->349191K(349568K), 0.0301378 secs] 506756K->397645K(506816K), [Metaspace: 2817K->2817K(1056768K)], 0.0311519 secs] [Times: user=0.03 sys=0.00, real=0.03 secs] 
2021-01-21T22:06:52.805+0800: 28.435: [Full GC (Allocation Failure) 2021-01-21T22:06:52.805+0800: 28.436: [Tenured: 349460K->349560K(349568K), 0.0351306 secs] 506656K->403903K(506816K), [Metaspace: 2817K->2817K(1056768K)], 0.0361858 secs] [Times: user=0.03 sys=0.00, real=0.04 secs] 
2021-01-21T22:06:52.854+0800: 28.485: [Full GC (Allocation Failure) 2021-01-21T22:06:52.854+0800: 28.485: [Tenured: 349560K->349086K(349568K), 0.0422484 secs] 506771K->394767K(506816K), [Metaspace: 2817K->2817K(1056768K)], 0.0429985 secs] [Times: user=0.05 sys=0.00, real=0.04 secs] 
2021-01-21T22:06:52.910+0800: 28.541: [Full GC (Allocation Failure) 2021-01-21T22:06:52.910+0800: 28.541: [Tenured: 349284K->349550K(349568K), 0.0457504 secs] 506405K->372892K(506816K), [Metaspace: 2817K->2817K(1056768K)], 0.0466032 secs] [Times: user=0.05 sys=0.00, real=0.04 secs] 
2021-01-21T22:06:52.972+0800: 28.603: [Full GC (Allocation Failure) 2021-01-21T22:06:52.972+0800: 28.603: [Tenured: 349550K->349272K(349568K), 0.0302467 secs] 506766K->391831K(506816K), [Metaspace: 2817K->2817K(1056768K)], 0.0310440 secs] [Times: user=0.03 sys=0.00, real=0.03 secs] 
2021-01-21T22:06:53.016+0800: 28.647: [Full GC (Allocation Failure) 2021-01-21T22:06:53.017+0800: 28.647: [Tenured: 349524K->349470K(349568K), 0.0375184 secs] 506749K->396629K(506816K), [Metaspace: 2817K->2817K(1056768K)], 0.0385685 secs] [Times: user=0.04 sys=0.00, real=0.04 secs] 
2021-01-21T22:06:53.069+0800: 28.700: [Full GC (Allocation Failure) 2021-01-21T22:06:53.069+0800: 28.700: [Tenured: 349470K->349487K(349568K), 0.0424740 secs] 506525K->398549K(506816K), [Metaspace: 2817K->2817K(1056768K)], 0.0433918 secs] [Times: user=0.05 sys=0.00, real=0.04 secs] 
2021-01-21T22:06:53.124+0800: 28.755: [Full GC (Allocation Failure) 2021-01-21T22:06:53.125+0800: 28.755: [Tenured: 349559K->349110K(349568K), 0.0462646 secs] 506745K->379430K(506816K), [Metaspace: 2817K->2817K(1056768K)], 0.0470218 secs] [Times: user=0.04 sys=0.00, real=0.05 secs] 
2021-01-21T22:06:53.186+0800: 28.817: [Full GC (Allocation Failure) 2021-01-21T22:06:53.186+0800: 28.817: [Tenured: 349490K->349049K(349568K), 0.0273592 secs] 506724K->399733K(506816K), [Metaspace: 2817K->2817K(1056768K)], 0.0337341 secs] [Times: user=0.03 sys=0.00, real=0.04 secs] 
2021-01-21T22:06:53.233+0800: 28.863: [Full GC (Allocation Failure) 2021-01-21T22:06:53.233+0800: 28.864: [Tenured: 349564K->349491K(349568K), 0.0394195 secs] 506812K->396971K(506816K), [Metaspace: 2817K->2817K(1056768K)], 0.0401865 secs] [Times: user=0.04 sys=0.00, real=0.04 secs] 
2021-01-21T22:06:53.287+0800: 28.917: [Full GC (Allocation Failure) 2021-01-21T22:06:53.287+0800: 28.918: [Tenured: 349491K->349369K(349568K), 0.0427853 secs] 506518K->389611K(506816K), [Metaspace: 2817K->2817K(1056768K)], 0.0436659 secs] [Times: user=0.04 sys=0.00, real=0.05 secs] 
2021-01-21T22:06:53.345+0800: 28.976: [Full GC (Allocation Failure) 2021-01-21T22:06:53.345+0800: 28.976: [Tenured: 349461K->349541K(349568K), 0.0486475 secs] 506635K->378546K(506816K), [Metaspace: 2817K->2817K(1056768K)], 0.0494349 secs] [Times: user=0.05 sys=0.00, real=0.05 secs] 
2021-01-21T22:06:53.410+0800: 29.041: [Full GC (Allocation Failure) 2021-01-21T22:06:53.410+0800: 29.041: [Tenured: 349541K->349265K(349568K), 0.0328814 secs] 506593K->394758K(506816K), [Metaspace: 2817K->2817K(1056768K)], 0.0337985 secs] [Times: user=0.03 sys=0.00, real=0.03 secs] 
2021-01-21T22:06:53.456+0800: 29.086: [Full GC (Allocation Failure) 2021-01-21T22:06:53.456+0800: 29.087: [Tenured: 349265K->349526K(349568K), 0.0378166 secs] 506352K->391229K(506816K), [Metaspace: 2817K->2817K(1056768K)], 0.0385830 secs] [Times: user=0.03 sys=0.00, real=0.04 secs] 
2021-01-21T22:06:53.509+0800: 29.139: [Full GC (Allocation Failure) 2021-01-21T22:06:53.509+0800: 29.140: [Tenured: 349551K->349337K(349568K), 0.0449323 secs] 506788K->392755K(506816K), [Metaspace: 2817K->2817K(1056768K)], 0.0457299 secs] [Times: user=0.04 sys=0.00, real=0.04 secs] 
2021-01-21T22:06:53.569+0800: 29.200: [Full GC (Allocation Failure) 2021-01-21T22:06:53.570+0800: 29.200: [Tenured: 349337K->348987K(349568K), 0.0481760 secs] 506346K->369646K(506816K), [Metaspace: 2817K->2817K(1056768K)], 0.0489783 secs] [Times: user=0.04 sys=0.00, real=0.05 secs] 
2021-01-21T22:06:53.634+0800: 29.265: [Full GC (Allocation Failure) 2021-01-21T22:06:53.635+0800: 29.265: [Tenured: 349427K->349398K(349568K), 0.0334191 secs] 506526K->382717K(506816K), [Metaspace: 2817K->2817K(1056768K)], 0.0343633 secs] [Times: user=0.03 sys=0.00, real=0.04 secs] 
2021-01-21T22:06:53.684+0800: 29.315: [Full GC (Allocation Failure) 2021-01-21T22:06:53.685+0800: 29.315: [Tenured: 349412K->349511K(349568K), 0.0387042 secs] 506653K->383789K(506816K), [Metaspace: 2817K->2817K(1056768K)], 0.0396503 secs] [Times: user=0.04 sys=0.00, real=0.04 secs] 
2021-01-21T22:06:53.738+0800: 29.369: [Full GC (Allocation Failure) 2021-01-21T22:06:53.739+0800: 29.369: [Tenured: 349547K->348810K(349568K), 0.0447089 secs] 506765K->385373K(506816K), [Metaspace: 2817K->2817K(1056768K)], 0.0456300 secs] [Times: user=0.05 sys=0.00, real=0.04 secs] 
2021-01-21T22:06:53.798+0800: 29.429: [Full GC (Allocation Failure) 2021-01-21T22:06:53.798+0800: 29.429: [Tenured: 349415K->349454K(349568K), 0.0459885 secs] 506629K->363421K(506816K), [Metaspace: 2817K->2817K(1056768K)], 0.0468485 secs] [Times: user=0.05 sys=0.00, real=0.05 secs] 
2021-01-21T22:06:53.864+0800: 29.495: [Full GC (Allocation Failure) 2021-01-21T22:06:53.865+0800: 29.496: [Tenured: 349454K->349413K(349568K), 0.0347214 secs] 506393K->375653K(506816K), [Metaspace: 2817K->2817K(1056768K)], 0.0356788 secs] [Times: user=0.04 sys=0.00, real=0.04 secs] 
2021-01-21T22:06:53.916+0800: 29.546: [Full GC (Allocation Failure) 2021-01-21T22:06:53.916+0800: 29.547: [Tenured: 349413K->349404K(349568K), 0.0431269 secs] 506626K->375356K(506816K), [Metaspace: 2817K->2817K(1056768K)], 0.0440348 secs] [Times: user=0.05 sys=0.00, real=0.05 secs] 
2021-01-21T22:06:53.975+0800: 29.606: [Full GC (Allocation Failure) 2021-01-21T22:06:53.976+0800: 29.607: [Tenured: 349548K->349316K(349568K), 0.0424536 secs] 506786K->378249K(506816K), [Metaspace: 2817K->2817K(1056768K)], 0.0433828 secs] [Times: user=0.04 sys=0.00, real=0.05 secs] 
2021-01-21T22:06:54.033+0800: 29.664: [Full GC (Allocation Failure) 2021-01-21T22:06:54.034+0800: 29.664: [Tenured: 349316K->349545K(349568K), 0.0470128 secs] 506446K->368068K(506816K), [Metaspace: 2817K->2817K(1056768K)], 0.0479221 secs] [Times: user=0.05 sys=0.00, real=0.05 secs] 
2021-01-21T22:06:54.097+0800: 29.728: [Full GC (Allocation Failure) 2021-01-21T22:06:54.098+0800: 29.728: [Tenured: 349545K->349162K(349568K), 0.0281192 secs] 506612K->392522K(506816K), [Metaspace: 2817K->2817K(1056768K)], 0.0289646 secs] [Times: user=0.03 sys=0.00, real=0.03 secs] 
2021-01-21T22:06:54.137+0800: 29.768: [Full GC (Allocation Failure) 2021-01-21T22:06:54.138+0800: 29.769: [Tenured: 349162K->349330K(349568K), 0.0403193 secs] 506001K->398340K(506816K), [Metaspace: 2817K->2817K(1056768K)], 0.0414843 secs] [Times: user=0.04 sys=0.00, real=0.05 secs] 
2021-01-21T22:06:54.192+0800: 29.823: [Full GC (Allocation Failure) 2021-01-21T22:06:54.193+0800: 29.823: [Tenured: 349479K->349221K(349568K), 0.0416712 secs] 506716K->401658K(506816K), [Metaspace: 2817K->2817K(1056768K)], 0.0425253 secs] [Times: user=0.04 sys=0.00, real=0.04 secs] 
2021-01-21T22:06:54.246+0800: 29.877: [Full GC (Allocation Failure) 2021-01-21T22:06:54.246+0800: 29.877: [Tenured: 349221K->349006K(349568K), 0.0485599 secs] 506022K->383738K(506816K), [Metaspace: 2817K->2817K(1056768K)], 0.0493635 secs] [Times: user=0.05 sys=0.00, real=0.05 secs] 
2021-01-21T22:06:54.310+0800: 29.941: [Full GC (Allocation Failure) 2021-01-21T22:06:54.310+0800: 29.941: [Tenured: 349487K->349472K(349568K), 0.0296164 secs] 506705K->399504K(506816K), [Metaspace: 2817K->2817K(1056768K)], 0.0305163 secs] [Times: user=0.03 sys=0.00, real=0.03 secs] 
2021-01-21T22:06:54.354+0800: 29.985: [Full GC (Allocation Failure) 2021-01-21T22:06:54.354+0800: 29.985: [Tenured: 349472K->349439K(349568K), 0.0395681 secs] 506449K->399101K(506816K), [Metaspace: 2817K->2817K(1056768K)], 0.0403670 secs] [Times: user=0.04 sys=0.00, real=0.04 secs] 
2021-01-21T22:06:54.406+0800: 30.037: [Full GC (Allocation Failure) 2021-01-21T22:06:54.407+0800: 30.037: [Tenured: 349546K->349425K(349568K), 0.0417893 secs] 506781K->395689K(506816K), [Metaspace: 2817K->2817K(1056768K)], 0.0426674 secs] [Times: user=0.04 sys=0.00, real=0.05 secs] 
2021-01-21T22:06:54.461+0800: 30.092: [Full GC (Allocation Failure) 2021-01-21T22:06:54.462+0800: 30.092: [Tenured: 349497K->349369K(349568K), 0.0443848 secs] 506700K->369867K(506816K), [Metaspace: 2817K->2817K(1056768K)], 0.0453039 secs] [Times: user=0.05 sys=0.00, real=0.04 secs] 
2021-01-21T22:06:54.521+0800: 30.151: [Full GC (Allocation Failure) 2021-01-21T22:06:54.521+0800: 30.152: [Tenured: 349511K->349265K(349568K), 0.0343791 secs] 506758K->392182K(506816K), [Metaspace: 2817K->2817K(1056768K)], 0.0355973 secs] [Times: user=0.04 sys=0.00, real=0.03 secs] 
2021-01-21T22:06:54.570+0800: 30.200: [Full GC (Allocation Failure) 2021-01-21T22:06:54.570+0800: 30.201: [Tenured: 349541K->349507K(349568K), 0.0393701 secs] 506780K->389671K(506816K), [Metaspace: 2817K->2817K(1056768K)], 0.0405216 secs] [Times: user=0.04 sys=0.00, real=0.04 secs] 
2021-01-21T22:06:54.624+0800: 30.255: [Full GC (Allocation Failure) 2021-01-21T22:06:54.625+0800: 30.256: [Tenured: 349534K->349520K(349568K), 0.0469683 secs] 506774K->380828K(506816K), [Metaspace: 2817K->2817K(1056768K)], 0.0482100 secs] [Times: user=0.05 sys=0.00, real=0.05 secs] 
2021-01-21T22:06:54.689+0800: 30.320: [Full GC (Allocation Failure) 2021-01-21T22:06:54.689+0800: 30.320: [Tenured: 349520K->349486K(349568K), 0.0486460 secs] 506647K->367487K(506816K), [Metaspace: 2817K->2817K(1056768K)], 0.0496855 secs] [Times: user=0.05 sys=0.00, real=0.05 secs] 
2021-01-21T22:06:54.756+0800: 30.387: [Full GC (Allocation Failure) 2021-01-21T22:06:54.756+0800: 30.387: [Tenured: 349486K->349223K(349568K), 0.0335093 secs] 506331K->383035K(506816K), [Metaspace: 2817K->2817K(1056768K)], 0.0342830 secs] [Times: user=0.03 sys=0.00, real=0.04 secs] 
2021-01-21T22:06:54.803+0800: 30.434: [Full GC (Allocation Failure) 2021-01-21T22:06:54.804+0800: 30.435: [Tenured: 349367K->349408K(349568K), 0.0369344 secs] 506514K->381901K(506816K), [Metaspace: 2817K->2817K(1056768K)], 0.0379041 secs] [Times: user=0.03 sys=0.00, real=0.04 secs] 
2021-01-21T22:06:54.857+0800: 30.487: [Full GC (Allocation Failure) 2021-01-21T22:06:54.857+0800: 30.488: [Tenured: 349408K->349527K(349568K), 0.0401672 secs] 506449K->377174K(506816K), [Metaspace: 2817K->2817K(1056768K)], 0.0411195 secs] [Times: user=0.04 sys=0.00, real=0.05 secs] 
2021-01-21T22:06:54.914+0800: 30.544: [Full GC (Allocation Failure) 2021-01-21T22:06:54.914+0800: 30.545: [Tenured: 349527K->348795K(349568K), 0.0501683 secs] 506646K->355981K(506816K), [Metaspace: 2817K->2817K(1056768K)], 0.0510441 secs] [Times: user=0.05 sys=0.00, real=0.05 secs] 
2021-01-21T22:06:54.984+0800: 30.614: [Full GC (Allocation Failure) 2021-01-21T22:06:54.984+0800: 30.615: [Tenured: 349460K->349129K(349568K), 0.0311614 secs] 506690K->378753K(506816K), [Metaspace: 2817K->2817K(1056768K)], 0.0321018 secs] [Times: user=0.03 sys=0.00, real=0.03 secs] 
2021-01-21T22:06:55.033+0800: 30.663: [Full GC (Allocation Failure) 2021-01-21T22:06:55.033+0800: 30.664: [Tenured: 349378K->349293K(349568K), 0.0473710 secs] 506563K->376572K(506816K), [Metaspace: 2817K->2817K(1056768K)], 0.0483559 secs] [Times: user=0.05 sys=0.00, real=0.05 secs] 
2021-01-21T22:06:55.099+0800: 30.730: [Full GC (Allocation Failure) 2021-01-21T22:06:55.099+0800: 30.730: [Tenured: 349352K->349344K(349568K), 0.0403642 secs] 506552K->379714K(506816K), [Metaspace: 2817K->2817K(1056768K)], 0.0412267 secs] [Times: user=0.04 sys=0.00, real=0.04 secs] 
2021-01-21T22:06:55.156+0800: 30.786: [Full GC (Allocation Failure) 2021-01-21T22:06:55.156+0800: 30.787: [Tenured: 349537K->349540K(349568K), 0.0482844 secs] 506783K->365862K(506816K), [Metaspace: 2817K->2817K(1056768K)], 0.0491183 secs] [Times: user=0.05 sys=0.00, real=0.05 secs] 
2021-01-21T22:06:55.220+0800: 30.851: [Full GC (Allocation Failure) 2021-01-21T22:06:55.221+0800: 30.851: [Tenured: 349540K->349463K(349568K), 0.0344758 secs] 506759K->382202K(506816K), [Metaspace: 2817K->2817K(1056768K)], 0.0353836 secs] [Times: user=0.04 sys=0.00, real=0.03 secs] 
2021-01-21T22:06:55.269+0800: 30.900: [Full GC (Allocation Failure) 2021-01-21T22:06:55.270+0800: 30.900: [Tenured: 349463K->349306K(349568K), 0.0407524 secs] 506500K->388588K(506816K), [Metaspace: 2817K->2817K(1056768K)], 0.0415625 secs] [Times: user=0.04 sys=0.00, real=0.04 secs] 
2021-01-21T22:06:55.328+0800: 30.958: [Full GC (Allocation Failure) 2021-01-21T22:06:55.328+0800: 30.959: [Tenured: 349306K->349277K(349568K), 0.0481931 secs] 506508K->387752K(506816K), [Metaspace: 2817K->2817K(1056768K)], 0.0492655 secs] [Times: user=0.05 sys=0.00, real=0.05 secs] 
2021-01-21T22:06:55.390+0800: 31.020: [Full GC (Allocation Failure) 2021-01-21T22:06:55.390+0800: 31.021: [Tenured: 349277K->349469K(349568K), 0.0481853 secs] 506156K->371391K(506816K), [Metaspace: 2817K->2817K(1056768K)], 0.0491031 secs] [Times: user=0.05 sys=0.00, real=0.05 secs] 
2021-01-21T22:06:55.455+0800: 31.086: [Full GC (Allocation Failure) 2021-01-21T22:06:55.455+0800: 31.086: [Tenured: 349532K->349498K(349568K), 0.0338413 secs] 506774K->385186K(506816K), [Metaspace: 2817K->2817K(1056768K)], 0.0347857 secs] [Times: user=0.04 sys=0.00, real=0.04 secs] 
2021-01-21T22:06:55.503+0800: 31.134: [Full GC (Allocation Failure) 2021-01-21T22:06:55.504+0800: 31.134: [Tenured: 349498K->349395K(349568K), 0.0407277 secs] 506419K->383648K(506816K), [Metaspace: 2817K->2817K(1056768K)], 0.0416064 secs] [Times: user=0.04 sys=0.00, real=0.04 secs] 
2021-01-21T22:06:55.558+0800: 31.189: [Full GC (Allocation Failure) 2021-01-21T22:06:55.558+0800: 31.189: [Tenured: 349395K->349409K(349568K), 0.0438363 secs] 506522K->390482K(506816K), [Metaspace: 2817K->2817K(1056768K)], 0.0446393 secs] [Times: user=0.05 sys=0.00, real=0.05 secs] 
2021-01-21T22:06:55.617+0800: 31.248: [Full GC (Allocation Failure) 2021-01-21T22:06:55.618+0800: 31.248: [Tenured: 349409K->349550K(349568K), 0.0489781 secs] 506520K->371127K(506816K), [Metaspace: 2817K->2817K(1056768K)], 0.0499059 secs] [Times: user=0.05 sys=0.00, real=0.05 secs] 
2021-01-21T22:06:55.683+0800: 31.314: [Full GC (Allocation Failure) 2021-01-21T22:06:55.684+0800: 31.314: [Tenured: 349550K->349383K(349568K), 0.0305199 secs] 506272K->388297K(506816K), [Metaspace: 2817K->2817K(1056768K)], 0.0314953 secs] [Times: user=0.03 sys=0.00, real=0.03 secs] 
2021-01-21T22:06:55.729+0800: 31.359: [Full GC (Allocation Failure) 2021-01-21T22:06:55.729+0800: 31.360: [Tenured: 349383K->349117K(349568K), 0.0476336 secs] 506492K->389695K(506816K), [Metaspace: 2817K->2817K(1056768K)], 0.0484859 secs] [Times: user=0.05 sys=0.00, real=0.04 secs] 
2021-01-21T22:06:55.793+0800: 31.424: [Full GC (Allocation Failure) 2021-01-21T22:06:55.794+0800: 31.424: [Tenured: 349476K->349184K(349568K), 0.0483293 secs] 506570K->396083K(506816K), [Metaspace: 2817K->2817K(1056768K)], 0.0491164 secs] [Times: user=0.05 sys=0.00, real=0.05 secs] 
2021-01-21T22:06:55.858+0800: 31.489: [Full GC (Allocation Failure) 2021-01-21T22:06:55.859+0800: 31.489: [Tenured: 349545K->349421K(349568K), 0.0505091 secs] 506777K->380520K(506816K), [Metaspace: 2817K->2817K(1056768K)], 0.0513286 secs] [Times: user=0.05 sys=0.00, real=0.05 secs] 
2021-01-21T22:06:55.925+0800: 31.555: [Full GC (Allocation Failure) 2021-01-21T22:06:55.925+0800: 31.556: [Tenured: 349421K->349540K(349568K), 0.0382533 secs] 506365K->393722K(506816K), [Metaspace: 2817K->2817K(1056768K)], 0.0391469 secs] [Times: user=0.04 sys=0.00, real=0.04 secs] 
2021-01-21T22:06:55.977+0800: 31.608: [Full GC (Allocation Failure) 2021-01-21T22:06:55.977+0800: 31.608: [Tenured: 349540K->349028K(349568K), 0.0431968 secs] 506763K->388678K(506816K), [Metaspace: 2817K->2817K(1056768K)], 0.0441619 secs] [Times: user=0.04 sys=0.00, real=0.05 secs] 
2021-01-21T22:06:56.034+0800: 31.665: [Full GC (Allocation Failure) 2021-01-21T22:06:56.034+0800: 31.665: [Tenured: 349460K->349562K(349568K), 0.0444230 secs] 506683K->393374K(506816K), [Metaspace: 2817K->2817K(1056768K)], 0.0452672 secs] [Times: user=0.04 sys=0.00, real=0.05 secs] 
2021-01-21T22:06:56.093+0800: 31.723: [Full GC (Allocation Failure) 2021-01-21T22:06:56.093+0800: 31.724: [Tenured: 349562K->349488K(349568K), 0.0492773 secs] 506550K->373869K(506816K), [Metaspace: 2817K->2817K(1056768K)], 0.0502436 secs] [Times: user=0.05 sys=0.00, real=0.05 secs] 
2021-01-21T22:06:56.160+0800: 31.791: [Full GC (Allocation Failure) 2021-01-21T22:06:56.161+0800: 31.791: [Tenured: 349524K->349548K(349568K), 0.0313337 secs] 506756K->389152K(506816K), [Metaspace: 2817K->2817K(1056768K)], 0.0322366 secs] [Times: user=0.03 sys=0.00, real=0.03 secs] 
2021-01-21T22:06:56.207+0800: 31.838: [Full GC (Allocation Failure) 2021-01-21T22:06:56.208+0800: 31.838: [Tenured: 349548K->349467K(349568K), 0.0397633 secs] 506542K->385569K(506816K), [Metaspace: 2817K->2817K(1056768K)], 0.0409243 secs] [Times: user=0.04 sys=0.00, real=0.05 secs] 
2021-01-21T22:06:56.264+0800: 31.894: [Full GC (Allocation Failure) 2021-01-21T22:06:56.264+0800: 31.895: [Tenured: 349467K->349553K(349568K), 0.0421093 secs] 506627K->378803K(506816K), [Metaspace: 2817K->2817K(1056768K)], 0.0429454 secs] [Times: user=0.04 sys=0.00, real=0.04 secs] 
2021-01-21T22:06:56.323+0800: 31.954: [Full GC (Allocation Failure) 2021-01-21T22:06:56.323+0800: 31.954: [Tenured: 349553K->349464K(349568K), 0.0481447 secs] 506721K->360700K(506816K), [Metaspace: 2817K->2817K(1056768K)], 0.0491392 secs] [Times: user=0.05 sys=0.00, real=0.05 secs] 
2021-01-21T22:06:56.389+0800: 32.020: [Full GC (Allocation Failure) 2021-01-21T22:06:56.389+0800: 32.020: [Tenured: 349464K->348913K(349568K), 0.0334885 secs] 506678K->383294K(506816K), [Metaspace: 2817K->2817K(1056768K)], 0.0344074 secs] [Times: user=0.03 sys=0.00, real=0.03 secs] 
2021-01-21T22:06:56.439+0800: 32.069: [Full GC (Allocation Failure) 2021-01-21T22:06:56.439+0800: 32.070: [Tenured: 349090K->349532K(349568K), 0.0418037 secs] 506323K->386475K(506816K), [Metaspace: 2817K->2817K(1056768K)], 0.0426870 secs] [Times: user=0.04 sys=0.00, real=0.04 secs] 
2021-01-21T22:06:56.497+0800: 32.127: [Full GC (Allocation Failure) 2021-01-21T22:06:56.497+0800: 32.128: [Tenured: 349532K->349426K(349568K), 0.0436892 secs] 506773K->383630K(506816K), [Metaspace: 2817K->2817K(1056768K)], 0.0445847 secs] [Times: user=0.04 sys=0.00, real=0.05 secs] 
2021-01-21T22:06:56.555+0800: 32.186: [Full GC (Allocation Failure) 2021-01-21T22:06:56.556+0800: 32.186: [Tenured: 349426K->349440K(349568K), 0.0483576 secs] 506089K->367681K(506816K), [Metaspace: 2817K->2817K(1056768K)], 0.0491620 secs] [Times: user=0.05 sys=0.00, real=0.05 secs] 
2021-01-21T22:06:56.620+0800: 32.251: [Full GC (Allocation Failure) 2021-01-21T22:06:56.620+0800: 32.251: [Tenured: 349556K->349567K(349568K), 0.0327794 secs] 506802K->393868K(506816K), [Metaspace: 2817K->2817K(1056768K)], 0.0334870 secs] [Times: user=0.03 sys=0.00, real=0.03 secs] 
2021-01-21T22:06:56.667+0800: 32.298: [Full GC (Allocation Failure) 2021-01-21T22:06:56.667+0800: 32.298: [Tenured: 349567K->349284K(349568K), 0.0390170 secs] 506648K->392848K(506816K), [Metaspace: 2817K->2817K(1056768K)], 0.0397497 secs] [Times: user=0.04 sys=0.00, real=0.04 secs] 
2021-01-21T22:06:56.720+0800: 32.350: [Full GC (Allocation Failure) 2021-01-21T22:06:56.720+0800: 32.351: [Tenured: 349563K->349525K(349568K), 0.0435360 secs] 506808K->392838K(506816K), [Metaspace: 2817K->2817K(1056768K)], 0.0442987 secs] [Times: user=0.05 sys=0.00, real=0.04 secs] 
2021-01-21T22:06:56.777+0800: 32.408: [Full GC (Allocation Failure) 2021-01-21T22:06:56.777+0800: 32.408: [Tenured: 349525K->349555K(349568K), 0.0471954 secs] 506756K->374153K(506816K), [Metaspace: 2817K->2817K(1056768K)], 0.0483500 secs] [Times: user=0.05 sys=0.00, real=0.05 secs] 
2021-01-21T22:06:56.843+0800: 32.474: [Full GC (Allocation Failure) 2021-01-21T22:06:56.844+0800: 32.474: [Tenured: 349555K->349503K(349568K), 0.0296092 secs] 506777K->391778K(506816K), [Metaspace: 2817K->2817K(1056768K)], 0.0308108 secs] [Times: user=0.03 sys=0.00, real=0.03 secs] 
2021-01-21T22:06:56.890+0800: 32.520: [Full GC (Allocation Failure) 2021-01-21T22:06:56.890+0800: 32.521: [Tenured: 349503K->349567K(349568K), 0.0456860 secs] 506682K->385013K(506816K), [Metaspace: 2817K->2817K(1056768K)], 0.0464662 secs] [Times: user=0.04 sys=0.00, real=0.04 secs] 
2021-01-21T22:06:56.951+0800: 32.581: [Full GC (Allocation Failure) 2021-01-21T22:06:56.951+0800: 32.582: [Tenured: 349567K->349171K(349568K), 0.0434074 secs] 506313K->393018K(506816K), [Metaspace: 2817K->2817K(1056768K)], 0.0442264 secs] [Times: user=0.04 sys=0.00, real=0.04 secs] 
2021-01-21T22:06:57.010+0800: 32.640: [Full GC (Allocation Failure) 2021-01-21T22:06:57.010+0800: 32.641: [Tenured: 349481K->349472K(349568K), 0.0468920 secs] 506697K->378138K(506816K), [Metaspace: 2817K->2817K(1056768K)], 0.0477522 secs] [Times: user=0.04 sys=0.00, real=0.04 secs] 
2021-01-21T22:06:57.072+0800: 32.703: [Full GC (Allocation Failure) 2021-01-21T22:06:57.073+0800: 32.703: [Tenured: 349472K->349433K(349568K), 0.0276512 secs] 506346K->393684K(506816K), [Metaspace: 2817K->2817K(1056768K)], 0.0284759 secs] [Times: user=0.02 sys=0.00, real=0.03 secs] 
2021-01-21T22:06:57.113+0800: 32.744: [Full GC (Allocation Failure) 2021-01-21T22:06:57.113+0800: 32.744: [Tenured: 349433K->349560K(349568K), 0.0387492 secs] 506525K->392453K(506816K), [Metaspace: 2817K->2817K(1056768K)], 0.0397096 secs] [Times: user=0.04 sys=0.00, real=0.04 secs] 
2021-01-21T22:06:57.166+0800: 32.797: [Full GC (Allocation Failure) 2021-01-21T22:06:57.167+0800: 32.798: [Tenured: 349560K->349331K(349568K), 0.0400869 secs] 506609K->387813K(506816K), [Metaspace: 2817K->2817K(1056768K)], 0.0412117 secs] [Times: user=0.04 sys=0.00, real=0.04 secs] 
2021-01-21T22:06:57.222+0800: 32.853: [Full GC (Allocation Failure) 2021-01-21T22:06:57.222+0800: 32.853: [Tenured: 349331K->349484K(349568K), 0.0478902 secs] 506250K->378018K(506816K), [Metaspace: 2817K->2817K(1056768K)], 0.0489880 secs] [Times: user=0.05 sys=0.00, real=0.05 secs] 
2021-01-21T22:06:57.288+0800: 32.919: [Full GC (Allocation Failure) 2021-01-21T22:06:57.288+0800: 32.919: [Tenured: 349484K->348865K(349568K), 0.0319978 secs] 506569K->391019K(506816K), [Metaspace: 2817K->2817K(1056768K)], 0.0330090 secs] [Times: user=0.03 sys=0.00, real=0.04 secs] 
2021-01-21T22:06:57.337+0800: 32.967: [Full GC (Allocation Failure) 2021-01-21T22:06:57.337+0800: 32.968: [Tenured: 349460K->349322K(349568K), 0.0412129 secs] 506566K->388377K(506816K), [Metaspace: 2817K->2817K(1056768K)], 0.0420895 secs] [Times: user=0.04 sys=0.00, real=0.05 secs] 
2021-01-21T22:06:57.394+0800: 33.025: [Full GC (Allocation Failure) 2021-01-21T22:06:57.394+0800: 33.025: [Tenured: 349554K->349535K(349568K), 0.0414962 secs] 506793K->387426K(506816K), [Metaspace: 2817K->2817K(1056768K)], 0.0424015 secs] [Times: user=0.04 sys=0.00, real=0.04 secs] 
2021-01-21T22:06:57.452+0800: 33.082: [Full GC (Allocation Failure) 2021-01-21T22:06:57.452+0800: 33.083: [Tenured: 349535K->349487K(349568K), 0.0461886 secs] 506404K->365241K(506816K), [Metaspace: 2817K->2817K(1056768K)], 0.0472707 secs] [Times: user=0.04 sys=0.00, real=0.05 secs] 
2021-01-21T22:06:57.515+0800: 33.146: [Full GC (Allocation Failure) 2021-01-21T22:06:57.516+0800: 33.147: [Tenured: 349487K->349534K(349568K), 0.0300630 secs] 506564K->387129K(506816K), [Metaspace: 2817K->2817K(1056768K)], 0.0311575 secs] [Times: user=0.03 sys=0.00, real=0.03 secs] 
2021-01-21T22:06:57.562+0800: 33.192: [Full GC (Allocation Failure) 2021-01-21T22:06:57.562+0800: 33.193: [Tenured: 349534K->349349K(349568K), 0.0395124 secs] 506432K->390038K(506816K), [Metaspace: 2817K->2817K(1056768K)], 0.0404627 secs] [Times: user=0.04 sys=0.00, real=0.04 secs] 
2021-01-21T22:06:57.615+0800: 33.246: [Full GC (Allocation Failure) 2021-01-21T22:06:57.615+0800: 33.246: [Tenured: 349349K->349258K(349568K), 0.0429115 secs] 506458K->393345K(506816K), [Metaspace: 2817K->2817K(1056768K)], 0.0439428 secs] [Times: user=0.05 sys=0.00, real=0.05 secs] 
2021-01-21T22:06:57.673+0800: 33.304: [Full GC (Allocation Failure) 2021-01-21T22:06:57.673+0800: 33.304: [Tenured: 349258K->349298K(349568K), 0.0476010 secs] 506418K->377001K(506816K), [Metaspace: 2817K->2817K(1056768K)], 0.0486200 secs] [Times: user=0.05 sys=0.00, real=0.05 secs] 
2021-01-21T22:06:57.738+0800: 33.368: [Full GC (Allocation Failure) 2021-01-21T22:06:57.738+0800: 33.369: [Tenured: 349298K->349322K(349568K), 0.0289480 secs] 506364K->387509K(506816K), [Metaspace: 2817K->2817K(1056768K)], 0.0299283 secs] [Times: user=0.02 sys=0.01, real=0.03 secs] 
2021-01-21T22:06:57.783+0800: 33.414: [Full GC (Allocation Failure) 2021-01-21T22:06:57.784+0800: 33.414: [Tenured: 349322K->349237K(349568K), 0.0362644 secs] 506442K->381829K(506816K), [Metaspace: 2817K->2817K(1056768K)], 0.0372390 secs] [Times: user=0.03 sys=0.00, real=0.04 secs] 
2021-01-21T22:06:57.836+0800: 33.467: [Full GC (Allocation Failure) 2021-01-21T22:06:57.836+0800: 33.467: [Tenured: 349489K->349566K(349568K), 0.0428005 secs] 506710K->385084K(506816K), [Metaspace: 2817K->2817K(1056768K)], 0.0436620 secs] [Times: user=0.04 sys=0.00, real=0.05 secs] 
2021-01-21T22:06:57.894+0800: 33.525: [Full GC (Allocation Failure) 2021-01-21T22:06:57.895+0800: 33.525: [Tenured: 349566K->349432K(349568K), 0.0497312 secs] 506747K->370113K(506816K), [Metaspace: 2817K->2817K(1056768K)], 0.0505698 secs] [Times: user=0.05 sys=0.00, real=0.05 secs] 
2021-01-21T22:06:57.962+0800: 33.592: [Full GC (Allocation Failure) 2021-01-21T22:06:57.962+0800: 33.593: [Tenured: 349432K->349461K(349568K), 0.0294392 secs] 506355K->387015K(506816K), [Metaspace: 2817K->2817K(1056768K)], 0.0303424 secs] [Times: user=0.03 sys=0.00, real=0.03 secs] 
2021-01-21T22:06:58.008+0800: 33.638: [Full GC (Allocation Failure) 2021-01-21T22:06:58.008+0800: 33.639: [Tenured: 349461K->349478K(349568K), 0.0444548 secs] 506665K->389364K(506816K), [Metaspace: 2817K->2817K(1056768K)], 0.0454405 secs] [Times: user=0.04 sys=0.00, real=0.05 secs] 
2021-01-21T22:06:58.067+0800: 33.697: [Full GC (Allocation Failure) 2021-01-21T22:06:58.067+0800: 33.698: [Tenured: 349478K->349205K(349568K), 0.0434420 secs] 506614K->391990K(506816K), [Metaspace: 2817K->2817K(1056768K)], 0.0442640 secs] [Times: user=0.05 sys=0.00, real=0.05 secs] 
2021-01-21T22:06:58.124+0800: 33.754: [Full GC (Allocation Failure) 2021-01-21T22:06:58.124+0800: 33.755: [Tenured: 349519K->349439K(349568K), 0.0513045 secs] 506736K->376884K(506816K), [Metaspace: 2817K->2817K(1056768K)], 0.0521209 secs] [Times: user=0.05 sys=0.00, real=0.05 secs] 
2021-01-21T22:06:58.191+0800: 33.822: [Full GC (Allocation Failure) 2021-01-21T22:06:58.191+0800: 33.822: [Tenured: 349439K->349554K(349568K), 0.0337637 secs] 506560K->401977K(506816K), [Metaspace: 2817K->2817K(1056768K)], 0.0346072 secs] [Times: user=0.03 sys=0.00, real=0.03 secs] 
2021-01-21T22:06:58.237+0800: 33.868: [Full GC (Allocation Failure) 2021-01-21T22:06:58.238+0800: 33.868: [Tenured: 349554K->349538K(349568K), 0.0400964 secs] 506679K->407350K(506816K), [Metaspace: 2817K->2817K(1056768K)], 0.0410729 secs] [Times: user=0.04 sys=0.00, real=0.05 secs] 
2021-01-21T22:06:58.289+0800: 33.920: [Full GC (Allocation Failure) 2021-01-21T22:06:58.289+0800: 33.920: [Tenured: 349538K->349516K(349568K), 0.0445195 secs] 506594K->407886K(506816K), [Metaspace: 2817K->2817K(1056768K)], 0.0453617 secs] [Times: user=0.04 sys=0.00, real=0.04 secs] 
2021-01-21T22:06:58.346+0800: 33.977: [Full GC (Allocation Failure) 2021-01-21T22:06:58.347+0800: 33.978: [Tenured: 349516K->349540K(349568K), 0.0519866 secs] 506464K->389039K(506816K), [Metaspace: 2817K->2817K(1056768K)], 0.0528607 secs] [Times: user=0.05 sys=0.00, real=0.06 secs] 
2021-01-21T22:06:58.412+0800: 34.043: [Full GC (Allocation Failure) 2021-01-21T22:06:58.413+0800: 34.043: [Tenured: 349540K->349463K(349568K), 0.0321764 secs] 506607K->409248K(506816K), [Metaspace: 2817K->2817K(1056768K)], 0.0329850 secs] [Times: user=0.03 sys=0.00, real=0.03 secs] 
2021-01-21T22:06:58.458+0800: 34.089: [Full GC (Allocation Failure) 2021-01-21T22:06:58.458+0800: 34.089: [Tenured: 349463K->349442K(349568K), 0.0392573 secs] 506626K->407717K(506816K), [Metaspace: 2817K->2817K(1056768K)], 0.0401446 secs] [Times: user=0.03 sys=0.00, real=0.05 secs] 
2021-01-21T22:06:58.511+0800: 34.142: [Full GC (Allocation Failure) 2021-01-21T22:06:58.511+0800: 34.142: [Tenured: 349557K->349269K(349568K), 0.0426722 secs] 506804K->405489K(506816K), [Metaspace: 2817K->2817K(1056768K)], 0.0434780 secs] [Times: user=0.04 sys=0.00, real=0.04 secs] 
2021-01-21T22:06:58.567+0800: 34.197: [Full GC (Allocation Failure) 2021-01-21T22:06:58.567+0800: 34.198: [Tenured: 349549K->349107K(349568K), 0.0517229 secs] 506651K->391000K(506816K), [Metaspace: 2817K->2817K(1056768K)], 0.0524603 secs] [Times: user=0.05 sys=0.00, real=0.06 secs] 
2021-01-21T22:06:58.633+0800: 34.264: [Full GC (Allocation Failure) 2021-01-21T22:06:58.633+0800: 34.264: [Tenured: 349107K->349454K(349568K), 0.0385166 secs] 505820K->407342K(506816K), [Metaspace: 2817K->2817K(1056768K)], 0.0394516 secs] [Times: user=0.03 sys=0.00, real=0.04 secs] 
2021-01-21T22:06:58.685+0800: 34.316: [Full GC (Allocation Failure) 2021-01-21T22:06:58.686+0800: 34.317: [Tenured: 349454K->348941K(349568K), 0.0439983 secs] 506439K->404742K(506816K), [Metaspace: 2817K->2817K(1056768K)], 0.0448562 secs] [Times: user=0.04 sys=0.00, real=0.05 secs] 
2021-01-21T22:06:58.744+0800: 34.374: [Full GC (Allocation Failure) 2021-01-21T22:06:58.744+0800: 34.375: [Tenured: 349547K->349546K(349568K), 0.0475363 secs] 506756K->398218K(506816K), [Metaspace: 2817K->2817K(1056768K)], 0.0483664 secs] [Times: user=0.05 sys=0.00, real=0.05 secs] 
2021-01-21T22:06:58.805+0800: 34.436: [Full GC (Allocation Failure) 2021-01-21T22:06:58.806+0800: 34.437: [Tenured: 349546K->349339K(349568K), 0.0538607 secs] 506780K->379569K(506816K), [Metaspace: 2817K->2817K(1056768K)], 0.0546986 secs] [Times: user=0.06 sys=0.00, real=0.06 secs] 
2021-01-21T22:06:58.877+0800: 34.507: [Full GC (Allocation Failure) 2021-01-21T22:06:58.877+0800: 34.508: [Tenured: 349339K->349560K(349568K), 0.0345009 secs] 506548K->399012K(506816K), [Metaspace: 2817K->2817K(1056768K)], 0.0351970 secs] [Times: user=0.04 sys=0.00, real=0.04 secs] 
2021-01-21T22:06:58.923+0800: 34.554: [Full GC (Allocation Failure) 2021-01-21T22:06:58.924+0800: 34.555: [Tenured: 349560K->349300K(349568K), 0.0395414 secs] 506749K->404184K(506816K), [Metaspace: 2817K->2817K(1056768K)], 0.0402460 secs] [Times: user=0.04 sys=0.00, real=0.04 secs] 
2021-01-21T22:06:58.977+0800: 34.608: [Full GC (Allocation Failure) 2021-01-21T22:06:58.977+0800: 34.608: [Tenured: 349300K->349298K(349568K), 0.0439190 secs] 506054K->405977K(506816K), [Metaspace: 2817K->2817K(1056768K)], 0.0446524 secs] [Times: user=0.05 sys=0.00, real=0.05 secs] 
2021-01-21T22:06:59.034+0800: 34.665: [Full GC (Allocation Failure) 2021-01-21T22:06:59.034+0800: 34.665: [Tenured: 349298K->349501K(349568K), 0.0525967 secs] 506407K->390995K(506816K), [Metaspace: 2817K->2817K(1056768K)], 0.0534715 secs] [Times: user=0.05 sys=0.00, real=0.05 secs] 
2021-01-21T22:06:59.100+0800: 34.731: [Full GC (Allocation Failure) 2021-01-21T22:06:59.100+0800: 34.731: [Tenured: 349501K->349277K(349568K), 0.0377469 secs] 506309K->408649K(506816K), [Metaspace: 2817K->2817K(1056768K)], 0.0386983 secs] [Times: user=0.04 sys=0.00, real=0.04 secs] 
2021-01-21T22:06:59.153+0800: 34.783: [Full GC (Allocation Failure) 2021-01-21T22:06:59.153+0800: 34.784: [Tenured: 349529K->349567K(349568K), 0.0406666 secs] 506756K->408400K(506816K), [Metaspace: 2817K->2817K(1056768K)], 0.0413789 secs] [Times: user=0.04 sys=0.00, real=0.04 secs] 
2021-01-21T22:06:59.206+0800: 34.837: [Full GC (Allocation Failure) 2021-01-21T22:06:59.207+0800: 34.838: [Tenured: 349567K->349454K(349568K), 0.0478967 secs] 506184K->404127K(506816K), [Metaspace: 2817K->2817K(1056768K)], 0.0489763 secs] [Times: user=0.04 sys=0.00, real=0.05 secs] 
2021-01-21T22:06:59.267+0800: 34.898: [Full GC (Allocation Failure) 2021-01-21T22:06:59.268+0800: 34.898: [Tenured: 349454K->349240K(349568K), 0.0513540 secs] 506432K->383360K(506816K), [Metaspace: 2817K->2817K(1056768K)], 0.0522813 secs] [Times: user=0.06 sys=0.00, real=0.06 secs] 
2021-01-21T22:06:59.335+0800: 34.966: [Full GC (Allocation Failure) 2021-01-21T22:06:59.336+0800: 34.967: [Tenured: 349529K->349450K(349568K), 0.0353048 secs] 506769K->393907K(506816K), [Metaspace: 2817K->2817K(1056768K)], 0.0363033 secs] [Times: user=0.04 sys=0.00, real=0.04 secs] 
2021-01-21T22:06:59.385+0800: 35.016: [Full GC (Allocation Failure) 2021-01-21T22:06:59.386+0800: 35.017: [Tenured: 349450K->349488K(349568K), 0.0423399 secs] 506616K->392213K(506816K), [Metaspace: 2817K->2817K(1056768K)], 0.0433201 secs] [Times: user=0.04 sys=0.00, real=0.05 secs] 
2021-01-21T22:06:59.443+0800: 35.074: [Full GC (Allocation Failure) 2021-01-21T22:06:59.444+0800: 35.075: [Tenured: 349488K->349473K(349568K), 0.0435836 secs] 506694K->389544K(506816K), [Metaspace: 2817K->2817K(1056768K)], 0.0445270 secs] [Times: user=0.04 sys=0.00, real=0.05 secs] 
2021-01-21T22:06:59.501+0800: 35.132: [Full GC (Allocation Failure) 2021-01-21T22:06:59.502+0800: 35.133: [Tenured: 349473K->348954K(349568K), 0.0489451 secs] 506691K->373883K(506816K), [Metaspace: 2817K->2817K(1056768K)], 0.0498311 secs] [Times: user=0.05 sys=0.00, real=0.05 secs] 
2021-01-21T22:06:59.568+0800: 35.199: [Full GC (Allocation Failure) 2021-01-21T22:06:59.569+0800: 35.199: [Tenured: 349327K->349233K(349568K), 0.0336978 secs] 506517K->392657K(506816K), [Metaspace: 2817K->2817K(1056768K)], 0.0345640 secs] [Times: user=0.03 sys=0.00, real=0.04 secs] 
2021-01-21T22:06:59.617+0800: 35.247: [Full GC (Allocation Failure) 2021-01-21T22:06:59.617+0800: 35.248: [Tenured: 349233K->349425K(349568K), 0.0431619 secs] 506170K->390666K(506816K), [Metaspace: 2817K->2817K(1056768K)], 0.0440427 secs] [Times: user=0.05 sys=0.00, real=0.05 secs] 
2021-01-21T22:06:59.676+0800: 35.306: [Full GC (Allocation Failure) 2021-01-21T22:06:59.676+0800: 35.307: [Tenured: 349425K->349469K(349568K), 0.0452713 secs] 506671K->390546K(506816K), [Metaspace: 2817K->2817K(1056768K)], 0.0461680 secs] [Times: user=0.05 sys=0.00, real=0.05 secs] 
2021-01-21T22:06:59.735+0800: 35.366: [Full GC (Allocation Failure) 2021-01-21T22:06:59.735+0800: 35.366: [Tenured: 349469K->349530K(349568K), 0.0474590 secs] 506207K->371441K(506816K), [Metaspace: 2817K->2817K(1056768K)], 0.0484271 secs] [Times: user=0.05 sys=0.00, real=0.05 secs] 
2021-01-21T22:06:59.800+0800: 35.431: [Full GC (Allocation Failure) 2021-01-21T22:06:59.801+0800: 35.432: [Tenured: 349530K->349276K(349568K), 0.0355462 secs] 506344K->386345K(506816K), [Metaspace: 2817K->2817K(1056768K)], 0.0364223 secs] [Times: user=0.04 sys=0.00, real=0.03 secs] 
2021-01-21T22:06:59.854+0800: 35.484: [Full GC (Allocation Failure) 2021-01-21T22:06:59.854+0800: 35.485: [Tenured: 349462K->349405K(349568K), 0.0438149 secs] 506678K->384570K(506816K), [Metaspace: 2817K->2817K(1056768K)], 0.0447797 secs] [Times: user=0.04 sys=0.00, real=0.05 secs] 
2021-01-21T22:06:59.914+0800: 35.545: [Full GC (Allocation Failure) 2021-01-21T22:06:59.914+0800: 35.545: [Tenured: 349405K->348817K(349568K), 0.0444830 secs] 506590K->389511K(506816K), [Metaspace: 2817K->2817K(1056768K)], 0.0454027 secs] [Times: user=0.05 sys=0.00, real=0.05 secs] 
2021-01-21T22:06:59.973+0800: 35.604: [Full GC (Allocation Failure) 2021-01-21T22:06:59.973+0800: 35.604: [Tenured: 349168K->349499K(349568K), 0.0492678 secs] 506405K->378364K(506816K), [Metaspace: 2817K->2817K(1056768K)], 0.0501030 secs] [Times: user=0.05 sys=0.00, real=0.05 secs] 
2021-01-21T22:07:00.037+0800: 35.668: [Full GC (Allocation Failure) 2021-01-21T22:07:00.038+0800: 35.668: [Tenured: 349499K->349114K(349568K), 0.0340933 secs] 506650K->394099K(506816K), [Metaspace: 2817K->2817K(1056768K)], 0.0350623 secs] [Times: user=0.03 sys=0.00, real=0.04 secs] 
2021-01-21T22:07:00.087+0800: 35.718: [Full GC (Allocation Failure) 2021-01-21T22:07:00.087+0800: 35.718: [Tenured: 349114K->349523K(349568K), 0.0387291 secs] 506109K->392092K(506816K), [Metaspace: 2817K->2817K(1056768K)], 0.0399556 secs] [Times: user=0.04 sys=0.00, real=0.04 secs] 
2021-01-21T22:07:00.141+0800: 35.772: [Full GC (Allocation Failure) 2021-01-21T22:07:00.142+0800: 35.773: [Tenured: 349523K->349312K(349568K), 0.0413075 secs] 506413K->395091K(506816K), [Metaspace: 2817K->2817K(1056768K)], 0.0423395 secs] [Times: user=0.04 sys=0.00, real=0.04 secs] 
2021-01-21T22:07:00.198+0800: 35.828: [Full GC (Allocation Failure) 2021-01-21T22:07:00.198+0800: 35.829: [Tenured: 349560K->349239K(349568K), 0.0512668 secs] 506808K->378315K(506816K), [Metaspace: 2817K->2817K(1056768K)], 0.0523212 secs] [Times: user=0.05 sys=0.00, real=0.06 secs] 
2021-01-21T22:07:00.266+0800: 35.897: [Full GC (Allocation Failure) 2021-01-21T22:07:00.266+0800: 35.897: [Tenured: 349527K->349171K(349568K), 0.0299897 secs] 506622K->400362K(506816K), [Metaspace: 2817K->2817K(1056768K)], 0.0309983 secs] [Times: user=0.03 sys=0.00, real=0.03 secs] 
2021-01-21T22:07:00.312+0800: 35.942: [Full GC (Allocation Failure) 2021-01-21T22:07:00.312+0800: 35.943: [Tenured: 349171K->349468K(349568K), 0.0447469 secs] 505758K->404711K(506816K), [Metaspace: 2817K->2817K(1056768K)], 0.0455558 secs] [Times: user=0.05 sys=0.00, real=0.04 secs] 
2021-01-21T22:07:00.369+0800: 36.000: [Full GC (Allocation Failure) 2021-01-21T22:07:00.370+0800: 36.001: [Tenured: 349468K->349540K(349568K), 0.0475819 secs] 506371K->412452K(506816K), [Metaspace: 2817K->2817K(1056768K)], 0.0484601 secs] [Times: user=0.05 sys=0.00, real=0.05 secs] 
2021-01-21T22:07:00.430+0800: 36.061: [Full GC (Allocation Failure) 2021-01-21T22:07:00.430+0800: 36.061: [Tenured: 349540K->349533K(349568K), 0.0508392 secs] 506747K->395742K(506816K), [Metaspace: 2817K->2817K(1056768K)], 0.0519012 secs] [Times: user=0.05 sys=0.00, real=0.05 secs] 
2021-01-21T22:07:00.497+0800: 36.127: [Full GC (Allocation Failure) 2021-01-21T22:07:00.497+0800: 36.128: [Tenured: 349533K->349320K(349568K), 0.0266837 secs] 506751K->410913K(506816K), [Metaspace: 2817K->2817K(1056768K)], 0.0275524 secs] [Times: user=0.03 sys=0.00, real=0.03 secs] 
2021-01-21T22:07:00.535+0800: 36.165: [Full GC (Allocation Failure) 2021-01-21T22:07:00.535+0800: 36.166: [Tenured: 349320K->349291K(349568K), 0.0377507 secs] 505953K->412401K(506816K), [Metaspace: 2817K->2817K(1056768K)], 0.0387722 secs] [Times: user=0.04 sys=0.00, real=0.04 secs] 
2021-01-21T22:07:00.585+0800: 36.216: [Full GC (Allocation Failure) 2021-01-21T22:07:00.586+0800: 36.216: [Tenured: 349457K->349503K(349568K), 0.0458458 secs] 506703K->410976K(506816K), [Metaspace: 2817K->2817K(1056768K)], 0.0466263 secs] [Times: user=0.04 sys=0.00, real=0.05 secs] 
2021-01-21T22:07:00.643+0800: 36.274: [Full GC (Allocation Failure) 2021-01-21T22:07:00.644+0800: 36.274: [Tenured: 349503K->349132K(349568K), 0.0476476 secs] 506681K->387893K(506816K), [Metaspace: 2817K->2817K(1056768K)], 0.0485739 secs] [Times: user=0.05 sys=0.00, real=0.05 secs] 
2021-01-21T22:07:00.706+0800: 36.337: [Full GC (Allocation Failure) 2021-01-21T22:07:00.707+0800: 36.337: [Tenured: 349132K->349324K(349568K), 0.0313195 secs] 506237K->403210K(506816K), [Metaspace: 2817K->2817K(1056768K)], 0.0322000 secs] [Times: user=0.03 sys=0.00, real=0.04 secs] 
2021-01-21T22:07:00.750+0800: 36.381: [Full GC (Allocation Failure) 2021-01-21T22:07:00.751+0800: 36.382: [Tenured: 349324K->349375K(349568K), 0.0410451 secs] 506407K->405665K(506816K), [Metaspace: 2817K->2817K(1056768K)], 0.0422820 secs] [Times: user=0.04 sys=0.00, real=0.04 secs] 
2021-01-21T22:07:00.802+0800: 36.433: [Full GC (Allocation Failure) 2021-01-21T22:07:00.803+0800: 36.433: [Tenured: 349375K->349337K(349568K), 0.0468528 secs] 506425K->403850K(506816K), [Metaspace: 2817K->2817K(1056768K)], 0.0477520 secs] [Times: user=0.04 sys=0.00, real=0.05 secs] 
2021-01-21T22:07:00.863+0800: 36.494: [Full GC (Allocation Failure) 2021-01-21T22:07:00.863+0800: 36.494: [Tenured: 349337K->349398K(349568K), 0.0490655 secs] 506521K->385135K(506816K), [Metaspace: 2817K->2817K(1056768K)], 0.0498825 secs] [Times: user=0.05 sys=0.00, real=0.05 secs] 
2021-01-21T22:07:00.929+0800: 36.560: [Full GC (Allocation Failure) 2021-01-21T22:07:00.929+0800: 36.560: [Tenured: 349553K->349557K(349568K), 0.0323554 secs] 506762K->403889K(506816K), [Metaspace: 2817K->2817K(1056768K)], 0.0332801 secs] [Times: user=0.03 sys=0.00, real=0.03 secs] 
2021-01-21T22:07:00.976+0800: 36.607: [Full GC (Allocation Failure) 2021-01-21T22:07:00.976+0800: 36.607: [Tenured: 349557K->349558K(349568K), 0.0383267 secs] 506542K->404197K(506816K), [Metaspace: 2817K->2817K(1056768K)], 0.0392496 secs] [Times: user=0.04 sys=0.00, real=0.04 secs] 
2021-01-21T22:07:01.027+0800: 36.658: [Full GC (Allocation Failure) 2021-01-21T22:07:01.028+0800: 36.659: [Tenured: 349558K->349310K(349568K), 0.0441179 secs] 506692K->403469K(506816K), [Metaspace: 2817K->2817K(1056768K)], 0.0450639 secs] [Times: user=0.04 sys=0.00, real=0.05 secs] 
2021-01-21T22:07:01.085+0800: 36.716: [Full GC (Allocation Failure) 2021-01-21T22:07:01.086+0800: 36.716: [Tenured: 349310K->349408K(349568K), 0.0484569 secs] 506483K->382720K(506816K), [Metaspace: 2817K->2817K(1056768K)], 0.0493910 secs] [Times: user=0.05 sys=0.00, real=0.05 secs] 
2021-01-21T22:07:01.149+0800: 36.780: [Full GC (Allocation Failure) 2021-01-21T22:07:01.149+0800: 36.780: [Tenured: 349408K->349297K(349568K), 0.0266344 secs] 506600K->403609K(506816K), [Metaspace: 2817K->2817K(1056768K)], 0.0275392 secs] [Times: user=0.02 sys=0.00, real=0.02 secs] 
2021-01-21T22:07:01.188+0800: 36.819: [Full GC (Allocation Failure) 2021-01-21T22:07:01.189+0800: 36.819: [Tenured: 349297K->349416K(349568K), 0.0417357 secs] 506226K->404646K(506816K), [Metaspace: 2817K->2817K(1056768K)], 0.0426441 secs] [Times: user=0.04 sys=0.00, real=0.05 secs] 
2021-01-21T22:07:01.243+0800: 36.873: [Full GC (Allocation Failure) 2021-01-21T22:07:01.243+0800: 36.874: [Tenured: 349416K->349328K(349568K), 0.0444130 secs] 506489K->404938K(506816K), [Metaspace: 2817K->2817K(1056768K)], 0.0456351 secs] [Times: user=0.04 sys=0.00, real=0.05 secs] 
2021-01-21T22:07:01.301+0800: 36.931: [Full GC (Allocation Failure) 2021-01-21T22:07:01.301+0800: 36.932: [Tenured: 349328K->349139K(349568K), 0.0509383 secs] 506413K->381328K(506816K), [Metaspace: 2817K->2817K(1056768K)], 0.0519374 secs] [Times: user=0.05 sys=0.00, real=0.05 secs] 
2021-01-21T22:07:01.368+0800: 36.999: [Full GC (Allocation Failure) 2021-01-21T22:07:01.369+0800: 36.999: [Tenured: 349139K->349354K(349568K), 0.0355070 secs] 506121K->400588K(506816K), [Metaspace: 2817K->2817K(1056768K)], 0.0363483 secs] [Times: user=0.03 sys=0.00, real=0.03 secs] 
2021-01-21T22:07:01.422+0800: 37.052: [Full GC (Allocation Failure) 2021-01-21T22:07:01.422+0800: 37.053: [Tenured: 349354K->349545K(349568K), 0.0443198 secs] 506467K->404003K(506816K), [Metaspace: 2817K->2817K(1056768K)], 0.0451892 secs] [Times: user=0.04 sys=0.00, real=0.04 secs] 
2021-01-21T22:07:01.479+0800: 37.110: [Full GC (Allocation Failure) 2021-01-21T22:07:01.480+0800: 37.110: [Tenured: 349545K->349431K(349568K), 0.0466812 secs] 506663K->404255K(506816K), [Metaspace: 2817K->2817K(1056768K)], 0.0476225 secs] [Times: user=0.04 sys=0.00, real=0.04 secs] 
2021-01-21T22:07:01.539+0800: 37.169: [Full GC (Allocation Failure) 2021-01-21T22:07:01.539+0800: 37.170: [Tenured: 349431K->349358K(349568K), 0.0527155 secs] 506532K->380161K(506816K), [Metaspace: 2817K->2817K(1056768K)], 0.0536575 secs] [Times: user=0.06 sys=0.00, real=0.05 secs] 
2021-01-21T22:07:01.608+0800: 37.239: [Full GC (Allocation Failure) 2021-01-21T22:07:01.608+0800: 37.239: [Tenured: 349567K->349541K(349568K), 0.0328514 secs] 506811K->402612K(506816K), [Metaspace: 2817K->2817K(1056768K)], 0.0336779 secs] [Times: user=0.03 sys=0.00, real=0.04 secs] 
2021-01-21T22:07:01.655+0800: 37.286: [Full GC (Allocation Failure) 2021-01-21T22:07:01.656+0800: 37.286: [Tenured: 349541K->349389K(349568K), 0.0410635 secs] 506698K->401536K(506816K), [Metaspace: 2817K->2817K(1056768K)], 0.0420333 secs] [Times: user=0.04 sys=0.00, real=0.04 secs] 
2021-01-21T22:07:01.711+0800: 37.342: [Full GC (Allocation Failure) 2021-01-21T22:07:01.712+0800: 37.342: [Tenured: 349389K->349228K(349568K), 0.0451499 secs] 506284K->400174K(506816K), [Metaspace: 2817K->2817K(1056768K)], 0.0462454 secs] [Times: user=0.05 sys=0.00, real=0.04 secs] 
2021-01-21T22:07:01.770+0800: 37.401: [Full GC (Allocation Failure) 2021-01-21T22:07:01.770+0800: 37.401: [Tenured: 349559K->349502K(349568K), 0.0523801 secs] 506622K->381621K(506816K), [Metaspace: 2817K->2817K(1056768K)], 0.0532889 secs] [Times: user=0.05 sys=0.00, real=0.05 secs] 
2021-01-21T22:07:01.839+0800: 37.469: [Full GC (Allocation Failure) 2021-01-21T22:07:01.839+0800: 37.470: [Tenured: 349502K->349464K(349568K), 0.0330308 secs] 506567K->400928K(506816K), [Metaspace: 2817K->2817K(1056768K)], 0.0339301 secs] [Times: user=0.03 sys=0.00, real=0.03 secs] 
2021-01-21T22:07:01.885+0800: 37.516: [Full GC (Allocation Failure) 2021-01-21T22:07:01.885+0800: 37.516: [Tenured: 349464K->349461K(349568K), 0.0422005 secs] 506473K->401249K(506816K), [Metaspace: 2817K->2817K(1056768K)], 0.0430004 secs] [Times: user=0.04 sys=0.00, real=0.05 secs] 
2021-01-21T22:07:01.942+0800: 37.572: [Full GC (Allocation Failure) 2021-01-21T22:07:01.942+0800: 37.573: [Tenured: 349461K->349556K(349568K), 0.0450752 secs] 506572K->400623K(506816K), [Metaspace: 2817K->2817K(1056768K)], 0.0459012 secs] [Times: user=0.04 sys=0.00, real=0.04 secs] 
2021-01-21T22:07:01.999+0800: 37.630: [Full GC (Allocation Failure) 2021-01-21T22:07:02.000+0800: 37.630: [Tenured: 349556K->349436K(349568K), 0.0528706 secs] 506407K->385557K(506816K), [Metaspace: 2817K->2817K(1056768K)], 0.0538160 secs] [Times: user=0.06 sys=0.00, real=0.05 secs] 
2021-01-21T22:07:02.068+0800: 37.699: [Full GC (Allocation Failure) 2021-01-21T22:07:02.069+0800: 37.700: [Tenured: 349436K->349394K(349568K), 0.0296228 secs] 506670K->405476K(506816K), [Metaspace: 2817K->2817K(1056768K)], 0.0304664 secs] [Times: user=0.03 sys=0.00, real=0.03 secs] 
2021-01-21T22:07:02.111+0800: 37.742: [Full GC (Allocation Failure) 2021-01-21T22:07:02.112+0800: 37.742: [Tenured: 349394K->349554K(349568K), 0.0453973 secs] 506595K->405169K(506816K), [Metaspace: 2817K->2817K(1056768K)], 0.0463695 secs] [Times: user=0.05 sys=0.00, real=0.04 secs] 
2021-01-21T22:07:02.171+0800: 37.801: [Full GC (Allocation Failure) 2021-01-21T22:07:02.171+0800: 37.802: [Tenured: 349554K->349413K(349568K), 0.0475017 secs] 506507K->403283K(506816K), [Metaspace: 2817K->2817K(1056768K)], 0.0482499 secs] [Times: user=0.05 sys=0.00, real=0.05 secs] 
2021-01-21T22:07:02.231+0800: 37.862: [Full GC (Allocation Failure) 2021-01-21T22:07:02.232+0800: 37.862: [Tenured: 349530K->349278K(349568K), 0.0463279 secs] 506727K->381643K(506816K), [Metaspace: 2817K->2817K(1056768K)], 0.0470266 secs] [Times: user=0.04 sys=0.00, real=0.05 secs] 
2021-01-21T22:07:02.293+0800: 37.923: [Full GC (Allocation Failure) 2021-01-21T22:07:02.293+0800: 37.924: [Tenured: 349503K->349485K(349568K), 0.0289589 secs] 506740K->402522K(506816K), [Metaspace: 2817K->2817K(1056768K)], 0.0297970 secs] [Times: user=0.03 sys=0.00, real=0.03 secs] 
2021-01-21T22:07:02.335+0800: 37.965: [Full GC (Allocation Failure) 2021-01-21T22:07:02.335+0800: 37.966: [Tenured: 349485K->349264K(349568K), 0.0425247 secs] 506702K->397704K(506816K), [Metaspace: 2817K->2817K(1056768K)], 0.0434233 secs] [Times: user=0.04 sys=0.00, real=0.05 secs] 
2021-01-21T22:07:02.393+0800: 38.023: [Full GC (Allocation Failure) 2021-01-21T22:07:02.393+0800: 38.024: [Tenured: 349516K->349550K(349568K), 0.0423567 secs] 506745K->396800K(506816K), [Metaspace: 2817K->2817K(1056768K)], 0.0431859 secs] [Times: user=0.04 sys=0.00, real=0.04 secs] 
2021-01-21T22:07:02.449+0800: 38.080: [Full GC (Allocation Failure) 2021-01-21T22:07:02.450+0800: 38.081: [Tenured: 349550K->349524K(349568K), 0.0537088 secs] 506780K->376830K(506816K), [Metaspace: 2817K->2817K(1056768K)], 0.0548689 secs] [Times: user=0.05 sys=0.00, real=0.05 secs] 
2021-01-21T22:07:02.522+0800: 38.152: [Full GC (Allocation Failure) 2021-01-21T22:07:02.522+0800: 38.153: [Tenured: 349524K->349445K(349568K), 0.0344308 secs] 506711K->397985K(506816K), [Metaspace: 2817K->2817K(1056768K)], 0.0353431 secs] [Times: user=0.04 sys=0.00, real=0.03 secs] 
2021-01-21T22:07:02.572+0800: 38.203: [Full GC (Allocation Failure) 2021-01-21T22:07:02.573+0800: 38.203: [Tenured: 349445K->349534K(349568K), 0.0405707 secs] 506554K->391172K(506816K), [Metaspace: 2817K->2817K(1056768K)], 0.0413682 secs] [Times: user=0.04 sys=0.00, real=0.04 secs] 
2021-01-21T22:07:02.630+0800: 38.261: [Full GC (Allocation Failure) 2021-01-21T22:07:02.631+0800: 38.262: [Tenured: 349534K->349005K(349568K), 0.0437263 secs] 506780K->390356K(506816K), [Metaspace: 2817K->2817K(1056768K)], 0.0445709 secs] [Times: user=0.04 sys=0.00, real=0.04 secs] 
2021-01-21T22:07:02.689+0800: 38.320: [Full GC (Allocation Failure) 2021-01-21T22:07:02.689+0800: 38.320: [Tenured: 349289K->349541K(349568K), 0.0470836 secs] 506536K->374924K(506816K), [Metaspace: 2817K->2817K(1056768K)], 0.0481829 secs] [Times: user=0.04 sys=0.00, real=0.04 secs] 
2021-01-21T22:07:02.754+0800: 38.385: [Full GC (Allocation Failure) 2021-01-21T22:07:02.754+0800: 38.385: [Tenured: 349541K->349557K(349568K), 0.0282460 secs] 506540K->394829K(506816K), [Metaspace: 2817K->2817K(1056768K)], 0.0294794 secs] [Times: user=0.03 sys=0.00, real=0.03 secs] 
2021-01-21T22:07:02.797+0800: 38.428: [Full GC (Allocation Failure) 2021-01-21T22:07:02.798+0800: 38.428: [Tenured: 349557K->349452K(349568K), 0.0380096 secs] 506727K->394163K(506816K), [Metaspace: 2817K->2817K(1056768K)], 0.0388723 secs] [Times: user=0.04 sys=0.00, real=0.04 secs] 
2021-01-21T22:07:02.852+0800: 38.483: [Full GC (Allocation Failure) 2021-01-21T22:07:02.852+0800: 38.483: [Tenured: 349524K->349534K(349568K), 0.0410497 secs] 506757K->393779K(506816K), [Metaspace: 2817K->2817K(1056768K)], 0.0419469 secs] [Times: user=0.04 sys=0.00, real=0.04 secs] 
2021-01-21T22:07:02.906+0800: 38.537: [Full GC (Allocation Failure) 2021-01-21T22:07:02.907+0800: 38.537: [Tenured: 349534K->349518K(349568K), 0.0545926 secs] 506776K->381417K(506816K), [Metaspace: 2817K->2817K(1056768K)], 0.0555626 secs] [Times: user=0.05 sys=0.00, real=0.06 secs] 
2021-01-21T22:07:02.975+0800: 38.606: [Full GC (Allocation Failure) 2021-01-21T22:07:02.976+0800: 38.607: [Tenured: 349518K->349553K(349568K), 0.0285257 secs] 506677K->397490K(506816K), [Metaspace: 2817K->2817K(1056768K)], 0.0295013 secs] [Times: user=0.03 sys=0.00, real=0.03 secs] 
2021-01-21T22:07:03.018+0800: 38.649: [Full GC (Allocation Failure) 2021-01-21T22:07:03.018+0800: 38.649: [Tenured: 349553K->349334K(349568K), 0.0422616 secs] 506796K->395697K(506816K), [Metaspace: 2817K->2817K(1056768K)], 0.0431096 secs] [Times: user=0.05 sys=0.00, real=0.05 secs] 
2021-01-21T22:07:03.073+0800: 38.704: [Full GC (Allocation Failure) 2021-01-21T22:07:03.073+0800: 38.704: [Tenured: 349478K->349454K(349568K), 0.0426504 secs] 506634K->398363K(506816K), [Metaspace: 2817K->2817K(1056768K)], 0.0435422 secs] [Times: user=0.04 sys=0.00, real=0.04 secs] 
2021-01-21T22:07:03.129+0800: 38.759: [Full GC (Allocation Failure) 2021-01-21T22:07:03.129+0800: 38.760: [Tenured: 349554K->348924K(349568K), 0.0481951 secs] 506765K->373727K(506816K), [Metaspace: 2817K->2817K(1056768K)], 0.0492017 secs] [Times: user=0.05 sys=0.00, real=0.05 secs] 
2021-01-21T22:07:03.193+0800: 38.823: [Full GC (Allocation Failure) 2021-01-21T22:07:03.193+0800: 38.824: [Tenured: 349402K->349373K(349568K), 0.0302318 secs] 506483K->383126K(506816K), [Metaspace: 2817K->2817K(1056768K)], 0.0310789 secs] [Times: user=0.03 sys=0.00, real=0.03 secs] 
2021-01-21T22:07:03.238+0800: 38.869: [Full GC (Allocation Failure) 2021-01-21T22:07:03.239+0800: 38.869: [Tenured: 349373K->349551K(349568K), 0.0398537 secs] 506242K->383851K(506816K), [Metaspace: 2817K->2817K(1056768K)], 0.0407136 secs] [Times: user=0.04 sys=0.00, real=0.04 secs] 
2021-01-21T22:07:03.293+0800: 38.924: [Full GC (Allocation Failure) 2021-01-21T22:07:03.293+0800: 38.924: [Tenured: 349551K->349528K(349568K), 0.0415846 secs] 506751K->385563K(506816K), [Metaspace: 2817K->2817K(1056768K)], 0.0423854 secs] [Times: user=0.04 sys=0.00, real=0.04 secs] 
2021-01-21T22:07:03.351+0800: 38.982: [Full GC (Allocation Failure) 2021-01-21T22:07:03.352+0800: 38.982: [Tenured: 349528K->349419K(349568K), 0.0478403 secs] 506215K->374396K(506816K), [Metaspace: 2817K->2817K(1056768K)], 0.0488113 secs] [Times: user=0.05 sys=0.00, real=0.05 secs] 
2021-01-21T22:07:03.416+0800: 39.046: [Full GC (Allocation Failure) 2021-01-21T22:07:03.416+0800: 39.047: [Tenured: 349419K->349439K(349568K), 0.0318536 secs] 506657K->393512K(506816K), [Metaspace: 2817K->2817K(1056768K)], 0.0328624 secs] [Times: user=0.03 sys=0.00, real=0.04 secs] 
2021-01-21T22:07:03.462+0800: 39.093: [Full GC (Allocation Failure) 2021-01-21T22:07:03.463+0800: 39.093: [Tenured: 349546K->349514K(349568K), 0.0394793 secs] 506763K->397349K(506816K), [Metaspace: 2817K->2817K(1056768K)], 0.0403380 secs] [Times: user=0.04 sys=0.00, real=0.04 secs] 
2021-01-21T22:07:03.516+0800: 39.146: [Full GC (Allocation Failure) 2021-01-21T22:07:03.516+0800: 39.147: [Tenured: 349514K->349496K(349568K), 0.0438778 secs] 506269K->397708K(506816K), [Metaspace: 2817K->2817K(1056768K)], 0.0447710 secs] [Times: user=0.04 sys=0.00, real=0.05 secs] 
2021-01-21T22:07:03.573+0800: 39.204: [Full GC (Allocation Failure) 2021-01-21T22:07:03.574+0800: 39.204: [Tenured: 349496K->349097K(349568K), 0.0550443 secs] 506739K->378563K(506816K), [Metaspace: 2817K->2817K(1056768K)], 0.0559574 secs] [Times: user=0.06 sys=0.00, real=0.06 secs] 
2021-01-21T22:07:03.646+0800: 39.276: [Full GC (Allocation Failure) 2021-01-21T22:07:03.646+0800: 39.277: [Tenured: 349485K->349251K(349568K), 0.0354804 secs] 506617K->393695K(506816K), [Metaspace: 2817K->2817K(1056768K)], 0.0363418 secs] [Times: user=0.03 sys=0.00, real=0.04 secs] 
2021-01-21T22:07:03.696+0800: 39.327: [Full GC (Allocation Failure) 2021-01-21T22:07:03.697+0800: 39.328: [Tenured: 349532K->349508K(349568K), 0.0408174 secs] 506711K->392027K(506816K), [Metaspace: 2817K->2817K(1056768K)], 0.0416754 secs] [Times: user=0.05 sys=0.00, real=0.05 secs] 
2021-01-21T22:07:03.753+0800: 39.384: [Full GC (Allocation Failure) 2021-01-21T22:07:03.754+0800: 39.384: [Tenured: 349508K->349282K(349568K), 0.0433806 secs] 506541K->394061K(506816K), [Metaspace: 2817K->2817K(1056768K)], 0.0442655 secs] [Times: user=0.04 sys=0.00, real=0.04 secs] 
2021-01-21T22:07:03.812+0800: 39.443: [Full GC (Allocation Failure) 2021-01-21T22:07:03.812+0800: 39.443: [Tenured: 349563K->349462K(349568K), 0.0493870 secs] 506794K->377665K(506816K), [Metaspace: 2817K->2817K(1056768K)], 0.0502634 secs] [Times: user=0.05 sys=0.00, real=0.05 secs] 
2021-01-21T22:07:03.878+0800: 39.509: [Full GC (Allocation Failure) 2021-01-21T22:07:03.878+0800: 39.509: [Tenured: 349462K->349457K(349568K), 0.0335250 secs] 506304K->387375K(506816K), [Metaspace: 2817K->2817K(1056768K)], 0.0343572 secs] [Times: user=0.04 sys=0.00, real=0.04 secs] 
2021-01-21T22:07:03.926+0800: 39.556: [Full GC (Allocation Failure) 2021-01-21T22:07:03.926+0800: 39.557: [Tenured: 349457K->349249K(349568K), 0.0434219 secs] 506362K->392103K(506816K), [Metaspace: 2817K->2817K(1056768K)], 0.0443330 secs] [Times: user=0.04 sys=0.00, real=0.05 secs] 
2021-01-21T22:07:03.982+0800: 39.613: [Full GC (Allocation Failure) 2021-01-21T22:07:03.983+0800: 39.614: [Tenured: 349505K->349222K(349568K), 0.0466741 secs] 506688K->393028K(506816K), [Metaspace: 2817K->2817K(1056768K)], 0.0476718 secs] [Times: user=0.05 sys=0.00, real=0.05 secs] 
2021-01-21T22:07:04.044+0800: 39.675: [Full GC (Allocation Failure) 2021-01-21T22:07:04.045+0800: 39.676: [Tenured: 349510K->349236K(349568K), 0.0470552 secs] 506719K->373803K(506816K), [Metaspace: 2817K->2817K(1056768K)], 0.0478097 secs] [Times: user=0.05 sys=0.00, real=0.05 secs] 
2021-01-21T22:07:04.106+0800: 39.737: [Full GC (Allocation Failure) 2021-01-21T22:07:04.106+0800: 39.737: [Tenured: 349236K->349516K(349568K), 0.0307524 secs] 506426K->397875K(506816K), [Metaspace: 2817K->2817K(1056768K)], 0.0316083 secs] [Times: user=0.04 sys=0.00, real=0.03 secs] 
2021-01-21T22:07:04.152+0800: 39.783: [Full GC (Allocation Failure) 2021-01-21T22:07:04.152+0800: 39.783: [Tenured: 349516K->349452K(349568K), 0.0383998 secs] 506563K->397188K(506816K), [Metaspace: 2817K->2817K(1056768K)], 0.0392820 secs] [Times: user=0.04 sys=0.00, real=0.04 secs] 
2021-01-21T22:07:04.204+0800: 39.835: [Full GC (Allocation Failure) 2021-01-21T22:07:04.204+0800: 39.835: [Tenured: 349452K->349530K(349568K), 0.0434629 secs] 506384K->393894K(506816K), [Metaspace: 2817K->2817K(1056768K)], 0.0443513 secs] [Times: user=0.04 sys=0.00, real=0.05 secs] 
2021-01-21T22:07:04.261+0800: 39.891: [Full GC (Allocation Failure) 2021-01-21T22:07:04.261+0800: 39.892: [Tenured: 349547K->349485K(349568K), 0.0493942 secs] 506792K->381191K(506816K), [Metaspace: 2817K->2817K(1056768K)], 0.0501275 secs] [Times: user=0.04 sys=0.00, real=0.05 secs] 
2021-01-21T22:07:04.325+0800: 39.956: [Full GC (Allocation Failure) 2021-01-21T22:07:04.326+0800: 39.957: [Tenured: 349485K->349346K(349568K), 0.0361195 secs] 506346K->398366K(506816K), [Metaspace: 2817K->2817K(1056768K)], 0.0369758 secs] [Times: user=0.03 sys=0.00, real=0.04 secs] 
2021-01-21T22:07:04.374+0800: 40.005: [Full GC (Allocation Failure) 2021-01-21T22:07:04.375+0800: 40.006: [Tenured: 349490K->349097K(349568K), 0.0398683 secs] 506737K->400549K(506816K), [Metaspace: 2817K->2817K(1056768K)], 0.0409045 secs] [Times: user=0.04 sys=0.00, real=0.04 secs] 
2021-01-21T22:07:04.428+0800: 40.059: [Full GC (Allocation Failure) 2021-01-21T22:07:04.428+0800: 40.059: [Tenured: 349273K->349554K(349568K), 0.0428253 secs] 506498K->402594K(506816K), [Metaspace: 2817K->2817K(1056768K)], 0.0437467 secs] [Times: user=0.04 sys=0.00, real=0.05 secs] 
2021-01-21T22:07:04.485+0800: 40.115: [Full GC (Allocation Failure) 2021-01-21T22:07:04.485+0800: 40.116: [Tenured: 349554K->349524K(349568K), 0.0491333 secs] 506792K->385425K(506816K), [Metaspace: 2817K->2817K(1056768K)], 0.0500212 secs] [Times: user=0.05 sys=0.00, real=0.05 secs] 
2021-01-21T22:07:04.550+0800: 40.181: [Full GC (Allocation Failure) 2021-01-21T22:07:04.550+0800: 40.181: [Tenured: 349524K->349443K(349568K), 0.0272362 secs] 506226K->398917K(506816K), [Metaspace: 2817K->2817K(1056768K)], 0.0280744 secs] [Times: user=0.02 sys=0.00, real=0.03 secs] 
2021-01-21T22:07:04.591+0800: 40.222: [Full GC (Allocation Failure) 2021-01-21T22:07:04.592+0800: 40.222: [Tenured: 349535K->349454K(349568K), 0.0401948 secs] 506699K->404162K(506816K), [Metaspace: 2817K->2817K(1056768K)], 0.0411554 secs] [Times: user=0.04 sys=0.00, real=0.04 secs] 
2021-01-21T22:07:04.645+0800: 40.275: [Full GC (Allocation Failure) 2021-01-21T22:07:04.645+0800: 40.276: [Tenured: 349454K->349346K(349568K), 0.0431445 secs] 506633K->396498K(506816K), [Metaspace: 2817K->2817K(1056768K)], 0.0439245 secs] [Times: user=0.04 sys=0.00, real=0.05 secs] 
2021-01-21T22:07:04.703+0800: 40.334: [Full GC (Allocation Failure) 2021-01-21T22:07:04.704+0800: 40.334: [Tenured: 349346K->349560K(349568K), 0.0548105 secs] 506200K->375676K(506816K), [Metaspace: 2817K->2817K(1056768K)], 0.0558401 secs] [Times: user=0.05 sys=0.00, real=0.06 secs] 
2021-01-21T22:07:04.775+0800: 40.406: [Full GC (Allocation Failure) 2021-01-21T22:07:04.776+0800: 40.406: [Tenured: 349560K->349203K(349568K), 0.0394040 secs] 506574K->388499K(506816K), [Metaspace: 2817K->2817K(1056768K)], 0.0403421 secs] [Times: user=0.04 sys=0.00, real=0.04 secs] 
2021-01-21T22:07:04.831+0800: 40.462: [Full GC (Allocation Failure) 2021-01-21T22:07:04.832+0800: 40.463: [Tenured: 349560K->349360K(349568K), 0.0436436 secs] 506797K->390164K(506816K), [Metaspace: 2817K->2817K(1056768K)], 0.0445775 secs] [Times: user=0.04 sys=0.00, real=0.04 secs] 
2021-01-21T22:07:04.891+0800: 40.521: [Full GC (Allocation Failure) 2021-01-21T22:07:04.891+0800: 40.522: [Tenured: 349553K->349519K(349568K), 0.0438901 secs] 506763K->389440K(506816K), [Metaspace: 2817K->2817K(1056768K)], 0.0450580 secs] [Times: user=0.04 sys=0.00, real=0.04 secs] 
2021-01-21T22:07:04.951+0800: 40.582: [Full GC (Allocation Failure) 2021-01-21T22:07:04.952+0800: 40.582: [Tenured: 349519K->349538K(349568K), 0.0479346 secs] 506682K->367774K(506816K), [Metaspace: 2817K->2817K(1056768K)], 0.0487707 secs] [Times: user=0.05 sys=0.00, real=0.05 secs] 
2021-01-21T22:07:05.016+0800: 40.647: [Full GC (Allocation Failure) 2021-01-21T22:07:05.016+0800: 40.647: [Tenured: 349538K->349540K(349568K), 0.0322277 secs] 506729K->386126K(506816K), [Metaspace: 2817K->2817K(1056768K)], 0.0330869 secs] [Times: user=0.03 sys=0.00, real=0.04 secs] 
2021-01-21T22:07:05.063+0800: 40.694: [Full GC (Allocation Failure) 2021-01-21T22:07:05.064+0800: 40.694: [Tenured: 349540K->349494K(349568K), 0.0379063 secs] 506787K->387289K(506816K), [Metaspace: 2817K->2817K(1056768K)], 0.0387516 secs] [Times: user=0.03 sys=0.00, real=0.04 secs] 
2021-01-21T22:07:05.116+0800: 40.746: [Full GC (Allocation Failure) 2021-01-21T22:07:05.116+0800: 40.747: [Tenured: 349494K->348958K(349568K), 0.0438062 secs] 506725K->395595K(506816K), [Metaspace: 2817K->2817K(1056768K)], 0.0447507 secs] [Times: user=0.04 sys=0.00, real=0.05 secs] 
2021-01-21T22:07:05.173+0800: 40.803: [Full GC (Allocation Failure) 2021-01-21T22:07:05.173+0800: 40.804: [Tenured: 349522K->349477K(349568K), 0.0478391 secs] 506762K->378438K(506816K), [Metaspace: 2817K->2817K(1056768K)], 0.0487242 secs] [Times: user=0.05 sys=0.00, real=0.05 secs] 
2021-01-21T22:07:05.236+0800: 40.867: [Full GC (Allocation Failure) 2021-01-21T22:07:05.237+0800: 40.867: [Tenured: 349477K->349018K(349568K), 0.0306852 secs] 506488K->394099K(506816K), [Metaspace: 2817K->2817K(1056768K)], 0.0315709 secs] [Times: user=0.03 sys=0.00, real=0.04 secs] 
2021-01-21T22:07:05.282+0800: 40.912: [Full GC (Allocation Failure) 2021-01-21T22:07:05.282+0800: 40.913: [Tenured: 349352K->349386K(349568K), 0.0368384 secs] 506368K->396070K(506816K), [Metaspace: 2817K->2817K(1056768K)], 0.0376605 secs] [Times: user=0.04 sys=0.00, real=0.04 secs] 
2021-01-21T22:07:05.333+0800: 40.964: [Full GC (Allocation Failure) 2021-01-21T22:07:05.334+0800: 40.965: [Tenured: 349386K->349372K(349568K), 0.0437289 secs] 506620K->392818K(506816K), [Metaspace: 2817K->2817K(1056768K)], 0.0446905 secs] [Times: user=0.04 sys=0.00, real=0.05 secs] 
2021-01-21T22:07:05.390+0800: 41.021: [Full GC (Allocation Failure) 2021-01-21T22:07:05.391+0800: 41.021: [Tenured: 349552K->349441K(349568K), 0.0488225 secs] 506783K->379096K(506816K), [Metaspace: 2817K->2817K(1056768K)], 0.0498093 secs] [Times: user=0.05 sys=0.00, real=0.05 secs] 
2021-01-21T22:07:05.455+0800: 41.085: [Full GC (Allocation Failure) 2021-01-21T22:07:05.455+0800: 41.086: [Tenured: 349441K->349522K(349568K), 0.0277694 secs] 506688K->392225K(506816K), [Metaspace: 2817K->2817K(1056768K)], 0.0285187 secs] [Times: user=0.03 sys=0.00, real=0.03 secs] 
2021-01-21T22:07:05.497+0800: 41.128: [Full GC (Allocation Failure) 2021-01-21T22:07:05.497+0800: 41.128: [Tenured: 349522K->349065K(349568K), 0.0402685 secs] 506076K->385358K(506816K), [Metaspace: 2817K->2817K(1056768K)], 0.0411472 secs] [Times: user=0.04 sys=0.00, real=0.05 secs] 
2021-01-21T22:07:05.553+0800: 41.183: [Full GC (Allocation Failure) 2021-01-21T22:07:05.553+0800: 41.184: [Tenured: 349543K->349507K(349568K), 0.0427493 secs] 506789K->386277K(506816K), [Metaspace: 2817K->2817K(1056768K)], 0.0437021 secs] [Times: user=0.05 sys=0.00, real=0.04 secs] 
2021-01-21T22:07:05.610+0800: 41.241: [Full GC (Allocation Failure) 2021-01-21T22:07:05.610+0800: 41.241: [Tenured: 349507K->349516K(349568K), 0.0458263 secs] 506326K->368196K(506816K), [Metaspace: 2817K->2817K(1056768K)], 0.0467344 secs] [Times: user=0.04 sys=0.00, real=0.04 secs] 
2021-01-21T22:07:05.672+0800: 41.303: [Full GC (Allocation Failure) 2021-01-21T22:07:05.673+0800: 41.303: [Tenured: 349516K->349411K(349568K), 0.0321700 secs] 506535K->385905K(506816K), [Metaspace: 2817K->2817K(1056768K)], 0.0331529 secs] [Times: user=0.03 sys=0.00, real=0.03 secs] 
2021-01-21T22:07:05.721+0800: 41.351: [Full GC (Allocation Failure) 2021-01-21T22:07:05.721+0800: 41.352: [Tenured: 349533K->349554K(349568K), 0.0380625 secs] 506773K->384738K(506816K), [Metaspace: 2817K->2817K(1056768K)], 0.0389298 secs] [Times: user=0.03 sys=0.00, real=0.04 secs] 
2021-01-21T22:07:05.774+0800: 41.404: [Full GC (Allocation Failure) 2021-01-21T22:07:05.774+0800: 41.405: [Tenured: 349554K->349456K(349568K), 0.0411096 secs] 506246K->382156K(506816K), [Metaspace: 2817K->2817K(1056768K)], 0.0419457 secs] [Times: user=0.04 sys=0.00, real=0.04 secs] 
2021-01-21T22:07:05.830+0800: 41.461: [Full GC (Allocation Failure) 2021-01-21T22:07:05.830+0800: 41.461: [Tenured: 349456K->349565K(349568K), 0.0550169 secs] 506251K->366666K(506816K), [Metaspace: 2817K->2817K(1056768K)], 0.0559139 secs] [Times: user=0.06 sys=0.00, real=0.05 secs] 
2021-01-21T22:07:05.903+0800: 41.534: [Full GC (Allocation Failure) 2021-01-21T22:07:05.903+0800: 41.534: [Tenured: 349565K->349489K(349568K), 0.0259604 secs] 506790K->387550K(506816K), [Metaspace: 2817K->2817K(1056768K)], 0.0267566 secs] [Times: user=0.03 sys=0.00, real=0.03 secs] 
2021-01-21T22:07:05.947+0800: 41.578: [Full GC (Allocation Failure) 2021-01-21T22:07:05.948+0800: 41.578: [Tenured: 349489K->349565K(349568K), 0.0379188 secs] 506730K->389774K(506816K), [Metaspace: 2817K->2817K(1056768K)], 0.0387931 secs] [Times: user=0.03 sys=0.00, real=0.04 secs] 
2021-01-21T22:07:06.001+0800: 41.632: [Full GC (Allocation Failure) 2021-01-21T22:07:06.001+0800: 41.632: [Tenured: 349565K->349307K(349568K), 0.0407254 secs] 506805K->386857K(506816K), [Metaspace: 2817K->2817K(1056768K)], 0.0415342 secs] [Times: user=0.04 sys=0.00, real=0.04 secs] 
2021-01-21T22:07:06.055+0800: 41.686: [Full GC (Allocation Failure) 2021-01-21T22:07:06.055+0800: 41.686: [Tenured: 349307K->349479K(349568K), 0.0486539 secs] 506313K->373820K(506816K), [Metaspace: 2817K->2817K(1056768K)], 0.0495145 secs] [Times: user=0.05 sys=0.00, real=0.05 secs] 
2021-01-21T22:07:06.120+0800: 41.751: [Full GC (Allocation Failure) 2021-01-21T22:07:06.120+0800: 41.751: [Tenured: 349479K->349459K(349568K), 0.0304086 secs] 506334K->390256K(506816K), [Metaspace: 2817K->2817K(1056768K)], 0.0311640 secs] [Times: user=0.03 sys=0.00, real=0.03 secs] 
2021-01-21T22:07:06.166+0800: 41.797: [Full GC (Allocation Failure) 2021-01-21T22:07:06.167+0800: 41.798: [Tenured: 349459K->349357K(349568K), 0.0407780 secs] 506454K->389871K(506816K), [Metaspace: 2817K->2817K(1056768K)], 0.0415181 secs] [Times: user=0.04 sys=0.00, real=0.05 secs] 
2021-01-21T22:07:06.222+0800: 41.853: [Full GC (Allocation Failure) 2021-01-21T22:07:06.222+0800: 41.853: [Tenured: 349357K->348982K(349568K), 0.0439808 secs] 506440K->396145K(506816K), [Metaspace: 2817K->2817K(1056768K)], 0.0447238 secs] [Times: user=0.05 sys=0.00, real=0.04 secs] 
2021-01-21T22:07:06.279+0800: 41.910: [Full GC (Allocation Failure) 2021-01-21T22:07:06.280+0800: 41.910: [Tenured: 349138K->349415K(349568K), 0.0473818 secs] 506368K->376001K(506816K), [Metaspace: 2817K->2817K(1056768K)], 0.0481803 secs] [Times: user=0.05 sys=0.00, real=0.04 secs] 
2021-01-21T22:07:06.344+0800: 41.975: [Full GC (Allocation Failure) 2021-01-21T22:07:06.345+0800: 41.975: [Tenured: 349415K->349474K(349568K), 0.0355625 secs] 506524K->396734K(506816K), [Metaspace: 2817K->2817K(1056768K)], 0.0365012 secs] [Times: user=0.04 sys=0.00, real=0.04 secs] 
2021-01-21T22:07:06.394+0800: 42.025: [Full GC (Allocation Failure) 2021-01-21T22:07:06.394+0800: 42.025: [Tenured: 349556K->349476K(349568K), 0.0396161 secs] 506800K->392488K(506816K), [Metaspace: 2817K->2817K(1056768K)], 0.0405197 secs] [Times: user=0.04 sys=0.00, real=0.04 secs] 
2021-01-21T22:07:06.450+0800: 42.081: [Full GC (Allocation Failure) 2021-01-21T22:07:06.450+0800: 42.081: [Tenured: 349476K->349159K(349568K), 0.0419589 secs] 506662K->387823K(506816K), [Metaspace: 2817K->2817K(1056768K)], 0.0428344 secs] [Times: user=0.04 sys=0.00, real=0.04 secs] 
2021-01-21T22:07:06.507+0800: 42.138: [Full GC (Allocation Failure) 2021-01-21T22:07:06.508+0800: 42.139: [Tenured: 349541K->349480K(349568K), 0.0469510 secs] 506771K->370190K(506816K), [Metaspace: 2817K->2817K(1056768K)], 0.0479380 secs] [Times: user=0.05 sys=0.00, real=0.05 secs] 
2021-01-21T22:07:06.572+0800: 42.203: [Full GC (Allocation Failure) 2021-01-21T22:07:06.572+0800: 42.203: [Tenured: 349480K->349298K(349568K), 0.0324137 secs] 506082K->383471K(506816K), [Metaspace: 2817K->2817K(1056768K)], 0.0331626 secs] [Times: user=0.03 sys=0.00, real=0.03 secs] 
2021-01-21T22:07:06.619+0800: 42.250: [Full GC (Allocation Failure) 2021-01-21T22:07:06.620+0800: 42.250: [Tenured: 349464K->349545K(349568K), 0.0396393 secs] 506575K->387149K(506816K), [Metaspace: 2817K->2817K(1056768K)], 0.0406336 secs] [Times: user=0.04 sys=0.00, real=0.04 secs] 
2021-01-21T22:07:06.674+0800: 42.305: [Full GC (Allocation Failure) 2021-01-21T22:07:06.674+0800: 42.305: [Tenured: 349545K->349503K(349568K), 0.0415216 secs] 506692K->390930K(506816K), [Metaspace: 2817K->2817K(1056768K)], 0.0425950 secs] [Times: user=0.05 sys=0.00, real=0.04 secs] 
2021-01-21T22:07:06.731+0800: 42.361: [Full GC (Allocation Failure) 2021-01-21T22:07:06.731+0800: 42.362: [Tenured: 349558K->349386K(349568K), 0.0491390 secs] 506792K->377464K(506816K), [Metaspace: 2817K->2817K(1056768K)], 0.0500019 secs] [Times: user=0.05 sys=0.00, real=0.05 secs] 
2021-01-21T22:07:06.798+0800: 42.429: [Full GC (Allocation Failure) 2021-01-21T22:07:06.798+0800: 42.429: [Tenured: 349386K->349427K(349568K), 0.0329093 secs] 506375K->397462K(506816K), [Metaspace: 2817K->2817K(1056768K)], 0.0336853 secs] [Times: user=0.03 sys=0.00, real=0.04 secs] 
2021-01-21T22:07:06.846+0800: 42.477: [Full GC (Allocation Failure) 2021-01-21T22:07:06.846+0800: 42.477: [Tenured: 349427K->349267K(349568K), 0.0396617 secs] 506445K->400978K(506816K), [Metaspace: 2817K->2817K(1056768K)], 0.0406147 secs] [Times: user=0.04 sys=0.00, real=0.04 secs] 
2021-01-21T22:07:06.900+0800: 42.531: [Full GC (Allocation Failure) 2021-01-21T22:07:06.900+0800: 42.531: [Tenured: 349535K->348906K(349568K), 0.0449958 secs] 506783K->412015K(506816K), [Metaspace: 2817K->2817K(1056768K)], 0.0460947 secs] [Times: user=0.04 sys=0.00, real=0.04 secs] 
2021-01-21T22:07:06.959+0800: 42.589: [Full GC (Allocation Failure) 2021-01-21T22:07:06.959+0800: 42.590: [Tenured: 349458K->349320K(349568K), 0.0574421 secs] 506698K->397839K(506816K), [Metaspace: 2817K->2817K(1056768K)], 0.0583730 secs] [Times: user=0.06 sys=0.00, real=0.05 secs] 
2021-01-21T22:07:07.031+0800: 42.662: [Full GC (Allocation Failure) 2021-01-21T22:07:07.031+0800: 42.662: [Tenured: 349320K->349422K(349568K), 0.0397529 secs] 506452K->404794K(506816K), [Metaspace: 2817K->2817K(1056768K)], 0.0405861 secs] [Times: user=0.04 sys=0.00, real=0.04 secs] 
2021-01-21T22:07:07.084+0800: 42.714: [Full GC (Allocation Failure) 2021-01-21T22:07:07.084+0800: 42.715: [Tenured: 349422K->349218K(349568K), 0.0425961 secs] 506441K->406218K(506816K), [Metaspace: 2817K->2817K(1056768K)], 0.0436759 secs] [Times: user=0.05 sys=0.00, real=0.04 secs] 
2021-01-21T22:07:07.138+0800: 42.769: [Full GC (Allocation Failure) 2021-01-21T22:07:07.138+0800: 42.769: [Tenured: 349218K->349357K(349568K), 0.0455106 secs] 506256K->406896K(506816K), [Metaspace: 2817K->2817K(1056768K)], 0.0463095 secs] [Times: user=0.04 sys=0.00, real=0.05 secs] 
2021-01-21T22:07:07.197+0800: 42.828: [Full GC (Allocation Failure) 2021-01-21T22:07:07.198+0800: 42.828: [Tenured: 349357K->349342K(349568K), 0.0503649 secs] 506495K->398136K(506816K), [Metaspace: 2817K->2817K(1056768K)], 0.0511723 secs] [Times: user=0.06 sys=0.00, real=0.06 secs] 
2021-01-21T22:07:07.260+0800: 42.891: [Full GC (Allocation Failure) 2021-01-21T22:07:07.261+0800: 42.891: [Tenured: 349342K->348968K(349568K), 0.0325101 secs] 506435K->411499K(506816K), [Metaspace: 2817K->2817K(1056768K)], 0.0332242 secs] [Times: user=0.03 sys=0.00, real=0.03 secs] 
2021-01-21T22:07:07.304+0800: 42.934: [Full GC (Allocation Failure) 2021-01-21T22:07:07.304+0800: 42.935: [Tenured: 349554K->349454K(349568K), 0.0433446 secs] 506658K->409834K(506816K), [Metaspace: 2817K->2817K(1056768K)], 0.0441161 secs] [Times: user=0.04 sys=0.00, real=0.04 secs] 
2021-01-21T22:07:07.359+0800: 42.990: [Full GC (Allocation Failure) 2021-01-21T22:07:07.359+0800: 42.990: [Tenured: 349454K->349496K(349568K), 0.0432551 secs] 506516K->407015K(506816K), [Metaspace: 2817K->2817K(1056768K)], 0.0441726 secs] [Times: user=0.05 sys=0.00, real=0.04 secs] 
2021-01-21T22:07:07.417+0800: 43.048: [Full GC (Allocation Failure) 2021-01-21T22:07:07.417+0800: 43.048: [Tenured: 349496K->349320K(349568K), 0.0486170 secs] 506699K->386386K(506816K), [Metaspace: 2817K->2817K(1056768K)], 0.0497443 secs] [Times: user=0.05 sys=0.00, real=0.05 secs] 
2021-01-21T22:07:07.482+0800: 43.113: [Full GC (Allocation Failure) 2021-01-21T22:07:07.482+0800: 43.113: [Tenured: 349320K->349368K(349568K), 0.0320307 secs] 506064K->395961K(506816K), [Metaspace: 2817K->2817K(1056768K)], 0.0328944 secs] [Times: user=0.03 sys=0.00, real=0.03 secs] 
2021-01-21T22:07:07.528+0800: 43.158: [Full GC (Allocation Failure) 2021-01-21T22:07:07.528+0800: 43.159: [Tenured: 349368K->349275K(349568K), 0.0393447 secs] 506483K->391381K(506816K), [Metaspace: 2817K->2817K(1056768K)], 0.0402413 secs] [Times: user=0.04 sys=0.00, real=0.05 secs] 
2021-01-21T22:07:07.581+0800: 43.212: [Full GC (Allocation Failure) 2021-01-21T22:07:07.581+0800: 43.212: [Tenured: 349353K->349551K(349568K), 0.0403933 secs] 506527K->388263K(506816K), [Metaspace: 2817K->2817K(1056768K)], 0.0412544 secs] [Times: user=0.04 sys=0.00, real=0.04 secs] 
2021-01-21T22:07:07.637+0800: 43.268: [Full GC (Allocation Failure) 2021-01-21T22:07:07.638+0800: 43.268: [Tenured: 349551K->348846K(349568K), 0.0477722 secs] 506126K->367857K(506816K), [Metaspace: 2817K->2817K(1056768K)], 0.0488494 secs] [Times: user=0.05 sys=0.00, real=0.05 secs] 
2021-01-21T22:07:07.702+0800: 43.333: [Full GC (Allocation Failure) 2021-01-21T22:07:07.703+0800: 43.334: [Tenured: 349523K->349478K(349568K), 0.0306606 secs] 506684K->386705K(506816K), [Metaspace: 2817K->2817K(1056768K)], 0.0316176 secs] [Times: user=0.03 sys=0.00, real=0.03 secs] 
2021-01-21T22:07:07.748+0800: 43.378: [Full GC (Allocation Failure) 2021-01-21T22:07:07.748+0800: 43.379: [Tenured: 349478K->349463K(349568K), 0.0406516 secs] 506632K->380484K(506816K), [Metaspace: 2817K->2817K(1056768K)], 0.0415813 secs] [Times: user=0.04 sys=0.00, real=0.05 secs] 
2021-01-21T22:07:07.803+0800: 43.434: [Full GC (Allocation Failure) 2021-01-21T22:07:07.803+0800: 43.434: [Tenured: 349463K->349471K(349568K), 0.0479837 secs] 506325K->390398K(506816K), [Metaspace: 2817K->2817K(1056768K)], 0.0488376 secs] [Times: user=0.05 sys=0.00, real=0.05 secs] 
2021-01-21T22:07:07.867+0800: 43.498: [Full GC (Allocation Failure) 2021-01-21T22:07:07.868+0800: 43.498: [Tenured: 349471K->349556K(349568K), 0.0487810 secs] 506522K->375142K(506816K), [Metaspace: 2817K->2817K(1056768K)], 0.0496099 secs] [Times: user=0.05 sys=0.00, real=0.05 secs] 
2021-01-21T22:07:07.932+0800: 43.562: [Full GC (Allocation Failure) 2021-01-21T22:07:07.932+0800: 43.563: [Tenured: 349556K->349532K(349568K), 0.0332032 secs] 506655K->396036K(506816K), [Metaspace: 2817K->2817K(1056768K)], 0.0341876 secs] [Times: user=0.03 sys=0.00, real=0.03 secs] 
2021-01-21T22:07:07.981+0800: 43.612: [Full GC (Allocation Failure) 2021-01-21T22:07:07.981+0800: 43.612: [Tenured: 349532K->349242K(349568K), 0.0399591 secs] 506727K->395904K(506816K), [Metaspace: 2817K->2817K(1056768K)], 0.0408408 secs] [Times: user=0.04 sys=0.00, real=0.04 secs] 
2021-01-21T22:07:08.036+0800: 43.667: [Full GC (Allocation Failure) 2021-01-21T22:07:08.036+0800: 43.667: [Tenured: 349242K->349380K(349568K), 0.0422126 secs] 506318K->394899K(506816K), [Metaspace: 2817K->2817K(1056768K)], 0.0430633 secs] [Times: user=0.04 sys=0.00, real=0.05 secs] 
2021-01-21T22:07:08.094+0800: 43.725: [Full GC (Allocation Failure) 2021-01-21T22:07:08.095+0800: 43.725: [Tenured: 349474K->349492K(349568K), 0.0519126 secs] 506641K->370946K(506816K), [Metaspace: 2817K->2817K(1056768K)], 0.0527419 secs] [Times: user=0.05 sys=0.00, real=0.05 secs] 
2021-01-21T22:07:08.164+0800: 43.795: [Full GC (Allocation Failure) 2021-01-21T22:07:08.165+0800: 43.795: [Tenured: 349492K->349181K(349568K), 0.0338451 secs] 506407K->388111K(506816K), [Metaspace: 2817K->2817K(1056768K)], 0.0346539 secs] [Times: user=0.03 sys=0.00, real=0.04 secs] 
2021-01-21T22:07:08.213+0800: 43.844: [Full GC (Allocation Failure) 2021-01-21T22:07:08.214+0800: 43.844: [Tenured: 349242K->349473K(349568K), 0.0403860 secs] 506430K->387735K(506816K), [Metaspace: 2817K->2817K(1056768K)], 0.0412508 secs] [Times: user=0.04 sys=0.00, real=0.04 secs] 
2021-01-21T22:07:08.267+0800: 43.897: [Full GC (Allocation Failure) 2021-01-21T22:07:08.267+0800: 43.898: [Tenured: 349473K->349296K(349568K), 0.0454348 secs] 506602K->395311K(506816K), [Metaspace: 2817K->2817K(1056768K)], 0.0463656 secs] [Times: user=0.04 sys=0.00, real=0.05 secs] 
2021-01-21T22:07:08.328+0800: 43.959: [Full GC (Allocation Failure) 2021-01-21T22:07:08.328+0800: 43.959: [Tenured: 349296K->349349K(349568K), 0.0512895 secs] 506279K->376660K(506816K), [Metaspace: 2817K->2817K(1056768K)], 0.0521666 secs] [Times: user=0.05 sys=0.00, real=0.06 secs] 
2021-01-21T22:07:08.400+0800: 44.031: [Full GC (Allocation Failure) 2021-01-21T22:07:08.401+0800: 44.032: [Tenured: 349501K->349513K(349568K), 0.0315095 secs] 506746K->392265K(506816K), [Metaspace: 2817K->2817K(1056768K)], 0.0334088 secs] [Times: user=0.03 sys=0.00, real=0.03 secs] 
2021-01-21T22:07:08.449+0800: 44.079: [Full GC (Allocation Failure) 2021-01-21T22:07:08.449+0800: 44.080: [Tenured: 349513K->349562K(349568K), 0.0391090 secs] 506680K->390483K(506816K), [Metaspace: 2817K->2817K(1056768K)], 0.0399897 secs] [Times: user=0.04 sys=0.00, real=0.04 secs] 
2021-01-21T22:07:08.504+0800: 44.135: [Full GC (Allocation Failure) 2021-01-21T22:07:08.505+0800: 44.136: [Tenured: 349562K->349291K(349568K), 0.0433897 secs] 506593K->391350K(506816K), [Metaspace: 2817K->2817K(1056768K)], 0.0442487 secs] [Times: user=0.04 sys=0.00, real=0.05 secs] 
2021-01-21T22:07:08.564+0800: 44.195: [Full GC (Allocation Failure) 2021-01-21T22:07:08.565+0800: 44.196: [Tenured: 349558K->349298K(349568K), 0.0469304 secs] 506731K->369025K(506816K), [Metaspace: 2817K->2817K(1056768K)], 0.0477000 secs] [Times: user=0.04 sys=0.00, real=0.05 secs] 
2021-01-21T22:07:08.628+0800: 44.259: [Full GC (Allocation Failure) 2021-01-21T22:07:08.628+0800: 44.259: [Tenured: 349438K->349432K(349568K), 0.0338446 secs] 506686K->383775K(506816K), [Metaspace: 2817K->2817K(1056768K)], 0.0346718 secs] [Times: user=0.03 sys=0.00, real=0.04 secs] 
2021-01-21T22:07:08.679+0800: 44.310: [Full GC (Allocation Failure) 2021-01-21T22:07:08.679+0800: 44.310: [Tenured: 349513K->349452K(349568K), 0.0425275 secs] 506754K->374441K(506816K), [Metaspace: 2817K->2817K(1056768K)], 0.0432736 secs] [Times: user=0.04 sys=0.00, real=0.04 secs] 
2021-01-21T22:07:08.738+0800: 44.369: [Full GC (Allocation Failure) 2021-01-21T22:07:08.739+0800: 44.369: [Tenured: 349452K->349516K(349568K), 0.0441296 secs] 506227K->376548K(506816K), [Metaspace: 2817K->2817K(1056768K)], 0.0449563 secs] [Times: user=0.04 sys=0.00, real=0.04 secs] 
2021-01-21T22:07:08.799+0800: 44.430: [Full GC (Allocation Failure) 2021-01-21T22:07:08.800+0800: 44.430: [Tenured: 349516K->349418K(349568K), 0.0499793 secs] 506713K->363118K(506816K), [Metaspace: 2817K->2817K(1056768K)], 0.0507964 secs] [Times: user=0.05 sys=0.00, real=0.05 secs] 
2021-01-21T22:07:08.868+0800: 44.498: [Full GC (Allocation Failure) 2021-01-21T22:07:08.868+0800: 44.499: [Tenured: 349502K->349545K(349568K), 0.0325791 secs] 506704K->375934K(506816K), [Metaspace: 2817K->2817K(1056768K)], 0.0335129 secs] [Times: user=0.03 sys=0.00, real=0.04 secs] 
2021-01-21T22:07:08.917+0800: 44.548: [Full GC (Allocation Failure) 2021-01-21T22:07:08.917+0800: 44.548: [Tenured: 349545K->348911K(349568K), 0.0401071 secs] 506749K->377283K(506816K), [Metaspace: 2817K->2817K(1056768K)], 0.0410901 secs] [Times: user=0.04 sys=0.00, real=0.05 secs] 
2021-01-21T22:07:08.974+0800: 44.605: [Full GC (Allocation Failure) 2021-01-21T22:07:08.975+0800: 44.606: [Tenured: 349553K->349428K(349568K), 0.0413638 secs] 506799K->380349K(506816K), [Metaspace: 2817K->2817K(1056768K)], 0.0421546 secs] [Times: user=0.04 sys=0.00, real=0.04 secs] 
2021-01-21T22:07:09.031+0800: 44.662: [Full GC (Allocation Failure) 2021-01-21T22:07:09.032+0800: 44.663: [Tenured: 349428K->349390K(349568K), 0.0470136 secs] 506191K->361270K(506816K), [Metaspace: 2817K->2817K(1056768K)], 0.0480840 secs] [Times: user=0.05 sys=0.00, real=0.05 secs] 
2021-01-21T22:07:09.096+0800: 44.726: [Full GC (Allocation Failure) 2021-01-21T22:07:09.096+0800: 44.727: [Tenured: 349390K->349452K(349568K), 0.0361546 secs] 506558K->376817K(506816K), [Metaspace: 2817K->2817K(1056768K)], 0.0371866 secs] [Times: user=0.04 sys=0.00, real=0.04 secs] 
2021-01-21T22:07:09.150+0800: 44.781: [Full GC (Allocation Failure) 2021-01-21T22:07:09.150+0800: 44.781: [Tenured: 349452K->348995K(349568K), 0.0424629 secs] 506638K->377232K(506816K), [Metaspace: 2817K->2817K(1056768K)], 0.0435456 secs] [Times: user=0.04 sys=0.00, real=0.04 secs] 
2021-01-21T22:07:09.213+0800: 44.844: [Full GC (Allocation Failure) 2021-01-21T22:07:09.214+0800: 44.844: [Tenured: 349448K->349540K(349568K), 0.0471882 secs] 506565K->375555K(506816K), [Metaspace: 2817K->2817K(1056768K)], 0.0483163 secs] [Times: user=0.05 sys=0.00, real=0.05 secs] 
2021-01-21T22:07:09.279+0800: 44.909: [Full GC (Allocation Failure) 2021-01-21T22:07:09.279+0800: 44.910: [Tenured: 349540K->349368K(349568K), 0.0500489 secs] 506574K->362207K(506816K), [Metaspace: 2817K->2817K(1056768K)], 0.0508806 secs] [Times: user=0.05 sys=0.00, real=0.05 secs] 
2021-01-21T22:07:09.347+0800: 44.978: [Full GC (Allocation Failure) 2021-01-21T22:07:09.347+0800: 44.978: [Tenured: 349368K->349502K(349568K), 0.0354312 secs] 506026K->377343K(506816K), [Metaspace: 2817K->2817K(1056768K)], 0.0365758 secs] [Times: user=0.03 sys=0.00, real=0.04 secs] 
2021-01-21T22:07:09.401+0800: 45.032: [Full GC (Allocation Failure) 2021-01-21T22:07:09.402+0800: 45.032: [Tenured: 349502K->349175K(349568K), 0.0433081 secs] 506749K->385564K(506816K), [Metaspace: 2817K->2817K(1056768K)], 0.0443253 secs] [Times: user=0.04 sys=0.00, real=0.04 secs] 
2021-01-21T22:07:09.460+0800: 45.091: [Full GC (Allocation Failure) 2021-01-21T22:07:09.461+0800: 45.092: [Tenured: 349541K->349325K(349568K), 0.0455813 secs] 506762K->387732K(506816K), [Metaspace: 2817K->2817K(1056768K)], 0.0465461 secs] [Times: user=0.04 sys=0.00, real=0.04 secs] 
2021-01-21T22:07:09.522+0800: 45.153: [Full GC (Allocation Failure) 2021-01-21T22:07:09.523+0800: 45.153: [Tenured: 349469K->349311K(349568K), 0.0488350 secs] 506637K->375604K(506816K), [Metaspace: 2817K->2817K(1056768K)], 0.0499564 secs] [Times: user=0.05 sys=0.00, real=0.05 secs] 
2021-01-21T22:07:09.589+0800: 45.219: [Full GC (Allocation Failure) 2021-01-21T22:07:09.589+0800: 45.220: [Tenured: 349455K->349480K(349568K), 0.0320183 secs] 506606K->384612K(506816K), [Metaspace: 2817K->2817K(1056768K)], 0.0328907 secs] [Times: user=0.04 sys=0.00, real=0.03 secs] 
2021-01-21T22:07:09.636+0800: 45.266: [Full GC (Allocation Failure) 2021-01-21T22:07:09.636+0800: 45.267: [Tenured: 349480K->349149K(349568K), 0.0419437 secs] 506440K->389024K(506816K), [Metaspace: 2817K->2817K(1056768K)], 0.0428144 secs] [Times: user=0.04 sys=0.00, real=0.05 secs] 
2021-01-21T22:07:09.694+0800: 45.324: [Full GC (Allocation Failure) 2021-01-21T22:07:09.694+0800: 45.325: [Tenured: 349149K->349435K(349568K), 0.0439011 secs] 506300K->392099K(506816K), [Metaspace: 2817K->2817K(1056768K)], 0.0448129 secs] [Times: user=0.04 sys=0.00, real=0.05 secs] 
2021-01-21T22:07:09.753+0800: 45.383: [Full GC (Allocation Failure) 2021-01-21T22:07:09.753+0800: 45.384: [Tenured: 349435K->349070K(349568K), 0.0472094 secs] 506501K->373817K(506816K), [Metaspace: 2817K->2817K(1056768K)], 0.0481238 secs] [Times: user=0.05 sys=0.00, real=0.05 secs] 
2021-01-21T22:07:09.816+0800: 45.447: [Full GC (Allocation Failure) 2021-01-21T22:07:09.817+0800: 45.447: [Tenured: 349234K->349223K(349568K), 0.0332109 secs] 506421K->387375K(506816K), [Metaspace: 2817K->2817K(1056768K)], 0.0341252 secs] [Times: user=0.03 sys=0.00, real=0.04 secs] 
2021-01-21T22:07:09.865+0800: 45.496: [Full GC (Allocation Failure) 2021-01-21T22:07:09.865+0800: 45.496: [Tenured: 349512K->349564K(349568K), 0.0398831 secs] 506717K->391553K(506816K), [Metaspace: 2817K->2817K(1056768K)], 0.0408533 secs] [Times: user=0.04 sys=0.00, real=0.04 secs] 
2021-01-21T22:07:09.921+0800: 45.551: [Full GC (Allocation Failure) 2021-01-21T22:07:09.921+0800: 45.552: [Tenured: 349564K->349508K(349568K), 0.0461354 secs] 506707K->387665K(506816K), [Metaspace: 2817K->2817K(1056768K)], 0.0469681 secs] [Times: user=0.04 sys=0.00, real=0.04 secs] 
2021-01-21T22:07:09.982+0800: 45.612: [Full GC (Allocation Failure) 2021-01-21T22:07:09.982+0800: 45.613: [Tenured: 349508K->349332K(349568K), 0.0473631 secs] 506746K->362007K(506816K), [Metaspace: 2817K->2817K(1056768K)], 0.0484166 secs] [Times: user=0.04 sys=0.00, real=0.05 secs] 
2021-01-21T22:07:10.047+0800: 45.677: [Full GC (Allocation Failure) 2021-01-21T22:07:10.047+0800: 45.678: [Tenured: 349362K->349426K(349568K), 0.0302693 secs] 506587K->389133K(506816K), [Metaspace: 2817K->2817K(1056768K)], 0.0311903 secs] [Times: user=0.03 sys=0.00, real=0.04 secs] 
2021-01-21T22:07:10.091+0800: 45.722: [Full GC (Allocation Failure) 2021-01-21T22:07:10.091+0800: 45.722: [Tenured: 349426K->349411K(349568K), 0.0390093 secs] 506323K->387632K(506816K), [Metaspace: 2817K->2817K(1056768K)], 0.0401081 secs] [Times: user=0.04 sys=0.00, real=0.04 secs] 
2021-01-21T22:07:10.145+0800: 45.776: [Full GC (Allocation Failure) 2021-01-21T22:07:10.146+0800: 45.777: [Tenured: 349555K->349567K(349568K), 0.0434814 secs] 506786K->394035K(506816K), [Metaspace: 2817K->2817K(1056768K)], 0.0444323 secs] [Times: user=0.04 sys=0.00, real=0.05 secs] 
2021-01-21T22:07:10.204+0800: 45.835: [Full GC (Allocation Failure) 2021-01-21T22:07:10.204+0800: 45.835: [Tenured: 349567K->349505K(349568K), 0.0498280 secs] 506814K->374253K(506816K), [Metaspace: 2817K->2817K(1056768K)], 0.0506007 secs] [Times: user=0.05 sys=0.00, real=0.05 secs] 
2021-01-21T22:07:10.271+0800: 45.902: [Full GC (Allocation Failure) 2021-01-21T22:07:10.271+0800: 45.902: [Tenured: 349505K->349554K(349568K), 0.0339961 secs] 506747K->388726K(506816K), [Metaspace: 2817K->2817K(1056768K)], 0.0348919 secs] [Times: user=0.04 sys=0.00, real=0.03 secs] 
2021-01-21T22:07:10.321+0800: 45.951: [Full GC (Allocation Failure) 2021-01-21T22:07:10.321+0800: 45.952: [Tenured: 349554K->349105K(349568K), 0.0497907 secs] 506754K->393123K(506816K), [Metaspace: 2817K->2817K(1056768K)], 0.0506717 secs] [Times: user=0.05 sys=0.00, real=0.05 secs] 
2021-01-21T22:07:10.386+0800: 46.017: [Full GC (Allocation Failure) 2021-01-21T22:07:10.386+0800: 46.017: [Tenured: 349521K->349245K(349568K), 0.0477230 secs] 506702K->394923K(506816K), [Metaspace: 2817K->2817K(1056768K)], 0.0485575 secs] [Times: user=0.05 sys=0.00, real=0.05 secs] 
2021-01-21T22:07:10.448+0800: 46.079: [Full GC (Allocation Failure) 2021-01-21T22:07:10.448+0800: 46.079: [Tenured: 349487K->349121K(349568K), 0.0484309 secs] 506720K->376244K(506816K), [Metaspace: 2817K->2817K(1056768K)], 0.0493060 secs] [Times: user=0.05 sys=0.00, real=0.05 secs] 
2021-01-21T22:07:10.513+0800: 46.144: [Full GC (Allocation Failure) 2021-01-21T22:07:10.514+0800: 46.144: [Tenured: 349553K->349335K(349568K), 0.0324950 secs] 506785K->396585K(506816K), [Metaspace: 2817K->2817K(1056768K)], 0.0332792 secs] [Times: user=0.03 sys=0.00, real=0.03 secs] 
2021-01-21T22:07:10.560+0800: 46.190: [Full GC (Allocation Failure) 2021-01-21T22:07:10.560+0800: 46.191: [Tenured: 349335K->349441K(349568K), 0.0419109 secs] 506309K->395001K(506816K), [Metaspace: 2817K->2817K(1056768K)], 0.0427917 secs] [Times: user=0.05 sys=0.00, real=0.04 secs] 
2021-01-21T22:07:10.616+0800: 46.247: [Full GC (Allocation Failure) 2021-01-21T22:07:10.617+0800: 46.247: [Tenured: 349441K->349301K(349568K), 0.0423477 secs] 506663K->391196K(506816K), [Metaspace: 2817K->2817K(1056768K)], 0.0433021 secs] [Times: user=0.04 sys=0.00, real=0.05 secs] 
2021-01-21T22:07:10.674+0800: 46.305: [Full GC (Allocation Failure) 2021-01-21T22:07:10.675+0800: 46.306: [Tenured: 349301K->349452K(349568K), 0.0479154 secs] 506454K->371656K(506816K), [Metaspace: 2817K->2817K(1056768K)], 0.0488933 secs] [Times: user=0.04 sys=0.00, real=0.05 secs] 
2021-01-21T22:07:10.739+0800: 46.370: [Full GC (Allocation Failure) 2021-01-21T22:07:10.739+0800: 46.370: [Tenured: 349452K->349505K(349568K), 0.0333495 secs] 506672K->388431K(506816K), [Metaspace: 2817K->2817K(1056768K)], 0.0342204 secs] [Times: user=0.03 sys=0.00, real=0.03 secs] 
2021-01-21T22:07:10.787+0800: 46.418: [Full GC (Allocation Failure) 2021-01-21T22:07:10.788+0800: 46.418: [Tenured: 349505K->349480K(349568K), 0.0430573 secs] 506551K->389526K(506816K), [Metaspace: 2817K->2817K(1056768K)], 0.0441863 secs] [Times: user=0.05 sys=0.00, real=0.05 secs] 
2021-01-21T22:07:10.846+0800: 46.477: [Full GC (Allocation Failure) 2021-01-21T22:07:10.847+0800: 46.477: [Tenured: 349552K->349532K(349568K), 0.0430762 secs] 506791K->392931K(506816K), [Metaspace: 2817K->2817K(1056768K)], 0.0439687 secs] [Times: user=0.05 sys=0.00, real=0.05 secs] 
2021-01-21T22:07:10.904+0800: 46.535: [Full GC (Allocation Failure) 2021-01-21T22:07:10.905+0800: 46.536: [Tenured: 349567K->349412K(349568K), 0.0497797 secs] 506814K->377847K(506816K), [Metaspace: 2817K->2817K(1056768K)], 0.0509077 secs] [Times: user=0.05 sys=0.00, real=0.05 secs] 
2021-01-21T22:07:10.972+0800: 46.602: [Full GC (Allocation Failure) 2021-01-21T22:07:10.972+0800: 46.603: [Tenured: 349484K->349527K(349568K), 0.0305227 secs] 506677K->390989K(506816K), [Metaspace: 2817K->2817K(1056768K)], 0.0315858 secs] [Times: user=0.03 sys=0.00, real=0.03 secs] 
2021-01-21T22:07:11.017+0800: 46.647: [Full GC (Allocation Failure) 2021-01-21T22:07:11.017+0800: 46.648: [Tenured: 349527K->349523K(349568K), 0.0435933 secs] 506744K->389630K(506816K), [Metaspace: 2817K->2817K(1056768K)], 0.0444221 secs] [Times: user=0.04 sys=0.00, real=0.05 secs] 
2021-01-21T22:07:11.075+0800: 46.706: [Full GC (Allocation Failure) 2021-01-21T22:07:11.076+0800: 46.707: [Tenured: 349523K->349362K(349568K), 0.0449755 secs] 506584K->389395K(506816K), [Metaspace: 2817K->2817K(1056768K)], 0.0460319 secs] [Times: user=0.04 sys=0.00, real=0.05 secs] 
2021-01-21T22:07:11.137+0800: 46.768: [Full GC (Allocation Failure) 2021-01-21T22:07:11.138+0800: 46.768: [Tenured: 349506K->349276K(349568K), 0.0501198 secs] 506745K->370983K(506816K), [Metaspace: 2817K->2817K(1056768K)], 0.0509627 secs] [Times: user=0.05 sys=0.00, real=0.06 secs] 
2021-01-21T22:07:11.205+0800: 46.836: [Full GC (Allocation Failure) 2021-01-21T22:07:11.205+0800: 46.836: [Tenured: 349564K->349315K(349568K), 0.0360018 secs] 506796K->386120K(506816K), [Metaspace: 2817K->2817K(1056768K)], 0.0368873 secs] [Times: user=0.04 sys=0.00, real=0.04 secs] 
2021-01-21T22:07:11.256+0800: 46.886: [Full GC (Allocation Failure) 2021-01-21T22:07:11.256+0800: 46.887: [Tenured: 349315K->349498K(349568K), 0.0405929 secs] 506463K->386723K(506816K), [Metaspace: 2817K->2817K(1056768K)], 0.0415418 secs] [Times: user=0.04 sys=0.00, real=0.04 secs] 
2021-01-21T22:07:11.312+0800: 46.943: [Full GC (Allocation Failure) 2021-01-21T22:07:11.313+0800: 46.943: [Tenured: 349498K->349248K(349568K), 0.0426214 secs] 506426K->388011K(506816K), [Metaspace: 2817K->2817K(1056768K)], 0.0434845 secs] [Times: user=0.04 sys=0.00, real=0.04 secs] 
2021-01-21T22:07:11.371+0800: 47.002: [Full GC (Allocation Failure) 2021-01-21T22:07:11.372+0800: 47.002: [Tenured: 349544K->349187K(349568K), 0.0482056 secs] 506752K->364750K(506816K), [Metaspace: 2817K->2817K(1056768K)], 0.0494993 secs] [Times: user=0.05 sys=0.00, real=0.05 secs] 
2021-01-21T22:07:11.436+0800: 47.067: [Full GC (Allocation Failure) 2021-01-21T22:07:11.437+0800: 47.068: [Tenured: 349473K->349272K(349568K), 0.0355799 secs] 506719K->389586K(506816K), [Metaspace: 2817K->2817K(1056768K)], 0.0367625 secs] [Times: user=0.03 sys=0.00, real=0.04 secs] 
2021-01-21T22:07:11.489+0800: 47.120: [Full GC (Allocation Failure) 2021-01-21T22:07:11.489+0800: 47.120: [Tenured: 349272K->349417K(349568K), 0.0400103 secs] 506374K->392623K(506816K), [Metaspace: 2817K->2817K(1056768K)], 0.0408594 secs] [Times: user=0.04 sys=0.00, real=0.04 secs] 
2021-01-21T22:07:11.544+0800: 47.175: [Full GC (Allocation Failure) 2021-01-21T22:07:11.544+0800: 47.175: [Tenured: 349417K->349524K(349568K), 0.0413344 secs] 506507K->386526K(506816K), [Metaspace: 2817K->2817K(1056768K)], 0.0423779 secs] [Times: user=0.04 sys=0.00, real=0.04 secs] 
2021-01-21T22:07:11.603+0800: 47.234: [Full GC (Allocation Failure) 2021-01-21T22:07:11.604+0800: 47.235: [Tenured: 349524K->349193K(349568K), 0.0484697 secs] 506484K->371529K(506816K), [Metaspace: 2817K->2817K(1056768K)], 0.0494233 secs] [Times: user=0.05 sys=0.00, real=0.05 secs] 
2021-01-21T22:07:11.671+0800: 47.302: [Full GC (Allocation Failure) 2021-01-21T22:07:11.672+0800: 47.302: [Tenured: 349193K->349476K(349568K), 0.0307346 secs] 506405K->381944K(506816K), [Metaspace: 2817K->2817K(1056768K)], 0.0316241 secs] [Times: user=0.03 sys=0.00, real=0.03 secs] 
2021-01-21T22:07:11.717+0800: 47.348: [Full GC (Allocation Failure) 2021-01-21T22:07:11.718+0800: 47.349: [Tenured: 349476K->349395K(349568K), 0.0390466 secs] 506458K->383976K(506816K), [Metaspace: 2817K->2817K(1056768K)], 0.0399623 secs] [Times: user=0.04 sys=0.00, real=0.04 secs] 
2021-01-21T22:07:11.772+0800: 47.403: [Full GC (Allocation Failure) 2021-01-21T22:07:11.772+0800: 47.403: [Tenured: 349395K->349471K(349568K), 0.0425010 secs] 506611K->380660K(506816K), [Metaspace: 2817K->2817K(1056768K)], 0.0434617 secs] [Times: user=0.05 sys=0.00, real=0.04 secs] 
2021-01-21T22:07:11.831+0800: 47.461: [Full GC (Allocation Failure) 2021-01-21T22:07:11.831+0800: 47.462: [Tenured: 349471K->349103K(349568K), 0.0490193 secs] 506673K->365046K(506816K), [Metaspace: 2817K->2817K(1056768K)], 0.0499023 secs] [Times: user=0.05 sys=0.00, real=0.05 secs] 
2021-01-21T22:07:11.898+0800: 47.529: [Full GC (Allocation Failure) 2021-01-21T22:07:11.899+0800: 47.529: [Tenured: 349103K->349155K(349568K), 0.0304134 secs] 506104K->386363K(506816K), [Metaspace: 2817K->2817K(1056768K)], 0.0313458 secs] [Times: user=0.03 sys=0.00, real=0.03 secs] 
2021-01-21T22:07:11.944+0800: 47.575: [Full GC (Allocation Failure) 2021-01-21T22:07:11.944+0800: 47.575: [Tenured: 349155K->349304K(349568K), 0.0402787 secs] 505967K->393378K(506816K), [Metaspace: 2817K->2817K(1056768K)], 0.0412035 secs] [Times: user=0.04 sys=0.00, real=0.04 secs] 
2021-01-21T22:07:12.003+0800: 47.633: [Full GC (Allocation Failure) 2021-01-21T22:07:12.003+0800: 47.634: [Tenured: 349540K->349510K(349568K), 0.0435081 secs] 506785K->396668K(506816K), [Metaspace: 2817K->2817K(1056768K)], 0.0444728 secs] [Times: user=0.04 sys=0.00, real=0.04 secs] 
2021-01-21T22:07:12.060+0800: 47.690: [Full GC (Allocation Failure) 2021-01-21T22:07:12.060+0800: 47.691: [Tenured: 349510K->349412K(349568K), 0.0469842 secs] 506742K->377326K(506816K), [Metaspace: 2817K->2817K(1056768K)], 0.0482825 secs] [Times: user=0.05 sys=0.00, real=0.05 secs] 
2021-01-21T22:07:12.123+0800: 47.753: [Full GC (Allocation Failure) 2021-01-21T22:07:12.123+0800: 47.754: [Tenured: 349412K->349560K(349568K), 0.0315389 secs] 506570K->388780K(506816K), [Metaspace: 2817K->2817K(1056768K)], 0.0324972 secs] [Times: user=0.04 sys=0.00, real=0.03 secs] 
2021-01-21T22:07:12.169+0800: 47.800: [Full GC (Allocation Failure) 2021-01-21T22:07:12.170+0800: 47.800: [Tenured: 349560K->349054K(349568K), 0.0373622 secs] 506545K->389988K(506816K), [Metaspace: 2817K->2817K(1056768K)], 0.0383143 secs] [Times: user=0.04 sys=0.00, real=0.03 secs] 
2021-01-21T22:07:12.221+0800: 47.852: [Full GC (Allocation Failure) 2021-01-21T22:07:12.222+0800: 47.852: [Tenured: 349054K->349154K(349568K), 0.0423927 secs] 506119K->398057K(506816K), [Metaspace: 2817K->2817K(1056768K)], 0.0432494 secs] [Times: user=0.04 sys=0.00, real=0.04 secs] 
2021-01-21T22:07:12.278+0800: 47.908: [Full GC (Allocation Failure) 2021-01-21T22:07:12.278+0800: 47.909: [Tenured: 349154K->349494K(349568K), 0.0481040 secs] 505942K->389311K(506816K), [Metaspace: 2817K->2817K(1056768K)], 0.0489869 secs] [Times: user=0.05 sys=0.00, real=0.05 secs] 
2021-01-21T22:07:12.341+0800: 47.971: [Full GC (Allocation Failure) 2021-01-21T22:07:12.341+0800: 47.972: [Tenured: 349567K->349499K(349568K), 0.0348519 secs] 506791K->407098K(506816K), [Metaspace: 2817K->2817K(1056768K)], 0.0360319 secs] [Times: user=0.03 sys=0.00, real=0.03 secs] 
2021-01-21T22:07:12.390+0800: 48.021: [Full GC (Allocation Failure) 2021-01-21T22:07:12.391+0800: 48.021: [Tenured: 349499K->349259K(349568K), 0.0417607 secs] 506520K->407489K(506816K), [Metaspace: 2817K->2817K(1056768K)], 0.0427642 secs] [Times: user=0.05 sys=0.00, real=0.04 secs] 
2021-01-21T22:07:12.445+0800: 48.076: [Full GC (Allocation Failure) 2021-01-21T22:07:12.446+0800: 48.076: [Tenured: 349259K->349406K(349568K), 0.0434274 secs] 505968K->403468K(506816K), [Metaspace: 2817K->2817K(1056768K)], 0.0443248 secs] [Times: user=0.04 sys=0.00, real=0.05 secs] 
2021-01-21T22:07:12.502+0800: 48.133: [Full GC (Allocation Failure) 2021-01-21T22:07:12.503+0800: 48.134: [Tenured: 349406K->349039K(349568K), 0.0495080 secs] 506501K->386560K(506816K), [Metaspace: 2817K->2817K(1056768K)], 0.0504325 secs] [Times: user=0.05 sys=0.00, real=0.05 secs] 
2021-01-21T22:07:12.567+0800: 48.197: [Full GC (Allocation Failure) 2021-01-21T22:07:12.567+0800: 48.198: [Tenured: 349039K->349532K(349568K), 0.0338402 secs] 505819K->402929K(506816K), [Metaspace: 2817K->2817K(1056768K)], 0.0347412 secs] [Times: user=0.03 sys=0.00, real=0.04 secs] 
2021-01-21T22:07:12.615+0800: 48.246: [Full GC (Allocation Failure) 2021-01-21T22:07:12.615+0800: 48.246: [Tenured: 349550K->349344K(349568K), 0.0416544 secs] 506796K->406840K(506816K), [Metaspace: 2817K->2817K(1056768K)], 0.0424752 secs] [Times: user=0.04 sys=0.00, real=0.04 secs] 
2021-01-21T22:07:12.671+0800: 48.302: [Full GC (Allocation Failure) 2021-01-21T22:07:12.672+0800: 48.303: [Tenured: 349452K->349395K(349568K), 0.0440587 secs] 506681K->404004K(506816K), [Metaspace: 2817K->2817K(1056768K)], 0.0448738 secs] [Times: user=0.04 sys=0.00, real=0.04 secs] 
2021-01-21T22:07:12.728+0800: 48.359: [Full GC (Allocation Failure) 2021-01-21T22:07:12.728+0800: 48.359: [Tenured: 349521K->349479K(349568K), 0.0491466 secs] 506769K->385313K(506816K), [Metaspace: 2817K->2817K(1056768K)], 0.0500184 secs] [Times: user=0.05 sys=0.00, real=0.06 secs] 
2021-01-21T22:07:12.793+0800: 48.424: [Full GC (Allocation Failure) 2021-01-21T22:07:12.794+0800: 48.425: [Tenured: 349479K->349398K(349568K), 0.0295720 secs] 506460K->409825K(506816K), [Metaspace: 2817K->2817K(1056768K)], 0.0307647 secs] [Times: user=0.03 sys=0.00, real=0.03 secs] 
2021-01-21T22:07:12.836+0800: 48.467: [Full GC (Allocation Failure) 2021-01-21T22:07:12.836+0800: 48.467: [Tenured: 349398K->349537K(349568K), 0.0411779 secs] 506475K->405451K(506816K), [Metaspace: 2817K->2817K(1056768K)], 0.0420301 secs] [Times: user=0.04 sys=0.00, real=0.05 secs] 
2021-01-21T22:07:12.889+0800: 48.520: [Full GC (Allocation Failure) 2021-01-21T22:07:12.890+0800: 48.520: [Tenured: 349537K->349211K(349568K), 0.0427866 secs] 506782K->402390K(506816K), [Metaspace: 2817K->2817K(1056768K)], 0.0438534 secs] [Times: user=0.04 sys=0.00, real=0.04 secs] 
2021-01-21T22:07:12.946+0800: 48.576: [Full GC (Allocation Failure) 2021-01-21T22:07:12.946+0800: 48.577: [Tenured: 349211K->349350K(349568K), 0.0510452 secs] 506238K->385044K(506816K), [Metaspace: 2817K->2817K(1056768K)], 0.0519556 secs] [Times: user=0.06 sys=0.00, real=0.05 secs] 
2021-01-21T22:07:13.012+0800: 48.643: [Full GC (Allocation Failure) 2021-01-21T22:07:13.012+0800: 48.643: [Tenured: 349350K->349547K(349568K), 0.0294434 secs] 506111K->408254K(506816K), [Metaspace: 2817K->2817K(1056768K)], 0.0303414 secs] [Times: user=0.03 sys=0.00, real=0.03 secs] 
2021-01-21T22:07:13.052+0800: 48.683: [Full GC (Allocation Failure) 2021-01-21T22:07:13.053+0800: 48.684: [Tenured: 349547K->349557K(349568K), 0.0389185 secs] 506567K->404106K(506816K), [Metaspace: 2817K->2817K(1056768K)], 0.0398329 secs] [Times: user=0.04 sys=0.00, real=0.04 secs] 
2021-01-21T22:07:13.104+0800: 48.735: [Full GC (Allocation Failure) 2021-01-21T22:07:13.105+0800: 48.735: [Tenured: 349557K->349514K(349568K), 0.0430175 secs] 506594K->401713K(506816K), [Metaspace: 2817K->2817K(1056768K)], 0.0438853 secs] [Times: user=0.04 sys=0.00, real=0.05 secs] 
2021-01-21T22:07:13.161+0800: 48.792: [Full GC (Allocation Failure) 2021-01-21T22:07:13.162+0800: 48.792: [Tenured: 349514K->349355K(349568K), 0.0484056 secs] 506451K->386272K(506816K), [Metaspace: 2817K->2817K(1056768K)], 0.0494439 secs] [Times: user=0.05 sys=0.00, real=0.05 secs] 
2021-01-21T22:07:13.225+0800: 48.855: [Full GC (Allocation Failure) 2021-01-21T22:07:13.225+0800: 48.856: [Tenured: 349530K->349525K(349568K), 0.0311635 secs] 506766K->409223K(506816K), [Metaspace: 2817K->2817K(1056768K)], 0.0321815 secs] [Times: user=0.03 sys=0.00, real=0.03 secs] 
2021-01-21T22:07:13.270+0800: 48.900: [Full GC (Allocation Failure) 2021-01-21T22:07:13.270+0800: 48.901: [Tenured: 349525K->349293K(349568K), 0.0409331 secs] 506740K->408402K(506816K), [Metaspace: 2817K->2817K(1056768K)], 0.0418146 secs] [Times: user=0.04 sys=0.00, real=0.04 secs] 
2021-01-21T22:07:13.322+0800: 48.953: [Full GC (Allocation Failure) 2021-01-21T22:07:13.323+0800: 48.954: [Tenured: 349293K->349444K(349568K), 0.0431154 secs] 505988K->409755K(506816K), [Metaspace: 2817K->2817K(1056768K)], 0.0441980 secs] [Times: user=0.04 sys=0.00, real=0.04 secs] 
2021-01-21T22:07:13.379+0800: 49.009: [Full GC (Allocation Failure) 2021-01-21T22:07:13.379+0800: 49.010: [Tenured: 349516K->349559K(349568K), 0.0520144 secs] 506709K->400023K(506816K), [Metaspace: 2817K->2817K(1056768K)], 0.0528559 secs] [Times: user=0.06 sys=0.00, real=0.05 secs] 
2021-01-21T22:07:13.445+0800: 49.075: [Full GC (Allocation Failure) 2021-01-21T22:07:13.445+0800: 49.076: [Tenured: 349559K->349395K(349568K), 0.0302435 secs] 506785K->417316K(506816K), [Metaspace: 2817K->2817K(1056768K)], 0.0311027 secs] [Times: user=0.03 sys=0.00, real=0.03 secs] 
2021-01-21T22:07:13.487+0800: 49.117: [Full GC (Allocation Failure) 2021-01-21T22:07:13.487+0800: 49.118: [Tenured: 349539K->349242K(349568K), 0.0380764 secs] 506774K->413902K(506816K), [Metaspace: 2817K->2817K(1056768K)], 0.0388155 secs] [Times: user=0.04 sys=0.00, real=0.04 secs] 
2021-01-21T22:07:13.537+0800: 49.168: [Full GC (Allocation Failure) 2021-01-21T22:07:13.538+0800: 49.168: [Tenured: 349242K->349491K(349568K), 0.0443048 secs] 506398K->412082K(506816K), [Metaspace: 2817K->2817K(1056768K)], 0.0452070 secs] [Times: user=0.04 sys=0.00, real=0.05 secs] 
2021-01-21T22:07:13.595+0800: 49.225: [Full GC (Allocation Failure) 2021-01-21T22:07:13.595+0800: 49.226: [Tenured: 349491K->349358K(349568K), 0.0505050 secs] 506671K->390388K(506816K), [Metaspace: 2817K->2817K(1056768K)], 0.0514494 secs] [Times: user=0.05 sys=0.00, real=0.05 secs] 
2021-01-21T22:07:13.660+0800: 49.290: [Full GC (Allocation Failure) 2021-01-21T22:07:13.660+0800: 49.291: [Tenured: 349483K->348984K(349568K), 0.0298568 secs] 506714K->406366K(506816K), [Metaspace: 2817K->2817K(1056768K)], 0.0308146 secs] [Times: user=0.03 sys=0.00, real=0.03 secs] 
2021-01-21T22:07:13.701+0800: 49.332: [Full GC (Allocation Failure) 2021-01-21T22:07:13.702+0800: 49.332: [Tenured: 349146K->349505K(349568K), 0.0457982 secs] 506375K->407319K(506816K), [Metaspace: 2817K->2817K(1056768K)], 0.0465884 secs] [Times: user=0.04 sys=0.00, real=0.04 secs] 
2021-01-21T22:07:13.762+0800: 49.392: [Full GC (Allocation Failure) 2021-01-21T22:07:13.762+0800: 49.393: [Tenured: 349505K->349495K(349568K), 0.0473957 secs] 506190K->404932K(506816K), [Metaspace: 2817K->2817K(1056768K)], 0.0482096 secs] [Times: user=0.05 sys=0.00, real=0.05 secs] 
2021-01-21T22:07:13.821+0800: 49.451: [Full GC (Allocation Failure) 2021-01-21T22:07:13.821+0800: 49.452: [Tenured: 349560K->349005K(349568K), 0.0509100 secs] 506759K->389421K(506816K), [Metaspace: 2817K->2817K(1056768K)], 0.0519913 secs] [Times: user=0.05 sys=0.00, real=0.05 secs] 
2021-01-21T22:07:13.887+0800: 49.518: [Full GC (Allocation Failure) 2021-01-21T22:07:13.888+0800: 49.518: [Tenured: 349005K->349553K(349568K), 0.0291408 secs] 505641K->407372K(506816K), [Metaspace: 2817K->2817K(1056768K)], 0.0300979 secs] [Times: user=0.03 sys=0.00, real=0.03 secs] 
2021-01-21T22:07:13.930+0800: 49.561: [Full GC (Allocation Failure) 2021-01-21T22:07:13.930+0800: 49.561: [Tenured: 349553K->348963K(349568K), 0.0372068 secs] 506779K->403823K(506816K), [Metaspace: 2817K->2817K(1056768K)], 0.0380917 secs] [Times: user=0.04 sys=0.00, real=0.04 secs] 
2021-01-21T22:07:13.980+0800: 49.611: [Full GC (Allocation Failure) 2021-01-21T22:07:13.980+0800: 49.611: [Tenured: 349249K->349228K(349568K), 0.0417183 secs] 506481K->406027K(506816K), [Metaspace: 2817K->2817K(1056768K)], 0.0428056 secs] [Times: user=0.04 sys=0.00, real=0.04 secs] 
2021-01-21T22:07:14.034+0800: 49.665: [Full GC (Allocation Failure) 2021-01-21T22:07:14.035+0800: 49.665: [Tenured: 349228K->349407K(349568K), 0.0494566 secs] 506193K->391410K(506816K), [Metaspace: 2817K->2817K(1056768K)], 0.0503252 secs] [Times: user=0.05 sys=0.00, real=0.05 secs] 
2021-01-21T22:07:14.100+0800: 49.730: [Full GC (Allocation Failure) 2021-01-21T22:07:14.100+0800: 49.731: [Tenured: 349550K->349216K(349568K), 0.0288292 secs] 506793K->409540K(506816K), [Metaspace: 2817K->2817K(1056768K)], 0.0298084 secs] [Times: user=0.03 sys=0.00, real=0.03 secs] 
2021-01-21T22:07:14.142+0800: 49.773: [Full GC (Allocation Failure) 2021-01-21T22:07:14.143+0800: 49.773: [Tenured: 349216K->349518K(349568K), 0.0406208 secs] 506156K->410260K(506816K), [Metaspace: 2817K->2817K(1056768K)], 0.0415304 secs] [Times: user=0.04 sys=0.00, real=0.04 secs] 
2021-01-21T22:07:14.197+0800: 49.827: [Full GC (Allocation Failure) 2021-01-21T22:07:14.197+0800: 49.828: [Tenured: 349554K->349555K(349568K), 0.0430525 secs] 506801K->410191K(506816K), [Metaspace: 2817K->2817K(1056768K)], 0.0441662 secs] [Times: user=0.04 sys=0.00, real=0.05 secs] 
2021-01-21T22:07:14.253+0800: 49.884: [Full GC (Allocation Failure) 2021-01-21T22:07:14.254+0800: 49.884: [Tenured: 349555K->349564K(349568K), 0.0513159 secs] 506637K->394197K(506816K), [Metaspace: 2817K->2817K(1056768K)], 0.0522736 secs] [Times: user=0.06 sys=0.00, real=0.05 secs] 
2021-01-21T22:07:14.319+0800: 49.950: [Full GC (Allocation Failure) 2021-01-21T22:07:14.320+0800: 49.950: [Tenured: 349564K->349420K(349568K), 0.0320006 secs] 506422K->407721K(506816K), [Metaspace: 2817K->2817K(1056768K)], 0.0327129 secs] [Times: user=0.03 sys=0.00, real=0.03 secs] 
2021-01-21T22:07:14.363+0800: 49.993: [Full GC (Allocation Failure) 2021-01-21T22:07:14.363+0800: 49.994: [Tenured: 349420K->349473K(349568K), 0.0397659 secs] 506522K->404897K(506816K), [Metaspace: 2817K->2817K(1056768K)], 0.0405479 secs] [Times: user=0.04 sys=0.00, real=0.04 secs] 
2021-01-21T22:07:14.415+0800: 50.046: [Full GC (Allocation Failure) 2021-01-21T22:07:14.416+0800: 50.046: [Tenured: 349473K->349024K(349568K), 0.0428379 secs] 506534K->401887K(506816K), [Metaspace: 2817K->2817K(1056768K)], 0.0435806 secs] [Times: user=0.05 sys=0.00, real=0.05 secs] 
2021-01-21T22:07:14.471+0800: 50.102: [Full GC (Allocation Failure) 2021-01-21T22:07:14.471+0800: 50.102: [Tenured: 349215K->349290K(349568K), 0.0490683 secs] 506463K->386121K(506816K), [Metaspace: 2817K->2817K(1056768K)], 0.0498627 secs] [Times: user=0.05 sys=0.00, real=0.05 secs] 
2021-01-21T22:07:14.535+0800: 50.166: [Full GC (Allocation Failure) 2021-01-21T22:07:14.535+0800: 50.166: [Tenured: 349290K->349470K(349568K), 0.0285465 secs] 506392K->398556K(506816K), [Metaspace: 2817K->2817K(1056768K)], 0.0293866 secs] [Times: user=0.03 sys=0.00, real=0.03 secs] 
2021-01-21T22:07:14.577+0800: 50.208: [Full GC (Allocation Failure) 2021-01-21T22:07:14.578+0800: 50.209: [Tenured: 349470K->349530K(349568K), 0.0396213 secs] 506672K->399663K(506816K), [Metaspace: 2817K->2817K(1056768K)], 0.0404611 secs] [Times: user=0.04 sys=0.00, real=0.05 secs] 
2021-01-21T22:07:14.631+0800: 50.262: [Full GC (Allocation Failure) 2021-01-21T22:07:14.631+0800: 50.262: [Tenured: 349530K->349508K(349568K), 0.0444695 secs] 506603K->395262K(506816K), [Metaspace: 2817K->2817K(1056768K)], 0.0452369 secs] [Times: user=0.05 sys=0.00, real=0.04 secs] 
2021-01-21T22:07:14.690+0800: 50.320: [Full GC (Allocation Failure) 2021-01-21T22:07:14.690+0800: 50.321: [Tenured: 349562K->349123K(349568K), 0.0499970 secs] 506806K->380353K(506816K), [Metaspace: 2817K->2817K(1056768K)], 0.0510171 secs] [Times: user=0.05 sys=0.00, real=0.05 secs] 
2021-01-21T22:07:14.756+0800: 50.387: [Full GC (Allocation Failure) 2021-01-21T22:07:14.756+0800: 50.387: [Tenured: 349498K->349408K(349568K), 0.0299987 secs] 506713K->395889K(506816K), [Metaspace: 2817K->2817K(1056768K)], 0.0309919 secs] [Times: user=0.02 sys=0.00, real=0.03 secs] 
2021-01-21T22:07:14.799+0800: 50.430: [Full GC (Allocation Failure) 2021-01-21T22:07:14.799+0800: 50.430: [Tenured: 349408K->349567K(349568K), 0.0446808 secs] 506460K->395460K(506816K), [Metaspace: 2817K->2817K(1056768K)], 0.0455495 secs] [Times: user=0.04 sys=0.00, real=0.04 secs] 
2021-01-21T22:07:14.859+0800: 50.490: [Full GC (Allocation Failure) 2021-01-21T22:07:14.860+0800: 50.490: [Tenured: 349567K->349401K(349568K), 0.0466685 secs] 506640K->398043K(506816K), [Metaspace: 2817K->2817K(1056768K)], 0.0474982 secs] [Times: user=0.04 sys=0.00, real=0.04 secs] 
2021-01-21T22:07:14.919+0800: 50.550: [Full GC (Allocation Failure) 2021-01-21T22:07:14.920+0800: 50.551: [Tenured: 349401K->349395K(349568K), 0.0494020 secs] 506306K->382860K(506816K), [Metaspace: 2817K->2817K(1056768K)], 0.0502334 secs] [Times: user=0.05 sys=0.00, real=0.05 secs] 
2021-01-21T22:07:14.985+0800: 50.615: [Full GC (Allocation Failure) 2021-01-21T22:07:14.985+0800: 50.616: [Tenured: 349395K->349473K(349568K), 0.0289124 secs] 506395K->397770K(506816K), [Metaspace: 2817K->2817K(1056768K)], 0.0297808 secs] [Times: user=0.03 sys=0.00, real=0.03 secs] 
2021-01-21T22:07:15.026+0800: 50.657: [Full GC (Allocation Failure) 2021-01-21T22:07:15.027+0800: 50.657: [Tenured: 349473K->349175K(349568K), 0.0393515 secs] 506457K->397302K(506816K), [Metaspace: 2817K->2817K(1056768K)], 0.0402207 secs] [Times: user=0.04 sys=0.00, real=0.04 secs] 
2021-01-21T22:07:15.080+0800: 50.710: [Full GC (Allocation Failure) 2021-01-21T22:07:15.080+0800: 50.711: [Tenured: 349498K->349317K(349568K), 0.0414073 secs] 506717K->394059K(506816K), [Metaspace: 2817K->2817K(1056768K)], 0.0422830 secs] [Times: user=0.04 sys=0.00, real=0.04 secs] 
2021-01-21T22:07:15.135+0800: 50.766: [Full GC (Allocation Failure) 2021-01-21T22:07:15.136+0800: 50.767: [Tenured: 349317K->349411K(349568K), 0.0470333 secs] 506468K->376506K(506816K), [Metaspace: 2817K->2817K(1056768K)], 0.0479339 secs] [Times: user=0.05 sys=0.00, real=0.05 secs] 
2021-01-21T22:07:15.198+0800: 50.829: [Full GC (Allocation Failure) 2021-01-21T22:07:15.199+0800: 50.829: [Tenured: 349411K->349272K(349568K), 0.0350448 secs] 506168K->389085K(506816K), [Metaspace: 2817K->2817K(1056768K)], 0.0361379 secs] [Times: user=0.03 sys=0.00, real=0.03 secs] 
2021-01-21T22:07:15.248+0800: 50.879: [Full GC (Allocation Failure) 2021-01-21T22:07:15.248+0800: 50.879: [Tenured: 349436K->349295K(349568K), 0.0390151 secs] 506668K->388461K(506816K), [Metaspace: 2817K->2817K(1056768K)], 0.0399362 secs] [Times: user=0.04 sys=0.00, real=0.05 secs] 
2021-01-21T22:07:15.304+0800: 50.934: [Full GC (Allocation Failure) 2021-01-21T22:07:15.304+0800: 50.935: [Tenured: 349295K->349542K(349568K), 0.0439392 secs] 506341K->392843K(506816K), [Metaspace: 2817K->2817K(1056768K)], 0.0448111 secs] [Times: user=0.04 sys=0.00, real=0.05 secs] 
2021-01-21T22:07:15.364+0800: 50.994: [Full GC (Allocation Failure) 2021-01-21T22:07:15.364+0800: 50.995: [Tenured: 349542K->349390K(349568K), 0.0486432 secs] 506784K->376061K(506816K), [Metaspace: 2817K->2817K(1056768K)], 0.0495216 secs] [Times: user=0.05 sys=0.00, real=0.05 secs] 
2021-01-21T22:07:15.428+0800: 51.059: [Full GC (Allocation Failure) 2021-01-21T22:07:15.428+0800: 51.059: [Tenured: 349390K->349428K(349568K), 0.0277882 secs] 506417K->394349K(506816K), [Metaspace: 2817K->2817K(1056768K)], 0.0286669 secs] [Times: user=0.03 sys=0.00, real=0.03 secs] 
2021-01-21T22:07:15.470+0800: 51.100: [Full GC (Allocation Failure) 2021-01-21T22:07:15.470+0800: 51.101: [Tenured: 349428K->348925K(349568K), 0.0391279 secs] 506569K->390964K(506816K), [Metaspace: 2817K->2817K(1056768K)], 0.0401025 secs] [Times: user=0.04 sys=0.00, real=0.04 secs] 
2021-01-21T22:07:15.525+0800: 51.155: [Full GC (Allocation Failure) 2021-01-21T22:07:15.525+0800: 51.156: [Tenured: 348925K->349189K(349568K), 0.0425188 secs] 506165K->392078K(506816K), [Metaspace: 2817K->2817K(1056768K)], 0.0434577 secs] [Times: user=0.05 sys=0.00, real=0.05 secs] 
2021-01-21T22:07:15.583+0800: 51.214: [Full GC (Allocation Failure) 2021-01-21T22:07:15.584+0800: 51.214: [Tenured: 349333K->349512K(349568K), 0.0483502 secs] 506507K->373371K(506816K), [Metaspace: 2817K->2817K(1056768K)], 0.0491530 secs] [Times: user=0.05 sys=0.00, real=0.05 secs] 
2021-01-21T22:07:15.648+0800: 51.279: [Full GC (Allocation Failure) 2021-01-21T22:07:15.649+0800: 51.280: [Tenured: 349512K->349539K(349568K), 0.0287455 secs] 506722K->387495K(506816K), [Metaspace: 2817K->2817K(1056768K)], 0.0294759 secs] [Times: user=0.03 sys=0.00, real=0.03 secs] 
2021-01-21T22:07:15.692+0800: 51.323: [Full GC (Allocation Failure) 2021-01-21T22:07:15.693+0800: 51.323: [Tenured: 349539K->349548K(349568K), 0.0379912 secs] 506728K->393345K(506816K), [Metaspace: 2817K->2817K(1056768K)], 0.0387433 secs] [Times: user=0.03 sys=0.00, real=0.04 secs] 
2021-01-21T22:07:15.746+0800: 51.376: [Full GC (Allocation Failure) 2021-01-21T22:07:15.746+0800: 51.377: [Tenured: 349548K->349553K(349568K), 0.0416182 secs] 506718K->389501K(506816K), [Metaspace: 2817K->2817K(1056768K)], 0.0423771 secs] [Times: user=0.04 sys=0.00, real=0.05 secs] 
2021-01-21T22:07:15.802+0800: 51.433: [Full GC (Allocation Failure) 2021-01-21T22:07:15.802+0800: 51.433: [Tenured: 349553K->349434K(349568K), 0.0492771 secs] 506605K->372125K(506816K), [Metaspace: 2817K->2817K(1056768K)], 0.0500519 secs] [Times: user=0.05 sys=0.00, real=0.05 secs] 
2021-01-21T22:07:15.873+0800: 51.503: [Full GC (Allocation Failure) 2021-01-21T22:07:15.873+0800: 51.504: [Tenured: 349434K->349416K(349568K), 0.0295812 secs] 506602K->394662K(506816K), [Metaspace: 2817K->2817K(1056768K)], 0.0305083 secs] [Times: user=0.03 sys=0.00, real=0.03 secs] 
2021-01-21T22:07:15.919+0800: 51.549: [Full GC (Allocation Failure) 2021-01-21T22:07:15.919+0800: 51.550: [Tenured: 349416K->349489K(349568K), 0.0452282 secs] 506522K->394633K(506816K), [Metaspace: 2817K->2817K(1056768K)], 0.0461399 secs] [Times: user=0.04 sys=0.00, real=0.04 secs] 
2021-01-21T22:07:15.979+0800: 51.610: [Full GC (Allocation Failure) 2021-01-21T22:07:15.980+0800: 51.611: [Tenured: 349489K->349438K(349568K), 0.0439033 secs] 506683K->394597K(506816K), [Metaspace: 2817K->2817K(1056768K)], 0.0447604 secs] [Times: user=0.04 sys=0.00, real=0.04 secs] 
2021-01-21T22:07:16.040+0800: 51.670: [Full GC (Allocation Failure) 2021-01-21T22:07:16.040+0800: 51.671: [Tenured: 349438K->349407K(349568K), 0.0491460 secs] 506574K->378978K(506816K), [Metaspace: 2817K->2817K(1056768K)], 0.0499745 secs] [Times: user=0.05 sys=0.00, real=0.05 secs] 
2021-01-21T22:07:16.105+0800: 51.736: [Full GC (Allocation Failure) 2021-01-21T22:07:16.105+0800: 51.736: [Tenured: 349551K->349504K(349568K), 0.0345792 secs] 506757K->397733K(506816K), [Metaspace: 2817K->2817K(1056768K)], 0.0354108 secs] [Times: user=0.03 sys=0.00, real=0.04 secs] 
2021-01-21T22:07:16.152+0800: 51.783: [Full GC (Allocation Failure) 2021-01-21T22:07:16.153+0800: 51.783: [Tenured: 349504K->349486K(349568K), 0.0434559 secs] 506713K->395875K(506816K), [Metaspace: 2817K->2817K(1056768K)], 0.0443738 secs] [Times: user=0.04 sys=0.00, real=0.04 secs] 
2021-01-21T22:07:16.211+0800: 51.841: [Full GC (Allocation Failure) 2021-01-21T22:07:16.211+0800: 51.842: [Tenured: 349522K->349232K(349568K), 0.0422563 secs] 506764K->395533K(506816K), [Metaspace: 2817K->2817K(1056768K)], 0.0431495 secs] [Times: user=0.04 sys=0.00, real=0.04 secs] 
2021-01-21T22:07:16.268+0800: 51.899: [Full GC (Allocation Failure) 2021-01-21T22:07:16.268+0800: 51.899: [Tenured: 349232K->349472K(349568K), 0.0526095 secs] 506288K->380843K(506816K), [Metaspace: 2817K->2817K(1056768K)], 0.0536850 secs] [Times: user=0.05 sys=0.00, real=0.06 secs] 
2021-01-21T22:07:16.343+0800: 51.974: [Full GC (Allocation Failure) 2021-01-21T22:07:16.343+0800: 51.974: [Tenured: 349472K->349559K(349568K), 0.0363206 secs] 506533K->396873K(506816K), [Metaspace: 2817K->2817K(1056768K)], 0.0372566 secs] [Times: user=0.04 sys=0.00, real=0.04 secs] 
2021-01-21T22:07:16.394+0800: 52.025: [Full GC (Allocation Failure) 2021-01-21T22:07:16.395+0800: 52.026: [Tenured: 349559K->349423K(349568K), 0.0419609 secs] 506741K->394773K(506816K), [Metaspace: 2817K->2817K(1056768K)], 0.0429090 secs] [Times: user=0.04 sys=0.00, real=0.04 secs] 
2021-01-21T22:07:16.451+0800: 52.082: [Full GC (Allocation Failure) 2021-01-21T22:07:16.452+0800: 52.082: [Tenured: 349531K->349476K(349568K), 0.0464206 secs] 506777K->394092K(506816K), [Metaspace: 2817K->2817K(1056768K)], 0.0473722 secs] [Times: user=0.04 sys=0.00, real=0.05 secs] 
2021-01-21T22:07:16.514+0800: 52.145: [Full GC (Allocation Failure) 2021-01-21T22:07:16.514+0800: 52.145: [Tenured: 349476K->349390K(349568K), 0.0494694 secs] 506258K->379016K(506816K), [Metaspace: 2817K->2817K(1056768K)], 0.0503310 secs] [Times: user=0.05 sys=0.00, real=0.05 secs] 
2021-01-21T22:07:16.580+0800: 52.211: [Full GC (Allocation Failure) 2021-01-21T22:07:16.581+0800: 52.211: [Tenured: 349462K->349213K(349568K), 0.0322971 secs] 506698K->393451K(506816K), [Metaspace: 2817K->2817K(1056768K)], 0.0332446 secs] [Times: user=0.04 sys=0.00, real=0.03 secs] 
2021-01-21T22:07:16.627+0800: 52.258: [Full GC (Allocation Failure) 2021-01-21T22:07:16.628+0800: 52.258: [Tenured: 349507K->349385K(349568K), 0.0374221 secs] 506752K->394380K(506816K), [Metaspace: 2817K->2817K(1056768K)], 0.0382951 secs] [Times: user=0.04 sys=0.00, real=0.04 secs] 
2021-01-21T22:07:16.678+0800: 52.309: [Full GC (Allocation Failure) 2021-01-21T22:07:16.678+0800: 52.309: [Tenured: 349385K->349398K(349568K), 0.0426953 secs] 506229K->395080K(506816K), [Metaspace: 2817K->2817K(1056768K)], 0.0435180 secs] [Times: user=0.04 sys=0.00, real=0.05 secs] 
2021-01-21T22:07:16.736+0800: 52.367: [Full GC (Allocation Failure) 2021-01-21T22:07:16.737+0800: 52.367: [Tenured: 349398K->349558K(349568K), 0.0485416 secs] 506572K->379969K(506816K), [Metaspace: 2817K->2817K(1056768K)], 0.0494724 secs] [Times: user=0.05 sys=0.00, real=0.05 secs] 
2021-01-21T22:07:16.802+0800: 52.433: [Full GC (Allocation Failure) 2021-01-21T22:07:16.802+0800: 52.433: [Tenured: 349558K->349512K(349568K), 0.0291526 secs] 506505K->387932K(506816K), [Metaspace: 2817K->2817K(1056768K)], 0.0300669 secs] [Times: user=0.03 sys=0.00, real=0.03 secs] 
2021-01-21T22:07:16.848+0800: 52.479: [Full GC (Allocation Failure) 2021-01-21T22:07:16.849+0800: 52.480: [Tenured: 349512K->349201K(349568K), 0.0405793 secs] 506675K->386156K(506816K), [Metaspace: 2817K->2817K(1056768K)], 0.0416445 secs] [Times: user=0.04 sys=0.00, real=0.04 secs] 
2021-01-21T22:07:16.905+0800: 52.536: [Full GC (Allocation Failure) 2021-01-21T22:07:16.906+0800: 52.536: [Tenured: 349201K->349280K(349568K), 0.0428799 secs] 506426K->384806K(506816K), [Metaspace: 2817K->2817K(1056768K)], 0.0437380 secs] [Times: user=0.04 sys=0.00, real=0.05 secs] 
2021-01-21T22:07:16.964+0800: 52.595: [Full GC (Allocation Failure) 2021-01-21T22:07:16.965+0800: 52.595: [Tenured: 349529K->349346K(349568K), 0.0496066 secs] 506738K->363489K(506816K), [Metaspace: 2817K->2817K(1056768K)], 0.0509264 secs] [Times: user=0.05 sys=0.00, real=0.05 secs] 
2021-01-21T22:07:17.034+0800: 52.664: [Full GC (Allocation Failure) 2021-01-21T22:07:17.034+0800: 52.665: [Tenured: 349346K->349460K(349568K), 0.0313773 secs] 506168K->386680K(506816K), [Metaspace: 2817K->2817K(1056768K)], 0.0322458 secs] [Times: user=0.04 sys=0.00, real=0.03 secs] 
2021-01-21T22:07:17.080+0800: 52.711: [Full GC (Allocation Failure) 2021-01-21T22:07:17.080+0800: 52.711: [Tenured: 349460K->349409K(349568K), 0.0419782 secs] 506684K->393917K(506816K), [Metaspace: 2817K->2817K(1056768K)], 0.0428229 secs] [Times: user=0.04 sys=0.00, real=0.04 secs] 
2021-01-21T22:07:17.139+0800: 52.770: [Full GC (Allocation Failure) 2021-01-21T22:07:17.139+0800: 52.770: [Tenured: 349409K->349549K(349568K), 0.0490811 secs] 506557K->391879K(506816K), [Metaspace: 2817K->2817K(1056768K)], 0.0500231 secs] [Times: user=0.05 sys=0.00, real=0.05 secs] 
2021-01-21T22:07:17.206+0800: 52.836: [Full GC (Allocation Failure) 2021-01-21T22:07:17.207+0800: 52.837: [Tenured: 349549K->349388K(349568K), 0.0529371 secs] 506759K->377916K(506816K), [Metaspace: 2817K->2817K(1056768K)], 0.0541996 secs] [Times: user=0.05 sys=0.00, real=0.06 secs] 
2021-01-21T22:07:17.275+0800: 52.906: [Full GC (Allocation Failure) 2021-01-21T22:07:17.276+0800: 52.907: [Tenured: 349460K->349500K(349568K), 0.0290874 secs] 506708K->392887K(506816K), [Metaspace: 2817K->2817K(1056768K)], 0.0300627 secs] [Times: user=0.03 sys=0.00, real=0.03 secs] 
2021-01-21T22:07:17.319+0800: 52.950: [Full GC (Allocation Failure) 2021-01-21T22:07:17.320+0800: 52.950: [Tenured: 349500K->349088K(349568K), 0.0427659 secs] 506709K->384234K(506816K), [Metaspace: 2817K->2817K(1056768K)], 0.0437162 secs] [Times: user=0.04 sys=0.00, real=0.04 secs] 
2021-01-21T22:07:17.378+0800: 53.009: [Full GC (Allocation Failure) 2021-01-21T22:07:17.378+0800: 53.009: [Tenured: 349483K->349357K(349568K), 0.0420903 secs] 506691K->390917K(506816K), [Metaspace: 2817K->2817K(1056768K)], 0.0430680 secs] [Times: user=0.04 sys=0.00, real=0.05 secs] 
2021-01-21T22:07:17.436+0800: 53.067: [Full GC (Allocation Failure) 2021-01-21T22:07:17.437+0800: 53.067: [Tenured: 349546K->349556K(349568K), 0.0479566 secs] 506632K->370232K(506816K), [Metaspace: 2817K->2817K(1056768K)], 0.0489402 secs] [Times: user=0.04 sys=0.00, real=0.05 secs] 
2021-01-21T22:07:17.500+0800: 53.131: [Full GC (Allocation Failure) 2021-01-21T22:07:17.500+0800: 53.131: [Tenured: 349565K->349563K(349568K), 0.0279691 secs] 506809K->394735K(506816K), [Metaspace: 2817K->2817K(1056768K)], 0.0288548 secs] [Times: user=0.03 sys=0.00, real=0.03 secs] 
2021-01-21T22:07:17.540+0800: 53.171: [Full GC (Allocation Failure) 2021-01-21T22:07:17.541+0800: 53.172: [Tenured: 349563K->349506K(349568K), 0.0395835 secs] 506704K->391439K(506816K), [Metaspace: 2817K->2817K(1056768K)], 0.0406806 secs] [Times: user=0.04 sys=0.00, real=0.04 secs] 
2021-01-21T22:07:17.596+0800: 53.226: [Full GC (Allocation Failure) 2021-01-21T22:07:17.596+0800: 53.227: [Tenured: 349506K->349515K(349568K), 0.0404978 secs] 506752K->396662K(506816K), [Metaspace: 2817K->2817K(1056768K)], 0.0415989 secs] [Times: user=0.04 sys=0.00, real=0.04 secs] 
2021-01-21T22:07:17.649+0800: 53.280: [Full GC (Allocation Failure) 2021-01-21T22:07:17.650+0800: 53.280: [Tenured: 349515K->349531K(349568K), 0.0473518 secs] 506723K->376048K(506816K), [Metaspace: 2817K->2817K(1056768K)], 0.0481566 secs] [Times: user=0.05 sys=0.00, real=0.04 secs] 
2021-01-21T22:07:17.714+0800: 53.345: [Full GC (Allocation Failure) 2021-01-21T22:07:17.714+0800: 53.345: [Tenured: 349531K->349163K(349568K), 0.0315655 secs] 506458K->388163K(506816K), [Metaspace: 2817K->2817K(1056768K)], 0.0323393 secs] [Times: user=0.03 sys=0.00, real=0.03 secs] 
2021-01-21T22:07:17.760+0800: 53.390: [Full GC (Allocation Failure) 2021-01-21T22:07:17.760+0800: 53.391: [Tenured: 349563K->349285K(349568K), 0.0393114 secs] 506761K->397514K(506816K), [Metaspace: 2817K->2817K(1056768K)], 0.0400828 secs] [Times: user=0.04 sys=0.00, real=0.04 secs] 
2021-01-21T22:07:17.812+0800: 53.443: [Full GC (Allocation Failure) 2021-01-21T22:07:17.813+0800: 53.443: [Tenured: 349285K->349283K(349568K), 0.0421089 secs] 506317K->396849K(506816K), [Metaspace: 2817K->2817K(1056768K)], 0.0429676 secs] [Times: user=0.04 sys=0.00, real=0.04 secs] 
2021-01-21T22:07:17.869+0800: 53.500: [Full GC (Allocation Failure) 2021-01-21T22:07:17.870+0800: 53.500: [Tenured: 349567K->349454K(349568K), 0.0482278 secs] 506811K->382349K(506816K), [Metaspace: 2817K->2817K(1056768K)], 0.0491476 secs] [Times: user=0.04 sys=0.00, real=0.05 secs] 
2021-01-21T22:07:17.932+0800: 53.563: [Full GC (Allocation Failure) 2021-01-21T22:07:17.933+0800: 53.564: [Tenured: 349454K->349187K(349568K), 0.0305655 secs] 506450K->395108K(506816K), [Metaspace: 2817K->2817K(1056768K)], 0.0313921 secs] [Times: user=0.03 sys=0.00, real=0.03 secs] 
2021-01-21T22:07:17.978+0800: 53.609: [Full GC (Allocation Failure) 2021-01-21T22:07:17.979+0800: 53.610: [Tenured: 349551K->349553K(349568K), 0.0377029 secs] 506789K->390629K(506816K), [Metaspace: 2817K->2817K(1056768K)], 0.0390501 secs] [Times: user=0.04 sys=0.00, real=0.03 secs] 
2021-01-21T22:07:18.031+0800: 53.662: [Full GC (Allocation Failure) 2021-01-21T22:07:18.032+0800: 53.662: [Tenured: 349553K->349560K(349568K), 0.0420585 secs] 506356K->389717K(506816K), [Metaspace: 2817K->2817K(1056768K)], 0.0428416 secs] [Times: user=0.05 sys=0.00, real=0.04 secs] 
2021-01-21T22:07:18.086+0800: 53.716: [Full GC (Allocation Failure) 2021-01-21T22:07:18.086+0800: 53.717: [Tenured: 349560K->349384K(349568K), 0.0468450 secs] 506806K->368619K(506816K), [Metaspace: 2817K->2817K(1056768K)], 0.0477732 secs] [Times: user=0.04 sys=0.00, real=0.05 secs] 
2021-01-21T22:07:18.151+0800: 53.782: [Full GC (Allocation Failure) 2021-01-21T22:07:18.151+0800: 53.782: [Tenured: 349384K->349359K(349568K), 0.0335742 secs] 506260K->391889K(506816K), [Metaspace: 2817K->2817K(1056768K)], 0.0345376 secs] [Times: user=0.03 sys=0.00, real=0.03 secs] 
2021-01-21T22:07:18.201+0800: 53.832: [Full GC (Allocation Failure) 2021-01-21T22:07:18.202+0800: 53.833: [Tenured: 349359K->349537K(349568K), 0.0523745 secs] 506508K->389658K(506816K), [Metaspace: 2817K->2817K(1056768K)], 0.0533225 secs] [Times: user=0.05 sys=0.00, real=0.05 secs] 
2021-01-21T22:07:18.270+0800: 53.900: [Full GC (Allocation Failure) 2021-01-21T22:07:18.270+0800: 53.901: [Tenured: 349537K->349512K(349568K), 0.0444673 secs] 506681K->391718K(506816K), [Metaspace: 2817K->2817K(1056768K)], 0.0452454 secs] [Times: user=0.04 sys=0.00, real=0.04 secs] 
2021-01-21T22:07:18.329+0800: 53.960: [Full GC (Allocation Failure) 2021-01-21T22:07:18.329+0800: 53.960: [Tenured: 349512K->349478K(349568K), 0.0476959 secs] 506676K->372947K(506816K), [Metaspace: 2817K->2817K(1056768K)], 0.0485474 secs] [Times: user=0.05 sys=0.00, real=0.04 secs] 
2021-01-21T22:07:18.394+0800: 54.025: [Full GC (Allocation Failure) 2021-01-21T22:07:18.395+0800: 54.025: [Tenured: 349478K->349209K(349568K), 0.0278091 secs] 506476K->384299K(506816K), [Metaspace: 2817K->2817K(1056768K)], 0.0287046 secs] [Times: user=0.03 sys=0.00, real=0.03 secs] 
2021-01-21T22:07:18.437+0800: 54.067: [Full GC (Allocation Failure) 2021-01-21T22:07:18.437+0800: 54.068: [Tenured: 349553K->349428K(349568K), 0.0444286 secs] 506797K->385125K(506816K), [Metaspace: 2817K->2817K(1056768K)], 0.0453329 secs] [Times: user=0.04 sys=0.00, real=0.05 secs] 
2021-01-21T22:07:18.497+0800: 54.128: [Full GC (Allocation Failure) 2021-01-21T22:07:18.498+0800: 54.128: [Tenured: 349428K->349521K(349568K), 0.0418849 secs] 506379K->386689K(506816K), [Metaspace: 2817K->2817K(1056768K)], 0.0429831 secs] [Times: user=0.04 sys=0.00, real=0.05 secs] 
2021-01-21T22:07:18.555+0800: 54.185: [Full GC (Allocation Failure) 2021-01-21T22:07:18.555+0800: 54.186: [Tenured: 349540K->349281K(349568K), 0.0477724 secs] 506786K->374857K(506816K), [Metaspace: 2817K->2817K(1056768K)], 0.0489273 secs] [Times: user=0.05 sys=0.00, real=0.05 secs] 
2021-01-21T22:07:18.619+0800: 54.249: [Full GC (Allocation Failure) 2021-01-21T22:07:18.619+0800: 54.250: [Tenured: 349281K->349564K(349568K), 0.0332894 secs] 506089K->390388K(506816K), [Metaspace: 2817K->2817K(1056768K)], 0.0343705 secs] [Times: user=0.03 sys=0.00, real=0.03 secs] 
2021-01-21T22:07:18.667+0800: 54.298: [Full GC (Allocation Failure) 2021-01-21T22:07:18.668+0800: 54.299: [Tenured: 349564K->349551K(349568K), 0.0413571 secs] 506747K->388350K(506816K), [Metaspace: 2817K->2817K(1056768K)], 0.0421892 secs] [Times: user=0.05 sys=0.00, real=0.05 secs] 
2021-01-21T22:07:18.723+0800: 54.353: [Full GC (Allocation Failure) 2021-01-21T22:07:18.723+0800: 54.354: [Tenured: 349551K->349522K(349568K), 0.0421255 secs] 506560K->387071K(506816K), [Metaspace: 2817K->2817K(1056768K)], 0.0430235 secs] [Times: user=0.04 sys=0.00, real=0.04 secs] 
2021-01-21T22:07:18.779+0800: 54.410: [Full GC (Allocation Failure) 2021-01-21T22:07:18.780+0800: 54.411: [Tenured: 349522K->348783K(349568K), 0.0466140 secs] 506536K->362666K(506816K), [Metaspace: 2817K->2817K(1056768K)], 0.0474701 secs] [Times: user=0.05 sys=0.00, real=0.04 secs] 
2021-01-21T22:07:18.844+0800: 54.475: [Full GC (Allocation Failure) 2021-01-21T22:07:18.845+0800: 54.475: [Tenured: 349403K->349511K(349568K), 0.0298106 secs] 506536K->381924K(506816K), [Metaspace: 2817K->2817K(1056768K)], 0.0310012 secs] [Times: user=0.03 sys=0.00, real=0.03 secs] 
2021-01-21T22:07:18.890+0800: 54.520: [Full GC (Allocation Failure) 2021-01-21T22:07:18.890+0800: 54.521: [Tenured: 349511K->349536K(349568K), 0.0378119 secs] 506544K->385284K(506816K), [Metaspace: 2817K->2817K(1056768K)], 0.0387332 secs] [Times: user=0.04 sys=0.00, real=0.04 secs] 
2021-01-21T22:07:18.943+0800: 54.574: [Full GC (Allocation Failure) 2021-01-21T22:07:18.944+0800: 54.574: [Tenured: 349536K->348948K(349568K), 0.0424355 secs] 506698K->392081K(506816K), [Metaspace: 2817K->2817K(1056768K)], 0.0433522 secs] [Times: user=0.04 sys=0.00, real=0.04 secs] 
2021-01-21T22:07:19.000+0800: 54.631: [Full GC (Allocation Failure) 2021-01-21T22:07:19.001+0800: 54.632: [Tenured: 349530K->349546K(349568K), 0.0473192 secs] 506774K->383574K(506816K), [Metaspace: 2817K->2817K(1056768K)], 0.0481648 secs] [Times: user=0.03 sys=0.01, real=0.05 secs] 
2021-01-21T22:07:19.063+0800: 54.694: [Full GC (Allocation Failure) 2021-01-21T22:07:19.063+0800: 54.694: [Tenured: 349546K->349258K(349568K), 0.0323636 secs] 506658K->393415K(506816K), [Metaspace: 2817K->2817K(1056768K)], 0.0332092 secs] [Times: user=0.03 sys=0.00, real=0.03 secs] 
2021-01-21T22:07:19.107+0800: 54.738: [Full GC (Allocation Failure) 2021-01-21T22:07:19.108+0800: 54.738: [Tenured: 349258K->349291K(349568K), 0.0400515 secs] 506406K->395873K(506816K), [Metaspace: 2817K->2817K(1056768K)], 0.0410461 secs] [Times: user=0.04 sys=0.00, real=0.05 secs] 
2021-01-21T22:07:19.161+0800: 54.792: [Full GC (Allocation Failure) 2021-01-21T22:07:19.161+0800: 54.792: [Tenured: 349549K->349252K(349568K), 0.0412552 secs] 506797K->399435K(506816K), [Metaspace: 2817K->2817K(1056768K)], 0.0422289 secs] [Times: user=0.04 sys=0.00, real=0.04 secs] 
2021-01-21T22:07:19.216+0800: 54.847: [Full GC (Allocation Failure) 2021-01-21T22:07:19.217+0800: 54.848: [Tenured: 349489K->349553K(349568K), 0.0484528 secs] 506698K->387655K(506816K), [Metaspace: 2817K->2817K(1056768K)], 0.0491678 secs] [Times: user=0.05 sys=0.00, real=0.05 secs] 
2021-01-21T22:07:19.279+0800: 54.910: [Full GC (Allocation Failure) 2021-01-21T22:07:19.279+0800: 54.910: [Tenured: 349559K->349142K(349568K), 0.0306815 secs] 506806K->402691K(506816K), [Metaspace: 2817K->2817K(1056768K)], 0.0314494 secs] [Times: user=0.03 sys=0.00, real=0.03 secs] 
2021-01-21T22:07:19.323+0800: 54.954: [Full GC (Allocation Failure) 2021-01-21T22:07:19.323+0800: 54.954: [Tenured: 349430K->349295K(349568K), 0.0464336 secs] 506544K->397979K(506816K), [Metaspace: 2817K->2817K(1056768K)], 0.0472857 secs] [Times: user=0.05 sys=0.00, real=0.05 secs] 
2021-01-21T22:07:19.384+0800: 55.015: [Full GC (Allocation Failure) 2021-01-21T22:07:19.384+0800: 55.015: [Tenured: 349511K->349487K(349568K), 0.0424118 secs] 506705K->394550K(506816K), [Metaspace: 2817K->2817K(1056768K)], 0.0432478 secs] [Times: user=0.04 sys=0.00, real=0.04 secs] 
2021-01-21T22:07:19.443+0800: 55.073: [Full GC (Allocation Failure) 2021-01-21T22:07:19.443+0800: 55.074: [Tenured: 349530K->349392K(349568K), 0.0478220 secs] 506735K->373602K(506816K), [Metaspace: 2817K->2817K(1056768K)], 0.0487633 secs] [Times: user=0.05 sys=0.00, real=0.05 secs] 
2021-01-21T22:07:19.508+0800: 55.138: [Full GC (Allocation Failure) 2021-01-21T22:07:19.508+0800: 55.139: [Tenured: 349472K->349552K(349568K), 0.0324049 secs] 506648K->389990K(506816K), [Metaspace: 2817K->2817K(1056768K)], 0.0333329 secs] [Times: user=0.03 sys=0.00, real=0.04 secs] 
2021-01-21T22:07:19.555+0800: 55.186: [Full GC (Allocation Failure) 2021-01-21T22:07:19.556+0800: 55.186: [Tenured: 349552K->349340K(349568K), 0.0414459 secs] 506572K->389050K(506816K), [Metaspace: 2817K->2817K(1056768K)], 0.0422783 secs] [Times: user=0.04 sys=0.00, real=0.04 secs] 
2021-01-21T22:07:19.612+0800: 55.242: [Full GC (Allocation Failure) 2021-01-21T22:07:19.612+0800: 55.243: [Tenured: 349340K->349550K(349568K), 0.0416503 secs] 506352K->392202K(506816K), [Metaspace: 2817K->2817K(1056768K)], 0.0425706 secs] [Times: user=0.04 sys=0.00, real=0.04 secs] 
2021-01-21T22:07:19.667+0800: 55.298: [Full GC (Allocation Failure) 2021-01-21T22:07:19.668+0800: 55.299: [Tenured: 349550K->349426K(349568K), 0.0475177 secs] 506787K->371925K(506816K), [Metaspace: 2817K->2817K(1056768K)], 0.0484228 secs] [Times: user=0.04 sys=0.00, real=0.05 secs] 
2021-01-21T22:07:19.732+0800: 55.363: [Full GC (Allocation Failure) 2021-01-21T22:07:19.733+0800: 55.363: [Tenured: 349534K->349266K(349568K), 0.0340944 secs] 506757K->384669K(506816K), [Metaspace: 2817K->2817K(1056768K)], 0.0350030 secs] [Times: user=0.03 sys=0.00, real=0.03 secs] 
2021-01-21T22:07:19.781+0800: 55.412: [Full GC (Allocation Failure) 2021-01-21T22:07:19.781+0800: 55.412: [Tenured: 349266K->349325K(349568K), 0.0412478 secs] 506150K->384871K(506816K), [Metaspace: 2817K->2817K(1056768K)], 0.0421658 secs] [Times: user=0.04 sys=0.00, real=0.04 secs] 
2021-01-21T22:07:19.838+0800: 55.469: [Full GC (Allocation Failure) 2021-01-21T22:07:19.839+0800: 55.470: [Tenured: 349325K->349528K(349568K), 0.0456475 secs] 506441K->384402K(506816K), [Metaspace: 2817K->2817K(1056768K)], 0.0465482 secs] [Times: user=0.05 sys=0.00, real=0.04 secs] 
2021-01-21T22:07:19.901+0800: 55.532: [Full GC (Allocation Failure) 2021-01-21T22:07:19.902+0800: 55.532: [Tenured: 349528K->349402K(349568K), 0.0483394 secs] 506434K->371379K(506816K), [Metaspace: 2817K->2817K(1056768K)], 0.0491885 secs] [Times: user=0.05 sys=0.00, real=0.05 secs] 
2021-01-21T22:07:19.966+0800: 55.596: [Full GC (Allocation Failure) 2021-01-21T22:07:19.966+0800: 55.597: [Tenured: 349402K->349422K(349568K), 0.0286248 secs] 506294K->389626K(506816K), [Metaspace: 2817K->2817K(1056768K)], 0.0294339 secs] [Times: user=0.03 sys=0.00, real=0.03 secs] 
2021-01-21T22:07:20.010+0800: 55.640: [Full GC (Allocation Failure) 2021-01-21T22:07:20.010+0800: 55.641: [Tenured: 349422K->349558K(349568K), 0.0400442 secs] 505897K->393781K(506816K), [Metaspace: 2817K->2817K(1056768K)], 0.0410170 secs] [Times: user=0.04 sys=0.00, real=0.04 secs] 
2021-01-21T22:07:20.064+0800: 55.695: [Full GC (Allocation Failure) 2021-01-21T22:07:20.065+0800: 55.695: [Tenured: 349558K->349523K(349568K), 0.0442660 secs] 506712K->392761K(506816K), [Metaspace: 2817K->2817K(1056768K)], 0.0453285 secs] [Times: user=0.05 sys=0.00, real=0.05 secs] 
2021-01-21T22:07:20.125+0800: 55.755: [Full GC (Allocation Failure) 2021-01-21T22:07:20.125+0800: 55.756: [Tenured: 349523K->349438K(349568K), 0.0487296 secs] 506733K->376640K(506816K), [Metaspace: 2817K->2817K(1056768K)], 0.0496282 secs] [Times: user=0.05 sys=0.00, real=0.05 secs] 
2021-01-21T22:07:20.189+0800: 55.820: [Full GC (Allocation Failure) 2021-01-21T22:07:20.190+0800: 55.821: [Tenured: 349438K->349518K(349568K), 0.0327590 secs] 506226K->388578K(506816K), [Metaspace: 2817K->2817K(1056768K)], 0.0337568 secs] [Times: user=0.03 sys=0.00, real=0.03 secs] 
2021-01-21T22:07:20.238+0800: 55.869: [Full GC (Allocation Failure) 2021-01-21T22:07:20.239+0800: 55.869: [Tenured: 349518K->349566K(349568K), 0.0392729 secs] 506659K->389909K(506816K), [Metaspace: 2817K->2817K(1056768K)], 0.0404814 secs] [Times: user=0.04 sys=0.00, real=0.04 secs] 
2021-01-21T22:07:20.291+0800: 55.922: [Full GC (Allocation Failure) 2021-01-21T22:07:20.291+0800: 55.922: [Tenured: 349566K->349440K(349568K), 0.0438366 secs] 506543K->385525K(506816K), [Metaspace: 2817K->2817K(1056768K)], 0.0446950 secs] [Times: user=0.05 sys=0.00, real=0.04 secs] 
2021-01-21T22:07:20.352+0800: 55.983: [Full GC (Allocation Failure) 2021-01-21T22:07:20.352+0800: 55.983: [Tenured: 349440K->349555K(349568K), 0.0470916 secs] 506672K->368196K(506816K), [Metaspace: 2817K->2817K(1056768K)], 0.0478120 secs] [Times: user=0.05 sys=0.00, real=0.05 secs] 
2021-01-21T22:07:20.421+0800: 56.052: [Full GC (Allocation Failure) 2021-01-21T22:07:20.421+0800: 56.052: [Tenured: 349555K->349445K(349568K), 0.0362974 secs] 506757K->381788K(506816K), [Metaspace: 2817K->2817K(1056768K)], 0.0373963 secs] [Times: user=0.04 sys=0.00, real=0.04 secs] 
2021-01-21T22:07:20.476+0800: 56.106: [Full GC (Allocation Failure) 2021-01-21T22:07:20.476+0800: 56.107: [Tenured: 349555K->349053K(349568K), 0.0425247 secs] 506743K->379920K(506816K), [Metaspace: 2817K->2817K(1056768K)], 0.0435235 secs] [Times: user=0.05 sys=0.00, real=0.05 secs] 
2021-01-21T22:07:20.535+0800: 56.166: [Full GC (Allocation Failure) 2021-01-21T22:07:20.536+0800: 56.166: [Tenured: 349566K->349437K(349568K), 0.0435610 secs] 506804K->372810K(506816K), [Metaspace: 2817K->2817K(1056768K)], 0.0443524 secs] [Times: user=0.05 sys=0.00, real=0.05 secs] 
2021-01-21T22:07:20.595+0800: 56.226: [Full GC (Allocation Failure) 2021-01-21T22:07:20.596+0800: 56.227: [Tenured: 349437K->349336K(349568K), 0.0453216 secs] 506684K->362784K(506816K), [Metaspace: 2817K->2817K(1056768K)], 0.0464549 secs] [Times: user=0.05 sys=0.00, real=0.05 secs] 
2021-01-21T22:07:20.659+0800: 56.289: [Full GC (Allocation Failure) 2021-01-21T22:07:20.659+0800: 56.290: [Tenured: 349336K->349400K(349568K), 0.0320357 secs] 506512K->383912K(506816K), [Metaspace: 2817K->2817K(1056768K)], 0.0328981 secs] [Times: user=0.03 sys=0.00, real=0.03 secs] 
2021-01-21T22:07:20.706+0800: 56.337: [Full GC (Allocation Failure) 2021-01-21T22:07:20.706+0800: 56.337: [Tenured: 349400K->349523K(349568K), 0.0386273 secs] 506410K->385910K(506816K), [Metaspace: 2817K->2817K(1056768K)], 0.0396062 secs] [Times: user=0.04 sys=0.00, real=0.04 secs] 
2021-01-21T22:07:20.761+0800: 56.391: [Full GC (Allocation Failure) 2021-01-21T22:07:20.761+0800: 56.392: [Tenured: 349523K->349548K(349568K), 0.0412240 secs] 506581K->381708K(506816K), [Metaspace: 2817K->2817K(1056768K)], 0.0421274 secs] [Times: user=0.04 sys=0.00, real=0.04 secs] 
2021-01-21T22:07:20.818+0800: 56.449: [Full GC (Allocation Failure) 2021-01-21T22:07:20.819+0800: 56.449: [Tenured: 349548K->349475K(349568K), 0.0473684 secs] 506765K->366351K(506816K), [Metaspace: 2817K->2817K(1056768K)], 0.0484381 secs] [Times: user=0.04 sys=0.00, real=0.05 secs] 
2021-01-21T22:07:20.884+0800: 56.515: [Full GC (Allocation Failure) 2021-01-21T22:07:20.884+0800: 56.515: [Tenured: 349475K->349147K(349568K), 0.0326793 secs] 506706K->386559K(506816K), [Metaspace: 2817K->2817K(1056768K)], 0.0335385 secs] [Times: user=0.03 sys=0.00, real=0.03 secs] 
2021-01-21T22:07:20.933+0800: 56.563: [Full GC (Allocation Failure) 2021-01-21T22:07:20.933+0800: 56.564: [Tenured: 349472K->349436K(349568K), 0.0429637 secs] 506567K->382322K(506816K), [Metaspace: 2817K->2817K(1056768K)], 0.0438864 secs] [Times: user=0.04 sys=0.00, real=0.04 secs] 
2021-01-21T22:07:20.993+0800: 56.624: [Full GC (Allocation Failure) 2021-01-21T22:07:20.993+0800: 56.624: [Tenured: 349508K->349550K(349568K), 0.0430248 secs] 506711K->374189K(506816K), [Metaspace: 2817K->2817K(1056768K)], 0.0438735 secs] [Times: user=0.04 sys=0.00, real=0.04 secs] 
2021-01-21T22:07:21.051+0800: 56.681: [Full GC (Allocation Failure) 2021-01-21T22:07:21.051+0800: 56.682: [Tenured: 349550K->349380K(349568K), 0.0466376 secs] 506603K->358406K(506816K), [Metaspace: 2817K->2817K(1056768K)], 0.0477104 secs] [Times: user=0.05 sys=0.00, real=0.05 secs] 
2021-01-21T22:07:21.116+0800: 56.747: [Full GC (Allocation Failure) 2021-01-21T22:07:21.117+0800: 56.747: [Tenured: 349380K->349418K(349568K), 0.0318760 secs] 506218K->378969K(506816K), [Metaspace: 2817K->2817K(1056768K)], 0.0328205 secs] [Times: user=0.03 sys=0.00, real=0.04 secs] 
2021-01-21T22:07:21.163+0800: 56.794: [Full GC (Allocation Failure) 2021-01-21T22:07:21.164+0800: 56.795: [Tenured: 349562K->349545K(349568K), 0.0389509 secs] 506694K->376517K(506816K), [Metaspace: 2817K->2817K(1056768K)], 0.0398006 secs] [Times: user=0.04 sys=0.00, real=0.04 secs] 
2021-01-21T22:07:21.219+0800: 56.850: [Full GC (Allocation Failure) 2021-01-21T22:07:21.219+0800: 56.850: [Tenured: 349545K->349442K(349568K), 0.0406800 secs] 506735K->376399K(506816K), [Metaspace: 2817K->2817K(1056768K)], 0.0415333 secs] [Times: user=0.04 sys=0.00, real=0.04 secs] 
2021-01-21T22:07:21.276+0800: 56.906: [Full GC (Allocation Failure) 2021-01-21T22:07:21.276+0800: 56.907: [Tenured: 349442K->349483K(349568K), 0.0475034 secs] 506688K->369388K(506816K), [Metaspace: 2817K->2817K(1056768K)], 0.0483629 secs] [Times: user=0.05 sys=0.00, real=0.05 secs] 
2021-01-21T22:07:21.342+0800: 56.973: [Full GC (Allocation Failure) 2021-01-21T22:07:21.343+0800: 56.973: [Tenured: 349545K->349018K(349568K), 0.0317186 secs] 506750K->387148K(506816K), [Metaspace: 2817K->2817K(1056768K)], 0.0325940 secs] [Times: user=0.03 sys=0.00, real=0.03 secs] 
2021-01-21T22:07:21.391+0800: 57.021: [Full GC (Allocation Failure) 2021-01-21T22:07:21.391+0800: 57.022: [Tenured: 349450K->349491K(349568K), 0.0367778 secs] 506641K->391372K(506816K), [Metaspace: 2817K->2817K(1056768K)], 0.0376834 secs] [Times: user=0.04 sys=0.00, real=0.04 secs] 
2021-01-21T22:07:21.443+0800: 57.073: [Full GC (Allocation Failure) 2021-01-21T22:07:21.443+0800: 57.074: [Tenured: 349491K->349409K(349568K), 0.0434968 secs] 506641K->389251K(506816K), [Metaspace: 2817K->2817K(1056768K)], 0.0443177 secs] [Times: user=0.05 sys=0.00, real=0.04 secs] 
2021-01-21T22:07:21.501+0800: 57.131: [Full GC (Allocation Failure) 2021-01-21T22:07:21.501+0800: 57.132: [Tenured: 349409K->349166K(349568K), 0.0484424 secs] 506604K->373685K(506816K), [Metaspace: 2817K->2817K(1056768K)], 0.0493339 secs] [Times: user=0.05 sys=0.00, real=0.05 secs] 
2021-01-21T22:07:21.568+0800: 57.199: [Full GC (Allocation Failure) 2021-01-21T22:07:21.568+0800: 57.199: [Tenured: 349382K->349393K(349568K), 0.0336174 secs] 506568K->392164K(506816K), [Metaspace: 2817K->2817K(1056768K)], 0.0344967 secs] [Times: user=0.03 sys=0.00, real=0.04 secs] 
2021-01-21T22:07:21.617+0800: 57.248: [Full GC (Allocation Failure) 2021-01-21T22:07:21.618+0800: 57.248: [Tenured: 349393K->349518K(349568K), 0.0403192 secs] 505972K->394175K(506816K), [Metaspace: 2817K->2817K(1056768K)], 0.0410295 secs] [Times: user=0.04 sys=0.00, real=0.05 secs] 
2021-01-21T22:07:21.671+0800: 57.301: [Full GC (Allocation Failure) 2021-01-21T22:07:21.671+0800: 57.302: [Tenured: 349518K->349528K(349568K), 0.0428892 secs] 506224K->398218K(506816K), [Metaspace: 2817K->2817K(1056768K)], 0.0437168 secs] [Times: user=0.04 sys=0.00, real=0.04 secs] 
2021-01-21T22:07:21.728+0800: 57.359: [Full GC (Allocation Failure) 2021-01-21T22:07:21.729+0800: 57.359: [Tenured: 349528K->349091K(349568K), 0.0487036 secs] 506604K->381456K(506816K), [Metaspace: 2817K->2817K(1056768K)], 0.0495683 secs] [Times: user=0.05 sys=0.00, real=0.05 secs] 
2021-01-21T22:07:21.792+0800: 57.423: [Full GC (Allocation Failure) 2021-01-21T22:07:21.793+0800: 57.423: [Tenured: 349556K->349212K(349568K), 0.0301040 secs] 506801K->405842K(506816K), [Metaspace: 2817K->2817K(1056768K)], 0.0309769 secs] [Times: user=0.03 sys=0.00, real=0.03 secs] 
2021-01-21T22:07:21.835+0800: 57.466: [Full GC (Allocation Failure) 2021-01-21T22:07:21.835+0800: 57.466: [Tenured: 349509K->349534K(349568K), 0.0434491 secs] 506740K->403469K(506816K), [Metaspace: 2817K->2817K(1056768K)], 0.0444352 secs] [Times: user=0.04 sys=0.00, real=0.05 secs] 
2021-01-21T22:07:21.892+0800: 57.523: [Full GC (Allocation Failure) 2021-01-21T22:07:21.893+0800: 57.523: [Tenured: 349534K->349362K(349568K), 0.0424241 secs] 506701K->403117K(506816K), [Metaspace: 2817K->2817K(1056768K)], 0.0434900 secs] [Times: user=0.04 sys=0.00, real=0.04 secs] 
2021-01-21T22:07:21.949+0800: 57.579: [Full GC (Allocation Failure) 2021-01-21T22:07:21.949+0800: 57.580: [Tenured: 349506K->349488K(349568K), 0.0489426 secs] 506635K->379468K(506816K), [Metaspace: 2817K->2817K(1056768K)], 0.0499234 secs] [Times: user=0.05 sys=0.00, real=0.05 secs] 
2021-01-21T22:07:22.014+0800: 57.644: [Full GC (Allocation Failure) 2021-01-21T22:07:22.014+0800: 57.645: [Tenured: 349542K->349436K(349568K), 0.0331898 secs] 506776K->394997K(506816K), [Metaspace: 2817K->2817K(1056768K)], 0.0341661 secs] [Times: user=0.03 sys=0.00, real=0.04 secs] 
2021-01-21T22:07:22.061+0800: 57.692: [Full GC (Allocation Failure) 2021-01-21T22:07:22.061+0800: 57.692: [Tenured: 349436K->349509K(349568K), 0.0386368 secs] 506554K->392920K(506816K), [Metaspace: 2817K->2817K(1056768K)], 0.0395538 secs] [Times: user=0.04 sys=0.00, real=0.04 secs] 
2021-01-21T22:07:22.115+0800: 57.745: [Full GC (Allocation Failure) 2021-01-21T22:07:22.115+0800: 57.746: [Tenured: 349509K->349418K(349568K), 0.0394614 secs] 506681K->390605K(506816K), [Metaspace: 2817K->2817K(1056768K)], 0.0403605 secs] [Times: user=0.04 sys=0.00, real=0.04 secs] 
2021-01-21T22:07:22.169+0800: 57.800: [Full GC (Allocation Failure) 2021-01-21T22:07:22.170+0800: 57.800: [Tenured: 349418K->349547K(349568K), 0.0467030 secs] 506523K->370658K(506816K), [Metaspace: 2817K->2817K(1056768K)], 0.0475742 secs] [Times: user=0.05 sys=0.00, real=0.04 secs] 
2021-01-21T22:07:22.234+0800: 57.865: [Full GC (Allocation Failure) 2021-01-21T22:07:22.234+0800: 57.865: [Tenured: 349547K->349453K(349568K), 0.0319887 secs] 506725K->387020K(506816K), [Metaspace: 2817K->2817K(1056768K)], 0.0329407 secs] [Times: user=0.04 sys=0.00, real=0.03 secs] 
2021-01-21T22:07:22.281+0800: 57.912: [Full GC (Allocation Failure) 2021-01-21T22:07:22.282+0800: 57.912: [Tenured: 349561K->349507K(349568K), 0.0391185 secs] 506776K->391241K(506816K), [Metaspace: 2817K->2817K(1056768K)], 0.0399660 secs] [Times: user=0.04 sys=0.00, real=0.04 secs] 
2021-01-21T22:07:22.335+0800: 57.965: [Full GC (Allocation Failure) 2021-01-21T22:07:22.335+0800: 57.966: [Tenured: 349543K->349566K(349568K), 0.0440039 secs] 506760K->389805K(506816K), [Metaspace: 2817K->2817K(1056768K)], 0.0447901 secs] [Times: user=0.05 sys=0.00, real=0.05 secs] 
2021-01-21T22:07:22.394+0800: 58.024: [Full GC (Allocation Failure) 2021-01-21T22:07:22.394+0800: 58.025: [Tenured: 349566K->349288K(349568K), 0.0469136 secs] 506790K->371329K(506816K), [Metaspace: 2817K->2817K(1056768K)], 0.0477093 secs] [Times: user=0.05 sys=0.00, real=0.05 secs] 
2021-01-21T22:07:22.458+0800: 58.089: [Full GC (Allocation Failure) 2021-01-21T22:07:22.459+0800: 58.089: [Tenured: 349288K->349404K(349568K), 0.0298205 secs] 506091K->389084K(506816K), [Metaspace: 2817K->2817K(1056768K)], 0.0307348 secs] [Times: user=0.03 sys=0.00, real=0.03 secs] 
2021-01-21T22:07:22.504+0800: 58.135: [Full GC (Allocation Failure) 2021-01-21T22:07:22.504+0800: 58.135: [Tenured: 349490K->349143K(349568K), 0.0380735 secs] 506737K->389171K(506816K), [Metaspace: 2817K->2817K(1056768K)], 0.0390762 secs] [Times: user=0.04 sys=0.00, real=0.04 secs] 
2021-01-21T22:07:22.556+0800: 58.186: [Full GC (Allocation Failure) 2021-01-21T22:07:22.556+0800: 58.187: [Tenured: 349143K->349427K(349568K), 0.0415989 secs] 505794K->392044K(506816K), [Metaspace: 2817K->2817K(1056768K)], 0.0426137 secs] [Times: user=0.04 sys=0.00, real=0.05 secs] 
2021-01-21T22:07:22.612+0800: 58.243: [Full GC (Allocation Failure) 2021-01-21T22:07:22.613+0800: 58.244: [Tenured: 349427K->349470K(349568K), 0.0473459 secs] 506406K->371653K(506816K), [Metaspace: 2817K->2817K(1056768K)], 0.0483883 secs] [Times: user=0.05 sys=0.00, real=0.05 secs] 
2021-01-21T22:07:22.678+0800: 58.309: [Full GC (Allocation Failure) 2021-01-21T22:07:22.678+0800: 58.309: [Tenured: 349470K->349510K(349568K), 0.0325531 secs] 506650K->385821K(506816K), [Metaspace: 2817K->2817K(1056768K)], 0.0335429 secs] [Times: user=0.03 sys=0.00, real=0.04 secs] 
2021-01-21T22:07:22.726+0800: 58.357: [Full GC (Allocation Failure) 2021-01-21T22:07:22.727+0800: 58.357: [Tenured: 349510K->349054K(349568K), 0.0393476 secs] 506577K->386441K(506816K), [Metaspace: 2817K->2817K(1056768K)], 0.0401435 secs] [Times: user=0.04 sys=0.00, real=0.04 secs] 
2021-01-21T22:07:22.781+0800: 58.411: [Full GC (Allocation Failure) 2021-01-21T22:07:22.781+0800: 58.412: [Tenured: 349316K->349357K(349568K), 0.0414441 secs] 506496K->385567K(506816K), [Metaspace: 2817K->2817K(1056768K)], 0.0422898 secs] [Times: user=0.04 sys=0.00, real=0.04 secs] 
2021-01-21T22:07:22.836+0800: 58.467: [Full GC (Allocation Failure) 2021-01-21T22:07:22.837+0800: 58.468: [Tenured: 349357K->349252K(349568K), 0.0495836 secs] 506207K->373026K(506816K), [Metaspace: 2817K->2817K(1056768K)], 0.0505184 secs] [Times: user=0.05 sys=0.00, real=0.05 secs] 
2021-01-21T22:07:22.903+0800: 58.534: [Full GC (Allocation Failure) 2021-01-21T22:07:22.903+0800: 58.534: [Tenured: 349514K->349451K(349568K), 0.0316793 secs] 506721K->393316K(506816K), [Metaspace: 2817K->2817K(1056768K)], 0.0325567 secs] [Times: user=0.03 sys=0.00, real=0.03 secs] 
2021-01-21T22:07:22.949+0800: 58.579: [Full GC (Allocation Failure) 2021-01-21T22:07:22.949+0800: 58.580: [Tenured: 349451K->349439K(349568K), 0.0406382 secs] 506560K->389203K(506816K), [Metaspace: 2817K->2817K(1056768K)], 0.0416183 secs] [Times: user=0.04 sys=0.00, real=0.04 secs] 
2021-01-21T22:07:23.004+0800: 58.635: [Full GC (Allocation Failure) 2021-01-21T22:07:23.005+0800: 58.636: [Tenured: 349439K->349534K(349568K), 0.0416700 secs] 506490K->386852K(506816K), [Metaspace: 2817K->2817K(1056768K)], 0.0424949 secs] [Times: user=0.05 sys=0.00, real=0.04 secs] 
2021-01-21T22:07:23.061+0800: 58.691: [Full GC (Allocation Failure) 2021-01-21T22:07:23.061+0800: 58.692: [Tenured: 349534K->349558K(349568K), 0.0452054 secs] 506577K->368736K(506816K), [Metaspace: 2817K->2817K(1056768K)], 0.0463226 secs] [Times: user=0.04 sys=0.00, real=0.04 secs] 
2021-01-21T22:07:23.123+0800: 58.754: [Full GC (Allocation Failure) 2021-01-21T22:07:23.124+0800: 58.754: [Tenured: 349558K->349558K(349568K), 0.0312349 secs] 506715K->391686K(506816K), [Metaspace: 2817K->2817K(1056768K)], 0.0321323 secs] [Times: user=0.03 sys=0.00, real=0.03 secs] 
2021-01-21T22:07:23.169+0800: 58.800: [Full GC (Allocation Failure) 2021-01-21T22:07:23.170+0800: 58.801: [Tenured: 349558K->349500K(349568K), 0.0396693 secs] 506614K->396680K(506816K), [Metaspace: 2817K->2817K(1056768K)], 0.0406006 secs] [Times: user=0.04 sys=0.00, real=0.04 secs] 
2021-01-21T22:07:23.221+0800: 58.852: [Full GC (Allocation Failure) 2021-01-21T22:07:23.222+0800: 58.853: [Tenured: 349500K->349324K(349568K), 0.0434466 secs] 506636K->395838K(506816K), [Metaspace: 2817K->2817K(1056768K)], 0.0442824 secs] [Times: user=0.05 sys=0.00, real=0.04 secs] 
2021-01-21T22:07:23.280+0800: 58.911: [Full GC (Allocation Failure) 2021-01-21T22:07:23.281+0800: 58.911: [Tenured: 349324K->349566K(349568K), 0.0479880 secs] 506376K->378981K(506816K), [Metaspace: 2817K->2817K(1056768K)], 0.0488447 secs] [Times: user=0.05 sys=0.00, real=0.05 secs] 
2021-01-21T22:07:23.343+0800: 58.974: [Full GC (Allocation Failure) 2021-01-21T22:07:23.344+0800: 58.975: [Tenured: 349566K->349499K(349568K), 0.0316896 secs] 506783K->396598K(506816K), [Metaspace: 2817K->2817K(1056768K)], 0.0327818 secs] [Times: user=0.04 sys=0.00, real=0.03 secs] 
2021-01-21T22:07:23.388+0800: 59.019: [Full GC (Allocation Failure) 2021-01-21T22:07:23.389+0800: 59.020: [Tenured: 349499K->349223K(349568K), 0.0377608 secs] 506623K->390814K(506816K), [Metaspace: 2817K->2817K(1056768K)], 0.0386772 secs] [Times: user=0.03 sys=0.00, real=0.03 secs] 
2021-01-21T22:07:23.441+0800: 59.072: [Full GC (Allocation Failure) 2021-01-21T22:07:23.441+0800: 59.072: [Tenured: 349511K->349378K(349568K), 0.0421936 secs] 506705K->389010K(506816K), [Metaspace: 2817K->2817K(1056768K)], 0.0429798 secs] [Times: user=0.04 sys=0.00, real=0.04 secs] 
2021-01-21T22:07:23.498+0800: 59.129: [Full GC (Allocation Failure) 2021-01-21T22:07:23.498+0800: 59.129: [Tenured: 349518K->349516K(349568K), 0.0474121 secs] 506743K->372637K(506816K), [Metaspace: 2817K->2817K(1056768K)], 0.0482273 secs] [Times: user=0.05 sys=0.00, real=0.05 secs] 
2021-01-21T22:07:23.562+0800: 59.193: [Full GC (Allocation Failure) 2021-01-21T22:07:23.562+0800: 59.193: [Tenured: 349516K->349481K(349568K), 0.0302818 secs] 506681K->394566K(506816K), [Metaspace: 2817K->2817K(1056768K)], 0.0310242 secs] [Times: user=0.03 sys=0.00, real=0.03 secs] 
2021-01-21T22:07:23.605+0800: 59.236: [Full GC (Allocation Failure) 2021-01-21T22:07:23.606+0800: 59.236: [Tenured: 349481K->349542K(349568K), 0.0390106 secs] 506677K->395493K(506816K), [Metaspace: 2817K->2817K(1056768K)], 0.0399519 secs] [Times: user=0.04 sys=0.00, real=0.04 secs] 
2021-01-21T22:07:23.658+0800: 59.289: [Full GC (Allocation Failure) 2021-01-21T22:07:23.659+0800: 59.289: [Tenured: 349542K->349245K(349568K), 0.0409264 secs] 506124K->396523K(506816K), [Metaspace: 2817K->2817K(1056768K)], 0.0417371 secs] [Times: user=0.04 sys=0.00, real=0.04 secs] 
2021-01-21T22:07:23.712+0800: 59.343: [Full GC (Allocation Failure) 2021-01-21T22:07:23.713+0800: 59.344: [Tenured: 349560K->349042K(349568K), 0.0477380 secs] 506806K->379521K(506816K), [Metaspace: 2817K->2817K(1056768K)], 0.0485617 secs] [Times: user=0.05 sys=0.00, real=0.05 secs] 
2021-01-21T22:07:23.775+0800: 59.406: [Full GC (Allocation Failure) 2021-01-21T22:07:23.776+0800: 59.407: [Tenured: 349042K->349557K(349568K), 0.0336562 secs] 505637K->392795K(506816K), [Metaspace: 2817K->2817K(1056768K)], 0.0344758 secs] [Times: user=0.04 sys=0.00, real=0.04 secs] 
2021-01-21T22:07:23.824+0800: 59.454: [Full GC (Allocation Failure) 2021-01-21T22:07:23.824+0800: 59.455: [Tenured: 349561K->349548K(349568K), 0.0428934 secs] 506809K->391612K(506816K), [Metaspace: 2817K->2817K(1056768K)], 0.0438763 secs] [Times: user=0.04 sys=0.00, real=0.04 secs] 
2021-01-21T22:07:23.880+0800: 59.511: [Full GC (Allocation Failure) 2021-01-21T22:07:23.881+0800: 59.511: [Tenured: 349548K->349443K(349568K), 0.0423095 secs] 506125K->388652K(506816K), [Metaspace: 2817K->2817K(1056768K)], 0.0432284 secs] [Times: user=0.04 sys=0.00, real=0.04 secs] 
2021-01-21T22:07:23.937+0800: 59.568: [Full GC (Allocation Failure) 2021-01-21T22:07:23.938+0800: 59.568: [Tenured: 349443K->349543K(349568K), 0.0489301 secs] 506326K->364555K(506816K), [Metaspace: 2817K->2817K(1056768K)], 0.0499626 secs] [Times: user=0.05 sys=0.00, real=0.05 secs] 
2021-01-21T22:07:24.005+0800: 59.636: [Full GC (Allocation Failure) 2021-01-21T22:07:24.005+0800: 59.636: [Tenured: 349543K->349352K(349568K), 0.0365063 secs] 506763K->383131K(506816K), [Metaspace: 2817K->2817K(1056768K)], 0.0373743 secs] [Times: user=0.03 sys=0.00, real=0.04 secs] 
2021-01-21T22:07:24.059+0800: 59.689: [Full GC (Allocation Failure) 2021-01-21T22:07:24.059+0800: 59.690: [Tenured: 349352K->349232K(349568K), 0.0389337 secs] 506233K->382241K(506816K), [Metaspace: 2817K->2817K(1056768K)], 0.0398346 secs] [Times: user=0.04 sys=0.00, real=0.04 secs] 
2021-01-21T22:07:24.114+0800: 59.745: [Full GC (Allocation Failure) 2021-01-21T22:07:24.114+0800: 59.745: [Tenured: 349484K->349286K(349568K), 0.0408840 secs] 506701K->374753K(506816K), [Metaspace: 2817K->2817K(1056768K)], 0.0418682 secs] [Times: user=0.04 sys=0.00, real=0.04 secs] 
2021-01-21T22:07:24.171+0800: 59.802: [Full GC (Allocation Failure) 2021-01-21T22:07:24.172+0800: 59.803: [Tenured: 349286K->349325K(349568K), 0.0449477 secs] 506338K->358309K(506816K), [Metaspace: 2817K->2817K(1056768K)], 0.0457564 secs] [Times: user=0.04 sys=0.00, real=0.04 secs] 
2021-01-21T22:07:24.235+0800: 59.865: [Full GC (Allocation Failure) 2021-01-21T22:07:24.235+0800: 59.866: [Tenured: 349469K->349195K(349568K), 0.0329893 secs] 506608K->374762K(506816K), [Metaspace: 2817K->2817K(1056768K)], 0.0337512 secs] [Times: user=0.03 sys=0.00, real=0.04 secs] 
2021-01-21T22:07:24.283+0800: 59.914: [Full GC (Allocation Failure) 2021-01-21T22:07:24.284+0800: 59.914: [Tenured: 349484K->349481K(349568K), 0.0384582 secs] 506714K->378443K(506816K), [Metaspace: 2817K->2817K(1056768K)], 0.0392535 secs] [Times: user=0.04 sys=0.00, real=0.04 secs] 
2021-01-21T22:07:24.339+0800: 59.970: [Full GC (Allocation Failure) 2021-01-21T22:07:24.339+0800: 59.970: [Tenured: 349481K->349446K(349568K), 0.0416601 secs] 506713K->383251K(506816K), [Metaspace: 2817K->2817K(1056768K)], 0.0425409 secs] [Times: user=0.04 sys=0.00, real=0.04 secs] 
2021-01-21T22:07:24.395+0800: 60.026: [Full GC (Allocation Failure) 2021-01-21T22:07:24.396+0800: 60.026: [Tenured: 349446K->349351K(349568K), 0.0464041 secs] 506493K->372072K(506816K), [Metaspace: 2817K->2817K(1056768K)], 0.0473455 secs] [Times: user=0.04 sys=0.00, real=0.05 secs] 
Heap
 def new generation   total 157248K, used 28416K [0x00000000e0000000, 0x00000000eaaa0000, 0x00000000eaaa0000)
  eden space 139776K,  20% used [0x00000000e0000000, 0x00000000e1bc0278, 0x00000000e8880000)
  from space 17472K,   0% used [0x00000000e9990000, 0x00000000e9990000, 0x00000000eaaa0000)
  to   space 17472K,   0% used [0x00000000e8880000, 0x00000000e8880000, 0x00000000e9990000)
 tenured generation   total 349568K, used 349351K [0x00000000eaaa0000, 0x0000000100000000, 0x0000000100000000)
   the space 349568K,  99% used [0x00000000eaaa0000, 0x00000000fffc9fc8, 0x00000000fffca000, 0x0000000100000000)
 Metaspace       used 2823K, capacity 4490K, committed 4864K, reserved 1056768K
  class space    used 293K, capacity 386K, committed 512K, reserved 1048576K
