OpenJDK 64-Bit Server VM (25.252-b09) for linux-amd64 JRE (1.8.0_252-8u252-b09-1ubuntu1-b09), built on Apr 16 2020 08:47:49 by "buildd" with gcc 9.3.0
Memory: 4k page, physical 39286120k(39105096k free), swap 10485760k(10485760k free)
CommandLine flags: -XX:InitialHeapSize=2147483648 -XX:MaxHeapSize=2147483648 -XX:+PrintGC -XX:+PrintGCDateStamps -XX:+PrintGCDetails -XX:+PrintGCTimeStamps -XX:+UseCompressedClassPointers -XX:+UseCompressedOops -XX:+UseSerialGC 
2021-01-22T00:49:58.739+0800: 0.236: [GC (Allocation Failure) 2021-01-22T00:49:58.740+0800: 0.237: [DefNew: 559232K->69887K(629120K), 0.0381042 secs] 559232K->154984K(2027264K), 0.0389824 secs] [Times: user=0.01 sys=0.03, real=0.04 secs] 
2021-01-22T00:49:58.867+0800: 0.364: [GC (Allocation Failure) 2021-01-22T00:49:58.882+0800: 0.379: [DefNew: 629119K->69888K(629120K), 0.0510461 secs] 714216K->281937K(2027264K), 0.0659701 secs] [Times: user=0.00 sys=0.05, real=0.07 secs] 
2021-01-22T00:49:59.004+0800: 0.501: [GC (Allocation Failure) 2021-01-22T00:49:59.004+0800: 0.501: [DefNew: 629120K->69887K(629120K), 0.0397794 secs] 841169K->405083K(2027264K), 0.0406786 secs] [Times: user=0.01 sys=0.04, real=0.04 secs] 
2021-01-22T00:49:59.113+0800: 0.610: [GC (Allocation Failure) 2021-01-22T00:49:59.113+0800: 0.610: [DefNew: 629119K->69887K(629120K), 0.0446471 secs] 964315K->536414K(2027264K), 0.0454268 secs] [Times: user=0.01 sys=0.03, real=0.05 secs] 
2021-01-22T00:49:59.230+0800: 0.727: [GC (Allocation Failure) 2021-01-22T00:49:59.231+0800: 0.728: [DefNew: 629119K->69887K(629120K), 0.0396792 secs] 1095646K->655869K(2027264K), 0.0405400 secs] [Times: user=0.02 sys=0.01, real=0.04 secs] 
2021-01-22T00:49:59.343+0800: 0.840: [GC (Allocation Failure) 2021-01-22T00:49:59.344+0800: 0.841: [DefNew: 629119K->69888K(629120K), 0.0397482 secs] 1215101K->778875K(2027264K), 0.0405575 secs] [Times: user=0.04 sys=0.00, real=0.04 secs] 
2021-01-22T00:49:59.454+0800: 0.951: [GC (Allocation Failure) 2021-01-22T00:49:59.455+0800: 0.952: [DefNew: 629120K->69887K(629120K), 0.0410049 secs] 1338107K->905697K(2027264K), 0.0418277 secs] [Times: user=0.04 sys=0.01, real=0.04 secs] 
2021-01-22T00:49:59.568+0800: 1.065: [GC (Allocation Failure) 2021-01-22T00:49:59.568+0800: 1.065: [DefNew: 629119K->69886K(629120K), 0.0590411 secs] 1464929K->1035183K(2027264K), 0.0600604 secs] [Times: user=0.03 sys=0.03, real=0.07 secs] 
2021-01-22T00:49:59.722+0800: 1.219: [GC (Allocation Failure) 2021-01-22T00:49:59.723+0800: 1.219: [DefNew: 629118K->69887K(629120K), 0.0403763 secs] 1594415K->1150350K(2027264K), 0.0411842 secs] [Times: user=0.04 sys=0.00, real=0.04 secs] 
2021-01-22T00:49:59.834+0800: 1.331: [GC (Allocation Failure) 2021-01-22T00:49:59.834+0800: 1.331: [DefNew: 629119K->69888K(629120K), 0.0425918 secs] 1709582K->1284053K(2027264K), 0.0435610 secs] [Times: user=0.01 sys=0.04, real=0.04 secs] 
2021-01-22T00:49:59.966+0800: 1.463: [GC (Allocation Failure) 2021-01-22T00:49:59.966+0800: 1.463: [DefNew: 629120K->69887K(629120K), 0.0454962 secs] 1843285K->1406070K(2027264K), 0.0462295 secs] [Times: user=0.04 sys=0.00, real=0.05 secs] 
2021-01-22T00:50:00.084+0800: 1.581: [GC (Allocation Failure) 2021-01-22T00:50:00.084+0800: 1.581: [DefNew: 629119K->629119K(629120K), 0.0003394 secs]2021-01-22T00:50:00.085+0800: 1.582: [Tenured: 1336182K->442062K(1398144K), 0.0512401 secs] 1965302K->442062K(2027264K), [Metaspace: 2809K->2809K(1056768K)], 0.0525495 secs] [Times: user=0.05 sys=0.00, real=0.05 secs] 
2021-01-22T00:50:00.205+0800: 1.702: [GC (Allocation Failure) 2021-01-22T00:50:00.205+0800: 1.702: [DefNew: 559232K->69887K(629120K), 0.0191564 secs] 1001294K->597647K(2027264K), 0.0200252 secs] [Times: user=0.02 sys=0.00, real=0.02 secs] 
2021-01-22T00:50:00.295+0800: 1.792: [GC (Allocation Failure) 2021-01-22T00:50:00.295+0800: 1.792: [DefNew: 629119K->69887K(629120K), 0.0273485 secs] 1156879K->729030K(2027264K), 0.0281224 secs] [Times: user=0.03 sys=0.00, real=0.03 secs] 
2021-01-22T00:50:00.397+0800: 1.894: [GC (Allocation Failure) 2021-01-22T00:50:00.397+0800: 1.894: [DefNew: 629119K->69887K(629120K), 0.0280533 secs] 1288262K->860439K(2027264K), 0.0290073 secs] [Times: user=0.03 sys=0.00, real=0.03 secs] 
2021-01-22T00:50:00.498+0800: 1.995: [GC (Allocation Failure) 2021-01-22T00:50:00.498+0800: 1.995: [DefNew: 629119K->69888K(629120K), 0.0266470 secs] 1419671K->986136K(2027264K), 0.0275243 secs] [Times: user=0.03 sys=0.00, real=0.03 secs] 
2021-01-22T00:50:00.595+0800: 2.092: [GC (Allocation Failure) 2021-01-22T00:50:00.596+0800: 2.093: [DefNew: 629120K->69887K(629120K), 0.0250398 secs] 1545368K->1094814K(2027264K), 0.0258908 secs] [Times: user=0.02 sys=0.00, real=0.03 secs] 
2021-01-22T00:50:00.692+0800: 2.189: [GC (Allocation Failure) 2021-01-22T00:50:00.693+0800: 2.190: [DefNew: 629119K->69887K(629120K), 0.0259697 secs] 1654046K->1216765K(2027264K), 0.0267475 secs] [Times: user=0.03 sys=0.00, real=0.03 secs] 
2021-01-22T00:50:00.790+0800: 2.287: [GC (Allocation Failure) 2021-01-22T00:50:00.790+0800: 2.287: [DefNew: 629119K->69887K(629120K), 0.0282086 secs] 1775997K->1348371K(2027264K), 0.0291115 secs] [Times: user=0.03 sys=0.00, real=0.03 secs] 
2021-01-22T00:50:00.893+0800: 2.390: [GC (Allocation Failure) 2021-01-22T00:50:00.893+0800: 2.390: [DefNew: 629119K->629119K(629120K), 0.0003833 secs]2021-01-22T00:50:00.894+0800: 2.391: [Tenured: 1278483K->429458K(1398144K), 0.0515399 secs] 1907603K->429458K(2027264K), [Metaspace: 2810K->2810K(1056768K)], 0.0532730 secs] [Times: user=0.05 sys=0.00, real=0.05 secs] 
2021-01-22T00:50:01.015+0800: 2.512: [GC (Allocation Failure) 2021-01-22T00:50:01.016+0800: 2.513: [DefNew: 559232K->69887K(629120K), 0.0262986 secs] 988690K->588454K(2027264K), 0.0274123 secs] [Times: user=0.03 sys=0.00, real=0.03 secs] 
2021-01-22T00:50:01.121+0800: 2.618: [GC (Allocation Failure) 2021-01-22T00:50:01.121+0800: 2.618: [DefNew: 629119K->69888K(629120K), 0.0267283 secs] 1147686K->715626K(2027264K), 0.0277341 secs] [Times: user=0.03 sys=0.00, real=0.03 secs] 
2021-01-22T00:50:01.218+0800: 2.715: [GC (Allocation Failure) 2021-01-22T00:50:01.219+0800: 2.716: [DefNew: 629120K->69887K(629120K), 0.0237123 secs] 1274858K->833793K(2027264K), 0.0244895 secs] [Times: user=0.02 sys=0.00, real=0.02 secs] 
2021-01-22T00:50:01.321+0800: 2.818: [GC (Allocation Failure) 2021-01-22T00:50:01.321+0800: 2.818: [DefNew: 629119K->69887K(629120K), 0.0329981 secs] 1393025K->961717K(2027264K), 0.0338044 secs] [Times: user=0.03 sys=0.00, real=0.03 secs] 
2021-01-22T00:50:01.431+0800: 2.928: [GC (Allocation Failure) 2021-01-22T00:50:01.432+0800: 2.929: [DefNew: 629119K->69887K(629120K), 0.0261313 secs] 1520949K->1085141K(2027264K), 0.0268279 secs] [Times: user=0.03 sys=0.00, real=0.03 secs] 
2021-01-22T00:50:01.530+0800: 3.027: [GC (Allocation Failure) 2021-01-22T00:50:01.531+0800: 3.028: [DefNew: 629119K->69887K(629120K), 0.0266446 secs] 1644373K->1209986K(2027264K), 0.0274778 secs] [Times: user=0.02 sys=0.00, real=0.03 secs] 
2021-01-22T00:50:01.628+0800: 3.125: [GC (Allocation Failure) 2021-01-22T00:50:01.628+0800: 3.125: [DefNew: 629119K->69888K(629120K), 0.0271182 secs] 1769218K->1325130K(2027264K), 0.0280130 secs] [Times: user=0.03 sys=0.00, real=0.03 secs] 
2021-01-22T00:50:01.739+0800: 3.236: [GC (Allocation Failure) 2021-01-22T00:50:01.740+0800: 3.237: [DefNew: 629120K->629120K(629120K), 0.0003120 secs]2021-01-22T00:50:01.740+0800: 3.237: [Tenured: 1255242K->439924K(1398144K), 0.0578870 secs] 1884362K->439924K(2027264K), [Metaspace: 2810K->2810K(1056768K)], 0.0592749 secs] [Times: user=0.06 sys=0.00, real=0.06 secs] 
2021-01-22T00:50:01.872+0800: 3.369: [GC (Allocation Failure) 2021-01-22T00:50:01.872+0800: 3.369: [DefNew: 559232K->69888K(629120K), 0.0243964 secs] 999156K->599270K(2027264K), 0.0250818 secs] [Times: user=0.02 sys=0.00, real=0.02 secs] 
2021-01-22T00:50:01.975+0800: 3.472: [GC (Allocation Failure) 2021-01-22T00:50:01.975+0800: 3.472: [DefNew: 629120K->69888K(629120K), 0.0273923 secs] 1158502K->729971K(2027264K), 0.0280636 secs] [Times: user=0.03 sys=0.00, real=0.03 secs] 
2021-01-22T00:50:02.072+0800: 3.569: [GC (Allocation Failure) 2021-01-22T00:50:02.072+0800: 3.569: [DefNew: 629120K->69887K(629120K), 0.0301865 secs] 1289203K->869770K(2027264K), 0.0308475 secs] [Times: user=0.03 sys=0.00, real=0.03 secs] 
2021-01-22T00:50:02.190+0800: 3.687: [GC (Allocation Failure) 2021-01-22T00:50:02.190+0800: 3.687: [DefNew: 629119K->69887K(629120K), 0.0297233 secs] 1429002K->996126K(2027264K), 0.0305954 secs] [Times: user=0.03 sys=0.00, real=0.03 secs] 
2021-01-22T00:50:02.295+0800: 3.792: [GC (Allocation Failure) 2021-01-22T00:50:02.295+0800: 3.792: [DefNew: 629119K->69887K(629120K), 0.0262682 secs] 1555358K->1114982K(2027264K), 0.0268396 secs] [Times: user=0.02 sys=0.00, real=0.03 secs] 
2021-01-22T00:50:02.395+0800: 3.892: [GC (Allocation Failure) 2021-01-22T00:50:02.395+0800: 3.892: [DefNew: 629119K->69887K(629120K), 0.0250606 secs] 1674214K->1235111K(2027264K), 0.0257069 secs] [Times: user=0.02 sys=0.00, real=0.03 secs] 
2021-01-22T00:50:02.516+0800: 4.013: [GC (Allocation Failure) 2021-01-22T00:50:02.516+0800: 4.013: [DefNew: 629119K->69887K(629120K), 0.0289299 secs] 1794343K->1349739K(2027264K), 0.0295300 secs] [Times: user=0.03 sys=0.00, real=0.03 secs] 
2021-01-22T00:50:02.618+0800: 4.115: [GC (Allocation Failure) 2021-01-22T00:50:02.618+0800: 4.115: [DefNew: 629119K->629119K(629120K), 0.0002712 secs]2021-01-22T00:50:02.619+0800: 4.116: [Tenured: 1279851K->370212K(1398144K), 0.0617561 secs] 1908971K->370212K(2027264K), [Metaspace: 2817K->2817K(1056768K)], 0.0630029 secs] [Times: user=0.06 sys=0.00, real=0.07 secs] 
2021-01-22T00:50:02.760+0800: 4.257: [GC (Allocation Failure) 2021-01-22T00:50:02.761+0800: 4.258: [DefNew: 559232K->69888K(629120K), 0.0197886 secs] 929444K->517090K(2027264K), 0.0203841 secs] [Times: user=0.02 sys=0.00, real=0.02 secs] 
2021-01-22T00:50:02.858+0800: 4.355: [GC (Allocation Failure) 2021-01-22T00:50:02.858+0800: 4.355: [DefNew: 629120K->69887K(629120K), 0.0275821 secs] 1076322K->651816K(2027264K), 0.0283138 secs] [Times: user=0.02 sys=0.00, real=0.03 secs] 
2021-01-22T00:50:02.957+0800: 4.454: [GC (Allocation Failure) 2021-01-22T00:50:02.957+0800: 4.454: [DefNew: 629119K->69887K(629120K), 0.0290103 secs] 1211048K->765006K(2027264K), 0.0297816 secs] [Times: user=0.03 sys=0.00, real=0.03 secs] 
2021-01-22T00:50:03.066+0800: 4.563: [GC (Allocation Failure) 2021-01-22T00:50:03.066+0800: 4.563: [DefNew: 629119K->69887K(629120K), 0.0264044 secs] 1324238K->887342K(2027264K), 0.0271037 secs] [Times: user=0.03 sys=0.00, real=0.03 secs] 
2021-01-22T00:50:03.160+0800: 4.657: [GC (Allocation Failure) 2021-01-22T00:50:03.161+0800: 4.658: [DefNew: 629119K->69888K(629120K), 0.0287161 secs] 1446574K->1027408K(2027264K), 0.0295762 secs] [Times: user=0.03 sys=0.00, real=0.03 secs] 
2021-01-22T00:50:03.265+0800: 4.762: [GC (Allocation Failure) 2021-01-22T00:50:03.265+0800: 4.762: [DefNew: 629120K->69887K(629120K), 0.0329296 secs] 1586640K->1154179K(2027264K), 0.0338065 secs] [Times: user=0.03 sys=0.00, real=0.04 secs] 
2021-01-22T00:50:03.378+0800: 4.875: [GC (Allocation Failure) 2021-01-22T00:50:03.379+0800: 4.876: [DefNew: 629119K->69888K(629120K), 0.0258359 secs] 1713411K->1278845K(2027264K), 0.0265072 secs] [Times: user=0.03 sys=0.00, real=0.02 secs] 
2021-01-22T00:50:03.475+0800: 4.972: [GC (Allocation Failure) 2021-01-22T00:50:03.476+0800: 4.973: [DefNew: 629120K->69887K(629120K), 0.0265473 secs] 1838077K->1402996K(2027264K), 0.0274533 secs] [Times: user=0.02 sys=0.00, real=0.03 secs] 
2021-01-22T00:50:03.570+0800: 5.067: [GC (Allocation Failure) 2021-01-22T00:50:03.570+0800: 5.067: [DefNew: 629119K->629119K(629120K), 0.0002875 secs]2021-01-22T00:50:03.570+0800: 5.067: [Tenured: 1333108K->407562K(1398144K), 0.0687586 secs] 1962228K->407562K(2027264K), [Metaspace: 2817K->2817K(1056768K)], 0.0700835 secs] [Times: user=0.07 sys=0.00, real=0.07 secs] 
2021-01-22T00:50:03.712+0800: 5.209: [GC (Allocation Failure) 2021-01-22T00:50:03.713+0800: 5.210: [DefNew: 559232K->69888K(629120K), 0.0221504 secs] 966794K->564687K(2027264K), 0.0230711 secs] [Times: user=0.02 sys=0.00, real=0.02 secs] 
2021-01-22T00:50:03.804+0800: 5.301: [GC (Allocation Failure) 2021-01-22T00:50:03.804+0800: 5.301: [DefNew: 629120K->69888K(629120K), 0.0275464 secs] 1123919K->693605K(2027264K), 0.0282949 secs] [Times: user=0.03 sys=0.00, real=0.03 secs] 
2021-01-22T00:50:03.908+0800: 5.405: [GC (Allocation Failure) 2021-01-22T00:50:03.908+0800: 5.405: [DefNew: 629120K->69887K(629120K), 0.0272537 secs] 1252837K->806042K(2027264K), 0.0282145 secs] [Times: user=0.03 sys=0.00, real=0.03 secs] 
2021-01-22T00:50:04.009+0800: 5.506: [GC (Allocation Failure) 2021-01-22T00:50:04.009+0800: 5.506: [DefNew: 629119K->69887K(629120K), 0.0289593 secs] 1365274K->930468K(2027264K), 0.0299128 secs] [Times: user=0.03 sys=0.00, real=0.03 secs] 
2021-01-22T00:50:04.115+0800: 5.612: [GC (Allocation Failure) 2021-01-22T00:50:04.115+0800: 5.612: [DefNew: 629119K->69888K(629120K), 0.0305262 secs] 1489700K->1059525K(2027264K), 0.0313678 secs] [Times: user=0.03 sys=0.00, real=0.03 secs] 
2021-01-22T00:50:04.223+0800: 5.719: [GC (Allocation Failure) 2021-01-22T00:50:04.223+0800: 5.720: [DefNew: 629120K->69888K(629120K), 0.0271184 secs] 1618757K->1189920K(2027264K), 0.0283147 secs] [Times: user=0.03 sys=0.00, real=0.03 secs] 
2021-01-22T00:50:04.320+0800: 5.817: [GC (Allocation Failure) 2021-01-22T00:50:04.320+0800: 5.817: [DefNew: 629120K->69887K(629120K), 0.0299158 secs] 1749152K->1312191K(2027264K), 0.0308571 secs] [Times: user=0.03 sys=0.00, real=0.03 secs] 
2021-01-22T00:50:04.426+0800: 5.923: [GC (Allocation Failure) 2021-01-22T00:50:04.427+0800: 5.924: [DefNew: 629119K->629119K(629120K), 0.0002579 secs]2021-01-22T00:50:04.427+0800: 5.924: [Tenured: 1242303K->431052K(1398144K), 0.0773457 secs] 1871423K->431052K(2027264K), [Metaspace: 2817K->2817K(1056768K)], 0.0789390 secs] [Times: user=0.08 sys=0.00, real=0.08 secs] 
2021-01-22T00:50:04.580+0800: 6.077: [GC (Allocation Failure) 2021-01-22T00:50:04.580+0800: 6.077: [DefNew: 559232K->69887K(629120K), 0.0219613 secs] 990284K->590796K(2027264K), 0.0226464 secs] [Times: user=0.02 sys=0.00, real=0.02 secs] 
2021-01-22T00:50:04.674+0800: 6.171: [GC (Allocation Failure) 2021-01-22T00:50:04.675+0800: 6.172: [DefNew: 629119K->69887K(629120K), 0.0277168 secs] 1150028K->721055K(2027264K), 0.0285774 secs] [Times: user=0.03 sys=0.00, real=0.03 secs] 
2021-01-22T00:50:04.776+0800: 6.273: [GC (Allocation Failure) 2021-01-22T00:50:04.777+0800: 6.274: [DefNew: 629119K->69887K(629120K), 0.0250280 secs] 1280287K->841187K(2027264K), 0.0260483 secs] [Times: user=0.03 sys=0.00, real=0.03 secs] 
2021-01-22T00:50:04.875+0800: 6.372: [GC (Allocation Failure) 2021-01-22T00:50:04.876+0800: 6.373: [DefNew: 629119K->69887K(629120K), 0.0292048 secs] 1400419K->974233K(2027264K), 0.0301017 secs] [Times: user=0.03 sys=0.00, real=0.03 secs] 
2021-01-22T00:50:04.977+0800: 6.474: [GC (Allocation Failure) 2021-01-22T00:50:04.977+0800: 6.474: [DefNew: 629119K->69888K(629120K), 0.0285051 secs] 1533465K->1106352K(2027264K), 0.0296817 secs] [Times: user=0.03 sys=0.00, real=0.03 secs] 
2021-01-22T00:50:05.077+0800: 6.574: [GC (Allocation Failure) 2021-01-22T00:50:05.078+0800: 6.575: [DefNew: 629120K->69887K(629120K), 0.0260120 secs] 1665584K->1227876K(2027264K), 0.0269479 secs] [Times: user=0.03 sys=0.00, real=0.03 secs] 
2021-01-22T00:50:05.177+0800: 6.674: [GC (Allocation Failure) 2021-01-22T00:50:05.177+0800: 6.674: [DefNew: 629119K->69887K(629120K), 0.0280954 secs] 1787108K->1353740K(2027264K), 0.0291740 secs] [Times: user=0.03 sys=0.00, real=0.03 secs] 
2021-01-22T00:50:05.277+0800: 6.774: [GC (Allocation Failure) 2021-01-22T00:50:05.277+0800: 6.774: [DefNew: 629119K->629119K(629120K), 0.0004887 secs]2021-01-22T00:50:05.278+0800: 6.775: [Tenured: 1283852K->441699K(1398144K), 0.0528714 secs] 1912972K->441699K(2027264K), [Metaspace: 2817K->2817K(1056768K)], 0.0546809 secs] [Times: user=0.05 sys=0.00, real=0.06 secs] 
2021-01-22T00:50:05.403+0800: 6.900: [GC (Allocation Failure) 2021-01-22T00:50:05.404+0800: 6.901: [DefNew: 559232K->69887K(629120K), 0.0222967 secs] 1000931K->593852K(2027264K), 0.0233523 secs] [Times: user=0.02 sys=0.00, real=0.02 secs] 
2021-01-22T00:50:05.500+0800: 6.997: [GC (Allocation Failure) 2021-01-22T00:50:05.501+0800: 6.998: [DefNew: 629119K->69887K(629120K), 0.0282276 secs] 1153084K->720653K(2027264K), 0.0294042 secs] [Times: user=0.02 sys=0.00, real=0.03 secs] 
2021-01-22T00:50:05.605+0800: 7.102: [GC (Allocation Failure) 2021-01-22T00:50:05.605+0800: 7.102: [DefNew: 629119K->69887K(629120K), 0.0333343 secs] 1279885K->845750K(2027264K), 0.0344583 secs] [Times: user=0.03 sys=0.00, real=0.04 secs] 
2021-01-22T00:50:05.713+0800: 7.210: [GC (Allocation Failure) 2021-01-22T00:50:05.713+0800: 7.210: [DefNew: 629119K->69888K(629120K), 0.0262626 secs] 1404982K->964826K(2027264K), 0.0271850 secs] [Times: user=0.02 sys=0.00, real=0.03 secs] 
2021-01-22T00:50:05.809+0800: 7.306: [GC (Allocation Failure) 2021-01-22T00:50:05.809+0800: 7.306: [DefNew: 629120K->69887K(629120K), 0.0263756 secs] 1524058K->1092784K(2027264K), 0.0272162 secs] [Times: user=0.03 sys=0.00, real=0.02 secs] 
2021-01-22T00:50:05.907+0800: 7.404: [GC (Allocation Failure) 2021-01-22T00:50:05.908+0800: 7.405: [DefNew: 629119K->69888K(629120K), 0.0268226 secs] 1652016K->1221605K(2027264K), 0.0277405 secs] [Times: user=0.02 sys=0.00, real=0.03 secs] 
2021-01-22T00:50:06.003+0800: 7.500: [GC (Allocation Failure) 2021-01-22T00:50:06.004+0800: 7.501: [DefNew: 629120K->69887K(629120K), 0.0274472 secs] 1780837K->1344545K(2027264K), 0.0283136 secs] [Times: user=0.03 sys=0.00, real=0.03 secs] 
2021-01-22T00:50:06.107+0800: 7.604: [GC (Allocation Failure) 2021-01-22T00:50:06.107+0800: 7.604: [DefNew: 629119K->629119K(629120K), 0.0003906 secs]2021-01-22T00:50:06.108+0800: 7.605: [Tenured: 1274657K->367990K(1398144K), 0.0506648 secs] 1903777K->367990K(2027264K), [Metaspace: 2817K->2817K(1056768K)], 0.0525331 secs] [Times: user=0.05 sys=0.00, real=0.06 secs] 
2021-01-22T00:50:06.228+0800: 7.725: [GC (Allocation Failure) 2021-01-22T00:50:06.229+0800: 7.725: [DefNew: 559232K->69887K(629120K), 0.0221813 secs] 927222K->529202K(2027264K), 0.0231948 secs] [Times: user=0.02 sys=0.00, real=0.03 secs] 
2021-01-22T00:50:06.323+0800: 7.820: [GC (Allocation Failure) 2021-01-22T00:50:06.323+0800: 7.820: [DefNew: 629119K->69888K(629120K), 0.0263960 secs] 1088434K->663677K(2027264K), 0.0274401 secs] [Times: user=0.02 sys=0.00, real=0.03 secs] 
2021-01-22T00:50:06.421+0800: 7.918: [GC (Allocation Failure) 2021-01-22T00:50:06.421+0800: 7.918: [DefNew: 629120K->69887K(629120K), 0.0260846 secs] 1222909K->791881K(2027264K), 0.0269488 secs] [Times: user=0.03 sys=0.00, real=0.03 secs] 
2021-01-22T00:50:06.522+0800: 8.019: [GC (Allocation Failure) 2021-01-22T00:50:06.523+0800: 8.020: [DefNew: 629119K->69887K(629120K), 0.0286207 secs] 1351113K->918796K(2027264K), 0.0296311 secs] [Times: user=0.03 sys=0.00, real=0.03 secs] 
2021-01-22T00:50:06.624+0800: 8.121: [GC (Allocation Failure) 2021-01-22T00:50:06.625+0800: 8.122: [DefNew: 629119K->69888K(629120K), 0.0336223 secs] 1478028K->1042534K(2027264K), 0.0347705 secs] [Times: user=0.03 sys=0.00, real=0.04 secs] 
2021-01-22T00:50:06.738+0800: 8.235: [GC (Allocation Failure) 2021-01-22T00:50:06.738+0800: 8.235: [DefNew: 629120K->69888K(629120K), 0.0289930 secs] 1601766K->1168781K(2027264K), 0.0298842 secs] [Times: user=0.03 sys=0.00, real=0.03 secs] 
2021-01-22T00:50:06.844+0800: 8.341: [GC (Allocation Failure) 2021-01-22T00:50:06.845+0800: 8.342: [DefNew: 629120K->69887K(629120K), 0.0276021 secs] 1728013K->1293299K(2027264K), 0.0285058 secs] [Times: user=0.03 sys=0.00, real=0.03 secs] 
2021-01-22T00:50:06.947+0800: 8.444: [GC (Allocation Failure) 2021-01-22T00:50:06.947+0800: 8.444: [DefNew: 629119K->69887K(629120K), 0.0289162 secs] 1852531K->1411450K(2027264K), 0.0298564 secs] [Times: user=0.03 sys=0.00, real=0.03 secs] 
2021-01-22T00:50:07.056+0800: 8.553: [GC (Allocation Failure) 2021-01-22T00:50:07.056+0800: 8.553: [DefNew: 629119K->629119K(629120K), 0.0003939 secs]2021-01-22T00:50:07.057+0800: 8.554: [Tenured: 1341562K->434229K(1398144K), 0.0564020 secs] 1970682K->434229K(2027264K), [Metaspace: 2817K->2817K(1056768K)], 0.0579704 secs] [Times: user=0.05 sys=0.00, real=0.06 secs] 
2021-01-22T00:50:07.195+0800: 8.692: [GC (Allocation Failure) 2021-01-22T00:50:07.195+0800: 8.692: [DefNew: 559232K->69888K(629120K), 0.0217385 secs] 993461K->587239K(2027264K), 0.0226281 secs] [Times: user=0.03 sys=0.00, real=0.02 secs] 
2021-01-22T00:50:07.295+0800: 8.792: [GC (Allocation Failure) 2021-01-22T00:50:07.295+0800: 8.792: [DefNew: 629120K->69888K(629120K), 0.0271431 secs] 1146471K->704429K(2027264K), 0.0281455 secs] [Times: user=0.03 sys=0.00, real=0.03 secs] 
2021-01-22T00:50:07.393+0800: 8.890: [GC (Allocation Failure) 2021-01-22T00:50:07.394+0800: 8.891: [DefNew: 629120K->69887K(629120K), 0.0288265 secs] 1263661K->830150K(2027264K), 0.0297540 secs] [Times: user=0.03 sys=0.00, real=0.03 secs] 
2021-01-22T00:50:07.490+0800: 8.987: [GC (Allocation Failure) 2021-01-22T00:50:07.491+0800: 8.988: [DefNew: 629119K->69887K(629120K), 0.0269819 secs] 1389382K->958268K(2027264K), 0.0280107 secs] [Times: user=0.03 sys=0.00, real=0.03 secs] 
2021-01-22T00:50:07.590+0800: 9.087: [GC (Allocation Failure) 2021-01-22T00:50:07.590+0800: 9.087: [DefNew: 629119K->69887K(629120K), 0.0245742 secs] 1517500K->1081196K(2027264K), 0.0254342 secs] [Times: user=0.03 sys=0.00, real=0.02 secs] 
2021-01-22T00:50:07.688+0800: 9.185: [GC (Allocation Failure) 2021-01-22T00:50:07.689+0800: 9.186: [DefNew: 629119K->69887K(629120K), 0.0238103 secs] 1640428K->1205203K(2027264K), 0.0246811 secs] [Times: user=0.02 sys=0.00, real=0.02 secs] 
2021-01-22T00:50:07.785+0800: 9.282: [GC (Allocation Failure) 2021-01-22T00:50:07.786+0800: 9.283: [DefNew: 629119K->69887K(629120K), 0.0276561 secs] 1764435K->1337460K(2027264K), 0.0284540 secs] [Times: user=0.03 sys=0.00, real=0.03 secs] 
2021-01-22T00:50:07.886+0800: 9.383: [GC (Allocation Failure) 2021-01-22T00:50:07.886+0800: 9.383: [DefNew: 629119K->629119K(629120K), 0.0004217 secs]2021-01-22T00:50:07.887+0800: 9.384: [Tenured: 1267572K->376983K(1398144K), 0.0541836 secs] 1896692K->376983K(2027264K), [Metaspace: 2817K->2817K(1056768K)], 0.0559449 secs] [Times: user=0.06 sys=0.00, real=0.06 secs] 
2021-01-22T00:50:08.009+0800: 9.506: [GC (Allocation Failure) 2021-01-22T00:50:08.009+0800: 9.506: [DefNew: 559232K->69887K(629120K), 0.0204053 secs] 936215K->537988K(2027264K), 0.0212377 secs] [Times: user=0.03 sys=0.00, real=0.02 secs] 
2021-01-22T00:50:08.106+0800: 9.603: [GC (Allocation Failure) 2021-01-22T00:50:08.107+0800: 9.604: [DefNew: 629119K->69887K(629120K), 0.0262086 secs] 1097220K->665614K(2027264K), 0.0270229 secs] [Times: user=0.03 sys=0.00, real=0.03 secs] 
2021-01-22T00:50:08.205+0800: 9.702: [GC (Allocation Failure) 2021-01-22T00:50:08.205+0800: 9.702: [DefNew: 629119K->69887K(629120K), 0.0252503 secs] 1224846K->785402K(2027264K), 0.0260421 secs] [Times: user=0.02 sys=0.00, real=0.03 secs] 
2021-01-22T00:50:08.300+0800: 9.797: [GC (Allocation Failure) 2021-01-22T00:50:08.301+0800: 9.798: [DefNew: 629119K->69887K(629120K), 0.0248379 secs] 1344634K->909560K(2027264K), 0.0257442 secs] [Times: user=0.03 sys=0.00, real=0.02 secs] 
2021-01-22T00:50:08.396+0800: 9.893: [GC (Allocation Failure) 2021-01-22T00:50:08.396+0800: 9.893: [DefNew: 629119K->69887K(629120K), 0.0274753 secs] 1468792K->1039008K(2027264K), 0.0282474 secs] [Times: user=0.02 sys=0.00, real=0.03 secs] 
2021-01-22T00:50:08.496+0800: 9.993: [GC (Allocation Failure) 2021-01-22T00:50:08.497+0800: 9.994: [DefNew: 629119K->69888K(629120K), 0.0293558 secs] 1598240K->1168904K(2027264K), 0.0303010 secs] [Times: user=0.03 sys=0.00, real=0.03 secs] 
2021-01-22T00:50:08.604+0800: 10.101: [GC (Allocation Failure) 2021-01-22T00:50:08.604+0800: 10.101: [DefNew: 629120K->69887K(629120K), 0.0337767 secs] 1728136K->1299069K(2027264K), 0.0347120 secs] [Times: user=0.03 sys=0.00, real=0.04 secs] 
2021-01-22T00:50:08.729+0800: 10.226: [GC (Allocation Failure) 2021-01-22T00:50:08.729+0800: 10.226: [DefNew: 629119K->69887K(629120K), 0.0281857 secs] 1858301K->1415523K(2027264K), 0.0290338 secs] [Times: user=0.03 sys=0.00, real=0.02 secs] 
2021-01-22T00:50:08.833+0800: 10.330: [GC (Allocation Failure) 2021-01-22T00:50:08.834+0800: 10.331: [DefNew: 629119K->629119K(629120K), 0.0003867 secs]2021-01-22T00:50:08.834+0800: 10.331: [Tenured: 1345635K->395198K(1398144K), 0.0561332 secs] 1974755K->395198K(2027264K), [Metaspace: 2817K->2817K(1056768K)], 0.0575819 secs] [Times: user=0.05 sys=0.00, real=0.06 secs] 
2021-01-22T00:50:08.967+0800: 10.464: [GC (Allocation Failure) 2021-01-22T00:50:08.968+0800: 10.465: [DefNew: 559232K->69887K(629120K), 0.0238020 secs] 954430K->562578K(2027264K), 0.0246969 secs] [Times: user=0.02 sys=0.00, real=0.03 secs] 
2021-01-22T00:50:09.063+0800: 10.560: [GC (Allocation Failure) 2021-01-22T00:50:09.063+0800: 10.560: [DefNew: 629119K->69887K(629120K), 0.0256781 secs] 1121810K->683971K(2027264K), 0.0266161 secs] [Times: user=0.03 sys=0.00, real=0.03 secs] 
2021-01-22T00:50:09.160+0800: 10.657: [GC (Allocation Failure) 2021-01-22T00:50:09.161+0800: 10.658: [DefNew: 629119K->69887K(629120K), 0.0268738 secs] 1243203K->812509K(2027264K), 0.0276846 secs] [Times: user=0.03 sys=0.00, real=0.03 secs] 
2021-01-22T00:50:09.254+0800: 10.751: [GC (Allocation Failure) 2021-01-22T00:50:09.255+0800: 10.752: [DefNew: 629119K->69888K(629120K), 0.0288774 secs] 1371741K->948533K(2027264K), 0.0376695 secs] [Times: user=0.03 sys=0.00, real=0.04 secs] 
2021-01-22T00:50:09.362+0800: 10.859: [GC (Allocation Failure) 2021-01-22T00:50:09.362+0800: 10.859: [DefNew: 629120K->69888K(629120K), 0.0297244 secs] 1507765K->1073608K(2027264K), 0.0305369 secs] [Times: user=0.03 sys=0.00, real=0.03 secs] 
2021-01-22T00:50:09.465+0800: 10.962: [GC (Allocation Failure) 2021-01-22T00:50:09.465+0800: 10.962: [DefNew: 629120K->69888K(629120K), 0.0295616 secs] 1632840K->1197135K(2027264K), 0.0303999 secs] [Times: user=0.03 sys=0.00, real=0.03 secs] 
2021-01-22T00:50:09.570+0800: 11.067: [GC (Allocation Failure) 2021-01-22T00:50:09.570+0800: 11.067: [DefNew: 629120K->69887K(629120K), 0.0249515 secs] 1756367K->1316550K(2027264K), 0.0257771 secs] [Times: user=0.02 sys=0.00, real=0.02 secs] 
2021-01-22T00:50:09.673+0800: 11.170: [GC (Allocation Failure) 2021-01-22T00:50:09.673+0800: 11.170: [DefNew: 629119K->629119K(629120K), 0.0003620 secs]2021-01-22T00:50:09.674+0800: 11.171: [Tenured: 1246662K->377973K(1398144K), 0.0550087 secs] 1875782K->377973K(2027264K), [Metaspace: 2817K->2817K(1056768K)], 0.0566810 secs] [Times: user=0.05 sys=0.00, real=0.06 secs] 
2021-01-22T00:50:09.805+0800: 11.302: [GC (Allocation Failure) 2021-01-22T00:50:09.805+0800: 11.302: [DefNew: 559232K->69887K(629120K), 0.0208427 secs] 937205K->529303K(2027264K), 0.0217809 secs] [Times: user=0.02 sys=0.00, real=0.02 secs] 
2021-01-22T00:50:09.901+0800: 11.398: [GC (Allocation Failure) 2021-01-22T00:50:09.902+0800: 11.399: [DefNew: 629119K->69887K(629120K), 0.0301030 secs] 1088535K->656626K(2027264K), 0.0315523 secs] [Times: user=0.03 sys=0.00, real=0.03 secs] 
2021-01-22T00:50:10.023+0800: 11.520: [GC (Allocation Failure) 2021-01-22T00:50:10.024+0800: 11.521: [DefNew: 629119K->69888K(629120K), 0.0402773 secs] 1215858K->789767K(2027264K), 0.0409609 secs] [Times: user=0.04 sys=0.00, real=0.04 secs] 
2021-01-22T00:50:10.145+0800: 11.642: [GC (Allocation Failure) 2021-01-22T00:50:10.145+0800: 11.642: [DefNew: 629120K->69888K(629120K), 0.0269627 secs] 1348999K->921885K(2027264K), 0.0275668 secs] [Times: user=0.03 sys=0.00, real=0.03 secs] 
2021-01-22T00:50:10.242+0800: 11.739: [GC (Allocation Failure) 2021-01-22T00:50:10.243+0800: 11.740: [DefNew: 629120K->69887K(629120K), 0.0241898 secs] 1481117K->1038630K(2027264K), 0.0250866 secs] [Times: user=0.02 sys=0.00, real=0.02 secs] 
2021-01-22T00:50:10.341+0800: 11.838: [GC (Allocation Failure) 2021-01-22T00:50:10.341+0800: 11.838: [DefNew: 629119K->69887K(629120K), 0.0297206 secs] 1597862K->1165877K(2027264K), 0.0305722 secs] [Times: user=0.03 sys=0.00, real=0.03 secs] 
2021-01-22T00:50:10.442+0800: 11.939: [GC (Allocation Failure) 2021-01-22T00:50:10.443+0800: 11.940: [DefNew: 629119K->69888K(629120K), 0.0275602 secs] 1725109K->1288723K(2027264K), 0.0285753 secs] [Times: user=0.02 sys=0.00, real=0.03 secs] 
2021-01-22T00:50:10.540+0800: 12.037: [GC (Allocation Failure) 2021-01-22T00:50:10.541+0800: 12.038: [DefNew: 629120K->69887K(629120K), 0.0300835 secs] 1847955K->1420260K(2027264K), 0.0311237 secs] [Times: user=0.03 sys=0.00, real=0.03 secs] 
2021-01-22T00:50:10.644+0800: 12.141: [GC (Allocation Failure) 2021-01-22T00:50:10.645+0800: 12.142: [DefNew: 629119K->629119K(629120K), 0.0003706 secs]2021-01-22T00:50:10.646+0800: 12.143: [Tenured: 1350372K->427114K(1398144K), 0.0509631 secs] 1979492K->427114K(2027264K), [Metaspace: 2817K->2817K(1056768K)], 0.0527111 secs] [Times: user=0.06 sys=0.00, real=0.05 secs] 
2021-01-22T00:50:10.767+0800: 12.264: [GC (Allocation Failure) 2021-01-22T00:50:10.768+0800: 12.265: [DefNew: 559232K->69888K(629120K), 0.0236535 secs] 986346K->588239K(2027264K), 0.0249084 secs] [Times: user=0.03 sys=0.00, real=0.03 secs] 
2021-01-22T00:50:10.865+0800: 12.362: [GC (Allocation Failure) 2021-01-22T00:50:10.866+0800: 12.363: [DefNew: 629120K->69887K(629120K), 0.0299297 secs] 1147471K->717900K(2027264K), 0.0308366 secs] [Times: user=0.03 sys=0.00, real=0.03 secs] 
2021-01-22T00:50:10.970+0800: 12.467: [GC (Allocation Failure) 2021-01-22T00:50:10.970+0800: 12.467: [DefNew: 629119K->69887K(629120K), 0.0262984 secs] 1277132K->839701K(2027264K), 0.0272296 secs] [Times: user=0.03 sys=0.00, real=0.02 secs] 
2021-01-22T00:50:11.071+0800: 12.568: [GC (Allocation Failure) 2021-01-22T00:50:11.071+0800: 12.568: [DefNew: 629119K->69887K(629120K), 0.0257749 secs] 1398933K->966914K(2027264K), 0.0267341 secs] [Times: user=0.03 sys=0.00, real=0.02 secs] 
2021-01-22T00:50:11.172+0800: 12.669: [GC (Allocation Failure) 2021-01-22T00:50:11.172+0800: 12.669: [DefNew: 629119K->69888K(629120K), 0.0242266 secs] 1526146K->1079765K(2027264K), 0.0248969 secs] [Times: user=0.03 sys=0.00, real=0.02 secs] 
2021-01-22T00:50:11.284+0800: 12.781: [GC (Allocation Failure) 2021-01-22T00:50:11.284+0800: 12.781: [DefNew: 629120K->69888K(629120K), 0.0283231 secs] 1638997K->1210906K(2027264K), 0.0292964 secs] [Times: user=0.03 sys=0.00, real=0.03 secs] 
2021-01-22T00:50:11.392+0800: 12.889: [GC (Allocation Failure) 2021-01-22T00:50:11.392+0800: 12.889: [DefNew: 629120K->69887K(629120K), 0.0351983 secs] 1770138K->1330782K(2027264K), 0.0362186 secs] [Times: user=0.04 sys=0.00, real=0.04 secs] 
2021-01-22T00:50:11.502+0800: 12.999: [GC (Allocation Failure) 2021-01-22T00:50:11.503+0800: 13.000: [DefNew: 629119K->629119K(629120K), 0.0004180 secs]2021-01-22T00:50:11.504+0800: 13.001: [Tenured: 1260894K->371908K(1398144K), 0.0531147 secs] 1890014K->371908K(2027264K), [Metaspace: 2817K->2817K(1056768K)], 0.0547840 secs] [Times: user=0.05 sys=0.00, real=0.05 secs] 
2021-01-22T00:50:11.630+0800: 13.127: [GC (Allocation Failure) 2021-01-22T00:50:11.631+0800: 13.128: [DefNew: 559232K->69887K(629120K), 0.0240495 secs] 931140K->530755K(2027264K), 0.0249053 secs] [Times: user=0.02 sys=0.00, real=0.02 secs] 
2021-01-22T00:50:11.728+0800: 13.225: [GC (Allocation Failure) 2021-01-22T00:50:11.728+0800: 13.225: [DefNew: 629119K->69887K(629120K), 0.0291907 secs] 1089987K->660833K(2027264K), 0.0301187 secs] [Times: user=0.03 sys=0.00, real=0.04 secs] 
2021-01-22T00:50:11.828+0800: 13.325: [GC (Allocation Failure) 2021-01-22T00:50:11.829+0800: 13.326: [DefNew: 629119K->69887K(629120K), 0.0263829 secs] 1220065K->794266K(2027264K), 0.0273801 secs] [Times: user=0.03 sys=0.00, real=0.02 secs] 
2021-01-22T00:50:11.924+0800: 13.421: [GC (Allocation Failure) 2021-01-22T00:50:11.925+0800: 13.422: [DefNew: 629119K->69888K(629120K), 0.0265264 secs] 1353498K->916849K(2027264K), 0.0274750 secs] [Times: user=0.03 sys=0.00, real=0.03 secs] 
2021-01-22T00:50:12.019+0800: 13.516: [GC (Allocation Failure) 2021-01-22T00:50:12.020+0800: 13.517: [DefNew: 629120K->69887K(629120K), 0.0264685 secs] 1476081K->1046881K(2027264K), 0.0273451 secs] [Times: user=0.02 sys=0.00, real=0.02 secs] 
2021-01-22T00:50:12.137+0800: 13.634: [GC (Allocation Failure) 2021-01-22T00:50:12.137+0800: 13.634: [DefNew: 629119K->69887K(629120K), 0.0301733 secs] 1606113K->1162794K(2027264K), 0.0310369 secs] [Times: user=0.03 sys=0.00, real=0.04 secs] 
2021-01-22T00:50:12.237+0800: 13.734: [GC (Allocation Failure) 2021-01-22T00:50:12.237+0800: 13.734: [DefNew: 629119K->69887K(629120K), 0.0440454 secs] 1722026K->1300353K(2027264K), 0.0449366 secs] [Times: user=0.04 sys=0.00, real=0.05 secs] 
2021-01-22T00:50:12.367+0800: 13.864: [GC (Allocation Failure) 2021-01-22T00:50:12.368+0800: 13.865: [DefNew: 629119K->69887K(629120K), 0.0293968 secs] 1859585K->1426364K(2027264K), 0.0303616 secs] [Times: user=0.03 sys=0.00, real=0.03 secs] 
2021-01-22T00:50:12.478+0800: 13.975: [GC (Allocation Failure) 2021-01-22T00:50:12.478+0800: 13.975: [DefNew: 629119K->629119K(629120K), 0.0003595 secs]2021-01-22T00:50:12.479+0800: 13.976: [Tenured: 1356476K->417585K(1398144K), 0.0540265 secs] 1985596K->417585K(2027264K), [Metaspace: 2817K->2817K(1056768K)], 0.0555559 secs] [Times: user=0.05 sys=0.00, real=0.06 secs] 
2021-01-22T00:50:12.605+0800: 14.102: [GC (Allocation Failure) 2021-01-22T00:50:12.605+0800: 14.102: [DefNew: 559232K->69887K(629120K), 0.0195916 secs] 976817K->568371K(2027264K), 0.0205142 secs] [Times: user=0.02 sys=0.00, real=0.02 secs] 
2021-01-22T00:50:12.696+0800: 14.193: [GC (Allocation Failure) 2021-01-22T00:50:12.696+0800: 14.193: [DefNew: 629119K->69887K(629120K), 0.0265571 secs] 1127603K->694256K(2027264K), 0.0274476 secs] [Times: user=0.03 sys=0.00, real=0.03 secs] 
2021-01-22T00:50:12.792+0800: 14.289: [GC (Allocation Failure) 2021-01-22T00:50:12.792+0800: 14.289: [DefNew: 629119K->69888K(629120K), 0.0280070 secs] 1253488K->824068K(2027264K), 0.0289617 secs] [Times: user=0.02 sys=0.00, real=0.03 secs] 
2021-01-22T00:50:12.894+0800: 14.391: [GC (Allocation Failure) 2021-01-22T00:50:12.894+0800: 14.391: [DefNew: 629120K->69888K(629120K), 0.0300001 secs] 1383300K->949602K(2027264K), 0.0309814 secs] [Times: user=0.03 sys=0.00, real=0.03 secs] 
2021-01-22T00:50:12.998+0800: 14.495: [GC (Allocation Failure) 2021-01-22T00:50:12.998+0800: 14.495: [DefNew: 629120K->69887K(629120K), 0.0446890 secs] 1508834K->1070366K(2027264K), 0.0457246 secs] [Times: user=0.04 sys=0.00, real=0.05 secs] 
2021-01-22T00:50:13.123+0800: 14.620: [GC (Allocation Failure) 2021-01-22T00:50:13.123+0800: 14.620: [DefNew: 629119K->69887K(629120K), 0.0275144 secs] 1629598K->1196146K(2027264K), 0.0284284 secs] [Times: user=0.03 sys=0.00, real=0.03 secs] 
2021-01-22T00:50:13.229+0800: 14.726: [GC (Allocation Failure) 2021-01-22T00:50:13.229+0800: 14.726: [DefNew: 629119K->69887K(629120K), 0.0288318 secs] 1755378K->1315163K(2027264K), 0.0296751 secs] [Times: user=0.03 sys=0.00, real=0.03 secs] 
2021-01-22T00:50:13.329+0800: 14.826: [GC (Allocation Failure) 2021-01-22T00:50:13.329+0800: 14.826: [DefNew: 629119K->629119K(629120K), 0.0003470 secs]2021-01-22T00:50:13.330+0800: 14.827: [Tenured: 1245275K->379848K(1398144K), 0.0505499 secs] 1874395K->379848K(2027264K), [Metaspace: 2817K->2817K(1056768K)], 0.0520999 secs] [Times: user=0.05 sys=0.00, real=0.05 secs] 
2021-01-22T00:50:13.460+0800: 14.957: [GC (Allocation Failure) 2021-01-22T00:50:13.460+0800: 14.957: [DefNew: 559232K->69887K(629120K), 0.0226435 secs] 939080K->528932K(2027264K), 0.0236040 secs] [Times: user=0.02 sys=0.00, real=0.02 secs] 
2021-01-22T00:50:13.552+0800: 15.049: [GC (Allocation Failure) 2021-01-22T00:50:13.552+0800: 15.049: [DefNew: 629119K->69888K(629120K), 0.0253666 secs] 1088164K->657237K(2027264K), 0.0263183 secs] [Times: user=0.02 sys=0.00, real=0.03 secs] 
2021-01-22T00:50:13.649+0800: 15.146: [GC (Allocation Failure) 2021-01-22T00:50:13.649+0800: 15.146: [DefNew: 629120K->69888K(629120K), 0.0276257 secs] 1216469K->800549K(2027264K), 0.0284784 secs] [Times: user=0.03 sys=0.00, real=0.02 secs] 
2021-01-22T00:50:13.752+0800: 15.249: [GC (Allocation Failure) 2021-01-22T00:50:13.753+0800: 15.250: [DefNew: 629120K->69887K(629120K), 0.0342427 secs] 1359781K->923002K(2027264K), 0.0350380 secs] [Times: user=0.04 sys=0.00, real=0.03 secs] 
2021-01-22T00:50:13.868+0800: 15.365: [GC (Allocation Failure) 2021-01-22T00:50:13.868+0800: 15.365: [DefNew: 629119K->69887K(629120K), 0.0255858 secs] 1482234K->1043052K(2027264K), 0.0264079 secs] [Times: user=0.02 sys=0.00, real=0.03 secs] 
2021-01-22T00:50:13.970+0800: 15.467: [GC (Allocation Failure) 2021-01-22T00:50:13.971+0800: 15.468: [DefNew: 629119K->69887K(629120K), 0.0295937 secs] 1602284K->1171911K(2027264K), 0.0306142 secs] [Times: user=0.03 sys=0.00, real=0.03 secs] 
2021-01-22T00:50:14.072+0800: 15.569: [GC (Allocation Failure) 2021-01-22T00:50:14.072+0800: 15.569: [DefNew: 629119K->69888K(629120K), 0.0265513 secs] 1731143K->1293964K(2027264K), 0.0275418 secs] [Times: user=0.03 sys=0.00, real=0.03 secs] 
2021-01-22T00:50:14.170+0800: 15.667: [GC (Allocation Failure) 2021-01-22T00:50:14.170+0800: 15.667: [DefNew: 629120K->69887K(629120K), 0.0274565 secs] 1853196K->1432755K(2027264K), 0.0282924 secs] [Times: user=0.03 sys=0.00, real=0.03 secs] 
2021-01-22T00:50:14.266+0800: 15.763: [GC (Allocation Failure) 2021-01-22T00:50:14.266+0800: 15.763: [DefNew: 629119K->629119K(629120K), 0.0003090 secs]2021-01-22T00:50:14.267+0800: 15.764: [Tenured: 1362867K->446086K(1398144K), 0.0550093 secs] 1991987K->446086K(2027264K), [Metaspace: 2817K->2817K(1056768K)], 0.0567365 secs] [Times: user=0.05 sys=0.00, real=0.06 secs] 
2021-01-22T00:50:14.393+0800: 15.890: [GC (Allocation Failure) 2021-01-22T00:50:14.394+0800: 15.891: [DefNew: 559232K->69888K(629120K), 0.0254864 secs] 1005318K->610252K(2027264K), 0.0263148 secs] [Times: user=0.03 sys=0.00, real=0.03 secs] 
2021-01-22T00:50:14.488+0800: 15.985: [GC (Allocation Failure) 2021-01-22T00:50:14.488+0800: 15.985: [DefNew: 629120K->69887K(629120K), 0.0287870 secs] 1169484K->730898K(2027264K), 0.0297178 secs] [Times: user=0.03 sys=0.00, real=0.03 secs] 
2021-01-22T00:50:14.598+0800: 16.095: [GC (Allocation Failure) 2021-01-22T00:50:14.598+0800: 16.095: [DefNew: 629119K->69887K(629120K), 0.0273792 secs] 1290130K->858360K(2027264K), 0.0281268 secs] [Times: user=0.02 sys=0.00, real=0.03 secs] 
2021-01-22T00:50:14.698+0800: 16.195: [GC (Allocation Failure) 2021-01-22T00:50:14.699+0800: 16.196: [DefNew: 629119K->69887K(629120K), 0.0262172 secs] 1417592K->979803K(2027264K), 0.0271464 secs] [Times: user=0.03 sys=0.00, real=0.02 secs] 
2021-01-22T00:50:14.804+0800: 16.301: [GC (Allocation Failure) 2021-01-22T00:50:14.804+0800: 16.301: [DefNew: 629119K->69887K(629120K), 0.0389181 secs] 1539035K->1103652K(2027264K), 0.0397394 secs] [Times: user=0.04 sys=0.00, real=0.04 secs] 
2021-01-22T00:50:14.924+0800: 16.421: [GC (Allocation Failure) 2021-01-22T00:50:14.925+0800: 16.422: [DefNew: 628996K->69887K(629120K), 0.0312202 secs] 1662761K->1232357K(2027264K), 0.0321007 secs] [Times: user=0.03 sys=0.00, real=0.03 secs] 
2021-01-22T00:50:15.030+0800: 16.527: [GC (Allocation Failure) 2021-01-22T00:50:15.031+0800: 16.528: [DefNew: 629119K->69887K(629120K), 0.0270255 secs] 1791589K->1356154K(2027264K), 0.0278904 secs] [Times: user=0.03 sys=0.00, real=0.03 secs] 
2021-01-22T00:50:15.138+0800: 16.635: [GC (Allocation Failure) 2021-01-22T00:50:15.138+0800: 16.635: [DefNew: 629119K->629119K(629120K), 0.0003413 secs]2021-01-22T00:50:15.139+0800: 16.636: [Tenured: 1286266K->379535K(1398144K), 0.0613803 secs] 1915386K->379535K(2027264K), [Metaspace: 2817K->2817K(1056768K)], 0.0628513 secs] [Times: user=0.06 sys=0.00, real=0.07 secs] 
2021-01-22T00:50:15.289+0800: 16.786: [GC (Allocation Failure) 2021-01-22T00:50:15.289+0800: 16.786: [DefNew: 559232K->69887K(629120K), 0.0234365 secs] 938767K->524939K(2027264K), 0.0245605 secs] [Times: user=0.02 sys=0.00, real=0.02 secs] 
2021-01-22T00:50:15.387+0800: 16.884: [GC (Allocation Failure) 2021-01-22T00:50:15.387+0800: 16.884: [DefNew: 629119K->69887K(629120K), 0.0252632 secs] 1084171K->637953K(2027264K), 0.0262108 secs] [Times: user=0.03 sys=0.00, real=0.03 secs] 
2021-01-22T00:50:15.485+0800: 16.982: [GC (Allocation Failure) 2021-01-22T00:50:15.486+0800: 16.983: [DefNew: 629119K->69887K(629120K), 0.0303125 secs] 1197185K->764092K(2027264K), 0.0314614 secs] [Times: user=0.03 sys=0.00, real=0.03 secs] 
2021-01-22T00:50:15.591+0800: 17.088: [GC (Allocation Failure) 2021-01-22T00:50:15.592+0800: 17.089: [DefNew: 629119K->69887K(629120K), 0.0298336 secs] 1323324K->898957K(2027264K), 0.0307010 secs] [Times: user=0.03 sys=0.00, real=0.03 secs] 
2021-01-22T00:50:15.701+0800: 17.198: [GC (Allocation Failure) 2021-01-22T00:50:15.701+0800: 17.198: [DefNew: 629119K->69888K(629120K), 0.0285207 secs] 1458189K->1018195K(2027264K), 0.0295016 secs] [Times: user=0.03 sys=0.00, real=0.03 secs] 
2021-01-22T00:50:15.800+0800: 17.297: [GC (Allocation Failure) 2021-01-22T00:50:15.801+0800: 17.298: [DefNew: 629120K->69887K(629120K), 0.0252482 secs] 1577427K->1145899K(2027264K), 0.0261145 secs] [Times: user=0.03 sys=0.00, real=0.02 secs] 
2021-01-22T00:50:15.896+0800: 17.393: [GC (Allocation Failure) 2021-01-22T00:50:15.897+0800: 17.394: [DefNew: 629119K->69887K(629120K), 0.0261740 secs] 1705131K->1271771K(2027264K), 0.0270264 secs] [Times: user=0.02 sys=0.00, real=0.03 secs] 
2021-01-22T00:50:15.993+0800: 17.490: [GC (Allocation Failure) 2021-01-22T00:50:15.994+0800: 17.491: [DefNew: 629119K->69887K(629120K), 0.0255493 secs] 1831003K->1396993K(2027264K), 0.0265270 secs] [Times: user=0.03 sys=0.00, real=0.03 secs] 
2021-01-22T00:50:16.089+0800: 17.586: [GC (Allocation Failure) 2021-01-22T00:50:16.090+0800: 17.587: [DefNew: 628750K->628750K(629120K), 0.0003252 secs]2021-01-22T00:50:16.090+0800: 17.587: [Tenured: 1327105K->430361K(1398144K), 0.0548308 secs] 1955856K->430361K(2027264K), [Metaspace: 2817K->2817K(1056768K)], 0.0563442 secs] [Times: user=0.05 sys=0.00, real=0.05 secs] 
2021-01-22T00:50:16.220+0800: 17.717: [GC (Allocation Failure) 2021-01-22T00:50:16.220+0800: 17.717: [DefNew: 559232K->69887K(629120K), 0.0211870 secs] 989593K->576332K(2027264K), 0.0220163 secs] [Times: user=0.03 sys=0.00, real=0.02 secs] 
2021-01-22T00:50:16.315+0800: 17.812: [GC (Allocation Failure) 2021-01-22T00:50:16.316+0800: 17.813: [DefNew: 629119K->69888K(629120K), 0.0265285 secs] 1135564K->697431K(2027264K), 0.0274860 secs] [Times: user=0.02 sys=0.00, real=0.03 secs] 
2021-01-22T00:50:16.420+0800: 17.917: [GC (Allocation Failure) 2021-01-22T00:50:16.420+0800: 17.917: [DefNew: 629120K->69887K(629120K), 0.0273177 secs] 1256663K->817045K(2027264K), 0.0281973 secs] [Times: user=0.03 sys=0.00, real=0.03 secs] 
2021-01-22T00:50:16.517+0800: 18.014: [GC (Allocation Failure) 2021-01-22T00:50:16.518+0800: 18.015: [DefNew: 629119K->69888K(629120K), 0.0244054 secs] 1376277K->934861K(2027264K), 0.0253313 secs] [Times: user=0.02 sys=0.00, real=0.03 secs] 
2021-01-22T00:50:16.612+0800: 18.109: [GC (Allocation Failure) 2021-01-22T00:50:16.613+0800: 18.110: [DefNew: 629120K->69888K(629120K), 0.0266248 secs] 1494093K->1068177K(2027264K), 0.0274519 secs] [Times: user=0.03 sys=0.00, real=0.03 secs] 
2021-01-22T00:50:16.708+0800: 18.205: [GC (Allocation Failure) 2021-01-22T00:50:16.709+0800: 18.206: [DefNew: 629120K->69887K(629120K), 0.0271893 secs] 1627409K->1191169K(2027264K), 0.0280556 secs] [Times: user=0.02 sys=0.00, real=0.02 secs] 
2021-01-22T00:50:16.829+0800: 18.326: [GC (Allocation Failure) 2021-01-22T00:50:16.830+0800: 18.327: [DefNew: 629119K->69887K(629120K), 0.0331683 secs] 1750401K->1312010K(2027264K), 0.0339802 secs] [Times: user=0.03 sys=0.00, real=0.03 secs] 
2021-01-22T00:50:16.941+0800: 18.438: [GC (Allocation Failure) 2021-01-22T00:50:16.942+0800: 18.439: [DefNew: 629119K->629119K(629120K), 0.0002672 secs]2021-01-22T00:50:16.942+0800: 18.439: [Tenured: 1242122K->362953K(1398144K), 0.0524230 secs] 1871242K->362953K(2027264K), [Metaspace: 2817K->2817K(1056768K)], 0.0536287 secs] [Times: user=0.05 sys=0.00, real=0.05 secs] 
2021-01-22T00:50:17.063+0800: 18.560: [GC (Allocation Failure) 2021-01-22T00:50:17.063+0800: 18.560: [DefNew: 559232K->69887K(629120K), 0.0220092 secs] 922185K->509276K(2027264K), 0.0228668 secs] [Times: user=0.02 sys=0.00, real=0.02 secs] 
2021-01-22T00:50:17.164+0800: 18.661: [GC (Allocation Failure) 2021-01-22T00:50:17.164+0800: 18.661: [DefNew: 629119K->69887K(629120K), 0.0292701 secs] 1068508K->631284K(2027264K), 0.0301722 secs] [Times: user=0.03 sys=0.00, real=0.03 secs] 
2021-01-22T00:50:17.274+0800: 18.771: [GC (Allocation Failure) 2021-01-22T00:50:17.274+0800: 18.771: [DefNew: 629119K->69888K(629120K), 0.0314430 secs] 1190516K->765274K(2027264K), 0.0320897 secs] [Times: user=0.04 sys=0.00, real=0.03 secs] 
2021-01-22T00:50:17.377+0800: 18.874: [GC (Allocation Failure) 2021-01-22T00:50:17.377+0800: 18.874: [DefNew: 629120K->69887K(629120K), 0.0268776 secs] 1324506K->888848K(2027264K), 0.0277724 secs] [Times: user=0.02 sys=0.00, real=0.03 secs] 
2021-01-22T00:50:17.474+0800: 18.971: [GC (Allocation Failure) 2021-01-22T00:50:17.475+0800: 18.972: [DefNew: 629119K->69888K(629120K), 0.0285959 secs] 1448080K->1016139K(2027264K), 0.0293359 secs] [Times: user=0.03 sys=0.00, real=0.03 secs] 
2021-01-22T00:50:17.576+0800: 19.073: [GC (Allocation Failure) 2021-01-22T00:50:17.577+0800: 19.074: [DefNew: 629120K->69887K(629120K), 0.0304491 secs] 1575371K->1152918K(2027264K), 0.0316315 secs] [Times: user=0.03 sys=0.00, real=0.04 secs] 
2021-01-22T00:50:17.680+0800: 19.177: [GC (Allocation Failure) 2021-01-22T00:50:17.680+0800: 19.177: [DefNew: 629119K->69887K(629120K), 0.0272179 secs] 1712150K->1283416K(2027264K), 0.0279851 secs] [Times: user=0.02 sys=0.00, real=0.03 secs] 
2021-01-22T00:50:17.783+0800: 19.280: [GC (Allocation Failure) 2021-01-22T00:50:17.783+0800: 19.280: [DefNew: 629119K->69888K(629120K), 0.0272371 secs] 1842648K->1406014K(2027264K), 0.0282552 secs] [Times: user=0.02 sys=0.00, real=0.03 secs] 
2021-01-22T00:50:17.891+0800: 19.388: [GC (Allocation Failure) 2021-01-22T00:50:17.892+0800: 19.389: [DefNew: 629120K->629120K(629120K), 0.0002357 secs]2021-01-22T00:50:17.892+0800: 19.389: [Tenured: 1336126K->411325K(1398144K), 0.0661107 secs] 1965246K->411325K(2027264K), [Metaspace: 2817K->2817K(1056768K)], 0.0673337 secs] [Times: user=0.07 sys=0.00, real=0.07 secs] 
2021-01-22T00:50:18.033+0800: 19.530: [GC (Allocation Failure) 2021-01-22T00:50:18.034+0800: 19.531: [DefNew: 559232K->69887K(629120K), 0.0203604 secs] 970557K->569122K(2027264K), 0.0210275 secs] [Times: user=0.03 sys=0.00, real=0.02 secs] 
2021-01-22T00:50:18.129+0800: 19.626: [GC (Allocation Failure) 2021-01-22T00:50:18.129+0800: 19.626: [DefNew: 629119K->69888K(629120K), 0.0273909 secs] 1128354K->697952K(2027264K), 0.0281928 secs] [Times: user=0.03 sys=0.00, real=0.02 secs] 
2021-01-22T00:50:18.229+0800: 19.726: [GC (Allocation Failure) 2021-01-22T00:50:18.229+0800: 19.726: [DefNew: 629120K->69888K(629120K), 0.0255720 secs] 1257184K->813056K(2027264K), 0.0264167 secs] [Times: user=0.02 sys=0.00, real=0.02 secs] 
2021-01-22T00:50:18.334+0800: 19.831: [GC (Allocation Failure) 2021-01-22T00:50:18.334+0800: 19.831: [DefNew: 629120K->69887K(629120K), 0.0264871 secs] 1372288K->931005K(2027264K), 0.0277277 secs] [Times: user=0.03 sys=0.00, real=0.03 secs] 
2021-01-22T00:50:18.435+0800: 19.932: [GC (Allocation Failure) 2021-01-22T00:50:18.436+0800: 19.933: [DefNew: 629119K->69887K(629120K), 0.0299085 secs] 1490237K->1070655K(2027264K), 0.0308283 secs] [Times: user=0.03 sys=0.00, real=0.03 secs] 
2021-01-22T00:50:18.536+0800: 20.033: [GC (Allocation Failure) 2021-01-22T00:50:18.536+0800: 20.033: [DefNew: 629119K->69888K(629120K), 0.0288546 secs] 1629887K->1198461K(2027264K), 0.0298914 secs] [Times: user=0.03 sys=0.00, real=0.03 secs] 
2021-01-22T00:50:18.641+0800: 20.138: [GC (Allocation Failure) 2021-01-22T00:50:18.642+0800: 20.139: [DefNew: 629120K->69887K(629120K), 0.0263307 secs] 1757693K->1310362K(2027264K), 0.0272266 secs] [Times: user=0.02 sys=0.01, real=0.03 secs] 
2021-01-22T00:50:18.761+0800: 20.258: [GC (Allocation Failure) 2021-01-22T00:50:18.761+0800: 20.258: [DefNew: 629119K->629119K(629120K), 0.0003845 secs]2021-01-22T00:50:18.762+0800: 20.259: [Tenured: 1240474K->449907K(1398144K), 0.0638090 secs] 1869594K->449907K(2027264K), [Metaspace: 2817K->2817K(1056768K)], 0.0658549 secs] [Times: user=0.07 sys=0.00, real=0.06 secs] 
2021-01-22T00:50:18.900+0800: 20.397: [GC (Allocation Failure) 2021-01-22T00:50:18.901+0800: 20.398: [DefNew: 559232K->69887K(629120K), 0.0221275 secs] 1009139K->600346K(2027264K), 0.0228963 secs] [Times: user=0.02 sys=0.00, real=0.02 secs] 
2021-01-22T00:50:19.000+0800: 20.497: [GC (Allocation Failure) 2021-01-22T00:50:19.000+0800: 20.497: [DefNew: 629119K->69887K(629120K), 0.0334278 secs] 1159578K->734556K(2027264K), 0.0343216 secs] [Times: user=0.03 sys=0.00, real=0.03 secs] 
2021-01-22T00:50:19.113+0800: 20.610: [GC (Allocation Failure) 2021-01-22T00:50:19.113+0800: 20.610: [DefNew: 629119K->69886K(629120K), 0.0300578 secs] 1293788K->869012K(2027264K), 0.0310624 secs] [Times: user=0.03 sys=0.00, real=0.03 secs] 
2021-01-22T00:50:19.221+0800: 20.718: [GC (Allocation Failure) 2021-01-22T00:50:19.221+0800: 20.718: [DefNew: 629118K->69887K(629120K), 0.0300307 secs] 1428244K->995981K(2027264K), 0.0309375 secs] [Times: user=0.03 sys=0.00, real=0.03 secs] 
2021-01-22T00:50:19.331+0800: 20.828: [GC (Allocation Failure) 2021-01-22T00:50:19.332+0800: 20.829: [DefNew: 629119K->69887K(629120K), 0.0277017 secs] 1555213K->1111578K(2027264K), 0.0289942 secs] [Times: user=0.02 sys=0.00, real=0.03 secs] 
2021-01-22T00:50:19.433+0800: 20.930: [GC (Allocation Failure) 2021-01-22T00:50:19.433+0800: 20.930: [DefNew: 629119K->69888K(629120K), 0.0286183 secs] 1670810K->1239082K(2027264K), 0.0295616 secs] [Times: user=0.03 sys=0.00, real=0.03 secs] 
2021-01-22T00:50:19.536+0800: 21.033: [GC (Allocation Failure) 2021-01-22T00:50:19.536+0800: 21.033: [DefNew: 629120K->69887K(629120K), 0.0280914 secs] 1798314K->1355210K(2027264K), 0.0290140 secs] [Times: user=0.02 sys=0.00, real=0.03 secs] 
2021-01-22T00:50:19.636+0800: 21.133: [GC (Allocation Failure) 2021-01-22T00:50:19.637+0800: 21.134: [DefNew: 629119K->629119K(629120K), 0.0004027 secs]2021-01-22T00:50:19.638+0800: 21.135: [Tenured: 1285322K->362911K(1398144K), 0.0595069 secs] 1914442K->362911K(2027264K), [Metaspace: 2817K->2817K(1056768K)], 0.0611571 secs] [Times: user=0.06 sys=0.00, real=0.06 secs] 
2021-01-22T00:50:19.780+0800: 21.277: [GC (Allocation Failure) 2021-01-22T00:50:19.780+0800: 21.277: [DefNew: 559232K->69888K(629120K), 0.0263676 secs] 922143K->507685K(2027264K), 0.0273431 secs] [Times: user=0.02 sys=0.00, real=0.02 secs] 
2021-01-22T00:50:19.899+0800: 21.396: [GC (Allocation Failure) 2021-01-22T00:50:19.899+0800: 21.396: [DefNew: 629120K->69887K(629120K), 0.0449311 secs] 1066917K->631350K(2027264K), 0.0457704 secs] [Times: user=0.05 sys=0.00, real=0.04 secs] 
2021-01-22T00:50:20.040+0800: 21.537: [GC (Allocation Failure) 2021-01-22T00:50:20.040+0800: 21.537: [DefNew: 629119K->69887K(629120K), 0.0359252 secs] 1190582K->759274K(2027264K), 0.0365643 secs] [Times: user=0.04 sys=0.00, real=0.03 secs] 
2021-01-22T00:50:20.148+0800: 21.645: [GC (Allocation Failure) 2021-01-22T00:50:20.148+0800: 21.645: [DefNew: 629119K->69887K(629120K), 0.0329311 secs] 1318506K->886390K(2027264K), 0.0334809 secs] [Times: user=0.03 sys=0.00, real=0.04 secs] 
2021-01-22T00:50:20.262+0800: 21.759: [GC (Allocation Failure) 2021-01-22T00:50:20.262+0800: 21.759: [DefNew: 629119K->69888K(629120K), 0.0276285 secs] 1445622K->1025127K(2027264K), 0.0284922 secs] [Times: user=0.03 sys=0.00, real=0.03 secs] 
2021-01-22T00:50:20.361+0800: 21.858: [GC (Allocation Failure) 2021-01-22T00:50:20.361+0800: 21.858: [DefNew: 629120K->69887K(629120K), 0.0261085 secs] 1584359K->1157515K(2027264K), 0.0269414 secs] [Times: user=0.03 sys=0.00, real=0.03 secs] 
2021-01-22T00:50:20.462+0800: 21.959: [GC (Allocation Failure) 2021-01-22T00:50:20.463+0800: 21.960: [DefNew: 629119K->69887K(629120K), 0.0279404 secs] 1716747K->1286992K(2027264K), 0.0287396 secs] [Times: user=0.03 sys=0.00, real=0.03 secs] 
2021-01-22T00:50:20.559+0800: 22.056: [GC (Allocation Failure) 2021-01-22T00:50:20.559+0800: 22.056: [DefNew: 629119K->69887K(629120K), 0.0252755 secs] 1846224K->1408555K(2027264K), 0.0260949 secs] [Times: user=0.02 sys=0.00, real=0.02 secs] 
2021-01-22T00:50:20.654+0800: 22.151: [GC (Allocation Failure) 2021-01-22T00:50:20.654+0800: 22.151: [DefNew: 629119K->629119K(629120K), 0.0004073 secs]2021-01-22T00:50:20.655+0800: 22.152: [Tenured: 1338667K->382330K(1398144K), 0.0523199 secs] 1967787K->382330K(2027264K), [Metaspace: 2817K->2817K(1056768K)], 0.0543552 secs] [Times: user=0.05 sys=0.00, real=0.06 secs] 
2021-01-22T00:50:20.775+0800: 22.272: [GC (Allocation Failure) 2021-01-22T00:50:20.775+0800: 22.272: [DefNew: 559232K->69887K(629120K), 0.0216837 secs] 941562K->538468K(2027264K), 0.0224987 secs] [Times: user=0.02 sys=0.00, real=0.02 secs] 
2021-01-22T00:50:20.868+0800: 22.365: [GC (Allocation Failure) 2021-01-22T00:50:20.868+0800: 22.365: [DefNew: 629119K->69887K(629120K), 0.0244664 secs] 1097700K->659220K(2027264K), 0.0252627 secs] [Times: user=0.03 sys=0.00, real=0.03 secs] 
2021-01-22T00:50:20.964+0800: 22.461: [GC (Allocation Failure) 2021-01-22T00:50:20.965+0800: 22.462: [DefNew: 629119K->69887K(629120K), 0.0225259 secs] 1218452K->774560K(2027264K), 0.0232533 secs] [Times: user=0.02 sys=0.00, real=0.02 secs] 
2021-01-22T00:50:21.054+0800: 22.551: [GC (Allocation Failure) 2021-01-22T00:50:21.055+0800: 22.552: [DefNew: 629119K->69887K(629120K), 0.0305921 secs] 1333792K->908149K(2027264K), 0.0315850 secs] [Times: user=0.04 sys=0.00, real=0.03 secs] 
2021-01-22T00:50:21.155+0800: 22.652: [GC (Allocation Failure) 2021-01-22T00:50:21.156+0800: 22.653: [DefNew: 629119K->69887K(629120K), 0.0285482 secs] 1467381K->1043093K(2027264K), 0.0294268 secs] [Times: user=0.03 sys=0.00, real=0.03 secs] 
2021-01-22T00:50:21.262+0800: 22.759: [GC (Allocation Failure) 2021-01-22T00:50:21.263+0800: 22.760: [DefNew: 629119K->69887K(629120K), 0.0346693 secs] 1602325K->1174013K(2027264K), 0.0355278 secs] [Times: user=0.03 sys=0.00, real=0.04 secs] 
2021-01-22T00:50:21.382+0800: 22.879: [GC (Allocation Failure) 2021-01-22T00:50:21.382+0800: 22.879: [DefNew: 629119K->69888K(629120K), 0.0295926 secs] 1733245K->1299353K(2027264K), 0.0304264 secs] [Times: user=0.03 sys=0.00, real=0.03 secs] 
2021-01-22T00:50:21.485+0800: 22.982: [GC (Allocation Failure) 2021-01-22T00:50:21.486+0800: 22.983: [DefNew: 629120K->629120K(629120K), 0.0003219 secs]2021-01-22T00:50:21.486+0800: 22.983: [Tenured: 1229465K->445667K(1398144K), 0.0544573 secs] 1858585K->445667K(2027264K), [Metaspace: 2817K->2817K(1056768K)], 0.0559057 secs] [Times: user=0.05 sys=0.00, real=0.06 secs] 
2021-01-22T00:50:21.610+0800: 23.107: [GC (Allocation Failure) 2021-01-22T00:50:21.610+0800: 23.107: [DefNew: 559232K->69887K(629120K), 0.0196023 secs] 1004899K->602442K(2027264K), 0.0204590 secs] [Times: user=0.02 sys=0.00, real=0.02 secs] 
2021-01-22T00:50:21.712+0800: 23.209: [GC (Allocation Failure) 2021-01-22T00:50:21.712+0800: 23.210: [DefNew: 629119K->69887K(629120K), 0.0436444 secs] 1161674K->728012K(2027264K), 0.0446213 secs] [Times: user=0.05 sys=0.00, real=0.04 secs] 
2021-01-22T00:50:21.834+0800: 23.331: [GC (Allocation Failure) 2021-01-22T00:50:21.835+0800: 23.332: [DefNew: 629119K->69887K(629120K), 0.0289750 secs] 1287244K->855170K(2027264K), 0.0298106 secs] [Times: user=0.03 sys=0.00, real=0.03 secs] 
2021-01-22T00:50:21.935+0800: 23.432: [GC (Allocation Failure) 2021-01-22T00:50:21.935+0800: 23.432: [DefNew: 629119K->69887K(629120K), 0.0270319 secs] 1414402K->978178K(2027264K), 0.0278843 secs] [Times: user=0.03 sys=0.00, real=0.03 secs] 
2021-01-22T00:50:22.040+0800: 23.537: [GC (Allocation Failure) 2021-01-22T00:50:22.041+0800: 23.538: [DefNew: 629119K->69887K(629120K), 0.0301286 secs] 1537410K->1108243K(2027264K), 0.0308364 secs] [Times: user=0.03 sys=0.00, real=0.03 secs] 
2021-01-22T00:50:22.154+0800: 23.651: [GC (Allocation Failure) 2021-01-22T00:50:22.155+0800: 23.652: [DefNew: 629119K->69887K(629120K), 0.0297547 secs] 1667475K->1236046K(2027264K), 0.0304958 secs] [Times: user=0.03 sys=0.00, real=0.03 secs] 
2021-01-22T00:50:22.263+0800: 23.760: [GC (Allocation Failure) 2021-01-22T00:50:22.263+0800: 23.760: [DefNew: 629119K->69887K(629120K), 0.0280699 secs] 1795278K->1352971K(2027264K), 0.0289141 secs] [Times: user=0.03 sys=0.00, real=0.03 secs] 
2021-01-22T00:50:22.368+0800: 23.865: [GC (Allocation Failure) 2021-01-22T00:50:22.368+0800: 23.865: [DefNew: 629119K->629119K(629120K), 0.0002736 secs]2021-01-22T00:50:22.369+0800: 23.866: [Tenured: 1283083K->451058K(1398144K), 0.0649550 secs] 1912203K->451058K(2027264K), [Metaspace: 2817K->2817K(1056768K)], 0.0663453 secs] [Times: user=0.07 sys=0.00, real=0.07 secs] 
2021-01-22T00:50:22.506+0800: 24.003: [GC (Allocation Failure) 2021-01-22T00:50:22.507+0800: 24.004: [DefNew: 559232K->69887K(629120K), 0.0192616 secs] 1010290K->607985K(2027264K), 0.0200912 secs] [Times: user=0.02 sys=0.00, real=0.02 secs] 
2021-01-22T00:50:22.594+0800: 24.091: [GC (Allocation Failure) 2021-01-22T00:50:22.595+0800: 24.092: [DefNew: 629119K->69888K(629120K), 0.0251846 secs] 1167217K->728955K(2027264K), 0.0260349 secs] [Times: user=0.03 sys=0.00, real=0.03 secs] 
2021-01-22T00:50:22.708+0800: 24.205: [GC (Allocation Failure) 2021-01-22T00:50:22.708+0800: 24.205: [DefNew: 629120K->69888K(629120K), 0.0332787 secs] 1288187K->865863K(2027264K), 0.0342073 secs] [Times: user=0.03 sys=0.00, real=0.04 secs] 
2021-01-22T00:50:22.813+0800: 24.310: [GC (Allocation Failure) 2021-01-22T00:50:22.814+0800: 24.311: [DefNew: 629120K->69887K(629120K), 0.0260334 secs] 1425095K->998228K(2027264K), 0.0269552 secs] [Times: user=0.03 sys=0.00, real=0.03 secs] 
2021-01-22T00:50:22.907+0800: 24.404: [GC (Allocation Failure) 2021-01-22T00:50:22.908+0800: 24.405: [DefNew: 629119K->69887K(629120K), 0.0236918 secs] 1557460K->1119488K(2027264K), 0.0246579 secs] [Times: user=0.03 sys=0.00, real=0.03 secs] 
2021-01-22T00:50:23.001+0800: 24.498: [GC (Allocation Failure) 2021-01-22T00:50:23.001+0800: 24.498: [DefNew: 629119K->69887K(629120K), 0.0260002 secs] 1678720K->1238018K(2027264K), 0.0268159 secs] [Times: user=0.03 sys=0.00, real=0.02 secs] 
2021-01-22T00:50:23.101+0800: 24.598: [GC (Allocation Failure) 2021-01-22T00:50:23.102+0800: 24.599: [DefNew: 629119K->69887K(629120K), 0.0316878 secs] 1797250K->1371560K(2027264K), 0.0327386 secs] [Times: user=0.04 sys=0.00, real=0.03 secs] 
2021-01-22T00:50:23.211+0800: 24.708: [GC (Allocation Failure) 2021-01-22T00:50:23.212+0800: 24.709: [DefNew: 629119K->629119K(629120K), 0.0003491 secs]2021-01-22T00:50:23.213+0800: 24.710: [Tenured: 1301672K->377418K(1398144K), 0.0578891 secs] 1930792K->377418K(2027264K), [Metaspace: 2817K->2817K(1056768K)], 0.0594221 secs] [Times: user=0.06 sys=0.00, real=0.06 secs] 
2021-01-22T00:50:23.350+0800: 24.847: [GC (Allocation Failure) 2021-01-22T00:50:23.350+0800: 24.847: [DefNew: 559232K->69887K(629120K), 0.0211730 secs] 936650K->531108K(2027264K), 0.0221191 secs] [Times: user=0.02 sys=0.00, real=0.02 secs] 
2021-01-22T00:50:23.444+0800: 24.941: [GC (Allocation Failure) 2021-01-22T00:50:23.444+0800: 24.941: [DefNew: 629119K->69888K(629120K), 0.0257694 secs] 1090340K->661429K(2027264K), 0.0265371 secs] [Times: user=0.03 sys=0.00, real=0.03 secs] 
2021-01-22T00:50:23.542+0800: 25.039: [GC (Allocation Failure) 2021-01-22T00:50:23.542+0800: 25.039: [DefNew: 629120K->69887K(629120K), 0.0264056 secs] 1220661K->786975K(2027264K), 0.0271512 secs] [Times: user=0.02 sys=0.00, real=0.03 secs] 
2021-01-22T00:50:23.643+0800: 25.140: [GC (Allocation Failure) 2021-01-22T00:50:23.643+0800: 25.140: [DefNew: 629119K->69887K(629120K), 0.0251852 secs] 1346207K->909644K(2027264K), 0.0260907 secs] [Times: user=0.02 sys=0.00, real=0.03 secs] 
2021-01-22T00:50:23.734+0800: 25.231: [GC (Allocation Failure) 2021-01-22T00:50:23.734+0800: 25.231: [DefNew: 629119K->69887K(629120K), 0.0264098 secs] 1468876K->1052846K(2027264K), 0.0273551 secs] [Times: user=0.02 sys=0.00, real=0.03 secs] 
2021-01-22T00:50:23.831+0800: 25.328: [GC (Allocation Failure) 2021-01-22T00:50:23.832+0800: 25.329: [DefNew: 629119K->69887K(629120K), 0.0250386 secs] 1612078K->1177905K(2027264K), 0.0257918 secs] [Times: user=0.03 sys=0.00, real=0.02 secs] 
2021-01-22T00:50:23.923+0800: 25.420: [GC (Allocation Failure) 2021-01-22T00:50:23.923+0800: 25.420: [DefNew: 629119K->69887K(629120K), 0.0238222 secs] 1737137K->1292687K(2027264K), 0.0247118 secs] [Times: user=0.03 sys=0.00, real=0.02 secs] 
2021-01-22T00:50:24.017+0800: 25.514: [GC (Allocation Failure) 2021-01-22T00:50:24.017+0800: 25.514: [DefNew: 629119K->69887K(629120K), 0.0231654 secs] 1851919K->1413981K(2027264K), 0.0240743 secs] [Times: user=0.02 sys=0.00, real=0.03 secs] 
2021-01-22T00:50:24.107+0800: 25.604: [GC (Allocation Failure) 2021-01-22T00:50:24.108+0800: 25.605: [DefNew: 629119K->629119K(629120K), 0.0004044 secs]2021-01-22T00:50:24.108+0800: 25.605: [Tenured: 1344093K->380772K(1398144K), 0.0493706 secs] 1973213K->380772K(2027264K), [Metaspace: 2817K->2817K(1056768K)], 0.0512100 secs] [Times: user=0.05 sys=0.00, real=0.06 secs] 
2021-01-22T00:50:24.226+0800: 25.723: [GC (Allocation Failure) 2021-01-22T00:50:24.227+0800: 25.724: [DefNew: 559232K->69886K(629120K), 0.0200186 secs] 940004K->529803K(2027264K), 0.0208554 secs] [Times: user=0.02 sys=0.00, real=0.02 secs] 
2021-01-22T00:50:24.320+0800: 25.817: [GC (Allocation Failure) 2021-01-22T00:50:24.320+0800: 25.817: [DefNew: 629118K->69888K(629120K), 0.0245441 secs] 1089035K->654385K(2027264K), 0.0254994 secs] [Times: user=0.03 sys=0.00, real=0.02 secs] 
2021-01-22T00:50:24.415+0800: 25.912: [GC (Allocation Failure) 2021-01-22T00:50:24.416+0800: 25.913: [DefNew: 629120K->69888K(629120K), 0.0230671 secs] 1213617K->772401K(2027264K), 0.0240973 secs] [Times: user=0.02 sys=0.00, real=0.03 secs] 
2021-01-22T00:50:24.507+0800: 26.004: [GC (Allocation Failure) 2021-01-22T00:50:24.508+0800: 26.005: [DefNew: 629120K->69888K(629120K), 0.0218337 secs] 1331633K->889290K(2027264K), 0.0228238 secs] [Times: user=0.02 sys=0.00, real=0.03 secs] 
2021-01-22T00:50:24.595+0800: 26.092: [GC (Allocation Failure) 2021-01-22T00:50:24.596+0800: 26.093: [DefNew: 629120K->69886K(629120K), 0.0261472 secs] 1448522K->1017442K(2027264K), 0.0270604 secs] [Times: user=0.03 sys=0.00, real=0.03 secs] 
2021-01-22T00:50:24.691+0800: 26.188: [GC (Allocation Failure) 2021-01-22T00:50:24.691+0800: 26.188: [DefNew: 629118K->69887K(629120K), 0.0246760 secs] 1576674K->1139328K(2027264K), 0.0254765 secs] [Times: user=0.02 sys=0.00, real=0.02 secs] 
2021-01-22T00:50:24.780+0800: 26.277: [GC (Allocation Failure) 2021-01-22T00:50:24.781+0800: 26.278: [DefNew: 629119K->69887K(629120K), 0.0252052 secs] 1698560K->1268865K(2027264K), 0.0261805 secs] [Times: user=0.02 sys=0.00, real=0.02 secs] 
2021-01-22T00:50:24.874+0800: 26.371: [GC (Allocation Failure) 2021-01-22T00:50:24.875+0800: 26.372: [DefNew: 629119K->69887K(629120K), 0.0282054 secs] 1828097K->1408896K(2027264K), 0.0292411 secs] [Times: user=0.03 sys=0.00, real=0.03 secs] 
2021-01-22T00:50:24.976+0800: 26.473: [GC (Allocation Failure) 2021-01-22T00:50:24.976+0800: 26.473: [DefNew: 629119K->629119K(629120K), 0.0003045 secs]2021-01-22T00:50:24.977+0800: 26.474: [Tenured: 1339008K->416683K(1398144K), 0.0789028 secs] 1968128K->416683K(2027264K), [Metaspace: 2817K->2817K(1056768K)], 0.0803774 secs] [Times: user=0.08 sys=0.00, real=0.08 secs] 
2021-01-22T00:50:25.126+0800: 26.623: [GC (Allocation Failure) 2021-01-22T00:50:25.126+0800: 26.623: [DefNew: 559232K->69887K(629120K), 0.0194996 secs] 975915K->568070K(2027264K), 0.0202855 secs] [Times: user=0.02 sys=0.00, real=0.02 secs] 
2021-01-22T00:50:25.227+0800: 26.724: [GC (Allocation Failure) 2021-01-22T00:50:25.227+0800: 26.724: [DefNew: 629119K->69888K(629120K), 0.0303032 secs] 1127302K->688220K(2027264K), 0.0310939 secs] [Times: user=0.03 sys=0.00, real=0.04 secs] 
2021-01-22T00:50:25.340+0800: 26.837: [GC (Allocation Failure) 2021-01-22T00:50:25.340+0800: 26.837: [DefNew: 629120K->69887K(629120K), 0.0342794 secs] 1247452K->815768K(2027264K), 0.0350376 secs] [Times: user=0.03 sys=0.00, real=0.03 secs] 
2021-01-22T00:50:25.461+0800: 26.958: [GC (Allocation Failure) 2021-01-22T00:50:25.461+0800: 26.958: [DefNew: 629119K->69887K(629120K), 0.0352284 secs] 1375000K->952612K(2027264K), 0.0358569 secs] [Times: user=0.03 sys=0.00, real=0.03 secs] 
2021-01-22T00:50:25.578+0800: 27.075: [GC (Allocation Failure) 2021-01-22T00:50:25.578+0800: 27.075: [DefNew: 629119K->69887K(629120K), 0.0343504 secs] 1511844K->1087609K(2027264K), 0.0350256 secs] [Times: user=0.04 sys=0.00, real=0.04 secs] 
2021-01-22T00:50:25.704+0800: 27.201: [GC (Allocation Failure) 2021-01-22T00:50:25.704+0800: 27.201: [DefNew: 628795K->69887K(629120K), 0.0261256 secs] 1646517K->1212866K(2027264K), 0.0267450 secs] [Times: user=0.03 sys=0.00, real=0.03 secs] 
2021-01-22T00:50:25.808+0800: 27.305: [GC (Allocation Failure) 2021-01-22T00:50:25.808+0800: 27.305: [DefNew: 629119K->69887K(629120K), 0.0262764 secs] 1772098K->1332181K(2027264K), 0.0269133 secs] [Times: user=0.03 sys=0.00, real=0.03 secs] 
2021-01-22T00:50:25.904+0800: 27.401: [GC (Allocation Failure) 2021-01-22T00:50:25.904+0800: 27.401: [DefNew: 629119K->629119K(629120K), 0.0003260 secs]2021-01-22T00:50:25.905+0800: 27.402: [Tenured: 1262293K->456787K(1398144K), 0.0541293 secs] 1891413K->456787K(2027264K), [Metaspace: 2817K->2817K(1056768K)], 0.0556859 secs] [Times: user=0.05 sys=0.00, real=0.06 secs] 
2021-01-22T00:50:26.033+0800: 27.530: [GC (Allocation Failure) 2021-01-22T00:50:26.033+0800: 27.530: [DefNew: 559232K->69887K(629120K), 0.0226578 secs] 1016019K->610408K(2027264K), 0.0235996 secs] [Times: user=0.03 sys=0.00, real=0.02 secs] 
2021-01-22T00:50:26.131+0800: 27.628: [GC (Allocation Failure) 2021-01-22T00:50:26.131+0800: 27.628: [DefNew: 629119K->69888K(629120K), 0.0269136 secs] 1169640K->735422K(2027264K), 0.0278013 secs] [Times: user=0.03 sys=0.00, real=0.03 secs] 
2021-01-22T00:50:26.230+0800: 27.727: [GC (Allocation Failure) 2021-01-22T00:50:26.230+0800: 27.727: [DefNew: 629120K->69887K(629120K), 0.0246622 secs] 1294654K->860905K(2027264K), 0.0256952 secs] [Times: user=0.02 sys=0.00, real=0.02 secs] 
2021-01-22T00:50:26.324+0800: 27.821: [GC (Allocation Failure) 2021-01-22T00:50:26.324+0800: 27.821: [DefNew: 629119K->69887K(629120K), 0.0249598 secs] 1420137K->988356K(2027264K), 0.0258038 secs] [Times: user=0.03 sys=0.00, real=0.03 secs] 
2021-01-22T00:50:26.429+0800: 27.926: [GC (Allocation Failure) 2021-01-22T00:50:26.430+0800: 27.927: [DefNew: 629119K->69888K(629120K), 0.0297963 secs] 1547588K->1119509K(2027264K), 0.0307461 secs] [Times: user=0.03 sys=0.00, real=0.03 secs] 
2021-01-22T00:50:26.527+0800: 28.024: [GC (Allocation Failure) 2021-01-22T00:50:26.527+0800: 28.024: [DefNew: 629120K->69887K(629120K), 0.0259494 secs] 1678741K->1242518K(2027264K), 0.0268036 secs] [Times: user=0.03 sys=0.00, real=0.03 secs] 
2021-01-22T00:50:26.628+0800: 28.125: [GC (Allocation Failure) 2021-01-22T00:50:26.629+0800: 28.126: [DefNew: 629119K->69887K(629120K), 0.0241883 secs] 1801750K->1359657K(2027264K), 0.0251604 secs] [Times: user=0.02 sys=0.00, real=0.02 secs] 
2021-01-22T00:50:26.726+0800: 28.223: [GC (Allocation Failure) 2021-01-22T00:50:26.727+0800: 28.224: [DefNew: 629119K->629119K(629120K), 0.0003300 secs]2021-01-22T00:50:26.727+0800: 28.224: [Tenured: 1289769K->379180K(1398144K), 0.0566668 secs] 1918889K->379180K(2027264K), [Metaspace: 2817K->2817K(1056768K)], 0.0582269 secs] [Times: user=0.05 sys=0.00, real=0.06 secs] 
2021-01-22T00:50:26.855+0800: 28.352: [GC (Allocation Failure) 2021-01-22T00:50:26.856+0800: 28.353: [DefNew: 559232K->69888K(629120K), 0.0219027 secs] 938412K->536788K(2027264K), 0.0227485 secs] [Times: user=0.03 sys=0.00, real=0.02 secs] 
2021-01-22T00:50:26.953+0800: 28.450: [GC (Allocation Failure) 2021-01-22T00:50:26.954+0800: 28.451: [DefNew: 629120K->69887K(629120K), 0.0246523 secs] 1096020K->664825K(2027264K), 0.0254686 secs] [Times: user=0.03 sys=0.00, real=0.03 secs] 
2021-01-22T00:50:27.051+0800: 28.548: [GC (Allocation Failure) 2021-01-22T00:50:27.052+0800: 28.549: [DefNew: 629119K->69887K(629120K), 0.0339637 secs] 1224057K->802811K(2027264K), 0.0348997 secs] [Times: user=0.03 sys=0.00, real=0.03 secs] 
2021-01-22T00:50:27.154+0800: 28.651: [GC (Allocation Failure) 2021-01-22T00:50:27.155+0800: 28.652: [DefNew: 629119K->69887K(629120K), 0.0289190 secs] 1362043K->932285K(2027264K), 0.0299325 secs] [Times: user=0.03 sys=0.00, real=0.03 secs] 
2021-01-22T00:50:27.258+0800: 28.755: [GC (Allocation Failure) 2021-01-22T00:50:27.259+0800: 28.756: [DefNew: 628603K->69888K(629120K), 0.0304572 secs] 1491000K->1067818K(2027264K), 0.0312506 secs] [Times: user=0.03 sys=0.00, real=0.03 secs] 
2021-01-22T00:50:27.365+0800: 28.862: [GC (Allocation Failure) 2021-01-22T00:50:27.366+0800: 28.863: [DefNew: 629120K->69888K(629120K), 0.0272290 secs] 1627050K->1193385K(2027264K), 0.0280954 secs] [Times: user=0.02 sys=0.00, real=0.03 secs] 
2021-01-22T00:50:27.466+0800: 28.963: [GC (Allocation Failure) 2021-01-22T00:50:27.467+0800: 28.964: [DefNew: 629120K->69887K(629120K), 0.0260496 secs] 1752617K->1325007K(2027264K), 0.0268649 secs] [Times: user=0.02 sys=0.00, real=0.03 secs] 
2021-01-22T00:50:27.555+0800: 29.052: [GC (Allocation Failure) 2021-01-22T00:50:27.555+0800: 29.052: [DefNew: 629119K->629119K(629120K), 0.0003010 secs]2021-01-22T00:50:27.556+0800: 29.053: [Tenured: 1255119K->369054K(1398144K), 0.0540044 secs] 1884239K->369054K(2027264K), [Metaspace: 2817K->2817K(1056768K)], 0.0553641 secs] [Times: user=0.06 sys=0.00, real=0.06 secs] 
2021-01-22T00:50:27.704+0800: 29.201: [GC (Allocation Failure) 2021-01-22T00:50:27.705+0800: 29.202: [DefNew: 559232K->69886K(629120K), 0.0338248 secs] 928286K->525650K(2027264K), 0.0348591 secs] [Times: user=0.04 sys=0.00, real=0.04 secs] 
2021-01-22T00:50:27.837+0800: 29.334: [GC (Allocation Failure) 2021-01-22T00:50:27.838+0800: 29.335: [DefNew: 629118K->69887K(629120K), 0.0347916 secs] 1084882K->639899K(2027264K), 0.0358348 secs] [Times: user=0.04 sys=0.00, real=0.04 secs] 
2021-01-22T00:50:27.957+0800: 29.454: [GC (Allocation Failure) 2021-01-22T00:50:27.957+0800: 29.454: [DefNew: 629119K->69887K(629120K), 0.0517160 secs] 1199131K->767315K(2027264K), 0.0526528 secs] [Times: user=0.05 sys=0.00, real=0.06 secs] 
2021-01-22T00:50:28.099+0800: 29.596: [GC (Allocation Failure) 2021-01-22T00:50:28.100+0800: 29.597: [DefNew: 629119K->69887K(629120K), 0.0267030 secs] 1326547K->888405K(2027264K), 0.0275489 secs] [Times: user=0.03 sys=0.00, real=0.02 secs] 
2021-01-22T00:50:28.189+0800: 29.686: [GC (Allocation Failure) 2021-01-22T00:50:28.190+0800: 29.687: [DefNew: 629119K->69887K(629120K), 0.0230845 secs] 1447637K->1018663K(2027264K), 0.0239480 secs] [Times: user=0.02 sys=0.00, real=0.02 secs] 
2021-01-22T00:50:28.285+0800: 29.782: [GC (Allocation Failure) 2021-01-22T00:50:28.285+0800: 29.782: [DefNew: 629119K->69887K(629120K), 0.0254129 secs] 1577895K->1143732K(2027264K), 0.0262274 secs] [Times: user=0.02 sys=0.00, real=0.03 secs] 
2021-01-22T00:50:28.376+0800: 29.873: [GC (Allocation Failure) 2021-01-22T00:50:28.377+0800: 29.874: [DefNew: 629119K->69887K(629120K), 0.0343507 secs] 1702964K->1264982K(2027264K), 0.0358355 secs] [Times: user=0.03 sys=0.00, real=0.04 secs] 
2021-01-22T00:50:28.482+0800: 29.979: [GC (Allocation Failure) 2021-01-22T00:50:28.482+0800: 29.979: [DefNew: 629119K->69888K(629120K), 0.0246828 secs] 1824214K->1387341K(2027264K), 0.0255464 secs] [Times: user=0.02 sys=0.00, real=0.02 secs] 
2021-01-22T00:50:28.571+0800: 30.068: [GC (Allocation Failure) 2021-01-22T00:50:28.571+0800: 30.068: [DefNew: 629120K->629120K(629120K), 0.0003290 secs]2021-01-22T00:50:28.572+0800: 30.069: [Tenured: 1317453K->419783K(1398144K), 0.0483927 secs] 1946573K->419783K(2027264K), [Metaspace: 2817K->2817K(1056768K)], 0.0498556 secs] [Times: user=0.05 sys=0.00, real=0.05 secs] 
2021-01-22T00:50:28.690+0800: 30.187: [GC (Allocation Failure) 2021-01-22T00:50:28.690+0800: 30.187: [DefNew: 559232K->69887K(629120K), 0.0224336 secs] 979015K->573955K(2027264K), 0.0232908 secs] [Times: user=0.02 sys=0.00, real=0.02 secs] 
2021-01-22T00:50:28.784+0800: 30.281: [GC (Allocation Failure) 2021-01-22T00:50:28.785+0800: 30.282: [DefNew: 629119K->69888K(629120K), 0.0224358 secs] 1133187K->687358K(2027264K), 0.0231890 secs] [Times: user=0.02 sys=0.00, real=0.02 secs] 
2021-01-22T00:50:28.872+0800: 30.369: [GC (Allocation Failure) 2021-01-22T00:50:28.872+0800: 30.369: [DefNew: 629120K->69888K(629120K), 0.0230543 secs] 1246590K->804538K(2027264K), 0.0238964 secs] [Times: user=0.03 sys=0.00, real=0.02 secs] 
2021-01-22T00:50:28.966+0800: 30.463: [GC (Allocation Failure) 2021-01-22T00:50:28.966+0800: 30.463: [DefNew: 629120K->69887K(629120K), 0.0222964 secs] 1363770K->914625K(2027264K), 0.0232233 secs] [Times: user=0.02 sys=0.00, real=0.03 secs] 
2021-01-22T00:50:29.053+0800: 30.550: [GC (Allocation Failure) 2021-01-22T00:50:29.054+0800: 30.551: [DefNew: 629119K->69888K(629120K), 0.0249777 secs] 1473857K->1049562K(2027264K), 0.0258172 secs] [Times: user=0.03 sys=0.00, real=0.03 secs] 
2021-01-22T00:50:29.153+0800: 30.650: [GC (Allocation Failure) 2021-01-22T00:50:29.154+0800: 30.651: [DefNew: 629120K->69888K(629120K), 0.0255117 secs] 1608794K->1179932K(2027264K), 0.0262107 secs] [Times: user=0.03 sys=0.00, real=0.03 secs] 
2021-01-22T00:50:29.246+0800: 30.743: [GC (Allocation Failure) 2021-01-22T00:50:29.246+0800: 30.743: [DefNew: 629120K->69887K(629120K), 0.0267604 secs] 1739164K->1317697K(2027264K), 0.0276252 secs] [Times: user=0.03 sys=0.00, real=0.03 secs] 
2021-01-22T00:50:29.339+0800: 30.836: [GC (Allocation Failure) 2021-01-22T00:50:29.340+0800: 30.837: [DefNew: 628569K->628569K(629120K), 0.0003907 secs]2021-01-22T00:50:29.340+0800: 30.837: [Tenured: 1247809K->466154K(1398144K), 0.0597682 secs] 1876379K->466154K(2027264K), [Metaspace: 2817K->2817K(1056768K)], 0.0614891 secs] [Times: user=0.06 sys=0.00, real=0.06 secs] 
2021-01-22T00:50:29.474+0800: 30.971: [GC (Allocation Failure) 2021-01-22T00:50:29.474+0800: 30.971: [DefNew: 559232K->69887K(629120K), 0.0188740 secs] 1025386K->614452K(2027264K), 0.0196433 secs] [Times: user=0.02 sys=0.00, real=0.02 secs] 
2021-01-22T00:50:29.562+0800: 31.059: [GC (Allocation Failure) 2021-01-22T00:50:29.563+0800: 31.060: [DefNew: 629119K->69887K(629120K), 0.0245153 secs] 1173684K->743066K(2027264K), 0.0254150 secs] [Times: user=0.03 sys=0.00, real=0.02 secs] 
2021-01-22T00:50:29.660+0800: 31.157: [GC (Allocation Failure) 2021-01-22T00:50:29.660+0800: 31.157: [DefNew: 629119K->69888K(629120K), 0.0258968 secs] 1302298K->870630K(2027264K), 0.0268214 secs] [Times: user=0.03 sys=0.00, real=0.02 secs] 
2021-01-22T00:50:29.763+0800: 31.260: [GC (Allocation Failure) 2021-01-22T00:50:29.763+0800: 31.260: [DefNew: 629120K->69887K(629120K), 0.0261490 secs] 1429862K->995718K(2027264K), 0.0269793 secs] [Times: user=0.03 sys=0.00, real=0.03 secs] 
2021-01-22T00:50:29.868+0800: 31.365: [GC (Allocation Failure) 2021-01-22T00:50:29.868+0800: 31.365: [DefNew: 629119K->69887K(629120K), 0.0307404 secs] 1554950K->1125132K(2027264K), 0.0315055 secs] [Times: user=0.03 sys=0.00, real=0.04 secs] 
2021-01-22T00:50:29.986+0800: 31.483: [GC (Allocation Failure) 2021-01-22T00:50:29.987+0800: 31.484: [DefNew: 629119K->69888K(629120K), 0.0240560 secs] 1684364K->1256486K(2027264K), 0.0248171 secs] [Times: user=0.03 sys=0.00, real=0.03 secs] 
2021-01-22T00:50:30.083+0800: 31.580: [GC (Allocation Failure) 2021-01-22T00:50:30.083+0800: 31.580: [DefNew: 629120K->69888K(629120K), 0.0327400 secs] 1815718K->1381815K(2027264K), 0.0334425 secs] [Times: user=0.03 sys=0.00, real=0.03 secs] 
2021-01-22T00:50:30.208+0800: 31.705: [GC (Allocation Failure) 2021-01-22T00:50:30.208+0800: 31.705: [DefNew: 629120K->629120K(629120K), 0.0002458 secs]2021-01-22T00:50:30.209+0800: 31.706: [Tenured: 1311927K->364262K(1398144K), 0.1014143 secs] 1941047K->364262K(2027264K), [Metaspace: 2817K->2817K(1056768K)], 0.1286932 secs] [Times: user=0.10 sys=0.00, real=0.14 secs] 
2021-01-22T00:50:30.496+0800: 31.993: [GC (Allocation Failure) 2021-01-22T00:50:30.497+0800: 31.994: [DefNew: 559232K->69887K(629120K), 0.0426431 secs] 923494K->514754K(2027264K), 0.0444405 secs] [Times: user=0.05 sys=0.00, real=0.05 secs] 
2021-01-22T00:50:30.664+0800: 32.161: [GC (Allocation Failure) 2021-01-22T00:50:30.665+0800: 32.162: [DefNew: 629119K->69888K(629120K), 0.0423959 secs] 1073986K->640982K(2027264K), 0.0446166 secs] [Times: user=0.04 sys=0.00, real=0.05 secs] 
2021-01-22T00:50:30.815+0800: 32.312: [GC (Allocation Failure) 2021-01-22T00:50:30.816+0800: 32.313: [DefNew: 629120K->69887K(629120K), 0.0293084 secs] 1200214K->763291K(2027264K), 0.0299932 secs] [Times: user=0.03 sys=0.00, real=0.03 secs] 
2021-01-22T00:50:30.923+0800: 32.420: [GC (Allocation Failure) 2021-01-22T00:50:30.923+0800: 32.420: [DefNew: 629119K->69888K(629120K), 0.0310235 secs] 1322523K->887347K(2027264K), 0.0316450 secs] [Times: user=0.03 sys=0.00, real=0.03 secs] 
2021-01-22T00:50:31.022+0800: 32.519: [GC (Allocation Failure) 2021-01-22T00:50:31.023+0800: 32.520: [DefNew: 629120K->69885K(629120K), 0.0257435 secs] 1446579K->1018574K(2027264K), 0.0263471 secs] [Times: user=0.03 sys=0.00, real=0.03 secs] 
2021-01-22T00:50:31.119+0800: 32.616: [GC (Allocation Failure) 2021-01-22T00:50:31.119+0800: 32.616: [DefNew: 629117K->69887K(629120K), 0.0260295 secs] 1577806K->1146769K(2027264K), 0.0266659 secs] [Times: user=0.02 sys=0.00, real=0.02 secs] 
2021-01-22T00:50:31.217+0800: 32.714: [GC (Allocation Failure) 2021-01-22T00:50:31.217+0800: 32.714: [DefNew: 629119K->69887K(629120K), 0.0258677 secs] 1706001K->1262217K(2027264K), 0.0265552 secs] [Times: user=0.03 sys=0.00, real=0.03 secs] 
2021-01-22T00:50:31.315+0800: 32.812: [GC (Allocation Failure) 2021-01-22T00:50:31.315+0800: 32.812: [DefNew: 629119K->69888K(629120K), 0.0253987 secs] 1821449K->1392405K(2027264K), 0.0260610 secs] [Times: user=0.03 sys=0.00, real=0.03 secs] 
2021-01-22T00:50:31.409+0800: 32.906: [GC (Allocation Failure) 2021-01-22T00:50:31.409+0800: 32.906: [DefNew: 629120K->629120K(629120K), 0.0002692 secs]2021-01-22T00:50:31.410+0800: 32.907: [Tenured: 1322517K->378509K(1398144K), 0.0524234 secs] 1951637K->378509K(2027264K), [Metaspace: 2817K->2817K(1056768K)], 0.0537382 secs] [Times: user=0.06 sys=0.00, real=0.05 secs] 
2021-01-22T00:50:31.536+0800: 33.033: [GC (Allocation Failure) 2021-01-22T00:50:31.536+0800: 33.033: [DefNew: 559232K->69887K(629120K), 0.0186632 secs] 937741K->520992K(2027264K), 0.0195091 secs] [Times: user=0.02 sys=0.00, real=0.02 secs] 
2021-01-22T00:50:31.621+0800: 33.118: [GC (Allocation Failure) 2021-01-22T00:50:31.621+0800: 33.118: [DefNew: 629119K->69887K(629120K), 0.0248309 secs] 1080224K->650400K(2027264K), 0.0255192 secs] [Times: user=0.03 sys=0.00, real=0.02 secs] 
2021-01-22T00:50:31.712+0800: 33.209: [GC (Allocation Failure) 2021-01-22T00:50:31.712+0800: 33.209: [DefNew: 629119K->69887K(629120K), 0.0247870 secs] 1209632K->770296K(2027264K), 0.0256207 secs] [Times: user=0.03 sys=0.00, real=0.02 secs] 
2021-01-22T00:50:31.805+0800: 33.302: [GC (Allocation Failure) 2021-01-22T00:50:31.806+0800: 33.303: [DefNew: 629119K->69887K(629120K), 0.0238171 secs] 1329528K->890805K(2027264K), 0.0248353 secs] [Times: user=0.03 sys=0.00, real=0.03 secs] 
2021-01-22T00:50:31.896+0800: 33.393: [GC (Allocation Failure) 2021-01-22T00:50:31.896+0800: 33.393: [DefNew: 629119K->69887K(629120K), 0.0253906 secs] 1450037K->1007511K(2027264K), 0.0261802 secs] [Times: user=0.03 sys=0.00, real=0.03 secs] 
2021-01-22T00:50:31.988+0800: 33.485: [GC (Allocation Failure) 2021-01-22T00:50:31.988+0800: 33.485: [DefNew: 629119K->69887K(629120K), 0.0252356 secs] 1566743K->1133121K(2027264K), 0.0260509 secs] [Times: user=0.03 sys=0.00, real=0.03 secs] 
2021-01-22T00:50:32.080+0800: 33.577: [GC (Allocation Failure) 2021-01-22T00:50:32.080+0800: 33.577: [DefNew: 629119K->69887K(629120K), 0.0254558 secs] 1692353K->1268643K(2027264K), 0.0262875 secs] [Times: user=0.03 sys=0.00, real=0.02 secs] 
2021-01-22T00:50:32.174+0800: 33.671: [GC (Allocation Failure) 2021-01-22T00:50:32.174+0800: 33.671: [DefNew: 629119K->69888K(629120K), 0.0256391 secs] 1827875K->1391552K(2027264K), 0.0264323 secs] [Times: user=0.02 sys=0.00, real=0.03 secs] 
2021-01-22T00:50:32.264+0800: 33.761: [GC (Allocation Failure) 2021-01-22T00:50:32.265+0800: 33.762: [DefNew: 629120K->629120K(629120K), 0.0003253 secs]2021-01-22T00:50:32.265+0800: 33.762: [Tenured: 1321664K->398951K(1398144K), 0.0530026 secs] 1950784K->398951K(2027264K), [Metaspace: 2817K->2817K(1056768K)], 0.0544116 secs] [Times: user=0.05 sys=0.00, real=0.06 secs] 
2021-01-22T00:50:32.387+0800: 33.884: [GC (Allocation Failure) 2021-01-22T00:50:32.388+0800: 33.885: [DefNew: 559232K->69887K(629120K), 0.0210388 secs] 958183K->549394K(2027264K), 0.0218302 secs] [Times: user=0.02 sys=0.00, real=0.03 secs] 
2021-01-22T00:50:32.485+0800: 33.982: [GC (Allocation Failure) 2021-01-22T00:50:32.486+0800: 33.983: [DefNew: 629119K->69887K(629120K), 0.0285655 secs] 1108626K->671219K(2027264K), 0.0292726 secs] [Times: user=0.03 sys=0.00, real=0.03 secs] 
2021-01-22T00:50:32.600+0800: 34.097: [GC (Allocation Failure) 2021-01-22T00:50:32.600+0800: 34.097: [DefNew: 629119K->69887K(629120K), 0.0328649 secs] 1230451K->795176K(2027264K), 0.0334881 secs] [Times: user=0.03 sys=0.00, real=0.03 secs] 
2021-01-22T00:50:32.715+0800: 34.212: [GC (Allocation Failure) 2021-01-22T00:50:32.715+0800: 34.212: [DefNew: 629119K->69887K(629120K), 0.0263016 secs] 1354408K->924981K(2027264K), 0.0268751 secs] [Times: user=0.03 sys=0.00, real=0.03 secs] 
2021-01-22T00:50:32.811+0800: 34.308: [GC (Allocation Failure) 2021-01-22T00:50:32.812+0800: 34.309: [DefNew: 629119K->69888K(629120K), 0.0267238 secs] 1484213K->1062941K(2027264K), 0.0273248 secs] [Times: user=0.02 sys=0.00, real=0.03 secs] 
2021-01-22T00:50:32.907+0800: 34.404: [GC (Allocation Failure) 2021-01-22T00:50:32.907+0800: 34.404: [DefNew: 629120K->69887K(629120K), 0.0288018 secs] 1622173K->1192055K(2027264K), 0.0296206 secs] [Times: user=0.03 sys=0.00, real=0.03 secs] 
2021-01-22T00:50:33.014+0800: 34.511: [GC (Allocation Failure) 2021-01-22T00:50:33.014+0800: 34.511: [DefNew: 629119K->69887K(629120K), 0.0268881 secs] 1751287K->1316842K(2027264K), 0.0278566 secs] [Times: user=0.02 sys=0.00, real=0.03 secs] 
2021-01-22T00:50:33.111+0800: 34.608: [GC (Allocation Failure) 2021-01-22T00:50:33.112+0800: 34.609: [DefNew: 629119K->629119K(629120K), 0.0003614 secs]2021-01-22T00:50:33.112+0800: 34.609: [Tenured: 1246954K->434549K(1398144K), 0.0497849 secs] 1876074K->434549K(2027264K), [Metaspace: 2817K->2817K(1056768K)], 0.0511469 secs] [Times: user=0.05 sys=0.00, real=0.05 secs] 
2021-01-22T00:50:33.228+0800: 34.725: [GC (Allocation Failure) 2021-01-22T00:50:33.228+0800: 34.725: [DefNew: 559232K->69887K(629120K), 0.0190895 secs] 993781K->580685K(2027264K), 0.0198590 secs] [Times: user=0.02 sys=0.00, real=0.02 secs] 
2021-01-22T00:50:33.319+0800: 34.816: [GC (Allocation Failure) 2021-01-22T00:50:33.319+0800: 34.816: [DefNew: 629119K->69887K(629120K), 0.0262106 secs] 1139917K->700075K(2027264K), 0.0270910 secs] [Times: user=0.02 sys=0.00, real=0.02 secs] 
2021-01-22T00:50:33.415+0800: 34.912: [GC (Allocation Failure) 2021-01-22T00:50:33.415+0800: 34.912: [DefNew: 629119K->69887K(629120K), 0.0239863 secs] 1259307K->811336K(2027264K), 0.0247967 secs] [Times: user=0.03 sys=0.00, real=0.03 secs] 
2021-01-22T00:50:33.501+0800: 34.998: [GC (Allocation Failure) 2021-01-22T00:50:33.502+0800: 34.999: [DefNew: 629119K->69887K(629120K), 0.0227743 secs] 1370568K->933349K(2027264K), 0.0236119 secs] [Times: user=0.02 sys=0.00, real=0.02 secs] 
2021-01-22T00:50:33.592+0800: 35.089: [GC (Allocation Failure) 2021-01-22T00:50:33.592+0800: 35.089: [DefNew: 629119K->69887K(629120K), 0.0232029 secs] 1492581K->1050069K(2027264K), 0.0242416 secs] [Times: user=0.02 sys=0.00, real=0.02 secs] 
2021-01-22T00:50:33.680+0800: 35.177: [GC (Allocation Failure) 2021-01-22T00:50:33.681+0800: 35.178: [DefNew: 629119K->69887K(629120K), 0.0256199 secs] 1609301K->1170043K(2027264K), 0.0265169 secs] [Times: user=0.03 sys=0.00, real=0.02 secs] 
2021-01-22T00:50:33.787+0800: 35.284: [GC (Allocation Failure) 2021-01-22T00:50:33.787+0800: 35.284: [DefNew: 629119K->69887K(629120K), 0.0268407 secs] 1729275K->1284571K(2027264K), 0.0279404 secs] [Times: user=0.02 sys=0.00, real=0.03 secs] 
2021-01-22T00:50:33.890+0800: 35.387: [GC (Allocation Failure) 2021-01-22T00:50:33.890+0800: 35.387: [DefNew: 629119K->69887K(629120K), 0.0272377 secs] 1843803K->1414488K(2027264K), 0.0280545 secs] [Times: user=0.03 sys=0.00, real=0.02 secs] 
2021-01-22T00:50:33.998+0800: 35.495: [GC (Allocation Failure) 2021-01-22T00:50:33.999+0800: 35.496: [DefNew: 628550K->628550K(629120K), 0.0002948 secs]2021-01-22T00:50:33.999+0800: 35.496: [Tenured: 1344600K->378394K(1398144K), 0.0561759 secs] 1973150K->378394K(2027264K), [Metaspace: 2817K->2817K(1056768K)], 0.0573925 secs] [Times: user=0.05 sys=0.00, real=0.05 secs] 
2021-01-22T00:50:34.149+0800: 35.646: [GC (Allocation Failure) 2021-01-22T00:50:34.150+0800: 35.647: [DefNew: 559232K->69888K(629120K), 0.0225747 secs] 937626K->528466K(2027264K), 0.0232126 secs] [Times: user=0.02 sys=0.00, real=0.02 secs] 
2021-01-22T00:50:34.246+0800: 35.743: [GC (Allocation Failure) 2021-01-22T00:50:34.247+0800: 35.744: [DefNew: 629120K->69887K(629120K), 0.0292509 secs] 1087698K->655606K(2027264K), 0.0299071 secs] [Times: user=0.03 sys=0.00, real=0.03 secs] 
2021-01-22T00:50:34.350+0800: 35.847: [GC (Allocation Failure) 2021-01-22T00:50:34.351+0800: 35.848: [DefNew: 629119K->69887K(629120K), 0.0281149 secs] 1214838K->788536K(2027264K), 0.0286746 secs] [Times: user=0.02 sys=0.00, real=0.03 secs] 
2021-01-22T00:50:34.461+0800: 35.958: [GC (Allocation Failure) 2021-01-22T00:50:34.461+0800: 35.958: [DefNew: 629119K->69888K(629120K), 0.0254036 secs] 1347768K->905438K(2027264K), 0.0259550 secs] [Times: user=0.02 sys=0.00, real=0.02 secs] 
2021-01-22T00:50:34.563+0800: 36.060: [GC (Allocation Failure) 2021-01-22T00:50:34.563+0800: 36.060: [DefNew: 629120K->69888K(629120K), 0.0269375 secs] 1464670K->1030424K(2027264K), 0.0275915 secs] [Times: user=0.02 sys=0.00, real=0.03 secs] 
2021-01-22T00:50:34.674+0800: 36.171: [GC (Allocation Failure) 2021-01-22T00:50:34.675+0800: 36.172: [DefNew: 629120K->69887K(629120K), 0.0263066 secs] 1589656K->1154697K(2027264K), 0.0271815 secs] [Times: user=0.02 sys=0.00, real=0.03 secs] 
2021-01-22T00:50:34.781+0800: 36.278: [GC (Allocation Failure) 2021-01-22T00:50:34.781+0800: 36.278: [DefNew: 629119K->69887K(629120K), 0.0251222 secs] 1713929K->1277881K(2027264K), 0.0257198 secs] [Times: user=0.03 sys=0.00, real=0.02 secs] 
2021-01-22T00:50:34.894+0800: 36.391: [GC (Allocation Failure) 2021-01-22T00:50:34.894+0800: 36.391: [DefNew: 629119K->69887K(629120K), 0.0265636 secs] 1837113K->1396705K(2027264K), 0.0272411 secs] [Times: user=0.03 sys=0.00, real=0.03 secs] 
2021-01-22T00:50:34.990+0800: 36.487: [GC (Allocation Failure) 2021-01-22T00:50:34.990+0800: 36.487: [DefNew: 629119K->629119K(629120K), 0.0001532 secs]2021-01-22T00:50:34.990+0800: 36.487: [Tenured: 1326817K->377947K(1398144K), 0.0458736 secs] 1955937K->377947K(2027264K), [Metaspace: 2817K->2817K(1056768K)], 0.0466805 secs] [Times: user=0.05 sys=0.00, real=0.04 secs] 
2021-01-22T00:50:35.104+0800: 36.601: [GC (Allocation Failure) 2021-01-22T00:50:35.105+0800: 36.602: [DefNew: 559232K->69887K(629120K), 0.0209981 secs] 937179K->533536K(2027264K), 0.0218200 secs] [Times: user=0.02 sys=0.00, real=0.02 secs] 
2021-01-22T00:50:35.199+0800: 36.696: [GC (Allocation Failure) 2021-01-22T00:50:35.200+0800: 36.697: [DefNew: 629119K->69887K(629120K), 0.0266389 secs] 1092768K->662842K(2027264K), 0.0277389 secs] [Times: user=0.02 sys=0.00, real=0.02 secs] 
2021-01-22T00:50:35.300+0800: 36.797: [GC (Allocation Failure) 2021-01-22T00:50:35.300+0800: 36.797: [DefNew: 629119K->69887K(629120K), 0.0257702 secs] 1222074K->782291K(2027264K), 0.0268167 secs] [Times: user=0.03 sys=0.00, real=0.02 secs] 
2021-01-22T00:50:35.399+0800: 36.896: [GC (Allocation Failure) 2021-01-22T00:50:35.399+0800: 36.896: [DefNew: 629119K->69888K(629120K), 0.0277138 secs] 1341523K->899242K(2027264K), 0.0285713 secs] [Times: user=0.03 sys=0.00, real=0.02 secs] 
2021-01-22T00:50:35.494+0800: 36.991: [GC (Allocation Failure) 2021-01-22T00:50:35.495+0800: 36.992: [DefNew: 629120K->69887K(629120K), 0.0238875 secs] 1458474K->1020019K(2027264K), 0.0246948 secs] [Times: user=0.02 sys=0.00, real=0.03 secs] 
2021-01-22T00:50:35.583+0800: 37.080: [GC (Allocation Failure) 2021-01-22T00:50:35.583+0800: 37.080: [DefNew: 629119K->69887K(629120K), 0.0243269 secs] 1579251K->1147341K(2027264K), 0.0251778 secs] [Times: user=0.03 sys=0.00, real=0.03 secs] 
2021-01-22T00:50:35.678+0800: 37.175: [GC (Allocation Failure) 2021-01-22T00:50:35.678+0800: 37.175: [DefNew: 629119K->69887K(629120K), 0.0257462 secs] 1706573K->1287614K(2027264K), 0.0264587 secs] [Times: user=0.02 sys=0.00, real=0.03 secs] 
2021-01-22T00:50:35.774+0800: 37.271: [GC (Allocation Failure) 2021-01-22T00:50:35.774+0800: 37.271: [DefNew: 629119K->69888K(629120K), 0.0256355 secs] 1846846K->1417272K(2027264K), 0.0264685 secs] [Times: user=0.03 sys=0.00, real=0.03 secs] 
2021-01-22T00:50:35.867+0800: 37.364: [GC (Allocation Failure) 2021-01-22T00:50:35.868+0800: 37.365: [DefNew: 629120K->629120K(629120K), 0.0003211 secs]2021-01-22T00:50:35.868+0800: 37.365: [Tenured: 1347384K->450477K(1398144K), 0.0511043 secs] 1976504K->450477K(2027264K), [Metaspace: 2817K->2817K(1056768K)], 0.0525178 secs] [Times: user=0.06 sys=0.00, real=0.06 secs] 
2021-01-22T00:50:35.995+0800: 37.492: [GC (Allocation Failure) 2021-01-22T00:50:35.995+0800: 37.492: [DefNew: 559232K->69887K(629120K), 0.0203980 secs] 1009709K->603941K(2027264K), 0.0211807 secs] [Times: user=0.02 sys=0.00, real=0.02 secs] 
2021-01-22T00:50:36.090+0800: 37.587: [GC (Allocation Failure) 2021-01-22T00:50:36.090+0800: 37.587: [DefNew: 629119K->69887K(629120K), 0.0258336 secs] 1163173K->728385K(2027264K), 0.0267980 secs] [Times: user=0.03 sys=0.00, real=0.02 secs] 
2021-01-22T00:50:36.192+0800: 37.689: [GC (Allocation Failure) 2021-01-22T00:50:36.192+0800: 37.689: [DefNew: 629119K->69887K(629120K), 0.0254536 secs] 1287617K->856202K(2027264K), 0.0264614 secs] [Times: user=0.03 sys=0.00, real=0.03 secs] 
2021-01-22T00:50:36.296+0800: 37.793: [GC (Allocation Failure) 2021-01-22T00:50:36.296+0800: 37.793: [DefNew: 629119K->69888K(629120K), 0.0254047 secs] 1415434K->980445K(2027264K), 0.0262772 secs] [Times: user=0.02 sys=0.00, real=0.03 secs] 
2021-01-22T00:50:36.396+0800: 37.893: [GC (Allocation Failure) 2021-01-22T00:50:36.396+0800: 37.893: [DefNew: 629120K->69887K(629120K), 0.0264117 secs] 1539677K->1102917K(2027264K), 0.0272949 secs] [Times: user=0.02 sys=0.00, real=0.03 secs] 
2021-01-22T00:50:36.494+0800: 37.991: [GC (Allocation Failure) 2021-01-22T00:50:36.494+0800: 37.991: [DefNew: 629119K->69887K(629120K), 0.0241498 secs] 1662149K->1225288K(2027264K), 0.0249372 secs] [Times: user=0.03 sys=0.00, real=0.03 secs] 
2021-01-22T00:50:36.589+0800: 38.086: [GC (Allocation Failure) 2021-01-22T00:50:36.589+0800: 38.086: [DefNew: 629119K->69887K(629120K), 0.0240621 secs] 1784520K->1346097K(2027264K), 0.0250279 secs] [Times: user=0.02 sys=0.00, real=0.02 secs] 
2021-01-22T00:50:36.685+0800: 38.182: [GC (Allocation Failure) 2021-01-22T00:50:36.686+0800: 38.183: [DefNew: 629119K->629119K(629120K), 0.0003726 secs]2021-01-22T00:50:36.686+0800: 38.183: [Tenured: 1276209K->362945K(1398144K), 0.0473438 secs] 1905329K->362945K(2027264K), [Metaspace: 2817K->2817K(1056768K)], 0.0488773 secs] [Times: user=0.05 sys=0.00, real=0.05 secs] 
2021-01-22T00:50:36.796+0800: 38.293: [GC (Allocation Failure) 2021-01-22T00:50:36.797+0800: 38.294: [DefNew: 559232K->69888K(629120K), 0.0211989 secs] 922177K->529075K(2027264K), 0.0220963 secs] [Times: user=0.02 sys=0.00, real=0.03 secs] 
2021-01-22T00:50:36.882+0800: 38.379: [GC (Allocation Failure) 2021-01-22T00:50:36.883+0800: 38.380: [DefNew: 629120K->69888K(629120K), 0.0247923 secs] 1088307K->667031K(2027264K), 0.0256088 secs] [Times: user=0.03 sys=0.00, real=0.02 secs] 
2021-01-22T00:50:36.975+0800: 38.472: [GC (Allocation Failure) 2021-01-22T00:50:36.975+0800: 38.472: [DefNew: 629120K->69888K(629120K), 0.0236974 secs] 1226263K->788165K(2027264K), 0.0245239 secs] [Times: user=0.03 sys=0.00, real=0.03 secs] 
2021-01-22T00:50:37.075+0800: 38.572: [GC (Allocation Failure) 2021-01-22T00:50:37.076+0800: 38.573: [DefNew: 629120K->69887K(629120K), 0.0281415 secs] 1347397K->912040K(2027264K), 0.0290381 secs] [Times: user=0.03 sys=0.00, real=0.03 secs] 
2021-01-22T00:50:37.187+0800: 38.684: [GC (Allocation Failure) 2021-01-22T00:50:37.187+0800: 38.684: [DefNew: 629119K->69887K(629120K), 0.0277616 secs] 1471272K->1040785K(2027264K), 0.0283988 secs] [Times: user=0.03 sys=0.00, real=0.03 secs] 
2021-01-22T00:50:37.292+0800: 38.789: [GC (Allocation Failure) 2021-01-22T00:50:37.293+0800: 38.790: [DefNew: 629119K->69887K(629120K), 0.0267657 secs] 1600017K->1160380K(2027264K), 0.0273195 secs] [Times: user=0.03 sys=0.00, real=0.03 secs] 
2021-01-22T00:50:37.403+0800: 38.900: [GC (Allocation Failure) 2021-01-22T00:50:37.403+0800: 38.900: [DefNew: 629119K->69887K(629120K), 0.0265167 secs] 1719612K->1273926K(2027264K), 0.0271491 secs] [Times: user=0.02 sys=0.00, real=0.03 secs] 
2021-01-22T00:50:37.514+0800: 39.011: [GC (Allocation Failure) 2021-01-22T00:50:37.514+0800: 39.011: [DefNew: 629119K->69887K(629120K), 0.0240826 secs] 1833158K->1391432K(2027264K), 0.0245979 secs] [Times: user=0.02 sys=0.00, real=0.03 secs] 
2021-01-22T00:50:37.609+0800: 39.106: [GC (Allocation Failure) 2021-01-22T00:50:37.610+0800: 39.107: [DefNew: 629119K->629119K(629120K), 0.0003493 secs]2021-01-22T00:50:37.610+0800: 39.107: [Tenured: 1321544K->427855K(1398144K), 0.0500045 secs] 1950664K->427855K(2027264K), [Metaspace: 2817K->2817K(1056768K)], 0.0514113 secs] [Times: user=0.05 sys=0.00, real=0.05 secs] 
2021-01-22T00:50:37.739+0800: 39.236: [GC (Allocation Failure) 2021-01-22T00:50:37.739+0800: 39.236: [DefNew: 559232K->69888K(629120K), 0.0260729 secs] 987087K->590181K(2027264K), 0.0268526 secs] [Times: user=0.03 sys=0.00, real=0.02 secs] 
2021-01-22T00:50:37.847+0800: 39.344: [GC (Allocation Failure) 2021-01-22T00:50:37.848+0800: 39.345: [DefNew: 629120K->69887K(629120K), 0.0264334 secs] 1149413K->719488K(2027264K), 0.0271230 secs] [Times: user=0.02 sys=0.00, real=0.03 secs] 
2021-01-22T00:50:37.941+0800: 39.438: [GC (Allocation Failure) 2021-01-22T00:50:37.941+0800: 39.438: [DefNew: 629119K->69887K(629120K), 0.0262814 secs] 1278720K->848841K(2027264K), 0.0268359 secs] [Times: user=0.03 sys=0.00, real=0.02 secs] 
2021-01-22T00:50:38.036+0800: 39.533: [GC (Allocation Failure) 2021-01-22T00:50:38.036+0800: 39.533: [DefNew: 629119K->69887K(629120K), 0.0254181 secs] 1408073K->979201K(2027264K), 0.0259524 secs] [Times: user=0.02 sys=0.00, real=0.03 secs] 
2021-01-22T00:50:38.133+0800: 39.630: [GC (Allocation Failure) 2021-01-22T00:50:38.134+0800: 39.631: [DefNew: 629119K->69887K(629120K), 0.0248833 secs] 1538433K->1098497K(2027264K), 0.0257585 secs] [Times: user=0.03 sys=0.00, real=0.03 secs] 
2021-01-22T00:50:38.228+0800: 39.725: [GC (Allocation Failure) 2021-01-22T00:50:38.228+0800: 39.725: [DefNew: 629119K->69888K(629120K), 0.0255546 secs] 1657729K->1229050K(2027264K), 0.0262162 secs] [Times: user=0.02 sys=0.01, real=0.03 secs] 
2021-01-22T00:50:38.323+0800: 39.820: [GC (Allocation Failure) 2021-01-22T00:50:38.324+0800: 39.821: [DefNew: 629120K->69887K(629120K), 0.0221621 secs] 1788282K->1340036K(2027264K), 0.0228156 secs] [Times: user=0.02 sys=0.00, real=0.02 secs] 
2021-01-22T00:50:38.413+0800: 39.910: [GC (Allocation Failure) 2021-01-22T00:50:38.414+0800: 39.911: [DefNew: 629119K->629119K(629120K), 0.0003912 secs]2021-01-22T00:50:38.414+0800: 39.911: [Tenured: 1270148K->379388K(1398144K), 0.0522254 secs] 1899268K->379388K(2027264K), [Metaspace: 2817K->2817K(1056768K)], 0.0538003 secs] [Times: user=0.05 sys=0.00, real=0.05 secs] 
2021-01-22T00:50:38.544+0800: 40.041: [GC (Allocation Failure) 2021-01-22T00:50:38.544+0800: 40.041: [DefNew: 559232K->69888K(629120K), 0.0180430 secs] 938620K->529897K(2027264K), 0.0188395 secs] [Times: user=0.02 sys=0.00, real=0.02 secs] 
2021-01-22T00:50:38.627+0800: 40.124: [GC (Allocation Failure) 2021-01-22T00:50:38.628+0800: 40.125: [DefNew: 629120K->69887K(629120K), 0.0239992 secs] 1089129K->653756K(2027264K), 0.0249884 secs] [Times: user=0.02 sys=0.00, real=0.03 secs] 
2021-01-22T00:50:38.721+0800: 40.218: [GC (Allocation Failure) 2021-01-22T00:50:38.721+0800: 40.218: [DefNew: 629119K->69887K(629120K), 0.0240293 secs] 1212988K->778278K(2027264K), 0.0249447 secs] [Times: user=0.03 sys=0.00, real=0.02 secs] 
2021-01-22T00:50:38.813+0800: 40.310: [GC (Allocation Failure) 2021-01-22T00:50:38.813+0800: 40.310: [DefNew: 629119K->69887K(629120K), 0.0242723 secs] 1337510K->898621K(2027264K), 0.0250834 secs] [Times: user=0.03 sys=0.00, real=0.03 secs] 
2021-01-22T00:50:38.903+0800: 40.400: [GC (Allocation Failure) 2021-01-22T00:50:38.904+0800: 40.401: [DefNew: 629119K->69887K(629120K), 0.0266620 secs] 1457853K->1033285K(2027264K), 0.0278109 secs] [Times: user=0.03 sys=0.00, real=0.03 secs] 
2021-01-22T00:50:39.003+0800: 40.500: [GC (Allocation Failure) 2021-01-22T00:50:39.004+0800: 40.501: [DefNew: 629119K->69887K(629120K), 0.0263982 secs] 1592517K->1166027K(2027264K), 0.0272870 secs] [Times: user=0.03 sys=0.00, real=0.03 secs] 
2021-01-22T00:50:39.108+0800: 40.605: [GC (Allocation Failure) 2021-01-22T00:50:39.108+0800: 40.605: [DefNew: 629119K->69887K(629120K), 0.0238611 secs] 1725259K->1274091K(2027264K), 0.0247688 secs] [Times: user=0.03 sys=0.00, real=0.03 secs] 
2021-01-22T00:50:39.199+0800: 40.696: [GC (Allocation Failure) 2021-01-22T00:50:39.199+0800: 40.696: [DefNew: 629119K->69888K(629120K), 0.0222165 secs] 1833323K->1393971K(2027264K), 0.0230618 secs] [Times: user=0.02 sys=0.00, real=0.02 secs] 
2021-01-22T00:50:39.294+0800: 40.791: [GC (Allocation Failure) 2021-01-22T00:50:39.294+0800: 40.791: [DefNew: 629120K->629120K(629120K), 0.0003941 secs]2021-01-22T00:50:39.295+0800: 40.792: [Tenured: 1324083K->394606K(1398144K), 0.0532623 secs] 1953203K->394606K(2027264K), [Metaspace: 2817K->2817K(1056768K)], 0.0548906 secs] [Times: user=0.05 sys=0.00, real=0.06 secs] 
2021-01-22T00:50:39.416+0800: 40.913: [GC (Allocation Failure) 2021-01-22T00:50:39.416+0800: 40.913: [DefNew: 559232K->69887K(629120K), 0.0203104 secs] 953838K->548750K(2027264K), 0.0210653 secs] [Times: user=0.02 sys=0.00, real=0.02 secs] 
2021-01-22T00:50:39.508+0800: 41.005: [GC (Allocation Failure) 2021-01-22T00:50:39.508+0800: 41.005: [DefNew: 629119K->69887K(629120K), 0.0231461 secs] 1107982K->669392K(2027264K), 0.0239049 secs] [Times: user=0.02 sys=0.00, real=0.03 secs] 
2021-01-22T00:50:39.595+0800: 41.092: [GC (Allocation Failure) 2021-01-22T00:50:39.596+0800: 41.093: [DefNew: 629119K->69888K(629120K), 0.0252297 secs] 1228624K->796495K(2027264K), 0.0261884 secs] [Times: user=0.03 sys=0.00, real=0.03 secs] 
2021-01-22T00:50:39.690+0800: 41.187: [GC (Allocation Failure) 2021-01-22T00:50:39.690+0800: 41.187: [DefNew: 629120K->69888K(629120K), 0.0254609 secs] 1355727K->924064K(2027264K), 0.0264002 secs] [Times: user=0.03 sys=0.00, real=0.02 secs] 
2021-01-22T00:50:39.793+0800: 41.290: [GC (Allocation Failure) 2021-01-22T00:50:39.793+0800: 41.290: [DefNew: 629120K->69887K(629120K), 0.0258463 secs] 1483296K->1052702K(2027264K), 0.0267026 secs] [Times: user=0.02 sys=0.00, real=0.03 secs] 
2021-01-22T00:50:39.892+0800: 41.389: [GC (Allocation Failure) 2021-01-22T00:50:39.892+0800: 41.389: [DefNew: 629119K->69887K(629120K), 0.0240229 secs] 1611934K->1172291K(2027264K), 0.0246484 secs] [Times: user=0.03 sys=0.00, real=0.02 secs] 
2021-01-22T00:50:39.985+0800: 41.482: [GC (Allocation Failure) 2021-01-22T00:50:39.985+0800: 41.482: [DefNew: 629119K->69888K(629120K), 0.0247761 secs] 1731523K->1298432K(2027264K), 0.0254522 secs] [Times: user=0.02 sys=0.00, real=0.03 secs] 
2021-01-22T00:50:40.079+0800: 41.576: [GC (Allocation Failure) 2021-01-22T00:50:40.079+0800: 41.576: [DefNew: 629120K->69887K(629120K), 0.0229040 secs] 1857664K->1416793K(2027264K), 0.0236130 secs] [Times: user=0.02 sys=0.00, real=0.02 secs] 
2021-01-22T00:50:40.166+0800: 41.663: [GC (Allocation Failure) 2021-01-22T00:50:40.167+0800: 41.664: [DefNew: 629119K->629119K(629120K), 0.0003844 secs]2021-01-22T00:50:40.168+0800: 41.665: [Tenured: 1346905K->412470K(1398144K), 0.0448256 secs] 1976025K->412470K(2027264K), [Metaspace: 2817K->2817K(1056768K)], 0.0466363 secs] [Times: user=0.04 sys=0.00, real=0.05 secs] 
2021-01-22T00:50:40.279+0800: 41.776: [GC (Allocation Failure) 2021-01-22T00:50:40.280+0800: 41.777: [DefNew: 559232K->69888K(629120K), 0.0205722 secs] 971702K->564846K(2027264K), 0.0214529 secs] [Times: user=0.02 sys=0.00, real=0.02 secs] 
2021-01-22T00:50:40.366+0800: 41.863: [GC (Allocation Failure) 2021-01-22T00:50:40.367+0800: 41.864: [DefNew: 629120K->69887K(629120K), 0.0262914 secs] 1124078K->698444K(2027264K), 0.0272092 secs] [Times: user=0.03 sys=0.00, real=0.03 secs] 
2021-01-22T00:50:40.467+0800: 41.964: [GC (Allocation Failure) 2021-01-22T00:50:40.467+0800: 41.964: [DefNew: 629119K->69887K(629120K), 0.0241826 secs] 1257676K->820028K(2027264K), 0.0249040 secs] [Times: user=0.03 sys=0.00, real=0.03 secs] 
2021-01-22T00:50:40.569+0800: 42.066: [GC (Allocation Failure) 2021-01-22T00:50:40.569+0800: 42.066: [DefNew: 629119K->69887K(629120K), 0.0233973 secs] 1379260K->943408K(2027264K), 0.0240875 secs] [Times: user=0.03 sys=0.00, real=0.02 secs] 
2021-01-22T00:50:40.666+0800: 42.163: [GC (Allocation Failure) 2021-01-22T00:50:40.666+0800: 42.163: [DefNew: 629119K->69888K(629120K), 0.0248576 secs] 1502640K->1072584K(2027264K), 0.0256254 secs] [Times: user=0.02 sys=0.00, real=0.03 secs] 
2021-01-22T00:50:40.759+0800: 42.256: [GC (Allocation Failure) 2021-01-22T00:50:40.760+0800: 42.257: [DefNew: 629080K->69887K(629120K), 0.0238032 secs] 1631776K->1188260K(2027264K), 0.0246692 secs] [Times: user=0.02 sys=0.00, real=0.02 secs] 
2021-01-22T00:50:40.862+0800: 42.359: [GC (Allocation Failure) 2021-01-22T00:50:40.862+0800: 42.359: [DefNew: 629119K->69888K(629120K), 0.0251217 secs] 1747492K->1308354K(2027264K), 0.0260973 secs] [Times: user=0.03 sys=0.00, real=0.03 secs] 
2021-01-22T00:50:40.954+0800: 42.451: [GC (Allocation Failure) 2021-01-22T00:50:40.955+0800: 42.452: [DefNew: 629120K->69887K(629120K), 0.0270300 secs] 1867586K->1433183K(2027264K), 0.0277894 secs] [Times: user=0.03 sys=0.00, real=0.03 secs] 
2021-01-22T00:50:41.064+0800: 42.561: [GC (Allocation Failure) 2021-01-22T00:50:41.065+0800: 42.562: [DefNew: 629119K->629119K(629120K), 0.0002885 secs]2021-01-22T00:50:41.065+0800: 42.562: [Tenured: 1363295K->438267K(1398144K), 0.0555404 secs] 1992415K->438267K(2027264K), [Metaspace: 2817K->2817K(1056768K)], 0.0567428 secs] [Times: user=0.06 sys=0.00, real=0.06 secs] 
2021-01-22T00:50:41.194+0800: 42.691: [GC (Allocation Failure) 2021-01-22T00:50:41.194+0800: 42.691: [DefNew: 559232K->69888K(629120K), 0.0213342 secs] 997499K->598372K(2027264K), 0.0221378 secs] [Times: user=0.02 sys=0.00, real=0.02 secs] 
2021-01-22T00:50:41.284+0800: 42.781: [GC (Allocation Failure) 2021-01-22T00:50:41.285+0800: 42.782: [DefNew: 629120K->69887K(629120K), 0.0233604 secs] 1157604K->724053K(2027264K), 0.0239949 secs] [Times: user=0.02 sys=0.00, real=0.03 secs] 
2021-01-22T00:50:41.376+0800: 42.873: [GC (Allocation Failure) 2021-01-22T00:50:41.376+0800: 42.873: [DefNew: 629119K->69888K(629120K), 0.0262930 secs] 1283285K->849493K(2027264K), 0.0271468 secs] [Times: user=0.02 sys=0.00, real=0.03 secs] 
2021-01-22T00:50:41.473+0800: 42.970: [GC (Allocation Failure) 2021-01-22T00:50:41.473+0800: 42.970: [DefNew: 629120K->69887K(629120K), 0.0249134 secs] 1408725K->977858K(2027264K), 0.0258070 secs] [Times: user=0.03 sys=0.00, real=0.03 secs] 
2021-01-22T00:50:41.569+0800: 43.066: [GC (Allocation Failure) 2021-01-22T00:50:41.569+0800: 43.066: [DefNew: 629119K->69887K(629120K), 0.0245869 secs] 1537090K->1096923K(2027264K), 0.0253922 secs] [Times: user=0.02 sys=0.00, real=0.02 secs] 
2021-01-22T00:50:41.660+0800: 43.157: [GC (Allocation Failure) 2021-01-22T00:50:41.660+0800: 43.157: [DefNew: 629119K->69887K(629120K), 0.0243663 secs] 1656155K->1221341K(2027264K), 0.0252856 secs] [Times: user=0.02 sys=0.00, real=0.02 secs] 
2021-01-22T00:50:41.752+0800: 43.249: [GC (Allocation Failure) 2021-01-22T00:50:41.752+0800: 43.249: [DefNew: 629119K->69887K(629120K), 0.0223515 secs] 1780573K->1336628K(2027264K), 0.0232956 secs] [Times: user=0.02 sys=0.00, real=0.02 secs] 
2021-01-22T00:50:41.837+0800: 43.334: [GC (Allocation Failure) 2021-01-22T00:50:41.838+0800: 43.335: [DefNew: 629119K->629119K(629120K), 0.0003884 secs]2021-01-22T00:50:41.839+0800: 43.336: [Tenured: 1266740K->376573K(1398144K), 0.0475683 secs] 1895860K->376573K(2027264K), [Metaspace: 2817K->2817K(1056768K)], 0.0492535 secs] [Times: user=0.05 sys=0.00, real=0.05 secs] 
2021-01-22T00:50:41.951+0800: 43.448: [GC (Allocation Failure) 2021-01-22T00:50:41.951+0800: 43.448: [DefNew: 559232K->69887K(629120K), 0.0183230 secs] 935805K->532547K(2027264K), 0.0191694 secs] [Times: user=0.02 sys=0.00, real=0.02 secs] 
2021-01-22T00:50:42.037+0800: 43.534: [GC (Allocation Failure) 2021-01-22T00:50:42.038+0800: 43.535: [DefNew: 629119K->69888K(629120K), 0.0246875 secs] 1091779K->652466K(2027264K), 0.0256297 secs] [Times: user=0.02 sys=0.00, real=0.03 secs] 
2021-01-22T00:50:42.131+0800: 43.628: [GC (Allocation Failure) 2021-01-22T00:50:42.131+0800: 43.628: [DefNew: 629120K->69887K(629120K), 0.0278007 secs] 1211698K->785717K(2027264K), 0.0286458 secs] [Times: user=0.03 sys=0.00, real=0.03 secs] 
2021-01-22T00:50:42.226+0800: 43.723: [GC (Allocation Failure) 2021-01-22T00:50:42.226+0800: 43.723: [DefNew: 629119K->69887K(629120K), 0.0280932 secs] 1344949K->926466K(2027264K), 0.0289963 secs] [Times: user=0.03 sys=0.00, real=0.03 secs] 
2021-01-22T00:50:42.327+0800: 43.824: [GC (Allocation Failure) 2021-01-22T00:50:42.328+0800: 43.825: [DefNew: 629119K->69887K(629120K), 0.0241038 secs] 1485698K->1050739K(2027264K), 0.0251325 secs] [Times: user=0.03 sys=0.00, real=0.03 secs] 
2021-01-22T00:50:42.421+0800: 43.918: [GC (Allocation Failure) 2021-01-22T00:50:42.421+0800: 43.918: [DefNew: 629119K->69887K(629120K), 0.0256516 secs] 1609971K->1182534K(2027264K), 0.0265496 secs] [Times: user=0.03 sys=0.00, real=0.02 secs] 
2021-01-22T00:50:42.513+0800: 44.010: [GC (Allocation Failure) 2021-01-22T00:50:42.514+0800: 44.011: [DefNew: 629119K->69887K(629120K), 0.0261343 secs] 1741766K->1309960K(2027264K), 0.0270262 secs] [Times: user=0.02 sys=0.00, real=0.03 secs] 
2021-01-22T00:50:42.605+0800: 44.102: [GC (Allocation Failure) 2021-01-22T00:50:42.606+0800: 44.103: [DefNew: 629119K->629119K(629120K), 0.0004183 secs]2021-01-22T00:50:42.607+0800: 44.104: [Tenured: 1240072K->414387K(1398144K), 0.0568485 secs] 1869192K->414387K(2027264K), [Metaspace: 2817K->2817K(1056768K)], 0.0584881 secs] [Times: user=0.05 sys=0.00, real=0.06 secs] 
2021-01-22T00:50:42.736+0800: 44.233: [GC (Allocation Failure) 2021-01-22T00:50:42.737+0800: 44.234: [DefNew: 559232K->69887K(629120K), 0.0192204 secs] 973619K->570461K(2027264K), 0.0200021 secs] [Times: user=0.01 sys=0.00, real=0.02 secs] 
2021-01-22T00:50:42.825+0800: 44.322: [GC (Allocation Failure) 2021-01-22T00:50:42.825+0800: 44.322: [DefNew: 629119K->69887K(629120K), 0.0242381 secs] 1129693K->690694K(2027264K), 0.0252228 secs] [Times: user=0.03 sys=0.00, real=0.03 secs] 
2021-01-22T00:50:42.912+0800: 44.409: [GC (Allocation Failure) 2021-01-22T00:50:42.913+0800: 44.410: [DefNew: 629119K->69888K(629120K), 0.0258556 secs] 1249926K->816324K(2027264K), 0.0270079 secs] [Times: user=0.02 sys=0.00, real=0.03 secs] 
2021-01-22T00:50:43.007+0800: 44.504: [GC (Allocation Failure) 2021-01-22T00:50:43.007+0800: 44.504: [DefNew: 629120K->69887K(629120K), 0.0226142 secs] 1375556K->929998K(2027264K), 0.0235902 secs] [Times: user=0.02 sys=0.00, real=0.03 secs] 
2021-01-22T00:50:43.097+0800: 44.594: [GC (Allocation Failure) 2021-01-22T00:50:43.097+0800: 44.594: [DefNew: 629119K->69887K(629120K), 0.0256357 secs] 1489230K->1054696K(2027264K), 0.0264831 secs] [Times: user=0.03 sys=0.00, real=0.03 secs] 
2021-01-22T00:50:43.189+0800: 44.686: [GC (Allocation Failure) 2021-01-22T00:50:43.189+0800: 44.686: [DefNew: 629119K->69888K(629120K), 0.0260793 secs] 1613928K->1179724K(2027264K), 0.0269969 secs] [Times: user=0.03 sys=0.00, real=0.02 secs] 
2021-01-22T00:50:43.286+0800: 44.783: [GC (Allocation Failure) 2021-01-22T00:50:43.286+0800: 44.783: [DefNew: 629120K->69887K(629120K), 0.0239115 secs] 1738956K->1301300K(2027264K), 0.0249355 secs] [Times: user=0.02 sys=0.00, real=0.03 secs] 
2021-01-22T00:50:43.376+0800: 44.873: [GC (Allocation Failure) 2021-01-22T00:50:43.376+0800: 44.873: [DefNew: 629119K->69887K(629120K), 0.0254272 secs] 1860532K->1429946K(2027264K), 0.0263187 secs] [Times: user=0.03 sys=0.00, real=0.03 secs] 
2021-01-22T00:50:43.471+0800: 44.968: [GC (Allocation Failure) 2021-01-22T00:50:43.472+0800: 44.969: [DefNew: 629119K->629119K(629120K), 0.0003634 secs]2021-01-22T00:50:43.473+0800: 44.970: [Tenured: 1360058K->369328K(1398144K), 0.0473881 secs] 1989178K->369328K(2027264K), [Metaspace: 2817K->2817K(1056768K)], 0.0488989 secs] [Times: user=0.04 sys=0.00, real=0.05 secs] 
2021-01-22T00:50:43.586+0800: 45.083: [GC (Allocation Failure) 2021-01-22T00:50:43.586+0800: 45.083: [DefNew: 559232K->69887K(629120K), 0.0192118 secs] 928560K->527499K(2027264K), 0.0201187 secs] [Times: user=0.02 sys=0.00, real=0.02 secs] 
2021-01-22T00:50:43.675+0800: 45.172: [GC (Allocation Failure) 2021-01-22T00:50:43.676+0800: 45.173: [DefNew: 629119K->69887K(629120K), 0.0292913 secs] 1086731K->652844K(2027264K), 0.0302332 secs] [Times: user=0.03 sys=0.00, real=0.03 secs] 
2021-01-22T00:50:43.794+0800: 45.291: [GC (Allocation Failure) 2021-01-22T00:50:43.795+0800: 45.292: [DefNew: 629119K->69887K(629120K), 0.0289725 secs] 1212076K->785426K(2027264K), 0.0295672 secs] [Times: user=0.02 sys=0.00, real=0.03 secs] 
2021-01-22T00:50:43.896+0800: 45.393: [GC (Allocation Failure) 2021-01-22T00:50:43.897+0800: 45.394: [DefNew: 629119K->69887K(629120K), 0.0266948 secs] 1344658K->912951K(2027264K), 0.0274047 secs] [Times: user=0.02 sys=0.00, real=0.03 secs] 
2021-01-22T00:50:44.002+0800: 45.499: [GC (Allocation Failure) 2021-01-22T00:50:44.003+0800: 45.500: [DefNew: 629119K->69887K(629120K), 0.0264121 secs] 1472183K->1035072K(2027264K), 0.0273430 secs] [Times: user=0.03 sys=0.00, real=0.03 secs] 
2021-01-22T00:50:44.097+0800: 45.594: [GC (Allocation Failure) 2021-01-22T00:50:44.098+0800: 45.595: [DefNew: 629119K->69887K(629120K), 0.0247557 secs] 1594304K->1160910K(2027264K), 0.0256135 secs] [Times: user=0.03 sys=0.00, real=0.03 secs] 
2021-01-22T00:50:44.192+0800: 45.689: [GC (Allocation Failure) 2021-01-22T00:50:44.192+0800: 45.689: [DefNew: 629119K->69887K(629120K), 0.0242031 secs] 1720142K->1281437K(2027264K), 0.0251889 secs] [Times: user=0.02 sys=0.00, real=0.02 secs] 
2021-01-22T00:50:44.282+0800: 45.779: [GC (Allocation Failure) 2021-01-22T00:50:44.282+0800: 45.779: [DefNew: 629119K->69888K(629120K), 0.0246387 secs] 1840669K->1405953K(2027264K), 0.0257855 secs] [Times: user=0.02 sys=0.00, real=0.03 secs] 
2021-01-22T00:50:44.376+0800: 45.873: [GC (Allocation Failure) 2021-01-22T00:50:44.376+0800: 45.873: [DefNew: 629120K->629120K(629120K), 0.0003378 secs]2021-01-22T00:50:44.377+0800: 45.874: [Tenured: 1336065K->428780K(1398144K), 0.0483607 secs] 1965185K->428780K(2027264K), [Metaspace: 2817K->2817K(1056768K)], 0.0499261 secs] [Times: user=0.05 sys=0.00, real=0.05 secs] 
2021-01-22T00:50:44.492+0800: 45.989: [GC (Allocation Failure) 2021-01-22T00:50:44.492+0800: 45.989: [DefNew: 559232K->69888K(629120K), 0.0228450 secs] 988012K->592209K(2027264K), 0.0237225 secs] [Times: user=0.02 sys=0.00, real=0.02 secs] 
2021-01-22T00:50:44.582+0800: 46.079: [GC (Allocation Failure) 2021-01-22T00:50:44.582+0800: 46.079: [DefNew: 629120K->69887K(629120K), 0.0243234 secs] 1151441K->716409K(2027264K), 0.0254600 secs] [Times: user=0.02 sys=0.00, real=0.02 secs] 
2021-01-22T00:50:44.674+0800: 46.171: [GC (Allocation Failure) 2021-01-22T00:50:44.674+0800: 46.171: [DefNew: 629119K->69887K(629120K), 0.0263631 secs] 1275641K->845734K(2027264K), 0.0272044 secs] [Times: user=0.03 sys=0.00, real=0.03 secs] 
2021-01-22T00:50:44.767+0800: 46.264: [GC (Allocation Failure) 2021-01-22T00:50:44.768+0800: 46.265: [DefNew: 629119K->69887K(629120K), 0.0229723 secs] 1404966K->963861K(2027264K), 0.0239450 secs] [Times: user=0.03 sys=0.00, real=0.03 secs] 
2021-01-22T00:50:44.861+0800: 46.358: [GC (Allocation Failure) 2021-01-22T00:50:44.862+0800: 46.359: [DefNew: 629119K->69887K(629120K), 0.0283123 secs] 1523093K->1086211K(2027264K), 0.0292162 secs] [Times: user=0.02 sys=0.00, real=0.03 secs] 
2021-01-22T00:50:44.961+0800: 46.458: [GC (Allocation Failure) 2021-01-22T00:50:44.962+0800: 46.459: [DefNew: 629119K->69888K(629120K), 0.0266779 secs] 1645443K->1218930K(2027264K), 0.0275710 secs] [Times: user=0.03 sys=0.00, real=0.03 secs] 
2021-01-22T00:50:45.052+0800: 46.549: [GC (Allocation Failure) 2021-01-22T00:50:45.052+0800: 46.549: [DefNew: 629120K->69887K(629120K), 0.0253361 secs] 1778162K->1354597K(2027264K), 0.0262508 secs] [Times: user=0.03 sys=0.00, real=0.03 secs] 
2021-01-22T00:50:45.145+0800: 46.642: [GC (Allocation Failure) 2021-01-22T00:50:45.145+0800: 46.642: [DefNew: 629119K->629119K(629120K), 0.0003191 secs]2021-01-22T00:50:45.146+0800: 46.643: [Tenured: 1284709K->377049K(1398144K), 0.0497225 secs] 1913829K->377049K(2027264K), [Metaspace: 2817K->2817K(1056768K)], 0.0511143 secs] [Times: user=0.05 sys=0.00, real=0.05 secs] 
2021-01-22T00:50:45.265+0800: 46.762: [GC (Allocation Failure) 2021-01-22T00:50:45.265+0800: 46.762: [DefNew: 559232K->69887K(629120K), 0.0200343 secs] 936281K->530674K(2027264K), 0.0210258 secs] [Times: user=0.02 sys=0.00, real=0.02 secs] 
2021-01-22T00:50:45.351+0800: 46.848: [GC (Allocation Failure) 2021-01-22T00:50:45.351+0800: 46.848: [DefNew: 629119K->69887K(629120K), 0.0271266 secs] 1089906K->668517K(2027264K), 0.0279633 secs] [Times: user=0.02 sys=0.00, real=0.03 secs] 
2021-01-22T00:50:45.447+0800: 46.944: [GC (Allocation Failure) 2021-01-22T00:50:45.448+0800: 46.945: [DefNew: 629119K->69888K(629120K), 0.0258286 secs] 1227749K->802033K(2027264K), 0.0268282 secs] [Times: user=0.03 sys=0.00, real=0.03 secs] 
2021-01-22T00:50:45.542+0800: 47.039: [GC (Allocation Failure) 2021-01-22T00:50:45.543+0800: 47.040: [DefNew: 629120K->69887K(629120K), 0.0223209 secs] 1361265K->915481K(2027264K), 0.0231312 secs] [Times: user=0.03 sys=0.00, real=0.02 secs] 
2021-01-22T00:50:45.631+0800: 47.128: [GC (Allocation Failure) 2021-01-22T00:50:45.631+0800: 47.128: [DefNew: 629119K->69887K(629120K), 0.0230420 secs] 1474713K->1034014K(2027264K), 0.0238753 secs] [Times: user=0.03 sys=0.00, real=0.02 secs] 
2021-01-22T00:50:45.717+0800: 47.214: [GC (Allocation Failure) 2021-01-22T00:50:45.718+0800: 47.215: [DefNew: 629119K->69887K(629120K), 0.0244989 secs] 1593246K->1164578K(2027264K), 0.0253703 secs] [Times: user=0.02 sys=0.00, real=0.03 secs] 
2021-01-22T00:50:45.806+0800: 47.303: [GC (Allocation Failure) 2021-01-22T00:50:45.806+0800: 47.303: [DefNew: 629119K->69887K(629120K), 0.0258353 secs] 1723810K->1295346K(2027264K), 0.0266669 secs] [Times: user=0.03 sys=0.00, real=0.03 secs] 
2021-01-22T00:50:45.902+0800: 47.399: [GC (Allocation Failure) 2021-01-22T00:50:45.903+0800: 47.400: [DefNew: 629119K->69888K(629120K), 0.0228669 secs] 1854578K->1406126K(2027264K), 0.0241163 secs] [Times: user=0.02 sys=0.00, real=0.02 secs] 
2021-01-22T00:50:45.992+0800: 47.489: [GC (Allocation Failure) 2021-01-22T00:50:45.992+0800: 47.489: [DefNew: 629120K->629120K(629120K), 0.0003429 secs]2021-01-22T00:50:45.993+0800: 47.490: [Tenured: 1336238K->422092K(1398144K), 0.0511723 secs] 1965358K->422092K(2027264K), [Metaspace: 2817K->2817K(1056768K)], 0.0525923 secs] [Times: user=0.05 sys=0.00, real=0.05 secs] 
2021-01-22T00:50:46.118+0800: 47.615: [GC (Allocation Failure) 2021-01-22T00:50:46.119+0800: 47.616: [DefNew: 559232K->69888K(629120K), 0.0222682 secs] 981324K->583787K(2027264K), 0.0231506 secs] [Times: user=0.02 sys=0.00, real=0.02 secs] 
2021-01-22T00:50:46.209+0800: 47.706: [GC (Allocation Failure) 2021-01-22T00:50:46.210+0800: 47.707: [DefNew: 629120K->69888K(629120K), 0.0283615 secs] 1143019K->716553K(2027264K), 0.0290939 secs] [Times: user=0.03 sys=0.00, real=0.03 secs] 
2021-01-22T00:50:46.316+0800: 47.813: [GC (Allocation Failure) 2021-01-22T00:50:46.316+0800: 47.813: [DefNew: 629120K->69887K(629120K), 0.0248285 secs] 1275785K->833980K(2027264K), 0.0254996 secs] [Times: user=0.02 sys=0.00, real=0.03 secs] 
2021-01-22T00:50:46.410+0800: 47.907: [GC (Allocation Failure) 2021-01-22T00:50:46.411+0800: 47.908: [DefNew: 629119K->69887K(629120K), 0.0271511 secs] 1393212K->961068K(2027264K), 0.0279647 secs] [Times: user=0.03 sys=0.00, real=0.03 secs] 
2021-01-22T00:50:46.505+0800: 48.002: [GC (Allocation Failure) 2021-01-22T00:50:46.506+0800: 48.003: [DefNew: 629119K->69888K(629120K), 0.0276489 secs] 1520300K->1095878K(2027264K), 0.0285601 secs] [Times: user=0.03 sys=0.00, real=0.03 secs] 
2021-01-22T00:50:46.601+0800: 48.098: [GC (Allocation Failure) 2021-01-22T00:50:46.601+0800: 48.098: [DefNew: 629120K->69887K(629120K), 0.0261649 secs] 1655110K->1224225K(2027264K), 0.0269583 secs] [Times: user=0.02 sys=0.00, real=0.02 secs] 
2021-01-22T00:50:46.698+0800: 48.195: [GC (Allocation Failure) 2021-01-22T00:50:46.698+0800: 48.195: [DefNew: 629119K->69887K(629120K), 0.0246700 secs] 1783457K->1342634K(2027264K), 0.0254622 secs] [Times: user=0.03 sys=0.00, real=0.03 secs] 
2021-01-22T00:50:46.791+0800: 48.288: [GC (Allocation Failure) 2021-01-22T00:50:46.792+0800: 48.289: [DefNew: 629119K->629119K(629120K), 0.0003010 secs]2021-01-22T00:50:46.793+0800: 48.289: [Tenured: 1272746K->443393K(1398144K), 0.0527210 secs] 1901866K->443393K(2027264K), [Metaspace: 2817K->2817K(1056768K)], 0.0545354 secs] [Times: user=0.05 sys=0.00, real=0.05 secs] 
2021-01-22T00:50:46.913+0800: 48.410: [GC (Allocation Failure) 2021-01-22T00:50:46.914+0800: 48.411: [DefNew: 559232K->69888K(629120K), 0.0203808 secs] 1002625K->589436K(2027264K), 0.0212904 secs] [Times: user=0.03 sys=0.00, real=0.02 secs] 
2021-01-22T00:50:47.006+0800: 48.503: [GC (Allocation Failure) 2021-01-22T00:50:47.007+0800: 48.504: [DefNew: 629120K->69888K(629120K), 0.0227265 secs] 1148668K->704827K(2027264K), 0.0237990 secs] [Times: user=0.02 sys=0.00, real=0.03 secs] 
2021-01-22T00:50:47.101+0800: 48.598: [GC (Allocation Failure) 2021-01-22T00:50:47.102+0800: 48.599: [DefNew: 629120K->69887K(629120K), 0.0253181 secs] 1264059K->830186K(2027264K), 0.0261901 secs] [Times: user=0.03 sys=0.00, real=0.02 secs] 
2021-01-22T00:50:47.204+0800: 48.701: [GC (Allocation Failure) 2021-01-22T00:50:47.204+0800: 48.701: [DefNew: 629119K->69887K(629120K), 0.0242597 secs] 1389418K->955962K(2027264K), 0.0252040 secs] [Times: user=0.03 sys=0.00, real=0.03 secs] 
2021-01-22T00:50:47.297+0800: 48.794: [GC (Allocation Failure) 2021-01-22T00:50:47.297+0800: 48.794: [DefNew: 629119K->69888K(629120K), 0.0247908 secs] 1515194K->1088676K(2027264K), 0.0256000 secs] [Times: user=0.03 sys=0.00, real=0.03 secs] 
2021-01-22T00:50:47.387+0800: 48.884: [GC (Allocation Failure) 2021-01-22T00:50:47.388+0800: 48.885: [DefNew: 629120K->69887K(629120K), 0.0285805 secs] 1647908K->1214962K(2027264K), 0.0297192 secs] [Times: user=0.03 sys=0.00, real=0.03 secs] 
2021-01-22T00:50:47.490+0800: 48.987: [GC (Allocation Failure) 2021-01-22T00:50:47.490+0800: 48.987: [DefNew: 629119K->69888K(629120K), 0.0252937 secs] 1774194K->1340082K(2027264K), 0.0261466 secs] [Times: user=0.03 sys=0.00, real=0.02 secs] 
2021-01-22T00:50:47.583+0800: 49.080: [GC (Allocation Failure) 2021-01-22T00:50:47.583+0800: 49.080: [DefNew: 629120K->629120K(629120K), 0.0003242 secs]2021-01-22T00:50:47.584+0800: 49.081: [Tenured: 1270194K->376691K(1398144K), 0.0486582 secs] 1899314K->376691K(2027264K), [Metaspace: 2817K->2817K(1056768K)], 0.0501359 secs] [Times: user=0.05 sys=0.00, real=0.05 secs] 
2021-01-22T00:50:47.708+0800: 49.205: [GC (Allocation Failure) 2021-01-22T00:50:47.708+0800: 49.205: [DefNew: 559232K->69887K(629120K), 0.0233070 secs] 935923K->538775K(2027264K), 0.0240445 secs] [Times: user=0.01 sys=0.01, real=0.03 secs] 
2021-01-22T00:50:47.811+0800: 49.308: [GC (Allocation Failure) 2021-01-22T00:50:47.812+0800: 49.309: [DefNew: 629119K->69888K(629120K), 0.0252983 secs] 1098007K->663612K(2027264K), 0.0262707 secs] [Times: user=0.02 sys=0.00, real=0.02 secs] 
2021-01-22T00:50:47.902+0800: 49.399: [GC (Allocation Failure) 2021-01-22T00:50:47.903+0800: 49.400: [DefNew: 629120K->69887K(629120K), 0.0246230 secs] 1222844K->793445K(2027264K), 0.0253913 secs] [Times: user=0.02 sys=0.00, real=0.02 secs] 
2021-01-22T00:50:47.991+0800: 49.488: [GC (Allocation Failure) 2021-01-22T00:50:47.992+0800: 49.489: [DefNew: 629119K->69888K(629120K), 0.0245537 secs] 1352677K->914245K(2027264K), 0.0255461 secs] [Times: user=0.02 sys=0.00, real=0.02 secs] 
2021-01-22T00:50:48.085+0800: 49.582: [GC (Allocation Failure) 2021-01-22T00:50:48.085+0800: 49.582: [DefNew: 629120K->69887K(629120K), 0.0231600 secs] 1473477K->1033520K(2027264K), 0.0240343 secs] [Times: user=0.02 sys=0.00, real=0.03 secs] 
2021-01-22T00:50:48.174+0800: 49.671: [GC (Allocation Failure) 2021-01-22T00:50:48.175+0800: 49.672: [DefNew: 629119K->69888K(629120K), 0.0262406 secs] 1592752K->1161564K(2027264K), 0.0272514 secs] [Times: user=0.02 sys=0.00, real=0.03 secs] 
2021-01-22T00:50:48.274+0800: 49.771: [GC (Allocation Failure) 2021-01-22T00:50:48.275+0800: 49.772: [DefNew: 629120K->69887K(629120K), 0.0252321 secs] 1720796K->1279701K(2027264K), 0.0261888 secs] [Times: user=0.03 sys=0.00, real=0.03 secs] 
2021-01-22T00:50:48.366+0800: 49.863: [GC (Allocation Failure) 2021-01-22T00:50:48.366+0800: 49.863: [DefNew: 629119K->69888K(629120K), 0.0237025 secs] 1838933K->1403962K(2027264K), 0.0247124 secs] [Times: user=0.03 sys=0.00, real=0.03 secs] 
2021-01-22T00:50:48.462+0800: 49.959: [GC (Allocation Failure) 2021-01-22T00:50:48.462+0800: 49.959: [DefNew: 629120K->629120K(629120K), 0.0004006 secs]2021-01-22T00:50:48.463+0800: 49.960: [Tenured: 1334074K->364265K(1398144K), 0.0480151 secs] 1963194K->364265K(2027264K), [Metaspace: 2817K->2817K(1056768K)], 0.0498398 secs] [Times: user=0.05 sys=0.00, real=0.05 secs] 
2021-01-22T00:50:48.576+0800: 50.073: [GC (Allocation Failure) 2021-01-22T00:50:48.576+0800: 50.073: [DefNew: 559232K->69887K(629120K), 0.0199441 secs] 923497K->517306K(2027264K), 0.0208316 secs] [Times: user=0.02 sys=0.00, real=0.02 secs] 
2021-01-22T00:50:48.663+0800: 50.160: [GC (Allocation Failure) 2021-01-22T00:50:48.663+0800: 50.160: [DefNew: 629119K->69887K(629120K), 0.0244316 secs] 1076538K->644832K(2027264K), 0.0252771 secs] [Times: user=0.02 sys=0.00, real=0.03 secs] 
2021-01-22T00:50:48.755+0800: 50.252: [GC (Allocation Failure) 2021-01-22T00:50:48.755+0800: 50.252: [DefNew: 629119K->69888K(629120K), 0.0227851 secs] 1204064K->756854K(2027264K), 0.0237355 secs] [Times: user=0.02 sys=0.00, real=0.03 secs] 
2021-01-22T00:50:48.846+0800: 50.343: [GC (Allocation Failure) 2021-01-22T00:50:48.847+0800: 50.344: [DefNew: 629120K->69887K(629120K), 0.0237846 secs] 1316086K->884161K(2027264K), 0.0246022 secs] [Times: user=0.02 sys=0.00, real=0.03 secs] 
2021-01-22T00:50:48.937+0800: 50.434: [GC (Allocation Failure) 2021-01-22T00:50:48.938+0800: 50.435: [DefNew: 629119K->69888K(629120K), 0.0247458 secs] 1443393K->1017662K(2027264K), 0.0255829 secs] [Times: user=0.02 sys=0.00, real=0.03 secs] 
2021-01-22T00:50:49.027+0800: 50.524: [GC (Allocation Failure) 2021-01-22T00:50:49.027+0800: 50.524: [DefNew: 629120K->69887K(629120K), 0.0248672 secs] 1576894K->1133068K(2027264K), 0.0258195 secs] [Times: user=0.03 sys=0.00, real=0.03 secs] 
2021-01-22T00:50:49.120+0800: 50.617: [GC (Allocation Failure) 2021-01-22T00:50:49.120+0800: 50.617: [DefNew: 629119K->69887K(629120K), 0.0256140 secs] 1692300K->1249164K(2027264K), 0.0264724 secs] [Times: user=0.03 sys=0.00, real=0.02 secs] 
2021-01-22T00:50:49.219+0800: 50.716: [GC (Allocation Failure) 2021-01-22T00:50:49.220+0800: 50.717: [DefNew: 629119K->69887K(629120K), 0.0271489 secs] 1808396K->1378329K(2027264K), 0.0279733 secs] [Times: user=0.03 sys=0.00, real=0.02 secs] 
2021-01-22T00:50:49.335+0800: 50.832: [GC (Allocation Failure) 2021-01-22T00:50:49.335+0800: 50.832: [DefNew: 629119K->629119K(629120K), 0.0003388 secs]2021-01-22T00:50:49.336+0800: 50.833: [Tenured: 1308441K->397130K(1398144K), 0.0496656 secs] 1937561K->397130K(2027264K), [Metaspace: 2817K->2817K(1056768K)], 0.0513046 secs] [Times: user=0.05 sys=0.00, real=0.05 secs] 
2021-01-22T00:50:49.455+0800: 50.952: [GC (Allocation Failure) 2021-01-22T00:50:49.456+0800: 50.953: [DefNew: 559232K->69887K(629120K), 0.0205796 secs] 956362K->552436K(2027264K), 0.0213502 secs] [Times: user=0.02 sys=0.00, real=0.02 secs] 
2021-01-22T00:50:49.546+0800: 51.043: [GC (Allocation Failure) 2021-01-22T00:50:49.547+0800: 51.044: [DefNew: 629119K->69887K(629120K), 0.0245640 secs] 1111668K->680069K(2027264K), 0.0253919 secs] [Times: user=0.02 sys=0.00, real=0.03 secs] 
2021-01-22T00:50:49.642+0800: 51.139: [GC (Allocation Failure) 2021-01-22T00:50:49.643+0800: 51.140: [DefNew: 629119K->69888K(629120K), 0.0245981 secs] 1239301K->805232K(2027264K), 0.0256554 secs] [Times: user=0.02 sys=0.00, real=0.03 secs] 
2021-01-22T00:50:49.736+0800: 51.233: [GC (Allocation Failure) 2021-01-22T00:50:49.736+0800: 51.233: [DefNew: 629120K->69888K(629120K), 0.0235040 secs] 1364464K->928864K(2027264K), 0.0243611 secs] [Times: user=0.03 sys=0.00, real=0.03 secs] 
2021-01-22T00:50:49.829+0800: 51.326: [GC (Allocation Failure) 2021-01-22T00:50:49.829+0800: 51.326: [DefNew: 629120K->69887K(629120K), 0.0266201 secs] 1488096K->1048461K(2027264K), 0.0274931 secs] [Times: user=0.03 sys=0.00, real=0.02 secs] 
2021-01-22T00:50:49.926+0800: 51.423: [GC (Allocation Failure) 2021-01-22T00:50:49.927+0800: 51.424: [DefNew: 629119K->69887K(629120K), 0.0246521 secs] 1607693K->1174205K(2027264K), 0.0255396 secs] [Times: user=0.02 sys=0.00, real=0.03 secs] 
2021-01-22T00:50:50.018+0800: 51.515: [GC (Allocation Failure) 2021-01-22T00:50:50.018+0800: 51.515: [DefNew: 629119K->69887K(629120K), 0.0244930 secs] 1733437K->1304218K(2027264K), 0.0253188 secs] [Times: user=0.02 sys=0.00, real=0.03 secs] 
2021-01-22T00:50:50.110+0800: 51.607: [GC (Allocation Failure) 2021-01-22T00:50:50.111+0800: 51.608: [DefNew: 629119K->69887K(629120K), 0.0249551 secs] 1863450K->1430500K(2027264K), 0.0257922 secs] [Times: user=0.02 sys=0.00, real=0.02 secs] 
2021-01-22T00:50:50.208+0800: 51.705: [GC (Allocation Failure) 2021-01-22T00:50:50.209+0800: 51.706: [DefNew: 629119K->629119K(629120K), 0.0003635 secs]2021-01-22T00:50:50.210+0800: 51.707: [Tenured: 1360612K->440831K(1398144K), 0.0546664 secs] 1989732K->440831K(2027264K), [Metaspace: 2817K->2817K(1056768K)], 0.0562930 secs] [Times: user=0.05 sys=0.00, real=0.05 secs] 
2021-01-22T00:50:50.338+0800: 51.835: [GC (Allocation Failure) 2021-01-22T00:50:50.338+0800: 51.835: [DefNew: 559232K->69888K(629120K), 0.0185578 secs] 1000063K->589574K(2027264K), 0.0192919 secs] [Times: user=0.02 sys=0.00, real=0.02 secs] 
2021-01-22T00:50:50.424+0800: 51.921: [GC (Allocation Failure) 2021-01-22T00:50:50.425+0800: 51.922: [DefNew: 629120K->69887K(629120K), 0.0267113 secs] 1148806K->704770K(2027264K), 0.0277364 secs] [Times: user=0.03 sys=0.00, real=0.03 secs] 
2021-01-22T00:50:50.521+0800: 52.018: [GC (Allocation Failure) 2021-01-22T00:50:50.521+0800: 52.018: [DefNew: 629119K->69888K(629120K), 0.0247711 secs] 1264002K->830698K(2027264K), 0.0255009 secs] [Times: user=0.03 sys=0.00, real=0.02 secs] 
2021-01-22T00:50:50.613+0800: 52.110: [GC (Allocation Failure) 2021-01-22T00:50:50.613+0800: 52.110: [DefNew: 629120K->69887K(629120K), 0.0249589 secs] 1389930K->958124K(2027264K), 0.0258506 secs] [Times: user=0.03 sys=0.00, real=0.03 secs] 
2021-01-22T00:50:50.704+0800: 52.201: [GC (Allocation Failure) 2021-01-22T00:50:50.704+0800: 52.201: [DefNew: 629119K->69887K(629120K), 0.0245539 secs] 1517356K->1086997K(2027264K), 0.0255037 secs] [Times: user=0.03 sys=0.00, real=0.03 secs] 
2021-01-22T00:50:50.797+0800: 52.294: [GC (Allocation Failure) 2021-01-22T00:50:50.797+0800: 52.294: [DefNew: 629119K->69887K(629120K), 0.0243879 secs] 1646229K->1210953K(2027264K), 0.0252607 secs] [Times: user=0.02 sys=0.00, real=0.03 secs] 
2021-01-22T00:50:50.889+0800: 52.386: [GC (Allocation Failure) 2021-01-22T00:50:50.890+0800: 52.387: [DefNew: 629119K->69888K(629120K), 0.0249937 secs] 1770185K->1342201K(2027264K), 0.0260988 secs] [Times: user=0.02 sys=0.00, real=0.02 secs] 
2021-01-22T00:50:50.983+0800: 52.480: [GC (Allocation Failure) 2021-01-22T00:50:50.983+0800: 52.480: [DefNew: 629120K->629120K(629120K), 0.0003853 secs]2021-01-22T00:50:50.984+0800: 52.481: [Tenured: 1272313K->377326K(1398144K), 0.0533345 secs] 1901433K->377326K(2027264K), [Metaspace: 2817K->2817K(1056768K)], 0.0547845 secs] [Times: user=0.05 sys=0.00, real=0.05 secs] 
2021-01-22T00:50:51.114+0800: 52.611: [GC (Allocation Failure) 2021-01-22T00:50:51.114+0800: 52.611: [DefNew: 559232K->69888K(629120K), 0.0207578 secs] 936558K->522175K(2027264K), 0.0214316 secs] [Times: user=0.02 sys=0.00, real=0.02 secs] 
2021-01-22T00:50:51.207+0800: 52.704: [GC (Allocation Failure) 2021-01-22T00:50:51.207+0800: 52.704: [DefNew: 629120K->69888K(629120K), 0.0232490 secs] 1081407K->648192K(2027264K), 0.0239685 secs] [Times: user=0.02 sys=0.00, real=0.03 secs] 
2021-01-22T00:50:51.296+0800: 52.793: [GC (Allocation Failure) 2021-01-22T00:50:51.297+0800: 52.794: [DefNew: 629120K->69888K(629120K), 0.0254488 secs] 1207424K->781923K(2027264K), 0.0261792 secs] [Times: user=0.02 sys=0.00, real=0.03 secs] 
2021-01-22T00:50:51.388+0800: 52.885: [GC (Allocation Failure) 2021-01-22T00:50:51.388+0800: 52.885: [DefNew: 629120K->69887K(629120K), 0.0250629 secs] 1341155K->910698K(2027264K), 0.0260302 secs] [Times: user=0.02 sys=0.00, real=0.03 secs] 
2021-01-22T00:50:51.479+0800: 52.976: [GC (Allocation Failure) 2021-01-22T00:50:51.480+0800: 52.977: [DefNew: 629119K->69888K(629120K), 0.0256024 secs] 1469930K->1039486K(2027264K), 0.0264250 secs] [Times: user=0.02 sys=0.00, real=0.02 secs] 
2021-01-22T00:50:51.575+0800: 53.072: [GC (Allocation Failure) 2021-01-22T00:50:51.576+0800: 53.073: [DefNew: 629120K->69888K(629120K), 0.0266389 secs] 1598718K->1163108K(2027264K), 0.0274199 secs] [Times: user=0.03 sys=0.00, real=0.03 secs] 
2021-01-22T00:50:51.673+0800: 53.170: [GC (Allocation Failure) 2021-01-22T00:50:51.673+0800: 53.170: [DefNew: 629120K->69887K(629120K), 0.0246986 secs] 1722340K->1290392K(2027264K), 0.0257090 secs] [Times: user=0.02 sys=0.00, real=0.03 secs] 
2021-01-22T00:50:51.763+0800: 53.260: [GC (Allocation Failure) 2021-01-22T00:50:51.763+0800: 53.260: [DefNew: 629119K->69887K(629120K), 0.0236966 secs] 1849624K->1416470K(2027264K), 0.0246054 secs] [Times: user=0.02 sys=0.00, real=0.02 secs] 
2021-01-22T00:50:51.853+0800: 53.350: [GC (Allocation Failure) 2021-01-22T00:50:51.854+0800: 53.351: [DefNew: 629119K->629119K(629120K), 0.0004243 secs]2021-01-22T00:50:51.855+0800: 53.352: [Tenured: 1346582K->383469K(1398144K), 0.0513870 secs] 1975702K->383469K(2027264K), [Metaspace: 2817K->2817K(1056768K)], 0.0531237 secs] [Times: user=0.05 sys=0.00, real=0.05 secs] 
2021-01-22T00:50:51.975+0800: 53.472: [GC (Allocation Failure) 2021-01-22T00:50:51.975+0800: 53.472: [DefNew: 559232K->69887K(629120K), 0.0206912 secs] 942701K->540397K(2027264K), 0.0214785 secs] [Times: user=0.02 sys=0.00, real=0.02 secs] 
2021-01-22T00:50:52.066+0800: 53.563: [GC (Allocation Failure) 2021-01-22T00:50:52.067+0800: 53.564: [DefNew: 629119K->69888K(629120K), 0.0232628 secs] 1099629K->658605K(2027264K), 0.0241582 secs] [Times: user=0.02 sys=0.00, real=0.03 secs] 
2021-01-22T00:50:52.159+0800: 53.656: [GC (Allocation Failure) 2021-01-22T00:50:52.160+0800: 53.657: [DefNew: 629120K->69887K(629120K), 0.0231070 secs] 1217837K->787414K(2027264K), 0.0239473 secs] [Times: user=0.02 sys=0.00, real=0.02 secs] 
2021-01-22T00:50:52.249+0800: 53.746: [GC (Allocation Failure) 2021-01-22T00:50:52.250+0800: 53.747: [DefNew: 629119K->69888K(629120K), 0.0273658 secs] 1346646K->913136K(2027264K), 0.0281846 secs] [Times: user=0.02 sys=0.00, real=0.02 secs] 
2021-01-22T00:50:52.355+0800: 53.852: [GC (Allocation Failure) 2021-01-22T00:50:52.356+0800: 53.853: [DefNew: 629120K->69887K(629120K), 0.0303232 secs] 1472368K->1045436K(2027264K), 0.0311449 secs] [Times: user=0.03 sys=0.00, real=0.03 secs] 
2021-01-22T00:50:52.456+0800: 53.953: [GC (Allocation Failure) 2021-01-22T00:50:52.456+0800: 53.953: [DefNew: 629119K->69887K(629120K), 0.0248719 secs] 1604668K->1169612K(2027264K), 0.0260068 secs] [Times: user=0.02 sys=0.00, real=0.03 secs] 
2021-01-22T00:50:52.546+0800: 54.043: [GC (Allocation Failure) 2021-01-22T00:50:52.547+0800: 54.044: [DefNew: 629119K->69887K(629120K), 0.0266855 secs] 1728844K->1303720K(2027264K), 0.0276334 secs] [Times: user=0.03 sys=0.00, real=0.03 secs] 
2021-01-22T00:50:52.640+0800: 54.137: [GC (Allocation Failure) 2021-01-22T00:50:52.640+0800: 54.137: [DefNew: 629119K->629119K(629120K), 0.0003729 secs]2021-01-22T00:50:52.641+0800: 54.138: [Tenured: 1233832K->406479K(1398144K), 0.0541239 secs] 1862952K->406479K(2027264K), [Metaspace: 2817K->2817K(1056768K)], 0.0558966 secs] [Times: user=0.05 sys=0.00, real=0.05 secs] 
2021-01-22T00:50:52.768+0800: 54.265: [GC (Allocation Failure) 2021-01-22T00:50:52.768+0800: 54.265: [DefNew: 559232K->69887K(629120K), 0.0203498 secs] 965711K->562897K(2027264K), 0.0211629 secs] [Times: user=0.02 sys=0.00, real=0.03 secs] 
2021-01-22T00:50:52.856+0800: 54.353: [GC (Allocation Failure) 2021-01-22T00:50:52.856+0800: 54.353: [DefNew: 629119K->69886K(629120K), 0.0242304 secs] 1122129K->687624K(2027264K), 0.0250386 secs] [Times: user=0.03 sys=0.00, real=0.03 secs] 
2021-01-22T00:50:52.950+0800: 54.447: [GC (Allocation Failure) 2021-01-22T00:50:52.951+0800: 54.448: [DefNew: 629118K->69887K(629120K), 0.0251031 secs] 1246856K->819782K(2027264K), 0.0258650 secs] [Times: user=0.02 sys=0.00, real=0.02 secs] 
2021-01-22T00:50:53.044+0800: 54.541: [GC (Allocation Failure) 2021-01-22T00:50:53.045+0800: 54.542: [DefNew: 629119K->69888K(629120K), 0.0249917 secs] 1379014K->946832K(2027264K), 0.0258209 secs] [Times: user=0.02 sys=0.00, real=0.03 secs] 
2021-01-22T00:50:53.138+0800: 54.635: [GC (Allocation Failure) 2021-01-22T00:50:53.138+0800: 54.635: [DefNew: 629120K->69888K(629120K), 0.0252070 secs] 1506064K->1072279K(2027264K), 0.0261188 secs] [Times: user=0.03 sys=0.00, real=0.03 secs] 
2021-01-22T00:50:53.228+0800: 54.725: [GC (Allocation Failure) 2021-01-22T00:50:53.228+0800: 54.725: [DefNew: 629120K->69887K(629120K), 0.0259456 secs] 1631511K->1202094K(2027264K), 0.0268221 secs] [Times: user=0.02 sys=0.00, real=0.03 secs] 
2021-01-22T00:50:53.325+0800: 54.822: [GC (Allocation Failure) 2021-01-22T00:50:53.326+0800: 54.823: [DefNew: 629119K->69887K(629120K), 0.0235406 secs] 1761326K->1327100K(2027264K), 0.0244314 secs] [Times: user=0.03 sys=0.00, real=0.03 secs] 
2021-01-22T00:50:53.413+0800: 54.910: [GC (Allocation Failure) 2021-01-22T00:50:53.414+0800: 54.911: [DefNew: 629119K->629119K(629120K), 0.0003525 secs]2021-01-22T00:50:53.414+0800: 54.911: [Tenured: 1257212K->443409K(1398144K), 0.0508530 secs] 1886332K->443409K(2027264K), [Metaspace: 2817K->2817K(1056768K)], 0.0525039 secs] [Times: user=0.05 sys=0.00, real=0.05 secs] 
2021-01-22T00:50:53.532+0800: 55.029: [GC (Allocation Failure) 2021-01-22T00:50:53.533+0800: 55.030: [DefNew: 559232K->69887K(629120K), 0.0179853 secs] 1002641K->590794K(2027264K), 0.0188779 secs] [Times: user=0.02 sys=0.00, real=0.02 secs] 
2021-01-22T00:50:53.616+0800: 55.113: [GC (Allocation Failure) 2021-01-22T00:50:53.616+0800: 55.113: [DefNew: 629119K->69887K(629120K), 0.0255390 secs] 1150026K->715688K(2027264K), 0.0264419 secs] [Times: user=0.03 sys=0.00, real=0.03 secs] 
2021-01-22T00:50:53.719+0800: 55.216: [GC (Allocation Failure) 2021-01-22T00:50:53.719+0800: 55.216: [DefNew: 629119K->69887K(629120K), 0.0261689 secs] 1274920K->834767K(2027264K), 0.0269509 secs] [Times: user=0.03 sys=0.00, real=0.02 secs] 
2021-01-22T00:50:53.839+0800: 55.336: [GC (Allocation Failure) 2021-01-22T00:50:53.839+0800: 55.336: [DefNew: 629119K->69887K(629120K), 0.0280436 secs] 1393999K->967197K(2027264K), 0.0286722 secs] [Times: user=0.03 sys=0.00, real=0.02 secs] 
2021-01-22T00:50:53.942+0800: 55.439: [GC (Allocation Failure) 2021-01-22T00:50:53.942+0800: 55.439: [DefNew: 629119K->69887K(629120K), 0.0251995 secs] 1526429K->1099130K(2027264K), 0.0259028 secs] [Times: user=0.03 sys=0.00, real=0.02 secs] 
2021-01-22T00:50:54.033+0800: 55.530: [GC (Allocation Failure) 2021-01-22T00:50:54.033+0800: 55.530: [DefNew: 629119K->69887K(629120K), 0.0259606 secs] 1658362K->1235162K(2027264K), 0.0266771 secs] [Times: user=0.03 sys=0.00, real=0.03 secs] 
2021-01-22T00:50:54.129+0800: 55.626: [GC (Allocation Failure) 2021-01-22T00:50:54.129+0800: 55.626: [DefNew: 629119K->69887K(629120K), 0.0244715 secs] 1794394K->1354645K(2027264K), 0.0252441 secs] [Times: user=0.02 sys=0.00, real=0.02 secs] 
2021-01-22T00:50:54.221+0800: 55.718: [GC (Allocation Failure) 2021-01-22T00:50:54.222+0800: 55.719: [DefNew: 629119K->629119K(629120K), 0.0003564 secs]2021-01-22T00:50:54.223+0800: 55.720: [Tenured: 1284757K->421102K(1398144K), 0.0466156 secs] 1913877K->421102K(2027264K), [Metaspace: 2817K->2817K(1056768K)], 0.0515855 secs] [Times: user=0.05 sys=0.00, real=0.05 secs] 
2021-01-22T00:50:54.341+0800: 55.838: [GC (Allocation Failure) 2021-01-22T00:50:54.342+0800: 55.839: [DefNew: 559232K->69888K(629120K), 0.0203412 secs] 980334K->583772K(2027264K), 0.0212896 secs] [Times: user=0.02 sys=0.00, real=0.02 secs] 
2021-01-22T00:50:54.435+0800: 55.932: [GC (Allocation Failure) 2021-01-22T00:50:54.435+0800: 55.932: [DefNew: 629120K->69887K(629120K), 0.0264897 secs] 1143004K->707472K(2027264K), 0.0273060 secs] [Times: user=0.03 sys=0.00, real=0.03 secs] 
2021-01-22T00:50:54.531+0800: 56.028: [GC (Allocation Failure) 2021-01-22T00:50:54.532+0800: 56.029: [DefNew: 629119K->69887K(629120K), 0.0251068 secs] 1266704K->834010K(2027264K), 0.0261120 secs] [Times: user=0.02 sys=0.00, real=0.02 secs] 
2021-01-22T00:50:54.625+0800: 56.122: [GC (Allocation Failure) 2021-01-22T00:50:54.626+0800: 56.123: [DefNew: 629119K->69887K(629120K), 0.0256104 secs] 1393242K->964864K(2027264K), 0.0266187 secs] [Times: user=0.03 sys=0.00, real=0.03 secs] 
2021-01-22T00:50:54.718+0800: 56.215: [GC (Allocation Failure) 2021-01-22T00:50:54.718+0800: 56.215: [DefNew: 629119K->69887K(629120K), 0.0258112 secs] 1524096K->1091817K(2027264K), 0.0266869 secs] [Times: user=0.03 sys=0.00, real=0.03 secs] 
2021-01-22T00:50:54.815+0800: 56.312: [GC (Allocation Failure) 2021-01-22T00:50:54.816+0800: 56.313: [DefNew: 629119K->69887K(629120K), 0.0251784 secs] 1651049K->1219741K(2027264K), 0.0260609 secs] [Times: user=0.02 sys=0.00, real=0.03 secs] 
2021-01-22T00:50:54.907+0800: 56.404: [GC (Allocation Failure) 2021-01-22T00:50:54.908+0800: 56.405: [DefNew: 628841K->69887K(629120K), 0.0289024 secs] 1778695K->1348221K(2027264K), 0.0297224 secs] [Times: user=0.03 sys=0.00, real=0.03 secs] 
2021-01-22T00:50:55.007+0800: 56.504: [GC (Allocation Failure) 2021-01-22T00:50:55.008+0800: 56.505: [DefNew: 629119K->629119K(629120K), 0.0002738 secs]2021-01-22T00:50:55.008+0800: 56.505: [Tenured: 1278333K->384368K(1398144K), 0.0574738 secs] 1907453K->384368K(2027264K), [Metaspace: 2817K->2817K(1056768K)], 0.0587657 secs] [Times: user=0.06 sys=0.00, real=0.06 secs] 
2021-01-22T00:50:55.163+0800: 56.660: [GC (Allocation Failure) 2021-01-22T00:50:55.163+0800: 56.660: [DefNew: 559232K->69887K(629120K), 0.0202163 secs] 943600K->532074K(2027264K), 0.0207699 secs] [Times: user=0.02 sys=0.00, real=0.02 secs] 
2021-01-22T00:50:55.262+0800: 56.759: [GC (Allocation Failure) 2021-01-22T00:50:55.263+0800: 56.760: [DefNew: 629119K->69887K(629120K), 0.0312190 secs] 1091306K->654771K(2027264K), 0.0318435 secs] [Times: user=0.03 sys=0.00, real=0.03 secs] 
2021-01-22T00:50:55.370+0800: 56.867: [GC (Allocation Failure) 2021-01-22T00:50:55.370+0800: 56.867: [DefNew: 629119K->69887K(629120K), 0.0291884 secs] 1214003K->780633K(2027264K), 0.0297059 secs] [Times: user=0.03 sys=0.00, real=0.03 secs] 
2021-01-22T00:50:55.483+0800: 56.980: [GC (Allocation Failure) 2021-01-22T00:50:55.484+0800: 56.981: [DefNew: 629119K->69887K(629120K), 0.0288227 secs] 1339865K->917752K(2027264K), 0.0294020 secs] [Times: user=0.03 sys=0.00, real=0.03 secs] 
2021-01-22T00:50:55.587+0800: 57.084: [GC (Allocation Failure) 2021-01-22T00:50:55.587+0800: 57.084: [DefNew: 629119K->69887K(629120K), 0.0290252 secs] 1476984K->1045111K(2027264K), 0.0295699 secs] [Times: user=0.03 sys=0.00, real=0.03 secs] 
2021-01-22T00:50:55.692+0800: 57.189: [GC (Allocation Failure) 2021-01-22T00:50:55.692+0800: 57.189: [DefNew: 629119K->69887K(629120K), 0.0317042 secs] 1604343K->1176868K(2027264K), 0.0325175 secs] [Times: user=0.03 sys=0.00, real=0.03 secs] 
2021-01-22T00:50:55.801+0800: 57.298: [GC (Allocation Failure) 2021-01-22T00:50:55.801+0800: 57.298: [DefNew: 629119K->69887K(629120K), 0.0301283 secs] 1736100K->1298640K(2027264K), 0.0311437 secs] [Times: user=0.03 sys=0.00, real=0.03 secs] 
2021-01-22T00:50:55.906+0800: 57.403: [GC (Allocation Failure) 2021-01-22T00:50:55.906+0800: 57.403: [DefNew: 629119K->69888K(629120K), 0.0281718 secs] 1857872K->1416362K(2027264K), 0.0289631 secs] [Times: user=0.03 sys=0.00, real=0.03 secs] 
2021-01-22T00:50:56.008+0800: 57.505: [GC (Allocation Failure) 2021-01-22T00:50:56.009+0800: 57.506: [DefNew: 629120K->629120K(629120K), 0.0002646 secs]2021-01-22T00:50:56.009+0800: 57.506: [Tenured: 1346474K->431641K(1398144K), 0.0610793 secs] 1975594K->431641K(2027264K), [Metaspace: 2817K->2817K(1056768K)], 0.0623783 secs] [Times: user=0.06 sys=0.00, real=0.06 secs] 
2021-01-22T00:50:56.149+0800: 57.646: [GC (Allocation Failure) 2021-01-22T00:50:56.150+0800: 57.647: [DefNew: 559232K->69887K(629120K), 0.0209972 secs] 990873K->577192K(2027264K), 0.0218925 secs] [Times: user=0.02 sys=0.00, real=0.02 secs] 
2021-01-22T00:50:56.245+0800: 57.742: [GC (Allocation Failure) 2021-01-22T00:50:56.246+0800: 57.743: [DefNew: 629119K->69887K(629120K), 0.0280952 secs] 1136424K->698818K(2027264K), 0.0290782 secs] [Times: user=0.03 sys=0.00, real=0.03 secs] 
2021-01-22T00:50:56.343+0800: 57.840: [GC (Allocation Failure) 2021-01-22T00:50:56.344+0800: 57.841: [DefNew: 629119K->69887K(629120K), 0.0276510 secs] 1258050K->835436K(2027264K), 0.0286087 secs] [Times: user=0.03 sys=0.00, real=0.03 secs] 
2021-01-22T00:50:56.440+0800: 57.937: [GC (Allocation Failure) 2021-01-22T00:50:56.441+0800: 57.938: [DefNew: 629119K->69888K(629120K), 0.0277307 secs] 1394668K->971411K(2027264K), 0.0287620 secs] [Times: user=0.02 sys=0.00, real=0.03 secs] 
2021-01-22T00:50:56.542+0800: 58.039: [GC (Allocation Failure) 2021-01-22T00:50:56.542+0800: 58.039: [DefNew: 629120K->69888K(629120K), 0.0256208 secs] 1530643K->1097009K(2027264K), 0.0264606 secs] [Times: user=0.02 sys=0.00, real=0.03 secs] 
2021-01-22T00:50:56.640+0800: 58.137: [GC (Allocation Failure) 2021-01-22T00:50:56.640+0800: 58.137: [DefNew: 629120K->69887K(629120K), 0.0266668 secs] 1656241K->1231275K(2027264K), 0.0276068 secs] [Times: user=0.03 sys=0.00, real=0.02 secs] 
2021-01-22T00:50:56.737+0800: 58.234: [GC (Allocation Failure) 2021-01-22T00:50:56.738+0800: 58.235: [DefNew: 628895K->69888K(629120K), 0.0290583 secs] 1790283K->1364543K(2027264K), 0.0299808 secs] [Times: user=0.03 sys=0.00, real=0.03 secs] 
2021-01-22T00:50:56.840+0800: 58.337: [GC (Allocation Failure) 2021-01-22T00:50:56.841+0800: 58.338: [DefNew: 629120K->629120K(629120K), 0.0004795 secs]2021-01-22T00:50:56.842+0800: 58.339: [Tenured: 1294655K->387100K(1398144K), 0.0547417 secs] 1923775K->387100K(2027264K), [Metaspace: 2817K->2817K(1056768K)], 0.0566267 secs] [Times: user=0.05 sys=0.00, real=0.05 secs] 
2021-01-22T00:50:56.969+0800: 58.466: [GC (Allocation Failure) 2021-01-22T00:50:56.969+0800: 58.466: [DefNew: 559232K->69887K(629120K), 0.0210939 secs] 946332K->535176K(2027264K), 0.0219592 secs] [Times: user=0.02 sys=0.00, real=0.02 secs] 
2021-01-22T00:50:57.065+0800: 58.562: [GC (Allocation Failure) 2021-01-22T00:50:57.065+0800: 58.562: [DefNew: 629119K->69887K(629120K), 0.0272303 secs] 1094408K->649886K(2027264K), 0.0281028 secs] [Times: user=0.03 sys=0.00, real=0.03 secs] 
2021-01-22T00:50:57.168+0800: 58.665: [GC (Allocation Failure) 2021-01-22T00:50:57.169+0800: 58.666: [DefNew: 629119K->69887K(629120K), 0.0282717 secs] 1209118K->766240K(2027264K), 0.0290427 secs] [Times: user=0.03 sys=0.00, real=0.02 secs] 
2021-01-22T00:50:57.269+0800: 58.766: [GC (Allocation Failure) 2021-01-22T00:50:57.270+0800: 58.767: [DefNew: 629119K->69887K(629120K), 0.0275685 secs] 1325472K->892840K(2027264K), 0.0284602 secs] [Times: user=0.03 sys=0.00, real=0.02 secs] 
2021-01-22T00:50:57.368+0800: 58.865: [GC (Allocation Failure) 2021-01-22T00:50:57.369+0800: 58.866: [DefNew: 629119K->69887K(629120K), 0.0304921 secs] 1452072K->1016541K(2027264K), 0.0313376 secs] [Times: user=0.03 sys=0.00, real=0.03 secs] 
2021-01-22T00:50:57.478+0800: 58.975: [GC (Allocation Failure) 2021-01-22T00:50:57.479+0800: 58.976: [DefNew: 629119K->69887K(629120K), 0.0318685 secs] 1575773K->1127864K(2027264K), 0.0326711 secs] [Times: user=0.03 sys=0.00, real=0.03 secs] 
2021-01-22T00:50:57.598+0800: 59.095: [GC (Allocation Failure) 2021-01-22T00:50:57.599+0800: 59.096: [DefNew: 629119K->69888K(629120K), 0.0298678 secs] 1687096K->1248738K(2027264K), 0.0308240 secs] [Times: user=0.03 sys=0.00, real=0.03 secs] 
2021-01-22T00:50:57.709+0800: 59.206: [GC (Allocation Failure) 2021-01-22T00:50:57.709+0800: 59.206: [DefNew: 629120K->69887K(629120K), 0.0318546 secs] 1807970K->1376735K(2027264K), 0.0328811 secs] [Times: user=0.03 sys=0.00, real=0.03 secs] 
2021-01-22T00:50:57.820+0800: 59.317: [GC (Allocation Failure) 2021-01-22T00:50:57.820+0800: 59.317: [DefNew: 629119K->629119K(629120K), 0.0004471 secs]2021-01-22T00:50:57.821+0800: 59.318: [Tenured: 1306847K->370119K(1398144K), 0.0572384 secs] 1935967K->370119K(2027264K), [Metaspace: 2817K->2817K(1056768K)], 0.0591823 secs] [Times: user=0.05 sys=0.00, real=0.06 secs] 
2021-01-22T00:50:57.950+0800: 59.447: [GC (Allocation Failure) 2021-01-22T00:50:57.951+0800: 59.448: [DefNew: 559232K->69887K(629120K), 0.0241122 secs] 929351K->528918K(2027264K), 0.0250653 secs] [Times: user=0.03 sys=0.00, real=0.02 secs] 
2021-01-22T00:50:58.045+0800: 59.542: [GC (Allocation Failure) 2021-01-22T00:50:58.046+0800: 59.543: [DefNew: 629119K->69887K(629120K), 0.0504677 secs] 1088150K->665052K(2027264K), 0.0514721 secs] [Times: user=0.05 sys=0.00, real=0.05 secs] 
2021-01-22T00:50:58.208+0800: 59.705: [GC (Allocation Failure) 2021-01-22T00:50:58.208+0800: 59.705: [DefNew: 629119K->69887K(629120K), 0.0262319 secs] 1224284K->791245K(2027264K), 0.0268229 secs] [Times: user=0.02 sys=0.00, real=0.03 secs] 
2021-01-22T00:50:58.307+0800: 59.804: [GC (Allocation Failure) 2021-01-22T00:50:58.307+0800: 59.804: [DefNew: 629119K->69887K(629120K), 0.0253913 secs] 1350477K->912994K(2027264K), 0.0259251 secs] [Times: user=0.02 sys=0.00, real=0.03 secs] 
2021-01-22T00:50:58.399+0800: 59.896: [GC (Allocation Failure) 2021-01-22T00:50:58.399+0800: 59.896: [DefNew: 629119K->69887K(629120K), 0.0306577 secs] 1472226K->1045419K(2027264K), 0.0312295 secs] [Times: user=0.03 sys=0.00, real=0.03 secs] 
2021-01-22T00:50:58.492+0800: 59.989: [GC (Allocation Failure) 2021-01-22T00:50:58.493+0800: 59.990: [DefNew: 629119K->69887K(629120K), 0.0259696 secs] 1604651K->1177299K(2027264K), 0.0264874 secs] [Times: user=0.03 sys=0.00, real=0.03 secs] 
Heap
 def new generation   total 629120K, used 394031K [0x0000000080000000, 0x00000000aaaa0000, 0x00000000aaaa0000)
  eden space 559232K,  57% used [0x0000000080000000, 0x0000000093c8bf40, 0x00000000a2220000)
  from space 69888K,  99% used [0x00000000a6660000, 0x00000000aaa9fff0, 0x00000000aaaa0000)
  to   space 69888K,   0% used [0x00000000a2220000, 0x00000000a2220000, 0x00000000a6660000)
 tenured generation   total 1398144K, used 1107411K [0x00000000aaaa0000, 0x0000000100000000, 0x0000000100000000)
   the space 1398144K,  79% used [0x00000000aaaa0000, 0x00000000ee414ef8, 0x00000000ee415000, 0x0000000100000000)
 Metaspace       used 2823K, capacity 4490K, committed 4864K, reserved 1056768K
  class space    used 293K, capacity 386K, committed 512K, reserved 1048576K
