OpenJDK 64-Bit Server VM (25.252-b09) for linux-amd64 JRE (1.8.0_252-8u252-b09-1ubuntu1-b09), built on Apr 16 2020 08:47:49 by "buildd" with gcc 9.3.0
Memory: 4k page, physical 39286120k(39105020k free), swap 10485760k(10485760k free)
CommandLine flags: -XX:InitialHeapSize=1073741824 -XX:MaxHeapSize=1073741824 -XX:+PrintGC -XX:+PrintGCDateStamps -XX:+PrintGCDetails -XX:+PrintGCTimeStamps -XX:+UseCompressedClassPointers -XX:+UseCompressedOops -XX:+UseSerialGC 
2021-01-22T01:10:43.778+0800: 0.146: [GC (Allocation Failure) 2021-01-22T01:10:43.779+0800: 0.147: [DefNew: 279616K->34944K(314560K), 0.0206905 secs] 279616K->86712K(1013632K), 0.0215481 secs] [Times: user=0.01 sys=0.02, real=0.02 secs] 
2021-01-22T01:10:43.839+0800: 0.207: [GC (Allocation Failure) 2021-01-22T01:10:43.840+0800: 0.208: [DefNew: 314560K->34943K(314560K), 0.0241367 secs] 366328K->157557K(1013632K), 0.0250854 secs] [Times: user=0.01 sys=0.02, real=0.02 secs] 
2021-01-22T01:10:43.902+0800: 0.270: [GC (Allocation Failure) 2021-01-22T01:10:43.902+0800: 0.270: [DefNew: 314559K->34942K(314560K), 0.0211310 secs] 437173K->232711K(1013632K), 0.0219647 secs] [Times: user=0.01 sys=0.01, real=0.02 secs] 
2021-01-22T01:10:43.958+0800: 0.326: [GC (Allocation Failure) 2021-01-22T01:10:43.958+0800: 0.326: [DefNew: 314558K->34943K(314560K), 0.0230529 secs] 512327K->314584K(1013632K), 0.0238440 secs] [Times: user=0.01 sys=0.01, real=0.03 secs] 
2021-01-22T01:10:44.016+0800: 0.383: [GC (Allocation Failure) 2021-01-22T01:10:44.016+0800: 0.384: [DefNew: 314559K->34943K(314560K), 0.0221183 secs] 594200K->391050K(1013632K), 0.0229080 secs] [Times: user=0.01 sys=0.00, real=0.03 secs] 
2021-01-22T01:10:44.072+0800: 0.440: [GC (Allocation Failure) 2021-01-22T01:10:44.073+0800: 0.441: [DefNew: 314559K->34944K(314560K), 0.0212774 secs] 670666K->467151K(1013632K), 0.0222672 secs] [Times: user=0.01 sys=0.03, real=0.02 secs] 
2021-01-22T01:10:44.129+0800: 0.497: [GC (Allocation Failure) 2021-01-22T01:10:44.129+0800: 0.497: [DefNew: 314560K->34943K(314560K), 0.0239416 secs] 746767K->546934K(1013632K), 0.0247702 secs] [Times: user=0.01 sys=0.00, real=0.02 secs] 
2021-01-22T01:10:44.187+0800: 0.555: [GC (Allocation Failure) 2021-01-22T01:10:44.188+0800: 0.556: [DefNew: 314559K->34942K(314560K), 0.0243773 secs] 826550K->629368K(1013632K), 0.0253229 secs] [Times: user=0.01 sys=0.01, real=0.03 secs] 
2021-01-22T01:10:44.248+0800: 0.616: [GC (Allocation Failure) 2021-01-22T01:10:44.249+0800: 0.617: [DefNew: 314558K->34943K(314560K), 0.0244005 secs] 908984K->707990K(1013632K), 0.0252586 secs] [Times: user=0.02 sys=0.01, real=0.02 secs] 
2021-01-22T01:10:44.309+0800: 0.677: [GC (Allocation Failure) 2021-01-22T01:10:44.309+0800: 0.677: [DefNew: 314559K->314559K(314560K), 0.0003801 secs]2021-01-22T01:10:44.310+0800: 0.678: [Tenured: 673046K->392205K(699072K), 0.0437784 secs] 987606K->392205K(1013632K), [Metaspace: 2809K->2809K(1056768K)], 0.0454572 secs] [Times: user=0.05 sys=0.00, real=0.04 secs] 
2021-01-22T01:10:44.393+0800: 0.761: [GC (Allocation Failure) 2021-01-22T01:10:44.394+0800: 0.761: [DefNew: 279616K->34943K(314560K), 0.0109691 secs] 671821K->476048K(1013632K), 0.0117214 secs] [Times: user=0.01 sys=0.00, real=0.01 secs] 
2021-01-22T01:10:44.442+0800: 0.810: [GC (Allocation Failure) 2021-01-22T01:10:44.443+0800: 0.810: [DefNew: 314559K->34941K(314560K), 0.0158279 secs] 755664K->568472K(1013632K), 0.0168142 secs] [Times: user=0.02 sys=0.00, real=0.02 secs] 
2021-01-22T01:10:44.493+0800: 0.860: [GC (Allocation Failure) 2021-01-22T01:10:44.493+0800: 0.861: [DefNew: 314182K->34943K(314560K), 0.0146751 secs] 847713K->648941K(1013632K), 0.0156401 secs] [Times: user=0.02 sys=0.00, real=0.02 secs] 
2021-01-22T01:10:44.544+0800: 0.912: [GC (Allocation Failure) 2021-01-22T01:10:44.544+0800: 0.912: [DefNew: 314559K->314559K(314560K), 0.0003329 secs]2021-01-22T01:10:44.545+0800: 0.913: [Tenured: 613998K->414574K(699072K), 0.0489182 secs] 928557K->414574K(1013632K), [Metaspace: 2810K->2810K(1056768K)], 0.0504085 secs] [Times: user=0.05 sys=0.00, real=0.05 secs] 
2021-01-22T01:10:44.629+0800: 0.997: [GC (Allocation Failure) 2021-01-22T01:10:44.629+0800: 0.997: [DefNew: 279616K->34943K(314560K), 0.0109712 secs] 694190K->505488K(1013632K), 0.0117932 secs] [Times: user=0.02 sys=0.00, real=0.01 secs] 
2021-01-22T01:10:44.679+0800: 1.046: [GC (Allocation Failure) 2021-01-22T01:10:44.679+0800: 1.047: [DefNew: 314559K->34943K(314560K), 0.0136323 secs] 785104K->577485K(1013632K), 0.0144809 secs] [Times: user=0.02 sys=0.00, real=0.01 secs] 
2021-01-22T01:10:44.729+0800: 1.097: [GC (Allocation Failure) 2021-01-22T01:10:44.729+0800: 1.097: [DefNew: 314559K->34943K(314560K), 0.0167929 secs] 857101K->663281K(1013632K), 0.0176611 secs] [Times: user=0.02 sys=0.00, real=0.01 secs] 
2021-01-22T01:10:44.782+0800: 1.150: [GC (Allocation Failure) 2021-01-22T01:10:44.783+0800: 1.151: [DefNew: 314559K->314559K(314560K), 0.0004669 secs]2021-01-22T01:10:44.784+0800: 1.151: [Tenured: 628338K->403980K(699072K), 0.0458919 secs] 942897K->403980K(1013632K), [Metaspace: 2810K->2810K(1056768K)], 0.0476317 secs] [Times: user=0.05 sys=0.00, real=0.05 secs] 
2021-01-22T01:10:44.864+0800: 1.232: [GC (Allocation Failure) 2021-01-22T01:10:44.865+0800: 1.233: [DefNew: 279616K->34943K(314560K), 0.0111703 secs] 683596K->497396K(1013632K), 0.0121726 secs] [Times: user=0.01 sys=0.00, real=0.01 secs] 
2021-01-22T01:10:44.910+0800: 1.277: [GC (Allocation Failure) 2021-01-22T01:10:44.910+0800: 1.278: [DefNew: 314559K->34942K(314560K), 0.0133942 secs] 777012K->573938K(1013632K), 0.0142397 secs] [Times: user=0.02 sys=0.00, real=0.01 secs] 
2021-01-22T01:10:44.957+0800: 1.325: [GC (Allocation Failure) 2021-01-22T01:10:44.958+0800: 1.326: [DefNew: 314558K->34943K(314560K), 0.0151443 secs] 853554K->657177K(1013632K), 0.0159803 secs] [Times: user=0.02 sys=0.00, real=0.02 secs] 
2021-01-22T01:10:45.007+0800: 1.375: [GC (Allocation Failure) 2021-01-22T01:10:45.007+0800: 1.375: [DefNew: 314559K->314559K(314560K), 0.0003116 secs]2021-01-22T01:10:45.008+0800: 1.376: [Tenured: 622234K->374198K(699072K), 0.0476452 secs] 936793K->374198K(1013632K), [Metaspace: 2810K->2810K(1056768K)], 0.0491261 secs] [Times: user=0.05 sys=0.00, real=0.05 secs] 
2021-01-22T01:10:45.089+0800: 1.457: [GC (Allocation Failure) 2021-01-22T01:10:45.089+0800: 1.457: [DefNew: 279616K->34942K(314560K), 0.0106981 secs] 653814K->461678K(1013632K), 0.0115717 secs] [Times: user=0.01 sys=0.00, real=0.01 secs] 
2021-01-22T01:10:45.136+0800: 1.504: [GC (Allocation Failure) 2021-01-22T01:10:45.136+0800: 1.504: [DefNew: 314558K->34944K(314560K), 0.0151141 secs] 741294K->543069K(1013632K), 0.0160208 secs] [Times: user=0.02 sys=0.00, real=0.02 secs] 
2021-01-22T01:10:45.188+0800: 1.556: [GC (Allocation Failure) 2021-01-22T01:10:45.188+0800: 1.556: [DefNew: 314560K->34943K(314560K), 0.0154131 secs] 822685K->626996K(1013632K), 0.0163882 secs] [Times: user=0.02 sys=0.00, real=0.02 secs] 
2021-01-22T01:10:45.234+0800: 1.602: [GC (Allocation Failure) 2021-01-22T01:10:45.235+0800: 1.603: [DefNew: 314559K->34943K(314560K), 0.0142448 secs] 906612K->707702K(1013632K), 0.0151785 secs] [Times: user=0.01 sys=0.00, real=0.02 secs] 
2021-01-22T01:10:45.286+0800: 1.653: [GC (Allocation Failure) 2021-01-22T01:10:45.286+0800: 1.654: [DefNew: 314559K->314559K(314560K), 0.0003668 secs]2021-01-22T01:10:45.287+0800: 1.655: [Tenured: 672758K->412688K(699072K), 0.0482701 secs] 987318K->412688K(1013632K), [Metaspace: 2810K->2810K(1056768K)], 0.0499815 secs] [Times: user=0.05 sys=0.00, real=0.05 secs] 
2021-01-22T01:10:45.372+0800: 1.740: [GC (Allocation Failure) 2021-01-22T01:10:45.372+0800: 1.740: [DefNew: 279616K->34943K(314560K), 0.0119175 secs] 692304K->503624K(1013632K), 0.0129415 secs] [Times: user=0.01 sys=0.00, real=0.01 secs] 
2021-01-22T01:10:45.418+0800: 1.786: [GC (Allocation Failure) 2021-01-22T01:10:45.419+0800: 1.786: [DefNew: 314559K->34944K(314560K), 0.0149725 secs] 783240K->586445K(1013632K), 0.0161148 secs] [Times: user=0.01 sys=0.00, real=0.01 secs] 
2021-01-22T01:10:45.469+0800: 1.836: [GC (Allocation Failure) 2021-01-22T01:10:45.469+0800: 1.837: [DefNew: 314560K->34943K(314560K), 0.0169552 secs] 866061K->660524K(1013632K), 0.0179064 secs] [Times: user=0.00 sys=0.00, real=0.01 secs] 
2021-01-22T01:10:45.523+0800: 1.891: [GC (Allocation Failure) 2021-01-22T01:10:45.523+0800: 1.891: [DefNew: 314559K->314559K(314560K), 0.0002080 secs]2021-01-22T01:10:45.523+0800: 1.891: [Tenured: 625580K->411237K(699072K), 0.0513680 secs] 940140K->411237K(1013632K), [Metaspace: 2810K->2810K(1056768K)], 0.0526171 secs] [Times: user=0.05 sys=0.00, real=0.05 secs] 
2021-01-22T01:10:45.614+0800: 1.981: [GC (Allocation Failure) 2021-01-22T01:10:45.614+0800: 1.982: [DefNew: 279616K->34942K(314560K), 0.0105840 secs] 690853K->487944K(1013632K), 0.0116187 secs] [Times: user=0.01 sys=0.00, real=0.01 secs] 
2021-01-22T01:10:45.663+0800: 2.031: [GC (Allocation Failure) 2021-01-22T01:10:45.664+0800: 2.032: [DefNew: 314558K->34943K(314560K), 0.0162598 secs] 767560K->570188K(1013632K), 0.0170015 secs] [Times: user=0.01 sys=0.00, real=0.02 secs] 
2021-01-22T01:10:45.714+0800: 2.081: [GC (Allocation Failure) 2021-01-22T01:10:45.714+0800: 2.082: [DefNew: 314559K->34941K(314560K), 0.0156923 secs] 849804K->650227K(1013632K), 0.0164692 secs] [Times: user=0.01 sys=0.00, real=0.02 secs] 
2021-01-22T01:10:45.767+0800: 2.135: [GC (Allocation Failure) 2021-01-22T01:10:45.767+0800: 2.135: [DefNew: 314557K->314557K(314560K), 0.0002581 secs]2021-01-22T01:10:45.767+0800: 2.135: [Tenured: 615286K->406125K(699072K), 0.0497510 secs] 929843K->406125K(1013632K), [Metaspace: 2810K->2810K(1056768K)], 0.0509255 secs] [Times: user=0.05 sys=0.00, real=0.05 secs] 
2021-01-22T01:10:45.858+0800: 2.226: [GC (Allocation Failure) 2021-01-22T01:10:45.858+0800: 2.226: [DefNew: 279616K->34943K(314560K), 0.0121708 secs] 685741K->489964K(1013632K), 0.0130116 secs] [Times: user=0.01 sys=0.00, real=0.02 secs] 
2021-01-22T01:10:45.905+0800: 2.273: [GC (Allocation Failure) 2021-01-22T01:10:45.906+0800: 2.273: [DefNew: 314559K->34944K(314560K), 0.0160002 secs] 769580K->566575K(1013632K), 0.0167384 secs] [Times: user=0.02 sys=0.00, real=0.02 secs] 
2021-01-22T01:10:45.959+0800: 2.327: [GC (Allocation Failure) 2021-01-22T01:10:45.959+0800: 2.327: [DefNew: 314560K->34943K(314560K), 0.0145692 secs] 846191K->641300K(1013632K), 0.0154990 secs] [Times: user=0.02 sys=0.00, real=0.01 secs] 
2021-01-22T01:10:46.011+0800: 2.379: [GC (Allocation Failure) 2021-01-22T01:10:46.011+0800: 2.379: [DefNew: 314559K->314559K(314560K), 0.0003625 secs]2021-01-22T01:10:46.012+0800: 2.380: [Tenured: 606356K->369029K(699072K), 0.0488897 secs] 920916K->369029K(1013632K), [Metaspace: 2810K->2810K(1056768K)], 0.0505068 secs] [Times: user=0.05 sys=0.00, real=0.05 secs] 
2021-01-22T01:10:46.099+0800: 2.467: [GC (Allocation Failure) 2021-01-22T01:10:46.099+0800: 2.467: [DefNew: 279616K->34943K(314560K), 0.0109462 secs] 648645K->451975K(1013632K), 0.0117538 secs] [Times: user=0.01 sys=0.00, real=0.01 secs] 
2021-01-22T01:10:46.148+0800: 2.516: [GC (Allocation Failure) 2021-01-22T01:10:46.148+0800: 2.516: [DefNew: 314559K->34943K(314560K), 0.0150056 secs] 731591K->528903K(1013632K), 0.0159276 secs] [Times: user=0.01 sys=0.00, real=0.02 secs] 
2021-01-22T01:10:46.197+0800: 2.565: [GC (Allocation Failure) 2021-01-22T01:10:46.198+0800: 2.566: [DefNew: 314559K->34941K(314560K), 0.0154434 secs] 808519K->605327K(1013632K), 0.0165069 secs] [Times: user=0.01 sys=0.00, real=0.02 secs] 
2021-01-22T01:10:46.248+0800: 2.616: [GC (Allocation Failure) 2021-01-22T01:10:46.249+0800: 2.617: [DefNew: 314557K->34943K(314560K), 0.0154066 secs] 884943K->687951K(1013632K), 0.0166586 secs] [Times: user=0.02 sys=0.00, real=0.01 secs] 
2021-01-22T01:10:46.301+0800: 2.669: [GC (Allocation Failure) 2021-01-22T01:10:46.301+0800: 2.669: [DefNew: 314559K->314559K(314560K), 0.0005074 secs]2021-01-22T01:10:46.302+0800: 2.670: [Tenured: 653007K->402739K(699072K), 0.0461217 secs] 967567K->402739K(1013632K), [Metaspace: 2810K->2810K(1056768K)], 0.0480096 secs] [Times: user=0.04 sys=0.00, real=0.05 secs] 
2021-01-22T01:10:46.381+0800: 2.749: [GC (Allocation Failure) 2021-01-22T01:10:46.382+0800: 2.750: [DefNew: 279616K->34944K(314560K), 0.0104680 secs] 682355K->489449K(1013632K), 0.0113588 secs] [Times: user=0.01 sys=0.00, real=0.01 secs] 
2021-01-22T01:10:46.425+0800: 2.793: [GC (Allocation Failure) 2021-01-22T01:10:46.426+0800: 2.793: [DefNew: 314560K->34943K(314560K), 0.0148806 secs] 769065K->572785K(1013632K), 0.0158612 secs] [Times: user=0.01 sys=0.00, real=0.02 secs] 
2021-01-22T01:10:46.475+0800: 2.843: [GC (Allocation Failure) 2021-01-22T01:10:46.476+0800: 2.843: [DefNew: 314559K->34943K(314560K), 0.0151597 secs] 852401K->655649K(1013632K), 0.0161992 secs] [Times: user=0.02 sys=0.00, real=0.02 secs] 
2021-01-22T01:10:46.528+0800: 2.896: [GC (Allocation Failure) 2021-01-22T01:10:46.529+0800: 2.896: [DefNew: 314559K->314559K(314560K), 0.0003592 secs]2021-01-22T01:10:46.529+0800: 2.897: [Tenured: 620705K->404619K(699072K), 0.0576143 secs] 935265K->404619K(1013632K), [Metaspace: 2810K->2810K(1056768K)], 0.0590277 secs] [Times: user=0.05 sys=0.00, real=0.05 secs] 
2021-01-22T01:10:46.630+0800: 2.998: [GC (Allocation Failure) 2021-01-22T01:10:46.631+0800: 2.999: [DefNew: 279616K->34943K(314560K), 0.0134297 secs] 684235K->490489K(1013632K), 0.0140103 secs] [Times: user=0.01 sys=0.00, real=0.01 secs] 
2021-01-22T01:10:46.684+0800: 3.052: [GC (Allocation Failure) 2021-01-22T01:10:46.684+0800: 3.052: [DefNew: 314559K->34943K(314560K), 0.0133044 secs] 770105K->563521K(1013632K), 0.0139976 secs] [Times: user=0.01 sys=0.00, real=0.02 secs] 
2021-01-22T01:10:46.733+0800: 3.101: [GC (Allocation Failure) 2021-01-22T01:10:46.734+0800: 3.102: [DefNew: 314559K->34943K(314560K), 0.0149212 secs] 843137K->638088K(1013632K), 0.0168002 secs] [Times: user=0.01 sys=0.00, real=0.02 secs] 
2021-01-22T01:10:46.787+0800: 3.155: [GC (Allocation Failure) 2021-01-22T01:10:46.787+0800: 3.155: [DefNew: 314559K->314559K(314560K), 0.0004135 secs]2021-01-22T01:10:46.788+0800: 3.156: [Tenured: 603144K->397811K(699072K), 0.0491116 secs] 917704K->397811K(1013632K), [Metaspace: 2810K->2810K(1056768K)], 0.0508653 secs] [Times: user=0.05 sys=0.00, real=0.05 secs] 
2021-01-22T01:10:46.874+0800: 3.242: [GC (Allocation Failure) 2021-01-22T01:10:46.874+0800: 3.242: [DefNew: 279616K->34943K(314560K), 0.0137979 secs] 677427K->493078K(1013632K), 0.0146847 secs] [Times: user=0.01 sys=0.00, real=0.02 secs] 
2021-01-22T01:10:46.924+0800: 3.291: [GC (Allocation Failure) 2021-01-22T01:10:46.924+0800: 3.292: [DefNew: 314559K->34943K(314560K), 0.0164845 secs] 772694K->573618K(1013632K), 0.0173810 secs] [Times: user=0.01 sys=0.00, real=0.02 secs] 
2021-01-22T01:10:46.977+0800: 3.345: [GC (Allocation Failure) 2021-01-22T01:10:46.978+0800: 3.345: [DefNew: 314559K->34944K(314560K), 0.0162413 secs] 853234K->645248K(1013632K), 0.0171573 secs] [Times: user=0.02 sys=0.00, real=0.02 secs] 
2021-01-22T01:10:47.034+0800: 3.402: [GC (Allocation Failure) 2021-01-22T01:10:47.034+0800: 3.402: [DefNew: 314560K->314560K(314560K), 0.0003556 secs]2021-01-22T01:10:47.035+0800: 3.403: [Tenured: 610304K->372179K(699072K), 0.0527659 secs] 924864K->372179K(1013632K), [Metaspace: 2810K->2810K(1056768K)], 0.0545095 secs] [Times: user=0.06 sys=0.00, real=0.06 secs] 
2021-01-22T01:10:47.124+0800: 3.492: [GC (Allocation Failure) 2021-01-22T01:10:47.125+0800: 3.492: [DefNew: 279616K->34943K(314560K), 0.0137686 secs] 651795K->467363K(1013632K), 0.0145906 secs] [Times: user=0.02 sys=0.00, real=0.02 secs] 
2021-01-22T01:10:47.173+0800: 3.541: [GC (Allocation Failure) 2021-01-22T01:10:47.174+0800: 3.542: [DefNew: 314559K->34944K(314560K), 0.0155697 secs] 746979K->544127K(1013632K), 0.0164089 secs] [Times: user=0.02 sys=0.00, real=0.02 secs] 
2021-01-22T01:10:47.225+0800: 3.593: [GC (Allocation Failure) 2021-01-22T01:10:47.225+0800: 3.593: [DefNew: 314560K->34943K(314560K), 0.0144052 secs] 823743K->622275K(1013632K), 0.0152283 secs] [Times: user=0.02 sys=0.00, real=0.02 secs] 
2021-01-22T01:10:47.275+0800: 3.643: [GC (Allocation Failure) 2021-01-22T01:10:47.275+0800: 3.643: [DefNew: 314559K->34943K(314560K), 0.0149143 secs] 901891K->701423K(1013632K), 0.0158352 secs] [Times: user=0.02 sys=0.00, real=0.02 secs] 
2021-01-22T01:10:47.326+0800: 3.694: [GC (Allocation Failure) 2021-01-22T01:10:47.327+0800: 3.694: [DefNew: 314439K->314439K(314560K), 0.0003361 secs]2021-01-22T01:10:47.327+0800: 3.695: [Tenured: 666479K->407085K(699072K), 0.0506999 secs] 980919K->407085K(1013632K), [Metaspace: 2817K->2817K(1056768K)], 0.0522711 secs] [Times: user=0.05 sys=0.00, real=0.06 secs] 
2021-01-22T01:10:47.412+0800: 3.780: [GC (Allocation Failure) 2021-01-22T01:10:47.413+0800: 3.780: [DefNew: 279616K->34943K(314560K), 0.0127363 secs] 686701K->494789K(1013632K), 0.0135772 secs] [Times: user=0.01 sys=0.00, real=0.01 secs] 
2021-01-22T01:10:47.463+0800: 3.831: [GC (Allocation Failure) 2021-01-22T01:10:47.464+0800: 3.831: [DefNew: 314559K->34943K(314560K), 0.0145923 secs] 774405K->565994K(1013632K), 0.0156442 secs] [Times: user=0.01 sys=0.00, real=0.02 secs] 
2021-01-22T01:10:47.511+0800: 3.879: [GC (Allocation Failure) 2021-01-22T01:10:47.512+0800: 3.879: [DefNew: 314559K->34943K(314560K), 0.0146536 secs] 845610K->645637K(1013632K), 0.0155606 secs] [Times: user=0.02 sys=0.00, real=0.01 secs] 
2021-01-22T01:10:47.565+0800: 3.933: [GC (Allocation Failure) 2021-01-22T01:10:47.566+0800: 3.934: [DefNew: 314559K->314559K(314560K), 0.0002097 secs]2021-01-22T01:10:47.566+0800: 3.934: [Tenured: 610693K->404512K(699072K), 0.0602132 secs] 925253K->404512K(1013632K), [Metaspace: 2817K->2817K(1056768K)], 0.0614434 secs] [Times: user=0.07 sys=0.00, real=0.06 secs] 
2021-01-22T01:10:47.665+0800: 4.032: [GC (Allocation Failure) 2021-01-22T01:10:47.665+0800: 4.033: [DefNew: 279616K->34943K(314560K), 0.0118014 secs] 684128K->492483K(1013632K), 0.0126182 secs] [Times: user=0.01 sys=0.00, real=0.01 secs] 
2021-01-22T01:10:47.715+0800: 4.083: [GC (Allocation Failure) 2021-01-22T01:10:47.715+0800: 4.083: [DefNew: 314559K->34942K(314560K), 0.0150422 secs] 772099K->564308K(1013632K), 0.0158536 secs] [Times: user=0.02 sys=0.00, real=0.02 secs] 
2021-01-22T01:10:47.772+0800: 4.139: [GC (Allocation Failure) 2021-01-22T01:10:47.772+0800: 4.140: [DefNew: 314558K->34943K(314560K), 0.0176172 secs] 843924K->647013K(1013632K), 0.0184000 secs] [Times: user=0.01 sys=0.00, real=0.02 secs] 
2021-01-22T01:10:47.826+0800: 4.194: [GC (Allocation Failure) 2021-01-22T01:10:47.827+0800: 4.194: [DefNew: 314559K->314559K(314560K), 0.0002727 secs]2021-01-22T01:10:47.827+0800: 4.195: [Tenured: 612069K->420298K(699072K), 0.0535874 secs] 926629K->420298K(1013632K), [Metaspace: 2817K->2817K(1056768K)], 0.0549893 secs] [Times: user=0.05 sys=0.00, real=0.06 secs] 
2021-01-22T01:10:47.915+0800: 4.283: [GC (Allocation Failure) 2021-01-22T01:10:47.916+0800: 4.284: [DefNew: 279616K->34943K(314560K), 0.0118323 secs] 699914K->509988K(1013632K), 0.0126460 secs] [Times: user=0.01 sys=0.00, real=0.02 secs] 
2021-01-22T01:10:47.963+0800: 4.331: [GC (Allocation Failure) 2021-01-22T01:10:47.964+0800: 4.332: [DefNew: 314559K->34942K(314560K), 0.0136681 secs] 789604K->581026K(1013632K), 0.0145073 secs] [Times: user=0.02 sys=0.00, real=0.02 secs] 
2021-01-22T01:10:48.011+0800: 4.378: [GC (Allocation Failure) 2021-01-22T01:10:48.011+0800: 4.379: [DefNew: 314558K->34943K(314560K), 0.0146185 secs] 860642K->662850K(1013632K), 0.0156782 secs] [Times: user=0.01 sys=0.00, real=0.01 secs] 
2021-01-22T01:10:48.061+0800: 4.428: [GC (Allocation Failure) 2021-01-22T01:10:48.061+0800: 4.429: [DefNew: 314559K->314559K(314560K), 0.0003931 secs]2021-01-22T01:10:48.062+0800: 4.430: [Tenured: 627906K->383095K(699072K), 0.0517107 secs] 942466K->383095K(1013632K), [Metaspace: 2817K->2817K(1056768K)], 0.0535156 secs] [Times: user=0.05 sys=0.00, real=0.05 secs] 
2021-01-22T01:10:48.147+0800: 4.515: [GC (Allocation Failure) 2021-01-22T01:10:48.147+0800: 4.515: [DefNew: 279255K->34943K(314560K), 0.0116534 secs] 662350K->470325K(1013632K), 0.0126539 secs] [Times: user=0.01 sys=0.00, real=0.02 secs] 
2021-01-22T01:10:48.194+0800: 4.562: [GC (Allocation Failure) 2021-01-22T01:10:48.195+0800: 4.562: [DefNew: 314559K->34943K(314560K), 0.0157178 secs] 749941K->551863K(1013632K), 0.0166389 secs] [Times: user=0.01 sys=0.00, real=0.02 secs] 
2021-01-22T01:10:48.248+0800: 4.615: [GC (Allocation Failure) 2021-01-22T01:10:48.248+0800: 4.616: [DefNew: 314559K->34944K(314560K), 0.0151365 secs] 831479K->632246K(1013632K), 0.0161118 secs] [Times: user=0.01 sys=0.00, real=0.02 secs] 
2021-01-22T01:10:48.298+0800: 4.666: [GC (Allocation Failure) 2021-01-22T01:10:48.299+0800: 4.666: [DefNew: 314560K->314560K(314560K), 0.0004081 secs]2021-01-22T01:10:48.299+0800: 4.667: [Tenured: 597302K->417216K(699072K), 0.0471066 secs] 911862K->417216K(1013632K), [Metaspace: 2817K->2817K(1056768K)], 0.0490251 secs] [Times: user=0.04 sys=0.00, real=0.04 secs] 
2021-01-22T01:10:48.382+0800: 4.749: [GC (Allocation Failure) 2021-01-22T01:10:48.382+0800: 4.750: [DefNew: 279616K->34943K(314560K), 0.0109620 secs] 696832K->502338K(1013632K), 0.0118790 secs] [Times: user=0.01 sys=0.00, real=0.01 secs] 
2021-01-22T01:10:48.427+0800: 4.795: [GC (Allocation Failure) 2021-01-22T01:10:48.428+0800: 4.795: [DefNew: 314559K->34943K(314560K), 0.0148248 secs] 781954K->580407K(1013632K), 0.0159905 secs] [Times: user=0.02 sys=0.00, real=0.02 secs] 
2021-01-22T01:10:48.477+0800: 4.845: [GC (Allocation Failure) 2021-01-22T01:10:48.478+0800: 4.845: [DefNew: 314559K->34943K(314560K), 0.0147289 secs] 860023K->659034K(1013632K), 0.0156820 secs] [Times: user=0.02 sys=0.00, real=0.02 secs] 
2021-01-22T01:10:48.526+0800: 4.894: [GC (Allocation Failure) 2021-01-22T01:10:48.527+0800: 4.895: [DefNew: 314559K->314559K(314560K), 0.0003576 secs]2021-01-22T01:10:48.528+0800: 4.895: [Tenured: 624091K->415681K(699072K), 0.0483566 secs] 938650K->415681K(1013632K), [Metaspace: 2817K->2817K(1056768K)], 0.0499680 secs] [Times: user=0.05 sys=0.00, real=0.05 secs] 
2021-01-22T01:10:48.611+0800: 4.979: [GC (Allocation Failure) 2021-01-22T01:10:48.612+0800: 4.980: [DefNew: 279616K->34943K(314560K), 0.0146109 secs] 695297K->503057K(1013632K), 0.0157734 secs] [Times: user=0.02 sys=0.00, real=0.01 secs] 
2021-01-22T01:10:48.668+0800: 5.036: [GC (Allocation Failure) 2021-01-22T01:10:48.669+0800: 5.036: [DefNew: 314559K->34943K(314560K), 0.0143489 secs] 782673K->581323K(1013632K), 0.0154219 secs] [Times: user=0.01 sys=0.00, real=0.01 secs] 
2021-01-22T01:10:48.717+0800: 5.085: [GC (Allocation Failure) 2021-01-22T01:10:48.718+0800: 5.086: [DefNew: 314559K->34944K(314560K), 0.0142218 secs] 860939K->665612K(1013632K), 0.0150903 secs] [Times: user=0.02 sys=0.00, real=0.02 secs] 
2021-01-22T01:10:48.767+0800: 5.134: [GC (Allocation Failure) 2021-01-22T01:10:48.767+0800: 5.135: [DefNew: 314560K->314560K(314560K), 0.0002958 secs]2021-01-22T01:10:48.769+0800: 5.137: [Tenured: 630668K->412446K(699072K), 0.0526803 secs] 945228K->412446K(1013632K), [Metaspace: 2817K->2817K(1056768K)], 0.0559477 secs] [Times: user=0.05 sys=0.00, real=0.06 secs] 
2021-01-22T01:10:48.863+0800: 5.231: [GC (Allocation Failure) 2021-01-22T01:10:48.864+0800: 5.231: [DefNew: 279616K->34940K(314560K), 0.0113160 secs] 692062K->498666K(1013632K), 0.0120522 secs] [Times: user=0.01 sys=0.00, real=0.01 secs] 
2021-01-22T01:10:48.913+0800: 5.281: [GC (Allocation Failure) 2021-01-22T01:10:48.914+0800: 5.281: [DefNew: 314556K->34942K(314560K), 0.0134015 secs] 778282K->575017K(1013632K), 0.0143173 secs] [Times: user=0.01 sys=0.00, real=0.01 secs] 
2021-01-22T01:10:48.960+0800: 5.328: [GC (Allocation Failure) 2021-01-22T01:10:48.961+0800: 5.329: [DefNew: 314558K->34943K(314560K), 0.0147938 secs] 854633K->658269K(1013632K), 0.0157018 secs] [Times: user=0.01 sys=0.00, real=0.01 secs] 
2021-01-22T01:10:49.011+0800: 5.378: [GC (Allocation Failure) 2021-01-22T01:10:49.011+0800: 5.379: [DefNew: 314559K->314559K(314560K), 0.0003416 secs]2021-01-22T01:10:49.012+0800: 5.380: [Tenured: 623326K->380280K(699072K), 0.0487859 secs] 937885K->380280K(1013632K), [Metaspace: 2817K->2817K(1056768K)], 0.0503308 secs] [Times: user=0.04 sys=0.00, real=0.05 secs] 
2021-01-22T01:10:49.093+0800: 5.460: [GC (Allocation Failure) 2021-01-22T01:10:49.093+0800: 5.461: [DefNew: 279616K->34943K(314560K), 0.0119504 secs] 659896K->471782K(1013632K), 0.0130248 secs] [Times: user=0.01 sys=0.00, real=0.01 secs] 
2021-01-22T01:10:49.138+0800: 5.506: [GC (Allocation Failure) 2021-01-22T01:10:49.138+0800: 5.506: [DefNew: 314311K->34943K(314560K), 0.0150429 secs] 751150K->558089K(1013632K), 0.0160358 secs] [Times: user=0.01 sys=0.00, real=0.02 secs] 
2021-01-22T01:10:49.187+0800: 5.555: [GC (Allocation Failure) 2021-01-22T01:10:49.188+0800: 5.555: [DefNew: 314559K->34943K(314560K), 0.0143027 secs] 837705K->632812K(1013632K), 0.0151931 secs] [Times: user=0.01 sys=0.00, real=0.02 secs] 
2021-01-22T01:10:49.236+0800: 5.604: [GC (Allocation Failure) 2021-01-22T01:10:49.237+0800: 5.605: [DefNew: 314559K->314559K(314560K), 0.0003876 secs]2021-01-22T01:10:49.238+0800: 5.606: [Tenured: 597868K->415888K(699072K), 0.0451794 secs] 912428K->415888K(1013632K), [Metaspace: 2817K->2817K(1056768K)], 0.0471492 secs] [Times: user=0.04 sys=0.01, real=0.05 secs] 
2021-01-22T01:10:49.317+0800: 5.684: [GC (Allocation Failure) 2021-01-22T01:10:49.317+0800: 5.685: [DefNew: 279616K->34943K(314560K), 0.0119000 secs] 695504K->504402K(1013632K), 0.0129551 secs] [Times: user=0.01 sys=0.00, real=0.02 secs] 
2021-01-22T01:10:49.363+0800: 5.731: [GC (Allocation Failure) 2021-01-22T01:10:49.364+0800: 5.731: [DefNew: 314559K->34943K(314560K), 0.0156619 secs] 784018K->592498K(1013632K), 0.0165970 secs] [Times: user=0.01 sys=0.00, real=0.02 secs] 
2021-01-22T01:10:49.413+0800: 5.781: [GC (Allocation Failure) 2021-01-22T01:10:49.413+0800: 5.781: [DefNew: 314559K->34944K(314560K), 0.0149746 secs] 872114K->671033K(1013632K), 0.0158286 secs] [Times: user=0.01 sys=0.00, real=0.02 secs] 
2021-01-22T01:10:49.464+0800: 5.831: [GC (Allocation Failure) 2021-01-22T01:10:49.464+0800: 5.832: [DefNew: 314560K->314560K(314560K), 0.0003072 secs]2021-01-22T01:10:49.465+0800: 5.832: [Tenured: 636089K->413076K(699072K), 0.0532657 secs] 950649K->413076K(1013632K), [Metaspace: 2817K->2817K(1056768K)], 0.0547755 secs] [Times: user=0.05 sys=0.00, real=0.06 secs] 
2021-01-22T01:10:49.558+0800: 5.926: [GC (Allocation Failure) 2021-01-22T01:10:49.558+0800: 5.926: [DefNew: 279616K->34943K(314560K), 0.0103379 secs] 692692K->492249K(1013632K), 0.0110803 secs] [Times: user=0.01 sys=0.00, real=0.02 secs] 
2021-01-22T01:10:49.602+0800: 5.970: [GC (Allocation Failure) 2021-01-22T01:10:49.603+0800: 5.971: [DefNew: 314559K->34943K(314560K), 0.0162017 secs] 771865K->574346K(1013632K), 0.0170663 secs] [Times: user=0.02 sys=0.00, real=0.02 secs] 
2021-01-22T01:10:49.652+0800: 6.019: [GC (Allocation Failure) 2021-01-22T01:10:49.652+0800: 6.020: [DefNew: 314559K->34943K(314560K), 0.0162439 secs] 853962K->657225K(1013632K), 0.0170784 secs] [Times: user=0.02 sys=0.00, real=0.02 secs] 
2021-01-22T01:10:49.702+0800: 6.070: [GC (Allocation Failure) 2021-01-22T01:10:49.702+0800: 6.070: [DefNew: 314559K->314559K(314560K), 0.0003038 secs]2021-01-22T01:10:49.703+0800: 6.071: [Tenured: 622281K->399790K(699072K), 0.0468117 secs] 936841K->399790K(1013632K), [Metaspace: 2817K->2817K(1056768K)], 0.0486632 secs] [Times: user=0.05 sys=0.00, real=0.05 secs] 
2021-01-22T01:10:49.786+0800: 6.154: [GC (Allocation Failure) 2021-01-22T01:10:49.787+0800: 6.155: [DefNew: 279616K->34944K(314560K), 0.0102816 secs] 679406K->484295K(1013632K), 0.0112220 secs] [Times: user=0.01 sys=0.00, real=0.01 secs] 
2021-01-22T01:10:49.834+0800: 6.202: [GC (Allocation Failure) 2021-01-22T01:10:49.834+0800: 6.202: [DefNew: 314560K->34943K(314560K), 0.0150383 secs] 763911K->564550K(1013632K), 0.0160065 secs] [Times: user=0.01 sys=0.00, real=0.02 secs] 
2021-01-22T01:10:49.883+0800: 6.251: [GC (Allocation Failure) 2021-01-22T01:10:49.884+0800: 6.252: [DefNew: 314559K->34944K(314560K), 0.0138573 secs] 844166K->642054K(1013632K), 0.0147770 secs] [Times: user=0.01 sys=0.00, real=0.02 secs] 
2021-01-22T01:10:49.934+0800: 6.302: [GC (Allocation Failure) 2021-01-22T01:10:49.935+0800: 6.303: [DefNew: 314560K->314560K(314560K), 0.0004958 secs]2021-01-22T01:10:49.936+0800: 6.304: [Tenured: 607110K->367077K(699072K), 0.0493322 secs] 921670K->367077K(1013632K), [Metaspace: 2817K->2817K(1056768K)], 0.0512938 secs] [Times: user=0.05 sys=0.00, real=0.05 secs] 
2021-01-22T01:10:50.019+0800: 6.387: [GC (Allocation Failure) 2021-01-22T01:10:50.020+0800: 6.388: [DefNew: 279616K->34943K(314560K), 0.0109663 secs] 646693K->458559K(1013632K), 0.0118255 secs] [Times: user=0.01 sys=0.00, real=0.01 secs] 
2021-01-22T01:10:50.065+0800: 6.433: [GC (Allocation Failure) 2021-01-22T01:10:50.066+0800: 6.434: [DefNew: 314559K->34943K(314560K), 0.0148465 secs] 738175K->536618K(1013632K), 0.0156842 secs] [Times: user=0.02 sys=0.00, real=0.02 secs] 
2021-01-22T01:10:50.123+0800: 6.491: [GC (Allocation Failure) 2021-01-22T01:10:50.123+0800: 6.491: [DefNew: 314559K->34944K(314560K), 0.0155162 secs] 816234K->614130K(1013632K), 0.0164154 secs] [Times: user=0.01 sys=0.00, real=0.02 secs] 
2021-01-22T01:10:50.183+0800: 6.551: [GC (Allocation Failure) 2021-01-22T01:10:50.184+0800: 6.552: [DefNew: 314560K->34942K(314560K), 0.0170080 secs] 893746K->700309K(1013632K), 0.0178964 secs] [Times: user=0.02 sys=0.00, real=0.02 secs] 
2021-01-22T01:10:50.237+0800: 6.605: [GC (Allocation Failure) 2021-01-22T01:10:50.237+0800: 6.605: [DefNew: 314302K->314302K(314560K), 0.0003152 secs]2021-01-22T01:10:50.238+0800: 6.606: [Tenured: 665366K->408102K(699072K), 0.0482368 secs] 979669K->408102K(1013632K), [Metaspace: 2817K->2817K(1056768K)], 0.0497073 secs] [Times: user=0.05 sys=0.00, real=0.05 secs] 
2021-01-22T01:10:50.319+0800: 6.687: [GC (Allocation Failure) 2021-01-22T01:10:50.320+0800: 6.688: [DefNew: 279616K->34943K(314560K), 0.0110967 secs] 687718K->493982K(1013632K), 0.0117425 secs] [Times: user=0.01 sys=0.00, real=0.01 secs] 
2021-01-22T01:10:50.365+0800: 6.733: [GC (Allocation Failure) 2021-01-22T01:10:50.365+0800: 6.733: [DefNew: 314559K->34943K(314560K), 0.0161101 secs] 773598K->574761K(1013632K), 0.0168386 secs] [Times: user=0.01 sys=0.00, real=0.02 secs] 
2021-01-22T01:10:50.415+0800: 6.783: [GC (Allocation Failure) 2021-01-22T01:10:50.416+0800: 6.784: [DefNew: 314559K->34944K(314560K), 0.0159068 secs] 854377K->656710K(1013632K), 0.0167076 secs] [Times: user=0.02 sys=0.00, real=0.02 secs] 
2021-01-22T01:10:50.465+0800: 6.833: [GC (Allocation Failure) 2021-01-22T01:10:50.466+0800: 6.833: [DefNew: 314560K->314560K(314560K), 0.0002637 secs]2021-01-22T01:10:50.466+0800: 6.834: [Tenured: 621766K->397345K(699072K), 0.0511665 secs] 936326K->397345K(1013632K), [Metaspace: 2817K->2817K(1056768K)], 0.0523173 secs] [Times: user=0.05 sys=0.00, real=0.05 secs] 
2021-01-22T01:10:50.557+0800: 6.925: [GC (Allocation Failure) 2021-01-22T01:10:50.557+0800: 6.925: [DefNew: 279616K->34943K(314560K), 0.0133987 secs] 676961K->486860K(1013632K), 0.0141466 secs] [Times: user=0.02 sys=0.00, real=0.02 secs] 
2021-01-22T01:10:50.610+0800: 6.978: [GC (Allocation Failure) 2021-01-22T01:10:50.610+0800: 6.978: [DefNew: 314539K->34943K(314560K), 0.0188526 secs] 766456K->570307K(1013632K), 0.0197340 secs] [Times: user=0.01 sys=0.00, real=0.02 secs] 
2021-01-22T01:10:50.669+0800: 7.037: [GC (Allocation Failure) 2021-01-22T01:10:50.669+0800: 7.037: [DefNew: 314559K->34943K(314560K), 0.0211587 secs] 849923K->660755K(1013632K), 0.0218606 secs] [Times: user=0.02 sys=0.00, real=0.02 secs] 
2021-01-22T01:10:50.728+0800: 7.096: [GC (Allocation Failure) 2021-01-22T01:10:50.728+0800: 7.096: [DefNew: 314559K->314559K(314560K), 0.0002244 secs]2021-01-22T01:10:50.729+0800: 7.097: [Tenured: 625811K->415347K(699072K), 0.0659429 secs] 940371K->415347K(1013632K), [Metaspace: 2817K->2817K(1056768K)], 0.0682065 secs] [Times: user=0.07 sys=0.00, real=0.07 secs] 
2021-01-22T01:10:50.837+0800: 7.204: [GC (Allocation Failure) 2021-01-22T01:10:50.837+0800: 7.205: [DefNew: 279523K->34942K(314560K), 0.0127639 secs] 694870K->507261K(1013632K), 0.0133644 secs] [Times: user=0.01 sys=0.00, real=0.02 secs] 
2021-01-22T01:10:50.888+0800: 7.256: [GC (Allocation Failure) 2021-01-22T01:10:50.888+0800: 7.256: [DefNew: 314558K->34943K(314560K), 0.0152724 secs] 786877K->588926K(1013632K), 0.0159579 secs] [Times: user=0.01 sys=0.00, real=0.02 secs] 
2021-01-22T01:10:50.938+0800: 7.306: [GC (Allocation Failure) 2021-01-22T01:10:50.939+0800: 7.307: [DefNew: 314559K->34943K(314560K), 0.0183219 secs] 868542K->674544K(1013632K), 0.0191996 secs] [Times: user=0.02 sys=0.00, real=0.01 secs] 
2021-01-22T01:10:50.993+0800: 7.361: [GC (Allocation Failure) 2021-01-22T01:10:50.993+0800: 7.361: [DefNew: 314559K->314559K(314560K), 0.0003350 secs]2021-01-22T01:10:50.994+0800: 7.362: [Tenured: 639600K->391306K(699072K), 0.0588644 secs] 954160K->391306K(1013632K), [Metaspace: 2817K->2817K(1056768K)], 0.0603674 secs] [Times: user=0.06 sys=0.00, real=0.06 secs] 
2021-01-22T01:10:51.093+0800: 7.461: [GC (Allocation Failure) 2021-01-22T01:10:51.093+0800: 7.461: [DefNew: 279616K->34942K(314560K), 0.0134727 secs] 670922K->479681K(1013632K), 0.0141606 secs] [Times: user=0.01 sys=0.00, real=0.01 secs] 
2021-01-22T01:10:51.148+0800: 7.516: [GC (Allocation Failure) 2021-01-22T01:10:51.148+0800: 7.516: [DefNew: 314558K->34941K(314560K), 0.0185109 secs] 759297K->558765K(1013632K), 0.0193159 secs] [Times: user=0.02 sys=0.00, real=0.02 secs] 
2021-01-22T01:10:51.205+0800: 7.572: [GC (Allocation Failure) 2021-01-22T01:10:51.205+0800: 7.573: [DefNew: 314557K->34941K(314560K), 0.0143564 secs] 838381K->629449K(1013632K), 0.0152319 secs] [Times: user=0.01 sys=0.00, real=0.02 secs] 
2021-01-22T01:10:51.255+0800: 7.623: [GC (Allocation Failure) 2021-01-22T01:10:51.256+0800: 7.623: [DefNew: 314557K->314557K(314560K), 0.0003926 secs]2021-01-22T01:10:51.256+0800: 7.624: [Tenured: 594507K->410943K(699072K), 0.0552274 secs] 909065K->410943K(1013632K), [Metaspace: 2817K->2817K(1056768K)], 0.0567968 secs] [Times: user=0.05 sys=0.00, real=0.06 secs] 
2021-01-22T01:10:51.349+0800: 7.716: [GC (Allocation Failure) 2021-01-22T01:10:51.349+0800: 7.717: [DefNew: 279616K->34943K(314560K), 0.0139260 secs] 690559K->502559K(1013632K), 0.0147793 secs] [Times: user=0.01 sys=0.00, real=0.01 secs] 
2021-01-22T01:10:51.399+0800: 7.767: [GC (Allocation Failure) 2021-01-22T01:10:51.400+0800: 7.767: [DefNew: 314559K->34943K(314560K), 0.0175734 secs] 782175K->582662K(1013632K), 0.0182579 secs] [Times: user=0.01 sys=0.00, real=0.01 secs] 
2021-01-22T01:10:51.453+0800: 7.821: [GC (Allocation Failure) 2021-01-22T01:10:51.453+0800: 7.821: [DefNew: 314559K->34943K(314560K), 0.0175194 secs] 862278K->673169K(1013632K), 0.0183242 secs] [Times: user=0.02 sys=0.00, real=0.02 secs] 
2021-01-22T01:10:51.508+0800: 7.876: [GC (Allocation Failure) 2021-01-22T01:10:51.509+0800: 7.876: [DefNew: 314559K->314559K(314560K), 0.0003488 secs]2021-01-22T01:10:51.509+0800: 7.877: [Tenured: 638225K->421427K(699072K), 0.0552742 secs] 952785K->421427K(1013632K), [Metaspace: 2817K->2817K(1056768K)], 0.0567166 secs] [Times: user=0.06 sys=0.00, real=0.05 secs] 
2021-01-22T01:10:51.599+0800: 7.967: [GC (Allocation Failure) 2021-01-22T01:10:51.600+0800: 7.967: [DefNew: 279616K->34944K(314560K), 0.0121557 secs] 701043K->501271K(1013632K), 0.0129663 secs] [Times: user=0.02 sys=0.00, real=0.01 secs] 
2021-01-22T01:10:51.652+0800: 8.020: [GC (Allocation Failure) 2021-01-22T01:10:51.652+0800: 8.020: [DefNew: 314560K->34943K(314560K), 0.0174086 secs] 780887K->574109K(1013632K), 0.0180315 secs] [Times: user=0.02 sys=0.00, real=0.02 secs] 
2021-01-22T01:10:51.703+0800: 8.071: [GC (Allocation Failure) 2021-01-22T01:10:51.704+0800: 8.071: [DefNew: 314559K->34943K(314560K), 0.0150462 secs] 853725K->653871K(1013632K), 0.0158220 secs] [Times: user=0.02 sys=0.00, real=0.02 secs] 
2021-01-22T01:10:51.753+0800: 8.121: [GC (Allocation Failure) 2021-01-22T01:10:51.753+0800: 8.121: [DefNew: 314559K->314559K(314560K), 0.0003753 secs]2021-01-22T01:10:51.754+0800: 8.122: [Tenured: 618927K->411056K(699072K), 0.0506769 secs] 933487K->411056K(1013632K), [Metaspace: 2817K->2817K(1056768K)], 0.0523303 secs] [Times: user=0.05 sys=0.00, real=0.05 secs] 
2021-01-22T01:10:51.839+0800: 8.206: [GC (Allocation Failure) 2021-01-22T01:10:51.839+0800: 8.207: [DefNew: 279571K->34943K(314560K), 0.0112287 secs] 690627K->493826K(1013632K), 0.0121298 secs] [Times: user=0.01 sys=0.00, real=0.01 secs] 
2021-01-22T01:10:51.884+0800: 8.252: [GC (Allocation Failure) 2021-01-22T01:10:51.885+0800: 8.253: [DefNew: 314559K->34943K(314560K), 0.0143651 secs] 773442K->568678K(1013632K), 0.0152593 secs] [Times: user=0.02 sys=0.00, real=0.02 secs] 
2021-01-22T01:10:51.932+0800: 8.299: [GC (Allocation Failure) 2021-01-22T01:10:51.932+0800: 8.300: [DefNew: 314559K->34943K(314560K), 0.0139434 secs] 848294K->647991K(1013632K), 0.0148212 secs] [Times: user=0.01 sys=0.00, real=0.01 secs] 
2021-01-22T01:10:51.983+0800: 8.350: [GC (Allocation Failure) 2021-01-22T01:10:51.983+0800: 8.351: [DefNew: 314559K->314559K(314560K), 0.0003362 secs]2021-01-22T01:10:51.984+0800: 8.352: [Tenured: 613048K->386958K(699072K), 0.0521150 secs] 927607K->386958K(1013632K), [Metaspace: 2817K->2817K(1056768K)], 0.0538207 secs] [Times: user=0.05 sys=0.00, real=0.05 secs] 
2021-01-22T01:10:52.070+0800: 8.438: [GC (Allocation Failure) 2021-01-22T01:10:52.071+0800: 8.439: [DefNew: 279616K->34943K(314560K), 0.0130837 secs] 666574K->477184K(1013632K), 0.0138965 secs] [Times: user=0.01 sys=0.00, real=0.01 secs] 
2021-01-22T01:10:52.119+0800: 8.487: [GC (Allocation Failure) 2021-01-22T01:10:52.120+0800: 8.487: [DefNew: 314559K->34943K(314560K), 0.0143469 secs] 756800K->553320K(1013632K), 0.0152357 secs] [Times: user=0.01 sys=0.00, real=0.01 secs] 
2021-01-22T01:10:52.171+0800: 8.539: [GC (Allocation Failure) 2021-01-22T01:10:52.171+0800: 8.539: [DefNew: 314283K->34943K(314560K), 0.0165787 secs] 832660K->629364K(1013632K), 0.0173231 secs] [Times: user=0.02 sys=0.00, real=0.02 secs] 
2021-01-22T01:10:52.224+0800: 8.592: [GC (Allocation Failure) 2021-01-22T01:10:52.224+0800: 8.592: [DefNew: 314559K->314559K(314560K), 0.0004182 secs]2021-01-22T01:10:52.225+0800: 8.593: [Tenured: 594421K->407100K(699072K), 0.0476839 secs] 908980K->407100K(1013632K), [Metaspace: 2817K->2817K(1056768K)], 0.0493314 secs] [Times: user=0.05 sys=0.00, real=0.05 secs] 
2021-01-22T01:10:52.316+0800: 8.684: [GC (Allocation Failure) 2021-01-22T01:10:52.316+0800: 8.684: [DefNew: 279616K->34943K(314560K), 0.0118452 secs] 686716K->492238K(1013632K), 0.0127784 secs] [Times: user=0.01 sys=0.00, real=0.02 secs] 
2021-01-22T01:10:52.373+0800: 8.741: [GC (Allocation Failure) 2021-01-22T01:10:52.373+0800: 8.741: [DefNew: 314559K->34942K(314560K), 0.0151128 secs] 771854K->569945K(1013632K), 0.0158697 secs] [Times: user=0.01 sys=0.00, real=0.02 secs] 
2021-01-22T01:10:52.425+0800: 8.793: [GC (Allocation Failure) 2021-01-22T01:10:52.426+0800: 8.793: [DefNew: 314558K->34942K(314560K), 0.0175157 secs] 849561K->645344K(1013632K), 0.0183860 secs] [Times: user=0.01 sys=0.00, real=0.02 secs] 
2021-01-22T01:10:52.484+0800: 8.852: [GC (Allocation Failure) 2021-01-22T01:10:52.484+0800: 8.852: [DefNew: 314558K->314558K(314560K), 0.0003531 secs]2021-01-22T01:10:52.485+0800: 8.853: [Tenured: 610401K->413140K(699072K), 0.0488302 secs] 924960K->413140K(1013632K), [Metaspace: 2817K->2817K(1056768K)], 0.0505049 secs] [Times: user=0.05 sys=0.00, real=0.05 secs] 
2021-01-22T01:10:52.568+0800: 8.935: [GC (Allocation Failure) 2021-01-22T01:10:52.568+0800: 8.936: [DefNew: 279616K->34943K(314560K), 0.0110494 secs] 692756K->501207K(1013632K), 0.0119557 secs] [Times: user=0.01 sys=0.00, real=0.02 secs] 
2021-01-22T01:10:52.614+0800: 8.981: [GC (Allocation Failure) 2021-01-22T01:10:52.614+0800: 8.982: [DefNew: 314559K->34943K(314560K), 0.0141320 secs] 780823K->577180K(1013632K), 0.0149983 secs] [Times: user=0.01 sys=0.00, real=0.02 secs] 
2021-01-22T01:10:52.664+0800: 9.032: [GC (Allocation Failure) 2021-01-22T01:10:52.664+0800: 9.032: [DefNew: 314559K->34944K(314560K), 0.0151224 secs] 856796K->654283K(1013632K), 0.0159332 secs] [Times: user=0.01 sys=0.00, real=0.02 secs] 
2021-01-22T01:10:52.715+0800: 9.082: [GC (Allocation Failure) 2021-01-22T01:10:52.715+0800: 9.083: [DefNew: 314560K->314560K(314560K), 0.0004636 secs]2021-01-22T01:10:52.716+0800: 9.084: [Tenured: 619339K->407787K(699072K), 0.0490559 secs] 933899K->407787K(1013632K), [Metaspace: 2817K->2817K(1056768K)], 0.0514159 secs] [Times: user=0.05 sys=0.00, real=0.05 secs] 
2021-01-22T01:10:52.799+0800: 9.167: [GC (Allocation Failure) 2021-01-22T01:10:52.800+0800: 9.168: [DefNew: 279616K->34942K(314560K), 0.0131756 secs] 687403K->500889K(1013632K), 0.0156187 secs] [Times: user=0.01 sys=0.00, real=0.01 secs] 
2021-01-22T01:10:52.850+0800: 9.218: [GC (Allocation Failure) 2021-01-22T01:10:52.851+0800: 9.218: [DefNew: 314558K->34943K(314560K), 0.0142013 secs] 780505K->577504K(1013632K), 0.0150617 secs] [Times: user=0.01 sys=0.00, real=0.01 secs] 
2021-01-22T01:10:52.900+0800: 9.268: [GC (Allocation Failure) 2021-01-22T01:10:52.900+0800: 9.268: [DefNew: 314559K->34944K(314560K), 0.0145719 secs] 857120K->657678K(1013632K), 0.0154202 secs] [Times: user=0.01 sys=0.00, real=0.01 secs] 
2021-01-22T01:10:52.949+0800: 9.316: [GC (Allocation Failure) 2021-01-22T01:10:52.949+0800: 9.317: [DefNew: 314560K->314560K(314560K), 0.0003241 secs]2021-01-22T01:10:52.950+0800: 9.317: [Tenured: 622734K->375966K(699072K), 0.0473950 secs] 937294K->375966K(1013632K), [Metaspace: 2817K->2817K(1056768K)], 0.0488820 secs] [Times: user=0.05 sys=0.00, real=0.04 secs] 
2021-01-22T01:10:53.031+0800: 9.399: [GC (Allocation Failure) 2021-01-22T01:10:53.032+0800: 9.400: [DefNew: 279616K->34943K(314560K), 0.0115546 secs] 655582K->461960K(1013632K), 0.0123949 secs] [Times: user=0.02 sys=0.00, real=0.01 secs] 
2021-01-22T01:10:53.079+0800: 9.447: [GC (Allocation Failure) 2021-01-22T01:10:53.079+0800: 9.447: [DefNew: 314559K->34943K(314560K), 0.0142041 secs] 741576K->537237K(1013632K), 0.0150794 secs] [Times: user=0.02 sys=0.00, real=0.01 secs] 
2021-01-22T01:10:53.127+0800: 9.495: [GC (Allocation Failure) 2021-01-22T01:10:53.127+0800: 9.495: [DefNew: 314559K->34944K(314560K), 0.0161938 secs] 816853K->626164K(1013632K), 0.0170184 secs] [Times: user=0.01 sys=0.00, real=0.02 secs] 
2021-01-22T01:10:53.179+0800: 9.547: [GC (Allocation Failure) 2021-01-22T01:10:53.180+0800: 9.547: [DefNew: 314560K->314560K(314560K), 0.0003022 secs]2021-01-22T01:10:53.180+0800: 9.548: [Tenured: 591220K->416363K(699072K), 0.0437310 secs] 905780K->416363K(1013632K), [Metaspace: 2817K->2817K(1056768K)], 0.0452167 secs] [Times: user=0.04 sys=0.00, real=0.04 secs] 
2021-01-22T01:10:53.256+0800: 9.624: [GC (Allocation Failure) 2021-01-22T01:10:53.257+0800: 9.625: [DefNew: 279616K->34943K(314560K), 0.0148092 secs] 695979K->508063K(1013632K), 0.0157355 secs] [Times: user=0.02 sys=0.00, real=0.02 secs] 
2021-01-22T01:10:53.307+0800: 9.674: [GC (Allocation Failure) 2021-01-22T01:10:53.307+0800: 9.675: [DefNew: 314559K->34942K(314560K), 0.0167491 secs] 787679K->590992K(1013632K), 0.0175441 secs] [Times: user=0.02 sys=0.00, real=0.02 secs] 
2021-01-22T01:10:53.363+0800: 9.730: [GC (Allocation Failure) 2021-01-22T01:10:53.363+0800: 9.731: [DefNew: 314558K->34943K(314560K), 0.0170161 secs] 870608K->672623K(1013632K), 0.0177907 secs] [Times: user=0.01 sys=0.00, real=0.02 secs] 
2021-01-22T01:10:53.417+0800: 9.785: [GC (Allocation Failure) 2021-01-22T01:10:53.418+0800: 9.786: [DefNew: 314559K->314559K(314560K), 0.0003853 secs]2021-01-22T01:10:53.418+0800: 9.786: [Tenured: 637679K->407145K(699072K), 0.0514412 secs] 952239K->407145K(1013632K), [Metaspace: 2817K->2817K(1056768K)], 0.0531009 secs] [Times: user=0.05 sys=0.00, real=0.06 secs] 
2021-01-22T01:10:53.506+0800: 9.874: [GC (Allocation Failure) 2021-01-22T01:10:53.507+0800: 9.874: [DefNew: 279281K->34943K(314560K), 0.0143983 secs] 686427K->500981K(1013632K), 0.0152700 secs] [Times: user=0.01 sys=0.00, real=0.02 secs] 
2021-01-22T01:10:53.558+0800: 9.925: [GC (Allocation Failure) 2021-01-22T01:10:53.558+0800: 9.926: [DefNew: 314559K->34943K(314560K), 0.0155040 secs] 780597K->573122K(1013632K), 0.0164156 secs] [Times: user=0.01 sys=0.00, real=0.02 secs] 
2021-01-22T01:10:53.609+0800: 9.977: [GC (Allocation Failure) 2021-01-22T01:10:53.609+0800: 9.977: [DefNew: 314559K->34943K(314560K), 0.0145326 secs] 852738K->654002K(1013632K), 0.0155533 secs] [Times: user=0.01 sys=0.00, real=0.01 secs] 
2021-01-22T01:10:53.659+0800: 10.027: [GC (Allocation Failure) 2021-01-22T01:10:53.659+0800: 10.027: [DefNew: 314559K->314559K(314560K), 0.0003307 secs]2021-01-22T01:10:53.660+0800: 10.028: [Tenured: 619058K->412221K(699072K), 0.0482637 secs] 933618K->412221K(1013632K), [Metaspace: 2817K->2817K(1056768K)], 0.0496849 secs] [Times: user=0.05 sys=0.00, real=0.05 secs] 
2021-01-22T01:10:53.742+0800: 10.110: [GC (Allocation Failure) 2021-01-22T01:10:53.742+0800: 10.110: [DefNew: 278987K->34943K(314560K), 0.0118221 secs] 691209K->502675K(1013632K), 0.0126834 secs] [Times: user=0.01 sys=0.00, real=0.01 secs] 
2021-01-22T01:10:53.789+0800: 10.156: [GC (Allocation Failure) 2021-01-22T01:10:53.789+0800: 10.157: [DefNew: 314559K->34944K(314560K), 0.0134989 secs] 782291K->573042K(1013632K), 0.0144400 secs] [Times: user=0.01 sys=0.00, real=0.01 secs] 
2021-01-22T01:10:53.840+0800: 10.207: [GC (Allocation Failure) 2021-01-22T01:10:53.840+0800: 10.208: [DefNew: 314560K->34943K(314560K), 0.0152626 secs] 852658K->653514K(1013632K), 0.0161291 secs] [Times: user=0.02 sys=0.00, real=0.01 secs] 
2021-01-22T01:10:53.894+0800: 10.262: [GC (Allocation Failure) 2021-01-22T01:10:53.895+0800: 10.262: [DefNew: 314559K->314559K(314560K), 0.0003639 secs]2021-01-22T01:10:53.895+0800: 10.263: [Tenured: 618570K->367311K(699072K), 0.0504365 secs] 933130K->367311K(1013632K), [Metaspace: 2817K->2817K(1056768K)], 0.0521943 secs] [Times: user=0.05 sys=0.00, real=0.05 secs] 
2021-01-22T01:10:53.982+0800: 10.350: [GC (Allocation Failure) 2021-01-22T01:10:53.983+0800: 10.351: [DefNew: 279616K->34943K(314560K), 0.0104559 secs] 646927K->450965K(1013632K), 0.0114737 secs] [Times: user=0.01 sys=0.00, real=0.01 secs] 
2021-01-22T01:10:54.024+0800: 10.392: [GC (Allocation Failure) 2021-01-22T01:10:54.025+0800: 10.392: [DefNew: 314559K->34943K(314560K), 0.0157140 secs] 730581K->533012K(1013632K), 0.0165837 secs] [Times: user=0.02 sys=0.00, real=0.02 secs] 
2021-01-22T01:10:54.082+0800: 10.450: [GC (Allocation Failure) 2021-01-22T01:10:54.083+0800: 10.451: [DefNew: 314559K->34943K(314560K), 0.0140021 secs] 812628K->611966K(1013632K), 0.0150159 secs] [Times: user=0.01 sys=0.00, real=0.01 secs] 
2021-01-22T01:10:54.131+0800: 10.499: [GC (Allocation Failure) 2021-01-22T01:10:54.131+0800: 10.499: [DefNew: 314559K->34943K(314560K), 0.0155941 secs] 891582K->693247K(1013632K), 0.0164126 secs] [Times: user=0.02 sys=0.00, real=0.01 secs] 
2021-01-22T01:10:54.186+0800: 10.554: [GC (Allocation Failure) 2021-01-22T01:10:54.186+0800: 10.554: [DefNew: 314559K->314559K(314560K), 0.0001949 secs]2021-01-22T01:10:54.186+0800: 10.554: [Tenured: 658303K->400883K(699072K), 0.0467833 secs] 972863K->400883K(1013632K), [Metaspace: 2817K->2817K(1056768K)], 0.0480768 secs] [Times: user=0.04 sys=0.00, real=0.05 secs] 
2021-01-22T01:10:54.269+0800: 10.636: [GC (Allocation Failure) 2021-01-22T01:10:54.269+0800: 10.637: [DefNew: 279616K->34943K(314560K), 0.0122686 secs] 680499K->491305K(1013632K), 0.0131694 secs] [Times: user=0.01 sys=0.00, real=0.01 secs] 
2021-01-22T01:10:54.318+0800: 10.686: [GC (Allocation Failure) 2021-01-22T01:10:54.319+0800: 10.687: [DefNew: 314559K->34943K(314560K), 0.0141363 secs] 770921K->566744K(1013632K), 0.0151292 secs] [Times: user=0.01 sys=0.00, real=0.01 secs] 
2021-01-22T01:10:54.368+0800: 10.736: [GC (Allocation Failure) 2021-01-22T01:10:54.369+0800: 10.736: [DefNew: 314559K->34942K(314560K), 0.0147307 secs] 846360K->648516K(1013632K), 0.0155583 secs] [Times: user=0.02 sys=0.00, real=0.01 secs] 
2021-01-22T01:10:54.420+0800: 10.788: [GC (Allocation Failure) 2021-01-22T01:10:54.420+0800: 10.788: [DefNew: 314558K->314558K(314560K), 0.0002914 secs]2021-01-22T01:10:54.421+0800: 10.789: [Tenured: 613573K->412889K(699072K), 0.0537113 secs] 928132K->412889K(1013632K), [Metaspace: 2817K->2817K(1056768K)], 0.0548603 secs] [Times: user=0.05 sys=0.00, real=0.05 secs] 
2021-01-22T01:10:54.510+0800: 10.878: [GC (Allocation Failure) 2021-01-22T01:10:54.511+0800: 10.879: [DefNew: 279616K->34943K(314560K), 0.0112536 secs] 692505K->501706K(1013632K), 0.0122335 secs] [Times: user=0.02 sys=0.00, real=0.01 secs] 
2021-01-22T01:10:54.558+0800: 10.926: [GC (Allocation Failure) 2021-01-22T01:10:54.559+0800: 10.926: [DefNew: 314433K->34944K(314560K), 0.0148190 secs] 781196K->584191K(1013632K), 0.0157516 secs] [Times: user=0.01 sys=0.01, real=0.02 secs] 
2021-01-22T01:10:54.610+0800: 10.977: [GC (Allocation Failure) 2021-01-22T01:10:54.610+0800: 10.978: [DefNew: 314560K->34943K(314560K), 0.0153979 secs] 863807K->666707K(1013632K), 0.0162285 secs] [Times: user=0.02 sys=0.00, real=0.01 secs] 
2021-01-22T01:10:54.662+0800: 11.030: [GC (Allocation Failure) 2021-01-22T01:10:54.663+0800: 11.030: [DefNew: 314559K->314559K(314560K), 0.0003720 secs]2021-01-22T01:10:54.663+0800: 11.031: [Tenured: 631764K->396290K(699072K), 0.0498114 secs] 946323K->396290K(1013632K), [Metaspace: 2817K->2817K(1056768K)], 0.0514774 secs] [Times: user=0.05 sys=0.00, real=0.05 secs] 
2021-01-22T01:10:54.748+0800: 11.116: [GC (Allocation Failure) 2021-01-22T01:10:54.749+0800: 11.116: [DefNew: 279616K->34944K(314560K), 0.0114242 secs] 675906K->476017K(1013632K), 0.0122350 secs] [Times: user=0.01 sys=0.00, real=0.01 secs] 
2021-01-22T01:10:54.805+0800: 11.173: [GC (Allocation Failure) 2021-01-22T01:10:54.806+0800: 11.173: [DefNew: 314560K->34944K(314560K), 0.0153925 secs] 755633K->558447K(1013632K), 0.0163760 secs] [Times: user=0.02 sys=0.00, real=0.02 secs] 
2021-01-22T01:10:54.857+0800: 11.225: [GC (Allocation Failure) 2021-01-22T01:10:54.858+0800: 11.225: [DefNew: 314560K->34942K(314560K), 0.0154629 secs] 838063K->636485K(1013632K), 0.0163981 secs] [Times: user=0.02 sys=0.00, real=0.02 secs] 
2021-01-22T01:10:54.907+0800: 11.275: [GC (Allocation Failure) 2021-01-22T01:10:54.907+0800: 11.275: [DefNew: 314558K->314558K(314560K), 0.0003134 secs]2021-01-22T01:10:54.908+0800: 11.276: [Tenured: 601542K->370278K(699072K), 0.0522444 secs] 916101K->370278K(1013632K), [Metaspace: 2817K->2817K(1056768K)], 0.0537464 secs] [Times: user=0.05 sys=0.00, real=0.06 secs] 
2021-01-22T01:10:55.000+0800: 11.368: [GC (Allocation Failure) 2021-01-22T01:10:55.000+0800: 11.368: [DefNew: 279616K->34943K(314560K), 0.0130695 secs] 649894K->462109K(1013632K), 0.0139664 secs] [Times: user=0.01 sys=0.00, real=0.01 secs] 
2021-01-22T01:10:55.049+0800: 11.417: [GC (Allocation Failure) 2021-01-22T01:10:55.049+0800: 11.417: [DefNew: 314559K->34943K(314560K), 0.0160480 secs] 741725K->544262K(1013632K), 0.0169308 secs] [Times: user=0.02 sys=0.00, real=0.01 secs] 
2021-01-22T01:10:55.107+0800: 11.475: [GC (Allocation Failure) 2021-01-22T01:10:55.107+0800: 11.475: [DefNew: 314559K->34943K(314560K), 0.0160058 secs] 823878K->620193K(1013632K), 0.0165483 secs] [Times: user=0.01 sys=0.00, real=0.02 secs] 
2021-01-22T01:10:55.168+0800: 11.535: [GC (Allocation Failure) 2021-01-22T01:10:55.168+0800: 11.536: [DefNew: 314559K->34943K(314560K), 0.0164240 secs] 899809K->704074K(1013632K), 0.0172992 secs] [Times: user=0.01 sys=0.00, real=0.02 secs] 
2021-01-22T01:10:55.219+0800: 11.587: [GC (Allocation Failure) 2021-01-22T01:10:55.219+0800: 11.587: [DefNew: 314559K->314559K(314560K), 0.0001587 secs]2021-01-22T01:10:55.220+0800: 11.588: [Tenured: 669130K->413105K(699072K), 0.0491731 secs] 983690K->413105K(1013632K), [Metaspace: 2817K->2817K(1056768K)], 0.0502338 secs] [Times: user=0.04 sys=0.00, real=0.05 secs] 
2021-01-22T01:10:55.306+0800: 11.674: [GC (Allocation Failure) 2021-01-22T01:10:55.306+0800: 11.674: [DefNew: 279616K->34944K(314560K), 0.0118009 secs] 692721K->493955K(1013632K), 0.0126473 secs] [Times: user=0.01 sys=0.00, real=0.02 secs] 
2021-01-22T01:10:55.352+0800: 11.720: [GC (Allocation Failure) 2021-01-22T01:10:55.352+0800: 11.720: [DefNew: 314560K->34943K(314560K), 0.0169490 secs] 773571K->576234K(1013632K), 0.0178034 secs] [Times: user=0.01 sys=0.00, real=0.02 secs] 
2021-01-22T01:10:55.402+0800: 11.770: [GC (Allocation Failure) 2021-01-22T01:10:55.403+0800: 11.771: [DefNew: 314213K->34943K(314560K), 0.0154232 secs] 855503K->661775K(1013632K), 0.0164599 secs] [Times: user=0.02 sys=0.00, real=0.02 secs] 
2021-01-22T01:10:55.454+0800: 11.822: [GC (Allocation Failure) 2021-01-22T01:10:55.454+0800: 11.822: [DefNew: 314559K->314559K(314560K), 0.0003466 secs]2021-01-22T01:10:55.455+0800: 11.823: [Tenured: 626831K->416436K(699072K), 0.0526353 secs] 941391K->416436K(1013632K), [Metaspace: 2817K->2817K(1056768K)], 0.0542930 secs] [Times: user=0.06 sys=0.00, real=0.06 secs] 
2021-01-22T01:10:55.546+0800: 11.913: [GC (Allocation Failure) 2021-01-22T01:10:55.546+0800: 11.914: [DefNew: 279616K->34943K(314560K), 0.0126102 secs] 696052K->506258K(1013632K), 0.0133721 secs] [Times: user=0.02 sys=0.00, real=0.02 secs] 
2021-01-22T01:10:55.595+0800: 11.963: [GC (Allocation Failure) 2021-01-22T01:10:55.595+0800: 11.963: [DefNew: 314204K->34943K(314560K), 0.0154599 secs] 785518K->582844K(1013632K), 0.0162163 secs] [Times: user=0.02 sys=0.00, real=0.02 secs] 
2021-01-22T01:10:55.646+0800: 12.014: [GC (Allocation Failure) 2021-01-22T01:10:55.647+0800: 12.014: [DefNew: 314548K->34943K(314560K), 0.0146175 secs] 862449K->660844K(1013632K), 0.0156945 secs] [Times: user=0.02 sys=0.00, real=0.02 secs] 
2021-01-22T01:10:55.697+0800: 12.065: [GC (Allocation Failure) 2021-01-22T01:10:55.697+0800: 12.065: [DefNew: 314559K->314559K(314560K), 0.0003353 secs]2021-01-22T01:10:55.698+0800: 12.066: [Tenured: 625900K->410161K(699072K), 0.0499756 secs] 940460K->410161K(1013632K), [Metaspace: 2817K->2817K(1056768K)], 0.0514876 secs] [Times: user=0.05 sys=0.00, real=0.06 secs] 
2021-01-22T01:10:55.780+0800: 12.148: [GC (Allocation Failure) 2021-01-22T01:10:55.780+0800: 12.148: [DefNew: 279616K->34944K(314560K), 0.0130896 secs] 689777K->503508K(1013632K), 0.0140204 secs] [Times: user=0.01 sys=0.00, real=0.01 secs] 
2021-01-22T01:10:55.826+0800: 12.194: [GC (Allocation Failure) 2021-01-22T01:10:55.827+0800: 12.194: [DefNew: 314548K->34943K(314560K), 0.0145728 secs] 783113K->578492K(1013632K), 0.0154253 secs] [Times: user=0.01 sys=0.00, real=0.02 secs] 
2021-01-22T01:10:55.876+0800: 12.244: [GC (Allocation Failure) 2021-01-22T01:10:55.876+0800: 12.244: [DefNew: 314353K->34943K(314560K), 0.0140167 secs] 857901K->642458K(1013632K), 0.0148212 secs] [Times: user=0.02 sys=0.00, real=0.02 secs] 
2021-01-22T01:10:55.924+0800: 12.291: [GC (Allocation Failure) 2021-01-22T01:10:55.924+0800: 12.292: [DefNew: 314559K->314559K(314560K), 0.0003757 secs]2021-01-22T01:10:55.925+0800: 12.293: [Tenured: 607514K->384638K(699072K), 0.0497490 secs] 922074K->384638K(1013632K), [Metaspace: 2817K->2817K(1056768K)], 0.0514396 secs] [Times: user=0.05 sys=0.00, real=0.05 secs] 
2021-01-22T01:10:56.009+0800: 12.377: [GC (Allocation Failure) 2021-01-22T01:10:56.009+0800: 12.377: [DefNew: 279616K->34942K(314560K), 0.0115669 secs] 664254K->468632K(1013632K), 0.0124822 secs] [Times: user=0.01 sys=0.00, real=0.01 secs] 
2021-01-22T01:10:56.056+0800: 12.424: [GC (Allocation Failure) 2021-01-22T01:10:56.057+0800: 12.425: [DefNew: 314558K->34942K(314560K), 0.0145992 secs] 748248K->546290K(1013632K), 0.0154380 secs] [Times: user=0.01 sys=0.00, real=0.02 secs] 
2021-01-22T01:10:56.109+0800: 12.477: [GC (Allocation Failure) 2021-01-22T01:10:56.109+0800: 12.477: [DefNew: 314558K->34943K(314560K), 0.0158285 secs] 825906K->628094K(1013632K), 0.0167426 secs] [Times: user=0.02 sys=0.00, real=0.01 secs] 
2021-01-22T01:10:56.162+0800: 12.530: [GC (Allocation Failure) 2021-01-22T01:10:56.162+0800: 12.530: [DefNew: 314559K->314559K(314560K), 0.0003632 secs]2021-01-22T01:10:56.163+0800: 12.531: [Tenured: 593150K->432491K(699072K), 0.0517067 secs] 907710K->432491K(1013632K), [Metaspace: 2817K->2817K(1056768K)], 0.0533615 secs] [Times: user=0.05 sys=0.00, real=0.05 secs] 
2021-01-22T01:10:56.251+0800: 12.618: [GC (Allocation Failure) 2021-01-22T01:10:56.251+0800: 12.619: [DefNew: 279616K->34943K(314560K), 0.0104136 secs] 712107K->522029K(1013632K), 0.0111774 secs] [Times: user=0.01 sys=0.00, real=0.01 secs] 
2021-01-22T01:10:56.297+0800: 12.665: [GC (Allocation Failure) 2021-01-22T01:10:56.297+0800: 12.665: [DefNew: 314559K->34943K(314560K), 0.0157365 secs] 801645K->612895K(1013632K), 0.0167003 secs] [Times: user=0.02 sys=0.00, real=0.02 secs] 
2021-01-22T01:10:56.348+0800: 12.716: [GC (Allocation Failure) 2021-01-22T01:10:56.349+0800: 12.716: [DefNew: 314559K->34943K(314560K), 0.0160267 secs] 892511K->690512K(1013632K), 0.0168758 secs] [Times: user=0.02 sys=0.00, real=0.02 secs] 
2021-01-22T01:10:56.400+0800: 12.768: [GC (Allocation Failure) 2021-01-22T01:10:56.401+0800: 12.769: [DefNew: 314559K->314559K(314560K), 0.0003668 secs]2021-01-22T01:10:56.401+0800: 12.769: [Tenured: 655568K->430984K(699072K), 0.0503645 secs] 970128K->430984K(1013632K), [Metaspace: 2817K->2817K(1056768K)], 0.0521608 secs] [Times: user=0.05 sys=0.00, real=0.05 secs] 
2021-01-22T01:10:56.485+0800: 12.853: [GC (Allocation Failure) 2021-01-22T01:10:56.485+0800: 12.853: [DefNew: 279353K->34943K(314560K), 0.0109937 secs] 710338K->521395K(1013632K), 0.0119625 secs] [Times: user=0.02 sys=0.00, real=0.01 secs] 
2021-01-22T01:10:56.531+0800: 12.898: [GC (Allocation Failure) 2021-01-22T01:10:56.531+0800: 12.899: [DefNew: 314559K->34943K(314560K), 0.0218098 secs] 801011K->606926K(1013632K), 0.0228645 secs] [Times: user=0.02 sys=0.00, real=0.02 secs] 
2021-01-22T01:10:56.592+0800: 12.959: [GC (Allocation Failure) 2021-01-22T01:10:56.592+0800: 12.960: [DefNew: 314559K->34943K(314560K), 0.0158757 secs] 886542K->684421K(1013632K), 0.0167765 secs] [Times: user=0.01 sys=0.00, real=0.02 secs] 
2021-01-22T01:10:56.646+0800: 13.014: [GC (Allocation Failure) 2021-01-22T01:10:56.646+0800: 13.014: [DefNew: 314559K->314559K(314560K), 0.0002966 secs]2021-01-22T01:10:56.647+0800: 13.015: [Tenured: 649477K->421484K(699072K), 0.0532010 secs] 964037K->421484K(1013632K), [Metaspace: 2817K->2817K(1056768K)], 0.0544855 secs] [Times: user=0.06 sys=0.00, real=0.06 secs] 
2021-01-22T01:10:56.735+0800: 13.102: [GC (Allocation Failure) 2021-01-22T01:10:56.735+0800: 13.103: [DefNew: 279616K->34943K(314560K), 0.0116851 secs] 701100K->509300K(1013632K), 0.0126083 secs] [Times: user=0.01 sys=0.00, real=0.01 secs] 
2021-01-22T01:10:56.780+0800: 13.148: [GC (Allocation Failure) 2021-01-22T01:10:56.780+0800: 13.148: [DefNew: 314559K->34943K(314560K), 0.0151239 secs] 788916K->592816K(1013632K), 0.0160608 secs] [Times: user=0.02 sys=0.00, real=0.01 secs] 
2021-01-22T01:10:56.829+0800: 13.197: [GC (Allocation Failure) 2021-01-22T01:10:56.830+0800: 13.198: [DefNew: 314559K->34943K(314560K), 0.0147332 secs] 872432K->670272K(1013632K), 0.0158648 secs] [Times: user=0.01 sys=0.00, real=0.01 secs] 
2021-01-22T01:10:56.883+0800: 13.251: [GC (Allocation Failure) 2021-01-22T01:10:56.884+0800: 13.252: [DefNew: 314559K->314559K(314560K), 0.0005110 secs]2021-01-22T01:10:56.885+0800: 13.253: [Tenured: 635329K->383273K(699072K), 0.0507947 secs] 949888K->383273K(1013632K), [Metaspace: 2817K->2817K(1056768K)], 0.0528787 secs] [Times: user=0.05 sys=0.00, real=0.05 secs] 
2021-01-22T01:10:56.969+0800: 13.337: [GC (Allocation Failure) 2021-01-22T01:10:56.970+0800: 13.338: [DefNew: 279616K->34943K(314560K), 0.0122176 secs] 662889K->474583K(1013632K), 0.0131409 secs] [Times: user=0.01 sys=0.00, real=0.01 secs] 
2021-01-22T01:10:57.017+0800: 13.385: [GC (Allocation Failure) 2021-01-22T01:10:57.017+0800: 13.385: [DefNew: 314559K->34943K(314560K), 0.0144726 secs] 754199K->553608K(1013632K), 0.0154029 secs] [Times: user=0.01 sys=0.00, real=0.02 secs] 
2021-01-22T01:10:57.068+0800: 13.436: [GC (Allocation Failure) 2021-01-22T01:10:57.069+0800: 13.436: [DefNew: 314559K->34941K(314560K), 0.0130919 secs] 833224K->625352K(1013632K), 0.0140525 secs] [Times: user=0.01 sys=0.00, real=0.01 secs] 
2021-01-22T01:10:57.117+0800: 13.485: [GC (Allocation Failure) 2021-01-22T01:10:57.117+0800: 13.485: [DefNew: 314557K->34942K(314560K), 0.0135557 secs] 904968K->695575K(1013632K), 0.0144462 secs] [Times: user=0.02 sys=0.00, real=0.02 secs] 
2021-01-22T01:10:57.165+0800: 13.532: [GC (Allocation Failure) 2021-01-22T01:10:57.165+0800: 13.533: [DefNew: 314039K->314039K(314560K), 0.0003884 secs]2021-01-22T01:10:57.166+0800: 13.534: [Tenured: 660632K->404504K(699072K), 0.0446857 secs] 974671K->404504K(1013632K), [Metaspace: 2817K->2817K(1056768K)], 0.0466258 secs] [Times: user=0.04 sys=0.00, real=0.05 secs] 
2021-01-22T01:10:57.245+0800: 13.613: [GC (Allocation Failure) 2021-01-22T01:10:57.246+0800: 13.613: [DefNew: 279310K->34943K(314560K), 0.0123369 secs] 683815K->496981K(1013632K), 0.0132661 secs] [Times: user=0.01 sys=0.00, real=0.02 secs] 
2021-01-22T01:10:57.292+0800: 13.659: [GC (Allocation Failure) 2021-01-22T01:10:57.292+0800: 13.660: [DefNew: 314559K->34944K(314560K), 0.0172572 secs] 776597K->583478K(1013632K), 0.0181249 secs] [Times: user=0.02 sys=0.00, real=0.02 secs] 
2021-01-22T01:10:57.345+0800: 13.713: [GC (Allocation Failure) 2021-01-22T01:10:57.345+0800: 13.713: [DefNew: 314560K->34943K(314560K), 0.0133897 secs] 863094K->661830K(1013632K), 0.0146046 secs] [Times: user=0.02 sys=0.00, real=0.02 secs] 
2021-01-22T01:10:57.393+0800: 13.760: [GC (Allocation Failure) 2021-01-22T01:10:57.393+0800: 13.761: [DefNew: 314559K->314559K(314560K), 0.0003653 secs]2021-01-22T01:10:57.394+0800: 13.762: [Tenured: 626886K->416475K(699072K), 0.0468900 secs] 941446K->416475K(1013632K), [Metaspace: 2817K->2817K(1056768K)], 0.0484433 secs] [Times: user=0.05 sys=0.00, real=0.05 secs] 
2021-01-22T01:10:57.472+0800: 13.840: [GC (Allocation Failure) 2021-01-22T01:10:57.473+0800: 13.840: [DefNew: 279616K->34943K(314560K), 0.0119326 secs] 696091K->511153K(1013632K), 0.0127423 secs] [Times: user=0.01 sys=0.00, real=0.01 secs] 
2021-01-22T01:10:57.517+0800: 13.885: [GC (Allocation Failure) 2021-01-22T01:10:57.518+0800: 13.886: [DefNew: 314559K->34944K(314560K), 0.0161167 secs] 790769K->583726K(1013632K), 0.0169924 secs] [Times: user=0.02 sys=0.00, real=0.02 secs] 
2021-01-22T01:10:57.569+0800: 13.937: [GC (Allocation Failure) 2021-01-22T01:10:57.570+0800: 13.937: [DefNew: 314560K->34944K(314560K), 0.0152023 secs] 863342K->659057K(1013632K), 0.0160429 secs] [Times: user=0.02 sys=0.00, real=0.01 secs] 
2021-01-22T01:10:57.623+0800: 13.991: [GC (Allocation Failure) 2021-01-22T01:10:57.623+0800: 13.991: [DefNew: 314560K->314560K(314560K), 0.0003351 secs]2021-01-22T01:10:57.624+0800: 13.992: [Tenured: 624113K->416905K(699072K), 0.0502887 secs] 938673K->416905K(1013632K), [Metaspace: 2817K->2817K(1056768K)], 0.0518903 secs] [Times: user=0.05 sys=0.00, real=0.05 secs] 
2021-01-22T01:10:57.708+0800: 14.076: [GC (Allocation Failure) 2021-01-22T01:10:57.709+0800: 14.077: [DefNew: 279616K->34943K(314560K), 0.0112831 secs] 696521K->500571K(1013632K), 0.0120951 secs] [Times: user=0.01 sys=0.00, real=0.01 secs] 
2021-01-22T01:10:57.761+0800: 14.128: [GC (Allocation Failure) 2021-01-22T01:10:57.761+0800: 14.129: [DefNew: 314559K->34943K(314560K), 0.0160887 secs] 780187K->574911K(1013632K), 0.0168501 secs] [Times: user=0.01 sys=0.00, real=0.01 secs] 
2021-01-22T01:10:57.814+0800: 14.182: [GC (Allocation Failure) 2021-01-22T01:10:57.815+0800: 14.182: [DefNew: 314559K->34942K(314560K), 0.0144169 secs] 854527K->647633K(1013632K), 0.0150532 secs] [Times: user=0.02 sys=0.00, real=0.02 secs] 
2021-01-22T01:10:57.861+0800: 14.229: [GC (Allocation Failure) 2021-01-22T01:10:57.862+0800: 14.230: [DefNew: 314558K->314558K(314560K), 0.0003467 secs]2021-01-22T01:10:57.863+0800: 14.230: [Tenured: 612690K->373333K(699072K), 0.0461361 secs] 927249K->373333K(1013632K), [Metaspace: 2817K->2817K(1056768K)], 0.0476926 secs] [Times: user=0.04 sys=0.00, real=0.05 secs] 
2021-01-22T01:10:57.944+0800: 14.311: [GC (Allocation Failure) 2021-01-22T01:10:57.944+0800: 14.312: [DefNew: 279616K->34943K(314560K), 0.0114629 secs] 652949K->460593K(1013632K), 0.0123361 secs] [Times: user=0.01 sys=0.00, real=0.01 secs] 
2021-01-22T01:10:57.989+0800: 14.357: [GC (Allocation Failure) 2021-01-22T01:10:57.990+0800: 14.358: [DefNew: 314559K->34942K(314560K), 0.0157659 secs] 740209K->548059K(1013632K), 0.0166570 secs] [Times: user=0.02 sys=0.00, real=0.01 secs] 
2021-01-22T01:10:58.040+0800: 14.407: [GC (Allocation Failure) 2021-01-22T01:10:58.040+0800: 14.408: [DefNew: 314558K->34943K(314560K), 0.0157822 secs] 827675K->629631K(1013632K), 0.0165960 secs] [Times: user=0.02 sys=0.00, real=0.01 secs] 
2021-01-22T01:10:58.091+0800: 14.459: [GC (Allocation Failure) 2021-01-22T01:10:58.091+0800: 14.459: [DefNew: 314559K->314559K(314560K), 0.0003744 secs]2021-01-22T01:10:58.092+0800: 14.460: [Tenured: 594688K->413664K(699072K), 0.0491005 secs] 909247K->413664K(1013632K), [Metaspace: 2817K->2817K(1056768K)], 0.0507226 secs] [Times: user=0.05 sys=0.00, real=0.05 secs] 
2021-01-22T01:10:58.176+0800: 14.544: [GC (Allocation Failure) 2021-01-22T01:10:58.176+0800: 14.544: [DefNew: 279616K->34943K(314560K), 0.0127311 secs] 693280K->503456K(1013632K), 0.0135771 secs] [Times: user=0.02 sys=0.00, real=0.02 secs] 
2021-01-22T01:10:58.223+0800: 14.591: [GC (Allocation Failure) 2021-01-22T01:10:58.224+0800: 14.591: [DefNew: 314559K->34943K(314560K), 0.0158388 secs] 783072K->582641K(1013632K), 0.0166811 secs] [Times: user=0.01 sys=0.00, real=0.02 secs] 
2021-01-22T01:10:58.276+0800: 14.644: [GC (Allocation Failure) 2021-01-22T01:10:58.277+0800: 14.644: [DefNew: 314559K->34943K(314560K), 0.0158360 secs] 862257K->663016K(1013632K), 0.0167334 secs] [Times: user=0.02 sys=0.00, real=0.02 secs] 
2021-01-22T01:10:58.326+0800: 14.694: [GC (Allocation Failure) 2021-01-22T01:10:58.327+0800: 14.695: [DefNew: 314559K->314559K(314560K), 0.0002996 secs]2021-01-22T01:10:58.328+0800: 14.695: [Tenured: 628072K->415805K(699072K), 0.0489543 secs] 942632K->415805K(1013632K), [Metaspace: 2817K->2817K(1056768K)], 0.0506467 secs] [Times: user=0.05 sys=0.00, real=0.05 secs] 
2021-01-22T01:10:58.412+0800: 14.780: [GC (Allocation Failure) 2021-01-22T01:10:58.412+0800: 14.780: [DefNew: 279106K->34943K(314560K), 0.0110588 secs] 694911K->499866K(1013632K), 0.0118885 secs] [Times: user=0.01 sys=0.00, real=0.01 secs] 
2021-01-22T01:10:58.458+0800: 14.826: [GC (Allocation Failure) 2021-01-22T01:10:58.458+0800: 14.826: [DefNew: 314559K->34943K(314560K), 0.0141527 secs] 779482K->577986K(1013632K), 0.0150545 secs] [Times: user=0.01 sys=0.00, real=0.02 secs] 
2021-01-22T01:10:58.509+0800: 14.876: [GC (Allocation Failure) 2021-01-22T01:10:58.509+0800: 14.877: [DefNew: 314559K->34944K(314560K), 0.0144681 secs] 857602K->650223K(1013632K), 0.0153568 secs] [Times: user=0.01 sys=0.00, real=0.01 secs] 
2021-01-22T01:10:58.556+0800: 14.924: [GC (Allocation Failure) 2021-01-22T01:10:58.557+0800: 14.924: [DefNew: 314560K->314560K(314560K), 0.0003822 secs]2021-01-22T01:10:58.557+0800: 14.925: [Tenured: 615279K->408634K(699072K), 0.0491176 secs] 929839K->408634K(1013632K), [Metaspace: 2817K->2817K(1056768K)], 0.0508585 secs] [Times: user=0.05 sys=0.00, real=0.05 secs] 
2021-01-22T01:10:58.642+0800: 15.010: [GC (Allocation Failure) 2021-01-22T01:10:58.643+0800: 15.011: [DefNew: 279616K->34943K(314560K), 0.0116758 secs] 688250K->494933K(1013632K), 0.0128432 secs] [Times: user=0.01 sys=0.00, real=0.01 secs] 
2021-01-22T01:10:58.690+0800: 15.058: [GC (Allocation Failure) 2021-01-22T01:10:58.690+0800: 15.058: [DefNew: 314559K->34943K(314560K), 0.0159970 secs] 774549K->572939K(1013632K), 0.0169645 secs] [Times: user=0.02 sys=0.00, real=0.01 secs] 
2021-01-22T01:10:58.740+0800: 15.108: [GC (Allocation Failure) 2021-01-22T01:10:58.741+0800: 15.108: [DefNew: 314504K->34944K(314560K), 0.0149722 secs] 852500K->655414K(1013632K), 0.0159311 secs] [Times: user=0.01 sys=0.00, real=0.01 secs] 
2021-01-22T01:10:58.789+0800: 15.157: [GC (Allocation Failure) 2021-01-22T01:10:58.790+0800: 15.157: [DefNew: 314560K->314560K(314560K), 0.0003931 secs]2021-01-22T01:10:58.790+0800: 15.158: [Tenured: 620470K->373088K(699072K), 0.0507718 secs] 935030K->373088K(1013632K), [Metaspace: 2817K->2817K(1056768K)], 0.0524755 secs] [Times: user=0.05 sys=0.00, real=0.05 secs] 
2021-01-22T01:10:58.879+0800: 15.247: [GC (Allocation Failure) 2021-01-22T01:10:58.879+0800: 15.247: [DefNew: 279616K->34943K(314560K), 0.0126825 secs] 652704K->465443K(1013632K), 0.0136521 secs] [Times: user=0.02 sys=0.00, real=0.01 secs] 
2021-01-22T01:10:58.927+0800: 15.294: [GC (Allocation Failure) 2021-01-22T01:10:58.927+0800: 15.295: [DefNew: 314559K->34942K(314560K), 0.0164849 secs] 745059K->542661K(1013632K), 0.0172639 secs] [Times: user=0.02 sys=0.00, real=0.02 secs] 
2021-01-22T01:10:58.980+0800: 15.348: [GC (Allocation Failure) 2021-01-22T01:10:58.980+0800: 15.348: [DefNew: 314558K->34940K(314560K), 0.0161495 secs] 822277K->628762K(1013632K), 0.0170640 secs] [Times: user=0.02 sys=0.00, real=0.01 secs] 
2021-01-22T01:10:59.030+0800: 15.398: [GC (Allocation Failure) 2021-01-22T01:10:59.031+0800: 15.398: [DefNew: 314313K->314313K(314560K), 0.0004257 secs]2021-01-22T01:10:59.031+0800: 15.399: [Tenured: 593822K->420519K(699072K), 0.0571214 secs] 908136K->420519K(1013632K), [Metaspace: 2817K->2817K(1056768K)], 0.0588976 secs] [Times: user=0.06 sys=0.00, real=0.06 secs] 
2021-01-22T01:10:59.138+0800: 15.506: [GC (Allocation Failure) 2021-01-22T01:10:59.138+0800: 15.506: [DefNew: 279616K->34943K(314560K), 0.0150370 secs] 700135K->505671K(1013632K), 0.0157041 secs] [Times: user=0.01 sys=0.00, real=0.02 secs] 
2021-01-22T01:10:59.195+0800: 15.562: [GC (Allocation Failure) 2021-01-22T01:10:59.195+0800: 15.563: [DefNew: 314559K->34943K(314560K), 0.0159322 secs] 785287K->583187K(1013632K), 0.0166891 secs] [Times: user=0.02 sys=0.00, real=0.02 secs] 
2021-01-22T01:10:59.249+0800: 15.616: [GC (Allocation Failure) 2021-01-22T01:10:59.249+0800: 15.617: [DefNew: 313794K->34943K(314560K), 0.0159459 secs] 862038K->662572K(1013632K), 0.0234845 secs] [Times: user=0.01 sys=0.00, real=0.02 secs] 
2021-01-22T01:10:59.314+0800: 15.682: [GC (Allocation Failure) 2021-01-22T01:10:59.315+0800: 15.683: [DefNew: 313855K->313855K(314560K), 0.0004206 secs]2021-01-22T01:10:59.316+0800: 15.684: [Tenured: 627628K->416283K(699072K), 0.0498387 secs] 941484K->416283K(1013632K), [Metaspace: 2817K->2817K(1056768K)], 0.0517964 secs] [Times: user=0.05 sys=0.00, real=0.05 secs] 
2021-01-22T01:10:59.402+0800: 15.770: [GC (Allocation Failure) 2021-01-22T01:10:59.403+0800: 15.771: [DefNew: 279616K->34943K(314560K), 0.0107695 secs] 695899K->504510K(1013632K), 0.0118662 secs] [Times: user=0.01 sys=0.00, real=0.01 secs] 
2021-01-22T01:10:59.448+0800: 15.816: [GC (Allocation Failure) 2021-01-22T01:10:59.449+0800: 15.817: [DefNew: 314559K->34942K(314560K), 0.0145485 secs] 784126K->583023K(1013632K), 0.0153909 secs] [Times: user=0.02 sys=0.00, real=0.01 secs] 
2021-01-22T01:10:59.498+0800: 15.866: [GC (Allocation Failure) 2021-01-22T01:10:59.499+0800: 15.867: [DefNew: 314558K->34944K(314560K), 0.0197582 secs] 862639K->665846K(1013632K), 0.0206982 secs] [Times: user=0.02 sys=0.00, real=0.02 secs] 
2021-01-22T01:10:59.561+0800: 15.929: [GC (Allocation Failure) 2021-01-22T01:10:59.562+0800: 15.929: [DefNew: 314274K->314274K(314560K), 0.0002903 secs]2021-01-22T01:10:59.562+0800: 15.930: [Tenured: 630902K->401104K(699072K), 0.0544203 secs] 945177K->401104K(1013632K), [Metaspace: 2817K->2817K(1056768K)], 0.0557788 secs] [Times: user=0.06 sys=0.00, real=0.05 secs] 
2021-01-22T01:10:59.655+0800: 16.022: [GC (Allocation Failure) 2021-01-22T01:10:59.655+0800: 16.023: [DefNew: 279616K->34943K(314560K), 0.0127491 secs] 680720K->486415K(1013632K), 0.0135563 secs] [Times: user=0.01 sys=0.00, real=0.02 secs] 
2021-01-22T01:10:59.705+0800: 16.072: [GC (Allocation Failure) 2021-01-22T01:10:59.705+0800: 16.073: [DefNew: 314559K->34943K(314560K), 0.0147474 secs] 766031K->562824K(1013632K), 0.0156242 secs] [Times: user=0.02 sys=0.00, real=0.02 secs] 
2021-01-22T01:10:59.756+0800: 16.124: [GC (Allocation Failure) 2021-01-22T01:10:59.757+0800: 16.125: [DefNew: 314384K->34943K(314560K), 0.0140968 secs] 842265K->636217K(1013632K), 0.0150235 secs] [Times: user=0.02 sys=0.00, real=0.02 secs] 
2021-01-22T01:10:59.808+0800: 16.175: [GC (Allocation Failure) 2021-01-22T01:10:59.808+0800: 16.176: [DefNew: 314559K->314559K(314560K), 0.0003112 secs]2021-01-22T01:10:59.809+0800: 16.176: [Tenured: 601273K->382598K(699072K), 0.0506658 secs] 915833K->382598K(1013632K), [Metaspace: 2817K->2817K(1056768K)], 0.0521897 secs] [Times: user=0.05 sys=0.00, real=0.06 secs] 
2021-01-22T01:10:59.894+0800: 16.262: [GC (Allocation Failure) 2021-01-22T01:10:59.894+0800: 16.262: [DefNew: 279616K->34943K(314560K), 0.0110055 secs] 662214K->470316K(1013632K), 0.0116733 secs] [Times: user=0.01 sys=0.00, real=0.01 secs] 
2021-01-22T01:10:59.939+0800: 16.307: [GC (Allocation Failure) 2021-01-22T01:10:59.939+0800: 16.307: [DefNew: 314559K->34944K(314560K), 0.0155254 secs] 749932K->552227K(1013632K), 0.0163417 secs] [Times: user=0.02 sys=0.00, real=0.01 secs] 
2021-01-22T01:10:59.991+0800: 16.359: [GC (Allocation Failure) 2021-01-22T01:10:59.992+0800: 16.360: [DefNew: 314560K->34943K(314560K), 0.0155252 secs] 831843K->629185K(1013632K), 0.0162349 secs] [Times: user=0.02 sys=0.00, real=0.01 secs] 
2021-01-22T01:11:00.044+0800: 16.411: [GC (Allocation Failure) 2021-01-22T01:11:00.044+0800: 16.412: [DefNew: 314559K->314559K(314560K), 0.0002883 secs]2021-01-22T01:11:00.045+0800: 16.412: [Tenured: 594241K->403069K(699072K), 0.0459940 secs] 908801K->403069K(1013632K), [Metaspace: 2817K->2817K(1056768K)], 0.0474880 secs] [Times: user=0.05 sys=0.00, real=0.05 secs] 
2021-01-22T01:11:00.125+0800: 16.493: [GC (Allocation Failure) 2021-01-22T01:11:00.126+0800: 16.493: [DefNew: 279616K->34943K(314560K), 0.0122402 secs] 682685K->496762K(1013632K), 0.0130808 secs] [Times: user=0.02 sys=0.00, real=0.02 secs] 
2021-01-22T01:11:00.174+0800: 16.542: [GC (Allocation Failure) 2021-01-22T01:11:00.174+0800: 16.542: [DefNew: 314559K->34943K(314560K), 0.0149575 secs] 776378K->578843K(1013632K), 0.0158418 secs] [Times: user=0.02 sys=0.00, real=0.02 secs] 
2021-01-22T01:11:00.226+0800: 16.594: [GC (Allocation Failure) 2021-01-22T01:11:00.226+0800: 16.594: [DefNew: 314559K->34944K(314560K), 0.0144245 secs] 858459K->655061K(1013632K), 0.0152776 secs] [Times: user=0.02 sys=0.00, real=0.02 secs] 
2021-01-22T01:11:00.275+0800: 16.643: [GC (Allocation Failure) 2021-01-22T01:11:00.276+0800: 16.644: [DefNew: 314560K->314560K(314560K), 0.0003104 secs]2021-01-22T01:11:00.276+0800: 16.644: [Tenured: 620117K->415979K(699072K), 0.0506883 secs] 934677K->415979K(1013632K), [Metaspace: 2817K->2817K(1056768K)], 0.0522955 secs] [Times: user=0.05 sys=0.00, real=0.05 secs] 
2021-01-22T01:11:00.361+0800: 16.729: [GC (Allocation Failure) 2021-01-22T01:11:00.362+0800: 16.729: [DefNew: 279616K->34943K(314560K), 0.0108541 secs] 695595K->495049K(1013632K), 0.0117265 secs] [Times: user=0.01 sys=0.00, real=0.01 secs] 
2021-01-22T01:11:00.407+0800: 16.775: [GC (Allocation Failure) 2021-01-22T01:11:00.408+0800: 16.776: [DefNew: 314559K->34943K(314560K), 0.0155194 secs] 774665K->572941K(1013632K), 0.0163937 secs] [Times: user=0.01 sys=0.00, real=0.02 secs] 
2021-01-22T01:11:00.457+0800: 16.825: [GC (Allocation Failure) 2021-01-22T01:11:00.458+0800: 16.826: [DefNew: 314559K->34942K(314560K), 0.0146581 secs] 852557K->647080K(1013632K), 0.0154773 secs] [Times: user=0.01 sys=0.00, real=0.02 secs] 
2021-01-22T01:11:00.509+0800: 16.876: [GC (Allocation Failure) 2021-01-22T01:11:00.509+0800: 16.877: [DefNew: 314558K->314558K(314560K), 0.0003314 secs]2021-01-22T01:11:00.510+0800: 16.877: [Tenured: 612137K->398151K(699072K), 0.0478452 secs] 926696K->398151K(1013632K), [Metaspace: 2817K->2817K(1056768K)], 0.0493508 secs] [Times: user=0.04 sys=0.00, real=0.05 secs] 
2021-01-22T01:11:00.591+0800: 16.958: [GC (Allocation Failure) 2021-01-22T01:11:00.591+0800: 16.959: [DefNew: 279616K->34943K(314560K), 0.0111741 secs] 677767K->478002K(1013632K), 0.0121318 secs] [Times: user=0.01 sys=0.00, real=0.01 secs] 
2021-01-22T01:11:00.640+0800: 17.008: [GC (Allocation Failure) 2021-01-22T01:11:00.640+0800: 17.008: [DefNew: 314559K->34943K(314560K), 0.0145657 secs] 757618K->557250K(1013632K), 0.0154367 secs] [Times: user=0.02 sys=0.00, real=0.01 secs] 
2021-01-22T01:11:00.687+0800: 17.055: [GC (Allocation Failure) 2021-01-22T01:11:00.687+0800: 17.055: [DefNew: 314559K->34943K(314560K), 0.0163072 secs] 836866K->641114K(1013632K), 0.0172958 secs] [Times: user=0.01 sys=0.00, real=0.02 secs] 
2021-01-22T01:11:00.744+0800: 17.112: [GC (Allocation Failure) 2021-01-22T01:11:00.745+0800: 17.113: [DefNew: 314559K->314559K(314560K), 0.0003656 secs]2021-01-22T01:11:00.745+0800: 17.113: [Tenured: 606170K->376985K(699072K), 0.0557811 secs] 920730K->376985K(1013632K), [Metaspace: 2817K->2817K(1056768K)], 0.0572859 secs] [Times: user=0.06 sys=0.00, real=0.06 secs] 
2021-01-22T01:11:00.844+0800: 17.212: [GC (Allocation Failure) 2021-01-22T01:11:00.845+0800: 17.213: [DefNew: 279616K->34944K(314560K), 0.0130092 secs] 656601K->465517K(1013632K), 0.0137655 secs] [Times: user=0.02 sys=0.00, real=0.02 secs] 
2021-01-22T01:11:00.902+0800: 17.269: [GC (Allocation Failure) 2021-01-22T01:11:00.902+0800: 17.270: [DefNew: 314560K->34943K(314560K), 0.0157980 secs] 745133K->541445K(1013632K), 0.0164478 secs] [Times: user=0.01 sys=0.00, real=0.02 secs] 
2021-01-22T01:11:00.959+0800: 17.327: [GC (Allocation Failure) 2021-01-22T01:11:00.959+0800: 17.327: [DefNew: 314559K->34944K(314560K), 0.0159362 secs] 821061K->613278K(1013632K), 0.0167187 secs] [Times: user=0.02 sys=0.00, real=0.01 secs] 
2021-01-22T01:11:01.011+0800: 17.379: [GC (Allocation Failure) 2021-01-22T01:11:01.011+0800: 17.379: [DefNew: 314560K->34943K(314560K), 0.0162794 secs] 892894K->693448K(1013632K), 0.0169921 secs] [Times: user=0.00 sys=0.01, real=0.02 secs] 
2021-01-22T01:11:01.063+0800: 17.431: [GC (Allocation Failure) 2021-01-22T01:11:01.064+0800: 17.432: [DefNew: 314559K->314559K(314560K), 0.0002461 secs]2021-01-22T01:11:01.064+0800: 17.432: [Tenured: 658504K->413135K(699072K), 0.0493229 secs] 973064K->413135K(1013632K), [Metaspace: 2817K->2817K(1056768K)], 0.0505183 secs] [Times: user=0.05 sys=0.00, real=0.05 secs] 
2021-01-22T01:11:01.157+0800: 17.525: [GC (Allocation Failure) 2021-01-22T01:11:01.157+0800: 17.525: [DefNew: 279557K->34943K(314560K), 0.0172552 secs] 692692K->504679K(1013632K), 0.0179174 secs] [Times: user=0.02 sys=0.00, real=0.02 secs] 
2021-01-22T01:11:01.213+0800: 17.580: [GC (Allocation Failure) 2021-01-22T01:11:01.213+0800: 17.581: [DefNew: 314559K->34943K(314560K), 0.0156144 secs] 784295K->587709K(1013632K), 0.0164101 secs] [Times: user=0.02 sys=0.00, real=0.02 secs] 
2021-01-22T01:11:01.263+0800: 17.631: [GC (Allocation Failure) 2021-01-22T01:11:01.263+0800: 17.631: [DefNew: 314559K->34943K(314560K), 0.0135823 secs] 867325K->658524K(1013632K), 0.0143383 secs] [Times: user=0.02 sys=0.00, real=0.01 secs] 
2021-01-22T01:11:01.314+0800: 17.682: [GC (Allocation Failure) 2021-01-22T01:11:01.314+0800: 17.682: [DefNew: 314559K->314559K(314560K), 0.0001557 secs]2021-01-22T01:11:01.315+0800: 17.682: [Tenured: 623581K->415014K(699072K), 0.0481963 secs] 938140K->415014K(1013632K), [Metaspace: 2817K->2817K(1056768K)], 0.0491934 secs] [Times: user=0.05 sys=0.00, real=0.05 secs] 
2021-01-22T01:11:01.399+0800: 17.767: [GC (Allocation Failure) 2021-01-22T01:11:01.399+0800: 17.767: [DefNew: 279616K->34943K(314560K), 0.0117183 secs] 694630K->506683K(1013632K), 0.0128099 secs] [Times: user=0.01 sys=0.00, real=0.01 secs] 
2021-01-22T01:11:01.449+0800: 17.817: [GC (Allocation Failure) 2021-01-22T01:11:01.450+0800: 17.817: [DefNew: 314559K->34943K(314560K), 0.0137069 secs] 786299K->576623K(1013632K), 0.0147416 secs] [Times: user=0.02 sys=0.00, real=0.01 secs] 
2021-01-22T01:11:01.498+0800: 17.865: [GC (Allocation Failure) 2021-01-22T01:11:01.498+0800: 17.866: [DefNew: 314559K->34942K(314560K), 0.0152493 secs] 856239K->656906K(1013632K), 0.0161280 secs] [Times: user=0.01 sys=0.01, real=0.02 secs] 
2021-01-22T01:11:01.548+0800: 17.916: [GC (Allocation Failure) 2021-01-22T01:11:01.548+0800: 17.916: [DefNew: 314558K->314558K(314560K), 0.0003679 secs]2021-01-22T01:11:01.549+0800: 17.917: [Tenured: 621963K->395424K(699072K), 0.0516637 secs] 936522K->395424K(1013632K), [Metaspace: 2817K->2817K(1056768K)], 0.0535941 secs] [Times: user=0.05 sys=0.00, real=0.06 secs] 
2021-01-22T01:11:01.636+0800: 18.003: [GC (Allocation Failure) 2021-01-22T01:11:01.636+0800: 18.004: [DefNew: 279616K->34943K(314560K), 0.0097374 secs] 675040K->478128K(1013632K), 0.0106703 secs] [Times: user=0.01 sys=0.00, real=0.01 secs] 
2021-01-22T01:11:01.682+0800: 18.049: [GC (Allocation Failure) 2021-01-22T01:11:01.682+0800: 18.050: [DefNew: 314559K->34943K(314560K), 0.0143754 secs] 757744K->555245K(1013632K), 0.0152112 secs] [Times: user=0.01 sys=0.00, real=0.01 secs] 
2021-01-22T01:11:01.730+0800: 18.098: [GC (Allocation Failure) 2021-01-22T01:11:01.731+0800: 18.098: [DefNew: 314559K->34943K(314560K), 0.0132314 secs] 834861K->627761K(1013632K), 0.0142362 secs] [Times: user=0.01 sys=0.00, real=0.01 secs] 
2021-01-22T01:11:01.779+0800: 18.147: [GC (Allocation Failure) 2021-01-22T01:11:01.780+0800: 18.148: [DefNew: 314559K->34943K(314560K), 0.0146941 secs] 907377K->706050K(1013632K), 0.0155919 secs] [Times: user=0.02 sys=0.00, real=0.01 secs] 
2021-01-22T01:11:01.828+0800: 18.196: [GC (Allocation Failure) 2021-01-22T01:11:01.828+0800: 18.196: [DefNew: 314559K->314559K(314560K), 0.0003915 secs]2021-01-22T01:11:01.829+0800: 18.197: [Tenured: 671106K->373354K(699072K), 0.0475182 secs] 985666K->373354K(1013632K), [Metaspace: 2817K->2817K(1056768K)], 0.0491741 secs] [Times: user=0.05 sys=0.00, real=0.05 secs] 
2021-01-22T01:11:01.910+0800: 18.278: [GC (Allocation Failure) 2021-01-22T01:11:01.911+0800: 18.278: [DefNew: 279616K->34943K(314560K), 0.0109263 secs] 652970K->462466K(1013632K), 0.0118219 secs] [Times: user=0.01 sys=0.00, real=0.01 secs] 
2021-01-22T01:11:01.957+0800: 18.325: [GC (Allocation Failure) 2021-01-22T01:11:01.957+0800: 18.325: [DefNew: 314559K->34944K(314560K), 0.0143677 secs] 742082K->542757K(1013632K), 0.0153403 secs] [Times: user=0.01 sys=0.00, real=0.02 secs] 
2021-01-22T01:11:02.005+0800: 18.373: [GC (Allocation Failure) 2021-01-22T01:11:02.006+0800: 18.374: [DefNew: 314560K->34943K(314560K), 0.0152301 secs] 822373K->627411K(1013632K), 0.0161900 secs] [Times: user=0.02 sys=0.00, real=0.02 secs] 
2021-01-22T01:11:02.054+0800: 18.422: [GC (Allocation Failure) 2021-01-22T01:11:02.055+0800: 18.422: [DefNew: 314559K->314559K(314560K), 0.0003613 secs]2021-01-22T01:11:02.055+0800: 18.423: [Tenured: 592467K->399877K(699072K), 0.0443148 secs] 907027K->399877K(1013632K), [Metaspace: 2817K->2817K(1056768K)], 0.0458591 secs] [Times: user=0.04 sys=0.00, real=0.05 secs] 
2021-01-22T01:11:02.133+0800: 18.500: [GC (Allocation Failure) 2021-01-22T01:11:02.133+0800: 18.501: [DefNew: 279616K->34943K(314560K), 0.0117923 secs] 679493K->488518K(1013632K), 0.0126256 secs] [Times: user=0.01 sys=0.00, real=0.01 secs] 
2021-01-22T01:11:02.177+0800: 18.545: [GC (Allocation Failure) 2021-01-22T01:11:02.177+0800: 18.545: [DefNew: 314559K->34943K(314560K), 0.0149581 secs] 768134K->571387K(1013632K), 0.0159610 secs] [Times: user=0.01 sys=0.00, real=0.02 secs] 
2021-01-22T01:11:02.229+0800: 18.597: [GC (Allocation Failure) 2021-01-22T01:11:02.230+0800: 18.598: [DefNew: 314559K->34943K(314560K), 0.0144173 secs] 851003K->647457K(1013632K), 0.0151391 secs] [Times: user=0.01 sys=0.00, real=0.01 secs] 
2021-01-22T01:11:02.281+0800: 18.648: [GC (Allocation Failure) 2021-01-22T01:11:02.281+0800: 18.649: [DefNew: 314533K->314533K(314560K), 0.0004916 secs]2021-01-22T01:11:02.282+0800: 18.650: [Tenured: 612513K->401513K(699072K), 0.0458775 secs] 927047K->401513K(1013632K), [Metaspace: 2817K->2817K(1056768K)], 0.0479751 secs] [Times: user=0.04 sys=0.01, real=0.05 secs] 
2021-01-22T01:11:02.362+0800: 18.729: [GC (Allocation Failure) 2021-01-22T01:11:02.362+0800: 18.730: [DefNew: 279616K->34943K(314560K), 0.0117961 secs] 681129K->489351K(1013632K), 0.0127010 secs] [Times: user=0.01 sys=0.00, real=0.01 secs] 
2021-01-22T01:11:02.407+0800: 18.775: [GC (Allocation Failure) 2021-01-22T01:11:02.407+0800: 18.775: [DefNew: 314559K->34941K(314560K), 0.0154120 secs] 768967K->570430K(1013632K), 0.0163292 secs] [Times: user=0.02 sys=0.00, real=0.02 secs] 
2021-01-22T01:11:02.457+0800: 18.825: [GC (Allocation Failure) 2021-01-22T01:11:02.458+0800: 18.825: [DefNew: 314125K->34943K(314560K), 0.0142269 secs] 849614K->645424K(1013632K), 0.0151315 secs] [Times: user=0.01 sys=0.00, real=0.02 secs] 
2021-01-22T01:11:02.505+0800: 18.873: [GC (Allocation Failure) 2021-01-22T01:11:02.505+0800: 18.873: [DefNew: 314559K->314559K(314560K), 0.0004020 secs]2021-01-22T01:11:02.506+0800: 18.874: [Tenured: 610480K->399048K(699072K), 0.0456446 secs] 925040K->399048K(1013632K), [Metaspace: 2817K->2817K(1056768K)], 0.0473589 secs] [Times: user=0.04 sys=0.00, real=0.05 secs] 
2021-01-22T01:11:02.586+0800: 18.954: [GC (Allocation Failure) 2021-01-22T01:11:02.586+0800: 18.954: [DefNew: 279616K->34944K(314560K), 0.0097760 secs] 678664K->481716K(1013632K), 0.0106979 secs] [Times: user=0.01 sys=0.00, real=0.01 secs] 
2021-01-22T01:11:02.630+0800: 18.997: [GC (Allocation Failure) 2021-01-22T01:11:02.630+0800: 18.998: [DefNew: 314560K->34943K(314560K), 0.0153273 secs] 761332K->567275K(1013632K), 0.0163566 secs] [Times: user=0.01 sys=0.00, real=0.01 secs] 
2021-01-22T01:11:02.678+0800: 19.046: [GC (Allocation Failure) 2021-01-22T01:11:02.679+0800: 19.047: [DefNew: 314559K->34943K(314560K), 0.0145087 secs] 846891K->647079K(1013632K), 0.0155181 secs] [Times: user=0.02 sys=0.00, real=0.01 secs] 
2021-01-22T01:11:02.728+0800: 19.096: [GC (Allocation Failure) 2021-01-22T01:11:02.729+0800: 19.096: [DefNew: 314559K->314559K(314560K), 0.0003878 secs]2021-01-22T01:11:02.729+0800: 19.097: [Tenured: 612135K->361533K(699072K), 0.0451123 secs] 926695K->361533K(1013632K), [Metaspace: 2817K->2817K(1056768K)], 0.0467886 secs] [Times: user=0.05 sys=0.00, real=0.04 secs] 
2021-01-22T01:11:02.809+0800: 19.177: [GC (Allocation Failure) 2021-01-22T01:11:02.809+0800: 19.177: [DefNew: 279616K->34943K(314560K), 0.0104827 secs] 641149K->440579K(1013632K), 0.0113964 secs] [Times: user=0.01 sys=0.00, real=0.01 secs] 
2021-01-22T01:11:02.855+0800: 19.223: [GC (Allocation Failure) 2021-01-22T01:11:02.856+0800: 19.224: [DefNew: 314559K->34943K(314560K), 0.0125494 secs] 720195K->512527K(1013632K), 0.0136366 secs] [Times: user=0.01 sys=0.00, real=0.02 secs] 
2021-01-22T01:11:02.903+0800: 19.271: [GC (Allocation Failure) 2021-01-22T01:11:02.905+0800: 19.273: [DefNew: 314559K->34943K(314560K), 0.0147085 secs] 792143K->594262K(1013632K), 0.0171897 secs] [Times: user=0.02 sys=0.00, real=0.02 secs] 
2021-01-22T01:11:02.953+0800: 19.321: [GC (Allocation Failure) 2021-01-22T01:11:02.954+0800: 19.321: [DefNew: 314559K->34943K(314560K), 0.0152890 secs] 873878K->677864K(1013632K), 0.0161840 secs] [Times: user=0.01 sys=0.00, real=0.02 secs] 
2021-01-22T01:11:03.004+0800: 19.372: [GC (Allocation Failure) 2021-01-22T01:11:03.005+0800: 19.372: [DefNew: 314559K->314559K(314560K), 0.0003621 secs]2021-01-22T01:11:03.005+0800: 19.373: [Tenured: 642920K->406700K(699072K), 0.0451039 secs] 957480K->406700K(1013632K), [Metaspace: 2817K->2817K(1056768K)], 0.0467304 secs] [Times: user=0.04 sys=0.00, real=0.05 secs] 
2021-01-22T01:11:03.086+0800: 19.454: [GC (Allocation Failure) 2021-01-22T01:11:03.087+0800: 19.455: [DefNew: 279616K->34944K(314560K), 0.0109825 secs] 686316K->488546K(1013632K), 0.0119290 secs] [Times: user=0.01 sys=0.00, real=0.02 secs] 
2021-01-22T01:11:03.131+0800: 19.499: [GC (Allocation Failure) 2021-01-22T01:11:03.131+0800: 19.499: [DefNew: 314560K->34943K(314560K), 0.0147879 secs] 768162K->572578K(1013632K), 0.0159601 secs] [Times: user=0.02 sys=0.00, real=0.01 secs] 
2021-01-22T01:11:03.180+0800: 19.548: [GC (Allocation Failure) 2021-01-22T01:11:03.180+0800: 19.548: [DefNew: 314559K->34942K(314560K), 0.0144221 secs] 852194K->652019K(1013632K), 0.0154232 secs] [Times: user=0.01 sys=0.00, real=0.01 secs] 
2021-01-22T01:11:03.228+0800: 19.596: [GC (Allocation Failure) 2021-01-22T01:11:03.228+0800: 19.596: [DefNew: 314558K->314558K(314560K), 0.0003932 secs]2021-01-22T01:11:03.229+0800: 19.597: [Tenured: 617076K->412092K(699072K), 0.0473064 secs] 931635K->412092K(1013632K), [Metaspace: 2817K->2817K(1056768K)], 0.0490133 secs] [Times: user=0.05 sys=0.00, real=0.05 secs] 
2021-01-22T01:11:03.313+0800: 19.681: [GC (Allocation Failure) 2021-01-22T01:11:03.314+0800: 19.681: [DefNew: 279099K->34942K(314560K), 0.0115897 secs] 691191K->493269K(1013632K), 0.0126072 secs] [Times: user=0.01 sys=0.00, real=0.01 secs] 
2021-01-22T01:11:03.366+0800: 19.734: [GC (Allocation Failure) 2021-01-22T01:11:03.367+0800: 19.735: [DefNew: 314558K->34943K(314560K), 0.0147535 secs] 772885K->572285K(1013632K), 0.0153569 secs] [Times: user=0.01 sys=0.00, real=0.02 secs] 
2021-01-22T01:11:03.417+0800: 19.784: [GC (Allocation Failure) 2021-01-22T01:11:03.417+0800: 19.785: [DefNew: 314559K->34943K(314560K), 0.0139599 secs] 851901K->648132K(1013632K), 0.0148950 secs] [Times: user=0.01 sys=0.00, real=0.02 secs] 
2021-01-22T01:11:03.464+0800: 19.832: [GC (Allocation Failure) 2021-01-22T01:11:03.464+0800: 19.832: [DefNew: 314559K->314559K(314560K), 0.0003418 secs]2021-01-22T01:11:03.465+0800: 19.833: [Tenured: 613188K->418212K(699072K), 0.0466301 secs] 927748K->418212K(1013632K), [Metaspace: 2817K->2817K(1056768K)], 0.0481892 secs] [Times: user=0.05 sys=0.00, real=0.05 secs] 
2021-01-22T01:11:03.545+0800: 19.913: [GC (Allocation Failure) 2021-01-22T01:11:03.546+0800: 19.914: [DefNew: 279616K->34943K(314560K), 0.0115802 secs] 697828K->503228K(1013632K), 0.0124792 secs] [Times: user=0.01 sys=0.00, real=0.02 secs] 
2021-01-22T01:11:03.592+0800: 19.960: [GC (Allocation Failure) 2021-01-22T01:11:03.593+0800: 19.961: [DefNew: 314559K->34943K(314560K), 0.0140714 secs] 782844K->574068K(1013632K), 0.0150405 secs] [Times: user=0.01 sys=0.00, real=0.01 secs] 
2021-01-22T01:11:03.641+0800: 20.009: [GC (Allocation Failure) 2021-01-22T01:11:03.641+0800: 20.009: [DefNew: 314559K->34943K(314560K), 0.0147226 secs] 853684K->652018K(1013632K), 0.0156741 secs] [Times: user=0.02 sys=0.00, real=0.01 secs] 
2021-01-22T01:11:03.691+0800: 20.059: [GC (Allocation Failure) 2021-01-22T01:11:03.692+0800: 20.060: [DefNew: 314559K->314559K(314560K), 0.0003340 secs]2021-01-22T01:11:03.693+0800: 20.060: [Tenured: 617074K->369239K(699072K), 0.0488130 secs] 931634K->369239K(1013632K), [Metaspace: 2817K->2817K(1056768K)], 0.0504453 secs] [Times: user=0.05 sys=0.00, real=0.05 secs] 
2021-01-22T01:11:03.775+0800: 20.143: [GC (Allocation Failure) 2021-01-22T01:11:03.776+0800: 20.144: [DefNew: 279616K->34943K(314560K), 0.0128524 secs] 648855K->460933K(1013632K), 0.0137487 secs] [Times: user=0.01 sys=0.00, real=0.02 secs] 
2021-01-22T01:11:03.822+0800: 20.190: [GC (Allocation Failure) 2021-01-22T01:11:03.823+0800: 20.190: [DefNew: 314495K->34943K(314560K), 0.0163771 secs] 740484K->545545K(1013632K), 0.0172814 secs] [Times: user=0.02 sys=0.00, real=0.02 secs] 
2021-01-22T01:11:03.873+0800: 20.240: [GC (Allocation Failure) 2021-01-22T01:11:03.873+0800: 20.241: [DefNew: 314559K->34944K(314560K), 0.0156984 secs] 825161K->625488K(1013632K), 0.0166720 secs] [Times: user=0.02 sys=0.00, real=0.02 secs] 
2021-01-22T01:11:03.924+0800: 20.292: [GC (Allocation Failure) 2021-01-22T01:11:03.924+0800: 20.292: [DefNew: 314560K->314560K(314560K), 0.0003432 secs]2021-01-22T01:11:03.925+0800: 20.293: [Tenured: 590544K->413833K(699072K), 0.0468557 secs] 905104K->413833K(1013632K), [Metaspace: 2817K->2817K(1056768K)], 0.0483709 secs] [Times: user=0.05 sys=0.00, real=0.05 secs] 
2021-01-22T01:11:04.008+0800: 20.376: [GC (Allocation Failure) 2021-01-22T01:11:04.009+0800: 20.376: [DefNew: 279616K->34941K(314560K), 0.0115103 secs] 693449K->497187K(1013632K), 0.0123592 secs] [Times: user=0.01 sys=0.00, real=0.01 secs] 
2021-01-22T01:11:04.054+0800: 20.422: [GC (Allocation Failure) 2021-01-22T01:11:04.054+0800: 20.422: [DefNew: 314557K->34943K(314560K), 0.0143575 secs] 776803K->569953K(1013632K), 0.0152872 secs] [Times: user=0.01 sys=0.00, real=0.02 secs] 
2021-01-22T01:11:04.104+0800: 20.471: [GC (Allocation Failure) 2021-01-22T01:11:04.104+0800: 20.472: [DefNew: 314559K->34943K(314560K), 0.0141849 secs] 849569K->645328K(1013632K), 0.0151716 secs] [Times: user=0.02 sys=0.00, real=0.02 secs] 
2021-01-22T01:11:04.153+0800: 20.521: [GC (Allocation Failure) 2021-01-22T01:11:04.153+0800: 20.521: [DefNew: 314559K->314559K(314560K), 0.0003347 secs]2021-01-22T01:11:04.154+0800: 20.522: [Tenured: 610385K->410904K(699072K), 0.0476451 secs] 924944K->410904K(1013632K), [Metaspace: 2817K->2817K(1056768K)], 0.0491222 secs] [Times: user=0.05 sys=0.00, real=0.05 secs] 
2021-01-22T01:11:04.236+0800: 20.603: [GC (Allocation Failure) 2021-01-22T01:11:04.236+0800: 20.604: [DefNew: 279383K->34943K(314560K), 0.0110493 secs] 690287K->501037K(1013632K), 0.0119024 secs] [Times: user=0.01 sys=0.00, real=0.01 secs] 
2021-01-22T01:11:04.282+0800: 20.650: [GC (Allocation Failure) 2021-01-22T01:11:04.283+0800: 20.650: [DefNew: 314559K->34943K(314560K), 0.0145305 secs] 780653K->578251K(1013632K), 0.0153468 secs] [Times: user=0.01 sys=0.00, real=0.01 secs] 
2021-01-22T01:11:04.331+0800: 20.699: [GC (Allocation Failure) 2021-01-22T01:11:04.331+0800: 20.699: [DefNew: 314398K->34944K(314560K), 0.0153081 secs] 857707K->656676K(1013632K), 0.0162114 secs] [Times: user=0.02 sys=0.00, real=0.01 secs] 
2021-01-22T01:11:04.382+0800: 20.750: [GC (Allocation Failure) 2021-01-22T01:11:04.382+0800: 20.750: [DefNew: 314560K->314560K(314560K), 0.0003859 secs]2021-01-22T01:11:04.383+0800: 20.751: [Tenured: 621732K->418326K(699072K), 0.0500146 secs] 936292K->418326K(1013632K), [Metaspace: 2817K->2817K(1056768K)], 0.0517791 secs] [Times: user=0.05 sys=0.00, real=0.05 secs] 
2021-01-22T01:11:04.470+0800: 20.838: [GC (Allocation Failure) 2021-01-22T01:11:04.470+0800: 20.838: [DefNew: 279616K->34943K(314560K), 0.0145425 secs] 697942K->517673K(1013632K), 0.0152387 secs] [Times: user=0.02 sys=0.00, real=0.01 secs] 
2021-01-22T01:11:04.521+0800: 20.888: [GC (Allocation Failure) 2021-01-22T01:11:04.521+0800: 20.889: [DefNew: 314559K->34942K(314560K), 0.0165427 secs] 797289K->602695K(1013632K), 0.0172701 secs] [Times: user=0.02 sys=0.00, real=0.02 secs] 
2021-01-22T01:11:04.572+0800: 20.939: [GC (Allocation Failure) 2021-01-22T01:11:04.572+0800: 20.940: [DefNew: 314558K->34944K(314560K), 0.0154877 secs] 882311K->681018K(1013632K), 0.0163719 secs] [Times: user=0.02 sys=0.00, real=0.02 secs] 
2021-01-22T01:11:04.623+0800: 20.991: [GC (Allocation Failure) 2021-01-22T01:11:04.624+0800: 20.991: [DefNew: 314560K->314560K(314560K), 0.0003450 secs]2021-01-22T01:11:04.624+0800: 20.992: [Tenured: 646074K->379250K(699072K), 0.0486278 secs] 960634K->379250K(1013632K), [Metaspace: 2817K->2817K(1056768K)], 0.0500402 secs] [Times: user=0.05 sys=0.00, real=0.05 secs] 
2021-01-22T01:11:04.708+0800: 21.076: [GC (Allocation Failure) 2021-01-22T01:11:04.708+0800: 21.076: [DefNew: 279616K->34943K(314560K), 0.0126265 secs] 658866K->469545K(1013632K), 0.0134555 secs] [Times: user=0.02 sys=0.00, real=0.02 secs] 
2021-01-22T01:11:04.756+0800: 21.124: [GC (Allocation Failure) 2021-01-22T01:11:04.757+0800: 21.124: [DefNew: 314219K->34943K(314560K), 0.0136223 secs] 748820K->542937K(1013632K), 0.0146780 secs] [Times: user=0.01 sys=0.00, real=0.02 secs] 
2021-01-22T01:11:04.804+0800: 21.172: [GC (Allocation Failure) 2021-01-22T01:11:04.805+0800: 21.173: [DefNew: 314559K->34941K(314560K), 0.0139116 secs] 822553K->620835K(1013632K), 0.0147722 secs] [Times: user=0.01 sys=0.00, real=0.02 secs] 
2021-01-22T01:11:04.856+0800: 21.223: [GC (Allocation Failure) 2021-01-22T01:11:04.856+0800: 21.224: [DefNew: 314557K->34943K(314560K), 0.0146925 secs] 900451K->697236K(1013632K), 0.0155642 secs] [Times: user=0.01 sys=0.00, real=0.02 secs] 
2021-01-22T01:11:04.905+0800: 21.273: [GC (Allocation Failure) 2021-01-22T01:11:04.905+0800: 21.273: [DefNew: 314037K->314037K(314560K), 0.0003296 secs]2021-01-22T01:11:04.906+0800: 21.274: [Tenured: 662293K->410231K(699072K), 0.0480763 secs] 976330K->410231K(1013632K), [Metaspace: 2817K->2817K(1056768K)], 0.0495787 secs] [Times: user=0.05 sys=0.00, real=0.05 secs] 
2021-01-22T01:11:04.988+0800: 21.356: [GC (Allocation Failure) 2021-01-22T01:11:04.988+0800: 21.356: [DefNew: 279616K->34941K(314560K), 0.0124198 secs] 689847K->503760K(1013632K), 0.0132198 secs] [Times: user=0.02 sys=0.00, real=0.02 secs] 
2021-01-22T01:11:05.036+0800: 21.404: [GC (Allocation Failure) 2021-01-22T01:11:05.036+0800: 21.404: [DefNew: 314557K->34943K(314560K), 0.0156573 secs] 783376K->588912K(1013632K), 0.0164765 secs] [Times: user=0.02 sys=0.00, real=0.02 secs] 
2021-01-22T01:11:05.083+0800: 21.451: [GC (Allocation Failure) 2021-01-22T01:11:05.084+0800: 21.451: [DefNew: 314559K->34943K(314560K), 0.0153775 secs] 868528K->668857K(1013632K), 0.0166210 secs] [Times: user=0.01 sys=0.00, real=0.02 secs] 
2021-01-22T01:11:05.135+0800: 21.503: [GC (Allocation Failure) 2021-01-22T01:11:05.136+0800: 21.503: [DefNew: 314559K->314559K(314560K), 0.0003934 secs]2021-01-22T01:11:05.136+0800: 21.504: [Tenured: 633913K->404618K(699072K), 0.0453399 secs] 948473K->404618K(1013632K), [Metaspace: 2817K->2817K(1056768K)], 0.0470306 secs] [Times: user=0.04 sys=0.00, real=0.05 secs] 
2021-01-22T01:11:05.216+0800: 21.584: [GC (Allocation Failure) 2021-01-22T01:11:05.217+0800: 21.584: [DefNew: 279616K->34943K(314560K), 0.0090136 secs] 684234K->481770K(1013632K), 0.0101679 secs] [Times: user=0.00 sys=0.00, real=0.01 secs] 
2021-01-22T01:11:05.258+0800: 21.626: [GC (Allocation Failure) 2021-01-22T01:11:05.259+0800: 21.627: [DefNew: 314559K->34943K(314560K), 0.0148216 secs] 761386K->561859K(1013632K), 0.0156701 secs] [Times: user=0.01 sys=0.00, real=0.01 secs] 
2021-01-22T01:11:05.307+0800: 21.675: [GC (Allocation Failure) 2021-01-22T01:11:05.308+0800: 21.676: [DefNew: 314559K->34943K(314560K), 0.0148123 secs] 841475K->632830K(1013632K), 0.0156579 secs] [Times: user=0.02 sys=0.00, real=0.02 secs] 
2021-01-22T01:11:05.358+0800: 21.725: [GC (Allocation Failure) 2021-01-22T01:11:05.358+0800: 21.726: [DefNew: 314559K->314559K(314560K), 0.0005977 secs]2021-01-22T01:11:05.359+0800: 21.727: [Tenured: 597886K->389378K(699072K), 0.0445174 secs] 912446K->389378K(1013632K), [Metaspace: 2817K->2817K(1056768K)], 0.0469920 secs] [Times: user=0.05 sys=0.00, real=0.05 secs] 
2021-01-22T01:11:05.440+0800: 21.808: [GC (Allocation Failure) 2021-01-22T01:11:05.441+0800: 21.808: [DefNew: 279616K->34943K(314560K), 0.0113235 secs] 668994K->475360K(1013632K), 0.0122142 secs] [Times: user=0.01 sys=0.00, real=0.01 secs] 
2021-01-22T01:11:05.487+0800: 21.855: [GC (Allocation Failure) 2021-01-22T01:11:05.487+0800: 21.855: [DefNew: 314559K->34943K(314560K), 0.0157366 secs] 754976K->555842K(1013632K), 0.0165312 secs] [Times: user=0.01 sys=0.00, real=0.02 secs] 
2021-01-22T01:11:05.537+0800: 21.905: [GC (Allocation Failure) 2021-01-22T01:11:05.537+0800: 21.905: [DefNew: 314221K->34943K(314560K), 0.0148965 secs] 835120K->633052K(1013632K), 0.0157589 secs] [Times: user=0.01 sys=0.00, real=0.02 secs] 
2021-01-22T01:11:05.587+0800: 21.955: [GC (Allocation Failure) 2021-01-22T01:11:05.588+0800: 21.956: [DefNew: 314559K->314559K(314560K), 0.0002352 secs]2021-01-22T01:11:05.588+0800: 21.956: [Tenured: 598108K->365879K(699072K), 0.0515332 secs] 912668K->365879K(1013632K), [Metaspace: 2817K->2817K(1056768K)], 0.0526590 secs] [Times: user=0.06 sys=0.00, real=0.06 secs] 
2021-01-22T01:11:05.676+0800: 22.044: [GC (Allocation Failure) 2021-01-22T01:11:05.676+0800: 22.044: [DefNew: 279616K->34942K(314560K), 0.0125923 secs] 645495K->457009K(1013632K), 0.0134065 secs] [Times: user=0.01 sys=0.00, real=0.02 secs] 
2021-01-22T01:11:05.723+0800: 22.091: [GC (Allocation Failure) 2021-01-22T01:11:05.723+0800: 22.091: [DefNew: 314558K->34943K(314560K), 0.0159057 secs] 736625K->544801K(1013632K), 0.0167634 secs] [Times: user=0.01 sys=0.00, real=0.02 secs] 
2021-01-22T01:11:05.776+0800: 22.143: [GC (Allocation Failure) 2021-01-22T01:11:05.776+0800: 22.144: [DefNew: 314559K->34943K(314560K), 0.0148627 secs] 824417K->625366K(1013632K), 0.0157248 secs] [Times: user=0.01 sys=0.00, real=0.02 secs] 
2021-01-22T01:11:05.826+0800: 22.194: [GC (Allocation Failure) 2021-01-22T01:11:05.826+0800: 22.194: [DefNew: 314559K->314559K(314560K), 0.0003471 secs]2021-01-22T01:11:05.827+0800: 22.195: [Tenured: 590423K->411871K(699072K), 0.0465418 secs] 904982K->411871K(1013632K), [Metaspace: 2817K->2817K(1056768K)], 0.0480362 secs] [Times: user=0.04 sys=0.00, real=0.05 secs] 
2021-01-22T01:11:05.906+0800: 22.274: [GC (Allocation Failure) 2021-01-22T01:11:05.906+0800: 22.274: [DefNew: 279616K->34943K(314560K), 0.0129006 secs] 691487K->496901K(1013632K), 0.0137168 secs] [Times: user=0.01 sys=0.00, real=0.02 secs] 
2021-01-22T01:11:05.955+0800: 22.322: [GC (Allocation Failure) 2021-01-22T01:11:05.955+0800: 22.323: [DefNew: 314559K->34943K(314560K), 0.0145053 secs] 776517K->573629K(1013632K), 0.0152993 secs] [Times: user=0.02 sys=0.00, real=0.02 secs] 
2021-01-22T01:11:06.003+0800: 22.371: [GC (Allocation Failure) 2021-01-22T01:11:06.003+0800: 22.371: [DefNew: 314559K->34943K(314560K), 0.0144048 secs] 853245K->648917K(1013632K), 0.0152253 secs] [Times: user=0.00 sys=0.01, real=0.02 secs] 
2021-01-22T01:11:06.051+0800: 22.419: [GC (Allocation Failure) 2021-01-22T01:11:06.052+0800: 22.420: [DefNew: 314126K->314126K(314560K), 0.0004669 secs]2021-01-22T01:11:06.053+0800: 22.420: [Tenured: 613973K->408749K(699072K), 0.0477314 secs] 928099K->408749K(1013632K), [Metaspace: 2817K->2817K(1056768K)], 0.0496052 secs] [Times: user=0.04 sys=0.00, real=0.05 secs] 
2021-01-22T01:11:06.135+0800: 22.503: [GC (Allocation Failure) 2021-01-22T01:11:06.136+0800: 22.504: [DefNew: 279616K->34944K(314560K), 0.0102273 secs] 688365K->493219K(1013632K), 0.0110573 secs] [Times: user=0.01 sys=0.00, real=0.01 secs] 
2021-01-22T01:11:06.181+0800: 22.548: [GC (Allocation Failure) 2021-01-22T01:11:06.181+0800: 22.549: [DefNew: 314560K->34943K(314560K), 0.0139377 secs] 772835K->576059K(1013632K), 0.0147793 secs] [Times: user=0.02 sys=0.00, real=0.01 secs] 
2021-01-22T01:11:06.230+0800: 22.598: [GC (Allocation Failure) 2021-01-22T01:11:06.230+0800: 22.598: [DefNew: 314559K->34943K(314560K), 0.0138667 secs] 855675K->649630K(1013632K), 0.0146438 secs] [Times: user=0.01 sys=0.00, real=0.01 secs] 
2021-01-22T01:11:06.276+0800: 22.644: [GC (Allocation Failure) 2021-01-22T01:11:06.277+0800: 22.644: [DefNew: 314559K->314559K(314560K), 0.0003590 secs]2021-01-22T01:11:06.277+0800: 22.645: [Tenured: 614686K->410350K(699072K), 0.0488529 secs] 929246K->410350K(1013632K), [Metaspace: 2817K->2817K(1056768K)], 0.0505068 secs] [Times: user=0.05 sys=0.00, real=0.05 secs] 
2021-01-22T01:11:06.361+0800: 22.729: [GC (Allocation Failure) 2021-01-22T01:11:06.362+0800: 22.729: [DefNew: 279616K->34943K(314560K), 0.0119373 secs] 689966K->499774K(1013632K), 0.0127722 secs] [Times: user=0.01 sys=0.00, real=0.01 secs] 
2021-01-22T01:11:06.407+0800: 22.775: [GC (Allocation Failure) 2021-01-22T01:11:06.408+0800: 22.775: [DefNew: 314559K->34943K(314560K), 0.0150466 secs] 779390K->581675K(1013632K), 0.0158276 secs] [Times: user=0.02 sys=0.00, real=0.02 secs] 
2021-01-22T01:11:06.456+0800: 22.824: [GC (Allocation Failure) 2021-01-22T01:11:06.457+0800: 22.824: [DefNew: 314559K->34943K(314560K), 0.0145918 secs] 861291K->660207K(1013632K), 0.0154631 secs] [Times: user=0.01 sys=0.00, real=0.02 secs] 
2021-01-22T01:11:06.506+0800: 22.874: [GC (Allocation Failure) 2021-01-22T01:11:06.507+0800: 22.875: [DefNew: 314559K->314559K(314560K), 0.0002921 secs]2021-01-22T01:11:06.507+0800: 22.875: [Tenured: 625263K->367238K(699072K), 0.0471786 secs] 939823K->367238K(1013632K), [Metaspace: 2817K->2817K(1056768K)], 0.0486743 secs] [Times: user=0.05 sys=0.00, real=0.05 secs] 
2021-01-22T01:11:06.591+0800: 22.958: [GC (Allocation Failure) 2021-01-22T01:11:06.591+0800: 22.959: [DefNew: 279616K->34943K(314560K), 0.0107317 secs] 646854K->448440K(1013632K), 0.0117144 secs] [Times: user=0.01 sys=0.00, real=0.01 secs] 
2021-01-22T01:11:06.638+0800: 23.006: [GC (Allocation Failure) 2021-01-22T01:11:06.639+0800: 23.007: [DefNew: 314559K->34944K(314560K), 0.0143065 secs] 728056K->523315K(1013632K), 0.0151743 secs] [Times: user=0.01 sys=0.00, real=0.01 secs] 
2021-01-22T01:11:06.688+0800: 23.056: [GC (Allocation Failure) 2021-01-22T01:11:06.688+0800: 23.056: [DefNew: 314560K->34944K(314560K), 0.0177434 secs] 802931K->606179K(1013632K), 0.0185237 secs] [Times: user=0.02 sys=0.00, real=0.02 secs] 
2021-01-22T01:11:06.743+0800: 23.111: [GC (Allocation Failure) 2021-01-22T01:11:06.743+0800: 23.111: [DefNew: 314102K->34943K(314560K), 0.0158459 secs] 885337K->682334K(1013632K), 0.0165177 secs] [Times: user=0.01 sys=0.00, real=0.02 secs] 
2021-01-22T01:11:06.796+0800: 23.164: [GC (Allocation Failure) 2021-01-22T01:11:06.797+0800: 23.164: [DefNew: 314559K->314559K(314560K), 0.0002987 secs]2021-01-22T01:11:06.797+0800: 23.165: [Tenured: 647391K->406664K(699072K), 0.0471342 secs] 961950K->406664K(1013632K), [Metaspace: 2817K->2817K(1056768K)], 0.0484290 secs] [Times: user=0.05 sys=0.00, real=0.05 secs] 
2021-01-22T01:11:06.877+0800: 23.245: [GC (Allocation Failure) 2021-01-22T01:11:06.878+0800: 23.246: [DefNew: 279616K->34943K(314560K), 0.0123532 secs] 686280K->496969K(1013632K), 0.0131920 secs] [Times: user=0.01 sys=0.00, real=0.02 secs] 
2021-01-22T01:11:06.927+0800: 23.295: [GC (Allocation Failure) 2021-01-22T01:11:06.927+0800: 23.295: [DefNew: 314559K->34944K(314560K), 0.0162615 secs] 776585K->582065K(1013632K), 0.0169871 secs] [Times: user=0.01 sys=0.00, real=0.02 secs] 
2021-01-22T01:11:06.978+0800: 23.346: [GC (Allocation Failure) 2021-01-22T01:11:06.979+0800: 23.347: [DefNew: 314560K->34943K(314560K), 0.0151164 secs] 861681K->658934K(1013632K), 0.0159383 secs] [Times: user=0.01 sys=0.00, real=0.01 secs] 
2021-01-22T01:11:07.029+0800: 23.396: [GC (Allocation Failure) 2021-01-22T01:11:07.029+0800: 23.397: [DefNew: 314559K->314559K(314560K), 0.0003234 secs]2021-01-22T01:11:07.030+0800: 23.398: [Tenured: 623990K->399458K(699072K), 0.0477363 secs] 938550K->399458K(1013632K), [Metaspace: 2817K->2817K(1056768K)], 0.0492419 secs] [Times: user=0.04 sys=0.00, real=0.05 secs] 
2021-01-22T01:11:07.114+0800: 23.482: [GC (Allocation Failure) 2021-01-22T01:11:07.115+0800: 23.483: [DefNew: 279616K->34943K(314560K), 0.0132321 secs] 679074K->488382K(1013632K), 0.0141444 secs] [Times: user=0.01 sys=0.00, real=0.02 secs] 
2021-01-22T01:11:07.161+0800: 23.529: [GC (Allocation Failure) 2021-01-22T01:11:07.161+0800: 23.529: [DefNew: 314559K->34943K(314560K), 0.0168149 secs] 767998K->572070K(1013632K), 0.0176237 secs] [Times: user=0.01 sys=0.00, real=0.02 secs] 
2021-01-22T01:11:07.214+0800: 23.581: [GC (Allocation Failure) 2021-01-22T01:11:07.214+0800: 23.582: [DefNew: 314130K->34944K(314560K), 0.0147509 secs] 851258K->645163K(1013632K), 0.0155960 secs] [Times: user=0.01 sys=0.00, real=0.02 secs] 
2021-01-22T01:11:07.265+0800: 23.633: [GC (Allocation Failure) 2021-01-22T01:11:07.266+0800: 23.634: [DefNew: 314560K->314560K(314560K), 0.0004391 secs]2021-01-22T01:11:07.267+0800: 23.635: [Tenured: 610219K->397259K(699072K), 0.0475464 secs] 924779K->397259K(1013632K), [Metaspace: 2817K->2817K(1056768K)], 0.0493723 secs] [Times: user=0.04 sys=0.00, real=0.05 secs] 
2021-01-22T01:11:07.351+0800: 23.718: [GC (Allocation Failure) 2021-01-22T01:11:07.351+0800: 23.719: [DefNew: 279616K->34943K(314560K), 0.0106421 secs] 676875K->481129K(1013632K), 0.0115242 secs] [Times: user=0.01 sys=0.00, real=0.01 secs] 
2021-01-22T01:11:07.396+0800: 23.764: [GC (Allocation Failure) 2021-01-22T01:11:07.397+0800: 23.765: [DefNew: 314559K->34942K(314560K), 0.0147307 secs] 760745K->562388K(1013632K), 0.0155462 secs] [Times: user=0.02 sys=0.00, real=0.02 secs] 
2021-01-22T01:11:07.463+0800: 23.830: [GC (Allocation Failure) 2021-01-22T01:11:07.463+0800: 23.831: [DefNew: 314558K->34943K(314560K), 0.0167906 secs] 842004K->638417K(1013632K), 0.0175896 secs] [Times: user=0.02 sys=0.00, real=0.02 secs] 
2021-01-22T01:11:07.518+0800: 23.886: [GC (Allocation Failure) 2021-01-22T01:11:07.519+0800: 23.887: [DefNew: 314559K->314559K(314560K), 0.0003583 secs]2021-01-22T01:11:07.519+0800: 23.887: [Tenured: 603473K->375096K(699072K), 0.0496966 secs] 918033K->375096K(1013632K), [Metaspace: 2817K->2817K(1056768K)], 0.0513217 secs] [Times: user=0.05 sys=0.00, real=0.05 secs] 
2021-01-22T01:11:07.603+0800: 23.971: [GC (Allocation Failure) 2021-01-22T01:11:07.604+0800: 23.971: [DefNew: 279616K->34939K(314560K), 0.0109393 secs] 654712K->457695K(1013632K), 0.0117835 secs] [Times: user=0.01 sys=0.00, real=0.01 secs] 
2021-01-22T01:11:07.649+0800: 24.017: [GC (Allocation Failure) 2021-01-22T01:11:07.650+0800: 24.017: [DefNew: 314555K->34943K(314560K), 0.0133481 secs] 737311K->526346K(1013632K), 0.0143505 secs] [Times: user=0.01 sys=0.00, real=0.01 secs] 
2021-01-22T01:11:07.697+0800: 24.065: [GC (Allocation Failure) 2021-01-22T01:11:07.698+0800: 24.065: [DefNew: 314264K->34943K(314560K), 0.0147063 secs] 805668K->605386K(1013632K), 0.0155439 secs] [Times: user=0.01 sys=0.00, real=0.02 secs] 
2021-01-22T01:11:07.747+0800: 24.115: [GC (Allocation Failure) 2021-01-22T01:11:07.748+0800: 24.115: [DefNew: 314559K->34944K(314560K), 0.0152488 secs] 885002K->686517K(1013632K), 0.0163510 secs] [Times: user=0.02 sys=0.00, real=0.02 secs] 
2021-01-22T01:11:07.799+0800: 24.167: [GC (Allocation Failure) 2021-01-22T01:11:07.799+0800: 24.167: [DefNew: 314560K->314560K(314560K), 0.0003767 secs]2021-01-22T01:11:07.800+0800: 24.168: [Tenured: 651573K->406205K(699072K), 0.0516303 secs] 966133K->406205K(1013632K), [Metaspace: 2817K->2817K(1056768K)], 0.0532421 secs] [Times: user=0.06 sys=0.00, real=0.05 secs] 
2021-01-22T01:11:07.885+0800: 24.253: [GC (Allocation Failure) 2021-01-22T01:11:07.886+0800: 24.253: [DefNew: 279616K->34943K(314560K), 0.0139656 secs] 685821K->501000K(1013632K), 0.0147313 secs] [Times: user=0.01 sys=0.00, real=0.02 secs] 
2021-01-22T01:11:07.938+0800: 24.306: [GC (Allocation Failure) 2021-01-22T01:11:07.939+0800: 24.307: [DefNew: 314559K->34943K(314560K), 0.0162955 secs] 780616K->575034K(1013632K), 0.0170828 secs] [Times: user=0.02 sys=0.00, real=0.01 secs] 
2021-01-22T01:11:07.990+0800: 24.358: [GC (Allocation Failure) 2021-01-22T01:11:07.990+0800: 24.358: [DefNew: 314559K->34943K(314560K), 0.0154856 secs] 854650K->654505K(1013632K), 0.0164732 secs] [Times: user=0.02 sys=0.00, real=0.01 secs] 
2021-01-22T01:11:08.041+0800: 24.409: [GC (Allocation Failure) 2021-01-22T01:11:08.041+0800: 24.409: [DefNew: 314559K->314559K(314560K), 0.0004711 secs]2021-01-22T01:11:08.042+0800: 24.410: [Tenured: 619561K->401728K(699072K), 0.0476690 secs] 934121K->401728K(1013632K), [Metaspace: 2817K->2817K(1056768K)], 0.0493843 secs] [Times: user=0.05 sys=0.00, real=0.05 secs] 
2021-01-22T01:11:08.127+0800: 24.495: [GC (Allocation Failure) 2021-01-22T01:11:08.128+0800: 24.495: [DefNew: 279616K->34943K(314560K), 0.0102149 secs] 681344K->488874K(1013632K), 0.0110939 secs] [Times: user=0.01 sys=0.00, real=0.02 secs] 
2021-01-22T01:11:08.173+0800: 24.541: [GC (Allocation Failure) 2021-01-22T01:11:08.174+0800: 24.541: [DefNew: 314559K->34940K(314560K), 0.0149763 secs] 768490K->574500K(1013632K), 0.0158940 secs] [Times: user=0.01 sys=0.00, real=0.02 secs] 
2021-01-22T01:11:08.225+0800: 24.593: [GC (Allocation Failure) 2021-01-22T01:11:08.226+0800: 24.593: [DefNew: 314556K->34943K(314560K), 0.0190309 secs] 854116K->661881K(1013632K), 0.0199618 secs] [Times: user=0.02 sys=0.00, real=0.02 secs] 
2021-01-22T01:11:08.283+0800: 24.651: [GC (Allocation Failure) 2021-01-22T01:11:08.284+0800: 24.652: [DefNew: 314385K->314385K(314560K), 0.0003557 secs]2021-01-22T01:11:08.285+0800: 24.652: [Tenured: 626937K->409756K(699072K), 0.0605010 secs] 941322K->409756K(1013632K), [Metaspace: 2817K->2817K(1056768K)], 0.0623073 secs] [Times: user=0.06 sys=0.00, real=0.06 secs] 
2021-01-22T01:11:08.381+0800: 24.749: [GC (Allocation Failure) 2021-01-22T01:11:08.382+0800: 24.750: [DefNew: 279616K->34943K(314560K), 0.0106427 secs] 689372K->496219K(1013632K), 0.0115562 secs] [Times: user=0.01 sys=0.00, real=0.01 secs] 
2021-01-22T01:11:08.429+0800: 24.796: [GC (Allocation Failure) 2021-01-22T01:11:08.429+0800: 24.797: [DefNew: 314559K->34943K(314560K), 0.0184667 secs] 775835K->580360K(1013632K), 0.0194346 secs] [Times: user=0.02 sys=0.00, real=0.02 secs] 
2021-01-22T01:11:08.484+0800: 24.851: [GC (Allocation Failure) 2021-01-22T01:11:08.484+0800: 24.852: [DefNew: 314559K->34943K(314560K), 0.0139984 secs] 859976K->660233K(1013632K), 0.0150878 secs] [Times: user=0.01 sys=0.00, real=0.02 secs] 
2021-01-22T01:11:08.532+0800: 24.900: [GC (Allocation Failure) 2021-01-22T01:11:08.533+0800: 24.901: [DefNew: 314559K->314559K(314560K), 0.0005364 secs]2021-01-22T01:11:08.534+0800: 24.902: [Tenured: 625290K->377220K(699072K), 0.0464667 secs] 939849K->377220K(1013632K), [Metaspace: 2817K->2817K(1056768K)], 0.0487186 secs] [Times: user=0.04 sys=0.00, real=0.05 secs] 
2021-01-22T01:11:08.614+0800: 24.981: [GC (Allocation Failure) 2021-01-22T01:11:08.614+0800: 24.982: [DefNew: 279616K->34943K(314560K), 0.0113873 secs] 656836K->470080K(1013632K), 0.0122419 secs] [Times: user=0.01 sys=0.00, real=0.01 secs] 
2021-01-22T01:11:08.661+0800: 25.029: [GC (Allocation Failure) 2021-01-22T01:11:08.661+0800: 25.029: [DefNew: 314559K->34942K(314560K), 0.0146475 secs] 749696K->545372K(1013632K), 0.0155304 secs] [Times: user=0.02 sys=0.00, real=0.01 secs] 
2021-01-22T01:11:08.710+0800: 25.077: [GC (Allocation Failure) 2021-01-22T01:11:08.710+0800: 25.078: [DefNew: 314558K->34942K(314560K), 0.0146387 secs] 824988K->622727K(1013632K), 0.0155089 secs] [Times: user=0.01 sys=0.00, real=0.01 secs] 
2021-01-22T01:11:08.759+0800: 25.127: [GC (Allocation Failure) 2021-01-22T01:11:08.760+0800: 25.128: [DefNew: 314558K->34943K(314560K), 0.0143236 secs] 902343K->700897K(1013632K), 0.0152275 secs] [Times: user=0.01 sys=0.00, real=0.01 secs] 
2021-01-22T01:11:08.809+0800: 25.176: [GC (Allocation Failure) 2021-01-22T01:11:08.809+0800: 25.177: [DefNew: 314559K->314559K(314560K), 0.0003687 secs]2021-01-22T01:11:08.810+0800: 25.178: [Tenured: 665953K->410207K(699072K), 0.0468844 secs] 980513K->410207K(1013632K), [Metaspace: 2817K->2817K(1056768K)], 0.0485160 secs] [Times: user=0.05 sys=0.00, real=0.04 secs] 
2021-01-22T01:11:08.890+0800: 25.258: [GC (Allocation Failure) 2021-01-22T01:11:08.890+0800: 25.258: [DefNew: 279616K->34943K(314560K), 0.0123402 secs] 689823K->499796K(1013632K), 0.0133292 secs] [Times: user=0.02 sys=0.00, real=0.01 secs] 
2021-01-22T01:11:08.937+0800: 25.305: [GC (Allocation Failure) 2021-01-22T01:11:08.937+0800: 25.305: [DefNew: 314559K->34943K(314560K), 0.0179422 secs] 779412K->578797K(1013632K), 0.0198021 secs] [Times: user=0.02 sys=0.00, real=0.03 secs] 
2021-01-22T01:11:08.997+0800: 25.365: [GC (Allocation Failure) 2021-01-22T01:11:08.998+0800: 25.366: [DefNew: 314549K->34943K(314560K), 0.0153804 secs] 858402K->657755K(1013632K), 0.0162079 secs] [Times: user=0.01 sys=0.00, real=0.02 secs] 
2021-01-22T01:11:09.052+0800: 25.419: [GC (Allocation Failure) 2021-01-22T01:11:09.052+0800: 25.420: [DefNew: 314559K->314559K(314560K), 0.0003111 secs]2021-01-22T01:11:09.053+0800: 25.420: [Tenured: 622811K->414728K(699072K), 0.0492169 secs] 937371K->414728K(1013632K), [Metaspace: 2817K->2817K(1056768K)], 0.0506798 secs] [Times: user=0.05 sys=0.00, real=0.05 secs] 
2021-01-22T01:11:09.137+0800: 25.505: [GC (Allocation Failure) 2021-01-22T01:11:09.138+0800: 25.505: [DefNew: 279616K->34943K(314560K), 0.0105112 secs] 694344K->502271K(1013632K), 0.0114028 secs] [Times: user=0.00 sys=0.01, real=0.02 secs] 
2021-01-22T01:11:09.185+0800: 25.553: [GC (Allocation Failure) 2021-01-22T01:11:09.186+0800: 25.554: [DefNew: 314559K->34943K(314560K), 0.0153072 secs] 781887K->582775K(1013632K), 0.0161956 secs] [Times: user=0.01 sys=0.00, real=0.02 secs] 
2021-01-22T01:11:09.236+0800: 25.604: [GC (Allocation Failure) 2021-01-22T01:11:09.236+0800: 25.604: [DefNew: 314559K->34943K(314560K), 0.0148008 secs] 862391K->661839K(1013632K), 0.0156187 secs] [Times: user=0.01 sys=0.00, real=0.02 secs] 
2021-01-22T01:11:09.285+0800: 25.653: [GC (Allocation Failure) 2021-01-22T01:11:09.285+0800: 25.653: [DefNew: 314559K->314559K(314560K), 0.0003301 secs]2021-01-22T01:11:09.286+0800: 25.654: [Tenured: 626895K->409402K(699072K), 0.0503672 secs] 941455K->409402K(1013632K), [Metaspace: 2817K->2817K(1056768K)], 0.0519532 secs] [Times: user=0.05 sys=0.00, real=0.05 secs] 
2021-01-22T01:11:09.372+0800: 25.739: [GC (Allocation Failure) 2021-01-22T01:11:09.372+0800: 25.740: [DefNew: 279616K->34944K(314560K), 0.0110828 secs] 689018K->495193K(1013632K), 0.0119450 secs] [Times: user=0.01 sys=0.00, real=0.01 secs] 
2021-01-22T01:11:09.418+0800: 25.786: [GC (Allocation Failure) 2021-01-22T01:11:09.418+0800: 25.786: [DefNew: 314560K->34944K(314560K), 0.0165711 secs] 774809K->586789K(1013632K), 0.0174013 secs] [Times: user=0.01 sys=0.00, real=0.02 secs] 
2021-01-22T01:11:09.470+0800: 25.838: [GC (Allocation Failure) 2021-01-22T01:11:09.471+0800: 25.839: [DefNew: 314560K->34943K(314560K), 0.0170499 secs] 866405K->676076K(1013632K), 0.0179070 secs] [Times: user=0.01 sys=0.00, real=0.02 secs] 
2021-01-22T01:11:09.522+0800: 25.889: [GC (Allocation Failure) 2021-01-22T01:11:09.522+0800: 25.890: [DefNew: 314559K->314559K(314560K), 0.0003434 secs]2021-01-22T01:11:09.523+0800: 25.890: [Tenured: 641132K->395334K(699072K), 0.0520717 secs] 955692K->395334K(1013632K), [Metaspace: 2817K->2817K(1056768K)], 0.0535961 secs] [Times: user=0.05 sys=0.00, real=0.05 secs] 
2021-01-22T01:11:09.611+0800: 25.978: [GC (Allocation Failure) 2021-01-22T01:11:09.611+0800: 25.979: [DefNew: 279616K->34940K(314560K), 0.0121664 secs] 674950K->485976K(1013632K), 0.0130996 secs] [Times: user=0.02 sys=0.00, real=0.01 secs] 
2021-01-22T01:11:09.659+0800: 26.027: [GC (Allocation Failure) 2021-01-22T01:11:09.660+0800: 26.028: [DefNew: 314454K->34943K(314560K), 0.0152172 secs] 765489K->559636K(1013632K), 0.0162207 secs] [Times: user=0.02 sys=0.00, real=0.01 secs] 
2021-01-22T01:11:09.713+0800: 26.081: [GC (Allocation Failure) 2021-01-22T01:11:09.714+0800: 26.082: [DefNew: 314559K->34943K(314560K), 0.0159114 secs] 839252K->636237K(1013632K), 0.0167336 secs] [Times: user=0.02 sys=0.00, real=0.02 secs] 
2021-01-22T01:11:09.773+0800: 26.141: [GC (Allocation Failure) 2021-01-22T01:11:09.774+0800: 26.142: [DefNew: 314559K->314559K(314560K), 0.0004320 secs]2021-01-22T01:11:09.775+0800: 26.142: [Tenured: 601293K->398950K(699072K), 0.0459890 secs] 915853K->398950K(1013632K), [Metaspace: 2817K->2817K(1056768K)], 0.0477831 secs] [Times: user=0.05 sys=0.00, real=0.05 secs] 
2021-01-22T01:11:09.855+0800: 26.222: [GC (Allocation Failure) 2021-01-22T01:11:09.855+0800: 26.223: [DefNew: 279616K->34943K(314560K), 0.0111247 secs] 678566K->483670K(1013632K), 0.0120711 secs] [Times: user=0.01 sys=0.00, real=0.01 secs] 
2021-01-22T01:11:09.900+0800: 26.268: [GC (Allocation Failure) 2021-01-22T01:11:09.901+0800: 26.269: [DefNew: 314520K->34943K(314560K), 0.0159031 secs] 763248K->572255K(1013632K), 0.0167568 secs] [Times: user=0.02 sys=0.00, real=0.01 secs] 
2021-01-22T01:11:09.950+0800: 26.318: [GC (Allocation Failure) 2021-01-22T01:11:09.951+0800: 26.319: [DefNew: 314559K->34943K(314560K), 0.0161497 secs] 851871K->653737K(1013632K), 0.0184601 secs] [Times: user=0.02 sys=0.00, real=0.02 secs] 
2021-01-22T01:11:10.002+0800: 26.370: [GC (Allocation Failure) 2021-01-22T01:11:10.003+0800: 26.371: [DefNew: 314559K->314559K(314560K), 0.0004769 secs]2021-01-22T01:11:10.004+0800: 26.371: [Tenured: 618793K->397624K(699072K), 0.0455792 secs] 933353K->397624K(1013632K), [Metaspace: 2817K->2817K(1056768K)], 0.0473517 secs] [Times: user=0.05 sys=0.00, real=0.05 secs] 
2021-01-22T01:11:10.085+0800: 26.452: [GC (Allocation Failure) 2021-01-22T01:11:10.085+0800: 26.453: [DefNew: 279616K->34943K(314560K), 0.0111456 secs] 677240K->481318K(1013632K), 0.0119728 secs] [Times: user=0.01 sys=0.00, real=0.01 secs] 
2021-01-22T01:11:10.131+0800: 26.498: [GC (Allocation Failure) 2021-01-22T01:11:10.131+0800: 26.499: [DefNew: 314559K->34943K(314560K), 0.0151832 secs] 760934K->562124K(1013632K), 0.0157961 secs] [Times: user=0.01 sys=0.00, real=0.01 secs] 
2021-01-22T01:11:10.182+0800: 26.549: [GC (Allocation Failure) 2021-01-22T01:11:10.182+0800: 26.550: [DefNew: 314559K->34943K(314560K), 0.0141986 secs] 841740K->640832K(1013632K), 0.0152135 secs] [Times: user=0.01 sys=0.00, real=0.01 secs] 
2021-01-22T01:11:10.231+0800: 26.599: [GC (Allocation Failure) 2021-01-22T01:11:10.231+0800: 26.599: [DefNew: 314559K->314559K(314560K), 0.0003230 secs]2021-01-22T01:11:10.232+0800: 26.600: [Tenured: 605888K->405036K(699072K), 0.0473634 secs] 920448K->405036K(1013632K), [Metaspace: 2817K->2817K(1056768K)], 0.0489589 secs] [Times: user=0.05 sys=0.00, real=0.05 secs] 
2021-01-22T01:11:10.313+0800: 26.681: [GC (Allocation Failure) 2021-01-22T01:11:10.313+0800: 26.681: [DefNew: 279616K->34943K(314560K), 0.0121413 secs] 684652K->498899K(1013632K), 0.0130369 secs] [Times: user=0.02 sys=0.00, real=0.01 secs] 
2021-01-22T01:11:10.360+0800: 26.728: [GC (Allocation Failure) 2021-01-22T01:11:10.360+0800: 26.728: [DefNew: 314559K->34943K(314560K), 0.0153597 secs] 778515K->582794K(1013632K), 0.0163264 secs] [Times: user=0.01 sys=0.00, real=0.01 secs] 
2021-01-22T01:11:10.410+0800: 26.778: [GC (Allocation Failure) 2021-01-22T01:11:10.411+0800: 26.779: [DefNew: 314559K->34943K(314560K), 0.0131486 secs] 862410K->652776K(1013632K), 0.0141176 secs] [Times: user=0.01 sys=0.00, real=0.01 secs] 
2021-01-22T01:11:10.456+0800: 26.824: [GC (Allocation Failure) 2021-01-22T01:11:10.456+0800: 26.824: [DefNew: 314001K->314001K(314560K), 0.0003499 secs]2021-01-22T01:11:10.457+0800: 26.825: [Tenured: 617833K->369655K(699072K), 0.0466920 secs] 931834K->369655K(1013632K), [Metaspace: 2817K->2817K(1056768K)], 0.0482785 secs] [Times: user=0.05 sys=0.00, real=0.05 secs] 
2021-01-22T01:11:10.538+0800: 26.906: [GC (Allocation Failure) 2021-01-22T01:11:10.538+0800: 26.906: [DefNew: 279616K->34943K(314560K), 0.0117296 secs] 649271K->464592K(1013632K), 0.0126769 secs] [Times: user=0.01 sys=0.00, real=0.02 secs] 
2021-01-22T01:11:10.580+0800: 26.948: [GC (Allocation Failure) 2021-01-22T01:11:10.581+0800: 26.948: [DefNew: 314559K->34943K(314560K), 0.0151700 secs] 744208K->546196K(1013632K), 0.0160595 secs] [Times: user=0.02 sys=0.00, real=0.01 secs] 
2021-01-22T01:11:10.630+0800: 26.998: [GC (Allocation Failure) 2021-01-22T01:11:10.630+0800: 26.998: [DefNew: 314559K->34944K(314560K), 0.0132771 secs] 825812K->619685K(1013632K), 0.0141989 secs] [Times: user=0.01 sys=0.00, real=0.01 secs] 
2021-01-22T01:11:10.678+0800: 27.046: [GC (Allocation Failure) 2021-01-22T01:11:10.678+0800: 27.046: [DefNew: 314560K->34943K(314560K), 0.0149884 secs] 899301K->700855K(1013632K), 0.0159733 secs] [Times: user=0.01 sys=0.00, real=0.02 secs] 
2021-01-22T01:11:10.728+0800: 27.096: [GC (Allocation Failure) 2021-01-22T01:11:10.729+0800: 27.097: [DefNew: 314559K->314559K(314560K), 0.0003937 secs]2021-01-22T01:11:10.730+0800: 27.097: [Tenured: 665911K->396001K(699072K), 0.0430071 secs] 980471K->396001K(1013632K), [Metaspace: 2817K->2817K(1056768K)], 0.0446896 secs] [Times: user=0.04 sys=0.00, real=0.04 secs] 
2021-01-22T01:11:10.805+0800: 27.172: [GC (Allocation Failure) 2021-01-22T01:11:10.805+0800: 27.173: [DefNew: 279616K->34943K(314560K), 0.0116305 secs] 675617K->480772K(1013632K), 0.0124611 secs] [Times: user=0.01 sys=0.00, real=0.01 secs] 
2021-01-22T01:11:10.849+0800: 27.217: [GC (Allocation Failure) 2021-01-22T01:11:10.849+0800: 27.217: [DefNew: 314006K->34943K(314560K), 0.0135156 secs] 759835K->556785K(1013632K), 0.0144462 secs] [Times: user=0.02 sys=0.00, real=0.01 secs] 
2021-01-22T01:11:10.896+0800: 27.264: [GC (Allocation Failure) 2021-01-22T01:11:10.897+0800: 27.265: [DefNew: 314559K->34943K(314560K), 0.0149497 secs] 836401K->636567K(1013632K), 0.0158054 secs] [Times: user=0.01 sys=0.00, real=0.02 secs] 
2021-01-22T01:11:10.947+0800: 27.314: [GC (Allocation Failure) 2021-01-22T01:11:10.947+0800: 27.315: [DefNew: 314559K->314559K(314560K), 0.0003497 secs]2021-01-22T01:11:10.948+0800: 27.316: [Tenured: 601623K->408906K(699072K), 0.0506426 secs] 916183K->408906K(1013632K), [Metaspace: 2817K->2817K(1056768K)], 0.0521712 secs] [Times: user=0.05 sys=0.00, real=0.06 secs] 
2021-01-22T01:11:11.030+0800: 27.398: [GC (Allocation Failure) 2021-01-22T01:11:11.031+0800: 27.399: [DefNew: 279616K->34943K(314560K), 0.0127871 secs] 688522K->499157K(1013632K), 0.0138584 secs] [Times: user=0.01 sys=0.00, real=0.01 secs] 
2021-01-22T01:11:11.078+0800: 27.446: [GC (Allocation Failure) 2021-01-22T01:11:11.079+0800: 27.446: [DefNew: 314559K->34943K(314560K), 0.0151404 secs] 778773K->575699K(1013632K), 0.0161956 secs] [Times: user=0.01 sys=0.01, real=0.02 secs] 
2021-01-22T01:11:11.130+0800: 27.498: [GC (Allocation Failure) 2021-01-22T01:11:11.130+0800: 27.498: [DefNew: 314335K->34943K(314560K), 0.0158811 secs] 855090K->657406K(1013632K), 0.0168826 secs] [Times: user=0.02 sys=0.00, real=0.01 secs] 
2021-01-22T01:11:11.187+0800: 27.554: [GC (Allocation Failure) 2021-01-22T01:11:11.187+0800: 27.555: [DefNew: 314559K->314559K(314560K), 0.0003683 secs]2021-01-22T01:11:11.188+0800: 27.555: [Tenured: 622462K->403784K(699072K), 0.0535369 secs] 937022K->403784K(1013632K), [Metaspace: 2817K->2817K(1056768K)], 0.0549526 secs] [Times: user=0.05 sys=0.00, real=0.06 secs] 
2021-01-22T01:11:11.278+0800: 27.646: [GC (Allocation Failure) 2021-01-22T01:11:11.279+0800: 27.646: [DefNew: 279616K->34944K(314560K), 0.0117899 secs] 683400K->497201K(1013632K), 0.0125956 secs] [Times: user=0.01 sys=0.00, real=0.01 secs] 
2021-01-22T01:11:11.330+0800: 27.697: [GC (Allocation Failure) 2021-01-22T01:11:11.330+0800: 27.698: [DefNew: 314560K->34944K(314560K), 0.0161559 secs] 776817K->578068K(1013632K), 0.0169212 secs] [Times: user=0.02 sys=0.00, real=0.01 secs] 
2021-01-22T01:11:11.384+0800: 27.752: [GC (Allocation Failure) 2021-01-22T01:11:11.385+0800: 27.752: [DefNew: 314560K->34944K(314560K), 0.0144245 secs] 857684K->653824K(1013632K), 0.0152592 secs] [Times: user=0.02 sys=0.00, real=0.02 secs] 
2021-01-22T01:11:11.438+0800: 27.806: [GC (Allocation Failure) 2021-01-22T01:11:11.439+0800: 27.807: [DefNew: 314560K->314560K(314560K), 0.0003392 secs]2021-01-22T01:11:11.439+0800: 27.807: [Tenured: 618880K->366128K(699072K), 0.0496762 secs] 933440K->366128K(1013632K), [Metaspace: 2817K->2817K(1056768K)], 0.0512569 secs] [Times: user=0.05 sys=0.00, real=0.05 secs] 
2021-01-22T01:11:11.525+0800: 27.892: [GC (Allocation Failure) 2021-01-22T01:11:11.525+0800: 27.893: [DefNew: 279616K->34943K(314560K), 0.0121052 secs] 645744K->450644K(1013632K), 0.0184120 secs] [Times: user=0.01 sys=0.00, real=0.02 secs] 
2021-01-22T01:11:11.579+0800: 27.947: [GC (Allocation Failure) 2021-01-22T01:11:11.580+0800: 27.947: [DefNew: 314559K->34943K(314560K), 0.0143486 secs] 730260K->522851K(1013632K), 0.0150443 secs] [Times: user=0.01 sys=0.00, real=0.01 secs] 
2021-01-22T01:11:11.627+0800: 27.994: [GC (Allocation Failure) 2021-01-22T01:11:11.627+0800: 27.995: [DefNew: 314559K->34942K(314560K), 0.0152636 secs] 802467K->608154K(1013632K), 0.0161170 secs] [Times: user=0.02 sys=0.00, real=0.02 secs] 
2021-01-22T01:11:11.674+0800: 28.042: [GC (Allocation Failure) 2021-01-22T01:11:11.674+0800: 28.042: [DefNew: 314558K->34943K(314560K), 0.0159405 secs] 887770K->697379K(1013632K), 0.0168646 secs] [Times: user=0.01 sys=0.00, real=0.02 secs] 
2021-01-22T01:11:11.726+0800: 28.094: [GC (Allocation Failure) 2021-01-22T01:11:11.727+0800: 28.095: [DefNew: 314559K->314559K(314560K), 0.0003179 secs]2021-01-22T01:11:11.728+0800: 28.095: [Tenured: 662435K->403078K(699072K), 0.0484716 secs] 976995K->403078K(1013632K), [Metaspace: 2817K->2817K(1056768K)], 0.0500021 secs] [Times: user=0.05 sys=0.00, real=0.05 secs] 
2021-01-22T01:11:11.810+0800: 28.178: [GC (Allocation Failure) 2021-01-22T01:11:11.811+0800: 28.178: [DefNew: 279502K->34943K(314560K), 0.0122114 secs] 682580K->493711K(1013632K), 0.0131092 secs] [Times: user=0.01 sys=0.00, real=0.01 secs] 
2021-01-22T01:11:11.857+0800: 28.225: [GC (Allocation Failure) 2021-01-22T01:11:11.857+0800: 28.225: [DefNew: 314559K->34943K(314560K), 0.0159278 secs] 773327K->575694K(1013632K), 0.0169980 secs] [Times: user=0.01 sys=0.00, real=0.02 secs] 
2021-01-22T01:11:11.907+0800: 28.275: [GC (Allocation Failure) 2021-01-22T01:11:11.908+0800: 28.276: [DefNew: 314559K->34943K(314560K), 0.0149968 secs] 855310K->654798K(1013632K), 0.0161603 secs] [Times: user=0.02 sys=0.00, real=0.02 secs] 
2021-01-22T01:11:11.957+0800: 28.325: [GC (Allocation Failure) 2021-01-22T01:11:11.958+0800: 28.325: [DefNew: 314559K->314559K(314560K), 0.0003939 secs]2021-01-22T01:11:11.958+0800: 28.326: [Tenured: 619854K->399922K(699072K), 0.0477704 secs] 934414K->399922K(1013632K), [Metaspace: 2817K->2817K(1056768K)], 0.0495066 secs] [Times: user=0.05 sys=0.00, real=0.05 secs] 
2021-01-22T01:11:12.041+0800: 28.409: [GC (Allocation Failure) 2021-01-22T01:11:12.042+0800: 28.410: [DefNew: 279616K->34944K(314560K), 0.0123184 secs] 679538K->489610K(1013632K), 0.0133415 secs] [Times: user=0.02 sys=0.00, real=0.01 secs] 
2021-01-22T01:11:12.088+0800: 28.456: [GC (Allocation Failure) 2021-01-22T01:11:12.089+0800: 28.457: [DefNew: 314560K->34942K(314560K), 0.0160404 secs] 769226K->581421K(1013632K), 0.0168966 secs] [Times: user=0.02 sys=0.00, real=0.01 secs] 
2021-01-22T01:11:12.141+0800: 28.509: [GC (Allocation Failure) 2021-01-22T01:11:12.142+0800: 28.510: [DefNew: 314558K->34942K(314560K), 0.0137220 secs] 861037K->660339K(1013632K), 0.0147180 secs] [Times: user=0.01 sys=0.00, real=0.01 secs] 
2021-01-22T01:11:12.191+0800: 28.559: [GC (Allocation Failure) 2021-01-22T01:11:12.192+0800: 28.560: [DefNew: 314558K->314558K(314560K), 0.0003623 secs]2021-01-22T01:11:12.193+0800: 28.560: [Tenured: 625397K->411611K(699072K), 0.0476682 secs] 939955K->411611K(1013632K), [Metaspace: 2817K->2817K(1056768K)], 0.0492629 secs] [Times: user=0.05 sys=0.00, real=0.05 secs] 
2021-01-22T01:11:12.274+0800: 28.641: [GC (Allocation Failure) 2021-01-22T01:11:12.274+0800: 28.642: [DefNew: 279616K->34941K(314560K), 0.0118140 secs] 691227K->499353K(1013632K), 0.0127215 secs] [Times: user=0.01 sys=0.00, real=0.01 secs] 
2021-01-22T01:11:12.322+0800: 28.690: [GC (Allocation Failure) 2021-01-22T01:11:12.323+0800: 28.691: [DefNew: 314557K->34943K(314560K), 0.0160063 secs] 778969K->584369K(1013632K), 0.0167549 secs] [Times: user=0.01 sys=0.00, real=0.02 secs] 
2021-01-22T01:11:12.379+0800: 28.747: [GC (Allocation Failure) 2021-01-22T01:11:12.379+0800: 28.747: [DefNew: 314461K->34943K(314560K), 0.0172831 secs] 863887K->671886K(1013632K), 0.0181836 secs] [Times: user=0.02 sys=0.00, real=0.01 secs] 
2021-01-22T01:11:12.434+0800: 28.802: [GC (Allocation Failure) 2021-01-22T01:11:12.434+0800: 28.802: [DefNew: 314559K->314559K(314560K), 0.0003250 secs]2021-01-22T01:11:12.435+0800: 28.803: [Tenured: 636942K->387494K(699072K), 0.0524271 secs] 951502K->387494K(1013632K), [Metaspace: 2817K->2817K(1056768K)], 0.0539762 secs] [Times: user=0.05 sys=0.00, real=0.06 secs] 
2021-01-22T01:11:12.521+0800: 28.889: [GC (Allocation Failure) 2021-01-22T01:11:12.522+0800: 28.890: [DefNew: 279616K->34944K(314560K), 0.0128142 secs] 667110K->474278K(1013632K), 0.0137844 secs] [Times: user=0.01 sys=0.00, real=0.01 secs] 
2021-01-22T01:11:12.575+0800: 28.943: [GC (Allocation Failure) 2021-01-22T01:11:12.575+0800: 28.943: [DefNew: 314560K->34944K(314560K), 0.0174028 secs] 753894K->557285K(1013632K), 0.0181833 secs] [Times: user=0.02 sys=0.00, real=0.02 secs] 
2021-01-22T01:11:12.628+0800: 28.995: [GC (Allocation Failure) 2021-01-22T01:11:12.628+0800: 28.996: [DefNew: 314560K->34943K(314560K), 0.0160060 secs] 836901K->646180K(1013632K), 0.0169041 secs] [Times: user=0.02 sys=0.00, real=0.02 secs] 
2021-01-22T01:11:12.681+0800: 29.049: [GC (Allocation Failure) 2021-01-22T01:11:12.682+0800: 29.050: [DefNew: 314559K->314559K(314560K), 0.0002077 secs]2021-01-22T01:11:12.682+0800: 29.050: [Tenured: 611236K->421066K(699072K), 0.0545182 secs] 925796K->421066K(1013632K), [Metaspace: 2817K->2817K(1056768K)], 0.0557655 secs] [Times: user=0.05 sys=0.00, real=0.05 secs] 
2021-01-22T01:11:12.772+0800: 29.140: [GC (Allocation Failure) 2021-01-22T01:11:12.773+0800: 29.141: [DefNew: 279616K->34943K(314560K), 0.0121707 secs] 700682K->511417K(1013632K), 0.0130912 secs] [Times: user=0.01 sys=0.00, real=0.01 secs] 
2021-01-22T01:11:12.819+0800: 29.187: [GC (Allocation Failure) 2021-01-22T01:11:12.820+0800: 29.188: [DefNew: 314559K->34944K(314560K), 0.0141691 secs] 791033K->586933K(1013632K), 0.0150854 secs] [Times: user=0.02 sys=0.00, real=0.01 secs] 
2021-01-22T01:11:12.868+0800: 29.236: [GC (Allocation Failure) 2021-01-22T01:11:12.869+0800: 29.236: [DefNew: 314560K->34943K(314560K), 0.0134980 secs] 866549K->656335K(1013632K), 0.0143653 secs] [Times: user=0.01 sys=0.00, real=0.01 secs] 
2021-01-22T01:11:12.917+0800: 29.284: [GC (Allocation Failure) 2021-01-22T01:11:12.917+0800: 29.285: [DefNew: 314559K->314559K(314560K), 0.0003450 secs]2021-01-22T01:11:12.918+0800: 29.285: [Tenured: 621391K->401657K(699072K), 0.0461426 secs] 935951K->401657K(1013632K), [Metaspace: 2817K->2817K(1056768K)], 0.0476644 secs] [Times: user=0.04 sys=0.00, real=0.05 secs] 
2021-01-22T01:11:12.998+0800: 29.366: [GC (Allocation Failure) 2021-01-22T01:11:12.998+0800: 29.366: [DefNew: 279616K->34944K(314560K), 0.0118314 secs] 681273K->489042K(1013632K), 0.0128456 secs] [Times: user=0.02 sys=0.00, real=0.02 secs] 
2021-01-22T01:11:13.044+0800: 29.412: [GC (Allocation Failure) 2021-01-22T01:11:13.045+0800: 29.412: [DefNew: 314560K->34943K(314560K), 0.0170815 secs] 768658K->574616K(1013632K), 0.0179555 secs] [Times: user=0.02 sys=0.00, real=0.02 secs] 
2021-01-22T01:11:13.099+0800: 29.467: [GC (Allocation Failure) 2021-01-22T01:11:13.099+0800: 29.467: [DefNew: 314559K->34943K(314560K), 0.0169565 secs] 854232K->657608K(1013632K), 0.0178993 secs] [Times: user=0.02 sys=0.00, real=0.01 secs] 
2021-01-22T01:11:13.153+0800: 29.520: [GC (Allocation Failure) 2021-01-22T01:11:13.153+0800: 29.521: [DefNew: 314559K->314559K(314560K), 0.0004105 secs]2021-01-22T01:11:13.154+0800: 29.522: [Tenured: 622664K->402726K(699072K), 0.0477897 secs] 937224K->402726K(1013632K), [Metaspace: 2817K->2817K(1056768K)], 0.0495794 secs] [Times: user=0.05 sys=0.00, real=0.05 secs] 
2021-01-22T01:11:13.235+0800: 29.603: [GC (Allocation Failure) 2021-01-22T01:11:13.235+0800: 29.603: [DefNew: 279616K->34942K(314560K), 0.0113448 secs] 682342K->494469K(1013632K), 0.0123310 secs] [Times: user=0.02 sys=0.00, real=0.01 secs] 
2021-01-22T01:11:13.280+0800: 29.648: [GC (Allocation Failure) 2021-01-22T01:11:13.281+0800: 29.649: [DefNew: 314558K->34944K(314560K), 0.0143733 secs] 774085K->574177K(1013632K), 0.0153320 secs] [Times: user=0.01 sys=0.00, real=0.01 secs] 
2021-01-22T01:11:13.329+0800: 29.697: [GC (Allocation Failure) 2021-01-22T01:11:13.330+0800: 29.698: [DefNew: 314560K->34944K(314560K), 0.0160923 secs] 853793K->665522K(1013632K), 0.0170885 secs] [Times: user=0.01 sys=0.00, real=0.01 secs] 
2021-01-22T01:11:13.383+0800: 29.751: [GC (Allocation Failure) 2021-01-22T01:11:13.384+0800: 29.751: [DefNew: 314560K->314560K(314560K), 0.0003858 secs]2021-01-22T01:11:13.384+0800: 29.752: [Tenured: 630578K->382204K(699072K), 0.0543427 secs] 945138K->382204K(1013632K), [Metaspace: 2817K->2817K(1056768K)], 0.0558676 secs] [Times: user=0.05 sys=0.00, real=0.06 secs] 
2021-01-22T01:11:13.475+0800: 29.843: [GC (Allocation Failure) 2021-01-22T01:11:13.476+0800: 29.844: [DefNew: 279616K->34943K(314560K), 0.0151300 secs] 661820K->475203K(1013632K), 0.0160161 secs] [Times: user=0.01 sys=0.00, real=0.02 secs] 
2021-01-22T01:11:13.528+0800: 29.896: [GC (Allocation Failure) 2021-01-22T01:11:13.528+0800: 29.896: [DefNew: 314559K->34943K(314560K), 0.0148224 secs] 754819K->548219K(1013632K), 0.0156543 secs] [Times: user=0.01 sys=0.00, real=0.02 secs] 
2021-01-22T01:11:13.577+0800: 29.945: [GC (Allocation Failure) 2021-01-22T01:11:13.578+0800: 29.946: [DefNew: 314559K->34942K(314560K), 0.0165735 secs] 827835K->630004K(1013632K), 0.0175788 secs] [Times: user=0.01 sys=0.00, real=0.02 secs] 
2021-01-22T01:11:13.628+0800: 29.996: [GC (Allocation Failure) 2021-01-22T01:11:13.628+0800: 29.996: [DefNew: 314558K->314558K(314560K), 0.0003933 secs]2021-01-22T01:11:13.629+0800: 29.997: [Tenured: 595062K->422140K(699072K), 0.0464853 secs] 909620K->422140K(1013632K), [Metaspace: 2817K->2817K(1056768K)], 0.0481676 secs] [Times: user=0.04 sys=0.00, real=0.05 secs] 
2021-01-22T01:11:13.711+0800: 30.079: [GC (Allocation Failure) 2021-01-22T01:11:13.712+0800: 30.079: [DefNew: 279616K->34943K(314560K), 0.0111361 secs] 701756K->504382K(1013632K), 0.0120903 secs] [Times: user=0.01 sys=0.00, real=0.01 secs] 
2021-01-22T01:11:13.757+0800: 30.125: [GC (Allocation Failure) 2021-01-22T01:11:13.758+0800: 30.126: [DefNew: 314559K->34943K(314560K), 0.0147736 secs] 783998K->584788K(1013632K), 0.0157231 secs] [Times: user=0.02 sys=0.00, real=0.02 secs] 
2021-01-22T01:11:13.807+0800: 30.174: [GC (Allocation Failure) 2021-01-22T01:11:13.807+0800: 30.175: [DefNew: 314559K->34943K(314560K), 0.0152002 secs] 864404K->668299K(1013632K), 0.0161056 secs] [Times: user=0.01 sys=0.00, real=0.02 secs] 
2021-01-22T01:11:13.857+0800: 30.224: [GC (Allocation Failure) 2021-01-22T01:11:13.857+0800: 30.225: [DefNew: 314559K->314559K(314560K), 0.0002898 secs]2021-01-22T01:11:13.858+0800: 30.225: [Tenured: 633355K->430952K(699072K), 0.0484144 secs] 947915K->430952K(1013632K), [Metaspace: 2817K->2817K(1056768K)], 0.0498543 secs] [Times: user=0.05 sys=0.00, real=0.05 secs] 
2021-01-22T01:11:13.941+0800: 30.309: [GC (Allocation Failure) 2021-01-22T01:11:13.942+0800: 30.310: [DefNew: 279616K->34943K(314560K), 0.0124376 secs] 710568K->515306K(1013632K), 0.0133820 secs] [Times: user=0.01 sys=0.00, real=0.01 secs] 
2021-01-22T01:11:13.988+0800: 30.356: [GC (Allocation Failure) 2021-01-22T01:11:13.989+0800: 30.357: [DefNew: 314559K->34943K(314560K), 0.0137309 secs] 794922K->585989K(1013632K), 0.0160658 secs] [Times: user=0.02 sys=0.00, real=0.01 secs] 
2021-01-22T01:11:14.043+0800: 30.411: [GC (Allocation Failure) 2021-01-22T01:11:14.044+0800: 30.412: [DefNew: 314559K->34942K(314560K), 0.0144621 secs] 865605K->663313K(1013632K), 0.0153069 secs] [Times: user=0.01 sys=0.00, real=0.02 secs] 
2021-01-22T01:11:14.095+0800: 30.462: [GC (Allocation Failure) 2021-01-22T01:11:14.095+0800: 30.463: [DefNew: 314558K->314558K(314560K), 0.0003386 secs]2021-01-22T01:11:14.096+0800: 30.463: [Tenured: 628370K->405731K(699072K), 0.0503925 secs] 942929K->405731K(1013632K), [Metaspace: 2817K->2817K(1056768K)], 0.0518754 secs] [Times: user=0.05 sys=0.00, real=0.05 secs] 
2021-01-22T01:11:14.179+0800: 30.547: [GC (Allocation Failure) 2021-01-22T01:11:14.180+0800: 30.547: [DefNew: 279616K->34943K(314560K), 0.0124969 secs] 685347K->495394K(1013632K), 0.0133504 secs] [Times: user=0.01 sys=0.00, real=0.01 secs] 
2021-01-22T01:11:14.225+0800: 30.593: [GC (Allocation Failure) 2021-01-22T01:11:14.226+0800: 30.594: [DefNew: 314559K->34943K(314560K), 0.0160782 secs] 775010K->577704K(1013632K), 0.0169346 secs] [Times: user=0.02 sys=0.00, real=0.02 secs] 
2021-01-22T01:11:14.277+0800: 30.645: [GC (Allocation Failure) 2021-01-22T01:11:14.277+0800: 30.645: [DefNew: 314559K->34942K(314560K), 0.0145836 secs] 857320K->655136K(1013632K), 0.0155029 secs] [Times: user=0.02 sys=0.00, real=0.02 secs] 
2021-01-22T01:11:14.325+0800: 30.693: [GC (Allocation Failure) 2021-01-22T01:11:14.326+0800: 30.693: [DefNew: 314558K->314558K(314560K), 0.0003766 secs]2021-01-22T01:11:14.326+0800: 30.694: [Tenured: 620193K->381838K(699072K), 0.0493199 secs] 934752K->381838K(1013632K), [Metaspace: 2817K->2817K(1056768K)], 0.0509129 secs] [Times: user=0.05 sys=0.00, real=0.05 secs] 
2021-01-22T01:11:14.414+0800: 30.781: [GC (Allocation Failure) 2021-01-22T01:11:14.414+0800: 30.782: [DefNew: 279616K->34943K(314560K), 0.0114339 secs] 661454K->469173K(1013632K), 0.0123319 secs] [Times: user=0.01 sys=0.00, real=0.01 secs] 
2021-01-22T01:11:14.460+0800: 30.828: [GC (Allocation Failure) 2021-01-22T01:11:14.460+0800: 30.828: [DefNew: 314559K->34943K(314560K), 0.0148498 secs] 748789K->547436K(1013632K), 0.0156742 secs] [Times: user=0.02 sys=0.00, real=0.01 secs] 
2021-01-22T01:11:14.510+0800: 30.878: [GC (Allocation Failure) 2021-01-22T01:11:14.510+0800: 30.878: [DefNew: 314559K->34941K(314560K), 0.0164976 secs] 827052K->631796K(1013632K), 0.0173791 secs] [Times: user=0.02 sys=0.00, real=0.01 secs] 
2021-01-22T01:11:14.561+0800: 30.929: [GC (Allocation Failure) 2021-01-22T01:11:14.561+0800: 30.929: [DefNew: 314557K->314557K(314560K), 0.0002085 secs]2021-01-22T01:11:14.562+0800: 30.930: [Tenured: 596855K->420229K(699072K), 0.0490684 secs] 911412K->420229K(1013632K), [Metaspace: 2817K->2817K(1056768K)], 0.0504762 secs] [Times: user=0.05 sys=0.00, real=0.05 secs] 
2021-01-22T01:11:14.646+0800: 31.013: [GC (Allocation Failure) 2021-01-22T01:11:14.646+0800: 31.014: [DefNew: 279616K->34944K(314560K), 0.0121627 secs] 699845K->507108K(1013632K), 0.0131065 secs] [Times: user=0.01 sys=0.00, real=0.02 secs] 
2021-01-22T01:11:14.694+0800: 31.061: [GC (Allocation Failure) 2021-01-22T01:11:14.694+0800: 31.062: [DefNew: 314560K->34944K(314560K), 0.0157298 secs] 786724K->579108K(1013632K), 0.0165958 secs] [Times: user=0.01 sys=0.00, real=0.02 secs] 
2021-01-22T01:11:14.744+0800: 31.112: [GC (Allocation Failure) 2021-01-22T01:11:14.745+0800: 31.112: [DefNew: 314560K->34943K(314560K), 0.0154715 secs] 858724K->664721K(1013632K), 0.0164320 secs] [Times: user=0.01 sys=0.00, real=0.02 secs] 
2021-01-22T01:11:14.794+0800: 31.162: [GC (Allocation Failure) 2021-01-22T01:11:14.795+0800: 31.162: [DefNew: 314559K->314559K(314560K), 0.0004612 secs]2021-01-22T01:11:14.795+0800: 31.163: [Tenured: 629777K->414188K(699072K), 0.0485925 secs] 944337K->414188K(1013632K), [Metaspace: 2817K->2817K(1056768K)], 0.0503415 secs] [Times: user=0.04 sys=0.00, real=0.05 secs] 
2021-01-22T01:11:14.880+0800: 31.248: [GC (Allocation Failure) 2021-01-22T01:11:14.881+0800: 31.249: [DefNew: 279616K->34943K(314560K), 0.0110343 secs] 693804K->495140K(1013632K), 0.0119322 secs] [Times: user=0.01 sys=0.00, real=0.01 secs] 
2021-01-22T01:11:14.930+0800: 31.298: [GC (Allocation Failure) 2021-01-22T01:11:14.930+0800: 31.298: [DefNew: 314559K->34944K(314560K), 0.0139278 secs] 774756K->571959K(1013632K), 0.0147818 secs] [Times: user=0.01 sys=0.00, real=0.01 secs] 
2021-01-22T01:11:14.978+0800: 31.346: [GC (Allocation Failure) 2021-01-22T01:11:14.979+0800: 31.347: [DefNew: 314560K->34943K(314560K), 0.0178441 secs] 851575K->655624K(1013632K), 0.0187621 secs] [Times: user=0.02 sys=0.00, real=0.01 secs] 
2021-01-22T01:11:15.030+0800: 31.398: [GC (Allocation Failure) 2021-01-22T01:11:15.031+0800: 31.398: [DefNew: 314559K->314559K(314560K), 0.0003436 secs]2021-01-22T01:11:15.031+0800: 31.399: [Tenured: 620681K->423475K(699072K), 0.0517611 secs] 935240K->423475K(1013632K), [Metaspace: 2817K->2817K(1056768K)], 0.0532643 secs] [Times: user=0.05 sys=0.00, real=0.05 secs] 
2021-01-22T01:11:15.116+0800: 31.484: [GC (Allocation Failure) 2021-01-22T01:11:15.117+0800: 31.484: [DefNew: 279616K->34943K(314560K), 0.0119421 secs] 703091K->511279K(1013632K), 0.0128077 secs] [Times: user=0.01 sys=0.00, real=0.02 secs] 
2021-01-22T01:11:15.163+0800: 31.531: [GC (Allocation Failure) 2021-01-22T01:11:15.164+0800: 31.531: [DefNew: 314559K->34944K(314560K), 0.0145048 secs] 790895K->591185K(1013632K), 0.0153370 secs] [Times: user=0.01 sys=0.01, real=0.02 secs] 
2021-01-22T01:11:15.211+0800: 31.579: [GC (Allocation Failure) 2021-01-22T01:11:15.212+0800: 31.580: [DefNew: 314560K->34943K(314560K), 0.0159125 secs] 870801K->675649K(1013632K), 0.0168097 secs] [Times: user=0.02 sys=0.00, real=0.02 secs] 
2021-01-22T01:11:15.263+0800: 31.631: [GC (Allocation Failure) 2021-01-22T01:11:15.263+0800: 31.631: [DefNew: 314559K->314559K(314560K), 0.0003764 secs]2021-01-22T01:11:15.264+0800: 31.632: [Tenured: 640705K->370672K(699072K), 0.0475359 secs] 955265K->370672K(1013632K), [Metaspace: 2817K->2817K(1056768K)], 0.0491255 secs] [Times: user=0.05 sys=0.00, real=0.05 secs] 
2021-01-22T01:11:15.349+0800: 31.716: [GC (Allocation Failure) 2021-01-22T01:11:15.349+0800: 31.717: [DefNew: 279616K->34943K(314560K), 0.0113874 secs] 650288K->462068K(1013632K), 0.0125240 secs] [Times: user=0.01 sys=0.00, real=0.01 secs] 
2021-01-22T01:11:15.398+0800: 31.766: [GC (Allocation Failure) 2021-01-22T01:11:15.398+0800: 31.766: [DefNew: 314559K->34943K(314560K), 0.0130057 secs] 741684K->532366K(1013632K), 0.0139318 secs] [Times: user=0.02 sys=0.00, real=0.02 secs] 
2021-01-22T01:11:15.446+0800: 31.814: [GC (Allocation Failure) 2021-01-22T01:11:15.447+0800: 31.815: [DefNew: 314559K->34943K(314560K), 0.0146326 secs] 811982K->614985K(1013632K), 0.0155396 secs] [Times: user=0.01 sys=0.00, real=0.02 secs] 
2021-01-22T01:11:15.494+0800: 31.862: [GC (Allocation Failure) 2021-01-22T01:11:15.494+0800: 31.862: [DefNew: 314559K->34943K(314560K), 0.0144623 secs] 894601K->692954K(1013632K), 0.0152864 secs] [Times: user=0.01 sys=0.00, real=0.02 secs] 
2021-01-22T01:11:15.543+0800: 31.911: [GC (Allocation Failure) 2021-01-22T01:11:15.543+0800: 31.911: [DefNew: 314559K->314559K(314560K), 0.0002830 secs]2021-01-22T01:11:15.544+0800: 31.912: [Tenured: 658010K->414482K(699072K), 0.0473062 secs] 972570K->414482K(1013632K), [Metaspace: 2817K->2817K(1056768K)], 0.0487715 secs] [Times: user=0.05 sys=0.00, real=0.05 secs] 
2021-01-22T01:11:15.624+0800: 31.992: [GC (Allocation Failure) 2021-01-22T01:11:15.625+0800: 31.993: [DefNew: 279616K->34943K(314560K), 0.0125604 secs] 694098K->508318K(1013632K), 0.0133847 secs] [Times: user=0.01 sys=0.00, real=0.02 secs] 
2021-01-22T01:11:15.676+0800: 32.044: [GC (Allocation Failure) 2021-01-22T01:11:15.677+0800: 32.044: [DefNew: 314559K->34943K(314560K), 0.0155775 secs] 787934K->590681K(1013632K), 0.0163357 secs] [Times: user=0.02 sys=0.00, real=0.02 secs] 
2021-01-22T01:11:15.726+0800: 32.094: [GC (Allocation Failure) 2021-01-22T01:11:15.726+0800: 32.094: [DefNew: 314559K->34944K(314560K), 0.0160180 secs] 870297K->677700K(1013632K), 0.0167426 secs] [Times: user=0.02 sys=0.00, real=0.02 secs] 
2021-01-22T01:11:15.778+0800: 32.146: [GC (Allocation Failure) 2021-01-22T01:11:15.778+0800: 32.146: [DefNew: 314560K->314560K(314560K), 0.0004090 secs]2021-01-22T01:11:15.779+0800: 32.147: [Tenured: 642756K->422636K(699072K), 0.0548226 secs] 957316K->422636K(1013632K), [Metaspace: 2817K->2817K(1056768K)], 0.0566075 secs] [Times: user=0.06 sys=0.00, real=0.06 secs] 
2021-01-22T01:11:15.868+0800: 32.236: [GC (Allocation Failure) 2021-01-22T01:11:15.868+0800: 32.236: [DefNew: 279592K->34943K(314560K), 0.0112829 secs] 702229K->512257K(1013632K), 0.0122598 secs] [Times: user=0.01 sys=0.00, real=0.02 secs] 
2021-01-22T01:11:15.915+0800: 32.283: [GC (Allocation Failure) 2021-01-22T01:11:15.916+0800: 32.284: [DefNew: 314539K->34944K(314560K), 0.0147791 secs] 791853K->598018K(1013632K), 0.0157260 secs] [Times: user=0.01 sys=0.00, real=0.02 secs] 
2021-01-22T01:11:15.966+0800: 32.334: [GC (Allocation Failure) 2021-01-22T01:11:15.967+0800: 32.335: [DefNew: 314560K->34943K(314560K), 0.0135623 secs] 877634K->674389K(1013632K), 0.0143800 secs] [Times: user=0.02 sys=0.00, real=0.02 secs] 
2021-01-22T01:11:16.018+0800: 32.385: [GC (Allocation Failure) 2021-01-22T01:11:16.022+0800: 32.389: [DefNew: 314559K->314559K(314560K), 0.0003884 secs]2021-01-22T01:11:16.022+0800: 32.390: [Tenured: 639445K->409407K(699072K), 0.0482734 secs] 954005K->409407K(1013632K), [Metaspace: 2817K->2817K(1056768K)], 0.0534547 secs] [Times: user=0.05 sys=0.00, real=0.06 secs] 
2021-01-22T01:11:16.104+0800: 32.472: [GC (Allocation Failure) 2021-01-22T01:11:16.104+0800: 32.472: [DefNew: 279616K->34943K(314560K), 0.0121050 secs] 689023K->499223K(1013632K), 0.0129638 secs] [Times: user=0.01 sys=0.00, real=0.01 secs] 
2021-01-22T01:11:16.152+0800: 32.519: [GC (Allocation Failure) 2021-01-22T01:11:16.152+0800: 32.520: [DefNew: 314559K->34943K(314560K), 0.0140867 secs] 778839K->575529K(1013632K), 0.0149665 secs] [Times: user=0.02 sys=0.00, real=0.01 secs] 
2021-01-22T01:11:16.201+0800: 32.569: [GC (Allocation Failure) 2021-01-22T01:11:16.201+0800: 32.569: [DefNew: 314559K->34943K(314560K), 0.0136153 secs] 855145K->660620K(1013632K), 0.0147529 secs] [Times: user=0.01 sys=0.00, real=0.01 secs] 
2021-01-22T01:11:16.253+0800: 32.621: [GC (Allocation Failure) 2021-01-22T01:11:16.253+0800: 32.621: [DefNew: 314559K->314559K(314560K), 0.0003220 secs]2021-01-22T01:11:16.254+0800: 32.622: [Tenured: 625676K->368856K(699072K), 0.0499061 secs] 940236K->368856K(1013632K), [Metaspace: 2817K->2817K(1056768K)], 0.0514647 secs] [Times: user=0.05 sys=0.00, real=0.05 secs] 
2021-01-22T01:11:16.338+0800: 32.706: [GC (Allocation Failure) 2021-01-22T01:11:16.339+0800: 32.706: [DefNew: 279616K->34943K(314560K), 0.0119153 secs] 648472K->458593K(1013632K), 0.0127764 secs] [Times: user=0.01 sys=0.00, real=0.01 secs] 
2021-01-22T01:11:16.385+0800: 32.753: [GC (Allocation Failure) 2021-01-22T01:11:16.385+0800: 32.753: [DefNew: 314060K->34942K(314560K), 0.0151485 secs] 737710K->540314K(1013632K), 0.0160250 secs] [Times: user=0.01 sys=0.00, real=0.02 secs] 
2021-01-22T01:11:16.434+0800: 32.802: [GC (Allocation Failure) 2021-01-22T01:11:16.435+0800: 32.802: [DefNew: 314558K->34943K(314560K), 0.0136898 secs] 819930K->616151K(1013632K), 0.0147112 secs] [Times: user=0.01 sys=0.00, real=0.02 secs] 
2021-01-22T01:11:16.482+0800: 32.850: [GC (Allocation Failure) 2021-01-22T01:11:16.483+0800: 32.851: [DefNew: 314559K->34944K(314560K), 0.0142504 secs] 895767K->693786K(1013632K), 0.0153491 secs] [Times: user=0.02 sys=0.00, real=0.01 secs] 
2021-01-22T01:11:16.532+0800: 32.899: [GC (Allocation Failure) 2021-01-22T01:11:16.532+0800: 32.900: [DefNew: 314560K->314560K(314560K), 0.0003267 secs]2021-01-22T01:11:16.533+0800: 32.900: [Tenured: 658842K->402886K(699072K), 0.0459745 secs] 973402K->402886K(1013632K), [Metaspace: 2817K->2817K(1056768K)], 0.0474769 secs] [Times: user=0.05 sys=0.00, real=0.05 secs] 
2021-01-22T01:11:16.614+0800: 32.981: [GC (Allocation Failure) 2021-01-22T01:11:16.614+0800: 32.982: [DefNew: 279616K->34944K(314560K), 0.0113048 secs] 682502K->490260K(1013632K), 0.0122341 secs] [Times: user=0.01 sys=0.00, real=0.01 secs] 
2021-01-22T01:11:16.658+0800: 33.026: [GC (Allocation Failure) 2021-01-22T01:11:16.658+0800: 33.026: [DefNew: 314560K->34943K(314560K), 0.0145342 secs] 769876K->571455K(1013632K), 0.0153753 secs] [Times: user=0.02 sys=0.00, real=0.02 secs] 
2021-01-22T01:11:16.707+0800: 33.075: [GC (Allocation Failure) 2021-01-22T01:11:16.707+0800: 33.075: [DefNew: 314559K->34943K(314560K), 0.0152368 secs] 851071K->657911K(1013632K), 0.0161196 secs] [Times: user=0.01 sys=0.00, real=0.02 secs] 
2021-01-22T01:11:16.756+0800: 33.123: [GC (Allocation Failure) 2021-01-22T01:11:16.756+0800: 33.124: [DefNew: 314248K->314248K(314560K), 0.0003489 secs]2021-01-22T01:11:16.757+0800: 33.124: [Tenured: 622968K->411453K(699072K), 0.0541689 secs] 937216K->411453K(1013632K), [Metaspace: 2817K->2817K(1056768K)], 0.0554372 secs] [Times: user=0.05 sys=0.00, real=0.06 secs] 
2021-01-22T01:11:16.845+0800: 33.213: [GC (Allocation Failure) 2021-01-22T01:11:16.845+0800: 33.213: [DefNew: 279616K->34943K(314560K), 0.0120608 secs] 691069K->499174K(1013632K), 0.0127661 secs] [Times: user=0.02 sys=0.00, real=0.01 secs] 
2021-01-22T01:11:16.891+0800: 33.258: [GC (Allocation Failure) 2021-01-22T01:11:16.891+0800: 33.259: [DefNew: 314508K->34942K(314560K), 0.0143870 secs] 778739K->576218K(1013632K), 0.0152505 secs] [Times: user=0.01 sys=0.00, real=0.01 secs] 
2021-01-22T01:11:16.941+0800: 33.309: [GC (Allocation Failure) 2021-01-22T01:11:16.942+0800: 33.310: [DefNew: 314558K->34942K(314560K), 0.0143494 secs] 855834K->651112K(1013632K), 0.0153713 secs] [Times: user=0.01 sys=0.00, real=0.01 secs] 
2021-01-22T01:11:16.992+0800: 33.360: [GC (Allocation Failure) 2021-01-22T01:11:16.992+0800: 33.360: [DefNew: 314558K->314558K(314560K), 0.0003290 secs]2021-01-22T01:11:16.993+0800: 33.361: [Tenured: 616169K->400565K(699072K), 0.0498230 secs] 930728K->400565K(1013632K), [Metaspace: 2817K->2817K(1056768K)], 0.0514941 secs] [Times: user=0.05 sys=0.00, real=0.05 secs] 
2021-01-22T01:11:17.080+0800: 33.448: [GC (Allocation Failure) 2021-01-22T01:11:17.081+0800: 33.449: [DefNew: 279616K->34943K(314560K), 0.0095290 secs] 680181K->477395K(1013632K), 0.0102697 secs] [Times: user=0.01 sys=0.00, real=0.01 secs] 
2021-01-22T01:11:17.126+0800: 33.494: [GC (Allocation Failure) 2021-01-22T01:11:17.127+0800: 33.494: [DefNew: 314559K->34942K(314560K), 0.0137183 secs] 757011K->548184K(1013632K), 0.0147022 secs] [Times: user=0.01 sys=0.00, real=0.02 secs] 
2021-01-22T01:11:17.177+0800: 33.545: [GC (Allocation Failure) 2021-01-22T01:11:17.177+0800: 33.545: [DefNew: 314558K->34943K(314560K), 0.0149343 secs] 827800K->626949K(1013632K), 0.0158511 secs] [Times: user=0.01 sys=0.00, real=0.02 secs] 
2021-01-22T01:11:17.227+0800: 33.595: [GC (Allocation Failure) 2021-01-22T01:11:17.228+0800: 33.595: [DefNew: 314559K->34943K(314560K), 0.0137351 secs] 906565K->702515K(1013632K), 0.0147189 secs] [Times: user=0.01 sys=0.00, real=0.02 secs] 
2021-01-22T01:11:17.275+0800: 33.642: [GC (Allocation Failure) 2021-01-22T01:11:17.275+0800: 33.643: [DefNew: 314559K->314559K(314560K), 0.0005115 secs]2021-01-22T01:11:17.276+0800: 33.644: [Tenured: 667572K->370727K(699072K), 0.0478303 secs] 982131K->370727K(1013632K), [Metaspace: 2817K->2817K(1056768K)], 0.0495272 secs] [Times: user=0.05 sys=0.00, real=0.05 secs] 
2021-01-22T01:11:17.358+0800: 33.725: [GC (Allocation Failure) 2021-01-22T01:11:17.358+0800: 33.726: [DefNew: 279616K->34943K(314560K), 0.0118852 secs] 650343K->454129K(1013632K), 0.0127915 secs] [Times: user=0.01 sys=0.00, real=0.02 secs] 
2021-01-22T01:11:17.402+0800: 33.770: [GC (Allocation Failure) 2021-01-22T01:11:17.403+0800: 33.771: [DefNew: 314559K->34943K(314560K), 0.0166047 secs] 733745K->541563K(1013632K), 0.0174409 secs] [Times: user=0.01 sys=0.00, real=0.02 secs] 
2021-01-22T01:11:17.453+0800: 33.821: [GC (Allocation Failure) 2021-01-22T01:11:17.454+0800: 33.822: [DefNew: 314559K->34943K(314560K), 0.0159043 secs] 821179K->628425K(1013632K), 0.0167373 secs] [Times: user=0.01 sys=0.00, real=0.02 secs] 
2021-01-22T01:11:17.503+0800: 33.871: [GC (Allocation Failure) 2021-01-22T01:11:17.504+0800: 33.872: [DefNew: 314559K->314559K(314560K), 0.0003513 secs]2021-01-22T01:11:17.504+0800: 33.872: [Tenured: 593481K->408042K(699072K), 0.0479441 secs] 908041K->408042K(1013632K), [Metaspace: 2817K->2817K(1056768K)], 0.0495133 secs] [Times: user=0.05 sys=0.00, real=0.05 secs] 
2021-01-22T01:11:17.585+0800: 33.953: [GC (Allocation Failure) 2021-01-22T01:11:17.586+0800: 33.954: [DefNew: 279616K->34942K(314560K), 0.0103000 secs] 687658K->491268K(1013632K), 0.0110402 secs] [Times: user=0.01 sys=0.00, real=0.01 secs] 
2021-01-22T01:11:17.631+0800: 33.998: [GC (Allocation Failure) 2021-01-22T01:11:17.631+0800: 33.999: [DefNew: 314558K->34943K(314560K), 0.0152814 secs] 770884K->573925K(1013632K), 0.0161133 secs] [Times: user=0.01 sys=0.00, real=0.01 secs] 
2021-01-22T01:11:17.680+0800: 34.048: [GC (Allocation Failure) 2021-01-22T01:11:17.680+0800: 34.048: [DefNew: 314559K->34943K(314560K), 0.0146548 secs] 853541K->652319K(1013632K), 0.0154372 secs] [Times: user=0.01 sys=0.00, real=0.01 secs] 
2021-01-22T01:11:17.729+0800: 34.097: [GC (Allocation Failure) 2021-01-22T01:11:17.729+0800: 34.097: [DefNew: 314559K->314559K(314560K), 0.0002579 secs]2021-01-22T01:11:17.730+0800: 34.097: [Tenured: 617375K->403258K(699072K), 0.0457578 secs] 931935K->403258K(1013632K), [Metaspace: 2817K->2817K(1056768K)], 0.0470257 secs] [Times: user=0.05 sys=0.00, real=0.04 secs] 
2021-01-22T01:11:17.812+0800: 34.180: [GC (Allocation Failure) 2021-01-22T01:11:17.813+0800: 34.180: [DefNew: 279616K->34943K(314560K), 0.0107868 secs] 682874K->485746K(1013632K), 0.0116466 secs] [Times: user=0.01 sys=0.00, real=0.01 secs] 
2021-01-22T01:11:17.858+0800: 34.225: [GC (Allocation Failure) 2021-01-22T01:11:17.858+0800: 34.226: [DefNew: 314559K->34943K(314560K), 0.0161907 secs] 765362K->570272K(1013632K), 0.0171287 secs] [Times: user=0.02 sys=0.00, real=0.02 secs] 
2021-01-22T01:11:17.913+0800: 34.281: [GC (Allocation Failure) 2021-01-22T01:11:17.913+0800: 34.281: [DefNew: 314559K->34943K(314560K), 0.0160919 secs] 849888K->651668K(1013632K), 0.0170178 secs] [Times: user=0.02 sys=0.00, real=0.02 secs] 
2021-01-22T01:11:17.963+0800: 34.331: [GC (Allocation Failure) 2021-01-22T01:11:17.963+0800: 34.331: [DefNew: 314559K->314559K(314560K), 0.0002426 secs]2021-01-22T01:11:17.964+0800: 34.332: [Tenured: 616724K->404268K(699072K), 0.0502050 secs] 931284K->404268K(1013632K), [Metaspace: 2817K->2817K(1056768K)], 0.0514801 secs] [Times: user=0.05 sys=0.00, real=0.05 secs] 
2021-01-22T01:11:18.048+0800: 34.415: [GC (Allocation Failure) 2021-01-22T01:11:18.048+0800: 34.416: [DefNew: 279616K->34943K(314560K), 0.0120594 secs] 683884K->495675K(1013632K), 0.0128384 secs] [Times: user=0.02 sys=0.00, real=0.02 secs] 
2021-01-22T01:11:18.096+0800: 34.463: [GC (Allocation Failure) 2021-01-22T01:11:18.096+0800: 34.464: [DefNew: 314559K->34943K(314560K), 0.0159165 secs] 775291K->573240K(1013632K), 0.0168236 secs] [Times: user=0.02 sys=0.00, real=0.02 secs] 
2021-01-22T01:11:18.147+0800: 34.514: [GC (Allocation Failure) 2021-01-22T01:11:18.147+0800: 34.515: [DefNew: 314559K->34943K(314560K), 0.0147510 secs] 852856K->651226K(1013632K), 0.0156264 secs] [Times: user=0.02 sys=0.00, real=0.02 secs] 
2021-01-22T01:11:18.195+0800: 34.563: [GC (Allocation Failure) 2021-01-22T01:11:18.195+0800: 34.563: [DefNew: 314559K->314559K(314560K), 0.0003859 secs]2021-01-22T01:11:18.196+0800: 34.564: [Tenured: 616282K->376814K(699072K), 0.0472726 secs] 930842K->376814K(1013632K), [Metaspace: 2817K->2817K(1056768K)], 0.0489491 secs] [Times: user=0.04 sys=0.00, real=0.05 secs] 
2021-01-22T01:11:18.280+0800: 34.648: [GC (Allocation Failure) 2021-01-22T01:11:18.280+0800: 34.648: [DefNew: 279616K->34943K(314560K), 0.0112254 secs] 656430K->464159K(1013632K), 0.0121171 secs] [Times: user=0.01 sys=0.00, real=0.01 secs] 
2021-01-22T01:11:18.324+0800: 34.692: [GC (Allocation Failure) 2021-01-22T01:11:18.325+0800: 34.692: [DefNew: 314559K->34943K(314560K), 0.0138455 secs] 743775K->540326K(1013632K), 0.0147877 secs] [Times: user=0.02 sys=0.00, real=0.02 secs] 
2021-01-22T01:11:18.374+0800: 34.741: [GC (Allocation Failure) 2021-01-22T01:11:18.374+0800: 34.742: [DefNew: 314559K->34942K(314560K), 0.0138768 secs] 819942K->616721K(1013632K), 0.0148083 secs] [Times: user=0.01 sys=0.00, real=0.02 secs] 
2021-01-22T01:11:18.422+0800: 34.790: [GC (Allocation Failure) 2021-01-22T01:11:18.422+0800: 34.790: [DefNew: 314558K->34943K(314560K), 0.0143250 secs] 896337K->698774K(1013632K), 0.0152582 secs] [Times: user=0.01 sys=0.00, real=0.01 secs] 
2021-01-22T01:11:18.470+0800: 34.837: [GC (Allocation Failure) 2021-01-22T01:11:18.470+0800: 34.838: [DefNew: 314541K->314541K(314560K), 0.0003837 secs]2021-01-22T01:11:18.471+0800: 34.839: [Tenured: 663830K->407843K(699072K), 0.0438131 secs] 978372K->407843K(1013632K), [Metaspace: 2817K->2817K(1056768K)], 0.0457113 secs] [Times: user=0.05 sys=0.00, real=0.04 secs] 
2021-01-22T01:11:18.550+0800: 34.918: [GC (Allocation Failure) 2021-01-22T01:11:18.550+0800: 34.918: [DefNew: 279616K->34942K(314560K), 0.0110297 secs] 687459K->496239K(1013632K), 0.0120171 secs] [Times: user=0.01 sys=0.00, real=0.01 secs] 
2021-01-22T01:11:18.596+0800: 34.963: [GC (Allocation Failure) 2021-01-22T01:11:18.596+0800: 34.964: [DefNew: 314558K->34943K(314560K), 0.0146763 secs] 775855K->581573K(1013632K), 0.0156541 secs] [Times: user=0.01 sys=0.00, real=0.02 secs] 
2021-01-22T01:11:18.643+0800: 35.011: [GC (Allocation Failure) 2021-01-22T01:11:18.644+0800: 35.011: [DefNew: 314559K->34942K(314560K), 0.0139888 secs] 861189K->659428K(1013632K), 0.0148544 secs] [Times: user=0.02 sys=0.00, real=0.02 secs] 
2021-01-22T01:11:18.692+0800: 35.060: [GC (Allocation Failure) 2021-01-22T01:11:18.693+0800: 35.060: [DefNew: 314558K->314558K(314560K), 0.0003352 secs]2021-01-22T01:11:18.693+0800: 35.061: [Tenured: 624485K->400385K(699072K), 0.0457820 secs] 939044K->400385K(1013632K), [Metaspace: 2817K->2817K(1056768K)], 0.0472535 secs] [Times: user=0.04 sys=0.00, real=0.05 secs] 
2021-01-22T01:11:18.772+0800: 35.140: [GC (Allocation Failure) 2021-01-22T01:11:18.773+0800: 35.141: [DefNew: 279616K->34941K(314560K), 0.0114231 secs] 680001K->490040K(1013632K), 0.0122284 secs] [Times: user=0.01 sys=0.00, real=0.01 secs] 
2021-01-22T01:11:18.819+0800: 35.187: [GC (Allocation Failure) 2021-01-22T01:11:18.819+0800: 35.187: [DefNew: 314557K->34944K(314560K), 0.0123426 secs] 769656K->560280K(1013632K), 0.0132696 secs] [Times: user=0.01 sys=0.00, real=0.01 secs] 
2021-01-22T01:11:18.866+0800: 35.234: [GC (Allocation Failure) 2021-01-22T01:11:18.866+0800: 35.234: [DefNew: 314560K->34942K(314560K), 0.0143441 secs] 839896K->639068K(1013632K), 0.0153124 secs] [Times: user=0.01 sys=0.00, real=0.02 secs] 
2021-01-22T01:11:18.916+0800: 35.284: [GC (Allocation Failure) 2021-01-22T01:11:18.917+0800: 35.285: [DefNew: 314378K->314378K(314560K), 0.0003261 secs]2021-01-22T01:11:18.918+0800: 35.285: [Tenured: 604126K->398907K(699072K), 0.0511241 secs] 918504K->398907K(1013632K), [Metaspace: 2817K->2817K(1056768K)], 0.0526266 secs] [Times: user=0.05 sys=0.00, real=0.06 secs] 
2021-01-22T01:11:19.007+0800: 35.375: [GC (Allocation Failure) 2021-01-22T01:11:19.008+0800: 35.376: [DefNew: 279616K->34943K(314560K), 0.0128464 secs] 678523K->489097K(1013632K), 0.0137036 secs] [Times: user=0.01 sys=0.00, real=0.02 secs] 
2021-01-22T01:11:19.062+0800: 35.429: [GC (Allocation Failure) 2021-01-22T01:11:19.062+0800: 35.430: [DefNew: 314559K->34941K(314560K), 0.0152038 secs] 768713K->556367K(1013632K), 0.0159333 secs] [Times: user=0.01 sys=0.00, real=0.01 secs] 
2021-01-22T01:11:19.113+0800: 35.481: [GC (Allocation Failure) 2021-01-22T01:11:19.113+0800: 35.481: [DefNew: 314557K->34944K(314560K), 0.0152364 secs] 835983K->633419K(1013632K), 0.0160894 secs] [Times: user=0.01 sys=0.00, real=0.02 secs] 
2021-01-22T01:11:19.164+0800: 35.532: [GC (Allocation Failure) 2021-01-22T01:11:19.165+0800: 35.532: [DefNew: 314560K->314560K(314560K), 0.0003137 secs]2021-01-22T01:11:19.165+0800: 35.533: [Tenured: 598475K->371250K(699072K), 0.0466794 secs] 913035K->371250K(1013632K), [Metaspace: 2817K->2817K(1056768K)], 0.0483989 secs] [Times: user=0.05 sys=0.00, real=0.05 secs] 
2021-01-22T01:11:19.252+0800: 35.620: [GC (Allocation Failure) 2021-01-22T01:11:19.252+0800: 35.620: [DefNew: 279616K->34943K(314560K), 0.0102737 secs] 650866K->450049K(1013632K), 0.0110839 secs] [Times: user=0.01 sys=0.00, real=0.01 secs] 
2021-01-22T01:11:19.297+0800: 35.665: [GC (Allocation Failure) 2021-01-22T01:11:19.298+0800: 35.665: [DefNew: 314559K->34943K(314560K), 0.0149292 secs] 729665K->529783K(1013632K), 0.0159755 secs] [Times: user=0.01 sys=0.00, real=0.02 secs] 
2021-01-22T01:11:19.346+0800: 35.714: [GC (Allocation Failure) 2021-01-22T01:11:19.346+0800: 35.714: [DefNew: 314559K->34943K(314560K), 0.0146026 secs] 809399K->609160K(1013632K), 0.0153809 secs] [Times: user=0.02 sys=0.00, real=0.02 secs] 
2021-01-22T01:11:19.397+0800: 35.765: [GC (Allocation Failure) 2021-01-22T01:11:19.398+0800: 35.765: [DefNew: 314337K->34943K(314560K), 0.0140632 secs] 888554K->682974K(1013632K), 0.0149749 secs] [Times: user=0.02 sys=0.00, real=0.02 secs] 
2021-01-22T01:11:19.446+0800: 35.814: [GC (Allocation Failure) 2021-01-22T01:11:19.447+0800: 35.815: [DefNew: 314559K->314559K(314560K), 0.0004748 secs]2021-01-22T01:11:19.448+0800: 35.815: [Tenured: 648030K->401120K(699072K), 0.0473341 secs] 962590K->401120K(1013632K), [Metaspace: 2817K->2817K(1056768K)], 0.0490093 secs] [Times: user=0.05 sys=0.00, real=0.05 secs] 
2021-01-22T01:11:19.529+0800: 35.897: [GC (Allocation Failure) 2021-01-22T01:11:19.530+0800: 35.897: [DefNew: 279616K->34943K(314560K), 0.0114231 secs] 680736K->490455K(1013632K), 0.0121886 secs] [Times: user=0.01 sys=0.00, real=0.01 secs] 
2021-01-22T01:11:19.573+0800: 35.941: [GC (Allocation Failure) 2021-01-22T01:11:19.574+0800: 35.942: [DefNew: 314559K->34943K(314560K), 0.0150635 secs] 770071K->576577K(1013632K), 0.0158311 secs] [Times: user=0.01 sys=0.00, real=0.02 secs] 
2021-01-22T01:11:19.623+0800: 35.991: [GC (Allocation Failure) 2021-01-22T01:11:19.624+0800: 35.992: [DefNew: 314559K->34943K(314560K), 0.0151361 secs] 856193K->662806K(1013632K), 0.0160526 secs] [Times: user=0.02 sys=0.00, real=0.02 secs] 
2021-01-22T01:11:19.674+0800: 36.041: [GC (Allocation Failure) 2021-01-22T01:11:19.674+0800: 36.042: [DefNew: 314559K->314559K(314560K), 0.0003797 secs]2021-01-22T01:11:19.675+0800: 36.043: [Tenured: 627862K->402394K(699072K), 0.0460657 secs] 942422K->402394K(1013632K), [Metaspace: 2817K->2817K(1056768K)], 0.0476745 secs] [Times: user=0.05 sys=0.00, real=0.05 secs] 
2021-01-22T01:11:19.755+0800: 36.122: [GC (Allocation Failure) 2021-01-22T01:11:19.755+0800: 36.123: [DefNew: 279616K->34943K(314560K), 0.0107692 secs] 682010K->488834K(1013632K), 0.0118615 secs] [Times: user=0.01 sys=0.00, real=0.01 secs] 
2021-01-22T01:11:19.800+0800: 36.168: [GC (Allocation Failure) 2021-01-22T01:11:19.800+0800: 36.168: [DefNew: 314559K->34943K(314560K), 0.0185016 secs] 768450K->579562K(1013632K), 0.0192903 secs] [Times: user=0.01 sys=0.00, real=0.02 secs] 
2021-01-22T01:11:19.854+0800: 36.222: [GC (Allocation Failure) 2021-01-22T01:11:19.854+0800: 36.222: [DefNew: 314559K->34943K(314560K), 0.0157836 secs] 859178K->664264K(1013632K), 0.0165470 secs] [Times: user=0.01 sys=0.00, real=0.02 secs] 
2021-01-22T01:11:19.904+0800: 36.272: [GC (Allocation Failure) 2021-01-22T01:11:19.904+0800: 36.272: [DefNew: 314559K->314559K(314560K), 0.0003291 secs]2021-01-22T01:11:19.905+0800: 36.273: [Tenured: 629320K->410052K(699072K), 0.0483316 secs] 943880K->410052K(1013632K), [Metaspace: 2817K->2817K(1056768K)], 0.0498451 secs] [Times: user=0.05 sys=0.00, real=0.05 secs] 
2021-01-22T01:11:19.988+0800: 36.355: [GC (Allocation Failure) 2021-01-22T01:11:19.988+0800: 36.356: [DefNew: 279483K->34944K(314560K), 0.0113399 secs] 689536K->500285K(1013632K), 0.0122533 secs] [Times: user=0.01 sys=0.00, real=0.02 secs] 
2021-01-22T01:11:20.033+0800: 36.401: [GC (Allocation Failure) 2021-01-22T01:11:20.034+0800: 36.401: [DefNew: 314560K->34944K(314560K), 0.0138144 secs] 779901K->583606K(1013632K), 0.0148556 secs] [Times: user=0.02 sys=0.00, real=0.02 secs] 
2021-01-22T01:11:20.081+0800: 36.448: [GC (Allocation Failure) 2021-01-22T01:11:20.081+0800: 36.449: [DefNew: 314560K->34943K(314560K), 0.0175592 secs] 863222K->667606K(1013632K), 0.0184534 secs] [Times: user=0.02 sys=0.00, real=0.02 secs] 
2021-01-22T01:11:20.137+0800: 36.505: [GC (Allocation Failure) 2021-01-22T01:11:20.137+0800: 36.505: [DefNew: 314559K->314559K(314560K), 0.0003606 secs]2021-01-22T01:11:20.138+0800: 36.506: [Tenured: 632662K->377334K(699072K), 0.0501315 secs] 947222K->377334K(1013632K), [Metaspace: 2817K->2817K(1056768K)], 0.0517050 secs] [Times: user=0.05 sys=0.00, real=0.06 secs] 
2021-01-22T01:11:20.221+0800: 36.588: [GC (Allocation Failure) 2021-01-22T01:11:20.221+0800: 36.589: [DefNew: 279616K->34943K(314560K), 0.0100283 secs] 656950K->460840K(1013632K), 0.0111117 secs] [Times: user=0.01 sys=0.00, real=0.01 secs] 
2021-01-22T01:11:20.263+0800: 36.631: [GC (Allocation Failure) 2021-01-22T01:11:20.264+0800: 36.632: [DefNew: 314559K->34944K(314560K), 0.0150791 secs] 740456K->549447K(1013632K), 0.0163778 secs] [Times: user=0.01 sys=0.00, real=0.02 secs] 
2021-01-22T01:11:20.315+0800: 36.683: [GC (Allocation Failure) 2021-01-22T01:11:20.315+0800: 36.683: [DefNew: 314560K->34943K(314560K), 0.0134672 secs] 829063K->624550K(1013632K), 0.0145565 secs] [Times: user=0.01 sys=0.00, real=0.02 secs] 
2021-01-22T01:11:20.364+0800: 36.732: [GC (Allocation Failure) 2021-01-22T01:11:20.365+0800: 36.733: [DefNew: 314559K->314559K(314560K), 0.0003623 secs]2021-01-22T01:11:20.365+0800: 36.733: [Tenured: 589606K->404924K(699072K), 0.0452436 secs] 904166K->404924K(1013632K), [Metaspace: 2817K->2817K(1056768K)], 0.0467701 secs] [Times: user=0.05 sys=0.00, real=0.05 secs] 
2021-01-22T01:11:20.445+0800: 36.812: [GC (Allocation Failure) 2021-01-22T01:11:20.445+0800: 36.813: [DefNew: 279616K->34944K(314560K), 0.0112365 secs] 684540K->495306K(1013632K), 0.0120105 secs] [Times: user=0.01 sys=0.00, real=0.01 secs] 
2021-01-22T01:11:20.489+0800: 36.857: [GC (Allocation Failure) 2021-01-22T01:11:20.490+0800: 36.858: [DefNew: 314114K->34943K(314560K), 0.0144803 secs] 774476K->573785K(1013632K), 0.0153047 secs] [Times: user=0.01 sys=0.00, real=0.01 secs] 
2021-01-22T01:11:20.538+0800: 36.906: [GC (Allocation Failure) 2021-01-22T01:11:20.538+0800: 36.906: [DefNew: 314559K->34943K(314560K), 0.0148222 secs] 853401K->654062K(1013632K), 0.0156990 secs] [Times: user=0.02 sys=0.00, real=0.02 secs] 
2021-01-22T01:11:20.589+0800: 36.956: [GC (Allocation Failure) 2021-01-22T01:11:20.589+0800: 36.957: [DefNew: 314559K->314559K(314560K), 0.0003277 secs]2021-01-22T01:11:20.590+0800: 36.957: [Tenured: 619119K->408495K(699072K), 0.0460908 secs] 933678K->408495K(1013632K), [Metaspace: 2817K->2817K(1056768K)], 0.0475630 secs] [Times: user=0.05 sys=0.00, real=0.04 secs] 
2021-01-22T01:11:20.670+0800: 37.038: [GC (Allocation Failure) 2021-01-22T01:11:20.671+0800: 37.038: [DefNew: 279616K->34944K(314560K), 0.0097419 secs] 688111K->485773K(1013632K), 0.0104292 secs] [Times: user=0.01 sys=0.00, real=0.01 secs] 
2021-01-22T01:11:20.713+0800: 37.081: [GC (Allocation Failure) 2021-01-22T01:11:20.713+0800: 37.081: [DefNew: 314560K->34942K(314560K), 0.0145147 secs] 765389K->563677K(1013632K), 0.0154188 secs] [Times: user=0.02 sys=0.00, real=0.02 secs] 
2021-01-22T01:11:20.762+0800: 37.130: [GC (Allocation Failure) 2021-01-22T01:11:20.763+0800: 37.131: [DefNew: 314558K->34943K(314560K), 0.0156190 secs] 843293K->647900K(1013632K), 0.0165320 secs] [Times: user=0.02 sys=0.00, real=0.02 secs] 
2021-01-22T01:11:20.813+0800: 37.180: [GC (Allocation Failure) 2021-01-22T01:11:20.813+0800: 37.181: [DefNew: 314559K->314559K(314560K), 0.0004428 secs]2021-01-22T01:11:20.814+0800: 37.182: [Tenured: 612956K->382742K(699072K), 0.0520151 secs] 927516K->382742K(1013632K), [Metaspace: 2817K->2817K(1056768K)], 0.0538634 secs] [Times: user=0.05 sys=0.00, real=0.05 secs] 
2021-01-22T01:11:20.900+0800: 37.268: [GC (Allocation Failure) 2021-01-22T01:11:20.901+0800: 37.269: [DefNew: 279616K->34943K(314560K), 0.0112088 secs] 662358K->474134K(1013632K), 0.0121353 secs] [Times: user=0.02 sys=0.00, real=0.01 secs] 
2021-01-22T01:11:20.949+0800: 37.317: [GC (Allocation Failure) 2021-01-22T01:11:20.949+0800: 37.317: [DefNew: 314559K->34943K(314560K), 0.0154158 secs] 753750K->555461K(1013632K), 0.0165299 secs] [Times: user=0.02 sys=0.00, real=0.01 secs] 
2021-01-22T01:11:21.000+0800: 37.368: [GC (Allocation Failure) 2021-01-22T01:11:21.001+0800: 37.368: [DefNew: 314559K->34942K(314560K), 0.0155981 secs] 835077K->636744K(1013632K), 0.0164485 secs] [Times: user=0.02 sys=0.00, real=0.01 secs] 
2021-01-22T01:11:21.051+0800: 37.419: [GC (Allocation Failure) 2021-01-22T01:11:21.051+0800: 37.419: [DefNew: 314558K->314558K(314560K), 0.0003400 secs]2021-01-22T01:11:21.052+0800: 37.420: [Tenured: 601801K->369006K(699072K), 0.0478400 secs] 916360K->369006K(1013632K), [Metaspace: 2817K->2817K(1056768K)], 0.0493365 secs] [Times: user=0.05 sys=0.00, real=0.05 secs] 
2021-01-22T01:11:21.134+0800: 37.501: [GC (Allocation Failure) 2021-01-22T01:11:21.134+0800: 37.502: [DefNew: 279464K->34943K(314560K), 0.0118193 secs] 648470K->459076K(1013632K), 0.0127525 secs] [Times: user=0.01 sys=0.00, real=0.01 secs] 
2021-01-22T01:11:21.180+0800: 37.548: [GC (Allocation Failure) 2021-01-22T01:11:21.181+0800: 37.548: [DefNew: 314559K->34943K(314560K), 0.0146135 secs] 738692K->537994K(1013632K), 0.0156458 secs] [Times: user=0.01 sys=0.00, real=0.01 secs] 
2021-01-22T01:11:21.232+0800: 37.600: [GC (Allocation Failure) 2021-01-22T01:11:21.232+0800: 37.600: [DefNew: 314559K->34944K(314560K), 0.0145380 secs] 817610K->615354K(1013632K), 0.0153073 secs] [Times: user=0.01 sys=0.00, real=0.01 secs] 
2021-01-22T01:11:21.282+0800: 37.650: [GC (Allocation Failure) 2021-01-22T01:11:21.283+0800: 37.650: [DefNew: 314560K->34943K(314560K), 0.0160314 secs] 894970K->693989K(1013632K), 0.0166972 secs] [Times: user=0.02 sys=0.00, real=0.02 secs] 
2021-01-22T01:11:21.333+0800: 37.701: [GC (Allocation Failure) 2021-01-22T01:11:21.334+0800: 37.701: [DefNew: 314559K->314559K(314560K), 0.0003007 secs]2021-01-22T01:11:21.334+0800: 37.702: [Tenured: 659045K->402331K(699072K), 0.0457039 secs] 973605K->402331K(1013632K), [Metaspace: 2817K->2817K(1056768K)], 0.0471883 secs] [Times: user=0.05 sys=0.00, real=0.05 secs] 
2021-01-22T01:11:21.414+0800: 37.782: [GC (Allocation Failure) 2021-01-22T01:11:21.415+0800: 37.782: [DefNew: 279616K->34943K(314560K), 0.0104083 secs] 681947K->484123K(1013632K), 0.0113173 secs] [Times: user=0.01 sys=0.00, real=0.01 secs] 
2021-01-22T01:11:21.460+0800: 37.827: [GC (Allocation Failure) 2021-01-22T01:11:21.460+0800: 37.828: [DefNew: 314559K->34944K(314560K), 0.0139273 secs] 763739K->556510K(1013632K), 0.0147903 secs] [Times: user=0.01 sys=0.00, real=0.01 secs] 
2021-01-22T01:11:21.508+0800: 37.875: [GC (Allocation Failure) 2021-01-22T01:11:21.508+0800: 37.876: [DefNew: 314560K->34942K(314560K), 0.0146486 secs] 836126K->637109K(1013632K), 0.0154958 secs] [Times: user=0.02 sys=0.00, real=0.02 secs] 
2021-01-22T01:11:21.557+0800: 37.925: [GC (Allocation Failure) 2021-01-22T01:11:21.558+0800: 37.926: [DefNew: 314558K->314558K(314560K), 0.0003848 secs]2021-01-22T01:11:21.559+0800: 37.926: [Tenured: 602166K->405982K(699072K), 0.0484377 secs] 916725K->405982K(1013632K), [Metaspace: 2817K->2817K(1056768K)], 0.0500260 secs] [Times: user=0.05 sys=0.00, real=0.05 secs] 
2021-01-22T01:11:21.639+0800: 38.007: [GC (Allocation Failure) 2021-01-22T01:11:21.640+0800: 38.008: [DefNew: 279616K->34943K(314560K), 0.0117509 secs] 685598K->493593K(1013632K), 0.0125475 secs] [Times: user=0.01 sys=0.00, real=0.01 secs] 
2021-01-22T01:11:21.686+0800: 38.054: [GC (Allocation Failure) 2021-01-22T01:11:21.686+0800: 38.054: [DefNew: 314559K->34943K(314560K), 0.0147335 secs] 773209K->576365K(1013632K), 0.0155105 secs] [Times: user=0.01 sys=0.00, real=0.02 secs] 
2021-01-22T01:11:21.734+0800: 38.102: [GC (Allocation Failure) 2021-01-22T01:11:21.734+0800: 38.102: [DefNew: 314559K->34942K(314560K), 0.0130172 secs] 855981K->654614K(1013632K), 0.0137923 secs] [Times: user=0.02 sys=0.00, real=0.02 secs] 
2021-01-22T01:11:21.783+0800: 38.151: [GC (Allocation Failure) 2021-01-22T01:11:21.783+0800: 38.151: [DefNew: 314558K->314558K(314560K), 0.0003813 secs]2021-01-22T01:11:21.784+0800: 38.152: [Tenured: 619672K->379501K(699072K), 0.0451121 secs] 934230K->379501K(1013632K), [Metaspace: 2817K->2817K(1056768K)], 0.0469141 secs] [Times: user=0.05 sys=0.00, real=0.05 secs] 
2021-01-22T01:11:21.862+0800: 38.230: [GC (Allocation Failure) 2021-01-22T01:11:21.862+0800: 38.230: [DefNew: 279616K->34943K(314560K), 0.0109311 secs] 659117K->463870K(1013632K), 0.0118511 secs] [Times: user=0.01 sys=0.00, real=0.01 secs] 
2021-01-22T01:11:21.906+0800: 38.274: [GC (Allocation Failure) 2021-01-22T01:11:21.907+0800: 38.275: [DefNew: 314559K->34944K(314560K), 0.0141646 secs] 743486K->548556K(1013632K), 0.0151111 secs] [Times: user=0.02 sys=0.00, real=0.02 secs] 
2021-01-22T01:11:21.955+0800: 38.323: [GC (Allocation Failure) 2021-01-22T01:11:21.956+0800: 38.323: [DefNew: 314527K->34943K(314560K), 0.0139082 secs] 828140K->631330K(1013632K), 0.0147865 secs] [Times: user=0.01 sys=0.00, real=0.02 secs] 
2021-01-22T01:11:22.002+0800: 38.370: [GC (Allocation Failure) 2021-01-22T01:11:22.002+0800: 38.370: [DefNew: 314559K->314559K(314560K), 0.0003180 secs]2021-01-22T01:11:22.003+0800: 38.371: [Tenured: 596386K->372395K(699072K), 0.0481724 secs] 910946K->372395K(1013632K), [Metaspace: 2817K->2817K(1056768K)], 0.0496237 secs] [Times: user=0.05 sys=0.00, real=0.05 secs] 
2021-01-22T01:11:22.086+0800: 38.454: [GC (Allocation Failure) 2021-01-22T01:11:22.087+0800: 38.454: [DefNew: 279616K->34943K(314560K), 0.0125421 secs] 652011K->459405K(1013632K), 0.0134066 secs] [Times: user=0.01 sys=0.00, real=0.02 secs] 
2021-01-22T01:11:22.134+0800: 38.502: [GC (Allocation Failure) 2021-01-22T01:11:22.134+0800: 38.502: [DefNew: 314559K->34943K(314560K), 0.0139973 secs] 739021K->536487K(1013632K), 0.0148592 secs] [Times: user=0.02 sys=0.00, real=0.02 secs] 
2021-01-22T01:11:22.184+0800: 38.552: [GC (Allocation Failure) 2021-01-22T01:11:22.185+0800: 38.552: [DefNew: 314559K->34943K(314560K), 0.0131324 secs] 816103K->613596K(1013632K), 0.0139642 secs] [Times: user=0.01 sys=0.00, real=0.02 secs] 
2021-01-22T01:11:22.232+0800: 38.600: [GC (Allocation Failure) 2021-01-22T01:11:22.233+0800: 38.600: [DefNew: 314559K->34943K(314560K), 0.0139297 secs] 893212K->689262K(1013632K), 0.0150452 secs] [Times: user=0.01 sys=0.00, real=0.01 secs] 
2021-01-22T01:11:22.282+0800: 38.650: [GC (Allocation Failure) 2021-01-22T01:11:22.282+0800: 38.650: [DefNew: 314559K->314559K(314560K), 0.0003417 secs]2021-01-22T01:11:22.283+0800: 38.651: [Tenured: 654318K->396438K(699072K), 0.0451000 secs] 968878K->396438K(1013632K), [Metaspace: 2817K->2817K(1056768K)], 0.0467417 secs] [Times: user=0.04 sys=0.00, real=0.05 secs] 
2021-01-22T01:11:22.366+0800: 38.734: [GC (Allocation Failure) 2021-01-22T01:11:22.366+0800: 38.734: [DefNew: 279616K->34943K(314560K), 0.0104976 secs] 676054K->478871K(1013632K), 0.0112064 secs] [Times: user=0.01 sys=0.00, real=0.01 secs] 
2021-01-22T01:11:22.412+0800: 38.780: [GC (Allocation Failure) 2021-01-22T01:11:22.412+0800: 38.780: [DefNew: 314559K->34943K(314560K), 0.0125427 secs] 758487K->549308K(1013632K), 0.0136560 secs] [Times: user=0.02 sys=0.00, real=0.03 secs] 
2021-01-22T01:11:22.472+0800: 38.840: [GC (Allocation Failure) 2021-01-22T01:11:22.473+0800: 38.840: [DefNew: 314559K->34943K(314560K), 0.0139714 secs] 828924K->626089K(1013632K), 0.0148328 secs] [Times: user=0.01 sys=0.00, real=0.01 secs] 
2021-01-22T01:11:22.520+0800: 38.888: [GC (Allocation Failure) 2021-01-22T01:11:22.521+0800: 38.889: [DefNew: 314559K->34943K(314560K), 0.0148854 secs] 905705K->706337K(1013632K), 0.0156918 secs] [Times: user=0.02 sys=0.00, real=0.01 secs] 
2021-01-22T01:11:22.569+0800: 38.937: [GC (Allocation Failure) 2021-01-22T01:11:22.569+0800: 38.937: [DefNew: 314559K->314559K(314560K), 0.0003068 secs]2021-01-22T01:11:22.570+0800: 38.938: [Tenured: 671393K->406467K(699072K), 0.0446647 secs] 985953K->406467K(1013632K), [Metaspace: 2817K->2817K(1056768K)], 0.0462387 secs] [Times: user=0.05 sys=0.00, real=0.04 secs] 
2021-01-22T01:11:22.652+0800: 39.020: [GC (Allocation Failure) 2021-01-22T01:11:22.652+0800: 39.020: [DefNew: 279616K->34943K(314560K), 0.0109751 secs] 686083K->492694K(1013632K), 0.0117798 secs] [Times: user=0.01 sys=0.00, real=0.01 secs] 
2021-01-22T01:11:22.701+0800: 39.069: [GC (Allocation Failure) 2021-01-22T01:11:22.702+0800: 39.070: [DefNew: 314559K->34944K(314560K), 0.0145988 secs] 772310K->565084K(1013632K), 0.0155035 secs] [Times: user=0.01 sys=0.00, real=0.01 secs] 
2021-01-22T01:11:22.751+0800: 39.119: [GC (Allocation Failure) 2021-01-22T01:11:22.751+0800: 39.119: [DefNew: 314560K->34943K(314560K), 0.0161960 secs] 844700K->644174K(1013632K), 0.0171038 secs] [Times: user=0.01 sys=0.00, real=0.02 secs] 
2021-01-22T01:11:22.803+0800: 39.170: [GC (Allocation Failure) 2021-01-22T01:11:22.803+0800: 39.171: [DefNew: 314559K->314559K(314560K), 0.0003256 secs]2021-01-22T01:11:22.804+0800: 39.171: [Tenured: 609230K->408387K(699072K), 0.0472832 secs] 923790K->408387K(1013632K), [Metaspace: 2817K->2817K(1056768K)], 0.0487793 secs] [Times: user=0.05 sys=0.00, real=0.05 secs] 
2021-01-22T01:11:22.884+0800: 39.251: [GC (Allocation Failure) 2021-01-22T01:11:22.884+0800: 39.252: [DefNew: 279616K->34943K(314560K), 0.0109099 secs] 688003K->497921K(1013632K), 0.0117179 secs] [Times: user=0.01 sys=0.00, real=0.01 secs] 
2021-01-22T01:11:22.928+0800: 39.296: [GC (Allocation Failure) 2021-01-22T01:11:22.928+0800: 39.296: [DefNew: 314559K->34943K(314560K), 0.0144733 secs] 777537K->576247K(1013632K), 0.0152963 secs] [Times: user=0.01 sys=0.00, real=0.02 secs] 
2021-01-22T01:11:22.977+0800: 39.345: [GC (Allocation Failure) 2021-01-22T01:11:22.978+0800: 39.345: [DefNew: 314559K->34943K(314560K), 0.0148980 secs] 855863K->660966K(1013632K), 0.0157656 secs] [Times: user=0.00 sys=0.01, real=0.02 secs] 
2021-01-22T01:11:23.030+0800: 39.398: [GC (Allocation Failure) 2021-01-22T01:11:23.030+0800: 39.398: [DefNew: 314559K->314559K(314560K), 0.0002721 secs]2021-01-22T01:11:23.031+0800: 39.399: [Tenured: 626022K->374169K(699072K), 0.0495864 secs] 940582K->374169K(1013632K), [Metaspace: 2817K->2817K(1056768K)], 0.0561854 secs] [Times: user=0.05 sys=0.00, real=0.05 secs] 
2021-01-22T01:11:23.121+0800: 39.488: [GC (Allocation Failure) 2021-01-22T01:11:23.121+0800: 39.489: [DefNew: 279616K->34943K(314560K), 0.0116320 secs] 653785K->462230K(1013632K), 0.0124455 secs] [Times: user=0.01 sys=0.00, real=0.01 secs] 
2021-01-22T01:11:23.166+0800: 39.534: [GC (Allocation Failure) 2021-01-22T01:11:23.167+0800: 39.535: [DefNew: 314559K->34943K(314560K), 0.0157715 secs] 741846K->538052K(1013632K), 0.0166016 secs] [Times: user=0.01 sys=0.00, real=0.02 secs] 
2021-01-22T01:11:23.216+0800: 39.584: [GC (Allocation Failure) 2021-01-22T01:11:23.217+0800: 39.585: [DefNew: 314559K->34943K(314560K), 0.0157110 secs] 817668K->623236K(1013632K), 0.0168786 secs] [Times: user=0.01 sys=0.00, real=0.02 secs] 
2021-01-22T01:11:23.267+0800: 39.635: [GC (Allocation Failure) 2021-01-22T01:11:23.268+0800: 39.636: [DefNew: 314559K->34943K(314560K), 0.0157411 secs] 902852K->704987K(1013632K), 0.0165313 secs] [Times: user=0.01 sys=0.00, real=0.02 secs] 
2021-01-22T01:11:23.319+0800: 39.687: [GC (Allocation Failure) 2021-01-22T01:11:23.319+0800: 39.687: [DefNew: 314559K->314559K(314560K), 0.0004241 secs]2021-01-22T01:11:23.320+0800: 39.688: [Tenured: 670044K->417893K(699072K), 0.0465429 secs] 984603K->417893K(1013632K), [Metaspace: 2817K->2817K(1056768K)], 0.0480639 secs] [Times: user=0.04 sys=0.00, real=0.04 secs] 
2021-01-22T01:11:23.400+0800: 39.768: [GC (Allocation Failure) 2021-01-22T01:11:23.401+0800: 39.769: [DefNew: 279616K->34942K(314560K), 0.0110607 secs] 697509K->505966K(1013632K), 0.0118668 secs] [Times: user=0.02 sys=0.00, real=0.01 secs] 
2021-01-22T01:11:23.453+0800: 39.821: [GC (Allocation Failure) 2021-01-22T01:11:23.453+0800: 39.821: [DefNew: 314558K->34943K(314560K), 0.0163248 secs] 785582K->584269K(1013632K), 0.0170376 secs] [Times: user=0.01 sys=0.00, real=0.02 secs] 
2021-01-22T01:11:23.505+0800: 39.873: [GC (Allocation Failure) 2021-01-22T01:11:23.505+0800: 39.873: [DefNew: 314559K->34943K(314560K), 0.0146298 secs] 863885K->657297K(1013632K), 0.0155082 secs] [Times: user=0.01 sys=0.00, real=0.02 secs] 
2021-01-22T01:11:23.553+0800: 39.921: [GC (Allocation Failure) 2021-01-22T01:11:23.553+0800: 39.921: [DefNew: 314559K->314559K(314560K), 0.0002963 secs]2021-01-22T01:11:23.554+0800: 39.922: [Tenured: 622353K->408598K(699072K), 0.0483251 secs] 936913K->408598K(1013632K), [Metaspace: 2817K->2817K(1056768K)], 0.0497564 secs] [Times: user=0.05 sys=0.00, real=0.05 secs] 
2021-01-22T01:11:23.637+0800: 40.005: [GC (Allocation Failure) 2021-01-22T01:11:23.637+0800: 40.005: [DefNew: 279616K->34943K(314560K), 0.0119353 secs] 688214K->498646K(1013632K), 0.0128012 secs] [Times: user=0.01 sys=0.00, real=0.02 secs] 
2021-01-22T01:11:23.684+0800: 40.051: [GC (Allocation Failure) 2021-01-22T01:11:23.684+0800: 40.052: [DefNew: 314559K->34943K(314560K), 0.0133562 secs] 778262K->570756K(1013632K), 0.0142944 secs] [Times: user=0.01 sys=0.00, real=0.02 secs] 
2021-01-22T01:11:23.732+0800: 40.100: [GC (Allocation Failure) 2021-01-22T01:11:23.732+0800: 40.100: [DefNew: 314559K->34943K(314560K), 0.0168531 secs] 850372K->651944K(1013632K), 0.0178030 secs] [Times: user=0.01 sys=0.00, real=0.02 secs] 
2021-01-22T01:11:23.784+0800: 40.152: [GC (Allocation Failure) 2021-01-22T01:11:23.785+0800: 40.152: [DefNew: 314532K->314532K(314560K), 0.0003293 secs]2021-01-22T01:11:23.785+0800: 40.153: [Tenured: 617001K->410026K(699072K), 0.0478905 secs] 931533K->410026K(1013632K), [Metaspace: 2817K->2817K(1056768K)], 0.0492405 secs] [Times: user=0.05 sys=0.00, real=0.05 secs] 
2021-01-22T01:11:23.866+0800: 40.234: [GC (Allocation Failure) 2021-01-22T01:11:23.867+0800: 40.235: [DefNew: 279616K->34943K(314560K), 0.0107806 secs] 689642K->498254K(1013632K), 0.0117559 secs] [Times: user=0.01 sys=0.00, real=0.02 secs] 
2021-01-22T01:11:23.913+0800: 40.281: [GC (Allocation Failure) 2021-01-22T01:11:23.914+0800: 40.282: [DefNew: 314559K->34943K(314560K), 0.0147592 secs] 777870K->579131K(1013632K), 0.0155876 secs] [Times: user=0.02 sys=0.00, real=0.02 secs] 
2021-01-22T01:11:23.961+0800: 40.329: [GC (Allocation Failure) 2021-01-22T01:11:23.962+0800: 40.329: [DefNew: 314559K->34943K(314560K), 0.0138674 secs] 858747K->652857K(1013632K), 0.0148616 secs] [Times: user=0.01 sys=0.00, real=0.01 secs] 
2021-01-22T01:11:24.009+0800: 40.377: [GC (Allocation Failure) 2021-01-22T01:11:24.009+0800: 40.377: [DefNew: 314559K->314559K(314560K), 0.0002713 secs]2021-01-22T01:11:24.010+0800: 40.378: [Tenured: 617913K->358589K(699072K), 0.0481546 secs] 932473K->358589K(1013632K), [Metaspace: 2817K->2817K(1056768K)], 0.0496510 secs] [Times: user=0.04 sys=0.00, real=0.05 secs] 
2021-01-22T01:11:24.097+0800: 40.465: [GC (Allocation Failure) 2021-01-22T01:11:24.098+0800: 40.465: [DefNew: 279616K->34943K(314560K), 0.0122812 secs] 638205K->444122K(1013632K), 0.0132135 secs] [Times: user=0.01 sys=0.00, real=0.02 secs] 
2021-01-22T01:11:24.145+0800: 40.512: [GC (Allocation Failure) 2021-01-22T01:11:24.145+0800: 40.513: [DefNew: 314559K->34943K(314560K), 0.0147797 secs] 723738K->525403K(1013632K), 0.0157056 secs] [Times: user=0.01 sys=0.00, real=0.02 secs] 
2021-01-22T01:11:24.191+0800: 40.559: [GC (Allocation Failure) 2021-01-22T01:11:24.192+0800: 40.559: [DefNew: 314559K->34943K(314560K), 0.0154779 secs] 805019K->608892K(1013632K), 0.0163192 secs] [Times: user=0.02 sys=0.00, real=0.01 secs] 
2021-01-22T01:11:24.241+0800: 40.609: [GC (Allocation Failure) 2021-01-22T01:11:24.241+0800: 40.609: [DefNew: 314559K->34943K(314560K), 0.0146670 secs] 888508K->684213K(1013632K), 0.0155736 secs] [Times: user=0.02 sys=0.00, real=0.01 secs] 
2021-01-22T01:11:24.297+0800: 40.664: [GC (Allocation Failure) 2021-01-22T01:11:24.297+0800: 40.665: [DefNew: 314559K->314559K(314560K), 0.0003676 secs]2021-01-22T01:11:24.298+0800: 40.666: [Tenured: 649270K->394289K(699072K), 0.0447941 secs] 963829K->394289K(1013632K), [Metaspace: 2817K->2817K(1056768K)], 0.0463833 secs] [Times: user=0.04 sys=0.00, real=0.05 secs] 
2021-01-22T01:11:24.387+0800: 40.755: [GC (Allocation Failure) 2021-01-22T01:11:24.388+0800: 40.756: [DefNew: 279616K->34944K(314560K), 0.0129271 secs] 673905K->486564K(1013632K), 0.0138664 secs] [Times: user=0.02 sys=0.00, real=0.02 secs] 
2021-01-22T01:11:24.440+0800: 40.807: [GC (Allocation Failure) 2021-01-22T01:11:24.440+0800: 40.808: [DefNew: 314560K->34941K(314560K), 0.0146518 secs] 766180K->563692K(1013632K), 0.0154916 secs] [Times: user=0.01 sys=0.00, real=0.01 secs] 
2021-01-22T01:11:24.488+0800: 40.856: [GC (Allocation Failure) 2021-01-22T01:11:24.488+0800: 40.856: [DefNew: 314549K->34944K(314560K), 0.0153613 secs] 843300K->638470K(1013632K), 0.0162264 secs] [Times: user=0.02 sys=0.00, real=0.02 secs] 
2021-01-22T01:11:24.536+0800: 40.904: [GC (Allocation Failure) 2021-01-22T01:11:24.537+0800: 40.904: [DefNew: 314541K->314541K(314560K), 0.0003851 secs]2021-01-22T01:11:24.537+0800: 40.905: [Tenured: 603526K->411784K(699072K), 0.0535347 secs] 918067K->411784K(1013632K), [Metaspace: 2817K->2817K(1056768K)], 0.0551673 secs] [Times: user=0.05 sys=0.00, real=0.06 secs] 
2021-01-22T01:11:24.627+0800: 40.995: [GC (Allocation Failure) 2021-01-22T01:11:24.628+0800: 40.995: [DefNew: 279616K->34943K(314560K), 0.0123776 secs] 691400K->501208K(1013632K), 0.0129522 secs] [Times: user=0.01 sys=0.00, real=0.02 secs] 
2021-01-22T01:11:24.676+0800: 41.044: [GC (Allocation Failure) 2021-01-22T01:11:24.676+0800: 41.044: [DefNew: 314559K->34940K(314560K), 0.0163138 secs] 780824K->577563K(1013632K), 0.0171903 secs] [Times: user=0.01 sys=0.00, real=0.02 secs] 
2021-01-22T01:11:24.726+0800: 41.094: [GC (Allocation Failure) 2021-01-22T01:11:24.727+0800: 41.095: [DefNew: 314556K->34943K(314560K), 0.0154071 secs] 857179K->660510K(1013632K), 0.0163111 secs] [Times: user=0.02 sys=0.00, real=0.02 secs] 
2021-01-22T01:11:24.777+0800: 41.144: [GC (Allocation Failure) 2021-01-22T01:11:24.777+0800: 41.145: [DefNew: 314559K->314559K(314560K), 0.0003280 secs]2021-01-22T01:11:24.778+0800: 41.146: [Tenured: 625566K->407025K(699072K), 0.0480064 secs] 940126K->407025K(1013632K), [Metaspace: 2817K->2817K(1056768K)], 0.0495069 secs] [Times: user=0.05 sys=0.00, real=0.05 secs] 
2021-01-22T01:11:24.861+0800: 41.229: [GC (Allocation Failure) 2021-01-22T01:11:24.861+0800: 41.229: [DefNew: 279616K->34943K(314560K), 0.0111834 secs] 686641K->493215K(1013632K), 0.0120245 secs] [Times: user=0.01 sys=0.00, real=0.01 secs] 
2021-01-22T01:11:24.909+0800: 41.277: [GC (Allocation Failure) 2021-01-22T01:11:24.909+0800: 41.277: [DefNew: 314559K->34943K(314560K), 0.0131445 secs] 772831K->563176K(1013632K), 0.0140391 secs] [Times: user=0.02 sys=0.00, real=0.01 secs] 
2021-01-22T01:11:24.958+0800: 41.326: [GC (Allocation Failure) 2021-01-22T01:11:24.959+0800: 41.327: [DefNew: 314559K->34942K(314560K), 0.0133985 secs] 842792K->636211K(1013632K), 0.0142341 secs] [Times: user=0.01 sys=0.00, real=0.01 secs] 
2021-01-22T01:11:25.007+0800: 41.374: [GC (Allocation Failure) 2021-01-22T01:11:25.007+0800: 41.375: [DefNew: 314558K->314558K(314560K), 0.0004704 secs]2021-01-22T01:11:25.008+0800: 41.376: [Tenured: 601269K->378352K(699072K), 0.0483644 secs] 915827K->378352K(1013632K), [Metaspace: 2817K->2817K(1056768K)], 0.0501413 secs] [Times: user=0.04 sys=0.00, real=0.05 secs] 
2021-01-22T01:11:25.089+0800: 41.457: [GC (Allocation Failure) 2021-01-22T01:11:25.090+0800: 41.458: [DefNew: 279616K->34943K(314560K), 0.0127061 secs] 657968K->468260K(1013632K), 0.0151152 secs] [Times: user=0.01 sys=0.00, real=0.01 secs] 
2021-01-22T01:11:25.137+0800: 41.505: [GC (Allocation Failure) 2021-01-22T01:11:25.138+0800: 41.505: [DefNew: 314559K->34943K(314560K), 0.0170780 secs] 747876K->557818K(1013632K), 0.0275177 secs] [Times: user=0.02 sys=0.00, real=0.03 secs] 
2021-01-22T01:11:25.201+0800: 41.568: [GC (Allocation Failure) 2021-01-22T01:11:25.201+0800: 41.569: [DefNew: 314559K->34943K(314560K), 0.0149381 secs] 837434K->639198K(1013632K), 0.0157447 secs] [Times: user=0.02 sys=0.00, real=0.01 secs] 
2021-01-22T01:11:25.249+0800: 41.617: [GC (Allocation Failure) 2021-01-22T01:11:25.249+0800: 41.617: [DefNew: 314559K->314559K(314560K), 0.0003024 secs]2021-01-22T01:11:25.250+0800: 41.618: [Tenured: 604254K->412464K(699072K), 0.0459459 secs] 918814K->412464K(1013632K), [Metaspace: 2817K->2817K(1056768K)], 0.0474106 secs] [Times: user=0.05 sys=0.00, real=0.04 secs] 
2021-01-22T01:11:25.329+0800: 41.697: [GC (Allocation Failure) 2021-01-22T01:11:25.330+0800: 41.698: [DefNew: 279616K->34944K(314560K), 0.0116769 secs] 692080K->497278K(1013632K), 0.0124626 secs] [Times: user=0.01 sys=0.00, real=0.01 secs] 
2021-01-22T01:11:25.375+0800: 41.742: [GC (Allocation Failure) 2021-01-22T01:11:25.375+0800: 41.743: [DefNew: 314560K->34943K(314560K), 0.0143990 secs] 776894K->580966K(1013632K), 0.0153660 secs] [Times: user=0.02 sys=0.00, real=0.02 secs] 
2021-01-22T01:11:25.423+0800: 41.791: [GC (Allocation Failure) 2021-01-22T01:11:25.423+0800: 41.791: [DefNew: 314559K->34943K(314560K), 0.0151700 secs] 860582K->661434K(1013632K), 0.0160093 secs] [Times: user=0.02 sys=0.00, real=0.02 secs] 
2021-01-22T01:11:25.474+0800: 41.842: [GC (Allocation Failure) 2021-01-22T01:11:25.474+0800: 41.842: [DefNew: 314559K->314559K(314560K), 0.0003109 secs]2021-01-22T01:11:25.475+0800: 41.843: [Tenured: 626490K->405508K(699072K), 0.0460842 secs] 941050K->405508K(1013632K), [Metaspace: 2817K->2817K(1056768K)], 0.0476113 secs] [Times: user=0.05 sys=0.00, real=0.05 secs] 
2021-01-22T01:11:25.554+0800: 41.922: [GC (Allocation Failure) 2021-01-22T01:11:25.555+0800: 41.923: [DefNew: 279616K->34943K(314560K), 0.0125252 secs] 685124K->498542K(1013632K), 0.0132966 secs] [Times: user=0.01 sys=0.00, real=0.01 secs] 
2021-01-22T01:11:25.602+0800: 41.970: [GC (Allocation Failure) 2021-01-22T01:11:25.603+0800: 41.971: [DefNew: 314559K->34943K(314560K), 0.0133815 secs] 778158K->566684K(1013632K), 0.0142231 secs] [Times: user=0.02 sys=0.00, real=0.01 secs] 
2021-01-22T01:11:25.651+0800: 42.019: [GC (Allocation Failure) 2021-01-22T01:11:25.651+0800: 42.019: [DefNew: 314559K->34943K(314560K), 0.0140161 secs] 846300K->634729K(1013632K), 0.0148673 secs] [Times: user=0.02 sys=0.00, real=0.01 secs] 
2021-01-22T01:11:25.703+0800: 42.071: [GC (Allocation Failure) 2021-01-22T01:11:25.703+0800: 42.071: [DefNew: 314559K->314559K(314560K), 0.0002594 secs]2021-01-22T01:11:25.704+0800: 42.072: [Tenured: 599785K->393325K(699072K), 0.0478909 secs] 914345K->393325K(1013632K), [Metaspace: 2817K->2817K(1056768K)], 0.0492105 secs] [Times: user=0.05 sys=0.00, real=0.05 secs] 
2021-01-22T01:11:25.787+0800: 42.155: [GC (Allocation Failure) 2021-01-22T01:11:25.787+0800: 42.155: [DefNew: 279616K->34943K(314560K), 0.0104424 secs] 672941K->476397K(1013632K), 0.0114622 secs] [Times: user=0.01 sys=0.00, real=0.02 secs] 
2021-01-22T01:11:25.833+0800: 42.201: [GC (Allocation Failure) 2021-01-22T01:11:25.834+0800: 42.201: [DefNew: 314559K->34943K(314560K), 0.0155762 secs] 756013K->562320K(1013632K), 0.0163962 secs] [Times: user=0.01 sys=0.00, real=0.02 secs] 
2021-01-22T01:11:25.884+0800: 42.252: [GC (Allocation Failure) 2021-01-22T01:11:25.884+0800: 42.252: [DefNew: 314559K->34943K(314560K), 0.0162622 secs] 841936K->642673K(1013632K), 0.0172021 secs] [Times: user=0.01 sys=0.00, real=0.02 secs] 
2021-01-22T01:11:25.934+0800: 42.302: [GC (Allocation Failure) 2021-01-22T01:11:25.935+0800: 42.302: [DefNew: 314187K->314187K(314560K), 0.0003745 secs]2021-01-22T01:11:25.935+0800: 42.303: [Tenured: 607729K->371993K(699072K), 0.0491488 secs] 921917K->371993K(1013632K), [Metaspace: 2817K->2817K(1056768K)], 0.0507351 secs] [Times: user=0.05 sys=0.00, real=0.05 secs] 
2021-01-22T01:11:26.019+0800: 42.386: [GC (Allocation Failure) 2021-01-22T01:11:26.019+0800: 42.387: [DefNew: 279616K->34943K(314560K), 0.0105731 secs] 651609K->460346K(1013632K), 0.0114291 secs] [Times: user=0.01 sys=0.00, real=0.01 secs] 
2021-01-22T01:11:26.064+0800: 42.432: [GC (Allocation Failure) 2021-01-22T01:11:26.064+0800: 42.432: [DefNew: 314559K->34943K(314560K), 0.0150360 secs] 739962K->544729K(1013632K), 0.0159627 secs] [Times: user=0.02 sys=0.00, real=0.02 secs] 
2021-01-22T01:11:26.117+0800: 42.485: [GC (Allocation Failure) 2021-01-22T01:11:26.118+0800: 42.485: [DefNew: 314559K->34944K(314560K), 0.0147702 secs] 824345K->620920K(1013632K), 0.0156352 secs] [Times: user=0.02 sys=0.00, real=0.02 secs] 
2021-01-22T01:11:26.165+0800: 42.533: [GC (Allocation Failure) 2021-01-22T01:11:26.166+0800: 42.533: [DefNew: 314560K->34943K(314560K), 0.0133159 secs] 900536K->699618K(1013632K), 0.0141239 secs] [Times: user=0.01 sys=0.00, real=0.02 secs] 
2021-01-22T01:11:26.227+0800: 42.595: [GC (Allocation Failure) 2021-01-22T01:11:26.227+0800: 42.595: [DefNew: 314559K->314559K(314560K), 0.0003338 secs]2021-01-22T01:11:26.228+0800: 42.596: [Tenured: 664675K->418117K(699072K), 0.0495516 secs] 979234K->418117K(1013632K), [Metaspace: 2817K->2817K(1056768K)], 0.0511468 secs] [Times: user=0.05 sys=0.00, real=0.06 secs] 
2021-01-22T01:11:26.312+0800: 42.679: [GC (Allocation Failure) 2021-01-22T01:11:26.312+0800: 42.680: [DefNew: 279616K->34943K(314560K), 0.0118931 secs] 697733K->506732K(1013632K), 0.0127181 secs] [Times: user=0.02 sys=0.00, real=0.01 secs] 
2021-01-22T01:11:26.357+0800: 42.725: [GC (Allocation Failure) 2021-01-22T01:11:26.358+0800: 42.726: [DefNew: 314559K->34943K(314560K), 0.0163926 secs] 786348K->592996K(1013632K), 0.0172714 secs] [Times: user=0.02 sys=0.00, real=0.02 secs] 
2021-01-22T01:11:26.416+0800: 42.783: [GC (Allocation Failure) 2021-01-22T01:11:26.416+0800: 42.784: [DefNew: 314559K->34943K(314560K), 0.0153403 secs] 872612K->664015K(1013632K), 0.0162058 secs] [Times: user=0.01 sys=0.00, real=0.02 secs] 
2021-01-22T01:11:26.474+0800: 42.842: [GC (Allocation Failure) 2021-01-22T01:11:26.475+0800: 42.843: [DefNew: 314559K->314559K(314560K), 0.0002918 secs]2021-01-22T01:11:26.475+0800: 42.843: [Tenured: 629071K->422386K(699072K), 0.0560126 secs] 943631K->422386K(1013632K), [Metaspace: 2817K->2817K(1056768K)], 0.0575540 secs] [Times: user=0.06 sys=0.00, real=0.06 secs] 
2021-01-22T01:11:26.574+0800: 42.942: [GC (Allocation Failure) 2021-01-22T01:11:26.575+0800: 42.942: [DefNew: 279616K->34943K(314560K), 0.0125803 secs] 702002K->508189K(1013632K), 0.0134392 secs] [Times: user=0.01 sys=0.00, real=0.01 secs] 
2021-01-22T01:11:26.636+0800: 43.004: [GC (Allocation Failure) 2021-01-22T01:11:26.636+0800: 43.004: [DefNew: 314559K->34943K(314560K), 0.0185336 secs] 787805K->589959K(1013632K), 0.0191672 secs] [Times: user=0.02 sys=0.00, real=0.02 secs] 
2021-01-22T01:11:26.692+0800: 43.060: [GC (Allocation Failure) 2021-01-22T01:11:26.693+0800: 43.060: [DefNew: 314559K->34942K(314560K), 0.0159130 secs] 869575K->669246K(1013632K), 0.0164359 secs] [Times: user=0.01 sys=0.00, real=0.02 secs] 
2021-01-22T01:11:26.745+0800: 43.113: [GC (Allocation Failure) 2021-01-22T01:11:26.746+0800: 43.114: [DefNew: 314558K->314558K(314560K), 0.0002014 secs]2021-01-22T01:11:26.746+0800: 43.114: [Tenured: 634303K->411495K(699072K), 0.0485950 secs] 948862K->411495K(1013632K), [Metaspace: 2817K->2817K(1056768K)], 0.0497215 secs] [Times: user=0.05 sys=0.00, real=0.05 secs] 
2021-01-22T01:11:26.828+0800: 43.196: [GC (Allocation Failure) 2021-01-22T01:11:26.829+0800: 43.197: [DefNew: 279616K->34942K(314560K), 0.0134902 secs] 691111K->511173K(1013632K), 0.0141133 secs] [Times: user=0.01 sys=0.00, real=0.01 secs] 
2021-01-22T01:11:26.879+0800: 43.247: [GC (Allocation Failure) 2021-01-22T01:11:26.879+0800: 43.247: [DefNew: 314558K->34943K(314560K), 0.0152161 secs] 790789K->592310K(1013632K), 0.0160499 secs] [Times: user=0.02 sys=0.00, real=0.01 secs] 
2021-01-22T01:11:26.928+0800: 43.296: [GC (Allocation Failure) 2021-01-22T01:11:26.928+0800: 43.296: [DefNew: 314167K->34943K(314560K), 0.0142580 secs] 871534K->671751K(1013632K), 0.0150377 secs] [Times: user=0.00 sys=0.01, real=0.02 secs] 
2021-01-22T01:11:26.977+0800: 43.345: [GC (Allocation Failure) 2021-01-22T01:11:26.978+0800: 43.345: [DefNew: 314559K->314559K(314560K), 0.0003101 secs]2021-01-22T01:11:26.978+0800: 43.346: [Tenured: 636807K->382958K(699072K), 0.0506785 secs] 951367K->382958K(1013632K), [Metaspace: 2817K->2817K(1056768K)], 0.0520433 secs] [Times: user=0.05 sys=0.00, real=0.06 secs] 
2021-01-22T01:11:27.064+0800: 43.432: [GC (Allocation Failure) 2021-01-22T01:11:27.064+0800: 43.432: [DefNew: 279616K->34943K(314560K), 0.0112263 secs] 662574K->468994K(1013632K), 0.0121365 secs] [Times: user=0.01 sys=0.00, real=0.01 secs] 
2021-01-22T01:11:27.110+0800: 43.477: [GC (Allocation Failure) 2021-01-22T01:11:27.110+0800: 43.478: [DefNew: 314559K->34943K(314560K), 0.0206629 secs] 748610K->551287K(1013632K), 0.0215470 secs] [Times: user=0.02 sys=0.00, real=0.02 secs] 
2021-01-22T01:11:27.168+0800: 43.536: [GC (Allocation Failure) 2021-01-22T01:11:27.169+0800: 43.536: [DefNew: 314559K->34943K(314560K), 0.0172358 secs] 830903K->627827K(1013632K), 0.0179908 secs] [Times: user=0.02 sys=0.00, real=0.01 secs] 
2021-01-22T01:11:27.227+0800: 43.594: [GC (Allocation Failure) 2021-01-22T01:11:27.227+0800: 43.595: [DefNew: 314236K->314236K(314560K), 0.0004193 secs]2021-01-22T01:11:27.228+0800: 43.595: [Tenured: 592884K->407975K(699072K), 0.0457459 secs] 907120K->407975K(1013632K), [Metaspace: 2817K->2817K(1056768K)], 0.0473649 secs] [Times: user=0.05 sys=0.00, real=0.05 secs] 
2021-01-22T01:11:27.309+0800: 43.677: [GC (Allocation Failure) 2021-01-22T01:11:27.310+0800: 43.678: [DefNew: 279616K->34944K(314560K), 0.0123705 secs] 687591K->500355K(1013632K), 0.0131906 secs] [Times: user=0.01 sys=0.00, real=0.01 secs] 
2021-01-22T01:11:27.357+0800: 43.725: [GC (Allocation Failure) 2021-01-22T01:11:27.358+0800: 43.726: [DefNew: 314560K->34944K(314560K), 0.0150657 secs] 779971K->579111K(1013632K), 0.0159725 secs] [Times: user=0.01 sys=0.00, real=0.02 secs] 
2021-01-22T01:11:27.409+0800: 43.777: [GC (Allocation Failure) 2021-01-22T01:11:27.409+0800: 43.777: [DefNew: 314519K->34942K(314560K), 0.0177595 secs] 858686K->660978K(1013632K), 0.0187027 secs] [Times: user=0.01 sys=0.00, real=0.01 secs] 
2021-01-22T01:11:27.464+0800: 43.832: [GC (Allocation Failure) 2021-01-22T01:11:27.464+0800: 43.832: [DefNew: 314558K->314558K(314560K), 0.0003874 secs]2021-01-22T01:11:27.465+0800: 43.833: [Tenured: 626035K->411600K(699072K), 0.0520362 secs] 940594K->411600K(1013632K), [Metaspace: 2817K->2817K(1056768K)], 0.0537570 secs] [Times: user=0.05 sys=0.00, real=0.06 secs] 
2021-01-22T01:11:27.554+0800: 43.922: [GC (Allocation Failure) 2021-01-22T01:11:27.555+0800: 43.922: [DefNew: 279616K->34944K(314560K), 0.0122242 secs] 691216K->497774K(1013632K), 0.0130684 secs] [Times: user=0.01 sys=0.00, real=0.01 secs] 
2021-01-22T01:11:27.599+0800: 43.967: [GC (Allocation Failure) 2021-01-22T01:11:27.600+0800: 43.967: [DefNew: 314560K->34944K(314560K), 0.0138665 secs] 777390K->575647K(1013632K), 0.0146592 secs] [Times: user=0.02 sys=0.00, real=0.01 secs] 
2021-01-22T01:11:27.647+0800: 44.015: [GC (Allocation Failure) 2021-01-22T01:11:27.647+0800: 44.015: [DefNew: 314560K->34939K(314560K), 0.0139349 secs] 855263K->651044K(1013632K), 0.0147900 secs] [Times: user=0.01 sys=0.00, real=0.02 secs] 
2021-01-22T01:11:27.701+0800: 44.069: [GC (Allocation Failure) 2021-01-22T01:11:27.702+0800: 44.069: [DefNew: 314555K->314555K(314560K), 0.0003432 secs]2021-01-22T01:11:27.702+0800: 44.070: [Tenured: 616104K->413230K(699072K), 0.0497081 secs] 930660K->413230K(1013632K), [Metaspace: 2817K->2817K(1056768K)], 0.0511998 secs] [Times: user=0.05 sys=0.00, real=0.05 secs] 
2021-01-22T01:11:27.787+0800: 44.154: [GC (Allocation Failure) 2021-01-22T01:11:27.787+0800: 44.155: [DefNew: 279616K->34943K(314560K), 0.0140038 secs] 692846K->506455K(1013632K), 0.0146682 secs] [Times: user=0.02 sys=0.00, real=0.02 secs] 
2021-01-22T01:11:27.853+0800: 44.221: [GC (Allocation Failure) 2021-01-22T01:11:27.853+0800: 44.221: [DefNew: 314559K->34944K(314560K), 0.0191289 secs] 786071K->588102K(1013632K), 0.0198302 secs] [Times: user=0.02 sys=0.00, real=0.02 secs] 
2021-01-22T01:11:27.914+0800: 44.282: [GC (Allocation Failure) 2021-01-22T01:11:27.915+0800: 44.283: [DefNew: 314560K->34943K(314560K), 0.0170097 secs] 867718K->668373K(1013632K), 0.0177106 secs] [Times: user=0.02 sys=0.00, real=0.02 secs] 
2021-01-22T01:11:27.969+0800: 44.337: [GC (Allocation Failure) 2021-01-22T01:11:27.969+0800: 44.337: [DefNew: 314394K->314394K(314560K), 0.0002764 secs]2021-01-22T01:11:27.970+0800: 44.338: [Tenured: 633430K->379002K(699072K), 0.0549281 secs] 947824K->379002K(1013632K), [Metaspace: 2817K->2817K(1056768K)], 0.0563850 secs] [Times: user=0.06 sys=0.00, real=0.05 secs] 
2021-01-22T01:11:28.059+0800: 44.427: [GC (Allocation Failure) 2021-01-22T01:11:28.060+0800: 44.427: [DefNew: 279616K->34943K(314560K), 0.0108864 secs] 658618K->463191K(1013632K), 0.0117810 secs] [Times: user=0.01 sys=0.00, real=0.01 secs] 
2021-01-22T01:11:28.105+0800: 44.473: [GC (Allocation Failure) 2021-01-22T01:11:28.106+0800: 44.473: [DefNew: 314494K->34943K(314560K), 0.0148545 secs] 742741K->541568K(1013632K), 0.0156992 secs] [Times: user=0.01 sys=0.00, real=0.02 secs] 
2021-01-22T01:11:28.155+0800: 44.522: [GC (Allocation Failure) 2021-01-22T01:11:28.155+0800: 44.523: [DefNew: 314171K->34943K(314560K), 0.0159791 secs] 820796K->619503K(1013632K), 0.0169571 secs] [Times: user=0.01 sys=0.00, real=0.02 secs] 
2021-01-22T01:11:28.211+0800: 44.579: [GC (Allocation Failure) 2021-01-22T01:11:28.211+0800: 44.579: [DefNew: 314559K->34941K(314560K), 0.0149700 secs] 899119K->690884K(1013632K), 0.0158812 secs] [Times: user=0.01 sys=0.00, real=0.01 secs] 
2021-01-22T01:11:28.262+0800: 44.630: [GC (Allocation Failure) 2021-01-22T01:11:28.263+0800: 44.630: [DefNew: 314557K->314557K(314560K), 0.0005031 secs]2021-01-22T01:11:28.263+0800: 44.631: [Tenured: 655943K->398631K(699072K), 0.0502954 secs] 970500K->398631K(1013632K), [Metaspace: 2817K->2817K(1056768K)], 0.0522683 secs] [Times: user=0.05 sys=0.00, real=0.05 secs] 
2021-01-22T01:11:28.353+0800: 44.721: [GC (Allocation Failure) 2021-01-22T01:11:28.353+0800: 44.721: [DefNew: 279552K->34943K(314560K), 0.0130572 secs] 678184K->487595K(1013632K), 0.0139743 secs] [Times: user=0.01 sys=0.00, real=0.01 secs] 
2021-01-22T01:11:28.401+0800: 44.769: [GC (Allocation Failure) 2021-01-22T01:11:28.402+0800: 44.770: [DefNew: 314188K->34941K(314560K), 0.0155601 secs] 766840K->562219K(1013632K), 0.0163945 secs] [Times: user=0.02 sys=0.00, real=0.02 secs] 
2021-01-22T01:11:28.454+0800: 44.822: [GC (Allocation Failure) 2021-01-22T01:11:28.455+0800: 44.822: [DefNew: 314557K->34944K(314560K), 0.0132379 secs] 841835K->634281K(1013632K), 0.0140739 secs] [Times: user=0.01 sys=0.00, real=0.02 secs] 
2021-01-22T01:11:28.502+0800: 44.870: [GC (Allocation Failure) 2021-01-22T01:11:28.502+0800: 44.870: [DefNew: 314560K->314560K(314560K), 0.0002536 secs]2021-01-22T01:11:28.503+0800: 44.870: [Tenured: 599337K->404652K(699072K), 0.0580475 secs] 913897K->404652K(1013632K), [Metaspace: 2817K->2817K(1056768K)], 0.0592647 secs] [Times: user=0.06 sys=0.00, real=0.06 secs] 
2021-01-22T01:11:28.597+0800: 44.964: [GC (Allocation Failure) 2021-01-22T01:11:28.597+0800: 44.965: [DefNew: 279616K->34943K(314560K), 0.0128931 secs] 684268K->496557K(1013632K), 0.0136571 secs] [Times: user=0.01 sys=0.00, real=0.02 secs] 
2021-01-22T01:11:28.646+0800: 45.014: [GC (Allocation Failure) 2021-01-22T01:11:28.646+0800: 45.014: [DefNew: 314559K->34943K(314560K), 0.0168091 secs] 776173K->583356K(1013632K), 0.0176858 secs] [Times: user=0.02 sys=0.00, real=0.02 secs] 
2021-01-22T01:11:28.700+0800: 45.067: [GC (Allocation Failure) 2021-01-22T01:11:28.700+0800: 45.068: [DefNew: 314559K->34943K(314560K), 0.0144786 secs] 862972K->661180K(1013632K), 0.0153516 secs] [Times: user=0.01 sys=0.00, real=0.01 secs] 
2021-01-22T01:11:28.749+0800: 45.117: [GC (Allocation Failure) 2021-01-22T01:11:28.750+0800: 45.118: [DefNew: 314559K->314559K(314560K), 0.0002928 secs]2021-01-22T01:11:28.751+0800: 45.118: [Tenured: 626236K->405922K(699072K), 0.0499558 secs] 940796K->405922K(1013632K), [Metaspace: 2817K->2817K(1056768K)], 0.0516213 secs] [Times: user=0.05 sys=0.00, real=0.05 secs] 
2021-01-22T01:11:28.837+0800: 45.204: [GC (Allocation Failure) 2021-01-22T01:11:28.837+0800: 45.205: [DefNew: 279616K->34943K(314560K), 0.0114032 secs] 685538K->497936K(1013632K), 0.0123300 secs] [Times: user=0.01 sys=0.00, real=0.02 secs] 
2021-01-22T01:11:28.882+0800: 45.250: [GC (Allocation Failure) 2021-01-22T01:11:28.883+0800: 45.251: [DefNew: 314559K->34943K(314560K), 0.0136327 secs] 777552K->580585K(1013632K), 0.0147550 secs] [Times: user=0.02 sys=0.00, real=0.01 secs] 
2021-01-22T01:11:28.930+0800: 45.298: [GC (Allocation Failure) 2021-01-22T01:11:28.931+0800: 45.299: [DefNew: 314559K->34943K(314560K), 0.0158234 secs] 860201K->664743K(1013632K), 0.0166722 secs] [Times: user=0.01 sys=0.00, real=0.01 secs] 
2021-01-22T01:11:28.981+0800: 45.349: [GC (Allocation Failure) 2021-01-22T01:11:28.982+0800: 45.350: [DefNew: 314559K->314559K(314560K), 0.0003783 secs]2021-01-22T01:11:28.983+0800: 45.350: [Tenured: 629800K->386935K(699072K), 0.0540633 secs] 944359K->386935K(1013632K), [Metaspace: 2817K->2817K(1056768K)], 0.0557298 secs] [Times: user=0.05 sys=0.00, real=0.05 secs] 
2021-01-22T01:11:29.074+0800: 45.441: [GC (Allocation Failure) 2021-01-22T01:11:29.074+0800: 45.442: [DefNew: 279616K->34943K(314560K), 0.0119748 secs] 666551K->474859K(1013632K), 0.0127325 secs] [Times: user=0.01 sys=0.00, real=0.01 secs] 
2021-01-22T01:11:29.121+0800: 45.489: [GC (Allocation Failure) 2021-01-22T01:11:29.122+0800: 45.489: [DefNew: 314559K->34942K(314560K), 0.0139745 secs] 754475K->550027K(1013632K), 0.0201650 secs] [Times: user=0.01 sys=0.00, real=0.02 secs] 
2021-01-22T01:11:29.174+0800: 45.541: [GC (Allocation Failure) 2021-01-22T01:11:29.174+0800: 45.542: [DefNew: 314558K->34940K(314560K), 0.0154752 secs] 829643K->633992K(1013632K), 0.0163244 secs] [Times: user=0.02 sys=0.00, real=0.02 secs] 
2021-01-22T01:11:29.222+0800: 45.590: [GC (Allocation Failure) 2021-01-22T01:11:29.222+0800: 45.590: [DefNew: 314556K->314556K(314560K), 0.0003347 secs]2021-01-22T01:11:29.223+0800: 45.591: [Tenured: 599051K->403295K(699072K), 0.0440776 secs] 913608K->403295K(1013632K), [Metaspace: 2817K->2817K(1056768K)], 0.0456053 secs] [Times: user=0.04 sys=0.00, real=0.04 secs] 
2021-01-22T01:11:29.300+0800: 45.668: [GC (Allocation Failure) 2021-01-22T01:11:29.301+0800: 45.668: [DefNew: 279616K->34943K(314560K), 0.0103369 secs] 682911K->488891K(1013632K), 0.0111190 secs] [Times: user=0.02 sys=0.00, real=0.01 secs] 
2021-01-22T01:11:29.345+0800: 45.713: [GC (Allocation Failure) 2021-01-22T01:11:29.345+0800: 45.713: [DefNew: 314559K->34944K(314560K), 0.0140185 secs] 768507K->570446K(1013632K), 0.0150907 secs] [Times: user=0.01 sys=0.00, real=0.02 secs] 
2021-01-22T01:11:29.393+0800: 45.761: [GC (Allocation Failure) 2021-01-22T01:11:29.394+0800: 45.762: [DefNew: 314560K->34943K(314560K), 0.0140314 secs] 850062K->651463K(1013632K), 0.0148560 secs] [Times: user=0.02 sys=0.00, real=0.02 secs] 
2021-01-22T01:11:29.443+0800: 45.811: [GC (Allocation Failure) 2021-01-22T01:11:29.443+0800: 45.811: [DefNew: 314559K->314559K(314560K), 0.0003236 secs]2021-01-22T01:11:29.444+0800: 45.812: [Tenured: 616519K->392533K(699072K), 0.0600125 secs] 931079K->392533K(1013632K), [Metaspace: 2817K->2817K(1056768K)], 0.0729102 secs] [Times: user=0.06 sys=0.00, real=0.08 secs] 
2021-01-22T01:11:29.559+0800: 45.927: [GC (Allocation Failure) 2021-01-22T01:11:29.559+0800: 45.927: [DefNew: 279616K->34943K(314560K), 0.0124759 secs] 672149K->483482K(1013632K), 0.0131921 secs] [Times: user=0.01 sys=0.00, real=0.01 secs] 
2021-01-22T01:11:29.607+0800: 45.975: [GC (Allocation Failure) 2021-01-22T01:11:29.607+0800: 45.975: [DefNew: 314133K->34943K(314560K), 0.0151411 secs] 762672K->567041K(1013632K), 0.0158787 secs] [Times: user=0.01 sys=0.00, real=0.02 secs] 
2021-01-22T01:11:29.658+0800: 46.025: [GC (Allocation Failure) 2021-01-22T01:11:29.658+0800: 46.026: [DefNew: 314559K->34943K(314560K), 0.0152226 secs] 846657K->649382K(1013632K), 0.0160944 secs] [Times: user=0.01 sys=0.00, real=0.02 secs] 
2021-01-22T01:11:29.709+0800: 46.077: [GC (Allocation Failure) 2021-01-22T01:11:29.710+0800: 46.077: [DefNew: 314559K->314559K(314560K), 0.0003853 secs]2021-01-22T01:11:29.710+0800: 46.078: [Tenured: 614438K->408102K(699072K), 0.0498968 secs] 928998K->408102K(1013632K), [Metaspace: 2817K->2817K(1056768K)], 0.0516072 secs] [Times: user=0.05 sys=0.00, real=0.05 secs] 
2021-01-22T01:11:29.794+0800: 46.162: [GC (Allocation Failure) 2021-01-22T01:11:29.795+0800: 46.163: [DefNew: 279616K->34943K(314560K), 0.0119501 secs] 687718K->499750K(1013632K), 0.0128842 secs] [Times: user=0.01 sys=0.00, real=0.01 secs] 
2021-01-22T01:11:29.841+0800: 46.209: [GC (Allocation Failure) 2021-01-22T01:11:29.842+0800: 46.210: [DefNew: 314559K->34943K(314560K), 0.0142000 secs] 779366K->573766K(1013632K), 0.0150918 secs] [Times: user=0.02 sys=0.00, real=0.01 secs] 
2021-01-22T01:11:29.889+0800: 46.257: [GC (Allocation Failure) 2021-01-22T01:11:29.890+0800: 46.257: [DefNew: 314559K->34944K(314560K), 0.0160767 secs] 853382K->655500K(1013632K), 0.0169594 secs] [Times: user=0.02 sys=0.00, real=0.01 secs] 
2021-01-22T01:11:29.943+0800: 46.310: [GC (Allocation Failure) 2021-01-22T01:11:29.943+0800: 46.311: [DefNew: 314560K->314560K(314560K), 0.0003336 secs]2021-01-22T01:11:29.944+0800: 46.311: [Tenured: 620556K->370583K(699072K), 0.0502369 secs] 935116K->370583K(1013632K), [Metaspace: 2817K->2817K(1056768K)], 0.0516419 secs] [Times: user=0.05 sys=0.00, real=0.05 secs] 
2021-01-22T01:11:30.028+0800: 46.396: [GC (Allocation Failure) 2021-01-22T01:11:30.029+0800: 46.396: [DefNew: 279616K->34943K(314560K), 0.0106787 secs] 650199K->452519K(1013632K), 0.0115128 secs] [Times: user=0.01 sys=0.00, real=0.01 secs] 
2021-01-22T01:11:30.073+0800: 46.441: [GC (Allocation Failure) 2021-01-22T01:11:30.073+0800: 46.441: [DefNew: 314398K->34940K(314560K), 0.0138228 secs] 731974K->532240K(1013632K), 0.0146799 secs] [Times: user=0.01 sys=0.00, real=0.01 secs] 
2021-01-22T01:11:30.121+0800: 46.489: [GC (Allocation Failure) 2021-01-22T01:11:30.122+0800: 46.490: [DefNew: 314556K->34944K(314560K), 0.0179583 secs] 811856K->613086K(1013632K), 0.0188970 secs] [Times: user=0.02 sys=0.00, real=0.02 secs] 
2021-01-22T01:11:30.175+0800: 46.543: [GC (Allocation Failure) 2021-01-22T01:11:30.176+0800: 46.544: [DefNew: 314560K->34943K(314560K), 0.0153591 secs] 892702K->691776K(1013632K), 0.0160455 secs] [Times: user=0.02 sys=0.00, real=0.02 secs] 
2021-01-22T01:11:30.225+0800: 46.593: [GC (Allocation Failure) 2021-01-22T01:11:30.225+0800: 46.593: [DefNew: 314559K->314559K(314560K), 0.0003651 secs]2021-01-22T01:11:30.226+0800: 46.594: [Tenured: 656832K->405365K(699072K), 0.0455000 secs] 971392K->405365K(1013632K), [Metaspace: 2817K->2817K(1056768K)], 0.0470650 secs] [Times: user=0.04 sys=0.00, real=0.05 secs] 
2021-01-22T01:11:30.305+0800: 46.673: [GC (Allocation Failure) 2021-01-22T01:11:30.306+0800: 46.673: [DefNew: 279616K->34943K(314560K), 0.0114187 secs] 684981K->491887K(1013632K), 0.0124246 secs] [Times: user=0.01 sys=0.00, real=0.01 secs] 
2021-01-22T01:11:30.349+0800: 46.717: [GC (Allocation Failure) 2021-01-22T01:11:30.349+0800: 46.717: [DefNew: 314559K->34943K(314560K), 0.0132858 secs] 771503K->571825K(1013632K), 0.0144840 secs] [Times: user=0.01 sys=0.00, real=0.01 secs] 
2021-01-22T01:11:30.399+0800: 46.767: [GC (Allocation Failure) 2021-01-22T01:11:30.400+0800: 46.768: [DefNew: 314559K->34943K(314560K), 0.0125660 secs] 851441K->644781K(1013632K), 0.0135198 secs] [Times: user=0.01 sys=0.00, real=0.01 secs] 
2021-01-22T01:11:30.446+0800: 46.814: [GC (Allocation Failure) 2021-01-22T01:11:30.447+0800: 46.815: [DefNew: 314559K->314559K(314560K), 0.0003622 secs]2021-01-22T01:11:30.448+0800: 46.815: [Tenured: 609837K->422946K(699072K), 0.0496342 secs] 924397K->422946K(1013632K), [Metaspace: 2817K->2817K(1056768K)], 0.0513200 secs] [Times: user=0.05 sys=0.00, real=0.06 secs] 
2021-01-22T01:11:30.533+0800: 46.901: [GC (Allocation Failure) 2021-01-22T01:11:30.534+0800: 46.902: [DefNew: 279616K->34944K(314560K), 0.0109521 secs] 702562K->506829K(1013632K), 0.0120603 secs] [Times: user=0.01 sys=0.00, real=0.01 secs] 
2021-01-22T01:11:30.580+0800: 46.947: [GC (Allocation Failure) 2021-01-22T01:11:30.580+0800: 46.948: [DefNew: 314423K->34942K(314560K), 0.0148828 secs] 786309K->583265K(1013632K), 0.0158093 secs] [Times: user=0.02 sys=0.00, real=0.01 secs] 
2021-01-22T01:11:30.626+0800: 46.993: [GC (Allocation Failure) 2021-01-22T01:11:30.626+0800: 46.994: [DefNew: 314558K->34943K(314560K), 0.0153392 secs] 862881K->668881K(1013632K), 0.0161969 secs] [Times: user=0.01 sys=0.00, real=0.02 secs] 
2021-01-22T01:11:30.675+0800: 47.042: [GC (Allocation Failure) 2021-01-22T01:11:30.675+0800: 47.043: [DefNew: 314559K->314559K(314560K), 0.0003633 secs]2021-01-22T01:11:30.676+0800: 47.043: [Tenured: 633937K->408010K(699072K), 0.0457715 secs] 948497K->408010K(1013632K), [Metaspace: 2817K->2817K(1056768K)], 0.0472889 secs] [Times: user=0.05 sys=0.00, real=0.05 secs] 
2021-01-22T01:11:30.755+0800: 47.123: [GC (Allocation Failure) 2021-01-22T01:11:30.756+0800: 47.124: [DefNew: 279616K->34942K(314560K), 0.0100559 secs] 687626K->485069K(1013632K), 0.0109068 secs] [Times: user=0.01 sys=0.00, real=0.01 secs] 
2021-01-22T01:11:30.798+0800: 47.165: [GC (Allocation Failure) 2021-01-22T01:11:30.798+0800: 47.166: [DefNew: 314558K->34943K(314560K), 0.0134186 secs] 764685K->558769K(1013632K), 0.0146032 secs] [Times: user=0.02 sys=0.00, real=0.02 secs] 
2021-01-22T01:11:30.844+0800: 47.212: [GC (Allocation Failure) 2021-01-22T01:11:30.845+0800: 47.213: [DefNew: 314559K->34944K(314560K), 0.0132424 secs] 838385K->635013K(1013632K), 0.0144037 secs] [Times: user=0.01 sys=0.00, real=0.02 secs] 
2021-01-22T01:11:30.893+0800: 47.261: [GC (Allocation Failure) 2021-01-22T01:11:30.894+0800: 47.262: [DefNew: 314560K->314560K(314560K), 0.0003246 secs]2021-01-22T01:11:30.894+0800: 47.262: [Tenured: 600069K->364528K(699072K), 0.0446152 secs] 914629K->364528K(1013632K), [Metaspace: 2817K->2817K(1056768K)], 0.0461489 secs] [Times: user=0.05 sys=0.00, real=0.05 secs] 
2021-01-22T01:11:30.971+0800: 47.339: [GC (Allocation Failure) 2021-01-22T01:11:30.971+0800: 47.339: [DefNew: 279616K->34944K(314560K), 0.0118529 secs] 644144K->456813K(1013632K), 0.0127006 secs] [Times: user=0.01 sys=0.00, real=0.01 secs] 
2021-01-22T01:11:31.017+0800: 47.385: [GC (Allocation Failure) 2021-01-22T01:11:31.018+0800: 47.385: [DefNew: 314560K->34943K(314560K), 0.0122248 secs] 736429K->527772K(1013632K), 0.0131236 secs] [Times: user=0.02 sys=0.00, real=0.02 secs] 
2021-01-22T01:11:31.064+0800: 47.432: [GC (Allocation Failure) 2021-01-22T01:11:31.064+0800: 47.432: [DefNew: 314559K->34943K(314560K), 0.0144294 secs] 807388K->604475K(1013632K), 0.0153521 secs] [Times: user=0.01 sys=0.00, real=0.02 secs] 
2021-01-22T01:11:31.111+0800: 47.479: [GC (Allocation Failure) 2021-01-22T01:11:31.112+0800: 47.480: [DefNew: 314559K->34943K(314560K), 0.0147749 secs] 884091K->687148K(1013632K), 0.0156132 secs] [Times: user=0.01 sys=0.00, real=0.01 secs] 
2021-01-22T01:11:31.164+0800: 47.532: [GC (Allocation Failure) 2021-01-22T01:11:31.164+0800: 47.532: [DefNew: 314559K->314559K(314560K), 0.0003593 secs]2021-01-22T01:11:31.165+0800: 47.533: [Tenured: 652204K->404108K(699072K), 0.0458082 secs] 966764K->404108K(1013632K), [Metaspace: 2817K->2817K(1056768K)], 0.0472247 secs] [Times: user=0.04 sys=0.00, real=0.05 secs] 
2021-01-22T01:11:31.247+0800: 47.615: [GC (Allocation Failure) 2021-01-22T01:11:31.248+0800: 47.615: [DefNew: 279304K->34943K(314560K), 0.0113557 secs] 683413K->492512K(1013632K), 0.0122040 secs] [Times: user=0.01 sys=0.00, real=0.02 secs] 
2021-01-22T01:11:31.296+0800: 47.664: [GC (Allocation Failure) 2021-01-22T01:11:31.296+0800: 47.664: [DefNew: 314559K->34944K(314560K), 0.0157113 secs] 772128K->575341K(1013632K), 0.0165475 secs] [Times: user=0.01 sys=0.00, real=0.02 secs] 
2021-01-22T01:11:31.345+0800: 47.713: [GC (Allocation Failure) 2021-01-22T01:11:31.346+0800: 47.713: [DefNew: 314560K->34944K(314560K), 0.0138974 secs] 854957K->650781K(1013632K), 0.0147947 secs] [Times: user=0.02 sys=0.00, real=0.02 secs] 
2021-01-22T01:11:31.394+0800: 47.762: [GC (Allocation Failure) 2021-01-22T01:11:31.395+0800: 47.763: [DefNew: 314560K->314560K(314560K), 0.0003813 secs]2021-01-22T01:11:31.396+0800: 47.763: [Tenured: 615837K->395554K(699072K), 0.0468369 secs] 930397K->395554K(1013632K), [Metaspace: 2817K->2817K(1056768K)], 0.0484841 secs] [Times: user=0.05 sys=0.00, real=0.05 secs] 
2021-01-22T01:11:31.476+0800: 47.844: [GC (Allocation Failure) 2021-01-22T01:11:31.476+0800: 47.844: [DefNew: 279616K->34943K(314560K), 0.0122763 secs] 675170K->487872K(1013632K), 0.0131376 secs] [Times: user=0.01 sys=0.00, real=0.02 secs] 
2021-01-22T01:11:31.523+0800: 47.891: [GC (Allocation Failure) 2021-01-22T01:11:31.524+0800: 47.892: [DefNew: 314559K->34944K(314560K), 0.0145460 secs] 767488K->564040K(1013632K), 0.0154871 secs] [Times: user=0.01 sys=0.00, real=0.02 secs] 
2021-01-22T01:11:31.572+0800: 47.940: [GC (Allocation Failure) 2021-01-22T01:11:31.572+0800: 47.940: [DefNew: 314560K->34943K(314560K), 0.0147799 secs] 843656K->647860K(1013632K), 0.0156973 secs] [Times: user=0.02 sys=0.00, real=0.01 secs] 
2021-01-22T01:11:31.621+0800: 47.989: [GC (Allocation Failure) 2021-01-22T01:11:31.622+0800: 47.989: [DefNew: 314378K->314378K(314560K), 0.0004165 secs]2021-01-22T01:11:31.623+0800: 47.990: [Tenured: 612916K->378581K(699072K), 0.0437954 secs] 927295K->378581K(1013632K), [Metaspace: 2817K->2817K(1056768K)], 0.0456807 secs] [Times: user=0.04 sys=0.00, real=0.04 secs] 
2021-01-22T01:11:31.700+0800: 48.068: [GC (Allocation Failure) 2021-01-22T01:11:31.701+0800: 48.069: [DefNew: 279616K->34943K(314560K), 0.0101911 secs] 658197K->464385K(1013632K), 0.0111485 secs] [Times: user=0.01 sys=0.00, real=0.01 secs] 
2021-01-22T01:11:31.749+0800: 48.117: [GC (Allocation Failure) 2021-01-22T01:11:31.749+0800: 48.117: [DefNew: 314485K->34943K(314560K), 0.0130570 secs] 743926K->537586K(1013632K), 0.0139932 secs] [Times: user=0.02 sys=0.00, real=0.01 secs] 
2021-01-22T01:11:31.797+0800: 48.165: [GC (Allocation Failure) 2021-01-22T01:11:31.798+0800: 48.166: [DefNew: 314559K->34943K(314560K), 0.0139292 secs] 817202K->611666K(1013632K), 0.0148256 secs] [Times: user=0.01 sys=0.00, real=0.02 secs] 
2021-01-22T01:11:31.844+0800: 48.212: [GC (Allocation Failure) 2021-01-22T01:11:31.845+0800: 48.213: [DefNew: 314559K->34942K(314560K), 0.0143573 secs] 891282K->687638K(1013632K), 0.0151934 secs] [Times: user=0.01 sys=0.00, real=0.02 secs] 
2021-01-22T01:11:31.893+0800: 48.260: [GC (Allocation Failure) 2021-01-22T01:11:31.893+0800: 48.261: [DefNew: 314558K->314558K(314560K), 0.0002914 secs]2021-01-22T01:11:31.894+0800: 48.261: [Tenured: 652696K->364420K(699072K), 0.0451958 secs] 967254K->364420K(1013632K), [Metaspace: 2817K->2817K(1056768K)], 0.0466335 secs] [Times: user=0.05 sys=0.00, real=0.05 secs] 
2021-01-22T01:11:31.971+0800: 48.339: [GC (Allocation Failure) 2021-01-22T01:11:31.971+0800: 48.339: [DefNew: 279616K->34943K(314560K), 0.0127015 secs] 644036K->455941K(1013632K), 0.0136104 secs] [Times: user=0.01 sys=0.00, real=0.01 secs] 
2021-01-22T01:11:32.019+0800: 48.387: [GC (Allocation Failure) 2021-01-22T01:11:32.020+0800: 48.388: [DefNew: 314559K->34943K(314560K), 0.0148984 secs] 735557K->537735K(1013632K), 0.0158414 secs] [Times: user=0.01 sys=0.00, real=0.01 secs] 
2021-01-22T01:11:32.068+0800: 48.435: [GC (Allocation Failure) 2021-01-22T01:11:32.068+0800: 48.436: [DefNew: 314559K->34941K(314560K), 0.0158882 secs] 817351K->615293K(1013632K), 0.0168166 secs] [Times: user=0.02 sys=0.00, real=0.02 secs] 
2021-01-22T01:11:32.116+0800: 48.484: [GC (Allocation Failure) 2021-01-22T01:11:32.117+0800: 48.484: [DefNew: 314557K->34943K(314560K), 0.0154062 secs] 894909K->697945K(1013632K), 0.0162897 secs] [Times: user=0.02 sys=0.00, real=0.02 secs] 
2021-01-22T01:11:32.165+0800: 48.533: [GC (Allocation Failure) 2021-01-22T01:11:32.166+0800: 48.534: [DefNew: 314559K->314559K(314560K), 0.0019166 secs]2021-01-22T01:11:32.168+0800: 48.536: [Tenured: 663002K->418957K(699072K), 0.0463827 secs] 977561K->418957K(1013632K), [Metaspace: 2817K->2817K(1056768K)], 0.0498162 secs] [Times: user=0.04 sys=0.00, real=0.05 secs] 
2021-01-22T01:11:32.247+0800: 48.614: [GC (Allocation Failure) 2021-01-22T01:11:32.247+0800: 48.615: [DefNew: 279616K->34943K(314560K), 0.0128362 secs] 698573K->516907K(1013632K), 0.0137815 secs] [Times: user=0.02 sys=0.00, real=0.02 secs] 
2021-01-22T01:11:32.294+0800: 48.662: [GC (Allocation Failure) 2021-01-22T01:11:32.294+0800: 48.662: [DefNew: 314559K->34943K(314560K), 0.0146510 secs] 796523K->597019K(1013632K), 0.0156517 secs] [Times: user=0.01 sys=0.00, real=0.02 secs] 
2021-01-22T01:11:32.342+0800: 48.710: [GC (Allocation Failure) 2021-01-22T01:11:32.342+0800: 48.710: [DefNew: 314559K->34943K(314560K), 0.0198805 secs] 876635K->685917K(1013632K), 0.0206403 secs] [Times: user=0.02 sys=0.00, real=0.02 secs] 
2021-01-22T01:11:32.399+0800: 48.767: [GC (Allocation Failure) 2021-01-22T01:11:32.399+0800: 48.767: [DefNew: 314559K->314559K(314560K), 0.0002412 secs]2021-01-22T01:11:32.400+0800: 48.768: [Tenured: 650974K->424444K(699072K), 0.0529958 secs] 965533K->424444K(1013632K), [Metaspace: 2817K->2817K(1056768K)], 0.0542600 secs] [Times: user=0.06 sys=0.00, real=0.05 secs] 
2021-01-22T01:11:32.488+0800: 48.856: [GC (Allocation Failure) 2021-01-22T01:11:32.488+0800: 48.856: [DefNew: 279616K->34943K(314560K), 0.0126948 secs] 704060K->516596K(1013632K), 0.0136169 secs] [Times: user=0.01 sys=0.00, real=0.02 secs] 
2021-01-22T01:11:32.535+0800: 48.903: [GC (Allocation Failure) 2021-01-22T01:11:32.536+0800: 48.903: [DefNew: 314559K->34943K(314560K), 0.0152616 secs] 796212K->602880K(1013632K), 0.0161263 secs] [Times: user=0.02 sys=0.00, real=0.02 secs] 
2021-01-22T01:11:32.585+0800: 48.953: [GC (Allocation Failure) 2021-01-22T01:11:32.585+0800: 48.953: [DefNew: 314559K->34943K(314560K), 0.0160785 secs] 882496K->687506K(1013632K), 0.0169734 secs] [Times: user=0.02 sys=0.00, real=0.02 secs] 
2021-01-22T01:11:32.637+0800: 49.005: [GC (Allocation Failure) 2021-01-22T01:11:32.638+0800: 49.006: [DefNew: 314559K->314559K(314560K), 0.0003218 secs]2021-01-22T01:11:32.638+0800: 49.006: [Tenured: 652562K->433478K(699072K), 0.0506005 secs] 967122K->433478K(1013632K), [Metaspace: 2817K->2817K(1056768K)], 0.0522471 secs] [Times: user=0.05 sys=0.00, real=0.06 secs] 
2021-01-22T01:11:32.722+0800: 49.090: [GC (Allocation Failure) 2021-01-22T01:11:32.723+0800: 49.090: [DefNew: 279616K->34944K(314560K), 0.0107362 secs] 713094K->515227K(1013632K), 0.0116438 secs] [Times: user=0.01 sys=0.00, real=0.01 secs] 
2021-01-22T01:11:32.766+0800: 49.134: [GC (Allocation Failure) 2021-01-22T01:11:32.766+0800: 49.134: [DefNew: 314560K->34943K(314560K), 0.0147592 secs] 794843K->595907K(1013632K), 0.0155285 secs] [Times: user=0.01 sys=0.00, real=0.02 secs] 
2021-01-22T01:11:32.817+0800: 49.185: [GC (Allocation Failure) 2021-01-22T01:11:32.818+0800: 49.185: [DefNew: 314476K->34943K(314560K), 0.0139440 secs] 875440K->668605K(1013632K), 0.0148524 secs] [Times: user=0.01 sys=0.00, real=0.02 secs] 
2021-01-22T01:11:32.865+0800: 49.233: [GC (Allocation Failure) 2021-01-22T01:11:32.866+0800: 49.234: [DefNew: 314559K->314559K(314560K), 0.0003593 secs]2021-01-22T01:11:32.867+0800: 49.234: [Tenured: 633661K->377460K(699072K), 0.0461075 secs] 948221K->377460K(1013632K), [Metaspace: 2817K->2817K(1056768K)], 0.0477103 secs] [Times: user=0.04 sys=0.00, real=0.05 secs] 
2021-01-22T01:11:32.948+0800: 49.316: [GC (Allocation Failure) 2021-01-22T01:11:32.949+0800: 49.317: [DefNew: 279616K->34943K(314560K), 0.0101806 secs] 657076K->461688K(1013632K), 0.0111179 secs] [Times: user=0.01 sys=0.00, real=0.01 secs] 
2021-01-22T01:11:32.995+0800: 49.362: [GC (Allocation Failure) 2021-01-22T01:11:32.995+0800: 49.363: [DefNew: 314559K->34943K(314560K), 0.0144797 secs] 741304K->532993K(1013632K), 0.0153633 secs] [Times: user=0.01 sys=0.00, real=0.02 secs] 
2021-01-22T01:11:33.045+0800: 49.412: [GC (Allocation Failure) 2021-01-22T01:11:33.045+0800: 49.413: [DefNew: 314559K->34943K(314560K), 0.0141783 secs] 812609K->607053K(1013632K), 0.0150748 secs] [Times: user=0.01 sys=0.00, real=0.02 secs] 
2021-01-22T01:11:33.099+0800: 49.467: [GC (Allocation Failure) 2021-01-22T01:11:33.100+0800: 49.468: [DefNew: 314559K->34943K(314560K), 0.0156429 secs] 886669K->686438K(1013632K), 0.0167096 secs] [Times: user=0.02 sys=0.00, real=0.01 secs] 
2021-01-22T01:11:33.152+0800: 49.519: [GC (Allocation Failure) 2021-01-22T01:11:33.152+0800: 49.520: [DefNew: 314559K->314559K(314560K), 0.0003688 secs]2021-01-22T01:11:33.153+0800: 49.521: [Tenured: 651494K->402734K(699072K), 0.0472157 secs] 966054K->402734K(1013632K), [Metaspace: 2817K->2817K(1056768K)], 0.0488563 secs] [Times: user=0.05 sys=0.00, real=0.05 secs] 
2021-01-22T01:11:33.232+0800: 49.600: [GC (Allocation Failure) 2021-01-22T01:11:33.233+0800: 49.601: [DefNew: 279616K->34943K(314560K), 0.0110955 secs] 682350K->495084K(1013632K), 0.0119935 secs] [Times: user=0.01 sys=0.00, real=0.01 secs] 
2021-01-22T01:11:33.277+0800: 49.645: [GC (Allocation Failure) 2021-01-22T01:11:33.277+0800: 49.645: [DefNew: 314532K->34943K(314560K), 0.0144986 secs] 774673K->568899K(1013632K), 0.0153911 secs] [Times: user=0.02 sys=0.00, real=0.02 secs] 
2021-01-22T01:11:33.325+0800: 49.693: [GC (Allocation Failure) 2021-01-22T01:11:33.326+0800: 49.693: [DefNew: 314559K->34943K(314560K), 0.0148760 secs] 848515K->646374K(1013632K), 0.0157885 secs] [Times: user=0.02 sys=0.00, real=0.02 secs] 
2021-01-22T01:11:33.374+0800: 49.742: [GC (Allocation Failure) 2021-01-22T01:11:33.374+0800: 49.742: [DefNew: 314559K->314559K(314560K), 0.0003818 secs]2021-01-22T01:11:33.375+0800: 49.743: [Tenured: 611431K->418508K(699072K), 0.0473645 secs] 925990K->418508K(1013632K), [Metaspace: 2817K->2817K(1056768K)], 0.0490923 secs] [Times: user=0.05 sys=0.00, real=0.05 secs] 
2021-01-22T01:11:33.459+0800: 49.827: [GC (Allocation Failure) 2021-01-22T01:11:33.459+0800: 49.827: [DefNew: 279616K->34943K(314560K), 0.0126314 secs] 698124K->501450K(1013632K), 0.0134570 secs] [Times: user=0.01 sys=0.00, real=0.01 secs] 
2021-01-22T01:11:33.507+0800: 49.875: [GC (Allocation Failure) 2021-01-22T01:11:33.507+0800: 49.875: [DefNew: 314559K->34943K(314560K), 0.0150963 secs] 781066K->581712K(1013632K), 0.0159179 secs] [Times: user=0.01 sys=0.00, real=0.02 secs] 
2021-01-22T01:11:33.556+0800: 49.924: [GC (Allocation Failure) 2021-01-22T01:11:33.556+0800: 49.924: [DefNew: 314038K->34942K(314560K), 0.0142064 secs] 860807K->658551K(1013632K), 0.0152020 secs] [Times: user=0.02 sys=0.00, real=0.02 secs] 
2021-01-22T01:11:33.604+0800: 49.972: [GC (Allocation Failure) 2021-01-22T01:11:33.605+0800: 49.973: [DefNew: 314558K->314558K(314560K), 0.0003976 secs]2021-01-22T01:11:33.605+0800: 49.973: [Tenured: 623609K->415728K(699072K), 0.0479588 secs] 938167K->415728K(1013632K), [Metaspace: 2817K->2817K(1056768K)], 0.0496534 secs] [Times: user=0.05 sys=0.00, real=0.05 secs] 
2021-01-22T01:11:33.687+0800: 50.055: [GC (Allocation Failure) 2021-01-22T01:11:33.688+0800: 50.055: [DefNew: 279616K->34943K(314560K), 0.0114644 secs] 695344K->501474K(1013632K), 0.0124134 secs] [Times: user=0.01 sys=0.00, real=0.02 secs] 
2021-01-22T01:11:33.733+0800: 50.101: [GC (Allocation Failure) 2021-01-22T01:11:33.733+0800: 50.101: [DefNew: 314559K->34943K(314560K), 0.0136216 secs] 781090K->574117K(1013632K), 0.0145763 secs] [Times: user=0.01 sys=0.00, real=0.01 secs] 
2021-01-22T01:11:33.779+0800: 50.147: [GC (Allocation Failure) 2021-01-22T01:11:33.780+0800: 50.147: [DefNew: 314559K->34944K(314560K), 0.0169853 secs] 853733K->669173K(1013632K), 0.0179280 secs] [Times: user=0.02 sys=0.00, real=0.01 secs] 
2021-01-22T01:11:33.832+0800: 50.200: [GC (Allocation Failure) 2021-01-22T01:11:33.833+0800: 50.200: [DefNew: 314560K->314560K(314560K), 0.0003892 secs]2021-01-22T01:11:33.833+0800: 50.201: [Tenured: 634229K->380807K(699072K), 0.0508400 secs] 948789K->380807K(1013632K), [Metaspace: 2817K->2817K(1056768K)], 0.0525400 secs] [Times: user=0.05 sys=0.00, real=0.05 secs] 
2021-01-22T01:11:33.920+0800: 50.288: [GC (Allocation Failure) 2021-01-22T01:11:33.921+0800: 50.289: [DefNew: 279616K->34943K(314560K), 0.0123535 secs] 660423K->469568K(1013632K), 0.0136521 secs] [Times: user=0.01 sys=0.00, real=0.01 secs] 
2021-01-22T01:11:33.968+0800: 50.336: [GC (Allocation Failure) 2021-01-22T01:11:33.969+0800: 50.336: [DefNew: 314559K->34943K(314560K), 0.0155123 secs] 749184K->552446K(1013632K), 0.0163673 secs] [Times: user=0.02 sys=0.00, real=0.01 secs] 
2021-01-22T01:11:34.018+0800: 50.385: [GC (Allocation Failure) 2021-01-22T01:11:34.018+0800: 50.386: [DefNew: 314559K->34944K(314560K), 0.0151716 secs] 832062K->633855K(1013632K), 0.0160370 secs] [Times: user=0.02 sys=0.00, real=0.02 secs] 
2021-01-22T01:11:34.066+0800: 50.434: [GC (Allocation Failure) 2021-01-22T01:11:34.067+0800: 50.435: [DefNew: 314560K->314560K(314560K), 0.0004030 secs]2021-01-22T01:11:34.067+0800: 50.435: [Tenured: 598911K->418181K(699072K), 0.0465312 secs] 913471K->418181K(1013632K), [Metaspace: 2817K->2817K(1056768K)], 0.0481930 secs] [Times: user=0.05 sys=0.00, real=0.05 secs] 
2021-01-22T01:11:34.150+0800: 50.518: [GC (Allocation Failure) 2021-01-22T01:11:34.151+0800: 50.518: [DefNew: 279616K->34942K(314560K), 0.0121894 secs] 697797K->510131K(1013632K), 0.0131779 secs] [Times: user=0.01 sys=0.00, real=0.01 secs] 
2021-01-22T01:11:34.199+0800: 50.567: [GC (Allocation Failure) 2021-01-22T01:11:34.199+0800: 50.567: [DefNew: 314558K->34943K(314560K), 0.0134759 secs] 789747K->586145K(1013632K), 0.0143912 secs] [Times: user=0.01 sys=0.00, real=0.01 secs] 
2021-01-22T01:11:34.246+0800: 50.614: [GC (Allocation Failure) 2021-01-22T01:11:34.247+0800: 50.614: [DefNew: 314559K->34943K(314560K), 0.0149669 secs] 865761K->668967K(1013632K), 0.0159244 secs] [Times: user=0.02 sys=0.00, real=0.02 secs] 
2021-01-22T01:11:34.298+0800: 50.665: [GC (Allocation Failure) 2021-01-22T01:11:34.298+0800: 50.666: [DefNew: 314559K->314559K(314560K), 0.0003914 secs]2021-01-22T01:11:34.299+0800: 50.667: [Tenured: 634023K->425288K(699072K), 0.0528587 secs] 948583K->425288K(1013632K), [Metaspace: 2817K->2817K(1056768K)], 0.0546311 secs] [Times: user=0.06 sys=0.00, real=0.06 secs] 
2021-01-22T01:11:34.388+0800: 50.756: [GC (Allocation Failure) 2021-01-22T01:11:34.389+0800: 50.757: [DefNew: 279616K->34944K(314560K), 0.0120391 secs] 704904K->507409K(1013632K), 0.0128634 secs] [Times: user=0.01 sys=0.00, real=0.01 secs] 
2021-01-22T01:11:34.436+0800: 50.804: [GC (Allocation Failure) 2021-01-22T01:11:34.437+0800: 50.804: [DefNew: 314560K->34943K(314560K), 0.0154498 secs] 787025K->581862K(1013632K), 0.0162945 secs] [Times: user=0.01 sys=0.00, real=0.02 secs] 
2021-01-22T01:11:34.488+0800: 50.855: [GC (Allocation Failure) 2021-01-22T01:11:34.488+0800: 50.856: [DefNew: 314559K->34943K(314560K), 0.0149143 secs] 861478K->662769K(1013632K), 0.0158031 secs] [Times: user=0.01 sys=0.00, real=0.02 secs] 
2021-01-22T01:11:34.536+0800: 50.904: [GC (Allocation Failure) 2021-01-22T01:11:34.537+0800: 50.905: [DefNew: 314559K->314559K(314560K), 0.0003408 secs]2021-01-22T01:11:34.537+0800: 50.905: [Tenured: 627825K->406730K(699072K), 0.0534337 secs] 942385K->406730K(1013632K), [Metaspace: 2817K->2817K(1056768K)], 0.0548756 secs] [Times: user=0.05 sys=0.00, real=0.06 secs] 
2021-01-22T01:11:34.627+0800: 50.995: [GC (Allocation Failure) 2021-01-22T01:11:34.627+0800: 50.995: [DefNew: 279616K->34943K(314560K), 0.0116662 secs] 686346K->489865K(1013632K), 0.0126333 secs] [Times: user=0.02 sys=0.00, real=0.02 secs] 
2021-01-22T01:11:34.677+0800: 51.045: [GC (Allocation Failure) 2021-01-22T01:11:34.677+0800: 51.045: [DefNew: 314559K->34944K(314560K), 0.0147362 secs] 769481K->569757K(1013632K), 0.0159340 secs] [Times: user=0.02 sys=0.00, real=0.02 secs] 
2021-01-22T01:11:34.726+0800: 51.094: [GC (Allocation Failure) 2021-01-22T01:11:34.726+0800: 51.094: [DefNew: 314285K->34944K(314560K), 0.0158192 secs] 849098K->653172K(1013632K), 0.0165924 secs] [Times: user=0.02 sys=0.00, real=0.02 secs] 
2021-01-22T01:11:34.776+0800: 51.144: [GC (Allocation Failure) 2021-01-22T01:11:34.776+0800: 51.144: [DefNew: 314560K->314560K(314560K), 0.0003468 secs]2021-01-22T01:11:34.777+0800: 51.145: [Tenured: 618228K->380079K(699072K), 0.0516509 secs] 932788K->380079K(1013632K), [Metaspace: 2817K->2817K(1056768K)], 0.0531999 secs] [Times: user=0.05 sys=0.00, real=0.06 secs] 
2021-01-22T01:11:34.862+0800: 51.230: [GC (Allocation Failure) 2021-01-22T01:11:34.863+0800: 51.230: [DefNew: 279616K->34943K(314560K), 0.0119390 secs] 659695K->472510K(1013632K), 0.0127502 secs] [Times: user=0.01 sys=0.00, real=0.01 secs] 
2021-01-22T01:11:34.910+0800: 51.278: [GC (Allocation Failure) 2021-01-22T01:11:34.910+0800: 51.278: [DefNew: 314559K->34943K(314560K), 0.0144679 secs] 752126K->546272K(1013632K), 0.0153740 secs] [Times: user=0.01 sys=0.00, real=0.01 secs] 
2021-01-22T01:11:34.960+0800: 51.328: [GC (Allocation Failure) 2021-01-22T01:11:34.961+0800: 51.329: [DefNew: 314559K->34943K(314560K), 0.0141185 secs] 825888K->623338K(1013632K), 0.0149718 secs] [Times: user=0.01 sys=0.00, real=0.01 secs] 
2021-01-22T01:11:35.010+0800: 51.377: [GC (Allocation Failure) 2021-01-22T01:11:35.010+0800: 51.378: [DefNew: 314559K->34943K(314560K), 0.0157018 secs] 902954K->703041K(1013632K), 0.0166205 secs] [Times: user=0.01 sys=0.00, real=0.01 secs] 
2021-01-22T01:11:35.061+0800: 51.429: [GC (Allocation Failure) 2021-01-22T01:11:35.061+0800: 51.429: [DefNew: 314559K->314559K(314560K), 0.0003119 secs]2021-01-22T01:11:35.062+0800: 51.430: [Tenured: 668097K->410452K(699072K), 0.0469328 secs] 982657K->410452K(1013632K), [Metaspace: 2817K->2817K(1056768K)], 0.0483433 secs] [Times: user=0.05 sys=0.00, real=0.05 secs] 
2021-01-22T01:11:35.142+0800: 51.510: [GC (Allocation Failure) 2021-01-22T01:11:35.143+0800: 51.510: [DefNew: 279616K->34943K(314560K), 0.0115443 secs] 690068K->497051K(1013632K), 0.0123608 secs] [Times: user=0.02 sys=0.00, real=0.01 secs] 
2021-01-22T01:11:35.191+0800: 51.558: [GC (Allocation Failure) 2021-01-22T01:11:35.196+0800: 51.564: [DefNew: 314559K->34943K(314560K), 0.0231983 secs] 776667K->575956K(1013632K), 0.0291650 secs] [Times: user=0.02 sys=0.00, real=0.03 secs] 
2021-01-22T01:11:35.259+0800: 51.627: [GC (Allocation Failure) 2021-01-22T01:11:35.260+0800: 51.628: [DefNew: 314559K->34943K(314560K), 0.0174070 secs] 855572K->661467K(1013632K), 0.0181983 secs] [Times: user=0.02 sys=0.00, real=0.01 secs] 
2021-01-22T01:11:35.312+0800: 51.680: [GC (Allocation Failure) 2021-01-22T01:11:35.313+0800: 51.680: [DefNew: 314559K->314559K(314560K), 0.0002660 secs]2021-01-22T01:11:35.313+0800: 51.681: [Tenured: 626523K->403862K(699072K), 0.0500155 secs] 941083K->403862K(1013632K), [Metaspace: 2817K->2817K(1056768K)], 0.0515516 secs] [Times: user=0.05 sys=0.00, real=0.05 secs] 
2021-01-22T01:11:35.401+0800: 51.769: [GC (Allocation Failure) 2021-01-22T01:11:35.401+0800: 51.769: [DefNew: 279616K->34942K(314560K), 0.0108019 secs] 683478K->488754K(1013632K), 0.0116191 secs] [Times: user=0.01 sys=0.00, real=0.01 secs] 
2021-01-22T01:11:35.449+0800: 51.817: [GC (Allocation Failure) 2021-01-22T01:11:35.449+0800: 51.817: [DefNew: 314558K->34943K(314560K), 0.0136290 secs] 768370K->564916K(1013632K), 0.0146132 secs] [Times: user=0.01 sys=0.00, real=0.01 secs] 
2021-01-22T01:11:35.498+0800: 51.866: [GC (Allocation Failure) 2021-01-22T01:11:35.499+0800: 51.867: [DefNew: 314559K->34943K(314560K), 0.0151615 secs] 844532K->639706K(1013632K), 0.0158601 secs] [Times: user=0.01 sys=0.00, real=0.01 secs] 
2021-01-22T01:11:35.550+0800: 51.918: [GC (Allocation Failure) 2021-01-22T01:11:35.551+0800: 51.918: [DefNew: 314559K->314559K(314560K), 0.0003822 secs]2021-01-22T01:11:35.551+0800: 51.919: [Tenured: 604762K->392914K(699072K), 0.0477824 secs] 919322K->392914K(1013632K), [Metaspace: 2817K->2817K(1056768K)], 0.0497390 secs] [Times: user=0.05 sys=0.00, real=0.05 secs] 
2021-01-22T01:11:35.634+0800: 52.002: [GC (Allocation Failure) 2021-01-22T01:11:35.635+0800: 52.003: [DefNew: 279616K->34944K(314560K), 0.0108757 secs] 672530K->477718K(1013632K), 0.0117294 secs] [Times: user=0.01 sys=0.00, real=0.01 secs] 
2021-01-22T01:11:35.684+0800: 52.052: [GC (Allocation Failure) 2021-01-22T01:11:35.685+0800: 52.053: [DefNew: 314560K->34944K(314560K), 0.0183691 secs] 757334K->561468K(1013632K), 0.0192701 secs] [Times: user=0.02 sys=0.00, real=0.02 secs] 
2021-01-22T01:11:35.742+0800: 52.110: [GC (Allocation Failure) 2021-01-22T01:11:35.742+0800: 52.110: [DefNew: 314560K->34942K(314560K), 0.0186591 secs] 841084K->648572K(1013632K), 0.0193310 secs] [Times: user=0.02 sys=0.00, real=0.02 secs] 
2021-01-22T01:11:35.797+0800: 52.165: [GC (Allocation Failure) 2021-01-22T01:11:35.797+0800: 52.165: [DefNew: 314558K->314558K(314560K), 0.0003312 secs]2021-01-22T01:11:35.798+0800: 52.166: [Tenured: 613630K->375500K(699072K), 0.0499773 secs] 928188K->375500K(1013632K), [Metaspace: 2817K->2817K(1056768K)], 0.0516334 secs] [Times: user=0.05 sys=0.00, real=0.06 secs] 
2021-01-22T01:11:35.884+0800: 52.252: [GC (Allocation Failure) 2021-01-22T01:11:35.884+0800: 52.252: [DefNew: 279616K->34943K(314560K), 0.0097928 secs] 655116K->460780K(1013632K), 0.0106994 secs] [Times: user=0.01 sys=0.00, real=0.01 secs] 
2021-01-22T01:11:35.930+0800: 52.298: [GC (Allocation Failure) 2021-01-22T01:11:35.931+0800: 52.298: [DefNew: 314551K->34943K(314560K), 0.0151757 secs] 740388K->538262K(1013632K), 0.0160912 secs] [Times: user=0.01 sys=0.00, real=0.01 secs] 
2021-01-22T01:11:35.982+0800: 52.350: [GC (Allocation Failure) 2021-01-22T01:11:35.982+0800: 52.350: [DefNew: 314559K->34943K(314560K), 0.0141865 secs] 817878K->615895K(1013632K), 0.0153381 secs] [Times: user=0.01 sys=0.00, real=0.01 secs] 
2021-01-22T01:11:36.030+0800: 52.398: [GC (Allocation Failure) 2021-01-22T01:11:36.030+0800: 52.398: [DefNew: 314452K->34944K(314560K), 0.0147197 secs] 895404K->694868K(1013632K), 0.0155726 secs] [Times: user=0.02 sys=0.00, real=0.01 secs] 
2021-01-22T01:11:36.080+0800: 52.448: [GC (Allocation Failure) 2021-01-22T01:11:36.081+0800: 52.449: [DefNew: 314560K->314560K(314560K), 0.0002086 secs]2021-01-22T01:11:36.081+0800: 52.449: [Tenured: 659924K->405102K(699072K), 0.0477142 secs] 974484K->405102K(1013632K), [Metaspace: 2817K->2817K(1056768K)], 0.0489618 secs] [Times: user=0.05 sys=0.00, real=0.05 secs] 
2021-01-22T01:11:36.165+0800: 52.533: [GC (Allocation Failure) 2021-01-22T01:11:36.166+0800: 52.533: [DefNew: 279616K->34943K(314560K), 0.0110333 secs] 684718K->495596K(1013632K), 0.0118855 secs] [Times: user=0.01 sys=0.00, real=0.01 secs] 
2021-01-22T01:11:36.211+0800: 52.579: [GC (Allocation Failure) 2021-01-22T01:11:36.212+0800: 52.579: [DefNew: 314559K->34943K(314560K), 0.0151301 secs] 775212K->577816K(1013632K), 0.0159739 secs] [Times: user=0.02 sys=0.00, real=0.01 secs] 
2021-01-22T01:11:36.261+0800: 52.629: [GC (Allocation Failure) 2021-01-22T01:11:36.261+0800: 52.629: [DefNew: 314104K->34943K(314560K), 0.0146455 secs] 856977K->656701K(1013632K), 0.0154706 secs] [Times: user=0.01 sys=0.00, real=0.01 secs] 
2021-01-22T01:11:36.308+0800: 52.676: [GC (Allocation Failure) 2021-01-22T01:11:36.308+0800: 52.676: [DefNew: 314559K->314559K(314560K), 0.0003252 secs]2021-01-22T01:11:36.309+0800: 52.677: [Tenured: 621758K->408150K(699072K), 0.0471106 secs] 936317K->408150K(1013632K), [Metaspace: 2817K->2817K(1056768K)], 0.0486357 secs] [Times: user=0.05 sys=0.00, real=0.05 secs] 
2021-01-22T01:11:36.391+0800: 52.759: [GC (Allocation Failure) 2021-01-22T01:11:36.392+0800: 52.760: [DefNew: 279616K->34943K(314560K), 0.0098092 secs] 687766K->485217K(1013632K), 0.0107631 secs] [Times: user=0.01 sys=0.00, real=0.01 secs] 
2021-01-22T01:11:36.435+0800: 52.803: [GC (Allocation Failure) 2021-01-22T01:11:36.435+0800: 52.803: [DefNew: 314559K->34943K(314560K), 0.0176774 secs] 764833K->566469K(1013632K), 0.0184794 secs] [Times: user=0.02 sys=0.00, real=0.02 secs] 
2021-01-22T01:11:36.487+0800: 52.855: [GC (Allocation Failure) 2021-01-22T01:11:36.488+0800: 52.855: [DefNew: 314559K->34944K(314560K), 0.0145964 secs] 846085K->639918K(1013632K), 0.0154186 secs] [Times: user=0.01 sys=0.00, real=0.02 secs] 
2021-01-22T01:11:36.537+0800: 52.905: [GC (Allocation Failure) 2021-01-22T01:11:36.537+0800: 52.905: [DefNew: 314560K->314560K(314560K), 0.0003542 secs]2021-01-22T01:11:36.538+0800: 52.906: [Tenured: 604974K->398023K(699072K), 0.0464597 secs] 919534K->398023K(1013632K), [Metaspace: 2817K->2817K(1056768K)], 0.0481258 secs] [Times: user=0.04 sys=0.00, real=0.05 secs] 
2021-01-22T01:11:36.616+0800: 52.984: [GC (Allocation Failure) 2021-01-22T01:11:36.617+0800: 52.985: [DefNew: 279616K->34943K(314560K), 0.0105655 secs] 677639K->488101K(1013632K), 0.0115530 secs] [Times: user=0.01 sys=0.00, real=0.02 secs] 
2021-01-22T01:11:36.660+0800: 53.028: [GC (Allocation Failure) 2021-01-22T01:11:36.661+0800: 53.029: [DefNew: 314559K->34943K(314560K), 0.0138144 secs] 767717K->563607K(1013632K), 0.0152414 secs] [Times: user=0.01 sys=0.00, real=0.01 secs] 
2021-01-22T01:11:36.710+0800: 53.078: [GC (Allocation Failure) 2021-01-22T01:11:36.711+0800: 53.079: [DefNew: 314412K->34944K(314560K), 0.0145694 secs] 843076K->635396K(1013632K), 0.0155336 secs] [Times: user=0.02 sys=0.00, real=0.01 secs] 
2021-01-22T01:11:36.767+0800: 53.135: [GC (Allocation Failure) 2021-01-22T01:11:36.768+0800: 53.136: [DefNew: 314560K->314560K(314560K), 0.0003935 secs]2021-01-22T01:11:36.768+0800: 53.136: [Tenured: 600452K->360625K(699072K), 0.0545914 secs] 915012K->360625K(1013632K), [Metaspace: 2817K->2817K(1056768K)], 0.0562130 secs] [Times: user=0.05 sys=0.00, real=0.06 secs] 
2021-01-22T01:11:36.858+0800: 53.226: [GC (Allocation Failure) 2021-01-22T01:11:36.859+0800: 53.226: [DefNew: 279616K->34943K(314560K), 0.0130603 secs] 640241K->450340K(1013632K), 0.0139382 secs] [Times: user=0.01 sys=0.00, real=0.02 secs] 
2021-01-22T01:11:36.907+0800: 53.275: [GC (Allocation Failure) 2021-01-22T01:11:36.908+0800: 53.275: [DefNew: 314199K->34943K(314560K), 0.0153778 secs] 729597K->523770K(1013632K), 0.0162196 secs] [Times: user=0.01 sys=0.00, real=0.02 secs] 
2021-01-22T01:11:36.957+0800: 53.324: [GC (Allocation Failure) 2021-01-22T01:11:36.957+0800: 53.325: [DefNew: 314559K->34942K(314560K), 0.0154649 secs] 803386K->605320K(1013632K), 0.0163168 secs] [Times: user=0.02 sys=0.00, real=0.02 secs] 
2021-01-22T01:11:37.011+0800: 53.378: [GC (Allocation Failure) 2021-01-22T01:11:37.011+0800: 53.379: [DefNew: 314558K->34944K(314560K), 0.0164329 secs] 884936K->686243K(1013632K), 0.0172625 secs] [Times: user=0.01 sys=0.00, real=0.02 secs] 
2021-01-22T01:11:37.062+0800: 53.429: [GC (Allocation Failure) 2021-01-22T01:11:37.062+0800: 53.430: [DefNew: 314071K->314071K(314560K), 0.0003321 secs]2021-01-22T01:11:37.063+0800: 53.430: [Tenured: 651299K->406866K(699072K), 0.0512503 secs] 965371K->406866K(1013632K), [Metaspace: 2817K->2817K(1056768K)], 0.0527569 secs] [Times: user=0.05 sys=0.00, real=0.05 secs] 
2021-01-22T01:11:37.150+0800: 53.518: [GC (Allocation Failure) 2021-01-22T01:11:37.151+0800: 53.519: [DefNew: 279616K->34944K(314560K), 0.0102600 secs] 686482K->486265K(1013632K), 0.0111707 secs] [Times: user=0.01 sys=0.00, real=0.01 secs] 
2021-01-22T01:11:37.196+0800: 53.564: [GC (Allocation Failure) 2021-01-22T01:11:37.197+0800: 53.564: [DefNew: 314560K->34943K(314560K), 0.0152052 secs] 765881K->561192K(1013632K), 0.0174561 secs] [Times: user=0.01 sys=0.00, real=0.02 secs] 
2021-01-22T01:11:37.247+0800: 53.615: [GC (Allocation Failure) 2021-01-22T01:11:37.248+0800: 53.615: [DefNew: 314559K->34944K(314560K), 0.0146195 secs] 840808K->637075K(1013632K), 0.0154103 secs] [Times: user=0.01 sys=0.00, real=0.02 secs] 
2021-01-22T01:11:37.300+0800: 53.668: [GC (Allocation Failure) 2021-01-22T01:11:37.301+0800: 53.668: [DefNew: 314560K->314560K(314560K), 0.0003304 secs]2021-01-22T01:11:37.301+0800: 53.669: [Tenured: 602131K->390674K(699072K), 0.0461063 secs] 916691K->390674K(1013632K), [Metaspace: 2817K->2817K(1056768K)], 0.0475941 secs] [Times: user=0.04 sys=0.00, real=0.05 secs] 
2021-01-22T01:11:37.381+0800: 53.749: [GC (Allocation Failure) 2021-01-22T01:11:37.382+0800: 53.749: [DefNew: 279616K->34943K(314560K), 0.0115352 secs] 670290K->477122K(1013632K), 0.0123615 secs] [Times: user=0.01 sys=0.00, real=0.01 secs] 
2021-01-22T01:11:37.428+0800: 53.795: [GC (Allocation Failure) 2021-01-22T01:11:37.428+0800: 53.796: [DefNew: 314441K->34943K(314560K), 0.0153004 secs] 756620K->557597K(1013632K), 0.0160872 secs] [Times: user=0.02 sys=0.00, real=0.02 secs] 
2021-01-22T01:11:37.476+0800: 53.844: [GC (Allocation Failure) 2021-01-22T01:11:37.477+0800: 53.844: [DefNew: 314559K->34942K(314560K), 0.0147304 secs] 837213K->637761K(1013632K), 0.0155424 secs] [Times: user=0.01 sys=0.00, real=0.02 secs] 
2021-01-22T01:11:37.525+0800: 53.893: [GC (Allocation Failure) 2021-01-22T01:11:37.526+0800: 53.893: [DefNew: 314558K->314558K(314560K), 0.0003300 secs]2021-01-22T01:11:37.526+0800: 53.894: [Tenured: 602818K->413338K(699072K), 0.0462981 secs] 917377K->413338K(1013632K), [Metaspace: 2817K->2817K(1056768K)], 0.0477893 secs] [Times: user=0.04 sys=0.00, real=0.05 secs] 
2021-01-22T01:11:37.611+0800: 53.979: [GC (Allocation Failure) 2021-01-22T01:11:37.611+0800: 53.979: [DefNew: 279616K->34943K(314560K), 0.0103332 secs] 692954K->494642K(1013632K), 0.0113244 secs] [Times: user=0.01 sys=0.00, real=0.01 secs] 
2021-01-22T01:11:37.656+0800: 54.024: [GC (Allocation Failure) 2021-01-22T01:11:37.656+0800: 54.024: [DefNew: 314559K->34943K(314560K), 0.0147086 secs] 774258K->573801K(1013632K), 0.0156158 secs] [Times: user=0.02 sys=0.00, real=0.02 secs] 
2021-01-22T01:11:37.705+0800: 54.073: [GC (Allocation Failure) 2021-01-22T01:11:37.705+0800: 54.073: [DefNew: 314559K->34943K(314560K), 0.0149172 secs] 853417K->653946K(1013632K), 0.0158285 secs] [Times: user=0.01 sys=0.00, real=0.02 secs] 
2021-01-22T01:11:37.756+0800: 54.124: [GC (Allocation Failure) 2021-01-22T01:11:37.757+0800: 54.124: [DefNew: 314559K->314559K(314560K), 0.0003411 secs]2021-01-22T01:11:37.757+0800: 54.125: [Tenured: 619003K->368022K(699072K), 0.0582966 secs] 933562K->368022K(1013632K), [Metaspace: 2817K->2817K(1056768K)], 0.0597780 secs] [Times: user=0.06 sys=0.00, real=0.06 secs] 
2021-01-22T01:11:37.854+0800: 54.222: [GC (Allocation Failure) 2021-01-22T01:11:37.854+0800: 54.222: [DefNew: 279616K->34942K(314560K), 0.0108711 secs] 647638K->448913K(1013632K), 0.0117653 secs] [Times: user=0.01 sys=0.00, real=0.01 secs] 
2021-01-22T01:11:37.901+0800: 54.269: [GC (Allocation Failure) 2021-01-22T01:11:37.902+0800: 54.269: [DefNew: 314558K->34943K(314560K), 0.0186158 secs] 728529K->529971K(1013632K), 0.0196305 secs] [Times: user=0.02 sys=0.00, real=0.02 secs] 
2021-01-22T01:11:37.957+0800: 54.324: [GC (Allocation Failure) 2021-01-22T01:11:37.957+0800: 54.325: [DefNew: 314049K->34944K(314560K), 0.0167536 secs] 809076K->606513K(1013632K), 0.0175263 secs] [Times: user=0.02 sys=0.00, real=0.02 secs] 
2021-01-22T01:11:38.013+0800: 54.381: [GC (Allocation Failure) 2021-01-22T01:11:38.014+0800: 54.382: [DefNew: 314560K->34943K(314560K), 0.0161327 secs] 886129K->691691K(1013632K), 0.0171560 secs] [Times: user=0.02 sys=0.00, real=0.02 secs] 
2021-01-22T01:11:38.067+0800: 54.435: [GC (Allocation Failure) 2021-01-22T01:11:38.067+0800: 54.435: [DefNew: 314559K->314559K(314560K), 0.0002979 secs]2021-01-22T01:11:38.068+0800: 54.436: [Tenured: 656747K->411877K(699072K), 0.0597419 secs] 971307K->411877K(1013632K), [Metaspace: 2817K->2817K(1056768K)], 0.0612309 secs] [Times: user=0.06 sys=0.00, real=0.07 secs] 
2021-01-22T01:11:38.163+0800: 54.531: [GC (Allocation Failure) 2021-01-22T01:11:38.164+0800: 54.532: [DefNew: 279616K->34943K(314560K), 0.0120245 secs] 691493K->500308K(1013632K), 0.0130855 secs] [Times: user=0.01 sys=0.00, real=0.01 secs] 
2021-01-22T01:11:38.212+0800: 54.580: [GC (Allocation Failure) 2021-01-22T01:11:38.212+0800: 54.580: [DefNew: 314559K->34944K(314560K), 0.0154689 secs] 779924K->577439K(1013632K), 0.0164223 secs] [Times: user=0.02 sys=0.00, real=0.02 secs] 
2021-01-22T01:11:38.261+0800: 54.629: [GC (Allocation Failure) 2021-01-22T01:11:38.261+0800: 54.629: [DefNew: 314560K->34943K(314560K), 0.0165736 secs] 857055K->662225K(1013632K), 0.0175198 secs] [Times: user=0.02 sys=0.00, real=0.02 secs] 
2021-01-22T01:11:38.314+0800: 54.682: [GC (Allocation Failure) 2021-01-22T01:11:38.315+0800: 54.682: [DefNew: 314559K->314559K(314560K), 0.0003876 secs]2021-01-22T01:11:38.315+0800: 54.683: [Tenured: 627281K->415872K(699072K), 0.0504077 secs] 941841K->415872K(1013632K), [Metaspace: 2817K->2817K(1056768K)], 0.0521230 secs] [Times: user=0.05 sys=0.00, real=0.05 secs] 
2021-01-22T01:11:38.402+0800: 54.769: [GC (Allocation Failure) 2021-01-22T01:11:38.402+0800: 54.770: [DefNew: 279616K->34943K(314560K), 0.0109482 secs] 695488K->495378K(1013632K), 0.0117946 secs] [Times: user=0.01 sys=0.00, real=0.01 secs] 
2021-01-22T01:11:38.449+0800: 54.817: [GC (Allocation Failure) 2021-01-22T01:11:38.450+0800: 54.818: [DefNew: 314559K->34943K(314560K), 0.0148482 secs] 774994K->577391K(1013632K), 0.0158378 secs] [Times: user=0.02 sys=0.00, real=0.01 secs] 
2021-01-22T01:11:38.501+0800: 54.869: [GC (Allocation Failure) 2021-01-22T01:11:38.501+0800: 54.869: [DefNew: 314559K->34943K(314560K), 0.0144533 secs] 857007K->649809K(1013632K), 0.0153775 secs] [Times: user=0.02 sys=0.00, real=0.01 secs] 
2021-01-22T01:11:38.552+0800: 54.920: [GC (Allocation Failure) 2021-01-22T01:11:38.553+0800: 54.921: [DefNew: 314559K->314559K(314560K), 0.0003667 secs]2021-01-22T01:11:38.553+0800: 54.921: [Tenured: 614865K->414152K(699072K), 0.0513718 secs] 929425K->414152K(1013632K), [Metaspace: 2817K->2817K(1056768K)], 0.0529227 secs] [Times: user=0.06 sys=0.00, real=0.05 secs] 
2021-01-22T01:11:38.639+0800: 55.007: [GC (Allocation Failure) 2021-01-22T01:11:38.639+0800: 55.007: [DefNew: 279616K->34943K(314560K), 0.0125619 secs] 693768K->508466K(1013632K), 0.0134833 secs] [Times: user=0.01 sys=0.00, real=0.01 secs] 
2021-01-22T01:11:38.685+0800: 55.053: [GC (Allocation Failure) 2021-01-22T01:11:38.685+0800: 55.053: [DefNew: 314559K->34943K(314560K), 0.0145354 secs] 788082K->587671K(1013632K), 0.0153750 secs] [Times: user=0.02 sys=0.00, real=0.02 secs] 
2021-01-22T01:11:38.735+0800: 55.103: [GC (Allocation Failure) 2021-01-22T01:11:38.736+0800: 55.103: [DefNew: 314559K->34943K(314560K), 0.0155628 secs] 867287K->668600K(1013632K), 0.0165401 secs] [Times: user=0.02 sys=0.00, real=0.02 secs] 
2021-01-22T01:11:38.787+0800: 55.155: [GC (Allocation Failure) 2021-01-22T01:11:38.788+0800: 55.156: [DefNew: 314559K->314559K(314560K), 0.0003681 secs]2021-01-22T01:11:38.789+0800: 55.156: [Tenured: 633657K->379760K(699072K), 0.0514384 secs] 948216K->379760K(1013632K), [Metaspace: 2817K->2817K(1056768K)], 0.0530180 secs] [Times: user=0.05 sys=0.00, real=0.06 secs] 
2021-01-22T01:11:38.873+0800: 55.241: [GC (Allocation Failure) 2021-01-22T01:11:38.874+0800: 55.242: [DefNew: 279616K->34943K(314560K), 0.0154542 secs] 659376K->468691K(1013632K), 0.0165316 secs] [Times: user=0.01 sys=0.00, real=0.02 secs] 
2021-01-22T01:11:38.935+0800: 55.303: [GC (Allocation Failure) 2021-01-22T01:11:38.935+0800: 55.303: [DefNew: 314559K->34943K(314560K), 0.0217626 secs] 748307K->544483K(1013632K), 0.0226605 secs] [Times: user=0.02 sys=0.00, real=0.02 secs] 
2021-01-22T01:11:39.003+0800: 55.371: [GC (Allocation Failure) 2021-01-22T01:11:39.003+0800: 55.371: [DefNew: 314559K->34943K(314560K), 0.0234302 secs] 824099K->623367K(1013632K), 0.0242495 secs] [Times: user=0.03 sys=0.00, real=0.02 secs] 
2021-01-22T01:11:39.072+0800: 55.440: [GC (Allocation Failure) 2021-01-22T01:11:39.073+0800: 55.441: [DefNew: 314518K->34943K(314560K), 0.0191454 secs] 902941K->701563K(1013632K), 0.0196955 secs] [Times: user=0.02 sys=0.00, real=0.02 secs] 
2021-01-22T01:11:39.127+0800: 55.495: [GC (Allocation Failure) 2021-01-22T01:11:39.128+0800: 55.496: [DefNew: 314559K->314559K(314560K), 0.0001997 secs]2021-01-22T01:11:39.128+0800: 55.496: [Tenured: 666620K->418822K(699072K), 0.0499393 secs] 981179K->418822K(1013632K), [Metaspace: 2817K->2817K(1056768K)], 0.0510075 secs] [Times: user=0.05 sys=0.00, real=0.06 secs] 
2021-01-22T01:11:39.212+0800: 55.580: [GC (Allocation Failure) 2021-01-22T01:11:39.212+0800: 55.580: [DefNew: 279616K->34942K(314560K), 0.0112991 secs] 698438K->503615K(1013632K), 0.0200787 secs] [Times: user=0.01 sys=0.00, real=0.02 secs] 
2021-01-22T01:11:39.266+0800: 55.634: [GC (Allocation Failure) 2021-01-22T01:11:39.267+0800: 55.635: [DefNew: 314185K->34942K(314560K), 0.0161048 secs] 782858K->584591K(1013632K), 0.0173207 secs] [Times: user=0.02 sys=0.00, real=0.02 secs] 
2021-01-22T01:11:39.322+0800: 55.690: [GC (Allocation Failure) 2021-01-22T01:11:39.323+0800: 55.691: [DefNew: 314558K->34943K(314560K), 0.0169002 secs] 864207K->657660K(1013632K), 0.0179122 secs] [Times: user=0.01 sys=0.00, real=0.02 secs] 
2021-01-22T01:11:39.378+0800: 55.746: [GC (Allocation Failure) 2021-01-22T01:11:39.378+0800: 55.746: [DefNew: 314559K->314559K(314560K), 0.0002727 secs]2021-01-22T01:11:39.379+0800: 55.746: [Tenured: 622716K->408543K(699072K), 0.0527182 secs] 937276K->408543K(1013632K), [Metaspace: 2817K->2817K(1056768K)], 0.0543286 secs] [Times: user=0.05 sys=0.00, real=0.06 secs] 
2021-01-22T01:11:39.470+0800: 55.838: [GC (Allocation Failure) 2021-01-22T01:11:39.471+0800: 55.838: [DefNew: 279616K->34943K(314560K), 0.0120229 secs] 688159K->493106K(1013632K), 0.0129639 secs] [Times: user=0.01 sys=0.00, real=0.01 secs] 
2021-01-22T01:11:39.523+0800: 55.891: [GC (Allocation Failure) 2021-01-22T01:11:39.523+0800: 55.891: [DefNew: 314559K->34943K(314560K), 0.0186672 secs] 772722K->573148K(1013632K), 0.0194625 secs] [Times: user=0.02 sys=0.00, real=0.02 secs] 
2021-01-22T01:11:39.581+0800: 55.948: [GC (Allocation Failure) 2021-01-22T01:11:39.581+0800: 55.949: [DefNew: 314559K->34942K(314560K), 0.0181736 secs] 852764K->652667K(1013632K), 0.0190937 secs] [Times: user=0.02 sys=0.00, real=0.02 secs] 
2021-01-22T01:11:39.636+0800: 56.004: [GC (Allocation Failure) 2021-01-22T01:11:39.636+0800: 56.004: [DefNew: 314558K->314558K(314560K), 0.0003957 secs]2021-01-22T01:11:39.637+0800: 56.005: [Tenured: 617724K->418781K(699072K), 0.0589731 secs] 932283K->418781K(1013632K), [Metaspace: 2817K->2817K(1056768K)], 0.0605541 secs] [Times: user=0.06 sys=0.00, real=0.06 secs] 
2021-01-22T01:11:39.733+0800: 56.101: [GC (Allocation Failure) 2021-01-22T01:11:39.734+0800: 56.101: [DefNew: 279616K->34943K(314560K), 0.0114855 secs] 698397K->502842K(1013632K), 0.0122435 secs] [Times: user=0.01 sys=0.00, real=0.01 secs] 
2021-01-22T01:11:39.782+0800: 56.150: [GC (Allocation Failure) 2021-01-22T01:11:39.782+0800: 56.150: [DefNew: 314559K->34942K(314560K), 0.0183251 secs] 782458K->576944K(1013632K), 0.0191255 secs] [Times: user=0.01 sys=0.00, real=0.02 secs] 
2021-01-22T01:11:39.843+0800: 56.211: [GC (Allocation Failure) 2021-01-22T01:11:39.844+0800: 56.212: [DefNew: 314558K->34943K(314560K), 0.0140498 secs] 856560K->646326K(1013632K), 0.0151273 secs] [Times: user=0.01 sys=0.00, real=0.02 secs] 
2021-01-22T01:11:39.894+0800: 56.262: [GC (Allocation Failure) 2021-01-22T01:11:39.895+0800: 56.263: [DefNew: 314559K->314559K(314560K), 0.0004179 secs]2021-01-22T01:11:39.896+0800: 56.263: [Tenured: 611382K->368137K(699072K), 0.0491697 secs] 925942K->368137K(1013632K), [Metaspace: 2817K->2817K(1056768K)], 0.0510098 secs] [Times: user=0.05 sys=0.00, real=0.05 secs] 
2021-01-22T01:11:39.979+0800: 56.347: [GC (Allocation Failure) 2021-01-22T01:11:39.980+0800: 56.348: [DefNew: 279616K->34943K(314560K), 0.0121610 secs] 647753K->460023K(1013632K), 0.0129934 secs] [Times: user=0.01 sys=0.00, real=0.01 secs] 
2021-01-22T01:11:40.029+0800: 56.396: [GC (Allocation Failure) 2021-01-22T01:11:40.029+0800: 56.397: [DefNew: 314559K->34943K(314560K), 0.0155482 secs] 739639K->542104K(1013632K), 0.0164578 secs] [Times: user=0.02 sys=0.00, real=0.01 secs] 
2021-01-22T01:11:40.085+0800: 56.453: [GC (Allocation Failure) 2021-01-22T01:11:40.085+0800: 56.453: [DefNew: 314559K->34942K(314560K), 0.0158920 secs] 821720K->625056K(1013632K), 0.0167467 secs] [Times: user=0.02 sys=0.00, real=0.02 secs] 
2021-01-22T01:11:40.134+0800: 56.502: [GC (Allocation Failure) 2021-01-22T01:11:40.134+0800: 56.502: [DefNew: 314558K->314558K(314560K), 0.0004327 secs]2021-01-22T01:11:40.135+0800: 56.503: [Tenured: 590113K->412481K(699072K), 0.0508911 secs] 904672K->412481K(1013632K), [Metaspace: 2817K->2817K(1056768K)], 0.0524312 secs] [Times: user=0.05 sys=0.00, real=0.05 secs] 
2021-01-22T01:11:40.224+0800: 56.592: [GC (Allocation Failure) 2021-01-22T01:11:40.225+0800: 56.592: [DefNew: 279616K->34944K(314560K), 0.0119588 secs] 692097K->495424K(1013632K), 0.0160057 secs] [Times: user=0.01 sys=0.00, real=0.02 secs] 
2021-01-22T01:11:40.275+0800: 56.642: [GC (Allocation Failure) 2021-01-22T01:11:40.275+0800: 56.643: [DefNew: 314560K->34944K(314560K), 0.0155361 secs] 775040K->570232K(1013632K), 0.0165211 secs] [Times: user=0.02 sys=0.00, real=0.02 secs] 
2021-01-22T01:11:40.325+0800: 56.692: [GC (Allocation Failure) 2021-01-22T01:11:40.325+0800: 56.693: [DefNew: 314539K->34943K(314560K), 0.0148421 secs] 849828K->654858K(1013632K), 0.0157600 secs] [Times: user=0.01 sys=0.00, real=0.02 secs] 
2021-01-22T01:11:40.374+0800: 56.742: [GC (Allocation Failure) 2021-01-22T01:11:40.375+0800: 56.742: [DefNew: 314559K->314559K(314560K), 0.0003346 secs]2021-01-22T01:11:40.375+0800: 56.743: [Tenured: 619914K->417769K(699072K), 0.0494624 secs] 934474K->417769K(1013632K), [Metaspace: 2817K->2817K(1056768K)], 0.0510650 secs] [Times: user=0.05 sys=0.00, real=0.05 secs] 
2021-01-22T01:11:40.459+0800: 56.827: [GC (Allocation Failure) 2021-01-22T01:11:40.459+0800: 56.827: [DefNew: 279616K->34944K(314560K), 0.0124193 secs] 697385K->509948K(1013632K), 0.0132766 secs] [Times: user=0.01 sys=0.00, real=0.01 secs] 
2021-01-22T01:11:40.508+0800: 56.876: [GC (Allocation Failure) 2021-01-22T01:11:40.508+0800: 56.876: [DefNew: 314560K->34943K(314560K), 0.0149355 secs] 789564K->588496K(1013632K), 0.0158688 secs] [Times: user=0.01 sys=0.00, real=0.02 secs] 
2021-01-22T01:11:40.555+0800: 56.923: [GC (Allocation Failure) 2021-01-22T01:11:40.555+0800: 56.923: [DefNew: 314559K->34944K(314560K), 0.0159207 secs] 868112K->676671K(1013632K), 0.0168037 secs] [Times: user=0.02 sys=0.00, real=0.02 secs] 
2021-01-22T01:11:40.604+0800: 56.972: [GC (Allocation Failure) 2021-01-22T01:11:40.605+0800: 56.972: [DefNew: 314560K->314560K(314560K), 0.0003513 secs]2021-01-22T01:11:40.605+0800: 56.973: [Tenured: 641727K->416628K(699072K), 0.0475669 secs] 956287K->416628K(1013632K), [Metaspace: 2817K->2817K(1056768K)], 0.0492044 secs] [Times: user=0.05 sys=0.00, real=0.05 secs] 
2021-01-22T01:11:40.685+0800: 57.053: [GC (Allocation Failure) 2021-01-22T01:11:40.685+0800: 57.053: [DefNew: 279616K->34944K(314560K), 0.0114948 secs] 696244K->505273K(1013632K), 0.0123931 secs] [Times: user=0.01 sys=0.00, real=0.01 secs] 
2021-01-22T01:11:40.733+0800: 57.101: [GC (Allocation Failure) 2021-01-22T01:11:40.733+0800: 57.101: [DefNew: 314377K->34944K(314560K), 0.0136964 secs] 784707K->583403K(1013632K), 0.0145722 secs] [Times: user=0.01 sys=0.00, real=0.01 secs] 
2021-01-22T01:11:40.782+0800: 57.150: [GC (Allocation Failure) 2021-01-22T01:11:40.783+0800: 57.150: [DefNew: 314560K->34944K(314560K), 0.0136222 secs] 863019K->664827K(1013632K), 0.0146295 secs] [Times: user=0.02 sys=0.00, real=0.01 secs] 
2021-01-22T01:11:40.829+0800: 57.197: [GC (Allocation Failure) 2021-01-22T01:11:40.830+0800: 57.197: [DefNew: 314560K->314560K(314560K), 0.0003729 secs]2021-01-22T01:11:40.830+0800: 57.198: [Tenured: 629883K->381678K(699072K), 0.0477062 secs] 944443K->381678K(1013632K), [Metaspace: 2817K->2817K(1056768K)], 0.0494814 secs] [Times: user=0.04 sys=0.01, real=0.05 secs] 
2021-01-22T01:11:40.913+0800: 57.281: [GC (Allocation Failure) 2021-01-22T01:11:40.913+0800: 57.281: [DefNew: 279616K->34943K(314560K), 0.0100473 secs] 661294K->467147K(1013632K), 0.0109125 secs] [Times: user=0.01 sys=0.00, real=0.01 secs] 
2021-01-22T01:11:40.957+0800: 57.325: [GC (Allocation Failure) 2021-01-22T01:11:40.958+0800: 57.325: [DefNew: 314559K->34943K(314560K), 0.0151728 secs] 746763K->543368K(1013632K), 0.0160830 secs] [Times: user=0.02 sys=0.00, real=0.02 secs] 
2021-01-22T01:11:41.013+0800: 57.381: [GC (Allocation Failure) 2021-01-22T01:11:41.013+0800: 57.381: [DefNew: 314559K->34943K(314560K), 0.0149338 secs] 822984K->628252K(1013632K), 0.0158304 secs] [Times: user=0.01 sys=0.00, real=0.02 secs] 
2021-01-22T01:11:41.061+0800: 57.429: [GC (Allocation Failure) 2021-01-22T01:11:41.062+0800: 57.430: [DefNew: 314509K->314509K(314560K), 0.0003703 secs]2021-01-22T01:11:41.063+0800: 57.430: [Tenured: 593308K->418302K(699072K), 0.0454142 secs] 907817K->418302K(1013632K), [Metaspace: 2817K->2817K(1056768K)], 0.0470079 secs] [Times: user=0.05 sys=0.00, real=0.05 secs] 
2021-01-22T01:11:41.143+0800: 57.511: [GC (Allocation Failure) 2021-01-22T01:11:41.143+0800: 57.511: [DefNew: 279616K->34943K(314560K), 0.0119359 secs] 697918K->507055K(1013632K), 0.0129278 secs] [Times: user=0.02 sys=0.00, real=0.01 secs] 
2021-01-22T01:11:41.191+0800: 57.558: [GC (Allocation Failure) 2021-01-22T01:11:41.191+0800: 57.559: [DefNew: 314559K->34944K(314560K), 0.0150211 secs] 786671K->587545K(1013632K), 0.0158981 secs] [Times: user=0.01 sys=0.00, real=0.01 secs] 
2021-01-22T01:11:41.238+0800: 57.606: [GC (Allocation Failure) 2021-01-22T01:11:41.239+0800: 57.606: [DefNew: 314560K->34943K(314560K), 0.0185627 secs] 867161K->676973K(1013632K), 0.0195063 secs] [Times: user=0.02 sys=0.00, real=0.01 secs] 
2021-01-22T01:11:41.296+0800: 57.663: [GC (Allocation Failure) 2021-01-22T01:11:41.296+0800: 57.664: [DefNew: 314397K->314397K(314560K), 0.0003585 secs]2021-01-22T01:11:41.297+0800: 57.665: [Tenured: 642029K->424966K(699072K), 0.0515642 secs] 956426K->424966K(1013632K), [Metaspace: 2817K->2817K(1056768K)], 0.0532063 secs] [Times: user=0.05 sys=0.00, real=0.06 secs] 
2021-01-22T01:11:41.382+0800: 57.749: [GC (Allocation Failure) 2021-01-22T01:11:41.382+0800: 57.750: [DefNew: 279616K->34943K(314560K), 0.0103238 secs] 704582K->509911K(1013632K), 0.0113348 secs] [Times: user=0.01 sys=0.00, real=0.01 secs] 
2021-01-22T01:11:41.426+0800: 57.794: [GC (Allocation Failure) 2021-01-22T01:11:41.426+0800: 57.794: [DefNew: 314559K->34943K(314560K), 0.0143300 secs] 789527K->586916K(1013632K), 0.0151625 secs] [Times: user=0.01 sys=0.00, real=0.02 secs] 
2021-01-22T01:11:41.477+0800: 57.845: [GC (Allocation Failure) 2021-01-22T01:11:41.477+0800: 57.845: [DefNew: 314559K->34943K(314560K), 0.0129224 secs] 866532K->659912K(1013632K), 0.0137113 secs] [Times: user=0.01 sys=0.00, real=0.02 secs] 
2021-01-22T01:11:41.523+0800: 57.891: [GC (Allocation Failure) 2021-01-22T01:11:41.524+0800: 57.891: [DefNew: 314559K->314559K(314560K), 0.0003829 secs]2021-01-22T01:11:41.524+0800: 57.892: [Tenured: 624969K->411486K(699072K), 0.0464588 secs] 939528K->411486K(1013632K), [Metaspace: 2817K->2817K(1056768K)], 0.0481358 secs] [Times: user=0.05 sys=0.00, real=0.05 secs] 
2021-01-22T01:11:41.606+0800: 57.974: [GC (Allocation Failure) 2021-01-22T01:11:41.607+0800: 57.974: [DefNew: 279616K->34943K(314560K), 0.0105638 secs] 691102K->493792K(1013632K), 0.0115619 secs] [Times: user=0.01 sys=0.00, real=0.01 secs] 
2021-01-22T01:11:41.654+0800: 58.021: [GC (Allocation Failure) 2021-01-22T01:11:41.654+0800: 58.022: [DefNew: 314559K->34943K(314560K), 0.0143493 secs] 773408K->568745K(1013632K), 0.0152559 secs] [Times: user=0.01 sys=0.00, real=0.02 secs] 
2021-01-22T01:11:41.702+0800: 58.069: [GC (Allocation Failure) 2021-01-22T01:11:41.702+0800: 58.070: [DefNew: 314559K->34943K(314560K), 0.0158348 secs] 848361K->651154K(1013632K), 0.0167467 secs] [Times: user=0.02 sys=0.00, real=0.02 secs] 
2021-01-22T01:11:41.754+0800: 58.122: [GC (Allocation Failure) 2021-01-22T01:11:41.755+0800: 58.122: [DefNew: 314559K->314559K(314560K), 0.0003871 secs]2021-01-22T01:11:41.755+0800: 58.123: [Tenured: 616210K->381913K(699072K), 0.0495612 secs] 930770K->381913K(1013632K), [Metaspace: 2817K->2817K(1056768K)], 0.0511984 secs] [Times: user=0.05 sys=0.00, real=0.05 secs] 
2021-01-22T01:11:41.842+0800: 58.210: [GC (Allocation Failure) 2021-01-22T01:11:41.843+0800: 58.210: [DefNew: 279616K->34943K(314560K), 0.0117376 secs] 661529K->466906K(1013632K), 0.0128008 secs] [Times: user=0.01 sys=0.00, real=0.01 secs] 
2021-01-22T01:11:41.888+0800: 58.256: [GC (Allocation Failure) 2021-01-22T01:11:41.889+0800: 58.257: [DefNew: 314559K->34943K(314560K), 0.0153421 secs] 746522K->553900K(1013632K), 0.0162585 secs] [Times: user=0.01 sys=0.00, real=0.01 secs] 
2021-01-22T01:11:41.940+0800: 58.308: [GC (Allocation Failure) 2021-01-22T01:11:41.940+0800: 58.308: [DefNew: 314559K->34942K(314560K), 0.0133960 secs] 833516K->626766K(1013632K), 0.0143858 secs] [Times: user=0.01 sys=0.00, real=0.01 secs] 
2021-01-22T01:11:41.989+0800: 58.357: [GC (Allocation Failure) 2021-01-22T01:11:41.990+0800: 58.358: [DefNew: 314558K->314558K(314560K), 0.0003832 secs]2021-01-22T01:11:41.990+0800: 58.358: [Tenured: 591824K->411732K(699072K), 0.0458807 secs] 906382K->411732K(1013632K), [Metaspace: 2817K->2817K(1056768K)], 0.0474929 secs] [Times: user=0.05 sys=0.00, real=0.04 secs] 
2021-01-22T01:11:42.071+0800: 58.439: [GC (Allocation Failure) 2021-01-22T01:11:42.072+0800: 58.439: [DefNew: 279616K->34942K(314560K), 0.0112396 secs] 691348K->500905K(1013632K), 0.0121102 secs] [Times: user=0.01 sys=0.00, real=0.01 secs] 
2021-01-22T01:11:42.117+0800: 58.484: [GC (Allocation Failure) 2021-01-22T01:11:42.117+0800: 58.485: [DefNew: 314558K->34944K(314560K), 0.0130594 secs] 780521K->576585K(1013632K), 0.0141074 secs] [Times: user=0.01 sys=0.00, real=0.02 secs] 
2021-01-22T01:11:42.165+0800: 58.533: [GC (Allocation Failure) 2021-01-22T01:11:42.165+0800: 58.533: [DefNew: 314560K->34943K(314560K), 0.0143058 secs] 856201K->654051K(1013632K), 0.0151667 secs] [Times: user=0.02 sys=0.00, real=0.02 secs] 
2021-01-22T01:11:42.213+0800: 58.581: [GC (Allocation Failure) 2021-01-22T01:11:42.214+0800: 58.581: [DefNew: 314393K->314393K(314560K), 0.0003836 secs]2021-01-22T01:11:42.214+0800: 58.582: [Tenured: 619107K->417264K(699072K), 0.0486551 secs] 933501K->417264K(1013632K), [Metaspace: 2817K->2817K(1056768K)], 0.0502362 secs] [Times: user=0.05 sys=0.00, real=0.05 secs] 
2021-01-22T01:11:42.299+0800: 58.667: [GC (Allocation Failure) 2021-01-22T01:11:42.299+0800: 58.667: [DefNew: 279616K->34943K(314560K), 0.0114490 secs] 696880K->510977K(1013632K), 0.0124537 secs] [Times: user=0.02 sys=0.00, real=0.01 secs] 
2021-01-22T01:11:42.344+0800: 58.712: [GC (Allocation Failure) 2021-01-22T01:11:42.345+0800: 58.713: [DefNew: 314559K->34943K(314560K), 0.0168967 secs] 790593K->595107K(1013632K), 0.0178081 secs] [Times: user=0.01 sys=0.00, real=0.02 secs] 
2021-01-22T01:11:42.397+0800: 58.765: [GC (Allocation Failure) 2021-01-22T01:11:42.397+0800: 58.765: [DefNew: 314559K->34943K(314560K), 0.0150907 secs] 874723K->669980K(1013632K), 0.0158534 secs] [Times: user=0.01 sys=0.00, real=0.02 secs] 
2021-01-22T01:11:42.450+0800: 58.818: [GC (Allocation Failure) 2021-01-22T01:11:42.451+0800: 58.819: [DefNew: 314222K->314222K(314560K), 0.0002971 secs]2021-01-22T01:11:42.451+0800: 58.819: [Tenured: 635036K->414854K(699072K), 0.0486358 secs] 949258K->414854K(1013632K), [Metaspace: 2817K->2817K(1056768K)], 0.0500586 secs] [Times: user=0.05 sys=0.00, real=0.05 secs] 
2021-01-22T01:11:42.535+0800: 58.902: [GC (Allocation Failure) 2021-01-22T01:11:42.535+0800: 58.903: [DefNew: 279616K->34941K(314560K), 0.0106794 secs] 694470K->496955K(1013632K), 0.0115248 secs] [Times: user=0.01 sys=0.00, real=0.01 secs] 
2021-01-22T01:11:42.581+0800: 58.948: [GC (Allocation Failure) 2021-01-22T01:11:42.581+0800: 58.949: [DefNew: 314557K->34943K(314560K), 0.0145162 secs] 776571K->576015K(1013632K), 0.0155228 secs] [Times: user=0.01 sys=0.00, real=0.01 secs] 
2021-01-22T01:11:42.630+0800: 58.998: [GC (Allocation Failure) 2021-01-22T01:11:42.631+0800: 58.999: [DefNew: 314559K->34943K(314560K), 0.0135527 secs] 855631K->653241K(1013632K), 0.0145488 secs] [Times: user=0.01 sys=0.00, real=0.01 secs] 
2021-01-22T01:11:42.678+0800: 59.046: [GC (Allocation Failure) 2021-01-22T01:11:42.678+0800: 59.046: [DefNew: 314559K->314559K(314560K), 0.0003913 secs]2021-01-22T01:11:42.679+0800: 59.047: [Tenured: 618298K->377665K(699072K), 0.0469372 secs] 932857K->377665K(1013632K), [Metaspace: 2817K->2817K(1056768K)], 0.0487126 secs] [Times: user=0.05 sys=0.00, real=0.05 secs] 
2021-01-22T01:11:42.760+0800: 59.127: [GC (Allocation Failure) 2021-01-22T01:11:42.760+0800: 59.128: [DefNew: 279257K->34943K(314560K), 0.0105515 secs] 656922K->458448K(1013632K), 0.0115084 secs] [Times: user=0.01 sys=0.00, real=0.01 secs] 
2021-01-22T01:11:42.807+0800: 59.175: [GC (Allocation Failure) 2021-01-22T01:11:42.808+0800: 59.175: [DefNew: 314559K->34944K(314560K), 0.0145846 secs] 738064K->540217K(1013632K), 0.0155164 secs] [Times: user=0.01 sys=0.00, real=0.02 secs] 
2021-01-22T01:11:42.856+0800: 59.224: [GC (Allocation Failure) 2021-01-22T01:11:42.857+0800: 59.225: [DefNew: 314560K->34943K(314560K), 0.0146233 secs] 819833K->614112K(1013632K), 0.0155520 secs] [Times: user=0.02 sys=0.00, real=0.02 secs] 
2021-01-22T01:11:42.909+0800: 59.277: [GC (Allocation Failure) 2021-01-22T01:11:42.910+0800: 59.277: [DefNew: 314559K->34943K(314560K), 0.0128859 secs] 893728K->689181K(1013632K), 0.0138434 secs] [Times: user=0.01 sys=0.00, real=0.01 secs] 
2021-01-22T01:11:42.956+0800: 59.324: [GC (Allocation Failure) 2021-01-22T01:11:42.957+0800: 59.325: [DefNew: 314559K->314559K(314560K), 0.0003634 secs]2021-01-22T01:11:42.958+0800: 59.325: [Tenured: 654237K->420100K(699072K), 0.0494772 secs] 968797K->420100K(1013632K), [Metaspace: 2817K->2817K(1056768K)], 0.0511387 secs] [Times: user=0.05 sys=0.00, real=0.05 secs] 
2021-01-22T01:11:43.040+0800: 59.408: [GC (Allocation Failure) 2021-01-22T01:11:43.041+0800: 59.408: [DefNew: 279616K->34943K(314560K), 0.0111197 secs] 699716K->504931K(1013632K), 0.0120734 secs] [Times: user=0.01 sys=0.00, real=0.01 secs] 
2021-01-22T01:11:43.087+0800: 59.454: [GC (Allocation Failure) 2021-01-22T01:11:43.087+0800: 59.455: [DefNew: 314559K->34943K(314560K), 0.0141890 secs] 784547K->577111K(1013632K), 0.0151494 secs] [Times: user=0.01 sys=0.00, real=0.02 secs] 
2021-01-22T01:11:43.136+0800: 59.504: [GC (Allocation Failure) 2021-01-22T01:11:43.136+0800: 59.504: [DefNew: 314559K->34943K(314560K), 0.0142737 secs] 856727K->649364K(1013632K), 0.0152181 secs] [Times: user=0.02 sys=0.00, real=0.02 secs] 
2021-01-22T01:11:43.184+0800: 59.552: [GC (Allocation Failure) 2021-01-22T01:11:43.185+0800: 59.552: [DefNew: 314559K->314559K(314560K), 0.0003473 secs]2021-01-22T01:11:43.185+0800: 59.553: [Tenured: 614420K->417210K(699072K), 0.0506165 secs] 928980K->417210K(1013632K), [Metaspace: 2817K->2817K(1056768K)], 0.0522344 secs] [Times: user=0.05 sys=0.00, real=0.05 secs] 
2021-01-22T01:11:43.273+0800: 59.641: [GC (Allocation Failure) 2021-01-22T01:11:43.274+0800: 59.642: [DefNew: 279616K->34941K(314560K), 0.0118368 secs] 696826K->502192K(1013632K), 0.0127996 secs] [Times: user=0.01 sys=0.00, real=0.01 secs] 
2021-01-22T01:11:43.319+0800: 59.687: [GC (Allocation Failure) 2021-01-22T01:11:43.320+0800: 59.688: [DefNew: 314557K->34944K(314560K), 0.0165493 secs] 781808K->595083K(1013632K), 0.0174481 secs] [Times: user=0.02 sys=0.00, real=0.01 secs] 
2021-01-22T01:11:43.371+0800: 59.739: [GC (Allocation Failure) 2021-01-22T01:11:43.371+0800: 59.739: [DefNew: 314560K->34943K(314560K), 0.0145465 secs] 874699K->669441K(1013632K), 0.0154506 secs] [Times: user=0.02 sys=0.00, real=0.01 secs] 
2021-01-22T01:11:43.419+0800: 59.787: [GC (Allocation Failure) 2021-01-22T01:11:43.420+0800: 59.788: [DefNew: 314559K->314559K(314560K), 0.0003449 secs]2021-01-22T01:11:43.420+0800: 59.788: [Tenured: 634497K->401340K(699072K), 0.0521630 secs] 949057K->401340K(1013632K), [Metaspace: 2817K->2817K(1056768K)], 0.0537997 secs] [Times: user=0.05 sys=0.00, real=0.05 secs] 
2021-01-22T01:11:43.511+0800: 59.879: [GC (Allocation Failure) 2021-01-22T01:11:43.512+0800: 59.880: [DefNew: 279562K->34943K(314560K), 0.0123639 secs] 680903K->487158K(1013632K), 0.0131534 secs] [Times: user=0.01 sys=0.00, real=0.01 secs] 
2021-01-22T01:11:43.561+0800: 59.929: [GC (Allocation Failure) 2021-01-22T01:11:43.561+0800: 59.929: [DefNew: 314559K->34943K(314560K), 0.0148297 secs] 766774K->569446K(1013632K), 0.0156465 secs] [Times: user=0.01 sys=0.00, real=0.01 secs] 
2021-01-22T01:11:43.612+0800: 59.980: [GC (Allocation Failure) 2021-01-22T01:11:43.612+0800: 59.980: [DefNew: 314559K->34944K(314560K), 0.0153603 secs] 849062K->649180K(1013632K), 0.0162441 secs] [Times: user=0.01 sys=0.00, real=0.02 secs] 
2021-01-22T01:11:43.665+0800: 60.033: [GC (Allocation Failure) 2021-01-22T01:11:43.666+0800: 60.034: [DefNew: 314560K->314560K(314560K), 0.0002618 secs]2021-01-22T01:11:43.666+0800: 60.034: [Tenured: 614236K->380714K(699072K), 0.0667291 secs] 928796K->380714K(1013632K), [Metaspace: 2817K->2817K(1056768K)], 0.0681663 secs] [Times: user=0.07 sys=0.00, real=0.07 secs] 
Heap
 def new generation   total 314560K, used 11169K [0x00000000c0000000, 0x00000000d5550000, 0x00000000d5550000)
  eden space 279616K,   3% used [0x00000000c0000000, 0x00000000c0ae87b0, 0x00000000d1110000)
  from space 34944K,   0% used [0x00000000d3330000, 0x00000000d3330000, 0x00000000d5550000)
  to   space 34944K,   0% used [0x00000000d1110000, 0x00000000d1110000, 0x00000000d3330000)
 tenured generation   total 699072K, used 380714K [0x00000000d5550000, 0x0000000100000000, 0x0000000100000000)
   the space 699072K,  54% used [0x00000000d5550000, 0x00000000ec91a810, 0x00000000ec91aa00, 0x0000000100000000)
 Metaspace       used 2823K, capacity 4490K, committed 4864K, reserved 1056768K
  class space    used 293K, capacity 386K, committed 512K, reserved 1048576K
